02-21 10:10:30.740  5342 12807 I dvm_lock_sample: [com.android.systemui,0,Thread-657,19,AmbientPlayRecognition.java,130,void com.android.systemui.ambientmusic.aoscp.AmbientPlayRecognition$RecorderThread$1.run(),-,65,void com.android.systemui.ambientmusic.aoscp.AmbientPlayRecognition$RecorderThread.run(),3]
02-21 10:10:30.760  5342 12807 D AmbientPlayRecognition: Preparing to send audio data: 132096 bytes
02-21 10:10:30.760  5342 12807 D AmbientPlayRecognition: Sending mic data, 132096 bytes...
02-21 10:10:33.702  5342 12810 D AmbientPlayRecognition: Not sending, data already sending
02-21 10:10:36.715  5342 12812 D AmbientPlayRecognition: Not sending, data already sending
02-21 10:10:39.721  5342 12819 D AmbientPlayRecognition: Not sending, data already sending
02-21 10:10:41.424  5342 12807 D AmbientPlayRecognition: No match (Maybe we could not hear the track?)
02-21 10:10:42.810  5342 12820 I dvm_lock_sample: [com.android.systemui,0,Thread-661,20,AmbientPlayRecognition.java,130,void com.android.systemui.ambientmusic.aoscp.AmbientPlayRecognition$RecorderThread$1.run(),-,65,void com.android.systemui.ambientmusic.aoscp.AmbientPlayRecognition$RecorderThread.run(),4]
02-21 10:10:43.243  5342 12820 D AmbientPlayRecognition: Preparing to send audio data: 407040 bytes
02-21 10:10:43.243  5342 12820 D AmbientPlayRecognition: Sending mic data, 407040 bytes...
02-21 10:10:43.675  5342  5342 D AmbientPlayRecognition: Interrupting recorder thread
02-21 10:10:43.675  5342  5342 D AmbientPlayRecognition: Stopping recorder
02-21 10:10:43.676  5342 12796 D AmbientPlayRecognition: Broke out of recording loop, mResultGiven=false
02-21 10:10:43.684  5342 12822 D AmbientPlayRecognition: Not sending, data already sending
02-21 10:10:51.825  5342 12820 D AmbientPlayRecognition: No match (Maybe we could not hear the track?)
02-21 10:10:51.825  5342 12820 D AmbientPlayRecognition: Reporting onNoMatch
02-21 10:11:01.864  5342 12838 D AmbientPlayRecognition: Started reading recorder...
02-21 10:11:05.103  5342 12840 I dvm_lock_sample: [com.android.systemui,0,Thread-664,40,AmbientPlayRecognition.java,130,void com.android.systemui.ambientmusic.aoscp.AmbientPlayRecognition$RecorderThread$1.run(),-,65,void com.android.systemui.ambientmusic.aoscp.AmbientPlayRecognition$RecorderThread.run(),8]
02-21 10:11:05.323  5342 12840 I dvm_lock_sample: [com.android.systemui,0,Thread-664,20,AmbientPlayRecognition.java,130,void com.android.systemui.ambientmusic.aoscp.AmbientPlayRecognition$RecorderThread$1.run(),-,65,void com.android.systemui.ambientmusic.aoscp.AmbientPlayRecognition$RecorderThread.run(),4]
02-21 10:11:05.593  5342 12840 D AmbientPlayRecognition: Preparing to send audio data: 79360 bytes
02-21 10:11:05.593  5342 12840 D AmbientPlayRecognition: Sending mic data, 79360 bytes...
02-21 10:11:07.889  5342 12850 D AmbientPlayRecognition: Not sending, data already sending
02-21 10:11:08.249  5342 12840 D AmbientPlayRecognition: No match (Maybe we could not hear the track?)
02-21 10:11:10.958  5342 12852 D AmbientPlayRecognition: Preparing to send audio data: 197632 bytes
02-21 10:11:10.958  5342 12852 D AmbientPlayRecognition: Sending mic data, 197632 bytes...
02-21 10:11:13.924  5342 12869 D AmbientPlayRecognition: Not sending, data already sending
02-21 10:11:16.928  5342 12876 D AmbientPlayRecognition: Not sending, data already sending
02-21 10:11:18.888  5342 12852 D AmbientPlayRecognition: No match (Maybe we could not hear the track?)
02-21 10:11:20.239  5342 12880 D AmbientPlayRecognition: Preparing to send audio data: 402432 bytes
02-21 10:11:20.239  5342 12880 D AmbientPlayRecognition: Sending mic data, 402432 bytes...
02-21 10:11:20.865  5342  5342 D AmbientPlayRecognition: Interrupting recorder thread
02-21 10:11:20.865  5342  5342 D AmbientPlayRecognition: Stopping recorder
02-21 10:11:20.866  5342 12838 D AmbientPlayRecognition: Broke out of recording loop, mResultGiven=false
02-21 10:11:20.868  5342 12882 D AmbientPlayRecognition: Not sending, data already sending
02-21 10:11:28.407  5342 12880 D AmbientPlayRecognition: No match (Maybe we could not hear the track?)
02-21 10:11:28.407  5342 12880 D AmbientPlayRecognition: Reporting onNoMatch
02-21 10:11:38.435  5342 12891 D AmbientPlayRecognition: Started reading recorder...
02-21 10:11:41.461  5342 12893 D AmbientPlayRecognition: Preparing to send audio data: 64000 bytes
02-21 10:11:41.462  5342 12893 D AmbientPlayRecognition: Sending mic data, 64000 bytes...
02-21 10:11:44.480  5342 12901 D AmbientPlayRecognition: Not sending, data already sending
02-21 10:11:44.903  5342 12893 D AmbientPlayRecognition: No match (Maybe we could not hear the track?)
02-21 10:11:48.059  5342 12903 D AmbientPlayRecognition: Preparing to send audio data: 209408 bytes
02-21 10:11:48.059  5342 12903 D AmbientPlayRecognition: Sending mic data, 209408 bytes...
02-21 10:11:50.533  5342 12906 D AmbientPlayRecognition: Not sending, data already sending
02-21 10:11:53.539  5342 12908 D AmbientPlayRecognition: Not sending, data already sending
02-21 10:11:56.549  5342 12911 D AmbientPlayRecognition: Not sending, data already sending
02-21 10:11:57.441  5342  5342 D AmbientPlayRecognition: Interrupting recorder thread
02-21 10:11:57.441  5342  5342 D AmbientPlayRecognition: Stopping recorder
02-21 10:11:57.442  5342 12891 D AmbientPlayRecognition: Broke out of recording loop, mResultGiven=false
02-21 10:11:57.444  5342 12912 D AmbientPlayRecognition: Not sending, data already sending
02-21 10:11:59.300  5342 12903 D AmbientPlayRecognition: No match (Maybe we could not hear the track?)
02-21 10:11:59.300  5342 12903 D AmbientPlayRecognition: Reporting onNoMatch
02-21 10:12:09.336  5342 12920 D AmbientPlayRecognition: Started reading recorder...
02-21 10:12:12.736  5342 12922 D AmbientPlayRecognition: Preparing to send audio data: 72192 bytes
02-21 10:12:12.736  5342 12922 D AmbientPlayRecognition: Sending mic data, 72192 bytes...
02-21 10:12:15.361  5342 12931 D AmbientPlayRecognition: Not sending, data already sending
02-21 10:12:18.381  5342 12933 D AmbientPlayRecognition: Not sending, data already sending
02-21 10:12:20.653  5342 12922 D AmbientPlayRecognition: No match (Maybe we could not hear the track?)
02-21 10:12:21.637  5342 12934 D AmbientPlayRecognition: Preparing to send audio data: 268800 bytes
02-21 10:12:21.637  5342 12934 D AmbientPlayRecognition: Sending mic data, 268800 bytes...
02-21 10:12:24.400  5342 12936 D AmbientPlayRecognition: Not sending, data already sending
02-21 10:12:27.411  5342 12937 D AmbientPlayRecognition: Not sending, data already sending
02-21 10:12:28.356  5342  5342 D AmbientPlayRecognition: Interrupting recorder thread
02-21 10:12:28.356  5342  5342 D AmbientPlayRecognition: Stopping recorder
02-21 10:12:28.359  5342 12920 D AmbientPlayRecognition: Broke out of recording loop, mResultGiven=false
02-21 10:12:28.363  5342 12939 D AmbientPlayRecognition: Not sending, data already sending
02-21 10:12:31.214  5342 12934 D AmbientPlayRecognition: No match (Maybe we could not hear the track?)
02-21 10:12:31.214  5342 12934 D AmbientPlayRecognition: Reporting onNoMatch
02-21 10:12:41.256  5342 12945 D AmbientPlayRecognition: Started reading recorder...
02-21 10:12:44.517  5342 12948 D AmbientPlayRecognition: Preparing to send audio data: 69120 bytes
02-21 10:12:44.518  5342 12948 D AmbientPlayRecognition: Sending mic data, 69120 bytes...
02-21 10:12:47.037  5342 12948 D AmbientPlayRecognition: No match (Maybe we could not hear the track?)
02-21 10:12:47.672  5342 12954 D AmbientPlayRecognition: Preparing to send audio data: 138752 bytes
02-21 10:12:47.672  5342 12954 D AmbientPlayRecognition: Sending mic data, 138752 bytes...
02-21 10:12:50.265  5342 12959 D AmbientPlayRecognition: Not sending, data already sending
02-21 10:12:53.278  5342 12960 D AmbientPlayRecognition: Not sending, data already sending
02-21 10:12:54.080  5342 12954 D AmbientPlayRecognition: No match (Maybe we could not hear the track?)
02-21 10:12:56.593  5342 12961 D AmbientPlayRecognition: Preparing to send audio data: 335360 bytes
02-21 10:12:56.593  5342 12961 D AmbientPlayRecognition: Sending mic data, 335360 bytes...
02-21 10:12:59.293  5342 12965 D AmbientPlayRecognition: Not sending, data already sending
02-21 10:13:00.258  5342  5342 D AmbientPlayRecognition: Interrupting recorder thread
02-21 10:13:00.258  5342  5342 D AmbientPlayRecognition: Stopping recorder
02-21 10:13:00.259  5342 12945 D AmbientPlayRecognition: Broke out of recording loop, mResultGiven=false
02-21 10:13:00.260  5342 12966 D AmbientPlayRecognition: Not sending, data already sending
02-21 10:13:04.480  5342 12961 D AmbientPlayRecognition: No match (Maybe we could not hear the track?)
02-21 10:13:04.480  5342 12961 D AmbientPlayRecognition: Reporting onNoMatch
02-21 10:13:14.508  5342 12974 D AmbientPlayRecognition: Started reading recorder...
02-21 10:13:18.198  5342 12977 D AmbientPlayRecognition: Preparing to send audio data: 78848 bytes
02-21 10:13:18.198  5342 12977 D AmbientPlayRecognition: Sending mic data, 78848 bytes...
02-21 10:13:20.503  5342 12977 D AmbientPlayRecognition: No match (Maybe we could not hear the track?)
02-21 10:13:20.861  5342 12986 D AmbientPlayRecognition: Preparing to send audio data: 137216 bytes
02-21 10:13:20.861  5342 12986 D AmbientPlayRecognition: Sending mic data, 137216 bytes...
02-21 10:13:23.555  5342 12990 D AmbientPlayRecognition: Not sending, data already sending
02-21 10:13:26.568  5342 12992 D AmbientPlayRecognition: Not sending, data already sending
02-21 10:13:29.573  5342 12994 D AmbientPlayRecognition: Not sending, data already sending
02-21 10:13:32.104  5342 12986 D AmbientPlayRecognition: No match (Maybe we could not hear the track?)
02-21 10:13:33.073  5342 12996 I dvm_lock_sample: [com.android.systemui,0,Thread-701,30,AmbientPlayRecognition.java,130,void com.android.systemui.ambientmusic.aoscp.AmbientPlayRecognition$RecorderThread$1.run(),-,65,void com.android.systemui.ambientmusic.aoscp.AmbientPlayRecognition$RecorderThread.run(),6]
02-21 10:13:33.510  5342  5342 D AmbientPlayRecognition: Interrupting recorder thread
02-21 10:13:33.511  5342  5342 D AmbientPlayRecognition: Stopping recorder
02-21 10:13:33.514  5342 12974 D AmbientPlayRecognition: Broke out of recording loop, mResultGiven=false
02-21 10:13:33.517  5342 12997 D AmbientPlayRecognition: Not sending, data already sending
02-21 10:13:33.521  5342 12996 D AmbientPlayRecognition: Preparing to send audio data: 416192 bytes
02-21 10:13:33.521  5342 12996 D AmbientPlayRecognition: Sending mic data, 416192 bytes...
02-21 10:13:42.984  5342 12996 D AmbientPlayRecognition: No match (Maybe we could not hear the track?)
02-21 10:13:42.984  5342 12996 D AmbientPlayRecognition: Reporting onNoMatch
02-21 10:13:53.014  5342 13014 D AmbientPlayRecognition: Started reading recorder...
02-21 10:13:56.356  5342 13016 D AmbientPlayRecognition: Preparing to send audio data: 71168 bytes
02-21 10:13:56.357  5342 13016 D AmbientPlayRecognition: Sending mic data, 71168 bytes...
02-21 10:13:59.022  5342 13026 D AmbientPlayRecognition: Not sending, data already sending
02-21 10:13:59.210  5342 13016 D AmbientPlayRecognition: No match (Maybe we could not hear the track?)
02-21 10:14:02.432  5342 13030 D AmbientPlayRecognition: Preparing to send audio data: 204800 bytes
02-21 10:14:02.434  5342 13030 D AmbientPlayRecognition: Sending mic data, 204800 bytes...
02-21 10:14:05.036  5342 13032 D AmbientPlayRecognition: Not sending, data already sending
02-21 10:14:08.042  5342 13035 D AmbientPlayRecognition: Not sending, data already sending
02-21 10:14:10.011  5342 13030 D AmbientPlayRecognition: No match (Maybe we could not hear the track?)
02-21 10:14:11.313  5342 13037 D AmbientPlayRecognition: Preparing to send audio data: 400896 bytes
02-21 10:14:11.314  5342 13037 D AmbientPlayRecognition: Sending mic data, 400896 bytes...
02-21 10:14:12.025  5342  5342 D AmbientPlayRecognition: Interrupting recorder thread
02-21 10:14:12.025  5342  5342 D AmbientPlayRecognition: Stopping recorder
02-21 10:14:12.026  5342 13014 D AmbientPlayRecognition: Broke out of recording loop, mResultGiven=false
02-21 10:14:12.029  5342 13039 D AmbientPlayRecognition: Not sending, data already sending
02-21 10:14:21.051  5342 13037 D AmbientPlayRecognition: No match (Maybe we could not hear the track?)
02-21 10:14:21.051  5342 13037 D AmbientPlayRecognition: Reporting onNoMatch
02-21 10:14:31.081  5342 13065 D AmbientPlayRecognition: Started reading recorder...
02-21 10:14:34.282  5342 13078 D AmbientPlayRecognition: Preparing to send audio data: 68096 bytes
02-21 10:14:34.283  5342 13078 D AmbientPlayRecognition: Sending mic data, 68096 bytes...
02-21 10:14:37.087  5342 13121 D AmbientPlayRecognition: Not sending, data already sending
02-21 10:14:40.088  5342 13163 D AmbientPlayRecognition: Not sending, data already sending
02-21 10:14:43.104  5342 13171 D AmbientPlayRecognition: Not sending, data already sending
02-21 10:14:44.009  5342 13078 D AmbientPlayRecognition: No match (Maybe we could not hear the track?)
02-21 10:14:46.518  5342 13173 I dvm_lock_sample: [com.android.systemui,0,Thread-717,41,AmbientPlayRecognition.java,130,void com.android.systemui.ambientmusic.aoscp.AmbientPlayRecognition$RecorderThread$1.run(),-,65,void com.android.systemui.ambientmusic.aoscp.AmbientPlayRecognition$RecorderThread.run(),8]
02-21 10:14:46.836  5342 13173 D AmbientPlayRecognition: Preparing to send audio data: 344576 bytes
02-21 10:14:46.836  5342 13173 D AmbientPlayRecognition: Sending mic data, 344576 bytes...
02-21 10:14:49.120  5342 13177 D AmbientPlayRecognition: Not sending, data already sending
02-21 10:14:50.079  5342  5342 D AmbientPlayRecognition: Interrupting recorder thread
02-21 10:14:50.079  5342  5342 D AmbientPlayRecognition: Stopping recorder
02-21 10:14:50.080  5342 13065 D AmbientPlayRecognition: Broke out of recording loop, mResultGiven=false
02-21 10:14:50.082  5342 13179 D AmbientPlayRecognition: Not sending, data already sending
02-21 10:14:54.819  5342 13173 D AmbientPlayRecognition: No match (Maybe we could not hear the track?)
02-21 10:14:54.819  5342 13173 D AmbientPlayRecognition: Reporting onNoMatch
02-21 10:15:04.843  5342 13229 D AmbientPlayRecognition: Started reading recorder...
02-21 10:15:08.451  5342 13235 D AmbientPlayRecognition: Preparing to send audio data: 76800 bytes
02-21 10:15:08.452  5342 13235 D AmbientPlayRecognition: Sending mic data, 76800 bytes...
02-21 10:15:10.408  5342 13235 D AmbientPlayRecognition: No match (Maybe we could not hear the track?)
02-21 10:15:11.046  5342 13238 I dvm_lock_sample: [com.android.systemui,0,Thread-722,20,AmbientPlayRecognition.java,130,void com.android.systemui.ambientmusic.aoscp.AmbientPlayRecognition$RecorderThread$1.run(),-,65,void com.android.systemui.ambientmusic.aoscp.AmbientPlayRecognition$RecorderThread.run(),4]
02-21 10:15:11.116  5342 13238 I dvm_lock_sample: [com.android.systemui,0,Thread-722,31,AmbientPlayRecognition.java,130,void com.android.systemui.ambientmusic.aoscp.AmbientPlayRecognition$RecorderThread$1.run(),-,65,void com.android.systemui.ambientmusic.aoscp.AmbientPlayRecognition$RecorderThread.run(),6]
02-21 10:15:11.701  5342 13238 I dvm_lock_sample: [com.android.systemui,0,Thread-722,21,AmbientPlayRecognition.java,130,void com.android.systemui.ambientmusic.aoscp.AmbientPlayRecognition$RecorderThread$1.run(),-,65,void com.android.systemui.ambientmusic.aoscp.AmbientPlayRecognition$RecorderThread.run(),4]
02-21 10:15:11.721  5342 13238 I dvm_lock_sample: [com.android.systemui,0,Thread-722,19,AmbientPlayRecognition.java,130,void com.android.systemui.ambientmusic.aoscp.AmbientPlayRecognition$RecorderThread$1.run(),-,65,void com.android.systemui.ambientmusic.aoscp.AmbientPlayRecognition$RecorderThread.run(),3]
02-21 10:15:12.021  5342 13238 D AmbientPlayRecognition: Preparing to send audio data: 155648 bytes
02-21 10:15:12.022  5342 13238 D AmbientPlayRecognition: Sending mic data, 155648 bytes...
02-21 10:15:13.868  5342 13241 D AmbientPlayRecognition: Not sending, data already sending
02-21 10:15:16.882  5342 13243 D AmbientPlayRecognition: Not sending, data already sending
02-21 10:15:19.887  5342 13246 D AmbientPlayRecognition: Not sending, data already sending
02-21 10:15:20.971  5342 13238 D AmbientPlayRecognition: No match (Maybe we could not hear the track?)
02-21 10:15:23.137  5342 13248 I dvm_lock_sample: [com.android.systemui,0,Thread-726,15,AmbientPlayRecognition.java,130,void com.android.systemui.ambientmusic.aoscp.AmbientPlayRecognition$RecorderThread$1.run(),-,65,void com.android.systemui.ambientmusic.aoscp.AmbientPlayRecognition$RecorderThread.run(),3]
02-21 10:15:23.296  5342 13248 I dvm_lock_sample: [com.android.systemui,0,Thread-726,20,AmbientPlayRecognition.java,130,void com.android.systemui.ambientmusic.aoscp.AmbientPlayRecognition$RecorderThread$1.run(),-,65,void com.android.systemui.ambientmusic.aoscp.AmbientPlayRecognition$RecorderThread.run(),4]
02-21 10:15:23.406  5342 13248 I dvm_lock_sample: [com.android.systemui,0,Thread-726,29,AmbientPlayRecognition.java,130,void com.android.systemui.ambientmusic.aoscp.AmbientPlayRecognition$RecorderThread$1.run(),-,65,void com.android.systemui.ambientmusic.aoscp.AmbientPlayRecognition$RecorderThread.run(),5]
02-21 10:15:23.486  5342 13248 I dvm_lock_sample: [com.android.systemui,0,Thread-726,19,AmbientPlayRecognition.java,130,void com.android.systemui.ambientmusic.aoscp.AmbientPlayRecognition$RecorderThread$1.run(),-,65,void com.android.systemui.ambientmusic.aoscp.AmbientPlayRecognition$RecorderThread.run(),3]
02-21 10:15:23.745  5342 13248 I dvm_lock_sample: [com.android.systemui,0,Thread-726,20,AmbientPlayRecognition.java,130,void com.android.systemui.ambientmusic.aoscp.AmbientPlayRecognition$RecorderThread$1.run(),-,65,void com.android.systemui.ambientmusic.aoscp.AmbientPlayRecognition$RecorderThread.run(),4]
02-21 10:15:23.767  5342 13248 D AmbientPlayRecognition: Preparing to send audio data: 414720 bytes
02-21 10:15:23.768  5342 13248 D AmbientPlayRecognition: Sending mic data, 414720 bytes...
02-21 10:15:23.844  5342  5342 D AmbientPlayRecognition: Interrupting recorder thread
02-21 10:15:23.845  5342  5342 D AmbientPlayRecognition: Stopping recorder
02-21 10:15:23.847  5342 13229 D AmbientPlayRecognition: Broke out of recording loop, mResultGiven=false
02-21 10:15:23.849  5342 13251 D AmbientPlayRecognition: Not sending, data already sending
02-21 10:15:30.334  5342 13248 D AmbientPlayRecognition: No match (Maybe we could not hear the track?)
02-21 10:15:30.334  5342 13248 D AmbientPlayRecognition: Reporting onNoMatch
02-21 10:15:40.366  5342 13265 D AmbientPlayRecognition: Started reading recorder...
02-21 10:15:43.464  5342 13267 I dvm_lock_sample: [com.android.systemui,0,Thread-729,20,AmbientPlayRecognition.java,130,void com.android.systemui.ambientmusic.aoscp.AmbientPlayRecognition$RecorderThread$1.run(),-,65,void com.android.systemui.ambientmusic.aoscp.AmbientPlayRecognition$RecorderThread.run(),4]
02-21 10:15:44.098  5342 13267 D AmbientPlayRecognition: Preparing to send audio data: 79360 bytes
02-21 10:15:44.100  5342 13267 D AmbientPlayRecognition: Sending mic data, 79360 bytes...
02-21 10:15:45.961  5342 13267 D AmbientPlayRecognition: No match (Maybe we could not hear the track?)
02-21 10:15:46.821  5342 13274 D AmbientPlayRecognition: Preparing to send audio data: 139776 bytes
02-21 10:15:46.821  5342 13274 D AmbientPlayRecognition: Sending mic data, 139776 bytes...
02-21 10:15:49.392  5342 13277 D AmbientPlayRecognition: Not sending, data already sending
02-21 10:15:52.406  5342 13278 D AmbientPlayRecognition: Not sending, data already sending
02-21 10:15:53.644  5342 13274 D AmbientPlayRecognition: No match (Maybe we could not hear the track?)
02-21 10:15:55.997  5342 13280 I dvm_lock_sample: [com.android.systemui,0,Thread-733,21,AmbientPlayRecognition.java,130,void com.android.systemui.ambientmusic.aoscp.AmbientPlayRecognition$RecorderThread$1.run(),-,65,void com.android.systemui.ambientmusic.aoscp.AmbientPlayRecognition$RecorderThread.run(),4]
02-21 10:15:56.146  5342 13280 I dvm_lock_sample: [com.android.systemui,0,Thread-733,30,AmbientPlayRecognition.java,130,void com.android.systemui.ambientmusic.aoscp.AmbientPlayRecognition$RecorderThread$1.run(),-,65,void com.android.systemui.ambientmusic.aoscp.AmbientPlayRecognition$RecorderThread.run(),6]
02-21 10:15:56.528  5342 13280 D AmbientPlayRecognition: Preparing to send audio data: 353792 bytes
02-21 10:15:56.528  5342 13280 D AmbientPlayRecognition: Sending mic data, 353792 bytes...
02-21 10:15:58.420  5342 13287 D AmbientPlayRecognition: Not sending, data already sending
02-21 10:15:59.367  5342  5342 D AmbientPlayRecognition: Interrupting recorder thread
02-21 10:15:59.367  5342  5342 D AmbientPlayRecognition: Stopping recorder
02-21 10:15:59.367  5342 13265 D AmbientPlayRecognition: Broke out of recording loop, mResultGiven=false
02-21 10:15:59.371  5342 13289 D AmbientPlayRecognition: Not sending, data already sending
02-21 10:16:07.980  5342 13280 E AmbientPlayRecognition: Error while sending audio data
02-21 10:16:07.980  5342 13280 E AmbientPlayRecognition: java.net.SocketTimeoutException: timeout
02-21 10:16:07.980  5342 13280 E AmbientPlayRecognition: 	at com.android.okhttp.okio.Okio$3.newTimeoutException(Okio.java:212)
02-21 10:16:07.980  5342 13280 E AmbientPlayRecognition: 	at com.android.okhttp.okio.AsyncTimeout.exit(AsyncTimeout.java:261)
02-21 10:16:07.980  5342 13280 E AmbientPlayRecognition: 	at com.android.okhttp.okio.AsyncTimeout$2.read(AsyncTimeout.java:215)
02-21 10:16:07.980  5342 13280 E AmbientPlayRecognition: 	at com.android.okhttp.okio.RealBufferedSource.indexOf(RealBufferedSource.java:306)
02-21 10:16:07.980  5342 13280 E AmbientPlayRecognition: 	at com.android.okhttp.okio.RealBufferedSource.indexOf(RealBufferedSource.java:300)
02-21 10:16:07.980  5342 13280 E AmbientPlayRecognition: 	at com.android.okhttp.okio.RealBufferedSource.readUtf8LineStrict(RealBufferedSource.java:196)
02-21 10:16:07.980  5342 13280 E AmbientPlayRecognition: 	at com.android.okhttp.internal.http.Http1xStream.readResponse(Http1xStream.java:186)
02-21 10:16:07.980  5342 13280 E AmbientPlayRecognition: 	at com.android.okhttp.internal.http.Http1xStream.readResponseHeaders(Http1xStream.java:127)
02-21 10:16:07.980  5342 13280 E AmbientPlayRecognition: 	at com.android.okhttp.internal.http.HttpEngine.readNetworkResponse(HttpEngine.java:737)
02-21 10:16:07.980  5342 13280 E AmbientPlayRecognition: 	at com.android.okhttp.internal.http.HttpEngine.readResponse(HttpEngine.java:609)
02-21 10:16:07.980  5342 13280 E AmbientPlayRecognition: 	at com.android.okhttp.internal.huc.HttpURLConnectionImpl.execute(HttpURLConnectionImpl.java:471)
02-21 10:16:07.980  5342 13280 E AmbientPlayRecognition: 	at com.android.okhttp.internal.huc.HttpURLConnectionImpl.getResponse(HttpURLConnectionImpl.java:407)
02-21 10:16:07.980  5342 13280 E AmbientPlayRecognition: 	at com.android.okhttp.internal.huc.HttpURLConnectionImpl.getInputStream(HttpURLConnectionImpl.java:244)
02-21 10:16:07.980  5342 13280 E AmbientPlayRecognition: 	at com.android.systemui.ambientmusic.aoscp.AmbientPlayRecognition$RecorderThread.sendAudioData(AmbientPlayRecognition.java:165)
02-21 10:16:07.980  5342 13280 E AmbientPlayRecognition: 	at com.android.systemui.ambientmusic.aoscp.AmbientPlayRecognition$RecorderThread.-wrap0(Unknown Source:0)
02-21 10:16:07.980  5342 13280 E AmbientPlayRecognition: 	at com.android.systemui.ambientmusic.aoscp.AmbientPlayRecognition$RecorderThread$1.run(AmbientPlayRecognition.java:137)
02-21 10:16:07.980  5342 13280 E AmbientPlayRecognition: Caused by: java.net.SocketException: Socket closed
02-21 10:16:07.980  5342 13280 E AmbientPlayRecognition: 	at java.net.SocketInputStream.read(SocketInputStream.java:203)
02-21 10:16:07.980  5342 13280 E AmbientPlayRecognition: 	at java.net.SocketInputStream.read(SocketInputStream.java:139)
02-21 10:16:07.980  5342 13280 E AmbientPlayRecognition: 	at com.android.okhttp.okio.Okio$2.read(Okio.java:136)
02-21 10:16:07.980  5342 13280 E AmbientPlayRecognition: 	at com.android.okhttp.okio.AsyncTimeout$2.read(AsyncTimeout.java:211)
02-21 10:16:07.980  5342 13280 E AmbientPlayRecognition: 	... 13 more
02-21 10:16:07.981  5342 13280 W AmbientPlayRecognition: Regular expression didn't match!
02-21 10:16:07.981  5342 13280 D AmbientPlayRecognition: Reporting onNoMatch
02-21 10:16:07.981  5342 13280 D AmbientPlayRecognition: Reporting result
02-21 10:16:17.998  5342 13308 D AmbientPlayRecognition: Started reading recorder...
