07-30 07:52:09.386     0     0 E [    7.506460 / 07-30 18:52:09.379][4] init: Could not find 'android.hardware.audio.effect@4.0::IEffectsFactory/default' for ctl.interface_start
--------- switch to main
07-30 07:52:09.289   753   817 E QC-time-services: Daemon:genoff_modem_qmi_service_request: qmi_client_get_service_list returned -2num_services 0
--------- switch to events
07-30 07:52:09.289   363   363 I snet_event_log: [121035042,-1,]
--------- switch to main
07-30 07:52:09.294   506   506 I audioserver: ServiceManager: 0x7e6479ddc0
--------- switch to events
07-30 07:52:09.294   364   364 I snet_event_log: [121035042,-1,]
--------- switch to main
07-30 07:52:09.296   590   590 I ServiceManagement: Registered android.system.wifi.keystore@1.0::IKeystore/default (start delay of 809ms)
07-30 07:52:09.298   506   506 W BatteryNotifier: batterystats service unavailable!
07-30 07:52:09.300   364   364 I hwservicemanager: getTransport: Cannot find entry android.hardware.audio@5.0::IDevicesFactory/default in either framework or device manifest.
07-30 07:52:09.311   364   364 I hwservicemanager: getTransport: Cannot find entry android.hardware.audio@4.0::IDevicesFactory/default in either framework or device manifest.
07-30 07:52:09.355   364   364 I hwservicemanager: getTransport: Cannot find entry android.hardware.audio.effect@5.0::IEffectsFactory/default in either framework or device manifest.
07-30 07:52:09.367   364   364 I hwservicemanager: getTransport: Cannot find entry android.hardware.audio.effect@4.0::IEffectsFactory/default in either framework or device manifest.
07-30 07:52:09.397   506   506 I AudioFlinger: Using 300 mSec as standby time.
--------- switch to events
07-30 07:52:09.390   364   364 I chatty  : uid=1000(system) hwservicemanage identical 15 lines
07-30 07:52:09.392   364   364 I snet_event_log: [121035042,-1,]
07-30 07:52:09.400   363   363 I snet_event_log: [121035042,-1,]
--------- switch to main
07-30 07:52:09.404   702   702 I media.codec: mediacodecservice starting
07-30 07:52:09.407   506   506 E APM::Serializer: deserialize: Could not parse /odm/etc/audio_policy_configuration.xml document.
07-30 07:52:09.408   506   506 E APM::Serializer: deserialize: Could not parse /vendor/etc/audio/audio_policy_configuration.xml document.
07-30 07:52:09.423   702   702 W media.codec: libminijail[702]: failed to get path of fd 5: No such file or directory
07-30 07:52:09.423   702   702 W media.codec: libminijail[702]: allowing syscall: clock_gettime
07-30 07:52:09.423   702   702 W media.codec: libminijail[702]: allowing syscall: connect
07-30 07:52:09.423   702   702 W media.codec: libminijail[702]: allowing syscall: fcntl64
07-30 07:52:09.423   702   702 W media.codec: libminijail[702]: allowing syscall: socket
07-30 07:52:09.423   702   702 W media.codec: libminijail[702]: allowing syscall: writev
07-30 07:52:09.434   702   702 W media.codec: libminijail[702]: logging seccomp filter failures
07-30 07:52:09.463   506   506 E APM::AudioPolicyEngine/Config: parse: Could not parse document /vendor/etc/audio_policy_engine_configuration.xml
07-30 07:52:09.464   506   506 W APM::AudioPolicyEngine/Base: loadAudioPolicyEngineConfig: No configuration found, using default matching phone experience.
07-30 07:52:09.465   506   506 E APM::AudioPolicyEngine/Config: parseLegacyVolumeFile: Could not parse document /odm/etc/audio_policy_configuration.xml
07-30 07:52:09.471   702   702 I SoftOMXPlugin: createOMXPlugin
07-30 07:52:09.472   702   702 D MediaCodecsXmlParser: parsing /vendor/etc/media_codecs.xml...
07-30 07:52:09.482   702   702 D MediaCodecsXmlParser: parsing /vendor/etc/media_codecs_google_audio.xml...
07-30 07:52:09.485   472   472 D audio_hw_primary: adev_open: enter
07-30 07:52:09.487   600   600 I mediametrics: ServiceManager: 0x7afa444280
07-30 07:52:09.487   472   472 W hardware_info: update_hardware_info_8994: Not an 8994 device
07-30 07:52:09.487   600   600 D MediaAnalyticsService: MediaAnalyticsService created
07-30 07:52:09.488   702   702 I MediaCodecsXmlParser: limit: max-channel-count = 2
07-30 07:52:09.489   702   702 I MediaCodecsXmlParser: limit: sample-rate-ranges = 8000,11025,12000,16000,22050,24000,32000,44100,48000
07-30 07:52:09.489   702   702 I MediaCodecsXmlParser: limit: bitrate-range = 8000-320000
07-30 07:52:09.489   702   702 I MediaCodecsXmlParser: limit: max-channel-count = 1
07-30 07:52:09.494   702   702 I MediaCodecsXmlParser: limit: sample-rate-ranges = 8000
07-30 07:52:09.495   702   702 I MediaCodecsXmlParser: limit: bitrate-range = 4750-12200
07-30 07:52:09.495   702   702 I MediaCodecsXmlParser: limit: max-channel-count = 1
07-30 07:52:09.495   702   702 I MediaCodecsXmlParser: limit: sample-rate-ranges = 16000
07-30 07:52:09.496   702   702 I MediaCodecsXmlParser: limit: bitrate-range = 6600-23850
07-30 07:52:09.496   702   702 I MediaCodecsXmlParser: limit: max-channel-count = 8
07-30 07:52:09.497   702   702 I MediaCodecsXmlParser: limit: sample-rate-ranges = 7350,8000,11025,12000,16000,22050,24000,32000,44100,48000
07-30 07:52:09.497   702   702 I MediaCodecsXmlParser: limit: bitrate-range = 8000-960000
07-30 07:52:09.498   702   702 I MediaCodecsXmlParser: limit: max-channel-count = 1
07-30 07:52:09.507   702   702 I MediaCodecsXmlParser: limit: sample-rate-ranges = 8000-48000
07-30 07:52:09.509   702   702 I MediaCodecsXmlParser: limit: bitrate-range = 64000
07-30 07:52:09.509   702   702 I MediaCodecsXmlParser: limit: max-channel-count = 1
07-30 07:52:09.510   702   702 I MediaCodecsXmlParser: limit: sample-rate-ranges = 8000-48000
07-30 07:52:09.510   702   702 I MediaCodecsXmlParser: limit: bitrate-range = 64000
07-30 07:52:09.511   702   702 I MediaCodecsXmlParser: limit: max-channel-count = 8
07-30 07:52:09.511   702   702 I MediaCodecsXmlParser: limit: sample-rate-ranges = 8000-96000
07-30 07:52:09.511   702   702 I MediaCodecsXmlParser: limit: bitrate-range = 32000-500000
07-30 07:52:09.512   702   702 I MediaCodecsXmlParser: limit: max-channel-count = 8
07-30 07:52:09.512   702   702 I MediaCodecsXmlParser: limit: sample-rate-ranges = 48000
07-30 07:52:09.513   702   702 I MediaCodecsXmlParser: limit: bitrate-range = 6000-510000
07-30 07:52:09.513   702   702 I MediaCodecsXmlParser: limit: max-channel-count = 8
07-30 07:52:09.513   702   702 I MediaCodecsXmlParser: limit: sample-rate-ranges = 8000-192000
07-30 07:52:09.514   702   702 I MediaCodecsXmlParser: limit: bitrate-range = 1-10000000
07-30 07:52:09.514   702   702 I MediaCodecsXmlParser: limit: max-channel-count = 8
07-30 07:52:09.515   702   702 I MediaCodecsXmlParser: limit: sample-rate-ranges = 1-655350
07-30 07:52:09.515   702   702 I MediaCodecsXmlParser: limit: bitrate-range = 1-21000000
07-30 07:52:09.515   702   702 I MediaCodecsXmlParser: limit: max-channel-count = 6
07-30 07:52:09.516   702   702 I MediaCodecsXmlParser: limit: sample-rate-ranges = 8000,11025,12000,16000,22050,24000,32000,44100,48000
07-30 07:52:09.518   702   702 I MediaCodecsXmlParser: limit: bitrate-range = 8000-960000
--------- switch to radio
07-30 07:52:09.530   548   548 D RILD    : RIL_Init argc = 4 clientId = 0
--------- switch to main
07-30 07:52:09.543   702   702 I MediaCodecsXmlParser: limit: max-channel-count = 1
07-30 07:52:09.543   702   702 I MediaCodecsXmlParser: limit: sample-rate-ranges = 8000
07-30 07:52:09.544   702   702 I MediaCodecsXmlParser: limit: bitrate-range = 4750-12200
07-30 07:52:09.544   702   702 I MediaCodecsXmlParser: limit: feature-bitrate-modes = CBR
07-30 07:52:09.545   702   702 I MediaCodecsXmlParser: limit: max-channel-count = 1
07-30 07:52:09.545   702   702 I MediaCodecsXmlParser: limit: sample-rate-ranges = 16000
--------- switch to radio
07-30 07:52:09.549   548   548 E RILQ    : log to /data/misc/radio/ril_log for QCRIL logging is not enabled
--------- switch to system
07-30 07:52:09.555   694   833 I storaged: storaged: Start
--------- switch to main
07-30 07:52:09.558   548   548 I libmdmdetect: ESOC framework not supported
07-30 07:52:09.559   548   548 I libmdmdetect: Found internal modem: modem
07-30 07:52:09.563   548   548 E PerMgrLib: Peripheral manager is not supported on this device
--------- switch to radio
07-30 07:52:09.564   548   548 E RILQ    : (0/548): RIL[0][rild] qmi_ril_peripheral_mng_init: Failed to register for modem
--------- switch to main
07-30 07:52:09.566   702   702 I MediaCodecsXmlParser: limit: bitrate-range = 6600-23850
07-30 07:52:09.567   702   702 I MediaCodecsXmlParser: limit: feature-bitrate-modes = CBR
07-30 07:52:09.567   702   702 I MediaCodecsXmlParser: limit: max-channel-count = 2
07-30 07:52:09.567   702   702 I MediaCodecsXmlParser: limit: sample-rate-ranges = 1-655350
07-30 07:52:09.568   702   702 I MediaCodecsXmlParser: limit: bitrate-range = 1-21000000
07-30 07:52:09.568   702   702 I MediaCodecsXmlParser: limit: complexity-default = 5
07-30 07:52:09.569   702   702 I MediaCodecsXmlParser: limit: complexity-range = 0-8
07-30 07:52:09.569   702   702 I MediaCodecsXmlParser: limit: feature-bitrate-modes = CQ
07-30 07:52:09.570   702   702 D MediaCodecsXmlParser: parsing /vendor/etc/media_codecs_google_telephony.xml...
--------- switch to events
07-30 07:52:09.519   363   363 I chatty  : uid=1000(system) /system/bin/servicemanager identical 3 lines
07-30 07:52:09.543   363   363 I snet_event_log: [121035042,-1,]
07-30 07:52:09.579   841   841 I auditd  : type=1400 audit(0.0:11): avc: denied { read } for comm="rild" name="u:object_r:wifi_prop:s0" dev="tmpfs" ino=10585 scontext=u:r:rild:s0 tcontext=u:object_r:wifi_prop:s0 tclass=file permissive=1
--------- switch to main
07-30 07:52:09.579   841   841 I rild    : type=1400 audit(0.0:11): avc: denied { read } for name="u:object_r:wifi_prop:s0" dev="tmpfs" ino=10585 scontext=u:r:rild:s0 tcontext=u:object_r:wifi_prop:s0 tclass=file permissive=1
07-30 07:52:09.594   702   702 I MediaCodecsXmlParser: limit: max-channel-count = 1
07-30 07:52:09.595   702   702 I MediaCodecsXmlParser: limit: sample-rate-ranges = 8000
07-30 07:52:09.596   702   702 I MediaCodecsXmlParser: limit: bitrate-range = 13000
07-30 07:52:09.596   702   702 I MediaCodecsXmlParser: limit: size-range = 96x64-4096x2160
07-30 07:52:09.597   702   702 I MediaCodecsXmlParser: limit: alignment = 2x2
07-30 07:52:09.597   702   702 I MediaCodecsXmlParser: limit: block-size = 16x16
07-30 07:52:09.598   702   702 I MediaCodecsXmlParser: limit: blocks-per-second-range = 1-972000
07-30 07:52:09.607   702   702 I MediaCodecsXmlParser: limit: bitrate-range = 1-100000000
07-30 07:52:09.618   702   702 I MediaCodecsXmlParser: limit: max-concurrent-instances = 13
07-30 07:52:09.619   702   702 I MediaCodecsXmlParser: limit: feature-intra-refresh = 0
07-30 07:52:09.620   702   702 I MediaCodecsXmlParser: limit: size-range = 96x64-1920x1088
07-30 07:52:09.620   702   702 I MediaCodecsXmlParser: limit: alignment = 2x2
07-30 07:52:09.620   702   702 I MediaCodecsXmlParser: limit: block-size = 16x16
07-30 07:52:09.621   702   702 I MediaCodecsXmlParser: limit: blocks-per-second-range = 1-489600
07-30 07:52:09.621   702   702 I MediaCodecsXmlParser: limit: bitrate-range = 1-60000000
07-30 07:52:09.622   702   702 I MediaCodecsXmlParser: limit: max-concurrent-instances = 13
07-30 07:52:09.625   598   598 V MediaUtils: physMem: 2944327680
07-30 07:52:09.630   702   702 I MediaCodecsXmlParser: limit: size-range = 96x64-864x480
07-30 07:52:09.631   702   702 I MediaCodecsXmlParser: limit: alignment = 2x2
07-30 07:52:09.631   702   702 I MediaCodecsXmlParser: limit: block-size = 16x16
07-30 07:52:09.631   702   702 I MediaCodecsXmlParser: limit: blocks-per-second-range = 1-48600
07-30 07:52:09.632   702   702 I MediaCodecsXmlParser: limit: bitrate-range = 1-2000000
07-30 07:52:09.632   702   702 I MediaCodecsXmlParser: limit: max-concurrent-instances = 13
07-30 07:52:09.632   702   702 I MediaCodecsXmlParser: limit: size-range = 96x64-3840x2160
07-30 07:52:09.633   702   702 I MediaCodecsXmlParser: limit: alignment = 2x2
07-30 07:52:09.633   702   702 I MediaCodecsXmlParser: limit: block-size = 16x16
07-30 07:52:09.634   702   702 I MediaCodecsXmlParser: limit: blocks-per-second-range = 1-972000
07-30 07:52:09.643   598   598 V MediaUtils: requested limit: 588865520
07-30 07:52:09.643   598   598 I libc    : malloc_limit: Allocation limit enabled, max size 588865520 bytes
07-30 07:52:09.644   702   702 I MediaCodecsXmlParser: limit: bitrate-range = 1-20000000
07-30 07:52:09.646   702   702 I MediaCodecsXmlParser: limit: max-concurrent-instances = 13
07-30 07:52:09.647   598   598 W /system/bin/mediaextractor: libminijail[598]: failed to get path of fd 5: No such file or directory
07-30 07:52:09.647   598   598 W /system/bin/mediaextractor: libminijail[598]: allowing syscall: connect
07-30 07:52:09.647   598   598 W /system/bin/mediaextractor: libminijail[598]: allowing syscall: fcntl
07-30 07:52:09.647   598   598 W /system/bin/mediaextractor: libminijail[598]: allowing syscall: sendto
07-30 07:52:09.647   598   598 W /system/bin/mediaextractor: libminijail[598]: allowing syscall: socket
07-30 07:52:09.647   598   598 W /system/bin/mediaextractor: libminijail[598]: allowing syscall: writev
07-30 07:52:09.651   702   702 I MediaCodecsXmlParser: limit: size-range = 64x64-4096x2160
07-30 07:52:09.652   702   702 I MediaCodecsXmlParser: limit: alignment = 2x2
07-30 07:52:09.652   702   702 I MediaCodecsXmlParser: limit: block-size = 16x16
07-30 07:52:09.652   702   702 I MediaCodecsXmlParser: limit: blocks-per-second-range = 1-972000
07-30 07:52:09.653   702   702 I MediaCodecsXmlParser: limit: bitrate-range = 1-100000000
07-30 07:52:09.653   702   702 I MediaCodecsXmlParser: limit: feature-adaptive-playback = 0
07-30 07:52:09.654   702   702 I MediaCodecsXmlParser: limit: max-concurrent-instances = 13
07-30 07:52:09.654   598   598 W /system/bin/mediaextractor: libminijail[598]: logging seccomp filter failures
07-30 07:52:09.658   687   687 I mediaserver: ServiceManager: 0xec0232a0
07-30 07:52:09.671   702   702 I MediaCodecsXmlParser: limit: size-range = 64x64-4096x2160
07-30 07:52:09.671   702   702 I MediaCodecsXmlParser: limit: alignment = 2x2
07-30 07:52:09.672   687   687 W BatteryNotifier: batterystats service unavailable!
07-30 07:52:09.672   702   702 I MediaCodecsXmlParser: limit: block-size = 16x16
07-30 07:52:09.672   702   702 I MediaCodecsXmlParser: limit: blocks-per-second-range = 1-972000
07-30 07:52:09.673   702   702 I MediaCodecsXmlParser: limit: bitrate-range = 1-100000000
07-30 07:52:09.673   702   702 I MediaCodecsXmlParser: limit: feature-adaptive-playback = 0
07-30 07:52:09.674   702   702 I MediaCodecsXmlParser: limit: feature-secure-playback = 1
--------- switch to events
07-30 07:52:09.674   363   363 I snet_event_log: [121035042,-1,]
--------- switch to main
07-30 07:52:09.691   702   702 I MediaCodecsXmlParser: limit: max-concurrent-instances = 6
07-30 07:52:09.691   702   702 I MediaCodecsXmlParser: limit: size-range = 64x64-1920x1088
07-30 07:52:09.692   852   852 I WRILD   : wrild.sh: sys.boot_completed ><
07-30 07:52:09.692   687   687 W BatteryNotifier: batterystats service unavailable!
07-30 07:52:09.698   702   702 I MediaCodecsXmlParser: limit: alignment = 2x2
07-30 07:52:09.699   702   702 I MediaCodecsXmlParser: limit: block-size = 16x16
07-30 07:52:09.699   702   702 I MediaCodecsXmlParser: limit: blocks-per-second-range = 1-489600
07-30 07:52:09.699   702   702 I MediaCodecsXmlParser: limit: bitrate-range = 1-60000000
07-30 07:52:09.700   702   702 I MediaCodecsXmlParser: limit: feature-adaptive-playback = 0
07-30 07:52:09.701   702   702 I MediaCodecsXmlParser: limit: max-concurrent-instances = 13
07-30 07:52:09.702   702   702 I MediaCodecsXmlParser: limit: size-range = 96x64-1920x1088
07-30 07:52:09.712   702   702 I MediaCodecsXmlParser: limit: alignment = 2x2
07-30 07:52:09.713   702   702 I MediaCodecsXmlParser: limit: block-size = 16x16
07-30 07:52:09.716   702   702 I MediaCodecsXmlParser: limit: blocks-per-second-range = 1-244800
07-30 07:52:09.716   702   702 I MediaCodecsXmlParser: limit: bitrate-range = 1-40000000
07-30 07:52:09.716   702   702 I MediaCodecsXmlParser: limit: feature-adaptive-playback = 0
07-30 07:52:09.719   702   702 I MediaCodecsXmlParser: limit: max-concurrent-instances = 13
07-30 07:52:09.719   702   702 I MediaCodecsXmlParser: limit: size-range = 96x64-1920x1088
07-30 07:52:09.722   702   702 I MediaCodecsXmlParser: limit: alignment = 2x2
07-30 07:52:09.722   729   729 I /apex/com.android.media.swcodec/bin/mediaswcodec: media swcodec service starting
07-30 07:52:09.723   702   702 I MediaCodecsXmlParser: limit: block-size = 16x16
07-30 07:52:09.727   702   702 I MediaCodecsXmlParser: limit: blocks-per-second-range = 1-244800
07-30 07:52:09.727   702   702 I MediaCodecsXmlParser: limit: bitrate-range = 1-40000000
07-30 07:52:09.728   853   853 I WRILD   : wrild.sh: gsm.sim.state ><
07-30 07:52:09.729   729   729 W /apex/com.android.media.swcodec/bin/mediaswcodec: Could not read additional policy file '/vendor/etc/seccomp_policy/mediaswcodec.policy'
07-30 07:52:09.730   702   702 I MediaCodecsXmlParser: limit: feature-adaptive-playback = 0
07-30 07:52:09.733   702   702 I MediaCodecsXmlParser: limit: feature-secure-playback = 1
07-30 07:52:09.733   729   729 W /apex/com.android.media.swcodec/bin/mediaswcodec: libminijail[729]: failed to get path of fd 5: No such file or directory
07-30 07:52:09.733   729   729 W /apex/com.android.media.swcodec/bin/mediaswcodec: libminijail[729]: allowing syscall: connect
07-30 07:52:09.734   729   729 W /apex/com.android.media.swcodec/bin/mediaswcodec: libminijail[729]: allowing syscall: fcntl
07-30 07:52:09.734   729   729 W /apex/com.android.media.swcodec/bin/mediaswcodec: libminijail[729]: allowing syscall: sendto
07-30 07:52:09.734   729   729 W /apex/com.android.media.swcodec/bin/mediaswcodec: libminijail[729]: allowing syscall: socket
07-30 07:52:09.734   729   729 W /apex/com.android.media.swcodec/bin/mediaswcodec: libminijail[729]: allowing syscall: writev
07-30 07:52:09.734   702   702 I MediaCodecsXmlParser: limit: max-concurrent-instances = 13
07-30 07:52:09.735   729   729 W /apex/com.android.media.swcodec/bin/mediaswcodec: libminijail[729]: logging seccomp filter failures
07-30 07:52:09.735   702   702 I MediaCodecsXmlParser: limit: size-range = 64x64-864x480
07-30 07:52:09.735   729   729 I CodecServiceRegistrant: Creating software Codec2 service...
07-30 07:52:09.736   702   702 I MediaCodecsXmlParser: limit: alignment = 2x2
07-30 07:52:09.736   702   702 I MediaCodecsXmlParser: limit: block-size = 16x16
07-30 07:52:09.739   702   702 I MediaCodecsXmlParser: limit: blocks-per-second-range = 1-489600
07-30 07:52:09.741   702   702 I MediaCodecsXmlParser: limit: bitrate-range = 1-2000000
07-30 07:52:09.741   702   702 I MediaCodecsXmlParser: limit: feature-adaptive-playback = 0
07-30 07:52:09.744   702   702 I MediaCodecsXmlParser: limit: max-concurrent-instances = 13
07-30 07:52:09.745   702   702 I MediaCodecsXmlParser: limit: size-range = 64x64-1920x1088
07-30 07:52:09.749   702   702 I MediaCodecsXmlParser: limit: alignment = 2x2
07-30 07:52:09.750   702   702 I MediaCodecsXmlParser: limit: block-size = 16x16
--------- switch to events
07-30 07:52:09.695   363   363 I snet_event_log: [121035042,-1,]
07-30 07:52:09.752   364   364 I snet_event_log: [121035042,-1,]
--------- switch to main
07-30 07:52:09.753   364   364 I hwservicemanager: getTransport: Cannot find entry android.hardware.media.c2@1.0::IComponentStore/default in either framework or device manifest.
07-30 07:52:09.756   729   729 I CodecServiceRegistrant: Preferred Codec2 store is defaulted to "software".
07-30 07:52:09.757   702   702 I MediaCodecsXmlParser: limit: blocks-per-second-range = 1-489600
07-30 07:52:09.758   702   702 I MediaCodecsXmlParser: limit: bitrate-range = 1-60000000
07-30 07:52:09.758   702   702 I MediaCodecsXmlParser: limit: feature-adaptive-playback = 0
07-30 07:52:09.761   729   729 I ServiceManagement: Registered android.hardware.media.c2@1.0::IComponentStore/software (start delay of 1075ms)
07-30 07:52:09.764   702   702 I MediaCodecsXmlParser: limit: max-concurrent-instances = 13
07-30 07:52:09.764   702   702 I MediaCodecsXmlParser: limit: size-range = 64x64-1920x1088
--------- switch to kernel
07-30 07:52:09.766     0     0 I [    7.887018 / 07-30 18:52:09.759][5] init: Received control message 'interface_start' for 'android.hardware.media.c2@1.0::IComponentStore/default' from pid: 364 (/system/bin/hwservicemanager)
07-30 07:52:09.767     0     0 E [    7.887177 / 07-30 18:52:09.759][5] init: Could not find 'android.hardware.media.c2@1.0::IComponentStore/default' for ctl.interface_start
--------- switch to main
07-30 07:52:09.765   729   729 I CodecServiceRegistrant: Software Codec2 service created.
07-30 07:52:09.775   702   702 I MediaCodecsXmlParser: limit: alignment = 2x2
07-30 07:52:09.776   702   702 I MediaCodecsXmlParser: limit: block-size = 16x16
07-30 07:52:09.776   702   702 I MediaCodecsXmlParser: limit: blocks-per-second-range = 1-489600
07-30 07:52:09.776   702   702 I MediaCodecsXmlParser: limit: bitrate-range = 1-60000000
07-30 07:52:09.777   702   702 I MediaCodecsXmlParser: limit: feature-adaptive-playback = 0
07-30 07:52:09.777   702   702 I MediaCodecsXmlParser: limit: feature-secure-playback = 1
07-30 07:52:09.778   702   702 I MediaCodecsXmlParser: limit: max-concurrent-instances = 13
07-30 07:52:09.780   702   702 I MediaCodecsXmlParser: limit: size-range = 64x64-1920x1088
07-30 07:52:09.780   702   702 I MediaCodecsXmlParser: limit: alignment = 2x2
07-30 07:52:09.781   702   702 I MediaCodecsXmlParser: limit: block-size = 16x16
07-30 07:52:09.781   702   702 I MediaCodecsXmlParser: limit: blocks-per-second-range = 1-244800
07-30 07:52:09.781   702   702 I MediaCodecsXmlParser: limit: bitrate-range = 1-10000000
07-30 07:52:09.782   702   702 I MediaCodecsXmlParser: limit: feature-adaptive-playback = 0
07-30 07:52:09.783   702   702 I MediaCodecsXmlParser: limit: max-concurrent-instances = 13
07-30 07:52:09.783   702   702 I MediaCodecsXmlParser: limit: size-range = 64x64-720x480
07-30 07:52:09.784   702   702 I MediaCodecsXmlParser: limit: alignment = 2x2
07-30 07:52:09.784   702   702 I MediaCodecsXmlParser: limit: block-size = 16x16
07-30 07:52:09.784   702   702 I MediaCodecsXmlParser: limit: blocks-per-second-range = 1-40500
07-30 07:52:09.785   702   702 I MediaCodecsXmlParser: limit: bitrate-range = 1-2000000
07-30 07:52:09.785   702   702 I MediaCodecsXmlParser: limit: feature-adaptive-playback = 0
07-30 07:52:09.786   702   702 I MediaCodecsXmlParser: limit: max-concurrent-instances = 13
07-30 07:52:09.787   702   702 I MediaCodecsXmlParser: limit: size-range = 64x64-1920x1088
07-30 07:52:09.787   702   702 I MediaCodecsXmlParser: limit: alignment = 2x2
07-30 07:52:09.787   702   702 I MediaCodecsXmlParser: limit: block-size = 16x16
07-30 07:52:09.788   702   702 I MediaCodecsXmlParser: limit: blocks-per-second-range = 1-244800
07-30 07:52:09.788   702   702 I MediaCodecsXmlParser: limit: bitrate-range = 1-10000000
07-30 07:52:09.789   702   702 I MediaCodecsXmlParser: limit: feature-adaptive-playback = 0
07-30 07:52:09.789   702   702 I MediaCodecsXmlParser: limit: max-concurrent-instances = 13
07-30 07:52:09.790   702   702 I MediaCodecsXmlParser: limit: size-range = 64x64-3840x2160
07-30 07:52:09.790   702   702 I MediaCodecsXmlParser: limit: alignment = 2x2
--------- switch to kernel
07-30 07:52:09.794     0     0 E         : [    7.914866 / 07-30 18:52:09.787][1] msm_qti_pp_get_rms_value_control, back not active to query rms be_idx:3
--------- switch to main
07-30 07:52:09.792   702   702 I MediaCodecsXmlParser: limit: block-size = 16x16
07-30 07:52:09.793   702   702 I MediaCodecsXmlParser: limit: blocks-per-second-range = 1-972000
07-30 07:52:09.794   702   702 I MediaCodecsXmlParser: limit: bitrate-range = 1-20000000
07-30 07:52:09.794   702   702 I MediaCodecsXmlParser: limit: feature-adaptive-playback = 0
07-30 07:52:09.794   702   702 I MediaCodecsXmlParser: limit: max-concurrent-instances = 13
07-30 07:52:09.795   702   702 I MediaCodecsXmlParser: limit: size-range = 64x64-4096x2160
07-30 07:52:09.795   702   702 I MediaCodecsXmlParser: limit: alignment = 2x2
07-30 07:52:09.797   702   702 I MediaCodecsXmlParser: limit: block-size = 16x16
07-30 07:52:09.797   702   702 I MediaCodecsXmlParser: limit: blocks-per-second-range = 1-972000
07-30 07:52:09.799   855   855 I WRILD   : wrild.sh: gsm.sim.operator.numeric ><
07-30 07:52:09.799   702   702 I MediaCodecsXmlParser: limit: bitrate-range = 1-100000000
07-30 07:52:09.799   702   702 I MediaCodecsXmlParser: limit: feature-adaptive-playback = 0
07-30 07:52:09.800   702   702 I MediaCodecsXmlParser: limit: max-concurrent-instances = 13
07-30 07:52:09.800   702   702 I MediaCodecsXmlParser: limit: size-range = 64x64-4096x2160
07-30 07:52:09.801   702   702 I MediaCodecsXmlParser: limit: alignment = 2x2
07-30 07:52:09.803   702   702 I MediaCodecsXmlParser: limit: block-size = 16x16
07-30 07:52:09.803   702   702 I MediaCodecsXmlParser: limit: blocks-per-second-range = 1-972000
07-30 07:52:09.803   702   702 I MediaCodecsXmlParser: limit: bitrate-range = 1-100000000
07-30 07:52:09.804   702   702 I MediaCodecsXmlParser: limit: feature-adaptive-playback = 0
07-30 07:52:09.804   702   702 I MediaCodecsXmlParser: limit: feature-secure-playback = 1
07-30 07:52:09.805   702   702 I MediaCodecsXmlParser: limit: max-concurrent-instances = 6
07-30 07:52:09.805   702   702 D MediaCodecsXmlParser: parsing /vendor/etc/media_codecs_google_video.xml...
--------- switch to kernel
07-30 07:52:09.810     0     0 E         : [    7.927904 / 07-30 18:52:09.799][1] msm_pcm_volume_ctl_get substream runtime not found
07-30 07:52:09.810     0     0 E         : [    7.928232 / 07-30 18:52:09.799][1] msm_pcm_volume_ctl_get substream runtime not found
07-30 07:52:09.810     0     0 E         : [    7.928578 / 07-30 18:52:09.803][1] msm_pcm_volume_ctl_get substream runtime not found
07-30 07:52:09.810     0     0 E [    7.928837 / 07-30 18:52:09.803][1] msm_compr_audio_effects_config_get: stream or effects inactive
07-30 07:52:09.810     0     0 E         : [    7.929422 / 07-30 18:52:09.803][1] msm_pcm_volume_ctl_get substream runtime not found
07-30 07:52:09.810     0     0 E [    7.929622 / 07-30 18:52:09.803][1] msm_compr_audio_effects_config_get: stream or effects inactive
07-30 07:52:09.810     0     0 E [    7.930143 / 07-30 18:52:09.803][1] msm_compr_audio_effects_config_get: stream or effects inactive
07-30 07:52:09.810     0     0 E [    7.930664 / 07-30 18:52:09.803][1] msm_compr_audio_effects_config_get: stream or effects inactive
07-30 07:52:09.810     0     0 E         : [    7.931313 / 07-30 18:52:09.803][1] msm_pcm_volume_ctl_get substream runtime not found
07-30 07:52:09.810     0     0 E [    7.931563 / 07-30 18:52:09.803][1] msm_compr_audio_effects_config_get: stream or effects inactive
07-30 07:52:09.810     0     0 E [    7.932031 / 07-30 18:52:09.803][1] msm_compr_audio_effects_config_get: stream or effects inactive
--------- switch to main
07-30 07:52:09.806   702   702 I MediaCodecsXmlParser: limit: size-range = 2x2-352x288
07-30 07:52:09.807   702   702 I MediaCodecsXmlParser: limit: alignment = 2x2
07-30 07:52:09.807   702   702 I MediaCodecsXmlParser: limit: block-size = 16x16
07-30 07:52:09.807   702   702 I MediaCodecsXmlParser: limit: blocks-per-second-range = 12-11880
07-30 07:52:09.808   702   702 I MediaCodecsXmlParser: limit: bitrate-range = 1-384000
07-30 07:52:09.808   702   702 I MediaCodecsXmlParser: limit: feature-adaptive-playback = 0
07-30 07:52:09.809   702   702 I MediaCodecsXmlParser: limit: size-range = 2x2-352x288
07-30 07:52:09.809   702   702 I MediaCodecsXmlParser: limit: alignment = 2x2
07-30 07:52:09.809   702   702 I MediaCodecsXmlParser: limit: bitrate-range = 1-384000
07-30 07:52:09.810   702   702 I MediaCodecsXmlParser: limit: feature-adaptive-playback = 0
07-30 07:52:09.819   702   702 I MediaCodecsXmlParser: limit: size-range = 2x2-4080x4080
07-30 07:52:09.819   702   702 I MediaCodecsXmlParser: limit: alignment = 2x2
07-30 07:52:09.820   702   702 I MediaCodecsXmlParser: limit: block-size = 16x16
07-30 07:52:09.820   702   702 I MediaCodecsXmlParser: limit: block-count-range = 1-32768
07-30 07:52:09.820   702   702 I MediaCodecsXmlParser: limit: blocks-per-second-range = 1-1966080
07-30 07:52:09.821   702   702 I MediaCodecsXmlParser: limit: bitrate-range = 1-48000000
07-30 07:52:09.821   702   702 I MediaCodecsXmlParser: limit: feature-adaptive-playback = 0
07-30 07:52:09.822   702   702 I MediaCodecsXmlParser: limit: size-range = 2x2-4096x4096
--------- switch to kernel
07-30 07:52:09.830     0     0 E [    7.944848 / 07-30 18:52:09.819][1] msm_compr_audio_effects_config_get: stream or effects inactive
07-30 07:52:09.830     0     0 E [    7.945417 / 07-30 18:52:09.819][1] msm_compr_audio_effects_config_get: stream or effects inactive
07-30 07:52:09.830     0     0 E [    7.946001 / 07-30 18:52:09.819][1] msm_compr_audio_effects_config_get: stream or effects inactive
07-30 07:52:09.830     0     0 E [    7.946529 / 07-30 18:52:09.819][1] msm_compr_audio_effects_config_get: stream or effects inactive
07-30 07:52:09.830     0     0 E         : [    7.947142 / 07-30 18:52:09.819][1] msm_pcm_volume_ctl_get substream runtime not found
07-30 07:52:09.830     0     0 E         : [    7.949907 / 07-30 18:52:09.823][1] msm_pcm_volume_ctl_get substream runtime not found
07-30 07:52:09.830     0     0 E         : [    7.950239 / 07-30 18:52:09.823][1] msm_pcm_volume_ctl_get substream runtime not found
07-30 07:52:09.830     0     0 E         : [    7.950507 / 07-30 18:52:09.823][1] msm_pcm_volume_ctl_get substream runtime not found
07-30 07:52:09.830     0     0 E         : [    7.950860 / 07-30 18:52:09.823][1] msm_pcm_volume_ctl_get substream runtime not found
07-30 07:52:09.830     0     0 E         : [    7.951181 / 07-30 18:52:09.823][1] msm_pcm_volume_ctl_get substream runtime not found
07-30 07:52:09.830     0     0 E         : [    7.951516 / 07-30 18:52:09.823][1] msm_pcm_volume_ctl_get substream runtime not found
07-30 07:52:09.830     0     0 E         : [    7.951802 / 07-30 18:52:09.823][1] msm_pcm_volume_ctl_get substream runtime not found
07-30 07:52:09.830     0     0 E         : [    7.952124 / 07-30 18:52:09.823][1] msm_pcm_volume_ctl_get substream runtime not found
--------- switch to main
07-30 07:52:09.830   702   702 I MediaCodecsXmlParser: limit: alignment = 2x2
07-30 07:52:09.831   702   702 I MediaCodecsXmlParser: limit: block-size = 8x8
07-30 07:52:09.831   702   702 I MediaCodecsXmlParser: limit: block-count-range = 1-196608
07-30 07:52:09.832   702   702 I MediaCodecsXmlParser: limit: blocks-per-second-range = 1-2000000
07-30 07:52:09.832   702   702 I MediaCodecsXmlParser: limit: bitrate-range = 1-10000000
07-30 07:52:09.832   702   702 I MediaCodecsXmlParser: limit: feature-adaptive-playback = 0
07-30 07:52:09.833   702   702 I MediaCodecsXmlParser: limit: size-range = 2x2-2048x2048
07-30 07:52:09.833   702   702 I MediaCodecsXmlParser: limit: alignment = 2x2
07-30 07:52:09.834   702   702 I MediaCodecsXmlParser: limit: block-size = 16x16
--------- switch to kernel
07-30 07:52:09.842     0     0 E         : [    7.956839 / 07-30 18:52:09.831][1] msm_pcm_volume_ctl_get substream runtime not found
07-30 07:52:09.842     0     0 E         : [    7.957197 / 07-30 18:52:09.831][1] msm_pcm_volume_ctl_get substream runtime not found
07-30 07:52:09.842     0     0 E         : [    7.957580 / 07-30 18:52:09.831][1] msm_pcm_volume_ctl_get substream runtime not found
07-30 07:52:09.842     0     0 E         : [    7.957925 / 07-30 18:52:09.831][1] msm_pcm_volume_ctl_get substream runtime not found
07-30 07:52:09.842     0     0 E         : [    7.958214 / 07-30 18:52:09.831][1] msm_pcm_volume_ctl_get substream runtime not found
07-30 07:52:09.842     0     0 E         : [    7.958587 / 07-30 18:52:09.831][1] msm_pcm_volume_ctl_get substream runtime not found
--------- switch to main
07-30 07:52:09.851   702   702 I MediaCodecsXmlParser: limit: block-count-range = 1-16384
07-30 07:52:09.851   702   702 I MediaCodecsXmlParser: limit: blocks-per-second-range = 1-1000000
07-30 07:52:09.852   702   702 I MediaCodecsXmlParser: limit: bitrate-range = 1-40000000
07-30 07:52:09.852   702   702 I MediaCodecsXmlParser: limit: feature-adaptive-playback = 0
07-30 07:52:09.853   702   702 I MediaCodecsXmlParser: limit: size-range = 2x2-2048x2048
07-30 07:52:09.853   702   702 I MediaCodecsXmlParser: limit: alignment = 2x2
07-30 07:52:09.853   702   702 I MediaCodecsXmlParser: limit: block-size = 16x16
07-30 07:52:09.854   702   702 I MediaCodecsXmlParser: limit: block-count-range = 1-16384
07-30 07:52:09.861   702   702 I MediaCodecsXmlParser: limit: blocks-per-second-range = 1-500000
07-30 07:52:09.861   702   702 I MediaCodecsXmlParser: limit: bitrate-range = 1-40000000
07-30 07:52:09.861   702   702 I MediaCodecsXmlParser: limit: feature-adaptive-playback = 0
07-30 07:52:09.863   858   858 I WRILD   : wrild.sh: init.svc.bootanim ><
07-30 07:52:09.865   702   702 I MediaCodecsXmlParser: limit: size-range = 176x144-176x144
07-30 07:52:09.865   702   702 I MediaCodecsXmlParser: limit: alignment = 16x16
07-30 07:52:09.866   472   472 E audio_route: unknown enum value string KHZ_192 for ctl SLIM_0_RX SampleRate
07-30 07:52:09.866   702   702 I MediaCodecsXmlParser: limit: bitrate-range = 1-128000
07-30 07:52:09.870   578   578 I cameraserver: ServiceManager: 0xe87771a0
07-30 07:52:09.871   578   578 I CameraService: CameraService started (pid=578)
07-30 07:52:09.871   578   578 I CameraService: CameraService process starting
07-30 07:52:09.873   578   578 W BatteryNotifier: batterystats service unavailable!
07-30 07:52:09.874   578   578 W BatteryNotifier: batterystats service unavailable!
07-30 07:52:09.877   702   702 I MediaCodecsXmlParser: limit: size-range = 16x16-2048x2048
07-30 07:52:09.878   702   702 I MediaCodecsXmlParser: limit: alignment = 2x2
07-30 07:52:09.878   702   702 I MediaCodecsXmlParser: limit: block-size = 16x16
07-30 07:52:09.879   702   702 I MediaCodecsXmlParser: limit: block-count-range = 1-8192
07-30 07:52:09.879   702   702 I MediaCodecsXmlParser: limit: blocks-per-second-range = 1-245760
07-30 07:52:09.880   702   702 I MediaCodecsXmlParser: limit: bitrate-range = 1-12000000
07-30 07:52:09.881   702   702 I MediaCodecsXmlParser: limit: feature-intra-refresh = 0
07-30 07:52:09.882   702   702 I MediaCodecsXmlParser: limit: size-range = 16x16-176x144
07-30 07:52:09.883   702   702 I MediaCodecsXmlParser: limit: alignment = 16x16
07-30 07:52:09.884   702   702 I MediaCodecsXmlParser: limit: block-size = 16x16
07-30 07:52:09.885   702   702 I MediaCodecsXmlParser: limit: blocks-per-second-range = 12-1485
07-30 07:52:09.886   702   702 I MediaCodecsXmlParser: limit: bitrate-range = 1-64000
07-30 07:52:09.889   702   702 I MediaCodecsXmlParser: limit: size-range = 2x2-2048x2048
07-30 07:52:09.890   702   702 I MediaCodecsXmlParser: limit: alignment = 2x2
07-30 07:52:09.893   702   702 I MediaCodecsXmlParser: limit: block-size = 16x16
07-30 07:52:09.894   702   702 I MediaCodecsXmlParser: limit: block-count-range = 1-16384
07-30 07:52:09.894   702   702 I MediaCodecsXmlParser: limit: bitrate-range = 1-40000000
07-30 07:52:09.899   702   702 I MediaCodecsXmlParser: limit: feature-bitrate-modes = VBR,CBR
07-30 07:52:09.901   702   702 I MediaCodecsXmlParser: limit: size-range = 2x2-2048x2048
07-30 07:52:09.902   702   702 I MediaCodecsXmlParser: limit: alignment = 2x2
07-30 07:52:09.902   702   702 I MediaCodecsXmlParser: limit: block-size = 16x16
07-30 07:52:09.904   472   472 E audio_route: unknown enum value string 48000 for ctl AUX PCM SampleRate
07-30 07:52:09.909   702   702 I MediaCodecsXmlParser: limit: block-count-range = 1-3600
07-30 07:52:09.909   702   702 I MediaCodecsXmlParser: limit: bitrate-range = 1-40000000
07-30 07:52:09.910   702   702 I MediaCodecsXmlParser: limit: feature-bitrate-modes = VBR,CBR
07-30 07:52:09.911   702   702 D MediaCodecsXmlParser: parsing /vendor/etc/media_codecs_performance.xml...
07-30 07:52:09.914   702   702 I MediaCodecsXmlParser: limit: measured-frame-rate-320x240-range = 95-95
07-30 07:52:09.914   702   702 I MediaCodecsXmlParser: limit: measured-frame-rate-720x480-range = 33-33
07-30 07:52:09.915   702   702 I MediaCodecsXmlParser: limit: measured-frame-rate-1280x720-range = 32-32
07-30 07:52:09.919   702   702 I MediaCodecsXmlParser: limit: measured-frame-rate-1920x1080-range = 20-20
07-30 07:52:09.922   702   702 I MediaCodecsXmlParser: limit: measured-frame-rate-176x144-range = 164-164
07-30 07:52:09.923   702   702 I MediaCodecsXmlParser: limit: measured-frame-rate-352x288-range = 73-73
07-30 07:52:09.930   702   702 I MediaCodecsXmlParser: limit: measured-frame-rate-176x144-range = 159-159
07-30 07:52:09.933   702   702 I MediaCodecsXmlParser: limit: measured-frame-rate-352x288-range = 74-74
07-30 07:52:09.934   702   702 I MediaCodecsXmlParser: limit: measured-frame-rate-640x480-range = 90-90
07-30 07:52:09.934   702   702 I MediaCodecsXmlParser: limit: measured-frame-rate-320x180-range = 137-137
07-30 07:52:09.937   702   702 I MediaCodecsXmlParser: limit: measured-frame-rate-640x360-range = 45-45
07-30 07:52:09.942   702   702 I MediaCodecsXmlParser: limit: measured-frame-rate-1280x720-range = 24-24
07-30 07:52:09.943   702   702 I MediaCodecsXmlParser: limit: measured-frame-rate-1920x1080-range = 12-12
07-30 07:52:09.944   702   702 I MediaCodecsXmlParser: limit: measured-frame-rate-320x240-range = 184-184
07-30 07:52:09.944   578   578 I ExtCamUtils@3.4: loadFromCfg: load external camera config succeed!
07-30 07:52:09.945   578   578 I ExtCamUtils@3.4: loadFromCfg: device 0 will be ignored by external camera provider
07-30 07:52:09.945   578   578 I ExtCamUtils@3.4: loadFromCfg: device 1 will be ignored by external camera provider
07-30 07:52:09.946   702   702 I MediaCodecsXmlParser: limit: measured-frame-rate-720x480-range = 74-74
07-30 07:52:09.947   702   702 I MediaCodecsXmlParser: limit: measured-frame-rate-1280x720-range = 79-79
07-30 07:52:09.949   702   702 I MediaCodecsXmlParser: limit: measured-frame-rate-1920x1080-range = 42-42
07-30 07:52:09.950   702   702 I MediaCodecsXmlParser: limit: measured-frame-rate-176x144-range = 220-220
07-30 07:52:09.951   702   702 I MediaCodecsXmlParser: limit: measured-frame-rate-176x144-range = 287-287
07-30 07:52:09.953   702   702 I MediaCodecsXmlParser: limit: measured-frame-rate-320x180-range = 86-86
07-30 07:52:09.953   702   702 I MediaCodecsXmlParser: limit: measured-frame-rate-640x360-range = 36-36
07-30 07:52:09.954   702   702 I MediaCodecsXmlParser: limit: measured-frame-rate-1280x720-range = 33-33
07-30 07:52:09.956   702   702 I MediaCodecsXmlParser: limit: measured-frame-rate-1920x1080-range = 14-14
07-30 07:52:09.957   859   859 I WRILD   : wrild.sh: enc, encstate: >unencrypted<, ><
07-30 07:52:09.957   702   702 I MediaCodecsXmlParser: limit: measured-frame-rate-320x240-range = 498-498
07-30 07:52:09.958   578   578 I ExtCamUtils@3.4: loadFromCfg: device 2 will be ignored by external camera provider
07-30 07:52:09.959   578   578 I ExtCamUtils@3.4: loadFromCfg: device 3 will be ignored by external camera provider
07-30 07:52:09.959   578   578 I ExtCamUtils@3.4: loadFromCfg: device 32 will be ignored by external camera provider
07-30 07:52:09.960   578   578 I ExtCamUtils@3.4: loadFromCfg: device 33 will be ignored by external camera provider
07-30 07:52:09.962   521   801 W SurfaceFlinger: Faking VSYNC due to driver stall
07-30 07:52:09.962   578   578 I ExtCamUtils@3.4: loadFromCfg: no external camera device config specified
07-30 07:52:09.966   578   578 I CameraProviderManager: Connecting to new camera provider: external/0, isRemote? 0
07-30 07:52:09.967   702   702 I MediaCodecsXmlParser: limit: measured-frame-rate-720x480-range = 169-169
07-30 07:52:09.967   578   578 I CameraProviderManager: Camera provider external/0 ready with 0 camera devices
07-30 07:52:09.967   702   702 I MediaCodecsXmlParser: limit: measured-frame-rate-1280x720-range = 74-74
07-30 07:52:09.968   702   702 I MediaCodecsXmlParser: limit: measured-frame-rate-1920x1088-range = 29-29
07-30 07:52:09.968   702   702 I MediaCodecsXmlParser: limit: measured-frame-rate-352x288-range = 597-597
07-30 07:52:09.969   702   702 I MediaCodecsXmlParser: limit: measured-frame-rate-640x360-range = 265-265
07-30 07:52:09.969   702   702 I MediaCodecsXmlParser: limit: measured-frame-rate-720x480-range = 512-512
07-30 07:52:09.970   702   702 I MediaCodecsXmlParser: limit: measured-frame-rate-1280x720-range = 129-129
07-30 07:52:09.970   702   702 I MediaCodecsXmlParser: limit: measured-frame-rate-1920x1080-range = 56-56
07-30 07:52:09.971   702   702 I MediaCodecsXmlParser: limit: measured-frame-rate-3840x2160-range = 11-11
07-30 07:52:09.971   702   702 I MediaCodecsXmlParser: limit: measured-frame-rate-176x144-range = 692-692
07-30 07:52:09.971   702   702 I MediaCodecsXmlParser: limit: measured-frame-rate-352x288-range = 586-586
07-30 07:52:09.972   702   702 I MediaCodecsXmlParser: limit: measured-frame-rate-176x144-range = 666-666
07-30 07:52:09.972   702   702 I MediaCodecsXmlParser: limit: measured-frame-rate-480x360-range = 559-559
07-30 07:52:09.973   702   702 I MediaCodecsXmlParser: limit: measured-frame-rate-320x240-range = 500-500
07-30 07:52:09.973   702   702 I MediaCodecsXmlParser: limit: measured-frame-rate-640x360-range = 456-456
07-30 07:52:09.982   578   863 I CamPrvdr@2.4-external: threadLoop start monitoring new V4L2 devices
07-30 07:52:09.983   702   702 I MediaCodecsXmlParser: limit: measured-frame-rate-1280x720-range = 533-533
07-30 07:52:09.983   702   702 I MediaCodecsXmlParser: limit: measured-frame-rate-1920x1080-range = 323-323
07-30 07:52:09.984   702   702 I MediaCodecsXmlParser: limit: measured-frame-rate-320x240-range = 570-570
07-30 07:52:09.984   702   702 I MediaCodecsXmlParser: limit: measured-frame-rate-720x480-range = 231-231
07-30 07:52:09.984   702   702 I MediaCodecsXmlParser: limit: measured-frame-rate-1280x720-range = 41-41
07-30 07:52:09.985   702   702 I MediaCodecsXmlParser: limit: measured-frame-rate-1920x1080-range = 20-20
07-30 07:52:09.985   702   702 I MediaCodecsXmlParser: limit: measured-frame-rate-176x144-range = 160-160
07-30 07:52:09.986   702   702 I MediaCodecsXmlParser: limit: measured-frame-rate-352x288-range = 724-724
07-30 07:52:09.986   702   702 I MediaCodecsXmlParser: limit: measured-frame-rate-176x144-range = 206-206
07-30 07:52:09.998   702   702 I MediaCodecsXmlParser: limit: measured-frame-rate-352x288-range = 534-534
07-30 07:52:09.999   702   702 I MediaCodecsXmlParser: limit: measured-frame-rate-640x360-range = 213-213
07-30 07:52:09.999   702   702 I MediaCodecsXmlParser: limit: measured-frame-rate-720x480-range = 208-208
07-30 07:52:10.000   702   702 I MediaCodecsXmlParser: limit: measured-frame-rate-1280x720-range = 86-86
07-30 07:52:10.000   702   702 I MediaCodecsXmlParser: limit: measured-frame-rate-1920x1080-range = 43-43
07-30 07:52:10.000   702   702 I MediaCodecsXmlParser: limit: measured-frame-rate-320x180-range = 475-475
07-30 07:52:10.001   702   702 I MediaCodecsXmlParser: limit: measured-frame-rate-640x360-range = 289-289
07-30 07:52:10.001   702   702 I MediaCodecsXmlParser: limit: measured-frame-rate-1280x720-range = 59-59
07-30 07:52:10.002   702   702 I MediaCodecsXmlParser: limit: measured-frame-rate-1920x1080-range = 23-23
07-30 07:52:10.006   702   702 I MediaCodecsXmlParser: limit: measured-frame-rate-320x180-range = 230-230
07-30 07:52:10.016   521   521 D RenderEngine: shader cache generated - 48 shaders in 1054.004639 ms
--------- switch to events
07-30 07:52:09.964   364   364 I chatty  : uid=1000(system) hwservicemanage identical 6 lines
07-30 07:52:09.968   364   364 I snet_event_log: [121035042,-1,]
07-30 07:52:10.018   363   363 I snet_event_log: [121035042,-1,]
--------- switch to main
07-30 07:52:10.018   702   702 I MediaCodecsXmlParser: limit: measured-frame-rate-640x360-range = 178-178
--------- switch to kernel
07-30 07:52:10.026     0     0 I [    8.146501 / 07-30 18:52:10.019][3] mdss_fb_blank_sub: + mdss_fb_blank+0x130/0x144 fb0 mode:0
07-30 07:52:10.026     0     0 I [    8.146528 / 07-30 18:52:10.019][3] mdss_fb_blank_sub: -
07-30 07:52:10.026     0     0 E         : [    8.146530 / 07-30 18:52:10.019][3] [Touch] fb_notifier_callback : event = 0
07-30 07:52:10.026     0     0 E         : [    8.146532 / 07-30 18:52:10.019][3] [Touch] touch_resume : touch_resume start
07-30 07:52:10.026     0     0 E         : [    8.146534 / 07-30 18:52:10.019][3] [Touch] touch_resume : Normal mode
07-30 07:52:10.026     0     0 E         : [    8.146539 / 07-30 18:52:10.019][3] [Touch E] [print_swipe_fail_reason 501] print_swipe_fail_reason, 501 : swipe fail reason
07-30 07:52:10.026     0     0 E         : [    8.147034 / 07-30 18:52:10.019][1] [Touch] last swipe_down fail reason:0(SUCCESS)
07-30 07:52:10.026     0     0 E         : [    8.147046 / 07-30 18:52:10.019][1] [Touch] synaptics_ts_power : power_state[0]
07-30 07:52:10.026     0     0 E         : [    8.147055 / 07-30 18:52:10.019][1] [Touch] synaptics_ts_power : power_state[1]
07-30 07:52:10.026     0     0 E         : [    8.147060 / 07-30 18:52:10.019][1] [Touch] touch_resume : touch_resume done
07-30 07:52:10.026     0     0 I [    8.147097 / 07-30 18:52:10.019][2] init: Received control message 'start' for 'bootanim' from pid: 521 (/system/bin/surfaceflinger)
07-30 07:52:10.026     0     0 E [    8.148391 / 07-30 18:52:10.019][1] hdmi_tx_sysfs_wta_hpd:  
--------- switch to events
07-30 07:52:10.019   364   364 I snet_event_log: [121035042,-1,]
--------- switch to main
07-30 07:52:10.020   702   702 I MediaCodecsXmlParser: limit: measured-frame-rate-1280x720-range = 56-56
07-30 07:52:10.021   702   702 I MediaCodecsXmlParser: limit: measured-frame-rate-1920x1080-range = 35-35
07-30 07:52:10.021   702   702 D MediaCodecsXmlParser: Cannot find /data/misc/media/media_codecs_profiling_results.xml
07-30 07:52:10.022   521   521 I ServiceManagement: Registered android.frameworks.displayservice@1.0::IDisplayService/default (start delay of 1905ms)
07-30 07:52:10.023   521   521 D SurfaceFlinger: Setting power mode 2 on display 0
07-30 07:52:10.024   521   521 D qdhwcomposer: hwc_setPowerMode: Setting mode 2 on display: 0
07-30 07:52:10.024   521   797 I qdhwcomposer: handle_blank_event: dpy:0 panel power state: 1
07-30 07:52:10.025   472   472 D msm8974_platform: platform_init: Opened sound card:0
07-30 07:52:10.026   521   521 E qdhdmi  : writeHPDOption: file write failed 'hpd'
07-30 07:52:10.026   521   521 D qdhwcomposer: hwc_setPowerMode: Done setting mode 2 on display 0
07-30 07:52:10.027   521   521 D SurfaceFlinger: Finished setting power mode 2 on display 0
07-30 07:52:10.030   450   450 E ActivityRecognitionHardware: activity_recognition HAL is deprecated. class_init is effectively a no-op
07-30 07:52:10.031   702   702 I ServiceManagement: Registered android.hardware.media.omx@1.0::IOmx/default (start delay of 1404ms)
07-30 07:52:10.031   702   702 I ServiceManagement: Removing namespace from process name android.hardware.media.omx@1.0-service to omx@1.0-service.
07-30 07:52:10.032   702   702 I media.codec: IOmx HAL service created.
07-30 07:52:10.034   702   702 D MediaCodecsXmlParser: parsing /vendor/etc/media_codecs.xml...
07-30 07:52:10.035   702   702 D MediaCodecsXmlParser: parsing /vendor/etc/media_codecs_google_audio.xml...
07-30 07:52:10.035   702   702 I MediaCodecsXmlParser: limit: max-channel-count = 2
--------- switch to kernel
07-30 07:52:10.030     0     0 I [    8.150058 / 07-30 18:52:10.023][1] init: starting service 'bootanim'...
07-30 07:52:10.036     0     0 I [    8.154748 / 07-30 18:52:10.027][4] init: processing action (init.svc.bootanim=running) from (/vendor/etc/init/hw/init.qcom.rc:993)
07-30 07:52:10.036     0     0 E         : [    8.157263 / 07-30 18:52:10.031][0] [Touch E] [synaptics_ts_get_data 6765] synaptics_ts_get_data, 6765 : ts->is_init == 0, IGNORE_EVENT!!, s:
--------- switch to main
07-30 07:52:10.037   702   702 I MediaCodecsXmlParser: limit: sample-rate-ranges = 8000,11025,12000,16000,22050,24000,32000,44100,48000
07-30 07:52:10.037   702   702 I MediaCodecsXmlParser: limit: bitrate-range = 8000-320000
07-30 07:52:10.037   864   864 I WRILD   : wrild.sh: sim count: ><
07-30 07:52:10.038   702   702 I MediaCodecsXmlParser: limit: max-channel-count = 1
--------- switch to kernel
07-30 07:52:10.046     0     0 E         : [    8.164977 / 07-30 18:52:10.039][0] [Touch E] [synaptics_ts_get_data 6765] synaptics_ts_get_data, 6765 : ts->is_init == 0, IGNORE_EVENT!!, s:
--------- switch to main
07-30 07:52:10.047   702   702 I MediaCodecsXmlParser: limit: sample-rate-ranges = 8000
07-30 07:52:10.047   702   702 I MediaCodecsXmlParser: limit: bitrate-range = 4750-12200
07-30 07:52:10.048   702   702 I MediaCodecsXmlParser: limit: max-channel-count = 1
07-30 07:52:10.048   472   472 D ACDB-LOADER: [AUDIO_SBP] Load ACDB files from System
07-30 07:52:10.050   598   598 E MediaExtractorFactory: couldn't opendir(/system/lib64/extractors)
07-30 07:52:10.051   702   702 I MediaCodecsXmlParser: limit: sample-rate-ranges = 16000
07-30 07:52:10.052   702   702 I MediaCodecsXmlParser: limit: bitrate-range = 6600-23850
07-30 07:52:10.053   472   472 D ACDB-LOADER: ACDB -> Load file: /etc/acdbdata//Headset_cal.acdb
07-30 07:52:10.054   702   702 I MediaCodecsXmlParser: limit: max-channel-count = 8
07-30 07:52:10.055   472   472 D ACDB-LOADER: ACDB -> Load file: /etc/acdbdata//Global_cal.acdb
