12-31 17:27:50.346   449   449 D MDnsDS  : MDnsSdListener::Hander starting up
--------- switch to kernel
12-31 17:27:50.351     0     0 I [    6.797640 / 01-01 04:27:50.343][0] ueventd: firmware: loading 'a420_pfp.fw' for '/devices/soc.0/fdb00000.qcom,kgsl-3d0/kgsl/kgsl-3d0/a420_pfp.fw'
12-31 17:27:50.353     0     0 I [    6.801491 / 01-01 04:27:50.347][0] ueventd: loading /devices/soc.0/fdb00000.qcom,kgsl-3d0/kgsl/kgsl-3d0/a420_pfp.fw took 4ms
--------- switch to main
12-31 17:27:50.348   449   449 I netd    : Registering NetdNativeService: 1.7ms
--------- switch to events
12-31 17:27:50.344   363   363 I chatty  : uid=1000(system) /system/bin/servicemanager identical 1 line
12-31 17:27:50.347   363   363 I snet_event_log: [121035042,-1,]
12-31 17:27:50.350   364   364 I snet_event_log: [121035042,-1,]
--------- switch to main
12-31 17:27:50.352   449   449 I ServiceManagement: Registered android.system.net.netd@1.1::INetd/default (start delay of 1232ms)
12-31 17:27:50.354   449   715 D MDnsDS  : MDnsSdListener starting to monitor
12-31 17:27:50.354   449   449 I netd    : Registering NetdHwService: 5.7ms
12-31 17:27:50.354   449   715 D MDnsDS  : Going to poll with pollCount 1
12-31 17:27:50.354   449   449 I netd    : Netd started in 1141ms
--------- switch to kernel
12-31 17:27:50.363     0     0 I         : [    6.809509 / 01-01 04:27:50.355][4] msm8994-asoc-snd fe034000.sound:  snd-soc-dummy-dai <-> MultiMedia1 mapping ok
12-31 17:27:50.368     0     0 I         : [    6.813290 / 01-01 04:27:50.359][3] msm8994-asoc-snd fe034000.sound:  snd-soc-dummy-dai <-> MultiMedia1 mapping ok
12-31 17:27:50.368     0     0 E         : [    6.813406 / 01-01 04:27:50.359][0] devfreq fdb00000.qcom,kgsl-3d0: Couldn't update frequency transition information.
12-31 17:27:50.368     0     0 E         : [    6.814563 / 01-01 04:27:50.359][0] devfreq qcom,kgsl-busmon.18: Couldn't update frequency transition information.
12-31 17:27:50.368     0     0 I [    6.816119 / 01-01 04:27:50.359][0] init: starting service 'media.swcodec'...
12-31 17:27:50.372     0     0 I         : [    6.816979 / 01-01 04:27:50.363][3] msm8994-asoc-snd fe034000.sound:  snd-soc-dummy-dai <-> MultiMedia1 mapping ok
12-31 17:27:50.372     0     0 I         : [    6.818141 / 01-01 04:27:50.363][3] msm8994-asoc-snd fe034000.sound:  snd-soc-dummy-dai <-> MultiMedia1 mapping ok
12-31 17:27:50.376     0     0 I [    6.821645 / 01-01 04:27:50.367][0] init: Command 'class_start main' action=nonencrypted (/init.rc:771) took 328ms and succeeded
12-31 17:27:50.376     0     0 I         : [    6.821885 / 01-01 04:27:50.367][3] msm8994-asoc-snd fe034000.sound:  snd-soc-dummy-dai <-> MultiMedia1 mapping ok
12-31 17:27:50.376     0     0 I [    6.823305 / 01-01 04:27:50.367][0] init: starting service 'bdaddr_loader'...
--------- switch to main
12-31 17:27:50.378   562   562 I qdutils : PartialUpdate status: Disabled
12-31 17:27:50.378   562   562 I qdutils : Left Align: 0
12-31 17:27:50.378   562   562 I qdutils : Width Align: 0
12-31 17:27:50.379   562   562 I qdutils : Top Align: 0
12-31 17:27:50.379   562   562 I qdutils : Height Align: 0
12-31 17:27:50.379   562   562 I qdutils : Min ROI Width: 0
12-31 17:27:50.379   562   562 I qdutils : Min ROI Height: 0
12-31 17:27:50.380   562   562 I qdutils : Needs ROI Merge: 0
12-31 17:27:50.380   562   562 I qdutils : Dynamic Fps: Disabled
12-31 17:27:50.380   562   562 I qdutils : Min Panel fps: 0
12-31 17:27:50.381   562   562 I qdutils : Max Panel fps: 0
12-31 17:27:50.387   521   521 I RenderEngine: EGL information:
--------- switch to kernel
12-31 17:27:50.392     0     0 I [    6.836881 / 01-01 04:27:50.383][0] init: starting service 'qcamerasvr'...
12-31 17:27:50.392     0     0 I         : [    6.837160 / 01-01 04:27:50.383][3] msm8994-asoc-snd fe034000.sound:  snd-soc-dummy-dai <-> MultiMedia1 mapping ok
12-31 17:27:50.392     0     0 I         : [    6.838709 / 01-01 04:27:50.383][3] msm8994-asoc-snd fe034000.sound:  snd-soc-dummy-dai <-> MultiMedia1 mapping ok
12-31 17:27:50.397     0     0 I         : [    6.841362 / 01-01 04:27:50.387][3] msm8994-asoc-snd fe034000.sound:  snd-soc-dummy-dai <-> MultiMedia1 mapping ok
12-31 17:27:50.397     0     0 I         : [    6.842704 / 01-01 04:27:50.387][3] msm8994-asoc-snd fe034000.sound:  snd-soc-dummy-dai <-> MultiMedia1 mapping ok
12-31 17:27:50.397     0     0 I         : [    6.845384 / 01-01 04:27:50.391][3] msm8994-asoc-snd fe034000.sound:  snd-soc-dummy-dai <-> MultiMedia1 mapping ok
--------- switch to main
12-31 17:27:50.396   562   562 I qdutils : Left Split=720
12-31 17:27:50.396   521   521 I RenderEngine: vendor    : Android
12-31 17:27:50.396   562   562 I qdutils : Right Split=720
12-31 17:27:50.397   521   521 I RenderEngine: version   : 1.4 Android META-EGL
12-31 17:27:50.397   521   521 I RenderEngine: extensions: EGL_KHR_get_all_proc_addresses EGL_ANDROID_presentation_time EGL_KHR_swap_buffers_with_damage EGL_ANDROID_get_native_client_buffer EGL_ANDROID_front_buffer_auto_refresh EGL_ANDROID_get_frame_timestamps EGL_EXT_surface_SMPTE2086_metadata EGL_EXT_surface_CTA861_3_metadata EGL_KHR_image EGL_KHR_image_base EGL_KHR_lock_surface EGL_KHR_gl_colorspace EGL_KHR_gl_texture_2D_image EGL_KHR_gl_texture_3D_image EGL_KHR_gl_texture_cubemap_image EGL_KHR_gl_renderbuffer_image EGL_KHR_reusable_sync EGL_KHR_fence_sync EGL_KHR_create_context EGL_KHR_surfaceless_context EGL_EXT_create_context_robustness EGL_ANDROID_image_native_buffer EGL_KHR_wait_sync EGL_ANDROID_recordable EGL_KHR_partial_update EGL_KHR_create_context_no_error EGL_KHR_mutable_render_buffer EGL_EXT_yuv_surface EGL_IMG_context_priority 
12-31 17:27:50.398   521   521 I RenderEngine: Client API: OpenGL_ES
12-31 17:27:50.398   521   521 I RenderEngine: EGLSurface: 8-8-8-8, config=0x7eeb19df40
12-31 17:27:50.404   521   521 I RenderEngine: OpenGL ES informations:
--------- switch to kernel
12-31 17:27:50.407     0     0 I [    6.847699 / 01-01 04:27:50.391][3] init: starting service 'laserinit'...
12-31 17:27:50.407     0     0 I         : [    6.853942 / 01-01 04:27:50.399][3] msm8994-asoc-snd fe034000.sound:  tas2552-amplifier <-> qcom,msm-dai-q6-mi2s-quat.217 mapping ok
--------- switch to main
12-31 17:27:50.405   521   521 I RenderEngine: vendor    : Qualcomm
12-31 17:27:50.405   521   521 I RenderEngine: renderer  : Adreno (TM) 418
12-31 17:27:50.406   521   521 I RenderEngine: version   : OpenGL ES 3.2 V@145.0 (GIT@I25dc76dc3f)
--------- switch to kernel
12-31 17:27:50.414     0     0 I         : [    6.856824 / 01-01 04:27:50.403][3] msm8994-asoc-snd fe034000.sound:  tas2552-amplifier <-> qcom,msm-dai-q6-mi2s-quat.217 mapping ok
12-31 17:27:50.414     0     0 I         : [    6.858719 / 01-01 04:27:50.403][3] msm8994-asoc-snd fe034000.sound:  snd-soc-dummy-dai <-> MultiMedia2 mapping ok
12-31 17:27:50.414     0     0 I         : [    6.860925 / 01-01 04:27:50.407][3] msm8994-asoc-snd fe034000.sound:  snd-soc-dummy-dai <-> QUAT_MI2S_RX_HOSTLESS mapping ok
12-31 17:27:50.414     0     0 I [    6.862084 / 01-01 04:27:50.407][2] init: starting service 'time_daemon'...
--------- switch to main
12-31 17:27:50.406   521   521 I RenderEngine: extensions: GL_OES_EGL_image GL_OES_EGL_image_external GL_OES_EGL_sync GL_OES_vertex_half_float GL_OES_framebuffer_object GL_OES_rgb8_rgba8 GL_OES_compressed_ETC1_RGB8_texture GL_AMD_compressed_ATC_texture GL_KHR_texture_compression_astc_ldr GL_OES_texture_npot GL_EXT_texture_filter_anisotropic GL_EXT_texture_format_BGRA8888 GL_OES_texture_3D GL_EXT_color_buffer_float GL_EXT_color_buffer_half_float GL_QCOM_alpha_test GL_OES_depth24 GL_OES_packed_depth_stencil GL_OES_depth_texture GL_OES_depth_texture_cube_map GL_EXT_sRGB GL_OES_texture_float GL_OES_texture_float_linear GL_OES_texture_half_float GL_OES_texture_half_float_linear GL_EXT_texture_type_2_10_10_10_REV GL_EXT_texture_sRGB_decode GL_OES_element_index_uint GL_EXT_copy_image GL_EXT_geometry_shader GL_EXT_tessellation_shader GL_OES_texture_stencil8 GL_EXT_shader_io_blocks GL_OES_shader_image_atomic GL_OES_sample_variables GL_EXT_texture_border_clamp GL_EXT_multisampled_render_to_texture GL_OES_shader_multisample_interpolation GL_EXT_texture_cube_map_arr
12-31 17:27:50.407   521   521 I RenderEngine: GL_MAX_TEXTURE_SIZE = 16384
12-31 17:27:50.407   521   521 I RenderEngine: GL_MAX_VIEWPORT_DIMS = 16384
--------- switch to kernel
12-31 17:27:50.419     0     0 I         : [    6.864367 / 01-01 04:27:50.407][3] msm8994-asoc-snd fe034000.sound:  snd-soc-dummy-dai <-> MultiMedia1 mapping ok
12-31 17:27:50.419     0     0 I [    6.867324 / 01-01 04:27:50.411][2] init: starting service 'gatekeeperd'...
12-31 17:27:50.439     0     0 I [    6.887978 / 01-01 04:27:50.431][4] mdss_fb_blank_sub: + mdss_fb_open+0x21c/0x304 fb0 mode:0
--------- switch to main
12-31 17:27:50.425   562   562 E PPDaemon: failed to get the sym controlPartialUpdate errno undefined symbol: controlPartialUpdate
--------- switch to kernel
12-31 17:27:50.447     0     0 I [    6.893061 / 01-01 04:27:50.439][4] mdss_fb_blank_sub: -
--------- switch to main
12-31 17:27:50.432   562   562 D PPDaemon: CABL version 1.1.20130401
12-31 17:27:50.438   562   562 D PPDaemon: isHDMIPrimary: HDMI is not primary display
12-31 17:27:50.445   450   450 D ICU     : Time zone APEX file found: /apex/com.android.tzdata/etc/icu/icu_tzdata.dat
12-31 17:27:50.445   562   562 D PPDaemon: int dcm_os_intf_control(boolean): Entering
12-31 17:27:50.446   562   562 D PPDaemon: Calling LSM init 
12-31 17:27:50.446   562   562 E Diag_Lib:  Diag_LSM_Init: Failed to open handle to diag driver, error = 13
12-31 17:27:50.446   562   562 E PPDaemon: Diag_LSM_Init() failed.
12-31 17:27:50.446   451   451 D ICU     : Time zone APEX file found: /apex/com.android.tzdata/etc/icu/icu_tzdata.dat
12-31 17:27:50.447   562   562 E PPDaemon: Initialization diag library failed
12-31 17:27:50.447   562   562 E PPDaemon: Failed to open file descriptors and register diag lib
--------- switch to kernel
12-31 17:27:50.455     0     0 I [    6.901135 / 01-01 04:27:50.447][3] input: msm8994-tomtom-snd-card Button Jack as /devices/soc.0/fe034000.sound/sound/card0/input3
12-31 17:27:50.455     0     0 I [    6.901453 / 01-01 04:27:50.447][3] input: msm8994-tomtom-snd-card Headset Jack as /devices/soc.0/fe034000.sound/sound/card0/input4
12-31 17:27:50.456     0     0 I [    6.903894 / 01-01 04:27:50.447][4] FG: fg_batt_profile_init: Battery profiles same, using default
12-31 17:27:50.456     0     0 I [    6.904016 / 01-01 04:27:50.447][4] FG: update_chg_iterm: current = -100, converted_raw = fd71, data = 71 fd
12-31 17:27:50.464     0     0 I [    6.908581 / 01-01 04:27:50.455][1] init: starting service 'tombstoned'...
12-31 17:27:50.473     0     0 I [    6.919685 / 01-01 04:27:50.463][0] init: starting service 'usbd'...
12-31 17:27:50.473     0     0 E         : [    6.920519 / 01-01 04:27:50.467][3] msm8994-asoc-snd fe034000.sound: failed to get qcom,mbhc-micbias-enable-flags
12-31 17:27:50.473     0     0 I         : [    6.920810 / 01-01 04:27:50.467][3] msm8994-asoc-snd fe034000.sound: property qcom,us-euro-gpios not detected in node /soc/sound
--------- switch to main
12-31 17:27:50.460   562   562 E PPDaemon: Unable to initialize DCM
12-31 17:27:50.465   597   597 I mediaserver: ServiceManager: 0xf2d14120
--------- switch to events
12-31 17:27:50.373   364   364 I chatty  : uid=1000(system) hwservicemanage identical 2 lines
12-31 17:27:50.407   364   364 I snet_event_log: [121035042,-1,]
12-31 17:27:50.466   363   363 I snet_event_log: [121035042,-1,]
--------- switch to kernel
12-31 17:27:50.488     0     0 I [    6.934073 / 01-01 04:27:50.479][2] init: starting service 'vendor.livedisplay-hal-2-0-legacymm'...
12-31 17:27:50.499     0     0 I [    6.941180 / 01-01 04:27:50.487][2] init: Command 'class_start late_start' action=nonencrypted (/init.rc:772) took 118ms and succeeded
12-31 17:27:50.499     0     0 I         : [    6.941377 / 01-01 04:27:50.487][4] msm8994-asoc-snd fe034000.sound: msm8994_asoc_machine_probe: done.
12-31 17:27:50.500     0     0 F         : [    6.941474 / 01-01 04:27:50.487][4] drv probe : 6123 msm8994-asoc-snd 769
12-31 17:27:50.500     0     0 I [    6.941676 / 01-01 04:27:50.487][0] init: Created socket '/dev/socket/tombstoned_crash', mode 666, user 1000, group 1000
12-31 17:27:50.500     0     0 I [    6.941889 / 01-01 04:27:50.487][2] init: Service 'exec 11 (/system/bin/gsid run-startup-tasks)' (pid 559) exited with status 0
12-31 17:27:50.500     0     0 I [    6.942442 / 01-01 04:27:50.487][2] init: Service 'irsc_util' (pid 566) exited with status 0
12-31 17:27:50.500     0     0 I [    6.946766 / 01-01 04:27:50.491][2] init: Service 'energy-awareness' (pid 570) exited with status 0
12-31 17:27:50.500     0     0 I [    6.948350 / 01-01 04:27:50.491][3] init: Created socket '/dev/socket/tombstoned_intercept', mode 666, user 1000, group 1000
12-31 17:27:50.503     0     0 I [    6.949706 / 01-01 04:27:50.495][3] init: Created socket '/dev/socket/tombstoned_java_trace', mode 666, user 1000, group 1000
12-31 17:27:50.508     0     0 I [    6.952579 / 01-01 04:27:50.499][1] init: Service 'bpfloader' (pid 575) exited with status 0
--------- switch to main
12-31 17:27:50.492   730   730 D lge_bdaddr_loader: [BTUI] bdaddr_loader ::: START
12-31 17:27:50.492   730   730 D lge_bdaddr_loader: [BTUI] bluetooth_load_bdaddress
--------- switch to system
12-31 17:27:50.498   730   730 I LGFTMITEM: [GET_FTM][id=8], offset=16384
--------- switch to main
12-31 17:27:50.507   730   730 D lge_bdaddr_loader: [BTUI] bdaddr to set in property : 00:34:DA:A5:F8:06
--------- switch to system
12-31 17:27:50.510   697   697 I wificond: wificond is starting up...
--------- switch to kernel
12-31 17:27:50.520     0     0 I [    6.965176 / 01-01 04:27:50.511][1] init: Service 'laserinit' (pid 751) exited with status 0
12-31 17:27:50.532     0     0 I [    6.979176 / 01-01 04:27:50.523][1] init: Service 'bdaddr_loader' (pid 730) exited with status 0
--------- switch to main
12-31 17:27:50.527   730   730 E lge_bdaddr_loader: [BTUI] bluetooth_load_bdaddress : OK => 00:34:DA:A5:F8:06
12-31 17:27:50.528   730   730 D lge_bdaddr_loader: [BTUI] bdaddr_loader ::: END
12-31 17:27:50.553   753   753 D QC-time-services: Daemon:genoff_pre_init::Base = 0
12-31 17:27:50.554   753   753 D QC-time-services: Daemon:ats_rtc_init: Time read from RTC -- year = 115, month = 0,day = 1
12-31 17:27:50.555   753   753 D QC-time-services: Daemon:Value read from RTC seconds = 1420086470000
12-31 17:27:50.555   753   753 D QC-time-services: Daemon:genoff_init_config: ATS_RTC initialized with rc: 0
--------- switch to kernel
12-31 17:27:50.559     0     0 I [    7.005269 / 01-01 04:27:50.551][0] msm_thermal: hotplug_notify tsens_tz_sensor14 reached HI temp threshold: 99
12-31 17:27:50.559     0     0 W         : [    7.006499 / 01-01 04:27:50.551][5] IRQ32 no longer affine to CPU5
12-31 17:27:50.559     0     0 W         : [    7.006600 / 01-01 04:27:50.551][5] IRQ33 no longer affine to CPU5
12-31 17:27:50.559     0     0 W         : [    7.006661 / 01-01 04:27:50.551][5] IRQ34 no longer affine to CPU5
12-31 17:27:50.559     0     0 W         : [    7.006762 / 01-01 04:27:50.551][5] IRQ36 no longer affine to CPU5
12-31 17:27:50.559     0     0 W         : [    7.006819 / 01-01 04:27:50.551][5] IRQ37 no longer affine to CPU5
12-31 17:27:50.559     0     0 W         : [    7.006917 / 01-01 04:27:50.551][5] IRQ38 no longer affine to CPU5
12-31 17:27:50.559     0     0 W         : [    7.006973 / 01-01 04:27:50.551][5] IRQ39 no longer affine to CPU5
12-31 17:27:50.559     0     0 W         : [    7.007071 / 01-01 04:27:50.551][5] IRQ41 no longer affine to CPU5
12-31 17:27:50.559     0     0 W         : [    7.007128 / 01-01 04:27:50.551][5] IRQ42 no longer affine to CPU5
12-31 17:27:50.559     0     0 W         : [    7.007226 / 01-01 04:27:50.551][5] IRQ43 no longer affine to CPU5
12-31 17:27:50.559     0     0 I [    7.008317 / 01-01 04:27:50.551][0] CPU5: shutdown
12-31 17:27:50.564     0     0 I [    7.009119 / 01-01 04:27:50.555][0] msm_thermal: update_offline_cores Set Offline: CPU5 Temp: 98
--------- switch to events
12-31 17:27:50.531   363   363 I chatty  : uid=1000(system) /system/bin/servicemanager identical 1 line
12-31 17:27:50.560   363   363 I snet_event_log: [121035042,-1,]
12-31 17:27:50.568   364   364 I snet_event_log: [121035042,-1,]
--------- switch to main
12-31 17:27:50.577   492   768 E Sensors : sns_debug_set_dbg_str_mask: Setting log level to 5
12-31 17:27:50.580   753   753 D QC-time-services: Daemon:genoff_pre_init::Base = 1
12-31 17:27:50.580   753   753 D QC-time-services: Daemon: Storage Name: ats_1 
12-31 17:27:50.585   753   753 D QC-time-services: Daemon:Opening File: /data/time/ats_1
12-31 17:27:50.586   753   753 D QC-time-services: Daemon:time_persistent_memory_opr:Genoff Read operation 
--------- switch to kernel
12-31 17:27:50.604     0     0 I [    7.038072 / 01-01 04:27:50.583][0] msm_thermal: hotplug_notify tsens_tz_sensor14 reached LOW temp threshold: 79
12-31 17:27:50.631     0     0 I [    7.038541 / 01-01 04:27:50.583][5] CPU5: Booted secondary processor
12-31 17:27:50.631     0     0 I [    7.039069 / 01-01 04:27:50.583][0] msm_thermal: update_offline_cores Allow Online CPU5 Temp: 80
12-31 17:27:50.631     0     0 E [    7.044252 / 01-01 04:27:50.587][1] hdmi_tx_sysfs_wta_hpd:  
12-31 17:27:50.631     0     0 E [    7.044331 / 01-01 04:27:50.587][1] hdmi_tx_sysfs_wta_hpd: HPD is already off
12-31 17:27:50.631     0     0 E [    7.044563 / 01-01 04:27:50.591][1] hdmi_tx_sysfs_wta_vendor_name: 'LGE'
12-31 17:27:50.631     0     0 E [    7.044715 / 01-01 04:27:50.591][1] hdmi_tx_sysfs_wta_product_description: 'p1_global_com'
12-31 17:27:50.631     0     0 I [    7.044968 / 01-01 04:27:50.591][1] mdss_fb_blank_sub: + mdss_fb_blank+0x130/0x144 fb0 mode:0
12-31 17:27:50.631     0     0 I [    7.044975 / 01-01 04:27:50.591][1] mdss_fb_blank_sub: -
12-31 17:27:50.631     0     0 E         : [    7.044978 / 01-01 04:27:50.591][1] [Touch] fb_notifier_callback : event = 0
12-31 17:27:50.631     0     0 E         : [    7.044980 / 01-01 04:27:50.591][1] [Touch] touch_resume : touch_resume start
12-31 17:27:50.631     0     0 E         : [    7.044982 / 01-01 04:27:50.591][1] [Touch] touch_resume : Normal mode
12-31 17:27:50.631     0     0 E         : [    7.044987 / 01-01 04:27:50.591][1] [Touch E] [print_swipe_fail_reason 501] print_swipe_fail_reason, 501 : swipe fail reason
12-31 17:27:50.631     0     0 E         : [    7.045820 / 01-01 04:27:50.591][1] [Touch] last swipe_down fail reason:0(SUCCESS)
12-31 17:27:50.631     0     0 E         : [    7.045834 / 01-01 04:27:50.591][1] [Touch] synaptics_ts_power : power_state[0]
12-31 17:27:50.631     0     0 E         : [    7.045842 / 01-01 04:27:50.591][1] [Touch] synaptics_ts_power : power_state[1]
12-31 17:27:50.631     0     0 E         : [    7.045847 / 01-01 04:27:50.591][1] [Touch] touch_resume : touch_resume done
12-31 17:27:50.631     0     0 D [    7.045975 / 01-01 04:27:50.591][0] logd: logdr: UID=0 GID=0 PID=769 n tail=0 logMask=ff pid=0 start=0ns timeout=0ns
12-31 17:27:50.631     0     0 E [    7.053709 / 01-01 04:27:50.599][1] hdmi_tx_sysfs_rda_s3d_mode: '0'
12-31 17:27:50.631     0     0 E         : [    7.056066 / 01-01 04:27:50.599][0] [Touch E] [synaptics_ts_get_data 6765] synaptics_ts_get_data, 6765 : ts->is_init == 0, IGNORE_EVENT!!, s:
12-31 17:27:50.631     0     0 I [    7.060326 / 01-01 04:27:50.603][0] init: Service 'usbd' (pid 763) exited with status 0
12-31 17:27:50.631     0     0 E         : [    7.063800 / 01-01 04:27:50.607][0] [Touch E] [synaptics_ts_get_data 6765] synaptics_ts_get_data, 6765 : ts->is_init == 0, IGNORE_EVENT!!, s:
12-31 17:27:50.631     0     0 I [    7.079489 / 01-01 04:27:50.623][3] init: processing action (sys.ims.QMI_DAEMON_STATUS=1) from (/vendor/etc/init/hw/init.qcom.rc:669)
--------- switch to events
12-31 17:27:50.619   753   753 I auditd  : type=1400 audit(0.0:9): avc: denied { read } for comm="time_daemon" name="ats_1" dev="mmcblk0p50" ino=883013 scontext=u:r:time_daemon:s0 tcontext=u:object_r:system_data_file:s0 tclass=file permissive=1
--------- switch to main
12-31 17:27:50.619   753   753 I time_daemon: type=1400 audit(0.0:9): avc: denied { read } for name="ats_1" dev="mmcblk0p50" ino=883013 scontext=u:r:time_daemon:s0 tcontext=u:object_r:system_data_file:s0 tclass=file permissive=1
--------- switch to events
12-31 17:27:50.619   753   753 I auditd  : type=1400 audit(0.0:10): avc: denied { open } for comm="time_daemon" path="/data/time/ats_1" dev="mmcblk0p50" ino=883013 scontext=u:r:time_daemon:s0 tcontext=u:object_r:system_data_file:s0 tclass=file permissive=1
--------- switch to main
12-31 17:27:50.619   753   753 I time_daemon: type=1400 audit(0.0:10): avc: denied { open } for path="/data/time/ats_1" dev="mmcblk0p50" ino=883013 scontext=u:r:time_daemon:s0 tcontext=u:object_r:system_data_file:s0 tclass=file permissive=1
--------- switch to events
12-31 17:27:50.586   363   363 I snet_event_log: [121035042,-1,]
--------- switch to main
12-31 17:27:50.586   763   763 I usbd    : Usb HAL not found
--------- switch to events
12-31 17:27:50.587   363   363 I chatty  : uid=1000(system) /system/bin/servicemanager identical 1 line
12-31 17:27:50.588   363   363 I snet_event_log: [121035042,-1,]
12-31 17:27:50.588   364   364 I snet_event_log: [121035042,-1,]
12-31 17:27:50.588   363   363 I snet_event_log: [121035042,-1,]
--------- switch to main
12-31 17:27:50.590   692   692 I ServiceManagement: Registered android.frameworks.stats@1.0::IStats/default (start delay of 350ms)
12-31 17:27:50.590   521   521 I qdutils : PartialUpdate status: Disabled
12-31 17:27:50.590   692   692 W statsd  : statscompanion service unavailable!
12-31 17:27:50.591   521   521 I qdutils : Left Align: 0
12-31 17:27:50.591   521   521 I qdutils : Width Align: 0
12-31 17:27:50.591   521   521 I qdutils : Top Align: 0
12-31 17:27:50.592   521   521 I qdutils : Height Align: 0
12-31 17:27:50.592   521   521 I qdutils : Min ROI Width: 0
12-31 17:27:50.592   521   521 I qdutils : Min ROI Height: 0
12-31 17:27:50.593   521   521 I qdutils : Needs ROI Merge: 0
12-31 17:27:50.593   521   521 I qdutils : Dynamic Fps: Disabled
12-31 17:27:50.594   521   521 I qdutils : Min Panel fps: 0
12-31 17:27:50.594   521   521 I qdutils : Max Panel fps: 0
12-31 17:27:50.595   521   521 D qdutils : getHDMINode: HDMI is at fb1
12-31 17:27:50.596   692   692 I statsd  : Statsd starts to listen to socket.
12-31 17:27:50.599   761   761 I /system/bin/tombstoned: tombstoned successfully initialized
12-31 17:27:50.605   521   521 I qdhwcomposer: Successfully Loaded perf hint API's
12-31 17:27:50.606   521   521 I qdhwcomposer: PerfHintWindow = 50
12-31 17:27:50.607   521   521 I qdhwcomposer: Initializing Qualcomm Hardware Composer
12-31 17:27:50.607   521   521 I qdhwcomposer: MDP version: 500
12-31 17:27:50.607   521   521 I HWC2On1Adapter: Found support for HWC virtual displays
12-31 17:27:50.608   521   521 D qdhwcomposer: hwc_getDisplayAttributes disp = 0, width = 1440
12-31 17:27:50.608   521   521 D qdhwcomposer: hwc_getDisplayAttributes disp = 0, height = 2560
12-31 17:27:50.608   521   521 E HWC2On1Adapter: Setting active config to 0 for HWC1 config 0
12-31 17:27:50.609   521   521 I qdhwcomposer: hwc_registerProcs
12-31 17:27:50.609   521   521 I qdhwcomposer: Initializing UEVENT Thread
12-31 17:27:50.610   521   521 I qdhwcomposer: Initializing VSYNC Thread
--------- switch to events
12-31 17:27:50.611   364   364 I snet_event_log: [121035042,-1,]
--------- switch to main
12-31 17:27:50.612   521   797 I qdhwcomposer: vsync_loop: Reading event 0 for dpy 0 from /sys/class/graphics/fb0/vsync_event
12-31 17:27:50.613   521   797 I qdhwcomposer: vsync_loop: Reading event 1 for dpy 0 from /sys/class/graphics/fb0/show_blank_event
12-31 17:27:50.613   521   797 I qdhwcomposer: vsync_loop: Reading event 2 for dpy 0 from /sys/class/graphics/fb0/msm_fb_thermal_level
12-31 17:27:50.613   521   797 I qdhwcomposer: vsync_loop: Reading event 0 for dpy 1 from /sys/class/graphics/fb1/vsync_event
12-31 17:27:50.614   521   797 I qdhwcomposer: vsync_loop: Reading event 1 for dpy 1 from /sys/class/graphics/fb1/show_blank_event
12-31 17:27:50.614   521   797 I qdhwcomposer: vsync_loop: Reading event 2 for dpy 1 from /sys/class/graphics/fb1/msm_fb_thermal_level
12-31 17:27:50.615   521   797 I qdhwcomposer: vsync_loop: Reading event 0 for dpy 2 from /sys/class/graphics/fb1/vsync_event
12-31 17:27:50.615   521   797 I qdhwcomposer: vsync_loop: Reading event 1 for dpy 2 from /sys/class/graphics/fb1/show_blank_event
12-31 17:27:50.615   521   797 I qdhwcomposer: vsync_loop: Reading event 2 for dpy 2 from /sys/class/graphics/fb1/msm_fb_thermal_level
12-31 17:27:50.616   521   797 I qdhwcomposer: vsync_loop: Reading event 0 for dpy 3 from /sys/class/graphics/fb1/vsync_event
12-31 17:27:50.616   521   797 I qdhwcomposer: vsync_loop: Reading event 1 for dpy 3 from /sys/class/graphics/fb1/show_blank_event
12-31 17:27:50.617   521   797 I qdhwcomposer: vsync_loop: Reading event 2 for dpy 3 from /sys/class/graphics/fb1/msm_fb_thermal_level
12-31 17:27:50.617   521   797 I qdhwcomposer: vsync_loop: Reading event 0 for dpy 4 from /sys/class/graphics/fb1/vsync_event
12-31 17:27:50.617   521   797 I qdhwcomposer: vsync_loop: Reading event 1 for dpy 4 from /sys/class/graphics/fb1/show_blank_event
12-31 17:27:50.618   521   797 I qdhwcomposer: vsync_loop: Reading event 2 for dpy 4 from /sys/class/graphics/fb1/msm_fb_thermal_level
12-31 17:27:50.618   521   797 I qdhwcomposer: vsync_loop: Reading event 0 for dpy 5 from /sys/class/graphics/fb1/vsync_event
12-31 17:27:50.619   521   797 I qdhwcomposer: vsync_loop: Reading event 1 for dpy 5 from /sys/class/graphics/fb1/show_blank_event
12-31 17:27:50.619   521   797 I qdhwcomposer: vsync_loop: Reading event 2 for dpy 5 from /sys/class/graphics/fb1/msm_fb_thermal_level
12-31 17:27:50.619   521   797 I qdhwcomposer: vsync_loop: Reading event 0 for dpy 6 from /sys/class/graphics/fb1/vsync_event
12-31 17:27:50.620   521   797 I qdhwcomposer: vsync_loop: Reading event 1 for dpy 6 from /sys/class/graphics/fb1/show_blank_event
12-31 17:27:50.620   521   797 I qdhwcomposer: vsync_loop: Reading event 2 for dpy 6 from /sys/class/graphics/fb1/msm_fb_thermal_level
12-31 17:27:50.621   521   797 I qdhwcomposer: vsync_loop: Reading event 0 for dpy 7 from /sys/class/graphics/fb1/vsync_event
12-31 17:27:50.621   521   797 I qdhwcomposer: vsync_loop: Reading event 1 for dpy 7 from /sys/class/graphics/fb1/show_blank_event
12-31 17:27:50.621   521   797 I qdhwcomposer: vsync_loop: Reading event 2 for dpy 7 from /sys/class/graphics/fb1/msm_fb_thermal_level
12-31 17:27:50.622   521   521 D ComposerHal: failed to get mapper 3.0 service, falling back to mapper 2.0
12-31 17:27:50.629   753   753 D QC-time-services: Daemon:genoff_pre_init::Base = 2
12-31 17:27:50.630   521   521 I HWComposer: Switching to legacy multi-display mode
12-31 17:27:50.632   521   800 W SurfaceFlinger: Ignoring VSYNC request while display is disconnected
12-31 17:27:50.629   753   753 D QC-time-services: Daemon: Storage Name: ats_2 
12-31 17:27:50.633   521   800 W SurfaceFlinger: Ignoring VSYNC request while display is disconnected
12-31 17:27:50.633   521   801 W SurfaceFlinger: Ignoring VSYNC request while display is disconnected
12-31 17:27:50.634   521   801 W SurfaceFlinger: Ignoring VSYNC request while display is disconnected
12-31 17:27:50.636   753   753 D QC-time-services: Daemon:Opening File: /data/time/ats_2
12-31 17:27:50.636   753   753 D QC-time-services: Daemon:time_persistent_memory_opr:Genoff Read operation 
12-31 17:27:50.647   753   753 D QC-time-services: Daemon:genoff_pre_init::Base = 3
12-31 17:27:50.648   753   753 D QC-time-services: Daemon: Storage Name: ats_3 
12-31 17:27:50.648   753   753 D QC-time-services: Daemon:Opening File: /data/time/ats_3
12-31 17:27:50.649   753   753 D QC-time-services: Daemon:time_persistent_memory_opr:Genoff Read operation 
12-31 17:27:50.649   753   753 D QC-time-services: Daemon:Unable to open filefor read
12-31 17:27:50.649   753   753 D QC-time-services: Daemon:genoff_post_init:Error in accessing storage
12-31 17:27:50.650   753   753 D QC-time-services: Daemon:genoff_pre_init::Base = 4
12-31 17:27:50.650   753   753 D QC-time-services: Daemon: Storage Name: ats_4 
12-31 17:27:50.650   753   753 D QC-time-services: Daemon:Opening File: /data/time/ats_4
12-31 17:27:50.651   753   753 D QC-time-services: Daemon:time_persistent_memory_opr:Genoff Read operation 
12-31 17:27:50.651   753   753 D QC-time-services: Daemon:Unable to open filefor read
12-31 17:27:50.655   753   753 D QC-time-services: Daemon:genoff_post_init:Error in accessing storage
12-31 17:27:50.655   753   753 D QC-time-services: Daemon:genoff_pre_init::Base = 5
12-31 17:27:50.656   753   753 D QC-time-services: Daemon: Storage Name: ats_5 
--------- switch to events
12-31 17:27:50.623   364   364 I chatty  : uid=1000(system) hwservicemanage identical 2 lines
12-31 17:27:50.629   364   364 I snet_event_log: [121035042,-1,]
12-31 17:27:50.656   363   363 I snet_event_log: [121035042,-1,]
--------- switch to main
12-31 17:27:50.664   764   764 I vendor.lineage.livedisplay@2.0-service-legacymm: LiveDisplay HAL service is starting.
12-31 17:27:50.670   753   753 D QC-time-services: Daemon:Opening File: /data/time/ats_5
12-31 17:27:50.671   753   753 D QC-time-services: Daemon:time_persistent_memory_opr:Genoff Read operation 
12-31 17:27:50.671   753   753 D QC-time-services: Daemon:Unable to open filefor read
12-31 17:27:50.672   753   753 D QC-time-services: Daemon:genoff_post_init:Error in accessing storage
12-31 17:27:50.672   753   753 D QC-time-services: Daemon:genoff_pre_init::Base = 6
12-31 17:27:50.672   753   753 D QC-time-services: Daemon: Storage Name: ats_6 
12-31 17:27:50.673   753   753 D QC-time-services: Daemon:Opening File: /data/time/ats_6
12-31 17:27:50.673   753   753 D QC-time-services: Daemon:time_persistent_memory_opr:Genoff Read operation 
12-31 17:27:50.673   753   753 D QC-time-services: Daemon:Unable to open filefor read
12-31 17:27:50.679   764   764 D DISP_API: disp_api_get_num_display_modes.
12-31 17:27:50.700   753   753 D QC-time-services: Daemon:genoff_post_init:Error in accessing storage
12-31 17:27:50.701   753   753 D QC-time-services: Daemon:genoff_pre_init::Base = 7
12-31 17:27:50.704   753   753 D QC-time-services: Daemon: Storage Name: ats_7 
12-31 17:27:50.704   753   753 D QC-time-services: Daemon:Opening File: /data/time/ats_7
12-31 17:27:50.707   562   808 E modemanager: readXMLOp:Couldn't open OEM XML file!
12-31 17:27:50.720   562   808 D PPDaemon: int DaemonContext::LoadQdcmLibrary(): QDCM library loaded successfully mQdcmLib = 0xe9a7f0190ac4cf77,             factory = 0x7dd87c8474, mQdcmMode = 0x7dd8200000
12-31 17:27:50.721   562   808 E modemanager: readXMLOp:Couldn't open OEM XML file!
12-31 17:27:50.721   562   808 E modemanager: retrieveNumModes: Failed to read XML file!
12-31 17:27:50.728   562   808 E modemanager: getModeCount: get Num Mode failed
12-31 17:27:50.733   450   450 W zygote64: JNI RegisterNativeMethods: attempt to register 0 native methods for android.media.AudioAttributes
12-31 17:27:50.738   764   764 D DISP_API: disp_api_get_pa_range.
12-31 17:27:50.738   753   753 D QC-time-services: Daemon:time_persistent_memory_opr:Genoff Read operation 
12-31 17:27:50.739   753   753 D QC-time-services: Daemon:Unable to open filefor read
12-31 17:27:50.739   756   756 I gatekeeperd: Starting gatekeeperd...
12-31 17:27:50.739   562   808 E PPDaemon: Failed to process the command!
12-31 17:27:50.741   451   451 W zygote  : JNI RegisterNativeMethods: attempt to register 0 native methods for android.media.AudioAttributes
12-31 17:27:50.747   753   753 D QC-time-services: Daemon:genoff_post_init:Error in accessing storage
--------- switch to events
12-31 17:27:50.749   450   450 I sysui_multi_action: [757,804,799,boot_zygote_init,801,7142,802,1]
--------- switch to main
12-31 17:27:50.750   753   753 D QC-time-services: Daemon:genoff_pre_init::Base = 8
12-31 17:27:50.751   753   753 D QC-time-services: Daemon: Storage Name: ats_8 
12-31 17:27:50.751   753   753 D QC-time-services: Daemon:Opening File: /data/time/ats_8
12-31 17:27:50.751   753   753 D QC-time-services: Daemon:time_persistent_memory_opr:Genoff Read operation 
12-31 17:27:50.764   753   753 D QC-time-services: Daemon:Unable to open filefor read
12-31 17:27:50.765   753   753 D QC-time-services: Daemon:genoff_post_init:Error in accessing storage
12-31 17:27:50.765   753   753 D QC-time-services: Daemon:genoff_pre_init::Base = 9
12-31 17:27:50.765   753   753 D QC-time-services: Daemon: Storage Name: ats_9 
12-31 17:27:50.767   753   753 D QC-time-services: Daemon:Opening File: /data/time/ats_9
--------- switch to kernel
12-31 17:27:50.656     0     0 I [    7.101691 / 01-01 04:27:50.647][2] init: starting service 'imsdatadaemon'...
12-31 17:27:50.774     0     0 I [    7.113905 / 01-01 04:27:50.659][2] init: Created socket '/dev/socket/ims_datad', mode 660, user 1000, group 1001
12-31 17:27:50.774     0     0 E         : [    7.124709 / 01-01 04:27:50.671][4] [Touch] touch_ic_init : value = 0, panel_id = 0
12-31 17:27:50.774     0     0 E         : [    7.124821 / 01-01 04:27:50.671][4] [Touch] [synaptics_ts_init] DEVICE_CONTROL_NORMAL_OP
12-31 17:27:50.774     0     0 W [    7.124998 / 01-01 04:27:50.671][4] LED: GREEN, COLOR : 0
12-31 17:27:50.774     0     0 W [    7.125253 / 01-01 04:27:50.671][4] LED: BLUE, COLOR : 0
12-31 17:27:50.774     0     0 W [    7.125389 / 01-01 04:27:50.671][4] LED: RED, COLOR : 0
12-31 17:27:50.774     0     0 I         : [    7.130706 / 01-01 04:27:50.675][1] [Touch] set_rebase_param : Set for Normal
12-31 17:27:50.774     0     0 E         : [    7.132609 / 01-01 04:27:50.679][1] [Touch] palm_ctrl_mode:0
12-31 17:27:50.774     0     0 I         : [    7.132881 / 01-01 04:27:50.679][1] [Touch] Sensor Status: 1
12-31 17:27:50.774     0     0 I         : [    7.132999 / 01-01 04:27:50.679][1] [Touch] lpwg_is_enabled: 0
12-31 17:27:50.774     0     0 E [    7.133070 / 01-01 04:27:50.679][1] lcd_notifier_callback: TOUCH_EVENT_PROXY_STATUS received : PROXY_NEAR
12-31 17:27:50.774     0     0 I         : [    7.133189 / 01-01 04:27:50.679][1] [Touch] [lpwg_update_all] LPWG Disable !
12-31 17:27:50.775     0     0 E         : [    7.133309 / 01-01 04:27:50.679][1] [Touch] synaptics_toggle_swipe: [S/Q/P/L] = [1/0/1/0]
12-31 17:27:50.775     0     0 E         : [    7.133386 / 01-01 04:27:50.679][1] [Touch] swipe_down_disable: (swipe_mode:0x01)
12-31 17:27:50.775     0     0 E         : [    7.134192 / 01-01 04:27:50.679][1] [Touch] swipe_up_disable: (swipe_mode:0x01)
12-31 17:27:50.775     0     0 E         : [    7.137824 / 01-01 04:27:50.683][1] [Touch] lpwg_control : lpwg_mode[0]
12-31 17:27:50.775     0     0 E         : [    7.137907 / 01-01 04:27:50.683][1] [Touch] Start [matchUp_f51_regMap]
12-31 17:27:50.775     0     0 E         : [    7.138022 / 01-01 04:27:50.683][1] [Touch] [matchUp_f51_regMap] This is P1
12-31 17:27:50.775     0     0 E         : [    7.138087 / 01-01 04:27:50.683][1] [Touch] [matchUp_f51_regMap] Complete to match-up regmap.
12-31 17:27:50.775     0     0 E         : [    7.138203 / 01-01 04:27:50.683][1] [Touch] [matchUp_f54_regMap] This is P1
12-31 17:27:50.775     0     0 E         : [    7.138317 / 01-01 04:27:50.683][1] [Touch] [matchUp_f54_regMap] Complete to match-up regmap.
12-31 17:27:50.775     0     0 E         : [    7.138648 / 01-01 04:27:50.683][1] [Touch] current_thermal_mode = LOW
12-31 17:27:50.775     0     0 I [    7.150245 / 01-01 04:27:50.695][3] init: Received control message 'start' for 'qmuxd' from pid: 698 (unknown process)
12-31 17:27:50.775     0     0 I [    7.150687 / 01-01 04:27:50.695][0] msm_thermal: hotplug_notify tsens_tz_sensor13 reached HI temp threshold: 98
12-31 17:27:50.775     0     0 I [    7.150855 / 01-01 04:27:50.695][0] msm_thermal: hotplug_notify tsens_tz_sensor14 reached HI temp threshold: 99
12-31 17:27:50.775     0     0 I [    7.152032 / 01-01 04:27:50.695][0] CPU4: shutdown
12-31 17:27:50.775     0     0 I [    7.152867 / 01-01 04:27:50.699][0] msm_thermal: update_offline_cores Set Offline: CPU4 Temp: 98
12-31 17:27:50.775     0     0 I [    7.154011 / 01-01 04:27:50.699][1] CPU5: shutdown
12-31 17:27:50.775     0     0 I [    7.154774 / 01-01 04:27:50.699][1] msm_thermal: update_offline_cores Set Offline: CPU5 Temp: 98
12-31 17:27:50.775     0     0 I [    7.168853 / 01-01 04:27:50.715][0] msm_thermal: hotplug_notify tsens_tz_sensor13 reached LOW temp threshold: 79
12-31 17:27:50.775     0     0 I [    7.169916 / 01-01 04:27:50.715][4] CPU4: Booted secondary processor
12-31 17:27:50.775     0     0 I [    7.171082 / 01-01 04:27:50.715][0] msm_thermal: update_offline_cores Allow Online CPU4 Temp: 80
12-31 17:27:50.775     0     0 I [    7.172605 / 01-01 04:27:50.719][0] msm_thermal: hotplug_notify tsens_tz_sensor14 reached LOW temp threshold: 79
12-31 17:27:50.775     0     0 I [    7.173042 / 01-01 04:27:50.719][5] CPU5: Booted secondary processor
12-31 17:27:50.775     0     0 I [    7.173546 / 01-01 04:27:50.719][1] msm_thermal: update_offline_cores Allow Online CPU5 Temp: 80
12-31 17:27:50.775     0     0 I [    7.215386 / 01-01 04:27:50.759][1] init: Received control message 'start' for 'ril-daemon' from pid: 773 (start ril-daemon)
12-31 17:27:50.833     0     0 I [    7.233490 / 01-01 04:27:50.779][1] init: Received control message 'start' for 'qti' from pid: 810 ()
12-31 17:27:50.840     0     0 I [    7.234408 / 01-01 04:27:50.779][1] init: starting service 'qti'...
12-31 17:27:50.840     0     0 I [    7.272745 / 01-01 04:27:50.819][1] init: Received control message 'start' for 'netmgrd' from pid: 813 (start netmgrd)
12-31 17:27:50.840     0     0 I [    7.282224 / 01-01 04:27:50.827][4] init: Service 'qcom-c_main-sh' (pid 567) exited with status 0
--------- switch to main
12-31 17:27:50.791   753   753 D QC-time-services: Daemon:time_persistent_memory_opr:Genoff Read operation 
12-31 17:27:50.794   562   808 D PPDaemon: static ScreenRefresher *ScreenRefresher::getInstance(): Successfully loaded libqdutils.so
12-31 17:27:50.794   764   764 D DISP_API: disp_api_get_num_display_modes.
12-31 17:27:50.796   562   808 I PPDaemon: int ScreenRefresher::Refresh(uint32_t, uint32_t)(): Skipping refresh request! refCount 1, state 0
12-31 17:27:50.796   562   808 D PPDaemon: int ScreenRefresher::Control(bool): Stopping the refresh thread!
12-31 17:27:50.797   562   808 D PPDaemon: static void ScreenRefresher::deleteInstance(): Closed the handle to libqdutils
12-31 17:27:50.798   753   753 D QC-time-services: Daemon:Unable to open filefor read
12-31 17:27:50.799   562   808 E modemanager: readXMLOp:Couldn't open OEM XML file!
12-31 17:27:50.799   562   808 E modemanager: retrieveNumModes: Failed to read XML file!
--------- switch to events
12-31 17:27:50.799   451   451 I sysui_multi_action: [757,804,799,boot_zygote_init,801,7195,802,1]
--------- switch to main
12-31 17:27:50.801   562   808 E modemanager: getModeCount: get Num Mode failed
12-31 17:27:50.803   562   808 E PPDaemon: Failed to process the command!
12-31 17:27:50.803   764   764 D DISP_API: disp_api_get_pa_range.
--------- switch to events
12-31 17:27:50.804   364   364 I snet_event_log: [121035042,-1,]
12-31 17:27:50.805   450   450 I boot_progress_preload_start: 7205
--------- switch to main
12-31 17:27:50.806   450   450 D Zygote  : begin preload
12-31 17:27:50.807   753   753 D QC-time-services: Daemon:genoff_post_init:Error in accessing storage
12-31 17:27:50.807   753   753 D QC-time-services: Daemon:genoff_pre_init::Base = 10
12-31 17:27:50.808   753   753 D QC-time-services: Daemon: Storage Name: ats_10 
12-31 17:27:50.808   753   753 D QC-time-services: Daemon:Opening File: /data/time/ats_10
12-31 17:27:50.808   753   753 D QC-time-services: Daemon:time_persistent_memory_opr:Genoff Read operation 
12-31 17:27:50.809   753   753 D QC-time-services: Daemon:Unable to open filefor read
12-31 17:27:50.809   753   753 D QC-time-services: Daemon:genoff_post_init:Error in accessing storage
12-31 17:27:50.809   753   753 D QC-time-services: Daemon:genoff_pre_init::Base = 11
12-31 17:27:50.810   753   753 D QC-time-services: Daemon: Storage Name: ats_11 
12-31 17:27:50.810   753   753 D QC-time-services: Daemon:Opening File: /data/time/ats_11
12-31 17:27:50.811   753   753 D QC-time-services: Daemon:time_persistent_memory_opr:Genoff Read operation 
12-31 17:27:50.811   450   450 I Zygote  : Calling ZygoteHooks.beginPreload()
12-31 17:27:50.814   753   753 D QC-time-services: Daemon:Unable to open filefor read
12-31 17:27:50.815   753   753 D QC-time-services: Daemon:genoff_post_init:Error in accessing storage
12-31 17:27:50.815   753   753 D QC-time-services: Daemon:genoff_pre_init::Base = 12
12-31 17:27:50.816   753   753 D QC-time-services: Daemon: Storage Name: ats_12 
12-31 17:27:50.816   753   753 D QC-time-services: Daemon:Opening File: /data/time/ats_12
12-31 17:27:50.819   753   753 D QC-time-services: Daemon:time_persistent_memory_opr:Genoff Read operation 
12-31 17:27:50.821   451   451 I zygote  : Explicit concurrent copying GC freed 303(39KB) AllocSpace objects, 0(0B) LOS objects, 99% free, 24KB/6168KB, paused 64us total 11.239ms
12-31 17:27:50.822   753   753 D QC-time-services: Daemon:genoff_pre_init::Base = 13
12-31 17:27:50.822   753   753 D QC-time-services: Daemon: Storage Name: ats_13 
12-31 17:27:50.823   753   753 D QC-time-services: Daemon:Opening File: /data/time/ats_13
12-31 17:27:50.823   753   753 D QC-time-services: Daemon:time_persistent_memory_opr:Genoff Read operation 
12-31 17:27:50.828   756   756 D gatekeeper_device: HwKmOpen called
12-31 17:27:50.829   753   753 D QC-time-services: Daemon:genoff_pre_init::Base = 14
12-31 17:27:50.829   753   753 D QC-time-services: Daemon: Storage Name: ats_14 
12-31 17:27:50.829   753   753 D QC-time-services: Daemon:Opening File: /data/time/ats_14
12-31 17:27:50.829   451   451 I zygote  : Explicit concurrent copying GC freed 5(32KB) AllocSpace objects, 0(0B) LOS objects, 99% free, 24KB/6168KB, paused 40us total 7.963ms
12-31 17:27:50.830   753   753 D QC-time-services: Daemon:time_persistent_memory_opr:Genoff Read operation 
--------- switch to system
12-31 17:27:50.830   451   451 D Zygote32Timing: PostZygoteInitGC took to complete: 22ms
--------- switch to main
12-31 17:27:50.830   753   753 D QC-time-services: Daemon:Unable to open filefor read
--------- switch to system
12-31 17:27:50.831   451   451 D Zygote32Timing: ZygoteInit took to complete: 22ms
--------- switch to main
12-31 17:27:50.836   753   753 D QC-time-services: Daemon:genoff_post_init:Error in accessing storage
12-31 17:27:50.836   753   753 D QC-time-services: Daemon:genoff_init_config: Other bases initilized, exiting genoff_init
12-31 17:27:50.837   753   753 D QC-time-services: Daemon:rtc_get: Time read from RTC -- MM/DD/YY HH:MM:SS0/1/115 4:27:50
12-31 17:27:50.837   753   753 D QC-time-services: Daemon:genoff_opr: Base = 1, val = 0, operation = 1
12-31 17:27:50.837   753   753 D QC-time-services: Daemon: genoff get for 1
12-31 17:27:50.839   756   756 E gatekeeper_device: Gatekeeper (Keymaster TA) loaded/ queried from Qseecomd
12-31 17:27:50.839   756   756 D QSEECOMAPI: : QSEECom_get_handle sb_length = 0xa000
12-31 17:27:50.843   451   451 I Zygote  : Accepting command socket connections
12-31 17:27:50.844   562   808 D PPDaemon: static ScreenRefresher *ScreenRefresher::getInstance(): Successfully loaded libqdutils.so
--------- switch to events
12-31 17:27:50.844   364   364 I snet_event_log: [121035042,-1,]
--------- switch to system
12-31 17:27:50.847   450   450 D Zygote64Timing: BeginPreload took to complete: 42ms
--------- switch to main
12-31 17:27:50.849   756   756 D QSEECOMAPI: : App is already loaded QSEE and app id = 3
12-31 17:27:50.851   450   450 I Zygote  : Preloading classes...
12-31 17:27:50.852   764   764 I ServiceManagement: Registered vendor.lineage.livedisplay@2.0::IPictureAdjustment/default (start delay of 372ms)
12-31 17:27:50.852   562   808 I PPDaemon: int ScreenRefresher::Refresh(uint32_t, uint32_t)(): Skipping refresh request! refCount 1, state 0
12-31 17:27:50.853   764   764 I ServiceManagement: Removing namespace from process name vendor.lineage.livedisplay@2.0-service-legacymm to livedisplay@2.0-service-legacymm.
12-31 17:27:50.853   562   808 D PPDaemon: int ScreenRefresher::Control(bool): Stopping the refresh thread!
12-31 17:27:50.854   450   450 W Zygote  : Class not found for preloading: android.app.-$$Lambda$ActivityThread$ZXDWm3IBeFmLnFVblhB-IOZCr9o
12-31 17:27:50.854   562   808 D PPDaemon: static void ScreenRefresher::deleteInstance(): Closed the handle to libqdutils
12-31 17:27:50.854   764   764 I vendor.lineage.livedisplay@2.0-service-legacymm: LiveDisplay HAL service is ready.
--------- switch to events
12-31 17:27:50.859   364   364 I chatty  : uid=1000(system) hwservicemanage identical 2 lines
12-31 17:27:50.860   364   364 I snet_event_log: [121035042,-1,]
12-31 17:27:50.861   363   363 I snet_event_log: [121035042,-1,]
12-31 17:27:50.876   364   364 I snet_event_log: [121035042,-1,]
--------- switch to main
12-31 17:27:50.889   753   753 D QC-time-services: Daemon:rtc_get: Time read from RTC -- MM/DD/YY HH:MM:SS0/1/115 4:27:50
12-31 17:27:50.890   753   753 D QC-time-services: Daemon:Value read from RTC seconds = 1420086470000
12-31 17:27:50.891   753   753 D QC-time-services: Daemon:Value read from generic offset = 176048659220
12-31 17:27:50.892   753   753 D QC-time-services: Daemon:Final Time = 1596135129220
12-31 17:27:50.892   753   753 E QC-time-services: Daemon:genoff_boot_tod_init: Unable to open alarm device
12-31 17:27:50.893   753   753 E QC-time-services: Daemon:genoff_boot_tod_init: Updating system time to sec=1596135129, usec=220000
07-30 07:52:09.223   804   804 E Diag_Lib: qpLogDiagInit <== result : 1
07-30 07:52:09.223   804   804 E Diag_Lib: DATAD : gIsQXDMDisabled 0, gIsADBDisabled 1, gIsDebugDisabled 0, gIsIMSLogsDisabled 0
07-30 07:52:09.224   804   804 E Diag_Lib: [IMS_DataD] imsdatad.c | 5236 | | 804 |DATAD#$$#0#DATAD STARTED
07-30 07:52:09.224   590   590 I android.hardware.keymaster@3.0-impl: Fetching keymaster device name default
07-30 07:52:09.230   753   817 D QC-time-services: Daemon:genoff_modem_qmi_service_request: Initiallizing QMI 
07-30 07:52:09.235   753   817 E Diag_Lib:  Diag_LSM_Init: Failed to open handle to diag driver, error = 13
07-30 07:52:09.236   753   819 D QC-time-services: Daemon: Time-services: All initializations done
07-30 07:52:09.236   753   817 E QMI_FW  : QMUXD: WARNING qmi_qmux_if_pwr_up_init failed! rc=-1
07-30 07:52:09.237   753   819 E QC-time-services: Daemon: Time-services: Waiting to acceptconnection
07-30 07:52:09.237   753   817 E QMI_FW  : QMUXD: WARNING qmi_qmux_if_pwr_up_init failed! rc=-1
07-30 07:52:09.237   753   817 E QMI_FW  : QMUXD: WARNING qmi_qmux_if_pwr_up_init failed! rc=-1
07-30 07:52:09.251   506   506 I FastMixerState: sMaxFastTracks = 8
--------- switch to events
12-31 17:27:50.883   364   364 I chatty  : uid=1000(system) hwservicemanage identical 2 lines
12-31 17:27:50.887   364   364 I snet_event_log: [121035042,-1,]
07-30 07:52:09.252   364   364 I snet_event_log: [121035042,-1,]
--------- switch to main
07-30 07:52:09.262   753   817 E QMI_FW  : QMUXD: WARNING qmi_qmux_if_pwr_up_init failed! rc=-1
07-30 07:52:09.265   753   817 I chatty  : uid=1000(system) /vendor/bin/time_daemon identical 3 lines
07-30 07:52:09.265   753   817 E QMI_FW  : QMUXD: WARNING qmi_qmux_if_pwr_up_init failed! rc=-1
07-30 07:52:09.270   590   590 I keystore: found android.hardware.keymaster@3.0::IKeymasterDevice with interface name default and seclevel TRUSTED_ENVIRONMENT
07-30 07:52:09.272   506   506 V MediaUtils: physMem: 2944327680
07-30 07:52:09.272   506   506 V MediaUtils: requested limit: 536870912
07-30 07:52:09.273   506   506 I libc    : malloc_limit: Allocation limit enabled, max size 536870912 bytes
07-30 07:52:09.277   450   450 W Zygote  : Class not found for preloading: android.bluetooth.BluetoothA2dp$2
07-30 07:52:09.287   450   450 I PackageBackwardCompatibility: Could not find android.content.pm.AndroidTestBaseUpdater, ignoring
--------- switch to kernel
07-30 07:52:09.374     0     0 I [    7.493366 / 07-30 18:52:09.367][0] init: Received control message 'interface_start' for 'android.hardware.audio@5.0::IDevicesFactory/default' from pid: 364 (/system/bin/hwservicemanager)
07-30 07:52:09.374     0     0 E [    7.493551 / 07-30 18:52:09.367][0] init: Could not find 'android.hardware.audio@5.0::IDevicesFactory/default' for ctl.interface_start
07-30 07:52:09.375     0     0 I [    7.493798 / 07-30 18:52:09.367][0] init: Received control message 'interface_start' for 'android.hardware.audio@4.0::IDevicesFactory/default' from pid: 364 (/system/bin/hwservicemanager)
07-30 07:52:09.375     0     0 I [    7.496900 / 07-30 18:52:09.371][4] init: Received control message 'interface_start' for 'android.hardware.audio.effect@5.0::IEffectsFactory/default' from pid: 364 (/system/bin/hwservicemanager)
07-30 07:52:09.375     0     0 E [    7.497038 / 07-30 18:52:09.371][4] init: Could not find 'android.hardware.audio.effect@5.0::IEffectsFactory/default' for ctl.interface_start
07-30 07:52:09.386     0     0 I [    7.506348 / 07-30 18:52:09.379][4] init: Received control message 'interface_start' for 'android.hardware.audio.effect@4.0::IEffectsFactory/default' from pid: 364 (/system/bin/hwservicemanager)
