12-31 17:27:49.770   451   451 I zygote  : option[11]=-Xusejit:true
12-31 17:27:49.770   451   451 I zygote  : option[12]=-Xjitsaveprofilinginfo
12-31 17:27:49.770   451   451 I zygote  : option[13]=-XjdwpOptions:suspend=n,server=y
12-31 17:27:49.771   451   451 I zygote  : option[14]=-XjdwpProvider:default
12-31 17:27:49.771   451   451 I zygote  : option[15]=-Xlockprofthreshold:500
12-31 17:27:49.771   451   451 I zygote  : option[16]=-Ximage-compiler-option
12-31 17:27:49.771   451   451 I zygote  : option[17]=--runtime-arg
12-31 17:27:49.772   451   451 I zygote  : option[18]=-Ximage-compiler-option
12-31 17:27:49.772   451   451 I zygote  : option[19]=-Xms64m
12-31 17:27:49.772   451   451 I zygote  : option[20]=-Ximage-compiler-option
12-31 17:27:49.772   451   451 I zygote  : option[21]=--runtime-arg
12-31 17:27:49.773   451   451 I zygote  : option[22]=-Ximage-compiler-option
12-31 17:27:49.773   451   451 I zygote  : option[23]=-Xmx64m
12-31 17:27:49.773   451   451 I zygote  : option[24]=-Ximage-compiler-option
12-31 17:27:49.773   451   451 I zygote  : option[25]=--profile-file=/system/etc/boot-image.prof
12-31 17:27:49.774   451   451 I zygote  : option[26]=-Ximage-compiler-option
12-31 17:27:49.774   451   451 I zygote  : option[27]=--compiler-filter=speed-profile
12-31 17:27:49.774   451   451 I zygote  : option[28]=-Xcompiler-option
12-31 17:27:49.774   451   451 I zygote  : option[29]=--runtime-arg
12-31 17:27:49.775   451   451 I zygote  : option[30]=-Xcompiler-option
12-31 17:27:49.775   451   451 I zygote  : option[31]=-Xms64m
12-31 17:27:49.775   451   451 I zygote  : option[32]=-Xcompiler-option
12-31 17:27:49.776   451   451 I zygote  : option[33]=--runtime-arg
12-31 17:27:49.776   451   451 I zygote  : option[34]=-Xcompiler-option
12-31 17:27:49.776   451   451 I zygote  : option[35]=-Xmx512m
12-31 17:27:49.776   451   451 I zygote  : option[36]=-Xcompiler-option
--------- switch to system
12-31 17:27:49.777   485   485 I ServiceManagement: Registered android.hardware.wifi@1.3::IWifi/default (start delay of 207ms)
--------- switch to main
12-31 17:27:49.777   451   451 I zygote  : option[37]=-j2
12-31 17:27:49.778   451   451 I zygote  : option[38]=-Ximage-compiler-option
12-31 17:27:49.778   485   485 I ServiceManagement: Removing namespace from process name android.hardware.wifi@1.0-service.legacy to wifi@1.0-service.legacy.
12-31 17:27:49.778   451   451 I zygote  : option[39]=-j4
12-31 17:27:49.778   451   451 I zygote  : option[40]=-Ximage-compiler-option
12-31 17:27:49.779   451   451 I zygote  : option[41]=--instruction-set-variant=cortex-a53.a57
12-31 17:27:49.779   451   451 I zygote  : option[42]=-Xcompiler-option
12-31 17:27:49.779   451   451 I zygote  : option[43]=--instruction-set-variant=cortex-a53.a57
--------- switch to kernel
12-31 17:27:49.796     0     0 I [    6.241909 / 01-01 04:27:49.787][4] ueventd: firmware: loading 'cpe.b06' for '/devices/soc.0/fe12f000.slim/tomtom-slim-pgd/tomtom_codec/firmware/cpe.b06'
--------- switch to main
12-31 17:27:49.779   451   451 I zygote  : option[44]=-Ximage-compiler-option
--------- switch to kernel
12-31 17:27:49.812     0     0 I [    6.242754 / 01-01 04:27:49.787][5] init: starting service 'surfaceflinger'...
12-31 17:27:49.812     0     0 I [    6.244726 / 01-01 04:27:49.791][4] ueventd: loading /devices/soc.0/fe12f000.slim/tomtom-slim-pgd/tomtom_codec/firmware/cpe.b06 took 3ms
12-31 17:27:49.812     0     0 I [    6.251291 / 01-01 04:27:49.795][3] ueventd: firmware: loading 'cpe.b08' for '/devices/soc.0/fe12f000.slim/tomtom-slim-pgd/tomtom_codec/firmware/cpe.b08'
12-31 17:27:49.812     0     0 I [    6.255070 / 01-01 04:27:49.799][2] ueventd: loading /devices/soc.0/fe12f000.slim/tomtom-slim-pgd/tomtom_codec/firmware/cpe.b08 took 5ms
12-31 17:27:49.812     0     0 I [    6.256823 / 01-01 04:27:49.803][5] init: Command 'class_start core' action=boot (/init.rc:768) took 209ms and succeeded
12-31 17:27:49.812     0     0 E [    6.257640 / 01-01 04:27:49.803][5] init: Failed to bind socket 'pdx/system/vr/display/client': No such file or directory
12-31 17:27:49.812     0     0 E [    6.258190 / 01-01 04:27:49.803][5] init: Failed to bind socket 'pdx/system/vr/display/manager': No such file or directory
12-31 17:27:49.812     0     0 E [    6.258784 / 01-01 04:27:49.803][5] init: Failed to bind socket 'pdx/system/vr/display/vsync': No such file or directory
12-31 17:27:49.812     0     0 I [    6.259409 / 01-01 04:27:49.803][5] init: processing action (boot) from (/init.usb.rc:21)
12-31 17:27:49.812     0     0 I [    6.260990 / 01-01 04:27:49.807][5] init: Service 'hwaddrs' (pid 500) exited with status 0
--------- switch to main
12-31 17:27:49.780   451   451 I zygote  : option[45]=--instruction-set-features=default
12-31 17:27:49.780   451   451 I zygote  : option[46]=-Xcompiler-option
12-31 17:27:49.780   451   451 I zygote  : option[47]=--instruction-set-features=default
12-31 17:27:49.781   451   451 I zygote  : option[48]=-Duser.locale=el-GR
12-31 17:27:49.781   451   451 I zygote  : option[49]=--cpu-abilist=armeabi-v7a,armeabi
12-31 17:27:49.781   451   451 I zygote  : option[50]=-Xcompiler-option
12-31 17:27:49.781   451   451 I zygote  : option[51]=--generate-mini-debug-info
12-31 17:27:49.782   451   451 I zygote  : option[52]=-Xcore-platform-api-policy:just-warn
12-31 17:27:49.782   451   451 I zygote  : option[53]=-Xfingerprint:lge/p1_global_com/p1:6.0/MRA58K/152940055675e:user/release-keys
12-31 17:27:49.783   498   498 I libmdmdetect: ESOC framework not supported
12-31 17:27:49.783   477   477 I ServiceManagement: Registered android.hardware.graphics.allocator@2.0::IAllocator/default (start delay of 253ms)
12-31 17:27:49.784   477   477 I ServiceManagement: Removing namespace from process name android.hardware.graphics.allocator@2.0-service to allocator@2.0-service.
12-31 17:27:49.784   498   498 I libmdmdetect: Found internal modem: modem
12-31 17:27:49.788   451   451 I zygote  : Core platform API reporting enabled, enforcing=false
--------- switch to events
12-31 17:27:49.766   364   364 I chatty  : uid=1000(system) hwservicemanage identical 20 lines
12-31 17:27:49.776   364   364 I snet_event_log: [121035042,-1,]
12-31 17:27:49.789   363   363 I snet_event_log: [121035042,-1,]
--------- switch to main
12-31 17:27:49.791   477   477 I android.hardware.graphics.allocator@2.0-service: Registration complete for android.hardware.graphics.allocator@2.0::IAllocator/default.
12-31 17:27:49.793   498   498 I PerMgrSrv: Peripheral Mananager service start
12-31 17:27:49.794   498   498 I PerMgrSrv: power-off timeout 500,ms; event-ack timeout 200,ms; debug-mode false
12-31 17:27:49.794   498   498 I PerMgrSrv: Statistics for : modem
12-31 17:27:49.794   498   498 I PerMgrSrv: modem: Current State : is off-line
12-31 17:27:49.795   498   498 I PerMgrSrv: modem: Voter/Listener count : 0/0
12-31 17:27:49.795   498   498 I PerMgrSrv: modem: Power on count : 0
12-31 17:27:49.795   498   498 I PerMgrSrv: modem: Power off count: 0
12-31 17:27:49.798   507   507 E         : The file /persist/bluetooth/.bt_nv.bin doesn't exist or empty or addr is random 1...
12-31 17:27:49.800   498   520 I PerMgrSrv: QMI service start
12-31 17:27:49.804   507   507 E         : bt_qmi_dms_init: Not able to get dms service handle
12-31 17:27:49.804   507   507 E         : QMI initialization failed in 1 try...
12-31 17:27:49.807   498   498 I PerMgrSrv: modem: Client list:
--------- switch to kernel
12-31 17:27:49.816     0     0 I [    6.262105 / 01-01 04:27:49.807][5] init: Created socket '/dev/socket/lmkd', mode 660, user 1000, group 1000
12-31 17:27:49.816     0     0 I [    6.262900 / 01-01 04:27:49.807][5] init: processing action (persist.sys.usb.config=* && boot) from (/init.usb.rc:102)
12-31 17:27:49.816     0     0 I [    6.263353 / 01-01 04:27:49.807][5] init: processing action (boot) from (/vendor/etc/init/hw/init.qcom.rc:142)
12-31 17:27:49.816     0     0 W         : [    6.264498 / 01-01 04:27:49.811][5] msm-pcm-routing qcom,msm-pcm-routing.39: ASoC: no dapm match for VOICE2_STUB_DL --> Voice2 Stub --> INTERNAL_BT_SCO_RX_Voice Mixer
12-31 17:27:49.816     0     0 E         : [    6.264609 / 01-01 04:27:49.811][5] msm-pcm-routing qcom,msm-pcm-routing.39: ASoC: Failed to add route VOICE2_STUB_DL -> Voice2 Stub -> INTERNAL_BT_SCO_RX_Voice Mixer
12-31 17:27:49.816     0     0 E         : [    6.265023 / 01-01 04:27:49.811][5] msm-pcm-routing qcom,msm-pcm-routing.39: ASoC: no source widget found for SLIM_0_TX
12-31 17:27:49.816     0     0 E         : [    6.265123 / 01-01 04:27:49.811][5] msm-pcm-routing qcom,msm-pcm-routing.39: ASoC: Failed to add route SLIM_0_TX -> SLIM_0_TX -> QUAT_MI2S_RX Port Mixer
--------- switch to main
12-31 17:27:49.822   473   473 I ExtCamUtils@3.4: loadFromCfg: load external camera config succeed!
12-31 17:27:49.823   473   473 I ExtCamUtils@3.4: loadFromCfg: device 0 will be ignored by external camera provider
12-31 17:27:49.823   473   473 I ExtCamUtils@3.4: loadFromCfg: device 1 will be ignored by external camera provider
12-31 17:27:49.824   473   473 I ExtCamUtils@3.4: loadFromCfg: device 2 will be ignored by external camera provider
12-31 17:27:49.824   473   473 I ExtCamUtils@3.4: loadFromCfg: device 3 will be ignored by external camera provider
12-31 17:27:49.824   473   473 I ExtCamUtils@3.4: loadFromCfg: device 32 will be ignored by external camera provider
--------- switch to kernel
12-31 17:27:49.825     0     0 I [    6.269083 / 01-01 04:27:49.815][5] init: starting service 'rmt_storage'...
12-31 17:27:49.825     0     0 I [    6.270060 / 01-01 04:27:49.815][1] ueventd: firmware: loading 'cpe.b10' for '/devices/soc.0/fe12f000.slim/tomtom-slim-pgd/tomtom_codec/firmware/cpe.b10'
12-31 17:27:49.829     0     0 I [    6.274424 / 01-01 04:27:49.819][4] msm_thermal: store_cc_enabled Core control disabled
12-31 17:27:49.829     0     0 I [    6.274457 / 01-01 04:27:49.819][0] ueventd: loading /devices/soc.0/fe12f000.slim/tomtom-slim-pgd/tomtom_codec/firmware/cpe.b10 took 4ms
--------- switch to main
12-31 17:27:49.825   473   473 I ExtCamUtils@3.4: loadFromCfg: device 33 will be ignored by external camera provider
12-31 17:27:49.826   473   473 I ExtCamUtils@3.4: loadFromCfg: no external camera device config specified
--------- switch to events
12-31 17:27:49.802   363   363 I snet_event_log: [121035042,-1,]
12-31 17:27:49.827   364   364 I snet_event_log: [121035042,-1,]
--------- switch to main
12-31 17:27:49.830   473   473 I ServiceManagement: Registered android.hardware.camera.provider@2.4::ICameraProvider/external/0 (start delay of 320ms)
12-31 17:27:49.830   473   473 I ServiceManagement: Removing namespace from process name android.hardware.camera.provider@2.4-external-service to provider@2.4-external-service.
12-31 17:27:49.831   473   473 I android.hardware.camera.provider@2.4-external-service: Registration complete for android.hardware.camera.provider@2.4::ICameraProvider/external/0.
--------- switch to kernel
12-31 17:27:49.839     0     0 E         : [    6.278678 / 01-01 04:27:49.823][0] Hotplug policy switch err. Task init pid=350
12-31 17:27:49.839     0     0 I [    6.279113 / 01-01 04:27:49.823][0] init: Command 'write /sys/devices/system/cpu/cpu0/online 1' action=boot (/vendor/etc/init/hw/init.qcom.rc:156) took 2ms and failed: Unable to write to file '/sys/devices/system/cpu/cpu0/online': Unable to write file contents: Invalid argument
12-31 17:27:49.840     0     0 E         : [    6.279959 / 01-01 04:27:49.823][4] Hotplug policy switch err. Task init pid=350
12-31 17:27:49.840     0     0 I [    6.280304 / 01-01 04:27:49.823][0] init: Command 'write /sys/devices/system/cpu/cpu1/online 1' action=boot (/vendor/etc/init/hw/init.qcom.rc:157) took 0ms and failed: Unable to write to file '/sys/devices/system/cpu/cpu1/online': Unable to write file contents: Invalid argument
12-31 17:27:49.840     0     0 I [    6.281051 / 01-01 04:27:49.827][4] msm_thermal: store_cc_enabled Core control enabled
12-31 17:27:49.840     0     0 I [    6.288192 / 01-01 04:27:49.831][3] ueventd: firmware: loading 'cpe.b11' for '/devices/soc.0/fe12f000.slim/tomtom-slim-pgd/tomtom_codec/firmware/cpe.b11'
--------- switch to events
12-31 17:27:49.828   364   364 I snet_event_log: [121035042,-1,]
12-31 17:27:49.840   363   363 I snet_event_log: [121035042,-1,]
--------- switch to main
12-31 17:27:49.843   473   533 I CamPrvdr@2.4-external: threadLoop start monitoring new V4L2 devices
12-31 17:27:49.849   514   514 I lowmemorykiller: Using in-kernel low memory killer interface
--------- switch to kernel
12-31 17:27:49.851     0     0 I [    6.294676 / 01-01 04:27:49.839][3] ueventd: loading /devices/soc.0/fe12f000.slim/tomtom-slim-pgd/tomtom_codec/firmware/cpe.b11 took 6ms
12-31 17:27:49.852     0     0 I [    6.299207 / 01-01 04:27:49.843][4] ueventd: firmware: loading 'cpe.b12' for '/devices/soc.0/fe12f000.slim/tomtom-slim-pgd/tomtom_codec/firmware/cpe.b12'
12-31 17:27:49.852     0     0 E         : [    6.299230 / 01-01 04:27:49.843][5] msm-pcm-routing qcom,msm-pcm-routing.39: ASoC: mux SLIM_0_RX AANC MUX has no paths
12-31 17:27:49.856     0     0 I [    6.304425 / 01-01 04:27:49.847][1] ueventd: loading /devices/soc.0/fe12f000.slim/tomtom-slim-pgd/tomtom_codec/firmware/cpe.b12 took 5ms
12-31 17:27:49.860     0     0 I [    6.308001 / 01-01 04:27:49.851][0] ueventd: firmware: loading 'cpe.b14' for '/devices/soc.0/fe12f000.slim/tomtom-slim-pgd/tomtom_codec/firmware/cpe.b14'
--------- switch to main
12-31 17:27:49.857   532   532 I rmt_storage: Shared memory initialised successfully.
12-31 17:27:49.857   532   532 I rmt_storage: Registering modemst1: 0x4a /boot/modem_fs1
12-31 17:27:49.858   532   532 I rmt_storage: Registering modemst2: 0x4b /boot/modem_fs2
12-31 17:27:49.858   532   532 I rmt_storage: Registering fsc: 0xff /boot/modem_fsc
12-31 17:27:49.859   532   532 I rmt_storage: Registering fsg: 0x58 /boot/modem_fsg
12-31 17:27:49.859   532   532 I rmt_storage: 4 GPT partitions found
12-31 17:27:49.860   532   532 I rmt_storage: Capset success!
--------- switch to kernel
12-31 17:27:49.868     0     0 I [    6.315110 / 01-01 04:27:49.859][0] ueventd: loading /devices/soc.0/fe12f000.slim/tomtom-slim-pgd/tomtom_codec/firmware/cpe.b14 took 7ms
12-31 17:27:49.869     0     0 I [    6.315553 / 01-01 04:27:49.859][1] init: starting service 'qmuxd'...
--------- switch to events
12-31 17:27:49.867   364   364 I snet_event_log: [121035042,-1,]
--------- switch to main
12-31 17:27:49.870   364   364 I hwservicemanager: getTransport: Cannot find entry android.hardware.audio@5.0::IDevicesFactory/default in either framework or device manifest.
--------- switch to kernel
12-31 17:27:49.871     0     0 I [    6.318963 / 01-01 04:27:49.863][1] ueventd: firmware: loading 'cpe.b16' for '/devices/soc.0/fe12f000.slim/tomtom-slim-pgd/tomtom_codec/firmware/cpe.b16'
12-31 17:27:49.872     0     0 I [    6.319845 / 01-01 04:27:49.863][3] init: starting service 'netmgrd'...
--------- switch to main
12-31 17:27:49.872   472   472 E audiohalservice: Could not get passthrough implementation for android.hardware.audio@5.0::IDevicesFactory/default.
12-31 17:27:49.873   364   364 I hwservicemanager: getTransport: Cannot find entry android.hardware.audio@4.0::IDevicesFactory/default in either framework or device manifest.
12-31 17:27:49.874   472   472 E audiohalservice: Could not get passthrough implementation for android.hardware.audio@4.0::IDevicesFactory/default.
--------- switch to kernel
12-31 17:27:49.877     0     0 E         : [    6.320961 / 01-01 04:27:49.867][0] i2c-msm-v2 f9967000.i2c: msm_bus_scale_register_client(mstr-id:84):0x23 (ok)
12-31 17:27:49.877     0     0 I [    6.324056 / 01-01 04:27:49.867][4] init: starting service 'real-ril-daemon'...
12-31 17:27:49.877     0     0 I [    6.325388 / 01-01 04:27:49.871][3] ueventd: loading /devices/soc.0/fe12f000.slim/tomtom-slim-pgd/tomtom_codec/firmware/cpe.b16 took 6ms
12-31 17:27:49.877     0     0 E         : [    6.325943 / 01-01 04:27:49.871][5] msm-dai-q6-dev qcom,msm-dai-q6-sb-2-rx.196: ASoC: no source widget found for SLIMBUS_2_RX
12-31 17:27:49.877     0     0 E         : [    6.326043 / 01-01 04:27:49.871][5] msm-dai-q6-dev qcom,msm-dai-q6-sb-2-rx.196: ASoC: Failed to add route SLIMBUS_2_RX -> direct -> Slimbus2 Playback
12-31 17:27:49.877     0     0 E         : [    6.326222 / 01-01 04:27:49.871][5] msm-dai-q6-dev qcom,msm-dai-q6-sb-2-tx.197: ASoC: no sink widget found for SLIMBUS_2_TX
12-31 17:27:49.879     0     0 E         : [    6.326326 / 01-01 04:27:49.871][5] msm-dai-q6-dev qcom,msm-dai-q6-sb-2-tx.197: ASoC: Failed to add route Slimbus2 Capture -> direct -> SLIMBUS_2_TX
12-31 17:27:49.880     0     0 I         : [    6.328183 / 01-01 04:27:49.871][5] msm8994-asoc-snd fe034000.sound:  snd-soc-dummy-dai <-> MultiMedia1 mapping ok
12-31 17:27:49.883     0     0 I         : [    6.328745 / 01-01 04:27:49.875][5] msm8994-asoc-snd fe034000.sound:  snd-soc-dummy-dai <-> MultiMedia2 mapping ok
12-31 17:27:49.883     0     0 I         : [    6.329128 / 01-01 04:27:49.875][5] msm8994-asoc-snd fe034000.sound:  snd-soc-dummy-dai <-> CS-VOICE mapping ok
12-31 17:27:49.883     0     0 I [    6.329809 / 01-01 04:27:49.875][1] init: Created socket '/dev/socket/qmux_radio/rild_oem0', mode 777, user 1001, group 1000
12-31 17:27:49.883     0     0 I [    6.330893 / 01-01 04:27:49.875][1] init: Created socket '/dev/socket/qmux_radio/qmux_client_socket', mode 777, user 1001, group 1000
12-31 17:27:49.884     0     0 I         : [    6.331132 / 01-01 04:27:49.875][5] msm8994-asoc-snd fe034000.sound:  snd-soc-dummy-dai <-> VoIP mapping ok
12-31 17:27:49.884     0     0 I         : [    6.331618 / 01-01 04:27:49.875][5] msm8994-asoc-snd fe034000.sound:  snd-soc-dummy-dai <-> MultiMedia3 mapping ok
12-31 17:27:49.884     0     0 E [    6.332317 / 01-01 04:27:49.875][0] init: Unable to set property 'ro.telephony.call_ring.multiple' to 'false' from uid:0 gid:0 pid:350: Read-only property was already set
--------- switch to main
12-31 17:27:49.884   350   350 W libc    : Unable to set property "ro.telephony.call_ring.multiple" to "false": error code: 0xb
--------- switch to kernel
12-31 17:27:49.888     0     0 I [    6.332890 / 01-01 04:27:49.879][0] ueventd: firmware: loading 'cpe.b18' for '/devices/soc.0/fe12f000.slim/tomtom-slim-pgd/tomtom_codec/firmware/cpe.b18'
12-31 17:27:49.888     0     0 I         : [    6.333121 / 01-01 04:27:49.879][4] msm8994-asoc-snd fe034000.sound:  snd-soc-dummy-dai <-> SLIMBUS0_HOSTLESS mapping ok
12-31 17:27:49.889     0     0 I         : [    6.334297 / 01-01 04:27:49.879][4] msm8994-asoc-snd fe034000.sound:  snd-soc-dummy-dai <-> PRI_MI2S_TX_HOSTLESS mapping ok
12-31 17:27:49.889     0     0 I         : [    6.334701 / 01-01 04:27:49.879][4] msm8994-asoc-snd fe034000.sound:  msm-stub-rx <-> com,msm-dai-q6-afe-proxy-rx.209 mapping ok
12-31 17:27:49.889     0     0 I         : [    6.335389 / 01-01 04:27:49.879][4] msm8994-asoc-snd fe034000.sound:  msm-stub-tx <-> qcom,msm-dai-q6-afe-proxy-tx.21 mapping ok
12-31 17:27:49.889     0     0 I         : [    6.337399 / 01-01 04:27:49.883][4] compress asoc: snd-soc-dummy-dai <-> MultiMedia4 mapping ok
12-31 17:27:49.892     0     0 I         : [    6.337939 / 01-01 04:27:49.883][4] msm8994-asoc-snd fe034000.sound:  snd-soc-dummy-dai <-> AUXPCM_HOSTLESS mapping ok
12-31 17:27:49.892     0     0 I         : [    6.338487 / 01-01 04:27:49.883][4] msm8994-asoc-snd fe034000.sound:  snd-soc-dummy-dai <-> SLIMBUS1_HOSTLESS mapping ok
12-31 17:27:49.892     0     0 I [    6.338544 / 01-01 04:27:49.883][3] ueventd: loading /devices/soc.0/fe12f000.slim/tomtom-slim-pgd/tomtom_codec/firmware/cpe.b18 took 7ms
12-31 17:27:49.892     0     0 I         : [    6.340573 / 01-01 04:27:49.887][5] msm8994-asoc-snd fe034000.sound:  snd-soc-dummy-dai <-> SLIMBUS3_HOSTLESS mapping ok
12-31 17:27:49.896     0     0 I         : [    6.343397 / 01-01 04:27:49.887][5] msm8994-asoc-snd fe034000.sound:  snd-soc-dummy-dai <-> SLIMBUS4_HOSTLESS mapping ok
12-31 17:27:49.896     0     0 I         : [    6.343853 / 01-01 04:27:49.887][5] msm8994-asoc-snd fe034000.sound:  snd-soc-dummy-dai <-> VoLTE mapping ok
12-31 17:27:49.896     0     0 I         : [    6.344543 / 01-01 04:27:49.891][5] msm8994-asoc-snd fe034000.sound:  snd-soc-dummy-dai <-> MultiMedia5 mapping ok
12-31 17:27:49.900     0     0 I [    6.346286 / 01-01 04:27:49.891][2] init: Service 'qcom-usb-sh' (pid 496) exited with status 0
12-31 17:27:49.904     0     0 I         : [    6.348845 / 01-01 04:27:49.895][4] msm8994-asoc-snd fe034000.sound:  snd-soc-dummy-dai <-> LSM1 mapping ok
12-31 17:27:49.905     0     0 I [    6.348981 / 01-01 04:27:49.895][1] ueventd: firmware: loading 'cpe.b20' for '/devices/soc.0/fe12f000.slim/tomtom-slim-pgd/tomtom_codec/firmware/cpe.b20'
12-31 17:27:49.905     0     0 I         : [    6.349620 / 01-01 04:27:49.895][4] compress asoc: snd-soc-dummy-dai <-> MultiMedia7 mapping ok
12-31 17:27:49.905     0     0 I         : [    6.350223 / 01-01 04:27:49.895][4] compress asoc: snd-soc-dummy-dai <-> MultiMedia10 mapping ok
12-31 17:27:49.905     0     0 I         : [    6.350991 / 01-01 04:27:49.895][4] msm8994-asoc-snd fe034000.sound:  snd-soc-dummy-dai <-> MultiMedia8 mapping ok
12-31 17:27:49.905     0     0 I         : [    6.351913 / 01-01 04:27:49.895][4] msm8994-asoc-snd fe034000.sound:  snd-soc-dummy-dai <-> QCHAT mapping ok
12-31 17:27:49.905     0     0 I         : [    6.352315 / 01-01 04:27:49.895][4] msm8994-asoc-snd fe034000.sound:  snd-soc-dummy-dai <-> HDMI_HOSTLESS mapping ok
12-31 17:27:49.905     0     0 I [    6.352319 / 01-01 04:27:49.895][3] ueventd: loading /devices/soc.0/fe12f000.slim/tomtom-slim-pgd/tomtom_codec/firmware/cpe.b20 took 3ms
12-31 17:27:49.908     0     0 I         : [    6.355310 / 01-01 04:27:49.899][5] msm8994-asoc-snd fe034000.sound:  snd-soc-dummy-dai <-> Voice2 mapping ok
12-31 17:27:49.908     0     0 I [    6.355500 / 01-01 04:27:49.899][2] ueventd: firmware: loading 'cpe.b21' for '/devices/soc.0/fe12f000.slim/tomtom-slim-pgd/tomtom_codec/firmware/cpe.b21'
12-31 17:27:49.908     0     0 I         : [    6.356328 / 01-01 04:27:49.899][5] msm8994-asoc-snd fe034000.sound:  snd-soc-dummy-dai <-> INT_HFP_BT_HOSTLESS mapping ok
12-31 17:27:49.912     0     0 I         : [    6.356896 / 01-01 04:27:49.903][5] msm8994-asoc-snd fe034000.sound:  snd-soc-dummy-dai <-> MultiMedia6 mapping ok
12-31 17:27:49.912     0     0 I         : [    6.357275 / 01-01 04:27:49.903][5] msm8994-asoc-snd fe034000.sound:  tomtom_vifeedback <-> qcom,msm-dai-q6-sb-4-tx.201 mapping ok
12-31 17:27:49.912     0     0 I         : [    6.357591 / 01-01 04:27:49.903][5] msm8994-asoc-snd fe034000.sound:  tomtom_rx2 <-> qcom,msm-dai-q6-sb-2-rx.196 mapping ok
12-31 17:27:49.912     0     0 I         : [    6.357898 / 01-01 04:27:49.903][5] msm8994-asoc-snd fe034000.sound:  tomtom_tx2 <-> qcom,msm-dai-q6-sb-2-tx.197 mapping ok
12-31 17:27:49.912     0     0 I         : [    6.358406 / 01-01 04:27:49.903][5] msm8994-asoc-snd fe034000.sound:  snd-soc-dummy-dai <-> LSM2 mapping ok
12-31 17:27:49.913     0     0 I         : [    6.359162 / 01-01 04:27:49.903][5] msm8994-asoc-snd fe034000.sound:  snd-soc-dummy-dai <-> LSM3 mapping ok
12-31 17:27:49.913     0     0 I         : [    6.359582 / 01-01 04:27:49.903][5] msm8994-asoc-snd fe034000.sound:  snd-soc-dummy-dai <-> LSM4 mapping ok
12-31 17:27:49.913     0     0 I         : [    6.360021 / 01-01 04:27:49.903][5] msm8994-asoc-snd fe034000.sound:  snd-soc-dummy-dai <-> LSM5 mapping ok
12-31 17:27:49.913     0     0 I         : [    6.360383 / 01-01 04:27:49.903][5] msm8994-asoc-snd fe034000.sound:  snd-soc-dummy-dai <-> LSM6 mapping ok
12-31 17:27:49.913     0     0 I [    6.360599 / 01-01 04:27:49.907][3] init: Received control message 'start' for 'sensors' from pid: 550 ()
12-31 17:27:49.914     0     0 I         : [    6.360878 / 01-01 04:27:49.907][5] msm8994-asoc-snd fe034000.sound:  snd-soc-dummy-dai <-> LSM7 mapping ok
12-31 17:27:49.914     0     0 I [    6.362398 / 01-01 04:27:49.907][3] init: Service 'lge-sensor-sh' (pid 502) exited with status 0
12-31 17:27:49.914     0     0 I [    6.362402 / 01-01 04:27:49.907][2] ueventd: loading /devices/soc.0/fe12f000.slim/tomtom-slim-pgd/tomtom_codec/firmware/cpe.b21 took 7ms
12-31 17:27:49.914     0     0 I         : [    6.362449 / 01-01 04:27:49.907][4] msm8994-asoc-snd fe034000.sound:  snd-soc-dummy-dai <-> LSM8 mapping ok
12-31 17:27:49.916     0     0 I         : [    6.362977 / 01-01 04:27:49.907][4] msm8994-asoc-snd fe034000.sound:  snd-soc-dummy-dai <-> MultiMedia9 mapping ok
12-31 17:27:49.916     0     0 I         : [    6.363425 / 01-01 04:27:49.907][4] msm8994-asoc-snd fe034000.sound:  snd-soc-dummy-dai <-> VoWLAN mapping ok
12-31 17:27:49.916     0     0 I         : [    6.364162 / 01-01 04:27:49.907][5] compress asoc: snd-soc-dummy-dai <-> MultiMedia11 mapping ok
12-31 17:27:49.916     0     0 I         : [    6.364896 / 01-01 04:27:49.911][4] compress asoc: snd-soc-dummy-dai <-> MultiMedia12 mapping ok
12-31 17:27:49.920     0     0 I         : [    6.365464 / 01-01 04:27:49.911][4] compress asoc: snd-soc-dummy-dai <-> MultiMedia13 mapping ok
12-31 17:27:49.920     0     0 I         : [    6.366167 / 01-01 04:27:49.911][5] compress asoc: snd-soc-dummy-dai <-> MultiMedia14 mapping ok
12-31 17:27:49.920     0     0 I         : [    6.366787 / 01-01 04:27:49.911][4] compress asoc: snd-soc-dummy-dai <-> MultiMedia15 mapping ok
12-31 17:27:49.920     0     0 I         : [    6.367472 / 01-01 04:27:49.911][4] compress asoc: snd-soc-dummy-dai <-> MultiMedia16 mapping ok
12-31 17:27:49.922     0     0 I         : [    6.367799 / 01-01 04:27:49.911][4] msm8994-asoc-snd fe034000.sound:  tomtom_mad1 <-> CPE_LSM_NOHOST mapping ok
12-31 17:27:49.922     0     0 I         : [    6.368275 / 01-01 04:27:49.911][4] msm8994-asoc-snd fe034000.sound:  snd-soc-dummy-dai <-> MultiMedia3 mapping ok
12-31 17:27:49.923     0     0 I         : [    6.368680 / 01-01 04:27:49.915][5] msm8994-asoc-snd fe034000.sound:  msm-stub-rx <-> qcom,msm-dai-q6-int-fm-rx.205 mapping ok
12-31 17:27:49.923     0     0 I         : [    6.369030 / 01-01 04:27:49.915][4] msm8994-asoc-snd fe034000.sound:  msm-stub-tx <-> qcom,msm-dai-q6-int-fm-tx.206 mapping ok
12-31 17:27:49.923     0     0 I         : [    6.369605 / 01-01 04:27:49.915][4] msm8994-asoc-snd fe034000.sound:  msm-stub-rx <-> qcom,msm-dai-q6-be-afe-pcm-rx.2 mapping ok
12-31 17:27:49.923     0     0 I         : [    6.369914 / 01-01 04:27:49.915][4] msm8994-asoc-snd fe034000.sound:  msm-stub-tx <-> qcom,msm-dai-q6-be-afe-pcm-tx.2 mapping ok
12-31 17:27:49.923     0     0 I         : [    6.370257 / 01-01 04:27:49.915][4] msm8994-asoc-snd fe034000.sound:  msm-stub-rx <-> qcom,msm-pri-auxpcm.53 mapping ok
12-31 17:27:49.923     0     0 I         : [    6.370582 / 01-01 04:27:49.915][4] msm8994-asoc-snd fe034000.sound:  msm-stub-tx <-> qcom,msm-pri-auxpcm.53 mapping ok
12-31 17:27:49.923     0     0 I         : [    6.370981 / 01-01 04:27:49.915][5] msm8994-asoc-snd fe034000.sound:  msm-stub-rx <-> qcom,msm-sec-auxpcm.54 mapping ok
12-31 17:27:49.923     0     0 I         : [    6.371366 / 01-01 04:27:49.915][5] msm8994-asoc-snd fe034000.sound:  msm-stub-tx <-> qcom,msm-sec-auxpcm.54 mapping ok
12-31 17:27:49.923     0     0 I [    6.371700 / 01-01 04:27:49.915][5] msm_audrx_init: dev_nameqcom,msm-dai-q6-sb-0-rx.192
--------- switch to main
12-31 17:27:49.924   472   472 I ServiceManagement: Registered android.hardware.audio@2.0::IDevicesFactory/default (start delay of 414ms)
12-31 17:27:49.925   472   472 I ServiceManagement: Removing namespace from process name android.hardware.audio@2.0-service to audio@2.0-service.
12-31 17:27:49.926   472   472 I audiohalservice: Registration complete for android.hardware.audio@2.0::IDevicesFactory/default.
12-31 17:27:49.928   364   364 I hwservicemanager: getTransport: Cannot find entry android.hardware.audio.effect@5.0::IEffectsFactory/default in either framework or device manifest.
12-31 17:27:49.929   472   472 E audiohalservice: Could not get passthrough implementation for android.hardware.audio.effect@5.0::IEffectsFactory/default.
12-31 17:27:49.932   364   364 I hwservicemanager: getTransport: Cannot find entry android.hardware.audio.effect@4.0::IEffectsFactory/default in either framework or device manifest.
12-31 17:27:49.933   472   472 E audiohalservice: Could not get passthrough implementation for android.hardware.audio.effect@4.0::IEffectsFactory/default.
--------- switch to kernel
12-31 17:27:49.956     0     0 W         : [    6.402025 / 01-01 04:27:49.947][4] [RGB LED] Play pattern 0, (PATTERN_SCENARIO_DEFAULT_OFF)
12-31 17:27:49.956     0     0 I [    6.402937 / 01-01 04:27:49.947][3] init: processing action (boot) from (/vendor/etc/init/hw/init.qcom.usb.rc:32)
12-31 17:27:49.960     0     0 I [    6.408346 / 01-01 04:27:49.951][0] init: processing action (boot) from (/vendor/etc/init/hw/init.qcom.power.rc:1)
12-31 17:27:49.979     0     0 I [    6.425791 / 01-01 04:27:49.971][0] init: processing action (boot) from (/system/etc/init/bootstat.rc:63)
12-31 17:27:49.980     0     0 I [    6.426976 / 01-01 04:27:49.971][2] init: processing action (boot) from (/system/etc/init/dumpstate.rc:1)
12-31 17:27:49.980     0     0 I [    6.427402 / 01-01 04:27:49.971][2] init: processing action (boot) from (/system/etc/init/gsid.rc:14)
12-31 17:27:49.980     0     0 I [    6.428395 / 01-01 04:27:49.971][2] init: starting service 'exec 11 (/system/bin/gsid run-startup-tasks)'...
12-31 17:27:49.983     0     0 I [    6.431570 / 01-01 04:27:49.975][2] init: processing action (boot) from (/system/etc/init/lineage-iosched.rc:16)
--------- switch to main
12-31 17:27:49.988   472   472 I ServiceManagement: Registered android.hardware.audio.effect@2.0::IEffectsFactory/default (start delay of 478ms)
12-31 17:27:49.988   472   472 I audiohalservice: Registration complete for android.hardware.audio.effect@2.0::IEffectsFactory/default.
12-31 17:27:49.989   364   364 I hwservicemanager: getTransport: Cannot find entry android.hardware.soundtrigger@2.2::ISoundTriggerHw/default in either framework or device manifest.
--------- beginning of radio
12-31 17:27:49.994   548   548 D RILD    : **RIL Daemon Started**
12-31 17:27:49.994   548   548 D RILD    : **RILd param count=1**
--------- switch to main
12-31 17:27:49.995   472   472 E audiohalservice: Could not get passthrough implementation for android.hardware.soundtrigger@2.2::ISoundTriggerHw/default.
12-31 17:27:49.997   364   364 I hwservicemanager: getTransport: Cannot find entry android.hardware.soundtrigger@2.1::ISoundTriggerHw/default in either framework or device manifest.
12-31 17:27:49.999   472   472 E audiohalservice: Could not get passthrough implementation for android.hardware.soundtrigger@2.1::ISoundTriggerHw/default.
--------- switch to kernel
12-31 17:27:50.007     0     0 E [    6.455467 / 01-01 04:27:49.999][5] selinux: SELinux: Could not get canonical path for /sys/block/sda/queue restorecon: No such file or directory.
12-31 17:27:50.008     0     0 E         : [    6.455467 / 01-01 04:27:49.999][5]
12-31 17:27:50.008     0     0 E [    6.455743 / 01-01 04:27:49.999][5] selinux: SELinux: Could not get canonical path for /sys/block/sde/queue restorecon: No such file or directory.
12-31 17:27:50.008     0     0 E         : [    6.455743 / 01-01 04:27:49.999][5]
12-31 17:27:50.008     0     0 E [    6.456017 / 01-01 04:27:49.999][5] selinux: SELinux: Could not get canonical path for /sys/block/dm-0/queue restorecon: No such file or directory.
12-31 17:27:50.008     0     0 E         : [    6.456017 / 01-01 04:27:49.999][5]
12-31 17:27:50.008     0     0 I [    6.456245 / 01-01 04:27:49.999][5] init: processing action (boot) from (/system/etc/init/lineage-livedisplay.rc:1)
12-31 17:27:50.015     0     0 I [    6.456970 / 01-01 04:27:50.003][5] init: processing action (boot) from (/system/etc/init/lineage-system.rc:13)
12-31 17:27:50.016     0     0 I [    6.457733 / 01-01 04:27:50.003][5] init: processing action (boot) from (/vendor/etc/init/android.hardware.light@2.0-service.g4.rc:1)
12-31 17:27:50.016     0     0 I [    6.463392 / 01-01 04:27:50.007][0] init: processing action (enable_property_trigger) from (<Builtin Action>:0)
12-31 17:27:50.019     0     0 I [    6.464985 / 01-01 04:27:50.011][0] init: processing action (security.perf_harden=1) from (/init.rc:832)
12-31 17:27:50.020     0     0 I [    6.467060 / 01-01 04:27:50.011][4] init: processing action (ro.debuggable=1) from (/init.rc:856)
12-31 17:27:50.020     0     0 I [    6.467606 / 01-01 04:27:50.011][4] init: starting service 'console'...
12-31 17:27:50.023     0     0 I [    6.470758 / 01-01 04:27:50.015][4] init: processing action (init.svc.surfaceflinger=running) from (/vendor/etc/init/hw/init.qcom.rc:747)
12-31 17:27:50.024     0     0 E [    6.471336 / 01-01 04:27:50.015][0] init: setpgid failed for console: Operation not permitted
12-31 17:27:50.024     0     0 I [    6.471559 / 01-01 04:27:50.015][4] init: starting service 'ppd'...
12-31 17:27:50.027     0     0 I [    6.474459 / 01-01 04:27:50.019][4] init: processing action (ro.data.large_tcp_window_size=true) from (/vendor/etc/init/hw/init.qcom.rc:850)
12-31 17:27:50.028     0     0 I [    6.475649 / 01-01 04:27:50.019][4] init: processing action (ro.data.large_tcp_window_size=true) from (/vendor/etc/init/hw/init.qcom.rc:912)
12-31 17:27:50.028     0     0 I [    6.476631 / 01-01 04:27:50.023][4] init: processing action (init.svc.per_mgr=running) from (/vendor/etc/init/hw/init.qcom.rc:987)
12-31 17:27:50.031     0     0 I [    6.477418 / 01-01 04:27:50.023][4] init: starting service 'per_proxy'...
12-31 17:27:50.032     0     0 I [    6.477596 / 01-01 04:27:50.023][2] init: Created socket '/dev/socket/pps', mode 660, user 1000, group 1000
12-31 17:27:50.035     0     0 I [    6.481558 / 01-01 04:27:50.027][4] init: processing action (init.svc.hwaddrs=stopped) from (/vendor/etc/init/hw/init.qcom.rc:1040)
12-31 17:27:50.036     0     0 I [    6.482728 / 01-01 04:27:50.027][4] init: processing action (apexd.status=ready) from (/vendor/etc/init/hw/init.qcom.rc:1137)
12-31 17:27:50.043     0     0 I [    6.491461 / 01-01 04:27:50.035][4] init: processing action (ro.iorapd.enable=false) from (/system/etc/init/iorapd.rc:24)
12-31 17:27:50.044     0     0 I [    6.492657 / 01-01 04:27:50.039][0] init: processing action (nonencrypted) from (/init.rc:770)
--------- switch to main
12-31 17:27:50.055   472   472 I soundtrigger_hw: stdev_open soundtrigger open.
12-31 17:27:50.057   472   472 E soundtrigger_hw: driver [/dev/soundtrigger_dma_drv] open fail .
12-31 17:27:50.057   472   472 E soundtrigger_hw: Error driver init
12-31 17:27:50.058   472   472 I soundtrigger_hw: [stdev_open]soundtrigger open ret[-1]
12-31 17:27:50.058   472   472 E SoundTriggerHalImpl: couldn't open sound trigger hw device in sound_trigger.primary (Operation not permitted)
--------- switch to kernel
12-31 17:27:50.064     0     0 I [    6.494789 / 01-01 04:27:50.039][0] init: starting service 'imsqmidaemon'...
12-31 17:27:50.064     0     0 I [    6.499225 / 01-01 04:27:50.043][4] init: starting service 'imscmservice'...
12-31 17:27:50.064     0     0 I [    6.502892 / 01-01 04:27:50.047][0] init: Created socket '/dev/socket/ims_qmid', mode 660, user 1000, group 1001
12-31 17:27:50.064     0     0 I [    6.503275 / 01-01 04:27:50.047][4] init: starting service 'irsc_util'...
12-31 17:27:50.064     0     0 I [    6.506575 / 01-01 04:27:50.051][3] init: starting service 'qcom-c_main-sh'...
12-31 17:27:50.075     0     0 I [    6.516070 / 01-01 04:27:50.059][3] init: starting service 'ril-daemon'...
--------- switch to main
12-31 17:27:50.064   563   563 E PerMgrProxy: Starting pm-proxy service
12-31 17:27:50.065   563   563 I libmdmdetect: ESOC framework not supported
--------- switch to kernel
12-31 17:27:50.084     0     0 I [    6.529674 / 01-01 04:27:50.075][3] init: starting service 'adsprpcd'...
--------- switch to main
12-31 17:27:50.087   472   472 I ServiceManagement: Registered android.hardware.soundtrigger@2.0::ISoundTriggerHw/default (start delay of 577ms)
12-31 17:27:50.087   472   472 I audiohalservice: Registration complete for android.hardware.soundtrigger@2.0::ISoundTriggerHw/default.
12-31 17:27:50.088   364   364 I hwservicemanager: getTransport: Cannot find entry android.hardware.bluetooth.audio@2.0::IBluetoothAudioProvidersFactory/default in either framework or device manifest.
12-31 17:27:50.089   472   472 E audiohalservice: Could not get passthrough implementation for android.hardware.bluetooth.audio@2.0::IBluetoothAudioProvidersFactory/default.
12-31 17:27:50.089   472   472 W audiohalservice: Could not register Bluetooth Audio API 2.0
12-31 17:27:50.092   364   364 I hwservicemanager: getTransport: Cannot find entry android.hardware.bluetooth.a2dp@1.0::IBluetoothAudioOffload/default in either framework or device manifest.
--------- switch to kernel
12-31 17:27:50.095     0     0 I [    6.542097 / 01-01 04:27:50.087][5] init: starting service 'energy-awareness'...
12-31 17:27:50.104     0     0 I [    6.548514 / 01-01 04:27:50.095][4] init: starting service 'imswmsproxy'...
--------- switch to main
12-31 17:27:50.093   472   472 E audiohalservice: Could not get passthrough implementation for android.hardware.bluetooth.a2dp@1.0::IBluetoothAudioOffload/default.
12-31 17:27:50.093   472   472 W audiohalservice: Could not register Bluetooth audio offload 1.0
12-31 17:27:50.098   563   563 I libmdmdetect: Found internal modem: modem
12-31 17:27:50.099   563   563 I PerMgrProxy: Found internal modem
12-31 17:27:50.099   563   563 E PerMgrLib: Peripheral manager is not supported on this device
12-31 17:27:50.100   563   563 I PerMgrProxy: pm-proxy-thread Voting for internal modem
12-31 17:27:50.104   563   563 E PerMgrProxy: pm-proxy-thead vote fail
12-31 17:27:50.106   521   521 I SurfaceFlinger: Using HWComposer service: 'default'
12-31 17:27:50.107   521   521 I SurfaceFlinger: SurfaceFlinger is starting
--------- switch to kernel
12-31 17:27:50.111     0     0 I [    6.557411 / 01-01 04:27:50.103][4] init: starting service 'adb_root'...
12-31 17:27:50.115     0     0 I [    6.562202 / 01-01 04:27:50.107][4] init: starting service 'bpfloader'...
12-31 17:27:50.131     0     0 I [    6.578263 / 01-01 04:27:50.123][2] init: starting service 'cameraserver'...
12-31 17:27:50.137     0     0 I [    6.583528 / 01-01 04:27:50.127][2] init: starting service 'drm'...
--------- switch to main
12-31 17:27:50.111   521   521 I SurfaceFlinger: Treble testing override: 'false'
12-31 17:27:50.112   521   521 I SurfaceFlinger: SurfaceFlinger's main thread ready to run. Initializing graphics H/W...
--------- switch to system
12-31 17:27:50.112   566   566 I irsc_util: Starting irsc tool
--------- switch to main
12-31 17:27:50.113   521   521 I SurfaceFlinger: Phase offset NS: 1000000
12-31 17:27:50.113   521   521 D RenderEngine: RenderEngine GLES Backend
--------- switch to system
12-31 17:27:50.120   566   566 I irsc_util: Num of entries:290
12-31 17:27:50.121   566   566 I irsc_util: Ending irsc tool
--------- switch to main
12-31 17:27:50.126   521   521 D libEGL  : loaded /vendor/lib64/egl/libEGL_adreno.so
12-31 17:27:50.135   492   524 E Sensors : mag_cal.c(1609):mag_cal_sam_init: Unknown UUID(1) cb8db385-b92b-a4a7
12-31 17:27:50.136   492   524 E Sensors : mag_cal.c(1614):mag_cal_sam_init: Unknown UUID(2) 67e7-81216a1bd0f0
12-31 17:27:50.136   492   524 E Sensors : sns_sam.c(4463):Failed to register algorithm service 16 with SAM
--------- switch to kernel
12-31 17:27:50.143     0     0 I [    6.587729 / 01-01 04:27:50.131][2] init: starting service 'idmap2d'...
12-31 17:27:50.147     0     0 I [    6.593724 / 01-01 04:27:50.139][2] init: starting service 'incidentd'...
12-31 17:27:50.156     0     0 I [    6.601156 / 01-01 04:27:50.147][2] init: starting service 'installd'...
12-31 17:27:50.167     0     0 I [    6.614575 / 01-01 04:27:50.159][2] init: starting service 'keystore'...
--------- switch to main
12-31 17:27:50.145   571   571 D ImsWmsProxy: ImsWmsProxy :: IMS WMS Proxy is started
12-31 17:27:50.146   571   571 D ImsWmsProxy: ImsWmsProxy :: local socket (5)
12-31 17:27:50.146   571   571 D ImsWmsProxy: ImsWmsProxy :: IMS WMS Proxy is ready
12-31 17:27:50.156   449   449 D TetherController: Setting IP forward enable = 0
12-31 17:27:50.158   449   449 D FirewallController: Could not read /proc/self/uid_map, max uid defaulting to 4294967294
--------- switch to kernel
12-31 17:27:50.176     0     0 I         : [    6.621314 / 01-01 04:27:50.167][3] 'opened /dev/adsprpc-smd c 218 0'
--------- switch to main
12-31 17:27:50.180   564   564 E Diag_Lib: qpLogDiagInit <== result : 1
12-31 17:27:50.180   564   564 E Diag_Lib: QMID : gIsQXDMDisabled 0, gIsADBDisabled 1, gIsDebugDisabled 0, gIsIMSLogsDisabled 0
12-31 17:27:50.181   564   564 E Diag_Lib: [IMS_QMID] |imsqmiserver.c | 538 | QMID#$$#0#QMI DAEMON STARTED
--------- switch to kernel
12-31 17:27:50.188     0     0 I [    6.633564 / 01-01 04:27:50.179][2] init: starting service 'mediadrm'...
12-31 17:27:50.200     0     0 I [    6.646739 / 01-01 04:27:50.191][2] init: starting service 'mediaextractor'...
12-31 17:27:50.223     0     0 I [    6.669558 / 01-01 04:27:50.215][5] init: starting service 'mediametrics'...
12-31 17:27:50.235     0     0 I [    6.678061 / 01-01 04:27:50.223][5] init: starting service 'media'...
--------- switch to main
12-31 17:27:50.238   449   449 I netd    : Creating child chains: 66.5ms
12-31 17:27:50.238   449   449 I netd    : Setting up OEM hooks: 0.4ms
12-31 17:27:50.252   449   449 I netd    : Setting up FirewallController hooks: 14.1ms
--------- switch to kernel
12-31 17:27:50.257     0     0 I [    6.697292 / 01-01 04:27:50.243][4] init: starting service 'statsd'...
12-31 17:27:50.257     0     0 I [    6.700871 / 01-01 04:27:50.247][4] init: starting service 'storaged'...
12-31 17:27:50.257     0     0 I [    6.704482 / 01-01 04:27:50.251][4] init: starting service 'wificond'...
--------- switch to main
12-31 17:27:50.257   449   449 I netd    : Setting up TetherController hooks: 4.6ms
--------- switch to events
12-31 17:27:50.109   364   364 I chatty  : uid=1000(system) hwservicemanage identical 19 lines
12-31 17:27:50.110   364   364 I snet_event_log: [121035042,-1,]
12-31 17:27:50.261   363   363 I snet_event_log: [121035042,-1,]
--------- switch to main
12-31 17:27:50.265   449   449 I netd    : Setting up BandwidthController hooks: 7.8ms
12-31 17:27:50.265   449   449 I netd    : Setting up IdletimerController hooks: 0.5ms
--------- switch to kernel
12-31 17:27:50.279     0     0 I [    6.709801 / 01-01 04:27:50.255][5] init: Created socket '/dev/socket/statsdw', mode 222, user 1066, group 1066
--------- switch to main
12-31 17:27:50.271   449   449 I netd    : Setting up StrictController hooks: 5.3ms
12-31 17:27:50.271   449   449 I ClatdController: Pre-4.9 kernel or pre-P api shipping level - disabling clat ebpf.
12-31 17:27:50.272   449   449 I netd    : Initializing ClatdController: 0.5ms
12-31 17:27:50.272   449   449 I netd    : Initializing traffic control: 0.5ms
12-31 17:27:50.287   521   521 D libEGL  : loaded /vendor/lib64/egl/libGLESv1_CM_adreno.so
12-31 17:27:50.290   521   521 D libEGL  : loaded /vendor/lib64/egl/libGLESv2_adreno.so
--------- switch to kernel
12-31 17:27:50.310     0     0 I [    6.756129 / 01-01 04:27:50.299][4] init: starting service 'vendor.media.omx'...
12-31 17:27:50.312     0     0 I [    6.759613 / 01-01 04:27:50.303][4] init: Opened file '/d/mmc0/mmc0:0001/ext_csd', flags 0
--------- switch to main
12-31 17:27:50.295   449   449 I netd    : Enabling bandwidth control: 23.3ms
12-31 17:27:50.298   449   449 I netd    : Initializing RouteController: 2.6ms
--------- switch to system
12-31 17:27:50.298   585   585 I installd: installd firing up
--------- switch to main
12-31 17:27:50.299   449   449 D XfrmController: XfrmController::ipSecAddXfrmInterface, line=1379
12-31 17:27:50.315   521   521 I Adreno  : QUALCOMM build                   : d3015e9, I25dc76dc3f
12-31 17:27:50.315   521   521 I Adreno  : Build Date                       : 01/26/17
12-31 17:27:50.315   521   521 I Adreno  : OpenGL ES Shader Compiler Version: XE031.09.00.03
12-31 17:27:50.315   521   521 I Adreno  : Local Branch                     : 
12-31 17:27:50.315   521   521 I Adreno  : Remote Branch                    : refs/tags/AU_LINUX_ANDROID_LA.BF64.1.2.3_RB1.07.00.00.258.011
12-31 17:27:50.315   521   521 I Adreno  : Remote Branch                    : NONE
12-31 17:27:50.315   521   521 I Adreno  : Reconstruct Branch               : NOTHING
--------- switch to kernel
12-31 17:27:50.329     0     0 I         : [    6.769403 / 01-01 04:27:50.315][1] msm8994-asoc-snd fe034000.sound:  tomtom_rx1 <-> qcom,msm-dai-q6-sb-0-rx.192 mapping ok
12-31 17:27:50.329     0     0 I         : [    6.772714 / 01-01 04:27:50.319][1] msm8994-asoc-snd fe034000.sound:  tomtom_tx1 <-> qcom,msm-dai-q6-sb-0-tx.193 mapping ok
12-31 17:27:50.329     0     0 I         : [    6.773195 / 01-01 04:27:50.319][1] msm8994-asoc-snd fe034000.sound:  tomtom_rx1 <-> qcom,msm-dai-q6-sb-1-rx.194 mapping ok
12-31 17:27:50.329     0     0 I         : [    6.773525 / 01-01 04:27:50.319][1] msm8994-asoc-snd fe034000.sound:  tomtom_tx1 <-> qcom,msm-dai-q6-sb-1-tx.195 mapping ok
12-31 17:27:50.329     0     0 I         : [    6.773857 / 01-01 04:27:50.319][1] msm8994-asoc-snd fe034000.sound:  tomtom_rx1 <-> qcom,msm-dai-q6-sb-3-rx.198 mapping ok
12-31 17:27:50.329     0     0 I [    6.775985 / 01-01 04:27:50.319][0] ueventd: firmware: loading 'a420_pm4.fw' for '/devices/soc.0/fdb00000.qcom,kgsl-3d0/kgsl/kgsl-3d0/a420_pm4.fw'
--------- switch to main
12-31 17:27:50.299   449   449 D XfrmController: XfrmController::ipSecRemoveTunnelInterface, line=1592
12-31 17:27:50.325   449   449 D XfrmController: deviceName=ipsec_test
12-31 17:27:50.326   449   449 D XfrmController: Sending Netlink XFRM Message: XFRM_MSG_FLUSHSA
12-31 17:27:50.327   449   449 D XfrmController: Sending Netlink XFRM Message: XFRM_MSG_FLUSHPOLICY
12-31 17:27:50.327   449   449 I netd    : Initializing XfrmController: 28.9ms
--------- switch to kernel
12-31 17:27:50.338     0     0 I         : [    6.778705 / 01-01 04:27:50.323][4] msm8994-asoc-snd fe034000.sound:  tomtom_tx1 <-> qcom,msm-dai-q6-sb-3-tx.199 mapping ok
12-31 17:27:50.338     0     0 I         : [    6.779237 / 01-01 04:27:50.323][4] msm8994-asoc-snd fe034000.sound:  tomtom_rx1 <-> qcom,msm-dai-q6-sb-4-rx.200 mapping ok
12-31 17:27:50.338     0     0 I         : [    6.779720 / 01-01 04:27:50.323][4] msm8994-asoc-snd fe034000.sound:  msm-stub-tx <-> qcom,msm-dai-q6-incall-record-t mapping ok
12-31 17:27:50.338     0     0 I         : [    6.780184 / 01-01 04:27:50.323][4] msm8994-asoc-snd fe034000.sound:  msm-stub-tx <-> qcom,msm-dai-q6-incall-record-r mapping ok
12-31 17:27:50.338     0     0 I         : [    6.780706 / 01-01 04:27:50.327][4] msm8994-asoc-snd fe034000.sound:  tomtom_mad1 <-> qcom,msm-dai-q6-sb-5-tx.202 mapping ok
12-31 17:27:50.338     0     0 I         : [    6.781206 / 01-01 04:27:50.327][4] msm8994-asoc-snd fe034000.sound:  msm-stub-rx <-> qcom,msm-dai-q6-incall-music-rx mapping ok
12-31 17:27:50.338     0     0 I         : [    6.781662 / 01-01 04:27:50.327][4] msm8994-asoc-snd fe034000.sound:  msm-stub-rx <-> qcom,msm-dai-q6-incall-music-2- mapping ok
12-31 17:27:50.338     0     0 I         : [    6.782113 / 01-01 04:27:50.327][4] msm8994-asoc-snd fe034000.sound:  msm-stub-tx <-> qcom,msm-dai-q6-mi2s-prim.216 mapping ok
12-31 17:27:50.338     0     0 I         : [    6.782552 / 01-01 04:27:50.327][4] msm8994-asoc-snd fe034000.sound:  tomtom_rx3 <-> qcom,msm-dai-q6-sb-5-rx.215 mapping ok
12-31 17:27:50.338     0     0 I         : [    6.783001 / 01-01 04:27:50.327][4] msm8994-asoc-snd fe034000.sound:  msm_hdmi_audio_codec_rx_dai <-> qcom,msm-dai-q6-hdmi.47 mapping ok
12-31 17:27:50.338     0     0 I [    6.783005 / 01-01 04:27:50.327][0] ueventd: loading /devices/soc.0/fdb00000.qcom,kgsl-3d0/kgsl/kgsl-3d0/a420_pm4.fw took 7ms
12-31 17:27:50.338     0     0 I         : [    6.783914 / 01-01 04:27:50.327][4] msm8994-asoc-snd fe034000.sound:  snd-soc-dummy-dai <-> MultiMedia1 mapping ok
12-31 17:27:50.338     0     0 I         : [    6.785037 / 01-01 04:27:50.331][4] msm8994-asoc-snd fe034000.sound:  snd-soc-dummy-dai <-> MultiMedia1 mapping ok
--------- switch to events
12-31 17:27:50.308   363   363 I snet_event_log: [121035042,-1,]
12-31 17:27:50.335   696   696 I auditd  : type=1400 audit(0.0:7): avc: denied { write } for comm="adb_root" name="tasks" dev="tmpfs" ino=12873 scontext=u:r:adbroot:s0 tcontext=u:object_r:device:s0 tclass=file permissive=1
--------- switch to main
12-31 17:27:50.335   696   696 I adb_root: type=1400 audit(0.0:7): avc: denied { write } for name="tasks" dev="tmpfs" ino=12873 scontext=u:r:adbroot:s0 tcontext=u:object_r:device:s0 tclass=file permissive=1
--------- switch to events
12-31 17:27:50.335   696   696 I auditd  : type=1400 audit(0.0:8): avc: denied { open } for comm="adb_root" path="/dev/stune/foreground/tasks" dev="tmpfs" ino=12873 scontext=u:r:adbroot:s0 tcontext=u:object_r:device:s0 tclass=file permissive=1
--------- switch to main
12-31 17:27:50.335   696   696 I adb_root: type=1400 audit(0.0:8): avc: denied { open } for path="/dev/stune/foreground/tasks" dev="tmpfs" ino=12873 scontext=u:r:adbroot:s0 tcontext=u:object_r:device:s0 tclass=file permissive=1
--------- switch to events
12-31 17:27:50.337   363   363 I snet_event_log: [121035042,-1,]
--------- switch to main
12-31 17:27:50.337   449   449 I libnetd_resolv: resolv_init: Initializing resolver
