01-01 04:27:48.830   424   424 E QSEECOMD: : Listener: index = 3, hierarchy = 1
01-01 04:27:48.832   424   424 D QSEECOMD: : Init dlopen(libdrmtime.so, RTLD_NOW) succeeds
01-01 04:27:48.833   424   424 D QSEECOMD: : Init::Init dlsym(g_FSHandle atime_start) succeeds
01-01 04:27:48.833   424   424 D DrmLibTime: QSEE Time Listener: atime_start
01-01 04:27:48.833   424   424 D QSEECOMAPI: : QSEECom_register_listener 11 sb_length = 0x5000
01-01 04:27:48.834   424   424 D DrmLibTime: registering fs service to QSEECom is done!
01-01 04:27:48.834   424   424 D DrmLibTime: begin to create a thread!
01-01 04:27:48.834   424   424 D DrmLibTime: Creating a pthread in atime_start is done! return 0
01-01 04:27:48.834   424   427 D DrmLibTime: QSEE Time Listener: dispatch
01-01 04:27:48.835   424   424 D QSEECOMD: : Init atime_start ret = 0
01-01 04:27:48.835   424   427 D DrmLibTime: before calling ioctl to read the next time_cmd
01-01 04:27:48.835   424   424 D QSEECOMD: : time services: Started (Listener ID = 11)
01-01 04:27:48.836   424   424 E QSEECOMD: : Listener: index = 4, hierarchy = 1
01-01 04:27:48.836   424   424 D QSEECOMD: : Init dlopen(libdrmfs.so, RTLD_NOW) succeeds
01-01 04:27:48.837   424   424 D QSEECOMD: : Init::Init dlsym(g_FSHandle fs_start) succeeds
01-01 04:27:48.837   424   424 D QSEECOMAPI: : QSEECom_register_listener 10 sb_length = 0x5000
01-01 04:27:48.837   424   424 D QSEECOMD: : Init fs_start ret = 0
01-01 04:27:48.838   424   424 D QSEECOMD: : file system services: Started (Listener ID = 10)
01-01 04:27:48.838   424   424 E QSEECOMD: : Listener: index = 5, hierarchy = 1
01-01 04:27:48.838   424   424 D QSEECOMD: : Init dlopen(libmdtp.so, RTLD_NOW) succeeds
01-01 04:27:48.839   424   424 E QSEECOMD: : Init dlopen(libmdtp.so, RLTD_NOW) is failed....
01-01 04:27:48.839   424   424 E QSEECOMD: : Listener: index = 6, hierarchy = 1
01-01 04:27:48.839   424   424 D QSEECOMD: : Init dlopen(libdrmfs.so, RTLD_NOW) succeeds
01-01 04:27:48.840   424   424 D QSEECOMD: : Init::Init dlsym(g_FSHandle gpfs_start) succeeds
01-01 04:27:48.840   424   424 D QSEECOMAPI: : QSEECom_register_listener 28672 sb_length = 0x7e000
01-01 04:27:48.841   424   424 D QSEECOMD: : Init gpfs_start ret = 0
01-01 04:27:48.841   424   424 D QSEECOMD: : gpfile system services: Started (Listener ID = 28672)
01-01 04:27:48.842   424   424 D QSEECOMAPI: : QSEECom_get_handle sb_length = 0x400
01-01 04:27:48.843   424   424 D QSEECOMAPI: : App is not loaded in QSEE
--------- switch to kernel
01-01 04:27:48.847     0     0 I [    5.296152 / 01-01 04:27:48.839][0] ueventd: firmware: loading 'cmnlib.mdt' for '/devices/virtual/qseecom/qseecom/cmnlib.mdt'
01-01 04:27:48.851     0     0 I [    5.298638 / 01-01 04:27:48.843][1] ueventd: loading /devices/virtual/qseecom/qseecom/cmnlib.mdt took 2ms
01-01 04:27:48.855     0     0 I [    5.301030 / 01-01 04:27:48.847][0] ueventd: firmware: loading 'cmnlib.b00' for '/devices/virtual/qseecom/qseecom/cmnlib.b00'
01-01 04:27:48.856     0     0 I [    5.302426 / 01-01 04:27:48.847][1] ueventd: loading /devices/virtual/qseecom/qseecom/cmnlib.b00 took 1ms
01-01 04:27:48.857     0     0 I [    5.304794 / 01-01 04:27:48.851][0] ueventd: firmware: loading 'cmnlib.b01' for '/devices/virtual/qseecom/qseecom/cmnlib.b01'
01-01 04:27:48.857     0     0 I [    5.306244 / 01-01 04:27:48.851][1] ueventd: loading /devices/virtual/qseecom/qseecom/cmnlib.b01 took 1ms
01-01 04:27:48.862     0     0 I [    5.308736 / 01-01 04:27:48.855][0] ueventd: firmware: loading 'cmnlib.b02' for '/devices/virtual/qseecom/qseecom/cmnlib.b02'
01-01 04:27:48.862     0     0 I [    5.311056 / 01-01 04:27:48.855][1] ueventd: loading /devices/virtual/qseecom/qseecom/cmnlib.b02 took 2ms
01-01 04:27:48.867     0     0 I [    5.313536 / 01-01 04:27:48.859][0] ueventd: firmware: loading 'cmnlib.b03' for '/devices/virtual/qseecom/qseecom/cmnlib.b03'
01-01 04:27:48.868     0     0 I [    5.314915 / 01-01 04:27:48.859][1] ueventd: loading /devices/virtual/qseecom/qseecom/cmnlib.b03 took 1ms
01-01 04:27:48.871     0     0 I [    5.317691 / 01-01 04:27:48.863][0] ueventd: firmware: loading 'cmnlib.mdt' for '/devices/virtual/qseecom/qseecom/cmnlib.mdt'
01-01 04:27:48.871     0     0 I [    5.318235 / 01-01 04:27:48.863][0] ueventd: loading /devices/virtual/qseecom/qseecom/cmnlib.mdt took 0ms
01-01 04:27:48.872     0     0 I [    5.320519 / 01-01 04:27:48.867][0] ueventd: firmware: loading 'cmnlib.b00' for '/devices/virtual/qseecom/qseecom/cmnlib.b00'
01-01 04:27:48.876     0     0 I [    5.321056 / 01-01 04:27:48.867][0] ueventd: loading /devices/virtual/qseecom/qseecom/cmnlib.b00 took 0ms
01-01 04:27:48.876     0     0 I [    5.323422 / 01-01 04:27:48.867][0] ueventd: firmware: loading 'cmnlib.b01' for '/devices/virtual/qseecom/qseecom/cmnlib.b01'
01-01 04:27:48.876     0     0 I [    5.323954 / 01-01 04:27:48.867][0] ueventd: loading /devices/virtual/qseecom/qseecom/cmnlib.b01 took 0ms
01-01 04:27:48.879     0     0 I [    5.326368 / 01-01 04:27:48.871][0] ueventd: firmware: loading 'cmnlib.b02' for '/devices/virtual/qseecom/qseecom/cmnlib.b02'
01-01 04:27:48.880     0     0 I [    5.327154 / 01-01 04:27:48.871][0] ueventd: loading /devices/virtual/qseecom/qseecom/cmnlib.b02 took 0ms
--------- switch to events
01-01 04:27:48.569   363   363 I chatty  : uid=1000(system) /system/bin/servicemanager identical 1 line
01-01 04:27:48.652   363   363 I snet_event_log: [121035042,-1,]
01-01 04:27:48.875   425   425 I auditd  : type=1400 audit(0.0:4): avc: denied { ioctl } for comm="qseecomd" path="/dev/block/mmcblk0rpmb" dev="tmpfs" ino=11352 ioctlcmd=b300 scontext=u:r:qseecomd:s0 tcontext=u:object_r:disk_block_device:s0 tclass=blk_file permissive=1
--------- switch to main
01-01 04:27:48.875   425   425 I qseecomd: type=1400 audit(0.0:4): avc: denied { ioctl } for path="/dev/block/mmcblk0rpmb" dev="tmpfs" ino=11352 ioctlcmd=b300 scontext=u:r:qseecomd:s0 tcontext=u:object_r:disk_block_device:s0 tclass=blk_file permissive=1
--------- switch to kernel
01-01 04:27:48.883     0     0 I [    5.329590 / 01-01 04:27:48.875][0] ueventd: firmware: loading 'cmnlib.b03' for '/devices/virtual/qseecom/qseecom/cmnlib.b03'
01-01 04:27:48.883     0     0 I [    5.330141 / 01-01 04:27:48.875][0] ueventd: loading /devices/virtual/qseecom/qseecom/cmnlib.b03 took 0ms
01-01 04:27:48.887     0     0 I [    5.333586 / 01-01 04:27:48.879][0] init: Service 'exec 6 (/vendor/bin/init.qcom.qseecomd.sh)' (pid 421) exited with status 0 waiting took 0.153000 seconds
--------- switch to main
01-01 04:27:48.887   425   425 I chatty  : uid=1000(system) /vendor/bin/qseecomd identical 1 line
01-01 04:27:48.899   425   425 I qseecomd: type=1400 audit(0.0:6): avc: denied { ioctl } for path="/dev/block/mmcblk0rpmb" dev="tmpfs" ino=11352 ioctlcmd=b300 scontext=u:r:qseecomd:s0 tcontext=u:object_r:disk_block_device:s0 tclass=blk_file permissive=1
01-01 04:27:48.944   424   424 E QSEECOMAPI: : Error::Load image request failed ret = -1, errno = 22
01-01 04:27:48.945   424   424 E QSEECOMAPI: : Error::Loading image failed with ret = -1
01-01 04:27:48.945   424   424 E QSEECOMD: : Loading keymaste app failied
01-01 04:27:48.945   424   424 D QSEECOMAPI: : QSEECom_get_handle sb_length = 0x400
01-01 04:27:48.946   424   424 D QSEECOMAPI: : App is not loaded in QSEE
--------- switch to kernel
01-01 04:27:48.948     0     0 W [    5.393078 / 01-01 04:27:48.939][4] QSEECOM: qseecom_load_app: App (keymaste) does'nt exist, loading apps for first time
01-01 04:27:48.948     0     0 E         : [    5.393153 / 01-01 04:27:48.939][4] scm_call failed: func id 0x32000101, ret: -2, syscall returns: 0xffffffac, 0x0, 0x0
01-01 04:27:48.948     0     0 E [    5.393212 / 01-01 04:27:48.939][4] QSEECOM: qseecom_load_app: scm_call to load app failed
01-01 04:27:48.948     0     0 E [    5.393318 / 01-01 04:27:48.939][4] QSEECOM: qseecom_ioctl: failed load_app request: -22
01-01 04:27:48.951     0     0 W [    5.397053 / 01-01 04:27:48.943][4] QSEECOM: qseecom_load_app: App (keymaster) does'nt exist, loading apps for first time
--------- switch to main
01-01 04:27:48.953   424   424 E QSEECOMAPI: : Error::Load image request failed ret = -1, errno = 22
01-01 04:27:48.954   424   424 E QSEECOMAPI: : Error::Loading image failed with ret = -1
01-01 04:27:48.954   424   424 E QSEECOMD: : Loading keymaster app failied
01-01 04:27:48.954   424   424 D QSEECOMAPI: : QSEECom_get_handle sb_length = 0x400
01-01 04:27:48.954   424   424 D QSEECOMAPI: : App is not loaded in QSEE
--------- switch to kernel
01-01 04:27:48.955     0     0 E         : [    5.402028 / 01-01 04:27:48.947][4] scm_call failed: func id 0x32000101, ret: -2, syscall returns: 0xfffffff4, 0x0, 0x0
01-01 04:27:48.956     0     0 E [    5.402132 / 01-01 04:27:48.947][4] QSEECOM: qseecom_load_app: scm_call to load app failed
01-01 04:27:48.956     0     0 E [    5.402232 / 01-01 04:27:48.947][4] QSEECOM: qseecom_ioctl: failed load_app request: -22
01-01 04:27:48.959     0     0 W [    5.406882 / 01-01 04:27:48.951][4] QSEECOM: qseecom_load_app: App (kmota) does'nt exist, loading apps for first time
01-01 04:27:48.967     0     0 I [    5.415080 / 01-01 04:27:48.959][2] init: processing action (post-fs-data) from (/vendor/etc/init/hw/init.qcom.usb.rc:26)
01-01 04:27:48.968     0     0 I [    5.415818 / 01-01 04:27:48.959][2] init: processing action (post-fs-data) from (/system/etc/init/adb_root.rc:6)
01-01 04:27:48.972     0     0 I [    5.418168 / 01-01 04:27:48.963][2] init: processing action (post-fs-data) from (/system/etc/init/art_apex_boot_integrity.rc:19)
01-01 04:27:48.972     0     0 I [    5.418713 / 01-01 04:27:48.963][2] init: starting service 'exec 7 (/system/bin/art_apex_boot_integrity)'...
01-01 04:27:48.972     0     0 I [    5.420600 / 01-01 04:27:48.967][2] init: SVC_EXEC service 'exec 7 (/system/bin/art_apex_boot_integrity)' pid 441 (uid 0 gid 0+0 context default) started; waiting...
01-01 04:27:48.987     0     0 I [    5.434143 / 01-01 04:27:48.979][4] FG: update_battery_type: use battery type : itech_3000mah
01-01 04:27:48.988     0     0 I [    5.434257 / 01-01 04:27:48.979][4] of_batterydata_get_best_profile: itech_3000mah found
--------- switch to main
01-01 04:27:48.995   424   424 D QSEECOMAPI: : Loaded image: APP id = 3
--------- switch to kernel
01-01 04:27:48.995     0     0 W [    5.444113 / 01-01 04:27:48.987][4] QSEECOM: qseecom_load_app: App with id 3 (kmota) now loaded
--------- switch to main
01-01 04:27:48.996   424   424 D QSEECOMD: :  Keymaster/ kmota loaded
01-01 04:27:48.997   424   424 D QSEECOMD: : QSEECOM DAEMON RUNNING 
01-01 04:27:48.999   442   442 I art_apex: === ART pre-boot integrity checks ===
01-01 04:27:49.033   444   444 F art_apex: Device is not fsverity-enabled.
--------- switch to kernel
01-01 04:27:49.055     0     0 I [    5.501388 / 01-01 04:27:49.047][0] init: Service 'exec 7 (/system/bin/art_apex_boot_integrity)' (pid 441) exited with status 0 waiting took 0.081000 seconds
01-01 04:27:49.056     0     0 I [    5.501656 / 01-01 04:27:49.047][0] init: processing action (post-fs-data) from (/system/etc/init/bootstat.rc:9)
01-01 04:27:49.057     0     0 I [    5.505093 / 01-01 04:27:49.051][1] init: processing action (post-fs-data) from (/system/etc/init/gsid.rc:10)
01-01 04:27:49.063     0     0 I [    5.509045 / 01-01 04:27:49.055][1] init: processing action (post-fs-data) from (/system/etc/init/incidentd.rc:21)
01-01 04:27:49.064     0     0 I [    5.510173 / 01-01 04:27:49.055][1] init: processing action (post-fs-data) from (/system/etc/init/iorapd.rc:27)
01-01 04:27:49.064     0     0 I [    5.511107 / 01-01 04:27:49.055][1] init: processing action (post-fs-data) from (/system/etc/init/lineage-ssh.rc:1)
01-01 04:27:49.067     0     0 I [    5.514328 / 01-01 04:27:49.059][2] init: processing action (post-fs-data) from (/system/etc/init/lineage-system.rc:6)
01-01 04:27:49.068     0     0 I [    5.515280 / 01-01 04:27:49.059][2] init: processing action (post-fs-data) from (/system/etc/init/lineage-updates.rc:1)
01-01 04:27:49.071     0     0 I [    5.516675 / 01-01 04:27:49.063][2] init: processing action (post-fs-data) from (/system/etc/init/logtagd.rc:4)
01-01 04:27:49.075     0     0 I [    5.521133 / 01-01 04:27:49.067][2] init: processing action (post-fs-data) from (/system/etc/init/perfetto.rc:67)
01-01 04:27:49.075     0     0 I [    5.521326 / 01-01 04:27:49.067][2] init: processing action (post-fs-data) from (/system/etc/init/recovery-persist.rc:1)
01-01 04:27:49.076     0     0 I [    5.522704 / 01-01 04:27:49.067][2] init: starting service 'exec 8 (/system/bin/recovery-persist)'...
01-01 04:27:49.076     0     0 I [    5.524560 / 01-01 04:27:49.071][2] init: processing action (post-fs-data) from (/system/etc/init/statsd.rc:25)
01-01 04:27:49.083     0     0 I [    5.528767 / 01-01 04:27:49.075][2] init: processing action (post-fs-data) from (/vendor/etc/init/hostapd.android.rc:9)
01-01 04:27:49.084     0     0 I [    5.531889 / 01-01 04:27:49.075][2] init: processing action (load_persist_props_action) from (/init.rc:315)
01-01 04:27:49.084     0     0 W [    5.532252 / 01-01 04:27:49.075][0] init: Couldn't load property file '/data/local.prop': open() failed: No such file or directory: No such file or directory
12-31 17:27:49.087     0     0 I [    5.535407 / 01-01 04:27:49.079][1] init: Wait for property 'ro.persistent_properties.ready=true' took 3ms
12-31 17:27:49.088     0     0 I [    5.535848 / 01-01 04:27:49.079][1] init: starting service 'logd-reinit'...
12-31 17:27:49.091     0     0 I [    5.538719 / 01-01 04:27:49.083][1] init: processing action (load_persist_props_action) from (/system/etc/init/flags_health_check.rc:1)
--------- switch to main
12-31 17:27:49.093   446   446 E /system/bin/recovery-persist: Failed to unlink /cache/recovery/last_install: No such file or directory
--------- switch to kernel
12-31 17:27:49.095     0     0 I [    5.541315 / 01-01 04:27:49.087][1] init: starting service 'exec 9 (/system/bin/flags_health_check BOOT_FAILURE)'...
12-31 17:27:49.096     0     0 I [    5.543130 / 01-01 04:27:49.087][1] init: SVC_EXEC service 'exec 9 (/system/bin/flags_health_check BOOT_FAILURE)' pid 448 (uid 1000 gid 1000+0 context default) started; waiting...
12-31 17:27:49.096     0     0 I [    5.543494 / 01-01 04:27:49.087][1] init: Service 'exec 8 (/system/bin/recovery-persist)' (pid 446) exited with status 0
12-31 17:27:49.103     0     0 I [    5.552134 / 01-01 04:27:49.095][0] logd.daemon: reinit
12-31 17:27:49.107     0     0 I [    5.552985 / 01-01 04:27:49.099][3] init: Service 'logd-reinit' (pid 447) exited with status 0
--------- switch to main
12-31 17:27:49.108   448   448 I /system/bin/flags_health_check: ServerConfigurableFlagsReset reset_mode value: 0
12-31 17:27:49.108   448   448 I /system/bin/flags_health_check: ServerConfigurableFlagsReset attempted boot count is under threshold, skipping reset.
--------- switch to kernel
12-31 17:27:49.128     0     0 I [    5.572872 / 01-01 04:27:49.119][1] init: Service 'exec 9 (/system/bin/flags_health_check BOOT_FAILURE)' (pid 448) exited with status 0 waiting took 0.030000 seconds
12-31 17:27:49.128     0     0 I [    5.573165 / 01-01 04:27:49.119][1] init: processing action (load_persist_props_action) from (/system/etc/init/logcatd.rc:31)
12-31 17:27:49.128     0     0 I [    5.573794 / 01-01 04:27:49.119][0] init: processing action (ro.crypto.state=unencrypted && zygote-start) from (/init.rc:638)
12-31 17:27:49.128     0     0 I [    5.573976 / 01-01 04:27:49.119][0] init: Command 'exec_start update_verifier_nonencrypted' action=ro.crypto.state=unencrypted && zygote-start (/init.rc:640) took 0ms and failed: Service not found
12-31 17:27:49.128     0     0 I [    5.574713 / 01-01 04:27:49.119][0] init: starting service 'netd'...
12-31 17:27:49.131     0     0 I [    5.577507 / 01-01 04:27:49.123][1] init: Created socket '/dev/socket/dnsproxyd', mode 660, user 0, group 3003
12-31 17:27:49.132     0     0 I [    5.577572 / 01-01 04:27:49.123][2] init: starting service 'zygote'...
12-31 17:27:49.132     0     0 I [    5.578572 / 01-01 04:27:49.123][1] init: Created socket '/dev/socket/mdns', mode 660, user 0, group 1000
12-31 17:27:49.132     0     0 I [    5.579534 / 01-01 04:27:49.123][1] init: Created socket '/dev/socket/fwmarkd', mode 660, user 0, group 3003
12-31 17:27:49.132     0     0 I [    5.580342 / 01-01 04:27:49.123][2] init: starting service 'zygote_secondary'...
12-31 17:27:49.132     0     0 I [    5.580403 / 01-01 04:27:49.123][0] init: Created socket '/dev/socket/zygote', mode 660, user 0, group 1000
12-31 17:27:49.135     0     0 I [    5.581486 / 01-01 04:27:49.127][0] init: Created socket '/dev/socket/usap_pool_primary', mode 660, user 0, group 1000
12-31 17:27:49.136     0     0 I [    5.583327 / 01-01 04:27:49.127][2] init: processing action (zygote-start) from (/system/etc/init/bootstat.rc:72)
12-31 17:27:49.136     0     0 I [    5.583353 / 01-01 04:27:49.127][1] init: Created socket '/dev/socket/zygote_secondary', mode 660, user 0, group 1000
12-31 17:27:49.136     0     0 I [    5.583921 / 01-01 04:27:49.127][1] init: Created socket '/dev/socket/usap_pool_secondary', mode 660, user 0, group 1000
12-31 17:27:49.136     0     0 I [    5.584172 / 01-01 04:27:49.127][2] init: starting service 'exec 10 (/system/bin/bootstat --set_system_boot_reason)'...
12-31 17:27:49.139     0     0 I [    5.586394 / 01-01 04:27:49.131][2] init: processing action (firmware_mounts_complete) from (/init.rc:321)
12-31 17:27:49.140     0     0 I [    5.586691 / 01-01 04:27:49.131][2] init: processing action (early-boot) from (/vendor/etc/init/hw/init.qcom.rc:126)
12-31 17:27:49.140     0     0 I [    5.587319 / 01-01 04:27:49.131][2] init: starting service 'pulseon'...
12-31 17:27:49.148     0     0 I [    5.594495 / 01-01 04:27:49.139][0] ueventd: firmware: loading 'adsp.mdt' for '/devices/soc.0/fe200000.qcom,lpass/firmware/adsp.mdt'
12-31 17:27:49.151     0     0 I [    5.598260 / 01-01 04:27:49.143][0] ueventd: loading /devices/soc.0/fe200000.qcom,lpass/firmware/adsp.mdt took 3ms
12-31 17:27:49.152     0     0 I         : [    5.598277 / 01-01 04:27:49.143][2] subsys-pil-tz fe200000.qcom,lpass: adsp: loading from 0x0000000007400000 to 0x0000000008800000
--------- switch to main
12-31 17:27:49.169   452   452 I bootstat: Service started: /system/bin/bootstat --set_system_boot_reason 
--------- switch to kernel
12-31 17:27:49.188     0     0 I [    5.634911 / 01-01 04:27:49.179][1] ueventd: firmware: loading 'adsp.b02' for '/devices/soc.0/fe200000.qcom,lpass/firmware/adsp.b02'
12-31 17:27:49.188     0     0 I [    5.635938 / 01-01 04:27:49.179][1] ueventd: loading /devices/soc.0/fe200000.qcom,lpass/firmware/adsp.b02 took 1ms
12-31 17:27:49.191     0     0 I [    5.639443 / 01-01 04:27:49.183][1] ueventd: firmware: loading 'adsp.b03' for '/devices/soc.0/fe200000.qcom,lpass/firmware/adsp.b03'
12-31 17:27:49.195     0     0 I [    5.641809 / 01-01 04:27:49.187][1] ueventd: loading /devices/soc.0/fe200000.qcom,lpass/firmware/adsp.b03 took 2ms
12-31 17:27:49.199     0     0 I [    5.646493 / 01-01 04:27:49.191][2] ueventd: firmware: loading 'adsp.b04' for '/devices/soc.0/fe200000.qcom,lpass/firmware/adsp.b04'
--------- switch to main
12-31 17:27:49.200   452   452 I bootstat: Canonical boot reason: bootloader
12-31 17:27:49.200   452   452 I bootstat: Canonical boot reason: bootloader
12-31 17:27:49.212   449   449 I netdClient: Skipping libnetd_client init since *we* are netd
12-31 17:27:49.213   449   449 I netd    : netd 1.0 starting
--------- switch to kernel
12-31 17:27:49.245     0     0 I [    5.693224 / 01-01 04:27:49.239][2] ueventd: loading /devices/soc.0/fe200000.qcom,lpass/firmware/adsp.b04 took 46ms
12-31 17:27:49.251     0     0 I [    5.697640 / 01-01 04:27:49.243][1] ueventd: firmware: loading 'adsp.b06' for '/devices/soc.0/fe200000.qcom,lpass/firmware/adsp.b06'
--------- switch to main
12-31 17:27:49.252   449   449 I Netd    : Loaded resolver library from /apex/com.android.resolv/lib64/libnetd_resolv.so
--------- switch to kernel
12-31 17:27:49.259     0     0 I [    5.706710 / 01-01 04:27:49.251][1] ueventd: loading /devices/soc.0/fe200000.qcom,lpass/firmware/adsp.b06 took 9ms
12-31 17:27:49.271     0     0 I [    5.719456 / 01-01 04:27:49.263][1] ueventd: firmware: loading 'adsp.b08' for '/devices/soc.0/fe200000.qcom,lpass/firmware/adsp.b08'
12-31 17:27:49.274     0     0 I [    5.721485 / 01-01 04:27:49.267][1] ueventd: loading /devices/soc.0/fe200000.qcom,lpass/firmware/adsp.b08 took 2ms
12-31 17:27:49.279     0     0 I [    5.725820 / 01-01 04:27:49.271][1] ueventd: firmware: loading 'adsp.b09' for '/devices/soc.0/fe200000.qcom,lpass/firmware/adsp.b09'
12-31 17:27:49.287     0     0 I [    5.733162 / 01-01 04:27:49.279][1] ueventd: loading /devices/soc.0/fe200000.qcom,lpass/firmware/adsp.b09 took 7ms
12-31 17:27:49.288     0     0 I [    5.736890 / 01-01 04:27:49.283][3] ueventd: firmware: loading 'adsp.b10' for '/devices/soc.0/fe200000.qcom,lpass/firmware/adsp.b10'
12-31 17:27:49.291     0     0 I [    5.740308 / 01-01 04:27:49.283][3] ueventd: loading /devices/soc.0/fe200000.qcom,lpass/firmware/adsp.b10 took 3ms
12-31 17:27:49.299     0     0 I [    5.745588 / 01-01 04:27:49.291][1] ueventd: firmware: loading 'adsp.b11' for '/devices/soc.0/fe200000.qcom,lpass/firmware/adsp.b11'
12-31 17:27:49.303     0     0 I [    5.750003 / 01-01 04:27:49.295][2] ueventd: loading /devices/soc.0/fe200000.qcom,lpass/firmware/adsp.b11 took 4ms
12-31 17:27:49.307     0     0 I [    5.754395 / 01-01 04:27:49.299][1] ueventd: firmware: loading 'adsp.b12' for '/devices/soc.0/fe200000.qcom,lpass/firmware/adsp.b12'
12-31 17:27:49.308     0     0 I [    5.755802 / 01-01 04:27:49.299][1] ueventd: loading /devices/soc.0/fe200000.qcom,lpass/firmware/adsp.b12 took 1ms
12-31 17:27:49.315     0     0 I [    5.762015 / 01-01 04:27:49.307][1] ueventd: firmware: loading 'adsp.b13' for '/devices/soc.0/fe200000.qcom,lpass/firmware/adsp.b13'
12-31 17:27:49.316     0     0 I [    5.764231 / 01-01 04:27:49.307][1] ueventd: loading /devices/soc.0/fe200000.qcom,lpass/firmware/adsp.b13 took 2ms
12-31 17:27:49.319     0     0 I [    5.767820 / 01-01 04:27:49.311][0] ueventd: firmware: loading 'adsp.b14' for '/devices/soc.0/fe200000.qcom,lpass/firmware/adsp.b14'
12-31 17:27:49.323     0     0 I [    5.769664 / 01-01 04:27:49.315][1] ueventd: loading /devices/soc.0/fe200000.qcom,lpass/firmware/adsp.b14 took 1ms
12-31 17:27:49.327     0     0 I [    5.773987 / 01-01 04:27:49.319][1] ueventd: firmware: loading 'adsp.b15' for '/devices/soc.0/fe200000.qcom,lpass/firmware/adsp.b15'
12-31 17:27:49.328     0     0 I [    5.776343 / 01-01 04:27:49.319][1] ueventd: loading /devices/soc.0/fe200000.qcom,lpass/firmware/adsp.b15 took 2ms
12-31 17:27:49.427     0     0 I         : [    5.872569 / 01-01 04:27:49.419][0] [CC] current batt_temp[0], batt_temp_state[0], current batt_volt[4083], batt_volt_state[0]
12-31 17:27:49.428     0     0 I         : [    5.872749 / 01-01 04:27:49.419][0] [CC] need to change batt_volt_state[0->1]
12-31 17:27:49.428     0     0 I         : [    5.872923 / 01-01 04:27:49.419][0] [CC] change batt_temp[0], batt_temp_state[0], change batt_volt[4083], batt_volt_state[1]
12-31 17:27:49.428     0     0 I         : [    5.873044 / 01-01 04:27:49.419][0] [CC] update_thermal_condition(ibat_limit_charging_scenario=-1)
12-31 17:27:49.428     0     0 I         : [    5.873357 / 01-01 04:27:49.419][0] [CC] USB Current Set!
12-31 17:27:49.428     0     0 I         : [    5.873654 / 01-01 04:27:49.419][0] [CC] charge_type = 3
12-31 17:27:49.428     0     0 I         : [    5.875126 / 01-01 04:27:49.419][4] subsys-pil-tz fe200000.qcom,lpass: adsp: Brought out of reset
12-31 17:27:49.472     0     0 I         : [    5.916638 / 01-01 04:27:49.463][0] subsys-pil-tz fe200000.qcom,lpass: Subsystem error monitoring/handling services are up
12-31 17:27:49.472     0     0 I         : [    5.916797 / 01-01 04:27:49.463][0] subsys-pil-tz fe200000.qcom,lpass: adsp: Power/Clock ready interrupt received
12-31 17:27:49.472     0     0 I [    5.917040 / 01-01 04:27:49.463][1] init: Command 'write /sys/kernel/boot_adsp/boot 1' action=early-boot (/vendor/etc/init/hw/init.qcom.rc:133) took 326ms and succeeded
12-31 17:27:49.472     0     0 E [    5.917161 / 01-01 04:27:49.463][0] L-Notify: Generel: 7
12-31 17:27:49.472     0     0 I [    5.917749 / 01-01 04:27:49.463][1] init: Service 'exec 10 (/system/bin/bootstat --set_system_boot_reason)' (pid 452) exited with status 0
12-31 17:27:49.472     0     0 I [    5.918130 / 01-01 04:27:49.463][1] init: processing action (early-boot) from (/system/etc/init/installd.rc:5)
12-31 17:27:49.482     0     0 I         : [    5.927067 / 01-01 04:27:49.471][0] msm8994-asoc-snd fe034000.sound: msm8994_asoc_machine_probe: hdmi audio support present
12-31 17:27:49.482     0     0 E         : [    5.929977 / 01-01 04:27:49.475][0] msm8994-asoc-snd fe034000.sound: ASoC: CODEC tomtom_codec not registered
12-31 17:27:49.482     0     0 I         : [    5.930160 / 01-01 04:27:49.475][0] platform fe034000.sound: Driver msm8994-asoc-snd requests probe deferral
12-31 17:27:49.487     0     0 I         : [    5.936361 / 01-01 04:27:49.479][0] msm8994-asoc-snd fe034000.sound: msm8994_asoc_machine_probe: hdmi audio support present
12-31 17:27:49.491     0     0 E         : [    5.938804 / 01-01 04:27:49.483][0] msm8994-asoc-snd fe034000.sound: ASoC: CODEC tomtom_codec not registered
12-31 17:27:49.491     0     0 I         : [    5.938981 / 01-01 04:27:49.483][0] platform fe034000.sound: Driver msm8994-asoc-snd requests probe deferral
12-31 17:27:49.499     0     0 I [    5.945825 / 01-01 04:27:49.491][0] apr_tal: Q6 Is Up
12-31 17:27:49.503     0     0 I [    5.950335 / 01-01 04:27:49.495][4] init: processing action (boot) from (/init.rc:664)
12-31 17:27:49.504     0     0 I         : [    5.950986 / 01-01 04:27:49.495][1] msm8994-asoc-snd fe034000.sound: msm8994_asoc_machine_probe: hdmi audio support present
12-31 17:27:49.507     0     0 E [    5.952819 / 01-01 04:27:49.499][4] init: property 'dev.mnt.blk.data' doesn't exist while expanding '/sys/fs/f2fs/${dev.mnt.blk.data}/cp_interval'
12-31 17:27:49.508     0     0 I [    5.952943 / 01-01 04:27:49.499][4] init: Command 'write /sys/fs/f2fs/${dev.mnt.blk.data}/cp_interval 200' action=boot (/init.rc:693) took 0ms and failed: cannot expand '/sys/fs/f2fs/${dev.mnt.blk.data}/cp_interval'
12-31 17:27:49.508     0     0 E [    5.953108 / 01-01 04:27:49.499][4] init: property 'dev.mnt.blk.data' doesn't exist while expanding '/sys/fs/f2fs/${dev.mnt.blk.data}/gc_urgent_sleep_time'
12-31 17:27:49.508     0     0 E         : [    5.953156 / 01-01 04:27:49.499][1] msm8994-asoc-snd fe034000.sound: ASoC: CODEC tomtom_codec not registered
12-31 17:27:49.508     0     0 I         : [    5.953203 / 01-01 04:27:49.499][1] platform fe034000.sound: Driver msm8994-asoc-snd requests probe deferral
12-31 17:27:49.508     0     0 I [    5.953417 / 01-01 04:27:49.499][4] init: Command 'write /sys/fs/f2fs/${dev.mnt.blk.data}/gc_urgent_sleep_time 50' action=boot (/init.rc:694) took 0ms and failed: cannot expand '/sys/fs/f2fs/${dev.mnt.blk.data}/gc_urgent_sleep_time'
12-31 17:27:49.508     0     0 E [    5.953532 / 01-01 04:27:49.499][4] init: property 'dev.mnt.blk.data' doesn't exist while expanding '/sys/devices/virtual/block/${dev.mnt.blk.data}/queue/discard_max_bytes'
12-31 17:27:49.508     0     0 I [    5.953729 / 01-01 04:27:49.499][4] init: Command 'write /sys/devices/virtual/block/${dev.mnt.blk.data}/queue/discard_max_bytes 134217728' action=boot (/init.rc:699) took 0ms and failed: cannot expand '/sys/devices/virtual/block/${dev.mnt.blk.data}/queue/discard_max_bytes'
12-31 17:27:49.508     0     0 I [    5.956575 / 01-01 04:27:49.503][1] init: starting service 'hidl_memory'...
12-31 17:27:49.511     0     0 I [    5.959579 / 01-01 04:27:49.503][1] init: starting service 'healthd'...
12-31 17:27:49.516     0     0 I [    5.963299 / 01-01 04:27:49.507][1] init: starting service 'vendor.audio-hal-2-0'...
12-31 17:27:49.520     0     0 I [    5.966722 / 01-01 04:27:49.511][1] init: starting service 'vendor.camera-provider-2-4-ext'...
12-31 17:27:49.520     0     0 E [    5.968685 / 01-01 04:27:49.515][3] init: couldn't write 473 to /dev/cpuset/camera-daemon/tasks: No such file or directory
12-31 17:27:49.524     0     0 I [    5.970531 / 01-01 04:27:49.515][1] init: starting service 'vendor.camera-provider-2-4'...
12-31 17:27:49.527     0     0 I [    5.974125 / 01-01 04:27:49.519][1] init: starting service 'vendor.cas-hal-1-1'...
12-31 17:27:49.528     0     0 E [    5.975912 / 01-01 04:27:49.519][0] init: couldn't write 474 to /dev/cpuset/camera-daemon/tasks: No such file or directory
12-31 17:27:49.531     0     0 I [    5.977702 / 01-01 04:27:49.523][1] init: starting service 'vendor.configstore-hal'...
12-31 17:27:49.543     0     0 I [    5.982083 / 01-01 04:27:49.527][1] init: starting service 'vendor.gralloc-2-0'...
12-31 17:27:49.543     0     0 I [    5.985506 / 01-01 04:27:49.531][1] init: starting service 'vendor.health-hal-1-0'...
12-31 17:27:49.543     0     0 I [    5.989192 / 01-01 04:27:49.535][1] init: starting service 'vendor.light-hal-2-0'...
--------- switch to main
12-31 17:27:49.543   471   471 I health@2.0/: health@2.0/backup: Hal starting main loop...
12-31 17:27:49.544   471   471 I health@2.0/: health@2.0/backup Hal is starting up...
--------- switch to events
12-31 17:27:48.887   425   425 I chatty  : uid=1000(system) /vendor/bin/qseecomd identical 1 line
12-31 17:27:48.899   425   425 I auditd  : type=1400 audit(0.0:6): avc: denied { ioctl } for comm="qseecomd" path="/dev/block/mmcblk0rpmb" dev="tmpfs" ino=11352 ioctlcmd=b300 scontext=u:r:qseecomd:s0 tcontext=u:object_r:disk_block_device:s0 tclass=blk_file permissive=1
12-31 17:27:49.546   364   364 I snet_event_log: [121035042,-1,]
--------- switch to main
12-31 17:27:49.549   470   470 I ServiceManagement: Registered android.hidl.allocator@1.0::IAllocator/ashmem (start delay of 49ms)
12-31 17:27:49.550   470   470 I ServiceManagement: Removing namespace from process name android.hidl.allocator@1.0-service to allocator@1.0-service.
--------- switch to kernel
12-31 17:27:49.553     0     0 I [    5.997052 / 01-01 04:27:49.543][2] init: starting service 'vendor.power-hal-1-2'...
12-31 17:27:49.555     0     0 I [    6.002858 / 01-01 04:27:49.547][2] init: starting service 'vendor.radio-config-hal-1-0'...
12-31 17:27:49.560     0     0 I [    6.008175 / 01-01 04:27:49.551][2] init: starting service 'vendor.thermal-hal-1-0'...
12-31 17:27:49.576     0     0 I [    6.021698 / 01-01 04:27:49.567][1] init: starting service 'vendor.usb-hal-1-0'...
12-31 17:27:49.577     0     0 I [    6.025248 / 01-01 04:27:49.571][1] init: starting service 'vendor.wifi_hal_legacy'...
12-31 17:27:49.592     0     0 I [    6.038177 / 01-01 04:27:49.583][1] init: starting service 'vendor.trust-hal-1-0'...
12-31 17:27:49.600     0     0 I [    6.047121 / 01-01 04:27:49.591][1] init: Command 'class_start hal' action=boot (/init.rc:766) took 91ms and succeeded
12-31 17:27:49.600     0     0 I [    6.047829 / 01-01 04:27:49.591][1] init: starting service 'config_bluetooth'...
--------- switch to main
12-31 17:27:49.600   450   450 D AndroidRuntime: >>>>>> START com.android.internal.os.ZygoteInit uid 0 <<<<<<
--------- switch to events
12-31 17:27:49.566   364   364 I snet_event_log: [121035042,-1,]
12-31 17:27:49.600   450   450 I boot_progress_start: 6000
--------- switch to kernel
12-31 17:27:49.612     0     0 I [    6.056523 / 01-01 04:27:49.603][5] sps: BAM 0x00000000fe104000 (va:0xffffff80020c0000) enabled: ver:0x17, number of pipes:31
12-31 17:27:49.612     0     0 I [    6.057733 / 01-01 04:27:49.603][1] init: starting service 'rfs_access'...
--------- switch to main
12-31 17:27:49.622   473   473 I android.hardware.camera.provider@2.4-external-service: External camera provider service is starting.
--------- switch to kernel
12-31 17:27:49.624     0     0 I [    6.066571 / 01-01 04:27:49.611][2] init: starting service 'config_bt_addr'...
--------- switch to main
12-31 17:27:49.627   476   476 W /vendor/bin/hw/android.hardware.configstore@1.1-service: libminijail[476]: allowing syscall: connect
12-31 17:27:49.627   476   476 W /vendor/bin/hw/android.hardware.configstore@1.1-service: libminijail[476]: allowing syscall: fcntl
12-31 17:27:49.627   476   476 W /vendor/bin/hw/android.hardware.configstore@1.1-service: libminijail[476]: allowing syscall: sendto
12-31 17:27:49.627   476   476 W /vendor/bin/hw/android.hardware.configstore@1.1-service: libminijail[476]: allowing syscall: socket
12-31 17:27:49.627   476   476 W /vendor/bin/hw/android.hardware.configstore@1.1-service: libminijail[476]: allowing syscall: writev
12-31 17:27:49.630   476   476 W /vendor/bin/hw/android.hardware.configstore@1.1-service: libminijail[476]: logging seccomp filter failures
--------- switch to kernel
12-31 17:27:49.635     0     0 I [    6.081596 / 01-01 04:27:49.627][3] init: starting service 'sensors'...
12-31 17:27:49.643     0     0 I         : [    6.090217 / 01-01 04:27:49.635][5] tomtom-slim tomtom-slim-pgd: Platform data from device tree
12-31 17:27:49.644     0     0 I         : [    6.090423 / 01-01 04:27:49.635][5] tomtom-slim tomtom-slim-pgd: cdc-vdd-buck: vol=[2150000 2150000]uV, curr=[650000]uA, ond 0
12-31 17:27:49.644     0     0 I         : [    6.090551 / 01-01 04:27:49.635][5] tomtom-slim tomtom-slim-pgd: cdc-vdd-tx-h: vol=[1800000 1800000]uV, curr=[25000]uA, ond 0
12-31 17:27:49.644     0     0 I         : [    6.090671 / 01-01 04:27:49.635][5] tomtom-slim tomtom-slim-pgd: cdc-vdd-rx-h: vol=[1800000 1800000]uV, curr=[25000]uA, ond 0
12-31 17:27:49.644     0     0 I         : [    6.090793 / 01-01 04:27:49.635][5] tomtom-slim tomtom-slim-pgd: cdc-vddpx-1: vol=[1800000 1800000]uV, curr=[10000]uA, ond 0
12-31 17:27:49.644     0     0 I         : [    6.091153 / 01-01 04:27:49.635][5] tomtom-slim tomtom-slim-pgd: cdc-vdd-a-1p2v: vol=[1200000 1200000]uV, curr=[2000]uA, ond 0
12-31 17:27:49.644     0     0 I         : [    6.091284 / 01-01 04:27:49.635][5] tomtom-slim tomtom-slim-pgd: cdc-vddcx-1: vol=[1200000 1200000]uV, curr=[33000]uA, ond 0
12-31 17:27:49.644     0     0 I         : [    6.091405 / 01-01 04:27:49.635][5] tomtom-slim tomtom-slim-pgd: cdc-vddcx-2: vol=[1200000 1200000]uV, curr=[33000]uA, ond 0
12-31 17:27:49.644     0     0 I         : [    6.091611 / 01-01 04:27:49.635][5] tomtom-slim tomtom-slim-pgd: wcd9xxx_validate_spkdrv_ocp_curr_limit: Invalid spkdrv_ocp_curr_limit = 4294967295
12-31 17:27:49.644     0     0 E [    6.091720 / 01-01 04:27:49.635][5] extcodec_get_pinctrl: Unable to get pinctrl handle
--------- switch to events
12-31 17:27:49.648   364   364 I snet_event_log: [121035042,-1,]
--------- switch to kernel
12-31 17:27:49.652     0     0 I [    6.097084 / 01-01 04:27:49.643][0] init: starting service 'msm_irqbalance'...
--------- switch to main
12-31 17:27:49.652   479   479 I ServiceManagement: Registered android.hardware.light@2.0::ILight/default (start delay of 112ms)
12-31 17:27:49.653   479   479 I ServiceManagement: Removing namespace from process name android.hardware.light@2.0-service.g4 to light@2.0-service.g4.
12-31 17:27:49.653   479   479 I android.hardware.light@2.0-service.g4: Light HAL Ready.
12-31 17:27:49.654   450   450 I AndroidRuntime: Using default boot image
12-31 17:27:49.655   450   450 I AndroidRuntime: Leaving lock profiling enabled
--------- switch to kernel
12-31 17:27:49.660     0     0 I [    6.105452 / 01-01 04:27:49.651][0] init: starting service 'qcom-usb-sh'...
12-31 17:27:49.682     0     0 I [    6.113992 / 01-01 04:27:49.659][0] init: Created socket '/dev/socket/msm_irqbalance', mode 660, user 0, group 1000
12-31 17:27:49.682     0     0 I [    6.115114 / 01-01 04:27:49.659][1] init: starting service 'per_mgr'...
12-31 17:27:49.682     0     0 I [    6.130418 / 01-01 04:27:49.675][2] init: Created socket '/dev/socket/seempdw', mode 666, user 1000, group 1000
12-31 17:27:49.683     0     0 I [    6.132106 / 01-01 04:27:49.675][2] init: starting service 'hwaddrs'...
--------- switch to main
12-31 17:27:49.661   450   450 I zygote64: option[0]=-Xzygote
12-31 17:27:49.661   450   450 I zygote64: option[1]=exit
12-31 17:27:49.662   450   450 I zygote64: option[2]=vfprintf
12-31 17:27:49.662   450   450 I zygote64: option[3]=sensitiveThread
12-31 17:27:49.662   450   450 I zygote64: option[4]=-verbose:gc
12-31 17:27:49.662   450   450 I zygote64: option[5]=-Xms16m
12-31 17:27:49.663   450   450 I zygote64: option[6]=-Xmx768m
12-31 17:27:49.663   450   450 I zygote64: option[7]=-XX:HeapGrowthLimit=288m
12-31 17:27:49.663   450   450 I zygote64: option[8]=-XX:HeapMinFree=2m
12-31 17:27:49.664   450   450 I zygote64: option[9]=-XX:HeapMaxFree=8m
12-31 17:27:49.664   450   450 I zygote64: option[10]=-XX:HeapTargetUtilization=0.75
12-31 17:27:49.664   450   450 I zygote64: option[11]=-Xusejit:true
12-31 17:27:49.665   450   450 I zygote64: option[12]=-Xjitsaveprofilinginfo
12-31 17:27:49.665   450   450 I zygote64: option[13]=-XjdwpOptions:suspend=n,server=y
12-31 17:27:49.665   450   450 I zygote64: option[14]=-XjdwpProvider:default
12-31 17:27:49.666   450   450 I zygote64: option[15]=-Xlockprofthreshold:500
12-31 17:27:49.666   450   450 I zygote64: option[16]=-Ximage-compiler-option
12-31 17:27:49.666   450   450 I zygote64: option[17]=--runtime-arg
12-31 17:27:49.667   450   450 I zygote64: option[18]=-Ximage-compiler-option
12-31 17:27:49.667   450   450 I zygote64: option[19]=-Xms64m
12-31 17:27:49.668   450   450 I zygote64: option[20]=-Ximage-compiler-option
12-31 17:27:49.668   450   450 I zygote64: option[21]=--runtime-arg
12-31 17:27:49.668   480   480 E QTI PowerHAL: Unable to get perf_hint function handle.
12-31 17:27:49.668   450   450 I zygote64: option[22]=-Ximage-compiler-option
12-31 17:27:49.669   480   480 I android.hardware.power@1.2-service-qti: Power HAL Service 1.2 is starting.
12-31 17:27:49.669   450   450 I zygote64: option[23]=-Xmx64m
12-31 17:27:49.669   480   480 I QTI PowerHAL: Initing
12-31 17:27:49.670   450   450 I zygote64: option[24]=-Ximage-compiler-option
12-31 17:27:49.670   450   450 I zygote64: option[25]=--profile-file=/system/etc/boot-image.prof
12-31 17:27:49.671   450   450 I zygote64: option[26]=-Ximage-compiler-option
12-31 17:27:49.671   476   476 I ServiceManagement: Registered android.hardware.configstore@1.1::ISurfaceFlingerConfigs/default (start delay of 151ms)
12-31 17:27:49.671   450   450 I zygote64: option[27]=--compiler-filter=speed-profile
12-31 17:27:49.672   450   450 I zygote64: option[28]=-Xcompiler-option
12-31 17:27:49.672   476   476 I ServiceManagement: Removing namespace from process name android.hardware.configstore@1.1-service to configstore@1.1-service.
12-31 17:27:49.672   450   450 I zygote64: option[29]=--runtime-arg
12-31 17:27:49.673   450   450 I zygote64: option[30]=-Xcompiler-option
12-31 17:27:49.673   450   450 I zygote64: option[31]=-Xms64m
12-31 17:27:49.673   450   450 I zygote64: option[32]=-Xcompiler-option
12-31 17:27:49.673   450   450 I zygote64: option[33]=--runtime-arg
12-31 17:27:49.674   450   450 I zygote64: option[34]=-Xcompiler-option
12-31 17:27:49.674   450   450 I zygote64: option[35]=-Xmx512m
12-31 17:27:49.674   450   450 I zygote64: option[36]=-Xcompiler-option
12-31 17:27:49.675   450   450 I zygote64: option[37]=-j2
12-31 17:27:49.675   450   450 I zygote64: option[38]=-Ximage-compiler-option
12-31 17:27:49.675   450   450 I zygote64: option[39]=-j4
12-31 17:27:49.675   450   450 I zygote64: option[40]=-Ximage-compiler-option
12-31 17:27:49.676   450   450 I zygote64: option[41]=--instruction-set-variant=cortex-a53
12-31 17:27:49.676   450   450 I zygote64: option[42]=-Xcompiler-option
12-31 17:27:49.676   450   450 I zygote64: option[43]=--instruction-set-variant=cortex-a53
12-31 17:27:49.677   450   450 I zygote64: option[44]=-Ximage-compiler-option
12-31 17:27:49.677   450   450 I zygote64: option[45]=--instruction-set-features=default
12-31 17:27:49.677   450   450 I zygote64: option[46]=-Xcompiler-option
12-31 17:27:49.678   450   450 I zygote64: option[47]=--instruction-set-features=default
12-31 17:27:49.678   450   450 I zygote64: option[48]=-Duser.locale=el-GR
12-31 17:27:49.678   450   450 I zygote64: option[49]=--cpu-abilist=arm64-v8a
12-31 17:27:49.678   450   450 I zygote64: option[50]=-Xcompiler-option
12-31 17:27:49.679   450   450 I zygote64: option[51]=--generate-mini-debug-info
12-31 17:27:49.679   450   450 I zygote64: option[52]=-Xcore-platform-api-policy:just-warn
12-31 17:27:49.679   450   450 I zygote64: option[53]=-Xfingerprint:lge/p1_global_com/p1:6.0/MRA58K/152940055675e:user/release-keys
12-31 17:27:49.683   489   489 I rfs_access: All clients successfully initialized.
12-31 17:27:49.689   489   489 I rfs_access: Capset success!
12-31 17:27:49.691   481   481 I ServiceManagement: Registered android.hardware.radio.config@1.0::IRadioConfig/default (start delay of 141ms)
12-31 17:27:49.693   471   471 I healthd : healthd: redirecting calls to 1.0 health HAL
12-31 17:27:49.694   450   450 I zygote64: Core platform API reporting enabled, enforcing=false
12-31 17:27:49.695   481   481 I ServiceManagement: Removing namespace from process name android.hardware.radio.config@1.0-service to config@1.0-service.
12-31 17:27:49.696   481   481 D android.hardware.radio.config@1.0-service: Default service is ready.
12-31 17:27:49.696   489   489 I rfs_access: All Data dirs exist or were created successfully.
12-31 17:27:49.697   489   489 I rfs_access: Initialized RFS server
12-31 17:27:49.701   475   475 I ServiceManagement: Registered android.hardware.cas@1.1::IMediaCasService/default (start delay of 181ms)
12-31 17:27:49.702   475   475 I ServiceManagement: Removing namespace from process name android.hardware.cas@1.1-service to cas@1.1-service.
12-31 17:27:49.703   451   451 D AndroidRuntime: >>>>>> START com.android.internal.os.ZygoteInit uid 0 <<<<<<
12-31 17:27:49.706   480   480 I ServiceManagement: Registered android.hardware.power@1.2::IPower/default (start delay of 166ms)
12-31 17:27:49.707   480   480 I ServiceManagement: Removing namespace from process name android.hardware.power@1.2-service-qti to power@1.2-service-qti.
12-31 17:27:49.707   480   480 I android.hardware.power@1.2-service-qti: Successfully registered IPower
12-31 17:27:49.712   487   487 I vendor.lineage.trust@1.0-service: Trust HAL service is starting.
--------- switch to kernel
12-31 17:27:49.696     0     0 I [    6.141904 / 01-01 04:27:49.687][0] init: starting service 'lge-sensor-sh'...
12-31 17:27:49.732     0     0 W [    6.144410 / 01-01 04:27:49.687][2] healthd: BatteryFullChargePath not found
12-31 17:27:49.732     0     0 W [    6.144524 / 01-01 04:27:49.691][2] healthd: BatteryCycleCountPath not found
12-31 17:27:49.732     0     0 I [    6.056622 / 01-01 04:27:49.699][4] sps: BAM 0x00000000fe104000 is registered.
12-31 17:27:49.732     0     0 I [    6.153817 / 01-01 04:27:49.699][4] slimbus: 1 laddr:0xcd, EAPC:0x1:0x30init: starting service 'ashmemd'...
12-31 17:27:49.732     0     0 I         : [    6.156727 / 01-01 04:27:49.703][5] tomtom-slim tomtom-slim-pgd: wcd9xxx_slim_device_up: slim device up
--------- switch to main
12-31 17:27:49.717   471   471 I ServiceManagement: Registered android.hardware.health@2.0::IHealth/backup (start delay of 207ms)
12-31 17:27:49.718   471   471 I health@2.0/: health@2.0/backup: Hal init done
12-31 17:27:49.718   495   495 I qcom-bluetooth: /vendor/bin/init.qcom.bt.sh: init.qcom.bt.sh config = onboot
12-31 17:27:49.729   478   478 I ServiceManagement: Registered android.hardware.health@1.0::IHealth/default (start delay of 199ms)
12-31 17:27:49.730   478   478 I ServiceManagement: Removing namespace from process name android.hardware.health@1.0-service to health@1.0-service.
12-31 17:27:49.730   482   482 I ServiceManagement: Registered android.hardware.thermal@1.0::IThermal/default (start delay of 180ms)
12-31 17:27:49.730   478   478 I android.hardware.health@1.0-service: Registration complete for android.hardware.health@1.0::IHealth/default.
12-31 17:27:49.731   482   482 I ServiceManagement: Removing namespace from process name android.hardware.thermal@1.0-service to thermal@1.0-service.
12-31 17:27:49.731   482   482 I android.hardware.thermal@1.0-service: Registration complete for android.hardware.thermal@1.0::IThermal/default.
12-31 17:27:49.732   494   494 I MSM-irqbalance: msm-irq_balance (1.3) initialized
--------- switch to kernel
12-31 17:27:49.732     0     0 I [    6.154200 / 01-01 04:27:49.703][4] slimbus: 1 laddr:0xcc, EAPC:0x0:0x30
12-31 17:27:49.733     0     0 I         : [    6.159853 / 01-01 04:27:49.703][4] tomtom-slim tomtom-slim-pgd: wcd9xxx_check_codec_type: detected tomtom_codec, major 0x105, minor 0x1, ver 0x2
12-31 17:27:49.733     0     0 I [    6.160544 / 01-01 04:27:49.707][4] wcd9xxx_core_res_init: num_irqs = 32, num_irq_regs = 4
12-31 17:27:49.733     0     0 F         : [    6.163063 / 01-01 04:27:49.707][4] drv probe : 6041 tomtom-slim 72
12-31 17:27:49.733     0     0 I [    6.169194 / 01-01 04:27:49.715][1] init: starting service 'audioserver'...
12-31 17:27:49.733     0     0 W [    6.170144 / 01-01 04:27:49.715][4] healthd: battery l=89 v=4083 t=0.0 h=2 st=2 c=1457 chg=u
12-31 17:27:49.733     0     0 I         : [    6.172482 / 01-01 04:27:49.719][5] msm8994-asoc-snd fe034000.sound: msm8994_asoc_machine_probe: hdmi audio support present
--------- switch to main
12-31 17:27:49.732   494   494 I MSM-irqbalance: Configuration
12-31 17:27:49.733   494   494 I MSM-irqbalance: Rate: 0.2 Hz
12-31 17:27:49.733   494   494 I MSM-irqbalance: Decay Factor: 75.0
12-31 17:27:49.736   494   494 I MSM-irqbalance: Balancing Factor: 0.1
12-31 17:27:49.736   494   494 I MSM-irqbalance: Debug Log: OFF
12-31 17:27:49.736   494   494 I MSM-irqbalance: Cfg file: /vendor/etc/msm_irqbalance.conf
--------- switch to kernel
12-31 17:27:49.737     0     0 I         : [    6.183062 / 01-01 04:27:49.727][4] tomtom codec probe...
12-31 17:27:49.737     0     0 I         : [    6.183128 / 01-01 04:27:49.727][4] tomtom_codec tomtom_codec: tomtom_codec_probe()
12-31 17:27:49.737     0     0 I [    6.185256 / 01-01 04:27:49.731][1] init: starting service 'gpu'...
--------- switch to main
12-31 17:27:49.739   492   492 E Sensors : sns_debug_set_dbg_str_mask: Setting log level to 5
--------- switch to kernel
12-31 17:27:49.745     0     0 I [    6.191571 / 01-01 04:27:49.735][4] init: starting service 'lmkd'...
--------- switch to main
12-31 17:27:49.745   494   494 I MSM-irqbalance: CPU PRIO: CPU0: 1 CPU1: 1 CPU2: 1 CPU3: 1 CPU4: 0 CPU5: 0 
12-31 17:27:49.745   490   490 E         : The file /persist/bluetooth/.bt_nv.bin doesn't exist or empty or addr is random 1...
12-31 17:27:49.749   451   451 I AndroidRuntime: Using default boot image
12-31 17:27:49.749   451   451 I AndroidRuntime: Leaving lock profiling enabled
12-31 17:27:49.751   490   490 E         : bt_qmi_dms_init: Not able to get dms service handle
12-31 17:27:49.751   490   490 E         : QMI initialization failed in 1 try...
--------- switch to kernel
12-31 17:27:49.768     0     0 I [    6.214702 / 01-01 04:27:49.759][4] ueventd: firmware: loading 'cpe.mdt' for '/devices/soc.0/fe12f000.slim/tomtom-slim-pgd/tomtom_codec/firmware/cpe.mdt'
12-31 17:27:49.783     0     0 I [    6.230839 / 01-01 04:27:49.775][5] ueventd: loading /devices/soc.0/fe12f000.slim/tomtom-slim-pgd/tomtom_codec/firmware/cpe.mdt took 16ms
--------- switch to main
12-31 17:27:49.752   480   480 I ServiceManagement: Registered vendor.lineage.power@1.0::ILineagePower/default (start delay of 212ms)
12-31 17:27:49.752   494   494 I MSM-irqbalance: Ignored IRQs: 20 40 200 203 155 157 159 
12-31 17:27:49.752   474   474 I android.hardware.camera.provider@2.4-service: CameraProvider@2.4 legacy service is starting.
12-31 17:27:49.758   480   480 I android.hardware.power@1.2-service-qti: Successfully registered ILineagePower
12-31 17:27:49.759   480   480 I android.hardware.power@1.2-service-qti: Power Service is ready
12-31 17:27:49.759   451   451 I zygote  : option[0]=-Xzygote
12-31 17:27:49.759   483   483 I ServiceManagement: Registered android.hardware.usb@1.0::IUsb/default (start delay of 189ms)
12-31 17:27:49.760   451   451 I zygote  : option[1]=exit
--------- switch to system
12-31 17:27:49.760   485   485 I android.hardware.wifi@1.0-service.legacy: Wifi Hal is booting up...
--------- switch to main
12-31 17:27:49.761   483   483 I ServiceManagement: Removing namespace from process name android.hardware.usb@1.0-service.basic to usb@1.0-service.basic.
12-31 17:27:49.761   487   487 I ServiceManagement: Registered vendor.lineage.trust@1.0::IUsbRestrict/default (start delay of 181ms)
12-31 17:27:49.761   483   483 I /vendor/bin/hw/android.hardware.usb@1.0-service.basic: USB HAL Ready.
12-31 17:27:49.762   487   487 I ServiceManagement: Removing namespace from process name vendor.lineage.trust@1.0-service to trust@1.0-service.
12-31 17:27:49.762   451   451 I zygote  : option[2]=vfprintf
12-31 17:27:49.763   451   451 I zygote  : option[3]=sensitiveThread
12-31 17:27:49.763   487   487 I vendor.lineage.trust@1.0-service: Trust HAL service is ready.
12-31 17:27:49.764   451   451 I zygote  : option[4]=-verbose:gc
12-31 17:27:49.764   451   451 I zygote  : option[5]=-Xms16m
12-31 17:27:49.768   451   451 I zygote  : option[6]=-Xmx768m
12-31 17:27:49.769   451   451 I zygote  : option[7]=-XX:HeapGrowthLimit=288m
12-31 17:27:49.769   451   451 I zygote  : option[8]=-XX:HeapMinFree=2m
12-31 17:27:49.769   451   451 I zygote  : option[9]=-XX:HeapMaxFree=8m
12-31 17:27:49.769   451   451 I zygote  : option[10]=-XX:HeapTargetUtilization=0.75
