10-04 23:51:06.384  1090  5230 I Telecom : InCallController: Components updated: [ComponentInfo{com.android.dialer/com.android.incallui.InCallServiceImpl}]: CSW.hCCC@AIU
10-04 23:51:06.385  1090  5230 I Telecom : CallsManager: setCallState DIALING -> DIALING, call: [TC@1, DIALING, com.android.phone/com.android.services.telephony.TelephonyConnectionService, tel:**********, A, childs(0), has_parent(false), [Capabilities: CAPABILITY_SUPPORT_HOLD CAPABILITY_MUTE CAPABILITY_CANNOT_DOWNGRADE_VIDEO_TO_AUDIO], [Properties:]]: CSW.hCCC@AIU
10-04 23:51:06.385  1090  5230 D BluetoothHeadset: getConnectedDevices()
10-04 23:51:06.386  1090  4338 I Telecom : CallAudioRouteStateMachine: Message received: UPDATE_SYSTEM_AUDIO_ROUTE=1201, arg1=0: CSW.hCCC->CARSM.pM_UPDATE_SYSTEM_AUDIO_ROUTE@AIU_2
10-04 23:51:06.392  1090  5230 I Telecom : InCallController: Sending updateCall [TC@1, DIALING, com.android.phone/com.android.services.telephony.TelephonyConnectionService, tel:**********, A, childs(0), has_parent(false), [Capabilities: CAPABILITY_SUPPORT_HOLD CAPABILITY_MUTE CAPABILITY_CANNOT_DOWNGRADE_VIDEO_TO_AUDIO], [Properties:]]: CSW.sSH@AIc
10-04 23:51:06.393  1090  5230 I Telecom : InCallController: Components updated: [ComponentInfo{com.android.dialer/com.android.incallui.InCallServiceImpl}]: CSW.sSH@AIc
10-04 23:51:06.394  1090  4338 I Telecom : CallAudioRouteStateMachine: setSystemAudioState: changing from [AudioState isMuted: false, route: EARPIECE, supportedRouteMask: EARPIECE, SPEAKER] to [AudioState isMuted: false, route: EARPIECE, supportedRouteMask: EARPIECE, SPEAKER]: CSW.hCCC->CARSM.pM_UPDATE_SYSTEM_AUDIO_ROUTE@AIU_2
10-04 23:51:06.394  1090  4338 I Telecom : InCallController: Calling onAudioStateChanged, audioState: [AudioState isMuted: false, route: EARPIECE, supportedRouteMask: EARPIECE, SPEAKER] -> [AudioState isMuted: false, route: EARPIECE, supportedRouteMask: EARPIECE, SPEAKER]: CSW.hCCC->CARSM.pM_UPDATE_SYSTEM_AUDIO_ROUTE@AIU_2
10-04 23:51:06.395  1090  4338 I Telecom : CallAudioRouteStateMachine: Message received: USER_SWITCH_EARPIECE=1101, arg1=0: CSW.hCCC->CARSM.pM_USER_SWITCH_EARPIECE@AIU_3
10-04 23:51:06.396  1090  5230 I Telecom : InCallController: Sending updateCall [TC@1, DIALING, com.android.phone/com.android.services.telephony.TelephonyConnectionService, tel:**********, A, childs(0), has_parent(false), [Capabilities: CAPABILITY_SUPPORT_HOLD CAPABILITY_MUTE CAPABILITY_CANNOT_DOWNGRADE_VIDEO_TO_AUDIO], [Properties:]]: CSW.sCDN@AIg
10-04 23:51:06.397  1090  5230 I Telecom : InCallController: Components updated: [ComponentInfo{com.android.dialer/com.android.incallui.InCallServiceImpl}]: CSW.sCDN@AIg
10-04 23:51:06.401  1090  1127 I ActivityManager: Displayed com.android.dialer/com.android.incallui.InCallActivity: +275ms
10-04 23:51:06.475  7004  7004 I InCall  : CallList - onUpdate - [Call_0, DIALING, [Capabilities: CAPABILITY_SUPPORT_HOLD CAPABILITY_MUTE CAPABILITY_CANNOT_DOWNGRADE_VIDEO_TO_AUDIO], [Properties:], children:[], parent:null, conferenceable:[], videoState:Audio Only, mSessionModificationState:0, VideoSettings:(CameraDir:-1), mIsActivSub:false]
10-04 23:51:06.476  7004  7004 I InCall  : InCallPresenter - Start in call UI
10-04 23:51:06.476  7004  7004 I InCall  : InCallPresenter - Showing InCallActivity
10-04 23:51:06.478  1090  5230 I ActivityManager: START u0 {act=android.intent.action.MAIN flg=0x10040000 cmp=com.android.dialer/com.android.incallui.InCallActivity (has extras)} from uid 10016 on display 0
10-04 23:51:06.488  7004  7004 I InCall  : InCallPresenter - Phone switching state: PENDING_OUTGOING -> OUTGOING
10-04 23:51:06.489  7004  7004 D AccelerometerListener: enable(true)
10-04 23:51:06.490  7004  7004 E SensorManager: sensor or listener is null
10-04 23:51:06.491  7004  7004 I InCall  : ProximitySensor - ProximitySensor{keybrd=0, dpad=0, offhook=1, hor=0, ui=1, aud=EARPIECE}
10-04 23:51:06.494   455   835 V qcvirt  : 	Effect_command, ctxt 0xf4148680, cmd 9
10-04 23:51:06.494  7004  7004 D CallerInfoUtils: modifyForSpecialCnapCases: initially, number=xxxxxxxxxx, presentation=1 ci com.android.incallui.CallerInfo@cc90129 { name null, phoneNumber null }
10-04 23:51:06.494   455   835 V qcbassboost: 	Effect_command: ctxt 0xf4c23460, cmd 9
10-04 23:51:06.494   455   835 D audio_hw_primary: out_set_parameters: enter: usecase(0: deep-buffer-playback) kvpairs: routing=1
10-04 23:51:06.494   455   835 D voice_extn: update_calls: enter:
10-04 23:51:06.494   455   835 D voice_extn: update_calls: cur_state=1 new_state=2 vsid=10c01000
10-04 23:51:06.494   455   835 D voice_extn: update_calls: INACTIVE -> ACTIVE vsid:10c01000
10-04 23:51:06.494   455   835 D voice   : voice_start_usecase: enter usecase:voice-call
10-04 23:51:06.494   455   835 D audio_hw_primary: select_devices: out_snd_device(12: voice-handset) in_snd_device(64: voice-dmic-ef)
10-04 23:51:06.494  7004  7004 D CallerInfoUtils: SpecialCnap: number=xxxxxxxxxx; presentation now=1
10-04 23:51:06.494   455   835 W msm8974_platform: Codec backend bitwidth 16, samplerate 48000
10-04 23:51:06.494  7004  7004 D CallerInfoUtils: modifyForSpecialCnapCases: returning number string=xxxxxxxxxx
10-04 23:51:06.494   455   835 W msm8974_platform: platform_check_codec_backend_cfg:Use default bw and sr for voice/voip calls 
10-04 23:51:06.494   455   835 D hardware_info: hw_info_append_hw_type : device_name = voice-handset
10-04 23:51:06.494   455   835 D audio_hw_primary: enable_snd_device: snd_device(12: voice-handset)
10-04 23:51:06.502   455   835 D hardware_info: hw_info_append_hw_type : device_name = voice-dmic-ef
10-04 23:51:06.502   455   835 D audio_hw_primary: enable_snd_device: snd_device(64: voice-dmic-ef)
10-04 23:51:06.512   455   835 D ACDB-LOADER: ACDB -> send_voice_cal, acdb_rx = 7, acdb_tx = 41, feature_set = 0
10-04 23:51:06.512   455   835 D ACDB-LOADER: ACDB -> send_voice_rx_topology
10-04 23:51:06.512   455   835 D ACDB-LOADER: ACDB -> ACDB_CMD_GET_VOCPROC_COMMON_TOPOLOGY_ID
10-04 23:51:06.512   455   835 D ACDB-LOADER: ACDB -> send_voice_tx_topology
10-04 23:51:06.512   455   835 D ACDB-LOADER: ACDB -> ACDB_CMD_GET_VOCPROC_COMMON_TOPOLOGY_ID
10-04 23:51:06.512   455   835 D ACDB-LOADER: ACDB -> ACDB_CMD_GET_AFE_DATA
10-04 23:51:06.512   455   835 D ACDB-LOADER: ACDB -> AUDIO_SET_SIDETONE_CAL
10-04 23:51:06.512   455   835 D ACDB-LOADER: ACDB -> send_voice_columns, rxacdb_id 7, txacdb_id 41, table 5
10-04 23:51:06.512   455   835 D ACDB-LOADER: ACDB -> ACDB_CMD_GET_VOC_COLUMNS_INFO_V2
10-04 23:51:06.512   455   835 D ACDB-LOADER: ACDB -> ACDB_CMD_GET_VOC_PROC_STATIC_TABLE
10-04 23:51:06.513   455   835 D ACDB-LOADER: ACDB -> AUDIO_SET_VOCPROC_CAL
10-04 23:51:06.513   455   835 D ACDB-LOADER: ACDB -> ACDB_CMD_GET_VOC_PROC_DEVICE_CFG
10-04 23:51:06.513   455   835 D ACDB-LOADER: ACDB -> AUDIO_SET_VOCPROC_DEV_CFG_CAL
10-04 23:51:06.513   455   835 D ACDB-LOADER: ACDB -> send_voice_columns, rxacdb_id 7, txacdb_id 41, table 4
10-04 23:51:06.513   455   835 D ACDB-LOADER: ACDB -> ACDB_CMD_GET_VOC_COLUMNS_INFO_V2
10-04 23:51:06.513   455   835 D ACDB-LOADER: ACDB -> ACDB_CMD_GET_VOC_PROC_DYNAMIC_TABLE
10-04 23:51:06.515   455   835 D ACDB-LOADER: ACDB -> AUDIO_SET_VOCPROC_VOL_CAL
10-04 23:51:06.515   455   835 D ACDB-LOADER: ACDB -> send_voice_columns, rxacdb_id 7, txacdb_id 41, table 6
10-04 23:51:06.515   455   835 D ACDB-LOADER: ACDB -> ACDB_CMD_GET_VOC_COLUMNS_INFO_V2
10-04 23:51:06.515   455   835 D ACDB-LOADER: ACDB -> ACDB_CMD_GET_VOC_STREAM_STATIC_TABLE
10-04 23:51:06.515   455   835 D ACDB-LOADER: ACDB -> AUDIO_SET_VOCPROC_STREAM_CAL
10-04 23:51:06.515   455   835 D ACDB-LOADER: ACDB -> send_afe_cal
10-04 23:51:06.515   455   835 D ACDB-LOADER: ACDB -> ACDB_CMD_GET_AFE_COMMON_TABLE
10-04 23:51:06.515   455   835 D         : Failed to fetch the lookup information of the device 00000029 
10-04 23:51:06.515   455   835 E ACDB-LOADER: Error: ACDB AFE returned = -19
10-04 23:51:06.515   455   835 D ACDB-LOADER: ACDB -> AUDIO_SET_AFE_CAL
10-04 23:51:06.515   455   835 D ACDB-LOADER: ACDB -> send_afe_cal
10-04 23:51:06.515   455   835 D ACDB-LOADER: ACDB -> ACDB_CMD_GET_AFE_COMMON_TABLE
10-04 23:51:06.515   455   835 D         : Failed to fetch the lookup information of the device 00000007 
10-04 23:51:06.515   455   835 E ACDB-LOADER: Error: ACDB AFE returned = -19
10-04 23:51:06.515   455   835 D ACDB-LOADER: ACDB -> AUDIO_SET_AFE_CAL
10-04 23:51:06.515   455   835 D ACDB-LOADER: ACDB -> send_aanctable
10-04 23:51:06.515   455   835 D ACDB-LOADER: ACDB -> ACDB_CMD_GET_ADAPTIVE_ANC_CONFIG_TABLE
10-04 23:51:06.515   455   835 D         : Failed to fetch the lookup information of the device 00000029 
10-04 23:51:06.515   455   835 D ACDB-LOADER: ACDB_CMD_GET_ADAPTIVE_ANC_CONFIG_TABLE result -19
10-04 23:51:06.515   455   835 E ACDB-LOADER: Error: ACDB AANC returned = -19
10-04 23:51:06.515   455   835 D ACDB-LOADER: ACDB -> AUDIO_SET_AANC_TABLE
10-04 23:51:06.516   455   835 D ACDB-LOADER: ACDB -> send_hw_delay : acdb_id = 41 path = 1
10-04 23:51:06.516   455   835 D ACDB-LOADER: ACDB -> ACDB_AVSYNC_INFO: ACDB_CMD_GET_DEVICE_PROPERTY
10-04 23:51:06.516   455   835 D ACDB-LOADER: ACDB -> send_hw_delay : acdb_id = 7 path = 0
10-04 23:51:06.516   455   835 D ACDB-LOADER: ACDB -> ACDB_AVSYNC_INFO: ACDB_CMD_GET_DEVICE_PROPERTY
10-04 23:51:06.516   455   835 D ACDB-LOADER: ACDB -> Sent VocProc Cal!
10-04 23:51:06.516   455   835 D audio_hw_primary: enable_audio_route: apply mixer and update path: voice-call
10-04 23:51:06.520   455   835 D audio_hw_primary: select_devices: done
10-04 23:51:06.521   455   835 D voice   : voice_config.rate 8000
10-04 23:51:06.534  7004  7004 D CallerInfoUtils: ==> Actually starting CallerInfoAsyncQuery.startQuery()...
10-04 23:51:06.672   455   835 D voice   : voice_set_sidetone: enable, out_snd_device: 12
10-04 23:51:06.672   455   835 D voice   : voice_set_sidetone: sidetone out device = sidetone-handset
10-04 23:51:06.673   455   835 D voice   : voice_start_usecase: exit: status(0)
10-04 23:51:06.673   455   835 D voice_extn: update_calls: cur_state=1 new_state=1 vsid=10dc1000
10-04 23:51:06.673   455   835 D voice_extn: update_calls: cur_state=1 new_state=1 vsid=10c02000
10-04 23:51:06.673   455   835 D voice_extn: update_calls: cur_state=1 new_state=1 vsid=10803000
10-04 23:51:06.673   455   835 D voice_extn: update_calls: cur_state=1 new_state=1 vsid=10002000
10-04 23:51:06.706  1090  4341 I Telecom : CallAudioModeStateMachine: Message received: FOREGROUND_VOIP_MODE_CHANGE.: CSW.hCCC->CAMSM.pM_4001@AIU_0
10-04 23:51:06.707  3835  3966 I vol.Events: writeEvent level_changed STREAM_MUSIC 11
10-04 23:51:06.707  1090  4341 I Telecom : CallAudioModeStateMachine: Message received: NEW_ACTIVE_OR_DIALING_CALL.: CSW.hCCC->CAMSM.pM_2001@AIU_1
10-04 23:51:06.707  1090  4338 I Telecom : CallAudioRouteStateMachine: Message received: SWITCH_FOCUS=4001, arg1=2: PCR.oR->CAMSM.pM_2001->CARSM.pM_SWITCH_FOCUS@AHw_3_2
10-04 23:51:06.707  1090  4338 I Telecom : Event: Call TC@1: AUDIO_ROUTE, Leaving state QuiescentEarpieceRoute: PCR.oR->CAMSM.pM_2001->CARSM.pM_SWITCH_FOCUS@AHw_3_2
10-04 23:51:06.707  1090  4338 I Telecom : Event: Call TC@1: AUDIO_ROUTE, Entering state ActiveEarpieceRoute: PCR.oR->CAMSM.pM_2001->CARSM.pM_SWITCH_FOCUS@AHw_3_2
10-04 23:51:06.707  1090  4338 D BluetoothHeadset: getConnectedDevices()
10-04 23:51:06.711  1090  4338 I Telecom : CallAudioRouteStateMachine: setNotificationsSuppressed: on=yes; suppressed=no: PCR.oR->CAMSM.pM_2001->CARSM.pM_SWITCH_FOCUS@AHw_3_2
10-04 23:51:06.713  1090  4338 D ZenLog  : config: setInterruptionFilter,ZenModeConfig[user=0,allowCalls=true,allowRepeatCallers=false,allowMessages=false,allowCallsFrom=contacts,allowMessagesFrom=contacts,allowReminders=true,allowEvents=true,allowWhenScreenOff=true,allowWhenScreenOn=true,automaticRules={1b35948fbd4b4ab4b997348e7724e1d9=ZenRule[enabled=false,snoozing=false,name=Weekend,zenMode=ZEN_MODE_ALARMS,conditionId=condition://android/schedule?days=6.7&start=23.30&end=10.0&exitAtAlarm=false,condition=Condition[id=condition://android/schedule?days=6.7&start=23.30&end=10.0&exitAtAlarm=false,summary=...,line1=...,line2=...,icon=0,state=STATE_FALSE,flags=2],component=ComponentInfo{android/com.android.server.notification.ScheduleConditionProvider},id=1b35948fbd4b4ab4b997348e7724e1d9,creationTime=1420074656821,enabler=null], 31bed1931c9247ecbb1778fa9406374c=ZenRule[enabled=false,snoozing=false,name=Weeknight,zenMode=ZEN_MODE_ALARMS,conditionId=condition://android/schedule?days=1.2.3.4.5&start=22.0&end=7.0&exitAtAlarm=false,condition=Condition[id=condition://android/schedule?days=1.2.3.4.5&start=22.0&end=7.0&exitAtAlarm=false,summary=...,line1=...,line2=...,icon=0,state=STATE_TRUE,flags=2],component=ComponentInfo{android/com.android.server.notification.ScheduleConditionProvider},id=31bed1931c9247ecbb1778fa9406374c,creationTime=1420074656821,enabler=null], 9338a07df9964773a302459405a16011=ZenRule[enabled=false,snoozing=false,name=Event,zenMode=ZEN_MODE_ALARMS,conditionId=condition://android/event?userId=-10000&calendar=&reply=1,condition=Condition[id=condition://android/event?userId=-10000&calendar=&reply=1,summary=...,line1=...,line2=...,icon=0,state=STATE_FALSE,flags=2],component=ComponentInfo{android/com.android.server.notification.EventConditionProvider},id=9338a07df9964773a302459405a16011,creationTime=1420074656822,enabler=null]},manualRule=ZenRule[enabled=true,snoozing=false,name=null,zenMode=ZEN_MODE_ALARMS,conditionId=null,condition=null,component=null,id=null,creationTime=0,enabler=com.android.server.telecom]],Diff[manualRule:insert]
10-04 23:51:06.714  1090  4338 I Telecom : CallAudioRouteStateMachine: setSystemAudioState: changing from [AudioState isMuted: false, route: EARPIECE, supportedRouteMask: EARPIECE, SPEAKER] to [AudioState isMuted: false, route: EARPIECE, supportedRouteMask: EARPIECE, SPEAKER]: PCR.oR->CAMSM.pM_2001->CARSM.pM_SWITCH_FOCUS@AHw_3_2
10-04 23:51:06.725  1090  1090 D ZenLog  : set_zen_mode: alarms,setInterruptionFilter
10-04 23:51:06.737  1090  1090 D ZenLog  : set_ringer_mode_internal: ZenModeHelper,i:normal->silent,e:normal->silent
10-04 23:51:06.738  3835  3966 I vol.Events: writeEvent internal_ringer_mode_changed silent
10-04 23:51:06.740  3835  3966 I vol.Events: writeEvent mute_changed STREAM_RING true
10-04 23:51:06.741  3835  3966 I vol.Events: writeEvent mute_changed STREAM_SYSTEM true
10-04 23:51:06.742  3835  3966 I vol.Events: writeEvent external_ringer_mode_changed silent
10-04 23:51:06.749  3835  3966 I vol.Events: writeEvent zen_mode_changed alarms
10-04 23:51:06.751  1090  1090 I Telecom : : interruptionFilterChanged - ignoring own change: CARSM.oR@AIs
10-04 23:51:06.920  7004  7004 I InCall  : StatusBarNotifier - Displaying notification for 1
10-04 23:51:06.938  7004  7004 W InCall  : String -  CircularRevealFragment - onAnimationEnd
10-04 23:51:06.938  1090  1090 D ZenLog  : intercepted: 0|com.android.dialer|1|null|10016,alarmsOnly
10-04 23:51:06.940  1090  1090 V NotificationService: pkg=com.android.dialer canInterrupt=false intercept=true
10-04 23:51:07.076  7004  7004 D CallerInfoUtils: modifyForSpecialCnapCases: initially, number=xxxxxxxxxx, presentation=1 ci com.android.incallui.CallerInfo@27d5032 { name null, phoneNumber null }
10-04 23:51:07.076  7004  7004 D CallerInfoUtils: SpecialCnap: number=xxxxxxxxxx; presentation now=1
10-04 23:51:07.076  7004  7004 D CallerInfoUtils: modifyForSpecialCnapCases: returning number string=xxxxxxxxxx
10-04 23:51:07.150  7004  7004 E QtiImsExtUtils: getImsPhoneId failed. Exception = org.codeaurora.ims.QtiImsException: ImsService is not running
10-04 23:51:07.150  7004  7004 E QtiImsExtUtils: getConfigForPhoneId phoneId is invalid
10-04 23:51:07.150  7004  7004 E QtiImsExtUtils: isCarrierConfigEnabled bundle is null
10-04 23:51:07.151  7004  7004 E QtiImsExtUtils: getImsPhoneId failed. Exception = org.codeaurora.ims.QtiImsException: ImsService is not running
10-04 23:51:07.151  7004  7004 E QtiImsExtUtils: getConfigForPhoneId phoneId is invalid
10-04 23:51:07.151  7004  7004 E QtiImsExtUtils: isCarrierConfigEnabled bundle is null
10-04 23:51:07.165  1090  5237 D AlarmManagerService: Kernel timezone updated to -480 minutes west of GMT
10-04 23:51:07.185  4404  4404 D CellBroadcastReceiver: onReceive Intent { act=android.intent.action.SERVICE_STATE flg=0x10 cmp=com.android.cellbroadcastreceiver/.CellBroadcastReceiver (has extras) }
10-04 23:51:07.186  4404  4404 D CellBroadcastReceiver: Intent: android.intent.action.SERVICE_STATE
10-04 23:51:07.190  7004  7004 E QtiImsExtUtils: getImsPhoneId failed. Exception = org.codeaurora.ims.QtiImsException: ImsService is not running
10-04 23:51:07.190  7004  7004 E QtiImsExtUtils: getConfigForPhoneId phoneId is invalid
10-04 23:51:07.190  7004  7004 E QtiImsExtUtils: isCarrierConfigEnabled bundle is null
10-04 23:51:07.191  7004  7004 E QtiImsExtUtils: getImsPhoneId failed. Exception = org.codeaurora.ims.QtiImsException: ImsService is not running
10-04 23:51:07.191  7004  7004 E QtiImsExtUtils: getConfigForPhoneId phoneId is invalid
10-04 23:51:07.191  7004  7004 E QtiImsExtUtils: isCarrierConfigEnabled bundle is null
10-04 23:51:07.194  7004  7004 I InCall  : InCallLowBatteryListener - onDetailsChanged call = [Call_0, DIALING, [Capabilities: CAPABILITY_SUPPORT_HOLD CAPABILITY_MUTE CAPABILITY_CANNOT_DOWNGRADE_VIDEO_TO_AUDIO], [Properties:], children:[], parent:null, conferenceable:[], videoState:Audio Only, mSessionModificationState:0, VideoSettings:(CameraDir:-1), mIsActivSub:false] details = [pa: ComponentInfo{com.android.phone/com.android.services.telephony.TelephonyConnectionService}, [8f16c53450def8922a01f5c7d05f89c2d7377f83], UserHandle{0}, hdl: tel:**********, caps: [Capabilities:], props: [Properties:]]
10-04 23:51:07.237  7004  7004 I InCall  : CallList - onUpdate - [Call_0, DIALING, [Capabilities: CAPABILITY_SUPPORT_HOLD CAPABILITY_MUTE CAPABILITY_CANNOT_DOWNGRADE_VIDEO_TO_AUDIO], [Properties:], children:[], parent:null, conferenceable:[], videoState:Audio Only, mSessionModificationState:0, VideoSettings:(CameraDir:-1), mIsActivSub:false]
10-04 23:51:07.238  7004  7004 E QtiImsExtUtils: getImsPhoneId failed. Exception = org.codeaurora.ims.QtiImsException: ImsService is not running
10-04 23:51:07.238  7004  7004 E QtiImsExtUtils: getConfigForPhoneId phoneId is invalid
10-04 23:51:07.238  7004  7004 E QtiImsExtUtils: isCarrierConfigEnabled bundle is null
10-04 23:51:07.239  7004  7004 E QtiImsExtUtils: getImsPhoneId failed. Exception = org.codeaurora.ims.QtiImsException: ImsService is not running
10-04 23:51:07.239  7004  7004 E QtiImsExtUtils: getConfigForPhoneId phoneId is invalid
10-04 23:51:07.239  7004  7004 E QtiImsExtUtils: isCarrierConfigEnabled bundle is null
10-04 23:51:07.241  7004  7004 I InCall  : InCallLowBatteryListener - onDetailsChanged call = [Call_0, DIALING, [Capabilities: CAPABILITY_SUPPORT_HOLD CAPABILITY_MUTE CAPABILITY_CANNOT_DOWNGRADE_VIDEO_TO_AUDIO], [Properties:], children:[], parent:null, conferenceable:[], videoState:Audio Only, mSessionModificationState:0, VideoSettings:(CameraDir:-1), mIsActivSub:false] details = [pa: ComponentInfo{com.android.phone/com.android.services.telephony.TelephonyConnectionService}, [8f16c53450def8922a01f5c7d05f89c2d7377f83], UserHandle{0}, hdl: tel:**********, caps: [Capabilities: CAPABILITY_SUPPORT_HOLD CAPABILITY_MUTE CAPABILITY_CANNOT_DOWNGRADE_VIDEO_TO_AUDIO], props: [Properties:]]
10-04 23:51:07.249  1090  1103 D AlarmManagerService: Kernel timezone updated to -480 minutes west of GMT
10-04 23:51:07.262  4404  4404 D CellBroadcastReceiver: onReceive Intent { act=android.intent.action.SERVICE_STATE flg=0x10 cmp=com.android.cellbroadcastreceiver/.CellBroadcastReceiver (has extras) }
10-04 23:51:07.263  4404  4404 D CellBroadcastReceiver: Intent: android.intent.action.SERVICE_STATE
10-04 23:51:07.267   448   594 E ThermalEngine: [BMHB_GOV] read failed VS_TEMP
10-04 23:51:07.279  1090  3750 W ConnectivityExtension: ConnectivityExt jar file not present
10-04 23:51:07.280  7004  7004 I InCall  : CallList - onUpdate - [Call_0, DIALING, [Capabilities: CAPABILITY_SUPPORT_HOLD CAPABILITY_MUTE CAPABILITY_CANNOT_DOWNGRADE_VIDEO_TO_AUDIO], [Properties:], children:[], parent:null, conferenceable:[], videoState:Audio Only, mSessionModificationState:0, VideoSettings:(CameraDir:-1), mIsActivSub:false]
10-04 23:51:07.282  7004  7004 E QtiImsExtUtils: getImsPhoneId failed. Exception = org.codeaurora.ims.QtiImsException: ImsService is not running
10-04 23:51:07.282  7004  7004 E QtiImsExtUtils: getConfigForPhoneId phoneId is invalid
10-04 23:51:07.282  7004  7004 E QtiImsExtUtils: isCarrierConfigEnabled bundle is null
10-04 23:51:07.284  7004  7004 E QtiImsExtUtils: getImsPhoneId failed. Exception = org.codeaurora.ims.QtiImsException: ImsService is not running
10-04 23:51:07.284  7004  7004 E QtiImsExtUtils: getConfigForPhoneId phoneId is invalid
10-04 23:51:07.284  7004  7004 E QtiImsExtUtils: isCarrierConfigEnabled bundle is null
10-04 23:51:07.288  7004  7004 I InCall  : InCallLowBatteryListener - onDetailsChanged call = [Call_0, DIALING, [Capabilities: CAPABILITY_SUPPORT_HOLD CAPABILITY_MUTE CAPABILITY_CANNOT_DOWNGRADE_VIDEO_TO_AUDIO], [Properties:], children:[], parent:null, conferenceable:[], videoState:Audio Only, mSessionModificationState:0, VideoSettings:(CameraDir:-1), mIsActivSub:false] details = [pa: ComponentInfo{com.android.phone/com.android.services.telephony.TelephonyConnectionService}, [8f16c53450def8922a01f5c7d05f89c2d7377f83], UserHandle{0}, hdl: tel:**********, caps: [Capabilities: CAPABILITY_SUPPORT_HOLD CAPABILITY_MUTE CAPABILITY_CANNOT_DOWNGRADE_VIDEO_TO_AUDIO], props: [Properties:]]
10-04 23:51:07.324  7004  7004 I Choreographer: Skipped 55 frames!  The application may be doing too much work on its main thread.
10-04 23:51:07.491  7004  7004 I InCall  : CallList - onUpdate - [Call_0, DIALING, [Capabilities: CAPABILITY_SUPPORT_HOLD CAPABILITY_MUTE CAPABILITY_CANNOT_DOWNGRADE_VIDEO_TO_AUDIO], [Properties:], children:[], parent:null, conferenceable:[], videoState:Audio Only, mSessionModificationState:0, VideoSettings:(CameraDir:-1), mIsActivSub:false]
10-04 23:51:07.509  7004  7004 I InCall  : ProximitySensor - ProximitySensor{keybrd=0, dpad=0, offhook=1, hor=0, ui=0, aud=EARPIECE}
10-04 23:51:07.515  7004  7004 W InCall  : String - An instance of CircularRevealFragment already exists
10-04 23:51:07.517  7004  7004 I InCall  : InCallActivity - onResume()...
10-04 23:51:07.529  7004  7004 I InCall  : ProximitySensor - ProximitySensor{keybrd=0, dpad=0, offhook=1, hor=0, ui=1, aud=EARPIECE}
10-04 23:51:07.566  7004  7004 V PhoneNumberUtil: getGeoDescription('[3788868770c6b219b64ba358dfeac6504059049b]')...
10-04 23:51:07.569  7004  7004 V PhoneNumberUtil: parsing '[3788868770c6b219b64ba358dfeac6504059049b]' for countryIso 'TW'...
10-04 23:51:07.571  7004  7004 V PhoneNumberUtil: - parsed number: [ded9a6ced6ec5f3643ff3032841df6693dc620be]
10-04 23:51:07.572  7004  7004 V PhoneNumberUtil: - got description: 'Taiwan'
10-04 23:51:07.622  7004  7004 I InCall  : StatusBarNotifier - Displaying notification for 1
10-04 23:51:07.649  1090  1090 V NotificationService: pkg=com.android.dialer canInterrupt=false intercept=true
10-04 23:51:07.705  7004  7004 W InCall  : String -  Failed to complete animation
10-04 23:51:07.708  7004  7004 I InCall  : CallList - onUpdate - [Call_0, DIALING, [Capabilities: CAPABILITY_SUPPORT_HOLD CAPABILITY_MUTE CAPABILITY_CANNOT_DOWNGRADE_VIDEO_TO_AUDIO], [Properties:], children:[], parent:null, conferenceable:[], videoState:Audio Only, mSessionModificationState:0, VideoSettings:(CameraDir:-1), mIsActivSub:false]
10-04 23:51:07.709  7004  7004 E QtiImsExtUtils: getImsPhoneId failed. Exception = org.codeaurora.ims.QtiImsException: ImsService is not running
10-04 23:51:07.709  7004  7004 E QtiImsExtUtils: getConfigForPhoneId phoneId is invalid
10-04 23:51:07.709  7004  7004 E QtiImsExtUtils: isCarrierConfigEnabled bundle is null
10-04 23:51:07.710  7004  7004 E QtiImsExtUtils: getImsPhoneId failed. Exception = org.codeaurora.ims.QtiImsException: ImsService is not running
10-04 23:51:07.711  7004  7004 E QtiImsExtUtils: getConfigForPhoneId phoneId is invalid
10-04 23:51:07.711  7004  7004 E QtiImsExtUtils: isCarrierConfigEnabled bundle is null
10-04 23:51:07.715  7004  7004 I InCall  : InCallLowBatteryListener - onDetailsChanged call = [Call_0, DIALING, [Capabilities: CAPABILITY_SUPPORT_HOLD CAPABILITY_MUTE CAPABILITY_CANNOT_DOWNGRADE_VIDEO_TO_AUDIO], [Properties:], children:[], parent:null, conferenceable:[], videoState:Audio Only, mSessionModificationState:0, VideoSettings:(CameraDir:-1), mIsActivSub:false] details = [pa: ComponentInfo{com.android.phone/com.android.services.telephony.TelephonyConnectionService}, [8f16c53450def8922a01f5c7d05f89c2d7377f83], UserHandle{0}, hdl: tel:**********, caps: [Capabilities: CAPABILITY_SUPPORT_HOLD CAPABILITY_MUTE CAPABILITY_CANNOT_DOWNGRADE_VIDEO_TO_AUDIO], props: [Properties:]]
10-04 23:51:07.716  7004  7069 D ReverseLookup: Chosen reverse lookup provider: OpenCnam
10-04 23:51:08.116  7004  7004 I InCall  : InCallPresenter - Phone switching state: OUTGOING -> OUTGOING
10-04 23:51:08.118  7004  7004 E QtiImsExtUtils: getImsPhoneId failed. Exception = org.codeaurora.ims.QtiImsException: ImsService is not running
10-04 23:51:08.118  7004  7004 E QtiImsExtUtils: getConfigForPhoneId phoneId is invalid
10-04 23:51:08.119  7004  7004 E QtiImsExtUtils: isCarrierConfigEnabled bundle is null
10-04 23:51:08.119  7004  7004 E QtiImsExtUtils: getImsPhoneId failed. Exception = org.codeaurora.ims.QtiImsException: ImsService is not running
10-04 23:51:08.119  7004  7004 E QtiImsExtUtils: getConfigForPhoneId phoneId is invalid
10-04 23:51:08.120  7004  7004 E QtiImsExtUtils: isCarrierConfigEnabled bundle is null
10-04 23:51:08.544   447   980 D QC-time-services: Lib:time_genoff_operation: pargs->base = 12
10-04 23:51:08.545   447   980 D QC-time-services: Lib:time_genoff_operation: pargs->operation = 0
10-04 23:51:08.545   447   980 D QC-time-services: Lib:time_genoff_operation: pargs->ts_val = 1538668268000
10-04 23:51:08.545   447   980 D QC-time-services: Lib:time_genoff_operation: Send to server  passed!!
10-04 23:51:08.546   468   542 D QC-time-services: Daemon: Connection accepted:time_genoff
10-04 23:51:08.547   468  7168 D QC-time-services: Daemon:Received base = 12, unit = 1, operation = 0,value = 1538668268000
10-04 23:51:08.547   468  7168 D QC-time-services: Daemon:genoff_opr: Base = 12, val = 1538668268000, operation = 0
10-04 23:51:08.547   468  7168 D QC-time-services: Daemon:rtc_get: Time read from RTC -- MM/DD/YY HH:MM:SS0/1/115 0:3:49
10-04 23:51:08.547   468  7168 D QC-time-services: Daemon:Value read from RTC seconds = 1420070629000
10-04 23:51:08.548   468  7168 D QC-time-services: Daemon:new time 1538668268000 
10-04 23:51:08.548   468  7168 D QC-time-services: Daemon: delta 118597639000 genoff 118597639000 
10-04 23:51:08.548   468  7168 D QC-time-services: Daemon:genoff_persistent_update: Writing genoff = 118597639000 to memory
10-04 23:51:08.548   468  7168 D QC-time-services: Daemon:Opening File: /data/time/ats_12
10-04 23:51:08.548   468  7168 D QC-time-services: Daemon:time_persistent_memory_opr:Genoff write operation 
10-04 23:51:08.548   468  7168 D QC-time-services: Daemon:Unable to open file,creating file
10-04 23:51:08.548   468  7168 D QC-time-services: Daemon:Unable to createfile, exiting
10-04 23:51:08.548   468  7168 D QC-time-services: Daemon:genoff_persistent_update:or in accessing storage
10-04 23:51:08.548   447   980 E QC-time-services: Receive Passed == base = 12, unit = 1, operation = 0, result = 0
10-04 23:51:08.548   447   980 D QC-time-services: Lib:time_genoff_operation: pargs->base = 13
10-04 23:51:08.548   447   980 D QC-time-services: Lib:time_genoff_operation: pargs->operation = 0
10-04 23:51:08.548   447   980 D QC-time-services: Lib:time_genoff_operation: pargs->ts_val = 1538668268000
10-04 23:51:08.548   468   542 E QC-time-services: Daemon: Time-services: Waiting to acceptconnection
10-04 23:51:08.548   447   980 D QC-time-services: Lib:time_genoff_operation: Send to server  passed!!
10-04 23:51:08.548   468   542 D QC-time-services: Daemon: Connection accepted:time_genoff
10-04 23:51:08.549   468  7169 D QC-time-services: Daemon:Received base = 13, unit = 1, operation = 0,value = 1538668268000
10-04 23:51:08.549   468  7169 D QC-time-services: Daemon:genoff_opr: Base = 13, val = 1538668268000, operation = 0
10-04 23:51:08.550   468  7169 D QC-time-services: Daemon:rtc_get: Time read from RTC -- MM/DD/YY HH:MM:SS0/1/115 0:3:49
10-04 23:51:08.550   468  7169 D QC-time-services: Daemon:Value read from RTC seconds = 1420070629000
10-04 23:51:08.550   468  7169 D QC-time-services: Daemon:new time 1538668268000 
10-04 23:51:08.550   468  7169 D QC-time-services: Daemon: delta 118597639000 genoff 118597639000 
10-04 23:51:08.550   468  7169 D QC-time-services: Daemon:genoff_persistent_update: Writing genoff = 118597639000 to memory
10-04 23:51:08.550   468  7169 D QC-time-services: Daemon:Opening File: /data/time/ats_13
10-04 23:51:08.550   468  7169 D QC-time-services: Daemon:time_persistent_memory_opr:Genoff write operation 
10-04 23:51:08.550   468  7169 D QC-time-services: Daemon:Unable to open file,creating file
10-04 23:51:08.550   468  7169 D QC-time-services: Daemon:Unable to createfile, exiting
10-04 23:51:08.550   468  7169 D QC-time-services: Daemon:genoff_persistent_update:or in accessing storage
10-04 23:51:08.550   447   980 E QC-time-services: Receive Passed == base = 13, unit = 1, operation = 0, result = 0
10-04 23:51:08.557   468   542 E QC-time-services: Daemon: Time-services: Waiting to acceptconnection
10-04 23:51:08.561  1090  5258 D AlarmManagerService: Kernel timezone updated to -480 minutes west of GMT
10-04 23:51:08.573  1090  3860 D AlarmManagerService: Setting time of day to sec=1538668268
10-04 23:51:08.020  1090  3860 D QC-time-services: Lib:time_genoff_operation: pargs->base = 2
10-04 23:51:08.020  1090  3860 D QC-time-services: Lib:time_genoff_operation: pargs->operation = 0
10-04 23:51:08.020  1090  3860 D QC-time-services: Lib:time_genoff_operation: pargs->ts_val = 1538668268
10-04 23:51:08.021  1090  3860 D QC-time-services: Lib:time_genoff_operation: Send to server  passed!!
10-04 23:51:08.021   468   542 D QC-time-services: Daemon: Connection accepted:time_genoff
10-04 23:51:08.021   468  7170 D QC-time-services: Daemon:Received base = 2, unit = 1, operation = 0,value = 1538668268000
10-04 23:51:08.021   468  7170 D QC-time-services: Daemon:genoff_opr: Base = 2, val = 1538668268000, operation = 0
10-04 23:51:08.021   468  7170 D QC-time-services: Daemon:rtc_get: Time read from RTC -- MM/DD/YY HH:MM:SS0/1/115 0:3:49
10-04 23:51:08.022   468  7170 D QC-time-services: Daemon:Value read from RTC seconds = 1420070629000
10-04 23:51:08.022   468  7170 D QC-time-services: Daemon:new time 1538668268000 
10-04 23:51:08.022   468  7170 D QC-time-services: Daemon: delta 118597639000 genoff 118597639000 
10-04 23:51:08.022   468  7170 D QC-time-services: Daemon:genoff_persistent_update: Writing genoff = 118597639000 to memory
10-04 23:51:08.022   468  7170 D QC-time-services: Daemon:Opening File: /data/time/ats_2
10-04 23:51:08.022   468  7170 D QC-time-services: Daemon:time_persistent_memory_opr:Genoff write operation 
10-04 23:51:08.022   468  7170 D QC-time-services: Daemon:Unable to open file,creating file
10-04 23:51:08.022   468  7170 D QC-time-services: Daemon:Unable to createfile, exiting
10-04 23:51:08.022   468  7170 D QC-time-services: Daemon:genoff_persistent_update:or in accessing storage
10-04 23:51:08.022   468  7170 D QC-time-services: Updating the TOD offset
10-04 23:51:08.022   468  7170 D QC-time-services: Daemon:genoff_persistent_update: Writing genoff = 118597639000 to memory
10-04 23:51:08.022   468  7170 D QC-time-services: Daemon:Opening File: /data/time/ats_1
10-04 23:51:08.022   468  7170 D QC-time-services: Daemon:time_persistent_memory_opr:Genoff write operation 
10-04 23:51:08.022   468  7170 D QC-time-services: Daemon:Unable to open file,creating file
10-04 23:51:08.022   468  7170 D QC-time-services: Daemon:Unable to createfile, exiting
10-04 23:51:08.022   468  7170 D QC-time-services: Daemon:genoff_persistent_update:or in accessing storage
10-04 23:51:08.022   468  7170 E QC-time-services: Daemon:Update to modem bit set
10-04 23:51:08.022   468  7170 D QC-time-services: Daemon:genoff_send_modem: Sending data to MODEM !
10-04 23:51:08.022   468  7170 D QC-time-services: Daemon: Base = 2, Value being sent to MODEM = 18446743876342390616
10-04 23:51:08.022  1090  3860 E QC-time-services: Receive Passed == base = 2, unit = 1, operation = 0, result = 0
10-04 23:51:08.022  1090  3860 W AlarmManagerService: Unable to set rtc to 1538668268: Invalid argument
10-04 23:51:08.024   468   542 E QC-time-services: Daemon: Time-services: Waiting to acceptconnection
10-04 23:51:08.034  1090  1090 D ConditionProviders.SCP: onReceive android.intent.action.TIME_SET
10-04 23:51:08.039  1090  1090 D ConditionProviders.SCP: notifyCondition condition://android/schedule?days=6.7&start=23.30&end=10.0&exitAtAlarm=false STATE_FALSE reason=!meetsSchedule
10-04 23:51:08.039  1090  1090 D ConditionProviders.SCP: notifyCondition condition://android/schedule?days=1.2.3.4.5&start=22.0&end=7.0&exitAtAlarm=false STATE_TRUE reason=meetsSchedule
10-04 23:51:08.041  1090  1090 D ConditionProviders.SCP: Scheduling evaluate for Fri Oct 05 07:00:00 GMT+08:00 2018 (1538694000000), in +7h8m51s966ms, now=Thu Oct 04 23:51:08 GMT+08:00 2018 (1538668268034)
10-04 23:51:08.047  1090  4020 E LocSvc_LBSApiV02: E/virtual void lbs_core::LBSApiV02::timeInfoInject(long, int, int):1049]: Error : st = 11, ind.status = 0
10-04 23:51:08.058  5114  5114 I AlarmClock: AlarmInitReceiver android.intent.action.TIME_SET
10-04 23:51:08.062  7171  7171 F libc    : CANNOT LINK EXECUTABLE "/system/bin/imsdatadaemon": cannot locate symbol "_ZN10CneFactory23CreateCneNetworkRequestE10CnoNetTypeP27ICneNetworkObserverNotifier" referenced by "/system/bin/imsdatadaemon"...
10-04 23:51:08.062  7171  7171 F libc    : Fatal signal 6 (SIGABRT), code -6 in tid 7171 (imsdatadaemon)
10-04 23:51:08.062   385   385 W         : debuggerd: handling request: pid=7171 uid=1000 gid=1000 tid=7171
10-04 23:51:08.115  5961  5961 D TimeService: Receivedandroid.intent.action.TIME_SET intent. Current Time is 1538668268115
10-04 23:51:08.115  5961  5961 D         : TimeServiceNative: User Time to be set is 1538668268115
10-04 23:51:08.115  5961  5961 D QC-time-services: Lib:time_genoff_operation: pargs->base = 2
10-04 23:51:08.115  5961  5961 D QC-time-services: Lib:time_genoff_operation: pargs->operation = 0
10-04 23:51:08.115  5961  5961 D QC-time-services: Lib:time_genoff_operation: pargs->ts_val = 1538668268115
10-04 23:51:08.116  5961  5961 D QC-time-services: Lib:time_genoff_operation: Send to server  passed!!
10-04 23:51:08.116   468   542 D QC-time-services: Daemon: Connection accepted:time_genoff
10-04 23:51:08.116   468  7176 D QC-time-services: Daemon:Received base = 2, unit = 1, operation = 0,value = 1538668268115
10-04 23:51:08.116   468  7176 D QC-time-services: Daemon:genoff_opr: Base = 2, val = 1538668268115, operation = 0
10-04 23:51:08.116   468  7176 D QC-time-services: Daemon:rtc_get: Time read from RTC -- MM/DD/YY HH:MM:SS0/1/115 0:3:49
10-04 23:51:08.116   468  7176 D QC-time-services: Daemon:Value read from RTC seconds = 1420070629000
10-04 23:51:08.117   468  7176 D QC-time-services: Daemon:new time 1538668268115 
10-04 23:51:08.117   468  7176 D QC-time-services: Daemon: delta 118597639115 genoff 118597639115 
10-04 23:51:08.117   468  7176 D QC-time-services: Daemon:genoff_persistent_update: Writing genoff = 118597639115 to memory
10-04 23:51:08.117   468  7176 D QC-time-services: Daemon:Opening File: /data/time/ats_2
10-04 23:51:08.117   468  7176 D QC-time-services: Daemon:time_persistent_memory_opr:Genoff write operation 
10-04 23:51:08.117   468  7176 D QC-time-services: Daemon:Unable to open file,creating file
10-04 23:51:08.117   468  7176 D QC-time-services: Daemon:Unable to createfile, exiting
10-04 23:51:08.117   468  7176 D QC-time-services: Daemon:genoff_persistent_update:or in accessing storage
10-04 23:51:08.117   468  7176 D QC-time-services: Updating the TOD offset
10-04 23:51:08.117   468  7176 D QC-time-services: Daemon:genoff_persistent_update: Writing genoff = 118597639115 to memory
10-04 23:51:08.117   468  7176 D QC-time-services: Daemon:Opening File: /data/time/ats_1
10-04 23:51:08.117   468  7176 D QC-time-services: Daemon:time_persistent_memory_opr:Genoff write operation 
10-04 23:51:08.117   468  7176 D QC-time-services: Daemon:Unable to open file,creating file
10-04 23:51:08.117   468  7176 D QC-time-services: Daemon:Unable to createfile, exiting
10-04 23:51:08.117   468  7176 D QC-time-services: Daemon:genoff_persistent_update:or in accessing storage
10-04 23:51:08.117   468  7176 E QC-time-services: Daemon:Update to modem bit set
10-04 23:51:08.117   468  7176 D QC-time-services: Daemon:genoff_send_modem: Sending data to MODEM !
10-04 23:51:08.117   468  7176 D QC-time-services: Daemon: Base = 2, Value being sent to MODEM = 18446743876342390731
10-04 23:51:08.117  5961  5961 E QC-time-services: Receive Passed == base = 2, unit = 1, operation = 0, result = 0
10-04 23:51:08.118   468   542 E QC-time-services: Daemon: Time-services: Waiting to acceptconnection
10-04 23:51:08.126  5979  5979 D TimeKeep-Receiver: Got intent Intent { act=android.intent.action.TIME_SET flg=0x24000010 cmp=com.sony.timekeep/.TimeKeep }, storing time delta.
10-04 23:51:08.137  5979  5979 D TimeKeep-Receiver: Setting adjust property to 118597639
10-04 23:51:08.141  5979  5979 W TimeKeep-Receiver: file /data/time/ats_2 not found: java.io.FileNotFoundException: /data/time/ats_2 (No such file or directory)
10-04 23:51:08.172  7174  7174 F DEBUG   : *** *** *** *** *** *** *** *** *** *** *** *** *** *** *** ***
10-04 23:51:08.172  7174  7174 F DEBUG   : LineageOS Version: '14.1-20180403-UNOFFICIAL-h815'
10-04 23:51:08.172  7174  7174 F DEBUG   : Build fingerprint: 'lge/p1_global_com/p1:6.0/MRA58K/152940055675e:user/release-keys'
10-04 23:51:08.172  7174  7174 F DEBUG   : Revision: '0'
10-04 23:51:08.172  7174  7174 F DEBUG   : ABI: 'arm64'
10-04 23:51:08.172  7174  7174 F DEBUG   : pid: 7171, tid: 7171, name: imsdatadaemon  >>> /system/bin/imsdatadaemon <<<
10-04 23:51:08.172  7174  7174 F DEBUG   : signal 6 (SIGABRT), code -6 (SI_TKILL), fault addr --------
10-04 23:51:08.172  7174  7174 F DEBUG   :     x0   0000000000000000  x1   0000000000001c03  x2   0000000000000006  x3   0000000000000008
10-04 23:51:08.172  7174  7174 F DEBUG   :     x4   0000000000000018  x5   00000000000000d0  x6   fefefefefefefeff  x7   7f7f7f7f7f7f7f7f
10-04 23:51:08.172  7174  7174 F DEBUG   :     x8   0000000000000083  x9   ffffffffffffffdf  x10  0000000000000000  x11  0000000000000001
10-04 23:51:08.172  7174  7174 F DEBUG   :     x12  ffffffffffffffff  x13  0000000000000000  x14  0000000000000000  x15  0003b36db5113911
10-04 23:51:08.172  7174  7174 F DEBUG   :     x16  0000007fde7abde0  x17  0000007fde7abcaf  x18  00000000ffffffff  x19  0000007245023b40
10-04 23:51:08.172  7174  7174 F DEBUG   :     x20  0000000000000006  x21  0000007245023a98  x22  0000000000000002  x23  0000007244f5b020
10-04 23:51:08.173  7174  7174 F DEBUG   :     x24  000000000000000c  x25  0000007fde7aca40  x26  0000007fde7acaa0  x27  0000007244f621b8
10-04 23:51:08.173  7174  7174 F DEBUG   :     x28  0000007244f62010  x29  0000007fde7ac8b0  x30  0000007244fe33f4
10-04 23:51:08.173  7174  7174 F DEBUG   :     sp   0000007fde7ac890  pc   0000007244fe3f24  pstate 0000000060000000
10-04 23:51:08.176  7174  7174 F DEBUG   : 
10-04 23:51:08.176  7174  7174 F DEBUG   : backtrace:
10-04 23:51:08.176  7174  7174 F DEBUG   :     #00 pc 0000000000075f24  /system/bin/linker64 (__dl_tgkill+8)
10-04 23:51:08.176  7174  7174 F DEBUG   :     #01 pc 00000000000753f0  /system/bin/linker64 (__dl_pthread_kill+64)
10-04 23:51:08.176  7174  7174 F DEBUG   :     #02 pc 0000000000068ee4  /system/bin/linker64 (__dl_raise+24)
10-04 23:51:08.176  7174  7174 F DEBUG   :     #03 pc 00000000000668b8  /system/bin/linker64 (__dl_abort+52)
10-04 23:51:08.177  7174  7174 F DEBUG   :     #04 pc 0000000000068a6c  /system/bin/linker64 (__dl___libc_fatal+104)
10-04 23:51:08.177  7174  7174 F DEBUG   :     #05 pc 0000000000010e3c  /system/bin/linker64 (__dl__ZL29__linker_init_post_relocationR19KernelArgumentBlocky+6216)
10-04 23:51:08.177  7174  7174 F DEBUG   :     #06 pc 000000000000f554  /system/bin/linker64 (__dl___linker_init+528)
10-04 23:51:08.177  7174  7174 F DEBUG   :     #07 pc 0000000000006cd0  /system/bin/linker64 (_start+4)
10-04 23:51:08.220  1090  3851 W NativeCrashListener: Couldn't find ProcessRecord for pid 7171
10-04 23:51:08.220  7174  7174 E         : AM data write failed: Broken pipe
10-04 23:51:08.223  1090  1124 I BootReceiver: Copying /data/tombstones/tombstone_00 to DropBox (SYSTEM_TOMBSTONE)
10-04 23:51:08.224   385   385 W         : debuggerd: resuming target 7171
10-04 23:51:08.224   385   385 E         : debuggerd: failed to send signal 18 to target: No such process
10-04 23:51:08.626   447   980 D QC-time-services: Lib:time_genoff_operation: pargs->base = 12
10-04 23:51:08.626   447   980 D QC-time-services: Lib:time_genoff_operation: pargs->operation = 0
10-04 23:51:08.626   447   980 D QC-time-services: Lib:time_genoff_operation: pargs->ts_val = 1538668268000
10-04 23:51:08.627   447   980 D QC-time-services: Lib:time_genoff_operation: Send to server  passed!!
10-04 23:51:08.628   468   542 D QC-time-services: Daemon: Connection accepted:time_genoff
10-04 23:51:08.630   468  7184 D QC-time-services: Daemon:Received base = 12, unit = 1, operation = 0,value = 1538668268000
10-04 23:51:08.630   468  7184 D QC-time-services: Daemon:genoff_opr: Base = 12, val = 1538668268000, operation = 0
10-04 23:51:08.631   468  7184 D QC-time-services: Daemon:rtc_get: Time read from RTC -- MM/DD/YY HH:MM:SS0/1/115 0:3:49
10-04 23:51:08.631   468  7184 D QC-time-services: Daemon:Value read from RTC seconds = 1420070629000
10-04 23:51:08.631   468  7184 D QC-time-services: Daemon:new time 1538668268000 
10-04 23:51:08.631   468  7184 D QC-time-services: Daemon: delta 118597639000 genoff 118597639000 
10-04 23:51:08.631   468  7184 D QC-time-services: Daemon:genoff_persistent_update: Writing genoff = 118597639000 to memory
10-04 23:51:08.631   468  7184 D QC-time-services: Daemon:Opening File: /data/time/ats_12
10-04 23:51:08.631   468  7184 D QC-time-services: Daemon:time_persistent_memory_opr:Genoff write operation 
10-04 23:51:08.631   468  7184 D QC-time-services: Daemon:Unable to open file,creating file
10-04 23:51:08.631   468  7184 D QC-time-services: Daemon:Unable to createfile, exiting
10-04 23:51:08.631   468  7184 D QC-time-services: Daemon:genoff_persistent_update:or in accessing storage
10-04 23:51:08.631   447   980 E QC-time-services: Receive Passed == base = 12, unit = 1, operation = 0, result = 0
10-04 23:51:08.631   447   980 D QC-time-services: Lib:time_genoff_operation: pargs->base = 13
10-04 23:51:08.631   447   980 D QC-time-services: Lib:time_genoff_operation: pargs->operation = 0
10-04 23:51:08.631   447   980 D QC-time-services: Lib:time_genoff_operation: pargs->ts_val = 1538668268000
10-04 23:51:08.631   447   980 D QC-time-services: Lib:time_genoff_operation: Send to server  passed!!
10-04 23:51:08.631   468   542 E QC-time-services: Daemon: Time-services: Waiting to acceptconnection
10-04 23:51:08.631   468   542 D QC-time-services: Daemon: Connection accepted:time_genoff
10-04 23:51:08.633   468  7186 D QC-time-services: Daemon:Received base = 13, unit = 1, operation = 0,value = 1538668268000
10-04 23:51:08.633   468  7186 D QC-time-services: Daemon:genoff_opr: Base = 13, val = 1538668268000, operation = 0
10-04 23:51:08.633   468  7186 D QC-time-services: Daemon:rtc_get: Time read from RTC -- MM/DD/YY HH:MM:SS0/1/115 0:3:49
10-04 23:51:08.633   468  7186 D QC-time-services: Daemon:Value read from RTC seconds = 1420070629000
10-04 23:51:08.633   468  7186 D QC-time-services: Daemon:new time 1538668268000 
10-04 23:51:08.633   468  7186 D QC-time-services: Daemon: delta 118597639000 genoff 118597639000 
10-04 23:51:08.633   468  7186 D QC-time-services: Daemon:genoff_persistent_update: Writing genoff = 118597639000 to memory
10-04 23:51:08.633   468  7186 D QC-time-services: Daemon:Opening File: /data/time/ats_13
10-04 23:51:08.633   468  7186 D QC-time-services: Daemon:time_persistent_memory_opr:Genoff write operation 
10-04 23:51:08.633   468  7186 D QC-time-services: Daemon:Unable to open file,creating file
10-04 23:51:08.633   468  7186 D QC-time-services: Daemon:Unable to createfile, exiting
10-04 23:51:08.633   468  7186 D QC-time-services: Daemon:genoff_persistent_update:or in accessing storage
10-04 23:51:08.634   447   980 E QC-time-services: Receive Passed == base = 13, unit = 1, operation = 0, result = 0
10-04 23:51:08.635   468   542 E QC-time-services: Daemon: Time-services: Waiting to acceptconnection
10-04 23:51:08.642  1090  1104 D AlarmManagerService: Kernel timezone updated to -480 minutes west of GMT
10-04 23:51:08.649  1090  5242 D AlarmManagerService: Setting time of day to sec=1538668268
10-04 23:51:08.015  1090  5242 D QC-time-services: Lib:time_genoff_operation: pargs->base = 2
10-04 23:51:08.015  1090  5242 D QC-time-services: Lib:time_genoff_operation: pargs->operation = 0
10-04 23:51:08.015  1090  5242 D QC-time-services: Lib:time_genoff_operation: pargs->ts_val = 1538668268
10-04 23:51:08.015  1090  5242 D QC-time-services: Lib:time_genoff_operation: Send to server  passed!!
10-04 23:51:08.015   468   542 D QC-time-services: Daemon: Connection accepted:time_genoff
10-04 23:51:08.015   468  7196 D QC-time-services: Daemon:Received base = 2, unit = 1, operation = 0,value = 1538668268000
10-04 23:51:08.015   468  7196 D QC-time-services: Daemon:genoff_opr: Base = 2, val = 1538668268000, operation = 0
10-04 23:51:08.016   468  7196 D QC-time-services: Daemon:rtc_get: Time read from RTC -- MM/DD/YY HH:MM:SS0/1/115 0:3:49
10-04 23:51:08.016   468  7196 D QC-time-services: Daemon:Value read from RTC seconds = 1420070629000
10-04 23:51:08.016   468  7196 D QC-time-services: Daemon:new time 1538668268000 
10-04 23:51:08.016   468  7196 D QC-time-services: Daemon: delta 118597639000 genoff 118597639000 
10-04 23:51:08.016   468  7196 D QC-time-services: Daemon:genoff_persistent_update: Writing genoff = 118597639000 to memory
10-04 23:51:08.016   468  7196 D QC-time-services: Daemon:Opening File: /data/time/ats_2
10-04 23:51:08.016   468  7196 D QC-time-services: Daemon:time_persistent_memory_opr:Genoff write operation 
10-04 23:51:08.016   468  7196 D QC-time-services: Daemon:Unable to open file,creating file
10-04 23:51:08.016   468  7196 D QC-time-services: Daemon:Unable to createfile, exiting
10-04 23:51:08.016   468  7196 D QC-time-services: Daemon:genoff_persistent_update:or in accessing storage
10-04 23:51:08.016   468  7196 D QC-time-services: Updating the TOD offset
10-04 23:51:08.016   468  7196 D QC-time-services: Daemon:genoff_persistent_update: Writing genoff = 118597639000 to memory
10-04 23:51:08.016   468  7196 D QC-time-services: Daemon:Opening File: /data/time/ats_1
10-04 23:51:08.016   468  7196 D QC-time-services: Daemon:time_persistent_memory_opr:Genoff write operation 
10-04 23:51:08.016   468  7196 D QC-time-services: Daemon:Unable to open file,creating file
10-04 23:51:08.016   468  7196 D QC-time-services: Daemon:Unable to createfile, exiting
10-04 23:51:08.016   468  7196 D QC-time-services: Daemon:genoff_persistent_update:or in accessing storage
10-04 23:51:08.016  1090  5242 E QC-time-services: Receive Passed == base = 2, unit = 1, operation = 0, result = 0
10-04 23:51:08.016  1090  5242 W AlarmManagerService: Unable to set rtc to 1538668268: Invalid argument
10-04 23:51:08.017   468  7196 E QC-time-services: Daemon:Update to modem bit set
10-04 23:51:08.017   468  7196 D QC-time-services: Daemon:genoff_send_modem: Sending data to MODEM !
10-04 23:51:08.017   468  7196 D QC-time-services: Daemon: Base = 2, Value being sent to MODEM = 18446743876342390616
10-04 23:51:08.019   468   542 E QC-time-services: Daemon: Time-services: Waiting to acceptconnection
10-04 23:51:08.022  1090  1090 D ConditionProviders.SCP: onReceive android.intent.action.TIME_SET
10-04 23:51:08.030  1090  1090 D ConditionProviders.SCP: notifyCondition condition://android/schedule?days=6.7&start=23.30&end=10.0&exitAtAlarm=false STATE_FALSE reason=!meetsSchedule
10-04 23:51:08.031  1090  1090 D ConditionProviders.SCP: notifyCondition condition://android/schedule?days=1.2.3.4.5&start=22.0&end=7.0&exitAtAlarm=false STATE_TRUE reason=meetsSchedule
10-04 23:51:08.032  1090  1090 D ConditionProviders.SCP: Scheduling evaluate for Fri Oct 05 07:00:00 GMT+08:00 2018 (1538694000000), in +7h8m51s978ms, now=Thu Oct 04 23:51:08 GMT+08:00 2018 (1538668268022)
10-04 23:51:08.035  1090  4020 E LocSvc_LBSApiV02: E/virtual void lbs_core::LBSApiV02::timeInfoInject(long, int, int):1049]: Error : st = 11, ind.status = 0
10-04 23:51:08.043  5114  5114 I AlarmClock: AlarmInitReceiver android.intent.action.TIME_SET
10-04 23:51:08.110  1090  3750 W ConnectivityExtension: ConnectivityExt jar file not present
10-04 23:51:08.121  5961  5961 D TimeService: Receivedandroid.intent.action.TIME_SET intent. Current Time is 1538668268121
10-04 23:51:08.125  5961  5961 D         : TimeServiceNative: User Time to be set is 1538668268121
10-04 23:51:08.125  5961  5961 D QC-time-services: Lib:time_genoff_operation: pargs->base = 2
10-04 23:51:08.125  5961  5961 D QC-time-services: Lib:time_genoff_operation: pargs->operation = 0
