10-04 23:50:56.447  6488  6514 D bt_vendor: op for 7
10-04 23:50:56.447  6488  6514 D bt_upio : upio_set : pio 0 action 2, polarity 0
10-04 23:50:56.447  6488  6514 D bt_upio : BT_WAKE is asserted already
10-04 23:50:56.460  3835  3835 I vol.Events: writeEvent show_dialog volume_changed keyguard=false
10-04 23:50:56.467  6488  6514 D bt_vendor: op for 7
10-04 23:50:56.467  6488  6514 D bt_upio : upio_set : pio 0 action 2, polarity 0
10-04 23:50:56.467  6488  6514 D bt_upio : BT_WAKE is asserted already
10-04 23:50:56.475  6956  6956 I art     : Starting a blocking GC AddRemoveAppImageSpace
10-04 23:50:56.486  6488  6514 D bt_vendor: op for 7
10-04 23:50:56.486  6488  6514 D bt_upio : upio_set : pio 0 action 2, polarity 0
10-04 23:50:56.487  6488  6514 D bt_upio : BT_WAKE is asserted already
10-04 23:50:56.506  6488  6514 D bt_vendor: op for 7
10-04 23:50:56.507  6488  6514 D bt_upio : upio_set : pio 0 action 2, polarity 0
10-04 23:50:56.507  6488  6514 D bt_upio : BT_WAKE is asserted already
10-04 23:50:56.526  6488  6514 D bt_vendor: op for 7
10-04 23:50:56.526  6488  6514 D bt_upio : upio_set : pio 0 action 2, polarity 0
10-04 23:50:56.526  6488  6514 D bt_upio : BT_WAKE is asserted already
10-04 23:50:56.536  1090  1127 W ResourceType: Invalid package identifier when getting bag for resource number 0xffffffff
10-04 23:50:56.547  6488  6514 D bt_vendor: op for 7
10-04 23:50:56.547  6488  6514 D bt_upio : upio_set : pio 0 action 2, polarity 0
10-04 23:50:56.547  6488  6514 D bt_upio : BT_WAKE is asserted already
10-04 23:50:56.566  6488  6514 D bt_vendor: op for 7
10-04 23:50:56.566  6488  6514 D bt_upio : upio_set : pio 0 action 2, polarity 0
10-04 23:50:56.567  6488  6514 D bt_upio : BT_WAKE is asserted already
10-04 23:50:56.567  1090  5258 W ActivityManager: Slow operation: 51ms so far, now at startProcess: building log message
10-04 23:50:56.567  1090  5258 I ActivityManager: Start proc 6972:com.cyanogenmod.eleven:main/u0a14 for service com.cyanogenmod.eleven/.MusicPlaybackService
10-04 23:50:56.567  1090  5258 W ActivityManager: Slow operation: 51ms so far, now at startProcess: starting to update pids map
10-04 23:50:56.567  1090  5258 W ActivityManager: Slow operation: 51ms so far, now at startProcess: done updating pids map
10-04 23:50:56.567  1090  5258 W ActivityManager: Slow operation: 51ms so far, now at startProcess: done starting proc!
10-04 23:50:56.578  1090  5230 I ActivityManager: Killing 5756:com.android.onetimeinitializer/u0a18 (adj 906): empty #17
10-04 23:50:56.586  6488  6514 D bt_vendor: op for 7
10-04 23:50:56.586  6488  6514 D bt_upio : upio_set : pio 0 action 2, polarity 0
10-04 23:50:56.586  6488  6514 D bt_upio : BT_WAKE is asserted already
10-04 23:50:56.596  6972  6972 I art     : Starting a blocking GC AddRemoveAppImageSpace
10-04 23:50:56.598  1090  5242 D ActivityManager: cleanUpApplicationRecord -- 5756
10-04 23:50:56.606  6488  6514 D bt_vendor: op for 7
10-04 23:50:56.606  6488  6514 D bt_upio : upio_set : pio 0 action 2, polarity 0
10-04 23:50:56.606  6488  6514 D bt_upio : BT_WAKE is asserted already
10-04 23:50:56.626  6488  6514 D bt_vendor: op for 7
10-04 23:50:56.630  6488  6514 D bt_upio : upio_set : pio 0 action 2, polarity 0
10-04 23:50:56.631  6488  6514 D bt_upio : BT_WAKE is asserted already
10-04 23:50:56.647  6488  6514 D bt_vendor: op for 7
10-04 23:50:56.647  6488  6514 D bt_upio : upio_set : pio 0 action 2, polarity 0
10-04 23:50:56.647  6488  6514 D bt_upio : BT_WAKE is asserted already
10-04 23:50:56.666  6488  6514 D bt_vendor: op for 7
10-04 23:50:56.666  6488  6514 D bt_upio : upio_set : pio 0 action 2, polarity 0
10-04 23:50:56.666  6488  6514 D bt_upio : BT_WAKE is asserted already
10-04 23:50:56.666  5295  5491 W OpenGLRenderer: Incorrectly called buildLayer on View: ShortcutAndWidgetContainer, destroying layer...
10-04 23:50:56.666  5295  5491 W OpenGLRenderer: Incorrectly called buildLayer on View: ShortcutAndWidgetContainer, destroying layer...
10-04 23:50:56.686  6488  6514 D bt_vendor: op for 7
10-04 23:50:56.686  6488  6514 D bt_upio : upio_set : pio 0 action 2, polarity 0
10-04 23:50:56.686  6488  6514 D bt_upio : BT_WAKE is asserted already
10-04 23:50:56.707  6488  6514 D bt_vendor: op for 7
10-04 23:50:56.707  6488  6514 D bt_upio : upio_set : pio 0 action 2, polarity 0
10-04 23:50:56.707  6488  6514 D bt_upio : BT_WAKE is asserted already
10-04 23:50:56.727  6488  6514 D bt_vendor: op for 7
10-04 23:50:56.727  6488  6514 D bt_upio : upio_set : pio 0 action 2, polarity 0
10-04 23:50:56.727  6488  6514 D bt_upio : BT_WAKE is asserted already
10-04 23:50:56.736  6972  6972 V RenderScript_jni: RS native mode
10-04 23:50:56.747  6488  6514 D bt_vendor: op for 7
10-04 23:50:56.747  6488  6514 D bt_upio : upio_set : pio 0 action 2, polarity 0
10-04 23:50:56.747  6488  6514 D bt_upio : BT_WAKE is asserted already
10-04 23:50:56.750  6972  6972 V RenderScript_jni: Unable to load libRSSupportIO.so, USAGE_IO not supported
10-04 23:50:56.766  6488  6514 D bt_vendor: op for 7
10-04 23:50:56.766  6488  6514 D bt_upio : upio_set : pio 0 action 2, polarity 0
10-04 23:50:56.766  6488  6514 D bt_upio : BT_WAKE is asserted already
10-04 23:50:56.786  6488  6514 D bt_vendor: op for 7
10-04 23:50:56.786  6488  6514 D bt_upio : upio_set : pio 0 action 2, polarity 0
10-04 23:50:56.786  6488  6514 D bt_upio : BT_WAKE is asserted already
10-04 23:50:56.807  6488  6514 D bt_vendor: op for 7
10-04 23:50:56.807  6488  6514 D bt_upio : upio_set : pio 0 action 2, polarity 0
10-04 23:50:56.807  6488  6514 D bt_upio : BT_WAKE is asserted already
10-04 23:50:56.830  6488  6514 D bt_vendor: op for 7
10-04 23:50:56.830  6488  6514 D bt_upio : upio_set : pio 0 action 2, polarity 0
10-04 23:50:56.830  6488  6514 D bt_upio : BT_WAKE is asserted already
10-04 23:50:56.846  6488  6514 D bt_vendor: op for 7
10-04 23:50:56.847  6488  6514 D bt_upio : upio_set : pio 0 action 2, polarity 0
10-04 23:50:56.847  6488  6514 D bt_upio : BT_WAKE is asserted already
10-04 23:50:56.866  6488  6514 D bt_vendor: op for 7
10-04 23:50:56.866  6488  6514 D bt_upio : upio_set : pio 0 action 2, polarity 0
10-04 23:50:56.866  6488  6514 D bt_upio : BT_WAKE is asserted already
10-04 23:50:56.886  6488  6514 D bt_vendor: op for 7
10-04 23:50:56.886  6488  6514 D bt_upio : upio_set : pio 0 action 2, polarity 0
10-04 23:50:56.886  6488  6514 D bt_upio : BT_WAKE is asserted already
10-04 23:50:56.900  6972  6989 V RenderScript: Successfully loaded runtime: libRSDriver_adreno.so
10-04 23:50:56.906  6488  6514 D bt_vendor: op for 7
10-04 23:50:56.906  6488  6514 D bt_upio : upio_set : pio 0 action 2, polarity 0
10-04 23:50:56.906  6488  6514 D bt_upio : BT_WAKE is asserted already
10-04 23:50:56.930  6488  6514 D bt_vendor: op for 7
10-04 23:50:56.930  6488  6514 D bt_upio : upio_set : pio 0 action 2, polarity 0
10-04 23:50:56.930  6488  6514 D bt_upio : BT_WAKE is asserted already
10-04 23:50:56.935  6488  6527 V Avrcp   : Active sessions changed, 0 sessions
10-04 23:50:56.935  6488  6527 D Avrcp   : Exit onActiveSessionsChanged()
10-04 23:50:56.946  6488  6514 D bt_vendor: op for 7
10-04 23:50:56.946  6488  6514 D bt_upio : upio_set : pio 0 action 2, polarity 0
10-04 23:50:56.946  6488  6514 D bt_upio : BT_WAKE is asserted already
10-04 23:50:56.957  6972  6972 E MediaPlayer-JNI: JNIMediaPlayerFactory: bIsQCMediaPlayerPresent 0
10-04 23:50:56.957  6972  6972 E MediaPlayer-JNI: JNIMediaPlayerFactory: bIsQCMediaPlayerPresent 0
10-04 23:50:56.966  6488  6514 D bt_vendor: op for 7
10-04 23:50:56.966  6488  6514 D bt_upio : upio_set : pio 0 action 2, polarity 0
10-04 23:50:56.966  6488  6514 D bt_upio : BT_WAKE is asserted already
10-04 23:50:56.986  6488  6514 D bt_vendor: op for 7
10-04 23:50:56.986  6488  6514 D bt_upio : upio_set : pio 0 action 2, polarity 0
10-04 23:50:56.986  6488  6514 D bt_upio : BT_WAKE is asserted already
10-04 23:50:57.000  6972  7002 D LocaleSetManager: Locale Changed from: null to null
10-04 23:50:57.006  6488  6514 D bt_vendor: op for 7
10-04 23:50:57.006  6488  6514 D bt_upio : upio_set : pio 0 action 2, polarity 0
10-04 23:50:57.006  6488  6514 D bt_upio : BT_WAKE is asserted already
10-04 23:50:57.026  6488  6514 D bt_vendor: op for 7
10-04 23:50:57.026  6488  6514 D bt_upio : upio_set : pio 0 action 2, polarity 0
10-04 23:50:57.026  6488  6514 D bt_upio : BT_WAKE is asserted already
10-04 23:50:57.046  6488  6514 D bt_vendor: op for 7
10-04 23:50:57.046  6488  6514 D bt_upio : upio_set : pio 0 action 2, polarity 0
10-04 23:50:57.046  6488  6514 D bt_upio : BT_WAKE is asserted already
10-04 23:50:57.046  6972  7002 I MusicLocale: AddressBook Labels [en-US]: [, A, B, C, D, E, F, G, H, I, J, K, L, M, N, O, P, Q, R, S, T, U, V, W, X, Y, Z, , , , , , , , , , , , , , , , , , , , , , , , , , , , , , , , , , , , , , , , , , , , , , , , , , , , , , , , , , , , , , , , , , , , , , , , , , , , , , , , , , , , , , , , , , , , , , , , , , , , , , , , , , , , , , , , , , , , , , , , , , , , , , , , , , , , , , , , , , , , , , , , , , , , , , , , , , , , , , , , , , , , , , , , , , , , , , , , , , , , , , , , , , , #, ]
10-04 23:50:57.067  6488  6514 D bt_vendor: op for 7
10-04 23:50:57.067  6488  6514 D bt_upio : upio_set : pio 0 action 2, polarity 0
10-04 23:50:57.067  6488  6514 D bt_upio : BT_WAKE is asserted already
10-04 23:50:57.077  6972  7002 I MusicLocale: AddressBook Labels [en-US]: [, A, B, C, D, E, F, G, H, I, J, K, L, M, N, O, P, Q, R, S, T, U, V, W, X, Y, Z, , , , , , , , , , , , , , , , , , , , , , , , , , , , , , , , , , , , , , , , , , , , , , , , , , , , , , , , , , , , , , , , , , , , , , , , , , , , , , , , , , , , , , , , , , , , , , , , , , , , , , , , , , , , , , , , , , , , , , , , , , , , , , , , , , , , , , , , , , , , , , , , , , , , , , , , , , , , , , , , , , , , , , , , , , , , , , , , , , , , , , , , , , , #, ]
10-04 23:50:57.079  6972  7002 D LocaleSetManager: Locale Changed from: null to en-US
10-04 23:50:57.086  6488  6514 D bt_vendor: op for 7
10-04 23:50:57.086  6488  6514 D bt_upio : upio_set : pio 0 action 2, polarity 0
10-04 23:50:57.086  6488  6514 D bt_upio : BT_WAKE is asserted already
10-04 23:50:57.106  6488  6514 D bt_vendor: op for 7
10-04 23:50:57.106  6488  6514 D bt_upio : upio_set : pio 0 action 2, polarity 0
10-04 23:50:57.106  6488  6514 D bt_upio : BT_WAKE is asserted already
10-04 23:50:57.126  6488  6514 D bt_vendor: op for 7
10-04 23:50:57.126  6488  6514 D bt_upio : upio_set : pio 0 action 2, polarity 0
10-04 23:50:57.126  6488  6514 D bt_upio : BT_WAKE is asserted already
10-04 23:50:57.146  6488  6514 D bt_vendor: op for 7
10-04 23:50:57.146  6488  6514 D bt_upio : upio_set : pio 0 action 2, polarity 0
10-04 23:50:57.146  6488  6514 D bt_upio : BT_WAKE is asserted already
10-04 23:50:57.157  1090  3698 E QCOM PowerHAL: Failed to acquire lock.
10-04 23:50:57.166  6488  6514 D bt_vendor: op for 7
10-04 23:50:57.167  6488  6514 D bt_upio : upio_set : pio 0 action 2, polarity 0
10-04 23:50:57.167  6488  6514 D bt_upio : BT_WAKE is asserted already
10-04 23:50:57.168  3835  3835 I vol.Events: writeEvent dismiss_dialog touch_outside
10-04 23:50:57.170  3835  3966 I vol.Events: writeEvent active_stream_changed UNKNOWN_STREAM_-1
10-04 23:50:57.186  6488  6514 D bt_vendor: op for 7
10-04 23:50:57.186  6488  6514 D bt_upio : upio_set : pio 0 action 2, polarity 0
10-04 23:50:57.186  6488  6514 D bt_upio : BT_WAKE is asserted already
10-04 23:50:57.207  6488  6514 D bt_vendor: op for 7
10-04 23:50:57.207  6488  6514 D bt_upio : upio_set : pio 0 action 2, polarity 0
10-04 23:50:57.207  6488  6514 D bt_upio : BT_WAKE is asserted already
10-04 23:50:57.226  6488  6514 D bt_vendor: op for 7
10-04 23:50:57.226  6488  6514 D bt_upio : upio_set : pio 0 action 2, polarity 0
10-04 23:50:57.226  6488  6514 D bt_upio : BT_WAKE is asserted already
10-04 23:50:57.246  6488  6514 D bt_vendor: op for 7
10-04 23:50:57.246  6488  6514 D bt_upio : upio_set : pio 0 action 2, polarity 0
10-04 23:50:57.246  6488  6514 D bt_upio : BT_WAKE is asserted already
10-04 23:50:57.254  1090  5236 I ActivityManager: START u0 {act=android.intent.action.MAIN cat=[android.intent.category.LAUNCHER] flg=0x10200000 pkg=com.android.dialer cmp=com.android.dialer/.DialtactsActivity bnds=[62,2132][333,2412] (has extras)} from uid 10031 on display 0
10-04 23:50:57.266  6488  6514 D bt_vendor: op for 7
10-04 23:50:57.266  6488  6514 D bt_upio : upio_set : pio 0 action 2, polarity 0
10-04 23:50:57.266  6488  6514 D bt_upio : BT_WAKE is asserted already
10-04 23:50:57.267   448   594 E ThermalEngine: [BMHB_GOV] read failed VS_TEMP
10-04 23:50:57.268  1090  5236 E QCOM PowerHAL: Failed to acquire lock.
10-04 23:50:57.286  6488  6514 D bt_vendor: op for 7
10-04 23:50:57.286  6488  6514 D bt_upio : upio_set : pio 0 action 2, polarity 0
10-04 23:50:57.286  6488  6514 D bt_upio : BT_WAKE is asserted already
10-04 23:50:57.306  6488  6514 D bt_vendor: op for 7
10-04 23:50:57.306  6488  6514 D bt_upio : upio_set : pio 0 action 2, polarity 0
10-04 23:50:57.306  6488  6514 D bt_upio : BT_WAKE is asserted already
10-04 23:50:57.326  6488  6514 D bt_vendor: op for 7
10-04 23:50:57.326  6488  6514 D bt_upio : upio_set : pio 0 action 2, polarity 0
10-04 23:50:57.326  6488  6514 D bt_upio : BT_WAKE is asserted already
10-04 23:50:57.334  1090  3850 I ActivityManager: Start proc 7004:com.android.dialer/u0a16 for activity com.android.dialer/.DialtactsActivity
10-04 23:50:57.348  6488  6514 D bt_vendor: op for 7
10-04 23:50:57.348  6488  6514 D bt_upio : upio_set : pio 0 action 2, polarity 0
10-04 23:50:57.348  6488  6514 D bt_upio : BT_WAKE is asserted already
10-04 23:50:57.366  6488  6514 D bt_vendor: op for 7
10-04 23:50:57.366  6488  6514 D bt_upio : upio_set : pio 0 action 2, polarity 0
10-04 23:50:57.366  6488  6514 D bt_upio : BT_WAKE is asserted already
10-04 23:50:57.374  7004  7004 W System  : ClassLoader referenced unknown path: /system/priv-app/Dialer/lib/arm64
10-04 23:50:57.386  6488  6514 D bt_vendor: op for 7
10-04 23:50:57.386  6488  6514 D bt_upio : upio_set : pio 0 action 2, polarity 0
10-04 23:50:57.386  6488  6514 D bt_upio : BT_WAKE is asserted already
10-04 23:50:57.406  6488  6514 D bt_vendor: op for 7
10-04 23:50:57.406  6488  6514 D bt_upio : upio_set : pio 0 action 2, polarity 0
10-04 23:50:57.406  6488  6514 D bt_upio : BT_WAKE is asserted already
10-04 23:50:57.426  6488  6514 D bt_vendor: op for 7
10-04 23:50:57.426  6488  6514 D bt_upio : upio_set : pio 0 action 2, polarity 0
10-04 23:50:57.426  6488  6514 D bt_upio : BT_WAKE is asserted already
10-04 23:50:57.427  7004  7004 D BlockedNumbersAuto: Not attempting auto-migrate: already checked once.
10-04 23:50:57.429  6488  6527 V Avrcp   : event for device address E8:07:BF:00:B1:18
10-04 23:50:57.429  6488  6527 I Avrcp   : device found at index 0
10-04 23:50:57.430  6488  6527 I Avrcp   : device found at index 0
10-04 23:50:57.430  6488  6527 D bt_btif : ## register_notification_rsp ## event_id:AVRC_EVT_PLAY_POS_CHANGED
10-04 23:50:57.430  6488  6515 D bt_btif : LCB lcb=1 event=2 state=2
10-04 23:50:57.430  6488  6514 D bt_vendor: op for 7
10-04 23:50:57.430  6488  6514 D bt_upio : upio_set : pio 0 action 2, polarity 0
10-04 23:50:57.430  6488  6514 D bt_upio : BT_WAKE is asserted already
10-04 23:50:57.446  6488  6514 D bt_vendor: op for 7
10-04 23:50:57.446  6488  6514 D bt_upio : upio_set : pio 0 action 2, polarity 0
10-04 23:50:57.446  6488  6514 D bt_upio : BT_WAKE is asserted already
10-04 23:50:57.455  6488  6515 D bt_btif : LCB lcb=1 event=6 state=2
10-04 23:50:57.455  6488  6515 D bt_btif : bta_av_rc_msg_cback handle: 0 opcode=0x0
10-04 23:50:57.455  6488  6510 D bt_btif : btif_av_state_started_handler event:BTA_AV_META_MSG_EVT flags 0  index =0
10-04 23:50:57.455  6488  6510 D bt_btif : btif_rc_handler event:BTA_AV_META_MSG_EVT
10-04 23:50:57.455  6488  6510 D bt_btif : AVRC_ParsCommand() return status:0x4
10-04 23:50:57.455  6488  6510 D bt_btif : btif_rc_upstreams_evt pdu: AVRC_PDU_REGISTER_NOTIFICATION handle: 0x0 ctype:3 label:6
10-04 23:50:57.457  6488  6527 I Avrcp   : device found at index 0
10-04 23:50:57.457  6488  6527 V Avrcp   : processRegisterNotification: eventId5
10-04 23:50:57.457  6488  6527 I Avrcp   : device found at index 0
10-04 23:50:57.457  6488  6527 D bt_btif : ## register_notification_rsp ## event_id:AVRC_EVT_PLAY_POS_CHANGED
10-04 23:50:57.457  6488  6515 D bt_btif : LCB lcb=1 event=2 state=2
10-04 23:50:57.457  6488  6514 D bt_vendor: op for 7
10-04 23:50:57.457  6488  6514 D bt_upio : upio_set : pio 0 action 2, polarity 0
10-04 23:50:57.457  6488  6514 D bt_upio : BT_WAKE is asserted already
10-04 23:50:57.461  7004  7004 W art     : Before Android 4.1, method android.graphics.PorterDuffColorFilter android.support.graphics.drawable.VectorDrawableCompat.updateTintFilter(android.graphics.PorterDuffColorFilter, android.content.res.ColorStateList, android.graphics.PorterDuff$Mode) would have incorrectly overridden the package-private method in android.graphics.drawable.Drawable
10-04 23:50:57.466  6488  6514 D bt_vendor: op for 7
10-04 23:50:57.466  6488  6514 D bt_upio : upio_set : pio 0 action 2, polarity 0
10-04 23:50:57.466  6488  6514 D bt_upio : BT_WAKE is asserted already
10-04 23:50:57.486  6488  6514 D bt_vendor: op for 7
10-04 23:50:57.486  6488  6514 D bt_upio : upio_set : pio 0 action 2, polarity 0
10-04 23:50:57.486  6488  6514 D bt_upio : BT_WAKE is asserted already
10-04 23:50:57.506  6488  6514 D bt_vendor: op for 7
10-04 23:50:57.506  6488  6514 D bt_upio : upio_set : pio 0 action 2, polarity 0
10-04 23:50:57.506  6488  6514 D bt_upio : BT_WAKE is asserted already
10-04 23:50:57.520  1090  1104 E QCOM PowerHAL: Failed to acquire lock.
10-04 23:50:57.526  6488  6514 D bt_vendor: op for 7
10-04 23:50:57.526  6488  6514 D bt_upio : upio_set : pio 0 action 2, polarity 0
10-04 23:50:57.526  6488  6514 D bt_upio : BT_WAKE is asserted already
10-04 23:50:57.546  6488  6514 D bt_vendor: op for 7
10-04 23:50:57.546  6488  6514 D bt_upio : upio_set : pio 0 action 2, polarity 0
10-04 23:50:57.546  6488  6514 D bt_upio : BT_WAKE is asserted already
10-04 23:50:57.566  6488  6514 D bt_vendor: op for 7
10-04 23:50:57.566  6488  6514 D bt_upio : upio_set : pio 0 action 2, polarity 0
10-04 23:50:57.566  6488  6514 D bt_upio : BT_WAKE is asserted already
10-04 23:50:57.586  6488  6514 D bt_vendor: op for 7
10-04 23:50:57.586  6488  6514 D bt_upio : upio_set : pio 0 action 2, polarity 0
10-04 23:50:57.586  6488  6514 D bt_upio : BT_WAKE is asserted already
10-04 23:50:57.599  1090  1100 I art     : Background partial concurrent mark sweep GC freed 5248(308KB) AllocSpace objects, 1(20KB) LOS objects, 33% free, 13MB/20MB, paused 3.246ms total 106.628ms
10-04 23:50:57.606  6488  6514 D bt_vendor: op for 7
10-04 23:50:57.606  6488  6514 D bt_upio : upio_set : pio 0 action 2, polarity 0
10-04 23:50:57.606  6488  6514 D bt_upio : BT_WAKE is asserted already
10-04 23:50:57.611  7004  7004 W CountryDetector: No location permissions, not registering for location updates.
10-04 23:50:57.627  6488  6514 D bt_vendor: op for 7
10-04 23:50:57.627  6488  6514 D bt_upio : upio_set : pio 0 action 2, polarity 0
10-04 23:50:57.627  6488  6514 D bt_upio : BT_WAKE is asserted already
10-04 23:50:57.646  6488  6514 D bt_vendor: op for 7
10-04 23:50:57.646  6488  6514 D bt_upio : upio_set : pio 0 action 2, polarity 0
10-04 23:50:57.646  6488  6514 D bt_upio : BT_WAKE is asserted already
10-04 23:50:57.653  1090  5237 I MediaFocusControl:  AudioFocus  requestAudioFocus() from uid/pid 10014/6972 clientId=android.media.AudioManager@84ab046com.cyanogenmod.eleven.MusicPlaybackService$3@5a69207 req=1 flags=0x0
10-04 23:50:57.661  6972  6972 I MusicPlaybackService: Next media player is current one, continuing
10-04 23:50:57.664  6488  6527 V Avrcp   : Active sessions changed, 1 sessions
10-04 23:50:57.665  6488  6527 V Avrcp   : Updating media controller to android.media.session.MediaController@f34677e
10-04 23:50:57.666  6488  6514 D bt_vendor: op for 7
10-04 23:50:57.666  6488  6514 D bt_upio : upio_set : pio 0 action 2, polarity 0
10-04 23:50:57.666  6488  6514 D bt_upio : BT_WAKE is asserted already
10-04 23:50:57.688  6488  6527 V Avrcp   : MediaAttributes Changed to [MediaAttributes:  -  by  (1/0) ]
10-04 23:50:57.689   455   847 V qcbassboost: 
10-04 23:50:57.689   455   847 V qcbassboost: 	EffectCreate start session 33
10-04 23:50:57.690   455   847 V qcbassboost: 	GlobalSession_init start
10-04 23:50:57.690   455   847 E qcbassboost: 	EffectCreate: Allocating SessionNo 0 for SessionId 33
10-04 23:50:57.690   455   847 V qcbassboost: 
10-04 23:50:57.690   455   847 V qcbassboost: 	EffectCreate created ctxt 0xf4c23460 for session 33
10-04 23:50:57.690   455   847 V qcbassboost: 	Effect_command: ctxt 0xf4c23460, cmd 0
10-04 23:50:57.690   455   847 V qcbassboost: 	BassBoost_init start, ctxt 0xf4c23460
10-04 23:50:57.690   455   847 V qcbassboost: 	Effect_command: ctxt 0xf4c23460, cmd 1
10-04 23:50:57.690   455   847 V qcbassboost: 	BassBoost_setConfig: ctxt 0xf4c23460
10-04 23:50:57.690   455   847 V qcbassboost: 	BassBoost_init start, ctxt 0xf4c23460
10-04 23:50:57.690  6488  6514 D bt_vendor: op for 7
10-04 23:50:57.690  6488  6514 D bt_upio : upio_set : pio 0 action 2, polarity 0
10-04 23:50:57.690  6488  6514 D bt_upio : BT_WAKE is asserted already
10-04 23:50:57.691   455  6951 V qcbassboost: 	Effect_command: ctxt 0xf4c23460, cmd 8
10-04 23:50:57.691   455  6951 V qcbassboost: 	BassBoost_getParameter(): ctxt 0xf4c23460, param 0, 
10-04 23:50:57.692   455  5643 V qcvirt  : 
10-04 23:50:57.692   455  5643 V qcvirt  : 	EffectCreate start session 33
10-04 23:50:57.692   455  5643 V qcvirt  : 	GlobalSession_init start
10-04 23:50:57.692   455  5643 E qcvirt  : 	EffectCreate: Allocating SessionNo 0 for SessionId 33
10-04 23:50:57.692   455  5643 V qcvirt  : 
10-04 23:50:57.692   455  5643 V qcvirt  : 	EffectCreate created ctxt 0xf4148680 for session 33
10-04 23:50:57.692   455  5643 V qcvirt  : 	Effect_command, ctxt 0xf4148680, cmd 0
10-04 23:50:57.692   455  5643 V qcvirt  : 	Virtualizer_init start ctxt 0xf4148680
10-04 23:50:57.692   455  5643 V qcvirt  : 	Effect_command, ctxt 0xf4148680, cmd 1
10-04 23:50:57.692   455  5643 V qcvirt  : 	Virtualizer_setConfig, ctxt 0xf4148680
10-04 23:50:57.692   455  5643 V qcvirt  : 	Virtualizer_init start ctxt 0xf4148680
10-04 23:50:57.694   455  6948 V qcvirt  : 	Effect_command, ctxt 0xf4148680, cmd 8
10-04 23:50:57.694   455  6948 V qcvirt  : 	Virtualizer_getParameter, ctxt 0xf4148680, param 0
10-04 23:50:57.694  6488  6527 V Avrcp   : updatePlayPauseState, state: PlaybackState {state=2, position=-1, buffered position=0, speed=1.0, updated=210246, actions=1591, custom actions=[], active item id=-1, error=null} device: null
10-04 23:50:57.695   455  6950 V qcreverb: 
10-04 23:50:57.695   455  6950 V qcreverb: 	EffectCreate start session 33
10-04 23:50:57.695   455  6950 V qcreverb: 	EffectCreate - Initializing all global memory
10-04 23:50:57.695   455  6950 V qcreverb: 	GlobalSession_init start
10-04 23:50:57.695   455  6950 E qcreverb: 	EffectCreate: Allocating SessionNo 0 for SessionId 33
10-04 23:50:57.695   455  6950 V qcreverb: 	EffectCreate - UUID matched Reverb type 3, UUID = b08a0e38
10-04 23:50:57.695   455  6950 V qcreverb: 	EffectCreate - PRESET
10-04 23:50:57.695   455  6950 V qcreverb: 	EffectCreate - INS
10-04 23:50:57.695   455  6950 V qcreverb: 
10-04 23:50:57.695   455  6950 V qcreverb: 	EffectCreate created ctxt 0xf4148a00 for session 33
10-04 23:50:57.695   455  6950 V qcreverb: 	Effect_command, ctxt 0xf4148a00, cmd 0
10-04 23:50:57.695   455  6950 V qcreverb: 	Reverb_init start, ctxt 0xf4148a00
10-04 23:50:57.695   455  6950 V qcreverb: 	Effect_command, ctxt 0xf4148a00, cmd 1
10-04 23:50:57.695   455  6950 V qcreverb: 	Reverb_setConfig, ctxt 0xf4148a00
10-04 23:50:57.695   455  6950 V qcreverb: 	Reverb_init start, ctxt 0xf4148a00
10-04 23:50:57.697  6488  6527 V Avrcp   : Device: Mi Bluetooth Speaker : old state: PlaybackState {state=3, position=-1, buffered position=0, speed=1.0, updated=208994, actions=0, custom actions=[], active item id=-1, error=null}
10-04 23:50:57.697  6488  6527 I Avrcp   : updatePlayStatusForDevice: device: E8:07:BF:00:B1:18
10-04 23:50:57.697  6488  6527 D bt_btif : ## register_notification_rsp ## event_id:AVRC_EVT_PLAY_STATUS_CHANGE
10-04 23:50:57.697  6488  6515 D bt_btif : LCB lcb=1 event=2 state=2
10-04 23:50:57.697  6488  6527 I Avrcp   : device found at index 0
10-04 23:50:57.697  6488  6514 D bt_vendor: op for 7
10-04 23:50:57.697  6488  6514 D bt_upio : upio_set : pio 0 action 2, polarity 0
10-04 23:50:57.697  6488  6514 D bt_upio : BT_WAKE is asserted already
10-04 23:50:57.698  6488  6527 V Avrcp   : Focus gained for player: com.cyanogenmod.eleven
10-04 23:50:57.698  6488  6527 D Avrcp   : Exit updateCurrentMediaController()
10-04 23:50:57.698  6488  6527 D Avrcp   : Exit onActiveSessionsChanged()
10-04 23:50:57.698  6488  6527 V Avrcp   : MSG_UPDATE_RCC_CHANGE
10-04 23:50:57.698  6488  6527 V Avrcp   : processRCCStateChange: com.cyanogenmod.eleven
10-04 23:50:57.698  6488  6527 V Avrcp   : updateAddressedMediaPlayer
10-04 23:50:57.698  6488  6527 V Avrcp   : current Player: -1
10-04 23:50:57.698  6488  6527 V Avrcp   : Requested Player: 0
10-04 23:50:57.700  6972  6972 W WakefulBroadcastReceiver: No active wake lock id #1
10-04 23:50:57.706  6488  6514 D bt_vendor: op for 7
10-04 23:50:57.706  6488  6514 D bt_upio : upio_set : pio 0 action 2, polarity 0
10-04 23:50:57.706  6488  6514 D bt_upio : BT_WAKE is asserted already
10-04 23:50:57.715  6488  6515 D bt_btif : LCB lcb=1 event=6 state=2
10-04 23:50:57.715  6488  6515 D bt_btif : bta_av_rc_msg_cback handle: 0 opcode=0x0
10-04 23:50:57.715  6488  6510 D bt_btif : btif_av_state_started_handler event:BTA_AV_META_MSG_EVT flags 0  index =0
10-04 23:50:57.715  6488  6510 D bt_btif : btif_rc_handler event:BTA_AV_META_MSG_EVT
10-04 23:50:57.715  6488  6510 D bt_btif : AVRC_ParsCommand() return status:0x4
10-04 23:50:57.715  6488  6510 D bt_btif : btif_rc_upstreams_evt pdu: AVRC_PDU_REGISTER_NOTIFICATION handle: 0x0 ctype:3 label:7
10-04 23:50:57.716  6488  6527 I Avrcp   : device found at index 0
10-04 23:50:57.716  6488  6527 V Avrcp   : processRegisterNotification: eventId1
10-04 23:50:57.716  6488  6527 D bt_btif : ## register_notification_rsp ## event_id:AVRC_EVT_PLAY_STATUS_CHANGE
10-04 23:50:57.717  6488  6515 D bt_btif : LCB lcb=1 event=2 state=2
10-04 23:50:57.717  6488  6514 D bt_vendor: op for 7
10-04 23:50:57.717  6488  6514 D bt_upio : upio_set : pio 0 action 2, polarity 0
10-04 23:50:57.717  6488  6514 D bt_upio : BT_WAKE is asserted already
10-04 23:50:57.726  6488  6514 D bt_vendor: op for 7
10-04 23:50:57.726  6488  6514 D bt_upio : upio_set : pio 0 action 2, polarity 0
10-04 23:50:57.726  6488  6514 D bt_upio : BT_WAKE is asserted already
10-04 23:50:57.746  6488  6514 D bt_vendor: op for 7
10-04 23:50:57.746  6488  6514 D bt_upio : upio_set : pio 0 action 2, polarity 0
10-04 23:50:57.746  6488  6514 D bt_upio : BT_WAKE is asserted already
10-04 23:50:57.766  6488  6514 D bt_vendor: op for 7
10-04 23:50:57.766  6488  6514 D bt_upio : upio_set : pio 0 action 2, polarity 0
10-04 23:50:57.766  6488  6514 D bt_upio : BT_WAKE is asserted already
10-04 23:50:57.776  7004  7004 D AudioTrack: Client defaulted notificationFrames to 448 for frameCount 896
10-04 23:50:57.782  7004  7026 D DialerDatabaseHelper: Shared Preference Created with name:  upgradeSmartSearchTable
10-04 23:50:57.786  6488  6514 D bt_vendor: op for 7
10-04 23:50:57.786  6488  6514 D bt_upio : upio_set : pio 0 action 2, polarity 0
10-04 23:50:57.786  6488  6514 D bt_upio : BT_WAKE is asserted already
10-04 23:50:57.806  6488  6514 D bt_vendor: op for 7
10-04 23:50:57.806  6488  6514 D bt_upio : upio_set : pio 0 action 2, polarity 0
10-04 23:50:57.806  6488  6514 D bt_upio : BT_WAKE is asserted already
10-04 23:50:57.826  6488  6514 D bt_vendor: op for 7
10-04 23:50:57.826  6488  6514 D bt_upio : upio_set : pio 0 action 2, polarity 0
10-04 23:50:57.826  6488  6514 D bt_upio : BT_WAKE is asserted already
10-04 23:50:57.832  7004  7004 D DialpadFragment: Displaying normal Dialer UI.
10-04 23:50:57.840  7004  7004 D DialpadFragment: Displaying normal Dialer UI.
10-04 23:50:57.846  6488  6514 D bt_vendor: op for 7
10-04 23:50:57.846  6488  6514 D bt_upio : upio_set : pio 0 action 2, polarity 0
10-04 23:50:57.846  6488  6514 D bt_upio : BT_WAKE is asserted already
10-04 23:50:57.866  6488  6514 D bt_vendor: op for 7
10-04 23:50:57.866  6488  6514 D bt_upio : upio_set : pio 0 action 2, polarity 0
10-04 23:50:57.866  6488  6514 D bt_upio : BT_WAKE is asserted already
10-04 23:50:57.887  6488  6514 D bt_vendor: op for 7
10-04 23:50:57.887  6488  6514 D bt_upio : upio_set : pio 0 action 2, polarity 0
10-04 23:50:57.887  6488  6514 D bt_upio : BT_WAKE is asserted already
10-04 23:50:57.906  6488  6514 D bt_vendor: op for 7
10-04 23:50:57.906  6488  6514 D bt_upio : upio_set : pio 0 action 2, polarity 0
10-04 23:50:57.906  6488  6514 D bt_upio : BT_WAKE is asserted already
10-04 23:50:57.926  6488  6514 D bt_vendor: op for 7
10-04 23:50:57.926  6488  6514 D bt_upio : upio_set : pio 0 action 2, polarity 0
10-04 23:50:57.926  6488  6514 D bt_upio : BT_WAKE is asserted already
10-04 23:50:57.946  6488  6514 D bt_vendor: op for 7
10-04 23:50:57.946  6488  6514 D bt_upio : upio_set : pio 0 action 2, polarity 0
10-04 23:50:57.946  6488  6514 D bt_upio : BT_WAKE is asserted already
10-04 23:50:57.951  7004  7004 I ContactPhotoManager: Cache adj: 1.0
10-04 23:50:57.966  6488  6514 D bt_vendor: op for 7
10-04 23:50:57.967  6488  6514 D bt_upio : upio_set : pio 0 action 2, polarity 0
10-04 23:50:57.967  6488  6514 D bt_upio : BT_WAKE is asserted already
10-04 23:50:57.986  6488  6514 D bt_vendor: op for 7
10-04 23:50:57.986  6488  6514 D bt_upio : upio_set : pio 0 action 2, polarity 0
10-04 23:50:57.986  6488  6514 D bt_upio : BT_WAKE is asserted already
10-04 23:50:58.006  6488  6514 D bt_vendor: op for 7
10-04 23:50:58.006  6488  6514 D bt_upio : upio_set : pio 0 action 2, polarity 0
10-04 23:50:58.006  6488  6514 D bt_upio : BT_WAKE is asserted already
10-04 23:50:58.026  6488  6514 D bt_vendor: op for 7
10-04 23:50:58.026  6488  6514 D bt_upio : upio_set : pio 0 action 2, polarity 0
10-04 23:50:58.026  6488  6514 D bt_upio : BT_WAKE is asserted already
10-04 23:50:58.046  6488  6514 D bt_vendor: op for 7
10-04 23:50:58.046  6488  6514 D bt_upio : upio_set : pio 0 action 2, polarity 0
10-04 23:50:58.046  6488  6514 D bt_upio : BT_WAKE is asserted already
10-04 23:50:58.066  6488  6514 D bt_vendor: op for 7
10-04 23:50:58.066  6488  6514 D bt_upio : upio_set : pio 0 action 2, polarity 0
10-04 23:50:58.066  6488  6514 D bt_upio : BT_WAKE is asserted already
10-04 23:50:58.086  6488  6514 D bt_vendor: op for 7
10-04 23:50:58.086  6488  6514 D bt_upio : upio_set : pio 0 action 2, polarity 0
10-04 23:50:58.086  6488  6514 D bt_upio : BT_WAKE is asserted already
10-04 23:50:58.106  6488  6514 D bt_vendor: op for 7
10-04 23:50:58.106  6488  6514 D bt_upio : upio_set : pio 0 action 2, polarity 0
10-04 23:50:58.106  6488  6514 D bt_upio : BT_WAKE is asserted already
10-04 23:50:58.126  6488  6514 D bt_vendor: op for 7
10-04 23:50:58.126  6488  6514 D bt_upio : upio_set : pio 0 action 2, polarity 0
10-04 23:50:58.126  6488  6514 D bt_upio : BT_WAKE is asserted already
10-04 23:50:58.146  6488  6514 D bt_vendor: op for 7
10-04 23:50:58.146  6488  6514 D bt_upio : upio_set : pio 0 action 2, polarity 0
10-04 23:50:58.146  6488  6514 D bt_upio : BT_WAKE is asserted already
10-04 23:50:58.166  6488  6514 D bt_vendor: op for 7
10-04 23:50:58.166  6488  6514 D bt_upio : upio_set : pio 0 action 2, polarity 0
10-04 23:50:58.166  6488  6514 D bt_upio : BT_WAKE is asserted already
10-04 23:50:58.185  7004  7030 I Adreno  : QUALCOMM build                   : d3015e9, I25dc76dc3f
10-04 23:50:58.185  7004  7030 I Adreno  : Build Date                       : 01/26/17
10-04 23:50:58.185  7004  7030 I Adreno  : OpenGL ES Shader Compiler Version: XE031.09.00.03
10-04 23:50:58.185  7004  7030 I Adreno  : Local Branch                     : 
10-04 23:50:58.185  7004  7030 I Adreno  : Remote Branch                    : refs/tags/AU_LINUX_ANDROID_LA.BF64.1.2.3_RB1.07.00.00.258.011
10-04 23:50:58.185  7004  7030 I Adreno  : Remote Branch                    : NONE
10-04 23:50:58.185  7004  7030 I Adreno  : Reconstruct Branch               : NOTHING
10-04 23:50:58.186  6488  6514 D bt_vendor: op for 7
10-04 23:50:58.186  6488  6514 D bt_upio : upio_set : pio 0 action 2, polarity 0
10-04 23:50:58.186  6488  6514 D bt_upio : BT_WAKE is asserted already
10-04 23:50:58.199  7004  7030 I OpenGLRenderer: Initialized EGL, version 1.4
10-04 23:50:58.199  7004  7030 D OpenGLRenderer: Swap behavior 1
10-04 23:50:58.206  6488  6514 D bt_vendor: op for 7
10-04 23:50:58.206  6488  6514 D bt_upio : upio_set : pio 0 action 2, polarity 0
10-04 23:50:58.206  6488  6514 D bt_upio : BT_WAKE is asserted already
10-04 23:50:58.226  6488  6514 D bt_vendor: op for 7
10-04 23:50:58.226  6488  6514 D bt_upio : upio_set : pio 0 action 2, polarity 0
10-04 23:50:58.226  6488  6514 D bt_upio : BT_WAKE is asserted already
10-04 23:50:58.246  6488  6514 D bt_vendor: op for 7
10-04 23:50:58.246  6488  6514 D bt_upio : upio_set : pio 0 action 2, polarity 0
10-04 23:50:58.246  6488  6514 D bt_upio : BT_WAKE is asserted already
10-04 23:50:58.266  6488  6514 D bt_vendor: op for 7
10-04 23:50:58.266  6488  6514 D bt_upio : upio_set : pio 0 action 2, polarity 0
10-04 23:50:58.266  6488  6514 D bt_upio : BT_WAKE is asserted already
10-04 23:50:58.287  6488  6514 D bt_vendor: op for 7
10-04 23:50:58.287  6488  6514 D bt_upio : upio_set : pio 0 action 2, polarity 0
10-04 23:50:58.287  6488  6514 D bt_upio : BT_WAKE is asserted already
10-04 23:50:58.306  6488  6514 D bt_vendor: op for 7
10-04 23:50:58.306  6488  6514 D bt_upio : upio_set : pio 0 action 2, polarity 0
10-04 23:50:58.306  6488  6514 D bt_upio : BT_WAKE is asserted already
10-04 23:50:58.326  6488  6514 D bt_vendor: op for 7
10-04 23:50:58.326  6488  6514 D bt_upio : upio_set : pio 0 action 2, polarity 0
10-04 23:50:58.326  6488  6514 D bt_upio : BT_WAKE is asserted already
10-04 23:50:58.346  6488  6514 D bt_vendor: op for 7
10-04 23:50:58.346  6488  6514 D bt_upio : upio_set : pio 0 action 2, polarity 0
10-04 23:50:58.346  6488  6514 D bt_upio : BT_WAKE is asserted already
10-04 23:50:58.366  6488  6514 D bt_vendor: op for 7
10-04 23:50:58.366  6488  6514 D bt_upio : upio_set : pio 0 action 2, polarity 0
10-04 23:50:58.366  6488  6514 D bt_upio : BT_WAKE is asserted already
10-04 23:50:58.386  6488  6514 D bt_vendor: op for 7
10-04 23:50:58.386  6488  6514 D bt_upio : upio_set : pio 0 action 2, polarity 0
10-04 23:50:58.386  6488  6514 D bt_upio : BT_WAKE is asserted already
10-04 23:50:58.406  6488  6514 D bt_vendor: op for 7
10-04 23:50:58.406  6488  6514 D bt_upio : upio_set : pio 0 action 2, polarity 0
10-04 23:50:58.406  6488  6514 D bt_upio : BT_WAKE is asserted already
10-04 23:50:58.426  6488  6514 D bt_vendor: op for 7
10-04 23:50:58.426  6488  6514 D bt_upio : upio_set : pio 0 action 2, polarity 0
10-04 23:50:58.426  6488  6514 D bt_upio : BT_WAKE is asserted already
10-04 23:50:58.446  6488  6514 D bt_vendor: op for 7
10-04 23:50:58.446  6488  6514 D bt_upio : upio_set : pio 0 action 2, polarity 0
10-04 23:50:58.446  6488  6514 D bt_upio : BT_WAKE is asserted already
10-04 23:50:58.457  6488  6527 V Avrcp   : event for device address E8:07:BF:00:B1:18
10-04 23:50:58.457  6488  6527 I Avrcp   : device found at index 0
10-04 23:50:58.458  6488  6527 I Avrcp   : device found at index 0
10-04 23:50:58.466  6488  6514 D bt_vendor: op for 7
10-04 23:50:58.466  6488  6514 D bt_upio : upio_set : pio 0 action 2, polarity 0
10-04 23:50:58.466  6488  6514 D bt_upio : BT_WAKE is asserted already
10-04 23:50:58.486  6488  6514 D bt_vendor: op for 7
10-04 23:50:58.486  6488  6514 D bt_upio : upio_set : pio 0 action 2, polarity 0
10-04 23:50:58.486  6488  6514 D bt_upio : BT_WAKE is asserted already
10-04 23:50:58.506  6488  6514 D bt_vendor: op for 7
10-04 23:50:58.506  6488  6514 D bt_upio : upio_set : pio 0 action 2, polarity 0
10-04 23:50:58.506  6488  6514 D bt_upio : BT_WAKE is asserted already
10-04 23:50:58.527  6488  6514 D bt_vendor: op for 7
10-04 23:50:58.527  6488  6514 D bt_upio : upio_set : pio 0 action 2, polarity 0
10-04 23:50:58.527  6488  6514 D bt_upio : BT_WAKE is asserted already
10-04 23:50:58.554  6488  6514 D bt_vendor: op for 7
10-04 23:50:58.554  6488  6514 D bt_upio : upio_set : pio 0 action 2, polarity 0
10-04 23:50:58.554  1090  1127 I ActivityManager: Displayed com.android.dialer/.DialtactsActivity: +1s266ms
10-04 23:50:58.554  6488  6514 D bt_upio : BT_WAKE is asserted already
10-04 23:50:58.568  6488  6514 D bt_vendor: op for 7
10-04 23:50:58.568  6488  6514 D bt_upio : upio_set : pio 0 action 2, polarity 0
10-04 23:50:58.568  6488  6514 D bt_upio : BT_WAKE is asserted already
10-04 23:50:58.586  6488  6514 D bt_vendor: op for 7
10-04 23:50:58.587  6488  6514 D bt_upio : upio_set : pio 0 action 2, polarity 0
10-04 23:50:58.587  6488  6514 D bt_upio : BT_WAKE is asserted already
10-04 23:50:58.607  6488  6514 D bt_vendor: op for 7
10-04 23:50:58.607  6488  6514 D bt_upio : upio_set : pio 0 action 2, polarity 0
10-04 23:50:58.607  6488  6514 D bt_upio : BT_WAKE is asserted already
10-04 23:50:58.628  6488  6514 D bt_vendor: op for 7
10-04 23:50:58.628  6488  6514 D bt_upio : upio_set : pio 0 action 2, polarity 0
10-04 23:50:58.628  6488  6514 D bt_upio : BT_WAKE is asserted already
10-04 23:50:58.655  6488  6514 D bt_vendor: op for 7
10-04 23:50:58.655  6488  6514 D bt_upio : upio_set : pio 0 action 2, polarity 0
10-04 23:50:58.656  6488  6514 D bt_upio : BT_WAKE is asserted already
10-04 23:50:58.671  6488  6514 D bt_vendor: op for 7
10-04 23:50:58.671  6488  6514 D bt_upio : upio_set : pio 0 action 2, polarity 0
10-04 23:50:58.671  6488  6514 D bt_upio : BT_WAKE is asserted already
10-04 23:50:58.687  6488  6514 D bt_vendor: op for 7
10-04 23:50:58.687  6488  6514 D bt_upio : upio_set : pio 0 action 2, polarity 0
10-04 23:50:58.687  6488  6514 D bt_upio : BT_WAKE is asserted already
10-04 23:50:58.692  1090  5251 E QCOM PowerHAL: Failed to acquire lock.
10-04 23:50:58.707  6488  6514 D bt_vendor: op for 7
10-04 23:50:58.707  6488  6514 D bt_upio : upio_set : pio 0 action 2, polarity 0
10-04 23:50:58.707  6488  6514 D bt_upio : BT_WAKE is asserted already
10-04 23:50:58.729  6488  6514 D bt_vendor: op for 7
10-04 23:50:58.729  6488  6514 D bt_upio : upio_set : pio 0 action 2, polarity 0
10-04 23:50:58.729  6488  6514 D bt_upio : BT_WAKE is asserted already
10-04 23:50:58.747  6488  6514 D bt_vendor: op for 7
10-04 23:50:58.747  6488  6514 D bt_upio : upio_set : pio 0 action 2, polarity 0
10-04 23:50:58.748  6488  6514 D bt_upio : BT_WAKE is asserted already
10-04 23:50:58.767  6488  6514 D bt_vendor: op for 7
10-04 23:50:58.767  6488  6514 D bt_upio : upio_set : pio 0 action 2, polarity 0
10-04 23:50:58.767  6488  6514 D bt_upio : BT_WAKE is asserted already
10-04 23:50:58.788  6488  6514 D bt_vendor: op for 7
10-04 23:50:58.788  6488  6514 D bt_upio : upio_set : pio 0 action 2, polarity 0
10-04 23:50:58.788  6488  6514 D bt_upio : BT_WAKE is asserted already
10-04 23:50:58.807  6488  6514 D bt_vendor: op for 7
10-04 23:50:58.807  6488  6514 D bt_upio : upio_set : pio 0 action 2, polarity 0
10-04 23:50:58.807  6488  6514 D bt_upio : BT_WAKE is asserted already
10-04 23:50:58.827  6488  6514 D bt_vendor: op for 7
10-04 23:50:58.827  6488  6514 D bt_upio : upio_set : pio 0 action 2, polarity 0
10-04 23:50:58.827  6488  6514 D bt_upio : BT_WAKE is asserted already
10-04 23:50:58.847  6488  6514 D bt_vendor: op for 7
10-04 23:50:58.847  6488  6514 D bt_upio : upio_set : pio 0 action 2, polarity 0
10-04 23:50:58.847  6488  6514 D bt_upio : BT_WAKE is asserted already
10-04 23:50:58.867  6488  6514 D bt_vendor: op for 7
10-04 23:50:58.867  6488  6514 D bt_upio : upio_set : pio 0 action 2, polarity 0
10-04 23:50:58.867  6488  6514 D bt_upio : BT_WAKE is asserted already
10-04 23:50:58.887  6488  6514 D bt_vendor: op for 7
10-04 23:50:58.887  6488  6514 D bt_upio : upio_set : pio 0 action 2, polarity 0
10-04 23:50:58.887  6488  6514 D bt_upio : BT_WAKE is asserted already
10-04 23:50:58.907  6488  6514 D bt_vendor: op for 7
10-04 23:50:58.907  6488  6514 D bt_upio : upio_set : pio 0 action 2, polarity 0
10-04 23:50:58.907  6488  6514 D bt_upio : BT_WAKE is asserted already
10-04 23:50:58.927  6488  6514 D bt_vendor: op for 7
10-04 23:50:58.927  6488  6514 D bt_upio : upio_set : pio 0 action 2, polarity 0
10-04 23:50:58.927  6488  6514 D bt_upio : BT_WAKE is asserted already
10-04 23:50:58.947  6488  6514 D bt_vendor: op for 7
10-04 23:50:58.947  6488  6514 D bt_upio : upio_set : pio 0 action 2, polarity 0
10-04 23:50:58.947  6488  6514 D bt_upio : BT_WAKE is asserted already
10-04 23:50:58.968  6488  6514 D bt_vendor: op for 7
10-04 23:50:58.968  6488  6514 D bt_upio : upio_set : pio 0 action 2, polarity 0
10-04 23:50:58.968  6488  6514 D bt_upio : BT_WAKE is asserted already
10-04 23:50:58.987  6488  6514 D bt_vendor: op for 7
10-04 23:50:58.987  6488  6514 D bt_upio : upio_set : pio 0 action 2, polarity 0
10-04 23:50:58.987  6488  6514 D bt_upio : BT_WAKE is asserted already
10-04 23:50:59.007  6488  6514 D bt_vendor: op for 7
10-04 23:50:59.007  6488  6514 D bt_upio : upio_set : pio 0 action 2, polarity 0
10-04 23:50:59.007  6488  6514 D bt_upio : BT_WAKE is asserted already
10-04 23:50:59.027  6488  6514 D bt_vendor: op for 7
10-04 23:50:59.028  6488  6514 D bt_upio : upio_set : pio 0 action 2, polarity 0
10-04 23:50:59.028  6488  6514 D bt_upio : BT_WAKE is asserted already
10-04 23:50:59.047  6488  6514 D bt_vendor: op for 7
10-04 23:50:59.047  6488  6514 D bt_upio : upio_set : pio 0 action 2, polarity 0
10-04 23:50:59.047  6488  6514 D bt_upio : BT_WAKE is asserted already
10-04 23:50:59.067  6488  6514 D bt_vendor: op for 7
10-04 23:50:59.067  6488  6514 D bt_upio : upio_set : pio 0 action 2, polarity 0
10-04 23:50:59.067  6488  6514 D bt_upio : BT_WAKE is asserted already
10-04 23:50:59.087  6488  6514 D bt_vendor: op for 7
10-04 23:50:59.087  6488  6514 D bt_upio : upio_set : pio 0 action 2, polarity 0
10-04 23:50:59.087  6488  6514 D bt_upio : BT_WAKE is asserted already
10-04 23:50:59.106  6488  6514 D bt_vendor: op for 7
10-04 23:50:59.106  6488  6514 D bt_upio : upio_set : pio 0 action 2, polarity 0
10-04 23:50:59.106  6488  6514 D bt_upio : BT_WAKE is asserted already
10-04 23:50:59.126  6488  6514 D bt_vendor: op for 7
10-04 23:50:59.126  6488  6514 D bt_upio : upio_set : pio 0 action 2, polarity 0
10-04 23:50:59.126  6488  6514 D bt_upio : BT_WAKE is asserted already
10-04 23:50:59.147  6488  6514 D bt_vendor: op for 7
10-04 23:50:59.147  6488  6514 D bt_upio : upio_set : pio 0 action 2, polarity 0
10-04 23:50:59.147  6488  6514 D bt_upio : BT_WAKE is asserted already
10-04 23:50:59.167  6488  6514 D bt_vendor: op for 7
10-04 23:50:59.167  6488  6514 D bt_upio : upio_set : pio 0 action 2, polarity 0
10-04 23:50:59.167  6488  6514 D bt_upio : BT_WAKE is asserted already
10-04 23:50:59.186  6488  6514 D bt_vendor: op for 7
10-04 23:50:59.187  6488  6514 D bt_upio : upio_set : pio 0 action 2, polarity 0
10-04 23:50:59.187  6488  6514 D bt_upio : BT_WAKE is asserted already
10-04 23:50:59.188  7040  7040 F libc    : CANNOT LINK EXECUTABLE "/system/bin/imsdatadaemon": cannot locate symbol "_ZN10CneFactory23CreateCneNetworkRequestE10CnoNetTypeP27ICneNetworkObserverNotifier" referenced by "/system/bin/imsdatadaemon"...
10-04 23:50:59.188  7040  7040 F libc    : Fatal signal 6 (SIGABRT), code -6 in tid 7040 (imsdatadaemon)
10-04 23:50:59.190   385   385 W         : debuggerd: handling request: pid=7040 uid=1000 gid=1000 tid=7040
10-04 23:50:59.206  6488  6514 D bt_vendor: op for 7
10-04 23:50:59.206  6488  6514 D bt_upio : upio_set : pio 0 action 2, polarity 0
10-04 23:50:59.206  6488  6514 D bt_upio : BT_WAKE is asserted already
10-04 23:50:59.226  6488  6514 D bt_vendor: op for 7
10-04 23:50:59.226  6488  6514 D bt_upio : upio_set : pio 0 action 2, polarity 0
10-04 23:50:59.226  6488  6514 D bt_upio : BT_WAKE is asserted already
10-04 23:50:59.246  6488  6514 D bt_vendor: op for 7
10-04 23:50:59.246  6488  6514 D bt_upio : upio_set : pio 0 action 2, polarity 0
10-04 23:50:59.246  6488  6514 D bt_upio : BT_WAKE is asserted already
10-04 23:50:59.247  7041  7041 F DEBUG   : *** *** *** *** *** *** *** *** *** *** *** *** *** *** *** ***
10-04 23:50:59.247  7041  7041 F DEBUG   : LineageOS Version: '14.1-20180403-UNOFFICIAL-h815'
10-04 23:50:59.247  7041  7041 F DEBUG   : Build fingerprint: 'lge/p1_global_com/p1:6.0/MRA58K/152940055675e:user/release-keys'
10-04 23:50:59.247  7041  7041 F DEBUG   : Revision: '0'
10-04 23:50:59.247  7041  7041 F DEBUG   : ABI: 'arm64'
10-04 23:50:59.247  7041  7041 F DEBUG   : pid: 7040, tid: 7040, name: imsdatadaemon  >>> /system/bin/imsdatadaemon <<<
10-04 23:50:59.247  7041  7041 F DEBUG   : signal 6 (SIGABRT), code -6 (SI_TKILL), fault addr --------
10-04 23:50:59.247  7041  7041 F DEBUG   :     x0   0000000000000000  x1   0000000000001b80  x2   0000000000000006  x3   0000000000000008
10-04 23:50:59.247  7041  7041 F DEBUG   :     x4   0000000000000018  x5   00000000000000d0  x6   fefefefefefefeff  x7   7f7f7f7f7f7f7f7f
10-04 23:50:59.247  7041  7041 F DEBUG   :     x8   0000000000000083  x9   ffffffffffffffdf  x10  0000000000000000  x11  0000000000000001
10-04 23:50:59.247  7041  7041 F DEBUG   :     x12  ffffffffffffffff  x13  0000000000000000  x14  0000000000000000  x15  000b3ab6ac459fbc
10-04 23:50:59.247  7041  7041 F DEBUG   :     x16  0000007ffcb5d8b0  x17  0000007ffcb5d77f  x18  00000000ffffffff  x19  000000706a3d2b40
10-04 23:50:59.247  7041  7041 F DEBUG   :     x20  0000000000000006  x21  000000706a3d2a98  x22  0000000000000002  x23  000000706a30a020
10-04 23:50:59.247  7041  7041 F DEBUG   :     x24  000000000000000c  x25  0000007ffcb5e510  x26  0000007ffcb5e570  x27  000000706a3111b8
10-04 23:50:59.247  7041  7041 F DEBUG   :     x28  000000706a311010  x29  0000007ffcb5e380  x30  000000706a3923f4
10-04 23:50:59.247  7041  7041 F DEBUG   :     sp   0000007ffcb5e360  pc   000000706a392f24  pstate 0000000060000000
10-04 23:50:59.250  7041  7041 F DEBUG   : 
10-04 23:50:59.250  7041  7041 F DEBUG   : backtrace:
10-04 23:50:59.250  7041  7041 F DEBUG   :     #00 pc 0000000000075f24  /system/bin/linker64 (__dl_tgkill+8)
10-04 23:50:59.250  7041  7041 F DEBUG   :     #01 pc 00000000000753f0  /system/bin/linker64 (__dl_pthread_kill+64)
10-04 23:50:59.250  7041  7041 F DEBUG   :     #02 pc 0000000000068ee4  /system/bin/linker64 (__dl_raise+24)
10-04 23:50:59.250  7041  7041 F DEBUG   :     #03 pc 00000000000668b8  /system/bin/linker64 (__dl_abort+52)
10-04 23:50:59.250  7041  7041 F DEBUG   :     #04 pc 0000000000068a6c  /system/bin/linker64 (__dl___libc_fatal+104)
10-04 23:50:59.250  7041  7041 F DEBUG   :     #05 pc 0000000000010e3c  /system/bin/linker64 (__dl__ZL29__linker_init_post_relocationR19KernelArgumentBlocky+6216)
10-04 23:50:59.250  7041  7041 F DEBUG   :     #06 pc 000000000000f554  /system/bin/linker64 (__dl___linker_init+528)
10-04 23:50:59.250  7041  7041 F DEBUG   :     #07 pc 0000000000006cd0  /system/bin/linker64 (_start+4)
10-04 23:50:59.266  6488  6514 D bt_vendor: op for 7
10-04 23:50:59.266  6488  6514 D bt_upio : upio_set : pio 0 action 2, polarity 0
10-04 23:50:59.266  6488  6514 D bt_upio : BT_WAKE is asserted already
10-04 23:50:59.282  1090  3851 W NativeCrashListener: Couldn't find ProcessRecord for pid 7040
10-04 23:50:59.282  7041  7041 E         : AM data write failed: Broken pipe
10-04 23:50:59.285  1090  1124 I BootReceiver: Copying /data/tombstones/tombstone_08 to DropBox (SYSTEM_TOMBSTONE)
10-04 23:50:59.286   385   385 W         : debuggerd: resuming target 7040
10-04 23:50:59.286   385   385 E         : debuggerd: failed to send signal 18 to target: No such process
10-04 23:50:59.286  6488  6514 D bt_vendor: op for 7
10-04 23:50:59.286  6488  6514 D bt_upio : upio_set : pio 0 action 2, polarity 0
10-04 23:50:59.286  6488  6514 D bt_upio : BT_WAKE is asserted already
10-04 23:50:59.306  6488  6514 D bt_vendor: op for 7
10-04 23:50:59.306  6488  6514 D bt_upio : upio_set : pio 0 action 2, polarity 0
10-04 23:50:59.306  6488  6514 D bt_upio : BT_WAKE is asserted already
10-04 23:50:59.326  6488  6514 D bt_vendor: op for 7
10-04 23:50:59.326  6488  6514 D bt_upio : upio_set : pio 0 action 2, polarity 0
10-04 23:50:59.326  6488  6514 D bt_upio : BT_WAKE is asserted already
10-04 23:50:59.346  6488  6514 D bt_vendor: op for 7
10-04 23:50:59.346  6488  6514 D bt_upio : upio_set : pio 0 action 2, polarity 0
10-04 23:50:59.346  6488  6514 D bt_upio : BT_WAKE is asserted already
10-04 23:50:59.367  6488  6514 D bt_vendor: op for 7
10-04 23:50:59.367  6488  6514 D bt_upio : upio_set : pio 0 action 2, polarity 0
10-04 23:50:59.367  6488  6514 D bt_upio : BT_WAKE is asserted already
10-04 23:50:59.387  6488  6514 D bt_vendor: op for 7
10-04 23:50:59.387  6488  6514 D bt_upio : upio_set : pio 0 action 2, polarity 0
10-04 23:50:59.387  6488  6514 D bt_upio : BT_WAKE is asserted already
10-04 23:50:59.407  6488  6514 D bt_vendor: op for 7
10-04 23:50:59.408  6488  6514 D bt_upio : upio_set : pio 0 action 2, polarity 0
10-04 23:50:59.408  6488  6514 D bt_upio : BT_WAKE is asserted already
10-04 23:50:59.427  6488  6514 D bt_vendor: op for 7
10-04 23:50:59.427  6488  6514 D bt_upio : upio_set : pio 0 action 2, polarity 0
10-04 23:50:59.427  6488  6514 D bt_upio : BT_WAKE is asserted already
10-04 23:50:59.447  6488  6514 D bt_vendor: op for 7
10-04 23:50:59.447  6488  6514 D bt_upio : upio_set : pio 0 action 2, polarity 0
