10-04 23:51:08.125  5961  5961 D QC-time-services: Lib:time_genoff_operation: pargs->ts_val = 1538668268121
10-04 23:51:08.125  5961  5961 D QC-time-services: Lib:time_genoff_operation: Send to server  passed!!
10-04 23:51:08.126   468   542 D QC-time-services: Daemon: Connection accepted:time_genoff
10-04 23:51:08.126   468  7211 D QC-time-services: Daemon:Received base = 2, unit = 1, operation = 0,value = 1538668268121
10-04 23:51:08.126   468  7211 D QC-time-services: Daemon:genoff_opr: Base = 2, val = 1538668268121, operation = 0
10-04 23:51:08.126   468  7211 D QC-time-services: Daemon:rtc_get: Time read from RTC -- MM/DD/YY HH:MM:SS0/1/115 0:3:49
10-04 23:51:08.128   468  7211 D QC-time-services: Daemon:Value read from RTC seconds = 1420070629000
10-04 23:51:08.128   468  7211 D QC-time-services: Daemon:new time 1538668268121 
10-04 23:51:08.128   468  7211 D QC-time-services: Daemon: delta 118597639121 genoff 118597639121 
10-04 23:51:08.128   468  7211 D QC-time-services: Daemon:genoff_persistent_update: Writing genoff = 118597639121 to memory
10-04 23:51:08.128   468  7211 D QC-time-services: Daemon:Opening File: /data/time/ats_2
10-04 23:51:08.128   468  7211 D QC-time-services: Daemon:time_persistent_memory_opr:Genoff write operation 
10-04 23:51:08.128   468  7211 D QC-time-services: Daemon:Unable to open file,creating file
10-04 23:51:08.128   468  7211 D QC-time-services: Daemon:Unable to createfile, exiting
10-04 23:51:08.128   468  7211 D QC-time-services: Daemon:genoff_persistent_update:or in accessing storage
10-04 23:51:08.128   468  7211 D QC-time-services: Updating the TOD offset
10-04 23:51:08.128   468  7211 D QC-time-services: Daemon:genoff_persistent_update: Writing genoff = 118597639121 to memory
10-04 23:51:08.128   468  7211 D QC-time-services: Daemon:Opening File: /data/time/ats_1
10-04 23:51:08.128   468  7211 D QC-time-services: Daemon:time_persistent_memory_opr:Genoff write operation 
10-04 23:51:08.128   468  7211 D QC-time-services: Daemon:Unable to open file,creating file
10-04 23:51:08.128   468  7211 D QC-time-services: Daemon:Unable to createfile, exiting
10-04 23:51:08.128   468  7211 D QC-time-services: Daemon:genoff_persistent_update:or in accessing storage
10-04 23:51:08.128  5961  5961 E QC-time-services: Receive Passed == base = 2, unit = 1, operation = 0, result = 0
10-04 23:51:08.129   468  7211 E QC-time-services: Daemon:Update to modem bit set
10-04 23:51:08.129   468  7211 D QC-time-services: Daemon:genoff_send_modem: Sending data to MODEM !
10-04 23:51:08.129   468  7211 D QC-time-services: Daemon: Base = 2, Value being sent to MODEM = 18446743876342390737
10-04 23:51:08.130   468   542 E QC-time-services: Daemon: Time-services: Waiting to acceptconnection
10-04 23:51:08.132  5979  5979 D TimeKeep-Receiver: Got intent Intent { act=android.intent.action.TIME_SET flg=0x24000010 cmp=com.sony.timekeep/.TimeKeep }, storing time delta.
10-04 23:51:08.135  5979  5979 D TimeKeep-Receiver: Setting adjust property to 118597639
10-04 23:51:08.138  5979  5979 W TimeKeep-Receiver: file /data/time/ats_2 not found: java.io.FileNotFoundException: /data/time/ats_2 (No such file or directory)
10-04 23:51:08.149  4404  4404 D CellBroadcastReceiver: onReceive Intent { act=android.intent.action.SERVICE_STATE flg=0x10 cmp=com.android.cellbroadcastreceiver/.CellBroadcastReceiver (has extras) }
10-04 23:51:08.149  4404  4404 D CellBroadcastReceiver: Intent: android.intent.action.SERVICE_STATE
10-04 23:51:09.088   448   595 E ThermalEngine: [GPU_MON] ACTION: GPU - [GPU_MON] Setting GPU[0] to 600000000
10-04 23:51:09.372   438   438 I rmt_storage: rmt_storage_connect_cb: clnt_h=0xb conn_h=0x7f5482a000
10-04 23:51:09.373   438   438 I rmt_storage: rmt_storage_rw_iovec_cb: /boot/modem_fs2: clnt_h=0x5: req_h=0xb msg_id=3: R/W request received
10-04 23:51:09.373   438   438 I rmt_storage: wakelock acquired: 1, error no: 42
10-04 23:51:09.373   438   967 I rmt_storage: rmt_storage_client_thread: /boot/modem_fs2: clnt_h=0x5 Unblock worker thread (th_id: 546875515984)
10-04 23:51:09.452   438   967 I rmt_storage: rmt_storage_client_thread: /boot/modem_fs2: clnt_h=0x5: req_h=0xb msg_id=3: Bytes written = 1572864
10-04 23:51:09.452   438   967 I rmt_storage: rmt_storage_client_thread: /boot/modem_fs2: clnt_h=0x5: req_h=0xb msg_id=3: Send response: res=0 err=0
10-04 23:51:09.452   438   967 I rmt_storage: rmt_storage_client_thread: /boot/modem_fs2: clnt_h=0x5 About to block rmt_storage client thread (th_id: 546875515984) wakelock released: 1, error no: 0
10-04 23:51:09.452   438   967 I rmt_storage: 
10-04 23:51:09.454   438   438 I rmt_storage: rmt_storage_disconnect_cb: clnt_h=0xb conn_h=0x7f5482a000
10-04 23:51:11.079   448   594 E ThermalEngine: [BMHB_GOV] read failed VS_TEMP
10-04 23:51:11.630   455   847 D audio_hw_extn: audio_extn_get_parameters: returns 
10-04 23:51:11.631   455   847 I hash_map_utils: key: 'all_call_states' value: ''
10-04 23:51:11.635   455  6949 D audio_hw_extn: audio_extn_get_parameters: returns 
10-04 23:51:11.636   455  6949 I hash_map_utils: key: 'all_call_states' value: ''
10-04 23:51:11.637   455  6950 D audio_hw_extn: audio_extn_get_parameters: returns 
10-04 23:51:11.637   455  6950 I hash_map_utils: key: 'all_call_states' value: ''
10-04 23:51:11.680  1090  5248 I Telecom : InCallController: Sending updateCall [TC@1, DIALING, com.android.phone/com.android.services.telephony.TelephonyConnectionService, tel:**********, A, childs(0), has_parent(false), [Capabilities: CAPABILITY_SUPPORT_HOLD CAPABILITY_MUTE CAPABILITY_CANNOT_DOWNGRADE_VIDEO_TO_AUDIO], [Properties:]]: CSW.sSH@ALk
10-04 23:51:11.682  1090  5248 I Telecom : InCallController: Components updated: [ComponentInfo{com.android.dialer/com.android.incallui.InCallServiceImpl}]: CSW.sSH@ALk
10-04 23:51:11.737  6488  6514 D bt_vendor: op for 7
10-04 23:51:11.737  6488  6514 D bt_upio : upio_set : pio 0 action 2, polarity 0
10-04 23:51:11.737  6488  6514 D bt_upio : BT_WAKE is asserted already
10-04 23:51:12.481   448   593 E ThermalEngine: TM Id 'SS-BIG_CLUSTER_management' Sensor 'xo_therm' - alarm raised 1 at 43.0 degC
10-04 23:51:12.481   448   593 E ThermalEngine: ACTION: CLUSTER - Setting CLUSTER[1] to 1248000
10-04 23:51:13.179  7239  7239 F libc    : CANNOT LINK EXECUTABLE "/system/bin/imsdatadaemon": cannot locate symbol "_ZN10CneFactory23CreateCneNetworkRequestE10CnoNetTypeP27ICneNetworkObserverNotifier" referenced by "/system/bin/imsdatadaemon"...
10-04 23:51:13.180  7239  7239 F libc    : Fatal signal 6 (SIGABRT), code -6 in tid 7239 (imsdatadaemon)
10-04 23:51:13.181   385   385 W         : debuggerd: handling request: pid=7239 uid=1000 gid=1000 tid=7239
10-04 23:51:13.210  1090  3743 D SntpClient: request time failed: java.net.SocketTimeoutException: Receive timed out
10-04 23:51:13.245  7240  7240 F DEBUG   : *** *** *** *** *** *** *** *** *** *** *** *** *** *** *** ***
10-04 23:51:13.246  7240  7240 F DEBUG   : LineageOS Version: '14.1-20180403-UNOFFICIAL-h815'
10-04 23:51:13.246  7240  7240 F DEBUG   : Build fingerprint: 'lge/p1_global_com/p1:6.0/MRA58K/152940055675e:user/release-keys'
10-04 23:51:13.246  7240  7240 F DEBUG   : Revision: '0'
10-04 23:51:13.246  7240  7240 F DEBUG   : ABI: 'arm64'
10-04 23:51:13.247  7240  7240 F DEBUG   : pid: 7239, tid: 7239, name: imsdatadaemon  >>> /system/bin/imsdatadaemon <<<
10-04 23:51:13.247  7240  7240 F DEBUG   : signal 6 (SIGABRT), code -6 (SI_TKILL), fault addr --------
10-04 23:51:13.247  7240  7240 F DEBUG   :     x0   0000000000000000  x1   0000000000001c47  x2   0000000000000006  x3   0000000000000008
10-04 23:51:13.247  7240  7240 F DEBUG   :     x4   0000000000000018  x5   00000000000000d0  x6   fefefefefefefeff  x7   7f7f7f7f7f7f7f7f
10-04 23:51:13.247  7240  7240 F DEBUG   :     x8   0000000000000083  x9   ffffffffffffffdf  x10  0000000000000000  x11  0000000000000001
10-04 23:51:13.247  7240  7240 F DEBUG   :     x12  ffffffffffffffff  x13  0000000000000000  x14  0000000000000000  x15  000ab4a607dce10e
10-04 23:51:13.247  7240  7240 F DEBUG   :     x16  0000007fc4811c30  x17  0000007fc4811aff  x18  00000000ffffffff  x19  0000007bf1be4b40
10-04 23:51:13.247  7240  7240 F DEBUG   :     x20  0000000000000006  x21  0000007bf1be4a98  x22  0000000000000002  x23  0000007bf1b1c020
10-04 23:51:13.248  7240  7240 F DEBUG   :     x24  000000000000000c  x25  0000007fc4812890  x26  0000007fc48128f0  x27  0000007bf1b231b8
10-04 23:51:13.249  7240  7240 F DEBUG   :     x28  0000007bf1b23010  x29  0000007fc4812700  x30  0000007bf1ba43f4
10-04 23:51:13.250  7240  7240 F DEBUG   :     sp   0000007fc48126e0  pc   0000007bf1ba4f24  pstate 0000000060000000
10-04 23:51:13.266  7240  7240 F DEBUG   : 
10-04 23:51:13.266  7240  7240 F DEBUG   : backtrace:
10-04 23:51:13.266  7240  7240 F DEBUG   :     #00 pc 0000000000075f24  /system/bin/linker64 (__dl_tgkill+8)
10-04 23:51:13.266  7240  7240 F DEBUG   :     #01 pc 00000000000753f0  /system/bin/linker64 (__dl_pthread_kill+64)
10-04 23:51:13.266  7240  7240 F DEBUG   :     #02 pc 0000000000068ee4  /system/bin/linker64 (__dl_raise+24)
10-04 23:51:13.266  7240  7240 F DEBUG   :     #03 pc 00000000000668b8  /system/bin/linker64 (__dl_abort+52)
10-04 23:51:13.267  7240  7240 F DEBUG   :     #04 pc 0000000000068a6c  /system/bin/linker64 (__dl___libc_fatal+104)
10-04 23:51:13.267  7240  7240 F DEBUG   :     #05 pc 0000000000010e3c  /system/bin/linker64 (__dl__ZL29__linker_init_post_relocationR19KernelArgumentBlocky+6216)
10-04 23:51:13.267  7240  7240 F DEBUG   :     #06 pc 000000000000f554  /system/bin/linker64 (__dl___linker_init+528)
10-04 23:51:13.267  7240  7240 F DEBUG   :     #07 pc 0000000000006cd0  /system/bin/linker64 (_start+4)
10-04 23:51:13.361  1090  3851 W NativeCrashListener: Couldn't find ProcessRecord for pid 7239
10-04 23:51:13.367  1090  1124 I BootReceiver: Copying /data/tombstones/tombstone_01 to DropBox (SYSTEM_TOMBSTONE)
10-04 23:51:13.375   385   385 W         : debuggerd: resuming target 7239
10-04 23:51:13.375   385   385 E         : debuggerd: failed to send signal 18 to target: No such process
10-04 23:51:14.904  1090  1119 W ActivityManager: Launch timeout has expired, giving up wake lock!
10-04 23:51:14.943  1090  1119 E QCOM PowerHAL: Failed to acquire lock.
10-04 23:51:16.079   448   594 E ThermalEngine: [BMHB_GOV] read failed VS_TEMP
10-04 23:51:17.410  7247  7247 F libc    : CANNOT LINK EXECUTABLE "/system/bin/imsdatadaemon": cannot locate symbol "_ZN10CneFactory23CreateCneNetworkRequestE10CnoNetTypeP27ICneNetworkObserverNotifier" referenced by "/system/bin/imsdatadaemon"...
10-04 23:51:17.411  7247  7247 F libc    : Fatal signal 6 (SIGABRT), code -6 in tid 7247 (imsdatadaemon)
10-04 23:51:17.412   385   385 W         : debuggerd: handling request: pid=7247 uid=1000 gid=1000 tid=7247
10-04 23:51:17.478  7248  7248 F DEBUG   : *** *** *** *** *** *** *** *** *** *** *** *** *** *** *** ***
10-04 23:51:17.478  7248  7248 F DEBUG   : LineageOS Version: '14.1-20180403-UNOFFICIAL-h815'
10-04 23:51:17.478  7248  7248 F DEBUG   : Build fingerprint: 'lge/p1_global_com/p1:6.0/MRA58K/152940055675e:user/release-keys'
10-04 23:51:17.478  7248  7248 F DEBUG   : Revision: '0'
10-04 23:51:17.478  7248  7248 F DEBUG   : ABI: 'arm64'
10-04 23:51:17.479  7248  7248 F DEBUG   : pid: 7247, tid: 7247, name: imsdatadaemon  >>> /system/bin/imsdatadaemon <<<
10-04 23:51:17.479  7248  7248 F DEBUG   : signal 6 (SIGABRT), code -6 (SI_TKILL), fault addr --------
10-04 23:51:17.479  7248  7248 F DEBUG   :     x0   0000000000000000  x1   0000000000001c4f  x2   0000000000000006  x3   0000000000000008
10-04 23:51:17.479  7248  7248 F DEBUG   :     x4   0000000000000018  x5   00000000000000d0  x6   fefefefefefefeff  x7   7f7f7f7f7f7f7f7f
10-04 23:51:17.479  7248  7248 F DEBUG   :     x8   0000000000000083  x9   ffffffffffffffdf  x10  0000000000000000  x11  0000000000000001
10-04 23:51:17.479  7248  7248 F DEBUG   :     x12  ffffffffffffffff  x13  0000000000000000  x14  0000000000000000  x15  00187beafb3fadfa
10-04 23:51:17.479  7248  7248 F DEBUG   :     x16  0000007fd3cb8d30  x17  0000007fd3cb8bff  x18  00000000ffffffff  x19  0000007c29db2b40
10-04 23:51:17.479  7248  7248 F DEBUG   :     x20  0000000000000006  x21  0000007c29db2a98  x22  0000000000000002  x23  0000007c29cea020
10-04 23:51:17.479  7248  7248 F DEBUG   :     x24  000000000000000c  x25  0000007fd3cb9990  x26  0000007fd3cb99f0  x27  0000007c29cf11b8
10-04 23:51:17.480  7248  7248 F DEBUG   :     x28  0000007c29cf1010  x29  0000007fd3cb9800  x30  0000007c29d723f4
10-04 23:51:17.480  7248  7248 F DEBUG   :     sp   0000007fd3cb97e0  pc   0000007c29d72f24  pstate 0000000060000000
10-04 23:51:17.493  7248  7248 F DEBUG   : 
10-04 23:51:17.493  7248  7248 F DEBUG   : backtrace:
10-04 23:51:17.493  7248  7248 F DEBUG   :     #00 pc 0000000000075f24  /system/bin/linker64 (__dl_tgkill+8)
10-04 23:51:17.493  7248  7248 F DEBUG   :     #01 pc 00000000000753f0  /system/bin/linker64 (__dl_pthread_kill+64)
10-04 23:51:17.493  7248  7248 F DEBUG   :     #02 pc 0000000000068ee4  /system/bin/linker64 (__dl_raise+24)
10-04 23:51:17.494  7248  7248 F DEBUG   :     #03 pc 00000000000668b8  /system/bin/linker64 (__dl_abort+52)
10-04 23:51:17.494  7248  7248 F DEBUG   :     #04 pc 0000000000068a6c  /system/bin/linker64 (__dl___libc_fatal+104)
10-04 23:51:17.494  7248  7248 F DEBUG   :     #05 pc 0000000000010e3c  /system/bin/linker64 (__dl__ZL29__linker_init_post_relocationR19KernelArgumentBlocky+6216)
10-04 23:51:17.494  7248  7248 F DEBUG   :     #06 pc 000000000000f554  /system/bin/linker64 (__dl___linker_init+528)
10-04 23:51:17.494  7248  7248 F DEBUG   :     #07 pc 0000000000006cd0  /system/bin/linker64 (_start+4)
10-04 23:51:17.589  1090  3851 W NativeCrashListener: Couldn't find ProcessRecord for pid 7247
10-04 23:51:17.594   385   385 W         : debuggerd: resuming target 7247
10-04 23:51:17.607  1090  1124 I BootReceiver: Copying /data/tombstones/tombstone_02 to DropBox (SYSTEM_TOMBSTONE)
10-04 23:51:18.234  1090  3743 D SntpClient: request time failed: java.net.SocketTimeoutException: Receive timed out
10-04 23:51:20.505   448   593 E ThermalEngine: TM Id 'LCD_management' Sensor 'xo_therm' - alarm raised 1 at 44.0 degC
10-04 23:51:21.080   448   594 E ThermalEngine: [BMHB_GOV] read failed VS_TEMP
10-04 23:51:22.648  7253  7253 F libc    : CANNOT LINK EXECUTABLE "/system/bin/imsdatadaemon": cannot locate symbol "_ZN10CneFactory23CreateCneNetworkRequestE10CnoNetTypeP27ICneNetworkObserverNotifier" referenced by "/system/bin/imsdatadaemon"...
10-04 23:51:22.648  7253  7253 F libc    : Fatal signal 6 (SIGABRT), code -6 in tid 7253 (imsdatadaemon)
10-04 23:51:22.653   385   385 W         : debuggerd: handling request: pid=7253 uid=1000 gid=1000 tid=7253
10-04 23:51:22.729  7254  7254 F DEBUG   : *** *** *** *** *** *** *** *** *** *** *** *** *** *** *** ***
10-04 23:51:22.729  7254  7254 F DEBUG   : LineageOS Version: '14.1-20180403-UNOFFICIAL-h815'
10-04 23:51:22.729  7254  7254 F DEBUG   : Build fingerprint: 'lge/p1_global_com/p1:6.0/MRA58K/152940055675e:user/release-keys'
10-04 23:51:22.730  7254  7254 F DEBUG   : Revision: '0'
10-04 23:51:22.730  7254  7254 F DEBUG   : ABI: 'arm64'
10-04 23:51:22.730  7254  7254 F DEBUG   : pid: 7253, tid: 7253, name: imsdatadaemon  >>> /system/bin/imsdatadaemon <<<
10-04 23:51:22.730  7254  7254 F DEBUG   : signal 6 (SIGABRT), code -6 (SI_TKILL), fault addr --------
10-04 23:51:22.730  7254  7254 F DEBUG   :     x0   0000000000000000  x1   0000000000001c55  x2   0000000000000006  x3   0000000000000008
10-04 23:51:22.730  7254  7254 F DEBUG   :     x4   0000000000000018  x5   00000000000000d0  x6   fefefefefefefeff  x7   7f7f7f7f7f7f7f7f
10-04 23:51:22.730  7254  7254 F DEBUG   :     x8   0000000000000083  x9   ffffffffffffffdf  x10  0000000000000000  x11  0000000000000001
10-04 23:51:22.731  7254  7254 F DEBUG   :     x12  ffffffffffffffff  x13  0000000000000000  x14  0000000000000000  x15  0026a87b53c02cf0
10-04 23:51:22.731  7254  7254 F DEBUG   :     x16  0000007fd97d67c0  x17  0000007fd97d668f  x18  00000000ffffffff  x19  00000071ce7d8b40
10-04 23:51:22.731  7254  7254 F DEBUG   :     x20  0000000000000006  x21  00000071ce7d8a98  x22  0000000000000002  x23  00000071ce710020
10-04 23:51:22.731  7254  7254 F DEBUG   :     x24  000000000000000c  x25  0000007fd97d7420  x26  0000007fd97d7480  x27  00000071ce7171b8
10-04 23:51:22.731  7254  7254 F DEBUG   :     x28  00000071ce717010  x29  0000007fd97d7290  x30  00000071ce7983f4
10-04 23:51:22.731  7254  7254 F DEBUG   :     sp   0000007fd97d7270  pc   00000071ce798f24  pstate 0000000060000000
10-04 23:51:22.741  7254  7254 F DEBUG   : 
10-04 23:51:22.741  7254  7254 F DEBUG   : backtrace:
10-04 23:51:22.742  7254  7254 F DEBUG   :     #00 pc 0000000000075f24  /system/bin/linker64 (__dl_tgkill+8)
10-04 23:51:22.742  7254  7254 F DEBUG   :     #01 pc 00000000000753f0  /system/bin/linker64 (__dl_pthread_kill+64)
10-04 23:51:22.742  7254  7254 F DEBUG   :     #02 pc 0000000000068ee4  /system/bin/linker64 (__dl_raise+24)
10-04 23:51:22.742  7254  7254 F DEBUG   :     #03 pc 00000000000668b8  /system/bin/linker64 (__dl_abort+52)
10-04 23:51:22.742  7254  7254 F DEBUG   :     #04 pc 0000000000068a6c  /system/bin/linker64 (__dl___libc_fatal+104)
10-04 23:51:22.742  7254  7254 F DEBUG   :     #05 pc 0000000000010e3c  /system/bin/linker64 (__dl__ZL29__linker_init_post_relocationR19KernelArgumentBlocky+6216)
10-04 23:51:22.742  7254  7254 F DEBUG   :     #06 pc 000000000000f554  /system/bin/linker64 (__dl___linker_init+528)
10-04 23:51:22.742  7254  7254 F DEBUG   :     #07 pc 0000000000006cd0  /system/bin/linker64 (_start+4)
10-04 23:51:22.775  1090  6859 D NetworkMonitor/NetworkAgentInfo [MOBILE (HSPA+) - 100]: Probably not a portal: exception java.net.SocketTimeoutException: connect timed out
10-04 23:51:22.834  1090  3851 W NativeCrashListener: Couldn't find ProcessRecord for pid 7253
10-04 23:51:22.835  7254  7254 E         : AM data write failed: Broken pipe
10-04 23:51:22.843  1090  1124 I BootReceiver: Copying /data/tombstones/tombstone_03 to DropBox (SYSTEM_TOMBSTONE)
10-04 23:51:22.848  1090  6134 D NetworkMonitor/NetworkAgentInfo [MOBILE (HSPA+) - 100]: Probably not a portal: exception java.net.SocketTimeoutException: timeout
10-04 23:51:22.850  1090  3750 D ConnectivityService: NetworkAgentInfo [MOBILE (HSPA+) - 100] validation failed
10-04 23:51:22.854   385   385 W         : debuggerd: resuming target 7253
10-04 23:51:22.854   385   385 E         : debuggerd: failed to send signal 18 to target: No such process
10-04 23:51:24.709   455   455 D audio_hw_extn: audio_extn_get_parameters: returns 
10-04 23:51:24.711   455   455 I hash_map_utils: key: 'all_call_states' value: ''
10-04 23:51:24.712   455  6951 D audio_hw_extn: audio_extn_get_parameters: returns 
10-04 23:51:24.712   455  6951 I hash_map_utils: key: 'all_call_states' value: ''
10-04 23:51:24.713   455  5643 D audio_hw_extn: audio_extn_get_parameters: returns 
10-04 23:51:24.713   455  5643 I hash_map_utils: key: 'all_call_states' value: ''
10-04 23:51:24.761  1090  3860 I Telecom : InCallController: Sending updateCall [TC@1, DIALING, com.android.phone/com.android.services.telephony.TelephonyConnectionService, tel:**********, A, childs(0), has_parent(false), [Capabilities: CAPABILITY_SUPPORT_HOLD CAPABILITY_MUTE CAPABILITY_CANNOT_DOWNGRADE_VIDEO_TO_AUDIO], [Properties:]]: CSW.sSH@ALs
10-04 23:51:24.765  1090  3860 I Telecom : InCallController: Components updated: [ComponentInfo{com.android.dialer/com.android.incallui.InCallServiceImpl}]: CSW.sSH@ALs
10-04 23:51:24.767  1090  3860 I Telecom : CallsManager: setCallState DIALING -> ACTIVE, call: [TC@1, DIALING, com.android.phone/com.android.services.telephony.TelephonyConnectionService, tel:**********, A, childs(0), has_parent(false), [Capabilities: CAPABILITY_SUPPORT_HOLD CAPABILITY_MUTE CAPABILITY_CANNOT_DOWNGRADE_VIDEO_TO_AUDIO], [Properties:]]: CSW.sA@ALw
10-04 23:51:24.767  1090  3860 I Telecom : Event: Call TC@1: SET_ACTIVE, active set explicitly: CSW.sA@ALw
10-04 23:51:24.768  1090  3860 I Telecom : InCallController: onCanAddCallChanged : true: CSW.sA@ALw
10-04 23:51:24.770  1090  3860 I Telecom : BluetoothPhoneService: updateHeadsetWithCallState: Call active: CSW.sA@ALw
10-04 23:51:24.775  1090  3860 E ActivityManager: Sending non-protected broadcast codeaurora.telecom.action.CALL_TYPE from system 1090:system/1000 pkg android
10-04 23:51:24.775  1090  3860 E ActivityManager: java.lang.Throwable
10-04 23:51:24.775  1090  3860 E ActivityManager: 	at com.android.server.am.ActivityManagerService.checkBroadcastFromSystem(ActivityManagerService.java:18114)
10-04 23:51:24.775  1090  3860 E ActivityManager: 	at com.android.server.am.ActivityManagerService.broadcastIntentLocked(ActivityManagerService.java:18612)
10-04 23:51:24.775  1090  3860 E ActivityManager: 	at com.android.server.am.ActivityManagerService.broadcastIntent(ActivityManagerService.java:18794)
10-04 23:51:24.775  1090  3860 E ActivityManager: 	at android.app.ContextImpl.sendBroadcastAsUser(ContextImpl.java:1041)
10-04 23:51:24.775  1090  3860 E ActivityManager: 	at android.content.ContextWrapper.sendBroadcastAsUser(ContextWrapper.java:489)
10-04 23:51:24.775  1090  3860 E ActivityManager: 	at com.android.server.telecom.BluetoothPhoneServiceImpl.updateHeadsetWithCallState(BluetoothPhoneServiceImpl.java:1051)
10-04 23:51:24.775  1090  3860 E ActivityManager: 	at com.android.server.telecom.BluetoothPhoneServiceImpl.-wrap7(BluetoothPhoneServiceImpl.java)
10-04 23:51:24.775  1090  3860 E ActivityManager: 	at com.android.server.telecom.BluetoothPhoneServiceImpl$2.onCallStateChanged(BluetoothPhoneServiceImpl.java:417)
10-04 23:51:24.775  1090  3860 E ActivityManager: 	at com.android.server.telecom.CallsManager.setCallState(CallsManager.java:2151)
10-04 23:51:24.775  1090  3860 E ActivityManager: 	at com.android.server.telecom.CallsManager.markCallAsActive(CallsManager.java:1626)
10-04 23:51:24.775  1090  3860 E ActivityManager: 	at com.android.server.telecom.ConnectionServiceWrapper$Adapter.setActive(ConnectionServiceWrapper.java:94)
10-04 23:51:24.775  1090  3860 E ActivityManager: 	at com.android.internal.telecom.IConnectionServiceAdapter$Stub.onTransact(IConnectionServiceAdapter.java:79)
10-04 23:51:24.775  1090  3860 E ActivityManager: 	at android.os.Binder.execTransact(Binder.java:565)
10-04 23:51:24.781  7004  7004 E QtiImsExtUtils: getImsPhoneId failed. Exception = org.codeaurora.ims.QtiImsException: ImsService is not running
10-04 23:51:24.782  7004  7004 E QtiImsExtUtils: getConfigForPhoneId phoneId is invalid
10-04 23:51:24.782  7004  7004 E QtiImsExtUtils: isCarrierConfigEnabled bundle is null
10-04 23:51:24.785  7004  7004 E QtiImsExtUtils: getImsPhoneId failed. Exception = org.codeaurora.ims.QtiImsException: ImsService is not running
10-04 23:51:24.785  7004  7004 E QtiImsExtUtils: getConfigForPhoneId phoneId is invalid
10-04 23:51:24.786  1090  3860 E ActivityManager: Sending non-protected broadcast codeaurora.telecom.action.CALL_TYPE from system 1090:system/1000 pkg android
10-04 23:51:24.786  1090  3860 E ActivityManager: java.lang.Throwable
10-04 23:51:24.786  1090  3860 E ActivityManager: 	at com.android.server.am.ActivityManagerService.checkBroadcastFromSystem(ActivityManagerService.java:18114)
10-04 23:51:24.786  1090  3860 E ActivityManager: 	at com.android.server.am.ActivityManagerService.broadcastIntentLocked(ActivityManagerService.java:18703)
10-04 23:51:24.786  1090  3860 E ActivityManager: 	at com.android.server.am.ActivityManagerService.broadcastIntent(ActivityManagerService.java:18794)
10-04 23:51:24.786  1090  3860 E ActivityManager: 	at android.app.ContextImpl.sendBroadcastAsUser(ContextImpl.java:1041)
10-04 23:51:24.786  1090  3860 E ActivityManager: 	at android.content.ContextWrapper.sendBroadcastAsUser(ContextWrapper.java:489)
10-04 23:51:24.786  1090  3860 E ActivityManager: 	at com.android.server.telecom.BluetoothPhoneServiceImpl.updateHeadsetWithCallState(BluetoothPhoneServiceImpl.java:1051)
10-04 23:51:24.786  1090  3860 E ActivityManager: 	at com.android.server.telecom.BluetoothPhoneServiceImpl.-wrap7(BluetoothPhoneServiceImpl.java)
10-04 23:51:24.786  1090  3860 E ActivityManager: 	at com.android.server.telecom.BluetoothPhoneServiceImpl$2.onCallStateChanged(BluetoothPhoneServiceImpl.java:417)
10-04 23:51:24.786  1090  3860 E ActivityManager: 	at com.android.server.telecom.CallsManager.setCallState(CallsManager.java:2151)
10-04 23:51:24.786  1090  3860 E ActivityManager: 	at com.android.server.telecom.CallsManager.markCallAsActive(CallsManager.java:1626)
10-04 23:51:24.786  1090  3860 E ActivityManager: 	at com.android.server.telecom.ConnectionServiceWrapper$Adapter.setActive(ConnectionServiceWrapper.java:94)
10-04 23:51:24.786  1090  3860 E ActivityManager: 	at com.android.internal.telecom.IConnectionServiceAdapter$Stub.onTransact(IConnectionServiceAdapter.java:79)
10-04 23:51:24.786  1090  3860 E ActivityManager: 	at android.os.Binder.execTransact(Binder.java:565)
10-04 23:51:24.786  7004  7004 E QtiImsExtUtils: isCarrierConfigEnabled bundle is null
10-04 23:51:24.795  1090  3860 I Telecom : BluetoothPhoneService: updateHeadsetWithCallState numActive 1, numHeld 0, callState 6, ringing number [da39a3ee5e6b4b0d3255bfef95601890afd80709], ringing type 128: CSW.sA@ALw
10-04 23:51:24.801  6488  6488 V HeadsetService: HeadsetService -  Received BluetoothHeadset.ACTION_CALL_TYPE
10-04 23:51:24.804  6488  6522 E HeadsetStateMachine: terminateScoUsingVirtualVoiceCall:No present call to terminate
10-04 23:51:24.804  1090  3860 I Telecom : TelecomWakeLock: WakeLock already released with id: 26: CSW.sA@ALw
10-04 23:51:24.805  1090  3860 I Telecom : InCallWakeLockController: Releasing full wake lock: CSW.sA@ALw
10-04 23:51:24.805  1090  3860 I Telecom : InCallController: Sending updateCall [TC@1, ACTIVE, com.android.phone/com.android.services.telephony.TelephonyConnectionService, tel:**********, A, childs(0), has_parent(false), [Capabilities: CAPABILITY_SUPPORT_HOLD CAPABILITY_MUTE CAPABILITY_CANNOT_DOWNGRADE_VIDEO_TO_AUDIO], [Properties:]]: CSW.sA@ALw
10-04 23:51:24.806  1090  3860 I Telecom : InCallController: Components updated: [ComponentInfo{com.android.dialer/com.android.incallui.InCallServiceImpl}]: CSW.sA@ALw
10-04 23:51:24.807  1090  3860 I Telecom : ViceNotificationImpl: onCallStateChanged newState = 5: CSW.sA@ALw
10-04 23:51:24.807  1090  4341 I Telecom : CallAudioModeStateMachine: Message received: NEW_ACTIVE_OR_DIALING_CALL.: CSW.sA->CAMSM.pM_2001@ALw_0
10-04 23:51:24.808  1090  1090 I Telecom : MyHandler: MESSAGE_CALL_ENDED
10-04 23:51:24.808  1090  1090 I Telecom : ViceNotificationImpl: processNotification DEP null
10-04 23:51:24.809  1090  3860 I Telecom : InCallController: Sending updateCall [TC@1, ACTIVE, com.android.phone/com.android.services.telephony.TelephonyConnectionService, tel:**********, A, childs(0), has_parent(false), [Capabilities: CAPABILITY_SUPPORT_HOLD CAPABILITY_MUTE CAPABILITY_CANNOT_DOWNGRADE_VIDEO_TO_AUDIO], [Properties:]]: CSW.sCC@AL0
10-04 23:51:24.810  1090  3860 I Telecom : InCallController: Components updated: [ComponentInfo{com.android.dialer/com.android.incallui.InCallServiceImpl}]: CSW.sCC@AL0
10-04 23:51:24.811  1090  3860 I Telecom : InCallController: Sending updateCall [TC@1, ACTIVE, com.android.phone/com.android.services.telephony.TelephonyConnectionService, tel:**********, A, childs(0), has_parent(false), [Capabilities: CAPABILITY_SUPPORT_HOLD CAPABILITY_MUTE CAPABILITY_CANNOT_DOWNGRADE_VIDEO_TO_AUDIO], [Properties:]]: CSW.sSH@AL4
10-04 23:51:24.812  1090  3860 I Telecom : InCallController: Components updated: [ComponentInfo{com.android.dialer/com.android.incallui.InCallServiceImpl}]: CSW.sSH@AL4
10-04 23:51:24.813  1090  3860 I Telecom : InCallController: Sending updateCall [TC@1, ACTIVE, com.android.phone/com.android.services.telephony.TelephonyConnectionService, tel:**********, A, childs(0), has_parent(false), [Capabilities: CAPABILITY_HOLD CAPABILITY_SUPPORT_HOLD CAPABILITY_MUTE CAPABILITY_CANNOT_DOWNGRADE_VIDEO_TO_AUDIO], [Properties:]]: CSW.sCC@AL8
10-04 23:51:24.814  1090  3860 I Telecom : InCallController: Components updated: [ComponentInfo{com.android.dialer/com.android.incallui.InCallServiceImpl}]: CSW.sCC@AL8
10-04 23:51:24.815  1090  3860 I Telecom : Event: Call TC@1: CAPABILITY_CHANGE, Current: [[ hld sup_hld mut !v2a]], Removed [[]], Added [[ hld]]: CSW.sCC@AL8
10-04 23:51:24.842  7004  7004 I InCall  : CallList - onUpdate - [Call_0, ACTIVE, [Capabilities: CAPABILITY_HOLD CAPABILITY_SUPPORT_HOLD CAPABILITY_MUTE CAPABILITY_CANNOT_DOWNGRADE_VIDEO_TO_AUDIO], [Properties:], children:[], parent:null, conferenceable:[], videoState:Audio Only, mSessionModificationState:0, VideoSettings:(CameraDir:-1), mIsActivSub:false]
10-04 23:51:24.843  7004  7004 I InCall  : InCallPresenter - Phone switching state: OUTGOING -> INCALL
10-04 23:51:24.879  7004  7004 E QtiImsExtUtils: getImsPhoneId failed. Exception = org.codeaurora.ims.QtiImsException: ImsService is not running
10-04 23:51:24.879  7004  7004 E QtiImsExtUtils: getConfigForPhoneId phoneId is invalid
10-04 23:51:24.879  7004  7004 E QtiImsExtUtils: isCarrierConfigEnabled bundle is null
10-04 23:51:24.880  7004  7004 E QtiImsExtUtils: getImsPhoneId failed. Exception = org.codeaurora.ims.QtiImsException: ImsService is not running
10-04 23:51:24.880  7004  7004 E QtiImsExtUtils: getConfigForPhoneId phoneId is invalid
10-04 23:51:24.880  7004  7004 E QtiImsExtUtils: isCarrierConfigEnabled bundle is null
10-04 23:51:24.898  7004  7004 I InCall  : StatusBarNotifier - Displaying notification for 1
10-04 23:51:24.916  1090  1090 V NotificationService: pkg=com.android.dialer canInterrupt=false intercept=true
10-04 23:51:24.956   455  6948 D audio_hw_extn: audio_extn_get_parameters: returns 
10-04 23:51:24.957   455  6948 I hash_map_utils: key: 'volume_boost' value: ''
10-04 23:51:24.957   455   847 D audio_hw_extn: audio_extn_get_parameters: returns 
10-04 23:51:24.957   455   847 I hash_map_utils: key: 'volume_boost' value: ''
10-04 23:51:24.979  1090  3860 I ActivityManager: Start proc 7261:com.android.incallui/u0a16 for service com.android.dialer/com.android.services.callrecorder.CallRecorderService
10-04 23:51:24.981  7004  7004 I InCall  : CallList - onUpdate - [Call_0, ACTIVE, [Capabilities: CAPABILITY_HOLD CAPABILITY_SUPPORT_HOLD CAPABILITY_MUTE CAPABILITY_CANNOT_DOWNGRADE_VIDEO_TO_AUDIO], [Properties:], children:[], parent:null, conferenceable:[], videoState:Audio Only, mSessionModificationState:0, VideoSettings:(CameraDir:-1), mIsActivSub:false]
10-04 23:51:24.981  7004  7004 I InCall  : InCallPresenter - Phone switching state: INCALL -> INCALL
10-04 23:51:24.983  7004  7004 E QtiImsExtUtils: getImsPhoneId failed. Exception = org.codeaurora.ims.QtiImsException: ImsService is not running
10-04 23:51:24.983  7004  7004 E QtiImsExtUtils: getConfigForPhoneId phoneId is invalid
10-04 23:51:24.983  7004  7004 E QtiImsExtUtils: isCarrierConfigEnabled bundle is null
10-04 23:51:24.984  7004  7004 E QtiImsExtUtils: getImsPhoneId failed. Exception = org.codeaurora.ims.QtiImsException: ImsService is not running
10-04 23:51:24.984  7004  7004 E QtiImsExtUtils: getConfigForPhoneId phoneId is invalid
10-04 23:51:24.984  7004  7004 E QtiImsExtUtils: isCarrierConfigEnabled bundle is null
10-04 23:51:25.031  7261  7261 W System  : ClassLoader referenced unknown path: /system/priv-app/Dialer/lib/arm64
10-04 23:51:25.042   455  6949 D audio_hw_extn: audio_extn_get_parameters: returns 
10-04 23:51:25.042   455  6949 I hash_map_utils: key: 'volume_boost' value: ''
10-04 23:51:25.043   455  6950 D audio_hw_extn: audio_extn_get_parameters: returns 
10-04 23:51:25.043   455  6950 I hash_map_utils: key: 'volume_boost' value: ''
10-04 23:51:25.045  7004  7004 E QtiImsExtUtils: getImsPhoneId failed. Exception = org.codeaurora.ims.QtiImsException: ImsService is not running
10-04 23:51:25.045  7004  7004 E QtiImsExtUtils: getConfigForPhoneId phoneId is invalid
10-04 23:51:25.045  7004  7004 E QtiImsExtUtils: isCarrierConfigEnabled bundle is null
10-04 23:51:25.046  7004  7004 E QtiImsExtUtils: getImsPhoneId failed. Exception = org.codeaurora.ims.QtiImsException: ImsService is not running
10-04 23:51:25.046  7004  7004 E QtiImsExtUtils: getConfigForPhoneId phoneId is invalid
10-04 23:51:25.046  7004  7004 E QtiImsExtUtils: isCarrierConfigEnabled bundle is null
10-04 23:51:25.048  7004  7004 I InCall  : InCallLowBatteryListener - onDetailsChanged call = [Call_0, ACTIVE, [Capabilities: CAPABILITY_HOLD CAPABILITY_SUPPORT_HOLD CAPABILITY_MUTE CAPABILITY_CANNOT_DOWNGRADE_VIDEO_TO_AUDIO], [Properties:], children:[], parent:null, conferenceable:[], videoState:Audio Only, mSessionModificationState:0, VideoSettings:(CameraDir:-1), mIsActivSub:false] details = [pa: ComponentInfo{com.android.phone/com.android.services.telephony.TelephonyConnectionService}, [8f16c53450def8922a01f5c7d05f89c2d7377f83], UserHandle{0}, hdl: tel:**********, caps: [Capabilities: CAPABILITY_SUPPORT_HOLD CAPABILITY_MUTE CAPABILITY_CANNOT_DOWNGRADE_VIDEO_TO_AUDIO], props: [Properties:]]
10-04 23:51:25.066  7261  7261 D BlockedNumbersAuto: Not attempting auto-migrate: already checked once.
10-04 23:51:25.103  7004  7004 I InCall  : CallList - onUpdate - [Call_0, ACTIVE, [Capabilities: CAPABILITY_HOLD CAPABILITY_SUPPORT_HOLD CAPABILITY_MUTE CAPABILITY_CANNOT_DOWNGRADE_VIDEO_TO_AUDIO], [Properties:], children:[], parent:null, conferenceable:[], videoState:Audio Only, mSessionModificationState:0, VideoSettings:(CameraDir:-1), mIsActivSub:false]
10-04 23:51:25.103  7004  7004 I InCall  : InCallPresenter - Phone switching state: INCALL -> INCALL
10-04 23:51:25.105  7004  7004 E QtiImsExtUtils: getImsPhoneId failed. Exception = org.codeaurora.ims.QtiImsException: ImsService is not running
10-04 23:51:25.105  7004  7004 E QtiImsExtUtils: getConfigForPhoneId phoneId is invalid
10-04 23:51:25.105  7004  7004 E QtiImsExtUtils: isCarrierConfigEnabled bundle is null
10-04 23:51:25.106  7004  7004 E QtiImsExtUtils: getImsPhoneId failed. Exception = org.codeaurora.ims.QtiImsException: ImsService is not running
10-04 23:51:25.106  7004  7004 E QtiImsExtUtils: getConfigForPhoneId phoneId is invalid
10-04 23:51:25.106  7004  7004 E QtiImsExtUtils: isCarrierConfigEnabled bundle is null
10-04 23:51:25.149   455   455 D audio_hw_extn: audio_extn_get_parameters: returns 
10-04 23:51:25.149   455   455 I hash_map_utils: key: 'volume_boost' value: ''
10-04 23:51:25.150   455  6951 D audio_hw_extn: audio_extn_get_parameters: returns 
10-04 23:51:25.150   455  6951 I hash_map_utils: key: 'volume_boost' value: ''
10-04 23:51:25.152  7004  7004 E QtiImsExtUtils: getImsPhoneId failed. Exception = org.codeaurora.ims.QtiImsException: ImsService is not running
10-04 23:51:25.152  7004  7004 E QtiImsExtUtils: getConfigForPhoneId phoneId is invalid
10-04 23:51:25.152  7004  7004 E QtiImsExtUtils: isCarrierConfigEnabled bundle is null
10-04 23:51:25.153  7004  7004 E QtiImsExtUtils: getImsPhoneId failed. Exception = org.codeaurora.ims.QtiImsException: ImsService is not running
10-04 23:51:25.153  7004  7004 E QtiImsExtUtils: getConfigForPhoneId phoneId is invalid
10-04 23:51:25.153  7004  7004 E QtiImsExtUtils: isCarrierConfigEnabled bundle is null
10-04 23:51:25.155  7004  7004 I InCall  : InCallLowBatteryListener - onDetailsChanged call = [Call_0, ACTIVE, [Capabilities: CAPABILITY_HOLD CAPABILITY_SUPPORT_HOLD CAPABILITY_MUTE CAPABILITY_CANNOT_DOWNGRADE_VIDEO_TO_AUDIO], [Properties:], children:[], parent:null, conferenceable:[], videoState:Audio Only, mSessionModificationState:0, VideoSettings:(CameraDir:-1), mIsActivSub:false] details = [pa: ComponentInfo{com.android.phone/com.android.services.telephony.TelephonyConnectionService}, [8f16c53450def8922a01f5c7d05f89c2d7377f83], UserHandle{0}, hdl: tel:**********, caps: [Capabilities: CAPABILITY_HOLD CAPABILITY_SUPPORT_HOLD CAPABILITY_MUTE CAPABILITY_CANNOT_DOWNGRADE_VIDEO_TO_AUDIO], props: [Properties:]]
10-04 23:51:26.081   448   594 E ThermalEngine: [BMHB_GOV] read failed VS_TEMP
10-04 23:51:26.902  1090  7279 D NetworkMonitor/NetworkAgentInfo [MOBILE (HSPA+) - 100]: PROBE_DNS OK 7ms, connectivitycheck.gstatic.com=216.58.200.35
10-04 23:51:26.905  1090  7278 D NetworkMonitor/NetworkAgentInfo [MOBILE (HSPA+) - 100]: PROBE_DNS OK 9ms, www.google.com=64.233.188.106,64.233.188.105,64.233.188.104,64.233.188.103,64.233.188.99,64.233.188.147
10-04 23:51:27.896  7283  7283 F libc    : CANNOT LINK EXECUTABLE "/system/bin/imsdatadaemon": cannot locate symbol "_ZN10CneFactory23CreateCneNetworkRequestE10CnoNetTypeP27ICneNetworkObserverNotifier" referenced by "/system/bin/imsdatadaemon"...
10-04 23:51:27.897  7283  7283 F libc    : Fatal signal 6 (SIGABRT), code -6 in tid 7283 (imsdatadaemon)
10-04 23:51:27.899   385   385 W         : debuggerd: handling request: pid=7283 uid=1000 gid=1000 tid=7283
10-04 23:51:27.964  7284  7284 F DEBUG   : *** *** *** *** *** *** *** *** *** *** *** *** *** *** *** ***
10-04 23:51:27.965  7284  7284 F DEBUG   : LineageOS Version: '14.1-20180403-UNOFFICIAL-h815'
10-04 23:51:27.965  7284  7284 F DEBUG   : Build fingerprint: 'lge/p1_global_com/p1:6.0/MRA58K/152940055675e:user/release-keys'
10-04 23:51:27.965  7284  7284 F DEBUG   : Revision: '0'
10-04 23:51:27.965  7284  7284 F DEBUG   : ABI: 'arm64'
10-04 23:51:27.965  7284  7284 F DEBUG   : pid: 7283, tid: 7283, name: imsdatadaemon  >>> /system/bin/imsdatadaemon <<<
10-04 23:51:27.966  7284  7284 F DEBUG   : signal 6 (SIGABRT), code -6 (SI_TKILL), fault addr --------
10-04 23:51:27.966  7284  7284 F DEBUG   :     x0   0000000000000000  x1   0000000000001c73  x2   0000000000000006  x3   0000000000000008
10-04 23:51:27.966  7284  7284 F DEBUG   :     x4   0000000000000018  x5   00000000000000d0  x6   fefefefefefefeff  x7   7f7f7f7f7f7f7f7f
10-04 23:51:27.966  7284  7284 F DEBUG   :     x8   0000000000000083  x9   ffffffffffffffdf  x10  0000000000000000  x11  0000000000000001
10-04 23:51:27.966  7284  7284 F DEBUG   :     x12  ffffffffffffffff  x13  0000000000000000  x14  0000000000000000  x15  003574f909d4fb35
10-04 23:51:27.966  7284  7284 F DEBUG   :     x16  0000007fe9e34c00  x17  0000007fe9e34acf  x18  00000000ffffffff  x19  0000007eb447db40
10-04 23:51:27.966  7284  7284 F DEBUG   :     x20  0000000000000006  x21  0000007eb447da98  x22  0000000000000002  x23  0000007eb43b5020
10-04 23:51:27.966  7284  7284 F DEBUG   :     x24  000000000000000c  x25  0000007fe9e35860  x26  0000007fe9e358c0  x27  0000007eb43bc1b8
10-04 23:51:27.966  7284  7284 F DEBUG   :     x28  0000007eb43bc010  x29  0000007fe9e356d0  x30  0000007eb443d3f4
10-04 23:51:27.966  7284  7284 F DEBUG   :     sp   0000007fe9e356b0  pc   0000007eb443df24  pstate 0000000060000000
10-04 23:51:27.976  7284  7284 F DEBUG   : 
10-04 23:51:27.976  7284  7284 F DEBUG   : backtrace:
10-04 23:51:27.976  7284  7284 F DEBUG   :     #00 pc 0000000000075f24  /system/bin/linker64 (__dl_tgkill+8)
10-04 23:51:27.976  7284  7284 F DEBUG   :     #01 pc 00000000000753f0  /system/bin/linker64 (__dl_pthread_kill+64)
10-04 23:51:27.976  7284  7284 F DEBUG   :     #02 pc 0000000000068ee4  /system/bin/linker64 (__dl_raise+24)
10-04 23:51:27.976  7284  7284 F DEBUG   :     #03 pc 00000000000668b8  /system/bin/linker64 (__dl_abort+52)
10-04 23:51:27.976  7284  7284 F DEBUG   :     #04 pc 0000000000068a6c  /system/bin/linker64 (__dl___libc_fatal+104)
10-04 23:51:27.977  7284  7284 F DEBUG   :     #05 pc 0000000000010e3c  /system/bin/linker64 (__dl__ZL29__linker_init_post_relocationR19KernelArgumentBlocky+6216)
10-04 23:51:27.977  7284  7284 F DEBUG   :     #06 pc 000000000000f554  /system/bin/linker64 (__dl___linker_init+528)
10-04 23:51:27.977  7284  7284 F DEBUG   :     #07 pc 0000000000006cd0  /system/bin/linker64 (_start+4)
10-04 23:51:28.070  1090  3851 W NativeCrashListener: Couldn't find ProcessRecord for pid 7283
10-04 23:51:28.071  7284  7284 E         : AM data write failed: Broken pipe
10-04 23:51:28.080  1090  1124 I BootReceiver: Copying /data/tombstones/tombstone_04 to DropBox (SYSTEM_TOMBSTONE)
10-04 23:51:28.087   385   385 W         : debuggerd: resuming target 7283
10-04 23:51:28.087   385   385 E         : debuggerd: failed to send signal 18 to target: No such process
10-04 23:51:30.064   455  5643 D audio_hw_extn: audio_extn_get_parameters: returns 
10-04 23:51:30.065   455  5643 I hash_map_utils: key: 'all_call_states' value: ''
10-04 23:51:30.066   455  6948 D audio_hw_extn: audio_extn_get_parameters: returns 
10-04 23:51:30.066   455  6948 I hash_map_utils: key: 'all_call_states' value: ''
10-04 23:51:30.067   455   847 D audio_hw_extn: audio_extn_get_parameters: returns 
10-04 23:51:30.068   455   847 I hash_map_utils: key: 'all_call_states' value: ''
10-04 23:51:30.305   455  6949 D audio_hw_extn: audio_extn_get_parameters: returns 
10-04 23:51:30.306   455  6949 I hash_map_utils: key: 'all_call_states' value: ''
10-04 23:51:30.307   455  6950 D audio_hw_extn: audio_extn_get_parameters: returns 
10-04 23:51:30.307   455  6950 I hash_map_utils: key: 'all_call_states' value: ''
10-04 23:51:30.308   455   455 D audio_hw_extn: audio_extn_get_parameters: returns 
10-04 23:51:30.309   455   455 I hash_map_utils: key: 'all_call_states' value: ''
10-04 23:51:30.309   455  6951 D audio_hw_primary: adev_set_parameters: enter: vsid=281022464;call_state=1
10-04 23:51:30.309   455  6951 D voice_extn: update_call_states is_call_active:1 in_call:1, mode:2
10-04 23:51:30.309   455  6951 D voice_extn: update_calls: enter:
10-04 23:51:30.310   455  6951 D voice_extn: update_calls: cur_state=2 new_state=1 vsid=10c01000
10-04 23:51:30.310   455  6951 D voice_extn: update_calls: ACTIVE/HOLD/LOCAL_HOLD -> INACTIVE vsid:10c01000
10-04 23:51:30.310   455  6951 D voice   : voice_stop_usecase: enter usecase:voice-call
10-04 23:51:30.310   455  6951 D voice   : voice_set_sidetone: disable, out_snd_device: 12
10-04 23:51:30.310   455  6951 D voice   : voice_set_sidetone: sidetone out device = sidetone-handset
10-04 23:51:30.418   455  6951 D audio_hw_primary: disable_audio_route: reset and update mixer path: voice-call
10-04 23:51:30.424   455  6951 D hardware_info: hw_info_append_hw_type : device_name = voice-handset
10-04 23:51:30.425   455  6951 D audio_hw_primary: disable_snd_device: snd_device(12: voice-handset)
10-04 23:51:30.434   455  6951 D hardware_info: hw_info_append_hw_type : device_name = voice-dmic-ef
10-04 23:51:30.435   455  6951 D audio_hw_primary: disable_snd_device: snd_device(64: voice-dmic-ef)
10-04 23:51:30.456   455  6951 D voice   : voice_stop_usecase: exit: status(0)
10-04 23:51:30.456   455  6951 D voice_extn: update_calls: cur_state=1 new_state=1 vsid=10dc1000
10-04 23:51:30.456   455  6951 D voice_extn: update_calls: cur_state=1 new_state=1 vsid=10c02000
10-04 23:51:30.456   455  6951 D voice_extn: update_calls: cur_state=1 new_state=1 vsid=10803000
10-04 23:51:30.456   455  6951 D voice_extn: update_calls: cur_state=1 new_state=1 vsid=10002000
10-04 23:51:30.456   455  6951 I bt_a2dp_hw: out_set_parameters: out_set_parameters: state 5
10-04 23:51:30.456   455  6951 I hash_map_utils: key: 'vsid' value: '281022464'
10-04 23:51:30.456   455  6951 I hash_map_utils: key: 'call_state' value: '1'
10-04 23:51:30.526  1090  3860 I Telecom : InCallController: Sending updateCall [TC@1, ACTIVE, com.android.phone/com.android.services.telephony.TelephonyConnectionService, tel:**********, A, childs(0), has_parent(false), [Capabilities: CAPABILITY_HOLD CAPABILITY_SUPPORT_HOLD CAPABILITY_MUTE CAPABILITY_CANNOT_DOWNGRADE_VIDEO_TO_AUDIO], [Properties:]]: CSW.sSH@AOA
10-04 23:51:30.528  1090  3860 I Telecom : InCallController: Components updated: [ComponentInfo{com.android.dialer/com.android.incallui.InCallServiceImpl}]: CSW.sSH@AOA
10-04 23:51:30.530  1090  3860 I Telecom : InCallController: Sending updateCall [TC@1, ACTIVE, com.android.phone/com.android.services.telephony.TelephonyConnectionService, tel:**********, A, childs(0), has_parent(false), [Capabilities: CAPABILITY_HOLD CAPABILITY_SUPPORT_HOLD CAPABILITY_MUTE CAPABILITY_CANNOT_DOWNGRADE_VIDEO_TO_AUDIO], [Properties:]]: CSW.sCC@AOE
10-04 23:51:30.532  1090  3860 I Telecom : InCallController: Components updated: [ComponentInfo{com.android.dialer/com.android.incallui.InCallServiceImpl}]: CSW.sCC@AOE
10-04 23:51:30.535  1090  3860 I Telecom : CallsManager: setCallState ACTIVE -> DISCONNECTED, call: [TC@1, ACTIVE, com.android.phone/com.android.services.telephony.TelephonyConnectionService, tel:**********, A, childs(0), has_parent(false), [Capabilities: CAPABILITY_HOLD CAPABILITY_SUPPORT_HOLD CAPABILITY_MUTE CAPABILITY_CANNOT_DOWNGRADE_VIDEO_TO_AUDIO], [Properties:]]: CSW.sDc@AOI
10-04 23:51:30.536  1090  3860 I Telecom : Event: Call TC@1: SET_DISCONNECTED, disconnected set explicitly> DisconnectCause [ Code: (REMOTE) Label: () Description: (Normal call clearing) Reason: (NORMAL) Tone: (27) ]: CSW.sDc@AOI
10-04 23:51:30.538  1090  1090 D RilInfoMonitor: onCallStateChanged(): state is 0
10-04 23:51:30.538  1090  1090 D RilInfoMonitor: state == TelephonyManager.CALL_STATE_IDLE
10-04 23:51:30.538  1090  1090 D RilInfoMonitor: calling GpsNetInitiatedHandler.obj.updateEmergencySUPLStatus(false)
10-04 23:51:30.538  1090  1090 D LocSvc_NiH: public boolean updateEmergencySUPLStatus():mIsInEmergency is false
10-04 23:51:30.539  4274  7303 D CallNotifier: SignalInfoTonePlayer.run(toneId = 98)...
10-04 23:51:30.540  1090  3860 I Telecom : PhoneStateBroadcaster: Broadcasted state change: 0: CSW.sDc@AOI
10-04 23:51:30.541  1090  1119 W BroadcastQueue: Permission Denial: receiving Intent { act=android.intent.action.PHONE_STATE flg=0x10 (has extras) } to ProcessRecord{dc437b6 3835:com.android.systemui/u0a28} (pid=3835, uid=10028) requires android.permission.READ_PHONE_STATE due to sender android (uid 1000)
10-04 23:51:30.542  1090  3860 I Telecom : BluetoothPhoneService: updateHeadsetWithCallState numActive 0, numHeld 0, callState 6, ringing number [da39a3ee5e6b4b0d3255bfef95601890afd80709], ringing type 128: CSW.sDc@AOI
10-04 23:51:30.542  1090  1119 W BroadcastQueue: Permission Denial: receiving Intent { act=android.intent.action.PHONE_STATE flg=0x10 (has extras) } to com.android.deskclock/.alarms.PhoneStateReceiver requires android.permission.READ_PRIVILEGED_PHONE_STATE due to sender android (uid 1000)
10-04 23:51:30.543  1090  1119 W BroadcastQueue: Permission Denial: receiving Intent { act=android.intent.action.PHONE_STATE flg=0x10 (has extras) } to com.android.deskclock/.alarms.PhoneStateReceiver requires android.permission.READ_PHONE_STATE due to sender android (uid 1000)
10-04 23:51:30.565  4274  7303 D AudioTrack: Client defaulted notificationFrames to 240 for frameCount 960
10-04 23:51:30.566  4274  7303 D CallNotifier: CallNotifier: mSignalInfoToneGenerator created when toneplay
10-04 23:51:30.567  6488  6522 E HeadsetStateMachine: terminateScoUsingVirtualVoiceCall:No present call to terminate
10-04 23:51:30.569  1090  3860 I Telecom : TelecomWakeLock: WakeLock already released with id: 26: CSW.sDc@AOI
10-04 23:51:30.569  1090  3860 I Telecom : InCallWakeLockController: Releasing full wake lock: CSW.sDc@AOI
10-04 23:51:30.570  1090  3860 I Telecom : InCallController: Sending updateCall [TC@1, DISCONNECTED, com.android.phone/com.android.services.telephony.TelephonyConnectionService, tel:**********, A, childs(0), has_parent(false), [Capabilities: CAPABILITY_HOLD CAPABILITY_SUPPORT_HOLD CAPABILITY_MUTE CAPABILITY_CANNOT_DOWNGRADE_VIDEO_TO_AUDIO], [Properties:]]: CSW.sDc@AOI
10-04 23:51:30.572  1090  3860 I Telecom : InCallController: Components updated: [ComponentInfo{com.android.dialer/com.android.incallui.InCallServiceImpl}]: CSW.sDc@AOI
10-04 23:51:30.574  1090  4338 I Telecom : CallAudioRouteStateMachine: Message received: UPDATE_SYSTEM_AUDIO_ROUTE=1201, arg1=0: CSW.sDc->CARSM.pM_UPDATE_SYSTEM_AUDIO_ROUTE@AOI_0
10-04 23:51:30.576  1090  4341 I Telecom : CallAudioModeStateMachine: Message received: TONE_STARTED_PLAYING.: CSW.sDc->CAMSM.pM_3001@AOI_1
10-04 23:51:30.577  7004  7004 I InCall  : CallList - onDisconnect: [Call_0, DISCONNECTED, [Capabilities: CAPABILITY_HOLD CAPABILITY_SUPPORT_HOLD CAPABILITY_MUTE CAPABILITY_CANNOT_DOWNGRADE_VIDEO_TO_AUDIO], [Properties:], children:[], parent:null, conferenceable:[], videoState:Audio Only, mSessionModificationState:0, VideoSettings:(CameraDir:-1), mIsActivSub:false]
10-04 23:51:30.577  1090  3860 I Telecom : CallLogManager: Country cache is null. Detecting Country and Setting Cache...: CSW.sDc@AOI
10-04 23:51:30.577  1090  4341 I Telecom : CallAudioModeStateMachine: Message received: NO_MORE_ACTIVE_OR_DIALING_CALLS.: CSW.sDc->CAMSM.pM_1001@AOI_3
10-04 23:51:30.577  7004  7004 I InCall  : InCallCsRedialHandler - onDisconnect
10-04 23:51:30.577  7004  7004 I InCall  : InCallCsRedialHandler - checkForCsRetry failCause: -1
10-04 23:51:30.577  1090  4341 I Telecom : CallAudioModeStateMachine: Audio focus entering TONE/HOLDING state: CSW.sDc->CAMSM.pM_1001@AOI_3
10-04 23:51:30.578  1090  4341 I MediaFocusControl:  AudioFocus  requestAudioFocus() from uid/pid 1000/1090 clientId=AudioFocus_For_Phone_Ring_And_Calls req=2 flags=0x4
10-04 23:51:30.578  7004  7004 I InCall  : InCallPresenter - Phone switching state: INCALL -> INCALL
10-04 23:51:30.579  1090  7306 D BluetoothHeadset: getConnectedDevices()
10-04 23:51:30.583  7004  7004 D AccelerometerListener: enable(false)
10-04 23:51:30.585  7004  7004 I InCall  : ProximitySensor - ProximitySensor{keybrd=0, dpad=0, offhook=0, hor=0, ui=1, aud=EARPIECE}
10-04 23:51:30.594  1090  7306 D AudioTrack: Client defaulted notificationFrames to 240 for frameCount 960
10-04 23:51:30.627  1090  3860 W SensitivePhoneNumbers: Error parsing subId
