10-04 23:50:59.447  6488  6514 D bt_upio : BT_WAKE is asserted already
10-04 23:50:59.467  6488  6514 D bt_vendor: op for 7
10-04 23:50:59.467  6488  6514 D bt_upio : upio_set : pio 0 action 2, polarity 0
10-04 23:50:59.467  6488  6514 D bt_upio : BT_WAKE is asserted already
10-04 23:50:59.487  6488  6514 D bt_vendor: op for 7
10-04 23:50:59.487  6488  6514 D bt_upio : upio_set : pio 0 action 2, polarity 0
10-04 23:50:59.487  6488  6514 D bt_upio : BT_WAKE is asserted already
10-04 23:50:59.507  6488  6514 D bt_vendor: op for 7
10-04 23:50:59.507  6488  6514 D bt_upio : upio_set : pio 0 action 2, polarity 0
10-04 23:50:59.507  6488  6514 D bt_upio : BT_WAKE is asserted already
10-04 23:50:59.527  6488  6514 D bt_vendor: op for 7
10-04 23:50:59.527  6488  6514 D bt_upio : upio_set : pio 0 action 2, polarity 0
10-04 23:50:59.527  6488  6514 D bt_upio : BT_WAKE is asserted already
10-04 23:50:59.547  6488  6514 D bt_vendor: op for 7
10-04 23:50:59.547  6488  6514 D bt_upio : upio_set : pio 0 action 2, polarity 0
10-04 23:50:59.547  6488  6514 D bt_upio : BT_WAKE is asserted already
10-04 23:50:59.567  6488  6514 D bt_vendor: op for 7
10-04 23:50:59.567  6488  6514 D bt_upio : upio_set : pio 0 action 2, polarity 0
10-04 23:50:59.567  6488  6514 D bt_upio : BT_WAKE is asserted already
10-04 23:50:59.587  6488  6514 D bt_vendor: op for 7
10-04 23:50:59.587  6488  6514 D bt_upio : upio_set : pio 0 action 2, polarity 0
10-04 23:50:59.587  6488  6514 D bt_upio : BT_WAKE is asserted already
10-04 23:50:59.608  6488  6514 D bt_vendor: op for 7
10-04 23:50:59.608  6488  6514 D bt_upio : upio_set : pio 0 action 2, polarity 0
10-04 23:50:59.608  6488  6514 D bt_upio : BT_WAKE is asserted already
10-04 23:50:59.620  1090  3698 E QCOM PowerHAL: Failed to acquire lock.
10-04 23:50:59.626  6488  6514 D bt_vendor: op for 7
10-04 23:50:59.626  6488  6514 D bt_upio : upio_set : pio 0 action 2, polarity 0
10-04 23:50:59.626  6488  6514 D bt_upio : BT_WAKE is asserted already
10-04 23:50:59.647  6488  6514 D bt_vendor: op for 7
10-04 23:50:59.647  6488  6514 D bt_upio : upio_set : pio 0 action 2, polarity 0
10-04 23:50:59.647  6488  6514 D bt_upio : BT_WAKE is asserted already
10-04 23:50:59.666  6488  6514 D bt_vendor: op for 7
10-04 23:50:59.666  6488  6514 D bt_upio : upio_set : pio 0 action 2, polarity 0
10-04 23:50:59.667  6488  6514 D bt_upio : BT_WAKE is asserted already
10-04 23:50:59.687  6488  6514 D bt_vendor: op for 7
10-04 23:50:59.687  6488  6514 D bt_upio : upio_set : pio 0 action 2, polarity 0
10-04 23:50:59.687  6488  6514 D bt_upio : BT_WAKE is asserted already
10-04 23:50:59.701  7004  7004 D DialpadFragment: showDialConference false
10-04 23:50:59.707  6488  6514 D bt_vendor: op for 7
10-04 23:50:59.707  6488  6514 D bt_upio : upio_set : pio 0 action 2, polarity 0
10-04 23:50:59.707  6488  6514 D bt_upio : BT_WAKE is asserted already
10-04 23:50:59.728  6488  6514 D bt_vendor: op for 7
10-04 23:50:59.729  6488  6514 D bt_upio : upio_set : pio 0 action 2, polarity 0
10-04 23:50:59.729  6488  6514 D bt_upio : BT_WAKE is asserted already
10-04 23:50:59.747  6488  6514 D bt_vendor: op for 7
10-04 23:50:59.747  6488  6514 D bt_upio : upio_set : pio 0 action 2, polarity 0
10-04 23:50:59.747  6488  6514 D bt_upio : BT_WAKE is asserted already
10-04 23:50:59.766  6488  6514 D bt_vendor: op for 7
10-04 23:50:59.767  6488  6514 D bt_upio : upio_set : pio 0 action 2, polarity 0
10-04 23:50:59.767  6488  6514 D bt_upio : BT_WAKE is asserted already
10-04 23:50:59.787  6488  6514 D bt_vendor: op for 7
10-04 23:50:59.787  6488  6514 D bt_upio : upio_set : pio 0 action 2, polarity 0
10-04 23:50:59.787  6488  6514 D bt_upio : BT_WAKE is asserted already
10-04 23:50:59.806  6488  6514 D bt_vendor: op for 7
10-04 23:50:59.807  6488  6514 D bt_upio : upio_set : pio 0 action 2, polarity 0
10-04 23:50:59.807  6488  6514 D bt_upio : BT_WAKE is asserted already
10-04 23:50:59.826  6488  6514 D bt_vendor: op for 7
10-04 23:50:59.826  6488  6514 D bt_upio : upio_set : pio 0 action 2, polarity 0
10-04 23:50:59.826  6488  6514 D bt_upio : BT_WAKE is asserted already
10-04 23:50:59.846  6488  6514 D bt_vendor: op for 7
10-04 23:50:59.846  6488  6514 D bt_upio : upio_set : pio 0 action 2, polarity 0
10-04 23:50:59.846  6488  6514 D bt_upio : BT_WAKE is asserted already
10-04 23:50:59.866  6488  6514 D bt_vendor: op for 7
10-04 23:50:59.866  6488  6514 D bt_upio : upio_set : pio 0 action 2, polarity 0
10-04 23:50:59.867  6488  6514 D bt_upio : BT_WAKE is asserted already
10-04 23:50:59.887  6488  6514 D bt_vendor: op for 7
10-04 23:50:59.887  6488  6514 D bt_upio : upio_set : pio 0 action 2, polarity 0
10-04 23:50:59.887  6488  6514 D bt_upio : BT_WAKE is asserted already
10-04 23:50:59.907  6488  6514 D bt_vendor: op for 7
10-04 23:50:59.907  6488  6514 D bt_upio : upio_set : pio 0 action 2, polarity 0
10-04 23:50:59.907  6488  6514 D bt_upio : BT_WAKE is asserted already
10-04 23:50:59.927  6488  6514 D bt_vendor: op for 7
10-04 23:50:59.927  6488  6514 D bt_upio : upio_set : pio 0 action 2, polarity 0
10-04 23:50:59.927  6488  6514 D bt_upio : BT_WAKE is asserted already
10-04 23:50:59.947  6488  6514 D bt_vendor: op for 7
10-04 23:50:59.947  6488  6514 D bt_upio : upio_set : pio 0 action 2, polarity 0
10-04 23:50:59.947  6488  6514 D bt_upio : BT_WAKE is asserted already
10-04 23:50:59.966  6488  6514 D bt_vendor: op for 7
10-04 23:50:59.966  6488  6514 D bt_upio : upio_set : pio 0 action 2, polarity 0
10-04 23:50:59.966  6488  6514 D bt_upio : BT_WAKE is asserted already
10-04 23:50:59.986  6488  6514 D bt_vendor: op for 7
10-04 23:50:59.986  6488  6514 D bt_upio : upio_set : pio 0 action 2, polarity 0
10-04 23:50:59.986  6488  6514 D bt_upio : BT_WAKE is asserted already
10-04 23:51:00.007  6488  6514 D bt_vendor: op for 7
10-04 23:51:00.007  6488  6514 D bt_upio : upio_set : pio 0 action 2, polarity 0
10-04 23:51:00.007  6488  6514 D bt_upio : BT_WAKE is asserted already
10-04 23:51:00.027  6488  6514 D bt_vendor: op for 7
10-04 23:51:00.027  6488  6514 D bt_upio : upio_set : pio 0 action 2, polarity 0
10-04 23:51:00.027  6488  6514 D bt_upio : BT_WAKE is asserted already
10-04 23:51:00.046  6488  6514 D bt_vendor: op for 7
10-04 23:51:00.046  6488  6514 D bt_upio : upio_set : pio 0 action 2, polarity 0
10-04 23:51:00.046  6488  6514 D bt_upio : BT_WAKE is asserted already
10-04 23:51:00.066  6488  6514 D bt_vendor: op for 7
10-04 23:51:00.066  6488  6514 D bt_upio : upio_set : pio 0 action 2, polarity 0
10-04 23:51:00.066  6488  6514 D bt_upio : BT_WAKE is asserted already
10-04 23:51:00.086  6488  6514 D bt_vendor: op for 7
10-04 23:51:00.086  6488  6514 D bt_upio : upio_set : pio 0 action 2, polarity 0
10-04 23:51:00.086  6488  6514 D bt_upio : BT_WAKE is asserted already
10-04 23:51:00.107  6488  6514 D bt_vendor: op for 7
10-04 23:51:00.107  6488  6514 D bt_upio : upio_set : pio 0 action 2, polarity 0
10-04 23:51:00.107  6488  6514 D bt_upio : BT_WAKE is asserted already
10-04 23:51:00.126  6488  6514 D bt_vendor: op for 7
10-04 23:51:00.126  6488  6514 D bt_upio : upio_set : pio 0 action 2, polarity 0
10-04 23:51:00.126  6488  6514 D bt_upio : BT_WAKE is asserted already
10-04 23:51:00.146  6488  6514 D bt_vendor: op for 7
10-04 23:51:00.147  6488  6514 D bt_upio : upio_set : pio 0 action 2, polarity 0
10-04 23:51:00.147  6488  6514 D bt_upio : BT_WAKE is asserted already
10-04 23:51:00.168  6488  6514 D bt_vendor: op for 7
10-04 23:51:00.168  6488  6514 D bt_upio : upio_set : pio 0 action 2, polarity 0
10-04 23:51:00.168  6488  6514 D bt_upio : BT_WAKE is asserted already
10-04 23:51:00.178  7004  7030 W OpenGLRenderer: Incorrectly called buildLayer on View: LinearLayout, destroying layer...
10-04 23:51:00.178  7004  7030 W OpenGLRenderer: Incorrectly called buildLayer on View: AppCompatImageButton, destroying layer...
10-04 23:51:00.192  6488  6514 D bt_vendor: op for 7
10-04 23:51:00.192  6488  6514 D bt_upio : upio_set : pio 0 action 2, polarity 0
10-04 23:51:00.192  6488  6514 D bt_upio : BT_WAKE is asserted already
10-04 23:51:00.206  6488  6514 D bt_vendor: op for 7
10-04 23:51:00.206  6488  6514 D bt_upio : upio_set : pio 0 action 2, polarity 0
10-04 23:51:00.207  6488  6514 D bt_upio : BT_WAKE is asserted already
10-04 23:51:00.226  6488  6514 D bt_vendor: op for 7
10-04 23:51:00.227  6488  6514 D bt_upio : upio_set : pio 0 action 2, polarity 0
10-04 23:51:00.227  6488  6514 D bt_upio : BT_WAKE is asserted already
10-04 23:51:00.246  6488  6514 D bt_vendor: op for 7
10-04 23:51:00.246  6488  6514 D bt_upio : upio_set : pio 0 action 2, polarity 0
10-04 23:51:00.246  6488  6514 D bt_upio : BT_WAKE is asserted already
10-04 23:51:00.266  6488  6514 D bt_vendor: op for 7
10-04 23:51:00.267  6488  6514 D bt_upio : upio_set : pio 0 action 2, polarity 0
10-04 23:51:00.267  6488  6514 D bt_upio : BT_WAKE is asserted already
10-04 23:51:00.287  6488  6514 D bt_vendor: op for 7
10-04 23:51:00.287  6488  6514 D bt_upio : upio_set : pio 0 action 2, polarity 0
10-04 23:51:00.287  6488  6514 D bt_upio : BT_WAKE is asserted already
10-04 23:51:00.307  6488  6514 D bt_vendor: op for 7
10-04 23:51:00.307  6488  6514 D bt_upio : upio_set : pio 0 action 2, polarity 0
10-04 23:51:00.307  6488  6514 D bt_upio : BT_WAKE is asserted already
10-04 23:51:00.320  7004  7004 W IInputConnectionWrapper: finishComposingText on inactive InputConnection
10-04 23:51:00.326  6488  6514 D bt_vendor: op for 7
10-04 23:51:00.327  6488  6514 D bt_upio : upio_set : pio 0 action 2, polarity 0
10-04 23:51:00.327  6488  6514 D bt_upio : BT_WAKE is asserted already
10-04 23:51:00.347  6488  6514 D bt_vendor: op for 7
10-04 23:51:00.347  6488  6514 D bt_upio : upio_set : pio 0 action 2, polarity 0
10-04 23:51:00.347  6488  6514 D bt_upio : BT_WAKE is asserted already
10-04 23:51:00.368  6488  6514 D bt_vendor: op for 7
10-04 23:51:00.368  6488  6514 D bt_upio : upio_set : pio 0 action 2, polarity 0
10-04 23:51:00.368  6488  6514 D bt_upio : BT_WAKE is asserted already
10-04 23:51:00.388  6488  6514 D bt_vendor: op for 7
10-04 23:51:00.388  6488  6514 D bt_upio : upio_set : pio 0 action 2, polarity 0
10-04 23:51:00.388  6488  6514 D bt_upio : BT_WAKE is asserted already
10-04 23:51:00.407  6488  6514 D bt_vendor: op for 7
10-04 23:51:00.407  6488  6514 D bt_upio : upio_set : pio 0 action 2, polarity 0
10-04 23:51:00.407  6488  6514 D bt_upio : BT_WAKE is asserted already
10-04 23:51:00.427  6488  6514 D bt_vendor: op for 7
10-04 23:51:00.427  6488  6514 D bt_upio : upio_set : pio 0 action 2, polarity 0
10-04 23:51:00.427  6488  6514 D bt_upio : BT_WAKE is asserted already
10-04 23:51:00.447  6488  6514 D bt_vendor: op for 7
10-04 23:51:00.448  6488  6514 D bt_upio : upio_set : pio 0 action 2, polarity 0
10-04 23:51:00.449  6488  6514 D bt_upio : BT_WAKE is asserted already
10-04 23:51:00.467  6488  6514 D bt_vendor: op for 7
10-04 23:51:00.467  6488  6514 D bt_upio : upio_set : pio 0 action 2, polarity 0
10-04 23:51:00.467  6488  6514 D bt_upio : BT_WAKE is asserted already
10-04 23:51:00.476  6488  6488 D BluetoothAdapterService: handleMessage() - Message: 30
10-04 23:51:00.476  6488  6488 D BluetoothAdapterService: handleMessage() - MESSAGE_CONNECT_OTHER_PROFILES
10-04 23:51:00.476  6488  6488 I BluetoothAdapterService: device is E8:07:BF:00:B1:18
10-04 23:51:00.478  3835  4270 D CachedBluetoothDevice:  onUuidChanged, mProfile Size 1
10-04 23:51:00.478  4288  4288 D CachedBluetoothDevice:  onUuidChanged, mProfile Size 1
10-04 23:51:00.479  6488  6488 D A2dpService: getA2DPService(): returning com.android.bluetooth.a2dp.A2dpService@745b6f6
10-04 23:51:00.480  6488  6488 D A2dpStateMachine: Enter getConnectedDevices() 
10-04 23:51:00.481  6488  6488 I A2dpStateMachine: mConnectedDevicesList size is 1
10-04 23:51:00.481  6488  6488 D A2dpStateMachine: Exit getConnectedDevices() 
10-04 23:51:00.482  6488  6488 I BluetoothAdapterService:  is HF connectedfalse
10-04 23:51:00.482  6488  6488 I BluetoothAdapterService: is a2dp connectedtrue
10-04 23:51:00.486  6488  6488 D BluetoothAdapterService: handleMessage() - Message: 40
10-04 23:51:00.486  6488  6488 D BluetoothAdapterService: handleMessage() - MESSAGE_PROFILE_INIT_PRIORITIES
10-04 23:51:00.487  6488  6488 D A2dpService: getA2DPService(): returning com.android.bluetooth.a2dp.A2dpService@745b6f6
10-04 23:51:00.487  6488  6488 D A2dpSinkService: getA2dpSinkService(): service is NULL
10-04 23:51:00.487  6488  6488 D A2dpService: Enter getPriority
10-04 23:51:00.487  6488  6514 D bt_vendor: op for 7
10-04 23:51:00.487  6488  6514 D bt_upio : upio_set : pio 0 action 2, polarity 0
10-04 23:51:00.487  6488  6514 D bt_upio : BT_WAKE is asserted already
10-04 23:51:00.488  6488  6488 D A2dpService: Exit getPriority
10-04 23:51:00.503  4288  4288 D LocalBluetoothProfileManager: Current Profiles[A2DP]
10-04 23:51:00.504  4288  4288 D BluetoothMap: getConnectedDevices()
10-04 23:51:00.506  6488  6514 D bt_vendor: op for 7
10-04 23:51:00.506  6488  6514 D bt_upio : upio_set : pio 0 action 2, polarity 0
10-04 23:51:00.506  6488  6514 D bt_upio : BT_WAKE is asserted already
10-04 23:51:00.510  4288  4288 D BluetoothMap: getConnectionState(E8:07:BF:00:B1:18)
10-04 23:51:00.515  3835  4270 D LocalBluetoothProfileManager: Current Profiles[A2DP]
10-04 23:51:00.515  4288  4288 D MapProfile: getConnectionStatus: status is: 0
10-04 23:51:00.516  3835  4270 D BluetoothMap: getConnectedDevices()
10-04 23:51:00.524  4288  4288 D LocalBluetoothProfileManager: New Profiles[A2DP]
10-04 23:51:00.525  4288  4288 D CachedBluetoothDevice: UUID not udpated, returning
10-04 23:51:00.526  3835  4270 D BluetoothMap: getConnectionState(E8:07:BF:00:B1:18)
10-04 23:51:00.527  6488  6514 D bt_vendor: op for 7
10-04 23:51:00.527  6488  6514 D bt_upio : upio_set : pio 0 action 2, polarity 0
10-04 23:51:00.527  6488  6514 D bt_upio : BT_WAKE is asserted already
10-04 23:51:00.533  3835  4270 D MapProfile: getConnectionStatus: status is: 0
10-04 23:51:00.538  3835  4270 D LocalBluetoothProfileManager: New Profiles[A2DP]
10-04 23:51:00.538  3835  4270 D CachedBluetoothDevice: UUID not udpated, returning
10-04 23:51:00.547  6488  6514 D bt_vendor: op for 7
10-04 23:51:00.547  6488  6514 D bt_upio : upio_set : pio 0 action 2, polarity 0
10-04 23:51:00.547  6488  6514 D bt_upio : BT_WAKE is asserted already
10-04 23:51:00.566  6488  6514 D bt_vendor: op for 7
10-04 23:51:00.566  6488  6514 D bt_upio : upio_set : pio 0 action 2, polarity 0
10-04 23:51:00.566  6488  6514 D bt_upio : BT_WAKE is asserted already
10-04 23:51:00.586  6488  6514 D bt_vendor: op for 7
10-04 23:51:00.587  6488  6514 D bt_upio : upio_set : pio 0 action 2, polarity 0
10-04 23:51:00.587  6488  6514 D bt_upio : BT_WAKE is asserted already
10-04 23:51:00.607  6488  6514 D bt_vendor: op for 7
10-04 23:51:00.607  6488  6514 D bt_upio : upio_set : pio 0 action 2, polarity 0
10-04 23:51:00.607  6488  6514 D bt_upio : BT_WAKE is asserted already
10-04 23:51:00.626  6488  6514 D bt_vendor: op for 7
10-04 23:51:00.627  6488  6514 D bt_upio : upio_set : pio 0 action 2, polarity 0
10-04 23:51:00.627  6488  6514 D bt_upio : BT_WAKE is asserted already
10-04 23:51:00.646  6488  6514 D bt_vendor: op for 7
10-04 23:51:00.646  6488  6514 D bt_upio : upio_set : pio 0 action 2, polarity 0
10-04 23:51:00.646  6488  6514 D bt_upio : BT_WAKE is asserted already
10-04 23:51:00.666  6488  6514 D bt_vendor: op for 7
10-04 23:51:00.666  6488  6514 D bt_upio : upio_set : pio 0 action 2, polarity 0
10-04 23:51:00.667  6488  6514 D bt_upio : BT_WAKE is asserted already
10-04 23:51:00.686  6488  6514 D bt_vendor: op for 7
10-04 23:51:00.687  6488  6514 D bt_upio : upio_set : pio 0 action 2, polarity 0
10-04 23:51:00.687  6488  6514 D bt_upio : BT_WAKE is asserted already
10-04 23:51:00.692  1090  3698 E QCOM PowerHAL: Failed to acquire lock.
10-04 23:51:00.707  6488  6514 D bt_vendor: op for 7
10-04 23:51:00.707  6488  6514 D bt_upio : upio_set : pio 0 action 2, polarity 0
10-04 23:51:00.707  6488  6514 D bt_upio : BT_WAKE is asserted already
10-04 23:51:00.726  6488  6514 D bt_vendor: op for 7
10-04 23:51:00.726  6488  6514 D bt_upio : upio_set : pio 0 action 2, polarity 0
10-04 23:51:00.726  6488  6514 D bt_upio : BT_WAKE is asserted already
10-04 23:51:00.747  6488  6514 D bt_vendor: op for 7
10-04 23:51:00.747  6488  6514 D bt_upio : upio_set : pio 0 action 2, polarity 0
10-04 23:51:00.747  6488  6514 D bt_upio : BT_WAKE is asserted already
10-04 23:51:00.766  6488  6514 D bt_vendor: op for 7
10-04 23:51:00.767  6488  6514 D bt_upio : upio_set : pio 0 action 2, polarity 0
10-04 23:51:00.767  6488  6514 D bt_upio : BT_WAKE is asserted already
10-04 23:51:00.787  6488  6514 D bt_vendor: op for 7
10-04 23:51:00.787  6488  6514 D bt_upio : upio_set : pio 0 action 2, polarity 0
10-04 23:51:00.787  6488  6514 D bt_upio : BT_WAKE is asserted already
10-04 23:51:00.807  6488  6514 D bt_vendor: op for 7
10-04 23:51:00.807  6488  6514 D bt_upio : upio_set : pio 0 action 2, polarity 0
10-04 23:51:00.807  6488  6514 D bt_upio : BT_WAKE is asserted already
10-04 23:51:00.826  6488  6514 D bt_vendor: op for 7
10-04 23:51:00.826  6488  6514 D bt_upio : upio_set : pio 0 action 2, polarity 0
10-04 23:51:00.826  6488  6514 D bt_upio : BT_WAKE is asserted already
10-04 23:51:00.848  6488  6514 D bt_vendor: op for 7
10-04 23:51:00.848  6488  6514 D bt_upio : upio_set : pio 0 action 2, polarity 0
10-04 23:51:00.848  6488  6514 D bt_upio : BT_WAKE is asserted already
10-04 23:51:00.869  6488  6514 D bt_vendor: op for 7
10-04 23:51:00.869  6488  6514 D bt_upio : upio_set : pio 0 action 2, polarity 0
10-04 23:51:00.869  6488  6514 D bt_upio : BT_WAKE is asserted already
10-04 23:51:00.888  6488  6514 D bt_vendor: op for 7
10-04 23:51:00.888  6488  6514 D bt_upio : upio_set : pio 0 action 2, polarity 0
10-04 23:51:00.888  6488  6514 D bt_upio : BT_WAKE is asserted already
10-04 23:51:00.907  6488  6514 D bt_vendor: op for 7
10-04 23:51:00.907  6488  6514 D bt_upio : upio_set : pio 0 action 2, polarity 0
10-04 23:51:00.907  6488  6514 D bt_upio : BT_WAKE is asserted already
10-04 23:51:00.926  6488  6514 D bt_vendor: op for 7
10-04 23:51:00.927  6488  6514 D bt_upio : upio_set : pio 0 action 2, polarity 0
10-04 23:51:00.927  6488  6514 D bt_upio : BT_WAKE is asserted already
10-04 23:51:00.947  6488  6514 D bt_vendor: op for 7
10-04 23:51:00.947  6488  6514 D bt_upio : upio_set : pio 0 action 2, polarity 0
10-04 23:51:00.947  6488  6514 D bt_upio : BT_WAKE is asserted already
10-04 23:51:00.966  6488  6514 D bt_vendor: op for 7
10-04 23:51:00.967  6488  6514 D bt_upio : upio_set : pio 0 action 2, polarity 0
10-04 23:51:00.967  6488  6514 D bt_upio : BT_WAKE is asserted already
10-04 23:51:00.987  6488  6514 D bt_vendor: op for 7
10-04 23:51:00.987  6488  6514 D bt_upio : upio_set : pio 0 action 2, polarity 0
10-04 23:51:00.987  6488  6514 D bt_upio : BT_WAKE is asserted already
10-04 23:51:01.007  1090  3698 E QCOM PowerHAL: Failed to acquire lock.
10-04 23:51:01.014  6488  6514 D bt_vendor: op for 7
10-04 23:51:01.014  6488  6514 D bt_upio : upio_set : pio 0 action 2, polarity 0
10-04 23:51:01.014  6488  6514 D bt_upio : BT_WAKE is asserted already
10-04 23:51:01.027  6488  6514 D bt_vendor: op for 7
10-04 23:51:01.028  6488  6514 D bt_upio : upio_set : pio 0 action 2, polarity 0
10-04 23:51:01.028  6488  6514 D bt_upio : BT_WAKE is asserted already
10-04 23:51:01.046  6488  6514 D bt_vendor: op for 7
10-04 23:51:01.046  6488  6514 D bt_upio : upio_set : pio 0 action 2, polarity 0
10-04 23:51:01.047  6488  6514 D bt_upio : BT_WAKE is asserted already
10-04 23:51:01.067  6488  6514 D bt_vendor: op for 7
10-04 23:51:01.067  6488  6514 D bt_upio : upio_set : pio 0 action 2, polarity 0
10-04 23:51:01.067  6488  6514 D bt_upio : BT_WAKE is asserted already
10-04 23:51:01.089  6488  6514 D bt_vendor: op for 7
10-04 23:51:01.089  6488  6514 D bt_upio : upio_set : pio 0 action 2, polarity 0
10-04 23:51:01.089  6488  6514 D bt_upio : BT_WAKE is asserted already
10-04 23:51:01.106  6488  6514 D bt_vendor: op for 7
10-04 23:51:01.106  6488  6514 D bt_upio : upio_set : pio 0 action 2, polarity 0
10-04 23:51:01.106  6488  6514 D bt_upio : BT_WAKE is asserted already
10-04 23:51:01.126  6488  6514 D bt_vendor: op for 7
10-04 23:51:01.126  6488  6514 D bt_upio : upio_set : pio 0 action 2, polarity 0
10-04 23:51:01.126  6488  6514 D bt_upio : BT_WAKE is asserted already
10-04 23:51:01.146  6488  6514 D bt_vendor: op for 7
10-04 23:51:01.146  6488  6514 D bt_upio : upio_set : pio 0 action 2, polarity 0
10-04 23:51:01.146  6488  6514 D bt_upio : BT_WAKE is asserted already
10-04 23:51:01.166  6488  6514 D bt_vendor: op for 7
10-04 23:51:01.166  6488  6514 D bt_upio : upio_set : pio 0 action 2, polarity 0
10-04 23:51:01.166  6488  6514 D bt_upio : BT_WAKE is asserted already
10-04 23:51:01.186  6488  6514 D bt_vendor: op for 7
10-04 23:51:01.186  6488  6514 D bt_upio : upio_set : pio 0 action 2, polarity 0
10-04 23:51:01.186  6488  6514 D bt_upio : BT_WAKE is asserted already
10-04 23:51:01.206  6488  6514 D bt_vendor: op for 7
10-04 23:51:01.206  6488  6514 D bt_upio : upio_set : pio 0 action 2, polarity 0
10-04 23:51:01.206  6488  6514 D bt_upio : BT_WAKE is asserted already
10-04 23:51:01.226  6488  6514 D bt_vendor: op for 7
10-04 23:51:01.226  6488  6514 D bt_upio : upio_set : pio 0 action 2, polarity 0
10-04 23:51:01.226  6488  6514 D bt_upio : BT_WAKE is asserted already
10-04 23:51:01.246  6488  6514 D bt_vendor: op for 7
10-04 23:51:01.246  6488  6514 D bt_upio : upio_set : pio 0 action 2, polarity 0
10-04 23:51:01.246  6488  6514 D bt_upio : BT_WAKE is asserted already
10-04 23:51:01.266  6488  6514 D bt_vendor: op for 7
10-04 23:51:01.266  6488  6514 D bt_upio : upio_set : pio 0 action 2, polarity 0
10-04 23:51:01.266  6488  6514 D bt_upio : BT_WAKE is asserted already
10-04 23:51:01.287  6488  6514 D bt_vendor: op for 7
10-04 23:51:01.287  6488  6514 D bt_upio : upio_set : pio 0 action 2, polarity 0
10-04 23:51:01.287  6488  6514 D bt_upio : BT_WAKE is asserted already
10-04 23:51:01.307  6488  6514 D bt_vendor: op for 7
10-04 23:51:01.307  6488  6514 D bt_upio : upio_set : pio 0 action 2, polarity 0
10-04 23:51:01.307  6488  6514 D bt_upio : BT_WAKE is asserted already
10-04 23:51:01.328  6488  6514 D bt_vendor: op for 7
10-04 23:51:01.328  6488  6514 D bt_upio : upio_set : pio 0 action 2, polarity 0
10-04 23:51:01.328  6488  6514 D bt_upio : BT_WAKE is asserted already
10-04 23:51:01.347  6488  6514 D bt_vendor: op for 7
10-04 23:51:01.347  6488  6514 D bt_upio : upio_set : pio 0 action 2, polarity 0
10-04 23:51:01.347  6488  6514 D bt_upio : BT_WAKE is asserted already
10-04 23:51:01.368  6488  6514 D bt_vendor: op for 7
10-04 23:51:01.368  6488  6514 D bt_upio : upio_set : pio 0 action 2, polarity 0
10-04 23:51:01.368  6488  6514 D bt_upio : BT_WAKE is asserted already
10-04 23:51:01.387  6488  6514 D bt_vendor: op for 7
10-04 23:51:01.387  6488  6514 D bt_upio : upio_set : pio 0 action 2, polarity 0
10-04 23:51:01.387  6488  6514 D bt_upio : BT_WAKE is asserted already
10-04 23:51:01.407  6488  6514 D bt_vendor: op for 7
10-04 23:51:01.407  6488  6514 D bt_upio : upio_set : pio 0 action 2, polarity 0
10-04 23:51:01.407  6488  6514 D bt_upio : BT_WAKE is asserted already
10-04 23:51:01.411  1090  3698 E QCOM PowerHAL: Failed to acquire lock.
10-04 23:51:01.427  6488  6514 D bt_vendor: op for 7
10-04 23:51:01.427  6488  6514 D bt_upio : upio_set : pio 0 action 2, polarity 0
10-04 23:51:01.427  6488  6514 D bt_upio : BT_WAKE is asserted already
10-04 23:51:01.450  6488  6514 D bt_vendor: op for 7
10-04 23:51:01.451  6488  6514 D bt_upio : upio_set : pio 0 action 2, polarity 0
10-04 23:51:01.451  6488  6514 D bt_upio : BT_WAKE is asserted already
10-04 23:51:01.466  6488  6514 D bt_vendor: op for 7
10-04 23:51:01.467  6488  6514 D bt_upio : upio_set : pio 0 action 2, polarity 0
10-04 23:51:01.467  6488  6514 D bt_upio : BT_WAKE is asserted already
10-04 23:51:01.487  6488  6514 D bt_vendor: op for 7
10-04 23:51:01.487  6488  6514 D bt_upio : upio_set : pio 0 action 2, polarity 0
10-04 23:51:01.487  6488  6514 D bt_upio : BT_WAKE is asserted already
10-04 23:51:01.507  6488  6514 D bt_vendor: op for 7
10-04 23:51:01.507  6488  6514 D bt_upio : upio_set : pio 0 action 2, polarity 0
10-04 23:51:01.507  6488  6514 D bt_upio : BT_WAKE is asserted already
10-04 23:51:01.527  6488  6514 D bt_vendor: op for 7
10-04 23:51:01.528  6488  6514 D bt_upio : upio_set : pio 0 action 2, polarity 0
10-04 23:51:01.528  6488  6514 D bt_upio : BT_WAKE is asserted already
10-04 23:51:01.551  6488  6514 D bt_vendor: op for 7
10-04 23:51:01.551  6488  6514 D bt_upio : upio_set : pio 0 action 2, polarity 0
10-04 23:51:01.551  6488  6514 D bt_upio : BT_WAKE is asserted already
10-04 23:51:01.567  6488  6514 D bt_vendor: op for 7
10-04 23:51:01.567  6488  6514 D bt_upio : upio_set : pio 0 action 2, polarity 0
10-04 23:51:01.567  6488  6514 D bt_upio : BT_WAKE is asserted already
10-04 23:51:01.587  6488  6514 D bt_vendor: op for 7
10-04 23:51:01.587  6488  6514 D bt_upio : upio_set : pio 0 action 2, polarity 0
10-04 23:51:01.587  6488  6514 D bt_upio : BT_WAKE is asserted already
10-04 23:51:01.607  6488  6514 D bt_vendor: op for 7
10-04 23:51:01.607  6488  6514 D bt_upio : upio_set : pio 0 action 2, polarity 0
10-04 23:51:01.607  6488  6514 D bt_upio : BT_WAKE is asserted already
10-04 23:51:01.627  6488  6514 D bt_vendor: op for 7
10-04 23:51:01.627  6488  6514 D bt_upio : upio_set : pio 0 action 2, polarity 0
10-04 23:51:01.627  6488  6514 D bt_upio : BT_WAKE is asserted already
10-04 23:51:01.646  6488  6514 D bt_vendor: op for 7
10-04 23:51:01.646  6488  6514 D bt_upio : upio_set : pio 0 action 2, polarity 0
10-04 23:51:01.646  6488  6514 D bt_upio : BT_WAKE is asserted already
10-04 23:51:01.666  6488  6514 D bt_vendor: op for 7
10-04 23:51:01.667  6488  6514 D bt_upio : upio_set : pio 0 action 2, polarity 0
10-04 23:51:01.667  6488  6514 D bt_upio : BT_WAKE is asserted already
10-04 23:51:01.687  6488  6514 D bt_vendor: op for 7
10-04 23:51:01.687  6488  6514 D bt_upio : upio_set : pio 0 action 2, polarity 0
10-04 23:51:01.687  6488  6514 D bt_upio : BT_WAKE is asserted already
10-04 23:51:01.708  6488  6514 D bt_vendor: op for 7
10-04 23:51:01.708  6488  6514 D bt_upio : upio_set : pio 0 action 2, polarity 0
10-04 23:51:01.708  6488  6514 D bt_upio : BT_WAKE is asserted already
10-04 23:51:01.727  6488  6514 D bt_vendor: op for 7
10-04 23:51:01.728  6488  6514 D bt_upio : upio_set : pio 0 action 2, polarity 0
10-04 23:51:01.728  6488  6514 D bt_upio : BT_WAKE is asserted already
10-04 23:51:01.747  6488  6514 D bt_vendor: op for 7
10-04 23:51:01.747  6488  6514 D bt_upio : upio_set : pio 0 action 2, polarity 0
10-04 23:51:01.747  6488  6514 D bt_upio : BT_WAKE is asserted already
10-04 23:51:01.768  6488  6514 D bt_vendor: op for 7
10-04 23:51:01.768  6488  6514 D bt_upio : upio_set : pio 0 action 2, polarity 0
10-04 23:51:01.768  6488  6514 D bt_upio : BT_WAKE is asserted already
10-04 23:51:01.787  6488  6514 D bt_vendor: op for 7
10-04 23:51:01.787  6488  6514 D bt_upio : upio_set : pio 0 action 2, polarity 0
10-04 23:51:01.787  6488  6514 D bt_upio : BT_WAKE is asserted already
10-04 23:51:01.807  6488  6514 D bt_vendor: op for 7
10-04 23:51:01.807  6488  6514 D bt_upio : upio_set : pio 0 action 2, polarity 0
10-04 23:51:01.807  6488  6514 D bt_upio : BT_WAKE is asserted already
10-04 23:51:01.828  6488  6514 D bt_vendor: op for 7
10-04 23:51:01.828  6488  6514 D bt_upio : upio_set : pio 0 action 2, polarity 0
10-04 23:51:01.828  6488  6514 D bt_upio : BT_WAKE is asserted already
10-04 23:51:01.847  6488  6514 D bt_vendor: op for 7
10-04 23:51:01.847  6488  6514 D bt_upio : upio_set : pio 0 action 2, polarity 0
10-04 23:51:01.847  6488  6514 D bt_upio : BT_WAKE is asserted already
10-04 23:51:01.867  6488  6514 D bt_vendor: op for 7
10-04 23:51:01.867  6488  6514 D bt_upio : upio_set : pio 0 action 2, polarity 0
10-04 23:51:01.867  6488  6514 D bt_upio : BT_WAKE is asserted already
10-04 23:51:01.887  6488  6514 D bt_vendor: op for 7
10-04 23:51:01.887  6488  6514 D bt_upio : upio_set : pio 0 action 2, polarity 0
10-04 23:51:01.887  6488  6514 D bt_upio : BT_WAKE is asserted already
10-04 23:51:01.909  6488  6514 D bt_vendor: op for 7
10-04 23:51:01.909  6488  6514 D bt_upio : upio_set : pio 0 action 2, polarity 0
10-04 23:51:01.909  6488  6514 D bt_upio : BT_WAKE is asserted already
10-04 23:51:01.927  6488  6514 D bt_vendor: op for 7
10-04 23:51:01.927  6488  6514 D bt_upio : upio_set : pio 0 action 2, polarity 0
10-04 23:51:01.927  6488  6514 D bt_upio : BT_WAKE is asserted already
10-04 23:51:01.949  6488  6514 D bt_vendor: op for 7
10-04 23:51:01.950  6488  6514 D bt_upio : upio_set : pio 0 action 2, polarity 0
10-04 23:51:01.951  6488  6514 D bt_upio : BT_WAKE is asserted already
10-04 23:51:01.951  1090  3698 E QCOM PowerHAL: Failed to acquire lock.
10-04 23:51:01.967  6488  6514 D bt_vendor: op for 7
10-04 23:51:01.967  6488  6514 D bt_upio : upio_set : pio 0 action 2, polarity 0
10-04 23:51:01.967  6488  6514 D bt_upio : BT_WAKE is asserted already
10-04 23:51:01.987  6488  6514 D bt_vendor: op for 7
10-04 23:51:01.987  6488  6514 D bt_upio : upio_set : pio 0 action 2, polarity 0
10-04 23:51:01.987  6488  6514 D bt_upio : BT_WAKE is asserted already
10-04 23:51:02.007  6488  6514 D bt_vendor: op for 7
10-04 23:51:02.007  6488  6514 D bt_upio : upio_set : pio 0 action 2, polarity 0
10-04 23:51:02.007  6488  6514 D bt_upio : BT_WAKE is asserted already
10-04 23:51:02.027  6488  6514 D bt_vendor: op for 7
10-04 23:51:02.027  6488  6514 D bt_upio : upio_set : pio 0 action 2, polarity 0
10-04 23:51:02.027  6488  6514 D bt_upio : BT_WAKE is asserted already
10-04 23:51:02.047  6488  6514 D bt_vendor: op for 7
10-04 23:51:02.047  6488  6514 D bt_upio : upio_set : pio 0 action 2, polarity 0
10-04 23:51:02.047  6488  6514 D bt_upio : BT_WAKE is asserted already
10-04 23:51:02.067  6488  6514 D bt_vendor: op for 7
10-04 23:51:02.067  6488  6514 D bt_upio : upio_set : pio 0 action 2, polarity 0
10-04 23:51:02.067  6488  6514 D bt_upio : BT_WAKE is asserted already
10-04 23:51:02.086  6488  6514 D bt_vendor: op for 7
10-04 23:51:02.086  6488  6514 D bt_upio : upio_set : pio 0 action 2, polarity 0
10-04 23:51:02.086  6488  6514 D bt_upio : BT_WAKE is asserted already
10-04 23:51:02.106  6488  6514 D bt_vendor: op for 7
10-04 23:51:02.106  6488  6514 D bt_upio : upio_set : pio 0 action 2, polarity 0
10-04 23:51:02.106  6488  6514 D bt_upio : BT_WAKE is asserted already
10-04 23:51:02.127  6488  6514 D bt_vendor: op for 7
10-04 23:51:02.127  6488  6514 D bt_upio : upio_set : pio 0 action 2, polarity 0
10-04 23:51:02.127  6488  6514 D bt_upio : BT_WAKE is asserted already
10-04 23:51:02.147  6488  6514 D bt_vendor: op for 7
10-04 23:51:02.147  6488  6514 D bt_upio : upio_set : pio 0 action 2, polarity 0
10-04 23:51:02.147  6488  6514 D bt_upio : BT_WAKE is asserted already
10-04 23:51:02.167  6488  6514 D bt_vendor: op for 7
10-04 23:51:02.167  6488  6514 D bt_upio : upio_set : pio 0 action 2, polarity 0
10-04 23:51:02.167  6488  6514 D bt_upio : BT_WAKE is asserted already
10-04 23:51:02.187  6488  6514 D bt_vendor: op for 7
10-04 23:51:02.188  6488  6514 D bt_upio : upio_set : pio 0 action 2, polarity 0
10-04 23:51:02.188  6488  6514 D bt_upio : BT_WAKE is asserted already
10-04 23:51:02.207  6488  6514 D bt_vendor: op for 7
10-04 23:51:02.207  6488  6514 D bt_upio : upio_set : pio 0 action 2, polarity 0
10-04 23:51:02.207  6488  6514 D bt_upio : BT_WAKE is asserted already
10-04 23:51:02.226  6488  6514 D bt_vendor: op for 7
10-04 23:51:02.226  6488  6514 D bt_upio : upio_set : pio 0 action 2, polarity 0
10-04 23:51:02.226  6488  6514 D bt_upio : BT_WAKE is asserted already
10-04 23:51:02.247  6488  6514 D bt_vendor: op for 7
10-04 23:51:02.247  6488  6514 D bt_upio : upio_set : pio 0 action 2, polarity 0
10-04 23:51:02.247  6488  6514 D bt_upio : BT_WAKE is asserted already
10-04 23:51:02.267  6488  6514 D bt_vendor: op for 7
10-04 23:51:02.267   448   594 E ThermalEngine: [BMHB_GOV] read failed VS_TEMP
10-04 23:51:02.267  6488  6514 D bt_upio : upio_set : pio 0 action 2, polarity 0
10-04 23:51:02.267  6488  6514 D bt_upio : BT_WAKE is asserted already
10-04 23:51:02.287  6488  6514 D bt_vendor: op for 7
10-04 23:51:02.287  6488  6514 D bt_upio : upio_set : pio 0 action 2, polarity 0
10-04 23:51:02.287  6488  6514 D bt_upio : BT_WAKE is asserted already
10-04 23:51:02.312  6488  6514 D bt_vendor: op for 7
10-04 23:51:02.312  6488  6514 D bt_upio : upio_set : pio 0 action 2, polarity 0
10-04 23:51:02.312  6488  6514 D bt_upio : BT_WAKE is asserted already
10-04 23:51:02.325  1090  3698 E QCOM PowerHAL: Failed to acquire lock.
10-04 23:51:02.327  6488  6514 D bt_vendor: op for 7
10-04 23:51:02.327  6488  6514 D bt_upio : upio_set : pio 0 action 2, polarity 0
10-04 23:51:02.327  6488  6514 D bt_upio : BT_WAKE is asserted already
10-04 23:51:02.347  6488  6514 D bt_vendor: op for 7
10-04 23:51:02.347  6488  6514 D bt_upio : upio_set : pio 0 action 2, polarity 0
10-04 23:51:02.347  6488  6514 D bt_upio : BT_WAKE is asserted already
10-04 23:51:02.367  6488  6514 D bt_vendor: op for 7
10-04 23:51:02.367  6488  6514 D bt_upio : upio_set : pio 0 action 2, polarity 0
10-04 23:51:02.367  6488  6514 D bt_upio : BT_WAKE is asserted already
10-04 23:51:02.388  6488  6514 D bt_vendor: op for 7
10-04 23:51:02.388  6488  6514 D bt_upio : upio_set : pio 0 action 2, polarity 0
10-04 23:51:02.388  6488  6514 D bt_upio : BT_WAKE is asserted already
10-04 23:51:02.407  6488  6514 D bt_vendor: op for 7
10-04 23:51:02.407  6488  6514 D bt_upio : upio_set : pio 0 action 2, polarity 0
10-04 23:51:02.407  6488  6514 D bt_upio : BT_WAKE is asserted already
10-04 23:51:02.427  6488  6514 D bt_vendor: op for 7
10-04 23:51:02.427  6488  6514 D bt_upio : upio_set : pio 0 action 2, polarity 0
10-04 23:51:02.427  6488  6514 D bt_upio : BT_WAKE is asserted already
10-04 23:51:02.447  6488  6514 D bt_vendor: op for 7
10-04 23:51:02.447  6488  6514 D bt_upio : upio_set : pio 0 action 2, polarity 0
10-04 23:51:02.447  6488  6514 D bt_upio : BT_WAKE is asserted already
10-04 23:51:02.467  6488  6514 D bt_vendor: op for 7
10-04 23:51:02.467  6488  6514 D bt_upio : upio_set : pio 0 action 2, polarity 0
10-04 23:51:02.467  6488  6514 D bt_upio : BT_WAKE is asserted already
10-04 23:51:02.487  6488  6514 D bt_vendor: op for 7
10-04 23:51:02.487  6488  6514 D bt_upio : upio_set : pio 0 action 2, polarity 0
10-04 23:51:02.487  6488  6514 D bt_upio : BT_WAKE is asserted already
10-04 23:51:02.507  6488  6514 D bt_vendor: op for 7
10-04 23:51:02.512  6488  6514 D bt_upio : upio_set : pio 0 action 2, polarity 0
10-04 23:51:02.512  6488  6514 D bt_upio : BT_WAKE is asserted already
10-04 23:51:02.526  6488  6514 D bt_vendor: op for 7
10-04 23:51:02.526  6488  6514 D bt_upio : upio_set : pio 0 action 2, polarity 0
10-04 23:51:02.526  6488  6514 D bt_upio : BT_WAKE is asserted already
10-04 23:51:02.547  6488  6514 D bt_vendor: op for 7
10-04 23:51:02.547  6488  6514 D bt_upio : upio_set : pio 0 action 2, polarity 0
10-04 23:51:02.547  6488  6514 D bt_upio : BT_WAKE is asserted already
10-04 23:51:02.567  6488  6514 D bt_vendor: op for 7
10-04 23:51:02.567  6488  6514 D bt_upio : upio_set : pio 0 action 2, polarity 0
10-04 23:51:02.567  6488  6514 D bt_upio : BT_WAKE is asserted already
10-04 23:51:02.587  6488  6514 D bt_vendor: op for 7
10-04 23:51:02.587  6488  6514 D bt_upio : upio_set : pio 0 action 2, polarity 0
10-04 23:51:02.587  6488  6514 D bt_upio : BT_WAKE is asserted already
10-04 23:51:02.607  6488  6514 D bt_vendor: op for 7
10-04 23:51:02.607  6488  6514 D bt_upio : upio_set : pio 0 action 2, polarity 0
10-04 23:51:02.607  6488  6514 D bt_upio : BT_WAKE is asserted already
10-04 23:51:02.627  6488  6514 D bt_vendor: op for 7
10-04 23:51:02.627  6488  6514 D bt_upio : upio_set : pio 0 action 2, polarity 0
10-04 23:51:02.627  6488  6514 D bt_upio : BT_WAKE is asserted already
10-04 23:51:02.648  6488  6514 D bt_vendor: op for 7
10-04 23:51:02.648  6488  6514 D bt_upio : upio_set : pio 0 action 2, polarity 0
10-04 23:51:02.648  6488  6514 D bt_upio : BT_WAKE is asserted already
10-04 23:51:02.666  6488  6514 D bt_vendor: op for 7
10-04 23:51:02.666  6488  6514 D bt_upio : upio_set : pio 0 action 2, polarity 0
10-04 23:51:02.666  6488  6514 D bt_upio : BT_WAKE is asserted already
10-04 23:51:02.687  6488  6514 D bt_vendor: op for 7
10-04 23:51:02.687  6488  6514 D bt_upio : upio_set : pio 0 action 2, polarity 0
10-04 23:51:02.687  6488  6514 D bt_upio : BT_WAKE is asserted already
10-04 23:51:02.707  6488  6514 D bt_vendor: op for 7
10-04 23:51:02.707  6488  6514 D bt_upio : upio_set : pio 0 action 2, polarity 0
10-04 23:51:02.707  6488  6514 D bt_upio : BT_WAKE is asserted already
10-04 23:51:02.727  6488  6514 D bt_vendor: op for 7
10-04 23:51:02.727  6488  6514 D bt_upio : upio_set : pio 0 action 2, polarity 0
10-04 23:51:02.727  6488  6514 D bt_upio : BT_WAKE is asserted already
10-04 23:51:02.748  6488  6514 D bt_vendor: op for 7
10-04 23:51:02.748  6488  6514 D bt_upio : upio_set : pio 0 action 2, polarity 0
10-04 23:51:02.748  6488  6514 D bt_upio : BT_WAKE is asserted already
10-04 23:51:02.767  6488  6514 D bt_vendor: op for 7
10-04 23:51:02.767  6488  6514 D bt_upio : upio_set : pio 0 action 2, polarity 0
10-04 23:51:02.767  6488  6514 D bt_upio : BT_WAKE is asserted already
10-04 23:51:02.787  6488  6514 D bt_vendor: op for 7
10-04 23:51:02.787  6488  6514 D bt_upio : upio_set : pio 0 action 2, polarity 0
10-04 23:51:02.787  6488  6514 D bt_upio : BT_WAKE is asserted already
10-04 23:51:02.811  6488  6514 D bt_vendor: op for 7
10-04 23:51:02.811  6488  6514 D bt_upio : upio_set : pio 0 action 2, polarity 0
10-04 23:51:02.811  6488  6514 D bt_upio : BT_WAKE is asserted already
10-04 23:51:02.827  6488  6514 D bt_vendor: op for 7
10-04 23:51:02.827  6488  6514 D bt_upio : upio_set : pio 0 action 2, polarity 0
10-04 23:51:02.827  6488  6514 D bt_upio : BT_WAKE is asserted already
10-04 23:51:02.837  1090  3698 E QCOM PowerHAL: Failed to acquire lock.
10-04 23:51:02.847  6488  6514 D bt_vendor: op for 7
10-04 23:51:02.848  6488  6514 D bt_upio : upio_set : pio 0 action 2, polarity 0
10-04 23:51:02.848  6488  6514 D bt_upio : BT_WAKE is asserted already
10-04 23:51:02.867  6488  6514 D bt_vendor: op for 7
10-04 23:51:02.867  6488  6514 D bt_upio : upio_set : pio 0 action 2, polarity 0
10-04 23:51:02.867  6488  6514 D bt_upio : BT_WAKE is asserted already
10-04 23:51:02.887  6488  6514 D bt_vendor: op for 7
10-04 23:51:02.887  6488  6514 D bt_upio : upio_set : pio 0 action 2, polarity 0
10-04 23:51:02.887  6488  6514 D bt_upio : BT_WAKE is asserted already
10-04 23:51:02.907  6488  6514 D bt_vendor: op for 7
10-04 23:51:02.907  6488  6514 D bt_upio : upio_set : pio 0 action 2, polarity 0
10-04 23:51:02.907  6488  6514 D bt_upio : BT_WAKE is asserted already
10-04 23:51:02.928  6488  6514 D bt_vendor: op for 7
10-04 23:51:02.928  6488  6514 D bt_upio : upio_set : pio 0 action 2, polarity 0
10-04 23:51:02.928  6488  6514 D bt_upio : BT_WAKE is asserted already
10-04 23:51:02.947  6488  6514 D bt_vendor: op for 7
10-04 23:51:02.947  6488  6514 D bt_upio : upio_set : pio 0 action 2, polarity 0
10-04 23:51:02.947  6488  6514 D bt_upio : BT_WAKE is asserted already
10-04 23:51:02.968  6488  6514 D bt_vendor: op for 7
10-04 23:51:02.969  6488  6514 D bt_upio : upio_set : pio 0 action 2, polarity 0
10-04 23:51:02.969  6488  6514 D bt_upio : BT_WAKE is asserted already
10-04 23:51:02.987  6488  6514 D bt_vendor: op for 7
10-04 23:51:02.987  6488  6514 D bt_upio : upio_set : pio 0 action 2, polarity 0
10-04 23:51:02.987  6488  6514 D bt_upio : BT_WAKE is asserted already
10-04 23:51:03.006  6488  6514 D bt_vendor: op for 7
10-04 23:51:03.006  6488  6514 D bt_upio : upio_set : pio 0 action 2, polarity 0
10-04 23:51:03.006  6488  6514 D bt_upio : BT_WAKE is asserted already
10-04 23:51:03.026  6488  6514 D bt_vendor: op for 7
10-04 23:51:03.027  6488  6514 D bt_upio : upio_set : pio 0 action 2, polarity 0
10-04 23:51:03.027  6488  6514 D bt_upio : BT_WAKE is asserted already
10-04 23:51:03.047  6488  6514 D bt_vendor: op for 7
10-04 23:51:03.047  6488  6514 D bt_upio : upio_set : pio 0 action 2, polarity 0
10-04 23:51:03.047  6488  6514 D bt_upio : BT_WAKE is asserted already
10-04 23:51:03.066  6488  6514 D bt_vendor: op for 7
10-04 23:51:03.066  6488  6514 D bt_upio : upio_set : pio 0 action 2, polarity 0
10-04 23:51:03.066  6488  6514 D bt_upio : BT_WAKE is asserted already
10-04 23:51:03.086  6488  6514 D bt_vendor: op for 7
10-04 23:51:03.086  6488  6514 D bt_upio : upio_set : pio 0 action 2, polarity 0
10-04 23:51:03.086  6488  6514 D bt_upio : BT_WAKE is asserted already
10-04 23:51:03.106  6488  6514 D bt_vendor: op for 7
10-04 23:51:03.106  6488  6514 D bt_upio : upio_set : pio 0 action 2, polarity 0
10-04 23:51:03.106  6488  6514 D bt_upio : BT_WAKE is asserted already
10-04 23:51:03.127  6488  6514 D bt_vendor: op for 7
10-04 23:51:03.127  6488  6514 D bt_upio : upio_set : pio 0 action 2, polarity 0
10-04 23:51:03.127  6488  6514 D bt_upio : BT_WAKE is asserted already
10-04 23:51:03.147  6488  6514 D bt_vendor: op for 7
10-04 23:51:03.147  6488  6514 D bt_upio : upio_set : pio 0 action 2, polarity 0
10-04 23:51:03.147  6488  6514 D bt_upio : BT_WAKE is asserted already
10-04 23:51:03.167  6488  6514 D bt_vendor: op for 7
10-04 23:51:03.167  6488  6514 D bt_upio : upio_set : pio 0 action 2, polarity 0
10-04 23:51:03.167  6488  6514 D bt_upio : BT_WAKE is asserted already
10-04 23:51:03.187  6488  6514 D bt_vendor: op for 7
10-04 23:51:03.187  6488  6514 D bt_upio : upio_set : pio 0 action 2, polarity 0
10-04 23:51:03.188  6488  6514 D bt_upio : BT_WAKE is asserted already
10-04 23:51:03.207  6488  6514 D bt_vendor: op for 7
10-04 23:51:03.207  6488  6514 D bt_upio : upio_set : pio 0 action 2, polarity 0
10-04 23:51:03.207  6488  6514 D bt_upio : BT_WAKE is asserted already
10-04 23:51:03.227  6488  6514 D bt_vendor: op for 7
10-04 23:51:03.227  6488  6514 D bt_upio : upio_set : pio 0 action 2, polarity 0
10-04 23:51:03.227  6488  6514 D bt_upio : BT_WAKE is asserted already
10-04 23:51:03.246  6488  6514 D bt_vendor: op for 7
10-04 23:51:03.246  6488  6514 D bt_upio : upio_set : pio 0 action 2, polarity 0
10-04 23:51:03.246  6488  6514 D bt_upio : BT_WAKE is asserted already
10-04 23:51:03.267  6488  6514 D bt_vendor: op for 7
10-04 23:51:03.267  6488  6514 D bt_upio : upio_set : pio 0 action 2, polarity 0
10-04 23:51:03.267  6488  6514 D bt_upio : BT_WAKE is asserted already
10-04 23:51:03.286  6488  6514 D bt_vendor: op for 7
10-04 23:51:03.286  6488  6514 D bt_upio : upio_set : pio 0 action 2, polarity 0
10-04 23:51:03.286  6488  6514 D bt_upio : BT_WAKE is asserted already
10-04 23:51:03.307  6488  6514 D bt_vendor: op for 7
10-04 23:51:03.308  6488  6514 D bt_upio : upio_set : pio 0 action 2, polarity 0
10-04 23:51:03.308  6488  6514 D bt_upio : BT_WAKE is asserted already
10-04 23:51:03.327  6488  6514 D bt_vendor: op for 7
10-04 23:51:03.327  6488  6514 D bt_upio : upio_set : pio 0 action 2, polarity 0
10-04 23:51:03.327  6488  6514 D bt_upio : BT_WAKE is asserted already
10-04 23:51:03.347  6488  6514 D bt_vendor: op for 7
10-04 23:51:03.347  6488  6514 D bt_upio : upio_set : pio 0 action 2, polarity 0
10-04 23:51:03.347  6488  6514 D bt_upio : BT_WAKE is asserted already
10-04 23:51:03.367  6488  6514 D bt_vendor: op for 7
10-04 23:51:03.367  6488  6514 D bt_upio : upio_set : pio 0 action 2, polarity 0
10-04 23:51:03.367  6488  6514 D bt_upio : BT_WAKE is asserted already
10-04 23:51:03.383  1090  3698 E QCOM PowerHAL: Failed to acquire lock.
10-04 23:51:03.387  6488  6514 D bt_vendor: op for 7
10-04 23:51:03.387  6488  6514 D bt_upio : upio_set : pio 0 action 2, polarity 0
10-04 23:51:03.387  6488  6514 D bt_upio : BT_WAKE is asserted already
10-04 23:51:03.407  6488  6514 D bt_vendor: op for 7
10-04 23:51:03.407  6488  6514 D bt_upio : upio_set : pio 0 action 2, polarity 0
10-04 23:51:03.407  6488  6514 D bt_upio : BT_WAKE is asserted already
10-04 23:51:03.426  6488  6514 D bt_vendor: op for 7
10-04 23:51:03.426  6488  6514 D bt_upio : upio_set : pio 0 action 2, polarity 0
10-04 23:51:03.426  6488  6514 D bt_upio : BT_WAKE is asserted already
10-04 23:51:03.449  6488  6514 D bt_vendor: op for 7
10-04 23:51:03.449  6488  6514 D bt_upio : upio_set : pio 0 action 2, polarity 0
10-04 23:51:03.449  6488  6514 D bt_upio : BT_WAKE is asserted already
10-04 23:51:03.467  6488  6514 D bt_vendor: op for 7
10-04 23:51:03.467  6488  6514 D bt_upio : upio_set : pio 0 action 2, polarity 0
10-04 23:51:03.467  6488  6514 D bt_upio : BT_WAKE is asserted already
10-04 23:51:03.492  6488  6514 D bt_vendor: op for 7
10-04 23:51:03.492  6488  6514 D bt_upio : upio_set : pio 0 action 2, polarity 0
10-04 23:51:03.492  6488  6514 D bt_upio : BT_WAKE is asserted already
10-04 23:51:03.506  6488  6514 D bt_vendor: op for 7
10-04 23:51:03.506  6488  6514 D bt_upio : upio_set : pio 0 action 2, polarity 0
10-04 23:51:03.506  6488  6514 D bt_upio : BT_WAKE is asserted already
10-04 23:51:03.527  6488  6514 D bt_vendor: op for 7
10-04 23:51:03.527  6488  6514 D bt_upio : upio_set : pio 0 action 2, polarity 0
10-04 23:51:03.527  6488  6514 D bt_upio : BT_WAKE is asserted already
10-04 23:51:03.547  6488  6514 D bt_vendor: op for 7
10-04 23:51:03.547  6488  6514 D bt_upio : upio_set : pio 0 action 2, polarity 0
10-04 23:51:03.547  6488  6514 D bt_upio : BT_WAKE is asserted already
10-04 23:51:03.566  6488  6514 D bt_vendor: op for 7
10-04 23:51:03.566  6488  6514 D bt_upio : upio_set : pio 0 action 2, polarity 0
10-04 23:51:03.566  6488  6514 D bt_upio : BT_WAKE is asserted already
10-04 23:51:03.586  6488  6514 D bt_vendor: op for 7
10-04 23:51:03.586  6488  6514 D bt_upio : upio_set : pio 0 action 2, polarity 0
10-04 23:51:03.586  6488  6514 D bt_upio : BT_WAKE is asserted already
10-04 23:51:03.607  6488  6514 D bt_vendor: op for 7
10-04 23:51:03.607  6488  6514 D bt_upio : upio_set : pio 0 action 2, polarity 0
10-04 23:51:03.607  6488  6514 D bt_upio : BT_WAKE is asserted already
10-04 23:51:03.627  6488  6514 D bt_vendor: op for 7
10-04 23:51:03.627  6488  6514 D bt_upio : upio_set : pio 0 action 2, polarity 0
10-04 23:51:03.627  6488  6514 D bt_upio : BT_WAKE is asserted already
10-04 23:51:03.647  6488  6514 D bt_vendor: op for 7
10-04 23:51:03.647  6488  6514 D bt_upio : upio_set : pio 0 action 2, polarity 0
10-04 23:51:03.647  6488  6514 D bt_upio : BT_WAKE is asserted already
10-04 23:51:03.667  6488  6514 D bt_vendor: op for 7
10-04 23:51:03.667  6488  6514 D bt_upio : upio_set : pio 0 action 2, polarity 0
10-04 23:51:03.667  6488  6514 D bt_upio : BT_WAKE is asserted already
10-04 23:51:03.687  6488  6514 D bt_vendor: op for 7
10-04 23:51:03.687  6488  6514 D bt_upio : upio_set : pio 0 action 2, polarity 0
10-04 23:51:03.687  6488  6514 D bt_upio : BT_WAKE is asserted already
10-04 23:51:03.707  6488  6514 D bt_vendor: op for 7
10-04 23:51:03.707  6488  6514 D bt_upio : upio_set : pio 0 action 2, polarity 0
10-04 23:51:03.707  6488  6514 D bt_upio : BT_WAKE is asserted already
10-04 23:51:03.726  6488  6514 D bt_vendor: op for 7
10-04 23:51:03.727  6488  6514 D bt_upio : upio_set : pio 0 action 2, polarity 0
10-04 23:51:03.727  6488  6514 D bt_upio : BT_WAKE is asserted already
10-04 23:51:03.746  6488  6514 D bt_vendor: op for 7
10-04 23:51:03.746  6488  6514 D bt_upio : upio_set : pio 0 action 2, polarity 0
10-04 23:51:03.746  6488  6514 D bt_upio : BT_WAKE is asserted already
10-04 23:51:03.767  6488  6514 D bt_vendor: op for 7
10-04 23:51:03.767  6488  6514 D bt_upio : upio_set : pio 0 action 2, polarity 0
10-04 23:51:03.767  6488  6514 D bt_upio : BT_WAKE is asserted already
10-04 23:51:03.786  6488  6514 D bt_vendor: op for 7
10-04 23:51:03.786  6488  6514 D bt_upio : upio_set : pio 0 action 2, polarity 0
10-04 23:51:03.786  6488  6514 D bt_upio : BT_WAKE is asserted already
10-04 23:51:03.806  6488  6514 D bt_vendor: op for 7
10-04 23:51:03.806  6488  6514 D bt_upio : upio_set : pio 0 action 2, polarity 0
10-04 23:51:03.806  6488  6514 D bt_upio : BT_WAKE is asserted already
10-04 23:51:03.826  6488  6514 D bt_vendor: op for 7
10-04 23:51:03.826  6488  6514 D bt_upio : upio_set : pio 0 action 2, polarity 0
10-04 23:51:03.826  6488  6514 D bt_upio : BT_WAKE is asserted already
10-04 23:51:03.847  6488  6514 D bt_vendor: op for 7
10-04 23:51:03.847  6488  6514 D bt_upio : upio_set : pio 0 action 2, polarity 0
10-04 23:51:03.847  6488  6514 D bt_upio : BT_WAKE is asserted already
10-04 23:51:03.867  6488  6514 D bt_vendor: op for 7
10-04 23:51:03.867  6488  6514 D bt_upio : upio_set : pio 0 action 2, polarity 0
10-04 23:51:03.867  6488  6514 D bt_upio : BT_WAKE is asserted already
10-04 23:51:03.875  1090  3698 E QCOM PowerHAL: Failed to acquire lock.
10-04 23:51:03.887  6488  6514 D bt_vendor: op for 7
10-04 23:51:03.887  6488  6514 D bt_upio : upio_set : pio 0 action 2, polarity 0
10-04 23:51:03.887  6488  6514 D bt_upio : BT_WAKE is asserted already
10-04 23:51:03.907  6488  6514 D bt_vendor: op for 7
10-04 23:51:03.907  6488  6514 D bt_upio : upio_set : pio 0 action 2, polarity 0
10-04 23:51:03.907  6488  6514 D bt_upio : BT_WAKE is asserted already
10-04 23:51:03.927  6488  6514 D bt_vendor: op for 7
10-04 23:51:03.928  6488  6514 D bt_upio : upio_set : pio 0 action 2, polarity 0
10-04 23:51:03.928  6488  6514 D bt_upio : BT_WAKE is asserted already
10-04 23:51:03.949  6488  6514 D bt_vendor: op for 7
10-04 23:51:03.949  6488  6514 D bt_upio : upio_set : pio 0 action 2, polarity 0
10-04 23:51:03.949  6488  6514 D bt_upio : BT_WAKE is asserted already
10-04 23:51:03.967  6488  6514 D bt_vendor: op for 7
10-04 23:51:03.968  6488  6514 D bt_upio : upio_set : pio 0 action 2, polarity 0
