01-03 17:23:48.667 19537 19537 I qomx_image_core: OMX_Deinit:119] Complete
01-03 17:23:48.677 19537 19537 I Thermal-Lib: Thermal-Lib-Client: Unregisteration is successfull for handle:1
01-03 17:23:48.677   492   585 I ThermalEngine: Thermal-Server: removing client on fd 68
01-03 17:23:48.678 19537 19537 I Thermal-Lib: Thermal-Lib-Client: Unregisteration is successfull for handle:2
01-03 17:23:48.680   515 19833 D mm-camera: mct: mct_pipeline_process_set:command=800000b
01-03 17:23:48.680   515 19833 E mm-camera: mct: mct_pipeline_process_set:2966: Couldn't find stream id: 0
01-03 17:23:48.681   515   515 D mm-camera: mct: mct_controller_destroy: Initiating destroy sequence
01-03 17:23:48.681 19537 19537 I QCamera2HWI: [KPI Perf] int qcamera::QCamera2HardwareInterface::closeCamera(): X PROFILE_CLOSE_CAMERA camera id 1, rc: 0
01-03 17:23:48.681 19537 19537 E QCamera2HWI: int qcamera::QCamera2HardwareInterface::closeCamera():[PREVIEW_COUNT] preview_count(0)
01-03 17:23:48.681   515 19834 D mm-camera: mct: mct_bus_handler_thread_run: Force Exit
01-03 17:23:48.681   515   515 D mm-camera: mct: mct_controller_destroy: bus_handler thread closed
01-03 17:23:48.681   515   515 D mm-camera: mct: mct_pipeline_stop_session - E
01-03 17:23:48.681   515   515 D mm-camera: mct: mct_pipeline_process_set:command=800000b
01-03 17:23:48.681   515   515 D mm-camera: mct: mct_pipeline_process_set: Issuing DEL_STREAM on stream 0x2000f and stream type=10
01-03 17:23:48.681   515   515 E mm-camera: port_iface_ext_unlink_func: E, identity = 0x2000f, port = 0xed323620, direction = 2
01-03 17:23:48.682   515   515 E mm-camera: port_iface_check_caps_unreserve_func:  E, identity = 0x2000f, port = 0xed323620, direction = 2
01-03 17:23:48.682   515   515 E mm-camera: iface_unreserve_sink_port: stream_id f mode 0 
01-03 17:23:48.682   515   515 E mm-camera: port_iface_ext_unlink_func: E, identity = 0x2000f, port = 0xed323920, direction = 1
01-03 17:23:48.682   515   515 E mm-camera: iface_ext_unlink_src_port: mct stream already removed from hw stream
01-03 17:23:48.682   515   515 E mm-camera: port_iface_check_caps_unreserve_func:  E, identity = 0x2000f, port = 0xed323920, direction = 1
01-03 17:23:48.682   515   515 E mm-camera: isp_port_check_caps_unreserve:826 ide 2000f port 0xed061ac0
01-03 17:23:48.686   515   515 E mm-camera: module_afs_port_check_caps_unreserve:1524] 
01-03 17:23:48.686   515   515 E mm-camera: module_afs_port_check_caps_unreserve:1532] destroy client
01-03 17:23:48.686   515   515 E mm-camera: module_imgbase_port_release_client_llvd:1553] 
01-03 17:23:48.686   515   515 E mm-camera: q3a_thread_af_stop:1019  q3a_thread_af_stop:1019 MSG_STOP_THREAD
01-03 17:23:48.687 19537 19537 E QCamera2HWI: int qcamera::QCamera2HardwareInterface::closeCamera():[PREVIEW_COUNT][LOAD] preview_count(0) // MultiView(0)
01-03 17:23:48.687 19537 19537 I QCamera2HWI: [KPI Perf] static int qcamera::QCamera2HardwareInterface::close_camera_device(hw_device_t*): X
01-03 17:23:48.687 19537 19537 I CameraProviderManager: Enumerating new camera device: device@3.3/legacy/1
01-03 17:23:48.688 19537 19537 I CameraProviderManager: Camera provider legacy/0 ready with 4 camera devices
01-03 17:23:48.688 19537 19537 I CameraHardwareInterface: Opening camera 0
01-03 17:23:48.689 19537 19537 I CamDev@1.0-impl: Opening camera 0
01-03 17:23:48.689 19537 19537 I QCamera2Factory: :static int qcamera::QCamera2Factory::openLegacy(int32_t, uint32_t, hw_device_t**) openLegacy halVersion: 256
01-03 17:23:48.690 19537 19537 D vndksupport: Loading /vendor/lib/hw/power.msm8992.so from current namespace instead of sphal namespace.
01-03 17:23:48.691 19537 19845 D QCamera2HWI: static void* qcamera::QCamera2HardwareInterface::defferedWorkRoutine(void*): start data proc
01-03 17:23:48.692   515   515 E mm-camera: stats_port_delete_reserved_stream:2602  stats_port_delete_reserved_stream:2602: going to NULL peer
01-03 17:23:48.692   515   515 D mm-camera: mct: mct_pipeline_process_set: Stream 0x2000f and stream type=10, successfully deleted
01-03 17:23:48.693   515 19846 D mm-camera: mct: mct_pipeline_stop_session_thread: Stop module name: sensor - E
01-03 17:23:48.696 19537 19537 I QCamera2HWI: [KPI Perf] int qcamera::QCamera2HardwareInterface::openCamera(hw_device_t**): E PROFILE_OPEN_CAMERA camera id 0
01-03 17:23:48.696   515 19847 D mm-camera: mct: mct_pipeline_stop_session_thread: Stop module name: iface - E
01-03 17:23:48.697   515 19847 D mm-camera: mct: mct_pipeline_stop_session_thread: Stop module name: iface - X
01-03 17:23:48.699   515 19850 D mm-camera: mct: mct_pipeline_stop_session_thread: Stop module name: isp - E
01-03 17:23:48.699   515 19850 E mm-camera-isp2: isp_module_stop_session:414 session id 2
01-03 17:23:48.700   515 19851 D mm-camera: mct: mct_pipeline_stop_session_thread: Stop module name: stats - E
01-03 17:23:48.702   515 19850 D mm-camera: mct: mct_pipeline_stop_session_thread: Stop module name: isp - X
01-03 17:23:48.703   515 19852 D mm-camera: mct: mct_pipeline_stop_session_thread: Stop module name: pproc - E
01-03 17:23:48.704   515   515 D mm-camera: mct: mct_pipeline_stop_session: left modules: 5
01-03 17:23:48.704   515 19853 D mm-camera: mct: mct_pipeline_stop_session_thread: Stop module name: imglib - E
01-03 17:23:48.704   515   515 D mm-camera: mct: mct_pipeline_stop_session: left modules: 4
01-03 17:23:48.704   515 19853 E mm-camera: module_faceproc_stop_session:1885] session cnt 1
01-03 17:23:48.705   515 19853 D mm-camera: mct: mct_pipeline_stop_session_thread: Stop module name: imglib - X
01-03 17:23:48.705   515   515 D mm-camera: mct: mct_pipeline_stop_session: left modules: 3
01-03 17:23:48.706   515 19851 E mm-camera: gyro_port_deinit:1446  gyro_port_deinit: Error in android Deinit
01-03 17:23:48.706   515 19851 I CAMERA_SENSOR: stop_accel_sensor
01-03 17:23:48.707   515 19852 E mm-camera-pp: [INFO] base_module_stop_session:98, E, session=2
01-03 17:23:48.708   515 19852 E mm-camera-pp: [INFO] base_module_stop_session:98, E, session=2
01-03 17:23:48.708   515 19852 D mm-camera: mct: mct_pipeline_stop_session_thread: Stop module name: pproc - X
01-03 17:23:48.708   515   515 D mm-camera: mct: mct_pipeline_stop_session: left modules: 2
01-03 17:23:48.709   515 19824 I CAMERA_SENSOR: accel_data_cb received RESP - SNS_SMGR_CANCEL_RESP_V01
01-03 17:23:48.709   515 19851 D mm-camera: mct: mct_pipeline_stop_session_thread: Stop module name: stats - X
01-03 17:23:48.710   515   515 D mm-camera: mct: mct_pipeline_stop_session: left modules: 1
01-03 17:23:48.712   515 19846 E mm-camera: sensor_close:4609ctrl->isStreaming make false
01-03 17:23:48.713   515 19846 D mm-camera: mct: mct_pipeline_stop_session_thread: Stop module name: sensor - X
01-03 17:23:48.713   515   515 D mm-camera: mct: mct_pipeline_stop_session: left modules: 0
01-03 17:23:48.713   515   515 D mm-camera: mct: mct_pipeline_stop_session - X
01-03 17:23:48.714   515   515 D mm-camera: mct: mct_pipeline_destroy E: session:2 
01-03 17:23:48.714   515   515 D mm-camera: mct: mct_pipeline_destroy X: Pipeline destroyed successfully
01-03 17:23:48.714   515   515 D mm-camera: mct: mct_controller_destroy: X Successfully closed mct_controller
01-03 17:23:48.715  5094  5574 I CameraManagerGlobal: Connecting to camera service
01-03 17:23:48.715  5094  5574 E CameraManagerGlobal: Camera service is unavailable
01-03 17:23:48.715   515   515 D mm-camera: mct: mct_controller_new: Creating new mct_controller with session-id 1
01-03 17:23:48.716   515 19855 D mm-camera: mct: mct_pipeline_start_session_thread: E sensor
01-03 17:23:48.716   515 19856 D mm-camera: mct: mct_pipeline_start_session_thread: E iface
01-03 17:23:48.717   515 19857 D mm-camera: mct: mct_pipeline_start_session_thread: E isp
01-03 17:23:48.717   515 19857 E mm-camera-isp2: isp_module_start_session:178 session id 1
01-03 17:23:48.717   515 19856 D mm-camera: mct: mct_pipeline_start_session_thread: X stats
01-03 17:23:48.718   515 19859 D mm-camera: mct: mct_pipeline_start_session_thread: E stats
01-03 17:23:48.721   515 19860 D mm-camera: mct: mct_pipeline_start_session_thread: E pproc
01-03 17:23:48.721   515 19859 E mm-camera: tcc_init: TCC ver.150418a
01-03 17:23:48.723   515 19861 D mm-camera: mct: mct_pipeline_start_session_thread: E imglib
01-03 17:23:48.724   515 19861 E mm-camera: module_faceproc_start_session:1844] session cnt 1
01-03 17:23:48.726   515 19861 D mm-camera: mct: mct_pipeline_start_session_thread: X imglib
01-03 17:23:48.729   515 19857 E mm-camera-isp2: isp_module_start_session:347 num_session_opened 1
01-03 17:23:48.729   515 19857 D mm-camera: mct: mct_pipeline_start_session_thread: X imglib
01-03 17:23:48.733   515 19859 E mm-camera: sensor_laser_init:144  HW module: id: sensors name: STMicroelectronics VL53L0 sensor module
01-03 17:23:48.734   515 19859 E Sensors : openInput
01-03 17:23:48.734   515 19859 E Sensors : devname: /dev/input/event4
01-03 17:23:48.737   515 19855 E mm-camera: module_sensor_init_session:1245eeprom_name = imx234_eeprom
01-03 17:23:48.749   515 19859 E Sensors : devname: /dev/input/event3
01-03 17:23:48.774   515 19860 E mm-camera-pp: [INFO] base_module_start_session:91, E, session=1
01-03 17:23:48.774   515 19860 E mm-camera-pp: [INFO] base_module_start_session:91, E, session=1
01-03 17:23:48.775   515 19860 D mm-camera: mct: mct_pipeline_start_session_thread: X imglib
01-03 17:23:48.775   515 19859 E Sensors : devname: /dev/input/event0
01-03 17:23:48.784   515 19855 E mm-camera: module_sensor_init_session:1277flash subdev id = 0
01-03 17:23:48.786   515 19855 E mm-camera-sensor: sensor_sdk_util_get_kernel_i2c_addr_type:26Invalid addr_type = 0
01-03 17:23:48.786   515 19855 E mm-camera-sensor: sensor_sdk_util_get_kernel_i2c_data_type:40Invalid addr_type = 0
01-03 17:23:48.788   515 19855 E mm-camera-sensor: actuator_load_lib:491name=lc898122_claf, mode=camera
01-03 17:23:48.796   515 19855 E mm-camera-sensor: actuator_load_lib:491name=lc898122_claf, mode=camcorder
01-03 17:23:48.798   515 19855 E mm-camera-sensor: eeprom_do_af_calibration:197turn on Cal af(1)
01-03 17:23:48.798   515 19855 E mm-camera-sdk: eeprom_autofocus_calibration_claf:173 KSY Kernel original macro hall : 9600, inf hall : -12800, macro_mecha 16800, vcm_type 66
01-03 17:23:48.798   515 19855 E mm-camera-sdk: eeprom_autofocus_calibration_claf:178 KSY AF_algorithm convert macro hall : 350, inf hall : 0, total_rangetomacro : 0, offset_value_pplus_mtm : 0
01-03 17:23:48.799   515 19855 E mm-camera: ois_init:305start: ois_init
01-03 17:23:48.799   515 19859 E Sensors : devname: /dev/input/event1
01-03 17:23:48.801   515 19855 E mm-camera: ois_init:372done: ois_init
01-03 17:23:48.802   515 19874 E mm-camera: ois_thread:201ois thread is running
01-03 17:23:48.802   515 19855 E mm-camera-sensor: proxy_init:71name = LD_AF
01-03 17:23:48.802   515 19855 E mm-camera-sensor: sensor_proxy_on:151enter
01-03 17:23:48.823   515 19859 E Sensors : devname: /dev/input/mice
01-03 17:23:48.863   515 19859 E Sensors : devname: /dev/input/event2
01-03 17:23:48.893   515 19855 E mm-camera-sensor: sensor_proxy_thread_on:198enter
01-03 17:23:48.895   515 19855 E mm-camera: module_sensor_init_session:1412tcs_sensor init Enter **
01-03 17:23:48.907   515 19859 E Sensors : couldn't find 'STM VL53L0 proximity sensor' input device
01-03 17:23:48.907   515 19859 E Sensors : ProximitySensor::ProximitySensor gets called!
01-03 17:23:48.907   515 19859 E Sensors : ProximitySensor: input_name:, input_sysfs_path:/sys/class/input/input
01-03 17:23:48.907   515 19859 E Sensors : ProximitySensor::enable function called for stmvl53L0!
01-03 17:23:48.908   515 19859 E Sensors : ProximitySensor::enable filename:/sys/class/input/input/enable_ps_sensor
01-03 17:23:48.908   515 19859 E Sensors : ProximitySensor::enable: Failed to open file descriptor for enabling VL53L0
01-03 17:23:48.908   515 19859 E Sensors : ProximitySensor::enable: Attempted to open file /sys/class/input/input/enable_ps_sensor. Error: -1
01-03 17:23:48.908   515 19859 E Sensors : open_sensors gets called!
01-03 17:23:48.908   515 19859 E Sensors : is_tof_sensor_available() called
01-03 17:23:48.908   515 19859 E Sensors : devname: /dev/input/event4
01-03 17:23:48.931   515 19859 E Sensors : devname: /dev/input/event3
01-03 17:23:48.936   515 19855 E mm-camera-sensor: tcs_thread_create:291tcs_thread, thread_id 0
01-03 17:23:48.936   515 19855 E mm-camera: module_sensor_start_session:1684SUCCESS
01-03 17:23:48.936   515 19855 D mm-camera: mct: mct_pipeline_start_session_thread: X imglib
01-03 17:23:48.955   515 19859 E Sensors : devname: /dev/input/event0
01-03 17:23:48.972   515 19874 E mm-camera: ois_thread:239done : ois initialization
01-03 17:23:48.976   515 19859 E Sensors : devname: /dev/input/event1
01-03 17:23:49.001   515 19859 E Sensors : devname: /dev/input/mice
01-03 17:23:49.035   515 19859 E Sensors : devname: /dev/input/event2
01-03 17:23:49.063   515 19859 E Sensors : No Tof sensor found!!!
01-03 17:23:49.063   515 19859 E mm-camera: sensor_laser_init:164  0 sensor supported
01-03 17:23:49.065   515 19859 E mm-camera: gyro_port_init:1404  Failure initializing laser sensor. Error: 4
01-03 17:23:49.065   515 19859 I CAMERA_SENSOR: start_accel_sensor
01-03 17:23:49.065   515 19859 E mm-camera: start_accel_sensor: sensor1_open E
01-03 17:23:49.067   515 19859 E mm-camera: start_accel_sensor: sensor1_open X, res = 0
01-03 17:23:49.071   515 19880 I CAMERA_SENSOR: accel_data_cb received RESP - SNS_SMGR_REPORT_RESP_V01
01-03 17:23:49.072   515 19859 D mm-camera: mct: mct_pipeline_start_session_thread: X imglib
01-03 17:23:49.072   515   515 E mm-camera: sensor_get_cur_chromatix_name:2577Error: Load default preview chroamtix
01-03 17:23:49.072   515   515 E mm-camera-sensor: chromatix_load_library_ex : chromatix = libchromatix_imx234_snapshot_open.so , lib name = /system/vendor/lib/libchromatix_imx234_snapshot_open.so
01-03 17:23:49.073   515   515 E mm-camera-sensor: chromatix_load_library_ex : chromatix = libchromatix_imx234_snapshot_open.so , lib name = /system/vendor/lib/libchromatix_imx234_snapshot_open.so
01-03 17:23:49.073   515   515 E mm-camera-sensor: chromatix_load_library_ex : chromatix = libchromatix_imx234_common_open.so , lib name = /system/vendor/lib/libchromatix_imx234_common_open.so
01-03 17:23:49.074   515   515 E mm-camera-sensor: chromatix_load_library_ex : chromatix = libchromatix_imx234_cpp_snapshot_open.so , lib name = /system/vendor/lib/libchromatix_imx234_cpp_snapshot_open.so
01-03 17:23:49.074   515   515 E mm-camera-sensor: chromatix_load_library_ex : chromatix = libchromatix_imx234_cpp_snapshot_open.so , lib name = /system/vendor/lib/libchromatix_imx234_cpp_snapshot_open.so
01-03 17:23:49.074   515   515 E mm-camera-sensor: chromatix_load_library_ex : chromatix = libchromatix_imx234_cpp_flash_snapshot_open.so , lib name = /system/vendor/lib/libchromatix_imx234_cpp_flash_snapshot_open.so
01-03 17:23:49.074   515   515 E mm-camera-sensor: chromatix_load_library_ex : chromatix = libchromatix_imx234_cpp_video_open.so , lib name = /system/vendor/lib/libchromatix_imx234_cpp_video_open.so
01-03 17:23:49.075   515   515 E mm-camera-sensor: chromatix_load_library_ex : chromatix = libchromatix_imx234_postproc_open.so , lib name = /system/vendor/lib/libchromatix_imx234_postproc_open.so
01-03 17:23:49.076   515   515 E mm-camera-isp2: isp_resource_query_mod:145 num_isp_preallocate 1 num_session_opened 1 dual_vfe_enabled 0
01-03 17:23:49.076   515   515 E mm-camera: module_faceproc_query_mod:1996] Caps ROI 5 scene_mode_cnt 1 HW analysis supported 0
01-03 17:23:49.076   515   515 E hdr     : module_hdr_lib_query_mod:181] Supported scenemode cnt 2
01-03 17:23:49.077   515   515 D mm-camera: mct: mct_pipeline_process_set:command=800000a
01-03 17:23:49.077   515   515 D mm-camera: mct: mct_pipeline_process_set: Adding new stream: id [0f]
01-03 17:23:49.077   515   515 D mm-camera: mct: mct_pipeline_process_set:command=8000012
01-03 17:23:49.077   515   515 D mm-camera: mct: mct_stream_start_link: Start linking Session-stream 0x1000f
01-03 17:23:49.077   515   515 I mm-camera: module_iface_set_mod_func: set module type = 8, identity 1000f
01-03 17:23:49.077   515   515 E mm-camera: isp_port_check_caps_reserve:737 port 0xed061ac0 ide 1000f type 10 dim 0 0
01-03 17:23:49.077   515   515 E mm-camera: int_link = 0xed0640e0
01-03 17:23:49.078   515   515 I mm-camera: pproc_port_add_modules_to_stream:433, linking mods tmod and c2d
01-03 17:23:49.081   515   515 I mm-camera: pproc_port_add_modules_to_stream:433, linking mods c2d and cpp
01-03 17:23:49.081   515   515 E mm-camera: Interleaved flag is 0, identity 65551 port type 0
01-03 17:23:49.082   515   515 I mm-camera: pproc_port_add_modules_to_stream:433, linking mods cpp and afs
01-03 17:23:49.082   515   515 I mm-camera: pproc_port_add_modules_to_stream:433, linking mods afs and llvd
01-03 17:23:49.083   515   515 I mm-camera: pproc_port_add_modules_to_stream:433, linking mods llvd and ezt
01-03 17:23:49.083   515   515 E mm-camera: pproc_port_add_modules_to_stream:454] X rc: 1
01-03 17:23:49.094   515   515 D mm-camera: mct: mct_pipeline_process_set: Linking successful for stream 0x1000f stream type=10
01-03 17:23:49.143 19537 19537 D mm-jpeg-intf: Max picture size 5312 x 2988, WorkBufSize = 23967744
01-03 17:23:49.160 19537 19537 I qomx_image_core: OMX_Init:95] Complete 3
01-03 17:23:49.162 19537 19537 E QCameraHWI_Mem: void qcamera::QCameraMemory::traceLogAllocStart(size_t, int, const char*):HeapMemsize 659104
01-03 17:23:49.162 19537 19537 E QCameraHWI_Mem: void qcamera::QCameraMemory::traceLogAllocStart(size_t, int, const char*):Memsize 659104
01-03 17:23:49.162 19537 19537 E QCameraHWI_Mem: void qcamera::QCameraMemory::traceLogAllocEnd(size_t) 659104
01-03 17:23:49.162 19537 19537 E QCameraHWI_Mem: void qcamera::QCameraMemory::traceLogAllocEnd(size_t) 659104
01-03 17:23:49.164 19537 19537 D QCameraParameters: int32_t qcamera::QCameraParameters::initDefaultParameters(): supported preview sizes: 2560x1440,1920x1440,2048x1536,2048x1080,1920x1080,1776x1080,1440x1080,1280x960,1280x720,960x720,864x480,880x720,848x480,800x480,768x432,720x480,640x640,640x480,640x360,576x432,480x320,384x288,352x288,320x240,240x160,176x144
01-03 17:23:49.165 19537 19537 D QCameraParameters: int32_t qcamera::QCameraParameters::initDefaultParameters(): supported video sizes: 1920x1080,1280x960,1280x720,864x480,848x480,800x480,720x480,640x480,640x360,480x320,352x288,320x240,176x144,144x176
01-03 17:23:49.165 19537 19537 D QCameraParameters: int32_t qcamera::QCameraParameters::initDefaultParameters(): supported pic sizes: 5312x2988,3984x2988,3840x2160,3264x2448,3264x1836,2560x1920,2592x1944,2688x1512,2048x1536,1920x1080,1600x1200,1536x864,1280x960,1280x768,1280x720,1024x768,880x720,800x600,864x480,800x480,720x480,640x480,640x360,352x288,320x240,176x144
01-03 17:23:49.166 19537 19537 D QCameraParameters: int32_t qcamera::QCameraParameters::setPreviewFpsRange(int, int, int, int): Setting preview fps range 2000,30000
01-03 17:23:49.166 19537 19537 D QCameraParameters: int32_t qcamera::QCameraParameters::setPreviewFpsRange(int, int, int, int): Updated: minFps = 2000, maxFps = 30000 , vid minFps = 2000, vid maxFps = 30000
01-03 17:23:49.167 19537 19537 D QCamera2HWI: int qcamera::QCamera2HardwareInterface::calcThermalLevel(qcamera::qcamera_thermal_level_enum_t, int, int, cam_fps_range_t&, msm_vfe_frame_skip_pattern&): level: 0, preview minfps 2000.000000, preview maxfpS 30000.000000, video minfps 2000.000000, video maxfpS 30000.000000
01-03 17:23:49.167 19537 19537 D QCamera2HWI: int qcamera::QCamera2HardwareInterface::calcThermalLevel(qcamera::qcamera_thermal_level_enum_t, int, int, cam_fps_range_t&, msm_vfe_frame_skip_pattern&): Thermal level 0, FPS [2.00,30.00, 2.00,30.00], frameskip 0
01-03 17:23:49.167 19537 19537 D QCameraParameters: int32_t qcamera::QCameraParameters::setPreviewFpsRange(int, int, int, int): Thermal adjusted Preview fps range 2.00,30.00, 2.00, 30.00
01-03 17:23:49.167 19537 19537 D QCameraParameters: int32_t qcamera::QCameraParameters::initDefaultParameters(): supported fps rates: 2,3,4,5,6,7,8,9,10,11,12,13,14,15,16,17,18,19,20,21,22,23,24,25,26,27,28,29,30
01-03 17:23:49.167 19537 19537 D QCameraParameters: int32_t qcamera::QCameraParameters::setFocusMode(const char*): Setting focus mode auto
01-03 17:23:49.167 19537 19537 D QCameraParameters: initDefaultParameters: setting KEY_FOCUS_DISTANCES as 0.100000,0.150000,0.170000
01-03 17:23:49.168 19537 19537 D QCameraParameters: int32_t qcamera::QCameraParameters::setAutoExposure(const char*): Setting auto exposure center-weighted
01-03 17:23:49.168 19537 19537 D QCameraParameters: int32_t qcamera::QCameraParameters::setAntibanding(const char*): Setting AntiBanding value auto
01-03 17:23:49.168 19537 19537 D QCameraParameters: int32_t qcamera::QCameraParameters::setFlash(const char*): Setting Flash value off
01-03 17:23:49.168 19537 19537 D QCameraParameters: int32_t qcamera::QCameraParameters::setISOValue(const char*): Setting ISO value auto
01-03 17:23:49.168 19537 19537 D QCameraParameters: int32_t qcamera::QCameraParameters::initDefaultParameters(), Exposure time min 0.034133 ms, max 29377.348000 ms
01-03 17:23:49.168 19537 19537 D QCameraParameters: int32_t qcamera::QCameraParameters::initDefaultParameters(), ISO min 50, max 800
01-03 17:23:49.171 19537 19537 D QCameraParameters: int32_t qcamera::QCameraParameters::setZoom(int): zoom level: 0
01-03 17:23:49.171 19537 19537 I QCameraParameters: int32_t qcamera::QCameraParameters::initDefaultParameters(): setting Exposure Bracketing value of 0,10,-9
01-03 17:23:49.171 19537 19537 D QCameraParameters: int32_t qcamera::QCameraParameters::setAEBracket(const char*), EXP_BRACKETING_OFF
01-03 17:23:49.171 19537 19537 D QCameraParameters: int32_t qcamera::QCameraParameters::setChromaFlash(const char*): chromaFlashStr =chroma-flash-off
01-03 17:23:49.172 19537 19537 D QCameraParameters: int32_t qcamera::QCameraParameters::setSeeMore(const char*): seeMoreStr =off
01-03 17:23:49.172 19537 19537 D QCameraParameters: int32_t qcamera::QCameraParameters::setToneMapMode(uint32_t, bool): tone map mode 1 
01-03 17:23:49.172 19537 19537 D QCameraParameters: int32_t qcamera::QCameraParameters::setAecLock(const char*): Setting AECLock value false
01-03 17:23:49.172 19537 19537 D QCameraParameters: int32_t qcamera::QCameraParameters::setAwbLock(const char*): Setting AWBLock value false
01-03 17:23:49.172 19537 19537 D QCameraParameters: int32_t qcamera::QCameraParameters::initDefaultParameters(): totalram = -1334108160, freeram = 401358848 
01-03 17:23:49.172 19537 19537 D QCameraParameters: void qcamera::QCameraParameters::setOfflineRAW(): Offline Raw  0
01-03 17:23:49.172 19537 19537 E LGCameraParameters: void qcamera::QCameraParameters::initDefaultParametersEx(): multi_window_af_supported = 1
01-03 17:23:49.172 19537 19537 E LGCameraParameters: createMultiWindowString: (-280,-280,0,0,1),(-140,-420,140,-140,1),(0,-280,280,0,1),(-420,-140,-140,140,1),(-140,-140,140,140,1),(140,-140,420,140,1),(-280,0,0,280,1),(-140,140,140,420,1),(0,0,280,280,1),(-220,-220,220,220,1)
01-03 17:23:49.172 19537 19537 E LGCameraParameters: createMultiWindowString: (720,720,1000,1000,1),(860,580,1140,860,1),(1000,720,1280,1000,1),(580,860,860,1140,1),(860,860,1140,1140,1),(1140,860,1420,1140,1),(720,1000,1000,1420,1),(860,1140,1140,1420,1),(1000,1000,1280,1280,1)
01-03 17:23:49.173 19537 19537 D LGCameraParameters: int32_t qcamera::QCameraParameters::setLG_ISOcontrol(const char*): Setting ISO value auto
01-03 17:23:49.173 19537 19537 E LGCameraParameters: int32_t qcamera::QCameraParameters::setBeautyLevel(int) : [ARC_BEAUTY] beautylevel = 0
01-03 17:23:49.173   515 19889 E mm-camera: sensor_set_frame_rate:1176max fps 30.000000 min fps 2.000000,fixed_frame_rate=0 
01-03 17:23:49.174   515 19889 E mm-camera: iface_util_set_hfr: can't find hw stream, only save hfr mode
01-03 17:23:49.175 19537 19537 D QCameraParameters: int32_t qcamera::QCameraParameters::setNumOfSnapshot(): nBurstNum = 1, nExpnum = 1
01-03 17:23:49.176 19537 19537 I Thermal-Lib: Thermal-Lib-Client: Registraion successful for camera with handle:1
01-03 17:23:49.176 19537 19537 I Thermal-Lib: Thermal-Lib-Client: Registraion successful for camcorder with handle:2
01-03 17:23:49.177 19537 19537 I QCamera2HWI: [KPI Perf] int qcamera::QCamera2HardwareInterface::openCamera(hw_device_t**): X PROFILE_OPEN_CAMERA camera id 0, rc: 0
01-03 17:23:49.177 19537 19537 E QCamera2HWI: int qcamera::QCamera2HardwareInterface::openCamera(hw_device_t**):[PREVIEW_COUNT] preview_count(1)
01-03 17:23:49.177   492   585 I ThermalEngine: Thermal-Server: Adding thermal event listener on fd 68
01-03 17:23:49.177 19537 19896 I Thermal-Lib: Thermal-Lib-Client: Client received msg camera 0
01-03 17:23:49.177 19537 19896 D QCamera2HWI: virtual int qcamera::QCamera2HardwareInterface::thermalEvtHandle(qcamera::qcamera_thermal_level_enum_t*, void*, void*): level = 0, userdata = 0x0, data = 0x0
01-03 17:23:49.177 19537 19844 E QCameraStateMachine: int32_t qcamera::QCameraStateMachine::procEvtPreviewStoppedState(qcamera::qcamera_sm_evt_enum_t, void*): cannot handle evt(31) in state(0)
01-03 17:23:49.177 19537 19896 I Thermal-Lib: Thermal-Lib-Client: Client received msg camcorder 0
01-03 17:23:49.177 19537 19896 D QCamera2HWI: virtual int qcamera::QCamera2HardwareInterface::thermalEvtHandle(qcamera::qcamera_thermal_level_enum_t*, void*, void*): level = 0, userdata = 0x0, data = 0x0
01-03 17:23:49.177 19537 19844 E QCameraStateMachine: int32_t qcamera::QCameraStateMachine::procEvtPreviewStoppedState(qcamera::qcamera_sm_evt_enum_t, void*): cannot handle evt(31) in state(0)
01-03 17:23:49.188 19537 19844 D QCameraParameters: int32_t qcamera::QCameraParameters::setPreviewFpsRange(const qcamera::QCameraParameters&): FpsRange Values:(2000, 30000)
01-03 17:23:49.188 19537 19844 D QCameraParameters: int32_t qcamera::QCameraParameters::setPreviewFpsRange(const qcamera::QCameraParameters&): Requested FpsRange Values:(2000, 30000)
01-03 17:23:49.188 19537 19844 D QCameraParameters: HFR mode is OFF
01-03 17:23:49.188 19537 19844 D QCameraParameters: void qcamera::QCameraParameters::setBufBatchCount(int8_t) : Buffer batch count = 0
01-03 17:23:49.188 19537 19844 D QCameraParameters: int32_t qcamera::QCameraParameters::setPreviewFpsRange(const qcamera::QCameraParameters&): UpdateHFRFrameRate 0
01-03 17:23:49.188 19537 19844 D QCameraParameters: int32_t qcamera::QCameraParameters::setPreviewFpsRange(const qcamera::QCameraParameters&): No change in FpsRange
01-03 17:23:49.188 19537 19844 I QCameraParameters: Requested preview size 1280 x 720
01-03 17:23:49.188 19537 19844 I QCameraParameters: Requested picture size 1280 x 720
01-03 17:23:49.188 19537 19844 D LGCameraParameters: park void qcamera::QCameraParameters::setHorViewAngle(int, int) E, horViewAngle = 69.500000
01-03 17:23:49.188 19537 19844 D QCameraParameters: int32_t qcamera::QCameraParameters::setPreviewFormat(const qcamera::QCameraParameters&): format 2
01-03 17:23:49.189 19537 19844 D QCameraParameters: int32_t qcamera::QCameraParameters::setPictureFormat(const qcamera::QCameraParameters&): format 0
01-03 17:23:49.189 19537 19844 D QCameraParameters: Param m_bNoDisplayMode = 0
01-03 17:23:49.189 19537 19844 I QCameraParameters: int32_t qcamera::QCameraParameters::setZslMode(const qcamera::QCameraParameters&): enabled: 0
01-03 17:23:49.189 19537 19844 D QCameraParameters: int32_t qcamera::QCameraParameters::setSceneMode(const qcamera::QCameraParameters&): str - auto, prev_str - auto
01-03 17:23:49.189 19537 19844 D QCameraParameters: int32_t qcamera::QCameraParameters::setAutoHDR(const qcamera::QCameraParameters&) : Auto HDR set to: disable
01-03 17:23:49.189 19537 19844 D QCameraParameters: int32_t qcamera::QCameraParameters::setAFBracket(const qcamera::QCameraParameters&): AF Bracketing is not supported
01-03 17:23:49.189 19537 19844 D QCameraParameters: int32_t qcamera::QCameraParameters::setBurstNum(const qcamera::QCameraParameters&): [ZSL Retro] m_nBurstNum = 1
01-03 17:23:49.189 19537 19844 D QCameraParameters: int32_t qcamera::QCameraParameters::setBurstLEDOnPeriod(const qcamera::QCameraParameters&): Burst LED on period  300
01-03 17:23:49.189 19537 19844 D QCameraParameters: int32_t qcamera::QCameraParameters::setLiveSnapshotSize(const qcamera::QCameraParameters&): live snapshot size 1280 x 720
01-03 17:23:49.190 19537 19844 D QCameraParameters: int32_t qcamera::QCameraParameters::setPAAF(): PAAF is: ON
01-03 17:23:49.190 19537 19844 D QCameraParameters: int32_t qcamera::QCameraParameters::setSeeMore(const qcamera::QCameraParameters&): str =off & prev_str =off
01-03 17:23:49.190 19537 19844 E LGCameraParameters: [ManualAF] android::status_t qcamera::QCameraParameters::setManualFocusLength(const qcamera::QCameraParameters&): current_normal_focus =0 / curr_mode = auto
01-03 17:23:49.190 19537 19844 E LGCameraParameters: int32_t qcamera::QCameraParameters::setHighDynamicRange(const qcamera::QCameraParameters&) EasyHDR KEY_HDR_MODE = (null), value = -2
01-03 17:23:49.190 19537 19844 E LGCameraParameters: int32_t qcamera::QCameraParameters::setHighDynamicRange(const qcamera::QCameraParameters&) string is null
01-03 17:23:49.190 19537 19844 E LGCameraParameters: int32_t qcamera::QCameraParameters::setBeautyShot(const qcamera::QCameraParameters&):m_bBeautyShotEnabled=0
01-03 17:23:49.190 19537 19844 D LGCameraParameters: int32_t qcamera::QCameraParameters::setDNGCapture(const qcamera::QCameraParameters&) : value = 0(0) 
01-03 17:23:49.190 19537 19844 E LGCameraParameters: int32_t qcamera::QCameraParameters::setLG_ShutterSpeed(const qcamera::QCameraParameters&): error to support!
01-03 17:23:49.190 19537 19844 E LGCameraParameters: int32_t qcamera::QCameraParameters::setLG_EVcontrol(const qcamera::QCameraParameters&): error to support!
01-03 17:23:49.190 19537 19844 E LGCameraParameters: int32_t qcamera::QCameraParameters::setLG_ColorAdjust(const qcamera::QCameraParameters&): error to support!
01-03 17:23:49.190 19537 19844 E LGCameraParameters: int32_t qcamera::QCameraParameters::setLG_WBcontrol(const qcamera::QCameraParameters&): error to support!
01-03 17:23:49.191 19537 19844 D QCameraParameters: int32_t qcamera::QCameraParameters::setNumOfSnapshot(): nBurstNum = 1, nExpnum = 1
01-03 17:23:49.191 19537 19537 I QCamera2HWI: [KPI Perf] static void qcamera::QCamera2HardwareInterface::stop_preview(camera_device*): E PROFILE_STOP_PREVIEW
01-03 17:23:49.191 19537 19537 I QCamera2HWI: [KPI Perf] static void qcamera::QCamera2HardwareInterface::stop_preview(camera_device*): X
01-03 17:23:49.192 19537 19537 I CamDev@1.0-impl: Closing camera 0
01-03 17:23:49.192 19537 19537 I QCamera2HWI: [KPI Perf] static int qcamera::QCamera2HardwareInterface::close_camera_device(hw_device_t*): E
01-03 17:23:49.192 19537 19845 D QCamera2HWI: static void* qcamera::QCamera2HardwareInterface::defferedWorkRoutine(void*): stop data proc
01-03 17:23:49.193 19537 19537 I QCamera2HWI: [KPI Perf] int qcamera::QCamera2HardwareInterface::closeCamera(): E PROFILE_CLOSE_CAMERA camera id 0
01-03 17:23:49.193 19537 19537 D QCameraParameters: bool qcamera::QCameraParameters::setStreamConfigure(bool, bool, bool): Done Resetting stream config!!
01-03 17:23:49.195 19537 19537 I qomx_image_core: OMX_Deinit:119] Complete
01-03 17:23:49.205 19537 19537 I Thermal-Lib: Thermal-Lib-Client: Unregisteration is successfull for handle:1
01-03 17:23:49.206   492   585 I ThermalEngine: Thermal-Server: removing client on fd 68
01-03 17:23:49.206 19537 19537 I Thermal-Lib: Thermal-Lib-Client: Unregisteration is successfull for handle:2
01-03 17:23:49.207   515 19889 D mm-camera: mct: mct_pipeline_process_set:command=800000b
01-03 17:23:49.207   515 19889 E mm-camera: mct: mct_pipeline_process_set:2966: Couldn't find stream id: 0
01-03 17:23:49.207   515   515 D mm-camera: mct: mct_controller_destroy: Initiating destroy sequence
01-03 17:23:49.208 19537 19537 I QCamera2HWI: [KPI Perf] int qcamera::QCamera2HardwareInterface::closeCamera(): X PROFILE_CLOSE_CAMERA camera id 0, rc: 0
01-03 17:23:49.208 19537 19537 E QCamera2HWI: int qcamera::QCamera2HardwareInterface::closeCamera():[PREVIEW_COUNT] preview_count(0)
01-03 17:23:49.208   515 19890 D mm-camera: mct: mct_bus_handler_thread_run: Force Exit
01-03 17:23:49.209   515   515 D mm-camera: mct: mct_controller_destroy: bus_handler thread closed
01-03 17:23:49.209   515   515 D mm-camera: mct: mct_pipeline_stop_session - E
01-03 17:23:49.209   515   515 D mm-camera: mct: mct_pipeline_process_set:command=800000b
01-03 17:23:49.209   515   515 D mm-camera: mct: mct_pipeline_process_set: Issuing DEL_STREAM on stream 0x1000f and stream type=10
01-03 17:23:49.209   515   515 E mm-camera: port_iface_ext_unlink_func: E, identity = 0x1000f, port = 0xed323620, direction = 2
01-03 17:23:49.209   515   515 E mm-camera: port_iface_check_caps_unreserve_func:  E, identity = 0x1000f, port = 0xed323620, direction = 2
01-03 17:23:49.209   515   515 E mm-camera: iface_unreserve_sink_port: stream_id f mode 0 
01-03 17:23:49.209   515   515 E mm-camera: port_iface_ext_unlink_func: E, identity = 0x1000f, port = 0xed323920, direction = 1
01-03 17:23:49.209   515   515 E mm-camera: iface_ext_unlink_src_port: mct stream already removed from hw stream
01-03 17:23:49.209   515   515 E mm-camera: port_iface_check_caps_unreserve_func:  E, identity = 0x1000f, port = 0xed323920, direction = 1
01-03 17:23:49.209   515   515 E mm-camera: isp_port_check_caps_unreserve:826 ide 1000f port 0xed061ac0
01-03 17:23:49.211 19537 19537 E QCamera2HWI: int qcamera::QCamera2HardwareInterface::closeCamera():[PREVIEW_COUNT][LOAD] preview_count(0) // MultiView(0)
01-03 17:23:49.211   515   515 E mm-camera: module_afs_port_check_caps_unreserve:1524] 
01-03 17:23:49.211   515   515 E mm-camera: module_afs_port_check_caps_unreserve:1532] destroy client
01-03 17:23:49.212   515   515 E mm-camera: module_imgbase_port_release_client_llvd:1553] 
01-03 17:23:49.212 19537 19537 I QCamera2HWI: [KPI Perf] static int qcamera::QCamera2HardwareInterface::close_camera_device(hw_device_t*): X
01-03 17:23:49.212   515   515 E mm-camera: q3a_thread_af_stop:1019  q3a_thread_af_stop:1019 MSG_STOP_THREAD
01-03 17:23:49.212 19537 19537 I CameraHardwareInterface: Opening camera 1
01-03 17:23:49.213 19537 19537 I CamDev@1.0-impl: Opening camera 1
01-03 17:23:49.213 19537 19537 I QCamera2Factory: :static int qcamera::QCamera2Factory::openLegacy(int32_t, uint32_t, hw_device_t**) openLegacy halVersion: 256
01-03 17:23:49.214 19537 19537 D vndksupport: Loading /vendor/lib/hw/power.msm8992.so from current namespace instead of sphal namespace.
01-03 17:23:49.215 19537 19901 D QCamera2HWI: static void* qcamera::QCamera2HardwareInterface::defferedWorkRoutine(void*): start data proc
01-03 17:23:49.215   515   515 E mm-camera: stats_port_delete_reserved_stream:2602  stats_port_delete_reserved_stream:2602: going to NULL peer
01-03 17:23:49.215   515   515 D mm-camera: mct: mct_pipeline_process_set: Stream 0x1000f and stream type=10, successfully deleted
01-03 17:23:49.216   515 19902 D mm-camera: mct: mct_pipeline_stop_session_thread: Stop module name: sensor - E
01-03 17:23:49.216   515 19902 E mm-camera: module_sensor_deinit_session:1545trying to delete thread
01-03 17:23:49.216   515 19902 E mm-camera-sensor: proxy_thread_delete:259p_thread,trying to delete thread
01-03 17:23:49.216   515 19902 E mm-camera-sensor: send_thread_exit_msg:219p_thread, exit_thread 0
01-03 17:23:49.216   515 19902 E mm-camera-sensor: send_thread_exit_msg:223p_thread, exit_thread 1
01-03 17:23:49.216   515 19902 E mm-camera: module_sensor_deinit_session:1547proxy_thread_deleted!
01-03 17:23:49.216   515 19902 E mm-camera: module_sensor_deinit_session:1551try to stop proxy kernel workqueue!
01-03 17:23:49.216   515 19902 E mm-camera-sensor: sensor_proxy_thread_off:215enter
01-03 17:23:49.218   515 19905 D mm-camera: mct: mct_pipeline_stop_session_thread: Stop module name: iface - E
01-03 17:23:49.218   515 19905 D mm-camera: mct: mct_pipeline_stop_session_thread: Stop module name: iface - X
01-03 17:23:49.219 19537 19537 I QCamera2HWI: [KPI Perf] int qcamera::QCamera2HardwareInterface::openCamera(hw_device_t**): E PROFILE_OPEN_CAMERA camera id 1
01-03 17:23:49.219   515 19907 D mm-camera: mct: mct_pipeline_stop_session_thread: Stop module name: stats - E
01-03 17:23:49.220   515 19908 D mm-camera: mct: mct_pipeline_stop_session_thread: Stop module name: pproc - E
01-03 17:23:49.220   515 19906 D mm-camera: mct: mct_pipeline_stop_session_thread: Stop module name: isp - E
01-03 17:23:49.220   515 19906 E mm-camera-isp2: isp_module_stop_session:414 session id 1
01-03 17:23:49.222   515   515 D mm-camera: mct: mct_pipeline_stop_session: left modules: 5
01-03 17:23:49.222   515 19909 D mm-camera: mct: mct_pipeline_stop_session_thread: Stop module name: imglib - E
01-03 17:23:49.223   515 19909 E mm-camera: module_faceproc_stop_session:1885] session cnt 1
01-03 17:23:49.223   515 19906 D mm-camera: mct: mct_pipeline_stop_session_thread: Stop module name: isp - X
01-03 17:23:49.224   515   515 D mm-camera: mct: mct_pipeline_stop_session: left modules: 4
01-03 17:23:49.225   515 19907 E mm-camera: gyro_port_deinit:1446  gyro_port_deinit: Error in android Deinit
01-03 17:23:49.225   515 19907 I CAMERA_SENSOR: stop_accel_sensor
01-03 17:23:49.225   515 19909 D mm-camera: mct: mct_pipeline_stop_session_thread: Stop module name: imglib - X
01-03 17:23:49.225   515   515 D mm-camera: mct: mct_pipeline_stop_session: left modules: 3
01-03 17:23:49.226   515 19880 I CAMERA_SENSOR: accel_data_cb received RESP - SNS_SMGR_CANCEL_RESP_V01
01-03 17:23:49.226   515 19907 D mm-camera: mct: mct_pipeline_stop_session_thread: Stop module name: stats - X
01-03 17:23:49.226   515 19908 E mm-camera-pp: [INFO] base_module_stop_session:98, E, session=1
01-03 17:23:49.226   515   515 D mm-camera: mct: mct_pipeline_stop_session: left modules: 2
01-03 17:23:49.227   515 19908 E mm-camera-pp: [INFO] base_module_stop_session:98, E, session=1
01-03 17:23:49.228   515 19908 D mm-camera: mct: mct_pipeline_stop_session_thread: Stop module name: pproc - X
01-03 17:23:49.228   515   515 D mm-camera: mct: mct_pipeline_stop_session: left modules: 1
01-03 17:23:49.256   515 19902 E mm-camera: module_sensor_deinit_session:1567trying to delete thread
01-03 17:23:49.256   515 19902 E mm-camera-sensor: tcs_thread_delete:303tcs_thread, trying to delete thread
01-03 17:23:49.256   515 19902 E mm-camera: module_sensor_deinit_session:1569tcs_thread_deleted!
01-03 17:23:49.256   515 19902 E mm-camera: module_sensor_deinit_session:1571try to stop tcs kernel workqueue!
01-03 17:23:49.259   515 19902 E mm-camera-sensor: proxy_power_down:47enter
01-03 17:23:49.285   515 19902 E mm-camera: sensor_close:4609ctrl->isStreaming make false
01-03 17:23:49.286   515 19902 D mm-camera: mct: mct_pipeline_stop_session_thread: Stop module name: sensor - X
01-03 17:23:49.286   515   515 D mm-camera: mct: mct_pipeline_stop_session: left modules: 0
01-03 17:23:49.286   515   515 D mm-camera: mct: mct_pipeline_stop_session - X
01-03 17:23:49.286   515   515 D mm-camera: mct: mct_pipeline_destroy E: session:1 
01-03 17:23:49.287   515   515 D mm-camera: mct: mct_pipeline_destroy X: Pipeline destroyed successfully
01-03 17:23:49.287   515   515 D mm-camera: mct: mct_controller_destroy: X Successfully closed mct_controller
01-03 17:23:49.288   515   515 D mm-camera: mct: mct_controller_new: Creating new mct_controller with session-id 2
01-03 17:23:49.288   515 19911 D mm-camera: mct: mct_pipeline_start_session_thread: E sensor
01-03 17:23:49.289   515 19912 D mm-camera: mct: mct_pipeline_start_session_thread: E iface
01-03 17:23:49.289   515 19913 D mm-camera: mct: mct_pipeline_start_session_thread: E isp
01-03 17:23:49.290   515 19913 E mm-camera-isp2: isp_module_start_session:178 session id 2
01-03 17:23:49.292   515 19912 D mm-camera: mct: mct_pipeline_start_session_thread: X stats
01-03 17:23:49.292   515 19915 D mm-camera: mct: mct_pipeline_start_session_thread: E stats
01-03 17:23:49.295   515 19916 D mm-camera: mct: mct_pipeline_start_session_thread: E pproc
01-03 17:23:49.295   515 19915 E mm-camera: tcc_init: TCC ver.150418a
01-03 17:23:49.298   515 19917 D mm-camera: mct: mct_pipeline_start_session_thread: E imglib
01-03 17:23:49.299   515 19917 E mm-camera: module_faceproc_start_session:1844] session cnt 1
01-03 17:23:49.301   515 19917 D mm-camera: mct: mct_pipeline_start_session_thread: X imglib
01-03 17:23:49.313   515 19913 E mm-camera-isp2: isp_module_start_session:347 num_session_opened 1
01-03 17:23:49.313   515 19913 D mm-camera: mct: mct_pipeline_start_session_thread: X imglib
01-03 17:23:49.318   515 19911 E mm-camera: module_sensor_init_session:1245eeprom_name = t4ka3_eeprom
01-03 17:23:49.322   515 19915 E mm-camera: sensor_laser_init:144  HW module: id: sensors name: STMicroelectronics VL53L0 sensor module
01-03 17:23:49.322   515 19915 E Sensors : openInput
01-03 17:23:49.322   515 19915 E Sensors : devname: /dev/input/event4
01-03 17:23:49.348 19916 19916 W CAM_startpproc: type=1400 audit(0.0:2135): avc: granted { read } for name="ion" dev="tmpfs" ino=11450 scontext=u:r:init:s0 tcontext=u:object_r:ion_device:s0 tclass=chr_file
01-03 17:23:49.348 19916 19916 W CAM_startpproc: type=1400 audit(0.0:2136): avc: granted { read open } for path="/dev/ion" dev="tmpfs" ino=11450 scontext=u:r:init:s0 tcontext=u:object_r:ion_device:s0 tclass=chr_file
01-03 17:23:49.353   515 19911 E mm-camera: module_sensor_init_session:1277flash subdev id = -1
01-03 17:23:49.354   515 19911 E mm-camera: module_sensor_start_session:1684SUCCESS
01-03 17:23:49.354   515 19911 D mm-camera: mct: mct_pipeline_start_session_thread: X imglib
01-03 17:23:49.356   515 19915 E Sensors : devname: /dev/input/event3
01-03 17:23:49.352 19915 19915 W CAM_startstats: type=1400 audit(0.0:2137): avc: granted { read } for name="event3" dev="tmpfs" ino=15613 scontext=u:r:init:s0 tcontext=u:object_r:input_device:s0 tclass=chr_file
01-03 17:23:49.352 19915 19915 W CAM_startstats: type=1400 audit(0.0:2138): avc: granted { read open } for path="/dev/input/event3" dev="tmpfs" ino=15613 scontext=u:r:init:s0 tcontext=u:object_r:input_device:s0 tclass=chr_file
01-03 17:23:49.362   515 19916 E mm-camera-pp: [INFO] base_module_start_session:91, E, session=2
01-03 17:23:49.364   515 19916 E mm-camera-pp: [INFO] base_module_start_session:91, E, session=2
01-03 17:23:49.364   515 19916 D mm-camera: mct: mct_pipeline_start_session_thread: X imglib
01-03 17:23:49.403   515 19915 E Sensors : devname: /dev/input/event0
01-03 17:23:49.400 19915 19915 W CAM_startstats: type=1400 audit(0.0:2139): avc: granted { read } for name="event0" dev="tmpfs" ino=10106 scontext=u:r:init:s0 tcontext=u:object_r:input_device:s0 tclass=chr_file
01-03 17:23:49.400 19915 19915 W CAM_startstats: type=1400 audit(0.0:2140): avc: granted { read open } for path="/dev/input/event0" dev="tmpfs" ino=10106 scontext=u:r:init:s0 tcontext=u:object_r:input_device:s0 tclass=chr_file
01-03 17:23:49.431   515 19915 E Sensors : devname: /dev/input/event1
01-03 17:23:49.428 19915 19915 W CAM_startstats: type=1400 audit(0.0:2141): avc: granted { read } for name="event1" dev="tmpfs" ino=10372 scontext=u:r:init:s0 tcontext=u:object_r:input_device:s0 tclass=chr_file
01-03 17:23:49.428 19915 19915 W CAM_startstats: type=1400 audit(0.0:2142): avc: granted { read open } for path="/dev/input/event1" dev="tmpfs" ino=10372 scontext=u:r:init:s0 tcontext=u:object_r:input_device:s0 tclass=chr_file
01-03 17:23:49.447   515 19915 E Sensors : devname: /dev/input/mice
01-03 17:23:49.444 19915 19915 W CAM_startstats: type=1400 audit(0.0:2144): avc: granted { read open } for path="/dev/input/mice" dev="tmpfs" ino=10371 scontext=u:r:init:s0 tcontext=u:object_r:input_device:s0 tclass=chr_file
01-03 17:23:49.451   408   408 W auditd  : type=2 
01-03 17:23:49.472   515 19915 E Sensors : devname: /dev/input/event2
01-03 17:23:49.507   515 19915 E Sensors : couldn't find 'STM VL53L0 proximity sensor' input device
01-03 17:23:49.507   515 19915 E Sensors : ProximitySensor::ProximitySensor gets called!
01-03 17:23:49.507   515 19915 E Sensors : ProximitySensor: input_name:, input_sysfs_path:/sys/class/input/input
01-03 17:23:49.507   515 19915 E Sensors : ProximitySensor::enable function called for stmvl53L0!
01-03 17:23:49.507   515 19915 E Sensors : ProximitySensor::enable filename:/sys/class/input/input/enable_ps_sensor
01-03 17:23:49.508   515 19915 E Sensors : ProximitySensor::enable: Failed to open file descriptor for enabling VL53L0
01-03 17:23:49.508   515 19915 E Sensors : ProximitySensor::enable: Attempted to open file /sys/class/input/input/enable_ps_sensor. Error: -1
01-03 17:23:49.508   515 19915 E Sensors : open_sensors gets called!
01-03 17:23:49.508   515 19915 E Sensors : is_tof_sensor_available() called
01-03 17:23:49.508   515 19915 E Sensors : devname: /dev/input/event4
01-03 17:23:49.547   515 19915 E Sensors : devname: /dev/input/event3
01-03 17:23:49.571   515 19915 E Sensors : devname: /dev/input/event0
01-03 17:23:49.616   515 19915 E Sensors : devname: /dev/input/event1
01-03 17:23:49.665   515 19915 E Sensors : devname: /dev/input/mice
01-03 17:23:49.723   515 19915 E Sensors : devname: /dev/input/event2
01-03 17:23:49.730  5094  5574 I CameraManagerGlobal: Connecting to camera service
01-03 17:23:49.731  5094  5574 E CameraManagerGlobal: Camera service is unavailable
01-03 17:23:49.735   515 19915 E Sensors : No Tof sensor found!!!
01-03 17:23:49.735   515 19915 E mm-camera: sensor_laser_init:164  0 sensor supported
01-03 17:23:49.736   515 19915 E mm-camera: gyro_port_init:1404  Failure initializing laser sensor. Error: 4
01-03 17:23:49.736   515 19915 I CAMERA_SENSOR: start_accel_sensor
01-03 17:23:49.736   515 19915 E mm-camera: start_accel_sensor: sensor1_open E
01-03 17:23:49.737   515 19915 E mm-camera: start_accel_sensor: sensor1_open X, res = 0
01-03 17:23:49.741   515 19932 I CAMERA_SENSOR: accel_data_cb received RESP - SNS_SMGR_REPORT_RESP_V01
01-03 17:23:49.742   515 19915 D mm-camera: mct: mct_pipeline_start_session_thread: X imglib
01-03 17:23:49.743   515   515 E mm-camera: module_sensor_query_mod:7021led flash is not supported for this sensor.
01-03 17:23:49.743   515   515 E mm-camera: sensor_get_cur_chromatix_name:2577Error: Load default preview chroamtix
01-03 17:23:49.743   515   515 E mm-camera-sensor: chromatix_load_library_ex : chromatix = libchromatix_t4ka3_snapshot_open.so , lib name = /system/vendor/lib/libchromatix_t4ka3_snapshot_open.so
01-03 17:23:49.743   515   515 E mm-camera-sensor: chromatix_load_library_ex : chromatix = libchromatix_t4ka3_snapshot_open.so , lib name = /system/vendor/lib/libchromatix_t4ka3_snapshot_open.so
01-03 17:23:49.743   515   515 E mm-camera-sensor: chromatix_load_library_ex : chromatix = libchromatix_t4ka3_common_open.so , lib name = /system/vendor/lib/libchromatix_t4ka3_common_open.so
01-03 17:23:49.744   515   515 E mm-camera-sensor: chromatix_load_library_ex : chromatix = libchromatix_t4ka3_cpp_snapshot_open.so , lib name = /system/vendor/lib/libchromatix_t4ka3_cpp_snapshot_open.so
01-03 17:23:49.744   515   515 E mm-camera-sensor: chromatix_load_library_ex : chromatix = libchromatix_t4ka3_cpp_snapshot_open.so , lib name = /system/vendor/lib/libchromatix_t4ka3_cpp_snapshot_open.so
01-03 17:23:49.744   515   515 E mm-camera-sensor: chromatix_load_library_ex : chromatix = libchromatix_t4ka3_cpp_video_open.so , lib name = /system/vendor/lib/libchromatix_t4ka3_cpp_video_open.so
01-03 17:23:49.745   515   515 E mm-camera-sensor: chromatix_load_library_ex : chromatix = libchromatix_t4ka3_postproc_open.so , lib name = /system/vendor/lib/libchromatix_t4ka3_postproc_open.so
01-03 17:23:49.746   515   515 E mm-camera-isp2: isp_resource_query_mod:145 num_isp_preallocate 1 num_session_opened 1 dual_vfe_enabled 0
01-03 17:23:49.746   515   515 E mm-camera: module_faceproc_query_mod:1996] Caps ROI 5 scene_mode_cnt 1 HW analysis supported 0
01-03 17:23:49.746   515   515 E hdr     : module_hdr_lib_query_mod:181] Supported scenemode cnt 2
01-03 17:23:49.746   515   515 D mm-camera: mct: mct_pipeline_process_set:command=800000a
01-03 17:23:49.746   515   515 D mm-camera: mct: mct_pipeline_process_set: Adding new stream: id [0f]
01-03 17:23:49.747   515   515 D mm-camera: mct: mct_pipeline_process_set:command=8000012
01-03 17:23:49.747   515   515 D mm-camera: mct: mct_stream_start_link: Start linking Session-stream 0x2000f
01-03 17:23:49.747   515   515 I mm-camera: module_iface_set_mod_func: set module type = 8, identity 2000f
01-03 17:23:49.747   515   515 E mm-camera-sensor: port_sensor_caps_reserve:86session id doesn't match
01-03 17:23:49.747   515   515 E mm-camera: iface_util_find_primary_cid:84 error cannot find primary sensor format cids 2
01-03 17:23:49.747   515   515 E mm-camera: isp_port_check_caps_reserve:737 port 0xed061ac0 ide 2000f type 10 dim 0 0
01-03 17:23:49.747   515   515 E mm-camera: int_link = 0xed0640e0
01-03 17:23:49.747   515   515 I mm-camera: pproc_port_add_modules_to_stream:433, linking mods tmod and c2d
01-03 17:23:49.753   515   515 I mm-camera: pproc_port_add_modules_to_stream:433, linking mods c2d and cpp
01-03 17:23:49.753   515   515 E mm-camera: Interleaved flag is 0, identity 131087 port type 0
01-03 17:23:49.753   515   515 I mm-camera: pproc_port_add_modules_to_stream:433, linking mods cpp and afs
01-03 17:23:49.754   515   515 I mm-camera: pproc_port_add_modules_to_stream:433, linking mods afs and llvd
01-03 17:23:49.754   515   515 I mm-camera: pproc_port_add_modules_to_stream:433, linking mods llvd and ezt
01-03 17:23:49.754   515   515 E mm-camera: pproc_port_add_modules_to_stream:454] X rc: 1
