01-05 18:29:49.452   513   513 E mm-camera-sensor: chromatix_load_library_ex : chromatix = libchromatix_imx234_cpp_snapshot_open.so , lib name = /system/vendor/lib/libchromatix_imx234_cpp_snapshot_open.so
01-05 18:29:49.452   513   513 E mm-camera-sensor: chromatix_load_library_ex : chromatix = libchromatix_imx234_cpp_snapshot_open.so , lib name = /system/vendor/lib/libchromatix_imx234_cpp_snapshot_open.so
01-05 18:29:49.452   513   513 E mm-camera-sensor: chromatix_load_library_ex : chromatix = libchromatix_imx234_cpp_flash_snapshot_open.so , lib name = /system/vendor/lib/libchromatix_imx234_cpp_flash_snapshot_open.so
01-05 18:29:49.453   513   513 E mm-camera-sensor: chromatix_load_library_ex : chromatix = libchromatix_imx234_cpp_video_open.so , lib name = /system/vendor/lib/libchromatix_imx234_cpp_video_open.so
01-05 18:29:49.453   513   513 E mm-camera-sensor: chromatix_load_library_ex : chromatix = libchromatix_imx234_postproc_open.so , lib name = /system/vendor/lib/libchromatix_imx234_postproc_open.so
01-05 18:29:49.455   513   513 E mm-camera-isp2: isp_resource_query_mod:145 num_isp_preallocate 1 num_session_opened 1 dual_vfe_enabled 0
01-05 18:29:49.455   513   513 E mm-camera: module_faceproc_query_mod:1996] Caps ROI 5 scene_mode_cnt 1 HW analysis supported 0
01-05 18:29:49.455   513   513 E hdr     : module_hdr_lib_query_mod:181] Supported scenemode cnt 2
01-05 18:29:49.455   513   513 D mm-camera: mct: mct_pipeline_process_set:command=800000a
01-05 18:29:49.455   513   513 D mm-camera: mct: mct_pipeline_process_set: Adding new stream: id [0f]
01-05 18:29:49.455   513   513 D mm-camera: mct: mct_pipeline_process_set:command=8000012
01-05 18:29:49.455   513   513 D mm-camera: mct: mct_stream_start_link: Start linking Session-stream 0x1000f
01-05 18:29:49.455   513   513 I mm-camera: module_iface_set_mod_func: set module type = 8, identity 1000f
01-05 18:29:49.456   513   513 E mm-camera: isp_port_check_caps_reserve:737 port 0xeb661ac0 ide 1000f type 10 dim 0 0
01-05 18:29:49.456   513   513 E mm-camera: int_link = 0xeb6640e0
01-05 18:29:49.456   513   513 I mm-camera: pproc_port_add_modules_to_stream:433, linking mods tmod and c2d
01-05 18:29:49.462   513   513 I mm-camera: pproc_port_add_modules_to_stream:433, linking mods c2d and cpp
01-05 18:29:49.463   513   513 E mm-camera: Interleaved flag is 0, identity 65551 port type 0
01-05 18:29:49.463   513   513 I mm-camera: pproc_port_add_modules_to_stream:433, linking mods cpp and afs
01-05 18:29:49.463   513   513 I mm-camera: pproc_port_add_modules_to_stream:433, linking mods afs and llvd
01-05 18:29:49.464   513   513 I mm-camera: pproc_port_add_modules_to_stream:433, linking mods llvd and ezt
01-05 18:29:49.464   513   513 E mm-camera: pproc_port_add_modules_to_stream:454] X rc: 1
01-05 18:29:49.479   513   513 D mm-camera: mct: mct_pipeline_process_set: Linking successful for stream 0x1000f stream type=10
01-05 18:29:49.485   513 16691 E mm-camera: mct: mct_pipeline_populate_query_cap_buffer: 3A VERSION:: 4.1.0.r2
01-05 18:29:49.485   513 16691 D mm-camera: mct: Cam 0: FPS range selection complete. Publishing 6 ranges.
01-05 18:29:49.532 16538 16538 D mm-jpeg-intf: Max picture size 5312 x 2988, WorkBufSize = 23967744
01-05 18:29:49.548 16538 16538 I qomx_image_core: OMX_Init:95] Complete 3
01-05 18:29:49.549 16538 16538 E QCameraHWI_Mem: void qcamera::QCameraMemory::traceLogAllocStart(size_t, int, const char*):HeapMemsize 659104
01-05 18:29:49.549 16538 16538 E QCameraHWI_Mem: void qcamera::QCameraMemory::traceLogAllocStart(size_t, int, const char*):Memsize 659104
01-05 18:29:49.549 16538 16538 E QCameraHWI_Mem: void qcamera::QCameraMemory::traceLogAllocEnd(size_t) 659104
01-05 18:29:49.549 16538 16538 E QCameraHWI_Mem: void qcamera::QCameraMemory::traceLogAllocEnd(size_t) 659104
01-05 18:29:49.550 16538 16538 D QCameraParameters: int32_t qcamera::QCameraParameters::initDefaultParameters(): supported preview sizes: 2560x1440,1920x1440,2048x1536,2048x1080,1920x1080,1776x1080,1440x1080,1280x960,1280x720,960x720,864x480,880x720,848x480,800x480,768x432,720x480,640x640,640x480,640x360,576x432,480x320,384x288,352x288,320x240,240x160,176x144
01-05 18:29:49.551 16538 16538 D QCameraParameters: int32_t qcamera::QCameraParameters::initDefaultParameters(): supported video sizes: 1920x1080,1280x960,1280x720,864x480,848x480,800x480,720x480,640x480,640x360,480x320,352x288,320x240,176x144,144x176
01-05 18:29:49.551 16538 16538 D QCameraParameters: int32_t qcamera::QCameraParameters::initDefaultParameters(): supported pic sizes: 5312x2988,3984x2988,3840x2160,3264x2448,3264x1836,2560x1920,2592x1944,2688x1512,2048x1536,1920x1080,1600x1200,1536x864,1280x960,1280x768,1280x720,1024x768,880x720,800x600,864x480,800x480,720x480,640x480,640x360,352x288,320x240,176x144
01-05 18:29:49.551 16538 16538 D QCameraParameters: int32_t qcamera::QCameraParameters::setPreviewFpsRange(int, int, int, int): Setting preview fps range 2000,30000
01-05 18:29:49.552 16538 16538 D QCameraParameters: int32_t qcamera::QCameraParameters::setPreviewFpsRange(int, int, int, int): Updated: minFps = 2000, maxFps = 30000 , vid minFps = 2000, vid maxFps = 30000
01-05 18:29:49.552 16538 16538 D QCamera2HWI: int qcamera::QCamera2HardwareInterface::calcThermalLevel(qcamera::qcamera_thermal_level_enum_t, int, int, cam_fps_range_t&, msm_vfe_frame_skip_pattern&): level: 0, preview minfps 2000.000000, preview maxfpS 30000.000000, video minfps 2000.000000, video maxfpS 30000.000000
01-05 18:29:49.552 16538 16538 D QCamera2HWI: int qcamera::QCamera2HardwareInterface::calcThermalLevel(qcamera::qcamera_thermal_level_enum_t, int, int, cam_fps_range_t&, msm_vfe_frame_skip_pattern&): Thermal level 0, FPS [2.00,30.00, 2.00,30.00], frameskip 0
01-05 18:29:49.552 16538 16538 D QCameraParameters: int32_t qcamera::QCameraParameters::setPreviewFpsRange(int, int, int, int): Thermal adjusted Preview fps range 2.00,30.00, 2.00, 30.00
01-05 18:29:49.552 16538 16538 D QCameraParameters: int32_t qcamera::QCameraParameters::initDefaultParameters(): supported fps rates: 2,3,4,5,6,7,8,9,10,11,12,13,14,15,16,17,18,19,20,21,22,23,24,25,26,27,28,29,30
01-05 18:29:49.552 16538 16538 D QCameraParameters: int32_t qcamera::QCameraParameters::setFocusMode(const char*): Setting focus mode auto
01-05 18:29:49.552 16538 16538 D QCameraParameters: initDefaultParameters: setting KEY_FOCUS_DISTANCES as 0.100000,0.150000,0.170000
01-05 18:29:49.553 16538 16538 D QCameraParameters: int32_t qcamera::QCameraParameters::setAutoExposure(const char*): Setting auto exposure center-weighted
01-05 18:29:49.553 16538 16538 D QCameraParameters: int32_t qcamera::QCameraParameters::setAntibanding(const char*): Setting AntiBanding value auto
01-05 18:29:49.553 16538 16538 D QCameraParameters: int32_t qcamera::QCameraParameters::setFlash(const char*): Setting Flash value off
01-05 18:29:49.553 16538 16538 D QCameraParameters: int32_t qcamera::QCameraParameters::setISOValue(const char*): Setting ISO value auto
01-05 18:29:49.553 16538 16538 D QCameraParameters: int32_t qcamera::QCameraParameters::initDefaultParameters(), Exposure time min 0.034133 ms, max 29377.348000 ms
01-05 18:29:49.553 16538 16538 D QCameraParameters: int32_t qcamera::QCameraParameters::initDefaultParameters(), ISO min 50, max 800
01-05 18:29:49.556 16538 16538 D QCameraParameters: int32_t qcamera::QCameraParameters::setZoom(int): zoom level: 0
01-05 18:29:49.556 16538 16538 I QCameraParameters: int32_t qcamera::QCameraParameters::initDefaultParameters(): setting Exposure Bracketing value of 0,10,-9
01-05 18:29:49.556 16538 16538 D QCameraParameters: int32_t qcamera::QCameraParameters::setAEBracket(const char*), EXP_BRACKETING_OFF
01-05 18:29:49.556 16538 16538 D QCameraParameters: int32_t qcamera::QCameraParameters::setAFBracket(const char*): afBracketStr =af-bracket-off
01-05 18:29:49.556 16538 16538 D QCameraParameters: int32_t qcamera::QCameraParameters::setReFocus(const char*): reFocusStr =re-focus-off
01-05 18:29:49.557 16538 16538 D QCameraParameters: int32_t qcamera::QCameraParameters::setChromaFlash(const char*): chromaFlashStr =chroma-flash-off
01-05 18:29:49.557 16538 16538 D QCameraParameters: int32_t qcamera::QCameraParameters::setOptiZoom(const char*): optiZoomStr =opti-zoom-off
01-05 18:29:49.557 16538 16538 D QCameraParameters: int32_t qcamera::QCameraParameters::setSeeMore(const char*): seeMoreStr =off
01-05 18:29:49.557 16538 16538 D QCameraParameters: int32_t qcamera::QCameraParameters::setToneMapMode(uint32_t, bool): tone map mode 1 
01-05 18:29:49.557 16538 16538 D QCameraParameters: int32_t qcamera::QCameraParameters::setAecLock(const char*): Setting AECLock value false
01-05 18:29:49.557 16538 16538 D QCameraParameters: int32_t qcamera::QCameraParameters::setAwbLock(const char*): Setting AWBLock value false
01-05 18:29:49.557 16538 16538 D QCameraParameters: int32_t qcamera::QCameraParameters::initDefaultParameters(): totalram = -1334190080, freeram = 245342208 
01-05 18:29:49.557 16538 16538 D QCameraParameters: void qcamera::QCameraParameters::setOfflineRAW(): Offline Raw  0
01-05 18:29:49.557 16538 16538 E LGCameraParameters: void qcamera::QCameraParameters::initDefaultParametersEx(): multi_window_af_supported = 1
01-05 18:29:49.557 16538 16538 E LGCameraParameters: createMultiWindowString: (-280,-280,0,0,1),(-140,-420,140,-140,1),(0,-280,280,0,1),(-420,-140,-140,140,1),(-140,-140,140,140,1),(140,-140,420,140,1),(-280,0,0,280,1),(-140,140,140,420,1),(0,0,280,280,1),(-220,-220,220,220,1)
01-05 18:29:49.558 16538 16538 E LGCameraParameters: createMultiWindowString: (720,720,1000,1000,1),(860,580,1140,860,1),(1000,720,1280,1000,1),(580,860,860,1140,1),(860,860,1140,1140,1),(1140,860,1420,1140,1),(720,1000,1000,1420,1),(860,1140,1140,1420,1),(1000,1000,1280,1280,1)
01-05 18:29:49.558 16538 16538 D LGCameraParameters: int32_t qcamera::QCameraParameters::setLG_ISOcontrol(const char*): Setting ISO value auto
01-05 18:29:49.558 16538 16538 E LGCameraParameters: int32_t qcamera::QCameraParameters::setBeautyLevel(int) : [ARC_BEAUTY] beautylevel = 0
01-05 18:29:49.559   513 16691 E mm-camera: sensor_set_frame_rate:1176max fps 30.000000 min fps 2.000000,fixed_frame_rate=0 
01-05 18:29:49.559   513 16691 E mm-camera: iface_util_set_hfr: can't find hw stream, only save hfr mode
01-05 18:29:49.560 16538 16538 D QCameraParameters: int32_t qcamera::QCameraParameters::setNumOfSnapshot(): nBurstNum = 1, nExpnum = 1
01-05 18:29:49.561 16538 16538 I Thermal-Lib: Thermal-Lib-Client: Registraion successful for camera with handle:1
01-05 18:29:49.562 16538 16538 I Thermal-Lib: Thermal-Lib-Client: Registraion successful for camcorder with handle:2
01-05 18:29:49.562 16538 16538 I QCamera2HWI: [KPI Perf] int qcamera::QCamera2HardwareInterface::openCamera(hw_device_t**): X PROFILE_OPEN_CAMERA camera id 0, rc: 0
01-05 18:29:49.562 16538 16538 E QCamera2HWI: int qcamera::QCamera2HardwareInterface::openCamera(hw_device_t**):[PREVIEW_COUNT] preview_count(1)
01-05 18:29:49.562   488   582 I ThermalEngine: Thermal-Server: Adding thermal event listener on fd 22
01-05 18:29:49.562 16538 16698 I Thermal-Lib: Thermal-Lib-Client: Client received msg camera 0
01-05 18:29:49.562 16538 16698 D QCamera2HWI: virtual int qcamera::QCamera2HardwareInterface::thermalEvtHandle(qcamera::qcamera_thermal_level_enum_t*, void*, void*): level = 0, userdata = 0x0, data = 0x0
01-05 18:29:49.562 16538 16698 I Thermal-Lib: Thermal-Lib-Client: Client received msg camcorder 0
01-05 18:29:49.562 16538 16639 E QCameraStateMachine: int32_t qcamera::QCameraStateMachine::procEvtPreviewStoppedState(qcamera::qcamera_sm_evt_enum_t, void*): cannot handle evt(31) in state(0)
01-05 18:29:49.562 16538 16698 D QCamera2HWI: virtual int qcamera::QCamera2HardwareInterface::thermalEvtHandle(qcamera::qcamera_thermal_level_enum_t*, void*, void*): level = 0, userdata = 0x0, data = 0x0
01-05 18:29:49.562 16538 16639 E QCameraStateMachine: int32_t qcamera::QCameraStateMachine::procEvtPreviewStoppedState(qcamera::qcamera_sm_evt_enum_t, void*): cannot handle evt(31) in state(0)
01-05 18:29:49.578 16538 16538 I QCamera2HWI: [KPI Perf] static int qcamera::QCamera2HardwareInterface::close_camera_device(hw_device_t*): E
01-05 18:29:49.578 16538 16643 D QCamera2HWI: static void* qcamera::QCamera2HardwareInterface::defferedWorkRoutine(void*): stop data proc
01-05 18:29:49.578 16538 16538 I QCamera2HWI: [KPI Perf] int qcamera::QCamera2HardwareInterface::closeCamera(): E PROFILE_CLOSE_CAMERA camera id 0
01-05 18:29:49.578 16538 16538 D QCameraParameters: bool qcamera::QCameraParameters::setStreamConfigure(bool, bool, bool): Done Resetting stream config!!
01-05 18:29:49.581 16538 16538 I qomx_image_core: OMX_Deinit:119] Complete
01-05 18:29:49.589 16538 16538 I Thermal-Lib: Thermal-Lib-Client: Unregisteration is successfull for handle:1
01-05 18:29:49.589   488   582 I ThermalEngine: Thermal-Server: removing client on fd 22
01-05 18:29:49.590 16538 16538 I Thermal-Lib: Thermal-Lib-Client: Unregisteration is successfull for handle:2
01-05 18:29:49.591   513 16691 D mm-camera: mct: mct_pipeline_process_set:command=800000b
01-05 18:29:49.591   513 16691 E mm-camera: mct: mct_pipeline_process_set:2966: Couldn't find stream id: 0
01-05 18:29:49.591   513   513 D mm-camera: mct: mct_controller_destroy: Initiating destroy sequence
01-05 18:29:49.591 16538 16538 I QCamera2HWI: [KPI Perf] int qcamera::QCamera2HardwareInterface::closeCamera(): X PROFILE_CLOSE_CAMERA camera id 0, rc: 0
01-05 18:29:49.591 16538 16538 E QCamera2HWI: int qcamera::QCamera2HardwareInterface::closeCamera():[PREVIEW_COUNT] preview_count(0)
01-05 18:29:49.591   513 16692 D mm-camera: mct: mct_bus_handler_thread_run: Force Exit
01-05 18:29:49.592   513   513 D mm-camera: mct: mct_controller_destroy: bus_handler thread closed
01-05 18:29:49.592   513   513 D mm-camera: mct: mct_pipeline_stop_session - E
01-05 18:29:49.592   513   513 D mm-camera: mct: mct_pipeline_process_set:command=800000b
01-05 18:29:49.592   513   513 D mm-camera: mct: mct_pipeline_process_set: Issuing DEL_STREAM on stream 0x1000f and stream type=10
01-05 18:29:49.592   513   513 E mm-camera: port_iface_ext_unlink_func: E, identity = 0x1000f, port = 0xeb923620, direction = 2
01-05 18:29:49.592   513   513 E mm-camera: port_iface_check_caps_unreserve_func:  E, identity = 0x1000f, port = 0xeb923620, direction = 2
01-05 18:29:49.592   513   513 E mm-camera: iface_unreserve_sink_port: stream_id f mode 0 
01-05 18:29:49.592   513   513 E mm-camera: port_iface_ext_unlink_func: E, identity = 0x1000f, port = 0xeb923920, direction = 1
01-05 18:29:49.593   513   513 E mm-camera: iface_ext_unlink_src_port: mct stream already removed from hw stream
01-05 18:29:49.593   513   513 E mm-camera: port_iface_check_caps_unreserve_func:  E, identity = 0x1000f, port = 0xeb923920, direction = 1
01-05 18:29:49.593   513   513 E mm-camera: isp_port_check_caps_unreserve:826 ide 1000f port 0xeb661ac0
01-05 18:29:49.595 16538 16538 E QCamera2HWI: int qcamera::QCamera2HardwareInterface::closeCamera():[PREVIEW_COUNT][LOAD] preview_count(0) // MultiView(0)
01-05 18:29:49.595 16538 16538 I QCamera2HWI: [KPI Perf] static int qcamera::QCamera2HardwareInterface::close_camera_device(hw_device_t*): X
01-05 18:29:49.595 16538 16538 I QCamera2Factory: :static int qcamera::QCamera2Factory::openLegacy(int32_t, uint32_t, hw_device_t**) openLegacy halVersion: 256
01-05 18:29:49.596 16538 16538 D vndksupport: Loading /vendor/lib/hw/power.msm8992.so from current namespace instead of sphal namespace.
01-05 18:29:49.596   513   513 E mm-camera: module_afs_port_check_caps_unreserve:1524] 
01-05 18:29:49.596   513   513 E mm-camera: module_afs_port_check_caps_unreserve:1532] destroy client
01-05 18:29:49.596   513   513 E mm-camera: module_imgbase_port_release_client_llvd:1553] 
01-05 18:29:49.597   513   513 E mm-camera: q3a_thread_af_stop:1019  q3a_thread_af_stop:1019 MSG_STOP_THREAD
01-05 18:29:49.597 16538 16700 D QCamera2HWI: static void* qcamera::QCamera2HardwareInterface::defferedWorkRoutine(void*): start data proc
01-05 18:29:49.601 16538 16538 I QCamera2HWI: [KPI Perf] int qcamera::QCamera2HardwareInterface::openCamera(hw_device_t**): E PROFILE_OPEN_CAMERA camera id 1
01-05 18:29:49.601   513   513 E mm-camera: stats_port_delete_reserved_stream:2602  stats_port_delete_reserved_stream:2602: going to NULL peer
01-05 18:29:49.601   513   513 D mm-camera: mct: mct_pipeline_process_set: Stream 0x1000f and stream type=10, successfully deleted
01-05 18:29:49.602   513 16701 D mm-camera: mct: mct_pipeline_stop_session_thread: Stop module name: sensor - E
01-05 18:29:49.602   513 16701 E mm-camera: module_sensor_deinit_session:1545trying to delete thread
01-05 18:29:49.602   513 16701 E mm-camera-sensor: proxy_thread_delete:259p_thread,trying to delete thread
01-05 18:29:49.602   513 16701 E mm-camera-sensor: send_thread_exit_msg:219p_thread, exit_thread 0
01-05 18:29:49.602   513 16701 E mm-camera-sensor: send_thread_exit_msg:223p_thread, exit_thread 1
01-05 18:29:49.602   513 16701 E mm-camera: module_sensor_deinit_session:1547proxy_thread_deleted!
01-05 18:29:49.602   513 16701 E mm-camera: module_sensor_deinit_session:1551try to stop proxy kernel workqueue!
01-05 18:29:49.603   513 16704 D mm-camera: mct: mct_pipeline_stop_session_thread: Stop module name: iface - E
01-05 18:29:49.603   513 16701 E mm-camera-sensor: sensor_proxy_thread_off:215enter
01-05 18:29:49.603   513 16705 D mm-camera: mct: mct_pipeline_stop_session_thread: Stop module name: isp - E
01-05 18:29:49.604   513 16705 E mm-camera-isp2: isp_module_stop_session:414 session id 1
01-05 18:29:49.604   513 16704 D mm-camera: mct: mct_pipeline_stop_session_thread: Stop module name: iface - X
01-05 18:29:49.605   513 16701 E mm-camera: module_sensor_deinit_session:1567trying to delete thread
01-05 18:29:49.605   513 16701 E mm-camera-sensor: tcs_thread_delete:303tcs_thread, trying to delete thread
01-05 18:29:49.605   513 16706 D mm-camera: mct: mct_pipeline_stop_session_thread: Stop module name: stats - E
01-05 18:29:49.606   513 16701 E mm-camera: module_sensor_deinit_session:1569tcs_thread_deleted!
01-05 18:29:49.606   513 16701 E mm-camera: module_sensor_deinit_session:1571try to stop tcs kernel workqueue!
01-05 18:29:49.607   513 16707 D mm-camera: mct: mct_pipeline_stop_session_thread: Stop module name: pproc - E
01-05 18:29:49.607   513 16705 D mm-camera: mct: mct_pipeline_stop_session_thread: Stop module name: isp - X
01-05 18:29:49.608   513 16701 E mm-camera-sensor: proxy_power_down:47enter
01-05 18:29:49.608   513 16706 E mm-camera: gyro_port_deinit:1446  gyro_port_deinit: Error in android Deinit
01-05 18:29:49.608   513 16706 I CAMERA_SENSOR: stop_accel_sensor
01-05 18:29:49.610   513 16682 I CAMERA_SENSOR: accel_data_cb received RESP - SNS_SMGR_CANCEL_RESP_V01
01-05 18:29:49.610   513 16706 D mm-camera: mct: mct_pipeline_stop_session_thread: Stop module name: stats - X
01-05 18:29:49.612   513 16708 D mm-camera: mct: mct_pipeline_stop_session_thread: Stop module name: imglib - E
01-05 18:29:49.612   513 16708 E mm-camera: module_faceproc_stop_session:1885] session cnt 1
01-05 18:29:49.612   513   513 D mm-camera: mct: mct_pipeline_stop_session: left modules: 5
01-05 18:29:49.612   513   513 D mm-camera: mct: mct_pipeline_stop_session: left modules: 4
01-05 18:29:49.612   513   513 D mm-camera: mct: mct_pipeline_stop_session: left modules: 3
01-05 18:29:49.612   513 16707 E mm-camera-pp: [INFO] base_module_stop_session:98, E, session=1
01-05 18:29:49.613   513 16707 E mm-camera-pp: [INFO] base_module_stop_session:98, E, session=1
01-05 18:29:49.614   513 16707 D mm-camera: mct: mct_pipeline_stop_session_thread: Stop module name: pproc - X
01-05 18:29:49.614   513   513 D mm-camera: mct: mct_pipeline_stop_session: left modules: 2
01-05 18:29:49.615   513 16708 D mm-camera: mct: mct_pipeline_stop_session_thread: Stop module name: imglib - X
01-05 18:29:49.615   513   513 D mm-camera: mct: mct_pipeline_stop_session: left modules: 1
01-05 18:29:49.639   513 16701 E mm-camera: sensor_close:4609ctrl->isStreaming make false
01-05 18:29:49.639   513 16701 D mm-camera: mct: mct_pipeline_stop_session_thread: Stop module name: sensor - X
01-05 18:29:49.639   513   513 D mm-camera: mct: mct_pipeline_stop_session: left modules: 0
01-05 18:29:49.639   513   513 D mm-camera: mct: mct_pipeline_stop_session - X
01-05 18:29:49.639   513   513 D mm-camera: mct: mct_pipeline_destroy E: session:1 
01-05 18:29:49.640   513   513 D mm-camera: mct: mct_pipeline_destroy X: Pipeline destroyed successfully
01-05 18:29:49.640   513   513 D mm-camera: mct: mct_controller_destroy: X Successfully closed mct_controller
01-05 18:29:49.641   513   513 D mm-camera: mct: mct_controller_new: Creating new mct_controller with session-id 2
01-05 18:29:49.641   513 16710 D mm-camera: mct: mct_pipeline_start_session_thread: E sensor
01-05 18:29:49.642   513 16711 D mm-camera: mct: mct_pipeline_start_session_thread: E iface
01-05 18:29:49.643   513 16711 D mm-camera: mct: mct_pipeline_start_session_thread: X isp
01-05 18:29:49.643   513 16712 D mm-camera: mct: mct_pipeline_start_session_thread: E isp
01-05 18:29:49.643   513 16712 E mm-camera-isp2: isp_module_start_session:178 session id 2
01-05 18:29:49.648   513 16714 D mm-camera: mct: mct_pipeline_start_session_thread: E stats
01-05 18:29:49.649   513 16715 D mm-camera: mct: mct_pipeline_start_session_thread: E pproc
01-05 18:29:49.651   513 16716 D mm-camera: mct: mct_pipeline_start_session_thread: E imglib
01-05 18:29:49.651   513 16714 E mm-camera: tcc_init: TCC ver.150418a
01-05 18:29:49.654   513 16716 E mm-camera: module_faceproc_start_session:1844] session cnt 1
01-05 18:29:49.658   513 16712 E mm-camera-isp2: isp_module_start_session:347 num_session_opened 1
01-05 18:29:49.658   513 16712 D mm-camera: mct: mct_pipeline_start_session_thread: X imglib
01-05 18:29:49.659   513 16716 D mm-camera: mct: mct_pipeline_start_session_thread: X imglib
01-05 18:29:49.667   513 16714 E mm-camera: sensor_laser_init:144  HW module: id: sensors name: STMicroelectronics VL53L0 sensor module
01-05 18:29:49.667   513 16710 E mm-camera: module_sensor_init_session:1245eeprom_name = t4ka3_eeprom
01-05 18:29:49.667   513 16714 E Sensors : openInput
01-05 18:29:49.667   513 16714 E Sensors : devname: /dev/input/event4
01-05 18:29:49.695   513 16714 E Sensors : devname: /dev/input/event3
01-05 18:29:49.688 16714 16714 W CAM_startstats: type=1400 audit(0.0:1541): avc: granted { read } for name="event3" dev="tmpfs" ino=13966 scontext=u:r:init:s0 tcontext=u:object_r:input_device:s0 tclass=chr_file
01-05 18:29:49.692 16715 16715 W CAM_startpproc: type=1400 audit(0.0:1543): avc: granted { read } for name="ion" dev="tmpfs" ino=11414 scontext=u:r:init:s0 tcontext=u:object_r:ion_device:s0 tclass=chr_file
01-05 18:29:49.692 16715 16715 W CAM_startpproc: type=1400 audit(0.0:1544): avc: granted { read open } for path="/dev/ion" dev="tmpfs" ino=11414 scontext=u:r:init:s0 tcontext=u:object_r:ion_device:s0 tclass=chr_file
01-05 18:29:49.699   513 16710 E mm-camera: module_sensor_init_session:1277flash subdev id = -1
01-05 18:29:49.700   513 16715 E mm-camera-pp: [INFO] base_module_start_session:91, E, session=2
01-05 18:29:49.700   513 16710 E mm-camera: module_sensor_start_session:1684SUCCESS
01-05 18:29:49.700   513 16710 D mm-camera: mct: mct_pipeline_start_session_thread: X imglib
01-05 18:29:49.700   513 16715 E mm-camera-pp: [INFO] base_module_start_session:91, E, session=2
01-05 18:29:49.702   513 16715 D mm-camera: mct: mct_pipeline_start_session_thread: X imglib
01-05 18:29:49.716 16714 16714 W CAM_startstats: type=1400 audit(0.0:1545): avc: granted { read } for name="event2" dev="tmpfs" ino=11407 scontext=u:r:init:s0 tcontext=u:object_r:input_device:s0 tclass=chr_file
01-05 18:29:49.723   513 16714 E Sensors : devname: /dev/input/event2
01-05 18:29:49.764   513 16714 E Sensors : devname: /dev/input/event0
01-05 18:29:49.760 16714 16714 W CAM_startstats: type=1400 audit(0.0:1547): avc: granted { read } for name="event0" dev="tmpfs" ino=10767 scontext=u:r:init:s0 tcontext=u:object_r:input_device:s0 tclass=chr_file
01-05 18:29:49.760 16714 16714 W CAM_startstats: type=1400 audit(0.0:1548): avc: granted { read open } for path="/dev/input/event0" dev="tmpfs" ino=10767 scontext=u:r:init:s0 tcontext=u:object_r:input_device:s0 tclass=chr_file
01-05 18:29:49.812   513 16714 E Sensors : devname: /dev/input/event1
01-05 18:29:49.808 16714 16714 W CAM_startstats: type=1400 audit(0.0:1549): avc: granted { read } for name="event1" dev="tmpfs" ino=10748 scontext=u:r:init:s0 tcontext=u:object_r:input_device:s0 tclass=chr_file
01-05 18:29:49.808 16714 16714 W CAM_startstats: type=1400 audit(0.0:1550): avc: granted { read open } for path="/dev/input/event1" dev="tmpfs" ino=10748 scontext=u:r:init:s0 tcontext=u:object_r:input_device:s0 tclass=chr_file
01-05 18:29:49.844   513 16714 E Sensors : devname: /dev/input/mice
01-05 18:29:49.840 16714 16714 W CAM_startstats: type=1400 audit(0.0:1551): avc: granted { read } for name="mice" dev="tmpfs" ino=10747 scontext=u:r:init:s0 tcontext=u:object_r:input_device:s0 tclass=chr_file
01-05 18:29:49.840 16714 16714 W CAM_startstats: type=1400 audit(0.0:1552): avc: granted { read open } for path="/dev/input/mice" dev="tmpfs" ino=10747 scontext=u:r:init:s0 tcontext=u:object_r:input_device:s0 tclass=chr_file
01-05 18:29:49.876   513 16714 E Sensors : couldn't find 'STM VL53L0 proximity sensor' input device
01-05 18:29:49.876   513 16714 E Sensors : ProximitySensor::ProximitySensor gets called!
01-05 18:29:49.876   513 16714 E Sensors : ProximitySensor: input_name:, input_sysfs_path:/sys/class/input/input
01-05 18:29:49.876   513 16714 E Sensors : ProximitySensor::enable function called for stmvl53L0!
01-05 18:29:49.876   513 16714 E Sensors : ProximitySensor::enable filename:/sys/class/input/input/enable_ps_sensor
01-05 18:29:49.876   513 16714 E Sensors : ProximitySensor::enable: Failed to open file descriptor for enabling VL53L0
01-05 18:29:49.876   513 16714 E Sensors : ProximitySensor::enable: Attempted to open file /sys/class/input/input/enable_ps_sensor. Error: -1
01-05 18:29:49.876   513 16714 E Sensors : open_sensors gets called!
01-05 18:29:49.876   513 16714 E Sensors : is_tof_sensor_available() called
01-05 18:29:49.876   513 16714 E Sensors : devname: /dev/input/event4
01-05 18:29:49.872 16714 16714 W CAM_startstats: type=1400 audit(0.0:1553): avc: granted { read } for name="event4" dev="tmpfs" ino=13967 scontext=u:r:init:s0 tcontext=u:object_r:input_device:s0 tclass=chr_file
01-05 18:29:49.872 16714 16714 W CAM_startstats: type=1400 audit(0.0:1554): avc: granted { read open } for path="/dev/input/event4" dev="tmpfs" ino=13967 scontext=u:r:init:s0 tcontext=u:object_r:input_device:s0 tclass=chr_file
01-05 18:29:49.892   513 16714 E Sensors : devname: /dev/input/event3
01-05 18:29:49.888 16714 16714 W CAM_startstats: type=1400 audit(0.0:1555): avc: granted { read } for name="event3" dev="tmpfs" ino=13966 scontext=u:r:init:s0 tcontext=u:object_r:input_device:s0 tclass=chr_file
01-05 18:29:49.888 16714 16714 W CAM_startstats: type=1400 audit(0.0:1556): avc: granted { read open } for path="/dev/input/event3" dev="tmpfs" ino=13966 scontext=u:r:init:s0 tcontext=u:object_r:input_device:s0 tclass=chr_file
01-05 18:29:49.924   513 16714 E Sensors : devname: /dev/input/event2
01-05 18:29:49.920 16714 16714 W CAM_startstats: type=1400 audit(0.0:1557): avc: granted { read } for name="event2" dev="tmpfs" ino=11407 scontext=u:r:init:s0 tcontext=u:object_r:input_device:s0 tclass=chr_file
01-05 18:29:49.920 16714 16714 W CAM_startstats: type=1400 audit(0.0:1558): avc: granted { read open } for path="/dev/input/event2" dev="tmpfs" ino=11407 scontext=u:r:init:s0 tcontext=u:object_r:input_device:s0 tclass=chr_file
01-05 18:29:49.972   513 16714 E Sensors : devname: /dev/input/event0
01-05 18:29:49.968 16714 16714 W CAM_startstats: type=1400 audit(0.0:1559): avc: granted { read } for name="event0" dev="tmpfs" ino=10767 scontext=u:r:init:s0 tcontext=u:object_r:input_device:s0 tclass=chr_file
01-05 18:29:49.968 16714 16714 W CAM_startstats: type=1400 audit(0.0:1560): avc: granted { read open } for path="/dev/input/event0" dev="tmpfs" ino=10767 scontext=u:r:init:s0 tcontext=u:object_r:input_device:s0 tclass=chr_file
01-05 18:29:50.020   513 16714 E Sensors : devname: /dev/input/event1
01-05 18:29:50.064  5184  5614 I CameraManagerGlobal: Connecting to camera service
01-05 18:29:50.066  5184  5614 E CameraManagerGlobal: Camera service is unavailable
01-05 18:29:50.068   513 16714 E Sensors : devname: /dev/input/mice
01-05 18:29:50.100   513 16714 E Sensors : No Tof sensor found!!!
01-05 18:29:50.100   513 16714 E mm-camera: sensor_laser_init:164  0 sensor supported
01-05 18:29:50.101   513 16714 E mm-camera: gyro_port_init:1404  Failure initializing laser sensor. Error: 4
01-05 18:29:50.102   513 16714 I CAMERA_SENSOR: start_accel_sensor
01-05 18:29:50.102   513 16714 E mm-camera: start_accel_sensor: sensor1_open E
01-05 18:29:50.103   513 16714 E mm-camera: start_accel_sensor: sensor1_open X, res = 0
01-05 18:29:50.107   513 16734 I CAMERA_SENSOR: accel_data_cb received RESP - SNS_SMGR_REPORT_RESP_V01
01-05 18:29:50.108   513 16714 D mm-camera: mct: mct_pipeline_start_session_thread: X imglib
01-05 18:29:50.109   513   513 E mm-camera: module_sensor_query_mod:7021led flash is not supported for this sensor.
01-05 18:29:50.110   513   513 E mm-camera: sensor_get_cur_chromatix_name:2577Error: Load default preview chroamtix
01-05 18:29:50.110   513   513 E mm-camera-sensor: chromatix_load_library_ex : chromatix = libchromatix_t4ka3_snapshot_open.so , lib name = /system/vendor/lib/libchromatix_t4ka3_snapshot_open.so
01-05 18:29:50.110   513   513 E mm-camera-sensor: chromatix_load_library_ex : chromatix = libchromatix_t4ka3_snapshot_open.so , lib name = /system/vendor/lib/libchromatix_t4ka3_snapshot_open.so
01-05 18:29:50.110   513   513 E mm-camera-sensor: chromatix_load_library_ex : chromatix = libchromatix_t4ka3_common_open.so , lib name = /system/vendor/lib/libchromatix_t4ka3_common_open.so
01-05 18:29:50.111   513   513 E mm-camera-sensor: chromatix_load_library_ex : chromatix = libchromatix_t4ka3_cpp_snapshot_open.so , lib name = /system/vendor/lib/libchromatix_t4ka3_cpp_snapshot_open.so
01-05 18:29:50.111   513   513 E mm-camera-sensor: chromatix_load_library_ex : chromatix = libchromatix_t4ka3_cpp_snapshot_open.so , lib name = /system/vendor/lib/libchromatix_t4ka3_cpp_snapshot_open.so
01-05 18:29:50.111   513   513 E mm-camera-sensor: chromatix_load_library_ex : chromatix = libchromatix_t4ka3_cpp_video_open.so , lib name = /system/vendor/lib/libchromatix_t4ka3_cpp_video_open.so
01-05 18:29:50.112   513   513 E mm-camera-sensor: chromatix_load_library_ex : chromatix = libchromatix_t4ka3_postproc_open.so , lib name = /system/vendor/lib/libchromatix_t4ka3_postproc_open.so
01-05 18:29:50.113   513   513 E mm-camera-isp2: isp_resource_query_mod:145 num_isp_preallocate 1 num_session_opened 1 dual_vfe_enabled 0
01-05 18:29:50.113   513   513 E mm-camera: module_faceproc_query_mod:1996] Caps ROI 5 scene_mode_cnt 1 HW analysis supported 0
01-05 18:29:50.113   513   513 E hdr     : module_hdr_lib_query_mod:181] Supported scenemode cnt 2
01-05 18:29:50.114   513   513 D mm-camera: mct: mct_pipeline_process_set:command=800000a
01-05 18:29:50.114   513   513 D mm-camera: mct: mct_pipeline_process_set: Adding new stream: id [0f]
01-05 18:29:50.114   513   513 D mm-camera: mct: mct_pipeline_process_set:command=8000012
01-05 18:29:50.114   513   513 D mm-camera: mct: mct_stream_start_link: Start linking Session-stream 0x2000f
01-05 18:29:50.114   513   513 I mm-camera: module_iface_set_mod_func: set module type = 8, identity 2000f
01-05 18:29:50.114   513   513 E mm-camera-sensor: port_sensor_caps_reserve:86session id doesn't match
01-05 18:29:50.114   513   513 E mm-camera: isp_port_check_caps_reserve:737 port 0xeb661ac0 ide 2000f type 10 dim 0 0
01-05 18:29:50.115   513   513 E mm-camera: int_link = 0xeb6640e0
01-05 18:29:50.115   513   513 I mm-camera: pproc_port_add_modules_to_stream:433, linking mods tmod and c2d
01-05 18:29:50.119   513   513 I mm-camera: pproc_port_add_modules_to_stream:433, linking mods c2d and cpp
01-05 18:29:50.119   513   513 E mm-camera: Interleaved flag is 0, identity 131087 port type 0
01-05 18:29:50.119   513   513 I mm-camera: pproc_port_add_modules_to_stream:433, linking mods cpp and afs
01-05 18:29:50.119   513   513 I mm-camera: pproc_port_add_modules_to_stream:433, linking mods afs and llvd
01-05 18:29:50.120   513   513 I mm-camera: pproc_port_add_modules_to_stream:433, linking mods llvd and ezt
01-05 18:29:50.120   513   513 E mm-camera: pproc_port_add_modules_to_stream:454] X rc: 1
01-05 18:29:50.133   513   513 D mm-camera: mct: mct_pipeline_process_set: Linking successful for stream 0x2000f stream type=10
01-05 18:29:50.137   513 16743 E mm-camera: mct: mct_pipeline_populate_query_cap_buffer: 3A VERSION:: 4.1.0.r2
01-05 18:29:50.137   513 16743 D mm-camera: mct: Cam 1: FPS range selection complete. Publishing 4 ranges.
01-05 18:29:50.185 16538 16538 D mm-jpeg-intf: Max picture size 3264 x 2448, WorkBufSize = 12220416
01-05 18:29:50.194 16538 16538 I qomx_image_core: OMX_Init:95] Complete 3
01-05 18:29:50.195 16538 16538 E QCameraHWI_Mem: void qcamera::QCameraMemory::traceLogAllocStart(size_t, int, const char*):HeapMemsize 659104
01-05 18:29:50.195 16538 16538 E QCameraHWI_Mem: void qcamera::QCameraMemory::traceLogAllocStart(size_t, int, const char*):Memsize 659104
01-05 18:29:50.196 16538 16538 E QCameraHWI_Mem: void qcamera::QCameraMemory::traceLogAllocEnd(size_t) 659104
01-05 18:29:50.196 16538 16538 E QCameraHWI_Mem: void qcamera::QCameraMemory::traceLogAllocEnd(size_t) 659104
01-05 18:29:50.198 16538 16538 D QCameraParameters: int32_t qcamera::QCameraParameters::initDefaultParameters(): supported preview sizes: 2560x1440,1920x1440,2048x1536,2048x1080,1920x1080,1776x1080,1440x1080,1280x960,1280x720,960x720,864x480,880x720,848x480,800x480,768x432,720x480,640x640,640x480,640x360,576x432,480x320,384x288,352x288,320x240,240x160,176x144
01-05 18:29:50.199 16538 16538 D QCameraParameters: int32_t qcamera::QCameraParameters::initDefaultParameters(): supported video sizes: 1920x1080,1280x960,1280x720,864x480,848x480,800x480,720x480,640x480,640x360,480x320,352x288,320x240,176x144,144x176
01-05 18:29:50.199 16538 16538 D QCameraParameters: int32_t qcamera::QCameraParameters::initDefaultParameters(): supported pic sizes: 3264x2448,3264x1836,2560x1920,2592x1944,2688x1512,2048x1536,1920x1080,1600x1200,1536x864,1280x960,1280x768,1280x720,1024x768,880x720,800x600,864x480,800x480,720x480,640x480,640x360,352x288,320x240,176x144
01-05 18:29:50.200 16538 16538 D QCameraParameters: int32_t qcamera::QCameraParameters::setPreviewFpsRange(int, int, int, int): Setting preview fps range 2000,30000
01-05 18:29:50.200 16538 16538 D QCameraParameters: int32_t qcamera::QCameraParameters::setPreviewFpsRange(int, int, int, int): Updated: minFps = 2000, maxFps = 30000 , vid minFps = 2000, vid maxFps = 30000
01-05 18:29:50.200 16538 16538 D QCamera2HWI: int qcamera::QCamera2HardwareInterface::calcThermalLevel(qcamera::qcamera_thermal_level_enum_t, int, int, cam_fps_range_t&, msm_vfe_frame_skip_pattern&): level: 0, preview minfps 2000.000000, preview maxfpS 30000.000000, video minfps 2000.000000, video maxfpS 30000.000000
01-05 18:29:50.200 16538 16538 D QCamera2HWI: int qcamera::QCamera2HardwareInterface::calcThermalLevel(qcamera::qcamera_thermal_level_enum_t, int, int, cam_fps_range_t&, msm_vfe_frame_skip_pattern&): Thermal level 0, FPS [2.00,30.00, 2.00,30.00], frameskip 0
01-05 18:29:50.201 16538 16538 D QCameraParameters: int32_t qcamera::QCameraParameters::setPreviewFpsRange(int, int, int, int): Thermal adjusted Preview fps range 2.00,30.00, 2.00, 30.00
01-05 18:29:50.201 16538 16538 D QCameraParameters: int32_t qcamera::QCameraParameters::initDefaultParameters(): supported fps rates: 2,3,4,5,6,7,8,9,10,11,12,13,14,15,16,17,18,19,20,21,22,23,24,25,26,27,28,29,30
01-05 18:29:50.201 16538 16538 D QCameraParameters: int32_t qcamera::QCameraParameters::setFocusMode(const char*): Setting focus mode fixed
01-05 18:29:50.201 16538 16538 D QCameraParameters: initDefaultParameters: setting KEY_FOCUS_DISTANCES as 0.100000,0.150000,0.170000
01-05 18:29:50.202 16538 16538 D QCameraParameters: int32_t qcamera::QCameraParameters::setAutoExposure(const char*): Setting auto exposure center-weighted
01-05 18:29:50.202 16538 16538 D QCameraParameters: int32_t qcamera::QCameraParameters::setAntibanding(const char*): Setting AntiBanding value auto
01-05 18:29:50.203 16538 16538 D QCameraParameters: int32_t qcamera::QCameraParameters::setFlash(const char*): Setting Flash value off
01-05 18:29:50.203 16538 16538 D QCameraParameters: int32_t qcamera::QCameraParameters::setISOValue(const char*): Setting ISO value auto
01-05 18:29:50.204 16538 16538 D QCameraParameters: int32_t qcamera::QCameraParameters::initDefaultParameters(), Exposure time min 0.013272 ms, max 869.661901 ms
01-05 18:29:50.204 16538 16538 D QCameraParameters: int32_t qcamera::QCameraParameters::initDefaultParameters(), ISO min 100, max 3000
01-05 18:29:50.207 16538 16538 D QCameraParameters: int32_t qcamera::QCameraParameters::setZoom(int): zoom level: 0
01-05 18:29:50.207 16538 16538 I QCameraParameters: int32_t qcamera::QCameraParameters::initDefaultParameters(): setting Exposure Bracketing value of 0,10,-9
01-05 18:29:50.207 16538 16538 D QCameraParameters: int32_t qcamera::QCameraParameters::setAEBracket(const char*), EXP_BRACKETING_OFF
01-05 18:29:50.207 16538 16538 D QCameraParameters: int32_t qcamera::QCameraParameters::setChromaFlash(const char*): chromaFlashStr =chroma-flash-off
01-05 18:29:50.207 16538 16538 D QCameraParameters: int32_t qcamera::QCameraParameters::setOptiZoom(const char*): optiZoomStr =opti-zoom-off
01-05 18:29:50.208 16538 16538 D QCameraParameters: int32_t qcamera::QCameraParameters::setSeeMore(const char*): seeMoreStr =off
01-05 18:29:50.208 16538 16538 D QCameraParameters: int32_t qcamera::QCameraParameters::setToneMapMode(uint32_t, bool): tone map mode 1 
01-05 18:29:50.208 16538 16538 D QCameraParameters: int32_t qcamera::QCameraParameters::setAecLock(const char*): Setting AECLock value false
01-05 18:29:50.208 16538 16538 D QCameraParameters: int32_t qcamera::QCameraParameters::setAwbLock(const char*): Setting AWBLock value false
01-05 18:29:50.209 16538 16538 D QCameraParameters: int32_t qcamera::QCameraParameters::initDefaultParameters(): totalram = -1334190080, freeram = 245035008 
01-05 18:29:50.209 16538 16538 D QCameraParameters: void qcamera::QCameraParameters::setOfflineRAW(): Offline Raw  0
01-05 18:29:50.209 16538 16538 E LGCameraParameters: void qcamera::QCameraParameters::initDefaultParametersEx(): multi_window_af_supported = 1
01-05 18:29:50.209 16538 16538 E LGCameraParameters: createMultiWindowString: (-280,-280,0,0,1),(-140,-420,140,-140,1),(0,-280,280,0,1),(-420,-140,-140,140,1),(-140,-140,140,140,1),(140,-140,420,140,1),(-280,0,0,280,1),(-140,140,140,420,1),(0,0,280,280,1),(-220,-220,220,220,1)
01-05 18:29:50.210 16538 16538 E LGCameraParameters: createMultiWindowString: (720,720,1000,1000,1),(860,580,1140,860,1),(1000,720,1280,1000,1),(580,860,860,1140,1),(860,860,1140,1140,1),(1140,860,1420,1140,1),(720,1000,1000,1420,1),(860,1140,1140,1420,1),(1000,1000,1280,1280,1)
01-05 18:29:50.210 16538 16538 D LGCameraParameters: int32_t qcamera::QCameraParameters::setLG_ISOcontrol(const char*): Setting ISO value auto
01-05 18:29:50.210 16538 16538 E LGCameraParameters: int32_t qcamera::QCameraParameters::setBeautyLevel(int) : [ARC_BEAUTY] beautylevel = 0
01-05 18:29:50.212   513 16743 E mm-camera: iface_util_set_hfr: can't find hw stream, only save hfr mode
01-05 18:29:50.214 16538 16538 D QCameraParameters: int32_t qcamera::QCameraParameters::setNumOfSnapshot(): nBurstNum = 1, nExpnum = 1
01-05 18:29:50.217 16538 16538 I Thermal-Lib: Thermal-Lib-Client: Registraion successful for camera with handle:1
01-05 18:29:50.217 16538 16538 I Thermal-Lib: Thermal-Lib-Client: Registraion successful for camcorder with handle:2
01-05 18:29:50.217 16538 16538 I QCamera2HWI: [KPI Perf] int qcamera::QCamera2HardwareInterface::openCamera(hw_device_t**): X PROFILE_OPEN_CAMERA camera id 1, rc: 0
01-05 18:29:50.217 16538 16538 E QCamera2HWI: int qcamera::QCamera2HardwareInterface::openCamera(hw_device_t**):[PREVIEW_COUNT] preview_count(1)
01-05 18:29:50.217   488   582 I ThermalEngine: Thermal-Server: Adding thermal event listener on fd 22
01-05 18:29:50.217 16538 16751 I Thermal-Lib: Thermal-Lib-Client: Client received msg camera 0
01-05 18:29:50.217 16538 16751 D QCamera2HWI: virtual int qcamera::QCamera2HardwareInterface::thermalEvtHandle(qcamera::qcamera_thermal_level_enum_t*, void*, void*): level = 0, userdata = 0x0, data = 0x0
01-05 18:29:50.218 16538 16751 I Thermal-Lib: Thermal-Lib-Client: Client received msg camcorder 0
01-05 18:29:50.218 16538 16751 D QCamera2HWI: virtual int qcamera::QCamera2HardwareInterface::thermalEvtHandle(qcamera::qcamera_thermal_level_enum_t*, void*, void*): level = 0, userdata = 0x0, data = 0x0
01-05 18:29:50.218 16538 16699 E QCameraStateMachine: int32_t qcamera::QCameraStateMachine::procEvtPreviewStoppedState(qcamera::qcamera_sm_evt_enum_t, void*): cannot handle evt(31) in state(0)
01-05 18:29:50.218 16538 16699 E QCameraStateMachine: int32_t qcamera::QCameraStateMachine::procEvtPreviewStoppedState(qcamera::qcamera_sm_evt_enum_t, void*): cannot handle evt(31) in state(0)
01-05 18:29:50.223 16747 16747 E ANDR-PERF-MPCTL: Unable to create control service (stage=1, rc=0)
01-05 18:29:50.223 16747 16747 W libc    : invalid pthread_t (0) passed to libc
01-05 18:29:50.225 16538 16538 I QCamera2HWI: [KPI Perf] static int qcamera::QCamera2HardwareInterface::close_camera_device(hw_device_t*): E
01-05 18:29:50.226 16538 16700 D QCamera2HWI: static void* qcamera::QCamera2HardwareInterface::defferedWorkRoutine(void*): stop data proc
01-05 18:29:50.227 16538 16538 I QCamera2HWI: [KPI Perf] int qcamera::QCamera2HardwareInterface::closeCamera(): E PROFILE_CLOSE_CAMERA camera id 1
01-05 18:29:50.227 16538 16538 D QCameraParameters: bool qcamera::QCameraParameters::setStreamConfigure(bool, bool, bool): Done Resetting stream config!!
01-05 18:29:50.231 16538 16538 I qomx_image_core: OMX_Deinit:119] Complete
01-05 18:29:50.244 16538 16538 I Thermal-Lib: Thermal-Lib-Client: Unregisteration is successfull for handle:1
01-05 18:29:50.245   488   582 I ThermalEngine: Thermal-Server: removing client on fd 22
01-05 18:29:50.245 16538 16538 I Thermal-Lib: Thermal-Lib-Client: Unregisteration is successfull for handle:2
01-05 18:29:50.248   513 16743 D mm-camera: mct: mct_pipeline_process_set:command=800000b
01-05 18:29:50.248   513 16743 E mm-camera: mct: mct_pipeline_process_set:2966: Couldn't find stream id: 0
01-05 18:29:50.248   513   513 D mm-camera: mct: mct_controller_destroy: Initiating destroy sequence
01-05 18:29:50.248 16538 16538 I QCamera2HWI: [KPI Perf] int qcamera::QCamera2HardwareInterface::closeCamera(): X PROFILE_CLOSE_CAMERA camera id 1, rc: 0
01-05 18:29:50.248 16538 16538 E QCamera2HWI: int qcamera::QCamera2HardwareInterface::closeCamera():[PREVIEW_COUNT] preview_count(0)
01-05 18:29:50.249   513 16744 D mm-camera: mct: mct_bus_handler_thread_run: Force Exit
01-05 18:29:50.249   513   513 D mm-camera: mct: mct_controller_destroy: bus_handler thread closed
01-05 18:29:50.249   513   513 D mm-camera: mct: mct_pipeline_stop_session - E
01-05 18:29:50.249   513   513 D mm-camera: mct: mct_pipeline_process_set:command=800000b
01-05 18:29:50.250   513   513 D mm-camera: mct: mct_pipeline_process_set: Issuing DEL_STREAM on stream 0x2000f and stream type=10
01-05 18:29:50.250   513   513 E mm-camera: port_iface_ext_unlink_func: E, identity = 0x2000f, port = 0xeb923620, direction = 2
01-05 18:29:50.250   513   513 E mm-camera: port_iface_check_caps_unreserve_func:  E, identity = 0x2000f, port = 0xeb923620, direction = 2
01-05 18:29:50.250   513   513 E mm-camera: iface_unreserve_sink_port: stream_id f mode 0 
01-05 18:29:50.250   513   513 E mm-camera: port_iface_ext_unlink_func: E, identity = 0x2000f, port = 0xeb923920, direction = 1
01-05 18:29:50.250   513   513 E mm-camera: iface_ext_unlink_src_port: mct stream already removed from hw stream
01-05 18:29:50.250   513   513 E mm-camera: port_iface_check_caps_unreserve_func:  E, identity = 0x2000f, port = 0xeb923920, direction = 1
01-05 18:29:50.250   513   513 E mm-camera: isp_port_check_caps_unreserve:826 ide 2000f port 0xeb661ac0
01-05 18:29:50.253 16538 16538 E QCamera2HWI: int qcamera::QCamera2HardwareInterface::closeCamera():[PREVIEW_COUNT][LOAD] preview_count(0) // MultiView(0)
01-05 18:29:50.254 16538 16538 I QCamera2HWI: [KPI Perf] static int qcamera::QCamera2HardwareInterface::close_camera_device(hw_device_t*): X
01-05 18:29:50.255   513   513 E mm-camera: module_afs_port_check_caps_unreserve:1524] 
01-05 18:29:50.255   513   513 E mm-camera: module_afs_port_check_caps_unreserve:1532] destroy client
01-05 18:29:50.255   513   513 E mm-camera: module_imgbase_port_release_client_llvd:1553] 
01-05 18:29:50.255   513   513 E mm-camera: q3a_thread_af_stop:1019  q3a_thread_af_stop:1019 MSG_STOP_THREAD
01-05 18:29:50.255 16538 16538 I CameraProviderManager: Connecting to new camera provider: legacy/0, isRemote? 0
01-05 18:29:50.256 16538 16538 I CameraProviderManager: Enumerating new camera device: device@1.0/legacy/0
01-05 18:29:50.261 16538 16538 I CamDev@1.0-impl: Opening camera 0
01-05 18:29:50.261 16538 16538 I QCamera2Factory: :static int qcamera::QCamera2Factory::openLegacy(int32_t, uint32_t, hw_device_t**) openLegacy halVersion: 256
01-05 18:29:50.262 16538 16538 D vndksupport: Loading /vendor/lib/hw/power.msm8992.so from current namespace instead of sphal namespace.
01-05 18:29:50.265 16538 16756 D QCamera2HWI: static void* qcamera::QCamera2HardwareInterface::defferedWorkRoutine(void*): start data proc
01-05 18:29:50.265   513   513 E mm-camera: stats_port_delete_reserved_stream:2602  stats_port_delete_reserved_stream:2602: going to NULL peer
01-05 18:29:50.265   513   513 D mm-camera: mct: mct_pipeline_process_set: Stream 0x2000f and stream type=10, successfully deleted
01-05 18:29:50.266   513 16758 D mm-camera: mct: mct_pipeline_stop_session_thread: Stop module name: sensor - E
01-05 18:29:50.269   513 16759 D mm-camera: mct: mct_pipeline_stop_session_thread: Stop module name: iface - E
01-05 18:29:50.270   513 16759 D mm-camera: mct: mct_pipeline_stop_session_thread: Stop module name: iface - X
01-05 18:29:50.272   513 16761 D mm-camera: mct: mct_pipeline_stop_session_thread: Stop module name: isp - E
01-05 18:29:50.272 16538 16538 I QCamera2HWI: [KPI Perf] int qcamera::QCamera2HardwareInterface::openCamera(hw_device_t**): E PROFILE_OPEN_CAMERA camera id 0
01-05 18:29:50.272   513 16761 E mm-camera-isp2: isp_module_stop_session:414 session id 2
01-05 18:29:50.273   513 16762 D mm-camera: mct: mct_pipeline_stop_session_thread: Stop module name: stats - E
01-05 18:29:50.274   513 16763 D mm-camera: mct: mct_pipeline_stop_session_thread: Stop module name: pproc - E
01-05 18:29:50.275   513   513 D mm-camera: mct: mct_pipeline_stop_session: left modules: 5
01-05 18:29:50.275   513 16761 D mm-camera: mct: mct_pipeline_stop_session_thread: Stop module name: isp - X
01-05 18:29:50.275   513   513 D mm-camera: mct: mct_pipeline_stop_session: left modules: 4
01-05 18:29:50.276   513 16764 D mm-camera: mct: mct_pipeline_stop_session_thread: Stop module name: imglib - E
01-05 18:29:50.276   513 16764 E mm-camera: module_faceproc_stop_session:1885] session cnt 1
01-05 18:29:50.278   513 16764 D mm-camera: mct: mct_pipeline_stop_session_thread: Stop module name: imglib - X
01-05 18:29:50.278   513   513 D mm-camera: mct: mct_pipeline_stop_session: left modules: 3
01-05 18:29:50.279   513 16762 E mm-camera: gyro_port_deinit:1446  gyro_port_deinit: Error in android Deinit
01-05 18:29:50.279   513 16762 I CAMERA_SENSOR: stop_accel_sensor
01-05 18:29:50.280   513 16763 E mm-camera-pp: [INFO] base_module_stop_session:98, E, session=2
01-05 18:29:50.280   513 16763 E mm-camera-pp: [INFO] base_module_stop_session:98, E, session=2
01-05 18:29:50.281   513 16763 D mm-camera: mct: mct_pipeline_stop_session_thread: Stop module name: pproc - X
01-05 18:29:50.281   513 16734 I CAMERA_SENSOR: accel_data_cb received RESP - SNS_SMGR_CANCEL_RESP_V01
01-05 18:29:50.281   513   513 D mm-camera: mct: mct_pipeline_stop_session: left modules: 2
01-05 18:29:50.281   513 16762 D mm-camera: mct: mct_pipeline_stop_session_thread: Stop module name: stats - X
01-05 18:29:50.282   513   513 D mm-camera: mct: mct_pipeline_stop_session: left modules: 1
01-05 18:29:50.286   513 16758 E mm-camera: sensor_close:4609ctrl->isStreaming make false
01-05 18:29:50.287   513 16758 D mm-camera: mct: mct_pipeline_stop_session_thread: Stop module name: sensor - X
01-05 18:29:50.287   513   513 D mm-camera: mct: mct_pipeline_stop_session: left modules: 0
01-05 18:29:50.287   513   513 D mm-camera: mct: mct_pipeline_stop_session - X
01-05 18:29:50.287   513   513 D mm-camera: mct: mct_pipeline_destroy E: session:2 
01-05 18:29:50.288   513   513 D mm-camera: mct: mct_pipeline_destroy X: Pipeline destroyed successfully
01-05 18:29:50.288   513   513 D mm-camera: mct: mct_controller_destroy: X Successfully closed mct_controller
01-05 18:29:50.288   513   513 D mm-camera: mct: mct_controller_new: Creating new mct_controller with session-id 1
01-05 18:29:50.288   513 16766 D mm-camera: mct: mct_pipeline_start_session_thread: E sensor
01-05 18:29:50.289   513 16767 D mm-camera: mct: mct_pipeline_start_session_thread: E iface
01-05 18:29:50.289   513 16768 D mm-camera: mct: mct_pipeline_start_session_thread: E isp
