01-05 18:29:52.513   513   513 I mm-camera: module_iface_set_mod_func: set module type = 8, identity 2000f
01-05 18:29:52.513   513   513 E mm-camera-sensor: port_sensor_caps_reserve:86session id doesn't match
01-05 18:29:52.513   513   513 E mm-camera: isp_port_check_caps_reserve:737 port 0xeb661ac0 ide 2000f type 10 dim 0 0
01-05 18:29:52.514   513   513 E mm-camera: int_link = 0xeb6640e0
01-05 18:29:52.514   513   513 I mm-camera: pproc_port_add_modules_to_stream:433, linking mods tmod and c2d
01-05 18:29:52.520   513   513 I mm-camera: pproc_port_add_modules_to_stream:433, linking mods c2d and cpp
01-05 18:29:52.520   513   513 E mm-camera: Interleaved flag is 0, identity 131087 port type 0
01-05 18:29:52.520   513   513 I mm-camera: pproc_port_add_modules_to_stream:433, linking mods cpp and afs
01-05 18:29:52.520   513   513 I mm-camera: pproc_port_add_modules_to_stream:433, linking mods afs and llvd
01-05 18:29:52.521   513   513 I mm-camera: pproc_port_add_modules_to_stream:433, linking mods llvd and ezt
01-05 18:29:52.521   513   513 E mm-camera: pproc_port_add_modules_to_stream:454] X rc: 1
01-05 18:29:52.533   513   513 D mm-camera: mct: mct_pipeline_process_set: Linking successful for stream 0x2000f stream type=10
01-05 18:29:52.581 16538 16538 D mm-jpeg-intf: Max picture size 3264 x 2448, WorkBufSize = 12220416
01-05 18:29:52.590 16538 16538 I qomx_image_core: OMX_Init:95] Complete 3
01-05 18:29:52.591 16538 16538 E QCameraHWI_Mem: void qcamera::QCameraMemory::traceLogAllocStart(size_t, int, const char*):HeapMemsize 659104
01-05 18:29:52.592 16538 16538 E QCameraHWI_Mem: void qcamera::QCameraMemory::traceLogAllocStart(size_t, int, const char*):Memsize 659104
01-05 18:29:52.592 16538 16538 E QCameraHWI_Mem: void qcamera::QCameraMemory::traceLogAllocEnd(size_t) 659104
01-05 18:29:52.592 16538 16538 E QCameraHWI_Mem: void qcamera::QCameraMemory::traceLogAllocEnd(size_t) 659104
01-05 18:29:52.596 16538 16538 D QCameraParameters: int32_t qcamera::QCameraParameters::initDefaultParameters(): supported preview sizes: 2560x1440,1920x1440,2048x1536,2048x1080,1920x1080,1776x1080,1440x1080,1280x960,1280x720,960x720,864x480,880x720,848x480,800x480,768x432,720x480,640x640,640x480,640x360,576x432,480x320,384x288,352x288,320x240,240x160,176x144
01-05 18:29:52.596 16538 16538 D QCameraParameters: int32_t qcamera::QCameraParameters::initDefaultParameters(): supported video sizes: 1920x1080,1280x960,1280x720,864x480,848x480,800x480,720x480,640x480,640x360,480x320,352x288,320x240,176x144,144x176
01-05 18:29:52.597 16538 16538 D QCameraParameters: int32_t qcamera::QCameraParameters::initDefaultParameters(): supported pic sizes: 3264x2448,3264x1836,2560x1920,2592x1944,2688x1512,2048x1536,1920x1080,1600x1200,1536x864,1280x960,1280x768,1280x720,1024x768,880x720,800x600,864x480,800x480,720x480,640x480,640x360,352x288,320x240,176x144
01-05 18:29:52.598 16538 16538 D QCameraParameters: int32_t qcamera::QCameraParameters::setPreviewFpsRange(int, int, int, int): Setting preview fps range 2000,30000
01-05 18:29:52.598 16538 16538 D QCameraParameters: int32_t qcamera::QCameraParameters::setPreviewFpsRange(int, int, int, int): Updated: minFps = 2000, maxFps = 30000 , vid minFps = 2000, vid maxFps = 30000
01-05 18:29:52.598 16538 16538 D QCamera2HWI: int qcamera::QCamera2HardwareInterface::calcThermalLevel(qcamera::qcamera_thermal_level_enum_t, int, int, cam_fps_range_t&, msm_vfe_frame_skip_pattern&): level: 0, preview minfps 2000.000000, preview maxfpS 30000.000000, video minfps 2000.000000, video maxfpS 30000.000000
01-05 18:29:52.598 16538 16538 D QCamera2HWI: int qcamera::QCamera2HardwareInterface::calcThermalLevel(qcamera::qcamera_thermal_level_enum_t, int, int, cam_fps_range_t&, msm_vfe_frame_skip_pattern&): Thermal level 0, FPS [2.00,30.00, 2.00,30.00], frameskip 0
01-05 18:29:52.598 16538 16538 D QCameraParameters: int32_t qcamera::QCameraParameters::setPreviewFpsRange(int, int, int, int): Thermal adjusted Preview fps range 2.00,30.00, 2.00, 30.00
01-05 18:29:52.599 16538 16538 D QCameraParameters: int32_t qcamera::QCameraParameters::initDefaultParameters(): supported fps rates: 2,3,4,5,6,7,8,9,10,11,12,13,14,15,16,17,18,19,20,21,22,23,24,25,26,27,28,29,30
01-05 18:29:52.599 16538 16538 D QCameraParameters: int32_t qcamera::QCameraParameters::setFocusMode(const char*): Setting focus mode fixed
01-05 18:29:52.599 16538 16538 D QCameraParameters: initDefaultParameters: setting KEY_FOCUS_DISTANCES as 0.100000,0.150000,0.170000
01-05 18:29:52.600 16538 16538 D QCameraParameters: int32_t qcamera::QCameraParameters::setAutoExposure(const char*): Setting auto exposure center-weighted
01-05 18:29:52.600 16538 16538 D QCameraParameters: int32_t qcamera::QCameraParameters::setAntibanding(const char*): Setting AntiBanding value auto
01-05 18:29:52.601 16538 16538 D QCameraParameters: int32_t qcamera::QCameraParameters::setFlash(const char*): Setting Flash value off
01-05 18:29:52.602 16538 16538 D QCameraParameters: int32_t qcamera::QCameraParameters::setISOValue(const char*): Setting ISO value auto
01-05 18:29:52.602 16538 16538 D QCameraParameters: int32_t qcamera::QCameraParameters::initDefaultParameters(), Exposure time min 0.013272 ms, max 869.661901 ms
01-05 18:29:52.602 16538 16538 D QCameraParameters: int32_t qcamera::QCameraParameters::initDefaultParameters(), ISO min 100, max 3000
01-05 18:29:52.610 16538 16538 D QCameraParameters: int32_t qcamera::QCameraParameters::setZoom(int): zoom level: 0
01-05 18:29:52.610 16538 16538 I QCameraParameters: int32_t qcamera::QCameraParameters::initDefaultParameters(): setting Exposure Bracketing value of 0,10,-9
01-05 18:29:52.610 16538 16538 D QCameraParameters: int32_t qcamera::QCameraParameters::setAEBracket(const char*), EXP_BRACKETING_OFF
01-05 18:29:52.610 16538 16538 D QCameraParameters: int32_t qcamera::QCameraParameters::setChromaFlash(const char*): chromaFlashStr =chroma-flash-off
01-05 18:29:52.610 16538 16538 D QCameraParameters: int32_t qcamera::QCameraParameters::setOptiZoom(const char*): optiZoomStr =opti-zoom-off
01-05 18:29:52.611 16538 16538 D QCameraParameters: int32_t qcamera::QCameraParameters::setSeeMore(const char*): seeMoreStr =off
01-05 18:29:52.611 16538 16538 D QCameraParameters: int32_t qcamera::QCameraParameters::setToneMapMode(uint32_t, bool): tone map mode 1 
01-05 18:29:52.612 16538 16538 D QCameraParameters: int32_t qcamera::QCameraParameters::setAecLock(const char*): Setting AECLock value false
01-05 18:29:52.612 16538 16538 D QCameraParameters: int32_t qcamera::QCameraParameters::setAwbLock(const char*): Setting AWBLock value false
01-05 18:29:52.612 16538 16538 D QCameraParameters: int32_t qcamera::QCameraParameters::initDefaultParameters(): totalram = -1334190080, freeram = 244867072 
01-05 18:29:52.612 16538 16538 D QCameraParameters: void qcamera::QCameraParameters::setOfflineRAW(): Offline Raw  0
01-05 18:29:52.612 16538 16538 E LGCameraParameters: void qcamera::QCameraParameters::initDefaultParametersEx(): multi_window_af_supported = 1
01-05 18:29:52.613 16538 16538 E LGCameraParameters: createMultiWindowString: (-280,-280,0,0,1),(-140,-420,140,-140,1),(0,-280,280,0,1),(-420,-140,-140,140,1),(-140,-140,140,140,1),(140,-140,420,140,1),(-280,0,0,280,1),(-140,140,140,420,1),(0,0,280,280,1),(-220,-220,220,220,1)
01-05 18:29:52.613 16538 16538 E LGCameraParameters: createMultiWindowString: (720,720,1000,1000,1),(860,580,1140,860,1),(1000,720,1280,1000,1),(580,860,860,1140,1),(860,860,1140,1140,1),(1140,860,1420,1140,1),(720,1000,1000,1420,1),(860,1140,1140,1420,1),(1000,1000,1280,1280,1)
01-05 18:29:52.614 16538 16538 D LGCameraParameters: int32_t qcamera::QCameraParameters::setLG_ISOcontrol(const char*): Setting ISO value auto
01-05 18:29:52.614 16538 16538 E LGCameraParameters: int32_t qcamera::QCameraParameters::setBeautyLevel(int) : [ARC_BEAUTY] beautylevel = 0
01-05 18:29:52.616   513 16975 E mm-camera: iface_util_set_hfr: can't find hw stream, only save hfr mode
01-05 18:29:52.619 16538 16538 D QCameraParameters: int32_t qcamera::QCameraParameters::setNumOfSnapshot(): nBurstNum = 1, nExpnum = 1
01-05 18:29:52.622 16538 16538 I Thermal-Lib: Thermal-Lib-Client: Registraion successful for camera with handle:1
01-05 18:29:52.622 16538 16538 I Thermal-Lib: Thermal-Lib-Client: Registraion successful for camcorder with handle:2
01-05 18:29:52.622 16538 16538 I QCamera2HWI: [KPI Perf] int qcamera::QCamera2HardwareInterface::openCamera(hw_device_t**): X PROFILE_OPEN_CAMERA camera id 1, rc: 0
01-05 18:29:52.622 16538 16538 E QCamera2HWI: int qcamera::QCamera2HardwareInterface::openCamera(hw_device_t**):[PREVIEW_COUNT] preview_count(1)
01-05 18:29:52.622   488   582 I ThermalEngine: Thermal-Server: Adding thermal event listener on fd 22
01-05 18:29:52.623 16538 16982 I Thermal-Lib: Thermal-Lib-Client: Client received msg camera 0
01-05 18:29:52.623 16538 16982 D QCamera2HWI: virtual int qcamera::QCamera2HardwareInterface::thermalEvtHandle(qcamera::qcamera_thermal_level_enum_t*, void*, void*): level = 0, userdata = 0x0, data = 0x0
01-05 18:29:52.623 16538 16982 I Thermal-Lib: Thermal-Lib-Client: Client received msg camcorder 0
01-05 18:29:52.623 16538 16982 D QCamera2HWI: virtual int qcamera::QCamera2HardwareInterface::thermalEvtHandle(qcamera::qcamera_thermal_level_enum_t*, void*, void*): level = 0, userdata = 0x0, data = 0x0
01-05 18:29:52.623 16538 16931 E QCameraStateMachine: int32_t qcamera::QCameraStateMachine::procEvtPreviewStoppedState(qcamera::qcamera_sm_evt_enum_t, void*): cannot handle evt(31) in state(0)
01-05 18:29:52.627 16538 16931 E QCameraStateMachine: int32_t qcamera::QCameraStateMachine::procEvtPreviewStoppedState(qcamera::qcamera_sm_evt_enum_t, void*): cannot handle evt(31) in state(0)
01-05 18:29:52.645 16538 16931 D QCameraParameters: int32_t qcamera::QCameraParameters::setPreviewFpsRange(const qcamera::QCameraParameters&): FpsRange Values:(2000, 30000)
01-05 18:29:52.645 16538 16931 D QCameraParameters: int32_t qcamera::QCameraParameters::setPreviewFpsRange(const qcamera::QCameraParameters&): Requested FpsRange Values:(2000, 30000)
01-05 18:29:52.645 16538 16931 D QCameraParameters: HFR mode is OFF
01-05 18:29:52.646 16538 16931 D QCameraParameters: void qcamera::QCameraParameters::setBufBatchCount(int8_t) : Buffer batch count = 0
01-05 18:29:52.646 16538 16931 D QCameraParameters: int32_t qcamera::QCameraParameters::setPreviewFpsRange(const qcamera::QCameraParameters&): UpdateHFRFrameRate 0
01-05 18:29:52.646 16538 16931 D QCameraParameters: int32_t qcamera::QCameraParameters::setPreviewFpsRange(const qcamera::QCameraParameters&): No change in FpsRange
01-05 18:29:52.646 16538 16931 I QCameraParameters: Requested preview size 1280 x 720
01-05 18:29:52.646 16538 16931 I QCameraParameters: Requested picture size 1280 x 720
01-05 18:29:52.646 16538 16931 D LGCameraParameters: park void qcamera::QCameraParameters::setHorViewAngle(int, int) E, horViewAngle = 69.300003
01-05 18:29:52.646 16538 16931 D QCameraParameters: int32_t qcamera::QCameraParameters::setPreviewFormat(const qcamera::QCameraParameters&): format 2
01-05 18:29:52.646 16538 16931 D QCameraParameters: int32_t qcamera::QCameraParameters::setPictureFormat(const qcamera::QCameraParameters&): format 0
01-05 18:29:52.647 16538 16931 D QCameraParameters: Param m_bNoDisplayMode = 0
01-05 18:29:52.647 16538 16931 I QCameraParameters: int32_t qcamera::QCameraParameters::setZslMode(const qcamera::QCameraParameters&): enabled: 0
01-05 18:29:52.648 16538 16931 D QCameraParameters: int32_t qcamera::QCameraParameters::setSceneMode(const qcamera::QCameraParameters&): str - auto, prev_str - auto
01-05 18:29:52.648 16538 16931 D QCameraParameters: int32_t qcamera::QCameraParameters::setAutoHDR(const qcamera::QCameraParameters&) : Auto HDR set to: disable
01-05 18:29:52.648 16538 16931 D QCameraParameters: int32_t qcamera::QCameraParameters::setAFBracket(const qcamera::QCameraParameters&): str =(null) & prev_str =(null)
01-05 18:29:52.648 16538 16931 D QCameraParameters: int32_t qcamera::QCameraParameters::setTruePortrait(const qcamera::QCameraParameters&): str =(null) & prev_str =(null)
01-05 18:29:52.649 16538 16931 D QCameraParameters: int32_t qcamera::QCameraParameters::setBurstNum(const qcamera::QCameraParameters&): [ZSL Retro] m_nBurstNum = 1
01-05 18:29:52.649 16538 16931 D QCameraParameters: int32_t qcamera::QCameraParameters::setBurstLEDOnPeriod(const qcamera::QCameraParameters&): Burst LED on period  300
01-05 18:29:52.649 16538 16931 D QCameraParameters: int32_t qcamera::QCameraParameters::setLiveSnapshotSize(const qcamera::QCameraParameters&): live snapshot size 1280 x 720
01-05 18:29:52.650 16538 16931 D QCameraParameters: int32_t qcamera::QCameraParameters::setPAAF(): PAAF is: ON
01-05 18:29:52.650 16538 16931 D QCameraParameters: int32_t qcamera::QCameraParameters::setSeeMore(const qcamera::QCameraParameters&): str =off & prev_str =off
01-05 18:29:52.650 16538 16931 E LGCameraParameters: [ManualAF] android::status_t qcamera::QCameraParameters::setManualFocusLength(const qcamera::QCameraParameters&): current_normal_focus =0 / curr_mode = fixed
01-05 18:29:52.650 16538 16931 E LGCameraParameters: int32_t qcamera::QCameraParameters::setHighDynamicRange(const qcamera::QCameraParameters&) EasyHDR KEY_HDR_MODE = (null), value = -2
01-05 18:29:52.650 16538 16931 E LGCameraParameters: int32_t qcamera::QCameraParameters::setHighDynamicRange(const qcamera::QCameraParameters&) string is null
01-05 18:29:52.650 16538 16931 E LGCameraParameters: int32_t qcamera::QCameraParameters::setBeautyShot(const qcamera::QCameraParameters&):m_bBeautyShotEnabled=0
01-05 18:29:52.650 16538 16931 D LGCameraParameters: int32_t qcamera::QCameraParameters::setDNGCapture(const qcamera::QCameraParameters&) : value = 0(0) 
01-05 18:29:52.650 16538 16931 E LGCameraParameters: int32_t qcamera::QCameraParameters::setLG_ShutterSpeed(const qcamera::QCameraParameters&): error to support!
01-05 18:29:52.650 16538 16931 E LGCameraParameters: int32_t qcamera::QCameraParameters::setLG_EVcontrol(const qcamera::QCameraParameters&): error to support!
01-05 18:29:52.651 16538 16931 E LGCameraParameters: int32_t qcamera::QCameraParameters::setLG_ColorAdjust(const qcamera::QCameraParameters&): error to support!
01-05 18:29:52.651 16538 16931 E LGCameraParameters: int32_t qcamera::QCameraParameters::setLG_WBcontrol(const qcamera::QCameraParameters&): error to support!
01-05 18:29:52.654 16538 16931 D QCameraParameters: int32_t qcamera::QCameraParameters::setNumOfSnapshot(): nBurstNum = 1, nExpnum = 1
01-05 18:29:52.655 16538 16538 I QCamera2HWI: [KPI Perf] static void qcamera::QCamera2HardwareInterface::stop_preview(camera_device*): E PROFILE_STOP_PREVIEW
01-05 18:29:52.657 16538 16538 I QCamera2HWI: [KPI Perf] static void qcamera::QCamera2HardwareInterface::stop_preview(camera_device*): X
01-05 18:29:52.657 16538 16538 I CamDev@1.0-impl: Closing camera 1
01-05 18:29:52.657 16538 16538 I QCamera2HWI: [KPI Perf] static int qcamera::QCamera2HardwareInterface::close_camera_device(hw_device_t*): E
01-05 18:29:52.658 16538 16932 D QCamera2HWI: static void* qcamera::QCamera2HardwareInterface::defferedWorkRoutine(void*): stop data proc
01-05 18:29:52.661 16538 16538 I QCamera2HWI: [KPI Perf] int qcamera::QCamera2HardwareInterface::closeCamera(): E PROFILE_CLOSE_CAMERA camera id 1
01-05 18:29:52.661 16538 16538 D QCameraParameters: bool qcamera::QCameraParameters::setStreamConfigure(bool, bool, bool): Done Resetting stream config!!
01-05 18:29:52.669 16538 16538 I qomx_image_core: OMX_Deinit:119] Complete
01-05 18:29:52.685 16538 16538 I Thermal-Lib: Thermal-Lib-Client: Unregisteration is successfull for handle:1
01-05 18:29:52.686   488   582 I ThermalEngine: Thermal-Server: removing client on fd 22
01-05 18:29:52.686 16538 16538 I Thermal-Lib: Thermal-Lib-Client: Unregisteration is successfull for handle:2
01-05 18:29:52.696   513 16975 D mm-camera: mct: mct_pipeline_process_set:command=800000b
01-05 18:29:52.696   513 16975 E mm-camera: mct: mct_pipeline_process_set:2966: Couldn't find stream id: 0
01-05 18:29:52.697   513   513 D mm-camera: mct: mct_controller_destroy: Initiating destroy sequence
01-05 18:29:52.697 16538 16538 I QCamera2HWI: [KPI Perf] int qcamera::QCamera2HardwareInterface::closeCamera(): X PROFILE_CLOSE_CAMERA camera id 1, rc: 0
01-05 18:29:52.697 16538 16538 E QCamera2HWI: int qcamera::QCamera2HardwareInterface::closeCamera():[PREVIEW_COUNT] preview_count(0)
01-05 18:29:52.699   513 16976 D mm-camera: mct: mct_bus_handler_thread_run: Force Exit
01-05 18:29:52.699   513   513 D mm-camera: mct: mct_controller_destroy: bus_handler thread closed
01-05 18:29:52.699   513   513 D mm-camera: mct: mct_pipeline_stop_session - E
01-05 18:29:52.699   513   513 D mm-camera: mct: mct_pipeline_process_set:command=800000b
01-05 18:29:52.699   513   513 D mm-camera: mct: mct_pipeline_process_set: Issuing DEL_STREAM on stream 0x2000f and stream type=10
01-05 18:29:52.699   513   513 E mm-camera: port_iface_ext_unlink_func: E, identity = 0x2000f, port = 0xeb923620, direction = 2
01-05 18:29:52.700   513   513 E mm-camera: port_iface_check_caps_unreserve_func:  E, identity = 0x2000f, port = 0xeb923620, direction = 2
01-05 18:29:52.700   513   513 E mm-camera: iface_unreserve_sink_port: stream_id f mode 0 
01-05 18:29:52.700   513   513 E mm-camera: port_iface_ext_unlink_func: E, identity = 0x2000f, port = 0xeb923920, direction = 1
01-05 18:29:52.700   513   513 E mm-camera: iface_ext_unlink_src_port: mct stream already removed from hw stream
01-05 18:29:52.700   513   513 E mm-camera: port_iface_check_caps_unreserve_func:  E, identity = 0x2000f, port = 0xeb923920, direction = 1
01-05 18:29:52.700   513   513 E mm-camera: isp_port_check_caps_unreserve:826 ide 2000f port 0xeb661ac0
01-05 18:29:52.705 16538 16538 E QCamera2HWI: int qcamera::QCamera2HardwareInterface::closeCamera():[PREVIEW_COUNT][LOAD] preview_count(0) // MultiView(0)
01-05 18:29:52.706 16538 16538 I QCamera2HWI: [KPI Perf] static int qcamera::QCamera2HardwareInterface::close_camera_device(hw_device_t*): X
01-05 18:29:52.708 16538 16538 I CameraService: onDeviceStatusChanged: Status changed for cameraId=0, newStatus=1
01-05 18:29:52.708 16538 16538 E CameraService: onDeviceStatusChanged: State transition to the same status 0x1 not allowed
01-05 18:29:52.708 16538 16538 I CameraService: onDeviceStatusChanged: Status changed for cameraId=1, newStatus=1
01-05 18:29:52.708 16538 16538 E CameraService: onDeviceStatusChanged: State transition to the same status 0x1 not allowed
01-05 18:29:52.708   513   513 E mm-camera: module_afs_port_check_caps_unreserve:1524] 
01-05 18:29:52.708   513   513 E mm-camera: module_afs_port_check_caps_unreserve:1532] destroy client
01-05 18:29:52.708   513   513 E mm-camera: module_imgbase_port_release_client_llvd:1553] 
01-05 18:29:52.709   513   513 E mm-camera: q3a_thread_af_stop:1019  q3a_thread_af_stop:1019 MSG_STOP_THREAD
01-05 18:29:52.717   513   513 E mm-camera: stats_port_delete_reserved_stream:2602  stats_port_delete_reserved_stream:2602: going to NULL peer
01-05 18:29:52.717   513   513 D mm-camera: mct: mct_pipeline_process_set: Stream 0x2000f and stream type=10, successfully deleted
01-05 18:29:52.718   513 16987 D mm-camera: mct: mct_pipeline_stop_session_thread: Stop module name: sensor - E
01-05 18:29:52.720   513 16990 D mm-camera: mct: mct_pipeline_stop_session_thread: Stop module name: iface - E
01-05 18:29:52.720   513 16990 D mm-camera: mct: mct_pipeline_stop_session_thread: Stop module name: iface - X
01-05 18:29:52.724   513 16991 D mm-camera: mct: mct_pipeline_stop_session_thread: Stop module name: isp - E
01-05 18:29:52.724   513 16991 E mm-camera-isp2: isp_module_stop_session:414 session id 2
01-05 18:29:52.727   513 16992 D mm-camera: mct: mct_pipeline_stop_session_thread: Stop module name: stats - E
01-05 18:29:52.731   513 16993 D mm-camera: mct: mct_pipeline_stop_session_thread: Stop module name: pproc - E
01-05 18:29:52.731   513 16991 D mm-camera: mct: mct_pipeline_stop_session_thread: Stop module name: isp - X
01-05 18:29:52.733   513 16992 E mm-camera: gyro_port_deinit:1446  gyro_port_deinit: Error in android Deinit
01-05 18:29:52.734   513 16992 I CAMERA_SENSOR: stop_accel_sensor
01-05 18:29:52.734   513 16994 D mm-camera: mct: mct_pipeline_stop_session_thread: Stop module name: imglib - E
01-05 18:29:52.735   513   513 D mm-camera: mct: mct_pipeline_stop_session: left modules: 5
01-05 18:29:52.735   513   513 D mm-camera: mct: mct_pipeline_stop_session: left modules: 4
01-05 18:29:52.735   513 16994 E mm-camera: module_faceproc_stop_session:1885] session cnt 1
01-05 18:29:52.736   513 16966 I CAMERA_SENSOR: accel_data_cb received RESP - SNS_SMGR_CANCEL_RESP_V01
01-05 18:29:52.737   513 16992 D mm-camera: mct: mct_pipeline_stop_session_thread: Stop module name: stats - X
01-05 18:29:52.737   513   513 D mm-camera: mct: mct_pipeline_stop_session: left modules: 3
01-05 18:29:52.743   513 16994 D mm-camera: mct: mct_pipeline_stop_session_thread: Stop module name: imglib - X
01-05 18:29:52.743   513   513 D mm-camera: mct: mct_pipeline_stop_session: left modules: 2
01-05 18:29:52.743   513 16987 E mm-camera: sensor_close:4609ctrl->isStreaming make false
01-05 18:29:52.744   513 16993 E mm-camera-pp: [INFO] base_module_stop_session:98, E, session=2
01-05 18:29:52.745   513 16993 E mm-camera-pp: [INFO] base_module_stop_session:98, E, session=2
01-05 18:29:52.745   513 16993 D mm-camera: mct: mct_pipeline_stop_session_thread: Stop module name: pproc - X
01-05 18:29:52.745   513   513 D mm-camera: mct: mct_pipeline_stop_session: left modules: 1
01-05 18:29:52.746   513 16987 D mm-camera: mct: mct_pipeline_stop_session_thread: Stop module name: sensor - X
01-05 18:29:52.746   513   513 D mm-camera: mct: mct_pipeline_stop_session: left modules: 0
01-05 18:29:52.746   513   513 D mm-camera: mct: mct_pipeline_stop_session - X
01-05 18:29:52.747   513   513 D mm-camera: mct: mct_pipeline_destroy E: session:2 
01-05 18:29:52.748   513   513 D mm-camera: mct: mct_pipeline_destroy X: Pipeline destroyed successfully
01-05 18:29:52.748   513   513 D mm-camera: mct: mct_controller_destroy: X Successfully closed mct_controller
01-05 18:29:53.190  5184  5614 I CameraManagerGlobal: Connecting to camera service
01-05 18:29:53.534  5184  5184 I zygote64: Deoptimizing void com.android.systemui.statusbar.policy.CallbackHandler$2.run() due to JIT inline cache
