01-03 17:23:46.605   515 19648 E Sensors : devname: /dev/input/event0
01-03 17:23:46.631   515 19648 E Sensors : devname: /dev/input/event1
01-03 17:23:46.641  5094  5574 I CameraManagerGlobal: Connecting to camera service
01-03 17:23:46.642  5094  5574 E CameraManagerGlobal: Camera service is unavailable
01-03 17:23:46.655   515 19648 E Sensors : devname: /dev/input/mice
01-03 17:23:46.687   515 19648 E Sensors : devname: /dev/input/event2
01-03 17:23:46.703   515 19648 E Sensors : No Tof sensor found!!!
01-03 17:23:46.703   515 19648 E mm-camera: sensor_laser_init:164  0 sensor supported
01-03 17:23:46.705   515 19648 E mm-camera: gyro_port_init:1404  Failure initializing laser sensor. Error: 4
01-03 17:23:46.705   515 19648 I CAMERA_SENSOR: start_accel_sensor
01-03 17:23:46.705   515 19648 E mm-camera: start_accel_sensor: sensor1_open E
01-03 17:23:46.706   515 19648 E mm-camera: start_accel_sensor: sensor1_open X, res = 0
01-03 17:23:46.710   515 19669 I CAMERA_SENSOR: accel_data_cb received RESP - SNS_SMGR_REPORT_RESP_V01
01-03 17:23:46.710   515 19648 D mm-camera: mct: mct_pipeline_start_session_thread: X imglib
01-03 17:23:46.711   515   515 E mm-camera: sensor_get_cur_chromatix_name:2577Error: Load default preview chroamtix
01-03 17:23:46.711   515   515 E mm-camera-sensor: chromatix_load_library_ex : chromatix = libchromatix_imx234_snapshot_open.so , lib name = /system/vendor/lib/libchromatix_imx234_snapshot_open.so
01-03 17:23:46.711   515   515 E mm-camera-sensor: chromatix_load_library_ex : chromatix = libchromatix_imx234_snapshot_open.so , lib name = /system/vendor/lib/libchromatix_imx234_snapshot_open.so
01-03 17:23:46.712   515   515 E mm-camera-sensor: chromatix_load_library_ex : chromatix = libchromatix_imx234_common_open.so , lib name = /system/vendor/lib/libchromatix_imx234_common_open.so
01-03 17:23:46.712   515   515 E mm-camera-sensor: chromatix_load_library_ex : chromatix = libchromatix_imx234_cpp_snapshot_open.so , lib name = /system/vendor/lib/libchromatix_imx234_cpp_snapshot_open.so
01-03 17:23:46.712   515   515 E mm-camera-sensor: chromatix_load_library_ex : chromatix = libchromatix_imx234_cpp_snapshot_open.so , lib name = /system/vendor/lib/libchromatix_imx234_cpp_snapshot_open.so
01-03 17:23:46.712   515   515 E mm-camera-sensor: chromatix_load_library_ex : chromatix = libchromatix_imx234_cpp_flash_snapshot_open.so , lib name = /system/vendor/lib/libchromatix_imx234_cpp_flash_snapshot_open.so
01-03 17:23:46.713   515   515 E mm-camera-sensor: chromatix_load_library_ex : chromatix = libchromatix_imx234_cpp_video_open.so , lib name = /system/vendor/lib/libchromatix_imx234_cpp_video_open.so
01-03 17:23:46.713   515   515 E mm-camera-sensor: chromatix_load_library_ex : chromatix = libchromatix_imx234_postproc_open.so , lib name = /system/vendor/lib/libchromatix_imx234_postproc_open.so
01-03 17:23:46.714   515   515 E mm-camera-isp2: isp_resource_query_mod:145 num_isp_preallocate 1 num_session_opened 1 dual_vfe_enabled 0
01-03 17:23:46.714   515   515 E mm-camera: module_faceproc_query_mod:1996] Caps ROI 5 scene_mode_cnt 1 HW analysis supported 0
01-03 17:23:46.714   515   515 E hdr     : module_hdr_lib_query_mod:181] Supported scenemode cnt 2
01-03 17:23:46.714   515   515 D mm-camera: mct: mct_pipeline_process_set:command=800000a
01-03 17:23:46.714   515   515 D mm-camera: mct: mct_pipeline_process_set: Adding new stream: id [0f]
01-03 17:23:46.715   515   515 D mm-camera: mct: mct_pipeline_process_set:command=8000012
01-03 17:23:46.715   515   515 D mm-camera: mct: mct_stream_start_link: Start linking Session-stream 0x1000f
01-03 17:23:46.715   515   515 I mm-camera: module_iface_set_mod_func: set module type = 8, identity 1000f
01-03 17:23:46.715   515   515 E mm-camera: isp_port_check_caps_reserve:737 port 0xed061ac0 ide 1000f type 10 dim 0 0
01-03 17:23:46.715   515   515 E mm-camera: int_link = 0xed0640e0
01-03 17:23:46.715   515   515 I mm-camera: pproc_port_add_modules_to_stream:433, linking mods tmod and c2d
01-03 17:23:46.723   515   515 I mm-camera: pproc_port_add_modules_to_stream:433, linking mods c2d and cpp
01-03 17:23:46.723   515   515 E mm-camera: Interleaved flag is 0, identity 65551 port type 0
01-03 17:23:46.723   515   515 I mm-camera: pproc_port_add_modules_to_stream:433, linking mods cpp and afs
01-03 17:23:46.723   515   515 I mm-camera: pproc_port_add_modules_to_stream:433, linking mods afs and llvd
01-03 17:23:46.724   515   515 I mm-camera: pproc_port_add_modules_to_stream:433, linking mods llvd and ezt
01-03 17:23:46.724   515   515 E mm-camera: pproc_port_add_modules_to_stream:454] X rc: 1
01-03 17:23:46.736   515   515 D mm-camera: mct: mct_pipeline_process_set: Linking successful for stream 0x1000f stream type=10
01-03 17:23:46.741   515 19678 E mm-camera: mct: mct_pipeline_populate_query_cap_buffer: 3A VERSION:: 4.1.0.r2
01-03 17:23:46.741   515 19678 D mm-camera: mct: Cam 0: FPS range selection complete. Publishing 6 ranges.
01-03 17:23:46.789 19537 19537 D mm-jpeg-intf: Max picture size 5312 x 2988, WorkBufSize = 23967744
01-03 17:23:46.803 19537 19537 I qomx_image_core: OMX_Init:95] Complete 3
01-03 17:23:46.805 19537 19537 E QCameraHWI_Mem: void qcamera::QCameraMemory::traceLogAllocStart(size_t, int, const char*):HeapMemsize 659104
01-03 17:23:46.805 19537 19537 E QCameraHWI_Mem: void qcamera::QCameraMemory::traceLogAllocStart(size_t, int, const char*):Memsize 659104
01-03 17:23:46.805 19537 19537 E QCameraHWI_Mem: void qcamera::QCameraMemory::traceLogAllocEnd(size_t) 659104
01-03 17:23:46.805 19537 19537 E QCameraHWI_Mem: void qcamera::QCameraMemory::traceLogAllocEnd(size_t) 659104
01-03 17:23:46.807 19537 19537 D QCameraParameters: int32_t qcamera::QCameraParameters::initDefaultParameters(): supported preview sizes: 2560x1440,1920x1440,2048x1536,2048x1080,1920x1080,1776x1080,1440x1080,1280x960,1280x720,960x720,864x480,880x720,848x480,800x480,768x432,720x480,640x640,640x480,640x360,576x432,480x320,384x288,352x288,320x240,240x160,176x144
01-03 17:23:46.807 19537 19537 D QCameraParameters: int32_t qcamera::QCameraParameters::initDefaultParameters(): supported video sizes: 1920x1080,1280x960,1280x720,864x480,848x480,800x480,720x480,640x480,640x360,480x320,352x288,320x240,176x144,144x176
01-03 17:23:46.808 19537 19537 D QCameraParameters: int32_t qcamera::QCameraParameters::initDefaultParameters(): supported pic sizes: 5312x2988,3984x2988,3840x2160,3264x2448,3264x1836,2560x1920,2592x1944,2688x1512,2048x1536,1920x1080,1600x1200,1536x864,1280x960,1280x768,1280x720,1024x768,880x720,800x600,864x480,800x480,720x480,640x480,640x360,352x288,320x240,176x144
01-03 17:23:46.809 19537 19537 D QCameraParameters: int32_t qcamera::QCameraParameters::setPreviewFpsRange(int, int, int, int): Setting preview fps range 2000,30000
01-03 17:23:46.809 19537 19537 D QCameraParameters: int32_t qcamera::QCameraParameters::setPreviewFpsRange(int, int, int, int): Updated: minFps = 2000, maxFps = 30000 , vid minFps = 2000, vid maxFps = 30000
01-03 17:23:46.809 19537 19537 D QCamera2HWI: int qcamera::QCamera2HardwareInterface::calcThermalLevel(qcamera::qcamera_thermal_level_enum_t, int, int, cam_fps_range_t&, msm_vfe_frame_skip_pattern&): level: 0, preview minfps 2000.000000, preview maxfpS 30000.000000, video minfps 2000.000000, video maxfpS 30000.000000
01-03 17:23:46.809 19537 19537 D QCamera2HWI: int qcamera::QCamera2HardwareInterface::calcThermalLevel(qcamera::qcamera_thermal_level_enum_t, int, int, cam_fps_range_t&, msm_vfe_frame_skip_pattern&): Thermal level 0, FPS [2.00,30.00, 2.00,30.00], frameskip 0
01-03 17:23:46.809 19537 19537 D QCameraParameters: int32_t qcamera::QCameraParameters::setPreviewFpsRange(int, int, int, int): Thermal adjusted Preview fps range 2.00,30.00, 2.00, 30.00
01-03 17:23:46.809 19537 19537 D QCameraParameters: int32_t qcamera::QCameraParameters::initDefaultParameters(): supported fps rates: 2,3,4,5,6,7,8,9,10,11,12,13,14,15,16,17,18,19,20,21,22,23,24,25,26,27,28,29,30
01-03 17:23:46.810 19537 19537 D QCameraParameters: int32_t qcamera::QCameraParameters::setFocusMode(const char*): Setting focus mode auto
01-03 17:23:46.810 19537 19537 D QCameraParameters: initDefaultParameters: setting KEY_FOCUS_DISTANCES as 0.100000,0.150000,0.170000
01-03 17:23:46.811 19537 19537 D QCameraParameters: int32_t qcamera::QCameraParameters::setAutoExposure(const char*): Setting auto exposure center-weighted
01-03 17:23:46.811 19537 19537 D QCameraParameters: int32_t qcamera::QCameraParameters::setAntibanding(const char*): Setting AntiBanding value auto
01-03 17:23:46.811 19537 19537 D QCameraParameters: int32_t qcamera::QCameraParameters::setFlash(const char*): Setting Flash value off
01-03 17:23:46.812 19537 19537 D QCameraParameters: int32_t qcamera::QCameraParameters::setISOValue(const char*): Setting ISO value auto
01-03 17:23:46.812 19537 19537 D QCameraParameters: int32_t qcamera::QCameraParameters::initDefaultParameters(), Exposure time min 0.034133 ms, max 29377.348000 ms
01-03 17:23:46.812 19537 19537 D QCameraParameters: int32_t qcamera::QCameraParameters::initDefaultParameters(), ISO min 50, max 800
01-03 17:23:46.818 19537 19537 D QCameraParameters: int32_t qcamera::QCameraParameters::setZoom(int): zoom level: 0
01-03 17:23:46.819 19537 19537 I QCameraParameters: int32_t qcamera::QCameraParameters::initDefaultParameters(): setting Exposure Bracketing value of 0,10,-9
01-03 17:23:46.819 19537 19537 D QCameraParameters: int32_t qcamera::QCameraParameters::setAEBracket(const char*), EXP_BRACKETING_OFF
01-03 17:23:46.819 19537 19537 D QCameraParameters: int32_t qcamera::QCameraParameters::setChromaFlash(const char*): chromaFlashStr =chroma-flash-off
01-03 17:23:46.819 19537 19537 D QCameraParameters: int32_t qcamera::QCameraParameters::setSeeMore(const char*): seeMoreStr =off
01-03 17:23:46.819 19537 19537 D QCameraParameters: int32_t qcamera::QCameraParameters::setToneMapMode(uint32_t, bool): tone map mode 1 
01-03 17:23:46.820 19537 19537 D QCameraParameters: int32_t qcamera::QCameraParameters::setAecLock(const char*): Setting AECLock value false
01-03 17:23:46.820 19537 19537 D QCameraParameters: int32_t qcamera::QCameraParameters::setAwbLock(const char*): Setting AWBLock value false
01-03 17:23:46.820 19537 19537 D QCameraParameters: int32_t qcamera::QCameraParameters::initDefaultParameters(): totalram = -1334108160, freeram = 401948672 
01-03 17:23:46.820 19537 19537 D QCameraParameters: void qcamera::QCameraParameters::setOfflineRAW(): Offline Raw  0
01-03 17:23:46.820 19537 19537 E LGCameraParameters: void qcamera::QCameraParameters::initDefaultParametersEx(): multi_window_af_supported = 1
01-03 17:23:46.820 19537 19537 E LGCameraParameters: createMultiWindowString: (-280,-280,0,0,1),(-140,-420,140,-140,1),(0,-280,280,0,1),(-420,-140,-140,140,1),(-140,-140,140,140,1),(140,-140,420,140,1),(-280,0,0,280,1),(-140,140,140,420,1),(0,0,280,280,1),(-220,-220,220,220,1)
01-03 17:23:46.821 19537 19537 E LGCameraParameters: createMultiWindowString: (720,720,1000,1000,1),(860,580,1140,860,1),(1000,720,1280,1000,1),(580,860,860,1140,1),(860,860,1140,1140,1),(1140,860,1420,1140,1),(720,1000,1000,1420,1),(860,1140,1140,1420,1),(1000,1000,1280,1280,1)
01-03 17:23:46.821 19537 19537 D LGCameraParameters: int32_t qcamera::QCameraParameters::setLG_ISOcontrol(const char*): Setting ISO value auto
01-03 17:23:46.822 19537 19537 E LGCameraParameters: int32_t qcamera::QCameraParameters::setBeautyLevel(int) : [ARC_BEAUTY] beautylevel = 0
01-03 17:23:46.823   515 19678 E mm-camera: sensor_set_frame_rate:1176max fps 30.000000 min fps 2.000000,fixed_frame_rate=0 
01-03 17:23:46.825   515 19678 E mm-camera: iface_util_set_hfr: can't find hw stream, only save hfr mode
01-03 17:23:46.826 19537 19537 D QCameraParameters: int32_t qcamera::QCameraParameters::setNumOfSnapshot(): nBurstNum = 1, nExpnum = 1
01-03 17:23:46.829 19537 19537 I Thermal-Lib: Thermal-Lib-Client: Registraion successful for camera with handle:1
01-03 17:23:46.829 19537 19537 I Thermal-Lib: Thermal-Lib-Client: Registraion successful for camcorder with handle:2
01-03 17:23:46.829 19537 19537 I QCamera2HWI: [KPI Perf] int qcamera::QCamera2HardwareInterface::openCamera(hw_device_t**): X PROFILE_OPEN_CAMERA camera id 0, rc: 0
01-03 17:23:46.829 19537 19537 E QCamera2HWI: int qcamera::QCamera2HardwareInterface::openCamera(hw_device_t**):[PREVIEW_COUNT] preview_count(1)
01-03 17:23:46.829   492   585 I ThermalEngine: Thermal-Server: Adding thermal event listener on fd 68
01-03 17:23:46.829 19537 19685 I Thermal-Lib: Thermal-Lib-Client: Client received msg camera 0
01-03 17:23:46.829 19537 19685 D QCamera2HWI: virtual int qcamera::QCamera2HardwareInterface::thermalEvtHandle(qcamera::qcamera_thermal_level_enum_t*, void*, void*): level = 0, userdata = 0x0, data = 0x0
01-03 17:23:46.830 19537 19685 I Thermal-Lib: Thermal-Lib-Client: Client received msg camcorder 0
01-03 17:23:46.830 19537 19633 E QCameraStateMachine: int32_t qcamera::QCameraStateMachine::procEvtPreviewStoppedState(qcamera::qcamera_sm_evt_enum_t, void*): cannot handle evt(31) in state(0)
01-03 17:23:46.830 19537 19685 D QCamera2HWI: virtual int qcamera::QCamera2HardwareInterface::thermalEvtHandle(qcamera::qcamera_thermal_level_enum_t*, void*, void*): level = 0, userdata = 0x0, data = 0x0
01-03 17:23:46.830 19537 19633 E QCameraStateMachine: int32_t qcamera::QCameraStateMachine::procEvtPreviewStoppedState(qcamera::qcamera_sm_evt_enum_t, void*): cannot handle evt(31) in state(0)
01-03 17:23:46.838 19537 19537 I QCamera2HWI: [KPI Perf] static int qcamera::QCamera2HardwareInterface::close_camera_device(hw_device_t*): E
01-03 17:23:46.838 19537 19638 D QCamera2HWI: static void* qcamera::QCamera2HardwareInterface::defferedWorkRoutine(void*): stop data proc
01-03 17:23:46.839 19537 19537 I QCamera2HWI: [KPI Perf] int qcamera::QCamera2HardwareInterface::closeCamera(): E PROFILE_CLOSE_CAMERA camera id 0
01-03 17:23:46.839 19537 19537 D QCameraParameters: bool qcamera::QCameraParameters::setStreamConfigure(bool, bool, bool): Done Resetting stream config!!
01-03 17:23:46.844 19537 19537 I qomx_image_core: OMX_Deinit:119] Complete
01-03 17:23:46.862 19537 19537 I Thermal-Lib: Thermal-Lib-Client: Unregisteration is successfull for handle:1
01-03 17:23:46.863   492   585 I ThermalEngine: Thermal-Server: removing client on fd 68
01-03 17:23:46.863 19537 19537 I Thermal-Lib: Thermal-Lib-Client: Unregisteration is successfull for handle:2
01-03 17:23:46.866   515 19678 D mm-camera: mct: mct_pipeline_process_set:command=800000b
01-03 17:23:46.866   515 19678 E mm-camera: mct: mct_pipeline_process_set:2966: Couldn't find stream id: 0
01-03 17:23:46.866   515   515 D mm-camera: mct: mct_controller_destroy: Initiating destroy sequence
01-03 17:23:46.866 19537 19537 I QCamera2HWI: [KPI Perf] int qcamera::QCamera2HardwareInterface::closeCamera(): X PROFILE_CLOSE_CAMERA camera id 0, rc: 0
01-03 17:23:46.867 19537 19537 E QCamera2HWI: int qcamera::QCamera2HardwareInterface::closeCamera():[PREVIEW_COUNT] preview_count(0)
01-03 17:23:46.867   515 19679 D mm-camera: mct: mct_bus_handler_thread_run: Force Exit
01-03 17:23:46.867   515   515 D mm-camera: mct: mct_controller_destroy: bus_handler thread closed
01-03 17:23:46.867   515   515 D mm-camera: mct: mct_pipeline_stop_session - E
01-03 17:23:46.867   515   515 D mm-camera: mct: mct_pipeline_process_set:command=800000b
01-03 17:23:46.867   515   515 D mm-camera: mct: mct_pipeline_process_set: Issuing DEL_STREAM on stream 0x1000f and stream type=10
01-03 17:23:46.867   515   515 E mm-camera: port_iface_ext_unlink_func: E, identity = 0x1000f, port = 0xed323620, direction = 2
01-03 17:23:46.867   515   515 E mm-camera: port_iface_check_caps_unreserve_func:  E, identity = 0x1000f, port = 0xed323620, direction = 2
01-03 17:23:46.867   515   515 E mm-camera: iface_unreserve_sink_port: stream_id f mode 0 
01-03 17:23:46.868   515   515 E mm-camera: port_iface_ext_unlink_func: E, identity = 0x1000f, port = 0xed323920, direction = 1
01-03 17:23:46.868   515   515 E mm-camera: iface_ext_unlink_src_port: mct stream already removed from hw stream
01-03 17:23:46.868   515   515 E mm-camera: port_iface_check_caps_unreserve_func:  E, identity = 0x1000f, port = 0xed323920, direction = 1
01-03 17:23:46.868   515   515 E mm-camera: isp_port_check_caps_unreserve:826 ide 1000f port 0xed061ac0
01-03 17:23:46.873   515   515 E mm-camera: module_afs_port_check_caps_unreserve:1524] 
01-03 17:23:46.873   515   515 E mm-camera: module_afs_port_check_caps_unreserve:1532] destroy client
01-03 17:23:46.873   515   515 E mm-camera: module_imgbase_port_release_client_llvd:1553] 
01-03 17:23:46.874   515   515 E mm-camera: q3a_thread_af_stop:1019  q3a_thread_af_stop:1019 MSG_STOP_THREAD
01-03 17:23:46.875 19537 19537 E QCamera2HWI: int qcamera::QCamera2HardwareInterface::closeCamera():[PREVIEW_COUNT][LOAD] preview_count(0) // MultiView(0)
01-03 17:23:46.876 19537 19537 I QCamera2HWI: [KPI Perf] static int qcamera::QCamera2HardwareInterface::close_camera_device(hw_device_t*): X
01-03 17:23:46.877 19537 19537 I QCamera2Factory: :static int qcamera::QCamera2Factory::openLegacy(int32_t, uint32_t, hw_device_t**) openLegacy halVersion: 256
01-03 17:23:46.878 19537 19537 D vndksupport: Loading /vendor/lib/hw/power.msm8992.so from current namespace instead of sphal namespace.
01-03 17:23:46.879 19537 19687 D QCamera2HWI: static void* qcamera::QCamera2HardwareInterface::defferedWorkRoutine(void*): start data proc
01-03 17:23:46.881   515   515 E mm-camera: stats_port_delete_reserved_stream:2602  stats_port_delete_reserved_stream:2602: going to NULL peer
01-03 17:23:46.881   515   515 D mm-camera: mct: mct_pipeline_process_set: Stream 0x1000f and stream type=10, successfully deleted
01-03 17:23:46.884   515 19688 D mm-camera: mct: mct_pipeline_stop_session_thread: Stop module name: sensor - E
01-03 17:23:46.885 19537 19537 I QCamera2HWI: [KPI Perf] int qcamera::QCamera2HardwareInterface::openCamera(hw_device_t**): E PROFILE_OPEN_CAMERA camera id 1
01-03 17:23:46.885   515 19688 E mm-camera: module_sensor_deinit_session:1545trying to delete thread
01-03 17:23:46.885   515 19688 E mm-camera-sensor: proxy_thread_delete:259p_thread,trying to delete thread
01-03 17:23:46.885   515 19688 E mm-camera-sensor: send_thread_exit_msg:219p_thread, exit_thread 0
01-03 17:23:46.885   515 19688 E mm-camera-sensor: send_thread_exit_msg:223p_thread, exit_thread 1
01-03 17:23:46.886   515 19688 E mm-camera: module_sensor_deinit_session:1547proxy_thread_deleted!
01-03 17:23:46.886   515 19688 E mm-camera: module_sensor_deinit_session:1551try to stop proxy kernel workqueue!
01-03 17:23:46.886   515 19688 E mm-camera-sensor: sensor_proxy_thread_off:215enter
01-03 17:23:46.886   515 19691 D mm-camera: mct: mct_pipeline_stop_session_thread: Stop module name: iface - E
01-03 17:23:46.887   515 19691 D mm-camera: mct: mct_pipeline_stop_session_thread: Stop module name: iface - X
01-03 17:23:46.887   515 19692 D mm-camera: mct: mct_pipeline_stop_session_thread: Stop module name: isp - E
01-03 17:23:46.887   515 19692 E mm-camera-isp2: isp_module_stop_session:414 session id 1
01-03 17:23:46.889   515 19693 D mm-camera: mct: mct_pipeline_stop_session_thread: Stop module name: stats - E
01-03 17:23:46.890   515 19694 D mm-camera: mct: mct_pipeline_stop_session_thread: Stop module name: pproc - E
01-03 17:23:46.891   515 19692 D mm-camera: mct: mct_pipeline_stop_session_thread: Stop module name: isp - X
01-03 17:23:46.893   515   515 D mm-camera: mct: mct_pipeline_stop_session: left modules: 5
01-03 17:23:46.893   515 19695 D mm-camera: mct: mct_pipeline_stop_session_thread: Stop module name: imglib - E
01-03 17:23:46.893   515   515 D mm-camera: mct: mct_pipeline_stop_session: left modules: 4
01-03 17:23:46.894   515 19695 E mm-camera: module_faceproc_stop_session:1885] session cnt 1
01-03 17:23:46.894   515 19695 D mm-camera: mct: mct_pipeline_stop_session_thread: Stop module name: imglib - X
01-03 17:23:46.894   515   515 D mm-camera: mct: mct_pipeline_stop_session: left modules: 3
01-03 17:23:46.895   515 19693 E mm-camera: gyro_port_deinit:1446  gyro_port_deinit: Error in android Deinit
01-03 17:23:46.895   515 19693 I CAMERA_SENSOR: stop_accel_sensor
01-03 17:23:46.897   515 19669 I CAMERA_SENSOR: accel_data_cb received RESP - SNS_SMGR_CANCEL_RESP_V01
01-03 17:23:46.897   515 19694 E mm-camera-pp: [INFO] base_module_stop_session:98, E, session=1
01-03 17:23:46.898   515 19693 D mm-camera: mct: mct_pipeline_stop_session_thread: Stop module name: stats - X
01-03 17:23:46.898   515   515 D mm-camera: mct: mct_pipeline_stop_session: left modules: 2
01-03 17:23:46.899   515 19694 E mm-camera-pp: [INFO] base_module_stop_session:98, E, session=1
01-03 17:23:46.900   515 19694 D mm-camera: mct: mct_pipeline_stop_session_thread: Stop module name: pproc - X
01-03 17:23:46.900   515   515 D mm-camera: mct: mct_pipeline_stop_session: left modules: 1
01-03 17:23:46.916   515 19688 E mm-camera: module_sensor_deinit_session:1567trying to delete thread
01-03 17:23:46.916   515 19688 E mm-camera-sensor: tcs_thread_delete:303tcs_thread, trying to delete thread
01-03 17:23:46.916   515 19688 E mm-camera: module_sensor_deinit_session:1569tcs_thread_deleted!
01-03 17:23:46.917   515 19688 E mm-camera: module_sensor_deinit_session:1571try to stop tcs kernel workqueue!
01-03 17:23:46.927   515 19688 E mm-camera-sensor: proxy_power_down:47enter
01-03 17:23:46.959   515 19688 E mm-camera: sensor_close:4609ctrl->isStreaming make false
01-03 17:23:46.960   515 19688 D mm-camera: mct: mct_pipeline_stop_session_thread: Stop module name: sensor - X
01-03 17:23:46.960   515   515 D mm-camera: mct: mct_pipeline_stop_session: left modules: 0
01-03 17:23:46.960   515   515 D mm-camera: mct: mct_pipeline_stop_session - X
01-03 17:23:46.961   515   515 D mm-camera: mct: mct_pipeline_destroy E: session:1 
01-03 17:23:46.961   515   515 D mm-camera: mct: mct_pipeline_destroy X: Pipeline destroyed successfully
01-03 17:23:46.961   515   515 D mm-camera: mct: mct_controller_destroy: X Successfully closed mct_controller
01-03 17:23:46.962   515   515 D mm-camera: mct: mct_controller_new: Creating new mct_controller with session-id 2
01-03 17:23:46.963   515 19697 D mm-camera: mct: mct_pipeline_start_session_thread: E sensor
01-03 17:23:46.964   515 19698 D mm-camera: mct: mct_pipeline_start_session_thread: E iface
01-03 17:23:46.966   515 19699 D mm-camera: mct: mct_pipeline_start_session_thread: E isp
01-03 17:23:46.966   515 19699 E mm-camera-isp2: isp_module_start_session:178 session id 2
01-03 17:23:46.969   515 19698 D mm-camera: mct: mct_pipeline_start_session_thread: X stats
01-03 17:23:46.969   515 19701 D mm-camera: mct: mct_pipeline_start_session_thread: E stats
01-03 17:23:46.971   515 19702 D mm-camera: mct: mct_pipeline_start_session_thread: E pproc
01-03 17:23:46.971   515 19701 E mm-camera: tcc_init: TCC ver.150418a
01-03 17:23:46.976   515 19703 D mm-camera: mct: mct_pipeline_start_session_thread: E imglib
01-03 17:23:46.980   515 19703 E mm-camera: module_faceproc_start_session:1844] session cnt 1
01-03 17:23:46.982   515 19703 D mm-camera: mct: mct_pipeline_start_session_thread: X imglib
01-03 17:23:46.994   515 19701 E mm-camera: sensor_laser_init:144  HW module: id: sensors name: STMicroelectronics VL53L0 sensor module
01-03 17:23:46.994   515 19701 E Sensors : openInput
01-03 17:23:46.994   515 19701 E Sensors : devname: /dev/input/event4
01-03 17:23:46.996   515 19699 E mm-camera-isp2: isp_module_start_session:347 num_session_opened 1
01-03 17:23:46.996   515 19699 D mm-camera: mct: mct_pipeline_start_session_thread: X imglib
01-03 17:23:47.001   515 19697 E mm-camera: module_sensor_init_session:1245eeprom_name = t4ka3_eeprom
01-03 17:23:47.019   515 19701 E Sensors : devname: /dev/input/event3
01-03 17:23:47.032   515 19697 E mm-camera: module_sensor_init_session:1277flash subdev id = -1
01-03 17:23:47.033   515 19697 E mm-camera: module_sensor_start_session:1684SUCCESS
01-03 17:23:47.033   515 19697 D mm-camera: mct: mct_pipeline_start_session_thread: X imglib
01-03 17:23:47.036   515 19702 E mm-camera-pp: [INFO] base_module_start_session:91, E, session=2
01-03 17:23:47.037   515 19702 E mm-camera-pp: [INFO] base_module_start_session:91, E, session=2
01-03 17:23:47.037   515 19702 D mm-camera: mct: mct_pipeline_start_session_thread: X imglib
01-03 17:23:47.063   515 19701 E Sensors : devname: /dev/input/event0
01-03 17:23:47.096   515 19701 E Sensors : devname: /dev/input/event1
01-03 17:23:47.127   515 19701 E Sensors : devname: /dev/input/mice
01-03 17:23:47.159   515 19701 E Sensors : devname: /dev/input/event2
01-03 17:23:47.203   515 19701 E Sensors : couldn't find 'STM VL53L0 proximity sensor' input device
01-03 17:23:47.204   515 19701 E Sensors : ProximitySensor::ProximitySensor gets called!
01-03 17:23:47.204   515 19701 E Sensors : ProximitySensor: input_name:, input_sysfs_path:/sys/class/input/input
01-03 17:23:47.204   515 19701 E Sensors : ProximitySensor::enable function called for stmvl53L0!
01-03 17:23:47.204   515 19701 E Sensors : ProximitySensor::enable filename:/sys/class/input/input/enable_ps_sensor
01-03 17:23:47.204   515 19701 E Sensors : ProximitySensor::enable: Failed to open file descriptor for enabling VL53L0
01-03 17:23:47.204   515 19701 E Sensors : ProximitySensor::enable: Attempted to open file /sys/class/input/input/enable_ps_sensor. Error: -1
01-03 17:23:47.204   515 19701 E Sensors : open_sensors gets called!
01-03 17:23:47.204   515 19701 E Sensors : is_tof_sensor_available() called
01-03 17:23:47.205   515 19701 E Sensors : devname: /dev/input/event4
01-03 17:23:47.219   515 19701 E Sensors : devname: /dev/input/event3
01-03 17:23:47.255   515 19701 E Sensors : devname: /dev/input/event0
01-03 17:23:47.287   515 19701 E Sensors : devname: /dev/input/event1
01-03 17:23:47.316 19701 19701 W CAM_startstats: type=1400 audit(0.0:2019): avc: granted { read } for name="mice" dev="tmpfs" ino=10371 scontext=u:r:init:s0 tcontext=u:object_r:input_device:s0 tclass=chr_file
01-03 17:23:47.316 19701 19701 W CAM_startstats: type=1400 audit(0.0:2020): avc: granted { read open } for path="/dev/input/mice" dev="tmpfs" ino=10371 scontext=u:r:init:s0 tcontext=u:object_r:input_device:s0 tclass=chr_file
01-03 17:23:47.319   515 19701 E Sensors : devname: /dev/input/mice
01-03 17:23:47.332 19701 19701 W CAM_startstats: type=1400 audit(0.0:2021): avc: granted { read } for name="event2" dev="tmpfs" ino=11443 scontext=u:r:init:s0 tcontext=u:object_r:input_device:s0 tclass=chr_file
01-03 17:23:47.335   515 19701 E Sensors : devname: /dev/input/event2
01-03 17:23:47.359   515 19701 E Sensors : No Tof sensor found!!!
01-03 17:23:47.359   515 19701 E mm-camera: sensor_laser_init:164  0 sensor supported
01-03 17:23:47.361   515 19701 E mm-camera: gyro_port_init:1404  Failure initializing laser sensor. Error: 4
01-03 17:23:47.361   515 19701 I CAMERA_SENSOR: start_accel_sensor
01-03 17:23:47.361   515 19701 E mm-camera: start_accel_sensor: sensor1_open E
01-03 17:23:47.363   515 19701 E mm-camera: start_accel_sensor: sensor1_open X, res = 0
01-03 17:23:47.367   515 19717 I CAMERA_SENSOR: accel_data_cb received RESP - SNS_SMGR_REPORT_RESP_V01
01-03 17:23:47.368   515 19701 D mm-camera: mct: mct_pipeline_start_session_thread: X imglib
01-03 17:23:47.369   515   515 E mm-camera: module_sensor_query_mod:7021led flash is not supported for this sensor.
01-03 17:23:47.369   515   515 E mm-camera: sensor_get_cur_chromatix_name:2577Error: Load default preview chroamtix
01-03 17:23:47.369   515   515 E mm-camera-sensor: chromatix_load_library_ex : chromatix = libchromatix_t4ka3_snapshot_open.so , lib name = /system/vendor/lib/libchromatix_t4ka3_snapshot_open.so
01-03 17:23:47.369   515   515 E mm-camera-sensor: chromatix_load_library_ex : chromatix = libchromatix_t4ka3_snapshot_open.so , lib name = /system/vendor/lib/libchromatix_t4ka3_snapshot_open.so
01-03 17:23:47.370   515   515 E mm-camera-sensor: chromatix_load_library_ex : chromatix = libchromatix_t4ka3_common_open.so , lib name = /system/vendor/lib/libchromatix_t4ka3_common_open.so
01-03 17:23:47.370   515   515 E mm-camera-sensor: chromatix_load_library_ex : chromatix = libchromatix_t4ka3_cpp_snapshot_open.so , lib name = /system/vendor/lib/libchromatix_t4ka3_cpp_snapshot_open.so
01-03 17:23:47.370   515   515 E mm-camera-sensor: chromatix_load_library_ex : chromatix = libchromatix_t4ka3_cpp_snapshot_open.so , lib name = /system/vendor/lib/libchromatix_t4ka3_cpp_snapshot_open.so
01-03 17:23:47.371   515   515 E mm-camera-sensor: chromatix_load_library_ex : chromatix = libchromatix_t4ka3_cpp_video_open.so , lib name = /system/vendor/lib/libchromatix_t4ka3_cpp_video_open.so
01-03 17:23:47.371   515   515 E mm-camera-sensor: chromatix_load_library_ex : chromatix = libchromatix_t4ka3_postproc_open.so , lib name = /system/vendor/lib/libchromatix_t4ka3_postproc_open.so
01-03 17:23:47.373   515   515 E mm-camera-isp2: isp_resource_query_mod:145 num_isp_preallocate 1 num_session_opened 1 dual_vfe_enabled 0
01-03 17:23:47.373   515   515 E mm-camera: module_faceproc_query_mod:1996] Caps ROI 5 scene_mode_cnt 1 HW analysis supported 0
01-03 17:23:47.373   515   515 E hdr     : module_hdr_lib_query_mod:181] Supported scenemode cnt 2
01-03 17:23:47.373   515   515 D mm-camera: mct: mct_pipeline_process_set:command=800000a
01-03 17:23:47.373   515   515 D mm-camera: mct: mct_pipeline_process_set: Adding new stream: id [0f]
01-03 17:23:47.373   515   515 D mm-camera: mct: mct_pipeline_process_set:command=8000012
01-03 17:23:47.373   515   515 D mm-camera: mct: mct_stream_start_link: Start linking Session-stream 0x2000f
01-03 17:23:47.373   515   515 I mm-camera: module_iface_set_mod_func: set module type = 8, identity 2000f
01-03 17:23:47.374   515   515 E mm-camera-sensor: port_sensor_caps_reserve:86session id doesn't match
01-03 17:23:47.374   515   515 E mm-camera: iface_util_find_primary_cid:84 error cannot find primary sensor format cids 2
01-03 17:23:47.374   515   515 E mm-camera: isp_port_check_caps_reserve:737 port 0xed061ac0 ide 2000f type 10 dim 0 0
01-03 17:23:47.374   515   515 E mm-camera: int_link = 0xed0640e0
01-03 17:23:47.374   515   515 I mm-camera: pproc_port_add_modules_to_stream:433, linking mods tmod and c2d
01-03 17:23:47.372   515   515 W mm-qcamera-daem: type=1400 audit(0.0:2023): avc: granted { read } for name="ion" dev="tmpfs" ino=11450 scontext=u:r:init:s0 tcontext=u:object_r:ion_device:s0 tclass=chr_file
01-03 17:23:47.372   515   515 W mm-qcamera-daem: type=1400 audit(0.0:2024): avc: granted { read open } for path="/dev/ion" dev="tmpfs" ino=11450 scontext=u:r:init:s0 tcontext=u:object_r:ion_device:s0 tclass=chr_file
01-03 17:23:47.378   515   515 I mm-camera: pproc_port_add_modules_to_stream:433, linking mods c2d and cpp
01-03 17:23:47.379   515   515 E mm-camera: Interleaved flag is 0, identity 131087 port type 0
01-03 17:23:47.379   515   515 I mm-camera: pproc_port_add_modules_to_stream:433, linking mods cpp and afs
01-03 17:23:47.379   515   515 I mm-camera: pproc_port_add_modules_to_stream:433, linking mods afs and llvd
01-03 17:23:47.376   515   515 W mm-qcamera-daem: type=1400 audit(0.0:2025): avc: granted { read } for name="ion" dev="tmpfs" ino=11450 scontext=u:r:init:s0 tcontext=u:object_r:ion_device:s0 tclass=chr_file
01-03 17:23:47.383   515   515 I mm-camera: pproc_port_add_modules_to_stream:433, linking mods llvd and ezt
01-03 17:23:47.376   515   515 W mm-qcamera-daem: type=1400 audit(0.0:2026): avc: granted { read open } for path="/dev/ion" dev="tmpfs" ino=11450 scontext=u:r:init:s0 tcontext=u:object_r:ion_device:s0 tclass=chr_file
01-03 17:23:47.383   515   515 E mm-camera: pproc_port_add_modules_to_stream:454] X rc: 1
01-03 17:23:47.394   515   515 D mm-camera: mct: mct_pipeline_process_set: Linking successful for stream 0x2000f stream type=10
01-03 17:23:47.399   515 19726 E mm-camera: mct: mct_pipeline_populate_query_cap_buffer: 3A VERSION:: 4.1.0.r2
01-03 17:23:47.399   515 19726 D mm-camera: mct: Cam 1: FPS range selection complete. Publishing 4 ranges.
01-03 17:23:47.445 19537 19537 D mm-jpeg-intf: Max picture size 3264 x 2448, WorkBufSize = 12220416
01-03 17:23:47.453 19537 19537 I qomx_image_core: OMX_Init:95] Complete 3
01-03 17:23:47.454 19537 19537 E QCameraHWI_Mem: void qcamera::QCameraMemory::traceLogAllocStart(size_t, int, const char*):HeapMemsize 659104
01-03 17:23:47.454 19537 19537 E QCameraHWI_Mem: void qcamera::QCameraMemory::traceLogAllocStart(size_t, int, const char*):Memsize 659104
01-03 17:23:47.455 19537 19537 E QCameraHWI_Mem: void qcamera::QCameraMemory::traceLogAllocEnd(size_t) 659104
01-03 17:23:47.455 19537 19537 E QCameraHWI_Mem: void qcamera::QCameraMemory::traceLogAllocEnd(size_t) 659104
01-03 17:23:47.457 19537 19537 D QCameraParameters: int32_t qcamera::QCameraParameters::initDefaultParameters(): supported preview sizes: 2560x1440,1920x1440,2048x1536,2048x1080,1920x1080,1776x1080,1440x1080,1280x960,1280x720,960x720,864x480,880x720,848x480,800x480,768x432,720x480,640x640,640x480,640x360,576x432,480x320,384x288,352x288,320x240,240x160,176x144
01-03 17:23:47.457 19537 19537 D QCameraParameters: int32_t qcamera::QCameraParameters::initDefaultParameters(): supported video sizes: 1920x1080,1280x960,1280x720,864x480,848x480,800x480,720x480,640x480,640x360,480x320,352x288,320x240,176x144,144x176
01-03 17:23:47.457 19537 19537 D QCameraParameters: int32_t qcamera::QCameraParameters::initDefaultParameters(): supported pic sizes: 3264x2448,3264x1836,2560x1920,2592x1944,2688x1512,2048x1536,1920x1080,1600x1200,1536x864,1280x960,1280x768,1280x720,1024x768,880x720,800x600,864x480,800x480,720x480,640x480,640x360,352x288,320x240,176x144
01-03 17:23:47.458 19537 19537 D QCameraParameters: int32_t qcamera::QCameraParameters::setPreviewFpsRange(int, int, int, int): Setting preview fps range 2000,30000
01-03 17:23:47.458 19537 19537 D QCameraParameters: int32_t qcamera::QCameraParameters::setPreviewFpsRange(int, int, int, int): Updated: minFps = 2000, maxFps = 30000 , vid minFps = 2000, vid maxFps = 30000
01-03 17:23:47.458 19537 19537 D QCamera2HWI: int qcamera::QCamera2HardwareInterface::calcThermalLevel(qcamera::qcamera_thermal_level_enum_t, int, int, cam_fps_range_t&, msm_vfe_frame_skip_pattern&): level: 0, preview minfps 2000.000000, preview maxfpS 30000.000000, video minfps 2000.000000, video maxfpS 30000.000000
01-03 17:23:47.458 19537 19537 D QCamera2HWI: int qcamera::QCamera2HardwareInterface::calcThermalLevel(qcamera::qcamera_thermal_level_enum_t, int, int, cam_fps_range_t&, msm_vfe_frame_skip_pattern&): Thermal level 0, FPS [2.00,30.00, 2.00,30.00], frameskip 0
01-03 17:23:47.458 19537 19537 D QCameraParameters: int32_t qcamera::QCameraParameters::setPreviewFpsRange(int, int, int, int): Thermal adjusted Preview fps range 2.00,30.00, 2.00, 30.00
01-03 17:23:47.459 19537 19537 D QCameraParameters: int32_t qcamera::QCameraParameters::initDefaultParameters(): supported fps rates: 2,3,4,5,6,7,8,9,10,11,12,13,14,15,16,17,18,19,20,21,22,23,24,25,26,27,28,29,30
01-03 17:23:47.459 19537 19537 D QCameraParameters: int32_t qcamera::QCameraParameters::setFocusMode(const char*): Setting focus mode fixed
01-03 17:23:47.459 19537 19537 D QCameraParameters: initDefaultParameters: setting KEY_FOCUS_DISTANCES as 0.100000,0.150000,0.170000
01-03 17:23:47.460 19537 19537 D QCameraParameters: int32_t qcamera::QCameraParameters::setAutoExposure(const char*): Setting auto exposure center-weighted
01-03 17:23:47.460 19537 19537 D QCameraParameters: int32_t qcamera::QCameraParameters::setAntibanding(const char*): Setting AntiBanding value auto
01-03 17:23:47.460 19537 19537 D QCameraParameters: int32_t qcamera::QCameraParameters::setFlash(const char*): Setting Flash value off
01-03 17:23:47.461 19537 19537 D QCameraParameters: int32_t qcamera::QCameraParameters::setISOValue(const char*): Setting ISO value auto
01-03 17:23:47.461 19537 19537 D QCameraParameters: int32_t qcamera::QCameraParameters::initDefaultParameters(), Exposure time min 0.013272 ms, max 869.661901 ms
01-03 17:23:47.461 19537 19537 D QCameraParameters: int32_t qcamera::QCameraParameters::initDefaultParameters(), ISO min 100, max 3000
01-03 17:23:47.465 19537 19537 D QCameraParameters: int32_t qcamera::QCameraParameters::setZoom(int): zoom level: 0
01-03 17:23:47.465 19537 19537 I QCameraParameters: int32_t qcamera::QCameraParameters::initDefaultParameters(): setting Exposure Bracketing value of 0,10,-9
01-03 17:23:47.465 19537 19537 D QCameraParameters: int32_t qcamera::QCameraParameters::setAEBracket(const char*), EXP_BRACKETING_OFF
01-03 17:23:47.465 19537 19537 D QCameraParameters: int32_t qcamera::QCameraParameters::setChromaFlash(const char*): chromaFlashStr =chroma-flash-off
01-03 17:23:47.465 19537 19537 D QCameraParameters: int32_t qcamera::QCameraParameters::setSeeMore(const char*): seeMoreStr =off
01-03 17:23:47.465 19537 19537 D QCameraParameters: int32_t qcamera::QCameraParameters::setToneMapMode(uint32_t, bool): tone map mode 1 
01-03 17:23:47.466 19537 19537 D QCameraParameters: int32_t qcamera::QCameraParameters::setAecLock(const char*): Setting AECLock value false
01-03 17:23:47.466 19537 19537 D QCameraParameters: int32_t qcamera::QCameraParameters::setAwbLock(const char*): Setting AWBLock value false
01-03 17:23:47.466 19537 19537 D QCameraParameters: int32_t qcamera::QCameraParameters::initDefaultParameters(): totalram = -1334108160, freeram = 402255872 
01-03 17:23:47.466 19537 19537 D QCameraParameters: void qcamera::QCameraParameters::setOfflineRAW(): Offline Raw  0
01-03 17:23:47.466 19537 19537 E LGCameraParameters: void qcamera::QCameraParameters::initDefaultParametersEx(): multi_window_af_supported = 1
01-03 17:23:47.466 19537 19537 E LGCameraParameters: createMultiWindowString: (-280,-280,0,0,1),(-140,-420,140,-140,1),(0,-280,280,0,1),(-420,-140,-140,140,1),(-140,-140,140,140,1),(140,-140,420,140,1),(-280,0,0,280,1),(-140,140,140,420,1),(0,0,280,280,1),(-220,-220,220,220,1)
01-03 17:23:47.467 19537 19537 E LGCameraParameters: createMultiWindowString: (720,720,1000,1000,1),(860,580,1140,860,1),(1000,720,1280,1000,1),(580,860,860,1140,1),(860,860,1140,1140,1),(1140,860,1420,1140,1),(720,1000,1000,1420,1),(860,1140,1140,1420,1),(1000,1000,1280,1280,1)
01-03 17:23:47.467 19537 19537 D LGCameraParameters: int32_t qcamera::QCameraParameters::setLG_ISOcontrol(const char*): Setting ISO value auto
01-03 17:23:47.468 19537 19537 E LGCameraParameters: int32_t qcamera::QCameraParameters::setBeautyLevel(int) : [ARC_BEAUTY] beautylevel = 0
01-03 17:23:47.470   515 19726 E mm-camera: iface_util_set_hfr: can't find hw stream, only save hfr mode
01-03 17:23:47.472 19537 19537 D QCameraParameters: int32_t qcamera::QCameraParameters::setNumOfSnapshot(): nBurstNum = 1, nExpnum = 1
01-03 17:23:47.475 19537 19537 I Thermal-Lib: Thermal-Lib-Client: Registraion successful for camera with handle:1
01-03 17:23:47.475 19537 19537 I Thermal-Lib: Thermal-Lib-Client: Registraion successful for camcorder with handle:2
01-03 17:23:47.475 19537 19537 I QCamera2HWI: [KPI Perf] int qcamera::QCamera2HardwareInterface::openCamera(hw_device_t**): X PROFILE_OPEN_CAMERA camera id 1, rc: 0
01-03 17:23:47.475 19537 19537 E QCamera2HWI: int qcamera::QCamera2HardwareInterface::openCamera(hw_device_t**):[PREVIEW_COUNT] preview_count(1)
01-03 17:23:47.475   492   585 I ThermalEngine: Thermal-Server: Adding thermal event listener on fd 68
01-03 17:23:47.475 19537 19733 I Thermal-Lib: Thermal-Lib-Client: Client received msg camera 0
01-03 17:23:47.475 19537 19733 D QCamera2HWI: virtual int qcamera::QCamera2HardwareInterface::thermalEvtHandle(qcamera::qcamera_thermal_level_enum_t*, void*, void*): level = 0, userdata = 0x0, data = 0x0
01-03 17:23:47.476 19537 19733 I Thermal-Lib: Thermal-Lib-Client: Client received msg camcorder 0
01-03 17:23:47.476 19537 19686 E QCameraStateMachine: int32_t qcamera::QCameraStateMachine::procEvtPreviewStoppedState(qcamera::qcamera_sm_evt_enum_t, void*): cannot handle evt(31) in state(0)
01-03 17:23:47.476 19537 19733 D QCamera2HWI: virtual int qcamera::QCamera2HardwareInterface::thermalEvtHandle(qcamera::qcamera_thermal_level_enum_t*, void*, void*): level = 0, userdata = 0x0, data = 0x0
01-03 17:23:47.476 19537 19686 E QCameraStateMachine: int32_t qcamera::QCameraStateMachine::procEvtPreviewStoppedState(qcamera::qcamera_sm_evt_enum_t, void*): cannot handle evt(31) in state(0)
01-03 17:23:47.483 19537 19537 I QCamera2HWI: [KPI Perf] static int qcamera::QCamera2HardwareInterface::close_camera_device(hw_device_t*): E
01-03 17:23:47.484 19537 19687 D QCamera2HWI: static void* qcamera::QCamera2HardwareInterface::defferedWorkRoutine(void*): stop data proc
01-03 17:23:47.484 19537 19537 I QCamera2HWI: [KPI Perf] int qcamera::QCamera2HardwareInterface::closeCamera(): E PROFILE_CLOSE_CAMERA camera id 1
01-03 17:23:47.484 19537 19537 D QCameraParameters: bool qcamera::QCameraParameters::setStreamConfigure(bool, bool, bool): Done Resetting stream config!!
01-03 17:23:47.489 19537 19537 I qomx_image_core: OMX_Deinit:119] Complete
01-03 17:23:47.503 19537 19537 I Thermal-Lib: Thermal-Lib-Client: Unregisteration is successfull for handle:1
01-03 17:23:47.503   492   585 I ThermalEngine: Thermal-Server: removing client on fd 68
01-03 17:23:47.503 19537 19537 I Thermal-Lib: Thermal-Lib-Client: Unregisteration is successfull for handle:2
01-03 17:23:47.506   515 19726 D mm-camera: mct: mct_pipeline_process_set:command=800000b
01-03 17:23:47.506   515 19726 E mm-camera: mct: mct_pipeline_process_set:2966: Couldn't find stream id: 0
01-03 17:23:47.506   515   515 D mm-camera: mct: mct_controller_destroy: Initiating destroy sequence
01-03 17:23:47.506 19537 19537 I QCamera2HWI: [KPI Perf] int qcamera::QCamera2HardwareInterface::closeCamera(): X PROFILE_CLOSE_CAMERA camera id 1, rc: 0
01-03 17:23:47.506 19537 19537 E QCamera2HWI: int qcamera::QCamera2HardwareInterface::closeCamera():[PREVIEW_COUNT] preview_count(0)
01-03 17:23:47.508   515 19727 D mm-camera: mct: mct_bus_handler_thread_run: Force Exit
01-03 17:23:47.508   515   515 D mm-camera: mct: mct_controller_destroy: bus_handler thread closed
01-03 17:23:47.508   515   515 D mm-camera: mct: mct_pipeline_stop_session - E
01-03 17:23:47.508   515   515 D mm-camera: mct: mct_pipeline_process_set:command=800000b
01-03 17:23:47.508   515   515 D mm-camera: mct: mct_pipeline_process_set: Issuing DEL_STREAM on stream 0x2000f and stream type=10
01-03 17:23:47.508   515   515 E mm-camera: port_iface_ext_unlink_func: E, identity = 0x2000f, port = 0xed323620, direction = 2
01-03 17:23:47.508   515   515 E mm-camera: port_iface_check_caps_unreserve_func:  E, identity = 0x2000f, port = 0xed323620, direction = 2
01-03 17:23:47.508   515   515 E mm-camera: iface_unreserve_sink_port: stream_id f mode 0 
01-03 17:23:47.509   515   515 E mm-camera: port_iface_ext_unlink_func: E, identity = 0x2000f, port = 0xed323920, direction = 1
01-03 17:23:47.509   515   515 E mm-camera: iface_ext_unlink_src_port: mct stream already removed from hw stream
01-03 17:23:47.509   515   515 E mm-camera: port_iface_check_caps_unreserve_func:  E, identity = 0x2000f, port = 0xed323920, direction = 1
01-03 17:23:47.509   515   515 E mm-camera: isp_port_check_caps_unreserve:826 ide 2000f port 0xed061ac0
01-03 17:23:47.515 19537 19537 E QCamera2HWI: int qcamera::QCamera2HardwareInterface::closeCamera():[PREVIEW_COUNT][LOAD] preview_count(0) // MultiView(0)
01-03 17:23:47.515 19537 19537 I QCamera2HWI: [KPI Perf] static int qcamera::QCamera2HardwareInterface::close_camera_device(hw_device_t*): X
01-03 17:23:47.516   515   515 E mm-camera: module_afs_port_check_caps_unreserve:1524] 
01-03 17:23:47.517   515   515 E mm-camera: module_afs_port_check_caps_unreserve:1532] destroy client
01-03 17:23:47.517   515   515 E mm-camera: module_imgbase_port_release_client_llvd:1553] 
01-03 17:23:47.517 19537 19537 I CameraProviderManager: Connecting to new camera provider: legacy/0, isRemote? 0
01-03 17:23:47.518   515   515 E mm-camera: q3a_thread_af_stop:1019  q3a_thread_af_stop:1019 MSG_STOP_THREAD
01-03 17:23:47.518 19537 19537 I CameraProviderManager: Enumerating new camera device: device@1.0/legacy/0
01-03 17:23:47.523 19537 19537 I CamDev@1.0-impl: Opening camera 0
01-03 17:23:47.523 19537 19537 I QCamera2Factory: :static int qcamera::QCamera2Factory::openLegacy(int32_t, uint32_t, hw_device_t**) openLegacy halVersion: 256
01-03 17:23:47.524   515   515 E mm-camera: stats_port_delete_reserved_stream:2602  stats_port_delete_reserved_stream:2602: going to NULL peer
01-03 17:23:47.524   515   515 D mm-camera: mct: mct_pipeline_process_set: Stream 0x2000f and stream type=10, successfully deleted
01-03 17:23:47.524 19537 19537 D vndksupport: Loading /vendor/lib/hw/power.msm8992.so from current namespace instead of sphal namespace.
01-03 17:23:47.525   515 19738 D mm-camera: mct: mct_pipeline_stop_session_thread: Stop module name: sensor - E
01-03 17:23:47.525   515 19741 D mm-camera: mct: mct_pipeline_stop_session_thread: Stop module name: iface - E
01-03 17:23:47.529   515 19741 D mm-camera: mct: mct_pipeline_stop_session_thread: Stop module name: iface - X
01-03 17:23:47.529   515 19742 D mm-camera: mct: mct_pipeline_stop_session_thread: Stop module name: isp - E
01-03 17:23:47.529   515 19742 E mm-camera-isp2: isp_module_stop_session:414 session id 2
01-03 17:23:47.529 19537 19743 D QCamera2HWI: static void* qcamera::QCamera2HardwareInterface::defferedWorkRoutine(void*): start data proc
01-03 17:23:47.534   515 19744 D mm-camera: mct: mct_pipeline_stop_session_thread: Stop module name: stats - E
01-03 17:23:47.537 19537 19537 I QCamera2HWI: [KPI Perf] int qcamera::QCamera2HardwareInterface::openCamera(hw_device_t**): E PROFILE_OPEN_CAMERA camera id 0
01-03 17:23:47.540   515 19745 D mm-camera: mct: mct_pipeline_stop_session_thread: Stop module name: pproc - E
01-03 17:23:47.540   515 19742 D mm-camera: mct: mct_pipeline_stop_session_thread: Stop module name: isp - X
01-03 17:23:47.552   515   515 D mm-camera: mct: mct_pipeline_stop_session: left modules: 5
01-03 17:23:47.552   515   515 D mm-camera: mct: mct_pipeline_stop_session: left modules: 4
01-03 17:23:47.553   515 19746 D mm-camera: mct: mct_pipeline_stop_session_thread: Stop module name: imglib - E
01-03 17:23:47.553   515 19746 E mm-camera: module_faceproc_stop_session:1885] session cnt 1
01-03 17:23:47.554   515 19738 E mm-camera: sensor_close:4609ctrl->isStreaming make false
01-03 17:23:47.556   515 19746 D mm-camera: mct: mct_pipeline_stop_session_thread: Stop module name: imglib - X
01-03 17:23:47.556   515   515 D mm-camera: mct: mct_pipeline_stop_session: left modules: 3
01-03 17:23:47.561   515 19744 E mm-camera: gyro_port_deinit:1446  gyro_port_deinit: Error in android Deinit
01-03 17:23:47.561   515 19744 I CAMERA_SENSOR: stop_accel_sensor
01-03 17:23:47.561   515 19745 E mm-camera-pp: [INFO] base_module_stop_session:98, E, session=2
01-03 17:23:47.563   515 19745 E mm-camera-pp: [INFO] base_module_stop_session:98, E, session=2
01-03 17:23:47.563   515 19717 I CAMERA_SENSOR: accel_data_cb received RESP - SNS_SMGR_CANCEL_RESP_V01
01-03 17:23:47.563   515 19744 D mm-camera: mct: mct_pipeline_stop_session_thread: Stop module name: stats - X
01-03 17:23:47.564   515   515 D mm-camera: mct: mct_pipeline_stop_session: left modules: 2
01-03 17:23:47.565   515 19745 D mm-camera: mct: mct_pipeline_stop_session_thread: Stop module name: pproc - X
01-03 17:23:47.566   515   515 D mm-camera: mct: mct_pipeline_stop_session: left modules: 1
01-03 17:23:47.566   515 19738 D mm-camera: mct: mct_pipeline_stop_session_thread: Stop module name: sensor - X
01-03 17:23:47.567   515   515 D mm-camera: mct: mct_pipeline_stop_session: left modules: 0
01-03 17:23:47.567   515   515 D mm-camera: mct: mct_pipeline_stop_session - X
01-03 17:23:47.567   515   515 D mm-camera: mct: mct_pipeline_destroy E: session:2 
01-03 17:23:47.567   515   515 D mm-camera: mct: mct_pipeline_destroy X: Pipeline destroyed successfully
01-03 17:23:47.564 19749 19749 W CAM_startiface: type=1400 audit(0.0:2027): avc: granted { read } for name="ion" dev="tmpfs" ino=11450 scontext=u:r:init:s0 tcontext=u:object_r:ion_device:s0 tclass=chr_file
01-03 17:23:47.567   515   515 D mm-camera: mct: mct_controller_destroy: X Successfully closed mct_controller
01-03 17:23:47.568   515   515 D mm-camera: mct: mct_controller_new: Creating new mct_controller with session-id 1
01-03 17:23:47.569   515 19748 D mm-camera: mct: mct_pipeline_start_session_thread: E sensor
01-03 17:23:47.569   515 19749 D mm-camera: mct: mct_pipeline_start_session_thread: E iface
01-03 17:23:47.570   515 19750 D mm-camera: mct: mct_pipeline_start_session_thread: E isp
01-03 17:23:47.571   515 19750 E mm-camera-isp2: isp_module_start_session:178 session id 1
01-03 17:23:47.576   515 19752 D mm-camera: mct: mct_pipeline_start_session_thread: E stats
01-03 17:23:47.564 19749 19749 W CAM_startiface: type=1400 audit(0.0:2028): avc: granted { read open } for path="/dev/ion" dev="tmpfs" ino=11450 scontext=u:r:init:s0 tcontext=u:object_r:ion_device:s0 tclass=chr_file
01-03 17:23:47.578   515 19752 E mm-camera: tcc_init: TCC ver.150418a
01-03 17:23:47.564 19749 19749 W CAM_startiface: type=1400 audit(0.0:2029): avc: granted { read } for name="ion" dev="tmpfs" ino=11450 scontext=u:r:init:s0 tcontext=u:object_r:ion_device:s0 tclass=chr_file
01-03 17:23:47.564 19749 19749 W CAM_startiface: type=1400 audit(0.0:2030): avc: granted { read open } for path="/dev/ion" dev="tmpfs" ino=11450 scontext=u:r:init:s0 tcontext=u:object_r:ion_device:s0 tclass=chr_file
01-03 17:23:47.580   515 19749 D mm-camera: mct: mct_pipeline_start_session_thread: X pproc
01-03 17:23:47.584   492   587 E ThermalEngine: [BMHB_GOV] read failed VS_TEMP
01-03 17:23:47.585   515 19753 D mm-camera: mct: mct_pipeline_start_session_thread: E pproc
