01-03 17:23:47.589   515 19755 D mm-camera: mct: mct_pipeline_start_session_thread: E imglib
01-03 17:23:47.594   515 19755 E mm-camera: module_faceproc_start_session:1844] session cnt 1
01-03 17:23:47.598   515 19755 D mm-camera: mct: mct_pipeline_start_session_thread: X imglib
01-03 17:23:47.610   515 19750 E mm-camera-isp2: isp_module_start_session:347 num_session_opened 1
01-03 17:23:47.610   515 19750 D mm-camera: mct: mct_pipeline_start_session_thread: X imglib
01-03 17:23:47.614   515 19752 E mm-camera: sensor_laser_init:144  HW module: id: sensors name: STMicroelectronics VL53L0 sensor module
01-03 17:23:47.614   515 19752 E Sensors : openInput
01-03 17:23:47.608 19752 19752 W CAM_startstats: type=1400 audit(0.0:2031): avc: granted { read } for name="event4" dev="tmpfs" ino=15614 scontext=u:r:init:s0 tcontext=u:object_r:input_device:s0 tclass=chr_file
01-03 17:23:47.612 19752 19752 W CAM_startstats: type=1400 audit(0.0:2032): avc: granted { read open } for path="/dev/input/event4" dev="tmpfs" ino=15614 scontext=u:r:init:s0 tcontext=u:object_r:input_device:s0 tclass=chr_file
01-03 17:23:47.615   515 19748 E mm-camera: module_sensor_init_session:1245eeprom_name = imx234_eeprom
01-03 17:23:47.615   515 19752 E Sensors : devname: /dev/input/event4
01-03 17:23:47.635   515 19752 E Sensors : devname: /dev/input/event3
01-03 17:23:47.632 19752 19752 W CAM_startstats: type=1400 audit(0.0:2033): avc: granted { read } for name="event3" dev="tmpfs" ino=15613 scontext=u:r:init:s0 tcontext=u:object_r:input_device:s0 tclass=chr_file
01-03 17:23:47.632 19752 19752 W CAM_startstats: type=1400 audit(0.0:2034): avc: granted { read open } for path="/dev/input/event3" dev="tmpfs" ino=15613 scontext=u:r:init:s0 tcontext=u:object_r:input_device:s0 tclass=chr_file
01-03 17:23:47.636 19753 19753 W CAM_startpproc: type=1400 audit(0.0:2035): avc: granted { read } for name="ion" dev="tmpfs" ino=11450 scontext=u:r:init:s0 tcontext=u:object_r:ion_device:s0 tclass=chr_file
01-03 17:23:47.640 19753 19753 W CAM_startpproc: type=1400 audit(0.0:2036): avc: granted { read open } for path="/dev/ion" dev="tmpfs" ino=11450 scontext=u:r:init:s0 tcontext=u:object_r:ion_device:s0 tclass=chr_file
01-03 17:23:47.647   515 19753 E mm-camera-pp: [INFO] base_module_start_session:91, E, session=1
01-03 17:23:47.647   515 19753 E mm-camera-pp: [INFO] base_module_start_session:91, E, session=1
01-03 17:23:47.648   515 19753 D mm-camera: mct: mct_pipeline_start_session_thread: X imglib
01-03 17:23:47.664   515 19748 E mm-camera: module_sensor_init_session:1277flash subdev id = 0
01-03 17:23:47.668   515 19748 E mm-camera-sensor: sensor_sdk_util_get_kernel_i2c_addr_type:26Invalid addr_type = 0
01-03 17:23:47.668   515 19748 E mm-camera-sensor: sensor_sdk_util_get_kernel_i2c_data_type:40Invalid addr_type = 0
01-03 17:23:47.669   515 19748 E mm-camera-sensor: actuator_load_lib:491name=lc898122_claf, mode=camera
01-03 17:23:47.673   515 19748 E mm-camera-sensor: actuator_load_lib:491name=lc898122_claf, mode=camcorder
01-03 17:23:47.676   515 19748 E mm-camera-sensor: eeprom_do_af_calibration:197turn on Cal af(1)
01-03 17:23:47.676   515 19748 E mm-camera-sdk: eeprom_autofocus_calibration_claf:173 KSY Kernel original macro hall : 9600, inf hall : -12800, macro_mecha 16800, vcm_type 66
01-03 17:23:47.676   515 19748 E mm-camera-sdk: eeprom_autofocus_calibration_claf:178 KSY AF_algorithm convert macro hall : 350, inf hall : 0, total_rangetomacro : 0, offset_value_pplus_mtm : 0
01-03 17:23:47.676   515 19748 E mm-camera: ois_init:305start: ois_init
01-03 17:23:47.676  5094  5574 I CameraManagerGlobal: Connecting to camera service
01-03 17:23:47.677  5094  5574 E CameraManagerGlobal: Camera service is unavailable
01-03 17:23:47.678   515 19748 E mm-camera: ois_init:372done: ois_init
01-03 17:23:47.679   515 19767 E mm-camera: ois_thread:201ois thread is running
01-03 17:23:47.679   515 19748 E mm-camera-sensor: proxy_init:71name = LD_AF
01-03 17:23:47.679   515 19748 E mm-camera-sensor: sensor_proxy_on:151enter
01-03 17:23:47.676 19752 19752 W CAM_startstats: type=1400 audit(0.0:2037): avc: granted { read } for name="event0" dev="tmpfs" ino=10106 scontext=u:r:init:s0 tcontext=u:object_r:input_device:s0 tclass=chr_file
01-03 17:23:47.681   515 19752 E Sensors : devname: /dev/input/event0
01-03 17:23:47.676 19752 19752 W CAM_startstats: type=1400 audit(0.0:2038): avc: granted { read open } for path="/dev/input/event0" dev="tmpfs" ino=10106 scontext=u:r:init:s0 tcontext=u:object_r:input_device:s0 tclass=chr_file
01-03 17:23:47.712   515 19748 E mm-camera-sensor: sensor_proxy_thread_on:198enter
01-03 17:23:47.714   515 19748 E mm-camera: module_sensor_init_session:1412tcs_sensor init Enter **
01-03 17:23:47.727   515 19752 E Sensors : devname: /dev/input/event1
01-03 17:23:47.744   515 19752 E Sensors : devname: /dev/input/mice
01-03 17:23:47.752   515 19748 E mm-camera-sensor: tcs_thread_create:291tcs_thread, thread_id 0
01-03 17:23:47.752   515 19748 E mm-camera: module_sensor_start_session:1684SUCCESS
01-03 17:23:47.752   515 19748 D mm-camera: mct: mct_pipeline_start_session_thread: X imglib
01-03 17:23:47.835   515 19752 E Sensors : devname: /dev/input/event2
01-03 17:23:47.845   515 19767 E mm-camera: ois_thread:239done : ois initialization
01-03 17:23:47.851   515 19752 E Sensors : couldn't find 'STM VL53L0 proximity sensor' input device
01-03 17:23:47.851   515 19752 E Sensors : ProximitySensor::ProximitySensor gets called!
01-03 17:23:47.851   515 19752 E Sensors : ProximitySensor: input_name:, input_sysfs_path:/sys/class/input/input
01-03 17:23:47.851   515 19752 E Sensors : ProximitySensor::enable function called for stmvl53L0!
01-03 17:23:47.852   515 19752 E Sensors : ProximitySensor::enable filename:/sys/class/input/input/enable_ps_sensor
01-03 17:23:47.852   515 19752 E Sensors : ProximitySensor::enable: Failed to open file descriptor for enabling VL53L0
01-03 17:23:47.852   515 19752 E Sensors : ProximitySensor::enable: Attempted to open file /sys/class/input/input/enable_ps_sensor. Error: -1
01-03 17:23:47.852   515 19752 E Sensors : open_sensors gets called!
01-03 17:23:47.852   515 19752 E Sensors : is_tof_sensor_available() called
01-03 17:23:47.852   515 19752 E Sensors : devname: /dev/input/event4
01-03 17:23:47.867   515 19752 E Sensors : devname: /dev/input/event3
01-03 17:23:47.888   515 19752 E Sensors : devname: /dev/input/event0
01-03 17:23:47.907   515 19752 E Sensors : devname: /dev/input/event1
01-03 17:23:47.934   465   465 I MSM-irqbalance: Decided to move IRQ128 from CPU0 to CPU3
01-03 17:23:47.955   515 19752 E Sensors : devname: /dev/input/mice
01-03 17:23:47.987   515 19752 E Sensors : devname: /dev/input/event2
01-03 17:23:48.007   515 19752 E Sensors : No Tof sensor found!!!
01-03 17:23:48.007   515 19752 E mm-camera: sensor_laser_init:164  0 sensor supported
01-03 17:23:48.009   515 19752 E mm-camera: gyro_port_init:1404  Failure initializing laser sensor. Error: 4
01-03 17:23:48.009   515 19752 I CAMERA_SENSOR: start_accel_sensor
01-03 17:23:48.009   515 19752 E mm-camera: start_accel_sensor: sensor1_open E
01-03 17:23:48.011   515 19752 E mm-camera: start_accel_sensor: sensor1_open X, res = 0
01-03 17:23:48.015   515 19773 I CAMERA_SENSOR: accel_data_cb received RESP - SNS_SMGR_REPORT_RESP_V01
01-03 17:23:48.016   515   515 E mm-camera: sensor_get_cur_chromatix_name:2577Error: Load default preview chroamtix
01-03 17:23:48.016   515   515 E mm-camera-sensor: chromatix_load_library_ex : chromatix = libchromatix_imx234_snapshot_open.so , lib name = /system/vendor/lib/libchromatix_imx234_snapshot_open.so
01-03 17:23:48.016   515   515 E mm-camera-sensor: chromatix_load_library_ex : chromatix = libchromatix_imx234_snapshot_open.so , lib name = /system/vendor/lib/libchromatix_imx234_snapshot_open.so
01-03 17:23:48.017   515   515 E mm-camera-sensor: chromatix_load_library_ex : chromatix = libchromatix_imx234_common_open.so , lib name = /system/vendor/lib/libchromatix_imx234_common_open.so
01-03 17:23:48.017   515   515 E mm-camera-sensor: chromatix_load_library_ex : chromatix = libchromatix_imx234_cpp_snapshot_open.so , lib name = /system/vendor/lib/libchromatix_imx234_cpp_snapshot_open.so
01-03 17:23:48.017   515   515 E mm-camera-sensor: chromatix_load_library_ex : chromatix = libchromatix_imx234_cpp_snapshot_open.so , lib name = /system/vendor/lib/libchromatix_imx234_cpp_snapshot_open.so
01-03 17:23:48.017   515   515 E mm-camera-sensor: chromatix_load_library_ex : chromatix = libchromatix_imx234_cpp_flash_snapshot_open.so , lib name = /system/vendor/lib/libchromatix_imx234_cpp_flash_snapshot_open.so
01-03 17:23:48.018   515   515 E mm-camera-sensor: chromatix_load_library_ex : chromatix = libchromatix_imx234_cpp_video_open.so , lib name = /system/vendor/lib/libchromatix_imx234_cpp_video_open.so
01-03 17:23:48.018   515   515 E mm-camera-sensor: chromatix_load_library_ex : chromatix = libchromatix_imx234_postproc_open.so , lib name = /system/vendor/lib/libchromatix_imx234_postproc_open.so
01-03 17:23:48.020   515 19752 D mm-camera: mct: mct_pipeline_start_session_thread: X imglib
01-03 17:23:48.020   515   515 E mm-camera-isp2: isp_resource_query_mod:145 num_isp_preallocate 1 num_session_opened 1 dual_vfe_enabled 0
01-03 17:23:48.020   515   515 E mm-camera: module_faceproc_query_mod:1996] Caps ROI 5 scene_mode_cnt 1 HW analysis supported 0
01-03 17:23:48.021   515   515 E hdr     : module_hdr_lib_query_mod:181] Supported scenemode cnt 2
01-03 17:23:48.021   515   515 D mm-camera: mct: mct_pipeline_process_set:command=800000a
01-03 17:23:48.021   515   515 D mm-camera: mct: mct_pipeline_process_set: Adding new stream: id [0f]
01-03 17:23:48.021   515   515 D mm-camera: mct: mct_pipeline_process_set:command=8000012
01-03 17:23:48.021   515   515 D mm-camera: mct: mct_stream_start_link: Start linking Session-stream 0x1000f
01-03 17:23:48.021   515   515 I mm-camera: module_iface_set_mod_func: set module type = 8, identity 1000f
01-03 17:23:48.021   515   515 E mm-camera: isp_port_check_caps_reserve:737 port 0xed061ac0 ide 1000f type 10 dim 0 0
01-03 17:23:48.022   515   515 E mm-camera: int_link = 0xed0640e0
01-03 17:23:48.022   515   515 I mm-camera: pproc_port_add_modules_to_stream:433, linking mods tmod and c2d
01-03 17:23:48.029   515   515 I mm-camera: pproc_port_add_modules_to_stream:433, linking mods c2d and cpp
01-03 17:23:48.029   515   515 E mm-camera: Interleaved flag is 0, identity 65551 port type 0
01-03 17:23:48.029   515   515 I mm-camera: pproc_port_add_modules_to_stream:433, linking mods cpp and afs
01-03 17:23:48.029   515   515 I mm-camera: pproc_port_add_modules_to_stream:433, linking mods afs and llvd
01-03 17:23:48.030   515   515 I mm-camera: pproc_port_add_modules_to_stream:433, linking mods llvd and ezt
01-03 17:23:48.030   515   515 E mm-camera: pproc_port_add_modules_to_stream:454] X rc: 1
01-03 17:23:48.046   515   515 D mm-camera: mct: mct_pipeline_process_set: Linking successful for stream 0x1000f stream type=10
01-03 17:23:48.095 19537 19537 D mm-jpeg-intf: Max picture size 5312 x 2988, WorkBufSize = 23967744
01-03 17:23:48.111 19537 19537 I qomx_image_core: OMX_Init:95] Complete 3
01-03 17:23:48.112 19537 19537 E QCameraHWI_Mem: void qcamera::QCameraMemory::traceLogAllocStart(size_t, int, const char*):HeapMemsize 659104
01-03 17:23:48.112 19537 19537 E QCameraHWI_Mem: void qcamera::QCameraMemory::traceLogAllocStart(size_t, int, const char*):Memsize 659104
01-03 17:23:48.112 19537 19537 E QCameraHWI_Mem: void qcamera::QCameraMemory::traceLogAllocEnd(size_t) 659104
01-03 17:23:48.113 19537 19537 E QCameraHWI_Mem: void qcamera::QCameraMemory::traceLogAllocEnd(size_t) 659104
01-03 17:23:48.113 19537 19537 D QCameraParameters: int32_t qcamera::QCameraParameters::initDefaultParameters(): supported preview sizes: 2560x1440,1920x1440,2048x1536,2048x1080,1920x1080,1776x1080,1440x1080,1280x960,1280x720,960x720,864x480,880x720,848x480,800x480,768x432,720x480,640x640,640x480,640x360,576x432,480x320,384x288,352x288,320x240,240x160,176x144
01-03 17:23:48.114 19537 19537 D QCameraParameters: int32_t qcamera::QCameraParameters::initDefaultParameters(): supported video sizes: 1920x1080,1280x960,1280x720,864x480,848x480,800x480,720x480,640x480,640x360,480x320,352x288,320x240,176x144,144x176
01-03 17:23:48.114 19537 19537 D QCameraParameters: int32_t qcamera::QCameraParameters::initDefaultParameters(): supported pic sizes: 5312x2988,3984x2988,3840x2160,3264x2448,3264x1836,2560x1920,2592x1944,2688x1512,2048x1536,1920x1080,1600x1200,1536x864,1280x960,1280x768,1280x720,1024x768,880x720,800x600,864x480,800x480,720x480,640x480,640x360,352x288,320x240,176x144
01-03 17:23:48.114 19537 19537 D QCameraParameters: int32_t qcamera::QCameraParameters::setPreviewFpsRange(int, int, int, int): Setting preview fps range 2000,30000
01-03 17:23:48.114 19537 19537 D QCameraParameters: int32_t qcamera::QCameraParameters::setPreviewFpsRange(int, int, int, int): Updated: minFps = 2000, maxFps = 30000 , vid minFps = 2000, vid maxFps = 30000
01-03 17:23:48.114 19537 19537 D QCamera2HWI: int qcamera::QCamera2HardwareInterface::calcThermalLevel(qcamera::qcamera_thermal_level_enum_t, int, int, cam_fps_range_t&, msm_vfe_frame_skip_pattern&): level: 0, preview minfps 2000.000000, preview maxfpS 30000.000000, video minfps 2000.000000, video maxfpS 30000.000000
01-03 17:23:48.114 19537 19537 D QCamera2HWI: int qcamera::QCamera2HardwareInterface::calcThermalLevel(qcamera::qcamera_thermal_level_enum_t, int, int, cam_fps_range_t&, msm_vfe_frame_skip_pattern&): Thermal level 0, FPS [2.00,30.00, 2.00,30.00], frameskip 0
01-03 17:23:48.114 19537 19537 D QCameraParameters: int32_t qcamera::QCameraParameters::setPreviewFpsRange(int, int, int, int): Thermal adjusted Preview fps range 2.00,30.00, 2.00, 30.00
01-03 17:23:48.115 19537 19537 D QCameraParameters: int32_t qcamera::QCameraParameters::initDefaultParameters(): supported fps rates: 2,3,4,5,6,7,8,9,10,11,12,13,14,15,16,17,18,19,20,21,22,23,24,25,26,27,28,29,30
01-03 17:23:48.115 19537 19537 D QCameraParameters: int32_t qcamera::QCameraParameters::setFocusMode(const char*): Setting focus mode auto
01-03 17:23:48.115 19537 19537 D QCameraParameters: initDefaultParameters: setting KEY_FOCUS_DISTANCES as 0.100000,0.150000,0.170000
01-03 17:23:48.115 19537 19537 D QCameraParameters: int32_t qcamera::QCameraParameters::setAutoExposure(const char*): Setting auto exposure center-weighted
01-03 17:23:48.115 19537 19537 D QCameraParameters: int32_t qcamera::QCameraParameters::setAntibanding(const char*): Setting AntiBanding value auto
01-03 17:23:48.115 19537 19537 D QCameraParameters: int32_t qcamera::QCameraParameters::setFlash(const char*): Setting Flash value off
01-03 17:23:48.116 19537 19537 D QCameraParameters: int32_t qcamera::QCameraParameters::setISOValue(const char*): Setting ISO value auto
01-03 17:23:48.116 19537 19537 D QCameraParameters: int32_t qcamera::QCameraParameters::initDefaultParameters(), Exposure time min 0.034133 ms, max 29377.348000 ms
01-03 17:23:48.116 19537 19537 D QCameraParameters: int32_t qcamera::QCameraParameters::initDefaultParameters(), ISO min 50, max 800
01-03 17:23:48.119 19537 19537 D QCameraParameters: int32_t qcamera::QCameraParameters::setZoom(int): zoom level: 0
01-03 17:23:48.119 19537 19537 I QCameraParameters: int32_t qcamera::QCameraParameters::initDefaultParameters(): setting Exposure Bracketing value of 0,10,-9
01-03 17:23:48.119 19537 19537 D QCameraParameters: int32_t qcamera::QCameraParameters::setAEBracket(const char*), EXP_BRACKETING_OFF
01-03 17:23:48.119 19537 19537 D QCameraParameters: int32_t qcamera::QCameraParameters::setChromaFlash(const char*): chromaFlashStr =chroma-flash-off
01-03 17:23:48.119 19537 19537 D QCameraParameters: int32_t qcamera::QCameraParameters::setSeeMore(const char*): seeMoreStr =off
01-03 17:23:48.119 19537 19537 D QCameraParameters: int32_t qcamera::QCameraParameters::setToneMapMode(uint32_t, bool): tone map mode 1 
01-03 17:23:48.119 19537 19537 D QCameraParameters: int32_t qcamera::QCameraParameters::setAecLock(const char*): Setting AECLock value false
01-03 17:23:48.119 19537 19537 D QCameraParameters: int32_t qcamera::QCameraParameters::setAwbLock(const char*): Setting AWBLock value false
01-03 17:23:48.120 19537 19537 D QCameraParameters: int32_t qcamera::QCameraParameters::initDefaultParameters(): totalram = -1334108160, freeram = 401956864 
01-03 17:23:48.120 19537 19537 D QCameraParameters: void qcamera::QCameraParameters::setOfflineRAW(): Offline Raw  0
01-03 17:23:48.120 19537 19537 E LGCameraParameters: void qcamera::QCameraParameters::initDefaultParametersEx(): multi_window_af_supported = 1
01-03 17:23:48.120 19537 19537 E LGCameraParameters: createMultiWindowString: (-280,-280,0,0,1),(-140,-420,140,-140,1),(0,-280,280,0,1),(-420,-140,-140,140,1),(-140,-140,140,140,1),(140,-140,420,140,1),(-280,0,0,280,1),(-140,140,140,420,1),(0,0,280,280,1),(-220,-220,220,220,1)
01-03 17:23:48.120 19537 19537 E LGCameraParameters: createMultiWindowString: (720,720,1000,1000,1),(860,580,1140,860,1),(1000,720,1280,1000,1),(580,860,860,1140,1),(860,860,1140,1140,1),(1140,860,1420,1140,1),(720,1000,1000,1420,1),(860,1140,1140,1420,1),(1000,1000,1280,1280,1)
01-03 17:23:48.120 19537 19537 D LGCameraParameters: int32_t qcamera::QCameraParameters::setLG_ISOcontrol(const char*): Setting ISO value auto
01-03 17:23:48.120 19537 19537 E LGCameraParameters: int32_t qcamera::QCameraParameters::setBeautyLevel(int) : [ARC_BEAUTY] beautylevel = 0
01-03 17:23:48.123   515 19782 E mm-camera: sensor_set_frame_rate:1176max fps 30.000000 min fps 2.000000,fixed_frame_rate=0 
01-03 17:23:48.124   515 19782 E mm-camera: iface_util_set_hfr: can't find hw stream, only save hfr mode
01-03 17:23:48.125 19537 19537 D QCameraParameters: int32_t qcamera::QCameraParameters::setNumOfSnapshot(): nBurstNum = 1, nExpnum = 1
01-03 17:23:48.126 19537 19537 I Thermal-Lib: Thermal-Lib-Client: Registraion successful for camera with handle:1
01-03 17:23:48.126 19537 19537 I Thermal-Lib: Thermal-Lib-Client: Registraion successful for camcorder with handle:2
01-03 17:23:48.126 19537 19537 I QCamera2HWI: [KPI Perf] int qcamera::QCamera2HardwareInterface::openCamera(hw_device_t**): X PROFILE_OPEN_CAMERA camera id 0, rc: 0
01-03 17:23:48.126 19537 19537 E QCamera2HWI: int qcamera::QCamera2HardwareInterface::openCamera(hw_device_t**):[PREVIEW_COUNT] preview_count(1)
01-03 17:23:48.126   492   585 I ThermalEngine: Thermal-Server: Adding thermal event listener on fd 68
01-03 17:23:48.127 19537 19789 I Thermal-Lib: Thermal-Lib-Client: Client received msg camera 0
01-03 17:23:48.127 19537 19789 D QCamera2HWI: virtual int qcamera::QCamera2HardwareInterface::thermalEvtHandle(qcamera::qcamera_thermal_level_enum_t*, void*, void*): level = 0, userdata = 0x0, data = 0x0
01-03 17:23:48.127 19537 19737 E QCameraStateMachine: int32_t qcamera::QCameraStateMachine::procEvtPreviewStoppedState(qcamera::qcamera_sm_evt_enum_t, void*): cannot handle evt(31) in state(0)
01-03 17:23:48.128 19537 19789 I Thermal-Lib: Thermal-Lib-Client: Client received msg camcorder 0
01-03 17:23:48.129 19537 19789 D QCamera2HWI: virtual int qcamera::QCamera2HardwareInterface::thermalEvtHandle(qcamera::qcamera_thermal_level_enum_t*, void*, void*): level = 0, userdata = 0x0, data = 0x0
01-03 17:23:48.129 19537 19737 E QCameraStateMachine: int32_t qcamera::QCameraStateMachine::procEvtPreviewStoppedState(qcamera::qcamera_sm_evt_enum_t, void*): cannot handle evt(31) in state(0)
01-03 17:23:48.136 19537 19537 I CamDev@1.0-impl: Closing camera 0
01-03 17:23:48.136 19537 19537 I QCamera2HWI: [KPI Perf] static int qcamera::QCamera2HardwareInterface::close_camera_device(hw_device_t*): E
01-03 17:23:48.136 19537 19743 D QCamera2HWI: static void* qcamera::QCamera2HardwareInterface::defferedWorkRoutine(void*): stop data proc
01-03 17:23:48.136 19537 19537 I QCamera2HWI: [KPI Perf] int qcamera::QCamera2HardwareInterface::closeCamera(): E PROFILE_CLOSE_CAMERA camera id 0
01-03 17:23:48.136 19537 19537 D QCameraParameters: bool qcamera::QCameraParameters::setStreamConfigure(bool, bool, bool): Done Resetting stream config!!
01-03 17:23:48.138 19537 19537 I qomx_image_core: OMX_Deinit:119] Complete
01-03 17:23:48.147 19537 19537 I Thermal-Lib: Thermal-Lib-Client: Unregisteration is successfull for handle:1
01-03 17:23:48.147   492   585 I ThermalEngine: Thermal-Server: removing client on fd 68
01-03 17:23:48.148 19537 19537 I Thermal-Lib: Thermal-Lib-Client: Unregisteration is successfull for handle:2
01-03 17:23:48.149   515 19782 D mm-camera: mct: mct_pipeline_process_set:command=800000b
01-03 17:23:48.149   515 19782 E mm-camera: mct: mct_pipeline_process_set:2966: Couldn't find stream id: 0
01-03 17:23:48.150   515   515 D mm-camera: mct: mct_controller_destroy: Initiating destroy sequence
01-03 17:23:48.150 19537 19537 I QCamera2HWI: [KPI Perf] int qcamera::QCamera2HardwareInterface::closeCamera(): X PROFILE_CLOSE_CAMERA camera id 0, rc: 0
01-03 17:23:48.150 19537 19537 E QCamera2HWI: int qcamera::QCamera2HardwareInterface::closeCamera():[PREVIEW_COUNT] preview_count(0)
01-03 17:23:48.150   515 19783 D mm-camera: mct: mct_bus_handler_thread_run: Force Exit
01-03 17:23:48.150   515   515 D mm-camera: mct: mct_controller_destroy: bus_handler thread closed
01-03 17:23:48.150   515   515 D mm-camera: mct: mct_pipeline_stop_session - E
01-03 17:23:48.150   515   515 D mm-camera: mct: mct_pipeline_process_set:command=800000b
01-03 17:23:48.150   515   515 D mm-camera: mct: mct_pipeline_process_set: Issuing DEL_STREAM on stream 0x1000f and stream type=10
01-03 17:23:48.150   515   515 E mm-camera: port_iface_ext_unlink_func: E, identity = 0x1000f, port = 0xed323620, direction = 2
01-03 17:23:48.150   515   515 E mm-camera: port_iface_check_caps_unreserve_func:  E, identity = 0x1000f, port = 0xed323620, direction = 2
01-03 17:23:48.150   515   515 E mm-camera: iface_unreserve_sink_port: stream_id f mode 0 
01-03 17:23:48.150   515   515 E mm-camera: port_iface_ext_unlink_func: E, identity = 0x1000f, port = 0xed323920, direction = 1
01-03 17:23:48.150   515   515 E mm-camera: iface_ext_unlink_src_port: mct stream already removed from hw stream
01-03 17:23:48.150   515   515 E mm-camera: port_iface_check_caps_unreserve_func:  E, identity = 0x1000f, port = 0xed323920, direction = 1
01-03 17:23:48.150   515   515 E mm-camera: isp_port_check_caps_unreserve:826 ide 1000f port 0xed061ac0
01-03 17:23:48.153   515   515 E mm-camera: module_afs_port_check_caps_unreserve:1524] 
01-03 17:23:48.153   515   515 E mm-camera: module_afs_port_check_caps_unreserve:1532] destroy client
01-03 17:23:48.153   515   515 E mm-camera: module_imgbase_port_release_client_llvd:1553] 
01-03 17:23:48.153   515   515 E mm-camera: q3a_thread_af_stop:1019  q3a_thread_af_stop:1019 MSG_STOP_THREAD
01-03 17:23:48.153 19537 19537 E QCamera2HWI: int qcamera::QCamera2HardwareInterface::closeCamera():[PREVIEW_COUNT][LOAD] preview_count(0) // MultiView(0)
01-03 17:23:48.154 19537 19537 I QCamera2HWI: [KPI Perf] static int qcamera::QCamera2HardwareInterface::close_camera_device(hw_device_t*): X
01-03 17:23:48.154 19537 19537 I CameraProviderManager: Enumerating new camera device: device@3.3/legacy/0
01-03 17:23:48.155 19537 19537 I CameraProviderManager: Enumerating new camera device: device@1.0/legacy/1
01-03 17:23:48.157 19537 19537 I CamDev@1.0-impl: Opening camera 1
01-03 17:23:48.157 19537 19537 I QCamera2Factory: :static int qcamera::QCamera2Factory::openLegacy(int32_t, uint32_t, hw_device_t**) openLegacy halVersion: 256
01-03 17:23:48.157   515   515 E mm-camera: stats_port_delete_reserved_stream:2602  stats_port_delete_reserved_stream:2602: going to NULL peer
01-03 17:23:48.157   515   515 D mm-camera: mct: mct_pipeline_process_set: Stream 0x1000f and stream type=10, successfully deleted
01-03 17:23:48.158   515 19795 D mm-camera: mct: mct_pipeline_stop_session_thread: Stop module name: sensor - E
01-03 17:23:48.158   515 19795 E mm-camera: module_sensor_deinit_session:1545trying to delete thread
01-03 17:23:48.158 19537 19537 D vndksupport: Loading /vendor/lib/hw/power.msm8992.so from current namespace instead of sphal namespace.
01-03 17:23:48.158   515 19795 E mm-camera-sensor: proxy_thread_delete:259p_thread,trying to delete thread
01-03 17:23:48.158   515 19795 E mm-camera-sensor: send_thread_exit_msg:219p_thread, exit_thread 0
01-03 17:23:48.158   515 19795 E mm-camera-sensor: send_thread_exit_msg:223p_thread, exit_thread 1
01-03 17:23:48.158   515 19795 E mm-camera: module_sensor_deinit_session:1547proxy_thread_deleted!
01-03 17:23:48.158   515 19795 E mm-camera: module_sensor_deinit_session:1551try to stop proxy kernel workqueue!
01-03 17:23:48.158   515 19795 E mm-camera-sensor: sensor_proxy_thread_off:215enter
01-03 17:23:48.158   515 19797 D mm-camera: mct: mct_pipeline_stop_session_thread: Stop module name: iface - E
01-03 17:23:48.159   515 19797 D mm-camera: mct: mct_pipeline_stop_session_thread: Stop module name: iface - X
01-03 17:23:48.160 19537 19799 D QCamera2HWI: static void* qcamera::QCamera2HardwareInterface::defferedWorkRoutine(void*): start data proc
01-03 17:23:48.160   515 19798 D mm-camera: mct: mct_pipeline_stop_session_thread: Stop module name: isp - E
01-03 17:23:48.160   515 19800 D mm-camera: mct: mct_pipeline_stop_session_thread: Stop module name: stats - E
01-03 17:23:48.160   515 19798 E mm-camera-isp2: isp_module_stop_session:414 session id 1
01-03 17:23:48.161   515 19798 D mm-camera: mct: mct_pipeline_stop_session_thread: Stop module name: isp - X
01-03 17:23:48.162   515 19801 D mm-camera: mct: mct_pipeline_stop_session_thread: Stop module name: pproc - E
01-03 17:23:48.164 19537 19537 I QCamera2HWI: [KPI Perf] int qcamera::QCamera2HardwareInterface::openCamera(hw_device_t**): E PROFILE_OPEN_CAMERA camera id 1
01-03 17:23:48.165   515   515 D mm-camera: mct: mct_pipeline_stop_session: left modules: 5
01-03 17:23:48.165   515 19802 D mm-camera: mct: mct_pipeline_stop_session_thread: Stop module name: imglib - E
01-03 17:23:48.165   515   515 D mm-camera: mct: mct_pipeline_stop_session: left modules: 4
01-03 17:23:48.165   515 19802 E mm-camera: module_faceproc_stop_session:1885] session cnt 1
01-03 17:23:48.167   515 19802 D mm-camera: mct: mct_pipeline_stop_session_thread: Stop module name: imglib - X
01-03 17:23:48.167   515   515 D mm-camera: mct: mct_pipeline_stop_session: left modules: 3
01-03 17:23:48.167   515 19800 E mm-camera: gyro_port_deinit:1446  gyro_port_deinit: Error in android Deinit
01-03 17:23:48.167   515 19800 I CAMERA_SENSOR: stop_accel_sensor
01-03 17:23:48.169   515 19773 I CAMERA_SENSOR: accel_data_cb received RESP - SNS_SMGR_CANCEL_RESP_V01
01-03 17:23:48.169   515 19800 D mm-camera: mct: mct_pipeline_stop_session_thread: Stop module name: stats - X
01-03 17:23:48.169   515   515 D mm-camera: mct: mct_pipeline_stop_session: left modules: 2
01-03 17:23:48.171   515 19801 E mm-camera-pp: [INFO] base_module_stop_session:98, E, session=1
01-03 17:23:48.171   515 19801 E mm-camera-pp: [INFO] base_module_stop_session:98, E, session=1
01-03 17:23:48.171   515 19801 D mm-camera: mct: mct_pipeline_stop_session_thread: Stop module name: pproc - X
01-03 17:23:48.171   515   515 D mm-camera: mct: mct_pipeline_stop_session: left modules: 1
01-03 17:23:48.195   515 19795 E mm-camera: module_sensor_deinit_session:1567trying to delete thread
01-03 17:23:48.195   515 19795 E mm-camera-sensor: tcs_thread_delete:303tcs_thread, trying to delete thread
01-03 17:23:48.195   515 19795 E mm-camera: module_sensor_deinit_session:1569tcs_thread_deleted!
01-03 17:23:48.195   515 19795 E mm-camera: module_sensor_deinit_session:1571try to stop tcs kernel workqueue!
01-03 17:23:48.203   515 19795 E mm-camera-sensor: proxy_power_down:47enter
01-03 17:23:48.229   515 19795 E mm-camera: sensor_close:4609ctrl->isStreaming make false
01-03 17:23:48.230   515 19795 D mm-camera: mct: mct_pipeline_stop_session_thread: Stop module name: sensor - X
01-03 17:23:48.230   515   515 D mm-camera: mct: mct_pipeline_stop_session: left modules: 0
01-03 17:23:48.230   515   515 D mm-camera: mct: mct_pipeline_stop_session - X
01-03 17:23:48.230   515   515 D mm-camera: mct: mct_pipeline_destroy E: session:1 
01-03 17:23:48.231   515   515 D mm-camera: mct: mct_pipeline_destroy X: Pipeline destroyed successfully
01-03 17:23:48.231   515   515 D mm-camera: mct: mct_controller_destroy: X Successfully closed mct_controller
01-03 17:23:48.232   515   515 D mm-camera: mct: mct_controller_new: Creating new mct_controller with session-id 2
01-03 17:23:48.232   515 19804 D mm-camera: mct: mct_pipeline_start_session_thread: E sensor
01-03 17:23:48.235   515 19805 D mm-camera: mct: mct_pipeline_start_session_thread: E iface
01-03 17:23:48.235   515 19806 D mm-camera: mct: mct_pipeline_start_session_thread: E isp
01-03 17:23:48.236   515 19806 E mm-camera-isp2: isp_module_start_session:178 session id 2
01-03 17:23:48.237   515 19808 D mm-camera: mct: mct_pipeline_start_session_thread: E stats
01-03 17:23:48.237   515 19805 D mm-camera: mct: mct_pipeline_start_session_thread: X stats
01-03 17:23:48.239   515 19809 D mm-camera: mct: mct_pipeline_start_session_thread: E pproc
01-03 17:23:48.241   515 19808 E mm-camera: tcc_init: TCC ver.150418a
01-03 17:23:48.242   515 19810 D mm-camera: mct: mct_pipeline_start_session_thread: E imglib
01-03 17:23:48.244   515 19810 E mm-camera: module_faceproc_start_session:1844] session cnt 1
01-03 17:23:48.246   515 19810 D mm-camera: mct: mct_pipeline_start_session_thread: X imglib
01-03 17:23:48.252   515 19806 E mm-camera-isp2: isp_module_start_session:347 num_session_opened 1
01-03 17:23:48.252   515 19806 D mm-camera: mct: mct_pipeline_start_session_thread: X imglib
01-03 17:23:48.265   515 19804 E mm-camera: module_sensor_init_session:1245eeprom_name = t4ka3_eeprom
01-03 17:23:48.270   515 19808 E mm-camera: sensor_laser_init:144  HW module: id: sensors name: STMicroelectronics VL53L0 sensor module
01-03 17:23:48.270   515 19808 E Sensors : openInput
01-03 17:23:48.270   515 19808 E Sensors : devname: /dev/input/event4
01-03 17:23:48.294   515 19808 E Sensors : devname: /dev/input/event3
01-03 17:23:48.298   515 19809 E mm-camera-pp: [INFO] base_module_start_session:91, E, session=2
01-03 17:23:48.299   515 19809 E mm-camera-pp: [INFO] base_module_start_session:91, E, session=2
01-03 17:23:48.299   515 19809 D mm-camera: mct: mct_pipeline_start_session_thread: X imglib
01-03 17:23:48.305   515 19804 E mm-camera: module_sensor_init_session:1277flash subdev id = -1
01-03 17:23:48.306   515 19804 E mm-camera: module_sensor_start_session:1684SUCCESS
01-03 17:23:48.306   515 19804 D mm-camera: mct: mct_pipeline_start_session_thread: X imglib
01-03 17:23:48.309   515 19808 E Sensors : devname: /dev/input/event0
01-03 17:23:48.344 19808 19808 W CAM_startstats: type=1400 audit(0.0:2073): avc: granted { read } for name="event1" dev="tmpfs" ino=10372 scontext=u:r:init:s0 tcontext=u:object_r:input_device:s0 tclass=chr_file
01-03 17:23:48.349   515 19808 E Sensors : devname: /dev/input/event1
01-03 17:23:48.344 19808 19808 W CAM_startstats: type=1400 audit(0.0:2074): avc: granted { read open } for path="/dev/input/event1" dev="tmpfs" ino=10372 scontext=u:r:init:s0 tcontext=u:object_r:input_device:s0 tclass=chr_file
01-03 17:23:48.365   515 19808 E Sensors : devname: /dev/input/mice
01-03 17:23:48.360 19808 19808 W CAM_startstats: type=1400 audit(0.0:2075): avc: granted { read } for name="mice" dev="tmpfs" ino=10371 scontext=u:r:init:s0 tcontext=u:object_r:input_device:s0 tclass=chr_file
01-03 17:23:48.360 19808 19808 W CAM_startstats: type=1400 audit(0.0:2076): avc: granted { read open } for path="/dev/input/mice" dev="tmpfs" ino=10371 scontext=u:r:init:s0 tcontext=u:object_r:input_device:s0 tclass=chr_file
01-03 17:23:48.395   515 19808 E Sensors : devname: /dev/input/event2
01-03 17:23:48.392 19808 19808 W CAM_startstats: type=1400 audit(0.0:2077): avc: granted { read } for name="event2" dev="tmpfs" ino=11443 scontext=u:r:init:s0 tcontext=u:object_r:input_device:s0 tclass=chr_file
01-03 17:23:48.392 19808 19808 W CAM_startstats: type=1400 audit(0.0:2078): avc: granted { read open } for path="/dev/input/event2" dev="tmpfs" ino=11443 scontext=u:r:init:s0 tcontext=u:object_r:input_device:s0 tclass=chr_file
01-03 17:23:48.423   515 19808 E Sensors : couldn't find 'STM VL53L0 proximity sensor' input device
01-03 17:23:48.424   515 19808 E Sensors : ProximitySensor::ProximitySensor gets called!
01-03 17:23:48.424   515 19808 E Sensors : ProximitySensor: input_name:, input_sysfs_path:/sys/class/input/input
01-03 17:23:48.424   515 19808 E Sensors : ProximitySensor::enable function called for stmvl53L0!
01-03 17:23:48.424   515 19808 E Sensors : ProximitySensor::enable filename:/sys/class/input/input/enable_ps_sensor
01-03 17:23:48.424   515 19808 E Sensors : ProximitySensor::enable: Failed to open file descriptor for enabling VL53L0
01-03 17:23:48.424   515 19808 E Sensors : ProximitySensor::enable: Attempted to open file /sys/class/input/input/enable_ps_sensor. Error: -1
01-03 17:23:48.424   515 19808 E Sensors : open_sensors gets called!
01-03 17:23:48.424   515 19808 E Sensors : is_tof_sensor_available() called
01-03 17:23:48.425   515 19808 E Sensors : devname: /dev/input/event4
01-03 17:23:48.420 19808 19808 W CAM_startstats: type=1400 audit(0.0:2079): avc: granted { read } for name="event4" dev="tmpfs" ino=15614 scontext=u:r:init:s0 tcontext=u:object_r:input_device:s0 tclass=chr_file
01-03 17:23:48.420 19808 19808 W CAM_startstats: type=1400 audit(0.0:2080): avc: granted { read open } for path="/dev/input/event4" dev="tmpfs" ino=15614 scontext=u:r:init:s0 tcontext=u:object_r:input_device:s0 tclass=chr_file
01-03 17:23:48.439   515 19808 E Sensors : devname: /dev/input/event3
01-03 17:23:48.436 19808 19808 W CAM_startstats: type=1400 audit(0.0:2081): avc: granted { read } for name="event3" dev="tmpfs" ino=15613 scontext=u:r:init:s0 tcontext=u:object_r:input_device:s0 tclass=chr_file
01-03 17:23:48.455   515 19808 E Sensors : devname: /dev/input/event0
01-03 17:23:48.452 19808 19808 W CAM_startstats: type=1400 audit(0.0:2083): avc: granted { read } for name="event0" dev="tmpfs" ino=10106 scontext=u:r:init:s0 tcontext=u:object_r:input_device:s0 tclass=chr_file
01-03 17:23:48.452 19808 19808 W CAM_startstats: type=1400 audit(0.0:2084): avc: granted { read open } for path="/dev/input/event0" dev="tmpfs" ino=10106 scontext=u:r:init:s0 tcontext=u:object_r:input_device:s0 tclass=chr_file
01-03 17:23:48.471   515 19808 E Sensors : devname: /dev/input/event1
01-03 17:23:48.468 19808 19808 W CAM_startstats: type=1400 audit(0.0:2085): avc: granted { read } for name="event1" dev="tmpfs" ino=10372 scontext=u:r:init:s0 tcontext=u:object_r:input_device:s0 tclass=chr_file
01-03 17:23:48.468 19808 19808 W CAM_startstats: type=1400 audit(0.0:2086): avc: granted { read open } for path="/dev/input/event1" dev="tmpfs" ino=10372 scontext=u:r:init:s0 tcontext=u:object_r:input_device:s0 tclass=chr_file
01-03 17:23:48.487   515 19808 E Sensors : devname: /dev/input/mice
01-03 17:23:48.484 19808 19808 W CAM_startstats: type=1400 audit(0.0:2087): avc: granted { read } for name="mice" dev="tmpfs" ino=10371 scontext=u:r:init:s0 tcontext=u:object_r:input_device:s0 tclass=chr_file
01-03 17:23:48.484 19808 19808 W CAM_startstats: type=1400 audit(0.0:2088): avc: granted { read open } for path="/dev/input/mice" dev="tmpfs" ino=10371 scontext=u:r:init:s0 tcontext=u:object_r:input_device:s0 tclass=chr_file
01-03 17:23:48.511   515 19808 E Sensors : devname: /dev/input/event2
01-03 17:23:48.508 19808 19808 W CAM_startstats: type=1400 audit(0.0:2089): avc: granted { read } for name="event2" dev="tmpfs" ino=11443 scontext=u:r:init:s0 tcontext=u:object_r:input_device:s0 tclass=chr_file
01-03 17:23:48.508 19808 19808 W CAM_startstats: type=1400 audit(0.0:2090): avc: granted { read open } for path="/dev/input/event2" dev="tmpfs" ino=11443 scontext=u:r:init:s0 tcontext=u:object_r:input_device:s0 tclass=chr_file
01-03 17:23:48.527   515 19808 E Sensors : No Tof sensor found!!!
01-03 17:23:48.527   515 19808 E mm-camera: sensor_laser_init:164  0 sensor supported
01-03 17:23:48.529   515 19808 E mm-camera: gyro_port_init:1404  Failure initializing laser sensor. Error: 4
01-03 17:23:48.529   515 19808 I CAMERA_SENSOR: start_accel_sensor
01-03 17:23:48.529   515 19808 E mm-camera: start_accel_sensor: sensor1_open E
01-03 17:23:48.531   515 19808 E mm-camera: start_accel_sensor: sensor1_open X, res = 0
01-03 17:23:48.537   515 19824 I CAMERA_SENSOR: accel_data_cb received RESP - SNS_SMGR_REPORT_RESP_V01
01-03 17:23:48.538   515 19808 D mm-camera: mct: mct_pipeline_start_session_thread: X imglib
01-03 17:23:48.538   515   515 E mm-camera: module_sensor_query_mod:7021led flash is not supported for this sensor.
01-03 17:23:48.538   515   515 E mm-camera: sensor_get_cur_chromatix_name:2577Error: Load default preview chroamtix
01-03 17:23:48.539   515   515 E mm-camera-sensor: chromatix_load_library_ex : chromatix = libchromatix_t4ka3_snapshot_open.so , lib name = /system/vendor/lib/libchromatix_t4ka3_snapshot_open.so
01-03 17:23:48.540   515   515 E mm-camera-sensor: chromatix_load_library_ex : chromatix = libchromatix_t4ka3_snapshot_open.so , lib name = /system/vendor/lib/libchromatix_t4ka3_snapshot_open.so
01-03 17:23:48.541   515   515 E mm-camera-sensor: chromatix_load_library_ex : chromatix = libchromatix_t4ka3_common_open.so , lib name = /system/vendor/lib/libchromatix_t4ka3_common_open.so
01-03 17:23:48.541   515   515 E mm-camera-sensor: chromatix_load_library_ex : chromatix = libchromatix_t4ka3_cpp_snapshot_open.so , lib name = /system/vendor/lib/libchromatix_t4ka3_cpp_snapshot_open.so
01-03 17:23:48.541   515   515 E mm-camera-sensor: chromatix_load_library_ex : chromatix = libchromatix_t4ka3_cpp_snapshot_open.so , lib name = /system/vendor/lib/libchromatix_t4ka3_cpp_snapshot_open.so
01-03 17:23:48.541   515   515 E mm-camera-sensor: chromatix_load_library_ex : chromatix = libchromatix_t4ka3_cpp_video_open.so , lib name = /system/vendor/lib/libchromatix_t4ka3_cpp_video_open.so
01-03 17:23:48.542   515   515 E mm-camera-sensor: chromatix_load_library_ex : chromatix = libchromatix_t4ka3_postproc_open.so , lib name = /system/vendor/lib/libchromatix_t4ka3_postproc_open.so
01-03 17:23:48.543   515   515 E mm-camera-isp2: isp_resource_query_mod:145 num_isp_preallocate 1 num_session_opened 1 dual_vfe_enabled 0
01-03 17:23:48.544   515   515 E mm-camera: module_faceproc_query_mod:1996] Caps ROI 5 scene_mode_cnt 1 HW analysis supported 0
01-03 17:23:48.544   515   515 E hdr     : module_hdr_lib_query_mod:181] Supported scenemode cnt 2
01-03 17:23:48.544   515   515 D mm-camera: mct: mct_pipeline_process_set:command=800000a
01-03 17:23:48.544   515   515 D mm-camera: mct: mct_pipeline_process_set: Adding new stream: id [0f]
01-03 17:23:48.544   515   515 D mm-camera: mct: mct_pipeline_process_set:command=8000012
01-03 17:23:48.544   515   515 D mm-camera: mct: mct_stream_start_link: Start linking Session-stream 0x2000f
01-03 17:23:48.544   515   515 I mm-camera: module_iface_set_mod_func: set module type = 8, identity 2000f
01-03 17:23:48.540   515   515 W mm-qcamera-daem: type=1400 audit(0.0:2091): avc: granted { read } for name="ion" dev="tmpfs" ino=11450 scontext=u:r:init:s0 tcontext=u:object_r:ion_device:s0 tclass=chr_file
01-03 17:23:48.540   515   515 W mm-qcamera-daem: type=1400 audit(0.0:2092): avc: granted { read open } for path="/dev/ion" dev="tmpfs" ino=11450 scontext=u:r:init:s0 tcontext=u:object_r:ion_device:s0 tclass=chr_file
01-03 17:23:48.544   515   515 E mm-camera-sensor: port_sensor_caps_reserve:86session id doesn't match
01-03 17:23:48.545   515   515 E mm-camera: iface_util_find_primary_cid:84 error cannot find primary sensor format cids 2
01-03 17:23:48.545   515   515 E mm-camera: isp_port_check_caps_reserve:737 port 0xed061ac0 ide 2000f type 10 dim 0 0
01-03 17:23:48.545   515   515 E mm-camera: int_link = 0xed0640e0
01-03 17:23:48.545   515   515 I mm-camera: pproc_port_add_modules_to_stream:433, linking mods tmod and c2d
01-03 17:23:48.550   515   515 I mm-camera: pproc_port_add_modules_to_stream:433, linking mods c2d and cpp
01-03 17:23:48.550   515   515 E mm-camera: Interleaved flag is 0, identity 131087 port type 0
01-03 17:23:48.550   515   515 I mm-camera: pproc_port_add_modules_to_stream:433, linking mods cpp and afs
01-03 17:23:48.550   515   515 I mm-camera: pproc_port_add_modules_to_stream:433, linking mods afs and llvd
01-03 17:23:48.553   515   515 I mm-camera: pproc_port_add_modules_to_stream:433, linking mods llvd and ezt
01-03 17:23:48.554   515   515 E mm-camera: pproc_port_add_modules_to_stream:454] X rc: 1
01-03 17:23:48.564   515   515 D mm-camera: mct: mct_pipeline_process_set: Linking successful for stream 0x2000f stream type=10
01-03 17:23:48.613 19537 19537 D mm-jpeg-intf: Max picture size 3264 x 2448, WorkBufSize = 12220416
01-03 17:23:48.621 19537 19537 I qomx_image_core: OMX_Init:95] Complete 3
01-03 17:23:48.623 19537 19537 E QCameraHWI_Mem: void qcamera::QCameraMemory::traceLogAllocStart(size_t, int, const char*):HeapMemsize 659104
01-03 17:23:48.623 19537 19537 E QCameraHWI_Mem: void qcamera::QCameraMemory::traceLogAllocStart(size_t, int, const char*):Memsize 659104
01-03 17:23:48.624 19537 19537 E QCameraHWI_Mem: void qcamera::QCameraMemory::traceLogAllocEnd(size_t) 659104
01-03 17:23:48.624 19537 19537 E QCameraHWI_Mem: void qcamera::QCameraMemory::traceLogAllocEnd(size_t) 659104
01-03 17:23:48.626 19537 19537 D QCameraParameters: int32_t qcamera::QCameraParameters::initDefaultParameters(): supported preview sizes: 2560x1440,1920x1440,2048x1536,2048x1080,1920x1080,1776x1080,1440x1080,1280x960,1280x720,960x720,864x480,880x720,848x480,800x480,768x432,720x480,640x640,640x480,640x360,576x432,480x320,384x288,352x288,320x240,240x160,176x144
01-03 17:23:48.626 19537 19537 D QCameraParameters: int32_t qcamera::QCameraParameters::initDefaultParameters(): supported video sizes: 1920x1080,1280x960,1280x720,864x480,848x480,800x480,720x480,640x480,640x360,480x320,352x288,320x240,176x144,144x176
01-03 17:23:48.626 19537 19537 D QCameraParameters: int32_t qcamera::QCameraParameters::initDefaultParameters(): supported pic sizes: 3264x2448,3264x1836,2560x1920,2592x1944,2688x1512,2048x1536,1920x1080,1600x1200,1536x864,1280x960,1280x768,1280x720,1024x768,880x720,800x600,864x480,800x480,720x480,640x480,640x360,352x288,320x240,176x144
01-03 17:23:48.628 19537 19537 D QCameraParameters: int32_t qcamera::QCameraParameters::setPreviewFpsRange(int, int, int, int): Setting preview fps range 2000,30000
01-03 17:23:48.628 19537 19537 D QCameraParameters: int32_t qcamera::QCameraParameters::setPreviewFpsRange(int, int, int, int): Updated: minFps = 2000, maxFps = 30000 , vid minFps = 2000, vid maxFps = 30000
01-03 17:23:48.628 19537 19537 D QCamera2HWI: int qcamera::QCamera2HardwareInterface::calcThermalLevel(qcamera::qcamera_thermal_level_enum_t, int, int, cam_fps_range_t&, msm_vfe_frame_skip_pattern&): level: 0, preview minfps 2000.000000, preview maxfpS 30000.000000, video minfps 2000.000000, video maxfpS 30000.000000
01-03 17:23:48.628 19537 19537 D QCamera2HWI: int qcamera::QCamera2HardwareInterface::calcThermalLevel(qcamera::qcamera_thermal_level_enum_t, int, int, cam_fps_range_t&, msm_vfe_frame_skip_pattern&): Thermal level 0, FPS [2.00,30.00, 2.00,30.00], frameskip 0
01-03 17:23:48.628 19537 19537 D QCameraParameters: int32_t qcamera::QCameraParameters::setPreviewFpsRange(int, int, int, int): Thermal adjusted Preview fps range 2.00,30.00, 2.00, 30.00
01-03 17:23:48.628 19537 19537 D QCameraParameters: int32_t qcamera::QCameraParameters::initDefaultParameters(): supported fps rates: 2,3,4,5,6,7,8,9,10,11,12,13,14,15,16,17,18,19,20,21,22,23,24,25,26,27,28,29,30
01-03 17:23:48.629 19537 19537 D QCameraParameters: int32_t qcamera::QCameraParameters::setFocusMode(const char*): Setting focus mode fixed
01-03 17:23:48.629 19537 19537 D QCameraParameters: initDefaultParameters: setting KEY_FOCUS_DISTANCES as 0.100000,0.150000,0.170000
01-03 17:23:48.629 19537 19537 D QCameraParameters: int32_t qcamera::QCameraParameters::setAutoExposure(const char*): Setting auto exposure center-weighted
01-03 17:23:48.630 19537 19537 D QCameraParameters: int32_t qcamera::QCameraParameters::setAntibanding(const char*): Setting AntiBanding value auto
01-03 17:23:48.630 19537 19537 D QCameraParameters: int32_t qcamera::QCameraParameters::setFlash(const char*): Setting Flash value off
01-03 17:23:48.630 19537 19537 D QCameraParameters: int32_t qcamera::QCameraParameters::setISOValue(const char*): Setting ISO value auto
01-03 17:23:48.631 19537 19537 D QCameraParameters: int32_t qcamera::QCameraParameters::initDefaultParameters(), Exposure time min 0.013272 ms, max 869.661901 ms
01-03 17:23:48.631 19537 19537 D QCameraParameters: int32_t qcamera::QCameraParameters::initDefaultParameters(), ISO min 100, max 3000
01-03 17:23:48.634 19537 19537 D QCameraParameters: int32_t qcamera::QCameraParameters::setZoom(int): zoom level: 0
01-03 17:23:48.634 19537 19537 I QCameraParameters: int32_t qcamera::QCameraParameters::initDefaultParameters(): setting Exposure Bracketing value of 0,10,-9
01-03 17:23:48.634 19537 19537 D QCameraParameters: int32_t qcamera::QCameraParameters::setAEBracket(const char*), EXP_BRACKETING_OFF
01-03 17:23:48.635 19537 19537 D QCameraParameters: int32_t qcamera::QCameraParameters::setChromaFlash(const char*): chromaFlashStr =chroma-flash-off
01-03 17:23:48.636 19537 19537 D QCameraParameters: int32_t qcamera::QCameraParameters::setSeeMore(const char*): seeMoreStr =off
01-03 17:23:48.636 19537 19537 D QCameraParameters: int32_t qcamera::QCameraParameters::setToneMapMode(uint32_t, bool): tone map mode 1 
01-03 17:23:48.636 19537 19537 D QCameraParameters: int32_t qcamera::QCameraParameters::setAecLock(const char*): Setting AECLock value false
01-03 17:23:48.636 19537 19537 D QCameraParameters: int32_t qcamera::QCameraParameters::setAwbLock(const char*): Setting AWBLock value false
01-03 17:23:48.636 19537 19537 D QCameraParameters: int32_t qcamera::QCameraParameters::initDefaultParameters(): totalram = -1334108160, freeram = 401469440 
01-03 17:23:48.636 19537 19537 D QCameraParameters: void qcamera::QCameraParameters::setOfflineRAW(): Offline Raw  0
01-03 17:23:48.636 19537 19537 E LGCameraParameters: void qcamera::QCameraParameters::initDefaultParametersEx(): multi_window_af_supported = 1
01-03 17:23:48.637 19537 19537 E LGCameraParameters: createMultiWindowString: (-280,-280,0,0,1),(-140,-420,140,-140,1),(0,-280,280,0,1),(-420,-140,-140,140,1),(-140,-140,140,140,1),(140,-140,420,140,1),(-280,0,0,280,1),(-140,140,140,420,1),(0,0,280,280,1),(-220,-220,220,220,1)
01-03 17:23:48.637 19537 19537 E LGCameraParameters: createMultiWindowString: (720,720,1000,1000,1),(860,580,1140,860,1),(1000,720,1280,1000,1),(580,860,860,1140,1),(860,860,1140,1140,1),(1140,860,1420,1140,1),(720,1000,1000,1420,1),(860,1140,1140,1420,1),(1000,1000,1280,1280,1)
01-03 17:23:48.638 19537 19537 D LGCameraParameters: int32_t qcamera::QCameraParameters::setLG_ISOcontrol(const char*): Setting ISO value auto
01-03 17:23:48.639 19537 19537 E LGCameraParameters: int32_t qcamera::QCameraParameters::setBeautyLevel(int) : [ARC_BEAUTY] beautylevel = 0
01-03 17:23:48.642   515 19833 E mm-camera: iface_util_set_hfr: can't find hw stream, only save hfr mode
01-03 17:23:48.644 19537 19537 D QCameraParameters: int32_t qcamera::QCameraParameters::setNumOfSnapshot(): nBurstNum = 1, nExpnum = 1
01-03 17:23:48.646 19537 19537 I Thermal-Lib: Thermal-Lib-Client: Registraion successful for camera with handle:1
01-03 17:23:48.646 19537 19537 I Thermal-Lib: Thermal-Lib-Client: Registraion successful for camcorder with handle:2
01-03 17:23:48.646 19537 19537 I QCamera2HWI: [KPI Perf] int qcamera::QCamera2HardwareInterface::openCamera(hw_device_t**): X PROFILE_OPEN_CAMERA camera id 1, rc: 0
01-03 17:23:48.646 19537 19537 E QCamera2HWI: int qcamera::QCamera2HardwareInterface::openCamera(hw_device_t**):[PREVIEW_COUNT] preview_count(1)
01-03 17:23:48.646   492   585 I ThermalEngine: Thermal-Server: Adding thermal event listener on fd 68
01-03 17:23:48.646 19537 19840 I Thermal-Lib: Thermal-Lib-Client: Client received msg camera 0
01-03 17:23:48.647 19537 19840 D QCamera2HWI: virtual int qcamera::QCamera2HardwareInterface::thermalEvtHandle(qcamera::qcamera_thermal_level_enum_t*, void*, void*): level = 0, userdata = 0x0, data = 0x0
01-03 17:23:48.647 19537 19840 I Thermal-Lib: Thermal-Lib-Client: Client received msg camcorder 0
01-03 17:23:48.647 19537 19794 E QCameraStateMachine: int32_t qcamera::QCameraStateMachine::procEvtPreviewStoppedState(qcamera::qcamera_sm_evt_enum_t, void*): cannot handle evt(31) in state(0)
01-03 17:23:48.647 19537 19840 D QCamera2HWI: virtual int qcamera::QCamera2HardwareInterface::thermalEvtHandle(qcamera::qcamera_thermal_level_enum_t*, void*, void*): level = 0, userdata = 0x0, data = 0x0
01-03 17:23:48.647 19537 19794 E QCameraStateMachine: int32_t qcamera::QCameraStateMachine::procEvtPreviewStoppedState(qcamera::qcamera_sm_evt_enum_t, void*): cannot handle evt(31) in state(0)
01-03 17:23:48.660 19537 19537 I CamDev@1.0-impl: Closing camera 1
01-03 17:23:48.660 19537 19537 I QCamera2HWI: [KPI Perf] static int qcamera::QCamera2HardwareInterface::close_camera_device(hw_device_t*): E
01-03 17:23:48.661 19537 19799 D QCamera2HWI: static void* qcamera::QCamera2HardwareInterface::defferedWorkRoutine(void*): stop data proc
01-03 17:23:48.662 19537 19537 I QCamera2HWI: [KPI Perf] int qcamera::QCamera2HardwareInterface::closeCamera(): E PROFILE_CLOSE_CAMERA camera id 1
01-03 17:23:48.662 19537 19537 D QCameraParameters: bool qcamera::QCameraParameters::setStreamConfigure(bool, bool, bool): Done Resetting stream config!!
