01-03 17:23:49.766   515   515 D mm-camera: mct: mct_pipeline_process_set: Linking successful for stream 0x2000f stream type=10
01-03 17:23:49.814 19537 19537 D mm-jpeg-intf: Max picture size 3264 x 2448, WorkBufSize = 12220416
01-03 17:23:49.821 19537 19537 I qomx_image_core: OMX_Init:95] Complete 3
01-03 17:23:49.823 19537 19537 E QCameraHWI_Mem: void qcamera::QCameraMemory::traceLogAllocStart(size_t, int, const char*):HeapMemsize 659104
01-03 17:23:49.823 19537 19537 E QCameraHWI_Mem: void qcamera::QCameraMemory::traceLogAllocStart(size_t, int, const char*):Memsize 659104
01-03 17:23:49.824 19537 19537 E QCameraHWI_Mem: void qcamera::QCameraMemory::traceLogAllocEnd(size_t) 659104
01-03 17:23:49.824 19537 19537 E QCameraHWI_Mem: void qcamera::QCameraMemory::traceLogAllocEnd(size_t) 659104
01-03 17:23:49.826 19537 19537 D QCameraParameters: int32_t qcamera::QCameraParameters::initDefaultParameters(): supported preview sizes: 2560x1440,1920x1440,2048x1536,2048x1080,1920x1080,1776x1080,1440x1080,1280x960,1280x720,960x720,864x480,880x720,848x480,800x480,768x432,720x480,640x640,640x480,640x360,576x432,480x320,384x288,352x288,320x240,240x160,176x144
01-03 17:23:49.826 19537 19537 D QCameraParameters: int32_t qcamera::QCameraParameters::initDefaultParameters(): supported video sizes: 1920x1080,1280x960,1280x720,864x480,848x480,800x480,720x480,640x480,640x360,480x320,352x288,320x240,176x144,144x176
01-03 17:23:49.827 19537 19537 D QCameraParameters: int32_t qcamera::QCameraParameters::initDefaultParameters(): supported pic sizes: 3264x2448,3264x1836,2560x1920,2592x1944,2688x1512,2048x1536,1920x1080,1600x1200,1536x864,1280x960,1280x768,1280x720,1024x768,880x720,800x600,864x480,800x480,720x480,640x480,640x360,352x288,320x240,176x144
01-03 17:23:49.828 19537 19537 D QCameraParameters: int32_t qcamera::QCameraParameters::setPreviewFpsRange(int, int, int, int): Setting preview fps range 2000,30000
01-03 17:23:49.828 19537 19537 D QCameraParameters: int32_t qcamera::QCameraParameters::setPreviewFpsRange(int, int, int, int): Updated: minFps = 2000, maxFps = 30000 , vid minFps = 2000, vid maxFps = 30000
01-03 17:23:49.828 19537 19537 D QCamera2HWI: int qcamera::QCamera2HardwareInterface::calcThermalLevel(qcamera::qcamera_thermal_level_enum_t, int, int, cam_fps_range_t&, msm_vfe_frame_skip_pattern&): level: 0, preview minfps 2000.000000, preview maxfpS 30000.000000, video minfps 2000.000000, video maxfpS 30000.000000
01-03 17:23:49.828 19537 19537 D QCamera2HWI: int qcamera::QCamera2HardwareInterface::calcThermalLevel(qcamera::qcamera_thermal_level_enum_t, int, int, cam_fps_range_t&, msm_vfe_frame_skip_pattern&): Thermal level 0, FPS [2.00,30.00, 2.00,30.00], frameskip 0
01-03 17:23:49.828 19537 19537 D QCameraParameters: int32_t qcamera::QCameraParameters::setPreviewFpsRange(int, int, int, int): Thermal adjusted Preview fps range 2.00,30.00, 2.00, 30.00
01-03 17:23:49.828 19537 19537 D QCameraParameters: int32_t qcamera::QCameraParameters::initDefaultParameters(): supported fps rates: 2,3,4,5,6,7,8,9,10,11,12,13,14,15,16,17,18,19,20,21,22,23,24,25,26,27,28,29,30
01-03 17:23:49.828 19537 19537 D QCameraParameters: int32_t qcamera::QCameraParameters::setFocusMode(const char*): Setting focus mode fixed
01-03 17:23:49.828 19537 19537 D QCameraParameters: initDefaultParameters: setting KEY_FOCUS_DISTANCES as 0.100000,0.150000,0.170000
01-03 17:23:49.829 19537 19537 D QCameraParameters: int32_t qcamera::QCameraParameters::setAutoExposure(const char*): Setting auto exposure center-weighted
01-03 17:23:49.829 19537 19537 D QCameraParameters: int32_t qcamera::QCameraParameters::setAntibanding(const char*): Setting AntiBanding value auto
01-03 17:23:49.830 19537 19537 D QCameraParameters: int32_t qcamera::QCameraParameters::setFlash(const char*): Setting Flash value off
01-03 17:23:49.830 19537 19537 D QCameraParameters: int32_t qcamera::QCameraParameters::setISOValue(const char*): Setting ISO value auto
01-03 17:23:49.830 19537 19537 D QCameraParameters: int32_t qcamera::QCameraParameters::initDefaultParameters(), Exposure time min 0.013272 ms, max 869.661901 ms
01-03 17:23:49.830 19537 19537 D QCameraParameters: int32_t qcamera::QCameraParameters::initDefaultParameters(), ISO min 100, max 3000
01-03 17:23:49.834 19537 19537 D QCameraParameters: int32_t qcamera::QCameraParameters::setZoom(int): zoom level: 0
01-03 17:23:49.834 19537 19537 I QCameraParameters: int32_t qcamera::QCameraParameters::initDefaultParameters(): setting Exposure Bracketing value of 0,10,-9
01-03 17:23:49.834 19537 19537 D QCameraParameters: int32_t qcamera::QCameraParameters::setAEBracket(const char*), EXP_BRACKETING_OFF
01-03 17:23:49.834 19537 19537 D QCameraParameters: int32_t qcamera::QCameraParameters::setChromaFlash(const char*): chromaFlashStr =chroma-flash-off
01-03 17:23:49.834 19537 19537 D QCameraParameters: int32_t qcamera::QCameraParameters::setSeeMore(const char*): seeMoreStr =off
01-03 17:23:49.834 19537 19537 D QCameraParameters: int32_t qcamera::QCameraParameters::setToneMapMode(uint32_t, bool): tone map mode 1 
01-03 17:23:49.835 19537 19537 D QCameraParameters: int32_t qcamera::QCameraParameters::setAecLock(const char*): Setting AECLock value false
01-03 17:23:49.835 19537 19537 D QCameraParameters: int32_t qcamera::QCameraParameters::setAwbLock(const char*): Setting AWBLock value false
01-03 17:23:49.835 19537 19537 D QCameraParameters: int32_t qcamera::QCameraParameters::initDefaultParameters(): totalram = -1334108160, freeram = 401223680 
01-03 17:23:49.835 19537 19537 D QCameraParameters: void qcamera::QCameraParameters::setOfflineRAW(): Offline Raw  0
01-03 17:23:49.836 19537 19537 E LGCameraParameters: void qcamera::QCameraParameters::initDefaultParametersEx(): multi_window_af_supported = 1
01-03 17:23:49.836 19537 19537 E LGCameraParameters: createMultiWindowString: (-280,-280,0,0,1),(-140,-420,140,-140,1),(0,-280,280,0,1),(-420,-140,-140,140,1),(-140,-140,140,140,1),(140,-140,420,140,1),(-280,0,0,280,1),(-140,140,140,420,1),(0,0,280,280,1),(-220,-220,220,220,1)
01-03 17:23:49.836 19537 19537 E LGCameraParameters: createMultiWindowString: (720,720,1000,1000,1),(860,580,1140,860,1),(1000,720,1280,1000,1),(580,860,860,1140,1),(860,860,1140,1140,1),(1140,860,1420,1140,1),(720,1000,1000,1420,1),(860,1140,1140,1420,1),(1000,1000,1280,1280,1)
01-03 17:23:49.837 19537 19537 D LGCameraParameters: int32_t qcamera::QCameraParameters::setLG_ISOcontrol(const char*): Setting ISO value auto
01-03 17:23:49.837 19537 19537 E LGCameraParameters: int32_t qcamera::QCameraParameters::setBeautyLevel(int) : [ARC_BEAUTY] beautylevel = 0
01-03 17:23:49.839   515 19941 E mm-camera: iface_util_set_hfr: can't find hw stream, only save hfr mode
01-03 17:23:49.841 19537 19537 D QCameraParameters: int32_t qcamera::QCameraParameters::setNumOfSnapshot(): nBurstNum = 1, nExpnum = 1
01-03 17:23:49.843 19537 19537 I Thermal-Lib: Thermal-Lib-Client: Registraion successful for camera with handle:1
01-03 17:23:49.844 19537 19537 I Thermal-Lib: Thermal-Lib-Client: Registraion successful for camcorder with handle:2
01-03 17:23:49.844 19537 19537 I QCamera2HWI: [KPI Perf] int qcamera::QCamera2HardwareInterface::openCamera(hw_device_t**): X PROFILE_OPEN_CAMERA camera id 1, rc: 0
01-03 17:23:49.844 19537 19537 E QCamera2HWI: int qcamera::QCamera2HardwareInterface::openCamera(hw_device_t**):[PREVIEW_COUNT] preview_count(1)
01-03 17:23:49.844   492   585 I ThermalEngine: Thermal-Server: Adding thermal event listener on fd 68
01-03 17:23:49.844 19537 19948 I Thermal-Lib: Thermal-Lib-Client: Client received msg camera 0
01-03 17:23:49.844 19537 19948 D QCamera2HWI: virtual int qcamera::QCamera2HardwareInterface::thermalEvtHandle(qcamera::qcamera_thermal_level_enum_t*, void*, void*): level = 0, userdata = 0x0, data = 0x0
01-03 17:23:49.844 19537 19948 I Thermal-Lib: Thermal-Lib-Client: Client received msg camcorder 0
01-03 17:23:49.844 19537 19900 E QCameraStateMachine: int32_t qcamera::QCameraStateMachine::procEvtPreviewStoppedState(qcamera::qcamera_sm_evt_enum_t, void*): cannot handle evt(31) in state(0)
01-03 17:23:49.844 19537 19948 D QCamera2HWI: virtual int qcamera::QCamera2HardwareInterface::thermalEvtHandle(qcamera::qcamera_thermal_level_enum_t*, void*, void*): level = 0, userdata = 0x0, data = 0x0
01-03 17:23:49.845 19537 19900 E QCameraStateMachine: int32_t qcamera::QCameraStateMachine::procEvtPreviewStoppedState(qcamera::qcamera_sm_evt_enum_t, void*): cannot handle evt(31) in state(0)
01-03 17:23:49.866 19537 19900 D QCameraParameters: int32_t qcamera::QCameraParameters::setPreviewFpsRange(const qcamera::QCameraParameters&): FpsRange Values:(2000, 30000)
01-03 17:23:49.866 19537 19900 D QCameraParameters: int32_t qcamera::QCameraParameters::setPreviewFpsRange(const qcamera::QCameraParameters&): Requested FpsRange Values:(2000, 30000)
01-03 17:23:49.866 19537 19900 D QCameraParameters: HFR mode is OFF
01-03 17:23:49.866 19537 19900 D QCameraParameters: void qcamera::QCameraParameters::setBufBatchCount(int8_t) : Buffer batch count = 0
01-03 17:23:49.866 19537 19900 D QCameraParameters: int32_t qcamera::QCameraParameters::setPreviewFpsRange(const qcamera::QCameraParameters&): UpdateHFRFrameRate 0
01-03 17:23:49.866 19537 19900 D QCameraParameters: int32_t qcamera::QCameraParameters::setPreviewFpsRange(const qcamera::QCameraParameters&): No change in FpsRange
01-03 17:23:49.866 19537 19900 I QCameraParameters: Requested preview size 1280 x 720
01-03 17:23:49.867 19537 19900 I QCameraParameters: Requested picture size 1280 x 720
01-03 17:23:49.867 19537 19900 D LGCameraParameters: park void qcamera::QCameraParameters::setHorViewAngle(int, int) E, horViewAngle = 69.300003
01-03 17:23:49.867 19537 19900 D QCameraParameters: int32_t qcamera::QCameraParameters::setPreviewFormat(const qcamera::QCameraParameters&): format 2
01-03 17:23:49.867 19537 19900 D QCameraParameters: int32_t qcamera::QCameraParameters::setPictureFormat(const qcamera::QCameraParameters&): format 0
01-03 17:23:49.867 19537 19900 D QCameraParameters: Param m_bNoDisplayMode = 0
01-03 17:23:49.867 19537 19900 I QCameraParameters: int32_t qcamera::QCameraParameters::setZslMode(const qcamera::QCameraParameters&): enabled: 0
01-03 17:23:49.868 19537 19900 D QCameraParameters: int32_t qcamera::QCameraParameters::setSceneMode(const qcamera::QCameraParameters&): str - auto, prev_str - auto
01-03 17:23:49.868 19537 19900 D QCameraParameters: int32_t qcamera::QCameraParameters::setAutoHDR(const qcamera::QCameraParameters&) : Auto HDR set to: disable
01-03 17:23:49.868 19537 19900 D QCameraParameters: int32_t qcamera::QCameraParameters::setAFBracket(const qcamera::QCameraParameters&): AF Bracketing is not supported
01-03 17:23:49.869 19537 19900 D QCameraParameters: int32_t qcamera::QCameraParameters::setBurstNum(const qcamera::QCameraParameters&): [ZSL Retro] m_nBurstNum = 1
01-03 17:23:49.869 19537 19900 D QCameraParameters: int32_t qcamera::QCameraParameters::setBurstLEDOnPeriod(const qcamera::QCameraParameters&): Burst LED on period  300
01-03 17:23:49.869 19537 19900 D QCameraParameters: int32_t qcamera::QCameraParameters::setLiveSnapshotSize(const qcamera::QCameraParameters&): live snapshot size 1280 x 720
01-03 17:23:49.869 19537 19900 D QCameraParameters: int32_t qcamera::QCameraParameters::setPAAF(): PAAF is: ON
01-03 17:23:49.869 19537 19900 D QCameraParameters: int32_t qcamera::QCameraParameters::setSeeMore(const qcamera::QCameraParameters&): str =off & prev_str =off
01-03 17:23:49.869 19537 19900 E LGCameraParameters: [ManualAF] android::status_t qcamera::QCameraParameters::setManualFocusLength(const qcamera::QCameraParameters&): current_normal_focus =0 / curr_mode = fixed
01-03 17:23:49.869 19537 19900 E LGCameraParameters: int32_t qcamera::QCameraParameters::setHighDynamicRange(const qcamera::QCameraParameters&) EasyHDR KEY_HDR_MODE = (null), value = -2
01-03 17:23:49.869 19537 19900 E LGCameraParameters: int32_t qcamera::QCameraParameters::setHighDynamicRange(const qcamera::QCameraParameters&) string is null
01-03 17:23:49.870 19537 19900 E LGCameraParameters: int32_t qcamera::QCameraParameters::setBeautyShot(const qcamera::QCameraParameters&):m_bBeautyShotEnabled=0
01-03 17:23:49.870 19537 19900 D LGCameraParameters: int32_t qcamera::QCameraParameters::setDNGCapture(const qcamera::QCameraParameters&) : value = 0(0) 
01-03 17:23:49.870 19537 19900 E LGCameraParameters: int32_t qcamera::QCameraParameters::setLG_ShutterSpeed(const qcamera::QCameraParameters&): error to support!
01-03 17:23:49.870 19537 19900 E LGCameraParameters: int32_t qcamera::QCameraParameters::setLG_EVcontrol(const qcamera::QCameraParameters&): error to support!
01-03 17:23:49.870 19537 19900 E LGCameraParameters: int32_t qcamera::QCameraParameters::setLG_ColorAdjust(const qcamera::QCameraParameters&): error to support!
01-03 17:23:49.870 19537 19900 E LGCameraParameters: int32_t qcamera::QCameraParameters::setLG_WBcontrol(const qcamera::QCameraParameters&): error to support!
01-03 17:23:49.872 19537 19900 D QCameraParameters: int32_t qcamera::QCameraParameters::setNumOfSnapshot(): nBurstNum = 1, nExpnum = 1
01-03 17:23:49.873 19537 19537 I QCamera2HWI: [KPI Perf] static void qcamera::QCamera2HardwareInterface::stop_preview(camera_device*): E PROFILE_STOP_PREVIEW
01-03 17:23:49.873 19537 19537 I QCamera2HWI: [KPI Perf] static void qcamera::QCamera2HardwareInterface::stop_preview(camera_device*): X
01-03 17:23:49.873 19537 19537 I CamDev@1.0-impl: Closing camera 1
01-03 17:23:49.873 19537 19537 I QCamera2HWI: [KPI Perf] static int qcamera::QCamera2HardwareInterface::close_camera_device(hw_device_t*): E
01-03 17:23:49.873 19537 19901 D QCamera2HWI: static void* qcamera::QCamera2HardwareInterface::defferedWorkRoutine(void*): stop data proc
01-03 17:23:49.875 19537 19537 I QCamera2HWI: [KPI Perf] int qcamera::QCamera2HardwareInterface::closeCamera(): E PROFILE_CLOSE_CAMERA camera id 1
01-03 17:23:49.875 19537 19537 D QCameraParameters: bool qcamera::QCameraParameters::setStreamConfigure(bool, bool, bool): Done Resetting stream config!!
01-03 17:23:49.881 19537 19537 I qomx_image_core: OMX_Deinit:119] Complete
01-03 17:23:49.896 19537 19537 I Thermal-Lib: Thermal-Lib-Client: Unregisteration is successfull for handle:1
01-03 17:23:49.896   492   585 I ThermalEngine: Thermal-Server: removing client on fd 68
01-03 17:23:49.897 19537 19537 I Thermal-Lib: Thermal-Lib-Client: Unregisteration is successfull for handle:2
01-03 17:23:49.899   515 19941 D mm-camera: mct: mct_pipeline_process_set:command=800000b
01-03 17:23:49.899   515 19941 E mm-camera: mct: mct_pipeline_process_set:2966: Couldn't find stream id: 0
01-03 17:23:49.900   515   515 D mm-camera: mct: mct_controller_destroy: Initiating destroy sequence
01-03 17:23:49.900 19537 19537 I QCamera2HWI: [KPI Perf] int qcamera::QCamera2HardwareInterface::closeCamera(): X PROFILE_CLOSE_CAMERA camera id 1, rc: 0
01-03 17:23:49.900 19537 19537 E QCamera2HWI: int qcamera::QCamera2HardwareInterface::closeCamera():[PREVIEW_COUNT] preview_count(0)
01-03 17:23:49.900   515 19942 D mm-camera: mct: mct_bus_handler_thread_run: Force Exit
01-03 17:23:49.901   515   515 D mm-camera: mct: mct_controller_destroy: bus_handler thread closed
01-03 17:23:49.901   515   515 D mm-camera: mct: mct_pipeline_stop_session - E
01-03 17:23:49.901   515   515 D mm-camera: mct: mct_pipeline_process_set:command=800000b
01-03 17:23:49.901   515   515 D mm-camera: mct: mct_pipeline_process_set: Issuing DEL_STREAM on stream 0x2000f and stream type=10
01-03 17:23:49.901   515   515 E mm-camera: port_iface_ext_unlink_func: E, identity = 0x2000f, port = 0xed323620, direction = 2
01-03 17:23:49.901   515   515 E mm-camera: port_iface_check_caps_unreserve_func:  E, identity = 0x2000f, port = 0xed323620, direction = 2
01-03 17:23:49.901   515   515 E mm-camera: iface_unreserve_sink_port: stream_id f mode 0 
01-03 17:23:49.901   515   515 E mm-camera: port_iface_ext_unlink_func: E, identity = 0x2000f, port = 0xed323920, direction = 1
01-03 17:23:49.901   515   515 E mm-camera: iface_ext_unlink_src_port: mct stream already removed from hw stream
01-03 17:23:49.901   515   515 E mm-camera: port_iface_check_caps_unreserve_func:  E, identity = 0x2000f, port = 0xed323920, direction = 1
01-03 17:23:49.901   515   515 E mm-camera: isp_port_check_caps_unreserve:826 ide 2000f port 0xed061ac0
01-03 17:23:49.905   515   515 E mm-camera: module_afs_port_check_caps_unreserve:1524] 
01-03 17:23:49.905   515   515 E mm-camera: module_afs_port_check_caps_unreserve:1532] destroy client
01-03 17:23:49.905   515   515 E mm-camera: module_imgbase_port_release_client_llvd:1553] 
01-03 17:23:49.906   515   515 E mm-camera: q3a_thread_af_stop:1019  q3a_thread_af_stop:1019 MSG_STOP_THREAD
01-03 17:23:49.910 19537 19537 E QCamera2HWI: int qcamera::QCamera2HardwareInterface::closeCamera():[PREVIEW_COUNT][LOAD] preview_count(0) // MultiView(0)
01-03 17:23:49.911 19537 19537 I QCamera2HWI: [KPI Perf] static int qcamera::QCamera2HardwareInterface::close_camera_device(hw_device_t*): X
01-03 17:23:49.911   515   515 E mm-camera: stats_port_delete_reserved_stream:2602  stats_port_delete_reserved_stream:2602: going to NULL peer
01-03 17:23:49.911   515   515 D mm-camera: mct: mct_pipeline_process_set: Stream 0x2000f and stream type=10, successfully deleted
01-03 17:23:49.912 19537 19537 I CameraService: onDeviceStatusChanged: Status changed for cameraId=0, newStatus=1
01-03 17:23:49.912 19537 19537 E CameraService: onDeviceStatusChanged: State transition to the same status 0x1 not allowed
01-03 17:23:49.912 19537 19537 I CameraService: onDeviceStatusChanged: Status changed for cameraId=1, newStatus=1
01-03 17:23:49.912   515 19951 D mm-camera: mct: mct_pipeline_stop_session_thread: Stop module name: sensor - E
01-03 17:23:49.912 19537 19537 E CameraService: onDeviceStatusChanged: State transition to the same status 0x1 not allowed
01-03 17:23:49.916   515 19954 D mm-camera: mct: mct_pipeline_stop_session_thread: Stop module name: iface - E
01-03 17:23:49.918   515 19954 D mm-camera: mct: mct_pipeline_stop_session_thread: Stop module name: iface - X
01-03 17:23:49.918   515 19957 D mm-camera: mct: mct_pipeline_stop_session_thread: Stop module name: isp - E
01-03 17:23:49.918   515 19957 E mm-camera-isp2: isp_module_stop_session:414 session id 2
01-03 17:23:49.921   515 19958 D mm-camera: mct: mct_pipeline_stop_session_thread: Stop module name: stats - E
01-03 17:23:49.922   515 19957 D mm-camera: mct: mct_pipeline_stop_session_thread: Stop module name: isp - X
01-03 17:23:49.924   515 19958 E mm-camera: gyro_port_deinit:1446  gyro_port_deinit: Error in android Deinit
01-03 17:23:49.925   515 19958 I CAMERA_SENSOR: stop_accel_sensor
01-03 17:23:49.925   515 19958 D mm-camera: mct: mct_pipeline_stop_session_thread: Stop module name: stats - X
01-03 17:23:49.926   514 19961 E Sensors : sns_acm_mr.c(499):Transport error -1
01-03 17:23:49.926   514 19933 E QMI_FW  : QCCI qmi_cci_xport_recv: txn not found. svc_id: 256
01-03 17:23:49.927   515 19959 D mm-camera: mct: mct_pipeline_stop_session_thread: Stop module name: pproc - E
01-03 17:23:49.928   515 19962 D mm-camera: mct: mct_pipeline_stop_session_thread: Stop module name: imglib - E
01-03 17:23:49.928   515   515 D mm-camera: mct: mct_pipeline_stop_session: left modules: 5
01-03 17:23:49.928   515   515 D mm-camera: mct: mct_pipeline_stop_session: left modules: 4
01-03 17:23:49.928   515 19962 E mm-camera: module_faceproc_stop_session:1885] session cnt 1
01-03 17:23:49.928   515   515 D mm-camera: mct: mct_pipeline_stop_session: left modules: 3
01-03 17:23:49.928   515 19962 D mm-camera: mct: mct_pipeline_stop_session_thread: Stop module name: imglib - X
01-03 17:23:49.929   515   515 D mm-camera: mct: mct_pipeline_stop_session: left modules: 2
01-03 17:23:49.931   515 19951 E mm-camera: sensor_close:4609ctrl->isStreaming make false
01-03 17:23:49.931   515 19959 E mm-camera-pp: [INFO] base_module_stop_session:98, E, session=2
01-03 17:23:49.932   515 19959 E mm-camera-pp: [INFO] base_module_stop_session:98, E, session=2
01-03 17:23:49.933   515 19951 D mm-camera: mct: mct_pipeline_stop_session_thread: Stop module name: sensor - X
01-03 17:23:49.933   515   515 D mm-camera: mct: mct_pipeline_stop_session: left modules: 1
01-03 17:23:49.934   515 19959 D mm-camera: mct: mct_pipeline_stop_session_thread: Stop module name: pproc - X
01-03 17:23:49.934   515   515 D mm-camera: mct: mct_pipeline_stop_session: left modules: 0
01-03 17:23:49.934   515   515 D mm-camera: mct: mct_pipeline_stop_session - X
01-03 17:23:49.934   515   515 D mm-camera: mct: mct_pipeline_destroy E: session:2 
01-03 17:23:49.934   515   515 D mm-camera: mct: mct_pipeline_destroy X: Pipeline destroyed successfully
01-03 17:23:49.934   515   515 D mm-camera: mct: mct_controller_destroy: X Successfully closed mct_controller
01-03 17:23:50.719 19963 19963 E ANDR-PERF-MPCTL: Unable to create control service (stage=1, rc=0)
01-03 17:23:50.720 19963 19963 W libc    : invalid pthread_t (0) passed to libc
01-03 17:23:50.772  5094  5574 I CameraManagerGlobal: Connecting to camera service
