01-05 18:29:47.731   513 16554 E mm-camera: sensor_laser_init:144  HW module: id: sensors name: STMicroelectronics VL53L0 sensor module
01-05 18:29:47.732   513 16554 E Sensors : openInput
01-05 18:29:47.732   513 16554 E Sensors : devname: /dev/input/event4
01-05 18:29:47.728 16554 16554 W CAM_startstats: type=1400 audit(0.0:1420): avc: granted { read } for name="event4" dev="tmpfs" ino=13967 scontext=u:r:init:s0 tcontext=u:object_r:input_device:s0 tclass=chr_file
01-05 18:29:47.728 16554 16554 W CAM_startstats: type=1400 audit(0.0:1421): avc: granted { read open } for path="/dev/input/event4" dev="tmpfs" ino=13967 scontext=u:r:init:s0 tcontext=u:object_r:input_device:s0 tclass=chr_file
01-05 18:29:47.732 16556 16556 W CAM_startpproc: type=1400 audit(0.0:1422): avc: granted { read } for name="ion" dev="tmpfs" ino=11414 scontext=u:r:init:s0 tcontext=u:object_r:ion_device:s0 tclass=chr_file
01-05 18:29:47.732 16556 16556 W CAM_startpproc: type=1400 audit(0.0:1423): avc: granted { read open } for path="/dev/ion" dev="tmpfs" ino=11414 scontext=u:r:init:s0 tcontext=u:object_r:ion_device:s0 tclass=chr_file
01-05 18:29:47.746   513 16556 E mm-camera-pp: [INFO] base_module_start_session:91, E, session=1
01-05 18:29:47.746   513 16556 E mm-camera-pp: [INFO] base_module_start_session:91, E, session=1
01-05 18:29:47.746   513 16556 D mm-camera: mct: mct_pipeline_start_session_thread: X imglib
01-05 18:29:47.768   513 16554 E Sensors : devname: /dev/input/event3
01-05 18:29:47.764 16554 16554 W CAM_startstats: type=1400 audit(0.0:1424): avc: granted { read } for name="event3" dev="tmpfs" ino=13966 scontext=u:r:init:s0 tcontext=u:object_r:input_device:s0 tclass=chr_file
01-05 18:29:47.764 16554 16554 W CAM_startstats: type=1400 audit(0.0:1425): avc: granted { read open } for path="/dev/input/event3" dev="tmpfs" ino=13966 scontext=u:r:init:s0 tcontext=u:object_r:input_device:s0 tclass=chr_file
01-05 18:29:47.779   513 16551 E mm-camera: module_sensor_init_session:1277flash subdev id = 0
01-05 18:29:47.782   513 16551 E mm-camera-sensor: sensor_sdk_util_get_kernel_i2c_addr_type:26Invalid addr_type = 0
01-05 18:29:47.782   513 16551 E mm-camera-sensor: sensor_sdk_util_get_kernel_i2c_data_type:40Invalid addr_type = 0
01-05 18:29:47.782   513 16551 E mm-camera-sensor: actuator_load_lib:491name=lc898122_claf, mode=camera
01-05 18:29:47.786   513 16551 E mm-camera-sensor: actuator_load_lib:491name=lc898122_claf, mode=camcorder
01-05 18:29:47.789   513 16551 E mm-camera-sensor: eeprom_do_af_calibration:197turn on Cal af(1)
01-05 18:29:47.789   513 16551 E mm-camera-sdk: eeprom_autofocus_calibration_claf:173 KSY Kernel original macro hall : 9600, inf hall : -12800, macro_mecha 16800, vcm_type 66
01-05 18:29:47.789   513 16551 E mm-camera-sdk: eeprom_autofocus_calibration_claf:178 KSY AF_algorithm convert macro hall : 350, inf hall : 0, total_rangetomacro : 0, offset_value_pplus_mtm : 0
01-05 18:29:47.789   513 16551 E mm-camera: ois_init:305start: ois_init
01-05 18:29:47.791   513 16551 E mm-camera: ois_init:372done: ois_init
01-05 18:29:47.791   513 16551 E mm-camera-sensor: proxy_init:71name = LD_AF
01-05 18:29:47.791   513 16551 E mm-camera-sensor: sensor_proxy_on:151enter
01-05 18:29:47.791   513 16574 E mm-camera: ois_thread:201ois thread is running
01-05 18:29:47.813   513 16554 E Sensors : devname: /dev/input/event2
01-05 18:29:47.808 16554 16554 W CAM_startstats: type=1400 audit(0.0:1426): avc: granted { read } for name="event2" dev="tmpfs" ino=11407 scontext=u:r:init:s0 tcontext=u:object_r:input_device:s0 tclass=chr_file
01-05 18:29:47.808 16554 16554 W CAM_startstats: type=1400 audit(0.0:1427): avc: granted { read open } for path="/dev/input/event2" dev="tmpfs" ino=11407 scontext=u:r:init:s0 tcontext=u:object_r:input_device:s0 tclass=chr_file
01-05 18:29:47.817   513 16551 E mm-camera-sensor: sensor_proxy_thread_on:198enter
01-05 18:29:47.818   513 16551 E mm-camera: module_sensor_init_session:1412tcs_sensor init Enter **
01-05 18:29:47.853   513 16551 E mm-camera-sensor: tcs_thread_create:291tcs_thread, thread_id 0
01-05 18:29:47.855   513 16551 E mm-camera: module_sensor_start_session:1684SUCCESS
01-05 18:29:47.855   513 16551 D mm-camera: mct: mct_pipeline_start_session_thread: X imglib
01-05 18:29:47.856 16554 16554 W CAM_startstats: type=1400 audit(0.0:1428): avc: granted { read } for name="event0" dev="tmpfs" ino=10767 scontext=u:r:init:s0 tcontext=u:object_r:input_device:s0 tclass=chr_file
01-05 18:29:47.856 16554 16554 W CAM_startstats: type=1400 audit(0.0:1429): avc: granted { read open } for path="/dev/input/event0" dev="tmpfs" ino=10767 scontext=u:r:init:s0 tcontext=u:object_r:input_device:s0 tclass=chr_file
01-05 18:29:47.860   513 16554 E Sensors : devname: /dev/input/event0
01-05 18:29:47.897   513 16554 E Sensors : devname: /dev/input/event1
01-05 18:29:47.892 16554 16554 W CAM_startstats: type=1400 audit(0.0:1430): avc: granted { read } for name="event1" dev="tmpfs" ino=10748 scontext=u:r:init:s0 tcontext=u:object_r:input_device:s0 tclass=chr_file
01-05 18:29:47.892 16554 16554 W CAM_startstats: type=1400 audit(0.0:1431): avc: granted { read open } for path="/dev/input/event1" dev="tmpfs" ino=10748 scontext=u:r:init:s0 tcontext=u:object_r:input_device:s0 tclass=chr_file
01-05 18:29:47.929   513 16554 E Sensors : devname: /dev/input/mice
01-05 18:29:47.924 16554 16554 W CAM_startstats: type=1400 audit(0.0:1432): avc: granted { read } for name="mice" dev="tmpfs" ino=10747 scontext=u:r:init:s0 tcontext=u:object_r:input_device:s0 tclass=chr_file
01-05 18:29:47.924 16554 16554 W CAM_startstats: type=1400 audit(0.0:1433): avc: granted { read open } for path="/dev/input/mice" dev="tmpfs" ino=10747 scontext=u:r:init:s0 tcontext=u:object_r:input_device:s0 tclass=chr_file
01-05 18:29:47.960   513 16554 E Sensors : couldn't find 'STM VL53L0 proximity sensor' input device
01-05 18:29:47.960   513 16554 E Sensors : ProximitySensor::ProximitySensor gets called!
01-05 18:29:47.960   513 16554 E Sensors : ProximitySensor: input_name:, input_sysfs_path:/sys/class/input/input
01-05 18:29:47.961   513 16554 E Sensors : ProximitySensor::enable function called for stmvl53L0!
01-05 18:29:47.961   513 16554 E Sensors : ProximitySensor::enable filename:/sys/class/input/input/enable_ps_sensor
01-05 18:29:47.961   513 16554 E Sensors : ProximitySensor::enable: Failed to open file descriptor for enabling VL53L0
01-05 18:29:47.961   513 16554 E Sensors : ProximitySensor::enable: Attempted to open file /sys/class/input/input/enable_ps_sensor. Error: -1
01-05 18:29:47.961   513 16554 E Sensors : open_sensors gets called!
01-05 18:29:47.961   513 16554 E Sensors : is_tof_sensor_available() called
01-05 18:29:47.962   513 16554 E Sensors : devname: /dev/input/event4
01-05 18:29:47.981   513 16554 E Sensors : devname: /dev/input/event3
01-05 18:29:48.019  5184  5614 I CameraManagerGlobal: Connecting to camera service
01-05 18:29:48.022  5184  5614 E CameraManagerGlobal: Camera service is unavailable
01-05 18:29:48.022   513 16554 E Sensors : devname: /dev/input/event2
01-05 18:29:48.081   513 16554 E Sensors : devname: /dev/input/event0
01-05 18:29:48.104   513 16574 E mm-camera: ois_thread:239done : ois initialization
01-05 18:29:48.128   513 16554 E Sensors : devname: /dev/input/event1
01-05 18:29:48.181   513 16554 E Sensors : devname: /dev/input/mice
01-05 18:29:48.212   513 16554 E Sensors : No Tof sensor found!!!
01-05 18:29:48.212   513 16554 E mm-camera: sensor_laser_init:164  0 sensor supported
01-05 18:29:48.214   513 16554 E mm-camera: gyro_port_init:1404  Failure initializing laser sensor. Error: 4
01-05 18:29:48.214   513 16554 I CAMERA_SENSOR: start_accel_sensor
01-05 18:29:48.214   513 16554 E mm-camera: start_accel_sensor: sensor1_open E
01-05 18:29:48.216   513 16554 E mm-camera: start_accel_sensor: sensor1_open X, res = 0
01-05 18:29:48.222   513 16580 I CAMERA_SENSOR: accel_data_cb received RESP - SNS_SMGR_REPORT_RESP_V01
01-05 18:29:48.223   513 16554 D mm-camera: mct: mct_pipeline_start_session_thread: X imglib
01-05 18:29:48.223   513   513 E mm-camera: sensor_get_cur_chromatix_name:2577Error: Load default preview chroamtix
01-05 18:29:48.223   513   513 E mm-camera-sensor: chromatix_load_library_ex : chromatix = libchromatix_imx234_snapshot_open.so , lib name = /system/vendor/lib/libchromatix_imx234_snapshot_open.so
01-05 18:29:48.224   513   513 E mm-camera-sensor: chromatix_load_library_ex : chromatix = libchromatix_imx234_snapshot_open.so , lib name = /system/vendor/lib/libchromatix_imx234_snapshot_open.so
01-05 18:29:48.224   513   513 E mm-camera-sensor: chromatix_load_library_ex : chromatix = libchromatix_imx234_common_open.so , lib name = /system/vendor/lib/libchromatix_imx234_common_open.so
01-05 18:29:48.224   513   513 E mm-camera-sensor: chromatix_load_library_ex : chromatix = libchromatix_imx234_cpp_snapshot_open.so , lib name = /system/vendor/lib/libchromatix_imx234_cpp_snapshot_open.so
01-05 18:29:48.226   513   513 E mm-camera-sensor: chromatix_load_library_ex : chromatix = libchromatix_imx234_cpp_snapshot_open.so , lib name = /system/vendor/lib/libchromatix_imx234_cpp_snapshot_open.so
01-05 18:29:48.226   513   513 E mm-camera-sensor: chromatix_load_library_ex : chromatix = libchromatix_imx234_cpp_flash_snapshot_open.so , lib name = /system/vendor/lib/libchromatix_imx234_cpp_flash_snapshot_open.so
01-05 18:29:48.227   513   513 E mm-camera-sensor: chromatix_load_library_ex : chromatix = libchromatix_imx234_cpp_video_open.so , lib name = /system/vendor/lib/libchromatix_imx234_cpp_video_open.so
01-05 18:29:48.227   513   513 E mm-camera-sensor: chromatix_load_library_ex : chromatix = libchromatix_imx234_postproc_open.so , lib name = /system/vendor/lib/libchromatix_imx234_postproc_open.so
01-05 18:29:48.229   513   513 E mm-camera-isp2: isp_resource_query_mod:145 num_isp_preallocate 1 num_session_opened 1 dual_vfe_enabled 0
01-05 18:29:48.229   513   513 E mm-camera: module_faceproc_query_mod:1996] Caps ROI 5 scene_mode_cnt 1 HW analysis supported 0
01-05 18:29:48.229   513   513 E hdr     : module_hdr_lib_query_mod:181] Supported scenemode cnt 2
01-05 18:29:48.230   513   513 D mm-camera: mct: mct_pipeline_process_set:command=800000a
01-05 18:29:48.230   513   513 D mm-camera: mct: mct_pipeline_process_set: Adding new stream: id [0f]
01-05 18:29:48.230   513   513 D mm-camera: mct: mct_pipeline_process_set:command=8000012
01-05 18:29:48.230   513   513 D mm-camera: mct: mct_stream_start_link: Start linking Session-stream 0x1000f
01-05 18:29:48.230   513   513 I mm-camera: module_iface_set_mod_func: set module type = 8, identity 1000f
01-05 18:29:48.233   513   513 E mm-camera: isp_port_check_caps_reserve:737 port 0xeb661ac0 ide 1000f type 10 dim 0 0
01-05 18:29:48.235   513   513 E mm-camera: int_link = 0xeb6640e0
01-05 18:29:48.235   513   513 I mm-camera: pproc_port_add_modules_to_stream:433, linking mods tmod and c2d
01-05 18:29:48.241   513   513 I mm-camera: pproc_port_add_modules_to_stream:433, linking mods c2d and cpp
01-05 18:29:48.241   513   513 E mm-camera: Interleaved flag is 0, identity 65551 port type 0
01-05 18:29:48.241   513   513 I mm-camera: pproc_port_add_modules_to_stream:433, linking mods cpp and afs
01-05 18:29:48.241   513   513 I mm-camera: pproc_port_add_modules_to_stream:433, linking mods afs and llvd
01-05 18:29:48.242   513   513 I mm-camera: pproc_port_add_modules_to_stream:433, linking mods llvd and ezt
01-05 18:29:48.242   513   513 E mm-camera: pproc_port_add_modules_to_stream:454] X rc: 1
01-05 18:29:48.268   513   513 D mm-camera: mct: mct_pipeline_process_set: Linking successful for stream 0x1000f stream type=10
01-05 18:29:48.278   513 16589 E mm-camera: mct: mct_pipeline_populate_query_cap_buffer: 3A VERSION:: 4.1.0.r2
01-05 18:29:48.278   513 16589 D mm-camera: mct: Cam 0: FPS range selection complete. Publishing 6 ranges.
01-05 18:29:48.282   513 16589 D mm-camera: mct: mct_pipeline_process_set:command=800000b
01-05 18:29:48.282   513 16589 E mm-camera: mct: mct_pipeline_process_set:2966: Couldn't find stream id: 0
01-05 18:29:48.283   513   513 D mm-camera: mct: mct_controller_destroy: Initiating destroy sequence
01-05 18:29:48.284   513 16590 D mm-camera: mct: mct_bus_handler_thread_run: Force Exit
01-05 18:29:48.284 16538 16538 D QCamera3HWI: int qcamera::lookupFwkName(const mapType*, size_t, halType) [with halType = cam_effect_mode_type; mapType = qcamera::QCamera3HardwareInterface::QCameraMap<camera_metadata_enum_android_control_effect_mode, cam_effect_mode_type>; size_t = unsigned int]: Cannot find matching framework type
01-05 18:29:48.284 16538 16538 I chatty  : uid=1047(cameraserver) /system/bin/cameraserver identical 1 line
01-05 18:29:48.284 16538 16538 D QCamera3HWI: int qcamera::lookupFwkName(const mapType*, size_t, halType) [with halType = cam_effect_mode_type; mapType = qcamera::QCamera3HardwareInterface::QCameraMap<camera_metadata_enum_android_control_effect_mode, cam_effect_mode_type>; size_t = unsigned int]: Cannot find matching framework type
01-05 18:29:48.284 16538 16538 D QCamera3HWI: int qcamera::lookupFwkName(const mapType*, size_t, halType) [with halType = cam_scene_mode_type; mapType = qcamera::QCamera3HardwareInterface::QCameraMap<camera_metadata_enum_android_control_scene_mode, cam_scene_mode_type>; size_t = unsigned int]: Cannot find matching framework type
01-05 18:29:48.284 16538 16538 I chatty  : uid=1047(cameraserver) /system/bin/cameraserver identical 1 line
01-05 18:29:48.284 16538 16538 D QCamera3HWI: int qcamera::lookupFwkName(const mapType*, size_t, halType) [with halType = cam_scene_mode_type; mapType = qcamera::QCamera3HardwareInterface::QCameraMap<camera_metadata_enum_android_control_scene_mode, cam_scene_mode_type>; size_t = unsigned int]: Cannot find matching framework type
01-05 18:29:48.284   513   513 D mm-camera: mct: mct_controller_destroy: bus_handler thread closed
01-05 18:29:48.284 16538 16538 D QCamera3HWI: int qcamera::lookupFwkName(const mapType*, size_t, halType) [with halType = cam_scene_mode_type; mapType = qcamera::QCamera3HardwareInterface::QCameraMap<camera_metadata_enum_android_control_scene_mode, cam_scene_mode_type>; size_t = unsigned int]: Cannot find matching framework type
01-05 18:29:48.284   513   513 D mm-camera: mct: mct_pipeline_stop_session - E
01-05 18:29:48.284 16538 16538 D QCamera3HWI: int qcamera::lookupFwkName(const mapType*, size_t, halType) [with halType = cam_scene_mode_type; mapType = qcamera::QCamera3HardwareInterface::QCameraMap<camera_metadata_enum_android_control_scene_mode, cam_scene_mode_type>; size_t = unsigned int]: Cannot find matching framework type
01-05 18:29:48.284   513   513 D mm-camera: mct: mct_pipeline_process_set:command=800000b
01-05 18:29:48.284 16538 16538 D QCamera3HWI: int qcamera::lookupFwkName(const mapType*, size_t, halType) [with halType = cam_focus_mode_type; mapType = qcamera::QCamera3HardwareInterface::QCameraMap<camera_metadata_enum_android_control_af_mode, cam_focus_mode_type>; size_t = unsigned int]: Cannot find matching framework type
01-05 18:29:48.284   513   513 D mm-camera: mct: mct_pipeline_process_set: Issuing DEL_STREAM on stream 0x1000f and stream type=10
01-05 18:29:48.284 16538 16538 D QCamera3HWI: int qcamera::lookupFwkName(const mapType*, size_t, halType) [with halType = cam_focus_mode_type; mapType = qcamera::QCamera3HardwareInterface::QCameraMap<camera_metadata_enum_android_control_af_mode, cam_focus_mode_type>; size_t = unsigned int]: Cannot find matching framework type
01-05 18:29:48.284   513   513 E mm-camera: port_iface_ext_unlink_func: E, identity = 0x1000f, port = 0xeb923620, direction = 2
01-05 18:29:48.284 16538 16538 D QCamera3HWI: int qcamera::lookupFwkName(const mapType*, size_t, halType) [with halType = cam_wb_mode_type; mapType = qcamera::QCamera3HardwareInterface::QCameraMap<camera_metadata_enum_android_control_awb_mode, cam_wb_mode_type>; size_t = unsigned int]: Cannot find matching framework type
01-05 18:29:48.284   513   513 E mm-camera: port_iface_check_caps_unreserve_func:  E, identity = 0x1000f, port = 0xeb923620, direction = 2
01-05 18:29:48.285   513   513 E mm-camera: iface_unreserve_sink_port: stream_id f mode 0 
01-05 18:29:48.285   513   513 E mm-camera: port_iface_ext_unlink_func: E, identity = 0x1000f, port = 0xeb923920, direction = 1
01-05 18:29:48.285   513   513 E mm-camera: iface_ext_unlink_src_port: mct stream already removed from hw stream
01-05 18:29:48.285   513   513 E mm-camera: port_iface_check_caps_unreserve_func:  E, identity = 0x1000f, port = 0xeb923920, direction = 1
01-05 18:29:48.285 16538 16538 E Camera2-Metadata: Update metadata entry: Unknown tag -2147352575
01-05 18:29:48.285   513   513 E mm-camera: isp_port_check_caps_unreserve:826 ide 1000f port 0xeb661ac0
01-05 18:29:48.285 16538 16538 E Camera2-Metadata: Update metadata entry: Unknown tag -2147352576
01-05 18:29:48.299   513   513 E mm-camera: module_afs_port_check_caps_unreserve:1524] 
01-05 18:29:48.299   513   513 E mm-camera: module_afs_port_check_caps_unreserve:1532] destroy client
01-05 18:29:48.299   513   513 E mm-camera: module_imgbase_port_release_client_llvd:1553] 
01-05 18:29:48.300   513   513 E mm-camera: q3a_thread_af_stop:1019  q3a_thread_af_stop:1019 MSG_STOP_THREAD
01-05 18:29:48.308   513   513 E mm-camera: stats_port_delete_reserved_stream:2602  stats_port_delete_reserved_stream:2602: going to NULL peer
01-05 18:29:48.308   513   513 D mm-camera: mct: mct_pipeline_process_set: Stream 0x1000f and stream type=10, successfully deleted
01-05 18:29:48.309   513 16593 D mm-camera: mct: mct_pipeline_stop_session_thread: Stop module name: sensor - E
01-05 18:29:48.309   513 16593 E mm-camera: module_sensor_deinit_session:1545trying to delete thread
01-05 18:29:48.309   513 16593 E mm-camera-sensor: proxy_thread_delete:259p_thread,trying to delete thread
01-05 18:29:48.309   513 16593 E mm-camera-sensor: send_thread_exit_msg:219p_thread, exit_thread 0
01-05 18:29:48.309   513 16593 E mm-camera-sensor: send_thread_exit_msg:223p_thread, exit_thread 1
01-05 18:29:48.310   513 16593 E mm-camera: module_sensor_deinit_session:1547proxy_thread_deleted!
01-05 18:29:48.311   513 16593 E mm-camera: module_sensor_deinit_session:1551try to stop proxy kernel workqueue!
01-05 18:29:48.311   513 16593 E mm-camera-sensor: sensor_proxy_thread_off:215enter
01-05 18:29:48.311   513 16596 D mm-camera: mct: mct_pipeline_stop_session_thread: Stop module name: iface - E
01-05 18:29:48.313   513 16596 D mm-camera: mct: mct_pipeline_stop_session_thread: Stop module name: iface - X
01-05 18:29:48.314   513 16593 E mm-camera: module_sensor_deinit_session:1567trying to delete thread
01-05 18:29:48.314   513 16593 E mm-camera-sensor: tcs_thread_delete:303tcs_thread, trying to delete thread
01-05 18:29:48.315   513 16597 D mm-camera: mct: mct_pipeline_stop_session_thread: Stop module name: isp - E
01-05 18:29:48.315   513 16597 E mm-camera-isp2: isp_module_stop_session:414 session id 1
01-05 18:29:48.315   513 16593 E mm-camera: module_sensor_deinit_session:1569tcs_thread_deleted!
01-05 18:29:48.315   513 16593 E mm-camera: module_sensor_deinit_session:1571try to stop tcs kernel workqueue!
01-05 18:29:48.315   513 16598 D mm-camera: mct: mct_pipeline_stop_session_thread: Stop module name: stats - E
01-05 18:29:48.321   513 16599 D mm-camera: mct: mct_pipeline_stop_session_thread: Stop module name: pproc - E
01-05 18:29:48.324   513   513 D mm-camera: mct: mct_pipeline_stop_session: left modules: 5
01-05 18:29:48.325   513 16593 E mm-camera-sensor: proxy_power_down:47enter
01-05 18:29:48.325   513 16600 D mm-camera: mct: mct_pipeline_stop_session_thread: Stop module name: imglib - E
01-05 18:29:48.325   513 16600 E mm-camera: module_faceproc_stop_session:1885] session cnt 1
01-05 18:29:48.330   513 16597 D mm-camera: mct: mct_pipeline_stop_session_thread: Stop module name: isp - X
01-05 18:29:48.331   513   513 D mm-camera: mct: mct_pipeline_stop_session: left modules: 4
01-05 18:29:48.332   513 16598 E mm-camera: gyro_port_deinit:1446  gyro_port_deinit: Error in android Deinit
01-05 18:29:48.332   513 16598 I CAMERA_SENSOR: stop_accel_sensor
01-05 18:29:48.337   513 16599 E mm-camera-pp: [INFO] base_module_stop_session:98, E, session=1
01-05 18:29:48.340   513 16599 E mm-camera-pp: [INFO] base_module_stop_session:98, E, session=1
01-05 18:29:48.343   513 16600 D mm-camera: mct: mct_pipeline_stop_session_thread: Stop module name: imglib - X
01-05 18:29:48.343   513 16599 D mm-camera: mct: mct_pipeline_stop_session_thread: Stop module name: pproc - X
01-05 18:29:48.343   513   513 D mm-camera: mct: mct_pipeline_stop_session: left modules: 3
01-05 18:29:48.343   513   513 D mm-camera: mct: mct_pipeline_stop_session: left modules: 2
01-05 18:29:48.360   513 16580 I CAMERA_SENSOR: accel_data_cb received RESP - SNS_SMGR_CANCEL_RESP_V01
01-05 18:29:48.360   513 16598 D mm-camera: mct: mct_pipeline_stop_session_thread: Stop module name: stats - X
01-05 18:29:48.361   513   513 D mm-camera: mct: mct_pipeline_stop_session: left modules: 1
01-05 18:29:48.378   513 16593 E mm-camera: sensor_close:4609ctrl->isStreaming make false
01-05 18:29:48.381   513 16593 D mm-camera: mct: mct_pipeline_stop_session_thread: Stop module name: sensor - X
01-05 18:29:48.381   513   513 D mm-camera: mct: mct_pipeline_stop_session: left modules: 0
01-05 18:29:48.381   513   513 D mm-camera: mct: mct_pipeline_stop_session - X
01-05 18:29:48.381   513   513 D mm-camera: mct: mct_pipeline_destroy E: session:1 
01-05 18:29:48.383   513   513 D mm-camera: mct: mct_pipeline_destroy X: Pipeline destroyed successfully
01-05 18:29:48.383   513   513 D mm-camera: mct: mct_controller_destroy: X Successfully closed mct_controller
01-05 18:29:48.384   513   513 D mm-camera: mct: mct_controller_new: Creating new mct_controller with session-id 2
01-05 18:29:48.386   513 16602 D mm-camera: mct: mct_pipeline_start_session_thread: E sensor
01-05 18:29:48.393   513 16603 D mm-camera: mct: mct_pipeline_start_session_thread: E iface
01-05 18:29:48.394   513 16604 D mm-camera: mct: mct_pipeline_start_session_thread: E isp
01-05 18:29:48.394   513 16604 E mm-camera-isp2: isp_module_start_session:178 session id 2
01-05 18:29:48.400   513 16603 D mm-camera: mct: mct_pipeline_start_session_thread: X stats
01-05 18:29:48.404   513 16606 D mm-camera: mct: mct_pipeline_start_session_thread: E stats
01-05 18:29:48.408   513 16607 D mm-camera: mct: mct_pipeline_start_session_thread: E pproc
01-05 18:29:48.425   513 16608 D mm-camera: mct: mct_pipeline_start_session_thread: E imglib
01-05 18:29:48.432   513 16608 E mm-camera: module_faceproc_start_session:1844] session cnt 1
01-05 18:29:48.437   513 16606 E mm-camera: tcc_init: TCC ver.150418a
01-05 18:29:48.447   513 16608 D mm-camera: mct: mct_pipeline_start_session_thread: X imglib
01-05 18:29:48.456   513 16604 E mm-camera-isp2: isp_module_start_session:347 num_session_opened 1
01-05 18:29:48.457   513 16604 D mm-camera: mct: mct_pipeline_start_session_thread: X imglib
01-05 18:29:48.463   513 16606 E mm-camera: sensor_laser_init:144  HW module: id: sensors name: STMicroelectronics VL53L0 sensor module
01-05 18:29:48.464   513 16606 E Sensors : openInput
01-05 18:29:48.464   513 16606 E Sensors : devname: /dev/input/event4
01-05 18:29:48.470   513 16602 E mm-camera: module_sensor_init_session:1245eeprom_name = t4ka3_eeprom
01-05 18:29:48.485   513 16606 E Sensors : devname: /dev/input/event3
01-05 18:29:48.488   513 16607 E mm-camera-pp: [INFO] base_module_start_session:91, E, session=2
01-05 18:29:48.489   513 16607 E mm-camera-pp: [INFO] base_module_start_session:91, E, session=2
01-05 18:29:48.489   513 16607 D mm-camera: mct: mct_pipeline_start_session_thread: X imglib
01-05 18:29:48.500   513 16606 E Sensors : devname: /dev/input/event2
01-05 18:29:48.511   513 16602 E mm-camera: module_sensor_init_session:1277flash subdev id = -1
01-05 18:29:48.512   513 16602 E mm-camera: module_sensor_start_session:1684SUCCESS
01-05 18:29:48.512   513 16602 D mm-camera: mct: mct_pipeline_start_session_thread: X imglib
01-05 18:29:48.536   513 16606 E Sensors : devname: /dev/input/event0
01-05 18:29:48.565   513 16606 E Sensors : devname: /dev/input/event1
01-05 18:29:48.580   513 16606 E Sensors : devname: /dev/input/mice
01-05 18:29:48.624   513 16606 E Sensors : couldn't find 'STM VL53L0 proximity sensor' input device
01-05 18:29:48.624   513 16606 E Sensors : ProximitySensor::ProximitySensor gets called!
01-05 18:29:48.624   513 16606 E Sensors : ProximitySensor: input_name:, input_sysfs_path:/sys/class/input/input
01-05 18:29:48.624   513 16606 E Sensors : ProximitySensor::enable function called for stmvl53L0!
01-05 18:29:48.625   513 16606 E Sensors : ProximitySensor::enable filename:/sys/class/input/input/enable_ps_sensor
01-05 18:29:48.625   513 16606 E Sensors : ProximitySensor::enable: Failed to open file descriptor for enabling VL53L0
01-05 18:29:48.625   513 16606 E Sensors : ProximitySensor::enable: Attempted to open file /sys/class/input/input/enable_ps_sensor. Error: -1
01-05 18:29:48.625   513 16606 E Sensors : open_sensors gets called!
01-05 18:29:48.625   513 16606 E Sensors : is_tof_sensor_available() called
01-05 18:29:48.625   513 16606 E Sensors : devname: /dev/input/event4
01-05 18:29:48.648   513 16606 E Sensors : devname: /dev/input/event3
01-05 18:29:48.676 16606 16606 W CAM_startstats: type=1400 audit(0.0:1477): avc: granted { read } for name="event2" dev="tmpfs" ino=11407 scontext=u:r:init:s0 tcontext=u:object_r:input_device:s0 tclass=chr_file
01-05 18:29:48.676 16606 16606 W CAM_startstats: type=1400 audit(0.0:1478): avc: granted { read open } for path="/dev/input/event2" dev="tmpfs" ino=11407 scontext=u:r:init:s0 tcontext=u:object_r:input_device:s0 tclass=chr_file
01-05 18:29:48.683   513 16606 E Sensors : devname: /dev/input/event2
01-05 18:29:48.736   513 16606 E Sensors : devname: /dev/input/event0
01-05 18:29:48.732 16606 16606 W CAM_startstats: type=1400 audit(0.0:1479): avc: granted { read } for name="event0" dev="tmpfs" ino=10767 scontext=u:r:init:s0 tcontext=u:object_r:input_device:s0 tclass=chr_file
01-05 18:29:48.732 16606 16606 W CAM_startstats: type=1400 audit(0.0:1480): avc: granted { read open } for path="/dev/input/event0" dev="tmpfs" ino=10767 scontext=u:r:init:s0 tcontext=u:object_r:input_device:s0 tclass=chr_file
01-05 18:29:48.788   513 16606 E Sensors : devname: /dev/input/event1
01-05 18:29:48.784 16606 16606 W CAM_startstats: type=1400 audit(0.0:1481): avc: granted { read } for name="event1" dev="tmpfs" ino=10748 scontext=u:r:init:s0 tcontext=u:object_r:input_device:s0 tclass=chr_file
01-05 18:29:48.808   513 16606 E Sensors : devname: /dev/input/mice
01-05 18:29:48.804 16606 16606 W CAM_startstats: type=1400 audit(0.0:1483): avc: granted { read } for name="mice" dev="tmpfs" ino=10747 scontext=u:r:init:s0 tcontext=u:object_r:input_device:s0 tclass=chr_file
01-05 18:29:48.836   513 16606 E Sensors : No Tof sensor found!!!
01-05 18:29:48.836   513 16606 E mm-camera: sensor_laser_init:164  0 sensor supported
01-05 18:29:48.838   513 16606 E mm-camera: gyro_port_init:1404  Failure initializing laser sensor. Error: 4
01-05 18:29:48.838   513 16606 I CAMERA_SENSOR: start_accel_sensor
01-05 18:29:48.838   513 16606 E mm-camera: start_accel_sensor: sensor1_open E
01-05 18:29:48.841   513 16606 E mm-camera: start_accel_sensor: sensor1_open X, res = 0
01-05 18:29:48.847   513 16626 I CAMERA_SENSOR: accel_data_cb received RESP - SNS_SMGR_REPORT_RESP_V01
01-05 18:29:48.849   513   513 E mm-camera: module_sensor_query_mod:7021led flash is not supported for this sensor.
01-05 18:29:48.849   513   513 E mm-camera: sensor_get_cur_chromatix_name:2577Error: Load default preview chroamtix
01-05 18:29:48.849   513   513 E mm-camera-sensor: chromatix_load_library_ex : chromatix = libchromatix_t4ka3_snapshot_open.so , lib name = /system/vendor/lib/libchromatix_t4ka3_snapshot_open.so
01-05 18:29:48.850   513   513 E mm-camera-sensor: chromatix_load_library_ex : chromatix = libchromatix_t4ka3_snapshot_open.so , lib name = /system/vendor/lib/libchromatix_t4ka3_snapshot_open.so
01-05 18:29:48.850   513   513 E mm-camera-sensor: chromatix_load_library_ex : chromatix = libchromatix_t4ka3_common_open.so , lib name = /system/vendor/lib/libchromatix_t4ka3_common_open.so
01-05 18:29:48.851   513   513 E mm-camera-sensor: chromatix_load_library_ex : chromatix = libchromatix_t4ka3_cpp_snapshot_open.so , lib name = /system/vendor/lib/libchromatix_t4ka3_cpp_snapshot_open.so
01-05 18:29:48.851   513   513 E mm-camera-sensor: chromatix_load_library_ex : chromatix = libchromatix_t4ka3_cpp_snapshot_open.so , lib name = /system/vendor/lib/libchromatix_t4ka3_cpp_snapshot_open.so
01-05 18:29:48.851   513   513 E mm-camera-sensor: chromatix_load_library_ex : chromatix = libchromatix_t4ka3_cpp_video_open.so , lib name = /system/vendor/lib/libchromatix_t4ka3_cpp_video_open.so
01-05 18:29:48.852   513   513 E mm-camera-sensor: chromatix_load_library_ex : chromatix = libchromatix_t4ka3_postproc_open.so , lib name = /system/vendor/lib/libchromatix_t4ka3_postproc_open.so
01-05 18:29:48.852   513 16606 D mm-camera: mct: mct_pipeline_start_session_thread: X imglib
01-05 18:29:48.853   513   513 E mm-camera-isp2: isp_resource_query_mod:145 num_isp_preallocate 1 num_session_opened 1 dual_vfe_enabled 0
01-05 18:29:48.853   513   513 E mm-camera: module_faceproc_query_mod:1996] Caps ROI 5 scene_mode_cnt 1 HW analysis supported 0
01-05 18:29:48.854   513   513 E hdr     : module_hdr_lib_query_mod:181] Supported scenemode cnt 2
01-05 18:29:48.854   513   513 D mm-camera: mct: mct_pipeline_process_set:command=800000a
01-05 18:29:48.854   513   513 D mm-camera: mct: mct_pipeline_process_set: Adding new stream: id [0f]
01-05 18:29:48.854   513   513 D mm-camera: mct: mct_pipeline_process_set:command=8000012
01-05 18:29:48.854   513   513 D mm-camera: mct: mct_stream_start_link: Start linking Session-stream 0x2000f
01-05 18:29:48.854   513   513 I mm-camera: module_iface_set_mod_func: set module type = 8, identity 2000f
01-05 18:29:48.855   513   513 E mm-camera-sensor: port_sensor_caps_reserve:86session id doesn't match
01-05 18:29:48.855   513   513 E mm-camera: isp_port_check_caps_reserve:737 port 0xeb661ac0 ide 2000f type 10 dim 0 0
01-05 18:29:48.855   513   513 E mm-camera: int_link = 0xeb6640e0
01-05 18:29:48.855   513   513 I mm-camera: pproc_port_add_modules_to_stream:433, linking mods tmod and c2d
01-05 18:29:48.852   513   513 W mm-qcamera-daem: type=1400 audit(0.0:1485): avc: granted { read } for name="kgsl-3d0" dev="tmpfs" ino=10713 scontext=u:r:init:s0 tcontext=u:object_r:gpu_device:s0 tclass=chr_file
01-05 18:29:48.856 16628 16628 W mm-qcamera-daem: type=1400 audit(0.0:1490): avc: granted { read } for path="/dev/kgsl-3d0" dev="tmpfs" ino=10713 scontext=u:r:init:s0 tcontext=u:object_r:gpu_device:s0 tclass=chr_file
01-05 18:29:48.862   513   513 I mm-camera: pproc_port_add_modules_to_stream:433, linking mods c2d and cpp
01-05 18:29:48.862   513   513 E mm-camera: Interleaved flag is 0, identity 131087 port type 0
01-05 18:29:48.862   513   513 I mm-camera: pproc_port_add_modules_to_stream:433, linking mods cpp and afs
01-05 18:29:48.862   513   513 I mm-camera: pproc_port_add_modules_to_stream:433, linking mods afs and llvd
01-05 18:29:48.856   513   513 W mm-qcamera-daem: type=1400 audit(0.0:1491): avc: granted { read } for name="ion" dev="tmpfs" ino=11414 scontext=u:r:init:s0 tcontext=u:object_r:ion_device:s0 tclass=chr_file
01-05 18:29:48.863   513   513 I mm-camera: pproc_port_add_modules_to_stream:433, linking mods llvd and ezt
01-05 18:29:48.863   513   513 E mm-camera: pproc_port_add_modules_to_stream:454] X rc: 1
01-05 18:29:48.856   513   513 W mm-qcamera-daem: type=1400 audit(0.0:1492): avc: granted { read open } for path="/dev/ion" dev="tmpfs" ino=11414 scontext=u:r:init:s0 tcontext=u:object_r:ion_device:s0 tclass=chr_file
01-05 18:29:48.887   513   513 D mm-camera: mct: mct_pipeline_process_set: Linking successful for stream 0x2000f stream type=10
01-05 18:29:48.896   513 16635 E mm-camera: mct: mct_pipeline_populate_query_cap_buffer: 3A VERSION:: 4.1.0.r2
01-05 18:29:48.897   513 16635 D mm-camera: mct: Cam 1: FPS range selection complete. Publishing 4 ranges.
01-05 18:29:48.901   513 16635 D mm-camera: mct: mct_pipeline_process_set:command=800000b
01-05 18:29:48.901   513 16635 E mm-camera: mct: mct_pipeline_process_set:2966: Couldn't find stream id: 0
01-05 18:29:48.901   513   513 D mm-camera: mct: mct_controller_destroy: Initiating destroy sequence
01-05 18:29:48.902 16538 16538 D QCamera3HWI: int qcamera::lookupFwkName(const mapType*, size_t, halType) [with halType = cam_effect_mode_type; mapType = qcamera::QCamera3HardwareInterface::QCameraMap<camera_metadata_enum_android_control_effect_mode, cam_effect_mode_type>; size_t = unsigned int]: Cannot find matching framework type
01-05 18:29:48.902 16538 16538 I chatty  : uid=1047(cameraserver) /system/bin/cameraserver identical 1 line
01-05 18:29:48.902 16538 16538 D QCamera3HWI: int qcamera::lookupFwkName(const mapType*, size_t, halType) [with halType = cam_effect_mode_type; mapType = qcamera::QCamera3HardwareInterface::QCameraMap<camera_metadata_enum_android_control_effect_mode, cam_effect_mode_type>; size_t = unsigned int]: Cannot find matching framework type
01-05 18:29:48.900 16628 16628 W mm-qcamera-daem: type=1400 audit(0.0:1493): avc: granted { read } for path="/dev/kgsl-3d0" dev="tmpfs" ino=10713 scontext=u:r:init:s0 tcontext=u:object_r:gpu_device:s0 tclass=chr_file
01-05 18:29:48.902 16538 16538 D QCamera3HWI: int qcamera::lookupFwkName(const mapType*, size_t, halType) [with halType = cam_scene_mode_type; mapType = qcamera::QCamera3HardwareInterface::QCameraMap<camera_metadata_enum_android_control_scene_mode, cam_scene_mode_type>; size_t = unsigned int]: Cannot find matching framework type
01-05 18:29:48.902   513 16636 D mm-camera: mct: mct_bus_handler_thread_run: Force Exit
01-05 18:29:48.902 16538 16538 D QCamera3HWI: int qcamera::lookupFwkName(const mapType*, size_t, halType) [with halType = cam_scene_mode_type; mapType = qcamera::QCamera3HardwareInterface::QCameraMap<camera_metadata_enum_android_control_scene_mode, cam_scene_mode_type>; size_t = unsigned int]: Cannot find matching framework type
01-05 18:29:48.902 16538 16538 I chatty  : uid=1047(cameraserver) /system/bin/cameraserver identical 2 lines
01-05 18:29:48.902 16538 16538 D QCamera3HWI: int qcamera::lookupFwkName(const mapType*, size_t, halType) [with halType = cam_scene_mode_type; mapType = qcamera::QCamera3HardwareInterface::QCameraMap<camera_metadata_enum_android_control_scene_mode, cam_scene_mode_type>; size_t = unsigned int]: Cannot find matching framework type
01-05 18:29:48.902   513   513 D mm-camera: mct: mct_controller_destroy: bus_handler thread closed
01-05 18:29:48.902   513   513 D mm-camera: mct: mct_pipeline_stop_session - E
01-05 18:29:48.902 16538 16538 D QCamera3HWI: int qcamera::lookupFwkName(const mapType*, size_t, halType) [with halType = cam_wb_mode_type; mapType = qcamera::QCamera3HardwareInterface::QCameraMap<camera_metadata_enum_android_control_awb_mode, cam_wb_mode_type>; size_t = unsigned int]: Cannot find matching framework type
01-05 18:29:48.902   513   513 D mm-camera: mct: mct_pipeline_process_set:command=800000b
01-05 18:29:48.902   513   513 D mm-camera: mct: mct_pipeline_process_set: Issuing DEL_STREAM on stream 0x2000f and stream type=10
01-05 18:29:48.903   513   513 E mm-camera: port_iface_ext_unlink_func: E, identity = 0x2000f, port = 0xeb923620, direction = 2
01-05 18:29:48.903 16538 16538 E Camera2-Metadata: Update metadata entry: Unknown tag -2147352575
01-05 18:29:48.903 16538 16538 E Camera2-Metadata: Update metadata entry: Unknown tag -2147352576
01-05 18:29:48.903   513   513 E mm-camera: port_iface_check_caps_unreserve_func:  E, identity = 0x2000f, port = 0xeb923620, direction = 2
01-05 18:29:48.903   513   513 E mm-camera: iface_unreserve_sink_port: stream_id f mode 0 
01-05 18:29:48.903   513   513 E mm-camera: port_iface_ext_unlink_func: E, identity = 0x2000f, port = 0xeb923920, direction = 1
01-05 18:29:48.903   513   513 E mm-camera: iface_ext_unlink_src_port: mct stream already removed from hw stream
01-05 18:29:48.904   513   513 E mm-camera: port_iface_check_caps_unreserve_func:  E, identity = 0x2000f, port = 0xeb923920, direction = 1
01-05 18:29:48.903 16538 16538 E LGCamera2HWI: void qcamera::n2pmInit() : Failed to load libn2pm.so
01-05 18:29:48.904   513   513 E mm-camera: isp_port_check_caps_unreserve:826 ide 2000f port 0xeb661ac0
01-05 18:29:48.917   513   513 E mm-camera: module_afs_port_check_caps_unreserve:1524] 
01-05 18:29:48.918   513   513 E mm-camera: module_afs_port_check_caps_unreserve:1532] destroy client
01-05 18:29:48.918   513   513 E mm-camera: module_imgbase_port_release_client_llvd:1553] 
01-05 18:29:48.918   513   513 E mm-camera: q3a_thread_af_stop:1019  q3a_thread_af_stop:1019 MSG_STOP_THREAD
01-05 18:29:48.918 16538 16538 I CamProvider@2.4-impl: Loaded "QCamera Module" camera module
01-05 18:29:48.920 16538 16538 I QCamera2Factory: :static int qcamera::QCamera2Factory::openLegacy(int32_t, uint32_t, hw_device_t**) openLegacy halVersion: 256
01-05 18:29:48.920 16538 16639 D QCameraStateMachine: static void* qcamera::QCameraStateMachine::smEvtProcRoutine(void*): E
01-05 18:29:48.921 16538 16538 D vndksupport: Loading /vendor/lib/hw/power.msm8992.so from current namespace instead of sphal namespace.
01-05 18:29:48.926   513   513 E mm-camera: stats_port_delete_reserved_stream:2602  stats_port_delete_reserved_stream:2602: going to NULL peer
01-05 18:29:48.926   513   513 D mm-camera: mct: mct_pipeline_process_set: Stream 0x2000f and stream type=10, successfully deleted
01-05 18:29:48.927   513 16642 D mm-camera: mct: mct_pipeline_stop_session_thread: Stop module name: sensor - E
01-05 18:29:48.931   513 16644 D mm-camera: mct: mct_pipeline_stop_session_thread: Stop module name: iface - E
01-05 18:29:48.932 16538 16643 D QCamera2HWI: static void* qcamera::QCamera2HardwareInterface::defferedWorkRoutine(void*): start data proc
01-05 18:29:48.933   513 16644 D mm-camera: mct: mct_pipeline_stop_session_thread: Stop module name: iface - X
01-05 18:29:48.935   513 16645 D mm-camera: mct: mct_pipeline_stop_session_thread: Stop module name: isp - E
01-05 18:29:48.935   513 16645 E mm-camera-isp2: isp_module_stop_session:414 session id 2
01-05 18:29:48.936   513 16646 D mm-camera: mct: mct_pipeline_stop_session_thread: Stop module name: stats - E
01-05 18:29:48.942 16538 16538 I QCamera2HWI: [KPI Perf] int qcamera::QCamera2HardwareInterface::openCamera(hw_device_t**): E PROFILE_OPEN_CAMERA camera id 0
01-05 18:29:48.944   513 16647 D mm-camera: mct: mct_pipeline_stop_session_thread: Stop module name: pproc - E
01-05 18:29:48.946   513 16642 E mm-camera: sensor_close:4609ctrl->isStreaming make false
01-05 18:29:48.946   513 16645 D mm-camera: mct: mct_pipeline_stop_session_thread: Stop module name: isp - X
01-05 18:29:48.946   513 16646 E mm-camera: gyro_port_deinit:1446  gyro_port_deinit: Error in android Deinit
01-05 18:29:48.946   513 16646 I CAMERA_SENSOR: stop_accel_sensor
01-05 18:29:48.948   512 16648 E Sensors : sns_acm_mr.c(499):Transport error -1
01-05 18:29:48.948   513 16646 D mm-camera: mct: mct_pipeline_stop_session_thread: Stop module name: stats - X
01-05 18:29:48.950   513 16642 D mm-camera: mct: mct_pipeline_stop_session_thread: Stop module name: sensor - X
01-05 18:29:48.951   513 16649 D mm-camera: mct: mct_pipeline_stop_session_thread: Stop module name: imglib - E
01-05 18:29:48.952   513   513 D mm-camera: mct: mct_pipeline_stop_session: left modules: 5
01-05 18:29:48.952   513   513 D mm-camera: mct: mct_pipeline_stop_session: left modules: 4
01-05 18:29:48.952   513 16649 E mm-camera: module_faceproc_stop_session:1885] session cnt 1
01-05 18:29:48.952   513   513 D mm-camera: mct: mct_pipeline_stop_session: left modules: 3
01-05 18:29:48.952   513   513 D mm-camera: mct: mct_pipeline_stop_session: left modules: 2
01-05 18:29:48.957   513 16649 D mm-camera: mct: mct_pipeline_stop_session_thread: Stop module name: imglib - X
01-05 18:29:48.957   513   513 D mm-camera: mct: mct_pipeline_stop_session: left modules: 1
01-05 18:29:48.958   513 16647 E mm-camera-pp: [INFO] base_module_stop_session:98, E, session=2
01-05 18:29:48.959   513 16647 E mm-camera-pp: [INFO] base_module_stop_session:98, E, session=2
01-05 18:29:48.960   513 16647 D mm-camera: mct: mct_pipeline_stop_session_thread: Stop module name: pproc - X
01-05 18:29:48.960   513   513 D mm-camera: mct: mct_pipeline_stop_session: left modules: 0
01-05 18:29:48.960   513   513 D mm-camera: mct: mct_pipeline_stop_session - X
01-05 18:29:48.960   513   513 D mm-camera: mct: mct_pipeline_destroy E: session:2 
01-05 18:29:48.961   513   513 D mm-camera: mct: mct_pipeline_destroy X: Pipeline destroyed successfully
01-05 18:29:48.961   513   513 D mm-camera: mct: mct_controller_destroy: X Successfully closed mct_controller
01-05 18:29:48.962   513   513 D mm-camera: mct: mct_controller_new: Creating new mct_controller with session-id 1
01-05 18:29:48.962   513 16650 D mm-camera: mct: mct_pipeline_start_session_thread: E sensor
01-05 18:29:48.963   513 16651 D mm-camera: mct: mct_pipeline_start_session_thread: E iface
01-05 18:29:48.964   513 16652 D mm-camera: mct: mct_pipeline_start_session_thread: E isp
01-05 18:29:48.965   513 16652 E mm-camera-isp2: isp_module_start_session:178 session id 1
01-05 18:29:48.960 16651 16651 W CAM_startiface: type=1400 audit(0.0:1494): avc: granted { read } for name="ion" dev="tmpfs" ino=11414 scontext=u:r:init:s0 tcontext=u:object_r:ion_device:s0 tclass=chr_file
01-05 18:29:48.960 16651 16651 W CAM_startiface: type=1400 audit(0.0:1495): avc: granted { read open } for path="/dev/ion" dev="tmpfs" ino=11414 scontext=u:r:init:s0 tcontext=u:object_r:ion_device:s0 tclass=chr_file
01-05 18:29:48.967   513 16654 D mm-camera: mct: mct_pipeline_start_session_thread: E stats
01-05 18:29:48.969   513 16654 E mm-camera: tcc_init: TCC ver.150418a
01-05 18:29:48.969   513 16651 D mm-camera: mct: mct_pipeline_start_session_thread: X pproc
01-05 18:29:48.960 16651 16651 W CAM_startiface: type=1400 audit(0.0:1496): avc: granted { read } for name="ion" dev="tmpfs" ino=11414 scontext=u:r:init:s0 tcontext=u:object_r:ion_device:s0 tclass=chr_file
01-05 18:29:48.971   513 16655 D mm-camera: mct: mct_pipeline_start_session_thread: E pproc
01-05 18:29:48.975   513 16656 D mm-camera: mct: mct_pipeline_start_session_thread: E imglib
01-05 18:29:48.978   513 16656 E mm-camera: module_faceproc_start_session:1844] session cnt 1
01-05 18:29:48.985   513 16656 D mm-camera: mct: mct_pipeline_start_session_thread: X imglib
01-05 18:29:49.002   513 16650 E mm-camera: module_sensor_init_session:1245eeprom_name = imx234_eeprom
01-05 18:29:49.005   513 16652 E mm-camera-isp2: isp_module_start_session:347 num_session_opened 1
01-05 18:29:49.005   513 16652 D mm-camera: mct: mct_pipeline_start_session_thread: X imglib
01-05 18:29:49.010   513 16654 E mm-camera: sensor_laser_init:144  HW module: id: sensors name: STMicroelectronics VL53L0 sensor module
01-05 18:29:49.010   513 16654 E Sensors : openInput
01-05 18:29:49.010   513 16654 E Sensors : devname: /dev/input/event4
01-05 18:29:49.024  5184  5614 I CameraManagerGlobal: Connecting to camera service
01-05 18:29:49.024  5184  5614 E CameraManagerGlobal: Camera service is unavailable
01-05 18:29:49.032   513 16655 E mm-camera-pp: [INFO] base_module_start_session:91, E, session=1
01-05 18:29:49.033   513 16655 E mm-camera-pp: [INFO] base_module_start_session:91, E, session=1
01-05 18:29:49.033   513 16655 D mm-camera: mct: mct_pipeline_start_session_thread: X imglib
01-05 18:29:49.043   513 16654 E Sensors : devname: /dev/input/event3
01-05 18:29:49.051   513 16650 E mm-camera: module_sensor_init_session:1277flash subdev id = 0
01-05 18:29:49.054   513 16650 E mm-camera-sensor: sensor_sdk_util_get_kernel_i2c_addr_type:26Invalid addr_type = 0
01-05 18:29:49.054   513 16650 E mm-camera-sensor: sensor_sdk_util_get_kernel_i2c_data_type:40Invalid addr_type = 0
01-05 18:29:49.054   513 16650 E mm-camera-sensor: actuator_load_lib:491name=lc898122_claf, mode=camera
01-05 18:29:49.059   513 16650 E mm-camera-sensor: actuator_load_lib:491name=lc898122_claf, mode=camcorder
01-05 18:29:49.062   513 16650 E mm-camera-sensor: eeprom_do_af_calibration:197turn on Cal af(1)
01-05 18:29:49.062   513 16650 E mm-camera-sdk: eeprom_autofocus_calibration_claf:173 KSY Kernel original macro hall : 9600, inf hall : -12800, macro_mecha 16800, vcm_type 66
01-05 18:29:49.062   513 16650 E mm-camera-sdk: eeprom_autofocus_calibration_claf:178 KSY AF_algorithm convert macro hall : 350, inf hall : 0, total_rangetomacro : 0, offset_value_pplus_mtm : 0
01-05 18:29:49.062   513 16650 E mm-camera: ois_init:305start: ois_init
01-05 18:29:49.064   513 16654 E Sensors : devname: /dev/input/event2
01-05 18:29:49.065   513 16650 E mm-camera: ois_init:372done: ois_init
01-05 18:29:49.065   513 16673 E mm-camera: ois_thread:201ois thread is running
01-05 18:29:49.065   513 16650 E mm-camera-sensor: proxy_init:71name = LD_AF
01-05 18:29:49.065   513 16650 E mm-camera-sensor: sensor_proxy_on:151enter
01-05 18:29:49.082   513 16650 E mm-camera-sensor: sensor_proxy_thread_on:198enter
01-05 18:29:49.083   513 16650 E mm-camera: module_sensor_init_session:1412tcs_sensor init Enter **
01-05 18:29:49.098   934  1002 I WifiService: requestActivityInfo uid=1000
01-05 18:29:49.098   934  1002 I WifiService: reportActivityInfo uid=1000
01-05 18:29:49.098   934  1002 I WifiService: getSupportedFeatures uid=1000
01-05 18:29:49.103   460   460 E WifiHAL : Failed to register debug response; result = -95
01-05 18:29:49.105   934  2766 E WifiVendorHal: getSupportedFeatureSet(l.891) failed {.code = ERROR_UNKNOWN, .description = errno: -95 (Unknown error -95)}
01-05 18:29:49.105   460   460 E WifiHAL : Failed to register debug response; result = -95
01-05 18:29:49.116   513 16650 E mm-camera-sensor: tcs_thread_create:291tcs_thread, thread_id 0
01-05 18:29:49.117   513 16650 E mm-camera: module_sensor_start_session:1684SUCCESS
01-05 18:29:49.117   513 16650 D mm-camera: mct: mct_pipeline_start_session_thread: X imglib
01-05 18:29:49.121   513 16654 E Sensors : devname: /dev/input/event0
01-05 18:29:49.123   934  1002 E BatteryExternalStatsWorker: no controller energy info supplied for wifi
01-05 18:29:49.124   934  1002 E BatteryExternalStatsWorker: no controller energy info supplied for bluetooth
01-05 18:29:49.160   513 16654 E Sensors : devname: /dev/input/event1
01-05 18:29:49.167   934  1002 E BatteryExternalStatsWorker: modem info is invalid: ModemActivityInfo{ mTimestamp=0 mSleepTimeMs=0 mIdleTimeMs=0 mTxTimeMs[]=[0, 0, 0, 0, 0] mRxTimeMs=0 mEnergyUsed=0}
01-05 18:29:49.208   513 16654 E Sensors : devname: /dev/input/mice
01-05 18:29:49.240   513 16654 E Sensors : couldn't find 'STM VL53L0 proximity sensor' input device
01-05 18:29:49.240   513 16654 E Sensors : ProximitySensor::ProximitySensor gets called!
01-05 18:29:49.240   513 16654 E Sensors : ProximitySensor: input_name:, input_sysfs_path:/sys/class/input/input
01-05 18:29:49.240   513 16654 E Sensors : ProximitySensor::enable function called for stmvl53L0!
01-05 18:29:49.240   513 16654 E Sensors : ProximitySensor::enable filename:/sys/class/input/input/enable_ps_sensor
01-05 18:29:49.240   513 16654 E Sensors : ProximitySensor::enable: Failed to open file descriptor for enabling VL53L0
01-05 18:29:49.240   513 16654 E Sensors : ProximitySensor::enable: Attempted to open file /sys/class/input/input/enable_ps_sensor. Error: -1
01-05 18:29:49.240   513 16654 E Sensors : open_sensors gets called!
01-05 18:29:49.241   513 16654 E Sensors : is_tof_sensor_available() called
01-05 18:29:49.241   513 16654 E Sensors : devname: /dev/input/event4
01-05 18:29:49.242   464   464 I MSM-irqbalance: Decided to move IRQ128 from CPU0 to CPU3
01-05 18:29:49.270   513 16673 E mm-camera: ois_thread:239done : ois initialization
01-05 18:29:49.308   513 16654 E Sensors : devname: /dev/input/event3
01-05 18:29:49.332   513 16654 E Sensors : devname: /dev/input/event2
01-05 18:29:49.368   513 16654 E Sensors : devname: /dev/input/event0
01-05 18:29:49.392   513 16654 E Sensors : devname: /dev/input/event1
01-05 18:29:49.416   513 16654 E Sensors : devname: /dev/input/mice
01-05 18:29:49.440   513 16654 E Sensors : No Tof sensor found!!!
01-05 18:29:49.440   513 16654 E mm-camera: sensor_laser_init:164  0 sensor supported
01-05 18:29:49.441   513 16654 E mm-camera: gyro_port_init:1404  Failure initializing laser sensor. Error: 4
01-05 18:29:49.442   513 16654 I CAMERA_SENSOR: start_accel_sensor
01-05 18:29:49.442   513 16654 E mm-camera: start_accel_sensor: sensor1_open E
01-05 18:29:49.445   513 16654 E mm-camera: start_accel_sensor: sensor1_open X, res = 0
01-05 18:29:49.449   513 16682 I CAMERA_SENSOR: accel_data_cb received RESP - SNS_SMGR_REPORT_RESP_V01
01-05 18:29:49.450   513   513 E mm-camera: sensor_get_cur_chromatix_name:2577Error: Load default preview chroamtix
01-05 18:29:49.450   513   513 E mm-camera-sensor: chromatix_load_library_ex : chromatix = libchromatix_imx234_snapshot_open.so , lib name = /system/vendor/lib/libchromatix_imx234_snapshot_open.so
01-05 18:29:49.451   513   513 E mm-camera-sensor: chromatix_load_library_ex : chromatix = libchromatix_imx234_snapshot_open.so , lib name = /system/vendor/lib/libchromatix_imx234_snapshot_open.so
01-05 18:29:49.451   513   513 E mm-camera-sensor: chromatix_load_library_ex : chromatix = libchromatix_imx234_common_open.so , lib name = /system/vendor/lib/libchromatix_imx234_common_open.so
01-05 18:29:49.451   513 16654 D mm-camera: mct: mct_pipeline_start_session_thread: X imglib
