--------- beginning of main
01-05 18:29:44.242   464   464 I MSM-irqbalance: Decided to move IRQ65 from CPU1 to CPU3
01-05 18:29:45.216 16480 16480 E ANDR-PERF-MPCTL: Unable to create control service (stage=1, rc=0)
01-05 18:29:45.216 16480 16480 W libc    : invalid pthread_t (0) passed to libc
01-05 18:29:45.800   934  2485 E QCOM PowerHAL: Failed to acquire lock.
01-05 18:29:45.875  5184  5209 W zygote64: Checksum mismatch for dex SystemUI.apk
01-05 18:29:45.875  5184  5209 W zygote64: Checksum mismatch for dex SystemUI.apk
01-05 18:29:45.893 15980 16429 I CameraHardwareInterface: Opening camera 0
01-05 18:29:45.894 15980 16429 I CamDev@1.0-impl: Opening camera 0
01-05 18:29:45.894 15980 16429 I QCamera2Factory: :static int qcamera::QCamera2Factory::openLegacy(int32_t, uint32_t, hw_device_t**) openLegacy halVersion: 256
01-05 18:29:45.896 15980 16429 D vndksupport: Loading /vendor/lib/hw/power.msm8992.so from current namespace instead of sphal namespace.
01-05 18:29:45.898 15980 16484 D QCamera2HWI: static void* qcamera::QCamera2HardwareInterface::defferedWorkRoutine(void*): start data proc
01-05 18:29:45.907 15980 16429 I QCamera2HWI: [KPI Perf] int qcamera::QCamera2HardwareInterface::openCamera(hw_device_t**): E PROFILE_OPEN_CAMERA camera id 0
01-05 18:29:45.909   513   513 D mm-camera: mct: mct_controller_new: Creating new mct_controller with session-id 1
01-05 18:29:45.910   513 16485 D mm-camera: mct: mct_pipeline_start_session_thread: E sensor
01-05 18:29:45.911   513 16486 D mm-camera: mct: mct_pipeline_start_session_thread: E iface
01-05 18:29:45.912   409   409 W auditd  : type=2 
01-05 18:29:45.913   513 16488 D mm-camera: mct: mct_pipeline_start_session_thread: E isp
01-05 18:29:45.913   513 16488 E mm-camera-isp2: isp_module_start_session:178 session id 1
01-05 18:29:45.918   513 16489 D mm-camera: mct: mct_pipeline_start_session_thread: E stats
01-05 18:29:45.929   513 16489 E mm-camera: tcc_init: TCC ver.150418a
01-05 18:29:45.904 16486 16486 W CAM_startiface: type=1400 audit(0.0:1375): avc: granted { read open } for path="/dev/ion" dev="tmpfs" ino=11414 scontext=u:r:init:s0 tcontext=u:object_r:ion_device:s0 tclass=chr_file
01-05 18:29:45.908 16486 16486 W CAM_startiface: type=1400 audit(0.0:1376): avc: granted { read } for name="ion" dev="tmpfs" ino=11414 scontext=u:r:init:s0 tcontext=u:object_r:ion_device:s0 tclass=chr_file
01-05 18:29:45.931   513 16486 D mm-camera: mct: mct_pipeline_start_session_thread: X pproc
01-05 18:29:45.938   513 16490 D mm-camera: mct: mct_pipeline_start_session_thread: E pproc
01-05 18:29:45.946   513 16491 D mm-camera: mct: mct_pipeline_start_session_thread: E imglib
01-05 18:29:45.948   513 16491 E mm-camera: module_faceproc_start_session:1844] session cnt 1
01-05 18:29:45.967   513 16491 D mm-camera: mct: mct_pipeline_start_session_thread: X imglib
01-05 18:29:45.973   513 16488 E mm-camera-isp2: isp_module_start_session:347 num_session_opened 1
01-05 18:29:45.973   513 16488 D mm-camera: mct: mct_pipeline_start_session_thread: X imglib
01-05 18:29:45.979   513 16485 E mm-camera: module_sensor_init_session:1245eeprom_name = imx234_eeprom
01-05 18:29:45.982   513 16489 E mm-camera: sensor_laser_init:144  HW module: id: sensors name: STMicroelectronics VL53L0 sensor module
01-05 18:29:45.976 16489 16489 W CAM_startstats: type=1400 audit(0.0:1378): avc: granted { read } for name="event4" dev="tmpfs" ino=13967 scontext=u:r:init:s0 tcontext=u:object_r:input_device:s0 tclass=chr_file
01-05 18:29:45.983   513 16489 E Sensors : openInput
01-05 18:29:45.983   513 16489 E Sensors : devname: /dev/input/event4
01-05 18:29:45.976 16489 16489 W CAM_startstats: type=1400 audit(0.0:1379): avc: granted { read open } for path="/dev/input/event4" dev="tmpfs" ino=13967 scontext=u:r:init:s0 tcontext=u:object_r:input_device:s0 tclass=chr_file
01-05 18:29:45.992 16490 16490 W CAM_startpproc: type=1400 audit(0.0:1380): avc: granted { read } for name="ion" dev="tmpfs" ino=11414 scontext=u:r:init:s0 tcontext=u:object_r:ion_device:s0 tclass=chr_file
01-05 18:29:45.992 16490 16490 W CAM_startpproc: type=1400 audit(0.0:1381): avc: granted { read open } for path="/dev/ion" dev="tmpfs" ino=11414 scontext=u:r:init:s0 tcontext=u:object_r:ion_device:s0 tclass=chr_file
01-05 18:29:46.001   513 16489 E Sensors : devname: /dev/input/event3
01-05 18:29:45.996 16489 16489 W CAM_startstats: type=1400 audit(0.0:1382): avc: granted { read } for name="event3" dev="tmpfs" ino=13966 scontext=u:r:init:s0 tcontext=u:object_r:input_device:s0 tclass=chr_file
01-05 18:29:45.996 16489 16489 W CAM_startstats: type=1400 audit(0.0:1383): avc: granted { read open } for path="/dev/input/event3" dev="tmpfs" ino=13966 scontext=u:r:init:s0 tcontext=u:object_r:input_device:s0 tclass=chr_file
01-05 18:29:46.004   513 16490 E mm-camera-pp: [INFO] base_module_start_session:91, E, session=1
01-05 18:29:46.006   513 16490 E mm-camera-pp: [INFO] base_module_start_session:91, E, session=1
01-05 18:29:46.007   513 16490 D mm-camera: mct: mct_pipeline_start_session_thread: X imglib
01-05 18:29:46.020   513 16489 E Sensors : devname: /dev/input/event2
01-05 18:29:46.016 16489 16489 W CAM_startstats: type=1400 audit(0.0:1384): avc: granted { read } for name="event2" dev="tmpfs" ino=11407 scontext=u:r:init:s0 tcontext=u:object_r:input_device:s0 tclass=chr_file
01-05 18:29:46.016 16489 16489 W CAM_startstats: type=1400 audit(0.0:1385): avc: granted { read open } for path="/dev/input/event2" dev="tmpfs" ino=11407 scontext=u:r:init:s0 tcontext=u:object_r:input_device:s0 tclass=chr_file
01-05 18:29:46.036   513 16485 E mm-camera: module_sensor_init_session:1277flash subdev id = 0
01-05 18:29:46.039   513 16485 E mm-camera-sensor: sensor_sdk_util_get_kernel_i2c_addr_type:26Invalid addr_type = 0
01-05 18:29:46.039   513 16485 E mm-camera-sensor: sensor_sdk_util_get_kernel_i2c_data_type:40Invalid addr_type = 0
01-05 18:29:46.040   513 16485 E mm-camera-sensor: actuator_load_lib:491name=lc898122_claf, mode=camera
01-05 18:29:46.047   513 16485 E mm-camera-sensor: actuator_load_lib:491name=lc898122_claf, mode=camcorder
01-05 18:29:46.050   513 16485 E mm-camera-sensor: eeprom_do_af_calibration:197turn on Cal af(1)
01-05 18:29:46.050   513 16485 E mm-camera-sdk: eeprom_autofocus_calibration_claf:173 KSY Kernel original macro hall : 9600, inf hall : -12800, macro_mecha 16800, vcm_type 66
01-05 18:29:46.050   513 16485 E mm-camera-sdk: eeprom_autofocus_calibration_claf:178 KSY AF_algorithm convert macro hall : 350, inf hall : 0, total_rangetomacro : 0, offset_value_pplus_mtm : 0
01-05 18:29:46.050   513 16485 E mm-camera: ois_init:305start: ois_init
01-05 18:29:46.053   513 16485 E mm-camera: ois_init:372done: ois_init
01-05 18:29:46.053   513 16485 E mm-camera-sensor: proxy_init:71name = LD_AF
01-05 18:29:46.053   513 16508 E mm-camera: ois_thread:201ois thread is running
01-05 18:29:46.053   513 16485 E mm-camera-sensor: sensor_proxy_on:151enter
01-05 18:29:46.068 16489 16489 W CAM_startstats: type=1400 audit(0.0:1386): avc: granted { read } for name="event0" dev="tmpfs" ino=10767 scontext=u:r:init:s0 tcontext=u:object_r:input_device:s0 tclass=chr_file
01-05 18:29:46.072   513 16489 E Sensors : devname: /dev/input/event0
01-05 18:29:46.068 16489 16489 W CAM_startstats: type=1400 audit(0.0:1387): avc: granted { read open } for path="/dev/input/event0" dev="tmpfs" ino=10767 scontext=u:r:init:s0 tcontext=u:object_r:input_device:s0 tclass=chr_file
01-05 18:29:46.087   513 16485 E mm-camera-sensor: sensor_proxy_thread_on:198enter
01-05 18:29:46.088   513 16485 E mm-camera: module_sensor_init_session:1412tcs_sensor init Enter **
01-05 18:29:46.096   513 16489 E Sensors : devname: /dev/input/event1
01-05 18:29:46.092 16489 16489 W CAM_startstats: type=1400 audit(0.0:1388): avc: granted { read } for name="event1" dev="tmpfs" ino=10748 scontext=u:r:init:s0 tcontext=u:object_r:input_device:s0 tclass=chr_file
01-05 18:29:46.128 16489 16489 W CAM_startstats: type=1400 audit(0.0:1390): avc: granted { read } for name="mice" dev="tmpfs" ino=10747 scontext=u:r:init:s0 tcontext=u:object_r:input_device:s0 tclass=chr_file
01-05 18:29:46.133   513 16489 E Sensors : devname: /dev/input/mice
01-05 18:29:46.128 16489 16489 W CAM_startstats: type=1400 audit(0.0:1391): avc: granted { read open } for path="/dev/input/mice" dev="tmpfs" ino=10747 scontext=u:r:init:s0 tcontext=u:object_r:input_device:s0 tclass=chr_file
01-05 18:29:46.180   513 16489 E Sensors : couldn't find 'STM VL53L0 proximity sensor' input device
01-05 18:29:46.180   513 16489 E Sensors : ProximitySensor::ProximitySensor gets called!
01-05 18:29:46.180   513 16489 E Sensors : ProximitySensor: input_name:, input_sysfs_path:/sys/class/input/input
01-05 18:29:46.180   513 16489 E Sensors : ProximitySensor::enable function called for stmvl53L0!
01-05 18:29:46.180   513 16489 E Sensors : ProximitySensor::enable filename:/sys/class/input/input/enable_ps_sensor
01-05 18:29:46.180   513 16489 E Sensors : ProximitySensor::enable: Failed to open file descriptor for enabling VL53L0
01-05 18:29:46.180   513 16489 E Sensors : ProximitySensor::enable: Attempted to open file /sys/class/input/input/enable_ps_sensor. Error: -1
01-05 18:29:46.181   513 16489 E Sensors : open_sensors gets called!
01-05 18:29:46.181   513 16489 E Sensors : is_tof_sensor_available() called
01-05 18:29:46.181   513 16489 E Sensors : devname: /dev/input/event4
01-05 18:29:46.176 16489 16489 W CAM_startstats: type=1400 audit(0.0:1392): avc: granted { read } for name="event4" dev="tmpfs" ino=13967 scontext=u:r:init:s0 tcontext=u:object_r:input_device:s0 tclass=chr_file
01-05 18:29:46.204   513 16489 E Sensors : devname: /dev/input/event3
01-05 18:29:46.217   513 16485 E mm-camera-sensor: tcs_thread_create:291tcs_thread, thread_id 0
01-05 18:29:46.218   513 16485 E mm-camera: module_sensor_start_session:1684SUCCESS
01-05 18:29:46.218   513 16485 D mm-camera: mct: mct_pipeline_start_session_thread: X imglib
01-05 18:29:46.280   513 16489 E Sensors : devname: /dev/input/event2
01-05 18:29:46.312   513 16489 E Sensors : devname: /dev/input/event0
01-05 18:29:46.332   513 16508 E mm-camera: ois_thread:239done : ois initialization
01-05 18:29:46.361   513 16489 E Sensors : devname: /dev/input/event1
01-05 18:29:46.388   513 16489 E Sensors : devname: /dev/input/mice
01-05 18:29:46.421   513 16489 E Sensors : No Tof sensor found!!!
01-05 18:29:46.421   513 16489 E mm-camera: sensor_laser_init:164  0 sensor supported
01-05 18:29:46.422   513 16489 E mm-camera: gyro_port_init:1404  Failure initializing laser sensor. Error: 4
01-05 18:29:46.422   513 16489 I CAMERA_SENSOR: start_accel_sensor
01-05 18:29:46.422   513 16489 E mm-camera: start_accel_sensor: sensor1_open E
01-05 18:29:46.424   513 16489 E mm-camera: start_accel_sensor: sensor1_open X, res = 0
01-05 18:29:46.428   513 16514 I CAMERA_SENSOR: accel_data_cb received RESP - SNS_SMGR_REPORT_RESP_V01
01-05 18:29:46.429   513   513 E mm-camera: sensor_get_cur_chromatix_name:2577Error: Load default preview chroamtix
01-05 18:29:46.430   513   513 E mm-camera-sensor: chromatix_load_library_ex : chromatix = libchromatix_imx234_snapshot_open.so , lib name = /system/vendor/lib/libchromatix_imx234_snapshot_open.so
01-05 18:29:46.431   513   513 E mm-camera-sensor: chromatix_load_library_ex : chromatix = libchromatix_imx234_snapshot_open.so , lib name = /system/vendor/lib/libchromatix_imx234_snapshot_open.so
01-05 18:29:46.431   513   513 E mm-camera-sensor: chromatix_load_library_ex : chromatix = libchromatix_imx234_common_open.so , lib name = /system/vendor/lib/libchromatix_imx234_common_open.so
01-05 18:29:46.432   513   513 E mm-camera-sensor: chromatix_load_library_ex : chromatix = libchromatix_imx234_cpp_snapshot_open.so , lib name = /system/vendor/lib/libchromatix_imx234_cpp_snapshot_open.so
01-05 18:29:46.432   513   513 E mm-camera-sensor: chromatix_load_library_ex : chromatix = libchromatix_imx234_cpp_snapshot_open.so , lib name = /system/vendor/lib/libchromatix_imx234_cpp_snapshot_open.so
01-05 18:29:46.432   513   513 E mm-camera-sensor: chromatix_load_library_ex : chromatix = libchromatix_imx234_cpp_flash_snapshot_open.so , lib name = /system/vendor/lib/libchromatix_imx234_cpp_flash_snapshot_open.so
01-05 18:29:46.432   513   513 E mm-camera-sensor: chromatix_load_library_ex : chromatix = libchromatix_imx234_cpp_video_open.so , lib name = /system/vendor/lib/libchromatix_imx234_cpp_video_open.so
01-05 18:29:46.433   513   513 E mm-camera-sensor: chromatix_load_library_ex : chromatix = libchromatix_imx234_postproc_open.so , lib name = /system/vendor/lib/libchromatix_imx234_postproc_open.so
01-05 18:29:46.433   513 16489 D mm-camera: mct: mct_pipeline_start_session_thread: X imglib
01-05 18:29:46.434   513   513 E mm-camera-isp2: isp_resource_query_mod:145 num_isp_preallocate 1 num_session_opened 1 dual_vfe_enabled 0
01-05 18:29:46.434   513   513 E mm-camera: module_faceproc_query_mod:1996] Caps ROI 5 scene_mode_cnt 1 HW analysis supported 0
01-05 18:29:46.434   513   513 E hdr     : module_hdr_lib_query_mod:181] Supported scenemode cnt 2
01-05 18:29:46.434   513   513 D mm-camera: mct: mct_pipeline_process_set:command=800000a
01-05 18:29:46.434   513   513 D mm-camera: mct: mct_pipeline_process_set: Adding new stream: id [0f]
01-05 18:29:46.434   513   513 D mm-camera: mct: mct_pipeline_process_set:command=8000012
01-05 18:29:46.434   513   513 D mm-camera: mct: mct_stream_start_link: Start linking Session-stream 0x1000f
01-05 18:29:46.434   513   513 I mm-camera: module_iface_set_mod_func: set module type = 8, identity 1000f
01-05 18:29:46.435   513   513 E mm-camera: isp_port_check_caps_reserve:737 port 0xeb661ac0 ide 1000f type 10 dim 0 0
01-05 18:29:46.435   513   513 E mm-camera: int_link = 0xeb6640e0
01-05 18:29:46.435   513   513 I mm-camera: pproc_port_add_modules_to_stream:433, linking mods tmod and c2d
01-05 18:29:46.439   513   513 I mm-camera: pproc_port_add_modules_to_stream:433, linking mods c2d and cpp
01-05 18:29:46.439   513   513 E mm-camera: Interleaved flag is 0, identity 65551 port type 0
01-05 18:29:46.439   513   513 I mm-camera: pproc_port_add_modules_to_stream:433, linking mods cpp and afs
01-05 18:29:46.439   513   513 I mm-camera: pproc_port_add_modules_to_stream:433, linking mods afs and llvd
01-05 18:29:46.441   513   513 I mm-camera: pproc_port_add_modules_to_stream:433, linking mods llvd and ezt
01-05 18:29:46.441   513   513 E mm-camera: pproc_port_add_modules_to_stream:454] X rc: 1
01-05 18:29:46.454   513   513 D mm-camera: mct: mct_pipeline_process_set: Linking successful for stream 0x1000f stream type=10
01-05 18:29:46.488 15980 16429 D mm-jpeg-intf: Max picture size 5312 x 2988, WorkBufSize = 23967744
01-05 18:29:46.497 15980 16429 I qomx_image_core: OMX_Init:95] Complete 3
01-05 18:29:46.499 15980 16429 E QCameraHWI_Mem: void qcamera::QCameraMemory::traceLogAllocStart(size_t, int, const char*):HeapMemsize 659104
01-05 18:29:46.499 15980 16429 E QCameraHWI_Mem: void qcamera::QCameraMemory::traceLogAllocStart(size_t, int, const char*):Memsize 659104
01-05 18:29:46.499 15980 16429 E QCameraHWI_Mem: void qcamera::QCameraMemory::traceLogAllocEnd(size_t) 659104
01-05 18:29:46.499 15980 16429 E QCameraHWI_Mem: void qcamera::QCameraMemory::traceLogAllocEnd(size_t) 659104
01-05 18:29:46.501 15980 16429 D QCameraParameters: int32_t qcamera::QCameraParameters::initDefaultParameters(): supported preview sizes: 2560x1440,1920x1440,2048x1536,2048x1080,1920x1080,1776x1080,1440x1080,1280x960,1280x720,960x720,864x480,880x720,848x480,800x480,768x432,720x480,640x640,640x480,640x360,576x432,480x320,384x288,352x288,320x240,240x160,176x144
01-05 18:29:46.501 15980 16429 D QCameraParameters: int32_t qcamera::QCameraParameters::initDefaultParameters(): supported video sizes: 1920x1080,1280x960,1280x720,864x480,848x480,800x480,720x480,640x480,640x360,480x320,352x288,320x240,176x144,144x176
01-05 18:29:46.501 15980 16429 D QCameraParameters: int32_t qcamera::QCameraParameters::initDefaultParameters(): supported pic sizes: 5312x2988,3984x2988,3840x2160,3264x2448,3264x1836,2560x1920,2592x1944,2688x1512,2048x1536,1920x1080,1600x1200,1536x864,1280x960,1280x768,1280x720,1024x768,880x720,800x600,864x480,800x480,720x480,640x480,640x360,352x288,320x240,176x144
01-05 18:29:46.502 15980 16429 D QCameraParameters: int32_t qcamera::QCameraParameters::setPreviewFpsRange(int, int, int, int): Setting preview fps range 2000,30000
01-05 18:29:46.502 15980 16429 D QCameraParameters: int32_t qcamera::QCameraParameters::setPreviewFpsRange(int, int, int, int): Updated: minFps = 2000, maxFps = 30000 , vid minFps = 2000, vid maxFps = 30000
01-05 18:29:46.502 15980 16429 D QCamera2HWI: int qcamera::QCamera2HardwareInterface::calcThermalLevel(qcamera::qcamera_thermal_level_enum_t, int, int, cam_fps_range_t&, msm_vfe_frame_skip_pattern&): level: 0, preview minfps 2000.000000, preview maxfpS 30000.000000, video minfps 2000.000000, video maxfpS 30000.000000
01-05 18:29:46.502 15980 16429 D QCamera2HWI: int qcamera::QCamera2HardwareInterface::calcThermalLevel(qcamera::qcamera_thermal_level_enum_t, int, int, cam_fps_range_t&, msm_vfe_frame_skip_pattern&): Thermal level 0, FPS [2.00,30.00, 2.00,30.00], frameskip 0
01-05 18:29:46.502 15980 16429 D QCameraParameters: int32_t qcamera::QCameraParameters::setPreviewFpsRange(int, int, int, int): Thermal adjusted Preview fps range 2.00,30.00, 2.00, 30.00
01-05 18:29:46.502 15980 16429 D QCameraParameters: int32_t qcamera::QCameraParameters::initDefaultParameters(): supported fps rates: 2,3,4,5,6,7,8,9,10,11,12,13,14,15,16,17,18,19,20,21,22,23,24,25,26,27,28,29,30
01-05 18:29:46.503 15980 16429 D QCameraParameters: int32_t qcamera::QCameraParameters::setFocusMode(const char*): Setting focus mode auto
01-05 18:29:46.503 15980 16429 D QCameraParameters: initDefaultParameters: setting KEY_FOCUS_DISTANCES as 0.100000,0.150000,0.170000
01-05 18:29:46.503 15980 16429 D QCameraParameters: int32_t qcamera::QCameraParameters::setAutoExposure(const char*): Setting auto exposure center-weighted
01-05 18:29:46.504 15980 16429 D QCameraParameters: int32_t qcamera::QCameraParameters::setAntibanding(const char*): Setting AntiBanding value auto
01-05 18:29:46.504 15980 16429 D QCameraParameters: int32_t qcamera::QCameraParameters::setFlash(const char*): Setting Flash value off
01-05 18:29:46.504 15980 16429 D QCameraParameters: int32_t qcamera::QCameraParameters::setISOValue(const char*): Setting ISO value auto
01-05 18:29:46.504 15980 16429 D QCameraParameters: int32_t qcamera::QCameraParameters::initDefaultParameters(), Exposure time min 0.034133 ms, max 29377.348000 ms
01-05 18:29:46.504 15980 16429 D QCameraParameters: int32_t qcamera::QCameraParameters::initDefaultParameters(), ISO min 50, max 800
01-05 18:29:46.509 15980 16429 D QCameraParameters: int32_t qcamera::QCameraParameters::setZoom(int): zoom level: 0
01-05 18:29:46.509 15980 16429 I QCameraParameters: int32_t qcamera::QCameraParameters::initDefaultParameters(): setting Exposure Bracketing value of 0,10,-9
01-05 18:29:46.509 15980 16429 D QCameraParameters: int32_t qcamera::QCameraParameters::setAEBracket(const char*), EXP_BRACKETING_OFF
01-05 18:29:46.509 15980 16429 D QCameraParameters: int32_t qcamera::QCameraParameters::setAFBracket(const char*): afBracketStr =af-bracket-off
01-05 18:29:46.509 15980 16429 D QCameraParameters: int32_t qcamera::QCameraParameters::setReFocus(const char*): reFocusStr =re-focus-off
01-05 18:29:46.509 15980 16429 D QCameraParameters: int32_t qcamera::QCameraParameters::setChromaFlash(const char*): chromaFlashStr =chroma-flash-off
01-05 18:29:46.509 15980 16429 D QCameraParameters: int32_t qcamera::QCameraParameters::setOptiZoom(const char*): optiZoomStr =opti-zoom-off
01-05 18:29:46.509 15980 16429 D QCameraParameters: int32_t qcamera::QCameraParameters::setSeeMore(const char*): seeMoreStr =off
01-05 18:29:46.509 15980 16429 D QCameraParameters: int32_t qcamera::QCameraParameters::setToneMapMode(uint32_t, bool): tone map mode 1 
01-05 18:29:46.509 15980 16429 D QCameraParameters: int32_t qcamera::QCameraParameters::setAecLock(const char*): Setting AECLock value false
01-05 18:29:46.510 15980 16429 D QCameraParameters: int32_t qcamera::QCameraParameters::setAwbLock(const char*): Setting AWBLock value false
01-05 18:29:46.510 15980 16429 D QCameraParameters: int32_t qcamera::QCameraParameters::initDefaultParameters(): totalram = -1334190080, freeram = 246059008 
01-05 18:29:46.510 15980 16429 D QCameraParameters: void qcamera::QCameraParameters::setOfflineRAW(): Offline Raw  0
01-05 18:29:46.510 15980 16429 E LGCameraParameters: void qcamera::QCameraParameters::initDefaultParametersEx(): multi_window_af_supported = 1
01-05 18:29:46.510 15980 16429 E LGCameraParameters: createMultiWindowString: (-280,-280,0,0,1),(-140,-420,140,-140,1),(0,-280,280,0,1),(-420,-140,-140,140,1),(-140,-140,140,140,1),(140,-140,420,140,1),(-280,0,0,280,1),(-140,140,140,420,1),(0,0,280,280,1),(-220,-220,220,220,1)
01-05 18:29:46.510 15980 16429 E LGCameraParameters: createMultiWindowString: (720,720,1000,1000,1),(860,580,1140,860,1),(1000,720,1280,1000,1),(580,860,860,1140,1),(860,860,1140,1140,1),(1140,860,1420,1140,1),(720,1000,1000,1420,1),(860,1140,1140,1420,1),(1000,1000,1280,1280,1)
01-05 18:29:46.511 15980 16429 D LGCameraParameters: int32_t qcamera::QCameraParameters::setLG_ISOcontrol(const char*): Setting ISO value auto
01-05 18:29:46.511 15980 16429 E LGCameraParameters: int32_t qcamera::QCameraParameters::setBeautyLevel(int) : [ARC_BEAUTY] beautylevel = 0
01-05 18:29:46.512   513 16523 E mm-camera: sensor_set_frame_rate:1176max fps 30.000000 min fps 2.000000,fixed_frame_rate=0 
01-05 18:29:46.514   513 16523 E mm-camera: iface_util_set_hfr: can't find hw stream, only save hfr mode
01-05 18:29:46.516 15980 16429 D QCameraParameters: int32_t qcamera::QCameraParameters::setNumOfSnapshot(): nBurstNum = 1, nExpnum = 1
01-05 18:29:46.518 15980 16429 I Thermal-Lib: Thermal-Lib-Client: Registraion successful for camera with handle:1
01-05 18:29:46.518 15980 16429 I Thermal-Lib: Thermal-Lib-Client: Registraion successful for camcorder with handle:2
01-05 18:29:46.518 15980 16429 I QCamera2HWI: [KPI Perf] int qcamera::QCamera2HardwareInterface::openCamera(hw_device_t**): X PROFILE_OPEN_CAMERA camera id 0, rc: 0
01-05 18:29:46.518 15980 16429 E QCamera2HWI: int qcamera::QCamera2HardwareInterface::openCamera(hw_device_t**):[PREVIEW_COUNT] preview_count(1)
01-05 18:29:46.518   488   582 I ThermalEngine: Thermal-Server: Adding thermal event listener on fd 22
01-05 18:29:46.518 15980 16530 I Thermal-Lib: Thermal-Lib-Client: Client received msg camera 0
01-05 18:29:46.518 15980 16530 D QCamera2HWI: virtual int qcamera::QCamera2HardwareInterface::thermalEvtHandle(qcamera::qcamera_thermal_level_enum_t*, void*, void*): level = 0, userdata = 0x0, data = 0x0
01-05 18:29:46.519 15980 16530 I Thermal-Lib: Thermal-Lib-Client: Client received msg camcorder 0
01-05 18:29:46.519 15980 16530 D QCamera2HWI: virtual int qcamera::QCamera2HardwareInterface::thermalEvtHandle(qcamera::qcamera_thermal_level_enum_t*, void*, void*): level = 0, userdata = 0x0, data = 0x0
01-05 18:29:46.519 15980 16483 E QCameraStateMachine: int32_t qcamera::QCameraStateMachine::procEvtPreviewStoppedState(qcamera::qcamera_sm_evt_enum_t, void*): cannot handle evt(31) in state(0)
01-05 18:29:46.519 15980 16483 E QCameraStateMachine: int32_t qcamera::QCameraStateMachine::procEvtPreviewStoppedState(qcamera::qcamera_sm_evt_enum_t, void*): cannot handle evt(31) in state(0)
01-05 18:29:46.526 15980 16429 I CameraHardwareInterface: Destroying camera 0
01-05 18:29:46.534 15980 16429 I QCamera2HWI: [KPI Perf] static int qcamera::QCamera2HardwareInterface::start_preview(camera_device*): E PROFILE_START_PREVIEW
01-05 18:29:46.534 15980 16483 D QCameraParameters: int32_t qcamera::QCameraParameters::updatePpFeatureMask(cam_stream_type_t): stream type: 11, pp_mask: 0x882
01-05 18:29:46.534 15980 16483 D QCameraParameters: int32_t qcamera::QCameraParameters::updatePpFeatureMask(cam_stream_type_t): stream type: 1, pp_mask: 0x882
01-05 18:29:46.534 15980 16483 I QCameraParameters: bool qcamera::QCameraParameters::setStreamConfigure(bool, bool, bool): stream type 11, w x h: 1280 x 720, pp_mask: 0x882
01-05 18:29:46.535 15980 16483 I QCameraParameters: bool qcamera::QCameraParameters::setStreamConfigure(bool, bool, bool): stream type 1, w x h: 1280 x 720, pp_mask: 0x882
01-05 18:29:46.535   513 16523 E mm-camera-sensor: sensor_pick_fill_expected_data:410ex_w:1280, ex_h:720,ex_mode:1, ex_fps:30.000000, ex_clk:0, ex_ar: 177
01-05 18:29:46.535   513 16523 E mm-camera-sensor: sensor_pick_resolution:722 res_idx: 5
01-05 18:29:46.535   513 16523 E mm-camera: isp_util_print_meta_stream_info:5521 Stream type 11 Resolution: 1280x720 pp_mask: 0x882
01-05 18:29:46.535   513 16523 E mm-camera: isp_util_print_meta_stream_info:5521 Stream type 1 Resolution: 1280x720 pp_mask: 0x882
01-05 18:29:46.535   513 16523 E mm-camera-isp2: __debug__ stream_num =2
01-05 18:29:46.535   513 16523 E mm-camera-isp2: __debug__ stream_type=11
01-05 18:29:46.535   513 16523 E mm-camera-isp2: __debug__ stream_type=1
01-05 18:29:46.535   513 16523 E mm-camera-isp2: __debug__ use_snapshot=0, use_preview=1
01-05 18:29:46.537   513 16523 E mm-camera: isp_util_decide_stream_mapping:5483 stream_port_map num streams 2
01-05 18:29:46.537   513 16523 E mm-camera: isp_util_decide_stream_mapping:5493 INFO: type 11 resolution 1280x720 hw_stream 0 need_native_buff 1 controllable_output 0 shared_output 0
01-05 18:29:46.537   513 16523 E mm-camera: isp_util_decide_stream_mapping:5493 INFO: type 1 resolution 1280x720 hw_stream 0 need_native_buff 1 controllable_output 0 shared_output 0
01-05 18:29:46.537   513 16523 E mm-camera-isp2: isp_stream_resource_allocate:2485 ide 1000f type 10 hw stream 0
01-05 18:29:46.541 15980 16483 D QCameraParameters: int32_t qcamera::QCameraParameters::updatePpFeatureMask(cam_stream_type_t): stream type: 7, pp_mask: 0x882
01-05 18:29:46.541 15980 16483 D QCamera2HWI: bool qcamera::QCamera2HardwareInterface::needReprocess(): Need CPP in non-ZSL mode
01-05 18:29:46.541 15980 16483 D QCamera2HWI: virtual qcamera::QCameraHeapMemory* qcamera::QCamera2HardwareInterface::allocateStreamInfoBuf(cam_stream_type_t): allocateStreamInfoBuf: stream type: 7, pp_mask: 0xc86
01-05 18:29:46.542   513 16523 D mm-camera: mct: mct_pipeline_process_set:command=800000a
01-05 18:29:46.542   513 16523 D mm-camera: mct: mct_pipeline_process_set: Adding new stream: id [01]
01-05 18:29:46.543 15980 16484 D QCamera2HWI: static void* qcamera::QCamera2HardwareInterface::defferedWorkRoutine(void*): Deffered buffer allocation started for stream type: 7
01-05 18:29:46.544 15980 16483 D QCameraParameters: int32_t qcamera::QCameraParameters::updatePpFeatureMask(cam_stream_type_t): stream type: 11, pp_mask: 0x882
01-05 18:29:46.544 15980 16484 E QCameraHWI_Mem: void qcamera::QCameraMemory::traceLogAllocStart(size_t, int, const char*):StreamMemsize 659136
01-05 18:29:46.544 15980 16484 E QCameraHWI_Mem: void qcamera::QCameraMemory::traceLogAllocStart(size_t, int, const char*):Memsize 659136
01-05 18:29:46.544 15980 16483 D QCamera2HWI: bool qcamera::QCamera2HardwareInterface::needReprocess(): Need CPP in non-ZSL mode
01-05 18:29:46.544 15980 16483 D QCamera2HWI: virtual qcamera::QCameraHeapMemory* qcamera::QCamera2HardwareInterface::allocateStreamInfoBuf(cam_stream_type_t): allocateStreamInfoBuf: stream type: 11, pp_mask: 0xc86
01-05 18:29:46.544   513 16523 D mm-camera: mct: mct_pipeline_process_set:command=800000a
01-05 18:29:46.545   513 16523 D mm-camera: mct: mct_pipeline_process_set: Adding new stream: id [02]
01-05 18:29:46.546   513 16523 D mm-camera: mct: mct_pipeline_process_set:command=8000012
01-05 18:29:46.546   513 16523 D mm-camera: mct: mct_stream_start_link: Starting Analysis stream linking
01-05 18:29:46.546   513 16523 I mm-camera: module_iface_set_mod_func: set module type = 8, identity 10002
01-05 18:29:46.546   513 16523 E mm-camera: isp_port_check_caps_reserve:737 port 0xeb661ac0 ide 10002 type 11 dim 1280 720
01-05 18:29:46.546   513 16523 E mm-camera-isp2: isp_stream_resource_allocate:2389 i 0 hw_stream 1
01-05 18:29:46.547   513 16523 E mm-camera-isp2: isp_stream_resource_allocate:2485 ide 10002 type 11 hw stream 0
01-05 18:29:46.548   513 16523 E mm-camera: int_link = 0xeb6641a0
01-05 18:29:46.548   513 16523 E mm-camera: pproc_port_add_modules_to_stream:454] X rc: 1
01-05 18:29:46.548   513 16523 D mm-camera: mct: mct_pipeline_process_set: Linking successful for stream 0x10002 stream type=11
01-05 18:29:46.549   513 16523 D mm-camera: mct: mct_pipeline_process_set:command=8000004
01-05 18:29:46.550 15980 16484 E QCameraHWI_Mem: void qcamera::QCameraMemory::traceLogAllocEnd(size_t) 9227904
01-05 18:29:46.551 15980 16483 D QCameraParameters: int32_t qcamera::QCameraParameters::updatePpFeatureMask(cam_stream_type_t): stream type: 1, pp_mask: 0x882
01-05 18:29:46.551 15980 16483 D QCamera2HWI: bool qcamera::QCamera2HardwareInterface::needReprocess(): Need CPP in non-ZSL mode
01-05 18:29:46.551 15980 16483 D QCamera2HWI: virtual qcamera::QCameraHeapMemory* qcamera::QCamera2HardwareInterface::allocateStreamInfoBuf(cam_stream_type_t): allocateStreamInfoBuf: stream type: 1, pp_mask: 0xc86
01-05 18:29:46.551   513 16523 D mm-camera: mct: mct_pipeline_process_set:command=800000a
01-05 18:29:46.551   513 16523 D mm-camera: mct: mct_pipeline_process_set: Adding new stream: id [03]
01-05 18:29:46.554   513 16523 D mm-camera: mct: mct_pipeline_process_set:command=8000012
01-05 18:29:46.554   513 16523 D mm-camera: mct: mct_stream_start_link: Start linking preview stream 0x10003
01-05 18:29:46.554   513 16523 D mm-camera: mct: mct_stream_start_link: non secure stream linking 
01-05 18:29:46.554   513 16523 I mm-camera: module_iface_set_mod_func: set module type = 8, identity 10003
01-05 18:29:46.554   513 16523 E mm-camera: isp_port_check_caps_reserve:737 port 0xeb661ac0 ide 10003 type 1 dim 1280 720
01-05 18:29:46.555   513 16523 E mm-camera-isp2: isp_stream_resource_allocate:2389 i 0 hw_stream 1
01-05 18:29:46.555   513 16523 E mm-camera-isp2: isp_stream_resource_allocate:2485 ide 10003 type 1 hw stream 0
01-05 18:29:46.556   513 16523 E mm-camera: int_link = 0xeb6641a0
01-05 18:29:46.556   513 16523 I mm-camera: pproc_port_add_modules_to_stream:433, linking mods tmod and afs
--------- beginning of crash
01-05 18:29:46.556 15980 16484 F libc    : Fatal signal 11 (SIGSEGV), code 1, fault addr 0xa1000 in tid 16484 (CAM_defrdWrk), pid 15980 (cameraserver)
01-05 18:29:46.556   513 16523 I mm-camera: pproc_port_add_modules_to_stream:433, linking mods afs and cpp
01-05 18:29:46.556   513 16523 E mm-camera: module_afs_acquire_port:582] Port already reserved
01-05 18:29:46.556   513 16523 E mm-camera: module_afs_port_check_caps_reserve:1452] Error acquiring port
01-05 18:29:46.556   513 16523 I mm-camera: pproc_port_add_modules_to_stream:433, linking mods cpp and ezt
01-05 18:29:46.556   513 16523 E mm-camera: pproc_port_add_modules_to_stream:454] X rc: 1
01-05 18:29:46.557   513 16523 D mm-camera: mct: mct_pipeline_process_set: Linking successful for stream 0x10003 stream type=1
01-05 18:29:46.558   513 16523 D mm-camera: mct: mct_pipeline_process_set:command=8000004
01-05 18:29:46.559   513 16523 E mm-camera: sensor_set_max_dimension:3751raw w 5312 h 2988
01-05 18:29:46.565   513 16523 E mm-camera-sensor: sensor_pick_fill_expected_data:410ex_w:5312, ex_h:2988,ex_mode:1, ex_fps:30.000000, ex_clk:0, ex_ar: 177
01-05 18:29:46.565   513 16523 E mm-camera-sensor: sensor_pick_resolution:722 res_idx: 0
01-05 18:29:46.565   513 16523 E mm-camera: sensor_get_raw_dimension:3813pick res 0
01-05 18:29:46.565   513 16523 E mm-camera: sensor_get_raw_dimension:3828raw w 5312 h 2988
01-05 18:29:46.566 15980 16483 D QCameraParameters: int32_t qcamera::QCameraParameters::updateRAW(cam_dimension_t) : RAW Dimension = 5312 X 2988
01-05 18:29:46.638 16537 16537 I crash_dump32: obtaining output fd from tombstoned, type: kDebuggerdTombstone
01-05 18:29:46.639   526   526 I /system/bin/tombstoned: received crash request for pid 15980
01-05 18:29:46.641 16537 16537 I crash_dump32: performing dump of process 15980 (target tid = 16484)
01-05 18:29:46.642 16537 16537 F DEBUG   : *** *** *** *** *** *** *** *** *** *** *** *** *** *** *** ***
01-05 18:29:46.642 16537 16537 F DEBUG   : Build fingerprint: 'lge/p1_global_com/p1:8.0/NRD90U/171931902b165:user/release-keys'
01-05 18:29:46.642 16537 16537 F DEBUG   : Revision: '11'
01-05 18:29:46.642 16537 16537 F DEBUG   : ABI: 'arm'
01-05 18:29:46.642 16537 16537 F DEBUG   : pid: 15980, tid: 16484, name: CAM_defrdWrk  >>> /system/bin/cameraserver <<<
01-05 18:29:46.642 16537 16537 F DEBUG   : signal 11 (SIGSEGV), code 1 (SEGV_MAPERR), fault addr 0xa1000
01-05 18:29:46.642 16537 16537 F DEBUG   :     r0 e6b7f7b8  r1 000a1000  r2 e6b7f7b8  r3 000a1000
01-05 18:29:46.643 16537 16537 F DEBUG   :     r4 e8e10000  r5 ed0a3c80  r6 0000001b  r7 00000001
01-05 18:29:46.643 16537 16537 F DEBUG   :     r8 000a1000  r9 e6b7f7b8  sl 00000000  fp 00000000
01-05 18:29:46.643 16537 16537 F DEBUG   :     ip ecb60b6c  sp e6b7f790  lr ecb54c03  pc ecb54c0a  cpsr 600a0030
01-05 18:29:46.656 16537 16537 F DEBUG   : 
01-05 18:29:46.656 16537 16537 F DEBUG   : backtrace:
01-05 18:29:46.656 16537 16537 F DEBUG   :     #00 pc 0000ec0a  /system/vendor/lib/camera.device@1.0-impl.so (android::hardware::camera::device::V1_0::implementation::CameraDevice::sGetMemory(int, unsigned int, unsigned int, void*)+157)
01-05 18:29:46.656 16537 16537 F DEBUG   :     #01 pc 0005b58d  /system/vendor/lib/hw/camera.msm8992.so (qcamera::QCameraStreamMemory::allocate(unsigned char, unsigned int, unsigned int)+88)
01-05 18:29:46.656 16537 16537 F DEBUG   :     #02 pc 00055c41  /system/vendor/lib/hw/camera.msm8992.so (qcamera::QCamera2HardwareInterface::allocateStreamBuf(cam_stream_type_t, unsigned int, int, int, unsigned char&)+512)
01-05 18:29:46.656 16537 16537 F DEBUG   :     #03 pc 00061a4f  /system/vendor/lib/hw/camera.msm8992.so (qcamera::QCameraStream::allocateBuffers()+90)
01-05 18:29:46.656 16537 16537 F DEBUG   :     #04 pc 00054643  /system/vendor/lib/hw/camera.msm8992.so (qcamera::QCamera2HardwareInterface::defferedWorkRoutine(void*)+434)
01-05 18:29:46.656 16537 16537 F DEBUG   :     #05 pc 000474ff  /system/lib/libc.so (__pthread_start(void*)+22)
01-05 18:29:46.656 16537 16537 F DEBUG   :     #06 pc 0001af69  /system/lib/libc.so (__start_thread+32)
01-05 18:29:46.904   488   584 E ThermalEngine: [BMHB_GOV] read failed VS_TEMP
--------- beginning of system
01-05 18:29:46.947   934  5183 W NativeCrashListener: Couldn't find ProcessRecord for pid 15980
01-05 18:29:46.948   526   526 E /system/bin/tombstoned: Tombstone written to: /data/tombstones/tombstone_02
01-05 18:29:46.951   934  1005 I BootReceiver: Copying /data/tombstones/tombstone_02 to DropBox (SYSTEM_TOMBSTONE)
01-05 18:29:46.977   400   400 E hw-IPCThreadState: attemptIncStrongHandle(10): Not supported
01-05 18:29:46.977   400   400 I chatty  : uid=1000(system) hwservicemanage identical 2 lines
01-05 18:29:46.978   400   400 E hw-IPCThreadState: attemptIncStrongHandle(10): Not supported
01-05 18:29:46.978   399   399 I ServiceManager: service 'media.camera' died
01-05 18:29:46.979   513 16523 D mm-camera: mct: mct_pipeline_process_set:command=800000b
01-05 18:29:46.979   513 16523 E mm-camera: mct: mct_pipeline_process_set:2966: Couldn't find stream id: 0
01-05 18:29:46.980  5184  5397 E FlashlightController: Couldn't set torch mode
01-05 18:29:46.980  5184  5397 E FlashlightController: android.hardware.camera2.CameraAccessException: CAMERA_DISCONNECTED (2): Camera service is currently unavailable
01-05 18:29:46.980  5184  5397 E FlashlightController: 	at android.hardware.camera2.CameraManager$CameraManagerGlobal.setTorchMode(CameraManager.java:880)
01-05 18:29:46.980  5184  5397 E FlashlightController: 	at android.hardware.camera2.CameraManager.setTorchMode(CameraManager.java:519)
01-05 18:29:46.980  5184  5397 E FlashlightController: 	at com.android.systemui.statusbar.policy.FlashlightControllerImpl.setFlashlight(FlashlightControllerImpl.java:91)
01-05 18:29:46.980  5184  5397 E FlashlightController: 	at com.android.systemui.qs.tiles.FlashlightTile.handleClick(FlashlightTile.java:86)
01-05 18:29:46.980  5184  5397 E FlashlightController: 	at com.android.systemui.qs.tileimpl.QSTileImpl$H.handleMessage(QSTileImpl.java:430)
01-05 18:29:46.980  5184  5397 E FlashlightController: 	at android.os.Handler.dispatchMessage(Handler.java:106)
01-05 18:29:46.980  5184  5397 E FlashlightController: 	at android.os.Looper.loop(Looper.java:164)
01-05 18:29:46.980  5184  5397 E FlashlightController: 	at android.os.HandlerThread.run(HandlerThread.java:65)
01-05 18:29:46.981   488   582 I ThermalEngine: Thermal-Server: removing client on fd 22
01-05 18:29:46.985   513 16523 D mm-camera: mct: mct_pipeline_process_set:command=800000b
01-05 18:29:46.985   513 16523 D mm-camera: mct: mct_pipeline_process_set: Issuing DEL_STREAM on stream 0x0 and stream type=0
01-05 18:29:46.985   513 16523 D mm-camera: mct: mct_pipeline_process_set: Stream 0x0 and stream type=0, successfully deleted
01-05 18:29:46.985   513 16523 D mm-camera: mct: mct_pipeline_process_set:command=800000b
01-05 18:29:46.985   513 16523 D mm-camera: mct: mct_pipeline_process_set: Issuing DEL_STREAM on stream 0x10002 and stream type=11
01-05 18:29:46.985   513 16523 E mm-camera: port_iface_ext_unlink_func: E, identity = 0x10002, port = 0xeb923620, direction = 2
01-05 18:29:46.985   513 16523 E mm-camera: port_iface_check_caps_unreserve_func:  E, identity = 0x10002, port = 0xeb923620, direction = 2
01-05 18:29:46.986   513 16523 E mm-camera: iface_unreserve_sink_port: stream_id 2 mode 0 
01-05 18:29:46.986   513 16523 E mm-camera: port_iface_ext_unlink_func: E, identity = 0x10002, port = 0xeb923920, direction = 1
01-05 18:29:46.986   513 16523 E mm-camera: iface_ext_unlink_src_port: mct stream already removed from hw stream
01-05 18:29:46.986   513 16523 E mm-camera: port_iface_check_caps_unreserve_func:  E, identity = 0x10002, port = 0xeb923920, direction = 1
01-05 18:29:46.986   513 16523 E mm-camera: isp_port_check_caps_unreserve:826 ide 10002 port 0xeb661ac0
01-05 18:29:46.988   513 16523 D mm-camera: mct: mct_pipeline_process_set: Stream 0x10002 and stream type=11, successfully deleted
01-05 18:29:46.996   513 16523 D mm-camera: mct: mct_pipeline_process_set:command=800000b
01-05 18:29:46.996   513 16523 D mm-camera: mct: mct_pipeline_process_set: Issuing DEL_STREAM on stream 0x10003 and stream type=1
01-05 18:29:46.996   513 16523 E mm-camera: port_iface_ext_unlink_func: E, identity = 0x10003, port = 0xeb923620, direction = 2
01-05 18:29:46.996   513 16523 E mm-camera: port_iface_check_caps_unreserve_func:  E, identity = 0x10003, port = 0xeb923620, direction = 2
01-05 18:29:46.996   513 16523 E mm-camera: iface_unreserve_sink_port: stream_id 3 mode 0 
01-05 18:29:46.996   513 16523 E mm-camera: port_iface_ext_unlink_func: E, identity = 0x10003, port = 0xeb923920, direction = 1
01-05 18:29:46.996   513 16523 E mm-camera: iface_ext_unlink_src_port: mct stream already removed from hw stream
01-05 18:29:46.996   513 16523 E mm-camera: port_iface_check_caps_unreserve_func:  E, identity = 0x10003, port = 0xeb923920, direction = 1
01-05 18:29:46.996   513 16523 E mm-camera: isp_port_check_caps_unreserve:826 ide 10003 port 0xeb661ac0
01-05 18:29:46.997   513 16523 E mm-camera: module_afs_port_check_caps_unreserve:1524] 
01-05 18:29:46.997   513 16523 E mm-camera: module_afs_port_check_caps_unreserve:1532] destroy client
01-05 18:29:46.997   513 16523 D mm-camera: mct: mct_pipeline_process_set: Stream 0x10003 and stream type=1, successfully deleted
01-05 18:29:47.002   513   513 D mm-camera: mct: mct_controller_destroy: Initiating destroy sequence
01-05 18:29:47.027   513 16524 D mm-camera: mct: mct_bus_handler_thread_run: Force Exit
01-05 18:29:47.028   513   513 D mm-camera: mct: mct_controller_destroy: bus_handler thread closed
01-05 18:29:47.028   513   513 D mm-camera: mct: mct_pipeline_stop_session - E
01-05 18:29:47.028   513   513 D mm-camera: mct: mct_pipeline_process_set:command=800000b
01-05 18:29:47.028   513   513 D mm-camera: mct: mct_pipeline_process_set: Issuing DEL_STREAM on stream 0x1000f and stream type=10
01-05 18:29:47.028   513   513 E mm-camera: port_iface_ext_unlink_func: E, identity = 0x1000f, port = 0xeb923620, direction = 2
01-05 18:29:47.028   513   513 E mm-camera: port_iface_check_caps_unreserve_func:  E, identity = 0x1000f, port = 0xeb923620, direction = 2
01-05 18:29:47.028   513   513 E mm-camera: iface_unreserve_sink_port: stream_id f mode 0 
01-05 18:29:47.028   513   513 E mm-camera: port_iface_ext_unlink_func: E, identity = 0x1000f, port = 0xeb923920, direction = 1
01-05 18:29:47.028   513   513 E mm-camera: iface_ext_unlink_src_port: mct stream already removed from hw stream
01-05 18:29:47.028   513   513 E mm-camera: port_iface_check_caps_unreserve_func:  E, identity = 0x1000f, port = 0xeb923920, direction = 1
01-05 18:29:47.028   513   513 E mm-camera: isp_port_check_caps_unreserve:826 ide 1000f port 0xeb661ac0
01-05 18:29:47.028   513   513 E mm-camera: isp_port_check_caps_unreserve:852 ISP session resource not dellocated in time
01-05 18:29:47.032   513   513 E mm-camera: module_afs_port_check_caps_unreserve:1524] 
01-05 18:29:47.032   513   513 E mm-camera: module_afs_port_check_caps_unreserve:1532] destroy client
01-05 18:29:47.032   513   513 E mm-camera: module_imgbase_port_release_client_llvd:1553] 
01-05 18:29:47.032   513   513 E mm-camera: q3a_thread_af_stop:1019  q3a_thread_af_stop:1019 MSG_STOP_THREAD
01-05 18:29:47.038   513   513 E mm-camera: stats_port_delete_reserved_stream:2602  stats_port_delete_reserved_stream:2602: going to NULL peer
01-05 18:29:47.038   513   513 D mm-camera: mct: mct_pipeline_process_set: Stream 0x1000f and stream type=10, successfully deleted
01-05 18:29:47.039   513 16540 D mm-camera: mct: mct_pipeline_stop_session_thread: Stop module name: sensor - E
01-05 18:29:47.039   513 16540 E mm-camera: module_sensor_deinit_session:1545trying to delete thread
01-05 18:29:47.039   513 16540 E mm-camera-sensor: proxy_thread_delete:259p_thread,trying to delete thread
01-05 18:29:47.039   513 16540 E mm-camera-sensor: send_thread_exit_msg:219p_thread, exit_thread 0
01-05 18:29:47.039   513 16540 E mm-camera-sensor: send_thread_exit_msg:223p_thread, exit_thread 1
01-05 18:29:47.041   513 16540 E mm-camera: module_sensor_deinit_session:1547proxy_thread_deleted!
01-05 18:29:47.041   513 16540 E mm-camera: module_sensor_deinit_session:1551try to stop proxy kernel workqueue!
01-05 18:29:47.041   513 16540 E mm-camera-sensor: sensor_proxy_thread_off:215enter
01-05 18:29:47.042   513 16543 D mm-camera: mct: mct_pipeline_stop_session_thread: Stop module name: iface - E
01-05 18:29:47.042   513 16543 D mm-camera: mct: mct_pipeline_stop_session_thread: Stop module name: iface - X
01-05 18:29:47.043   513 16544 D mm-camera: mct: mct_pipeline_stop_session_thread: Stop module name: isp - E
01-05 18:29:47.043   513 16544 E mm-camera-isp2: isp_module_stop_session:414 session id 1
01-05 18:29:47.043   513 16545 D mm-camera: mct: mct_pipeline_stop_session_thread: Stop module name: stats - E
01-05 18:29:47.043   513 16544 E mm-camera-isp2: isp_module_stop_session:455 warning: ISP resource is not freed on time!
01-05 18:29:47.047   513 16546 D mm-camera: mct: mct_pipeline_stop_session_thread: Stop module name: pproc - E
01-05 18:29:47.048   513 16544 D mm-camera: mct: mct_pipeline_stop_session_thread: Stop module name: isp - X
01-05 18:29:47.050   513   513 D mm-camera: mct: mct_pipeline_stop_session: left modules: 5
01-05 18:29:47.050   513   513 D mm-camera: mct: mct_pipeline_stop_session: left modules: 4
01-05 18:29:47.055   513 16547 D mm-camera: mct: mct_pipeline_stop_session_thread: Stop module name: imglib - E
01-05 18:29:47.056   513 16545 E mm-camera: gyro_port_deinit:1446  gyro_port_deinit: Error in android Deinit
01-05 18:29:47.056   513 16545 I CAMERA_SENSOR: stop_accel_sensor
01-05 18:29:47.056   513 16547 E mm-camera: module_faceproc_stop_session:1885] session cnt 1
01-05 18:29:47.058   513 16514 I CAMERA_SENSOR: accel_data_cb received RESP - SNS_SMGR_CANCEL_RESP_V01
01-05 18:29:47.059   513 16546 E mm-camera-pp: [INFO] base_module_stop_session:98, E, session=1
01-05 18:29:47.059   513 16545 D mm-camera: mct: mct_pipeline_stop_session_thread: Stop module name: stats - X
01-05 18:29:47.060   513   513 D mm-camera: mct: mct_pipeline_stop_session: left modules: 3
01-05 18:29:47.060   513 16546 E mm-camera-pp: [INFO] base_module_stop_session:98, E, session=1
01-05 18:29:47.060   513 16547 D mm-camera: mct: mct_pipeline_stop_session_thread: Stop module name: imglib - X
01-05 18:29:47.060   513   513 D mm-camera: mct: mct_pipeline_stop_session: left modules: 2
01-05 18:29:47.061   513 16546 D mm-camera: mct: mct_pipeline_stop_session_thread: Stop module name: pproc - X
01-05 18:29:47.061   513   513 D mm-camera: mct: mct_pipeline_stop_session: left modules: 1
01-05 18:29:47.073   513 16540 E mm-camera: module_sensor_deinit_session:1567trying to delete thread
01-05 18:29:47.073   513 16540 E mm-camera-sensor: tcs_thread_delete:303tcs_thread, trying to delete thread
01-05 18:29:47.073   513 16540 E mm-camera: module_sensor_deinit_session:1569tcs_thread_deleted!
01-05 18:29:47.073   513 16540 E mm-camera: module_sensor_deinit_session:1571try to stop tcs kernel workqueue!
01-05 18:29:47.080   513 16540 E mm-camera-sensor: proxy_power_down:47enter
01-05 18:29:47.109   513 16540 E mm-camera: sensor_close:4609ctrl->isStreaming make false
01-05 18:29:47.110   513 16540 D mm-camera: mct: mct_pipeline_stop_session_thread: Stop module name: sensor - X
01-05 18:29:47.110   513   513 D mm-camera: mct: mct_pipeline_stop_session: left modules: 0
01-05 18:29:47.110   513   513 D mm-camera: mct: mct_pipeline_stop_session - X
01-05 18:29:47.110   513   513 D mm-camera: mct: mct_pipeline_destroy E: session:1 
01-05 18:29:47.110   513   513 D mm-camera: mct: mct_pipeline_destroy X: Pipeline destroyed successfully
01-05 18:29:47.110   513   513 D mm-camera: mct: mct_controller_destroy: X Successfully closed mct_controller
01-05 18:29:47.241 16538 16538 I cameraserver: ServiceManager: 0xee798500
01-05 18:29:47.241 16538 16538 I CameraService: CameraService started (pid=16538)
01-05 18:29:47.241 16538 16538 I CameraService: CameraService process starting
01-05 18:29:47.249 16538 16538 D vndksupport: Loading /vendor/lib/hw/android.hardware.camera.provider@2.4-impl.so from current namespace instead of sphal namespace.
01-05 18:29:47.254 16538 16538 D vndksupport: Loading /vendor/lib/hw/camera.msm8992.so from current namespace instead of sphal namespace.
01-05 18:29:47.645 16538 16538 D mm-camera-intf: index = 0 flag = 1 mount_angle = 90 facing = 0
01-05 18:29:47.644 16551 16551 I CAM_startsensor: type=1400 audit(0.0:1414): avc: denied { read write } for name="v4l-subdev15" dev="tmpfs" ino=10708 scontext=u:r:init:s0 tcontext=u:object_r:device:s0 tclass=chr_file permissive=1
01-05 18:29:47.644 16551 16551 I CAM_startsensor: type=1400 audit(0.0:1415): avc: denied { open } for path="/dev/v4l-subdev15" dev="tmpfs" ino=10708 scontext=u:r:init:s0 tcontext=u:object_r:device:s0 tclass=chr_file permissive=1
01-05 18:29:47.645 16538 16538 D mm-camera-intf: index = 1 flag = 103 mount_angle = 270 facing = 1
01-05 18:29:47.647   513   513 D mm-camera: mct: mct_controller_new: Creating new mct_controller with session-id 1
01-05 18:29:47.648   513 16551 D mm-camera: mct: mct_pipeline_start_session_thread: E sensor
01-05 18:29:47.651   513 16552 D mm-camera: mct: mct_pipeline_start_session_thread: E iface
01-05 18:29:47.644 16552 16552 W CAM_startiface: type=1400 audit(0.0:1416): avc: granted { read } for name="ion" dev="tmpfs" ino=11414 scontext=u:r:init:s0 tcontext=u:object_r:ion_device:s0 tclass=chr_file
01-05 18:29:47.654   513 16553 D mm-camera: mct: mct_pipeline_start_session_thread: E isp
01-05 18:29:47.654   513 16553 E mm-camera-isp2: isp_module_start_session:178 session id 1
01-05 18:29:47.644 16552 16552 W CAM_startiface: type=1400 audit(0.0:1417): avc: granted { read open } for path="/dev/ion" dev="tmpfs" ino=11414 scontext=u:r:init:s0 tcontext=u:object_r:ion_device:s0 tclass=chr_file
01-05 18:29:47.644 16552 16552 W CAM_startiface: type=1400 audit(0.0:1418): avc: granted { read } for name="ion" dev="tmpfs" ino=11414 scontext=u:r:init:s0 tcontext=u:object_r:ion_device:s0 tclass=chr_file
01-05 18:29:47.644 16552 16552 W CAM_startiface: type=1400 audit(0.0:1419): avc: granted { read open } for path="/dev/ion" dev="tmpfs" ino=11414 scontext=u:r:init:s0 tcontext=u:object_r:ion_device:s0 tclass=chr_file
01-05 18:29:47.658   513 16554 D mm-camera: mct: mct_pipeline_start_session_thread: E stats
01-05 18:29:47.664   513 16552 D mm-camera: mct: mct_pipeline_start_session_thread: X pproc
01-05 18:29:47.667   513 16556 D mm-camera: mct: mct_pipeline_start_session_thread: E pproc
01-05 18:29:47.677   513 16557 D mm-camera: mct: mct_pipeline_start_session_thread: E imglib
01-05 18:29:47.684   513 16557 E mm-camera: module_faceproc_start_session:1844] session cnt 1
01-05 18:29:47.688   513 16554 E mm-camera: tcc_init: TCC ver.150418a
01-05 18:29:47.696   513 16557 D mm-camera: mct: mct_pipeline_start_session_thread: X imglib
01-05 18:29:47.727   513 16553 E mm-camera-isp2: isp_module_start_session:347 num_session_opened 1
01-05 18:29:47.727   513 16553 D mm-camera: mct: mct_pipeline_start_session_thread: X imglib
01-05 18:29:47.728   513 16551 E mm-camera: module_sensor_init_session:1245eeprom_name = imx234_eeprom
