02-02 22:33:09.040 26353 26376 W OverviewFlags: 	at com.android.quickstep.OverviewInteractionState.lambda$lUCjlXPvcc5dI6thv7Aq9QPgFjM(Unknown Source:0)
02-02 22:33:09.040 26353 26376 W OverviewFlags: 	at com.android.quickstep.-$$Lambda$OverviewInteractionState$lUCjlXPvcc5dI6thv7Aq9QPgFjM.handleMessage(Unknown Source:2)
02-02 22:33:09.040 26353 26376 W OverviewFlags: 	at android.os.Handler.dispatchMessage(Handler.java:102)
02-02 22:33:09.040 26353 26376 W OverviewFlags: 	at android.os.Looper.loop(Looper.java:193)
02-02 22:33:09.040 26353 26376 W OverviewFlags: 	at android.os.HandlerThread.run(HandlerThread.java:65)
02-02 22:33:09.051 23067 23091 I WorkerManager: dispose()
02-02 22:33:09.052 23067 23091 W ThreadPoolDumper: Queue length for executor EventBus is now 11. Perhaps some tasks are too long, or the pool is too small.
02-02 22:33:09.066 23067 32500 I WorkController: WorkProxy is not enqueued because WorkController is disposed: WorkProxy{Name=context::g, WorkerId=context, id=4246cf3}
02-02 22:33:09.067 23067 32500 I WorkController: WorkProxy is not enqueued because WorkController is disposed: WorkProxy{Name=context::i, WorkerId=context, id=3a69db0}
02-02 22:33:09.067 23067 32500 I WorkController: WorkProxy is not enqueued because WorkController is disposed: WorkProxy{Name=context::j, WorkerId=context, id=81cf429}
02-02 22:33:09.067 23067 32500 I WorkController: WorkProxy is not enqueued because WorkController is disposed: WorkProxy{Name=context::h, WorkerId=context, id=76ea3ae}
02-02 22:33:09.067 23067 32500 I WorkController: WorkProxy is not enqueued because WorkController is disposed: WorkProxy{Name=context::l, WorkerId=context, id=68ee54f}
02-02 22:33:09.068   428   428 W AlarmManager: Unrecognized alarm listener com.android.systemui.keyguard.-$$Lambda$KeyguardSliceProvider$IhzByd8TsqFuOrSyuGurVskyPLo@4221768
02-02 22:33:09.095   633   633 I aptouch_daemon: filter_touch_detect, down, in: 1, out: 1
02-02 22:33:09.096   949  1059 I InputDispatcher: Dropping event because there is no touchable window at (745, 1315).
02-02 22:33:09.102   428   428 V SystemUIService: Starting SystemUI services for user 0.
02-02 22:33:09.109   428   428 D SystemUIBootTiming: StartServicescom.android.systemui.Dependency took to complete: 6ms
02-02 22:33:09.114   428   428 D SystemUIBootTiming: StartServicescom.android.systemui.util.NotificationChannels took to complete: 5ms
02-02 22:33:09.115   428   428 D SystemUIBootTiming: StartServicescom.android.systemui.statusbar.CommandQueue$CommandQueueStart took to complete: 2ms
02-02 22:33:09.123   428   428 V MediaRouter: Adding route: RouteInfo{ name=, description=null, status=null, category=RouteCategory{ name= types=ROUTE_TYPE_LIVE_AUDIO ROUTE_TYPE_LIVE_VIDEO  groupable=false }, supportedTypes=ROUTE_TYPE_LIVE_AUDIO ROUTE_TYPE_LIVE_VIDEO , presentationDisplay=null }
02-02 22:33:09.126   428   428 V MediaRouter: Selecting route: RouteInfo{ name=, description=null, status=null, category=RouteCategory{ name= types=ROUTE_TYPE_LIVE_AUDIO ROUTE_TYPE_LIVE_VIDEO  groupable=false }, supportedTypes=ROUTE_TYPE_LIVE_AUDIO ROUTE_TYPE_LIVE_VIDEO , presentationDisplay=null }
02-02 22:33:09.135   949   949 D TrustManagerService: Removing dead TrustListener.
02-02 22:33:09.142   678   678 D fpc_fingerprint_hal: fpc_get_authenticator_id_impl
02-02 22:33:09.142   678   900 D fpc_fingerprint_hal: fpc poll irq interupt
02-02 22:33:09.143   678   900 I fpc_fingerprint_hal: wait_finger_down: operation cancled
02-02 22:33:09.143   678   900 D fpc_fingerprint_hal: wait_finger_down, took 7608 ms
02-02 22:33:09.143   678   900 E fpc_fingerprint_hal: [fph_nav] do_navigation break loop, reason: wait_finger_down is canceled -4
02-02 22:33:09.147  8989  9086 I Places  : ?: PlacesBleScanner stop()
02-02 22:33:09.154  8989  8989 I BeaconBle: ZERO_POWER is disabled.
02-02 22:33:09.154  8989  8989 I BeaconBle: 'L' hardware scan: scan stopped, no powered clients
02-02 22:33:09.154  8989  8989 I BeaconBle: Places requested to stop scan
02-02 22:33:09.155   678   900 D fpc_fingerprint_hal: worker idle
02-02 22:33:09.155  8989  8989 I BeaconBle: Scan canceled successfully.
02-02 22:33:09.156   678   678 D fpc_fingerprint_hal: fpc_get_authenticator_id_impl id 3510632257411436433
02-02 22:33:09.156   949   949 V FingerprintService: startAuthentication(com.android.systemui)
02-02 22:33:09.156   949   949 V FingerprintService: starting client AuthenticationClient(com.android.systemui), initiatedByClient = true
02-02 22:33:09.157   678   678 D fpc_fingerprint_hal: fpc_authenticate_impl
02-02 22:33:09.160  8989  9086 I PlaceInferenceEngine: [anon] Changed inference mode: 0
02-02 22:33:09.160  8989  9086 I PlaceInferenceEngine: [account#1901271852] Changed inference mode: 0
02-02 22:33:09.161   428   428 W SoundPool: Use of stream types is deprecated for operations other than volume control
02-02 22:33:09.161   428   428 W SoundPool: See the documentation of SoundPool() for what to use instead with android.media.AudioAttributes to qualify your playback use case
02-02 22:33:09.164   678   900 D fpc_fingerprint_hal: worker idle
02-02 22:33:09.165   428   428 D SystemUIBootTiming: StartServicescom.android.systemui.keyguard.KeyguardViewMediator took to complete: 49ms
02-02 22:33:09.165   949   949 W FingerprintService: client com.android.systemui is authenticating...
02-02 22:33:09.166   678   900 D fpc_fingerprint_hal: worker_state_authenticate STATE_AUTHENTICATE
02-02 22:33:09.168   678   900 I fpc_tac : fpc_tac_send_get_indices_cmd indices:0x7bf9626040, index_count:1
02-02 22:33:09.170   678   900 D fpc_fingerprint_hal: fp_init_identify indices[0]=0
02-02 22:33:09.170   428   428 D OpenGLRenderer: Skia GL Pipeline
02-02 22:33:09.170   678   900 D fpc_fingerprint_hal: primary_indices_count : 1 , privacy_indices_count : 0 
02-02 22:33:09.170   678   900 D fpc_fingerprint_hal: fp_init_identify not auth both space fingerprints
02-02 22:33:09.171   678   900 E fpc_tac : fpc_tac_begin_identify---need_liveness_authentication: 0
02-02 22:33:09.174   428   455 I OMXClient: IOmx service obtained
02-02 22:33:09.175   662   758 I OMXMaster: makeComponentInstance(OMX.google.vorbis.decoder) in omx@1.0-service process
02-02 22:33:09.182   552   552 W AshmemAllocator: ashmem_create_region(32768) returning hidl_memory(0x7e2de2c100, 32768)
02-02 22:33:09.193   552   552 I chatty  : uid=1000(system) allocator@1.0-s identical 5 lines
02-02 22:33:09.193   552   552 W AshmemAllocator: ashmem_create_region(32768) returning hidl_memory(0x7e2de2c100, 32768)
02-02 22:33:09.193   633   633 I aptouch_daemon: filter_touch_detect, all_touch_up
02-02 22:33:09.194   552   552 W AshmemAllocator: ashmem_create_region(32768) returning hidl_memory(0x7e2de2c100, 32768)
02-02 22:33:09.204   678   900 I fpc_tac : fpc_tac_send_set_arbitrary_data_cmd:ok, response:0
02-02 22:33:09.204   678   900 D FingerprintDevice: onAcquired(6), vendorCode(1001)
02-02 22:33:09.204 26353 26353 D TouchInteractionService: Touch service connected
02-02 22:33:09.205   678   900 I fpc_fingerprint_hal: sensorhub: fhb_config data=1, write_len=1
02-02 22:33:09.222   678   900 D fpc_fingerprint_hal: sensorhub: fingerHubChannel startfingerhub,err :0
02-02 22:33:09.231   428   428 D SystemUIBootTiming: StartServicescom.android.systemui.recents.Recents took to complete: 66ms
02-02 22:33:09.236   428   428 I vol.Events: writeEvent collection_started
02-02 22:33:09.248   428   489 I vol.Events: writeEvent external_ringer_mode_changed normal
02-02 22:33:09.249   428   489 I vol.Events: writeEvent internal_ringer_mode_changed normal
02-02 22:33:09.251   428   491 I OMXClient: IOmx service obtained
02-02 22:33:09.251   662   758 I OMXMaster: makeComponentInstance(OMX.google.vorbis.decoder) in omx@1.0-service process
02-02 22:33:09.256   552   552 W AshmemAllocator: ashmem_create_region(32768) returning hidl_memory(0x7e2de2c100, 32768)
02-02 22:33:09.259   552   552 I chatty  : uid=1000(system) allocator@1.0-s identical 6 lines
02-02 22:33:09.259   552   552 W AshmemAllocator: ashmem_create_region(32768) returning hidl_memory(0x7e2de2c100, 32768)
02-02 22:33:09.291   428   489 I vol.Events: writeEvent level_changed STREAM_VOICE_CALL 7
02-02 22:33:09.293   428   489 I vol.Events: writeEvent level_changed STREAM_SYSTEM 5
02-02 22:33:09.294   428   489 I vol.Events: writeEvent level_changed STREAM_RING 5
02-02 22:33:09.295   428   489 I vol.Events: writeEvent level_changed STREAM_MUSIC 1
02-02 22:33:09.297   428   489 I vol.Events: writeEvent level_changed STREAM_ALARM 6
02-02 22:33:09.298   428   428 D SystemUIBootTiming: StartServicescom.android.systemui.volume.VolumeUI took to complete: 67ms
02-02 22:33:09.298   428   489 I vol.Events: writeEvent level_changed STREAM_BLUETOOTH_SCO 7
02-02 22:33:09.302   428   489 I vol.Events: writeEvent zen_mode_config_changed [disallowAlarms=false disallowMedia=false disallowSystem=true disallowRinger=true]
02-02 22:33:09.308   428   497 I OMXClient: IOmx service obtained
02-02 22:33:09.308   662   758 I OMXMaster: makeComponentInstance(OMX.google.vorbis.decoder) in omx@1.0-service process
02-02 22:33:09.311   552   552 W AshmemAllocator: ashmem_create_region(32768) returning hidl_memory(0x7e2de2c100, 32768)
02-02 22:33:09.325   428   428 D SystemUIBootTiming: StartServicescom.android.systemui.stackdivider.Divider took to complete: 28ms
02-02 22:33:09.320   552   552 I chatty  : uid=1000(system) allocator@1.0-s identical 10 lines
02-02 22:33:09.320   552   552 W AshmemAllocator: ashmem_create_region(32768) returning hidl_memory(0x7e2de2c100, 32768)
02-02 22:33:09.348   949  3232 I WifiService: getWifiServiceMessenger uid=10065
02-02 22:33:09.351   949  3232 D ConnectivityService: requestNetwork for uid/pid:10065/428 NetworkRequest [ TRACK_DEFAULT id=106, [ Capabilities: INTERNET&NOT_RESTRICTED&TRUSTED Unwanted:  Uid: 10065] ]
02-02 22:33:09.353   949  2381 D Ethernet: got request NetworkRequest [ TRACK_DEFAULT id=106, [ Capabilities: INTERNET&NOT_RESTRICTED&TRUSTED Unwanted:  Uid: 10065] ] with score 60
02-02 22:33:09.353   949  2360 D WIFI    : got request NetworkRequest [ TRACK_DEFAULT id=106, [ Capabilities: INTERNET&NOT_RESTRICTED&TRUSTED Unwanted:  Uid: 10065] ] with score 60
02-02 22:33:09.353   949  2360 D WIFI_UT : got request NetworkRequest [ TRACK_DEFAULT id=106, [ Capabilities: INTERNET&NOT_RESTRICTED&TRUSTED Unwanted:  Uid: 10065] ] with score 60
02-02 22:33:09.354  2546  2546 D PhoneSwitcherNetworkRequstListener: got request NetworkRequest [ TRACK_DEFAULT id=106, [ Capabilities: INTERNET&NOT_RESTRICTED&TRUSTED Unwanted:  Uid: 10065] ] with score 60
02-02 22:33:09.398   428   428 D Tonal   : Tonal Palette - index: 0. Main color: ff000000
02-02 22:33:09.398   428   428 D Tonal   : Colors: ff000000, ff080808, ff121212, ff1f1f1f, ff383838, ff525252, ff6b6b6b, ff8a8a8a, ffa3a3a3, ffbdbdbd, ffd6d6d6, ffdedede
02-02 22:33:09.398   428   428 D Tonal   : Tonal Palette - index: 0. Main color: ff000000
02-02 22:33:09.398   428   428 D Tonal   : Colors: ff000000, ff080808, ff121212, ff1f1f1f, ff383838, ff525252, ff6b6b6b, ff8a8a8a, ffa3a3a3, ffbdbdbd, ffd6d6d6, ffdedede
02-02 22:33:09.406   428   428 D StatusBar: disable<e i a s b h r c s > disable2<q i n >
02-02 22:33:09.406   949  5111 I StatusBarManagerService: registerStatusBar bar=com.android.internal.statusbar.IStatusBar$Stub$Proxy@f7e57c0
02-02 22:33:09.472   428   428 I CameraManagerGlobal: Connecting to camera service
02-02 22:33:09.512   428   428 D NotificationEntryMgr: heads up is enabled
02-02 22:33:09.546   428   428 D BluetoothHidDevice: Bound to HID Device Service
02-02 22:33:09.546   428   428 D LocalBluetoothProfileManager: Adding local MAP profile
02-02 22:33:09.546   428   428 D BluetoothMap: Create BluetoothMap proxy object
02-02 22:33:09.547   428   428 D LocalBluetoothProfileManager: Adding local PBAP profile
02-02 22:33:09.548   428   428 D LocalBluetoothProfileManager: LocalBluetoothProfileManager construction complete
02-02 22:33:09.554   428   492 V WifiManager: registerSoftApCallback: callback=com.android.systemui.statusbar.policy.HotspotControllerImpl@b669719, handler=Handler (android.os.Handler) {30e23de}
02-02 22:33:09.556   428   428 V WifiManager: registerSoftApCallback: callback=com.android.systemui.statusbar.policy.HotspotControllerImpl@b669719, handler=Handler (android.os.Handler) {30e23de}
02-02 22:33:09.557   428   441 V WifiManager: SoftApCallbackProxy: onStateChanged: state=11, failureReason=0
02-02 22:33:09.557   428   441 V WifiManager: SoftApCallbackProxy: onNumClientsChanged: numClients=0
02-02 22:33:09.557   428   490 V WifiManager: SoftApCallbackProxy: onStateChanged: state=11, failureReason=0
02-02 22:33:09.557   428   490 V WifiManager: SoftApCallbackProxy: onNumClientsChanged: numClients=0
02-02 22:33:09.561   428   500 D OpenGLRenderer: profile bars disabled
02-02 22:33:09.562   428   500 D OpenGLRenderer: ambientRatio = 1.50
02-02 22:33:09.562   428   428 D StatusBar: navbar is disabled
02-02 22:33:09.570   428   492 V WifiManager: registerSoftApCallback: callback=com.android.systemui.statusbar.policy.HotspotControllerImpl@b669719, handler=Handler (android.os.Handler) {30e23de}
02-02 22:33:09.572   428   490 V WifiManager: SoftApCallbackProxy: onStateChanged: state=11, failureReason=0
02-02 22:33:09.572   428   490 V WifiManager: SoftApCallbackProxy: onNumClientsChanged: numClients=0
02-02 22:33:09.572   428   428 D StatusBar: disable<e i a s b h r c s > disable2<q i n >
02-02 22:33:09.583   428   428 V WifiManager: registerSoftApCallback: callback=com.android.systemui.statusbar.policy.HotspotControllerImpl@b669719, handler=Handler (android.os.Handler) {30e23de}
02-02 22:33:09.584   428   441 V WifiManager: SoftApCallbackProxy: onStateChanged: state=11, failureReason=0
02-02 22:33:09.584   428   441 V WifiManager: SoftApCallbackProxy: onNumClientsChanged: numClients=0
02-02 22:33:09.613   428   428 D SystemUIBootTiming: StartServicescom.android.systemui.SystemBars took to complete: 287ms
02-02 22:33:09.616   428   428 D StorageNotification: Notifying about private volume: VolumeInfo{private}:
02-02 22:33:09.616   428   428 D StorageNotification:     type=PRIVATE diskId=null partGuid=null mountFlags=0 mountUserId=-1 
02-02 22:33:09.616   428   428 D StorageNotification:     state=MOUNTED 
02-02 22:33:09.616   428   428 D StorageNotification:     fsType=null fsUuid=null fsLabel=null 
02-02 22:33:09.616   428   428 D StorageNotification:     path=/data internalPath=null 
02-02 22:33:09.618   428   428 D SystemUIBootTiming: StartServicescom.android.systemui.usb.StorageNotification took to complete: 5ms
02-02 22:33:09.622   428   428 D SystemUIBootTiming: StartServicescom.android.systemui.power.PowerUI took to complete: 5ms
02-02 22:33:09.623   428   428 D SystemUIBootTiming: StartServicescom.android.systemui.media.RingtonePlayer took to complete: 1ms
02-02 22:33:09.625   428   428 D SystemUIBootTiming: StartServicescom.android.systemui.keyboard.KeyboardUI took to complete: 1ms
02-02 22:33:09.633   428   428 D SystemUIBootTiming: StartServicescom.android.systemui.pip.PipUI took to complete: 9ms
02-02 22:33:09.634   428   428 D SystemUIBootTiming: StartServicescom.android.systemui.shortcut.ShortcutKeyDispatcher took to complete: 0ms
02-02 22:33:09.634   428   428 D SystemUIBootTiming: StartServicescom.android.systemui.VendorServices took to complete: 0ms
02-02 22:33:09.635   428   428 V GarbageMonitor: Now tracking processes: 428 
02-02 22:33:09.635   428   428 D SystemUIBootTiming: StartServicescom.android.systemui.util.leak.GarbageMonitor$Service took to complete: 1ms
02-02 22:33:09.636   428   428 D SystemUIBootTiming: StartServicescom.android.systemui.LatencyTester took to complete: 1ms
02-02 22:33:09.638   428   428 D SystemUIBootTiming: StartServicescom.android.systemui.globalactions.GlobalActionsComponent took to complete: 2ms
02-02 22:33:09.641   428   428 D SystemUIBootTiming: StartServicescom.android.systemui.ScreenDecorations took to complete: 4ms
02-02 22:33:09.648   428   428 D SystemUIBootTiming: StartServicescom.android.systemui.fingerprint.FingerprintDialogImpl took to complete: 7ms
02-02 22:33:09.649   428   428 D SystemUIBootTiming: StartServicescom.android.systemui.SliceBroadcastRelayHandler took to complete: 1ms
02-02 22:33:09.649   428   428 D SystemUIBootTiming: StartServices took to complete: 547ms
02-02 22:33:09.655   428   428 W FingerprintManager: Invalid acquired message: 6, 1001
02-02 22:33:09.683   428   500 I ConfigStore: android::hardware::configstore::V1_0::ISurfaceFlingerConfigs::hasWideColorDisplay retrieved: 0
02-02 22:33:09.683   428   500 I ConfigStore: android::hardware::configstore::V1_0::ISurfaceFlingerConfigs::hasHDRDisplay retrieved: 0
02-02 22:33:09.683   428   500 I OpenGLRenderer: Initialized EGL, version 1.4
02-02 22:33:09.683   428   500 D OpenGLRenderer: Swap behavior 2
02-02 22:33:09.695   428   500 D mali_winsys: EGLint new_window_surface(egl_winsys_display *, void *, EGLSurface, EGLConfig, egl_winsys_surface **, EGLBoolean) returns 0x3000
02-02 22:33:09.698   562  4989 I GRALLOC : getCallingPid=598, shrFd=20,fmt=0x1,intFmt=0x1,btStrd=4352,size=90112,pid=562 
02-02 22:33:09.698   562  4989 I GRALLOC : 	 yuv=2,w=1080,h=20,Stride u=0 v=0,offset u=0 v=0 
02-02 22:33:09.698   562  4989 I GRALLOC : 	 iova_size=90112,conUsg=0xb00,proUsg=0xb00,	 strd=1088,[afbc]HdrStrd=0 PyldStrd=0 Scrmbl=0,ionhnd = 1 
02-02 22:33:09.699   562  4989 I GRALLOC : getCallingPid=598, shrFd=20,fmt=0x1,intFmt=0x1,btStrd=4352,size=90112,pid=562 
02-02 22:33:09.699   562  4989 I GRALLOC : 	 yuv=2,w=1080,h=20,Stride u=0 v=0,offset u=0 v=0 
02-02 22:33:09.699   562  4989 I GRALLOC : 	 iova_size=90112,conUsg=0xb00,proUsg=0xb00,	 strd=1088,[afbc]HdrStrd=0 PyldStrd=0 Scrmbl=0,ionhnd = 1 
02-02 22:33:09.700   562   740 I GRALLOC : getCallingPid=598, shrFd=22,fmt=0x1,intFmt=0x1,btStrd=4352,size=90112,pid=562 
02-02 22:33:09.700   562   740 I GRALLOC : 	 yuv=2,w=1080,h=20,Stride u=0 v=0,offset u=0 v=0 
02-02 22:33:09.700   562   740 I GRALLOC : 	 iova_size=90112,conUsg=0xb00,proUsg=0xb00,	 strd=1088,[afbc]HdrStrd=0 PyldStrd=0 Scrmbl=0,ionhnd = 2 
02-02 22:33:09.702   428   500 D mali_winsys: EGLint new_window_surface(egl_winsys_display *, void *, EGLSurface, EGLConfig, egl_winsys_surface **, EGLBoolean) returns 0x3000
02-02 22:33:09.703   562  4989 I GRALLOC : getCallingPid=598, shrFd=20,fmt=0x1,intFmt=0x1,btStrd=4352,size=471040,pid=562 
02-02 22:33:09.703   562  4989 I GRALLOC : 	 yuv=2,w=1080,h=107,Stride u=0 v=0,offset u=0 v=0 
02-02 22:33:09.703   562  4989 I GRALLOC : 	 iova_size=471040,conUsg=0xb00,proUsg=0xb00,	 strd=1088,[afbc]HdrStrd=0 PyldStrd=0 Scrmbl=0,ionhnd = 1 
02-02 22:33:09.704   562   740 I GRALLOC : getCallingPid=598, shrFd=22,fmt=0x1,intFmt=0x1,btStrd=4352,size=471040,pid=562 
02-02 22:33:09.704   562   740 I GRALLOC : 	 yuv=2,w=1080,h=107,Stride u=0 v=0,offset u=0 v=0 
02-02 22:33:09.704   562   740 I GRALLOC : 	 iova_size=471040,conUsg=0xb00,proUsg=0xb00,	 strd=1088,[afbc]HdrStrd=0 PyldStrd=0 Scrmbl=0,ionhnd = 2 
02-02 22:33:09.705   562  4989 I GRALLOC : getCallingPid=598, shrFd=20,fmt=0x1,intFmt=0x1,btStrd=4352,size=471040,pid=562 
02-02 22:33:09.705   562  4989 I GRALLOC : 	 yuv=2,w=1080,h=107,Stride u=0 v=0,offset u=0 v=0 
02-02 22:33:09.705   562  4989 I GRALLOC : 	 iova_size=471040,conUsg=0xb00,proUsg=0xb00,	 strd=1088,[afbc]HdrStrd=0 PyldStrd=0 Scrmbl=0,ionhnd = 1 
02-02 22:33:09.707   428   500 D mali_winsys: EGLint new_window_surface(egl_winsys_display *, void *, EGLSurface, EGLConfig, egl_winsys_surface **, EGLBoolean) returns 0x3000
02-02 22:33:09.708   562  4989 I GRALLOC : getCallingPid=598, shrFd=20,fmt=0x1,intFmt=0x1,btStrd=4352,size=90112,pid=562 
02-02 22:33:09.708   562  4989 I GRALLOC : 	 yuv=2,w=1080,h=20,Stride u=0 v=0,offset u=0 v=0 
02-02 22:33:09.708   562  4989 I GRALLOC : 	 iova_size=90112,conUsg=0xb00,proUsg=0xb00,	 strd=1088,[afbc]HdrStrd=0 PyldStrd=0 Scrmbl=0,ionhnd = 1 
02-02 22:33:09.708   428   428 D ViewRootImpl[StatusBar]: changeCanvasOpacity: opaque=true
02-02 22:33:09.709   562   740 I GRALLOC : getCallingPid=598, shrFd=20,fmt=0x1,intFmt=0x1,btStrd=4352,size=90112,pid=562 
02-02 22:33:09.709   562   740 I GRALLOC : 	 yuv=2,w=1080,h=20,Stride u=0 v=0,offset u=0 v=0 
02-02 22:33:09.709   562   740 I GRALLOC : 	 iova_size=90112,conUsg=0xb00,proUsg=0xb00,	 strd=1088,[afbc]HdrStrd=0 PyldStrd=0 Scrmbl=0,ionhnd = 2 
02-02 22:33:09.711   562   740 I GRALLOC : getCallingPid=598, shrFd=20,fmt=0x1,intFmt=0x1,btStrd=4352,size=90112,pid=562 
02-02 22:33:09.711   562   740 I GRALLOC : 	 yuv=2,w=1080,h=20,Stride u=0 v=0,offset u=0 v=0 
02-02 22:33:09.711   562   740 I GRALLOC : 	 iova_size=90112,conUsg=0xb00,proUsg=0xb00,	 strd=1088,[afbc]HdrStrd=0 PyldStrd=0 Scrmbl=0,ionhnd = 1 
02-02 22:33:09.750   949  1060 I InputReader: Reconfiguring input devices.  changes=0x00000004
02-02 22:33:09.794   428   500 D mali_winsys: EGLint new_window_surface(egl_winsys_display *, void *, EGLSurface, EGLConfig, egl_winsys_surface **, EGLBoolean) returns 0x3000
02-02 22:33:09.797   562   740 I GRALLOC : getCallingPid=598, shrFd=20,fmt=0x1,intFmt=0x1,btStrd=4352,size=315392,pid=562 
02-02 22:33:09.797   562   740 I GRALLOC : 	 yuv=2,w=1080,h=71,Stride u=0 v=0,offset u=0 v=0 
02-02 22:33:09.797   562   740 I GRALLOC : 	 iova_size=315392,conUsg=0xb00,proUsg=0xb00,	 strd=1088,[afbc]HdrStrd=0 PyldStrd=0 Scrmbl=0,ionhnd = 1 
02-02 22:33:09.798   562  4989 I GRALLOC : getCallingPid=598, shrFd=22,fmt=0x1,intFmt=0x1,btStrd=4352,size=315392,pid=562 
02-02 22:33:09.798   562  4989 I GRALLOC : 	 yuv=2,w=1080,h=71,Stride u=0 v=0,offset u=0 v=0 
02-02 22:33:09.798   562  4989 I GRALLOC : 	 iova_size=315392,conUsg=0xb00,proUsg=0xb00,	 strd=1088,[afbc]HdrStrd=0 PyldStrd=0 Scrmbl=0,ionhnd = 2 
02-02 22:33:09.798   562  4989 I GRALLOC : getCallingPid=598, shrFd=22,fmt=0x1,intFmt=0x1,btStrd=4352,size=315392,pid=562 
02-02 22:33:09.798   562  4989 I GRALLOC : 	 yuv=2,w=1080,h=71,Stride u=0 v=0,offset u=0 v=0 
02-02 22:33:09.798   562  4989 I GRALLOC : 	 iova_size=315392,conUsg=0xb00,proUsg=0xb00,	 strd=1088,[afbc]HdrStrd=0 PyldStrd=0 Scrmbl=0,ionhnd = 2 
02-02 22:33:09.799   428   428 D StatusBar: disable<e i a s b H!R!c s > disable2<q i n >
02-02 22:33:09.803   949  2359 D WifiService: New client listening to asynchronous messages
02-02 22:33:09.890   633   633 I aptouch_daemon: filter_touch_detect, down, in: 1, out: 1
02-02 22:33:09.890   949  1059 I InputDispatcher: Dropping event because there is no touchable window at (705, 1417).
02-02 22:33:10.021   633   633 I aptouch_daemon: filter_touch_detect, all_touch_up
02-02 22:33:10.054   949   949 V FingerprintService: stop client com.android.systemui
02-02 22:33:10.055   678   678 D fpc_fingerprint_hal: fpc_cancel_impl
02-02 22:33:10.055   678   678 D fpc_fingerprint_hal: sensorhub: fingerHubChannel setfingerhub,err :0
02-02 22:33:10.055   678   900 I fpc_fingerprint_hal: sensorhub: fhb_read_event data=0, read_len=12 
02-02 22:33:10.055   678   900 I fpc_fingerprint_hal: sensorhub: wait_finger_down: operation cancled
02-02 22:33:10.056   678   900 D fpc_fingerprint_hal: sensorhub: fingerHubChannel stopfingerhub,err :0
02-02 22:33:10.056   678   900 D fpc_fingerprint_hal: wait_finger_down, took 851 ms
02-02 22:33:10.056   678   900 E fpc_fingerprint_hal: capture_image failed -4
02-02 22:33:10.057   678   900 E fpc_fingerprint_hal: fp_end_identify failed -4
02-02 22:33:10.057   678   900 I fpc_fingerprint_hal: fp_end_identify operation CANCELED
02-02 22:33:10.057   678   900 D fpc_fingerprint_hal: do_identify took 40 ms, total:891 wait:851
02-02 22:33:10.066   678   900 D fpc_fingerprint_hal: worker idle
02-02 22:33:10.067   678   900 D fpc_fingerprint_hal: worker_state_cancel STATE_CANCEL
02-02 22:33:10.067   678   900 D FingerprintDevice: onError(5), vendorCode(0)
02-02 22:33:10.069   949   949 W FingerprintService: client com.android.systemui is no longer authenticating
02-02 22:33:10.069   949   949 V FingerprintService: Done with client: com.android.systemui
02-02 22:33:10.069   949   949 V FingerprintService: handleError(client=com.android.systemui, error = 5)
02-02 22:33:10.073   678   900 D fpc_fingerprint_hal: do_navigation STATE_NAVIGATION
02-02 22:33:10.157   562  4989 I GRALLOC : getCallingPid=428, shrFd=20,fmt=0x1,intFmt=0x200000001,btStrd=8960,size=20385792,pid=562 
02-02 22:33:10.157   562  4989 I GRALLOC : 	 yuv=2,w=2240,h=2240,Stride u=0 v=0,offset u=0 v=0 
02-02 22:33:10.157   562  4989 I GRALLOC : 	 iova_size=20385792,conUsg=0x100,proUsg=0x100,	 strd=2240,[afbc]HdrStrd=2240 PyldStrd=143360 Scrmbl=2,ionhnd = 1 
02-02 22:33:10.402   428   500 D mali_winsys: EGLint new_window_surface(egl_winsys_display *, void *, EGLSurface, EGLConfig, egl_winsys_surface **, EGLBoolean) returns 0x3000
02-02 22:33:10.403   428   428 I ImageWallpaper: Redrawing in rect: RectF(0.0, 0.0, 2240.0, 2240.0) with surface size: 2240x2240
02-02 22:33:10.413   562  4989 I GRALLOC : getCallingPid=598, shrFd=20,fmt=0x1,intFmt=0x200000001,btStrd=4352,size=9904128,pid=562 
02-02 22:33:10.413   562  4989 I GRALLOC : 	 yuv=2,w=1080,h=2240,Stride u=0 v=0,offset u=0 v=0 
02-02 22:33:10.413   562  4989 I GRALLOC : 	 iova_size=9904128,conUsg=0xb00,proUsg=0xb00,	 strd=1088,[afbc]HdrStrd=1088 PyldStrd=69632 Scrmbl=2,ionhnd = 1 
02-02 22:33:10.415   428   428 I Choreographer: Skipped 44 frames!  The application may be doing too much work on its main thread.
02-02 22:33:10.434   562  4989 I GRALLOC : getCallingPid=428, shrFd=20,fmt=0x1,intFmt=0x1,btStrd=512,size=36864,pid=562 
02-02 22:33:10.434   562  4989 I GRALLOC : 	 yuv=2,w=71,h=71,Stride u=0 v=0,offset u=0 v=0 
02-02 22:33:10.434   562  4989 I GRALLOC : 	 iova_size=36864,conUsg=0x100,proUsg=0x100,	 strd=128,[afbc]HdrStrd=0 PyldStrd=0 Scrmbl=0,ionhnd = 1 
02-02 22:33:10.435   562  4989 I GRALLOC : getCallingPid=428, shrFd=20,fmt=0x1,intFmt=0x1,btStrd=512,size=36864,pid=562 
02-02 22:33:10.435   562  4989 I GRALLOC : 	 yuv=2,w=71,h=71,Stride u=0 v=0,offset u=0 v=0 
02-02 22:33:10.435   562  4989 I GRALLOC : 	 iova_size=36864,conUsg=0x100,proUsg=0x100,	 strd=128,[afbc]HdrStrd=0 PyldStrd=0 Scrmbl=0,ionhnd = 1 
02-02 22:33:10.439   428   500 I OpenGLRenderer: Davey! duration=759ms; Flags=0, IntendedVsync=22454008298363, Vsync=22454741631667, OldestInputEvent=9223372036854775807, NewestInputEvent=0, HandleInputStart=22454745592924, AnimationStart=22454745679382, PerformTraversalsStart=22454748792924, DrawStart=22454758566882, SyncQueued=22454766290320, SyncStart=22454767846049, IssueDrawCommandsStart=22454767889799, SwapBuffers=22454768839278, FrameCompleted=22454769355424, DequeueBufferDuration=48000, QueueBufferDuration=84000, 
02-02 22:33:10.555   428   500 I OpenGLRenderer: Davey! duration=876ms; Flags=0, IntendedVsync=22454008298363, Vsync=22454741631667, OldestInputEvent=9223372036854775807, NewestInputEvent=0, HandleInputStart=22454745592924, AnimationStart=22454745679382, PerformTraversalsStart=22454748792924, DrawStart=22454854008549, SyncQueued=22454857006466, SyncStart=22454857486674, IssueDrawCommandsStart=22454857746570, SwapBuffers=22454883030945, FrameCompleted=22454884953861, DequeueBufferDuration=389000, QueueBufferDuration=456000, 
02-02 22:33:11.089   428   428 D StatusBar: disable<e i a s b H R c s > disable2<q i n >
02-02 22:33:11.092   428   428 D StatusBar: disable<e i a s b H R c s > disable2<q i n >
02-02 22:33:11.098   428   492 V WifiManager: registerSoftApCallback: callback=com.android.systemui.statusbar.policy.HotspotControllerImpl@b669719, handler=Handler (android.os.Handler) {30e23de}
02-02 22:33:11.099   428   428 D StatusBar: disable<e i a s b H R c s > disable2<q i n >
02-02 22:33:11.099   428   440 V WifiManager: SoftApCallbackProxy: onStateChanged: state=11, failureReason=0
02-02 22:33:11.100   428   440 V WifiManager: SoftApCallbackProxy: onNumClientsChanged: numClients=0
02-02 22:33:11.122   428   428 D StatusBar: disable<e i a s b H R c s > disable2<q i n >
02-02 22:33:11.143   428   428 I chatty  : uid=10065(com.android.systemui) identical 2 lines
02-02 22:33:11.144   428   428 D StatusBar: disable<e i a s b H R c s > disable2<q i n >
02-02 22:33:11.157   678   678 D fpc_fingerprint_hal: fpc_get_authenticator_id_impl
02-02 22:33:11.157   678   900 D fpc_fingerprint_hal: fpc poll irq interupt
02-02 22:33:11.157   678   900 I fpc_fingerprint_hal: wait_finger_down: operation cancled
02-02 22:33:11.157   678   900 D fpc_fingerprint_hal: wait_finger_down, took 1083 ms
02-02 22:33:11.157   678   900 E fpc_fingerprint_hal: [fph_nav] do_navigation break loop, reason: wait_finger_down is canceled -4
02-02 22:33:11.165   678   900 D fpc_fingerprint_hal: worker idle
02-02 22:33:11.168   678   678 D fpc_fingerprint_hal: fpc_get_authenticator_id_impl id 3510632257411436433
02-02 22:33:11.169   949   949 V FingerprintService: startAuthentication(com.android.systemui)
02-02 22:33:11.169   949   949 V FingerprintService: starting client AuthenticationClient(com.android.systemui), initiatedByClient = true
02-02 22:33:11.170   678   678 D fpc_fingerprint_hal: fpc_authenticate_impl
02-02 22:33:11.170   428   428 I ImageWallpaper: Redrawing in rect: RectF(0.0, 0.0, 2240.0, 2240.0) with surface size: 2240x2240
02-02 22:33:11.171   428   428 I ImageWallpaper: Redrawing in rect: RectF(0.0, 0.0, 2240.0, 2240.0) with surface size: 2240x2240
02-02 22:33:11.174   562  4989 I GRALLOC : getCallingPid=598, shrFd=20,fmt=0x1,intFmt=0x200000001,btStrd=4352,size=9904128,pid=562 
02-02 22:33:11.174   562  4989 I GRALLOC : 	 yuv=2,w=1080,h=2240,Stride u=0 v=0,offset u=0 v=0 
02-02 22:33:11.174   562  4989 I GRALLOC : 	 iova_size=9904128,conUsg=0xb00,proUsg=0xb00,	 strd=1088,[afbc]HdrStrd=1088 PyldStrd=69632 Scrmbl=2,ionhnd = 1 
02-02 22:33:11.176   678   900 D fpc_fingerprint_hal: worker idle
02-02 22:33:11.176   678   900 D fpc_fingerprint_hal: worker_state_authenticate STATE_AUTHENTICATE
02-02 22:33:11.176   949   949 W FingerprintService: client com.android.systemui is authenticating...
02-02 22:33:11.177   678   900 I fpc_tac : fpc_tac_send_get_indices_cmd indices:0x7bf9626040, index_count:1
02-02 22:33:11.178   678   900 D fpc_fingerprint_hal: fp_init_identify indices[0]=0
02-02 22:33:11.178   678   900 D fpc_fingerprint_hal: primary_indices_count : 1 , privacy_indices_count : 0 
02-02 22:33:11.178   678   900 D fpc_fingerprint_hal: fp_init_identify not auth both space fingerprints
02-02 22:33:11.179   678   900 E fpc_tac : fpc_tac_begin_identify---need_liveness_authentication: 0
02-02 22:33:11.188   428   428 I ImageWallpaper: Redrawing in rect: RectF(0.0, 0.0, 2240.0, 2240.0) with surface size: 2240x2240
02-02 22:33:11.190   428   428 I ImageWallpaper: Redrawing in rect: RectF(0.0, 0.0, 2240.0, 2240.0) with surface size: 2240x2240
02-02 22:33:11.194   562  4989 I GRALLOC : getCallingPid=598, shrFd=20,fmt=0x1,intFmt=0x200000001,btStrd=8960,size=20385792,pid=562 
02-02 22:33:11.194   562  4989 I GRALLOC : 	 yuv=2,w=2240,h=2240,Stride u=0 v=0,offset u=0 v=0 
02-02 22:33:11.194   562  4989 I GRALLOC : 	 iova_size=20385792,conUsg=0xb00,proUsg=0xb00,	 strd=2240,[afbc]HdrStrd=2240 PyldStrd=143360 Scrmbl=2,ionhnd = 1 
02-02 22:33:11.204   428   428 W StatusBar/NavBarView: *** Invalid layout in navigation bar (sizeChanged this=1080x107 cur=1040x107)
02-02 22:33:11.204   428   428 I Choreographer: Skipped 46 frames!  The application may be doing too much work on its main thread.
02-02 22:33:11.208   562  4989 I GRALLOC : getCallingPid=598, shrFd=20,fmt=0x1,intFmt=0x200000001,btStrd=8960,size=20385792,pid=562 
02-02 22:33:11.208   562  4989 I GRALLOC : 	 yuv=2,w=2240,h=2240,Stride u=0 v=0,offset u=0 v=0 
02-02 22:33:11.208   562  4989 I GRALLOC : 	 iova_size=20385792,conUsg=0xb00,proUsg=0xb00,	 strd=2240,[afbc]HdrStrd=2240 PyldStrd=143360 Scrmbl=2,ionhnd = 1 
02-02 22:33:11.212   678   900 I fpc_tac : fpc_tac_send_set_arbitrary_data_cmd:ok, response:0
02-02 22:33:11.212   678   900 D FingerprintDevice: onAcquired(6), vendorCode(1001)
02-02 22:33:11.213   678   900 I fpc_fingerprint_hal: sensorhub: fhb_config data=1, write_len=1
02-02 22:33:11.230   678   900 D fpc_fingerprint_hal: sensorhub: fingerHubChannel startfingerhub,err :0
02-02 22:33:11.257   598  1031 E BufferQueueProducer: [StatusBar#0] disconnect: not connected (req=1)
02-02 22:33:11.258   428   500 W libEGL  : EGLNativeWindowType 0x736eaa4010 disconnect failed
02-02 22:33:11.259   428   500 D mali_winsys: EGLint new_window_surface(egl_winsys_display *, void *, EGLSurface, EGLConfig, egl_winsys_surface **, EGLBoolean) returns 0x3000
02-02 22:33:11.273   428   428 D StatusBar: disable<e i a s b H R c s > disable2<q i n >
02-02 22:33:11.276   428   428 W View    : requestLayout() improperly called by com.android.keyguard.CarrierText{8291eee V.ED..... ..S...ID 41,0-687,102 #7f0a0192 app:id/keyguard_carrier_text} during layout: running second layout pass
02-02 22:33:11.304   562  4989 I GRALLOC : getCallingPid=598, shrFd=20,fmt=0x1,intFmt=0x200000001,btStrd=4352,size=9904128,pid=562 
02-02 22:33:11.304   562  4989 I GRALLOC : 	 yuv=2,w=1080,h=2240,Stride u=0 v=0,offset u=0 v=0 
02-02 22:33:11.304   562  4989 I GRALLOC : 	 iova_size=9904128,conUsg=0xb00,proUsg=0xb00,	 strd=1088,[afbc]HdrStrd=1088 PyldStrd=69632 Scrmbl=2,ionhnd = 1 
02-02 22:33:11.322   595   595 E WifiHAL : enter wifi_get_link_stats
02-02 22:33:11.348   428   500 I OpenGLRenderer: Davey! duration=918ms; Flags=1, IntendedVsync=22454759364964, Vsync=22455526031600, OldestInputEvent=9223372036854775807, NewestInputEvent=0, HandleInputStart=22455533903341, AnimationStart=22455533940320, PerformTraversalsStart=22455538583028, DrawStart=22455616811153, SyncQueued=22455625380945, SyncStart=22455625593445, IssueDrawCommandsStart=22455629945007, SwapBuffers=22455675636153, FrameCompleted=22455678003861, DequeueBufferDuration=5149000, QueueBufferDuration=370000, 
02-02 22:33:11.352   598  1031 E BufferQueueProducer: [NavigationBar#0] disconnect: not connected (req=1)
02-02 22:33:11.352   428   500 W libEGL  : EGLNativeWindowType 0x736f736010 disconnect failed
02-02 22:33:11.419   428   428 W FingerprintManager: Invalid acquired message: 6, 1001
02-02 22:33:11.451   562  4989 I GRALLOC : getCallingPid=598, shrFd=20,fmt=0x1,intFmt=0x200000001,btStrd=4352,size=9904128,pid=562 
02-02 22:33:11.451   562  4989 I GRALLOC : 	 yuv=2,w=1080,h=2240,Stride u=0 v=0,offset u=0 v=0 
02-02 22:33:11.451   562  4989 I GRALLOC : 	 iova_size=9904128,conUsg=0xb00,proUsg=0xb00,	 strd=1088,[afbc]HdrStrd=1088 PyldStrd=69632 Scrmbl=2,ionhnd = 1 
02-02 22:33:11.512   562  4989 I GRALLOC : getCallingPid=598, shrFd=20,fmt=0x1,intFmt=0x200000001,btStrd=4352,size=9904128,pid=562 
02-02 22:33:11.512   562  4989 I GRALLOC : 	 yuv=2,w=1080,h=2240,Stride u=0 v=0,offset u=0 v=0 
02-02 22:33:11.512   562  4989 I GRALLOC : 	 iova_size=9904128,conUsg=0xb00,proUsg=0xb00,	 strd=1088,[afbc]HdrStrd=1088 PyldStrd=69632 Scrmbl=2,ionhnd = 1 
02-02 22:33:11.611   428   428 W StaticLayout: maxLineHeight should not be -1.  maxLines:1 lineCount:1
02-02 22:33:12.205 17706 17723 I Finsky  : [132] com.google.android.finsky.bo.an.run(6): Stats for Executor: Db-notification_cache com.google.android.finsky.bo.ao@83e2fca[Running, pool size = 0, active threads = 0, queued tasks = 0, completed tasks = 8]
02-02 22:33:12.660   428   428 I vol.Events: writeEvent dismiss_dialog timeout
02-02 22:33:12.782 17706 17723 I Finsky  : [132] com.google.android.finsky.bo.an.run(6): Stats for Executor: BlockingExecutor com.google.android.finsky.bo.ao@8fdfbfb[Running, pool size = 0, active threads = 0, queued tasks = 0, completed tasks = 46]
02-02 22:33:12.782 17706 17723 I Finsky  : [132] com.google.android.finsky.bo.an.run(6): Stats for Executor: LightweightExecutor com.google.android.finsky.bo.ao@60cf418[Running, pool size = 4, active threads = 0, queued tasks = 0, completed tasks = 54]
02-02 22:33:12.927 17706 17723 I Finsky  : [132] com.google.android.finsky.bo.an.run(6): Stats for Executor: bgExecutor com.google.android.finsky.bo.ao@8736e71[Running, pool size = 4, active threads = 0, queued tasks = 0, completed tasks = 78]
02-02 22:33:12.927 17706 17723 I Finsky  : [132] com.google.android.finsky.bo.an.run(6): Stats for Executor: SimChangeExecutor com.google.android.finsky.bo.ao@132a456[Running, pool size = 1, active threads = 1, queued tasks = 4, completed tasks = 0]
02-02 22:33:13.051 17706 17723 I Finsky  : [132] com.google.android.finsky.bo.an.run(6): Stats for Executor: Db-split_install_service com.google.android.finsky.bo.ao@1265cd7[Running, pool size = 0, active threads = 0, queued tasks = 0, completed tasks = 7]
02-02 22:33:13.052 17706 17723 I Finsky  : [132] com.google.android.finsky.bo.an.run(6): Stats for Executor: SplitInstallBackgroundThread com.google.android.finsky.bo.ao@2e939c4[Running, pool size = 0, active threads = 0, queued tasks = 0, completed tasks = 5]
02-02 22:33:13.052 17706 17723 I Finsky  : [132] com.google.android.finsky.bo.an.run(6): Stats for Executor: Db-install_service com.google.android.finsky.bo.ao@e7f80ad[Running, pool size = 0, active threads = 0, queued tasks = 0, completed tasks = 5]
02-02 22:33:13.053 17706 17723 I Finsky  : [132] com.google.android.finsky.bo.an.run(6): Stats for Executor: InstallBackgroundThread com.google.android.finsky.bo.ao@84cafe2[Running, pool size = 0, active threads = 0, queued tasks = 0, completed tasks = 2]
02-02 22:33:13.053 17706 17723 I Finsky  : [132] com.google.android.finsky.bo.an.run(6): Stats for Executor: StorageAwareDownloadServiceManagerSpaceChecker com.google.android.finsky.bo.ao@109ef73[Running, pool size = 0, active threads = 0, queued tasks = 0, completed tasks = 0]
02-02 22:33:13.054 17706 17723 I Finsky  : [132] com.google.android.finsky.bo.an.run(6): Stats for Executor: Db-xternal_referrer_status.db com.google.android.finsky.bo.ao@e9584d9[Running, pool size = 0, active threads = 0, queued tasks = 0, completed tasks = 6]
02-02 22:33:13.450 17706 17723 I Finsky  : [132] com.google.android.finsky.bo.an.run(6): Stats for Executor: InstallBackgroundThread com.google.android.finsky.bo.ao@e222e30[Running, pool size = 0, active threads = 0, queued tasks = 0, completed tasks = 0]
02-02 22:33:13.451 17706 17723 I Finsky  : [132] com.google.android.finsky.bo.an.run(6): Stats for Executor: InstallBackgroundThread com.google.android.finsky.bo.ao@7c07aa9[Running, pool size = 0, active threads = 0, queued tasks = 0, completed tasks = 0]
02-02 22:33:13.903   678   900 I fpc_fingerprint_hal: sensorhub: fhb_read_event data=2, read_len=12 
02-02 22:33:13.903   678   900 D FingerprintDevice: onAcquired(6), vendorCode(1002)
02-02 22:33:13.903   678   900 D FingerprintDevice: PerfEvent speedup start
02-02 22:33:13.903   678   900 E fpc_fingerprint_hal: stats_para_increase obj_id=912000001, idx=28 
02-02 22:33:13.903   586   586 E uniperf server: uniPerfEvent doParse failed, cmdId=4103
02-02 22:33:13.910   586   586 D uniperf hal: do uniPerfEvent failed, cmdId=4103, ret=2
02-02 22:33:13.925   428   428 W FingerprintManager: Invalid acquired message: 6, 1002
02-02 22:33:13.952   678   900 I fpc_fingerprint_hal: sensorhub: fhb_read_event data=1, read_len=12 
02-02 22:33:13.955   678   900 D fpc_fingerprint_hal: sensorhub: fingerHubChannel stopfingerhub,err :0
02-02 22:33:13.955   678   900 D fpc_fingerprint_hal: wait_finger_down, took 2742 ms
02-02 22:33:13.956   678   900 I fpc_fingerprint_hal: [fpc_set_charge_status]charge status: 0
02-02 22:33:14.022   678   900 D FingerprintDevice: onAcquired(0), vendorCode(0)
02-02 22:33:14.022   678   900 D fpc_fingerprint_hal: fp_captureImage_for_identify: capture image took 119 ms
02-02 22:33:14.065   678   900 D fpc_tac : Identify took 42 ms (result: 2 score: 71 i: 0 coverage:87 quality:65)
02-02 22:33:14.065   678   900 D fpc_fingerprint_hal: fp_identify: result:2 score:71 index:0 updated_template_size:0 coverage:87 quality:65,sensorhub_anti_touch_cnt:0 sensorhub_fail_img_cnt:0,score:0
02-02 22:33:14.066   678   900 I fpc_fingerprint_hal: template id:3355922202
02-02 22:33:14.066   678   900 D FingerprintDevice: onAuthenticated(fid=-939045094, gid=0)
02-02 22:33:14.067   678   900 I fpc_fingerprint_hal: fp_identify_match hw_image_algorithm: HistWidth: 0 ,SaturScore: 0 oritation: 0 coverage: 0 Contrast: 0 mean: 0 std:0 dry: 0 wet: 0
02-02 22:33:14.067   678   900 D fpc_fingerprint_hal: fp_identify_match: fp TA identify took 44 ms
02-02 22:33:14.067   678   900 I fpc_fingerprint_hal: fp_identify_match: identify success irq count=16
02-02 22:33:14.067   678   900 D fpc_fingerprint_hal: ###########update template begin
02-02 22:33:14.069   653   653 D keystore: AddAuthenticationToken: timestamp = 22475413, time_received = 22458
02-02 22:33:14.070   949   949 V FingerprintService: onAuthenticated(owner=com.android.systemui, id=-939045094, gp=0)
02-02 22:33:14.078   949   949 V FingerprintService: Done with client: com.android.systemui
02-02 22:33:14.091   428   428 V FingerprintController: startWakeAndUnlock(5)
02-02 22:33:14.092   428   428 V StatusBar: mStatusBarWindow: com.android.systemui.statusbar.phone.StatusBarWindowView{82c0b0f V.ED..... .......D 0,0-1080,2240} canPanelBeCollapsed(): true
02-02 22:33:14.350   595   595 E WifiHAL : enter wifi_get_link_stats
02-02 22:33:14.352   428   428 D StatusBar: disable<e i a s b H R c s > disable2<q i n >
02-02 22:33:14.365   428   492 V WifiManager: registerSoftApCallback: callback=com.android.systemui.statusbar.policy.HotspotControllerImpl@b669719, handler=Handler (android.os.Handler) {30e23de}
02-02 22:33:14.365 23067 23099 D mali_winsys: EGLint new_window_surface(egl_winsys_display *, void *, EGLSurface, EGLConfig, egl_winsys_surface **, EGLBoolean) returns 0x3000
02-02 22:33:14.375   428   440 V WifiManager: SoftApCallbackProxy: onStateChanged: state=11, failureReason=0
02-02 22:33:14.376   428   440 V WifiManager: SoftApCallbackProxy: onNumClientsChanged: numClients=0
02-02 22:33:14.376   562  4989 I GRALLOC : getCallingPid=598, shrFd=20,fmt=0x1,intFmt=0x200000001,btStrd=4352,size=9904128,pid=562 
02-02 22:33:14.376   562  4989 I GRALLOC : 	 yuv=2,w=1080,h=2240,Stride u=0 v=0,offset u=0 v=0 
02-02 22:33:14.376   562  4989 I GRALLOC : 	 iova_size=9904128,conUsg=0xb00,proUsg=0xb00,	 strd=1088,[afbc]HdrStrd=1088 PyldStrd=69632 Scrmbl=2,ionhnd = 1 
02-02 22:33:14.384   562   740 I GRALLOC : getCallingPid=598, shrFd=22,fmt=0x1,intFmt=0x200000001,btStrd=4352,size=9904128,pid=562 
02-02 22:33:14.384   562   740 I GRALLOC : 	 yuv=2,w=1080,h=2240,Stride u=0 v=0,offset u=0 v=0 
02-02 22:33:14.384   562   740 I GRALLOC : 	 iova_size=9904128,conUsg=0xb00,proUsg=0xb00,	 strd=1088,[afbc]HdrStrd=1088 PyldStrd=69632 Scrmbl=2,ionhnd = 2 
02-02 22:33:14.389   562   562 I GRALLOC : getCallingPid=598, shrFd=22,fmt=0x1,intFmt=0x200000001,btStrd=4352,size=9904128,pid=562 
02-02 22:33:14.389   562   562 I GRALLOC : 	 yuv=2,w=1080,h=2240,Stride u=0 v=0,offset u=0 v=0 
02-02 22:33:14.389   562   562 I GRALLOC : 	 iova_size=9904128,conUsg=0xb00,proUsg=0xb00,	 strd=1088,[afbc]HdrStrd=1088 PyldStrd=69632 Scrmbl=2,ionhnd = 3 
02-02 22:33:14.393   598   636 D SurfaceFlinger: duplicate layer name: changing com.android.launcher3/co.aoscp.lovegood.LunaLauncher to com.android.launcher3/co.aoscp.lovegood.LunaLauncher#1
02-02 22:33:14.400 26353 26569 D mali_winsys: EGLint new_window_surface(egl_winsys_display *, void *, EGLSurface, EGLConfig, egl_winsys_surface **, EGLBoolean) returns 0x3000
02-02 22:33:14.409 26353 26353 D PredictionsDispatcher: Got predicted apps
02-02 22:33:14.409   562   740 I GRALLOC : getCallingPid=598, shrFd=20,fmt=0x1,intFmt=0x200000001,btStrd=4352,size=9904128,pid=562 
02-02 22:33:14.409   562   740 I GRALLOC : 	 yuv=2,w=1080,h=2240,Stride u=0 v=0,offset u=0 v=0 
02-02 22:33:14.409   562   740 I GRALLOC : 	 iova_size=9904128,conUsg=0xb00,proUsg=0xb00,	 strd=1088,[afbc]HdrStrd=1088 PyldStrd=69632 Scrmbl=2,ionhnd = 2 
02-02 22:33:14.415   562   562 I GRALLOC : getCallingPid=598, shrFd=22,fmt=0x1,intFmt=0x200000001,btStrd=4352,size=9904128,pid=562 
02-02 22:33:14.415   562   562 I GRALLOC : 	 yuv=2,w=1080,h=2240,Stride u=0 v=0,offset u=0 v=0 
02-02 22:33:14.415   562   562 I GRALLOC : 	 iova_size=9904128,conUsg=0xb00,proUsg=0xb00,	 strd=1088,[afbc]HdrStrd=1088 PyldStrd=69632 Scrmbl=2,ionhnd = 3 
02-02 22:33:14.423   562  4989 I GRALLOC : getCallingPid=598, shrFd=20,fmt=0x1,intFmt=0x200000001,btStrd=4352,size=9904128,pid=562 
02-02 22:33:14.423   562  4989 I GRALLOC : 	 yuv=2,w=1080,h=2240,Stride u=0 v=0,offset u=0 v=0 
02-02 22:33:14.423   562  4989 I GRALLOC : 	 iova_size=9904128,conUsg=0xb00,proUsg=0xb00,	 strd=1088,[afbc]HdrStrd=1088 PyldStrd=69632 Scrmbl=2,ionhnd = 1 
02-02 22:33:14.434 23067 23091 I RunnerModule: Event Bus thread priority is now -2
02-02 22:33:14.445   428   428 D StatusBar: disable<e i a s b H R c s > disable2<q i n >
02-02 22:33:14.446 23067 23067 W ThreadPoolDumper: Queue length for executor EventBus is now 11. Perhaps some tasks are too long, or the pool is too small.
02-02 22:33:14.450   949  4933 W UsageStatsService: Event reported without a package name
02-02 22:33:14.450   678   900 D fpc_fingerprint_hal: ###########update template end
02-02 22:33:14.450   678   900 D fpc_fingerprint_hal: fp_identify_update_template: update template took 383 ms
02-02 22:33:14.453   428   428 D StatusBar: disable<e i a s b h!r!c s > disable2<q i n >
02-02 22:33:14.454 23067 23091 W SessionLifecycleManager: Handover failed. Creating new session controller.
02-02 22:33:14.483   949   986 W BroadcastQueue: Background execution not allowed: receiving Intent { act=android.intent.action.USER_PRESENT flg=0x24200010 } to com.google.android.gms/.auth.setup.devicesignals.LockScreenReceiver
02-02 22:33:14.484   949   986 W BroadcastQueue: Background execution not allowed: receiving Intent { act=android.intent.action.USER_PRESENT flg=0x24200010 } to com.google.android.gms/.trustagent.UserPresentBroadcastReceiver
02-02 22:33:14.484   949   986 W BroadcastQueue: Background execution not allowed: receiving Intent { act=android.intent.action.USER_PRESENT flg=0x24200010 } to com.google.android.gms/.chimera.GmsIntentOperationService$PersistentTrustedReceiver
02-02 22:33:14.486  3226  3226 I libnfc_nci: [INFO:NativeNfcManager.cpp(1754)] nfcManager_doSetScreenState: state = 8 prevScreenState= 2, discovry_param = 1
02-02 22:33:14.500 23067 23091 I StreamController: registerScope: nowcards-15-1452b02-7a77
02-02 22:33:14.508   678   900 I fpc_tac : Store template db took 58 ms
02-02 22:33:14.522  9008 32348 I CastDatabase: Opening the database
02-02 22:33:14.527   949  3232 I WifiService: startScan uid=10037
02-02 22:33:14.529  9008  9008 I DiscoveryManager: WifiGuestModeDeviceScanner enabled.
02-02 22:33:14.532   428   500 D mali_winsys: EGLint new_window_surface(egl_winsys_display *, void *, EGLSurface, EGLConfig, egl_winsys_surface **, EGLBoolean) returns 0x3000
02-02 22:33:14.534   562  4989 I GRALLOC : getCallingPid=598, shrFd=20,fmt=0x1,intFmt=0x1,btStrd=4352,size=471040,pid=562 
02-02 22:33:14.534   562  4989 I GRALLOC : 	 yuv=2,w=1080,h=107,Stride u=0 v=0,offset u=0 v=0 
02-02 22:33:14.534   562  4989 I GRALLOC : 	 iova_size=471040,conUsg=0xb00,proUsg=0xb00,	 strd=1088,[afbc]HdrStrd=0 PyldStrd=0 Scrmbl=0,ionhnd = 1 
02-02 22:33:14.535   562   562 I GRALLOC : getCallingPid=598, shrFd=20,fmt=0x1,intFmt=0x1,btStrd=4352,size=471040,pid=562 
02-02 22:33:14.535   562   562 I GRALLOC : 	 yuv=2,w=1080,h=107,Stride u=0 v=0,offset u=0 v=0 
02-02 22:33:14.535   562   562 I GRALLOC : 	 iova_size=471040,conUsg=0xb00,proUsg=0xb00,	 strd=1088,[afbc]HdrStrd=0 PyldStrd=0 Scrmbl=0,ionhnd = 1 
02-02 22:33:14.536   562   562 I GRALLOC : getCallingPid=598, shrFd=20,fmt=0x1,intFmt=0x1,btStrd=4352,size=471040,pid=562 
02-02 22:33:14.536   562   562 I GRALLOC : 	 yuv=2,w=1080,h=107,Stride u=0 v=0,offset u=0 v=0 
02-02 22:33:14.536   562   562 I GRALLOC : 	 iova_size=471040,conUsg=0xb00,proUsg=0xb00,	 strd=1088,[afbc]HdrStrd=0 PyldStrd=0 Scrmbl=0,ionhnd = 1 
02-02 22:33:14.542  9008 32348 I SQLiteCastStore: 0 CastNetworkInfo instances loaded, 0 CastDeviceInfo instances loaded, 0 paired guest mode devices loaded.
02-02 22:33:14.553   678   900 I fpc_tac : Store template db took 44 ms
02-02 22:33:14.553   678   900 D fpc_fingerprint_hal: do_identify identify success report identify end key
02-02 22:33:14.554   678   900 D fpc_fingerprint_hal: do_identify took 635 ms, total:3377 wait:2742
02-02 22:33:14.559   562   562 I GRALLOC : getCallingPid=428, shrFd=20,fmt=0x1,intFmt=0x1,btStrd=512,size=36864,pid=562 
02-02 22:33:14.559   562   562 I GRALLOC : 	 yuv=2,w=71,h=71,Stride u=0 v=0,offset u=0 v=0 
02-02 22:33:14.559   562   562 I GRALLOC : 	 iova_size=36864,conUsg=0x100,proUsg=0x100,	 strd=128,[afbc]HdrStrd=0 PyldStrd=0 Scrmbl=0,ionhnd = 1 
02-02 22:33:14.562   678   900 D fpc_fingerprint_hal: worker_state_wait_fingerup STATE_WAIT_FINGER_UP
02-02 22:33:14.562   562   562 I GRALLOC : getCallingPid=428, shrFd=20,fmt=0x1,intFmt=0x1,btStrd=512,size=36864,pid=562 
02-02 22:33:14.562   562   562 I GRALLOC : 	 yuv=2,w=71,h=71,Stride u=0 v=0,offset u=0 v=0 
02-02 22:33:14.562   562   562 I GRALLOC : 	 iova_size=36864,conUsg=0x100,proUsg=0x100,	 strd=128,[afbc]HdrStrd=0 PyldStrd=0 Scrmbl=0,ionhnd = 1 
02-02 22:33:14.565   562   562 I chatty  : uid=1000(system) allocator@2.0-s identical 1 line
02-02 22:33:14.569   562   562 I GRALLOC : getCallingPid=428, shrFd=20,fmt=0x1,intFmt=0x1,btStrd=512,size=36864,pid=562 
02-02 22:33:14.569   562   562 I GRALLOC : 	 yuv=2,w=71,h=71,Stride u=0 v=0,offset u=0 v=0 
02-02 22:33:14.569   562   562 I GRALLOC : 	 iova_size=36864,conUsg=0x100,proUsg=0x100,	 strd=128,[afbc]HdrStrd=0 PyldStrd=0 Scrmbl=0,ionhnd = 1 
02-02 22:33:14.579 23067 32494 W LocationOracle: No location history returned by ContextManager
02-02 22:33:14.632   678   900 D fpc_fingerprint_hal: wait_finger_down, took 69 ms
02-02 22:33:14.632   678   900 D FingerprintDevice: onAcquired(6), vendorCode(1003)
