12-28 17:40:40.424   506  9511 E mm-camera: af_util_stats_config_info_lgaf: 2nd h_num_default 6, v_num_default 6
12-28 17:40:40.424   506  9493 E mm-camera-isp2: be_stats44_stats_config_validate:623 Invalid BG from 3A h_num = 0, v_num = 0
12-28 17:40:40.424   506  9493 E mm-camera-isp2: 
12-28 17:40:40.424   506  9493 E mm-camera-isp2: bhist_stats44_stats_config_validate:363 Invalid BG from 3A h_num = 0, v_num = 0
12-28 17:40:40.424   506  9493 E mm-camera-isp2: 
12-28 17:40:40.424   506  9494 E mm-camera-isp2: scaler44_handle_isp_private_event:1599 failed: invalid private event 17
12-28 17:40:40.425   506  9494 E mm-camera-isp2: scaler44_handle_isp_private_event:1599 failed: invalid private event 17
12-28 17:40:40.425   506  9493 E mm-camera-isp2: bg_stats44_trigger_update:388 bg_rgn_width 83 bg_rgn_height 62
12-28 17:40:40.439   506  9518 D mm-camera: mct: mct_pipeline_process_set:command=8000008
12-28 17:40:40.439   506  9518 D mm-camera: mct: mct_pipeline_process_set: STREAM-ON on stream 0x10003 stream type=3
12-28 17:40:40.439   506  9518 E mm-camera: iface_sink_port_stream_config: port state = 3, skip set stream config
12-28 17:40:40.440   506  9518 E mm-camera-isp2: scaler44_handle_isp_private_event:1599 failed: invalid private event 17
12-28 17:40:40.440   506  9518 E mm-camera-isp2: scaler44_handle_isp_private_event:1599 failed: invalid private event 17
12-28 17:40:40.442   506  9518 E mm-camera: af_port_restart_proxy_value
12-28 17:40:40.443   506  9518 E mm-camera-sensor: sensor_proxy_thread_restart:231enter
12-28 17:40:40.443   506  9518 E mm-camera-sensor: port_sensor_handle_upstream_module_event:1569PROXY_THREAD_RESTART OK
12-28 17:40:40.443   506  9518 E mm-camera-sensor: 
12-28 17:40:40.443   506  9518 E mm-camera-sensor: proxy_thread_start:274p_thread, enter
12-28 17:40:40.443   506  9518 E mm-camera-sensor: proxy_thread_start:281p_thread,end
12-28 17:40:40.446   506  9511 E mm-camera: af_process_parse_stats: Invalid FV data fv_scale wrong!
12-28 17:40:40.454   506  9545 E mm-camera: iface_util_broadcast_sof_msg_to_modules: E, session_d 1, stream_id 2 sof_cnt 2
12-28 17:40:40.457   506  9511 E mm-camera: af_util_adjust_roi_lgaf, af_is_touchshot 0, af_touchshot_mode 0
12-28 17:40:40.457   506  9511 E mm-camera: af_util_adjust_roi_lgaf: vfe_map: 5312 x 2988, pp_crop_out: 1536 x 864, preview: 1536 x 864, Input Zoom factor: 1.000000, zoom_level = 0
12-28 17:40:40.457   506  9511 E mm-camera: af_util_adjust_roi_lgaf: Default ROI
12-28 17:40:40.457   506  9511 E mm-camera: af_util_adjust_roi_lgaf: Calculated new ROI: Primary: (1860, 1046, 1592 896) Scale: (1860, 1046, 1592, 896)
12-28 17:40:40.457   506  9511 E mm-camera: af_util_stats_config_info_lgaf: 2nd h_num_default 6, v_num_default 6
12-28 17:40:40.457   506  9493 E mm-camera-isp2: be_stats44_stats_config_validate:623 Invalid BG from 3A h_num = 0, v_num = 0
12-28 17:40:40.457   506  9493 E mm-camera-isp2: 
12-28 17:40:40.458   506  9493 E mm-camera-isp2: bhist_stats44_stats_config_validate:363 Invalid BG from 3A h_num = 0, v_num = 0
12-28 17:40:40.458   506  9493 E mm-camera-isp2: 
12-28 17:40:40.458   506  9493 E mm-camera-isp2: bg_stats44_trigger_update:388 bg_rgn_width 83 bg_rgn_height 62
12-28 17:40:40.458   506  9493 E mm-camera-isp2: be_stats44_trigger_update:419 Be stats ROI width > sensor height 2988
12-28 17:40:40.487   506  9545 E mm-camera: iface_util_broadcast_sof_msg_to_modules: E, session_d 1, stream_id 2 sof_cnt 3
12-28 17:40:40.489   506  9493 E mm-camera-isp2: be_stats44_stats_config_validate:623 Invalid BG from 3A h_num = 0, v_num = 0
12-28 17:40:40.489   506  9493 E mm-camera-isp2: 
12-28 17:40:40.489   506  9493 E mm-camera-isp2: bhist_stats44_stats_config_validate:363 Invalid BG from 3A h_num = 0, v_num = 0
12-28 17:40:40.489   506  9493 E mm-camera-isp2: 
12-28 17:40:40.489   506  9493 E mm-camera-isp2: bg_stats44_trigger_update:388 bg_rgn_width 83 bg_rgn_height 62
12-28 17:40:40.489   506  9493 E mm-camera-isp2: be_stats44_trigger_update:419 Be stats ROI width > sensor height 2988
12-28 17:40:40.520   506  9545 E mm-camera: iface_util_broadcast_sof_msg_to_modules: E, session_d 1, stream_id 2 sof_cnt 4
12-28 17:40:40.520   506  9486 E mm-camera: iface_ispif_get_cfg_params_from_hw_streams: interface 0 already active
12-28 17:40:40.520   506  9518 D mm-camera: mct: mct_pipeline_process_set: STREAM-ON success for stream 0x10003, stream type=3
12-28 17:40:40.523   506  9511 E mm-camera: af_process_parse_stats: Invalid FV data fv_scale wrong!
12-28 17:40:40.525   506  9511 I chatty  : uid=1006(camera) CAM_AF identical 1 line
12-28 17:40:40.542   506  9511 E mm-camera: af_process_parse_stats: Invalid FV data fv_scale wrong!
12-28 17:40:40.553   506  9545 E mm-camera: iface_util_broadcast_sof_msg_to_modules: E, session_d 1, stream_id 2 sof_cnt 5
12-28 17:40:40.554   506  9519 E mm-camera: iface_set_super_param:2360 store q_idx 1
12-28 17:40:40.554   506  9519 E mm-camera: af_port_restart_proxy_value
12-28 17:40:40.554   506  9519 E mm-camera-sensor: sensor_proxy_thread_restart:231enter
12-28 17:40:40.555   506  9519 E mm-camera-sensor: port_sensor_handle_upstream_module_event:1569PROXY_THREAD_RESTART OK
12-28 17:40:40.555   506  9519 E mm-camera-sensor: 
12-28 17:40:40.555   506  9519 E mm-camera-sensor: proxy_thread_start:274p_thread, enter
12-28 17:40:40.555   506  9519 E mm-camera-sensor: proxy_thread_start:281p_thread,end
12-28 17:40:40.555   506  9511 E mm-camera: af_set_focus_mode_lgaf:Setting focus mode to: 3
12-28 17:40:40.556   506  9519 E mm-camera: af_port_handle_set_focus_manual_pos_evt:4734  af_port_handle_set_focus_manual_pos_evt not in CAM_FOCUS_MODE_OFF(Manual) mode,           ignore the settings
12-28 17:40:40.556   506  9519 E mm-camera: sensor_set_frame_rate:1176max fps 30.000000 min fps 2.000000,fixed_frame_rate=0 
12-28 17:40:40.556   506  9519 E mm-camera: sensor_set_frame_rate:1196set_fps=30.000000 , max_fps=30.030001, current_fps_div =-1610612736
12-28 17:40:40.557   506  9519 E mm-camera-sensor: flash_process:440invalid event 135
12-28 17:40:40.565   506  9506 E mm-camera-sensor: sensor_process_thread_message:103sensor_process_thread_message: task took 8 ms
12-28 17:40:40.575   506  9511 E mm-camera: af_process_parse_stats: Invalid FV data fv_scale wrong!
12-28 17:40:40.575   506  9511 E mm-camera: af_exception_handling_lgaf: Invalid FV/Luma, This is warning!
12-28 17:40:40.587   506  9545 E mm-camera: iface_util_broadcast_sof_msg_to_modules: E, session_d 1, stream_id 2 sof_cnt 6
12-28 17:40:40.587   506  9519 E mm-camera: iface_util_set_hfr: can't find hw stream, only save hfr mode
12-28 17:40:40.608   506  9511 E mm-camera: af_process_parse_stats: Invalid FV data fv_scale wrong!
12-28 17:40:40.624   506  9545 E mm-camera: iface_util_broadcast_sof_msg_to_modules: E, session_d 1, stream_id 2 sof_cnt 7
12-28 17:40:40.646   506  9511 E mm-camera: af_process_parse_stats: Invalid FV data fv_scale wrong!
12-28 17:40:40.666   506  9545 E mm-camera: iface_util_broadcast_sof_msg_to_modules: E, session_d 1, stream_id 2 sof_cnt 8
12-28 17:40:40.669   506  9519 E mm-camera: mct: mct_stream_fill_metadata_v3:2780 Unsupported message type 80
12-28 17:40:40.733   506  9545 E mm-camera: iface_util_broadcast_sof_msg_to_modules: E, session_d 1, stream_id 2 sof_cnt 9
12-28 17:40:40.736   506  9493 E mm-camera-isp2: be_stats44_stats_config_validate:623 Invalid BG from 3A h_num = 0, v_num = 0
12-28 17:40:40.736   506  9493 E mm-camera-isp2: 
12-28 17:40:40.736   506  9493 E mm-camera-isp2: bhist_stats44_stats_config_validate:363 Invalid BG from 3A h_num = 0, v_num = 0
12-28 17:40:40.736   506  9493 E mm-camera-isp2: 
12-28 17:40:40.736   506  9493 E mm-camera-isp2: bg_stats44_trigger_update:388 bg_rgn_width 83 bg_rgn_height 62
12-28 17:40:40.736   506  9493 E mm-camera-isp2: be_stats44_trigger_update:419 Be stats ROI width > sensor height 2988
12-28 17:40:40.754   506  9511 E mm-camera: af_lg_scd_gyro_monitor_for_preview: Gyro data not ready yet. Will try later!!
12-28 17:40:40.817   506  9545 E mm-camera: iface_util_broadcast_sof_msg_to_modules: E, session_d 1, stream_id 2 sof_cnt 10
12-28 17:40:40.838   506  9511 E mm-camera: af_lg_scd_gyro_monitor_for_preview: Gyro data not ready yet. Will try later!!
12-28 17:40:43.333   506  9511 I chatty  : uid=1006(camera) CAM_AF identical 23 lines
12-28 17:40:43.442   506  9511 E mm-camera: af_lg_scd_gyro_monitor_for_preview: Gyro data not ready yet. Will try later!!
12-28 17:40:43.549   506  9511 E mm-camera: af_lg_scd_gyro_monitor_for_preview: Gyro data not ready yet. Will try later!!
12-28 17:40:43.983   506  9511 I chatty  : uid=1006(camera) CAM_AF identical 4 lines
12-28 17:40:44.092   506  9511 E mm-camera: af_lg_scd_gyro_monitor_for_preview: Gyro data not ready yet. Will try later!!
12-28 17:40:44.200   506  9511 E mm-camera: af_lg_scd_gyro_monitor_for_preview: Gyro data not ready yet. Will try later!!
12-28 17:40:44.308   506  9511 I chatty  : uid=1006(camera) CAM_AF identical 1 line
12-28 17:40:44.417   506  9511 E mm-camera: af_lg_scd_gyro_monitor_for_preview: Gyro data not ready yet. Will try later!!
12-28 17:40:44.525   506  9511 E mm-camera: af_lg_scd_gyro_monitor_for_preview: Gyro data not ready yet. Will try later!!
12-28 17:40:44.634   506  9511 E mm-camera: af_lg_scd_gyro_monitor_for_preview: Gyro data not ready yet. Will try later!!
12-28 17:40:44.634   506  9511 E mm-camera: af_util_adjust_roi_lgaf, af_is_touchshot 0, af_touchshot_mode 0
12-28 17:40:44.635   506  9511 E mm-camera: af_util_adjust_roi_lgaf: vfe_map: 5312 x 2988, pp_crop_out: 1536 x 863, preview: 1536 x 864, Input Zoom factor: 1.000000, zoom_level = 0
12-28 17:40:44.635   506  9511 E mm-camera: af_util_adjust_roi_lgaf: Default ROI
12-28 17:40:44.635   506  9511 E mm-camera: af_util_adjust_roi_lgaf: Calculated new ROI: Primary: (1860, 1046, 1592 896) Scale: (1860, 1046, 1592, 896)
12-28 17:40:44.635   506  9511 E mm-camera: af_util_stats_config_info_lgaf: 2nd h_num_default 6, v_num_default 6
12-28 17:40:44.635   506  9511 E mm-camera: af_lg_lmaf_estimate_best_pos: laser_keep_changing = 0 / proxy = 219
12-28 17:40:44.635   506  9511 E mm-camera: [AF_LOG] af_lg_lmaf_starting_pos: starting_pos = 243, proxy = 219, accel_z(0.000000), far_end_pos = 349, near_end_pos = 0, p_10cm_pos = 109, p_4cm_pos = 0
12-28 17:40:44.637   506  9511 E mm-camera: af_util_cur_pos_after_lens_move: After move: FV: 36654905 CurPosition: 243
12-28 17:40:44.725   506  9493 E mm-camera-isp2: be_stats44_stats_config_validate:623 Invalid BG from 3A h_num = 0, v_num = 0
12-28 17:40:44.725   506  9493 E mm-camera-isp2: 
12-28 17:40:44.725   506  9493 E mm-camera-isp2: bhist_stats44_stats_config_validate:363 Invalid BG from 3A h_num = 0, v_num = 0
12-28 17:40:44.725   506  9493 E mm-camera-isp2: 
12-28 17:40:44.726   506  9493 E mm-camera-isp2: bg_stats44_trigger_update:388 bg_rgn_width 83 bg_rgn_height 62
12-28 17:40:44.726   506  9493 E mm-camera-isp2: be_stats44_trigger_update:419 Be stats ROI width > sensor height 2988
12-28 17:40:44.745   506  9511 E mm-camera: af_lg_scd_gyro_monitor_for_af: Gyro data not ready yet. Will try later!!
12-28 17:40:44.850   506  9511 E mm-camera: af_lg_scd_gyro_monitor_for_af: Gyro data not ready yet. Will try later!!
12-28 17:40:44.963   506  9511 E mm-camera: af_lg_scd_gyro_monitor_for_af: Gyro data not ready yet. Will try later!!
12-28 17:40:44.964   506  9511 E mm-camera: af_util_cur_pos_after_lens_move: After move: FV: 35429728 CurPosition: 345
12-28 17:40:45.068   506  9511 E mm-camera: af_lg_scd_gyro_monitor_for_af: Gyro data not ready yet. Will try later!!
12-28 17:40:45.176   506  9511 E mm-camera: af_lg_scd_gyro_monitor_for_af: Gyro data not ready yet. Will try later!!
12-28 17:40:45.177   506  9511 E mm-camera: af_util_cur_pos_after_lens_move: After move: FV: 36658895 CurPosition: 315
12-28 17:40:45.285   506  9511 E mm-camera: af_lg_scd_gyro_monitor_for_af: Gyro data not ready yet. Will try later!!
12-28 17:40:45.288   506  9511 E mm-camera: af_util_cur_pos_after_lens_move: After move: FV: 36340107 CurPosition: 285
12-28 17:40:45.393   506  9511 E mm-camera: af_lg_scd_gyro_monitor_for_af: Gyro data not ready yet. Will try later!!
12-28 17:40:45.394   506  9511 E mm-camera: af_util_cur_pos_after_lens_move: After move: FV: 36595971 CurPosition: 255
12-28 17:40:45.501   506  9511 E mm-camera: af_lg_scd_gyro_monitor_for_af: Gyro data not ready yet. Will try later!!
12-28 17:40:45.503   506  9511 E mm-camera: af_util_cur_pos_after_lens_move: After move: FV: 36178746 CurPosition: 225
12-28 17:40:45.611   506  9511 E mm-camera: af_lg_scd_gyro_monitor_for_af: Gyro data not ready yet. Will try later!!
12-28 17:40:45.613   506  9511 E mm-camera: af_util_cur_pos_after_lens_move: After move: FV: 36039725 CurPosition: 195
12-28 17:40:45.719   506  9511 E mm-camera: af_lg_scd_gyro_monitor_for_af: Gyro data not ready yet. Will try later!!
12-28 17:40:45.721   506  9511 E mm-camera: af_util_cur_pos_after_lens_move: After move: FV: 36055633 CurPosition: 222
12-28 17:40:45.828   506  9511 E mm-camera: af_lg_scd_gyro_monitor_for_af: Gyro data not ready yet. Will try later!!
12-28 17:40:45.830   506  9511 E mm-camera: af_util_cur_pos_after_lens_move: After move: FV: 35833978 CurPosition: 249
12-28 17:40:45.935   506  9511 E mm-camera: af_lg_scd_gyro_monitor_for_af: Gyro data not ready yet. Will try later!!
12-28 17:40:45.937   506  9511 E mm-camera: af_util_cur_pos_after_lens_move: After move: FV: 36119565 CurPosition: 276
12-28 17:40:46.043   506  9511 E mm-camera: af_lg_scd_gyro_monitor_for_af: Gyro data not ready yet. Will try later!!
12-28 17:40:46.044   506  9511 E mm-camera: af_util_cur_pos_after_lens_move: After move: FV: 36167049 CurPosition: 327
12-28 17:40:46.152   506  9511 E mm-camera: af_lg_scd_gyro_monitor_for_af: Gyro data not ready yet. Will try later!!
12-28 17:40:46.261   506  9511 E mm-camera: af_lg_scd_gyro_monitor_for_af: Gyro data not ready yet. Will try later!!
12-28 17:40:46.263   506  9511 E mm-camera: af_util_cur_pos_after_lens_move: After move: FV: 36132574 CurPosition: 336
12-28 17:40:46.369   506  9511 E mm-camera: af_lg_scd_gyro_monitor_for_af: Gyro data not ready yet. Will try later!!
12-28 17:40:46.371   506  9511 E mm-camera: af_util_cur_pos_after_lens_move: After move: FV: 36072840 CurPosition: 345
12-28 17:40:46.371   506  9511 E mm-camera: af_util_done_lgaf: af->status =1
12-28 17:40:46.371   506  9511 E mm-camera: af_util_done_lgaf: final lens pos 345
12-28 17:40:46.371   506  9511 E mm-camera: af_port_callback:clenet__ Forwarding AF done status to other modules!
12-28 17:40:46.587   506  9511 E mm-camera: af_lg_scd_gyro_monitor_for_preview: Gyro data not ready yet. Will try later!!
12-28 17:40:47.019   506  9511 I chatty  : uid=1006(camera) CAM_AF identical 4 lines
12-28 17:40:47.128   506  9511 E mm-camera: af_lg_scd_gyro_monitor_for_preview: Gyro data not ready yet. Will try later!!
12-28 17:40:47.236   506  9511 E mm-camera: af_lg_scd_gyro_monitor_for_preview: Gyro data not ready yet. Will try later!!
12-28 17:40:47.345   506  9511 E mm-camera: af_lg_scd_gyro_monitor_for_preview: Gyro data not ready yet. Will try later!!
12-28 17:40:47.562   506  9511 I chatty  : uid=1006(camera) CAM_AF identical 2 lines
12-28 17:40:47.670   506  9511 E mm-camera: af_lg_scd_gyro_monitor_for_preview: Gyro data not ready yet. Will try later!!
12-28 17:40:47.778   506  9511 E mm-camera: af_lg_scd_gyro_monitor_for_preview: Gyro data not ready yet. Will try later!!
12-28 17:40:48.321   506  9511 I chatty  : uid=1006(camera) CAM_AF identical 5 lines
12-28 17:40:48.434   506  9511 E mm-camera: af_lg_scd_gyro_monitor_for_preview: Gyro data not ready yet. Will try later!!
12-28 17:40:48.538   506  9511 E mm-camera: af_lg_scd_gyro_monitor_for_preview: Gyro data not ready yet. Will try later!!
12-28 17:40:48.646   506  9511 E mm-camera: af_lg_scd_gyro_monitor_for_preview: Gyro data not ready yet. Will try later!!
12-28 17:40:48.971   506  9511 I chatty  : uid=1006(camera) CAM_AF identical 3 lines
12-28 17:40:49.080   506  9511 E mm-camera: af_lg_scd_gyro_monitor_for_preview: Gyro data not ready yet. Will try later!!
12-28 17:40:49.189   506  9511 E mm-camera: af_lg_scd_gyro_monitor_for_preview: Gyro data not ready yet. Will try later!!
12-28 17:40:49.297   506  9511 I chatty  : uid=1006(camera) CAM_AF identical 1 line
12-28 17:40:49.405   506  9511 E mm-camera: af_lg_scd_gyro_monitor_for_preview: Gyro data not ready yet. Will try later!!
12-28 17:40:49.514   506  9511 E mm-camera: af_lg_scd_gyro_monitor_for_preview: Gyro data not ready yet. Will try later!!
12-28 17:40:49.623   506  9511 E mm-camera: af_lg_scd_gyro_monitor_for_preview: Gyro data not ready yet. Will try later!!
12-28 17:40:49.732   506  9511 E mm-camera: af_lg_scd_gyro_monitor_for_preview: Gyro data not ready yet. Will try later!!
12-28 17:40:49.947   506  9511 I chatty  : uid=1006(camera) CAM_AF identical 2 lines
12-28 17:40:50.058   506  9511 E mm-camera: af_lg_scd_gyro_monitor_for_preview: Gyro data not ready yet. Will try later!!
12-28 17:40:50.164   506  9511 E mm-camera: af_lg_scd_gyro_monitor_for_preview: Gyro data not ready yet. Will try later!!
12-28 17:40:50.273   506  9511 E mm-camera: af_lg_scd_gyro_monitor_for_preview: Gyro data not ready yet. Will try later!!
12-28 17:40:50.381   506  9511 E mm-camera: af_lg_scd_gyro_monitor_for_preview: Gyro data not ready yet. Will try later!!
12-28 17:40:50.494   506  9511 E mm-camera: af_lg_scd_gyro_monitor_for_preview: Gyro data not ready yet. Will try later!!
12-28 17:40:50.598   506  9511 E mm-camera: af_lg_scd_gyro_monitor_for_preview: Gyro data not ready yet. Will try later!!
12-28 17:40:50.707   506  9511 E mm-camera: af_lg_scd_gyro_monitor_for_preview: Gyro data not ready yet. Will try later!!
12-28 17:40:50.816   506  9511 I chatty  : uid=1006(camera) CAM_AF identical 1 line
12-28 17:40:50.923   506  9511 E mm-camera: af_lg_scd_gyro_monitor_for_preview: Gyro data not ready yet. Will try later!!
12-28 17:40:50.924   506  9511 E mm-camera: af_util_adjust_roi_lgaf, af_is_touchshot 0, af_touchshot_mode 0
12-28 17:40:50.924   506  9511 E mm-camera: af_util_adjust_roi_lgaf: ROI doesn't need to be updated!
12-28 17:40:50.924   506  9511 E mm-camera: af_lg_lmaf_estimate_best_pos: laser_keep_changing = 0 / proxy = 180
12-28 17:40:50.924   506  9511 E mm-camera: [AF_LOG] af_lg_lmaf_starting_pos: starting_pos = 219, proxy = 180, accel_z(0.000000), far_end_pos = 349, near_end_pos = 0, p_10cm_pos = 109, p_4cm_pos = 0
12-28 17:40:50.931   506  9511 E mm-camera: af_util_cur_pos_after_lens_move: After move: FV: 33165642 CurPosition: 319
12-28 17:40:51.032   506  9511 E mm-camera: af_lg_scd_gyro_monitor_for_af: Gyro data not ready yet. Will try later!!
12-28 17:40:51.039   506  9511 E mm-camera: af_util_cur_pos_after_lens_move: After move: FV: 32882039 CurPosition: 293
12-28 17:40:51.141   506  9511 E mm-camera: af_lg_scd_gyro_monitor_for_af: Gyro data not ready yet. Will try later!!
12-28 17:40:51.149   506  9511 E mm-camera: af_util_cur_pos_after_lens_move: After move: FV: 32753563 CurPosition: 267
12-28 17:40:51.249   506  9511 E mm-camera: af_lg_scd_gyro_monitor_for_af: Gyro data not ready yet. Will try later!!
12-28 17:40:51.251   506  9511 E mm-camera: af_util_cur_pos_after_lens_move: After move: FV: 32644046 CurPosition: 219
12-28 17:40:51.358   506  9511 E mm-camera: af_lg_scd_gyro_monitor_for_af: Gyro data not ready yet. Will try later!!
12-28 17:40:51.469   506  9511 E mm-camera: af_lg_scd_gyro_monitor_for_af: Gyro data not ready yet. Will try later!!
12-28 17:40:51.479   506  9511 E mm-camera: af_util_cur_pos_after_lens_move: After move: FV: 32642174 CurPosition: 345
12-28 17:40:51.574   506  9511 E mm-camera: af_lg_scd_gyro_monitor_for_af: Gyro data not ready yet. Will try later!!
12-28 17:40:51.581   913   949 W system_server: kill(-7065, 9) failed: No such process
12-28 17:40:51.625   913   949 W system_server: kill(-7065, 9) failed: No such process
12-28 17:40:51.625   913   949 I system_server: Successfully killed process cgroup uid 10033 pid 7065 in 44ms
12-28 17:40:51.683   506  9511 E mm-camera: af_lg_scd_gyro_monitor_for_af: Gyro data not ready yet. Will try later!!
12-28 17:40:51.685   506  9511 E mm-camera: af_util_cur_pos_after_lens_move: After move: FV: 34886570 CurPosition: 315
12-28 17:40:51.792   506  9511 E mm-camera: af_lg_scd_gyro_monitor_for_af: Gyro data not ready yet. Will try later!!
12-28 17:40:51.793   506  9511 E mm-camera: af_util_cur_pos_after_lens_move: After move: FV: 34845326 CurPosition: 285
12-28 17:40:51.899   506  9511 E mm-camera: af_lg_scd_gyro_monitor_for_af: Gyro data not ready yet. Will try later!!
12-28 17:40:51.902   506  9511 E mm-camera: af_util_cur_pos_after_lens_move: After move: FV: 34571136 CurPosition: 255
12-28 17:40:52.008   506  9511 E mm-camera: af_lg_scd_gyro_monitor_for_af: Gyro data not ready yet. Will try later!!
12-28 17:40:52.009   506  9511 E mm-camera: af_util_cur_pos_after_lens_move: After move: FV: 33431859 CurPosition: 225
12-28 17:40:52.117   506  9511 E mm-camera: af_lg_scd_gyro_monitor_for_af: Gyro data not ready yet. Will try later!!
12-28 17:40:52.119   506  9511 E mm-camera: af_util_cur_pos_after_lens_move: After move: FV: 33504151 CurPosition: 195
12-28 17:40:52.227   506  9511 E mm-camera: af_lg_scd_gyro_monitor_for_af: Gyro data not ready yet. Will try later!!
12-28 17:40:52.230   506  9511 E mm-camera: af_util_cur_pos_after_lens_move: After move: FV: 32855770 CurPosition: 165
12-28 17:40:52.335   506  9511 E mm-camera: af_lg_scd_gyro_monitor_for_af: Gyro data not ready yet. Will try later!!
12-28 17:40:52.342   506  9511 E mm-camera: af_util_cur_pos_after_lens_move: After move: FV: 32705622 CurPosition: 198
12-28 17:40:52.443   506  9511 E mm-camera: af_lg_scd_gyro_monitor_for_af: Gyro data not ready yet. Will try later!!
12-28 17:40:52.444   506  9511 E mm-camera: af_util_cur_pos_after_lens_move: After move: FV: 33139761 CurPosition: 231
12-28 17:40:52.550   506  9511 E mm-camera: af_lg_scd_gyro_monitor_for_af: Gyro data not ready yet. Will try later!!
12-28 17:40:52.552   506  9511 E mm-camera: af_util_cur_pos_after_lens_move: After move: FV: 34141550 CurPosition: 264
12-28 17:40:52.659   506  9511 E mm-camera: af_lg_scd_gyro_monitor_for_af: Gyro data not ready yet. Will try later!!
12-28 17:40:52.661   506  9511 E mm-camera: af_util_cur_pos_after_lens_move: After move: FV: 34751523 CurPosition: 327
12-28 17:40:52.767   506  9511 E mm-camera: af_lg_scd_gyro_monitor_for_af: Gyro data not ready yet. Will try later!!
12-28 17:40:52.876   506  9511 E mm-camera: af_lg_scd_gyro_monitor_for_af: Gyro data not ready yet. Will try later!!
12-28 17:40:52.879   506  9511 E mm-camera: af_util_cur_pos_after_lens_move: After move: FV: 35948159 CurPosition: 336
12-28 17:40:52.987   506  9511 E mm-camera: af_lg_scd_gyro_monitor_for_af: Gyro data not ready yet. Will try later!!
12-28 17:40:52.993   506  9511 E mm-camera: af_util_cur_pos_after_lens_move: After move: FV: 37035502 CurPosition: 345
12-28 17:40:53.094   506  9511 E mm-camera: af_lg_scd_gyro_monitor_for_af: Gyro data not ready yet. Will try later!!
12-28 17:40:53.097   506  9511 E mm-camera: af_util_cur_pos_after_lens_move: After move: FV: 37476874 CurPosition: 336
12-28 17:40:53.097   506  9511 E mm-camera: af_util_done_lgaf: af->status =1
12-28 17:40:53.097   506  9511 E mm-camera: af_util_done_lgaf: final lens pos 336
12-28 17:40:53.097   506  9511 E mm-camera: af_port_callback:clenet__ Forwarding AF done status to other modules!
12-28 17:40:53.203   506  9511 E mm-camera: af_lg_scd_gyro_monitor_for_preview: Gyro data not ready yet. Will try later!!
12-28 17:40:53.635   506  9511 I chatty  : uid=1006(camera) CAM_AF identical 4 lines
12-28 17:40:53.744   506  9511 E mm-camera: af_lg_scd_gyro_monitor_for_preview: Gyro data not ready yet. Will try later!!
12-28 17:40:53.789   913   949 W system_server: kill(-7281, 9) failed: No such process
12-28 17:40:53.834   913   949 W system_server: kill(-7281, 9) failed: No such process
12-28 17:40:53.852   506  9511 E mm-camera: af_lg_scd_gyro_monitor_for_preview: Gyro data not ready yet. Will try later!!
12-28 17:40:53.882   913   949 W system_server: kill(-7281, 9) failed: No such process
12-28 17:40:53.882   913   949 I system_server: Successfully killed process cgroup uid 10080 pid 7281 in 92ms
12-28 17:40:53.960   506  9511 E mm-camera: af_lg_scd_gyro_monitor_for_preview: Gyro data not ready yet. Will try later!!
12-28 17:40:54.068   506  9511 E mm-camera: af_lg_scd_gyro_monitor_for_preview: Gyro data not ready yet. Will try later!!
12-28 17:40:54.180   506  9511 E mm-camera: af_lg_scd_gyro_monitor_for_preview: Gyro data not ready yet. Will try later!!
12-28 17:40:54.502   506  9511 I chatty  : uid=1006(camera) CAM_AF identical 3 lines
12-28 17:40:54.611   506  9511 E mm-camera: af_lg_scd_gyro_monitor_for_preview: Gyro data not ready yet. Will try later!!
12-28 17:40:54.719   506  9511 E mm-camera: af_lg_scd_gyro_monitor_for_preview: Gyro data not ready yet. Will try later!!
12-28 17:40:55.370   506  9511 I chatty  : uid=1006(camera) CAM_AF identical 6 lines
12-28 17:40:55.478   506  9511 E mm-camera: af_lg_scd_gyro_monitor_for_preview: Gyro data not ready yet. Will try later!!
12-28 17:40:55.588   506  9511 E mm-camera: af_lg_scd_gyro_monitor_for_preview: Gyro data not ready yet. Will try later!!
12-28 17:40:55.695   506  9511 E mm-camera: af_lg_scd_gyro_monitor_for_preview: Gyro data not ready yet. Will try later!!
12-28 17:40:55.808   506  9511 I chatty  : uid=1006(camera) CAM_AF identical 1 line
12-28 17:40:55.912   506  9511 E mm-camera: af_lg_scd_gyro_monitor_for_preview: Gyro data not ready yet. Will try later!!
12-28 17:40:55.913   506  9511 E mm-camera: af_util_adjust_roi_lgaf, af_is_touchshot 0, af_touchshot_mode 0
12-28 17:40:55.913   506  9511 E mm-camera: af_util_adjust_roi_lgaf: ROI doesn't need to be updated!
12-28 17:40:55.913   506  9511 E mm-camera: af_lg_lmaf_estimate_best_pos: laser_keep_changing = 0 / proxy = 12
12-28 17:40:55.913   506  9511 E mm-camera: [AF_LOG] af_lg_lmaf_starting_pos: starting_pos = 343, proxy = 12, accel_z(0.000000), far_end_pos = 349, near_end_pos = 0, p_10cm_pos = 109, p_4cm_pos = 0
12-28 17:40:55.915   506  9511 E mm-camera: af_util_cur_pos_after_lens_move: After move: FV: 33408194 CurPosition: 306
12-28 17:40:56.021   506  9511 E mm-camera: af_lg_scd_gyro_monitor_for_af: Gyro data not ready yet. Will try later!!
12-28 17:40:56.026   506  9511 E mm-camera: af_util_cur_pos_after_lens_move: After move: FV: 33183566 CurPosition: 345
12-28 17:40:56.131   506  9511 E mm-camera: af_lg_scd_gyro_monitor_for_af: Gyro data not ready yet. Will try later!!
12-28 17:40:56.238   506  9511 E mm-camera: af_lg_scd_gyro_monitor_for_af: Gyro data not ready yet. Will try later!!
12-28 17:40:56.241   506  9511 E mm-camera: af_util_cur_pos_after_lens_move: After move: FV: 33506796 CurPosition: 315
12-28 17:40:56.347   506  9511 E mm-camera: af_lg_scd_gyro_monitor_for_af: Gyro data not ready yet. Will try later!!
12-28 17:40:56.350   506  9511 E mm-camera: af_util_cur_pos_after_lens_move: After move: FV: 33380538 CurPosition: 285
12-28 17:40:56.456   506  9511 E mm-camera: af_lg_scd_gyro_monitor_for_af: Gyro data not ready yet. Will try later!!
12-28 17:40:56.460   506  9511 E mm-camera: af_util_cur_pos_after_lens_move: After move: FV: 33307712 CurPosition: 255
12-28 17:40:56.563   506  9511 E mm-camera: af_lg_scd_gyro_monitor_for_af: Gyro data not ready yet. Will try later!!
12-28 17:40:56.565   506  9511 E mm-camera: af_util_cur_pos_after_lens_move: After move: FV: 32974256 CurPosition: 327
12-28 17:40:56.672   506  9511 E mm-camera: af_lg_scd_gyro_monitor_for_af: Gyro data not ready yet. Will try later!!
12-28 17:40:56.780   506  9511 E mm-camera: af_lg_scd_gyro_monitor_for_af: Gyro data not ready yet. Will try later!!
12-28 17:40:56.782   506  9511 E mm-camera: af_util_cur_pos_after_lens_move: After move: FV: 34522606 CurPosition: 336
12-28 17:40:56.888   506  9511 E mm-camera: af_lg_scd_gyro_monitor_for_af: Gyro data not ready yet. Will try later!!
12-28 17:40:56.888   506  9511 E mm-camera: af_util_cur_pos_after_lens_move: After move: FV: 34160482 CurPosition: 336
12-28 17:40:56.888   506  9511 E mm-camera: af_util_done_lgaf: af->status =1
12-28 17:40:56.889   506  9511 E mm-camera: af_util_done_lgaf: final lens pos 336
12-28 17:40:56.889   506  9511 E mm-camera: af_port_callback:clenet__ Forwarding AF done status to other modules!
12-28 17:40:56.997   506  9511 E mm-camera: af_lg_scd_gyro_monitor_for_preview: Gyro data not ready yet. Will try later!!
12-28 17:40:57.864   506  9511 I chatty  : uid=1006(camera) CAM_AF identical 8 lines
12-28 17:40:57.972   506  9511 E mm-camera: af_lg_scd_gyro_monitor_for_preview: Gyro data not ready yet. Will try later!!
12-28 17:40:58.071   913   949 W system_server: kill(-7535, 9) failed: No such process
12-28 17:40:58.081   506  9511 E mm-camera: af_lg_scd_gyro_monitor_for_preview: Gyro data not ready yet. Will try later!!
12-28 17:40:58.110   913   949 W system_server: kill(-7535, 9) failed: No such process
12-28 17:40:58.111   913   949 I system_server: Successfully killed process cgroup uid 10088 pid 7535 in 40ms
12-28 17:40:58.191   506  9511 E mm-camera: af_lg_scd_gyro_monitor_for_preview: Gyro data not ready yet. Will try later!!
12-28 17:40:58.301   506  9511 E mm-camera: af_lg_scd_gyro_monitor_for_preview: Gyro data not ready yet. Will try later!!
12-28 17:40:58.407   506  9511 E mm-camera: af_exception_handling_lgaf: Invalid FV/Luma, This is warning!
12-28 17:40:59.166   506  9511 E mm-camera: af_lg_scd_gyro_monitor_for_preview: Gyro data not ready yet. Will try later!!
12-28 17:40:59.599   506  9511 I chatty  : uid=1006(camera) CAM_AF identical 4 lines
12-28 17:40:59.708   506  9511 E mm-camera: af_lg_scd_gyro_monitor_for_preview: Gyro data not ready yet. Will try later!!
12-28 17:40:59.799  9525  9525 I C3Dev-0-ReqQueu: type=1400 audit(0.0:1038): avc: denied { sendto } for path="/data/misc/camera/cam_socket1" scontext=u:r:cameraserver:s0 tcontext=u:r:init:s0 tclass=unix_dgram_socket permissive=1
12-28 17:40:59.817   506  9511 E mm-camera: af_lg_scd_gyro_monitor_for_preview: Gyro data not ready yet. Will try later!!
12-28 17:40:59.926   506  9511 E mm-camera: af_lg_scd_gyro_monitor_for_preview: Gyro data not ready yet. Will try later!!
12-28 17:41:00.033   506  9511 E mm-camera: af_lg_scd_gyro_monitor_for_preview: Gyro data not ready yet. Will try later!!
12-28 17:41:00.143   506  9511 E mm-camera: af_lg_scd_gyro_monitor_for_preview: Gyro data not ready yet. Will try later!!
12-28 17:41:00.250   506  9511 E mm-camera: af_lg_scd_gyro_monitor_for_preview: Gyro data not ready yet. Will try later!!
12-28 17:41:00.358   506  9511 E mm-camera: af_lg_scd_gyro_monitor_for_preview: Gyro data not ready yet. Will try later!!
12-28 17:41:00.467   506  9511 E mm-camera: af_lg_scd_gyro_monitor_for_preview: Gyro data not ready yet. Will try later!!
12-28 17:41:00.575   506  9511 E mm-camera: af_lg_scd_gyro_monitor_for_preview: Gyro data not ready yet. Will try later!!
12-28 17:41:00.684   506  9511 E mm-camera: af_lg_scd_gyro_monitor_for_preview: Gyro data not ready yet. Will try later!!
12-28 17:41:01.660   506  9511 I chatty  : uid=1006(camera) CAM_AF identical 9 lines
12-28 17:41:01.768   506  9511 E mm-camera: af_lg_scd_gyro_monitor_for_preview: Gyro data not ready yet. Will try later!!
12-28 17:41:01.877   506  9511 E mm-camera: af_lg_scd_gyro_monitor_for_preview: Gyro data not ready yet. Will try later!!
12-28 17:41:01.877   506  9511 E mm-camera: af_util_adjust_roi_lgaf, af_is_touchshot 0, af_touchshot_mode 0
12-28 17:41:01.877   506  9511 E mm-camera: af_util_adjust_roi_lgaf: ROI doesn't need to be updated!
12-28 17:41:01.877   506  9511 E mm-camera: af_lg_lmaf_estimate_best_pos: laser_keep_changing = 0 / proxy = 153
12-28 17:41:01.877   506  9511 E mm-camera: [AF_LOG] af_lg_lmaf_starting_pos: starting_pos = 195, proxy = 153, accel_z(0.000000), far_end_pos = 349, near_end_pos = 0, p_10cm_pos = 109, p_4cm_pos = 0
12-28 17:41:01.880   506  9511 E mm-camera: af_util_cur_pos_after_lens_move: After move: FV: 30354197 CurPosition: 307
12-28 17:41:01.985   506  9511 E mm-camera: af_lg_scd_gyro_monitor_for_af: Gyro data not ready yet. Will try later!!
12-28 17:41:01.987   506  9511 E mm-camera: af_util_cur_pos_after_lens_move: After move: FV: 30001407 CurPosition: 278
12-28 17:41:02.094   506  9511 E mm-camera: af_lg_scd_gyro_monitor_for_af: Gyro data not ready yet. Will try later!!
12-28 17:41:02.095   506  9511 E mm-camera: af_util_cur_pos_after_lens_move: After move: FV: 29949260 CurPosition: 249
12-28 17:41:02.206   506  9511 E mm-camera: af_lg_scd_gyro_monitor_for_af: Gyro data not ready yet. Will try later!!
12-28 17:41:02.209   506  9511 E mm-camera: af_util_cur_pos_after_lens_move: After move: FV: 29693077 CurPosition: 195
12-28 17:41:02.310   506  9511 E mm-camera: af_lg_scd_gyro_monitor_for_af: Gyro data not ready yet. Will try later!!
12-28 17:41:02.420   506  9511 E mm-camera: af_lg_scd_gyro_monitor_for_af: Gyro data not ready yet. Will try later!!
12-28 17:41:02.423   506  9511 E mm-camera: af_util_cur_pos_after_lens_move: After move: FV: 29514158 CurPosition: 345
12-28 17:41:02.527   506  9511 E mm-camera: af_lg_scd_gyro_monitor_for_af: Gyro data not ready yet. Will try later!!
12-28 17:41:02.640   506  9511 E mm-camera: af_lg_scd_gyro_monitor_for_af: Gyro data not ready yet. Will try later!!
12-28 17:41:02.643   506  9511 E mm-camera: af_util_cur_pos_after_lens_move: After move: FV: 30056082 CurPosition: 315
12-28 17:41:02.744   506  9511 E mm-camera: af_lg_scd_gyro_monitor_for_af: Gyro data not ready yet. Will try later!!
12-28 17:41:02.747   506  9511 E mm-camera: af_util_cur_pos_after_lens_move: After move: FV: 29422538 CurPosition: 285
12-28 17:41:02.853   506  9511 E mm-camera: af_lg_scd_gyro_monitor_for_af: Gyro data not ready yet. Will try later!!
12-28 17:41:02.859   506  9511 E mm-camera: af_util_cur_pos_after_lens_move: After move: FV: 29143012 CurPosition: 327
12-28 17:41:02.961   506  9511 E mm-camera: af_lg_scd_gyro_monitor_for_af: Gyro data not ready yet. Will try later!!
12-28 17:41:03.069   506  9511 E mm-camera: af_lg_scd_gyro_monitor_for_af: Gyro data not ready yet. Will try later!!
12-28 17:41:03.070   506  9511 E mm-camera: af_util_cur_pos_after_lens_move: After move: FV: 29477442 CurPosition: 336
12-28 17:41:03.179   506  9511 E mm-camera: af_lg_scd_gyro_monitor_for_af: Gyro data not ready yet. Will try later!!
12-28 17:41:03.182   506  9511 E mm-camera: af_util_cur_pos_after_lens_move: After move: FV: 29595867 CurPosition: 345
12-28 17:41:03.287   506  9511 E mm-camera: af_lg_scd_gyro_monitor_for_af: Gyro data not ready yet. Will try later!!
12-28 17:41:03.289   506  9511 E mm-camera: af_util_cur_pos_after_lens_move: After move: FV: 29635929 CurPosition: 349
12-28 17:41:03.395   506  9511 E mm-camera: af_lg_scd_gyro_monitor_for_af: Gyro data not ready yet. Will try later!!
12-28 17:41:03.398   506  9511 E mm-camera: af_util_cur_pos_after_lens_move: After move: FV: 29505614 CurPosition: 345
12-28 17:41:03.398   506  9511 E mm-camera: af_util_done_lgaf: af->status =1
12-28 17:41:03.398   506  9511 E mm-camera: af_util_done_lgaf: final lens pos 345
12-28 17:41:03.399   506  9511 E mm-camera: af_port_callback:clenet__ Forwarding AF done status to other modules!
12-28 17:41:03.503   506  9511 E mm-camera: af_lg_scd_gyro_monitor_for_preview: Gyro data not ready yet. Will try later!!
12-28 17:41:03.937   506  9511 I chatty  : uid=1006(camera) CAM_AF identical 4 lines
12-28 17:41:04.046   506  9511 E mm-camera: af_lg_scd_gyro_monitor_for_preview: Gyro data not ready yet. Will try later!!
12-28 17:41:04.154   506  9511 E mm-camera: af_lg_scd_gyro_monitor_for_preview: Gyro data not ready yet. Will try later!!
12-28 17:41:04.588   506  9511 I chatty  : uid=1006(camera) CAM_AF identical 4 lines
12-28 17:41:04.696   506  9511 E mm-camera: af_lg_scd_gyro_monitor_for_preview: Gyro data not ready yet. Will try later!!
12-28 17:41:04.805   506  9511 E mm-camera: af_lg_scd_gyro_monitor_for_preview: Gyro data not ready yet. Will try later!!
12-28 17:41:04.913   506  9511 E mm-camera: af_lg_scd_gyro_monitor_for_preview: Gyro data not ready yet. Will try later!!
12-28 17:41:04.970   506  9518 D mm-camera: mct: mct_pipeline_process_set:command=8000009
12-28 17:41:04.970   506  9518 D mm-camera: mct: mct_pipeline_process_set: STREAM-OFF on stream 0x10002 stream type=1
12-28 17:41:04.970   506  9518 E mm-camera-sensor: sensor_proxy_thread_pause:264enter
12-28 17:41:04.971   506  9518 E mm-camera-sensor: proxy_thread_pause:287p_thread, enter
12-28 17:41:04.971   506  9518 E mm-camera-sensor: proxy_thread_pause:292p_thread,end
12-28 17:41:04.971   506  9518 E mm-camera-sensor: tcs_thread_pause:330tcs_thread, enter
12-28 17:41:04.971   506  9518 E mm-camera-sensor: tcs_thread_pause:335tcs_thread, end
12-28 17:41:04.971   506  9518 E mm-camera: af_port_pause_proxy_value
12-28 17:41:04.971   506  9518 E mm-camera-sensor: sensor_proxy_thread_pause:264enter
12-28 17:41:04.971   506  9518 E mm-camera-sensor: proxy_thread_pause:287p_thread, enter
12-28 17:41:04.971   506  9518 E mm-camera-sensor: proxy_thread_pause:292p_thread,end
12-28 17:41:04.971   506  9518 E mm-camera: cpp_module_handle_streamoff_event:3514] iden:0x10002, linked_params:0x0
12-28 17:41:04.971   506  9518 E mm-camera: cpp_hardware_process_streamoff:731] skip_iden:0x0, duplicate_stream_status:0x0
12-28 17:41:04.973   506  9510 E mm-camera-CORE: AEC_SET_PARAM_RESET_STREAM_INFO: op_mode chanage(AEC_OPERATION_MODE_PREVIEW)
12-28 17:41:04.975   506  9486 E mm-camera: iface_util_update_streamon_id: left stream on count 1, skip hw streamoff
12-28 17:41:04.975   506  9486 E mm-camera: iface_streamoff: all bundled stream streamoff, clear hal bundled mask
12-28 17:41:04.976   506  9518 D mm-camera: mct: mct_pipeline_process_set: STREAM-OFF success for stream 0x10002, stream type=1
12-28 17:41:04.979  5964  9402 E mm-camera-intf: mm_camera_poll_thread_del_poll_fd: invalid handler 4352 (0)
12-28 17:41:04.979   506  9518 D mm-camera: mct: mct_pipeline_process_set:command=8000009
12-28 17:41:04.979   506  9518 D mm-camera: mct: mct_pipeline_process_set: STREAM-OFF on stream 0x10003 stream type=3
12-28 17:41:04.980   506  9518 E mm-camera-sensor: sensor_proxy_thread_pause:264enter
12-28 17:41:04.980   506  9518 E mm-camera-sensor: proxy_thread_pause:287p_thread, enter
12-28 17:41:04.980   506  9518 E mm-camera-sensor: proxy_thread_pause:292p_thread,end
12-28 17:41:04.980   506  9518 E mm-camera: af_port_pause_proxy_value
12-28 17:41:04.980   506  9518 E mm-camera-sensor: sensor_proxy_thread_pause:264enter
12-28 17:41:04.980   506  9518 E mm-camera-sensor: proxy_thread_pause:287p_thread, enter
12-28 17:41:04.980   506  9518 E mm-camera-sensor: proxy_thread_pause:292p_thread,end
12-28 17:41:04.980   506  9510 E mm-camera-CORE: AEC_SET_PARAM_RESET_STREAM_INFO: op_mode chanage(AEC_OPERATION_MODE_PREVIEW)
12-28 17:41:05.003   506  9510 E mm-camera-CORE: aec_process_pack_stats_config:7328  aec_process_pack_stats_config invalid inputs to translate dimensions for  fov 2 camif 
12-28 17:41:05.021   506  9511 E mm-camera: af_lg_scd_gyro_monitor_for_preview: Gyro data not ready yet. Will try later!!
12-28 17:41:05.109   506  9486 E mm-camera: iface_ispif_get_cfg_params_from_hw_streams: interace 0 active count = 1, skip stop ispif 
12-28 17:41:05.109   506  9486 E mm-camera: iface_streamoff: session_id = 1, active_streams = 1
12-28 17:41:05.109   506  9486 E mm-camera: iface_streamoff: all bundled stream streamoff, clear hal bundled mask
12-28 17:41:05.110   506  9518 D mm-camera: mct: mct_pipeline_process_set: STREAM-OFF success for stream 0x10003, stream type=3
12-28 17:41:05.110   506  9493 E mm-camera-isp2: be_stats44_stats_config_validate:623 Invalid BG from 3A h_num = 0, v_num = 0
12-28 17:41:05.110   506  9493 E mm-camera-isp2: 
12-28 17:41:05.110   506  9493 E mm-camera-isp2: bhist_stats44_stats_config_validate:363 Invalid BG from 3A h_num = 0, v_num = 0
12-28 17:41:05.110   506  9493 E mm-camera-isp2: 
12-28 17:41:05.111   506  9493 E mm-camera-isp2: bg_stats44_trigger_update:388 bg_rgn_width 83 bg_rgn_height 62
12-28 17:41:05.111   506  9493 E mm-camera-isp2: be_stats44_trigger_update:419 Be stats ROI width > sensor height 2988
12-28 17:41:05.124   506  9518 D mm-camera: mct: mct_pipeline_process_set:command=8000009
12-28 17:41:05.125   506  9518 D mm-camera: mct: mct_pipeline_process_set: STREAM-OFF on stream 0x10004 stream type=11
12-28 17:41:05.125   506  9518 E mm-camera-sensor: sensor_proxy_thread_pause:264enter
12-28 17:41:05.125   506  9518 E mm-camera-sensor: proxy_thread_pause:287p_thread, enter
12-28 17:41:05.125   506  9518 E mm-camera-sensor: proxy_thread_pause:292p_thread,end
12-28 17:41:05.128   506  9518 E mm-camera: af_port_pause_proxy_value
12-28 17:41:05.128   506  9518 E mm-camera-sensor: sensor_proxy_thread_pause:264enter
12-28 17:41:05.128   506  9518 E mm-camera-sensor: proxy_thread_pause:287p_thread, enter
12-28 17:41:05.128   506  9518 E mm-camera-sensor: proxy_thread_pause:292p_thread,end
12-28 17:41:05.129   506  9510 E mm-camera-CORE: AEC_SET_PARAM_RESET_STREAM_INFO: op_mode chanage(AEC_OPERATION_MODE_PREVIEW)
12-28 17:41:05.129   506  9518 E mm-camera: module_faceproc_port_event_func:878] FD_STREAMOFF 0 10004
12-28 17:41:05.130   506  9545 E mm-camera: iface_axi_proc_subdev_event: enforce queue back stats buf!rc = 0, piggy back flag 1
12-28 17:41:05.130   506  9545 E mm-camera: iface_axi_proc_subdev_event: queue back stats buffer, i = 8, buf idx = 1
12-28 17:41:05.130   506  9545 E mm-camera: iface_axi_proc_subdev_event: queue back stats buffer, i = 11, buf idx = 1
12-28 17:41:05.139   506  9486 E mm-camera: iface_streamoff: session_id = 1, active_streams = 0
12-28 17:41:05.140   506  9546 E mm-camera: iface_axi_stats_stream_unconfig: release stats stream id 80010003, handle 405
12-28 17:41:05.141   506  9546 E mm-camera: iface_stats_unreg_buf: last VFE close, relase stats buffer
12-28 17:41:05.142   506  9546 E mm-camera: iface_axi_stats_stream_unconfig: release stats stream id 80010004, handle 506
12-28 17:41:05.142   506  9546 E mm-camera: iface_stats_unreg_buf: last VFE close, relase stats buffer
12-28 17:41:05.142   506  9546 E mm-camera: iface_axi_stats_stream_unconfig: release stats stream id 80010007, handle 302
12-28 17:41:05.142   506  9546 E mm-camera: iface_stats_unreg_buf: last VFE close, relase stats buffer
12-28 17:41:05.143   506  9546 E mm-camera: iface_axi_stats_stream_unconfig: release stats stream id 80010008, handle 203
12-28 17:41:05.143   506  9546 E mm-camera: iface_stats_unreg_buf: last VFE close, relase stats buffer
12-28 17:41:05.143   506  9546 E mm-camera: iface_axi_stats_stream_unconfig: release stats stream id 8001000a, handle 608
12-28 17:41:05.143   506  9546 E mm-camera: iface_stats_unreg_buf: last VFE close, relase stats buffer
12-28 17:41:05.144   506  9546 E mm-camera: iface_axi_stats_stream_unconfig: release stats stream id 8001000b, handle 700
12-28 17:41:05.144   506  9546 E mm-camera: iface_stats_unreg_buf: last VFE close, relase stats buffer
12-28 17:41:05.145   506  9486 E mm-camera: iface_util_release_resource: reset sof_cnt to zero
12-28 17:41:05.145   506  9486 E mm-camera: iface_util_release_resource: camif_cnt= 1 rdi_cnt= 0 used mask 1
12-28 17:41:05.145   506  9486 E mm-camera: iface_util_release_resource: reset sof_cnt to zero
12-28 17:41:05.145   506  9486 E mm-camera: iface_util_release_resource: camif_cnt= 0 rdi_cnt= 0 used mask 0
12-28 17:41:05.148   506  9486 E mm-camera: iface_streamoff: all bundled stream streamoff, clear hal bundled mask
12-28 17:41:05.148   506  9518 D mm-camera: mct: stop_sof_check_thread: Stopping SOF timeout thread
12-28 17:41:05.149   506  9518 E mm-camera: sensor_pdaf_deinit:4314failed to open pdaf3 init library function
12-28 17:41:05.149   506  9518 D mm-camera: mct: mct_pipeline_process_set: STREAM-OFF success for stream 0x10004, stream type=11
12-28 17:41:05.161   506  9518 D mm-camera: mct: mct_pipeline_process_set:command=8000009
12-28 17:41:05.161   506  9518 D mm-camera: mct: mct_pipeline_process_set: STREAM-OFF on stream 0x10001 stream type=7
12-28 17:41:05.161   506  9518 D mm-camera: mct: mct_pipeline_process_set: STREAM-OFF success for stream 0x10001, stream type=7
12-28 17:41:05.174  5964  9402 W Camera2Client: notifyError: Received recoverable error 5 from HAL - ignoring, requestId 10000001
12-28 17:41:05.174  5964  9402 W Camera3-OutputStream: A frame is dropped for stream 0
12-28 17:41:05.175  5964  9402 W Camera2Client: notifyError: Received recoverable error 3 from HAL - ignoring, requestId 10000001
12-28 17:41:05.175  5964  9402 W Camera3-OutputStream: A frame is dropped for stream 0
12-28 17:41:05.176  5964  9402 W Camera2Client: notifyError: Received recoverable error 3 from HAL - ignoring, requestId 10000001
12-28 17:41:05.176  5964  9402 W Camera3-OutputStream: A frame is dropped for stream 0
12-28 17:41:05.191   506   506 I mm-qcamera-daem: type=1400 audit(0.0:1040): avc: denied { use } for path="anon_inode:dmabuf" dev="anon_inodefs" ino=8711 scontext=u:r:init:s0 tcontext=u:r:cameraserver:s0 tclass=fd permissive=1
12-28 17:41:05.213   506  9518 D mm-camera: mct: mct_pipeline_process_set:command=8000008
12-28 17:41:05.211  9518  9518 I CAM_MctCtrl: type=1400 audit(0.0:1041): avc: denied { read write } for name="media0" dev="tmpfs" ino=10409 scontext=u:r:init:s0 tcontext=u:object_r:device:s0 tclass=chr_file permissive=1
12-28 17:41:05.211  9518  9518 I CAM_MctCtrl: type=1400 audit(0.0:1042): avc: denied { open } for path="/dev/media0" dev="tmpfs" ino=10409 scontext=u:r:init:s0 tcontext=u:object_r:device:s0 tclass=chr_file permissive=1
12-28 17:41:05.213   506  9518 D mm-camera: mct: mct_pipeline_process_set: STREAM-ON on stream 0x10001 stream type=7
12-28 17:41:05.213   506  9518 D mm-camera: mct: mct_pipeline_process_set: STREAM-ON success for stream 0x10001, stream type=7
12-28 17:41:05.225   506  9518 D mm-camera: mct: mct_pipeline_process_set:command=8000008
12-28 17:41:05.225   506  9518 D mm-camera: mct: mct_pipeline_process_set: STREAM-ON on stream 0x10003 stream type=3
12-28 17:41:05.225   506  9518 E mm-camera-sensor: sensor_pick_fill_expected_data:410ex_w:1536, ex_h:864,ex_mode:1, ex_fps:30.000000, ex_clk:0, ex_ar: 177
12-28 17:41:05.225   506  9518 E mm-camera-sensor: sensor_pick_resolution:722 res_idx: 0
12-28 17:41:05.225   506  9518 E mm-camera: sensor_get_resolution_info:3340full 5312 2988 out 5312 2988 offset 0 0 scale 1
12-28 17:41:05.226   506  9518 E mm-camera: af_port_handle_sensor_update:2659  Depth_Err: actuator sensitivity: 0.000000 is invalid
12-28 17:41:05.226   506  9510 E mm-camera-CORE: awb_set_parameters: param->u.camsensor_position=0 
12-28 17:41:05.226   506  9518 E mm-camera: sensor_get_resolution_info:3340full 5312 2988 out 5312 2988 offset 0 0 scale 1
12-28 17:41:05.229   506  9510 E mm-camera-CORE: aec_set_parse_chromatix: Andy_Test sensor flag 5
12-28 17:41:05.229   506  9510 E mm-camera-CORE: awb_set_parse_chromatix: Andy_Test sensor flag 5
12-28 17:41:05.229   506  9518 E mm-camera: af_port_send_af_checksum_to_module_sensor
12-28 17:41:05.229   506  9518 E mm-camera-sensor: port_sensor_handle_upstream_module_event:1588MCT_EVENT_MODULE_AF_CHECKSUM_EVENT, af_checksum_ok 1
12-28 17:41:05.232   506  9518 E mm-camera-isp2: mesh_rolloff44_set_parm_tintless:3577 <tintless_dbg> 0
12-28 17:41:05.232   506  9518 E mm-camera-isp2: mesh_rolloff44_request_stats_type:3839 1 0
12-28 17:41:05.232   506  9518 E mm-camera-isp2: isp_resource_get_stats_type_mask:1421 enable_stats_mask d98
12-28 17:41:05.232   506  9518 E mm-camera-isp2: scaler44_handle_isp_private_event:1599 failed: invalid private event 16
12-28 17:41:05.232   506  9518 I chatty  : uid=1006(camera) CAM_MctCtrl identical 1 line
12-28 17:41:05.233   506  9518 E mm-camera-isp2: scaler44_handle_isp_private_event:1599 failed: invalid private event 16
12-28 17:41:05.236   506  9518 E mm-camera: iface_util_io_cfg: 6428is_split 0
12-28 17:41:05.240   506  9518 E mm-camera-isp2: scaler44_handle_isp_private_event:1599 failed: invalid private event 17
12-28 17:41:05.240   506  9518 E mm-camera-isp2: scaler44_handle_isp_private_event:1599 failed: invalid private event 17
12-28 17:41:05.240   506  9518 E mm-camera-isp2: bpc44_run_abcc_algo:212 No defective pixels set by sensor event
12-28 17:41:05.240   506  9518 E mm-camera-isp2: isp_sub_module_port_process_downstream_ctrl_event:946 failed: mct event 1 int_event 0
12-28 17:41:05.242   506  9518 E mm-camera: af_port_restart_proxy_value
12-28 17:41:05.243   506  9518 E mm-camera-sensor: sensor_proxy_thread_restart:231enter
12-28 17:41:05.243   506  9518 E mm-camera-sensor: port_sensor_handle_upstream_module_event:1569PROXY_THREAD_RESTART OK
12-28 17:41:05.243   506  9518 E mm-camera-sensor: 
12-28 17:41:05.243   506  9518 E mm-camera-sensor: proxy_thread_start:274p_thread, enter
12-28 17:41:05.243   506  9518 E mm-camera-sensor: proxy_thread_start:281p_thread,end
12-28 17:41:05.243   506  9518 E mm-camera-isp2: bg_stats44_trigger_update:388 bg_rgn_width 83 bg_rgn_height 62
12-28 17:41:05.243   506  9518 E mm-camera-isp2: be_stats44_trigger_update:449 failed Denomitor is zero hnum 0 vnum 0
12-28 17:41:05.245   506  9518 E mm-camera-isp2: scaler44_handle_isp_private_event:1599 failed: invalid private event 17
12-28 17:41:05.245   506  9518 E mm-camera-isp2: scaler44_handle_isp_private_event:1599 failed: invalid private event 17
12-28 17:41:05.259   506  9518 E mm-camera: sensor_set_start_stream:1354set preview tune for LGE Camera app, isVT = 0
12-28 17:41:05.259   506  9518 D mm-camera: mct: start_sof_check_thread: Starting SOF timeout thread, timeout 5000000000
