06-21 19:34:33.756   938   938 F zygote64: runtime.cc:523]   native: #03 pc 0000000000484498  /system/lib64/libart.so (art::AbortState::Dump(std::__1::basic_ostream<char, std::__1::char_traits<char>>&) const+536)
06-21 19:34:33.756   938   938 F zygote64: runtime.cc:523]   native: #04 pc 000000000047598c  /system/lib64/libart.so (art::Runtime::Abort(char const*)+196)
06-21 19:34:33.756   938   938 F zygote64: runtime.cc:523]   native: #05 pc 000000000056b3ec  /system/lib64/libart.so (android::base::LogMessage::~LogMessage()+1004)
06-21 19:34:33.756   938   938 F zygote64: runtime.cc:523]   native: #06 pc 0000000000341eb8  /system/lib64/libart.so (art::JNI::FatalError(_JNIEnv*, char const*)+192)
06-21 19:34:33.756   938   938 F zygote64: runtime.cc:523]   native: #07 pc 0000000000175794  /system/lib64/libandroid_runtime.so (???)
06-21 19:34:33.756   938   938 F zygote64: runtime.cc:523]   native: #08 pc 0000000000175b38  /system/lib64/libandroid_runtime.so (???)
06-21 19:34:33.756   938   938 F zygote64: runtime.cc:523]   native: #09 pc 0000000000174f08  /system/lib64/libandroid_runtime.so (???)
06-21 19:34:33.757   938   938 F zygote64: runtime.cc:523]   native: #10 pc 000000000103aa1c  /system/framework/arm64/boot-framework.oat (???)
06-21 19:34:33.757   938   938 F zygote64: runtime.cc:523]   at com.android.internal.os.Zygote.nativeForkSystemServer(Native method)
06-21 19:34:33.757   938   938 F zygote64: runtime.cc:523]   at com.android.internal.os.Zygote.forkSystemServer(Zygote.java:156)
06-21 19:34:33.757   938   938 F zygote64: runtime.cc:523]   at com.android.internal.os.ZygoteInit.forkSystemServer(ZygoteInit.java:660)
06-21 19:34:33.757   938   938 F zygote64: runtime.cc:523]   at com.android.internal.os.ZygoteInit.main(ZygoteInit.java:782)
06-21 19:34:33.757   938   938 F zygote64: runtime.cc:523] 
06-21 19:34:33.757   938   938 F libc    : Fatal signal 6 (SIGABRT), code -6 in tid 938 (main), pid 938 (main)
06-21 19:34:33.761   531   705 I smartpa_parser: parse_smartpa_xml: match smartpa_range
06-21 19:34:33.761   531   705 E smartpa_parser: the control mask node has no value
06-21 19:34:33.762   531   705 I smartpa_parser: sence=6 not config, use default pair sence's parameters 
06-21 19:34:33.762   531   705 I smartpa_parser: sence=7 not config, use default pair sence's parameters 
06-21 19:34:33.762   531   705 I smartpa_parser: sence=8 not config, use default pair sence's parameters 
06-21 19:34:33.762   531   705 I smartpa_parser: sence=9 not config, use default pair sence's parameters 
06-21 19:34:33.762   531   705 I smartpa_parser: sence=18 not config, use default pair sence's parameters 
06-21 19:34:33.762   531   705 I smartpa_parser: sence=19 not config, use default pair sence's parameters 
06-21 19:34:33.773   531   705 D dsp_interface: dsp_open:product_name = CHARLOTTE
06-21 19:34:33.773   531   705 I dsp_soc : soc_dsp_open: product_name = CHARLOTTE, dsp_name = hi363x
06-21 19:34:33.773   531   705 I dsp_soc_ctl: dsp_soc_ctl_open++
06-21 19:34:33.774   531   705 I dsp_soc_ctl: open /dev/hifi_misc.
06-21 19:34:33.774   531   705 I dsp_soc_ctl: dsp_soc_ctl_open--
06-21 19:34:33.774   531   705 I dsp_common: dsp_common_open: product_name = CHARLOTTE, dsp_name = hi6403
06-21 19:34:33.774   531   705 V audio_common: get value success, value:mad
06-21 19:34:33.774   531   705 I dsp_common: get_dsp_algo_config: get get_config_value succ, algo_config = 0x0
06-21 19:34:33.774   531   705 I dsp_common: dsp_common_open 0x1 algo disable 
06-21 19:34:33.774   531   705 I dsp_common: dsp_common_open 0x4 algo disable 
06-21 19:34:33.774   531   705 I dsp_common: dsp_common_open 0x8 algo disable 
06-21 19:34:33.774   531   705 I dsp_common: dsp_common_open 0x10 algo disable 
06-21 19:34:33.774   531   705 D dsp_interface: dsp_init:
06-21 19:34:33.774   531   705 I dsp_codec_ctl: get_spk_rec_stereo_status: dual_smartpa_support match, return true
06-21 19:34:33.774   531   705 I dsp_codec_ctl: get_screen_rotate: spk_rcv_stereo_support match, return true
06-21 19:34:33.774   531   705 I dsp_codec_ctl: get_spk_smart_pa_num_stereo_status: get pa_num: 1
06-21 19:34:33.774   531   705 I dsp_codec_ctl: get_spk_smart_pa_num_stereo_status: get pa_type: 1
06-21 19:34:33.774   531   705 V dsp_soc_para_ctl: dsp_nv_init:begin
06-21 19:34:33.774   531   705 V dsp_soc_para_ctl: ap_param_init: dsp_nv_size: 309608, dsp_nv_param: 0x79f1c22080
06-21 19:34:33.774   531   705 D dsp_soc_ctl: copy_algo_param_to_hifi, param addr = 0xf1c22080(low) 0x79(high), result = 0
06-21 19:34:33.774   531   705 V dsp_soc_para_ctl: clear_hifi_nv: copy to dsp DDR, dsp_nv_size: 309608, dsp_nv_param: 0x0x79f1c22080, copy2dsp_result:0
06-21 19:34:33.774   531   705 I audio_config: get_ce_normal_para: ce_normal_para = ce
06-21 19:34:33.774   531   705 I dsp_soc_para_ctl: get_algo_param_name: ce file audio/dts/dts_CHARLOTTE_ce.xml doesn't exist, try normal file
06-21 19:34:33.774   531   705 I dsp_soc_para_ctl: get_algo_param_name: filename is /odm/etc/audio/dts/dts_CHARLOTTE_normal.xml
06-21 19:34:33.775   531   705 I audio_config: get_ce_normal_para: ce_normal_para = ce
06-21 19:34:33.775   531   705 I dsp_soc_para_ctl: get_algo_param_name: ce file audio/mbdrc/mbdrc_CHARLOTTE_ce.xml doesn't exist, try normal file
06-21 19:34:33.775   531   705 I dsp_soc_para_ctl: get_algo_param_name: filename is /odm/etc/audio/mbdrc/mbdrc_CHARLOTTE_normal.xml
06-21 19:34:33.775   978   978 I crash_dump64: obtaining output fd from tombstoned, type: kDebuggerdTombstone
06-21 19:34:33.775   610   610 I /system/bin/tombstoned: received crash request for pid 938
06-21 19:34:33.776   978   978 I crash_dump64: performing dump of process 938 (target tid = 938)
06-21 19:34:33.776   531   705 I audio_config: get_ce_normal_para: ce_normal_para = ce
06-21 19:34:33.776   531   705 I dsp_soc_para_ctl: get_algo_param_name: filename is /odm/etc/audio/modem/modem_CHARLOTTE_ce.xml
06-21 19:34:33.776   978   978 F DEBUG   : *** *** *** *** *** *** *** *** *** *** *** *** *** *** *** ***
06-21 19:34:33.776   978   978 F DEBUG   : Build fingerprint: 'HUAWEI/CLT-L29/HWCLT:8.1.0/HUAWEICLT-L29/128(C432):user/release-keys'
06-21 19:34:33.776   978   978 F DEBUG   : Revision: '0'
06-21 19:34:33.776   978   978 F DEBUG   : ABI: 'arm64'
06-21 19:34:33.776   978   978 F DEBUG   : pid: 938, tid: 938, name: main  >>> zygote64 <<<
06-21 19:34:33.776   978   978 F DEBUG   : signal 6 (SIGABRT), code -6 (SI_TKILL), fault addr --------
06-21 19:34:33.779   978   978 F DEBUG   : Abort message: 'jni_internal.cc:593] JNI FatalError called: frameworks/base/core/jni/com_android_internal_os_Zygote.cpp:523: Unable to construct file descriptor table.'
06-21 19:34:33.779   978   978 F DEBUG   :     x0   0000000000000000  x1   00000000000003aa  x2   0000000000000006  x3   0000000000000008
06-21 19:34:33.779   978   978 F DEBUG   :     x4   0000000000000000  x5   0000000000000000  x6   0000000000000000  x7   0080808080808080
06-21 19:34:33.779   978   978 F DEBUG   :     x8   0000000000000083  x9   0000000010000000  x10  0000007ff77ddfa0  x11  0000000000000001
06-21 19:34:33.779   978   978 F DEBUG   :     x12  0000007ff77dda98  x13  0000000000000008  x14  ffffffffffffffff  x15  00001336ecca9e13
06-21 19:34:33.779   978   978 F DEBUG   :     x16  0000005ac29d3fa8  x17  00000075ba68a52c  x18  0000000000000008  x19  00000000000003aa
06-21 19:34:33.779   978   978 F DEBUG   :     x20  00000000000003aa  x21  0000000000000083  x22  00000075366a5400  x23  00000075bb28da40
06-21 19:34:33.779   978   978 F DEBUG   :     x24  0000007ff77de039  x25  0000000000000048  x26  0000000000000091  x27  0000000000000082
06-21 19:34:33.779   978   978 F DEBUG   :     x28  00000075ba9df0a0  x29  0000007ff77ddfe0  x30  00000075ba63f760
06-21 19:34:33.779   978   978 F DEBUG   :     sp   0000007ff77ddfa0  pc   00000075ba63f788  pstate 0000000060000000
06-21 19:34:33.790   978   978 F DEBUG   : 
06-21 19:34:33.790   978   978 F DEBUG   : backtrace:
06-21 19:34:33.790   978   978 F DEBUG   :     #00 pc 000000000001d788  /system/lib64/libc.so (abort+120)
06-21 19:34:33.790   978   978 F DEBUG   :     #01 pc 0000000000475af0  /system/lib64/libart.so (art::Runtime::Abort(char const*)+552)
06-21 19:34:33.790   978   978 F DEBUG   :     #02 pc 000000000056b3ec  /system/lib64/libart.so (android::base::LogMessage::~LogMessage()+1004)
06-21 19:34:33.790   978   978 F DEBUG   :     #03 pc 0000000000341eb8  /system/lib64/libart.so (art::JNI::FatalError(_JNIEnv*, char const*)+192)
06-21 19:34:33.790   978   978 F DEBUG   :     #04 pc 0000000000175794  /system/lib64/libandroid_runtime.so ((anonymous namespace)::RuntimeAbort(_JNIEnv*, int, char const*)+392)
06-21 19:34:33.790   978   978 F DEBUG   :     #05 pc 0000000000175b38  /system/lib64/libandroid_runtime.so ((anonymous namespace)::ForkAndSpecializeCommon(_JNIEnv*, unsigned int, unsigned int, _jintArray*, int, _jobjectArray*, long, long, int, _jstring*, _jstring*, bool, _jintArray*, _jintArray*, _jstring*, _jstring*)+792)
06-21 19:34:33.790   978   978 F DEBUG   :     #06 pc 0000000000174f08  /system/lib64/libandroid_runtime.so (android::com_android_internal_os_Zygote_nativeForkSystemServer(_JNIEnv*, _jclass*, unsigned int, unsigned int, _jintArray*, int, _jobjectArray*, long, long)+92)
06-21 19:34:33.790   978   978 F DEBUG   :     #07 pc 0000000001650a1c  /system/framework/arm64/boot-framework.oat (offset 0x616000)
06-21 19:34:33.796   531   705 V audio_common: get value success, value:true
06-21 19:34:33.796   531   705 I audio_config: get_ce_normal_para: ce_normal_para = ce
06-21 19:34:33.796   531   705 I dsp_soc_para_ctl: get_algo_param_name: filename is 
06-21 19:34:33.796   531   705 I dsp_soc_para_ctl: file  is not existed
06-21 19:34:33.796   531   705 I dsp_soc_para_ctl: ap_param_init: could not parse file , begin to parse default file
06-21 19:34:33.796   531   705 I dsp_soc_para_ctl: file /etc/audio/sws/sws_default.xml is not existed
06-21 19:34:33.796   531   705 I dsp_soc_para_ctl: sws config file not exist, skip!
06-21 19:34:33.796   531   705 V audio_common: get value success, value:true
06-21 19:34:33.796   531   705 I audio_config: get_ce_normal_para: ce_normal_para = ce
06-21 19:34:33.796   531   705 I dsp_soc_para_ctl: get_algo_param_name: filename is /odm/etc/audio/dolby/dolby_CHARLOTTE_balance.xml
06-21 19:34:33.797   531   705 I dsp_soc_para_ctl: get_sws_3d_param_name: file audio/sws/sws_3d_CHARLOTTE_normal.cfg is not existed
06-21 19:34:33.797   531   705 I dsp_soc_para_ctl: get_sws_3d_param_name: filename is 
06-21 19:34:33.797   531   705 I dsp_soc_para_ctl: get_sws3_tws_param_name: file audio/sws/sws_tws_CHARLOTTE_normal.cfg is not existed
06-21 19:34:33.797   531   705 I dsp_soc_para_ctl: get_sws3_tws_param_name: filename is 
06-21 19:34:33.797   531   705 I dsp_soc_para_ctl: get_sws_tws_param_name: file audio/sws/sws_tws_CHARLOTTE_config.bin is not existed
06-21 19:34:33.797   531   705 I dsp_soc_para_ctl: get_sws_tws_param_name: filename is 
06-21 19:34:33.797   531   705 E dsp_soc_para_ctl: can not open sws tws para file: 
06-21 19:34:33.797   531   705 D dsp_soc_ctl: copy_algo_param_to_hifi, param addr = 0xf1c22080(low) 0x79(high), result = 0
06-21 19:34:33.797   531   705 V dsp_soc_para_ctl: copy_nv_to_hifi: copy to dsp DDR except flag, dsp_nv_size: 309608, dsp_nv_param: 0x0x79f1c22080, copy2dsp_result:0
06-21 19:34:33.797   531   705 D dsp_soc_ctl: copy_algo_param_to_hifi, param addr = 0xf1c22080(low) 0x79(high), result = 0
06-21 19:34:33.797   531   705 V dsp_soc_para_ctl: copy_nv_to_hifi: copy to dsp DDR, dsp_nv_size: 309608, dsp_nv_param: 0x0x79f1c22080, copy2dsp_result:0
06-21 19:34:33.797   531   705 V dsp_soc_para_ctl: copy_nv_to_hifi:end
06-21 19:34:33.797   531   705 V dsp_soc_para_ctl: dsp_nv_init:end
06-21 19:34:33.797   531   705 I dsp_common: dsp_common_init: initialize dsp module
06-21 19:34:33.797   531   705 I dsp_codec_ctl: get_spk_rec_stereo_status: dual_smartpa_support match, return true
06-21 19:34:33.797   531   705 D dsp_codec_ctl: image_num:6
06-21 19:34:33.797   531   705 D dsp_codec_ctl: dsp_type:hi6403_2spk dsp_img_list[0]:hi6402
06-21 19:34:33.797   531   705 D dsp_codec_ctl: dsp_type:hi6403_2spk dsp_img_list[1]:hi6402_2spk
06-21 19:34:33.797   531   705 D dsp_codec_ctl: dsp_type:hi6403_2spk dsp_img_list[2]:hi6403
06-21 19:34:33.797   531   705 D dsp_codec_ctl: dsp_type:hi6403_2spk dsp_img_list[3]:hi6403_2spk
06-21 19:34:33.797   531   705 I dsp_codec_ctl: get_smartpakit_dsp_image: use new smartpakit related img
06-21 19:34:33.797   531   705 D dsp_codec_ctl: dsp_img_name:hifi_6403_imedia_devkit.img
06-21 19:34:33.797   531   705 D dsp_codec_ctl: wakeup_hisi_enable enter
06-21 19:34:33.797   531   705 D dsp_codec_ctl: wakeup_hisi_enable get dts success
06-21 19:34:33.826   978   978 E crash_dump64: unable to connect to activity manager: Connection refused
06-21 19:34:33.827   610   610 E /system/bin/tombstoned: Tombstone written to: /data/tombstones/tombstone_09
06-21 19:34:33.853   409   409 I ServiceManager: service 'media.audio_flinger' died
06-21 19:34:33.858   409   409 I ServiceManager: service 'media.camera' died
06-21 19:34:33.863   409   409 I ServiceManager: service 'media.player' died
06-21 19:34:33.863   409   409 I ServiceManager: service 'media.resource_manager' died
06-21 19:34:33.869   410   410 E hw-IPCThreadState: attemptIncStrongHandle(4): Not supported
06-21 19:34:33.869   410   410 I chatty  : uid=1000(system) hwservicemanage identical 11 lines
06-21 19:34:33.869   410   410 E hw-IPCThreadState: attemptIncStrongHandle(4): Not supported
06-21 19:34:33.869   409   409 I ServiceManager: service 'netd' died
06-21 19:34:33.869   410   410 E hw-IPCThreadState: attemptIncStrongHandle(4): Not supported
06-21 19:34:33.870   410   410 I chatty  : uid=1000(system) hwservicemanage identical 47 lines
06-21 19:34:33.870   410   410 E hw-IPCThreadState: attemptIncStrongHandle(4): Not supported
06-21 19:34:33.874   409   409 I ServiceManager: service 'wificond' died
06-21 19:34:34.626   531   705 I dsp_codec_ctl: codec_adsp_send_sync_cmd:ioctl ret=0
06-21 19:34:34.626   531   705 I spk_dev_interface: spk_set_calibration_value: use new smartpakit version
06-21 19:34:34.626   531   705 I audio_maintain_tools: asd_open: DLOPEN successful for libasd.so
06-21 19:34:34.626   531   705 I asd     : [asd_dev_open] enter 
06-21 19:34:34.626   531   705 I asd     : [audio_stream_detect_init] set log_freq_level = 5, the maxim level = 1.
06-21 19:34:34.626   531   705 I asd     : [audio_stream_detect_init] init succ.
06-21 19:34:34.626   531   705 I asd     : [ringtone_detect_init] init succ.
06-21 19:34:34.626   531   705 D asd     : [audio_pop_detect_init] enter
06-21 19:34:34.626   531   705 E asd     : open dts file failed! May not need in this case
06-21 19:34:34.626   531   705 E asd     : open dts file failed! May not need in this case
06-21 19:34:34.626   531   705 I asd     : audio_pop_detect_init: use default max_filter=500.000000
06-21 19:34:34.626   531   705 E asd     : open dts file failed! May not need in this case
06-21 19:34:34.627   531   705 I asd     : audio_pop_detect_init: use default threshold=0.450000
06-21 19:34:34.627   531   705 I asd     : audio_pop_detect_init: is open pop_test :1
06-21 19:34:34.627   531   705 I asd     : [asd_dev_open] exit 
06-21 19:34:34.627   531   705 I audio_hw_primary: create_offload_standby_thread
06-21 19:34:34.627   531   705 I audio_hw_primary: create_direct_standby_thread
06-21 19:34:34.627   531   705 I audio_hw_primary: soundtrigger_dev_open: filename is /system/vendor/lib64/hw/sound_trigger.primary.default.so
06-21 19:34:34.627   531   705 I audio_hw_primary: not support multi mic
06-21 19:34:34.627   531   705 D dsp_interface: dsp_set_cvaa_mono_channel: val = 0
06-21 19:34:34.627   531   985 I audio_hw_primary: direct_standby_loop: standby loop start...
06-21 19:34:34.627   531   984 I audio_hw_primary: offload_standby_loop: standby loop start...
06-21 19:34:34.627   531   705 I dsp_soc : soc_dsp_set_cvaa_mono_channel succ (msg_id 0xdd9c, value 0)
06-21 19:34:34.627   531   983 D asd     : asd_loop start.....
06-21 19:34:34.627   531   705 I audio_hw_primary: adev_close
06-21 19:34:34.627   531   705 I audio_hw_primary: do_out_standby standby: 1, stream_type: 4,  out_device: 0
06-21 19:34:34.627   531   705 I audio_hw_primary: do_out_standby standby: 1, stream_type: 5,  out_device: 0
06-21 19:34:34.627   531   705 I audio_hw_primary: do_out_standby standby: 1, stream_type: 6,  out_device: 0
06-21 19:34:34.627   531   705 I audio_hw_primary: do_out_standby standby: 1, stream_type: 7,  out_device: 0
06-21 19:34:34.627   531   705 I audio_hw_primary: destroy_offload_standby_thread
06-21 19:34:34.627   531   984 I audio_hw_primary: offload_standby_loop: wait standby_cond succ
06-21 19:34:34.637   531   984 E audio_hw_primary: offload_standby_loop: adev->outputs[OUTPUT_OFFLOAD] is NULL
06-21 19:34:34.637   531   984 I audio_hw_primary: offload_standby_loop: standby loop exit...
06-21 19:34:34.638   531   705 I audio_hw_primary: destroy_direct_standby_thread
06-21 19:34:34.638   531   985 I audio_hw_primary: direct_standby_loop: wait standby_cond succ
06-21 19:34:34.648   531   985 E audio_hw_primary: direct_standby_loop: adev->outputs[OUTPUT_DIRECT] is NULL
06-21 19:34:34.648   531   985 I audio_hw_primary: direct_standby_loop: standby loop exit...
06-21 19:34:34.648   531   705 I audio_hw_primary: do_out_standby standby: 1, stream_type: 4,  out_device: 0
06-21 19:34:34.648   531   705 I audio_hw_primary: do_out_standby standby: 1, stream_type: 5,  out_device: 0
06-21 19:34:34.648   531   705 I audio_hw_primary: do_out_standby standby: 1, stream_type: 6,  out_device: 0
06-21 19:34:34.648   531   705 I audio_hw_primary: do_out_standby standby: 1, stream_type: 7,  out_device: 0
06-21 19:34:34.648   531   705 D dsp_interface: dsp_close:
06-21 19:34:34.648   531   705 I dsp_soc_ctl: dsp_soc_ctl_close++
06-21 19:34:34.648   531   705 I dsp_soc_ctl: close /dev/hifi_misc.
06-21 19:34:34.648   531   705 I dsp_soc_ctl: dsp_soc_ctl_close--
06-21 19:34:34.648   531   705 I spk_dev_interface: spk_dev_close: use new smartpakit version
06-21 19:34:34.648   531   705 I smartpakit: smartpakit close
06-21 19:34:38.246   986   986 I Netd    : Netd 1.0 starting
06-21 19:34:38.246   986   986 D TetherController: Setting IP forward enable = 0
06-21 19:34:38.258   986   986 I Netd    : Creating child chains: 7.7ms
06-21 19:34:38.258   986   986 I Netd    : Setting up OEM hooks: 0.1ms
06-21 19:34:38.261   986   986 I Netd    : Setting up FirewallController hooks: 2.9ms
06-21 19:34:38.263   986   986 I Netd    : Setting up NatController hooks: 1.6ms
06-21 19:34:38.264   986   986 I Netd    : Setting up BandwidthController hooks: 1.1ms
06-21 19:34:38.264   986   986 I Netd    : Setting up IdletimerController hooks: 0.0ms
06-21 19:34:38.266   986   986 I Netd    : Disabling bandwidth control: 2.2ms
06-21 19:34:38.267   986   986 E Netd    : Error adding route 0.0.0.0/0 -> (null) dummy0 to table 1002: File exists
06-21 19:34:38.267   986   986 I Netd    : Initializing RouteController: 0.7ms
06-21 19:34:38.268   986   986 D MDnsDS  : MDnsSdListener::Hander starting up
06-21 19:34:38.268   986   996 D MDnsDS  : MDnsSdListener starting to monitor
06-21 19:34:38.268   986   996 D MDnsDS  : Going to poll with pollCount 1
06-21 19:34:38.269   986   986 I Netd    : Registering NetdNativeService: 0.9ms
06-21 19:34:38.269   986   986 I Netd    : Starting CommandListener: 0.1ms
06-21 19:34:38.271   986   986 I Netd    : Registering NetdHwService: 1.5ms
06-21 19:34:38.271   986   986 I Netd    : Netd started in 24ms
06-21 19:34:38.374  1003  1003 D vndksupport: Loading /vendor/lib64/hw/vendor.huawei.hardware.hisupl@1.0-impl.so from current namespace instead of sphal namespace.
06-21 19:34:38.374  1003  1003 D vndksupport: Loading /vendor/lib64/hw/hisupl.hi1102.default.so from current namespace instead of sphal namespace.
06-21 19:34:38.375  1003  1003 E HAL     : load: id=hisupl.hi1102 != hmi->id=hisupl
06-21 19:34:38.375  1003  1003 E HiSuplHAL_HiSuplInterface: supl hw_get_module hisupl failed: -22
06-21 19:34:38.375  1003  1003 E venodr.huawei.hardware.hisupl@1.0-service: Could not get passthrough implementation for vendor.huawei.hardware.hisupl@1.0::ISuplclienttoserverInterface/default.
06-21 19:34:38.395   987   987 D AndroidRuntime: >>>>>> START com.android.internal.os.ZygoteInit uid 0 <<<<<<
06-21 19:34:38.397   987   987 I zygote64: option[0]=-Xzygote
06-21 19:34:38.397   987   987 I zygote64: option[1]=-Xusetombstonedtraces
06-21 19:34:38.398   987   987 I zygote64: option[2]=exit
06-21 19:34:38.398   987   987 I zygote64: option[3]=vfprintf
06-21 19:34:38.398   987   987 I zygote64: option[4]=sensitiveThread
06-21 19:34:38.398   987   987 I zygote64: option[5]=-verbose:gc
06-21 19:34:38.398   987   987 I zygote64: option[6]=-Xms8m
06-21 19:34:38.398   987   987 I zygote64: option[7]=-Xmx512m
06-21 19:34:38.398   987   987 I zygote64: option[8]=-XX:HeapGrowthLimit=384m
06-21 19:34:38.398   987   987 I zygote64: option[9]=-XX:HeapMinFree=2m
06-21 19:34:38.398   987   987 I zygote64: option[10]=-XX:HeapMaxFree=8m
06-21 19:34:38.398   987   987 I zygote64: option[11]=-XX:HeapTargetUtilization=0.75
06-21 19:34:38.398   987   987 I zygote64: option[12]=-Xusejit:true
06-21 19:34:38.398   987   987 I zygote64: option[13]=-Xjitsaveprofilinginfo
06-21 19:34:38.398   987   987 I zygote64: option[14]=-agentlib:jdwp=transport=dt_android_adb,suspend=n,server=y
06-21 19:34:38.398   987   987 I zygote64: option[15]=-Xlockprofthreshold:500
06-21 19:34:38.398   987   987 I zygote64: option[16]=-Ximage-compiler-option
06-21 19:34:38.398   987   987 I zygote64: option[17]=--runtime-arg
06-21 19:34:38.398   987   987 I zygote64: option[18]=-Ximage-compiler-option
06-21 19:34:38.398   987   987 I zygote64: option[19]=-Xms64m
06-21 19:34:38.398   987   987 I zygote64: option[20]=-Ximage-compiler-option
06-21 19:34:38.398   987   987 I zygote64: option[21]=--runtime-arg
06-21 19:34:38.398   987   987 I zygote64: option[22]=-Ximage-compiler-option
06-21 19:34:38.398   987   987 I zygote64: option[23]=-Xmx64m
06-21 19:34:38.398   987   987 I zygote64: option[24]=-Ximage-compiler-option
06-21 19:34:38.398   987   987 I zygote64: option[25]=--image-classes=/system/etc/preloaded-classes
06-21 19:34:38.398   987   987 I zygote64: option[26]=-Ximage-compiler-option
06-21 19:34:38.398   987   987 I zygote64: option[27]=--compiled-classes=/system/etc/compiled-classes
06-21 19:34:38.398   987   987 I zygote64: option[28]=-Ximage-compiler-option
06-21 19:34:38.398   987   987 I zygote64: option[29]=--dirty-image-objects=/system/etc/dirty-image-objects
06-21 19:34:38.398   987   987 I zygote64: option[30]=-Xcompiler-option
06-21 19:34:38.398   987   987 I zygote64: option[31]=--runtime-arg
06-21 19:34:38.398   987   987 I zygote64: option[32]=-Xcompiler-option
06-21 19:34:38.398   987   987 I zygote64: option[33]=-Xms64m
06-21 19:34:38.398   987   987 I zygote64: option[34]=-Xcompiler-option
06-21 19:34:38.398   987   987 I zygote64: option[35]=--runtime-arg
06-21 19:34:38.398   987   987 I zygote64: option[36]=-Xcompiler-option
06-21 19:34:38.398   987   987 I zygote64: option[37]=-Xmx512m
06-21 19:34:38.398   987   987 I zygote64: option[38]=-Xcompiler-option
06-21 19:34:38.398   987   987 I zygote64: option[39]=-j4
06-21 19:34:38.398   987   987 I zygote64: option[40]=-Ximage-compiler-option
06-21 19:34:38.398   987   987 I zygote64: option[41]=-j4
06-21 19:34:38.398   987   987 I zygote64: option[42]=-Ximage-compiler-option
06-21 19:34:38.398   987   987 I zygote64: option[43]=--instruction-set-variant=generic
06-21 19:34:38.398   987   987 I zygote64: option[44]=-Xcompiler-option
06-21 19:34:38.398   987   987 I zygote64: option[45]=--instruction-set-variant=generic
06-21 19:34:38.398   987   987 I zygote64: option[46]=-Ximage-compiler-option
06-21 19:34:38.398   987   987 I zygote64: option[47]=--instruction-set-features=default
06-21 19:34:38.398   987   987 I zygote64: option[48]=-Xcompiler-option
06-21 19:34:38.398   987   987 I zygote64: option[49]=--instruction-set-features=default
06-21 19:34:38.398   987   987 I zygote64: option[50]=-Duser.locale=el-GR
06-21 19:34:38.398   987   987 I zygote64: option[51]=--cpu-abilist=arm64-v8a
06-21 19:34:38.398   987   987 I zygote64: option[52]=-Xfingerprint:HUAWEI/CLT-L29/HWCLT:8.1.0/HUAWEICLT-L29/128(C432):user/release-keys
06-21 19:34:38.478   987   987 D Zygote  : begin preload
06-21 19:34:38.478   987   987 I Zygote  : Installing ICU cache reference pinning...
06-21 19:34:38.478   987   987 I Zygote  : Preloading ICU data...
06-21 19:34:38.481   987   987 E System  : Unable to open boot classpath entry: /system/framework/telephony-ext.jar
06-21 19:34:38.481   987   987 E System  : java.io.FileNotFoundException: File doesn't exist: /system/framework/telephony-ext.jar
06-21 19:34:38.481   987   987 E System  : 	at java.util.zip.ZipFile.<init>(ZipFile.java:212)
06-21 19:34:38.481   987   987 E System  : 	at java.util.zip.ZipFile.<init>(ZipFile.java:149)
06-21 19:34:38.481   987   987 E System  : 	at java.util.jar.JarFile.<init>(JarFile.java:160)
06-21 19:34:38.481   987   987 E System  : 	at java.util.jar.JarFile.<init>(JarFile.java:97)
06-21 19:34:38.481   987   987 E System  : 	at libcore.io.ClassPathURLStreamHandler.<init>(ClassPathURLStreamHandler.java:47)
06-21 19:34:38.481   987   987 E System  : 	at java.lang.VMClassLoader.createBootClassPathUrlHandlers(VMClassLoader.java:49)
06-21 19:34:38.481   987   987 E System  : 	at java.lang.VMClassLoader.<clinit>(VMClassLoader.java:32)
06-21 19:34:38.481   987   987 E System  : 	at java.lang.BootClassLoader.findResource(ClassLoader.java:1360)
06-21 19:34:38.481   987   987 E System  : 	at java.lang.BootClassLoader.getResource(ClassLoader.java:1406)
06-21 19:34:38.481   987   987 E System  : 	at java.lang.ClassLoader.getResourceAsStream(ClassLoader.java:987)
06-21 19:34:38.481   987   987 E System  : 	at android.icu.impl.ICUData.getStream(ICUData.java:142)
06-21 19:34:38.481   987   987 E System  : 	at android.icu.impl.ICUBinary.getData(ICUBinary.java:499)
06-21 19:34:38.481   987   987 E System  : 	at android.icu.impl.ICUBinary.getData(ICUBinary.java:441)
06-21 19:34:38.481   987   987 E System  : 	at android.icu.impl.ICUResourceBundleReader$ReaderCache.createInstance(ICUResourceBundleReader.java:190)
06-21 19:34:38.481   987   987 E System  : 	at android.icu.impl.ICUResourceBundleReader$ReaderCache.createInstance(ICUResourceBundleReader.java:180)
06-21 19:34:38.481   987   987 E System  : 	at android.icu.impl.SoftCache.getInstance(SoftCache.java:71)
06-21 19:34:38.481   987   987 E System  : 	at android.icu.impl.ICUResourceBundleReader.getReader(ICUResourceBundleReader.java:234)
06-21 19:34:38.481   987   987 E System  : 	at android.icu.impl.ICUResourceBundle.createBundle(ICUResourceBundle.java:1284)
06-21 19:34:38.481   987   987 E System  : 	at android.icu.impl.ICUResourceBundle$4.load(ICUResourceBundle.java:1157)
06-21 19:34:38.481   987   987 E System  : 	at android.icu.impl.ICUResourceBundle$1.createInstance(ICUResourceBundle.java:96)
06-21 19:34:38.481   987   987 E System  : 	at android.icu.impl.ICUResourceBundle$1.createInstance(ICUResourceBundle.java:94)
06-21 19:34:38.481   987   987 E System  : 	at android.icu.impl.SoftCache.getInstance(SoftCache.java:71)
06-21 19:34:38.481   987   987 E System  : 	at android.icu.impl.ICUResourceBundle.instantiateBundle(ICUResourceBundle.java:1144)
06-21 19:34:38.481   987   987 E System  : 	at android.icu.impl.ICUResourceBundle.getBundleInstance(ICUResourceBundle.java:1117)
06-21 19:34:38.481   987   987 E System  : 	at android.icu.impl.ICUResourceBundle.getBundleInstance(ICUResourceBundle.java:1105)
06-21 19:34:38.481   987   987 E System  : 	at android.icu.impl.ICUCurrencyDisplayInfoProvider.getInstance(ICUCurrencyDisplayInfoProvider.java:40)
06-21 19:34:38.481   987   987 E System  : 	at android.icu.text.DecimalFormatSymbols.initialize(DecimalFormatSymbols.java:1232)
06-21 19:34:38.481   987   987 E System  : 	at android.icu.text.DecimalFormatSymbols.<init>(DecimalFormatSymbols.java:71)
06-21 19:34:38.481   987   987 E System  : 	at com.android.internal.os.ZygoteInit.beginIcuCachePinning(ZygoteInit.java:170)
06-21 19:34:38.481   987   987 E System  : 	at com.android.internal.os.ZygoteInit.preload(ZygoteInit.java:125)
06-21 19:34:38.481   987   987 E System  : 	at com.android.internal.os.ZygoteInit.main(ZygoteInit.java:755)
06-21 19:34:38.482   987   987 D Zygote64Timing: BeginIcuCachePinning took to complete: 4ms
06-21 19:34:38.482   987   987 I Zygote  : Preloading classes...
06-21 19:34:38.549   987   987 E ActivityRecognitionHardware: activity_recognition HAL is deprecated. class_init is effectively a no-op
06-21 19:34:38.555   987   987 W Zygote  : Class not found for preloading: android.icu.impl.number.Parse
06-21 19:34:38.558   987   987 I zygote64: Thread[1,tid=987,Native,Thread*=0x7741ebfa00,peer=0x12c01e60,"main"] recursive attempt to load library "/system/lib64/libmedia_jni.so"
06-21 19:34:38.558   987   987 D MtpDeviceJNI: register_android_mtp_MtpDevice
06-21 19:34:38.559   987   987 I zygote64: Thread[1,tid=987,Native,Thread*=0x7741ebfa00,peer=0x12c01e60,"main"] recursive attempt to load library "/system/lib64/libmedia_jni.so"
06-21 19:34:38.559   987   987 I zygote64: Thread[1,tid=987,Native,Thread*=0x7741ebfa00,peer=0x12c01e60,"main"] recursive attempt to load library "/system/lib64/libmedia_jni.so"
06-21 19:34:38.593   987   987 I Zygote  : ...preloaded 4715 classes in 111ms.
06-21 19:34:38.593   987   987 I zygote64: VMRuntime.preloadDexCaches starting
06-21 19:34:38.619   987   987 I zygote64: VMRuntime.preloadDexCaches strings total=314751 before=10385 after=10385
06-21 19:34:38.619   987   987 I zygote64: VMRuntime.preloadDexCaches types total=26744 before=5506 after=5508
06-21 19:34:38.619   987   987 I zygote64: VMRuntime.preloadDexCaches fields total=127763 before=5508 after=5538
06-21 19:34:38.619   987   987 I zygote64: VMRuntime.preloadDexCaches methods total=226083 before=9965 after=9965
06-21 19:34:38.619   987   987 I zygote64: VMRuntime.preloadDexCaches finished
06-21 19:34:38.619   987   987 D Zygote64Timing: PreloadClasses took to complete: 137ms
06-21 19:34:38.631  1012  1012 I wificond: wificond is starting up...
06-21 19:34:38.633   987   987 I Zygote  : Preloading resources...
06-21 19:34:38.637   987   987 W Resources: Preloaded drawable resource #0x1080264 (android:drawable/dialog_background_material) that varies with configuration!!
06-21 19:34:38.644   987   987 I Zygote  : ...preloaded 64 resources in 11ms.
06-21 19:34:38.646  1009  1009 I FastMixerState: sMaxFastTracks = 8
06-21 19:34:38.646   987   987 W Resources: Preloaded color resource #0x1060053 (android:color/btn_default_material_dark) that varies with configuration!!
06-21 19:34:38.647   987   987 I Zygote  : ...preloaded 41 resources in 2ms.
06-21 19:34:38.647   987   987 D Zygote64Timing: PreloadResources took to complete: 28ms
06-21 19:34:38.647  1009  1009 I audioserver: ServiceManager: 0xed098700
06-21 19:34:38.648  1009  1009 W BatteryNotifier: batterystats service unavailable!
06-21 19:34:38.650  1009  1009 I AudioFlinger: Using default 3000 mSec as standby time.
06-21 19:34:38.651  1009  1009 E APM::Serializer: deserialize: Could not parse /odm/etc/audio_policy_configuration.xml document.
06-21 19:34:38.656   531   705 D vndksupport: Loading /vendor/lib64/hw/audio.primary.hisi.so from current namespace instead of sphal namespace.
06-21 19:34:38.656   531   705 I audio_hw_primary: adev_open:
06-21 19:34:38.657   531   705 I audio_hw_primary: offload mode is enable
06-21 19:34:38.665   987   987 D libEGL  : loaded /vendor/lib64/egl/libGLES_mali.so
06-21 19:34:38.676  1010  1010 I cameraserver: ServiceManager: 0xf5518760
06-21 19:34:38.676  1010  1010 I CameraService: CameraService started (pid=1010)
06-21 19:34:38.676  1010  1010 I CameraService: CameraService process starting
06-21 19:34:38.677  1010  1010 W BatteryNotifier: batterystats service unavailable!
06-21 19:34:38.677  1010  1010 W BatteryNotifier: batterystats service unavailable!
06-21 19:34:38.680  1010  1010 I CameraProviderManager: Connecting to new camera provider: legacy/0, isRemote? 1
06-21 19:34:38.680   531   705 I audio_hw_primary: lowlatency mode is disable
06-21 19:34:38.680  1010  1010 I CameraProviderManager: Enumerating new camera device: device@3.2/legacy/0
06-21 19:34:38.681  1010  1010 I CameraProviderManager: Enumerating new camera device: device@3.2/legacy/1
06-21 19:34:38.682   987   987 I Zygote  : Preloading shared libraries...
06-21 19:34:38.686  1010  1010 I CameraProviderManager: Camera provider legacy/0 ready with 2 camera devices
06-21 19:34:38.686  1010  1010 I CameraProviderManager: Camera device device@3.2/legacy/0 status is now PRESENT, was PRESENT
06-21 19:34:38.686  1010  1022 W CameraProviderManager: addProviderLocked: Camera provider HAL with name 'legacy/0' already registered
06-21 19:34:38.686  1010  1010 I CameraService: onDeviceStatusChanged: Status changed for cameraId=0, newStatus=1
06-21 19:34:38.686  1010  1010 W CameraService: onDeviceStatusChanged: Unknown camera ID 0, probably newly registered?
06-21 19:34:38.686  1010  1010 I CameraProviderManager: Camera device device@3.2/legacy/1 status is now PRESENT, was PRESENT
06-21 19:34:38.686  1010  1010 I CameraService: onDeviceStatusChanged: Status changed for cameraId=1, newStatus=1
06-21 19:34:38.686  1010  1010 W CameraService: onDeviceStatusChanged: Unknown camera ID 1, probably newly registered?
06-21 19:34:38.687  1011  1011 I mediaserver: ServiceManager: 0xeb798800
06-21 19:34:38.687   372   372 E         : pid 531, opration oeminfo_read OK
06-21 19:34:38.687   372   372 E         : 
06-21 19:34:38.688  1011  1011 W BatteryNotifier: batterystats service unavailable!
06-21 19:34:38.688   531   705 I audio_config: get_vendor_info: vendor_country_info = hw/eu
06-21 19:34:38.688   531   705 V audio_common: get value success, value:CHARLOTTE
06-21 19:34:38.688   531   705 I audio_config: parse_dtsi_to_string: get dtsi CHARLOTTE succ
06-21 19:34:38.688   531   705 V audio_common: get value success, value:audio_custom
06-21 19:34:38.688   531   705 I audio_config: parse_dtsi_to_string: get dtsi audio_custom succ
06-21 19:34:38.688   531   705 V audio_common: get value success, value:smartpakit
06-21 19:34:38.688   531   705 I audio_config: parse_dtsi_to_string: get dtsi smartpakit succ
06-21 19:34:38.688   531   705 W audio_common: open dts file failed! May not need in this case
06-21 19:34:38.688   531   705 W audio_config: parse_dtsi_to_string: get dtsi from /proc/device-tree/audio_hw_config/hs_pa_name fail, set none as default
06-21 19:34:38.688   531   705 V audio_common: get value success, value:smartpakit
06-21 19:34:38.688   531   705 I audio_config: parse_dtsi_to_string: get dtsi smartpakit succ
06-21 19:34:38.688   531   705 V audio_common: get value success, value:hi363x
06-21 19:34:38.688   531   705 I audio_config: parse_dtsi_to_string: get dtsi hi363x succ
06-21 19:34:38.688   531   705 V audio_common: get value success, value:hi6403
06-21 19:34:38.688   987   987 I Zygote  : Uninstalled ICU cache reference pinning...
06-21 19:34:38.688   531   705 I audio_config: parse_dtsi_to_string: get dtsi hi6403 succ
06-21 19:34:38.688   531   705 W audio_common: open dts file failed! May not need in this case
06-21 19:34:38.688   531   705 W audio_config: parse_dtsi_to_string: get dtsi from /proc/device-tree/audio_hw_config/mic_name fail, set none as default
06-21 19:34:38.688   531   705 V audio_common: get value success, value:false
06-21 19:34:38.688   531   705 I audio_config: parse_dtsi_to_bool: get dtsi from path /proc/device-tree/audio_hw_config/modem_sio_master succ, value = flase
06-21 19:34:38.688   531   705 V audio_common: get value success, value:true
06-21 19:34:38.688   531   705 I audio_config: parse_dtsi_to_bool: get dtsi from path /proc/device-tree/audio_hw_config/vqm_enable succ, value = true
06-21 19:34:38.689   531   705 V audio_common: get value success, value:true
06-21 19:34:38.689   531   705 I audio_config: parse_dtsi_to_bool: get dtsi from path /proc/device-tree/audio_hw_config/audio_capability/bwe_support succ, value = true
06-21 19:34:38.689   531   705 V audio_common: get value success, value:true
06-21 19:34:38.689   531   705 I audio_config: parse_dtsi_to_bool: get dtsi from path /proc/device-tree/audio_hw_config/audio_capability/swb_support succ, value = true
06-21 19:34:38.689   531   705 V audio_common: get value success, value:false
06-21 19:34:38.689   531   705 I audio_config: parse_dtsi_to_bool: get dtsi from path /proc/device-tree/audio_hw_config/multi_mic_enable succ, value = flase
06-21 19:34:38.689   531   705 V audio_common: get value success, value:true
06-21 19:34:38.689   531   705 I audio_config: parse_dtsi_to_bool: get dtsi from path /proc/device-tree/audio_hw_config/audio_capability/dual_smartpa_support succ, value = true
06-21 19:34:38.689   531   705 V audio_common: get value success, value:2.0
06-21 19:34:38.689   531   705 I audio_config: get_dual_smartpa_version: get dual_smartpa_verison = 2.0 succ.
06-21 19:34:38.689   531   705 V audio_common: get value success, value:false
06-21 19:34:38.689   531   705 I audio_config: parse_dtsi_to_bool: get dtsi from path /proc/device-tree/audio_hw_config/audio_capability/voice_anc_support succ, value = flase
06-21 19:34:38.689   531   705 V audio_common: get value success, value:true
06-21 19:34:38.689   531   705 I audio_config: parse_dtsi_to_bool: get dtsi from path /proc/device-tree/audio_hw_config/audio_capability/visualizer_support succ, value = true
06-21 19:34:38.689   531   705 V audio_common: get value success, value:true
06-21 19:34:38.689   531   705 I audio_config: parse_dtsi_to_bool: get dtsi from path /proc/device-tree/audio_hw_config/asr_enable succ, value = true
06-21 19:34:38.689   531   705 V audio_common: get value success, value:2.0
06-21 19:34:38.689   531   705 I audio_config: get_soundtrigger_configs: get soundtrigger feature enable succ, soundtrigger_enable = 1
06-21 19:34:38.689   531   705 W audio_common: open dts file failed! May not need in this case
06-21 19:34:38.689  1010  1010 I CameraService: onDeviceStatusChanged: Status changed for cameraId=0, newStatus=1
06-21 19:34:38.689  1010  1010 E CameraService: onDeviceStatusChanged: State transition to the same status 0x1 not allowed
06-21 19:34:38.689   531   705 V audio_common: get value success, value:speaker
06-21 19:34:38.689  1010  1010 I CameraService: onDeviceStatusChanged: Status changed for cameraId=1, newStatus=1
06-21 19:34:38.689   531   705 I audio_config: get_speaker_test_content: get speaker_test_content succ, speaker_test_content = speaker
06-21 19:34:38.689  1010  1010 E CameraService: onDeviceStatusChanged: State transition to the same status 0x1 not allowed
06-21 19:34:38.689   531   705 V audio_common: get value success, value:1
06-21 19:34:38.689   531   705 I audio_config: parse_dtsi_to_int: get dtsi from /proc/device-tree/audio_hw_config/smartpa_info/pa_num = 1 succ
06-21 19:34:38.689   531   705 V audio_common: get value success, value:0
06-21 19:34:38.689   531   705 I audio_config: parse_dtsi_to_int: get dtsi from /proc/device-tree/audio_hw_config/smartpa_info/algo_in = 0 succ
06-21 19:34:38.689   531   705 V audio_common: get value success, value:0001
06-21 19:34:38.689   531   705 I audio_config: get_smartpa_info: get smartpa_info pa_type succ, pa_type = 1
06-21 19:34:38.689   531   705 V audio_common: get value success, value:true
06-21 19:34:38.689   531   705 I audio_config: parse_dtsi_to_bool: get dtsi from path /proc/device-tree/audio_hw_config/audio_sar_support succ, value = true
06-21 19:34:38.689   531   705 I audio_config: max voice volume uses prop ro.config.vol_steps: 15
06-21 19:34:38.689   987   987 I Zygote  : Installed AndroidKeyStoreProvider in 1ms.
06-21 19:34:38.689   531   705 I audio_config: use max voice volume 15
06-21 19:34:38.689   531   705 V audio_common: get value success, value:false
06-21 19:34:38.689   531   705 I audio_config: parse_dtsi_to_bool: get dtsi from path /proc/device-tree/audio_hw_config/analog_earpiece_enable succ, value = flase
06-21 19:34:38.689   531   705 W audio_common: open dts file failed! May not need in this case
06-21 19:34:38.689   531   705 W audio_config: parse_dtsi_to_bool: get dtsi from path /proc/device-tree/audio_hw_config/codec_stub fail, set value as false
06-21 19:34:38.689   531   705 W audio_common: open dts file failed! May not need in this case
06-21 19:34:38.689   531   705 W audio_config: parse_dtsi_to_bool: get dtsi from path /proc/device-tree/audio_hw_config/karaoke_mic_conf_support fail, set value as false
06-21 19:34:38.689   531   705 W audio_common: open dts file failed! May not need in this case
06-21 19:34:38.689   531   705 W audio_common: open dts file failed! May not need in this case
06-21 19:34:38.689  1010  1022 I CameraProviderManager: Camera device device@3.2/legacy/0 status is now PRESENT, was PRESENT
06-21 19:34:38.689   531   705 W audio_config: parse_dtsi_to_bool: get dtsi from path /proc/device-tree/audio_hw_config/hifi_info/extern_headset_hifi_enable fail, set value as false
06-21 19:34:38.689   531   705 V audio_common: get value success, value:1
06-21 19:34:38.689   531   705 I audio_config: parse_dtsi_to_int: get dtsi from /proc/device-tree/audio_hw_config/hifi_info/dsp_voice_vol_control = 1 succ
06-21 19:34:38.689   531   705 W audio_common: open dts file failed! May not need in this case
06-21 19:34:38.689   531   705 W audio_config: parse_dtsi_to_bool: get dtsi from path /proc/device-tree/audio_hw_config/hifi_info/dynamic_samplerate_support fail, set value as false
06-21 19:34:38.689  1010  1022 I CameraService: onDeviceStatusChanged: Status changed for cameraId=0, newStatus=1
06-21 19:34:38.689   531   705 W audio_common: open dts file failed! May not need in this case
06-21 19:34:38.689   531   705 W audio_config: parse_dtsi_to_bool: get dtsi from path /proc/device-tree/audio_hw_config/hifi_info/highperform_lowpower_support fail, set value as false
06-21 19:34:38.689  1010  1022 E CameraService: onDeviceStatusChanged: State transition to the same status 0x1 not allowed
06-21 19:34:38.689   531   705 W audio_common: open dts file failed! May not need in this case
06-21 19:34:38.689   531   705 W audio_config: parse_dtsi_to_bool: get dtsi from path /proc/device-tree/audio_hw_config/hifi_info/digital_voice_wakeup_enable fail, set value as false
06-21 19:34:38.689   531   705 W audio_common: open dts file failed! May not need in this case
06-21 19:34:38.689   531   705 W audio_config: parse_dtsi_to_bool: get dtsi from path /proc/device-tree/audio_hw_config/pa_alg_bypass fail, set value as false
06-21 19:34:38.689   531   705 I audio_config: get_ce_normal_para: ce_normal_para = ce
06-21 19:34:38.690   531   705 I audio_hw_primary: codec_init: paths_xml is /odm/etc/audio/hi6403/mixer_paths_CHARLOTTE.xml
06-21 19:34:38.690  1010  1022 I CameraProviderManager: Camera device device@3.2/legacy/1 status is now PRESENT, was PRESENT
06-21 19:34:38.690  1010  1022 I CameraService: onDeviceStatusChanged: Status changed for cameraId=1, newStatus=1
06-21 19:34:38.690  1010  1022 E CameraService: onDeviceStatusChanged: State transition to the same status 0x1 not allowed
06-21 19:34:38.690   531  1025 E audio_hw_primary: UEVENT  init fail
06-21 19:34:38.693  1010  1022 I CameraService: onDeviceStatusChanged: Status changed for cameraId=0, newStatus=1
06-21 19:34:38.693  1010  1022 E CameraService: onDeviceStatusChanged: State transition to the same status 0x1 not allowed
06-21 19:34:38.693  1010  1022 I CameraService: onDeviceStatusChanged: Status changed for cameraId=1, newStatus=1
06-21 19:34:38.693  1010  1022 E CameraService: onDeviceStatusChanged: State transition to the same status 0x1 not allowed
06-21 19:34:38.693   987   987 I Zygote  : Warmed up JCA providers in 4ms.
06-21 19:34:38.693   987   987 D Zygote  : end preload
06-21 19:34:38.693   987   987 D Zygote64Timing: ZygotePreload took to complete: 215ms
06-21 19:34:38.702   987   987 I zygote64: Explicit concurrent copying GC freed 30407(2MB) AllocSpace objects, 23(432KB) LOS objects, 79% free, 1550KB/7MB, paused 32us total 8.511ms
06-21 19:34:38.708   987   987 I zygote64: Explicit concurrent copying GC freed 5448(199KB) AllocSpace objects, 0(0B) LOS objects, 81% free, 1383KB/7MB, paused 18us total 5.038ms
06-21 19:34:38.708   987   987 D Zygote64Timing: PostZygoteInitGC took to complete: 15ms
06-21 19:34:38.708   987   987 D Zygote64Timing: ZygoteInit took to complete: 230ms
06-21 19:34:38.722   987   987 I zygote64: Global filter of size 170 installed
06-21 19:34:38.732   531   705 E audio_route: Control 'M1L MUX' already exists in path 'dup-call-m0-speaker-earpiece'
06-21 19:34:38.732   531   705 E audio_route: Control 'M1L MUX' already exists in path 'dup-call-wb-m0-speaker-earpiece'
06-21 19:34:38.732   531   705 E audio_route: Control 'M1L MUX' already exists in path 'dup-call-swb-m0-speaker-earpiece'
06-21 19:34:38.732   531   705 E audio_route: Control 'DACL SRC MIXER DSP IF8 SWITCH' already exists in path 'media-fm-speaker-earpiece'
06-21 19:34:38.732   531   705 E audio_route: Control 'M1L MUX' already exists in path 'dup-media-fm-speaker-earpiece'
06-21 19:34:38.733   531   705 E audio_route: Control 'M1L MUX' already exists in path 'communication-speaker-earpiece'
06-21 19:34:38.733   531   705 E audio_route: Control 'M1L MUX' already exists in path 'mmi-lineinl-receiver-rec'
06-21 19:34:38.734   531   705 E audio_route: Control 'DACL SRC MIXER DSP IF8 SWITCH' already exists in path 'media-lowlatency-speaker-earpiece'
06-21 19:34:38.734   531   705 E audio_route: Control 'DACL SRC MIXER DSP IF8 SWITCH' already exists in path 'dup-media-lowlatency-speaker-earpiece'
06-21 19:34:38.734   531   705 I audio_hw_primary: codec_init: pop_seq_xml is /odm/etc/audio/hi6403/pop_seq_CHARLOTTE.xml
06-21 19:34:38.734   531   705 I audio_pop: UP
06-21 19:34:38.734   531   705 I audio_pop: down
06-21 19:34:38.734   531   705 I audio_pop: 0:up name match mixer state:S1 OL SWITCH SWITCH
06-21 19:34:38.734   531   705 I audio_pop: 1:up name match mixer state:S1 OR SWITCH SWITCH
06-21 19:34:38.734   531   705 I audio_pop: 2:up name match mixer state:S2 OL SWITCH SWITCH
06-21 19:34:38.734   531   705 I audio_pop: 3:up name match mixer state:S2 OR SWITCH SWITCH
06-21 19:34:38.734   531   705 I audio_pop: 4:up name match mixer state:S3 OL SWITCH SWITCH
06-21 19:34:38.734   531   705 I audio_pop: 5:up name match mixer state:S3 OR SWITCH SWITCH
06-21 19:34:38.734   531   705 I audio_pop: 6:up name match mixer state:S4 OL SWITCH SWITCH
06-21 19:34:38.734   531   705 I audio_pop: 7:up name match mixer state:S4 OR SWITCH SWITCH
06-21 19:34:38.734   531   705 I audio_pop: 8:up name match mixer state:DACL FLT MIXER DACL SRC SWITCH
06-21 19:34:38.734   531   705 I audio_pop: 9:up name match mixer state:DACR FLT MIXER DACR SRC SWITCH
06-21 19:34:38.734   531   705 I audio_pop: 10:up name match mixer state:LOWLATENCY SWITCH SWITCH
06-21 19:34:38.734   531   705 I audio_pop: 11:up name match mixer state:VOICE32K SWITCH SWITCH
06-21 19:34:38.734   531   705 I audio_pop: 12:up name match mixer state:PLAY48K SWITCH SWITCH
06-21 19:34:38.734   531   705 I audio_pop: 13:up name match mixer state:PLAY96K SWITCH SWITCH
06-21 19:34:38.734   531   705 I audio_pop: 14:up name match mixer state:PLAY192K SWITCH SWITCH
06-21 19:34:38.734   531   705 I audio_pop: 15:up name match mixer state:AUDIOUP SWITCH SWITCH
06-21 19:34:38.734   531   705 I audio_pop: 16:up name match mixer state:AUDIOUP 4MIC SWITCH SWITCH
06-21 19:34:38.734   531   705 I audio_pop: 0:down match mixer state:DACL FLT MIXER DACL SRC SWITCH
06-21 19:34:38.734   531   705 I audio_pop: 1:down match mixer state:DACR FLT MIXER DACR SRC SWITCH
06-21 19:34:38.734   531   705 I audio_pop: 2:down match mixer state:S1 OL SWITCH SWITCH
06-21 19:34:38.734   531   705 I audio_pop: 3:down match mixer state:S1 OR SWITCH SWITCH
06-21 19:34:38.734   531   705 I audio_pop: 4:down match mixer state:S2 OL SWITCH SWITCH
06-21 19:34:38.734   531   705 I audio_pop: 5:down match mixer state:S2 OR SWITCH SWITCH
06-21 19:34:38.735   531   705 I audio_pop: 6:down match mixer state:S3 OL SWITCH SWITCH
06-21 19:34:38.735   531   705 I audio_pop: 7:down match mixer state:S3 OR SWITCH SWITCH
06-21 19:34:38.735   531   705 I audio_pop: 8:down match mixer state:S4 OL SWITCH SWITCH
06-21 19:34:38.735   531   705 I audio_pop: 9:down match mixer state:S4 OR SWITCH SWITCH
06-21 19:34:38.735   531   705 I audio_pop: 10:down match mixer state:LOWLATENCY SWITCH SWITCH
06-21 19:34:38.735   531   705 I audio_pop: 11:down match mixer state:VOICE32K SWITCH SWITCH
06-21 19:34:38.735   531   705 I audio_pop: 12:down match mixer state:PLAY48K SWITCH SWITCH
06-21 19:34:38.735   531   705 I audio_pop: 13:down match mixer state:PLAY96K SWITCH SWITCH
06-21 19:34:38.735   531   705 I audio_pop: 14:down match mixer state:PLAY192K SWITCH SWITCH
06-21 19:34:38.735   531   705 I audio_pop: 15:down match mixer state:AUDIOUP SWITCH SWITCH
06-21 19:34:38.735   531   705 I audio_pop: 16:down match mixer state:AUDIOUP 4MIC SWITCH SWITCH
06-21 19:34:38.735   531   705 I audio_hw_primary: codec_init: volumes_xml is /odm/etc/audio/hi6403/mixer_volumes_CHARLOTTE_ce.xml
06-21 19:34:38.738   987   987 E zygote64: Not whitelisted : /product/overlay/frameworkResOverlay.apk
06-21 19:34:38.738   987   987 F zygote64: jni_internal.cc:593] JNI FatalError called: frameworks/base/core/jni/com_android_internal_os_Zygote.cpp:523: Unable to construct file descriptor table.
