--------- beginning of main
02-02 22:32:41.010   595   595 E WifiHAL : enter wifi_get_link_stats
02-02 22:32:41.994   633   633 I aptouch_daemon: filter_touch_detect, down, in: 1, out: 1
02-02 22:32:42.030   633   633 I aptouch_daemon: filter_touch_detect, all_touch_up
--------- beginning of system
02-02 22:32:42.040   949   949 V SettingsProvider: Notifying for 0: content://settings/system/navigation_bar_enabled
02-02 22:32:42.041   678   678 I vendor.huawei.hardware.biometrics.fingerprint@2.1-service: BiometricsFingerprint::sendCmdToHal 41 
02-02 22:32:42.041   678   678 I FingerprintDevice: FingerprintDevice::sendCmdToHal 41 
02-02 22:32:42.041   678   678 D fpc_fingerprint_hal: ldh MSG_NAV_ENABLE
02-02 22:32:42.043   678   900 D fpc_fingerprint_hal: do_navigation STATE_NAVIGATION
02-02 22:32:42.046   678   678 I FingerprintDevice: FingerprintDevice::sendCmdToHal ret 0 
02-02 22:32:42.047 30321 30321 D StatusBar: navbar is disabled
02-02 22:32:42.062   598   636 E BufferQueueProducer: [NavigationBar#0] disconnect: not connected (req=1)
02-02 22:32:42.064 30321 30363 W libEGL  : EGLNativeWindowType 0x735a424010 disconnect failed
02-02 22:32:42.112 32509 32530 D mali_winsys: EGLint new_window_surface(egl_winsys_display *, void *, EGLSurface, EGLConfig, egl_winsys_surface **, EGLBoolean) returns 0x3000
02-02 22:32:42.114   562   562 I GRALLOC : getCallingPid=598, shrFd=20,fmt=0x1,intFmt=0x1,btStrd=2816,size=372736,pid=562 
02-02 22:32:42.114   562   562 I GRALLOC : 	 yuv=2,w=674,h=132,Stride u=0 v=0,offset u=0 v=0 
02-02 22:32:42.114   562   562 I GRALLOC : 	 iova_size=372736,conUsg=0xb00,proUsg=0xb00,	 strd=704,[afbc]HdrStrd=0 PyldStrd=0 Scrmbl=0,ionhnd = 1 
02-02 22:32:42.115   562   562 I chatty  : uid=1000(system) allocator@2.0-s identical 1 line
02-02 22:32:42.116   562   562 I GRALLOC : getCallingPid=598, shrFd=20,fmt=0x1,intFmt=0x1,btStrd=2816,size=372736,pid=562 
02-02 22:32:42.116   562   562 I GRALLOC : 	 yuv=2,w=674,h=132,Stride u=0 v=0,offset u=0 v=0 
02-02 22:32:42.116   562   562 I GRALLOC : 	 iova_size=372736,conUsg=0xb00,proUsg=0xb00,	 strd=704,[afbc]HdrStrd=0 PyldStrd=0 Scrmbl=0,ionhnd = 1 
02-02 22:32:42.443   598   636 D SurfaceFlinger: duplicate layer name: changing Surface(name=b401ce0 Toast)/@0xaaa935b - animation-leash to Surface(name=b401ce0 Toast)/@0xaaa935b - animation-leash#1
02-02 22:32:42.447   598   636 W SurfaceFlinger: Attempting to destroy on removed layer: 3deb3c9 NavigationBar#0
02-02 22:32:42.811 17706 17723 I Finsky  : [132] com.google.android.finsky.bo.an.run(6): Stats for Executor: Db-auto_update.db com.google.android.finsky.bo.ao@c6ee24d[Running, pool size = 0, active threads = 0, queued tasks = 0, completed tasks = 0]
02-02 22:32:42.971 17706 17723 I Finsky  : [132] com.google.android.finsky.bo.an.run(6): Stats for Executor: Db-user_languages_store com.google.android.finsky.bo.ao@8b80102[Running, pool size = 0, active threads = 0, queued tasks = 0, completed tasks = 1]
02-02 22:32:43.745 17706 17723 I Finsky  : [132] com.google.android.finsky.bo.an.run(6): Stats for Executor: Db-scheduled_acquisitions.db com.google.android.finsky.bo.ao@333a13[Running, pool size = 0, active threads = 0, queued tasks = 0, completed tasks = 0]
02-02 22:32:44.044   595   595 E WifiHAL : enter wifi_get_link_stats
02-02 22:32:45.561   598  3120 E BufferQueueProducer: [Toast#0] disconnect: not connected (req=1)
02-02 22:32:45.562 32509 32530 W libEGL  : EGLNativeWindowType 0x736dc80010 disconnect failed
02-02 22:32:45.568   949  4430 W NotificationService: Toast already killed. pkg=com.android.settings callback=android.app.ITransientNotification$Stub$Proxy@21b6b3c
02-02 22:32:46.104   598  3120 W SurfaceFlinger: Attempting to destroy on removed layer: b401ce0 Toast#0
02-02 22:32:47.101   595   595 E WifiHAL : enter wifi_get_link_stats
02-02 22:32:48.837 17706 17723 I Finsky  : [132] com.google.android.finsky.bo.an.run(6): Stats for Executor: NotificationAssistDatabaseManager com.google.android.finsky.bo.ao@f33b450[Running, pool size = 0, active threads = 0, queued tasks = 0, completed tasks = 1]
02-02 22:32:48.838 17706 17723 I Finsky  : [132] com.google.android.finsky.bo.an.run(6): Stats for Executor: InstallBackgroundThread com.google.android.finsky.bo.ao@fd45649[Running, pool size = 0, active threads = 0, queued tasks = 0, completed tasks = 0]
02-02 22:32:48.839 17706 17723 I Finsky  : [132] com.google.android.finsky.bo.an.run(6): Stats for Executor: InstallBackgroundThread com.google.android.finsky.bo.ao@5292b4e[Running, pool size = 0, active threads = 0, queued tasks = 0, completed tasks = 1]
02-02 22:32:48.840 17706 17723 I Finsky  : [132] com.google.android.finsky.bo.an.run(6): Stats for Executor: InstallBackgroundThread com.google.android.finsky.bo.ao@a0d646f[Running, pool size = 0, active threads = 0, queued tasks = 0, completed tasks = 2]
02-02 22:32:50.137   595   595 E WifiHAL : enter wifi_get_link_stats
02-02 22:32:51.710   678   900 D fpc_fingerprint_hal: wait_finger_down, took 9664 ms
02-02 22:32:52.081   678   900 D fpc_fingerprint_hal: [fph_nav]  send event 28
02-02 22:32:52.086   949   992 D AutofillManagerService: Close system dialogs
02-02 22:32:52.102 30321 30321 V StatusBar: mStatusBarWindow: com.android.systemui.statusbar.phone.StatusBarWindowView{3d5c86e V.ED..... ........ 0,0-1080,71} canPanelBeCollapsed(): false
02-02 22:32:52.103   949  4400 I ActivityManager: START u0 {act=android.media.action.STILL_IMAGE_CAMERA flg=0x14000000 cmp=com.android.camera2/com.android.camera.CameraActivity} from uid 10065
02-02 22:32:52.104 30321 30321 I vol.Events: writeEvent dismiss_dialog volume_controller
02-02 22:32:52.115   949  4400 E ActivityManager: applyOptionsLocked: Unknown animationType=0
02-02 22:32:52.152   949   988 I ActivityManager: Start proc 32634:com.android.camera2/u0a105 for activity com.android.camera2/com.android.camera.CameraActivity
02-02 22:32:52.160   562   562 I GRALLOC : getCallingPid=598, shrFd=20,fmt=0x1,intFmt=0x1,btStrd=4352,size=9748480,pid=562 
02-02 22:32:52.160   562   562 I GRALLOC : 	 yuv=2,w=1080,h=2240,Stride u=0 v=0,offset u=0 v=0 
02-02 22:32:52.160   562   562 I GRALLOC : 	 iova_size=9748480,conUsg=0x906,proUsg=0x966,	 strd=1088,[afbc]HdrStrd=0 PyldStrd=0 Scrmbl=0,ionhnd = 1 
02-02 22:32:52.184   562   562 I GRALLOC : getCallingPid=598, shrFd=20,fmt=0x1,intFmt=0x1,btStrd=4352,size=9748480,pid=562 
02-02 22:32:52.184   562   562 I GRALLOC : 	 yuv=2,w=1080,h=2240,Stride u=0 v=0,offset u=0 v=0 
02-02 22:32:52.184   562   562 I GRALLOC : 	 iova_size=9748480,conUsg=0x306,proUsg=0x366,	 strd=1088,[afbc]HdrStrd=0 PyldStrd=0 Scrmbl=0,ionhnd = 1 
02-02 22:32:52.219 32634 32634 V CAM_Profiler: [  0,000ms][ui] GUARD: CameraApp onCreate() - START
02-02 22:32:52.220 32634 32634 V CAM_Profiler: [  0,000ms][ui] GUARD: FirstRunDetector getTimeOfFirstRun - START
02-02 22:32:52.226 32634 32634 V CAM_Profiler: [  6,069ms][ui] GUARD: FirstRunDetector getTimeOfFirstRun - [ 6,069ms] PreferenceManager.getDefaultSharedPreferences
02-02 22:32:52.231 32634 32634 V CAM_Profiler: [ 11,074ms][ui] GUARD: FirstRunDetector getTimeOfFirstRun - [ 5,005ms] preferences.getLong
02-02 22:32:52.231 32634 32634 V CAM_Profiler: [ 11,279ms][ui] GUARD: FirstRunDetector getTimeOfFirstRun - STOP
02-02 22:32:52.231 32634 32634 I CAM_Profiler: [ 17,772ms][ui] GUARD: CameraApp onCreate() - [17,772ms] initializeTimeOfFirstRun
02-02 22:32:52.231 32634 32634 V CAM_Profiler: [ 18,005ms][ui] GUARD: CameraApp onCreate() - [ 0,233ms] UsageStatistics.initialize
02-02 22:32:52.232 32634 32634 V CAM_Profiler: [ 18,848ms][ui] GUARD: CameraApp onCreate() - [ 0,843ms] clearNotifications
02-02 22:32:52.232 32634 32634 I CAM_Profiler: [ 18,848ms][ui] GUARD: CameraApp onCreate() - STOP
02-02 22:32:52.246 32634 32634 V CAM_QuickActivity: START onCreate: Activity = com.android.camera.CameraActivity@a171467
02-02 22:32:52.246 32634 32634 V CAM_Profiler: [  0,000ms][ui] GUARD: CameraActivity.onCreateTasks - START
02-02 22:32:52.246 32634 32634 D CAM_LocationManager: Using legacy location provider.
02-02 22:32:52.253 32634 32634 D CAM_MemoryManagerImpl: Max native memory: 358 MB
02-02 22:32:52.257 32634 32634 W SoundPool: Use of stream types is deprecated for operations other than volume control
02-02 22:32:52.257 32634 32634 W SoundPool: See the documentation of SoundPool() for what to use instead with android.media.AudioAttributes to qualify your playback use case
02-02 22:32:52.257 32634 32634 I CAM_OneCamFtrCnfgCrtr: CaptureModule? true
02-02 22:32:52.264 32634 32634 V CAM_Profiler: [ 17,588ms][ui] GUARD: CameraActivity.onCreateTasks - [ 5,153ms] Glide.setup
02-02 22:32:52.265 32634 32634 V CAM_Profiler: [ 18,689ms][ui] GUARD: CameraActivity.onCreateTasks - [ 1,101ms] OneCameraManager.get
02-02 22:32:52.268 32634 32634 E SoundPool: error loading /product/media/audio/ui/camera_click.ogg
02-02 22:32:52.268 32634 32634 I CameraManagerGlobal: Connecting to camera service
02-02 22:32:52.282   647  8185 I CameraService: CameraService::connect call (PID -1 "com.android.camera2", camera ID 1) for HAL version default and Camera API version 1
02-02 22:32:52.289 32634 32661 I OMXClient: IOmx service obtained
02-02 22:32:52.289   662  7338 I OMXMaster: makeComponentInstance(OMX.google.vorbis.decoder) in omx@1.0-service process
02-02 22:32:52.290   657   657 D NuPlayerDriver: NuPlayerDriver(0xe2010680) created, clientPid(647)
02-02 22:32:52.294   552   552 W AshmemAllocator: ashmem_create_region(32768) returning hidl_memory(0x7e2de2c100, 32768)
02-02 22:32:52.295   657 32667 E FileSource: Failed to open file '/product/media/audio/ui/camera_click.ogg'. (No such file or directory)
02-02 22:32:52.295   657 32667 E GenericSource: Failed to create data source!
02-02 22:32:52.295   657 32664 D NuPlayerDriver: notifyListener_l(0xe2010680), (100, 1, -2147483648, -1), loop setting(0, 0)
02-02 22:32:52.296   647  3266 E MediaPlayerNative: error (1, -2147483648)
02-02 22:32:52.296   647  8185 E CameraService: Failed to load CameraService sounds: /product/media/audio/ui/camera_click.ogg
02-02 22:32:52.296   657   657 D NuPlayerDriver: reset(0xe2010680) at state 2
02-02 22:32:52.297   657   657 D NuPlayerDriver: notifyListener_l(0xe2010680), (8, 0, 0, -1), loop setting(0, 0)
02-02 22:32:52.297   657 32664 D NuPlayerDriver: notifyResetComplete(0xe2010680)
02-02 22:32:52.298   552   552 W AshmemAllocator: ashmem_create_region(32768) returning hidl_memory(0x7e2de2c100, 32768)
02-02 22:32:52.299   552   552 I chatty  : uid=1000(system) allocator@1.0-s identical 1 line
02-02 22:32:52.299   552   552 W AshmemAllocator: ashmem_create_region(32768) returning hidl_memory(0x7e2de2c100, 32768)
02-02 22:32:52.299   657 19789 D NuPlayerDriver: NuPlayerDriver(0xee211400) created, clientPid(647)
02-02 22:32:52.300   552   552 W AshmemAllocator: ashmem_create_region(32768) returning hidl_memory(0x7e2de2c100, 32768)
02-02 22:32:52.308   552   552 I chatty  : uid=1000(system) allocator@1.0-s identical 6 lines
02-02 22:32:52.308   552   552 W AshmemAllocator: ashmem_create_region(32768) returning hidl_memory(0x7e2de2c100, 32768)
02-02 22:32:52.312   657 32669 D NuPlayerDriver: notifyListener_l(0xee211400), (1, 0, 0, -1), loop setting(0, 0)
02-02 22:32:52.313   657   657 D NuPlayerDriver: NuPlayerDriver(0xe2010600) created, clientPid(647)
02-02 22:32:52.316   657 32673 E FileSource: Failed to open file '/product/media/audio/ui/VideoRecord.ogg'. (No such file or directory)
02-02 22:32:52.316   657 32673 E GenericSource: Failed to create data source!
02-02 22:32:52.316   657 32672 D NuPlayerDriver: notifyListener_l(0xe2010600), (100, 1, -2147483648, -1), loop setting(0, 0)
02-02 22:32:52.316   647  3266 E MediaPlayerNative: error (1, -2147483648)
02-02 22:32:52.316   647  8185 E CameraService: Failed to load CameraService sounds: /product/media/audio/ui/VideoRecord.ogg
02-02 22:32:52.317   657   657 D NuPlayerDriver: reset(0xe2010600) at state 2
02-02 22:32:52.317   657   657 D NuPlayerDriver: notifyListener_l(0xe2010600), (8, 0, 0, -1), loop setting(0, 0)
02-02 22:32:52.317   657 32672 D NuPlayerDriver: notifyResetComplete(0xe2010600)
02-02 22:32:52.318   657   657 D NuPlayerDriver: NuPlayerDriver(0xe2010680) created, clientPid(647)
02-02 22:32:52.329   657 32675 D NuPlayerDriver: notifyListener_l(0xe2010680), (1, 0, 0, -1), loop setting(0, 0)
02-02 22:32:52.330   657 19789 D NuPlayerDriver: NuPlayerDriver(0xee211300) created, clientPid(647)
02-02 22:32:52.332   657 32679 E FileSource: Failed to open file '/product/media/audio/ui/VideoStop.ogg'. (No such file or directory)
02-02 22:32:52.332   657 32679 E GenericSource: Failed to create data source!
02-02 22:32:52.333   657 32678 D NuPlayerDriver: notifyListener_l(0xee211300), (100, 1, -2147483648, -1), loop setting(0, 0)
02-02 22:32:52.333   647  3266 E MediaPlayerNative: error (1, -2147483648)
02-02 22:32:52.333   647  8185 E CameraService: Failed to load CameraService sounds: /product/media/audio/ui/VideoStop.ogg
02-02 22:32:52.333   657   657 D NuPlayerDriver: reset(0xee211300) at state 2
02-02 22:32:52.334   657   657 D NuPlayerDriver: notifyListener_l(0xee211300), (8, 0, 0, -1), loop setting(0, 0)
02-02 22:32:52.334   657 32678 D NuPlayerDriver: notifyResetComplete(0xee211300)
02-02 22:32:52.336   657 19789 D NuPlayerDriver: NuPlayerDriver(0xf3693600) created, clientPid(647)
02-02 22:32:52.349   657 32681 D NuPlayerDriver: notifyListener_l(0xf3693600), (1, 0, 0, -1), loop setting(0, 0)
02-02 22:32:52.349   647  8185 I Camera2ClientBase: Camera 1: Opened. Client: com.android.camera2 (PID 32634, UID 10105)
02-02 22:32:52.357   661   960 I CameraDevice: open: enter 
02-02 22:32:52.357   661   960 I ServerTranslator: open: enter
02-02 22:32:52.357   661   960 I CfgServer: open: open device (/dev/video5)
02-02 22:32:52.358   661   960 D HwaPerfRecorderImpl: [HWA_CAM3]enter perfInitialize(), id(1):fore camera
02-02 22:32:52.357   573  1022 I audio_hw_primary: soundtrigger_set_enforce voice_wake value 
02-02 22:32:52.358   573  1022 I spk_dev_interface: spk_set_parameters: use new smartpakit version
02-02 22:32:52.358   573  1022 I audio_hw_primary: update stream types 0
02-02 22:32:52.361   661   960 I CPipelineTranslator: CPipelineTranslator: ctor instance[0x7d6f02e1c8]. 
02-02 22:32:52.363   661   946 I ImagingSystem: updateClockMode: clockMode = 4
02-02 22:32:52.365   661   946 I ImagingSystem: powerUp enter.
02-02 22:32:52.366   661   946 I ImagingSystem: #Camera# [442217]> ImagingSystem_powerUp
02-02 22:32:52.369   661   946 I HispManager: powerUp: isp power up. pl:0x7d619b5800 secure:0
02-02 22:32:52.369   661   946 I HispManager: #Camera# [0]> CHISPManager::powerUp
02-02 22:32:52.369   661   809 I 160Manager: allocMemoryPool enter
02-02 22:32:52.369   661   809 I HISP160ShareMemoryPoolManager: allocMemoryPool enter
02-02 22:32:52.369   661   809 I HISP160ShareMemoryPoolManager: getMemAttr MemPoolSize:149946368
02-02 22:32:52.369   661   947 I SensorManager: powerUp: enter
02-02 22:32:52.370   661   948 I ImagingSystem: laserInitialize(171). enter! 
02-02 22:32:52.370   666   766 I Sensors@1.0-impl: alsActivate-3 enabled-1 fwkOals-1 camOals-0
02-02 22:32:52.374   666   766 I Sensors@1.0-impl: colorActivate-26 enabled-1, fwkOcolor-0 camOcolor-0
02-02 22:32:52.374   661 32684 I ImagingSystem: tryGetLightSensorData: SuperFast GetLight Succ light: 3, tempera: 0!
02-02 22:32:52.374   666   766 D SensorHub: enableSensor-> handle: 26 enable : 1
02-02 22:32:52.375   666   766 D SensorHub: Channel activate-> handle: 26, enabled:1, err: 0
02-02 22:32:52.375   666   766 D SensorHub: batch called handle:26 sample_ns:200000000 latency_ns:0
02-02 22:32:52.375   666   766 E SensorHub: in batch, handle = 26, flags = 0, period_ns = 200000000, timeout = 0
02-02 22:32:52.378   661   767 I CameraDeviceSession: constructDefaultRequestSettings: enter 
02-02 22:32:52.379   647  8185 E Camera2-Parameters: buildFastInfo: Unknown override AE mode: 0
02-02 22:32:52.379   647  8185 I chatty  : uid=1047(cameraserver) Binder:647_4 identical 10 lines
02-02 22:32:52.379   647  8185 E Camera2-Parameters: buildFastInfo: Unknown override AE mode: 0
02-02 22:32:52.382   647  8185 W Camera2-Parameters: initialize: Camera 1: Unknown scene mode value: 33
02-02 22:32:52.383   647  8185 W Camera2-Parameters: initialize: Camera 1: Unknown scene mode value: 34
02-02 22:32:52.383   647  8185 W Camera2-Parameters: initialize: Camera 1: Unknown scene mode value: 17
02-02 22:32:52.384   647  8185 E Camera2-Parameters: Error finding static metadata entry 'android.distortionCorrection.availableModes' (1b0001)
02-02 22:32:52.384   647  8185 I Camera2-Parameters: Camera 1: Disabling ZSL mode
02-02 22:32:52.384   647  8185 I Camera2-Parameters: initialize: allowZslMode: 0 slowJpegMode 1
02-02 22:32:52.384   661   767 I CameraDeviceSession: constructDefaultRequestSettings: enter 
02-02 22:32:52.386   666   766 D SensorHub: batch called handle:7 sample_ns:10000000 latency_ns:0
02-02 22:32:52.387   666   766 E SensorHub: in batch, handle = 7, flags = 0, period_ns = 10000000, timeout = 0
02-02 22:32:52.387   949 32690 I HidlSensorManager: hidl_ssvc_poll started.
02-02 22:32:52.387   666   766 I Sensors@1.0-impl: read color sensor data[0] = -1
02-02 22:32:52.387   666   766 I Sensors@1.0-impl: read color sensor data[1] = -1
02-02 22:32:52.387   666   766 I Sensors@1.0-impl: read color sensor data[2] = -1
02-02 22:32:52.387   666   766 I Sensors@1.0-impl: read color sensor data[3] = -1
02-02 22:32:52.387   666   766 I Sensors@1.0-impl: activate-7 enabled-1 fwkOals-1 camOals-1 fwkOcolor-0 camOcolor-1 fwkOtof-0 camOtof-0
02-02 22:32:52.387   666   766 D SensorHub: enableSensor-> handle: 7 enable : 1
02-02 22:32:52.387   666   766 D SensorHub: Channel activate-> handle: 7, enabled:1, err: 0
02-02 22:32:52.388   666   766 D SensorHub: batch called handle:0 sample_ns:10000000 latency_ns:0
02-02 22:32:52.388   666   766 E SensorHub: in batch, handle = 0, flags = 0, period_ns = 10000000, timeout = 0
02-02 22:32:52.388   666   766 D SensorHub: in flush, handle = 0
02-02 22:32:52.389   666   666 D SensorHub: getSensorType get meta data! handle =0
02-02 22:32:52.389   666   766 D SensorHub: batch called handle:5 sample_ns:10000000 latency_ns:0
02-02 22:32:52.389   666   766 E SensorHub: in batch, handle = 5, flags = 0, period_ns = 10000000, timeout = 0
02-02 22:32:52.389   666   766 I Sensors@1.0-impl: activate-5 enabled-1 fwkOals-1 camOals-1 fwkOcolor-0 camOcolor-1 fwkOtof-0 camOtof-0
02-02 22:32:52.389   666   766 D SensorHub: enableSensor-> handle: 5 enable : 1
02-02 22:32:52.389   666   766 D SensorHub: Channel activate-> handle: 5, enabled:1, err: 0
02-02 22:32:52.390   661   767 I CameraDeviceSession: flush: enter 
02-02 22:32:52.390   661   767 I CameraDeviceSession: flush: stopStreams begin 
02-02 22:32:52.390   661   767 I CameraDeviceSession: flush: stopStreams end 
02-02 22:32:52.390   661   767 I CameraDeviceSession: clear: enter 
02-02 22:32:52.390   661   767 I CameraDeviceSession: flush: exit 
02-02 22:32:52.392   666   666 D SensorHub: batch called handle:2 sample_ns:10000000 latency_ns:0
02-02 22:32:52.392   666   666 E SensorHub: in batch, handle = 2, flags = 0, period_ns = 10000000, timeout = 0
02-02 22:32:52.394   666   766 I Sensors@1.0-impl: activate-2 enabled-1 fwkOals-1 camOals-1 fwkOcolor-0 camOcolor-1 fwkOtof-0 camOtof-0
02-02 22:32:52.394   666   766 D SensorHub: enableSensor-> handle: 2 enable : 1
02-02 22:32:52.394   666   766 D SensorHub: Channel activate-> handle: 2, enabled:1, err: 0
02-02 22:32:52.394   661   947 I SensorManager: powerUpDone: enter
02-02 22:32:52.398   666   666 I Sensors@1.0-impl: read color sensor data[0] = -1
02-02 22:32:52.398   666   666 I Sensors@1.0-impl: read color sensor data[1] = -1
02-02 22:32:52.398   666   666 I Sensors@1.0-impl: read color sensor data[2] = -1
02-02 22:32:52.398   666   666 I Sensors@1.0-impl: read color sensor data[3] = -1
02-02 22:32:52.407   562   562 I GRALLOC : getCallingPid=661, shrFd=20,fmt=0x30a,intFmt=0x30a,btStrd=150994944,size=150994944,pid=562 
02-02 22:32:52.407   562   562 I GRALLOC : 	 yuv=2,w=150994944,h=1,Stride u=0 v=0,offset u=0 v=0 
02-02 22:32:52.407   562   562 I GRALLOC : 	 iova_size=150994944,conUsg=0xc00000000000000,proUsg=0xc00000000000000,	 strd=150994944,[afbc]HdrStrd=0 PyldStrd=0 Scrmbl=0,ionhnd = 1 
02-02 22:32:52.407   661   809 I HISP160ShareMemoryPoolManager: getMemAttr MemPoolSize:0
02-02 22:32:52.407   661   809 W HISP160ShareMemoryPoolManager: allocMemoryPool: unsupport the share memory ATTR 1
02-02 22:32:52.410   666   666 I Sensors@1.0-impl: read color sensor data[0] = -1
02-02 22:32:52.410   666   666 I Sensors@1.0-impl: read color sensor data[1] = -1
02-02 22:32:52.410   666   666 I Sensors@1.0-impl: read color sensor data[2] = -1
02-02 22:32:52.410   666   666 I Sensors@1.0-impl: read color sensor data[3] = -1
02-02 22:32:52.415   661   946 I HispManager: #Camera# [0]< CHISPManager::powerUp
02-02 22:32:52.415   661   946 I 160Manager: initMemoryPool
02-02 22:32:52.415   661   946 I HISP160ShareMemoryPoolManager: getMemAttr MemPoolSize:149946368
02-02 22:32:52.415   661   946 I HISP160ShareMemoryPoolManager: initMemoryPool: base size =0x8f00000 align size=0x100000 usage=864691128455135232 format=0x30a cached=true secured=false, pool_type=0
02-02 22:32:52.415   661   946 I HISP160ShareMemoryPoolManager: initMemoryPool: init pool[0] va=0x0x7d55200000, iova=0xd100000, prot=0x7
02-02 22:32:52.415   661   946 I HISP160ShareMemoryPoolManager: getMemAttr MemPoolSize:0
02-02 22:32:52.415   661   946 W HISP160ShareMemoryPoolManager: initMemoryPool: unsupport the share memory ATTR 1
02-02 22:32:52.416   661   946 I Feature : initFeature: m_secMode = 0
02-02 22:32:52.417   661   947 I HispSensorController: openCamera: camera id = [1] enter. 
02-02 22:32:52.418   661   947 I HispSensorController: updateMemPoolAddr map buffer size 0x7400000
02-02 22:32:52.418   661   947 I HispSensorController: updateMemPoolAddr fwSize:0x1d00000, ispFwSize:0x4900000, pd3AddSize:0x0
02-02 22:32:52.421   666   666 I Sensors@1.0-impl: read color sensor data[0] = -1
02-02 22:32:52.421   666   666 I Sensors@1.0-impl: read color sensor data[1] = -1
02-02 22:32:52.421   666   666 I Sensors@1.0-impl: read color sensor data[2] = -1
02-02 22:32:52.421   666   666 I Sensors@1.0-impl: read color sensor data[3] = -1
02-02 22:32:52.429   562   562 I GRALLOC : getCallingPid=661, shrFd=20,fmt=0x30a,intFmt=0x30a,btStrd=121634816,size=121634816,pid=562 
02-02 22:32:52.429   562   562 I GRALLOC : 	 yuv=2,w=121634816,h=1,Stride u=0 v=0,offset u=0 v=0 
02-02 22:32:52.429   562   562 I GRALLOC : 	 iova_size=121634816,conUsg=0xc00000040020000,proUsg=0xc00000040020000,	 strd=121634816,[afbc]HdrStrd=0 PyldStrd=0 Scrmbl=0,ionhnd = 1 
02-02 22:32:52.429   661   947 D HispSensorController: updateIspCoreMemPoolAddr: size = 0x7400000, m_MemPoolAddr=0x16098000.
02-02 22:32:52.429   661   947 I HispSensorController: hfbc start_addr=0xc1400000
02-02 22:32:52.430   661   947 I HispSensorController: allocOTPBuffer, alloc OTP buffer
02-02 22:32:52.430   661   947 I HispSensorController: getOTPBufferAddr,OTP buffer addr :0x13700000
02-02 22:32:52.430   661   947 I HispSensorController: getOTPBufferVaddr,OTP buffer vaddr :0x0x7d5b868000
02-02 22:32:52.432   666   666 I Sensors@1.0-impl: read color sensor data[0] = -1
02-02 22:32:52.432   666   666 I Sensors@1.0-impl: read color sensor data[1] = -1
02-02 22:32:52.432   666   666 I Sensors@1.0-impl: read color sensor data[2] = -1
02-02 22:32:52.432   666   666 I Sensors@1.0-impl: read color sensor data[3] = -1
02-02 22:32:52.432   661   947 I HispSensorController: acquireCameraById: set otp buffer[13700000] size[32803]
02-02 22:32:52.432   661   947 D ImagingSystem: getImagingParameters: instance[0x0x7d61efd040]. 
02-02 22:32:52.433   661   947 I HispSensorController: getCalibBuffer(2182): module addr: 0x13710000, size(5339552)
02-02 22:32:52.433   661   947 I HispSensorController: updateCalibBufferAddr(2392): calibAddr is (0x13710000), factoryAddr (0x0) 
02-02 22:32:52.433   661   947 I HispSensorController: sensor = [IMX576_OFILM], camId = [1], csi = [1], i2c = [1], product = [CHARLOTTE]. input_calib_buffer = [13710000]
02-02 22:32:52.433   661   947 I HispSensorController: acquireCameraById: get ANDROID_HW_ACQUIRECAM_SEQUENCE_OPTIMIZATION fail (0)
02-02 22:32:52.433   661   947 I HispSensorController: #Camera# [483766]> Acquire_Camera
02-02 22:32:52.442   666   666 I Sensors@1.0-impl: read color sensor data[0] = -1
02-02 22:32:52.442   666   666 I Sensors@1.0-impl: read color sensor data[1] = -1
02-02 22:32:52.442   666   666 I Sensors@1.0-impl: read color sensor data[2] = -1
02-02 22:32:52.442   666   666 I Sensors@1.0-impl: read color sensor data[3] = -1
02-02 22:32:52.443   661   947 I HispSensorController: #Camera# [483766]< Acquire_Camera
02-02 22:32:52.443   661   947 I ImagingSystem: sensorInitialize(153). open camera success! 
02-02 22:32:52.443   661   946 W SensorStage: getFilterManager: failed to find sensor device node(8). 
02-02 22:32:52.443   661   946 E ImagingSystem: oisInitialize(231) ois load firmware failed
02-02 22:32:52.443   661   946 I ImagingSystem: #Camera# [442217]< ImagingSystem_powerUp
02-02 22:32:52.443   661   946 E DataTable: metadata(2147483648) capability(2147549184) id(2147484280) set com.huawei.capture.metadata dfFactoryMode failed. (254)
02-02 22:32:52.443   661   946 I ImagingSystem: attach isDvfsSupport = 1
02-02 22:32:52.445   661   946 D ImagingSystem: STAGELIFECTRL start to attach every StageBase, pipelineId=5
02-02 22:32:52.445   661   946 D AlgoFilterStage: [HWA_CAM3]STAGELIFECTRL enter attach(), pipeline id=1
02-02 22:32:52.445   661   946 D ImagingSystem: STAGELIFECTRL end to attach every StageBase, pipelineId=5
02-02 22:32:52.453   666   666 I Sensors@1.0-impl: read color sensor data[0] = -1
02-02 22:32:52.453   666   666 I Sensors@1.0-impl: read color sensor data[1] = -1
02-02 22:32:52.453   666   666 I Sensors@1.0-impl: read color sensor data[2] = -1
02-02 22:32:52.453   666   666 I Sensors@1.0-impl: read color sensor data[3] = -1
02-02 22:32:52.463   666   666 I Sensors@1.0-impl: read color sensor data[0] = -1
02-02 22:32:52.463   666   666 I Sensors@1.0-impl: read color sensor data[1] = -1
02-02 22:32:52.463   666   666 I Sensors@1.0-impl: read color sensor data[2] = -1
02-02 22:32:52.463   666   666 I Sensors@1.0-impl: read color sensor data[3] = -1
02-02 22:32:52.474   666   666 I Sensors@1.0-impl: read color sensor data[0] = -1
02-02 22:32:52.474   666   666 I Sensors@1.0-impl: read color sensor data[1] = -1
02-02 22:32:52.474   666   666 I Sensors@1.0-impl: read color sensor data[2] = -1
02-02 22:32:52.474   666   666 I Sensors@1.0-impl: read color sensor data[3] = -1
02-02 22:32:52.484   666   666 I Sensors@1.0-impl: read color sensor data[0] = -1
02-02 22:32:52.484   666   666 I Sensors@1.0-impl: read color sensor data[1] = -1
02-02 22:32:52.484   666   666 I Sensors@1.0-impl: read color sensor data[2] = -1
02-02 22:32:52.484   666   666 I Sensors@1.0-impl: read color sensor data[3] = -1
02-02 22:32:52.487   678   900 D fpc_fingerprint_hal: wait_finger_down, took 406 ms
02-02 22:32:52.487   678   900 D FingerprintDevice: onAcquired(6), vendorCode(1003)
02-02 22:32:52.487   678   900 D fpc_fingerprint_hal: [fph_nav]  send event 113
02-02 22:32:52.488   678   900 I iMonitor: create: 912000004
02-02 22:32:52.488   678   900 E iMonitor: imonitor_send_event open fail 13
02-02 22:32:52.488   678   900 I iMonitor: send: 912000004
02-02 22:32:52.488   678   900 E fpc_fingerprint_hal: imonitor_send_nav_data dimonitor_send_event failed imonitor_ret=-19
02-02 22:32:52.489   647  3266 I Camera3-Device: disconnect: E
02-02 22:32:52.489   661   960 I CameraDeviceSession: close: enter 
02-02 22:32:52.489   661   960 I CameraDeviceSession: clear: enter 
02-02 22:32:52.489   661   960 D HwaPerfRecorderImpl: [HWA_CAM3]enter perfDeInitialize(), id(1):fore camera
02-02 22:32:52.489   661   960 I CameraDevice: onServiceDied: server status(alive)
02-02 22:32:52.489   647  3266 I Camera3-Device: disconnect: X
02-02 22:32:52.490   661   960 I CameraScene: ~CameraScene: dtor instance[0x7d6f06d0a0]. 
02-02 22:32:52.490   661   960 I CPipelineTranslator: ~CPipelineTranslator: dtor instance[0x7d6f02e1c8]. 
02-02 22:32:52.490   647   741 I Camera3-Device: disconnect: E
02-02 22:32:52.491   647  3266 I CameraService: disconnect: Disconnected client for camera 1 for PID 32634
02-02 22:32:52.493   647  3266 I Camera2Client: Camera 1: Closed
02-02 22:32:52.493   647  3266 I Camera2ClientBase: Closed Camera 1. Client was: com.android.camera2 (PID 32634, UID 10105)
02-02 22:32:52.493   657 19789 D NuPlayerDriver: reset(0xee211400) at state 4
02-02 22:32:52.493   657 19789 D NuPlayerDriver: notifyListener_l(0xee211400), (8, 0, 0, -1), loop setting(0, 0)
02-02 22:32:52.494   657 32669 D NuPlayerDriver: notifyResetComplete(0xee211400)
02-02 22:32:52.494   661   946 I MediaComm: setCopybitVoltaLev: enter, copybitId(-1)
02-02 22:32:52.495   661   946 I ImagingSystem: powerDown enter.
02-02 22:32:52.495   661   946 I ImagingSystem: #Camera# [491315]> ImagingSystem_powerDown
02-02 22:32:52.495   661   946 I HispSensorController: closeCamera:camera id = [1] enter. 
02-02 22:32:52.495   661   946 I HispManager: enter checkOisHardwareReady
02-02 22:32:52.495   661   946 I HISPOisController: wait4HardwareReady wait ois load firmware begin
02-02 22:32:52.495   661   946 I HISPOisController: wait4HardwareReady wait ois load firmware end
02-02 22:32:52.495   647   647 I CameraService: CameraService::connect call (PID -1 "com.android.camera2", camera ID 0) for HAL version default and Camera API version 1
02-02 22:32:52.496   666   766 I Sensors@1.0-impl: read color sensor data[0] = -1
02-02 22:32:52.496   666   766 I Sensors@1.0-impl: read color sensor data[1] = -1
02-02 22:32:52.496   666   766 I Sensors@1.0-impl: read color sensor data[2] = -1
02-02 22:32:52.496   666   766 I Sensors@1.0-impl: read color sensor data[3] = -1
02-02 22:32:52.496   657   755 D NuPlayerDriver: reset(0xe2010680) at state 4
02-02 22:32:52.497   657   755 D NuPlayerDriver: notifyListener_l(0xe2010680), (8, 0, 0, -1), loop setting(0, 0)
02-02 22:32:52.497   657 32675 D NuPlayerDriver: notifyResetComplete(0xe2010680)
02-02 22:32:52.498   661   946 I HispSensorController: releaseCalibBuffer: instance(0x7d6f4ad5d0). 
02-02 22:32:52.498   657   755 D NuPlayerDriver: reset(0xf3693600) at state 4
02-02 22:32:52.498   657   755 D NuPlayerDriver: notifyListener_l(0xf3693600), (8, 0, 0, -1), loop setting(0, 0)
02-02 22:32:52.498   661   946 I HISP160OisController: closeCamera, m_pModule=0x0
02-02 22:32:52.499   657 32681 D NuPlayerDriver: notifyResetComplete(0xf3693600)
02-02 22:32:52.499   661   946 I SensorManager: powerDown(490, 0x7d6f45a140): enter
02-02 22:32:52.500   657 19789 D NuPlayerDriver: NuPlayerDriver(0xee211400) created, clientPid(647)
02-02 22:32:52.501   666   666 I Sensors@1.0-impl: activate-7 enabled-0 fwkOals-1 camOals-1 fwkOcolor-0 camOcolor-1 fwkOtof-0 camOtof-0
02-02 22:32:52.501   666   666 D SensorHub: enableSensor-> handle: 7 enable : 0
02-02 22:32:52.501   666   666 D SensorHub: Channel activate-> handle: 7, enabled:0, err: 0
02-02 22:32:52.501   666   666 D SensorHub: batch called handle:0 sample_ns:66667000 latency_ns:100000000
02-02 22:32:52.501   666   666 E SensorHub: in batch, handle = 0, flags = 0, period_ns = 66667000, timeout = 100000000
02-02 22:32:52.502   666   666 I Sensors@1.0-impl: activate-5 enabled-0 fwkOals-1 camOals-1 fwkOcolor-0 camOcolor-1 fwkOtof-0 camOtof-0
02-02 22:32:52.502   666   666 D SensorHub: enableSensor-> handle: 5 enable : 0
02-02 22:32:52.502   666   666 D SensorHub: Channel activate-> handle: 5, enabled:0, err: 0
02-02 22:32:52.503   666   666 I Sensors@1.0-impl: activate-2 enabled-0 fwkOals-1 camOals-1 fwkOcolor-0 camOcolor-1 fwkOtof-0 camOtof-0
02-02 22:32:52.503   666   666 D SensorHub: enableSensor-> handle: 2 enable : 0
02-02 22:32:52.503   666   666 D SensorHub: Channel activate-> handle: 2, enabled:0, err: 0
02-02 22:32:52.503   666   666 I Sensors@1.0-impl: alsActivate-3 enabled-0 fwkOals-1 camOals-1
02-02 22:32:52.503   661   946 W FLashDevice: TurnOff  fail, flash fd = -1 invalid or not exist
02-02 22:32:52.503   661   946 I LCDInfoProcess: enter stop()
02-02 22:32:52.503   661   946 I SensorClusterImpl: disableSensor: sensor[10] already disabled
02-02 22:32:52.503   661   946 I SensorClusterImpl: disableSensor: sensor[1] already disabled
02-02 22:32:52.503   661   946 I SensorClusterImpl: disableSensor: sensor[4] already disabled
02-02 22:32:52.503   661   946 I SensorClusterImpl: disableSensor: sensor[3] already disabled
02-02 22:32:52.504   657 32702 E FileSource: Failed to open file '/product/media/audio/ui/camera_click.ogg'. (No such file or directory)
02-02 22:32:52.504   657 32702 E GenericSource: Failed to create data source!
02-02 22:32:52.504   657 32701 D NuPlayerDriver: notifyListener_l(0xee211400), (100, 1, -2147483648, -1), loop setting(0, 0)
02-02 22:32:52.504   647  3266 E MediaPlayerNative: error (1, -2147483648)
02-02 22:32:52.504   647   647 E CameraService: Failed to load CameraService sounds: /product/media/audio/ui/camera_click.ogg
02-02 22:32:52.504   657 19789 D NuPlayerDriver: reset(0xee211400) at state 2
02-02 22:32:52.505   657 19789 D NuPlayerDriver: notifyListener_l(0xee211400), (8, 0, 0, -1), loop setting(0, 0)
02-02 22:32:52.505   657 32701 D NuPlayerDriver: notifyResetComplete(0xee211400)
02-02 22:32:52.507   666   666 I Sensors@1.0-impl: read color sensor data[0] = 0
02-02 22:32:52.507   666   666 I Sensors@1.0-impl: read color sensor data[1] = 0
02-02 22:32:52.507   666   666 I Sensors@1.0-impl: read color sensor data[2] = 0
02-02 22:32:52.507   666   666 I Sensors@1.0-impl: read color sensor data[3] = 0
02-02 22:32:52.507   657  4662 D NuPlayerDriver: NuPlayerDriver(0xee211380) created, clientPid(647)
02-02 22:32:52.507   661 32685 I ImagingSystem: tryGetAwbSensorData: SuperFastShot GetAwb Succ! r 0, g 0, b 0 ir 0
02-02 22:32:52.507   666   666 I Sensors@1.0-impl: colorActivate-26 enabled-0, fwkOcolor-0 camOcolor-1
02-02 22:32:52.507   666   666 D SensorHub: enableSensor-> handle: 26 enable : 0
02-02 22:32:52.509   666   666 D SensorHub: Channel activate-> handle: 26, enabled:0, err: 0
02-02 22:32:52.511   661   946 I SensorManager: powerDownDone(548, 0x7d6f45a140): enter
02-02 22:32:52.511   661   946 I 160Manager: deinitMemoryPool
02-02 22:32:52.511   661   946 I HISP160ShareMemoryPoolManager: deinitMemoryPool enter
02-02 22:32:52.513   661   946 I 160Manager: ispCpuPowerOff
02-02 22:32:52.513   661   946 I HispManager: powerDown: isp power down. pl:0x7d619b5800
02-02 22:32:52.513   661   946 I HispManager: #Camera# [1]> CHISPManager::powerDown
02-02 22:32:52.517   657 32704 D NuPlayerDriver: notifyListener_l(0xee211380), (1, 0, 0, -1), loop setting(0, 0)
02-02 22:32:52.518   657 19789 D NuPlayerDriver: NuPlayerDriver(0xf1d21700) created, clientPid(647)
02-02 22:32:52.520   657 32709 E FileSource: Failed to open file '/product/media/audio/ui/VideoRecord.ogg'. (No such file or directory)
02-02 22:32:52.520   657 32709 E GenericSource: Failed to create data source!
02-02 22:32:52.520   657 32708 D NuPlayerDriver: notifyListener_l(0xf1d21700), (100, 1, -2147483648, -1), loop setting(0, 0)
02-02 22:32:52.521   647  3266 E MediaPlayerNative: error (1, -2147483648)
02-02 22:32:52.521   647   647 E CameraService: Failed to load CameraService sounds: /product/media/audio/ui/VideoRecord.ogg
02-02 22:32:52.521   657 19789 D NuPlayerDriver: reset(0xf1d21700) at state 2
02-02 22:32:52.521   657 19789 D NuPlayerDriver: notifyListener_l(0xf1d21700), (8, 0, 0, -1), loop setting(0, 0)
02-02 22:32:52.523   657 32708 D NuPlayerDriver: notifyResetComplete(0xf1d21700)
02-02 22:32:52.524   657  4662 D NuPlayerDriver: NuPlayerDriver(0xf157c180) created, clientPid(647)
02-02 22:32:52.526   661   946 I HispManager: #Camera# [1]< CHISPManager::powerDown
02-02 22:32:52.527   563   737 W hwcomposer: setGpuFreqBoost:148: boostGpuFreq succ !
02-02 22:32:52.528   661   946 I ImagingSystem: #Camera# [491315]< ImagingSystem_powerDown
02-02 22:32:52.528   661   946 I ImagingSystem: doDeallocate4Idle(0x7d6f46af80) m_listIdle.size(63) m_listBusy.size(1) m_rgBuffer.size(64)
02-02 22:32:52.531   661   946 I ImagingSystem: doDeallocate4Idle(0x7d6f46af80) m_rgBuffer.size(1)
02-02 22:32:52.531   661   946 I ImagingSystem: doDeallocate4Idle(0x7d6f46af80) m_listIdle.size(1) m_listBusy.size(0) m_rgBuffer.size(1)
02-02 22:32:52.531   661   946 I ImagingSystem: doDeallocate4Idle(0x7d6f46af80) m_rgBuffer.size(0)
02-02 22:32:52.531   661   946 D ImagingSystem: STAGELIFECTRL start to detach every StageBase, pipelineId=5
02-02 22:32:52.531   661   946 D AlgoFilterStage: [HWA_CAM3]STAGELIFECTRL enter detach(), pipeline id=1
02-02 22:32:52.531   661   946 D AlgoFilterManager: [HWA_CAM3]KEY_CA_CAM3 enter destroyPlugin, mPipeLineId=1, mIsPlugInCreated=1
02-02 22:32:52.532   661   946 D IppAlgo : [HWA_CAM3]FRMC_ this=0x7d6f5517c0, ipptype=256, name=PostIpp, enter destroyPlugin()
02-02 22:32:52.532   661   946 D HwaIppPluginImpl: [8bf4be9_64D] FRMC_ this=0x7d6f5aac00, ipptype=256, enter destroy()
02-02 22:32:52.532   661   946 D HwaIppAlgoExecutor: [8bf4be9_64D] enter ~HwaIppAlgoExecutor(), algo name: DmapSdkDepthIppAlgo
02-02 22:32:52.532   661   946 D DmapSdkDepthIppAlgo: [8bf4be9_64D] enter ~DmapSdkDepthIppAlgo()
02-02 22:32:52.532   661   946 D HwaIppAlgoExecutor: [8bf4be9_64D] enter ~HwaIppAlgoExecutor(), algo name: VidHance
02-02 22:32:52.532   661   946 D VidHance: [8bf4be9_64D] enter ~VidHance()
02-02 22:32:52.532   661   946 D HwaIppAlgoExecutor: [8bf4be9_64D] enter ~HwaIppAlgoExecutor(), algo name: MirrorDenoise
02-02 22:32:52.532   661   946 D MirrorDenoise: [8bf4be9_64D] enter ~MirrorDenoise()
02-02 22:32:52.532   661   946 D HwaIppAlgoExecutor: [8bf4be9_64D] enter ~HwaIppAlgoExecutor(), algo name: ColorEffect
02-02 22:32:52.532   661   946 D ColorEffect: [8bf4be9_64D] enter ~ColorEffect()
02-02 22:32:52.532   661   946 D HwaIppAlgoExecutor: [8bf4be9_64D] enter ~HwaIppAlgoExecutor(), algo name: NiceFoodIppAlgo
02-02 22:32:52.532   661   946 D NiceFoodIppAlgo: [8bf4be9_64D] enter ~NiceFoodIppAlgo()
02-02 22:32:52.532   661   946 D HwaIppAlgoExeThread: [8bf4be9_64D] enter destroy(), algo name: VideoBokehDspAlgo
02-02 22:32:52.532   661   946 D HwaIppAlgoExeThread: [8bf4be9_64D] enter ~HwaIppAlgoExeThread(), algo name: VideoBokehDspAlgo
02-02 22:32:52.533   661   946 D HwaIppAlgoExeParallel: [8bf4be9_64D] enter ~HwaIppAlgoExeParallel(), algo name: VideoBokehDspAlgo
02-02 22:32:52.533   661   946 D HwaIppAlgoExecutor: [8bf4be9_64D] enter ~HwaIppAlgoExecutor(), algo name: VideoBokehDspAlgo
02-02 22:32:52.533   661   946 D HwaIppAlgoExecutor: [8bf4be9_64D] enter ~HwaIppAlgoExecutor(), algo name: HwBeautyIpp
02-02 22:32:52.533   661   946 D HwBeautyIpp: [8bf4be9_64D] enter ~HwBeautyIpp()
02-02 22:32:52.533   661   946 D HwaIppAlgoExecutor: [8bf4be9_64D] enter ~HwaIppAlgoExecutor(), algo name: casioBeautyIpp
02-02 22:32:52.533   661   946 D casioBeautyIpp: [8bf4be9_64D] enter ~casioBeautyIpp()
02-02 22:32:52.533   661   946 D HwaIppAlgoExecutor: [8bf4be9_64D] enter ~HwaIppAlgoExecutor(), algo name: FrontBokehAlgo
02-02 22:32:52.533   661   946 D HwaIppAlgoExecutor: [8bf4be9_64D] enter ~HwaIppAlgoExecutor(), algo name: SuperVideo
02-02 22:32:52.533   661   946 I DLibLoader: [8bf4be9_64I] enter ~DLibLoader()
02-02 22:32:52.533   661   946 D HwaIppAlgoExecutor: [8bf4be9_64D] enter ~HwaIppAlgoExecutor(), algo name: SmartBeautyIpp
02-02 22:32:52.533   661   946 D SmartBeautyIpp: [8bf4be9_64D] enter ~SmartBeautyIpp()
02-02 22:32:52.533   661   946 D HwaIppAlgoExecutor: [8bf4be9_64D] enter ~HwaIppAlgoExecutor(), algo name: FairLightIpp
02-02 22:32:52.533   661   946 D FairLight: [8bf4be9_64D] enter ~FairLightIpp()
02-02 22:32:52.533   661   946 D HwaIppAlgoExecutor: [8bf4be9_64D] enter ~HwaIppAlgoExecutor(), algo name: ObjectDetectionDraw
02-02 22:32:52.533   661   946 D HwaIppPluginImpl: [8bf4be9_64D] FRMC_ this=0x7d6f5aac00, ipptype=256, exit  destroy()
02-02 22:32:52.533   661   946 D IppAlgo : [HWA_CAM3]FRMC_ this=0x7d6f5517c0, ipptype=256, name=PostIpp, exit destroyPlugin()
02-02 22:32:52.533   661   946 D IppAlgo : [HWA_CAM3]FRMC_ this=0x7d6f551400, ipptype=0, name=StatIpp, enter destroyPlugin()
02-02 22:32:52.533   661   946 D HwaIppPluginImpl: [8bf4be9_64D] FRMC_ this=0x7d6f5a9800, ipptype=0, enter destroy()
02-02 22:32:52.533   661   946 D HwaIppAlgoExecutor: [8bf4be9_64D] enter ~HwaIppAlgoExecutor(), algo name: IppAlgoHwaAWB
02-02 22:32:52.533   661   946 D HwaIppAlgoExecutor: [8bf4be9_64D] enter ~HwaIppAlgoExecutor(), algo name: ARkitFeatureTrackingDspAlgo
02-02 22:32:52.534   661   946 D HwaIppAlgoExeThread: [8bf4be9_64D] enter destroy(), algo name: FNFaceDetect
02-02 22:32:52.534   661   946 D HwaIppAlgoExeThread: [8bf4be9_64D] enter ~HwaIppAlgoExeThread(), algo name: FNFaceDetect
02-02 22:32:52.534   661   946 D HwaIppAlgoExecutor: [8bf4be9_64D] enter ~HwaIppAlgoExecutor(), algo name: FNFaceDetect
02-02 22:32:52.534   661   946 D HwaIppAlgoExeThread: [8bf4be9_64D] enter destroy(), algo name: SceneDetection
02-02 22:32:52.535   661   946 D HwaIppAlgoExeThread: [8bf4be9_64D] enter ~HwaIppAlgoExeThread(), algo name: SceneDetection
02-02 22:32:52.535   661   946 D HwaIppAlgoExecutor: [8bf4be9_64D] enter ~HwaIppAlgoExecutor(), algo name: SceneDetection
02-02 22:32:52.535   661   946 D SceneDetection: [8bf4be9_64D] enter ~SceneDetection()
02-02 22:32:52.535   661   946 D HwaIppAlgoExecutor: [8bf4be9_64D] enter ~HwaIppAlgoExecutor(), algo name: SmartAE
02-02 22:32:52.535   661   946 D IppAlgoSmartAE: [8bf4be9_64D] enter ~IppAlgoSmartAE()
02-02 22:32:52.535   661   946 D SmartAEDLibLoader: [8bf4be9_64D] enter ~SmartAEDLibLoader()
02-02 22:32:52.535   661   946 I DLibLoader: [8bf4be9_64I] enter ~DLibLoader()
02-02 22:32:52.535   661   946 D HwaIppAlgoExeThread: [8bf4be9_64D] enter destroy(), algo name: IppAlgoDM
02-02 22:32:52.535   661   946 D HwaIppAlgoExeThread: [8bf4be9_64D] enter ~HwaIppAlgoExeThread(), algo name: IppAlgoDM
02-02 22:32:52.535   661   946 D HwaIppAlgoExecutor: [8bf4be9_64D] enter ~HwaIppAlgoExecutor(), algo name: IppAlgoDM
02-02 22:32:52.535   661   946 D HwaIppAlgoExeThread: [8bf4be9_64D] enter destroy(), algo name: Misc
02-02 22:32:52.535   661   946 D HwaIppAlgoExeThread: [8bf4be9_64D] enter ~HwaIppAlgoExeThread(), algo name: Misc
02-02 22:32:52.535   661   946 D HwaIppAlgoExecutor: [8bf4be9_64D] enter ~HwaIppAlgoExecutor(), algo name: Misc
02-02 22:32:52.535   661   946 D HwaIppAlgoExecutor: [8bf4be9_64D] enter ~HwaIppAlgoExecutor(), algo name: BShutterTryAE
02-02 22:32:52.535   661   946 D HwaIppAlgoExeThread: [8bf4be9_64D] enter destroy(), algo name: AssistAF
02-02 22:32:52.535   661   946 D HwaIppAlgoExeThread: [8bf4be9_64D] enter ~HwaIppAlgoExeThread(), algo name: AssistAF
02-02 22:32:52.535   661   946 D HwaIppAlgoExecutor: [8bf4be9_64D] enter ~HwaIppAlgoExecutor(), algo name: AssistAF
02-02 22:32:52.535   661   946 D AssistAF: [8bf4be9_64D] enter ~AssistAF()
02-02 22:32:52.535   661   946 D HwaIppAlgoExeThread: [8bf4be9_64D] enter destroy(), algo name: IspEnhncAlgo
02-02 22:32:52.535   661   946 D HwaIppAlgoExeThread: [8bf4be9_64D] enter ~HwaIppAlgoExeThread(), algo name: IspEnhncAlgo
02-02 22:32:52.535   661   946 D HwaIppAlgoExecutor: [8bf4be9_64D] enter ~HwaIppAlgoExecutor(), algo name: IspEnhncAlgo
02-02 22:32:52.535   661   946 I         : [8bf4be9_64I] IspEnhncAlgoIpp:enter ~~IspEnhncAlgoIpp()
02-02 22:32:52.535   661   946 D HwaIppAlgoExeThread: [8bf4be9_64D] enter destroy(), algo name: MotionDetectionAlgo
02-02 22:32:52.535   661   946 D HwaIppAlgoExeThread: [8bf4be9_64D] enter ~HwaIppAlgoExeThread(), algo name: MotionDetectionAlgo
02-02 22:32:52.535   661   946 D HwaIppAlgoExecutor: [8bf4be9_64D] enter ~HwaIppAlgoExecutor(), algo name: MotionDetectionAlgo
02-02 22:32:52.535   661   946 D HwaIppAlgoExeThread: [8bf4be9_64D] enter destroy(), algo name: AgeGender
02-02 22:32:52.535   661   946 D HwaIppAlgoExeThread: [8bf4be9_64D] enter ~HwaIppAlgoExeThread(), algo name: AgeGender
02-02 22:32:52.535   661   946 D HwaIppAlgoExecutor: [8bf4be9_64D] enter ~HwaIppAlgoExecutor(), algo name: AgeGender
02-02 22:32:52.535   661   946 D HwaIppAlgoExecutor: [8bf4be9_64D] enter ~HwaIppAlgoExecutor(), algo name: MultiScale
02-02 22:32:52.535   661   946 D HwaIppAlgoExecutor: [8bf4be9_64D] enter ~HwaIppAlgoExecutor(), algo name: SenseMgr
02-02 22:32:52.535   661   946 D SenseMgr: [8bf4be9_64D] enter ~SenseMgr()
02-02 22:32:52.535   661   946 D HwaIppAlgoExecutor: [8bf4be9_64D] enter ~HwaIppAlgoExecutor(), algo name: AfStatCalculate
02-02 22:32:52.535   661   946 D AfStatCalculate: [8bf4be9_64D] enter ~AfStatCalculate()
02-02 22:32:52.535   661   946 D HwaIppAlgoExeThread: [8bf4be9_64D] enter destroy(), algo name: ModeRecommendation
02-02 22:32:52.535   661   946 D HwaIppAlgoExeThread: [8bf4be9_64D] enter ~HwaIppAlgoExeThread(), algo name: ModeRecommendation
02-02 22:32:52.535   661   946 D HwaIppAlgoExecutor: [8bf4be9_64D] enter ~HwaIppAlgoExecutor(), algo name: ModeRecommendation
02-02 22:32:52.535   661   946 I ModeRecom: [8bf4be9_64I] enter ~ModeRecommendation()
02-02 22:32:52.536   661   946 D HwaIppAlgoExeThread: [8bf4be9_64D] enter destroy(), algo name: ObjectDetection
02-02 22:32:52.536   661   946 D HwaIppAlgoExeThread: [8bf4be9_64D] enter ~HwaIppAlgoExeThread(), algo name: ObjectDetection
02-02 22:32:52.536   661   946 D HwaIppAlgoExecutor: [8bf4be9_64D] enter ~HwaIppAlgoExecutor(), algo name: ObjectDetection
02-02 22:32:52.536   661   946 I ObjectDetection: [8bf4be9_64I] enter ~ObjectDetection()
02-02 22:32:52.536   661   946 D HwaIppAlgoExeThread: [8bf4be9_64D] enter destroy(), algo name: CIEProxy
02-02 22:32:52.536   661   946 D HwaIppAlgoExeThread: [8bf4be9_64D] enter ~HwaIppAlgoExeThread(), algo name: CIEProxy
02-02 22:32:52.536   661   946 D HwaIppAlgoExecutor: [8bf4be9_64D] enter ~HwaIppAlgoExecutor(), algo name: CIEProxy
02-02 22:32:52.536   661   946 D         : Enter CIEProxy::~CIEProxy
02-02 22:32:52.536   661   946 I         : CIEProxyLibLoaderMgr::unLoadCIELib::dlclose lib /vendor/lib64/libcie.so successfully.
02-02 22:32:52.536   661   946 I HwaStatInfo: [8bf4be9_64I] enter uninitialize()
02-02 22:32:52.537   661   946 D HwaIppPluginImpl: [8bf4be9_64D] FRMC_ this=0x7d6f5a9800, ipptype=0, exit  destroy()
02-02 22:32:52.537   661   946 D IppAlgo : [HWA_CAM3]FRMC_ this=0x7d6f551400, ipptype=0, name=StatIpp, exit destroyPlugin()
02-02 22:32:52.537   661   946 D IppAlgo : [HWA_CAM3]FRMC_ this=0x7d6f551b78, ipptype=4096, name=DmapIpp, enter destroyPlugin()
02-02 22:32:52.537   661   946 D HwaIppPluginImpl: [8bf4be9_64D] FRMC_ this=0x7d6f421000, ipptype=4096, enter destroy()
02-02 22:32:52.537   661   946 D HwaIppPluginImpl: [8bf4be9_64D] FRMC_ this=0x7d6f421000, ipptype=4096, exit  destroy()
02-02 22:32:52.537   661   946 D IppAlgo : [HWA_CAM3]FRMC_ this=0x7d6f551b78, ipptype=4096, name=DmapIpp, exit destroyPlugin()
02-02 22:32:52.537   661   946 D IppAlgo : [HWA_CAM3]FRMC_ this=0x7d6f5529a0, ipptype=4096, name=PreviewVideoIpp, enter destroyPlugin()
02-02 22:32:52.537   661   946 D HwaIppPluginImpl: [8bf4be9_64D] FRMC_ this=0x7d6f4bf000, ipptype=4112, enter destroy()
02-02 22:32:52.537   661   946 D HwaIppPluginImpl: [8bf4be9_64D] FRMC_ this=0x7d6f4bf000, ipptype=4112, exit  destroy()
02-02 22:32:52.537   661   946 D IppAlgo : [HWA_CAM3]FRMC_ this=0x7d6f5529a0, ipptype=4096, name=PreviewVideoIpp, exit destroyPlugin()
02-02 22:32:52.537   661   946 D IppAlgo : [HWA_CAM3]FRMC_ this=0x7d6f552d50, ipptype=4096, name=RecordVideoIpp, enter destroyPlugin()
02-02 22:32:52.537   661   946 D HwaIppPluginImpl: [8bf4be9_64D] FRMC_ this=0x7d6f4c0400, ipptype=4113, enter destroy()
02-02 22:32:52.537   661   946 D HwaIppPluginImpl: [8bf4be9_64D] FRMC_ this=0x7d6f4c0400, ipptype=4113, exit  destroy()
02-02 22:32:52.537   661   946 D IppAlgo : [HWA_CAM3]FRMC_ this=0x7d6f552d50, ipptype=4096, name=RecordVideoIpp, exit destroyPlugin()
02-02 22:32:52.537   661   946 D PpAlgo  : [HWA_CAM3]algo=PostPp KEY_CA_CAM3 SNAP enter notifyCameraClose snapShotId=0
02-02 22:32:52.537   661   946 D HwaPPExecuter: [8bf4be9_64D] SNAP ALGO enter notifyCameraClose
02-02 22:32:52.537   661   946 D EventCallbackImpl: [HWA_CAM3]enter notifyStopPostProc()
02-02 22:32:52.539   661   946 D PpAlgo  : [HWA_CAM3]algo=ForePp KEY_CA_CAM3 SNAP enter notifyFpCameraClose snapShotId=0
02-02 22:32:52.539   661   946 D AlgoFilterManager: [HWA_CAM3]KEY_CA_CAM3 exit destroyPlugin, mPipeLineId=1, mIsPlugInCreated=0
02-02 22:32:52.539   661   907 I         : HwCamMem checkMemPool dumpMemInfo CHECK_INTERVAL:5000 ms, passTime:22407055 ms
02-02 22:32:52.539   661   946 D ImagingSystem: STAGELIFECTRL end to detach every StageBase, pipelineId=5
02-02 22:32:52.541   657 32711 D NuPlayerDriver: notifyListener_l(0xf157c180), (1, 0, 0, -1), loop setting(0, 0)
02-02 22:32:52.542   657  4662 D NuPlayerDriver: NuPlayerDriver(0xf157c580) created, clientPid(647)
02-02 22:32:52.544   563   737 W hwcomposer: setGpuFreqBoost:153: boostGpuFreq release !
02-02 22:32:52.545   657 32715 E FileSource: Failed to open file '/product/media/audio/ui/VideoStop.ogg'. (No such file or directory)
02-02 22:32:52.545   657 32715 E GenericSource: Failed to create data source!
02-02 22:32:52.545   657 32714 D NuPlayerDriver: notifyListener_l(0xf157c580), (100, 1, -2147483648, -1), loop setting(0, 0)
02-02 22:32:52.545   647  3266 E MediaPlayerNative: error (1, -2147483648)
02-02 22:32:52.545   647   647 E CameraService: Failed to load CameraService sounds: /product/media/audio/ui/VideoStop.ogg
02-02 22:32:52.545   657  4662 D NuPlayerDriver: reset(0xf157c580) at state 2
02-02 22:32:52.546   657  4662 D NuPlayerDriver: notifyListener_l(0xf157c580), (8, 0, 0, -1), loop setting(0, 0)
