12-28 17:41:05.260   506  9518 E mm-camera: sensor_set_frame_rate:1176max fps 30.000000 min fps 2.000000,fixed_frame_rate=0 
12-28 17:41:05.260   506  9518 E mm-camera: sensor_set_frame_rate:1196set_fps=30.000000 , max_fps=30.030001, current_fps_div =-1610612736
12-28 17:41:05.260   506  9518 D mm-camera: mct: mct_pipeline_process_set: STREAM-ON success for stream 0x10003, stream type=3
12-28 17:41:05.292   506  9518 D mm-camera: mct: mct_pipeline_process_set:command=8000008
12-28 17:41:05.292   506  9518 D mm-camera: mct: mct_pipeline_process_set: STREAM-ON on stream 0x10004 stream type=11
12-28 17:41:05.292   506  9518 E mm-camera: iface_sink_port_stream_config: port state = 3, skip set stream config
12-28 17:41:05.292   506  9518 E mm-camera-isp2: scaler44_handle_isp_private_event:1599 failed: invalid private event 17
12-28 17:41:05.292   506  9518 E mm-camera-isp2: scaler44_handle_isp_private_event:1599 failed: invalid private event 17
12-28 17:41:05.294   506  9518 E mm-camera: af_port_restart_proxy_value
12-28 17:41:05.294   506  9518 E mm-camera-sensor: sensor_proxy_thread_restart:231enter
12-28 17:41:05.294   506  9518 E mm-camera-sensor: port_sensor_handle_upstream_module_event:1569PROXY_THREAD_RESTART OK
12-28 17:41:05.294   506  9518 E mm-camera-sensor: 
12-28 17:41:05.294   506  9518 E mm-camera-sensor: proxy_thread_start:274p_thread, enter
12-28 17:41:05.294   506  9518 E mm-camera-sensor: proxy_thread_start:281p_thread,end
12-28 17:41:05.370   506  9587 E mm-camera: iface_util_broadcast_sof_msg_to_modules: E, session_d 1, stream_id 2 sof_cnt 1
12-28 17:41:05.372   506  9511 E mm-camera: af_util_adjust_roi_lgaf, af_is_touchshot 0, af_touchshot_mode 0
12-28 17:41:05.373   506  9511 E mm-camera: af_util_adjust_roi_lgaf: vfe_map: 5312 x 2988, pp_crop_out: 1536 x 864, preview: 1536 x 864, Input Zoom factor: 1.000000, zoom_level = 0
12-28 17:41:05.373   506  9511 E mm-camera: af_util_adjust_roi_lgaf: Default ROI
12-28 17:41:05.373   506  9511 E mm-camera: af_util_adjust_roi_lgaf: Calculated new ROI: Primary: (1860, 1046, 1592 896) Scale: (1860, 1046, 1592, 896)
12-28 17:41:05.373   506  9511 E mm-camera: af_util_stats_config_info_lgaf: 2nd h_num_default 6, v_num_default 6
12-28 17:41:05.374   506  9494 E mm-camera-isp2: scaler44_handle_isp_private_event:1599 failed: invalid private event 17
12-28 17:41:05.375   506  9494 E mm-camera-isp2: scaler44_handle_isp_private_event:1599 failed: invalid private event 17
12-28 17:41:05.478   506  9587 E mm-camera: iface_util_broadcast_sof_msg_to_modules: E, session_d 1, stream_id 2 sof_cnt 2
12-28 17:41:05.503   506  9511 E mm-camera: af_process_parse_stats: Invalid FV data fv_scale wrong!
12-28 17:41:05.503   506  9511 E mm-camera: af_exception_handling_lgaf: Invalid FV/Luma, This is warning!
12-28 17:41:05.586   506  9486 E mm-camera: iface_ispif_get_cfg_params_from_hw_streams: interface 0 already active
12-28 17:41:05.586   506  9587 E mm-camera: iface_util_broadcast_sof_msg_to_modules: E, session_d 1, stream_id 2 sof_cnt 3
12-28 17:41:05.587   506  9518 D mm-camera: mct: mct_pipeline_process_set: STREAM-ON success for stream 0x10004, stream type=11
12-28 17:41:05.589  5964  5964 E QCamera3Channel: virtual int32_t qcamera::QCamera3Channel::stop(): Attempt to stop inactive channel
12-28 17:41:05.590  5964  5964 E mm-camera-intf: mm_camera_poll_thread_del_poll_fd: invalid handler 4352 (0)
12-28 17:41:05.592   506  9518 D mm-camera: mct: mct_pipeline_process_set:command=8000009
12-28 17:41:05.592   506  9518 D mm-camera: mct: mct_pipeline_process_set: STREAM-OFF on stream 0x10003 stream type=3
12-28 17:41:05.592   506  9518 E mm-camera-sensor: sensor_proxy_thread_pause:264enter
12-28 17:41:05.592   506  9518 E mm-camera-sensor: proxy_thread_pause:287p_thread, enter
12-28 17:41:05.592   506  9518 E mm-camera-sensor: proxy_thread_pause:292p_thread,end
12-28 17:41:05.592   506  9518 E mm-camera: af_port_pause_proxy_value
12-28 17:41:05.593   506  9518 E mm-camera-sensor: sensor_proxy_thread_pause:264enter
12-28 17:41:05.594   506  9518 E mm-camera-sensor: proxy_thread_pause:287p_thread, enter
12-28 17:41:05.594   506  9518 E mm-camera-sensor: proxy_thread_pause:292p_thread,end
12-28 17:41:05.603   506  9510 E mm-camera-CORE: AEC_SET_PARAM_RESET_STREAM_INFO: op_mode chanage(AEC_OPERATION_MODE_PREVIEW)
12-28 17:41:05.611   506  9511 E mm-camera: af_process_parse_stats: Invalid FV data fv_scale wrong!
12-28 17:41:05.696   506  9587 E mm-camera: iface_util_broadcast_sof_msg_to_modules: E, session_d 1, stream_id 2 sof_cnt 4
12-28 17:41:05.698   506  9493 E mm-camera-isp2: be_stats44_stats_config_validate:623 Invalid BG from 3A h_num = 0, v_num = 0
12-28 17:41:05.698   506  9493 E mm-camera-isp2: 
12-28 17:41:05.698   506  9493 E mm-camera-isp2: bhist_stats44_stats_config_validate:363 Invalid BG from 3A h_num = 0, v_num = 0
12-28 17:41:05.698   506  9493 E mm-camera-isp2: 
12-28 17:41:05.698   506  9493 E mm-camera-isp2: bg_stats44_trigger_update:388 bg_rgn_width 83 bg_rgn_height 62
12-28 17:41:05.804   506  9587 E mm-camera: iface_util_broadcast_sof_msg_to_modules: E, session_d 1, stream_id 2 sof_cnt 5
12-28 17:41:05.804   506  9486 E mm-camera: iface_ispif_get_cfg_params_from_hw_streams: interace 0 active count = 1, skip stop ispif 
12-28 17:41:05.805   506  9486 E mm-camera: iface_streamoff: session_id = 1, active_streams = 1
12-28 17:41:05.805   506  9486 E mm-camera: iface_streamoff: all bundled stream streamoff, clear hal bundled mask
12-28 17:41:05.807   506  9518 D mm-camera: mct: mct_pipeline_process_set: STREAM-OFF success for stream 0x10003, stream type=3
12-28 17:41:05.815   506  9511 E mm-camera: af_lg_scd_gyro_monitor_for_preview: Gyro data not ready yet. Will try later!!
12-28 17:41:05.816   506  9518 D mm-camera: mct: mct_pipeline_process_set:command=8000009
12-28 17:41:05.816   506  9518 D mm-camera: mct: mct_pipeline_process_set: STREAM-OFF on stream 0x10004 stream type=11
12-28 17:41:05.816   506  9518 E mm-camera-sensor: sensor_proxy_thread_pause:264enter
12-28 17:41:05.817   506  9518 E mm-camera-sensor: proxy_thread_pause:287p_thread, enter
12-28 17:41:05.817   506  9518 E mm-camera-sensor: proxy_thread_pause:292p_thread,end
12-28 17:41:05.825   506  9496 E mm-camera: stats_port_handle_stats_data:3393  stats_port_handle_stats_data skip stats, 0 stream
12-28 17:41:05.836   506  9518 E mm-camera: af_port_pause_proxy_value
12-28 17:41:05.836   506  9510 E mm-camera-CORE: AEC_SET_PARAM_RESET_STREAM_INFO: op_mode chanage(AEC_OPERATION_MODE_PREVIEW)
12-28 17:41:05.836   506  9518 E mm-camera-sensor: sensor_proxy_thread_pause:264enter
12-28 17:41:05.836   506  9518 E mm-camera-sensor: proxy_thread_pause:287p_thread, enter
12-28 17:41:05.836   506  9518 E mm-camera-sensor: proxy_thread_pause:292p_thread,end
12-28 17:41:05.836   506  9518 E mm-camera: module_faceproc_port_event_func:878] FD_STREAMOFF 0 10004
12-28 17:41:05.837   506  9496 E mm-camera: stats_port_handle_stats_data:3393  stats_port_handle_stats_data skip stats, 0 stream
12-28 17:41:05.843   506  9486 E mm-camera: iface_streamoff: session_id = 1, active_streams = 0
12-28 17:41:05.844   506  9588 E mm-camera: iface_axi_stats_stream_unconfig: release stats stream id 80010003, handle a05
12-28 17:41:05.845   506  9588 E mm-camera: iface_stats_unreg_buf: last VFE close, relase stats buffer
12-28 17:41:05.845   506  9588 E mm-camera: iface_axi_stats_stream_unconfig: release stats stream id 80010004, handle b06
12-28 17:41:05.845   506  9588 E mm-camera: iface_stats_unreg_buf: last VFE close, relase stats buffer
12-28 17:41:05.845   506  9588 E mm-camera: iface_axi_stats_stream_unconfig: release stats stream id 80010007, handle 902
12-28 17:41:05.845   506  9588 E mm-camera: iface_stats_unreg_buf: last VFE close, relase stats buffer
12-28 17:41:05.845   506  9588 E mm-camera: iface_axi_stats_stream_unconfig: release stats stream id 80010008, handle 803
12-28 17:41:05.846   506  9588 E mm-camera: iface_stats_unreg_buf: last VFE close, relase stats buffer
12-28 17:41:05.846   506  9588 E mm-camera: iface_axi_stats_stream_unconfig: release stats stream id 8001000a, handle c08
12-28 17:41:05.846   506  9588 E mm-camera: iface_stats_unreg_buf: last VFE close, relase stats buffer
12-28 17:41:05.846   506  9588 E mm-camera: iface_axi_stats_stream_unconfig: release stats stream id 8001000b, handle d00
12-28 17:41:05.846   506  9588 E mm-camera: iface_stats_unreg_buf: last VFE close, relase stats buffer
12-28 17:41:05.847   506  9486 E mm-camera: iface_util_release_resource: reset sof_cnt to zero
12-28 17:41:05.847   506  9486 E mm-camera: iface_util_release_resource: camif_cnt= 1 rdi_cnt= 0 used mask 1
12-28 17:41:05.847   506  9486 E mm-camera: iface_util_release_resource: reset sof_cnt to zero
12-28 17:41:05.847   506  9486 E mm-camera: iface_util_release_resource: camif_cnt= 0 rdi_cnt= 0 used mask 0
12-28 17:41:05.848   506  9486 E mm-camera: iface_streamoff: all bundled stream streamoff, clear hal bundled mask
12-28 17:41:05.848   506  9518 D mm-camera: mct: stop_sof_check_thread: Stopping SOF timeout thread
12-28 17:41:05.849   506  9518 E mm-camera: sensor_pdaf_deinit:4314failed to open pdaf3 init library function
12-28 17:41:05.849   506  9518 D mm-camera: mct: mct_pipeline_process_set: STREAM-OFF success for stream 0x10004, stream type=11
12-28 17:41:05.857   506  9518 D mm-camera: mct: mct_pipeline_process_set:command=8000009
12-28 17:41:05.857   506  9518 D mm-camera: mct: mct_pipeline_process_set: STREAM-OFF on stream 0x10001 stream type=7
12-28 17:41:05.857   506  9518 D mm-camera: mct: mct_pipeline_process_set: STREAM-OFF success for stream 0x10001, stream type=7
12-28 17:41:05.888   506  9518 D mm-camera: mct: mct_pipeline_process_set:command=8000008
12-28 17:41:05.888   506  9518 D mm-camera: mct: mct_pipeline_process_set: STREAM-ON on stream 0x10001 stream type=7
12-28 17:41:05.888   506  9518 D mm-camera: mct: mct_pipeline_process_set: STREAM-ON success for stream 0x10001, stream type=7
12-28 17:41:05.896   506  9518 D mm-camera: mct: mct_pipeline_process_set:command=8000008
12-28 17:41:05.896   506  9518 D mm-camera: mct: mct_pipeline_process_set: STREAM-ON on stream 0x10003 stream type=3
12-28 17:41:05.896   506  9518 E mm-camera-sensor: sensor_pick_fill_expected_data:410ex_w:1536, ex_h:864,ex_mode:1, ex_fps:30.000000, ex_clk:0, ex_ar: 177
12-28 17:41:05.896   506  9518 E mm-camera-sensor: sensor_pick_resolution:722 res_idx: 0
12-28 17:41:05.896   506  9518 E mm-camera: sensor_get_resolution_info:3340full 5312 2988 out 5312 2988 offset 0 0 scale 1
12-28 17:41:05.897   506  9510 E mm-camera-CORE: awb_set_parameters: param->u.camsensor_position=0 
12-28 17:41:05.897   506  9518 E mm-camera: af_port_handle_sensor_update:2659  Depth_Err: actuator sensitivity: 0.000000 is invalid
12-28 17:41:05.897   506  9518 E mm-camera: sensor_get_resolution_info:3340full 5312 2988 out 5312 2988 offset 0 0 scale 1
12-28 17:41:05.900   506  9510 E mm-camera-CORE: aec_set_parse_chromatix: Andy_Test sensor flag 5
12-28 17:41:05.900   506  9510 E mm-camera-CORE: awb_set_parse_chromatix: Andy_Test sensor flag 5
12-28 17:41:05.900   506  9518 E mm-camera: af_port_send_af_checksum_to_module_sensor
12-28 17:41:05.900   506  9518 E mm-camera-sensor: port_sensor_handle_upstream_module_event:1588MCT_EVENT_MODULE_AF_CHECKSUM_EVENT, af_checksum_ok 1
12-28 17:41:05.901   506  9518 E mm-camera-isp2: mesh_rolloff44_set_parm_tintless:3577 <tintless_dbg> 0
12-28 17:41:05.901   506  9518 E mm-camera-isp2: mesh_rolloff44_request_stats_type:3839 1 0
12-28 17:41:05.901   506  9518 E mm-camera-isp2: isp_resource_get_stats_type_mask:1421 enable_stats_mask d98
12-28 17:41:05.902   506  9518 E mm-camera-isp2: scaler44_handle_isp_private_event:1599 failed: invalid private event 16
12-28 17:41:05.902   506  9518 I chatty  : uid=1006(camera) CAM_MctCtrl identical 1 line
12-28 17:41:05.902   506  9518 E mm-camera-isp2: scaler44_handle_isp_private_event:1599 failed: invalid private event 16
12-28 17:41:05.904   506  9518 E mm-camera: iface_util_io_cfg: 6428is_split 0
12-28 17:41:05.907   506  9518 E mm-camera-isp2: scaler44_handle_isp_private_event:1599 failed: invalid private event 17
12-28 17:41:05.907   506  9518 E mm-camera-isp2: scaler44_handle_isp_private_event:1599 failed: invalid private event 17
12-28 17:41:05.907   506  9518 E mm-camera-isp2: bpc44_run_abcc_algo:212 No defective pixels set by sensor event
12-28 17:41:05.907   506  9518 E mm-camera-isp2: isp_sub_module_port_process_downstream_ctrl_event:946 failed: mct event 1 int_event 0
12-28 17:41:05.909   506  9518 E mm-camera: af_port_restart_proxy_value
12-28 17:41:05.909   506  9518 E mm-camera-sensor: sensor_proxy_thread_restart:231enter
12-28 17:41:05.909   506  9518 E mm-camera-sensor: port_sensor_handle_upstream_module_event:1569PROXY_THREAD_RESTART OK
12-28 17:41:05.909   506  9518 E mm-camera-sensor: 
12-28 17:41:05.909   506  9518 E mm-camera-sensor: proxy_thread_start:274p_thread, enter
12-28 17:41:05.909   506  9518 E mm-camera-sensor: proxy_thread_start:281p_thread,end
12-28 17:41:05.909   506  9518 E mm-camera-isp2: bg_stats44_trigger_update:388 bg_rgn_width 83 bg_rgn_height 62
12-28 17:41:05.909   506  9518 E mm-camera-isp2: be_stats44_trigger_update:449 failed Denomitor is zero hnum 0 vnum 0
12-28 17:41:05.910   506  9518 E mm-camera-isp2: scaler44_handle_isp_private_event:1599 failed: invalid private event 17
12-28 17:41:05.911   506  9518 E mm-camera-isp2: scaler44_handle_isp_private_event:1599 failed: invalid private event 17
12-28 17:41:05.923   506  9518 E mm-camera: sensor_set_start_stream:1354set preview tune for LGE Camera app, isVT = 0
12-28 17:41:05.923   506  9518 D mm-camera: mct: start_sof_check_thread: Starting SOF timeout thread, timeout 5000000000
12-28 17:41:05.924   506  9518 E mm-camera: sensor_set_frame_rate:1176max fps 30.000000 min fps 2.000000,fixed_frame_rate=0 
12-28 17:41:05.924   506  9518 E mm-camera: sensor_set_frame_rate:1196set_fps=30.000000 , max_fps=30.030001, current_fps_div =-1610612736
12-28 17:41:05.924   506  9518 D mm-camera: mct: mct_pipeline_process_set: STREAM-ON success for stream 0x10003, stream type=3
12-28 17:41:05.939   506  9518 D mm-camera: mct: mct_pipeline_process_set:command=8000008
12-28 17:41:05.939   506  9518 D mm-camera: mct: mct_pipeline_process_set: STREAM-ON on stream 0x10004 stream type=11
12-28 17:41:05.939   506  9518 E mm-camera: iface_sink_port_stream_config: port state = 3, skip set stream config
12-28 17:41:05.939   506  9518 E mm-camera-isp2: scaler44_handle_isp_private_event:1599 failed: invalid private event 17
12-28 17:41:05.939   506  9518 E mm-camera-isp2: scaler44_handle_isp_private_event:1599 failed: invalid private event 17
12-28 17:41:05.943   506  9518 E mm-camera: af_port_restart_proxy_value
12-28 17:41:05.943   506  9518 E mm-camera-sensor: sensor_proxy_thread_restart:231enter
12-28 17:41:05.943   506  9518 E mm-camera-sensor: port_sensor_handle_upstream_module_event:1569PROXY_THREAD_RESTART OK
12-28 17:41:05.943   506  9518 E mm-camera-sensor: 
12-28 17:41:05.943   506  9518 E mm-camera-sensor: proxy_thread_start:274p_thread, enter
12-28 17:41:05.943   506  9518 E mm-camera-sensor: proxy_thread_start:281p_thread,end
12-28 17:41:06.033   506  9599 E mm-camera: iface_util_broadcast_sof_msg_to_modules: E, session_d 1, stream_id 2 sof_cnt 1
12-28 17:41:06.036   506  9494 E mm-camera-isp2: scaler44_handle_isp_private_event:1599 failed: invalid private event 17
12-28 17:41:06.036   506  9494 E mm-camera-isp2: scaler44_handle_isp_private_event:1599 failed: invalid private event 17
12-28 17:41:06.036   506  9511 E mm-camera: af_util_adjust_roi_lgaf, af_is_touchshot 0, af_touchshot_mode 0
12-28 17:41:06.036   506  9511 E mm-camera: af_util_adjust_roi_lgaf: vfe_map: 5312 x 2988, pp_crop_out: 1536 x 864, preview: 1536 x 864, Input Zoom factor: 1.000000, zoom_level = 0
12-28 17:41:06.036   506  9511 E mm-camera: af_util_adjust_roi_lgaf: Default ROI
12-28 17:41:06.036   506  9511 E mm-camera: af_util_adjust_roi_lgaf: Calculated new ROI: Primary: (1860, 1046, 1592 896) Scale: (1860, 1046, 1592, 896)
12-28 17:41:06.037   506  9511 E mm-camera: af_util_stats_config_info_lgaf: 2nd h_num_default 6, v_num_default 6
12-28 17:41:06.142   506  9599 E mm-camera: iface_util_broadcast_sof_msg_to_modules: E, session_d 1, stream_id 2 sof_cnt 2
12-28 17:41:06.167   506  9511 E mm-camera: af_process_parse_stats: Invalid FV data fv_scale wrong!
12-28 17:41:06.167   506  9511 E mm-camera: af_exception_handling_lgaf: Invalid FV/Luma, This is warning!
12-28 17:41:06.250   506  9486 E mm-camera: iface_ispif_get_cfg_params_from_hw_streams: interface 0 already active
12-28 17:41:06.250   506  9599 E mm-camera: iface_util_broadcast_sof_msg_to_modules: E, session_d 1, stream_id 2 sof_cnt 3
12-28 17:41:06.251   506  9518 D mm-camera: mct: mct_pipeline_process_set: STREAM-ON success for stream 0x10004, stream type=11
12-28 17:41:06.275   506  9511 E mm-camera: af_process_parse_stats: Invalid FV data fv_scale wrong!
12-28 17:41:06.346  5964  5964 I CameraLatencyHistogram: Stream 0 dequeueBuffer latency histogram (229) samples:
12-28 17:41:06.347  5964  5964 I CameraLatencyHistogram:         5     10     15     20     25     30     35     40     45    inf (max ms)
12-28 17:41:06.347  5964  5964 I CameraLatencyHistogram:      96.51   2.62   0.44   0.00   0.00   0.00   0.00   0.00   0.00   0.44 (%)
12-28 17:41:06.347  5964  5964 I Camera3-Device: disconnect: E
12-28 17:41:06.347  5964  5964 I CameraLatencyHistogram: ProcessCaptureRequest latency histogram (229) samples:
12-28 17:41:06.347  5964  5964 I CameraLatencyHistogram:        40     80    120    160    200    240    280    320    360    inf (max ms)
12-28 17:41:06.347  5964  5964 I CameraLatencyHistogram:      0.87   0.87   97.38   0.00   0.00   0.44   0.00   0.00   0.00   0.44 (%)
12-28 17:41:06.348  5964  5964 E QCamera3Channel: virtual int32_t qcamera::QCamera3Channel::stop(): Attempt to stop inactive channel
12-28 17:41:06.349  5964  5964 E mm-camera-intf: mm_camera_poll_thread_del_poll_fd: invalid handler 4352 (0)
12-28 17:41:06.350   506  9518 D mm-camera: mct: mct_pipeline_process_set:command=8000009
12-28 17:41:06.350   506  9518 D mm-camera: mct: mct_pipeline_process_set: STREAM-OFF on stream 0x10003 stream type=3
12-28 17:41:06.350   506  9518 E mm-camera-sensor: sensor_proxy_thread_pause:264enter
12-28 17:41:06.350   506  9518 E mm-camera-sensor: proxy_thread_pause:287p_thread, enter
12-28 17:41:06.350   506  9518 E mm-camera-sensor: proxy_thread_pause:292p_thread,end
12-28 17:41:06.350   506  9518 E mm-camera: af_port_pause_proxy_value
12-28 17:41:06.351   506  9510 E mm-camera-CORE: AEC_SET_PARAM_RESET_STREAM_INFO: op_mode chanage(AEC_OPERATION_MODE_PREVIEW)
12-28 17:41:06.351   506  9518 E mm-camera-sensor: sensor_proxy_thread_pause:264enter
12-28 17:41:06.351   506  9518 E mm-camera-sensor: proxy_thread_pause:287p_thread, enter
12-28 17:41:06.351   506  9518 E mm-camera-sensor: proxy_thread_pause:292p_thread,end
12-28 17:41:06.359   506  9599 E mm-camera: iface_util_broadcast_sof_msg_to_modules: E, session_d 1, stream_id 2 sof_cnt 4
12-28 17:41:06.360   506  9510 E mm-camera-CORE: aec_process_pack_stats_config:7328  aec_process_pack_stats_config invalid inputs to translate dimensions for  fov 2 camif 
12-28 17:41:06.362   506  9493 E mm-camera-isp2: be_stats44_stats_config_validate:623 Invalid BG from 3A h_num = 0, v_num = 0
12-28 17:41:06.362   506  9493 E mm-camera-isp2: 
12-28 17:41:06.362   506  9493 E mm-camera-isp2: bhist_stats44_stats_config_validate:363 Invalid BG from 3A h_num = 0, v_num = 0
12-28 17:41:06.362   506  9493 E mm-camera-isp2: 
12-28 17:41:06.362   506  9493 E mm-camera-isp2: bg_stats44_trigger_update:388 bg_rgn_width 83 bg_rgn_height 62
12-28 17:41:06.380   506  9511 E mm-camera: af_lg_scd_gyro_monitor_for_preview: Gyro data not ready yet. Will try later!!
12-28 17:41:06.468   506  9486 E mm-camera: iface_ispif_get_cfg_params_from_hw_streams: interace 0 active count = 1, skip stop ispif 
12-28 17:41:06.468   506  9486 E mm-camera: iface_streamoff: session_id = 1, active_streams = 1
12-28 17:41:06.468   506  9486 E mm-camera: iface_streamoff: all bundled stream streamoff, clear hal bundled mask
12-28 17:41:06.468   506  9599 E mm-camera: iface_util_broadcast_sof_msg_to_modules: E, session_d 1, stream_id 2 sof_cnt 5
12-28 17:41:06.469   506  9518 D mm-camera: mct: mct_pipeline_process_set: STREAM-OFF success for stream 0x10003, stream type=3
12-28 17:41:06.471   506  9493 E mm-camera-isp2: be_stats44_stats_config_validate:623 Invalid BG from 3A h_num = 0, v_num = 0
12-28 17:41:06.471   506  9493 E mm-camera-isp2: 
12-28 17:41:06.471   506  9493 E mm-camera-isp2: bhist_stats44_stats_config_validate:363 Invalid BG from 3A h_num = 0, v_num = 0
12-28 17:41:06.471   506  9493 E mm-camera-isp2: 
12-28 17:41:06.471   506  9493 E mm-camera-isp2: bg_stats44_trigger_update:388 bg_rgn_width 83 bg_rgn_height 62
12-28 17:41:06.471   506  9493 E mm-camera-isp2: be_stats44_trigger_update:419 Be stats ROI width > sensor height 2988
12-28 17:41:06.478   506  9518 D mm-camera: mct: mct_pipeline_process_set:command=8000009
12-28 17:41:06.478   506  9518 D mm-camera: mct: mct_pipeline_process_set: STREAM-OFF on stream 0x10004 stream type=11
12-28 17:41:06.478   506  9518 E mm-camera-sensor: sensor_proxy_thread_pause:264enter
12-28 17:41:06.479   506  9518 E mm-camera-sensor: proxy_thread_pause:287p_thread, enter
12-28 17:41:06.479   506  9518 E mm-camera-sensor: proxy_thread_pause:292p_thread,end
12-28 17:41:06.488   506  9496 E mm-camera: stats_port_handle_stats_data:3393  stats_port_handle_stats_data skip stats, 0 stream
12-28 17:41:06.496   506  9518 E mm-camera: af_port_pause_proxy_value
12-28 17:41:06.496   506  9510 E mm-camera-CORE: AEC_SET_PARAM_RESET_STREAM_INFO: op_mode chanage(AEC_OPERATION_MODE_PREVIEW)
12-28 17:41:06.496   506  9518 E mm-camera-sensor: sensor_proxy_thread_pause:264enter
12-28 17:41:06.497   506  9518 E mm-camera-sensor: proxy_thread_pause:287p_thread, enter
12-28 17:41:06.497   506  9518 E mm-camera-sensor: proxy_thread_pause:292p_thread,end
12-28 17:41:06.497   506  9518 E mm-camera: module_faceproc_port_event_func:878] FD_STREAMOFF 0 10004
12-28 17:41:06.505   506  9486 E mm-camera: iface_streamoff: session_id = 1, active_streams = 0
12-28 17:41:06.506   506  9600 E mm-camera: iface_axi_stats_stream_unconfig: release stats stream id 80010003, handle 1005
12-28 17:41:06.506   506  9600 E mm-camera: iface_stats_unreg_buf: last VFE close, relase stats buffer
12-28 17:41:06.506   506  9600 E mm-camera: iface_axi_stats_stream_unconfig: release stats stream id 80010004, handle 1106
12-28 17:41:06.506   506  9600 E mm-camera: iface_stats_unreg_buf: last VFE close, relase stats buffer
12-28 17:41:06.506   506  9600 E mm-camera: iface_axi_stats_stream_unconfig: release stats stream id 80010007, handle f02
12-28 17:41:06.506   506  9600 E mm-camera: iface_stats_unreg_buf: last VFE close, relase stats buffer
12-28 17:41:06.507   506  9600 E mm-camera: iface_axi_stats_stream_unconfig: release stats stream id 80010008, handle e03
12-28 17:41:06.507   506  9600 E mm-camera: iface_stats_unreg_buf: last VFE close, relase stats buffer
12-28 17:41:06.507   506  9600 E mm-camera: iface_axi_stats_stream_unconfig: release stats stream id 8001000a, handle 1208
12-28 17:41:06.507   506  9600 E mm-camera: iface_stats_unreg_buf: last VFE close, relase stats buffer
12-28 17:41:06.507   506  9600 E mm-camera: iface_axi_stats_stream_unconfig: release stats stream id 8001000b, handle 1300
12-28 17:41:06.507   506  9600 E mm-camera: iface_stats_unreg_buf: last VFE close, relase stats buffer
12-28 17:41:06.508   506  9486 E mm-camera: iface_util_release_resource: reset sof_cnt to zero
12-28 17:41:06.508   506  9486 E mm-camera: iface_util_release_resource: camif_cnt= 1 rdi_cnt= 0 used mask 1
12-28 17:41:06.508   506  9486 E mm-camera: iface_util_release_resource: reset sof_cnt to zero
12-28 17:41:06.508   506  9486 E mm-camera: iface_util_release_resource: camif_cnt= 0 rdi_cnt= 0 used mask 0
12-28 17:41:06.509   506  9486 E mm-camera: iface_streamoff: all bundled stream streamoff, clear hal bundled mask
12-28 17:41:06.510   506  9518 D mm-camera: mct: stop_sof_check_thread: Stopping SOF timeout thread
12-28 17:41:06.510   506  9518 E mm-camera: sensor_pdaf_deinit:4314failed to open pdaf3 init library function
12-28 17:41:06.510   506  9518 D mm-camera: mct: mct_pipeline_process_set: STREAM-OFF success for stream 0x10004, stream type=11
12-28 17:41:06.517   506  9518 D mm-camera: mct: mct_pipeline_process_set:command=800000b
12-28 17:41:06.517   506  9518 D mm-camera: mct: mct_pipeline_process_set: Issuing DEL_STREAM on stream 0x10002 and stream type=1
12-28 17:41:06.517   506  9518 D mm-camera: mct: mct_stream_streamoff: STREAMING OFF stream 0x10001
12-28 17:41:06.517   506  9518 D mm-camera: mct: mct_stream_streamoff: Stream 0x10001 successfully streamed off.
12-28 17:41:06.517   506  9518 E mm-camera: port_iface_ext_unlink_func: E, identity = 0x10002, port = 0xf0623620, direction = 2
12-28 17:41:06.517   506  9518 E mm-camera: port_iface_check_caps_unreserve_func:  E, identity = 0x10002, port = 0xf0623620, direction = 2
12-28 17:41:06.517   506  9518 E mm-camera: iface_unreserve_sink_port: stream_id 2 mode 0 
12-28 17:41:06.518   506  9518 E mm-camera: port_iface_ext_unlink_func: E, identity = 0x10002, port = 0xf0623920, direction = 1
12-28 17:41:06.518   506  9518 E mm-camera: iface_ext_unlink_src_port: mct stream already removed from hw stream
12-28 17:41:06.518   506  9518 E mm-camera: port_iface_check_caps_unreserve_func:  E, identity = 0x10002, port = 0xf0623920, direction = 1
12-28 17:41:06.518   506  9518 E mm-camera: isp_port_check_caps_unreserve:826 ide 10002 port 0xf0361ac0
12-28 17:41:06.519   506  9518 E mm-camera: module_afs_port_check_caps_unreserve:1524] 
12-28 17:41:06.519   506  9518 E mm-camera: module_afs_port_check_caps_unreserve:1532] destroy client
12-28 17:41:06.519   506  9518 D mm-camera: mct: mct_pipeline_process_set: Stream 0x10002 and stream type=1, successfully deleted
12-28 17:41:06.520  5964  5964 E QCamera3Channel: virtual qcamera::QCamera3Channel::~QCamera3Channel(): deleting channel 3585
12-28 17:41:06.520  5964  5964 E QCamera3Channel: virtual int32_t qcamera::QCamera3PicChannel::stop(): Attempt to stop inactive channel
12-28 17:41:06.529   506  9518 D mm-camera: mct: mct_pipeline_process_set:command=800000b
12-28 17:41:06.529   506  9518 D mm-camera: mct: mct_pipeline_process_set: Issuing DEL_STREAM on stream 0x10003 and stream type=3
12-28 17:41:06.529   506  9518 E mm-camera: port_iface_ext_unlink_func: E, identity = 0x10003, port = 0xf0623620, direction = 2
12-28 17:41:06.529   506  9518 E mm-camera: port_iface_check_caps_unreserve_func:  E, identity = 0x10003, port = 0xf0623620, direction = 2
12-28 17:41:06.529   506  9518 E mm-camera: iface_unreserve_sink_port: stream_id 3 mode 0 
12-28 17:41:06.529   506  9518 E mm-camera: port_iface_ext_unlink_func: E, identity = 0x10003, port = 0xf0623920, direction = 1
12-28 17:41:06.529   506  9518 E mm-camera: iface_ext_unlink_src_port: mct stream already removed from hw stream
12-28 17:41:06.529   506  9518 E mm-camera: port_iface_check_caps_unreserve_func:  E, identity = 0x10003, port = 0xf0623920, direction = 1
12-28 17:41:06.529   506  9518 E mm-camera: isp_port_check_caps_unreserve:826 ide 10003 port 0xf0361ac0
12-28 17:41:06.530   506  9518 D mm-camera: mct: mct_pipeline_process_set: Stream 0x10003 and stream type=3, successfully deleted
12-28 17:41:06.530  5964  5964 E QCamera3Channel: virtual qcamera::QCamera3Channel::~QCamera3Channel(): deleting channel 4098
12-28 17:41:06.532   506  9518 D mm-camera: mct: mct_pipeline_process_set:command=800000b
12-28 17:41:06.532   506  9518 D mm-camera: mct: mct_pipeline_process_set: Issuing DEL_STREAM on stream 0x10004 and stream type=11
12-28 17:41:06.532   506  9518 E mm-camera: port_iface_ext_unlink_func: E, identity = 0x10004, port = 0xf0623620, direction = 2
12-28 17:41:06.532   506  9518 E mm-camera: port_iface_check_caps_unreserve_func:  E, identity = 0x10004, port = 0xf0623620, direction = 2
12-28 17:41:06.532   506  9518 E mm-camera: iface_unreserve_sink_port: stream_id 4 mode 0 
12-28 17:41:06.532   506  9518 E mm-camera: port_iface_ext_unlink_func: E, identity = 0x10004, port = 0xf0623920, direction = 1
12-28 17:41:06.532   506  9518 E mm-camera: iface_ext_unlink_src_port: mct stream already removed from hw stream
12-28 17:41:06.533   506  9518 E mm-camera: port_iface_check_caps_unreserve_func:  E, identity = 0x10004, port = 0xf0623920, direction = 1
12-28 17:41:06.533   506  9518 E mm-camera: isp_port_check_caps_unreserve:826 ide 10004 port 0xf0361ac0
12-28 17:41:06.533   506  9518 D mm-camera: mct: mct_pipeline_process_set: Stream 0x10004 and stream type=11, successfully deleted
12-28 17:41:06.534  5964  5964 E QCamera3Channel: virtual qcamera::QCamera3Channel::~QCamera3Channel(): deleting channel 4611
12-28 17:41:06.534   506  9518 D mm-camera: mct: mct_pipeline_process_set:command=8000009
12-28 17:41:06.535   506  9518 D mm-camera: mct: mct_pipeline_process_set: Stream 0x10001 stream type=7 is already streamed off.
12-28 17:41:06.541   506  9518 D mm-camera: mct: mct_pipeline_process_set:command=800000b
12-28 17:41:06.542   506  9518 D mm-camera: mct: mct_pipeline_process_set: Issuing DEL_STREAM on stream 0x10001 and stream type=7
12-28 17:41:06.542   506  9518 D mm-camera: mct: mct_pipeline_process_set: Stream 0x10001 and stream type=7, successfully deleted
12-28 17:41:06.542  5964  5964 E QCamera3Channel: virtual qcamera::QCamera3Channel::~QCamera3Channel(): deleting channel 3072
12-28 17:41:06.543   506  9518 E mm-camera-sensor: sensor_pick_fill_expected_data:410ex_w:0, ex_h:0,ex_mode:1, ex_fps:30.000000, ex_clk:0, ex_ar: 0
12-28 17:41:06.543   506  9518 E mm-camera-sensor: sensor_pick_resolution:722 res_idx: 0
12-28 17:41:06.543   506  9518 E mm-camera: isp_util_print_meta_stream_info:5524 Deallocate resources
12-28 17:41:06.546   506  9518 D mm-camera: mct: mct_pipeline_process_set:command=800000b
12-28 17:41:06.546   506  9518 E mm-camera: mct: mct_pipeline_process_set:2966: Couldn't find stream id: 0
12-28 17:41:06.547   506   506 D mm-camera: mct: mct_controller_destroy: Initiating destroy sequence
12-28 17:41:06.548  5964  5964 I Camera3-Device: disconnect: X
12-28 17:41:06.549  5964  5964 I Camera3-Device: disconnect: E
12-28 17:41:06.549   506  9519 D mm-camera: mct: mct_bus_handler_thread_run: Force Exit
12-28 17:41:06.550   506   506 D mm-camera: mct: mct_controller_destroy: bus_handler thread closed
12-28 17:41:06.550   506   506 D mm-camera: mct: mct_pipeline_stop_session - E
12-28 17:41:06.550   506   506 D mm-camera: mct: mct_pipeline_process_set:command=800000b
12-28 17:41:06.550   506   506 D mm-camera: mct: mct_pipeline_process_set: Issuing DEL_STREAM on stream 0x1000f and stream type=10
12-28 17:41:06.550   506   506 E mm-camera: port_iface_ext_unlink_func: E, identity = 0x1000f, port = 0xf0623620, direction = 2
12-28 17:41:06.550   506   506 E mm-camera: port_iface_check_caps_unreserve_func:  E, identity = 0x1000f, port = 0xf0623620, direction = 2
12-28 17:41:06.550   506   506 E mm-camera: iface_unreserve_sink_port: stream_id f mode 0 
12-28 17:41:06.550   506   506 E mm-camera: port_iface_ext_unlink_func: E, identity = 0x1000f, port = 0xf0623920, direction = 1
12-28 17:41:06.550   506   506 E mm-camera: iface_ext_unlink_src_port: mct stream already removed from hw stream
12-28 17:41:06.550   506   506 E mm-camera: port_iface_check_caps_unreserve_func:  E, identity = 0x1000f, port = 0xf0623920, direction = 1
12-28 17:41:06.550   506   506 E mm-camera: isp_port_check_caps_unreserve:826 ide 1000f port 0xf0361ac0
12-28 17:41:06.552  5964  5964 I CameraService: onTorchStatusChangedLocked: Torch status changed for cameraId=0, newStatus=1
12-28 17:41:06.553  5964  5964 I CameraService: onTorchStatusChangedLocked: Torch status changed for cameraId=0, newStatus=1
12-28 17:41:06.553  5964  5964 I CameraService: disconnect: Disconnected client for camera 0 for PID 7577
12-28 17:41:06.553   506   506 E mm-camera: module_afs_port_check_caps_unreserve:1524] 
12-28 17:41:06.553   506   506 E mm-camera: module_afs_port_check_caps_unreserve:1532] destroy client
12-28 17:41:06.554   506   506 E mm-camera: q3a_thread_af_stop:1019  q3a_thread_af_stop:1019 MSG_STOP_THREAD
12-28 17:41:06.556   506   506 E mm-camera: stats_port_delete_reserved_stream:2602  stats_port_delete_reserved_stream:2602: going to NULL peer
12-28 17:41:06.556   506   506 D mm-camera: mct: mct_pipeline_process_set: Stream 0x1000f and stream type=10, successfully deleted
12-28 17:41:06.556   506  9605 D mm-camera: mct: mct_pipeline_stop_session_thread: Stop module name: sensor - E
12-28 17:41:06.556   506  9605 E mm-camera: module_sensor_deinit_session:1545trying to delete thread
12-28 17:41:06.556   506  9605 E mm-camera-sensor: proxy_thread_delete:259p_thread,trying to delete thread
12-28 17:41:06.556   506  9605 E mm-camera-sensor: send_thread_exit_msg:219p_thread, exit_thread 0
12-28 17:41:06.556   506  9605 E mm-camera-sensor: send_thread_exit_msg:223p_thread, exit_thread 1
12-28 17:41:06.557   506  9605 E mm-camera: module_sensor_deinit_session:1547proxy_thread_deleted!
12-28 17:41:06.557   506  9605 E mm-camera: module_sensor_deinit_session:1551try to stop proxy kernel workqueue!
12-28 17:41:06.557   506  9605 E mm-camera-sensor: sensor_proxy_thread_off:215enter
12-28 17:41:06.557   506  9606 D mm-camera: mct: mct_pipeline_stop_session_thread: Stop module name: iface - E
12-28 17:41:06.558   506  9606 D mm-camera: mct: mct_pipeline_stop_session_thread: Stop module name: iface - X
12-28 17:41:06.558   506  9607 D mm-camera: mct: mct_pipeline_stop_session_thread: Stop module name: isp - E
12-28 17:41:06.558   506  9607 E mm-camera-isp2: isp_module_stop_session:414 session id 1
12-28 17:41:06.559   506  9608 D mm-camera: mct: mct_pipeline_stop_session_thread: Stop module name: stats - E
12-28 17:41:06.560   506  9609 D mm-camera: mct: mct_pipeline_stop_session_thread: Stop module name: pproc - E
12-28 17:41:06.562   506  9607 D mm-camera: mct: mct_pipeline_stop_session_thread: Stop module name: isp - X
12-28 17:41:06.563   506   506 D mm-camera: mct: mct_pipeline_stop_session: left modules: 5
12-28 17:41:06.563   506   506 D mm-camera: mct: mct_pipeline_stop_session: left modules: 4
12-28 17:41:06.563   506  9608 E mm-camera: gyro_port_deinit:1446  gyro_port_deinit: Error in android Deinit
12-28 17:41:06.563   506  9610 D mm-camera: mct: mct_pipeline_stop_session_thread: Stop module name: imglib - E
12-28 17:41:06.563   506  9608 I CAMERA_SENSOR: stop_accel_sensor
12-28 17:41:06.563   506  9610 E mm-camera: module_faceproc_stop_session:1885] session cnt 1
12-28 17:41:06.565   506  9610 D mm-camera: mct: mct_pipeline_stop_session_thread: Stop module name: imglib - X
12-28 17:41:06.565   506   506 D mm-camera: mct: mct_pipeline_stop_session: left modules: 3
12-28 17:41:06.566   506  9609 E mm-camera-pp: [INFO] base_module_stop_session:98, E, session=1
12-28 17:41:06.567   506  9609 E mm-camera-pp: [INFO] base_module_stop_session:98, E, session=1
12-28 17:41:06.567   506  9609 D mm-camera: mct: mct_pipeline_stop_session_thread: Stop module name: pproc - X
12-28 17:41:06.567   506   506 D mm-camera: mct: mct_pipeline_stop_session: left modules: 2
12-28 17:41:06.601   506  9605 E mm-camera: module_sensor_deinit_session:1567trying to delete thread
12-28 17:41:06.601   506  9605 E mm-camera-sensor: tcs_thread_delete:303tcs_thread, trying to delete thread
12-28 17:41:06.601   506  9605 E mm-camera: module_sensor_deinit_session:1569tcs_thread_deleted!
12-28 17:41:06.601   506  9605 E mm-camera: module_sensor_deinit_session:1571try to stop tcs kernel workqueue!
12-28 17:41:06.613   506  9605 E mm-camera-sensor: proxy_power_down:47enter
12-28 17:41:06.659   506  9605 E mm-camera: sensor_close:4609ctrl->isStreaming make false
12-28 17:41:06.660   506  9605 D mm-camera: mct: mct_pipeline_stop_session_thread: Stop module name: sensor - X
12-28 17:41:06.661   506   506 D mm-camera: mct: mct_pipeline_stop_session: left modules: 1
12-28 17:41:06.663   506  9608 D mm-camera: mct: mct_pipeline_stop_session_thread: Stop module name: stats - X
12-28 17:41:06.664   506   506 D mm-camera: mct: mct_pipeline_stop_session: left modules: 0
12-28 17:41:06.664   506   506 D mm-camera: mct: mct_pipeline_stop_session - X
12-28 17:41:06.664   506   506 D mm-camera: mct: mct_pipeline_destroy E: session:1 
12-28 17:41:06.665   506   506 D mm-camera: mct: mct_pipeline_destroy X: Pipeline destroyed successfully
12-28 17:41:06.665   506   506 D mm-camera: mct: mct_controller_destroy: X Successfully closed mct_controller
12-28 17:41:17.339  5964  8468 I CameraService: CameraService::connect call (PID -1 "org.telegram.messenger", camera ID 0) for HAL version default and Camera API version 1
12-28 17:41:17.341  5964  8468 I CameraService: onTorchStatusChangedLocked: Torch status changed for cameraId=0, newStatus=0
12-28 17:41:17.341  5964  8468 I Camera2ClientBase: Camera 0: Opened. Client: org.telegram.messenger (PID 7577, UID 10077)
12-28 17:41:17.358   506   506 D mm-camera: mct: mct_controller_new: Creating new mct_controller with session-id 1
12-28 17:41:17.359   506  9628 D mm-camera: mct: mct_pipeline_start_session_thread: E sensor
12-28 17:41:17.355  9629  9629 W CAM_startiface: type=1400 audit(0.0:1044): avc: granted { read } for name="ion" dev="tmpfs" ino=11613 scontext=u:r:init:s0 tcontext=u:object_r:ion_device:s0 tclass=chr_file
12-28 17:41:17.360   506  9629 D mm-camera: mct: mct_pipeline_start_session_thread: E iface
12-28 17:41:17.362   506  9630 D mm-camera: mct: mct_pipeline_start_session_thread: E isp
12-28 17:41:17.362   506  9630 E mm-camera-isp2: isp_module_start_session:178 session id 1
12-28 17:41:17.355  9629  9629 W CAM_startiface: type=1400 audit(0.0:1045): avc: granted { read open } for path="/dev/ion" dev="tmpfs" ino=11613 scontext=u:r:init:s0 tcontext=u:object_r:ion_device:s0 tclass=chr_file
12-28 17:41:17.363   506  9629 D mm-camera: mct: mct_pipeline_start_session_thread: X stats
12-28 17:41:17.370   506  9632 D mm-camera: mct: mct_pipeline_start_session_thread: E stats
12-28 17:41:17.359  9629  9629 W CAM_startiface: type=1400 audit(0.0:1046): avc: granted { read } for name="ion" dev="tmpfs" ino=11613 scontext=u:r:init:s0 tcontext=u:object_r:ion_device:s0 tclass=chr_file
12-28 17:41:17.359  9629  9629 W CAM_startiface: type=1400 audit(0.0:1047): avc: granted { read open } for path="/dev/ion" dev="tmpfs" ino=11613 scontext=u:r:init:s0 tcontext=u:object_r:ion_device:s0 tclass=chr_file
12-28 17:41:17.377   506  9633 D mm-camera: mct: mct_pipeline_start_session_thread: E pproc
12-28 17:41:17.385   506  9634 D mm-camera: mct: mct_pipeline_start_session_thread: E imglib
12-28 17:41:17.391   506  9634 E mm-camera: module_faceproc_start_session:1844] session cnt 1
12-28 17:41:17.396   506  9634 D mm-camera: mct: mct_pipeline_start_session_thread: X imglib
12-28 17:41:17.448   506  9628 E mm-camera: module_sensor_init_session:1245eeprom_name = imx234_eeprom
12-28 17:41:17.447  9633  9633 I CAM_startpproc: type=1400 audit(0.0:1048): avc: denied { write } for name="ion" dev="tmpfs" ino=11613 scontext=u:r:init:s0 tcontext=u:object_r:ion_device:s0 tclass=chr_file permissive=1
12-28 17:41:17.457   506  9630 E mm-camera-isp2: isp_module_start_session:347 num_session_opened 1
12-28 17:41:17.457   506  9630 D mm-camera: mct: mct_pipeline_start_session_thread: X imglib
12-28 17:41:17.460   506  9632 E mm-camera: tcc_init: TCC ver.150418a
12-28 17:41:17.469   506  9632 E mm-camera: q3a_port_init aecawb data: 0xf061a708 hal_version 3
12-28 17:41:17.469   506  9633 E mm-camera-pp: [INFO] base_module_start_session:91, E, session=1
12-28 17:41:17.473   506  9633 E mm-camera-pp: [INFO] base_module_start_session:91, E, session=1
12-28 17:41:17.473   506  9633 D mm-camera: mct: mct_pipeline_start_session_thread: X imglib
12-28 17:41:17.480   506  9632 E mm-camera: sensor_laser_init:144  HW module: id: sensors name: STMicroelectronics VL53L0 sensor module
12-28 17:41:17.475  9632  9632 W CAM_startstats: type=1400 audit(0.0:1050): avc: granted { read } for name="event4" dev="tmpfs" ino=15603 scontext=u:r:init:s0 tcontext=u:object_r:input_device:s0 tclass=chr_file
12-28 17:41:17.475  9632  9632 W CAM_startstats: type=1400 audit(0.0:1051): avc: granted { read open } for path="/dev/input/event4" dev="tmpfs" ino=15603 scontext=u:r:init:s0 tcontext=u:object_r:input_device:s0 tclass=chr_file
12-28 17:41:17.475  9632  9632 I CAM_startstats: type=1400 audit(0.0:1052): avc: denied { ioctl } for path="/dev/input/event4" dev="tmpfs" ino=15603 ioctlcmd=4506 scontext=u:r:init:s0 tcontext=u:object_r:input_device:s0 tclass=chr_file permissive=1
12-28 17:41:17.491  9632  9632 W CAM_startstats: type=1400 audit(0.0:1053): avc: granted { read } for name="event3" dev="tmpfs" ino=15602 scontext=u:r:init:s0 tcontext=u:object_r:input_device:s0 tclass=chr_file
12-28 17:41:17.498   506  9628 E mm-camera: module_sensor_init_session:1277flash subdev id = 0
12-28 17:41:17.501   506  9628 E mm-camera-sensor: sensor_sdk_util_get_kernel_i2c_addr_type:26Invalid addr_type = 0
12-28 17:41:17.501   506  9628 E mm-camera-sensor: sensor_sdk_util_get_kernel_i2c_data_type:40Invalid addr_type = 0
12-28 17:41:17.501   506  9628 E mm-camera-sensor: actuator_load_lib:491name=lc898122_claf, mode=camera
12-28 17:41:17.504   506  9628 E mm-camera-sensor: actuator_load_lib:491name=lc898122_claf, mode=camcorder
12-28 17:41:17.506   506  9628 E mm-camera-sensor: eeprom_do_af_calibration:197turn on Cal af(1)
12-28 17:41:17.506   506  9628 E mm-camera-sdk: eeprom_autofocus_calibration_claf:173 KSY Kernel original macro hall : 9600, inf hall : -12800, macro_mecha 16800, vcm_type 66
12-28 17:41:17.506   506  9628 E mm-camera-sdk: eeprom_autofocus_calibration_claf:178 KSY AF_algorithm convert macro hall : 350, inf hall : 0, total_rangetomacro : 0, offset_value_pplus_mtm : 0
12-28 17:41:17.506   506  9628 E mm-camera: ois_init:305start: ois_init
12-28 17:41:17.508   506  9628 E mm-camera: ois_init:372done: ois_init
12-28 17:41:17.508   506  9628 E mm-camera-sensor: proxy_init:71name = LD_AF
12-28 17:41:17.508   506  9628 E mm-camera-sensor: sensor_proxy_on:151enter
12-28 17:41:17.508   506  9645 E mm-camera: ois_thread:201ois thread is running
12-28 17:41:17.519  9632  9632 W CAM_startstats: type=1400 audit(0.0:1055): avc: granted { read } for name="event1" dev="tmpfs" ino=1873 scontext=u:r:init:s0 tcontext=u:object_r:input_device:s0 tclass=chr_file
12-28 17:41:17.519  9632  9632 W CAM_startstats: type=1400 audit(0.0:1056): avc: granted { read open } for path="/dev/input/event1" dev="tmpfs" ino=1873 scontext=u:r:init:s0 tcontext=u:object_r:input_device:s0 tclass=chr_file
12-28 17:41:17.537   506  9628 E mm-camera-sensor: sensor_proxy_thread_on:198enter
12-28 17:41:17.539   506  9628 E mm-camera: module_sensor_init_session:1412tcs_sensor init Enter **
12-28 17:41:17.567  9632  9632 W CAM_startstats: type=1400 audit(0.0:1057): avc: granted { read } for name="event0" dev="tmpfs" ino=9741 scontext=u:r:init:s0 tcontext=u:object_r:input_device:s0 tclass=chr_file
12-28 17:41:17.603  9632  9632 W CAM_startstats: type=1400 audit(0.0:1059): avc: granted { read } for name="mice" dev="tmpfs" ino=1872 scontext=u:r:init:s0 tcontext=u:object_r:input_device:s0 tclass=chr_file
12-28 17:41:17.613   506  9628 E mm-camera-sensor: tcs_thread_create:291tcs_thread, thread_id 0
12-28 17:41:17.615   506  9628 E mm-camera: module_sensor_start_session:1684SUCCESS
12-28 17:41:17.615   506  9628 D mm-camera: mct: mct_pipeline_start_session_thread: X imglib
12-28 17:41:17.623  9632  9632 W CAM_startstats: type=1400 audit(0.0:1061): avc: granted { read } for name="event2" dev="tmpfs" ino=11606 scontext=u:r:init:s0 tcontext=u:object_r:input_device:s0 tclass=chr_file
12-28 17:41:17.623  9632  9632 W CAM_startstats: type=1400 audit(0.0:1062): avc: granted { read open } for path="/dev/input/event2" dev="tmpfs" ino=11606 scontext=u:r:init:s0 tcontext=u:object_r:input_device:s0 tclass=chr_file
12-28 17:41:17.647  9632  9632 W CAM_startstats: type=1400 audit(0.0:1063): avc: granted { read } for name="event4" dev="tmpfs" ino=15603 scontext=u:r:init:s0 tcontext=u:object_r:input_device:s0 tclass=chr_file
12-28 17:41:17.675  9632  9632 W CAM_startstats: type=1400 audit(0.0:1065): avc: granted { read } for name="event3" dev="tmpfs" ino=15602 scontext=u:r:init:s0 tcontext=u:object_r:input_device:s0 tclass=chr_file
12-28 17:41:17.715  9632  9632 W CAM_startstats: type=1400 audit(0.0:1067): avc: granted { read } for name="event1" dev="tmpfs" ino=1873 scontext=u:r:init:s0 tcontext=u:object_r:input_device:s0 tclass=chr_file
12-28 17:41:17.763  9632  9632 W CAM_startstats: type=1400 audit(0.0:1069): avc: granted { read } for name="event0" dev="tmpfs" ino=9741 scontext=u:r:init:s0 tcontext=u:object_r:input_device:s0 tclass=chr_file
12-28 17:41:17.803   506  9645 E mm-camera: ois_thread:239done : ois initialization
12-28 17:41:17.857   506  9632 E mm-camera: sensor_laser_init:164  0 sensor supported
12-28 17:41:17.859   506  9632 E mm-camera: gyro_port_init:1404  Failure initializing laser sensor. Error: 4
12-28 17:41:17.859   506  9632 I CAMERA_SENSOR: start_accel_sensor
12-28 17:41:17.859   506  9632 E mm-camera: start_accel_sensor: sensor1_open E
12-28 17:41:17.860   506  9632 E mm-camera: start_accel_sensor: sensor1_open X, res = 0
12-28 17:41:17.961   506  9632 I CAMERA_SENSOR: [start_accel_sensor] Error while waiting for response message 110
12-28 17:41:17.962   506  9632 D mm-camera: mct: mct_pipeline_start_session_thread: X imglib
12-28 17:41:17.963   506   506 E mm-camera: sensor_get_cur_chromatix_name:2577Error: Load default preview chroamtix
12-28 17:41:17.963   506   506 E mm-camera-sensor: chromatix_load_library_ex : chromatix = libchromatix_imx234_snapshot.so , lib name = /system/vendor/lib/libchromatix_imx234_snapshot.so
12-28 17:41:17.971   506   506 E mm-camera-sensor: chromatix_load_library_ex : chromatix = libchromatix_imx234_snapshot.so , lib name = /system/vendor/lib/libchromatix_imx234_snapshot.so
12-28 17:41:17.972   506   506 E mm-camera-sensor: chromatix_load_library_ex : chromatix = libchromatix_imx234_common.so , lib name = /system/vendor/lib/libchromatix_imx234_common.so
12-28 17:41:17.972   506   506 E mm-camera-sensor: chromatix_load_library_ex : chromatix = libchromatix_imx234_cpp_snapshot.so , lib name = /system/vendor/lib/libchromatix_imx234_cpp_snapshot.so
12-28 17:41:17.972   506   506 E mm-camera-sensor: chromatix_load_library_ex : chromatix = libchromatix_imx234_cpp_snapshot.so , lib name = /system/vendor/lib/libchromatix_imx234_cpp_snapshot.so
12-28 17:41:17.972   506   506 E mm-camera-sensor: chromatix_load_library_ex : chromatix = libchromatix_imx234_cpp_flash_snapshot.so , lib name = /system/vendor/lib/libchromatix_imx234_cpp_flash_snapshot.so
12-28 17:41:17.973   506   506 E mm-camera-sensor: chromatix_load_library_ex : chromatix = libchromatix_imx234_cpp_video.so , lib name = /system/vendor/lib/libchromatix_imx234_cpp_video.so
12-28 17:41:17.973   506   506 E mm-camera-sensor: chromatix_load_library_ex : chromatix = libchromatix_imx234_postproc.so , lib name = /system/vendor/lib/libchromatix_imx234_postproc.so
12-28 17:41:17.975   506   506 E mm-camera-isp2: isp_resource_query_mod:145 num_isp_preallocate 1 num_session_opened 1 dual_vfe_enabled 0
12-28 17:41:17.976   506   506 E mm-camera: module_faceproc_query_mod:1996] Caps ROI 5 scene_mode_cnt 1 HW analysis supported 0
12-28 17:41:17.977   506   506 D mm-camera: mct: mct_pipeline_process_set:command=800000a
12-28 17:41:17.977   506   506 D mm-camera: mct: mct_pipeline_process_set: Adding new stream: id [0f]
12-28 17:41:17.977   506   506 D mm-camera: mct: mct_pipeline_process_set:command=8000012
12-28 17:41:17.978   506   506 D mm-camera: mct: mct_stream_start_link: Start linking Session-stream 0x1000f
12-28 17:41:17.978   506   506 I mm-camera: module_iface_set_mod_func: set module type = 8, identity 1000f
12-28 17:41:17.978   506   506 E mm-camera: isp_port_check_caps_reserve:737 port 0xf0361ac0 ide 1000f type 10 dim 0 0
12-28 17:41:17.979   506   506 E mm-camera: int_link = 0xf03640e0
12-28 17:41:17.979   506   506 I mm-camera: pproc_port_add_modules_to_stream:433, linking mods tmod and c2d
12-28 17:41:17.995   506   506 I mm-camera: pproc_port_add_modules_to_stream:433, linking mods c2d and cpp
12-28 17:41:17.995   506   506 E mm-camera: Interleaved flag is 0, identity 65551 port type 0
12-28 17:41:17.995   506   506 I mm-camera: pproc_port_add_modules_to_stream:433, linking mods cpp and afs
12-28 17:41:17.996   506   506 I mm-camera: pproc_port_add_modules_to_stream:433, linking mods afs and ezt
12-28 17:41:17.996   506   506 E mm-camera: pproc_port_add_modules_to_stream:454] X rc: 1
12-28 17:41:18.935  4996  5260 I CameraManagerGlobal: Connecting to camera service
12-28 17:41:19.029   506   506 E mm-camera: dsps_send_request:531  dsps_send_request: Request response timed out
12-28 17:41:19.029   506   506 E mm-camera: 
12-28 17:41:19.029   506   506 E mm-camera: dsps_proc_set_params_gravity:179  dsps_proc_set_params_gravity Error sending request
12-28 17:41:19.029   506   506 E mm-camera: gyro_port_enable_disable_sensor_request:803  gyro_port_enable_disable_sensor_request: Gravity enable req failed
12-28 17:41:20.031  8468  8468 I Binder:5964_1: type=1400 audit(0.0:1078): avc: denied { write } for name="cam_socket1" dev="mmcblk0p50" ino=875242 scontext=u:r:cameraserver:s0 tcontext=u:object_r:camera_data_file:s0 tclass=sock_file permissive=1
12-28 17:41:20.032   506   506 E mm-camera: dsps_send_request:531  dsps_send_request: Request response timed out
