12-27 18:15:07.305  6196  6196 F DEBUG   : Abort message: 'frameworks/av/media/libmedia/MediaProfiles.cpp:329 CHECK(quality != -1) failed.'
12-27 18:15:07.327  6196  6196 F DEBUG   :     #02 pc 00000000000b9d7c  /system/lib64/libmedia.so (_ZN7android13MediaProfiles22createCamcorderProfileEiPPKcRNS_6VectorIiEE.cfi+200)
12-27 18:15:07.327  6196  6196 F DEBUG   :     #03 pc 00000000000baa24  /system/lib64/libmedia.so (_ZN7android13MediaProfiles19startElementHandlerEPvPKcPS3_.cfi+940)
12-27 18:15:07.327  6196  6196 F DEBUG   :     #07 pc 00000000000bc4e0  /system/lib64/libmedia.so (_ZN7android13MediaProfiles25createInstanceFromXmlFileEPKc.cfi+212)
12-27 18:15:07.327  6196  6196 F DEBUG   :     #08 pc 00000000000bc070  /system/lib64/libmedia.so (_ZN7android13MediaProfiles11getInstanceEv.cfi+104)
12-27 18:15:07.328  6196  6196 F DEBUG   :     #09 pc 0000000000045968  /system/lib64/libmedia_jni.so (android_media_MediaProfiles_native_init(_JNIEnv*)+40)
12-27 18:15:07.802   926   926 W InputMethodManagerService: 	at com.android.server.InputMethodManagerService.finishSessionLocked(InputMethodManagerService.java:2018)
12-27 18:15:07.802   926   926 W InputMethodManagerService: 	at com.android.server.InputMethodManagerService.clearClientSessionLocked(InputMethodManagerService.java:2009)
12-27 18:15:07.802   926   926 W InputMethodManagerService: 	at com.android.server.InputMethodManagerService.clearCurMethodLocked(InputMethodManagerService.java:2035)
12-27 18:15:07.802   926   926 W InputMethodManagerService: 	at com.android.server.InputMethodManagerService.onServiceDisconnected(InputMethodManagerService.java:2062)
12-27 18:15:07.802   926   926 W InputMethodManagerService: 	at com.android.server.SystemServer.run(SystemServer.java:418)
12-27 18:15:07.802   926   926 W InputMethodManagerService: 	at com.android.server.SystemServer.main(SystemServer.java:269)
12-27 18:15:07.855   926   941 I ActivityManager: Process android.process.media (pid 6109) has died: svcb SVC 
12-27 18:15:07.855   926   941 W ActivityManager: Scheduling restart of crashed service com.android.providers.media/.MediaScannerService in 1800000ms
12-27 18:15:08.085   926   926 W ContextImpl: Calling a method in the system process without a qualified user: android.app.ContextImpl.bindService:1556 com.android.server.MmsServiceBroker.tryConnecting:241 com.android.server.MmsServiceBroker.-wrap3:0 com.android.server.MmsServiceBroker$1.handleMessage:83 android.os.Handler.dispatchMessage:106 
12-27 18:15:08.205   926  5710 I ActivityManager: Start proc 6395:android.process.media/u0a8 for broadcast com.android.providers.downloads/.DownloadReceiver
12-27 18:15:08.606  6395  6422 F MediaProfiles: frameworks/av/media/libmedia/MediaProfiles.cpp:329 CHECK(quality != -1) failed.
12-27 18:15:08.607  6395  6422 F libc    : Fatal signal 6 (SIGABRT), code -6 in tid 6422 (MediaScannerSer), pid 6395 (d.process.media)
12-27 18:15:08.740  6454  6454 F DEBUG   : pid: 6395, tid: 6422, name: MediaScannerSer  >>> android.process.media <<<
12-27 18:15:08.746  6454  6454 F DEBUG   : Abort message: 'frameworks/av/media/libmedia/MediaProfiles.cpp:329 CHECK(quality != -1) failed.'
12-27 18:15:08.778  6454  6454 F DEBUG   :     #02 pc 00000000000b9d7c  /system/lib64/libmedia.so (_ZN7android13MediaProfiles22createCamcorderProfileEiPPKcRNS_6VectorIiEE.cfi+200)
12-27 18:15:08.778  6454  6454 F DEBUG   :     #03 pc 00000000000baa24  /system/lib64/libmedia.so (_ZN7android13MediaProfiles19startElementHandlerEPvPKcPS3_.cfi+940)
12-27 18:15:08.779  6454  6454 F DEBUG   :     #07 pc 00000000000bc4e0  /system/lib64/libmedia.so (_ZN7android13MediaProfiles25createInstanceFromXmlFileEPKc.cfi+212)
12-27 18:15:08.779  6454  6454 F DEBUG   :     #08 pc 00000000000bc070  /system/lib64/libmedia.so (_ZN7android13MediaProfiles11getInstanceEv.cfi+104)
12-27 18:15:08.779  6454  6454 F DEBUG   :     #09 pc 0000000000045968  /system/lib64/libmedia_jni.so (android_media_MediaProfiles_native_init(_JNIEnv*)+40)
12-27 18:15:09.013   926  6487 W ActivityManager: Process android.process.media has crashed too many times: killing!
12-27 18:15:09.013   926  6487 I ActivityManager: Killing 6395:android.process.media/u0a8 (adj 500): crash
12-27 18:15:09.345   926  5733 I ActivityManager: Start proc 6556:android.process.media/u0a8 for content provider com.android.providers.downloads/.DownloadProvider
12-27 18:15:10.176   926  5642 I chatty  : uid=1000 system_server expire 1 line
12-27 18:15:10.179   926  5643 I chatty  : uid=1000 system_server expire 2 lines
12-27 18:15:10.696   926  4160 D ConnectivityService: Setting DNS servers for network 101 to [/192.168.0.1]
12-27 18:15:10.798   926   950 W system_server: kill(-5340, 9) failed: No such process
12-27 18:15:10.843   926   950 W system_server: kill(-5340, 9) failed: No such process
12-27 18:15:10.843   926   950 I system_server: Successfully killed process cgroup uid 10003 pid 5340 in 44ms
12-27 18:15:10.896   926  5710 W zygote64: Long monitor contention with owner NetworkPolicy (4005) at boolean android.os.BinderProxy.transactNative(int, android.os.Parcel, android.os.Parcel, int)(Binder.java:-2) waiters=3 in boolean com.android.server.net.NetworkPolicyManagerService$NetworkPolicyManagerInternalImpl.isUidNetworkingBlocked(int, java.lang.String) for 114ms
12-27 18:15:10.946   926  4252 W zygote64: Long monitor contention with owner NetworkPolicy (4005) at void com.android.server.net.NetworkPolicyManagerService$7.onReceive(android.content.Context, android.content.Intent)(NetworkPolicyManagerService.java:948) waiters=3 in void com.android.server.net.NetworkPolicyManagerService$11.onCapabilitiesChanged(android.net.Network, android.net.NetworkCapabilities) for 164ms
12-27 18:15:10.949   926  5733 W zygote64: Long monitor contention with owner NetworkPolicy (4005) at void com.android.server.net.NetworkPolicyManagerService$7.onReceive(android.content.Context, android.content.Intent)(NetworkPolicyManagerService.java:948) waiters=4 in boolean com.android.server.net.NetworkPolicyManagerService$NetworkPolicyManagerInternalImpl.isUidNetworkingBlocked(int, java.lang.String) for 165ms
12-27 18:15:11.335   926  4252 W zygote64: Long monitor contention with owner NetworkPolicy (4005) at void com.android.server.net.NetworkPolicyManagerService$13.onReceive(android.content.Context, android.content.Intent)(NetworkPolicyManagerService.java:1281) waiters=2 in boolean com.android.server.net.NetworkPolicyManagerService$NetworkPolicyManagerInternalImpl.isUidNetworkingBlocked(int, java.lang.String) for 142ms
12-27 18:15:11.336   926   940 W zygote64: Long monitor contention with owner NetworkPolicy (4005) at void com.android.server.net.NetworkPolicyManagerService$13.onReceive(android.content.Context, android.content.Intent)(NetworkPolicyManagerService.java:1281) waiters=5 in boolean com.android.server.net.NetworkPolicyManagerService$NetworkPolicyManagerInternalImpl.isUidNetworkingBlocked(int, java.lang.String) for 111ms
12-27 18:15:11.339   926   949 W Looper  : Dispatch took 139ms on android.ui, h=Handler (com.android.server.am.ActivityManagerService$UiHandler) {f351249} cb=null msg=53
12-27 18:15:11.339   926   926 W zygote64: Long monitor contention with owner ConnectivityThread (4252) at void com.android.server.job.controllers.ConnectivityController.updateTrackedJobs(int)(ConnectivityController.java:154) waiters=1 in void com.android.server.job.JobServiceContext.doCallback(com.android.server.job.JobServiceContext$JobCallback, boolean, java.lang.String) for 105ms
12-27 18:15:11.811  5891  6969 I chatty  : uid=1047(cameraserver) /system/bin/cameraserver expire 2 lines
12-27 18:15:12.376   926   950 W system_server: kill(-6201, 9) failed: No such process
12-27 18:15:12.419   926   950 W system_server: kill(-6201, 9) failed: No such process
12-27 18:15:12.419   926   950 I system_server: Successfully killed process cgroup uid 10056 pid 6201 in 43ms
12-27 18:15:13.069   926   950 W system_server: kill(-5276, 9) failed: No such process
12-27 18:15:13.111   926   950 W system_server: kill(-5276, 9) failed: No such process
12-27 18:15:13.111   926   950 I system_server: Successfully killed process cgroup uid 10007 pid 5276 in 42ms
12-27 18:15:14.491  5891  5891 I chatty  : uid=1047(cameraserver) /system/bin/cameraserver expire 5 lines
12-27 18:15:14.499  5891  7342 I chatty  : uid=1047(cameraserver) /system/bin/cameraserver expire 1 line
12-27 18:15:14.864   926   950 W system_server: kill(-6247, 9) failed: No such process
12-27 18:15:14.907   926   950 W system_server: kill(-6247, 9) failed: No such process
12-27 18:15:14.958   926   950 W system_server: kill(-6247, 9) failed: No such process
12-27 18:15:14.958   926   950 I system_server: Successfully killed process cgroup uid 10012 pid 6247 in 93ms
12-27 18:15:15.361   926   959 I system_server: android::hardware::configstore::V1_0::ISurfaceFlingerConfigs::hasWideColorDisplay retrieved: 0
12-27 18:15:15.504   926   950 W system_server: kill(-5211, 9) failed: No such process
12-27 18:15:15.548   926   950 W system_server: kill(-5211, 9) failed: No such process
12-27 18:15:15.548   926   950 I system_server: Successfully killed process cgroup uid 10051 pid 5211 in 44ms
12-27 18:15:15.613  5656  7303 I GCoreUlr: UserPreferences.updateEditor(ConfigUpdate{mAccount=account#12#, mReferenceUpdateNumber=46, mUnconditional=false, mUiUpdate=false, mUlrRelatedSettingUpdate=false, mLhLrMergeSettingUpdatefalse, mShouldNotSync=true, mReportingEnabled=null, mHistoryEnabled=null, mCausePackage=com.google.android.gms+ambiguous, mClearCausePackage=false, mServerMillis=1514318848400, mRestriction=0, mDirty=true, mPrimaryDevice=null, mAccountType=null}): aborting to preserve local change at 47
12-27 18:15:15.721  5981  6853 I CheckinResponseProcess: From server: 3 gservices updates and 0 deletes
12-27 18:15:16.222   926   950 W system_server: kill(-6329, 9) failed: No such process
12-27 18:15:16.267   926   950 W system_server: kill(-6329, 9) failed: No such process
12-27 18:15:16.267   926   950 I system_server: Successfully killed process cgroup uid 10016 pid 6329 in 45ms
12-27 18:15:16.396   926   950 W system_server: kill(-6369, 9) failed: No such process
12-27 18:15:16.440   926   950 W system_server: kill(-6369, 9) failed: No such process
12-27 18:15:16.442   926   950 I system_server: Successfully killed process cgroup uid 10021 pid 6369 in 46ms
12-27 18:15:16.839   926   950 W system_server: kill(-6349, 9) failed: No such process
12-27 18:15:16.881   926   950 W system_server: kill(-6349, 9) failed: No such process
12-27 18:15:16.881   926   950 I system_server: Successfully killed process cgroup uid 10069 pid 6349 in 41ms
12-27 18:15:17.145  5891  5891 I chatty  : uid=1047(cameraserver) /system/bin/cameraserver expire 37 lines
12-27 18:15:17.185  7635  7635 I chatty  : uid=1047(cameraserver) /system/bin/cameraserver expire 1 line
12-27 18:15:17.187  5891  5891 I chatty  : uid=1047(cameraserver) /system/bin/cameraserver expire 5 lines
12-27 18:15:17.189   486   754 I ThermalEngine: Thermal-Server: Adding thermal event listener on fd 60
12-27 18:15:17.189  5891  7635 I chatty  : uid=1047(cameraserver) /system/bin/cameraserver expire 4 lines
12-27 18:15:17.189  5891  7340 I chatty  : uid=1047(cameraserver) /system/bin/cameraserver expire 2 lines
12-27 18:15:17.191  5891  5891 I chatty  : uid=1047(cameraserver) /system/bin/cameraserver expire 2 lines
12-27 18:15:17.191  5891  7342 I chatty  : uid=1047(cameraserver) /system/bin/cameraserver expire 1 line
12-27 18:15:17.192  5891  5891 I chatty  : uid=1047(cameraserver) /system/bin/cameraserver expire 15 lines
12-27 18:15:17.195   926   950 W system_server: kill(-6574, 9) failed: No such process
12-27 18:15:17.200   486   754 I ThermalEngine: Thermal-Server: removing client on fd 60
12-27 18:15:17.217  5891  7641 I chatty  : uid=1047(cameraserver) /system/bin/cameraserver expire 1 line
12-27 18:15:17.239   926   950 W system_server: kill(-6574, 9) failed: No such process
12-27 18:15:17.239   926   950 I system_server: Successfully killed process cgroup uid 10066 pid 6574 in 43ms
12-27 18:15:17.633   926   950 W system_server: kill(-6595, 9) failed: No such process
12-27 18:15:17.675   926   950 W system_server: kill(-6595, 9) failed: No such process
12-27 18:15:17.675   926   950 I system_server: Successfully killed process cgroup uid 10034 pid 6595 in 41ms
12-27 18:15:18.039  5981  6853 I ProcessCheckinRequest:   l: "com.android.media.remotedisplay"
12-27 18:15:18.039  5981  6853 I ProcessCheckinRequest:   l: "com.android.mediadrm.signer"
12-27 18:15:18.039  5981  6853 I ProcessCheckinRequest:   l: "com.google.android.media.effects"
12-27 18:15:19.873  5891  5891 I chatty  : uid=1047(cameraserver) /system/bin/cameraserver expire 19 lines
12-27 18:15:19.888   486   754 I ThermalEngine: Thermal-Server: Adding thermal event listener on fd 60
12-27 18:15:19.911   486   754 I ThermalEngine: Thermal-Server: removing client on fd 60
12-27 18:15:20.682   926  4046 W AlarmManager: Unrecognized alarm listener com.android.server.wifi.WifiConfigStore$1@9eaeea9
12-27 18:15:21.995  5656  7238 I GCoreUlr: Starting service, intent=Intent { act=com.google.android.location.reporting.ACTION_UPDATE_WORLD cmp=com.google.android.gms/com.google.android.location.reporting.service.DispatchingService (has extras) }, extras=Bundle[{receiverAction=com.google.android.location.internal.server.ACTION_RESTARTED}]
12-27 18:15:22.023  5656  7303 I GCoreUlr: WorldUpdater received intent Intent { act=com.google.android.location.reporting.ACTION_UPDATE_WORLD cmp=com.google.android.gms/com.google.android.location.reporting.service.DispatchingService (has extras) } with receiverAction com.google.android.location.internal.server.ACTION_RESTARTED
12-27 18:15:22.096  5656  7303 I GCoreUlr: WorldUpdater:com.google.android.location.internal.server.ACTION_RESTARTED: Ensuring that reporting is active for [account#12#]
12-27 18:15:22.102  5981  5981 E ChimeraProxyRslvr: Failed to instantiate com.google.android.gms.checkin.CheckinChimeraService$Receiver: java.lang.ClassNotFoundException: Didn't find class "com.google.android.gms.checkin.CheckinChimeraService$Receiver" on path: DexPathList[[zip file "/system/framework/com.android.media.remotedisplay.jar", zip file "/system/framework/com.android.location.provider.jar", zip file "/system/priv-app/PrebuiltGmsCore/PrebuiltGmsCore.apk"],nativeLibraryDirectories=[/data/user_de/0/com.google.android.gms/app_extracted_libs/arm64-v8a, /system/priv-app/PrebuiltGmsCore/lib/arm64, /system/fake-libs64, /system/priv-app/PrebuiltGmsCore/PrebuiltGmsCore.apk!/lib/arm64-v8a, /system/lib64, /system/vendor/lib64, /system/lib64, /system/vendor/lib64]]
12-27 18:15:22.525  5891  5891 I cameraserver: type=1400 audit(0.0:770): avc: denied { sendto } for path="/data/misc/camera/cam_socket2" scontext=u:r:cameraserver:s0 tcontext=u:r:init:s0 tclass=unix_dgram_socket permissive=1
12-27 18:15:22.573   504   504 I mm-qcamera-daem: type=1400 audit(0.0:771): avc: denied { use } for path="anon_inode:dmabuf" dev="anon_inodefs" ino=9277 scontext=u:r:init:s0 tcontext=u:r:cameraserver:s0 tclass=fd permissive=1
12-27 18:15:22.587   486   754 I ThermalEngine: Thermal-Server: Adding thermal event listener on fd 60
12-27 18:15:22.597  5981  6653 I ServiceManager: Waiting for service media.camera...
12-27 18:15:22.598   486   754 I ThermalEngine: Thermal-Server: removing client on fd 60
12-27 18:15:23.597  5981  6653 I ServiceManager: Waiting for service media.camera...
12-27 18:15:24.598  5981  6653 I ServiceManager: Waiting for service media.camera...
12-27 18:15:25.224   926   950 W system_server: kill(-6654, 9) failed: No such process
12-27 18:15:25.270   926   950 W system_server: kill(-6654, 9) failed: No such process
12-27 18:15:25.270   926   950 I system_server: Successfully killed process cgroup uid 10032 pid 6654 in 46ms
12-27 18:15:25.373  7983  7983 I cameraserver: type=1400 audit(0.0:805): avc: denied { write } for name="thermal-send-client" dev="tmpfs" ino=15346 scontext=u:r:cameraserver:s0 tcontext=u:object_r:socket_device:s0 tclass=sock_file permissive=1
12-27 18:15:25.379   486   754 I ThermalEngine: Thermal-Server: Adding thermal event listener on fd 60
12-27 18:15:25.404   486   754 I ThermalEngine: Thermal-Server: removing client on fd 60
12-27 18:15:25.431   926   950 W system_server: kill(-6711, 9) failed: No such process
12-27 18:15:25.475   926   950 W system_server: kill(-6711, 9) failed: No such process
12-27 18:15:25.475   926   950 I system_server: Successfully killed process cgroup uid 10067 pid 6711 in 44ms
12-27 18:15:25.599  5981  6653 I ServiceManager: Waiting for service media.camera...
12-27 18:15:26.241   926   950 W system_server: kill(-5819, 9) failed: No such process
12-27 18:15:26.287   926   950 W system_server: kill(-5819, 9) failed: No such process
12-27 18:15:26.287   926   950 I system_server: Successfully killed process cgroup uid 10061 pid 5819 in 45ms
12-27 18:15:27.100  5981  6653 I ServiceManager: Waiting for service media.camera...
12-27 18:15:27.826   926   950 W system_server: kill(-7041, 9) failed: No such process
12-27 18:15:27.871   926   950 W system_server: kill(-7041, 9) failed: No such process
12-27 18:15:27.871   926   950 I system_server: Successfully killed process cgroup uid 10031 pid 7041 in 45ms
12-27 18:15:28.101  5981  6653 I ServiceManager: Waiting for service media.camera...
12-27 18:15:28.114   486   754 I ThermalEngine: Thermal-Server: Adding thermal event listener on fd 60
12-27 18:15:28.159   486   754 I ThermalEngine: Thermal-Server: removing client on fd 60
12-27 18:15:31.994   926  4525 I ActivityManager: Killing 6556:android.process.media/u0a8 (adj 906): empty #17
12-27 18:15:31.995   926   950 W system_server: kill(-6556, 9) failed: No such process
12-27 18:15:32.041   926   950 W system_server: kill(-6556, 9) failed: No such process
12-27 18:15:32.041   926   950 I system_server: Successfully killed process cgroup uid 10008 pid 6556 in 45ms
12-27 18:15:32.042   926   950 W system_server: kill(-6894, 9) failed: No such process
12-27 18:15:32.042   926   950 I system_server: Successfully killed process cgroup uid 10031 pid 6894 in 0ms
12-27 18:15:32.173   926   950 W system_server: kill(-7511, 9) failed: No such process
12-27 18:15:32.220   926   950 W system_server: kill(-7511, 9) failed: No such process
12-27 18:15:32.220   926   950 I system_server: Successfully killed process cgroup uid 10078 pid 7511 in 46ms
12-27 18:15:39.440   926   950 W system_server: kill(-6221, 9) failed: No such process
12-27 18:15:39.483   926   950 W system_server: kill(-6221, 9) failed: No such process
12-27 18:15:39.484   926   950 I system_server: Successfully killed process cgroup uid 10045 pid 6221 in 43ms
12-27 18:15:49.526   926   950 W system_server: kill(-7594, 9) failed: No such process
12-27 18:15:49.571   926   950 W system_server: kill(-7594, 9) failed: No such process
12-27 18:15:49.571   926   950 I system_server: Successfully killed process cgroup uid 10051 pid 7594 in 45ms
12-27 18:15:49.572   926   950 W system_server: kill(-7571, 9) failed: No such process
12-27 18:15:49.572   926   950 I system_server: Successfully killed process cgroup uid 1000 pid 7571 in 0ms
12-27 18:15:51.070   926  5898 E IzatSvc_OSObserver: I/LocTech-Label :: OSOBSERVER :: Data Items In
12-27 18:15:51.070   926  5898 E IzatSvc_OSObserver: I/LocTech-Value :: Data Item Value: IS_QUALCOMM_ENHANCED_PROVIDER_ENABLED: false
12-27 18:15:51.073   926  5898 E IzatSvc_OSObserver: I/LocTech-Label :: OSOBSERVER :: Data Items In
12-27 18:15:51.073   926  5898 E IzatSvc_OSObserver: I/LocTech-Value :: Data Item Value: ACTIVE_NETWORK_INFO::TYPE: 100, TYPE_NAME: WIFI, SUB_TYPE_NAME: , IS_AVAILABLE: true, IS_CONNECTED: true, IS_ROAMING: false
12-27 18:15:51.083   926  5898 E IzatSvc_OSObserver: I/LocTech-Label :: OSOBSERVER :: Data Items In
12-27 18:15:51.083   926  5898 E IzatSvc_OSObserver: I/LocTech-Value :: Data Item Value: MCCMNC: -+202|01
12-27 18:15:51.085   926  5898 E IzatSvc_OSObserver: I/LocTech-Label :: OSOBSERVER :: Data Items In
12-27 18:15:51.085   926  5898 E IzatSvc_OSObserver: I/LocTech-Value :: Data Item Value: IS_QUALCOMM_ENHANCED_PROVIDER_ENABLED: false
12-27 18:15:51.088   926  5898 E IzatSvc_OSObserver: I/LocTech-Label :: OSOBSERVER :: Data Items In
12-27 18:15:51.088   926  5898 E IzatSvc_OSObserver: I/LocTech-Value :: Data Item Value: TAC: 35987206
12-27 18:15:51.090   926  5898 E IzatSvc_OSObserver: I/LocTech-Label :: OSOBSERVER :: Data Items In
12-27 18:15:51.090   926  5898 E IzatSvc_OSObserver: I/LocTech-Value :: Data Item Value: IS_POWER_CONNECTED: true
12-27 18:15:51.100   926  5898 E IzatSvc_OSObserver: I/LocTech-Label :: OSOBSERVER :: Data Items In
12-27 18:15:51.100   926  5898 E IzatSvc_OSObserver: I/LocTech-Value :: Data Item Value: IS_QUALCOMM_ENHANCED_PROVIDER_ENABLED: false
12-27 18:15:51.101   926  5898 E IzatSvc_OSObserver: I/LocTech-Value :: Data Item Value: IS_WIFI_HARDWARE_ON: true
12-27 18:15:51.101   926  5898 E IzatSvc_OSObserver: I/LocTech-Value :: Data Item Value: IS_AIRPLANE_MODE_ON: false
12-27 18:15:51.108   926  5898 E IzatSvc_OSObserver: I/LocTech-Label :: OSOBSERVER :: Data Items In
12-27 18:15:51.108   926  5898 E IzatSvc_OSObserver: I/LocTech-Value :: Data Item Value: IS_QUALCOMM_ENHANCED_PROVIDER_ENABLED: false
12-27 18:15:51.108   926  5898 E IzatSvc_OSObserver: I/LocTech-Value :: Data Item Value: IS_WIFI_HARDWARE_ON: true
12-27 18:15:51.108   926  5898 E IzatSvc_OSObserver: I/LocTech-Value :: Data Item Value: IS_AIRPLANE_MODE_ON: false
12-27 18:15:51.118   926  5898 E IzatSvc_OSObserver: I/LocTech-Label :: OSOBSERVER :: Data Items In
12-27 18:15:51.118   926  5898 E IzatSvc_OSObserver: I/LocTech-Value :: Data Item Value: IS_QUALCOMM_ENHANCED_PROVIDER_ENABLED: false
12-27 18:15:51.118   926  5898 E IzatSvc_OSObserver: I/LocTech-Value :: Data Item Value: IS_WIFI_HARDWARE_ON: true
12-27 18:15:51.118   926  5898 E IzatSvc_OSObserver: I/LocTech-Value :: Data Item Value: IS_AIRPLANE_MODE_ON: false
12-27 18:15:51.118   926  5898 E IzatSvc_OSObserver: I/LocTech-Value :: Data Item Value: IS_GPS_PROVIDER_ENABLED: true
12-27 18:15:51.118   926  5898 E IzatSvc_OSObserver: I/LocTech-Value :: Data Item Value: IS_NETWORK_PROVIDER_ENABLED: true
12-27 18:15:51.118   926  5898 E IzatSvc_OSObserver: I/LocTech-Value :: Data Item Value: IS_AIRPLANE_MODE_ON: false
12-27 18:15:51.119   926  5898 E IzatSvc_OSObserver: I/LocTech-Label :: OSOBSERVER :: Data Items In
12-27 18:15:51.119   926  5898 E IzatSvc_OSObserver: I/LocTech-Value :: Data Item Value: ACTIVE_NETWORK_INFO::TYPE: 100, TYPE_NAME: WIFI, SUB_TYPE_NAME: , IS_AVAILABLE: true, IS_CONNECTED: true, IS_ROAMING: false
12-27 18:15:51.126   926  5898 E IzatSvc_OSObserver: I/LocTech-Label :: OSOBSERVER :: Data Items In
12-27 18:15:51.126   926  5898 E IzatSvc_OSObserver: I/LocTech-Value :: Data Item Value: MCCMNC: -+202|01
12-27 18:15:51.128   926  5898 E IzatSvc_OSObserver: I/LocTech-Label :: OSOBSERVER :: Data Items In
12-27 18:15:51.129   926  5898 E IzatSvc_OSObserver: I/LocTech-Value :: Data Item Value: Attach state: 9, Mac address valid: true, AP MAC address: [08:bd:43:84:e4:44], Wifi-Ap SSID Valid: true, SSID: Forthnet
12-27 18:15:54.308   926  5898 E IzatSvc_OSObserver: I/LocTech-Label :: OSOBSERVER :: Data Items In
12-27 18:15:54.308   926  5898 E IzatSvc_OSObserver: I/LocTech-Value :: Data Item Value: IS_SCREEN_ON: true
12-27 18:15:55.261   959   959 I PowerManagerSer: type=1400 audit(0.0:842): avc: denied { read write } for path="/dev/kgsl-3d0" dev="tmpfs" ino=10549 scontext=u:r:system_server:s0 tcontext=u:object_r:device:s0 tclass=chr_file permissive=1
12-27 18:15:56.011   926  5898 E IzatSvc_OSObserver: I/LocTech-Label :: OSOBSERVER :: Data Items In
12-27 18:15:56.011   926  5898 E IzatSvc_OSObserver: I/LocTech-Value :: Data Item Value: IS_SCREEN_ON: false
12-27 18:15:56.921   926  5898 E IzatSvc_OSObserver: I/LocTech-Label :: OSOBSERVER :: Data Items In
12-27 18:15:56.921   926  5898 E IzatSvc_OSObserver: I/LocTech-Value :: Data Item Value: IS_SCREEN_ON: true
12-27 18:15:58.586  5981  8325 I Authzen : [DeviceStateSyncManager] The server is in sync with current state. Nothing to do
12-27 18:15:58.925  5981  5981 V MediaRouter: Adding route: RouteInfo{ name=Τηλέφωνο, description=null, status=null, category=RouteCategory{ name=Σύστημα types=ROUTE_TYPE_LIVE_AUDIO ROUTE_TYPE_LIVE_VIDEO  groupable=false }, supportedTypes=ROUTE_TYPE_LIVE_AUDIO ROUTE_TYPE_LIVE_VIDEO , presentationDisplay=null }
12-27 18:15:58.930  5981  5981 V MediaRouter: Selecting route: RouteInfo{ name=Τηλέφωνο, description=null, status=null, category=RouteCategory{ name=Σύστημα types=ROUTE_TYPE_LIVE_AUDIO ROUTE_TYPE_LIVE_VIDEO  groupable=false }, supportedTypes=ROUTE_TYPE_LIVE_AUDIO ROUTE_TYPE_LIVE_VIDEO , presentationDisplay=null }
12-27 18:15:58.933  5981  5981 I MediaRouter: Found default route: MediaRouter.RouteInfo{ uniqueId=android/acb:DEFAULT_ROUTE, name=Τηλέφωνο, description=null, iconUri=null, enabled=true, connecting=false, connectionState=0, canDisconnect=false, playbackType=0, playbackStream=3, deviceType=0, volumeHandling=1, volume=5, volumeMax=15, presentationDisplayId=-1, extras=null, settingsIntent=null, providerPackageName=android }
12-27 18:15:58.934  5981  5981 I MediaRouter: Unselecting the current route because it is no longer selectable: null
12-27 18:15:58.945  5981  5981 V MediaRouter: Selecting route: RouteInfo{ name=Τηλέφωνο, description=null, status=null, category=RouteCategory{ name=Σύστημα types=ROUTE_TYPE_LIVE_AUDIO ROUTE_TYPE_LIVE_VIDEO  groupable=false }, supportedTypes=ROUTE_TYPE_LIVE_AUDIO ROUTE_TYPE_LIVE_VIDEO , presentationDisplay=null }
12-27 18:15:58.969  7321  7321 I EntryActivation: Entry activation content observer disabled.
12-27 18:15:59.050  6428  6428 I Finsky  : [2] com.google.android.finsky.dc.c.a(73): Skipping DFE self-update. Local Version [80853900] >= Server Version [-1]
12-27 18:16:00.023  6428  6486 I PlayCommon: [30] com.google.android.play.a.h.a(503): Connecting to server: https://play.googleapis.com/play/log?format=raw&proto_v2=true
12-27 18:16:04.682  7438  8422 D Babel_RTCS: Server response skipping listeners for non-positive request id
12-27 18:16:04.683  7438  7438 D Babel_RTCS: Server response skipping listeners for non-positive request id
12-27 18:16:07.704   926   950 W system_server: kill(-7652, 9) failed: No such process
12-27 18:16:07.750   926   950 W system_server: kill(-7652, 9) failed: No such process
12-27 18:16:07.750   926   950 I system_server: Successfully killed process cgroup uid 10007 pid 7652 in 46ms
12-27 18:16:08.770  7321  8491 I Delight5Decoder: loadLanguageModel() : Notify observers
12-27 18:16:09.300   926  6821 W Binder  : 	at com.android.server.autofill.Session$1.send(Session.java:227)
12-27 18:16:09.300   926  6821 W Binder  : 	at com.android.server.am.ActivityManagerService.reportAssistContextExtras(ActivityManagerService.java:13275)
12-27 18:16:09.300   926  6821 W Binder  : 	at com.android.server.am.ActivityManagerService.onTransact(ActivityManagerService.java:2922)
12-27 18:16:15.793  8567  8567 I RenderThread: type=1400 audit(0.0:865): avc: denied { read write } for path="/dev/kgsl-3d0" dev="tmpfs" ino=10549 scontext=u:r:system_server:s0 tcontext=u:object_r:device:s0 tclass=chr_file permissive=1
12-27 18:16:16.263   926   950 W system_server: kill(-5357, 9) failed: No such process
12-27 18:16:16.300   926  3401 W InputDispatcher: channel '2f67a3a com.google.android.talk/com.google.android.talk.SigningInActivity (server)' ~ Consumer closed input channel or an error occurred.  events=0x9
12-27 18:16:16.300   926  3401 E InputDispatcher: channel '2f67a3a com.google.android.talk/com.google.android.talk.SigningInActivity (server)' ~ Channel is unrecoverably broken and will be disposed!
12-27 18:16:16.300   926  5733 W InputDispatcher: Attempted to unregister already unregistered input channel '2f67a3a com.google.android.talk/com.google.android.talk.SigningInActivity (server)'
12-27 18:16:16.303   926   950 W system_server: kill(-5357, 9) failed: No such process
12-27 18:16:16.303   926   950 I system_server: Successfully killed process cgroup uid 10018 pid 5357 in 39ms
12-27 18:16:16.303   926   950 W system_server: kill(-7438, 9) failed: No such process
12-27 18:16:16.347   926   950 W system_server: kill(-7438, 9) failed: No such process
12-27 18:16:16.348   926   950 I system_server: Successfully killed process cgroup uid 10079 pid 7438 in 44ms
12-27 18:16:20.795   926  5708 W Binder  : 	at com.android.server.autofill.Session$1.send(Session.java:227)
12-27 18:16:20.795   926  5708 W Binder  : 	at com.android.server.am.ActivityManagerService.reportAssistContextExtras(ActivityManagerService.java:13275)
12-27 18:16:20.795   926  5708 W Binder  : 	at com.android.server.am.ActivityManagerService.onTransact(ActivityManagerService.java:2922)
12-27 18:16:21.721   926  5733 I ActivityManager: Start proc 8591:android.process.media/u0a8 for content provider com.android.providers.media/.MediaProvider
12-27 18:16:23.436   926   926 I GnssLocationProvider: WakeLock acquired by sendMessage(SET_REQUEST, 0, com.android.server.location.GnssLocationProvider$GpsRequest@3a30af9)
12-27 18:16:23.438   926   947 I GnssLocationProvider: WakeLock released by handleMessage(SET_REQUEST, 0, com.android.server.location.GnssLocationProvider$GpsRequest@3a30af9)
12-27 18:16:24.109   504   504 E mm-camera-sensor: vendor/qcom/proprietary/mm-camera/mm-camera2/media-controller/modules/sensors/chromatix/0304/chromatix_imx234/snapshot/chromatix_imx234_snapshot.c : start chromatix process 
12-27 18:16:24.109   504   504 E mm-camera-sensor: vendor/qcom/proprietary/mm-camera/mm-camera2/media-controller/modules/sensors/chromatix/0304/chromatix_imx234/snapshot/chromatix_imx234_snapshot.c : fd_chromatix=-1 
12-27 18:16:24.109   504   504 E mm-camera-sensor: vendor/qcom/proprietary/mm-camera/mm-camera2/media-controller/modules/sensors/chromatix/0304/chromatix_imx234/snapshot/chromatix_imx234_snapshot.c: chromatix : Use default params
12-27 18:16:24.109   504   504 I mm-camera-sensor: chromatix ptr vendor/qcom/proprietary/mm-camera/mm-camera2/media-controller/modules/sensors/chromatix/0304/chromatix_imx234/snapshot/chromatix_imx234_snapshot.c, 0xeebdc008
12-27 18:16:24.114   504   504 E mm-camera-sensor: vendor/qcom/proprietary/mm-camera/mm-camera2/media-controller/modules/sensors/chromatix/0304/chromatix_imx234/common/chromatix_imx234_common.c : start chromatix process 
12-27 18:16:24.114   504   504 E mm-camera-sensor: vendor/qcom/proprietary/mm-camera/mm-camera2/media-controller/modules/sensors/chromatix/0304/chromatix_imx234/common/chromatix_imx234_common.c : fd_chromatix=-1 
12-27 18:16:24.114   504   504 E mm-camera-sensor: vendor/qcom/proprietary/mm-camera/mm-camera2/media-controller/modules/sensors/chromatix/0304/chromatix_imx234/common/chromatix_imx234_common.c: chromatix : Use default params
12-27 18:16:24.114   504   504 I mm-camera-sensor: chromatix ptr vendor/qcom/proprietary/mm-camera/mm-camera2/media-controller/modules/sensors/chromatix/0304/chromatix_imx234/common/chromatix_imx234_common.c, 0xee4d3008
12-27 18:16:26.145  8076  8076 I Binder:5891_2: type=1400 audit(0.0:908): avc: denied { write } for name="cam_socket1" dev="mmcblk0p50" ino=875242 scontext=u:r:cameraserver:s0 tcontext=u:object_r:camera_data_file:s0 tclass=sock_file permissive=1
12-27 18:16:26.149   504   504 I mm-qcamera-daem: type=1400 audit(0.0:910): avc: denied { use } for path="anon_inode:dmabuf" dev="anon_inodefs" ino=9277 scontext=u:r:init:s0 tcontext=u:r:cameraserver:s0 tclass=fd permissive=1
12-27 18:16:26.162  5891  8076 F MediaProfiles: frameworks/av/media/libmedia/MediaProfiles.cpp:329 CHECK(quality != -1) failed.
12-27 18:16:26.163  5891  8076 F libc    : Fatal signal 6 (SIGABRT), code -6 in tid 8076 (Binder:5891_2), pid 5891 (cameraserver)
12-27 18:16:26.286  8701  8701 F DEBUG   : pid: 5891, tid: 8076, name: Binder:5891_2  >>> /system/bin/cameraserver <<<
12-27 18:16:26.293  8701  8701 F DEBUG   : Abort message: 'frameworks/av/media/libmedia/MediaProfiles.cpp:329 CHECK(quality != -1) failed.'
12-27 18:16:26.378  8701  8701 F DEBUG   :     #02 pc 0006b345  /system/lib/libmedia.so (android::MediaProfiles::createCamcorderProfile(int, char const**, android::Vector<int>&)+112)
12-27 18:16:26.378  8701  8701 F DEBUG   :     #03 pc 0006b83b  /system/lib/libmedia.so (android::MediaProfiles::startElementHandler(void*, char const*, char const**)+378)
12-27 18:16:26.378  8701  8701 F DEBUG   :     #07 pc 0006c059  /system/lib/libmedia.so (android::MediaProfiles::createInstanceFromXmlFile(char const*)+108)
12-27 18:16:26.378  8701  8701 F DEBUG   :     #08 pc 0006bdf5  /system/lib/libmedia.so (android::MediaProfiles::getInstance()+68)
12-27 18:16:26.557   397   397 I ServiceManager: service 'media.camera' died
12-27 18:16:26.769  8732  8732 I cameraserver: ServiceManager: 0xf1698500
12-27 18:16:27.109  8732  8732 I cameraserver: type=1400 audit(0.0:911): avc: denied { read write } for name="media0" dev="tmpfs" ino=9937 scontext=u:r:cameraserver:s0 tcontext=u:object_r:device:s0 tclass=chr_file permissive=1
12-27 18:16:27.109  8732  8732 I cameraserver: type=1400 audit(0.0:912): avc: denied { open } for path="/dev/media0" dev="tmpfs" ino=9937 scontext=u:r:cameraserver:s0 tcontext=u:object_r:device:s0 tclass=chr_file permissive=1
12-27 18:16:29.593   504   504 I mm-qcamera-daem: type=1400 audit(0.0:948): avc: denied { use } for path="anon_inode:dmabuf" dev="anon_inodefs" ino=9277 scontext=u:r:init:s0 tcontext=u:r:cameraserver:s0 tclass=fd permissive=1
12-27 18:16:29.604  8732  8732 I chatty  : uid=1047(cameraserver) /system/bin/cameraserver identical 1 line
12-27 18:16:29.605  8732  8732 I chatty  : uid=1047(cameraserver) /system/bin/cameraserver identical 3 lines
12-27 18:16:32.359  8732  8732 I chatty  : uid=1047(cameraserver) /system/bin/cameraserver identical 1 line
12-27 18:16:32.359  8732  8732 I chatty  : uid=1047(cameraserver) /system/bin/cameraserver identical 3 lines
12-27 18:16:34.220  7543  8587 I ServiceManager: Waiting for service media.camera...
12-27 18:16:35.027   486   754 I ThermalEngine: Thermal-Server: Adding thermal event listener on fd 60
12-27 18:16:35.021  8888  8888 I cameraserver: type=1400 audit(0.0:1018): avc: denied { write } for name="thermal-send-client" dev="tmpfs" ino=15346 scontext=u:r:cameraserver:s0 tcontext=u:object_r:socket_device:s0 tclass=sock_file permissive=1
12-27 18:16:35.046   486   754 I ThermalEngine: Thermal-Server: removing client on fd 60
12-27 18:16:35.221  7543  8587 I ServiceManager: Waiting for service media.camera...
12-27 18:16:36.222  7543  8587 I ServiceManager: Waiting for service media.camera...
12-27 18:16:37.222  7543  8587 I ServiceManager: Waiting for service media.camera...
12-27 18:16:37.673   486   754 I ThermalEngine: Thermal-Server: Adding thermal event listener on fd 60
12-27 18:16:37.689   486   754 I ThermalEngine: Thermal-Server: removing client on fd 60
12-27 18:16:38.724  7543  8587 I ServiceManager: Waiting for service media.camera...
12-27 18:16:39.724  7543  8587 I ServiceManager: Waiting for service media.camera...
12-27 18:16:40.410   486   754 I ThermalEngine: Thermal-Server: Adding thermal event listener on fd 60
12-27 18:16:40.445   486   754 I ThermalEngine: Thermal-Server: removing client on fd 60
12-27 18:16:40.725  7543  8587 I ServiceManager: Waiting for service media.camera...
12-27 18:16:40.908   926   950 W system_server: kill(-6776, 9) failed: No such process
12-27 18:16:40.954   926   950 W system_server: kill(-6776, 9) failed: No such process
12-27 18:16:41.001   926   950 W system_server: kill(-6776, 9) failed: No such process
12-27 18:16:41.001   926   950 I system_server: Successfully killed process cgroup uid 10072 pid 6776 in 93ms
12-27 18:16:41.726 