02-02 22:32:52.865   661   926 D HwaIppAlgoExecutor: [8bf4be9_64D] enter ~HwaIppAlgoExecutor(), algo name: SmartAE
02-02 22:32:52.865   661   926 D IppAlgoSmartAE: [8bf4be9_64D] enter ~IppAlgoSmartAE()
02-02 22:32:52.865   661   926 D SmartAEDLibLoader: [8bf4be9_64D] enter ~SmartAEDLibLoader()
02-02 22:32:52.865   661   926 I DLibLoader: [8bf4be9_64I] enter ~DLibLoader()
02-02 22:32:52.865   661   926 D HwaIppAlgoExeThread: [8bf4be9_64D] enter destroy(), algo name: IppAlgoDM
02-02 22:32:52.865   661   926 D HwaIppAlgoExeThread: [8bf4be9_64D] enter ~HwaIppAlgoExeThread(), algo name: IppAlgoDM
02-02 22:32:52.865   661   926 D HwaIppAlgoExecutor: [8bf4be9_64D] enter ~HwaIppAlgoExecutor(), algo name: IppAlgoDM
02-02 22:32:52.865   661   926 D HwaIppAlgoExeThread: [8bf4be9_64D] enter destroy(), algo name: Misc
02-02 22:32:52.865   661   926 D HwaIppAlgoExeThread: [8bf4be9_64D] enter ~HwaIppAlgoExeThread(), algo name: Misc
02-02 22:32:52.865   661   926 D HwaIppAlgoExecutor: [8bf4be9_64D] enter ~HwaIppAlgoExecutor(), algo name: Misc
02-02 22:32:52.865   661   926 D HwaIppAlgoExecutor: [8bf4be9_64D] enter ~HwaIppAlgoExecutor(), algo name: BShutterTryAE
02-02 22:32:52.865   661   926 D HwaIppAlgoExeThread: [8bf4be9_64D] enter destroy(), algo name: AssistAF
02-02 22:32:52.865   661   926 D HwaIppAlgoExeThread: [8bf4be9_64D] enter ~HwaIppAlgoExeThread(), algo name: AssistAF
02-02 22:32:52.865   661   926 D HwaIppAlgoExecutor: [8bf4be9_64D] enter ~HwaIppAlgoExecutor(), algo name: AssistAF
02-02 22:32:52.865   661   926 D AssistAF: [8bf4be9_64D] enter ~AssistAF()
02-02 22:32:52.865   661   926 D HwaIppAlgoExeThread: [8bf4be9_64D] enter destroy(), algo name: IspEnhncAlgo
02-02 22:32:52.865   661   926 D HwaIppAlgoExeThread: [8bf4be9_64D] enter ~HwaIppAlgoExeThread(), algo name: IspEnhncAlgo
02-02 22:32:52.865   661   926 D HwaIppAlgoExecutor: [8bf4be9_64D] enter ~HwaIppAlgoExecutor(), algo name: IspEnhncAlgo
02-02 22:32:52.865   661   926 I         : [8bf4be9_64I] IspEnhncAlgoIpp:enter ~~IspEnhncAlgoIpp()
02-02 22:32:52.865   661   926 D HwaIppAlgoExeThread: [8bf4be9_64D] enter destroy(), algo name: MotionDetectionAlgo
02-02 22:32:52.865   661   926 D HwaIppAlgoExeThread: [8bf4be9_64D] enter ~HwaIppAlgoExeThread(), algo name: MotionDetectionAlgo
02-02 22:32:52.865   661   926 D HwaIppAlgoExecutor: [8bf4be9_64D] enter ~HwaIppAlgoExecutor(), algo name: MotionDetectionAlgo
02-02 22:32:52.865   661   926 D HwaIppAlgoExeThread: [8bf4be9_64D] enter destroy(), algo name: AgeGender
02-02 22:32:52.865   661   926 D HwaIppAlgoExeThread: [8bf4be9_64D] enter ~HwaIppAlgoExeThread(), algo name: AgeGender
02-02 22:32:52.865   661   926 D HwaIppAlgoExecutor: [8bf4be9_64D] enter ~HwaIppAlgoExecutor(), algo name: AgeGender
02-02 22:32:52.865   661   926 D HwaIppAlgoExecutor: [8bf4be9_64D] enter ~HwaIppAlgoExecutor(), algo name: MultiScale
02-02 22:32:52.865   661   926 D HwaIppAlgoExecutor: [8bf4be9_64D] enter ~HwaIppAlgoExecutor(), algo name: SenseMgr
02-02 22:32:52.865   661   926 D SenseMgr: [8bf4be9_64D] enter ~SenseMgr()
02-02 22:32:52.865   661   926 D HwaIppAlgoExecutor: [8bf4be9_64D] enter ~HwaIppAlgoExecutor(), algo name: AfStatCalculate
02-02 22:32:52.865   661   926 D AfStatCalculate: [8bf4be9_64D] enter ~AfStatCalculate()
02-02 22:32:52.865   661   926 D HwaIppAlgoExeThread: [8bf4be9_64D] enter destroy(), algo name: ModeRecommendation
02-02 22:32:52.865   661   926 D HwaIppAlgoExeThread: [8bf4be9_64D] enter ~HwaIppAlgoExeThread(), algo name: ModeRecommendation
02-02 22:32:52.865   661   926 D HwaIppAlgoExecutor: [8bf4be9_64D] enter ~HwaIppAlgoExecutor(), algo name: ModeRecommendation
02-02 22:32:52.865   661   926 I ModeRecom: [8bf4be9_64I] enter ~ModeRecommendation()
02-02 22:32:52.865   661   926 I DLibLoader: [8bf4be9_64I] enter unloadSo(), mSoName=libhorizondetect.so
02-02 22:32:52.866   661   926 I DLibLoader: [8bf4be9_64I] enter ~DLibLoader()
02-02 22:32:52.866   661   926 I DLibLoader: [8bf4be9_64I] enter unloadSo(), mSoName=libHwDocDetection.so
02-02 22:32:52.870   661   926 I DLibLoader: [8bf4be9_64I] enter ~DLibLoader()
02-02 22:32:52.870   661   926 D HwaIppAlgoExeThread: [8bf4be9_64D] enter destroy(), algo name: ObjectDetection
02-02 22:32:52.870   661   926 D HwaIppAlgoExeThread: [8bf4be9_64D] enter ~HwaIppAlgoExeThread(), algo name: ObjectDetection
02-02 22:32:52.870   661   926 D HwaIppAlgoExecutor: [8bf4be9_64D] enter ~HwaIppAlgoExecutor(), algo name: ObjectDetection
02-02 22:32:52.870   661   926 I ObjectDetection: [8bf4be9_64I] enter ~ObjectDetection()
02-02 22:32:52.870   661   926 D HwaIppAlgoExeThread: [8bf4be9_64D] enter destroy(), algo name: CIEProxy
02-02 22:32:52.870   661   926 D HwaIppAlgoExeThread: [8bf4be9_64D] enter ~HwaIppAlgoExeThread(), algo name: CIEProxy
02-02 22:32:52.871   661   926 D HwaIppAlgoExecutor: [8bf4be9_64D] enter ~HwaIppAlgoExecutor(), algo name: CIEProxy
02-02 22:32:52.871   661   926 D         : Enter CIEProxy::~CIEProxy
02-02 22:32:52.873   661   926 I         : CIEProxyLibLoaderMgr::unLoadCIELib::dlclose lib /vendor/lib64/libcie.so successfully.
02-02 22:32:52.873   661   926 I HwaStatInfo: [8bf4be9_64I] enter uninitialize()
02-02 22:32:52.873   661   926 D HwaIppPluginImpl: [8bf4be9_64D] FRMC_ this=0x7d6f451400, ipptype=0, exit  destroy()
02-02 22:32:52.873   661   926 D IppAlgo : [HWA_CAM3]FRMC_ this=0x7d6f4a1d80, ipptype=0, name=StatIpp, exit destroyPlugin()
02-02 22:32:52.873   661   926 D IppAlgo : [HWA_CAM3]FRMC_ this=0x7d6f4a24f8, ipptype=4096, name=DmapIpp, enter destroyPlugin()
02-02 22:32:52.873   661   926 D HwaIppPluginImpl: [8bf4be9_64D] FRMC_ this=0x7d6f5a2000, ipptype=4096, enter destroy()
02-02 22:32:52.873   661   926 D HwaIppPluginImpl: [8bf4be9_64D] FRMC_ this=0x7d6f5a2000, ipptype=4096, exit  destroy()
02-02 22:32:52.873   661   926 D IppAlgo : [HWA_CAM3]FRMC_ this=0x7d6f4a24f8, ipptype=4096, name=DmapIpp, exit destroyPlugin()
02-02 22:32:52.873   661   926 D IppAlgo : [HWA_CAM3]FRMC_ this=0x7d6f4a3320, ipptype=4096, name=PreviewVideoIpp, enter destroyPlugin()
02-02 22:32:52.873   661   926 D HwaIppPluginImpl: [8bf4be9_64D] FRMC_ this=0x7d6f5a7000, ipptype=4112, enter destroy()
02-02 22:32:52.873   661   926 D HwaIppPluginImpl: [8bf4be9_64D] FRMC_ this=0x7d6f5a7000, ipptype=4112, exit  destroy()
02-02 22:32:52.873   661   926 D IppAlgo : [HWA_CAM3]FRMC_ this=0x7d6f4a3320, ipptype=4096, name=PreviewVideoIpp, exit destroyPlugin()
02-02 22:32:52.873   661   926 D IppAlgo : [HWA_CAM3]FRMC_ this=0x7d6f4a36d0, ipptype=4096, name=RecordVideoIpp, enter destroyPlugin()
02-02 22:32:52.873   661   926 D HwaIppPluginImpl: [8bf4be9_64D] FRMC_ this=0x7d6f5a8400, ipptype=4113, enter destroy()
02-02 22:32:52.873   661   926 D HwaIppPluginImpl: [8bf4be9_64D] FRMC_ this=0x7d6f5a8400, ipptype=4113, exit  destroy()
02-02 22:32:52.873   661   926 D IppAlgo : [HWA_CAM3]FRMC_ this=0x7d6f4a36d0, ipptype=4096, name=RecordVideoIpp, exit destroyPlugin()
02-02 22:32:52.873   661   926 D PpAlgo  : [HWA_CAM3]algo=PostPp KEY_CA_CAM3 SNAP enter notifyCameraClose snapShotId=0
02-02 22:32:52.873   661   926 D HwaPPExecuter: [8bf4be9_64D] SNAP ALGO enter notifyCameraClose
02-02 22:32:52.873   661   926 D EventCallbackImpl: [HWA_CAM3]enter notifyStopPostProc()
02-02 22:32:52.873   661   926 D PpAlgo  : [HWA_CAM3]algo=ForePp KEY_CA_CAM3 SNAP enter notifyFpCameraClose snapShotId=0
02-02 22:32:52.873   661   926 D AlgoFilterManager: [HWA_CAM3]KEY_CA_CAM3 exit destroyPlugin, mPipeLineId=0, mIsPlugInCreated=0
02-02 22:32:52.873   661   926 D ImagingSystem: STAGELIFECTRL end to detach every StageBase, pipelineId=4
02-02 22:32:52.882 32634 32634 V CAM_TexViewHelper: updateTransform
02-02 22:32:52.882 32634 32634 V CAM_CameraAppUI: SurfaceTexture is available
02-02 22:32:52.883 32634 32634 D CAM_CaptureModule: onSurfaceTextureAvailable
02-02 22:32:52.883 32634 32634 D CAM_CaptureModule: updatePreviewTransform: 1080 x 2240
02-02 22:32:52.883 32634 32634 V CAM_TexViewHelper: setAspectRatio: NaN
02-02 22:32:52.883 32634 32634 V CAM_TexViewHelper: aspect ratio changed from: NaN
02-02 22:32:52.884 32634 32634 I CAM_FocusRingView: Computing center via view bounds.
02-02 22:32:52.897   949   994 I ActivityManager: Displayed com.android.camera2/com.android.camera.CameraActivity: +776ms
02-02 22:32:52.973   661   907 I         : mempoolcfg case CLEAR_ALL, handleMessage
02-02 22:32:53.062   598  1031 W SurfaceFlinger: Attempting to set client state on removed layer: Splash Screen com.android.camera2#0
02-02 22:32:53.062   598  1031 W SurfaceFlinger: Attempting to destroy on removed layer: Splash Screen com.android.camera2#0
02-02 22:32:53.170   595   595 E WifiHAL : enter wifi_get_link_stats
02-02 22:32:54.545   678   900 D fpc_fingerprint_hal: wait_finger_down, took 2056 ms
02-02 22:32:54.549 32634 32634 W ViewRootImpl[CameraActivity]: Dropping event due to no window focus: KeyEvent { action=ACTION_DOWN, keyCode=KEYCODE_UNKNOWN, scanCode=117, metaState=0, flags=0x8, repeatCount=0, eventTime=22438874, downTime=22438874, deviceId=1, source=0x101 }
02-02 22:32:54.550 32634 32634 W ViewRootImpl[CameraActivity]: Cancelling event due to no window focus: KeyEvent { action=ACTION_UP, keyCode=KEYCODE_UNKNOWN, scanCode=117, metaState=0, flags=0x28, repeatCount=0, eventTime=22438875, downTime=22438874, deviceId=1, source=0x101 }
02-02 22:32:54.550 32634 32634 I chatty  : uid=10105(com.android.camera2) identical 4 lines
02-02 22:32:54.551 32634 32634 W ViewRootImpl[CameraActivity]: Cancelling event due to no window focus: KeyEvent { action=ACTION_UP, keyCode=KEYCODE_UNKNOWN, scanCode=117, metaState=0, flags=0x28, repeatCount=0, eventTime=22438875, downTime=22438874, deviceId=1, source=0x101 }
02-02 22:32:54.551 32634 32634 W ViewRootImpl[CameraActivity]: Cancelling event due to no window focus: KeyEvent { action=ACTION_UP, keyCode=KEYCODE_UNKNOWN, scanCode=117, metaState=0, flags=0x228, repeatCount=0, eventTime=22438875, downTime=22438874, deviceId=1, source=0x101 }
02-02 22:32:54.700   678   900 D fpc_fingerprint_hal: [fph_nav]  send event 174
02-02 22:32:54.700   678   900 D fpc_fingerprint_hal: imonitor_send_nav_data check_click_no_need_report
02-02 22:32:54.551 32634 32634 I chatty  : uid=10105(com.android.camera2) identical 1 line
02-02 22:32:54.551 32634 32634 W ViewRootImpl[CameraActivity]: Cancelling event due to no window focus: KeyEvent { action=ACTION_UP, keyCode=KEYCODE_UNKNOWN, scanCode=117, metaState=0, flags=0x228, repeatCount=0, eventTime=22438875, downTime=22438874, deviceId=1, source=0x101 }
02-02 22:32:54.857   949   992 D AutofillManagerService: Close system dialogs
02-02 22:32:54.861 30321 30321 V StatusBar: mStatusBarWindow: com.android.systemui.statusbar.phone.StatusBarWindowView{3d5c86e V.ED..... ........ 0,0-1080,71} canPanelBeCollapsed(): false
02-02 22:32:54.862   949   987 I ActivityManager: START u0 {act=android.intent.action.MAIN cat=[android.intent.category.HOME] flg=0x10200000 cmp=com.android.launcher3/co.aoscp.lovegood.LunaLauncher (has extras)} from uid 1000
02-02 22:32:54.864 30321 30321 I vol.Events: writeEvent dismiss_dialog volume_controller
02-02 22:32:54.875 32634 32634 V CAM_QuickActivity: START onPause: Activity = com.android.camera.CameraActivity@a171467
02-02 22:32:54.875 32634 32634 V CAM_QuickActivity: onPause --> onPauseTasks()
02-02 22:32:54.877 32634 32634 V CAM_Profiler: [  0,000ms][ui] GUARD: CameraActivity.onPause - START
02-02 22:32:54.887   598  1031 E BufferQueueProducer: [com.android.camera2/com.android.camera.CameraActivity#0] disconnect: not connected (req=1)
02-02 22:32:54.888 32634 32759 W libEGL  : EGLNativeWindowType 0x738a54c010 disconnect failed
02-02 22:32:54.893 32634 32634 V CAM_Profiler: [  0,000ms][ui] GUARD: CaptureModule.closeCamera() - START
02-02 22:32:54.894 32634 32634 V CAM_Profiler: [  1,232ms][ui] GUARD: CaptureModule.closeCamera() - [ 1,232ms] mCameraOpenCloseLock.acquire()
02-02 22:32:54.895 32634 32634 V CAM_Profiler: [  1,671ms][ui] GUARD: CaptureModule.closeCamera() - STOP
02-02 22:32:54.895 32634 32634 V CAM_CameraActivity: onPause closing camera
02-02 22:32:54.895 32634 32634 V CAM_CameraController: Closing camera
02-02 22:32:54.896 32634 32654 W CAM2PORT_AndCamAgntImp: Releasing camera without any camera opened.
02-02 22:32:54.897 32634 32634 I CAM_Profiler: [ 21,223ms][ui] GUARD: CameraActivity.onPause - STOP
02-02 22:32:54.897 32634 32634 V CAM_QuickActivity: END onPause: Activity = com.android.camera.CameraActivity@a171467
02-02 22:32:54.916 23067 23099 D mali_winsys: EGLint new_window_surface(egl_winsys_display *, void *, EGLSurface, EGLConfig, egl_winsys_surface **, EGLBoolean) returns 0x3000
02-02 22:32:54.919   562   740 I GRALLOC : getCallingPid=598, shrFd=20,fmt=0x1,intFmt=0x200000001,btStrd=4352,size=9904128,pid=562 
02-02 22:32:54.919   562   740 I GRALLOC : 	 yuv=2,w=1080,h=2240,Stride u=0 v=0,offset u=0 v=0 
02-02 22:32:54.919   562   740 I GRALLOC : 	 iova_size=9904128,conUsg=0xb00,proUsg=0xb00,	 strd=1088,[afbc]HdrStrd=1088 PyldStrd=69632 Scrmbl=2,ionhnd = 1 
02-02 22:32:54.922   562   562 I GRALLOC : getCallingPid=598, shrFd=20,fmt=0x1,intFmt=0x200000001,btStrd=4352,size=9904128,pid=562 
02-02 22:32:54.922   562   562 I GRALLOC : 	 yuv=2,w=1080,h=2240,Stride u=0 v=0,offset u=0 v=0 
02-02 22:32:54.922   562   562 I GRALLOC : 	 iova_size=9904128,conUsg=0xb00,proUsg=0xb00,	 strd=1088,[afbc]HdrStrd=1088 PyldStrd=69632 Scrmbl=2,ionhnd = 1 
02-02 22:32:54.924   562   740 I GRALLOC : getCallingPid=598, shrFd=20,fmt=0x1,intFmt=0x200000001,btStrd=4352,size=9904128,pid=562 
02-02 22:32:54.924   562   740 I GRALLOC : 	 yuv=2,w=1080,h=2240,Stride u=0 v=0,offset u=0 v=0 
02-02 22:32:54.924   562   740 I GRALLOC : 	 iova_size=9904128,conUsg=0xb00,proUsg=0xb00,	 strd=1088,[afbc]HdrStrd=1088 PyldStrd=69632 Scrmbl=2,ionhnd = 1 
02-02 22:32:54.943 32634 32634 V CAM_QuickActivity: START onStop: Activity = com.android.camera.CameraActivity@a171467
02-02 22:32:54.943 32634 32634 D CAM_LcyLocProvider: disconnect
02-02 22:32:54.943 32634 32634 V CAM_QuickActivity: END onStop: Activity = com.android.camera.CameraActivity@a171467
02-02 22:32:54.970   598  1031 E BufferQueueProducer: [com.android.camera2/com.android.camera.CameraActivity#1] disconnect: not connected (req=1)
02-02 22:32:54.971 32634 32759 W libEGL  : EGLNativeWindowType 0x73806e3010 disconnect failed
02-02 22:32:54.999 23067 23091 I RunnerModule: Event Bus thread priority is now -2
02-02 22:32:55.001   598   638 D SurfaceFlinger: duplicate layer name: changing com.android.launcher3/co.aoscp.lovegood.LunaLauncher to com.android.launcher3/co.aoscp.lovegood.LunaLauncher#1
02-02 22:32:55.008 26353 26569 D mali_winsys: EGLint new_window_surface(egl_winsys_display *, void *, EGLSurface, EGLConfig, egl_winsys_surface **, EGLBoolean) returns 0x3000
02-02 22:32:55.013   562   740 I GRALLOC : getCallingPid=598, shrFd=20,fmt=0x1,intFmt=0x200000001,btStrd=4352,size=9904128,pid=562 
02-02 22:32:55.013   562   740 I GRALLOC : 	 yuv=2,w=1080,h=2240,Stride u=0 v=0,offset u=0 v=0 
02-02 22:32:55.013   562   740 I GRALLOC : 	 iova_size=9904128,conUsg=0xb00,proUsg=0xb00,	 strd=1088,[afbc]HdrStrd=1088 PyldStrd=69632 Scrmbl=2,ionhnd = 1 
02-02 22:32:55.015 26353 26353 D PredictionsDispatcher: Got predicted apps
02-02 22:32:55.016 23067 23067 W ThreadPoolDumper: Queue length for executor EventBus is now 11. Perhaps some tasks are too long, or the pool is too small.
02-02 22:32:55.019   562   562 I GRALLOC : getCallingPid=598, shrFd=22,fmt=0x1,intFmt=0x200000001,btStrd=4352,size=9904128,pid=562 
02-02 22:32:55.019   562   562 I GRALLOC : 	 yuv=2,w=1080,h=2240,Stride u=0 v=0,offset u=0 v=0 
02-02 22:32:55.019   562   562 I GRALLOC : 	 iova_size=9904128,conUsg=0xb00,proUsg=0xb00,	 strd=1088,[afbc]HdrStrd=1088 PyldStrd=69632 Scrmbl=2,ionhnd = 2 
02-02 22:32:55.026   562  4989 I GRALLOC : getCallingPid=598, shrFd=20,fmt=0x1,intFmt=0x200000001,btStrd=4352,size=9904128,pid=562 
02-02 22:32:55.026   562  4989 I GRALLOC : 	 yuv=2,w=1080,h=2240,Stride u=0 v=0,offset u=0 v=0 
02-02 22:32:55.026   562  4989 I GRALLOC : 	 iova_size=9904128,conUsg=0xb00,proUsg=0xb00,	 strd=1088,[afbc]HdrStrd=1088 PyldStrd=69632 Scrmbl=2,ionhnd = 1 
02-02 22:32:55.034   949   986 W BroadcastQueue: Background execution not allowed: receiving Intent { act=android.intent.action.DROPBOX_ENTRY_ADDED flg=0x10 (has extras) } to com.google.android.gms/.stats.service.DropBoxEntryAddedReceiver
02-02 22:32:55.035   949   986 W BroadcastQueue: Background execution not allowed: receiving Intent { act=android.intent.action.DROPBOX_ENTRY_ADDED flg=0x10 (has extras) } to com.google.android.gms/.chimera.GmsIntentOperationService$PersistentTrustedReceiver
02-02 22:32:55.038   949   986 W BroadcastQueue: Background execution not allowed: receiving Intent { act=android.intent.action.DROPBOX_ENTRY_ADDED flg=0x10 (has extras) } to com.google.android.gms/.stats.service.DropBoxEntryAddedReceiver
02-02 22:32:55.038   949   986 W BroadcastQueue: Background execution not allowed: receiving Intent { act=android.intent.action.DROPBOX_ENTRY_ADDED flg=0x10 (has extras) } to com.google.android.gms/.chimera.GmsIntentOperationService$PersistentTrustedReceiver
02-02 22:32:55.044 23067 23091 W SessionLifecycleManager: Handover failed. Creating new session controller.
02-02 22:32:55.056   562  4989 I GRALLOC : getCallingPid=598, shrFd=20,fmt=0x1,intFmt=0x1,btStrd=4352,size=9748480,pid=562 
02-02 22:32:55.056   562  4989 I GRALLOC : 	 yuv=2,w=1080,h=2240,Stride u=0 v=0,offset u=0 v=0 
02-02 22:32:55.056   562  4989 I GRALLOC : 	 iova_size=9748480,conUsg=0x306,proUsg=0x366,	 strd=1088,[afbc]HdrStrd=0 PyldStrd=0 Scrmbl=0,ionhnd = 1 
02-02 22:32:55.092 23067 23091 I StreamController: registerScope: nowcards-15-1452b02-7a77
02-02 22:32:55.099 23067 23067 W StaticLayout: maxLineHeight should not be -1.  maxLines:1 lineCount:1
02-02 22:32:55.100 23067 23067 I chatty  : uid=10067 com.google.android.googlequicksearchbox:search identical 2 lines
02-02 22:32:55.100 23067 23067 W StaticLayout: maxLineHeight should not be -1.  maxLines:1 lineCount:1
02-02 22:32:55.104 23067 23067 W StaticLayout: maxLineHeight should not be -1.  maxLines:2 lineCount:2
02-02 22:32:55.119 23067 23067 I chatty  : uid=10067 com.google.android.googlequicksearchbox:search identical 10 lines
02-02 22:32:55.119 23067 23067 W StaticLayout: maxLineHeight should not be -1.  maxLines:2 lineCount:2
02-02 22:32:55.195 23067 32571 W LocationOracle: No location history returned by ContextManager
02-02 22:32:55.216   678   900 D fpc_fingerprint_hal: wait_finger_down, took 515 ms
02-02 22:32:55.318  8989  9086 I PlaceInferenceEngine: [anon] Changed inference mode: 0
02-02 22:32:55.322  8989  9086 I PlaceInferenceEngine: [account#1901271852] Changed inference mode: 0
02-02 22:32:55.349   678   900 D fpc_fingerprint_hal: [fph_nav]  send event 174
02-02 22:32:55.349   678   900 D fpc_fingerprint_hal: imonitor_send_nav_data check_click_no_need_report
02-02 22:32:55.370  8989  9086 I Places  : ?: PlacesBleScanner start() with priority 2
02-02 22:32:55.370  8989  9086 I PlaceInferenceEngine: [anon] Changed inference mode: 1
02-02 22:32:55.370  8989  9086 I PlaceInferenceEngine: [account#1901271852] Changed inference mode: 1
02-02 22:32:55.387  8989  9086 I Places  : Converted 0 out of 10 WiFi scans
02-02 22:32:55.390  8989  9086 I PlaceInferenceEngine: [account#1901271852] Changed inference mode: 1
02-02 22:32:55.391  8989  9086 I PlaceInferenceEngine: [anon] Changed inference mode: 1
02-02 22:32:55.397  8989   399 I PlaceInferenceEngine: No beacon scan available - ignoring candidates.
02-02 22:32:55.399  8989  8989 I BeaconBle: Client requested scan, settings=BleSettings [scanMode=ZERO_POWER, callbackType=ALL_MATCHES, reportDelayMillis=0, 1 filters, 0 clients, callingClientName=Places]
02-02 22:32:55.405  8989  8989 I BeaconBle: ZERO_POWER is disabled.
02-02 22:32:55.405  8989  8989 I BeaconBle: 'L' hardware scan: scan stopped, no powered clients
02-02 22:32:55.421  8989   399 I PlaceInferenceEngine: No beacon scan available - ignoring candidates.
02-02 22:32:55.506   949   992 D AutofillManagerService: Close system dialogs
02-02 22:32:55.508   949   987 I ActivityManager: START u0 {act=android.intent.action.MAIN cat=[android.intent.category.HOME] flg=0x10200000 cmp=com.android.launcher3/co.aoscp.lovegood.LunaLauncher (has extras)} from uid 1000
02-02 22:32:55.508 30321 30321 V StatusBar: mStatusBarWindow: com.android.systemui.statusbar.phone.StatusBarWindowView{3d5c86e V.ED..... ........ 0,0-1080,71} canPanelBeCollapsed(): false
02-02 22:32:55.509 30321 30321 I vol.Events: writeEvent dismiss_dialog volume_controller
02-02 22:32:55.522 26353 26353 D PredictionsDispatcher: Got predicted apps
02-02 22:32:55.532 23067 32583 I PBSessionCacheImpl: Deleted sessionId[427808256167] from persistence.
02-02 22:32:55.552 23067 23091 W SearchServiceCore: Abort, client detached.
02-02 22:32:55.556 23067 23091 I StreamController: cleanUpControllerScope(nowcards-15-1452b02-7a77)
02-02 22:32:55.561 23067 23091 W SessionLifecycleManager: Handover failed. Creating new session controller.
02-02 22:32:55.591   598  3120 W SurfaceFlinger: Attempting to set client state on removed layer: com.android.camera2/com.android.camera.CameraActivity#1
02-02 22:32:55.592   598  3120 W SurfaceFlinger: Attempting to set client state on removed layer: com.android.camera2/com.android.camera.CameraActivity#0
02-02 22:32:55.592   598  3120 W SurfaceFlinger: Attempting to destroy on removed layer: com.android.camera2/com.android.camera.CameraActivity#1
02-02 22:32:55.592   598  3120 W SurfaceFlinger: Attempting to destroy on removed layer: com.android.camera2/com.android.camera.CameraActivity#0
02-02 22:32:55.607 23067 23091 I StreamController: registerScope: nowcards-15-1452b02-7a77
02-02 22:32:55.617   949  7668 I OpenGLRenderer: Initialized EGL, version 1.4
02-02 22:32:55.618   949  7668 D OpenGLRenderer: Swap behavior 2
02-02 22:32:55.856   949   959 I system_server: NativeAlloc concurrent copying GC freed 84598(5MB) AllocSpace objects, 28(2MB) LOS objects, 42% free, 19MB/34MB, paused 263us total 138.638ms
02-02 22:32:55.978   661   907 I         : getTotalMemoryFromDDRInfo, buffer = 0x601
02-02 22:32:55.978   661   907 I         : , len = 6
02-02 22:32:55.978   661   907 I         : [getTotalMemoryFromDDRInfo] total memory =6291456KB
02-02 22:32:56.015   661   907 I         : HwCamMem mempoolcfg dumpMemInfo Free=2796056, Total=6291456, Pss=36628 mTimeOutCount=1
02-02 22:32:56.188   595   595 E WifiHAL : enter wifi_get_link_stats
02-02 22:32:56.424   678   900 D fpc_fingerprint_hal: wait_finger_down, took 1074 ms
02-02 22:32:56.559   949   949 W WindowManager: removeWindowToken: Attempted to remove non-existing token: android.os.Binder@b80929d
02-02 22:32:56.780   678   900 D fpc_fingerprint_hal: [fph_nav]  send event 105
02-02 22:32:56.868   678   900 D fpc_fingerprint_hal: wait_finger_down, took 88 ms
02-02 22:32:56.868   678   900 D FingerprintDevice: onAcquired(6), vendorCode(1003)
02-02 22:32:56.868   678   900 I iMonitor: create: 912000004
02-02 22:32:56.868   678   900 E iMonitor: imonitor_send_event open fail 13
02-02 22:32:56.868   678   900 I iMonitor: send: 912000004
02-02 22:32:56.868   678   900 E fpc_fingerprint_hal: imonitor_send_nav_data dimonitor_send_event failed imonitor_ret=-19
02-02 22:32:56.941   949   992 D AutofillManagerService: Close system dialogs
02-02 22:32:56.944 30321 30321 V StatusBar: mStatusBarWindow: com.android.systemui.statusbar.phone.StatusBarWindowView{3d5c86e V.ED..... ........ 0,0-1080,71} canPanelBeCollapsed(): false
02-02 22:32:56.948 30321 30321 I vol.Events: writeEvent dismiss_dialog volume_controller
02-02 22:32:57.019 17706 17723 I Finsky  : [132] com.google.android.finsky.bo.an.run(6): Stats for Executor: Db-frosting.db com.google.android.finsky.bo.ao@4f58360[Running, pool size = 0, active threads = 0, queued tasks = 0, completed tasks = 22]
02-02 22:32:57.066   949   986 W BroadcastQueue: Background execution not allowed: receiving Intent { act=android.intent.action.DROPBOX_ENTRY_ADDED flg=0x10 (has extras) } to com.google.android.gms/.stats.service.DropBoxEntryAddedReceiver
02-02 22:32:57.069   949   986 W BroadcastQueue: Background execution not allowed: receiving Intent { act=android.intent.action.DROPBOX_ENTRY_ADDED flg=0x10 (has extras) } to com.google.android.gms/.chimera.GmsIntentOperationService$PersistentTrustedReceiver
02-02 22:32:57.091   949   986 W BroadcastQueue: Background execution not allowed: receiving Intent { act=android.intent.action.DROPBOX_ENTRY_ADDED flg=0x10 (has extras) } to com.google.android.gms/.stats.service.DropBoxEntryAddedReceiver
02-02 22:32:57.092   949   986 W BroadcastQueue: Background execution not allowed: receiving Intent { act=android.intent.action.DROPBOX_ENTRY_ADDED flg=0x10 (has extras) } to com.google.android.gms/.chimera.GmsIntentOperationService$PersistentTrustedReceiver
02-02 22:32:57.109 27983 32037 I BugleRcsEngine: [1000] lpn.resetKeepAlivePeriod: Resetting keep-alive timer. Next ping in 216s on i/f = wlan0
02-02 22:32:58.039  9008 32348 I CastDatabase: Saving the database
02-02 22:32:58.048  9008 32348 I SQLiteCastStore: [CastNetworkInfo] saved: 0, skipped: 0, [CastDeviceInfo]: saved 0, skipped 0, Paired Guest Mode DeviceInfo] saved: 0, skipped: 0. [ProbedNetworks]: saved 0, skipped: 0, [ProbedSocketAddress]: saved 0, skipped: 0
02-02 22:32:58.344   633   633 I aptouch_daemon: filter_touch_detect, down, in: 1, out: 1
02-02 22:32:58.432   633   633 I aptouch_daemon: filter_touch_detect, all_touch_up
02-02 22:32:58.742 32634 32634 V CAM_QuickActivity: START onDestroy: Activity = com.android.camera.CameraActivity@a171467
02-02 22:32:58.745   949  4935 I ActivityManager: Killing 32634:com.android.camera2/u0a105 (adj 900): remove task
02-02 22:32:58.749   949   989 W libprocessgroup: kill(-32634, 9) failed: No such process
02-02 22:32:58.795   949   989 W libprocessgroup: kill(-32634, 9) failed: No such process
02-02 22:32:58.814   949  1059 W InputDispatcher: channel '24cb3fc com.android.camera2/com.android.camera.CameraActivity (server)' ~ Consumer closed input channel or an error occurred.  events=0x9
02-02 22:32:58.814   949  1059 E InputDispatcher: channel '24cb3fc com.android.camera2/com.android.camera.CameraActivity (server)' ~ Channel is unrecoverably broken and will be disposed!
02-02 22:32:58.826   949  4430 I WindowManager: WIN DEATH: Window{24cb3fc u0 com.android.camera2/com.android.camera.CameraActivity}
02-02 22:32:58.826   949  4430 W InputDispatcher: Attempted to unregister already unregistered input channel '24cb3fc com.android.camera2/com.android.camera.CameraActivity (server)'
02-02 22:32:58.827   512   512 I Zygote  : Process 32634 exited due to signal (9)
02-02 22:32:58.840   949   989 W libprocessgroup: kill(-32634, 9) failed: No such process
02-02 22:32:58.840   949   989 I libprocessgroup: Successfully killed process cgroup uid 10105 pid 32634 in 91ms
02-02 22:32:58.852   949   994 W ActivityManager: setHasOverlayUi called on unknown pid: 32634
02-02 22:32:59.050   633   633 I aptouch_daemon: filter_touch_detect, down, in: 1, out: 1
02-02 22:32:59.118   633   633 I aptouch_daemon: filter_touch_detect, all_touch_up
02-02 22:32:59.215   595   595 E WifiHAL : enter wifi_get_link_stats
02-02 22:32:59.422   949  4935 I ActivityManager: Killing 32509:com.android.settings/1000 (adj 900): remove task
02-02 22:32:59.425   949   989 W libprocessgroup: kill(-32509, 9) failed: No such process
02-02 22:32:59.463   949   989 I chatty  : uid=1000(system) ActivityManager identical 1 line
02-02 22:32:59.508   949   989 W libprocessgroup: kill(-32509, 9) failed: No such process
02-02 22:32:59.511   949  1059 W InputDispatcher: channel '20d33b2 com.android.settings/com.android.settings.SubSettings (server)' ~ Consumer closed input channel or an error occurred.  events=0x9
02-02 22:32:59.511   949  1059 E InputDispatcher: channel '20d33b2 com.android.settings/com.android.settings.SubSettings (server)' ~ Channel is unrecoverably broken and will be disposed!
02-02 22:32:59.523   512   512 I Zygote  : Process 32509 exited due to signal (9)
02-02 22:32:59.524   949  2506 I WindowManager: WIN DEATH: Window{20d33b2 u0 com.android.settings/com.android.settings.SubSettings}
02-02 22:32:59.524   949  2506 W InputDispatcher: Attempted to unregister already unregistered input channel '20d33b2 com.android.settings/com.android.settings.SubSettings (server)'
02-02 22:32:59.538   598   636 W SurfaceFlinger: Attempting to destroy on removed layer: AppWindowToken{9b040dd token=Token{411cb4 ActivityRecord{1953587 u0 com.android.settings/.Settings$SystemDashboardActivity t63}}}#0
02-02 22:32:59.538   598   636 W SurfaceFlinger: Attempting to destroy on removed layer: AppWindowToken{14a6705 token=Token{400e27c ActivityRecord{454d56f u0 com.android.settings/.SubSettings t63}}}#0
02-02 22:32:59.548   949   994 W ActivityManager: setHasOverlayUi called on unknown pid: 32509
02-02 22:32:59.550   949   989 W libprocessgroup: kill(-32509, 9) failed: No such process
02-02 22:32:59.550   949   989 I libprocessgroup: Successfully killed process cgroup uid 1000 pid 32509 in 125ms
02-02 22:33:00.207 23067 32502 I EventLogSendingHelper: Sending log events.
02-02 22:33:01.355   678   900 D fpc_fingerprint_hal: wait_finger_down, took 4485 ms
02-02 22:33:01.533   678   900 D fpc_fingerprint_hal: [fph_nav]  send event 174
02-02 22:33:01.533   678   900 D fpc_fingerprint_hal: imonitor_send_nav_data check_click_no_need_report
02-02 22:33:01.692   949   992 D AutofillManagerService: Close system dialogs
02-02 22:33:01.694 30321 30321 V StatusBar: mStatusBarWindow: com.android.systemui.statusbar.phone.StatusBarWindowView{3d5c86e V.ED..... ........ 0,0-1080,71} canPanelBeCollapsed(): false
02-02 22:33:01.695   949   987 I ActivityManager: START u0 {act=android.intent.action.MAIN cat=[android.intent.category.HOME] flg=0x10200000 cmp=com.android.launcher3/co.aoscp.lovegood.LunaLauncher (has extras)} from uid 1000
02-02 22:33:01.696 30321 30321 I vol.Events: writeEvent dismiss_dialog volume_controller
02-02 22:33:01.715 26353 26353 D PredictionsDispatcher: Got predicted apps
02-02 22:33:01.729 23067 32583 I PBSessionCacheImpl: Deleted sessionId[427808256168] from persistence.
02-02 22:33:01.741 23067 23067 W ThreadPoolDumper: Queue length for executor EventBus is now 11. Perhaps some tasks are too long, or the pool is too small.
02-02 22:33:01.749 23067 23091 W SearchServiceCore: Abort, client detached.
02-02 22:33:01.752 23067 23091 I StreamController: cleanUpControllerScope(nowcards-15-1452b02-7a77)
02-02 22:33:01.759 23067 23091 W SessionLifecycleManager: Handover failed. Creating new session controller.
02-02 22:33:01.818 23067 23091 I StreamController: registerScope: nowcards-15-1452b02-7a77
02-02 22:33:02.250   595   595 E WifiHAL : enter wifi_get_link_stats
02-02 22:33:02.693   949  4430 D AlarmManagerService: Kernel timezone updated to -120 minutes west of GMT
02-02 22:33:02.703  2546  2546 D ServiceStateProvider: subId=2
02-02 22:33:02.707 24298 24298 I CarrierServices: [2] ServiceStateReceiver.onReceive: Received SERVICE_STATE intent.
02-02 22:33:04.567   633   633 I aptouch_daemon: filter_touch_detect, down, in: 1, out: 1
02-02 22:33:05.065   633   633 I aptouch_daemon: filter_touch_detect, all_touch_up
02-02 22:33:05.207 23067 32502 I EventLogSendingHelper: Sending log events.
02-02 22:33:05.267   595   595 E WifiHAL : enter wifi_get_link_stats
02-02 22:33:05.647   633   633 I aptouch_daemon: filter_touch_detect, down, in: 1, out: 1
02-02 22:33:05.769   633   633 I aptouch_daemon: filter_touch_detect, all_touch_up
02-02 22:33:06.868   949  4430 D WificondControl: Scan result ready event
02-02 22:33:06.869   949   992 I EthernetTracker: interfaceLinkStateChanged, iface: wlan0, up: true
02-02 22:33:08.283   595   595 E WifiHAL : enter wifi_get_link_stats
02-02 22:33:08.292   633   633 I aptouch_daemon: filter_touch_detect, down, in: 1, out: 1
02-02 22:33:08.307 30321 30356 V WifiManager: registerSoftApCallback: callback=com.android.systemui.statusbar.policy.HotspotControllerImpl@7b63660, handler=Handler (android.os.Handler) {b669719}
02-02 22:33:08.308 30321 31619 V WifiManager: SoftApCallbackProxy: onStateChanged: state=11, failureReason=0
02-02 22:33:08.308 30321 31619 V WifiManager: SoftApCallbackProxy: onNumClientsChanged: numClients=0
02-02 22:33:08.322 30321 30321 D StatusBar: disable<e i a s b h r c s > disable2<q i n >
02-02 22:33:08.328   949  4430 W VibratorService: Failed to perform effect (2)
02-02 22:33:08.352   598   636 E BufferQueueProducer: [StatusBar#0] disconnect: not connected (req=1)
02-02 22:33:08.352 30321 30363 W libEGL  : EGLNativeWindowType 0x736d353010 disconnect failed
02-02 22:33:08.353 30321 30363 D mali_winsys: EGLint new_window_surface(egl_winsys_display *, void *, EGLSurface, EGLConfig, egl_winsys_surface **, EGLBoolean) returns 0x3000
02-02 22:33:08.374   562  4989 I GRALLOC : getCallingPid=598, shrFd=20,fmt=0x1,intFmt=0x200000001,btStrd=4352,size=9904128,pid=562 
02-02 22:33:08.374   562  4989 I GRALLOC : 	 yuv=2,w=1080,h=2240,Stride u=0 v=0,offset u=0 v=0 
02-02 22:33:08.374   562  4989 I GRALLOC : 	 iova_size=9904128,conUsg=0xb00,proUsg=0xb00,	 strd=1088,[afbc]HdrStrd=1088 PyldStrd=69632 Scrmbl=2,ionhnd = 1 
02-02 22:33:08.404   562  4989 I chatty  : uid=1000(system) HwBinder:562_3 identical 1 line
02-02 22:33:08.426   562  4989 I GRALLOC : getCallingPid=598, shrFd=20,fmt=0x1,intFmt=0x200000001,btStrd=4352,size=9904128,pid=562 
02-02 22:33:08.426   562  4989 I GRALLOC : 	 yuv=2,w=1080,h=2240,Stride u=0 v=0,offset u=0 v=0 
02-02 22:33:08.426   562  4989 I GRALLOC : 	 iova_size=9904128,conUsg=0xb00,proUsg=0xb00,	 strd=1088,[afbc]HdrStrd=1088 PyldStrd=69632 Scrmbl=2,ionhnd = 1 
02-02 22:33:08.447 30321 30321 D StatusBar: disable<e i a s b h r c s > disable2<q i n >
02-02 22:33:08.507   633   633 I aptouch_daemon: filter_touch_detect, all_touch_up
02-02 22:33:08.764 30321 30321 D AndroidRuntime: Shutting down VM
--------- beginning of crash
02-02 22:33:08.771 30321 30321 E AndroidRuntime: FATAL EXCEPTION: main
02-02 22:33:08.771 30321 30321 E AndroidRuntime: Process: com.android.systemui, PID: 30321
02-02 22:33:08.771 30321 30321 E AndroidRuntime: java.lang.IllegalArgumentException: View=com.android.systemui.statusbar.phone.NavigationBarFrame{3f8dae7 V.E...... ......ID 0,0-1080,107 #7f0a0228 app:id/navigation_bar_frame} not attached to window manager
02-02 22:33:08.771 30321 30321 E AndroidRuntime: 	at android.view.WindowManagerGlobal.findViewLocked(WindowManagerGlobal.java:485)
02-02 22:33:08.771 30321 30321 E AndroidRuntime: 	at android.view.WindowManagerGlobal.updateViewLayout(WindowManagerGlobal.java:380)
02-02 22:33:08.771 30321 30321 E AndroidRuntime: 	at android.view.WindowManagerImpl.updateViewLayout(WindowManagerImpl.java:99)
02-02 22:33:08.771 30321 30321 E AndroidRuntime: 	at com.android.systemui.statusbar.phone.NavigationBarView.setSlippery(NavigationBarView.java:793)
02-02 22:33:08.771 30321 30321 E AndroidRuntime: 	at com.android.systemui.statusbar.phone.NavigationBarView.updateSlippery(NavigationBarView.java:773)
02-02 22:33:08.771 30321 30321 E AndroidRuntime: 	at com.android.systemui.statusbar.phone.NavigationBarView.onPanelExpandedChange(NavigationBarView.java:752)
02-02 22:33:08.771 30321 30321 E AndroidRuntime: 	at com.android.systemui.statusbar.phone.PhoneStatusBarView.panelExpansionChanged(PhoneStatusBarView.java:273)
02-02 22:33:08.771 30321 30321 E AndroidRuntime: 	at com.android.systemui.statusbar.phone.PanelView.notifyBarPanelExpansionChanged(PanelView.java:1226)
02-02 22:33:08.771 30321 30321 E AndroidRuntime: 	at com.android.systemui.statusbar.phone.PanelView.setExpandedHeightInternal(PanelView.java:938)
02-02 22:33:08.771 30321 30321 E AndroidRuntime: 	at com.android.systemui.statusbar.phone.PanelView$3.onAnimationEnd(PanelView.java:830)
02-02 22:33:08.771 30321 30321 E AndroidRuntime: 	at android.animation.Animator$AnimatorListener.onAnimationEnd(Animator.java:552)
02-02 22:33:08.771 30321 30321 E AndroidRuntime: 	at android.animation.ValueAnimator.endAnimation(ValueAnimator.java:1232)
02-02 22:33:08.771 30321 30321 E AndroidRuntime: 	at android.animation.ValueAnimator.doAnimationFrame(ValueAnimator.java:1474)
02-02 22:33:08.771 30321 30321 E AndroidRuntime: 	at android.animation.AnimationHandler.doAnimationFrame(AnimationHandler.java:146)
02-02 22:33:08.771 30321 30321 E AndroidRuntime: 	at android.animation.AnimationHandler.access$100(AnimationHandler.java:37)
02-02 22:33:08.771 30321 30321 E AndroidRuntime: 	at android.animation.AnimationHandler$1.doFrame(AnimationHandler.java:54)
02-02 22:33:08.771 30321 30321 E AndroidRuntime: 	at android.view.Choreographer$CallbackRecord.run(Choreographer.java:1002)
02-02 22:33:08.771 30321 30321 E AndroidRuntime: 	at android.view.Choreographer.doCallbacks(Choreographer.java:816)
02-02 22:33:08.771 30321 30321 E AndroidRuntime: 	at android.view.Choreographer.doFrame(Choreographer.java:748)
02-02 22:33:08.771 30321 30321 E AndroidRuntime: 	at android.view.Choreographer$FrameDisplayEventReceiver.run(Choreographer.java:990)
02-02 22:33:08.771 30321 30321 E AndroidRuntime: 	at android.os.Handler.handleCallback(Handler.java:873)
02-02 22:33:08.771 30321 30321 E AndroidRuntime: 	at android.os.Handler.dispatchMessage(Handler.java:99)
02-02 22:33:08.771 30321 30321 E AndroidRuntime: 	at android.os.Looper.loop(Looper.java:193)
02-02 22:33:08.771 30321 30321 E AndroidRuntime: 	at android.app.ActivityThread.main(ActivityThread.java:6718)
02-02 22:33:08.771 30321 30321 E AndroidRuntime: 	at java.lang.reflect.Method.invoke(Native Method)
02-02 22:33:08.771 30321 30321 E AndroidRuntime: 	at com.android.internal.os.RuntimeInit$MethodAndArgsCaller.run(RuntimeInit.java:495)
02-02 22:33:08.771 30321 30321 E AndroidRuntime: 	at com.android.internal.os.ZygoteInit.main(ZygoteInit.java:858)
02-02 22:33:08.778   949  4935 V RescueParty: Disabled because of active USB connection
02-02 22:33:08.782 30321 30321 I Process : Sending signal. PID: 30321 SIG: 9
02-02 22:33:08.786   949   986 W BroadcastQueue: Background execution not allowed: receiving Intent { act=android.intent.action.DROPBOX_ENTRY_ADDED flg=0x10 (has extras) } to com.google.android.gms/.stats.service.DropBoxEntryAddedReceiver
02-02 22:33:08.786   949   986 W BroadcastQueue: Background execution not allowed: receiving Intent { act=android.intent.action.DROPBOX_ENTRY_ADDED flg=0x10 (has extras) } to com.google.android.gms/.chimera.GmsIntentOperationService$PersistentTrustedReceiver
02-02 22:33:08.887   949  1059 W InputDispatcher: channel 'e59ab75 com.android.systemui.ImageWallpaper (server)' ~ Consumer closed input channel or an error occurred.  events=0x9
02-02 22:33:08.887   949  1059 E InputDispatcher: channel 'e59ab75 com.android.systemui.ImageWallpaper (server)' ~ Channel is unrecoverably broken and will be disposed!
02-02 22:33:08.887   949  1059 W InputDispatcher: channel '8996876 ScreenDecorOverlayBottom (server)' ~ Consumer closed input channel or an error occurred.  events=0x9
02-02 22:33:08.887   949  1059 E InputDispatcher: channel '8996876 ScreenDecorOverlayBottom (server)' ~ Channel is unrecoverably broken and will be disposed!
02-02 22:33:08.887   949  1059 W InputDispatcher: channel '5d2639b ScreenDecorOverlay (server)' ~ Consumer closed input channel or an error occurred.  events=0x9
02-02 22:33:08.887   949  1059 E InputDispatcher: channel '5d2639b ScreenDecorOverlay (server)' ~ Channel is unrecoverably broken and will be disposed!
02-02 22:33:08.905   949  1059 W InputDispatcher: channel 'pip_input_consumer (server)' ~ Consumer closed input channel or an error occurred.  events=0x9
02-02 22:33:08.905   949  1059 E InputDispatcher: channel 'pip_input_consumer (server)' ~ Channel is unrecoverably broken and will be disposed!
02-02 22:33:08.905   949  1059 W InputDispatcher: channel '67c15b6 StatusBar (server)' ~ Consumer closed input channel or an error occurred.  events=0x9
02-02 22:33:08.905   949  1059 E InputDispatcher: channel '67c15b6 StatusBar (server)' ~ Channel is unrecoverably broken and will be disposed!
02-02 22:33:08.905   949  1059 W InputDispatcher: channel '6142391 AssistPreviewPanel (server)' ~ Consumer closed input channel or an error occurred.  events=0x9
02-02 22:33:08.905   949  1059 E InputDispatcher: channel '6142391 AssistPreviewPanel (server)' ~ Channel is unrecoverably broken and will be disposed!
02-02 22:33:08.905   949  1059 W InputDispatcher: channel 'e180ea5 DockedStackDivider (server)' ~ Consumer closed input channel or an error occurred.  events=0x9
02-02 22:33:08.906   949  1059 E InputDispatcher: channel 'e180ea5 DockedStackDivider (server)' ~ Channel is unrecoverably broken and will be disposed!
02-02 22:33:08.906   949  2359 W WifiService: Client connection lost with reason: 4
02-02 22:33:08.907   949  4932 I WindowManager: WIN DEATH: Window{67c15b6 u0 StatusBar}
02-02 22:33:08.907   949  5129 D NotificationListeners: Removing active service ComponentInfo{com.android.systemui/com.android.systemui.statusbar.NotificationListener}
02-02 22:33:08.907   949  4932 W InputDispatcher: Attempted to unregister already unregistered input channel '67c15b6 StatusBar (server)'
02-02 22:33:08.907   949  5129 D ConnectivityService: ConnectivityService NetworkRequestInfo binderDied(NetworkRequest [ LISTEN id=84, [] ], android.os.BinderProxy@f805a9c)
02-02 22:33:08.907   949  5129 I StatusBarManagerService: binder died for pkg=null
02-02 22:33:08.909   512   512 I Zygote  : Process 30321 exited due to signal (9)
02-02 22:33:08.909   949  6351 W AudioService: Current remote volume controller died, unregistering
02-02 22:33:08.910   949   949 W WallpaperManagerService: Wallpaper service gone: ComponentInfo{com.android.systemui/com.android.systemui.ImageWallpaper}
02-02 22:33:08.911   949  6351 W VolumeController: Error calling dismiss
02-02 22:33:08.911   949  6351 W VolumeController: android.os.DeadObjectException
02-02 22:33:08.911   949  6351 W VolumeController: 	at android.os.BinderProxy.transactNative(Native Method)
02-02 22:33:08.911   949  6351 W VolumeController: 	at android.os.BinderProxy.transact(Binder.java:1127)
02-02 22:33:08.911   949  6351 W VolumeController: 	at android.media.IVolumeController$Stub$Proxy.dismiss(IVolumeController.java:174)
02-02 22:33:08.911   949  6351 W VolumeController: 	at com.android.server.audio.AudioService$VolumeController.postDismiss(AudioService.java:7526)
02-02 22:33:08.911   949  6351 W VolumeController: 	at com.android.server.audio.AudioService.setVolumeController(AudioService.java:7374)
02-02 22:33:08.911   949  6351 W VolumeController: 	at com.android.server.audio.AudioService$4.binderDied(AudioService.java:7383)
02-02 22:33:08.911   949  6351 W VolumeController: 	at android.os.BinderProxy.sendDeathNotice(Binder.java:1193)
02-02 22:33:08.911   598  2842 W SurfaceFlinger: Attempting to destroy on removed layer: 67c15b6 StatusBar#0
02-02 22:33:08.911   949   989 W libprocessgroup: kill(-30321, 9) failed: No such process
02-02 22:33:08.913   949  4932 W WindowManager: Failed to report 'resized' to the client of Window{e59ab75 u0 com.android.systemui.ImageWallpaper}, removing this window.
02-02 22:33:08.914   949  4932 W WindowManager: Failed to report 'resized' to the client of Window{5d2639b u0 ScreenDecorOverlay}, removing this window.
02-02 22:33:08.915   949  4932 W InputDispatcher: Attempted to unregister already unregistered input channel 'e59ab75 com.android.systemui.ImageWallpaper (server)'
02-02 22:33:08.916   949  4932 W InputDispatcher: Attempted to unregister already unregistered input channel '5d2639b ScreenDecorOverlay (server)'
02-02 22:33:08.917   949  5130 E FingerprintService: Lockout reset callback binder died
02-02 22:33:08.921   598   638 W SurfaceFlinger: Attempting to destroy on removed layer: 5d2639b ScreenDecorOverlay#0
02-02 22:33:08.921   949   963 D ConnectivityService: ConnectivityService NetworkRequestInfo binderDied(NetworkRequest [ TRACK_DEFAULT id=83, [ Capabilities: INTERNET&NOT_RESTRICTED&TRUSTED Unwanted:  Uid: 10065] ], android.os.BinderProxy@4bb187a)
02-02 22:33:08.921   949  3246 D ConnectivityService: ConnectivityService NetworkRequestInfo binderDied(NetworkRequest [ LISTEN id=82, [ Transports: WIFI Capabilities: NOT_VPN Unwanted: ] ], android.os.BinderProxy@d7ac82b)
02-02 22:33:08.922   949  4933 I ActivityManager: Process com.android.systemui (pid 30321) has died: pers PERU
02-02 22:33:08.923   949  4933 W ActivityManager: Scheduling restart of crashed service com.android.systemui/.keyguard.KeyguardService in 0ms
02-02 22:33:08.923   949  4933 W ActivityManager: Scheduling restart of crashed service com.android.systemui/.SystemUIService in 0ms
02-02 22:33:08.923   949  2363 D ConnectivityService: releasing NetworkRequest [ TRACK_DEFAULT id=83, [ Capabilities: INTERNET&NOT_RESTRICTED&TRUSTED Unwanted:  Uid: 10065] ] (release request)
02-02 22:33:08.923   949  4933 W ActivityManager: Scheduling restart of crashed service com.android.systemui/.ImageWallpaper in 0ms
02-02 22:33:08.924   949  4933 W ActivityManager: Re-adding persistent process ProcessRecord{4779e5e 30321:com.android.systemui/u0a65}
02-02 22:33:08.926   949   989 I libprocessgroup: Successfully killed process cgroup uid 10065 pid 30321 in 15ms
02-02 22:33:08.933   949  5129 W InputDispatcher: Attempted to unregister already unregistered input channel 'pip_input_consumer (server)'
02-02 22:33:08.939   949  3235 W WindowManager: Failed looking up window callers=com.android.server.wm.WindowManagerService.windowForClientLocked:5514 com.android.server.wm.WindowState$DeathRecipient.binderDied:2458 android.os.BinderProxy.sendDeathNotice:1193 
02-02 22:33:08.939   949  3235 I WindowManager: WIN DEATH: null
02-02 22:33:08.939   949  4935 I WindowManager: WIN DEATH: Window{6142391 u0 AssistPreviewPanel}
02-02 22:33:08.939   949  4935 W InputDispatcher: Attempted to unregister already unregistered input channel '6142391 AssistPreviewPanel (server)'
02-02 22:33:08.941   598   636 W SurfaceFlinger: Attempting to destroy on removed layer: 6142391 AssistPreviewPanel#0
02-02 22:33:08.943   949  6351 W WindowManager: Failed looking up window callers=com.android.server.wm.WindowManagerService.windowForClientLocked:5514 com.android.server.wm.WindowState$DeathRecipient.binderDied:2458 android.os.BinderProxy.sendDeathNotice:1193 
02-02 22:33:08.943   949  6351 I WindowManager: WIN DEATH: null
02-02 22:33:08.943   949  6726 I WindowManager: WIN DEATH: Window{8996876 u0 ScreenDecorOverlayBottom}
02-02 22:33:08.943   949  6726 W InputDispatcher: Attempted to unregister already unregistered input channel '8996876 ScreenDecorOverlayBottom (server)'
02-02 22:33:08.947   598  2842 W SurfaceFlinger: Attempting to destroy on removed layer: 8996876 ScreenDecorOverlayBottom#0
02-02 22:33:08.956   949  5111 I WindowManager: WIN DEATH: Window{e180ea5 u0 DockedStackDivider}
02-02 22:33:08.957   949  5111 W InputDispatcher: Attempted to unregister already unregistered input channel 'e180ea5 DockedStackDivider (server)'
02-02 22:33:08.959   598   636 W SurfaceFlinger: Attempting to destroy on removed layer: e180ea5 DockedStackDivider#0
02-02 22:33:08.961   949   987 W UsageStatsService: Event reported without a package name
02-02 22:33:08.963 23067 23067 W StaticLayout: maxLineHeight should not be -1.  maxLines:1 lineCount:1
02-02 22:33:08.965 23067 23067 I chatty  : uid=10067 com.google.android.googlequicksearchbox:search identical 2 lines
02-02 22:33:08.965 23067 23067 W StaticLayout: maxLineHeight should not be -1.  maxLines:1 lineCount:1
02-02 22:33:08.969 23067 23067 W StaticLayout: maxLineHeight should not be -1.  maxLines:2 lineCount:2
02-02 22:33:08.980   949   994 W ActivityManager: setHasOverlayUi called on unknown pid: 30321
02-02 22:33:08.983 23067 23067 I chatty  : uid=10067 com.google.android.googlequicksearchbox:search identical 10 lines
02-02 22:33:08.984 23067 23067 W StaticLayout: maxLineHeight should not be -1.  maxLines:2 lineCount:2
02-02 22:33:08.988   949  1060 I InputReader: Reconfiguring input devices.  changes=0x00000004
02-02 22:33:09.002   598   636 E BufferQueueProducer: [com.android.launcher3/co.aoscp.lovegood.LunaLauncher#0] disconnect: not connected (req=1)
02-02 22:33:09.003 23067 23099 W libEGL  : EGLNativeWindowType 0x7380761010 disconnect failed
02-02 22:33:09.007   949   988 I ActivityManager: Start proc 428:com.android.systemui/u0a65 for restart com.android.systemui
02-02 22:33:09.020 23067 23091 I PBSessionCacheImpl: Deleted sessionId[427808256169] from persistence.
02-02 22:33:09.034   598   636 E BufferQueueProducer: [com.android.launcher3/co.aoscp.lovegood.LunaLauncher#1] disconnect: not connected (req=1)
02-02 22:33:09.035 26353 26569 W libEGL  : EGLNativeWindowType 0x7370173010 disconnect failed
02-02 22:33:09.038 23067 23091 W SearchServiceCore: Abort, client detached.
02-02 22:33:09.040 23067 23091 I StreamController: cleanUpControllerScope(nowcards-15-1452b02-7a77)
02-02 22:33:09.040 26353 26376 W OverviewFlags: Unable to update overview back button alpha
02-02 22:33:09.040 26353 26376 W OverviewFlags: android.os.DeadObjectException
02-02 22:33:09.040 26353 26376 W OverviewFlags: 	at android.os.BinderProxy.transactNative(Native Method)
02-02 22:33:09.040 26353 26376 W OverviewFlags: 	at android.os.BinderProxy.transact(Binder.java:1127)
02-02 22:33:09.040 26353 26376 W OverviewFlags: 	at com.android.systemui.shared.recents.ISystemUiProxy$Stub$Proxy.setBackButtonAlpha(ISystemUiProxy.java:308)
02-02 22:33:09.040 26353 26376 W OverviewFlags: 	at com.android.quickstep.OverviewInteractionState.applyBackButtonAlpha(OverviewInteractionState.java:194)
02-02 22:33:09.040 26353 26376 W OverviewFlags: 	at com.android.quickstep.OverviewInteractionState.handleBgMessage(OverviewInteractionState.java:152)
