06-21 19:34:23.558   540   540 I AdjustFreq common:  map_from: 3001012 , map_to: 0
06-21 19:34:23.558   540   540 I AdjustFreq common:  map_from: 6001012 , map_to: 4
06-21 19:34:23.558   540   540 I AdjustFreq common:  map_from: 3000010 , map_to: 0
06-21 19:34:23.558   540   540 I AdjustFreq common:  map_from: 6000010 , map_to: 2
06-21 19:34:23.558   540   540 I AdjustFreq common:  map_from: 3000011 , map_to: 0
06-21 19:34:23.558   540   540 I AdjustFreq common:  map_from: 6000011 , map_to: 3
06-21 19:34:23.558   540   540 I AdjustFreq common:  map_from: 3000012 , map_to: 0
06-21 19:34:23.558   540   540 I AdjustFreq common:  map_from: 6000012 , map_to: 4
06-21 19:34:23.558   540   540 I AdjustFreq common:  map_from: 3001020 , map_to: 0
06-21 19:34:23.558   540   540 I AdjustFreq common:  map_from: 6001020 , map_to: 1
06-21 19:34:23.558   540   540 I AdjustFreq common:  map_from: 3001021 , map_to: 0
06-21 19:34:23.558   540   540 I AdjustFreq common:  map_from: 6001021 , map_to: 3
06-21 19:34:23.558   540   540 I AdjustFreq common:  map_from: 3001022 , map_to: 0
06-21 19:34:23.558   540   540 I AdjustFreq common:  map_from: 6001022 , map_to: 4
06-21 19:34:23.558   540   540 I AdjustFreq common:  map_from: 3000020 , map_to: 0
06-21 19:34:23.558   540   540 I AdjustFreq common:  map_from: 6000020 , map_to: 2
06-21 19:34:23.558   540   540 I AdjustFreq common:  map_from: 3000021 , map_to: 0
06-21 19:34:23.558   540   540 I AdjustFreq common:  map_from: 6000021 , map_to: 3
06-21 19:34:23.558   540   540 I AdjustFreq common:  map_from: 3000022 , map_to: 0
06-21 19:34:23.558   540   540 I AdjustFreq common:  map_from: 6000022 , map_to: 4
06-21 19:34:23.558   540   540 I AdjustFreq common:  map_from: 3001030 , map_to: 0
06-21 19:34:23.558   540   540 I AdjustFreq common:  map_from: 6001030 , map_to: 1
06-21 19:34:23.558   540   540 I AdjustFreq common:  map_from: 3001031 , map_to: 0
06-21 19:34:23.558   540   540 I AdjustFreq common:  map_from: 6001031 , map_to: 3
06-21 19:34:23.558   540   540 I AdjustFreq common:  map_from: 3001032 , map_to: 0
06-21 19:34:23.558   540   540 I AdjustFreq common:  map_from: 6001032 , map_to: 4
06-21 19:34:23.558   540   540 I AdjustFreq common:  map_from: 3000030 , map_to: 0
06-21 19:34:23.558   540   540 I AdjustFreq common:  map_from: 6000030 , map_to: 2
06-21 19:34:23.558   540   540 I AdjustFreq common:  map_from: 3000031 , map_to: 0
06-21 19:34:23.558   540   540 I AdjustFreq common:  map_from: 6000031 , map_to: 3
06-21 19:34:23.558   540   540 I AdjustFreq common:  map_from: 3000032 , map_to: 0
06-21 19:34:23.558   540   540 I AdjustFreq common:  map_from: 6000032 , map_to: 4
06-21 19:34:23.558   540   540 I AdjustFreq common:  map_from: 3001040 , map_to: 0
06-21 19:34:23.558   540   540 I AdjustFreq common:  map_from: 6001040 , map_to: 1
06-21 19:34:23.558   540   540 I AdjustFreq common:  map_from: 3001041 , map_to: 0
06-21 19:34:23.558   540   540 I AdjustFreq common:  map_from: 6001041 , map_to: 3
06-21 19:34:23.558   540   540 I AdjustFreq common:  map_from: 3001042 , map_to: 0
06-21 19:34:23.558   540   540 I AdjustFreq common:  map_from: 6001042 , map_to: 4
06-21 19:34:23.558   540   540 I AdjustFreq common:  map_from: 3000040 , map_to: 0
06-21 19:34:23.558   540   540 I AdjustFreq common:  map_from: 6000040 , map_to: 2
06-21 19:34:23.558   540   540 I AdjustFreq common:  map_from: 3000041 , map_to: 0
06-21 19:34:23.558   540   540 I AdjustFreq common:  map_from: 6000041 , map_to: 3
06-21 19:34:23.558   540   540 I AdjustFreq common:  map_from: 3000042 , map_to: 0
06-21 19:34:23.558   542   542 D uniperf server: switch to cloud update config file : /data/system/iaware/cloud_cust_iaware_config_128(C432).xml.
06-21 19:34:23.558   540   540 I AdjustFreq common:  map_from: 6000042 , map_to: 4
06-21 19:34:23.558   540   540 I AdjustFreq common:  map_from: 3001050 , map_to: 0
06-21 19:34:23.559   540   540 I AdjustFreq common:  map_from: 6001050 , map_to: 1
06-21 19:34:23.559   526   526 I android.hardware.memtrack@1.0-service: Registration complete for android.hardware.memtrack@1.0::IMemtrack/default.
06-21 19:34:23.559   540   540 I AdjustFreq common:  map_from: 3001051 , map_to: 0
06-21 19:34:23.559   540   540 I AdjustFreq common:  map_from: 6001051 , map_to: 3
06-21 19:34:23.559   540   540 I AdjustFreq common:  map_from: 3001052 , map_to: 0
06-21 19:34:23.559   540   540 I AdjustFreq common:  map_from: 6001052 , map_to: 4
06-21 19:34:23.559   540   540 I AdjustFreq common:  map_from: 3000050 , map_to: 0
06-21 19:34:23.559   542   542 D uniperf server: getUniperfElement : get XMLDocument failed!
06-21 19:34:23.559   540   540 I AdjustFreq common:  map_from: 6000050 , map_to: 2
06-21 19:34:23.559   540   540 I AdjustFreq common:  map_from: 3000051 , map_to: 0
06-21 19:34:23.559   540   540 I AdjustFreq common:  map_from: 6000051 , map_to: 3
06-21 19:34:23.559   540   540 I AdjustFreq common:  map_from: 3000052 , map_to: 0
06-21 19:34:23.559   540   540 I AdjustFreq common:  map_from: 6000052 , map_to: 4
06-21 19:34:23.559   540   540 I AdjustFreq common:  map_from: 3001060 , map_to: 0
06-21 19:34:23.559   540   540 I AdjustFreq common:  map_from: 6001060 , map_to: 1
06-21 19:34:23.559   540   540 I AdjustFreq common:  map_from: 3001061 , map_to: 0
06-21 19:34:23.559   540   540 I AdjustFreq common:  map_from: 6001061 , map_to: 3
06-21 19:34:23.559   540   540 I AdjustFreq common:  map_from: 3001062 , map_to: 0
06-21 19:34:23.559   540   540 I AdjustFreq common:  map_from: 6001062 , map_to: 4
06-21 19:34:23.559   540   540 I AdjustFreq common:  map_from: 3000060 , map_to: 0
06-21 19:34:23.559   540   540 I AdjustFreq common:  map_from: 6000060 , map_to: 2
06-21 19:34:23.559   540   540 I AdjustFreq common:  map_from: 3000061 , map_to: 0
06-21 19:34:23.559   540   540 I AdjustFreq common:  map_from: 6000061 , map_to: 3
06-21 19:34:23.559   542   542 D uniperf server: switch to iaware config file : /product/etc/xml/iaware_config_cust.xml.
06-21 19:34:23.559   540   540 I AdjustFreq common:  map_from: 3000062 , map_to: 0
06-21 19:34:23.559   540   540 I AdjustFreq common:  map_from: 6000062 , map_to: 4
06-21 19:34:23.559   540   540 I AdjustFreq common:  map_from: 3001070 , map_to: 0
06-21 19:34:23.559   540   540 I AdjustFreq common:  map_from: 6001070 , map_to: 1
06-21 19:34:23.559   540   540 I AdjustFreq common:  map_from: 3001071 , map_to: 0
06-21 19:34:23.559   540   540 I AdjustFreq common:  map_from: 6001071 , map_to: 3
06-21 19:34:23.559   540   540 I AdjustFreq common:  map_from: 3001072 , map_to: 0
06-21 19:34:23.559   540   540 I AdjustFreq common:  map_from: 6001072 , map_to: 4
06-21 19:34:23.559   544   544 I vendor.huawei.hardware.light@2.0-service: Registration complete for vendor.huawei.hardware.light@2.0::ILight/default.
06-21 19:34:23.559   540   540 I AdjustFreq common:  map_from: 3000070 , map_to: 0
06-21 19:34:23.559   540   540 I AdjustFreq common:  map_from: 6000070 , map_to: 2
06-21 19:34:23.559   540   540 I AdjustFreq common:  map_from: 3000071 , map_to: 0
06-21 19:34:23.559   540   540 I AdjustFreq common:  map_from: 6000071 , map_to: 3
06-21 19:34:23.559   540   540 I AdjustFreq common:  map_from: 3000072 , map_to: 0
06-21 19:34:23.559   540   540 I AdjustFreq common:  map_from: 6000072 , map_to: 4
06-21 19:34:23.559   540   540 I AdjustFreq common:  map_from: 3001080 , map_to: 0
06-21 19:34:23.559   540   540 I AdjustFreq common:  map_from: 6001080 , map_to: 1
06-21 19:34:23.559   540   540 I AdjustFreq common:  map_from: 3001081 , map_to: 0
06-21 19:34:23.559   540   540 I AdjustFreq common:  map_from: 6001081 , map_to: 3
06-21 19:34:23.559   540   540 I AdjustFreq common:  map_from: 3001082 , map_to: 0
06-21 19:34:23.559   540   540 I AdjustFreq common:  map_from: 6001082 , map_to: 4
06-21 19:34:23.559   540   540 I AdjustFreq common:  map_from: 3000080 , map_to: 0
06-21 19:34:23.559   549   549 I ServiceManagement: Removing namespace from process name vendor.huawei.hardware.sensors@1.0-service to sensors@1.0-ser.
06-21 19:34:23.559   540   540 I AdjustFreq common:  map_from: 6000080 , map_to: 2
06-21 19:34:23.559   540   540 I AdjustFreq common:  map_from: 3000081 , map_to: 0
06-21 19:34:23.559   540   540 I AdjustFreq common:  map_from: 6000081 , map_to: 3
06-21 19:34:23.559   540   540 I AdjustFreq common:  map_from: 3000082 , map_to: 0
06-21 19:34:23.559   540   540 I AdjustFreq common:  map_from: 6000082 , map_to: 4
06-21 19:34:23.559   540   540 I AdjustFreq common:  map_from: 3001090 , map_to: 0
06-21 19:34:23.559   540   540 I AdjustFreq common:  map_from: 6001090 , map_to: 1
06-21 19:34:23.559   540   540 I AdjustFreq common:  map_from: 3001091 , map_to: 0
06-21 19:34:23.559   540   540 I AdjustFreq common:  map_from: 6001091 , map_to: 3
06-21 19:34:23.559   540   540 I AdjustFreq common:  map_from: 3001092 , map_to: 0
06-21 19:34:23.559   540   540 I AdjustFreq common:  map_from: 6001092 , map_to: 4
06-21 19:34:23.559   540   540 I AdjustFreq common:  map_from: 3000090 , map_to: 0
06-21 19:34:23.559   540   540 I AdjustFreq common:  map_from: 6000090 , map_to: 2
06-21 19:34:23.559   540   540 I AdjustFreq common:  map_from: 3000091 , map_to: 0
06-21 19:34:23.559   540   540 I AdjustFreq common:  map_from: 6000091 , map_to: 3
06-21 19:34:23.559   540   540 I AdjustFreq common:  map_from: 3000092 , map_to: 0
06-21 19:34:23.559   540   540 I AdjustFreq common:  map_from: 6000092 , map_to: 4
06-21 19:34:23.559   540   540 I AdjustFreq common:  map_from: 3001100 , map_to: 0
06-21 19:34:23.559   540   540 I AdjustFreq common:  map_from: 6001100 , map_to: 1
06-21 19:34:23.559   540   540 I AdjustFreq common:  map_from: 3001101 , map_to: 0
06-21 19:34:23.559   540   540 I AdjustFreq common:  map_from: 6001101 , map_to: 3
06-21 19:34:23.559   540   540 I AdjustFreq common:  map_from: 3001102 , map_to: 0
06-21 19:34:23.559   540   540 I AdjustFreq common:  map_from: 6001102 , map_to: 4
06-21 19:34:23.559   540   540 I AdjustFreq common:  map_from: 3000100 , map_to: 0
06-21 19:34:23.559   540   540 I AdjustFreq common:  map_from: 6000100 , map_to: 2
06-21 19:34:23.560   540   540 I AdjustFreq common:  map_from: 3000101 , map_to: 0
06-21 19:34:23.560   540   540 I AdjustFreq common:  map_from: 6000101 , map_to: 3
06-21 19:34:23.560   540   540 I AdjustFreq common:  map_from: 3000102 , map_to: 0
06-21 19:34:23.560   540   540 I AdjustFreq common:  map_from: 6000102 , map_to: 4
06-21 19:34:23.560   540   540 I AdjustFreq common:  map_from: 3001110 , map_to: 0
06-21 19:34:23.560   540   540 I AdjustFreq common:  map_from: 6001110 , map_to: 1
06-21 19:34:23.560   540   540 I AdjustFreq common:  map_from: 3001111 , map_to: 0
06-21 19:34:23.560   540   540 I AdjustFreq common:  map_from: 6001111 , map_to: 3
06-21 19:34:23.560   540   540 I AdjustFreq common:  map_from: 3001112 , map_to: 0
06-21 19:34:23.560   540   540 I AdjustFreq common:  map_from: 6001112 , map_to: 4
06-21 19:34:23.560   540   540 I AdjustFreq common:  map_from: 3000110 , map_to: 0
06-21 19:34:23.560   540   540 I AdjustFreq common:  map_from: 6000110 , map_to: 2
06-21 19:34:23.560   540   540 I AdjustFreq common:  map_from: 3000111 , map_to: 0
06-21 19:34:23.560   540   540 I AdjustFreq common:  map_from: 6000111 , map_to: 3
06-21 19:34:23.560   540   540 I AdjustFreq common:  map_from: 3000112 , map_to: 0
06-21 19:34:23.560   540   540 I AdjustFreq common:  map_from: 6000112 , map_to: 4
06-21 19:34:23.560   540   540 I AdjustFreq common: temp info : 3
06-21 19:34:23.560   540   540 I AdjustFreq common: temp left: 0 temp right 52  (0 52]
06-21 19:34:23.560   540   540 I AdjustFreq common: temp left: 52 temp right 55  (52 55]
06-21 19:34:23.560   540   540 I AdjustFreq common: temp left: 55 temp right 75  (55 75]
06-21 19:34:23.560   540   540 I AdjustFreq common: gamelistindex is 0 package_name is com.garena.game.kgtw game_id is 0 detect_alg_id is 1 default fps is 60 supported fps is 60 30 0 0 0
06-21 19:34:23.560   540   540 I AdjustFreq common: gamelistindex is 1 package_name is com.tencent.ngame.chty game_id is 1 detect_alg_id is 1 default fps is 60 supported fps is 60 30 0 0 0
06-21 19:34:23.560   540   540 I AdjustFreq common: gamelistindex is 2 package_name is com.garena.game.kgtwtest game_id is 2 detect_alg_id is 1 default fps is 60 supported fps is 60 30 0 0 0
06-21 19:34:23.560   540   540 I AdjustFreq common: gamelistindex is 3 package_name is com.garena.game.kgid game_id is 3 detect_alg_id is 1 default fps is 60 supported fps is 60 30 0 0 0
06-21 19:34:23.560   540   540 I AdjustFreq common: gamelistindex is 4 package_name is com.garena.game.kgth game_id is 4 detect_alg_id is 1 default fps is 60 supported fps is 60 30 0 0 0
06-21 19:34:23.560   540   540 I AdjustFreq common: gamelistindex is 5 package_name is com.garena.game.kgvn game_id is 5 detect_alg_id is 1 default fps is 60 supported fps is 60 30 0 0 0
06-21 19:34:23.560   540   540 I AdjustFreq common: gamelistindex is 6 package_name is com.garena.game.kgvntest game_id is 6 detect_alg_id is 1 default fps is 60 supported fps is 60 30 0 0 0
06-21 19:34:23.560   540   540 I AdjustFreq common: gamelistindex is 7 package_name is com.garena.game.kgsam game_id is 7 detect_alg_id is 1 default fps is 60 supported fps is 60 30 0 0 0
06-21 19:34:23.560   540   540 I AdjustFreq common: gamelistindex is 8 package_name is com.ngame.allstar.india game_id is 8 detect_alg_id is 1 default fps is 60 supported fps is 60 30 0 0 0
06-21 19:34:23.560   542   542 D uniperf server: getUniperfElement : NULL uniperfElement!
06-21 19:34:23.560   540   540 I AdjustFreq common: gamelistindex is 9 package_name is com.netmarble.penta game_id is 9 detect_alg_id is 1 default fps is 60 supported fps is 60 30 0 0 0
06-21 19:34:23.560   540   540 I AdjustFreq common: gamelistindex is 10 package_name is com.ngame.allstar.eu game_id is 10 detect_alg_id is 1 default fps is 60 supported fps is 60 30 0 0 0
06-21 19:34:23.560   540   540 I AdjustFreq common: gamelistindex is 11 package_name is com.tencent.tmgp.sgame game_id is 11 detect_alg_id is 1 default fps is 60 supported fps is 60 30 0 0 0
06-21 19:34:23.560   540   540 I AdjustFreq common: algId is 0 para_size is 40  
06-21 19:34:23.560   540   540 I AdjustFreq common: current para is 150.000000 
06-21 19:34:23.560   540   540 I AdjustFreq common: current para is 10.000000 
06-21 19:34:23.560   540   540 I AdjustFreq common: current para is 5.500000 
06-21 19:34:23.560   542   542 D uniperf server: switch to uniperf config file : /product/etc/xml/uniperf_config_cust.xml.
06-21 19:34:23.560   540   540 I AdjustFreq common: current para is 3.000000 
06-21 19:34:23.560   540   540 I AdjustFreq common: current para is -0.000996 
06-21 19:34:23.560   540   540 I AdjustFreq common: current para is -0.025891 
06-21 19:34:23.560   540   540 I AdjustFreq common: current para is 0.000000 
06-21 19:34:23.560   540   540 I AdjustFreq common: current para is 1.037376 
06-21 19:34:23.560   540   540 I AdjustFreq common: current para is 0.003724 
06-21 19:34:23.560   540   540 I AdjustFreq common: current para is -0.068195 
06-21 19:34:23.560   540   540 I AdjustFreq common: current para is 0.000000 
06-21 19:34:23.560   540   540 I AdjustFreq common: current para is 1.038797 
06-21 19:34:23.560   540   540 I AdjustFreq common: current para is 0.799425 
06-21 19:34:23.560   540   540 I AdjustFreq common: current para is 0.399712 
06-21 19:34:23.560   540   540 I AdjustFreq common: current para is 0.000000 
06-21 19:34:23.560   540   540 I AdjustFreq common: current para is -38.571822 
06-21 19:34:23.560   540   540 I AdjustFreq common: current para is 0.011000 
06-21 19:34:23.560   540   540 I AdjustFreq common: current para is 0.000000 
06-21 19:34:23.560   540   540 I AdjustFreq common: current para is 0.000000 
06-21 19:34:23.560   540   540 I AdjustFreq common: current para is -1.000000 
06-21 19:34:23.560   540   540 I AdjustFreq common: current para is 0.024332 
06-21 19:34:23.560   540   540 I AdjustFreq common: current para is -0.001187 
06-21 19:34:23.560   540   540 I AdjustFreq common: current para is 0.000000 
06-21 19:34:23.560   540   540 I AdjustFreq common: current para is -1.433200 
06-21 19:34:23.560   540   540 I AdjustFreq common: current para is 0.000028 
06-21 19:34:23.560   540   540 I AdjustFreq common: current para is -0.347600 
06-21 19:34:23.560   540   540 I AdjustFreq common: current para is 0.000000 
06-21 19:34:23.560   540   540 I AdjustFreq common: current para is 0.999700 
06-21 19:34:23.560   540   540 I AdjustFreq common: current para is 0.000000 
06-21 19:34:23.561   540   540 I chatty  : uid=0(root) hwsched@1.0-ser identical 2 lines
06-21 19:34:23.561   540   540 I AdjustFreq common: current para is 0.000000 
06-21 19:34:23.561   540   540 I AdjustFreq common: current para is -7.145316 
06-21 19:34:23.561   540   540 I AdjustFreq common: current para is 0.000000 
06-21 19:34:23.561   540   540 I AdjustFreq common: current para is 0.000000 
06-21 19:34:23.561   540   540 I AdjustFreq common: current para is -3.601299 
06-21 19:34:23.561   540   540 I AdjustFreq common: current para is 0.011000 
06-21 19:34:23.561   540   540 I AdjustFreq common: current para is 0.000000 
06-21 19:34:23.561   540   540 I AdjustFreq common: current para is 0.000000 
06-21 19:34:23.561   540   540 I AdjustFreq common: current para is -1.000000 
06-21 19:34:23.561   540   540 I AdjustFreq common: frame_len_num is 3 
06-21 19:34:23.561   540   540 I AdjustFreq common: The 0 frame_len_tag is 30303030 availfps is 30
06-21 19:34:23.561   540   540 I AdjustFreq common: The 1 frame_len_tag is 23809524 availfps is 40
06-21 19:34:23.561   540   540 I AdjustFreq common: The 2 frame_len_tag is 0 availfps is 60
06-21 19:34:23.561   540   540 I AdjustFreq common: the high speed window size is 60
06-21 19:34:23.561   540   540 I AdjustFreq common: algId is 1 para_size is 40  
06-21 19:34:23.561   540   540 I AdjustFreq common: current para is 150.000000 
06-21 19:34:23.561   540   540 I AdjustFreq common: current para is 10.000000 
06-21 19:34:23.561   540   540 I AdjustFreq common: current para is 5.500000 
06-21 19:34:23.561   540   540 I AdjustFreq common: current para is 3.000000 
06-21 19:34:23.561   540   540 I AdjustFreq common: current para is -0.000996 
06-21 19:34:23.561   540   540 I AdjustFreq common: current para is -0.025891 
06-21 19:34:23.564   543   543 D vndksupport: Loading /vendor/lib64/hw/jpeg.kirin970.so from current namespace instead of sphal namespace.
06-21 19:34:23.565   549   549 I vendor.huawei.hardware.sensors@1.0-service: Registration complete for vendor.huawei.hardware.sensors@1.0::ISensors/default.
06-21 19:34:23.567   543   543 I JpegDecode: JpegDecodeHal start ....
06-21 19:34:23.568   542   542 I ServiceManagement: Removing namespace from process name vendor.huawei.hardware.iawareperf@1.0-service to iawareperf@1.0-.
06-21 19:34:23.568   543   543 I ServiceManagement: Removing namespace from process name vendor.huawei.hardware.jpegdec@1.0-service to jpegdec@1.0-ser.
06-21 19:34:23.569   542   542 I vendor.huawei.hardware.iawareperf@1.0-service: Registration complete for vendor.huawei.hardware.iawareperf@1.0::IUniPerf/uniperf.
06-21 19:34:23.579   543   543 I vendor.huawei.hardware.jpegdec@1.0-service: Registration complete for vendor.huawei.hardware.jpegdec@1.0::IJpegDecode/default.
06-21 19:34:23.580   495   495 D AndroidRuntime: >>>>>> START com.android.internal.os.ZygoteInit uid 0 <<<<<<
06-21 19:34:23.581   588   588 D vndksupport: Loading /vendor/lib64/hw/vendor.huawei.hardware.irsl@1.0-impl.so from current namespace instead of sphal namespace.
06-21 19:34:23.586   583   583 D vndksupport: Loading /vendor/lib64/hw/android.hardware.ir@1.0-impl.so from current namespace instead of sphal namespace.
06-21 19:34:23.592   588   588 E vendor.huawei.hardware.irsl@1.0-impl: HIDL_FETCH_IIrselflearning
06-21 19:34:23.593   588   588 D vndksupport: Loading /vendor/lib64/hw/irselflearning.default.so from current namespace instead of sphal namespace.
06-21 19:34:23.601   583   583 D vndksupport: Loading /vendor/lib64/hw/consumerir.kirin970.so from current namespace instead of sphal namespace.
06-21 19:34:23.601   495   495 I zygote64: option[0]=-Xzygote
06-21 19:34:23.601   495   495 I zygote64: option[1]=-Xusetombstonedtraces
06-21 19:34:23.601   495   495 I zygote64: option[2]=exit
06-21 19:34:23.601   495   495 I zygote64: option[3]=vfprintf
06-21 19:34:23.601   495   495 I zygote64: option[4]=sensitiveThread
06-21 19:34:23.601   495   495 I zygote64: option[5]=-verbose:gc
06-21 19:34:23.601   495   495 I zygote64: option[6]=-Xms8m
06-21 19:34:23.601   495   495 I zygote64: option[7]=-Xmx512m
06-21 19:34:23.601   495   495 I zygote64: option[8]=-XX:HeapGrowthLimit=384m
06-21 19:34:23.601   495   495 I zygote64: option[9]=-XX:HeapMinFree=2m
06-21 19:34:23.601   495   495 I zygote64: option[10]=-XX:HeapMaxFree=8m
06-21 19:34:23.601   495   495 I zygote64: option[11]=-XX:HeapTargetUtilization=0.75
06-21 19:34:23.601   495   495 I zygote64: option[12]=-Xusejit:true
06-21 19:34:23.601   495   495 I zygote64: option[13]=-Xjitsaveprofilinginfo
06-21 19:34:23.601   495   495 I zygote64: option[14]=-agentlib:jdwp=transport=dt_android_adb,suspend=n,server=y
06-21 19:34:23.601   495   495 I zygote64: option[15]=-Xlockprofthreshold:500
06-21 19:34:23.601   495   495 I zygote64: option[16]=-Ximage-compiler-option
06-21 19:34:23.601   495   495 I zygote64: option[17]=--runtime-arg
06-21 19:34:23.601   495   495 I zygote64: option[18]=-Ximage-compiler-option
06-21 19:34:23.601   495   495 I zygote64: option[19]=-Xms64m
06-21 19:34:23.601   495   495 I zygote64: option[20]=-Ximage-compiler-option
06-21 19:34:23.601   495   495 I zygote64: option[21]=--runtime-arg
06-21 19:34:23.601   495   495 I zygote64: option[22]=-Ximage-compiler-option
06-21 19:34:23.601   495   495 I zygote64: option[23]=-Xmx64m
06-21 19:34:23.601   495   495 I zygote64: option[24]=-Ximage-compiler-option
06-21 19:34:23.601   495   495 I zygote64: option[25]=--image-classes=/system/etc/preloaded-classes
06-21 19:34:23.601   495   495 I zygote64: option[26]=-Ximage-compiler-option
06-21 19:34:23.601   495   495 I zygote64: option[27]=--compiled-classes=/system/etc/compiled-classes
06-21 19:34:23.601   495   495 I zygote64: option[28]=-Ximage-compiler-option
06-21 19:34:23.601   495   495 I zygote64: option[29]=--dirty-image-objects=/system/etc/dirty-image-objects
06-21 19:34:23.601   495   495 I zygote64: option[30]=-Xcompiler-option
06-21 19:34:23.601   495   495 I zygote64: option[31]=--runtime-arg
06-21 19:34:23.601   495   495 I zygote64: option[32]=-Xcompiler-option
06-21 19:34:23.601   495   495 I zygote64: option[33]=-Xms64m
06-21 19:34:23.601   495   495 I zygote64: option[34]=-Xcompiler-option
06-21 19:34:23.601   495   495 I zygote64: option[35]=--runtime-arg
06-21 19:34:23.601   495   495 I zygote64: option[36]=-Xcompiler-option
06-21 19:34:23.601   495   495 I zygote64: option[37]=-Xmx512m
06-21 19:34:23.601   495   495 I zygote64: option[38]=-Xcompiler-option
06-21 19:34:23.601   495   495 I zygote64: option[39]=-j4
06-21 19:34:23.601   495   495 I zygote64: option[40]=-Ximage-compiler-option
06-21 19:34:23.601   495   495 I zygote64: option[41]=-j4
06-21 19:34:23.601   495   495 I zygote64: option[42]=-Ximage-compiler-option
06-21 19:34:23.601   495   495 I zygote64: option[43]=--instruction-set-variant=generic
06-21 19:34:23.601   495   495 I zygote64: option[44]=-Xcompiler-option
06-21 19:34:23.601   495   495 I zygote64: option[45]=--instruction-set-variant=generic
06-21 19:34:23.601   495   495 I zygote64: option[46]=-Ximage-compiler-option
06-21 19:34:23.601   495   495 I zygote64: option[47]=--instruction-set-features=default
06-21 19:34:23.601   495   495 I zygote64: option[48]=-Xcompiler-option
06-21 19:34:23.601   495   495 I zygote64: option[49]=--instruction-set-features=default
06-21 19:34:23.602   495   495 I zygote64: option[50]=-Duser.locale=el-GR
06-21 19:34:23.602   495   495 I zygote64: option[51]=--cpu-abilist=arm64-v8a
06-21 19:34:23.602   495   495 I zygote64: option[52]=-Xfingerprint:HUAWEI/CLT-L29/HWCLT:8.1.0/HUAWEICLT-L29/128(C432):user/release-keys
06-21 19:34:23.602   588   588 E irda_hal_init: chiptype is hi64xx
06-21 19:34:23.606   372   372 E         : pid 584, opration nvm_write OK
06-21 19:34:23.606   372   372 E         : 
06-21 19:34:23.606   551   551 I vendor.huawei.hardware.hwwifiext@1.1-service: WIFI VENDOR HAL STARTING.
06-21 19:34:23.613   554   554 I /system/bin/surfaceflinger: android::hardware::configstore::V1_0::ISurfaceFlingerConfigs::maxFrameBufferAcquiredBuffers retrieved: 3
06-21 19:34:23.619   531   531 D vndksupport: Loading /vendor/lib64/hw/vendor.huawei.hardware.audio@2.0-impl.so from current namespace instead of sphal namespace.
06-21 19:34:23.621   554   554 I /system/bin/surfaceflinger: android::hardware::configstore::V1_0::ISurfaceFlingerConfigs::startGraphicsAllocatorService retrieved: 0
06-21 19:34:23.629   545   545 E vendor.huawei.hardware.nfc@1.0-impl: HIDL_FETCH_IHWNfc: load hw lib:/vendor/lib64/hw/nfc_nci.pn54x_45_551.default.so
06-21 19:34:23.629   545   545 D vndksupport: Loading /vendor/lib64/hw/nfc_nci.pn54x_45_551.default.so from current namespace instead of sphal namespace.
06-21 19:34:23.629   531   531 I ServiceManagement: Removing namespace from process name vendor.huawei.hardware.audio@2.0-service to audio@2.0-servi.
06-21 19:34:23.630   554   554 I SurfaceFlinger: SurfaceFlinger is starting
06-21 19:34:23.631   554   554 I /system/bin/surfaceflinger: android::hardware::configstore::V1_0::ISurfaceFlingerConfigs::vsyncEventPhaseOffsetNs retrieved: 2000000
06-21 19:34:23.631   554   554 I /system/bin/surfaceflinger: android::hardware::configstore::V1_0::ISurfaceFlingerConfigs::vsyncSfEventPhaseOffsetNs retrieved: 2000000
06-21 19:34:23.631   554   554 I /system/bin/surfaceflinger: android::hardware::configstore::V1_0::ISurfaceFlingerConfigs::hasSyncFramework retrieved: 1
06-21 19:34:23.632   545   545 E HAL     : load: id=nfc_nci.pn54x_45_551 != hmi->id=nfc_nci.pn54x
06-21 19:34:23.632   545   545 E vendor.huawei.hardware.nfc@1.0-impl: HIDL_FETCH_IHWNfc: load hw lib:/vendor/lib64/hw/nfc_nci.pn54x.default.so
06-21 19:34:23.632   545   545 D vndksupport: Loading /vendor/lib64/hw/nfc_nci.pn54x.default.so from current namespace instead of sphal namespace.
06-21 19:34:23.632   551   551 I vendor.huawei.hardware.wifi@1.1-service: Wifi Hal 1.1 is starting up...
06-21 19:34:23.633   554   554 I /system/bin/surfaceflinger: android::hardware::configstore::V1_0::ISurfaceFlingerConfigs::useContextPriority retrieved: 0 (default)
06-21 19:34:23.634   531   531 I extaudiohalservice: Registration complete for vendor.huawei.hardware.audio@2.0::IDevicesFactory/default.
06-21 19:34:23.635   545   545 D NxpNfcNciHal: nfc_open: enter; name=nci
06-21 19:34:23.635   556   556 I aptouch_daemon: daemon_prop_version, daemon current version: emily/2.6.67, old version: emily/2.6.67.
06-21 19:34:23.635   545   545 D NxpNfcNciHal: nfc_open: exit 0
06-21 19:34:23.637   496   496 D AndroidRuntime: >>>>>> START com.android.internal.os.ZygoteInit uid 0 <<<<<<
06-21 19:34:23.637   556   556 I aptouch_daemon: open_lib, open libray libaftouch.so sucessfully
06-21 19:34:23.638   556   556 I         : void tp_filter_loglevel(unsigned int) end, set_loglevel=3
06-21 19:34:23.638   556   556 I aptouch_daemon: filter_set_loglevel, filter loglevel = 3
06-21 19:34:23.638   556   556 I aptouch_daemon: tpp_init_loglevel, update loglevel: 3
06-21 19:34:23.638   556   556 I aptouch_daemon: tpp_main, tpp START. g_log_level is: 3(1:error, 2:warning, 3:info, 4:debug)
06-21 19:34:23.638   556   556 I aptouch_daemon: tsdrv_init, Init success!
06-21 19:34:23.638   554   554 I /system/bin/surfaceflinger: android::hardware::configstore::V1_0::ISurfaceFlingerConfigs::presentTimeOffsetFromVSyncNs retrieved: 0
06-21 19:34:23.638   554   554 I /system/bin/surfaceflinger: android::hardware::configstore::V1_0::ISurfaceFlingerConfigs::useHwcForRGBtoYUV retrieved: 0
06-21 19:34:23.638   554   554 I /system/bin/surfaceflinger: android::hardware::configstore::V1_0::ISurfaceFlingerConfigs::maxVirtualDisplaySize retrieved: 0 (default)
06-21 19:34:23.638   554   554 I /system/bin/surfaceflinger: android::hardware::configstore::V1_0::ISurfaceFlingerConfigs::useVrFlinger retrieved: 0 (default)
06-21 19:34:23.638   554   554 I /system/bin/surfaceflinger: android::hardware::configstore::V1_0::ISurfaceFlingerConfigs::maxFrameBufferAcquiredBuffers retrieved: 3
06-21 19:34:23.638   554   554 I /system/bin/surfaceflinger: android::hardware::configstore::V1_0::ISurfaceFlingerConfigs::hasWideColorDisplay retrieved: 0
06-21 19:34:23.639   554   554 I SurfaceFlinger: Disabling backpressure propagation
06-21 19:34:23.639   554   554 I SurfaceFlinger: Enabling HWC virtual displays
06-21 19:34:23.639   554   554 I SurfaceFlinger: Disabling Triple Buffering
06-21 19:34:23.639   554   554 I SurfaceFlinger: SurfaceFlinger's main thread ready to run. Initializing graphics H/W...
06-21 19:34:23.639   594   594 I installd: installd firing up
06-21 19:34:23.639   554   554 I SurfaceFlinger: Phase offest NS: 2000000
06-21 19:34:23.640   531   531 D vndksupport: Loading /vendor/lib64/hw/android.hardware.audio.effect@2.0-impl.so from current namespace instead of sphal namespace.
06-21 19:34:23.640   545   545 I ServiceManagement: Removing namespace from process name vendor.huawei.hardware.nfc@1.0-service to nfc@1.0-service.
06-21 19:34:23.641   545   545 I vendor.huawei.hardware.nfc@1.0-service: Registration complete for vendor.huawei.hardware.nfc@1.0::IHWNfc/default.
06-21 19:34:23.642   551   551 D vndksupport: Loading /vendor/lib64/hw/vendor.huawei.hardware.wifi@1.1-impl.so from current namespace instead of sphal namespace.
06-21 19:34:23.643   588   588 E irda_hal_init: init hi64xx driver success
06-21 19:34:23.649   585   585 I iked    : [INFO]: main.c:499: starting /system/vendor/bin/iked 
06-21 19:34:23.650   601   601 I wificond: wificond is starting up...
06-21 19:34:23.651   583   583 D ConsumerIrHal: check file
06-21 19:34:23.652   588   588 I ServiceManagement: Removing namespace from process name vendor.huawei.hardware.irsl@1.0-service to irsl@1.0-servic.
06-21 19:34:23.652   496   496 I zygote  : option[0]=-Xzygote
06-21 19:34:23.652   496   496 I zygote  : option[1]=-Xusetombstonedtraces
06-21 19:34:23.652   496   496 I zygote  : option[2]=exit
06-21 19:34:23.652   496   496 I zygote  : option[3]=vfprintf
06-21 19:34:23.652   496   496 I zygote  : option[4]=sensitiveThread
06-21 19:34:23.652   496   496 I zygote  : option[5]=-verbose:gc
06-21 19:34:23.652   496   496 I zygote  : option[6]=-Xms8m
06-21 19:34:23.652   496   496 I zygote  : option[7]=-Xmx512m
06-21 19:34:23.652   496   496 I zygote  : option[8]=-XX:HeapGrowthLimit=384m
06-21 19:34:23.652   496   496 I zygote  : option[9]=-XX:HeapMinFree=2m
06-21 19:34:23.652   496   496 I zygote  : option[10]=-XX:HeapMaxFree=8m
06-21 19:34:23.652   496   496 I zygote  : option[11]=-XX:HeapTargetUtilization=0.75
06-21 19:34:23.652   496   496 I zygote  : option[12]=-Xusejit:true
06-21 19:34:23.652   496   496 I zygote  : option[13]=-Xjitsaveprofilinginfo
06-21 19:34:23.652   496   496 I zygote  : option[14]=-agentlib:jdwp=transport=dt_android_adb,suspend=n,server=y
06-21 19:34:23.652   496   496 I zygote  : option[15]=-Xlockprofthreshold:500
06-21 19:34:23.652   496   496 I zygote  : option[16]=-Ximage-compiler-option
06-21 19:34:23.652   496   496 I zygote  : option[17]=--runtime-arg
06-21 19:34:23.652   496   496 I zygote  : option[18]=-Ximage-compiler-option
06-21 19:34:23.652   496   496 I zygote  : option[19]=-Xms64m
06-21 19:34:23.652   496   496 I zygote  : option[20]=-Ximage-compiler-option
06-21 19:34:23.652   496   496 I zygote  : option[21]=--runtime-arg
06-21 19:34:23.652   496   496 I zygote  : option[22]=-Ximage-compiler-option
06-21 19:34:23.652   496   496 I zygote  : option[23]=-Xmx64m
06-21 19:34:23.652   496   496 I zygote  : option[24]=-Ximage-compiler-option
06-21 19:34:23.652   496   496 I zygote  : option[25]=--image-classes=/system/etc/preloaded-classes
06-21 19:34:23.652   496   496 I zygote  : option[26]=-Ximage-compiler-option
06-21 19:34:23.652   496   496 I zygote  : option[27]=--compiled-classes=/system/etc/compiled-classes
06-21 19:34:23.652   496   496 I zygote  : option[28]=-Ximage-compiler-option
06-21 19:34:23.652   496   496 I zygote  : option[29]=--dirty-image-objects=/system/etc/dirty-image-objects
06-21 19:34:23.652   496   496 I zygote  : option[30]=-Xcompiler-option
06-21 19:34:23.652   496   496 I zygote  : option[31]=--runtime-arg
06-21 19:34:23.652   496   496 I zygote  : option[32]=-Xcompiler-option
06-21 19:34:23.652   496   496 I zygote  : option[33]=-Xms64m
06-21 19:34:23.652   496   496 I zygote  : option[34]=-Xcompiler-option
06-21 19:34:23.652   496   496 I zygote  : option[35]=--runtime-arg
06-21 19:34:23.652   496   496 I zygote  : option[36]=-Xcompiler-option
06-21 19:34:23.652   496   496 I zygote  : option[37]=-Xmx512m
06-21 19:34:23.652   496   496 I zygote  : option[38]=-Xcompiler-option
06-21 19:34:23.653   496   496 I zygote  : option[39]=-j4
06-21 19:34:23.653   496   496 I zygote  : option[40]=-Ximage-compiler-option
06-21 19:34:23.653   496   496 I zygote  : option[41]=-j4
06-21 19:34:23.653   496   496 I zygote  : option[42]=-Ximage-compiler-option
06-21 19:34:23.653   496   496 I zygote  : option[43]=--instruction-set-variant=cortex-a15
06-21 19:34:23.653   496   496 I zygote  : option[44]=-Xcompiler-option
06-21 19:34:23.653   496   496 I zygote  : option[45]=--instruction-set-variant=cortex-a15
06-21 19:34:23.653   496   496 I zygote  : option[46]=-Ximage-compiler-option
06-21 19:34:23.653   496   496 I zygote  : option[47]=--instruction-set-features=default
06-21 19:34:23.653   496   496 I zygote  : option[48]=-Xcompiler-option
06-21 19:34:23.653   496   496 I zygote  : option[49]=--instruction-set-features=default
06-21 19:34:23.653   496   496 I zygote  : option[50]=-Duser.locale=el-GR
06-21 19:34:23.653   496   496 I zygote  : option[51]=--cpu-abilist=armeabi-v7a,armeabi
06-21 19:34:23.653   496   496 I zygote  : option[52]=-Xfingerprint:HUAWEI/CLT-L29/HWCLT:8.1.0/HUAWEICLT-L29/128(C432):user/release-keys
06-21 19:34:23.653   531   531 I extaudiohalservice: Registration complete for android.hardware.audio.effect@2.0::IEffectsFactory/default.
06-21 19:34:23.654   588   588 I vendor.huawei.hardware.irsl@1.0-service: Registration complete for vendor.huawei.hardware.irsl@1.0::IIrselflearning/irselflearning.
06-21 19:34:23.654   531   531 D vndksupport: Loading /vendor/lib64/hw/android.hardware.soundtrigger@2.0-impl.so from current namespace instead of sphal namespace.
06-21 19:34:23.654   583   583 I ConsumerIrHal: find permission file /odm/etc/permissions/android.hardware.consumerir.xml
06-21 19:34:23.655   583   583 E irda_hal_init: chiptype is hi64xx
06-21 19:34:23.655   583   583 E irda_hal_init: init hi64xx driver success
06-21 19:34:23.655   583   583 D ConsumerIrHal: Open Consumer IR HAL
06-21 19:34:23.656   583   583 I ServiceManagement: Removing namespace from process name android.hardware.ir@1.0-service to ir@1.0-service.
06-21 19:34:23.656   587   587 I vendor.huawei.hardware.biometrics.hwfacerecognize@1.1-service: Starting vendor.huawei.hardware.biometrics.hwfacerecognize@1.1-service
06-21 19:34:23.656   587   587 D HalDeviceManager: Opening face hal library...
06-21 19:34:23.656   587   587 D vndksupport: Loading /vendor/lib64/hw/facerecognize.kirin970.so from current namespace instead of sphal namespace.
06-21 19:34:23.658   531   531 D vndksupport: Loading /vendor/lib64/hw/sound_trigger.primary.default.so from current namespace instead of sphal namespace.
06-21 19:34:23.659   583   583 I android.hardware.ir@1.0-service: Registration complete for android.hardware.ir@1.0::IConsumerIr/default.
06-21 19:34:23.660   531   531 W linker  : "/vendor/lib64/hw/sound_trigger.primary.default.so" unused DT entry: type 0xf arg 0x70f
06-21 19:34:23.661   531   531 I soundtrigger_hw: stdev_open soundtrigger open.
06-21 19:34:23.661   531   531 I soundtrigger_hw: driver [/dev/soundtrigger_dma_drv] open success.
06-21 19:34:23.661   531   531 I soundtrigger_hw: [stdev_open] soundtrigger fast chan close already, ignore kernel error log.
06-21 19:34:23.661   531   531 I soundtrigger_hw: [stdev_open]soundtrigger open ret[0]
06-21 19:34:23.661   531   531 I SoundTriggerHalImpl: onFirstRef() mModuleName primary mHwDevice 0x79f2d5a128
06-21 19:34:23.662   551   551 I ServiceManagement: Removing namespace from process name vendor.huawei.hardware.wifi@1.1-service to wifi@1.1-servic.
06-21 19:34:23.662   531   531 I extaudiohalservice: Registration complete for android.hardware.soundtrigger@2.0::ISoundTriggerHw/default.
06-21 19:34:23.662   551   551 I vendor.huawei.hardware.hwwifiext@1.1-service: Registration complete for vendor.huawei.hardware.wifi@1.1::IHwWifiExt/default.
06-21 19:34:23.671   582   582 I DE N DisplayEngineServer: main:14: We're the service
06-21 19:34:23.673   587   587 D hal_facerecognize_manager: version 1 
06-21 19:34:23.673   587   587 D hal_facerecognize_manager: dlopen libFaceSecureCA.so
06-21 19:34:23.674   582   582 I DE N DES: DisplayEngineService:43: start
06-21 19:34:23.674   582   582 D DE N DEC: initLogSwitch:569: isProductDebuggable=1, isDebugLogOn=0
06-21 19:34:23.687   604   604 I chatty  : uid=1013(media) /vendor/bin/CameraDaemon expire 159 lines
06-21 19:34:23.688   582   582 D DE N ^CM: loadColorModeConfig:24: loadConfig start
06-21 19:34:23.689   582   582 D DE N ^CM: getCtrlParams:72: enable = 1
06-21 19:34:23.689   582   582 D DE N ^CM: getStateParams:106: mDefaultState = 1
06-21 19:34:23.689   582   582 D DE N ^CM: getComponentListParams:144: component COMPONENT_SHARP support state:0 
06-21 19:34:23.689   582   582 D DE N ^CM: getComponentListParams:144: component COMPONENT_CONTRAST support state:0 
06-21 19:34:23.689   582   582 D DE N ^CM: getComponentListParams:144: component COMPONENT_BLC support state:0 
06-21 19:34:23.689   582   582 D DE N ^CM: getComponentListParams:144: component COMPONENT_GMP support state:1 
06-21 19:34:23.689   582   582 D DE N ^CM: getComponentListParams:144: component COMPONENT_XCC support state:0 
06-21 19:34:23.689   582   582 D DE N ^CM: getComponentListParams:144: component COMPONENT_HUE support state:0 
06-21 19:34:23.689   582   582 D DE N ^CM: getComponentListParams:144: component COMPONENT_SAT support state:0 
06-21 19:34:23.689   582   582 D DE N ^CM: getComponentListParams:144: component COMPONENT_GAMMA support state:1 
06-21 19:34:23.689   582   582 D DE N ^CM: getComponentListParams:144: component COMPONENT_IGAMMA support state:1 
06-21 19:34:23.689   582   582 D DE N ^CM: loadColorModeConfig:46: loadConfig end
06-21 19:34:23.692   585   585 I iked    : [INFO]: main.c:551: reading config success.
06-21 19:34:23.692   585   585 I iked    : [INFO]: ike_localsocket.c:2442: Release WakeLock. vowifi_wake_lock_mapcon 
06-21 19:34:23.692   585   585 I iked    : [INFO]: ike_localsocket.c:2453: Release WakeLock. error Invalid argument
06-21 19:34:23.692   585   585 I iked    : [INFO]: ike_localsocket.c:2442: Release WakeLock. vowifi_wake_lock_network 
06-21 19:34:23.692   585   585 I iked    : [INFO]: ike_localsocket.c:2453: Release WakeLock. error Invalid argument
06-21 19:34:23.693   587   587 E hal_facerecognize_manager: get entry failed, open libFaceDetectCA.so failed, reason :dlopen failed: library "libMegviiUnlock.so" not found!
06-21 19:34:23.693   587   587 E hal_facerecognize_manager: mdlHandle NULL
06-21 19:34:23.693   587   587 D hal_facerecognize_manager: begain uninit!
06-21 19:34:23.693   587   587 I hal_facerecognize_thread: ~FaceRecognizeThread, FaceRecognizeThread
06-21 19:34:23.693   587   587 E HalDeviceManager: Can't open face methods, error: 14
06-21 19:34:23.693   587   587 E HalDeviceManager: Can't open HAL module
06-21 19:34:23.694   587   587 I ServiceManagement: Removing namespace from process name vendor.huawei.hardware.biometrics.hwfacerecognize@1.1-service to hwfacerecognize.
06-21 19:34:23.695   556   556 I aptouch_daemon: filter_prop_version, aft filter version: aft_abnormal/4.1.22_50
06-21 19:34:23.697   556   556 I aptouch_daemon: read_file, /odm/etc/firmware/ts/CLTE500900_AFT_param.csv
06-21 19:34:23.698   556   556 I aptouch_daemon: thp_parse_aft_parma_data_line, aft_param_num = 22
06-21 19:34:23.698   556   556 I aptouch_daemon: aft_monitor_init, Disable aftmonitor. log_is_factory(): 0, log_is_enabled(): 0
06-21 19:34:23.698   556   556 I aptouch_daemon: filter_init, Init success!
06-21 19:34:23.698   585   585 D iked    : registerikedService return status =0
06-21 19:34:23.698   585   585 D iked    : [DEBUG]: ikev2.c:2182: ikev2_redirect_init
06-21 19:34:23.698   585   585 D iked    : [DEBUG]: ikev2.c:2182: ikev2_redirect_init
06-21 19:34:23.701   582   582 D DE N ^HDR10: getComponentIDs:105: mComponentIDs.push_back(COMPONENT_CONTRAST)
06-21 19:34:23.701   582   582 D DE N ^HDR10: getComponentIDs:105: mComponentIDs.push_back(COMPONENT_GMP)
06-21 19:34:23.701   582   582 D DE N ^HDR10: getComponentIDs:105: mComponentIDs.push_back(COMPONENT_GAMMA)
06-21 19:34:23.701   582   582 D DE N ^HDR10: getComponentIDs:105: mComponentIDs.push_back(COMPONENT_IGAMMA)
06-21 19:34:23.702   582   582 D DE N ^XNIT: getCtrlParams:83: enable = 0
06-21 19:34:23.705   556   556 I aptouch_daemon: is system booting: 1
06-21 19:34:23.705   556   556 I aptouch_daemon: tpp_main, ----------prepare work done. waiting for reporting touch----------.
06-21 19:34:23.705   556   627 I aptouch_daemon: suspend_resume_thread_main, suspend-resume thread start
06-21 19:34:23.707   582   582 D DE N ^EP: AlgoParaLoader:216: AlgoParaLoader initialized.
06-21 19:34:23.707   612   612 I         : read mac from nv!
06-21 19:34:23.708   372   372 E         : pid 612, opration nvm_read OK
06-21 19:34:23.708   372   372 E         : 
06-21 19:34:23.708   612   612 I         : macaddr[1] = 67
06-21 19:34:23.708   372   372 E         : pid 612, opration nvm_read OK
06-21 19:34:23.708   372   372 E         : 
06-21 19:34:23.709   612   612 I         : read mac from nv finished,wifi status = 1, bt status = 1
06-21 19:34:23.710   612   612 I mac_addr: macaddr_file_dir is /data/misc/wifi/macwifi
06-21 19:34:23.710   618   618 I FingerprintDeviceBase: FAIL TO OPEN DTS FP_SENSOR_TYPE_NODE
06-21 19:34:23.710   618   618 I FingerprintDeviceBase: FAIL TO OPEN DTS FP_SENSOR_TYPE_NODE
06-21 19:34:23.710   618   618 D vendor.huawei.hardware.biometrics.fingerprint@2.1-service: single normal sensor
06-21 19:34:23.710   618   618 D FingerprintDevice: Opening fingerprint hal library...
06-21 19:34:23.710   618   618 D vndksupport: Loading /vendor/lib64/hw/fingerprint.kirin970.so from current namespace instead of sphal namespace.
06-21 19:34:23.711   556   556 I aptouch_daemon: set thp.dae_alive as: true
06-21 19:34:23.711   556   626 I aptouch_daemon: set thp.binder as: false
06-21 19:34:23.711   556   626 I aptouch_daemon: aptouch_binder_server_thread, use vndbinder
06-21 19:34:23.712   411   411 E SELinux : avc:  denied  { add } for service=service.aptouchinterfaceservice pid=556 uid=0 scontext=u:r:aptouch_daemon:s0 tcontext=u:object_r:aptouch_daemon_service:s0 tclass=service_manager permissive=0
06-21 19:34:23.712   411   411 E VendorServiceManager: add_service('service.aptouchinterfaceservice',1) uid=0 - PERMISSION DENIED
06-21 19:34:23.713   613   613 E         : [gpsdaemon] is Commercial User  
06-21 19:34:23.713   612   612 I mac_addr: macaddr_file_dir is /data/misc/bluedroid/macbt
06-21 19:34:23.713   613   613 E         : [gpsdaemon]  pid = 613, ppid = 1
06-21 19:34:23.713   613   613 E         : 
06-21 19:34:23.713   613   613 E         : [gpsdaemon] will delete path is /data/gps/crash.cont 
06-21 19:34:23.718   582   582 D DE N ^EP: printConfig:389: mAmbientLuxThreshold = -1300
06-21 19:34:23.718   582   582 D DE N ^EP: printConfig:389: mAmbientLuxThreshold = -1000
06-21 19:34:23.718   582   582 D DE N ^EP: printConfig:389: mAmbientLuxThreshold = -800
06-21 19:34:23.718   582   582 D DE N ^EP: printConfig:389: mAmbientLuxThreshold = -500
06-21 19:34:23.718   582   582 D DE N ^EP: printConfig:389: mAmbientLuxThreshold = -300
06-21 19:34:23.718   582   582 D DE N ^EP: printConfig:389: mAmbientLuxThreshold = -200
06-21 19:34:23.718   582   582 D DE N ^EP: printConfig:389: mAmbientLuxThreshold = -100
06-21 19:34:23.718   582   582 D DE N ^EP: printConfig:389: mAmbientLuxThreshold = 0
06-21 19:34:23.718   582   582 D DE N ^EP: printConfig:389: mAmbientLuxThreshold = 100
06-21 19:34:23.718   582   582 D DE N ^EP: printConfig:389: mAmbientLuxThreshold = 300
06-21 19:34:23.718   582   582 D DE N ^EP: printConfig:389: mAmbientLuxThreshold = 500
06-21 19:34:23.718   582   582 D DE N ^EP: printConfig:389: mAmbientLuxThreshold = 1000
06-21 19:34:23.718   582   582 D DE N ^EP: printConfig:389: mAmbientLuxThreshold = 5000
06-21 19:34:23.718   582   582 D DE N ^EP: printConfig:389: mAmbientLuxThreshold = 10000
06-21 19:34:23.718   582   582 D DE N ^EP: printConfig:389: mAmbientLuxThreshold = 30000
06-21 19:34:23.718   582   582 D DE N ^EP: printConfig:393: mRgbGammaLut=1.000000,0.870000,0.700000
06-21 19:34:23.718   582   582 D DE N ^EP: printConfig:393: mRgbGammaLut=1.000000,0.880000,0.730000
06-21 19:34:23.718   582   582 D DE N ^EP: printConfig:393: mRgbGammaLut=1.000000,0.880000,0.750000
06-21 19:34:23.718   582   582 D DE N ^EP: printConfig:393: mRgbGammaLut=1.000000,0.890000,0.780000
06-21 19:34:23.718   582   582 D DE N ^EP: printConfig:393: mRgbGammaLut=1.000000,0.890000,0.790000
06-21 19:34:23.718   582   582 D DE N ^EP: printConfig:393: mRgbGammaLut=1.000000,0.900000,0.800000
06-21 19:34:23.718   582   582 D DE N ^EP: printConfig:393: mRgbGammaLut=1.000000,0.900000,0.810000
06-21 19:34:23.718   582   582 D DE N ^EP: printConfig:393: mRgbGammaLut=1.000000,0.910000,0.820000
06-21 19:34:23.718   582   582 D DE N ^EP: printConfig:393: mRgbGammaLut=1.000000,0.920000,0.830000
06-21 19:34:23.718   582   582 D DE N ^EP: printConfig:393: mRgbGammaLut=1.000000,0.940000,0.850000
06-21 19:34:23.718   582   582 D DE N ^EP: printConfig:393: mRgbGammaLut=1.000000,0.960000,0.870000
06-21 19:34:23.718   582   582 D DE N ^EP: printConfig:393: mRgbGammaLut=1.000000,0.980000,0.890000
06-21 19:34:23.718   582   582 D DE N ^EP: printConfig:393: mRgbGammaLut=1.000000,0.980000,0.950000
06-21 19:34:23.718   582   582 D DE N ^EP: printConfig:393: mRgbGammaLut=1.000000,0.990000,0.990000
06-21 19:34:23.718   582   582 D DE N ^EP: printConfig:393: mRgbGammaLut=1.000000,1.000000,1.000000
06-21 19:34:23.719   608   608 I gatekeeperd: Starting gatekeeperd...
06-21 19:34:23.720   582   582 D DE N ^EP: loadEyeProtectionConfig:176: loadConfig finished.
06-21 19:34:23.720   582   582 D DE N ^TrueTone: AlgoParaLoader:376: AlgoParaLoader initialized.
06-21 19:34:23.721   582   582 W DE N XP : openXml:11: Could not parse /product/etc/display/effect/displayengine/featureprocessor/truetone.xml document
06-21 19:34:23.721   582   582 W DE N FP : loadConfig:161: [feature_xml] /product/etc/display/effect/displayengine/featureprocessor/truetone.xml, open failed 
06-21 19:34:23.721   582   582 W DE N XP : openXml:11: Could not parse /product/etc/display/effect/displayengine/featureprocessor/truetone.xml document
06-21 19:34:23.721   582   582 W DE N ^TrueTone: loadTrueToneConfig:333: xml file open failed. /product/etc/display/effect/displayengine/featureprocessor/truetone.xml
06-21 19:34:23.721   582   582 D DE N ^TrueTone: TrueToneProcessor:40: TrueTone Processor established.
06-21 19:34:23.721   611   611 I hinetmanager: hinetmanager starts.
06-21 19:34:23.722   582   582 D ThreeDimensionColorTempControlProcessor: loadThreeDimensionColorTempControlConfig:80: loadConfig finished.
06-21 19:34:23.722   582   582 D RGLedProcessor: AlgoParaLoader:164: AlgoParaLoader initialized.
06-21 19:34:23.727   582   582 D RGLedProcessor: loadRGLedConfig:121: loadConfig finished.
06-21 19:34:23.727   582   582 W DE N XP : openXml:11: Could not parse /product/etc/display/effect/displayengine/featureprocessor/hbm.xml document
06-21 19:34:23.727   582   582 W DE N ^HBM: loadConfig:68: [feature_xml] /product/etc/display/effect/displayengine/featureprocessor/hbm.xml, open failed 
06-21 19:34:23.727   582   582 W DE N XP : openXml:11: Could not parse /product/etc/display/effect/displayengine/featureprocessor/sharp2p.xml document
06-21 19:34:23.727   582   582 W DE N FP : loadConfig:161: [feature_xml] /product/etc/display/effect/displayengine/featureprocessor/sharp2p.xml, open failed 
06-21 19:34:23.727   582   582 W DE N XP : openXml:11: Could not parse /product/etc/display/effect/displayengine/featureprocessor/acl.xml document
06-21 19:34:23.727   582   582 W DE N FP : loadConfig:161: [feature_xml] /product/etc/display/effect/displayengine/featureprocessor/acl.xml, open failed 
06-21 19:34:23.727   603   603 D vndksupport: Loading /vendor/lib64/hw/vendor.huawei.hardware.gnss@1.0-impl.so from current namespace instead of sphal namespace.
06-21 19:34:23.727   582   582 D DE N ALA: ConfigLoader:352: 
06-21 19:34:23.727   582   582 I DE N ALA: loadDefaultConfig:493: 
06-21 19:34:23.727   582   582 D DE N ALA: AmbientLightFilterAlgo:15: 
06-21 19:34:23.727   582   582 D DE N ALA: loadXML:370: 
06-21 19:34:23.728   611   611 I hinetmanager: init_hinetmagager
06-21 19:34:23.728   611   611 I hinetmanager: hinetmanager first start
06-21 19:34:23.728   611   611 I hinetmanager_record: file path exists.
06-21 19:34:23.730   596   596 I chatty  : uid=1013(media) /system/bin/mediadrmserver expire 1 line
06-21 19:34:23.730   582   582 I DE N ALA: printConfig:569: mLightSensorRateMillis = 300
