01-10 07:23:14.055   487   487 I init    : type=1400 audit(0.0:47): avc: denied { execute_no_trans } for path="/system/bin/imsqmidaemon" dev="mmcblk0p47" ino=248 scontext=u:r:init:s0 tcontext=u:object_r:system_file:s0 tclass=file permissive=1
01-10 07:23:14.059   466   482 I PerMgrSrv: QMI service start
01-10 07:23:14.451   487   487 E Diag_Lib: QMID : gIsQXDMDisabled 0, gIsADBDisabled 1, gIsDebugDisabled 0, gIsIMSLogsDisabled 0
01-10 07:23:14.451   487   487 E Diag_Lib: QMID : gIsQXDMDisabled 0, gIsADBDisabled 1, gIsDebugDisabled 0, gIsIMSLogsDisabled 0
01-10 07:23:14.451   487   487 E Diag_Lib: [IMS_QMID] |imsqmiserver.c | 538 | QMID#$$#0#QMI DAEMON STARTED
01-10 07:23:14.451   487   487 E Diag_Lib: QMID : gIsQXDMDisabled 0, gIsADBDisabled 1, gIsDebugDisabled 0, gIsIMSLogsDisabled 0
01-10 07:23:14.451   487   487 E Diag_Lib: QMID : gIsQXDMDisabled 0, gIsADBDisabled 1, gIsDebugDisabled 0, gIsIMSLogsDisabled 0
01-10 07:23:14.452   487   487 E Diag_Lib: QMID : gIsQXDMDisabled 0, gIsADBDisabled 1, gIsDebugDisabled 0, gIsIMSLogsDisabled 0
01-10 07:23:14.452   487   487 E Diag_Lib: QMID : gIsQXDMDisabled 0, gIsADBDisabled 1, gIsDebugDisabled 0, gIsIMSLogsDisabled 0
01-10 07:23:14.452   487   487 E Diag_Lib: QMID : gIsQXDMDisabled 0, gIsADBDisabled 1, gIsDebugDisabled 0, gIsIMSLogsDisabled 0
01-10 07:23:14.467   487   487 E Diag_Lib: QMID : gIsQXDMDisabled 0, gIsADBDisabled 1, gIsDebugDisabled 0, gIsIMSLogsDisabled 0
01-10 07:23:14.467   487   487 E Diag_Lib: QMID : gIsQXDMDisabled 0, gIsADBDisabled 1, gIsDebugDisabled 0, gIsIMSLogsDisabled 0
01-10 07:23:14.467   487   487 E Diag_Lib: QMID : gIsQXDMDisabled 0, gIsADBDisabled 1, gIsDebugDisabled 0, gIsIMSLogsDisabled 0
01-05 13:09:13.595   513   587 D QC-time-services: Daemon:genoff_modem_qmi_service_request: Initiallizing QMI 
01-05 13:09:13.596   513   587 E QMI_FW  : QMUXD: WARNING qmi_qmux_if_pwr_up_init failed! rc=-1
01-05 13:09:13.597   513   587 E QMI_FW  : QMUXD: WARNING qmi_qmux_if_pwr_up_init failed! rc=-1
01-05 13:09:13.597   513   587 E QC-time-services: Daemon:genoff_modem_qmi_service_request: qmi_client_get_service_list returned -2num_services 0
01-05 13:09:13.602   494   580 I ThermalEngine: vdd_restrict_qmi_request: MODEM req level(0) is recorded and waiting for completing QMI registration
01-05 13:09:13.602   494   580 I ThermalEngine: vdd_restrict_qmi_request: ADSP req level(0) is recorded and waiting for completing QMI registration
01-05 13:09:13.724   531   531 E Diag_Lib: DATAD : gIsQXDMDisabled 0, gIsADBDisabled 1, gIsDebugDisabled 0, gIsIMSLogsDisabled 0
01-05 13:09:13.724   531   531 E Diag_Lib: DATAD : gIsQXDMDisabled 0, gIsADBDisabled 1, gIsDebugDisabled 0, gIsIMSLogsDisabled 0
01-05 13:09:13.724   531   531 E Diag_Lib: DATAD : gIsQXDMDisabled 0, gIsADBDisabled 1, gIsDebugDisabled 0, gIsIMSLogsDisabled 0
01-05 13:09:13.724   531   531 E Diag_Lib: DATAD : gIsQXDMDisabled 0, gIsADBDisabled 1, gIsDebugDisabled 0, gIsIMSLogsDisabled 0
01-05 13:09:13.724   531   531 E Diag_Lib: DATAD : gIsQXDMDisabled 0, gIsADBDisabled 1, gIsDebugDisabled 0, gIsIMSLogsDisabled 0
01-05 13:09:13.724   531   531 E Diag_Lib: DATAD : gIsQXDMDisabled 0, gIsADBDisabled 1, gIsDebugDisabled 0, gIsIMSLogsDisabled 0
01-05 13:09:13.732   531   531 E Diag_Lib: DATAD : gIsQXDMDisabled 0, gIsADBDisabled 1, gIsDebugDisabled 0, gIsIMSLogsDisabled 0
01-05 13:09:13.732   531   531 E Diag_Lib: DATAD : gIsQXDMDisabled 0, gIsADBDisabled 1, gIsDebugDisabled 0, gIsIMSLogsDisabled 0
01-05 13:09:13.732   531   531 E Diag_Lib: DATAD : gIsQXDMDisabled 0, gIsADBDisabled 1, gIsDebugDisabled 0, gIsIMSLogsDisabled 0
01-05 13:09:13.732   531   531 E Diag_Lib: DATAD : gIsQXDMDisabled 0, gIsADBDisabled 1, gIsDebugDisabled 0, gIsIMSLogsDisabled 0
01-05 13:09:13.732   531   531 E Diag_Lib: DATAD : gIsQXDMDisabled 0, gIsADBDisabled 1, gIsDebugDisabled 0, gIsIMSLogsDisabled 0
01-05 13:09:13.732   531   531 E Diag_Lib: DATAD : gIsQXDMDisabled 0, gIsADBDisabled 1, gIsDebugDisabled 0, gIsIMSLogsDisabled 0
01-05 13:09:13.732   531   531 E Diag_Lib: DATAD : gIsQXDMDisabled 0, gIsADBDisabled 1, gIsDebugDisabled 0, gIsIMSLogsDisabled 0
01-05 13:09:13.732   531   531 E Diag_Lib: DATAD : gIsQXDMDisabled 0, gIsADBDisabled 1, gIsDebugDisabled 0, gIsIMSLogsDisabled 0
01-05 13:09:13.733   531   531 E Diag_Lib: DATAD : gIsQXDMDisabled 0, gIsADBDisabled 1, gIsDebugDisabled 0, gIsIMSLogsDisabled 0
01-05 13:09:13.733   531   531 E Diag_Lib: DATAD : gIsQXDMDisabled 0, gIsADBDisabled 1, gIsDebugDisabled 0, gIsIMSLogsDisabled 0
01-05 13:09:13.733   531   531 E Diag_Lib: DATAD : gIsQXDMDisabled 0, gIsADBDisabled 1, gIsDebugDisabled 0, gIsIMSLogsDisabled 0
01-05 13:09:14.109   732   732 I init    : type=1400 audit(0.0:109): avc: denied { execute_no_trans } for path="/system/bin/qmuxd" dev="mmcblk0p47" ino=353 scontext=u:r:init:s0 tcontext=u:object_r:system_file:s0 tclass=file permissive=1
01-05 13:09:14.153   732   732 I qmuxd   : type=1400 audit(0.0:110): avc: denied { write } for name="smem_log" dev="tmpfs" ino=11830 scontext=u:r:init:s0 tcontext=u:object_r:device:s0 tclass=chr_file permissive=1
01-05 13:09:14.885   510   510 I rild    : type=1400 audit(0.0:127): avc: denied { call } for scontext=u:r:rild:s0 tcontext=u:r:init:s0 tclass=binder permissive=1
01-05 13:09:14.885   510   510 I rild    : type=1400 audit(0.0:128): avc: denied { transfer } for scontext=u:r:rild:s0 tcontext=u:r:init:s0 tclass=binder permissive=1
01-05 13:09:15.598   513   587 E QMI_FW  : QMUXD: WARNING qmi_qmux_if_pwr_up_init failed! rc=-1
01-05 13:09:15.598   513   587 E QMI_FW  : QMUXD: WARNING qmi_qmux_if_pwr_up_init failed! rc=-1
01-05 13:09:15.598   513   587 E QC-time-services: Daemon:genoff_modem_qmi_service_request: qmi_client_get_service_list returned -2num_services 0
01-05 13:09:16.701   915   915 I rild    : type=1400 audit(0.0:170): avc: denied { ioctl } for path="socket:[15200]" dev="sockfs" ino=15200 ioctlcmd=c302 scontext=u:r:rild:s0 tcontext=u:r:rild:s0 tclass=socket permissive=1
01-05 13:09:16.701   916   916 I rild    : type=1400 audit(0.0:171): avc: denied { setattr } for name=716D75785F636C69656E745F736F636B657420202020393136 dev="tmpfs" ino=16913 scontext=u:r:rild:s0 tcontext=u:object_r:socket_device:s0 tclass=sock_file permissive=1
01-05 13:09:16.873   513   587 E QMI_FW  : QMUXD: WARNING qmi_qmux_if_pwr_up_init failed! rc=-1
01-05 13:09:16.874   513   587 E QMI_FW  : QMUXD: WARNING qmi_qmux_if_pwr_up_init failed! rc=-1
01-05 13:09:16.874   513   587 E QC-time-services: Daemon:genoff_modem_qmi_service_request: qmi_client_get_service_list returned 0num_services 1
01-05 13:09:16.875   513   587 E QMI_FW  : QMUXD: WARNING qmi_qmux_if_pwr_up_init failed! rc=-1
01-05 13:09:16.878   513   587 E QMI_FW  : QMUXD: WARNING qmi_qmux_if_pwr_up_init failed! rc=-1
01-05 13:09:16.879   513   587 D QC-time-services: Daemon:genoff_modem_qmi_service_request: Initial transaction successfull
01-05 13:09:17.503   957   957 D BatteryStatsImpl: Reading daily items from /data/system/batterystats-daily.xml
01-05 13:09:18.717   915   915 I rild    : type=1400 audit(0.0:273): avc: denied { setattr } for name=716D75785F636C69656E745F736F636B657420202020393135 dev="tmpfs" ino=19810 scontext=u:r:rild:s0 tcontext=u:object_r:socket_device:s0 tclass=sock_file permissive=1
01-05 13:09:19.568   494   540 I ThermalEngine: qmi: Instance id 157 for fusion TS
01-05 13:09:19.721   911   911 I rild    : type=1400 audit(0.0:333): avc: denied { write } for name="dummy_file" dev="mmcblk0p50" ino=842164 scontext=u:r:rild:s0 tcontext=u:object_r:system_data_file:s0 tclass=file permissive=1
01-05 13:09:19.765   915   915 I rild    : type=1400 audit(0.0:334): avc: denied { ioctl } for path="socket:[15200]" dev="sockfs" ino=15200 ioctlcmd=c302 scontext=u:r:rild:s0 tcontext=u:r:rild:s0 tclass=socket permissive=1
01-05 13:09:21.929   510   785 E QMI_FW  : xport_send: Sendto failed for port 4864
01-05 13:09:21.929   510   785 E QMI_FW  : QCCI qmi_cci_flush_tx_q: Error sending TXN: svc_id: 36 txn_id: 1 msg_id: 34
01-05 13:09:24.618   957  5247 E QMI_FW  : xport_send: Sendto failed for port 11520
01-05 13:09:24.618   957  5247 E QMI_FW  : QCCI qmi_cci_flush_tx_q: Error sending TXN: svc_id: 16 txn_id: 1 msg_id: 33
01-05 13:09:24.997  4757  4757 I rild    : type=1400 audit(0.0:506): avc: denied { ioctl } for path="socket:[15200]" dev="sockfs" ino=15200 ioctlcmd=c302 scontext=u:r:rild:s0 tcontext=u:r:rild:s0 tclass=socket permissive=1
01-05 13:09:25.152  5287  5287 D TelephonyProvider: dbh.onOpen: ok, queried table=siminfo
01-05 13:09:25.153  5287  5287 D TelephonyProvider: dbh.onOpen: ok, queried table=carriers
01-05 13:09:25.202  5287  5287 D CarrierProvider: onCreate
01-05 13:09:25.706   957  5247 E QMI_FW  : xport_send: Sendto failed for port 11520
01-05 13:09:25.706   957  5247 E QMI_FW  : QCCI qmi_cci_flush_tx_q: Error sending TXN: svc_id: 16 txn_id: 1 msg_id: 33
01-05 13:09:26.077  4757  4757 I rild    : type=1400 audit(0.0:508): avc: denied { ioctl } for path="socket:[15200]" dev="sockfs" ino=15200 ioctlcmd=c302 scontext=u:r:rild:s0 tcontext=u:r:rild:s0 tclass=socket permissive=1
01-05 13:09:26.215  5287  5287 D CarrierConfigLoader: CarrierConfigLoader has started
01-05 13:09:26.560  5287  5287 D CarrierConfigLoader: mHandler: 12 phoneId: 0
01-05 13:09:26.728   957  5247 E QMI_FW  : xport_send: Sendto failed for port 11520
01-05 13:09:26.728   957  5247 E QMI_FW  : QCCI qmi_cci_flush_tx_q: Error sending TXN: svc_id: 16 txn_id: 1 msg_id: 33
01-05 13:09:27.002   510   785 I chatty  : uid=1001(radio) /vendor/bin/hw/rild identical 1 line
01-05 13:09:27.034   510   785 E QMI_FW  : xport_send: Sendto failed for port 11776
01-05 13:09:27.034   510   785 E QMI_FW  : QCCI qmi_cci_flush_tx_q: Error sending TXN: svc_id: 42 txn_id: 1 msg_id: 39
01-05 13:09:27.034   510   785 E QMI_FW  : xport_send: Sendto failed for port 11776
01-05 13:09:27.035   510   785 E QMI_FW  : QCCI qmi_cci_flush_tx_q: Error sending TXN: svc_id: 42 txn_id: 2 msg_id: 36
01-05 13:09:27.187   510  2192 E QMI_FW  : xport_send: Sendto failed for port 11776
01-05 13:09:27.187   510  2192 E QMI_FW  : QCCI qmi_cci_flush_tx_q: Error sending TXN: svc_id: 42 txn_id: 3 msg_id: 37
01-05 13:09:27.201  2192  2192 I rild    : type=1400 audit(0.0:510): avc: denied { write } for name="iccid_0" dev="mmcblk0p50" ino=842165 scontext=u:r:rild:s0 tcontext=u:object_r:system_data_file:s0 tclass=file permissive=1
01-05 13:09:27.785   957  5247 E QMI_FW  : xport_send: Sendto failed for port 11520
01-05 13:09:27.785   957  5247 E QMI_FW  : QCCI qmi_cci_flush_tx_q: Error sending TXN: svc_id: 16 txn_id: 1 msg_id: 33
01-05 13:09:28.372   957   957 I GnssLocationProvider: WakeLock acquired by sendMessage(SUBSCRIPTION_OR_SIM_CHANGED, 0, null)
01-05 13:09:28.382   957   999 I GnssLocationProvider: WakeLock released by handleMessage(SUBSCRIPTION_OR_SIM_CHANGED, 0, null)
01-05 13:09:28.465   957  5417 I Telecom : PhoneAccountRegistrar: New phone account registered: [[ ] PhoneAccount: ComponentInfo{com.android.phone/com.android.services.telephony.TelephonyConnectionService}, [****], UserHandle{0} Capabilities: CallProvider MultiUser PlaceEmerg SimSub  Audio Routes: BESW Schemes: tel voicemail  Extras: Bundle[mParcelledData.dataSize=124] GroupId: [****]]: TSI.rPA@AAg
01-05 13:09:28.476  5287  5287 I TelecomFramework: AccountEntry: Registered phoneAccount: [[ ] PhoneAccount: ComponentInfo{com.android.phone/com.android.services.telephony.TelephonyConnectionService}, [****], UserHandle{0} Capabilities: CallProvider MultiUser PlaceEmerg SimSub  Audio Routes: BESW Schemes: tel voicemail  Extras: Bundle[{android.telecom.extra.SUPPORTS_VIDEO_CALLING_FALLBACK=false}] GroupId: [****]] with handle: ComponentInfo{com.android.phone/com.android.services.telephony.TelephonyConnectionService}, [****], UserHandle{0}
01-05 13:09:28.543   957   957 I GnssLocationProvider: WakeLock acquired by sendMessage(SUBSCRIPTION_OR_SIM_CHANGED, 0, null)
01-05 13:09:28.556   957   999 I GnssLocationProvider: WakeLock released by handleMessage(SUBSCRIPTION_OR_SIM_CHANGED, 0, null)
01-05 13:09:28.618  5287  5287 D IntentBroadcaster: Broadcasting and adding intent for rebroadcast: android.intent.action.SIM_STATE_CHANGED READY for slotId 0
01-05 13:09:28.643  5287  5287 I TelecomFramework: AccountEntry: Registered phoneAccount: [[ ] PhoneAccount: ComponentInfo{com.android.phone/com.android.services.telephony.TelephonyConnectionService}, [****], UserHandle{0} Capabilities: CallProvider MultiUser PlaceEmerg SimSub  Audio Routes: BESW Schemes: tel voicemail  Extras: Bundle[{android.telecom.extra.SUPPORTS_VIDEO_CALLING_FALLBACK=false}] GroupId: [****]] with handle: ComponentInfo{com.android.phone/com.android.services.telephony.TelephonyConnectionService}, [****], UserHandle{0}
01-05 13:09:28.654  5287  5287 I VvmSimStateTracker: android.intent.action.SIM_STATE_CHANGED
01-05 13:09:28.688  5287  5287 D IntentBroadcaster: Broadcasting and adding intent for rebroadcast: android.intent.action.SIM_STATE_CHANGED IMSI for slotId 0
01-05 13:09:28.710  5287  5287 I VvmSimStateTracker: android.intent.action.SIM_STATE_CHANGED
01-05 13:09:28.720   957   957 I GnssLocationProvider: WakeLock acquired by sendMessage(SUBSCRIPTION_OR_SIM_CHANGED, 0, null)
01-05 13:09:28.723   957   999 I GnssLocationProvider: WakeLock released by handleMessage(SUBSCRIPTION_OR_SIM_CHANGED, 0, null)
01-05 13:09:28.794  5287  5287 I TelecomFramework: AccountEntry: Registered phoneAccount: [[ ] PhoneAccount: ComponentInfo{com.android.phone/com.android.services.telephony.TelephonyConnectionService}, [****], UserHandle{0} Capabilities: CallProvider MultiUser PlaceEmerg SimSub  Audio Routes: BESW Schemes: tel voicemail  Extras: Bundle[{android.telecom.extra.SUPPORTS_VIDEO_CALLING_FALLBACK=false}] GroupId: [****]] with handle: ComponentInfo{com.android.phone/com.android.services.telephony.TelephonyConnectionService}, [****], UserHandle{0}
01-05 13:09:28.207   957  5247 E QMI_FW  : xport_send: Sendto failed for port 11520
01-05 13:09:28.207   957  5247 E QMI_FW  : QCCI qmi_cci_flush_tx_q: Error sending TXN: svc_id: 16 txn_id: 1 msg_id: 33
01-05 13:09:28.454   957  5113 I Telecom : PhoneAccountRegistrar: New phone account registered: [[ ] PhoneAccount: ComponentInfo{com.android.phone/com.android.services.telephony.TelephonyConnectionService}, [****], UserHandle{0} Capabilities: CallProvider MultiUser PlaceEmerg SimSub  Audio Routes: BESW Schemes: tel voicemail  Extras: Bundle[mParcelledData.dataSize=124] GroupId: [****]]: TSI.rPA@ABU
01-05 13:09:28.470  5287  5287 I TelecomFramework: AccountEntry: Registered phoneAccount: [[ ] PhoneAccount: ComponentInfo{com.android.phone/com.android.services.telephony.TelephonyConnectionService}, [****], UserHandle{0} Capabilities: CallProvider MultiUser PlaceEmerg SimSub  Audio Routes: BESW Schemes: tel voicemail  Extras: Bundle[{android.telecom.extra.SUPPORTS_VIDEO_CALLING_FALLBACK=false}] GroupId: [****]] with handle: ComponentInfo{com.android.phone/com.android.services.telephony.TelephonyConnectionService}, [****], UserHandle{0}
01-05 13:09:28.669  5287  5294 I zygote64: Compiler allocated 10MB to compile void com.android.internal.telephony.uicc.SIMRecords.handleMessage(android.os.Message)
01-05 13:09:28.696   957   957 I GnssLocationProvider: WakeLock acquired by sendMessage(SUBSCRIPTION_OR_SIM_CHANGED, 0, null)
01-05 13:09:28.737  5157  5157 W KeyguardUpdateMonitor: invalid subId in handleSimStateChange()
01-05 13:09:28.737  5157  5157 W KeyguardUpdateMonitor: invalid subId in handleSimStateChange()
01-05 13:09:28.740   957   999 I GnssLocationProvider: WakeLock released by handleMessage(SUBSCRIPTION_OR_SIM_CHANGED, 0, null)
01-05 13:09:28.766   957   957 I GnssLocationProvider: WakeLock acquired by sendMessage(SUBSCRIPTION_OR_SIM_CHANGED, 0, null)
01-05 13:09:28.770   957   957 I GnssLocationProvider: WakeLock acquired by sendMessage(SUBSCRIPTION_OR_SIM_CHANGED, 0, null)
01-05 13:09:28.786   957   999 I GnssLocationProvider: WakeLock released by handleMessage(SUBSCRIPTION_OR_SIM_CHANGED, 0, null)
01-05 13:09:28.798   957   999 I GnssLocationProvider: WakeLock released by handleMessage(SUBSCRIPTION_OR_SIM_CHANGED, 0, null)
01-05 13:09:28.812   957   957 I GnssLocationProvider: WakeLock acquired by sendMessage(SUBSCRIPTION_OR_SIM_CHANGED, 0, null)
01-05 13:09:28.817  5287  5505 D IntentBroadcaster: Broadcasting and adding intent for rebroadcast: android.intent.action.SIM_STATE_CHANGED LOADED for slotId 0
01-05 13:09:28.819   957   957 D WifiService: resetting networks because SIM was loaded
01-05 13:09:28.819  5287  5505 D CarrierConfigLoader: update config for phoneId: 0 simState: LOADED
01-05 13:09:28.819   957  2669 D WifiStateMachine: resetting EAP-SIM/AKA/AKA' networks since SIM was changed
01-05 13:09:28.820  5287  5505 D CarrierSvcBindHelper: update binding for phoneId: 0 simState: LOADED
01-05 13:09:28.834   957   999 I GnssLocationProvider: WakeLock released by handleMessage(SUBSCRIPTION_OR_SIM_CHANGED, 0, null)
01-05 13:09:28.902  5287  5287 I TelecomFramework: AccountEntry: Registered phoneAccount: [[ ] PhoneAccount: ComponentInfo{com.android.phone/com.android.services.telephony.TelephonyConnectionService}, [****], UserHandle{0} Capabilities: CallProvider MultiUser PlaceEmerg SimSub  Audio Routes: BESW Schemes: tel voicemail  Extras: Bundle[{android.telecom.extra.SUPPORTS_VIDEO_CALLING_FALLBACK=false}] GroupId: [****]] with handle: ComponentInfo{com.android.phone/com.android.services.telephony.TelephonyConnectionService}, [****], UserHandle{0}
01-05 13:09:28.930  5287  5287 I TelecomFramework: AccountEntry: Registered phoneAccount: [[ ] PhoneAccount: ComponentInfo{com.android.phone/com.android.services.telephony.TelephonyConnectionService}, [****], UserHandle{0} Capabilities: CallProvider MultiUser PlaceEmerg SimSub  Audio Routes: BESW Schemes: tel voicemail  Extras: Bundle[{android.telecom.extra.SUPPORTS_VIDEO_CALLING_FALLBACK=false}] GroupId: [****]] with handle: ComponentInfo{com.android.phone/com.android.services.telephony.TelephonyConnectionService}, [****], UserHandle{0}
01-05 13:09:28.960  5287  5287 I TelecomFramework: AccountEntry: Registered phoneAccount: [[ ] PhoneAccount: ComponentInfo{com.android.phone/com.android.services.telephony.TelephonyConnectionService}, [****], UserHandle{0} Capabilities: CallProvider MultiUser PlaceEmerg SimSub  Audio Routes: BESW Schemes: tel voicemail  Extras: Bundle[{android.telecom.extra.SUPPORTS_VIDEO_CALLING_FALLBACK=false}] GroupId: [****]] with handle: ComponentInfo{com.android.phone/com.android.services.telephony.TelephonyConnectionService}, [****], UserHandle{0}
01-05 13:09:28.999  5287  5287 I TelecomFramework: AccountEntry: Registered phoneAccount: [[ ] PhoneAccount: ComponentInfo{com.android.phone/com.android.services.telephony.TelephonyConnectionService}, [****], UserHandle{0} Capabilities: CallProvider MultiUser PlaceEmerg SimSub  Audio Routes: BESW Schemes: tel voicemail  Extras: Bundle[{android.telecom.extra.SUPPORTS_VIDEO_CALLING_FALLBACK=false}] GroupId: [****]] with handle: ComponentInfo{com.android.phone/com.android.services.telephony.TelephonyConnectionService}, [****], UserHandle{0}
01-05 13:09:29.012  5287  5287 I VvmSimStateTracker: android.intent.action.SIM_STATE_CHANGED
01-05 13:09:29.013  5287  5287 D CarrierConfigLoader: mHandler: 7 phoneId: 0
01-05 13:09:29.018  5287  5287 D CarrierConfigLoader: Binding to com.android.carrierconfig for phone 0
01-05 13:09:29.035   957  5306 I ActivityManager: Start proc 6077:com.android.carrierconfig/u0a3 for service com.android.carrierconfig/.DefaultCarrierConfigService
01-05 13:09:29.036  5287  5287 D CarrierSvcBindHelper: mHandler: 0
01-05 13:09:29.036  5287  5287 D CarrierSvcBindHelper: Rebinding if necessary for phoneId: 0
01-05 13:09:29.038  5287  5287 D CarrierSvcBindHelper: No carrier app for: 0
01-05 13:09:29.089  6077  6077 D DefaultCarrierConfigService: Service created
01-05 13:09:29.104   510   510 I rild    : type=1400 audit(0.0:517): avc: denied { ioctl } for path="socket:[15200]" dev="sockfs" ino=15200 ioctlcmd=c302 scontext=u:r:rild:s0 tcontext=u:r:rild:s0 tclass=socket permissive=1
01-05 13:09:29.241   957  5247 E QMI_FW  : xport_send: Sendto failed for port 11520
01-05 13:09:29.241   957  5247 E QMI_FW  : QCCI qmi_cci_flush_tx_q: Error sending TXN: svc_id: 16 txn_id: 1 msg_id: 33
01-05 13:09:29.266  5287  5287 D CarrierConfigLoader: Connected to config app: com.android.carrierconfig/com.android.carrierconfig.DefaultCarrierConfigService