12-28 17:26:26.430   913   949 W system_server: kill(-6666, 9) failed: No such process
12-28 17:26:26.470   913   949 W system_server: kill(-6666, 9) failed: No such process
12-28 17:26:26.470   913   949 I system_server: Successfully killed process cgroup uid 10021 pid 6666 in 39ms
12-28 17:26:26.506  7825  7912 I Babel_ConcService: Released partial wake lock as ConcurrentService became idle
12-28 17:26:26.850   913   949 W system_server: kill(-6647, 9) failed: No such process
12-28 17:26:26.892   913   949 W system_server: kill(-6647, 9) failed: No such process
12-28 17:26:26.892   913   949 I system_server: Successfully killed process cgroup uid 10069 pid 6647 in 42ms
12-28 17:26:26.992   506  7980 I chatty  : uid=1006(camera) mm-qcamera-daem expire 5 lines
12-28 17:26:27.029  5964  7993 I chatty  : uid=1047(cameraserver) /system/bin/cameraserver expire 4 lines
12-28 17:26:27.023  7993  7993 I chatty  : uid=1047(cameraserver) /system/bin/cameraserver expire 1 line
12-28 17:26:27.048   506  7983 I chatty  : uid=1006(camera) mm-qcamera-daem expire 1 line
12-28 17:26:27.057   506  7998 I chatty  : uid=1006(camera) mm-qcamera-daem expire 3 lines
12-28 17:26:27.058  5964  8001 I chatty  : uid=1047(cameraserver) /system/bin/cameraserver expire 2 lines
12-28 17:26:27.062   506  8002 I chatty  : uid=1006(camera) mm-qcamera-daem expire 2 lines
12-28 17:26:27.065   506  8003 I chatty  : uid=1006(camera) mm-qcamera-daem expire 3 lines
12-28 17:26:27.075   506  8005 I chatty  : uid=1006(camera) mm-qcamera-daem expire 4 lines
12-28 17:26:27.081   506  8009 I chatty  : uid=1006(camera) mm-qcamera-daem expire 4 lines
12-28 17:26:27.087   506  8012 I chatty  : uid=1006(camera) mm-qcamera-daem expire 3 lines
12-28 17:26:27.188   506  8035 I chatty  : uid=1006(camera) mm-qcamera-daem expire 19 lines
12-28 17:26:27.190   506  8038 I chatty  : uid=1006(camera) mm-qcamera-daem expire 2 lines
12-28 17:26:27.187  8035  8035 I chatty  : uid=1006(camera) /system/vendor/bin/mm-qcamera-daemon expire 2 lines
12-28 17:26:27.187  8038  8038 I chatty  : uid=1006(camera) /system/vendor/bin/mm-qcamera-daemon expire 4 lines
12-28 17:26:27.193   506  8039 I chatty  : uid=1006(camera) mm-qcamera-daem expire 4 lines
12-28 17:26:27.197   506  8041 I chatty  : uid=1006(camera) mm-qcamera-daem expire 33 lines
12-28 17:26:27.201   506  8044 I chatty  : uid=1006(camera) mm-qcamera-daem expire 4 lines
12-28 17:26:27.203   506  8047 I chatty  : uid=1006(camera) mm-qcamera-daem expire 3 lines
12-28 17:26:27.216   913   949 W system_server: kill(-6927, 9) failed: No such process
12-28 17:26:27.219  8041  8041 I chatty  : uid=1006(camera) /system/vendor/bin/mm-qcamera-daemon expire 2 lines
12-28 17:26:27.261   913   949 W system_server: kill(-6927, 9) failed: No such process
12-28 17:26:27.261   913   949 I system_server: Successfully killed process cgroup uid 10066 pid 6927 in 45ms
12-28 17:26:27.278   506  8072 I chatty  : uid=1006(camera) mm-qcamera-daem expire 2 lines
12-28 17:26:27.282  8045  8045 D QC-time-services: Lib:time_genoff_operation: Send to server  passed!!
12-28 17:26:27.285   913   949 W system_server: kill(-6976, 9) failed: No such process
12-28 17:26:27.328   913   949 W system_server: kill(-6976, 9) failed: No such process
12-28 17:26:27.328   913   949 I system_server: Successfully killed process cgroup uid 10034 pid 6976 in 43ms
12-28 17:26:29.715  5964  5964 I chatty  : uid=1047(cameraserver) /system/bin/cameraserver expire 76 lines
12-28 17:26:29.757   506  8150 I chatty  : uid=1006(camera) mm-qcamera-daem expire 4 lines
12-28 17:26:29.761  5964  8159 I chatty  : uid=1047(cameraserver) /system/bin/cameraserver expire 4 lines
12-28 17:26:29.761  5964  8000 I chatty  : uid=1047(cameraserver) /system/bin/cameraserver expire 2 lines
12-28 17:26:29.783   506  8153 I chatty  : uid=1006(camera) mm-qcamera-daem expire 1 line
12-28 17:26:29.788   506  8161 I chatty  : uid=1006(camera) mm-qcamera-daem expire 15 lines
12-28 17:26:29.793  5964  8166 I chatty  : uid=1047(cameraserver) /system/bin/cameraserver expire 1 line
12-28 17:26:29.797   506  8162 I chatty  : uid=1006(camera) mm-qcamera-daem expire 2 lines
12-28 17:26:29.798   506  8168 I chatty  : uid=1006(camera) mm-qcamera-daem expire 4 lines
12-28 17:26:29.798   506  8167 I chatty  : uid=1006(camera) mm-qcamera-daem expire 3 lines
12-28 17:26:29.800   506  8169 I chatty  : uid=1006(camera) mm-qcamera-daem expire 4 lines
12-28 17:26:29.801   506  8170 I chatty  : uid=1006(camera) mm-qcamera-daem expire 3 lines
12-28 17:26:29.904   506  8185 I chatty  : uid=1006(camera) mm-qcamera-daem expire 5 lines
12-28 17:26:29.903  8186  8186 I chatty  : uid=1006(camera) /system/vendor/bin/mm-qcamera-daemon expire 4 lines
12-28 17:26:29.906   506  8186 I chatty  : uid=1006(camera) mm-qcamera-daem expire 2 lines
12-28 17:26:29.907   506  8187 I chatty  : uid=1006(camera) mm-qcamera-daem expire 4 lines
12-28 17:26:29.909   506  8189 I chatty  : uid=1006(camera) mm-qcamera-daem expire 33 lines
12-28 17:26:29.910   506  8191 I chatty  : uid=1006(camera) mm-qcamera-daem expire 4 lines
12-28 17:26:29.914   506  8192 I chatty  : uid=1006(camera) mm-qcamera-daem expire 3 lines
12-28 17:26:29.927  8189  8189 I chatty  : uid=1006(camera) /system/vendor/bin/mm-qcamera-daemon expire 4 lines
12-28 17:26:29.955  8191  8191 I chatty  : uid=1006(camera) /system/vendor/bin/mm-qcamera-daemon expire 2 lines
12-28 17:26:31.057   913  4814 W AlarmManager: Unrecognized alarm listener com.android.server.wifi.WifiConfigStore$1@a2462cf
12-28 17:26:32.425  5964  5964 I chatty  : uid=1047(cameraserver) /system/bin/cameraserver expire 14 lines
12-28 17:26:32.428  5964  5964 D QCameraParameters: void qcamera::QCameraParameters::setOfflineRAW(): Offline Raw  0
12-28 17:26:32.428  5964  5964 E LGCameraParameters: void qcamera::QCameraParameters::initDefaultParametersEx(): multi_window_af_supported = 1
12-28 17:26:32.428  5964  5964 E LGCameraParameters: createMultiWindowString: (-280,-280,0,0,1),(-140,-420,140,-140,1),(0,-280,280,0,1),(-420,-140,-140,140,1),(-140,-140,140,140,1),(140,-140,420,140,1),(-280,0,0,280,1),(-140,140,140,420,1),(0,0,280,280,1),(-220,-220,220,220,1)
12-28 17:26:32.428  5964  5964 E LGCameraParameters: createMultiWindowString: (720,720,1000,1000,1),(860,580,1140,860,1),(1000,720,1280,1000,1),(580,860,860,1140,1),(860,860,1140,1140,1),(1140,860,1420,1140,1),(720,1000,1000,1420,1),(860,1140,1140,1420,1),(1000,1000,1280,1280,1)
12-28 17:26:32.429  5964  5964 D LGCameraParameters: int32_t qcamera::QCameraParameters::setLG_ISOcontrol(const char*): Setting ISO value auto
12-28 17:26:32.429  5964  5964 E LGCameraParameters: int32_t qcamera::QCameraParameters::setBeautyLevel(int) : [ARC_BEAUTY] beautylevel = 0
12-28 17:26:32.430   506  8240 I chatty  : uid=1006(camera) mm-qcamera-daem expire 3 lines
12-28 17:26:32.430  5964  5964 D QCameraParameters: int32_t qcamera::QCameraParameters::setNumOfSnapshot(): nBurstNum = 1, nExpnum = 1
12-28 17:26:32.431  5964  5964 I Thermal-Lib: Thermal-Lib-Client: Registraion successful for camera with handle:1
12-28 17:26:32.431  5964  5964 I Thermal-Lib: Thermal-Lib-Client: Registraion successful for camcorder with handle:2
12-28 17:26:32.431  5964  5964 I QCamera2HWI: [KPI Perf] int qcamera::QCamera2HardwareInterface::openCamera(hw_device_t**): X PROFILE_OPEN_CAMERA camera id 1, rc: 0
12-28 17:26:32.431  5964  5964 E QCamera2HWI: int qcamera::QCamera2HardwareInterface::openCamera(hw_device_t**):[PREVIEW_COUNT] preview_count(1)
12-28 17:26:32.427  8249  8249 I cameraserver: type=1400 audit(0.0:827): avc: denied { write } for name="thermal-send-client" dev="tmpfs" ino=14034 scontext=u:r:cameraserver:s0 tcontext=u:object_r:socket_device:s0 tclass=sock_file permissive=1
12-28 17:26:32.432  5964  8249 I Thermal-Lib: Thermal-Lib-Client: Client received msg camera 0
12-28 17:26:32.432  5964  8249 D QCamera2HWI: virtual int qcamera::QCamera2HardwareInterface::thermalEvtHandle(qcamera::qcamera_thermal_level_enum_t*, void*, void*): level = 0, userdata = 0x0, data = 0x0
12-28 17:26:32.432  5964  8165 E QCameraStateMachine: int32_t qcamera::QCameraStateMachine::procEvtPreviewStoppedState(qcamera::qcamera_sm_evt_enum_t, void*): cannot handle evt(31) in state(0)
12-28 17:26:32.432  5964  8249 I Thermal-Lib: Thermal-Lib-Client: Client received msg camcorder 0
12-28 17:26:32.432  5964  8249 D QCamera2HWI: virtual int qcamera::QCamera2HardwareInterface::thermalEvtHandle(qcamera::qcamera_thermal_level_enum_t*, void*, void*): level = 0, userdata = 0x0, data = 0x0
12-28 17:26:32.432  5964  8165 E QCameraStateMachine: int32_t qcamera::QCameraStateMachine::procEvtPreviewStoppedState(qcamera::qcamera_sm_evt_enum_t, void*): cannot handle evt(31) in state(0)
12-28 17:26:32.434  5964  5964 I CamDev@1.0-impl: Closing camera 1
12-28 17:26:32.434  5964  5964 I QCamera2HWI: [KPI Perf] static int qcamera::QCamera2HardwareInterface::close_camera_device(hw_device_t*): E
12-28 17:26:32.434  5964  8166 D QCamera2HWI: static void* qcamera::QCamera2HardwareInterface::defferedWorkRoutine(void*): stop data proc
12-28 17:26:32.435  5964  5964 I QCamera2HWI: [KPI Perf] int qcamera::QCamera2HardwareInterface::closeCamera(): E PROFILE_CLOSE_CAMERA camera id 1
12-28 17:26:32.435  5964  5964 D QCameraParameters: bool qcamera::QCameraParameters::setStreamConfigure(bool, bool, bool): Done Resetting stream config!!
12-28 17:26:32.443  5964  5964 I QCamera2HWI: [KPI Perf] int qcamera::QCamera2HardwareInterface::closeCamera(): X PROFILE_CLOSE_CAMERA camera id 1, rc: 0
12-28 17:26:32.443  5964  5964 E QCamera2HWI: int qcamera::QCamera2HardwareInterface::closeCamera():[PREVIEW_COUNT] preview_count(0)
12-28 17:26:32.443   506  8241 I chatty  : uid=1006(camera) mm-qcamera-daem expire 1 line
12-28 17:26:32.446  5964  5964 E QCamera2HWI: int qcamera::QCamera2HardwareInterface::closeCamera():[PREVIEW_COUNT][LOAD] preview_count(0) // MultiView(0)
12-28 17:26:32.446  5964  5964 I QCamera2HWI: [KPI Perf] static int qcamera::QCamera2HardwareInterface::close_camera_device(hw_device_t*): X
12-28 17:26:32.447  5964  5964 I CameraProviderManager: Enumerating new camera device: device@3.3/legacy/1
12-28 17:26:32.447  5964  5964 I CameraProviderManager: Camera provider legacy/0 ready with 4 camera devices
12-28 17:26:32.447  5964  5964 I CameraHardwareInterface: Opening camera 0
12-28 17:26:32.447  5964  5964 I CamDev@1.0-impl: Opening camera 0
12-28 17:26:32.447  5964  5964 I QCamera2Factory: :static int qcamera::QCamera2Factory::openLegacy(int32_t, uint32_t, hw_device_t**) openLegacy halVersion: 256
12-28 17:26:32.448   506  8252 I chatty  : uid=1006(camera) mm-qcamera-daem expire 3 lines
12-28 17:26:32.448   506  8256 I chatty  : uid=1006(camera) mm-qcamera-daem expire 3 lines
12-28 17:26:32.449   506  8255 I chatty  : uid=1006(camera) mm-qcamera-daem expire 2 lines
12-28 17:26:32.450  5964  8258 D QCamera2HWI: static void* qcamera::QCamera2HardwareInterface::defferedWorkRoutine(void*): start data proc
12-28 17:26:32.450  5964  5964 I QCamera2HWI: [KPI Perf] int qcamera::QCamera2HardwareInterface::openCamera(hw_device_t**): E PROFILE_OPEN_CAMERA camera id 0
12-28 17:26:32.452   506  8257 I chatty  : uid=1006(camera) mm-qcamera-daem expire 4 lines
12-28 17:26:32.455   506  8259 I chatty  : uid=1006(camera) mm-qcamera-daem expire 4 lines
12-28 17:26:32.455   506  8260 I chatty  : uid=1006(camera) mm-qcamera-daem expire 3 lines
12-28 17:26:32.559   506  8263 I chatty  : uid=1006(camera) mm-qcamera-daem expire 19 lines
12-28 17:26:32.560   506  8264 I chatty  : uid=1006(camera) mm-qcamera-daem expire 2 lines
12-28 17:26:32.560   506  8265 I chatty  : uid=1006(camera) mm-qcamera-daem expire 4 lines
12-28 17:26:32.555  8264  8264 I chatty  : uid=1006(camera) /system/vendor/bin/mm-qcamera-daemon expire 4 lines
12-28 17:26:32.565   506  8266 I chatty  : uid=1006(camera) mm-qcamera-daem expire 33 lines
12-28 17:26:32.571   506  8268 I chatty  : uid=1006(camera) mm-qcamera-daem expire 4 lines
12-28 17:26:32.576   506  8273 I chatty  : uid=1006(camera) mm-qcamera-daem expire 3 lines
12-28 17:26:32.595  8266  8266 I chatty  : uid=1006(camera) /system/vendor/bin/mm-qcamera-daemon expire 13 lines
12-28 17:26:32.606  6394  6394 E ChimeraProxyRslvr: Failed to instantiate com.google.android.gms.checkin.CheckinChimeraService$Receiver: java.lang.ClassNotFoundException: Didn't find class "com.google.android.gms.checkin.CheckinChimeraService$Receiver" on path: DexPathList[[zip file "/system/framework/com.android.media.remotedisplay.jar", zip file "/system/framework/com.android.location.provider.jar", zip file "/system/priv-app/PrebuiltGmsCore/PrebuiltGmsCore.apk"],nativeLibraryDirectories=[/data/user_de/0/com.google.android.gms/app_extracted_libs/arm64-v8a, /system/priv-app/PrebuiltGmsCore/lib/arm64, /system/fake-libs64, /system/priv-app/PrebuiltGmsCore/PrebuiltGmsCore.apk!/lib/arm64-v8a, /system/lib64, /system/vendor/lib64, /system/lib64, /system/vendor/lib64]]
12-28 17:26:32.623  8268  8268 I chatty  : uid=1006(camera) /system/vendor/bin/mm-qcamera-daemon expire 2 lines
12-28 17:26:32.648   506  8284 I chatty  : uid=1006(camera) mm-qcamera-daem expire 2 lines
12-28 17:26:32.897  6024  7491 I GCoreUlr: Starting service, intent=Intent { act=com.google.android.location.reporting.ACTION_UPDATE_WORLD cmp=com.google.android.gms/com.google.android.location.reporting.service.DispatchingService (has extras) }, extras=Bundle[{receiverAction=com.google.android.location.internal.server.ACTION_RESTARTED}]
12-28 17:26:32.919  6024  6359 I GCoreUlr: WorldUpdater received intent Intent { act=com.google.android.location.reporting.ACTION_UPDATE_WORLD cmp=com.google.android.gms/com.google.android.location.reporting.service.DispatchingService (has extras) } with receiverAction com.google.android.location.internal.server.ACTION_RESTARTED
12-28 17:26:32.948  6024  6359 I GCoreUlr: WorldUpdater:com.google.android.location.internal.server.ACTION_RESTARTED: Ensuring that reporting is active for [account#12#]
12-28 17:26:32.959   506   506 I chatty  : uid=1006(camera) mm-qcamera-daem expire 119 lines
12-28 17:26:33.052  6394  7080 I ServiceManager: Waiting for service media.camera...
12-28 17:26:35.039  5964  5964 E QCameraHWI_Mem: void qcamera::QCameraMemory::traceLogAllocStart(size_t, int, const char*):HeapMemsize 659104
12-28 17:26:35.039  5964  5964 E QCameraHWI_Mem: void qcamera::QCameraMemory::traceLogAllocStart(size_t, int, const char*):Memsize 659104
12-28 17:26:35.040  5964  5964 E QCameraHWI_Mem: void qcamera::QCameraMemory::traceLogAllocEnd(size_t) 659104
12-28 17:26:35.040  5964  5964 E QCameraHWI_Mem: void qcamera::QCameraMemory::traceLogAllocEnd(size_t) 659104
12-28 17:26:35.041  5964  5964 D QCameraParameters: int32_t qcamera::QCameraParameters::initDefaultParameters(): supported preview sizes: 2560x1440,1920x1440,2048x1536,2048x1080,1920x1080,1776x1080,1440x1080,1280x960,1280x720,960x720,864x480,880x720,848x480,800x480,768x432,720x480,640x640,640x480,640x360,576x432,480x320,384x288,352x288,320x240,240x160,176x144
12-28 17:26:35.042  5964  5964 D QCameraParameters: int32_t qcamera::QCameraParameters::initDefaultParameters(): supported video sizes: 1920x1080,1280x960,1280x720,864x480,848x480,800x480,720x480,640x480,640x360,480x320,352x288,320x240,176x144,144x176
12-28 17:26:35.042  5964  5964 D QCameraParameters: int32_t qcamera::QCameraParameters::initDefaultParameters(): supported pic sizes: 5312x2988,3984x2988,3840x2160,3264x2448,3264x1836,2560x1920,2592x1944,2688x1512,2048x1536,1920x1080,1600x1200,1536x864,1280x960,1280x768,1280x720,1024x768,880x720,800x600,864x480,800x480,720x480,640x480,640x360,352x288,320x240,176x144
12-28 17:26:35.043  5964  5964 D QCameraParameters: int32_t qcamera::QCameraParameters::setPreviewFpsRange(int, int, int, int): Setting preview fps range 2000,30000
12-28 17:26:35.043  5964  5964 D QCameraParameters: int32_t qcamera::QCameraParameters::setPreviewFpsRange(int, int, int, int): Updated: minFps = 2000, maxFps = 30000 , vid minFps = 2000, vid maxFps = 30000
12-28 17:26:35.043  5964  5964 D QCamera2HWI: int qcamera::QCamera2HardwareInterface::calcThermalLevel(qcamera::qcamera_thermal_level_enum_t, int, int, cam_fps_range_t&, msm_vfe_frame_skip_pattern&): level: 0, preview minfps 2000.000000, preview maxfpS 30000.000000, video minfps 2000.000000, video maxfpS 30000.000000
12-28 17:26:35.043  5964  5964 D QCamera2HWI: int qcamera::QCamera2HardwareInterface::calcThermalLevel(qcamera::qcamera_thermal_level_enum_t, int, int, cam_fps_range_t&, msm_vfe_frame_skip_pattern&): Thermal level 0, FPS [2.00,30.00, 2.00,30.00], frameskip 0
12-28 17:26:35.043  5964  5964 D QCameraParameters: int32_t qcamera::QCameraParameters::setPreviewFpsRange(int, int, int, int): Thermal adjusted Preview fps range 2.00,30.00, 2.00, 30.00
12-28 17:26:35.044  5964  5964 D QCameraParameters: int32_t qcamera::QCameraParameters::initDefaultParameters(): supported fps rates: 2,3,4,5,6,7,8,9,10,11,12,13,14,15,16,17,18,19,20,21,22,23,24,25,26,27,28,29,30
12-28 17:26:35.044  5964  5964 D QCameraParameters: int32_t qcamera::QCameraParameters::setFocusMode(const char*): Setting focus mode auto
12-28 17:26:35.044  5964  5964 D QCameraParameters: initDefaultParameters: setting KEY_FOCUS_DISTANCES as 0.100000,0.150000,0.170000
12-28 17:26:35.045  5964  5964 D QCameraParameters: int32_t qcamera::QCameraParameters::setAutoExposure(const char*): Setting auto exposure center-weighted
12-28 17:26:35.045  5964  5964 D QCameraParameters: int32_t qcamera::QCameraParameters::setAntibanding(const char*): Setting AntiBanding value auto
12-28 17:26:35.045  5964  5964 D QCameraParameters: int32_t qcamera::QCameraParameters::setFlash(const char*): Setting Flash value off
12-28 17:26:35.046  5964  5964 D QCameraParameters: int32_t qcamera::QCameraParameters::setISOValue(const char*): Setting ISO value auto
12-28 17:26:35.046  5964  5964 D QCameraParameters: int32_t qcamera::QCameraParameters::initDefaultParameters(), Exposure time min 0.034133 ms, max 29377.348000 ms
12-28 17:26:35.046  5964  5964 D QCameraParameters: int32_t qcamera::QCameraParameters::initDefaultParameters(), ISO min 50, max 800
12-28 17:26:35.054  5964  5964 D QCameraParameters: int32_t qcamera::QCameraParameters::setZoom(int): zoom level: 0
12-28 17:26:35.054  5964  5964 I QCameraParameters: int32_t qcamera::QCameraParameters::initDefaultParameters(): setting Exposure Bracketing value of 0,10,-9
12-28 17:26:35.054  5964  5964 D QCameraParameters: int32_t qcamera::QCameraParameters::setAEBracket(const char*), EXP_BRACKETING_OFF
12-28 17:26:35.054  5964  5964 D QCameraParameters: int32_t qcamera::QCameraParameters::setChromaFlash(const char*): chromaFlashStr =chroma-flash-off
12-28 17:26:35.055  5964  5964 D QCameraParameters: int32_t qcamera::QCameraParameters::setAecLock(const char*): Setting AECLock value false
12-28 17:26:35.055  5964  5964 D QCameraParameters: int32_t qcamera::QCameraParameters::setAwbLock(const char*): Setting AWBLock value false
12-28 17:26:35.055  5964  5964 D QCameraParameters: int32_t qcamera::QCameraParameters::initDefaultParameters(): totalram = -1333932032, freeram = 896483328 
12-28 17:26:35.055  5964  5964 D QCameraParameters: void qcamera::QCameraParameters::setOfflineRAW(): Offline Raw  0
12-28 17:26:35.055  5964  5964 E LGCameraParameters: void qcamera::QCameraParameters::initDefaultParametersEx(): multi_window_af_supported = 1
12-28 17:26:35.055  5964  5964 E LGCameraParameters: createMultiWindowString: (-280,-280,0,0,1),(-140,-420,140,-140,1),(0,-280,280,0,1),(-420,-140,-140,140,1),(-140,-140,140,140,1),(140,-140,420,140,1),(-280,0,0,280,1),(-140,140,140,420,1),(0,0,280,280,1),(-220,-220,220,220,1)
12-28 17:26:35.055  5964  5964 E LGCameraParameters: createMultiWindowString: (720,720,1000,1000,1),(860,580,1140,860,1),(1000,720,1280,1000,1),(580,860,860,1140,1),(860,860,1140,1140,1),(1140,860,1420,1140,1),(720,1000,1000,1420,1),(860,1140,1140,1420,1),(1000,1000,1280,1280,1)
12-28 17:26:35.056  5964  5964 D LGCameraParameters: int32_t qcamera::QCameraParameters::setLG_ISOcontrol(const char*): Setting ISO value auto
12-28 17:26:35.056  5964  5964 E LGCameraParameters: int32_t qcamera::QCameraParameters::setBeautyLevel(int) : [ARC_BEAUTY] beautylevel = 0
12-28 17:26:35.060   506  8321 I chatty  : uid=1006(camera) mm-qcamera-daem expire 4 lines
12-28 17:26:35.063  5964  5964 D QCameraParameters: int32_t qcamera::QCameraParameters::setNumOfSnapshot(): nBurstNum = 1, nExpnum = 1
12-28 17:26:35.065  5964  5964 I Thermal-Lib: Thermal-Lib-Client: Registraion successful for camera with handle:1
12-28 17:26:35.065  5964  5964 I Thermal-Lib: Thermal-Lib-Client: Registraion successful for camcorder with handle:2
12-28 17:26:35.065  5964  5964 I QCamera2HWI: [KPI Perf] int qcamera::QCamera2HardwareInterface::openCamera(hw_device_t**): X PROFILE_OPEN_CAMERA camera id 0, rc: 0
12-28 17:26:35.065  5964  5964 E QCamera2HWI: int qcamera::QCamera2HardwareInterface::openCamera(hw_device_t**):[PREVIEW_COUNT] preview_count(1)
12-28 17:26:35.067  5964  8334 I Thermal-Lib: Thermal-Lib-Client: Client received msg camera 0
12-28 17:26:35.067  5964  8334 D QCamera2HWI: virtual int qcamera::QCamera2HardwareInterface::thermalEvtHandle(qcamera::qcamera_thermal_level_enum_t*, void*, void*): level = 0, userdata = 0x0, data = 0x0
12-28 17:26:35.068  5964  8334 I Thermal-Lib: Thermal-Lib-Client: Client received msg camcorder 0
12-28 17:26:35.068  5964  8334 D QCamera2HWI: virtual int qcamera::QCamera2HardwareInterface::thermalEvtHandle(qcamera::qcamera_thermal_level_enum_t*, void*, void*): level = 0, userdata = 0x0, data = 0x0
12-28 17:26:35.069  5964  8254 E QCameraStateMachine: int32_t qcamera::QCameraStateMachine::procEvtPreviewStoppedState(qcamera::qcamera_sm_evt_enum_t, void*): cannot handle evt(31) in state(0)
12-28 17:26:35.069  5964  8254 E QCameraStateMachine: int32_t qcamera::QCameraStateMachine::procEvtPreviewStoppedState(qcamera::qcamera_sm_evt_enum_t, void*): cannot handle evt(31) in state(0)
12-28 17:26:35.077  5964  8254 D QCameraParameters: int32_t qcamera::QCameraParameters::setPreviewFpsRange(const qcamera::QCameraParameters&): FpsRange Values:(2000, 30000)
12-28 17:26:35.077  5964  8254 D QCameraParameters: int32_t qcamera::QCameraParameters::setPreviewFpsRange(const qcamera::QCameraParameters&): Requested FpsRange Values:(2000, 30000)
12-28 17:26:35.077  5964  8254 D QCameraParameters: HFR mode is OFF
12-28 17:26:35.077  5964  8254 D QCameraParameters: void qcamera::QCameraParameters::setBufBatchCount(int8_t) : Buffer batch count = 0
12-28 17:26:35.077  5964  8254 D QCameraParameters: int32_t qcamera::QCameraParameters::setPreviewFpsRange(const qcamera::QCameraParameters&): UpdateHFRFrameRate 0
12-28 17:26:35.077  5964  8254 D QCameraParameters: int32_t qcamera::QCameraParameters::setPreviewFpsRange(const qcamera::QCameraParameters&): No change in FpsRange
12-28 17:26:35.077  5964  8254 I QCameraParameters: Requested preview size 1280 x 720
12-28 17:26:35.077  5964  8254 I QCameraParameters: Requested picture size 1280 x 720
12-28 17:26:35.077  5964  8254 D LGCameraParameters: park void qcamera::QCameraParameters::setHorViewAngle(int, int) E, horViewAngle = 69.500000
12-28 17:26:35.077  5964  8254 D QCameraParameters: int32_t qcamera::QCameraParameters::setPreviewFormat(const qcamera::QCameraParameters&): format 2
12-28 17:26:35.078  5964  8254 D QCameraParameters: int32_t qcamera::QCameraParameters::setPictureFormat(const qcamera::QCameraParameters&): format 0
12-28 17:26:35.078  5964  8254 D QCameraParameters: Param m_bNoDisplayMode = 0
12-28 17:26:35.078  5964  8254 I QCameraParameters: int32_t qcamera::QCameraParameters::setZslMode(const qcamera::QCameraParameters&): enabled: 0
12-28 17:26:35.078  5964  8254 D QCameraParameters: int32_t qcamera::QCameraParameters::setSceneMode(const qcamera::QCameraParameters&): str - auto, prev_str - auto
12-28 17:26:35.078  5964  8254 D QCameraParameters: int32_t qcamera::QCameraParameters::setAutoHDR(const qcamera::QCameraParameters&) : Auto HDR set to: disable
12-28 17:26:35.079  5964  8254 D QCameraParameters: int32_t qcamera::QCameraParameters::setAFBracket(const qcamera::QCameraParameters&): AF Bracketing is not supported
12-28 17:26:35.079  5964  8254 D QCameraParameters: int32_t qcamera::QCameraParameters::setBurstNum(const qcamera::QCameraParameters&): [ZSL Retro] m_nBurstNum = 1
12-28 17:26:35.079  5964  8254 D QCameraParameters: int32_t qcamera::QCameraParameters::setBurstLEDOnPeriod(const qcamera::QCameraParameters&): Burst LED on period  300
12-28 17:26:35.079  5964  8254 D QCameraParameters: int32_t qcamera::QCameraParameters::setLiveSnapshotSize(const qcamera::QCameraParameters&): live snapshot size 1280 x 720
12-28 17:26:35.079  5964  8254 D QCameraParameters: int32_t qcamera::QCameraParameters::setPAAF(): PAAF is: ON
12-28 17:26:35.079  5964  8254 E LGCameraParameters: [ManualAF] android::status_t qcamera::QCameraParameters::setManualFocusLength(const qcamera::QCameraParameters&): current_normal_focus =0 / curr_mode = auto
12-28 17:26:35.079  5964  8254 E LGCameraParameters: int32_t qcamera::QCameraParameters::setHighDynamicRange(const qcamera::QCameraParameters&) EasyHDR KEY_HDR_MODE = (null), value = -2
12-28 17:26:35.079  5964  8254 E LGCameraParameters: int32_t qcamera::QCameraParameters::setHighDynamicRange(const qcamera::QCameraParameters&) string is null
12-28 17:26:35.080  5964  8254 E LGCameraParameters: int32_t qcamera::QCameraParameters::setBeautyShot(const qcamera::QCameraParameters&):m_bBeautyShotEnabled=0
12-28 17:26:35.080  5964  8254 D LGCameraParameters: int32_t qcamera::QCameraParameters::setDNGCapture(const qcamera::QCameraParameters&) : value = 0(0) 
12-28 17:26:35.080  5964  8254 E LGCameraParameters: int32_t qcamera::QCameraParameters::setLG_ShutterSpeed(const qcamera::QCameraParameters&): error to support!
12-28 17:26:35.080  5964  8254 E LGCameraParameters: int32_t qcamera::QCameraParameters::setLG_EVcontrol(const qcamera::QCameraParameters&): error to support!
12-28 17:26:35.080  5964  8254 E LGCameraParameters: int32_t qcamera::QCameraParameters::setLG_ColorAdjust(const qcamera::QCameraParameters&): error to support!
12-28 17:26:35.080  5964  8254 E LGCameraParameters: int32_t qcamera::QCameraParameters::setLG_WBcontrol(const qcamera::QCameraParameters&): error to support!
12-28 17:26:35.082  5964  8254 D QCameraParameters: int32_t qcamera::QCameraParameters::setNumOfSnapshot(): nBurstNum = 1, nExpnum = 1
12-28 17:26:35.082  5964  5964 I QCamera2HWI: [KPI Perf] static void qcamera::QCamera2HardwareInterface::stop_preview(camera_device*): E PROFILE_STOP_PREVIEW
12-28 17:26:35.082  5964  5964 I QCamera2HWI: [KPI Perf] static void qcamera::QCamera2HardwareInterface::stop_preview(camera_device*): X
12-28 17:26:35.082  5964  5964 I CamDev@1.0-impl: Closing camera 0
12-28 17:26:35.082  5964  5964 I QCamera2HWI: [KPI Perf] static int qcamera::QCamera2HardwareInterface::close_camera_device(hw_device_t*): E
12-28 17:26:35.083  5964  8258 D QCamera2HWI: static void* qcamera::QCamera2HardwareInterface::defferedWorkRoutine(void*): stop data proc
12-28 17:26:35.085  5964  5964 I QCamera2HWI: [KPI Perf] int qcamera::QCamera2HardwareInterface::closeCamera(): E PROFILE_CLOSE_CAMERA camera id 0
12-28 17:26:35.085  5964  5964 D QCameraParameters: bool qcamera::QCameraParameters::setStreamConfigure(bool, bool, bool): Done Resetting stream config!!
12-28 17:26:35.107  5964  5964 I QCamera2HWI: [KPI Perf] int qcamera::QCamera2HardwareInterface::closeCamera(): X PROFILE_CLOSE_CAMERA camera id 0, rc: 0
12-28 17:26:35.107  5964  5964 E QCamera2HWI: int qcamera::QCamera2HardwareInterface::closeCamera():[PREVIEW_COUNT] preview_count(0)
12-28 17:26:35.107   506  8323 I chatty  : uid=1006(camera) mm-qcamera-daem expire 1 line
12-28 17:26:35.109  5964  5964 E QCamera2HWI: int qcamera::QCamera2HardwareInterface::closeCamera():[PREVIEW_COUNT][LOAD] preview_count(0) // MultiView(0)
12-28 17:26:35.109  5964  5964 I QCamera2HWI: [KPI Perf] static int qcamera::QCamera2HardwareInterface::close_camera_device(hw_device_t*): X
12-28 17:26:35.110  5964  5964 I CameraHardwareInterface: Opening camera 1
12-28 17:26:35.110  5964  5964 I CamDev@1.0-impl: Opening camera 1
12-28 17:26:35.110  5964  5964 I QCamera2Factory: :static int qcamera::QCamera2Factory::openLegacy(int32_t, uint32_t, hw_device_t**) openLegacy halVersion: 256
12-28 17:26:35.114  5964  5964 I QCamera2HWI: [KPI Perf] int qcamera::QCamera2HardwareInterface::openCamera(hw_device_t**): E PROFILE_OPEN_CAMERA camera id 1
12-28 17:26:35.117  5964  8348 D QCamera2HWI: static void* qcamera::QCamera2HardwareInterface::defferedWorkRoutine(void*): start data proc
12-28 17:26:35.120   506  8349 I chatty  : uid=1006(camera) mm-qcamera-daem expire 15 lines
12-28 17:26:35.121   506  8350 I chatty  : uid=1006(camera) mm-qcamera-daem expire 2 lines
12-28 17:26:35.127   506  8351 I chatty  : uid=1006(camera) mm-qcamera-daem expire 3 lines
12-28 17:26:35.129   506  8352 I chatty  : uid=1006(camera) mm-qcamera-daem expire 4 lines
12-28 17:26:35.131   506  8353 I chatty  : uid=1006(camera) mm-qcamera-daem expire 4 lines
12-28 17:26:35.138   506  8354 I chatty  : uid=1006(camera) mm-qcamera-daem expire 3 lines
12-28 17:26:35.187   913   949 W system_server: kill(-7045, 9) failed: No such process
12-28 17:26:35.232   913   949 W system_server: kill(-7045, 9) failed: No such process
12-28 17:26:35.232   913   949 I system_server: Successfully killed process cgroup uid 10032 pid 7045 in 45ms
12-28 17:26:35.261   506  8359 I chatty  : uid=1006(camera) mm-qcamera-daem expire 5 lines
12-28 17:26:35.264   506  8360 I chatty  : uid=1006(camera) mm-qcamera-daem expire 2 lines
12-28 17:26:35.259  8360  8360 I chatty  : uid=1006(camera) /system/vendor/bin/mm-qcamera-daemon expire 4 lines
12-28 17:26:35.266   506  8362 I chatty  : uid=1006(camera) mm-qcamera-daem expire 4 lines
12-28 17:26:35.268   506  8363 I chatty  : uid=1006(camera) mm-qcamera-daem expire 33 lines
12-28 17:26:35.272   506  8364 I chatty  : uid=1006(camera) mm-qcamera-daem expire 4 lines
12-28 17:26:35.276   506  8369 I chatty  : uid=1006(camera) mm-qcamera-daem expire 3 lines
12-28 17:26:35.283  8363  8363 I chatty  : uid=1006(camera) /system/vendor/bin/mm-qcamera-daemon expire 12 lines
12-28 17:26:35.323  8364  8364 I chatty  : uid=1006(camera) /system/vendor/bin/mm-qcamera-daemon expire 2 lines
12-28 17:26:35.641   913   949 W system_server: kill(-7099, 9) failed: No such process
12-28 17:26:35.685   913   949 W system_server: kill(-7099, 9) failed: No such process
12-28 17:26:35.685   913   949 I system_server: Successfully killed process cgroup uid 10067 pid 7099 in 45ms
12-28 17:26:35.989   913   949 W system_server: kill(-6144, 9) failed: No such process
12-28 17:26:36.032   913   949 W system_server: kill(-6144, 9) failed: No such process
12-28 17:26:36.033   913   949 I system_server: Successfully killed process cgroup uid 10061 pid 6144 in 43ms
12-28 17:26:37.775  5964  5964 I cameraserver: type=1400 audit(0.0:898): avc: denied { write } for name="cam_socket2" dev="mmcblk0p50" ino=875340 scontext=u:r:cameraserver:s0 tcontext=u:object_r:camera_data_file:s0 tclass=sock_file permissive=1
12-28 17:26:37.775  5964  5964 I cameraserver: type=1400 audit(0.0:899): avc: denied { sendto } for path="/data/misc/camera/cam_socket2" scontext=u:r:cameraserver:s0 tcontext=u:r:init:s0 tclass=unix_dgram_socket permissive=1
12-28 17:26:37.842  5964  5964 E QCameraHWI_Mem: void qcamera::QCameraMemory::traceLogAllocStart(size_t, int, const char*):HeapMemsize 659104
12-28 17:26:37.842  5964  5964 E QCameraHWI_Mem: void qcamera::QCameraMemory::traceLogAllocStart(size_t, int, const char*):Memsize 659104
12-28 17:26:37.842  5964  5964 E QCameraHWI_Mem: void qcamera::QCameraMemory::traceLogAllocEnd(size_t) 659104
12-28 17:26:37.843  5964  5964 E QCameraHWI_Mem: void qcamera::QCameraMemory::traceLogAllocEnd(size_t) 659104
12-28 17:26:37.845  5964  5964 D QCameraParameters: int32_t qcamera::QCameraParameters::initDefaultParameters(): supported preview sizes: 2560x1440,1920x1440,2048x1536,2048x1080,1920x1080,1776x1080,1440x1080,1280x960,1280x720,960x720,864x480,880x720,848x480,800x480,768x432,720x480,640x640,640x480,640x360,576x432,480x320,384x288,352x288,320x240,240x160,176x144
12-28 17:26:37.846  5964  5964 D QCameraParameters: int32_t qcamera::QCameraParameters::initDefaultParameters(): supported video sizes: 1920x1080,1280x960,1280x720,864x480,848x480,800x480,720x480,640x480,640x360,480x320,352x288,320x240,176x144,144x176
12-28 17:26:37.846  5964  5964 D QCameraParameters: int32_t qcamera::QCameraParameters::initDefaultParameters(): supported pic sizes: 3264x2448,3264x1836,2560x1920,2592x1944,2688x1512,2048x1536,1920x1080,1600x1200,1536x864,1280x960,1280x768,1280x720,1024x768,880x720,800x600,864x480,800x480,720x480,640x480,640x360,352x288,320x240,176x144
12-28 17:26:37.847  5964  5964 D QCameraParameters: int32_t qcamera::QCameraParameters::setPreviewFpsRange(int, int, int, int): Setting preview fps range 2000,30000
12-28 17:26:37.847  5964  5964 D QCameraParameters: int32_t qcamera::QCameraParameters::setPreviewFpsRange(int, int, int, int): Updated: minFps = 2000, maxFps = 30000 , vid minFps = 2000, vid maxFps = 30000
12-28 17:26:37.847  5964  5964 D QCamera2HWI: int qcamera::QCamera2HardwareInterface::calcThermalLevel(qcamera::qcamera_thermal_level_enum_t, int, int, cam_fps_range_t&, msm_vfe_frame_skip_pattern&): level: 0, preview minfps 2000.000000, preview maxfpS 30000.000000, video minfps 2000.000000, video maxfpS 30000.000000
12-28 17:26:37.847  5964  5964 D QCamera2HWI: int qcamera::QCamera2HardwareInterface::calcThermalLevel(qcamera::qcamera_thermal_level_enum_t, int, int, cam_fps_range_t&, msm_vfe_frame_skip_pattern&): Thermal level 0, FPS [2.00,30.00, 2.00,30.00], frameskip 0
12-28 17:26:37.847  5964  5964 D QCameraParameters: int32_t qcamera::QCameraParameters::setPreviewFpsRange(int, int, int, int): Thermal adjusted Preview fps range 2.00,30.00, 2.00, 30.00
12-28 17:26:37.848  5964  5964 D QCameraParameters: int32_t qcamera::QCameraParameters::initDefaultParameters(): supported fps rates: 2,3,4,5,6,7,8,9,10,11,12,13,14,15,16,17,18,19,20,21,22,23,24,25,26,27,28,29,30
12-28 17:26:37.848  5964  5964 D QCameraParameters: int32_t qcamera::QCameraParameters::setFocusMode(const char*): Setting focus mode fixed
12-28 17:26:37.848  5964  5964 D QCameraParameters: initDefaultParameters: setting KEY_FOCUS_DISTANCES as 0.100000,0.150000,0.170000
12-28 17:26:37.849  5964  5964 D QCameraParameters: int32_t qcamera::QCameraParameters::setAutoExposure(const char*): Setting auto exposure center-weighted
12-28 17:26:37.849  5964  5964 D QCameraParameters: int32_t qcamera::QCameraParameters::setAntibanding(const char*): Setting AntiBanding value auto
12-28 17:26:37.850  5964  5964 D QCameraParameters: int32_t qcamera::QCameraParameters::setFlash(const char*): Setting Flash value off
12-28 17:26:37.851  5964  5964 D QCameraParameters: int32_t qcamera::QCameraParameters::setISOValue(const char*): Setting ISO value auto
12-28 17:26:37.851  5964  5964 D QCameraParameters: int32_t qcamera::QCameraParameters::initDefaultParameters(), Exposure time min 0.013272 ms, max 869.661901 ms
12-28 17:26:37.851  5964  5964 D QCameraParameters: int32_t qcamera::QCameraParameters::initDefaultParameters(), ISO min 100, max 3000
12-28 17:26:37.856  5964  5964 D QCameraParameters: int32_t qcamera::QCameraParameters::setZoom(int): zoom level: 0
12-28 17:26:37.856  5964  5964 I QCameraParameters: int32_t qcamera::QCameraParameters::initDefaultParameters(): setting Exposure Bracketing value of 0,10,-9
12-28 17:26:37.856  5964  5964 D QCameraParameters: int32_t qcamera::QCameraParameters::setAEBracket(const char*), EXP_BRACKETING_OFF
12-28 17:26:37.856  5964  5964 D QCameraParameters: int32_t qcamera::QCameraParameters::setChromaFlash(const char*): chromaFlashStr =chroma-flash-off
12-28 17:26:37.857  5964  5964 D QCameraParameters: int32_t qcamera::QCameraParameters::setAecLock(const char*): Setting AECLock value false
12-28 17:26:37.857  5964  5964 D QCameraParameters: int32_t qcamera::QCameraParameters::setAwbLock(const char*): Setting AWBLock value false
12-28 17:26:37.858  5964  5964 D QCameraParameters: int32_t qcamera::QCameraParameters::initDefaultParameters(): totalram = -1333932032, freeram = 894242816 
12-28 17:26:37.858  5964  5964 D QCameraParameters: void qcamera::QCameraParameters::setOfflineRAW(): Offline Raw  0
12-28 17:26:37.858  5964  5964 E LGCameraParameters: void qcamera::QCameraParameters::initDefaultParametersEx(): multi_window_af_supported = 1
12-28 17:26:37.858  5964  5964 E LGCameraParameters: createMultiWindowString: (-280,-280,0,0,1),(-140,-420,140,-140,1),(0,-280,280,0,1),(-420,-140,-140,140,1),(-140,-140,140,140,1),(140,-140,420,140,1),(-280,0,0,280,1),(-140,140,140,420,1),(0,0,280,280,1),(-220,-220,220,220,1)
12-28 17:26:37.859  5964  5964 E LGCameraParameters: createMultiWindowString: (720,720,1000,1000,1),(860,580,1140,860,1),(1000,720,1280,1000,1),(580,860,860,1140,1),(860,860,1140,1140,1),(1140,860,1420,1140,1),(720,1000,1000,1420,1),(860,1140,1140,1420,1),(1000,1000,1280,1280,1)
12-28 17:26:37.859  5964  5964 D LGCameraParameters: int32_t qcamera::QCameraParameters::setLG_ISOcontrol(const char*): Setting ISO value auto
12-28 17:26:37.860  5964  5964 E LGCameraParameters: int32_t qcamera::QCameraParameters::setBeautyLevel(int) : [ARC_BEAUTY] beautylevel = 0
12-28 17:26:37.862   506  8455 I chatty  : uid=1006(camera) mm-qcamera-daem expire 3 lines
12-28 17:26:37.865  5964  5964 D QCameraParameters: int32_t qcamera::QCameraParameters::setNumOfSnapshot(): nBurstNum = 1, nExpnum = 1
12-28 17:26:37.869  5964  5964 I Thermal-Lib: Thermal-Lib-Client: Registraion successful for camera with handle:1
12-28 17:26:37.869  5964  5964 I Thermal-Lib: Thermal-Lib-Client: Registraion successful for camcorder with handle:2
12-28 17:26:37.869  5964  5964 I QCamera2HWI: [KPI Perf] int qcamera::QCamera2HardwareInterface::openCamera(hw_device_t**): X PROFILE_OPEN_CAMERA camera id 1, rc: 0
12-28 17:26:37.870  5964  5964 E QCamera2HWI: int qcamera::QCamera2HardwareInterface::openCamera(hw_device_t**):[PREVIEW_COUNT] preview_count(1)
12-28 17:26:37.870  5964  8462 I Thermal-Lib: Thermal-Lib-Client: Client received msg camera 0
12-28 17:26:37.870  5964  8462 D QCamera2HWI: virtual int qcamera::QCamera2HardwareInterface::thermalEvtHandle(qcamera::qcamera_thermal_level_enum_t*, void*, void*): level = 0, userdata = 0x0, data = 0x0
12-28 17:26:37.870  5964  8462 I Thermal-Lib: Thermal-Lib-Client: Client received msg camcorder 0
12-28 17:26:37.870  5964  8347 E QCameraStateMachine: int32_t qcamera::QCameraStateMachine::procEvtPreviewStoppedState(qcamera::qcamera_sm_evt_enum_t, void*): cannot handle evt(31) in state(0)
12-28 17:26:37.870  5964  8462 D QCamera2HWI: virtual int qcamera::QCamera2HardwareInterface::thermalEvtHandle(qcamera::qcamera_thermal_level_enum_t*, void*, void*): level = 0, userdata = 0x0, data = 0x0
12-28 17:26:37.870  5964  8347 E QCameraStateMachine: int32_t qcamera::QCameraStateMachine::procEvtPreviewStoppedState(qcamera::qcamera_sm_evt_enum_t, void*): cannot handle evt(31) in state(0)
12-28 17:26:37.885  5964  8347 D QCameraParameters: int32_t qcamera::QCameraParameters::setPreviewFpsRange(const qcamera::QCameraParameters&): FpsRange Values:(2000, 30000)
12-28 17:26:37.885  5964  8347 D QCameraParameters: int32_t qcamera::QCameraParameters::setPreviewFpsRange(const qcamera::QCameraParameters&): Requested FpsRange Values:(2000, 30000)
12-28 17:26:37.885  5964  8347 D QCameraParameters: HFR mode is OFF
12-28 17:26:37.885  5964  8347 D QCameraParameters: void qcamera::QCameraParameters::setBufBatchCount(int8_t) : Buffer batch count = 0
12-28 17:26:37.885  5964  8347 D QCameraParameters: int32_t qcamera::QCameraParameters::setPreviewFpsRange(const qcamera::QCameraParameters&): UpdateHFRFrameRate 0
12-28 17:26:37.885  5964  8347 D QCameraParameters: int32_t qcamera::QCameraParameters::setPreviewFpsRange(const qcamera::QCameraParameters&): No change in FpsRange
12-28 17:26:37.885  5964  8347 I QCameraParameters: Requested preview size 1280 x 720
12-28 17:26:37.886  5964  8347 I QCameraParameters: Requested picture size 1280 x 720
12-28 17:26:37.886  5964  8347 D LGCameraParameters: park void qcamera::QCameraParameters::setHorViewAngle(int, int) E, horViewAngle = 69.300003
12-28 17:26:37.886  5964  8347 D QCameraParameters: int32_t qcamera::QCameraParameters::setPreviewFormat(const qcamera::QCameraParameters&): format 2
12-28 17:26:37.886  5964  8347 D QCameraParameters: int32_t qcamera::QCameraParameters::setPictureFormat(const qcamera::QCameraParameters&): format 0
12-28 17:26:37.886  5964  8347 D QCameraParameters: Param m_bNoDisplayMode = 0
12-28 17:26:37.886  5964  8347 I QCameraParameters: int32_t qcamera::QCameraParameters::setZslMode(const qcamera::QCameraParameters&): enabled: 0
12-28 17:26:37.887  5964  8347 D QCameraParameters: int32_t qcamera::QCameraParameters::setSceneMode(const qcamera::QCameraParameters&): str - auto, prev_str - auto
12-28 17:26:37.887  5964  8347 D QCameraParameters: int32_t qcamera::QCameraParameters::setAutoHDR(const qcamera::QCameraParameters&) : Auto HDR set to: disable
12-28 17:26:37.888  5964  8347 D QCameraParameters: int32_t qcamera::QCameraParameters::setAFBracket(const qcamera::QCameraParameters&): AF Bracketing is not supported
12-28 17:26:37.888  5964  8347 D QCameraParameters: int32_t qcamera::QCameraParameters::setBurstNum(const qcamera::QCameraParameters&): [ZSL Retro] m_nBurstNum = 1
12-28 17:26:37.888  5964  8347 D QCameraParameters: int32_t qcamera::QCameraParameters::setBurstLEDOnPeriod(const qcamera::QCameraParameters&): Burst LED on period  300
12-28 17:26:37.888  5964  8347 D QCameraParameters: int32_t qcamera::QCameraParameters::setLiveSnapshotSize(const qcamera::QCameraParameters&): live snapshot size 1280 x 720
12-28 17:26:37.889  5964  8347 D QCameraParameters: int32_t qcamera::QCameraParameters::setPAAF(): PAAF is: ON
12-28 17:26:37.889  5964  8347 E LGCameraParameters: [ManualAF] android::status_t qcamera::QCameraParameters::setManualFocusLength(const qcamera::QCameraParameters&): current_normal_focus =0 / curr_mode = fixed
12-28 17:26:37.889  5964  8347 E LGCameraParameters: int32_t qcamera::QCameraParameters::setHighDynamicRange(const qcamera::QCameraParameters&) EasyHDR KEY_HDR_MODE = (null), value = -2
12-28 17:26:37.889  5964  8347 E LGCameraParameters: int32_t qcamera::QCameraParameters::setHighDynamicRange(const qcamera::QCameraParameters&) string is null
12-28 17:26:37.889  5964  8347 E LGCameraParameters: int32_t qcamera::QCameraParameters::setBeautyShot(const qcamera::QCameraParameters&):m_bBeautyShotEnabled=0
12-28 17:26:37.889  5964  8347 D LGCameraParameters: int32_t qcamera::QCameraParameters::setDNGCapture(const qcamera::QCameraParameters&) : value = 0(0) 
12-28 17:26:37.889  5964  8347 E LGCameraParameters: int32_t qcamera::QCameraParameters::setLG_ShutterSpeed(const qcamera::QCameraParameters&): error to support!
12-28 17:26:37.889  5964  8347 E LGCameraParameters: int32_t qcamera::QCameraParameters::setLG_EVcontrol(const qcamera::QCameraParameters&): error to support!
12-28 17:26:37.889  5964  8347 E LGCameraParameters: int32_t qcamera::QCameraParameters::setLG_ColorAdjust(const qcamera::QCameraParameters&): error to support!
12-28 17:26:37.889  5964  8347 E LGCameraParameters: int32_t qcamera::QCameraParameters::setLG_WBcontrol(const qcamera::QCameraParameters&): error to support!
12-28 17:26:37.894  5964  8347 D QCameraParameters: int32_t qcamera::QCameraParameters::setNumOfSnapshot(): nBurstNum = 1, nExpnum = 1
12-28 17:26:37.894  5964  5964 I QCamera2HWI: [KPI Perf] static void qcamera::QCamera2HardwareInterface::stop_preview(camera_device*): E PROFILE_STOP_PREVIEW
12-28 17:26:37.895  5964  5964 I QCamera2HWI: [KPI Perf] static void qcamera::QCamera2HardwareInterface::stop_preview(camera_device*): X
12-28 17:26:37.897  5964  5964 I CamDev@1.0-impl: Closing camera 1
12-28 17:26:37.897  5964  5964 I QCamera2HWI: [KPI Perf] static int qcamera::QCamera2HardwareInterface::close_camera_device(hw_device_t*): E
12-28 17:26:37.897  5964  8348 D QCamera2HWI: static void* qcamera::QCamera2HardwareInterface::defferedWorkRoutine(void*): stop data proc
12-28 17:26:37.900  5964  5964 I QCamera2HWI: [KPI Perf] int qcamera::QCamera2HardwareInterface::closeCamera(): E PROFILE_CLOSE_CAMERA camera id 1
12-28 17:26:37.900  5964  5964 D QCameraParameters: bool qcamera::QCameraParameters::setStreamConfigure(bool, bool, bool): Done Resetting stream config!!
12-28 17:26:37.927  5964  5964 I QCamera2HWI: [KPI Perf] int qcamera::QCamera2HardwareInterface::closeCamera(): X PROFILE_CLOSE_CAMERA camera id 1, rc: 0
12-28 17:26:37.927  5964  5964 E QCamera2HWI: int qcamera::QCamera2HardwareInterface::closeCamera():[PREVIEW_COUNT] preview_count(0)
12-28 17:26:37.928   506  8456 I chatty  : uid=1006(camera) mm-qcamera-daem expire 1 line
12-28 17:26:37.935  5964  5964 E QCamera2HWI: int qcamera::QCamera2HardwareInterface::closeCamera():[PREVIEW_COUNT][LOAD] preview_count(0) // MultiView(0)
12-28 17:26:37.935  5964  5964 I QCamera2HWI: [KPI Perf] static int qcamera::QCamera2HardwareInterface::close_camera_device(hw_device_t*): X
12-28 17:26:37.937  5964  5964 I CameraService: onDeviceStatusChanged: Status changed for cameraId=0, newStatus=1
12-28 17:26:37.937  5964  5964 E CameraService: onDeviceStatusChanged: State transition to the same status 0x1 not allowed
12-28 17:26:37.937  5964  5964 I CameraService: onDeviceStatusChanged: Status changed for cameraId=1, newStatus=1
12-28 17:26:37.937  5964  5964 E CameraService: onDeviceStatusChanged: State transition to the same status 0x1 not allowed
12-28 17:26:37.938   506  8465 I chatty  : uid=1006(camera) mm-qcamera-daem expire 3 lines
12-28 17:26:37.940   913  7030 W CameraService_proxy: Could not notify mediaserver, camera service not available.
12-28 17:26:37.941   913  7030 I CameraService_proxy: Could not notify camera service of user switch, retrying...
12-28 17:26:37.941   506  8466 I chatty  : uid=1006(camera) mm-qcamera-daem expire 2 lines
12-28 17:26:37.943   506  8467 I chatty  : uid=1006(camera) mm-qcamera-daem expire 3 lines
12-28 17:26:37.947   506  8469 I chatty  : uid=1006(camera) mm-qcamera-daem expire 4 lines
12-28 17:26:37.951   506  8470 I chatty  : uid=1006(camera) mm-qcamera-daem expire 4 lines
12-28 17:26:37.952   506  8471 I chatty  : uid=1006(camera) mm-qcamera-daem expire 3 lines
12-28 17:26:40.767   913   949 W system_server: kill(-7341, 9) failed: No such process
12-28 17:26:40.813   913   949 W system_server: kill(-7341, 9) failed: No such process
12-28 17:26:40.813   913   949 I system_server: Successfully killed process cgroup uid 10031 pid 7341 in 45ms
12-28 17:26:42.059   913  7329 I ActivityManager: Killing 6129:android.process.media/u0a8 (adj 906): empty #17
12-28 17:26:42.061   913   949 W system_server: kill(-6129, 9) failed: No such process
12-28 17:26:42.109   913   949 W system_server: kill(-6129, 9) failed: No such process
12-28 17:26:42.112   913   949 I system_server: Successfully killed process cgroup uid 10008 pid 6129 in 48ms
12-28 17:26:42.862   913   949 W system_server: kill(-7501, 9) failed: No such process
12-28 17:26:42.907   913   949 W system_server: kill(-7501, 9) failed: No such process
12-28 17:26:42.907   913   949 I system_server: Successfully killed process cgroup uid 10031 pid 7501 in 45ms
12-28 17:26:47.874   913   949 W system_server: kill(-7825, 9) failed: No such process
12-28 17:26:47.920   913   949 W system_server: kill(-7825, 9) failed: No such process
12-28 17:26:47.920   913   949 I system_server: Successfully killed process cgroup uid 10079 pid 7825 in 46ms
12-28 17:26:48.428  7577  7577 W Notification: See the documentation of setSound() for what to use instead with android.media.AudioAttributes to qualify your playback use case
12-28 17:26:48.451  7577  7577 W Notification: See the documentation of setSound() for what to use instead with android.media.AudioAttributes to qualify your playback use case
12-28 17:26:52.750   913   949 W system_server: kill(-7890, 9) failed: No such process
12-28 17:26:52.795   913   949 W system_server: kill(-7890, 9) failed: No such process
12-28 17:26:52.795   913   949 I system_server: Successfully killed process cgroup uid 10078 pid 7890 in 45ms
12-28 17:26:58.165   913   949 W system_server: kill(-7922, 9) failed: No such process
12-28 17:26:58.210   913   949 W system_server: kill(-7922, 9) failed: No such process
12-28 17:26:58.210   913   949 I system_server: Successfully killed process cgroup uid 1000 pid 7922 in 50ms
12-28 17:27:01.118   913  6261 E IzatSvc_OSObserver: I/LocTech-Label :: OSOBSERVER :: Data Items In
12-28 17:27:01.118   913  6261 E IzatSvc_OSObserver: I/LocTech-Value :: Data Item Value: IS_QUALCOMM_ENHANCED_PROVIDER_ENABLED: false
12-28 17:27:01.121   913  6261 E IzatSvc_OSObserver: I/LocTech-Label :: OSOBSERVER :: Data Items In
12-28 17:27:01.121   913  6261 E IzatSvc_OSObserver: I/LocTech-Value :: Data Item Value: ACTIVE_NETWORK_INFO::TYPE: 100, TYPE_NAME: WIFI, SUB_TYPE_NAME: , IS_AVAILABLE: true, IS_CONNECTED: true, IS_ROAMING: false
12-28 17:27:01.126   913  6261 E IzatSvc_OSObserver: I/LocTech-Label :: OSOBSERVER :: Data Items In
12-28 17:27:01.126   913  6261 E IzatSvc_OSObserver: I/LocTech-Value :: Data Item Value: MCCMNC: -+202|01
12-28 17:27:01.127   913  6261 E IzatSvc_OSObserver: I/LocTech-Label :: OSOBSERVER :: Data Items In
12-28 17:27:01.127   913  6261 E IzatSvc_OSObserver: I/LocTech-Value :: Data Item Value: IS_QUALCOMM_ENHANCED_PROVIDER_ENABLED: false
12-28 17:27:01.129   913  6261 E IzatSvc_OSObserver: I/LocTech-Label :: OSOBSERVER :: Data Items In
12-28 17:27:01.129   913  6261 E IzatSvc_OSObserver: I/LocTech-Value :: Data Item Value: TAC: 35987206
