12-27 18:14:50.209   926   926 I SystemServer: InitBeforeStartServices
12-27 18:14:50.209   926   926 I SystemServer: Entered the Android system server!
12-27 18:14:50.463   926   926 D SystemServerTiming: InitBeforeStartServices took to complete: 254ms
12-27 18:14:50.463   926   926 I SystemServer: StartServices
12-27 18:14:50.463   926   926 I SystemServer: Reading configuration...
12-27 18:14:50.463   926   926 I SystemServer: ReadingSystemConfig
12-27 18:14:50.464   926   926 D SystemServerTiming: ReadingSystemConfig took to complete: 1ms
12-27 18:14:50.464   926   926 I SystemServer: StartInstaller
12-27 18:14:50.465   926   942 D SystemServerInitThreadPool: Started executing ReadingSystemConfig
12-27 18:14:50.516   926   942 D SystemServerInitThreadPool: Finished executing ReadingSystemConfig
12-27 18:14:50.525   926   926 I SystemServiceManager: Starting com.android.server.pm.Installer
12-27 18:14:50.543   926   926 D SystemServerTiming: StartInstaller took to complete: 79ms
12-27 18:14:50.543   926   926 I SystemServer: DeviceIdentifiersPolicyService
12-27 18:14:50.544   926   926 I SystemServiceManager: Starting com.android.server.os.DeviceIdentifiersPolicyService
12-27 18:14:50.546   926   926 D SystemServerTiming: DeviceIdentifiersPolicyService took to complete: 3ms
12-27 18:14:50.546   926   926 I SystemServer: StartActivityManager
12-27 18:14:50.547   926   926 I SystemServiceManager: Starting com.android.server.am.ActivityManagerService$Lifecycle
12-27 18:14:50.821   926   926 D SystemServerTiming: StartActivityManager took to complete: 275ms
12-27 18:14:50.821   926   926 I SystemServer: StartPowerManager
12-27 18:14:50.821   926   926 I SystemServiceManager: Starting com.android.server.power.PowerManagerService
12-27 18:14:50.829   926   926 D SystemServerTiming: StartPowerManager took to complete: 8ms
12-27 18:14:50.829   926   926 I SystemServer: InitPowerManagement
12-27 18:14:50.833   926   926 D SystemServerTiming: InitPowerManagement took to complete: 4ms
12-27 18:14:50.833   926   926 I SystemServer: StartRecoverySystemService
12-27 18:14:50.833   926   926 I SystemServiceManager: Starting com.android.server.RecoverySystemService
12-27 18:14:50.836   926   926 D SystemServerTiming: StartRecoverySystemService took to complete: 3ms
12-27 18:14:50.837   926   926 I SystemServer: StartLightsService
12-27 18:14:50.837   926   926 I SystemServiceManager: Starting com.android.server.lights.LightsService
12-27 18:14:50.838   926   926 D SystemServerTiming: StartLightsService took to complete: 1ms
12-27 18:14:50.839   926   926 I SystemServer: StartDisplayManager
12-27 18:14:50.840   926   926 I SystemServiceManager: Starting com.android.server.display.DisplayManagerService
12-27 18:14:50.850   926   926 D SystemServerTiming: StartDisplayManager took to complete: 11ms
12-27 18:14:50.850   926   926 I SystemServer: WaitForDisplay
12-27 18:14:50.866   926   926 D SystemServerTiming: WaitForDisplay took to complete: 16ms
12-27 18:14:50.866   926   926 I SystemServer: StartPackageManagerService
12-27 18:14:51.625   926   926 W PackageManager: Destroying /data/user/0/media due to: com.android.server.pm.PackageManagerException: Package media is unknown
12-27 18:14:51.813   926   993 D SystemServerInitThreadPool: Started executing prepareAppData
12-27 18:14:51.976   926   993 D SystemServerTimingAsync: AppDataFixup took to complete: 163ms
12-27 18:14:52.096   926   926 D SystemServerTiming: StartPackageManagerService took to complete: 1230ms
12-27 18:14:52.097   926   926 I SystemServer: StartOtaDexOptService
12-27 18:14:52.099   926   926 D SystemServerTiming: StartOtaDexOptService took to complete: 2ms
12-27 18:14:52.099   926   926 I SystemServer: StartUserManagerService
12-27 18:14:52.099   926   926 I SystemServiceManager: Starting com.android.server.pm.UserManagerService$LifeCycle
12-27 18:14:52.100   926   926 D SystemServerTiming: StartUserManagerService took to complete: 1ms
12-27 18:14:52.100   926   926 I SystemServer: InitAttributerCache
12-27 18:14:52.100   926   926 D SystemServerTiming: InitAttributerCache took to complete: 0ms
12-27 18:14:52.100   926   926 I SystemServer: SetSystemProcess
12-27 18:14:52.116   926   926 D SystemServerTiming: SetSystemProcess took to complete: 16ms
12-27 18:14:52.118   926   926 I SystemServer: StartOverlayManagerService
12-27 18:14:52.123   926   926 D SystemServerTiming: StartOverlayManagerService took to complete: 5ms
12-27 18:14:52.123   926  1018 D SystemServerInitThreadPool: Started executing Init OverlayManagerService
12-27 18:14:52.124   926   926 I SystemServer: StartDropBoxManager
12-27 18:14:52.124   926   926 I SystemServiceManager: Starting com.android.server.DropBoxManagerService
12-27 18:14:52.125   926  1019 D SystemServerInitThreadPool: Started executing StartSensorService
12-27 18:14:52.127   926   926 D SystemServerTiming: StartDropBoxManager took to complete: 3ms
12-27 18:14:52.127   926   926 I SystemServer: StartBatteryService
12-27 18:14:52.128   926   926 I SystemServiceManager: Starting com.android.server.BatteryService
12-27 18:14:52.138   926   926 D SystemServerTiming: StartBatteryService took to complete: 11ms
12-27 18:14:52.138   926   926 I SystemServer: StartUsageService
12-27 18:14:52.139   926   926 I SystemServiceManager: Starting com.android.server.usage.UsageStatsService
12-27 18:14:52.148   926   926 D SystemServerTiming: StartUsageService took to complete: 10ms
12-27 18:14:52.149   926   926 I SystemServer: StartWebViewUpdateService
12-27 18:14:52.149   926   926 I SystemServiceManager: Starting com.android.server.webkit.WebViewUpdateService
12-27 18:14:52.154   926   926 D SystemServerTiming: StartWebViewUpdateService took to complete: 5ms
12-27 18:14:52.155   926   926 I SystemServer: StartKeyAttestationApplicationIdProviderService
12-27 18:14:52.155   926   942 D SystemServerInitThreadPool: Started executing SecondaryZygotePreload
12-27 18:14:52.155   926   942 I SystemServer: SecondaryZygotePreload
12-27 18:14:52.157   926   926 D SystemServerTiming: StartKeyAttestationApplicationIdProviderService took to complete: 2ms
12-27 18:14:52.157   926   926 I SystemServer: StartKeyChainSystemService
12-27 18:14:52.157   926   926 I SystemServiceManager: Starting com.android.server.security.KeyChainSystemService
12-27 18:14:52.158   926   926 D SystemServerTiming: StartKeyChainSystemService took to complete: 1ms
12-27 18:14:52.158   926   926 I SystemServer: StartSchedulingPolicyService
12-27 18:14:52.159   926   926 D SystemServerTiming: StartSchedulingPolicyService took to complete: 1ms
12-27 18:14:52.160   926   926 I SystemServer: StartTelecomLoaderService
12-27 18:14:52.160   926   926 I SystemServiceManager: Starting com.android.server.telecom.TelecomLoaderService
12-27 18:14:52.161   926   926 D SystemServerTiming: StartTelecomLoaderService took to complete: 1ms
12-27 18:14:52.161   926   926 I SystemServer: StartTelephonyRegistry
12-27 18:14:52.232   926   926 D SystemServerTiming: StartTelephonyRegistry took to complete: 71ms
12-27 18:14:52.232   926   926 I SystemServer: StartEntropyMixer
12-27 18:14:52.236   926   926 D SystemServerTiming: StartEntropyMixer took to complete: 4ms
12-27 18:14:52.236   926   926 I SystemServer: StartAccountManagerService
12-27 18:14:52.237   926   926 I SystemServiceManager: Starting com.android.server.accounts.AccountManagerService$Lifecycle
12-27 18:14:52.334   926   926 W SystemServiceManager: Service com.android.server.accounts.AccountManagerService$Lifecycle took 97 ms in onStart
12-27 18:14:52.334   926   926 D SystemServerTiming: StartAccountManagerService took to complete: 98ms
12-27 18:14:52.334   926   926 I SystemServer: StartContentService
12-27 18:14:52.335   926   926 I SystemServiceManager: Starting com.android.server.content.ContentService$Lifecycle
12-27 18:14:52.339   926   926 D SystemServerTiming: StartContentService took to complete: 5ms
12-27 18:14:52.339   926   926 I SystemServer: InstallSystemProviders
12-27 18:14:53.199   926  1018 D SystemServerInitThreadPool: Finished executing Init OverlayManagerService
12-27 18:14:53.674   926   942 D SystemServerTimingAsync: SecondaryZygotePreload took to complete: 1519ms
12-27 18:14:53.674   926   942 D SystemServerInitThreadPool: Finished executing SecondaryZygotePreload
12-27 18:14:54.006   926   993 D SystemServerTimingAsync: AppDataPrepare took to complete: 2029ms
12-27 18:14:54.006   926   993 D SystemServerInitThreadPool: Finished executing prepareAppData
12-27 18:14:54.213   926  1019 D SystemServerTimingAsync: StartSensorService took to complete: 2088ms
12-27 18:14:54.213   926  1019 D SystemServerInitThreadPool: Finished executing StartSensorService
12-27 18:14:54.279   926   926 D SystemServerTiming: InstallSystemProviders took to complete: 1940ms
12-27 18:14:54.279   926   926 I SystemServer: StartVibratorService
12-27 18:14:54.299   926   926 D SystemServerTiming: StartVibratorService took to complete: 20ms
12-27 18:14:54.299   926   926 I SystemServer: StartConsumerIrService
12-27 18:14:54.310   926   926 D SystemServerTiming: StartConsumerIrService took to complete: 11ms
12-27 18:14:54.310   926   926 I SystemServer: StartAlarmManagerService
12-27 18:14:54.310   926   926 I SystemServiceManager: Starting com.android.server.AlarmManagerService
12-27 18:14:54.319   926   926 D SystemServerTiming: StartAlarmManagerService took to complete: 9ms
12-27 18:14:54.319   926   926 I SystemServer: InitWatchdog
12-27 18:14:54.319   926   926 D SystemServerTiming: InitWatchdog took to complete: 0ms
12-27 18:14:54.319   926   926 I SystemServer: StartInputManagerService
12-27 18:14:54.321   926   926 D SystemServerTiming: StartInputManagerService took to complete: 2ms
12-27 18:14:54.321   926   926 I SystemServer: StartWindowManagerService
12-27 18:14:54.400   926   926 D SystemServerTiming: StartWindowManagerService took to complete: 79ms
12-27 18:14:54.401   926  1018 D SystemServerInitThreadPool: Started executing StartHidlServices
12-27 18:14:54.401   926   926 I SystemServer: StartVrManagerService
12-27 18:14:54.401   926   926 I SystemServiceManager: Starting com.android.server.vr.VrManagerService
12-27 18:14:54.409   926   926 D SystemServerTiming: StartVrManagerService took to complete: 8ms
12-27 18:14:54.409   926   926 I SystemServer: SetWindowManagerService
12-27 18:14:54.409   926  1018 D SystemServerTimingAsync: StartHidlServices took to complete: 8ms
12-27 18:14:54.409   926  1018 D SystemServerInitThreadPool: Finished executing StartHidlServices
12-27 18:14:54.413   926   926 D SystemServerTiming: SetWindowManagerService took to complete: 4ms
12-27 18:14:54.413   926   926 I SystemServer: StartInputManager
12-27 18:14:54.417   926   926 D SystemServerTiming: StartInputManager took to complete: 4ms
12-27 18:14:54.417   926   926 I SystemServer: DisplayManagerWindowManagerAndInputReady
12-27 18:14:54.417   926   926 D SystemServerTiming: DisplayManagerWindowManagerAndInputReady took to complete: 0ms
12-27 18:14:54.417   926   926 I SystemServer: StartBluetoothService
12-27 18:14:54.417   926   926 I SystemServiceManager: Starting com.android.server.BluetoothService
12-27 18:14:54.448   926   926 D SystemServerTiming: StartBluetoothService took to complete: 31ms
12-27 18:14:54.448   926   926 I SystemServer: IpConnectivityMetrics
12-27 18:14:54.449   926   926 I SystemServiceManager: Starting com.android.server.connectivity.IpConnectivityMetrics
12-27 18:14:54.452   926   926 D SystemServerTiming: IpConnectivityMetrics took to complete: 4ms
12-27 18:14:54.452   926   926 I SystemServer: PinnerService
12-27 18:14:54.453   926   926 I SystemServiceManager: Starting com.android.server.PinnerService
12-27 18:14:54.454   926   926 D SystemServerTiming: PinnerService took to complete: 2ms
12-27 18:14:54.455   926   926 I SystemServer: StartInputMethodManagerLifecycle
12-27 18:14:54.455   926   926 I SystemServiceManager: Starting com.android.server.InputMethodManagerService$Lifecycle
12-27 18:14:54.468   926   926 D SystemServerTiming: StartInputMethodManagerLifecycle took to complete: 13ms
12-27 18:14:54.468   926   926 I SystemServer: StartAccessibilityManagerService
12-27 18:14:54.474   926   926 D SystemServerTiming: StartAccessibilityManagerService took to complete: 6ms
12-27 18:14:54.474   926   926 I SystemServer: MakeDisplayReady
12-27 18:14:54.586   926   926 D SystemServerTiming: MakeDisplayReady took to complete: 112ms
12-27 18:14:54.586   926   926 I SystemServer: StartStorageManagerService
12-27 18:14:54.587   926   926 I SystemServiceManager: Starting com.android.server.StorageManagerService$Lifecycle
12-27 18:14:54.594   926   926 D SystemServerTiming: StartStorageManagerService took to complete: 8ms
12-27 18:14:54.594   926   926 I SystemServer: StartStorageStatsService
12-27 18:14:54.595   926   926 I SystemServiceManager: Starting com.android.server.usage.StorageStatsService$Lifecycle
12-27 18:14:54.605   926   926 D SystemServerTiming: StartStorageStatsService took to complete: 11ms
12-27 18:14:54.605   926   926 I SystemServer: StartUiModeManager
12-27 18:14:54.606   926   926 I SystemServiceManager: Starting com.android.server.UiModeManagerService
12-27 18:14:54.609   926   942 D SystemServerInitThreadPool: Started executing UiModeManager.onStart
12-27 18:14:54.610   926   926 D SystemServerTiming: StartUiModeManager took to complete: 5ms
12-27 18:14:54.610   926   926 I SystemServer: UpdatePackagesIfNeeded
12-27 18:14:54.610   926   926 D SystemServerTiming: UpdatePackagesIfNeeded took to complete: 0ms
12-27 18:14:54.610   926   926 I SystemServer: PerformFstrimIfNeeded
12-27 18:14:54.611   926   926 D SystemServerTiming: PerformFstrimIfNeeded took to complete: 1ms
12-27 18:14:54.611   926   926 I SystemServer: StartLockSettingsService
12-27 18:14:54.611   926   926 I SystemServiceManager: Starting com.android.server.locksettings.LockSettingsService$Lifecycle
12-27 18:14:54.632   926   942 D SystemServerInitThreadPool: Finished executing UiModeManager.onStart
12-27 18:14:54.742   926   926 W SystemServiceManager: Service com.android.server.locksettings.LockSettingsService$Lifecycle took 131 ms in onStart
12-27 18:14:54.742   926   926 D SystemServerTiming: StartLockSettingsService took to complete: 131ms
12-27 18:14:54.742   926   926 I SystemServer: StartPersistentDataBlock
12-27 18:14:54.742   926   926 I SystemServiceManager: Starting com.android.server.PersistentDataBlockService
12-27 18:14:54.767   926   926 D SystemServerTiming: StartPersistentDataBlock took to complete: 25ms
12-27 18:14:54.767   926   993 D SystemServerInitThreadPool: Started executing PersistentDataBlockService.onStart
12-27 18:14:54.767   926   926 I SystemServer: StartOemLockService
12-27 18:14:54.768   926   926 I SystemServiceManager: Starting com.android.server.oemlock.OemLockService
12-27 18:14:54.772   926   926 D SystemServerTiming: StartOemLockService took to complete: 5ms
12-27 18:14:54.772   926   926 I SystemServer: StartDeviceIdleController
12-27 18:14:54.773   926   926 I SystemServiceManager: Starting com.android.server.DeviceIdleController
12-27 18:14:54.778   926   926 D SystemServerTiming: StartDeviceIdleController took to complete: 6ms
12-27 18:14:54.778   926   926 I SystemServer: StartDevicePolicyManager
12-27 18:14:54.779   926   926 I SystemServiceManager: Starting com.android.server.devicepolicy.DevicePolicyManagerService$Lifecycle
12-27 18:14:54.792   926   926 D SystemServerTiming: StartDevicePolicyManager took to complete: 13ms
12-27 18:14:54.792   926   926 I SystemServer: StartStatusBarManagerService
12-27 18:14:54.794   926   926 D SystemServerTiming: StartStatusBarManagerService took to complete: 2ms
12-27 18:14:54.794   926   926 I SystemServer: StartClipboardService
12-27 18:14:54.794   926   926 I SystemServiceManager: Starting com.android.server.clipboard.ClipboardService
12-27 18:14:54.797   926   926 D SystemServerTiming: StartClipboardService took to complete: 2ms
12-27 18:14:54.797   926   926 I SystemServer: StartNetworkManagementService
12-27 18:14:54.797   926   993 E PersistentDataBlockService: 	at com.android.server.PersistentDataBlockService.getAllowedUid(PersistentDataBlockService.java:112)
12-27 18:14:54.797   926   993 E PersistentDataBlockService: 	at com.android.server.PersistentDataBlockService.lambda$-com_android_server_PersistentDataBlockService_5033(PersistentDataBlockService.java:125)
12-27 18:14:54.797   926   993 E PersistentDataBlockService: 	at com.android.server.-$Lambda$VaVGUZuNs2jqHMhhxPzwNl4zK-M.$m$3(Unknown Source:4)
12-27 18:14:54.797   926   993 E PersistentDataBlockService: 	at com.android.server.-$Lambda$VaVGUZuNs2jqHMhhxPzwNl4zK-M.run(Unknown Source:23)
12-27 18:14:54.797   926   993 E PersistentDataBlockService: 	at com.android.server.SystemServerInitThreadPool.lambda$-com_android_server_SystemServerInitThreadPool_2249(SystemServerInitThreadPool.java:64)
12-27 18:14:54.797   926   993 E PersistentDataBlockService: 	at com.android.server.-$Lambda$Ganck_s9Kl5o2K6eVDoQTKLc-6g.$m$2(Unknown Source:8)
12-27 18:14:54.797   926   993 E PersistentDataBlockService: 	at com.android.server.-$Lambda$Ganck_s9Kl5o2K6eVDoQTKLc-6g.run(Unknown Source:19)
12-27 18:14:54.802   926   926 D SystemServerTiming: StartNetworkManagementService took to complete: 5ms
12-27 18:14:54.802   926   926 I SystemServer: StartTextServicesManager
12-27 18:14:54.803   926   926 I SystemServiceManager: Starting com.android.server.TextServicesManagerService$Lifecycle
12-27 18:14:54.877   926   926 D SystemServerTiming: StartTextServicesManager took to complete: 75ms
12-27 18:14:54.877   926   926 I SystemServer: StartNetworkScoreService
12-27 18:14:54.880   926   926 D SystemServerTiming: StartNetworkScoreService took to complete: 3ms
12-27 18:14:54.880   926   926 I SystemServer: StartNetworkStatsService
12-27 18:14:54.909   926   926 D SystemServerTiming: StartNetworkStatsService took to complete: 28ms
12-27 18:14:54.909   926   926 I SystemServer: StartNetworkPolicyManagerService
12-27 18:14:54.918   926   993 D SystemServerInitThreadPool: Finished executing PersistentDataBlockService.onStart
12-27 18:14:54.918   926   926 D SystemServerTiming: StartNetworkPolicyManagerService took to complete: 9ms
12-27 18:14:54.918   926   926 I SystemServer: StartWifi
12-27 18:14:54.929   926   926 I SystemServiceManager: Starting com.android.server.wifi.WifiService
12-27 18:14:55.074   926   926 D SystemServerTiming: StartWifi took to complete: 156ms
12-27 18:14:55.074   926   926 I SystemServer: StartWifiScanning
12-27 18:14:55.074   926   926 I SystemServiceManager: Starting com.android.server.wifi.scanner.WifiScanningService
12-27 18:14:55.082   926   926 D SystemServerTiming: StartWifiScanning took to complete: 8ms
12-27 18:14:55.082   926   926 I SystemServer: StartWifiRtt
12-27 18:14:55.082   926   926 I SystemServiceManager: Starting com.android.server.wifi.RttService
12-27 18:14:55.086   926   926 D SystemServerTiming: StartWifiRtt took to complete: 4ms
12-27 18:14:55.086   926   926 I SystemServer: No Wi-Fi Aware Service (Aware support Not Present)
12-27 18:14:55.086   926   926 I SystemServer: StartWifiP2P
12-27 18:14:55.086   926   926 I SystemServiceManager: Starting com.android.server.wifi.p2p.WifiP2pService
12-27 18:14:55.094   926   926 D SystemServerTiming: StartWifiP2P took to complete: 8ms
12-27 18:14:55.094   926   926 I SystemServer: StartEthernet
12-27 18:14:55.094   926   926 I SystemServiceManager: Starting com.android.server.ethernet.EthernetService
12-27 18:14:55.098   926   926 D SystemServerTiming: StartEthernet took to complete: 4ms
12-27 18:14:55.098   926   926 I SystemServer: StartConnectivityService
12-27 18:14:55.125   926   926 D SystemServerTiming: StartConnectivityService took to complete: 27ms
12-27 18:14:55.125   926   926 I SystemServer: StartNsdService
12-27 18:14:55.130   926   926 D SystemServerTiming: StartNsdService took to complete: 5ms
12-27 18:14:55.130   926   926 I SystemServer: StartUpdateLockService
12-27 18:14:55.132   926   926 D SystemServerTiming: StartUpdateLockService took to complete: 2ms
12-27 18:14:55.132   926   926 I SystemServer: WaitForAsecScan
12-27 18:14:55.132   926   926 D SystemServerTiming: WaitForAsecScan took to complete: 0ms
12-27 18:14:55.132   926   926 I SystemServer: StartNotificationManager
12-27 18:14:55.133   926   926 I SystemServiceManager: Starting com.android.server.notification.NotificationManagerService
12-27 18:14:55.162   926   926 D ZenLog  : config: readXml,ZenModeConfig[user=0,allowCalls=true,allowRepeatCallers=false,allowMessages=false,allowCallsFrom=contacts,allowMessagesFrom=contacts,allowReminders=true,allowEvents=true,allowWhenScreenOff=true,allowWhenScreenOn=true,automaticRules={EVENTS_DEFAULT_RULE=ZenRule[enabled=false,snoozing=false,name=Συμβάν,zenMode=ZEN_MODE_ALARMS,conditionId=condition://android/event?userId=-10000&calendar=&reply=1,condition=Condition[id=condition://android/event?userId=-10000&calendar=&reply=1,summary=...,line1=...,line2=...,icon=0,state=STATE_FALSE,flags=2],component=ComponentInfo{android/com.android.server.notification.EventConditionProvider},id=EVENTS_DEFAULT_RULE,creationTime=1420081334430,enabler=null], SCHEDULED_DEFAULT_RULE_1=ZenRule[enabled=false,snoozing=false,name=Νύχτα καθημερινής,zenMode=ZEN_MODE_ALARMS,conditionId=condition://android/schedule?days=1.2.3.4.5&start=22.0&end=7.0&exitAtAlarm=false,condition=Condition[id=condition://android/schedule?days=1.2.3.4.5&start=22.0&end=7.0&exitAtAlarm=false,summary=...,line1=...,line2=...,icon=0,state=STATE_FALSE,flags=2],component=ComponentInfo{android/com.android.server.notification.ScheduleConditionProvider},id=SCHEDULED_DEFAULT_RULE_1,creationTime=1420081334430,enabler=null], SCHEDULED_DEFAULT_RULE_2=ZenRule[enabled=false,snoozing=false,name=Σαββατοκύριακο,zenMode=ZEN_MODE_ALARMS,conditionId=condition://android/schedule?days=6.7&start=23.30&end=10.0&exitAtAlarm=false,condition=Condition[id=condition://android/schedule?days=6.7&start=23.30&end=10.0&exitAtAlarm=false,summary=...,line1=...,line2=...,icon=0,state=STATE_FALSE,flags=2],component=ComponentInfo{android/com.android.server.notification.ScheduleConditionProvider},id=SCHEDULED_DEFAULT_RULE_2,creationTime=1420081334430,enabler=null]},manualRule=ZenRule[enabled=true,snoozing=false,name=null,zenMode=ZEN_MODE_ALARMS,conditionId=null,condition=null,component=null,id=null,creationTime=0,enabler=null]],Diff[automaticRule[EVENTS_DEFAULT_RULE].condition:null->Condition[id=condition://android/event?userId=-10000&calendar=&reply=1,summary=...,line1=...,line2=...,icon=0,state=STATE_FALSE,flags=2],automaticRule[EVENTS_DEFAULT_RULE].creationTime:1514391295153->1420081334430,automaticRule[SCHEDULED_DEFAULT_RULE_1].condition:null->Condition[id=condition://android/schedule?days=1.2.3.4.5&start=22.0&end=7.0&exitAtAlarm=false,summary=...,line1=...,line2=...,icon=0,state=STATE_FALSE,flags=2],automaticRule[SCHEDULED_DEFAULT_RULE_1].creationTime:1514391295152->1420081334430,automaticRule[SCHEDULED_DEFAULT_RULE_2].condition:null->Condition[id=condition://android/schedule?days=6.7&start=23.30&end=10.0&exitAtAlarm=false,summary=...,line1=...,line2=...,icon=0,state=STATE_FALSE,flags=2],automaticRule[SCHEDULED_DEFAULT_RULE_2].creationTime:1514391295152->1420081334430,manualRule:insert]
12-27 18:14:55.176   926   926 D SystemServerTiming: StartNotificationManager took to complete: 44ms
12-27 18:14:55.176   926   926 I SystemServer: StartDeviceMonitor
12-27 18:14:55.177   926   926 I SystemServiceManager: Starting com.android.server.storage.DeviceStorageMonitorService
12-27 18:14:55.179   926   926 D SystemServerTiming: StartDeviceMonitor took to complete: 3ms
12-27 18:14:55.179   926   926 I SystemServer: StartLocationManagerService
12-27 18:14:55.184   926   926 D SystemServerTiming: StartLocationManagerService took to complete: 5ms
12-27 18:14:55.184   926   926 I SystemServer: StartCountryDetectorService
12-27 18:14:55.185   926   926 D SystemServerTiming: StartCountryDetectorService took to complete: 1ms
12-27 18:14:55.185   926   926 I SystemServer: StartSearchManagerService
12-27 18:14:55.186   926   926 I SystemServiceManager: Starting com.android.server.search.SearchManagerService$Lifecycle
12-27 18:14:55.188   926   926 D SystemServerTiming: StartSearchManagerService took to complete: 3ms
12-27 18:14:55.188   926   926 I SystemServer: StartWallpaperManagerService
12-27 18:14:55.189   926   926 I SystemServiceManager: Starting com.android.server.wallpaper.WallpaperManagerService$Lifecycle
12-27 18:14:55.194   926   926 D SystemServerTiming: StartWallpaperManagerService took to complete: 6ms
12-27 18:14:55.194   926   926 I SystemServer: StartAudioService
12-27 18:14:55.194   926   926 I SystemServiceManager: Starting com.android.server.audio.AudioService$Lifecycle
12-27 18:14:55.234   926   926 D SystemServerTiming: StartAudioService took to complete: 40ms
12-27 18:14:55.234   926   926 I SystemServer: StartDockObserver
12-27 18:14:55.234   926   926 I SystemServiceManager: Starting com.android.server.DockObserver
12-27 18:14:55.235   926   926 W DockObserver: This kernel does not have dock station support
12-27 18:14:55.236   926   926 D SystemServerTiming: StartDockObserver took to complete: 2ms
12-27 18:14:55.236   926   926 I SystemServer: StartWiredAccessoryManager
12-27 18:14:55.237   926   926 D SystemServerTiming: StartWiredAccessoryManager took to complete: 1ms
12-27 18:14:55.238   926   926 I SystemServer: StartUsbService
12-27 18:14:55.238   926   926 I SystemServiceManager: Starting com.android.server.usb.UsbService$Lifecycle
12-27 18:14:57.437   926   926 W SystemServiceManager: Service com.android.server.usb.UsbService$Lifecycle took 2199 ms in onStart
12-27 18:14:57.438   926   926 D SystemServerTiming: StartUsbService took to complete: 2200ms
12-27 18:14:57.438   926   926 I SystemServer: StartSerialService
12-27 18:14:57.439   926   926 D SystemServerTiming: StartSerialService took to complete: 1ms
12-27 18:14:57.439   926   926 I SystemServer: StartHardwarePropertiesManagerService
12-27 18:14:57.443   926   926 D SystemServerTiming: StartHardwarePropertiesManagerService took to complete: 3ms
12-27 18:14:57.445   926   926 I SystemServer: StartTwilightService
12-27 18:14:57.446   926   926 I SystemServiceManager: Starting com.android.server.twilight.TwilightService
12-27 18:14:57.446   926   926 D SystemServerTiming: StartTwilightService took to complete: 1ms
12-27 18:14:57.447   926   926 I SystemServer: StartNightDisplay
12-27 18:14:57.447   926   926 I SystemServiceManager: Starting com.android.server.display.NightDisplayService
12-27 18:14:57.449   926   926 D SystemServerTiming: StartNightDisplay took to complete: 2ms
12-27 18:14:57.449   926   926 I SystemServer: StartJobScheduler
12-27 18:14:57.451   926   926 I SystemServiceManager: Starting com.android.server.job.JobSchedulerService
12-27 18:14:57.481   926   926 D SystemServerTiming: StartJobScheduler took to complete: 31ms
12-27 18:14:57.481   926   926 I SystemServer: StartSoundTrigger
12-27 18:14:57.481   926   926 I SystemServiceManager: Starting com.android.server.soundtrigger.SoundTriggerService
12-27 18:14:57.527   926   926 D SystemServerTiming: StartSoundTrigger took to complete: 46ms
12-27 18:14:57.527   926   926 I SystemServer: StartTrustManager
12-27 18:14:57.527   926   926 I SystemServiceManager: Starting com.android.server.trust.TrustManagerService
12-27 18:14:57.530   926   926 D SystemServerTiming: StartTrustManager took to complete: 3ms
12-27 18:14:57.530   926   926 I SystemServer: StartBackupManager
12-27 18:14:57.531   926   926 I SystemServiceManager: Starting com.android.server.backup.BackupManagerService$Lifecycle
12-27 18:14:57.535   926   926 D SystemServerTiming: StartBackupManager took to complete: 5ms
12-27 18:14:57.536   926   926 I SystemServer: StartAppWidgerService
12-27 18:14:57.536   926   926 I SystemServiceManager: Starting com.android.server.appwidget.AppWidgetService
12-27 18:14:57.545   926   926 D SystemServerTiming: StartAppWidgerService took to complete: 9ms
12-27 18:14:57.545   926   926 I SystemServer: StartVoiceRecognitionManager
12-27 18:14:57.546   926   926 I SystemServiceManager: Starting com.android.server.voiceinteraction.VoiceInteractionManagerService
12-27 18:14:57.549   926   926 D SystemServerTiming: StartVoiceRecognitionManager took to complete: 3ms
12-27 18:14:57.549   926   926 I SystemServer: StartGestureLauncher
12-27 18:14:57.549   926   926 I SystemServiceManager: Starting com.android.server.GestureLauncherService
12-27 18:14:57.550   926   926 D SystemServerTiming: StartGestureLauncher took to complete: 1ms
12-27 18:14:57.550   926   926 I SystemServer: StartSensorNotification
12-27 18:14:57.550   926   926 I SystemServiceManager: Starting com.android.server.SensorNotificationService
12-27 18:14:57.550   926   926 D SystemServerTiming: StartSensorNotification took to complete: 0ms
12-27 18:14:57.551   926   926 I SystemServer: StartContextHubSystemService
12-27 18:14:57.551   926   926 I SystemServiceManager: Starting com.android.server.ContextHubSystemService
12-27 18:14:57.551   926   926 D SystemServerTiming: StartContextHubSystemService took to complete: 0ms
12-27 18:14:57.551   926   926 I SystemServer: StartDiskStatsService
12-27 18:14:57.551   926  1019 D SystemServerInitThreadPool: Started executing Init ContextHubSystemService
12-27 18:14:57.554   926   926 D SystemServerTiming: StartDiskStatsService took to complete: 3ms
12-27 18:14:57.554   926   926 I SystemServer: StartNetworkTimeUpdateService
12-27 18:14:57.554   926  1019 D SystemServerInitThreadPool: Finished executing Init ContextHubSystemService
12-27 18:14:57.556   926   926 D SystemServerTiming: StartNetworkTimeUpdateService took to complete: 2ms
12-27 18:14:57.556   926   926 I SystemServer: StartCommonTimeManagementService
12-27 18:14:57.559   926   926 D SystemServerTiming: StartCommonTimeManagementService took to complete: 3ms
12-27 18:14:57.559   926   926 I SystemServer: CertBlacklister
12-27 18:14:57.561   926   926 D SystemServerTiming: CertBlacklister took to complete: 2ms
12-27 18:14:57.561   926   926 I SystemServer: StartEmergencyAffordanceService
12-27 18:14:57.562   926   926 I SystemServiceManager: Starting com.android.server.emergency.EmergencyAffordanceService
12-27 18:14:57.562   926   926 D SystemServerTiming: StartEmergencyAffordanceService took to complete: 1ms
12-27 18:14:57.562   926   926 I SystemServer: StartDreamManager
12-27 18:14:57.563   926   926 I SystemServiceManager: Starting com.android.server.dreams.DreamManagerService
12-27 18:14:57.567   926   926 D SystemServerTiming: StartDreamManager took to complete: 5ms
12-27 18:14:57.567   926   926 I SystemServer: AddGraphicsStatsService
12-27 18:14:57.569   926   926 D SystemServerTiming: AddGraphicsStatsService took to complete: 2ms
12-27 18:14:57.571   926   926 I SystemServer: StartPrintManager
12-27 18:14:57.571   926   926 I SystemServiceManager: Starting com.android.server.print.PrintManagerService
12-27 18:14:57.576   926   926 D SystemServerTiming: StartPrintManager took to complete: 5ms
12-27 18:14:57.576   926   926 I SystemServer: StartCompanionDeviceManager
12-27 18:14:57.577   926   926 I SystemServiceManager: Starting com.android.server.companion.CompanionDeviceManagerService
12-27 18:14:57.581   926   926 D SystemServerTiming: StartCompanionDeviceManager took to complete: 5ms
12-27 18:14:57.581   926   926 I SystemServer: StartRestrictionManager
12-27 18:14:57.581   926   926 I SystemServiceManager: Starting com.android.server.restrictions.RestrictionsManagerService
12-27 18:14:57.583   926   926 D SystemServerTiming: StartRestrictionManager took to complete: 2ms
12-27 18:14:57.584   926   926 I SystemServer: StartMediaSessionService
12-27 18:14:57.584   926   926 I SystemServiceManager: Starting com.android.server.media.MediaSessionService
12-27 18:14:57.589   926   926 D SystemServerTiming: StartMediaSessionService took to complete: 5ms
12-27 18:14:57.590   926   926 I SystemServer: StartMediaResourceMonitor
12-27 18:14:57.590   926   926 I SystemServiceManager: Starting com.android.server.media.MediaResourceMonitorService
12-27 18:14:57.593   926   926 D SystemServerTiming: StartMediaResourceMonitor took to complete: 3ms
12-27 18:14:57.593   926   926 I SystemServer: StartMediaRouterService
12-27 18:14:57.598   926   926 D SystemServerTiming: StartMediaRouterService took to complete: 5ms
12-27 18:14:57.598   926   926 I SystemServer: StartBackgroundDexOptService
12-27 18:14:57.599   926   926 D SystemServerTiming: StartBackgroundDexOptService took to complete: 1ms
12-27 18:14:57.599   926   926 I SystemServer: StartPruneInstantAppsJobService
12-27 18:14:57.600   926   926 D SystemServerTiming: StartPruneInstantAppsJobService took to complete: 1ms
12-27 18:14:57.600   926   926 I SystemServer: StartShortcutServiceLifecycle
12-27 18:14:57.600   926   926 I SystemServiceManager: Starting com.android.server.pm.ShortcutService$Lifecycle
12-27 18:14:57.608   926   926 D SystemServerTiming: StartShortcutServiceLifecycle took to complete: 8ms
12-27 18:14:57.608   926   926 I SystemServer: StartLauncherAppsService
12-27 18:14:57.608   926   926 I SystemServiceManager: Starting com.android.server.pm.LauncherAppsService
12-27 18:14:57.612   926   926 D SystemServerTiming: StartLauncherAppsService took to complete: 4ms
12-27 18:14:57.612   926   926 I SystemServer: Starting PocketService
12-27 18:14:57.612   926   926 I SystemServiceManager: Starting com.android.server.pocket.PocketService
12-27 18:14:57.616   926   926 I SystemServer: StartMediaProjectionManager
12-27 18:14:57.617   926   926 I SystemServiceManager: Starting com.android.server.media.projection.MediaProjectionManagerService
12-27 18:14:57.625   926   926 D SystemServerTiming: StartMediaProjectionManager took to complete: 9ms
12-27 18:14:57.625   926   926 I SystemServer: StartCameraServiceProxy
12-27 18:14:57.625   926   926 I SystemServiceManager: Starting com.android.server.camera.CameraServiceProxy
12-27 18:14:57.631   926   926 D SystemServerTiming: StartCameraServiceProxy took to complete: 6ms
12-27 18:14:57.632   926   926 I SystemServer: StartJitCompilation
12-27 18:14:57.632   926   926 D SystemServerTiming: StartJitCompilation took to complete: 0ms
12-27 18:14:57.632   926   926 I SystemServer: StartMmsService
12-27 18:14:57.633   926   926 I SystemServiceManager: Starting com.android.server.MmsServiceBroker
12-27 18:14:57.635   926   926 D SystemServerTiming: StartMmsService took to complete: 3ms
12-27 18:14:57.635   926   926 I SystemServer: StartAutoFillService
12-27 18:14:57.636   926   926 I SystemServiceManager: Starting com.android.server.autofill.AutofillManagerService
12-27 18:14:57.641   926   926 D SystemServerTiming: StartAutoFillService took to complete: 6ms
12-27 18:14:57.641   926   926 I SystemServer: MakeVibratorServiceReady
12-27 18:14:57.643   926   926 D SystemServerTiming: MakeVibratorServiceReady took to complete: 2ms
12-27 18:14:57.643   926   926 I SystemServer: MakeLockSettingsServiceReady
12-27 18:14:57.672   926   926 D SystemServerTiming: MakeLockSettingsServiceReady took to complete: 29ms
12-27 18:14:57.672   926   926 I SystemServer: StartBootPhaseLockSettingsReady
12-27 18:14:57.709   926   926 D SystemServerTiming: StartBootPhaseLockSettingsReady took to complete: 37ms
12-27 18:14:57.709   926   926 I SystemServer: StartBootPhaseSystemServicesReady
12-27 18:14:57.757   926   926 D ZenLog  : config: cleanUpZenRules,ZenModeConfig[user=0,allowCalls=true,allowRepeatCallers=false,allowMessages=false,allowCallsFrom=contacts,allowMessagesFrom=contacts,allowReminders=true,allowEvents=true,allowWhenScreenOff=true,allowWhenScreenOn=true,automaticRules={EVENTS_DEFAULT_RULE=ZenRule[enabled=false,snoozing=false,name=Συμβάν,zenMode=ZEN_MODE_ALARMS,conditionId=condition://android/event?userId=-10000&calendar=&reply=1,condition=Condition[id=condition://android/event?userId=-10000&calendar=&reply=1,summary=...,line1=...,line2=...,icon=0,state=STATE_FALSE,flags=2],component=ComponentInfo{android/com.android.server.notification.EventConditionProvider},id=EVENTS_DEFAULT_RULE,creationTime=1420081334430,enabler=null], SCHEDULED_DEFAULT_RULE_1=ZenRule[enabled=false,snoozing=false,name=Νύχτα καθημερινής,zenMode=ZEN_MODE_ALARMS,conditionId=condition://android/schedule?days=1.2.3.4.5&start=22.0&end=7.0&exitAtAlarm=false,condition=Condition[id=condition://android/schedule?days=1.2.3.4.5&start=22.0&end=7.0&exitAtAlarm=false,summary=...,line1=...,line2=...,icon=0,state=STATE_FALSE,flags=2],component=ComponentInfo{android/com.android.server.notification.ScheduleConditionProvider},id=SCHEDULED_DEFAULT_RULE_1,creationTime=1420081334430,enabler=null], SCHEDULED_DEFAULT_RULE_2=ZenRule[enabled=false,snoozing=false,name=Σαββατοκύριακο,zenMode=ZEN_MODE_ALARMS,conditionId=condition://android/schedule?days=6.7&start=23.30&end=10.0&exitAtAlarm=false,condition=Condition[id=condition://android/schedule?days=6.7&start=23.30&end=10.0&exitAtAlarm=false,summary=...,line1=...,line2=...,icon=0,state=STATE_FALSE,flags=2],component=ComponentInfo{android/com.android.server.notification.ScheduleConditionProvider},id=SCHEDULED_DEFAULT_RULE_2,creationTime=1420081334430,enabler=null]},manualRule=ZenRule[enabled=true,snoozing=false,name=null,zenMode=ZEN_MODE_ALARMS,conditionId=null,condition=null,component=null,id=null,creationTime=0,enabler=null]],Diff[]
12-27 18:14:57.768   926   926 D SystemServerTiming: StartBootPhaseSystemServicesReady took to complete: 59ms
12-27 18:14:57.768   926   926 I SystemServer: MakeWindowManagerServiceReady
12-27 18:14:57.807   926   926 D SystemServerTiming: MakeWindowManagerServiceReady took to complete: 39ms
12-27 18:14:57.811   926   926 I SystemServer: MakePowerManagerServiceReady
12-27 18:14:57.826   926   926 D SystemServerTiming: MakePowerManagerServiceReady took to complete: 15ms
12-27 18:14:57.826   926   926 I SystemServer: MakePackageManagerServiceReady
12-27 18:14:57.878   926   926 D SystemServerTiming: MakePackageManagerServiceReady took to complete: 52ms
12-27 18:14:57.878   926   926 I SystemServer: MakeDisplayManagerServiceReady
12-27 18:14:57.878   926   926 D SystemServerTiming: MakeDisplayManagerServiceReady took to complete: 0ms
12-27 18:14:57.902   926   926 I SystemServer: Making services ready
12-27 18:14:57.902   926   926 I SystemServer: StartActivityManagerReadyPhase
12-27 18:14:58.077   926   926 W SystemServiceManager: Service com.android.server.content.ContentService$Lifecycle took 148 ms in onBootPhase
12-27 18:14:58.198   926   926 W SystemServiceManager: Service com.android.server.InputMethodManagerService$Lifecycle took 121 ms in onBootPhase
12-27 18:14:58.201   926   948 I ActivityManager: Force stopping com.android.providers.media appid=10008 user=-1: vold reset
12-27 18:14:58.214   926   926 D SystemServerTiming: StartActivityManagerReadyPhase took to complete: 312ms
12-27 18:14:58.214   926  3814 D VoldConnector: RCV <- {656 emulated /data/media}
12-27 18:14:58.214   926   926 I SystemServer: StartObservingNativeCrashes
12-27 18:14:58.215   926   926 D SystemServerTiming: StartObservingNativeCrashes took to complete: 1ms
12-27 18:14:58.216   926   926 I SystemServer: StartSystemUI
12-27 18:14:58.216   926  1018 D SystemServerInitThreadPool: Started executing WebViewFactoryPreparation
12-27 18:14:58.216   926  1018 I SystemServer: WebViewFactoryPreparation
12-27 18:14:58.236   926   926 D SystemServerTiming: StartSystemUI took to complete: 20ms
12-27 18:14:58.236   926   926 I SystemServer: MakeNetworkScoreReady
12-27 18:14:58.359   926   949 W Looper  : Dispatch took 124ms on android.ui, h=Handler (com.android.server.am.ActivityManagerService$UiHandler) {f351249} cb=null msg=53
12-27 18:14:58.360   926   926 D SystemServerTiming: MakeNetworkScoreReady took to complete: 124ms
12-27 18:14:58.360   926   926 I SystemServer: MakeNetworkManagementServiceReady
12-27 18:14:58.372   926  1018 D SystemServerTimingAsync: WebViewFactoryPreparation took to complete: 156ms
12-27 18:14:58.372   926  1018 D SystemServerInitThreadPool: Finished executing WebViewFactoryPreparation
12-27 18:14:58.395   926   926 D SystemServerTiming: MakeNetworkManagementServiceReady took to complete: 35ms
12-27 18:14:58.395   926   926 I SystemServer: MakeNetworkStatsServiceReady
12-27 18:14:58.446   926   926 D SystemServerTiming: MakeNetworkStatsServiceReady took to complete: 51ms
12-27 18:14:58.446   926   926 I SystemServer: MakeConnectivityServiceReady
12-27 18:14:58.498   926   926 D SystemServerTiming: MakeConnectivityServiceReady took to complete: 52ms
12-27 18:14:58.498   926   926 I SystemServer: MakeNetworkPolicyServiceReady
12-27 18:14:58.556   926   926 D SystemServerTiming: MakeNetworkPolicyServiceReady took to complete: 58ms
12-27 18:14:58.556   926   926 I SystemServer: StartWatchdog
12-27 18:14:58.557   926   926 D SystemServerTiming: StartWatchdog took to complete: 1ms
12-27 18:14:58.557   926   926 I SystemServer: PhaseThirdPartyAppsCanStart
12-27 18:14:58.669   926   926 W SystemServiceManager: Service com.android.server.trust.TrustManagerService took 79 ms in onBootPhase
12-27 18:14:58.690   926   926 D SystemServerTiming: PhaseThirdPartyAppsCanStart took to complete: 133ms
12-27 18:14:58.690   926   926 I SystemServer: MakeLocationServiceReady
12-27 18:14:58.981   926   926 D SystemServerTiming: MakeLocationServiceReady took to complete: 291ms
12-27 18:14:58.981   926   926 I SystemServer: MakeCountryDetectionServiceReady
12-27 18:14:58.981   926   926 D SystemServerTiming: MakeCountryDetectionServiceReady took to complete: 0ms
12-27 18:14:58.981   926   926 I SystemServer: MakeNetworkTimeUpdateReady
12-27 18:14:58.988   926   926 D SystemServerTiming: MakeNetworkTimeUpdateReady took to complete: 7ms
12-27 18:14:58.989   926   926 I SystemServer: MakeCommonTimeManagementServiceReady
12-27 18:14:58.989   926   926 D SystemServerTiming: MakeCommonTimeManagementServiceReady took to complete: 0ms
12-27 18:14:58.989   926   926 I SystemServer: MakeInputManagerServiceReady
12-27 18:14:58.991   926   926 D SystemServerTiming: MakeInputManagerServiceReady took to complete: 2ms
12-27 18:14:58.991   926   926 I SystemServer: MakeTelephonyRegistryReady
12-27 18:14:58.991   926   926 D SystemServerTiming: MakeTelephonyRegistryReady took to complete: 0ms
12-27 18:14:58.991   926   926 I SystemServer: MakeMediaRouterServiceReady
12-27 18:14:58.993   926   926 D SystemServerTiming: MakeMediaRouterServiceReady took to complete: 2ms
12-27 18:14:58.993   926   926 I SystemServer: MakeMmsServiceReady
12-27 18:14:58.993   926   926 D SystemServerTiming: MakeMmsServiceReady took to complete: 0ms
12-27 18:14:58.993   926   926 I SystemServer: MakeNetworkScoreServiceReady
12-27 18:14:58.993   926   926 D SystemServerTiming: MakeNetworkScoreServiceReady took to complete: 0ms
12-27 18:14:58.993   926   926 I SystemServer: IncidentDaemonReady
12-27 18:14:58.994   926   926 D SystemServerTiming: IncidentDaemonReady took to complete: 1ms
12-27 18:14:59.008   926   926 W CameraService_proxy: Could not notify mediaserver, camera service not available.
12-27 18:14:59.246   926   926 D SystemServerTiming: ActivityManagerStartApps took to complete: 252ms
12-27 18:14:59.246   926   926 D SystemServerTiming: PhaseActivityManagerReady took to complete: 1368ms
12-27 18:14:59.247   926   949 W Looper  : Dispatch took 239ms on android.ui, h=Handler (com.android.server.am.ActivityManagerService$UiHandler) {f351249} cb=null msg=53
12-27 18:14:59.252   926   926 D SystemServerInitThreadPool: Shutdown successful
12-27 18:14:59.252   926   926 D SystemServerTiming: StartServices took to complete: 8789ms
12-27 18:14:59.253   926   926 I SystemServer: Enabled StrictMode for system server main thread.
12-27 18:14:59.717  4349  4349 D SystemUIBootTiming: StartServicesKeyguardViewMediator took to complete: 714ms
12-27 18:14:59.948   926   926 D ConditionProviders: Subscribing to condition://android/event?userId=-10000&calendar=&reply=1 with ComponentInfo{android/com.android.server.notification.EventConditionProvider}
12-27 18:14:59.949   926   926 D ConditionProviders: Subscribing to condition://android/schedule?days=1.2.3.4.5&start=22.0&end=7.0&exitAtAlarm=false with ComponentInfo{android/com.android.server.notification.ScheduleConditionProvider}
12-27 18:14:59.950   926   926 D ConditionProviders: Subscribing to condition://android/schedule?days=6.7&start=23.30&end=10.0&exitAtAlarm=false with ComponentInfo{android/com.android.server.notification.ScheduleConditionProvider}
12-27 18:15:00.304   926   926 W ContextImpl: Calling a method in the system process without a qualified user: android.app.ContextImpl.startService:1476 android.content.ContextWrapper.startService:650 com.android.server.telecom.components.TelecomService.initializeTelecomSystem:180 com.android.server.telecom.components.TelecomService.onBind:64 android.app.ActivityThread.handleBindService:3366 
12-27 18:15:00.307   926   926 W ContextImpl: Calling a method in the system process without a qualified user: android.app.ContextImpl.startService:1476 com.android.server.content.SyncManager$13.run:722 android.os.Handler.handleCallback:790 android.os.Handler.dispatchMessage:99 android.os.Looper.loop:164 
12-27 18:15:04.244  5357  5357 I Dialer  : CallLogFramework.registerContentObservers - enter
12-27 18:15:04.245  5357  5357 I Dialer  : CallLogFramework.registerContentObservers - new call log not enabled
12-27 18:15:04.825   401   411 D vold    : Preparing: /data/media/0
12-27 18:15:04.834   926  4160 D ConnectivityService: Setting DNS servers for network 100 to [/94.143.182.1, /94.143.182.2]
12-27 18:15:05.086   926  4525 I ActivityManager: Start proc 5628:android.process.media/u0a8 for broadcast com.android.providers.downloads/.DownloadReceiver
12-27 18:15:05.191   926   948 W SystemServiceManager: Service com.android.server.backup.BackupManagerService$Lifecycle took 93 ms in onUnlockUser 
12-27 18:15:05.322   926   926 I SyncManager: Loaded persisted syncs: 3 periodic syncs, 0 oneshot syncs, 10 total system server jobs, JobStats: FirstLoad: 5/3/3 LastSave: -1/-1/-1
12-27 18:15:05.537  5628  5628 D MediaScannerReceiver: action: android.intent.action.MEDIA_MOUNTED path: /storage/emulated/0
12-27 18:15:05.701  5628  5764 F MediaProfiles: frameworks/av/media/libmedia/MediaProfiles.cpp:329 CHECK(quality != -1) failed.
12-27 18:15:05.702  5628  5764 F libc    : Fatal signal 6 (SIGABRT), code -6 in tid 5764 (MediaScannerSer), pid 5628 (d.process.media)
12-27 18:15:05.769  5843  5843 F DEBUG   : pid: 5628, tid: 5764, name: MediaScannerSer  >>> android.process.media <<<
12-27 18:15:05.773  5843  5843 F DEBUG   : Abort message: 'frameworks/av/media/libmedia/MediaProfiles.cpp:329 CHECK(quality != -1) failed.'
12-27 18:15:05.795  5843  5843 F DEBUG   :     #02 pc 00000000000b9d7c  /system/lib64/libmedia.so (_ZN7android13MediaProfiles22createCamcorderProfileEiPPKcRNS_6VectorIiEE.cfi+200)
12-27 18:15:05.795  5843  5843 F DEBUG   :     #03 pc 00000000000baa24  /system/lib64/libmedia.so (_ZN7android13MediaProfiles19startElementHandlerEPvPKcPS3_.cfi+940)
12-27 18:15:05.795  5843  5843 F DEBUG   :     #07 pc 00000000000bc4e0  /system/lib64/libmedia.so (_ZN7android13MediaProfiles25createInstanceFromXmlFileEPKc.cfi+212)
12-27 18:15:05.795  5843  5843 F DEBUG   :     #08 pc 00000000000bc070  /system/lib64/libmedia.so (_ZN7android13MediaProfiles11getInstanceEv.cfi+104)
12-27 18:15:05.796  5843  5843 F DEBUG   :     #09 pc 0000000000045968  /system/lib64/libmedia_jni.so (android_media_MediaProfiles_native_init(_JNIEnv*)+40)
12-27 18:15:06.033   926   926 I chatty  : uid=1000 system_server expire 9 lines
12-27 18:15:06.054   397   397 E SELinux : avc:  denied  { add } for service=com.qualcomm.location.izat.IzatService pid=926 uid=1000 scontext=u:r:system_server:s0 tcontext=u:object_r:default_android_service:s0 tclass=service_manager permissive=1
12-27 18:15:06.081  4474  4474 I Thread-3: type=1400 audit(0.0:484): avc: denied { ioctl } for path="socket:[28239]" dev="sockfs" ino=28239 ioctlcmd=c302 scontext=u:r:system_server:s0 tcontext=u:r:system_server:s0 tclass=socket permissive=1
12-27 18:15:06.085  4474  4474 I Thread-3: type=1400 audit(0.0:485): avc: denied { create } for name=716D75785F636C69656E745F736F636B657420202034343734 scontext=u:r:system_server:s0 tcontext=u:object_r:socket_device:s0 tclass=sock_file permissive=1
12-27 18:15:06.085  4474  4474 I Thread-3: type=1400 audit(0.0:486): avc: denied { setattr } for name=716D75785F636C69656E745F736F636B657420202034343734 dev="tmpfs" ino=34630 scontext=u:r:system_server:s0 tcontext=u:object_r:socket_device:s0 tclass=sock_file permissive=1
12-27 18:15:06.135   926  4364 I ActivityManager: Process android.process.media (pid 5628) has died: svc  SVC 
12-27 18:15:06.135   926  4364 W ActivityManager: Scheduling restart of crashed service com.android.providers.media/.MediaScannerService in 1190ms
12-27 18:15:06.187  5891  5891 I chatty  : uid=1047(cameraserver) /system/bin/cameraserver expire 92 lines
12-27 18:15:06.842   926  6088 I chatty  : uid=1000 system_server expire 1 line
12-27 18:15:06.912   926  6088 I ActivityManager: Start proc 6109:android.process.media/u0a8 for content provider com.android.providers.downloads/.DownloadProvider
12-27 18:15:07.129  5863  5970 E NativeMethods: looking up class com/viber/voip/sound/NativeMediaDelegateExtra
12-27 18:15:07.192  6109  6152 F MediaProfiles: frameworks/av/media/libmedia/MediaProfiles.cpp:329 CHECK(quality != -1) failed.
12-27 18:15:07.192  6109  6152 F libc    : Fatal signal 6 (SIGABRT), code -6 in tid 6152 (MediaScannerSer), pid 6109 (d.process.media)
12-27 18:15:07.300  6196  6196 F DEBUG   : pid: 6109, tid: 6152, name: MediaScannerSer  >>> android.process.media <<<
