02-02 22:32:52.546   657 32714 D NuPlayerDriver: notifyResetComplete(0xf157c580)
02-02 22:32:52.547   657 19789 D NuPlayerDriver: NuPlayerDriver(0xee211400) created, clientPid(647)
02-02 22:32:52.554   657 32717 D NuPlayerDriver: notifyListener_l(0xee211400), (1, 0, 0, -1), loop setting(0, 0)
02-02 22:32:52.555   647   647 I Camera2ClientBase: Camera 0: Opened. Client: com.android.camera2 (PID 32634, UID 10105)
02-02 22:32:52.556   647   647 I CameraService: onTorchStatusChangedLocked: Torch status changed for cameraId=0, newStatus=0
02-02 22:32:52.556   661 32698 I CameraDevice: open: enter 
02-02 22:32:52.556   661 32698 I ServerTranslator: open: enter
02-02 22:32:52.556   661 32698 I CfgServer: open: open device (/dev/video4)
02-02 22:32:52.556   661 32698 D HwaPerfRecorderImpl: [HWA_CAM3]enter perfInitialize(), id(0):rear camera
02-02 22:32:52.556   661 32698 I CPipelineTranslator: CPipelineTranslator: ctor instance[0x7d61979008]. 
02-02 22:32:52.557   573  1022 I audio_hw_primary: soundtrigger_set_enforce voice_wake value 
02-02 22:32:52.557   573  1022 I spk_dev_interface: spk_set_parameters: use new smartpakit version
02-02 22:32:52.557   573  1022 I audio_hw_primary: update stream types 0
02-02 22:32:52.558   661   926 I ImagingSystem: updateClockMode: clockMode = 4
02-02 22:32:52.558   661 32698 I CameraDeviceSession: constructDefaultRequestSettings: enter 
02-02 22:32:52.558   647   647 E Camera2-Parameters: buildFastInfo: Unknown override AE mode: 0
02-02 22:32:52.558   647   647 I chatty  : uid=1047(cameraserver) /system/bin/cameraserver identical 10 lines
02-02 22:32:52.558   647   647 E Camera2-Parameters: buildFastInfo: Unknown override AE mode: 0
02-02 22:32:52.558   661   926 I ImagingSystem: powerUp enter.
02-02 22:32:52.558   661   926 I ImagingSystem: #Camera# [519267]> ImagingSystem_powerUp
02-02 22:32:52.558   661   926 I LaserManager: prepareAlgorithmData4AF SuperFastShot Enter!
02-02 22:32:52.558   661   926 I HispManager: powerUp: isp power up. pl:0x7d6f5fa000 secure:0
02-02 22:32:52.558   661   926 I HispManager: #Camera# [0]> CHISPManager::powerUp
02-02 22:32:52.558   661   809 I 160Manager: allocMemoryPool enter
02-02 22:32:52.558   661   809 I HISP160ShareMemoryPoolManager: allocMemoryPool enter
02-02 22:32:52.558   661   809 I HISP160ShareMemoryPoolManager: getMemAttr MemPoolSize:149946368
02-02 22:32:52.558   647   647 W Camera2-Parameters: initialize: Camera 0: Unknown scene mode value: 33
02-02 22:32:52.558   647   647 W Camera2-Parameters: initialize: Camera 0: Unknown scene mode value: 34
02-02 22:32:52.558   647   647 W Camera2-Parameters: initialize: Camera 0: Unknown scene mode value: 17
02-02 22:32:52.559   661   927 I SensorManager: powerUp: enter
02-02 22:32:52.559   661   928 I LaserManager: powerUp: enter.
02-02 22:32:52.559   647   647 E Camera2-Parameters: Error finding static metadata entry 'android.distortionCorrection.availableModes' (1b0001)
02-02 22:32:52.559   647   647 I Camera2-Parameters: Camera 0: Disabling ZSL mode
02-02 22:32:52.559   647   647 I Camera2-Parameters: initialize: allowZslMode: 0 slowJpegMode 1
02-02 22:32:52.559   661 32698 I CameraDeviceSession: constructDefaultRequestSettings: enter 
02-02 22:32:52.559   666   666 I Sensors@1.0-impl: alsActivate-3 enabled-1 fwkOals-1 camOals-0
02-02 22:32:52.561   666   666 D SensorHub: batch called handle:7 sample_ns:10000000 latency_ns:0
02-02 22:32:52.561   666   666 E SensorHub: in batch, handle = 7, flags = 0, period_ns = 10000000, timeout = 0
02-02 22:32:52.561   661 32698 I CameraDeviceSession: flush: enter 
02-02 22:32:52.561   661 32698 I CameraDeviceSession: flush: stopStreams begin 
02-02 22:32:52.561   661 32698 I CameraDeviceSession: flush: stopStreams end 
02-02 22:32:52.561   661 32698 I CameraDeviceSession: clear: enter 
02-02 22:32:52.561   661 32698 I CameraDeviceSession: flush: exit 
02-02 22:32:52.563   666   666 I Sensors@1.0-impl: activate-7 enabled-1 fwkOals-1 camOals-1 fwkOcolor-0 camOcolor-0 fwkOtof-0 camOtof-0
02-02 22:32:52.563   666   666 D SensorHub: enableSensor-> handle: 7 enable : 1
02-02 22:32:52.563   666   666 D SensorHub: Channel activate-> handle: 7, enabled:1, err: 0
02-02 22:32:52.563   666   666 I Sensors@1.0-impl: colorActivate-26 enabled-1, fwkOcolor-0 camOcolor-0
02-02 22:32:52.563   666   666 D SensorHub: enableSensor-> handle: 26 enable : 1
02-02 22:32:52.563   666   666 D SensorHub: Channel activate-> handle: 26, enabled:1, err: 0
02-02 22:32:52.563   666   666 D SensorHub: batch called handle:26 sample_ns:200000000 latency_ns:0
02-02 22:32:52.563   666   666 E SensorHub: in batch, handle = 26, flags = 0, period_ns = 200000000, timeout = 0
02-02 22:32:52.563   661   928 I LaserManager: dlopen load lib[/odm/lib64/vl53l1_driver.so] success
02-02 22:32:52.563   661   928 I LaserManager: dlopen callFunc[vl53l1_daemon_init]
02-02 22:32:52.563   661   928 I VL53L1_DRVIER: socket open to id 38
02-02 22:32:52.563   647  3266 I Camera3-Device: disconnect: E
02-02 22:32:52.563   661   928 I VL53L1_DRVIER: ping driver
02-02 22:32:52.563   661   928 I VL53L1_DRVIER: daemon INIT success
02-02 22:32:52.563   661   928 I LaserManager: dlopen callFunc[vl53l1_daemon_run]
02-02 22:32:52.564   661   928 I VL53L1_DRVIER: thread created: Daemon running
02-02 22:32:52.564   661   928 I LaserManager: laserInAPSupported(405): Laser is in AP.
02-02 22:32:52.564   661 32698 I CameraDeviceSession: close: enter 
02-02 22:32:52.564   661 32698 I CameraDeviceSession: clear: enter 
02-02 22:32:52.564   661 32698 D HwaPerfRecorderImpl: [HWA_CAM3]enter perfDeInitialize(), id(0):rear camera
02-02 22:32:52.564   661 32730 I VL53L1_DRVIER: runing start
02-02 22:32:52.565   647  3266 I CameraProviderManager: Camera device device@3.4/legacy/0 torch status is now AVAILABLE_OFF
02-02 22:32:52.565   647  3266 I CameraService: onTorchStatusChangedLocked: Torch status changed for cameraId=0, newStatus=1
02-02 22:32:52.565   661 32698 I CameraDevice: onServiceDied: server status(alive)
02-02 22:32:52.565   647  3266 I Camera3-Device: disconnect: X
02-02 22:32:52.565   661 32698 I CameraScene: ~CameraScene: dtor instance[0x7d61b2f0a0]. 
02-02 22:32:52.565   661 32698 I CPipelineTranslator: ~CPipelineTranslator: dtor instance[0x7d61979008]. 
02-02 22:32:52.566   647   961 I Camera3-Device: disconnect: E
02-02 22:32:52.566   661   928 I ImagingSystem: laserInitialize(171). enter! 
02-02 22:32:52.566   661   928 I LaserManager: initialize: enter.
02-02 22:32:52.566   661   827 I LaserManager: laserInAPSupported(405): Laser is in AP.
02-02 22:32:52.566   661   827 I LaserManager: loadCalibrationCfgFromXML: instance[0x7d6f501000]
02-02 22:32:52.566   661   827 I LaserManager: loadCalibrationCfgFromXML(1710): configPath(/odm/etc/camera/LaserCali/LaserCali_L1.xml)
02-02 22:32:52.568   661   827 I LaserManager: loadCalibrationCfgFromXML(1755): OffsetDistance(100) OffsetThre(45) CrosstalkDistance(600) DistanceNear(100) DistanceNearThre(5) DistanceFarThre(60)
02-02 22:32:52.568   661   827 I LaserManager: loadCalibrationCfgFromXML(1759): OffsetSampleNum(10) CrosstalkSampleNum(10) SamplePeriod(60) DistanceNearSampleNum(5) DistanceFarSampleNum(5) LaserVersion(2) FOVThresholdCenter(15) FOVThresholdSize(40)
02-02 22:32:52.568   661   827 I LaserManager: loadLaserL1OEM: instance[0x7d6f501000]
02-02 22:32:52.568   661   827 I LaserManager: printL1CalibrationData(1893):PLANEOFFSET_KCPS = 410,XPLANE_GRADIENT = 0,YPLANE_GRADIENT = 0,            ZONE_ID = 0, TIMESTAMP = 0, FIRST_BIN = 0,             BUFFER_SIZE = 12, NUMBER_OF_BINS = 12, RESULT_REF_PHASE = 10240,             RESULT_VCSEL_START = 6, CONFIG_VCSEL_START = 9, VCSEL_WIDTH = 40,             FASTOSC_FREQUENCY = 48333, ZERO_DISTANCE_PHASE = 4096,             XtalkParmBinData: 360 480 480 360 0 0, 0 0 0 0 0 0 
02-02 22:32:52.568   661   827 I LaserManager: setDefaultCalibData(1982): use oem L1 laser param
02-02 22:32:52.568   661   827 I LaserManager: loadDefaultLaserCalibData: instance[0x7d6f501000]
02-02 22:32:52.568   661   827 I LaserManager: loadDefaultLaserCalibData(1790): configPath(/odm/etc/camera/LaserCali/LaserCaliDefault_L1.xml)
02-02 22:32:52.568   647  3266 I CameraService: disconnect: Disconnected client for camera 0 for PID 32634
02-02 22:32:52.568   647  3266 I Camera2Client: Camera 0: Closed
02-02 22:32:52.568   661   827 I LaserManager: printL1CalibrationData(1893):PLANEOFFSET_KCPS = 410,XPLANE_GRADIENT = 0,YPLANE_GRADIENT = 0,            ZONE_ID = 0, TIMESTAMP = 0, FIRST_BIN = 0,             BUFFER_SIZE = 12, NUMBER_OF_BINS = 12, RESULT_REF_PHASE = 10240,             RESULT_VCSEL_START = 6, CONFIG_VCSEL_START = 9, VCSEL_WIDTH = 40,             FASTOSC_FREQUENCY = 48333, ZERO_DISTANCE_PHASE = 4096,             XtalkParmBinData: 360 480 480 360 0 0, 0 0 0 0 0 0 
02-02 22:32:52.568   661   827 I LaserManager: setDefaultCalibData: set xtalk m_xtalk:0, default:410
02-02 22:32:52.568   661   827 I LaserControl: setCalibData: instance[0x7d6f501080], cmd = 0xc19046c7
02-02 22:32:52.568   661   827 I LaserManager: setDefaultCalibData: loglevel = 0
02-02 22:32:52.569   661   827 I LaserManager: startDevice(2200) startDevice async=0 m_state4StartLaser=stop
02-02 22:32:52.569   661   827 I LaserControl: start: instance[0x7d6f501080], cmd = 0x49ca
02-02 22:32:52.569   647  3266 I Camera2ClientBase: Closed Camera 0. Client was: com.android.camera2 (PID 32634, UID 10105)
02-02 22:32:52.569   657  4662 D NuPlayerDriver: reset(0xee211380) at state 4
02-02 22:32:52.569   657  4662 D NuPlayerDriver: notifyListener_l(0xee211380), (8, 0, 0, -1), loop setting(0, 0)
02-02 22:32:52.569   657 32704 D NuPlayerDriver: notifyResetComplete(0xee211380)
02-02 22:32:52.570   666   766 D SensorHub: batch called handle:0 sample_ns:10000000 latency_ns:0
02-02 22:32:52.570   666   766 E SensorHub: in batch, handle = 0, flags = 0, period_ns = 10000000, timeout = 0
02-02 22:32:52.570   661 32722 I ImagingSystem: tryGetLightSensorData: SuperFast GetLight Succ light: 4, tempera: 0!
02-02 22:32:52.571   666   766 D SensorHub: in flush, handle = 0
02-02 22:32:52.571   657  4662 D NuPlayerDriver: reset(0xf157c180) at state 4
02-02 22:32:52.571   657  4662 D NuPlayerDriver: notifyListener_l(0xf157c180), (8, 0, 0, -1), loop setting(0, 0)
02-02 22:32:52.571   666   766 D SensorHub: getSensorType get meta data! handle =0
02-02 22:32:52.571   657 32711 D NuPlayerDriver: notifyResetComplete(0xf157c180)
02-02 22:32:52.571   666   766 D SensorHub: batch called handle:5 sample_ns:10000000 latency_ns:0
02-02 22:32:52.571   666   766 E SensorHub: in batch, handle = 5, flags = 0, period_ns = 10000000, timeout = 0
02-02 22:32:52.572   666   766 I Sensors@1.0-impl: activate-5 enabled-1 fwkOals-1 camOals-1 fwkOcolor-0 camOcolor-1 fwkOtof-0 camOtof-0
02-02 22:32:52.572   666   766 D SensorHub: enableSensor-> handle: 5 enable : 1
02-02 22:32:52.572   666   766 D SensorHub: Channel activate-> handle: 5, enabled:1, err: 0
02-02 22:32:52.572   657 19789 D NuPlayerDriver: reset(0xee211400) at state 4
02-02 22:32:52.572   657 19789 D NuPlayerDriver: notifyListener_l(0xee211400), (8, 0, 0, -1), loop setting(0, 0)
02-02 22:32:52.572   657 32717 D NuPlayerDriver: notifyResetComplete(0xee211400)
02-02 22:32:52.575   666   666 D SensorHub: batch called handle:2 sample_ns:10000000 latency_ns:0
02-02 22:32:52.575   666   666 E SensorHub: in batch, handle = 2, flags = 0, period_ns = 10000000, timeout = 0
02-02 22:32:52.576   666   666 I Sensors@1.0-impl: read color sensor data[0] = -1
02-02 22:32:52.576   666   666 I Sensors@1.0-impl: read color sensor data[1] = -1
02-02 22:32:52.576   666   666 I Sensors@1.0-impl: read color sensor data[2] = -1
02-02 22:32:52.576   666   666 I Sensors@1.0-impl: read color sensor data[3] = -1
02-02 22:32:52.577   666   666 I Sensors@1.0-impl: activate-2 enabled-1 fwkOals-1 camOals-1 fwkOcolor-0 camOcolor-1 fwkOtof-0 camOtof-0
02-02 22:32:52.578   666   666 D SensorHub: enableSensor-> handle: 2 enable : 1
02-02 22:32:52.578   666   666 D SensorHub: Channel activate-> handle: 2, enabled:1, err: 0
02-02 22:32:52.578   661   927 I SensorManager: powerUpDone: enter
02-02 22:32:52.578   661   927 I SensorManager: powerUp: enter
02-02 22:32:52.578   661   927 I LightSensorImpl: enableSensor: light sensor already enabled
02-02 22:32:52.578   661   927 I SensorClusterImpl: enableSensor: sensor[10] already enabled
02-02 22:32:52.578   661   927 I SensorClusterImpl: enableSensor: sensor[1] already enabled
02-02 22:32:52.578   661   927 I SensorClusterImpl: enableSensor: sensor[4] already enabled
02-02 22:32:52.578   661   927 I SensorClusterImpl: enableSensor: sensor[3] already enabled
02-02 22:32:52.581 32634 32634 V CAM_Profiler: [335,058ms][ui] GUARD: CameraActivity.onCreateTasks - [ 4,201ms] computePictureSizes
02-02 22:32:52.583   562   562 I GRALLOC : getCallingPid=661, shrFd=20,fmt=0x30a,intFmt=0x30a,btStrd=150994944,size=150994944,pid=562 
02-02 22:32:52.583   562   562 I GRALLOC : 	 yuv=2,w=150994944,h=1,Stride u=0 v=0,offset u=0 v=0 
02-02 22:32:52.583   562   562 I GRALLOC : 	 iova_size=150994944,conUsg=0xc00000000000000,proUsg=0xc00000000000000,	 strd=150994944,[afbc]HdrStrd=0 PyldStrd=0 Scrmbl=0,ionhnd = 1 
02-02 22:32:52.583   661   809 I HISP160ShareMemoryPoolManager: getMemAttr MemPoolSize:0
02-02 22:32:52.583   661   809 W HISP160ShareMemoryPoolManager: allocMemoryPool: unsupport the share memory ATTR 1
02-02 22:32:52.586   666   666 I Sensors@1.0-impl: read color sensor data[0] = -1
02-02 22:32:52.586   666   666 I Sensors@1.0-impl: read color sensor data[1] = -1
02-02 22:32:52.586   666   666 I Sensors@1.0-impl: read color sensor data[2] = -1
02-02 22:32:52.586   666   666 I Sensors@1.0-impl: read color sensor data[3] = -1
02-02 22:32:52.588 32634 32634 D OpenGLRenderer: Skia GL Pipeline
02-02 22:32:52.590   661   927 I SensorManager: powerUpDone: enter
02-02 22:32:52.590   661   926 I HispManager: #Camera# [0]< CHISPManager::powerUp
02-02 22:32:52.590   661   926 I 160Manager: initMemoryPool
02-02 22:32:52.591   661   926 I HISP160ShareMemoryPoolManager: getMemAttr MemPoolSize:149946368
02-02 22:32:52.591   661   926 I HISP160ShareMemoryPoolManager: initMemoryPool: base size =0x8f00000 align size=0x100000 usage=864691128455135232 format=0x30a cached=true secured=false, pool_type=0
02-02 22:32:52.591   661   926 I HISP160ShareMemoryPoolManager: initMemoryPool: init pool[0] va=0x0x7d55200000, iova=0xc800000, prot=0x7
02-02 22:32:52.591   661   926 I HISP160ShareMemoryPoolManager: getMemAttr MemPoolSize:0
02-02 22:32:52.591   661   926 W HISP160ShareMemoryPoolManager: initMemoryPool: unsupport the share memory ATTR 1
02-02 22:32:52.591   661   926 I Feature : initFeature: m_secMode = 0
02-02 22:32:52.591   661   927 I HispSensorController: openCamera: camera id = [0] enter. 
02-02 22:32:52.591   661   927 I HispSensorController: updateMemPoolAddr map buffer size 0x7400000
02-02 22:32:52.591   661   927 I HispSensorController: updateMemPoolAddr fwSize:0x1d00000, ispFwSize:0x4900000, pd3AddSize:0x0
02-02 22:32:52.597   666   766 I Sensors@1.0-impl: read color sensor data[0] = -1
02-02 22:32:52.597   666   766 I Sensors@1.0-impl: read color sensor data[1] = -1
02-02 22:32:52.597   666   766 I Sensors@1.0-impl: read color sensor data[2] = -1
02-02 22:32:52.597   666   766 I Sensors@1.0-impl: read color sensor data[3] = -1
02-02 22:32:52.597 32634 32634 W CAM_Log : Tag RoundedThumbnailView is 1 chars longer than limit.
02-02 22:32:52.604   562   562 I GRALLOC : getCallingPid=661, shrFd=20,fmt=0x30a,intFmt=0x30a,btStrd=121634816,size=121634816,pid=562 
02-02 22:32:52.604   562   562 I GRALLOC : 	 yuv=2,w=121634816,h=1,Stride u=0 v=0,offset u=0 v=0 
02-02 22:32:52.604   562   562 I GRALLOC : 	 iova_size=121634816,conUsg=0xc00000040020000,proUsg=0xc00000040020000,	 strd=121634816,[afbc]HdrStrd=0 PyldStrd=0 Scrmbl=0,ionhnd = 1 
02-02 22:32:52.605   661   927 D HispSensorController: updateIspCoreMemPoolAddr: size = 0x7400000, m_MemPoolAddr=0x15720000.
02-02 22:32:52.605   661   927 I HispSensorController: hfbc start_addr=0xc1400000
02-02 22:32:52.605   661   927 I HispSensorController: allocOTPBuffer, alloc OTP buffer
02-02 22:32:52.605   661   927 I HispSensorController: getOTPBufferAddr,OTP buffer addr :0x12e00000
02-02 22:32:52.605   661   927 I HispSensorController: getOTPBufferVaddr,OTP buffer vaddr :0x0x7d5b8e0000
02-02 22:32:52.605   661   927 I ImagingSystem: get sensor info success!
02-02 22:32:52.607   661   927 I HispSensorController: acquireCameraById: set otp buffer[12e00000] size[32803]
02-02 22:32:52.607   661   927 D ImagingSystem: getImagingParameters: instance[0x0x7d61e7f040]. 
02-02 22:32:52.608   666   766 I Sensors@1.0-impl: read color sensor data[0] = -1
02-02 22:32:52.608   666   766 I Sensors@1.0-impl: read color sensor data[1] = -1
02-02 22:32:52.608   666   766 I Sensors@1.0-impl: read color sensor data[2] = -1
02-02 22:32:52.608   666   766 I Sensors@1.0-impl: read color sensor data[3] = -1
02-02 22:32:52.608   661   927 I HispSensorController: getCalibBuffer(2182): module addr: 0x12e10000, size(5339552)
02-02 22:32:52.608   661   927 I HispSensorController: updateCalibBufferAddr(2392): calibAddr is (0x12e10000), factoryAddr (0x0) 
02-02 22:32:52.608   661   927 I HispSensorController: sensor = [IMX600DUALHYBRID_LITEON], camId = [0], csi = [0], i2c = [0], product = [CHARLOTTE]. input_calib_buffer = [12e10000]
02-02 22:32:52.608   661   927 I HispSensorController: acquireCameraById: get ANDROID_HW_ACQUIRECAM_SEQUENCE_OPTIMIZATION fail (0)
02-02 22:32:52.608   661   927 I HispSensorController: #Camera# [554004]> Acquire_Camera
02-02 22:32:52.618   666   666 I Sensors@1.0-impl: read color sensor data[0] = -1
02-02 22:32:52.618   666   666 I Sensors@1.0-impl: read color sensor data[1] = -1
02-02 22:32:52.618   666   666 I Sensors@1.0-impl: read color sensor data[2] = -1
02-02 22:32:52.618   666   666 I Sensors@1.0-impl: read color sensor data[3] = -1
02-02 22:32:52.619   661   927 I HispSensorController: #Camera# [554004]< Acquire_Camera
02-02 22:32:52.619   661   927 I HispSensorController: acquireSubCamera: set otp buffer[0] size[0]
02-02 22:32:52.619   661   927 I ImagingSystem: sensor info is ready!
02-02 22:32:52.619   661   927 I HispSensorController: acquireSubCamera: getSensorInfo return 0
02-02 22:32:52.620   661   927 I HispSensorController: getCalibBuffer(2182): module addr: 0x13328000, size(5339552)
02-02 22:32:52.620   661   927 I HispSensorController: updateCalibBufferAddr(2392): calibAddr is (0x13328000), factoryAddr (0x0) 
02-02 22:32:52.620   661   927 I HispSensorController: acquireSubCamera: sensor = [IMX600DUALHYBRID_LITEON], camId = [2], csi = [2], i2c = [2], product = [CHARLOTTE]. input_calib_buffer = [13328000]
02-02 22:32:52.621   661   927 I HispSensorController: acquireSubCamera: get ANDROID_HW_ACQUIRECAM_SEQUENCE_OPTIMIZATION fail (0)
02-02 22:32:52.621   661   927 I HispSensorController: #Camera# [555834]> Acquire_SubCamera
02-02 22:32:52.629   666   666 I Sensors@1.0-impl: read color sensor data[0] = -1
02-02 22:32:52.629   666   666 I Sensors@1.0-impl: read color sensor data[1] = -1
02-02 22:32:52.629   666   666 I Sensors@1.0-impl: read color sensor data[2] = -1
02-02 22:32:52.629   666   666 I Sensors@1.0-impl: read color sensor data[3] = -1
02-02 22:32:52.630   661   927 I HispSensorController: #Camera# [555834]< Acquire_SubCamera
02-02 22:32:52.630   661   927 I HispSensorController: allocOTPBuffer, alloc OTP buffer
02-02 22:32:52.630   661   927 I HispSensorController: getOTPBufferAddr,OTP buffer addr :0x12e00000
02-02 22:32:52.630   661   927 I HispSensorController: getOTPBufferVaddr,OTP buffer vaddr :0x0x7d5b8e0000
02-02 22:32:52.632   661   927 E ImagingSystem: getSensorInfo: alloc size fail. need to alloc size:0 
02-02 22:32:52.632   661   927 I HispSensorController: acquireCameraById: set otp buffer[12e00000] size[32803]
02-02 22:32:52.632   661   927 D ImagingSystem: getImagingParameters: instance[0x0x7d5f7bb040]. 
02-02 22:32:52.633   661   927 I HispSensorController: getCalibBuffer(2182): module addr: 0x13840000, size(5339552)
02-02 22:32:52.633   661   927 I HispSensorController: updateCalibBufferAddr(2392): calibAddr is (0x13840000), factoryAddr (0x0) 
02-02 22:32:52.633   661   927 I HispSensorController: sensor = [OV13A40_LITEON], camId = [3], csi = [1], i2c = [2], product = [CHARLOTTE]. input_calib_buffer = [13840000]
02-02 22:32:52.633   661   927 I HispSensorController: acquireCameraById: get ANDROID_HW_ACQUIRECAM_SEQUENCE_OPTIMIZATION fail (0)
02-02 22:32:52.633   661   927 I HispSensorController: #Camera# [559134]> Acquire_Camera
02-02 22:32:52.639   661   907 I         : mempoolcfg case CLEAR_ALL, handleMessage
02-02 22:32:52.639   666   666 I Sensors@1.0-impl: read color sensor data[0] = -1
02-02 22:32:52.639   666   666 I Sensors@1.0-impl: read color sensor data[1] = -1
02-02 22:32:52.640   666   666 I Sensors@1.0-impl: read color sensor data[2] = -1
02-02 22:32:52.640   666   666 I Sensors@1.0-impl: read color sensor data[3] = -1
02-02 22:32:52.641   661   927 I HispSensorController: #Camera# [559134]< Acquire_Camera
02-02 22:32:52.642   661   927 I ImagingSystem: sensorInitialize(153). open camera success! 
02-02 22:32:52.642   661   926 I SensorManager: loadFirmware: get ANDROID_HW_ACQUIRECAM_SEQUENCE_OPTIMIZATION fail (0)
02-02 22:32:52.642   661   926 I HISPOisController: loadFirmware: enter
02-02 22:32:52.642   661   926 I ImagingSystem: oisInitialize ois load firmware done
02-02 22:32:52.642   661   926 I ImagingSystem: #Camera# [519267]< ImagingSystem_powerUp
02-02 22:32:52.642   661   926 I ImagingSystem: loadCapabilities: get ANDROID_HW_HOTPLUG_SUPPORTED (1)
02-02 22:32:52.642   661   926 E DataTable: metadata(2147483648) capability(2147549184) id(2147484280) set com.huawei.capture.metadata dfFactoryMode failed. (254)
02-02 22:32:52.642   661   926 I ImagingSystem: attach isDvfsSupport = 1
02-02 22:32:52.643   661   926 D ImagingSystem: STAGELIFECTRL start to attach every StageBase, pipelineId=4
02-02 22:32:52.643   661   926 D AlgoFilterStage: [HWA_CAM3]STAGELIFECTRL enter attach(), pipeline id=0
02-02 22:32:52.643   661   926 D ImagingSystem: STAGELIFECTRL end to attach every StageBase, pipelineId=4
02-02 22:32:52.643   661 32743 I HISP160OisController: doLoadFirmware: ois loadFirmware start
02-02 22:32:52.644   661 32743 I HISP160OisController: getOisCalibFromNV 
02-02 22:32:52.644   661   926 I MediaComm: setCopybitVoltaLev: enter, copybitId(-1)
02-02 22:32:52.644   661   926 I ImagingSystem: powerDown enter.
02-02 22:32:52.644   661 32743 I HISP160OisController: doLoadFirmware() ois cfg use nv data! 
02-02 22:32:52.644   661   926 I ImagingSystem: #Camera# [563456]> ImagingSystem_powerDown
02-02 22:32:52.645   661   926 I HispSensorController: closeCamera:camera id = [0] enter. 
02-02 22:32:52.645   661   926 I HispManager: enter checkOisHardwareReady
02-02 22:32:52.645   661   926 I HISPOisController: wait4HardwareReady wait ois load firmware begin
02-02 22:32:52.650   666   666 I Sensors@1.0-impl: read color sensor data[0] = -1
02-02 22:32:52.650   666   666 I Sensors@1.0-impl: read color sensor data[1] = -1
02-02 22:32:52.650   666   666 I Sensors@1.0-impl: read color sensor data[2] = -1
02-02 22:32:52.650   666   666 I Sensors@1.0-impl: read color sensor data[3] = -1
02-02 22:32:52.661   666   766 I Sensors@1.0-impl: read color sensor data[0] = -1
02-02 22:32:52.661   666   766 I Sensors@1.0-impl: read color sensor data[1] = -1
02-02 22:32:52.661   666   766 I Sensors@1.0-impl: read color sensor data[2] = -1
02-02 22:32:52.661   666   766 I Sensors@1.0-impl: read color sensor data[3] = -1
02-02 22:32:52.661 32634 32634 I CAM_Profiler: [415,090ms][ui] GUARD: CameraActivity.onCreateTasks - [79,208ms] setContentView()
02-02 22:32:52.669 32634 32634 V CAM_Profiler: [422,675ms][ui] GUARD: CameraActivity.onCreateTasks - [ 7,585ms] Configure Camera UI
02-02 22:32:52.671   666   766 I Sensors@1.0-impl: read color sensor data[0] = -1
02-02 22:32:52.671   666   766 I Sensors@1.0-impl: read color sensor data[1] = -1
02-02 22:32:52.671   666   766 I Sensors@1.0-impl: read color sensor data[2] = -1
02-02 22:32:52.671   666   766 I Sensors@1.0-impl: read color sensor data[3] = -1
02-02 22:32:52.673 32634 32634 V CAM_CameraController: Closing camera
02-02 22:32:52.674 32634 32654 W CAM2PORT_AndCamAgntImp: Releasing camera without any camera opened.
02-02 22:32:52.674 32634 32634 V CAM_ModulesInfo: EnableCaptureModule = true
02-02 22:32:52.675 32634 32634 V CAM_Profiler: [  0,000ms][ui] GUARD: new CaptureModule - START
02-02 22:32:52.676 32634 32634 V CAM_Profiler: [  1,304ms][ui] GUARD: new CaptureModule - STOP
02-02 22:32:52.676 32634 32634 V CAM_SettingsManager: listeners: [com.android.camera.app.CameraAppUI@f6078d8]
02-02 22:32:52.680 32634 32634 V CAM_SettingsManager: listeners: [com.android.camera.app.CameraAppUI@f6078d8, com.android.camera.ButtonManager@17c226d]
02-02 22:32:52.680 32634 32634 V CAM_SettingsManager: listeners: [com.android.camera.app.CameraAppUI@f6078d8, com.android.camera.ButtonManager@17c226d, com.android.camera.widget.IndicatorIconController@f75c733]
02-02 22:32:52.681 32634 32634 V CAM_Profiler: [434,576ms][ui] GUARD: CameraActivity.onCreateTasks - [ 4,278ms] Init Current Module UI
02-02 22:32:52.681 32634 32634 V CAM_Profiler: [  0,000ms][ui] GUARD: CaptureModule.init - START
02-02 22:32:52.681 32634 32634 D CAM_CaptureModule: init UseAutotransformUiLayout = false
02-02 22:32:52.681   666   766 I Sensors@1.0-impl: read color sensor data[0] = -1
02-02 22:32:52.681   666   766 I Sensors@1.0-impl: read color sensor data[1] = -1
02-02 22:32:52.681   666   766 I Sensors@1.0-impl: read color sensor data[2] = -1
02-02 22:32:52.681   666   766 I Sensors@1.0-impl: read color sensor data[3] = -1
02-02 22:32:52.682 32634 32634 D CAM_Camera2OneCamMgr: Getting First BACK Camera
02-02 22:32:52.686 32634 32634 W SoundPool: Use of stream types is deprecated for operations other than volume control
02-02 22:32:52.686 32634 32634 W SoundPool: See the documentation of SoundPool() for what to use instead with android.media.AudioAttributes to qualify your playback use case
02-02 22:32:52.689 32634 32634 E SoundPool: error loading /product/media/audio/ui/camera_click.ogg
02-02 22:32:52.689 32634 32634 V CAM_Profiler: [  8,291ms][ui] GUARD: CaptureModule.init - STOP
02-02 22:32:52.689 32634 32634 V CAM_Profiler: [443,334ms][ui] GUARD: CameraActivity.onCreateTasks - [ 8,758ms] Init CurrentModule
02-02 22:32:52.693   666   766 I Sensors@1.0-impl: read color sensor data[0] = 0
02-02 22:32:52.693   666   766 I Sensors@1.0-impl: read color sensor data[1] = 0
02-02 22:32:52.693   666   766 I Sensors@1.0-impl: read color sensor data[2] = 0
02-02 22:32:52.693   666   766 I Sensors@1.0-impl: read color sensor data[3] = 0
02-02 22:32:52.693   661 32723 I ImagingSystem: tryGetAwbSensorData: SuperFastShot GetAwb Succ! r 0, g 0, b 0 ir 0
02-02 22:32:52.693 32634 32634 I CAM_Profiler: [447,273ms][ui] GUARD: CameraActivity.onCreateTasks - STOP
02-02 22:32:52.693 32634 32634 V CAM_QuickActivity: END onCreate: Activity = com.android.camera.CameraActivity@a171467
02-02 22:32:52.694   666   766 I Sensors@1.0-impl: colorActivate-26 enabled-0, fwkOcolor-0 camOcolor-1
02-02 22:32:52.694   666   766 D SensorHub: enableSensor-> handle: 26 enable : 0
02-02 22:32:52.695 32634 32751 I OMXClient: IOmx service obtained
02-02 22:32:52.696   662  7338 I OMXMaster: makeComponentInstance(OMX.google.vorbis.decoder) in omx@1.0-service process
02-02 22:32:52.696 32634 32752 I OMXClient: IOmx service obtained
02-02 22:32:52.696   662   758 I OMXMaster: makeComponentInstance(OMX.google.vorbis.decoder) in omx@1.0-service process
02-02 22:32:52.696 32634 32634 V CAM_QuickActivity: START onStart: Activity = com.android.camera.CameraActivity@a171467
02-02 22:32:52.698   666   766 D SensorHub: Channel activate-> handle: 26, enabled:0, err: 0
02-02 22:32:52.698 32634 32634 V CAM_QuickActivity: END onStart: Activity = com.android.camera.CameraActivity@a171467
02-02 22:32:52.698 32634 32634 V CAM_QuickActivity: START onResume: Activity = com.android.camera.CameraActivity@a171467
02-02 22:32:52.699   552   552 W AshmemAllocator: ashmem_create_region(32768) returning hidl_memory(0x7e2de2c100, 32768)
02-02 22:32:52.699   552   552 I chatty  : uid=1000(system) allocator@1.0-s identical 1 line
02-02 22:32:52.699   552   552 W AshmemAllocator: ashmem_create_region(32768) returning hidl_memory(0x7e2de2c100, 32768)
02-02 22:32:52.699 32634 32634 V CAM_QuickActivity: onResume(): isKeyguardLocked() = false
02-02 22:32:52.699 32634 32634 V CAM_QuickActivity: onResume --> onResumeTasks()
02-02 22:32:52.699   552   552 W AshmemAllocator: ashmem_create_region(32768) returning hidl_memory(0x7e2de2c100, 32768)
02-02 22:32:52.700   552   552 I chatty  : uid=1000(system) allocator@1.0-s identical 3 lines
02-02 22:32:52.700   552   552 W AshmemAllocator: ashmem_create_region(32768) returning hidl_memory(0x7e2de2c100, 32768)
02-02 22:32:52.701 32634 32750 V CAM_CameraDataAdapter: retrieved photo metadata, number of items: 0
02-02 22:32:52.702   552   552 W AshmemAllocator: ashmem_create_region(32768) returning hidl_memory(0x7e2de2c100, 32768)
02-02 22:32:52.702   552   552 W AshmemAllocator: ashmem_create_region(32768) returning hidl_memory(0x7e2de2c100, 32768)
02-02 22:32:52.702 32634 32750 V CAM_CameraDataAdapter: retrieved video metadata, number of items: 0
02-02 22:32:52.702 32634 32750 V CAM_CameraDataAdapter: sorting video/photo metadata
02-02 22:32:52.702   552   552 W AshmemAllocator: ashmem_create_region(32768) returning hidl_memory(0x7e2de2c100, 32768)
02-02 22:32:52.704   552   552 I chatty  : uid=1000(system) allocator@1.0-s identical 4 lines
02-02 22:32:52.704   552   552 W AshmemAllocator: ashmem_create_region(32768) returning hidl_memory(0x7e2de2c100, 32768)
02-02 22:32:52.704 32634 32750 V CAM_CameraDataAdapter: sorted video/photo metadata
02-02 22:32:52.711   552   552 W AshmemAllocator: ashmem_create_region(32768) returning hidl_memory(0x7e2de2c100, 32768)
02-02 22:32:52.713   552   552 I chatty  : uid=1000(system) allocator@1.0-s identical 6 lines
02-02 22:32:52.714   552   552 W AshmemAllocator: ashmem_create_region(32768) returning hidl_memory(0x7e2de2c100, 32768)
02-02 22:32:52.728 32634 32634 V CAM_QuickActivity: END onResume: Activity = com.android.camera.CameraActivity@a171467
02-02 22:32:52.735   949  4430 W InputMethodManagerService: Ignoring startInput with null EditorInfo. uid=10105 pid=32634
02-02 22:32:52.745   949   986 W BroadcastQueue: Background execution not allowed: receiving Intent { act=android.intent.action.DROPBOX_ENTRY_ADDED flg=0x10 (has extras) } to com.google.android.gms/.stats.service.DropBoxEntryAddedReceiver
02-02 22:32:52.746   949   986 W BroadcastQueue: Background execution not allowed: receiving Intent { act=android.intent.action.DROPBOX_ENTRY_ADDED flg=0x10 (has extras) } to com.google.android.gms/.chimera.GmsIntentOperationService$PersistentTrustedReceiver
02-02 22:32:52.756   949   986 W BroadcastQueue: Background execution not allowed: receiving Intent { act=android.intent.action.DROPBOX_ENTRY_ADDED flg=0x10 (has extras) } to com.google.android.gms/.stats.service.DropBoxEntryAddedReceiver
02-02 22:32:52.756   949   986 W BroadcastQueue: Background execution not allowed: receiving Intent { act=android.intent.action.DROPBOX_ENTRY_ADDED flg=0x10 (has extras) } to com.google.android.gms/.chimera.GmsIntentOperationService$PersistentTrustedReceiver
02-02 22:32:52.756   949   986 W BroadcastQueue: Background execution not allowed: receiving Intent { act=android.intent.action.DROPBOX_ENTRY_ADDED flg=0x10 (has extras) } to com.google.android.gms/.stats.service.DropBoxEntryAddedReceiver
02-02 22:32:52.756   949   986 W BroadcastQueue: Background execution not allowed: receiving Intent { act=android.intent.action.DROPBOX_ENTRY_ADDED flg=0x10 (has extras) } to com.google.android.gms/.chimera.GmsIntentOperationService$PersistentTrustedReceiver
02-02 22:32:52.759   949   986 W BroadcastQueue: Background execution not allowed: receiving Intent { act=android.intent.action.DROPBOX_ENTRY_ADDED flg=0x10 (has extras) } to com.google.android.gms/.stats.service.DropBoxEntryAddedReceiver
02-02 22:32:52.759   949   986 W BroadcastQueue: Background execution not allowed: receiving Intent { act=android.intent.action.DROPBOX_ENTRY_ADDED flg=0x10 (has extras) } to com.google.android.gms/.chimera.GmsIntentOperationService$PersistentTrustedReceiver
02-02 22:32:52.766 32634 32753 D CAM_MemoryQuery: timestamp=22456024, availMem=2741, totalMem=5701, totalPSS=17, lastTrimLevel=0, largeMemoryClass=512, nativePSS=8, dalvikPSS=2, otherPSS=5,threshold=216, lowMemory=false
02-02 22:32:52.766   949   986 W BroadcastQueue: Background execution not allowed: receiving Intent { act=android.intent.action.DROPBOX_ENTRY_ADDED flg=0x10 (has extras) } to com.google.android.gms/.stats.service.DropBoxEntryAddedReceiver
02-02 22:32:52.766   949   986 W BroadcastQueue: Background execution not allowed: receiving Intent { act=android.intent.action.DROPBOX_ENTRY_ADDED flg=0x10 (has extras) } to com.google.android.gms/.chimera.GmsIntentOperationService$PersistentTrustedReceiver
02-02 22:32:52.768   949   986 W BroadcastQueue: Background execution not allowed: receiving Intent { act=android.intent.action.DROPBOX_ENTRY_ADDED flg=0x10 (has extras) } to com.google.android.gms/.stats.service.DropBoxEntryAddedReceiver
02-02 22:32:52.768   949   986 W BroadcastQueue: Background execution not allowed: receiving Intent { act=android.intent.action.DROPBOX_ENTRY_ADDED flg=0x10 (has extras) } to com.google.android.gms/.chimera.GmsIntentOperationService$PersistentTrustedReceiver
02-02 22:32:52.768   949   986 W BroadcastQueue: Background execution not allowed: receiving Intent { act=android.intent.action.DROPBOX_ENTRY_ADDED flg=0x10 (has extras) } to com.google.android.gms/.stats.service.DropBoxEntryAddedReceiver
02-02 22:32:52.768   661   795 I HISPOisController: onOisUpdateAck,enter id:3, status:0
02-02 22:32:52.769   949   986 W BroadcastQueue: Background execution not allowed: receiving Intent { act=android.intent.action.DROPBOX_ENTRY_ADDED flg=0x10 (has extras) } to com.google.android.gms/.chimera.GmsIntentOperationService$PersistentTrustedReceiver
02-02 22:32:52.769   661 32743 I HISPOisController: handleMessage(1395). OisControlle open success! 
02-02 22:32:52.769   661   926 I HISPOisController: wait4HardwareReady ois load firmware done
02-02 22:32:52.769   661   926 I HISPOisController: wait4HardwareReady wait ois load firmware end
02-02 22:32:52.770   949   986 W BroadcastQueue: Background execution not allowed: receiving Intent { act=android.intent.action.DROPBOX_ENTRY_ADDED flg=0x10 (has extras) } to com.google.android.gms/.stats.service.DropBoxEntryAddedReceiver
02-02 22:32:52.770   949   986 W BroadcastQueue: Background execution not allowed: receiving Intent { act=android.intent.action.DROPBOX_ENTRY_ADDED flg=0x10 (has extras) } to com.google.android.gms/.chimera.GmsIntentOperationService$PersistentTrustedReceiver
02-02 22:32:52.770   949   986 W BroadcastQueue: Background execution not allowed: receiving Intent { act=android.intent.action.DROPBOX_ENTRY_ADDED flg=0x10 (has extras) } to com.google.android.gms/.stats.service.DropBoxEntryAddedReceiver
02-02 22:32:52.770   949   986 W BroadcastQueue: Background execution not allowed: receiving Intent { act=android.intent.action.DROPBOX_ENTRY_ADDED flg=0x10 (has extras) } to com.google.android.gms/.chimera.GmsIntentOperationService$PersistentTrustedReceiver
02-02 22:32:52.770   949   986 W BroadcastQueue: Background execution not allowed: receiving Intent { act=android.intent.action.DROPBOX_ENTRY_ADDED flg=0x10 (has extras) } to com.google.android.gms/.stats.service.DropBoxEntryAddedReceiver
02-02 22:32:52.770   949   986 W BroadcastQueue: Background execution not allowed: receiving Intent { act=android.intent.action.DROPBOX_ENTRY_ADDED flg=0x10 (has extras) } to com.google.android.gms/.chimera.GmsIntentOperationService$PersistentTrustedReceiver
02-02 22:32:52.773 32634 32759 I ConfigStore: android::hardware::configstore::V1_0::ISurfaceFlingerConfigs::hasWideColorDisplay retrieved: 0
02-02 22:32:52.773 32634 32759 I ConfigStore: android::hardware::configstore::V1_0::ISurfaceFlingerConfigs::hasHDRDisplay retrieved: 0
02-02 22:32:52.773 32634 32759 I OpenGLRenderer: Initialized EGL, version 1.4
02-02 22:32:52.773 32634 32759 D OpenGLRenderer: Swap behavior 2
02-02 22:32:52.780 32634 32759 D mali_winsys: EGLint new_window_surface(egl_winsys_display *, void *, EGLSurface, EGLConfig, egl_winsys_surface **, EGLBoolean) returns 0x3000
02-02 22:32:52.781   562   562 I GRALLOC : getCallingPid=598, shrFd=20,fmt=0x1,intFmt=0x200000001,btStrd=4352,size=9904128,pid=562 
02-02 22:32:52.781   562   562 I GRALLOC : 	 yuv=2,w=1080,h=2240,Stride u=0 v=0,offset u=0 v=0 
02-02 22:32:52.781   562   562 I GRALLOC : 	 iova_size=9904128,conUsg=0xb00,proUsg=0xb00,	 strd=1088,[afbc]HdrStrd=1088 PyldStrd=69632 Scrmbl=2,ionhnd = 1 
02-02 22:32:52.783   562   562 I GRALLOC : getCallingPid=598, shrFd=20,fmt=0x1,intFmt=0x200000001,btStrd=4352,size=9904128,pid=562 
02-02 22:32:52.783   562   562 I GRALLOC : 	 yuv=2,w=1080,h=2240,Stride u=0 v=0,offset u=0 v=0 
02-02 22:32:52.783   562   562 I GRALLOC : 	 iova_size=9904128,conUsg=0xb00,proUsg=0xb00,	 strd=1088,[afbc]HdrStrd=1088 PyldStrd=69632 Scrmbl=2,ionhnd = 1 
02-02 22:32:52.783   598  3120 D SurfaceFlinger: duplicate layer name: changing com.android.camera2/com.android.camera.CameraActivity to com.android.camera2/com.android.camera.CameraActivity#1
02-02 22:32:52.785   562   562 I GRALLOC : getCallingPid=598, shrFd=20,fmt=0x1,intFmt=0x200000001,btStrd=4352,size=9904128,pid=562 
02-02 22:32:52.785   562   562 I GRALLOC : 	 yuv=2,w=1080,h=2240,Stride u=0 v=0,offset u=0 v=0 
02-02 22:32:52.785   562   562 I GRALLOC : 	 iova_size=9904128,conUsg=0xb00,proUsg=0xb00,	 strd=1088,[afbc]HdrStrd=1088 PyldStrd=69632 Scrmbl=2,ionhnd = 1 
02-02 22:32:52.785 32634 32759 D mali_winsys: EGLint new_window_surface(egl_winsys_display *, void *, EGLSurface, EGLConfig, egl_winsys_surface **, EGLBoolean) returns 0x3000
02-02 22:32:52.786 32634 32634 V CAM_TexViewHelper: onLayoutChange
02-02 22:32:52.786 32634 32634 V CAM_TexViewHelper: updateTransform
02-02 22:32:52.786 32634 32634 V CAM_TexViewHelper: setAspectRatio: 0.0
02-02 22:32:52.786 32634 32634 D CAM_CaptureModule: updatePreviewTransform: 1080 x 2240
02-02 22:32:52.788   562   562 I GRALLOC : getCallingPid=598, shrFd=20,fmt=0x1,intFmt=0x200000001,btStrd=4352,size=9904128,pid=562 
02-02 22:32:52.788   562   562 I GRALLOC : 	 yuv=2,w=1080,h=2240,Stride u=0 v=0,offset u=0 v=0 
02-02 22:32:52.788   562   562 I GRALLOC : 	 iova_size=9904128,conUsg=0xb00,proUsg=0xb00,	 strd=1088,[afbc]HdrStrd=1088 PyldStrd=69632 Scrmbl=2,ionhnd = 1 
02-02 22:32:52.788 32634 32634 V CAM_TexViewHelper: setAspectRatio: NaN
02-02 22:32:52.788 32634 32634 V CAM_TexViewHelper: aspect ratio changed from: 0.0
02-02 22:32:52.790   562   740 I GRALLOC : getCallingPid=598, shrFd=20,fmt=0x1,intFmt=0x200000001,btStrd=4352,size=9904128,pid=562 
02-02 22:32:52.790   562   740 I GRALLOC : 	 yuv=2,w=1080,h=2240,Stride u=0 v=0,offset u=0 v=0 
02-02 22:32:52.790   562   740 I GRALLOC : 	 iova_size=9904128,conUsg=0xb00,proUsg=0xb00,	 strd=1088,[afbc]HdrStrd=1088 PyldStrd=69632 Scrmbl=2,ionhnd = 1 
02-02 22:32:52.790 32634 32634 V CAM_CameraDataAdapter: new photos query return num items: 0
02-02 22:32:52.792   562   740 I GRALLOC : getCallingPid=598, shrFd=20,fmt=0x1,intFmt=0x200000001,btStrd=4352,size=9904128,pid=562 
02-02 22:32:52.792   562   740 I GRALLOC : 	 yuv=2,w=1080,h=2240,Stride u=0 v=0,offset u=0 v=0 
02-02 22:32:52.792   562   740 I GRALLOC : 	 iova_size=9904128,conUsg=0xb00,proUsg=0xb00,	 strd=1088,[afbc]HdrStrd=1088 PyldStrd=69632 Scrmbl=2,ionhnd = 1 
02-02 22:32:52.797   598   638 E BufferQueueProducer: [com.android.settings/com.android.settings.SubSettings#0] disconnect: not connected (req=1)
02-02 22:32:52.797 32509 32530 W libEGL  : EGLNativeWindowType 0x736d8aa010 disconnect failed
02-02 22:32:52.801   949  7668 I OpenGLRenderer: Initialized EGL, version 1.4
02-02 22:32:52.801   949  7668 D OpenGLRenderer: Swap behavior 2
02-02 22:32:52.805   661   926 I HispSensorController: releaseCalibBuffer: instance(0x7d6f4ad5d0). 
02-02 22:32:52.808   661   926 I HISP160OisController: closeCamera, m_pModule=0x7d6f489bc0
02-02 22:32:52.808   661   926 I LaserManager: powerDown: enter.
02-02 22:32:52.808   661   926 I LaserManager: stopDevice(2234) stopDevice async=0 m_state4StartLaser=start
02-02 22:32:52.808   661   926 I LaserControl: stop: instance[0x7d6f501080], cmd = 0x4acb
02-02 22:32:52.809   661   926 I LaserManager: laserInAPSupported(405): Laser is in AP.
02-02 22:32:52.809   661   926 I LaserManager: dlopen callFunc[vl53l1_daemon_deinit]
02-02 22:32:52.809   661   926 I VL53L1_DRVIER: Daemon_deinit rc = 0
02-02 22:32:52.810   661 32730 I VL53L1_DRVIER: got exit message. exit...
02-02 22:32:52.810   661 32730 I VL53L1_DRVIER: exit running...
02-02 22:32:52.810   661   926 I VL53L1_DRVIER: close pipe[0]
02-02 22:32:52.810   661   926 I VL53L1_DRVIER: close pipe[1]
02-02 22:32:52.810   661   926 I VL53L1_DRVIER: Close Socket
02-02 22:32:52.810   661   926 I VL53L1_DRVIER: free nlh_msg_rcv
02-02 22:32:52.810   661   926 I VL53L1_DRVIER: free nlh_msg_snd
02-02 22:32:52.810   661   926 I LaserManager: dlopen unload so[/odm/lib64/vl53l1_driver.so]--
02-02 22:32:52.810   661   926 I SensorManager: powerDown(490, 0x7d6f47bd00): enter
02-02 22:32:52.811   666   666 I Sensors@1.0-impl: activate-7 enabled-0 fwkOals-1 camOals-1 fwkOcolor-0 camOcolor-0 fwkOtof-0 camOtof-0
02-02 22:32:52.811   666   666 D SensorHub: enableSensor-> handle: 7 enable : 0
02-02 22:32:52.812   666   666 D SensorHub: Channel activate-> handle: 7, enabled:0, err: 0
02-02 22:32:52.812   666   666 D SensorHub: batch called handle:0 sample_ns:66667000 latency_ns:100000000
02-02 22:32:52.812   666   666 E SensorHub: in batch, handle = 0, flags = 0, period_ns = 66667000, timeout = 100000000
02-02 22:32:52.812   666   666 I Sensors@1.0-impl: activate-5 enabled-0 fwkOals-1 camOals-1 fwkOcolor-0 camOcolor-0 fwkOtof-0 camOtof-0
02-02 22:32:52.812   666   666 D SensorHub: enableSensor-> handle: 5 enable : 0
02-02 22:32:52.813   666   666 D SensorHub: Channel activate-> handle: 5, enabled:0, err: 0
02-02 22:32:52.813   666   666 I Sensors@1.0-impl: activate-2 enabled-0 fwkOals-1 camOals-1 fwkOcolor-0 camOcolor-0 fwkOtof-0 camOtof-0
02-02 22:32:52.813   666   666 D SensorHub: enableSensor-> handle: 2 enable : 0
02-02 22:32:52.814   666   666 D SensorHub: Channel activate-> handle: 2, enabled:0, err: 0
02-02 22:32:52.814   661   926 I FLashDevice: TurnOff enter, fd=30.
02-02 22:32:52.814   661   926 I LCDInfoProcess: enter stop()
02-02 22:32:52.814   661   926 I SensorClusterImpl: disableSensor: sensor[10] already disabled
02-02 22:32:52.814   661   926 I SensorClusterImpl: disableSensor: sensor[1] already disabled
02-02 22:32:52.814   661   926 I SensorClusterImpl: disableSensor: sensor[4] already disabled
02-02 22:32:52.814   661   926 I SensorClusterImpl: disableSensor: sensor[3] already disabled
02-02 22:32:52.826   661   926 I SensorManager: powerDownDone(548, 0x7d6f47bd00): enter
02-02 22:32:52.826   661   926 I SensorManager: powerDown(490, 0x7d6f489bc0): enter
02-02 22:32:52.826   661   926 I SensorClusterImpl: disableSensor: sensor[10] already disabled
02-02 22:32:52.826   661   926 I SensorClusterImpl: disableSensor: sensor[1] already disabled
02-02 22:32:52.826   661   926 I SensorClusterImpl: disableSensor: sensor[4] already disabled
02-02 22:32:52.826   661   926 I SensorClusterImpl: disableSensor: sensor[3] already disabled
02-02 22:32:52.827   666   766 I Sensors@1.0-impl: alsActivate-3 enabled-0 fwkOals-1 camOals-1
02-02 22:32:52.846   661   926 I SensorManager: powerDownDone(548, 0x7d6f489bc0): enter
02-02 22:32:52.846   661   926 I 160Manager: deinitMemoryPool
02-02 22:32:52.846   661   926 I HISP160ShareMemoryPoolManager: deinitMemoryPool enter
02-02 22:32:52.848   661   926 I 160Manager: ispCpuPowerOff
02-02 22:32:52.848   661   926 I HispManager: powerDown: isp power down. pl:0x7d6f5fa000
02-02 22:32:52.848   661   926 I HispManager: #Camera# [1]> CHISPManager::powerDown
02-02 22:32:52.861   661   926 I HispManager: #Camera# [1]< CHISPManager::powerDown
02-02 22:32:52.861   661   926 I ImagingSystem: #Camera# [563456]< ImagingSystem_powerDown
02-02 22:32:52.861   661   926 I ImagingSystem: doDeallocate4Idle(0x7d6f068a00) m_listIdle.size(63) m_listBusy.size(1) m_rgBuffer.size(64)
02-02 22:32:52.864   661   926 I ImagingSystem: doDeallocate4Idle(0x7d6f068a00) m_rgBuffer.size(1)
02-02 22:32:52.864   661   926 I ImagingSystem: doDeallocate4Idle(0x7d6f068a00) m_listIdle.size(1) m_listBusy.size(0) m_rgBuffer.size(1)
02-02 22:32:52.864   661   926 I ImagingSystem: doDeallocate4Idle(0x7d6f068a00) m_rgBuffer.size(0)
02-02 22:32:52.864   661   926 D ImagingSystem: STAGELIFECTRL start to detach every StageBase, pipelineId=4
02-02 22:32:52.864   661   926 D AlgoFilterStage: [HWA_CAM3]STAGELIFECTRL enter detach(), pipeline id=0
02-02 22:32:52.864   661   926 D AlgoFilterManager: [HWA_CAM3]KEY_CA_CAM3 enter destroyPlugin, mPipeLineId=0, mIsPlugInCreated=1
02-02 22:32:52.864   661   926 D IppAlgo : [HWA_CAM3]FRMC_ this=0x7d6f4a2140, ipptype=256, name=PostIpp, enter destroyPlugin()
02-02 22:32:52.864   661   926 D HwaIppPluginImpl: [8bf4be9_64D] FRMC_ this=0x7d6f450000, ipptype=256, enter destroy()
02-02 22:32:52.864   661   926 D HwaIppAlgoExecutor: [8bf4be9_64D] enter ~HwaIppAlgoExecutor(), algo name: DmapSdkDepthIppAlgo
02-02 22:32:52.864   661   926 D DmapSdkDepthIppAlgo: [8bf4be9_64D] enter ~DmapSdkDepthIppAlgo()
02-02 22:32:52.864   661   926 D HwaIppAlgoExecutor: [8bf4be9_64D] enter ~HwaIppAlgoExecutor(), algo name: VidHance
02-02 22:32:52.864   661   926 D VidHance: [8bf4be9_64D] enter ~VidHance()
02-02 22:32:52.864   661   926 D HwaIppAlgoExecutor: [8bf4be9_64D] enter ~HwaIppAlgoExecutor(), algo name: MirrorDenoise
02-02 22:32:52.864   661   926 D MirrorDenoise: [8bf4be9_64D] enter ~MirrorDenoise()
02-02 22:32:52.864   661   926 D HwaIppAlgoExecutor: [8bf4be9_64D] enter ~HwaIppAlgoExecutor(), algo name: ColorEffect
02-02 22:32:52.864   661   926 D ColorEffect: [8bf4be9_64D] enter ~ColorEffect()
02-02 22:32:52.864   661   926 D HwaIppAlgoExecutor: [8bf4be9_64D] enter ~HwaIppAlgoExecutor(), algo name: NiceFoodIppAlgo
02-02 22:32:52.864   661   926 D NiceFoodIppAlgo: [8bf4be9_64D] enter ~NiceFoodIppAlgo()
02-02 22:32:52.864   661   926 D HwaIppAlgoExeThread: [8bf4be9_64D] enter destroy(), algo name: VideoBokehDspAlgo
02-02 22:32:52.864   661   926 D HwaIppAlgoExeThread: [8bf4be9_64D] enter ~HwaIppAlgoExeThread(), algo name: VideoBokehDspAlgo
02-02 22:32:52.864   661   926 D HwaIppAlgoExeParallel: [8bf4be9_64D] enter ~HwaIppAlgoExeParallel(), algo name: VideoBokehDspAlgo
02-02 22:32:52.864   661   926 D HwaIppAlgoExecutor: [8bf4be9_64D] enter ~HwaIppAlgoExecutor(), algo name: VideoBokehDspAlgo
02-02 22:32:52.864   661   926 D HwaIppAlgoExecutor: [8bf4be9_64D] enter ~HwaIppAlgoExecutor(), algo name: HwBeautyIpp
02-02 22:32:52.864   661   926 D HwBeautyIpp: [8bf4be9_64D] enter ~HwBeautyIpp()
02-02 22:32:52.864   661   926 D HwaIppAlgoExecutor: [8bf4be9_64D] enter ~HwaIppAlgoExecutor(), algo name: casioBeautyIpp
02-02 22:32:52.864   661   926 D casioBeautyIpp: [8bf4be9_64D] enter ~casioBeautyIpp()
02-02 22:32:52.864   661   926 D HwaIppAlgoExecutor: [8bf4be9_64D] enter ~HwaIppAlgoExecutor(), algo name: FrontBokehAlgo
02-02 22:32:52.865   661   926 D HwaIppAlgoExecutor: [8bf4be9_64D] enter ~HwaIppAlgoExecutor(), algo name: SuperVideo
02-02 22:32:52.865   661   926 I DLibLoader: [8bf4be9_64I] enter ~DLibLoader()
02-02 22:32:52.865   661   926 D HwaIppAlgoExecutor: [8bf4be9_64D] enter ~HwaIppAlgoExecutor(), algo name: SmartBeautyIpp
02-02 22:32:52.865   661   926 D SmartBeautyIpp: [8bf4be9_64D] enter ~SmartBeautyIpp()
02-02 22:32:52.865   661   926 D HwaIppAlgoExecutor: [8bf4be9_64D] enter ~HwaIppAlgoExecutor(), algo name: FairLightIpp
02-02 22:32:52.865   661   926 D FairLight: [8bf4be9_64D] enter ~FairLightIpp()
02-02 22:32:52.865   661   926 D HwaIppAlgoExecutor: [8bf4be9_64D] enter ~HwaIppAlgoExecutor(), algo name: ObjectDetectionDraw
02-02 22:32:52.865   661   926 D HwaIppPluginImpl: [8bf4be9_64D] FRMC_ this=0x7d6f450000, ipptype=256, exit  destroy()
02-02 22:32:52.865   661   926 D IppAlgo : [HWA_CAM3]FRMC_ this=0x7d6f4a2140, ipptype=256, name=PostIpp, exit destroyPlugin()
02-02 22:32:52.865   661   926 D IppAlgo : [HWA_CAM3]FRMC_ this=0x7d6f4a1d80, ipptype=0, name=StatIpp, enter destroyPlugin()
02-02 22:32:52.865   661   926 D HwaIppPluginImpl: [8bf4be9_64D] FRMC_ this=0x7d6f451400, ipptype=0, enter destroy()
02-02 22:32:52.865   661   926 D HwaIppAlgoExecutor: [8bf4be9_64D] enter ~HwaIppAlgoExecutor(), algo name: IppAlgoHwaAWB
02-02 22:32:52.865   661   926 D HwaIppAlgoExecutor: [8bf4be9_64D] enter ~HwaIppAlgoExecutor(), algo name: ARkitFeatureTrackingDspAlgo
02-02 22:32:52.865   661   926 D HwaIppAlgoExeThread: [8bf4be9_64D] enter destroy(), algo name: FNFaceDetect
02-02 22:32:52.865   661   926 D HwaIppAlgoExeThread: [8bf4be9_64D] enter ~HwaIppAlgoExeThread(), algo name: FNFaceDetect
02-02 22:32:52.865   661   926 D HwaIppAlgoExecutor: [8bf4be9_64D] enter ~HwaIppAlgoExecutor(), algo name: FNFaceDetect
02-02 22:32:52.865   661   926 D HwaIppAlgoExeThread: [8bf4be9_64D] enter destroy(), algo name: SceneDetection
02-02 22:32:52.865   661   926 D HwaIppAlgoExeThread: [8bf4be9_64D] enter ~HwaIppAlgoExeThread(), algo name: SceneDetection
02-02 22:32:52.865   661   926 D HwaIppAlgoExecutor: [8bf4be9_64D] enter ~HwaIppAlgoExecutor(), algo name: SceneDetection
02-02 22:32:52.865   661   926 D SceneDetection: [8bf4be9_64D] enter ~SceneDetection()
