--------- beginning of main
06-21 19:34:14.904   408   408 W auditd  : type=2000 audit(0.0:1): initialized
06-21 19:34:16.587   408   408 I auditd  : type=1403 audit(0.0:2): policy loaded auid=4294967295 ses=4294967295
06-21 19:34:16.599   347   347 W fsck.f2fs: type=1400 audit(0.0:3): avc: denied { open } for path="/dev/urandom" dev="tmpfs" ino=14498 scontext=u:r:fsck:s0 tcontext=u:object_r:tmpfs:s0 tclass=chr_file permissive=0
06-21 19:34:22.475   401   401 W e2fsck  : type=1400 audit(0.0:4): avc: denied { read } for name="sdd11" dev="tmpfs" ino=2508 scontext=u:r:fsck:s0 tcontext=u:object_r:block_device:s0 tclass=blk_file permissive=0
06-21 19:34:22.475   401   401 W e2fsck  : type=1400 audit(0.0:5): avc: denied { read write } for name="sdd11" dev="tmpfs" ino=2508 scontext=u:r:fsck:s0 tcontext=u:object_r:block_device:s0 tclass=blk_file permissive=0
06-21 19:34:22.499   254   254 W modem_sysboot_s: type=1400 audit(0.0:6): avc: granted { setsched } for scontext=u:r:kernel:s0 tcontext=u:r:kernel:s0 tclass=process
06-21 19:34:22.503     1     1 W init    : type=1400 audit(0.0:7): avc: denied { search } for name="cota" dev="sdd60" ino=830 scontext=u:r:init:s0 tcontext=u:object_r:cust_file:s0 tclass=dir permissive=0
06-21 19:34:22.503     1     1 I chatty  : uid=0(root) /init identical 5 lines
06-21 19:34:22.503     1     1 W init    : type=1400 audit(0.0:10): avc: denied { search } for name="cota" dev="sdd60" ino=830 scontext=u:r:init:s0 tcontext=u:object_r:cust_file:s0 tclass=dir permissive=0
06-21 19:34:22.511     1     1 W init    : type=1400 audit(0.0:11): avc: denied { read } for name="cota" dev="sdd60" ino=830 scontext=u:r:init:s0 tcontext=u:object_r:cust_file:s0 tclass=dir permissive=0
06-21 19:34:22.515     1     1 W init    : type=1400 audit(0.0:13): avc: denied { read } for name="cota" dev="sdd60" ino=830 scontext=u:r:init:s0 tcontext=u:object_r:cust_file:s0 tclass=dir permissive=0
06-21 19:34:22.583   411   411 W vndservicemanag: type=1400 audit(0.0:80): avc: denied { write } for name="hwlog_dubai" dev="tmpfs" ino=16393 scontext=u:r:vndservicemanager:s0 tcontext=u:object_r:dubai_log_device:s0 tclass=chr_file permissive=0
06-21 19:34:22.585   409   409 I SELinux : SELinux: Loaded service_contexts from:
06-21 19:34:22.586   409   409 I SELinux :     /system/etc/selinux/plat_service_contexts
06-21 19:34:22.590   411   411 I SELinux : SELinux: Loaded service_contexts from:
06-21 19:34:22.591   411   411 I SELinux :     /vendor/etc/selinux/vndservice_contexts
06-21 19:34:22.591   412   412 I ServiceManagement: Removing namespace from process name vendor.huawei.hardware.hwfactoryinterface@1.1-service to hwfactoryinterf.
06-21 19:34:22.618   410   410 E hwservicemanager: BINDER_SET_INHERIT_FIFO_PRIO failed with error -1
06-21 19:34:22.619   412   412 E cutils-trace: Error opening trace file: Permission denied (13)
06-21 19:34:22.619   410   410 E cutils-trace: Error opening trace file: Permission denied (13)
06-21 19:34:22.814   431   431 D vndksupport: Loading /vendor/lib64/hw/android.hardware.keymaster@3.0-impl.so from current namespace instead of sphal namespace.
06-21 19:34:22.820   431   431 I android.hardware.keymaster@3.0-impl: Fetching keymaster device name default
06-21 19:34:22.820   431   431 D vndksupport: Loading /vendor/lib64/hw/keystore.kirin970.so from current namespace instead of sphal namespace.
06-21 19:34:22.825   431   431 I android.hardware.keymaster@3.0-impl: Found keymaster2 module Keymaster2 Hisi HAL, version 200
06-21 19:34:22.825   431   431 I HisiKeyMaster: hisi_km_open start
06-21 19:34:22.826   431   431 E libteec : connect() failed, errno=111, type is 1
--------- beginning of system
06-21 19:34:22.836   433   433 I vold    : Vold 3.0 (the awakening) firing up
06-21 19:34:22.837   433   433 V vold    : Detected support for: exfat ext4 f2fs ntfs vfat
06-21 19:34:22.843   433   433 W vold    : type=1400 audit(0.0:81): avc: denied { write } for name="uevent" dev="sysfs" ino=40500 scontext=u:r:vold:s0 tcontext=u:object_r:sysfs_zram:s0 tclass=file permissive=0
06-21 19:34:22.843   433   442 I vold    : e4crypt_initialize_global_de
06-21 19:34:22.867   433   442 D vold    : Key exists, using: /data/unencrypted/key
06-21 19:34:23.066   431   431 I HisiKeyMaster: hisi_km_open success
06-21 19:34:23.067   431   431 I HisiKeyMaster: hisi_km_configure start
06-21 19:34:23.067   431   431 I HisiKeyMaster: Disable the enhanced crypto!
06-21 19:34:23.067   431   431 I libteec : TEEC_OpenSession
06-21 19:34:23.067   431   431 I libteec : TEEC_OpenSession
06-21 19:34:23.072   431   431 I HisiKeyMaster: open first km session
06-21 19:34:23.072   431   431 I HisiKeyMaster: hisi_km_configure success
06-21 19:34:23.073   431   431 I ServiceManagement: Removing namespace from process name android.hardware.keymaster@3.0-service to keymaster@3.0-s.
06-21 19:34:23.074   431   431 I android.hardware.keymaster@3.0-service: Registration complete for android.hardware.keymaster@3.0::IKeymasterDevice/default.
06-21 19:34:23.074   433   442 E vold    : Could not unregister service notification for android.hardware.keymaster@3.0::IKeymasterDevice/default.
06-21 19:34:23.077   431   431 I HisiKeyMaster: hisi_km_begin start
06-21 19:34:23.077   431   431 I HisiKeyMaster: Disable the enhanced crypto!
06-21 19:34:23.077   431   431 I libteec : TEEC_OpenSession
06-21 19:34:23.077   431   431 I libteec : TEEC_OpenSession
06-21 19:34:23.082   431   431 I libteec : TEEC_CloseSession
06-21 19:34:23.083   431   431 I HisiKeyMaster: out_params_buffer_len = 4096
06-21 19:34:23.083   431   431 I HisiKeyMaster: hisi_km_begin success
06-21 19:34:23.083   431   431 I HisiKeyMaster: Disable the enhanced crypto!
06-21 19:34:23.083   431   431 I libteec : TEEC_OpenSession
06-21 19:34:23.083   431   431 I libteec : TEEC_OpenSession
06-21 19:34:23.087   431   431 I libteec : TEEC_CloseSession
06-21 19:34:23.088   431   431 I HisiKeyMaster: hisi_km_finish start
06-21 19:34:23.088   431   431 I HisiKeyMaster: Disable the enhanced crypto!
06-21 19:34:23.088   431   431 I libteec : TEEC_OpenSession
06-21 19:34:23.088   431   431 I libteec : TEEC_OpenSession
06-21 19:34:23.092   431   431 I libteec : TEEC_CloseSession
06-21 19:34:23.092   431   431 I HisiKeyMaster: output data size=0
06-21 19:34:23.092   431   431 I HisiKeyMaster: hisi_km_finish success
06-21 19:34:23.092   433   442 D vold    : Added key 710424004 (ext4:1de72d0ab3d7b120) to keyring 836990716 in process 433
06-21 19:34:23.092   433   442 D vold    : Added key 1026584889 (f2fs:1de72d0ab3d7b120) to keyring 836990716 in process 433
06-21 19:34:23.092   433   442 D vold    : Added key 759468325 (fscrypt:1de72d0ab3d7b120) to keyring 836990716 in process 433
06-21 19:34:23.093   433   442 I vold    : Wrote system DE key reference to:/data/unencrypted/ref
06-21 19:34:23.143   254   254 W modem_sysboot_s: type=1400 audit(0.0:82): avc: granted { setsched } for scontext=u:r:kernel:s0 tcontext=u:r:kernel:s0 tclass=process
06-21 19:34:23.145   433   442 D vold    : e4crypt_init_user0
06-21 19:34:23.145   433   442 D vold    : Preparing: /data/misc/vold/user_keys
06-21 19:34:23.147   254   254 I chatty  : uid=0(root) identical 16 lines
06-21 19:34:23.147   254   254 W modem_sysboot_s: type=1400 audit(0.0:99): avc: granted { setsched } for scontext=u:r:kernel:s0 tcontext=u:r:kernel:s0 tclass=process
06-21 19:34:23.147   254   254 W modem_sysboot_s: type=1400 audit(0.0:100): avc: granted { setsched } for scontext=u:r:kernel:s0 tcontext=u:r:kernel:s0 tclass=process
06-21 19:34:23.147   254   254 W modem_sysboot_s: type=1400 audit(0.0:101): avc: granted { setsched } for scontext=u:r:kernel:s0 tcontext=u:r:kernel:s0 tclass=process
06-21 19:34:23.149   433   442 D vold    : Preparing: /data/misc/vold/user_keys/ce
06-21 19:34:23.149   433   442 D vold    : Preparing: /data/misc/vold/user_keys/de
06-21 19:34:23.150   433   442 D vold    : Skipping non-de-key .
06-21 19:34:23.150   433   442 D vold    : Skipping non-de-key ..
06-21 19:34:23.151   478   478 W ACPU_NFEXT: type=1400 audit(0.0:103): avc: granted { setsched } for scontext=u:r:kernel:s0 tcontext=u:r:kernel:s0 tclass=process
06-21 19:34:23.151   489   489 W ACPU_PPP: type=1400 audit(0.0:102): avc: granted { setsched } for scontext=u:r:kernel:s0 tcontext=u:r:kernel:s0 tclass=process
06-21 19:34:23.153   431   431 I HisiKeyMaster: hisi_km_begin start
06-21 19:34:23.153   431   431 I HisiKeyMaster: Disable the enhanced crypto!
06-21 19:34:23.153   431   431 I libteec : TEEC_OpenSession
06-21 19:34:23.153   431   431 I libteec : TEEC_OpenSession
06-21 19:34:23.159   431   431 I libteec : TEEC_CloseSession
06-21 19:34:23.162   431   431 I HisiKeyMaster: out_params_buffer_len = 4096
06-21 19:34:23.162   431   431 I HisiKeyMaster: hisi_km_begin success
06-21 19:34:23.163   431   431 I HisiKeyMaster: Disable the enhanced crypto!
06-21 19:34:23.163   431   431 I libteec : TEEC_OpenSession
06-21 19:34:23.163   431   431 I libteec : TEEC_OpenSession
06-21 19:34:23.167   431   431 I libteec : TEEC_CloseSession
06-21 19:34:23.167   431   431 I HisiKeyMaster: hisi_km_finish start
06-21 19:34:23.167   431   431 I HisiKeyMaster: Disable the enhanced crypto!
06-21 19:34:23.167   431   431 I libteec : TEEC_OpenSession
06-21 19:34:23.167   431   431 I libteec : TEEC_OpenSession
06-21 19:34:23.171     1     1 W init    : type=1400 audit(0.0:104): avc: denied { getattr } for path="/dev/hw_bfm" dev="tmpfs" ino=14499 scontext=u:r:init:s0 tcontext=u:object_r:bfmr_device:s0 tclass=chr_file permissive=0
06-21 19:34:23.171     1     1 W init    : type=1400 audit(0.0:105): avc: granted { open } for path="/dev/hw_bfm" dev="tmpfs" ino=14499 scontext=u:r:init:s0 tcontext=u:object_r:bfmr_device:s0 tclass=chr_file
06-21 19:34:23.173   431   431 I libteec : TEEC_CloseSession
06-21 19:34:23.173   431   431 I HisiKeyMaster: output data size=0
06-21 19:34:23.173   431   431 I HisiKeyMaster: hisi_km_finish success
06-21 19:34:23.173   433   442 D vold    : Added key 1426726 (ext4:ed6113f1bf06dd68) to keyring 836990716 in process 433
06-21 19:34:23.173   433   442 D vold    : Added key 565584992 (f2fs:ed6113f1bf06dd68) to keyring 836990716 in process 433
06-21 19:34:23.173   433   442 D vold    : Added key 183780434 (fscrypt:ed6113f1bf06dd68) to keyring 836990716 in process 433
06-21 19:34:23.173   433   442 D vold    : Installed de key for user 0
06-21 19:34:23.173   433   442 D vold    : e4crypt_prepare_user_storage for volume null, user 0, serial 0, flags 1
06-21 19:34:23.173   433   442 D vold    : Preparing: /data/system/users/0
06-21 19:34:23.174   433   442 D vold    : Preparing: /data/misc/profiles/cur/0
06-21 19:34:23.175     1     1 W init    : type=1400 audit(0.0:106): avc: granted { open } for path="/dev/hw_bfm" dev="tmpfs" ino=14499 scontext=u:r:init:s0 tcontext=u:object_r:bfmr_device:s0 tclass=chr_file
06-21 19:34:23.175   433   442 D vold    : Preparing: /data/system_de/0
06-21 19:34:23.176   433   442 D vold    : Preparing: /data/misc_de/0
06-21 19:34:23.176   433   442 D vold    : Preparing: /data/user_de/0
06-21 19:34:23.176   433   442 I vold    : Found policy ed6113f1bf06dd68 at /data/system_de/0 which matches expected value
06-21 19:34:23.176   433   442 I vold    : Policy for /data/misc_de/0 set to ed6113f1bf06dd68
06-21 19:34:23.176   433   442 I vold    : Found policy ed6113f1bf06dd68 at /data/user_de/0 which matches expected value
06-21 19:34:23.179     1     1 W init    : type=1400 audit(0.0:107): avc: denied { getattr } for path="/data/system/iaware" dev="sdd60" ino=2185 scontext=u:r:init:s0 tcontext=u:object_r:data_system_iaware:s0 tclass=dir permissive=0
06-21 19:34:23.187     1     1 W init    : type=1400 audit(0.0:108): avc: denied { search } for name="hw_init" dev="sdd60" ino=4 scontext=u:r:init:s0 tcontext=u:object_r:cust_file:s0 tclass=dir permissive=0
06-21 19:34:23.187     1     1 W init    : type=1400 audit(0.0:109): avc: denied { search } for name="cota" dev="sdd60" ino=830 scontext=u:r:init:s0 tcontext=u:object_r:cust_file:s0 tclass=dir permissive=0
06-21 19:34:23.191   490   490 I /system/bin/tzdatacheck: timezone distro dir /data/misc/zoneinfo/current does not exist. No action required.
06-21 19:34:23.215     1     1 W init    : type=1400 audit(0.0:110): avc: denied { setattr } for name="cota" dev="sdd60" ino=830 scontext=u:r:init:s0 tcontext=u:object_r:cust_file:s0 tclass=dir permissive=0
06-21 19:34:23.215     1     1 W init    : type=1400 audit(0.0:112): avc: denied { setattr } for name="cota" dev="sdd60" ino=830 scontext=u:r:init:s0 tcontext=u:object_r:cust_file:s0 tclass=dir permissive=0
06-21 19:34:23.215     1     1 W init    : type=1400 audit(0.0:113): avc: denied { getattr } for name="cota" dev="sdd60" ino=830 scontext=u:r:init:s0 tcontext=u:object_r:cust_file:s0 tclass=dir permissive=0
06-21 19:34:23.215     1     1 W init    : type=1400 audit(0.0:114): avc: denied { getattr } for path="/data/cota" dev="sdd60" ino=830 scontext=u:r:init:s0 tcontext=u:object_r:cust_file:s0 tclass=dir permissive=0
06-21 19:34:23.215     1     1 W init    : type=1400 audit(0.0:115): avc: denied { setattr } for name="cota" dev="sdd60" ino=830 scontext=u:r:init:s0 tcontext=u:object_r:cust_file:s0 tclass=dir permissive=0
06-21 19:34:23.215     1     1 W init    : type=1400 audit(0.0:116): avc: denied { search } for name="cota" dev="sdd60" ino=830 scontext=u:r:init:s0 tcontext=u:object_r:cust_file:s0 tclass=dir permissive=0
06-21 19:34:23.215     1     1 W init    : type=1400 audit(0.0:118): avc: denied { search } for name="cota" dev="sdd60" ino=830 scontext=u:r:init:s0 tcontext=u:object_r:cust_file:s0 tclass=dir permissive=0
06-21 19:34:23.225   492   492 E pmom_cat: setupOutput in
06-21 19:34:23.225   492   492 E pmom_cat: before check /data/log
06-21 19:34:23.225   492   492 E pmom_cat: create_bugreports_dir in
06-21 19:34:23.225   492   492 E pmom_cat: create_bugreports_dir before access pdir[/data/log/pmom]
06-21 19:34:23.225   492   492 E pmom_cat: exist
06-21 19:34:23.231   492   492 E pmom_cat: openLogFile in
06-21 19:34:23.238   492   492 E pmom_cat: openLogFile out
06-21 19:34:23.238   492   492 E pmom_cat: setupOutput out
06-21 19:34:23.238   492   492 E pmom_cat: pmom_cat in
06-21 19:34:23.258   494   494 I Netd    : Netd 1.0 starting
06-21 19:34:23.258   494   494 D TetherController: Setting IP forward enable = 0
06-21 19:34:23.272   494   494 I Netd    : Creating child chains: 6.4ms
06-21 19:34:23.272   494   494 I Netd    : Setting up OEM hooks: 0.1ms
06-21 19:34:23.274   494   494 I Netd    : Setting up FirewallController hooks: 2.1ms
06-21 19:34:23.276   494   494 I Netd    : Setting up NatController hooks: 2.4ms
06-21 19:34:23.278   494   494 I Netd    : Setting up BandwidthController hooks: 1.5ms
06-21 19:34:23.278   494   494 I Netd    : Setting up IdletimerController hooks: 0.1ms
06-21 19:34:23.280   494   494 I Netd    : Disabling bandwidth control: 2.3ms
06-21 19:34:23.281   494   494 I Netd    : Initializing RouteController: 1.5ms
06-21 19:34:23.282   494   494 D MDnsDS  : MDnsSdListener::Hander starting up
06-21 19:34:23.282   494   506 D MDnsDS  : MDnsSdListener starting to monitor
06-21 19:34:23.282   494   506 D MDnsDS  : Going to poll with pollCount 1
06-21 19:34:23.284   494   494 I Netd    : Registering NetdNativeService: 1.8ms
06-21 19:34:23.284   494   494 I Netd    : Starting CommandListener: 0.1ms
06-21 19:34:23.286   494   494 I Netd    : Registering NetdHwService: 1.5ms
06-21 19:34:23.286   494   494 I Netd    : Netd started in 28ms
06-21 19:34:23.354   514   514 E         : FFU process main: fw file not found, exit.
06-21 19:34:23.373   515   515 I ServiceManagement: Removing namespace from process name android.hidl.allocator@1.0-service to allocator@1.0-s.
06-21 19:34:23.379   523   523 D vndksupport: Loading /vendor/lib64/hw/android.hardware.graphics.allocator@2.0-impl.so from current namespace instead of sphal namespace.
06-21 19:34:23.381   523   523 D vndksupport: Loading /vendor/lib64/hw/gralloc.kirin970.so from current namespace instead of sphal namespace.
06-21 19:34:23.384   538   538 D vndksupport: Loading /vendor/lib64/hw/vendor.huawei.hardware.hwdisplay@1.0-impl.so from current namespace instead of sphal namespace.
06-21 19:34:23.388   539   539 I vendor.huawei.hardware.hwfs@1.0-service: begin hwfs service!
06-21 19:34:23.389   539   539 D vndksupport: Loading /vendor/lib64/hw/vendor.huawei.hardware.hwfs@1.0-impl.so from current namespace instead of sphal namespace.
06-21 19:34:23.394   518   518 W /vendor/bin/hw/android.hardware.configstore@1.0-service: libminijail[518]: allowing syscall: connect
06-21 19:34:23.394   518   518 W /vendor/bin/hw/android.hardware.configstore@1.0-service: libminijail[518]: allowing syscall: fcntl
06-21 19:34:23.394   518   518 W /vendor/bin/hw/android.hardware.configstore@1.0-service: libminijail[518]: allowing syscall: sendto
06-21 19:34:23.394   518   518 W /vendor/bin/hw/android.hardware.configstore@1.0-service: libminijail[518]: allowing syscall: socket
06-21 19:34:23.394   518   518 W /vendor/bin/hw/android.hardware.configstore@1.0-service: libminijail[518]: allowing syscall: writev
06-21 19:34:23.395   532   532 D vndksupport: Loading /vendor/lib64/hw/vendor.huawei.hardware.graphics.mediacomm@2.0-impl.so from current namespace instead of sphal namespace.
06-21 19:34:23.397   523   523 I ServiceManagement: Removing namespace from process name android.hardware.graphics.allocator@2.0-service to allocator@2.0-s.
06-21 19:34:23.397   539   539 I ServiceManagement: Removing namespace from process name vendor.huawei.hardware.hwfs@1.0-service to hwfs@1.0-servic.
06-21 19:34:23.398   516   516 D vndksupport: Loading /vendor/lib64/hw/android.hardware.bluetooth@1.0-impl.so from current namespace instead of sphal namespace.
06-21 19:34:23.398   523   523 I android.hardware.graphics.allocator@2.0-service: Registration complete for android.hardware.graphics.allocator@2.0::IAllocator/default.
06-21 19:34:23.399   539   539 I vendor.huawei.hardware.hwfs@1.0-service: Registration complete for vendor.huawei.hardware.hwfs@1.0::IHwfs/default.
06-21 19:34:23.400   536   536 D vndksupport: Loading /vendor/lib64/hw/vendor.huawei.hardware.huaweisigntool@1.0-impl.so from current namespace instead of sphal namespace.
06-21 19:34:23.402   532   532 D vndksupport: Loading /vendor/lib64/hw/mediacomm.kirin970.so from current namespace instead of sphal namespace.
06-21 19:34:23.403   518   518 W /vendor/bin/hw/android.hardware.configstore@1.0-service: libminijail[518]: logging seccomp filter failures
06-21 19:34:23.403   518   518 I ServiceManagement: Removing namespace from process name android.hardware.configstore@1.0-service to configstore@1.0.
06-21 19:34:23.405   534   534 D vndksupport: Loading /vendor/lib64/hw/vendor.huawei.hardware.hivrar@1.1-impl.so from current namespace instead of sphal namespace.
06-21 19:34:23.405   532   532 I mediacomm: init:68: Get mChipType is 0x40
06-21 19:34:23.405   532   532 I mediacomm@2.0-service: MdcFlinger:62: MdcFlinger's main thread ready to run. Initializing mediacomm H/W...
06-21 19:34:23.406   516   516 I ServiceManagement: Removing namespace from process name android.hardware.bluetooth@1.0-service to bluetooth@1.0-s.
06-21 19:34:23.407   536   536 I ServiceManagement: Removing namespace from process name vendor.huawei.hardware.huaweisigntool@1.0-service to huaweisigntool@.
06-21 19:34:23.408   532   532 I ServiceManagement: Removing namespace from process name vendor.huawei.hardware.graphics.mediacomm@2.0-service to mediacomm@2.0-s.
06-21 19:34:23.408   516   516 I android.hardware.bluetooth@1.0-service: Registration complete for android.hardware.bluetooth@1.0::IBluetoothHci/default.
06-21 19:34:23.409   536   536 I vendor.huawei.hardware.huaweisigntool@1.0-service: Registration complete for vendor.huawei.hardware.huaweisigntool@1.0::ISignTool/huaweisigntool.
06-21 19:34:23.410   534   534 D HiVRARHal_1.1: HIDL_FETCH_IHiVRAR:305: +.
06-21 19:34:23.410   534   534 D vndksupport: Loading /vendor/lib64/hw/hivr.kirin970.so from current namespace instead of sphal namespace.
06-21 19:34:23.414   532   532 I         : Registration complete for vendor.huawei.hardware.graphics.mediacomm@2.0::IMediaComm/default.
06-21 19:34:23.416   538   538 D vndksupport: Loading /vendor/lib64/hw/libhwdisplay.default.so from current namespace instead of sphal namespace.
06-21 19:34:23.418   535   535 D vndksupport: Loading /vendor/lib64/hw/vendor.huawei.hardware.huaweiantitheft@1.0-impl.so from current namespace instead of sphal namespace.
06-21 19:34:23.420   534   534 D libhivr : HIVRSession:36: HIVRSession is starting
06-21 19:34:23.420   534   534 E libhivr : check_int:47: failed to read /sys/class/graphics/fb0/amoled_vr_mode, or read too long[0]!
06-21 19:34:23.420   534   534 D libhivr : DSSDevice:51: mAutoRefreshEn=0, mLowPersistenceEn=0, mScene=0, mLcdMode=-1
06-21 19:34:23.420   534   534 D libhivr : PowerPerfDevice:46: mPowerSustainedModeEn=0, mPowerVrModeEn=0
06-21 19:34:23.420   534   534 D vndksupport: Loading /vendor/lib64/hw/hiar.kirin970.so from current namespace instead of sphal namespace.
06-21 19:34:23.423   527   527 D vndksupport: Loading /vendor/lib64/hw/android.hardware.thermal@1.0-impl.so from current namespace instead of sphal namespace.
06-21 19:34:23.442   527   527 D vndksupport: Loading /vendor/lib64/hw/thermal.kirin970.so from current namespace instead of sphal namespace.
06-21 19:34:23.447   517   517 I chatty  : uid=1013(media) /vendor/bin/hw/android.hardware.cas@1.0-service expire 2 lines
06-21 19:34:23.449   527   527 I ServiceManagement: Removing namespace from process name android.hardware.thermal@1.0-service to thermal@1.0-ser.
06-21 19:34:23.450   522   522 D vndksupport: Loading /vendor/lib64/hw/android.hardware.gnss@1.0-impl.so from current namespace instead of sphal namespace.
06-21 19:34:23.450   535   535 I ServiceManagement: Removing namespace from process name vendor.huawei.hardware.huaweiantitheft@1.0-service to huaweiantitheft.
06-21 19:34:23.451   538   538 I ServiceManagement: Removing namespace from process name vendor.huawei.hardware.hwdisplay@1.0-service to hwdisplay@1.0-s.
06-21 19:34:23.454   522   522 E GnssHAL_GnssInterface: [gps_jni]Open /proc/device-tree/gps_power/broadcom_config,ic_type success!
06-21 19:34:23.454   522   522 D GnssHAL_GnssInterface: To get Gps IC type 4774
06-21 19:34:23.454   522   522 D GnssHAL_GnssInterface: [gps_jni]the gps_ic_type is gps4774
06-21 19:34:23.454   522   522 D GnssHAL_GnssInterface: [gps_jni]system do ToAdjustGpsMiddleware done!
06-21 19:34:23.454   522   522 D vndksupport: Loading /vendor/lib64/hw/gps4774.default.so from current namespace instead of sphal namespace.
06-21 19:34:23.454   527   527 I android.hardware.thermal@1.0-service: Registration complete for android.hardware.thermal@1.0::IThermal/default.
06-21 19:34:23.455   534   534 D HiVRARHal_1.1: HIDL_FETCH_IHiVRAR:344: -.
06-21 19:34:23.455   524   524 D vndksupport: Loading /vendor/lib64/hw/android.hardware.graphics.composer@2.1-impl.so from current namespace instead of sphal namespace.
06-21 19:34:23.457   535   535 I         : Registration complete for vendor.huawei.hardware.huaweiantitheft@1.0::IHuaweiAntiTheft/huaweiantitheft.
06-21 19:34:23.458   525   525 D vndksupport: Loading /vendor/lib64/hw/android.hardware.health@1.0-impl.so from current namespace instead of sphal namespace.
06-21 19:34:23.459   529   529 D vndksupport: Loading /vendor/lib64/hw/android.hardware.vr@1.0-impl.so from current namespace instead of sphal namespace.
06-21 19:34:23.462   524   524 D vndksupport: Loading /vendor/lib64/hw/hwcomposer.kirin970.so from current namespace instead of sphal namespace.
06-21 19:34:23.466   529   529 D vndksupport: Loading /vendor/lib64/hw/vr.kirin970.so from current namespace instead of sphal namespace.
06-21 19:34:23.470   537   537 I DE H displayengine@1.1-service: We're the service for display engine hal.
06-21 19:34:23.472   522   522 E HAL     : load: id=gps4774 != hmi->id=gps
06-21 19:34:23.472   522   522 E GnssHAL_GnssInterface: hw_get_module failed......try to get gps.default
06-21 19:34:23.472   522   522 D vndksupport: Loading /vendor/lib64/hw/gps.default.so from current namespace instead of sphal namespace.
06-21 19:34:23.480   520   520 I chatty  : uid=1013(media) drm@1.0-service expire 3 lines
06-21 19:34:23.481   522   522 E GnssHAL_GnssInterface: hw_get_module err=0
06-21 19:34:23.482   524   524 W hwcomposer: Connect:283: Disp0 resolution(1080 x 2240), fps: 60 Hz.
06-21 19:34:23.483   524   524 D vndksupport: Loading /vendor/lib64/hw/gralloc.kirin970.so from current namespace instead of sphal namespace.
06-21 19:34:23.484   530   530 I vendor.huawei.hardware.graphics.displayeffect@1.1-service: This is the service for IDisplayEffectClient.
06-21 19:34:23.485   519   519 I chatty  : uid=1013(media) /vendor/bin/hw/android.hardware.drm@1.0-service expire 7 lines
06-21 19:34:23.488   524   524 I GRALLOC : 	 shrFd=34,fmt=0x1,intFmt=0x200000001,btStrd=4352,size=9904128,pid=524 
06-21 19:34:23.488   524   524 I GRALLOC : 	 yuv=2,w=1080,h=2240,Stride u=0 v=0,offset u=0 v=0 
06-21 19:34:23.488   524   524 I GRALLOC : 	 iova_size=9904128,conUsg=0x0,proUsg=0x900,	 strd=1088,[afbc]HdrStrd=1088 PyldStrd=69632 Scrmbl=2,ionhnd = 1 
06-21 19:34:23.488   524   524 I GRALLOC : 	 shrFd=36,fmt=0x1,intFmt=0x200000001,btStrd=4352,size=9904128,pid=524 
06-21 19:34:23.488   524   524 I GRALLOC : 	 yuv=2,w=1080,h=2240,Stride u=0 v=0,offset u=0 v=0 
06-21 19:34:23.488   524   524 I GRALLOC : 	 iova_size=9904128,conUsg=0x0,proUsg=0x900,	 strd=1088,[afbc]HdrStrd=1088 PyldStrd=69632 Scrmbl=2,ionhnd = 2 
06-21 19:34:23.489   524   524 I GRALLOC : 	 shrFd=38,fmt=0x1,intFmt=0x200000001,btStrd=4352,size=9904128,pid=524 
06-21 19:34:23.489   524   524 I GRALLOC : 	 yuv=2,w=1080,h=2240,Stride u=0 v=0,offset u=0 v=0 
06-21 19:34:23.489   524   524 I GRALLOC : 	 iova_size=9904128,conUsg=0x0,proUsg=0x900,	 strd=1088,[afbc]HdrStrd=1088 PyldStrd=69632 Scrmbl=2,ionhnd = 3 
06-21 19:34:23.503   521   521 D vndksupport: Loading /vendor/lib64/hw/android.hardware.gatekeeper@1.0-impl.so from current namespace instead of sphal namespace.
06-21 19:34:23.504   521   521 D vndksupport: Loading /vendor/lib64/hw/gatekeeper.kirin970.so from current namespace instead of sphal namespace.
06-21 19:34:23.504   550   550 D vndksupport: Loading /vendor/lib64/hw/vendor.huawei.hardware.tp@1.0-impl.so from current namespace instead of sphal namespace.
06-21 19:34:23.505   550   550 I TS_Service: HIDL_FETCH_ITouchscreen:will get hw_module hw_touchscreen 
06-21 19:34:23.505   550   550 D vndksupport: Loading /vendor/lib64/hw/hw_touchscreen.default.so from current namespace instead of sphal namespace.
06-21 19:34:23.506   548   548 D vndksupport: Loading /vendor/lib64/hw/vendor.huawei.hardware.power@1.0-impl.so from current namespace instead of sphal namespace.
06-21 19:34:23.510   550   550 I TS_HAL  : touchscreen_open:Module name: Huawei touchscreen Comm Module
06-21 19:34:23.511   521   521 I libteec : TEEC_OpenSession
06-21 19:34:23.511   521   521 I libteec : TEEC_OpenSession
06-21 19:34:23.512   553   553 I lowmemorykiller: Using in-kernel low memory killer interface
06-21 19:34:23.514   538   538 I vendor.huawei.hardware.hwdisplay@1.0-service: Registration complete for vendor.huawei.hardware.hwdisplay@1.0::IDisplay/default.
06-21 19:34:23.514   529   529 I ServiceManagement: Removing namespace from process name android.hardware.vr@1.0-service to vr@1.0-service.
06-21 19:34:23.515   537   537 D vndksupport: Loading /vendor/lib64/hw/vendor.huawei.hardware.hwdisplay.displayengine@1.1-impl.so from current namespace instead of sphal namespace.
06-21 19:34:23.516   547   547 D vndksupport: Loading /vendor/lib64/hw/vendor.huawei.hardware.perfgenius@1.0-impl.so from current namespace instead of sphal namespace.
06-21 19:34:23.517   522   522 I ServiceManagement: Removing namespace from process name android.hardware.gnss@1.0-service to gnss@1.0-servic.
06-21 19:34:23.517   548   548 D vndksupport: Loading /vendor/lib64/hw/power.kirin970.so from current namespace instead of sphal namespace.
06-21 19:34:23.517   530   530 D vndksupport: Loading /vendor/lib64/hw/vendor.huawei.hardware.graphics.displayeffect@1.1-impl.so from current namespace instead of sphal namespace.
06-21 19:34:23.518   524   524 I ServiceManagement: Removing namespace from process name android.hardware.graphics.composer@2.1-service to composer@2.1-se.
06-21 19:34:23.520   525   525 I ServiceManagement: Removing namespace from process name android.hardware.health@1.0-service to health@1.0-serv.
06-21 19:34:23.521   550   550 I ServiceManagement: Removing namespace from process name vendor.huawei.hardware.tp@1.0-service to tp@1.0-service.
06-21 19:34:23.521   529   529 I android.hardware.vr@1.0-service: Registration complete for android.hardware.vr@1.0::IVr/default.
06-21 19:34:23.522   522   522 I android.hardware.gnss@1.0-service: Registration complete for android.hardware.gnss@1.0::IGnss/default.
06-21 19:34:23.524   524   524 I android.hardware.graphics.composer@2.1-service: Registration complete for android.hardware.graphics.composer@2.1::IComposer/default.
06-21 19:34:23.526   525   525 I android.hardware.health@1.0-service: Registration complete for android.hardware.health@1.0::IHealth/default.
06-21 19:34:23.528   542   542 D vndksupport: Loading /vendor/lib64/hw/vendor.huawei.hardware.iawareperf@1.0-impl.so from current namespace instead of sphal namespace.
06-21 19:34:23.530   528   528 I ServiceManagement: Removing namespace from process name android.hardware.usb@1.0-service to usb@1.0-service.
06-21 19:34:23.534   530   530 I ServiceManagement: Removing namespace from process name vendor.huawei.hardware.graphics.displayeffect@1.1-service to displayeffect@1.
06-21 19:34:23.535   547   547 I PF_PG   : Construct perfgenius
06-21 19:34:23.535   547   547 D PF_PH   : open path [/sys/devices/system/cpu/cpufreq/boost] failed
06-21 19:34:23.535   550   550 I vendor.huawei.hardware.tp@1.0-service: Registration complete for vendor.huawei.hardware.tp@1.0::ITouchscreen/default.
06-21 19:34:23.535   547   547 D PF_XP   : [xmlFilesLoad:72] Load XML File [/vendor/etc/perfgenius_boost_policy.xml] Succeed
06-21 19:34:23.537   537   537 I ServiceManagement: Removing namespace from process name vendor.huawei.hardware.hwdisplay.displayengine@1.1-service to displayengine@1.
06-21 19:34:23.538   540   540 D vndksupport: Loading /vendor/lib64/hw/vendor.huawei.hardware.hwsched@1.0-impl.so from current namespace instead of sphal namespace.
06-21 19:34:23.538   547   547 D PF_XP   : [xmlFilesLoad:72] Load XML File [/vendor/etc/perfgenius_config.xml] Succeed
06-21 19:34:23.538   548   548 I ServiceManagement: Removing namespace from process name vendor.huawei.hardware.power@1.0-service to power@1.0-servi.
06-21 19:34:23.538   546   546 D vndksupport: Loading /vendor/lib64/hw/vendor.huawei.hardware.otherdevices@1.0-impl.so from current namespace instead of sphal namespace.
06-21 19:34:23.538   410   410 W /system/bin/hwservicemanager: getTransport: Cannot find entry android.hardware.thermal@1.1::IThermal/default in either framework or device manifest.
06-21 19:34:23.539   555   555 W thermalserviced: Unable to get Thermal HAL V1.1, vendor thermal event notification not available
06-21 19:34:23.539   549   549 D vndksupport: Loading /vendor/lib64/hw/vendor.huawei.hardware.sensors@1.0-impl.so from current namespace instead of sphal namespace.
06-21 19:34:23.539   547   547 D PF_XP   : [xmlFilesLoad:72] Load XML File [/vendor/etc/perfgenius_mode_policy.xml] Succeed
06-21 19:34:23.539   528   528 I android.hardware.usb@1.0-service: USB HAL Ready.
06-21 19:34:23.541   541   541 D vndksupport: Loading /vendor/lib64/hw/vendor.huawei.hardware.hwvibrator@1.0-impl.so from current namespace instead of sphal namespace.
06-21 19:34:23.542   530   530 I vendor.huawei.hardware.graphics.displayeffect@1.1-service: Registration complete for vendor.huawei.hardware.graphics.displayeffect@1.1::IDisplayEffectClient/default.
06-21 19:34:23.542   530   530 I vendor.huawei.hardware.graphics.displayeffect@1.1-service: Registering displayeffect service IEffect: 0
06-21 19:34:23.542   533   533 D vndksupport: Loading /vendor/lib64/hw/vendor.huawei.hardware.hisupl@1.0-impl.so from current namespace instead of sphal namespace.
06-21 19:34:23.543   537   537 I DE H displayengine@1.1-service: Registration complete for vendor.huawei.hardware.hwdisplay.displayengine@1.1::IDisplayEngineWrapper/default.
06-21 19:34:23.543   556   556 I aptouch_daemon: set thp.dae_alive as: false
06-21 19:34:23.544   533   533 D vndksupport: Loading /vendor/lib64/hw/hisupl.hi1102.default.so from current namespace instead of sphal namespace.
06-21 19:34:23.545   541   541 D vndksupport: Loading /vendor/lib64/hw/vibrator.default.so from current namespace instead of sphal namespace.
06-21 19:34:23.545   541   541 D         : Vibrator using timed_output
06-21 19:34:23.545   548   548 I vendor.huawei.hardware.power@1.0-service: Registration complete for vendor.huawei.hardware.power@1.0::IHWPower/default.
06-21 19:34:23.546   526   526 D vndksupport: Loading /vendor/lib64/hw/android.hardware.memtrack@1.0-impl.so from current namespace instead of sphal namespace.
06-21 19:34:23.546   547   547 I ServiceManagement: Removing namespace from process name vendor.huawei.hardware.perfgenius@1.0-service to perfgenius@1.0-.
06-21 19:34:23.546   534   534 I ServiceManagement: Removing namespace from process name vendor.huawei.hardware.hivrar@1.1-service to hivrar@1.1-serv.
06-21 19:34:23.547   541   541 I ServiceManagement: Removing namespace from process name vendor.huawei.hardware.hwvibrator@1.0-service to hwvibrator@1.0-.
06-21 19:34:23.547   533   533 E HAL     : load: id=hisupl.hi1102 != hmi->id=hisupl
06-21 19:34:23.547   544   544 D vndksupport: Loading /vendor/lib64/hw/vendor.huawei.hardware.light@2.0-impl.so from current namespace instead of sphal namespace.
06-21 19:34:23.547   533   533 E HiSuplHAL_HiSuplInterface: supl hw_get_module hisupl failed: -22
06-21 19:34:23.548   533   533 E venodr.huawei.hardware.hisupl@1.0-service: Could not get passthrough implementation for vendor.huawei.hardware.hisupl@1.0::ISuplclienttoserverInterface/default.
06-21 19:34:23.548   530   530 D vndksupport: Loading /vendor/lib64/hw/vendor.huawei.hardware.graphics.displayeffect@1.1-impl.so from current namespace instead of sphal namespace.
06-21 19:34:23.548   530   530 I DisplayEffectService: Display effect start ......
06-21 19:34:23.549   547   547 I vendor.huawei.hardware.perfgenius@1.0-service: Registration complete for vendor.huawei.hardware.perfgenius@1.0::IPerfGenius/perfgenius.
06-21 19:34:23.549   549   549 D vndksupport: Loading /vendor/lib64/hw/sensors.default.so from current namespace instead of sphal namespace.
06-21 19:34:23.550   534   534 I vendor.huawei.hardware.hivrar@1.1-service: Registration complete for vendor.huawei.hardware.hivrar@1.1::IHiVRAR/default.
06-21 19:34:23.550   556   556 I aptouch_daemon: log_init_is_factory, 0
06-21 19:34:23.550   544   544 D vndksupport: Loading /vendor/lib64/hw/lights.default.so from current namespace instead of sphal namespace.
06-21 19:34:23.550   556   556 I aptouch_daemon: log_init_is_enabled, 0
06-21 19:34:23.550   543   543 D vndksupport: Loading /vendor/lib64/hw/vendor.huawei.hardware.jpegdec@1.0-impl.so from current namespace instead of sphal namespace.
06-21 19:34:23.551   541   541 I vendor.huawei.hardware.hwvibrator@1.0-service: Registration complete for vendor.huawei.hardware.hwvibrator@1.0::IHWVibrator/default.
06-21 19:34:23.551   556   556 I aptouch_daemon: main, first_log_in_aptouch_daemon_main
06-21 19:34:23.552   546   546 I ServiceManagement: Removing namespace from process name vendor.huawei.hardware.otherdevices@1.0-service to otherdevices@1..
06-21 19:34:23.552   530   530 I ServiceManagement: Removing namespace from process name vendor.huawei.hardware.graphics.displayeffect@1.1-service to displayeffect@1.
06-21 19:34:23.552   546   546 I         : Registration complete for vendor.huawei.hardware.otherdevices@1.0::IOtherdevices/default.
06-21 19:34:23.553   544   544 D vndksupport: Loading /vendor/lib64/hw/lights.default.so from current namespace instead of sphal namespace.
06-21 19:34:23.553   544   544 D vndksupport: Loading /vendor/lib64/hw/lights.default.so from current namespace instead of sphal namespace.
06-21 19:34:23.553   530   530 I vendor.huawei.hardware.graphics.displayeffect@1.1-service: Registration complete for vendor.huawei.hardware.graphics.displayeffect@1.1::IEffect/default.
06-21 19:34:23.553   530   530 I vendor.huawei.hardware.graphics.displayeffect@1.1-service: Registering displayeffect service IDisplayEffectClient: 0
06-21 19:34:23.553   544   544 D vndksupport: Loading /vendor/lib64/hw/lights.default.so from current namespace instead of sphal namespace.
06-21 19:34:23.553   544   544 D vndksupport: Loading /vendor/lib64/hw/lights.default.so from current namespace instead of sphal namespace.
06-21 19:34:23.554   544   544 I chatty  : uid=1000(system) light@2.0-servi identical 6 lines
06-21 19:34:23.554   526   526 D vndksupport: Loading /vendor/lib64/hw/memtrack.kirin970.so from current namespace instead of sphal namespace.
06-21 19:34:23.554   544   544 D vndksupport: Loading /vendor/lib64/hw/lights.default.so from current namespace instead of sphal namespace.
06-21 19:34:23.554   544   544 D vndksupport: Loading /vendor/lib64/hw/lights.default.so from current namespace instead of sphal namespace.
06-21 19:34:23.554   544   544 D vndksupport: Loading /vendor/lib64/hw/lights.default.so from current namespace instead of sphal namespace.
06-21 19:34:23.555   549   549 D SensorHub: lib ver is 15
06-21 19:34:23.555   540   540 I AdjustFreq common: init and set governor to interactive
06-21 19:34:23.555   549   549 D SensorHub: sensorlist num from dts: 25
06-21 19:34:23.555   549   549 D SensorHub: 0, 
06-21 19:34:23.555   549   549 D SensorHub: 1, 
06-21 19:34:23.555   549   549 D SensorHub: 2, 
06-21 19:34:23.555   549   549 D SensorHub: 3, 
06-21 19:34:23.555   549   549 D SensorHub: 4, 
06-21 19:34:23.555   549   549 D SensorHub: 5, 
06-21 19:34:23.555   549   549 D SensorHub: 6, 
06-21 19:34:23.555   549   549 D SensorHub: 7, 
06-21 19:34:23.555   549   549 D SensorHub: 8, 
06-21 19:34:23.555   549   549 D SensorHub: 11, 
06-21 19:34:23.555   549   549 D SensorHub: 12, 
06-21 19:34:23.555   549   549 D SensorHub: 13, 
06-21 19:34:23.555   549   549 D SensorHub: 14, 
06-21 19:34:23.555   549   549 D SensorHub: 15, 
06-21 19:34:23.555   549   549 D SensorHub: 16, 
06-21 19:34:23.555   549   549 D SensorHub: 17, 
06-21 19:34:23.555   549   549 D SensorHub: 18, 
06-21 19:34:23.555   549   549 D SensorHub: 20, 
06-21 19:34:23.555   549   549 D SensorHub: 21, 
06-21 19:34:23.555   549   549 D SensorHub: 23, 
06-21 19:34:23.555   549   549 D SensorHub: 24, 
06-21 19:34:23.555   549   549 D SensorHub: 25, 
06-21 19:34:23.555   549   549 D SensorHub: 26, 
06-21 19:34:23.555   549   549 D SensorHub: 27, 
06-21 19:34:23.555   549   549 D SensorHub: 35, 
06-21 19:34:23.555   549   549 E SensorHub: error index 35 from dts!
06-21 19:34:23.555   549   549 D SensorHub: lib ver is 15
06-21 19:34:23.555   549   549 E SensorHub: get_acc_convert_coff = 1000.000000
06-21 19:34:23.555   549   549 E SensorHub: adapt_sensorlist_info in hifi 0, acc_convert_coff = 1000.000000
06-21 19:34:23.555   549   549 E SensorHub: adapt_sensorlist_info in 
06-21 19:34:23.555   549   549 D SensorHub: get name accelerometer-lsm6dsm for sensor 0
06-21 19:34:23.555   549   549 D SensorHub: get vendor st for sensor 0
06-21 19:34:23.555   549   549 E SensorHub: handle 0 name=accelerometer-lsm6dsm, vendor=st,maxDealy=200000
06-21 19:34:23.555   549   549 E SensorHub: adapt_sensorlist_info in 
06-21 19:34:23.555   549   549 D SensorHub: get name mag-akm09918 for sensor 1
06-21 19:34:23.555   549   549 D SensorHub: get vendor akm for sensor 1
06-21 19:34:23.555   549   549 E SensorHub: handle 1 name=mag-akm09918, vendor=akm,maxDealy=200000
06-21 19:34:23.555   549   549 E SensorHub: adapt_sensorlist_info in 
06-21 19:34:23.555   549   549 D SensorHub: get name als-tmd3725 for sensor 3
06-21 19:34:23.555   549   549 D SensorHub: get vendor ams for sensor 3
06-21 19:34:23.555   549   549 E SensorHub: handle 3 name=als-tmd3725, vendor=ams,maxDealy=0
06-21 19:34:23.555   549   549 E SensorHub: adapt_sensorlist_info in 
06-21 19:34:23.555   549   549 D SensorHub: get name proximity-ams-tmd3725 for sensor 4
06-21 19:34:23.555   549   549 D SensorHub: get vendor ams for sensor 4
06-21 19:34:23.555   549   549 E SensorHub: handle 4 name=proximity-ams-tmd3725, vendor=ams,maxDealy=200000
06-21 19:34:23.556   549   549 E SensorHub: adapt_sensorlist_info in 
06-21 19:34:23.556   549   549 D SensorHub: get name gyroscope-lsm6dsm for sensor 5
06-21 19:34:23.556   549   549 D SensorHub: get vendor st for sensor 5
06-21 19:34:23.556   549   549 E SensorHub: handle 5 name=gyroscope-lsm6dsm, vendor=st,maxDealy=200000
06-21 19:34:23.556   549   549 D SensorHub:  handle_in_sensorlist[0] IS TRUE 
06-21 19:34:23.556   549   549 D SensorHub:  handle_in_sensorlist[1] IS TRUE 
06-21 19:34:23.556   549   549 D SensorHub:  handle_in_sensorlist[2] IS TRUE 
06-21 19:34:23.556   549   549 D SensorHub:  handle_in_sensorlist[3] IS TRUE 
06-21 19:34:23.556   549   549 D SensorHub:  handle_in_sensorlist[4] IS TRUE 
06-21 19:34:23.556   549   549 D SensorHub:  handle_in_sensorlist[5] IS TRUE 
06-21 19:34:23.556   549   549 D SensorHub:  handle_in_sensorlist[6] IS TRUE 
06-21 19:34:23.556   549   549 D SensorHub:  handle_in_sensorlist[7] IS TRUE 
06-21 19:34:23.556   549   549 D SensorHub:  handle_in_sensorlist[8] IS TRUE 
06-21 19:34:23.556   549   549 D SensorHub:  handle_in_sensorlist[11] IS TRUE 
06-21 19:34:23.556   549   549 D SensorHub:  handle_in_sensorlist[12] IS TRUE 
06-21 19:34:23.556   549   549 D SensorHub:  handle_in_sensorlist[13] IS TRUE 
06-21 19:34:23.556   549   549 D SensorHub:  handle_in_sensorlist[14] IS TRUE 
06-21 19:34:23.556   549   549 D SensorHub:  handle_in_sensorlist[15] IS TRUE 
06-21 19:34:23.556   549   549 D SensorHub:  handle_in_sensorlist[16] IS TRUE 
06-21 19:34:23.556   549   549 D SensorHub:  handle_in_sensorlist[17] IS TRUE 
06-21 19:34:23.556   549   549 D SensorHub:  handle_in_sensorlist[18] IS TRUE 
06-21 19:34:23.556   549   549 D SensorHub:  handle_in_sensorlist[20] IS TRUE 
06-21 19:34:23.556   549   549 D SensorHub:  handle_in_sensorlist[21] IS TRUE 
06-21 19:34:23.556   549   549 D SensorHub:  handle_in_sensorlist[22] IS TRUE 
06-21 19:34:23.556   549   549 D SensorHub:  handle_in_sensorlist[24] IS TRUE 
06-21 19:34:23.556   549   549 D SensorHub:  handle_in_sensorlist[25] IS TRUE 
06-21 19:34:23.556   549   549 D SensorHub:  handle_in_sensorlist[26] IS TRUE 
06-21 19:34:23.556   549   549 D SensorHub:  handle_in_sensorlist[27] IS TRUE 
06-21 19:34:23.556   544   544 I ServiceManagement: Removing namespace from process name vendor.huawei.hardware.light@2.0-service to light@2.0-servi.
06-21 19:34:23.556   545   545 D vndksupport: Loading /vendor/lib64/hw/vendor.huawei.hardware.nfc@1.0-impl.so from current namespace instead of sphal namespace.
06-21 19:34:23.557   540   540 I AdjustFreq common: opp_parameter: 
06-21 19:34:23.557   540   540 I AdjustFreq common:  opp_num: 12
06-21 19:34:23.557   540   540 I AdjustFreq common:  opp_cpu: 1018000 , opp_ddr: 0
06-21 19:34:23.557   540   540 I AdjustFreq common:  opp_cpu: 1210000 , opp_ddr: 0
06-21 19:34:23.557   540   540 I AdjustFreq common:  opp_cpu: 1364000 , opp_ddr: 0
06-21 19:34:23.557   540   540 I AdjustFreq common:  opp_cpu: 1498000 , opp_ddr: 0
06-21 19:34:23.557   540   540 I AdjustFreq common:  opp_cpu: 1364000 , opp_ddr: 10000
06-21 19:34:23.557   540   540 I AdjustFreq common:  opp_cpu: 1498000 , opp_ddr: 10000
06-21 19:34:23.557   540   540 I AdjustFreq common:  opp_cpu: 1652000 , opp_ddr: 10000
06-21 19:34:23.557   540   540 I AdjustFreq common:  opp_cpu: 1863000 , opp_ddr: 10000
06-21 19:34:23.557   540   540 I AdjustFreq common:  opp_cpu: 2093000 , opp_ddr: 10000
06-21 19:34:23.557   540   540 I AdjustFreq common:  opp_cpu: 1863000 , opp_ddr: 17913
06-21 19:34:23.557   540   540 I AdjustFreq common:  opp_cpu: 2093000 , opp_ddr: 17913
06-21 19:34:23.557   540   540 I AdjustFreq common:  opp_cpu: 2362000 , opp_ddr: 17913
06-21 19:34:23.557   540   540 I AdjustFreq common: sched_static_parameter: 
06-21 19:34:23.557   540   540 I AdjustFreq common:  window_size: 3
06-21 19:34:23.557   540   540 I AdjustFreq common:  default_opp: 8
06-21 19:34:23.557   540   540 I AdjustFreq common: sched_dynamic_parameter: 
06-21 19:34:23.557   540   540 I AdjustFreq common:  normal_up_threshold is 35000000
06-21 19:34:23.557   540   540 I AdjustFreq common:  normal_down_threshold is 34000000
06-21 19:34:23.557   540   540 I AdjustFreq common:  high_power_up_threshold is 35000000
06-21 19:34:23.557   540   540 I AdjustFreq common:  high_power_down_threshold is 34000000
06-21 19:34:23.557   540   540 I AdjustFreq common:  high_power_pre_opp is 8
06-21 19:34:23.557   540   540 I AdjustFreq common:  fast_ramp_up_threshold is 38000000
06-21 19:34:23.557   540   540 I AdjustFreq common:  fast_ramp_up_step: 3
06-21 19:34:23.557   540   540 I AdjustFreq common:  max_opp: 8
06-21 19:34:23.557   540   540 I AdjustFreq common:  min_opp: 0
06-21 19:34:23.557   540   540 I AdjustFreq common:  normal_up_threshold is 18500000
06-21 19:34:23.557   540   540 I AdjustFreq common:  normal_down_threshold is 17500000
06-21 19:34:23.557   540   540 I AdjustFreq common:  high_power_up_threshold is 18500000
06-21 19:34:23.557   540   540 I AdjustFreq common:  high_power_down_threshold is 18000000
06-21 19:34:23.557   540   540 I AdjustFreq common:  high_power_pre_opp is 8
06-21 19:34:23.557   540   540 I AdjustFreq common:  fast_ramp_up_threshold is 24000000
06-21 19:34:23.557   540   540 I AdjustFreq common:  fast_ramp_up_step: 3
06-21 19:34:23.557   540   540 I AdjustFreq common:  max_opp: 11
06-21 19:34:23.557   540   540 I AdjustFreq common:  min_opp: 0
06-21 19:34:23.557   540   540 I AdjustFreq common:  normal_up_threshold is 17400000
06-21 19:34:23.557   540   540 I AdjustFreq common:  normal_down_threshold is 16800000
06-21 19:34:23.557   540   540 I AdjustFreq common:  high_power_up_threshold is 17500000
06-21 19:34:23.557   540   540 I AdjustFreq common:  high_power_down_threshold is 17000000
06-21 19:34:23.557   540   540 I AdjustFreq common:  high_power_pre_opp is 8
06-21 19:34:23.557   540   540 I AdjustFreq common:  fast_ramp_up_threshold is 24000000
06-21 19:34:23.557   540   540 I AdjustFreq common:  fast_ramp_up_step: 3
06-21 19:34:23.557   540   540 I AdjustFreq common:  max_opp: 11
06-21 19:34:23.557   540   540 I AdjustFreq common:  min_opp: 0
06-21 19:34:23.557   540   540 I AdjustFreq common:  normal_up_threshold is 20000000
06-21 19:34:23.557   540   540 I AdjustFreq common:  normal_down_threshold is 19000000
06-21 19:34:23.557   540   540 I AdjustFreq common:  high_power_up_threshold is 20000000
06-21 19:34:23.557   540   540 I AdjustFreq common:  high_power_down_threshold is 19500000
06-21 19:34:23.557   540   540 I AdjustFreq common:  high_power_pre_opp is 8
06-21 19:34:23.558   540   540 I AdjustFreq common:  fast_ramp_up_threshold is 26000000
06-21 19:34:23.558   540   540 I AdjustFreq common:  fast_ramp_up_step: 2
06-21 19:34:23.558   540   540 I AdjustFreq common:  max_opp: 8
06-21 19:34:23.558   540   540 I AdjustFreq common:  min_opp: 0
06-21 19:34:23.558   540   540 I AdjustFreq common:  normal_up_threshold is 26000000
06-21 19:34:23.558   540   540 I AdjustFreq common:  normal_down_threshold is 24000000
06-21 19:34:23.558   540   540 I AdjustFreq common:  high_power_up_threshold is 26000000
06-21 19:34:23.558   540   540 I AdjustFreq common:  high_power_down_threshold is 24000000
06-21 19:34:23.558   540   540 I AdjustFreq common:  high_power_pre_opp is 8
06-21 19:34:23.558   540   540 I AdjustFreq common:  fast_ramp_up_threshold is 35000000
06-21 19:34:23.558   540   540 I AdjustFreq common:  fast_ramp_up_step: 2
06-21 19:34:23.558   540   540 I AdjustFreq common:  max_opp: 8
06-21 19:34:23.558   540   540 I AdjustFreq common:  min_opp: 0
06-21 19:34:23.558   540   540 I AdjustFreq common: scene_to_sched_map: 
06-21 19:34:23.558   540   540 I AdjustFreq common:  map_from: 3001000 , map_to: 0
06-21 19:34:23.558   540   540 I AdjustFreq common:  map_from: 6001000 , map_to: 1
06-21 19:34:23.558   540   540 I AdjustFreq common:  map_from: 3001001 , map_to: 0
06-21 19:34:23.558   540   540 I AdjustFreq common:  map_from: 6001001 , map_to: 3
06-21 19:34:23.558   540   540 I AdjustFreq common:  map_from: 3001002 , map_to: 0
06-21 19:34:23.558   540   540 I AdjustFreq common:  map_from: 6001002 , map_to: 4
06-21 19:34:23.558   540   540 I AdjustFreq common:  map_from: 3000000 , map_to: 0
06-21 19:34:23.558   540   540 I AdjustFreq common:  map_from: 6000000 , map_to: 2
06-21 19:34:23.558   526   526 I ServiceManagement: Removing namespace from process name android.hardware.memtrack@1.0-service to memtrack@1.0-se.
06-21 19:34:23.558   540   540 I AdjustFreq common:  map_from: 3000001 , map_to: 0
06-21 19:34:23.558   540   540 I AdjustFreq common:  map_from: 6000001 , map_to: 3
06-21 19:34:23.558   540   540 I AdjustFreq common:  map_from: 3000002 , map_to: 0
06-21 19:34:23.558   540   540 I AdjustFreq common:  map_from: 6000002 , map_to: 4
06-21 19:34:23.558   540   540 I AdjustFreq common:  map_from: 3001010 , map_to: 0
06-21 19:34:23.558   540   540 I AdjustFreq common:  map_from: 6001010 , map_to: 1
06-21 19:34:23.558   540   540 I AdjustFreq common:  map_from: 3001011 , map_to: 0
06-21 19:34:23.558   540   540 I AdjustFreq common:  map_from: 6001011 , map_to: 3
