06-21 19:34:28.828   531   705 D dsp_codec_ctl: dsp_type:hi6403_2spk dsp_img_list[3]:hi6403_2spk
06-21 19:34:28.828   531   705 I dsp_codec_ctl: get_smartpakit_dsp_image: use new smartpakit related img
06-21 19:34:28.828   531   705 D dsp_codec_ctl: dsp_img_name:hifi_6403_imedia_devkit.img
06-21 19:34:28.828   531   705 D dsp_codec_ctl: wakeup_hisi_enable enter
06-21 19:34:28.828   531   705 D dsp_codec_ctl: wakeup_hisi_enable get dts success
06-21 19:34:28.834   926   926 I crash_dump64: obtaining output fd from tombstoned, type: kDebuggerdTombstone
06-21 19:34:28.834   610   610 I /system/bin/tombstoned: received crash request for pid 884
06-21 19:34:28.835   926   926 I crash_dump64: performing dump of process 884 (target tid = 884)
06-21 19:34:28.835   926   926 F DEBUG   : *** *** *** *** *** *** *** *** *** *** *** *** *** *** *** ***
06-21 19:34:28.835   926   926 F DEBUG   : Build fingerprint: 'HUAWEI/CLT-L29/HWCLT:8.1.0/HUAWEICLT-L29/128(C432):user/release-keys'
06-21 19:34:28.836   926   926 F DEBUG   : Revision: '0'
06-21 19:34:28.836   926   926 F DEBUG   : ABI: 'arm64'
06-21 19:34:28.836   926   926 F DEBUG   : pid: 884, tid: 884, name: main  >>> zygote64 <<<
06-21 19:34:28.836   926   926 F DEBUG   : signal 6 (SIGABRT), code -6 (SI_TKILL), fault addr --------
06-21 19:34:28.838   926   926 F DEBUG   : Abort message: 'jni_internal.cc:593] JNI FatalError called: frameworks/base/core/jni/com_android_internal_os_Zygote.cpp:523: Unable to construct file descriptor table.'
06-21 19:34:28.838   926   926 F DEBUG   :     x0   0000000000000000  x1   0000000000000374  x2   0000000000000006  x3   0000000000000008
06-21 19:34:28.838   926   926 F DEBUG   :     x4   0000000000000000  x5   0000000000000000  x6   0000000000000000  x7   0080808080808080
06-21 19:34:28.838   926   926 F DEBUG   :     x8   0000000000000083  x9   0000000010000000  x10  0000007fc2a8b3b0  x11  0000000000000001
06-21 19:34:28.838   926   926 F DEBUG   :     x12  0000007fc2a8aea8  x13  0000000000000008  x14  ffffffffffffffff  x15  00000eb660b54bb1
06-21 19:34:28.838   926   926 F DEBUG   :     x16  0000005fb4e54fa8  x17  0000007880eac52c  x18  0000000000000008  x19  0000000000000374
06-21 19:34:28.838   926   926 F DEBUG   :     x20  0000000000000374  x21  0000000000000083  x22  00000077fe6a5400  x23  00000078832bda40
06-21 19:34:28.838   926   926 F DEBUG   :     x24  0000007fc2a8b449  x25  0000000000000048  x26  0000000000000091  x27  0000000000000082
06-21 19:34:28.838   926   926 F DEBUG   :     x28  000000787ede70a0  x29  0000007fc2a8b3f0  x30  0000007880e61760
06-21 19:34:28.838   926   926 F DEBUG   :     sp   0000007fc2a8b3b0  pc   0000007880e61788  pstate 0000000060000000
06-21 19:34:28.849   926   926 F DEBUG   : 
06-21 19:34:28.849   926   926 F DEBUG   : backtrace:
06-21 19:34:28.849   926   926 F DEBUG   :     #00 pc 000000000001d788  /system/lib64/libc.so (abort+120)
06-21 19:34:28.849   926   926 F DEBUG   :     #01 pc 0000000000475af0  /system/lib64/libart.so (art::Runtime::Abort(char const*)+552)
06-21 19:34:28.849   926   926 F DEBUG   :     #02 pc 000000000056b3ec  /system/lib64/libart.so (android::base::LogMessage::~LogMessage()+1004)
06-21 19:34:28.849   926   926 F DEBUG   :     #03 pc 0000000000341eb8  /system/lib64/libart.so (art::JNI::FatalError(_JNIEnv*, char const*)+192)
06-21 19:34:28.849   926   926 F DEBUG   :     #04 pc 0000000000175794  /system/lib64/libandroid_runtime.so ((anonymous namespace)::RuntimeAbort(_JNIEnv*, int, char const*)+392)
06-21 19:34:28.849   926   926 F DEBUG   :     #05 pc 0000000000175b38  /system/lib64/libandroid_runtime.so ((anonymous namespace)::ForkAndSpecializeCommon(_JNIEnv*, unsigned int, unsigned int, _jintArray*, int, _jobjectArray*, long, long, int, _jstring*, _jstring*, bool, _jintArray*, _jintArray*, _jstring*, _jstring*)+792)
06-21 19:34:28.849   926   926 F DEBUG   :     #06 pc 0000000000174f08  /system/lib64/libandroid_runtime.so (android::com_android_internal_os_Zygote_nativeForkSystemServer(_JNIEnv*, _jclass*, unsigned int, unsigned int, _jintArray*, int, _jobjectArray*, long, long)+92)
06-21 19:34:28.849   926   926 F DEBUG   :     #07 pc 0000000001650a1c  /system/framework/arm64/boot-framework.oat (offset 0x616000)
06-21 19:34:28.885   926   926 E crash_dump64: unable to connect to activity manager: Connection refused
06-21 19:34:28.885   610   610 E /system/bin/tombstoned: Tombstone written to: /data/tombstones/tombstone_08
06-21 19:34:28.913   409   409 I ServiceManager: service 'media.audio_flinger' died
06-21 19:34:28.918   409   409 I ServiceManager: service 'media.camera' died
06-21 19:34:28.924   409   409 I ServiceManager: service 'media.player' died
06-21 19:34:28.924   409   409 I ServiceManager: service 'media.resource_manager' died
06-21 19:34:28.929   409   409 I ServiceManager: service 'netd' died
06-21 19:34:28.929   410   410 E hw-IPCThreadState: attemptIncStrongHandle(78): Not supported
06-21 19:34:28.930   410   410 I chatty  : uid=1000(system) hwservicemanage identical 60 lines
06-21 19:34:28.930   410   410 E hw-IPCThreadState: attemptIncStrongHandle(78): Not supported
06-21 19:34:28.934   409   409 I ServiceManager: service 'wificond' died
06-21 19:34:29.658   531   705 I dsp_codec_ctl: codec_adsp_send_sync_cmd:ioctl ret=0
06-21 19:34:29.658   531   705 I spk_dev_interface: spk_set_calibration_value: use new smartpakit version
06-21 19:34:29.658   531   705 I audio_maintain_tools: asd_open: DLOPEN successful for libasd.so
06-21 19:34:29.658   531   705 I asd     : [asd_dev_open] enter 
06-21 19:34:29.658   531   705 I asd     : [audio_stream_detect_init] set log_freq_level = 5, the maxim level = 1.
06-21 19:34:29.658   531   705 I asd     : [audio_stream_detect_init] init succ.
06-21 19:34:29.658   531   705 I asd     : [ringtone_detect_init] init succ.
06-21 19:34:29.658   531   705 D asd     : [audio_pop_detect_init] enter
06-21 19:34:29.659   531   705 E asd     : open dts file failed! May not need in this case
06-21 19:34:29.659   531   705 E asd     : open dts file failed! May not need in this case
06-21 19:34:29.659   531   705 I asd     : audio_pop_detect_init: use default max_filter=500.000000
06-21 19:34:29.659   531   705 E asd     : open dts file failed! May not need in this case
06-21 19:34:29.659   531   705 I asd     : audio_pop_detect_init: use default threshold=0.450000
06-21 19:34:29.659   531   705 I asd     : audio_pop_detect_init: is open pop_test :1
06-21 19:34:29.659   531   705 I asd     : [asd_dev_open] exit 
06-21 19:34:29.659   531   705 I audio_hw_primary: create_offload_standby_thread
06-21 19:34:29.659   531   705 I audio_hw_primary: create_direct_standby_thread
06-21 19:34:29.659   531   705 I audio_hw_primary: soundtrigger_dev_open: filename is /system/vendor/lib64/hw/sound_trigger.primary.default.so
06-21 19:34:29.659   531   705 I audio_hw_primary: not support multi mic
06-21 19:34:29.659   531   931 D asd     : asd_loop start.....
06-21 19:34:29.659   531   705 D dsp_interface: dsp_set_cvaa_mono_channel: val = 0
06-21 19:34:29.659   531   932 I audio_hw_primary: offload_standby_loop: standby loop start...
06-21 19:34:29.659   531   705 I dsp_soc : soc_dsp_set_cvaa_mono_channel succ (msg_id 0xdd9c, value 0)
06-21 19:34:29.659   531   933 I audio_hw_primary: direct_standby_loop: standby loop start...
06-21 19:34:29.659   531   705 I audio_hw_primary: adev_close
06-21 19:34:29.659   531   705 I audio_hw_primary: do_out_standby standby: 1, stream_type: 4,  out_device: 0
06-21 19:34:29.659   531   705 I audio_hw_primary: do_out_standby standby: 1, stream_type: 5,  out_device: 0
06-21 19:34:29.659   531   705 I audio_hw_primary: do_out_standby standby: 1, stream_type: 6,  out_device: 0
06-21 19:34:29.659   531   705 I audio_hw_primary: do_out_standby standby: 1, stream_type: 7,  out_device: 0
06-21 19:34:29.659   531   705 I audio_hw_primary: destroy_offload_standby_thread
06-21 19:34:29.659   531   932 I audio_hw_primary: offload_standby_loop: wait standby_cond succ
06-21 19:34:29.669   531   932 E audio_hw_primary: offload_standby_loop: adev->outputs[OUTPUT_OFFLOAD] is NULL
06-21 19:34:29.669   531   932 I audio_hw_primary: offload_standby_loop: standby loop exit...
06-21 19:34:29.669   531   705 I audio_hw_primary: destroy_direct_standby_thread
06-21 19:34:29.670   531   933 I audio_hw_primary: direct_standby_loop: wait standby_cond succ
06-21 19:34:29.680   531   933 E audio_hw_primary: direct_standby_loop: adev->outputs[OUTPUT_DIRECT] is NULL
06-21 19:34:29.680   531   933 I audio_hw_primary: direct_standby_loop: standby loop exit...
06-21 19:34:29.680   531   705 I audio_hw_primary: do_out_standby standby: 1, stream_type: 4,  out_device: 0
06-21 19:34:29.680   531   705 I audio_hw_primary: do_out_standby standby: 1, stream_type: 5,  out_device: 0
06-21 19:34:29.680   531   705 I audio_hw_primary: do_out_standby standby: 1, stream_type: 6,  out_device: 0
06-21 19:34:29.680   531   705 I audio_hw_primary: do_out_standby standby: 1, stream_type: 7,  out_device: 0
06-21 19:34:29.680   531   705 D dsp_interface: dsp_close:
06-21 19:34:29.680   531   705 I dsp_soc_ctl: dsp_soc_ctl_close++
06-21 19:34:29.680   531   705 I dsp_soc_ctl: close /dev/hifi_misc.
06-21 19:34:29.680   531   705 I dsp_soc_ctl: dsp_soc_ctl_close--
06-21 19:34:29.680   531   705 I spk_dev_interface: spk_dev_close: use new smartpakit version
06-21 19:34:29.680   531   705 I smartpakit: smartpakit close
06-21 19:34:33.246   937   937 I Netd    : Netd 1.0 starting
06-21 19:34:33.246   937   937 D TetherController: Setting IP forward enable = 0
06-21 19:34:33.256   937   937 I Netd    : Creating child chains: 6.2ms
06-21 19:34:33.256   937   937 I Netd    : Setting up OEM hooks: 0.1ms
06-21 19:34:33.259   937   937 I Netd    : Setting up FirewallController hooks: 2.1ms
06-21 19:34:33.260   937   937 I Netd    : Setting up NatController hooks: 1.3ms
06-21 19:34:33.261   937   937 I Netd    : Setting up BandwidthController hooks: 0.9ms
06-21 19:34:33.261   937   937 I Netd    : Setting up IdletimerController hooks: 0.0ms
06-21 19:34:33.263   937   937 I Netd    : Disabling bandwidth control: 2.0ms
06-21 19:34:33.263   937   937 E Netd    : Error adding route 0.0.0.0/0 -> (null) dummy0 to table 1002: File exists
06-21 19:34:33.263   937   937 I Netd    : Initializing RouteController: 0.8ms
06-21 19:34:33.264   937   937 D MDnsDS  : MDnsSdListener::Hander starting up
06-21 19:34:33.264   937   947 D MDnsDS  : MDnsSdListener starting to monitor
06-21 19:34:33.264   937   947 D MDnsDS  : Going to poll with pollCount 1
06-21 19:34:33.265   937   937 I Netd    : Registering NetdNativeService: 0.7ms
06-21 19:34:33.265   937   937 I Netd    : Starting CommandListener: 0.1ms
06-21 19:34:33.267   937   937 I Netd    : Registering NetdHwService: 1.7ms
06-21 19:34:33.267   937   937 I Netd    : Netd started in 21ms
06-21 19:34:33.373   954   954 D vndksupport: Loading /vendor/lib64/hw/vendor.huawei.hardware.hisupl@1.0-impl.so from current namespace instead of sphal namespace.
06-21 19:34:33.374   954   954 D vndksupport: Loading /vendor/lib64/hw/hisupl.hi1102.default.so from current namespace instead of sphal namespace.
06-21 19:34:33.374   954   954 E HAL     : load: id=hisupl.hi1102 != hmi->id=hisupl
06-21 19:34:33.374   954   954 E HiSuplHAL_HiSuplInterface: supl hw_get_module hisupl failed: -22
06-21 19:34:33.374   954   954 E venodr.huawei.hardware.hisupl@1.0-service: Could not get passthrough implementation for vendor.huawei.hardware.hisupl@1.0::ISuplclienttoserverInterface/default.
06-21 19:34:33.395   938   938 D AndroidRuntime: >>>>>> START com.android.internal.os.ZygoteInit uid 0 <<<<<<
06-21 19:34:33.398   938   938 I zygote64: option[0]=-Xzygote
06-21 19:34:33.398   938   938 I zygote64: option[1]=-Xusetombstonedtraces
06-21 19:34:33.398   938   938 I zygote64: option[2]=exit
06-21 19:34:33.398   938   938 I zygote64: option[3]=vfprintf
06-21 19:34:33.398   938   938 I zygote64: option[4]=sensitiveThread
06-21 19:34:33.398   938   938 I zygote64: option[5]=-verbose:gc
06-21 19:34:33.398   938   938 I zygote64: option[6]=-Xms8m
06-21 19:34:33.398   938   938 I zygote64: option[7]=-Xmx512m
06-21 19:34:33.398   938   938 I zygote64: option[8]=-XX:HeapGrowthLimit=384m
06-21 19:34:33.398   938   938 I zygote64: option[9]=-XX:HeapMinFree=2m
06-21 19:34:33.398   938   938 I zygote64: option[10]=-XX:HeapMaxFree=8m
06-21 19:34:33.398   938   938 I zygote64: option[11]=-XX:HeapTargetUtilization=0.75
06-21 19:34:33.398   938   938 I zygote64: option[12]=-Xusejit:true
06-21 19:34:33.398   938   938 I zygote64: option[13]=-Xjitsaveprofilinginfo
06-21 19:34:33.398   938   938 I zygote64: option[14]=-agentlib:jdwp=transport=dt_android_adb,suspend=n,server=y
06-21 19:34:33.398   938   938 I zygote64: option[15]=-Xlockprofthreshold:500
06-21 19:34:33.398   938   938 I zygote64: option[16]=-Ximage-compiler-option
06-21 19:34:33.398   938   938 I zygote64: option[17]=--runtime-arg
06-21 19:34:33.398   938   938 I zygote64: option[18]=-Ximage-compiler-option
06-21 19:34:33.398   938   938 I zygote64: option[19]=-Xms64m
06-21 19:34:33.398   938   938 I zygote64: option[20]=-Ximage-compiler-option
06-21 19:34:33.398   938   938 I zygote64: option[21]=--runtime-arg
06-21 19:34:33.398   938   938 I zygote64: option[22]=-Ximage-compiler-option
06-21 19:34:33.398   938   938 I zygote64: option[23]=-Xmx64m
06-21 19:34:33.398   938   938 I zygote64: option[24]=-Ximage-compiler-option
06-21 19:34:33.398   938   938 I zygote64: option[25]=--image-classes=/system/etc/preloaded-classes
06-21 19:34:33.398   938   938 I zygote64: option[26]=-Ximage-compiler-option
06-21 19:34:33.398   938   938 I zygote64: option[27]=--compiled-classes=/system/etc/compiled-classes
06-21 19:34:33.398   938   938 I zygote64: option[28]=-Ximage-compiler-option
06-21 19:34:33.398   938   938 I zygote64: option[29]=--dirty-image-objects=/system/etc/dirty-image-objects
06-21 19:34:33.398   938   938 I zygote64: option[30]=-Xcompiler-option
06-21 19:34:33.398   938   938 I zygote64: option[31]=--runtime-arg
06-21 19:34:33.399   938   938 I zygote64: option[32]=-Xcompiler-option
06-21 19:34:33.399   938   938 I zygote64: option[33]=-Xms64m
06-21 19:34:33.399   938   938 I zygote64: option[34]=-Xcompiler-option
06-21 19:34:33.399   938   938 I zygote64: option[35]=--runtime-arg
06-21 19:34:33.399   938   938 I zygote64: option[36]=-Xcompiler-option
06-21 19:34:33.399   938   938 I zygote64: option[37]=-Xmx512m
06-21 19:34:33.399   938   938 I zygote64: option[38]=-Xcompiler-option
06-21 19:34:33.399   938   938 I zygote64: option[39]=-j4
06-21 19:34:33.399   938   938 I zygote64: option[40]=-Ximage-compiler-option
06-21 19:34:33.399   938   938 I zygote64: option[41]=-j4
06-21 19:34:33.399   938   938 I zygote64: option[42]=-Ximage-compiler-option
06-21 19:34:33.399   938   938 I zygote64: option[43]=--instruction-set-variant=generic
06-21 19:34:33.399   938   938 I zygote64: option[44]=-Xcompiler-option
06-21 19:34:33.399   938   938 I zygote64: option[45]=--instruction-set-variant=generic
06-21 19:34:33.399   938   938 I zygote64: option[46]=-Ximage-compiler-option
06-21 19:34:33.399   938   938 I zygote64: option[47]=--instruction-set-features=default
06-21 19:34:33.399   938   938 I zygote64: option[48]=-Xcompiler-option
06-21 19:34:33.399   938   938 I zygote64: option[49]=--instruction-set-features=default
06-21 19:34:33.399   938   938 I zygote64: option[50]=-Duser.locale=el-GR
06-21 19:34:33.399   938   938 I zygote64: option[51]=--cpu-abilist=arm64-v8a
06-21 19:34:33.399   938   938 I zygote64: option[52]=-Xfingerprint:HUAWEI/CLT-L29/HWCLT:8.1.0/HUAWEICLT-L29/128(C432):user/release-keys
06-21 19:34:33.477   938   938 D Zygote  : begin preload
06-21 19:34:33.477   938   938 I Zygote  : Installing ICU cache reference pinning...
06-21 19:34:33.478   938   938 I Zygote  : Preloading ICU data...
06-21 19:34:33.481   938   938 E System  : Unable to open boot classpath entry: /system/framework/telephony-ext.jar
06-21 19:34:33.481   938   938 E System  : java.io.FileNotFoundException: File doesn't exist: /system/framework/telephony-ext.jar
06-21 19:34:33.481   938   938 E System  : 	at java.util.zip.ZipFile.<init>(ZipFile.java:212)
06-21 19:34:33.481   938   938 E System  : 	at java.util.zip.ZipFile.<init>(ZipFile.java:149)
06-21 19:34:33.481   938   938 E System  : 	at java.util.jar.JarFile.<init>(JarFile.java:160)
06-21 19:34:33.481   938   938 E System  : 	at java.util.jar.JarFile.<init>(JarFile.java:97)
06-21 19:34:33.481   938   938 E System  : 	at libcore.io.ClassPathURLStreamHandler.<init>(ClassPathURLStreamHandler.java:47)
06-21 19:34:33.481   938   938 E System  : 	at java.lang.VMClassLoader.createBootClassPathUrlHandlers(VMClassLoader.java:49)
06-21 19:34:33.481   938   938 E System  : 	at java.lang.VMClassLoader.<clinit>(VMClassLoader.java:32)
06-21 19:34:33.481   938   938 E System  : 	at java.lang.BootClassLoader.findResource(ClassLoader.java:1360)
06-21 19:34:33.481   938   938 E System  : 	at java.lang.BootClassLoader.getResource(ClassLoader.java:1406)
06-21 19:34:33.481   938   938 E System  : 	at java.lang.ClassLoader.getResourceAsStream(ClassLoader.java:987)
06-21 19:34:33.481   938   938 E System  : 	at android.icu.impl.ICUData.getStream(ICUData.java:142)
06-21 19:34:33.481   938   938 E System  : 	at android.icu.impl.ICUBinary.getData(ICUBinary.java:499)
06-21 19:34:33.481   938   938 E System  : 	at android.icu.impl.ICUBinary.getData(ICUBinary.java:441)
06-21 19:34:33.481   938   938 E System  : 	at android.icu.impl.ICUResourceBundleReader$ReaderCache.createInstance(ICUResourceBundleReader.java:190)
06-21 19:34:33.481   938   938 E System  : 	at android.icu.impl.ICUResourceBundleReader$ReaderCache.createInstance(ICUResourceBundleReader.java:180)
06-21 19:34:33.481   938   938 E System  : 	at android.icu.impl.SoftCache.getInstance(SoftCache.java:71)
06-21 19:34:33.481   938   938 E System  : 	at android.icu.impl.ICUResourceBundleReader.getReader(ICUResourceBundleReader.java:234)
06-21 19:34:33.481   938   938 E System  : 	at android.icu.impl.ICUResourceBundle.createBundle(ICUResourceBundle.java:1284)
06-21 19:34:33.481   938   938 E System  : 	at android.icu.impl.ICUResourceBundle$4.load(ICUResourceBundle.java:1157)
06-21 19:34:33.481   938   938 E System  : 	at android.icu.impl.ICUResourceBundle$1.createInstance(ICUResourceBundle.java:96)
06-21 19:34:33.481   938   938 E System  : 	at android.icu.impl.ICUResourceBundle$1.createInstance(ICUResourceBundle.java:94)
06-21 19:34:33.481   938   938 E System  : 	at android.icu.impl.SoftCache.getInstance(SoftCache.java:71)
06-21 19:34:33.481   938   938 E System  : 	at android.icu.impl.ICUResourceBundle.instantiateBundle(ICUResourceBundle.java:1144)
06-21 19:34:33.481   938   938 E System  : 	at android.icu.impl.ICUResourceBundle.getBundleInstance(ICUResourceBundle.java:1117)
06-21 19:34:33.481   938   938 E System  : 	at android.icu.impl.ICUResourceBundle.getBundleInstance(ICUResourceBundle.java:1105)
06-21 19:34:33.481   938   938 E System  : 	at android.icu.impl.ICUCurrencyDisplayInfoProvider.getInstance(ICUCurrencyDisplayInfoProvider.java:40)
06-21 19:34:33.481   938   938 E System  : 	at android.icu.text.DecimalFormatSymbols.initialize(DecimalFormatSymbols.java:1232)
06-21 19:34:33.481   938   938 E System  : 	at android.icu.text.DecimalFormatSymbols.<init>(DecimalFormatSymbols.java:71)
06-21 19:34:33.481   938   938 E System  : 	at com.android.internal.os.ZygoteInit.beginIcuCachePinning(ZygoteInit.java:170)
06-21 19:34:33.481   938   938 E System  : 	at com.android.internal.os.ZygoteInit.preload(ZygoteInit.java:125)
06-21 19:34:33.481   938   938 E System  : 	at com.android.internal.os.ZygoteInit.main(ZygoteInit.java:755)
06-21 19:34:33.482   938   938 D Zygote64Timing: BeginIcuCachePinning took to complete: 4ms
06-21 19:34:33.482   938   938 I Zygote  : Preloading classes...
06-21 19:34:33.548   938   938 E ActivityRecognitionHardware: activity_recognition HAL is deprecated. class_init is effectively a no-op
06-21 19:34:33.554   938   938 W Zygote  : Class not found for preloading: android.icu.impl.number.Parse
06-21 19:34:33.558   938   938 I zygote64: Thread[1,tid=938,Native,Thread*=0x75366bfa00,peer=0x12c01e60,"main"] recursive attempt to load library "/system/lib64/libmedia_jni.so"
06-21 19:34:33.558   938   938 D MtpDeviceJNI: register_android_mtp_MtpDevice
06-21 19:34:33.558   938   938 I zygote64: Thread[1,tid=938,Native,Thread*=0x75366bfa00,peer=0x12c01e60,"main"] recursive attempt to load library "/system/lib64/libmedia_jni.so"
06-21 19:34:33.558   938   938 I zygote64: Thread[1,tid=938,Native,Thread*=0x75366bfa00,peer=0x12c01e60,"main"] recursive attempt to load library "/system/lib64/libmedia_jni.so"
06-21 19:34:33.593   938   938 I Zygote  : ...preloaded 4715 classes in 111ms.
06-21 19:34:33.593   938   938 I zygote64: VMRuntime.preloadDexCaches starting
06-21 19:34:33.617   962   962 I wificond: wificond is starting up...
06-21 19:34:33.619   938   938 I zygote64: VMRuntime.preloadDexCaches strings total=314751 before=10385 after=10385
06-21 19:34:33.619   938   938 I zygote64: VMRuntime.preloadDexCaches types total=26744 before=5506 after=5508
06-21 19:34:33.619   938   938 I zygote64: VMRuntime.preloadDexCaches fields total=127763 before=5508 after=5538
06-21 19:34:33.619   938   938 I zygote64: VMRuntime.preloadDexCaches methods total=226083 before=9965 after=9965
06-21 19:34:33.619   938   938 I zygote64: VMRuntime.preloadDexCaches finished
06-21 19:34:33.619   938   938 D Zygote64Timing: PreloadClasses took to complete: 137ms
06-21 19:34:33.632   938   938 I Zygote  : Preloading resources...
06-21 19:34:33.636   938   938 W Resources: Preloaded drawable resource #0x1080264 (android:drawable/dialog_background_material) that varies with configuration!!
06-21 19:34:33.642   959   959 I FastMixerState: sMaxFastTracks = 8
06-21 19:34:33.643   959   959 I audioserver: ServiceManager: 0xe6818700
06-21 19:34:33.643   959   959 W BatteryNotifier: batterystats service unavailable!
06-21 19:34:33.644   938   938 I Zygote  : ...preloaded 64 resources in 12ms.
06-21 19:34:33.645   938   938 W Resources: Preloaded color resource #0x1060053 (android:color/btn_default_material_dark) that varies with configuration!!
06-21 19:34:33.645   938   938 I Zygote  : ...preloaded 41 resources in 1ms.
06-21 19:34:33.646   938   938 D Zygote64Timing: PreloadResources took to complete: 27ms
06-21 19:34:33.646   959   959 I AudioFlinger: Using default 3000 mSec as standby time.
06-21 19:34:33.647   959   959 E APM::Serializer: deserialize: Could not parse /odm/etc/audio_policy_configuration.xml document.
06-21 19:34:33.651   531   705 D vndksupport: Loading /vendor/lib64/hw/audio.primary.hisi.so from current namespace instead of sphal namespace.
06-21 19:34:33.652   531   705 I audio_hw_primary: adev_open:
06-21 19:34:33.652   531   705 I audio_hw_primary: offload mode is enable
06-21 19:34:33.663   938   938 D libEGL  : loaded /vendor/lib64/egl/libGLES_mali.so
06-21 19:34:33.675   531   705 I audio_hw_primary: lowlatency mode is disable
06-21 19:34:33.681   938   938 I Zygote  : Preloading shared libraries...
06-21 19:34:33.683   372   372 E         : pid 531, opration oeminfo_read OK
06-21 19:34:33.683   372   372 E         : 
06-21 19:34:33.684   531   705 I audio_config: get_vendor_info: vendor_country_info = hw/eu
06-21 19:34:33.685   531   705 V audio_common: get value success, value:CHARLOTTE
06-21 19:34:33.685   961   961 I mediaserver: ServiceManager: 0xe8818800
06-21 19:34:33.685   531   705 I audio_config: parse_dtsi_to_string: get dtsi CHARLOTTE succ
06-21 19:34:33.685   531   705 V audio_common: get value success, value:audio_custom
06-21 19:34:33.685   531   705 I audio_config: parse_dtsi_to_string: get dtsi audio_custom succ
06-21 19:34:33.685   531   705 V audio_common: get value success, value:smartpakit
06-21 19:34:33.685   531   705 I audio_config: parse_dtsi_to_string: get dtsi smartpakit succ
06-21 19:34:33.685   531   705 W audio_common: open dts file failed! May not need in this case
06-21 19:34:33.685   531   705 W audio_config: parse_dtsi_to_string: get dtsi from /proc/device-tree/audio_hw_config/hs_pa_name fail, set none as default
06-21 19:34:33.685   531   705 V audio_common: get value success, value:smartpakit
06-21 19:34:33.685   531   705 I audio_config: parse_dtsi_to_string: get dtsi smartpakit succ
06-21 19:34:33.685   531   705 V audio_common: get value success, value:hi363x
06-21 19:34:33.685   531   705 I audio_config: parse_dtsi_to_string: get dtsi hi363x succ
06-21 19:34:33.685   531   705 V audio_common: get value success, value:hi6403
06-21 19:34:33.685   531   705 I audio_config: parse_dtsi_to_string: get dtsi hi6403 succ
06-21 19:34:33.685   531   705 W audio_common: open dts file failed! May not need in this case
06-21 19:34:33.685   531   705 W audio_config: parse_dtsi_to_string: get dtsi from /proc/device-tree/audio_hw_config/mic_name fail, set none as default
06-21 19:34:33.685   531   705 V audio_common: get value success, value:false
06-21 19:34:33.685   531   705 I audio_config: parse_dtsi_to_bool: get dtsi from path /proc/device-tree/audio_hw_config/modem_sio_master succ, value = flase
06-21 19:34:33.685   531   705 V audio_common: get value success, value:true
06-21 19:34:33.685   961   961 W BatteryNotifier: batterystats service unavailable!
06-21 19:34:33.685   531   705 I audio_config: parse_dtsi_to_bool: get dtsi from path /proc/device-tree/audio_hw_config/vqm_enable succ, value = true
06-21 19:34:33.685   531   705 V audio_common: get value success, value:true
06-21 19:34:33.685   531   705 I audio_config: parse_dtsi_to_bool: get dtsi from path /proc/device-tree/audio_hw_config/audio_capability/bwe_support succ, value = true
06-21 19:34:33.685   531   705 V audio_common: get value success, value:true
06-21 19:34:33.685   531   705 I audio_config: parse_dtsi_to_bool: get dtsi from path /proc/device-tree/audio_hw_config/audio_capability/swb_support succ, value = true
06-21 19:34:33.685   531   705 V audio_common: get value success, value:false
06-21 19:34:33.685   531   705 I audio_config: parse_dtsi_to_bool: get dtsi from path /proc/device-tree/audio_hw_config/multi_mic_enable succ, value = flase
06-21 19:34:33.685   531   705 V audio_common: get value success, value:true
06-21 19:34:33.685   531   705 I audio_config: parse_dtsi_to_bool: get dtsi from path /proc/device-tree/audio_hw_config/audio_capability/dual_smartpa_support succ, value = true
06-21 19:34:33.685   531   705 V audio_common: get value success, value:2.0
06-21 19:34:33.685   531   705 I audio_config: get_dual_smartpa_version: get dual_smartpa_verison = 2.0 succ.
06-21 19:34:33.685   531   705 V audio_common: get value success, value:false
06-21 19:34:33.685   531   705 I audio_config: parse_dtsi_to_bool: get dtsi from path /proc/device-tree/audio_hw_config/audio_capability/voice_anc_support succ, value = flase
06-21 19:34:33.685   531   705 V audio_common: get value success, value:true
06-21 19:34:33.685   531   705 I audio_config: parse_dtsi_to_bool: get dtsi from path /proc/device-tree/audio_hw_config/audio_capability/visualizer_support succ, value = true
06-21 19:34:33.685   531   705 V audio_common: get value success, value:true
06-21 19:34:33.685   531   705 I audio_config: parse_dtsi_to_bool: get dtsi from path /proc/device-tree/audio_hw_config/asr_enable succ, value = true
06-21 19:34:33.685   531   705 V audio_common: get value success, value:2.0
06-21 19:34:33.686   531   705 I audio_config: get_soundtrigger_configs: get soundtrigger feature enable succ, soundtrigger_enable = 1
06-21 19:34:33.686   531   705 W audio_common: open dts file failed! May not need in this case
06-21 19:34:33.686   531   705 V audio_common: get value success, value:speaker
06-21 19:34:33.686   531   705 I audio_config: get_speaker_test_content: get speaker_test_content succ, speaker_test_content = speaker
06-21 19:34:33.686   531   705 V audio_common: get value success, value:1
06-21 19:34:33.686   531   705 I audio_config: parse_dtsi_to_int: get dtsi from /proc/device-tree/audio_hw_config/smartpa_info/pa_num = 1 succ
06-21 19:34:33.686   531   705 V audio_common: get value success, value:0
06-21 19:34:33.686   531   705 I audio_config: parse_dtsi_to_int: get dtsi from /proc/device-tree/audio_hw_config/smartpa_info/algo_in = 0 succ
06-21 19:34:33.686   531   705 V audio_common: get value success, value:0001
06-21 19:34:33.686   531   705 I audio_config: get_smartpa_info: get smartpa_info pa_type succ, pa_type = 1
06-21 19:34:33.686   531   705 V audio_common: get value success, value:true
06-21 19:34:33.686   531   705 I audio_config: parse_dtsi_to_bool: get dtsi from path /proc/device-tree/audio_hw_config/audio_sar_support succ, value = true
06-21 19:34:33.686   531   705 I audio_config: max voice volume uses prop ro.config.vol_steps: 15
06-21 19:34:33.686   531   705 I audio_config: use max voice volume 15
06-21 19:34:33.686   531   705 V audio_common: get value success, value:false
06-21 19:34:33.686   531   705 I audio_config: parse_dtsi_to_bool: get dtsi from path /proc/device-tree/audio_hw_config/analog_earpiece_enable succ, value = flase
06-21 19:34:33.686   531   705 W audio_common: open dts file failed! May not need in this case
06-21 19:34:33.686   531   705 W audio_config: parse_dtsi_to_bool: get dtsi from path /proc/device-tree/audio_hw_config/codec_stub fail, set value as false
06-21 19:34:33.686   531   705 W audio_common: open dts file failed! May not need in this case
06-21 19:34:33.686   531   705 W audio_config: parse_dtsi_to_bool: get dtsi from path /proc/device-tree/audio_hw_config/karaoke_mic_conf_support fail, set value as false
06-21 19:34:33.686   531   705 W audio_common: open dts file failed! May not need in this case
06-21 19:34:33.686   531   705 W audio_common: open dts file failed! May not need in this case
06-21 19:34:33.686   531   705 W audio_config: parse_dtsi_to_bool: get dtsi from path /proc/device-tree/audio_hw_config/hifi_info/extern_headset_hifi_enable fail, set value as false
06-21 19:34:33.686   531   705 V audio_common: get value success, value:1
06-21 19:34:33.686   531   705 I audio_config: parse_dtsi_to_int: get dtsi from /proc/device-tree/audio_hw_config/hifi_info/dsp_voice_vol_control = 1 succ
06-21 19:34:33.686   531   705 W audio_common: open dts file failed! May not need in this case
06-21 19:34:33.686   531   705 W audio_config: parse_dtsi_to_bool: get dtsi from path /proc/device-tree/audio_hw_config/hifi_info/dynamic_samplerate_support fail, set value as false
06-21 19:34:33.686   531   705 W audio_common: open dts file failed! May not need in this case
06-21 19:34:33.686   531   705 W audio_config: parse_dtsi_to_bool: get dtsi from path /proc/device-tree/audio_hw_config/hifi_info/highperform_lowpower_support fail, set value as false
06-21 19:34:33.686   531   705 W audio_common: open dts file failed! May not need in this case
06-21 19:34:33.686   531   705 W audio_config: parse_dtsi_to_bool: get dtsi from path /proc/device-tree/audio_hw_config/hifi_info/digital_voice_wakeup_enable fail, set value as false
06-21 19:34:33.686   531   705 W audio_common: open dts file failed! May not need in this case
06-21 19:34:33.686   531   705 W audio_config: parse_dtsi_to_bool: get dtsi from path /proc/device-tree/audio_hw_config/pa_alg_bypass fail, set value as false
06-21 19:34:33.686   531   705 I audio_config: get_ce_normal_para: ce_normal_para = ce
06-21 19:34:33.686   531   705 I audio_hw_primary: codec_init: paths_xml is /odm/etc/audio/hi6403/mixer_paths_CHARLOTTE.xml
06-21 19:34:33.687   531   972 E audio_hw_primary: UEVENT  init fail
06-21 19:34:33.687   938   938 I Zygote  : Uninstalled ICU cache reference pinning...
06-21 19:34:33.688   938   938 I Zygote  : Installed AndroidKeyStoreProvider in 1ms.
06-21 19:34:33.692   938   938 I Zygote  : Warmed up JCA providers in 4ms.
06-21 19:34:33.692   938   938 D Zygote  : end preload
06-21 19:34:33.692   938   938 D Zygote64Timing: ZygotePreload took to complete: 215ms
06-21 19:34:33.701   938   938 I zygote64: Explicit concurrent copying GC freed 30407(2MB) AllocSpace objects, 23(432KB) LOS objects, 79% free, 1550KB/7MB, paused 29us total 8.683ms
06-21 19:34:33.702   960   960 I cameraserver: ServiceManager: 0xed918760
06-21 19:34:33.702   960   960 I CameraService: CameraService started (pid=960)
06-21 19:34:33.702   960   960 I CameraService: CameraService process starting
06-21 19:34:33.702   960   960 W BatteryNotifier: batterystats service unavailable!
06-21 19:34:33.702   960   960 W BatteryNotifier: batterystats service unavailable!
06-21 19:34:33.704   960   960 I CameraProviderManager: Connecting to new camera provider: legacy/0, isRemote? 1
06-21 19:34:33.705   960   960 I CameraProviderManager: Enumerating new camera device: device@3.2/legacy/0
06-21 19:34:33.706   960   960 I CameraProviderManager: Enumerating new camera device: device@3.2/legacy/1
06-21 19:34:33.706   960   960 I CameraProviderManager: Camera provider legacy/0 ready with 2 camera devices
06-21 19:34:33.706   960   960 I CameraProviderManager: Camera device device@3.2/legacy/0 status is now PRESENT, was PRESENT
06-21 19:34:33.706   960   960 I CameraService: onDeviceStatusChanged: Status changed for cameraId=0, newStatus=1
06-21 19:34:33.706   960   960 W CameraService: onDeviceStatusChanged: Unknown camera ID 0, probably newly registered?
06-21 19:34:33.706   960   960 I CameraProviderManager: Camera device device@3.2/legacy/1 status is now PRESENT, was PRESENT
06-21 19:34:33.706   960   960 I CameraService: onDeviceStatusChanged: Status changed for cameraId=1, newStatus=1
06-21 19:34:33.706   960   960 W CameraService: onDeviceStatusChanged: Unknown camera ID 1, probably newly registered?
06-21 19:34:33.706   960   974 W CameraProviderManager: addProviderLocked: Camera provider HAL with name 'legacy/0' already registered
06-21 19:34:33.707   938   938 I zygote64: Explicit concurrent copying GC freed 5448(199KB) AllocSpace objects, 0(0B) LOS objects, 81% free, 1383KB/7MB, paused 19us total 5.145ms
06-21 19:34:33.707   938   938 D Zygote64Timing: PostZygoteInitGC took to complete: 16ms
06-21 19:34:33.708   938   938 D Zygote64Timing: ZygoteInit took to complete: 231ms
06-21 19:34:33.709   960   960 I CameraService: onDeviceStatusChanged: Status changed for cameraId=0, newStatus=1
06-21 19:34:33.709   960   960 E CameraService: onDeviceStatusChanged: State transition to the same status 0x1 not allowed
06-21 19:34:33.709   960   960 I CameraService: onDeviceStatusChanged: Status changed for cameraId=1, newStatus=1
06-21 19:34:33.709   960   960 E CameraService: onDeviceStatusChanged: State transition to the same status 0x1 not allowed
06-21 19:34:33.709   960   974 I CameraProviderManager: Camera device device@3.2/legacy/0 status is now PRESENT, was PRESENT
06-21 19:34:33.709   960   974 I CameraService: onDeviceStatusChanged: Status changed for cameraId=0, newStatus=1
06-21 19:34:33.709   960   974 E CameraService: onDeviceStatusChanged: State transition to the same status 0x1 not allowed
06-21 19:34:33.709   960   974 I CameraProviderManager: Camera device device@3.2/legacy/1 status is now PRESENT, was PRESENT
06-21 19:34:33.709   960   974 I CameraService: onDeviceStatusChanged: Status changed for cameraId=1, newStatus=1
06-21 19:34:33.709   960   974 E CameraService: onDeviceStatusChanged: State transition to the same status 0x1 not allowed
06-21 19:34:33.712   960   974 I CameraService: onDeviceStatusChanged: Status changed for cameraId=0, newStatus=1
06-21 19:34:33.712   960   974 E CameraService: onDeviceStatusChanged: State transition to the same status 0x1 not allowed
06-21 19:34:33.712   960   974 I CameraService: onDeviceStatusChanged: Status changed for cameraId=1, newStatus=1
06-21 19:34:33.712   960   974 E CameraService: onDeviceStatusChanged: State transition to the same status 0x1 not allowed
06-21 19:34:33.726   938   938 I zygote64: Global filter of size 170 installed
06-21 19:34:33.728   531   705 E audio_route: Control 'M1L MUX' already exists in path 'dup-call-m0-speaker-earpiece'
06-21 19:34:33.728   531   705 E audio_route: Control 'M1L MUX' already exists in path 'dup-call-wb-m0-speaker-earpiece'
06-21 19:34:33.728   531   705 E audio_route: Control 'M1L MUX' already exists in path 'dup-call-swb-m0-speaker-earpiece'
06-21 19:34:33.728   531   705 E audio_route: Control 'DACL SRC MIXER DSP IF8 SWITCH' already exists in path 'media-fm-speaker-earpiece'
06-21 19:34:33.728   531   705 E audio_route: Control 'M1L MUX' already exists in path 'dup-media-fm-speaker-earpiece'
06-21 19:34:33.729   531   705 E audio_route: Control 'M1L MUX' already exists in path 'communication-speaker-earpiece'
06-21 19:34:33.730   531   705 E audio_route: Control 'M1L MUX' already exists in path 'mmi-lineinl-receiver-rec'
06-21 19:34:33.730   531   705 E audio_route: Control 'DACL SRC MIXER DSP IF8 SWITCH' already exists in path 'media-lowlatency-speaker-earpiece'
06-21 19:34:33.730   531   705 E audio_route: Control 'DACL SRC MIXER DSP IF8 SWITCH' already exists in path 'dup-media-lowlatency-speaker-earpiece'
06-21 19:34:33.730   531   705 I audio_hw_primary: codec_init: pop_seq_xml is /odm/etc/audio/hi6403/pop_seq_CHARLOTTE.xml
06-21 19:34:33.730   531   705 I audio_pop: UP
06-21 19:34:33.730   531   705 I audio_pop: down
06-21 19:34:33.730   531   705 I audio_pop: 0:up name match mixer state:S1 OL SWITCH SWITCH
06-21 19:34:33.730   531   705 I audio_pop: 1:up name match mixer state:S1 OR SWITCH SWITCH
06-21 19:34:33.730   531   705 I audio_pop: 2:up name match mixer state:S2 OL SWITCH SWITCH
06-21 19:34:33.730   531   705 I audio_pop: 3:up name match mixer state:S2 OR SWITCH SWITCH
06-21 19:34:33.730   531   705 I audio_pop: 4:up name match mixer state:S3 OL SWITCH SWITCH
06-21 19:34:33.730   531   705 I audio_pop: 5:up name match mixer state:S3 OR SWITCH SWITCH
06-21 19:34:33.730   531   705 I audio_pop: 6:up name match mixer state:S4 OL SWITCH SWITCH
06-21 19:34:33.730   531   705 I audio_pop: 7:up name match mixer state:S4 OR SWITCH SWITCH
06-21 19:34:33.730   531   705 I audio_pop: 8:up name match mixer state:DACL FLT MIXER DACL SRC SWITCH
06-21 19:34:33.730   531   705 I audio_pop: 9:up name match mixer state:DACR FLT MIXER DACR SRC SWITCH
06-21 19:34:33.731   531   705 I audio_pop: 10:up name match mixer state:LOWLATENCY SWITCH SWITCH
06-21 19:34:33.731   531   705 I audio_pop: 11:up name match mixer state:VOICE32K SWITCH SWITCH
06-21 19:34:33.731   531   705 I audio_pop: 12:up name match mixer state:PLAY48K SWITCH SWITCH
06-21 19:34:33.731   531   705 I audio_pop: 13:up name match mixer state:PLAY96K SWITCH SWITCH
06-21 19:34:33.731   531   705 I audio_pop: 14:up name match mixer state:PLAY192K SWITCH SWITCH
06-21 19:34:33.731   531   705 I audio_pop: 15:up name match mixer state:AUDIOUP SWITCH SWITCH
06-21 19:34:33.731   531   705 I audio_pop: 16:up name match mixer state:AUDIOUP 4MIC SWITCH SWITCH
06-21 19:34:33.731   531   705 I audio_pop: 0:down match mixer state:DACL FLT MIXER DACL SRC SWITCH
06-21 19:34:33.731   531   705 I audio_pop: 1:down match mixer state:DACR FLT MIXER DACR SRC SWITCH
06-21 19:34:33.731   531   705 I audio_pop: 2:down match mixer state:S1 OL SWITCH SWITCH
06-21 19:34:33.731   531   705 I audio_pop: 3:down match mixer state:S1 OR SWITCH SWITCH
06-21 19:34:33.731   531   705 I audio_pop: 4:down match mixer state:S2 OL SWITCH SWITCH
06-21 19:34:33.731   531   705 I audio_pop: 5:down match mixer state:S2 OR SWITCH SWITCH
06-21 19:34:33.731   531   705 I audio_pop: 6:down match mixer state:S3 OL SWITCH SWITCH
06-21 19:34:33.731   531   705 I audio_pop: 7:down match mixer state:S3 OR SWITCH SWITCH
06-21 19:34:33.731   531   705 I audio_pop: 8:down match mixer state:S4 OL SWITCH SWITCH
06-21 19:34:33.731   531   705 I audio_pop: 9:down match mixer state:S4 OR SWITCH SWITCH
06-21 19:34:33.731   531   705 I audio_pop: 10:down match mixer state:LOWLATENCY SWITCH SWITCH
06-21 19:34:33.731   531   705 I audio_pop: 11:down match mixer state:VOICE32K SWITCH SWITCH
06-21 19:34:33.731   531   705 I audio_pop: 12:down match mixer state:PLAY48K SWITCH SWITCH
06-21 19:34:33.731   531   705 I audio_pop: 13:down match mixer state:PLAY96K SWITCH SWITCH
06-21 19:34:33.731   531   705 I audio_pop: 14:down match mixer state:PLAY192K SWITCH SWITCH
06-21 19:34:33.731   531   705 I audio_pop: 15:down match mixer state:AUDIOUP SWITCH SWITCH
06-21 19:34:33.731   531   705 I audio_pop: 16:down match mixer state:AUDIOUP 4MIC SWITCH SWITCH
06-21 19:34:33.731   531   705 I audio_hw_primary: codec_init: volumes_xml is /odm/etc/audio/hi6403/mixer_volumes_CHARLOTTE_ce.xml
06-21 19:34:33.737   531   705 I typec_headset_hal: typec_headset_init:filename /odm/etc/audio/devicemask/typec_headset_devicemask_CHARLOTTE.xml
06-21 19:34:33.737   531   705 I typec_headset_hal: typec_headset_init: init ok typec_headset
06-21 19:34:33.737   531   705 I audio_hw_primary: call_get_sample_rate: sample_rate = 32000, tty_status = 0
06-21 19:34:33.737   531   705 I audio_hw_primary: call_get_sample_rate: sample_rate = 32000, tty_status = 0
06-21 19:34:33.738   531   705 I audio_hw_primary: visualizer_init: DLOPEN successful for /vendor/lib64/soundfx/liboffloadvisualizer.so
06-21 19:34:33.738   531   705 D cust_interface: cust_open:
06-21 19:34:33.738   531   705 I cust_interface: cust_open: audio cust file name is libaudio_custom.so
06-21 19:34:33.738   531   705 W linker  : "/vendor/lib64/libaudio_custom.so" unused DT entry: type 0xf arg 0x4c6
06-21 19:34:33.740   531   705 D audio_custom: dev_init:
06-21 19:34:33.741   372   372 E         : pid 531, opration nvm_read OK
06-21 19:34:33.741   372   372 E         : 
06-21 19:34:33.741   531   705 I audio_custom: mic0 is calibed:0 value:0
06-21 19:34:33.741   531   705 I audio_custom: mic1 is calibed:0 value:0
06-21 19:34:33.741   531   705 I audio_custom: mic2 is calibed:0 value:0
06-21 19:34:33.741   531   705 I audio_custom: mic3 is calibed:0 value:0
06-21 19:34:33.741   531   705 W audio_custom: dev_init: can't find cvaa mute flag string, just set false.
06-21 19:34:33.741   531   705 W audio_custom: dev_init: can't find cvaa mono flag string, just set false.
06-21 19:34:33.741   531   705 I spk_dev_interface: spk_dev_open: use new smartpakit version
06-21 19:34:33.741   531   705 I spk_dev_interface_V2: spk_dev_open_v2: smartpa lib name is libsmartpakit.so
06-21 19:34:33.741   531   705 I spk_dev_interface_V2: Cannot get symbols _dev_set_calibration_value, use default
06-21 19:34:33.741   531   705 I smartpakit: open smartpakit driver successfully, handle = 19
06-21 19:34:33.742   938   938 E zygote64: Not whitelisted : /product/overlay/frameworkResOverlay.apk
06-21 19:34:33.743   938   938 F zygote64: jni_internal.cc:593] JNI FatalError called: frameworks/base/core/jni/com_android_internal_os_Zygote.cpp:523: Unable to construct file descriptor table.
06-21 19:34:33.745   372   372 E         : pid 531, opration oeminfo_read OK
06-21 19:34:33.745   372   372 E         : 
06-21 19:34:33.745   531   705 I smartpakit: smartpa_algo_init: smartpa calibration value is spk:6.250000, spk2(rcv):12.389999, 3rd spk:0.000000, 4th spk:0.000000,chip_model:tfa9874_tfa9874
06-21 19:34:33.745   531   705 V smartpa_parser: get value success, value:true
06-21 19:34:33.745   531   705 I smartpa_parser: get_devicebox_ID:ioctl ret = 0
06-21 19:34:33.745   531   705 I smartpa_parser: get_devicebox_ID:ioctl ret = 0
06-21 19:34:33.745   531   705 I smartpa_parser: smartpa_algo_para_init smartpa_algo_para_xml is /odm/etc/audio/customize/CHARLOTTE_tfa9874_tfa9874_smartpa_algo_balance.xml, box vendor is GK_NONE
06-21 19:34:33.750   531   705 E smartpa_parser: the control mask node has no value
06-21 19:34:33.751   531   705 I chatty  : uid=1041(audioserver) HwBinder:531_1 identical 6 lines
06-21 19:34:33.751   531   705 E smartpa_parser: the control mask node has no value
06-21 19:34:33.751   531   705 I smartpa_parser: parse_smartpa_xml: skip AAC_NONE
06-21 19:34:33.756   531   705 I smartpa_parser: parse_smartpa_xml: match smartpa_range
06-21 19:34:33.756   531   705 I smartpa_parser: get_value_bits_by_tag_name: match 32bit_f by NORMAL_RANGE
06-21 19:34:33.756   531   705 E smartpa_parser: the control mask node has no value
06-21 19:34:33.756   938   938 F zygote64: runtime.cc:523] Runtime aborting...
06-21 19:34:33.756   938   938 F zygote64: runtime.cc:523] Dumping all threads without appropriate locks held: thread list lock mutator lock
06-21 19:34:33.756   938   938 F zygote64: runtime.cc:523] All threads:
06-21 19:34:33.756   938   938 F zygote64: runtime.cc:523] DALVIK THREADS (1):
06-21 19:34:33.756   938   938 F zygote64: runtime.cc:523] "main" prio=5 tid=1 Runnable
06-21 19:34:33.756   938   938 F zygote64: runtime.cc:523]   | group="" sCount=0 dsCount=0 flags=0 obj=0x72c585f0 self=0x75366bfa00
06-21 19:34:33.756   938   938 F zygote64: runtime.cc:523]   | sysTid=938 nice=0 cgrp=default sched=0/0 handle=0x75bb28d9a8
06-21 19:34:33.756   938   938 F zygote64: runtime.cc:523]   | state=R schedstat=( 489843746 1329167 51 ) utm=41 stm=7 core=7 HZ=100
06-21 19:34:33.756   938   938 F zygote64: runtime.cc:523]   | stack=0x7ff6fe3000-0x7ff6fe5000 stackSize=8MB
06-21 19:34:33.756   938   938 F zygote64: runtime.cc:523]   | held mutexes= "abort lock" "mutator lock"(shared held)
06-21 19:34:33.756   938   938 F zygote64: runtime.cc:523]   native: #00 pc 00000000003ccb5c  /system/lib64/libart.so (art::DumpNativeStack(std::__1::basic_ostream<char, std::__1::char_traits<char>>&, int, BacktraceMap*, char const*, art::ArtMethod*, void*)+208)
06-21 19:34:33.756   938   938 F zygote64: runtime.cc:523]   native: #01 pc 000000000049cdf4  /system/lib64/libart.so (art::Thread::DumpStack(std::__1::basic_ostream<char, std::__1::char_traits<char>>&, bool, BacktraceMap*, bool) const+348)
06-21 19:34:33.756   938   938 F zygote64: runtime.cc:523]   native: #02 pc 00000000004b4b68  /system/lib64/libart.so (art::DumpCheckpoint::Run(art::Thread*)+884)
06-21 19:34:33.756   938   938 F zygote64: runtime.cc:523]   native: #03 pc 00000000004ad374  /system/lib64/libart.so (art::ThreadList::RunCheckpoint(art::Closure*, art::Closure*)+472)
06-21 19:34:33.756   938   938 F zygote64: runtime.cc:523]   native: #04 pc 00000000004accf0  /system/lib64/libart.so (art::ThreadList::Dump(std::__1::basic_ostream<char, std::__1::char_traits<char>>&, bool)+792)
06-21 19:34:33.756   938   938 F zygote64: runtime.cc:523]   native: #05 pc 000000000048435c  /system/lib64/libart.so (art::AbortState::Dump(std::__1::basic_ostream<char, std::__1::char_traits<char>>&) const+220)
06-21 19:34:33.756   938   938 F zygote64: runtime.cc:523]   native: #06 pc 000000000047598c  /system/lib64/libart.so (art::Runtime::Abort(char const*)+196)
06-21 19:34:33.756   938   938 F zygote64: runtime.cc:523]   native: #07 pc 000000000056b3ec  /system/lib64/libart.so (android::base::LogMessage::~LogMessage()+1004)
06-21 19:34:33.756   938   938 F zygote64: runtime.cc:523]   native: #08 pc 0000000000341eb8  /system/lib64/libart.so (art::JNI::FatalError(_JNIEnv*, char const*)+192)
06-21 19:34:33.756   938   938 F zygote64: runtime.cc:523]   native: #09 pc 0000000000175794  /system/lib64/libandroid_runtime.so (???)
06-21 19:34:33.756   938   938 F zygote64: runtime.cc:523]   native: #10 pc 0000000000175b38  /system/lib64/libandroid_runtime.so (???)
06-21 19:34:33.756   938   938 F zygote64: runtime.cc:523]   native: #11 pc 0000000000174f08  /system/lib64/libandroid_runtime.so (???)
06-21 19:34:33.756   938   938 F zygote64: runtime.cc:523]   native: #12 pc 000000000103aa1c  /system/framework/arm64/boot-framework.oat (Java_com_android_internal_os_Zygote_nativeForkSystemServer__II_3II_3_3IJJ+252)
06-21 19:34:33.756   938   938 F zygote64: runtime.cc:523]   at com.android.internal.os.Zygote.nativeForkSystemServer(Native method)
06-21 19:34:33.756   938   938 F zygote64: runtime.cc:523]   at com.android.internal.os.Zygote.forkSystemServer(Zygote.java:156)
06-21 19:34:33.756   938   938 F zygote64: runtime.cc:523]   at com.android.internal.os.ZygoteInit.forkSystemServer(ZygoteInit.java:660)
06-21 19:34:33.756   938   938 F zygote64: runtime.cc:523]   at com.android.internal.os.ZygoteInit.main(ZygoteInit.java:782)
06-21 19:34:33.756   938   938 F zygote64: runtime.cc:523] 
06-21 19:34:33.756   938   938 F zygote64: runtime.cc:523] Aborting thread:
06-21 19:34:33.756   938   938 F zygote64: runtime.cc:523] "main" prio=5 tid=1 Native
06-21 19:34:33.756   938   938 F zygote64: runtime.cc:523]   | group="" sCount=0 dsCount=0 flags=0 obj=0x72c585f0 self=0x75366bfa00
06-21 19:34:33.756   938   938 F zygote64: runtime.cc:523]   | sysTid=938 nice=0 cgrp=default sched=0/0 handle=0x75bb28d9a8
06-21 19:34:33.756   938   938 F zygote64: runtime.cc:523]   | state=R schedstat=( 493849475 1329167 51 ) utm=41 stm=8 core=7 HZ=100
06-21 19:34:33.756   938   938 F zygote64: runtime.cc:523]   | stack=0x7ff6fe3000-0x7ff6fe5000 stackSize=8MB
06-21 19:34:33.756   938   938 F zygote64: runtime.cc:523]   | held mutexes= "abort lock"
06-21 19:34:33.756   938   938 F zygote64: runtime.cc:523]   native: #00 pc 00000000003ccb5c  /system/lib64/libart.so (art::DumpNativeStack(std::__1::basic_ostream<char, std::__1::char_traits<char>>&, int, BacktraceMap*, char const*, art::ArtMethod*, void*)+208)
06-21 19:34:33.756   938   938 F zygote64: runtime.cc:523]   native: #01 pc 000000000049cdf4  /system/lib64/libart.so (art::Thread::DumpStack(std::__1::basic_ostream<char, std::__1::char_traits<char>>&, bool, BacktraceMap*, bool) const+348)
06-21 19:34:33.756   938   938 F zygote64: runtime.cc:523]   native: #02 pc 0000000000484758  /system/lib64/libart.so (art::AbortState::DumpThread(std::__1::basic_ostream<char, std::__1::char_traits<char>>&, art::Thread*) const+56)
