12-28 17:27:01.130   913  6261 E IzatSvc_OSObserver: I/LocTech-Label :: OSOBSERVER :: Data Items In
12-28 17:27:01.130   913  6261 E IzatSvc_OSObserver: I/LocTech-Value :: Data Item Value: IS_POWER_CONNECTED: true
12-28 17:27:01.135   913  6261 E IzatSvc_OSObserver: I/LocTech-Label :: OSOBSERVER :: Data Items In
12-28 17:27:01.135   913  6261 E IzatSvc_OSObserver: I/LocTech-Value :: Data Item Value: IS_QUALCOMM_ENHANCED_PROVIDER_ENABLED: false
12-28 17:27:01.135   913  6261 E IzatSvc_OSObserver: I/LocTech-Value :: Data Item Value: IS_WIFI_HARDWARE_ON: true
12-28 17:27:01.135   913  6261 E IzatSvc_OSObserver: I/LocTech-Value :: Data Item Value: IS_AIRPLANE_MODE_ON: false
12-28 17:27:01.141   913  6261 E IzatSvc_OSObserver: I/LocTech-Label :: OSOBSERVER :: Data Items In
12-28 17:27:01.141   913  6261 E IzatSvc_OSObserver: I/LocTech-Value :: Data Item Value: IS_QUALCOMM_ENHANCED_PROVIDER_ENABLED: false
12-28 17:27:01.141   913  6261 E IzatSvc_OSObserver: I/LocTech-Value :: Data Item Value: IS_WIFI_HARDWARE_ON: true
12-28 17:27:01.141   913  6261 E IzatSvc_OSObserver: I/LocTech-Value :: Data Item Value: IS_AIRPLANE_MODE_ON: false
12-28 17:27:01.146   913  6261 E IzatSvc_OSObserver: I/LocTech-Label :: OSOBSERVER :: Data Items In
12-28 17:27:01.146   913  6261 E IzatSvc_OSObserver: I/LocTech-Value :: Data Item Value: IS_QUALCOMM_ENHANCED_PROVIDER_ENABLED: false
12-28 17:27:01.146   913  6261 E IzatSvc_OSObserver: I/LocTech-Value :: Data Item Value: IS_WIFI_HARDWARE_ON: true
12-28 17:27:01.146   913  6261 E IzatSvc_OSObserver: I/LocTech-Value :: Data Item Value: IS_AIRPLANE_MODE_ON: false
12-28 17:27:01.146   913  6261 E IzatSvc_OSObserver: I/LocTech-Value :: Data Item Value: IS_GPS_PROVIDER_ENABLED: true
12-28 17:27:01.146   913  6261 E IzatSvc_OSObserver: I/LocTech-Value :: Data Item Value: IS_NETWORK_PROVIDER_ENABLED: true
12-28 17:27:01.146   913  6261 E IzatSvc_OSObserver: I/LocTech-Value :: Data Item Value: IS_AIRPLANE_MODE_ON: false
12-28 17:27:01.147   913  6261 E IzatSvc_OSObserver: I/LocTech-Label :: OSOBSERVER :: Data Items In
12-28 17:27:01.147   913  6261 E IzatSvc_OSObserver: I/LocTech-Value :: Data Item Value: ACTIVE_NETWORK_INFO::TYPE: 100, TYPE_NAME: WIFI, SUB_TYPE_NAME: , IS_AVAILABLE: true, IS_CONNECTED: true, IS_ROAMING: false
12-28 17:27:01.154   913  6261 E IzatSvc_OSObserver: I/LocTech-Label :: OSOBSERVER :: Data Items In
12-28 17:27:01.154   913  6261 E IzatSvc_OSObserver: I/LocTech-Value :: Data Item Value: MCCMNC: -+202|01
12-28 17:27:01.155   913  6261 E IzatSvc_OSObserver: I/LocTech-Label :: OSOBSERVER :: Data Items In
12-28 17:27:01.155   913  6261 E IzatSvc_OSObserver: I/LocTech-Value :: Data Item Value: Attach state: 9, Mac address valid: true, AP MAC address: [08:bd:43:84:e4:44], Wifi-Ap SSID Valid: true, SSID: Forthnet
12-28 17:27:08.806  6716  6716 I Finsky  : [2] com.google.android.finsky.dc.c.a(73): Skipping DFE self-update. Local Version [80853900] >= Server Version [-1]
12-28 17:27:11.263   913   949 W system_server: kill(-5807, 9) failed: No such process
12-28 17:27:11.305   913   949 W system_server: kill(-5807, 9) failed: No such process
12-28 17:27:11.306   913   949 I system_server: Successfully killed process cgroup uid 10018 pid 5807 in 43ms
12-28 17:27:11.309   913   949 W system_server: kill(-7965, 9) failed: No such process
12-28 17:27:11.348   913   949 W system_server: kill(-7965, 9) failed: No such process
12-28 17:27:11.348   913   949 I system_server: Successfully killed process cgroup uid 10007 pid 7965 in 39ms
12-28 17:27:32.940   913   949 W system_server: kill(-7940, 9) failed: No such process
12-28 17:27:32.985   913   949 W system_server: kill(-7940, 9) failed: No such process
12-28 17:27:33.029   913   949 W system_server: kill(-7940, 9) failed: No such process
12-28 17:27:33.029   913   949 I system_server: Successfully killed process cgroup uid 10051 pid 7940 in 89ms
12-28 17:27:42.622  7577  7577 W Notification: See the documentation of setSound() for what to use instead with android.media.AudioAttributes to qualify your playback use case
12-28 17:27:42.639  7577  7577 W Notification: See the documentation of setSound() for what to use instead with android.media.AudioAttributes to qualify your playback use case
12-28 17:27:50.607  7577  7577 W Notification: See the documentation of setSound() for what to use instead with android.media.AudioAttributes to qualify your playback use case
12-28 17:27:50.633  7577  7577 W Notification: See the documentation of setSound() for what to use instead with android.media.AudioAttributes to qualify your playback use case
12-28 17:28:51.252  7577  7577 W Notification: See the documentation of setSound() for what to use instead with android.media.AudioAttributes to qualify your playback use case
12-28 17:28:51.267  7577  7577 W Notification: See the documentation of setSound() for what to use instead with android.media.AudioAttributes to qualify your playback use case
12-28 17:28:52.543  7577  7577 W Notification: See the documentation of setSound() for what to use instead with android.media.AudioAttributes to qualify your playback use case
12-28 17:28:52.568  7577  7577 W Notification: See the documentation of setSound() for what to use instead with android.media.AudioAttributes to qualify your playback use case
12-28 17:29:08.352  7577  7577 W Notification: See the documentation of setSound() for what to use instead with android.media.AudioAttributes to qualify your playback use case
12-28 17:29:08.374  7577  7577 W Notification: See the documentation of setSound() for what to use instead with android.media.AudioAttributes to qualify your playback use case
12-28 17:29:16.425  7577  7577 W Notification: See the documentation of setSound() for what to use instead with android.media.AudioAttributes to qualify your playback use case
12-28 17:29:16.460  7577  7577 W Notification: See the documentation of setSound() for what to use instead with android.media.AudioAttributes to qualify your playback use case
12-28 17:29:17.736  7577  7577 W Notification: See the documentation of setSound() for what to use instead with android.media.AudioAttributes to qualify your playback use case
12-28 17:29:17.760  7577  7577 W Notification: See the documentation of setSound() for what to use instead with android.media.AudioAttributes to qualify your playback use case
12-28 17:29:30.495  7577  7577 W Notification: See the documentation of setSound() for what to use instead with android.media.AudioAttributes to qualify your playback use case
12-28 17:29:30.517  7577  7577 W Notification: See the documentation of setSound() for what to use instead with android.media.AudioAttributes to qualify your playback use case
12-28 17:29:46.247  7577  7577 W Notification: See the documentation of setSound() for what to use instead with android.media.AudioAttributes to qualify your playback use case
12-28 17:29:46.279  7577  7577 W Notification: See the documentation of setSound() for what to use instead with android.media.AudioAttributes to qualify your playback use case
12-28 17:31:19.487  6716  6764 I PlayCommon: [30] com.google.android.play.a.h.a(503): Connecting to server: https://play.googleapis.com/play/log?format=raw&proto_v2=true
12-28 17:32:54.215  7577  7577 W Notification: See the documentation of setSound() for what to use instead with android.media.AudioAttributes to qualify your playback use case
12-28 17:32:54.247  7577  7577 W Notification: See the documentation of setSound() for what to use instead with android.media.AudioAttributes to qualify your playback use case
12-28 17:32:56.652  7577  7577 W Notification: See the documentation of setSound() for what to use instead with android.media.AudioAttributes to qualify your playback use case
12-28 17:32:56.679  7577  7577 W Notification: See the documentation of setSound() for what to use instead with android.media.AudioAttributes to qualify your playback use case
12-28 17:38:35.530   913   949 W system_server: kill(-8045, 9) failed: No such process
12-28 17:38:35.577   913   949 W system_server: kill(-8045, 9) failed: No such process
12-28 17:38:35.577   913   949 I system_server: Successfully killed process cgroup uid 1000 pid 8045 in 46ms
12-28 17:40:26.725  6394  9281 I Authzen : [DeviceStateSyncManager] The server is in sync with current state. Nothing to do
12-28 17:40:27.063  6394  6394 V MediaRouter: Adding route: RouteInfo{ name=Τηλέφωνο, description=null, status=null, category=RouteCategory{ name=Σύστημα types=ROUTE_TYPE_LIVE_AUDIO ROUTE_TYPE_LIVE_VIDEO  groupable=false }, supportedTypes=ROUTE_TYPE_LIVE_AUDIO ROUTE_TYPE_LIVE_VIDEO , presentationDisplay=null }
12-28 17:40:27.070  6394  6394 V MediaRouter: Selecting route: RouteInfo{ name=Τηλέφωνο, description=null, status=null, category=RouteCategory{ name=Σύστημα types=ROUTE_TYPE_LIVE_AUDIO ROUTE_TYPE_LIVE_VIDEO  groupable=false }, supportedTypes=ROUTE_TYPE_LIVE_AUDIO ROUTE_TYPE_LIVE_VIDEO , presentationDisplay=null }
12-28 17:40:27.076  6394  6394 I MediaRouter: Found default route: MediaRouter.RouteInfo{ uniqueId=android/acb:DEFAULT_ROUTE, name=Τηλέφωνο, description=null, iconUri=null, enabled=true, connecting=false, connectionState=0, canDisconnect=false, playbackType=0, playbackStream=3, deviceType=0, volumeHandling=1, volume=5, volumeMax=15, presentationDisplayId=-1, extras=null, settingsIntent=null, providerPackageName=android }
12-28 17:40:27.076  6394  6394 I MediaRouter: Unselecting the current route because it is no longer selectable: null
12-28 17:40:27.094  6394  6394 V MediaRouter: Selecting route: RouteInfo{ name=Τηλέφωνο, description=null, status=null, category=RouteCategory{ name=Σύστημα types=ROUTE_TYPE_LIVE_AUDIO ROUTE_TYPE_LIVE_VIDEO  groupable=false }, supportedTypes=ROUTE_TYPE_LIVE_AUDIO ROUTE_TYPE_LIVE_VIDEO , presentationDisplay=null }
12-28 17:40:27.176  7713  7713 I EntryActivation: Entry activation content observer disabled.
12-28 17:40:30.432  5964  8468 I CameraService: CameraService::connect call (PID -1 "org.telegram.messenger", camera ID 0) for HAL version default and Camera API version 1
12-28 17:40:30.434  5964  8468 I CameraService: onTorchStatusChangedLocked: Torch status changed for cameraId=0, newStatus=0
12-28 17:40:30.479  5964  8468 I Camera2ClientBase: Camera 0: Opened. Client: org.telegram.messenger (PID 7577, UID 10077)
12-28 17:40:30.483   506   506 I chatty  : uid=1006(camera) mm-qcamera-daem expire 2 lines
12-28 17:40:30.483  9334  9334 I chatty  : uid=1006(camera) /system/vendor/bin/mm-qcamera-daemon expire 2 lines
12-28 17:40:30.483  9335  9335 I chatty  : uid=1006(camera) /system/vendor/bin/mm-qcamera-daemon expire 4 lines
12-28 17:40:30.486   506  9334 I chatty  : uid=1006(camera) mm-qcamera-daem expire 1 line
12-28 17:40:30.486   506  9335 I chatty  : uid=1006(camera) mm-qcamera-daem expire 2 lines
12-28 17:40:30.488   506  9337 I chatty  : uid=1006(camera) mm-qcamera-daem expire 4 lines
12-28 17:40:30.489   506  9338 I chatty  : uid=1006(camera) mm-qcamera-daem expire 3 lines
12-28 17:40:30.491   506  9340 I chatty  : uid=1006(camera) mm-qcamera-daem expire 1 line
12-28 17:40:30.493   506  9341 I chatty  : uid=1006(camera) mm-qcamera-daem expire 3 lines
12-28 17:40:30.499  9338  9338 I chatty  : uid=1006(camera) /system/vendor/bin/mm-qcamera-daemon expire 3 lines
12-28 17:40:30.501   506  9334 I chatty  : uid=1006(camera) mm-qcamera-daem expire 1 line
12-28 17:40:30.502   506  9338 I chatty  : uid=1006(camera) mm-qcamera-daem expire 3 lines
12-28 17:40:30.531  9340  9340 I chatty  : uid=1006(camera) /system/vendor/bin/mm-qcamera-daemon expire 2 lines
12-28 17:40:30.535  9338  9338 I chatty  : uid=1006(camera) /system/vendor/bin/mm-qcamera-daemon expire 21 lines
12-28 17:40:30.537   506  9338 I chatty  : uid=1006(camera) mm-qcamera-daem expire 28 lines
12-28 17:40:30.538   506  9340 I chatty  : uid=1006(camera) mm-qcamera-daem expire 3 lines
12-28 17:40:30.548   506  9334 I chatty  : uid=1006(camera) mm-qcamera-daem expire 17 lines
12-28 17:40:30.553   506  9351 I chatty  : uid=1006(camera) mm-qcamera-daem expire 2 lines
12-28 17:40:30.944   506   506 I chatty  : uid=1006(camera) mm-qcamera-daem expire 58 lines
12-28 17:40:31.185   913  7335 W Binder  : 	at com.android.server.autofill.Session$1.send(Session.java:227)
12-28 17:40:31.185   913  7335 W Binder  : 	at com.android.server.am.ActivityManagerService.reportAssistContextExtras(ActivityManagerService.java:13275)
12-28 17:40:31.185   913  7335 W Binder  : 	at com.android.server.am.ActivityManagerService.onTransact(ActivityManagerService.java:2922)
12-28 17:40:32.991  8468  8468 I Binder:5964_1: type=1400 audit(0.0:963): avc: denied { write } for name="cam_socket1" dev="mmcblk0p50" ino=875242 scontext=u:r:cameraserver:s0 tcontext=u:object_r:camera_data_file:s0 tclass=sock_file permissive=1
12-28 17:40:32.991  8468  8468 I Binder:5964_1: type=1400 audit(0.0:964): avc: denied { sendto } for path="/data/misc/camera/cam_socket1" scontext=u:r:cameraserver:s0 tcontext=u:r:init:s0 tclass=unix_dgram_socket permissive=1
12-28 17:40:33.008  5964  8468 W Camera2-Parameters: initialize: Camera 0: Unknown preview format: 24
12-28 17:40:33.008  5964  8468 W Camera2-Parameters: initialize: Camera 0: Unknown preview format: 25
12-28 17:40:33.011  5964  8468 I Camera2-Parameters: Camera 0: Disabling ZSL mode
12-28 17:40:33.011  5964  8468 I Camera2-Parameters: initialize: allowZslMode: 0 slowJpegMode 1
12-28 17:40:33.113  5964  8468 I Camera3-Device: disconnect: E
12-28 17:40:33.117   506  9384 I chatty  : uid=1006(camera) mm-qcamera-daem expire 2 lines
12-28 17:40:33.119   506  9387 I chatty  : uid=1006(camera) mm-qcamera-daem expire 1 line
12-28 17:40:33.119  5964  8468 I Camera3-Device: disconnect: X
12-28 17:40:33.119  5964  8468 I Camera3-Device: disconnect: E
12-28 17:40:33.120  5964  8468 I CameraService: onTorchStatusChangedLocked: Torch status changed for cameraId=0, newStatus=1
12-28 17:40:33.122  5964  8468 I CameraService: onTorchStatusChangedLocked: Torch status changed for cameraId=0, newStatus=1
12-28 17:40:33.122  5964  8468 I CameraService: disconnect: Disconnected client for camera 0 for PID 7577
12-28 17:40:33.126  5964  9324 I Camera2Client: Camera 0: Closed
12-28 17:40:33.127  5964  9324 I Camera2ClientBase: Closed Camera 0. Client was: org.telegram.messenger (PID 7577, UID 10077)
12-28 17:40:33.127   506  9398 I chatty  : uid=1006(camera) mm-qcamera-daem expire 8 lines
12-28 17:40:33.129   506  9399 I chatty  : uid=1006(camera) mm-qcamera-daem expire 2 lines
12-28 17:40:33.130  5964  5964 I CameraService: CameraService::connect call (PID -1 "org.telegram.messenger", camera ID 1) for HAL version default and Camera API version 1
12-28 17:40:33.131   506  9400 I chatty  : uid=1006(camera) mm-qcamera-daem expire 3 lines
12-28 17:40:33.132  5964  5964 I CameraService: onTorchStatusChangedLocked: Torch status changed for cameraId=0, newStatus=0
12-28 17:40:33.134   506  9401 I chatty  : uid=1006(camera) mm-qcamera-daem expire 1 line
12-28 17:40:33.140   506  9403 I chatty  : uid=1006(camera) mm-qcamera-daem expire 1 line
12-28 17:40:33.144   506   506 I chatty  : uid=1006(camera) mm-qcamera-daem expire 2 lines
12-28 17:40:33.144   506  9405 I chatty  : uid=1006(camera) mm-qcamera-daem expire 3 lines
12-28 17:40:33.144   506  9401 I chatty  : uid=1006(camera) mm-qcamera-daem expire 2 lines
12-28 17:40:33.146   506   506 I chatty  : uid=1006(camera) mm-qcamera-daem expire 2 lines
12-28 17:40:33.148   506  9403 I chatty  : uid=1006(camera) mm-qcamera-daem expire 3 lines
12-28 17:40:33.189   506  9398 I chatty  : uid=1006(camera) mm-qcamera-daem expire 7 lines
12-28 17:40:33.235  5964  5964 I Camera2ClientBase: Camera 1: Opened. Client: org.telegram.messenger (PID 7577, UID 10077)
12-28 17:40:33.246   506  9401 I chatty  : uid=1006(camera) mm-qcamera-daem expire 1 line
12-28 17:40:33.246   506   506 I chatty  : uid=1006(camera) mm-qcamera-daem expire 69 lines
12-28 17:40:33.251  9414  9414 I chatty  : uid=1006(camera) /system/vendor/bin/mm-qcamera-daemon expire 4 lines
12-28 17:40:33.255   506  9413 I chatty  : uid=1006(camera) mm-qcamera-daem expire 5 lines
12-28 17:40:33.255   506  9414 I chatty  : uid=1006(camera) mm-qcamera-daem expire 2 lines
12-28 17:40:33.256   506  9415 I chatty  : uid=1006(camera) mm-qcamera-daem expire 4 lines
12-28 17:40:33.259   506  9416 I chatty  : uid=1006(camera) mm-qcamera-daem expire 34 lines
12-28 17:40:33.263   506  9418 I chatty  : uid=1006(camera) mm-qcamera-daem expire 4 lines
12-28 17:40:33.266   506  9419 I chatty  : uid=1006(camera) mm-qcamera-daem expire 3 lines
12-28 17:40:33.311  9416  9416 I chatty  : uid=1006(camera) /system/vendor/bin/mm-qcamera-daemon expire 24 lines
12-28 17:40:33.315  9418  9418 I chatty  : uid=1006(camera) /system/vendor/bin/mm-qcamera-daemon expire 2 lines
12-28 17:40:35.791  5964  5964 W Camera2-Parameters: initialize: Camera 1: Unknown preview format: 24
12-28 17:40:35.792  5964  5964 W Camera2-Parameters: initialize: Camera 1: Unknown preview format: 25
12-28 17:40:35.797  5964  5964 I Camera2-Parameters: Camera 1: Disabling ZSL mode
12-28 17:40:35.797  5964  5964 I Camera2-Parameters: initialize: allowZslMode: 0 slowJpegMode 0
12-28 17:40:35.903  5964  9324 I Camera3-Device: disconnect: E
12-28 17:40:35.910   506  9443 I chatty  : uid=1006(camera) mm-qcamera-daem expire 2 lines
12-28 17:40:35.912   506  9444 I chatty  : uid=1006(camera) mm-qcamera-daem expire 1 line
12-28 17:40:35.922  5964  9324 I Camera3-Device: disconnect: X
12-28 17:40:35.922  5964  9324 I Camera3-Device: disconnect: E
12-28 17:40:35.925   506  9457 I chatty  : uid=1006(camera) mm-qcamera-daem expire 3 lines
12-28 17:40:35.926   506  9458 I chatty  : uid=1006(camera) mm-qcamera-daem expire 2 lines
12-28 17:40:35.929  5964  9324 I CameraService: onTorchStatusChangedLocked: Torch status changed for cameraId=0, newStatus=1
12-28 17:40:35.929  5964  9324 I CameraService: disconnect: Disconnected client for camera 1 for PID 7577
12-28 17:40:35.931   506  9459 I chatty  : uid=1006(camera) mm-qcamera-daem expire 3 lines
12-28 17:40:35.947   506  9460 I chatty  : uid=1006(camera) mm-qcamera-daem expire 4 lines
12-28 17:40:35.952   506  9461 I chatty  : uid=1006(camera) mm-qcamera-daem expire 4 lines
12-28 17:40:35.959   506  9462 I chatty  : uid=1006(camera) mm-qcamera-daem expire 3 lines
12-28 17:40:37.002   913  7331 I ActivityManager: Start proc 9465:android.process.media/u0a8 for content provider com.android.providers.media/.MediaProvider
12-28 17:40:37.374  5964  9402 I CameraService: CameraService::connect call (PID -1 "org.telegram.messenger", camera ID 0) for HAL version default and Camera API version 1
12-28 17:40:37.375  5964  9402 I CameraService: onTorchStatusChangedLocked: Torch status changed for cameraId=0, newStatus=0
12-28 17:40:37.376  5964  9402 I Camera2ClientBase: Camera 0: Opened. Client: org.telegram.messenger (PID 7577, UID 10077)
12-28 17:40:37.383  9485  9485 I chatty  : uid=1006(camera) /system/vendor/bin/mm-qcamera-daemon expire 4 lines
12-28 17:40:37.385   506  9484 I chatty  : uid=1006(camera) mm-qcamera-daem expire 1 line
12-28 17:40:37.386   506  9485 I chatty  : uid=1006(camera) mm-qcamera-daem expire 2 lines
12-28 17:40:37.387   506  9487 I chatty  : uid=1006(camera) mm-qcamera-daem expire 4 lines
12-28 17:40:37.390   506  9488 I chatty  : uid=1006(camera) mm-qcamera-daem expire 1 line
12-28 17:40:37.395   506  9489 I chatty  : uid=1006(camera) mm-qcamera-daem expire 1 line
12-28 17:40:37.405   506  9490 I chatty  : uid=1006(camera) mm-qcamera-daem expire 3 lines
12-28 17:40:37.440   506  9484 I chatty  : uid=1006(camera) mm-qcamera-daem expire 1 line
12-28 17:40:37.440   506  9488 I chatty  : uid=1006(camera) mm-qcamera-daem expire 2 lines
12-28 17:40:37.443  9488  9488 I chatty  : uid=1006(camera) /system/vendor/bin/mm-qcamera-daemon expire 2 lines
12-28 17:40:37.444   506  9488 I chatty  : uid=1006(camera) mm-qcamera-daem expire 3 lines
12-28 17:40:37.447  9489  9489 W CAM_startpproc: type=1400 audit(0.0:1004): avc: granted { read } for name="ion" dev="tmpfs" ino=11613 scontext=u:r:init:s0 tcontext=u:object_r:ion_device:s0 tclass=chr_file
12-28 17:40:37.447  9489  9489 W CAM_startpproc: type=1400 audit(0.0:1005): avc: granted { read open } for path="/dev/ion" dev="tmpfs" ino=11613 scontext=u:r:init:s0 tcontext=u:object_r:ion_device:s0 tclass=chr_file
12-28 17:40:37.454   506  9489 I chatty  : uid=1006(camera) mm-qcamera-daem identical 3 lines
12-28 17:40:37.459  9488  9488 I chatty  : uid=1006(camera) /system/vendor/bin/mm-qcamera-daemon expire 4 lines
12-28 17:40:37.462   506  9488 I chatty  : uid=1006(camera) mm-qcamera-daem expire 1 line
12-28 17:40:37.489   506  9484 E mm-camera: module_sensor_init_session:1277flash subdev id = 0
12-28 17:40:37.491   506  9484 E mm-camera-sensor: sensor_sdk_util_get_kernel_i2c_addr_type:26Invalid addr_type = 0
12-28 17:40:37.491   506  9484 E mm-camera-sensor: sensor_sdk_util_get_kernel_i2c_data_type:40Invalid addr_type = 0
12-28 17:40:37.492   506  9484 E mm-camera-sensor: actuator_load_lib:491name=lc898122_claf, mode=camera
12-28 17:40:37.496   506  9484 E mm-camera-sensor: actuator_load_lib:491name=lc898122_claf, mode=camcorder
12-28 17:40:37.497   506  9484 E mm-camera-sensor: eeprom_do_af_calibration:197turn on Cal af(1)
12-28 17:40:37.497   506  9484 E mm-camera-sdk: eeprom_autofocus_calibration_claf:173 KSY Kernel original macro hall : 9600, inf hall : -12800, macro_mecha 16800, vcm_type 66
12-28 17:40:37.498   506  9484 E mm-camera-sdk: eeprom_autofocus_calibration_claf:178 KSY AF_algorithm convert macro hall : 350, inf hall : 0, total_rangetomacro : 0, offset_value_pplus_mtm : 0
12-28 17:40:37.498   506  9484 E mm-camera: ois_init:305start: ois_init
12-28 17:40:37.499   506  9484 E mm-camera: ois_init:372done: ois_init
12-28 17:40:37.499   506  9484 E mm-camera-sensor: proxy_init:71name = LD_AF
12-28 17:40:37.499   506  9501 E mm-camera: ois_thread:201ois thread is running
12-28 17:40:37.500   506  9484 E mm-camera-sensor: sensor_proxy_on:151enter
12-28 17:40:37.519  9488  9488 W CAM_startstats: type=1400 audit(0.0:1010): avc: granted { read } for name="event0" dev="tmpfs" ino=9741 scontext=u:r:init:s0 tcontext=u:object_r:input_device:s0 tclass=chr_file
12-28 17:40:37.519  9488  9488 W CAM_startstats: type=1400 audit(0.0:1011): avc: granted { read open } for path="/dev/input/event0" dev="tmpfs" ino=9741 scontext=u:r:init:s0 tcontext=u:object_r:input_device:s0 tclass=chr_file
12-28 17:40:37.526   506  9484 E mm-camera-sensor: sensor_proxy_thread_on:198enter
12-28 17:40:37.528   506  9484 E mm-camera: module_sensor_init_session:1412tcs_sensor init Enter **
12-28 17:40:37.567  9488  9488 W CAM_startstats: type=1400 audit(0.0:1012): avc: granted { read } for name="mice" dev="tmpfs" ino=1872 scontext=u:r:init:s0 tcontext=u:object_r:input_device:s0 tclass=chr_file
12-28 17:40:37.567  9488  9488 W CAM_startstats: type=1400 audit(0.0:1013): avc: granted { read open } for path="/dev/input/mice" dev="tmpfs" ino=1872 scontext=u:r:init:s0 tcontext=u:object_r:input_device:s0 tclass=chr_file
12-28 17:40:37.583  9488  9488 W CAM_startstats: type=1400 audit(0.0:1014): avc: granted { read } for name="event2" dev="tmpfs" ino=11606 scontext=u:r:init:s0 tcontext=u:object_r:input_device:s0 tclass=chr_file
12-28 17:40:37.583  9488  9488 W CAM_startstats: type=1400 audit(0.0:1015): avc: granted { read open } for path="/dev/input/event2" dev="tmpfs" ino=11606 scontext=u:r:init:s0 tcontext=u:object_r:input_device:s0 tclass=chr_file
12-28 17:40:37.611  9488  9488 W CAM_startstats: type=1400 audit(0.0:1016): avc: granted { read } for name="event4" dev="tmpfs" ino=15603 scontext=u:r:init:s0 tcontext=u:object_r:input_device:s0 tclass=chr_file
12-28 17:40:37.611  9488  9488 W CAM_startstats: type=1400 audit(0.0:1017): avc: granted { read open } for path="/dev/input/event4" dev="tmpfs" ino=15603 scontext=u:r:init:s0 tcontext=u:object_r:input_device:s0 tclass=chr_file
12-28 17:40:37.612   506  9484 E mm-camera-sensor: tcs_thread_create:291tcs_thread, thread_id 0
12-28 17:40:37.614   506  9484 E mm-camera: module_sensor_start_session:1684SUCCESS
12-28 17:40:37.614   506  9484 D mm-camera: mct: mct_pipeline_start_session_thread: X imglib
12-28 17:40:37.631  9488  9488 W CAM_startstats: type=1400 audit(0.0:1018): avc: granted { read } for name="event3" dev="tmpfs" ino=15602 scontext=u:r:init:s0 tcontext=u:object_r:input_device:s0 tclass=chr_file
12-28 17:40:37.631  9488  9488 W CAM_startstats: type=1400 audit(0.0:1019): avc: granted { read open } for path="/dev/input/event3" dev="tmpfs" ino=15602 scontext=u:r:init:s0 tcontext=u:object_r:input_device:s0 tclass=chr_file
12-28 17:40:37.663  9488  9488 W CAM_startstats: type=1400 audit(0.0:1020): avc: granted { read } for name="event1" dev="tmpfs" ino=1873 scontext=u:r:init:s0 tcontext=u:object_r:input_device:s0 tclass=chr_file
12-28 17:40:37.663  9488  9488 W CAM_startstats: type=1400 audit(0.0:1021): avc: granted { read open } for path="/dev/input/event1" dev="tmpfs" ino=1873 scontext=u:r:init:s0 tcontext=u:object_r:input_device:s0 tclass=chr_file
12-28 17:40:37.785   506  9488 E mm-camera: sensor_laser_init:164  0 sensor supported
12-28 17:40:37.787   506  9488 E mm-camera: gyro_port_init:1404  Failure initializing laser sensor. Error: 4
12-28 17:40:37.787   506  9488 I CAMERA_SENSOR: start_accel_sensor
12-28 17:40:37.787   506  9488 E mm-camera: start_accel_sensor: sensor1_open E
12-28 17:40:37.789   506  9488 E mm-camera: start_accel_sensor: sensor1_open X, res = 0
12-28 17:40:37.812   506  9501 E mm-camera: ois_thread:239done : ois initialization
12-28 17:40:37.889   506  9488 I CAMERA_SENSOR: [start_accel_sensor] Error while waiting for response message 110
12-28 17:40:37.890   506  9488 D mm-camera: mct: mct_pipeline_start_session_thread: X imglib
12-28 17:40:37.891   506   506 E mm-camera: sensor_get_cur_chromatix_name:2577Error: Load default preview chroamtix
12-28 17:40:37.892   506   506 E mm-camera-sensor: chromatix_load_library_ex : chromatix = libchromatix_imx234_snapshot.so , lib name = /system/vendor/lib/libchromatix_imx234_snapshot.so
12-28 17:40:37.892   506   506 E mm-camera-sensor: chromatix_load_library_ex : chromatix = libchromatix_imx234_snapshot.so , lib name = /system/vendor/lib/libchromatix_imx234_snapshot.so
12-28 17:40:37.893   506   506 E mm-camera-sensor: chromatix_load_library_ex : chromatix = libchromatix_imx234_common.so , lib name = /system/vendor/lib/libchromatix_imx234_common.so
12-28 17:40:37.893   506   506 E mm-camera-sensor: chromatix_load_library_ex : chromatix = libchromatix_imx234_cpp_snapshot.so , lib name = /system/vendor/lib/libchromatix_imx234_cpp_snapshot.so
12-28 17:40:37.893   506   506 E mm-camera-sensor: chromatix_load_library_ex : chromatix = libchromatix_imx234_cpp_snapshot.so , lib name = /system/vendor/lib/libchromatix_imx234_cpp_snapshot.so
12-28 17:40:37.893   506   506 E mm-camera-sensor: chromatix_load_library_ex : chromatix = libchromatix_imx234_cpp_flash_snapshot.so , lib name = /system/vendor/lib/libchromatix_imx234_cpp_flash_snapshot.so
12-28 17:40:37.893   506   506 E mm-camera-sensor: chromatix_load_library_ex : chromatix = libchromatix_imx234_cpp_video.so , lib name = /system/vendor/lib/libchromatix_imx234_cpp_video.so
12-28 17:40:37.894   506   506 E mm-camera-sensor: chromatix_load_library_ex : chromatix = libchromatix_imx234_postproc.so , lib name = /system/vendor/lib/libchromatix_imx234_postproc.so
12-28 17:40:37.900   506   506 E mm-camera-isp2: isp_resource_query_mod:145 num_isp_preallocate 1 num_session_opened 1 dual_vfe_enabled 0
12-28 17:40:37.900   506   506 E mm-camera: module_faceproc_query_mod:1996] Caps ROI 5 scene_mode_cnt 1 HW analysis supported 0
12-28 17:40:37.901   506   506 D mm-camera: mct: mct_pipeline_process_set:command=800000a
12-28 17:40:37.901   506   506 D mm-camera: mct: mct_pipeline_process_set: Adding new stream: id [0f]
12-28 17:40:37.901   506   506 D mm-camera: mct: mct_pipeline_process_set:command=8000012
12-28 17:40:37.901   506   506 D mm-camera: mct: mct_stream_start_link: Start linking Session-stream 0x1000f
12-28 17:40:37.901   506   506 I mm-camera: module_iface_set_mod_func: set module type = 8, identity 1000f
12-28 17:40:37.901   506   506 E mm-camera: isp_port_check_caps_reserve:737 port 0xf0361ac0 ide 1000f type 10 dim 0 0
12-28 17:40:37.901   506   506 E mm-camera: int_link = 0xf03640e0
12-28 17:40:37.901   506   506 I mm-camera: pproc_port_add_modules_to_stream:433, linking mods tmod and c2d
12-28 17:40:37.906   506   506 I mm-camera: pproc_port_add_modules_to_stream:433, linking mods c2d and cpp
12-28 17:40:37.906   506   506 E mm-camera: Interleaved flag is 0, identity 65551 port type 0
12-28 17:40:37.906   506   506 I mm-camera: pproc_port_add_modules_to_stream:433, linking mods cpp and afs
12-28 17:40:37.907   506   506 I mm-camera: pproc_port_add_modules_to_stream:433, linking mods afs and ezt
12-28 17:40:37.907   506   506 E mm-camera: pproc_port_add_modules_to_stream:454] X rc: 1
12-28 17:40:38.918   506   506 E mm-camera: dsps_send_request:531  dsps_send_request: Request response timed out
12-28 17:40:38.918   506   506 E mm-camera: 
12-28 17:40:38.918   506   506 E mm-camera: dsps_proc_set_params_gravity:179  dsps_proc_set_params_gravity Error sending request
12-28 17:40:38.919   506   506 E mm-camera: gyro_port_enable_disable_sensor_request:803  gyro_port_enable_disable_sensor_request: Gravity enable req failed
12-28 17:40:39.923   506   506 E mm-camera: dsps_send_request:531  dsps_send_request: Request response timed out
12-28 17:40:39.923   506   506 E mm-camera: 
12-28 17:40:39.923   506   506 E mm-camera: dsps_proc_set_params_gravity:179  dsps_proc_set_params_gravity Error sending request
12-28 17:40:39.925   506   506 D mm-camera: mct: mct_pipeline_process_set: Linking successful for stream 0x1000f stream type=10
12-28 17:40:39.938  5964  9402 W Camera2-Parameters: initialize: Camera 0: Unknown preview format: 24
12-28 17:40:39.939  5964  9402 W Camera2-Parameters: initialize: Camera 0: Unknown preview format: 25
12-28 17:40:39.945  5964  9402 I Camera2-Parameters: Camera 0: Disabling ZSL mode
12-28 17:40:39.945  5964  9402 I Camera2-Parameters: initialize: allowZslMode: 0 slowJpegMode 1
12-28 17:40:39.954  5964  9402 I Camera2Client: Camera 1: Closed
12-28 17:40:39.955  5964  9402 I Camera2ClientBase: Closed Camera 1. Client was: org.telegram.messenger (PID 7577, UID 10077)
12-28 17:40:39.985  5964  5964 I QCamera3HWI: int qcamera::QCamera3HardwareInterface::configureStreams(camera3_stream_configuration_t*): Limited maxViewfinderSize to 2047x1536
12-28 17:40:39.986  5964  5964 I QCamera3HWI: int qcamera::QCamera3HardwareInterface::configureStreams(camera3_stream_configuration_t*): stream[0] type = 0, format = 34, width = 1536, height = 864
12-28 17:40:39.986  5964  5964 I QCamera3HWI: int qcamera::QCamera3HardwareInterface::configureStreams(camera3_stream_configuration_t*): stream[1] type = 0, format = 33, width = 1280, height = 720
12-28 17:40:39.988   506  9518 D mm-camera: mct: mct_pipeline_process_set:command=800000a
12-28 17:40:39.988   506  9518 D mm-camera: mct: mct_pipeline_process_set: Adding new stream: id [01]
12-28 17:40:39.990   506  9518 D mm-camera: mct: mct_pipeline_process_set:command=8000012
12-28 17:40:39.990   506  9518 D mm-camera: mct: mct_stream_start_link: Link Metadata stream 0x10001: do nothing 
12-28 17:40:39.991   506  9518 D mm-camera: mct: mct_pipeline_process_set: Linking successful for stream 0x10001 stream type=7
12-28 17:40:39.991  5964  5964 E mm-camera-intf: mm_stream_get_v4l2_fmt: Unknown fmt=100
12-28 17:40:39.991   506  9518 D mm-camera: mct: mct_pipeline_process_set:command=8000004
12-28 17:40:40.071  5964  5964 E Camera3-Device: configureStreams: Stream 1: DataSpace override not allowed for format 0x21
12-28 17:40:40.076  5964  5964 D Camera3-Device: Set real time priority for request queue thread (tid 9525)
12-28 17:40:40.143   506   506 I mm-qcamera-daem: type=1400 audit(0.0:1030): avc: denied { ioctl } for path="/dev/video0" dev="tmpfs" ino=10434 ioctlcmd=5659 scontext=u:r:init:s0 tcontext=u:object_r:video_device:s0 tclass=chr_file permissive=1
12-28 17:40:40.149   506  9518 E mm-camera: sensor_set_frame_rate:1176max fps 30.000000 min fps 2.000000,fixed_frame_rate=0 
12-28 17:40:40.149   506  9518 E mm-camera: iface_util_set_hfr: can't find hw stream, only save hfr mode
12-28 17:40:40.150   506  9518 E mm-camera-sensor: sensor_pick_fill_expected_data:410ex_w:1536, ex_h:864,ex_mode:1, ex_fps:30.000000, ex_clk:0, ex_ar: 177
12-28 17:40:40.150   506  9518 E mm-camera-sensor: sensor_pick_resolution:722 res_idx: 0
12-28 17:40:40.150   506  9518 E mm-camera: isp_util_print_meta_stream_info:5521 Stream type 1 Resolution: 1536x864 pp_mask: 0x68e
12-28 17:40:40.150   506  9518 E mm-camera: isp_util_print_meta_stream_info:5521 Stream type 3 Resolution: 1280x720 pp_mask: 0x0
12-28 17:40:40.150   506  9518 E mm-camera: isp_util_print_meta_stream_info:5521 Stream type 11 Resolution: 640x480 pp_mask: 0x1
12-28 17:40:40.150   506  9518 E mm-camera-isp2: __debug__ stream_num =3
12-28 17:40:40.150   506  9518 E mm-camera-isp2: __debug__ stream_type=1
12-28 17:40:40.150   506  9518 E mm-camera-isp2: __debug__ stream_type=3
12-28 17:40:40.150   506  9518 E mm-camera-isp2: __debug__ stream_type=11
12-28 17:40:40.150   506  9518 E mm-camera-isp2: __debug__ use_snapshot=1, use_preview=1
12-28 17:40:40.152   506  9518 E mm-camera: isp_util_decide_stream_mapping:5483 stream_port_map num streams 3
12-28 17:40:40.153   506  9518 E mm-camera: isp_util_decide_stream_mapping:5493 INFO: type 1 resolution 1536x864 hw_stream 0 need_native_buff 1 controllable_output 0 shared_output 0
12-28 17:40:40.154   506  9518 E mm-camera: isp_util_decide_stream_mapping:5493 INFO: type 3 resolution 1280x720 hw_stream 1 need_native_buff 0 controllable_output 1 shared_output 0
12-28 17:40:40.154   506  9518 E mm-camera: isp_util_decide_stream_mapping:5493 INFO: type 11 resolution 640x480 hw_stream 0 need_native_buff 1 controllable_output 0 shared_output 0
12-28 17:40:40.154   506  9518 E mm-camera-isp2: isp_stream_resource_allocate:2485 ide 1000f type 10 hw stream 0
12-28 17:40:40.154   506  9518 E mm-camera-isp2: isp_stream_resource_allocate:2485 ide 1000f type 10 hw stream 1
12-28 17:40:40.159   506  9518 E mm-camera: sensor_set_max_dimension:3751raw w 1536 h 864
12-28 17:40:40.160   506  9518 E mm-camera-sensor: sensor_pick_fill_expected_data:410ex_w:1536, ex_h:864,ex_mode:1, ex_fps:30.000000, ex_clk:0, ex_ar: 177
12-28 17:40:40.161   506  9518 E mm-camera-sensor: sensor_pick_resolution:722 res_idx: 0
12-28 17:40:40.161   506  9518 E mm-camera: sensor_get_raw_dimension:3813pick res 0
12-28 17:40:40.161   506  9518 E mm-camera: sensor_get_raw_dimension:3828raw w 5312 h 2988
12-28 17:40:40.163  5964  9525 I QCamera3HWI: int32_t qcamera::QCamera3HardwareInterface::getSensorOutputSize(cam_dimension_t&): sensor output dimension = 5312 x 2988
12-28 17:40:40.163  5964  9525 I QCamera3CropRegionMapper: void qcamera::QCamera3CropRegionMapper::update(uint32_t, uint32_t, uint32_t, uint32_t): active_array: 5312 x 2988, sensor size 5312 x 2988
12-28 17:40:40.165   506  9518 D mm-camera: mct: mct_pipeline_process_set:command=800000a
12-28 17:40:40.165   506  9518 D mm-camera: mct: mct_pipeline_process_set: Adding new stream: id [02]
12-28 17:40:40.168   506  9518 D mm-camera: mct: mct_pipeline_process_set:command=8000012
12-28 17:40:40.168   506  9518 D mm-camera: mct: mct_stream_start_link: Start linking preview stream 0x10002
12-28 17:40:40.168   506  9518 D mm-camera: mct: mct_stream_start_link: non secure stream linking 
12-28 17:40:40.168   506  9518 I mm-camera: module_iface_set_mod_func: set module type = 8, identity 10002
12-28 17:40:40.168   506  9518 E mm-camera: isp_port_check_caps_reserve:737 port 0xf0361ac0 ide 10002 type 1 dim 1536 864
12-28 17:40:40.169   506  9518 E mm-camera-isp2: isp_stream_resource_allocate:2389 i 0 hw_stream 1
12-28 17:40:40.169   506  9518 E mm-camera-isp2: isp_stream_resource_allocate:2485 ide 10002 type 1 hw stream 0
12-28 17:40:40.170   506  9518 E mm-camera: int_link = 0xf03641a0
12-28 17:40:40.170   506  9518 I mm-camera: pproc_port_add_modules_to_stream:433, linking mods tmod and afs
12-28 17:40:40.171   506  9518 I mm-camera: pproc_port_add_modules_to_stream:433, linking mods afs and cpp
12-28 17:40:40.171   506  9518 E mm-camera: module_afs_acquire_port:582] Port already reserved
12-28 17:40:40.171   506  9518 E mm-camera: module_afs_port_check_caps_reserve:1452] Error acquiring port
12-28 17:40:40.171   506  9518 I mm-camera: pproc_port_add_modules_to_stream:433, linking mods cpp and ezt
12-28 17:40:40.171   506  9518 E mm-camera: pproc_port_add_modules_to_stream:454] X rc: 1
12-28 17:40:40.172   506  9518 D mm-camera: mct: mct_pipeline_process_set: Linking successful for stream 0x10002 stream type=1
12-28 17:40:40.173   506  9518 D mm-camera: mct: mct_pipeline_process_set:command=8000004
12-28 17:40:40.176   506  9518 D mm-camera: mct: mct_pipeline_process_set:command=800000a
12-28 17:40:40.176   506  9518 D mm-camera: mct: mct_pipeline_process_set: Adding new stream: id [03]
12-28 17:40:40.178   506  9518 D mm-camera: mct: mct_pipeline_process_set:command=8000012
12-28 17:40:40.178   506  9518 D mm-camera: mct: mct_stream_start_link: Start linking snapshot stream 0x10003
12-28 17:40:40.178   506  9518 I mm-camera: module_iface_set_mod_func: set module type = 8, identity 10003
12-28 17:40:40.179   506  9518 E mm-camera: isp_port_check_caps_reserve:737 port 0xf0361ac0 ide 10003 type 3 dim 1280 720
12-28 17:40:40.179   506  9518 E mm-camera-isp2: isp_stream_resource_allocate:2389 i 1 hw_stream 1
12-28 17:40:40.179   506  9518 E mm-camera-isp2: isp_stream_resource_allocate:2485 ide 10003 type 3 hw stream 1
12-28 17:40:40.181   506  9518 D mm-camera: mct: mct_pipeline_process_set: Linking successful for stream 0x10003 stream type=3
12-28 17:40:40.182   506  9518 D mm-camera: mct: mct_pipeline_process_set:command=8000004
12-28 17:40:40.184   506  9518 D mm-camera: mct: mct_pipeline_process_set:command=800000a
12-28 17:40:40.184   506  9518 D mm-camera: mct: mct_pipeline_process_set: Adding new stream: id [04]
12-28 17:40:40.186   506  9518 D mm-camera: mct: mct_pipeline_process_set:command=8000012
12-28 17:40:40.186   506  9518 D mm-camera: mct: mct_stream_start_link: Starting Analysis stream linking
12-28 17:40:40.186   506  9518 I mm-camera: module_iface_set_mod_func: set module type = 8, identity 10004
12-28 17:40:40.187   506  9518 E mm-camera: isp_port_check_caps_reserve:737 port 0xf0361ac0 ide 10004 type 11 dim 640 480
12-28 17:40:40.187   506  9518 E mm-camera-isp2: isp_stream_resource_allocate:2389 i 0 hw_stream 1
12-28 17:40:40.187   506  9518 E mm-camera-isp2: isp_stream_resource_allocate:2485 ide 10004 type 11 hw stream 0
12-28 17:40:40.189   506  9518 E mm-camera: int_link = 0xf03641a0
12-28 17:40:40.189   506  9518 E mm-camera: pproc_port_add_modules_to_stream:454] X rc: 1
12-28 17:40:40.190   506  9518 D mm-camera: mct: mct_pipeline_process_set: Linking successful for stream 0x10004 stream type=11
12-28 17:40:40.190   506  9518 D mm-camera: mct: mct_pipeline_process_set:command=8000004
12-28 17:40:40.246   506  9518 D mm-camera: mct: mct_pipeline_process_set:command=8000008
12-28 17:40:40.246   506  9518 D mm-camera: mct: mct_pipeline_process_set: STREAM-ON on stream 0x10001 stream type=7
12-28 17:40:40.246   506  9518 D mm-camera: mct: mct_pipeline_process_set: STREAM-ON success for stream 0x10001, stream type=7
12-28 17:40:40.293   506  9518 D mm-camera: mct: mct_pipeline_process_set:command=8000008
12-28 17:40:40.293   506  9518 D mm-camera: mct: mct_pipeline_process_set: STREAM-ON on stream 0x10004 stream type=11
12-28 17:40:40.293   506  9518 E mm-camera-sensor: sensor_pick_fill_expected_data:410ex_w:1536, ex_h:864,ex_mode:1, ex_fps:30.000000, ex_clk:0, ex_ar: 177
12-28 17:40:40.293   506  9518 E mm-camera-sensor: sensor_pick_resolution:722 res_idx: 0
12-28 17:40:40.301   506  9518 E mm-camera: sensor_set_resolution:2067send sesor mode command to sensor , res : 0
12-28 17:40:40.302   506  9518 E mm-camera: sensor_get_resolution_info:3340full 5312 2988 out 5312 2988 offset 0 0 scale 1
12-28 17:40:40.302   506  9510 E mm-camera-CORE: awb_set_parameters: param->u.camsensor_position=0 
12-28 17:40:40.303   506  9518 E mm-camera: af_port_handle_sensor_update:2659  Depth_Err: actuator sensitivity: 0.000000 is invalid
12-28 17:40:40.303   506  9518 E mm-camera: sensor_get_resolution_info:3340full 5312 2988 out 5312 2988 offset 0 0 scale 1
12-28 17:40:40.303   506  9518 E mm-camera-sensor: af_actuator_set_params:359E
12-28 17:40:40.304   506  9518 E mm-camera-sensor: sensor_sdk_util_get_kernel_i2c_data_type:40Invalid addr_type = 0
12-28 17:40:40.304   506  9518 E mm-camera-sensor: sensor_sdk_util_get_kernel_i2c_addr_type:26Invalid addr_type = 0
12-28 17:40:40.309   506  9510 E mm-camera-CORE: aec_set_parse_chromatix: Andy_Test sensor flag 5
12-28 17:40:40.310   506  9510 E mm-camera-CORE: awb_set_parse_chromatix: Andy_Test sensor flag 5
12-28 17:40:40.315  9543  9543 I CAM_eztuneSrvr: type=1400 audit(0.0:1031): avc: denied { create } for scontext=u:r:init:s0 tcontext=u:r:init:s0 tclass=tcp_socket permissive=1
12-28 17:40:40.315  9543  9543 I CAM_eztuneSrvr: type=1400 audit(0.0:1032): avc: denied { setopt } for scontext=u:r:init:s0 tcontext=u:r:init:s0 tclass=tcp_socket permissive=1
12-28 17:40:40.315  9543  9543 I CAM_eztuneSrvr: type=1400 audit(0.0:1033): avc: denied { bind } for scontext=u:r:init:s0 tcontext=u:r:init:s0 tclass=tcp_socket permissive=1
12-28 17:40:40.315  9543  9543 I CAM_eztuneSrvr: type=1400 audit(0.0:1034): avc: denied { node_bind } for src=55555 scontext=u:r:init:s0 tcontext=u:object_r:node:s0 tclass=tcp_socket permissive=1
12-28 17:40:40.315  9543  9543 I CAM_eztuneSrvr: type=1400 audit(0.0:1035): avc: denied { listen } for lport=55555 scontext=u:r:init:s0 tcontext=u:r:init:s0 tclass=tcp_socket permissive=1
12-28 17:40:40.315   506  9518 I mm-camera-eztune: vendor/qcom/proprietary/mm-camera/mm-camera2/server-tuning/tuning/eztune_interface.cpp(340): "Create Server : 0xee6a5300"
12-28 17:40:40.318   506  9543 I mm-camera-eztune: vendor/qcom/proprietary/mm-camera/mm-camera2/server-tuning/tuning/eztune_interface.cpp(47): "Server: Waiting on new connection...\n"
12-28 17:40:40.319   506  9518 I mm-camera-eztune: vendor/qcom/proprietary/mm-camera/mm-camera2/server-tuning/tuning/eztune_interface.cpp(340): "Create Server : 0xee6a5380"
12-28 17:40:40.321   506  9518 E mm-camera: af_port_send_af_checksum_to_module_sensor
12-28 17:40:40.321   506  9544 I mm-camera-eztune: vendor/qcom/proprietary/mm-camera/mm-camera2/server-tuning/tuning/eztune_interface.cpp(47): "Server: Waiting on new connection...\n"
12-28 17:40:40.321   506  9518 E mm-camera-sensor: port_sensor_handle_upstream_module_event:1588MCT_EVENT_MODULE_AF_CHECKSUM_EVENT, af_checksum_ok 1
12-28 17:40:40.322   506  9511 E mm-camera: af_config_lgaf_cal_e2p_cal_to_fit_90degree, actuator type=5, pos_diff_zero_to_nine = 0
12-28 17:40:40.322   506  9511 E mm-camera: af_config_lgaf_cal_e2p_cal_to_fit_90degree, 90 degree starting_dac = 350, infinity_dac = 0, macro_dac = 350
12-28 17:40:40.322   506  9511 E mm-camera: [ACCEL_SENSOR_USE_AF_DEBUG] af_set_init_data: accel [#not#] enable
12-28 17:40:40.322   506  9511 E mm-camera: af_set_init_data: property_get: persist.camera.af.data 335
12-28 17:40:40.323   506  9518 E mm-camera-isp2: mesh_rolloff44_set_parm_tintless:3577 <tintless_dbg> 0
12-28 17:40:40.323   506  9518 E mm-camera-isp2: mesh_rolloff44_request_stats_type:3839 1 0
12-28 17:40:40.324   506  9518 E mm-camera-isp2: isp_resource_get_stats_type_mask:1421 enable_stats_mask d98
12-28 17:40:40.324   506  9518 E mm-camera-isp2: scaler44_handle_isp_private_event:1599 failed: invalid private event 16
12-28 17:40:40.324   506  9518 I chatty  : uid=1006(camera) CAM_MctCtrl identical 1 line
12-28 17:40:40.325   506  9518 E mm-camera-isp2: scaler44_handle_isp_private_event:1599 failed: invalid private event 16
12-28 17:40:40.326   506  9510 E mm-camera-CORE: aec_set_crop:333  aec_set_crop: Aec_Error: VFE crop info received is null
12-28 17:40:40.326   506  9511 E mm-camera: af_util_cur_pos_after_lens_move: After move: FV: 0 CurPosition: 350
12-28 17:40:40.329   506  9518 E mm-camera: iface_util_io_cfg: 6428is_split 0
12-28 17:40:40.342   506  9518 E mm-camera-isp2: scaler44_handle_isp_private_event:1599 failed: invalid private event 17
12-28 17:40:40.343   506  9518 E mm-camera-isp2: scaler44_handle_isp_private_event:1599 failed: invalid private event 17
12-28 17:40:40.343   506  9518 E mm-camera-isp2: bpc44_run_abcc_algo:212 No defective pixels set by sensor event
12-28 17:40:40.343   506  9518 E mm-camera-isp2: isp_sub_module_port_process_downstream_ctrl_event:946 failed: mct event 1 int_event 0
12-28 17:40:40.346   506  9518 E mm-camera: af_port_restart_proxy_value
12-28 17:40:40.347   506  9518 E mm-camera-sensor: sensor_proxy_thread_restart:231enter
12-28 17:40:40.347   506  9518 E mm-camera-sensor: port_sensor_handle_upstream_module_event:1569PROXY_THREAD_RESTART OK
12-28 17:40:40.347   506  9518 E mm-camera-sensor: 
12-28 17:40:40.347   506  9518 E mm-camera-sensor: proxy_thread_start:274p_thread, enter
12-28 17:40:40.347   506  9518 E mm-camera-sensor: proxy_thread_start:281p_thread,end
12-28 17:40:40.347   506  9518 E mm-camera-img: faceproc_comp_get_param:299] Error
12-28 17:40:40.347   506  9518 E mm-camera: module_faceproc_client_use_int_bufs:792] rc -4
12-28 17:40:40.355   506  9518 E mm-camera-isp2: bg_stats44_trigger_update:388 bg_rgn_width 83 bg_rgn_height 62
12-28 17:40:40.355   506  9518 E mm-camera-isp2: be_stats44_trigger_update:449 failed Denomitor is zero hnum 0 vnum 0
12-28 17:40:40.357   506  9518 E mm-camera-isp2: scaler44_handle_isp_private_event:1599 failed: invalid private event 17
12-28 17:40:40.357   506  9518 E mm-camera-isp2: scaler44_handle_isp_private_event:1599 failed: invalid private event 17
12-28 17:40:40.391   506   506 I mm-qcamera-daem: type=1400 audit(0.0:1036): avc: denied { use } for path="anon_inode:dmabuf" dev="anon_inodefs" ino=8711 scontext=u:r:init:s0 tcontext=u:r:hal_graphics_allocator_default:s0 tclass=fd permissive=1
12-28 17:40:40.391   506  9518 E mm-camera: sensor_set_start_stream:1354set preview tune for LGE Camera app, isVT = 0
12-28 17:40:40.391   506  9518 D mm-camera: mct: start_sof_check_thread: Starting SOF timeout thread, timeout 5000000000
12-28 17:40:40.392   506  9518 E mm-camera: sensor_set_frame_rate:1176max fps 30.000000 min fps 2.000000,fixed_frame_rate=0 
12-28 17:40:40.392   506  9518 E mm-camera: sensor_set_frame_rate:1196set_fps=30.000000 , max_fps=30.030001, current_fps_div =-1610612736
12-28 17:40:40.393   506  9518 D mm-camera: mct: mct_pipeline_process_set: STREAM-ON success for stream 0x10004, stream type=11
12-28 17:40:40.395   506  9518 D mm-camera: mct: mct_pipeline_process_set:command=8000008
12-28 17:40:40.396   506  9518 D mm-camera: mct: mct_pipeline_process_set: STREAM-ON on stream 0x10002 stream type=1
12-28 17:40:40.396   506  9518 E mm-camera: iface_sink_port_stream_config: port state = 3, skip set stream config
12-28 17:40:40.396   506  9486 E mm-camera: iface_util_update_streamon_id:skip, hw stream state = 3, hw stream id = 10002, mct streamon id = 4
12-28 17:40:40.396   506  9486 E mm-camera: iface_util_add_user_stream_to_hw_stream: hw stream already streaming. hw stream id 10002, is_share_hw_stream?0
12-28 17:40:40.396   506  9518 E mm-camera-isp2: scaler44_handle_isp_private_event:1599 failed: invalid private event 17
12-28 17:40:40.396   506  9518 E mm-camera-isp2: scaler44_handle_isp_private_event:1599 failed: invalid private event 17
12-28 17:40:40.397   506  9518 E mm-camera-sensor: port_sensor_handle_upstream_module_event:1510TCS_THREAD_RESTART ok
12-28 17:40:40.397   506  9518 E mm-camera-sensor: tcs_thread_start:318tcs_thread, enter
12-28 17:40:40.397   506  9518 E mm-camera-sensor: tcs_thread_start:325tcs_thread, end
12-28 17:40:40.398   506  9518 E mm-camera: af_port_restart_proxy_value
12-28 17:40:40.399   506  9518 E mm-camera-sensor: sensor_proxy_thread_restart:231enter
12-28 17:40:40.399   506  9518 E mm-camera-sensor: port_sensor_handle_upstream_module_event:1569PROXY_THREAD_RESTART OK
12-28 17:40:40.399   506  9518 E mm-camera-sensor: 
12-28 17:40:40.399   506  9518 E mm-camera-sensor: proxy_thread_start:274p_thread, enter
12-28 17:40:40.399   506  9518 E mm-camera-sensor: proxy_thread_start:281p_thread,end
12-28 17:40:40.402   506  9498 E mm-camera: :cpp_hardware_set_clock:333 Set clock 320000000 BW abg 1280000000 BW inst 1920000000
12-28 17:40:40.404   506  9551 I mm-camera-eztune: vendor/qcom/proprietary/mm-camera/mm-camera2/server-tuning/tuning/eztune_process.cpp(445): "EZTune: ResumeTuningSession applying 0 items"
12-28 17:40:40.408   506  9518 D mm-camera: mct: mct_pipeline_process_set: STREAM-ON success for stream 0x10002, stream type=1
12-28 17:40:40.420   506  9545 E mm-camera: iface_util_broadcast_sof_msg_to_modules: E, session_d 1, stream_id 2 sof_cnt 1
12-28 17:40:40.421   506  9510 E mm-camera-CORE: aec_process_pack_stats_config:7328  aec_process_pack_stats_config invalid inputs to translate dimensions for  fov 2 camif 
12-28 17:40:40.423   506  9511 E mm-camera: af_util_adjust_roi_lgaf, af_is_touchshot 0, af_touchshot_mode 0
12-28 17:40:40.423   506  9511 E mm-camera: af_util_adjust_roi_lgaf: vfe_map: 5312 x 2988, pp_crop_out: 1536 x 864, preview: 1536 x 864, Input Zoom factor: 1.000000, zoom_level = 0
12-28 17:40:40.423   506  9511 E mm-camera: af_util_adjust_roi_lgaf: Default ROI
12-28 17:40:40.423   506  9511 E mm-camera: af_util_adjust_roi_lgaf: Calculated new ROI: Primary: (1860, 1046, 1592 896) Scale: (1860, 1046, 1592, 896)
