--------- beginning of system
02-14 16:18:47.681   457   457 I vold    : Vold 3.0 (the awakening) firing up
02-14 16:18:47.681   457   457 V vold    : Detected support for: exfat ext4 f2fs ntfs vfat
02-14 16:18:47.697   457   460 D vold    : e4crypt_init_user0
02-14 16:18:47.697   457   460 D vold    : e4crypt_prepare_user_storage for volume null, user 0, serial 0, flags 1
02-14 16:18:47.697   457   460 D vold    : Preparing: /data/system/users/0
02-14 16:18:47.698   457   460 D vold    : Preparing: /data/misc/profiles/cur/0
02-14 16:18:47.698   457   460 D vold    : Preparing: /data/system_de/0
02-14 16:18:47.698   457   460 D vold    : Preparing: /data/misc_de/0
02-14 16:18:47.699   457   460 D vold    : Preparing: /data/user_de/0
02-14 16:18:47.699   457   460 D vold    : e4crypt_unlock_user_key 0 serial=0 token_present=0
02-14 16:18:48.761   513   513 I android.hardware.wifi@1.0-service: Wifi Hal is booting up...
02-14 16:18:48.850   525   525 I irsc_util: Starting irsc tool
02-14 16:18:48.857   525   525 I irsc_util: Num of entries:293
02-14 16:18:48.858   525   525 I irsc_util: Ending irsc tool
02-23 00:03:08.061   627   627 I installd: installd firing up
02-23 00:03:08.191   712   712 I wificond: wificond is starting up...
02-23 00:03:08.563   569   804 I QISL    : QSEE Interrupt Service Listener Thread is started
02-23 00:03:08.569   569   804 I QISL    : QSEE Interrupt Service Listener was activated successfully
02-23 00:03:08.924   467   467 D Zygote64Timing: BeginIcuCachePinning took to complete: 58ms
02-23 00:03:09.418   468   468 D Zygote32Timing: PostZygoteInitGC took to complete: 71ms
02-23 00:03:09.418   468   468 D Zygote32Timing: ZygoteInit took to complete: 77ms
02-23 00:03:09.542   467   467 D Zygote64Timing: PreloadClasses took to complete: 618ms
02-23 00:03:09.684   467   467 D Zygote64Timing: PreloadResources took to complete: 143ms
02-23 00:03:09.758   467   467 D Zygote64Timing: ZygotePreload took to complete: 892ms
02-23 00:03:09.796   467   467 D Zygote64Timing: PostZygoteInitGC took to complete: 38ms
02-23 00:03:09.796   467   467 D Zygote64Timing: ZygoteInit took to complete: 932ms
02-23 00:03:10.081  1014  1014 I SystemServer: InitBeforeStartServices
02-23 00:03:10.081  1014  1014 I SystemServer: Entered the Android system server!
02-23 00:03:10.228  1014  1014 D SystemServerTiming: InitBeforeStartServices took to complete: 147ms
02-23 00:03:10.228  1014  1014 I SystemServer: StartServices
02-23 00:03:10.229  1014  1014 I SystemServer: Reading configuration...
02-23 00:03:10.229  1014  1014 I SystemServer: ReadingSystemConfig
02-23 00:03:10.229  1014  1014 D SystemServerTiming: ReadingSystemConfig took to complete: 1ms
02-23 00:03:10.230  1014  1014 I SystemServer: StartInstaller
02-23 00:03:10.230  1014  1014 I SystemServiceManager: Starting com.android.server.pm.Installer
02-23 00:03:10.231  1014  1056 D SystemServerInitThreadPool: Started executing ReadingSystemConfig
02-23 00:03:10.236  1014  1014 D SystemServerTiming: StartInstaller took to complete: 6ms
02-23 00:03:10.236  1014  1014 I SystemServer: DeviceIdentifiersPolicyService
02-23 00:03:10.236  1014  1014 I SystemServiceManager: Starting com.android.server.os.DeviceIdentifiersPolicyService
02-23 00:03:10.238  1014  1014 D SystemServerTiming: DeviceIdentifiersPolicyService took to complete: 2ms
02-23 00:03:10.238  1014  1014 I SystemServer: StartActivityManager
02-23 00:03:10.238  1014  1014 I SystemServiceManager: Starting com.android.server.am.ActivityManagerService$Lifecycle
02-23 00:03:10.273  1014  1014 I ActivityManager: Memory class: 256
02-23 00:03:10.274  1014  1062 I ServiceThread: Enabled StrictMode logging for ActivityManager looper.
02-23 00:03:10.275  1014  1063 I ServiceThread: Enabled StrictMode logging for android.ui looper.
02-23 00:03:10.297  1014  1014 D BatteryStatsImpl: Reading daily items from /data/system/batterystats-daily.xml
02-23 00:03:10.315  1014  1067 E BatteryExternalStatsWorker: no controller energy info supplied for telephony
02-23 00:03:10.317  1014  1067 E KernelUidCpuFreqTimeReader: Failed to read /proc/uid_time_in_state: java.io.FileNotFoundException: /proc/uid_time_in_state (No such file or directory)
02-23 00:03:10.370  1014  1056 D SystemServerInitThreadPool: Finished executing ReadingSystemConfig
02-23 00:03:10.409  1014  1014 I IntentFirewall: Read new rules (A:0 B:0 S:0)
02-23 00:03:10.413  1014  1085 I ServiceThread: Enabled StrictMode logging for android.display looper.
02-23 00:03:10.425  1014  1014 D AppOps  : AppOpsService published
02-23 00:03:10.426  1014  1014 D SystemServerTiming: StartActivityManager took to complete: 187ms
02-23 00:03:10.426  1014  1014 I SystemServer: StartPowerManager
02-23 00:03:10.426  1014  1014 I SystemServiceManager: Starting com.android.server.power.PowerManagerService
02-23 00:03:10.432  1014  1087 I ServiceThread: Enabled StrictMode logging for PowerManagerService looper.
02-23 00:03:10.446  1014  1014 D SystemServerTiming: StartPowerManager took to complete: 20ms
02-23 00:03:10.446  1014  1014 I SystemServer: InitPowerManagement
02-23 00:03:10.449  1014  1014 D SystemServerTiming: InitPowerManagement took to complete: 2ms
02-23 00:03:10.449  1014  1014 I SystemServer: StartRecoverySystemService
02-23 00:03:10.449  1014  1014 I SystemServiceManager: Starting com.android.server.RecoverySystemService
02-23 00:03:10.453  1014  1014 D SystemServerTiming: StartRecoverySystemService took to complete: 4ms
02-23 00:03:10.454  1014  1014 V RescueParty: Disabled because of active USB connection
02-23 00:03:10.454  1014  1014 I SystemServer: StartLightsService
02-23 00:03:10.454  1014  1014 I SystemServiceManager: Starting com.android.server.lights.LightsService
02-23 00:03:10.455  1014  1014 D SystemServerTiming: StartLightsService took to complete: 1ms
02-23 00:03:10.455  1014  1014 I SystemServer: StartDisplayManager
02-23 00:03:10.455  1014  1014 I SystemServiceManager: Starting com.android.server.display.DisplayManagerService
02-23 00:03:10.459  1014  1014 D SystemServerTiming: StartDisplayManager took to complete: 4ms
02-23 00:03:10.459  1014  1014 I SystemServer: WaitForDisplay
02-23 00:03:10.459  1014  1014 I SystemServiceManager: Starting phase 100
02-23 00:03:10.467  1014  1085 I DisplayManagerService: Display device added: DisplayDeviceInfo{"Ενσωματωμένη οθόνη": uniqueId="local:0", 1080 x 1920, modeId 1, defaultModeId 1, supportedModes [{id=1, width=1080, height=1920, fps=60.000004}], colorMode 0, supportedColorModes [0], HdrCapabilities android.view.Display$HdrCapabilities@1d6308, density 480, 403.411 x 399.737 dpi, appVsyncOff 2000000, presDeadline 11666666, touch INTERNAL, rotation 0, type BUILT_IN, state UNKNOWN, FLAG_DEFAULT_DISPLAY, FLAG_ROTATES_WITH_CONTENT, FLAG_SECURE, FLAG_SUPPORTS_PROTECTED_BUFFERS}
02-23 00:03:10.475  1014  1085 I DisplayManagerService: Display device changed state: "Ενσωματωμένη οθόνη", ON
02-23 00:03:10.476  1014  1014 D SystemServerTiming: WaitForDisplay took to complete: 17ms
02-23 00:03:10.476  1014  1014 I SystemServer: StartPackageManagerService
02-23 00:03:10.489  1014  1086 W ProcessCpuTracker: Skipping unknown process pid 1080
02-23 00:03:10.498  1014  1014 D SELinuxMMAC: Using policy file /system/etc/selinux/plat_mac_permissions.xml
02-23 00:03:10.500  1014  1014 D SELinuxMMAC: Using policy file /vendor/etc/selinux/nonplat_mac_permissions.xml
02-23 00:03:10.608  1014  1014 I PackageManager: Upgrading from Sat  3 Feb 12:16:38 CET 2018 to Thu 22 Feb 21:37:29 CET 2018
02-23 00:03:10.754  1014  1014 I PackageManager: /vendor/overlay/WhiteTheme changed; collecting certs
02-23 00:03:10.774  1014  1014 W PackageManager: Failed to parse /system/framework/arm: Missing base APK in /system/framework/arm
02-23 00:03:10.777  1014  1014 W PackageManager: Failed to parse /system/framework/oat: Missing base APK in /system/framework/oat
02-23 00:03:10.778  1014  1014 W PackageManager: Failed to parse /system/framework/arm64: Missing base APK in /system/framework/arm64
02-23 00:03:10.862  1014  1221 W PackageParser: No actions in intent filter at /system/priv-app/Contacts/Contacts.apk Binary XML file line #443
02-23 00:03:10.950  1014  1014 W PackageManager: Failed to scan /system/priv-app/Phonesky: Package com.android.vending at /system/priv-app/Phonesky ignored: updated version 80881200 better than this 80862200
02-23 00:03:10.965  1014  1014 I PackageManager: /system/priv-app/GoogleFeedback changed; collecting certs
02-23 00:03:11.025  1014  1220 W PackageParser: Ignoring duplicate uses-permissions/uses-permissions-sdk-m: android.permission.INSTALL_GRANT_RUNTIME_PERMISSIONS in package: com.android.shell at: Binary XML file line #106
02-23 00:03:11.047  1014  1014 I PackageManager: /system/priv-app/SetupWizard changed; collecting certs
02-23 00:03:11.090  1014  1220 W PackageParser: Ignoring duplicate uses-permissions/uses-permissions-sdk-m: android.permission.CONFIGURE_WIFI_DISPLAY in package: com.android.systemui at: Binary XML file line #131
02-23 00:03:11.160  1014  1014 I PackageManager: /system/priv-app/GoogleOneTimeInitializer changed; collecting certs
02-23 00:03:11.184  1014  1219 I PackageParser: Parse times for '/system/priv-app/Settings': parse=178ms, update_cache=20 ms
02-23 00:03:11.185  1014  1014 I PackageManager: /system/priv-app/GoogleBackupTransport changed; collecting certs
02-23 00:03:11.206  1014  1014 I PackageManager: /system/priv-app/GooglePartnerSetup changed; collecting certs
02-23 00:03:11.224  1014  1014 I PackageManager: /system/priv-app/ConfigUpdater changed; collecting certs
02-23 00:03:11.235  1014  1014 I PackageManager: /system/priv-app/GoogleExtServices changed; collecting certs
02-23 00:03:11.242  1014  1014 I PackageManager: /system/priv-app/GoogleServicesFramework changed; collecting certs
02-23 00:03:11.262  1014  1014 I PackageManager: /system/priv-app/GmsCoreSetupPrebuilt changed; collecting certs
02-23 00:03:11.329  1014  1222 I PackageParser: Parse times for '/system/priv-app/PrebuiltGmsCore': parse=136ms, update_cache=35 ms
02-23 00:03:11.339  1014  1014 I PackageManager: /system/priv-app/AndroidPlatformServices changed; collecting certs
02-23 00:03:11.479  1014  1014 W PackageManager: Failed to scan /system/priv-app/PrebuiltGmsCore: Package com.google.android.gms at /system/priv-app/PrebuiltGmsCore ignored: updated version 11975448 better than this 11951948
02-23 00:03:11.508  1014  1337 W PackageParser: Ignoring duplicate uses-permissions/uses-permissions-sdk-m: android.permission.READ_CONTACTS in package: com.android.bluetooth at: Binary XML file line #61
02-23 00:03:11.511  1014  1337 W PackageParser: No actions in intent filter at /system/app/Bluetooth/Bluetooth.apk Binary XML file line #225
02-23 00:03:11.536  1014  1337 W PackageParser: No actions in intent filter at /system/app/CarrierDefaultApp/CarrierDefaultApp.apk Binary XML file line #50
02-23 00:03:11.583  1014  1335 W PackageParser: Ignoring duplicate uses-permissions/uses-permissions-sdk-m: android.permission.WRITE_CONTACTS in package: com.android.email at: Binary XML file line #40
02-23 00:03:11.614  1014  1335 W PackageParser: Ignoring duplicate uses-permissions/uses-permissions-sdk-m: android.permission.CHANGE_WIFI_STATE in package: com.android.nfc at: Binary XML file line #47
02-23 00:03:11.614  1014  1335 W PackageParser: Ignoring duplicate uses-permissions/uses-permissions-sdk-m: android.permission.ACCESS_WIFI_STATE in package: com.android.nfc at: Binary XML file line #48
02-23 00:03:11.678  1014  1014 I PackageManager: /system/app/GoogleExtShared changed; collecting certs
02-23 00:03:11.685  1014  1014 W PackageManager: Package com.google.android.ext.shared library android.ext.shared already exists; skipping
02-23 00:03:11.705  1014  1336 W PackageParser: Service exported request ignored due to singleUser: org.codeaurora.ims.ImsService at /system/app/ims/ims.apk Binary XML file line #30
02-23 00:03:11.716  1014  1014 W PackageManager: Failed to scan /system/app/Wallpapers: Package com.google.android.apps.wallpaper at /system/app/Wallpapers ignored: updated version 169416333 better than this 166921241
02-23 00:03:11.731  1014  1014 I PackageManager: /system/app/GoogleContactsSyncAdapter changed; collecting certs
02-23 00:03:11.773  1014  1014 I PackageManager: /system/app/GoogleCalendarSyncAdapter changed; collecting certs
02-23 00:03:11.801  1014  1014 I PackageManager: /system/app/GoogleTTS changed; collecting certs
02-23 00:03:11.883  1014  1014 W PackageManager: System package org.lineageos.pocketmode no longer exists; it's data will be wiped
02-23 00:03:11.884  1014  1014 I PackageManager: Finished scanning system apps. Time: 1277 ms, packageCount: 120 , timePerPackage: 10 , cached: 0
02-23 00:03:11.932  1014  1352 W PackageParser: Unknown element under <manifest>: meta-data at /data/app/com.myvodafone.android-7v4wmzCWZwEyp4U6EhFEqQ==/base.apk Binary XML file line #32
02-23 00:03:11.935  1014  1352 W PackageParser: Unknown element under <application>: enable-feature at /data/app/com.myvodafone.android-7v4wmzCWZwEyp4U6EhFEqQ==/base.apk Binary XML file line #391
02-23 00:03:11.991  1014  1354 I PackageParser: Parse times for '/data/app/org.telegram.messenger-wqGfN9Uwh7UJN5yDTONgRg==': parse=97ms, update_cache=6 ms
02-23 00:03:12.001  1014  1355 W PackageParser: No actions in intent filter at /data/app/com.google.android.gm-ybuskyoWcJcG8hWg0h9hrQ==/base.apk Binary XML file line #660
02-23 00:03:12.001  1014  1355 W PackageParser: No actions in intent filter at /data/app/com.google.android.gm-ybuskyoWcJcG8hWg0h9hrQ==/base.apk Binary XML file line #725
02-23 00:03:12.039  1014  1354 W PackageParser: Unknown element under <manifest>: meta-data at /data/app/com.viber.voip-Rf5gwzSTA7eeHXRKy9txqg==/base.apk Binary XML file line #151
02-23 00:03:12.062  1014  1353 I PackageParser: Parse times for '/data/app/com.google.android.talk-eoSJymRn-y9HRKvhpPfAAg==': parse=132ms, update_cache=42 ms
02-23 00:03:12.070  1014  1355 I PackageParser: Parse times for '/data/app/com.google.android.gm-ybuskyoWcJcG8hWg0h9hrQ==': parse=146ms, update_cache=38 ms
02-23 00:03:12.128  1014  1354 I PackageParser: Parse times for '/data/app/com.viber.voip-Rf5gwzSTA7eeHXRKy9txqg==': parse=103ms, update_cache=32 ms
02-23 00:03:12.184  1014  1353 I PackageParser: Parse times for '/data/app/com.android.chrome-UKZwXNyEogbwLoiNl3Bwvg==': parse=92ms, update_cache=29 ms
02-23 00:03:12.255  1014  1352 I PackageParser: Parse times for '/data/app/com.google.android.gms-GuA1LRB6g8JDNtCqcY9irw==': parse=218ms, update_cache=96 ms
02-23 00:03:12.339  1014  1353 W PackageParser: Unknown element under <manifest>: meta-data at /data/app/com.google.android.apps.docs-WYXdCJ6MTtgFrEGsrzP-7w==/base.apk Binary XML file line #113
02-23 00:03:12.367  1014  1353 I PackageParser: Parse times for '/data/app/com.google.android.apps.docs-WYXdCJ6MTtgFrEGsrzP-7w==': parse=97ms, update_cache=8 ms
02-23 00:03:12.398  1014  1354 I PackageParser: Parse times for '/data/app/com.google.android.apps.photos-fX6hf3yUZexXc4_bqd1Q8w==': parse=124ms, update_cache=10 ms
02-23 00:03:12.421   853   919 D QMI_FW  : chen-screen on: is_screen_off = 0 
02-23 00:03:12.460  1014  1355 I PackageParser: Parse times for '/data/app/com.google.android.googlequicksearchbox-ecC9Htd9dn4te7ugZCT7kg==': parse=173ms, update_cache=9 ms
02-23 00:03:12.829   711   841 E /system/bin/storaged: getService package_native failed
02-23 00:03:12.844   711   841 I /system/bin/storaged: storaged: Start
02-23 00:03:12.866   732   870 D QMI_FW  : chen-screen on: is_screen_off = 0 
02-23 00:03:13.037  1014  1014 I PackageManager: Finished scanning non-system apps. Time: 1153 ms, packageCount: 18 , timePerPackage: 64 , cached: 0
02-23 00:03:13.039  1014  1014 E PackageManager: updateAllSharedLibrariesLPw failed: Package org.codeaurora.ims requires unavailable shared library com.qti.vzw.ims.internal; failing!
02-23 00:03:13.040  1014  1014 E PackageManager: updateAllSharedLibrariesLPw failed: Package com.qualcomm.qcrilmsgtunnel requires unavailable shared library android.hidl.manager@1.0-java; failing!
02-23 00:03:13.051  1014  1014 I PackageManager: Time to scan packages: 2.444 seconds
02-23 00:03:13.052  1014  1014 I PackageManager: Un-granting permission android.permission.INSTALL_GRANT_RUNTIME_PERMISSIONS from package com.android.vending (protectionLevel=770 flags=0x384abec5)
02-23 00:03:13.052  1014  1014 I PackageManager: Un-granting permission android.permission.GRANT_RUNTIME_PERMISSIONS from package com.android.vending (protectionLevel=770 flags=0x384abec5)
02-23 00:03:13.052  1014  1014 I PackageManager: Un-granting permission android.permission.REVOKE_RUNTIME_PERMISSIONS from package com.android.vending (protectionLevel=770 flags=0x384abec5)
02-23 00:03:13.052  1014  1014 I PackageManager: Un-granting permission android.permission.SET_PREFERRED_APPLICATIONS from package com.android.vending (protectionLevel=514 flags=0x384abec5)
02-23 00:03:13.052  1014  1014 I PackageManager: Un-granting permission android.permission.ACCESS_INSTANT_APPS from package com.android.vending (protectionLevel=770 flags=0x384abec5)
02-23 00:03:13.056  1014  1014 V PackageManager: reconcileAppsData for null u0 0x3 migrateAppData=true
02-23 00:03:13.058  1014  1014 W PackageManager: Destroying /data/user/0/org.lineageos.pocketmode due to: com.android.server.pm.PackageManagerException: Package org.lineageos.pocketmode is unknown
02-23 00:03:13.063  1014  1014 W PackageManager: Destroying /data/user/0/media due to: com.android.server.pm.PackageManagerException: Package media is unknown
02-23 00:03:13.067  1014  1014 W PackageManager: Destroying /data/user_de/0/org.lineageos.pocketmode due to: com.android.server.pm.PackageManagerException: Package org.lineageos.pocketmode is unknown
02-23 00:03:13.305  1014  1014 V PackageManager: reconcileAppsData finished 25 packages
02-23 00:03:13.306  1014  1014 V PackageManager: Disabling com.google.android.gsf/com.google.android.gsf.update.SystemUpdateActivity
02-23 00:03:13.306  1014  1014 W PackageManager: Unable to disable com.google.android.gsf/com.google.android.gsf.update.SystemUpdateActivity
02-23 00:03:13.306  1014  1014 V PackageManager: Disabling com.google.android.gsf/com.google.android.gsf.update.SystemUpdateService$Receiver
02-23 00:03:13.306  1014  1014 W PackageManager: Unable to disable com.google.android.gsf/com.google.android.gsf.update.SystemUpdateService$Receiver
02-23 00:03:13.306  1014  1014 V PackageManager: Disabling com.google.android.gsf/com.google.android.gsf.update.SystemUpdateService$SecretCodeReceiver
02-23 00:03:13.306  1014  1014 W PackageManager: Unable to disable com.google.android.gsf/com.google.android.gsf.update.SystemUpdateService$SecretCodeReceiver
02-23 00:03:13.306  1014  1014 V PackageManager: Disabling com.google.android.gsf/com.google.android.gsf.update.SystemUpdateServiceReceiver
02-23 00:03:13.306  1014  1014 W PackageManager: Unable to disable com.google.android.gsf/com.google.android.gsf.update.SystemUpdateServiceReceiver
02-23 00:03:13.306  1014  1014 V PackageManager: Disabling com.google.android.gms/com.google.android.gms.update.SystemUpdateActivity
02-23 00:03:13.306  1014  1014 V PackageManager: Disabling com.google.android.gms/com.google.android.gms.update.SystemUpdateService$Receiver
02-23 00:03:13.306  1014  1014 W PackageManager: Unable to disable com.google.android.gms/com.google.android.gms.update.SystemUpdateService$Receiver
02-23 00:03:13.306  1014  1014 V PackageManager: Disabling com.google.android.gms/com.google.android.gms.update.SystemUpdateService$ActiveReceiver
02-23 00:03:13.306  1014  1014 W PackageManager: Unable to disable com.google.android.gms/com.google.android.gms.update.SystemUpdateService$ActiveReceiver
02-23 00:03:13.306  1014  1014 V PackageManager: Disabling com.google.android.gms/com.google.android.gms.update.SystemUpdateService$SecretCodeReceiver
02-23 00:03:13.306  1014  1014 W PackageManager: Unable to disable com.google.android.gms/com.google.android.gms.update.SystemUpdateService$SecretCodeReceiver
02-23 00:03:13.306  1014  1014 V PackageManager: Disabling com.google.android.gms/com.google.android.gms.update.SystemUpdateServiceReceiver
02-23 00:03:13.307  1014  1014 W PackageManager: Unable to disable com.google.android.gms/com.google.android.gms.update.SystemUpdateServiceReceiver
02-23 00:03:13.307  1014  1014 V PackageManager: Enabling com.google.android.gsf/com.google.android.gsf.update.SystemUpdateService
02-23 00:03:13.307  1014  1014 W PackageManager: Unable to enable com.google.android.gsf/com.google.android.gsf.update.SystemUpdateService
02-23 00:03:13.307  1014  1014 V PackageManager: Enabling com.google.android.gms/com.google.android.gms.update.SystemUpdateService
02-23 00:03:13.307  1014  1014 I PackageManager: Build fingerprint changed; clearing code caches
02-23 00:03:13.307  1014  1480 D SystemServerInitThreadPool: Started executing prepareAppData
02-23 00:03:13.479  1014  1480 D SystemServerTimingAsync: AppDataFixup took to complete: 171ms
02-23 00:03:13.674  1014  1014 V PackageManager: Ephemeral resolver found; pkg: com.google.android.gms, info:ResolveInfo{14c9aa1 com.google.android.gms/.chimera.PersistentBoundBrokerService m=0x108000}
02-23 00:03:13.674  1014  1014 D PackageManager: Set ephemeral resolver: Pair{ComponentInfo{com.google.android.gms/com.google.android.gms.chimera.PersistentBoundBrokerService} android.intent.action.RESOLVE_INSTANT_APP_PACKAGE}
02-23 00:03:13.680  1014  1014 D PackageManager: Set ephemeral installer activity: ComponentInfo{com.android.vending/com.google.android.finsky.instantapps.EphemeralInstallerActivity}
02-23 00:03:13.793  1014  1014 D SystemServerTiming: StartPackageManagerService took to complete: 3318ms
02-23 00:03:13.794  1014  1014 I SystemServer: StartOtaDexOptService
02-23 00:03:13.822  1014  1014 I OTADexopt: Moved 0/20
02-23 00:03:13.822  1014  1014 D SystemServerTiming: StartOtaDexOptService took to complete: 28ms
02-23 00:03:13.822  1014  1014 I SystemServer: StartUserManagerService
02-23 00:03:13.823  1014  1014 I SystemServiceManager: Starting com.android.server.pm.UserManagerService$LifeCycle
02-23 00:03:13.824  1014  1014 D SystemServerTiming: StartUserManagerService took to complete: 1ms
02-23 00:03:13.824  1014  1014 I SystemServer: InitAttributerCache
02-23 00:03:13.829  1014  1014 D SystemServerTiming: InitAttributerCache took to complete: 5ms
02-23 00:03:13.829  1014  1014 I SystemServer: SetSystemProcess
02-23 00:03:13.851  1014  1014 D SystemServerTiming: SetSystemProcess took to complete: 22ms
02-23 00:03:13.853  1014  1523 I ServiceThread: Enabled StrictMode logging for android.anim looper.
02-23 00:03:13.856  1014  1014 I SystemServer: StartOverlayManagerService
02-23 00:03:13.866  1014  1014 D SystemServerTiming: StartOverlayManagerService took to complete: 10ms
02-23 00:03:13.866  1014  1524 D SystemServerInitThreadPool: Started executing Init OverlayManagerService
02-23 00:03:13.873  1014  1014 I SystemServer: StartDropBoxManager
02-23 00:03:13.874  1014  1014 I SystemServiceManager: Starting com.android.server.DropBoxManagerService
02-23 00:03:13.876  1014  1526 D SystemServerInitThreadPool: Started executing StartSensorService
02-23 00:03:13.878  1014  1014 D SystemServerTiming: StartDropBoxManager took to complete: 5ms
02-23 00:03:13.878  1014  1014 I SystemServer: StartBatteryService
02-23 00:03:13.878  1014  1014 I SystemServiceManager: Starting com.android.server.BatteryService
02-23 00:03:13.899  1014  1014 D SystemServerTiming: StartBatteryService took to complete: 21ms
02-23 00:03:13.899  1014  1014 I SystemServer: StartUsageService
02-23 00:03:13.900  1014  1526 D SystemServerTimingAsync: StartSensorService took to complete: 24ms
02-23 00:03:13.900  1014  1526 D SystemServerInitThreadPool: Finished executing StartSensorService
02-23 00:03:13.902  1014  1014 I SystemServiceManager: Starting com.android.server.usage.UsageStatsService
02-23 00:03:13.922  1014  1014 D SystemServerTiming: StartUsageService took to complete: 23ms
02-23 00:03:13.922  1014  1014 I SystemServer: StartWebViewUpdateService
02-23 00:03:13.924  1014  1014 I SystemServiceManager: Starting com.android.server.webkit.WebViewUpdateService
02-23 00:03:13.932  1014  1014 D SystemServerTiming: StartWebViewUpdateService took to complete: 10ms
02-23 00:03:13.932  1014  1014 I SystemServer: StartKeyAttestationApplicationIdProviderService
02-23 00:03:13.933  1014  1056 D SystemServerInitThreadPool: Started executing SecondaryZygotePreload
02-23 00:03:13.933  1014  1056 I SystemServer: SecondaryZygotePreload
02-23 00:03:13.934  1014  1014 D SystemServerTiming: StartKeyAttestationApplicationIdProviderService took to complete: 2ms
02-23 00:03:13.934  1014  1014 I SystemServer: StartKeyChainSystemService
02-23 00:03:13.934  1014  1014 I SystemServiceManager: Starting com.android.server.security.KeyChainSystemService
02-23 00:03:13.935  1014  1014 D SystemServerTiming: StartKeyChainSystemService took to complete: 1ms
02-23 00:03:13.935  1014  1014 I SystemServer: StartSchedulingPolicyService
02-23 00:03:13.936  1014  1014 D SystemServerTiming: StartSchedulingPolicyService took to complete: 1ms
02-23 00:03:13.936  1014  1014 I SystemServer: StartTelecomLoaderService
02-23 00:03:13.937  1014  1014 I SystemServiceManager: Starting com.android.server.telecom.TelecomLoaderService
02-23 00:03:13.938  1014  1014 D SystemServerTiming: StartTelecomLoaderService took to complete: 2ms
02-23 00:03:13.938  1014  1014 I SystemServer: StartTelephonyRegistry
02-23 00:03:13.942  1014  1014 D SystemServerTiming: StartTelephonyRegistry took to complete: 4ms
02-23 00:03:13.942  1014  1014 I SystemServer: StartEntropyMixer
02-23 00:03:13.943  1014  1014 I EntropyMixer: Writing entropy...
02-23 00:03:13.951  1014  1014 D SystemServerTiming: StartEntropyMixer took to complete: 9ms
02-23 00:03:13.951  1014  1014 I SystemServer: StartAccountManagerService
02-23 00:03:13.952  1014  1014 I SystemServiceManager: Starting com.android.server.accounts.AccountManagerService$Lifecycle
02-23 00:03:13.963  1014  1014 D SystemServerTiming: StartAccountManagerService took to complete: 11ms
02-23 00:03:13.963  1014  1014 I SystemServer: StartContentService
02-23 00:03:13.967  1014  1014 I SystemServiceManager: Starting com.android.server.content.ContentService$Lifecycle
02-23 00:03:13.970  1014  1014 D SystemServerTiming: StartContentService took to complete: 7ms
02-23 00:03:13.970  1014  1014 I SystemServer: InstallSystemProviders
02-23 00:03:13.978   468   468 D ZygoteInitTiming_lazy: BeginIcuCachePinning took to complete: 23ms
02-23 00:03:14.077  1014  1014 D SystemServerTiming: InstallSystemProviders took to complete: 107ms
02-23 00:03:14.077  1014  1014 I SystemServer: StartVibratorService
02-23 00:03:14.087  1014  1014 D SystemServerTiming: StartVibratorService took to complete: 9ms
02-23 00:03:14.087  1014  1014 I SystemServer: StartConsumerIrService
02-23 00:03:14.090  1014  1014 D SystemServerTiming: StartConsumerIrService took to complete: 3ms
02-23 00:03:14.091  1014  1014 I SystemServer: StartAlarmManagerService
02-23 00:03:14.091  1014  1014 I SystemServiceManager: Starting com.android.server.AlarmManagerService
02-23 00:03:14.104  1014  1014 D SystemServerTiming: StartAlarmManagerService took to complete: 13ms
02-23 00:03:14.104  1014  1014 I SystemServer: InitWatchdog
02-23 00:03:14.104  1014  1014 D SystemServerTiming: InitWatchdog took to complete: 0ms
02-23 00:03:14.104  1014  1014 I SystemServer: StartInputManagerService
02-23 00:03:14.108  1014  1014 I InputManager: Initializing input manager, mUseDevInputEventForAudioJack=true
02-23 00:03:14.114  1014  1014 D SystemServerTiming: StartInputManagerService took to complete: 10ms
02-23 00:03:14.114  1014  1014 I SystemServer: StartWindowManagerService
02-23 00:03:14.182  1014  1014 D SystemServerTiming: StartWindowManagerService took to complete: 67ms
02-23 00:03:14.182  1014  1014 I SystemServer: StartVrManagerService
02-23 00:03:14.182  1014  1526 D SystemServerInitThreadPool: Started executing StartHidlServices
02-23 00:03:14.182  1014  1014 I SystemServiceManager: Starting com.android.server.vr.VrManagerService
02-23 00:03:14.199  1014  1526 D SystemServerTimingAsync: StartHidlServices took to complete: 17ms
02-23 00:03:14.199  1014  1526 D SystemServerInitThreadPool: Finished executing StartHidlServices
02-23 00:03:14.201  1014  1014 D SystemServerTiming: StartVrManagerService took to complete: 19ms
02-23 00:03:14.201  1014  1014 I SystemServer: SetWindowManagerService
02-23 00:03:14.210  1014  1014 D SystemServerTiming: SetWindowManagerService took to complete: 9ms
02-23 00:03:14.210  1014  1014 I SystemServer: StartInputManager
02-23 00:03:14.210  1014  1014 I InputManager: Starting input manager
02-23 00:03:14.212  1014  1014 D SystemServerTiming: StartInputManager took to complete: 2ms
02-23 00:03:14.212  1014  1014 I SystemServer: DisplayManagerWindowManagerAndInputReady
02-23 00:03:14.213  1014  1014 D SystemServerTiming: DisplayManagerWindowManagerAndInputReady took to complete: 0ms
02-23 00:03:14.213  1014  1014 I SystemServer: StartBluetoothService
02-23 00:03:14.213  1014  1014 I SystemServiceManager: Starting com.android.server.BluetoothService
02-23 00:03:14.214  1014  1014 D BluetoothManagerService: Loading stored name and address
02-23 00:03:14.215  1014  1014 D BluetoothManagerService: Stored bluetooth Name=OnePlus 3T,Address=C0:EE:FB:F8:4E:3F
02-23 00:03:14.215  1014  1014 D BluetoothManagerService: Bluetooth persisted state: 0
02-23 00:03:14.215  1014  1014 D SystemServerTiming: StartBluetoothService took to complete: 2ms
02-23 00:03:14.215  1014  1014 I SystemServer: IpConnectivityMetrics
02-23 00:03:14.215  1014  1014 I SystemServiceManager: Starting com.android.server.connectivity.IpConnectivityMetrics
02-23 00:03:14.216  1014  1014 D SystemServerTiming: IpConnectivityMetrics took to complete: 1ms
02-23 00:03:14.216  1014  1014 I SystemServer: PinnerService
02-23 00:03:14.216  1014  1014 I SystemServiceManager: Starting com.android.server.PinnerService
02-23 00:03:14.218  1014  1014 D SystemServerTiming: PinnerService took to complete: 2ms
02-23 00:03:14.218  1014  1014 I SystemServer: StartInputMethodManagerLifecycle
02-23 00:03:14.218  1014  1014 I SystemServiceManager: Starting com.android.server.InputMethodManagerService$Lifecycle
02-23 00:03:14.244  1014  1014 D SystemServerTiming: StartInputMethodManagerLifecycle took to complete: 26ms
02-23 00:03:14.244  1014  1014 I SystemServer: StartAccessibilityManagerService
02-23 00:03:14.279  1014  1014 D SystemServerTiming: StartAccessibilityManagerService took to complete: 35ms
02-23 00:03:14.279  1014  1014 I SystemServer: MakeDisplayReady
02-23 00:03:14.289  1014  1014 I ActivityManager: Config changes=5df8 {1.0 ?mcc?mnc [el_GR] ldltr sw449dp w449dp h799dp 384dpi nrml long port ?uimode ?night -touch -keyb/v/h -nav/h appBounds=Rect(0, 0 - 1080, 1920) s.2}
02-23 00:03:14.294  1014  1014 I ActivityManager: Override config changes=40007dfc {1.0 ?mcc?mnc [el_GR] ldltr sw449dp w449dp h799dp 384dpi nrml long port ?uimode ?night -touch -keyb/v/h -nav/h appBounds=Rect(0, 0 - 1080, 1920) s.2} for displayId=0
02-23 00:03:14.324  1014  1014 I ActivityManager: Config changes=400 {1.0 ?mcc?mnc [el_GR] ldltr sw449dp w449dp h775dp 384dpi nrml long port ?uimode ?night -touch -keyb/v/h -nav/h appBounds=Rect(0, 0 - 1080, 1920) s.3}
02-23 00:03:14.328  1014  1014 I ActivityManager: Override config changes=400 {1.0 ?mcc?mnc [el_GR] ldltr sw449dp w449dp h775dp 384dpi nrml long port ?uimode ?night -touch -keyb/v/h -nav/h appBounds=Rect(0, 0 - 1080, 1920) s.3} for displayId=0
02-23 00:03:14.334  1014  1014 D SystemServerTiming: MakeDisplayReady took to complete: 54ms
02-23 00:03:14.334  1014  1014 I SystemServer: StartStorageManagerService
02-23 00:03:14.334  1014  1014 I SystemServiceManager: Starting com.android.server.StorageManagerService$Lifecycle
02-23 00:03:14.335  1014  1566 I ActivityManager: Config changes=8 {1.0 ?mcc?mnc [el_GR] ldltr sw449dp w449dp h775dp 384dpi nrml long port ?uimode ?night finger -keyb/v/h -nav/h appBounds=Rect(0, 0 - 1080, 1920) s.4}
02-23 00:03:14.345  1014  1566 I ActivityManager: Override config changes=8 {1.0 ?mcc?mnc [el_GR] ldltr sw449dp w449dp h775dp 384dpi nrml long port ?uimode ?night finger -keyb/v/h -nav/h appBounds=Rect(0, 0 - 1080, 1920) s.4} for displayId=0
02-23 00:03:14.369  1014  1014 D SystemServerTiming: StartStorageManagerService took to complete: 35ms
02-23 00:03:14.369  1014  1014 I SystemServer: StartStorageStatsService
02-23 00:03:14.370  1014  1589 D StorageManagerService: Thinking about init, mSystemReady=false, mDaemonConnected=true
02-23 00:03:14.370  1014  1589 D StorageManagerService: Thinking about reset, mSystemReady=false, mDaemonConnected=true
02-23 00:03:14.370  1014  1014 I SystemServiceManager: Starting com.android.server.usage.StorageStatsService$Lifecycle
02-23 00:03:14.373  1014  1014 D SystemServerTiming: StartStorageStatsService took to complete: 3ms
02-23 00:03:14.373  1014  1014 I SystemServer: StartUiModeManager
02-23 00:03:14.375  1014  1014 I SystemServiceManager: Starting com.android.server.UiModeManagerService
02-23 00:03:14.376  1014  1589 D StorageManagerService: Thinking about init, mSystemReady=false, mDaemonConnected=true
02-23 00:03:14.376  1014  1589 D StorageManagerService: Thinking about reset, mSystemReady=false, mDaemonConnected=true
02-23 00:03:14.376  1014  1589 D CryptdConnector: SND -> {1 cryptfs getfield SystemLocale}
02-23 00:03:14.377  1014  1526 D SystemServerInitThreadPool: Started executing UiModeManager.onStart
02-23 00:03:14.377  1014  1526 I ActivityManager: Config changes=200 {1.0 ?mcc?mnc [el_GR] ldltr sw449dp w449dp h775dp 384dpi nrml long port finger -keyb/v/h -nav/h appBounds=Rect(0, 0 - 1080, 1920) s.5}
02-23 00:03:14.379  1014  1014 D SystemServerTiming: StartUiModeManager took to complete: 6ms
02-23 00:03:14.379  1014  1014 I SystemServer: UpdatePackagesIfNeeded
02-23 00:03:14.387  1014  1526 I ActivityManager: Override config changes=200 {1.0 ?mcc?mnc [el_GR] ldltr sw449dp w449dp h775dp 384dpi nrml long port finger -keyb/v/h -nav/h appBounds=Rect(0, 0 - 1080, 1920) s.5} for displayId=0
02-23 00:03:14.400  1014  1526 D SystemServerInitThreadPool: Finished executing UiModeManager.onStart
02-23 00:03:14.410  1014  1592 D CryptdConnector: RCV <- {200 1 -1}
02-23 00:03:14.411  1014  1589 W StorageManagerService: No primary storage mounted!
02-23 00:03:14.411  1014  1589 D VoldConnector: SND -> {1 asec list}
02-23 00:03:14.412  1014  1591 D VoldConnector: RCV <- {200 1 asec operation succeeded}
02-23 00:03:14.466  1014  1589 W StorageManagerService: No primary storage mounted!
02-23 00:03:14.466  1014  1589 D VoldConnector: SND -> {2 asec list}
02-23 00:03:14.469  1014  1591 D VoldConnector: RCV <- {200 2 asec operation succeeded}
02-23 00:03:14.500  1014  1061 I UsageStatsService: User[0] Rollover scheduled @ 2018-02-23 08:43:03(1519368183423)
02-23 00:03:14.500  1014  1061 D UsageStatsService: Initializing defaults for system apps on user 0
02-23 00:03:14.503   468   468 D ZygoteInitTiming_lazy: PreloadClasses took to complete: 525ms
02-23 00:03:14.609   468   468 D ZygoteInitTiming_lazy: PreloadResources took to complete: 106ms
02-23 00:03:14.733  1014  1056 D SystemServerTimingAsync: SecondaryZygotePreload took to complete: 800ms
02-23 00:03:14.733  1014  1056 D SystemServerInitThreadPool: Finished executing SecondaryZygotePreload
02-23 00:03:15.328  1014  1524 D SystemServerInitThreadPool: Finished executing Init OverlayManagerService
02-23 00:03:21.841  1014  1480 D SystemServerTimingAsync: AppDataPrepare took to complete: 8362ms
02-23 00:03:21.841  1014  1480 I PackageManager: Deferred reconcileAppsData finished 113 packages
02-23 00:03:21.841  1014  1480 D SystemServerInitThreadPool: Finished executing prepareAppData
02-23 00:03:30.737  1014  1014 D SystemServerTiming: UpdatePackagesIfNeeded took to complete: 16358ms
02-23 00:03:30.737  1014  1014 I SystemServer: PerformFstrimIfNeeded
02-23 00:03:30.738  1014  1014 W PackageManager: No disk maintenance in 573846738; running immediately
02-23 00:03:30.738  1014  1014 D SystemServerTiming: PerformFstrimIfNeeded took to complete: 1ms
02-23 00:03:30.738  1014  1014 I SystemServer: StartLockSettingsService
02-23 00:03:30.738  1014  1589 I StorageManagerService: Running fstrim idle maintenance
02-23 00:03:30.738  1014  1014 I SystemServiceManager: Starting com.android.server.locksettings.LockSettingsService$Lifecycle
02-23 00:03:30.738  1014  1589 D VoldConnector: SND -> {3 fstrim dotrim}
02-23 00:03:30.740  1014  1591 D VoldConnector: RCV <- {200 3 Command succeeded}
02-23 00:03:30.740   457  2060 D vold    : Starting trim of /data
02-23 00:03:30.743  1014  1014 D SystemServerTiming: StartLockSettingsService took to complete: 5ms
02-23 00:03:30.743  1014  1014 I SystemServer: StartPersistentDataBlock
02-23 00:03:30.743  1014  1014 I SystemServiceManager: Starting com.android.server.PersistentDataBlockService
02-23 00:03:30.743  1014  1014 D SystemServerTiming: StartPersistentDataBlock took to complete: 0ms
02-23 00:03:30.743  1014  1526 D SystemServerInitThreadPool: Started executing PersistentDataBlockService.onStart
02-23 00:03:30.743  1014  1014 I SystemServer: StartOemLockService
02-23 00:03:30.744  1014  1014 I SystemServiceManager: Starting com.android.server.oemlock.OemLockService
02-23 00:03:30.745  1014  1014 I OemLock : OemLock HAL not present on device
02-23 00:03:30.745  1014  1014 I OemLock : Using persistent data block based lock
02-23 00:03:30.746  1014  1014 D SystemServerTiming: StartOemLockService took to complete: 2ms
02-23 00:03:30.746  1014  1014 I SystemServer: StartDeviceIdleController
02-23 00:03:30.747  1014  1014 I SystemServiceManager: Starting com.android.server.DeviceIdleController
02-23 00:03:30.749  1014  1014 D SystemServerTiming: StartDeviceIdleController took to complete: 3ms
02-23 00:03:30.749  1014  1014 I SystemServer: StartDevicePolicyManager
02-23 00:03:30.749  1014  1014 I SystemServiceManager: Starting com.android.server.devicepolicy.DevicePolicyManagerService$Lifecycle
02-23 00:03:30.754  1014  1014 D SystemServerTiming: StartDevicePolicyManager took to complete: 5ms
02-23 00:03:30.754  1014  1014 I SystemServer: StartStatusBarManagerService
02-23 00:03:30.755  1014  1014 D SystemServerTiming: StartStatusBarManagerService took to complete: 1ms
02-23 00:03:30.755  1014  1014 I SystemServer: StartClipboardService
02-23 00:03:30.755  1014  1014 I SystemServiceManager: Starting com.android.server.clipboard.ClipboardService
02-23 00:03:30.757  1014  1014 D SystemServerTiming: StartClipboardService took to complete: 2ms
02-23 00:03:30.757  1014  1014 I SystemServer: StartNetworkManagementService
02-23 00:03:30.760  1014  2061 I NetworkManagement: onDaemonConnected()
02-23 00:03:30.761  1014  1014 D SystemServerTiming: StartNetworkManagementService took to complete: 4ms
02-23 00:03:30.761  1014  1014 I SystemServer: StartTextServicesManager
02-23 00:03:30.761  1014  1014 I SystemServiceManager: Starting com.android.server.TextServicesManagerService$Lifecycle
02-23 00:03:30.762  1014  1014 W TextServicesManagerService: no available spell checker services found
02-23 00:03:30.763  1014  1014 D SystemServerTiming: StartTextServicesManager took to complete: 2ms
02-23 00:03:30.763  1014  1014 I SystemServer: StartNetworkScoreService
02-23 00:03:30.764  1014  1014 D SystemServerTiming: StartNetworkScoreService took to complete: 2ms
02-23 00:03:30.765  1014  1014 I SystemServer: StartNetworkStatsService
02-23 00:03:30.767  1014  1014 D SystemServerTiming: StartNetworkStatsService took to complete: 2ms
02-23 00:03:30.767  1014  1014 I SystemServer: StartNetworkPolicyManagerService
02-23 00:03:30.771  1014  2064 I ServiceThread: Enabled StrictMode logging for NetworkPolicy.uid looper.
02-23 00:03:30.771  1014  1014 D SystemServerTiming: StartNetworkPolicyManagerService took to complete: 4ms
02-23 00:03:30.771  1014  1014 I SystemServer: StartWifi
02-23 00:03:30.826  1014  1014 I SystemServiceManager: Starting com.android.server.wifi.WifiService
02-23 00:03:30.835  1014  1526 D SystemServerInitThreadPool: Finished executing PersistentDataBlockService.onStart
02-23 00:03:30.918  1014  1014 D SystemServerTiming: StartWifi took to complete: 146ms
02-23 00:03:30.918  1014  1014 I SystemServer: StartWifiScanning
02-23 00:03:30.919  1014  1014 I SystemServiceManager: Starting com.android.server.wifi.scanner.WifiScanningService
02-23 00:03:30.921  1014  1014 D SystemServerTiming: StartWifiScanning took to complete: 2ms
02-23 00:03:30.921  1014  1014 I SystemServer: StartWifiRtt
02-23 00:03:30.922  1014  1014 I SystemServiceManager: Starting com.android.server.wifi.RttService
02-23 00:03:30.923  1014  1014 D SystemServerTiming: StartWifiRtt took to complete: 1ms
02-23 00:03:30.923  1014  1014 I SystemServer: No Wi-Fi Aware Service (Aware support Not Present)
02-23 00:03:30.923  1014  1014 I SystemServer: StartWifiP2P
02-23 00:03:30.924  1014  1014 I SystemServiceManager: Starting com.android.server.wifi.p2p.WifiP2pService
02-23 00:03:30.929  1014  1014 D SystemServerTiming: StartWifiP2P took to complete: 6ms
02-23 00:03:30.930  1014  1014 I SystemServer: StartEthernet
02-23 00:03:30.930  1014  1014 I SystemServiceManager: Starting com.android.server.ethernet.EthernetService
02-23 00:03:30.934  1014  1014 D SystemServerTiming: StartEthernet took to complete: 4ms
02-23 00:03:30.934  1014  1014 I SystemServer: StartConnectivityService
02-23 00:03:30.937  1014  1014 D ConnectivityService: ConnectivityService starting up
02-23 00:03:30.939  1014  1014 D ConnectivityService: wifiOnly=false
02-23 00:03:30.939  1014  1014 E ConnectivityService: Ignoring protectedNetwork 14
02-23 00:03:30.948  1014  1014 D SystemServerTiming: StartConnectivityService took to complete: 14ms
02-23 00:03:30.948  1014  1014 I SystemServer: StartNsdService
02-23 00:03:30.949  1014  1014 D NsdService: Network service discovery is enabled
02-23 00:03:30.951  1014  1014 D SystemServerTiming: StartNsdService took to complete: 3ms
02-23 00:03:30.951  1014  1014 I SystemServer: StartUpdateLockService
02-23 00:03:30.953  1014  1014 D SystemServerTiming: StartUpdateLockService took to complete: 2ms
02-23 00:03:30.953  1014  1014 I SystemServer: WaitForAsecScan
02-23 00:03:30.953  1014  1014 D SystemServerTiming: WaitForAsecScan took to complete: 0ms
02-23 00:03:30.953  1014  1014 I SystemServer: StartNotificationManager
02-23 00:03:30.953  1014  1014 I SystemServiceManager: Starting com.android.server.notification.NotificationManagerService
02-23 00:03:30.964  1014  1014 D ConditionProviders.SCP: new ScheduleConditionProvider()
02-23 00:03:30.966  1014  1014 D ZenLog  : config: readXml,ZenModeConfig[user=0,allowCalls=true,allowRepeatCallers=false,allowMessages=false,allowCallsFrom=contacts,allowMessagesFrom=contacts,allowReminders=true,allowEvents=true,allowWhenScreenOff=true,allowWhenScreenOn=true,automaticRules={f38f3cf1841540cfba9198036f07917e=ZenRule[enabled=true,snoozing=false,name=Κοιμάμαι,zenMode=ZEN_MODE_IMPORTANT_INTERRUPTIONS,conditionId=condition://android/schedule?days=1.2.3.4.5.6.7&start=0.0&end=9.0&exitAtAlarm=false,condition=Condition[id=condition://android/schedule?days=1.2.3.4.5.6.7&start=0.0&end=9.0&exitAtAlarm=false,summary=...,line1=...,line2=...,icon=0,state=STATE_FALSE,flags=2],component=ComponentInfo{android/com.android.server.notification.ScheduleConditionProvider},id=f38f3cf1841540cfba9198036f07917e,creationTime=1517832224958,enabler=null], afb78ceb3632462dbedf706726bb907c=ZenRule[enabled=true,snoozing=false,name=Ώρες κοινής ησυχίας,zenMode=ZEN_MODE_IMPORTANT_INTERRUPTIONS,conditionId=condition://android/schedule?days=1.2.3.4.5.6.7&start=13.0&end=17.0&exitAtAlarm=false,condition=Condition[id=condition://android/schedule?days=1.2.3.4.5.6.7&start=13.0&end=17.0&exitAtAlarm=false,summary=...,line1=...,line2=...,icon=0,state=STATE_FALSE,flags=2],component=ComponentInfo{android/com.android.server.notification.ScheduleConditionProvider},id=afb78ceb3632462dbedf706726bb907c,creationTime=1517832245766,enabler=null]},manualRule=null],Diff[automaticRule[EVENTS_DEFAULT_RULE]:delete,automaticRule[f38f3cf1841540cfba9198036f07917e]:insert,automaticRule[afb78ceb3632462dbedf706726bb907c]:insert,automaticRule[SCHEDULED_DEFAULT_RULE_1]:delete,automaticRule[SCHEDULED_DEFAULT_RULE_2]:delete]
02-23 00:03:30.981  1014  1014 E RankingHelper: createDefaultChannelIfNeeded - Exception: android.content.pm.PackageManager$NameNotFoundException: org.lineageos.pocketmode
02-23 00:03:30.981  1014  1014 E RankingHelper: deleteDefaultChannelIfNeeded - Exception: android.content.pm.PackageManager$NameNotFoundException: org.lineageos.pocketmode
02-23 00:03:30.982  1014  1014 I NotificationListeners: Read notification listener permissions from xml
02-23 00:03:30.982  1014  1014 I ConditionProviders: Read condition provider permissions from xml
02-23 00:03:30.982  1014  1014 I ConditionProviders: Read condition provider permissions from xml
02-23 00:03:30.982  1014  1014 D ZenLog  : set_zen_mode: off,init
02-23 00:03:30.985  1014  1014 D SystemServerTiming: StartNotificationManager took to complete: 32ms
02-23 00:03:30.985  1014  1014 I SystemServer: StartDeviceMonitor
02-23 00:03:30.985  1014  1014 I SystemServiceManager: Starting com.android.server.storage.DeviceStorageMonitorService
02-23 00:03:30.987  1014  1014 D SystemServerTiming: StartDeviceMonitor took to complete: 2ms
02-23 00:03:30.987  1014  1014 I SystemServer: StartLocationManagerService
02-23 00:03:30.988  1014  1014 D SystemServerTiming: StartLocationManagerService took to complete: 1ms
02-23 00:03:30.988  1014  1014 I SystemServer: StartCountryDetectorService
02-23 00:03:30.989  1014  1014 D SystemServerTiming: StartCountryDetectorService took to complete: 0ms
02-23 00:03:30.989  1014  1014 I SystemServer: StartSearchManagerService
02-23 00:03:30.990  1014  1014 I SystemServiceManager: Starting com.android.server.search.SearchManagerService$Lifecycle
02-23 00:03:30.991  1014  1014 D SystemServerTiming: StartSearchManagerService took to complete: 2ms
02-23 00:03:30.991  1014  1014 I SystemServer: StartWallpaperManagerService
02-23 00:03:30.991  1014  1014 I SystemServiceManager: Starting com.android.server.wallpaper.WallpaperManagerService$Lifecycle
02-23 00:03:31.003  1014  1014 D SystemServerTiming: StartWallpaperManagerService took to complete: 12ms
02-23 00:03:31.003  1014  1014 I SystemServer: StartAudioService
02-23 00:03:31.003  1014  1014 I SystemServiceManager: Starting com.android.server.audio.AudioService$Lifecycle
02-23 00:03:31.034  1014  1014 D SystemServerTiming: StartAudioService took to complete: 31ms
02-23 00:03:31.034  1014  1014 I SystemServer: StartDockObserver
02-23 00:03:31.034  1014  1014 I SystemServiceManager: Starting com.android.server.DockObserver
02-23 00:03:31.035  1014  1014 W DockObserver: This kernel does not have dock station support
02-23 00:03:31.036  1014  1014 D SystemServerTiming: StartDockObserver took to complete: 2ms
02-23 00:03:31.036  1014  1014 I SystemServer: StartWiredAccessoryManager
02-23 00:03:31.036  1014  1014 W WiredAccessoryManager: This kernel does not have usb audio support
02-23 00:03:31.036  1014  1014 W WiredAccessoryManager: This kernel does not have HDMI audio support
02-23 00:03:31.037  1014  1014 D SystemServerTiming: StartWiredAccessoryManager took to complete: 1ms
02-23 00:03:31.037  1014  1014 I SystemServer: StartMidiManager
02-23 00:03:31.037  1014  1014 I SystemServiceManager: Starting com.android.server.midi.MidiService$Lifecycle
02-23 00:03:31.038  1014  1014 D SystemServerTiming: StartMidiManager took to complete: 1ms
02-23 00:03:31.038  1014  1014 I SystemServer: StartUsbService
02-23 00:03:31.038  1014  1014 I SystemServiceManager: Starting com.android.server.usb.UsbService$Lifecycle
02-23 00:03:31.867  1014  1014 E UsbPortManager: connectToProxy: usb hal service not found. Did the service fail to start?
02-23 00:03:31.867  1014  1014 E UsbPortManager: java.util.NoSuchElementException
02-23 00:03:31.867  1014  1014 E UsbPortManager: 	at android.os.HwBinder.getService(Native Method)
02-23 00:03:31.867  1014  1014 E UsbPortManager: 	at android.hardware.usb.V1_0.IUsb.getService(IUsb.java:44)
02-23 00:03:31.867  1014  1014 E UsbPortManager: 	at com.android.server.usb.UsbPortManager.connectToProxy(UsbPortManager.java:524)
02-23 00:03:31.867  1014  1014 E UsbPortManager: 	at com.android.server.usb.UsbPortManager.<init>(UsbPortManager.java:130)
02-23 00:03:31.867  1014  1014 E UsbPortManager: 	at com.android.server.usb.UsbService.<init>(UsbService.java:132)
02-23 00:03:31.867  1014  1014 E UsbPortManager: 	at com.android.server.usb.UsbService$Lifecycle.onStart(UsbService.java:68)
02-23 00:03:31.867  1014  1014 E UsbPortManager: 	at com.android.server.SystemServiceManager.startService(SystemServiceManager.java:124)
02-23 00:03:31.867  1014  1014 E UsbPortManager: 	at com.android.server.SystemServiceManager.startService(SystemServiceManager.java:111)
02-23 00:03:31.867  1014  1014 E UsbPortManager: 	at com.android.server.SystemServiceManager.startService(SystemServiceManager.java:70)
02-23 00:03:31.867  1014  1014 E UsbPortManager: 	at com.android.server.SystemServer.startOtherServices(SystemServer.java:1259)
02-23 00:03:31.867  1014  1014 E UsbPortManager: 	at com.android.server.SystemServer.run(SystemServer.java:393)
02-23 00:03:31.867  1014  1014 E UsbPortManager: 	at com.android.server.SystemServer.main(SystemServer.java:269)
02-23 00:03:31.867  1014  1014 E UsbPortManager: 	at java.lang.reflect.Method.invoke(Native Method)
02-23 00:03:31.867  1014  1014 E UsbPortManager: 	at com.android.internal.os.RuntimeInit$MethodAndArgsCaller.run(RuntimeInit.java:440)
