02-23 00:10:23.988   569   784 D DrmLibTime: time_getutcsec returns 0, sec = 1519337424; nsec = 0
02-23 00:10:23.988   569   784 D DrmLibTime: time_getutcsec finished! 
02-23 00:10:23.988   569   784 D DrmLibTime: iotcl_continue_command finished! and return 0 
02-23 00:10:23.988   569   784 D DrmLibTime: before calling ioctl to read the next time_cmd
02-23 00:10:23.988   613   633 E QC-time-services: Daemon: Time-services: Waiting to acceptconnection
02-23 00:10:24.023   628   628 D keystore: AddAuthenticationToken: timestamp = 447049 (5319320706947743744), time_received = 438
02-23 00:10:24.042   628   628 D keystore: AddAuthenticationToken: timestamp = 447069 (6760472587706302464), time_received = 438
02-23 00:10:24.055  1014  2937 I LockSettingsService: Unlocking user 0 with secret only, length 64
02-23 00:10:24.057  1014  2937 W ActivityManager: Expected user 0 in state RUNNING_LOCKED but was in state RUNNING_UNLOCKED
02-23 00:10:24.057  1014  2937 I LockSettingsService: Disabling escrow token on user 0
02-23 00:10:24.269  2121  6124 D AmbientPlayRecognition: Not sending, data already sending
02-23 00:10:24.406  2833  2833 E OverlaySController: Calling with an invalid UID, the interface will not work
02-23 00:10:24.407  2833  2833 D OverlaySController: Client version not available
02-23 00:10:24.546  2913  2913 I zygote64: Deoptimizing void com.android.launcher3.BubbleTextView.<init>(android.content.Context, android.util.AttributeSet, int) due to JIT inline cache
02-23 00:10:24.557  2913  2959 W zygote64: Checksum mismatch for dex Luna.apk
02-23 00:10:24.557  2913  2959 W zygote64: Checksum mismatch for dex Luna.apk
02-23 00:10:24.587  2913  3017 D vndksupport: Loading /odm/lib64/hw/android.hardware.graphics.mapper@2.0-impl.so from current namespace instead of sphal namespace.
02-23 00:10:24.589  2913  3017 D vndksupport: Loading /odm/lib64/hw/gralloc.msm8996.so from current namespace instead of sphal namespace.
02-23 00:10:24.781  2121  2121 D StatusBar: disable<e i a s b H R c s q >
02-23 00:10:24.782  2121  2121 D StatusBar: disable<e i a s b H R c s q >
02-23 00:10:24.795   756   756 I fps_work: type=1400 audit(0.0:166): avc: denied { write } for name="irq" dev="sysfs" ino=33194 scontext=u:r:hal_fingerprint_default:s0 tcontext=u:object_r:sysfs:s0 tclass=file permissive=1
02-23 00:10:24.796  2833  6133 D OpenGLRenderer: HWUI GL Pipeline
02-23 00:10:24.797  2121  2121 D StatusBar: disable<e i a s b H R c s q >
02-23 00:10:24.799  1014  1014 V FingerprintService: stop client com.android.systemui
02-23 00:10:24.799   756   756 D fpc_fingerprint_hal: fpc_cancel
02-23 00:10:24.799   756  1042 E fpc_fingerprint_hal: wait_wake_up -4
02-23 00:10:24.799   756  1042 E fpc_fingerprint_hal: capture_single_image failed -4
02-23 00:10:24.799   756  1042 E fpc_fingerprint_hal: fpc_capture_image status -4
02-23 00:10:24.799   756  1042 D fpc_tac : fpc_tac_end_identify begin
02-23 00:10:24.800   756  1042 D fpc_tac : fpc_tac_send_cmd begin
02-23 00:10:24.804   756  1042 D fpc_tac : fpc_tac_send_cmd end
02-23 00:10:24.804   756  1042 D fpc_tac : fpc_tac_end_identify end
02-23 00:10:24.804   756  1042 E fpc_fingerprint_hal: do_identify failed -4
02-23 00:10:24.804   756  1042 D fpc_fingerprint_hal: workerFunction STATE_IDLE
02-23 00:10:24.804   756   756 D android.hardware.biometrics.fingerprint@2.1-service: onError(5)
02-23 00:10:24.804   756  1042 D fpc_fingerprint_hal: workerFunction STATE_NONE (HOME)
02-23 00:10:24.804   756  1042 I fpc_fingerprint_hal: do_home  Enter 
02-23 00:10:24.804   756  1042 D fpc_tac : fpc_tac_set_zonenum begin
02-23 00:10:24.804   756  1042 D fpc_tac : fpc_tac_send_cmd64 begin
02-23 00:10:24.805  1014  1014 W FingerprintService: client com.android.systemui is no longer authenticating
02-23 00:10:24.805  1014  1014 V FingerprintService: Done with client: com.android.systemui
02-23 00:10:24.805  1014  1014 V FingerprintService: handleError(client=com.android.systemui, error = 5)
02-23 00:10:24.808  2240  2332 I QCNEJ/CndHalConnector: -> SND notifyScreenStateChanged(true)
02-23 00:10:24.808  2866  2866 D BrcmNfcJni: nativeNfcTag_acquireRfInterfaceMutexLock: try to acquire lock
02-23 00:10:24.809  2866  2866 D BrcmNfcJni: nativeNfcTag_acquireRfInterfaceMutexLock: sRfInterfaceMutex lock
02-23 00:10:24.809  2866  2866 I BrcmNfcNfa: NFA_StopRfDiscovery ()
02-23 00:10:24.809  2866  3050 I BrcmNfcNfa: NFA got event 0x010F
02-23 00:10:24.809  2866  3050 I BrcmNfcNfa: nfa_dm_evt_hdlr event: NFA_DM_API_STOP_RF_DISCOVERY_EVT (0x0f)
02-23 00:10:24.809  2866  3050 I BrcmNfcNfa: nfa_dm_act_stop_rf_discovery ()
02-23 00:10:24.809  2866  3050 I BrcmNfcNfa: nfa_dm_rf_deactivate () deactivate_type:0x0
02-23 00:10:24.809  2866  3050 I BrcmNfcNfa: nfa_dm_disc_sm_execute (): state: DISCOVERY (1), event: DEACTIVATE_CMD(6) disc_flags: 0x2
02-23 00:10:24.809  2866  3050 I BrcmNfcNfa: NFC_Deactivate 4 (IDLE) deactivate_type:0
02-23 00:10:24.809  2866  3050 D NfcAdaptation: NfcAdaptation::HalWrite
02-23 00:10:24.809   506   506 D NxpExtns: find found MIFARE_READER_ENABLE=(0x1)
02-23 00:10:24.809   506  3065 D NxpTml  : PN54X - Write requested.....
02-23 00:10:24.809   506  3065 D NxpTml  : PN54X - Invoking I2C Write.....
02-23 00:10:24.809   756  1042 D fpc_tac : fpc_tac_send_cmd64 end
02-23 00:10:24.809   756  1042 D fpc_tac : fpc_tac_set_zonenum end
02-23 00:10:24.809   756  1042 D fpc_fingerprint_hal: fpc_wait_finger_up
02-23 00:10:24.817   506  3065 E NxpTml  : _i2c_write() errno : 5
02-23 00:10:24.817   506  3065 E NxpTml  : PN54X - Error in I2C Write.....
02-23 00:10:24.817   506  3065 D NxpTml  : PN54X - Posting Fresh Write message.....
02-23 00:10:24.817   506  3065 D NxpTml  : PN54X - Tml Writer Thread Running................
02-23 00:10:24.817   506  3068 E NxpHal  : write error status = 0x1ff
02-23 00:10:24.817   506   506 E NxpHal  : write_unlocked failed - PN54X Maybe in Standby Mode - Retry
02-23 00:10:24.826   756  1042 E fpc_fingerprint_hal: fpc_wait_finger_up FPC_LIB_FINGER_LOST
02-23 00:10:24.826   756  1042 E fpc_fingerprint_hal: do_home fpc_wait_finger_up before do HOME ,status 0 
02-23 00:10:24.826   756  1042 D fpc_fingerprint_hal: fpc_wait_finger_down_for_home_12_zone enter
02-23 00:10:24.826   756  1042 D fpc_tac : fpc_tac_12zones_wakeup_setup begin
02-23 00:10:24.826   756  1042 D fpc_tac : fpc_tac_send_cmd begin
02-23 00:10:24.827   506  3065 D NxpTml  : PN54X - Write requested.....
02-23 00:10:24.827   506  3065 D NxpTml  : PN54X - Invoking I2C Write.....
02-23 00:10:24.829   506  3065 D NxpNciX : len =   4 > 21060100
02-23 00:10:24.829   506  3065 D NxpTml  : PN54X - I2C Write successful.....
02-23 00:10:24.829   506  3065 D NxpTml  : PN54X - Posting Fresh Write message.....
02-23 00:10:24.829   506  3065 D NxpTml  : PN54X - Tml Writer Thread Running................
02-23 00:10:24.829   506  3068 D NxpHal  : write successful status = 0x0
02-23 00:10:24.829  2866  3050 I BrcmNfcNfa: nfa_dm_disc_sm_execute (): new state: DISCOVERY (1), disc_flags: 0x22
02-23 00:10:24.829  2866  3050 I BrcmNfcNfa: nfa_sys_ptim_stop_timer 8e2e7718
02-23 00:10:24.829  2866  3050 I BrcmNfcNfa: ptim timer stop
02-23 00:10:24.829  2866  3050 I BrcmNfcNfa: Stopped presence check timer (if started)
02-23 00:10:24.831   506  3064 D NxpTml  : PN54X - I2C Read successful.....
02-23 00:10:24.831   506  3064 D NxpNciR : len =   4 > 41060100
02-23 00:10:24.831   506  3064 D NxpTml  : PN54X - Posting read message.....
02-23 00:10:24.831   506  3068 D NxpHal  : read successful status = 0x0
02-23 00:10:24.831   506  3064 D NxpTml  : PN54X - Read requested.....
02-23 00:10:24.831   506  3064 D NxpTml  : PN54X - Invoking I2C Read.....
02-23 00:10:24.837  2866  3050 I BrcmNfcNfa: NFC received rsp gid:1
02-23 00:10:24.837  2866  3050 I BrcmNfcNfa: P2P_Prio_Logic
02-23 00:10:24.837  2866  3050 I BrcmNfcNfa: nfa_dm_p2p_prio_logic event_type = 0x1
02-23 00:10:24.837  2866  3050 I BrcmNfcNfa: returning TRUE
02-23 00:10:24.837  2866  3050 I BrcmNfcNfa: nfc_set_state 4 (IDLE)->4 (IDLE)
02-23 00:10:24.837  2866  3050 I BrcmNfcNfa: nfa_dm_disc_data_cback ()
02-23 00:10:24.837  2866  3050 I BrcmNfcNfa: nfa_dm_disc_discovery_cback (): event:0x4005
02-23 00:10:24.837  2866  3050 I BrcmNfcNfa: nfa_dm_disc_sm_execute (): state: DISCOVERY (1), event: DEACTIVATE_RSP(7) disc_flags: 0x22
02-23 00:10:24.837  2866  3050 I BrcmNfcNfa: nfa_dm_disc_new_state (): old_state: DISCOVERY (1), new_state: IDLE (0) disc_flags: 0x2
02-23 00:10:24.837  2866  3050 I BrcmNfcNfa: nfa_dm_start_rf_discover ()
02-23 00:10:24.837  2866  3050 I BrcmNfcNfa: nfa_dm_disc_sm_execute (): new state: IDLE (0), disc_flags: 0x0
02-23 00:10:24.838  2866  2866 D BrcmNfcJni: nativeNfcTag_releaseRfInterfaceMutexLock: sRfInterfaceMutex unlock
02-23 00:10:24.838  2866  2866 D BrcmNfcJni: nativeNfcTag_acquireRfInterfaceMutexLock: try to acquire lock
02-23 00:10:24.838  2866  2866 D BrcmNfcJni: nativeNfcTag_acquireRfInterfaceMutexLock: sRfInterfaceMutex lock
02-23 00:10:24.838  2866  2866 I BrcmNfcNfa: NFA_DisablePolling ()
02-23 00:10:24.838  2121  2121 I zygote64: Deoptimizing int com.android.systemui.statusbar.stack.NotificationStackScrollLayout$6.compare(com.android.systemui.statusbar.ExpandableView, com.android.systemui.statusbar.ExpandableView) due to JIT inline cache
02-23 00:10:24.838  2866  3050 I BrcmNfcNfa: NFA got event 0x0107
02-23 00:10:24.838  2866  3050 I BrcmNfcNfa: nfa_dm_evt_hdlr event: NFA_DM_API_DISABLE_POLLING_EVT (0x07)
02-23 00:10:24.838  2866  3050 I BrcmNfcNfa: nfa_dm_act_disable_polling ()
02-23 00:10:24.838  2866  3050 I BrcmNfcNfa: nfa_dm_deactivate_polling ()
02-23 00:10:24.838  2866  3050 I BrcmNfcNfa: nfa_dm_delete_rf_discover () handle=0x1
02-23 00:10:24.838  2866  2866 D BrcmNfcJni: nativeNfcTag_releaseRfInterfaceMutexLock: sRfInterfaceMutex unlock
02-23 00:10:24.838  2866  2866 D BrcmNfcJni: nativeNfcTag_acquireRfInterfaceMutexLock: try to acquire lock
02-23 00:10:24.838  2866  2866 D BrcmNfcJni: nativeNfcTag_acquireRfInterfaceMutexLock: sRfInterfaceMutex lock
02-23 00:10:24.838  2866  2866 I BrcmNfcNfa: NFA_EnablePolling () 0xEF
02-23 00:10:24.840   756  1042 D fpc_tac : fpc_tac_send_cmd end
02-23 00:10:24.840   756  1042 D fpc_tac : fpc_tac_12zones_wakeup_setup end
02-23 00:10:24.841  2866  3050 I BrcmNfcNfa: NFA got event 0x0106
02-23 00:10:24.841  2866  3050 I BrcmNfcNfa: nfa_dm_evt_hdlr event: NFA_DM_API_ENABLE_POLLING_EVT (0x06)
02-23 00:10:24.841  2866  3050 I BrcmNfcNfa: nfa_dm_act_enable_polling ()
02-23 00:10:24.841  2866  3050 I BrcmNfcNfa: nfa_dm_start_polling ()
02-23 00:10:24.841  2866  3050 I BrcmNfcNfa: nfa_dm_add_rf_discover () disc_mask=0x3d7f
02-23 00:10:24.841  2866  2866 D BrcmNfcJni: nativeNfcTag_releaseRfInterfaceMutexLock: sRfInterfaceMutex unlock
02-23 00:10:24.841  2866  2866 I BrcmNfcNfa: NFA_P2pSetListenTech (): tech_mask:0xC5
02-23 00:10:24.841  2866  3050 I BrcmNfcNfa: NFA got event 0x010D
02-23 00:10:24.841  2866  3050 I BrcmNfcNfa: nfa_dm_evt_hdlr event: NFA_DM_API_SET_P2P_LISTEN_TECH_EVT (0x0d)
02-23 00:10:24.841  2866  3050 I BrcmNfcNfa: nfa_dm_set_p2p_listen_tech ()  tech_mask = 197
02-23 00:10:24.841  2866  3050 I BrcmNfcNfa: nfa_p2p_update_listen_tech ()  tech_mask = 0xc5
02-23 00:10:24.841  2866  3050 I BrcmNfcNfa: nfa_p2p_enable_listening () sys_id = 3, update_wks = 0
02-23 00:10:24.841  2866  3050 I BrcmNfcNfa: nfa_dm_add_rf_discover () disc_mask=0xc480000
02-23 00:10:24.841  2866  2866 I BrcmNfcNfa: NFA_ResumeP2p ()
02-23 00:10:24.841  2866  2866 I BrcmNfcNfa: NFA_EeSetDefaultTechRouting(): handle:<0x0>technology_mask:<0x5>/<0x0>/<0x0>
02-23 00:10:24.841  2866  2866 I BrcmNfcNfa: nfa_ee_find_ecb ()
02-23 00:10:24.841  2866  3050 I BrcmNfcNfa: NFA got event 0x010B
02-23 00:10:24.841  2866  3050 I BrcmNfcNfa: nfa_dm_evt_hdlr event: NFA_DM_API_RESUME_P2P_EVT (0x0b)
02-23 00:10:24.841  2866  3050 I BrcmNfcNfa: nfa_dm_act_resume_p2p ()
02-23 00:10:24.841  2866  3050 I BrcmNfcNfa: NFA got event 0x0204
02-23 00:10:24.841  2866  3050 I BrcmNfcNfa: nfa_ee_evt_hdlr (): Event API_SET_TECH_CFG(0x204), State: INIT_DONE(1)
02-23 00:10:24.841  2866  2866 I BrcmNfcNfa: NFA_EeSetDefaultProtoRouting(): handle:<0x0>protocol_mask:<0xc>/<0x0>/<0x0>
02-23 00:10:24.841  2866  2866 I BrcmNfcNfa: nfa_ee_find_ecb ()
02-23 00:10:24.842  2866  3050 I BrcmNfcNfa: NFA got event 0x0205
02-23 00:10:24.842  2866  3050 I BrcmNfcNfa: nfa_ee_evt_hdlr (): Event API_SET_PROTO_CFG(0x205), State: INIT_DONE(1)
02-23 00:10:24.842  2866  2866 I BrcmNfcNfa: NFA_EeUpdateNow()
02-23 00:10:24.845  2866  3050 I BrcmNfcNfa: NFA got event 0x0209
02-23 00:10:24.845  2866  3050 I BrcmNfcNfa: nfa_ee_evt_hdlr (): Event API_UPDATE_NOW(0x209), State: INIT_DONE(1)
02-23 00:10:24.845  2866  3050 I BrcmNfcNfa: nfa_sys_ptim_stop_timer 8e2e62b0
02-23 00:10:24.845  2866  3050 I BrcmNfcNfa: ptim timer stop
02-23 00:10:24.845  2866  3050 I BrcmNfcNfa: nfa_ee_rout_timeout()
02-23 00:10:24.845  2866  3050 I BrcmNfcNfa: nfa_ee_need_recfg() ee_cfged: 0x90 ee_cfg_sts: 0x10
02-23 00:10:24.845  2866  3050 I BrcmNfcNfa: 0: ecb_flags  : 0x00, mask: 0x10
02-23 00:10:24.845  2866  3050 I BrcmNfcNfa: 1: ecb_flags  : 0x00, mask: 0x01
02-23 00:10:24.845  2866  3050 I BrcmNfcNfa: 2: ecb_flags  : 0x00, mask: 0x02
02-23 00:10:24.845  2866  3050 I BrcmNfcNfa: 3: ecb_flags  : 0x00, mask: 0x04
02-23 00:10:24.845  2866  3050 I BrcmNfcNfa: nfa_ee_report_update_evt ee_wait_evt:0x10 wait_rsp:0
02-23 00:10:24.845  2866  2866 D BrcmNfcJni: nativeNfcTag_acquireRfInterfaceMutexLock: try to acquire lock
02-23 00:10:24.845  2866  2866 D BrcmNfcJni: nativeNfcTag_acquireRfInterfaceMutexLock: sRfInterfaceMutex lock
02-23 00:10:24.845  2866  2866 I BrcmNfcNfa: NFA_StartRfDiscovery ()
02-23 00:10:24.845  2866  3050 I BrcmNfcNfa: NFA got event 0x010E
02-23 00:10:24.845  2866  3050 I BrcmNfcNfa: nfa_dm_evt_hdlr event: NFA_DM_API_START_RF_DISCOVERY_EVT (0x0e)
02-23 00:10:24.845  2866  3050 I BrcmNfcNfa: nfa_dm_act_start_rf_discovery ()
02-23 00:10:24.845  2866  3050 I BrcmNfcNfa: nfa_dm_start_rf_discover ()
02-23 00:10:24.845  2866  3050 I BrcmNfcNfa: nfa_ee_get_tech_route(): 1
02-23 00:10:24.845  2866  3050 I BrcmNfcNfa: 0x0, 0x0, 0x0, 0x0
02-23 00:10:24.845  2866  3050 I BrcmNfcNfa: nfa_dm_cb.disc_cb.entry[0].selected_disc_mask = 0x40000
02-23 00:10:24.845  2866  3050 I BrcmNfcNfa: nfa_dm_cb.disc_cb.entry[1].selected_disc_mask = 0x3d7f
02-23 00:10:24.845  2866  3050 I BrcmNfcNfa: nfa_dm_cb.disc_cb.entry[2].selected_disc_mask = 0xc480000
02-23 00:10:24.845  2866  3050 I BrcmNfcNfa: nfa_p2p_set_config ()
02-23 00:10:24.845  2866  3050 I BrcmNfcNfa: LLCP_GetDiscoveryConfig ()
02-23 00:10:24.845  2866  3050 I BrcmNfcNfa: nfa_dm_check_set_config ()
02-23 00:10:24.846  2866  3050 I BrcmNfcNfa: nfa_dm_check_set_config ()
02-23 00:10:24.846  2866  3050 D NfcAdaptation: NfcAdaptation::HalWrite
02-23 00:10:24.846   506   506 D NxpExtns: find found MIFARE_READER_ENABLE=(0x1)
02-23 00:10:24.846   506  3065 D NxpTml  : PN54X - Write requested.....
02-23 00:10:24.846   506  3065 D NxpTml  : PN54X - Invoking I2C Write.....
02-23 00:10:24.848   506  3065 D NxpNciX : len =  29 > 20021A02611446666D010112020207FF03020013040164070103600107
02-23 00:10:24.848   506  3065 D NxpTml  : PN54X - I2C Write successful.....
02-23 00:10:24.848   506  3065 D NxpTml  : PN54X - Posting Fresh Write message.....
02-23 00:10:24.848   506  3065 D NxpTml  : PN54X - Tml Writer Thread Running................
02-23 00:10:24.848   506  3068 D NxpHal  : write successful status = 0x0
02-23 00:10:24.848  2866  3050 I BrcmNfcNfa: nfa_dm_check_set_config ()
02-23 00:10:24.848  2866  3050 I BrcmNfcNfa: dm_disc_mask = 0xc4c3d7f
02-23 00:10:24.848  2866  3050 I BrcmNfcNfa: nfa_dm_set_rf_listen_mode_config () tech_proto_mask = 0x0C4C3D7F
02-23 00:10:24.849  2866  3050 I BrcmNfcNfa: nfa_dm_check_set_config ()
02-23 00:10:24.849  2866  3050 I BrcmNfcNfa: nfa_dm_set_total_duration ()
02-23 00:10:24.849  2866  3050 I BrcmNfcNfa: nfa_dm_check_set_config ()
02-23 00:10:24.849  2866  3050 I BrcmNfcNfa: NFC_DiscoveryStart
02-23 00:10:24.849  2866  3050 I BrcmNfcNfa: NFC_DiscoveryStart status: 0xe3
02-23 00:10:24.853  2121  2121 D StatusBar: disable<e i a s b h!r!c s q >
02-23 00:10:24.855   543   543 D SurfaceFlinger: duplicate layer name: changing com.android.launcher3/co.aoscp.lunalauncher.LunaLauncherActivity to com.android.launcher3/co.aoscp.lunalauncher.LunaLauncherActivity#1
02-23 00:10:24.856  2838  2838 W ConfigurationChimeraPro: Got null configs for com.google.android.gms.trustagent.common
02-23 00:10:24.865   506  3064 D NxpTml  : PN54X - I2C Read successful.....
02-23 00:10:24.865   506  3064 D NxpNciR : len =   5 > 4002020000
02-23 00:10:24.865   506  3064 D NxpTml  : PN54X - Posting read message.....
02-23 00:10:24.867   506  3068 D NxpHal  : read successful status = 0x0
02-23 00:10:24.867   506  3068 D NxpHal  : phNxpNciHal_print_res_status: response status =STATUS_OK
02-23 00:10:24.867  2866  3050 I BrcmNfcNfa: NFC received rsp gid:0
02-23 00:10:24.867  2866  3050 I BrcmNfcNfa: nci_proc_core_rsp opcode:0x2
02-23 00:10:24.867  2866  3050 I BrcmNfcNfa: nfa_dm_nfc_response_cback () NFC_SET_CONFIG_REVT(0x5002)
02-23 00:10:24.867  2866  3050 D NfcAdaptation: NfcAdaptation::HalWrite
02-23 00:10:24.867   506   506 D NxpExtns: find found MIFARE_READER_ENABLE=(0x1)
02-23 00:10:24.868   506  3064 D NxpTml  : PN54X - Read requested.....
02-23 00:10:24.868   506  3065 D NxpTml  : PN54X - Write requested.....
02-23 00:10:24.868   506  3065 D NxpTml  : PN54X - Invoking I2C Write.....
02-23 00:10:24.869   506  3064 D NxpTml  : PN54X - Invoking I2C Read.....
02-23 00:10:24.869  2833  6133 I Adreno  : QUALCOMM build                   : 94aeef9, Ie8d0be8cd4
02-23 00:10:24.869  2833  6133 I Adreno  : Build Date                       : 11/09/17
02-23 00:10:24.869  2833  6133 I Adreno  : OpenGL ES Shader Compiler Version: EV031.22.00.01
02-23 00:10:24.869  2833  6133 I Adreno  : Local Branch                     : 
02-23 00:10:24.869  2833  6133 I Adreno  : Remote Branch                    : 
02-23 00:10:24.869  2833  6133 I Adreno  : Remote Branch                    : 
02-23 00:10:24.869  2833  6133 I Adreno  : Reconstruct Branch               : 
02-23 00:10:24.870  2833  6133 D vndksupport: Loading /odm/lib64/hw/gralloc.msm8996.so from current namespace instead of sphal namespace.
02-23 00:10:24.870   506  3065 D NxpNciX : len =  10 > 20020702320160500102
02-23 00:10:24.871   506  3065 D NxpTml  : PN54X - I2C Write successful.....
02-23 00:10:24.871   506  3065 D NxpTml  : PN54X - Posting Fresh Write message.....
02-23 00:10:24.871   506  3065 D NxpTml  : PN54X - Tml Writer Thread Running................
02-23 00:10:24.871   506  3068 D NxpHal  : write successful status = 0x0
02-23 00:10:24.875  2833  6133 I Adreno  : PFP: 0x005ff087, ME: 0x005ff063
02-23 00:10:24.882  2833  6133 I com.google.android.googlequicksearchbox:search: android::hardware::configstore::V1_0::ISurfaceFlingerConfigs::hasWideColorDisplay retrieved: 0
02-23 00:10:24.883  2833  6133 I OpenGLRenderer: Initialized EGL, version 1.4
02-23 00:10:24.883  2833  6133 D OpenGLRenderer: Swap behavior 2
02-23 00:10:24.889   506  3064 D NxpTml  : PN54X - I2C Read successful.....
02-23 00:10:24.889   506  3064 D NxpNciR : len =   5 > 4002020000
02-23 00:10:24.889   506  3064 D NxpTml  : PN54X - Posting read message.....
02-23 00:10:24.889   506  3068 D NxpHal  : read successful status = 0x0
02-23 00:10:24.889   506  3068 D NxpHal  : phNxpNciHal_print_res_status: response status =STATUS_OK
02-23 00:10:24.889  2866  3050 I BrcmNfcNfa: NFC received rsp gid:0
02-23 00:10:24.889  2866  3050 I BrcmNfcNfa: nci_proc_core_rsp opcode:0x2
02-23 00:10:24.889  2866  3050 I BrcmNfcNfa: nfa_dm_nfc_response_cback () NFC_SET_CONFIG_REVT(0x5002)
02-23 00:10:24.889  2866  3050 D NfcAdaptation: NfcAdaptation::HalPrediscover
02-23 00:10:24.889   506  3064 D NxpTml  : PN54X - Read requested.....
02-23 00:10:24.889  2866  3050 D NfcAdaptation: NfcAdaptation::HalWrite
02-23 00:10:24.889   506  3064 D NxpTml  : PN54X - Invoking I2C Read.....
02-23 00:10:24.890   506   506 D NxpExtns: find found MIFARE_READER_ENABLE=(0x1)
02-23 00:10:24.890   506   506 D NxpHal  : > Polling Loop Started
02-23 00:10:24.890   506   506 D NxpHal  : phNxpNciHal_discovery_cmd_ext
02-23 00:10:24.890   506  3065 D NxpTml  : PN54X - Write requested.....
02-23 00:10:24.890   506  3065 D NxpTml  : PN54X - Invoking I2C Write.....
02-23 00:10:24.892   506  3065 D NxpNciX : len =  26 > 2103170B00010101020103010501800182018301850106017001
02-23 00:10:24.892   506  3065 D NxpTml  : PN54X - I2C Write successful.....
02-23 00:10:24.892   506  3065 D NxpTml  : PN54X - Posting Fresh Write message.....
02-23 00:10:24.892   506  3065 D NxpTml  : PN54X - Tml Writer Thread Running................
02-23 00:10:24.892   506  3068 D NxpHal  : write successful status = 0x0
02-23 00:10:24.894   506  3064 D NxpTml  : PN54X - I2C Read successful.....
02-23 00:10:24.894   506  3064 D NxpNciR : len =   4 > 41030100
02-23 00:10:24.894   506  3064 D NxpTml  : PN54X - Posting read message.....
02-23 00:10:24.894   506  3068 D NxpHal  : read successful status = 0x0
02-23 00:10:24.894  2866  3050 I BrcmNfcNfa: NFC received rsp gid:1
02-23 00:10:24.894  2866  3050 I BrcmNfcNfa: returning TRUE
02-23 00:10:24.894  2866  3050 I BrcmNfcNfa: nfa_dm_disc_discovery_cback (): event:0x4000
02-23 00:10:24.894  2866  3050 I BrcmNfcNfa: nfa_dm_disc_sm_execute (): state: IDLE (0), event: DISCOVER_RSP(1) disc_flags: 0x31
02-23 00:10:24.894  2866  3050 I BrcmNfcNfa: nfa_dm_disc_new_state (): old_state: IDLE (0), new_state: DISCOVERY (1) disc_flags: 0x11
02-23 00:10:24.894  2866  3050 I BrcmNfcNfa: nfa_dm_poll_disc_cback (): event:0x00
02-23 00:10:24.894  2866  3050 I BrcmNfcNfa: nfa_p2p_discovery_cback (): event:0x00
02-23 00:10:24.895  2866  3050 I BrcmNfcNfa: nfa_dm_disc_sm_execute (): new state: DISCOVERY (1), disc_flags: 0x1
02-23 00:10:24.895  2866  2866 D BrcmNfcJni: nativeNfcTag_releaseRfInterfaceMutexLock: sRfInterfaceMutex unlock
02-23 00:10:24.895  2866  2866 D BrcmNfcJni: nfcManager_doSetScreenState: state = 8 discovry_param = 1
02-23 00:10:24.895   506  3064 D NxpTml  : PN54X - Read requested.....
02-23 00:10:24.895   506  3064 D NxpTml  : PN54X - Invoking I2C Read.....
02-23 00:10:24.897  2866  6134 D NfcService: Discovery configuration equal, not updating.
02-23 00:10:24.917  2833  6133 D vndksupport: Loading /odm/lib64/hw/android.hardware.graphics.mapper@2.0-impl.so from current namespace instead of sphal namespace.
02-23 00:10:24.918  2833  6133 D vndksupport: Loading /odm/lib64/hw/gralloc.msm8996.so from current namespace instead of sphal namespace.
02-23 00:10:24.921  2913  2926 I zygote64: Do partial code cache collection, code=30KB, data=24KB
02-23 00:10:24.923  2913  2926 I zygote64: After code cache collection, code=24KB, data=22KB
02-23 00:10:24.923  2913  2926 I zygote64: Increasing code cache capacity to 128KB
02-23 00:10:24.982  2101  2101 I GoogleInputMethod: onFinishInput() : Dummy InputConnection bound
02-23 00:10:24.983  2101  2101 I GoogleInputMethod: onStartInput() : Dummy InputConnection bound
02-23 00:10:25.023  2833  2833 W SessionLifecycleManager: Handover failed. Creating new session controller.
02-23 00:10:25.033  3170  6142 I Authzen : [DeviceStateSyncManager] The server is in sync with current state. Nothing to do
02-23 00:10:25.088  5694  5720 I PlayCommon: [46] com.google.android.play.b.h.e(263): Preparing logs for uploading
02-23 00:10:25.101  3170  3473 I zygote64: Deoptimizing void mve.execute(java.lang.Runnable) due to JIT inline cache
02-23 00:10:25.102  3170  4064 I CastDatabase: Opening the database
02-23 00:10:25.153  2833  2833 I OptInState: There is a new client and it does not support opt-in. Dropping request.
02-23 00:10:25.162  2838  2838 W ConfigurationChimeraPro: Got null configs for com.google.android.gms.auth.account.base
02-23 00:10:25.173  2833  2833 I zygote64: Deoptimizing com.google.aq.bk com.google.aq.bl.buildPartial() due to JIT same target
02-23 00:10:25.174  5694  5720 I PlayCommon: [46] com.google.android.play.b.h.a(522): Connecting to server: https://play.googleapis.com/play/log?format=raw&proto_v2=true
02-23 00:10:25.179  2833  2864 I zygote64: Background concurrent copying GC freed 35266(2MB) AllocSpace objects, 9(244KB) LOS objects, 62% free, 7MB/19MB, paused 87us total 125.942ms
02-23 00:10:25.182   610   782 I chatty  : uid=1000(system) HwBinder:610_1 expire 157 lines
02-23 00:10:25.191  2833  6156 I zygote64: Deoptimizing int[] com.google.common.collect.lq.a(java.lang.Object[], int, int, int) due to JIT inline cache
02-23 00:10:25.192   621   621 I AudioPolicyManagerCustom: FLAG None hence request for a primary output
02-23 00:10:25.195  3170  4064 I SQLiteCastStore: 0 CastNetworkInfo instances loaded, 0 CastDeviceInfo instances loaded, 0 paired guest mode devices loaded.
02-23 00:10:25.215  2121  2121 I zygote64: Deoptimizing void com.android.systemui.statusbar.NotificationContentView.onMeasure(int, int) due to JIT inline cache
02-23 00:10:25.279  1014  1037 I chatty  : uid=1000(system) Binder:1014_1 expire 3 lines
02-23 00:10:25.308  2833  2846 I zygote64: Compiler allocated 4MB to compile void com.google.android.apps.gsa.search.core.state.mt.a(com.google.android.apps.gsa.search.core.state.qd)
02-23 00:10:25.313  1014  2216 I chatty  : uid=1000(system) Binder:1014_4 expire 2 lines
02-23 00:10:25.342   610   782 D         : DpmQmiUtils::parseSocketLine: dstAddr.v6.s6_addr does not match addrV6Any Socket: state =  8, nProtocol = 6, front = 7:, nSrcAddrV6 = ::ffff:192.168.0.3, tempFilter.srcPort= 92CD, nDestAddrV6 =::ffff:216.58.208.106, tempFilter.dstPort=1BB, rest = 0
02-23 00:10:25.342   610   782 D         : DpmQmiUtils::parseSocketLine: Now Parsing    8: 0000000000000000FFFF00000300A8C0:92CC 0000000000000000FFFF00006AD03AD8:01BB 08 00000000:00000001 00:00000000 00000000 10043        0 123710 2 0000000000000000 28 3 28 10 -1
02-23 00:10:25.342   610   782 D         : DpmQmiUtils::parseSocketLine: dstAddr.v6.s6_addr does not match addrV6Any Socket: state =  8, nProtocol = 6, front = 8:, nSrcAddrV6 = ::ffff:192.168.0.3, tempFilter.srcPort= 92CC, nDestAddrV6 =::ffff:216.58.208.106, tempFilter.dstPort=1BB, rest = 0
02-23 00:10:25.342   610   782 D         : DpmQmiUtils::parseSocketLine: Now Parsing    9: 0000000000000000FFFF00000300A8C0:9D22 0000000000000000FFFF00000A6431C6:01BB 01 00000000:00000000 00:00000000 00000000 10039        0 126970 1 0000000000000000 116 0 0 94 -1
02-23 00:10:25.342   610   782 D         : DpmQmiUtils::parseSocketLine: dstAddr.v6.s6_addr does not match addrV6Any Socket: state =  1, nProtocol = 6, front = 9:, nSrcAddrV6 = ::ffff:192.168.0.3, tempFilter.srcPort= 9D22, nDestAddrV6 =::ffff:198.49.100.10, tempFilter.dstPort=1BB, rest = 0
02-23 00:10:25.344  2833  2833 I BgTaskExecutorImpl: Starting EXCLUSIVE background task update_searchnow_bootstrap_data.
02-23 00:10:25.354   610   782 D         : DpmQmiUtils::parseSocketLine: Now Parsing   10: 0000000000000000FFFF00000300A8C0:B72F 0000000000000000FFFF00000ED43AD8:01BB 08 00000000:00000001 00:00000000 00000000 10043        0 92651 2 0000000000000000 32 3 26 10 -1
02-23 00:10:25.354   610   782 D         : DpmQmiUtils::parseSocketLine: dstAddr.v6.s6_addr does not match addrV6Any Socket: state =  8, nProtocol = 6, front = 10:, nSrcAddrV6 = ::ffff:192.168.0.3, tempFilter.srcPort= B72F, nDestAddrV6 =::ffff:216.58.212.14, tempFilter.dstPort=1BB, rest = 0
02-23 00:10:25.354   610   782 D         : DpmQmiUtils::parseSocketLine: Now Parsing   11: 0000000000000000FFFF00000300A8C0:997D 0000000000000000FFFF00002AD43AD8:01BB 08 00000000:00000001 00:00000000 00000000 10026        0 122257 1 0000000000000000 33 3 18 10 -1
02-23 00:10:25.354   610   782 D         : DpmQmiUtils::parseSocketLine: dstAddr.v6.s6_addr does not match addrV6Any Socket: state =  8, nProtocol = 6, front = 11:, nSrcAddrV6 = ::ffff:192.168.0.3, tempFilter.srcPort= 997D, nDestAddrV6 =::ffff:216.58.212.42, tempFilter.dstPort=1BB, rest = 0
02-23 00:10:25.355   610   782 D         : DpmQmiUtils::parseSocketLine: Now Parsing   12: 0000000000000000FFFF00000300A8C0:92CF 0000000000000000FFFF00006AD03AD8:01BB 08 00000000:00000001 00:00000000 00000000 10026        0 122827 1 0000000000000000 26 3 20 10 -1
02-23 00:10:25.355   610   782 D         : DpmQmiUtils::parseSocketLine: dstAddr.v6.s6_addr does not match addrV6Any Socket: state =  8, nProtocol = 6, front = 12:, nSrcAddrV6 = ::ffff:192.168.0.3, tempFilter.srcPort= 92CF, nDestAddrV6 =::ffff:216.58.208.106, tempFilter.dstPort=1BB, rest = 0
02-23 00:10:25.355   610   782 D         : DpmQmiUtils::parseSocketLine: Now Parsing   13: 0000000000000000FFFF00000300A8C0:9988 0000000000000000FFFF00002AD43AD8:01BB 08 00000000:00000001 00:00000000 00000000 10043        0 126145 2 0000000000000000 26 3 22 10 -1
02-23 00:10:25.355   610   782 D         : DpmQmiUtils::parseSocketLine: dstAddr.v6.s6_addr does not match addrV6Any Socket: state =  8, nProtocol = 6, front = 13:, nSrcAddrV6 = ::ffff:192.168.0.3, tempFilter.srcPort= 9988, nDestAddrV6 =::ffff:216.58.212.42, tempFilter.dstPort=1BB, rest = 0
02-23 00:10:25.355   610   782 D         : DpmQmiUtils::parseSocketLine: Now Parsing   14: 0000000000000000FFFF00000300A8C0:9D1F 0000000000000000FFFF00000A6431C6:01BB 06 00000000:00000000 03:00000BC5 00000000     0        0 0 3 0000000000000000
02-23 00:10:25.355   610   782 D         : DpmQmiUtils::parseSocketLine: dstAddr.v6.s6_addr does not match addrV6Any Socket: state =  6, nProtocol = 6, front = 14:, nSrcAddrV6 = ::ffff:192.168.0.3, tempFilter.srcPort= 9D1F, nDestAddrV6 =::ffff:198.49.100.10, tempFilter.dstPort=1BB, rest = 0
02-23 00:10:25.355   610   782 D         : DpmQmiUtils::parseSocketLine: Now Parsing   15: 0000000000000000FFFF00000300A8C0:9987 0000000000000000FFFF00002AD43AD8:01BB 08 00000000:00000001 00:00000000 00000000 10043        0 126031 2 0000000000000000 109 3 0 18 -1
02-23 00:10:25.355   610   782 D         : DpmQmiUtils::parseSocketLine: dstAddr.v6.s6_addr does not match addrV6Any Socket: state =  8, nProtocol = 6, front = 15:, nSrcAddrV6 = ::ffff:192.168.0.3, tempFilter.srcPort= 9987, nDestAddrV6 =::ffff:216.58.212.42, tempFilter.dstPort=1BB, rest = 0
02-23 00:10:25.356   610   782 D         : DpmQmiUtils::parseSocketLine: Now Parsing   16: 0000000000000000FFFF00000300A8C0:9D1D 0000000000000000FFFF00000A6431C6:01BB 06 00000000:00000000 03:000000DC 00000000     0        0 0 3 0000000000000000
02-23 00:10:25.356   610   782 D         : DpmQmiUtils::parseSocketLine: dstAddr.v6.s6_addr does not match addrV6Any Socket: state =  6, nProtocol = 6, front = 16:, nSrcAddrV6 = ::ffff:192.168.0.3, tempFilter.srcPort= 9D1D, nDestAddrV6 =::ffff:198.49.100.10, tempFilter.dstPort=1BB, rest = 0
02-23 00:10:25.356   610   782 D         : DpmQmiUtils::parseSocketLine: Now Parsing   17: 0000000000000000FFFF00000300A8C0:92D0 0000000000000000FFFF00006AD03AD8:01BB 08 00000000:00000001 00:00000000 00000000 10026        0 122873 1 0000000000000000 26 3 22 10 -1
02-23 00:10:25.356   610   782 D         : DpmQmiUtils::parseSocketLine: dstAddr.v6.s6_addr does not match addrV6Any Socket: state =  8, nProtocol = 6, front = 17:, nSrcAddrV6 = ::ffff:192.168.0.3, tempFilter.srcPort= 92D0, nDestAddrV6 =::ffff:216.58.208.106, tempFilter.dstPort=1BB, rest = 0
02-23 00:10:25.356   610   782 D         : DpmQmiUtils::parseSocketLine: Now Parsing   18: 0000000000000000FFFF00000300A8C0:9D21 0000000000000000FFFF00000A6431C6:01BB 06 00000000:00000000 03:000016F4 00000000     0        0 0 3 0000000000000000
02-23 00:10:25.356   610   782 D         : DpmQmiUtils::parseSocketLine: dstAddr.v6.s6_addr does not match addrV6Any Socket: state =  6, nProtocol = 6, front = 18:, nSrcAddrV6 = ::ffff:192.168.0.3, tempFilter.srcPort= 9D21, nDestAddrV6 =::ffff:198.49.100.10, tempFilter.dstPort=1BB, rest = 0
02-23 00:10:25.357   610   782 D         : DpmQmiUtils::parseSocketFile: closing pSocketFile
02-23 00:10:25.357   610   782 D         : DpmQmiUtils::parseSocketLine: Now Parsing   sl  local_address                         remote_address                        st tx_queue rx_queue tr tm->when retrnsmt   uid  timeout inode ref pointer drops
02-23 00:10:25.357   610   782 D         : DpmQmiUtils::parseSocketLine: Skip non-listening udp6 Socket: state =  0, nProtocol = 17, front = sl, nSrcAddrV6 = _T C, tempFilter.srcPort= 0, nDestAddrV6 =xB:w, tempFilter.dstPort=0, rest = 
02-23 00:10:25.357   610   782 D         : DpmQmiUtils::parseSocketLine: Now Parsing  1647: 00000000000000000000000000000000:8CB3 00000000000000000000000000000000:0000 87 00000000:00000000 00:00000000 00000000  1001        0 51297 2 0000000000000000 0
02-23 00:10:25.357   610   782 D         : DpmQmiUtils::parseSocketLine: Skip non-listening udp6 Socket: state = 87, nProtocol = 17, front = 1647:, nSrcAddrV6 = ::, tempFilter.srcPort= 8CB3, nDestAddrV6 =::, tempFilter.dstPort=0, rest = 0
02-23 00:10:25.357   610   782 D         : DpmQmiUtils::parseSocketLine: Now Parsing  1799: 00000000000000000000000000000000:8D4B 00000000000000000000000000000000:0000 87 00000000:00000000 00:00000000 00000000  1001        0 51295 2 0000000000000000 0
02-23 00:10:25.357   610   782 D         : DpmQmiUtils::parseSocketLine: Skip non-listening udp6 Socket: state = 87, nProtocol = 17, front = 1799:, nSrcAddrV6 = ::, tempFilter.srcPort= 8D4B, nDestAddrV6 =::, tempFilter.dstPort=0, rest = 0
02-23 00:10:25.357   610   782 D         : DpmQmiUtils::parseSocketLine: Now Parsing  2454: 00000000000000000000000000000000:8FDA 00000000000000000000000000000000:0000 87 00000000:00000000 00:00000000 00000000  1001        0 51296 2 0000000000000000 0
02-23 00:10:25.357   610   782 D         : DpmQmiUtils::parseSocketLine: Skip non-listening udp6 Socket: state = 87, nProtocol = 17, front = 2454:, nSrcAddrV6 = ::, tempFilter.srcPort= 8FDA, nDestAddrV6 =::, tempFilter.dstPort=0, rest = 0
02-23 00:10:25.357   610   782 D         : DpmQmiUtils::parseSocketLine: Now Parsing  2481: 00000000000000000000000000000000:7FF5 00000000000000000000000000000000:0000 87 00000000:00000000 00:00000000 00000000  1001        0 51293 2 0000000000000000 0
02-23 00:10:25.357   610   782 D         : DpmQmiUtils::parseSocketLine: Skip non-listening udp6 Socket: state = 87, nProtocol = 17, front = 2481:, nSrcAddrV6 = ::, tempFilter.srcPort= 7FF5, nDestAddrV6 =::, tempFilter.dstPort=0, rest = 0
02-23 00:10:25.357   610   782 D         : DpmQmiUtils::parseSocketLine: Now Parsing  2760: 00000000000000000000000000000000:810C 00000000000000000000000000000000:0000 87 00000000:00000000 00:00000000 00000000  1001        0 51294 2 0000000000000000 0
02-23 00:10:25.357   610   782 D         : DpmQmiUtils::parseSocketLine: Skip non-listening udp6 Socket: state = 87, nProtocol = 17, front = 2760:, nSrcAddrV6 = ::, tempFilter.srcPort= 810C, nDestAddrV6 =::, tempFilter.dstPort=0, rest = 0
02-23 00:10:25.359   610   782 D         : DpmQmiUtils::parseSocketFile: closing pSocketFile
02-23 00:10:25.359   610   782 D         : DpmQmiMgr::installListenFilters: Found listen filters size v4 0 v6 0 for iface rmnet_data0
02-23 00:10:25.359   610   782 D         : DpmQmiMgr::installListenFilters: Currently installed listen filters size v4 0 v6 0
02-23 00:10:25.359   610   782 D         : DpmQmiMgr::installListenFilters: New listen filters size v4 0 v6 0
02-23 00:10:25.359   610   782 D         : DpmQmiMgr::installListenFilters: No new filter to install
02-23 00:10:25.445  2833  3156 I UpdateSNBDTask: Updating bootstrap data
02-23 00:10:25.517  2833  6152 W LocationOracle: getBestLocation(): no location is available
02-23 00:10:25.518  3170  3170 I CastSocket: 27 >= 18. Adding new CastClientAuthKeyManager.
02-23 00:10:25.527  1014  1037 I WifiService: startScan uid=10043
02-23 00:10:25.534  3170  3170 I DiscoveryManager: WifiGuestModeDeviceScanner enabled.
02-23 00:10:25.543  3170  3170 V MediaRouter: Adding route: RouteInfo{ name=Τηλέφωνο, description=null, status=null, category=RouteCategory{ name=Σύστημα types=ROUTE_TYPE_LIVE_AUDIO ROUTE_TYPE_LIVE_VIDEO  groupable=false }, supportedTypes=ROUTE_TYPE_LIVE_AUDIO ROUTE_TYPE_LIVE_VIDEO , presentationDisplay=null }
02-23 00:10:25.547  3170  3170 V MediaRouter: Selecting route: RouteInfo{ name=Τηλέφωνο, description=null, status=null, category=RouteCategory{ name=Σύστημα types=ROUTE_TYPE_LIVE_AUDIO ROUTE_TYPE_LIVE_VIDEO  groupable=false }, supportedTypes=ROUTE_TYPE_LIVE_AUDIO ROUTE_TYPE_LIVE_VIDEO , presentationDisplay=null }
02-23 00:10:25.551  3170  3170 I MediaRouter: Found default route: MediaRouter.RouteInfo{ uniqueId=android/acf:DEFAULT_ROUTE, name=Τηλέφωνο, description=null, iconUri=null, enabled=true, connecting=false, connectionState=0, canDisconnect=false, playbackType=0, playbackStream=3, deviceType=0, volumeHandling=1, volume=5, volumeMax=15, presentationDisplayId=-1, extras=null, settingsIntent=null, providerPackageName=android }
02-23 00:10:25.552  3170  3170 I MediaRouter: Unselecting the current route because it is no longer selectable: null
02-23 00:10:25.571  3170  3170 V MediaRouter: Selecting route: RouteInfo{ name=Τηλέφωνο, description=null, status=null, category=RouteCategory{ name=Σύστημα types=ROUTE_TYPE_LIVE_AUDIO ROUTE_TYPE_LIVE_VIDEO  groupable=false }, supportedTypes=ROUTE_TYPE_LIVE_AUDIO ROUTE_TYPE_LIVE_VIDEO , presentationDisplay=null }
02-23 00:10:25.593  2833  2846 I zygote64: Do full code cache collection, code=504KB, data=306KB
02-23 00:10:25.593  2833  2846 I zygote64: After code cache collection, code=496KB, data=244KB
02-23 00:10:25.685  2833  2846 I zygote64: Do partial code cache collection, code=496KB, data=251KB
02-23 00:10:25.686  2833  2846 I zygote64: After code cache collection, code=496KB, data=251KB
02-23 00:10:25.686  2833  2846 I zygote64: Increasing code cache capacity to 2MB
02-23 00:10:25.686  2833  2846 I zygote64: Compiler allocated 4MB to compile int com.google.u.c.d.dk.computeSerializedSize()
02-23 00:10:25.708  2833  3119 I zygote64: Deoptimizing void com.google.aq.ai.IN(java.lang.String) due to JIT inline cache
02-23 00:10:25.712  2833  2846 I zygote64: Compiler allocated 4MB to compile void com.google.u.c.d.dk.writeTo(com.google.aq.a.b)
02-23 00:10:25.885  2121  2121 D StatusBar: disable<e i a s b h r c s q >
02-23 00:10:26.033  2121  2121 D StatusBar: disable<e i a s b h r c s q >
02-23 00:10:26.069  5694  5720 I PlayCommon: [46] com.google.android.play.b.h.a(579): Successfully uploaded logs.
02-23 00:10:26.115  1014  2216 D WificondControl: Scan result ready event
02-23 00:10:26.119   760  2319 I LOWI-8.5.0.1: [LOWI-Scan] lowi_close_record:Scan completed in 410538ms and Recieved 9 APs scan results
02-23 00:10:26.120   760   771 I LOWI-8.5.0.1: [LOWIUtils] responseToOutPostcard - TO: FreeWifiScanObserver, FROM:   LOWI-SERVER, RESP:  LOWI_ASYNC_DISCOVERY_SCAN_RESULTS
02-23 00:10:26.123   733  2226 W IzatSvc_Wiper: Num of elements returned by LOWI 9
02-23 00:10:26.124   733  2226 I LocSvc_api_v02: ---> locClientSendReq line 2102 QMI_LOC_INJECT_WIFI_POSITION_REQ_V02
02-23 00:10:26.127   733  2230 I LocSvc_ApiV02: <--- globalRespCb line 141 QMI_LOC_INJECT_WIFI_POSITION_REQ_V02
02-23 00:10:26.802  1014  2937 I ActivityManager: START u0 {act=android.settings.SETTINGS flg=0x14000000 cmp=com.android.settings/.Settings} from uid 10039
02-23 00:10:26.840  1014  2216 E ActivityManager: applyOptionsLocked: Unknown animationType=0
02-23 00:10:26.845  1014  1523 W System  : ClassLoader referenced unknown path: 
02-23 00:10:26.866  1014  2216 I ActivityManager: Start proc 6164:com.android.settings/1000 for activity com.android.settings/.Settings
02-23 00:10:26.954  6053  6181 I Babel_ConcService: Acquired partial wake lock to keep ConcurrentService alive
02-23 00:10:26.958  6053  6181 D Babel_AcctMgr: Account 0-Redacted-25-chars, valid: true, matches participantId: true
02-23 00:10:26.974  6164  6164 D OpenGLRenderer: HWUI GL Pipeline
02-23 00:10:26.980  6053  6183 I Babel_ConcService: Released partial wake lock as ConcurrentService became idle
02-23 00:10:27.013  6164  6164 W TileUtils: Found com.android.settings.backup.BackupSettingsActivity for intent Intent { act=com.android.settings.action.SETTINGS pkg=com.android.settings } missing metadata com.android.settings.category
02-23 00:10:27.036  6164  6164 W TileUtils: Ignoring icon tintable for ActivityInfo{f453845 com.google.android.gms.security.settings.VerifyAppsSettingsActivity}
02-23 00:10:27.038  6164  6164 W TileUtils: Ignoring icon tintable for ActivityInfo{1fc2b9a com.google.android.gms.security.settings.AdmSettingsActivity}
02-23 00:10:27.039  6164  6164 W TileUtils: Ignoring icon tintable for ActivityInfo{c3accb com.google.android.gms.accountsettings.ui.MyAccountSettingsSecurityAlias}
02-23 00:10:27.040  6164  6164 W TileUtils: Ignoring icon tintable for ActivityInfo{1f89ca8 com.google.android.gms.accountsettings.ui.MyAccountSettingsPrivacyAlias}
02-23 00:10:27.040  6164  6164 W TileUtils: Ignoring icon tintable for ActivityInfo{88613c1 com.google.android.gms.accountsettings.ui.MyAccountSettingsPreferencesAlias}
02-23 00:10:27.043  6164  6164 D ConditionManager: conditions loading asychronously
02-23 00:10:27.044  6164  6187 D ConditionManager: loading conditions from xml
02-23 00:10:27.072  6164  6190 D SuggestionParser: Day 20 for com.android.settings.suggested.category.FIRST_IMPRESSION
02-23 00:10:27.111  6164  6164 D ConditionManager: conditions loaded from xml, refreshing conditions
02-23 00:10:27.111  6164  6164 D APM_Condition: APM condition refreshed
02-23 00:10:27.112  6164  6164 D APM_Condition: setActive was called with false
02-23 00:10:27.112  1014  4726 I WifiService: getWifiApEnabledState uid=1000
02-23 00:10:27.116  2121  2121 D StatusBar: disable<e i a s b h r c s q >
02-23 00:10:27.118  6164  6164 D NTM_Condition: NTM condition refreshed
02-23 00:10:27.125  6164  6192 W TileUtils: Found com.android.settings.backup.BackupSettingsActivity for intent Intent { act=com.android.settings.action.SETTINGS pkg=com.android.settings } missing metadata com.android.settings.category
02-23 00:10:27.138  6164  6191 I Adreno  : QUALCOMM build                   : 94aeef9, Ie8d0be8cd4
02-23 00:10:27.138  6164  6191 I Adreno  : Build Date                       : 11/09/17
02-23 00:10:27.138  6164  6191 I Adreno  : OpenGL ES Shader Compiler Version: EV031.22.00.01
02-23 00:10:27.138  6164  6191 I Adreno  : Local Branch                     : 
02-23 00:10:27.138  6164  6191 I Adreno  : Remote Branch                    : 
02-23 00:10:27.138  6164  6191 I Adreno  : Remote Branch                    : 
02-23 00:10:27.138  6164  6191 I Adreno  : Reconstruct Branch               : 
02-23 00:10:27.139  6164  6191 D vndksupport: Loading /odm/lib64/hw/gralloc.msm8996.so from current namespace instead of sphal namespace.
02-23 00:10:27.149  6164  6192 D Settings: No enabled state changed, skipping updateCategory call
02-23 00:10:27.150  6164  6191 I Adreno  : PFP: 0x005ff087, ME: 0x005ff063
02-23 00:10:27.159  6164  6191 I com.android.settings: android::hardware::configstore::V1_0::ISurfaceFlingerConfigs::hasWideColorDisplay retrieved: 0
02-23 00:10:27.160  6164  6191 I OpenGLRenderer: Initialized EGL, version 1.4
02-23 00:10:27.160  6164  6191 D OpenGLRenderer: Swap behavior 2
02-23 00:10:27.164  6164  6186 D BatteryInfo: time to make batteryStatsHelper: 2ms
02-23 00:10:27.170  5762  5813 I PlayCommon: [61] com.google.android.play.b.h.e(263): Preparing logs for uploading
02-23 00:10:27.170  5762  5813 I PlayCommon: [61] com.google.android.play.b.h.e(267): No file ready to send
02-23 00:10:27.174  1014  1067 E BatteryExternalStatsWorker: no controller energy info supplied for bluetooth
02-23 00:10:27.183  1014  1067 E KernelUidCpuFreqTimeReader: Failed to read /proc/uid_time_in_state: java.io.FileNotFoundException: /proc/uid_time_in_state (No such file or directory)
02-23 00:10:27.197  6164  6164 W StaticLayout: maxLineHeight should not be -1.  maxLines:1 lineCount:1
02-23 00:10:27.201  6164  6164 W StaticLayout: maxLineHeight should not be -1.  maxLines:1 lineCount:1
02-23 00:10:27.216  6164  6186 D BatteryInfo: time for getStats: 52ms
02-23 00:10:27.219  6164  6190 D BatteryInfo: time for regular BatteryInfo: 1ms
02-23 00:10:27.221  6164  6190 D BatteryInfo: time for getBatteryInfo: 2ms
02-23 00:10:27.223  6164  6191 D vndksupport: Loading /odm/lib64/hw/android.hardware.graphics.mapper@2.0-impl.so from current namespace instead of sphal namespace.
02-23 00:10:27.223  6164  6191 D vndksupport: Loading /odm/lib64/hw/gralloc.msm8996.so from current namespace instead of sphal namespace.
02-23 00:10:27.234  2121  2121 D StatusBar: disable<e i a s b h r c s q >
02-23 00:10:27.282  2121  6198 D AmbientPlayRecognition: Not sending, data already sending
02-23 00:10:27.339  6164  6164 D DashboardSummary: Listening for condition changes
02-23 00:10:27.339  6164  6164 D DashboardSummary: onConditionsChanged
02-23 00:10:27.339  6164  6164 D DashboardSummary: conditions refreshed
02-23 00:10:27.339  6164  6164 D APM_Condition: APM condition refreshed
02-23 00:10:27.340  6164  6164 D APM_Condition: setActive was called with false
02-23 00:10:27.340  1014  4726 I WifiService: getWifiApEnabledState uid=1000
02-23 00:10:27.343  1014  1085 I ActivityManager: Displayed com.android.settings/.Settings: +500ms
02-23 00:10:27.344  6164  6164 D NTM_Condition: NTM condition refreshed
02-23 00:10:27.348  2101  2101 I GoogleInputMethod: onFinishInput() : Dummy InputConnection bound
02-23 00:10:27.348  2101  2101 I GoogleInputMethod: onStartInput() : Dummy InputConnection bound
02-23 00:10:27.358  6164  6164 W StaticLayout: maxLineHeight should not be -1.  maxLines:1 lineCount:1
02-23 00:10:27.365  6164  6164 I chatty  : uid=1000(system) com.android.settings identical 1 line
02-23 00:10:27.368  6164  6164 W StaticLayout: maxLineHeight should not be -1.  maxLines:1 lineCount:1
02-23 00:10:27.383  6164  6164 D BatteryInfo: time for callback: 0ms
02-23 00:10:27.411  6164  6164 W StaticLayout: maxLineHeight should not be -1.  maxLines:1 lineCount:1
02-23 00:10:27.423  6164  6169 I zygote64: Do partial code cache collection, code=30KB, data=27KB
02-23 00:10:27.424  6164  6169 I zygote64: After code cache collection, code=30KB, data=27KB
02-23 00:10:27.424  6164  6169 I zygote64: Increasing code cache capacity to 128KB
02-23 00:10:27.849  2833  6152 I PBSessionCacheImpl: Deleted sessionId[977266048555] from persistence.
02-23 00:10:27.935  1014  2288 D WifiPermissionsUtil: Denied: no location permission
02-23 00:10:27.935  1014  2288 D WifiPermissionsUtil: Denied: The current config is not for an open network.
02-23 00:10:27.974  2833  2833 W SearchService: Abort, client detached.
02-23 00:10:28.194  6164  6164 I zygote64: Deoptimizing int android.support.v7.widget.ChildHelper.getChildCount() due to JIT inline cache
02-23 00:10:28.220  6164  6164 I zygote64: Deoptimizing int android.support.v7.widget.RecyclerView$5.getChildCount() due to JIT inline cache
02-23 00:10:28.230  2101  2101 I GoogleInputMethod: onFinishInput() : Dummy InputConnection bound
02-23 00:10:28.230  2101  2101 I GoogleInputMethod: onStartInput() : Dummy InputConnection bound
02-23 00:10:28.285  6164  6164 W StaticLayout: maxLineHeight should not be -1.  maxLines:1 lineCount:1
02-23 00:10:28.510  6164  6169 I zygote64: Do partial code cache collection, code=61KB, data=45KB
02-23 00:10:28.512  6164  6169 I zygote64: After code cache collection, code=60KB, data=45KB
02-23 00:10:28.512  6164  6169 I zygote64: Increasing code cache capacity to 256KB
02-23 00:10:30.290  2121  6201 D AmbientPlayRecognition: Not sending, data already sending
02-23 00:10:31.065  1014  4726 I ActivityManager: START u0 {flg=0x8000 cmp=com.android.settings/.Settings$SystemDashboardActivity (has extras)} from uid 1000
02-23 00:10:31.184  6164  6164 I zygote64: Deoptimizing int android.support.v4.util.SimpleArrayMap.indexOfKey(java.lang.Object) due to JIT same target
02-23 00:10:31.205  6164  6164 D ProgressiveDisclosure: Cannot find preference with key system_update_settings
02-23 00:10:31.205  6164  6164 D DashboardFragment: Cannot find preference with key system_update_settings in Controller SystemUpdatePreferenceController
02-23 00:10:31.244  6164  6187 I zygote64: Deoptimizing java.util.List com.android.settingslib.drawer.TileUtils.getCategories(android.content.Context, java.util.Map, boolean, java.lang.String, java.lang.String) due to JIT inline cache
02-23 00:10:31.247  6164  6164 D ProgressiveDisclosure: Cannot find preference with key system_update_settings
02-23 00:10:31.247  6164  6164 D DashboardFragment: Cannot find preference with key system_update_settings in Controller SystemUpdatePreferenceController
02-23 00:10:31.248  6164  6187 W TileUtils: Found com.android.settings.backup.BackupSettingsActivity for intent Intent { act=com.android.settings.action.SETTINGS pkg=com.android.settings } missing metadata com.android.settings.category
02-23 00:10:31.250  6164  6164 D DashboardSummary: Stopped listening for condition changes
02-23 00:10:31.252  1014  2288 D AutofillManagerServiceImpl: Reset component for user 0
02-23 00:10:31.257  6164  6187 D Settings: No enabled state changed, skipping updateCategory call
02-23 00:10:31.267  6164  6164 I zygote64: Deoptimizing int android.support.v7.widget.RecyclerView$LayoutManager.getPaddingTop() due to JIT inline cache
02-23 00:10:31.267  6164  6164 I zygote64: Deoptimizing int android.support.v7.widget.RecyclerView$LayoutManager.getPaddingBottom() due to JIT inline cache
02-23 00:10:31.267  6164  6164 I zygote64: Deoptimizing android.support.v7.widget.RecyclerView$ViewHolder android.support.v7.widget.RecyclerView$Recycler.tryGetViewHolderForPositionByDeadline(int, boolean, long) due to JIT inline cache
02-23 00:10:31.271  6164  6164 I zygote64: Deoptimizing void android.support.v7.widget.RecyclerView$LayoutManager.addViewInt(android.view.View, int, boolean) due to JIT inline cache
