02-23 00:09:35.634   489   489 D audio_hw_primary: in_standby: enter: stream (0xef691e00) usecase(18: audio-record)
02-23 00:09:35.679   489   489 D audio_hw_primary: disable_audio_route: reset and update mixer path: audio-record
02-23 00:09:35.683   489   489 D soundtrigger: audio_extn_sound_trigger_update_stream_status: uc_id 18 of type 1 for Event 2, with Raise=0
02-23 00:09:35.683   489   489 D hardware_info: hw_info_append_hw_type : device_name = camcorder-mic
02-23 00:09:35.683   489   489 D audio_hw_primary: disable_snd_device: snd_device(92: camcorder-mic)
02-23 00:09:35.684   489   489 D msm8974_platform: platform_split_snd_device: snd_device(92) num devices(0) new_snd_devices(0)
02-23 00:09:35.706   489   489 I soundtrigger: audio_extn_sound_trigger_update_device_status: device 0x5c of type 1 for Event 0, with Raise=1
02-23 00:09:35.706   489   489 D sound_trigger_platform: platform_stdev_check_and_update_concurrency: concurrency active 0, tx 0, rx 0, concurrency session_allowed 1
02-23 00:09:35.708   489   489 D audio_hw_primary: in_set_parameters: enter: kvpairs=routing=0
02-23 00:09:35.709   621  1579 I SoundTriggerHwService::Module: onCallbackEvent no clients
02-23 00:09:43.618   733  3236 I LocSvc_libulp: ulp_msg_process_system_update: systemEvent:5 
02-23 00:09:43.618   733  3236 I LocSvc_libulp: ulp_msg_process_start_req, at ulp state = 1
02-23 00:09:43.619   733  2226 I LocSvc_api_v02: ---> locClientSendReq line 2102 QMI_LOC_GET_BEST_AVAILABLE_POSITION_REQ_V02
02-23 00:09:43.630   733  2230 I LocSvc_ApiV02: <--- globalRespCb line 141 QMI_LOC_GET_BEST_AVAILABLE_POSITION_REQ_V02
02-23 00:09:43.630   733  3236 I LocSvc_libulp: ulp_brain_process_zpp_position_report, report ZPP position to providers,report_position = 1
02-23 00:09:43.631   733  2226 V LocSvc_HIDL_IzatProvider: [onLocationChanged][67] [HS] =>>>> [HC]
02-23 00:09:43.634   733  2226 V LocSvc_HIDL_IzatProvider: [onLocationChanged][67] [HS] =>>>> [HC]
02-23 00:09:43.640   733   733 I LocSvc_GnssInterface: ===> injectLocation line 232 
02-23 00:09:45.711  2121  2121 V StatusBar: Will start listening again in 10 seconds
02-23 00:09:45.714   489   489 D audio_hw_primary: adev_open_input_stream: enter: sample_rate(11025) channel_mask(0x10) devices(0x80000080)        stream_handle(0xf06cc380) io_handle(158) source(5) format 1
02-23 00:09:45.714   489   489 W audio_hw_utils: audio_extn_utils_update_stream_input_app_type_cfg: App type could not be selected. Falling back to default
02-23 00:09:45.718   621  6031 I AudioFlinger: AudioFlinger's thread 0xe9f037c0 tid=6031 ready to run
02-23 00:09:45.719   489   489 D audio_hw_primary: in_standby: enter: stream (0xf06cc380) usecase(18: audio-record)
02-23 00:09:45.722   489   489 D audio_hw_primary: in_standby: enter: stream (0xf06cc380) usecase(18: audio-record)
02-23 00:09:45.729   489   489 D audio_hw_primary: in_set_parameters: enter: kvpairs=input_source=5;routing=-2147483520
02-23 00:09:45.731   621  1579 I SoundTriggerHwService::Module: onCallbackEvent no clients
02-23 00:09:45.735   489  6032 D audio_hw_primary: start_input_stream: enter: stream(0xf06cc380)usecase(18: audio-record)
02-23 00:09:45.735  2121  6033 D AmbientPlayRecognition: Started reading recorder...
02-23 00:09:45.736   489  6032 D audio_hw_primary: select_devices for use case (audio-record)
02-23 00:09:45.736   489  6032 D audio_hw_primary: select_devices: out_snd_device(0: ) in_snd_device(92: camcorder-mic)
02-23 00:09:45.736   489  6032 I msm8974_platform: platform_check_and_set_capture_codec_backend_cfg:txbecf: afe: bitwidth 16, samplerate 11025, channel 1 format 1, backend_idx 7 usecase = 18 device (camcorder-mic)
02-23 00:09:45.737   489  6032 I msm8974_platform: platform_check_capture_codec_backend_cfg:txbecf: afe: Codec selected backend: 7 current bit width: 16 and sample rate: 11025, channels 1 format 1
02-23 00:09:45.737   489  6032 W msm8974_platform: platform_get_backend_index:napb: Invalid device - 0 
02-23 00:09:45.737   489  6032 I msm8974_platform: platform_check_capture_codec_backend_cfg:txbecf: afe: Codec selected backend: 7 updated bit width: 16 and sample rate: 11025
02-23 00:09:45.737   489  6032 D audio_hw_primary: check_usecases_capture_codec_backend:becf: force routing 0
02-23 00:09:45.737   489  6032 D hardware_info: hw_info_append_hw_type : device_name = camcorder-mic
02-23 00:09:45.737   489  6032 D msm8974_platform: platform_split_snd_device: snd_device(92) num devices(0) new_snd_devices(0)
02-23 00:09:45.737   489  6032 D audio_hw_primary: enable_snd_device: snd_device(92: camcorder-mic)
02-23 00:09:45.737   489  6032 I soundtrigger: audio_extn_sound_trigger_update_device_status: device 0x5c of type 1 for Event 1, with Raise=1
02-23 00:09:45.738   489  6032 D sound_trigger_platform: platform_stdev_check_and_update_concurrency: concurrency active 0, tx 1, rx 0, concurrency session_allowed 0
02-23 00:09:45.738   489  6032 D audio_route: Apply path: camcorder-mic
02-23 00:09:45.748   489  6032 W audio_hw_utils: audio_extn_utils_update_stream_input_app_type_cfg: App type could not be selected. Falling back to default
02-23 00:09:45.748   489  6032 D soundtrigger: audio_extn_sound_trigger_update_stream_status: uc_id 18 of type 1 for Event 3, with Raise=0
02-23 00:09:45.748   489  6032 D audio_hw_utils: audio_extn_utils_send_app_type_cfg: usecase->in_snd_device camcorder-mic
02-23 00:09:45.748   489  6032 D msm8974_platform: platform_split_snd_device: snd_device(92) num devices(0) new_snd_devices(0)
02-23 00:09:45.748   489  6032 E msm8974_platform: platform_get_snd_device_backend_index: BE DAI Name Table is not present
02-23 00:09:45.748   489  6032 E audio_hw_utils: send_app_type_cfg_for_device: Couldn't get the backend index for snd device camcorder-mic ret=-14
02-23 00:09:45.749   489  6032 I audio_hw_utils: send_app_type_cfg_for_device CAPTURE app_type 69938, acdb_dev_id 4, sample_rate 48000, snd_device_be_idx -14
02-23 00:09:45.749   489  6032 D msm8974_platform: platform_split_snd_device: snd_device(92) num devices(1) new_snd_devices(0)
02-23 00:09:45.749   489  6032 D ACDB-LOADER: ACDB -> send_audio_cal, acdb_id = 4, path = 1, app id = 0x11132, sample rate = 48000
02-23 00:09:45.750   489  6032 D ACDB-LOADER: ACDB -> ACDB_CMD_GET_AUDPROC_GAIN_DEP_STEP_TABLE, vol index 0
02-23 00:09:45.750   489  6032 D         : Failed to fetch the lookup information of the device 00000004 
02-23 00:09:45.750   489  6032 E ACDB-LOADER: Error: ACDB AudProc vol returned = -19
02-23 00:09:45.750   489  6032 D ACDB-LOADER: ACDB -> AUDIO_SET_VOL_CAL cal type = 12
02-23 00:09:45.750   489  6032 D ACDB-LOADER: ACDB -> audstrm_cal->cal_type.cal_data.cal_size = 16
02-23 00:09:45.750   489  6032 D ACDB-LOADER: ACDB -> GET_AFE_TOPOLOGY_ID for adcd_id 4, Topology Id 112fb
02-23 00:09:45.750   489  6032 D         : Failed to fetch the lookup information of the device 00000004 
02-23 00:09:45.750   489  6032 E ACDB-LOADER: Error: ACDB_CMD_GET_AFE_COMMON_TABLE_SIZE Returned = -19
02-23 00:09:45.751   489  6032 D         : Failed to fetch the lookup information of the device 00000004 
02-23 00:09:45.751   489  6032 E ACDB-LOADER: Error: ACDB AFE returned = -19
02-23 00:09:45.751   489  6032 D ACDB-LOADER: ACDB -> send_hw_delay : acdb_id = 4 path = 1
02-23 00:09:45.751   489  6032 D audio_hw_primary: enable_audio_route: apply mixer and update path: audio-record
02-23 00:09:45.751   489  6032 D audio_route: Apply path: audio-record
02-23 00:09:45.753   489  6032 D audio_hw_primary: select_devices: done
02-23 00:09:45.834   489  6032 D audio_hw_primary: start_input_stream: exit
02-23 00:09:49.832  2121  6035 D AmbientPlayRecognition: Preparing to send audio data: 87552 bytes
02-23 00:09:49.833  2121  6035 D AmbientPlayRecognition: Sending mic data, 87552 bytes...
02-23 00:09:51.757  2121  6037 D AmbientPlayRecognition: Not sending, data already sending
02-23 00:09:52.532  2121  6035 D AmbientPlayRecognition: No match (Maybe we could not hear the track?)
02-23 00:09:54.868  2121  6038 D AmbientPlayRecognition: Preparing to send audio data: 198656 bytes
02-23 00:09:54.869  2121  6038 D AmbientPlayRecognition: Sending mic data, 198656 bytes...
02-23 00:09:57.793  2121  6042 D AmbientPlayRecognition: Not sending, data already sending
02-23 00:10:00.797  2121  6043 D AmbientPlayRecognition: Not sending, data already sending
02-23 00:10:02.296  1014  1067 E BatteryExternalStatsWorker: no controller energy info supplied for bluetooth
02-23 00:10:02.310  1014  1067 E KernelUidCpuFreqTimeReader: Failed to read /proc/uid_time_in_state: java.io.FileNotFoundException: /proc/uid_time_in_state (No such file or directory)
02-23 00:10:03.808  2121  6044 D AmbientPlayRecognition: Not sending, data already sending
02-23 00:10:04.738  2121  2121 D AmbientPlayRecognition: Interrupting recorder thread
02-23 00:10:04.738  2121  2121 D AmbientPlayRecognition: Stopping recorder
02-23 00:10:04.739  2121  6033 D AmbientPlayRecognition: Broke out of recording loop, mResultGiven=false
02-23 00:10:04.742  2121  6045 D AmbientPlayRecognition: Not sending, data already sending
02-23 00:10:04.759   489   489 D audio_hw_primary: in_standby: enter: stream (0xf06cc380) usecase(18: audio-record)
02-23 00:10:04.804   489   489 D audio_hw_primary: disable_audio_route: reset and update mixer path: audio-record
02-23 00:10:04.807   489   489 D soundtrigger: audio_extn_sound_trigger_update_stream_status: uc_id 18 of type 1 for Event 2, with Raise=0
02-23 00:10:04.808   489   489 D hardware_info: hw_info_append_hw_type : device_name = camcorder-mic
02-23 00:10:04.808   489   489 D audio_hw_primary: disable_snd_device: snd_device(92: camcorder-mic)
02-23 00:10:04.808   489   489 D msm8974_platform: platform_split_snd_device: snd_device(92) num devices(0) new_snd_devices(0)
02-23 00:10:04.825   489   489 I soundtrigger: audio_extn_sound_trigger_update_device_status: device 0x5c of type 1 for Event 0, with Raise=1
02-23 00:10:04.825   489   489 D sound_trigger_platform: platform_stdev_check_and_update_concurrency: concurrency active 0, tx 0, rx 0, concurrency session_allowed 1
02-23 00:10:04.828   489   489 D audio_hw_primary: in_set_parameters: enter: kvpairs=routing=0
02-23 00:10:04.830   621  1579 I SoundTriggerHwService::Module: onCallbackEvent no clients
02-23 00:10:05.210  2121  6038 E AmbientPlayRecognition: Error while sending audio data
02-23 00:10:05.210  2121  6038 E AmbientPlayRecognition: java.net.SocketTimeoutException: timeout
02-23 00:10:05.210  2121  6038 E AmbientPlayRecognition: 	at com.android.okhttp.okio.Okio$3.newTimeoutException(Okio.java:212)
02-23 00:10:05.210  2121  6038 E AmbientPlayRecognition: 	at com.android.okhttp.okio.AsyncTimeout.exit(AsyncTimeout.java:261)
02-23 00:10:05.210  2121  6038 E AmbientPlayRecognition: 	at com.android.okhttp.okio.AsyncTimeout$2.read(AsyncTimeout.java:215)
02-23 00:10:05.210  2121  6038 E AmbientPlayRecognition: 	at com.android.okhttp.okio.RealBufferedSource.indexOf(RealBufferedSource.java:306)
02-23 00:10:05.210  2121  6038 E AmbientPlayRecognition: 	at com.android.okhttp.okio.RealBufferedSource.indexOf(RealBufferedSource.java:300)
02-23 00:10:05.210  2121  6038 E AmbientPlayRecognition: 	at com.android.okhttp.okio.RealBufferedSource.readUtf8LineStrict(RealBufferedSource.java:196)
02-23 00:10:05.210  2121  6038 E AmbientPlayRecognition: 	at com.android.okhttp.internal.http.Http1xStream.readResponse(Http1xStream.java:186)
02-23 00:10:05.210  2121  6038 E AmbientPlayRecognition: 	at com.android.okhttp.internal.http.Http1xStream.readResponseHeaders(Http1xStream.java:127)
02-23 00:10:05.210  2121  6038 E AmbientPlayRecognition: 	at com.android.okhttp.internal.http.HttpEngine.readNetworkResponse(HttpEngine.java:737)
02-23 00:10:05.210  2121  6038 E AmbientPlayRecognition: 	at com.android.okhttp.internal.http.HttpEngine.readResponse(HttpEngine.java:609)
02-23 00:10:05.210  2121  6038 E AmbientPlayRecognition: 	at com.android.okhttp.internal.huc.HttpURLConnectionImpl.execute(HttpURLConnectionImpl.java:471)
02-23 00:10:05.210  2121  6038 E AmbientPlayRecognition: 	at com.android.okhttp.internal.huc.HttpURLConnectionImpl.getResponse(HttpURLConnectionImpl.java:407)
02-23 00:10:05.210  2121  6038 E AmbientPlayRecognition: 	at com.android.okhttp.internal.huc.HttpURLConnectionImpl.getInputStream(HttpURLConnectionImpl.java:244)
02-23 00:10:05.210  2121  6038 E AmbientPlayRecognition: 	at com.android.systemui.ambientmusic.aoscp.AmbientPlayRecognition$RecorderThread.sendAudioData(AmbientPlayRecognition.java:165)
02-23 00:10:05.210  2121  6038 E AmbientPlayRecognition: 	at com.android.systemui.ambientmusic.aoscp.AmbientPlayRecognition$RecorderThread.-wrap0(Unknown Source:0)
02-23 00:10:05.210  2121  6038 E AmbientPlayRecognition: 	at com.android.systemui.ambientmusic.aoscp.AmbientPlayRecognition$RecorderThread$1.run(AmbientPlayRecognition.java:137)
02-23 00:10:05.210  2121  6038 E AmbientPlayRecognition: Caused by: java.net.SocketException: Socket closed
02-23 00:10:05.210  2121  6038 E AmbientPlayRecognition: 	at java.net.SocketInputStream.read(SocketInputStream.java:203)
02-23 00:10:05.210  2121  6038 E AmbientPlayRecognition: 	at java.net.SocketInputStream.read(SocketInputStream.java:139)
02-23 00:10:05.210  2121  6038 E AmbientPlayRecognition: 	at com.android.okhttp.okio.Okio$2.read(Okio.java:136)
02-23 00:10:05.210  2121  6038 E AmbientPlayRecognition: 	at com.android.okhttp.okio.AsyncTimeout$2.read(AsyncTimeout.java:211)
02-23 00:10:05.210  2121  6038 E AmbientPlayRecognition: 	... 13 more
02-23 00:10:05.212  2121  6038 W AmbientPlayRecognition: Regular expression didn't match!
02-23 00:10:05.212  2121  6038 D AmbientPlayRecognition: Reporting onNoMatch
02-23 00:10:05.213  2121  6038 D AmbientPlayRecognition: Reporting result
02-23 00:10:05.521   615   722 I ThermalEngine: Monitor : quiet_therm = 28, msm_therm = 28, ufs_therm = 28, battery_therm = 263,current_now = -409000 
02-23 00:10:08.172  2121  2140 W zygote64: Checksum mismatch for dex SystemUI.apk
02-23 00:10:08.172  2121  2140 W zygote64: Checksum mismatch for dex SystemUI.apk
02-23 00:10:15.215  2121  2121 V StatusBar: Will start listening again in 10 seconds
02-23 00:10:15.220   489   489 D audio_hw_primary: adev_open_input_stream: enter: sample_rate(11025) channel_mask(0x10) devices(0x80000080)        stream_handle(0xf06cca80) io_handle(166) source(5) format 1
02-23 00:10:15.220   489   489 W audio_hw_utils: audio_extn_utils_update_stream_input_app_type_cfg: App type could not be selected. Falling back to default
02-23 00:10:15.227   621  6049 I AudioFlinger: AudioFlinger's thread 0xe9d83540 tid=6049 ready to run
02-23 00:10:15.228   489  1386 D audio_hw_primary: in_standby: enter: stream (0xf06cca80) usecase(18: audio-record)
02-23 00:10:15.233   489  1386 D audio_hw_primary: in_standby: enter: stream (0xf06cca80) usecase(18: audio-record)
02-23 00:10:15.246   489  1386 D audio_hw_primary: in_set_parameters: enter: kvpairs=input_source=5;routing=-2147483520
02-23 00:10:15.250   621  1579 I SoundTriggerHwService::Module: onCallbackEvent no clients
02-23 00:10:15.254  2121  6050 D AmbientPlayRecognition: Started reading recorder...
02-23 00:10:15.256   489  6051 D audio_hw_primary: start_input_stream: enter: stream(0xf06cca80)usecase(18: audio-record)
02-23 00:10:15.258   489  6051 D audio_hw_primary: select_devices for use case (audio-record)
02-23 00:10:15.258   489  6051 D audio_hw_primary: select_devices: out_snd_device(0: ) in_snd_device(92: camcorder-mic)
02-23 00:10:15.258   489  6051 I msm8974_platform: platform_check_and_set_capture_codec_backend_cfg:txbecf: afe: bitwidth 16, samplerate 11025, channel 1 format 1, backend_idx 7 usecase = 18 device (camcorder-mic)
02-23 00:10:15.258   489  6051 I msm8974_platform: platform_check_capture_codec_backend_cfg:txbecf: afe: Codec selected backend: 7 current bit width: 16 and sample rate: 11025, channels 1 format 1
02-23 00:10:15.259   489  6051 W msm8974_platform: platform_get_backend_index:napb: Invalid device - 0 
02-23 00:10:15.259   489  6051 I msm8974_platform: platform_check_capture_codec_backend_cfg:txbecf: afe: Codec selected backend: 7 updated bit width: 16 and sample rate: 11025
02-23 00:10:15.259   489  6051 D audio_hw_primary: check_usecases_capture_codec_backend:becf: force routing 0
02-23 00:10:15.259   489  6051 D hardware_info: hw_info_append_hw_type : device_name = camcorder-mic
02-23 00:10:15.259   489  6051 D msm8974_platform: platform_split_snd_device: snd_device(92) num devices(0) new_snd_devices(0)
02-23 00:10:15.259   489  6051 D audio_hw_primary: enable_snd_device: snd_device(92: camcorder-mic)
02-23 00:10:15.259   489  6051 I soundtrigger: audio_extn_sound_trigger_update_device_status: device 0x5c of type 1 for Event 1, with Raise=1
02-23 00:10:15.259   489  6051 D sound_trigger_platform: platform_stdev_check_and_update_concurrency: concurrency active 0, tx 1, rx 0, concurrency session_allowed 0
02-23 00:10:15.259   489  6051 D audio_route: Apply path: camcorder-mic
02-23 00:10:15.270   489  6051 W audio_hw_utils: audio_extn_utils_update_stream_input_app_type_cfg: App type could not be selected. Falling back to default
02-23 00:10:15.271   489  6051 D soundtrigger: audio_extn_sound_trigger_update_stream_status: uc_id 18 of type 1 for Event 3, with Raise=0
02-23 00:10:15.271   489  6051 D audio_hw_utils: audio_extn_utils_send_app_type_cfg: usecase->in_snd_device camcorder-mic
02-23 00:10:15.271   489  6051 D msm8974_platform: platform_split_snd_device: snd_device(92) num devices(0) new_snd_devices(0)
02-23 00:10:15.271   489  6051 E msm8974_platform: platform_get_snd_device_backend_index: BE DAI Name Table is not present
02-23 00:10:15.271   489  6051 E audio_hw_utils: send_app_type_cfg_for_device: Couldn't get the backend index for snd device camcorder-mic ret=-14
02-23 00:10:15.271   489  6051 I audio_hw_utils: send_app_type_cfg_for_device CAPTURE app_type 69938, acdb_dev_id 4, sample_rate 48000, snd_device_be_idx -14
02-23 00:10:15.272   489  6051 D msm8974_platform: platform_split_snd_device: snd_device(92) num devices(1) new_snd_devices(0)
02-23 00:10:15.272   489  6051 D ACDB-LOADER: ACDB -> send_audio_cal, acdb_id = 4, path = 1, app id = 0x11132, sample rate = 48000
02-23 00:10:15.273   489  6051 D ACDB-LOADER: ACDB -> ACDB_CMD_GET_AUDPROC_GAIN_DEP_STEP_TABLE, vol index 0
02-23 00:10:15.273   489  6051 D         : Failed to fetch the lookup information of the device 00000004 
02-23 00:10:15.273   489  6051 E ACDB-LOADER: Error: ACDB AudProc vol returned = -19
02-23 00:10:15.273   489  6051 D ACDB-LOADER: ACDB -> AUDIO_SET_VOL_CAL cal type = 12
02-23 00:10:15.273   489  6051 D ACDB-LOADER: ACDB -> audstrm_cal->cal_type.cal_data.cal_size = 16
02-23 00:10:15.273   489  6051 D ACDB-LOADER: ACDB -> GET_AFE_TOPOLOGY_ID for adcd_id 4, Topology Id 112fb
02-23 00:10:15.273   489  6051 D         : Failed to fetch the lookup information of the device 00000004 
02-23 00:10:15.273   489  6051 E ACDB-LOADER: Error: ACDB_CMD_GET_AFE_COMMON_TABLE_SIZE Returned = -19
02-23 00:10:15.273   489  6051 D         : Failed to fetch the lookup information of the device 00000004 
02-23 00:10:15.274   489  6051 E ACDB-LOADER: Error: ACDB AFE returned = -19
02-23 00:10:15.274   489  6051 D ACDB-LOADER: ACDB -> send_hw_delay : acdb_id = 4 path = 1
02-23 00:10:15.274   489  6051 D audio_hw_primary: enable_audio_route: apply mixer and update path: audio-record
02-23 00:10:15.274   489  6051 D audio_route: Apply path: audio-record
02-23 00:10:15.276   489  6051 D audio_hw_primary: select_devices: done
02-23 00:10:15.349   489  6051 D audio_hw_primary: start_input_stream: exit
02-23 00:10:17.657  1014  1062 I ActivityManager: Start proc 6053:com.google.android.talk/u0a88 for broadcast com.google.android.talk/com.google.android.apps.hangouts.realtimechat.MessagesAvailableReceiver
02-23 00:10:17.911  6053  6053 I Babel_telephony: TeleModule.onApplicationCreate
02-23 00:10:17.922  6053  6078 I Babel_SMS: MmsConfig: mnc/mcc: 202/5
02-23 00:10:17.922  6053  6078 I Babel_SMS: MmsConfig.loadMmsSettings
02-23 00:10:17.923  6053  6078 I Babel_SMS: MmsConfig.loadDeviceMmsSettings from API: userAgent=Android-Mms/2.0, uaProfUrl=http://www.google.com/oha/rdf/ua-profile-kila.xml
02-23 00:10:17.923  6053  6078 I Babel_SMS: MmsConfig.loadFromDatabase
02-23 00:10:17.928  6053  6053 I Babel_App: Startup - clean
02-23 00:10:17.958  6053  6078 E SQLiteLog: (1) no such table: mmsconfig
02-23 00:10:17.959  6053  6078 I Babel_SMS: MmsConfig: no mmsconfig table android.database.sqlite.SQLiteException: no such table: mmsconfig (code 1): , while compiling: SELECT key, value, type FROM mmsconfig WHERE numeric=?
02-23 00:10:17.959  6053  6078 I Babel_SMS: MmsConfig.loadFromResources
02-23 00:10:17.960  6053  6078 E Babel_SMS: canonicalizeMccMnc: invalid mccmnc nullnull
02-23 00:10:17.968  6053  6078 I Babel_SMS: MmsConfig.loadMmsSettings: userAgent=Android-Mms/2.0, uaProfUrl=http://www.google.com/oha/rdf/ua-profile-kila.xml
02-23 00:10:17.968  6053  6053 D Babel_SmsDep: disabled
02-23 00:10:17.983  6053  6053 D Babel_SmsDepStand: count:2
02-23 00:10:17.991  6053  6053 D Babel_SmsDep: disabled
02-23 00:10:18.044  1014  1025 I chatty  : uid=1000(system) HeapTaskDaemon expire 2 lines
02-23 00:10:18.075  6053  6053 I Babel_ConcService: Binding ConcurrentService
02-23 00:10:18.126  6053  6087 I Babel_ConcService: Scheduling delay with GcmNetworkManager of 3247 s for task ghqDB_CLEANUP_80316_3 and tag :persisted
02-23 00:10:18.132  6053  6087 I Babel_ConcService: Scheduling delay with GcmNetworkManager of 268724 s for task geyaccount_reg_renewal_80952_8 and tag network_connectivity_wakeup:persisted
02-23 00:10:18.138  6053  6090 I Babel_ConcService: Acquired partial wake lock to keep ConcurrentService alive
02-23 00:10:18.146  6053  6093 D Babel_AcctMgr: created account theodoroupaulos@gmail.com => Redacted-25-chars
02-23 00:10:18.149  6053  6094 D Babel_AcctMgr: Account 0-Redacted-25-chars, valid: true, matches participantId: true
02-23 00:10:18.168  6053  6090 D Babel_SmsDepStand: count:2
02-23 00:10:18.168  6053  6090 D Babel_SmsDepNotif: not sms
02-23 00:10:18.168  6053  6090 D Babel_SmsDepUtil: imp:-1:3686
02-23 00:10:18.187  6053  6093 D Babel_SmsDep: disabled
02-23 00:10:18.205  6053  6090 D Babel_Notif_Persistent: PersistentMessageNotifier.cancelOngoingNotification
02-23 00:10:18.214  6053  6090 D Babel_Notif_SMS: cancelOngoingNotification
02-23 00:10:18.233  6053  6090 I Babel_ConcService: Released partial wake lock as ConcurrentService became idle
02-23 00:10:18.833  2121  6099 D AmbientPlayRecognition: Preparing to send audio data: 76288 bytes
02-23 00:10:18.835  2121  6099 D AmbientPlayRecognition: Sending mic data, 76288 bytes...
02-23 00:10:21.038   756   756 I fps_work: type=1400 audit(0.0:161): avc: denied { write } for name="irq" dev="sysfs" ino=33194 scontext=u:r:hal_fingerprint_default:s0 tcontext=u:object_r:sysfs:s0 tclass=file permissive=1
02-23 00:10:21.041   756   756 I fps_work: type=1400 audit(0.0:162): avc: denied { ioctl } for path="/dev/qseecom" dev="tmpfs" ino=15958 ioctlcmd=9703 scontext=u:r:hal_fingerprint_default:s0 tcontext=u:object_r:tee_device:s0 tclass=chr_file permissive=1
02-23 00:10:21.042   756  1042 D fpc_tac : fpc_tac_wakeup_qualification begin
02-23 00:10:21.044  1014  1567 I chatty  : uid=1000(system) InputReader expire 11 lines
02-23 00:10:21.046   756  1042 D fpc_tac : fpc_tac_send_cmd begin
02-23 00:10:21.056   756  1042 D fpc_tac : fpc_tac_send_cmd end
02-23 00:10:21.056   756  1042 D fpc_tac : fpc_tac_wakeup_qualification end
02-23 00:10:21.056   756  1042 E fpc_fingerprint_hal: capture_single_image case FPC_LIB_FINGER_LOST FPC_LIB_WAIT_TIME 4
02-23 00:10:21.056   756  1042 D fpc_tac : fpc_tac_wakeup_setup begin
02-23 00:10:21.056   756  1042 D fpc_tac : fpc_tac_send_cmd begin
02-23 00:10:21.067   756  1042 D fpc_tac : fpc_tac_send_cmd end
02-23 00:10:21.067   756  1042 D fpc_tac : fpc_tac_wakeup_setup end
02-23 00:10:21.069   756  1042 D fpc_tac : fpc_tac_wakeup_qualification begin
02-23 00:10:21.069   756  1042 D fpc_tac : fpc_tac_send_cmd begin
02-23 00:10:21.076   756  1042 D fpc_tac : fpc_tac_send_cmd end
02-23 00:10:21.077   756  1042 D fpc_tac : fpc_tac_wakeup_qualification end
02-23 00:10:21.077   756  1042 D android.hardware.biometrics.fingerprint@2.1-service: onAcquired(6)
02-23 00:10:21.077   756  1042 D fpc_tac : fpc_tac_capture_image begin
02-23 00:10:21.077   756  1042 D fpc_tac : fpc_tac_send_cmd begin
02-23 00:10:21.078  2121  2121 W FingerprintManager: Invalid acquired message: 6, 0
02-23 00:10:21.098  2121  6099 D AmbientPlayRecognition: No match (Maybe we could not hear the track?)
02-23 00:10:21.184   756  1042 D fpc_tac : fpc_tac_send_cmd end
02-23 00:10:21.184   756  1042 D fpc_tac : fpc_tac_capture_image end
02-23 00:10:21.184   756  1042 E fpc_fingerprint_hal: fpc_tac_capture_image took: 107352
02-23 00:10:21.184   756  1042 E fpc_fingerprint_hal: fpc_capture_image status 0
02-23 00:10:21.184   756  1042 D fpc_tac : fpc_tac_getimagequality begin
02-23 00:10:21.188   756  1042 D fpc_tac : fpc_tac_getimagequality end
02-23 00:10:21.188   756  1042 E fpc_fingerprint_hal: fpc_capture_image image_quality = 0
02-23 00:10:21.188   756  1042 D fpc_fingerprint_hal: fpc_handle_image_subscription
02-23 00:10:21.188   756  1042 D fpc_tac : fpc_tac_identify begin
02-23 00:10:21.188   756  1042 D fpc_tac : fpc_tac_send_identify_cmd begin
02-23 00:10:21.215   756  1042 D fpc_tac : fpc_tac_send_identify_cmd end
02-23 00:10:21.215   756  1042 D fpc_tac : fpc_tac_identify end
02-23 00:10:21.215   756  1042 D fpc_fingerprint_hal: do_identify fpc_tac_identify result 2 597 0 186048
02-23 00:10:21.215   756  1042 D android.hardware.biometrics.fingerprint@2.1-service: onAcquired(0)
02-23 00:10:21.215   756  1042 D fpc_tac : fpc_tac_get_template_id_from_index begin
02-23 00:10:21.215   756  1042 D fpc_tac : fpc_tac_send_get_template_id_from_index_cmd begin
02-23 00:10:21.218   756  1042 D fpc_tac : fpc_tac_send_get_template_id_from_index_cmd end
02-23 00:10:21.218   756  1042 D fpc_tac : fpc_tac_get_template_id_from_index end
02-23 00:10:21.218   756  1042 D fpc_tac : fpc_tac_get_hw_auth_token begin
02-23 00:10:21.218   756  1042 D fpc_tac : fpc_tac_send_get_arbitrary_data_cmd begin
02-23 00:10:21.221  2121  2121 I FingerprintController: fingerprint acquired, grabbing fp wakelock
02-23 00:10:21.225   756  1042 D fpc_tac : fpc_tac_send_get_arbitrary_data_cmd end
02-23 00:10:21.225   756  1042 D fpc_tac : fpc_tac_get_hw_auth_token end
02-23 00:10:21.225   756  1042 D fpc_fingerprint_hal: authenticated
02-23 00:10:21.225   756  1042 D fpc_fingerprint_hal: hat->challenge 0
02-23 00:10:21.225   756  1042 D fpc_fingerprint_hal: hat->authenticator_id 314741180405802551
02-23 00:10:21.225   756  1042 D fpc_fingerprint_hal: hat->authenticator_type 33554432
02-23 00:10:21.225   756  1042 D fpc_fingerprint_hal: hat->timestamp 5820627640469422080
02-23 00:10:21.225   756  1042 D fpc_fingerprint_hal: hat->user_id 17740103445810079527
02-23 00:10:21.225   756  1042 D fpc_fingerprint_hal: hat->version 0
02-23 00:10:21.225   756  1042 D android.hardware.biometrics.fingerprint@2.1-service: onAuthenticated(fid=367119837, gid=0)
02-23 00:10:21.225   756  1042 D fpc_tac : fpc_tac_end_identify begin
02-23 00:10:21.225   756  1042 D fpc_tac : fpc_tac_send_cmd begin
02-23 00:10:21.230   756  1042 D fpc_tac : fpc_tac_send_cmd end
02-23 00:10:21.230   756  1042 D fpc_tac : fpc_tac_end_identify end
02-23 00:10:21.230   756  1042 D fpc_tac : fpc_tac_store_template_db
02-23 00:10:21.230   756  1042 D fpc_tac : fpc_tac_store_template_db storing db at /data/system/users/0/fpdata/user.db.bak
02-23 00:10:21.230   756  1042 D fpc_tac : send_data_msg begin
02-23 00:10:21.230   628   628 D keystore: AddAuthenticationToken: timestamp = 444240 (5820627640469422080), time_received = 435
02-23 00:10:21.232  1014  1014 V FingerprintService: onAuthenticated(owner=com.android.systemui, id=367119837, gp=0)
02-23 00:10:21.238   502   502 I light@2.0-servi: type=1400 audit(0.0:163): avc: denied { read write } for name="brightness" dev="sysfs" ino=38363 scontext=u:r:hal_light_default:s0 tcontext=u:object_r:sysfs:s0 tclass=file permissive=1
02-23 00:10:21.238   502   502 I light@2.0-servi: type=1400 audit(0.0:164): avc: denied { open } for path="/sys/devices/soc/leds-qpnp-18/leds/button-backlight/brightness" dev="sysfs" ino=38363 scontext=u:r:hal_light_default:s0 tcontext=u:object_r:sysfs:s0 tclass=file permissive=1
02-23 00:10:21.238   507   507 I power@1.0-servi: type=1400 audit(0.0:165): avc: denied { call } for scontext=u:r:init:s0 tcontext=u:r:hal_perf_default:s0 tclass=binder permissive=1
02-23 00:10:21.239  2121  2121 V FingerprintController: startWakeAndUnlock(3)
02-23 00:10:21.240  2121  2121 I FingerprintController: fp wakelock: Authenticated, waking up...
02-23 00:10:21.240  1014  1037 I PowerManagerService: Waking up from sleep (uid=10039 reason=android.policy:FINGERPRINT)...
02-23 00:10:21.244  2121  2121 I FingerprintController: releasing fp wakelock
02-23 00:10:21.245  1014  1087 I DisplayPowerController: Blocking screen on until initial contents have been drawn.
02-23 00:10:21.247  1014  1014 V FingerprintService: Done with client: com.android.systemui
02-23 00:10:21.251   603   725 E Sensors : sns_reg_la.c(86):reg read: offset 2304, num bytes: 1
02-23 00:10:21.262   756  1042 D fpc_tac : send_data_msg end
02-23 00:10:21.262   756  1042 D fpc_fingerprint_hal: workerFunction STATE_NONE (HOME)
02-23 00:10:21.262   756  1042 I fpc_fingerprint_hal: do_home  Enter 
02-23 00:10:21.262   756  1042 D fpc_tac : fpc_tac_set_zonenum begin
02-23 00:10:21.262   756  1042 D fpc_tac : fpc_tac_send_cmd64 begin
02-23 00:10:21.263  1014  1085 I DisplayManagerService: Display device changed state: "Ενσωματωμένη οθόνη", ON
02-23 00:10:21.263   489  1386 D audio_hw_primary: adev_set_parameters: enter: screen_state=on
02-23 00:10:21.264   489  1386 D audio_hw_extn: audio_extn_set_anc_parameters: anc_enabled:0
02-23 00:10:21.267   543   543 D SurfaceFlinger: Set power mode=2, type=0 flinger=0x7307a5f000
02-23 00:10:21.268   499   827 I SDM     : DisplayBase::SetDisplayState: Set state = 1, display 0
02-23 00:10:21.268   756  1040 E fpc_fingerprint_hal: screenStateFunction screen ON 0,aut 0, id 0
02-23 00:10:21.276  2240  2332 I QCNEJ/CndHalConnector: -> SND notifyScreenStateChanged(true)
02-23 00:10:21.278   756  1042 D fpc_tac : fpc_tac_send_cmd64 end
02-23 00:10:21.278   756  1042 D fpc_tac : fpc_tac_set_zonenum end
02-23 00:10:21.278   756  1042 D fpc_fingerprint_hal: fpc_wait_finger_up
02-23 00:10:21.279  2240  2332 I QCNEJ/CndHalConnector: -> SND notifyScreenStateChanged(false)
02-23 00:10:21.313  2121  2121 D StatusBar: disable<e i a s b H R c s q >
02-23 00:10:21.314  2121  2121 D StatusBar: disable<e i a s b H R c s q >
02-23 00:10:21.329  1014  1087 I DisplayPowerController: Unblocked screen on after 84 ms
02-23 00:10:21.335  1014  3226 I chatty  : uid=1000(system) IzatProvider expire 3 lines
02-23 00:10:21.336   733   733 V LocSvc_HIDL_IzatSubscription: [screenStatusUpdate][552] [HS] <<<<= [HC]
02-23 00:10:21.336   733  2226 I LocSvc_SystemStatusOsObserver: DataItem: IS_SCREEN_ON: true >> IZAT-MANAGER
02-23 00:10:21.336  2866  6105 D BrcmNfcJni: nativeNfcTag_acquireRfInterfaceMutexLock: try to acquire lock
02-23 00:10:21.336   733  3236 I LocSvc_libulp: ulp_msg_process_system_update: systemEvent:0 
02-23 00:10:21.336  2866  6105 D BrcmNfcJni: nativeNfcTag_acquireRfInterfaceMutexLock: sRfInterfaceMutex lock
02-23 00:10:21.336  2866  6105 I BrcmNfcNfa: NFA_DisablePolling ()
02-23 00:10:21.336  2866  3050 I BrcmNfcNfa: NFA got event 0x0107
02-23 00:10:21.336  2866  3050 I BrcmNfcNfa: nfa_dm_evt_hdlr event: NFA_DM_API_DISABLE_POLLING_EVT (0x07)
02-23 00:10:21.336  2866  3050 I BrcmNfcNfa: nfa_dm_act_disable_polling ()
02-23 00:10:21.336  2866  6105 D BrcmNfcJni: nativeNfcTag_releaseRfInterfaceMutexLock: sRfInterfaceMutex unlock
02-23 00:10:21.336  2866  6105 D BrcmNfcJni: nativeNfcTag_acquireRfInterfaceMutexLock: try to acquire lock
02-23 00:10:21.336  2866  6105 D BrcmNfcJni: nativeNfcTag_acquireRfInterfaceMutexLock: sRfInterfaceMutex lock
02-23 00:10:21.336  2866  6105 I BrcmNfcNfa: NFA_EnablePolling () 0x1
02-23 00:10:21.337  2866  3050 I BrcmNfcNfa: NFA got event 0x0106
02-23 00:10:21.337  2866  3050 I BrcmNfcNfa: nfa_dm_evt_hdlr event: NFA_DM_API_ENABLE_POLLING_EVT (0x06)
02-23 00:10:21.337  2866  3050 I BrcmNfcNfa: nfa_dm_act_enable_polling ()
02-23 00:10:21.337  2866  3050 I BrcmNfcNfa: nfa_dm_start_polling ()
02-23 00:10:21.337  2866  3050 I BrcmNfcNfa: nfa_dm_add_rf_discover () disc_mask=0x200f
02-23 00:10:21.337  2866  6105 D BrcmNfcJni: nativeNfcTag_releaseRfInterfaceMutexLock: sRfInterfaceMutex unlock
02-23 00:10:21.337  2866  6105 I BrcmNfcNfa: NFA_EeSetDefaultTechRouting(): handle:<0x0>technology_mask:<0x5>/<0x0>/<0x0>
02-23 00:10:21.337  2866  6105 I BrcmNfcNfa: nfa_ee_find_ecb ()
02-23 00:10:21.338  2866  3050 I BrcmNfcNfa: NFA got event 0x0204
02-23 00:10:21.338  2866  3050 I BrcmNfcNfa: nfa_ee_evt_hdlr (): Event API_SET_TECH_CFG(0x204), State: INIT_DONE(1)
02-23 00:10:21.338  2866  6105 I BrcmNfcNfa: NFA_EeSetDefaultProtoRouting(): handle:<0x0>protocol_mask:<0xc>/<0x0>/<0x0>
02-23 00:10:21.338  2866  6105 I BrcmNfcNfa: nfa_ee_find_ecb ()
02-23 00:10:21.338  2866  3050 I BrcmNfcNfa: NFA got event 0x0205
02-23 00:10:21.338  2866  3050 I BrcmNfcNfa: nfa_ee_evt_hdlr (): Event API_SET_PROTO_CFG(0x205), State: INIT_DONE(1)
02-23 00:10:21.338  2866  6105 I BrcmNfcNfa: NFA_EeUpdateNow()
02-23 00:10:21.338  2866  3050 I BrcmNfcNfa: NFA got event 0x0209
02-23 00:10:21.338  2866  3050 I BrcmNfcNfa: nfa_ee_evt_hdlr (): Event API_UPDATE_NOW(0x209), State: INIT_DONE(1)
02-23 00:10:21.338  2866  3050 I BrcmNfcNfa: nfa_sys_ptim_stop_timer 8e2e62b0
02-23 00:10:21.338  2866  3050 I BrcmNfcNfa: ptim timer stop
02-23 00:10:21.338  2866  3050 I BrcmNfcNfa: nfa_ee_rout_timeout()
02-23 00:10:21.338  2866  3050 I BrcmNfcNfa: nfa_ee_need_recfg() ee_cfged: 0x90 ee_cfg_sts: 0x10
02-23 00:10:21.338  2866  3050 I BrcmNfcNfa: 0: ecb_flags  : 0x00, mask: 0x10
02-23 00:10:21.338  2866  3050 I BrcmNfcNfa: 1: ecb_flags  : 0x00, mask: 0x01
02-23 00:10:21.338  2866  3050 I BrcmNfcNfa: 2: ecb_flags  : 0x00, mask: 0x02
02-23 00:10:21.338  2866  3050 I BrcmNfcNfa: 3: ecb_flags  : 0x00, mask: 0x04
02-23 00:10:21.338  2866  3050 I BrcmNfcNfa: nfa_ee_report_update_evt ee_wait_evt:0x10 wait_rsp:0
02-23 00:10:21.338  2866  6105 D BrcmNfcJni: nativeNfcTag_acquireRfInterfaceMutexLock: try to acquire lock
02-23 00:10:21.338  2866  6105 D BrcmNfcJni: nativeNfcTag_acquireRfInterfaceMutexLock: sRfInterfaceMutex lock
02-23 00:10:21.338  2866  6105 I BrcmNfcNfa: NFA_StartRfDiscovery ()
02-23 00:10:21.339  2866  3050 I BrcmNfcNfa: NFA got event 0x010E
02-23 00:10:21.339  2866  3050 I BrcmNfcNfa: nfa_dm_evt_hdlr event: NFA_DM_API_START_RF_DISCOVERY_EVT (0x0e)
02-23 00:10:21.339  2866  3050 I BrcmNfcNfa: nfa_dm_act_start_rf_discovery ()
02-23 00:10:21.339  2866  3050 I BrcmNfcNfa: nfa_dm_start_rf_discover ()
02-23 00:10:21.339  2866  3050 I BrcmNfcNfa: nfa_ee_get_tech_route(): 1
02-23 00:10:21.339  2866  3050 I BrcmNfcNfa: 0x0, 0x0, 0x0, 0x0
02-23 00:10:21.339  2866  3050 I BrcmNfcNfa: nfa_dm_cb.disc_cb.entry[0].selected_disc_mask = 0x40000
02-23 00:10:21.339  2866  3050 I BrcmNfcNfa: nfa_dm_cb.disc_cb.entry[1].selected_disc_mask = 0x200f
02-23 00:10:21.339  2866  3050 I BrcmNfcNfa: nfa_p2p_set_config ()
02-23 00:10:21.339  2866  3050 I BrcmNfcNfa: LLCP_GetDiscoveryConfig ()
02-23 00:10:21.339  2866  3050 I BrcmNfcNfa: nfa_dm_check_set_config ()
02-23 00:10:21.339  2866  3050 I BrcmNfcNfa: dm_disc_mask = 0x4200f
02-23 00:10:21.339  2866  3050 I BrcmNfcNfa: nfa_dm_set_rf_listen_mode_config () tech_proto_mask = 0x0004200F
02-23 00:10:21.339  2866  3050 I BrcmNfcNfa: nfa_dm_check_set_config ()
02-23 00:10:21.339  2866  3050 I BrcmNfcNfa: nfa_dm_set_total_duration ()
02-23 00:10:21.339  2866  3050 I BrcmNfcNfa: nfa_dm_check_set_config ()
02-23 00:10:21.339  2866  3050 I BrcmNfcNfa: NFC_DiscoveryStart
02-23 00:10:21.339  2866  3050 D NfcAdaptation: NfcAdaptation::HalPrediscover
02-23 00:10:21.339  2866  3050 D NfcAdaptation: NfcAdaptation::HalWrite
02-23 00:10:21.339   506   506 D NxpExtns: find found MIFARE_READER_ENABLE=(0x1)
02-23 00:10:21.339   506   506 D NxpHal  : > Polling Loop Started
02-23 00:10:21.339   506   506 D NxpHal  : phNxpNciHal_discovery_cmd_ext
02-23 00:10:21.339   506  3065 D NxpTml  : PN54X - Write requested.....
02-23 00:10:21.339   506  3065 D NxpTml  : PN54X - Invoking I2C Write.....
02-23 00:10:21.341   506  3065 E NxpTml  : _i2c_write() errno : 5
02-23 00:10:21.341   506  3065 E NxpTml  : PN54X - Error in I2C Write.....
02-23 00:10:21.341   506  3065 D NxpTml  : PN54X - Posting Fresh Write message.....
02-23 00:10:21.341   506  3065 D NxpTml  : PN54X - Tml Writer Thread Running................
02-23 00:10:21.342   506  3068 E NxpHal  : write error status = 0x1ff
02-23 00:10:21.348   506   506 E NxpHal  : write_unlocked failed - PN54X Maybe in Standby Mode - Retry
02-23 00:10:21.358   506  3065 D NxpTml  : PN54X - Write requested.....
02-23 00:10:21.358   506  3065 D NxpTml  : PN54X - Invoking I2C Write.....
02-23 00:10:21.359   506  3065 D NxpNciX : len =   8 > 2103050200018001
02-23 00:10:21.359   506  3065 D NxpTml  : PN54X - I2C Write successful.....
02-23 00:10:21.359   506  3065 D NxpTml  : PN54X - Posting Fresh Write message.....
02-23 00:10:21.359   506  3065 D NxpTml  : PN54X - Tml Writer Thread Running................
02-23 00:10:21.359   506  3068 D NxpHal  : write successful status = 0x0
02-23 00:10:21.360  2866  3050 I BrcmNfcNfa: NFC_DiscoveryStart status: 0xe3
02-23 00:10:21.362   506  3064 D NxpTml  : PN54X - I2C Read successful.....
02-23 00:10:21.362   506  3064 D NxpNciR : len =   4 > 41030100
02-23 00:10:21.362   506  3064 D NxpTml  : PN54X - Posting read message.....
02-23 00:10:21.362   506  3068 D NxpHal  : read successful status = 0x0
02-23 00:10:21.362  2866  3050 I BrcmNfcNfa: NFC received rsp gid:1
02-23 00:10:21.362  2866  3050 I BrcmNfcNfa: returning TRUE
02-23 00:10:21.362  2866  3050 I BrcmNfcNfa: nfa_dm_disc_discovery_cback (): event:0x4000
02-23 00:10:21.362  2866  3050 I BrcmNfcNfa: nfa_dm_disc_sm_execute (): state: IDLE (0), event: DISCOVER_RSP(1) disc_flags: 0x31
02-23 00:10:21.363  2866  3050 I BrcmNfcNfa: nfa_dm_disc_new_state (): old_state: IDLE (0), new_state: DISCOVERY (1) disc_flags: 0x11
02-23 00:10:21.363  2866  3050 I BrcmNfcNfa: nfa_dm_poll_disc_cback (): event:0x00
02-23 00:10:21.363  2866  3050 I BrcmNfcNfa: nfa_dm_disc_sm_execute (): new state: DISCOVERY (1), disc_flags: 0x1
02-23 00:10:21.363  2866  6105 D BrcmNfcJni: nativeNfcTag_releaseRfInterfaceMutexLock: sRfInterfaceMutex unlock
02-23 00:10:21.363   506  3064 D NxpTml  : PN54X - Read requested.....
02-23 00:10:21.364   506  3064 D NxpTml  : PN54X - Invoking I2C Read.....
02-23 00:10:21.364  2866  2866 D BrcmNfcJni: nfcManager_doSetScreenState: state = 4 discovry_param = 1
02-23 00:10:21.379  2121  2121 I zygote64: Deoptimizing void com.android.systemui.statusbar.stack.ViewState.applyToView(android.view.View) due to JIT inline cache
02-23 00:10:21.447  2121  2121 I zygote64: Deoptimizing void com.android.systemui.statusbar.stack.NotificationStackScrollLayout.updateBackgroundBounds() due to JIT inline cache
02-23 00:10:21.457   756  1042 E fpc_fingerprint_hal: fpc_wait_finger_up FPC_LIB_FINGER_LOST
02-23 00:10:21.457   756  1042 E fpc_fingerprint_hal: do_home fpc_wait_finger_up before do HOME ,status 0 
02-23 00:10:21.457   756  1042 D fpc_fingerprint_hal: fpc_wait_finger_down_for_home_12_zone enter
02-23 00:10:21.457   756  1042 D fpc_tac : fpc_tac_12zones_wakeup_setup begin
02-23 00:10:21.457   756  1042 D fpc_tac : fpc_tac_send_cmd begin
02-23 00:10:21.462   756  1042 D fpc_tac : fpc_tac_send_cmd end
02-23 00:10:21.462   756  1042 D fpc_tac : fpc_tac_12zones_wakeup_setup end
02-23 00:10:21.545  2121  2121 D StatusBar: disable<e i a s b H R c s q >
02-23 00:10:21.603  2121  2121 I zygote64: Deoptimizing void com.android.systemui.statusbar.stack.ViewState.applyToView(android.view.View) due to JIT inline cache
02-23 00:10:21.617  2121  6102 D AmbientPlayRecognition: Preparing to send audio data: 137728 bytes
02-23 00:10:21.617  2121  6102 D AmbientPlayRecognition: Sending mic data, 137728 bytes...
02-23 00:10:21.622  2121  2121 D StatusBar: disable<e i a s b H R c s q >
02-23 00:10:21.623  2121  2121 D StatusBar: disable<e i a s b H R c s q >
02-23 00:10:21.636  2121  2121 I KeyguardSecurityView: Strong auth required, reason: 1
02-23 00:10:21.757   756   756 D fpc_fingerprint_hal: fpc_get_authenticator_id
02-23 00:10:21.757   756  1042 E fpc_fingerprint_hal: wait_12zones_wake_up  status -4  
02-23 00:10:21.757   756  1042 E fpc_fingerprint_hal: fpc_wait_finger_down_for_home_12_zone after irq -4
02-23 00:10:21.757   756  1042 E fpc_fingerprint_hal: do_home  -4 canceled 00
02-23 00:10:21.757   756  1042 D fpc_fingerprint_hal: workerFunction STATE_IDLE
02-23 00:10:21.757   756   756 D fpc_tac : fpc_tac_get_template_db_id begin
02-23 00:10:21.757   756   756 D fpc_tac : fpc_tac_send_get_uint64_cmd begin
02-23 00:10:21.765   756   756 D fpc_tac : fpc_tac_send_get_uint64_cmd end
02-23 00:10:21.765   756   756 D fpc_tac : fpc_tac_get_template_db_id end
02-23 00:10:21.765   756   756 D fpc_fingerprint_hal: fpc_get_authenticator_id id 314741180405802551, aut 0,screen state 1
02-23 00:10:21.765   756  1042 D fpc_fingerprint_hal: workerFunction STATE_NONE (HOME)
02-23 00:10:21.765   756  1042 I fpc_fingerprint_hal: do_home  Enter 
02-23 00:10:21.765   756  1042 D fpc_tac : fpc_tac_set_zonenum begin
02-23 00:10:21.765   756  1042 D fpc_tac : fpc_tac_send_cmd64 begin
02-23 00:10:21.766  1014  1014 V FingerprintService: startAuthentication(com.android.systemui)
02-23 00:10:21.766  1014  1014 V FingerprintService: starting client AuthenticationClient(com.android.systemui), initiatedByClient = true)
02-23 00:10:21.767   756   756 D fpc_fingerprint_hal: fpc_authenticate operation_id 0
02-23 00:10:21.772   756  1042 D fpc_tac : fpc_tac_send_cmd64 end
02-23 00:10:21.772   756  1042 D fpc_tac : fpc_tac_set_zonenum end
02-23 00:10:21.772   756  1042 D fpc_fingerprint_hal: fpc_wait_finger_up
02-23 00:10:21.772   756  1042 D fpc_fingerprint_hal: fpc_wait_finger_up interrupted
02-23 00:10:21.772   756  1042 E fpc_fingerprint_hal: do_home fpc_wait_finger_up before do HOME ,status -4 
02-23 00:10:21.772   756  1042 D fpc_fingerprint_hal: workerFunction STATE_IDLE
02-23 00:10:21.772   756  1042 D fpc_fingerprint_hal: workerFunction STATE_AUTHENTICATE
02-23 00:10:21.772   756  1042 E fpc_fingerprint_hal: do_identify
02-23 00:10:21.772   756  1042 D fpc_tac : fpc_tac_set_zonenum begin
02-23 00:10:21.772   756  1042 D fpc_tac : fpc_tac_send_cmd64 begin
02-23 00:10:21.772  1014  1014 W FingerprintService: client com.android.systemui is authenticating...
02-23 00:10:21.778   756  1042 D fpc_tac : fpc_tac_send_cmd64 end
02-23 00:10:21.778   756  1042 D fpc_tac : fpc_tac_set_zonenum end
02-23 00:10:21.778   756  1042 D fpc_tac : fpc_tac_get_template_count begin
02-23 00:10:21.782   756  1042 D fpc_tac : fpc_tac_get_template_count end
02-23 00:10:21.782   756  1042 D fpc_fingerprint_hal: do_identify  home_prop:
02-23 00:10:21.782   756  1042 D fpc_tac : fpc_tac_send_get_indices_cmd begin
02-23 00:10:21.786   756  1042 D fpc_tac : Number of indices in the database: 1
02-23 00:10:21.786   756  1042 D fpc_tac : fpc_tac_send_get_indices_cmd end
02-23 00:10:21.786   756  1042 D fpc_tac : fpc_tac_get_indices end
02-23 00:10:21.786   756  1042 D fpc_tac : fpc_tac_set_hw_auth_challenge begin
02-23 00:10:21.786   756  1042 D fpc_tac : fpc_tac_send_set_uint64_cmd begin
02-23 00:10:21.791   756  1042 D fpc_tac : fpc_tac_send_set_uint64_cmd end
02-23 00:10:21.791   756  1042 D fpc_tac : fpc_tac_set_hw_auth_challenge end
02-23 00:10:21.791   756  1042 D fpc_tac : fpc_tac_begin_identify begin
02-23 00:10:21.791   756  1042 D fpc_tac : fpc_tac_send_begin_identify_cmd begin
02-23 00:10:21.796   756  1042 D fpc_tac : fpc_tac_send_begin_identify_cmd end
02-23 00:10:21.796   756  1042 D fpc_tac : fpc_tac_begin_identify end
02-23 00:10:21.796   756  1042 E fpc_fingerprint_hal: do_identify status 0
02-23 00:10:21.796   756  1042 E fpc_fingerprint_hal: fpc_capture_image
02-23 00:10:21.796   756  1042 D fpc_fingerprint_hal: fpc_wait_finger_up
02-23 00:10:21.919   756  1042 E fpc_fingerprint_hal: fpc_wait_finger_up FPC_LIB_FINGER_LOST
02-23 00:10:21.919   756  1042 D fpc_tac : fpc_tac_wakeup_setup begin
02-23 00:10:21.919   756  1042 D fpc_tac : fpc_tac_send_cmd begin
02-23 00:10:21.929   756  1042 D fpc_tac : fpc_tac_send_cmd end
02-23 00:10:21.929   756  1042 D fpc_tac : fpc_tac_wakeup_setup end
02-23 00:10:21.955  6053  6110 I Babel_ConcService: Acquired partial wake lock to keep ConcurrentService alive
02-23 00:10:21.957  6053  6110 D Babel_AcctMgr: Account 0-Redacted-25-chars, valid: true, matches participantId: true
02-23 00:10:21.969  6053  6110 I Babel_ConcService: Released partial wake lock as ConcurrentService became idle
02-23 00:10:21.970  6053  6112 I Babel_ConcService: Acquired partial wake lock to keep ConcurrentService alive
02-23 00:10:21.972  6053  6112 I Babel_ConcService: Released partial wake lock as ConcurrentService became idle
02-23 00:10:21.974  6053  6111 I Babel_ConcService: Acquired partial wake lock to keep ConcurrentService alive
02-23 00:10:21.975  6053  6111 I Babel_ConcService: Released partial wake lock as ConcurrentService became idle
02-23 00:10:22.715  6053  6068 I zygote64: Waiting for a blocking GC ProfileSaver
02-23 00:10:22.724  6053  6068 I zygote64: WaitForGcToComplete blocked ProfileSaver on HeapTrim for 9.015ms
02-23 00:10:23.852  1014  2937 E LockSettingsStorage: Cannot read file java.io.FileNotFoundException: /data/system_de/0/spblob/1fff63e5eb59e760.weaver: open failed: ENOENT (No such file or directory)
02-23 00:10:23.857   752   752 D PermissionCache: checking android.permission.ACCESS_KEYGUARD_SECURE_STORAGE for uid=1000 => granted (2201 us)
02-23 00:10:23.907   628   628 D keystore: AddAuthenticationToken: timestamp = 446933 (15407102397280944128), time_received = 438
02-23 00:10:23.965  1014  2937 I chatty  : uid=1000(system) Binder:1014_A expire 2 lines
02-23 00:10:23.968   628   628 I keystore: del USRPKEY_synthetic_password_1fff63e5eb59e760 1000
02-23 00:10:23.969   628   628 I keystore: del USRSKEY_synthetic_password_1fff63e5eb59e760 1000
02-23 00:10:23.976   628   628 I keystore: del USRCERT_synthetic_password_1fff63e5eb59e760 1000
02-23 00:10:23.976   628   628 I keystore: del CACERT_synthetic_password_1fff63e5eb59e760 1000
02-23 00:10:23.978   628   628 I keystore: del USRPKEY_synthetic_password_1fff63e5eb59e760 1000
02-23 00:10:23.979   628   628 I keystore: del USRSKEY_synthetic_password_1fff63e5eb59e760 1000
02-23 00:10:23.979   628   628 I keystore: del USRCERT_synthetic_password_1fff63e5eb59e760 1000
02-23 00:10:23.980   628   628 I keystore: del CACERT_synthetic_password_1fff63e5eb59e760 1000
02-23 00:10:23.983   569   784 D DrmLibTime: got the req here! ret=0
02-23 00:10:23.983   569   784 D DrmLibTime: command id, time_cmd_id = 770
02-23 00:10:23.983   569   784 D DrmLibTime: time_getutcsec starts!
02-23 00:10:23.983   569   784 D DrmLibTime: QSEE Time Listener: time_getutcsec
02-23 00:10:23.983   569   784 D DrmLibTime: QSEE Time Listener: get_utc_seconds
02-23 00:10:23.983   569   784 D DrmLibTime: QSEE Time Listener: time_get_modem_time
02-23 00:10:23.983   569   784 D DrmLibTime: QSEE Time Listener: Checking if ATS_MODEM is set or not.
02-23 00:10:23.984   569   784 D QC-time-services: Lib:time_genoff_operation: pargs->base = 13
02-23 00:10:23.985   569   784 D QC-time-services: Lib:time_genoff_operation: pargs->operation = 2
02-23 00:10:23.985   569   784 D QC-time-services: Lib:time_genoff_operation: pargs->ts_val = 0
02-23 00:10:23.986   569   784 D QC-time-services: Lib:time_genoff_operation: Send to server  passed!!
02-23 00:10:23.986   613   633 D QC-time-services: Daemon: Connection accepted:time_genoff
02-23 00:10:23.986   613  6121 D QC-time-services: Daemon:Received base = 13, unit = 1, operation = 2,value = 0
02-23 00:10:23.986   613  6121 D QC-time-services: Daemon:genoff_opr: Base = 13, val = 0, operation = 2
02-23 00:10:23.986   613  6121 D QC-time-services: offset is: 1 for base: 13
02-23 00:10:23.986   569   784 E QC-time-services: Receive Passed == base = 13, unit = 1, operation = 2, result = 0
02-23 00:10:23.986   569   784 D DrmLibTime: QSEE Time Listener: ATS_MODEM is set. Try to retrieve it.
02-23 00:10:23.987   613   633 E QC-time-services: Daemon: Time-services: Waiting to acceptconnection
02-23 00:10:23.987   613   633 D QC-time-services: Daemon: Connection accepted:time_genoff
02-23 00:10:23.987   613  6122 D QC-time-services: Daemon:Received base = 13, unit = 1, operation = 1,value = 0
02-23 00:10:23.987   613  6122 D QC-time-services: Daemon:genoff_opr: Base = 13, val = 0, operation = 1
02-23 00:10:23.987   613  6122 D QC-time-services: Daemon: genoff get for 13
02-23 00:10:23.987   613  6122 D QC-time-services: Daemon:Value read from QTimer mseconds = 447016
02-23 00:10:23.987   613  6122 D QC-time-services: Daemon:Value read from RTC mseconds on boot = 35389129000
02-23 00:10:23.987   613  6122 D QC-time-services: Daemon:Value read from QTimer mseconds = 447016
02-23 00:10:23.987   613  6122 D QC-time-services: Daemon:Value read from generic offset = 1483947861378
02-23 00:10:23.987   613  6122 D QC-time-services: Daemon:Delta read on boot mseconds = 35389115673
02-23 00:10:23.987   613  6122 D QC-time-services: Daemon:Final Time = 1519337424067
02-23 00:10:23.988   569   784 D DrmLibTime: QSEE Time Listener: Time GenOff - seconds: 1519337424
