02-23 00:03:31.867  1014  1014 E UsbPortManager: 	at com.android.internal.os.ZygoteInit.main(ZygoteInit.java:787)
02-23 00:03:31.869  1014  1014 W SystemServiceManager: Service com.android.server.usb.UsbService$Lifecycle took 830 ms in onStart
02-23 00:03:31.869  1014  1014 D SystemServerTiming: StartUsbService took to complete: 831ms
02-23 00:03:31.869  1014  1014 I SystemServer: StartSerialService
02-23 00:03:31.870  1014  1014 D SystemServerTiming: StartSerialService took to complete: 1ms
02-23 00:03:31.870  1014  1014 I SystemServer: StartHardwarePropertiesManagerService
02-23 00:03:31.871  1014  1014 D SystemServerTiming: StartHardwarePropertiesManagerService took to complete: 1ms
02-23 00:03:31.871  1014  1014 I SystemServer: StartTwilightService
02-23 00:03:31.872  1014  1014 I SystemServiceManager: Starting com.android.server.twilight.TwilightService
02-23 00:03:31.872  1014  1014 D SystemServerTiming: StartTwilightService took to complete: 1ms
02-23 00:03:31.872  1014  1014 I SystemServer: StartNightDisplay
02-23 00:03:31.872  1014  1014 I SystemServiceManager: Starting com.android.server.display.NightDisplayService
02-23 00:03:31.872  1014  1014 D SystemServerTiming: StartNightDisplay took to complete: 0ms
02-23 00:03:31.872  1014  1014 I SystemServer: StartJobScheduler
02-23 00:03:31.872  1014  1014 I SystemServiceManager: Starting com.android.server.job.JobSchedulerService
02-23 00:03:31.877  1014  1014 D JobStore: Start tag: job-info
02-23 00:03:31.892  1014  1014 I JobStore: Read 57 jobs
02-23 00:03:31.893  1014  1014 D ConnectivityService: requestNetwork for uid/pid:1000/1014 NetworkRequest [ TRACK_DEFAULT id=3, [ Capabilities: INTERNET&NOT_RESTRICTED&TRUSTED&NOT_VPN] ]
02-23 00:03:31.896  1014  1014 D SystemServerTiming: StartJobScheduler took to complete: 24ms
02-23 00:03:31.896  1014  1014 I SystemServer: StartSoundTrigger
02-23 00:03:31.897  1014  1014 I SystemServiceManager: Starting com.android.server.soundtrigger.SoundTriggerService
02-23 00:03:31.898  1014  1014 D SystemServerTiming: StartSoundTrigger took to complete: 2ms
02-23 00:03:31.898  1014  1014 I SystemServer: StartTrustManager
02-23 00:03:31.898  1014  1014 I SystemServiceManager: Starting com.android.server.trust.TrustManagerService
02-23 00:03:31.899  1014  1014 D SystemServerTiming: StartTrustManager took to complete: 1ms
02-23 00:03:31.899  1014  1014 I SystemServer: StartBackupManager
02-23 00:03:31.899  1014  1014 I SystemServiceManager: Starting com.android.server.backup.BackupManagerService$Lifecycle
02-23 00:03:31.901  1014  1014 D SystemServerTiming: StartBackupManager took to complete: 2ms
02-23 00:03:31.901  1014  1014 I SystemServer: StartAppWidgerService
02-23 00:03:31.901  1014  1014 I SystemServiceManager: Starting com.android.server.appwidget.AppWidgetService
02-23 00:03:31.915  1014  1014 D SystemServerTiming: StartAppWidgerService took to complete: 14ms
02-23 00:03:31.915  1014  1014 I SystemServer: StartVoiceRecognitionManager
02-23 00:03:31.915  1014  1014 I SystemServiceManager: Starting com.android.server.voiceinteraction.VoiceInteractionManagerService
02-23 00:03:31.916  1014  1014 D SystemServerTiming: StartVoiceRecognitionManager took to complete: 1ms
02-23 00:03:31.917  1014  1014 I SystemServer: StartGestureLauncher
02-23 00:03:31.917  1014  1014 I SystemServiceManager: Starting com.android.server.GestureLauncherService
02-23 00:03:31.917  1014  1014 D SystemServerTiming: StartGestureLauncher took to complete: 0ms
02-23 00:03:31.917  1014  1014 I SystemServer: StartSensorNotification
02-23 00:03:31.917  1014  1014 I SystemServiceManager: Starting com.android.server.SensorNotificationService
02-23 00:03:31.917  1014  1014 D SystemServerTiming: StartSensorNotification took to complete: 0ms
02-23 00:03:31.917  1014  1014 I SystemServer: StartContextHubSystemService
02-23 00:03:31.917  1014  1014 I SystemServiceManager: Starting com.android.server.ContextHubSystemService
02-23 00:03:31.917  1014  1014 D SystemServerTiming: StartContextHubSystemService took to complete: 0ms
02-23 00:03:31.917  1014  1014 I SystemServer: StartDiskStatsService
02-23 00:03:31.917  1014  1056 D SystemServerInitThreadPool: Started executing Init ContextHubSystemService
02-23 00:03:31.919  1014  1014 D SystemServerTiming: StartDiskStatsService took to complete: 2ms
02-23 00:03:31.919  1014  1014 I SystemServer: StartNetworkTimeUpdateService
02-23 00:03:31.919  1014  1056 D SystemServerInitThreadPool: Finished executing Init ContextHubSystemService
02-23 00:03:31.920  1014  1014 D SystemServerTiming: StartNetworkTimeUpdateService took to complete: 1ms
02-23 00:03:31.920  1014  1014 I SystemServer: StartCommonTimeManagementService
02-23 00:03:31.921  1014  1014 D SystemServerTiming: StartCommonTimeManagementService took to complete: 1ms
02-23 00:03:31.921  1014  1014 I SystemServer: CertBlacklister
02-23 00:03:31.921  1014  1014 D SystemServerTiming: CertBlacklister took to complete: 0ms
02-23 00:03:31.921  1014  1014 I SystemServer: StartEmergencyAffordanceService
02-23 00:03:31.922  1014  1014 I SystemServiceManager: Starting com.android.server.emergency.EmergencyAffordanceService
02-23 00:03:31.922  1014  1014 D SystemServerTiming: StartEmergencyAffordanceService took to complete: 0ms
02-23 00:03:31.922  1014  1014 I SystemServer: StartDreamManager
02-23 00:03:31.922  1014  1014 I SystemServiceManager: Starting com.android.server.dreams.DreamManagerService
02-23 00:03:31.923  1014  1014 D SystemServerTiming: StartDreamManager took to complete: 1ms
02-23 00:03:31.923  1014  1014 I SystemServer: AddGraphicsStatsService
02-23 00:03:31.925  1014  1014 D SystemServerTiming: AddGraphicsStatsService took to complete: 2ms
02-23 00:03:31.925  1014  1014 I SystemServer: StartPrintManager
02-23 00:03:31.925  1014  1014 I SystemServiceManager: Starting com.android.server.print.PrintManagerService
02-23 00:03:31.927  1014  1014 D SystemServerTiming: StartPrintManager took to complete: 2ms
02-23 00:03:31.927  1014  1014 I SystemServer: StartCompanionDeviceManager
02-23 00:03:31.928  1014  1014 I SystemServiceManager: Starting com.android.server.companion.CompanionDeviceManagerService
02-23 00:03:31.929  1014  1014 D SystemServerTiming: StartCompanionDeviceManager took to complete: 2ms
02-23 00:03:31.929  1014  1014 I SystemServer: StartRestrictionManager
02-23 00:03:31.929  1014  1014 I SystemServiceManager: Starting com.android.server.restrictions.RestrictionsManagerService
02-23 00:03:31.930  1014  1014 D SystemServerTiming: StartRestrictionManager took to complete: 1ms
02-23 00:03:31.930  1014  1014 I SystemServer: StartMediaSessionService
02-23 00:03:31.930  1014  1014 I SystemServiceManager: Starting com.android.server.media.MediaSessionService
02-23 00:03:31.932  1014  1014 D SystemServerTiming: StartMediaSessionService took to complete: 3ms
02-23 00:03:31.933  1014  1014 I SystemServer: StartMediaResourceMonitor
02-23 00:03:31.933  1014  1014 I SystemServiceManager: Starting com.android.server.media.MediaResourceMonitorService
02-23 00:03:31.933  1014  1014 D SystemServerTiming: StartMediaResourceMonitor took to complete: 1ms
02-23 00:03:31.933  1014  1014 I SystemServer: StartMediaRouterService
02-23 00:03:31.935  1014  1014 D SystemServerTiming: StartMediaRouterService took to complete: 1ms
02-23 00:03:31.935  1014  1014 I SystemServer: StartFingerprintSensor
02-23 00:03:31.935  1014  1014 I SystemServiceManager: Starting com.android.server.fingerprint.FingerprintService
02-23 00:03:31.937  1014  1524 D SystemServerInitThreadPool: Started executing FingerprintService.onStart
02-23 00:03:31.937  1014  1524 V FingerprintService: mDeamon was null, reconnect to fingerprint
02-23 00:03:31.937  1014  1014 D SystemServerTiming: StartFingerprintSensor took to complete: 2ms
02-23 00:03:31.937  1014  1014 I SystemServer: StartBackgroundDexOptService
02-23 00:03:31.938  1014  1014 D SystemServerTiming: StartBackgroundDexOptService took to complete: 1ms
02-23 00:03:31.938  1014  1014 I SystemServer: StartPruneInstantAppsJobService
02-23 00:03:31.938  1014  1014 D SystemServerTiming: StartPruneInstantAppsJobService took to complete: 0ms
02-23 00:03:31.938  1014  1014 I SystemServer: StartShortcutServiceLifecycle
02-23 00:03:31.938  1014  1014 I SystemServiceManager: Starting com.android.server.pm.ShortcutService$Lifecycle
02-23 00:03:31.939  1014  1524 V FingerprintService: Fingerprint HAL id: 496385667072
02-23 00:03:31.941  1014  1014 D SystemServerTiming: StartShortcutServiceLifecycle took to complete: 3ms
02-23 00:03:31.941  1014  1014 I SystemServer: StartLauncherAppsService
02-23 00:03:31.941  1014  1014 I SystemServiceManager: Starting com.android.server.pm.LauncherAppsService
02-23 00:03:31.942  1014  1014 D SystemServerTiming: StartLauncherAppsService took to complete: 1ms
02-23 00:03:31.942  1014  1014 I SystemServer: Starting PocketService
02-23 00:03:31.942  1014  1014 I SystemServiceManager: Starting com.android.server.pocket.PocketService
02-23 00:03:31.945  1014  1014 I SystemServer: StartMediaProjectionManager
02-23 00:03:31.945  1014  1014 I SystemServiceManager: Starting com.android.server.media.projection.MediaProjectionManagerService
02-23 00:03:31.949  1014  1014 D SystemServerTiming: StartMediaProjectionManager took to complete: 4ms
02-23 00:03:31.949  1014  1014 I SystemServer: StartCameraServiceProxy
02-23 00:03:31.949  1014  1014 I SystemServiceManager: Starting com.android.server.camera.CameraServiceProxy
02-23 00:03:31.950  1014  2085 I ServiceThread: Enabled StrictMode logging for CameraService_proxy looper.
02-23 00:03:31.951  1014  1014 D SystemServerTiming: StartCameraServiceProxy took to complete: 2ms
02-23 00:03:31.952  1014  1014 I SystemServer: StartJitCompilation
02-23 00:03:31.952  1014  1014 D SystemServerTiming: StartJitCompilation took to complete: 0ms
02-23 00:03:31.952  1014  1014 I SystemServer: StartMmsService
02-23 00:03:31.952  1014  1014 I SystemServiceManager: Starting com.android.server.MmsServiceBroker
02-23 00:03:31.953  1014  1014 D SystemServerTiming: StartMmsService took to complete: 1ms
02-23 00:03:31.953  1014  1014 I SystemServer: StartAutoFillService
02-23 00:03:31.954  1014  1014 I SystemServiceManager: Starting com.android.server.autofill.AutofillManagerService
02-23 00:03:31.954  1014  1014 I AutofillManagerService: Setting debug to true
02-23 00:03:31.956  1014  1014 D SystemServerTiming: StartAutoFillService took to complete: 3ms
02-23 00:03:31.956  1014  1014 I SystemServer: MakeVibratorServiceReady
02-23 00:03:31.957  1014  1014 D SystemServerTiming: MakeVibratorServiceReady took to complete: 1ms
02-23 00:03:31.957  1014  1014 I SystemServer: MakeLockSettingsServiceReady
02-23 00:03:32.010  1014  1014 I SyntheticPasswordManager: Device does not support weaver
02-23 00:03:32.012  1014  1014 E LockSettingsStorage: Cannot read file java.io.FileNotFoundException: /data/system/gatekeeper.password.key: open failed: ENOENT (No such file or directory)
02-23 00:03:32.012  1014  1014 E LockSettingsStorage: Cannot read file java.io.FileNotFoundException: /data/system/password.key: open failed: ENOENT (No such file or directory)
02-23 00:03:32.012  1014  1014 E LockSettingsStorage: Cannot read file java.io.FileNotFoundException: /data/system/gatekeeper.pattern.key: open failed: ENOENT (No such file or directory)
02-23 00:03:32.012  1014  1014 E LockSettingsStorage: Cannot read file java.io.FileNotFoundException: /data/system/gatekeeper.gesture.key: open failed: ENOENT (No such file or directory)
02-23 00:03:32.013  1014  1014 E LockSettingsStorage: Cannot read file java.io.FileNotFoundException: /data/system/gesture.key: open failed: ENOENT (No such file or directory)
02-23 00:03:32.013  1014  1014 D SystemServerTiming: MakeLockSettingsServiceReady took to complete: 56ms
02-23 00:03:32.013  1014  1014 I SystemServer: StartBootPhaseLockSettingsReady
02-23 00:03:32.013  1014  1014 I SystemServiceManager: Starting phase 480
02-23 00:03:32.020  1014  1524 D SystemServerInitThreadPool: Finished executing FingerprintService.onStart
02-23 00:03:32.031  1014  1014 I DevicePolicyManager: Set ro.device_owner property to false
02-23 00:03:32.038  1014  1014 W PocketService: Un-handled boot phase:480
02-23 00:03:32.038  1014  1014 D SystemServerTiming: StartBootPhaseLockSettingsReady took to complete: 25ms
02-23 00:03:32.038  1014  1014 I SystemServer: StartBootPhaseSystemServicesReady
02-23 00:03:32.038  1014  1014 I SystemServiceManager: Starting phase 500
02-23 00:03:32.041  1014  1014 I VrManagerService: No default vr listener service found.
02-23 00:03:32.046  1014  1014 I WifiService: WifiService starting up with Wi-Fi enabled
02-23 00:03:32.063  1014  1014 D WifiService: setWifiEnabled: true pid=1014, uid=1000, package=android
02-23 00:03:32.064   513   513 I android.hardware.wifi@1.0-service: Wifi HAL started
02-23 00:03:32.069  1014  2071 D ConnectivityService: Got NetworkFactory Messenger for Ethernet
02-23 00:03:32.071  1014  1014 D ZenLog  : config: cleanUpZenRules,ZenModeConfig[user=0,allowCalls=true,allowRepeatCallers=false,allowMessages=false,allowCallsFrom=contacts,allowMessagesFrom=contacts,allowReminders=true,allowEvents=true,allowWhenScreenOff=true,allowWhenScreenOn=true,automaticRules={f38f3cf1841540cfba9198036f07917e=ZenRule[enabled=true,snoozing=false,name=Κοιμάμαι,zenMode=ZEN_MODE_IMPORTANT_INTERRUPTIONS,conditionId=condition://android/schedule?days=1.2.3.4.5.6.7&start=0.0&end=9.0&exitAtAlarm=false,condition=Condition[id=condition://android/schedule?days=1.2.3.4.5.6.7&start=0.0&end=9.0&exitAtAlarm=false,summary=...,line1=...,line2=...,icon=0,state=STATE_FALSE,flags=2],component=ComponentInfo{android/com.android.server.notification.ScheduleConditionProvider},id=f38f3cf1841540cfba9198036f07917e,creationTime=1517832224958,enabler=null], afb78ceb3632462dbedf706726bb907c=ZenRule[enabled=true,snoozing=false,name=Ώρες κοινής ησυχίας,zenMode=ZEN_MODE_IMPORTANT_INTERRUPTIONS,conditionId=condition://android/schedule?days=1.2.3.4.5.6.7&start=13.0&end=17.0&exitAtAlarm=false,condition=Condition[id=condition://android/schedule?days=1.2.3.4.5.6.7&start=13.0&end=17.0&exitAtAlarm=false,summary=...,line1=...,line2=...,icon=0,state=STATE_FALSE,flags=2],component=ComponentInfo{android/com.android.server.notification.ScheduleConditionProvider},id=afb78ceb3632462dbedf706726bb907c,creationTime=1517832245766,enabler=null]},manualRule=null],Diff[]
02-23 00:03:32.071  1014  1014 D ZenLog  : set_zen_mode: off,onSystemReady
02-23 00:03:32.076  1014  1014 D SystemServerTiming: StartBootPhaseSystemServicesReady took to complete: 38ms
02-23 00:03:32.076  1014  1014 I SystemServer: MakeWindowManagerServiceReady
02-23 00:03:32.097  1014  1014 D SystemServerTiming: MakeWindowManagerServiceReady took to complete: 20ms
02-23 00:03:32.098  1014  1014 I SystemServer: MakePowerManagerServiceReady
02-23 00:03:32.107  1014  1087 W KeyguardServiceDelegate: onScreenTurningOn(): no keyguard service!
02-23 00:03:32.108  1014  1014 D SystemServerTiming: MakePowerManagerServiceReady took to complete: 10ms
02-23 00:03:32.109  1014  1014 I SystemServer: MakePackageManagerServiceReady
02-23 00:03:32.425  1014  1014 V UserDataPreparer: Found /data/user_de/0 with serial number 0
02-23 00:03:32.425  1014  1014 V UserDataPreparer: Found /data/user/0 with serial number 0
02-23 00:03:32.425  1014  1014 V UserDataPreparer: Found /data/system_de/0 with serial number 0
02-23 00:03:32.425  1014  1014 V UserDataPreparer: Found /data/system_ce/0 with serial number 0
02-23 00:03:32.425  1014  1014 V UserDataPreparer: Found /data/misc_ce/0 with serial number 0
02-23 00:03:32.425  1014  1014 D SystemServerTiming: MakePackageManagerServiceReady took to complete: 317ms
02-23 00:03:32.426  1014  1014 I SystemServer: MakeDisplayManagerServiceReady
02-23 00:03:32.426  1014  1014 D SystemServerTiming: MakeDisplayManagerServiceReady took to complete: 0ms
02-23 00:03:32.427  1014  1014 I AppOps  : Pruning old package org.lineageos.pocketmode/com.android.server.AppOpsService$UidState@dd1875b: new uid=-1
02-23 00:03:32.428  1014  1014 I ActivityManager: System now ready
02-23 00:03:32.431  1014  1014 I ActivityManager: Config changes=40000104 {1.15 ?mcc?mnc [el_GR,en_US] ldltr sw449dp w449dp h775dp 384dpi nrml long port finger -keyb/v/h -nav/h appBounds=Rect(0, 0 - 1080, 1920) s.6}
02-23 00:03:32.449  1014  1014 I ActivityManager: Override config changes=40000104 {1.15 ?mcc?mnc [el_GR,en_US] ldltr sw449dp w449dp h775dp 384dpi nrml long port finger -keyb/v/h -nav/h appBounds=Rect(0, 0 - 1080, 1920) s.6} for displayId=0
02-23 00:03:32.455  1014  1014 I SystemServer: Making services ready
02-23 00:03:32.455  1014  1014 I SystemServer: StartActivityManagerReadyPhase
02-23 00:03:32.455  1014  1014 I SystemServiceManager: Starting phase 550
02-23 00:03:32.460  1014  1014 D BluetoothManagerService: Bluetooth boot completed
02-23 00:03:32.489  1014  1014 W InputMethodUtils: Found no fallback locale. imis=[InputMethodInfo{com.google.android.inputmethod.latin/com.android.inputmethod.latin.LatinIME, settings: com.google.android.apps.inputmethod.latin.preference.SettingsActivity}]
02-23 00:03:32.490  1014  1014 W InputMethodUtils: No software keyboard is found. imis=[InputMethodInfo{com.google.android.inputmethod.latin/com.android.inputmethod.latin.LatinIME, settings: com.google.android.apps.inputmethod.latin.preference.SettingsActivity}] systemLocale=el_GR fallbackLocale=null
02-23 00:03:32.490  1014  1014 W InputMethodUtils: Found no fallback locale. imis=[InputMethodInfo{com.google.android.inputmethod.latin/com.android.inputmethod.latin.LatinIME, settings: com.google.android.apps.inputmethod.latin.preference.SettingsActivity}]
02-23 00:03:32.490  1014  1014 W InputMethodUtils: No software keyboard is found. imis=[InputMethodInfo{com.google.android.inputmethod.latin/com.android.inputmethod.latin.LatinIME, settings: com.google.android.apps.inputmethod.latin.preference.SettingsActivity}] systemLocale=el_GR fallbackLocale=null
02-23 00:03:32.490  1014  1014 I InputMethodManagerService: No default found
02-23 00:03:32.501  1014  1014 I ActivityManager: Start proc 2101:com.google.android.inputmethod.latin/u0a100 for service com.google.android.inputmethod.latin/com.android.inputmethod.latin.LatinIME
02-23 00:03:32.502  1014  1589 D StorageManagerService: Thinking about init, mSystemReady=true, mDaemonConnected=true
02-23 00:03:32.502  1014  1589 D StorageManagerService: Setting up emulation state, initlocked=false
02-23 00:03:32.502  1014  1589 D CryptdConnector: SND -> {2 cryptfs unlock_user_key 0 0 ! !}
02-23 00:03:32.503   457   460 D vold    : e4crypt_unlock_user_key 0 serial=0 token_present=0
02-23 00:03:32.503  1014  1592 D CryptdConnector: RCV <- {200 2 Command succeeded}
02-23 00:03:32.503  1014  1014 W TextServicesManagerService: no available spell checker services found
02-23 00:03:32.504  1014  1589 D StorageManagerService: Thinking about reset, mSystemReady=true, mDaemonConnected=true
02-23 00:03:32.504  1014  1589 D VoldConnector: SND -> {4 volume reset}
02-23 00:03:32.504  1014  1062 I ActivityManager: Force stopping com.android.providers.media appid=10021 user=-1: vold reset
02-23 00:03:32.504  1014  1591 D VoldConnector: RCV <- {651 emulated 7}
02-23 00:03:32.505  1014  1591 D VoldConnector: RCV <- {659 emulated}
02-23 00:03:32.505  1014  1591 D VoldConnector: RCV <- {650 emulated 2 "" ""}
02-23 00:03:32.505  1014  1591 D VoldConnector: RCV <- {651 emulated 0}
02-23 00:03:32.505  1014  1591 D VoldConnector: RCV <- {200 4 Command succeeded}
02-23 00:03:32.506  1014  1589 D VoldConnector: SND -> {5 volume user_added 0 0}
02-23 00:03:32.506  1014  1083 V StorageManagerService: Found primary storage at VolumeInfo{emulated}:
02-23 00:03:32.506  1014  1083 V StorageManagerService:     type=EMULATED diskId=null partGuid=null mountFlags=0 mountUserId=-1 
02-23 00:03:32.506  1014  1083 V StorageManagerService:     state=UNMOUNTED 
02-23 00:03:32.506  1014  1083 V StorageManagerService:     fsType=null fsUuid=null fsLabel=null 
02-23 00:03:32.506  1014  1083 V StorageManagerService:     path=null internalPath=null 
02-23 00:03:32.507  1014  1014 D UsbAlsaManager: Adding ALSA device AlsaDevice: [card: 0, device: 48, type: 2]
02-23 00:03:32.507  1014  1591 D VoldConnector: RCV <- {200 5 Command succeeded}
02-23 00:03:32.507  1014  1014 D UsbAlsaManager: Adding ALSA device AlsaDevice: [card: 0, device: 47, type: 1]
02-23 00:03:32.507  1014  1014 D UsbAlsaManager: Adding ALSA device AlsaDevice: [card: 0, device: 46, type: 2]
02-23 00:03:32.507  1014  1014 D UsbAlsaManager: Adding ALSA device AlsaDevice: [card: 0, device: 45, type: 2]
02-23 00:03:32.507  1014  1014 D UsbAlsaManager: Adding ALSA device AlsaDevice: [card: 0, device: 44, type: 1]
02-23 00:03:32.507  1014  1014 D UsbAlsaManager: Adding ALSA device AlsaDevice: [card: 0, device: 43, type: 2]
02-23 00:03:32.508  1014  1014 D UsbAlsaManager: Adding ALSA device AlsaDevice: [card: 0, device: 42, type: 2]
02-23 00:03:32.508  1014  1014 D UsbAlsaManager: Adding ALSA device AlsaDevice: [card: 0, device: 41, type: 2]
02-23 00:03:32.508  1014  1014 D UsbAlsaManager: Adding ALSA device AlsaDevice: [card: 0, device: 41, type: 1]
02-23 00:03:32.508  1014  1014 D UsbAlsaManager: Adding ALSA device AlsaDevice: [card: 0, device: 40, type: 2]
02-23 00:03:32.508  1014  1014 D UsbAlsaManager: Adding ALSA device AlsaDevice: [card: 0, device: 40, type: 1]
02-23 00:03:32.508  1014  1014 D UsbAlsaManager: Adding ALSA device AlsaDevice: [card: 0, device: 33, type: 2]
02-23 00:03:32.508  1014  1014 D UsbAlsaManager: Adding ALSA device AlsaDevice: [card: 0, device: 33, type: 1]
02-23 00:03:32.508  1014  1014 D UsbAlsaManager: Adding ALSA device AlsaDevice: [card: 0, device: 32, type: 2]
02-23 00:03:32.508  1014  1014 D UsbAlsaManager: Adding ALSA device AlsaDevice: [card: 0, device: 32, type: 1]
02-23 00:03:32.508  1014  1014 D UsbAlsaManager: Adding ALSA device AlsaDevice: [card: 0, device: 31, type: 2]
02-23 00:03:32.508  1014  1014 D UsbAlsaManager: Adding ALSA device AlsaDevice: [card: 0, device: 30, type: 2]
02-23 00:03:32.508  1014  2079 D BluetoothManagerService: Trying to bind to profile: 1, while Bluetooth was disabled
02-23 00:03:32.508  1014  1014 D UsbAlsaManager: Adding ALSA device AlsaDevice: [card: 0, device: 29, type: 2]
02-23 00:03:32.508  1014  1014 D UsbAlsaManager: Adding ALSA device AlsaDevice: [card: 0, device: 28, type: 2]
02-23 00:03:32.508  1014  1014 D UsbAlsaManager: Adding ALSA device AlsaDevice: [card: 0, device: 27, type: 2]
02-23 00:03:32.509  1014  1014 D UsbAlsaManager: Adding ALSA device AlsaDevice: [card: 0, device: 26, type: 2]
02-23 00:03:32.509  1014  1014 D UsbAlsaManager: Adding ALSA device AlsaDevice: [card: 0, device: 25, type: 2]
02-23 00:03:32.509  1014  1014 D UsbAlsaManager: Adding ALSA device AlsaDevice: [card: 0, device: 24, type: 2]
02-23 00:03:32.509  1014  1014 D UsbAlsaManager: Adding ALSA device AlsaDevice: [card: 0, device: 24, type: 1]
02-23 00:03:32.509  1014  1014 D UsbAlsaManager: Adding ALSA device AlsaDevice: [card: 0, device: 23, type: 2]
02-23 00:03:32.509  1014  1589 D VoldConnector: SND -> {6 volume mount emulated 3 -1}
02-23 00:03:32.509  1014  1014 D UsbAlsaManager: Adding ALSA device AlsaDevice: [card: 0, device: 23, type: 1]
02-23 00:03:32.509  1014  1014 D UsbAlsaManager: Adding ALSA device AlsaDevice: [card: 0, device: 22, type: 2]
02-23 00:03:32.509  1014  1014 D UsbAlsaManager: Adding ALSA device AlsaDevice: [card: 0, device: 22, type: 1]
02-23 00:03:32.509  1014  1014 D UsbAlsaManager: Adding ALSA device AlsaDevice: [card: 0, device: 21, type: 1]
02-23 00:03:32.509  1014  1014 D UsbAlsaManager: Adding ALSA device AlsaDevice: [card: 0, device: 20, type: 2]
02-23 00:03:32.509  1014  1014 D UsbAlsaManager: Adding ALSA device AlsaDevice: [card: 0, device: 20, type: 1]
02-23 00:03:32.509  1014  1014 D UsbAlsaManager: Adding ALSA device AlsaDevice: [card: 0, device: 19, type: 2]
02-23 00:03:32.509  1014  1014 D UsbAlsaManager: Adding ALSA device AlsaDevice: [card: 0, device: 19, type: 1]
02-23 00:03:32.509  1014  1014 D UsbAlsaManager: Adding ALSA device AlsaDevice: [card: 0, device: 16, type: 2]
02-23 00:03:32.509  1014  1014 D UsbAlsaManager: Adding ALSA device AlsaDevice: [card: 0, device: 15, type: 2]
02-23 00:03:32.509  1014  1014 D UsbAlsaManager: Adding ALSA device AlsaDevice: [card: 0, device: 15, type: 1]
02-23 00:03:32.509  1014  1014 D UsbAlsaManager: Adding ALSA device AlsaDevice: [card: 0, device: 14, type: 2]
02-23 00:03:32.509  1014  1014 D UsbAlsaManager: Adding ALSA device AlsaDevice: [card: 0, device: 14, type: 1]
02-23 00:03:32.509  1014  1014 D UsbAlsaManager: Adding ALSA device AlsaDevice: [card: 0, device: 13, type: 2]
02-23 00:03:32.509  1014  1014 D UsbAlsaManager: Adding ALSA device AlsaDevice: [card: 0, device: 13, type: 1]
02-23 00:03:32.509  1014  1014 D UsbAlsaManager: Adding ALSA device AlsaDevice: [card: 0, device: 12, type: 2]
02-23 00:03:32.509  1014  1014 D UsbAlsaManager: Adding ALSA device AlsaDevice: [card: 0, device: 12, type: 1]
02-23 00:03:32.509  1014  1591 D VoldConnector: RCV <- {651 emulated 1}
02-23 00:03:32.509  1014  1014 D UsbAlsaManager: Adding ALSA device AlsaDevice: [card: 0, device: 11, type: 2]
02-23 00:03:32.509  1014  1014 D UsbAlsaManager: Adding ALSA device AlsaDevice: [card: 0, device: 11, type: 1]
02-23 00:03:32.509  1014  1014 D UsbAlsaManager: Adding ALSA device AlsaDevice: [card: 0, device: 10, type: 2]
02-23 00:03:32.509  1014  1014 D UsbAlsaManager: Adding ALSA device AlsaDevice: [card: 0, device: 10, type: 1]
02-23 00:03:32.509  1014  1014 D UsbAlsaManager: Adding ALSA device AlsaDevice: [card: 0, device: 8, type: 2]
02-23 00:03:32.509  1014  1014 D UsbAlsaManager: Adding ALSA device AlsaDevice: [card: 0, device: 7, type: 1]
02-23 00:03:32.509  1014  1014 D UsbAlsaManager: Adding ALSA device AlsaDevice: [card: 0, device: 6, type: 2]
02-23 00:03:32.509  1014  1014 D UsbAlsaManager: Adding ALSA device AlsaDevice: [card: 0, device: 5, type: 2]
02-23 00:03:32.510  1014  1014 D UsbAlsaManager: Adding ALSA device AlsaDevice: [card: 0, device: 5, type: 1]
02-23 00:03:32.510  1014  1014 D UsbAlsaManager: Adding ALSA device AlsaDevice: [card: 0, device: 4, type: 2]
02-23 00:03:32.510  1014  1014 D UsbAlsaManager: Adding ALSA device AlsaDevice: [card: 0, device: 4, type: 1]
02-23 00:03:32.510  1014  1014 D UsbAlsaManager: Adding ALSA device AlsaDevice: [card: 0, device: 3, type: 2]
02-23 00:03:32.510  1014  1014 D UsbAlsaManager: Adding ALSA device AlsaDevice: [card: 0, device: 3, type: 1]
02-23 00:03:32.510  1014  1014 D UsbAlsaManager: Adding ALSA device AlsaDevice: [card: 0, device: 2, type: 2]
02-23 00:03:32.510  1014  1591 D VoldConnector: RCV <- {656 emulated /data/media}
02-23 00:03:32.510  1014  1014 D UsbAlsaManager: Adding ALSA device AlsaDevice: [card: 0, device: 2, type: 1]
02-23 00:03:32.510  1014  1014 D UsbAlsaManager: Adding ALSA device AlsaDevice: [card: 0, device: 1, type: 2]
02-23 00:03:32.510  1014  1014 D UsbAlsaManager: Adding ALSA device AlsaDevice: [card: 0, device: 1, type: 1]
02-23 00:03:32.510  1014  1014 D UsbAlsaManager: Adding ALSA device AlsaDevice: [card: 0, device: 0, type: 2]
02-23 00:03:32.510  1014  1014 D UsbAlsaManager: Adding ALSA device AlsaDevice: [card: 0, device: 0, type: 1]
02-23 00:03:32.510  1014  1591 D VoldConnector: RCV <- {655 emulated /storage/emulated}
02-23 00:03:32.512  1014  1014 W PocketService: Un-handled boot phase:550
02-23 00:03:32.512  1014  1014 D SystemServerTiming: StartActivityManagerReadyPhase took to complete: 57ms
02-23 00:03:32.512  1014  1014 I SystemServer: StartObservingNativeCrashes
02-23 00:03:32.514   457   459 V vold    : Waiting for FUSE to spin up...
02-23 00:03:32.516  1014  1083 D UsbDeviceManager: push notification:Αυτή η συσκευή φορτίζεται μέσω USB
02-23 00:03:32.517  1014  1014 D SystemServerTiming: StartObservingNativeCrashes took to complete: 5ms
02-23 00:03:32.517  1014  1014 I SystemServer: StartSystemUI
02-23 00:03:32.517  1014  1480 D SystemServerInitThreadPool: Started executing WebViewFactoryPreparation
02-23 00:03:32.517  1014  1480 I SystemServer: WebViewFactoryPreparation
02-23 00:03:32.526  1014  1014 I ActivityManager: Start proc 2121:com.android.systemui/u0a39 for service com.android.systemui/.SystemUIService
02-23 00:03:32.527  1014  1014 D SystemServerTiming: StartSystemUI took to complete: 10ms
02-23 00:03:32.527  1014  1014 I SystemServer: MakeNetworkScoreReady
02-23 00:03:32.527  1014  1014 D SystemServerTiming: MakeNetworkScoreReady took to complete: 0ms
02-23 00:03:32.527  1014  1014 I SystemServer: MakeNetworkManagementServiceReady
02-23 00:03:32.528  1014  1014 D NetworkManagement: enabling bandwidth control
02-23 00:03:32.565  1014  1591 D VoldConnector: RCV <- {651 emulated 2}
02-23 00:03:32.566  1014  1591 D VoldConnector: RCV <- {200 6 Command succeeded}
02-23 00:03:32.573  1014  1014 D SystemServerTiming: MakeNetworkManagementServiceReady took to complete: 46ms
02-23 00:03:32.573  1014  1014 I SystemServer: MakeNetworkStatsServiceReady
02-23 00:03:32.619  1014  1480 W ActivityManager: Slow operation: 55ms so far, now at startProcess: returned from zygote!
02-23 00:03:32.620  1014  1480 W ActivityManager: Slow operation: 56ms so far, now at startProcess: done updating battery stats
02-23 00:03:32.620  1014  1480 W ActivityManager: Slow operation: 56ms so far, now at startProcess: building log message
02-23 00:03:32.620  1014  1480 I ActivityManager: Start proc 2146:WebViewLoader-armeabi-v7a/1037 [android.webkit.WebViewLibraryLoader$RelroFileCreator] for 
02-23 00:03:32.620  1014  1480 W ActivityManager: Slow operation: 56ms so far, now at startProcess: starting to update pids map
02-23 00:03:32.620  1014  1480 W ActivityManager: Slow operation: 56ms so far, now at startProcess: done updating pids map
02-23 00:03:32.620  1014  1480 W ActivityManager: Slow operation: 56ms so far, now at startProcess: done starting proc!
02-23 00:03:32.635  1014  1480 I ActivityManager: Start proc 2151:WebViewLoader-arm64-v8a/1037 [android.webkit.WebViewLibraryLoader$RelroFileCreator] for 
02-23 00:03:32.638  1014  1480 D SystemServerTimingAsync: WebViewFactoryPreparation took to complete: 121ms
02-23 00:03:32.638  1014  1480 D SystemServerInitThreadPool: Finished executing WebViewFactoryPreparation
02-23 00:03:32.641  1014  1014 D SystemServerTiming: MakeNetworkStatsServiceReady took to complete: 68ms
02-23 00:03:32.641  1014  1014 I SystemServer: MakeConnectivityServiceReady
02-23 00:03:32.649  1014  2063 D NetworkPolicy: setRestrictBackgroundUL(): false
02-23 00:03:32.661  2121  2121 D SystemUIBootTiming: StartServicesDependency took to complete: 5ms
02-23 00:03:32.670  2121  2121 D SystemUIBootTiming: StartServicesNotificationChannels took to complete: 8ms
02-23 00:03:32.673  1014  1014 D SystemServerTiming: MakeConnectivityServiceReady took to complete: 32ms
02-23 00:03:32.673  1014  1014 I SystemServer: MakeNetworkPolicyServiceReady
02-23 00:03:32.673  2121  2121 D SystemUIBootTiming: StartServicesCommandQueueStart took to complete: 1ms
02-23 00:03:32.824  1014  1014 D SystemServerTiming: MakeNetworkPolicyServiceReady took to complete: 151ms
02-23 00:03:32.824  1014  1014 I SystemServer: StartWatchdog
02-23 00:03:32.824  1014  1014 D SystemServerTiming: StartWatchdog took to complete: 0ms
02-23 00:03:32.825  1014  1014 I SystemServer: PhaseThirdPartyAppsCanStart
02-23 00:03:32.825  1014  1014 I SystemServiceManager: Starting phase 600
02-23 00:03:32.832  1014  1014 V WallpaperManagerService: bindWallpaperComponentLocked: componentName=ComponentInfo{com.android.systemui/com.android.systemui.ImageWallpaper}
02-23 00:03:32.835  2121  2121 D SystemUIBootTiming: StartServicesKeyguardViewMediator took to complete: 161ms
02-23 00:03:32.876  1014  1014 W PocketService: Un-handled boot phase:600
02-23 00:03:32.877  1014  1014 D SystemServerTiming: PhaseThirdPartyAppsCanStart took to complete: 52ms
02-23 00:03:32.877  1014  1014 I SystemServer: MakeLocationServiceReady
02-23 00:03:32.935  2121  2121 D SystemUIBootTiming: StartServicesRecents took to complete: 99ms
02-23 00:03:32.949  1014  1014 W LocationProviderProxy-network: Odd, no component found for service com.android.location.service.v3.NetworkLocationProvider
02-23 00:03:32.950  1014  1014 W LocationProviderProxy-fused: Odd, no component found for service com.android.location.service.FusedLocationProvider
02-23 00:03:32.950  1014  1014 W GeocoderProxy: Odd, no component found for service com.android.location.service.GeocodeProvider
02-23 00:03:32.951  1014  1014 D LocationManagerService: FLP HAL not supported
02-23 00:03:32.952  1014  1014 W GeofenceProxy: Odd, no component found for service com.android.location.service.GeofenceProvider
02-23 00:03:32.952  1014  1014 D LocationManagerService: Hardware Activity-Recognition not supported.
02-23 00:03:32.953  1014  1014 W ActivityRecognitionProxy: Odd, no component found for service com.android.location.service.ActivityRecognitionProvider
02-23 00:03:32.957  1014  1014 D SystemServerTiming: MakeLocationServiceReady took to complete: 80ms
02-23 00:03:32.957  1014  1014 I SystemServer: MakeCountryDetectionServiceReady
02-23 00:03:32.957  1014  1014 D SystemServerTiming: MakeCountryDetectionServiceReady took to complete: 0ms
02-23 00:03:32.957  1014  1014 I SystemServer: MakeNetworkTimeUpdateReady
02-23 00:03:32.969  1014  1014 D ConnectivityService: requestNetwork for uid/pid:1000/1014 NetworkRequest [ TRACK_DEFAULT id=5, [ Capabilities: INTERNET&NOT_RESTRICTED&TRUSTED&NOT_VPN] ]
02-23 00:03:32.970  1014  1014 D SystemServerTiming: MakeNetworkTimeUpdateReady took to complete: 13ms
02-23 00:03:32.970  1014  1014 I SystemServer: MakeCommonTimeManagementServiceReady
02-23 00:03:32.970  1014  1014 D SystemServerTiming: MakeCommonTimeManagementServiceReady took to complete: 0ms
02-23 00:03:32.970  1014  1014 I SystemServer: MakeInputManagerServiceReady
02-23 00:03:32.971  1014  1014 D SystemServerTiming: MakeInputManagerServiceReady took to complete: 1ms
02-23 00:03:32.971  1014  1014 I SystemServer: MakeTelephonyRegistryReady
02-23 00:03:32.971  1014  1014 D SystemServerTiming: MakeTelephonyRegistryReady took to complete: 0ms
02-23 00:03:32.971  1014  1014 I SystemServer: MakeMediaRouterServiceReady
02-23 00:03:32.972  1014  1014 D SystemServerTiming: MakeMediaRouterServiceReady took to complete: 1ms
02-23 00:03:32.972  1014  1014 I SystemServer: MakeMmsServiceReady
02-23 00:03:32.972  1014  1014 I MmsServiceBroker: Delay connecting to MmsService until an API is called
02-23 00:03:32.972  1014  1014 D SystemServerTiming: MakeMmsServiceReady took to complete: 0ms
02-23 00:03:32.972  1014  1014 I SystemServer: MakeNetworkScoreServiceReady
02-23 00:03:32.972  1014  1014 D SystemServerTiming: MakeNetworkScoreServiceReady took to complete: 0ms
02-23 00:03:32.972  1014  1014 I SystemServer: IncidentDaemonReady
02-23 00:03:32.976  1014  1014 D SystemServerTiming: IncidentDaemonReady took to complete: 4ms
02-23 00:03:32.976  1014  1014 I SystemServiceManager: Calling onStartUser u0
02-23 00:03:33.001  1014  1014 I ActivityManager: Start proc 2240:.dataservices/1000 for added application .dataservices
02-23 00:03:33.044  1014  1014 I ActivityManager: Start proc 2262:com.qualcomm.qti.telephonyservice/1001 for added application com.qualcomm.qti.telephonyservice
02-23 00:03:33.058  1014  1014 I ActivityManager: Start proc 2270:com.android.phone/1001 for added application com.android.phone
02-23 00:03:33.059  1014  1014 I ActivityManager: START u0 {act=android.intent.action.MAIN cat=[android.intent.category.HOME] flg=0x10000100 cmp=com.android.settings/.FallbackHome} from uid 0
02-23 00:03:33.073  1014  1014 I ActivityManager: Loaded persisted task ids for user 0
02-23 00:03:33.106  1014  1014 I ActivityManager: Start proc 2297:com.android.settings/1000 for activity com.android.settings/.FallbackHome
02-23 00:03:33.109  1014  1014 D SystemServerTiming: ActivityManagerStartApps took to complete: 134ms
02-23 00:03:33.110  1014  1014 D SystemServerTiming: PhaseActivityManagerReady took to complete: 684ms
02-23 00:03:33.111  1014  1014 D SystemServerInitThreadPool: Shutdown successful
02-23 00:03:33.111  1014  1014 D SystemServerTiming: StartServices took to complete: 22882ms
02-23 00:03:33.113  1014  1014 I SystemServer: Enabled StrictMode for system server main thread.
02-23 00:03:33.139  1014  1063 W Looper  : Dispatch took 138ms on android.ui, h=Handler (com.android.server.am.ActivityManagerService$UiHandler) {8f7dfa6} cb=null msg=53
02-23 00:03:33.141  1014  1061 W LocationProviderProxy-network: Odd, no component found for service com.android.location.service.v3.NetworkLocationProvider
02-23 00:03:33.141  1014  1061 W LocationProviderProxy-fused: Odd, no component found for service com.android.location.service.FusedLocationProvider
02-23 00:03:33.141  1014  1061 W GeocoderProxy: Odd, no component found for service com.android.location.service.GeocodeProvider
02-23 00:03:33.141  1014  1061 W GeofenceProxy: Odd, no component found for service com.android.location.service.GeofenceProvider
02-23 00:03:33.141  1014  1061 W ActivityRecognitionProxy: Odd, no component found for service com.android.location.service.ActivityRecognitionProvider
02-23 00:03:33.209  1014  1037 W ActivityManager: Slow operation: 53ms so far, now at attachApplicationLocked: before bindApplication
02-23 00:03:33.209  1014  1037 W ActivityManager: Slow operation: 53ms so far, now at attachApplicationLocked: immediately before bindApplication
02-23 00:03:33.210  1014  1037 W ActivityManager: Slow operation: 54ms so far, now at attachApplicationLocked: immediately after bindApplication
02-23 00:03:33.210  1014  1037 W ActivityManager: Slow operation: 54ms so far, now at attachApplicationLocked: after updateLruProcessLocked
02-23 00:03:33.216  1014  1037 I ActivityManager: Config changes=100 {1.15 ?mcc?mnc [el_GR,en_US] ldltr sw449dp w449dp h775dp 384dpi nrml long port finger -keyb/v/h -nav/h appBounds=Rect(0, 0 - 1080, 1920) s.7}
02-23 00:03:33.242   712   712 I wificond: create scanner for interface with index: 23
02-23 00:03:33.242   712   712 I wificond: subscribe scan result for interface with index: 23
02-23 00:03:33.245   712   712 E wificond: No Offload Service available
02-23 00:03:33.245   712   712 I wificond: Offload HAL not supported 
02-23 00:03:33.248  1014  1037 I ActivityManager: Override config changes=100 {1.15 ?mcc?mnc [el_GR,en_US] ldltr sw449dp w449dp h775dp 384dpi nrml long port finger -keyb/v/h -nav/h appBounds=Rect(0, 0 - 1080, 1920) s.7} for displayId=0
02-23 00:03:33.266  1014  1037 W ActivityManager: Slow operation: 110ms so far, now at attachApplicationLocked: after mServices.attachApplicationLocked
02-23 00:03:33.287  1014  2286 D ConnectivityService: requestNetwork for uid/pid:1000/2240 NetworkRequest [ TRACK_DEFAULT id=9, [ Capabilities: INTERNET&NOT_RESTRICTED&TRUSTED&NOT_VPN] ]
02-23 00:03:33.324  1014  1014 D ConditionProviders.SCP: onConnected
02-23 00:03:33.324  1014  1014 D ZenLog  : set_zen_mode: off,readXml
02-23 00:03:33.328  1014  1014 D ConditionProviders: Subscribing to condition://android/schedule?days=1.2.3.4.5.6.7&start=0.0&end=9.0&exitAtAlarm=false with ComponentInfo{android/com.android.server.notification.ScheduleConditionProvider}
02-23 00:03:33.328  1014  1014 D ZenLog  : subscribe: condition://android/schedule?days=1.2.3.4.5.6.7&start=0.0&end=9.0&exitAtAlarm=false,ok
02-23 00:03:33.328  1014  1014 D ConditionProviders: Subscribing to condition://android/schedule?days=1.2.3.4.5.6.7&start=13.0&end=17.0&exitAtAlarm=false with ComponentInfo{android/com.android.server.notification.ScheduleConditionProvider}
02-23 00:03:33.328  1014  1014 D ZenLog  : subscribe: condition://android/schedule?days=1.2.3.4.5.6.7&start=13.0&end=17.0&exitAtAlarm=false,ok
02-23 00:03:33.331  1014  1014 D ZenLog  : set_zen_mode: off,cleanUpZenRules
02-23 00:03:33.343  1014  1014 W ContextImpl: Calling a method in the system process without a qualified user: android.app.ContextImpl.startService:1476 com.android.server.content.SyncManager$13.run:722 android.os.Handler.handleCallback:790 android.os.Handler.dispatchMessage:99 android.os.Looper.loop:164 
02-23 00:03:33.347  1014  1083 D UsbDeviceManager: Clear notification
02-23 00:03:33.362  1014  1083 D UsbDeviceManager: push notification:Αυτή η συσκευή φορτίζεται μέσω USB
02-23 00:03:33.375  1014  1014 D BluetoothManagerService: Trying to bind to profile: 1, while Bluetooth was disabled
02-23 00:03:33.380  1014  2350 I Telecom : BluetoothRouteManager: getBluetoothAudioConnectedDevice: no headset service available.
02-23 00:03:33.384  1014  1014 I Telecom : SystemStateProvider: Registering car mode receiver: android.content.IntentFilter@e1c9425: TS.init@AAA
02-23 00:03:33.391  1014  2353 I Telecom : Logging.Events: Non-call EVENT: AUDIO_ROUTE, Entering state QuiescentEarpieceRoute
02-23 00:03:33.398  1014  2355 I Telecom : CallAudioModeStateMachine: Message received: null.: TS.init->CAMSM.pM_1@AAA
02-23 00:03:33.402  1014  1014 I Telecom : MissedCallNotifierImpl: Boot not yet complete -- call log db may not be available. Deferring loading until boot complete.: TS.init@AAA
02-23 00:03:33.404  1014  1014 D BluetoothManagerService: Trying to bind to profile: 1, while Bluetooth was disabled
02-23 00:03:33.412  1014  1014 I Telecom : Class: TelecomSystem.INSTANCE being set
02-23 00:03:33.413  1014  1014 W ContextImpl: Calling a method in the system process without a qualified user: android.app.ContextImpl.startService:1476 android.content.ContextWrapper.startService:650 com.android.server.telecom.components.TelecomService.initializeTelecomSystem:180 com.android.server.telecom.components.TelecomService.onBind:64 android.app.ActivityThread.handleBindService:3366 
02-23 00:03:33.428  1014  1014 V FingerprintService: startAuthentication(com.android.systemui)
02-23 00:03:33.429  1014  1014 V FingerprintService: starting client AuthenticationClient(com.android.systemui), initiatedByClient = true)
02-23 00:03:33.430  1014  1014 W FingerprintService: client com.android.systemui is authenticating...
02-23 00:03:33.450  1014  1062 W KeyguardServiceDelegate: onScreenTurningOn(): no keyguard service!
02-23 00:03:33.472  1014  1014 V WiredAccessoryManager: notifyWiredAccessoryChanged: when=0 bits= mask=54
02-23 00:03:33.472  1014  1014 V WiredAccessoryManager: newName=h2w newState=0 headsetState=0 prev headsetState=0
02-23 00:03:33.472  1014  1014 V WiredAccessoryManager: init()
02-23 00:03:33.489  1014  1014 V NotificationListeners: enabling notification listener for 0: ComponentInfo{com.android.launcher3/com.android.launcher3.notification.NotificationListener}
02-23 00:03:33.490  1014  1014 V NotificationListeners: binding: Intent { act=android.service.notification.NotificationListenerService cmp=com.android.launcher3/.notification.NotificationListener (has extras) }
02-23 00:03:33.490  1014  1014 W ActivityManager: Unable to start service Intent { act=android.service.notification.NotificationListenerService cmp=com.android.launcher3/.notification.NotificationListener } U=0: not found
02-23 00:03:33.490  1014  1014 W NotificationListeners: Unable to bind notification listener service: Intent { act=android.service.notification.NotificationListenerService cmp=com.android.launcher3/.notification.NotificationListener (has extras) }
02-23 00:03:33.550  1014  1014 D ConditionProviders.SCP: onSubscribe condition://android/schedule?days=1.2.3.4.5.6.7&start=0.0&end=9.0&exitAtAlarm=false
02-23 00:03:33.552  1014  1014 D ConditionProviders.SCP: setRegistered true
02-23 00:03:33.557  1014  1014 D ConditionProviders.SCP: notifyCondition condition://android/schedule?days=1.2.3.4.5.6.7&start=0.0&end=9.0&exitAtAlarm=false STATE_TRUE reason=meetsSchedule
02-23 00:03:33.609  1014  1014 D ConditionProviders.SCP: Scheduling evaluate for Fri Feb 23 09:00:00 GMT+02:00 2018 (1519369200000), in +8h56m26s449ms, now=Fri Feb 23 00:03:33 GMT+02:00 2018 (1519337013551)
02-23 00:03:33.609  1014  1014 D ConditionProviders.SCP: onSubscribe condition://android/schedule?days=1.2.3.4.5.6.7&start=13.0&end=17.0&exitAtAlarm=false
02-23 00:03:33.609  1014  1014 D ConditionProviders.SCP: notifyCondition condition://android/schedule?days=1.2.3.4.5.6.7&start=0.0&end=9.0&exitAtAlarm=false STATE_TRUE reason=meetsSchedule
02-23 00:03:33.610  1014  1014 D ConditionProviders.SCP: notifyCondition condition://android/schedule?days=1.2.3.4.5.6.7&start=13.0&end=17.0&exitAtAlarm=false STATE_FALSE reason=!meetsSchedule
02-23 00:03:33.624  1014  1014 D ConditionProviders.SCP: Scheduling evaluate for Fri Feb 23 09:00:00 GMT+02:00 2018 (1519369200000), in +8h56m26s391ms, now=Fri Feb 23 00:03:33 GMT+02:00 2018 (1519337013609)
02-23 00:03:33.626  1014  1061 I SyncManager: Got SyncJobService instance.
02-23 00:03:33.692  2121  2121 D SystemUIBootTiming: StartServicesVolumeUI took to complete: 757ms
02-23 00:03:33.702  1014  1067 E BatteryExternalStatsWorker: no controller energy info supplied for telephony
02-23 00:03:33.707   853  1271 D QMI_FW  : chen-screen on: is_screen_off = 0 
02-23 00:03:33.710   732  1268 D QMI_FW  : chen-screen on: is_screen_off = 0 
02-23 00:03:33.726  1014  1014 I Telecom : WiredHeadsetManager: ACTION_HEADSET_PLUG event, plugged in: false, : WHC.oADA@AAE
02-23 00:03:33.783  2121  2121 D SystemUIBootTiming: StartServicesDivider took to complete: 91ms
02-23 00:03:33.787  1014  1014 I Telecom : PhoneAccountRegistrar: SimCallManager queried, returning: null: TSI.gSCM@AAM
02-23 00:03:33.802  1014  1014 D AutofillManagerService: Autofill restriction did not change for user 0: null
02-23 00:03:33.808  1014  1014 D ZenLog  : config: conditionChanged,ZenModeConfig[user=0,allowCalls=true,allowRepeatCallers=false,allowMessages=false,allowCallsFrom=contacts,allowMessagesFrom=contacts,allowReminders=true,allowEvents=true,allowWhenScreenOff=true,allowWhenScreenOn=true,automaticRules={f38f3cf1841540cfba9198036f07917e=ZenRule[enabled=true,snoozing=false,name=Κοιμάμαι,zenMode=ZEN_MODE_IMPORTANT_INTERRUPTIONS,conditionId=condition://android/schedule?days=1.2.3.4.5.6.7&start=0.0&end=9.0&exitAtAlarm=false,condition=Condition[id=condition://android/schedule?days=1.2.3.4.5.6.7&start=0.0&end=9.0&exitAtAlarm=false,summary=...,line1=...,line2=...,icon=0,state=STATE_TRUE,flags=2],component=ComponentInfo{android/com.android.server.notification.ScheduleConditionProvider},id=f38f3cf1841540cfba9198036f07917e,creationTime=1517832224958,enabler=null], afb78ceb3632462dbedf706726bb907c=ZenRule[enabled=true,snoozing=false,name=Ώρες κοινής ησυχίας,zenMode=ZEN_MODE_IMPORTANT_INTERRUPTIONS,conditionId=condition://android/schedule?days=1.2.3.4.5.6.7&start=13.0&end=17.0&exitAtAlarm=false,condition=Condition[id=condition://android/schedule?days=1.2.3.4.5.6.7&start=13.0&end=17.0&exitAtAlarm=false,summary=...,line1=...,line2=...,icon=0,state=STATE_FALSE,flags=2],component=ComponentInfo{android/com.android.server.notification.ScheduleConditionProvider},id=afb78ceb3632462dbedf706726bb907c,creationTime=1517832245766,enabler=null]},manualRule=null],Diff[automaticRule[f38f3cf1841540cfba9198036f07917e].condition:Condition[id=condition://android/schedule?days=1.2.3.4.5.6.7&start=0.0&end=9.0&exitAtAlarm=false,summary=...,line1=...,line2=...,icon=0,state=STATE_FALSE,flags=2]->Condition[id=condition://android/schedule?days=1.2.3.4.5.6.7&start=0.0&end=9.0&exitAtAlarm=false,summary=...,line1=...,line2=...,icon=0,state=STATE_TRUE,flags=2]]
02-23 00:03:33.808  1014  1014 I NotificationService: Cannot find enqueued record for key: -1|android|26|null|1000
02-23 00:03:33.808  1014  1014 I NotificationService: Cannot find enqueued record for key: -1|android|32|null|1000
02-23 00:03:33.871  1014  2216 I ActivityManager: START u0 {flg=0x10000000 cmp=com.google.android.inputmethod.latin/com.google.android.apps.inputmethod.latin.firstrun.LatinFirstRunActivity} from uid 10100
02-23 00:03:33.877  1014  1014 D ZenLog  : set_zen_mode: important_interruptions,conditionChanged
02-23 00:03:33.878  1014  1014 D ZenLog  : set_ringer_mode_internal: ZenModeHelper,i:normal->normal,e:normal->silent
02-23 00:03:33.911  1014  1037 I StatusBarManagerService: registerStatusBar bar=com.android.internal.statusbar.IStatusBar$Stub$Proxy@8125a8e
02-23 00:03:34.038  2121  2121 I StatusBar: isKeyguardShowing() called before startKeyguard(), returning true
02-23 00:03:34.039  2121  2121 W StatusBar: isKeyguardSecure() called before startKeyguard(), returning false
02-23 00:03:34.039  2121  2121 W StatusBar: java.lang.Throwable
02-23 00:03:34.039  2121  2121 W StatusBar: 	at com.android.systemui.statusbar.phone.StatusBar.isKeyguardSecure(StatusBar.java:7993)
02-23 00:03:34.039  2121  2121 W StatusBar: 	at com.android.systemui.statusbar.phone.StatusBar.isCameraAllowedByAdmin(StatusBar.java:5822)
02-23 00:03:34.039  2121  2121 W StatusBar: 	at com.android.systemui.statusbar.phone.KeyguardBottomAreaView$DefaultRightButton.getIcon(KeyguardBottomAreaView.java:857)
02-23 00:03:34.039  2121  2121 W StatusBar: 	at com.android.systemui.statusbar.phone.KeyguardBottomAreaView.updateCameraVisibility(KeyguardBottomAreaView.java:383)
02-23 00:03:34.039  2121  2121 W StatusBar: 	at com.android.systemui.statusbar.phone.KeyguardBottomAreaView.setStatusBar(KeyguardBottomAreaView.java:352)
02-23 00:03:34.039  2121  2121 W StatusBar: 	at com.android.systemui.statusbar.phone.NotificationPanelView.setStatusBar(NotificationPanelView.java:278)
02-23 00:03:34.039  2121  2121 W StatusBar: 	at com.android.systemui.statusbar.phone.StatusBar.makeStatusBarView(StatusBar.java:1101)
02-23 00:03:34.039  2121  2121 W StatusBar: 	at com.android.systemui.statusbar.phone.StatusBar.addStatusBarWindow(StatusBar.java:3929)
02-23 00:03:34.039  2121  2121 W StatusBar: 	at com.android.systemui.statusbar.phone.StatusBar.createAndAddWindows(StatusBar.java:3925)
