01-01 15:42:35.254  2249  2249 E System  : java.lang.RuntimeException: FEATURE_CONSUMER_IR present, but no IR HAL loaded!
01-01 15:42:35.254  2249  2249 E System  : 	at com.android.server.ConsumerIrService.<init>(ConsumerIrService.java:51)
01-01 15:42:35.254  2249  2249 E System  : 	at com.android.server.SystemServer.startOtherServices(SystemServer.java:800)
01-01 15:42:35.254  2249  2249 E System  : 	at com.android.server.SystemServer.run(SystemServer.java:398)
01-01 15:42:35.254  2249  2249 E System  : 	at com.android.server.SystemServer.main(SystemServer.java:262)
01-01 15:42:35.254  2249  2249 E System  : 	at java.lang.reflect.Method.invoke(Native Method)
01-01 15:42:35.254  2249  2249 E System  : 	at com.android.internal.os.Zygote$MethodAndArgsCaller.run(Zygote.java:240)
01-01 15:42:35.254  2249  2249 E System  : 	at com.android.internal.os.ZygoteInit.main(ZygoteInit.java:767)
01-01 15:42:35.254  2249  2249 I SystemServer: StartInputMethodManagerLifecycle
01-01 15:42:35.254  2249  2249 I SystemServiceManager: Starting com.android.server.InputMethodManagerService$Lifecycle
01-01 15:42:35.261  2249  2249 D SystemServerTiming: StartInputMethodManagerLifecycle took to complete: 6ms
01-01 15:42:35.261  2249  2249 I SystemServer: StartAccessibilityManagerService
01-01 15:42:35.265  2249  2249 D SystemServerTiming: StartAccessibilityManagerService took to complete: 4ms
01-01 15:42:35.265  2249  2249 I SystemServer: MakeDisplayReady
01-01 15:42:35.266  2249  2249 W SystemServer: ***********************************************
01-01 15:42:35.266  2249  2249 E SystemServer: BOOT FAILURE making display ready
01-01 15:42:35.266  2249  2249 E SystemServer: java.lang.NullPointerException: Attempt to invoke virtual method 'void com.android.server.wm.WindowManagerService.displayReady()' on a null object reference
01-01 15:42:35.266  2249  2249 E SystemServer: 	at com.android.server.SystemServer.startOtherServices(SystemServer.java:913)
01-01 15:42:35.266  2249  2249 E SystemServer: 	at com.android.server.SystemServer.run(SystemServer.java:398)
01-01 15:42:35.266  2249  2249 E SystemServer: 	at com.android.server.SystemServer.main(SystemServer.java:262)
01-01 15:42:35.266  2249  2249 E SystemServer: 	at java.lang.reflect.Method.invoke(Native Method)
01-01 15:42:35.266  2249  2249 E SystemServer: 	at com.android.internal.os.Zygote$MethodAndArgsCaller.run(Zygote.java:240)
01-01 15:42:35.266  2249  2249 E SystemServer: 	at com.android.internal.os.ZygoteInit.main(ZygoteInit.java:767)
01-01 15:42:35.267  2249  2249 D SystemServerTiming: MakeDisplayReady took to complete: 1ms
01-01 15:42:35.267  2249  2249 I SystemServer: StartStorageManagerService
01-01 15:42:35.267  2249  2264 I am_wtf  : [0,2249,system_server,-1,SystemServer,Attempt to invoke virtual method 'void com.android.server.wm.WindowManagerService.displayReady()' on a null object reference]
01-01 15:42:35.267  2249  2249 I SystemServiceManager: Starting com.android.server.StorageManagerService$Lifecycle
01-01 15:42:35.277  2249  2249 D SystemServerTiming: StartStorageManagerService took to complete: 11ms
01-01 15:42:35.277  2249  2249 I SystemServer: StartStorageStatsService
01-01 15:42:35.281  2249  2367 D StorageManagerService: Thinking about init, mSystemReady=false, mDaemonConnected=true
01-01 15:42:35.281  2249  2249 I SystemServiceManager: Starting com.android.server.usage.StorageStatsService$Lifecycle
01-01 15:42:35.281  2249  2367 D StorageManagerService: Thinking about reset, mSystemReady=false, mDaemonConnected=true
01-01 15:42:35.286  2249  2367 D StorageManagerService: Thinking about init, mSystemReady=false, mDaemonConnected=true
01-01 15:42:35.286  2249  2367 D StorageManagerService: Thinking about reset, mSystemReady=false, mDaemonConnected=true
01-01 15:42:35.288  2249  2249 D SystemServerTiming: StartStorageStatsService took to complete: 10ms
01-01 15:42:35.288  2249  2249 I SystemServer: StartUiModeManager
01-01 15:42:35.288  2249  2367 D CryptdConnector: SND -> {1 cryptfs getfield SystemLocale}
01-01 15:42:35.288  2249  2249 I SystemServiceManager: Starting com.android.server.UiModeManagerService
01-01 15:42:35.290  2249  2369 D CryptdConnector: RCV <- {200 1 -1}
01-01 15:42:35.291  2249  2367 W StorageManagerService: No primary storage mounted!
01-01 15:42:35.291  2249  2367 D VoldConnector: SND -> {1 asec list}
01-01 15:42:35.292  2249  2271 I am_uid_running: 10011
01-01 15:42:35.292  2249  2368 D VoldConnector: RCV <- {200 1 asec operation succeeded}
01-01 15:42:35.293  2249  2367 I chatty  : uid=1000 system_server expire 3 lines
01-01 15:42:35.297  2249  2292 D SystemServerInitThreadPool: Started executing UiModeManager.onStart
01-01 15:42:35.298  2249  2292 I configuration_changed: 512
01-01 15:42:35.298  2249  2292 I ActivityManager: Config changes=200 {1.0 ?mcc?mnc [en_US] ldltr ?swdp ?wdp ?hdp ?density ?lsize ?long ?ldr ?wideColorGamut ?orien ?touch ?keyb/?/? ?nav/? s.2}
01-01 15:42:35.298  2249  2249 D SystemServerTiming: StartUiModeManager took to complete: 11ms
01-01 15:42:35.298  2249  2249 I SystemServer: UpdatePackagesIfNeeded
01-01 15:42:35.298  2249  2249 D SystemServerTiming: UpdatePackagesIfNeeded took to complete: 0ms
01-01 15:42:35.299  2249  2249 I SystemServer: PerformFstrimIfNeeded
01-01 15:42:35.301  2249  2249 D SystemServerTiming: PerformFstrimIfNeeded took to complete: 2ms
01-01 15:42:35.301  2249  2249 I SystemServer: StartLockSettingsService
01-01 15:42:35.301  2249  2249 I SystemServiceManager: Starting com.android.server.LockSettingsService$Lifecycle
01-01 15:42:35.309  2249  2249 I am_wtf  : [0,2249,system_server,-1,SystemServiceRegistry,No service published for: alarm]
01-01 15:42:35.354  2249  2263 I dvm_lock_sample: [system_server,0,android.bg,53,PackageManagerService.java,24530,-,22783,10]
01-01 15:42:35.355  2249  2292 E SystemServerInitThreadPool: Failure in UiModeManager.onStart: java.lang.IllegalArgumentException: No display found with id: 0
01-01 15:42:35.355  2249  2292 E SystemServerInitThreadPool: java.lang.IllegalArgumentException: No display found with id: 0
01-01 15:42:35.355  2249  2292 E SystemServerInitThreadPool: 	at com.android.server.am.ActivityStackSupervisor.getDisplayOverrideConfiguration(ActivityStackSupervisor.java:478)
01-01 15:42:35.355  2249  2292 E SystemServerInitThreadPool: 	at com.android.server.am.ActivityManagerService.performDisplayOverrideConfigUpdate(ActivityManagerService.java:20449)
01-01 15:42:35.355  2249  2292 E SystemServerInitThreadPool: 	at com.android.server.am.ActivityManagerService.updateGlobalConfiguration(ActivityManagerService.java:20356)
01-01 15:42:35.355  2249  2292 E SystemServerInitThreadPool: 	at com.android.server.am.ActivityManagerService.updateConfigurationLocked(ActivityManagerService.java:20234)
01-01 15:42:35.355  2249  2292 E SystemServerInitThreadPool: 	at com.android.server.am.ActivityManagerService.updateConfiguration(ActivityManagerService.java:20173)
01-01 15:42:35.355  2249  2292 E SystemServerInitThreadPool: 	at com.android.server.UiModeManagerService.sendConfigurationLocked(UiModeManagerService.java:478)
01-01 15:42:35.355  2249  2292 E SystemServerInitThreadPool: 	at com.android.server.UiModeManagerService.lambda$-com_android_server_UiModeManagerService_9177(UiModeManagerService.java:236)
01-01 15:42:35.355  2249  2292 E SystemServerInitThreadPool: 	at com.android.server.-$Lambda$K82oIOoLs4yzVXPcedaNtrZLQQI.$m$0(Unknown Source:4)
01-01 15:42:35.355  2249  2292 E SystemServerInitThreadPool: 	at com.android.server.-$Lambda$K82oIOoLs4yzVXPcedaNtrZLQQI.run(Unknown Source:0)
01-01 15:42:35.355  2249  2292 E SystemServerInitThreadPool: 	at com.android.server.SystemServerInitThreadPool.lambda$-com_android_server_SystemServerInitThreadPool_2249(SystemServerInitThreadPool.java:64)
01-01 15:42:35.355  2249  2292 E SystemServerInitThreadPool: 	at com.android.server.-$Lambda$HTEfptnAsu3OjkqY28AzP7WiEyA.$m$0(Unknown Source:8)
01-01 15:42:35.355  2249  2292 E SystemServerInitThreadPool: 	at com.android.server.-$Lambda$HTEfptnAsu3OjkqY28AzP7WiEyA.run(Unknown Source:0)
01-01 15:42:35.355  2249  2292 E SystemServerInitThreadPool: 	at java.util.concurrent.Executors$RunnableAdapter.call(Executors.java:457)
01-01 15:42:35.355  2249  2292 E SystemServerInitThreadPool: 	at java.util.concurrent.FutureTask.run(FutureTask.java:266)
01-01 15:42:35.355  2249  2292 E SystemServerInitThreadPool: 	at java.util.concurrent.ThreadPoolExecutor.runWorker(ThreadPoolExecutor.java:1162)
01-01 15:42:35.355  2249  2292 E SystemServerInitThreadPool: 	at java.util.concurrent.ThreadPoolExecutor$Worker.run(ThreadPoolExecutor.java:636)
01-01 15:42:35.355  2249  2292 E SystemServerInitThreadPool: 	at com.android.internal.util.ConcurrentUtils$1$1.run(ConcurrentUtils.java:59)
01-01 15:42:35.357  2249  2249 W SystemServiceManager: Service com.android.server.LockSettingsService$Lifecycle took 56 ms in onStart
01-01 15:42:35.357  2249  2367 W StorageManagerService: No primary storage mounted!
01-01 15:42:35.357  2249  2367 D VoldConnector: SND -> {2 asec list}
--
01-01 15:42:35.582   395   395 I ServiceManager: service 'package' died
01-01 15:42:35.582   395   395 I ServiceManager: service 'storagestats' died
01-01 15:42:35.582   395   395 I ServiceManager: service 'dropbox' died
01-01 15:42:35.582   395   395 I ServiceManager: service 'uimode' died
01-01 15:42:35.582   395   395 I ServiceManager: service 'lock_settings' died
01-01 15:42:35.582   395   395 I ServiceManager: service 'device_policy' died
01-01 15:42:35.582   395   395 I ServiceManager: service 'statusbar' died
01-01 15:42:35.582   395   395 I ServiceManager: service 'clipboard' died
01-01 15:42:35.582   395   395 I ServiceManager: service 'network_management' died
01-01 15:42:35.582   395   395 I ServiceManager: service 'textservices' died
01-01 15:42:35.582   395   395 I ServiceManager: service 'network_score' died
01-01 15:42:35.582   395   395 I ServiceManager: service 'wifi' died
01-01 15:42:35.583   395   395 I ServiceManager: service 'sensorservice' died
01-01 15:42:35.583   395   395 I ServiceManager: service 'persistent_data_block' died
01-01 15:42:35.583   395   395 I ServiceManager: service 'device_identifiers' died
01-01 15:42:35.583   395   395 I ServiceManager: service 'oem_lock' died
01-01 15:42:35.583   395   395 I ServiceManager: service 'batterystats' died
01-01 15:42:35.583   395   395 I ServiceManager: service 'appops' died
01-01 15:42:35.583   395   395 I ServiceManager: service 'power' died
01-01 15:42:35.583   395   395 I ServiceManager: service 'recovery' died
01-01 15:42:35.583   395   395 I ServiceManager: service 'display' died
01-01 15:42:35.584   490   490 I lowmemorykiller: ActivityManager disconnected
01-01 15:42:35.584   490   490 I lowmemorykiller: Closing Activity Manager data connection
01-01 15:42:35.587  2177  2177 E Zygote  : Exit zygote because system server (2249) has terminated
01-01 15:42:35.613     0     0 I [  115.371346 / 01-01 15:42:35.607][1] init: Service 'zygote' (pid 2177) killed by signal 9
01-01 15:42:35.613     0     0 I [  115.371395 / 01-01 15:42:35.607][1] init: Sending signal 9 to service 'zygote' (pid 2177) process group...
01-01 15:42:35.613     0     0 E [  115.371814 / 01-01 15:42:35.607][1] init: kill(2177, 9) failed: No such process
01-01 15:42:35.613     0     0 E [  115.371937 / 01-01 15:42:35.607][1] init: write_file: Unable to open '/sys/android_power/request_state': No such file or directory
01-01 15:42:35.613     0     0 E [  115.372040 / 01-01 15:42:35.607][1] init: write_file: Unable to write to '/sys/power/state': Invalid argument
01-01 15:42:35.613     0     0 I [  115.372092 / 01-01 15:42:35.607][1] init: Sending signal 9 to service 'audioserver' (pid 2178) process group...
01-01 15:42:35.613   395   395 I ServiceManager: service 'media.sound_trigger_hw' died
01-01 15:42:35.613   395   395 I ServiceManager: service 'media.radio' died
01-01 15:42:35.613   395   395 I ServiceManager: service 'media.aaudio' died
01-01 15:42:35.613   395   395 I ServiceManager: service 'media.audio_flinger' died
01-01 15:42:35.613   395   395 I ServiceManager: service 'media.audio_policy' died
01-01 15:42:35.616     0     0 I [  115.378215 / 01-01 15:42:35.611][0] init: Sending signal 9 to service 'cameraserver' (pid 2179) process group...
01-01 15:42:35.619   395   395 I ServiceManager: service 'media.camera' died
01-01 15:42:35.624   395   395 I ServiceManager: service 'media.player' died
01-01 15:42:35.624   395   395 I ServiceManager: service 'media.resource_manager' died
01-01 15:42:35.624     0     0 I [  115.383906 / 01-01 15:42:35.619][2] init: Sending signal 9 to service 'media' (pid 2180) process group...
01-01 15:42:35.628     0     0 I [  115.389578 / 01-01 15:42:35.623][2] init: Sending signal 9 to service 'netd' (pid 2181) process group...
--
01-01 15:42:39.279  2494  2494 I SystemServer: StartServices
01-01 15:42:39.279  2494  2494 I SystemServer: Reading configuration...
01-01 15:42:39.279  2494  2494 I SystemServer: ReadingSystemConfig
01-01 15:42:39.280  2494  2494 D SystemServerTiming: ReadingSystemConfig took to complete: 1ms
01-01 15:42:39.280  2494  2494 I SystemServer: StartInstaller
01-01 15:42:39.280  2494  2507 D SystemServerInitThreadPool: Started executing ReadingSystemConfig
01-01 15:42:39.280  2494  2494 I SystemServiceManager: Starting com.android.server.pm.Installer
01-01 15:42:39.282  2494  2494 D SystemServerTiming: StartInstaller took to complete: 3ms
01-01 15:42:39.282  2494  2494 I SystemServer: DeviceIdentifiersPolicyService
01-01 15:42:39.283  2494  2494 I SystemServiceManager: Starting com.android.server.os.DeviceIdentifiersPolicyService
01-01 15:42:39.284  2494  2494 D SystemServerTiming: DeviceIdentifiersPolicyService took to complete: 1ms
01-01 15:42:39.284  2494  2494 I SystemServer: StartActivityManager
01-01 15:42:39.284  2494  2494 I SystemServiceManager: Starting com.android.server.am.ActivityManagerService$Lifecycle
01-01 15:42:39.303  2494  2507 D SystemServerInitThreadPool: Finished executing ReadingSystemConfig
01-01 15:42:39.308  2494  2494 I ActivityManager: Memory class: 288
01-01 15:42:39.310  2494  2509 I ServiceThread: Enabled StrictMode logging for ActivityManager looper.
01-01 15:42:39.312  2494  2510 I ServiceThread: Enabled StrictMode logging for android.ui looper.
01-01 15:42:39.339  2494  2494 D BatteryStatsImpl: Reading daily items from /data/system/batterystats-daily.xml
01-01 15:42:39.425  2494  2494 I AppOps  : No existing app ops /data/system/appops.xml; starting empty
01-01 15:42:39.431  2494  2494 I IntentFirewall: Read new rules (A:0 B:0 S:0)
01-01 15:42:39.439  2494  2517 I ServiceThread: Enabled StrictMode logging for android.display looper.
01-01 15:42:39.445  2494  2494 D AppOps  : AppOpsService published
01-01 15:42:39.446  2494  2494 D SystemServerTiming: StartActivityManager took to complete: 162ms
01-01 15:42:39.446  2494  2494 I SystemServer: StartPowerManager
01-01 15:42:39.446  2494  2494 I SystemServiceManager: Starting com.android.server.power.PowerManagerService
01-01 15:42:39.448  2494  2519 I ServiceThread: Enabled StrictMode logging for PowerManagerService looper.
01-01 15:42:39.460  2494  2494 D SystemServerTiming: StartPowerManager took to complete: 14ms
01-01 15:42:39.460  2494  2494 I SystemServer: InitPowerManagement
01-01 15:42:39.460     0     0 I         : [  119.219956 / 01-01 15:42:39.455][2] [Touch] TAP2WAKE: value[0]
01-01 15:42:39.462  2494  2494 D SystemServerTiming: InitPowerManagement took to complete: 2ms
01-01 15:42:39.462  2494  2494 I SystemServer: StartRecoverySystemService
01-01 15:42:39.462  2494  2494 I SystemServiceManager: Starting com.android.server.RecoverySystemService
01-01 15:42:39.463  2494  2494 D SystemServerTiming: StartRecoverySystemService took to complete: 1ms
01-01 15:42:39.464  2494  2494 V RescueParty: Disabled because of active USB connection
01-01 15:42:39.464  2494  2494 I SystemServer: StartLightsService
01-01 15:42:39.464  2494  2494 I SystemServiceManager: Starting com.android.server.lights.LightsService
01-01 15:42:39.465  2494  2494 D SystemServerTiming: StartLightsService took to complete: 1ms
01-01 15:42:39.465  2494  2494 I SystemServer: StartDisplayManager
01-01 15:42:39.465  2494  2494 I SystemServiceManager: Starting com.android.server.display.DisplayManagerService
01-01 15:42:39.468  2494  2494 D SystemServerTiming: StartDisplayManager took to complete: 3ms
01-01 15:42:39.468  2494  2494 I SystemServer: WaitForDisplay
01-01 15:42:39.468  2494  2494 I SystemServiceManager: Starting phase 100
01-01 15:42:39.472  2494  2517 I DisplayManagerService: Display device added: DisplayDeviceInfo{"Built-in Screen": uniqueId="local:0", 1440 x 2560, modeId 1, defaultModeId 1, supportedModes [{id=1, width=1440, height=2560, fps=60.0}], colorMode 0, supportedColorModes [0], HdrCapabilities android.view.Display$HdrCapabilities@a69d6308, density 560, 537.882 x 537.388 dpi, appVsyncOff 1000000, presDeadline 16666667, touch INTERNAL, rotation 0, type BUILT_IN, state UNKNOWN, FLAG_DEFAULT_DISPLAY, FLAG_ROTATES_WITH_CONTENT, FLAG_SECURE, FLAG_SUPPORTS_PROTECTED_BUFFERS}
01-01 15:42:39.474   491   491 D SurfaceFlinger: Set power mode=2, type=0 flinger=0x745bc5e000
01-01 15:42:39.474   491   491 D SurfaceFlinger: Screen type=0 is already mode=2
01-01 15:42:39.481  2494  2517 I chatty  : uid=1000 system_server expire 8 lines
01-01 15:42:39.487  2494  2517 I DisplayManagerService: Display device changed state: "Built-in Screen", ON
01-01 15:42:39.487  2494  2494 D SystemServerTiming: WaitForDisplay took to complete: 19ms
01-01 15:42:39.487  2494  2494 I sysui_histogram: [boot_package_manager_init_start,119246]
01-01 15:42:39.487  2494  2494 I sysui_multi_action: [757,804,799,boot_package_manager_init_start,801,119246,802,1]
01-01 15:42:39.487  2494  2494 I SystemServer: StartPackageManagerService
01-01 15:42:39.488     0     0 I [  119.248965 / 01-01 15:42:39.483][1] mdss_fb_set_bl_brightness: [LCD][WLED] backlight level=102, cal_value=403
01-01 15:42:39.499  2494  2494 I boot_progress_pms_start: 119258
01-01 15:42:39.514  2494  2494 D SELinuxMMAC: Using policy file /system/etc/selinux/plat_mac_permissions.xml
01-01 15:42:39.516  2494  2494 D SELinuxMMAC: Using policy file /vendor/etc/selinux/nonplat_mac_permissions.xml
01-01 15:42:39.601  2494  2494 I boot_progress_pms_system_scan_start: 119360
01-01 15:42:39.601  2494  2494 W PackageManager: Wiping cache directory because the system partition changed.
01-01 15:42:39.700  2494  2494 I boot_progress_pms_data_scan_start: 119459
01-01 15:42:39.703  2494  2494 I boot_progress_pms_scan_end: 119462
--
01-01 15:42:40.157  2494  2494 I SystemServer: StartVibratorService
01-01 15:42:40.167  2494  2494 D SystemServerTiming: StartVibratorService took to complete: 10ms
01-01 15:42:40.167  2494  2494 I SystemServer: StartConsumerIrService
01-01 15:42:40.169  2494  2494 E System  : ******************************************
01-01 15:42:40.170  2494  2494 E System  : ************ Failure starting core service
01-01 15:42:40.170  2494  2494 E System  : java.lang.RuntimeException: FEATURE_CONSUMER_IR present, but no IR HAL loaded!
01-01 15:42:40.170  2494  2494 E System  : 	at com.android.server.ConsumerIrService.<init>(ConsumerIrService.java:51)
01-01 15:42:40.170  2494  2494 E System  : 	at com.android.server.SystemServer.startOtherServices(SystemServer.java:800)
01-01 15:42:40.170  2494  2494 E System  : 	at com.android.server.SystemServer.run(SystemServer.java:398)
01-01 15:42:40.170  2494  2494 E System  : 	at com.android.server.SystemServer.main(SystemServer.java:262)
01-01 15:42:40.170  2494  2494 E System  : 	at java.lang.reflect.Method.invoke(Native Method)
01-01 15:42:40.170  2494  2494 E System  : 	at com.android.internal.os.Zygote$MethodAndArgsCaller.run(Zygote.java:240)
01-01 15:42:40.170  2494  2494 E System  : 	at com.android.internal.os.ZygoteInit.main(ZygoteInit.java:767)
01-01 15:42:40.170  2494  2494 I SystemServer: StartInputMethodManagerLifecycle
01-01 15:42:40.170  2494  2494 I SystemServiceManager: Starting com.android.server.InputMethodManagerService$Lifecycle
01-01 15:42:40.178  2494  2494 D SystemServerTiming: StartInputMethodManagerLifecycle took to complete: 8ms
01-01 15:42:40.178  2494  2494 I SystemServer: StartAccessibilityManagerService
01-01 15:42:40.184  2494  2494 D SystemServerTiming: StartAccessibilityManagerService took to complete: 6ms
01-01 15:42:40.184  2494  2494 I SystemServer: MakeDisplayReady
01-01 15:42:40.184  2494  2494 W SystemServer: ***********************************************
01-01 15:42:40.185  2494  2494 E SystemServer: BOOT FAILURE making display ready
01-01 15:42:40.185  2494  2494 E SystemServer: java.lang.NullPointerException: Attempt to invoke virtual method 'void com.android.server.wm.WindowManagerService.displayReady()' on a null object reference
01-01 15:42:40.185  2494  2494 E SystemServer: 	at com.android.server.SystemServer.startOtherServices(SystemServer.java:913)
01-01 15:42:40.185  2494  2494 E SystemServer: 	at com.android.server.SystemServer.run(SystemServer.java:398)
01-01 15:42:40.185  2494  2494 E SystemServer: 	at com.android.server.SystemServer.main(SystemServer.java:262)
01-01 15:42:40.185  2494  2494 E SystemServer: 	at java.lang.reflect.Method.invoke(Native Method)
01-01 15:42:40.185  2494  2494 E SystemServer: 	at com.android.internal.os.Zygote$MethodAndArgsCaller.run(Zygote.java:240)
01-01 15:42:40.185  2494  2494 E SystemServer: 	at com.android.internal.os.ZygoteInit.main(ZygoteInit.java:767)
01-01 15:42:40.186  2494  2494 D SystemServerTiming: MakeDisplayReady took to complete: 2ms
01-01 15:42:40.186  2494  2509 I am_wtf  : [0,2494,system_server,-1,SystemServer,Attempt to invoke virtual method 'void com.android.server.wm.WindowManagerService.displayReady()' on a null object reference]
01-01 15:42:40.186  2494  2494 I SystemServer: StartStorageManagerService
01-01 15:42:40.186  2494  2494 I SystemServiceManager: Starting com.android.server.StorageManagerService$Lifecycle
01-01 15:42:40.195  2494  2494 D SystemServerTiming: StartStorageManagerService took to complete: 9ms
01-01 15:42:40.195  2494  2494 I SystemServer: StartStorageStatsService
01-01 15:42:40.196  2494  2494 I SystemServiceManager: Starting com.android.server.usage.StorageStatsService$Lifecycle
01-01 15:42:40.207  2494  2494 D SystemServerTiming: StartStorageStatsService took to complete: 13ms
01-01 15:42:40.207  2494  2494 I SystemServer: StartUiModeManager
01-01 15:42:40.208  2494  2494 I SystemServiceManager: Starting com.android.server.UiModeManagerService
01-01 15:42:40.216  2494  2612 D StorageManagerService: Thinking about init, mSystemReady=false, mDaemonConnected=true
01-01 15:42:40.217  2494  2612 D StorageManagerService: Thinking about reset, mSystemReady=false, mDaemonConnected=true
01-01 15:42:40.217  2494  2612 D StorageManagerService: Thinking about init, mSystemReady=false, mDaemonConnected=true
01-01 15:42:40.217  2494  2612 D StorageManagerService: Thinking about reset, mSystemReady=false, mDaemonConnected=true
01-01 15:42:40.217  2494  2612 D CryptdConnector: SND -> {1 cryptfs getfield SystemLocale}
01-01 15:42:40.218  2494  2516 I am_uid_running: 10011
01-01 15:42:40.218  2494  2614 D CryptdConnector: RCV <- {200 1 -1}
01-01 15:42:40.221  2494  2612 W StorageManagerService: No primary storage mounted!
01-01 15:42:40.221  2494  2612 D VoldConnector: SND -> {1 asec list}
01-01 15:42:40.222  2494  2613 D VoldConnector: RCV <- {200 1 asec operation succeeded}
01-01 15:42:40.222  2494  2612 I chatty  : uid=1000 system_server expire 3 lines
01-01 15:42:40.225  2494  2537 D SystemServerInitThreadPool: Started executing UiModeManager.onStart
01-01 15:42:40.225  2494  2494 D SystemServerTiming: StartUiModeManager took to complete: 18ms
01-01 15:42:40.226  2494  2494 I SystemServer: UpdatePackagesIfNeeded
01-01 15:42:40.226  2494  2494 D SystemServerTiming: UpdatePackagesIfNeeded took to complete: 0ms
01-01 15:42:40.226  2494  2494 I SystemServer: PerformFstrimIfNeeded
01-01 15:42:40.226  2494  2537 I configuration_changed: 512
01-01 15:42:40.226  2494  2537 I ActivityManager: Config changes=200 {1.0 ?mcc?mnc [en_US] ldltr ?swdp ?wdp ?hdp ?density ?lsize ?long ?ldr ?wideColorGamut ?orien ?touch ?keyb/?/? ?nav/? s.2}
01-01 15:42:40.227  2494  2494 D SystemServerTiming: PerformFstrimIfNeeded took to complete: 1ms
01-01 15:42:40.227  2494  2494 I SystemServer: StartLockSettingsService
01-01 15:42:40.227  2494  2494 I SystemServiceManager: Starting com.android.server.LockSettingsService$Lifecycle
01-01 15:42:40.237  2494  2494 I am_wtf  : [0,2494,system_server,-1,SystemServiceRegistry,No service published for: alarm]
01-01 15:42:40.274  2494  2534 I dvm_lock_sample: [system_server,0,system-server-init-thread2,51,PackageManagerService.java,23371,-,22783,10]
01-01 15:42:40.275  2494  2537 I dvm_lock_sample: [system_server,0,system-server-init-thread3,44,PackageManagerService.java,5841,-,22783,8]
01-01 15:42:40.276  2494  2537 E SystemServerInitThreadPool: Failure in UiModeManager.onStart: java.lang.IllegalArgumentException: No display found with id: 0
01-01 15:42:40.276  2494  2537 E SystemServerInitThreadPool: java.lang.IllegalArgumentException: No display found with id: 0
01-01 15:42:40.276  2494  2537 E SystemServerInitThreadPool: 	at com.android.server.am.ActivityStackSupervisor.getDisplayOverrideConfiguration(ActivityStackSupervisor.java:478)
01-01 15:42:40.276  2494  2537 E SystemServerInitThreadPool: 	at com.android.server.am.ActivityManagerService.performDisplayOverrideConfigUpdate(ActivityManagerService.java:20449)
01-01 15:42:40.276  2494  2537 E SystemServerInitThreadPool: 	at com.android.server.am.ActivityManagerService.updateGlobalConfiguration(ActivityManagerService.java:20356)
01-01 15:42:40.276  2494  2537 E SystemServerInitThreadPool: 	at com.android.server.am.ActivityManagerService.updateConfigurationLocked(ActivityManagerService.java:20234)
01-01 15:42:40.276  2494  2537 E SystemServerInitThreadPool: 	at com.android.server.am.ActivityManagerService.updateConfiguration(ActivityManagerService.java:20173)
01-01 15:42:40.276  2494  2537 E SystemServerInitThreadPool: 	at com.android.server.UiModeManagerService.sendConfigurationLocked(UiModeManagerService.java:478)
01-01 15:42:40.276  2494  2537 E SystemServerInitThreadPool: 	at com.android.server.UiModeManagerService.lambda$-com_android_server_UiModeManagerService_9177(UiModeManagerService.java:236)
01-01 15:42:40.276  2494  2537 E SystemServerInitThreadPool: 	at com.android.server.-$Lambda$K82oIOoLs4yzVXPcedaNtrZLQQI.$m$0(Unknown Source:4)
01-01 15:42:40.276  2494  2537 E SystemServerInitThreadPool: 	at com.android.server.-$Lambda$K82oIOoLs4yzVXPcedaNtrZLQQI.run(Unknown Source:0)
01-01 15:42:40.276  2494  2537 E SystemServerInitThreadPool: 	at com.android.server.SystemServerInitThreadPool.lambda$-com_android_server_SystemServerInitThreadPool_2249(SystemServerInitThreadPool.java:64)
01-01 15:42:40.276  2494  2537 E SystemServerInitThreadPool: 	at com.android.server.-$Lambda$HTEfptnAsu3OjkqY28AzP7WiEyA.$m$0(Unknown Source:8)
01-01 15:42:40.276  2494  2537 E SystemServerInitThreadPool: 	at com.android.server.-$Lambda$HTEfptnAsu3OjkqY28AzP7WiEyA.run(Unknown Source:0)
01-01 15:42:40.276  2494  2537 E SystemServerInitThreadPool: 	at java.util.concurrent.Executors$RunnableAdapter.call(Executors.java:457)
01-01 15:42:40.276  2494  2537 E SystemServerInitThreadPool: 	at java.util.concurrent.FutureTask.run(FutureTask.java:266)
01-01 15:42:40.276  2494  2537 E SystemServerInitThreadPool: 	at java.util.concurrent.ThreadPoolExecutor.runWorker(ThreadPoolExecutor.java:1162)
01-01 15:42:40.276  2494  2537 E SystemServerInitThreadPool: 	at java.util.concurrent.ThreadPoolExecutor$Worker.run(ThreadPoolExecutor.java:636)
01-01 15:42:40.276  2494  2537 E SystemServerInitThreadPool: 	at com.android.internal.util.ConcurrentUtils$1$1.run(ConcurrentUtils.java:59)
01-01 15:42:40.278  2494  2534 D SystemServerTimingAsync: AppDataPrepare took to complete: 475ms
01-01 15:42:40.278  2494  2534 I PackageManager: Deferred reconcileAppsData finished 64 packages
01-01 15:42:40.278  2494  2534 D SystemServerInitThreadPool: Finished executing prepareAppData
--
01-01 15:42:40.505   395   395 I ServiceManager: service 'scheduling_policy' died
01-01 15:42:40.505   395   395 I ServiceManager: service 'overlay' died
01-01 15:42:40.505   395   395 I ServiceManager: service 'telephony.registry' died
01-01 15:42:40.505   395   395 I ServiceManager: service 'media.camera.proxy' died
01-01 15:42:40.505   395   395 I ServiceManager: service 'account' died
01-01 15:42:40.505   395   395 I ServiceManager: service 'content' died
01-01 15:42:40.505   395   395 I ServiceManager: service 'settings' died
01-01 15:42:40.505   395   395 I ServiceManager: service 'vibrator' died
01-01 15:42:40.505   395   395 I ServiceManager: service 'input_method' died
01-01 15:42:40.505   395   395 I ServiceManager: service 'accessibility' died
01-01 15:42:40.505   395   395 I ServiceManager: service 'deviceidle' died
01-01 15:42:40.505   395   395 I ServiceManager: service 'mount' died
01-01 15:42:40.505   395   395 I ServiceManager: service 'sensorservice' died
01-01 15:42:40.505   395   395 I ServiceManager: service 'persistent_data_block' died
01-01 15:42:40.505   395   395 I ServiceManager: service 'device_identifiers' died
01-01 15:42:40.505   395   395 I ServiceManager: service 'lock_settings' died
01-01 15:42:40.505   395   395 I ServiceManager: service 'batterystats' died
01-01 15:42:40.505   395   395 I ServiceManager: service 'appops' died
01-01 15:42:40.505   395   395 I ServiceManager: service 'power' died
01-01 15:42:40.505   395   395 I ServiceManager: service 'recovery' died
01-01 15:42:40.505   395   395 I ServiceManager: service 'display' died
01-01 15:42:40.506   490   490 I lowmemorykiller: ActivityManager disconnected
01-01 15:42:40.506   490   490 I lowmemorykiller: Closing Activity Manager data connection
01-01 15:42:40.507  2422  2422 E Zygote  : Exit zygote because system server (2494) has terminated
01-01 15:42:40.532     0     0 I [  120.291962 / 01-01 15:42:40.527][2] init: Service 'zygote' (pid 2422) killed by signal 9
01-01 15:42:40.532     0     0 I [  120.292022 / 01-01 15:42:40.527][2] init: Sending signal 9 to service 'zygote' (pid 2422) process group...
01-01 15:42:40.532     0     0 E [  120.292460 / 01-01 15:42:40.527][2] init: kill(2422, 9) failed: No such process
01-01 15:42:40.532     0     0 E [  120.292604 / 01-01 15:42:40.527][2] init: write_file: Unable to open '/sys/android_power/request_state': No such file or directory
01-01 15:42:40.532     0     0 E [  120.292692 / 01-01 15:42:40.527][2] init: write_file: Unable to write to '/sys/power/state': Invalid argument
01-01 15:42:40.532     0     0 I [  120.292759 / 01-01 15:42:40.527][2] init: Sending signal 9 to service 'audioserver' (pid 2423) process group...
01-01 15:42:40.535   395   395 I ServiceManager: service 'media.aaudio' died
01-01 15:42:40.535   395   395 I ServiceManager: service 'media.sound_trigger_hw' died
01-01 15:42:40.535   395   395 I ServiceManager: service 'media.radio' died
01-01 15:42:40.535   395   395 I ServiceManager: service 'media.audio_flinger' died
01-01 15:42:40.535   395   395 I ServiceManager: service 'media.audio_policy' died
01-01 15:42:40.540   395   395 I ServiceManager: service 'media.camera' died
01-01 15:42:40.540     0     0 I [  120.299227 / 01-01 15:42:40.535][0] init: Sending signal 9 to service 'cameraserver' (pid 2424) process group...
01-01 15:42:40.544     0     0 I [  120.304977 / 01-01 15:42:40.539][2] init: Sending signal 9 to service 'media' (pid 2425) process group...
01-01 15:42:40.545   395   395 I ServiceManager: service 'media.player' died
01-01 15:42:40.545   395   395 I ServiceManager: service 'media.resource_manager' died
01-01 15:42:40.549     0     0 I [  120.310606 / 01-01 15:42:40.543][2] init: Sending signal 9 to service 'netd' (pid 2426) process group...
--
01-01 15:42:44.298  2739  2739 I SystemServer: StartServices
01-01 15:42:44.298  2739  2739 I SystemServer: Reading configuration...
01-01 15:42:44.298  2739  2739 I SystemServer: ReadingSystemConfig
01-01 15:42:44.298  2739  2739 D SystemServerTiming: ReadingSystemConfig took to complete: 1ms
01-01 15:42:44.298  2739  2739 I SystemServer: StartInstaller
01-01 15:42:44.299  2739  2739 I SystemServiceManager: Starting com.android.server.pm.Installer
01-01 15:42:44.299  2739  2752 D SystemServerInitThreadPool: Started executing ReadingSystemConfig
01-01 15:42:44.301  2739  2739 D SystemServerTiming: StartInstaller took to complete: 3ms
01-01 15:42:44.302  2739  2739 I SystemServer: DeviceIdentifiersPolicyService
01-01 15:42:44.302  2739  2739 I SystemServiceManager: Starting com.android.server.os.DeviceIdentifiersPolicyService
01-01 15:42:44.303  2739  2739 D SystemServerTiming: DeviceIdentifiersPolicyService took to complete: 1ms
01-01 15:42:44.303  2739  2739 I SystemServer: StartActivityManager
01-01 15:42:44.303  2739  2739 I SystemServiceManager: Starting com.android.server.am.ActivityManagerService$Lifecycle
01-01 15:42:44.319  2739  2752 D SystemServerInitThreadPool: Finished executing ReadingSystemConfig
01-01 15:42:44.328  2739  2739 I ActivityManager: Memory class: 288
01-01 15:42:44.329  2739  2754 I ServiceThread: Enabled StrictMode logging for ActivityManager looper.
01-01 15:42:44.331  2739  2755 I ServiceThread: Enabled StrictMode logging for android.ui looper.
01-01 15:42:44.361  2739  2739 D BatteryStatsImpl: Reading daily items from /data/system/batterystats-daily.xml
01-01 15:42:44.448  2739  2739 I AppOps  : No existing app ops /data/system/appops.xml; starting empty
01-01 15:42:44.456  2739  2739 I IntentFirewall: Read new rules (A:0 B:0 S:0)
01-01 15:42:44.463  2739  2762 I ServiceThread: Enabled StrictMode logging for android.display looper.
01-01 15:42:44.470  2739  2739 D AppOps  : AppOpsService published
01-01 15:42:44.471  2739  2739 D SystemServerTiming: StartActivityManager took to complete: 168ms
01-01 15:42:44.471  2739  2739 I SystemServer: StartPowerManager
01-01 15:42:44.471  2739  2739 I SystemServiceManager: Starting com.android.server.power.PowerManagerService
01-01 15:42:44.473  2739  2764 I ServiceThread: Enabled StrictMode logging for PowerManagerService looper.
01-01 15:42:44.484     0     0 I         : [  124.245919 / 01-01 15:42:44.479][0] [Touch] TAP2WAKE: value[0]
01-01 15:42:44.486  2739  2739 D SystemServerTiming: StartPowerManager took to complete: 15ms
01-01 15:42:44.486  2739  2739 I SystemServer: InitPowerManagement
01-01 15:42:44.488  2739  2739 D SystemServerTiming: InitPowerManagement took to complete: 1ms
01-01 15:42:44.488  2739  2739 I SystemServer: StartRecoverySystemService
01-01 15:42:44.488  2739  2739 I SystemServiceManager: Starting com.android.server.RecoverySystemService
01-01 15:42:44.489  2739  2739 D SystemServerTiming: StartRecoverySystemService took to complete: 1ms
01-01 15:42:44.490  2739  2739 V RescueParty: Disabled because of active USB connection
01-01 15:42:44.490  2739  2739 I SystemServer: StartLightsService
01-01 15:42:44.490  2739  2739 I SystemServiceManager: Starting com.android.server.lights.LightsService
01-01 15:42:44.491  2739  2739 D SystemServerTiming: StartLightsService took to complete: 0ms
01-01 15:42:44.491  2739  2739 I SystemServer: StartDisplayManager
01-01 15:42:44.491  2739  2739 I SystemServiceManager: Starting com.android.server.display.DisplayManagerService
01-01 15:42:44.494  2739  2739 D SystemServerTiming: StartDisplayManager took to complete: 4ms
01-01 15:42:44.494  2739  2739 I SystemServer: WaitForDisplay
01-01 15:42:44.494  2739  2739 I SystemServiceManager: Starting phase 100
01-01 15:42:44.499  2739  2762 I DisplayManagerService: Display device added: DisplayDeviceInfo{"Built-in Screen": uniqueId="local:0", 1440 x 2560, modeId 1, defaultModeId 1, supportedModes [{id=1, width=1440, height=2560, fps=60.0}], colorMode 0, supportedColorModes [0], HdrCapabilities android.view.Display$HdrCapabilities@a69d6308, density 560, 537.882 x 537.388 dpi, appVsyncOff 1000000, presDeadline 16666667, touch INTERNAL, rotation 0, type BUILT_IN, state UNKNOWN, FLAG_DEFAULT_DISPLAY, FLAG_ROTATES_WITH_CONTENT, FLAG_SECURE, FLAG_SUPPORTS_PROTECTED_BUFFERS}
01-01 15:42:44.500   491   491 D SurfaceFlinger: Set power mode=2, type=0 flinger=0x745bc5e000
01-01 15:42:44.500   491   491 D SurfaceFlinger: Screen type=0 is already mode=2
01-01 15:42:44.507  2739  2762 I chatty  : uid=1000 system_server expire 8 lines
01-01 15:42:44.513  2739  2762 I DisplayManagerService: Display device changed state: "Built-in Screen", ON
01-01 15:42:44.514  2739  2739 D SystemServerTiming: WaitForDisplay took to complete: 19ms
01-01 15:42:44.514  2739  2739 I sysui_histogram: [boot_package_manager_init_start,124273]
01-01 15:42:44.514  2739  2739 I sysui_multi_action: [757,804,799,boot_package_manager_init_start,801,124273,802,1]
01-01 15:42:44.514  2739  2739 I SystemServer: StartPackageManagerService
01-01 15:42:44.517     0     0 I [  124.275352 / 01-01 15:42:44.511][1] mdss_fb_set_bl_brightness: [LCD][WLED] backlight level=102, cal_value=403
01-01 15:42:44.524  2739  2739 I boot_progress_pms_start: 124283
01-01 15:42:44.537  2739  2739 D SELinuxMMAC: Using policy file /system/etc/selinux/plat_mac_permissions.xml
01-01 15:42:44.539  2739  2739 D SELinuxMMAC: Using policy file /vendor/etc/selinux/nonplat_mac_permissions.xml
01-01 15:42:44.625  2739  2739 I boot_progress_pms_system_scan_start: 124385
01-01 15:42:44.626  2739  2739 W PackageManager: Wiping cache directory because the system partition changed.
01-01 15:42:44.727  2739  2739 I boot_progress_pms_data_scan_start: 124487
01-01 15:42:44.732  2739  2739 I boot_progress_pms_scan_end: 124491
--
01-01 15:42:45.180  2739  2739 D         : Vibrator using timed_output
01-01 15:42:45.183  2739  2739 D SystemServerTiming: StartVibratorService took to complete: 9ms
01-01 15:42:45.183  2739  2739 I SystemServer: StartConsumerIrService
01-01 15:42:45.185  2739  2739 E System  : ******************************************
01-01 15:42:45.185  2739  2739 E System  : ************ Failure starting core service
01-01 15:42:45.185  2739  2739 E System  : java.lang.RuntimeException: FEATURE_CONSUMER_IR present, but no IR HAL loaded!
01-01 15:42:45.185  2739  2739 E System  : 	at com.android.server.ConsumerIrService.<init>(ConsumerIrService.java:51)
01-01 15:42:45.185  2739  2739 E System  : 	at com.android.server.SystemServer.startOtherServices(SystemServer.java:800)
01-01 15:42:45.185  2739  2739 E System  : 	at com.android.server.SystemServer.run(SystemServer.java:398)
01-01 15:42:45.185  2739  2739 E System  : 	at com.android.server.SystemServer.main(SystemServer.java:262)
01-01 15:42:45.185  2739  2739 E System  : 	at java.lang.reflect.Method.invoke(Native Method)
01-01 15:42:45.185  2739  2739 E System  : 	at com.android.internal.os.Zygote$MethodAndArgsCaller.run(Zygote.java:240)
01-01 15:42:45.185  2739  2739 E System  : 	at com.android.internal.os.ZygoteInit.main(ZygoteInit.java:767)
01-01 15:42:45.185  2739  2739 I SystemServer: StartInputMethodManagerLifecycle
01-01 15:42:45.186  2739  2739 I SystemServiceManager: Starting com.android.server.InputMethodManagerService$Lifecycle
01-01 15:42:45.194  2739  2739 D SystemServerTiming: StartInputMethodManagerLifecycle took to complete: 9ms
01-01 15:42:45.194  2739  2739 I SystemServer: StartAccessibilityManagerService
01-01 15:42:45.199  2739  2739 D SystemServerTiming: StartAccessibilityManagerService took to complete: 5ms
01-01 15:42:45.199  2739  2739 I SystemServer: MakeDisplayReady
01-01 15:42:45.200  2739  2739 W SystemServer: ***********************************************
01-01 15:42:45.201  2739  2739 E SystemServer: BOOT FAILURE making display ready
01-01 15:42:45.201  2739  2739 E SystemServer: java.lang.NullPointerException: Attempt to invoke virtual method 'void com.android.server.wm.WindowManagerService.displayReady()' on a null object reference
01-01 15:42:45.201  2739  2739 E SystemServer: 	at com.android.server.SystemServer.startOtherServices(SystemServer.java:913)
01-01 15:42:45.201  2739  2739 E SystemServer: 	at com.android.server.SystemServer.run(SystemServer.java:398)
01-01 15:42:45.201  2739  2739 E SystemServer: 	at com.android.server.SystemServer.main(SystemServer.java:262)
01-01 15:42:45.201  2739  2739 E SystemServer: 	at java.lang.reflect.Method.invoke(Native Method)
01-01 15:42:45.201  2739  2739 E SystemServer: 	at com.android.internal.os.Zygote$MethodAndArgsCaller.run(Zygote.java:240)
01-01 15:42:45.201  2739  2739 E SystemServer: 	at com.android.internal.os.ZygoteInit.main(ZygoteInit.java:767)
01-01 15:42:45.202  2739  2739 D SystemServerTiming: MakeDisplayReady took to complete: 2ms
01-01 15:42:45.202  2739  2754 I am_wtf  : [0,2739,system_server,-1,SystemServer,Attempt to invoke virtual method 'void com.android.server.wm.WindowManagerService.displayReady()' on a null object reference]
01-01 15:42:45.202  2739  2739 I SystemServer: StartStorageManagerService
01-01 15:42:45.202  2739  2739 I SystemServiceManager: Starting com.android.server.StorageManagerService$Lifecycle
01-01 15:42:45.214  2739  2739 D SystemServerTiming: StartStorageManagerService took to complete: 13ms
01-01 15:42:45.215  2739  2739 I SystemServer: StartStorageStatsService
01-01 15:42:45.217  2739  2739 I SystemServiceManager: Starting com.android.server.usage.StorageStatsService$Lifecycle
01-01 15:42:45.222  2739  2857 D StorageManagerService: Thinking about init, mSystemReady=false, mDaemonConnected=true
01-01 15:42:45.222  2739  2857 D StorageManagerService: Thinking about reset, mSystemReady=false, mDaemonConnected=true
01-01 15:42:45.225  2739  2739 D SystemServerTiming: StartStorageStatsService took to complete: 10ms
01-01 15:42:45.225  2739  2739 I SystemServer: StartUiModeManager
01-01 15:42:45.225  2739  2857 D StorageManagerService: Thinking about init, mSystemReady=false, mDaemonConnected=true
01-01 15:42:45.225  2739  2857 D StorageManagerService: Thinking about reset, mSystemReady=false, mDaemonConnected=true
01-01 15:42:45.225  2739  2739 I SystemServiceManager: Starting com.android.server.UiModeManagerService
01-01 15:42:45.225  2739  2857 D CryptdConnector: SND -> {1 cryptfs getfield SystemLocale}
01-01 15:42:45.228  2739  2761 I am_uid_running: 10011
01-01 15:42:45.229  2739  2782 D SystemServerInitThreadPool: Started executing UiModeManager.onStart
01-01 15:42:45.230  2739  2739 D SystemServerTiming: StartUiModeManager took to complete: 5ms
01-01 15:42:45.230  2739  2739 I SystemServer: UpdatePackagesIfNeeded
01-01 15:42:45.230  2739  2782 I configuration_changed: 512
01-01 15:42:45.230  2739  2739 D SystemServerTiming: UpdatePackagesIfNeeded took to complete: 0ms
01-01 15:42:45.230  2739  2739 I SystemServer: PerformFstrimIfNeeded
01-01 15:42:45.230  2739  2782 I ActivityManager: Config changes=200 {1.0 ?mcc?mnc [en_US] ldltr ?swdp ?wdp ?hdp ?density ?lsize ?long ?ldr ?wideColorGamut ?orien ?touch ?keyb/?/? ?nav/? s.2}
01-01 15:42:45.231  2739  2739 D SystemServerTiming: PerformFstrimIfNeeded took to complete: 1ms
01-01 15:42:45.231  2739  2739 I SystemServer: StartLockSettingsService
01-01 15:42:45.231  2739  2739 I SystemServiceManager: Starting com.android.server.LockSettingsService$Lifecycle
01-01 15:42:45.235  2739  2782 E SystemServerInitThreadPool: Failure in UiModeManager.onStart: java.lang.IllegalArgumentException: No display found with id: 0
01-01 15:42:45.235  2739  2782 E SystemServerInitThreadPool: java.lang.IllegalArgumentException: No display found with id: 0
01-01 15:42:45.235  2739  2782 E SystemServerInitThreadPool: 	at com.android.server.am.ActivityStackSupervisor.getDisplayOverrideConfiguration(ActivityStackSupervisor.java:478)
01-01 15:42:45.235  2739  2782 E SystemServerInitThreadPool: 	at com.android.server.am.ActivityManagerService.performDisplayOverrideConfigUpdate(ActivityManagerService.java:20449)
01-01 15:42:45.235  2739  2782 E SystemServerInitThreadPool: 	at com.android.server.am.ActivityManagerService.updateGlobalConfiguration(ActivityManagerService.java:20356)
01-01 15:42:45.235  2739  2782 E SystemServerInitThreadPool: 	at com.android.server.am.ActivityManagerService.updateConfigurationLocked(ActivityManagerService.java:20234)
01-01 15:42:45.235  2739  2782 E SystemServerInitThreadPool: 	at com.android.server.am.ActivityManagerService.updateConfiguration(ActivityManagerService.java:20173)
01-01 15:42:45.235  2739  2782 E SystemServerInitThreadPool: 	at com.android.server.UiModeManagerService.sendConfigurationLocked(UiModeManagerService.java:478)
01-01 15:42:45.235  2739  2782 E SystemServerInitThreadPool: 	at com.android.server.UiModeManagerService.lambda$-com_android_server_UiModeManagerService_9177(UiModeManagerService.java:236)
01-01 15:42:45.235  2739  2782 E SystemServerInitThreadPool: 	at com.android.server.-$Lambda$K82oIOoLs4yzVXPcedaNtrZLQQI.$m$0(Unknown Source:4)
01-01 15:42:45.235  2739  2782 E SystemServerInitThreadPool: 	at com.android.server.-$Lambda$K82oIOoLs4yzVXPcedaNtrZLQQI.run(Unknown Source:0)
01-01 15:42:45.235  2739  2782 E SystemServerInitThreadPool: 	at com.android.server.SystemServerInitThreadPool.lambda$-com_android_server_SystemServerInitThreadPool_2249(SystemServerInitThreadPool.java:64)
01-01 15:42:45.235  2739  2782 E SystemServerInitThreadPool: 	at com.android.server.-$Lambda$HTEfptnAsu3OjkqY28AzP7WiEyA.$m$0(Unknown Source:8)
01-01 15:42:45.235  2739  2782 E SystemServerInitThreadPool: 	at com.android.server.-$Lambda$HTEfptnAsu3OjkqY28AzP7WiEyA.run(Unknown Source:0)
01-01 15:42:45.235  2739  2782 E SystemServerInitThreadPool: 	at java.util.concurrent.Executors$RunnableAdapter.call(Executors.java:457)
01-01 15:42:45.235  2739  2782 E SystemServerInitThreadPool: 	at java.util.concurrent.FutureTask.run(FutureTask.java:266)
01-01 15:42:45.235  2739  2782 E SystemServerInitThreadPool: 	at java.util.concurrent.ThreadPoolExecutor.runWorker(ThreadPoolExecutor.java:1162)
01-01 15:42:45.235  2739  2782 E SystemServerInitThreadPool: 	at java.util.concurrent.ThreadPoolExecutor$Worker.run(ThreadPoolExecutor.java:636)
01-01 15:42:45.235  2739  2782 E SystemServerInitThreadPool: 	at com.android.internal.util.ConcurrentUtils$1$1.run(ConcurrentUtils.java:59)
01-01 15:42:45.242  2739  2859 D CryptdConnector: RCV <- {200 1 -1}
01-01 15:42:45.244  2739  2739 E SystemServiceRegistry: No service published for: alarm
01-01 15:42:45.244  2739  2739 E SystemServiceRegistry: android.os.ServiceManager$ServiceNotFoundException: No service published for: alarm
--
01-01 15:42:45.545   395   395 I ServiceManager: service 'otadexopt' died
01-01 15:42:45.545   395   395 I ServiceManager: service 'package' died
01-01 15:42:45.545   395   395 I ServiceManager: service 'dropbox' died
01-01 15:42:45.545   395   395 I ServiceManager: service 'storagestats' died
01-01 15:42:45.545   395   395 I ServiceManager: service 'uimode' died
01-01 15:42:45.545   395   395 I ServiceManager: service 'lock_settings' died
01-01 15:42:45.546   395   395 I ServiceManager: service 'oem_lock' died
01-01 15:42:45.546   395   395 I ServiceManager: service 'deviceidle' died
01-01 15:42:45.546   395   395 I ServiceManager: service 'statusbar' died
01-01 15:42:45.546   395   395 I ServiceManager: service 'clipboard' died
01-01 15:42:45.546   395   395 I ServiceManager: service 'network_management' died
01-01 15:42:45.546   395   395 I ServiceManager: service 'textservices' died
01-01 15:42:45.546   395   395 I ServiceManager: service 'network_score' died
01-01 15:42:45.546   395   395 I ServiceManager: service 'sensorservice' died
01-01 15:42:45.546   395   395 I ServiceManager: service 'persistent_data_block' died
01-01 15:42:45.546   395   395 I ServiceManager: service 'device_identifiers' died
01-01 15:42:45.546   395   395 I ServiceManager: service 'batterystats' died
01-01 15:42:45.546   395   395 I ServiceManager: service 'appops' died
01-01 15:42:45.546   395   395 I ServiceManager: service 'power' died
01-01 15:42:45.546   395   395 I ServiceManager: service 'recovery' died
01-01 15:42:45.546   395   395 I ServiceManager: service 'display' died
01-01 15:42:45.546   490   490 I lowmemorykiller: ActivityManager disconnected
01-01 15:42:45.546   490   490 I lowmemorykiller: Closing Activity Manager data connection
01-01 15:42:45.548  2667  2667 E Zygote  : Exit zygote because system server (2739) has terminated
01-01 15:42:45.572     0     0 I [  125.334480 / 01-01 15:42:45.567][3] init: Service 'zygote' (pid 2667) killed by signal 9
01-01 15:42:45.572     0     0 I [  125.334526 / 01-01 15:42:45.567][3] init: Sending signal 9 to service 'zygote' (pid 2667) process group...
01-01 15:42:45.572     0     0 E [  125.334858 / 01-01 15:42:45.567][3] init: kill(2667, 9) failed: No such process
01-01 15:42:45.572     0     0 E [  125.334974 / 01-01 15:42:45.567][3] init: write_file: Unable to open '/sys/android_power/request_state': No such file or directory
01-01 15:42:45.572     0     0 E [  125.335141 / 01-01 15:42:45.571][3] init: write_file: Unable to write to '/sys/power/state': Invalid argument
01-01 15:42:45.572     0     0 I [  125.335217 / 01-01 15:42:45.571][3] init: Sending signal 9 to service 'audioserver' (pid 2668) process group...
01-01 15:42:45.576   395   395 I ServiceManager: service 'media.aaudio' died
01-01 15:42:45.576   395   395 I ServiceManager: service 'media.sound_trigger_hw' died
01-01 15:42:45.576   395   395 I ServiceManager: service 'media.radio' died
01-01 15:42:45.576   395   395 I ServiceManager: service 'media.audio_flinger' died
01-01 15:42:45.576   395   395 I ServiceManager: service 'media.audio_policy' died
01-01 15:42:45.581     0     0 I [  125.341405 / 01-01 15:42:45.575][0] init: Sending signal 9 to service 'cameraserver' (pid 2669) process group...
