01-01 15:40:47.653   491   491 W qdcopybit: open_copybit i = 27 surface_id=-1026555875
01-01 15:40:47.653   491   491 W qdcopybit: open_copybit i = 28 surface_id=-1026555874
01-01 15:40:47.653   491   491 W qdcopybit: open_copybit i = 29 surface_id=-1026555873
01-01 15:40:47.653   491   491 W qdcopybit: open_copybit i = 30 surface_id=-1026555872
01-01 15:40:47.653   491   491 W qdcopybit: open_copybit i = 31 surface_id=-1026555871
01-01 15:40:47.653   491   491 W qdcopybit: open_copybit: 2 Plane YUV i=0 surface_id=-1026555869
01-01 15:40:47.653   491   491 W qdcopybit: open_copybit: 2 Plane YUV i=1 surface_id=-1026555868
01-01 15:40:47.653   491   491 W qdcopybit: open_copybit: 2 Plane YUV i=2 surface_id=-1026555867
01-01 15:40:47.653   491   491 W qdcopybit: open_copybit: 2 Plane YUV i=3 surface_id=-1026555866
01-01 15:40:47.653   491   491 W qdcopybit: open_copybit: 3 Plane YUV i=0 surface_id=-1026555864
01-01 15:40:47.662   491   491 I qdhwcomposer: Successfully Loaded perf hint API's
01-01 15:40:47.662   491   491 I qdhwcomposer: PerfHintWindow = 50
01-01 15:40:47.662   491   491 I qdhwcomposer: Initializing Qualcomm Hardware Composer
01-01 15:40:47.662   491   491 I qdhwcomposer: MDP version: 500
01-01 15:40:47.662   491   491 I SurfaceFlinger: Using composer version 1.5
01-01 15:40:47.662   491   491 I qdhwcomposer: hwc_registerProcs
01-01 15:40:47.662   491   491 I qdhwcomposer: Initializing UEVENT Thread
01-01 15:40:47.662   491   491 I qdhwcomposer: Initializing VSYNC Thread
01-01 15:40:47.663   491   491 D qdhwcomposer: hwc_getDisplayAttributes disp = 0, width = 1440
01-01 15:40:47.663   491   491 D qdhwcomposer: hwc_getDisplayAttributes disp = 0, height = 2560
01-01 15:40:47.663   491   491 W qdhwcomposer: hwc_getDisplayConfigs display (1) is not connected anymore
01-01 15:40:47.664   491   491 I SurfaceFlinger: EGL information:
01-01 15:40:47.664   491   491 I SurfaceFlinger: vendor    : Android
01-01 15:40:47.664   491   491 I SurfaceFlinger: version   : 1.4 Android META-EGL
01-01 15:40:47.664   491   491 I SurfaceFlinger: extensions: EGL_KHR_get_all_proc_addresses EGL_ANDROID_presentation_time EGL_KHR_swap_buffers_with_damage EGL_ANDROID_get_native_client_buffer EGL_ANDROID_front_buffer_auto_refresh EGL_ANDROID_get_frame_timestamps EGL_KHR_image EGL_KHR_image_base EGL_KHR_lock_surface EGL_KHR_gl_colorspace EGL_KHR_gl_texture_2D_image EGL_KHR_gl_texture_3D_image EGL_KHR_gl_texture_cubemap_image EGL_KHR_gl_renderbuffer_image EGL_KHR_reusable_sync EGL_KHR_fence_sync EGL_KHR_create_context EGL_KHR_surfaceless_context EGL_EXT_create_context_robustness EGL_ANDROID_image_native_buffer EGL_KHR_wait_sync EGL_ANDROID_recordable EGL_KHR_partial_update EGL_KHR_create_context_no_error EGL_KHR_mutable_render_buffer EGL_EXT_yuv_surface EGL_IMG_context_priority 
01-01 15:40:47.664   491   491 I SurfaceFlinger: Client API: OpenGL_ES
01-01 15:40:47.664   491   491 I SurfaceFlinger: EGLSurface: 8-8-8-8, config=0x745bdc9f80
01-01 15:40:47.665   491   841 I qdhwcomposer: vsync_loop: Reading event 0 for dpy 0 from /sys/class/graphics/fb0/vsync_event
01-01 15:40:47.665   491   841 I qdhwcomposer: vsync_loop: Reading event 1 for dpy 0 from /sys/class/graphics/fb0/show_blank_event
01-01 15:40:47.665   491   841 I qdhwcomposer: vsync_loop: Reading event 2 for dpy 0 from /sys/class/graphics/fb0/msm_fb_thermal_level
01-01 15:40:47.665   491   841 I qdhwcomposer: vsync_loop: Reading event 0 for dpy 1 from /sys/class/graphics/fb1/vsync_event
01-01 15:40:47.665   491   841 I qdhwcomposer: vsync_loop: Reading event 1 for dpy 1 from /sys/class/graphics/fb1/show_blank_event
01-01 15:40:47.665   491   841 I qdhwcomposer: vsync_loop: Reading event 2 for dpy 1 from /sys/class/graphics/fb1/msm_fb_thermal_level
01-01 15:40:47.665   491   841 I qdhwcomposer: vsync_loop: Reading event 0 for dpy 2 from /sys/class/graphics/fb1/vsync_event
01-01 15:40:47.665   491   841 I qdhwcomposer: vsync_loop: Reading event 1 for dpy 2 from /sys/class/graphics/fb1/show_blank_event
01-01 15:40:47.665   491   841 I qdhwcomposer: vsync_loop: Reading event 2 for dpy 2 from /sys/class/graphics/fb1/msm_fb_thermal_level
01-01 15:40:47.672   491   491 I SurfaceFlinger: OpenGL ES informations:
01-01 15:40:47.672   491   491 I SurfaceFlinger: vendor    : Qualcomm
01-01 15:40:47.672   491   491 I SurfaceFlinger: renderer  : Adreno (TM) 418
01-01 15:40:47.672   491   491 I SurfaceFlinger: version   : OpenGL ES 3.2 V@145.0 (GIT@I25dc76dc3f)
01-01 15:40:47.672   491   491 I SurfaceFlinger: extensions: GL_OES_EGL_image GL_OES_EGL_image_external GL_OES_EGL_sync GL_OES_vertex_half_float GL_OES_framebuffer_object GL_OES_rgb8_rgba8 GL_OES_compressed_ETC1_RGB8_texture GL_AMD_compressed_ATC_texture GL_KHR_texture_compression_astc_ldr GL_OES_texture_npot GL_EXT_texture_filter_anisotropic GL_EXT_texture_format_BGRA8888 GL_OES_texture_3D GL_EXT_color_buffer_float GL_EXT_color_buffer_half_float GL_QCOM_alpha_test GL_OES_depth24 GL_OES_packed_depth_stencil GL_OES_depth_texture GL_OES_depth_texture_cube_map GL_EXT_sRGB GL_OES_texture_float GL_OES_texture_float_linear GL_OES_texture_half_float GL_OES_texture_half_float_linear GL_EXT_texture_type_2_10_10_10_REV GL_EXT_texture_sRGB_decode GL_OES_element_index_uint GL_EXT_copy_image GL_EXT_geometry_shader GL_EXT_tessellation_shader GL_OES_texture_stencil8 GL_EXT_shader_io_blocks GL_OES_shader_image_atomic GL_OES_sample_variables GL_EXT_texture_border_clamp GL_EXT_multisampled_render_to_texture GL_OES_shader_multisample_interpolation GL_EXT_texture_cube_map_arr
--
01-01 15:40:48.143   526   526 E mm-camera: module_imgbase_init_imglib_optizoom:2209] Error rc -6
01-01 15:40:48.143   526   526 E mm-camera-img: module_imglib_create_topology:742] Can not init the module imglib_optizoom
01-01 15:40:48.145   526   526 E mm-camera-img: frameproc_comp_reload_lib:1049] Error opening frameproc library libmmcamera_ubifocus_lib.so error dlopen failed: library "libubifocus.so" not found
01-01 15:40:48.145   526   526 E mm-camera-img: frameproc_comp_load:937] cannot load libmmcamera_ubifocus_lib.so
01-01 15:40:48.145   526   526 E mm-camera: module_imgbase_init_imglib_ubifocus:2209] Error rc -6
01-01 15:40:48.145   526   526 E mm-camera-img: module_imglib_create_topology:742] Can not init the module imglib_ubifocus
01-01 15:40:48.146   526   526 E mm-camera-img: frameproc_comp_reload_lib:1049] Error opening frameproc library libmmcamera_ubifocus_lib.so error dlopen failed: library "libubifocus.so" not found
01-01 15:40:48.146   526   526 E mm-camera-img: frameproc_comp_load:937] cannot load libmmcamera_ubifocus_lib.so
01-01 15:40:48.146   526   526 E mm-camera: module_imgbase_init_imglib_refocus:2209] Error rc -6
01-01 15:40:48.146   526   526 E mm-camera-img: module_imglib_create_topology:742] Can not init the module imglib_refocus
01-01 15:40:48.148   526   526 E mm-camera-img: frameproc_comp_reload_lib:1049] Error opening frameproc library libmmcamera_trueportrait_lib.so error dlopen failed: library "libtrueportrait.so" not found
01-01 15:40:48.148   526   526 E mm-camera-img: frameproc_comp_load:937] cannot load libmmcamera_trueportrait_lib.so
01-01 15:40:48.148   526   526 E mm-camera: module_imgbase_init_imglib_trueportrait:2209] Error rc -6
01-01 15:40:48.148   526   526 E mm-camera-img: module_imglib_create_topology:742] Can not init the module imglib_trueportrait
01-01 15:40:48.150   526   526 E mm-camera-img: frameproc_comp_reload_lib:1049] Error opening frameproc library libmmcamera_stillmore_lib.so error dlopen failed: library "libseemore.so" not found
01-01 15:40:48.150   526   526 E mm-camera-img: frameproc_comp_load:937] cannot load libmmcamera_stillmore_lib.so
01-01 15:40:48.150   526   526 E mm-camera: module_imgbase_init_imglib_stillmore:2209] Error rc -6
01-01 15:40:48.150   526   526 E mm-camera-img: module_imglib_create_topology:742] Can not init the module imglib_stillmore
01-01 15:40:48.195   491   491 D SurfaceFlinger: shader cache generated - 24 shaders in 466.456879 ms
01-01 15:40:48.196   491   491 D SurfaceFlinger: Set power mode=2, type=0 flinger=0x745bc5e000
01-01 15:40:48.196   491   491 D qdhwcomposer: hwc_setPowerMode: Setting mode 2 on display: 0
01-01 15:40:48.197   491   841 I qdhwcomposer: handle_blank_event: dpy:0 panel power state: 1
01-01 15:40:48.197   491   491 E qdhdmi  : writeHPDOption: file write failed 'hpd'
01-01 15:40:48.197   491   491 D qdhwcomposer: hwc_setPowerMode: Done setting mode 2 on display 0
01-01 15:40:48.222   491   491 D qdutils : DEBUG_CALC_FPS: 0
01-01 15:40:48.222   491   491 D qdutils : period: 10
01-01 15:40:48.222   491   491 D qdutils : ignorethresh_us: 500000
01-01 15:40:48.847    48    48 I auditd  : type=1400 audit(0.0:344): avc: denied { search } for comm="kworker/u12:2" name="ipc_logging" dev="debugfs" ino=2066 scontext=u:r:kernel:s0 tcontext=u:object_r:debugfs_ipc:s0 tclass=dir permissive=1
01-01 15:40:48.847    48    48 I kworker/u12:2: type=1400 audit(0.0:344): avc: denied { search } for name="ipc_logging" dev="debugfs" ino=2066 scontext=u:r:kernel:s0 tcontext=u:object_r:debugfs_ipc:s0 tclass=dir permissive=1
01-01 15:40:48.856   864   871 I vndksupport: sphal namespace is not configured for this process. Loading /vendor/lib64/egl/libEGL_adreno.so from the current namespace instead.
01-01 15:40:48.859   864   871 D libEGL  : loaded /vendor/lib64/egl/libEGL_adreno.so
01-01 15:40:48.873   864   871 I vndksupport: sphal namespace is not configured for this process. Loading /vendor/lib64/egl/libGLESv1_CM_adreno.so from the current namespace instead.
01-01 15:40:48.874   864   871 D libEGL  : loaded /vendor/lib64/egl/libGLESv1_CM_adreno.so
01-01 15:40:48.889   487   537 D PerMgrSrv: modem new state: is on-line
01-01 15:40:48.906   864   871 I vndksupport: sphal namespace is not configured for this process. Loading /vendor/lib64/egl/libGLESv2_adreno.so from the current namespace instead.
01-01 15:40:48.907   864   871 D libEGL  : loaded /vendor/lib64/egl/libGLESv2_adreno.so
01-01 15:40:48.943   864   871 I Adreno  : QUALCOMM build                   : d3015e9, I25dc76dc3f
01-01 15:40:48.943   864   871 I Adreno  : Build Date                       : 01/26/17
01-01 15:40:48.943   864   871 I Adreno  : OpenGL ES Shader Compiler Version: XE031.09.00.03
01-01 15:40:48.943   864   871 I Adreno  : Local Branch                     : 
01-01 15:40:48.943   864   871 I Adreno  : Remote Branch                    : refs/tags/AU_LINUX_ANDROID_LA.BF64.1.2.3_RB1.07.00.00.258.011
01-01 15:40:48.943   864   871 I Adreno  : Remote Branch                    : NONE
01-01 15:40:48.943   864   871 I Adreno  : Reconstruct Branch               : NOTHING
01-01 15:40:48.951   554   554 I auditd  : type=1400 audit(0.0:345): avc: denied { read } for comm="thermal-engine" scontext=u:r:init:s0 tcontext=u:r:init:s0 tclass=socket permissive=1
--
01-01 15:41:51.694  1480  1480 I SystemServer: StartServices
01-01 15:41:51.694  1480  1480 I SystemServer: Reading configuration...
01-01 15:41:51.694  1480  1480 I SystemServer: ReadingSystemConfig
01-01 15:41:51.694  1480  1480 D SystemServerTiming: ReadingSystemConfig took to complete: 1ms
01-01 15:41:51.694  1480  1480 I SystemServer: StartInstaller
01-01 15:41:51.695  1480  1480 I SystemServiceManager: Starting com.android.server.pm.Installer
01-01 15:41:51.695  1480  1514 D SystemServerInitThreadPool: Started executing ReadingSystemConfig
01-01 15:41:51.697  1480  1480 D SystemServerTiming: StartInstaller took to complete: 2ms
01-01 15:41:51.697  1480  1480 I SystemServer: DeviceIdentifiersPolicyService
01-01 15:41:51.697  1480  1480 I SystemServiceManager: Starting com.android.server.os.DeviceIdentifiersPolicyService
01-01 15:41:51.699  1480  1480 D SystemServerTiming: DeviceIdentifiersPolicyService took to complete: 1ms
01-01 15:41:51.699  1480  1480 I SystemServer: StartActivityManager
01-01 15:41:51.699  1480  1480 I SystemServiceManager: Starting com.android.server.am.ActivityManagerService$Lifecycle
01-01 15:41:51.726  1480  1480 I ActivityManager: Memory class: 288
01-01 15:41:51.728  1480  1516 I ServiceThread: Enabled StrictMode logging for ActivityManager looper.
01-01 15:41:51.730  1480  1517 I ServiceThread: Enabled StrictMode logging for android.ui looper.
01-01 15:41:51.756  1480  1514 D SystemServerInitThreadPool: Finished executing ReadingSystemConfig
01-01 15:41:51.773  1480  1480 D BatteryStatsImpl: Reading daily items from /data/system/batterystats-daily.xml
01-01 15:41:51.884  1480  1480 I AppOps  : No existing app ops /data/system/appops.xml; starting empty
01-01 15:41:51.893  1480  1480 I IntentFirewall: Read new rules (A:0 B:0 S:0)
01-01 15:41:51.899  1480  1524 I ServiceThread: Enabled StrictMode logging for android.display looper.
01-01 15:41:51.909  1480  1480 D AppOps  : AppOpsService published
01-01 15:41:51.909  1480  1480 D SystemServerTiming: StartActivityManager took to complete: 211ms
01-01 15:41:51.909  1480  1480 I SystemServer: StartPowerManager
01-01 15:41:51.909  1480  1480 I SystemServiceManager: Starting com.android.server.power.PowerManagerService
01-01 15:41:51.911  1480  1526 I ServiceThread: Enabled StrictMode logging for PowerManagerService looper.
01-01 15:41:51.928     0     0 I         : [   71.690693 / 01-01 15:41:51.923][1] [Touch] TAP2WAKE: value[0]
01-01 15:41:51.930  1480  1480 D SystemServerTiming: StartPowerManager took to complete: 20ms
01-01 15:41:51.930  1480  1480 I SystemServer: InitPowerManagement
01-01 15:41:51.931  1480  1480 D SystemServerTiming: InitPowerManagement took to complete: 2ms
01-01 15:41:51.931  1480  1480 I SystemServer: StartRecoverySystemService
01-01 15:41:51.932  1480  1480 I SystemServiceManager: Starting com.android.server.RecoverySystemService
01-01 15:41:51.933  1480  1480 D SystemServerTiming: StartRecoverySystemService took to complete: 2ms
01-01 15:41:51.934  1480  1480 V RescueParty: Disabled because of active USB connection
01-01 15:41:51.934  1480  1480 I SystemServer: StartLightsService
01-01 15:41:51.934  1480  1480 I SystemServiceManager: Starting com.android.server.lights.LightsService
01-01 15:41:51.935  1480  1480 D SystemServerTiming: StartLightsService took to complete: 1ms
01-01 15:41:51.935  1480  1480 I SystemServer: StartDisplayManager
01-01 15:41:51.935  1480  1480 I SystemServiceManager: Starting com.android.server.display.DisplayManagerService
01-01 15:41:51.940  1480  1480 D SystemServerTiming: StartDisplayManager took to complete: 5ms
01-01 15:41:51.940  1480  1480 I SystemServer: WaitForDisplay
01-01 15:41:51.940  1480  1480 I SystemServiceManager: Starting phase 100
01-01 15:41:51.950  1480  1524 I DisplayManagerService: Display device added: DisplayDeviceInfo{"Built-in Screen": uniqueId="local:0", 1440 x 2560, modeId 1, defaultModeId 1, supportedModes [{id=1, width=1440, height=2560, fps=60.0}], colorMode 0, supportedColorModes [0], HdrCapabilities android.view.Display$HdrCapabilities@a69d6308, density 560, 537.882 x 537.388 dpi, appVsyncOff 1000000, presDeadline 16666667, touch INTERNAL, rotation 0, type BUILT_IN, state UNKNOWN, FLAG_DEFAULT_DISPLAY, FLAG_ROTATES_WITH_CONTENT, FLAG_SECURE, FLAG_SUPPORTS_PROTECTED_BUFFERS}
01-01 15:41:51.951   491   491 D SurfaceFlinger: Set power mode=2, type=0 flinger=0x745bc5e000
01-01 15:41:51.951   491   491 D SurfaceFlinger: Screen type=0 is already mode=2
01-01 15:41:51.962  1480  1524 I chatty  : uid=1000 system_server expire 8 lines
01-01 15:41:51.968  1480  1524 I DisplayManagerService: Display device changed state: "Built-in Screen", ON
01-01 15:41:51.968  1480  1480 D SystemServerTiming: WaitForDisplay took to complete: 29ms
01-01 15:41:51.968     0     0 I [   71.729958 / 01-01 15:41:51.963][3] mdss_fb_set_bl_brightness: [LCD][WLED] backlight level=102, cal_value=403
01-01 15:41:51.969  1480  1480 I sysui_histogram: [boot_package_manager_init_start,71728]
01-01 15:41:51.969  1480  1480 I sysui_multi_action: [757,804,799,boot_package_manager_init_start,801,71728,802,1]
01-01 15:41:51.969  1480  1480 I SystemServer: StartPackageManagerService
01-01 15:41:51.980  1480  1480 I boot_progress_pms_start: 71739
01-01 15:41:51.997  1480  1480 D SELinuxMMAC: Using policy file /system/etc/selinux/plat_mac_permissions.xml
01-01 15:41:52.001  1480  1480 D SELinuxMMAC: Using policy file /vendor/etc/selinux/nonplat_mac_permissions.xml
01-01 15:41:52.097  1480  1480 I boot_progress_pms_system_scan_start: 71856
01-01 15:41:52.099  1480  1480 W PackageManager: Wiping cache directory because the system partition changed.
01-01 15:41:52.099  1480  1480 I chatty  : uid=1000 system_server expire 32 lines
01-01 15:41:52.624  1480  1480 I boot_progress_pms_data_scan_start: 72384
--
01-01 15:41:53.262  1480  1480 I SystemServer: StartVibratorService
01-01 15:41:53.277  1480  1480 D SystemServerTiming: StartVibratorService took to complete: 14ms
01-01 15:41:53.277  1480  1480 I SystemServer: StartConsumerIrService
01-01 15:41:53.279  1480  1480 E System  : ******************************************
01-01 15:41:53.280  1480  1480 E System  : ************ Failure starting core service
01-01 15:41:53.280  1480  1480 E System  : java.lang.RuntimeException: FEATURE_CONSUMER_IR present, but no IR HAL loaded!
01-01 15:41:53.280  1480  1480 E System  : 	at com.android.server.ConsumerIrService.<init>(ConsumerIrService.java:51)
01-01 15:41:53.280  1480  1480 E System  : 	at com.android.server.SystemServer.startOtherServices(SystemServer.java:800)
01-01 15:41:53.280  1480  1480 E System  : 	at com.android.server.SystemServer.run(SystemServer.java:398)
01-01 15:41:53.280  1480  1480 E System  : 	at com.android.server.SystemServer.main(SystemServer.java:262)
01-01 15:41:53.280  1480  1480 E System  : 	at java.lang.reflect.Method.invoke(Native Method)
01-01 15:41:53.280  1480  1480 E System  : 	at com.android.internal.os.Zygote$MethodAndArgsCaller.run(Zygote.java:240)
01-01 15:41:53.280  1480  1480 E System  : 	at com.android.internal.os.ZygoteInit.main(ZygoteInit.java:767)
01-01 15:41:53.280  1480  1480 I SystemServer: StartInputMethodManagerLifecycle
01-01 15:41:53.280  1480  1480 I SystemServiceManager: Starting com.android.server.InputMethodManagerService$Lifecycle
01-01 15:41:53.292  1480  1480 D SystemServerTiming: StartInputMethodManagerLifecycle took to complete: 12ms
01-01 15:41:53.292  1480  1480 I SystemServer: StartAccessibilityManagerService
01-01 15:41:53.298  1480  1480 D SystemServerTiming: StartAccessibilityManagerService took to complete: 6ms
01-01 15:41:53.298  1480  1480 I SystemServer: MakeDisplayReady
01-01 15:41:53.299  1480  1480 W SystemServer: ***********************************************
01-01 15:41:53.299  1480  1480 E SystemServer: BOOT FAILURE making display ready
01-01 15:41:53.299  1480  1480 E SystemServer: java.lang.NullPointerException: Attempt to invoke virtual method 'void com.android.server.wm.WindowManagerService.displayReady()' on a null object reference
01-01 15:41:53.299  1480  1480 E SystemServer: 	at com.android.server.SystemServer.startOtherServices(SystemServer.java:913)
01-01 15:41:53.299  1480  1480 E SystemServer: 	at com.android.server.SystemServer.run(SystemServer.java:398)
01-01 15:41:53.299  1480  1480 E SystemServer: 	at com.android.server.SystemServer.main(SystemServer.java:262)
01-01 15:41:53.299  1480  1480 E SystemServer: 	at java.lang.reflect.Method.invoke(Native Method)
01-01 15:41:53.299  1480  1480 E SystemServer: 	at com.android.internal.os.Zygote$MethodAndArgsCaller.run(Zygote.java:240)
01-01 15:41:53.299  1480  1480 E SystemServer: 	at com.android.internal.os.ZygoteInit.main(ZygoteInit.java:767)
01-01 15:41:53.301  1480  1480 D SystemServerTiming: MakeDisplayReady took to complete: 2ms
01-01 15:41:53.301  1480  1480 I SystemServer: StartStorageManagerService
01-01 15:41:53.301  1480  1516 I am_wtf  : [0,1480,system_server,-1,SystemServer,Attempt to invoke virtual method 'void com.android.server.wm.WindowManagerService.displayReady()' on a null object reference]
01-01 15:41:53.301  1480  1480 I SystemServiceManager: Starting com.android.server.StorageManagerService$Lifecycle
01-01 15:41:53.311  1480  1480 D SystemServerTiming: StartStorageManagerService took to complete: 10ms
01-01 15:41:53.311  1480  1480 I SystemServer: StartStorageStatsService
01-01 15:41:53.311  1480  1480 I SystemServiceManager: Starting com.android.server.usage.StorageStatsService$Lifecycle
01-01 15:41:53.313  1480  1619 D StorageManagerService: Thinking about init, mSystemReady=false, mDaemonConnected=true
01-01 15:41:53.314  1480  1619 D StorageManagerService: Thinking about reset, mSystemReady=false, mDaemonConnected=true
01-01 15:41:53.315  1480  1619 D StorageManagerService: Thinking about init, mSystemReady=false, mDaemonConnected=true
01-01 15:41:53.315  1480  1619 D StorageManagerService: Thinking about reset, mSystemReady=false, mDaemonConnected=true
01-01 15:41:53.317  1480  1619 D CryptdConnector: SND -> {1 cryptfs getfield SystemLocale}
01-01 15:41:53.321  1480  1480 D SystemServerTiming: StartStorageStatsService took to complete: 11ms
01-01 15:41:53.322  1480  1480 I SystemServer: StartUiModeManager
01-01 15:41:53.324  1480  1523 I am_uid_running: 10011
01-01 15:41:53.325  1480  1480 I SystemServiceManager: Starting com.android.server.UiModeManagerService
01-01 15:41:53.328  1480  1544 D SystemServerInitThreadPool: Started executing UiModeManager.onStart
01-01 15:41:53.328  1480  1544 I configuration_changed: 512
01-01 15:41:53.328  1480  1544 I ActivityManager: Config changes=200 {1.0 ?mcc?mnc [en_US] ldltr ?swdp ?wdp ?hdp ?density ?lsize ?long ?ldr ?wideColorGamut ?orien ?touch ?keyb/?/? ?nav/? s.2}
01-01 15:41:53.333  1480  1480 D SystemServerTiming: StartUiModeManager took to complete: 9ms
01-01 15:41:53.337  1480  1480 I SystemServer: UpdatePackagesIfNeeded
01-01 15:41:53.337  1480  1621 D CryptdConnector: RCV <- {200 1 -1}
01-01 15:41:53.338  1480  1544 E SystemServerInitThreadPool: Failure in UiModeManager.onStart: java.lang.IllegalArgumentException: No display found with id: 0
01-01 15:41:53.338  1480  1544 E SystemServerInitThreadPool: java.lang.IllegalArgumentException: No display found with id: 0
01-01 15:41:53.338  1480  1544 E SystemServerInitThreadPool: 	at com.android.server.am.ActivityStackSupervisor.getDisplayOverrideConfiguration(ActivityStackSupervisor.java:478)
01-01 15:41:53.338  1480  1544 E SystemServerInitThreadPool: 	at com.android.server.am.ActivityManagerService.performDisplayOverrideConfigUpdate(ActivityManagerService.java:20449)
01-01 15:41:53.338  1480  1544 E SystemServerInitThreadPool: 	at com.android.server.am.ActivityManagerService.updateGlobalConfiguration(ActivityManagerService.java:20356)
01-01 15:41:53.338  1480  1544 E SystemServerInitThreadPool: 	at com.android.server.am.ActivityManagerService.updateConfigurationLocked(ActivityManagerService.java:20234)
01-01 15:41:53.338  1480  1544 E SystemServerInitThreadPool: 	at com.android.server.am.ActivityManagerService.updateConfiguration(ActivityManagerService.java:20173)
01-01 15:41:53.338  1480  1544 E SystemServerInitThreadPool: 	at com.android.server.UiModeManagerService.sendConfigurationLocked(UiModeManagerService.java:478)
01-01 15:41:53.338  1480  1544 E SystemServerInitThreadPool: 	at com.android.server.UiModeManagerService.lambda$-com_android_server_UiModeManagerService_9177(UiModeManagerService.java:236)
01-01 15:41:53.338  1480  1544 E SystemServerInitThreadPool: 	at com.android.server.-$Lambda$K82oIOoLs4yzVXPcedaNtrZLQQI.$m$0(Unknown Source:4)
01-01 15:41:53.338  1480  1544 E SystemServerInitThreadPool: 	at com.android.server.-$Lambda$K82oIOoLs4yzVXPcedaNtrZLQQI.run(Unknown Source:0)
01-01 15:41:53.338  1480  1544 E SystemServerInitThreadPool: 	at com.android.server.SystemServerInitThreadPool.lambda$-com_android_server_SystemServerInitThreadPool_2249(SystemServerInitThreadPool.java:64)
01-01 15:41:53.338  1480  1544 E SystemServerInitThreadPool: 	at com.android.server.-$Lambda$HTEfptnAsu3OjkqY28AzP7WiEyA.$m$0(Unknown Source:8)
01-01 15:41:53.338  1480  1544 E SystemServerInitThreadPool: 	at com.android.server.-$Lambda$HTEfptnAsu3OjkqY28AzP7WiEyA.run(Unknown Source:0)
01-01 15:41:53.338  1480  1544 E SystemServerInitThreadPool: 	at java.util.concurrent.Executors$RunnableAdapter.call(Executors.java:457)
01-01 15:41:53.338  1480  1544 E SystemServerInitThreadPool: 	at java.util.concurrent.FutureTask.run(FutureTask.java:266)
01-01 15:41:53.338  1480  1544 E SystemServerInitThreadPool: 	at java.util.concurrent.ThreadPoolExecutor.runWorker(ThreadPoolExecutor.java:1162)
01-01 15:41:53.338  1480  1544 E SystemServerInitThreadPool: 	at java.util.concurrent.ThreadPoolExecutor$Worker.run(ThreadPoolExecutor.java:636)
01-01 15:41:53.338  1480  1544 E SystemServerInitThreadPool: 	at com.android.internal.util.ConcurrentUtils$1$1.run(ConcurrentUtils.java:59)
01-01 15:41:53.349  1480  1619 W StorageManagerService: No primary storage mounted!
01-01 15:41:53.349  1480  1619 D VoldConnector: SND -> {1 asec list}
01-01 15:41:53.350  1480  1620 D VoldConnector: RCV <- {200 1 asec operation succeeded}
--
01-01 15:42:29.305  2004  2004 I SystemServer: StartServices
01-01 15:42:29.305  2004  2004 I SystemServer: Reading configuration...
01-01 15:42:29.305  2004  2004 I SystemServer: ReadingSystemConfig
01-01 15:42:29.306  2004  2004 D SystemServerTiming: ReadingSystemConfig took to complete: 1ms
01-01 15:42:29.306  2004  2004 I SystemServer: StartInstaller
01-01 15:42:29.306  2004  2004 I SystemServiceManager: Starting com.android.server.pm.Installer
01-01 15:42:29.306  2004  2017 D SystemServerInitThreadPool: Started executing ReadingSystemConfig
01-01 15:42:29.309  2004  2004 D SystemServerTiming: StartInstaller took to complete: 3ms
01-01 15:42:29.309  2004  2004 I SystemServer: DeviceIdentifiersPolicyService
01-01 15:42:29.309  2004  2004 I SystemServiceManager: Starting com.android.server.os.DeviceIdentifiersPolicyService
01-01 15:42:29.310  2004  2004 D SystemServerTiming: DeviceIdentifiersPolicyService took to complete: 1ms
01-01 15:42:29.310  2004  2004 I SystemServer: StartActivityManager
01-01 15:42:29.310  2004  2004 I SystemServiceManager: Starting com.android.server.am.ActivityManagerService$Lifecycle
01-01 15:42:29.328  2004  2017 D SystemServerInitThreadPool: Finished executing ReadingSystemConfig
01-01 15:42:29.334  2004  2004 I ActivityManager: Memory class: 288
01-01 15:42:29.335  2004  2019 I ServiceThread: Enabled StrictMode logging for ActivityManager looper.
01-01 15:42:29.337  2004  2020 I ServiceThread: Enabled StrictMode logging for android.ui looper.
01-01 15:42:29.365  2004  2004 D BatteryStatsImpl: Reading daily items from /data/system/batterystats-daily.xml
01-01 15:42:29.452  2004  2004 I AppOps  : No existing app ops /data/system/appops.xml; starting empty
01-01 15:42:29.459  2004  2004 I IntentFirewall: Read new rules (A:0 B:0 S:0)
01-01 15:42:29.466  2004  2027 I ServiceThread: Enabled StrictMode logging for android.display looper.
01-01 15:42:29.474  2004  2004 D AppOps  : AppOpsService published
01-01 15:42:29.475  2004  2004 D SystemServerTiming: StartActivityManager took to complete: 165ms
01-01 15:42:29.475  2004  2004 I SystemServer: StartPowerManager
01-01 15:42:29.475  2004  2004 I SystemServiceManager: Starting com.android.server.power.PowerManagerService
01-01 15:42:29.477  2004  2029 I ServiceThread: Enabled StrictMode logging for PowerManagerService looper.
01-01 15:42:29.488     0     0 I         : [  109.249771 / 01-01 15:42:29.483][1] [Touch] TAP2WAKE: value[0]
01-01 15:42:29.489  2004  2004 D SystemServerTiming: StartPowerManager took to complete: 14ms
01-01 15:42:29.489  2004  2004 I SystemServer: InitPowerManagement
01-01 15:42:29.490  2004  2004 D SystemServerTiming: InitPowerManagement took to complete: 2ms
01-01 15:42:29.490  2004  2004 I SystemServer: StartRecoverySystemService
01-01 15:42:29.491  2004  2004 I SystemServiceManager: Starting com.android.server.RecoverySystemService
01-01 15:42:29.492  2004  2004 D SystemServerTiming: StartRecoverySystemService took to complete: 1ms
01-01 15:42:29.493  2004  2004 V RescueParty: Disabled because of active USB connection
01-01 15:42:29.493  2004  2004 I SystemServer: StartLightsService
01-01 15:42:29.493  2004  2004 I SystemServiceManager: Starting com.android.server.lights.LightsService
01-01 15:42:29.493  2004  2004 D SystemServerTiming: StartLightsService took to complete: 1ms
01-01 15:42:29.494  2004  2004 I SystemServer: StartDisplayManager
01-01 15:42:29.494  2004  2004 I SystemServiceManager: Starting com.android.server.display.DisplayManagerService
01-01 15:42:29.497  2004  2004 D SystemServerTiming: StartDisplayManager took to complete: 3ms
01-01 15:42:29.497  2004  2004 I SystemServer: WaitForDisplay
01-01 15:42:29.497  2004  2004 I SystemServiceManager: Starting phase 100
01-01 15:42:29.501  2004  2027 I DisplayManagerService: Display device added: DisplayDeviceInfo{"Built-in Screen": uniqueId="local:0", 1440 x 2560, modeId 1, defaultModeId 1, supportedModes [{id=1, width=1440, height=2560, fps=60.0}], colorMode 0, supportedColorModes [0], HdrCapabilities android.view.Display$HdrCapabilities@a69d6308, density 560, 537.882 x 537.388 dpi, appVsyncOff 1000000, presDeadline 16666667, touch INTERNAL, rotation 0, type BUILT_IN, state UNKNOWN, FLAG_DEFAULT_DISPLAY, FLAG_ROTATES_WITH_CONTENT, FLAG_SECURE, FLAG_SUPPORTS_PROTECTED_BUFFERS}
01-01 15:42:29.502   491   491 D SurfaceFlinger: Set power mode=2, type=0 flinger=0x745bc5e000
01-01 15:42:29.502   491   491 D SurfaceFlinger: Screen type=0 is already mode=2
01-01 15:42:29.509  2004  2027 I chatty  : uid=1000 system_server expire 8 lines
01-01 15:42:29.515  2004  2027 I DisplayManagerService: Display device changed state: "Built-in Screen", ON
01-01 15:42:29.515  2004  2004 D SystemServerTiming: WaitForDisplay took to complete: 18ms
01-01 15:42:29.516  2004  2004 I sysui_histogram: [boot_package_manager_init_start,109275]
01-01 15:42:29.516  2004  2004 I sysui_multi_action: [757,804,799,boot_package_manager_init_start,801,109275,802,1]
01-01 15:42:29.516  2004  2004 I SystemServer: StartPackageManagerService
01-01 15:42:29.516     0     0 I [  109.277280 / 01-01 15:42:29.511][1] mdss_fb_set_bl_brightness: [LCD][WLED] backlight level=102, cal_value=403
01-01 15:42:29.528  2004  2004 I boot_progress_pms_start: 109287
01-01 15:42:29.541  2004  2004 D SELinuxMMAC: Using policy file /system/etc/selinux/plat_mac_permissions.xml
01-01 15:42:29.543  2004  2004 D SELinuxMMAC: Using policy file /vendor/etc/selinux/nonplat_mac_permissions.xml
01-01 15:42:29.633  2004  2004 I boot_progress_pms_system_scan_start: 109392
01-01 15:42:29.633  2004  2004 W PackageManager: Wiping cache directory because the system partition changed.
01-01 15:42:29.740  2004  2004 I boot_progress_pms_data_scan_start: 109500
01-01 15:42:29.743  2004  2004 I boot_progress_pms_scan_end: 109503
--
01-01 15:42:30.132  2004  2004 I SystemServer: StartVibratorService
01-01 15:42:30.140  2004  2004 D SystemServerTiming: StartVibratorService took to complete: 8ms
01-01 15:42:30.140  2004  2004 I SystemServer: StartConsumerIrService
01-01 15:42:30.143  2004  2004 E System  : ******************************************
01-01 15:42:30.143  2004  2004 E System  : ************ Failure starting core service
01-01 15:42:30.143  2004  2004 E System  : java.lang.RuntimeException: FEATURE_CONSUMER_IR present, but no IR HAL loaded!
01-01 15:42:30.143  2004  2004 E System  : 	at com.android.server.ConsumerIrService.<init>(ConsumerIrService.java:51)
01-01 15:42:30.143  2004  2004 E System  : 	at com.android.server.SystemServer.startOtherServices(SystemServer.java:800)
01-01 15:42:30.143  2004  2004 E System  : 	at com.android.server.SystemServer.run(SystemServer.java:398)
01-01 15:42:30.143  2004  2004 E System  : 	at com.android.server.SystemServer.main(SystemServer.java:262)
01-01 15:42:30.143  2004  2004 E System  : 	at java.lang.reflect.Method.invoke(Native Method)
01-01 15:42:30.143  2004  2004 E System  : 	at com.android.internal.os.Zygote$MethodAndArgsCaller.run(Zygote.java:240)
01-01 15:42:30.143  2004  2004 E System  : 	at com.android.internal.os.ZygoteInit.main(ZygoteInit.java:767)
01-01 15:42:30.143  2004  2004 I SystemServer: StartInputMethodManagerLifecycle
01-01 15:42:30.144  2004  2004 I SystemServiceManager: Starting com.android.server.InputMethodManagerService$Lifecycle
01-01 15:42:30.151  2004  2004 D SystemServerTiming: StartInputMethodManagerLifecycle took to complete: 7ms
01-01 15:42:30.151  2004  2004 I SystemServer: StartAccessibilityManagerService
01-01 15:42:30.155  2004  2004 D SystemServerTiming: StartAccessibilityManagerService took to complete: 4ms
01-01 15:42:30.155  2004  2004 I SystemServer: MakeDisplayReady
01-01 15:42:30.156  2004  2004 W SystemServer: ***********************************************
01-01 15:42:30.156  2004  2004 E SystemServer: BOOT FAILURE making display ready
01-01 15:42:30.156  2004  2004 E SystemServer: java.lang.NullPointerException: Attempt to invoke virtual method 'void com.android.server.wm.WindowManagerService.displayReady()' on a null object reference
01-01 15:42:30.156  2004  2004 E SystemServer: 	at com.android.server.SystemServer.startOtherServices(SystemServer.java:913)
01-01 15:42:30.156  2004  2004 E SystemServer: 	at com.android.server.SystemServer.run(SystemServer.java:398)
01-01 15:42:30.156  2004  2004 E SystemServer: 	at com.android.server.SystemServer.main(SystemServer.java:262)
01-01 15:42:30.156  2004  2004 E SystemServer: 	at java.lang.reflect.Method.invoke(Native Method)
01-01 15:42:30.156  2004  2004 E SystemServer: 	at com.android.internal.os.Zygote$MethodAndArgsCaller.run(Zygote.java:240)
01-01 15:42:30.156  2004  2004 E SystemServer: 	at com.android.internal.os.ZygoteInit.main(ZygoteInit.java:767)
01-01 15:42:30.157  2004  2004 D SystemServerTiming: MakeDisplayReady took to complete: 2ms
01-01 15:42:30.157  2004  2019 I am_wtf  : [0,2004,system_server,-1,SystemServer,Attempt to invoke virtual method 'void com.android.server.wm.WindowManagerService.displayReady()' on a null object reference]
01-01 15:42:30.157  2004  2004 I SystemServer: StartStorageManagerService
01-01 15:42:30.158  2004  2004 I SystemServiceManager: Starting com.android.server.StorageManagerService$Lifecycle
01-01 15:42:30.165  2004  2004 D SystemServerTiming: StartStorageManagerService took to complete: 8ms
01-01 15:42:30.165  2004  2004 I SystemServer: StartStorageStatsService
01-01 15:42:30.166  2004  2004 I SystemServiceManager: Starting com.android.server.usage.StorageStatsService$Lifecycle
01-01 15:42:30.166  2004  2122 D StorageManagerService: Thinking about init, mSystemReady=false, mDaemonConnected=true
01-01 15:42:30.168  2004  2122 D StorageManagerService: Thinking about reset, mSystemReady=false, mDaemonConnected=true
01-01 15:42:30.168  2004  2122 D StorageManagerService: Thinking about init, mSystemReady=false, mDaemonConnected=true
01-01 15:42:30.168  2004  2122 D StorageManagerService: Thinking about reset, mSystemReady=false, mDaemonConnected=true
01-01 15:42:30.168  2004  2122 D CryptdConnector: SND -> {1 cryptfs getfield SystemLocale}
01-01 15:42:30.173  2004  2004 D SystemServerTiming: StartStorageStatsService took to complete: 7ms
01-01 15:42:30.176  2004  2004 I SystemServer: StartUiModeManager
01-01 15:42:30.177  2004  2004 I SystemServiceManager: Starting com.android.server.UiModeManagerService
01-01 15:42:30.179  2004  2047 D SystemServerInitThreadPool: Started executing UiModeManager.onStart
01-01 15:42:30.180  2004  2004 D SystemServerTiming: StartUiModeManager took to complete: 4ms
01-01 15:42:30.180  2004  2004 I SystemServer: UpdatePackagesIfNeeded
01-01 15:42:30.180  2004  2004 D SystemServerTiming: UpdatePackagesIfNeeded took to complete: 0ms
01-01 15:42:30.180  2004  2004 I SystemServer: PerformFstrimIfNeeded
01-01 15:42:30.181  2004  2004 D SystemServerTiming: PerformFstrimIfNeeded took to complete: 1ms
01-01 15:42:30.181  2004  2004 I SystemServer: StartLockSettingsService
01-01 15:42:30.181  2004  2004 I SystemServiceManager: Starting com.android.server.LockSettingsService$Lifecycle
01-01 15:42:30.182  2004  2026 I am_uid_running: 10011
01-01 15:42:30.183  2004  2047 I configuration_changed: 512
01-01 15:42:30.183  2004  2124 D CryptdConnector: RCV <- {200 1 -1}
01-01 15:42:30.183  2004  2047 I ActivityManager: Config changes=200 {1.0 ?mcc?mnc [en_US] ldltr ?swdp ?wdp ?hdp ?density ?lsize ?long ?ldr ?wideColorGamut ?orien ?touch ?keyb/?/? ?nav/? s.2}
01-01 15:42:30.184  2004  2122 W StorageManagerService: No primary storage mounted!
01-01 15:42:30.184  2004  2122 D VoldConnector: SND -> {1 asec list}
01-01 15:42:30.188  2004  2047 E SystemServerInitThreadPool: Failure in UiModeManager.onStart: java.lang.IllegalArgumentException: No display found with id: 0
01-01 15:42:30.188  2004  2047 E SystemServerInitThreadPool: java.lang.IllegalArgumentException: No display found with id: 0
01-01 15:42:30.188  2004  2047 E SystemServerInitThreadPool: 	at com.android.server.am.ActivityStackSupervisor.getDisplayOverrideConfiguration(ActivityStackSupervisor.java:478)
01-01 15:42:30.188  2004  2047 E SystemServerInitThreadPool: 	at com.android.server.am.ActivityManagerService.performDisplayOverrideConfigUpdate(ActivityManagerService.java:20449)
01-01 15:42:30.188  2004  2047 E SystemServerInitThreadPool: 	at com.android.server.am.ActivityManagerService.updateGlobalConfiguration(ActivityManagerService.java:20356)
01-01 15:42:30.188  2004  2047 E SystemServerInitThreadPool: 	at com.android.server.am.ActivityManagerService.updateConfigurationLocked(ActivityManagerService.java:20234)
01-01 15:42:30.188  2004  2047 E SystemServerInitThreadPool: 	at com.android.server.am.ActivityManagerService.updateConfiguration(ActivityManagerService.java:20173)
01-01 15:42:30.188  2004  2047 E SystemServerInitThreadPool: 	at com.android.server.UiModeManagerService.sendConfigurationLocked(UiModeManagerService.java:478)
01-01 15:42:30.188  2004  2047 E SystemServerInitThreadPool: 	at com.android.server.UiModeManagerService.lambda$-com_android_server_UiModeManagerService_9177(UiModeManagerService.java:236)
01-01 15:42:30.188  2004  2047 E SystemServerInitThreadPool: 	at com.android.server.-$Lambda$K82oIOoLs4yzVXPcedaNtrZLQQI.$m$0(Unknown Source:4)
01-01 15:42:30.188  2004  2047 E SystemServerInitThreadPool: 	at com.android.server.-$Lambda$K82oIOoLs4yzVXPcedaNtrZLQQI.run(Unknown Source:0)
01-01 15:42:30.188  2004  2047 E SystemServerInitThreadPool: 	at com.android.server.SystemServerInitThreadPool.lambda$-com_android_server_SystemServerInitThreadPool_2249(SystemServerInitThreadPool.java:64)
01-01 15:42:30.188  2004  2047 E SystemServerInitThreadPool: 	at com.android.server.-$Lambda$HTEfptnAsu3OjkqY28AzP7WiEyA.$m$0(Unknown Source:8)
01-01 15:42:30.188  2004  2047 E SystemServerInitThreadPool: 	at com.android.server.-$Lambda$HTEfptnAsu3OjkqY28AzP7WiEyA.run(Unknown Source:0)
01-01 15:42:30.188  2004  2047 E SystemServerInitThreadPool: 	at java.util.concurrent.Executors$RunnableAdapter.call(Executors.java:457)
01-01 15:42:30.188  2004  2047 E SystemServerInitThreadPool: 	at java.util.concurrent.FutureTask.run(FutureTask.java:266)
01-01 15:42:30.188  2004  2047 E SystemServerInitThreadPool: 	at java.util.concurrent.ThreadPoolExecutor.runWorker(ThreadPoolExecutor.java:1162)
01-01 15:42:30.188  2004  2047 E SystemServerInitThreadPool: 	at java.util.concurrent.ThreadPoolExecutor$Worker.run(ThreadPoolExecutor.java:636)
01-01 15:42:30.188  2004  2047 E SystemServerInitThreadPool: 	at com.android.internal.util.ConcurrentUtils$1$1.run(ConcurrentUtils.java:59)
01-01 15:42:30.191  2004  2018 I UsageStatsService: User[0] Rollover scheduled @ 2015-01-02 15:42:30(1420213350188)
01-01 15:42:30.193  2004  2004 I am_wtf  : [0,2004,system_server,-1,SystemServiceRegistry,No service published for: alarm]
01-01 15:42:30.197  2004  2123 D VoldConnector: RCV <- {200 1 asec operation succeeded}
--
01-01 15:42:30.455  2004  2004 I Process : Sending signal. PID: 2004 SIG: 9
01-01 15:42:30.481   395   395 I ServiceManager: service 'scheduling_policy' died
01-01 15:42:30.481   395   395 I ServiceManager: service 'telephony.registry' died
01-01 15:42:30.481   395   395 I ServiceManager: service 'media.camera.proxy' died
01-01 15:42:30.481   395   395 I ServiceManager: service 'account' died
01-01 15:42:30.481   395   395 I ServiceManager: service 'content' died
01-01 15:42:30.481   395   395 I ServiceManager: service 'settings' died
01-01 15:42:30.481   395   395 I ServiceManager: service 'vibrator' died
01-01 15:42:30.481   395   395 I ServiceManager: service 'input_method' died
01-01 15:42:30.481   395   395 I ServiceManager: service 'accessibility' died
01-01 15:42:30.481   395   395 I ServiceManager: service 'mount' died
01-01 15:42:30.481   395   395 I ServiceManager: service 'sensorservice' died
01-01 15:42:30.481   395   395 I ServiceManager: service 'persistent_data_block' died
01-01 15:42:30.481   395   395 I ServiceManager: service 'device_identifiers' died
01-01 15:42:30.481   395   395 I ServiceManager: service 'lock_settings' died
01-01 15:42:30.481   395   395 I ServiceManager: service 'meminfo' died
01-01 15:42:30.481   395   395 I ServiceManager: service 'batterystats' died
01-01 15:42:30.481   395   395 I ServiceManager: service 'appops' died
01-01 15:42:30.481   395   395 I ServiceManager: service 'power' died
01-01 15:42:30.481   395   395 I ServiceManager: service 'recovery' died
01-01 15:42:30.481   395   395 I ServiceManager: service 'display' died
01-01 15:42:30.484   490   490 I lowmemorykiller: ActivityManager disconnected
01-01 15:42:30.484   490   490 I lowmemorykiller: Closing Activity Manager data connection
01-01 15:42:30.486  1932  1932 E Zygote  : Exit zygote because system server (2004) has terminated
01-01 15:42:30.508     0     0 I [  110.270017 / 01-01 15:42:30.503][2] init: Service 'zygote' (pid 1932) killed by signal 9
01-01 15:42:30.508     0     0 I [  110.270061 / 01-01 15:42:30.503][2] init: Sending signal 9 to service 'zygote' (pid 1932) process group...
01-01 15:42:30.508     0     0 E [  110.270367 / 01-01 15:42:30.503][2] init: kill(1932, 9) failed: No such process
01-01 15:42:30.508     0     0 E [  110.270474 / 01-01 15:42:30.503][2] init: write_file: Unable to open '/sys/android_power/request_state': No such file or directory
01-01 15:42:30.508     0     0 E [  110.270551 / 01-01 15:42:30.503][2] init: write_file: Unable to write to '/sys/power/state': Invalid argument
01-01 15:42:30.508     0     0 I [  110.270601 / 01-01 15:42:30.503][2] init: Sending signal 9 to service 'audioserver' (pid 1933) process group...
01-01 15:42:30.512   395   395 I ServiceManager: service 'media.aaudio' died
01-01 15:42:30.512   395   395 I ServiceManager: service 'media.sound_trigger_hw' died
01-01 15:42:30.512   395   395 I ServiceManager: service 'media.radio' died
01-01 15:42:30.512   395   395 I ServiceManager: service 'media.audio_flinger' died
01-01 15:42:30.512   395   395 I ServiceManager: service 'media.audio_policy' died
01-01 15:42:30.516   395   395 I ServiceManager: service 'media.camera' died
01-01 15:42:30.516     0     0 I [  110.276401 / 01-01 15:42:30.511][2] init: Sending signal 9 to service 'cameraserver' (pid 1934) process group...
01-01 15:42:30.520     0     0 I [  110.282078 / 01-01 15:42:30.515][2] init: Sending signal 9 to service 'media' (pid 1935) process group...
01-01 15:42:30.523   395   395 I ServiceManager: service 'media.player' died
01-01 15:42:30.523   395   395 I ServiceManager: service 'media.resource_manager' died
01-01 15:42:30.527   395   395 I ServiceManager: service 'netd' died
--
01-01 15:42:34.302  2249  2249 I SystemServer: StartServices
01-01 15:42:34.302  2249  2249 I SystemServer: Reading configuration...
01-01 15:42:34.302  2249  2249 I SystemServer: ReadingSystemConfig
01-01 15:42:34.303  2249  2249 D SystemServerTiming: ReadingSystemConfig took to complete: 1ms
01-01 15:42:34.303  2249  2249 I SystemServer: StartInstaller
01-01 15:42:34.303  2249  2249 I SystemServiceManager: Starting com.android.server.pm.Installer
01-01 15:42:34.303  2249  2262 D SystemServerInitThreadPool: Started executing ReadingSystemConfig
01-01 15:42:34.305  2249  2249 D SystemServerTiming: StartInstaller took to complete: 3ms
01-01 15:42:34.305  2249  2249 I SystemServer: DeviceIdentifiersPolicyService
01-01 15:42:34.306  2249  2249 I SystemServiceManager: Starting com.android.server.os.DeviceIdentifiersPolicyService
01-01 15:42:34.307  2249  2249 D SystemServerTiming: DeviceIdentifiersPolicyService took to complete: 1ms
01-01 15:42:34.307  2249  2249 I SystemServer: StartActivityManager
01-01 15:42:34.307  2249  2249 I SystemServiceManager: Starting com.android.server.am.ActivityManagerService$Lifecycle
01-01 15:42:34.323  2249  2262 D SystemServerInitThreadPool: Finished executing ReadingSystemConfig
01-01 15:42:34.332  2249  2249 I ActivityManager: Memory class: 288
01-01 15:42:34.334  2249  2264 I ServiceThread: Enabled StrictMode logging for ActivityManager looper.
01-01 15:42:34.335  2249  2265 I ServiceThread: Enabled StrictMode logging for android.ui looper.
01-01 15:42:34.364  2249  2249 D BatteryStatsImpl: Reading daily items from /data/system/batterystats-daily.xml
01-01 15:42:34.450  2249  2249 I AppOps  : No existing app ops /data/system/appops.xml; starting empty
01-01 15:42:34.456  2249  2249 I IntentFirewall: Read new rules (A:0 B:0 S:0)
01-01 15:42:34.463  2249  2272 I ServiceThread: Enabled StrictMode logging for android.display looper.
01-01 15:42:34.469  2249  2249 D AppOps  : AppOpsService published
01-01 15:42:34.470  2249  2249 D SystemServerTiming: StartActivityManager took to complete: 163ms
01-01 15:42:34.470  2249  2249 I SystemServer: StartPowerManager
01-01 15:42:34.470  2249  2249 I SystemServiceManager: Starting com.android.server.power.PowerManagerService
01-01 15:42:34.472  2249  2274 I ServiceThread: Enabled StrictMode logging for PowerManagerService looper.
01-01 15:42:34.484  2249  2249 D SystemServerTiming: StartPowerManager took to complete: 14ms
01-01 15:42:34.484  2249  2249 I SystemServer: InitPowerManagement
01-01 15:42:34.484     0     0 I         : [  114.244657 / 01-01 15:42:34.479][1] [Touch] TAP2WAKE: value[0]
01-01 15:42:34.487  2249  2249 D SystemServerTiming: InitPowerManagement took to complete: 3ms
01-01 15:42:34.487  2249  2249 I SystemServer: StartRecoverySystemService
01-01 15:42:34.487  2249  2249 I SystemServiceManager: Starting com.android.server.RecoverySystemService
01-01 15:42:34.489  2249  2249 D SystemServerTiming: StartRecoverySystemService took to complete: 1ms
01-01 15:42:34.489  2249  2249 V RescueParty: Disabled because of active USB connection
01-01 15:42:34.489  2249  2249 I SystemServer: StartLightsService
01-01 15:42:34.490  2249  2249 I SystemServiceManager: Starting com.android.server.lights.LightsService
01-01 15:42:34.490  2249  2249 D SystemServerTiming: StartLightsService took to complete: 0ms
01-01 15:42:34.490  2249  2249 I SystemServer: StartDisplayManager
01-01 15:42:34.490  2249  2249 I SystemServiceManager: Starting com.android.server.display.DisplayManagerService
01-01 15:42:34.493  2249  2249 D SystemServerTiming: StartDisplayManager took to complete: 4ms
01-01 15:42:34.493  2249  2249 I SystemServer: WaitForDisplay
01-01 15:42:34.493  2249  2249 I SystemServiceManager: Starting phase 100
01-01 15:42:34.497  2249  2272 I DisplayManagerService: Display device added: DisplayDeviceInfo{"Built-in Screen": uniqueId="local:0", 1440 x 2560, modeId 1, defaultModeId 1, supportedModes [{id=1, width=1440, height=2560, fps=60.0}], colorMode 0, supportedColorModes [0], HdrCapabilities android.view.Display$HdrCapabilities@a69d6308, density 560, 537.882 x 537.388 dpi, appVsyncOff 1000000, presDeadline 16666667, touch INTERNAL, rotation 0, type BUILT_IN, state UNKNOWN, FLAG_DEFAULT_DISPLAY, FLAG_ROTATES_WITH_CONTENT, FLAG_SECURE, FLAG_SUPPORTS_PROTECTED_BUFFERS}
01-01 15:42:34.498   491   491 D SurfaceFlinger: Set power mode=2, type=0 flinger=0x745bc5e000
01-01 15:42:34.498   491   491 D SurfaceFlinger: Screen type=0 is already mode=2
01-01 15:42:34.505  2249  2272 I chatty  : uid=1000 system_server expire 8 lines
01-01 15:42:34.511  2249  2272 I DisplayManagerService: Display device changed state: "Built-in Screen", ON
01-01 15:42:34.512  2249  2249 D SystemServerTiming: WaitForDisplay took to complete: 18ms
01-01 15:42:34.512  2249  2249 I sysui_histogram: [boot_package_manager_init_start,114271]
01-01 15:42:34.512  2249  2249 I sysui_multi_action: [757,804,799,boot_package_manager_init_start,801,114271,802,1]
01-01 15:42:34.512  2249  2249 I SystemServer: StartPackageManagerService
01-01 15:42:34.512     0     0 I [  114.273619 / 01-01 15:42:34.507][3] mdss_fb_set_bl_brightness: [LCD][WLED] backlight level=102, cal_value=403
01-01 15:42:34.523  2249  2249 I boot_progress_pms_start: 114282
01-01 15:42:34.536  2249  2249 D SELinuxMMAC: Using policy file /system/etc/selinux/plat_mac_permissions.xml
01-01 15:42:34.538  2249  2249 D SELinuxMMAC: Using policy file /vendor/etc/selinux/nonplat_mac_permissions.xml
01-01 15:42:34.619  2249  2249 I boot_progress_pms_system_scan_start: 114379
01-01 15:42:34.620  2249  2249 W PackageManager: Wiping cache directory because the system partition changed.
01-01 15:42:34.723  2249  2249 I boot_progress_pms_data_scan_start: 114482
01-01 15:42:34.726  2249  2249 I boot_progress_pms_scan_end: 114485
--
01-01 15:42:35.252  2249  2289 D SystemServerTimingAsync: AppDataPrepare took to complete: 422ms
01-01 15:42:35.252  2249  2289 I PackageManager: Deferred reconcileAppsData finished 64 packages
01-01 15:42:35.252  2249  2289 D SystemServerInitThreadPool: Finished executing prepareAppData
01-01 15:42:35.254  2249  2249 E System  : ******************************************
01-01 15:42:35.254  2249  2249 E System  : ************ Failure starting core service
