01-01 01:19:37.438   569   569 I zygote  : option[46]=--instruction-set-features=default
01-01 01:19:37.439   569   569 I zygote  : option[47]=-Xcompiler-option
01-01 01:19:37.439   569   569 I zygote  : option[48]=--instruction-set-features=default
01-01 01:19:37.439   569   569 I zygote  : option[49]=-Duser.locale=en-US
01-01 01:19:37.439   569   569 I zygote  : option[50]=--cpu-abilist=armeabi-v7a,armeabi
01-01 01:19:37.439   569   569 I zygote  : option[51]=-Xfingerprint:lge/p1_global_com/p1:8.1.0/OPM4.171019.016.A1/4720815:user/release-keys
01-01 01:19:37.439   568   568 D AndroidRuntime: >>>>>> START com.android.internal.os.ZygoteInit uid 0 <<<<<<
01-01 01:19:37.439   568   568 I boot_progress_start: 8951
01-01 01:19:37.448   568   568 I zygote64: option[0]=-Xzygote
01-01 01:19:37.448   568   568 I zygote64: option[1]=-Xusetombstonedtraces
01-01 01:19:37.448   568   568 I zygote64: option[2]=exit
01-01 01:19:37.448   568   568 I zygote64: option[3]=vfprintf
01-01 01:19:37.448   568   568 I zygote64: option[4]=sensitiveThread
01-01 01:19:37.448   568   568 I zygote64: option[5]=-verbose:gc
01-01 01:19:37.448   568   568 I zygote64: option[6]=-Xms8m
01-01 01:19:37.448   568   568 I zygote64: option[7]=-Xmx768m
01-01 01:19:37.448   568   568 I zygote64: option[8]=-XX:HeapGrowthLimit=288m
01-01 01:19:37.448   568   568 I zygote64: option[9]=-XX:HeapMinFree=2m
01-01 01:19:37.448   568   568 I zygote64: option[10]=-XX:HeapMaxFree=8m
01-01 01:19:37.448   568   568 I zygote64: option[11]=-XX:HeapTargetUtilization=0.75
01-01 01:19:37.448   568   568 I zygote64: option[12]=-Xusejit:true
01-01 01:19:37.448   568   568 I zygote64: option[13]=-Xjitsaveprofilinginfo
01-01 01:19:37.448   568   568 I zygote64: option[14]=-XjdwpOptions:suspend=n,server=y
01-01 01:19:37.448   568   568 I zygote64: option[15]=-XjdwpProvider:default
01-01 01:19:37.448   568   568 I zygote64: option[16]=-Xlockprofthreshold:500
01-01 01:19:37.448   568   568 I zygote64: option[17]=-Ximage-compiler-option
01-01 01:19:37.448   568   568 I zygote64: option[18]=--runtime-arg
01-01 01:19:37.448   568   568 I zygote64: option[19]=-Ximage-compiler-option
01-01 01:19:37.448   568   568 I zygote64: option[20]=-Xms64m
01-01 01:19:37.448   568   568 I zygote64: option[21]=-Ximage-compiler-option
01-01 01:19:37.448   568   568 I zygote64: option[22]=--runtime-arg
01-01 01:19:37.448   568   568 I zygote64: option[23]=-Ximage-compiler-option
01-01 01:19:37.448   568   568 I zygote64: option[24]=-Xmx64m
01-01 01:19:37.448   568   568 I zygote64: option[25]=-Ximage-compiler-option
01-01 01:19:37.448   568   568 I zygote64: option[26]=--profile-file=/system/etc/boot-image.prof
01-01 01:19:37.448   568   568 I zygote64: option[27]=-Ximage-compiler-option
01-01 01:19:37.448   568   568 I zygote64: option[28]=--compiler-filter=speed-profile
01-01 01:19:37.448   568   568 I zygote64: option[29]=-Xcompiler-option
01-01 01:19:37.448   568   568 I zygote64: option[30]=--runtime-arg
01-01 01:19:37.448   568   568 I zygote64: option[31]=-Xcompiler-option
01-01 01:19:37.448   568   568 I zygote64: option[32]=-Xms64m
01-01 01:19:37.448   568   568 I zygote64: option[33]=-Xcompiler-option
01-01 01:19:37.448   568   568 I zygote64: option[34]=--runtime-arg
01-01 01:19:37.448   568   568 I zygote64: option[35]=-Xcompiler-option
01-01 01:19:37.448   568   568 I zygote64: option[36]=-Xmx512m
01-01 01:19:37.448   568   568 I zygote64: option[37]=-Xcompiler-option
01-01 01:19:37.448   568   568 I zygote64: option[38]=-j2
01-01 01:19:37.448   568   568 I zygote64: option[39]=-Ximage-compiler-option
01-01 01:19:37.448   568   568 I zygote64: option[40]=-j4
01-01 01:19:37.448   568   568 I zygote64: option[41]=-Ximage-compiler-option
01-01 01:19:37.448   568   568 I zygote64: option[42]=--instruction-set-variant=generic
01-01 01:19:37.448   568   568 I zygote64: option[43]=-Xcompiler-option
01-01 01:19:37.448   568   568 I zygote64: option[44]=--instruction-set-variant=generic
01-01 01:19:37.448   568   568 I zygote64: option[45]=-Ximage-compiler-option
01-01 01:19:37.448   568   568 I zygote64: option[46]=--instruction-set-features=default
01-01 01:19:37.448   568   568 I zygote64: option[47]=-Xcompiler-option
01-01 01:19:37.448   568   568 I zygote64: option[48]=--instruction-set-features=default
01-01 01:19:37.449   568   568 I zygote64: option[49]=-Duser.locale=en-US
01-01 01:19:37.449   568   568 I zygote64: option[50]=--cpu-abilist=arm64-v8a
01-01 01:19:37.449   568   568 I zygote64: option[51]=-Xfingerprint:lge/p1_global_com/p1:8.1.0/OPM4.171019.016.A1/4720815:user/release-keys
01-01 01:19:37.449   576   576 D vndksupport: Loading /vendor/lib64/hw/gralloc.default.so from current namespace instead of sphal namespace.
01-01 01:19:37.449   576   576 I Adreno  : QUALCOMM build                   : d3015e9, I25dc76dc3f
01-01 01:19:37.449   576   576 I Adreno  : Build Date                       : 01/26/17
01-01 01:19:37.449   576   576 I Adreno  : OpenGL ES Shader Compiler Version: XE031.09.00.03
01-01 01:19:37.449   576   576 I Adreno  : Local Branch                     : 
01-01 01:19:37.449   576   576 I Adreno  : Remote Branch                    : refs/tags/AU_LINUX_ANDROID_LA.BF64.1.2.3_RB1.07.00.00.258.011
01-01 01:19:37.449   576   576 I Adreno  : Remote Branch                    : NONE
01-01 01:19:37.449   576   576 I Adreno  : Reconstruct Branch               : NOTHING
01-01 01:19:37.464   576   576 I ConfigStore: android::hardware::configstore::V1_0::ISurfaceFlingerConfigs::hasWideColorDisplay retrieved: 0 (default)
01-01 01:19:37.464   576   576 I ConfigStore: android::hardware::configstore::V1_0::ISurfaceFlingerConfigs::hasHDRDisplay retrieved: 0 (default)
01-01 01:19:37.465   576   576 I SurfaceFlinger: EGL information:
01-01 01:19:37.465   576   576 I SurfaceFlinger: vendor    : Android
01-01 01:19:37.465   576   576 I SurfaceFlinger: version   : 1.4 Android META-EGL
01-01 01:19:37.465   576   576 I SurfaceFlinger: extensions: EGL_KHR_get_all_proc_addresses EGL_ANDROID_presentation_time EGL_KHR_swap_buffers_with_damage EGL_ANDROID_get_native_client_buffer EGL_ANDROID_front_buffer_auto_refresh EGL_ANDROID_get_frame_timestamps EGL_EXT_surface_SMPTE2086_metadata EGL_EXT_surface_CTA861_3_metadata EGL_KHR_image EGL_KHR_image_base EGL_KHR_lock_surface EGL_KHR_gl_colorspace EGL_KHR_gl_texture_2D_image EGL_KHR_gl_texture_3D_image EGL_KHR_gl_texture_cubemap_image EGL_KHR_gl_renderbuffer_image EGL_KHR_reusable_sync EGL_KHR_fence_sync EGL_KHR_create_context EGL_KHR_surfaceless_context EGL_EXT_create_context_robustness EGL_ANDROID_image_native_buffer EGL_KHR_wait_sync EGL_ANDROID_recordable EGL_KHR_partial_update EGL_KHR_create_context_no_error EGL_KHR_mutable_render_buffer EGL_EXT_yuv_surface EGL_IMG_context_priority 
01-01 01:19:37.465   576   576 I SurfaceFlinger: Client API: OpenGL_ES
01-01 01:19:37.465   576   576 I SurfaceFlinger: EGLSurface: 8-8-8-8, config=0x724a5ce800
01-01 01:19:37.467   576   576 F libc    : Fatal signal 11 (SIGSEGV), code 1 (SEGV_MAPERR), fault addr 0x0 in tid 576 (surfaceflinger), pid 576 (surfaceflinger)
01-01 01:19:37.490   599   599 E cutils-trace: Error opening trace file: Permission denied (13)
01-01 01:19:37.493   568   568 I zygote64: VerifyImage: /system/bin/patchoat --input-image-location=/system/framework/boot.art --output-image-directory=/data/dalvik-cache/arm64 --instruction-set=arm64 --verify
01-01 01:19:37.498   600   600 I crash_dump64: obtaining output fd from tombstoned, type: kDebuggerdTombstone
01-01 01:19:37.498   459   459 I /system/bin/tombstoned: received crash request for pid 576
01-01 01:19:37.508     0     0 I [    9.017753 / 01-01 01:19:37.495][3] patchoat[601]: syscall 384
01-01 01:19:37.508     0     0 W [    9.017773 / 01-01 01:19:37.495][3] Code: ea0016e8 e1a0c007 e3a07d06 ef000000 (e1a0700c)
01-01 01:19:37.508     0     0 W [    9.017786 / 01-01 01:19:37.495][3] CPU: 3 PID: 601 Comm: patchoat Not tainted 3.10.108-gfb077f2 #2
01-01 01:19:37.508     0     0 W         : [    9.017794 / 01-01 01:19:37.495][3] Hardware name: Qualcomm Technologies, Inc. MSM8992 P1 GLOBAL COM (DT)
01-01 01:19:37.508     0     0 W [    9.017805 / 01-01 01:19:37.495][3] task: ffffffc0bcd11000 ti: ffffffc0b6040000 task.ti: ffffffc0b6040000
01-01 01:19:37.508     0     0 W         : [    9.017815 / 01-01 01:19:37.495][3] PC is at 0xf1abf8e8
01-01 01:19:37.508     0     0 W         : [    9.017824 / 01-01 01:19:37.495][3] LR is at 0xf1ab90ab
01-01 01:19:37.508     0     0 W [    9.017833 / 01-01 01:19:37.495][3] pc: [<00000000f1abf8e8>] lr : [<00000000f1ab90ab>] pstate: 20000010
01-01 01:19:37.508     0     0 W [    9.017840 / 01-01 01:19:37.495][3] sp: 00000000ff930ce0
01-01 01:19:37.508     0     0 W [    9.017849 / 01-01 01:19:37.495][3] x12: 0000000000000028
01-01 01:19:37.508     0     0 W [    9.017855 / 01-01 01:19:37.495][3] x11: 0000000000000000 x10: 0000000000000000
01-01 01:19:37.508     0     0 W [    9.017863 / 01-01 01:19:37.495][3] x9: 0000000000000028 x8 : 00000000ff930d08
01-01 01:19:37.508     0     0 W [    9.017871 / 01-01 01:19:37.495][3] x7: 0000000000000180 x6 : 00000000ff930d08
01-01 01:19:37.508     0     0 W [    9.017879 / 01-01 01:19:37.495][3] x5: 0000000000000000 x4 : 00000000f1aed4ec
01-01 01:19:37.508     0     0 W [    9.017887 / 01-01 01:19:37.495][3] x3: 0000000000000000 x2 : 0000000000000001
01-01 01:19:37.508     0     0 W [    9.017894 / 01-01 01:19:37.495][3] x1: 0000000000000028 x0 : 00000000ff930d08
01-01 01:19:37.508     0     0 W         : [    9.017901 / 01-01 01:19:37.495][3]
01-01 01:19:37.499   600   600 I crash_dump64: performing dump of process 576 (target tid = 576)
01-01 01:19:37.503   600   600 F DEBUG   : *** *** *** *** *** *** *** *** *** *** *** *** *** *** *** ***
01-01 01:19:37.503   600   600 F DEBUG   : CypherOS Version: '7.0.0'
01-01 01:19:37.503   600   600 F DEBUG   : Build fingerprint: 'lge/p1_global_com/p1:8.1.0/OPM4.171019.016.A1/4720815:user/release-keys'
01-01 01:19:37.503   600   600 F DEBUG   : Revision: '11'
01-01 01:19:37.503   600   600 F DEBUG   : ABI: 'arm64'
01-01 01:19:37.503   600   600 F DEBUG   : pid: 576, tid: 576, name: surfaceflinger  >>> /system/bin/surfaceflinger <<<
01-01 01:19:37.503   600   600 F DEBUG   : signal 11 (SIGSEGV), code 1 (SEGV_MAPERR), fault addr 0x0
01-01 01:19:37.503   600   600 F DEBUG   : Cause: null pointer dereference
01-01 01:19:37.503   600   600 F DEBUG   :     x0  0000000000000000  x1  000000724a5d1080  x2  000000724a400000  x3  0000000000000004
01-01 01:19:37.503   600   600 F DEBUG   :     x4  00000000000001d1  x5  0000007fced27bd8  x6  6665642e6d6b676c  x7  6f732e746c756166
01-01 01:19:37.503   600   600 F DEBUG   :     x8  cd340091901b3072  x9  00000072cb1e8e90  x10 00000000000001d1  x11 0000000000000000
01-01 01:19:37.503   600   600 F DEBUG   :     x12 0000000000000025  x13 6f732e323939386d  x14 0000000000000030  x15 aaaaaaaaaaaaaaab
01-01 01:19:37.503   600   600 F DEBUG   :     x16 00000072cb731bd8  x17 00000072cb6c4030  x18 000000000000303c  x19 0000000000000001
01-01 01:19:37.503   600   600 F DEBUG   :     x20 0000000000000000  x21 000000724a446640  x22 00000072cd0915e0  x23 000000724a5ce800
01-01 01:19:37.503   600   600 F DEBUG   :     x24 0000000000000001  x25 0000000000000001  x26 0000000000000000  x27 0000007fced28240
01-01 01:19:37.503   600   600 F DEBUG   :     x28 0000007fced281d0  x29 0000007fced281b0
01-01 01:19:37.503   600   600 F DEBUG   :     sp  0000007fced280a0  lr  00000072cb113b44  pc  00000072cb113b54
01-01 01:19:37.528     0     0 I [    9.040843 / 01-01 01:19:37.519][2] patchoat[604]: syscall 384
01-01 01:19:37.528     0     0 I [    9.041089 / 01-01 01:19:37.519][3] patchoat[601]: syscall 384
01-01 01:19:37.528     0     0 W [    9.041104 / 01-01 01:19:37.519][3] Code: ea00e6a0 e1a0c007 e3a07d06 ef000000 (e1a0700c)
01-01 01:19:37.528     0     0 W [    9.041117 / 01-01 01:19:37.519][3] CPU: 3 PID: 601 Comm: patchoat Not tainted 3.10.108-gfb077f2 #2
01-01 01:19:37.528     0     0 W         : [    9.041125 / 01-01 01:19:37.519][3] Hardware name: Qualcomm Technologies, Inc. MSM8992 P1 GLOBAL COM (DT)
01-01 01:19:37.528     0     0 W [    9.041135 / 01-01 01:19:37.519][3] task: ffffffc0bcd11000 ti: ffffffc0b6040000 task.ti: ffffffc0b6040000
01-01 01:19:37.528     0     0 W         : [    9.041145 / 01-01 01:19:37.519][3] PC is at 0xf0e61048
01-01 01:19:37.528     0     0 W         : [    9.041153 / 01-01 01:19:37.519][3] LR is at 0xf0e2c387
01-01 01:19:37.528     0     0 W [    9.041162 / 01-01 01:19:37.519][3] pc: [<00000000f0e61048>] lr : [<00000000f0e2c387>] pstate: 200d0010
01-01 01:19:37.528     0     0 W [    9.041169 / 01-01 01:19:37.519][3] sp: 00000000ff930b78
01-01 01:19:37.528     0     0 W [    9.041177 / 01-01 01:19:37.519][3] x12: 0000000000000028
01-01 01:19:37.528     0     0 W [    9.041185 / 01-01 01:19:37.519][3] x11: 00000000f1aea640 x10: 0000000000000002
01-01 01:19:37.528     0     0 W [    9.041193 / 01-01 01:19:37.519][3] x9: 0000000000000028 x8 : 00000000ff930ba0
01-01 01:19:37.528     0     0 W [    9.041201 / 01-01 01:19:37.519][3] x7: 0000000000000180 x6 : 00000000ff930ba0
01-01 01:19:37.528     0     0 W [    9.041208 / 01-01 01:19:37.519][3] x5: 0000000000000000 x4 : 00000000f1aed4ec
01-01 01:19:37.528     0     0 W [    9.041216 / 01-01 01:19:37.519][3] x3: 0000000000000000 x2 : 0000000000000001
01-01 01:19:37.528     0     0 W [    9.041224 / 01-01 01:19:37.519][3] x1: 0000000000000028 x0 : 00000000ff930ba0
01-01 01:19:37.528     0     0 W [    9.041231 / 01-01 01:19:37.519][2] Code: ea0016e8 e1a0c007 e3a07d06 ef000000 (e1a0700c)
01-01 01:19:37.528     0     0 W         : [    9.041232 / 01-01 01:19:37.519][3]
01-01 01:19:37.528     0     0 W [    9.041249 / 01-01 01:19:37.519][2] CPU: 2 PID: 604 Comm: patchoat Not tainted 3.10.108-gfb077f2 #2
01-01 01:19:37.528     0     0 W         : [    9.041257 / 01-01 01:19:37.519][2] Hardware name: Qualcomm Technologies, Inc. MSM8992 P1 GLOBAL COM (DT)
01-01 01:19:37.528     0     0 W [    9.041267 / 01-01 01:19:37.519][2] task: ffffffc0ba82b000 ti: ffffffc0b61a8000 task.ti: ffffffc0b61a8000
01-01 01:19:37.528     0     0 W         : [    9.041275 / 01-01 01:19:37.519][2] PC is at 0xf00aa8e8
01-01 01:19:37.528     0     0 W         : [    9.041283 / 01-01 01:19:37.519][2] LR is at 0xf00a40ab
01-01 01:19:37.528     0     0 W [    9.041292 / 01-01 01:19:37.519][2] pc: [<00000000f00aa8e8>] lr : [<00000000f00a40ab>] pstate: 20000010
01-01 01:19:37.528     0     0 W [    9.041300 / 01-01 01:19:37.519][2] sp: 00000000ffc673a0
01-01 01:19:37.528     0     0 W [    9.041715 / 01-01 01:19:37.519][2] x12: 0000000000000028
01-01 01:19:37.528     0     0 W [    9.041726 / 01-01 01:19:37.519][2] x11: 0000000000000000 x10: 0000000000000000
01-01 01:19:37.528     0     0 W [    9.041734 / 01-01 01:19:37.519][2] x9: 0000000000000028 x8 : 00000000ffc673c8
01-01 01:19:37.528     0     0 W [    9.041742 / 01-01 01:19:37.519][2] x7: 0000000000000180 x6 : 00000000ffc673c8
01-01 01:19:37.528     0     0 W [    9.041750 / 01-01 01:19:37.519][2] x5: 0000000000000000 x4 : 00000000f00d84ec
01-01 01:19:37.528     0     0 W [    9.041758 / 01-01 01:19:37.519][2] x3: 0000000000000000 x2 : 0000000000000001
01-01 01:19:37.528     0     0 W [    9.041765 / 01-01 01:19:37.519][2] x1: 0000000000000028 x0 : 00000000ffc673c8
01-01 01:19:37.528     0     0 W         : [    9.041773 / 01-01 01:19:37.519][2]
01-01 01:19:37.516   600   600 F DEBUG   : 
01-01 01:19:37.516   600   600 F DEBUG   : backtrace:
01-01 01:19:37.516   600   600 F DEBUG   :     #00 pc 000000000009eb54  /system/lib64/libsurfaceflinger.so (android::RE::impl::RenderEngine::create(int, unsigned int)+276)
01-01 01:19:37.516   600   600 F DEBUG   :     #01 pc 00000000000a3cb8  /system/lib64/libsurfaceflinger.so (android::SurfaceFlinger::init()+816)
01-01 01:19:37.516   600   600 F DEBUG   :     #02 pc 0000000000002f44  /system/bin/surfaceflinger (main+320)
01-01 01:19:37.516   600   600 F DEBUG   :     #03 pc 00000000000ac984  /system/lib64/libc.so (__libc_init+88)
01-01 01:19:37.519   569   569 I zygote  : VerifyImage: /system/bin/patchoat --input-image-location=/system/framework/boot.art --output-image-directory=/data/dalvik-cache/arm --instruction-set=arm --verify
01-01 01:19:37.544     0     0 D [    9.058154 / 01-01 01:19:37.535][1] logd: logdr: UID=1000 GID=1003 PID=600 n tail=50 logMask=8 pid=576 start=0ns timeout=0ns
01-01 01:19:37.548     0     0 D [    9.059674 / 01-01 01:19:37.539][1] logd: logdr: UID=1000 GID=1003 PID=600 n tail=50 logMask=1 pid=576 start=0ns timeout=0ns
01-01 01:19:37.560     0     0 I [    9.064645 / 01-01 01:19:37.543][0] cameraserver[589]: syscall 384
01-01 01:19:37.560     0     0 W [    9.064664 / 01-01 01:19:37.543][0] Code: ea00e6a0 e1a0c007 e3a07d06 ef000000 (e1a0700c)
01-01 01:19:37.560     0     0 W [    9.064677 / 01-01 01:19:37.543][0] CPU: 0 PID: 589 Comm: cameraserver Not tainted 3.10.108-gfb077f2 #2
01-01 01:19:37.560     0     0 W         : [    9.064685 / 01-01 01:19:37.543][0] Hardware name: Qualcomm Technologies, Inc. MSM8992 P1 GLOBAL COM (DT)
01-01 01:19:37.560     0     0 W [    9.064695 / 01-01 01:19:37.543][0] task: ffffffc0ba8d3000 ti: ffffffc0ba91c000 task.ti: ffffffc0ba91c000
01-01 01:19:37.560     0     0 W         : [    9.064706 / 01-01 01:19:37.543][0] PC is at 0xf189a048
01-01 01:19:37.560     0     0 W         : [    9.064715 / 01-01 01:19:37.543][0] LR is at 0xf1865387
01-01 01:19:37.560     0     0 W [    9.064723 / 01-01 01:19:37.543][0] pc: [<00000000f189a048>] lr : [<00000000f1865387>] pstate: 200d0010
01-01 01:19:37.560     0     0 W [    9.064730 / 01-01 01:19:37.543][0] sp: 00000000ff80d880
01-01 01:19:37.560     0     0 W [    9.064739 / 01-01 01:19:37.543][0] x12: 0000000000000028
01-01 01:19:37.560     0     0 W [    9.064747 / 01-01 01:19:37.543][0] x11: 00000000f2278640 x10: 0000000000000002
01-01 01:19:37.560     0     0 W [    9.064755 / 01-01 01:19:37.543][0] x9: 0000000000000028 x8 : 00000000ff80d8a8
01-01 01:19:37.560     0     0 W [    9.064763 / 01-01 01:19:37.543][0] x7: 0000000000000180 x6 : 00000000ff80d8a8
01-01 01:19:37.560     0     0 W [    9.064771 / 01-01 01:19:37.543][0] x5: 0000000000000000 x4 : 00000000f227b4ec
01-01 01:19:37.560     0     0 W [    9.064780 / 01-01 01:19:37.543][0] x3: 0000000000000000 x2 : 0000000000000001
01-01 01:19:37.561     0     0 W [    9.064787 / 01-01 01:19:37.543][0] x1: 0000000000000028 x0 : 00000000ff80d8a8
01-01 01:19:37.561     0     0 W         : [    9.064795 / 01-01 01:19:37.543][0]
01-01 01:19:37.561     0     0 I [    9.068455 / 01-01 01:19:37.547][2] patchoat[604]: syscall 384
01-01 01:19:37.561     0     0 W [    9.068473 / 01-01 01:19:37.547][2] Code: ea00e6a0 e1a0c007 e3a07d06 ef000000 (e1a0700c)
01-01 01:19:37.561     0     0 W [    9.068485 / 01-01 01:19:37.547][2] CPU: 2 PID: 604 Comm: patchoat Not tainted 3.10.108-gfb077f2 #2
01-01 01:19:37.561     0     0 W         : [    9.068494 / 01-01 01:19:37.547][2] Hardware name: Qualcomm Technologies, Inc. MSM8992 P1 GLOBAL COM (DT)
01-01 01:19:37.561     0     0 W [    9.068504 / 01-01 01:19:37.547][2] task: ffffffc0ba82b000 ti: ffffffc0b61a8000 task.ti: ffffffc0b61a8000
01-01 01:19:37.561     0     0 W         : [    9.068514 / 01-01 01:19:37.547][2] PC is at 0xef2a0048
01-01 01:19:37.561     0     0 W         : [    9.068522 / 01-01 01:19:37.547][2] LR is at 0xef26b387
01-01 01:19:37.561     0     0 W [    9.068531 / 01-01 01:19:37.547][2] pc: [<00000000ef2a0048>] lr : [<00000000ef26b387>] pstate: 200d0010
01-01 01:19:37.561     0     0 W [    9.068539 / 01-01 01:19:37.547][2] sp: 00000000ffc67238
01-01 01:19:37.561     0     0 W [    9.068546 / 01-01 01:19:37.547][2] x12: 0000000000000028
01-01 01:19:37.561     0     0 W [    9.068553 / 01-01 01:19:37.547][2] x11: 00000000f00d5640 x10: 0000000000000002
01-01 01:19:37.561     0     0 W [    9.068561 / 01-01 01:19:37.547][2] x9: 0000000000000028 x8 : 00000000ffc67260
01-01 01:19:37.561     0     0 W [    9.068569 / 01-01 01:19:37.547][2] x7: 0000000000000180 x6 : 00000000ffc67260
01-01 01:19:37.561     0     0 W [    9.068577 / 01-01 01:19:37.547][2] x5: 0000000000000000 x4 : 00000000f00d84ec
01-01 01:19:37.561     0     0 W [    9.068585 / 01-01 01:19:37.547][2] x3: 0000000000000000 x2 : 0000000000000001
01-01 01:19:37.561     0     0 W [    9.068592 / 01-01 01:19:37.547][2] x1: 0000000000000028 x0 : 00000000ffc67260
01-01 01:19:37.561     0     0 W         : [    9.068600 / 01-01 01:19:37.547][2]
01-01 01:19:37.551   601   601 E patchoat: Could not create image space with image file '/system/framework/boot.art'. Attempting to fall back to imageless running. Error was: Failed to mmap at expected address, mapped at 0xf08b9000 instead of 0x702ef000 : Requested region 0x702ef000-0x70436000 overlaps with existing map 0x7030b000-0x70756000 (/system/framework/arm64/boot.oat)
01-01 01:19:37.551   601   601 E patchoat: 0x7030b000-0x70756000 r-- /system/framework/arm64/boot.oat
01-01 01:19:37.551   601   601 E patchoat: 0x70756000-0x70757000 rw- /dev/ashmem/dalvik-Zero-initialized segment 3 of ELF file /data/dalvik-cache/arm64/system@framework@boot.oat (deleted)
01-01 01:19:37.551   601   601 E patchoat: 0x70757000-0x70bd5000 r-- /system/framework/boot.vdex
01-01 01:19:37.551   601   601 E patchoat: 0x70bd5000-0x70bd6000 r-- /system/framework/arm64/boot.oat
01-01 01:19:37.551   601   601 E patchoat: 0x70bd6000-0x70bd7000 rw- /system/framework/arm64/boot.oat
01-01 01:19:37.551   601   601 E patchoat: 0xaac54000-0xaac62000 r-x /system/bin/patchoat
01-01 01:19:37.551   601   601 E patchoat: 0xaac62000-0xaac63000 r-- /system/bin/patchoat
01-01 01:19:37.551   601   601 E patchoat: 0xaac63000-0xaac64000 rw- /system/bin/patchoat
01-01 01:19:37.551   601   601 E patchoat: 0xebad6000-0xebad7000 --- /dev/ashmem/dalvik-Sentinel fault page (deleted)
01-01 01:19:37.551   601   601 E patchoat: 0xf0a00000-0xf0a80000 rw- [anon:libc_malloc]
01-01 01:19:37.551   601   601 E patchoat: 0xf0ac5000-0xf0ac9000 r-x /system/lib/libnetd_client.so
01-01 01:19:37.551   601   601 E patchoat: 0xf0ac9000-0xf0aca000 r-- /system/lib/libnetd_client.so
01-01 01:19:37.551   601   601 E patchoat: 0xf0aca000-0xf0acb000 rw- /system/lib/libnetd_client.so
01-01 01:19:37.551   601   601 E patchoat: 0xf0b00000-0xf0c00000 rw- [anon:libc_malloc]
01-01 01:19:37.551   601   601 E patchoat: 0xf0c1a000-0xf0c2f000 r-x /system/lib/libutils.so
01-01 01:19:37.551   601   601 E patchoat: 0xf0c2f000-0xf0c30000 --- 
01-01 01:19:37.551   601   601 E patchoat: 0xf0c30000-0xf0c31000 r-- /system/lib/libutils.so
01-01 01:19:37.551   601   601 E patchoat: 0xf0c31000-0xf0c32000 rw- /system/lib/libutils.so
01-01 01:19:37.551   601   601 E patchoat: 0xf0c4e000-0xf0c7e000 r-x /system/lib/libdexfile.so
01-01 01:19:37.551   601   601 E patchoat: 0xf0c7e000-0xf0c7f000 r-- /system/lib/libdexfile.so
01-01 01:19:37.551   601   601 E patchoat: 0xf0c7f000-0xf0c80000 rw- /system/lib/libdexfile.so
01-01 01:19:37.551   601   601 E patchoat: 0xf0cb5000-0xf0cb8000 r-x /system/lib/libsigchain.so
01-01 01:19:37.551   601   601 E patchoat: 0xf0cb8000-0xf0cb9000 r-- /system/lib/libsigchain.so
01-01 01:19:37.551   601   601 E patchoat: 0xf0cb9000-0xf0cba000 rw- /system/lib/libsigchain.so
01-01 01:19:37.551   601   601 E patchoat: 0xf0cf5000-0xf0db5000 r-x /system/lib/libcrypto.so
01-01 01:19:37.551   601   601 E patchoat: 0xf0db5000-0xf0dbf000 r-- /system/lib/libcrypto.so
01-01 01:19:37.551   601   601 E patchoat: 0xf0dbf000-0xf0dc0000 rw- /system/lib/libcrypto.so
01-01 01:19:37.551   601   601 E patchoat: 0xf0df7000-0xf0dfb000 r-x /system/lib/libmetricslogger.so
01-01 01:19:37.551   601   601 E patchoat: 0xf0dfb000-0xf0dfc000 r-- /system/lib/libmetricslogger.so
01-01 01:19:37.551   601   601 E patchoat: 0xf0dfc000-0xf0dfd000 rw- /system/lib/libmetricslogger.so
01-01 01:19:37.551   601   601 E patchoat: 0xf0e0d000-0xf0eae000 r-x /system/lib/libc.so
01-01 01:19:37.551   601   601 E patchoat: 0xf0eae000-0xf0eb2000 r-- /system/lib/libc.so
01-01 01:19:37.551   601   601 E patchoat: 0xf0eb2000-0xf0eb4000 rw- /system/lib/libc.so
01-01 01:19:37.551   601   601 E patchoat: 0xf0eb4000-0xf0eb5000 rw- [anon:.bss]
01-01 01:19:37.551   601   601 E patchoat: 0xf0eb5000-0xf0eb6000 r-- [anon:.bss]
01-01 01:19:37.551   601   601 E patchoat: 0xf0eb6000-0xf0ebd000 rw- [anon:.bss]
01-01 01:19:37.552   601   601 E patchoat: 0xf0ec3000-0xf0efb000 r-x /system/lib/libunwindstack.so
01-01 01:19:37.552   601   601 E patchoat: 0xf0efb000-0xf0eff000 r-- /system/lib/libunwindstack.so
01-01 01:19:37.552   601   601 E patchoat: 0xf0eff000-0xf0f00000 rw- /system/lib/libunwindstack.so
01-01 01:19:37.552   601   601 E patchoat: 0xf0f01000-0xf0f21000 r-x /system/lib/libm.so
01-01 01:19:37.552   601   601 E patchoat: 0xf0f21000-0xf0f22000 r-- /system/lib/libm.so
01-01 01:19:37.552   601   601 E patchoat: 0xf0f22000-0xf0f23000 rw- /system/lib/libm.so
01-01 01:19:37.552   601   601 E patchoat: 0xf0f7a000-0xf0f7d000 r-x /system/lib/libvndksupport.so
01-01 01:19:37.552   601   601 E patchoat: 0xf0f7d000-0xf0f7e000 r-- /system/lib/libvndksupport.so
01-01 01:19:37.552   601   601 E patchoat: 0xf0f7e000-0xf0f7f000 rw- /system/lib/libvndksupport.so
01-01 01:19:37.552   601   601 E patchoat: 0xf0f87000-0xf0f9b000 r-x /system/lib/liblog.so
01-01 01:19:37.552   601   601 E patchoat: 0xf0f9b000-0xf0f9c000 r-- /system/lib/liblog.so
01-01 01:19:37.552   601   601 E patchoat: 0xf0f9c000-0xf0f9d000 rw- /system/lib/liblog.so
01-01 01:19:37.552   601   601 E patchoat: 0xf0fea000-0xf0ff1000 r-x /system/lib/libnativehelper.so
01-01 01:19:37.552   601   601 E patchoat: 0xf0ff1000-0xf0ff2000 r-- /system/lib/libnativehelper.so
01-01 01:19:37.552   601   601 E patchoat: 0xf0ff2000-0xf0ff3000 rw- /system/lib/libnativehelper.so
01-01 01:19:37.552   601   601 E patchoat: 0xf1000000-0xf145d000 r-x /system/lib/libart.so
01-01 01:19:37.552   601   601 E patchoat: 0xf145d000-0xf1466000 r-- /system/lib/libart.so
01-01 01:19:37.552   601   601 E patchoat: 0xf1466000-0xf1468000 rw- /system/lib/libart.so
01-01 01:19:37.552   601   601 E patchoat: 0xf1468000-0xf146a000 rw- [anon:.bss]
01-01 01:19:37.552   601   601 E patchoat: 0xf1496000-0xf1497000 r-x /system/lib/libdl.so
01-01 01:19:37.552   601   601 E patchoat: 0xf1497000-0xf1498000 r-- /system/lib/libdl.so
01-01 01:19:37.552   601   601 E patchoat: 0xf1498000-0xf1499000 rw- [anon:.bss]
01-01 01:19:37.552   601   601 E patchoat: 0xf14e9000-0xf14fd000 r-x /system/lib/libbacktrace.so
01-01 01:19:37.552   601   601 E patchoat: 0xf14fd000-0xf14fe000 r-- /system/lib/libbacktrace.so
01-01 01:19:37.552   601   601 E patchoat: 0xf14fe000-0xf14ff000 rw- /system/lib/libbacktrace.so
01-01 01:19:37.552   601   601 E patchoat: 0xf1519000-0xf151e000 r-x /system/lib/libnativebridge.so
01-01 01:19:37.552   601   601 E patchoat: 0xf151e000-0xf151f000 r-- /system/lib/libnativebridge.so
01-01 01:19:37.552   601   601 E patchoat: 0xf151f000-0xf1520000 rw- /system/lib/libnativebridge.so
01-01 01:19:37.552   601   601 E patchoat: 0xf1557000-0xf155e000 r-x /system/lib/libnativeloader.so
01-01 01:19:37.552   601   601 E patchoat: 0xf155e000-0xf155f000 r-- /system/lib/libnativeloader.so
01-01 01:19:37.552   601   601 E patchoat: 0xf155f000-0xf1560000 rw- /system/lib/libnativeloader.so
01-01 01:19:37.552   601   601 E patchoat: 0xf1584000-0xf1593000 r-x /system/lib/libbase.so
01-01 01:19:37.552   601   601 E patchoat: 0xf1593000-0xf1594000 r-- /system/lib/libbase.so
01-01 01:19:37.552   601   601 E patchoat: 0xf1594000-0xf1595000 rw- /system/lib/libbase.so
01-01 01:19:37.552   601   601 E patchoat: 0xf15c8000-0xf15e4000 r-x /system/lib/liblzma.so
01-01 01:19:37.552   601   601 E patchoat: 0xf15e4000-0xf15e5000 r-- /system/lib/liblzma.so
01-01 01:19:37.552   601   601 E patchoat: 0xf15e5000-0xf15e6000 rw- /system/lib/liblzma.so
01-01 01:19:37.552   601   601 E patchoat: 0xf15e6000-0xf15ec000 rw- [anon:.bss]
01-01 01:19:37.552   601   601 E patchoat: 0xf1614000-0xf1624000 r-x /system/lib/liblz4.so
01-01 01:19:37.552   601   601 E patchoat: 0xf1624000-0xf1625000 r-- /system/lib/liblz4.so
01-01 01:19:37.552   601   601 E patchoat: 0xf1625000-0xf1626000 rw- /system/lib/liblz4.so
01-01 01:19:37.552   601   601 E patchoat: 0xf166e000-0xf1673000 r-x /system/lib/libtombstoned_client.so
01-01 01:19:37.552   601   601 E patchoat: 0xf1673000-0xf1674000 --- 
01-01 01:19:37.552   601   601 E patchoat: 0xf1674000-0xf1675000 r-- /system/lib/libtombstoned_client.so
01-01 01:19:37.552   601   601 E patchoat: 0xf1675000-0xf1676000 rw- /system/lib/libtombstoned_client.so
01-01 01:19:37.552   601   601 E patchoat: 0xf169d000-0xf16b5000 r-x /system/lib/libz.so
01-01 01:19:37.552   601   601 E patchoat: 0xf16b5000-0xf16b6000 --- 
01-01 01:19:37.552   601   601 E patchoat: 0xf16b6000-0xf16b7000 r-- /system/lib/libz.so
01-01 01:19:37.552   601   601 E patchoat: 0xf16b7000-0xf16b8000 rw- /system/lib/libz.so
01-01 01:19:37.552   601   601 E patchoat: 0xf16d8000-0xf176b000 r-x /system/lib/libc++.so
01-01 01:19:37.552   601   601 E patchoat: 0xf176b000-0xf176c000 --- 
01-01 01:19:37.552   601   601 E patchoat: 0xf176c000-0xf1771000 r-- /system/lib/libc++.so
01-01 01:19:37.552   601   601 E patchoat: 0xf1771000-0xf1772000 rw- /system/lib/libc++.so
01-01 01:19:37.552   601   601 E patchoat: 0xf1772000-0xf1773000 rw- [anon:.bss]
01-01 01:19:37.552   601   601 E patchoat: 0xf1789000-0xf179e000 r-x /system/lib/libunwind.so
01-01 01:19:37.552   601   601 E patchoat: 0xf179e000-0xf179f000 --- 
01-01 01:19:37.552   601   601 E patchoat: 0xf179f000-0xf17a0000 r-- /system/lib/libunwind.so
01-01 01:19:37.552   601   601 E patchoat: 0xf17a0000-0xf17a1000 rw- /system/lib/libunwind.so
01-01 01:19:37.552   601   601 E patchoat: 0xf17a1000-0xf17e7000 rw- [anon:.bss]
01-01 01:19:37.552   601   601 E patchoat: 0xf1812000-0xf1820000 r-x /system/lib/libcutils.so
01-01 01:19:37.552   601   601 E patchoat: 0xf1820000-0xf1821000 --- 
01-01 01:19:37.552   601   601 E patchoat: 0xf1821000-0xf1822000 r-- /system/lib/libcutils.so
01-01 01:19:37.552   601   601 E patchoat: 0xf1822000-0xf1823000 rw- /system/lib/libcutils.so
01-01 01:19:37.552   601   601 E patchoat: 0xf185f000-0xf1860000 r-- [anon:linker_alloc]
01-01 01:19:37.552   601   601 E patchoat: 0xf1865000-0xf1866000 rw- [anon:linker_alloc_vector]
01-01 01:19:37.552   601   601 E patchoat: 0xf18aa000-0xf18ab000 rw- [anon:linker_alloc_vector]
01-01 01:19:37.552   601   601 E patchoat: 0xf18ab000-0xf18ac000 rw- [anon:linker_alloc_small_objects]
01-01 01:19:37.552   601   601 E patchoat: 0xf18ac000-0xf18ad000 r-- [anon:linker_alloc]
01-01 01:19:37.552   601   601 E patchoat: 0xf18ad000-0xf18ae000 rw- [anon:linker_alloc]
01-01 01:19:37.552   601   601 E patchoat: 0xf18cf000-0xf18d0000 rw- [anon:linker_alloc_vector]
01-01 01:19:37.552   601   601 E patchoat: 0xf18d0000-0xf18d1000 r-- [anon:linker_alloc]
01-01 01:19:37.552   601   601 E patchoat: 0xf18ee000-0xf18ef000 r-- [anon:linker_alloc]
01-01 01:19:37.552   601   601 E patchoat: 0xf1930000-0xf1931000 r-- /system/framework/arm64/boot.oat
01-01 01:19:37.552   601   601 E patchoat: 0xf1933000-0xf1939000 r-- /data/dalvik-cache/arm64/system@framework@boot.art
01-01 01:19:37.552   601   601 E patchoat: 0xf1939000-0xf1959000 r-- /dev/__properties__/u:object_r:debug_prop:s0
01-01 01:19:37.552   601   601 E patchoat: 0xf1959000-0xf195a000 r-- /dev/event-log-tags
01-01 01:19:37.552   601   601 E patchoat: 0xf195a000-0xf1960000 rw- /system/etc/event-log-tags
01-01 01:19:37.552   601   601 E patchoat: 0xf1960000-0xf1961000 r-- [anon:atexit handlers]
01-01 01:19:37.552   601   601 E patchoat: 0xf1961000-0xf1981000 r-- /dev/__properties__/u:object_r:default_prop:s0
01-01 01:19:37.552   601   601 E patchoat: 0xf1981000-0xf19a1000 r-- /dev/__properties__/properties_serial
01-01 01:19:37.552   601   601 E patchoat: 0xf19a1000-0xf19a2000 rw- [anon:System property context nodes]
01-01 01:19:37.552   601   601 E patchoat: 0xf19a2000-0xf19a5000 r-- /dev/__properties__/property_info
01-01 01:19:37.552   601   601 E patchoat: 0xf19a5000-0xf19a6000 rw- [anon:arc4random data]
01-01 01:19:37.552   601   601 E patchoat: 0xf19a6000-0xf19a7000 rw- [anon:linker_alloc]
01-01 01:19:37.552   601   601 E patchoat: 0xf19a7000-0xf19c7000 r-- /dev/__properties__/u:object_r:default_prop:s0
01-01 01:19:37.552   601   601 E patchoat: 0xf19c7000-0xf19c8000 rw- [anon:linker_alloc_vector]
01-01 01:19:37.552   601   601 E patchoat: 0xf19c8000-0xf19c9000 rw- [anon:linker_alloc_small_objects]
01-01 01:19:37.552   601   601 E patchoat: 0xf19c9000-0xf19ca000 rw- [anon:linker_alloc_vector]
01-01 01:19:37.552   601   601 E patchoat: 0xf19ca000-0xf19cb000 rw- [anon:linker_alloc]
01-01 01:19:37.552   601   601 E patchoat: 0xf19cb000-0xf19cc000 r-- [anon:linker_alloc]
01-01 01:19:37.552   601   601 E patchoat: 0xf19cc000-0xf19ec000 r-- /dev/__properties__/u:object_r:debug_prop:s0
01-01 01:19:37.552   601   601 E patchoat: 0xf19ec000-0xf19ed000 --- 
01-01 01:19:37.552   601   601 E patchoat: 0xf19ed000-0xf19ee000 rw- 
01-01 01:19:37.552   601   601 E patchoat: 0xf19ee000-0xf19ef000 --- 
01-01 01:19:37.552   601   601 E patchoat: 0xf19ef000-0xf1a0f000 r-- /dev/__properties__/properties_serial
01-01 01:19:37.552   601   601 E patchoat: 0xf1a0f000-0xf1a10000 rw- [anon:System property context nodes]
01-01 01:19:37.552   601   601 E patchoat: 0xf1a10000-0xf1a13000 r-- /dev/__properties__/property_info
01-01 01:19:37.552   601   601 E patchoat: 0xf1a13000-0xf1a14000 r-- [anon:linker_alloc]
01-01 01:19:37.552   601   601 E patchoat: 0xf1a14000-0xf1a15000 rw- [anon:linker_alloc_vector]
01-01 01:19:37.552   601   601 E patchoat: 0xf1a15000-0xf1a16000 rw- [anon:linker_alloc_small_objects]
01-01 01:19:37.552   601   601 E patchoat: 0xf1a16000-0xf1a17000 rw- [anon:linker_alloc_vector]
01-01 01:19:37.552   601   601 E patchoat: 0xf1a17000-0xf1a18000 rw- [anon:linker_alloc_small_objects]
01-01 01:19:37.552   601   601 E patchoat: 0xf1a18000-0xf1a19000 r-- [anon:atexit handlers]
01-01 01:19:37.552   601   601 E patchoat: 0xf1a19000-0xf1a1a000 --- [anon:thread signal stack guard]
01-01 01:19:37.552   601   601 E patchoat: 0xf1a1a000-0xf1a1e000 rw- [anon:thread signal stack]
01-01 01:19:37.552   601   601 E patchoat: 0xf1a1e000-0xf1a1f000 rw- [anon:arc4random data]
01-01 01:19:37.552   601   601 E patchoat: 0xf1a1f000-0xf1a20000 --- [anon:bionic TLS guard]
01-01 01:19:37.552   601   601 E patchoat: 0xf1a20000-0xf1a23000 rw- [anon:bionic TLS]
01-01 01:19:37.553   601   601 E patchoat: 0xf1a23000-0xf1a24000 --- [anon:bionic TLS guard]
01-01 01:19:37.553   601   601 E patchoat: 0xf1a24000-0xf1ae3000 r-x /system/bin/linker
01-01 01:19:37.553   601   601 E patchoat: 0xf1ae3000-0xf1ae9000 r-- /system/bin/linker
01-01 01:19:37.553   601   601 E patchoat: 0xf1ae9000-0xf1aea000 rw- /system/bin/linker
01-01 01:19:37.553   601   601 E patchoat: 0xf1aea000-0xf1aec000 rw- 
01-01 01:19:37.553   601   601 E patchoat: 0xf1aec000-0xf1aed000 r-- 
01-01 01:19:37.553   601   601 E patchoat: 0xf1aed000-0xf1af3000 rw- 
01-01 01:19:37.553   601   601 E patchoat: 0xff911000-0xff933000 rw- [stack]
01-01 01:19:37.553   601   601 E patchoat: 0xffff0000-0xffff1000 r-x [vectors]
01-01 01:19:37.553   601   601 E patchoat: 
01-01 01:19:37.553   601   601 E patchoat: Attempted image: /system/framework/boot-core-libart.art
01-01 01:19:37.584     0     0 D [    9.097683 / 01-01 01:19:37.575][1] logd: logdr: UID=1000 GID=1003 PID=600 n tail=0 logMask=8 pid=576 start=0ns timeout=0ns
01-01 01:19:37.584     0     0 D [    9.098712 / 01-01 01:19:37.575][1] logd: logdr: UID=1000 GID=1003 PID=600 n tail=0 logMask=1 pid=576 start=0ns timeout=0ns
01-01 01:19:37.592     0     0 I [    9.104914 / 01-01 01:19:37.583][3] init: Untracked pid 600 exited with status 0
01-01 01:19:37.596     0     0 I [    9.108963 / 01-01 01:19:37.587][1] init: Service 'surfaceflinger' (pid 576) received signal 11
01-01 01:19:37.596     0     0 I [    9.108999 / 01-01 01:19:37.587][1] init: Sending signal 9 to service 'surfaceflinger' (pid 576) process group...
01-01 01:19:37.596     0     0 I [    9.109136 / 01-01 01:19:37.587][1] libprocessgroup: Successfully killed process cgroup uid 1000 pid 576 in 0ms
01-01 01:19:37.596     0     0 I [    9.109373 / 01-01 01:19:37.587][1] init: Sending signal 9 to service 'zygote' (pid 568) process group...
01-01 01:19:37.563   601   601 E patchoat: Dex file fallback disabled, cannot continue without image.
01-01 01:19:37.563   601   601 E patchoat: Unable to initialize runtime
01-01 01:19:37.568   568   568 W zygote64: Failed execv(/system/bin/patchoat --input-image-location=/system/framework/boot.art --output-image-directory=/data/dalvik-cache/arm64 --instruction-set=arm64 --verify) because non-0 exit status Preemptively pruning the dalvik cache.
01-01 01:19:37.568   568   568 I zygote64: Pruning dalvik-cache since we are relocating an image and will need to recompile
01-01 01:19:37.568   568   568 I zygote64: RelocateImage: /system/bin/patchoat --input-image-location=/system/framework/boot.art --output-image-directory=/data/dalvik-cache/arm64 --instruction-set=arm64 --base-offset-delta=-16515072
01-01 01:19:37.580   589   589 I cameraserver: ServiceManager: 0xf029c100
01-01 01:19:37.580   589   589 I CameraService: CameraService started (pid=589)
01-01 01:19:37.580   589   589 I CameraService: CameraService process starting
01-01 01:19:37.586   600   600 E crash_dump64: unable to connect to activity manager: No such file or directory
01-01 01:19:37.587   459   459 E /system/bin/tombstoned: Tombstone written to: /data/tombstones/tombstone_20
01-01 01:19:37.588   589   589 W BatteryNotifier: batterystats service unavailable!
01-01 01:19:37.589   589   589 W BatteryNotifier: batterystats service unavailable!
01-01 01:19:37.590   589   589 E cutils-trace: Error opening trace file: Permission denied (13)
01-01 01:19:37.593   589   589 D vndksupport: Loading /vendor/lib/hw/android.hardware.camera.provider@2.4-impl.so from current namespace instead of sphal namespace.
01-01 01:19:37.600     0     0 I [    9.114819 / 01-01 01:19:37.591][3] libprocessgroup: Successfully killed process cgroup uid 0 pid 568 in 5ms
01-01 01:19:37.604     0     0 I [    9.115645 / 01-01 01:19:37.595][3] init: Service 'zygote' (pid 568) received signal 9
01-01 01:19:37.604     0     0 I [    9.116363 / 01-01 01:19:37.595][3] init: Command 'write /sys/power/state on' action=onrestart (<Service 'zygote' onrestart>:2) took 0ms and failed: Unable to write to file '/sys/power/state': Unable to write file contents: Invalid argument
01-01 01:19:37.604     0     0 I [    9.116419 / 01-01 01:19:37.595][3] init: Sending signal 9 to service 'audioserver' (pid 575) process group...
01-01 01:19:37.611   604   604 E patchoat: Unable to open relocated image file  /data/dalvik-cache/arm/system@framework@boot.art
01-01 01:19:37.616     0     0 I [    9.127082 / 01-01 01:19:37.607][2] libprocessgroup: Successfully killed process cgroup uid 1041 pid 575 in 10ms
01-01 01:19:37.616     0     0 I [    9.127358 / 01-01 01:19:37.607][2] init: Sending signal 9 to service 'cameraserver' (pid 589) process group...
01-01 01:19:37.617   569   569 W zygote  : Failed execv(/system/bin/patchoat --input-image-location=/system/framework/boot.art --output-image-directory=/data/dalvik-cache/arm --instruction-set=arm --verify) because non-0 exit status Preemptively pruning the dalvik cache.
01-01 01:19:37.617   569   569 I zygote  : Pruning dalvik-cache since we are relocating an image and will need to recompile
01-01 01:19:37.620     0     0 I [    9.132747 / 01-01 01:19:37.611][2] libprocessgroup: Successfully killed process cgroup uid 1047 pid 589 in 5ms
01-01 01:19:37.621     0     0 I [    9.133026 / 01-01 01:19:37.611][2] init: Sending signal 9 to service 'media' (pid 590) process group...
01-01 01:19:37.618   569   569 I zygote  : RelocateImage: /system/bin/patchoat --input-image-location=/system/framework/boot.art --output-image-directory=/data/dalvik-cache/arm --instruction-set=arm --base-offset-delta=8482816
01-01 01:19:37.624     0     0 I [    9.138427 / 01-01 01:19:37.615][3] libprocessgroup: Successfully killed process cgroup uid 1013 pid 590 in 5ms
01-01 01:19:37.624     0     0 I [    9.138666 / 01-01 01:19:37.615][3] init: Sending signal 9 to service 'netd' (pid 570) process group...
01-01 01:19:37.626   401   401 I ServiceManager: service 'netd' died
01-01 01:19:37.631   401   401 I ServiceManager: service 'wificond' died
01-01 01:19:37.632     0     0 I [    9.144265 / 01-01 01:19:37.623][3] libprocessgroup: Successfully killed process cgroup uid 0 pid 570 in 5ms
01-01 01:19:37.632     0     0 I [    9.144560 / 01-01 01:19:37.623][3] init: Sending signal 9 to service 'wificond' (pid 591) process group...
01-01 01:19:37.636     0     0 I [    9.150007 / 01-01 01:19:37.627][3] libprocessgroup: Successfully killed process cgroup uid 1010 pid 591 in 5ms
01-01 01:19:37.640     0     0 I [    9.151130 / 01-01 01:19:37.631][3] init: Service 'netd' (pid 570) received signal 9
01-01 01:19:37.640     0     0 I [    9.151317 / 01-01 01:19:37.631][3] init: Sending signal 9 to service 'zygote_secondary' (pid 569) process group...
01-01 01:19:37.644     0     0 I [    9.156758 / 01-01 01:19:37.635][3] libprocessgroup: Successfully killed process cgroup uid 0 pid 569 in 5ms
01-01 01:19:37.644     0     0 I [    9.157412 / 01-01 01:19:37.635][3] init: Service 'zygote_secondary' (pid 569) received signal 9
01-01 01:19:37.644     0     0 I [    9.158157 / 01-01 01:19:37.635][3] init: Service 'audioserver' (pid 575) received signal 9
01-01 01:19:37.644     0     0 I [    9.158224 / 01-01 01:19:37.635][3] init: Command 'restart vendor.audio-hal-2-0' action=onrestart (<Service 'audioserver' onrestart>:1) took 0ms and failed: service vendor.audio-hal-2-0 not found
01-01 01:19:37.644     0     0 I [    9.158260 / 01-01 01:19:37.635][3] init: Command 'restart audio-hal-2-0' action=onrestart (<Service 'audioserver' onrestart>:2) took 0ms and failed: service audio-hal-2-0 not found
01-01 01:19:37.644     0     0 I [    9.159007 / 01-01 01:19:37.639][3] init: Service 'cameraserver' (pid 589) received signal 9
01-01 01:19:37.648     0     0 I [    9.159546 / 01-01 01:19:37.639][3] init: Service 'media' (pid 590) received signal 9
01-01 01:19:37.648     0     0 I [    9.160161 / 01-01 01:19:37.639][3] init: Service 'wificond' (pid 591) received signal 9
01-01 01:19:37.648     0     0 I [    9.160433 / 01-01 01:19:37.639][3] init: Untracked pid 603 exited with status 0
01-01 01:19:37.648     0     0 I [    9.160504 / 01-01 01:19:37.639][3] init: Untracked pid 607 received signal 9
01-01 01:19:37.648     0     0 I [    9.160679 / 01-01 01:19:37.639][3] init: Untracked pid 571 received signal 9
01-01 01:19:37.648     0     0 I [    9.160767 / 01-01 01:19:37.639][3] init: Untracked pid 572 received signal 9
01-01 01:19:37.648     0     0 I [    9.160854 / 01-01 01:19:37.639][3] init: Untracked pid 612 received signal 9
01-01 01:19:37.648     0     0 I [    9.161300 / 01-01 01:19:37.639][3] init: processing action (init.svc.zygote=stopping) from (/system/etc/init/bootstat.rc:66)
01-01 01:19:37.788   440   440 W ServiceManagement: Waited one second for android.hardware.thermal@1.1::IThermal/default. Waiting another...
01-01 01:19:38.631     0     0 I         : [   10.142897 / 01-01 01:19:38.623][0] pet_watchdog
01-01 01:19:41.952     0     0 I [   13.464652 / 01-01 01:19:41.947][3] init: starting service 'zygote'...
01-01 01:19:41.952     0     0 I [   13.465650 / 01-01 01:19:41.947][3] init: starting service 'zygote_secondary'...
01-01 01:19:41.952     0     0 I [   13.465875 / 01-01 01:19:41.947][0] init: Created socket '/dev/socket/zygote', mode 660, user 0, group 1000
01-01 01:19:41.952     0     0 I [   13.466664 / 01-01 01:19:41.947][3] init: starting service 'netd'...
01-01 01:19:41.952     0     0 I [   13.466749 / 01-01 01:19:41.947][1] init: Created socket '/dev/socket/zygote_secondary', mode 660, user 0, group 1000
01-01 01:19:41.956     0     0 I [   13.469528 / 01-01 01:19:41.947][3] init: Created socket '/dev/socket/netd', mode 660, user 0, group 1000
01-01 01:19:41.956     0     0 I [   13.470094 / 01-01 01:19:41.947][3] init: Created socket '/dev/socket/dnsproxyd', mode 660, user 0, group 3003
01-01 01:19:41.956     0     0 I [   13.470581 / 01-01 01:19:41.947][3] init: Created socket '/dev/socket/mdns', mode 660, user 0, group 1000
01-01 01:19:41.960     0     0 I [   13.471116 / 01-01 01:19:41.951][3] init: Created socket '/dev/socket/fwmarkd', mode 660, user 0, group 3003
01-01 01:19:40.788   440   440 I chatty  : uid=1000(system) /system/bin/thermalserviced identical 3 lines
01-01 01:19:41.788   440   440 W ServiceManagement: Waited one second for android.hardware.thermal@1.1::IThermal/default. Waiting another...
01-01 01:19:42.013   615   615 I Netd    : Netd 1.0 starting
01-01 01:19:42.013   615   615 D TetherController: Setting IP forward enable = 0
01-01 01:19:42.015   615   615 E         : Cannot determine initial API level of the device
01-01 01:19:42.028     0     0 I [   13.540051 / 01-01 01:19:42.019][3] init: starting service 'vendor.nfc_hal_service'...
01-01 01:19:42.040     0     0 I [   13.548686 / 01-01 01:19:42.027][2] init: starting service 'audioserver'...
01-01 01:19:42.040     0     0 I [   13.553361 / 01-01 01:19:42.031][2] init: starting service 'surfaceflinger'...
01-01 01:19:42.040     0     0 I [   13.554551 / 01-01 01:19:42.031][2] init: processing action (init.svc.surfaceflinger=running) from (/init.qcom.rc:733)
01-01 01:19:42.040     0     0 I [   13.555064 / 01-01 01:19:42.035][2] init: Command 'start ppd' action=init.svc.surfaceflinger=running (/init.qcom.rc:734) took 0ms and failed: Could not start service: File /system/vendor/bin/mm-pp-daemon(labeled "u:object_r:vendor_file:s0") has incorrect label or no domain transition from u:r:init:s0 to another SELinux domain defined. Have you configured your service correctly? https://source.android.com/security/selinux/device-policy#label_new_services_and_address_denials
01-01 01:19:42.042   615   615 I Netd    : Creating child chains: 24.6ms
01-01 01:19:42.042   615   615 I Netd    : Setting up OEM hooks: 0.1ms
01-01 01:19:42.050   615   615 I Netd    : Setting up FirewallController hooks: 7.2ms
01-01 01:19:42.052     0     0 E [   13.566671 / 01-01 01:19:42.043][3] init: Failed to bind socket 'pdx/system/vr/display/client': No such file or directory
01-01 01:19:42.056     0     0 W [   13.568992 / 01-01 01:19:42.047][2] do_ni_syscall: 5 callbacks suppressed
01-01 01:19:42.056     0     0 I [   13.569010 / 01-01 01:19:42.047][2] audioserver[620]: syscall 384
01-01 01:19:42.056     0     0 W [   13.569022 / 01-01 01:19:42.047][2] Code: ea0016e8 e1a0c007 e3a07d06 ef000000 (e1a0700c)
01-01 01:19:42.056     0     0 W [   13.569033 / 01-01 01:19:42.047][2] CPU: 2 PID: 620 Comm: audioserver Not tainted 3.10.108-gfb077f2 #2
01-01 01:19:42.056     0     0 W         : [   13.569042 / 01-01 01:19:42.047][2] Hardware name: Qualcomm Technologies, Inc. MSM8992 P1 GLOBAL COM (DT)
01-01 01:19:42.056     0     0 W [   13.569052 / 01-01 01:19:42.047][2] task: ffffffc0ba82b000 ti: ffffffc0b7f34000 task.ti: ffffffc0b7f34000
01-01 01:19:42.056     0     0 W         : [   13.569062 / 01-01 01:19:42.047][2] PC is at 0xeef2e8e8
01-01 01:19:42.056     0     0 W         : [   13.569070 / 01-01 01:19:42.047][2] LR is at 0xeef280ab
01-01 01:19:42.056     0     0 W [   13.569079 / 01-01 01:19:42.047][2] pc: [<00000000eef2e8e8>] lr : [<00000000eef280ab>] pstate: 20000010
01-01 01:19:42.056     0     0 W [   13.569087 / 01-01 01:19:42.047][2] sp: 00000000ffc87000
01-01 01:19:42.056     0     0 W [   13.569095 / 01-01 01:19:42.047][2] x12: 0000000000000028
01-01 01:19:42.056     0     0 W [   13.569101 / 01-01 01:19:42.047][2] x11: 0000000000000000 x10: 0000000000000000
01-01 01:19:42.056     0     0 W [   13.569109 / 01-01 01:19:42.047][2] x9: 0000000000000028 x8 : 00000000ffc87028
01-01 01:19:42.056     0     0 W [   13.569117 / 01-01 01:19:42.047][2] x7: 0000000000000180 x6 : 00000000ffc87028
01-01 01:19:42.056     0     0 W [   13.569125 / 01-01 01:19:42.047][2] x5: 0000000000000000 x4 : 00000000eef5c4ec
01-01 01:19:42.056     0     0 W [   13.569133 / 01-01 01:19:42.047][2] x3: 0000000000000000 x2 : 0000000000000001
01-01 01:19:42.056     0     0 W [   13.569140 / 01-01 01:19:42.047][2] x1: 0000000000000028 x0 : 00000000ffc87028
01-01 01:19:42.056     0     0 W         : [   13.569147 / 01-01 01:19:42.047][2]
01-01 01:19:42.056     0     0 E [   13.569438 / 01-01 01:19:42.047][3] init: Failed to bind socket 'pdx/system/vr/display/manager': No such file or directory
01-01 01:19:42.056     0     0 E [   13.569808 / 01-01 01:19:42.047][3] init: Failed to bind socket 'pdx/system/vr/display/vsync': No such file or directory
01-01 01:19:42.060   615   615 I Netd    : Setting up TetherController hooks: 10.9ms
01-01 01:19:42.063   615   615 I Netd    : Setting up BandwidthController hooks: 2.9ms
01-01 01:19:42.063   615   615 I Netd    : Setting up IdletimerController hooks: 0.1ms
01-01 01:19:42.063   615   615 I Netd    : initializing traffic control: 0.0ms
01-01 01:19:42.070   615   615 I Netd    : Disabling bandwidth control: 6.8ms
01-01 01:19:42.071   615   615 E Netd    : Error adding route 0.0.0.0/0 -> (null) dummy0 to table 1002: File exists
01-01 01:19:42.072   615   615 I Netd    : Initializing RouteController: 1.6ms
01-01 01:19:42.072   615   615 D XfrmController: Sending Netlink XFRM Message: XFRM_MSG_FLUSHSA
01-01 01:19:42.072   615   615 D XfrmController: Sending Netlink XFRM Message: XFRM_MSG_FLUSHPOLICY
01-01 01:19:42.072   615   615 I Netd    : Initializing XfrmController: 0.4ms
01-01 01:19:42.073   615   615 D MDnsDS  : MDnsSdListener::Hander starting up
01-01 01:19:42.074   615   615 I Netd    : Registering NetdNativeService: 0.8ms
