01-01 01:12:42.079   509   509 W DeviceHAL: Error from HAL Device in function open_input_stream: Invalid argument
01-01 01:12:42.079   509   509 D audio_hw_primary: adev_open_input_stream: enter: sample_rate(48000) channel_mask(0xc) devices(0x80000040)        stream_handle(0xf4ab2700) io_handle(22) source(1)
01-01 01:12:42.079   509   509 W DeviceHAL: Error from HAL Device in function open_input_stream: Invalid argument
01-01 01:12:42.079   509   509 W APM_AudioPolicyManager: Cannot open input stream for device 80000040 on hw module primary
01-01 01:12:42.084     0     0 E         : [    5.557148 / 01-01 01:12:42.079][0] Hotplug policy switch err. Task init pid=1
01-01 01:12:42.084     0     0 I [    5.557251 / 01-01 01:12:42.079][0] init: Command 'write /sys/devices/system/cpu/cpu1/online 1' action=boot (/init.qcom.rc:143) took 1ms and failed: Unable to write to file '/sys/devices/system/cpu/cpu1/online': Unable to write file contents: Invalid argument
01-01 01:12:42.088     0     0 I [    5.557821 / 01-01 01:12:42.083][0] init: Received control message 'interface_start' for 'android.hardware.thermal@1.1::IThermal/default' from pid: 403 (/system/bin/hwservicemanager)
01-01 01:12:42.088     0     0 E [    5.557870 / 01-01 01:12:42.083][0] init: Could not find service hosting interface android.hardware.thermal@1.1::IThermal/default
01-01 01:12:42.088     0     0 I [    5.558464 / 01-01 01:12:42.083][0] msm_thermal: store_cc_enabled Core control enabled
01-01 01:12:42.092     0     0 I [    5.563788 / 01-01 01:12:42.087][0] init: Service 'lge-sensor-sh' (pid 508) exited with status 0
01-01 01:12:42.092     0     0 E [    5.565321 / 01-01 01:12:42.087][0] init: Init cannot set 'ro.telephony.call_ring.multiple' to 'false': Read-only property was already set
01-01 01:12:42.104     0     0 W         : [    5.574433 / 01-01 01:12:42.099][4] [RGB LED] Play pattern 0, (PATTERN_SCENARIO_DEFAULT_OFF)
01-01 01:12:42.104     0     0 I [    5.574921 / 01-01 01:12:42.099][4] init: processing action (boot) from (init.qcom.usb.rc:32)
01-01 01:12:42.104     0     0 I [    5.576691 / 01-01 01:12:42.099][4] init: processing action (boot) from (init.qcom.power.rc:1)
01-01 01:12:42.106   499   499 I android.hardware.wifi@1.0-service: Wifi Hal is booting up...
01-01 01:12:42.107   499   499 I ServiceManagement: Removing namespace from process name android.hardware.wifi@1.0-service to wifi@1.0-service.
01-01 01:12:42.108     0     0 I [    5.581243 / 01-01 01:12:42.103][4] init: processing action (boot) from (/system/etc/init/bootstat.rc:61)
01-01 01:12:42.108     0     0 I [    5.581323 / 01-01 01:12:42.103][4] init: processing action (boot) from (/system/etc/init/dumpstate.rc:1)
01-01 01:12:42.108     0     0 I [    5.581471 / 01-01 01:12:42.103][4] init: processing action (enable_property_trigger) from (<Builtin Action>:0)
01-01 01:12:42.108     0     0 I [    5.581681 / 01-01 01:12:42.107][4] init: processing action (security.perf_harden=0) from (/init.rc:736)
01-01 01:12:42.110     0     0 I [    6.319212 / 01-01 01:12:42.103][1] msm_thermal: store_cc_enabled Core control disabled
01-01 01:12:42.110     0     0 I [    6.320178 / 01-01 01:12:42.103][1] mode_store: bcl disabled
01-01 01:12:42.112     0     0 I [    5.582214 / 01-01 01:12:42.107][4] init: processing action (ro.debuggable=1) from (/init.rc:763)
01-01 01:12:42.112     0     0 I [    5.582626 / 01-01 01:12:42.107][4] init: starting service 'console'...
01-01 01:12:42.112     0     0 E [    5.583715 / 01-01 01:12:42.107][1] init: setpgid failed for console: Operation not permitted
01-01 01:12:42.112     0     0 I [    5.583802 / 01-01 01:12:42.107][4] init: processing action (sys.usb.config=adb && sys.usb.configfs=0) from (/init.usb.rc:34)
01-01 01:12:42.112     0     0 I         : [    5.584814 / 01-01 01:12:42.107][4] android_usb android0: gadget enable(0)
01-01 01:12:42.112     0     0 E [    5.584828 / 01-01 01:12:42.107][4] enable_store: android_usb: already disabled
01-01 01:12:42.114     0     0 W [    6.322571 / 01-01 01:12:42.107][0] healthd: battery l=70 v=3870 t=23.1 h=2 st=2 c=294 chg=u
01-01 01:12:42.126     0     0 I [    6.337182 / 01-01 01:12:42.119][1] hotplug_mask_store: bcl hotplug mask updated to 0
01-01 01:12:42.141   509   509 I bt_a2dp_hw: adev_open:  adev_open in A2dp_hw module
01-01 01:12:42.141   509   509 I AudioFlinger: loadHwModule() Loaded a2dp audio interface, handle 18
01-01 01:12:42.141   509   509 D vndksupport: Loading /vendor/lib/hw/audio.usb.default.so from current namespace instead of sphal namespace.
01-01 01:12:42.145   509   509 I AudioFlinger: loadHwModule() Loaded usb audio interface, handle 26
01-01 01:12:42.145   509   509 D vndksupport: Loading /vendor/lib/hw/audio.r_submix.default.so from current namespace instead of sphal namespace.
01-01 01:12:42.149   509   509 I r_submix: adev_open(name=audio_hw_if)
01-01 01:12:42.150   509   509 I r_submix: adev_init_check()
01-01 01:12:42.150   509   509 W DeviceHAL: Error from HAL Device in function set_master_mute: Function not implemented
01-01 01:12:42.150   509   509 I AudioFlinger: loadHwModule() Loaded r_submix audio interface, handle 34
01-01 01:12:42.150   509   509 D r_submix: adev_open_input_stream(addr=0)
01-01 01:12:42.150   509   509 D r_submix: submix_audio_device_create_pipe_l(addr=0, idx=9)
01-01 01:12:42.150   509   509 D r_submix:   now using address 0 for route 9
01-01 01:12:42.150   509   668 I AudioFlinger: AudioFlinger's thread 0xf2e03fc0 tid=668 ready to run
01-01 01:12:42.151   509   509 D r_submix: adev_close_input_stream()
01-01 01:12:42.151   509   509 D r_submix: submix_audio_device_release_pipe_l(idx=9) addr=0
01-01 01:12:42.151   509   509 D r_submix: submix_audio_device_destroy_pipe_l(): pipe destroyed
01-01 01:12:42.151   509   509 W APM_AudioPolicyManager: Input device 80000080 unreachable
01-01 01:12:42.151   509   509 W APM_AudioPolicyManager: Input device 80000040 unreachable
01-01 01:12:42.151   509   509 D AudioPolicyManagerCustom: USE_XML_AUDIO_POLICY_CONF is TRUE
01-01 01:12:42.151     0     0 I [    6.356624 / 01-01 01:12:42.139][0] hotplug_soc_mask_store: bcl soc hotplug mask updated to 0
01-01 01:12:42.152     0     0 I [    6.357958 / 01-01 01:12:42.143][0] mode_store: bcl enabled
01-01 01:12:42.152     0     0 W         : [    6.359057 / 01-01 01:12:42.143][5] IRQ32 no longer affine to CPU5
01-01 01:12:42.152     0     0 W         : [    6.359062 / 01-01 01:12:42.143][5] IRQ33 no longer affine to CPU5
01-01 01:12:42.152     0     0 W         : [    6.359065 / 01-01 01:12:42.143][5] IRQ34 no longer affine to CPU5
01-01 01:12:42.152     0     0 W         : [    6.359069 / 01-01 01:12:42.143][5] IRQ36 no longer affine to CPU5
01-01 01:12:42.152     0     0 W         : [    6.359073 / 01-01 01:12:42.143][5] IRQ37 no longer affine to CPU5
01-01 01:12:42.152     0     0 W         : [    6.359076 / 01-01 01:12:42.143][5] IRQ38 no longer affine to CPU5
01-01 01:12:42.152     0     0 W         : [    6.359079 / 01-01 01:12:42.143][5] IRQ39 no longer affine to CPU5
01-01 01:12:42.152     0     0 W         : [    6.359082 / 01-01 01:12:42.143][5] IRQ41 no longer affine to CPU5
01-01 01:12:42.152     0     0 W         : [    6.359085 / 01-01 01:12:42.143][5] IRQ42 no longer affine to CPU5
01-01 01:12:42.152     0     0 W         : [    6.359088 / 01-01 01:12:42.143][5] IRQ43 no longer affine to CPU5
01-01 01:12:42.152     0     0 I [    6.360143 / 01-01 01:12:42.143][1] CPU5: shutdown
01-01 01:12:42.152     0     0 E         : [    6.361133 / 01-01 01:12:42.143][1] Hotplug policy switch err. Task init.qcom.post_ pid=600
01-01 01:12:42.152     0     0 W [    6.361217 / 01-01 01:12:42.143][0] healthd: battery l=70 v=3870 t=23.1 h=2 st=2 c=294 chg=u
01-01 01:12:42.152     0     0 W [    6.362718 / 01-01 01:12:42.147][0] healthd: battery l=70 v=3870 t=23.1 h=2 st=2 c=294 chg=u
01-01 01:12:42.152   509   509 I         : Waiting for activity service
01-01 01:12:42.158   538   538 E         : The file /persist/bluetooth/.bt_nv.bin doesn't exist or empty or addr is random 1...
01-01 01:12:42.158   502   502 E         : The file /persist/bluetooth/.bt_nv.bin doesn't exist or empty or addr is random 1...
01-01 01:12:42.158   538   538 E         : bt_qmi_dms_init: Not able to get dms service handle
01-01 01:12:42.158   538   538 E         : QMI initialization failed in 1 try...
01-01 01:12:42.158   502   502 E         : bt_qmi_dms_init: Not able to get dms service handle
01-01 01:12:42.158   502   502 E         : QMI initialization failed in 1 try...
01-01 01:12:42.162     0     0 I [    6.373440 / 01-01 01:12:42.155][0] android_work: android_work: sent uevent USB_STATE=CONNECTED
01-01 01:12:42.166     0     0 I [    6.377417 / 01-01 01:12:42.159][0] android_work: android_work: sent uevent USB_STATE=DISCONNECTED
01-01 01:12:42.167   581   581 E ThermalEngine: Daemon : persist.sys.thermald_miti_off = 
01-01 01:12:42.167   581   581 E ThermalEngine: Daemon : ro.lge.panel_type = 0
01-01 01:12:42.168   581   581 I ThermalEngine: devices_manager_init: Init
01-01 01:12:42.168   581   581 I ThermalEngine: Number of gpus :1
01-01 01:12:42.168   581   581 I Thermal-IOCTL: KTM IOCTL interface "/dev/msm_thermal_query" opened
01-01 01:12:42.168   581   581 E ThermalEngine: update_cpu_topology: Cluster Info[0]. Cluster Id: 0 cpu_bits:0xf sync:1
01-01 01:12:42.168   581   581 E ThermalEngine: update_cpu_topology: Cluster Info[1]. Cluster Id: 1 cpu_bits:0x30 sync:1
01-01 01:12:42.169   581   581 I ThermalEngine: vdd_rstr_init: Init KTM VDD RSTR enabled: 0
01-01 01:12:42.171     0     0 I [    6.377777 / 01-01 01:12:42.163][5] CPU5: Booted secondary processor
01-01 01:12:42.171     0     0 E         : [    6.379460 / 01-01 01:12:42.163][0] Hotplug policy switch err. Task init.qcom.post_ pid=600
01-01 01:12:42.171     0     0 I [    6.380493 / 01-01 01:12:42.163][2] init: Received control message 'start' for 'qti' from pid: 629 (start qti)
01-01 01:12:42.171     0     0 I [    6.381156 / 01-01 01:12:42.163][2] init: Service 'irsc_util' (pid 576) exited with status 0
01-01 01:12:42.172   581   581 I ThermalEngine: sensors_manager_init: Init
01-01 01:12:42.173   564   631 I adbd    : functionfs successfully initialized
01-01 01:12:42.173   564   631 I adbd    : registering usb transport
01-01 01:12:42.174     0     0 I [    6.382330 / 01-01 01:12:42.167][2] init: Service 'energy-awareness' (pid 583) exited with status 0
01-01 01:12:42.178     0     0 I [    6.386440 / 01-01 01:12:42.171][2] init: processing action (sys.ims.QMI_DAEMON_STATUS=1) from (/init.qcom.rc:643)
01-01 01:12:42.179     0     0 I [    6.387059 / 01-01 01:12:42.171][2] init: starting service 'imsdatadaemon'...
01-01 01:12:42.179     0     0 I [    6.388865 / 01-01 01:12:42.171][5] init: Created socket '/dev/socket/ims_datad', mode 660, user 1000, group 1001
01-01 01:12:42.180   493   493 I ServiceManagement: Removing namespace from process name android.hardware.radio.config@1.0-service to config@1.0-service.
01-01 01:12:42.182   493   493 D android.hardware.radio.config@1.0-service: Default service is ready.
01-01 01:12:42.190   581   581 I ThermalEngine: Loading config file for virtual sensor
01-01 01:12:42.190   581   581 I ThermalEngine: Loading configuration file /system/etc/thermal-engine-8992.conf
01-01 01:12:42.191   511   511 I ConfigStore: android::hardware::configstore::V1_0::ISurfaceFlingerConfigs::startGraphicsAllocatorService retrieved: 0
01-01 01:12:42.192   511   511 I SurfaceFlinger: Using HWComposer service: 'default'
01-01 01:12:42.192   511   511 I SurfaceFlinger: SurfaceFlinger is starting
01-01 01:12:42.193   403   403 I chatty  : uid=1000(system) hwservicemanage identical 43 lines
01-01 01:12:42.194     0     0 I [    6.402053 / 01-01 01:12:42.187][2] init: Received control message 'start' for 'netmgrd' from pid: 676 (start netmgrd)
01-01 01:12:42.194     0     0 I [    6.402747 / 01-01 01:12:42.187][2] init: starting service 'netmgrd'...
01-01 01:12:42.194   511   511 I ConfigStore: android::hardware::configstore::V1_0::ISurfaceFlingerConfigs::vsyncEventPhaseOffsetNs retrieved: 1000000 (default)
01-01 01:12:42.195   511   511 I ConfigStore: android::hardware::configstore::V1_0::ISurfaceFlingerConfigs::vsyncSfEventPhaseOffsetNs retrieved: 1000000 (default)
01-01 01:12:42.195   442   442 D AndroidRuntime: >>>>>> START com.android.internal.os.ZygoteInit uid 0 <<<<<<
01-01 01:12:42.195   442   442 I boot_progress_start: 5662
01-01 01:12:42.195   511   511 I ConfigStore: android::hardware::configstore::V1_0::ISurfaceFlingerConfigs::hasSyncFramework retrieved: 1
01-01 01:12:42.195   511   511 I ConfigStore: android::hardware::configstore::V1_0::ISurfaceFlingerConfigs::presentTimeOffsetFromVSyncNs retrieved: 0
01-01 01:12:42.195   511   511 I ConfigStore: android::hardware::configstore::V1_0::ISurfaceFlingerConfigs::useHwcForRGBtoYUV retrieved: 1
01-01 01:12:42.196   511   511 I ConfigStore: android::hardware::configstore::V1_0::ISurfaceFlingerConfigs::maxVirtualDisplaySize retrieved: 0 (default)
01-01 01:12:42.196   511   511 I ConfigStore: android::hardware::configstore::V1_0::ISurfaceFlingerConfigs::useVrFlinger retrieved: 0 (default)
01-01 01:12:42.196   511   511 I ConfigStore: android::hardware::configstore::V1_0::ISurfaceFlingerConfigs::maxFrameBufferAcquiredBuffers retrieved: 2 (default)
01-01 01:12:42.196   403   403 I snet_event_log: [121035042,-1,]
01-01 01:12:42.198   403   403 W hwservicemanager: getTransport: Cannot find entry vendor.display.config@1.7::IDisplayConfig/default in either framework or device manifest.
01-01 01:12:42.198   403   403 I snet_event_log: [121035042,-1,]
01-01 01:12:42.198   443   443 I zygote  : VerifyImage: /system/bin/patchoat --input-image-location=/system/framework/boot.art --output-image-directory=/data/dalvik-cache/arm --instruction-set=arm --verify
01-01 01:12:42.198     0     0 I [    6.406804 / 01-01 01:12:42.191][2] init: Service 'qcom-c_main-sh' (pid 577) exited with status 0
01-01 01:12:42.199   511   511 I ConfigStore: android::hardware::configstore::V1_0::ISurfaceFlingerConfigs::hasWideColorDisplay retrieved: 0
01-01 01:12:42.200     0     0 I         : [    5.670069 / 01-01 01:12:42.195][4] android_usb android0: LGE-USB request function list: adb
01-01 01:12:42.200     0     0 I         : [    5.670649 / 01-01 01:12:42.195][4] android_usb android0: gadget enable(1)
01-01 01:12:42.200     0     0 I [    5.670882 / 01-01 01:12:42.195][4] init: Service 'qcom-usb-sh' (pid 505) exited with status 0
01-01 01:12:42.200     0     0 I [    5.671248 / 01-01 01:12:42.195][4] init: starting service 'adbd'...
01-01 01:12:42.200     0     0 I [    5.672541 / 01-01 01:12:42.195][4] init: Received control message 'interface_start' for 'vendor.display.config@1.7::IDisplayConfig/default' from pid: 403 (/system/bin/hwservicemanager)
01-01 01:12:42.200     0     0 E [    5.672580 / 01-01 01:12:42.195][4] init: Could not find service hosting interface vendor.display.config@1.7::IDisplayConfig/default
01-01 01:12:42.200     0     0 I [    5.672677 / 01-01 01:12:42.195][4] init: processing action (init.svc.surfaceflinger=running) from (/init.qcom.rc:721)
01-01 01:12:42.200     0     0 I [    5.672836 / 01-01 01:12:42.195][4] init: starting service 'ppd'...
01-01 01:12:42.201   511   511 I ConfigStore: android::hardware::configstore::V1_1::ISurfaceFlingerConfigs::primaryDisplayOrientation retrieved: ORIENTATION_0 (default)
01-01 01:12:42.201   511   511 I SurfaceFlinger: Enabling HWC virtual displays
01-01 01:12:42.201   511   511 I SurfaceFlinger: Disabling Triple Buffering
01-01 01:12:42.201   511   511 I SurfaceFlinger: Treble testing override: 'false'
01-01 01:12:42.202   511   511 W SurfaceFlinger: Unable to open libdolphin.so: dlopen failed: library "libdolphin.so" not found.
01-01 01:12:42.203   403   403 W hwservicemanager: getTransport: Cannot find entry vendor.display.config@1.2::IDisplayConfig/default in either framework or device manifest.
01-01 01:12:42.204   403   403 W hwservicemanager: getTransport: Cannot find entry vendor.display.config@1.6::IDisplayConfig/default in either framework or device manifest.
01-01 01:12:42.204     0     0 I [    5.674192 / 01-01 01:12:42.199][4] init: processing action (ro.data.large_tcp_window_size=true) from (/init.qcom.rc:818)
01-01 01:12:42.205     0     0 I [    5.674217 / 01-01 01:12:42.199][0] init: Created socket '/dev/socket/adbd', mode 660, user 1000, group 1000
01-01 01:12:42.205     0     0 I [    5.675081 / 01-01 01:12:42.199][1] init: Created socket '/dev/socket/pps', mode 660, user 1000, group 1000
01-01 01:12:42.205     0     0 I [    5.675404 / 01-01 01:12:42.199][4] init: processing action (ro.data.large_tcp_window_size=true) from (/init.qcom.rc:871)
01-01 01:12:42.205     0     0 I [    5.675852 / 01-01 01:12:42.199][4] init: processing action (init.svc.per_mgr=running) from (/init.qcom.rc:944)
01-01 01:12:42.205     0     0 I [    5.676201 / 01-01 01:12:42.199][4] init: starting service 'per_proxy'...
01-01 01:12:42.205     0     0 I [    5.677471 / 01-01 01:12:42.199][4] init: Received control message 'interface_start' for 'vendor.display.config@1.2::IDisplayConfig/default' from pid: 403 (/system/bin/hwservicemanager)
01-01 01:12:42.205     0     0 E [    5.677510 / 01-01 01:12:42.199][4] init: Could not find service hosting interface vendor.display.config@1.2::IDisplayConfig/default
01-01 01:12:42.205     0     0 I [    5.677602 / 01-01 01:12:42.203][4] init: processing action (init.svc.hwaddrs=stopped) from (/init.qcom.rc:998)
01-01 01:12:42.205     0     0 I [    5.677916 / 01-01 01:12:42.203][4] init: processing action (nonencrypted) from (/init.rc:683)
01-01 01:12:42.205   511   511 I SurfaceFlinger: SurfaceFlinger's main thread ready to run. Initializing graphics H/W...
01-01 01:12:42.205   511   511 I SurfaceFlinger: Phase offest NS: 1000000
01-01 01:12:42.207     0     0 I [    6.415678 / 01-01 01:12:42.199][1] msm_thermal: store_cc_enabled Core control enabled
01-01 01:12:42.207     0     0 I [    6.416959 / 01-01 01:12:42.199][1] mode_store: bcl disabled
01-01 01:12:42.207     0     0 I [    6.417657 / 01-01 01:12:42.203][1] hotplug_mask_store: bcl hotplug mask updated to 0
01-01 01:12:42.208     0     0 I [    5.678358 / 01-01 01:12:42.203][4] init: starting service 'imsqmidaemon'...
01-01 01:12:42.208     0     0 I [    5.679202 / 01-01 01:12:42.203][2] patchoat[565]: syscall 384
01-01 01:12:42.208     0     0 W [    5.679219 / 01-01 01:12:42.203][2] Code: ea0016ec e1a0c007 e3a07d06 ef000000 (e1a0700c)
01-01 01:12:42.208     0     0 W [    5.679232 / 01-01 01:12:42.203][2] CPU: 2 PID: 565 Comm: patchoat Not tainted 3.10.108-g679929a8 #2
01-01 01:12:42.209     0     0 W         : [    5.679240 / 01-01 01:12:42.203][2] Hardware name: Qualcomm Technologies, Inc. MSM8992 P1 GLOBAL COM (DT)
01-01 01:12:42.209     0     0 W [    5.679250 / 01-01 01:12:42.203][2] task: ffffffc0b8559000 ti: ffffffc0b849c000 task.ti: ffffffc0b849c000
01-01 01:12:42.209     0     0 W         : [    5.679261 / 01-01 01:12:42.203][2] PC is at 0xf0c8a150
01-01 01:12:42.209     0     0 W         : [    5.679269 / 01-01 01:12:42.203][2] LR is at 0xf0c83917
01-01 01:12:42.209     0     0 W [    5.679277 / 01-01 01:12:42.203][2] pc: [<00000000f0c8a150>] lr : [<00000000f0c83917>] pstate: 20000010
01-01 01:12:42.209     0     0 W [    5.679287 / 01-01 01:12:42.203][2] sp: 00000000ff9466b0
01-01 01:12:42.209     0     0 W [    5.679295 / 01-01 01:12:42.203][2] x12: 0000000000000028
01-01 01:12:42.209     0     0 W [    5.679302 / 01-01 01:12:42.203][2] x11: 0000000000000000 x10: 0000000000000000
01-01 01:12:42.209     0     0 W [    5.679310 / 01-01 01:12:42.203][2] x9: 0000000000000028 x8 : 00000000ff9466d8
01-01 01:12:42.209     0     0 W [    5.679317 / 01-01 01:12:42.203][2] x7: 0000000000000180 x6 : 00000000ff9466d8
01-01 01:12:42.209     0     0 W [    5.679325 / 01-01 01:12:42.203][2] x5: 0000000000000000 x4 : 00000000f0cb84ec
01-01 01:12:42.209     0     0 W [    5.679332 / 01-01 01:12:42.203][2] x3: 0000000000000000 x2 : 0000000000000001
01-01 01:12:42.209     0     0 W [    5.679340 / 01-01 01:12:42.203][2] x1: 0000000000000028 x0 : 00000000ff9466d8
01-01 01:12:42.209     0     0 W         : [    5.679347 / 01-01 01:12:42.203][2]
01-01 01:12:42.209     0     0 I [    5.679935 / 01-01 01:12:42.203][4] init: starting service 'imscmservice'...
01-01 01:12:42.209     0     0 I [    5.680257 / 01-01 01:12:42.203][0] init: Created socket '/dev/socket/ims_qmid', mode 660, user 1000, group 1001
01-01 01:12:42.209     0     0 I [    5.681445 / 01-01 01:12:42.203][4] init: starting service 'irsc_util'...
01-01 01:12:42.209     0     0 I [    5.681837 / 01-01 01:12:42.207][1] ueventd: firmware: loading 'cpe.b06' for '/devices/soc.0/fe12f000.slim/tomtom-slim-pgd/tomtom_codec/firmware/cpe.b06'
01-01 01:12:42.212     0     0 I [    6.418284 / 01-01 01:12:42.203][1] hotplug_soc_mask_store: bcl soc hotplug mask updated to 0
01-01 01:12:42.212     0     0 W [    6.418323 / 01-01 01:12:42.203][2] healthd: battery l=70 v=3870 t=23.1 h=2 st=2 c=294 chg=u
01-01 01:12:42.212     0     0 W [    6.420351 / 01-01 01:12:42.203][2] healthd: battery l=70 v=3870 t=23.1 h=2 st=2 c=294 chg=u
01-01 01:12:42.212     0     0 I [    6.420938 / 01-01 01:12:42.203][1] mode_store: bcl enabled
01-01 01:12:42.212     0     0 W [    6.422864 / 01-01 01:12:42.207][2] healthd: battery l=70 v=3870 t=23.1 h=2 st=2 c=294 chg=u
01-01 01:12:42.212     0     0 I [    5.682696 / 01-01 01:12:42.207][4] init: starting service 'qcom-c_main-sh'...
01-01 01:12:42.212     0     0 I [    5.683943 / 01-01 01:12:42.207][4] init: starting service 'ipacm-diag'...
01-01 01:12:42.212     0     0 I [    5.685068 / 01-01 01:12:42.207][4] init: starting service 'qti'...
01-01 01:12:42.212     0     0 I [    5.685376 / 01-01 01:12:42.207][0] init: Created socket '/dev/socket/ipacm_log_file', mode 660, user 1000, group 3005
01-01 01:12:42.217     0     0 I [    5.686337 / 01-01 01:12:42.211][4] init: starting service 'wpa_supplicant'...
01-01 01:12:42.217     0     0 I [    5.687496 / 01-01 01:12:42.211][4] init: starting service 'thermal-engine'...
01-01 01:12:42.217     0     0 I [    5.688857 / 01-01 01:12:42.211][4] init: starting service 'adsprpcd'...
01-01 01:12:42.217     0     0 I [    5.689093 / 01-01 01:12:42.211][1] init: Created socket '/dev/socket/thermal-send-client', mode 666, user 1000, group 1000
01-01 01:12:42.217     0     0 I [    5.689380 / 01-01 01:12:42.211][0] init: Created socket '/dev/socket/wpa_wlan0', mode 660, user 1010, group 1010
01-01 01:12:42.217     0     0 I [    5.689490 / 01-01 01:12:42.211][1] init: Created socket '/dev/socket/thermal-recv-client', mode 660, user 1000, group 1000
01-01 01:12:42.217     0     0 I [    5.689997 / 01-01 01:12:42.215][1] init: Created socket '/dev/socket/thermal-recv-passive-client', mode 666, user 1000, group 1000
01-01 01:12:42.217     0     0 I [    5.690061 / 01-01 01:12:42.215][4] init: starting service 'energy-awareness'...
01-01 01:12:42.220     0     0 I [    5.691345 / 01-01 01:12:42.215][4] init: starting service 'imswmsproxy'...
01-01 01:12:42.220     0     0 I [    5.692530 / 01-01 01:12:42.215][4] init: starting service 'cameraserver'...
01-01 01:12:42.224     0     0 I [    5.693980 / 01-01 01:12:42.219][4] init: starting service 'drm'...
01-01 01:12:42.224     0     0 I [    5.695277 / 01-01 01:12:42.219][4] init: starting service 'incidentd'...
01-01 01:12:42.224     0     0 I [    5.696656 / 01-01 01:12:42.219][4] init: starting service 'installd'...
01-01 01:12:42.228     0     0 I [    5.697968 / 01-01 01:12:42.223][4] init: starting service 'keystore'...
01-01 01:12:42.228     0     0 I [    5.699352 / 01-01 01:12:42.223][4] init: starting service 'mediadrm'...
01-01 01:12:42.228     0     0 I [    5.700940 / 01-01 01:12:42.223][4] init: starting service 'mediaextractor'...
01-01 01:12:42.228     0     0 I [    5.700957 / 01-01 01:12:42.223][5] patchoat[565]: syscall 384
01-01 01:12:42.228     0     0 W [    5.700969 / 01-01 01:12:42.223][5] Code: ea00e67e e1a0c007 e3a07d06 ef000000 (e1a0700c)
01-01 01:12:42.228     0     0 W [    5.700981 / 01-01 01:12:42.223][5] CPU: 5 PID: 565 Comm: patchoat Not tainted 3.10.108-g679929a8 #2
01-01 01:12:42.229     0     0 W         : [    5.700988 / 01-01 01:12:42.223][5] Hardware name: Qualcomm Technologies, Inc. MSM8992 P1 GLOBAL COM (DT)
01-01 01:12:42.229     0     0 W [    5.700996 / 01-01 01:12:42.223][5] task: ffffffc0b8559000 ti: ffffffc0b849c000 task.ti: ffffffc0b849c000
01-01 01:12:42.229     0     0 W         : [    5.701005 / 01-01 01:12:42.223][5] PC is at 0xf06e2040
01-01 01:12:42.229     0     0 W         : [    5.701011 / 01-01 01:12:42.223][5] LR is at 0xf06ac5c7
01-01 01:12:42.229     0     0 W [    5.701017 / 01-01 01:12:42.223][5] pc: [<00000000f06e2040>] lr : [<00000000f06ac5c7>] pstate: 200b0010
01-01 01:12:42.229     0     0 W [    5.701023 / 01-01 01:12:42.223][5] sp: 00000000ff946548
01-01 01:12:42.229     0     0 W [    5.701030 / 01-01 01:12:42.223][5] x12: 0000000000000028
01-01 01:12:42.229     0     0 W [    5.701038 / 01-01 01:12:42.223][5] x11: 00000000f0cb5640 x10: 0000000000000002
01-01 01:12:42.229     0     0 W [    5.701047 / 01-01 01:12:42.223][5] x9: 0000000000000028 x8 : 00000000ff946570
01-01 01:12:42.229     0     0 W [    5.701055 / 01-01 01:12:42.223][5] x7: 0000000000000180 x6 : 00000000ff946570
01-01 01:12:42.229     0     0 W [    5.701063 / 01-01 01:12:42.223][5] x5: 0000000000000000 x4 : 00000000f0cb84ec
01-01 01:12:42.229     0     0 W [    5.701070 / 01-01 01:12:42.223][5] x3: 0000000000000000 x2 : 0000000000000001
01-01 01:12:42.229     0     0 W [    5.701078 / 01-01 01:12:42.223][5] x1: 0000000000000028 x0 : 00000000ff946570
01-01 01:12:42.229     0     0 W         : [    5.701085 / 01-01 01:12:42.223][5]
01-01 01:12:42.232     0     0 I [    5.702573 / 01-01 01:12:42.227][4] init: starting service 'mediametrics'...
01-01 01:12:42.232     0     0 I [    5.703227 / 01-01 01:12:42.227][2] cameraserver[585]: syscall 384
01-01 01:12:42.232     0     0 W [    5.703247 / 01-01 01:12:42.227][2] Code: ea0016ec e1a0c007 e3a07d06 ef000000 (e1a0700c)
01-01 01:12:42.232     0     0 W [    5.703260 / 01-01 01:12:42.227][2] CPU: 2 PID: 585 Comm: cameraserver Not tainted 3.10.108-g679929a8 #2
01-01 01:12:42.232     0     0 W         : [    5.703268 / 01-01 01:12:42.227][2] Hardware name: Qualcomm Technologies, Inc. MSM8992 P1 GLOBAL COM (DT)
01-01 01:12:42.232     0     0 W [    5.703278 / 01-01 01:12:42.227][2] task: ffffffc0b87cf000 ti: ffffffc0b87d8000 task.ti: ffffffc0b87d8000
01-01 01:12:42.232     0     0 W         : [    5.703288 / 01-01 01:12:42.227][2] PC is at 0xebf7a150
01-01 01:12:42.232     0     0 W         : [    5.703296 / 01-01 01:12:42.227][2] LR is at 0xebf73917
01-01 01:12:42.233     0     0 W [    5.703305 / 01-01 01:12:42.227][2] pc: [<00000000ebf7a150>] lr : [<00000000ebf73917>] pstate: 20000010
01-01 01:12:42.233     0     0 W [    5.703312 / 01-01 01:12:42.227][2] sp: 00000000ffc12b50
01-01 01:12:42.233     0     0 W [    5.703320 / 01-01 01:12:42.227][2] x12: 0000000000000028
01-01 01:12:42.233     0     0 W [    5.703326 / 01-01 01:12:42.227][2] x11: 0000000000000000 x10: 0000000000000000
01-01 01:12:42.233     0     0 W [    5.703334 / 01-01 01:12:42.227][2] x9: 0000000000000028 x8 : 00000000ffc12b78
01-01 01:12:42.233     0     0 W [    5.703342 / 01-01 01:12:42.227][2] x7: 0000000000000180 x6 : 00000000ffc12b78
01-01 01:12:42.233     0     0 W [    5.703350 / 01-01 01:12:42.227][2] x5: 0000000000000000 x4 : 00000000ebfa84ec
01-01 01:12:42.233     0     0 W [    5.703357 / 01-01 01:12:42.227][2] x3: 0000000000000000 x2 : 0000000000000001
01-01 01:12:42.233     0     0 W [    5.703365 / 01-01 01:12:42.227][2] x1: 0000000000000028 x0 : 00000000ffc12b78
01-01 01:12:42.233     0     0 W         : [    5.703372 / 01-01 01:12:42.227][2]
01-01 01:12:42.233     0     0 I [    5.704260 / 01-01 01:12:42.227][4] init: starting service 'media'...
01-01 01:12:42.233     0     0 I [    5.705801 / 01-01 01:12:42.231][4] init: starting service 'statsd'...
01-01 01:12:42.236     0     0 I [    5.707360 / 01-01 01:12:42.231][4] init: starting service 'storaged'...
01-01 01:12:42.236     0     0 I [    5.707846 / 01-01 01:12:42.231][1] init: Created socket '/dev/socket/statsdw', mode 222, user 1066, group 1066
01-01 01:12:42.236     0     0 I [    5.708341 / 01-01 01:12:42.231][0] init: Opened file '/d/mmc0/mmc0:0001/ext_csd', flags 0
01-01 01:12:42.236     0     0 I [    5.708723 / 01-01 01:12:42.231][4] init: starting service 'wificond'...
01-01 01:12:42.239   581   581 I ThermalEngine: Parsing section global
01-01 01:12:42.240   581   581 E ThermalEngine: virtual_sensors_init: Error getting virtual sensors set
01-01 01:12:42.240   581   581 I ThermalEngine: Loading configuration file /system/etc/thermal-engine-8992.conf
01-01 01:12:42.240   581   581 I ThermalEngine: Parsing section global
01-01 01:12:42.240   581   581 I ThermalEngine: Created section 'SS-BIG-CLUSTER'
01-01 01:12:42.240   581   581 I ThermalEngine: Algo Type 'ss'
01-01 01:12:42.240   581   581 I ThermalEngine: Parsing section SS-BIG-CLUSTER
01-01 01:12:42.240   581   581 I ThermalEngine: Found field 'sampling'
01-01 01:12:42.240   581   581 I ThermalEngine: Found field 'sensor'
01-01 01:12:42.240   581   581 E ThermalEngine: Error with field 'sensor'
01-01 01:12:42.240     0     0 I [    5.710097 / 01-01 01:12:42.235][4] init: starting service 'vendor.media.omx'...
01-01 01:12:42.240   581   581 I ThermalEngine: Created section 'SS-LITTLE-CLUSTER'
01-01 01:12:42.240     0     0 I [    5.711488 / 01-01 01:12:42.235][4] init: Received control message 'interface_start' for 'vendor.display.config@1.6::IDisplayConfig/default' from pid: 403 (/system/bin/hwservicemanager)
01-01 01:12:42.240   581   581 I ThermalEngine: Algo Type 'ss'
01-01 01:12:42.240   581   581 I ThermalEngine: Parsing section SS-LITTLE-CLUSTER
01-01 01:12:42.240   581   581 I ThermalEngine: Found field 'sampling'
01-01 01:12:42.240   581   581 I ThermalEngine: Found field 'sensor'
01-01 01:12:42.240   581   581 E ThermalEngine: Error with field 'sensor'
01-01 01:12:42.240   581   581 I ThermalEngine: Created section 'SS-POPMEM-BIG'
01-01 01:12:42.240   581   581 I ThermalEngine: Algo Type 'ss'
01-01 01:12:42.240   581   581 I ThermalEngine: Parsing section SS-POPMEM-BIG
01-01 01:12:42.240   581   581 I ThermalEngine: Found field 'sampling'
01-01 01:12:42.240   581   581 I ThermalEngine: Found field 'sensor'
01-01 01:12:42.241   581   581 I ThermalEngine: Found field 'device'
01-01 01:12:42.241     0     0 E [    5.711524 / 01-01 01:12:42.235][4] init: Could not find service hosting interface vendor.display.config@1.6::IDisplayConfig/default
01-01 01:12:42.241   581   581 I ThermalEngine: Found field 'set_point'
01-01 01:12:42.241     0     0 I [    5.711906 / 01-01 01:12:42.235][4] init: starting service 'bdaddr_loader'...
01-01 01:12:42.241   581   581 I ThermalEngine: Found field 'set_point_clr'
01-01 01:12:42.241     0     0 I [    5.713253 / 01-01 01:12:42.235][4] init: starting service 'fm_dl'...
01-01 01:12:42.241   581   581 I ThermalEngine: Found field 'time_constant'
01-01 01:12:42.241   581   581 I ThermalEngine: Created section 'SS-POPMEM-LITTLE'
01-01 01:12:42.241   581   581 I ThermalEngine: Algo Type 'ss'
01-01 01:12:42.241   581   581 I ThermalEngine: Parsing section SS-POPMEM-LITTLE
01-01 01:12:42.241   581   581 I ThermalEngine: Found field 'sampling'
01-01 01:12:42.241   581   581 I ThermalEngine: Found field 'sensor'
01-01 01:12:42.241   581   581 I ThermalEngine: Found field 'device'
01-01 01:12:42.241   581   581 I ThermalEngine: Found field 'set_point'
01-01 01:12:42.241   581   581 I ThermalEngine: Found field 'set_point_clr'
01-01 01:12:42.241   581   581 I ThermalEngine: Found field 'time_constant'
01-01 01:12:42.241   581   581 I ThermalEngine: Created section 'SS-GPU'
01-01 01:12:42.241   581   581 I ThermalEngine: Algo Type 'ss'
01-01 01:12:42.241   581   581 I ThermalEngine: Parsing section SS-GPU
01-01 01:12:42.241   581   581 I ThermalEngine: Found field 'sampling'
01-01 01:12:42.241   581   581 I ThermalEngine: Found field 'sensor'
01-01 01:12:42.241   581   581 I ThermalEngine: Found field 'device'
01-01 01:12:42.241   581   581 I ThermalEngine: Found field 'set_point'
01-01 01:12:42.241   581   581 I ThermalEngine: Found field 'set_point_clr'
01-01 01:12:42.241   581   581 I ThermalEngine: Found field 'time_constant'
01-01 01:12:42.241   581   581 I ThermalEngine: Created section 'SS-CPU5'
01-01 01:12:42.241   581   581 I ThermalEngine: Algo Type 'ss'
01-01 01:12:42.241   581   581 I ThermalEngine: Parsing section SS-CPU5
01-01 01:12:42.241   581   581 I ThermalEngine: Found field 'sampling'
01-01 01:12:42.241   581   581 I ThermalEngine: Found field 'sensor'
01-01 01:12:42.241   581   581 I ThermalEngine: Found field 'device'
01-01 01:12:42.241   581   581 I ThermalEngine: Found field 'set_point'
01-01 01:12:42.241   581   581 I ThermalEngine: Found field 'set_point_clr'
01-01 01:12:42.241   581   581 I ThermalEngine: Found field 'time_constant'
01-01 01:12:42.241   581   581 I ThermalEngine: Created section 'SS-CPU4'
01-01 01:12:42.241   581   581 I ThermalEngine: Algo Type 'ss'
01-01 01:12:42.241   581   581 I ThermalEngine: Parsing section SS-CPU4
01-01 01:12:42.241   581   581 I ThermalEngine: Found field 'sampling'
01-01 01:12:42.241   581   581 I ThermalEngine: Found field 'sensor'
01-01 01:12:42.241   581   581 I ThermalEngine: Found field 'device'
01-01 01:12:42.241   581   581 I ThermalEngine: Found field 'set_point'
01-01 01:12:42.241   581   581 I ThermalEngine: Found field 'set_point_clr'
01-01 01:12:42.241   581   581 I ThermalEngine: Found field 'time_constant'
01-01 01:12:42.241   581   581 I ThermalEngine: Created section 'SS-CPU3'
01-01 01:12:42.241   581   581 I ThermalEngine: Algo Type 'ss'
01-01 01:12:42.241   581   581 I ThermalEngine: Parsing section SS-CPU3
01-01 01:12:42.241   581   581 I ThermalEngine: Found field 'sampling'
01-01 01:12:42.241   581   581 I ThermalEngine: Found field 'sensor'
01-01 01:12:42.241   581   581 I ThermalEngine: Found field 'device'
01-01 01:12:42.241   581   581 I ThermalEngine: Found field 'set_point'
01-01 01:12:42.241   581   581 I ThermalEngine: Found field 'set_point_clr'
01-01 01:12:42.241   581   581 I ThermalEngine: Found field 'time_constant'
01-01 01:12:42.241   581   581 I ThermalEngine: Created section 'SS-CPU2'
01-01 01:12:42.241   581   581 I ThermalEngine: Algo Type 'ss'
01-01 01:12:42.241   581   581 I ThermalEngine: Parsing section SS-CPU2
01-01 01:12:42.241   581   581 I ThermalEngine: Found field 'sampling'
01-01 01:12:42.241   581   581 I ThermalEngine: Found field 'sensor'
01-01 01:12:42.241   581   581 I ThermalEngine: Found field 'device'
01-01 01:12:42.241   581   581 I ThermalEngine: Found field 'set_point'
01-01 01:12:42.241   581   581 I ThermalEngine: Found field 'set_point_clr'
01-01 01:12:42.241   581   581 I ThermalEngine: Found field 'time_constant'
01-01 01:12:42.241   581   581 I ThermalEngine: Created section 'SS-CPU0-1'
01-01 01:12:42.241   581   581 I ThermalEngine: Algo Type 'ss'
01-01 01:12:42.241   581   581 I ThermalEngine: Parsing section SS-CPU0-1
01-01 01:12:42.241   581   581 I ThermalEngine: Found field 'sampling'
01-01 01:12:42.241   581   581 I ThermalEngine: Found field 'sensor'
01-01 01:12:42.241   581   581 I ThermalEngine: Found field 'device'
01-01 01:12:42.241   581   581 I ThermalEngine: Found field 'set_point'
01-01 01:12:42.241   581   581 I ThermalEngine: Found field 'set_point_clr'
01-01 01:12:42.241   581   581 I ThermalEngine: Found field 'time_constant'
01-01 01:12:42.241   581   581 I ThermalEngine: Created section 'HOTPLUG-CPU4'
01-01 01:12:42.241   581   581 I ThermalEngine: Algo Type 'monitor'
01-01 01:12:42.242   581   581 I ThermalEngine: Parsing section HOTPLUG-CPU4
01-01 01:12:42.242   581   581 I ThermalEngine: Found field 'sampling'
01-01 01:12:42.242   581   581 I ThermalEngine: Found field 'sensor'
01-01 01:12:42.242   581   581 I ThermalEngine: Found field 'thresholds'
01-01 01:12:42.242   581   581 I ThermalEngine: Found field 'thresholds_clr'
01-01 01:12:42.242   581   581 I ThermalEngine: Found field 'actions'
01-01 01:12:42.242   581   581 I ThermalEngine: Found field 'action_info'
01-01 01:12:42.242   581   581 I ThermalEngine: Created section 'HOTPLUG-CPU5'
01-01 01:12:42.242   581   581 I ThermalEngine: Algo Type 'monitor'
01-01 01:12:42.242   581   581 I ThermalEngine: Parsing section HOTPLUG-CPU5
01-01 01:12:42.242   581   581 I ThermalEngine: Found field 'sampling'
01-01 01:12:42.242   581   581 I ThermalEngine: Found field 'sensor'
01-01 01:12:42.242   581   581 I ThermalEngine: Found field 'thresholds'
01-01 01:12:42.242   581   581 I ThermalEngine: Found field 'thresholds_clr'
01-01 01:12:42.242   581   581 I ThermalEngine: Found field 'actions'
01-01 01:12:42.242   581   581 I ThermalEngine: Found field 'action_info'
01-01 01:12:42.242   581   581 I ThermalEngine: Created section 'GPU_MONITOR'
01-01 01:12:42.242   581   581 I ThermalEngine: Algo Type 'monitor'
01-01 01:12:42.242   581   581 I ThermalEngine: Parsing section GPU_MONITOR
01-01 01:12:42.242   581   581 I ThermalEngine: Found field 'sensor'
01-01 01:12:42.242   581   581 E ThermalEngine: Error with field 'sensor'
01-01 01:12:42.242   581   581 I ThermalEngine: Created section 'BATTERY_MONITOR'
01-01 01:12:42.242   581   581 I ThermalEngine: Algo Type 'monitor'
01-01 01:12:42.242   581   581 I ThermalEngine: Parsing section BATTERY_MONITOR
01-01 01:12:42.242   581   581 I ThermalEngine: Found field 'sampling'
01-01 01:12:42.242   581   581 I ThermalEngine: Found field 'sensor'
01-01 01:12:42.242   581   581 E ThermalEngine: Error with field 'sensor'
01-01 01:12:42.242   581   581 E ThermalEngine: Invalid input for section BATTERY_MONITOR
01-01 01:12:42.242   581   581 E ThermalEngine: Invalid input for section GPU_MONITOR
01-01 01:12:42.242   581   581 E ThermalEngine: Invalid input for section SS-LITTLE-CLUSTER
01-01 01:12:42.242   581   581 E ThermalEngine: Invalid input for section SS-BIG-CLUSTER
01-01 01:12:42.243   581   581 I ThermalEngine: pid_algo_init: No PID's to be configured.
01-01 01:12:42.243   581   581 I ThermalEngine: [HOTPLUG-CPU5]
01-01 01:12:42.243   581   581 I ThermalEngine: algo_type monitor
01-01 01:12:42.243   581   581 I ThermalEngine: sampling 1000
01-01 01:12:42.243   581   581 I ThermalEngine: sensor cpu5
01-01 01:12:42.243   581   581 I ThermalEngine: thresholds 50000
01-01 01:12:42.243   581   581 I ThermalEngine: thresholds_clr 47000
01-01 01:12:42.243   581   581 I ThermalEngine: actions hotplug_5
01-01 01:12:42.243   581   581 I ThermalEngine: action_info 1
01-01 01:12:42.243   581   581 I ThermalEngine: [HOTPLUG-CPU4]
01-01 01:12:42.243   581   581 I ThermalEngine: algo_type monitor
01-01 01:12:42.243   581   581 I ThermalEngine: sampling 1000
01-01 01:12:42.243   581   581 I ThermalEngine: sensor cpu4
01-01 01:12:42.243   581   581 I ThermalEngine: thresholds 52000
01-01 01:12:42.243   581   581 I ThermalEngine: thresholds_clr 49000
01-01 01:12:42.243   581   581 I ThermalEngine: actions hotplug_4
01-01 01:12:42.243   581   581 I ThermalEngine: action_info 1
01-01 01:12:42.243   581   581 I ThermalEngine: [VDD_RSTR_MONITOR-TSENS14]
01-01 01:12:42.243   581   581 I ThermalEngine: #algo_type monitor
01-01 01:12:42.243   581   581 I ThermalEngine: sampling 1000
01-01 01:12:42.243   581   581 I ThermalEngine: sensor tsens_tz_sensor14
01-01 01:12:42.243   581   581 I ThermalEngine: thresholds 5000
01-01 01:12:42.243   581   581 I ThermalEngine: thresholds_clr 10000
01-01 01:12:42.243   581   581 I ThermalEngine: actions vdd_restriction
01-01 01:12:42.243   581   581 I ThermalEngine: action_info 1
01-01 01:12:42.243   581   581 I ThermalEngine: descending
01-01 01:12:42.243   581   581 I ThermalEngine: [VDD_RSTR_MONITOR-TSENS13]
01-01 01:12:42.243   581   581 I ThermalEngine: #algo_type monitor
01-01 01:12:42.243   581   581 I ThermalEngine: sampling 1000
01-01 01:12:42.243   581   581 I ThermalEngine: sensor tsens_tz_sensor13
01-01 01:12:42.243   581   581 I ThermalEngine: thresholds 5000
01-01 01:12:42.243   581   581 I ThermalEngine: thresholds_clr 10000
01-01 01:12:42.243   581   581 I ThermalEngine: actions vdd_restriction
01-01 01:12:42.243   581   581 I ThermalEngine: action_info 1
01-01 01:12:42.243   581   581 I ThermalEngine: descending
01-01 01:12:42.243   581   581 I ThermalEngine: [VDD_RSTR_MONITOR-TSENS12]
01-01 01:12:42.243   581   581 I ThermalEngine: #algo_type monitor
01-01 01:12:42.243   581   581 I ThermalEngine: sampling 1000
01-01 01:12:42.243   581   581 I ThermalEngine: sensor tsens_tz_sensor12
01-01 01:12:42.243   581   581 I ThermalEngine: thresholds 5000
01-01 01:12:42.243   581   581 I ThermalEngine: thresholds_clr 10000
01-01 01:12:42.243   581   581 I ThermalEngine: actions vdd_restriction
01-01 01:12:42.243   581   581 I ThermalEngine: action_info 1
01-01 01:12:42.243   581   581 I ThermalEngine: descending
01-01 01:12:42.243   581   581 I ThermalEngine: [VDD_RSTR_MONITOR-TSENS11]
01-01 01:12:42.243   581   581 I ThermalEngine: #algo_type monitor
01-01 01:12:42.243   581   581 I ThermalEngine: sampling 1000
01-01 01:12:42.243   581   581 I ThermalEngine: sensor tsens_tz_sensor11
01-01 01:12:42.243   581   581 I ThermalEngine: thresholds 5000
01-01 01:12:42.243   581   581 I ThermalEngine: thresholds_clr 10000
01-01 01:12:42.243   581   581 I ThermalEngine: actions vdd_restriction
01-01 01:12:42.243   581   581 I ThermalEngine: action_info 1
01-01 01:12:42.243   581   581 I ThermalEngine: descending
01-01 01:12:42.243   581   581 I ThermalEngine: [VDD_RSTR_MONITOR-TSENS10]
01-01 01:12:42.243   581   581 I ThermalEngine: #algo_type monitor
01-01 01:12:42.243   581   581 I ThermalEngine: sampling 1000
01-01 01:12:42.243   581   581 I ThermalEngine: sensor tsens_tz_sensor10
01-01 01:12:42.243   581   581 I ThermalEngine: thresholds 5000
01-01 01:12:42.243   581   581 I ThermalEngine: thresholds_clr 10000
01-01 01:12:42.243   581   581 I ThermalEngine: actions vdd_restriction
01-01 01:12:42.243   581   581 I ThermalEngine: action_info 1
01-01 01:12:42.243   581   581 I ThermalEngine: descending
01-01 01:12:42.243   581   581 I ThermalEngine: [VDD_RSTR_MONITOR-TSENS9]
01-01 01:12:42.243   581   581 I ThermalEngine: #algo_type monitor
01-01 01:12:42.243   581   581 I ThermalEngine: sampling 1000
01-01 01:12:42.243   581   581 I ThermalEngine: sensor tsens_tz_sensor9
01-01 01:12:42.243   581   581 I ThermalEngine: thresholds 5000
01-01 01:12:42.243   581   581 I ThermalEngine: thresholds_clr 10000
01-01 01:12:42.243   581   581 I ThermalEngine: actions vdd_restriction
01-01 01:12:42.243   581   581 I ThermalEngine: action_info 1
01-01 01:12:42.243   581   581 I ThermalEngine: descending
01-01 01:12:42.243   581   581 I ThermalEngine: [VDD_RSTR_MONITOR-TSENS7]
01-01 01:12:42.243   581   581 I ThermalEngine: #algo_type monitor
01-01 01:12:42.243   581   581 I ThermalEngine: sampling 1000
01-01 01:12:42.243   581   581 I ThermalEngine: sensor tsens_tz_sensor7
01-01 01:12:42.243   581   581 I ThermalEngine: thresholds 5000
01-01 01:12:42.243   581   581 I ThermalEngine: thresholds_clr 10000
01-01 01:12:42.243   581   581 I ThermalEngine: actions vdd_restriction
01-01 01:12:42.243   581   581 I ThermalEngine: action_info 1
01-01 01:12:42.243   581   581 I ThermalEngine: descending
01-01 01:12:42.243   581   581 I ThermalEngine: [VDD_RSTR_MONITOR-TSENS5]
01-01 01:12:42.243   581   581 I ThermalEngine: #algo_type monitor
01-01 01:12:42.243   581   581 I ThermalEngine: sampling 1000
01-01 01:12:42.243   581   581 I ThermalEngine: sensor tsens_tz_sensor5
01-01 01:12:42.244   581   581 I ThermalEngine: thresholds 5000
01-01 01:12:42.244   581   581 I ThermalEngine: thresholds_clr 10000
01-01 01:12:42.244   581   581 I ThermalEngine: actions vdd_restriction
01-01 01:12:42.244   581   581 I ThermalEngine: action_info 1
01-01 01:12:42.244   581   581 I ThermalEngine: descending
01-01 01:12:42.244   581   581 I ThermalEngine: [VDD_RSTR_MONITOR-TSENS4]
01-01 01:12:42.244   581   581 I ThermalEngine: #algo_type monitor
01-01 01:12:42.244   581   581 I ThermalEngine: sampling 1000
01-01 01:12:42.244   581   581 I ThermalEngine: sensor tsens_tz_sensor4
01-01 01:12:42.244   581   581 I ThermalEngine: thresholds 5000
01-01 01:12:42.244   581   581 I ThermalEngine: thresholds_clr 10000
01-01 01:12:42.244   581   581 I ThermalEngine: actions vdd_restriction
01-01 01:12:42.244   581   581 I ThermalEngine: action_info 1
01-01 01:12:42.244   581   581 I ThermalEngine: descending
01-01 01:12:42.244   581   581 I ThermalEngine: [VDD_RSTR_MONITOR-TSENS3]
01-01 01:12:42.244   581   581 I ThermalEngine: #algo_type monitor
01-01 01:12:42.244   581   581 I ThermalEngine: sampling 1000
01-01 01:12:42.244   581   581 I ThermalEngine: sensor tsens_tz_sensor3
01-01 01:12:42.244   581   581 I ThermalEngine: thresholds 5000
01-01 01:12:42.244   581   581 I ThermalEngine: thresholds_clr 10000
01-01 01:12:42.244   581   581 I ThermalEngine: actions vdd_restriction
01-01 01:12:42.244   581   581 I ThermalEngine: action_info 1
01-01 01:12:42.244   581   581 I ThermalEngine: descending
01-01 01:12:42.244   581   581 I ThermalEngine: [VDD_RSTR_MONITOR-TSENS2]
01-01 01:12:42.244   581   581 I ThermalEngine: #algo_type monitor
01-01 01:12:42.244   581   581 I ThermalEngine: sampling 1000
01-01 01:12:42.244   581   581 I ThermalEngine: sensor tsens_tz_sensor2
01-01 01:12:42.244   581   581 I ThermalEngine: thresholds 5000
01-01 01:12:42.244   581   581 I ThermalEngine: thresholds_clr 10000
01-01 01:12:42.244   581   581 I ThermalEngine: actions vdd_restriction
01-01 01:12:42.244   581   581 I ThermalEngine: action_info 1
01-01 01:12:42.244   581   581 I ThermalEngine: descending
01-01 01:12:42.244   581   581 I ThermalEngine: [VDD_RSTR_MONITOR-TSENS1]
01-01 01:12:42.244   581   581 I ThermalEngine: #algo_type monitor
01-01 01:12:42.244   581   581 I ThermalEngine: sampling 1000
01-01 01:12:42.244   581   581 I ThermalEngine: sensor tsens_tz_sensor1
01-01 01:12:42.244   581   581 I ThermalEngine: thresholds 5000
01-01 01:12:42.244   581   581 I ThermalEngine: thresholds_clr 10000
01-01 01:12:42.244   581   581 I ThermalEngine: actions vdd_restriction
01-01 01:12:42.244   581   581 I ThermalEngine: action_info 1
01-01 01:12:42.244   581   581 I ThermalEngine: descending
01-01 01:12:42.244   581   581 I ThermalEngine: [VDD_RSTR_MONITOR-TSENS0]
01-01 01:12:42.244   581   581 I ThermalEngine: #algo_type monitor
01-01 01:12:42.244   581   581 I ThermalEngine: sampling 1000
01-01 01:12:42.244   581   581 I ThermalEngine: sensor tsens_tz_sensor0
01-01 01:12:42.244   581   581 I ThermalEngine: thresholds 5000
01-01 01:12:42.244   581   581 I ThermalEngine: thresholds_clr 10000
01-01 01:12:42.244   581   581 I ThermalEngine: actions vdd_restriction
01-01 01:12:42.244   581   581 I ThermalEngine: action_info 1
01-01 01:12:42.244   581   581 I ThermalEngine: descending
01-01 01:12:42.244     0     0 I [    5.714637 / 01-01 01:12:42.239][4] init: starting service 'qcom-post-boot'...
01-01 01:12:42.244   581   730 E ThermalEngine: TM Id 'HOTPLUG-CPU5' Sensor 'cpu5' - alarm raised 1 at 82.0 degC
01-01 01:12:42.244   581   581 I ThermalEngine: [SS-CPU0-1]
01-01 01:12:42.244   581   581 I ThermalEngine: algo_type ss
01-01 01:12:42.244   581   581 I ThermalEngine: sampling 10
01-01 01:12:42.244   581   581 I ThermalEngine: sensor cpu0-1
01-01 01:12:42.244   581   581 I ThermalEngine: device cluster0
01-01 01:12:42.244     0     0 I [    5.715925 / 01-01 01:12:42.239][4] init: starting service 'qcamerasvr'...
01-01 01:12:42.244   581   581 I ThermalEngine: set_point 85000
01-01 01:12:42.244   581   581 I ThermalEngine: set_point_clr 55000
01-01 01:12:42.244   581   581 I ThermalEngine: time_constant 0
01-01 01:12:42.244     0     0 I [    5.717052 / 01-01 01:12:42.239][4] init: starting service 'laserinit'...
01-01 01:12:42.245   581   730 I ThermalEngine: hotplug_ktm_request: Defer call until KTM work loop is disabled.
01-01 01:12:42.245   581   731 E ThermalEngine: ==== Enter sched_bmhb_cs_gov ===
01-01 01:12:42.245   581   581 I ThermalEngine: [SS-CPU2]
01-01 01:12:42.245   581   731 E ThermalEngine: ==== Enter sched_bmhb_cs_gov -> vs_temp = 340 ===
01-01 01:12:42.245   581   730 E ThermalEngine: TM Id 'HOTPLUG-CPU4' Sensor 'cpu4' - alarm raised 1 at 97.0 degC
01-01 01:12:42.245   581   581 I ThermalEngine: algo_type ss
01-01 01:12:42.245   581   581 I ThermalEngine: sampling 10
01-01 01:12:42.245   581   581 I ThermalEngine: sensor cpu2
01-01 01:12:42.245   581   581 I ThermalEngine: device cluster0
01-01 01:12:42.245   581   581 I ThermalEngine: set_point 85000
01-01 01:12:42.245   581   581 I ThermalEngine: set_point_clr 55000
01-01 01:12:42.245   581   581 I ThermalEngine: time_constant 0
01-01 01:12:42.245   581   730 I ThermalEngine: hotplug_ktm_request: Defer call until KTM work loop is disabled.
01-01 01:12:42.245   581   581 I ThermalEngine: [SS-CPU3]
01-01 01:12:42.245   581   581 I ThermalEngine: algo_type ss
01-01 01:12:42.245   581   581 I ThermalEngine: sampling 10
01-01 01:12:42.245   581   581 I ThermalEngine: sensor cpu3
01-01 01:12:42.245   581   581 I ThermalEngine: device cluster0
01-01 01:12:42.245   581   581 I ThermalEngine: set_point 85000
01-01 01:12:42.245   581   581 I ThermalEngine: set_point_clr 55000
01-01 01:12:42.245   581   581 I ThermalEngine: time_constant 0
01-01 01:12:42.246   581   581 I ThermalEngine: [SS-CPU4]
01-01 01:12:42.246   581   581 I ThermalEngine: algo_type ss
01-01 01:12:42.246   581   581 I ThermalEngine: sampling 10
01-01 01:12:42.246   581   581 I ThermalEngine: sensor cpu4
