01-01 06:27:35.825   436   436 E light   : Light passthrough failed to load legacy HAL.
01-01 06:27:35.825   439   439 I android.hardware.usb@1.0-service: USB HAL Ready.
01-01 06:27:35.826   403   403 W hwservicemanager: getTransport: Cannot find entry android.hardware.thermal@1.1::IThermal/default in either framework or device manifest.
01-01 06:27:35.828   431   431 D vndksupport: Loading /vendor/lib64/hw/android.hardware.health@1.0-impl.so from current namespace instead of sphal namespace.
01-01 06:27:35.829   435   435 I ServiceManagement: Removing namespace from process name android.hardware.health@1.0-service to health@1.0-service.
01-01 06:27:35.829   434   434 I ServiceManagement: Removing namespace from process name android.hardware.graphics.allocator@2.0-service to allocator@2.0-service.
01-01 06:27:35.830   436   436 I ServiceManagement: Removing namespace from process name android.hardware.light@2.0-service to light@2.0-service.
01-01 06:27:35.831   431   431 I healthd : healthd: redirecting calls to 1.0 health HAL
01-01 06:27:35.831   446   446 W thermalserviced: Unable to get Thermal HAL V1.1, vendor thermal event notification not available
01-01 06:27:35.839     0     0 W [    4.344634 / 01-01 06:27:35.827][3] healthd: BatteryFullChargePath not found
01-01 06:27:35.840     0     0 W [    4.344656 / 01-01 06:27:35.827][3] healthd: BatteryCycleCountPath not found
01-01 06:27:35.840   435   435 I android.hardware.health@1.0-service: Registration complete for android.hardware.health@1.0::IHealth/default.
01-01 06:27:35.841   434   434 I android.hardware.graphics.allocator@2.0-service: Registration complete for android.hardware.graphics.allocator@2.0::IAllocator/default.
01-01 06:27:35.842   436   436 I android.hardware.light@2.0-service: Registration complete for android.hardware.light@2.0::ILight/default.
01-01 06:27:35.843   431   431 I health@2.0/: health@2.0/backup: Hal init done
01-01 06:27:35.846   433   433 W /vendor/bin/hw/android.hardware.configstore@1.1-service: libminijail[433]: logging seccomp filter failures
01-01 06:27:35.846   433   433 I ServiceManagement: Removing namespace from process name android.hardware.configstore@1.1-service to configstore@1.1-service.
01-01 06:27:35.847   433   433 E cutils-trace: Error opening trace file: Permission denied (13)
01-01 06:27:35.847     0     0 W [    4.356586 / 01-01 06:27:35.839][3] healthd: battery l=82 v=4112 t=20.0 h=2 st=2 c=564 chg=u
01-01 06:27:35.848   438   438 I ServiceManagement: Removing namespace from process name android.hardware.thermal@1.0-service to thermal@1.0-service.
01-01 06:27:35.856   474   474 I qcom-bluetooth: /system/bin/init.qcom.bt.sh: init.qcom.bt.sh config = onboot
01-01 06:27:35.856   438   438 I android.hardware.thermal@1.0-service: Registration complete for android.hardware.thermal@1.0::IThermal/default.
01-01 06:27:35.861     0     0 I [    4.369415 / 01-01 06:27:35.851][2] init: Received control message 'interface_start' for 'android.hardware.thermal@1.1::IThermal/default' from pid: 403 (/system/bin/hwservicemanager)
01-01 06:27:35.861     0     0 E [    4.369476 / 01-01 06:27:35.851][2] init: Could not find service hosting interface android.hardware.thermal@1.1::IThermal/default
01-01 06:27:35.894   467   467 I /system/bin/tombstoned: tombstoned successfully initialized
01-01 06:27:35.897   420   420 I Netd    : Creating child chains: 691.9ms
01-01 06:27:35.897   449   479 I adbd    : initializing functionfs
01-01 06:27:35.897   420   420 I Netd    : Setting up OEM hooks: 0.3ms
01-01 06:27:35.898   449   479 I adbd    : opening control endpoint /dev/usb-ffs/adb/ep0
01-01 06:27:35.902     0     0 I         : [    4.409302 / 01-01 06:27:35.891][3] read descriptors
01-01 06:27:35.902     0     0 I         : [    4.409322 / 01-01 06:27:35.891][3] read descriptors
01-01 06:27:35.902     0     0 I         : [    4.409334 / 01-01 06:27:35.891][3] read strings
01-01 06:27:35.906   449   479 I adbd    : functionfs successfully initialized
01-01 06:27:35.906   449   479 I adbd    : registering usb transport
01-01 06:27:35.909   420   420 I Netd    : Setting up FirewallController hooks: 11.9ms
01-01 06:27:35.910   460   460 W statsd  : statscompanion service unavailable!
01-01 06:27:35.916   460   460 I statsd  : using statsd socket
01-01 06:27:35.924   420   420 I Netd    : Setting up TetherController hooks: 14.7ms
01-01 06:27:35.927   420   420 I Netd    : Setting up BandwidthController hooks: 2.8ms
01-01 06:27:35.927   420   420 I Netd    : Setting up IdletimerController hooks: 0.1ms
01-01 06:27:35.927   420   420 I Netd    : initializing traffic control: 0.0ms
01-01 06:27:35.934   468   468 I usbd    : Usb HAL not found
01-01 06:27:35.935   420   420 I Netd    : Disabling bandwidth control: 7.6ms
01-01 06:27:35.937   420   420 I Netd    : Initializing RouteController: 2.9ms
01-01 06:27:35.938   420   420 D XfrmController: Sending Netlink XFRM Message: XFRM_MSG_FLUSHSA
01-01 06:27:35.938   420   420 D XfrmController: Sending Netlink XFRM Message: XFRM_MSG_FLUSHPOLICY
01-01 06:27:35.938   420   420 I Netd    : Initializing XfrmController: 0.4ms
01-01 06:27:35.939   420   420 D MDnsDS  : MDnsSdListener::Hander starting up
01-01 06:27:35.940   420   420 I Netd    : Registering NetdNativeService: 1.2ms
01-01 06:27:35.940   420   420 I Netd    : Starting CommandListener: 0.2ms
01-01 06:27:35.943   420   420 I Netd    : Registering NetdHwService: 2.3ms
01-01 06:27:35.943   420   420 I Netd    : Netd started in 910ms
01-01 06:27:35.943   478   478 I qcom-bluetooth: /system/bin/init.qcom.bt.sh: Bluetooth Address programmed successfully
01-01 06:27:35.948     0     0 I [    4.456497 / 01-01 06:27:35.939][2] init: Service 'usbd' (pid 468) exited with status 0
01-01 06:27:35.948   420   491 D MDnsDS  : MDnsSdListener starting to monitor
01-01 06:27:35.948   420   491 D MDnsDS  : Going to poll with pollCount 1
01-01 06:27:35.971   454   454 I installd: installd firing up
01-01 06:27:35.974   455   455 E cutils-trace: Error opening trace file: Permission denied (13)
01-01 06:27:35.978   462   462 I wificond: wificond is starting up...
01-01 06:27:35.985   455   455 D vndksupport: Loading /vendor/lib64/hw/android.hardware.keymaster@3.0-impl.so from current namespace instead of sphal namespace.
01-01 06:27:35.995   455   455 I android.hardware.keymaster@3.0-impl: Fetching keymaster device name default
01-01 06:27:35.995   455   455 D vndksupport: Loading /vendor/lib64/hw/keystore.msm8992.so from current namespace instead of sphal namespace.
01-01 06:27:36.005   465   465 I gatekeeperd: Starting gatekeeperd...
01-01 06:27:36.018   465   465 D vndksupport: Loading /vendor/lib64/hw/android.hardware.gatekeeper@1.0-impl.so from current namespace instead of sphal namespace.
01-01 06:27:36.030   440   440 I android.hardware.wifi@1.0-service: Wifi Hal is booting up...
01-01 06:27:36.030   465   465 D vndksupport: Loading /vendor/lib64/hw/gatekeeper.msm8992.so from current namespace instead of sphal namespace.
01-01 06:27:36.032   440   440 I ServiceManagement: Removing namespace from process name android.hardware.wifi@1.0-service to wifi@1.0-service.
01-01 06:27:36.032   440   440 E cutils-trace: Error opening trace file: Permission denied (13)
01-01 06:27:36.045   465   465 D gatekeeper_device: HwKmOpen called
01-01 06:27:36.062   451   451 I cameraserver: ServiceManager: 0xe619c100
01-01 06:27:36.062   451   451 I CameraService: CameraService started (pid=451)
01-01 06:27:36.062   451   451 I CameraService: CameraService process starting
01-01 06:27:36.062   451   451 W BatteryNotifier: batterystats service unavailable!
01-01 06:27:36.062   451   451 W BatteryNotifier: batterystats service unavailable!
01-01 06:27:36.063   451   451 E cutils-trace: Error opening trace file: Permission denied (13)
01-01 06:27:36.068   459   459 I mediaserver: ServiceManager: 0xf3c9c1c0
01-01 06:27:36.081   451   451 D vndksupport: Loading /vendor/lib/hw/android.hardware.camera.provider@2.4-impl.so from current namespace instead of sphal namespace.
01-01 06:27:36.114   459   459 W BatteryNotifier: batterystats service unavailable!
01-01 06:27:36.129   451   451 D vndksupport: Loading /vendor/lib/hw/camera.msm8992.so from current namespace instead of sphal namespace.
01-01 06:27:36.137   451   451 E HAL     : load: module=/vendor/lib/hw/camera.msm8992.so
01-01 06:27:36.137   451   451 E HAL     : dlopen failed: library "libqdMetaData.so" not found
01-01 06:27:36.137   451   451 E CamProvider@2.4-impl: Could not load camera HAL module: -22 (Invalid argument)
01-01 06:27:36.137   451   451 E CamProvider@2.4-impl: HIDL_FETCH_ICameraProvider: camera provider init failed!
01-01 06:27:36.145   451   451 D vndksupport: Loading /vendor/lib/hw/android.hardware.camera.provider@2.4-impl.so from current namespace instead of sphal namespace.
01-01 06:27:36.168     0     0 I [    4.677551 / 01-01 06:27:36.159][0] android_work: android_work: sent uevent USB_STATE=CONNECTED
01-01 06:27:36.175     0     0 I [    4.681584 / 01-01 06:27:36.163][0] android_work: android_work: sent uevent USB_STATE=DISCONNECTED
01-01 06:27:36.211     0     0 E [    4.715542 / 01-01 06:27:36.199][2] selinux: avc:  denied  { set } for property=ro.qualcomm.bluetooth.opp pid=506 uid=0 gid=0 scontext=u:r:bluetooth:s0 tcontext=u:object_r:default_prop:s0 tclass=property_service permissive=1
01-01 06:27:36.212     0     0 E         : [    4.715542 / 01-01 06:27:36.199][2]
01-01 06:27:36.217   451   451 E ExtCamUtils@3.4: loadFromCfg: Unable to load external camera config file '/vendor/etc/external_camera_config.xml'. Error: XML_ERROR_FILE_NOT_FOUND
01-01 06:27:36.220   451   451 I CameraProviderManager: Connecting to new camera provider: external/0, isRemote? 0
01-01 06:27:36.220   451   451 I CameraProviderManager: Camera provider external/0 ready with 0 camera devices
01-01 06:27:36.221   451   451 I         : Waiting for activity service
01-01 06:27:36.227     0     0 I [    4.736580 / 01-01 06:27:36.219][0] msm_vidc: info: Opening video instance: 0000000000000000, 1
01-01 06:27:36.248     0     0 I [    4.758007 / 01-01 06:27:36.239][1] ueventd: firmware: loading 'venus.mdt' for '/devices/soc.0/fdce0000.qcom,venus/firmware/venus.mdt'
01-01 06:27:36.264     0     0 I [    4.772276 / 01-01 06:27:36.255][1] ueventd: loading /devices/soc.0/fdce0000.qcom,venus/firmware/venus.mdt took 14ms
01-01 06:27:36.264     0     0 I         : [    4.772723 / 01-01 06:27:36.255][1] subsys-pil-tz fdce0000.qcom,venus: venus: loading from 0x0000000007400000 to 0x0000000007900000
01-01 06:27:36.299   431   431 I auditd  : type=1400 audit(0.0:47): avc: denied { read } for comm="healthd" name="present" dev="sysfs" ino=18306 scontext=u:r:healthd:s0 tcontext=u:object_r:sysfs:s0 tclass=file permissive=1
01-01 06:27:36.299   431   431 I healthd : type=1400 audit(0.0:47): avc: denied { read } for name="present" dev="sysfs" ino=18306 scontext=u:r:healthd:s0 tcontext=u:object_r:sysfs:s0 tclass=file permissive=1
01-01 06:27:36.299   431   431 I auditd  : type=1400 audit(0.0:48): avc: denied { open } for comm="healthd" path="/sys/devices/soc.0/qpnp-smbcharger-17/power_supply/battery/present" dev="sysfs" ino=18306 scontext=u:r:healthd:s0 tcontext=u:object_r:sysfs:s0 tclass=file permissive=1
01-01 06:27:36.299   431   431 I healthd : type=1400 audit(0.0:48): avc: denied { open } for path="/sys/devices/soc.0/qpnp-smbcharger-17/power_supply/battery/present" dev="sysfs" ino=18306 scontext=u:r:healthd:s0 tcontext=u:object_r:sysfs:s0 tclass=file permissive=1
01-01 06:27:36.299   431   431 I auditd  : type=1400 audit(0.0:49): avc: denied { getattr } for comm="healthd" path="/sys/devices/soc.0/qpnp-smbcharger-17/power_supply/battery/present" dev="sysfs" ino=18306 scontext=u:r:healthd:s0 tcontext=u:object_r:sysfs:s0 tclass=file permissive=1
01-01 06:27:36.299   431   431 I healthd : type=1400 audit(0.0:49): avc: denied { getattr } for path="/sys/devices/soc.0/qpnp-smbcharger-17/power_supply/battery/present" dev="sysfs" ino=18306 scontext=u:r:healthd:s0 tcontext=u:object_r:sysfs:s0 tclass=file permissive=1
01-01 06:27:36.308     0     0 I         : [    4.815097 / 01-01 06:27:36.299][1] [CC] current batt_temp[20], batt_temp_state[0], current batt_volt[4112], batt_volt_state[0]
01-01 06:27:36.308     0     0 I         : [    4.815115 / 01-01 06:27:36.299][1] [CC] need to change batt_volt_state[0->1]
01-01 06:27:36.308     0     0 I         : [    4.815125 / 01-01 06:27:36.299][1] [CC] change batt_temp[20], batt_temp_state[0], change batt_volt[4112], batt_volt_state[1]
01-01 06:27:36.308     0     0 I         : [    4.815134 / 01-01 06:27:36.299][1] [CC] update_thermal_condition(ibat_limit_charging_scenario=-1)
01-01 06:27:36.308     0     0 I [    4.815253 / 01-01 06:27:36.299][1] SMBCHG: get_parallel_psy: parallel charger not found
01-01 06:27:36.308     0     0 I         : [    4.815333 / 01-01 06:27:36.299][1] [CC] USB Current Set!
01-01 06:27:36.308     0     0 I         : [    4.815524 / 01-01 06:27:36.299][1] [CC] charge_type = 3
01-01 06:27:36.308     0     0 W [    4.818320 / 01-01 06:27:36.299][0] healthd: battery l=82 v=4112 t=20.0 h=2 st=2 c=564 chg=u
01-01 06:27:36.308   422   422 D AndroidRuntime: >>>>>> START com.android.internal.os.ZygoteInit uid 0 <<<<<<
01-01 06:27:36.316     0     0 I [    4.825518 / 01-01 06:27:36.307][0] android_work: android_work: sent uevent USB_STATE=CONNECTED
01-01 06:27:36.316     0     0 I         : [    4.826557 / 01-01 06:27:36.307][0] android_usb gadget: high-speed config #1: fe80f0c8.android_usb
01-01 06:27:36.316     0     0 I         : [    4.826707 / 01-01 06:27:36.307][0] [CC] After update_pm_psy_status (iusb=500)(CC=500)(org=500)(wlc=900)
01-01 06:27:36.316     0     0 I         : [    4.826730 / 01-01 06:27:36.307][0] [CC] USB Current Set!
01-01 06:27:36.316     0     0 I [    4.826775 / 01-01 06:27:36.307][0] SMBCHG: smbchg_stay_awake: staying awake: 0x02 (bit 2)
01-01 06:27:36.316     0     0 I [    4.827170 / 01-01 06:27:36.311][0] SMBCHG: smbchg_vfloat_adjust_check: Starting vfloat adjustments
01-01 06:27:36.316     0     0 I [    4.827284 / 01-01 06:27:36.311][0] SMBCHG: get_parallel_psy: parallel charger not found
01-01 06:27:36.324     0     0 I [    4.827678 / 01-01 06:27:36.311][0] SMBCHG: smbchg_relax: relaxing: 0x00 (bit 2)
01-01 06:27:36.324     0     0 I         : [    4.827955 / 01-01 06:27:36.311][0] [CC] charge_type = 3
01-01 06:27:36.324     0     0 W [    4.830772 / 01-01 06:27:36.311][0] healthd: battery l=82 v=4112 t=20.0 h=2 st=2 c=564 chg=u
01-01 06:27:36.324     0     0 W [    4.832575 / 01-01 06:27:36.315][0] healthd: battery l=82 v=4112 t=20.0 h=2 st=2 c=564 chg=u
01-01 06:27:36.338   422   422 I zygote  : option[0]=-Xzygote
01-01 06:27:36.338   422   422 I zygote  : option[1]=-Xusetombstonedtraces
01-01 06:27:36.338   422   422 I zygote  : option[2]=exit
01-01 06:27:36.338   422   422 I zygote  : option[3]=vfprintf
01-01 06:27:36.338   422   422 I zygote  : option[4]=sensitiveThread
01-01 06:27:36.338   422   422 I zygote  : option[5]=-verbose:gc
01-01 06:27:36.338   422   422 I zygote  : option[6]=-Xms8m
01-01 06:27:36.338   422   422 I zygote  : option[7]=-Xmx768m
01-01 06:27:36.338   422   422 I zygote  : option[8]=-XX:HeapGrowthLimit=288m
01-01 06:27:36.338   422   422 I zygote  : option[9]=-XX:HeapMinFree=2m
01-01 06:27:36.338   422   422 I zygote  : option[10]=-XX:HeapMaxFree=8m
01-01 06:27:36.338   422   422 I zygote  : option[11]=-XX:HeapTargetUtilization=0.75
01-01 06:27:36.338   422   422 I zygote  : option[12]=-Xusejit:true
01-01 06:27:36.339   422   422 I zygote  : option[13]=-Xjitsaveprofilinginfo
01-01 06:27:36.339   422   422 I zygote  : option[14]=-XjdwpOptions:suspend=n,server=y
01-01 06:27:36.339   422   422 I zygote  : option[15]=-XjdwpProvider:default
01-01 06:27:36.339   422   422 I zygote  : option[16]=-Xlockprofthreshold:500
01-01 06:27:36.339   422   422 I zygote  : option[17]=-Ximage-compiler-option
01-01 06:27:36.339   422   422 I zygote  : option[18]=--runtime-arg
01-01 06:27:36.339   422   422 I zygote  : option[19]=-Ximage-compiler-option
01-01 06:27:36.339   422   422 I zygote  : option[20]=-Xms64m
01-01 06:27:36.339   422   422 I zygote  : option[21]=-Ximage-compiler-option
01-01 06:27:36.339   422   422 I zygote  : option[22]=--runtime-arg
01-01 06:27:36.339   422   422 I zygote  : option[23]=-Ximage-compiler-option
01-01 06:27:36.339   422   422 I zygote  : option[24]=-Xmx64m
01-01 06:27:36.339   422   422 I zygote  : option[25]=-Ximage-compiler-option
01-01 06:27:36.339   422   422 I zygote  : option[26]=--profile-file=/system/etc/boot-image.prof
01-01 06:27:36.339   422   422 I zygote  : option[27]=-Ximage-compiler-option
01-01 06:27:36.339   422   422 I zygote  : option[28]=--compiler-filter=speed-profile
01-01 06:27:36.339   422   422 I zygote  : option[29]=-Xcompiler-option
01-01 06:27:36.339   422   422 I zygote  : option[30]=--runtime-arg
01-01 06:27:36.339   422   422 I zygote  : option[31]=-Xcompiler-option
01-01 06:27:36.339   422   422 I zygote  : option[32]=-Xms64m
01-01 06:27:36.339   422   422 I zygote  : option[33]=-Xcompiler-option
01-01 06:27:36.339   422   422 I zygote  : option[34]=--runtime-arg
01-01 06:27:36.339   422   422 I zygote  : option[35]=-Xcompiler-option
01-01 06:27:36.339   422   422 I zygote  : option[36]=-Xmx512m
01-01 06:27:36.339   422   422 I zygote  : option[37]=-Xcompiler-option
01-01 06:27:36.339   422   422 I zygote  : option[38]=-j2
01-01 06:27:36.339   422   422 I zygote  : option[39]=-Ximage-compiler-option
01-01 06:27:36.339   422   422 I zygote  : option[40]=-j4
01-01 06:27:36.339   422   422 I zygote  : option[41]=-Ximage-compiler-option
01-01 06:27:36.339   422   422 I zygote  : option[42]=--instruction-set-variant=cortex-a53.a57
01-01 06:27:36.339   422   422 I zygote  : option[43]=-Xcompiler-option
01-01 06:27:36.339   422   422 I zygote  : option[44]=--instruction-set-variant=cortex-a53.a57
01-01 06:27:36.339   422   422 I zygote  : option[45]=-Ximage-compiler-option
01-01 06:27:36.339   422   422 I zygote  : option[46]=--instruction-set-features=default
01-01 06:27:36.339   422   422 I zygote  : option[47]=-Xcompiler-option
01-01 06:27:36.339   422   422 I zygote  : option[48]=--instruction-set-features=default
01-01 06:27:36.339   422   422 I zygote  : option[49]=-Duser.locale=en-US
01-01 06:27:36.339   422   422 I zygote  : option[50]=--cpu-abilist=armeabi-v7a,armeabi
01-01 06:27:36.339   422   422 I zygote  : option[51]=-Xfingerprint:lge/p1_global_com/p1:8.1.0/OPM4.171019.016.A1/4720815:user/release-keys
01-01 06:27:36.373   422   422 I zygote  : VerifyImage: /system/bin/patchoat --input-image-location=/system/framework/boot.art --output-image-directory=/data/dalvik-cache/arm --instruction-set=arm --verify
01-01 06:27:36.375     0     0 I [    4.883196 / 01-01 06:27:36.367][0] android_work: android_work: sent uevent USB_STATE=CONFIGURED
01-01 06:27:36.395   514   514 I auditd  : type=1400 audit(0.0:50): avc: denied { read } for comm="storaged" name="stat" dev="sysfs" ino=20399 scontext=u:r:storaged:s0 tcontext=u:object_r:sysfs:s0 tclass=file permissive=1
01-01 06:27:36.395   514   514 I storaged: type=1400 audit(0.0:50): avc: denied { read } for name="stat" dev="sysfs" ino=20399 scontext=u:r:storaged:s0 tcontext=u:object_r:sysfs:s0 tclass=file permissive=1
01-01 06:27:36.419   514   514 I auditd  : type=1400 audit(0.0:51): avc: denied { open } for comm="storaged" path="/sys/devices/soc.0/f9824900.sdhci/mmc_host/mmc0/mmc0:0001/block/mmcblk0/stat" dev="sysfs" ino=20399 scontext=u:r:storaged:s0 tcontext=u:object_r:sysfs:s0 tclass=file permissive=1
01-01 06:27:36.419   514   514 I storaged: type=1400 audit(0.0:51): avc: denied { open } for path="/sys/devices/soc.0/f9824900.sdhci/mmc_host/mmc0/mmc0:0001/block/mmcblk0/stat" dev="sysfs" ino=20399 scontext=u:r:storaged:s0 tcontext=u:object_r:sysfs:s0 tclass=file permissive=1
01-01 06:27:36.424   461   514 I storaged: storaged: Start
01-01 06:27:36.454     0     0 I [    4.959222 / 01-01 06:27:36.443][3] ueventd: firmware: loading 'venus.b02' for '/devices/soc.0/fdce0000.qcom,venus/firmware/venus.b02'
01-01 06:27:36.456   445   445 E cutils-trace: Error opening trace file: Permission denied (13)
01-01 06:27:36.459   445   445 I ConfigStore: android::hardware::configstore::V1_0::ISurfaceFlingerConfigs::startGraphicsAllocatorService retrieved: 0
01-01 06:27:36.459   445   445 I SurfaceFlinger: Using HWComposer service: 'default'
01-01 06:27:36.459   445   445 I SurfaceFlinger: SurfaceFlinger is starting
01-01 06:27:36.461   445   445 I ConfigStore: android::hardware::configstore::V1_0::ISurfaceFlingerConfigs::vsyncEventPhaseOffsetNs retrieved: 1000000 (default)
01-01 06:27:36.462   445   445 I ConfigStore: android::hardware::configstore::V1_0::ISurfaceFlingerConfigs::vsyncSfEventPhaseOffsetNs retrieved: 1000000 (default)
01-01 06:27:36.462   445   445 I ConfigStore: android::hardware::configstore::V1_0::ISurfaceFlingerConfigs::hasSyncFramework retrieved: 1
01-01 06:27:36.462   445   445 I ConfigStore: android::hardware::configstore::V1_0::ISurfaceFlingerConfigs::presentTimeOffsetFromVSyncNs retrieved: 0
01-01 06:27:36.462   445   445 I ConfigStore: android::hardware::configstore::V1_0::ISurfaceFlingerConfigs::useHwcForRGBtoYUV retrieved: 0
01-01 06:27:36.462   445   445 I ConfigStore: android::hardware::configstore::V1_0::ISurfaceFlingerConfigs::maxVirtualDisplaySize retrieved: 0 (default)
01-01 06:27:36.462   445   445 I ConfigStore: android::hardware::configstore::V1_0::ISurfaceFlingerConfigs::useVrFlinger retrieved: 0 (default)
01-01 06:27:36.462   445   445 I ConfigStore: android::hardware::configstore::V1_0::ISurfaceFlingerConfigs::maxFrameBufferAcquiredBuffers retrieved: 3
01-01 06:27:36.462   445   445 I ConfigStore: android::hardware::configstore::V1_0::ISurfaceFlingerConfigs::hasWideColorDisplay retrieved: 0
01-01 06:27:36.463   403   403 W hwservicemanager: getTransport: Cannot find entry android.hardware.configstore@1.1::ISurfaceFlingerConfigs/default in either framework or device manifest.
01-01 06:27:36.464   445   445 I ConfigStore: android::hardware::configstore::V1_1::ISurfaceFlingerConfigs::primaryDisplayOrientation retrieved: ORIENTATION_0 (default)
01-01 06:27:36.465   445   445 I SurfaceFlinger: Enabling HWC virtual displays
01-01 06:27:36.465   445   445 I SurfaceFlinger: Disabling Triple Buffering
01-01 06:27:36.465   445   445 I SurfaceFlinger: Treble testing override: 'false'
01-01 06:27:36.465   445   445 I SurfaceFlinger: SurfaceFlinger's main thread ready to run. Initializing graphics H/W...
01-01 06:27:36.465   445   445 I SurfaceFlinger: Phase offest NS: 1000000
01-01 06:27:36.467   443   443 I FastMixerState: sMaxFastTracks = 8
01-01 06:27:36.468     0     0 I [    4.978201 / 01-01 06:27:36.459][3] ueventd: loading /devices/soc.0/fdce0000.qcom,venus/firmware/venus.b02 took 23ms
01-01 06:27:36.469   445   445 D vndksupport: Loading /vendor/lib64/egl/libEGL_adreno.so from current namespace instead of sphal namespace.
01-01 06:27:36.469   443   443 V MediaUtils: physMem: 2948182016
01-01 06:27:36.469   443   443 V MediaUtils: requested limit: 536870912
01-01 06:27:36.469   443   443 V MediaUtils: actual limit: 536870912
01-01 06:27:36.469   443   443 V MediaUtils: original limits: 4294967295/4294967295
01-01 06:27:36.469   443   443 V MediaUtils: new limits: 536870912/4294967295
01-01 06:27:36.470   443   443 I audioserver: ServiceManager: 0xf031c100
01-01 06:27:36.471   443   443 W BatteryNotifier: batterystats service unavailable!
01-01 06:27:36.471   443   443 E cutils-trace: Error opening trace file: Permission denied (13)
01-01 06:27:36.474   443   443 D vndksupport: Loading /vendor/lib/hw/android.hardware.audio@2.0-impl.so from current namespace instead of sphal namespace.
01-01 06:27:36.476     0     0 I [    4.986743 / 01-01 06:27:36.467][3] ueventd: firmware: loading 'venus.b03' for '/devices/soc.0/fdce0000.qcom,venus/firmware/venus.b03'
01-01 06:27:36.477   445   445 D libEGL  : loaded /vendor/lib64/egl/libEGL_adreno.so
01-01 06:27:36.498   443   443 D vndksupport: Loading /vendor/lib/hw/android.hardware.audio@2.0-impl.so from current namespace instead of sphal namespace.
01-01 06:27:36.500   443   443 D vndksupport: Loading /vendor/lib/hw/android.hardware.audio@2.0-impl.so from current namespace instead of sphal namespace.
01-01 06:27:36.502   457   457 V MediaUtils: physMem: 2948182016
01-01 06:27:36.502   457   457 V MediaUtils: requested limit: 589636400
01-01 06:27:36.502   457   457 V MediaUtils: cfi shadow size: 2147483648
01-01 06:27:36.502   457   457 V MediaUtils: actual limit: 2737120048
01-01 06:27:36.502   457   457 V MediaUtils: original limits: -1/-1
01-01 06:27:36.502   457   457 V MediaUtils: new limits: 2737120048/-1
01-01 06:27:36.502   457   457 D vndksupport: Loading libutils.so from current namespace instead of sphal namespace.
01-01 06:27:36.504   443   443 D vndksupport: Loading /vendor/lib/hw/android.hardware.audio.effect@2.0-impl.so from current namespace instead of sphal namespace.
01-01 06:27:36.505   457   457 W mediaextractor: libminijail[457]: failed to get path of fd 4: No such file or directory
01-01 06:27:36.505   457   457 W mediaextractor: libminijail[457]: allowing syscall: connect
01-01 06:27:36.505   457   457 W mediaextractor: libminijail[457]: allowing syscall: fcntl
01-01 06:27:36.505   457   457 W mediaextractor: libminijail[457]: allowing syscall: sendto
01-01 06:27:36.505   457   457 W mediaextractor: libminijail[457]: allowing syscall: socket
01-01 06:27:36.505   457   457 W mediaextractor: libminijail[457]: allowing syscall: writev
01-01 06:27:36.506   457   457 W mediaextractor: libminijail[457]: logging seccomp filter failures
01-01 06:27:36.526   443   443 D vndksupport: Loading /vendor/lib/hw/android.hardware.audio.effect@2.0-impl.so from current namespace instead of sphal namespace.
01-01 06:27:36.527   443   443 I AudioFlinger: Using 300 mSec as standby time.
01-01 06:27:36.529   443   443 E APM::Serializer: deserialize: Could not parse /odm/etc/audio_policy_configuration.xml document.
01-01 06:27:36.529   443   443 E APM::Serializer: deserialize: Could not parse /vendor/etc/audio/audio_policy_configuration.xml document.
01-01 06:27:36.541   532   532 I qcom-bluetooth: /system/bin/init.qcom.bt.sh: Bluetooth stack is Bluedroid
01-01 06:27:36.547     0     0 I [    5.055212 / 01-01 06:27:36.539][1] init: Service 'config_bluetooth' (pid 441) exited with status 0
01-01 06:27:36.552   443   443 D vndksupport: Loading /vendor/lib/hw/audio.primary.default.so from current namespace instead of sphal namespace.
01-01 06:27:36.560   443   443 W DeviceHAL: Error from HAL Device in function get_master_volume: Function not implemented
01-01 06:27:36.560   443   443 W DeviceHAL: Error from HAL Device in function get_master_mute: Function not implemented
01-01 06:27:36.560   443   443 W DeviceHAL: Error from HAL Device in function set_master_volume: Function not implemented
01-01 06:27:36.560   443   443 W DeviceHAL: Error from HAL Device in function set_master_mute: Function not implemented
01-01 06:27:36.560   443   443 I AudioFlinger: loadHwModule() Loaded primary audio interface, handle 10
01-01 06:27:36.560   443   443 I AudioFlinger: openOutput() this 0xf033e000, module 10 Device 0x2, SamplingRate 48000, Format 0x000001, Channels 0x3, flags 0x2
01-01 06:27:36.560   443   443 I AudioFlinger: HAL output buffer size 480 frames, normal sink buffer size 960 frames
01-01 06:27:36.562   443   443 D vndksupport: Loading /vendor/lib/hw/android.hardware.audio.effect@2.0-impl.so from current namespace instead of sphal namespace.
01-01 06:27:36.564   443   443 D vndksupport: Loading /vendor/lib/hw/android.hardware.audio.effect@2.0-impl.so from current namespace instead of sphal namespace.
01-01 06:27:36.639   443   443 E EffectsFactoryConfigLoader: Could not find library in effect directories: libqcomvisualizer.so
01-01 06:27:36.643   443   443 E EffectsFactoryConfigLoader: Could not find library in effect directories: libqcompostprocbundle.so
01-01 06:27:36.643   443   443 E EffectsFactoryConfigLoader: Could not find library in effect directories: libqcomvoiceprocessing.so
01-01 06:27:36.652   443   443 E EffectsFactoryConfigLoader: Could not find library offload_bundle to load effect bassboost libhw
01-01 06:27:36.653   443   443 E EffectsFactoryConfigLoader: Could not find library offload_bundle to load effect virtualizer libhw
01-01 06:27:36.653   443   443 E EffectsFactoryConfigLoader: Could not find library offload_bundle to load effect equalizer libhw
01-01 06:27:36.653   443   443 E EffectsFactoryConfigLoader: Could not find library offload_bundle to load effect reverb_env_aux libhw
01-01 06:27:36.653   443   443 E EffectsFactoryConfigLoader: Could not find library offload_bundle to load effect reverb_env_ins libhw
01-01 06:27:36.653   443   443 E EffectsFactoryConfigLoader: Could not find library offload_bundle to load effect reverb_pre_aux libhw
01-01 06:27:36.653   443   443 E EffectsFactoryConfigLoader: Could not find library offload_bundle to load effect reverb_pre_ins libhw
01-01 06:27:36.653   443   443 E EffectsFactoryConfigLoader: Could not find library visualizer_hw to load effect visualizer libhw
01-01 06:27:36.653   443   443 E EffectsFactoryConfigLoader: 11 errors during loading of configuration: EffectsFactoryConfigLoader
01-01 06:27:36.653   443   443 E EffectsFactory: Effect config is partially invalid, skipped 11 elements
01-01 06:27:36.653   443   443 I BufferProvider: found effect "Multichannel Downmix To Stereo" from The Android Open Source Project
01-01 06:27:36.654   443   540 I AudioFlinger: AudioFlinger's thread 0xef983400 tid=540 ready to run
01-01 06:27:36.654   443   443 I AudioFlinger: Using module 10 as the primary audio interface
01-01 06:27:36.654   443   540 W AudioFlinger: no wake lock to update, system not ready yet
01-01 06:27:36.654   443   540 W AudioFlinger: no wake lock to update, system not ready yet
01-01 06:27:36.654   443   535 W DeviceHAL: Error from HAL Device in function set_voice_volume: Function not implemented
01-01 06:27:36.655   443   443 W AudioFlinger: moveEffects() bad srcOutput 0
01-01 06:27:36.655   443   443 W APM_AudioPolicyManager: Output profile contains no device on module primary
01-01 06:27:36.655   443   443 I AudioFlinger: openOutput() this 0xf033e000, module 10 Device 0x2, SamplingRate 48000, Format 0x000001, Channels 0x3, flags 0x8
01-01 06:27:36.655   443   443 I AudioFlinger: HAL output buffer size 480 frames, normal sink buffer size 960 frames
01-01 06:27:36.656   443   542 I AudioFlinger: AudioFlinger's thread 0xef283fc0 tid=542 ready to run
01-01 06:27:36.656   443   542 W AudioFlinger: no wake lock to update, system not ready yet
01-01 06:27:36.656   443   542 W AudioFlinger: no wake lock to update, system not ready yet
01-01 06:27:36.659     0     0 I [    5.168315 / 01-01 06:27:36.651][1] ueventd: loading /devices/soc.0/fdce0000.qcom,venus/firmware/venus.b03 took 181ms
01-01 06:27:36.660   421   421 D AndroidRuntime: >>>>>> START com.android.internal.os.ZygoteInit uid 0 <<<<<<
01-01 06:27:36.660   421   421 I boot_progress_start: 5168
01-01 06:27:36.660   443   443 I AudioFlinger: openOutput() this 0xf033e000, module 10 Device 0x2, SamplingRate 48000, Format 0x000001, Channels 0x3, flags 0x4
01-01 06:27:36.661   443   443 I AudioFlinger: HAL output buffer size 480 frames, normal sink buffer size 960 frames
01-01 06:27:36.661   443   544 I AudioFlinger: AudioFlinger's thread 0xeef831c0 tid=544 ready to run
01-01 06:27:36.661   443   544 W AudioFlinger: no wake lock to update, system not ready yet
01-01 06:27:36.662   443   544 W AudioFlinger: no wake lock to update, system not ready yet
01-01 06:27:36.662   443   443 W APM_AudioPolicyManager: Output profile contains no device on module primary
01-01 06:27:36.662   443   443 W APM_AudioPolicyManager: Output profile contains no device on module primary
01-01 06:27:36.663   443   443 I AudioFlinger: openOutput() this 0xf033e000, module 10 Device 0x10000, SamplingRate 48000, Format 0x000001, Channels 0x3, flags 0
01-01 06:27:36.663   443   443 I AudioFlinger: HAL output buffer size 480 frames, normal sink buffer size 960 frames
01-01 06:27:36.663   443   547 I AudioFlinger: AudioFlinger's thread 0xeec83000 tid=547 ready to run
01-01 06:27:36.663   443   547 W AudioFlinger: no wake lock to update, system not ready yet
01-01 06:27:36.663     0     0 I [    5.173964 / 01-01 06:27:36.655][0] ueventd: firmware: loading 'venus.b04' for '/devices/soc.0/fdce0000.qcom,venus/firmware/venus.b04'
01-01 06:27:36.664   443   547 W AudioFlinger: no wake lock to update, system not ready yet
01-01 06:27:36.665   443   443 W APM_AudioPolicyManager: Output profile contains no device on module primary
01-01 06:27:36.665   443   443 W APM_AudioPolicyManager: Output profile contains no device on module primary
01-01 06:27:36.665   443   548 I AudioFlinger: AudioFlinger's thread 0xee9834c0 tid=548 ready to run
01-01 06:27:36.666   443   549 I AudioFlinger: AudioFlinger's thread 0xee983e00 tid=549 ready to run
01-01 06:27:36.693   443   443 I bt_a2dp_hw: adev_open:  adev_open in A2dp_hw module
01-01 06:27:36.693   443   443 I AudioFlinger: loadHwModule() Loaded a2dp audio interface, handle 18
01-01 06:27:36.694   443   443 D vndksupport: Loading /vendor/lib/hw/audio.usb.default.so from current namespace instead of sphal namespace.
01-01 06:27:36.698   443   443 I AudioFlinger: loadHwModule() Loaded usb audio interface, handle 26
01-01 06:27:36.698   443   443 D vndksupport: Loading /vendor/lib/hw/audio.r_submix.default.so from current namespace instead of sphal namespace.
01-01 06:27:36.701   443   443 I r_submix: adev_open(name=audio_hw_if)
01-01 06:27:36.701   443   443 I r_submix: adev_init_check()
01-01 06:27:36.701   443   443 W DeviceHAL: Error from HAL Device in function set_master_mute: Function not implemented
01-01 06:27:36.701   443   443 I AudioFlinger: loadHwModule() Loaded r_submix audio interface, handle 34
01-01 06:27:36.702   443   443 D r_submix: adev_open_input_stream(addr=0)
01-01 06:27:36.702   443   443 D r_submix: submix_audio_device_create_pipe_l(addr=0, idx=9)
01-01 06:27:36.702   443   443 D r_submix:   now using address 0 for route 9
01-01 06:27:36.702   443   550 I AudioFlinger: AudioFlinger's thread 0xee983880 tid=550 ready to run
01-01 06:27:36.702   443   443 D r_submix: adev_close_input_stream()
01-01 06:27:36.702   443   443 D r_submix: submix_audio_device_release_pipe_l(idx=9) addr=0
01-01 06:27:36.702   443   443 D r_submix: submix_audio_device_destroy_pipe_l(): pipe destroyed
01-01 06:27:36.702   443   443 D AudioPolicyManagerCustom: USE_XML_AUDIO_POLICY_CONF is TRUE
01-01 06:27:36.704   443   443 I         : Waiting for activity service
01-01 06:27:36.711     0     0 I [    5.220202 / 01-01 06:27:36.703][1] ueventd: loading /devices/soc.0/fdce0000.qcom,venus/firmware/venus.b04 took 47ms
01-01 06:27:36.728     0     0 I         : [    5.235569 / 01-01 06:27:36.719][0] subsys-pil-tz fdce0000.qcom,venus: venus: Brought out of reset
01-01 06:27:36.742   451   509 W CamPvdr@2.4-external: deviceAdded device /dev/video32 does not support VIDEO_CAPTURE
01-01 06:27:36.742   451   509 W CamPvdr@2.4-external: deviceAdded device /dev/video33 does not support VIDEO_CAPTURE
01-01 06:27:36.743   451   509 E CamPvdr@2.4-external: deviceAdded open v4l2 device /dev/video2 failed:No such device
01-01 06:27:36.743   451   509 E CamPvdr@2.4-external: deviceAdded open v4l2 device /dev/video1 failed:No such device
01-01 06:27:36.743   451   509 E CamPvdr@2.4-external: deviceAdded v4l2 QUERYCAP /dev/video0 failed
01-01 06:27:36.743   451   509 I CamPvdr@2.4-external: threadLoop start monitoring new V4L2 devices
01-01 06:27:36.744     0     0 I [    5.253874 / 01-01 06:27:36.739][1] msm_vidc: info: Closed video instance: 0000000000000000
01-01 06:27:36.744     0     0 I [    5.253972 / 01-01 06:27:36.739][1] msm_vidc: info: Opening video instance: 0000000000000000, 0
01-01 06:27:36.744     0     0 I [    5.254247 / 01-01 06:27:36.739][1] msm_vidc: info: Closed video instance: 0000000000000000
01-01 06:27:36.744     0     0 E [    5.254388 / 01-01 06:27:36.739][1] camera_v4l2_open: msm_create_session id=2
01-01 06:27:36.744     0     0 E [    5.254400 / 01-01 06:27:36.739][1] msm_create_command_ack_q: session_id = 2, stream_id = 0
01-01 06:27:36.744     0     0 E [    5.254411 / 01-01 06:27:36.739][1] msm_post_event: msm event queue not available Line 744
01-01 06:27:36.744     0     0 E [    5.254420 / 01-01 06:27:36.739][1] camera_v4l2_open: posting of NEW_SESSION event failed
01-01 06:27:36.744     0     0 E [    5.254429 / 01-01 06:27:36.739][1] camera_v4l2_open: Line 599 rc -19
01-01 06:27:36.744     0     0 E [    5.254437 / 01-01 06:27:36.739][1] msm_delete_command_ack_q: session_id = 2, stream_id = 0
01-01 06:27:36.744     0     0 E [    5.254446 / 01-01 06:27:36.739][1] msm_destroy_session: session_id = 2
01-01 06:27:36.744     0     0 E [    5.254509 / 01-01 06:27:36.739][1] camera_v4l2_open: msm_create_session id=1
01-01 06:27:36.744     0     0 E [    5.254522 / 01-01 06:27:36.739][1] msm_create_command_ack_q: session_id = 1, stream_id = 0
01-01 06:27:36.744     0     0 E [    5.254532 / 01-01 06:27:36.739][1] msm_post_event: msm event queue not available Line 744
01-01 06:27:36.744     0     0 E [    5.254541 / 01-01 06:27:36.739][1] camera_v4l2_open: posting of NEW_SESSION event failed
01-01 06:27:36.744     0     0 E [    5.254573 / 01-01 06:27:36.739][1] camera_v4l2_open: Line 599 rc -19
01-01 06:27:36.744     0     0 E [    5.254583 / 01-01 06:27:36.739][1] msm_delete_command_ack_q: session_id = 1, stream_id = 0
01-01 06:27:36.744     0     0 E [    5.254592 / 01-01 06:27:36.739][1] msm_destroy_session: session_id = 1
01-01 06:27:36.744     0     0 E [    5.254668 / 01-01 06:27:36.739][1] msm_isp_ioctl_compat: 885 failed: invalid params ffffffc0c32a8000
01-01 06:27:36.744     0     0 E [    5.254678 / 01-01 06:27:36.739][1] msm_isp_ioctl_compat: 888 failed           (null)
01-01 06:27:36.744     0     0 E [    5.254687 / 01-01 06:27:36.739][1] msm_isp_ioctl_compat: 885 failed: invalid params ffffffc0c32f0000
01-01 06:27:36.744     0     0 E [    5.254695 / 01-01 06:27:36.739][1] msm_isp_ioctl_compat: 888 failed           (null)
01-01 06:27:36.744     0     0 E [    5.254705 / 01-01 06:27:36.739][1] msm_flash_subdev_ioctl: 672 fctrl->func_tbl NULL
01-01 06:27:36.744     0     0 E [    5.254718 / 01-01 06:27:36.739][1] msm_ois_subdev_ioctl: 553 Enter
01-01 06:27:36.744     0     0 E [    5.254727 / 01-01 06:27:36.739][1] msm_ois_subdev_ioctl: 554 msm_ois_subdev_ioctl:554 o_ctrl ffffffc0c36a6c00 argp ffffffc0ba537dc8
01-01 06:27:36.744     0     0 E [    5.254736 / 01-01 06:27:36.739][1] msm_ois_power_down: 180 Enter
01-01 06:27:36.744     0     0 E [    5.254744 / 01-01 06:27:36.739][1] msm_ois_power_down: 202 Exit
01-01 06:27:36.744     0     0 E [    5.254752 / 01-01 06:27:36.739][1] msm_ois_close: 523 Enter
01-01 06:27:36.744     0     0 E [    5.254761 / 01-01 06:27:36.739][1] msm_ois_close: 539 Exit
01-01 06:27:36.744     0     0 E [    5.254773 / 01-01 06:27:36.739][1] msm_tcs_power_down: 450 Enter
01-01 06:27:36.744     0     0 E [    5.254781 / 01-01 06:27:36.739][1] msm_tcs_power_down: 463 Exit
01-01 06:27:36.744     0     0 E         : [    5.254794 / 01-01 06:27:36.739][1] msm_csiphy_release csiphy dev NULL / ref_count ZERO
01-01 06:27:36.744     0     0 E         : [    5.254803 / 01-01 06:27:36.739][1] msm_csiphy_release csiphy dev NULL / ref_count ZERO
01-01 06:27:36.744     0     0 E         : [    5.254811 / 01-01 06:27:36.739][1] msm_csiphy_release csiphy dev NULL / ref_count ZERO
01-01 06:27:36.744     0     0 E [    5.254822 / 01-01 06:27:36.739][1] msm_csid_release: csid invalid state 1
01-01 06:27:36.744     0     0 E [    5.254831 / 01-01 06:27:36.739][1] msm_csid_release: csid invalid state 1
01-01 06:27:36.744     0     0 E [    5.254841 / 01-01 06:27:36.739][1] msm_csid_release: csid invalid state 1
01-01 06:27:36.744     0     0 E [    5.254851 / 01-01 06:27:36.739][1] msm_csid_release: csid invalid state 1
01-01 06:27:36.744     0     0 E         : [    5.254866 / 01-01 06:27:36.739][1] MSM-SENSOR-INIT msm_sensor_init_subdev_ioctl:119 default
01-01 06:27:36.744     0     0 E         : [    5.254866 / 01-01 06:27:36.739][1]
01-01 06:27:36.744     0     0 I         : [    5.254885 / 01-01 06:27:36.739][1] MSM-CPP msm_cpp_subdev_ioctl:2648 shutdown cpp node. open cnt:0
01-01 06:27:36.798   421   421 I zygote64: option[0]=-Xzygote
01-01 06:27:36.798   421   421 I zygote64: option[1]=-Xusetombstonedtraces
01-01 06:27:36.798   421   421 I zygote64: option[2]=exit
01-01 06:27:36.798   421   421 I zygote64: option[3]=vfprintf
01-01 06:27:36.798   421   421 I zygote64: option[4]=sensitiveThread
01-01 06:27:36.798   421   421 I zygote64: option[5]=-verbose:gc
01-01 06:27:36.798   421   421 I zygote64: option[6]=-Xms8m
01-01 06:27:36.798   421   421 I zygote64: option[7]=-Xmx768m
01-01 06:27:36.798   421   421 I zygote64: option[8]=-XX:HeapGrowthLimit=288m
01-01 06:27:36.798   421   421 I zygote64: option[9]=-XX:HeapMinFree=2m
01-01 06:27:36.798   421   421 I zygote64: option[10]=-XX:HeapMaxFree=8m
01-01 06:27:36.798   421   421 I zygote64: option[11]=-XX:HeapTargetUtilization=0.75
01-01 06:27:36.798   421   421 I zygote64: option[12]=-Xusejit:true
01-01 06:27:36.798   421   421 I zygote64: option[13]=-Xjitsaveprofilinginfo
01-01 06:27:36.798   421   421 I zygote64: option[14]=-XjdwpOptions:suspend=n,server=y
01-01 06:27:36.798   421   421 I zygote64: option[15]=-XjdwpProvider:default
01-01 06:27:36.798   421   421 I zygote64: option[16]=-Xlockprofthreshold:500
01-01 06:27:36.798   421   421 I zygote64: option[17]=-Ximage-compiler-option
01-01 06:27:36.798   421   421 I zygote64: option[18]=--runtime-arg
01-01 06:27:36.798   421   421 I zygote64: option[19]=-Ximage-compiler-option
01-01 06:27:36.798   421   421 I zygote64: option[20]=-Xms64m
01-01 06:27:36.798   421   421 I zygote64: option[21]=-Ximage-compiler-option
01-01 06:27:36.798   421   421 I zygote64: option[22]=--runtime-arg
01-01 06:27:36.798   421   421 I zygote64: option[23]=-Ximage-compiler-option
01-01 06:27:36.798   421   421 I zygote64: option[24]=-Xmx64m
01-01 06:27:36.798   421   421 I zygote64: option[25]=-Ximage-compiler-option
01-01 06:27:36.798   421   421 I zygote64: option[26]=--profile-file=/system/etc/boot-image.prof
01-01 06:27:36.798   421   421 I zygote64: option[27]=-Ximage-compiler-option
01-01 06:27:36.798   421   421 I zygote64: option[28]=--compiler-filter=speed-profile
01-01 06:27:36.798   421   421 I zygote64: option[29]=-Xcompiler-option
01-01 06:27:36.798   421   421 I zygote64: option[30]=--runtime-arg
01-01 06:27:36.798   421   421 I zygote64: option[31]=-Xcompiler-option
01-01 06:27:36.798   421   421 I zygote64: option[32]=-Xms64m
01-01 06:27:36.799   421   421 I zygote64: option[33]=-Xcompiler-option
01-01 06:27:36.799   421   421 I zygote64: option[34]=--runtime-arg
01-01 06:27:36.799   421   421 I zygote64: option[35]=-Xcompiler-option
01-01 06:27:36.799   421   421 I zygote64: option[36]=-Xmx512m
01-01 06:27:36.799   421   421 I zygote64: option[37]=-Xcompiler-option
01-01 06:27:36.799   421   421 I zygote64: option[38]=-j2
01-01 06:27:36.799   421   421 I zygote64: option[39]=-Ximage-compiler-option
01-01 06:27:36.799   421   421 I zygote64: option[40]=-j4
01-01 06:27:36.799   421   421 I zygote64: option[41]=-Ximage-compiler-option
01-01 06:27:36.799   421   421 I zygote64: option[42]=--instruction-set-variant=generic
01-01 06:27:36.799   421   421 I zygote64: option[43]=-Xcompiler-option
01-01 06:27:36.799   421   421 I zygote64: option[44]=--instruction-set-variant=generic
01-01 06:27:36.799   421   421 I zygote64: option[45]=-Ximage-compiler-option
01-01 06:27:36.799   421   421 I zygote64: option[46]=--instruction-set-features=default
01-01 06:27:36.799   421   421 I zygote64: option[47]=-Xcompiler-option
01-01 06:27:36.799   421   421 I zygote64: option[48]=--instruction-set-features=default
01-01 06:27:36.799   421   421 I zygote64: option[49]=-Duser.locale=en-US
01-01 06:27:36.799   421   421 I zygote64: option[50]=--cpu-abilist=arm64-v8a
01-01 06:27:36.799   421   421 I zygote64: option[51]=-Xfingerprint:lge/p1_global_com/p1:8.1.0/OPM4.171019.016.A1/4720815:user/release-keys
01-01 06:27:36.868   421   421 I zygote64: VerifyImage: /system/bin/patchoat --input-image-location=/system/framework/boot.art --output-image-directory=/data/dalvik-cache/arm64 --instruction-set=arm64 --verify
01-01 06:27:36.981   445   445 D vndksupport: Loading /vendor/lib64/egl/libGLESv1_CM_adreno.so from current namespace instead of sphal namespace.
01-01 06:27:36.984   445   445 D libEGL  : loaded /vendor/lib64/egl/libGLESv1_CM_adreno.so
01-01 06:27:37.006   445   445 D vndksupport: Loading /vendor/lib64/egl/libGLESv2_adreno.so from current namespace instead of sphal namespace.
01-01 06:27:37.006   445   445 D libEGL  : loaded /vendor/lib64/egl/libGLESv2_adreno.so
01-01 06:27:37.032   445   445 D vndksupport: Loading /vendor/lib64/hw/gralloc.default.so from current namespace instead of sphal namespace.
01-01 06:27:37.033   445   445 I Adreno  : QUALCOMM build                   : d3015e9, I25dc76dc3f
01-01 06:27:37.033   445   445 I Adreno  : Build Date                       : 01/26/17
01-01 06:27:37.033   445   445 I Adreno  : OpenGL ES Shader Compiler Version: XE031.09.00.03
01-01 06:27:37.033   445   445 I Adreno  : Local Branch                     : 
01-01 06:27:37.033   445   445 I Adreno  : Remote Branch                    : refs/tags/AU_LINUX_ANDROID_LA.BF64.1.2.3_RB1.07.00.00.258.011
01-01 06:27:37.033   445   445 I Adreno  : Remote Branch                    : NONE
01-01 06:27:37.033   445   445 I Adreno  : Reconstruct Branch               : NOTHING
01-01 06:27:37.035     0     0 I [    5.546403 / 01-01 06:27:37.027][1] ueventd: firmware: loading 'a420_pm4.fw' for '/devices/soc.0/fdb00000.qcom,kgsl-3d0/kgsl/kgsl-3d0/a420_pm4.fw'
01-01 06:27:37.039     0     0 I [    5.547875 / 01-01 06:27:37.031][1] ueventd: loading /devices/soc.0/fdb00000.qcom,kgsl-3d0/kgsl/kgsl-3d0/a420_pm4.fw took 1ms
01-01 06:27:37.039     0     0 I [    5.548560 / 01-01 06:27:37.031][1] ueventd: firmware: loading 'a420_pfp.fw' for '/devices/soc.0/fdb00000.qcom,kgsl-3d0/kgsl/kgsl-3d0/a420_pfp.fw'
01-01 06:27:37.040     0     0 I [    5.549295 / 01-01 06:27:37.031][1] ueventd: loading /devices/soc.0/fdb00000.qcom,kgsl-3d0/kgsl/kgsl-3d0/a420_pfp.fw took 0ms
01-01 06:27:37.047     0     0 E         : [    5.557476 / 01-01 06:27:37.043][1] devfreq qcom,kgsl-busmon.18: Couldn't update frequency transition information.
01-01 06:27:37.054   445   445 I ConfigStore: android::hardware::configstore::V1_0::ISurfaceFlingerConfigs::hasWideColorDisplay retrieved: 0
01-01 06:27:37.054   445   445 I ConfigStore: android::hardware::configstore::V1_0::ISurfaceFlingerConfigs::hasHDRDisplay retrieved: 0
01-01 06:27:37.056   445   445 I SurfaceFlinger: EGL information:
01-01 06:27:37.056   445   445 I SurfaceFlinger: vendor    : Android
01-01 06:27:37.056   445   445 I SurfaceFlinger: version   : 1.4 Android META-EGL
01-01 06:27:37.056   445   445 I SurfaceFlinger: extensions: EGL_KHR_get_all_proc_addresses EGL_ANDROID_presentation_time EGL_KHR_swap_buffers_with_damage EGL_ANDROID_get_native_client_buffer EGL_ANDROID_front_buffer_auto_refresh EGL_ANDROID_get_frame_timestamps EGL_EXT_surface_SMPTE2086_metadata EGL_EXT_surface_CTA861_3_metadata EGL_KHR_image EGL_KHR_image_base EGL_KHR_lock_surface EGL_KHR_gl_colorspace EGL_KHR_gl_texture_2D_image EGL_KHR_gl_texture_3D_image EGL_KHR_gl_texture_cubemap_image EGL_KHR_gl_renderbuffer_image EGL_KHR_reusable_sync EGL_KHR_fence_sync EGL_KHR_create_context EGL_KHR_surfaceless_context EGL_EXT_create_context_robustness EGL_ANDROID_image_native_buffer EGL_KHR_wait_sync EGL_ANDROID_recordable EGL_KHR_partial_update EGL_KHR_create_context_no_error EGL_KHR_mutable_render_buffer EGL_EXT_yuv_surface EGL_IMG_context_priority 
01-01 06:27:37.056   445   445 I SurfaceFlinger: Client API: OpenGL_ES
01-01 06:27:37.056   445   445 I SurfaceFlinger: EGLSurface: 8-8-8-8, config=0x71195ce860
01-01 06:27:37.061   445   445 I SurfaceFlinger: OpenGL ES informations:
01-01 06:27:37.061   445   445 I SurfaceFlinger: vendor    : Qualcomm
01-01 06:27:37.061   445   445 I SurfaceFlinger: renderer  : Adreno (TM) 418
01-01 06:27:37.061   445   445 I SurfaceFlinger: version   : OpenGL ES 3.2 V@145.0 (GIT@I25dc76dc3f)
01-01 06:27:37.061   445   445 I SurfaceFlinger: extensions: GL_OES_EGL_image GL_OES_EGL_image_external GL_OES_EGL_sync GL_OES_vertex_half_float GL_OES_framebuffer_object GL_OES_rgb8_rgba8 GL_OES_compressed_ETC1_RGB8_texture GL_AMD_compressed_ATC_texture GL_KHR_texture_compression_astc_ldr GL_OES_texture_npot GL_EXT_texture_filter_anisotropic GL_EXT_texture_format_BGRA8888 GL_OES_texture_3D GL_EXT_color_buffer_float GL_EXT_color_buffer_half_float GL_QCOM_alpha_test GL_OES_depth24 GL_OES_packed_depth_stencil GL_OES_depth_texture GL_OES_depth_texture_cube_map GL_EXT_sRGB GL_OES_texture_float GL_OES_texture_float_linear GL_OES_texture_half_float GL_OES_texture_half_float_linear GL_EXT_texture_type_2_10_10_10_REV GL_EXT_texture_sRGB_decode GL_OES_element_index_uint GL_EXT_copy_image GL_EXT_geometry_shader GL_EXT_tessellation_shader GL_OES_texture_stencil8 GL_EXT_shader_io_blocks GL_OES_shader_image_atomic GL_OES_sample_variables GL_EXT_texture_border_clamp GL_EXT_multisampled_render_to_texture GL_OES_shader_multisample_interpolation GL_EXT_texture_cube_map_arr
01-01 06:27:37.061   445   445 I SurfaceFlinger: GL_MAX_TEXTURE_SIZE = 16384
01-01 06:27:37.061   445   445 I SurfaceFlinger: GL_MAX_VIEWPORT_DIMS = 16384
