12-25 21:29:24.859  1477  1516 E PersistentDataBlockService: 	at java.util.concurrent.ThreadPoolExecutor.runWorker(ThreadPoolExecutor.java:1162)
12-25 21:29:24.859  1477  1516 E PersistentDataBlockService: 	at java.util.concurrent.ThreadPoolExecutor$Worker.run(ThreadPoolExecutor.java:636)
12-25 21:29:24.859  1477  1516 E PersistentDataBlockService: 	at com.android.internal.util.ConcurrentUtils$1$1.run(ConcurrentUtils.java:59)
12-25 21:29:24.860  1477  1477 I OemLock : OemLock HAL not present on device
12-25 21:29:24.860  1477  1477 I OemLock : Using persistent data block based lock
12-25 21:29:24.862  1477  1477 D SystemServerTiming: StartOemLockService took to complete: 4ms
12-25 21:29:24.862  1477  1477 I SystemServer: StartDeviceIdleController
12-25 21:29:24.863  1477  1477 I SystemServiceManager: Starting com.android.server.DeviceIdleController
12-25 21:29:24.866  1477  1477 D SystemServerTiming: StartDeviceIdleController took to complete: 4ms
12-25 21:29:24.867  1477  1477 I SystemServer: StartDevicePolicyManager
12-25 21:29:24.867  1477  1477 I SystemServiceManager: Starting com.android.server.devicepolicy.DevicePolicyManagerService$Lifecycle
12-25 21:29:24.875  1477  1477 D SystemServerTiming: StartDevicePolicyManager took to complete: 9ms
12-25 21:29:24.875  1477  1477 I SystemServer: StartStatusBarManagerService
12-25 21:29:24.877  1477  1477 D SystemServerTiming: StartStatusBarManagerService took to complete: 2ms
12-25 21:29:24.877  1477  1477 I SystemServer: StartClipboardService
12-25 21:29:24.878  1477  1477 I SystemServiceManager: Starting com.android.server.clipboard.ClipboardService
12-25 21:29:24.880  1477  1477 D SystemServerTiming: StartClipboardService took to complete: 3ms
12-25 21:29:24.881  1477  1477 I SystemServer: StartNetworkManagementService
12-25 21:29:24.884  1477  2019 I NetworkManagement: onDaemonConnected()
12-25 21:29:24.886  1477  1477 D SystemServerTiming: StartNetworkManagementService took to complete: 6ms
12-25 21:29:24.886  1477  1477 I SystemServer: StartTextServicesManager
12-25 21:29:24.887  1477  1477 I SystemServiceManager: Starting com.android.server.TextServicesManagerService$Lifecycle
12-25 21:29:24.895  1477  1477 D SystemServerTiming: StartTextServicesManager took to complete: 8ms
12-25 21:29:24.895  1477  1477 I SystemServer: StartNetworkScoreService
12-25 21:29:24.898  1477  1477 D SystemServerTiming: StartNetworkScoreService took to complete: 2ms
12-25 21:29:24.898  1477  1477 I SystemServer: StartNetworkStatsService
12-25 21:29:24.902  1477  1477 D SystemServerTiming: StartNetworkStatsService took to complete: 5ms
12-25 21:29:24.902  1477  1477 I SystemServer: StartNetworkPolicyManagerService
12-25 21:29:24.909  1477  2022 I ServiceThread: Enabled StrictMode logging for NetworkPolicy.uid looper.
12-25 21:29:24.910  1477  1477 D SystemServerTiming: StartNetworkPolicyManagerService took to complete: 8ms
12-25 21:29:24.910  1477  1477 I SystemServer: StartWifi
12-25 21:29:24.911  1477  1477 I SystemServiceManager: Starting com.android.server.wifi.WifiService
12-25 21:29:24.932  1477  1516 D SystemServerInitThreadPool: Finished executing PersistentDataBlockService.onStart
12-25 21:29:24.964  1477  1477 D WifiApConfigStore: 2G band allowed channels are:1,6,11
12-25 21:29:24.966  1477  1477 E WifiApConfigStore: Error reading hotspot configuration java.io.FileNotFoundException: /data/misc/wifi/softap.conf (No such file or directory)
12-25 21:29:24.966  1477  1477 D WifiApConfigStore: Fallback to use default AP configuration
12-25 21:29:24.990   416   436 D CommandListener: Clearing all IP addresses on wlan0
12-25 21:29:24.992  1477  2024 E HalDeviceManager: isSupported: called but mServiceManager is null!?
12-25 21:29:24.992  1477  2024 I WifiNative-wlan0: Vendor HAL not supported, Ignore stop...
12-25 21:29:24.992  1477  2024 D WificondControl: tearing down interfaces in wificond
12-25 21:29:24.998  1477  1477 D WifiController: isAirplaneModeOn = false, isWifiEnabled = false, isScanningAvailable = false
12-25 21:29:25.001  1477  1477 I WifiService: getVerboseLoggingLevel uid=1000
12-25 21:29:25.002  1477  1477 E SupplicantStaIfaceHal: Can't call setDebugParams, ISupplicant is null
12-25 21:29:25.003  1477  1477 W WifiDiags: no ring buffers found
12-25 21:29:25.003  1477  1477 W WifiDiags: Failed to start packet fate monitoring
12-25 21:29:25.003  1477  1477 I WifiService: Registering wifi
12-25 21:29:25.004  1477  1477 D SystemServerTiming: StartWifi took to complete: 93ms
12-25 21:29:25.004  1477  1477 I SystemServer: StartWifiScanning
12-25 21:29:25.005  1477  1477 I SystemServiceManager: Starting com.android.server.wifi.scanner.WifiScanningService
12-25 21:29:25.005  1477  1477 I WifiScanningService: Creating wifiscanner
12-25 21:29:25.006  1477  1477 I WifiScanningService: Publishing wifiscanner
12-25 21:29:25.007  1477  1477 D SystemServerTiming: StartWifiScanning took to complete: 3ms
12-25 21:29:25.008  1477  1477 I SystemServer: StartWifiRtt
12-25 21:29:25.008  1477  1477 I SystemServiceManager: Starting com.android.server.wifi.RttService
12-25 21:29:25.009  1477  1477 I RttService: Creating rttmanager
12-25 21:29:25.010  1477  1477 I RttService: Starting rttmanager
12-25 21:29:25.011  1477  1477 D SystemServerTiming: StartWifiRtt took to complete: 3ms
12-25 21:29:25.011  1477  1477 I SystemServer: No Wi-Fi Aware Service (Aware support Not Present)
12-25 21:29:25.011  1477  1477 I SystemServer: StartWifiP2P
12-25 21:29:25.012  1477  1477 I SystemServiceManager: Starting com.android.server.wifi.p2p.WifiP2pService
12-25 21:29:25.019  1477  1477 I WifiP2pService: Registering wifip2p
12-25 21:29:25.019  1477  1477 D SystemServerTiming: StartWifiP2P took to complete: 8ms
12-25 21:29:25.020  1477  1477 I SystemServer: StartEthernet
12-25 21:29:25.020  1477  1477 I SystemServiceManager: Starting com.android.server.ethernet.EthernetService
12-25 21:29:25.021  1477  1477 I EthernetServiceImpl: Creating EthernetConfigStore
12-25 21:29:25.022  1477  1477 E IpConfigStore: Error opening configuration file: java.io.FileNotFoundException: /data/misc/ethernet/ipconfig.txt (No such file or directory)
12-25 21:29:25.022  1477  1477 W EthernetConfigStore: No Ethernet configuration found. Using default.
12-25 21:29:25.022  1477  1477 I EthernetServiceImpl: Read stored IP configuration: IP assignment: DHCP
12-25 21:29:25.022  1477  1477 I EthernetServiceImpl: Proxy settings: NONE
12-25 21:29:25.022  1477  1477 I EthernetService: Registering service ethernet
12-25 21:29:25.023  1477  1477 D SystemServerTiming: StartEthernet took to complete: 4ms
12-25 21:29:25.023  1477  1477 I SystemServer: StartConnectivityService
12-25 21:29:25.033  1477  1477 D ConnectivityService: ConnectivityService starting up
12-25 21:29:25.035  1477  1477 D ConnectivityService: wifiOnly=false
12-25 21:29:25.036  1477  1477 E ConnectivityService: Ignoring protectedNetwork 15
12-25 21:29:25.048  1477  1477 D SystemServerTiming: StartConnectivityService took to complete: 25ms
12-25 21:29:25.048  1477  1477 I SystemServer: StartNsdService
12-25 21:29:25.051  1477  1477 D NsdService: Network service discovery is enabled
12-25 21:29:25.053  1477  1477 D SystemServerTiming: StartNsdService took to complete: 5ms
12-25 21:29:25.053  1477  1477 I SystemServer: StartUpdateLockService
12-25 21:29:25.055  1477  1477 D SystemServerTiming: StartUpdateLockService took to complete: 2ms
12-25 21:29:25.055  1477  1477 I SystemServer: WaitForAsecScan
12-25 21:29:25.055  1477  1477 D SystemServerTiming: WaitForAsecScan took to complete: 0ms
12-25 21:29:25.055  1477  1477 I SystemServer: StartNotificationManager
12-25 21:29:25.056  1477  1477 I SystemServiceManager: Starting com.android.server.notification.NotificationManagerService
12-25 21:29:25.071  1477  1477 D ConditionProviders.SCP: new ScheduleConditionProvider()
12-25 21:29:25.073  1477  1477 I ConditionProviders:  Allowing condition provider com.android.launcher3/com.android.launcher3.notification.NotificationListener
12-25 21:29:25.073  1477  1477 I NotificationListeners:  Allowing notification listener com.android.launcher3/com.android.launcher3.notification.NotificationListener
12-25 21:29:25.073  1477  1477 I ConditionProviders:  Allowing condition provider com.android.camera2
12-25 21:29:25.074  1477  1477 D ZenLog  : set_zen_mode: off,init
12-25 21:29:25.080  1477  1477 D SystemServerTiming: StartNotificationManager took to complete: 25ms
12-25 21:29:25.080  1477  1477 I SystemServer: StartDeviceMonitor
12-25 21:29:25.081  1477  1477 I SystemServiceManager: Starting com.android.server.storage.DeviceStorageMonitorService
12-25 21:29:25.083  1477  1477 D SystemServerTiming: StartDeviceMonitor took to complete: 2ms
12-25 21:29:25.083  1477  1477 I SystemServer: StartLocationManagerService
12-25 21:29:25.086  1477  1477 D SystemServerTiming: StartLocationManagerService took to complete: 2ms
12-25 21:29:25.086  1477  1477 I SystemServer: StartCountryDetectorService
12-25 21:29:25.087  1477  1477 D SystemServerTiming: StartCountryDetectorService took to complete: 2ms
12-25 21:29:25.087  1477  1477 I SystemServer: StartSearchManagerService
12-25 21:29:25.087  1477  1477 I SystemServiceManager: Starting com.android.server.search.SearchManagerService$Lifecycle
12-25 21:29:25.090  1477  1477 D SystemServerTiming: StartSearchManagerService took to complete: 2ms
12-25 21:29:25.090  1477  1477 I SystemServer: StartWallpaperManagerService
12-25 21:29:25.090  1477  1477 I SystemServiceManager: Starting com.android.server.wallpaper.WallpaperManagerService$Lifecycle
12-25 21:29:25.093  1477  1477 I WallpaperManagerService: No static wallpaper imagery; defaults will be shown
12-25 21:29:25.093  1477  1477 W WallpaperManagerService: no current wallpaper -- first boot?
12-25 21:29:25.094  1477  1477 D SystemServerTiming: StartWallpaperManagerService took to complete: 3ms
12-25 21:29:25.094  1477  1477 I SystemServer: StartAudioService
12-25 21:29:25.094  1477  1477 I SystemServiceManager: Starting com.android.server.audio.AudioService$Lifecycle
12-25 21:29:25.102  1477  1477 W TelecomManager: Telecom Service not found.
12-25 21:29:25.103   493   604 D PermissionCache: checking android.permission.MODIFY_AUDIO_SETTINGS for uid=1000 => granted (809 us)
12-25 21:29:25.104   493   651 W AudioFlinger: no wake lock to update, system not ready yet
12-25 21:29:25.105   493   659 W AudioFlinger: no wake lock to update, system not ready yet
12-25 21:29:25.105   493   655 W AudioFlinger: no wake lock to update, system not ready yet
12-25 21:29:25.105   493   604 D audio_hw_primary: adev_set_mic_mute state 0
12-25 21:29:25.105   493   604 W DeviceHAL: Device 0xefc5da00 set_mic_mute: Function not implemented
12-25 21:29:25.105   493   604 W DeviceHAL: Device 0xee154e80 set_mic_mute: Function not implemented
12-25 21:29:25.128  1477  1477 D SystemServerTiming: StartAudioService took to complete: 33ms
12-25 21:29:25.128  1477  1477 I SystemServer: StartDockObserver
12-25 21:29:25.128  1477  1477 I SystemServiceManager: Starting com.android.server.DockObserver
12-25 21:29:25.129  1477  1477 W DockObserver: This kernel does not have dock station support
12-25 21:29:25.132  1477  1477 D SystemServerTiming: StartDockObserver took to complete: 5ms
12-25 21:29:25.132  1477  1477 I SystemServer: StartWiredAccessoryManager
12-25 21:29:25.133  1477  1477 W WiredAccessoryManager: This kernel does not have usb audio support
12-25 21:29:25.133  1477  1477 D SystemServerTiming: StartWiredAccessoryManager took to complete: 1ms
12-25 21:29:25.133  1477  1477 I SystemServer: StartUsbService
12-25 21:29:25.134  1477  1477 I SystemServiceManager: Starting com.android.server.usb.UsbService$Lifecycle
12-25 21:29:25.142  1477  1477 I system_server: Looking for service android.hidl.manager@1.0::IServiceManager/default
12-25 21:29:25.143  1477  1477 I system_server: Starting thread pool.
12-25 21:29:25.145  1477  1583 I UsbPortManager: Usb hal service started android.hardware.usb@1.0::IUsb default
12-25 21:29:25.145  1477  1477 I system_server: Looking for service android.hardware.usb@1.0::IUsb/default
12-25 21:29:25.146  1477  1477 I system_server: Starting thread pool.
12-25 21:29:25.149   460   460 I android.hardware.usb@1.0-service: registering callback
12-25 21:29:25.149   460  2039 E android.hardware.usb@1.0-service: creating thread
12-25 21:29:25.149   460   460 E android.hardware.usb@1.0-service: Failed to open /sys/class/dual_role_usb
12-25 21:29:25.153  1477  1477 D SystemServerTiming: StartUsbService took to complete: 19ms
12-25 21:29:25.153  1477  1477 I SystemServer: StartSerialService
12-25 21:29:25.153  1477  1477 D SystemServerTiming: StartSerialService took to complete: 1ms
12-25 21:29:25.153  1477  1477 I SystemServer: StartHardwarePropertiesManagerService
12-25 21:29:25.155   399   399 W /system/bin/hwservicemanager: getTransport: Cannot find entry android.hardware.thermal@1.0::IThermal/default in either framework or device manifest.
12-25 21:29:25.156  1477  1477 D HardwarePropertiesManagerService-JNI: Link to death notification successful
12-25 21:29:25.156  1477  1477 D SystemServerTiming: StartHardwarePropertiesManagerService took to complete: 3ms
12-25 21:29:25.157  1477  1477 I SystemServer: StartTwilightService
12-25 21:29:25.157  1477  1477 I SystemServiceManager: Starting com.android.server.twilight.TwilightService
12-25 21:29:25.157  1477  1477 D SystemServerTiming: StartTwilightService took to complete: 1ms
12-25 21:29:25.157  1477  1477 I SystemServer: StartNightDisplay
12-25 21:29:25.158  1477  1477 I SystemServiceManager: Starting com.android.server.display.NightDisplayService
12-25 21:29:25.158  1477  1477 D SystemServerTiming: StartNightDisplay took to complete: 1ms
12-25 21:29:25.158  1477  1477 I SystemServer: StartJobScheduler
12-25 21:29:25.158  1477  1477 I SystemServiceManager: Starting com.android.server.job.JobSchedulerService
12-25 21:29:25.162  1477  1477 I JobStore: Read 0 jobs
12-25 21:29:25.166  1477  1477 D ConnectivityService: requestNetwork for uid/pid:1000/1477 NetworkRequest [ TRACK_DEFAULT id=3, [ Capabilities: INTERNET&NOT_RESTRICTED&TRUSTED&NOT_VPN] ]
12-25 21:29:25.169  1477  1477 D SystemServerTiming: StartJobScheduler took to complete: 11ms
12-25 21:29:25.170  1477  1477 I SystemServer: StartSoundTrigger
12-25 21:29:25.170  1477  1477 I SystemServiceManager: Starting com.android.server.soundtrigger.SoundTriggerService
12-25 21:29:25.171  1477  1477 D SystemServerTiming: StartSoundTrigger took to complete: 2ms
12-25 21:29:25.171  1477  1477 I SystemServer: StartTrustManager
12-25 21:29:25.172  1477  1477 I SystemServiceManager: Starting com.android.server.trust.TrustManagerService
12-25 21:29:25.174  1477  1477 D SystemServerTiming: StartTrustManager took to complete: 3ms
12-25 21:29:25.174  1477  1477 I SystemServer: StartBackupManager
12-25 21:29:25.174  1477  1477 I SystemServiceManager: Starting com.android.server.backup.BackupManagerService$Lifecycle
12-25 21:29:25.177  1477  1477 D SystemServerTiming: StartBackupManager took to complete: 3ms
12-25 21:29:25.177  1477  1477 I SystemServer: StartAppWidgerService
12-25 21:29:25.177  1477  1477 I SystemServiceManager: Starting com.android.server.appwidget.AppWidgetService
12-25 21:29:25.218  1477  1477 D SystemServerTiming: StartAppWidgerService took to complete: 40ms
12-25 21:29:25.218  1477  1477 I SystemServer: StartVoiceRecognitionManager
12-25 21:29:25.218  1477  1477 I SystemServiceManager: Starting com.android.server.voiceinteraction.VoiceInteractionManagerService
12-25 21:29:25.220  1477  1477 D SystemServerTiming: StartVoiceRecognitionManager took to complete: 2ms
12-25 21:29:25.220  1477  1477 I SystemServer: StartGestureLauncher
12-25 21:29:25.220  1477  1477 I SystemServiceManager: Starting com.android.server.GestureLauncherService
12-25 21:29:25.221  1477  1477 D SystemServerTiming: StartGestureLauncher took to complete: 0ms
12-25 21:29:25.221  1477  1477 I SystemServer: StartSensorNotification
12-25 21:29:25.221  1477  1477 I SystemServiceManager: Starting com.android.server.SensorNotificationService
12-25 21:29:25.221  1477  1477 D SystemServerTiming: StartSensorNotification took to complete: 0ms
12-25 21:29:25.221  1477  1477 I SystemServer: StartContextHubSystemService
12-25 21:29:25.221  1477  1477 I SystemServiceManager: Starting com.android.server.ContextHubSystemService
12-25 21:29:25.221  1477  1477 D SystemServerTiming: StartContextHubSystemService took to complete: 0ms
12-25 21:29:25.221  1477  1553 D SystemServerInitThreadPool: Started executing Init ContextHubSystemService
12-25 21:29:25.221  1477  1477 I SystemServer: StartDiskStatsService
12-25 21:29:25.223   399   399 W /system/bin/hwservicemanager: getTransport: Cannot find entry android.hardware.contexthub@1.0::IContexthub/default in either framework or device manifest.
12-25 21:29:25.224  1477  1477 D SystemServerTiming: StartDiskStatsService took to complete: 2ms
12-25 21:29:25.224  1477  1477 I SystemServer: StartNetworkTimeUpdateService
12-25 21:29:25.224  1477  1553 E ContextHubService: Could not load context hub hal
12-25 21:29:25.224  1477  1553 W ContextHubService: No Context Hub Module present
12-25 21:29:25.224  1477  1553 D SystemServerInitThreadPool: Finished executing Init ContextHubSystemService
12-25 21:29:25.225  1477  1477 D SystemServerTiming: StartNetworkTimeUpdateService took to complete: 1ms
12-25 21:29:25.226  1477  1477 I SystemServer: StartCommonTimeManagementService
12-25 21:29:25.228  1477  1477 D SystemServerTiming: StartCommonTimeManagementService took to complete: 2ms
12-25 21:29:25.228  1477  1477 I SystemServer: CertBlacklister
12-25 21:29:25.229  1477  1477 D SystemServerTiming: CertBlacklister took to complete: 1ms
12-25 21:29:25.229  1477  1477 I SystemServer: StartEmergencyAffordanceService
12-25 21:29:25.229  1477  1477 I SystemServiceManager: Starting com.android.server.emergency.EmergencyAffordanceService
12-25 21:29:25.230  1477  1477 D SystemServerTiming: StartEmergencyAffordanceService took to complete: 1ms
12-25 21:29:25.230  1477  1477 I SystemServer: StartDreamManager
12-25 21:29:25.230  1477  1477 I SystemServiceManager: Starting com.android.server.dreams.DreamManagerService
12-25 21:29:25.235  1477  1477 D SystemServerTiming: StartDreamManager took to complete: 4ms
12-25 21:29:25.235  1477  1477 I SystemServer: AddGraphicsStatsService
12-25 21:29:25.237  1477  1477 D SystemServerTiming: AddGraphicsStatsService took to complete: 2ms
12-25 21:29:25.238  1477  1477 I SystemServer: StartPrintManager
12-25 21:29:25.238  1477  1477 I SystemServiceManager: Starting com.android.server.print.PrintManagerService
12-25 21:29:25.242  1477  1477 D SystemServerTiming: StartPrintManager took to complete: 4ms
12-25 21:29:25.242  1477  1477 I SystemServer: StartCompanionDeviceManager
12-25 21:29:25.243  1477  1477 I SystemServiceManager: Starting com.android.server.companion.CompanionDeviceManagerService
12-25 21:29:25.247  1477  1477 D SystemServerTiming: StartCompanionDeviceManager took to complete: 5ms
12-25 21:29:25.251  1477  1477 I SystemServer: StartRestrictionManager
12-25 21:29:25.252  1477  1477 I SystemServiceManager: Starting com.android.server.restrictions.RestrictionsManagerService
12-25 21:29:25.254  1477  1477 D SystemServerTiming: StartRestrictionManager took to complete: 3ms
12-25 21:29:25.254  1477  1477 I SystemServer: StartMediaSessionService
12-25 21:29:25.255  1477  1477 I SystemServiceManager: Starting com.android.server.media.MediaSessionService
12-25 21:29:25.260  1477  1477 D SystemServerTiming: StartMediaSessionService took to complete: 5ms
12-25 21:29:25.260  1477  1477 I SystemServer: StartMediaResourceMonitor
12-25 21:29:25.260  1477  1477 I SystemServiceManager: Starting com.android.server.media.MediaResourceMonitorService
12-25 21:29:25.261  1477  1477 D SystemServerTiming: StartMediaResourceMonitor took to complete: 1ms
12-25 21:29:25.261  1477  1477 I SystemServer: StartMediaRouterService
12-25 21:29:25.264  1477  1477 D SystemServerTiming: StartMediaRouterService took to complete: 2ms
12-25 21:29:25.264  1477  1477 I SystemServer: StartBackgroundDexOptService
12-25 21:29:25.265  1477  1477 W BackgroundDexOptService: SysProp pm.dexopt.downgrade_after_inactive_days not set
12-25 21:29:25.265  1477  1477 D SystemServerTiming: StartBackgroundDexOptService took to complete: 1ms
12-25 21:29:25.265  1477  1477 I SystemServer: StartPruneInstantAppsJobService
12-25 21:29:25.266  1477  1477 D SystemServerTiming: StartPruneInstantAppsJobService took to complete: 1ms
12-25 21:29:25.266  1477  1477 I SystemServer: StartShortcutServiceLifecycle
12-25 21:29:25.266  1477  1477 I SystemServiceManager: Starting com.android.server.pm.ShortcutService$Lifecycle
12-25 21:29:25.272  1477  1477 D SystemServerTiming: StartShortcutServiceLifecycle took to complete: 5ms
12-25 21:29:25.272  1477  1477 I SystemServer: StartLauncherAppsService
12-25 21:29:25.272  1477  1477 I SystemServiceManager: Starting com.android.server.pm.LauncherAppsService
12-25 21:29:25.274  1477  1477 D SystemServerTiming: StartLauncherAppsService took to complete: 3ms
12-25 21:29:25.274  1477  1477 I SystemServer: Starting PocketService
12-25 21:29:25.275  1477  1477 I SystemServiceManager: Starting com.android.server.pocket.PocketService
12-25 21:29:25.276  1477  1477 D PocketService: Cannot detect proximity sensor, sensor is NULL
12-25 21:29:25.276  1477  1477 D PocketService: Cannot detect light sensor, sensor is NULL
12-25 21:29:25.278  1477  1477 I SystemServer: StartMediaProjectionManager
12-25 21:29:25.279  1477  1477 I SystemServiceManager: Starting com.android.server.media.projection.MediaProjectionManagerService
12-25 21:29:25.280  1477  1477 V MediaRouter: Adding route: RouteInfo{ name=Phone, description=null, status=null, category=RouteCategory{ name=System types=ROUTE_TYPE_LIVE_AUDIO ROUTE_TYPE_LIVE_VIDEO  groupable=false }, supportedTypes=ROUTE_TYPE_LIVE_AUDIO ROUTE_TYPE_LIVE_VIDEO , presentationDisplay=null }
12-25 21:29:25.283  1477  1477 V MediaRouter: Selecting route: RouteInfo{ name=Phone, description=null, status=null, category=RouteCategory{ name=System types=ROUTE_TYPE_LIVE_AUDIO ROUTE_TYPE_LIVE_VIDEO  groupable=false }, supportedTypes=ROUTE_TYPE_LIVE_AUDIO ROUTE_TYPE_LIVE_VIDEO , presentationDisplay=null }
12-25 21:29:25.285  1477  1477 D SystemServerTiming: StartMediaProjectionManager took to complete: 7ms
12-25 21:29:25.285  1477  1477 I SystemServer: StartCameraServiceProxy
12-25 21:29:25.286  1477  1477 I SystemServiceManager: Starting com.android.server.camera.CameraServiceProxy
12-25 21:29:25.288  1477  2043 I ServiceThread: Enabled StrictMode logging for CameraService_proxy looper.
12-25 21:29:25.290  1477  1477 D SystemServerTiming: StartCameraServiceProxy took to complete: 5ms
12-25 21:29:25.293  1477  1477 I WindowManager: SAFE MODE not enabled
12-25 21:29:25.293  1477  1477 I SystemServer: StartJitCompilation
12-25 21:29:25.293  1477  1477 D SystemServerTiming: StartJitCompilation took to complete: 0ms
12-25 21:29:25.293  1477  1477 I SystemServer: StartMmsService
12-25 21:29:25.294  1477  1477 I SystemServiceManager: Starting com.android.server.MmsServiceBroker
12-25 21:29:25.298  1477  1477 D SystemServerTiming: StartMmsService took to complete: 5ms
12-25 21:29:25.298  1477  1477 I SystemServer: StartAutoFillService
12-25 21:29:25.298  1477  1477 I SystemServiceManager: Starting com.android.server.autofill.AutofillManagerService
12-25 21:29:25.299  1477  1477 I AutofillManagerService: Setting debug to true
12-25 21:29:25.302  1477  1477 D SystemServerTiming: StartAutoFillService took to complete: 4ms
12-25 21:29:25.302  1477  1477 I SystemServer: MakeVibratorServiceReady
12-25 21:29:25.304  1477  1477 D SystemServerTiming: MakeVibratorServiceReady took to complete: 2ms
12-25 21:29:25.304  1477  1477 I SystemServer: MakeLockSettingsServiceReady
12-25 21:29:25.311  1477  1477 E SQLiteLog: (1) no such table: locksettings
12-25 21:29:25.316  1477  1477 I LockSettingsService: Migrated lock settings to new location
12-25 21:29:25.319  1477  1477 I LockSettingsService: Migrated per-user lock settings to new location
12-25 21:29:25.322  1477  1477 I LockSettingsService: Migrated biometric weak to use the fallback instead
12-25 21:29:25.324  1477  1477 I LockSettingsService: Migrated lockscreen disabled flag
12-25 21:29:25.328  1477  1477 I system_server: Looking for service android.hardware.weaver@1.0::IWeaver/default
12-25 21:29:25.329   399   399 W /system/bin/hwservicemanager: getTransport: Cannot find entry android.hardware.weaver@1.0::IWeaver/default in either framework or device manifest.
12-25 21:29:25.330  1477  1477 I SyntheticPasswordManager: Device does not support weaver
12-25 21:29:25.332  1477  1477 E LockSettingsStorage: Cannot read file java.io.FileNotFoundException: /data/system/gatekeeper.password.key: open failed: ENOENT (No such file or directory)
12-25 21:29:25.333  1477  1477 E LockSettingsStorage: Cannot read file java.io.FileNotFoundException: /data/system/password.key: open failed: ENOENT (No such file or directory)
12-25 21:29:25.333  1477  1477 E LockSettingsStorage: Cannot read file java.io.FileNotFoundException: /data/system/gatekeeper.pattern.key: open failed: ENOENT (No such file or directory)
12-25 21:29:25.334  1477  1477 E LockSettingsStorage: Cannot read file java.io.FileNotFoundException: /data/system/gatekeeper.gesture.key: open failed: ENOENT (No such file or directory)
12-25 21:29:25.334  1477  1477 E LockSettingsStorage: Cannot read file java.io.FileNotFoundException: /data/system/gesture.key: open failed: ENOENT (No such file or directory)
12-25 21:29:25.334  1477  1477 D SystemServerTiming: MakeLockSettingsServiceReady took to complete: 30ms
12-25 21:29:25.334  1477  1477 I SystemServer: StartBootPhaseLockSettingsReady
12-25 21:29:25.334  1477  1477 I SystemServiceManager: Starting phase 480
12-25 21:29:25.339  1477  1477 W PocketService: Un-handled boot phase:480
12-25 21:29:25.339  1477  1477 D SystemServerTiming: StartBootPhaseLockSettingsReady took to complete: 5ms
12-25 21:29:25.339  1477  1477 I SystemServer: StartBootPhaseSystemServicesReady
12-25 21:29:25.339  1477  1477 I SystemServiceManager: Starting phase 500
12-25 21:29:25.341  1477  1477 W UsageStatsService: Missing procfs interface: /proc/uid_procstat/set
12-25 21:29:25.347  1477  1477 I VrManagerService: No default vr listener service found.
12-25 21:29:25.354  1477  1477 I WifiService: WifiService starting up with Wi-Fi disabled
12-25 21:29:25.361  1477  2024 I system_server: Looking for service android.hidl.manager@1.0::IServiceManager/default
12-25 21:29:25.362  1477  2024 I system_server: Starting thread pool.
12-25 21:29:25.364  1477  1583 D HalDeviceManager: IWifi registration notification: fqName=android.hardware.wifi@1.0::IWifi, name=default, preexisting=true
12-25 21:29:25.365  1477  1583 I system_server: Looking for service android.hardware.wifi@1.0::IWifi/default
12-25 21:29:25.368  1477  1583 I system_server: Starting thread pool.
12-25 21:29:25.370  1477  1477 I WifiScanningService: Starting wifiscanner
12-25 21:29:25.373  1477  1477 I RttService: Registering rttmanager
12-25 21:29:25.375  1477  1477 I EthernetServiceImpl: Starting Ethernet service
12-25 21:29:25.377  1477  1477 D Ethernet: Registering NetworkFactory
12-25 21:29:25.377  1477  2029 D ConnectivityService: Got NetworkFactory Messenger for Ethernet
12-25 21:29:25.378  1477  2045 D Ethernet: got request NetworkRequest [ TRACK_DEFAULT id=3, [ Capabilities: INTERNET&NOT_RESTRICTED&TRUSTED&NOT_VPN] ] with score 0
12-25 21:29:25.378  1477  2045 D Ethernet: got request NetworkRequest [ REQUEST id=1, [ Capabilities: INTERNET&NOT_RESTRICTED&TRUSTED&NOT_VPN] ] with score 0
12-25 21:29:25.381  1477  1477 D ZenLog  : config: cleanUpZenRules,ZenModeConfig[user=0,allowCalls=true,allowRepeatCallers=false,allowMessages=false,allowCallsFrom=contacts,allowMessagesFrom=contacts,allowReminders=true,allowEvents=true,allowWhenScreenOff=true,allowWhenScreenOn=true,automaticRules={EVENTS_DEFAULT_RULE=ZenRule[enabled=false,snoozing=false,name=Event,zenMode=ZEN_MODE_ALARMS,conditionId=condition://android/event?userId=-10000&calendar=&reply=1,condition=null,component=ComponentInfo{android/com.android.server.notification.EventConditionProvider},id=EVENTS_DEFAULT_RULE,creationTime=1514237365069,enabler=null], SCHEDULED_DEFAULT_RULE_1=ZenRule[enabled=false,snoozing=false,name=Weeknight,zenMode=ZEN_MODE_ALARMS,conditionId=condition://android/schedule?days=1.2.3.4.5&start=22.0&end=7.0&exitAtAlarm=false,condition=null,component=ComponentInfo{android/com.android.server.notification.ScheduleConditionProvider},id=SCHEDULED_DEFAULT_RULE_1,creationTime=1514237365068,enabler=null], SCHEDULED_DEFAULT_RULE_2=ZenRule[enabled=false,snoozing=false,name=Weekend,zenMode=ZEN_MODE_ALARMS,conditionId=condition://android/schedule?days=6.7&start=23.30&end=10.0&exitAtAlarm=false,condition=null,component=ComponentInfo{android/com.android.server.notification.ScheduleConditionProvider},id=SCHEDULED_DEFAULT_RULE_2,creationTime=1514237365068,enabler=null]},manualRule=null],Diff[]
12-25 21:29:25.382  1477  1477 D ZenLog  : set_zen_mode: off,onSystemReady
12-25 21:29:25.388   493   603 D PermissionCache: checking android.permission.CAPTURE_AUDIO_HOTWORD for uid=1000 => granted (102 us)
12-25 21:29:25.388  1477  1477 W SoundTriggerHelper: listModules status=0, # of modules=0
12-25 21:29:25.389  1477  1477 D ContextHubSystemService: onBootPhase: PHASE_SYSTEM_SERVICES_READY
12-25 21:29:25.390  1477  1477 D SystemServerTiming: StartBootPhaseSystemServicesReady took to complete: 51ms
12-25 21:29:25.390  1477  1477 I SystemServer: MakeWindowManagerServiceReady
12-25 21:29:25.453  1477  1477 I system_server: Looking for service android.hardware.configstore@1.0::ISurfaceFlingerConfigs/default
12-25 21:29:25.455  1477  1477 I system_server: Starting thread pool.
12-25 21:29:25.456  1477  1477 D SystemServerTiming: MakeWindowManagerServiceReady took to complete: 66ms
12-25 21:29:25.459  1477  1477 I SystemServer: MakePowerManagerServiceReady
12-25 21:29:25.480  1477  1477 D SystemServerTiming: MakePowerManagerServiceReady took to complete: 22ms
12-25 21:29:25.480  1477  1477 I SystemServer: MakePackageManagerServiceReady
12-25 21:29:25.483  1477  1477 I DefaultPermGrantPolicy: Granting permissions to platform components for user 0
12-25 21:29:25.484  1477  1518 E KernelCpuSpeedReader: Failed to read cpu-freq: /sys/devices/system/cpu/cpu4/cpufreq/stats/time_in_state (No such file or directory)
12-25 21:29:25.484  1477  1477 D VoldConnector: SND -> {4 volume remount_uid 1001 none}
12-25 21:29:25.485   406   410 D vold    : Remounting 1001 as mode none
12-25 21:29:25.492  1477  1529 W KeyguardServiceDelegate: onScreenTurningOn(): no keyguard service!
12-25 21:29:25.494   406   410 D vold    : Found matching PID 484
12-25 21:29:25.494   406   410 W vold    : Skipping due to root namespace
12-25 21:29:25.494   406   410 D vold    : Found matching PID 662
12-25 21:29:25.494   406   410 W vold    : Skipping due to root namespace
12-25 21:29:25.495  1477  1588 D VoldConnector: RCV <- {200 4 Command succeeded}
12-25 21:29:25.496  1477  1477 D VoldConnector: SND -> {5 volume remount_uid 1001 none}
12-25 21:29:25.496   406   410 D vold    : Remounting 1001 as mode none
12-25 21:29:25.503   406   410 D vold    : Found matching PID 484
12-25 21:29:25.503   406   410 W vold    : Skipping due to root namespace
12-25 21:29:25.504   406   410 D vold    : Found matching PID 662
12-25 21:29:25.504   406   410 W vold    : Skipping due to root namespace
12-25 21:29:25.504  1477  1588 D VoldConnector: RCV <- {200 5 Command succeeded}
12-25 21:29:25.506  1477  1477 D VoldConnector: SND -> {6 volume remount_uid 1027 none}
12-25 21:29:25.506   406   410 D vold    : Remounting 1027 as mode none
12-25 21:29:25.514  1477  1588 D VoldConnector: RCV <- {200 6 Command succeeded}
12-25 21:29:25.515  1477  1477 D VoldConnector: SND -> {7 volume remount_uid 1027 none}
12-25 21:29:25.515   406   410 D vold    : Remounting 1027 as mode none
12-25 21:29:25.523  1477  1588 D VoldConnector: RCV <- {200 7 Command succeeded}
12-25 21:29:25.525  1477  1477 D VoldConnector: SND -> {8 volume remount_uid 1000 none}
12-25 21:29:25.525   406   410 D vold    : Remounting 1000 as mode none
12-25 21:29:25.531   406   410 D vold    : Found matching PID 398
12-25 21:29:25.531   406   410 W vold    : Skipping due to root namespace
12-25 21:29:25.531   406   410 D vold    : Found matching PID 399
12-25 21:29:25.531   406   410 W vold    : Skipping due to root namespace
12-25 21:29:25.531   406   410 D vold    : Found matching PID 400
12-25 21:29:25.531   406   410 W vold    : Skipping due to root namespace
12-25 21:29:25.532   406   410 D vold    : Found matching PID 454
12-25 21:29:25.532   406   410 W vold    : Skipping due to root namespace
12-25 21:29:25.532   406   410 D vold    : Found matching PID 456
12-25 21:29:25.532   406   410 W vold    : Skipping due to root namespace
12-25 21:29:25.532   406   410 D vold    : Found matching PID 457
12-25 21:29:25.532   406   410 W vold    : Skipping due to root namespace
12-25 21:29:25.532   406   410 D vold    : Found matching PID 458
12-25 21:29:25.532   406   410 W vold    : Skipping due to root namespace
12-25 21:29:25.532   406   410 D vold    : Found matching PID 459
12-25 21:29:25.532   406   410 W vold    : Skipping due to root namespace
12-25 21:29:25.532   406   410 D vold    : Found matching PID 460
12-25 21:29:25.532   406   410 W vold    : Skipping due to root namespace
12-25 21:29:25.532   406   410 D vold    : Found matching PID 466
12-25 21:29:25.533   406   410 W vold    : Skipping due to root namespace
12-25 21:29:25.533   406   410 D vold    : Found matching PID 467
12-25 21:29:25.533   406   410 W vold    : Skipping due to root namespace
12-25 21:29:25.533   406   410 D vold    : Found matching PID 473
12-25 21:29:25.533   406   410 W vold    : Skipping due to root namespace
12-25 21:29:25.533   406   410 D vold    : Found matching PID 479
12-25 21:29:25.533   406   410 W vold    : Skipping due to root namespace
12-25 21:29:25.533   406   410 D vold    : Found matching PID 481
12-25 21:29:25.533   406   410 W vold    : Skipping due to root namespace
12-25 21:29:25.533   406   410 D vold    : Found matching PID 491
12-25 21:29:25.533   406   410 W vold    : Skipping due to root namespace
12-25 21:29:25.533   406   410 D vold    : Found matching PID 507
12-25 21:29:25.533   406   410 W vold    : Skipping due to root namespace
12-25 21:29:25.533   406   410 D vold    : Found matching PID 509
12-25 21:29:25.533   406   410 W vold    : Skipping due to root namespace
12-25 21:29:25.533   406   410 D vold    : Found matching PID 514
12-25 21:29:25.533   406   410 W vold    : Skipping due to root namespace
12-25 21:29:25.533   406   410 D vold    : Found matching PID 529
12-25 21:29:25.534   406   410 W vold    : Skipping due to root namespace
12-25 21:29:25.534   406   410 D vold    : Found matching PID 578
12-25 21:29:25.534   406   410 W vold    : Skipping due to root namespace
12-25 21:29:25.534   406   410 D vold    : Found matching PID 1477
12-25 21:29:25.538  1477  1588 D VoldConnector: RCV <- {200 8 Command succeeded}
12-25 21:29:25.539  1477  1477 D VoldConnector: SND -> {9 volume remount_uid 1000 none}
12-25 21:29:25.540   406   410 D vold    : Remounting 1000 as mode none
12-25 21:29:25.546   406   410 D vold    : Found matching PID 398
12-25 21:29:25.546   406   410 W vold    : Skipping due to root namespace
12-25 21:29:25.546   406   410 D vold    : Found matching PID 399
12-25 21:29:25.546   406   410 W vold    : Skipping due to root namespace
12-25 21:29:25.546   406   410 D vold    : Found matching PID 400
12-25 21:29:25.546   406   410 W vold    : Skipping due to root namespace
12-25 21:29:25.547   406   410 D vold    : Found matching PID 454
12-25 21:29:25.547   406   410 W vold    : Skipping due to root namespace
12-25 21:29:25.547   406   410 D vold    : Found matching PID 456
12-25 21:29:25.547   406   410 W vold    : Skipping due to root namespace
12-25 21:29:25.547   406   410 D vold    : Found matching PID 457
12-25 21:29:25.547   406   410 W vold    : Skipping due to root namespace
12-25 21:29:25.547   406   410 D vold    : Found matching PID 458
12-25 21:29:25.547   406   410 W vold    : Skipping due to root namespace
12-25 21:29:25.547   406   410 D vold    : Found matching PID 459
12-25 21:29:25.547   406   410 W vold    : Skipping due to root namespace
12-25 21:29:25.547   406   410 D vold    : Found matching PID 460
12-25 21:29:25.547   406   410 W vold    : Skipping due to root namespace
12-25 21:29:25.547   406   410 D vold    : Found matching PID 466
12-25 21:29:25.547   406   410 W vold    : Skipping due to root namespace
12-25 21:29:25.547   406   410 D vold    : Found matching PID 467
12-25 21:29:25.547   406   410 W vold    : Skipping due to root namespace
12-25 21:29:25.547   406   410 D vold    : Found matching PID 473
12-25 21:29:25.547   406   410 W vold    : Skipping due to root namespace
12-25 21:29:25.547   406   410 D vold    : Found matching PID 479
12-25 21:29:25.548   406   410 W vold    : Skipping due to root namespace
12-25 21:29:25.548   406   410 D vold    : Found matching PID 481
12-25 21:29:25.548   406   410 W vold    : Skipping due to root namespace
12-25 21:29:25.548   406   410 D vold    : Found matching PID 491
12-25 21:29:25.548   406   410 W vold    : Skipping due to root namespace
12-25 21:29:25.548   406   410 D vold    : Found matching PID 507
12-25 21:29:25.548   406   410 W vold    : Skipping due to root namespace
12-25 21:29:25.548   406   410 D vold    : Found matching PID 509
12-25 21:29:25.548   406   410 W vold    : Skipping due to root namespace
12-25 21:29:25.548   406   410 D vold    : Found matching PID 514
12-25 21:29:25.548   406   410 W vold    : Skipping due to root namespace
12-25 21:29:25.548   406   410 D vold    : Found matching PID 529
12-25 21:29:25.548   406   410 W vold    : Skipping due to root namespace
12-25 21:29:25.548   406   410 D vold    : Found matching PID 578
12-25 21:29:25.548   406   410 W vold    : Skipping due to root namespace
12-25 21:29:25.548   406   410 D vold    : Found matching PID 1477
12-25 21:29:25.554  1477  1588 D VoldConnector: RCV <- {200 9 Command succeeded}
12-25 21:29:25.559  1477  1477 D VoldConnector: SND -> {10 volume remount_uid 2000 none}
12-25 21:29:25.560   406   410 D vold    : Remounting 2000 as mode none
12-25 21:29:25.568   406   410 D vold    : Found matching PID 477
12-25 21:29:25.568   406   410 W vold    : Skipping due to root namespace
12-25 21:29:25.568   406   410 D vold    : Found matching PID 478
12-25 21:29:25.568   406   410 W vold    : Skipping due to root namespace
12-25 21:29:25.569   406   410 D vold    : Found matching PID 850
12-25 21:29:25.569   406   410 W vold    : Skipping due to root namespace
12-25 21:29:25.569  1477  1588 D VoldConnector: RCV <- {200 10 Command succeeded}
12-25 21:29:25.570  1477  1477 D VoldConnector: SND -> {11 volume remount_uid 2000 none}
12-25 21:29:25.571   406   410 D vold    : Remounting 2000 as mode none
12-25 21:29:25.578   406   410 D vold    : Found matching PID 477
12-25 21:29:25.578   406   410 W vold    : Skipping due to root namespace
12-25 21:29:25.578   406   410 D vold    : Found matching PID 478
12-25 21:29:25.578   406   410 W vold    : Skipping due to root namespace
12-25 21:29:25.578   406   410 D vold    : Found matching PID 850
12-25 21:29:25.578   406   410 W vold    : Skipping due to root namespace
12-25 21:29:25.578  1477  1588 D VoldConnector: RCV <- {200 11 Command succeeded}
12-25 21:29:25.580  1477  1477 D VoldConnector: SND -> {12 volume remount_uid 10028 none}
12-25 21:29:25.581   406   410 D vold    : Remounting 10028 as mode none
12-25 21:29:25.590  1477  1588 D VoldConnector: RCV <- {200 12 Command succeeded}
12-25 21:29:25.591  1477  1477 D VoldConnector: SND -> {13 volume remount_uid 10028 none}
12-25 21:29:25.591   406   410 D vold    : Remounting 10028 as mode none
12-25 21:29:25.599  1477  1588 D VoldConnector: RCV <- {200 13 Command succeeded}
12-25 21:29:25.601  1477  1477 D VoldConnector: SND -> {14 volume remount_uid 1002 none}
12-25 21:29:25.602   406   410 D vold    : Remounting 1002 as mode none
12-25 21:29:25.609  1477  1588 D VoldConnector: RCV <- {200 14 Command succeeded}
12-25 21:29:25.610  1477  1477 D VoldConnector: SND -> {15 volume remount_uid 1002 none}
12-25 21:29:25.610   406   410 D vold    : Remounting 1002 as mode none
12-25 21:29:25.620  1477  1588 D VoldConnector: RCV <- {200 15 Command succeeded}
12-25 21:29:25.622  1477  1477 I DefaultPermGrantPolicy: Granting permissions to default platform handlers for user 0
12-25 21:29:25.623  1477  1477 W VoiceInteractionManagerService: no available voice interaction services found for user 0
12-25 21:29:25.623  1477  1477 W VoiceInteractionManagerService: no available voice recognition services found for user 0
12-25 21:29:25.626  1477  1477 I SyncManager: No initial accounts
12-25 21:29:25.627  1477  1477 I SyncManager: No initial status
12-25 21:29:25.627  1477  1477 I SyncManager: No initial statistics
12-25 21:29:25.642  1477  1477 D VoldConnector: SND -> {16 volume remount_uid 10021 none}
12-25 21:29:25.643   406   410 D vold    : Remounting 10021 as mode none
12-25 21:29:25.650  1477  1588 D VoldConnector: RCV <- {200 16 Command succeeded}
12-25 21:29:25.653  1477  1477 D VoldConnector: SND -> {17 volume remount_uid 10042 none}
12-25 21:29:25.653   406   410 D vold    : Remounting 10042 as mode none
12-25 21:29:25.660  1477  1588 D VoldConnector: RCV <- {200 17 Command succeeded}
12-25 21:29:25.661  1477  1477 D VoldConnector: SND -> {18 volume remount_uid 10042 none}
12-25 21:29:25.662   406   410 D vold    : Remounting 10042 as mode none
12-25 21:29:25.671  1477  1588 D VoldConnector: RCV <- {200 18 Command succeeded}
12-25 21:29:25.673  1477  1477 D VoldConnector: SND -> {19 volume remount_uid 10008 none}
12-25 21:29:25.673   406   410 D vold    : Remounting 10008 as mode none
12-25 21:29:25.681  1477  1588 D VoldConnector: RCV <- {200 19 Command succeeded}
12-25 21:29:25.682  1477  1477 D VoldConnector: SND -> {20 volume remount_uid 10008 none}
12-25 21:29:25.683   406   410 D vold    : Remounting 10008 as mode none
12-25 21:29:25.690  1477  1588 D VoldConnector: RCV <- {200 20 Command succeeded}
12-25 21:29:25.691  1477  1477 D VoldConnector: SND -> {21 volume remount_uid 10011 none}
12-25 21:29:25.692   406   410 D vold    : Remounting 10011 as mode none
12-25 21:29:25.699  1477  1588 D VoldConnector: RCV <- {200 21 Command succeeded}
12-25 21:29:25.700  1477  1477 D VoldConnector: SND -> {22 volume remount_uid 10011 none}
12-25 21:29:25.701   406   410 D vold    : Remounting 10011 as mode none
12-25 21:29:25.708  1477  1588 D VoldConnector: RCV <- {200 22 Command succeeded}
12-25 21:29:25.714  1477  1477 D VoldConnector: SND -> {23 volume remount_uid 10061 none}
12-25 21:29:25.714   406   410 D vold    : Remounting 10061 as mode none
12-25 21:29:25.722  1477  1588 D VoldConnector: RCV <- {200 23 Command succeeded}
12-25 21:29:25.723  1477  1477 D VoldConnector: SND -> {24 volume remount_uid 10061 none}
12-25 21:29:25.724   406   410 D vold    : Remounting 10061 as mode none
12-25 21:29:25.731  1477  1588 D VoldConnector: RCV <- {200 24 Command succeeded}
12-25 21:29:25.736  1477  1477 D VoldConnector: SND -> {25 volume remount_uid 10002 none}
12-25 21:29:25.736   406   410 D vold    : Remounting 10002 as mode none
12-25 21:29:25.744  1477  1588 D VoldConnector: RCV <- {200 25 Command succeeded}
12-25 21:29:25.745  1477  1477 D VoldConnector: SND -> {26 volume remount_uid 10002 none}
12-25 21:29:25.745   406   410 D vold    : Remounting 10002 as mode none
12-25 21:29:25.753  1477  1588 D VoldConnector: RCV <- {200 26 Command succeeded}
12-25 21:29:25.757  1477  1477 D VoldConnector: SND -> {27 volume remount_uid 10016 none}
12-25 21:29:25.757   406   410 D vold    : Remounting 10016 as mode none
12-25 21:29:25.764  1477  1588 D VoldConnector: RCV <- {200 27 Command succeeded}
12-25 21:29:25.765  1477  1477 D VoldConnector: SND -> {28 volume remount_uid 10016 none}
12-25 21:29:25.766   406   410 D vold    : Remounting 10016 as mode none
12-25 21:29:25.773  1477  1588 D VoldConnector: RCV <- {200 28 Command succeeded}
12-25 21:29:25.775  1477  1477 D VoldConnector: SND -> {29 volume remount_uid 10049 none}
12-25 21:29:25.776   406   410 D vold    : Remounting 10049 as mode none
12-25 21:29:25.783  1477  1588 D VoldConnector: RCV <- {200 29 Command succeeded}
12-25 21:29:25.784  1477  1477 D VoldConnector: SND -> {30 volume remount_uid 10049 none}
12-25 21:29:25.785   406   410 D vold    : Remounting 10049 as mode none
12-25 21:29:25.792  1477  1588 D VoldConnector: RCV <- {200 30 Command succeeded}
12-25 21:29:25.795  1477  1477 D VoldConnector: SND -> {31 volume remount_uid 10026 none}
12-25 21:29:25.796   406   410 D vold    : Remounting 10026 as mode none
12-25 21:29:25.804  1477  1588 D VoldConnector: RCV <- {200 31 Command succeeded}
12-25 21:29:25.805  1477  1477 D VoldConnector: SND -> {32 volume remount_uid 10026 none}
12-25 21:29:25.805   406   410 D vold    : Remounting 10026 as mode none
12-25 21:29:25.813  1477  1588 D VoldConnector: RCV <- {200 32 Command succeeded}
12-25 21:29:25.816  1477  1477 V UserDataPreparer: Found /data/user_de/0 with serial number -1
12-25 21:29:25.816  1477  1477 D UserDataPreparer: Serial number missing on /data/user_de/0; assuming current is valid
12-25 21:29:25.817  1477  1477 V UserDataPreparer: Found /data/user/0 with serial number -1
12-25 21:29:25.817  1477  1477 D UserDataPreparer: Serial number missing on /data/user/0; assuming current is valid
12-25 21:29:25.817  1477  1477 V UserDataPreparer: Found /data/system_de/0 with serial number -1
12-25 21:29:25.817  1477  1477 D UserDataPreparer: Serial number missing on /data/system_de/0; assuming current is valid
12-25 21:29:25.818  1477  1477 D SystemServerTiming: MakePackageManagerServiceReady took to complete: 337ms
12-25 21:29:25.818  1477  1477 I SystemServer: MakeDisplayManagerServiceReady
12-25 21:29:25.819  1477  1477 D SystemServerTiming: MakeDisplayManagerServiceReady took to complete: 1ms
12-25 21:29:25.821  1477  1477 I ActivityManager: System now ready
12-25 21:29:25.824  1477  1477 I SystemServer: Making services ready
12-25 21:29:25.824  1477  1477 I SystemServer: StartActivityManagerReadyPhase
12-25 21:29:25.824  1477  1477 I SystemServiceManager: Starting phase 550
12-25 21:29:25.825  1477  1527 E HalDeviceManager: Should have at least 1 chip!
12-25 21:29:25.825  1477  1527 E HalDeviceManager: createIface: no chip info found
12-25 21:29:25.827  1477  1477 D BluetoothManagerService: Bluetooth boot completed
12-25 21:29:25.828  1477  1477 D BluetoothManagerService: Auto-enabling Bluetooth.
12-25 21:29:25.828  1477  1526 D BluetoothManagerService: MESSAGE_ENABLE(0): mBluetooth = null
12-25 21:29:25.842  1477  1526 I ActivityManager: Start proc 2051:com.android.bluetooth/1002 for service com.android.bluetooth/.btservice.AdapterService
12-25 21:29:25.948  2051  2051 D AdapterServiceConfig: Adding HeadsetService
12-25 21:29:25.949  2051  2051 D AdapterServiceConfig: Adding A2dpService
12-25 21:29:25.949  2051  2051 D AdapterServiceConfig: Adding HidService
12-25 21:29:25.949  2051  2051 D AdapterServiceConfig: Adding HealthService
12-25 21:29:25.949  2051  2051 D AdapterServiceConfig: Adding PanService
12-25 21:29:25.949  2051  2051 D AdapterServiceConfig: Adding GattService
12-25 21:29:25.949  2051  2051 D AdapterServiceConfig: Adding BluetoothMapService
12-25 21:29:25.949  2051  2051 W AdapterServiceConfig: Could not find profile bit mask
12-25 21:29:25.949  2051  2051 D AdapterServiceConfig: Adding BluetoothOppService
12-25 21:29:25.949  2051  2051 W AdapterServiceConfig: Could not find profile bit mask
12-25 21:29:25.949  2051  2051 D AdapterServiceConfig: Adding BluetoothPbapService
12-25 21:29:25.994  2051  2051 D BluetoothAdapterService: onCreate()
12-25 21:29:25.999  2051  2051 D BluetoothAdapterState: make() - Creating AdapterState
12-25 21:29:26.002  2051  2051 I bt_btif : init
12-25 21:29:26.003  2051  2051 D bt_osi_allocation_tracker: canary initialized
12-25 21:29:26.004  2051  2067 I BluetoothAdapterState: Entering OffState
12-25 21:29:26.004  2051  2068 I bt_osi_thread: run_thread: thread id 2068, thread name stack_manager started
12-25 21:29:26.004  2051  2068 I bt_stack_manager: event_init_stack is initializing the stack
12-25 21:29:26.005  2051  2068 E bt_osi_config: config_new unable to open file '/data/misc/bluedroid/bt_config.conf': No such file or directory
12-25 21:29:26.005  2051  2068 W bt_btif_config: init unable to load config file: /data/misc/bluedroid/bt_config.conf; using backup.
12-25 21:29:26.005  2051  2068 E bt_osi_config: config_new unable to open file '/data/misc/bluedroid/bt_config.bak': No such file or directory
12-25 21:29:26.005  2051  2068 W bt_btif_config: init unable to load backup; attempting to transcode legacy file.
12-25 21:29:26.005  2051  2068 E bt_btif_config_transcode: btif_config_transcode unable to load XML file '/data/misc/bluedroid/bt_config.xml': 3
12-25 21:29:26.005  2051  2068 E bt_btif_config: init unable to transcode legacy file; creating empty config.
12-25 21:29:26.007  2051  2071 I bt_osi_thread: run_thread: thread id 2071, thread name alarm_default_ca started
12-25 21:29:26.007  2051  2072 I bt_osi_thread: run_thread: thread id 2072, thread name alarm_dispatcher started
12-25 21:29:26.008  2051  2068 I bt_btif_core: btif_init_bluetooth entered
12-25 21:29:26.009  2051  2068 I bt_stack_config: init attempt to load stack conf from /etc/bluetooth/bt_stack.conf
