12-19 21:14:42.126   957  1209 I OMX-VDEC-1080P: Video slvp perflock released
12-19 21:14:42.126  1321  2248 I Telecom : Logging.Events: Non-call EVENT: AUDIO_ROUTE, Entering state QuiescentEarpieceRoute
12-19 21:14:42.128  2194  2249 D OpenGLRenderer: HWUI GL Pipeline
12-19 21:14:42.129   957  1209 I OMXMaster: makeComponentInstance(OMX.qcom.video.decoder.h263) in android.hardwar process
12-19 21:14:42.130   957  1209 I OMX-VDEC-1080P: Video slvp perflock acquired
12-19 21:14:42.131   957  1209 I OMX-VDEC-1080P: component_init: OMX.qcom.video.decoder.h263 : fd=6
12-19 21:14:42.131   957  1209 I OMX-VDEC-1080P: Capabilities: driver_name = msm_vidc_driver, card = msm_vdec_8974, bus_info = , version = 1, capabilities = 4003000
12-19 21:14:42.136  1321  2251 I Telecom : CallAudioModeStateMachine: Message received: null.: TS.init->CAMSM.pM_1@AAA
12-19 21:14:42.147   957  1209 I OMX-VDEC-1080P: omx_vdec::component_init() success : fd=6
12-19 21:14:42.148  1321  1321 I Telecom : MissedCallNotifierImpl: Boot not yet complete -- call log db may not be available. Deferring loading until boot complete.: TS.init@AAA
12-19 21:14:42.148   957  2082 E OMX-VDEC-1080P: Extension: OMX.google.android.index.storeANWBufferInMetadata not implemented
12-19 21:14:42.148   957  2082 E OMX-VDEC-1080P: Extension: OMX.google.android.index.configureVideoTunnelMode not implemented
12-19 21:14:42.148   957  2082 E OMX-VDEC-1080P: Extension: OMX.google.android.index.useAndroidNativeBuffer is supported
12-19 21:14:42.148   957  2082 E OMXNodeInstance: getParameter(0xec50c204:qcom.decoder.h263, ??(0x7f000044)) ERROR: UnsupportedSetting(0x80001019)
12-19 21:14:42.149   957  2082 E OMXNodeInstance: getParameter(0xec50c204:qcom.decoder.h263, ??(0x7f000044)) ERROR: UnsupportedSetting(0x80001019)
12-19 21:14:42.149   957  1209 E OMX-VDEC-1080P: Extension: OMX.google.android.index.configureVideoTunnelMode not implemented
12-19 21:14:42.149   957  1209 E OMXNodeInstance: getExtensionIndex(0xec50c204:qcom.decoder.h263, OMX.google.android.index.configureVideoTunnelMode) ERROR: NotImplemented(0x80001006)
12-19 21:14:42.149   957  2082 E OMX-VDEC-1080P: Extension: OMX.google.android.index.storeANWBufferInMetadata not implemented
12-19 21:14:42.150   957   957 I OMX-VDEC-1080P: omx_vdec::component_deinit() complete
12-19 21:14:42.151   957   957 I OMX-VDEC-1080P: Exit OMX vdec Destructor: fd=6
12-19 21:14:42.151   957   957 I OMX-VDEC-1080P: Video slvp perflock released
12-19 21:14:42.156  1321  1321 I Telecom : Class: TelecomSystem.INSTANCE being set
12-19 21:14:42.156  1321  1321 W ContextImpl: Calling a method in the system process without a qualified user: android.app.ContextImpl.startService:1460 android.content.ContextWrapper.startService:644 com.android.server.telecom.components.TelecomService.initializeTelecomSystem:165 com.android.server.telecom.components.TelecomService.onBind:60 android.app.ActivityThread.handleBindService:3431 
12-19 21:14:42.163   957   957 I OMXMaster: makeComponentInstance(OMX.qcom.video.decoder.vp8) in android.hardwar process
12-19 21:14:42.164   957   957 I OMX-VDEC-1080P: Video slvp perflock acquired
12-19 21:14:42.164   957   957 I OMX-VDEC-1080P: component_init: OMX.qcom.video.decoder.vp8 : fd=6
12-19 21:14:42.164   957   957 I OMX-VDEC-1080P: Capabilities: driver_name = msm_vidc_driver, card = msm_vdec_8974, bus_info = , version = 1, capabilities = 4003000
12-19 21:14:42.165  2194  2249 I Adreno  : QUALCOMM build                   : d3015e9, I25dc76dc3f
12-19 21:14:42.165  2194  2249 I Adreno  : Build Date                       : 01/26/17
12-19 21:14:42.165  2194  2249 I Adreno  : OpenGL ES Shader Compiler Version: XE031.09.00.03
12-19 21:14:42.165  2194  2249 I Adreno  : Local Branch                     : 
12-19 21:14:42.165  2194  2249 I Adreno  : Remote Branch                    : refs/tags/AU_LINUX_ANDROID_LA.BF64.1.2.3_RB1.07.00.00.258.011
12-19 21:14:42.165  2194  2249 I Adreno  : Remote Branch                    : NONE
12-19 21:14:42.165  2194  2249 I Adreno  : Reconstruct Branch               : NOTHING
12-19 21:14:42.166  1321  1321 W ContextImpl: Calling a method in the system process without a qualified user: android.app.ContextImpl.startService:1460 com.android.server.content.SyncManager$13.run:659 android.os.Handler.handleCallback:789 android.os.Handler.dispatchMessage:98 android.os.Looper.loop:164 
12-19 21:14:42.167   957   957 I OMX-VDEC-1080P: omx_vdec::component_init() success : fd=6
12-19 21:14:42.171   948   948 D installd: Found storage mount /data/media at /mnt/runtime/default/emulated
12-19 21:14:42.173   957   957 E OMX-VDEC-1080P: Extension: OMX.google.android.index.storeANWBufferInMetadata not implemented
12-19 21:14:42.173   957   957 E OMX-VDEC-1080P: Extension: OMX.google.android.index.configureVideoTunnelMode not implemented
12-19 21:14:42.173   957   957 E OMX-VDEC-1080P: Extension: OMX.google.android.index.useAndroidNativeBuffer is supported
12-19 21:14:42.174   957   957 E OMXNodeInstance: getParameter(0xec50c204:qcom.decoder.vp8, ??(0x7f000044)) ERROR: UnsupportedSetting(0x80001019)
12-19 21:14:42.183  2194  2249 I OpenGLRenderer: Initialized EGL, version 1.4
12-19 21:14:42.183  2194  2249 D OpenGLRenderer: Swap behavior 2
12-19 21:14:42.186  2170  2170 I ImsResolver: Initializing cache and binding.
12-19 21:14:42.191   957   957 E OMXNodeInstance: getParameter(0xec50c204:qcom.decoder.vp8, ??(0x7f000044)) ERROR: UnsupportedSetting(0x80001019)
12-19 21:14:42.193  1321  1321 D BluetoothManagerService: Bluetooth Adapter name changed to LG G4
12-19 21:14:42.193  1321  1321 D BluetoothManagerService: Stored Bluetooth name: LG G4
12-19 21:14:42.194  1321  1321 D BluetoothManagerService: BluetoothServiceConnection: com.android.bluetooth.btservice.AdapterService
12-19 21:14:42.196  1321  1351 D BluetoothManagerService: MESSAGE_BLUETOOTH_SERVICE_CONNECTED: 1
12-19 21:14:42.198  1321  1351 D BluetoothManagerService: Broadcasting onBluetoothServiceUp() to 2 receivers.
12-19 21:14:42.198  1321  1351 D BluetoothAdapter: onBluetoothServiceUp: android.bluetooth.IBluetooth$Stub$Proxy@9dad7fa
12-19 21:14:42.198   957  2082 E OMX-VDEC-1080P: Extension: OMX.google.android.index.configureVideoTunnelMode not implemented
12-19 21:14:42.198  2024  2037 D BluetoothAdapter: onBluetoothServiceUp: com.android.bluetooth.btservice.AdapterService$AdapterServiceBinder@574b75
12-19 21:14:42.198   957  2082 E OMX-VDEC-1080P: Extension: OMX.google.android.index.configureVideoTunnelMode not implemented
12-19 21:14:42.198  2053  2053 I vol.Events: writeEvent collection_started
12-19 21:14:42.198   957  2082 E OMXNodeInstance: getExtensionIndex(0xec50c204:qcom.decoder.vp8, OMX.google.android.index.configureVideoTunnelMode) ERROR: NotImplemented(0x80001006)
12-19 21:14:42.199   957   957 E OMX-VDEC-1080P: Extension: OMX.google.android.index.storeANWBufferInMetadata not implemented
12-19 21:14:42.199   957  1209 I OMX-VDEC-1080P: omx_vdec::component_deinit() complete
12-19 21:14:42.200  2024  2037 D BluetoothAdapterService: enable() - Enable called with quiet mode status =  false
12-19 21:14:42.200  2024  2139 D BluetoothAdapterState: Current state: OFF, message: 0
12-19 21:14:42.200  2024  2139 D BluetoothAdapterProperties: Setting state to 14
12-19 21:14:42.200  2024  2139 I BluetoothAdapterState: Bluetooth adapter state changed: 10-> 14
12-19 21:14:42.200  2024  2139 D BluetoothAdapterService: updateAdapterState() - Broadcasting state to 1 receivers.
12-19 21:14:42.201  2024  2139 D BluetoothAdapterService: BleOnProcessStart()
12-19 21:14:42.202  1321  1351 D BluetoothManagerService: MESSAGE_BLUETOOTH_STATE_CHANGE: OFF > BLE_TURNING_ON
12-19 21:14:42.203  1321  1351 D BluetoothManagerService: Sending BLE State Change: OFF > BLE_TURNING_ON
12-19 21:14:42.203  2024  2139 D BluetoothAdapterService: BleOnProcessStart() - Make Bond State Machine
12-19 21:14:42.204  2024  2139 D BluetoothBondStateMachine: make
12-19 21:14:42.206   957  1209 I OMX-VDEC-1080P: Exit OMX vdec Destructor: fd=6
12-19 21:14:42.207   957  1209 I OMX-VDEC-1080P: Video slvp perflock released
12-19 21:14:42.208   957  1209 I OMXMaster: makeComponentInstance(OMX.qcom.video.decoder.hevc) in android.hardwar process
12-19 21:14:42.210   957  1209 I OMX-VDEC-1080P: Video slvp perflock acquired
12-19 21:14:42.210   957  1209 I OMX-VDEC-1080P: component_init: OMX.qcom.video.decoder.hevc : fd=6
12-19 21:14:42.210   957  1209 I OMX-VDEC-1080P: Capabilities: driver_name = msm_vidc_driver, card = msm_vdec_8974, bus_info = , version = 1, capabilities = 4003000
12-19 21:14:42.215   957  1209 I OMX-VDEC-1080P: omx_vdec::component_init() success : fd=6
12-19 21:14:42.221  1321  1321 D GpsNetInitiatedHandler: location enabled :true
12-19 21:14:42.222   957  2082 E OMX-VDEC-1080P: Extension: OMX.google.android.index.storeANWBufferInMetadata not implemented
12-19 21:14:42.222   957  2082 E OMX-VDEC-1080P: Extension: OMX.google.android.index.configureVideoTunnelMode not implemented
12-19 21:14:42.222   957  2082 E OMX-VDEC-1080P: Extension: OMX.google.android.index.useAndroidNativeBuffer is supported
12-19 21:14:42.223  1321  1321 V WiredAccessoryManager: notifyWiredAccessoryChanged: when=0 bits= mask=54
12-19 21:14:42.223  1321  1321 V WiredAccessoryManager: newName=h2w newState=0 headsetState=0 prev headsetState=0
12-19 21:14:42.223  1321  1321 E WiredAccessoryManager: No state change.
12-19 21:14:42.223  1321  1321 V WiredAccessoryManager: init()
12-19 21:14:42.223  2024  2268 I BluetoothBondStateMachine: StableState(): Entering Off State
12-19 21:14:42.223  2024  2139 D BluetoothAdapterService: setProfileServiceState() - Starting service com.android.bluetooth.gatt.GattService
12-19 21:14:42.224   957  2082 E OMXNodeInstance: getParameter(0xec50c204:qcom.decoder.hevc, ??(0x7f000044)) ERROR: UnsupportedSetting(0x80001019)
12-19 21:14:42.224   957  2082 E OMXNodeInstance: getParameter(0xec50c204:qcom.decoder.hevc, ??(0x7f000044)) ERROR: UnsupportedSetting(0x80001019)
12-19 21:14:42.225   957  1209 E OMX-VDEC-1080P: Extension: OMX.google.android.index.configureVideoTunnelMode not implemented
12-19 21:14:42.225   957  1209 E OMXNodeInstance: getExtensionIndex(0xec50c204:qcom.decoder.hevc, OMX.google.android.index.configureVideoTunnelMode) ERROR: NotImplemented(0x80001006)
12-19 21:14:42.225   957  2082 E OMX-VDEC-1080P: Extension: OMX.google.android.index.storeANWBufferInMetadata not implemented
12-19 21:14:42.225   957   957 I OMX-VDEC-1080P: omx_vdec::component_deinit() complete
12-19 21:14:42.225  2024  2139 I BluetoothAdapterState: Entering PendingCommandState
12-19 21:14:42.226  2024  2024 I BtGatt.JNI: classInitNative(L893): classInitNative: Success!
12-19 21:14:42.230  2024  2024 D BtGatt.DebugUtils: handleDebugAction() action=null
12-19 21:14:42.230  2024  2024 D BluetoothAdapterService: getAdapterService() - returning com.android.bluetooth.btservice.AdapterService@7e4e80
12-19 21:14:42.230  2024  2024 D BtGatt.GattService: Received start request. Starting profile...
12-19 21:14:42.230  2024  2024 I bt_btif : get_profile_interface: id = gatt
12-19 21:14:42.231  2024  2024 D BluetoothAdapterService: getAdapterService() - returning com.android.bluetooth.btservice.AdapterService@7e4e80
12-19 21:14:42.236   957   957 I OMX-VDEC-1080P: Exit OMX vdec Destructor: fd=6
12-19 21:14:42.236   957   957 I OMX-VDEC-1080P: Video slvp perflock released
12-19 21:14:42.237  2170  2170 I com.android.phone: Looking for service android.hardware.radio@1.0::IRadio/slot1
12-19 21:14:42.240  2102  2102 D AndroidRuntime: >>>>>> START com.android.internal.os.WebViewZygoteInit uid 1053 <<<<<<
12-19 21:14:42.241  2170  2170 I com.android.phone: Looking for service android.hardware.radio@1.0::IRadio/slot1
12-19 21:14:42.245  2053  2272 I vol.Events: writeEvent external_ringer_mode_changed normal
12-19 21:14:42.247   957   957 I OMXMaster: makeComponentInstance(OMX.qcom.video.decoder.hevc.secure) in android.hardwar process
12-19 21:14:42.247  2170  2170 I com.android.phone: Looking for service android.hardware.radio.deprecated@1.0::IOemHook/slot1
12-19 21:14:42.248   957   957 I OMX-VDEC-1080P: Video slvp perflock acquired
12-19 21:14:42.248  2024  2024 D BluetoothAdapterService: getAdapterService() - returning com.android.bluetooth.btservice.AdapterService@7e4e80
12-19 21:14:42.248  2024  2024 D BluetoothAdapterService: getAdapterService() - returning com.android.bluetooth.btservice.AdapterService@7e4e80
12-19 21:14:42.248   957   957 I OMX-VDEC-1080P: component_init: OMX.qcom.video.decoder.hevc : fd=6
12-19 21:14:42.249   957   957 I OMX-VDEC-1080P: Capabilities: driver_name = msm_vidc_driver, card = msm_vdec_8974, bus_info = , version = 1, capabilities = 4003000
12-19 21:14:42.249  2053  2272 I vol.Events: writeEvent internal_ringer_mode_changed normal
12-19 21:14:42.257   957   957 I OMX-VDEC-1080P: omx_vdec::component_init() success : fd=6
12-19 21:14:42.257  1321  1391 I WindowManager: Screen frozen for +325ms due to Window{80c40de u0 com.android.settings/com.android.settings.FallbackHome}
12-19 21:14:42.258  2024  2024 D BluetoothAdapterService: handleMessage() - Message: 1
12-19 21:14:42.258  2024  2024 D BluetoothAdapterService: handleMessage() - MESSAGE_PROFILE_SERVICE_STATE_CHANGED
12-19 21:14:42.258  2024  2024 D BluetoothAdapterService: processProfileServiceStateChanged() - serviceName=com.android.bluetooth.gatt.GattService isTurningOn=false isTurningOff=false isBleTurningOn=true isBleTurningOff=false
12-19 21:14:42.259  2024  2024 D BluetoothAdapterService: GattService is started
12-19 21:14:42.259  2024  2139 V BluetoothAdapterState: PendingCommand - transient state(s): isBleTurningOn
12-19 21:14:42.259  2024  2139 D BluetoothAdapterState: Current state: PENDING_COMMAND, message: 4
12-19 21:14:42.260   957  1209 E OMX-VDEC-1080P: Extension: OMX.google.android.index.storeANWBufferInMetadata not implemented
12-19 21:14:42.260   957  1209 E OMX-VDEC-1080P: Extension: OMX.google.android.index.configureVideoTunnelMode not implemented
12-19 21:14:42.260   957  1209 E OMX-VDEC-1080P: Extension: OMX.google.android.index.useAndroidNativeBuffer is supported
12-19 21:14:42.261  2102  2102 I /system/bin/webview_zygote32: option[0]=-Xzygote
12-19 21:14:42.261  2102  2102 I /system/bin/webview_zygote32: option[1]=-Xstacktracefile:/data/anr/traces.txt
12-19 21:14:42.261  2102  2102 I /system/bin/webview_zygote32: option[2]=exit
12-19 21:14:42.261  2102  2102 I /system/bin/webview_zygote32: option[3]=vfprintf
12-19 21:14:42.261  2102  2102 I /system/bin/webview_zygote32: option[4]=sensitiveThread
12-19 21:14:42.261  2102  2102 I /system/bin/webview_zygote32: option[5]=-verbose:gc
12-19 21:14:42.261  2102  2102 I /system/bin/webview_zygote32: option[6]=-Xms8m
12-19 21:14:42.261  2102  2102 I /system/bin/webview_zygote32: option[7]=-Xmx768m
12-19 21:14:42.261  2102  2102 I /system/bin/webview_zygote32: option[8]=-XX:HeapGrowthLimit=288m
12-19 21:14:42.261  2102  2102 I /system/bin/webview_zygote32: option[9]=-XX:HeapMinFree=512k
12-19 21:14:42.261  2102  2102 I /system/bin/webview_zygote32: option[10]=-XX:HeapMaxFree=8m
12-19 21:14:42.261  2102  2102 I /system/bin/webview_zygote32: option[11]=-XX:HeapTargetUtilization=0.75
12-19 21:14:42.261  2102  2102 I /system/bin/webview_zygote32: option[12]=-Xusejit:true
12-19 21:14:42.261  2102  2102 I /system/bin/webview_zygote32: option[13]=-Xjitsaveprofilinginfo
12-19 21:14:42.261  2102  2102 I /system/bin/webview_zygote32: option[14]=-agentlib:jdwp=transport=dt_android_adb,suspend=n,server=y
12-19 21:14:42.261  2102  2102 I /system/bin/webview_zygote32: option[15]=-Xlockprofthreshold:500
12-19 21:14:42.261  2102  2102 I /system/bin/webview_zygote32: option[16]=-Ximage-compiler-option
12-19 21:14:42.261  2102  2102 I /system/bin/webview_zygote32: option[17]=--runtime-arg
12-19 21:14:42.261  2102  2102 I /system/bin/webview_zygote32: option[18]=-Ximage-compiler-option
12-19 21:14:42.261  2102  2102 I /system/bin/webview_zygote32: option[19]=-Xms64m
12-19 21:14:42.261  2102  2102 I /system/bin/webview_zygote32: option[20]=-Ximage-compiler-option
12-19 21:14:42.261   957  1209 E OMXNodeInstance: getParameter(0xec50c204:qcom.decoder.hevc.secure, ??(0x7f000044)) ERROR: UnsupportedSetting(0x80001019)
12-19 21:14:42.261  2102  2102 I /system/bin/webview_zygote32: option[21]=--runtime-arg
12-19 21:14:42.261  2102  2102 I /system/bin/webview_zygote32: option[22]=-Ximage-compiler-option
12-19 21:14:42.261  2102  2102 I /system/bin/webview_zygote32: option[23]=-Xmx64m
12-19 21:14:42.261  2102  2102 I /system/bin/webview_zygote32: option[24]=-Ximage-compiler-option
12-19 21:14:42.261  2102  2102 I /system/bin/webview_zygote32: option[25]=--image-classes=/system/etc/preloaded-classes
12-19 21:14:42.261  2102  2102 I /system/bin/webview_zygote32: option[26]=-Ximage-compiler-option
12-19 21:14:42.261  2102  2102 I /system/bin/webview_zygote32: option[27]=--compiled-classes=/system/etc/compiled-classes
12-19 21:14:42.261  2102  2102 I /system/bin/webview_zygote32: option[28]=-Xcompiler-option
12-19 21:14:42.261  2102  2102 I /system/bin/webview_zygote32: option[29]=--runtime-arg
12-19 21:14:42.261  2102  2102 I /system/bin/webview_zygote32: option[30]=-Xcompiler-option
12-19 21:14:42.261  2102  2102 I /system/bin/webview_zygote32: option[31]=-Xms64m
12-19 21:14:42.261  2102  2102 I /system/bin/webview_zygote32: option[32]=-Xcompiler-option
12-19 21:14:42.261  2102  2102 I /system/bin/webview_zygote32: option[33]=--runtime-arg
12-19 21:14:42.261  2102  2102 I /system/bin/webview_zygote32: option[34]=-Xcompiler-option
12-19 21:14:42.261  2102  2102 I /system/bin/webview_zygote32: option[35]=-Xmx512m
12-19 21:14:42.261  2102  2102 I /system/bin/webview_zygote32: option[36]=-Xcompiler-option
12-19 21:14:42.261  2102  2102 I /system/bin/webview_zygote32: option[37]=-j2
12-19 21:14:42.261  2102  2102 I /system/bin/webview_zygote32: option[38]=-Ximage-compiler-option
12-19 21:14:42.261  2102  2102 I /system/bin/webview_zygote32: option[39]=-j4
12-19 21:14:42.261  2102  2102 I /system/bin/webview_zygote32: option[40]=-Ximage-compiler-option
12-19 21:14:42.261  2102  2102 I /system/bin/webview_zygote32: option[41]=--instruction-set-variant=cortex-a53.a57
12-19 21:14:42.261  2102  2102 I /system/bin/webview_zygote32: option[42]=-Xcompiler-option
12-19 21:14:42.261  2102  2102 I /system/bin/webview_zygote32: option[43]=--instruction-set-variant=cortex-a53.a57
12-19 21:14:42.261  2102  2102 I /system/bin/webview_zygote32: option[44]=-Ximage-compiler-option
12-19 21:14:42.261  2102  2102 I /system/bin/webview_zygote32: option[45]=--instruction-set-features=default
12-19 21:14:42.261  2102  2102 I /system/bin/webview_zygote32: option[46]=-Xcompiler-option
12-19 21:14:42.261  2102  2102 I /system/bin/webview_zygote32: option[47]=--instruction-set-features=default
12-19 21:14:42.261  2102  2102 I /system/bin/webview_zygote32: option[48]=-Duser.locale=en-US
12-19 21:14:42.261  2102  2102 I /system/bin/webview_zygote32: option[49]=--cpu-abilist=armeabi-v7a,armeabi
12-19 21:14:42.262  2102  2102 I /system/bin/webview_zygote32: option[50]=-Xfingerprint:lge/p1_global_com/p1:8.0/NRD90U/171931902b165:user/release-keys
12-19 21:14:42.262   957  1209 E OMXNodeInstance: getParameter(0xec50c204:qcom.decoder.hevc.secure, ??(0x7f000044)) ERROR: UnsupportedSetting(0x80001019)
12-19 21:14:42.263   957  2082 E OMX-VDEC-1080P: Extension: OMX.google.android.index.configureVideoTunnelMode not implemented
12-19 21:14:42.263   957  2082 E OMXNodeInstance: getExtensionIndex(0xec50c204:qcom.decoder.hevc.secure, OMX.google.android.index.configureVideoTunnelMode) ERROR: NotImplemented(0x80001006)
12-19 21:14:42.264   957  1209 E OMX-VDEC-1080P: Extension: OMX.google.android.index.storeANWBufferInMetadata not implemented
12-19 21:14:42.264   957   957 I OMX-VDEC-1080P: omx_vdec::component_deinit() complete
12-19 21:14:42.265  2024  2139 I bt_btif : enable: start restricted = 0
12-19 21:14:42.265  2024  2142 I bt_stack_manager: event_start_up_stack is bringing up the stack
12-19 21:14:42.265  2024  2142 I bt_core_module: module_start_up Starting module "btif_config_module"
12-19 21:14:42.266  2024  2142 I bt_core_module: module_start_up Started module "btif_config_module"
12-19 21:14:42.266  2024  2142 I bt_core_module: module_start_up Starting module "btsnoop_module"
12-19 21:14:42.268  2024  2142 I bt_core_module: module_start_up Started module "btsnoop_module"
12-19 21:14:42.268  2024  2142 I bt_core_module: module_start_up Starting module "hci_module"
12-19 21:14:42.270  2024  2142 I bt_hci  : hci_module_start_up
12-19 21:14:42.270  1229  1229 D SurfaceFlinger: duplicate layer name: changing BlackSurface to BlackSurface#1
12-19 21:14:42.270   957   957 I OMX-VDEC-1080P: Exit OMX vdec Destructor: fd=6
12-19 21:14:42.271   957   957 I OMX-VDEC-1080P: Video slvp perflock released
12-19 21:14:42.271  1229  1229 D SurfaceFlinger: duplicate layer name: changing BlackSurface to BlackSurface#1
12-19 21:14:42.271  2024  2290 I bt_osi_thread: run_thread: thread id 2290, thread name hci_thread started
12-19 21:14:42.271  2024  2142 D bt_hci  : hci_module_start_up starting async portion
12-19 21:14:42.272  2024  2290 I bt_hci  : hci_initialize
12-19 21:14:42.275  1321  1352 I ActivityManager: Displayed com.android.settings/.FallbackHome: +391ms
12-19 21:14:42.276   957   957 I OMXMaster: makeComponentInstance(OMX.qti.audio.decoder.flac) in android.hardwar process
12-19 21:14:42.276   957   957 E OMX     : FAILED to allocate omx component 'OMX.qti.audio.decoder.flac' err=??(0x80001002)
12-19 21:14:42.277  1321  1336 W KeyguardServiceDelegate: onScreenTurningOn(): no keyguard service!
12-19 21:14:42.278  1321  1988 I InputReader: Reconfiguring input devices.  changes=0x00000004
12-19 21:14:42.278  2024  2290 I bt_hci  : hci_initialize: IBluetoothHci::getService() returned 0x76f046c5a0 (local)
12-19 21:14:42.279  2024  2290 I android.hardware.bluetooth@1.0-impl: BluetoothHci::initialize()
12-19 21:14:42.279   957  1209 I OMXMaster: makeComponentInstance(OMX.google.mpeg4.decoder) in android.hardwar process
12-19 21:14:42.280  1235  1269 W DeviceHAL: Device 0xee5f3000 set_mic_mute: Function not implemented
12-19 21:14:42.280  1235  1269 W DeviceHAL: Device 0xee5e4c80 set_mic_mute: Function not implemented
12-19 21:14:42.280  1235  1269 W DeviceHAL: Device 0xeccd4d00 set_mic_mute: Function not implemented
12-19 21:14:42.282  2024  2290 D         : get_local_address: Trying /data/misc/bluetooth/bdaddr
12-19 21:14:42.283  2024  2290 D         : get_local_address: Got Factory BDA 00:34:da:a5:f8:06
12-19 21:14:42.283  2024  2290 I bt_vendor: init
12-19 21:14:42.283  2024  2290 I bt_vnd_conf: Attempt to load conf from /etc/bluetooth/bt_vendor.conf
12-19 21:14:42.283  2024  2290 I bt_vnd_conf: vnd_load_conf file >/etc/bluetooth/bt_vendor.conf< not found
12-19 21:14:42.283  2024  2290 D android.hardware.bluetooth@1.0-impl: Open vendor library loaded
12-19 21:14:42.283  2024  2290 D bt_vendor: op for 0
12-19 21:14:42.283  2024  2290 D bt_upio : is_emulator_context : 0
12-19 21:14:42.283  2024  2290 D bt_upio : is_rfkill_disabled ? [0]
12-19 21:14:42.283  2024  2290 D bt_upio : is_rfkill_disabled ? [0]
12-19 21:14:42.283  2024  2290 W bt_vendor: NOTE: BT_VND_PWR_ON now forces power-off first
12-19 21:14:42.283  2024  2290 D bt_upio : is_emulator_context : 0
12-19 21:14:42.283  2024  2290 D bt_upio : is_rfkill_disabled ? [0]
12-19 21:14:42.286   957   957 E OMXNodeInstance: getExtensionIndex(0xeca073c0:google.mpeg4.decoder, OMX.google.android.index.configureVideoTunnelMode) ERROR: UnsupportedIndex(0x8000101a)
12-19 21:14:42.287   957  2082 E OMXNodeInstance: getExtensionIndex(0xeca073c0:google.mpeg4.decoder, OMX.google.android.index.enableAndroidNativeBuffers) ERROR: UnsupportedIndex(0x8000101a)
12-19 21:14:42.290   957   957 I OMXMaster: makeComponentInstance(OMX.google.h263.decoder) in android.hardwar process
12-19 21:14:42.294   957  2082 E OMXNodeInstance: getExtensionIndex(0xeca073c0:google.h263.decoder, OMX.google.android.index.configureVideoTunnelMode) ERROR: UnsupportedIndex(0x8000101a)
12-19 21:14:42.294   957  1209 E OMXNodeInstance: getExtensionIndex(0xeca073c0:google.h263.decoder, OMX.google.android.index.enableAndroidNativeBuffers) ERROR: UnsupportedIndex(0x8000101a)
12-19 21:14:42.298   957  2082 I OMXMaster: makeComponentInstance(OMX.google.h264.decoder) in android.hardwar process
12-19 21:14:42.304   957   957 E OMXNodeInstance: getExtensionIndex(0xeca073c0:google.h264.decoder, OMX.google.android.index.configureVideoTunnelMode) ERROR: UnsupportedIndex(0x8000101a)
12-19 21:14:42.304   957  2082 E OMXNodeInstance: getExtensionIndex(0xeca073c0:google.h264.decoder, OMX.google.android.index.enableAndroidNativeBuffers) ERROR: UnsupportedIndex(0x8000101a)
12-19 21:14:42.312   957   957 I OMXMaster: makeComponentInstance(OMX.google.hevc.decoder) in android.hardwar process
12-19 21:14:42.312  1321  1321 D ConditionProviders.SCP: onSubscribe condition://android/schedule?days=6.7&start=23.30&end=10.0&exitAtAlarm=false
12-19 21:14:42.313  1321  1321 D ConditionProviders.SCP: setRegistered true
12-19 21:14:42.314  1321  1321 D ConditionProviders.SCP: notifyCondition condition://android/schedule?days=6.7&start=23.30&end=10.0&exitAtAlarm=false STATE_FALSE reason=!meetsSchedule
12-19 21:14:42.316  1321  1321 D ConditionProviders.SCP: Scheduling evaluate for Tue Dec 19 23:30:00 GMT+00:00 2017 (1513726200000), in +2h15m17s687ms, now=Tue Dec 19 21:14:42 GMT+00:00 2017 (1513718082313)
12-19 21:14:42.316  1321  1321 D ConditionProviders.SCP: onSubscribe condition://android/schedule?days=1.2.3.4.5&start=22.0&end=7.0&exitAtAlarm=false
12-19 21:14:42.318  1321  1321 D ConditionProviders.SCP: notifyCondition condition://android/schedule?days=6.7&start=23.30&end=10.0&exitAtAlarm=false STATE_FALSE reason=!meetsSchedule
12-19 21:14:42.319  1321  1321 D ConditionProviders.SCP: notifyCondition condition://android/schedule?days=1.2.3.4.5&start=22.0&end=7.0&exitAtAlarm=false STATE_FALSE reason=!meetsSchedule
12-19 21:14:42.321  2170  2170 I com.android.phone: Looking for service android.hardware.radio@1.0::IRadio/slot1
12-19 21:14:42.321  1321  1321 D ConditionProviders.SCP: Scheduling evaluate for Tue Dec 19 22:00:00 GMT+00:00 2017 (1513720800000), in +45m17s683ms, now=Tue Dec 19 21:14:42 GMT+00:00 2017 (1513718082317)
12-19 21:14:42.328   957   957 E OMXNodeInstance: getExtensionIndex(0xeca073c0:google.hevc.decoder, OMX.google.android.index.configureVideoTunnelMode) ERROR: UnsupportedIndex(0x8000101a)
12-19 21:14:42.329   957  2082 E OMXNodeInstance: getExtensionIndex(0xeca073c0:google.hevc.decoder, OMX.google.android.index.enableAndroidNativeBuffers) ERROR: UnsupportedIndex(0x8000101a)
12-19 21:14:42.330  1321  1988 I InputReader: Reconfiguring input devices.  changes=0x00000004
12-19 21:14:42.341   957   957 I OMXMaster: makeComponentInstance(OMX.google.vp8.decoder) in android.hardwar process
12-19 21:14:42.347  1321  1988 I InputReader: Reconfiguring input devices.  changes=0x00000004
12-19 21:14:42.350   957  1209 E OMXNodeInstance: getExtensionIndex(0xeca073c0:google.vp8.decoder, OMX.google.android.index.configureVideoTunnelMode) ERROR: UnsupportedIndex(0x8000101a)
12-19 21:14:42.350  2168  2168 I cameraserver: ServiceManager: 0xeee17580
12-19 21:14:42.350   957   957 E OMXNodeInstance: getExtensionIndex(0xeca073c0:google.vp8.decoder, OMX.google.android.index.enableAndroidNativeBuffers) ERROR: UnsupportedIndex(0x8000101a)
12-19 21:14:42.351  2168  2168 I CameraService: CameraService started (pid=2168)
12-19 21:14:42.351  2168  2168 I CameraService: CameraService process starting
12-19 21:14:42.356   957  1209 I OMXMaster: makeComponentInstance(OMX.google.vp9.decoder) in android.hardwar process
12-19 21:14:42.365  1321  1988 I InputReader: Reconfiguring input devices.  changes=0x00000004
12-19 21:14:42.367  1321  1321 I Telecom : WiredHeadsetManager: ACTION_HEADSET_PLUG event, plugged in: false, : WHC.oADA@AAE
12-19 21:14:42.375   957  1209 E OMXNodeInstance: getExtensionIndex(0xeca073c0:google.vp9.decoder, OMX.google.android.index.configureVideoTunnelMode) ERROR: UnsupportedIndex(0x8000101a)
12-19 21:14:42.375   957   957 E OMXNodeInstance: getExtensionIndex(0xeca073c0:google.vp9.decoder, OMX.google.android.index.enableAndroidNativeBuffers) ERROR: UnsupportedIndex(0x8000101a)
12-19 21:14:42.377  2168  2168 I vndksupport: sphal namespace is not configured for this process. Loading /vendor/lib/hw/camera.msm8992.so from the current namespace instead.
12-19 21:14:42.381  1321  1335 I SyncManager: Got SyncJobService instance.
12-19 21:14:42.384  1321  1321 D AutofillManagerService: Autofill restriction did not change for user 0: null
12-19 21:14:42.385   957  1209 I OMXMaster: makeComponentInstance(OMX.google.h263.encoder) in android.hardwar process
12-19 21:14:42.389   957  1209 I SoftMPEG4Encoder: Construct SoftMPEG4Encoder
12-19 21:14:42.395  2290  2290 I hci_thread: type=1400 audit(0.0:925): avc: denied { write } for name="btwrite" dev="proc" ino=4026535863 scontext=u:r:bluetooth:s0 tcontext=u:object_r:proc:s0 tclass=file permissive=1
12-19 21:14:42.395  2290  2290 W hci_thread: type=1400 audit(0.0:926): avc: granted { open } for path="/proc/bluetooth/sleep/btwrite" dev="proc" ino=4026535863 scontext=u:r:bluetooth:s0 tcontext=u:object_r:proc:s0 tclass=file
12-19 21:14:42.398  2024  2290 D bt_vendor: op for 3
12-19 21:14:42.398  2024  2290 I bt_userial_vendor: userial vendor open: opening /dev/ttyHS0
12-19 21:14:42.398  2024  2290 I bt_userial_vendor: device fd = 72 open
12-19 21:14:42.399  2024  2290 D bt_vendor: op for 1
12-19 21:14:42.399  2024  2290 D bt_vendor: op for 7
12-19 21:14:42.399  2024  2290 D bt_upio : upio_set : pio 0 action 2, polarity 0
12-19 21:14:42.399  2024  2290 D bt_upio : upio_set: proc btwrite assertion, buffer: 1, timer_armed 1 0
12-19 21:14:42.401  1242  1242 W OMXUtils: do not know color format 0x7f000789 = 2130708361
12-19 21:14:42.401   957  1209 E OMXNodeInstance: getConfig(0xeca073c0:google.h263.encoder, ConfigAndroidIntraRefresh(0x6f60000a)) ERROR: Undefined(0x80001001)
12-19 21:14:42.404  1321  2007 D NotificationSQLiteLog: Pruned event entries: 0
12-19 21:14:42.406   957   957 I OMXMaster: makeComponentInstance(OMX.google.h264.encoder) in android.hardwar process
12-19 21:14:42.420  1321  1321 I FusedLocation: engine started (com.android.location.fused)
12-19 21:14:42.431  2024  2326 I bt_hwcfg: bt vendor lib: set UART baud 4000000
12-19 21:14:42.432  1242  1242 W OMXUtils: do not know color format 0x7f000789 = 2130708361
12-19 21:14:42.434  2170  2170 I com.android.phone: Looking for service android.hardware.radio@1.0::IRadio/slot1
12-19 21:14:42.436   957  1209 I OMXMaster: makeComponentInstance(OMX.google.mpeg4.encoder) in android.hardwar process
12-19 21:14:42.439   957  1209 I SoftMPEG4Encoder: Construct SoftMPEG4Encoder
12-19 21:14:42.440  1242  1242 W OMXUtils: do not know color format 0x7f000789 = 2130708361
12-19 21:14:42.441   957  2082 E OMXNodeInstance: getConfig(0xeca073c0:google.mpeg4.encoder, ConfigAndroidIntraRefresh(0x6f60000a)) ERROR: Undefined(0x80001001)
12-19 21:14:42.451  1321  1333 I ActivityManager: user 0 is still locked. Cannot load recents
12-19 21:14:42.451   957   957 I OMXMaster: makeComponentInstance(OMX.google.vp8.encoder) in android.hardwar process
12-19 21:14:42.458  2024  2326 D bt_hwcfg: Chipset BCM4335C0
12-19 21:14:42.458  2024  2326 D bt_hwcfg: Target name = [BCM4335C0]
12-19 21:14:42.458  2024  2326 D bt_hwcfg: Target name = [BCM4335]
12-19 21:14:42.458  2024  2326 I bt_hwcfg: Found patchfile: /system/vendor/firmware//BCM4335_003.001.009.0117.0620_LGE_P1_EU.hcd
12-19 21:14:42.469  1242  1242 W OMXUtils: do not know color format 0x7f000789 = 2130708361
12-19 21:14:42.470   957   957 E OMXNodeInstance: getConfig(0xeca073c0:google.vp8.encoder, ConfigAndroidIntraRefresh(0x6f60000a)) ERROR: Undefined(0x80001001)
12-19 21:14:42.475   957  2082 I OMXMaster: makeComponentInstance(OMX.google.vp9.encoder) in android.hardwar process
12-19 21:14:42.479  1242  1242 W OMXUtils: do not know color format 0x7f000789 = 2130708361
12-19 21:14:42.479   957  2082 E OMXNodeInstance: getConfig(0xeca073c0:google.vp9.encoder, ConfigAndroidIntraRefresh(0x6f60000a)) ERROR: Undefined(0x80001001)
12-19 21:14:42.494  1242  1242 W MediaCodecList: unable to open media codecs configuration xml file: /data/misc/media/media_codecs_profiling_results.xml
12-19 21:14:42.498   957   957 I OMXMaster: makeComponentInstance(OMX.google.vorbis.decoder) in android.hardwar process
12-19 21:14:42.501   957  2082 I OMXMaster: makeComponentInstance(OMX.google.vorbis.decoder) in android.hardwar process
12-19 21:14:42.503   957  2082 E OMXNodeInstance: getConfig(0xeca073c0:google.vorbis.decoder, ConfigAndroidVendorExtension(0x6f100004)) ERROR: Undefined(0x80001001)
12-19 21:14:42.506   957  1209 E OMXNodeInstance: getConfig(0xecda2ea0:google.vorbis.decoder, ConfigAndroidVendorExtension(0x6f100004)) ERROR: Undefined(0x80001001)
12-19 21:14:42.567   938   938 I qti     : type=1400 audit(0.0:927): avc: denied { create } for scontext=u:r:init:s0 tcontext=u:r:init:s0 tclass=socket permissive=1
12-19 21:14:42.580   953   953 D MediaAnalyticsService: MediaAnalyticsService::newSummarizerSet
12-19 21:14:42.608   957   957 I OMXMaster: makeComponentInstance(OMX.google.vorbis.decoder) in android.hardwar process
12-19 21:14:42.613   957  2339 E OMXNodeInstance: getConfig(0xeca07000:google.vorbis.decoder, ConfigAndroidVendorExtension(0x6f100004)) ERROR: Undefined(0x80001001)
12-19 21:14:42.614  1321  1331 I zygote64: Background concurrent copying GC freed 36187(3MB) AllocSpace objects, 15(308KB) LOS objects, 42% free, 5MB/9MB, paused 250us total 227.594ms
12-19 21:14:42.628   957  2082 I OMXMaster: makeComponentInstance(OMX.google.vorbis.decoder) in android.hardwar process
12-19 21:14:42.631   957  1209 E OMXNodeInstance: getConfig(0xecda2ea0:google.vorbis.decoder, ConfigAndroidVendorExtension(0x6f100004)) ERROR: Undefined(0x80001001)
12-19 21:14:42.651  2170  2170 D PhoneSwitcherNetworkRequstListener: Registering NetworkFactory
12-19 21:14:42.652  1321  2003 D ConnectivityService: Got NetworkFactory Messenger for PhoneSwitcherNetworkRequstListener
12-19 21:14:42.683  1321  2003 D ConnectivityService: Got NetworkFactory Messenger for TelephonyNetworkFactory[0]
12-19 21:14:42.712   940  1016 E ThermalEngine: [BMHB_GOV] read failed VS_TEMP
12-19 21:14:42.714  2170  2170 D CarrierConfigLoader: CarrierConfigLoader has started
12-19 21:14:42.719   957  2082 I OMXMaster: makeComponentInstance(OMX.google.vorbis.decoder) in android.hardwar process
12-19 21:14:42.725   957  1209 E OMXNodeInstance: getConfig(0xeca07000:google.vorbis.decoder, ConfigAndroidVendorExtension(0x6f100004)) ERROR: Undefined(0x80001001)
12-19 21:14:42.725  2170  2356 W CallerInfoCache: cursor is null
12-19 21:14:42.743  2053  2272 I vol.Events: writeEvent level_changed STREAM_VOICE_CALL 4
12-19 21:14:42.745  2053  2272 I vol.Events: writeEvent level_changed STREAM_SYSTEM 5
12-19 21:14:42.745  2170  2170 I com.android.phone: Looking for service android.hardware.radio@1.0::IRadio/slot1
12-19 21:14:42.747  2053  2272 I vol.Events: writeEvent level_changed STREAM_RING 5
12-19 21:14:42.750  2053  2272 I vol.Events: writeEvent level_changed STREAM_MUSIC 11
12-19 21:14:42.752  2170  2170 I TelecomFramework: TtyManager: updateUiTtyMode -1 -> 0
12-19 21:14:42.753  2053  2272 I vol.Events: writeEvent level_changed STREAM_ALARM 6
12-19 21:14:42.758  2053  2272 I vol.Events: writeEvent level_changed STREAM_BLUETOOTH_SCO 7
12-19 21:14:42.774  2170  2170 D ImsResolver: maybeAddedImsService, packageName: null
12-19 21:14:42.777  2170  2170 I com.android.phone: Looking for service android.hardware.radio@1.0::IRadio/slot1
12-19 21:14:42.784  2170  2170 I VvmSimStateTracker: android.intent.action.SIM_STATE_CHANGED
12-19 21:14:42.791   957  1209 I OMXMaster: makeComponentInstance(OMX.google.vorbis.decoder) in android.hardwar process
12-19 21:14:42.794  1321  1321 I GnssLocationProvider: WakeLock acquired by sendMessage(SUBSCRIPTION_OR_SIM_CHANGED, 0, null)
12-19 21:14:42.795   957  2339 E OMXNodeInstance: getConfig(0xeca073c0:google.vorbis.decoder, ConfigAndroidVendorExtension(0x6f100004)) ERROR: Undefined(0x80001001)
12-19 21:14:42.804  1321  1335 I GnssLocationProvider: WakeLock released by handleMessage(SUBSCRIPTION_OR_SIM_CHANGED, 0, null)
12-19 21:14:42.810  2170  2170 D ServiceStateProvider: subId=-2
12-19 21:14:42.813  2024  2326 I bt_hwcfg: bt vendor lib: set UART baud 115200
12-19 21:14:42.813  2024  2326 D bt_hwcfg: Settlement delay -- 100 ms
12-19 21:14:42.813  2024  2326 I bt_hwcfg: Setting fw settlement delay to 100 
12-19 21:14:42.816  2053  2366 D OpenGLRenderer: HWUI GL Pipeline
12-19 21:14:42.851   957   957 I OMXMaster: makeComponentInstance(OMX.google.vorbis.decoder) in android.hardwar process
12-19 21:14:42.856   957   957 E OMXNodeInstance: getConfig(0xecda2ea0:google.vorbis.decoder, ConfigAndroidVendorExtension(0x6f100004)) ERROR: Undefined(0x80001001)
12-19 21:14:42.864  2053  2053 D NetworkController.WifiSignalController: Registered score cache
12-19 21:14:42.924  2053  2053 D StatusBar: disable<e i a s b h r c s q >
12-19 21:14:42.925   957   957 I OMXMaster: makeComponentInstance(OMX.google.vorbis.decoder) in android.hardwar process
12-19 21:14:42.926  1321  1333 I StatusBarManagerService: registerStatusBar bar=com.android.internal.statusbar.IStatusBar$Stub$Proxy@3ceb851
12-19 21:14:42.929  2024  2326 I bt_hwcfg: bt vendor lib: set UART baud 4000000
12-19 21:14:42.930  2024  2326 I bt_hwcfg: Setting local bd addr to 00:34:DA:A5:F8:06
12-19 21:14:42.930   957  1209 E OMXNodeInstance: getConfig(0xecda2ea0:google.vorbis.decoder, ConfigAndroidVendorExtension(0x6f100004)) ERROR: Undefined(0x80001001)
12-19 21:14:42.950  2170  2170 D PhoneSwitcherNetworkRequstListener: got request NetworkRequest [ REQUEST id=1, [ Capabilities: INTERNET&NOT_RESTRICTED&TRUSTED&NOT_VPN] ] with score 0
12-19 21:14:42.950  2170  2170 D PhoneSwitcherNetworkRequstListener: got request NetworkRequest [ TRACK_DEFAULT id=3, [ Capabilities: INTERNET&NOT_RESTRICTED&TRUSTED&NOT_VPN] ] with score 0
12-19 21:14:42.950  2170  2170 D PhoneSwitcherNetworkRequstListener: got request NetworkRequest [ BACKGROUND_REQUEST id=2, [ Transports: CELLULAR Capabilities: INTERNET&NOT_RESTRICTED&TRUSTED&NOT_VPN] ] with score 0
12-19 21:14:42.952  2170  2170 D TelephonyDebugService: TelephonyDebugService()
12-19 21:14:42.953  2170  2170 D CarrierConfigLoader: mHandler: 12 phoneId: 0
12-19 21:14:42.955  2170  2170 I com.android.phone: Looking for service android.hardware.radio@1.0::IRadio/slot1
12-19 21:14:42.959  2326  2326 W hci_thread: type=1400 audit(0.0:932): avc: granted { open } for path="/proc/bluetooth/sleep/lpm" dev="proc" ino=4026535862 scontext=u:r:bluetooth:s0 tcontext=u:object_r:proc:s0 tclass=file
12-19 21:14:42.964  2024  2326 I bt_hwcfg: vendor lib fwcfg completed
12-19 21:14:42.964  2024  2326 D android.hardware.bluetooth@1.0-impl: OnFirmwareConfigured result: 0
12-19 21:14:42.964  2024  2326 I android.hardware.bluetooth@1.0-impl: Firmware configured in 0.565s
12-19 21:14:42.964  2024  2326 D bt_vendor: op for 5
12-19 21:14:42.964  2024  2290 I bt_hci  : event_finish_startup
12-19 21:14:42.964  2024  2326 I android.hardware.bluetooth@1.0-impl: OnFirmwareConfigured: lpm_timeout_ms 36000
12-19 21:14:42.964  2024  2326 D bt_vendor: op for 6
12-19 21:14:42.964  2024  2326 D bt_upio : upio_set : pio 2 action 2, polarity 0
12-19 21:14:42.964  2024  2142 I bt_core_module: module_start_up Started module "hci_module"
12-19 21:14:42.965  2024  2326 D android.hardware.bluetooth@1.0-impl: OnFirmwareConfigured Calling StartLowPowerWatchdog()
12-19 21:14:42.965  2024  2326 D android.hardware.bluetooth@1.0-impl: low_power_mode_cb result: 0
12-19 21:14:42.966  2170  2170 E PhoneInterfaceManager: [PhoneIntfMgr] getIccId: No UICC
12-19 21:14:42.978  2024  2377 I bt_osi_thread: run_thread: thread id 2377, thread name bt_workqueue started
12-19 21:14:42.978  2024  2377 I bt_btu  : btu_task pending for preload complete event
12-19 21:14:42.978  2024  2377 I bt_btu_task: Bluetooth chip preload is complete
12-19 21:14:42.978  2024  2377 I bt_btu  : btu_task received preload complete event
12-19 21:14:42.980  2024  2377 E bt_att  : gatt_profile_db_init:  gatt_if=1
12-19 21:14:42.983  2024  2378 I bt_osi_thread: run_thread: thread id 2378, thread name module_wrapper started
12-19 21:14:42.983  2024  2378 I bt_core_module: module_start_up Starting module "controller_module"
12-19 21:14:42.991  1321  2093 I Telecom : PhoneAccountRegistrar: Modify account: [ComponentInfo{com.android.phone/com.android.services.telephony.TelephonyConnectionService}, [e0184adedf913b076626646d3f52c3b49c39ad6d], UserHandle{0}]: TSI.rPA@AAU
12-19 21:14:42.999  2170  2170 I TelecomFramework: AccountEntry: Registered phoneAccount: [[ ] PhoneAccount: ComponentInfo{com.android.phone/com.android.services.telephony.TelephonyConnectionService}, [e0184adedf913b076626646d3f52c3b49c39ad6d], UserHandle{0} Capabilities: CallProvider MultiUser PlaceEmerg SimSub  Audio Routes: BESW Schemes: tel voicemail  Extras: null GroupId: [da39a3ee5e6b4b0d3255bfef95601890afd80709]] with handle: ComponentInfo{com.android.phone/com.android.services.telephony.TelephonyConnectionService}, [e0184adedf913b076626646d3f52c3b49c39ad6d], UserHandle{0}
12-19 21:14:43.000  2170  2170 I TelecomFramework: PstnIncomingCallNotifier: Registering: Handler (com.android.internal.telephony.GsmCdmaPhone) {7580b6c}
12-19 21:14:43.020  2170  2170 I TelecomFramework: PstnPhoneCapabilitiesNotifier: handleVideoCapabilitesChanged. Video capability - false
12-19 21:14:43.021  2170  2170 E PhoneInterfaceManager: [PhoneIntfMgr] getIccId: No UICC
12-19 21:14:43.030  1321  2185 I Telecom : PhoneAccountRegistrar: Modify account: [ComponentInfo{com.android.phone/com.android.services.telephony.TelephonyConnectionService}, [e0184adedf913b076626646d3f52c3b49c39ad6d], UserHandle{0}]: TSI.rPA@AAg
12-19 21:14:43.036   957  1209 I OMXMaster: makeComponentInstance(OMX.google.vorbis.decoder) in android.hardwar process
12-19 21:14:43.040   957  1209 E OMXNodeInstance: getConfig(0xecda2ea0:google.vorbis.decoder, ConfigAndroidVendorExtension(0x6f100004)) ERROR: Undefined(0x80001001)
12-19 21:14:43.058  2053  2383 I SecurityController: could not bind to KeyChainService
12-19 21:14:43.126  2053  2053 I CameraManagerGlobal: Connecting to camera service
12-19 21:14:43.213  2053  2053 I StatusBar: isKeyguardShowing() called before startKeyguard(), returning true
12-19 21:14:43.214  2053  2053 W StatusBar: isKeyguardSecure() called before startKeyguard(), returning false
12-19 21:14:43.214  2053  2053 W StatusBar: java.lang.Throwable
12-19 21:14:43.214  2053  2053 W StatusBar: 	at com.android.systemui.statusbar.phone.StatusBar.isKeyguardSecure(StatusBar.java:7135)
12-19 21:14:43.214  2053  2053 W StatusBar: 	at com.android.systemui.statusbar.phone.StatusBar.isCameraAllowedByAdmin(StatusBar.java:5171)
12-19 21:14:43.214  2053  2053 W StatusBar: 	at com.android.systemui.statusbar.phone.KeyguardBottomAreaView$DefaultRightButton.getIcon(KeyguardBottomAreaView.java:850)
12-19 21:14:43.214  2053  2053 W StatusBar: 	at com.android.systemui.statusbar.phone.KeyguardBottomAreaView.updateCameraVisibility(KeyguardBottomAreaView.java:371)
12-19 21:14:43.214  2053  2053 W StatusBar: 	at com.android.systemui.statusbar.phone.KeyguardBottomAreaView.setStatusBar(KeyguardBottomAreaView.java:340)
12-19 21:14:43.214  2053  2053 W StatusBar: 	at com.android.systemui.statusbar.phone.StatusBar.makeStatusBarView(StatusBar.java:1182)
12-19 21:14:43.214  2053  2053 W StatusBar: 	at com.android.systemui.statusbar.phone.StatusBar.addStatusBarWindow(StatusBar.java:3573)
12-19 21:14:43.214  2053  2053 W StatusBar: 	at com.android.systemui.statusbar.phone.StatusBar.createAndAddWindows(StatusBar.java:3569)
12-19 21:14:43.214  2053  2053 W StatusBar: 	at com.android.systemui.statusbar.phone.StatusBar.start(StatusBar.java:884)
12-19 21:14:43.214  2053  2053 W StatusBar: 	at com.android.systemui.SystemBars.createStatusBarFromConfig(SystemBars.java:71)
12-19 21:14:43.214  2053  2053 W StatusBar: 	at com.android.systemui.SystemBars.start(SystemBars.java:42)
12-19 21:14:43.214  2053  2053 W StatusBar: 	at com.android.systemui.SystemUIApplication.startServicesIfNeeded(SystemUIApplication.java:208)
12-19 21:14:43.214  2053  2053 W StatusBar: 	at com.android.systemui.SystemUIApplication.startServicesIfNeeded(SystemUIApplication.java:163)
12-19 21:14:43.214  2053  2053 W StatusBar: 	at com.android.systemui.SystemUIService.onCreate(SystemUIService.java:33)
12-19 21:14:43.214  2053  2053 W StatusBar: 	at android.app.ActivityThread.handleCreateService(ActivityThread.java:3404)
12-19 21:14:43.214  2053  2053 W StatusBar: 	at android.app.ActivityThread.-wrap4(Unknown Source:0)
12-19 21:14:43.214  2053  2053 W StatusBar: 	at android.app.ActivityThread$H.handleMessage(ActivityThread.java:1683)
12-19 21:14:43.214  2053  2053 W StatusBar: 	at android.os.Handler.dispatchMessage(Handler.java:105)
12-19 21:14:43.214  2053  2053 W StatusBar: 	at android.os.Looper.loop(Looper.java:164)
12-19 21:14:43.214  2053  2053 W StatusBar: 	at android.app.ActivityThread.main(ActivityThread.java:6541)
12-19 21:14:43.214  2053  2053 W StatusBar: 	at java.lang.reflect.Method.invoke(Native Method)
12-19 21:14:43.214  2053  2053 W StatusBar: 	at com.android.internal.os.Zygote$MethodAndArgsCaller.run(Zygote.java:240)
12-19 21:14:43.214  2053  2053 W StatusBar: 	at com.android.internal.os.ZygoteInit.main(ZygoteInit.java:767)
12-19 21:14:43.216  2053  2053 I StatusBar: isKeyguardShowing() called before startKeyguard(), returning true
12-19 21:14:43.217  2053  2053 W StatusBar: isKeyguardSecure() called before startKeyguard(), returning false
12-19 21:14:43.217  2053  2053 W StatusBar: java.lang.Throwable
12-19 21:14:43.217  2053  2053 W StatusBar: 	at com.android.systemui.statusbar.phone.StatusBar.isKeyguardSecure(StatusBar.java:7135)
12-19 21:14:43.217  2053  2053 W StatusBar: 	at com.android.systemui.statusbar.phone.StatusBar.isCameraAllowedByAdmin(StatusBar.java:5171)
12-19 21:14:43.217  2053  2053 W StatusBar: 	at com.android.systemui.statusbar.phone.KeyguardBottomAreaView$DefaultRightButton.getIcon(KeyguardBottomAreaView.java:850)
12-19 21:14:43.217  2053  2053 W StatusBar: 	at com.android.systemui.statusbar.phone.KeyguardBottomAreaView.updateCameraVisibility(KeyguardBottomAreaView.java:371)
12-19 21:14:43.217  2053  2053 W StatusBar: 	at com.android.systemui.statusbar.phone.KeyguardBottomAreaView.setUserSetupComplete(KeyguardBottomAreaView.java:349)
12-19 21:14:43.217  2053  2053 W StatusBar: 	at com.android.systemui.statusbar.phone.StatusBar.makeStatusBarView(StatusBar.java:1183)
12-19 21:14:43.217  2053  2053 W StatusBar: 	at com.android.systemui.statusbar.phone.StatusBar.addStatusBarWindow(StatusBar.java:3573)
12-19 21:14:43.217  2053  2053 W StatusBar: 	at com.android.systemui.statusbar.phone.StatusBar.createAndAddWindows(StatusBar.java:3569)
12-19 21:14:43.217  2053  2053 W StatusBar: 	at com.android.systemui.statusbar.phone.StatusBar.start(StatusBar.java:884)
12-19 21:14:43.217  2053  2053 W StatusBar: 	at com.android.systemui.SystemBars.createStatusBarFromConfig(SystemBars.java:71)
12-19 21:14:43.217  2053  2053 W StatusBar: 	at com.android.systemui.SystemBars.start(SystemBars.java:42)
12-19 21:14:43.217  2053  2053 W StatusBar: 	at com.android.systemui.SystemUIApplication.startServicesIfNeeded(SystemUIApplication.java:208)
12-19 21:14:43.217  2053  2053 W StatusBar: 	at com.android.systemui.SystemUIApplication.startServicesIfNeeded(SystemUIApplication.java:163)
12-19 21:14:43.217  2053  2053 W StatusBar: 	at com.android.systemui.SystemUIService.onCreate(SystemUIService.java:33)
12-19 21:14:43.217  2053  2053 W StatusBar: 	at android.app.ActivityThread.handleCreateService(ActivityThread.java:3404)
12-19 21:14:43.217  2053  2053 W StatusBar: 	at android.app.ActivityThread.-wrap4(Unknown Source:0)
12-19 21:14:43.217  2053  2053 W StatusBar: 	at android.app.ActivityThread$H.handleMessage(ActivityThread.java:1683)
12-19 21:14:43.217  2053  2053 W StatusBar: 	at android.os.Handler.dispatchMessage(Handler.java:105)
12-19 21:14:43.217  2053  2053 W StatusBar: 	at android.os.Looper.loop(Looper.java:164)
12-19 21:14:43.217  2053  2053 W StatusBar: 	at android.app.ActivityThread.main(ActivityThread.java:6541)
12-19 21:14:43.217  2053  2053 W StatusBar: 	at java.lang.reflect.Method.invoke(Native Method)
12-19 21:14:43.217  2053  2053 W StatusBar: 	at com.android.internal.os.Zygote$MethodAndArgsCaller.run(Zygote.java:240)
12-19 21:14:43.217  2053  2053 W StatusBar: 	at com.android.internal.os.ZygoteInit.main(ZygoteInit.java:767)
12-19 21:14:43.238  2024  2378 I bt_core_module: module_start_up Started module "controller_module"
12-19 21:14:43.238  2024  2378 W bt_osi_thread: run_thread: thread id 2378, thread name module_wrapper exited
12-19 21:14:43.238  2024  2377 W bt_btm  : btm_decode_ext_features_page: feature page 1 ignored
12-19 21:14:43.238  2024  2377 W bt_btm  : btm_decode_ext_features_page: feature page 2 ignored
12-19 21:14:43.239  2024  2377 I bt_btm_sec: BTM_SecRegister p_cb_info->p_le_callback == 0x0x76e1538118
12-19 21:14:43.239  2024  2377 I bt_btm_sec: BTM_SecRegister btm_cb.api.p_le_callback = 0x0x76e1538118 
12-19 21:14:43.245  2024  2377 I bt_stack: [INFO:ble_advertiser_hci_interface.cc(693)] VSC advertising will be in use
12-19 21:14:43.245  2024  2377 I bt_stack: [INFO:ble_advertiser_hci_interface.cc(253)] QuirkAdvertiserZeroHandle in use
