01-01 00:32:09.636  1492  1492 W system_server: failed to remove /acct/uid_1000/pid_409: Device or resource busy
01-01 00:32:09.636  1492  1492 W system_server: failed to remove /acct/uid_1000/pid_408: Device or resource busy
01-01 00:32:09.636  1492  1492 W system_server: failed to remove /acct/uid_1000: Permission denied
01-01 00:32:09.636  1492  1492 W system_server: failed to remove /acct/uid_1036/pid_407: Device or resource busy
01-01 00:32:09.636  1492  1492 W system_server: failed to remove /acct/uid_1036: Permission denied
01-01 00:32:09.648  1492  1492 D AppOps  : AppOpsService published
01-01 00:32:09.649  1492  1492 D SystemServerTiming: StartActivityManager took to complete: 294ms
01-01 00:32:09.649  1492  1492 I SystemServer: StartPowerManager
01-01 00:32:09.649  1492  1492 I SystemServiceManager: Starting com.android.server.power.PowerManagerService
01-01 00:32:09.651  1492  1541 I ServiceThread: Enabled StrictMode logging for PowerManagerService looper.
01-01 00:32:09.676  1492  1492 I vndksupport: sphal namespace is not configured for this process. Loading /vendor/lib64/hw/power.msm8992.so from the current namespace instead.
01-01 00:32:09.680  1492  1492 I QCOM PowerHAL: QCOM power HAL initing.
01-01 00:32:09.681  1492  1492 I PowerManagerService-JNI: Loaded power HAL service
01-01 00:32:09.682  1492  1492 I libsuspend: Selected wakeup count
01-01 00:32:09.682  1492  1492 I QCOM PowerHAL: Got set_interactive hint
01-01 00:32:09.685  1492  1492 D SystemServerTiming: StartPowerManager took to complete: 36ms
01-01 00:32:09.685  1492  1492 I SystemServer: InitPowerManagement
01-01 00:32:09.688  1492  1492 D SystemServerTiming: InitPowerManagement took to complete: 3ms
01-01 00:32:09.689  1492  1492 I SystemServer: StartRecoverySystemService
01-01 00:32:09.689  1492  1492 I SystemServiceManager: Starting com.android.server.RecoverySystemService
01-01 00:32:09.691  1492  1492 D SystemServerTiming: StartRecoverySystemService took to complete: 2ms
01-01 00:32:09.691  1492  1492 V RescueParty: Disabled because of eng build
01-01 00:32:09.691  1492  1492 I SystemServer: StartLightsService
01-01 00:32:09.691  1492  1492 I SystemServiceManager: Starting com.android.server.lights.LightsService
01-01 00:32:09.692  1492  1492 D SystemServerTiming: StartLightsService took to complete: 1ms
01-01 00:32:09.692  1492  1492 I SystemServer: StartDisplayManager
01-01 00:32:09.693  1492  1492 I SystemServiceManager: Starting com.android.server.display.DisplayManagerService
01-01 00:32:09.697  1492  1492 D SystemServerTiming: StartDisplayManager took to complete: 5ms
01-01 00:32:09.697  1492  1492 I SystemServer: WaitForDisplay
01-01 00:32:09.697  1492  1492 I SystemServiceManager: Starting phase 100
01-01 00:32:09.731  1492  1539 I DisplayManagerService: Display device added: DisplayDeviceInfo{"Built-in Screen": uniqueId="local:0", 1440 x 2560, modeId 1, defaultModeId 1, supportedModes [{id=1, width=1440, height=2560, fps=60.0}], colorMode 0, supportedColorModes [0], HdrCapabilities android.view.Display$HdrCapabilities@a69d6308, density 560, 537.882 x 537.388 dpi, appVsyncOff 1000000, presDeadline 16666667, touch INTERNAL, rotation 0, type BUILT_IN, state UNKNOWN, FLAG_DEFAULT_DISPLAY, FLAG_ROTATES_WITH_CONTENT, FLAG_SECURE, FLAG_SUPPORTS_PROTECTED_BUFFERS}
01-01 00:32:09.733   505   505 D SurfaceFlinger: Set power mode=2, type=0 flinger=0x75cf26d000
01-01 00:32:09.733   505   505 D SurfaceFlinger: Screen type=0 is already mode=2
01-01 00:32:09.741  1492  1539 E light   : light_open lights keyboard failed: -22
01-01 00:32:09.741  1492  1539 E light   : Light passthrough failed to load legacy HAL.
01-01 00:32:09.742  1492  1539 E light   : light_open lights buttons failed: -22
01-01 00:32:09.742  1492  1539 E light   : Light passthrough failed to load legacy HAL.
01-01 00:32:09.744  1492  1539 E light   : light_open lights bluetooth failed: -22
01-01 00:32:09.744  1492  1539 E light   : Light passthrough failed to load legacy HAL.
01-01 00:32:09.745  1492  1539 E light   : light_open lights wifi failed: -22
01-01 00:32:09.745  1492  1539 E light   : Light passthrough failed to load legacy HAL.
01-01 00:32:09.747  1492  1529 D SystemServerInitThreadPool: Finished executing ReadingSystemConfig
01-01 00:32:09.747  1492  1539 I DisplayManagerService: Display device changed state: "Built-in Screen", ON
01-01 00:32:09.747  1492  1492 D SystemServerTiming: WaitForDisplay took to complete: 50ms
01-01 00:32:09.748  1492  1492 I SystemServer: StartPackageManagerService
01-01 00:32:09.763  1492  1492 W FileUtils: Failed to chmod(/data/system/packages.list): android.system.ErrnoException: chmod failed: ENOENT (No such file or directory)
01-01 00:32:09.786  1492  1492 D SELinuxMMAC: Using policy file /system/etc/selinux/plat_mac_permissions.xml
01-01 00:32:09.803  1492  1492 D SELinuxMMAC: Using policy file /vendor/etc/selinux/nonplat_mac_permissions.xml
01-01 00:32:09.807  1492  1492 I PackageManager: No settings file; creating initial state
01-01 00:32:09.818  1492  1492 D PackageManager: No files in app dir /vendor/overlay
01-01 00:32:09.941   520   697 E ThermalEngine: ACTION: CLUSTER - Setting CLUSTER[1] to 1248000
01-01 00:32:10.002   520   697 E ThermalEngine: ACTION: CLUSTER - Setting CLUSTER[1] to 960000
01-01 00:32:10.032   520   697 E ThermalEngine: ACTION: CLUSTER - Setting CLUSTER[1] to 1248000
01-01 00:32:10.063   520   697 E ThermalEngine: ACTION: CLUSTER - Setting CLUSTER[1] to 960000
01-01 00:32:10.124   520   697 E ThermalEngine: ACTION: CLUSTER - Setting CLUSTER[1] to 1248000
01-01 00:32:10.131  1492  1492 I PackageManager: /system/framework/framework-res.apk changed; collecting certs
01-01 00:32:10.155   520   697 E ThermalEngine: ACTION: CLUSTER - Setting CLUSTER[1] to 1344000
01-01 00:32:10.186   520   697 E ThermalEngine: ACTION: CLUSTER - Setting CLUSTER[1] to 1440000
01-01 00:32:10.206   520   697 E ThermalEngine: ACTION: CLUSTER - Setting CLUSTER[1] to 1536000
01-01 00:32:10.238   520   697 E ThermalEngine: ACTION: CLUSTER - Setting CLUSTER[1] to 1440000
01-01 00:32:10.254   520   697 E ThermalEngine: ACTION: CLUSTER - Setting CLUSTER[1] to 1344000
01-01 00:32:10.285   520   697 E ThermalEngine: ACTION: CLUSTER - Setting CLUSTER[1] to 1440000
01-01 00:32:10.313  1492  1492 E PackageManager: Adding duplicate shared id: 1000 name=android
01-01 00:32:10.315   520   697 E ThermalEngine: ACTION: CLUSTER - Setting CLUSTER[1] to 1536000
01-01 00:32:10.345   520   697 E ThermalEngine: ACTION: CLUSTER - Setting CLUSTER[1] to 1440000
01-01 00:32:10.373  1492  1492 I PackageManager: /system/priv-app/BlockedNumberProvider changed; collecting certs
01-01 00:32:10.375   520   697 E ThermalEngine: ACTION: CLUSTER - Setting CLUSTER[1] to 1536000
01-01 00:32:10.379  1492  1492 I PackageManager: New shared user android.uid.shared: id=10000
01-01 00:32:10.379  1492  1492 E PackageManager: Adding duplicate user id: 10000 name=com.android.providers.blockednumber
01-01 00:32:10.385  1492  1492 I PackageManager: /system/priv-app/BackupRestoreConfirmation changed; collecting certs
01-01 00:32:10.406   520   697 E ThermalEngine: ACTION: CLUSTER - Setting CLUSTER[1] to 1632000
01-01 00:32:10.417  1492  1492 I PackageManager: /system/priv-app/CallLogBackup changed; collecting certs
01-01 00:32:10.423  1492  1492 E PackageManager: Adding duplicate user id: 10000 name=com.android.calllogbackup
01-01 00:32:10.429  1492  1492 I PackageManager: /system/priv-app/CalendarProvider changed; collecting certs
01-01 00:32:10.436   520   697 E ThermalEngine: ACTION: CLUSTER - Setting CLUSTER[1] to 1536000
01-01 00:32:10.466   520   697 E ThermalEngine: ACTION: CLUSTER - Setting CLUSTER[1] to 1632000
01-01 00:32:10.496   520   697 E ThermalEngine: ACTION: CLUSTER - Setting CLUSTER[1] to 1536000
01-01 00:32:10.527   520   697 E ThermalEngine: ACTION: CLUSTER - Setting CLUSTER[1] to 1440000
01-01 00:32:10.546  1492  1492 I PackageManager: New shared user android.uid.calendar: id=10002
01-01 00:32:10.546  1492  1492 E PackageManager: Adding duplicate user id: 10002 name=com.android.providers.calendar
01-01 00:32:10.553   520   697 E ThermalEngine: ACTION: CLUSTER - Setting CLUSTER[1] to 1344000
01-01 00:32:10.553  1492  1492 I PackageManager: /system/priv-app/CarrierConfig changed; collecting certs
01-01 00:32:10.565  1492  1492 I PackageManager: /system/priv-app/ContactsProvider changed; collecting certs
01-01 00:32:10.575  1492  1492 E PackageManager: Adding duplicate user id: 10000 name=com.android.providers.contacts
01-01 00:32:10.584   520   697 E ThermalEngine: ACTION: CLUSTER - Setting CLUSTER[1] to 1248000
01-01 00:32:10.586  1492  1492 I PackageManager: /system/priv-app/DefaultContainerService changed; collecting certs
01-01 00:32:10.596  1492  1492 I PackageManager: /system/priv-app/Dialer changed; collecting certs
01-01 00:32:10.614   520   697 E ThermalEngine: ACTION: CLUSTER - Setting CLUSTER[1] to 960000
01-01 00:32:10.632  1492  1552 W PackageParser: No actions in intent filter at /system/priv-app/Contacts/Contacts.apk Binary XML file line #443
01-01 00:32:10.670  1492  1492 I PackageManager: /system/priv-app/CtsShimPrivPrebuilt changed; collecting certs
01-01 00:32:10.685  1492  1492 I PackageManager: /system/priv-app/DocumentsUI changed; collecting certs
01-01 00:32:10.706   520   697 E ThermalEngine: ACTION: CLUSTER - Setting CLUSTER[1] to 1248000
01-01 00:32:10.710  1492  1492 I PackageManager: /system/priv-app/DownloadProvider changed; collecting certs
01-01 00:32:10.719  1492  1492 I PackageManager: New shared user android.media: id=10008
01-01 00:32:10.720  1492  1492 E PackageManager: Adding duplicate user id: 10008 name=com.android.providers.downloads
01-01 00:32:10.728  1492  1492 I PackageManager: /system/priv-app/CellBroadcastReceiver changed; collecting certs
01-01 00:32:10.737   520   697 E ThermalEngine: ACTION: CLUSTER - Setting CLUSTER[1] to 1344000
01-01 00:32:10.755  1492  1492 I PackageManager: /system/priv-app/ExtServices changed; collecting certs
01-01 00:32:10.764  1492  1492 I PackageManager: /system/priv-app/ExternalStorageProvider changed; collecting certs
01-01 00:32:10.768   520   697 E ThermalEngine: ACTION: CLUSTER - Setting CLUSTER[1] to 1440000
01-01 00:32:10.773  1492  1492 I PackageManager: /system/priv-app/FusedLocation changed; collecting certs
01-01 00:32:10.778  1492  1492 E PackageManager: Adding duplicate shared id: 1000 name=com.android.location.fused
01-01 00:32:10.784  1492  1492 I PackageManager: /system/priv-app/EmergencyInfo changed; collecting certs
01-01 00:32:10.796  1492  1492 I PackageManager: New shared user com.android.emergency.uid: id=10012
01-01 00:32:10.796  1492  1492 E PackageManager: Adding duplicate user id: 10012 name=com.android.emergency
01-01 00:32:10.798   520   697 E ThermalEngine: ACTION: CLUSTER - Setting CLUSTER[1] to 1536000
01-01 00:32:10.802  1492  1492 I PackageManager: /system/priv-app/InputDevices changed; collecting certs
01-01 00:32:10.809  1492  1492 E PackageManager: Adding duplicate shared id: 1000 name=com.android.inputdevices
01-01 00:32:10.815  1492  1492 I PackageManager: /system/priv-app/Luna changed; collecting certs
01-01 00:32:10.829   520   697 E ThermalEngine: ACTION: CLUSTER - Setting CLUSTER[1] to 1440000
01-01 00:32:10.829  1492  1492 E PackageManager: Adding duplicate shared id: 1000 name=com.android.launcher3
01-01 00:32:10.837  1492  1492 I PackageManager: /system/priv-app/MediaProvider changed; collecting certs
01-01 00:32:10.844  1492  1492 E PackageManager: Adding duplicate user id: 10008 name=com.android.providers.media
01-01 00:32:10.851  1492  1492 I PackageManager: /system/priv-app/Contacts changed; collecting certs
01-01 00:32:10.859   520   697 E ThermalEngine: ACTION: CLUSTER - Setting CLUSTER[1] to 1344000
01-01 00:32:10.865  1492  1550 W PackageParser: Ignoring duplicate uses-permissions/uses-permissions-sdk-m: android.permission.INSTALL_GRANT_RUNTIME_PERMISSIONS in package: com.android.shell at: Binary XML file line #105
01-01 00:32:10.890   520   697 E ThermalEngine: ACTION: CLUSTER - Setting CLUSTER[1] to 1248000
01-01 00:32:10.901  1492  1492 I PackageManager: /system/priv-app/ManagedProvisioning changed; collecting certs
01-01 00:32:10.920   520   697 E ThermalEngine: ACTION: CLUSTER - Setting CLUSTER[1] to 960000
01-01 00:32:10.927  1492  1492 I PackageManager: /system/priv-app/GalleryX changed; collecting certs
01-01 00:32:10.980  1492  1552 W PackageParser: Ignoring duplicate uses-permissions/uses-permissions-sdk-m: android.permission.CONFIGURE_WIFI_DISPLAY in package: com.android.systemui at: Binary XML file line #125
01-01 00:32:11.000  1492  1492 I PackageManager: /system/priv-app/MmsService changed; collecting certs
01-01 00:32:11.008  1492  1492 E PackageManager: Adding duplicate shared id: 1001 name=com.android.mms.service
01-01 00:32:11.016  1492  1492 I PackageManager: /system/priv-app/MtpDocumentsProvider changed; collecting certs
01-01 00:32:11.029  1492  1492 E PackageManager: Adding duplicate user id: 10008 name=com.android.mtp
01-01 00:32:11.039  1492  1492 I PackageManager: /system/priv-app/OneTimeInitializer changed; collecting certs
01-01 00:32:11.051  1492  1492 I PackageManager: /system/priv-app/Provision changed; collecting certs
01-01 00:32:11.065  1492  1492 I PackageManager: /system/priv-app/ProxyHandler changed; collecting certs
01-01 00:32:11.084  1492  1492 I PackageManager: /system/priv-app/PackageInstaller changed; collecting certs
01-01 00:32:11.132  1492  1492 I PackageManager: /system/priv-app/Recorder changed; collecting certs
01-01 00:32:11.151  1492  1492 I PackageManager: /system/priv-app/SettingsProvider changed; collecting certs
01-01 00:32:11.161  1492  1492 E PackageManager: Adding duplicate shared id: 1000 name=com.android.providers.settings
01-01 00:32:11.170  1492  1492 I PackageManager: /system/priv-app/SharedStorageBackup changed; collecting certs
01-01 00:32:11.181  1492  1492 I PackageManager: /system/priv-app/StatementService changed; collecting certs
01-01 00:32:11.193  1492  1492 I PackageManager: /system/priv-app/Shell changed; collecting certs
01-01 00:32:11.201  1492  1492 E PackageManager: Adding duplicate shared id: 2000 name=com.android.shell
01-01 00:32:11.210  1492  1492 I PackageManager: /system/priv-app/StorageManager changed; collecting certs
01-01 00:32:11.245  1492  1492 I PackageManager: /system/priv-app/Tag changed; collecting certs
01-01 00:32:11.259  1492  1492 I PackageManager: /system/priv-app/SystemUI changed; collecting certs
01-01 00:32:11.327  1492  1492 I PackageManager: New shared user android.uid.systemui: id=10025
01-01 00:32:11.328  1492  1492 E PackageManager: Adding duplicate user id: 10025 name=com.android.systemui
01-01 00:32:11.341  1492  1492 I PackageManager: /system/priv-app/TelephonyProvider changed; collecting certs
01-01 00:32:11.350  1492  1492 E PackageManager: Adding duplicate shared id: 1001 name=com.android.providers.telephony
01-01 00:32:11.359  1492  1492 I PackageManager: /system/priv-app/TimeKeep changed; collecting certs
01-01 00:32:11.366  1492  1492 E PackageManager: Adding duplicate shared id: 1000 name=com.sony.timekeep
01-01 00:32:11.373   520   697 E ThermalEngine: ACTION: CLUSTER - Setting CLUSTER[1] to 1248000
01-01 00:32:11.375  1492  1492 I PackageManager: /system/priv-app/Telecom changed; collecting certs
01-01 00:32:11.397  1492  1492 E PackageManager: Adding duplicate shared id: 1000 name=com.android.server.telecom
01-01 00:32:11.404   520   697 E ThermalEngine: ACTION: CLUSTER - Setting CLUSTER[1] to 960000
01-01 00:32:11.408  1492  1492 I PackageManager: /system/priv-app/VpnDialogs changed; collecting certs
01-01 00:32:11.420  1492  1492 I PackageManager: /system/priv-app/WallpaperCropper changed; collecting certs
01-01 00:32:11.431  1492  1492 I PackageManager: /system/priv-app/TeleService changed; collecting certs
01-01 00:32:11.434   520   697 E ThermalEngine: ACTION: CLUSTER - Setting CLUSTER[1] to 1248000
01-01 00:32:11.464   520   697 E ThermalEngine: ACTION: CLUSTER - Setting CLUSTER[1] to 1344000
01-01 00:32:11.469  1492  1492 E PackageManager: Adding duplicate shared id: 1001 name=com.android.phone
01-01 00:32:11.481  1492  1492 I PackageManager: /system/priv-app/com.qualcomm.location changed; collecting certs
01-01 00:32:11.491  1492  1492 E PackageManager: Adding duplicate shared id: 1000 name=com.qualcomm.location
01-01 00:32:11.495   520   697 E ThermalEngine: ACTION: CLUSTER - Setting CLUSTER[1] to 1248000
01-01 00:32:11.499  1492  1492 I PackageManager: /system/priv-app/qcrilmsgtunnel changed; collecting certs
01-01 00:32:11.505  1492  1492 E PackageManager: Adding duplicate shared id: 1001 name=com.qualcomm.qcrilmsgtunnel
01-01 00:32:11.512  1492  1492 I PackageManager: /system/priv-app/Settings changed; collecting certs
01-01 00:32:11.525   520   697 E ThermalEngine: ACTION: CLUSTER - Setting CLUSTER[1] to 1344000
01-01 00:32:11.556   520   697 E ThermalEngine: ACTION: CLUSTER - Setting CLUSTER[1] to 1440000
01-01 00:32:11.586   520   697 E ThermalEngine: ACTION: CLUSTER - Setting CLUSTER[1] to 1536000
01-01 00:32:11.616   520   697 E ThermalEngine: ACTION: CLUSTER - Setting CLUSTER[1] to 1632000
01-01 00:32:11.641  1492  1492 E PackageManager: Adding duplicate shared id: 1000 name=com.android.settings
01-01 00:32:11.646   520   697 E ThermalEngine: ACTION: CLUSTER - Setting CLUSTER[1] to 1536000
01-01 00:32:11.677   520   697 E ThermalEngine: ACTION: CLUSTER - Setting CLUSTER[1] to 1440000
01-01 00:32:11.685  1492  1492 I PackageManager: /system/app/BluetoothMidiService changed; collecting certs
01-01 00:32:11.693  1492  1492 I PackageManager: /system/app/BasicDreams changed; collecting certs
01-01 00:32:11.702  1492  1492 I PackageManager: /system/app/BookmarkProvider changed; collecting certs
01-01 00:32:11.706  1492  1554 W PackageParser: Ignoring duplicate uses-permissions/uses-permissions-sdk-m: android.permission.READ_CONTACTS in package: com.android.bluetooth at: Binary XML file line #61
01-01 00:32:11.708   520   697 E ThermalEngine: ACTION: CLUSTER - Setting CLUSTER[1] to 1344000
01-01 00:32:11.712  1492  1492 I PackageManager: /system/app/Bolt changed; collecting certs
01-01 00:32:11.724  1492  1553 W PackageParser: No actions in intent filter at /system/app/CarrierDefaultApp/CarrierDefaultApp.apk Binary XML file line #49
01-01 00:32:11.728  1492  1554 W PackageParser: No actions in intent filter at /system/app/Bluetooth/Bluetooth.apk Binary XML file line #218
01-01 00:32:11.738  1492  1492 I PackageManager: /system/app/BuiltInPrintService changed; collecting certs
01-01 00:32:11.740   520   697 E ThermalEngine: ACTION: CLUSTER - Setting CLUSTER[1] to 1248000
01-01 00:32:11.754  1492  1492 I PackageManager: /system/app/CaptivePortalLogin changed; collecting certs
01-01 00:32:11.764  1492  1492 I PackageManager: /system/app/CarrierDefaultApp changed; collecting certs
01-01 00:32:11.771   520   697 E ThermalEngine: ACTION: CLUSTER - Setting CLUSTER[1] to 960000
01-01 00:32:11.775  1492  1492 I PackageManager: /system/app/Bluetooth changed; collecting certs
01-01 00:32:11.802   520   697 E ThermalEngine: ACTION: CLUSTER - Setting CLUSTER[1] to 1248000
01-01 00:32:11.822  1492  1492 E PackageManager: Adding duplicate shared id: 1002 name=com.android.bluetooth
01-01 00:32:11.832   520   697 E ThermalEngine: ACTION: CLUSTER - Setting CLUSTER[1] to 960000
01-01 00:32:11.836  1492  1556 W PackageParser: Ignoring duplicate uses-permissions/uses-permissions-sdk-m: android.permission.WRITE_CONTACTS in package: com.android.email at: Binary XML file line #40
01-01 00:32:11.837  1492  1492 I PackageManager: /system/app/Camera2 changed; collecting certs
01-01 00:32:11.862   520   697 E ThermalEngine: ACTION: CLUSTER - Setting CLUSTER[1] to 1248000
01-01 00:32:11.880  1492  1492 I PackageManager: /system/app/CertInstaller changed; collecting certs
01-01 00:32:11.893   520   697 E ThermalEngine: ACTION: CLUSTER - Setting CLUSTER[1] to 960000
01-01 00:32:11.893  1492  1492 I PackageManager: /system/app/CompanionDeviceManager changed; collecting certs
01-01 00:32:11.905  1492  1492 I PackageManager: /system/app/Calendar changed; collecting certs
01-01 00:32:11.921  1492  1556 W PackageParser: Ignoring duplicate uses-permissions/uses-permissions-sdk-m: android.permission.CHANGE_WIFI_STATE in package: com.android.nfc at: Binary XML file line #47
01-01 00:32:11.922  1492  1556 W PackageParser: Ignoring duplicate uses-permissions/uses-permissions-sdk-m: android.permission.ACCESS_WIFI_STATE in package: com.android.nfc at: Binary XML file line #48
01-01 00:32:11.942  1492  1492 I PackageManager: /system/app/CtsShimPrebuilt changed; collecting certs
01-01 00:32:11.953  1492  1492 I PackageManager: /system/app/DownloadProviderUi changed; collecting certs
01-01 00:32:11.962  1492  1492 E PackageManager: Adding duplicate user id: 10008 name=com.android.providers.downloads.ui
01-01 00:32:11.972  1492  1492 I PackageManager: /system/app/EasterEgg changed; collecting certs
01-01 00:32:11.986  1492  1492 I PackageManager: /system/app/DeskClock changed; collecting certs
01-01 00:32:12.013   520   697 E ThermalEngine: ACTION: CLUSTER - Setting CLUSTER[1] to 1248000
01-01 00:32:12.021  1492  1492 I PackageManager: /system/app/ExtShared changed; collecting certs
01-01 00:32:12.029  1492  1492 I PackageManager: /system/app/ExactCalculator changed; collecting certs
01-01 00:32:12.041  1492  1492 I PackageManager: /system/app/HTMLViewer changed; collecting certs
01-01 00:32:12.043   520   697 E ThermalEngine: ACTION: CLUSTER - Setting CLUSTER[1] to 1344000
01-01 00:32:12.050  1492  1492 I PackageManager: /system/app/KeyChain changed; collecting certs
01-01 00:32:12.057  1492  1492 E PackageManager: Adding duplicate shared id: 1000 name=com.android.keychain
01-01 00:32:12.069  1492  1492 I PackageManager: /system/app/LatinImeDictionaryPack changed; collecting certs
01-01 00:32:12.074   520   697 E ThermalEngine: ACTION: CLUSTER - Setting CLUSTER[1] to 1248000
01-01 00:32:12.104   520   697 E ThermalEngine: ACTION: CLUSTER - Setting CLUSTER[1] to 960000
01-01 00:32:12.132  1492  1492 I PackageManager: /system/app/Email changed; collecting certs
01-01 00:32:12.134   520   697 E ThermalEngine: ACTION: CLUSTER - Setting CLUSTER[1] to 1248000
01-01 00:32:12.164   520   697 E ThermalEngine: ACTION: CLUSTER - Setting CLUSTER[1] to 1344000
01-01 00:32:12.178  1492  1492 I PackageManager: /system/app/LiveWallpapersPicker changed; collecting certs
01-01 00:32:12.195   520   697 E ThermalEngine: ACTION: CLUSTER - Setting CLUSTER[1] to 1440000
01-01 00:32:12.195  1492  1492 I PackageManager: /system/app/LatinIME changed; collecting certs
01-01 00:32:12.225   520   697 E ThermalEngine: ACTION: CLUSTER - Setting CLUSTER[1] to 1536000
01-01 00:32:12.255   520   697 E ThermalEngine: ACTION: CLUSTER - Setting CLUSTER[1] to 1632000
01-01 00:32:12.282  1492  1492 I PackageManager: /system/app/NfcNci changed; collecting certs
01-01 00:32:12.286   520   697 E ThermalEngine: ACTION: CLUSTER - Setting CLUSTER[1] to 1536000
01-01 00:32:12.294  1492  1492 E PackageManager: Adding duplicate shared id: 1027 name=com.android.nfc
01-01 00:32:12.301  1492  1492 I PackageManager: /system/app/MusicX changed; collecting certs
01-01 00:32:12.316   520   697 E ThermalEngine: ACTION: CLUSTER - Setting CLUSTER[1] to 1440000
01-01 00:32:12.329  1492  1492 I PackageManager: /system/app/PacProcessor changed; collecting certs
01-01 00:32:12.338  1492  1492 I PackageManager: /system/app/PhotoTable changed; collecting certs
01-01 00:32:12.346   520   697 E ThermalEngine: ACTION: CLUSTER - Setting CLUSTER[1] to 1344000
01-01 00:32:12.350  1492  1492 I PackageManager: /system/app/Terminal changed; collecting certs
01-01 00:32:12.364  1492  1492 I PackageManager: /system/app/PrintSpooler changed; collecting certs
01-01 00:32:12.377   520   697 E ThermalEngine: ACTION: CLUSTER - Setting CLUSTER[1] to 1248000
01-01 00:32:12.377  1492  1492 I PackageManager: /system/app/Stk changed; collecting certs
01-01 00:32:12.380   520   697 E ThermalEngine: ACTION: CLUSTER - Setting CLUSTER[1] to 960000
01-01 00:32:12.389  1492  1492 E PackageManager: Adding duplicate shared id: 1001 name=com.android.stk
01-01 00:32:12.402  1492  1492 I PackageManager: /system/app/PrintRecommendationService changed; collecting certs
01-01 00:32:12.412   520   697 E ThermalEngine: ACTION: CLUSTER - Setting CLUSTER[1] to 1248000
01-01 00:32:12.413  1492  1492 I PackageManager: /system/app/TimeService changed; collecting certs
01-01 00:32:12.419  1492  1492 E PackageManager: Adding duplicate shared id: 1000 name=com.qualcomm.timeservice
01-01 00:32:12.425  1492  1492 I PackageManager: /system/app/UserDictionaryProvider changed; collecting certs
01-01 00:32:12.431  1492  1492 E PackageManager: Adding duplicate user id: 10000 name=com.android.providers.userdictionary
01-01 00:32:12.438  1492  1492 I PackageManager: /system/app/WAPPushManager changed; collecting certs
01-01 00:32:12.442   520   697 E ThermalEngine: ACTION: CLUSTER - Setting CLUSTER[1] to 960000
01-01 00:32:12.449  1492  1492 I PackageManager: /system/app/WallpaperBackup changed; collecting certs
01-01 00:32:12.456  1492  1492 E PackageManager: Adding duplicate shared id: 1000 name=com.android.wallpaperbackup
01-01 00:32:12.464  1492  1492 I PackageManager: /system/app/WallpaperPicker changed; collecting certs
01-01 00:32:12.472   520   697 E ThermalEngine: ACTION: CLUSTER - Setting CLUSTER[1] to 1248000
01-01 00:32:12.485   520   697 E ThermalEngine: ACTION: CLUSTER - Setting CLUSTER[1] to 1344000
01-01 00:32:12.516   520   697 E ThermalEngine: ACTION: CLUSTER - Setting CLUSTER[1] to 1440000
01-01 00:32:12.541  1492  1492 I PackageManager: /system/app/messaging changed; collecting certs
01-01 00:32:12.546   520   697 E ThermalEngine: ACTION: CLUSTER - Setting CLUSTER[1] to 1536000
01-01 00:32:12.577   520   697 E ThermalEngine: ACTION: CLUSTER - Setting CLUSTER[1] to 1440000
01-01 00:32:12.584   520   697 E ThermalEngine: ACTION: CLUSTER - Setting CLUSTER[1] to 1344000
01-01 00:32:12.589  1492  1492 I PackageManager: /system/app/webview changed; collecting certs
01-01 00:32:12.615   520   697 E ThermalEngine: ACTION: CLUSTER - Setting CLUSTER[1] to 1248000
01-01 00:32:12.645   520   697 E ThermalEngine: ACTION: CLUSTER - Setting CLUSTER[1] to 1344000
01-01 00:32:12.657   520   697 E ThermalEngine: ACTION: CLUSTER - Setting CLUSTER[1] to 1440000
01-01 00:32:12.688   520   697 E ThermalEngine: ACTION: CLUSTER - Setting CLUSTER[1] to 1536000
01-01 00:32:12.719   520   697 E ThermalEngine: ACTION: CLUSTER - Setting CLUSTER[1] to 1632000
01-01 00:32:12.738   520   697 E ThermalEngine: ACTION: CLUSTER - Setting CLUSTER[1] to 1689600
01-01 00:32:12.769   520   697 E ThermalEngine: ACTION: CLUSTER - Setting CLUSTER[1] to 1632000
01-01 00:32:12.775   520   697 E ThermalEngine: ACTION: CLUSTER - Setting CLUSTER[1] to 1536000
01-01 00:32:12.806   520   697 E ThermalEngine: ACTION: CLUSTER - Setting CLUSTER[1] to 1632000
01-01 00:32:12.836   520   697 E ThermalEngine: ACTION: CLUSTER - Setting CLUSTER[1] to 1689600
01-01 00:32:12.867   520   697 E ThermalEngine: ACTION: CLUSTER - Setting CLUSTER[1] to 1632000
01-01 00:32:12.874   520   697 E ThermalEngine: ACTION: CLUSTER - Setting CLUSTER[1] to 1536000
01-01 00:32:12.905   520   697 E ThermalEngine: ACTION: CLUSTER - Setting CLUSTER[1] to 1632000
01-01 00:32:12.936   520   697 E ThermalEngine: ACTION: CLUSTER - Setting CLUSTER[1] to 1536000
01-01 00:32:12.940   520   697 E ThermalEngine: ACTION: CLUSTER - Setting CLUSTER[1] to 1440000
01-01 00:32:12.971   520   697 E ThermalEngine: ACTION: CLUSTER - Setting CLUSTER[1] to 1536000
01-01 00:32:13.002   520   697 E ThermalEngine: ACTION: CLUSTER - Setting CLUSTER[1] to 1440000
01-01 00:32:13.032   520   697 E ThermalEngine: ACTION: CLUSTER - Setting CLUSTER[1] to 1536000
01-01 00:32:13.063   520   697 E ThermalEngine: ACTION: CLUSTER - Setting CLUSTER[1] to 1632000
01-01 00:32:13.087   520   697 E ThermalEngine: ACTION: CLUSTER - Setting CLUSTER[1] to 1689600
01-01 00:32:13.089  1492  1492 D PackageManager: No files in app dir /system/vendor/app
01-01 00:32:13.089  1492  1492 D PackageManager: No files in app dir /oem/app
01-01 00:32:13.094  1492  1492 D PackageManager: No files in app dir /data/app
01-01 00:32:13.094  1492  1492 D PackageManager: No files in app dir /data/app-private
01-01 00:32:13.101  1492  1492 I PackageManager: Time to scan packages: 3.282 seconds
01-01 00:32:13.118   520   697 E ThermalEngine: ACTION: CLUSTER - Setting CLUSTER[1] to 1632000
01-01 00:32:13.148   520   697 E ThermalEngine: ACTION: CLUSTER - Setting CLUSTER[1] to 1536000
01-01 00:32:13.179   520   697 E ThermalEngine: ACTION: CLUSTER - Setting CLUSTER[1] to 1440000
01-01 00:32:13.200  1492  1492 V PackageManager: reconcileAppsData for null u0 0x3 migrateAppData=true
01-01 00:32:13.204   527  1515 I SELinux : SELinux: Loaded file_contexts
01-01 00:32:13.209   520   697 E ThermalEngine: ACTION: CLUSTER - Setting CLUSTER[1] to 1344000
01-01 00:32:13.212   527   691 W installd: Requested default storage /data/user_de/0/com.android.providers.telephony is not active; migrating from /data/data/com.android.providers.telephony
01-01 00:32:13.213   527   691 W installd: Failed to stat /data/user_de/0/com.android.providers.telephony/cache: No such file or directory
01-01 00:32:13.213   527   691 W installd: Failed to stat /data/user_de/0/com.android.providers.telephony/code_cache: No such file or directory
01-01 00:32:13.240   520   697 E ThermalEngine: ACTION: CLUSTER - Setting CLUSTER[1] to 1440000
01-01 00:32:13.247   520   697 E ThermalEngine: ACTION: CLUSTER - Setting CLUSTER[1] to 1536000
01-01 00:32:13.254   527  1521 W installd: Requested default storage /data/user_de/0/com.android.defcontainer is not active; migrating from /data/data/com.android.defcontainer
01-01 00:32:13.255   527  1521 W installd: Failed to stat /data/user_de/0/com.android.defcontainer/cache: No such file or directory
01-01 00:32:13.255   527  1521 W installd: Failed to stat /data/user_de/0/com.android.defcontainer/code_cache: No such file or directory
01-01 00:32:13.264   527  1515 W installd: Requested default storage /data/user_de/0/android is not active; migrating from /data/data/android
01-01 00:32:13.265   527  1515 W installd: Failed to stat /data/user_de/0/android/cache: No such file or directory
01-01 00:32:13.265   527  1515 W installd: Failed to stat /data/user_de/0/android/code_cache: No such file or directory
01-01 00:32:13.277   520   697 E ThermalEngine: ACTION: CLUSTER - Setting CLUSTER[1] to 1632000
01-01 00:32:13.299   527  1521 W installd: Requested default storage /data/user_de/0/com.android.providers.settings is not active; migrating from /data/data/com.android.providers.settings
01-01 00:32:13.299   527  1521 W installd: Failed to stat /data/user_de/0/com.android.providers.settings/cache: No such file or directory
01-01 00:32:13.299   527  1521 W installd: Failed to stat /data/user_de/0/com.android.providers.settings/code_cache: No such file or directory
01-01 00:32:13.307   520   697 E ThermalEngine: ACTION: CLUSTER - Setting CLUSTER[1] to 1536000
01-01 00:32:13.310   527  1515 W installd: Requested default storage /data/user_de/0/com.android.inputdevices is not active; migrating from /data/data/com.android.inputdevices
01-01 00:32:13.311   527  1515 W installd: Failed to stat /data/user_de/0/com.android.inputdevices/cache: No such file or directory
01-01 00:32:13.311   527  1515 W installd: Failed to stat /data/user_de/0/com.android.inputdevices/code_cache: No such file or directory
01-01 00:32:13.323   527  1504 W installd: Requested default storage /data/user_de/0/android.ext.shared is not active; migrating from /data/data/android.ext.shared
01-01 00:32:13.324   527  1504 W installd: Failed to stat /data/user_de/0/android.ext.shared/cache: No such file or directory
01-01 00:32:13.324   527  1504 W installd: Failed to stat /data/user_de/0/android.ext.shared/code_cache: No such file or directory
01-01 00:32:13.337   527   691 W installd: Requested default storage /data/user_de/0/com.android.server.telecom is not active; migrating from /data/data/com.android.server.telecom
01-01 00:32:13.337   527   691 W installd: Failed to stat /data/user_de/0/com.android.server.telecom/cache: No such file or directory
01-01 00:32:13.337   527   691 W installd: Failed to stat /data/user_de/0/com.android.server.telecom/code_cache: No such file or directory
01-01 00:32:13.338   520   697 E ThermalEngine: ACTION: CLUSTER - Setting CLUSTER[1] to 1440000
01-01 00:32:13.356   527  1521 W installd: Requested default storage /data/user_de/0/android.ext.services is not active; migrating from /data/data/android.ext.services
01-01 00:32:13.356   527  1521 W installd: Failed to stat /data/user_de/0/android.ext.services/cache: No such file or directory
01-01 00:32:13.356   527  1521 W installd: Failed to stat /data/user_de/0/android.ext.services/code_cache: No such file or directory
01-01 00:32:13.366   527  1515 W installd: Requested default storage /data/user_de/0/com.android.packageinstaller is not active; migrating from /data/data/com.android.packageinstaller
01-01 00:32:13.366   527  1515 W installd: Failed to stat /data/user_de/0/com.android.packageinstaller/cache: No such file or directory
01-01 00:32:13.367   527  1515 W installd: Failed to stat /data/user_de/0/com.android.packageinstaller/code_cache: No such file or directory
01-01 00:32:13.368   520   697 E ThermalEngine: ACTION: CLUSTER - Setting CLUSTER[1] to 1344000
01-01 00:32:13.377   527  1504 W installd: Requested default storage /data/user_de/0/com.android.proxyhandler is not active; migrating from /data/data/com.android.proxyhandler
01-01 00:32:13.377   527  1504 W installd: Failed to stat /data/user_de/0/com.android.proxyhandler/cache: No such file or directory
01-01 00:32:13.377   527  1504 W installd: Failed to stat /data/user_de/0/com.android.proxyhandler/code_cache: No such file or directory
01-01 00:32:13.388   527   691 W installd: Requested default storage /data/user_de/0/com.android.inputmethod.latin is not active; migrating from /data/data/com.android.inputmethod.latin
01-01 00:32:13.389   527   691 W installd: Failed to stat /data/user_de/0/com.android.inputmethod.latin/cache: No such file or directory
01-01 00:32:13.389   527   691 W installd: Failed to stat /data/user_de/0/com.android.inputmethod.latin/code_cache: No such file or directory
01-01 00:32:13.398   520   697 E ThermalEngine: ACTION: CLUSTER - Setting CLUSTER[1] to 1248000
01-01 00:32:13.399   527  1515 W installd: Requested default storage /data/user_de/0/com.android.settings is not active; migrating from /data/data/com.android.settings
01-01 00:32:13.400   527  1515 W installd: Failed to stat /data/user_de/0/com.android.settings/cache: No such file or directory
01-01 00:32:13.400   527  1515 W installd: Failed to stat /data/user_de/0/com.android.settings/code_cache: No such file or directory
01-01 00:32:13.408  1557  1557 E ANDR-PERF-MPCTL: Unable to create control service (stage=1, rc=0)
01-01 00:32:13.408  1557  1557 W libc    : invalid pthread_t (0) passed to libc
01-01 00:32:13.411   527  1521 W installd: Requested default storage /data/user_de/0/com.android.phone is not active; migrating from /data/data/com.android.phone
01-01 00:32:13.411   527  1521 W installd: Failed to stat /data/user_de/0/com.android.phone/cache: No such file or directory
01-01 00:32:13.411   527  1521 W installd: Failed to stat /data/user_de/0/com.android.phone/code_cache: No such file or directory
01-01 00:32:13.421   527  1504 W installd: Requested default storage /data/user_de/0/com.android.shell is not active; migrating from /data/data/com.android.shell
01-01 00:32:13.421   527  1504 W installd: Failed to stat /data/user_de/0/com.android.shell/cache: No such file or directory
01-01 00:32:13.421   527  1504 W installd: Failed to stat /data/user_de/0/com.android.shell/code_cache: No such file or directory
01-01 00:32:13.428   520   697 E ThermalEngine: ACTION: CLUSTER - Setting CLUSTER[1] to 1344000
01-01 00:32:13.432   527  1515 W installd: Requested default storage /data/user_de/0/com.android.location.fused is not active; migrating from /data/data/com.android.location.fused
01-01 00:32:13.433   527  1515 W installd: Failed to stat /data/user_de/0/com.android.location.fused/cache: No such file or directory
01-01 00:32:13.433   527  1515 W installd: Failed to stat /data/user_de/0/com.android.location.fused/code_cache: No such file or directory
01-01 00:32:13.445   527  1521 W installd: Requested default storage /data/user_de/0/com.android.systemui is not active; migrating from /data/data/com.android.systemui
01-01 00:32:13.446   527  1521 W installd: Failed to stat /data/user_de/0/com.android.systemui/cache: No such file or directory
01-01 00:32:13.446   527  1521 W installd: Failed to stat /data/user_de/0/com.android.systemui/code_cache: No such file or directory
01-01 00:32:13.451  1492  1492 V PackageManager: reconcileAppsData finished 21 packages
01-01 00:32:13.454  1492  1558 D SystemServerInitThreadPool: Started executing prepareAppData
01-01 00:32:13.454  1492  1492 V PackageManager: Disabling com.google.android.gsf/com.google.android.gsf.update.SystemUpdateActivity
01-01 00:32:13.454  1492  1492 W PackageManager: Unable to disable com.google.android.gsf/com.google.android.gsf.update.SystemUpdateActivity
01-01 00:32:13.454  1492  1492 V PackageManager: Disabling com.google.android.gsf/com.google.android.gsf.update.SystemUpdateService$Receiver
01-01 00:32:13.454  1492  1492 W PackageManager: Unable to disable com.google.android.gsf/com.google.android.gsf.update.SystemUpdateService$Receiver
01-01 00:32:13.454  1492  1492 V PackageManager: Disabling com.google.android.gsf/com.google.android.gsf.update.SystemUpdateService$SecretCodeReceiver
01-01 00:32:13.455  1492  1492 W PackageManager: Unable to disable com.google.android.gsf/com.google.android.gsf.update.SystemUpdateService$SecretCodeReceiver
01-01 00:32:13.455  1492  1492 V PackageManager: Disabling com.google.android.gsf/com.google.android.gsf.update.SystemUpdateServiceReceiver
01-01 00:32:13.455  1492  1492 W PackageManager: Unable to disable com.google.android.gsf/com.google.android.gsf.update.SystemUpdateServiceReceiver
01-01 00:32:13.455  1492  1492 V PackageManager: Disabling com.google.android.gms/com.google.android.gms.update.SystemUpdateActivity
01-01 00:32:13.456  1492  1492 W PackageManager: Unable to disable com.google.android.gms/com.google.android.gms.update.SystemUpdateActivity
01-01 00:32:13.456  1492  1492 V PackageManager: Disabling com.google.android.gms/com.google.android.gms.update.SystemUpdateService$Receiver
01-01 00:32:13.456  1492  1492 W PackageManager: Unable to disable com.google.android.gms/com.google.android.gms.update.SystemUpdateService$Receiver
01-01 00:32:13.456  1492  1492 V PackageManager: Disabling com.google.android.gms/com.google.android.gms.update.SystemUpdateService$ActiveReceiver
01-01 00:32:13.456  1492  1492 W PackageManager: Unable to disable com.google.android.gms/com.google.android.gms.update.SystemUpdateService$ActiveReceiver
01-01 00:32:13.456  1492  1492 V PackageManager: Disabling com.google.android.gms/com.google.android.gms.update.SystemUpdateService$SecretCodeReceiver
01-01 00:32:13.456  1492  1492 W PackageManager: Unable to disable com.google.android.gms/com.google.android.gms.update.SystemUpdateService$SecretCodeReceiver
01-01 00:32:13.457  1492  1492 V PackageManager: Disabling com.google.android.gms/com.google.android.gms.update.SystemUpdateServiceReceiver
01-01 00:32:13.457  1492  1492 W PackageManager: Unable to disable com.google.android.gms/com.google.android.gms.update.SystemUpdateServiceReceiver
01-01 00:32:13.457  1492  1492 V PackageManager: Enabling com.google.android.gsf/com.google.android.gsf.update.SystemUpdateService
01-01 00:32:13.457  1492  1492 W PackageManager: Unable to enable com.google.android.gsf/com.google.android.gsf.update.SystemUpdateService
01-01 00:32:13.457  1492  1558 D SystemServerTimingAsync: AppDataFixup took to complete: 4ms
01-01 00:32:13.457  1492  1492 V PackageManager: Enabling com.google.android.gms/com.google.android.gms.update.SystemUpdateService
01-01 00:32:13.458  1492  1492 W PackageManager: Unable to enable com.google.android.gms/com.google.android.gms.update.SystemUpdateService
01-01 00:32:13.459   520   697 E ThermalEngine: ACTION: CLUSTER - Setting CLUSTER[1] to 1440000
01-01 00:32:13.489   520   697 E ThermalEngine: ACTION: CLUSTER - Setting CLUSTER[1] to 1536000
01-01 00:32:13.520   520   697 E ThermalEngine: ACTION: CLUSTER - Setting CLUSTER[1] to 1440000
01-01 00:32:13.551   520   697 E ThermalEngine: ACTION: CLUSTER - Setting CLUSTER[1] to 1344000
01-01 00:32:13.582   520   697 E ThermalEngine: ACTION: CLUSTER - Setting CLUSTER[1] to 1248000
01-01 00:32:13.612   520   697 E ThermalEngine: ACTION: CLUSTER - Setting CLUSTER[1] to 960000
01-01 00:32:13.643   520   697 E ThermalEngine: ACTION: CLUSTER - Setting CLUSTER[1] to 1248000
01-01 00:32:13.647   520   697 E ThermalEngine: ACTION: CLUSTER - Setting CLUSTER[1] to 1344000
01-01 00:32:13.677   520   697 E ThermalEngine: ACTION: CLUSTER - Setting CLUSTER[1] to 1248000
01-01 00:32:13.708   520   697 E ThermalEngine: ACTION: CLUSTER - Setting CLUSTER[1] to 960000
01-01 00:32:13.757   520   697 E ThermalEngine: ACTION: CLUSTER - Setting CLUSTER[1] to 1248000
01-01 00:32:13.788   520   697 E ThermalEngine: ACTION: CLUSTER - Setting CLUSTER[1] to 960000
01-01 00:32:13.826   520   697 E ThermalEngine: ACTION: CLUSTER - Setting CLUSTER[1] to 1248000
01-01 00:32:13.841  1492  1492 E PackageManager: There should probably be a verifier, but, none were found
01-01 00:32:13.846  1492  1492 D PackageManager: Ephemeral resolver not found with new action; try old one
01-01 00:32:13.846  1492  1492 D PackageManager: Ephemeral resolver NOT found; no matching intent filters
01-01 00:32:13.847  1492  1492 D PackageManager: Ephemeral installer not found with new action; try old one
01-01 00:32:13.847  1492  1492 D PackageManager: Clear ephemeral installer activity
01-01 00:32:13.857   520   697 E ThermalEngine: ACTION: CLUSTER - Setting CLUSTER[1] to 1344000
01-01 00:32:13.887   520   697 E ThermalEngine: ACTION: CLUSTER - Setting CLUSTER[1] to 1248000
01-01 00:32:13.903  1492  1558 W zygote64: Long monitor contention with owner main (1492) at int android.util.Slog.w(java.lang.String, java.lang.String)(Slog.java:55) waiters=0 in void com.android.server.pm.PackageManagerService.lambda$-com_android_server_pm_PackageManagerService_135653(java.util.List, int) for 445ms
01-01 00:32:13.918   520   697 E ThermalEngine: ACTION: CLUSTER - Setting CLUSTER[1] to 960000
01-01 00:32:13.929  1492  1492 I zygote64: Explicit concurrent copying GC freed 26006(1269KB) AllocSpace objects, 7(140KB) LOS objects, 42% free, 2MB/3MB, paused 345us total 25.727ms
01-01 00:32:13.932  1492  1492 D FallbackCategoryProvider: Found 1 fallback categories
01-01 00:32:13.935  1492  1492 D SystemServerTiming: StartPackageManagerService took to complete: 4187ms
01-01 00:32:13.935  1492  1492 I SystemServer: StartOtaDexOptService
01-01 00:32:13.938  1492  1492 D OTADexopt: No upgrade, skipping A/B artifacts check.
01-01 00:32:13.938  1492  1492 D SystemServerTiming: StartOtaDexOptService took to complete: 3ms
01-01 00:32:13.938  1492  1492 I SystemServer: StartUserManagerService
01-01 00:32:13.938  1492  1492 I SystemServiceManager: Starting com.android.server.pm.UserManagerService$LifeCycle
01-01 00:32:13.939  1492  1492 D SystemServerTiming: StartUserManagerService took to complete: 1ms
01-01 00:32:13.939  1492  1492 I SystemServer: InitAttributerCache
01-01 00:32:13.939  1492  1492 D SystemServerTiming: InitAttributerCache took to complete: 1ms
01-01 00:32:13.939  1492  1492 I SystemServer: SetSystemProcess
01-01 00:32:13.948   520   697 E ThermalEngine: ACTION: CLUSTER - Setting CLUSTER[1] to 1248000
01-01 00:32:13.966   504   504 I lowmemorykiller: ActivityManager connected
01-01 00:32:13.967  1492  1492 D SystemServerTiming: SetSystemProcess took to complete: 27ms
01-01 00:32:13.968  1492  1560 I ServiceThread: Enabled StrictMode logging for android.anim looper.
01-01 00:32:13.969  1492  1492 I SystemServer: StartOverlayManagerService
01-01 00:32:13.971  1492  1492 D SystemServerTiming: StartOverlayManagerService took to complete: 3ms
01-01 00:32:13.972  1492  1561 D SystemServerInitThreadPool: Started executing Init OverlayManagerService
01-01 00:32:13.972  1492  1492 I SystemServer: StartDropBoxManager
01-01 00:32:13.972  1492  1492 I SystemServiceManager: Starting com.android.server.DropBoxManagerService
01-01 00:32:13.972  1492  1562 D SystemServerInitThreadPool: Started executing StartSensorService
01-01 00:32:13.973  1492  1562 D SensorService: nuSensorService starting...
01-01 00:32:13.974  1492  1492 D SystemServerTiming: StartDropBoxManager took to complete: 3ms
01-01 00:32:13.975  1492  1492 I SystemServer: StartBatteryService
01-01 00:32:13.975  1492  1492 I SystemServiceManager: Starting com.android.server.BatteryService
01-01 00:32:13.979   520   697 E ThermalEngine: ACTION: CLUSTER - Setting CLUSTER[1] to 1344000
01-01 00:32:13.982  1492  1492 D SystemServerTiming: StartBatteryService took to complete: 7ms
01-01 00:32:13.982  1492  1492 I SystemServer: StartUsageService
01-01 00:32:13.983  1492  1492 I SystemServiceManager: Starting com.android.server.usage.UsageStatsService
01-01 00:32:13.984  1492  1527 D lights  : Using onoff pattern: 0x000000
01-01 00:32:13.993  1492  1492 D SystemServerTiming: StartUsageService took to complete: 11ms
01-01 00:32:13.993  1492  1492 I SystemServer: StartWebViewUpdateService
01-01 00:32:13.994  1492  1492 I SystemServiceManager: Starting com.android.server.webkit.WebViewUpdateService
01-01 00:32:13.999  1492  1561 D SystemServerInitThreadPool: Finished executing Init OverlayManagerService
01-01 00:32:14.002  1492  1492 D SystemServerTiming: StartWebViewUpdateService took to complete: 9ms
01-01 00:32:14.003  1492  1492 I SystemServer: StartKeyAttestationApplicationIdProviderService
01-01 00:32:14.003  1492  1529 D SystemServerInitThreadPool: Started executing SecondaryZygotePreload
01-01 00:32:14.003  1492  1529 I SystemServer: SecondaryZygotePreload
01-01 00:32:14.005  1492  1492 D SystemServerTiming: StartKeyAttestationApplicationIdProviderService took to complete: 2ms
01-01 00:32:14.005  1492  1492 I SystemServer: StartKeyChainSystemService
01-01 00:32:14.005  1492  1492 I SystemServiceManager: Starting com.android.server.security.KeyChainSystemService
01-01 00:32:14.006  1492  1492 D SystemServerTiming: StartKeyChainSystemService took to complete: 1ms
01-01 00:32:14.006  1492  1492 I SystemServer: StartSchedulingPolicyService
01-01 00:32:14.008  1492  1492 D SystemServerTiming: StartSchedulingPolicyService took to complete: 1ms
01-01 00:32:14.008  1492  1492 I SystemServer: StartTelecomLoaderService
01-01 00:32:14.008  1492  1492 I SystemServiceManager: Starting com.android.server.telecom.TelecomLoaderService
01-01 00:32:14.009  1492  1492 D SystemServerTiming: StartTelecomLoaderService took to complete: 1ms
01-01 00:32:14.009  1492  1492 I SystemServer: StartTelephonyRegistry
01-01 00:32:14.010   520   697 E ThermalEngine: ACTION: CLUSTER - Setting CLUSTER[1] to 1248000
01-01 00:32:14.014  1492  1562 I sensors_hal_Ctx: enableLogging: Setting log level to 5
01-01 00:32:14.014  1492  1562 E sensors_hal_Ctx: enableLogging: Mag filter level is 1
01-01 00:32:14.014  1492  1562 I libsensor1: sensor1_init_once: Setting log level to 5
01-01 00:32:14.011  1562  1562 I system-server-i: type=1400 audit(0.0:379): avc: denied { getattr } for path="/dev/sensors" dev="tmpfs" ino=12916 scontext=u:r:system_server:s0 tcontext=u:object_r:device:s0 tclass=chr_file permissive=1
01-01 00:32:14.011  1562  1562 I system-server-i: type=1400 audit(0.0:380): avc: denied { write } for name="sensor_ctl_socket" dev="tmpfs" ino=16583 scontext=u:r:system_server:s0 tcontext=u:object_r:socket_device:s0 tclass=sock_file permissive=1
01-01 00:32:14.015  1492  1529 I Zygote  : Process: zygote socket zygote opened, supported ABIS: arm64-v8a
01-01 00:32:14.018   520   697 E ThermalEngine: ACTION: CLUSTER - Setting CLUSTER[1] to 960000
01-01 00:32:14.021  1492  1562 V sensors_hal_Time: Sensor1 opened for time_service
01-01 00:32:14.021  1492  1562 D sensors_hal_Ctx: SensorsContext: Wake Up Sensors are enabled!
01-01 00:32:14.022  1492  1492 D SystemServerTiming: StartTelephonyRegistry took to complete: 13ms
01-01 00:32:14.022  1492  1492 I SystemServer: StartEntropyMixer
01-01 00:32:14.023  1492  1565 V sensors_hal_Ctx: context_sensor1_cb: msg_type 1, Sn 0, msg Id 1, txn Id 0
01-01 00:32:14.023  1492  1565 D sensors_hal_Ctx: processResp: 1
01-01 00:32:14.023  1492  1565 D sensors_hal_Ctx: processResp: SMGR version=23
01-01 00:32:14.024  1492  1492 W EntropyMixer: No existing entropy file -- first boot?
01-01 00:32:14.024  1492  1562 V sensors_hal_Ctx: sendSMGRVersionReq: Received SMGR version response
01-01 00:32:14.026  1492  1565 V sensors_hal_Ctx: context_sensor1_cb: msg_type 1, Sn 0, msg Id 5, txn Id 0
01-01 00:32:14.026  1492  1565 D sensors_hal_Ctx: processResp: 5
01-01 00:32:14.026  1492  1565 D sensors_hal_Ctx: processAllSensorInfoResp: SensorInfo_len: 5
01-01 00:32:14.026  1492  1565 D sensors_hal_Ctx: singleSensorInfoRequest: 0
01-01 00:32:14.026  1492  1565 D sensors_hal_Ctx: singleSensorInfoRequest: txn_id: 0 sensor_id: 0
01-01 00:32:14.026  1492  1565 D sensors_hal_Ctx: singleSensorInfoRequest: 10
01-01 00:32:14.026  1492  1565 D sensors_hal_Ctx: singleSensorInfoRequest: txn_id: 1 sensor_id: 10
01-01 00:32:14.026  1492  1565 D sensors_hal_Ctx: singleSensorInfoRequest: 20
