02-12 21:43:57.780  4229  5594 E CameraManagerGlobal: Camera service is unavailable
02-12 21:43:57.793   931  6434 D NetworkMonitor/NetworkAgentInfo [MOBILE (LTE) - 100]: PROBE_FALLBACK http://www.google.com/gen_204 time=2416ms ret=204 request={User-Agent=[Mozilla/5.0 (X11; Linux x86_64) AppleWebKit/537.36 (KHTML, like Gecko) Chrome/60.0.3112.32 Safari/537.36]} headers={null=[HTTP/1.1 204 No Content], Content-Length=[0], Content-Type=[text/html; charset=UTF-8], Date=[Mon, 12 Feb 2018 19:43:58 GMT], P3P=[CP="This is not a P3P policy! See g.co/p3phelp for more info."], Server=[gws], Set-Cookie=[NID=123=TVZpnttIfcZIUdorj7_k9a9Nlg_DIGneL92e6tJIIV8JTqmwrSohOFhq3kD9LPDPMaqyE2TKLoNxmtTKAgsjkRZJFQ6OB629yflck9TxW1bsk6ZrBDPejTe45VDV6Rn7; expires=Tue, 14-Aug-2018 19:43:58 GMT; path=/; domain=.google.com; HttpOnly, CONSENT=WP.269dd6; expires=Fri, 01-Jan-2038 00:00:00 GMT; path=/; domain=.google.com], X-Android-Received-Millis=[1518464637790], X-Android-Response-Source=[NETWORK 204], X-Android-Selected-Protocol=[http/1.1], X-Android-Sent-Millis=[1518464637643], X-Frame-Options=[SAMEORIGIN], X-XSS-Protection=[1; mode=block]}
02-12 21:43:57.798   931  6572 W ResourceType: No known package when getting value for resource number 0x7f07008c
02-12 21:43:57.798   931  6572 W ResourceType: No known package when getting value for resource number 0x7f0f0061
02-12 21:43:57.803  6542  6542 D mm-camera-intf: index = 0 flag = 1 mount_angle = 90 facing = 0
02-12 21:43:57.803  6542  6542 D mm-camera-intf: index = 1 flag = 103 mount_angle = 270 facing = 1
02-12 21:43:57.806   526   526 I chatty  : uid=1006(camera) mm-qcamera-daem expire 201 lines
02-12 21:43:57.807   526  6654 I chatty  : uid=1006(camera) mm-qcamera-daem expire 19 lines
02-12 21:43:57.807   526  6655 I chatty  : uid=1006(camera) mm-qcamera-daem expire 2 lines
02-12 21:43:57.808   526  6656 I chatty  : uid=1006(camera) mm-qcamera-daem expire 4 lines
02-12 21:43:57.810   526  6658 I chatty  : uid=1006(camera) mm-qcamera-daem expire 32 lines
02-12 21:43:57.812   526  6659 I chatty  : uid=1006(camera) mm-qcamera-daem expire 4 lines
02-12 21:43:57.814   526  6662 I chatty  : uid=1006(camera) mm-qcamera-daem expire 3 lines
02-12 21:43:57.826   931   931 W ActivityManager: Slow operation: 81ms so far, now at startProcess: returned from zygote!
02-12 21:43:57.827   931   931 W ActivityManager: Slow operation: 81ms so far, now at startProcess: done updating battery stats
02-12 21:43:57.827   931   941 I zygote64: Background concurrent copying GC freed 44468(3MB) AllocSpace objects, 46(2MB) LOS objects, 46% free, 6MB/12MB, paused 130us total 318.804ms
02-12 21:43:57.827   931   931 W ActivityManager: Slow operation: 81ms so far, now at startProcess: building log message
02-12 21:43:57.827   931   931 I ActivityManager: Start proc 6644:com.android.launcher3/1000 for service com.android.launcher3/.notification.NotificationListener
02-12 21:43:57.827   931   931 W ActivityManager: Slow operation: 81ms so far, now at startProcess: starting to update pids map
02-12 21:43:57.827   931   931 W ActivityManager: Slow operation: 81ms so far, now at startProcess: done updating pids map
02-12 21:43:57.827   931   931 W ActivityManager: Slow operation: 81ms so far, now at startProcess: done starting proc!
02-12 21:43:57.828   931  2270 W zygote64: Long monitor contention with owner main (931) at android.content.IIntentSender com.android.server.am.ActivityManagerService.getIntentSender(int, java.lang.String, android.os.IBinder, java.lang.String, int, android.content.Intent[], java.lang.String[], int, android.os.Bundle, int)(ActivityManagerService.java:7613) waiters=1 in void com.android.server.notification.NotificationManagerService.handleRankingSort() for 116ms
02-12 21:43:57.831  4070  4070 D Avrcp   : User unlocked, initializing player lists
02-12 21:43:57.834  4070  4070 V Avrcp   : updatePlaybackState (1): 00(PlaybackState {state=0, position=-1, buffered position=0, speed=0.0, updated=30641, actions=0, custom actions=[], active item id=-1, error=null})
02-12 21:43:57.834  4070  4070 I Avrcp   : Skipping update due to invalid playback state
02-12 21:43:57.834  4070  4070 E Avrcp   : play status change 00 mPlayStatusChangedNT: 1
02-12 21:43:57.834  4070  4070 D Avrcp   : sendPlayPosNotificationRsp: Not registered or requesting.
02-12 21:43:57.858   931  1032 I ActivityManager: Displayed com.android.settings/.deviceinfo.UsbModeChooserActivity: +399ms
02-12 21:43:57.867  4184  4184 I InputAttributes: InputType.TYPE_NULL is specified
02-12 21:43:57.890   931   931 I AccountManagerService: User 0 is unlocked - opening CE database
02-12 21:43:57.913   526  6678 I chatty  : uid=1006(camera) mm-qcamera-daem expire 2 lines
02-12 21:43:57.960  6581  6581 I chatty  : uid=1027(nfc) com.android.nfc expire 7 lines
02-12 21:43:57.963  6644  6644 D ActivityThread: Loading provider co.aoscp.lunalauncher.settings: com.android.launcher3.LauncherProvider
02-12 21:43:57.980   931   931 D WifiService: resetting networks because SIM was loaded
02-12 21:43:57.984  6644  6644 V Launcher: LauncherAppState initiated
02-12 21:43:58.035   931  6624 W ActivityManager: Unable to start service Intent { act=android.nfc.cardemulation.action.HOST_APDU_SERVICE cmp=com.google.android.gms/.tapandpay.hce.service.TpHceService } U=0: not found
02-12 21:43:58.048  6581  6711 I chatty  : uid=1027(nfc) com.android.nfc expire 46 lines
02-12 21:43:58.051  6559  6559 D MediaScannerReceiver: action: android.intent.action.MEDIA_MOUNTED path: /storage/emulated/0
02-12 21:43:58.064  6581  6714 I chatty  : uid=1027(nfc) AsyncTask #1 expire 2 lines
02-12 21:43:58.066  6581  6715 I chatty  : uid=1027(nfc) com.android.nfc expire 3 lines
02-12 21:43:58.067  6581  6717 I chatty  : uid=1027(nfc) AsyncTask #1 expire 18 lines
02-12 21:43:58.080   931  4786 I ActivityManager: Start proc 6718:com.android.managedprovisioning/u0a28 for broadcast com.android.managedprovisioning/.ota.PreBootListener
02-12 21:43:58.081   476   476 I chatty  : uid=1027(nfc) /vendor/bin/hw/android.hardware.nfc@1.0-service expire 73 lines
02-12 21:43:58.107   476  6733 I chatty  : uid=1027(nfc) /vendor/bin/hw/android.hardware.nfc@1.0-service expire 36 lines
02-12 21:43:58.107   476  6731 I chatty  : uid=1027(nfc) /vendor/bin/hw/android.hardware.nfc@1.0-service expire 70 lines
02-12 21:43:58.107   476  6730 I chatty  : uid=1027(nfc) /vendor/bin/hw/android.hardware.nfc@1.0-service expire 58 lines
02-12 21:43:58.125   526  6738 I chatty  : uid=1006(camera) mm-qcamera-daem expire 2 lines
02-12 21:43:58.130  6581  6721 I chatty  : uid=1027(nfc) HwBinder:6581_1 expire 1 line
02-12 21:43:58.147   526  6748 I chatty  : uid=1006(camera) mm-qcamera-daem expire 4 lines
02-12 21:43:58.150   526  6749 I chatty  : uid=1006(camera) mm-qcamera-daem expire 1 line
02-12 21:43:58.151  6542  6542 D QCamera3HWI: int qcamera::lookupFwkName(const mapType*, size_t, halType) [with halType = cam_effect_mode_type; mapType = qcamera::QCamera3HardwareInterface::QCameraMap<camera_metadata_enum_android_control_effect_mode, cam_effect_mode_type>; size_t = unsigned int]: Cannot find matching framework type
02-12 21:43:58.151  6542  6542 D QCamera3HWI: int qcamera::lookupFwkName(const mapType*, size_t, halType) [with halType = cam_effect_mode_type; mapType = qcamera::QCamera3HardwareInterface::QCameraMap<camera_metadata_enum_android_control_effect_mode, cam_effect_mode_type>; size_t = unsigned int]: Cannot find matching framework type
02-12 21:43:58.151  6542  6542 D QCamera3HWI: int qcamera::lookupFwkName(const mapType*, size_t, halType) [with halType = cam_effect_mode_type; mapType = qcamera::QCamera3HardwareInterface::QCameraMap<camera_metadata_enum_android_control_effect_mode, cam_effect_mode_type>; size_t = unsigned int]: Cannot find matching framework type
02-12 21:43:58.151  6542  6542 D QCamera3HWI: int qcamera::lookupFwkName(const mapType*, size_t, halType) [with halType = cam_scene_mode_type; mapType = qcamera::QCamera3HardwareInterface::QCameraMap<camera_metadata_enum_android_control_scene_mode, cam_scene_mode_type>; size_t = unsigned int]: Cannot find matching framework type
02-12 21:43:58.151  6542  6542 D QCamera3HWI: int qcamera::lookupFwkName(const mapType*, size_t, halType) [with halType = cam_scene_mode_type; mapType = qcamera::QCamera3HardwareInterface::QCameraMap<camera_metadata_enum_android_control_scene_mode, cam_scene_mode_type>; size_t = unsigned int]: Cannot find matching framework type
02-12 21:43:58.151  6542  6542 D QCamera3HWI: int qcamera::lookupFwkName(const mapType*, size_t, halType) [with halType = cam_scene_mode_type; mapType = qcamera::QCamera3HardwareInterface::QCameraMap<camera_metadata_enum_android_control_scene_mode, cam_scene_mode_type>; size_t = unsigned int]: Cannot find matching framework type
02-12 21:43:58.151  6542  6542 D QCamera3HWI: int qcamera::lookupFwkName(const mapType*, size_t, halType) [with halType = cam_scene_mode_type; mapType = qcamera::QCamera3HardwareInterface::QCameraMap<camera_metadata_enum_android_control_scene_mode, cam_scene_mode_type>; size_t = unsigned int]: Cannot find matching framework type
02-12 21:43:58.151  6542  6542 D QCamera3HWI: int qcamera::lookupFwkName(const mapType*, size_t, halType) [with halType = cam_scene_mode_type; mapType = qcamera::QCamera3HardwareInterface::QCameraMap<camera_metadata_enum_android_control_scene_mode, cam_scene_mode_type>; size_t = unsigned int]: Cannot find matching framework type
02-12 21:43:58.151  6542  6542 D QCamera3HWI: int qcamera::lookupFwkName(const mapType*, size_t, halType) [with halType = cam_focus_mode_type; mapType = qcamera::QCamera3HardwareInterface::QCameraMap<camera_metadata_enum_android_control_af_mode, cam_focus_mode_type>; size_t = unsigned int]: Cannot find matching framework type
02-12 21:43:58.151  6542  6542 D QCamera3HWI: int qcamera::lookupFwkName(const mapType*, size_t, halType) [with halType = cam_focus_mode_type; mapType = qcamera::QCamera3HardwareInterface::QCameraMap<camera_metadata_enum_android_control_af_mode, cam_focus_mode_type>; size_t = unsigned int]: Cannot find matching framework type
02-12 21:43:58.151  6542  6542 D QCamera3HWI: int qcamera::lookupFwkName(const mapType*, size_t, halType) [with halType = cam_wb_mode_type; mapType = qcamera::QCamera3HardwareInterface::QCameraMap<camera_metadata_enum_android_control_awb_mode, cam_wb_mode_type>; size_t = unsigned int]: Cannot find matching framework type
02-12 21:43:58.151  6542  6542 E Camera2-Metadata: Update metadata entry: Unknown tag -2147352575
02-12 21:43:58.151  6542  6542 E Camera2-Metadata: Update metadata entry: Unknown tag -2147352576
02-12 21:43:58.161   526  6754 I chatty  : uid=1006(camera) mm-qcamera-daem expire 15 lines
02-12 21:43:58.163   526  6755 I chatty  : uid=1006(camera) mm-qcamera-daem expire 2 lines
02-12 21:43:58.164   526  6756 I chatty  : uid=1006(camera) mm-qcamera-daem expire 3 lines
02-12 21:43:58.166   526  6757 I chatty  : uid=1006(camera) mm-qcamera-daem expire 4 lines
02-12 21:43:58.168   526  6758 I chatty  : uid=1006(camera) mm-qcamera-daem expire 4 lines
02-12 21:43:58.171   526  6759 I chatty  : uid=1006(camera) mm-qcamera-daem expire 3 lines
02-12 21:43:58.185   476  6731 D NxpNciX : len =   8 > 20020501A0440100
02-12 21:43:58.185   476  6731 D NxpTml  : PN54X - I2C Write successful.....
02-12 21:43:58.185   476  6731 D NxpTml  : PN54X - Posting Fresh Write message.....
02-12 21:43:58.185   476  6731 D NxpTml  : PN54X - Tml Writer Thread Running................
02-12 21:43:58.185   476  6733 D NxpHal  : write successful status = 0x0
02-12 21:43:58.185   476   476 D NxpHal  : Response timer started
02-12 21:43:58.185   476   476 D NxpHal  : Waiting after ext cmd sent
02-12 21:43:58.191   476  6730 D NxpTml  : PN54X - I2C Read successful.....
02-12 21:43:58.191   476  6730 D NxpNciR : len =   5 > 4002020000
02-12 21:43:58.191   476  6730 D NxpTml  : PN54X - Posting read message.....
02-12 21:43:58.191   476  6733 D NxpHal  : read successful status = 0x0
02-12 21:43:58.191   476  6733 D NxpHal  : phNxpNciHal_print_res_status: response status =STATUS_OK
02-12 21:43:58.191   476   476 D NxpHal  : Response timer stopped
02-12 21:43:58.191   476   476 D NxpHal  : Checking response
02-12 21:43:58.191   476  6730 D NxpTml  : PN54X - Read requested.....
02-12 21:43:58.191   476   476 E         : isModified Unable to open file '/data/vendor/nfc/libnfc-nxpConfigState.bin' - assuming modified
02-12 21:43:58.191   476   476 D NxpHal  : Performing RF Settings BLK 1
02-12 21:43:58.191   476  6730 D NxpTml  : PN54X - Invoking I2C Read.....
02-12 21:43:58.191   476   476 D NxpExtns: find found NXP_RF_CONF_BLK_1=(0x0)
02-12 21:43:58.191   476   476 D NxpHal  : Performing RF Settings BLK 2
02-12 21:43:58.191   476   476 D NxpExtns: find found NXP_RF_CONF_BLK_2=(0x0)
02-12 21:43:58.191   476   476 D NxpHal  : Performing RF Settings BLK 3
02-12 21:43:58.191   476   476 D NxpExtns: find found NXP_RF_CONF_BLK_3=(0x0)
02-12 21:43:58.191   476   476 D NxpHal  : Performing RF Settings BLK 4
02-12 21:43:58.191   476   476 D NxpExtns: find found NXP_RF_CONF_BLK_4=(0x0)
02-12 21:43:58.192   476   476 D NxpHal  : Performing RF Settings BLK 5
02-12 21:43:58.192   476   476 D NxpExtns: find found NXP_RF_CONF_BLK_5=(0x0)
02-12 21:43:58.192   476   476 D NxpHal  : Performing RF Settings BLK 6
02-12 21:43:58.192   476   476 D NxpExtns: find found NXP_RF_CONF_BLK_6=(0x0)
02-12 21:43:58.192   476   476 D NxpHal  : Performing NAME_NXP_CORE_CONF_EXTN Settings
02-12 21:43:58.192   476   476 D NxpExtns: find found NXP_CORE_CONF_EXTN= ^>-
02-12 21:43:58.192   476  6731 D NxpTml  : PN54X - Write requested.....
02-12 21:43:58.192   476  6731 D NxpTml  : PN54X - Invoking I2C Write.....
02-12 21:43:58.193   476  6731 D NxpNciX : len =  25 > 20021604A0EC0101A0ED0101A05E0101A00D063E2D15881500
02-12 21:43:58.193   476  6731 D NxpTml  : PN54X - I2C Write successful.....
02-12 21:43:58.193   476  6731 D NxpTml  : PN54X - Posting Fresh Write message.....
02-12 21:43:58.193   476  6731 D NxpTml  : PN54X - Tml Writer Thread Running................
02-12 21:43:58.193   476  6733 D NxpHal  : write successful status = 0x0
02-12 21:43:58.193   476   476 D NxpHal  : Response timer started
02-12 21:43:58.193   476   476 D NxpHal  : Waiting after ext cmd sent
02-12 21:43:58.196  6559  6713 W ExifInterface: Skip the tag entry since tag number is not defined: 2
02-12 21:43:58.197   931  1284 I PreBootBroadcaster: Pre-boot of {com.android.providers.calendar/com.android.providers.calendar.CalendarUpgradeReceiver} for user 0
02-12 21:43:58.200  5066  5066 I VvmSimStateTracker: android.intent.action.SIM_STATE_CHANGED
02-12 21:43:58.208   476  6730 D NxpTml  : PN54X - I2C Read successful.....
02-12 21:43:58.209   476  6730 D NxpNciR : len =   5 > 4002020000
02-12 21:43:58.209   476  6730 D NxpTml  : PN54X - Posting read message.....
02-12 21:43:58.209   476  6733 D NxpHal  : read successful status = 0x0
02-12 21:43:58.209   476  6733 D NxpHal  : phNxpNciHal_print_res_status: response status =STATUS_OK
02-12 21:43:58.209   476   476 D NxpHal  : Response timer stopped
02-12 21:43:58.209   476   476 D NxpHal  : Checking response
02-12 21:43:58.209   476  6731 D NxpTml  : PN54X - Write requested.....
02-12 21:43:58.209   476  6730 D NxpTml  : PN54X - Read requested.....
02-12 21:43:58.209   476  6730 D NxpTml  : PN54X - Invoking I2C Read.....
02-12 21:43:58.209   476  6731 D NxpTml  : PN54X - Invoking I2C Write.....
02-12 21:43:58.210   476  6731 D NxpNciX : len =  39 > 20022401A00F200002260100000101000000000000000000000000000000000000000000000000
02-12 21:43:58.210   476  6731 D NxpTml  : PN54X - I2C Write successful.....
02-12 21:43:58.210   476  6731 D NxpTml  : PN54X - Posting Fresh Write message.....
02-12 21:43:58.210   476  6731 D NxpTml  : PN54X - Tml Writer Thread Running................
02-12 21:43:58.210   476  6733 D NxpHal  : write successful status = 0x0
02-12 21:43:58.210   476   476 D NxpHal  : Response timer started
02-12 21:43:58.211   476   476 D NxpHal  : Waiting after ext cmd sent
02-12 21:43:58.215   476  6730 D NxpTml  : PN54X - I2C Read successful.....
02-12 21:43:58.215   476  6730 D NxpNciR : len =   5 > 4002020000
02-12 21:43:58.215   476  6730 D NxpTml  : PN54X - Posting read message.....
02-12 21:43:58.215   476  6733 D NxpHal  : read successful status = 0x0
02-12 21:43:58.215   476  6733 D NxpHal  : phNxpNciHal_print_res_status: response status =STATUS_OK
02-12 21:43:58.215   476   476 D NxpHal  : Response timer stopped
02-12 21:43:58.215   476  6730 D NxpTml  : PN54X - Read requested.....
02-12 21:43:58.215   476  6730 D NxpTml  : PN54X - Invoking I2C Read.....
02-12 21:43:58.215   476   476 D NxpHal  : Checking response
02-12 21:43:58.215   476   476 D NxpExtns: find found NXP_CORE_STANDBY=/
02-12 21:43:58.215   476  6731 D NxpTml  : PN54X - Write requested.....
02-12 21:43:58.215   476  6731 D NxpTml  : PN54X - Invoking I2C Write.....
02-12 21:43:58.219   476  6731 D NxpNciX : len =   4 > 2F000101
02-12 21:43:58.219   476  6731 D NxpTml  : PN54X - I2C Write successful.....
02-12 21:43:58.219   476  6731 D NxpTml  : PN54X - Posting Fresh Write message.....
02-12 21:43:58.219   476  6731 D NxpTml  : PN54X - Tml Writer Thread Running................
02-12 21:43:58.219   476  6733 D NxpHal  : write successful status = 0x0
02-12 21:43:58.219   476   476 D NxpHal  : Response timer started
02-12 21:43:58.219   476   476 D NxpHal  : Waiting after ext cmd sent
02-12 21:43:58.219   476  6730 D NxpTml  : PN54X - I2C Read successful.....
02-12 21:43:58.219   476  6730 D NxpNciR : len =   4 > 4F000100
02-12 21:43:58.219   476  6730 D NxpTml  : PN54X - Posting read message.....
02-12 21:43:58.219   476  6733 D NxpHal  : read successful status = 0x0
02-12 21:43:58.219   476   476 D NxpHal  : Response timer stopped
02-12 21:43:58.219   476   476 D NxpHal  : Checking response
02-12 21:43:58.219   476   476 D NxpExtns: find found NXP_CORE_CONF= +(
02-12 21:43:58.219   476  6730 D NxpTml  : PN54X - Read requested.....
02-12 21:43:58.219   476  6730 D NxpTml  : PN54X - Invoking I2C Read.....
02-12 21:43:58.219   476  6731 D NxpTml  : PN54X - Write requested.....
02-12 21:43:58.219   476  6731 D NxpTml  : PN54X - Invoking I2C Write.....
02-12 21:43:58.221   476  6731 D NxpNciX : len =  46 > 20022B0D2801002101003001083101033304010203045401065001025B010060010E80010181010182010E180101
02-12 21:43:58.221   476  6731 D NxpTml  : PN54X - I2C Write successful.....
02-12 21:43:58.221   476  6731 D NxpTml  : PN54X - Posting Fresh Write message.....
02-12 21:43:58.221   476  6731 D NxpTml  : PN54X - Tml Writer Thread Running................
02-12 21:43:58.222   476  6733 D NxpHal  : write successful status = 0x0
02-12 21:43:58.222   476   476 D NxpHal  : Response timer started
02-12 21:43:58.222   476   476 D NxpHal  : Waiting after ext cmd sent
02-12 21:43:58.226   931  1284 I ActivityManager: Start proc 6762:com.android.providers.calendar/u0a14 for broadcast com.android.providers.calendar/.CalendarUpgradeReceiver
02-12 21:43:58.257   526  6776 I chatty  : uid=1006(camera) mm-qcamera-daem expire 5 lines
02-12 21:43:58.259   526  6777 I chatty  : uid=1006(camera) mm-qcamera-daem expire 2 lines
02-12 21:43:58.260   526  6778 I chatty  : uid=1006(camera) mm-qcamera-daem expire 4 lines
02-12 21:43:58.262   526  6781 I chatty  : uid=1006(camera) mm-qcamera-daem expire 32 lines
02-12 21:43:58.262   476  6730 D NxpTml  : PN54X - I2C Read successful.....
02-12 21:43:58.263   476  6730 D NxpNciR : len =   5 > 4002020000
02-12 21:43:58.263   476  6730 D NxpTml  : PN54X - Posting read message.....
02-12 21:43:58.263   476  6733 D NxpHal  : read successful status = 0x0
02-12 21:43:58.263   476  6733 D NxpHal  : phNxpNciHal_print_res_status: response status =STATUS_OK
02-12 21:43:58.263   476  6730 D NxpTml  : PN54X - Read requested.....
02-12 21:43:58.263   476  6730 D NxpTml  : PN54X - Invoking I2C Read.....
02-12 21:43:58.263   476   476 D NxpHal  : Response timer stopped
02-12 21:43:58.263   476   476 D NxpHal  : Checking response
02-12 21:43:58.263   476   476 D NxpExtns: find found NXP_SWP_FULL_PWR_ON=(0x1)
02-12 21:43:58.263   476  6731 D NxpTml  : PN54X - Write requested.....
02-12 21:43:58.263   476  6731 D NxpTml  : PN54X - Invoking I2C Write.....
02-12 21:43:58.263   476  6731 D NxpNciX : len =   8 > 20020501A0F10101
02-12 21:43:58.263   476  6731 D NxpTml  : PN54X - I2C Write successful.....
02-12 21:43:58.263   476  6731 D NxpTml  : PN54X - Posting Fresh Write message.....
02-12 21:43:58.263   476  6731 D NxpTml  : PN54X - Tml Writer Thread Running................
02-12 21:43:58.263   476  6733 D NxpHal  : write successful status = 0x0
02-12 21:43:58.263   476   476 D NxpHal  : Response timer started
02-12 21:43:58.263   476   476 D NxpHal  : Waiting after ext cmd sent
02-12 21:43:58.266   526  6782 I chatty  : uid=1006(camera) mm-qcamera-daem expire 4 lines
02-12 21:43:58.267   476  6730 D NxpTml  : PN54X - I2C Read successful.....
02-12 21:43:58.267   476  6730 D NxpNciR : len =   5 > 4002020000
02-12 21:43:58.267   476  6730 D NxpTml  : PN54X - Posting read message.....
02-12 21:43:58.267   476  6733 D NxpHal  : read successful status = 0x0
02-12 21:43:58.267   476  6733 D NxpHal  : phNxpNciHal_print_res_status: response status =STATUS_OK
02-12 21:43:58.267   476   476 D NxpHal  : Response timer stopped
02-12 21:43:58.267   476   476 D NxpHal  : Checking response
02-12 21:43:58.268   476   476 D NxpExtns: find found AID_MATCHING_PLATFORM=(0x1)
02-12 21:43:58.268   476  6730 D NxpTml  : PN54X - Read requested.....
02-12 21:43:58.268   476  6730 D NxpTml  : PN54X - Invoking I2C Read.....
02-12 21:43:58.268   476  6731 D NxpTml  : PN54X - Write requested.....
02-12 21:43:58.268   476  6731 D NxpTml  : PN54X - Invoking I2C Write.....
02-12 21:43:58.268   526  6784 I chatty  : uid=1006(camera) mm-qcamera-daem expire 3 lines
02-12 21:43:58.268   476  6731 D NxpNciX : len =   8 > 20020501A0910101
02-12 21:43:58.268   476  6731 D NxpTml  : PN54X - I2C Write successful.....
02-12 21:43:58.268   476  6731 D NxpTml  : PN54X - Posting Fresh Write message.....
02-12 21:43:58.268   476  6731 D NxpTml  : PN54X - Tml Writer Thread Running................
02-12 21:43:58.268   476  6733 D NxpHal  : write successful status = 0x0
02-12 21:43:58.268   476   476 D NxpHal  : Response timer started
02-12 21:43:58.268   476   476 D NxpHal  : Waiting after ext cmd sent
02-12 21:43:58.272   519   519 D MediaAnalyticsService: MediaAnalyticsService::newSummarizerSet
02-12 21:43:58.273   476  6730 D NxpTml  : PN54X - I2C Read successful.....
02-12 21:43:58.273   476  6730 D NxpNciR : len =   5 > 4002020000
02-12 21:43:58.273   476  6730 D NxpTml  : PN54X - Posting read message.....
02-12 21:43:58.273   476  6733 D NxpHal  : read successful status = 0x0
02-12 21:43:58.273   476  6733 D NxpHal  : phNxpNciHal_print_res_status: response status =STATUS_OK
02-12 21:43:58.273   476   476 D NxpHal  : Response timer stopped
02-12 21:43:58.273   476   476 D NxpHal  : Checking response
02-12 21:43:58.273   476   476 E         : isModified Unable to open file '/data/vendor/nfc/libnfc-nxpConfigState.bin' - assuming modified
02-12 21:43:58.273   476   476 E         : resetModified Unable to open file '/data/vendor/nfc/libnfc-nxpConfigState.bin' for writing
02-12 21:43:58.273   476  6730 D NxpTml  : PN54X - Read requested.....
02-12 21:43:58.273   476  6730 D NxpTml  : PN54X - Invoking I2C Read.....
02-12 21:43:58.274  6581  6721 I BrcmNfcNfa: nfc_main_hal_cback event: HAL_NFC_POST_INIT_CPLT_EVT(0x2), status=0
02-12 21:43:58.274  6581  6717 I BrcmNfcNfa: nfc_main_handle_hal_evt(): HAL event=0x2
02-12 21:43:58.274  6581  6717 I BrcmNfcNfa: nfc_set_state 3 (W4_POST_INIT_CPLT)->4 (IDLE)
02-12 21:43:58.274  6581  6717 I BrcmNfcNfa: nfc_set_conn_id conn_id:0, handle:1
02-12 21:43:58.274  6581  6717 I BrcmNfcNfa: nci_interfaces supported by NFCC: 0xf
02-12 21:43:58.274  6581  6717 I BrcmNfcNfa: [0]: intf_type:2 intf_mask: 0x4 is_supported:1
02-12 21:43:58.274  6581  6717 I BrcmNfcNfa: [1]: intf_type:3 intf_mask: 0x8 is_supported:1
02-12 21:43:58.274  6581  6717 D NfcAdaptation: NfcAdaptation::HalWrite
02-12 21:43:58.275   931  6437 D NetworkMonitor/NetworkAgentInfo [MOBILE (LTE) - 100]: PROBE_HTTPS https://www.google.com/generate_204 time=808ms ret=204 request={User-Agent=[Mozilla/5.0 (X11; Linux x86_64) AppleWebKit/537.36 (KHTML, like Gecko) Chrome/60.0.3112.32 Safari/537.36]} headers={null=[HTTP/1.1 204 No Content], Alt-Svc=[hq=":443"; ma=2592000; quic=51303431; quic=51303339; quic=51303338; quic=51303337; quic=51303335,quic=":443"; ma=2592000; v="41,39,38,37,35"], Content-Length=[0], Date=[Mon, 12 Feb 2018 19:43:58 GMT], X-Android-Received-Millis=[1518464638274], X-Android-Response-Source=[NETWORK 204], X-Android-Selected-Protocol=[http/1.1], X-Android-Sent-Millis=[1518464637907]}
02-12 21:43:58.275   476   476 D NxpExtns: find found MIFARE_READER_ENABLE=(0x1)
02-12 21:43:58.275   476   476 D NxpHal  : Going through extns - Adding Mifare in RF Discovery
02-12 21:43:58.275   476   476 D NxpHal  : Going through extns - Adding Mifare in RF Discovery - END
02-12 21:43:58.275   476  6731 D NxpTml  : PN54X - Write requested.....
02-12 21:43:58.275   476  6731 D NxpTml  : PN54X - Invoking I2C Write.....
02-12 21:43:58.276   476  6731 D NxpNciX : len =  13 > 21000A03040302050303800180
02-12 21:43:58.276   476  6731 D NxpTml  : PN54X - I2C Write successful.....
02-12 21:43:58.276   476  6731 D NxpTml  : PN54X - Posting Fresh Write message.....
02-12 21:43:58.276   476  6731 D NxpTml  : PN54X - Tml Writer Thread Running................
02-12 21:43:58.276   476  6733 D NxpHal  : write successful status = 0x0
02-12 21:43:58.277  6581  6717 I BrcmNfcNfa: nfa_dm_nfc_response_cback () NFC_ENABLE_REVT(0x5000)
02-12 21:43:58.277  6581  6717 D NfcAdaptation: NfcAdaptation::HalPowerCycle
02-12 21:43:58.277  6581  6717 I BrcmNfcNfa: nfa_sys: enabling subsystems
02-12 21:43:58.277  6581  6717 I BrcmNfcNfa: nfa_dm_check_set_config ()
02-12 21:43:58.277  6581  6717 I BrcmNfcNfa: nfa_ee_sys_enable
02-12 21:43:58.277  6581  6717 I BrcmNfcNfa: nfa_sys_ptim_start_timer ffdce2e0
02-12 21:43:58.277  6581  6717 I BrcmNfcNfa: ptim timer start
02-12 21:43:58.277   931  2198 D ConnectivityService: NetworkAgentInfo [MOBILE (LTE) - 100] validation passed
02-12 21:43:58.277  6581  6717 I BrcmNfcNfa: nfa_sys_cback_notify_enable_complete () enable_cplt_flags=0x8, enable_cplt_mask=0xec
02-12 21:43:58.277  6581  6717 I BrcmNfcNfa: nfa_sys_cback_notify_enable_complete () enable_cplt_flags=0x28, enable_cplt_mask=0xec
02-12 21:43:58.277  6581  6717 I BrcmNfcNfa: nfa_sys_cback_notify_enable_complete () enable_cplt_flags=0x68, enable_cplt_mask=0xec
02-12 21:43:58.277  6581  6717 I BrcmNfcNfa: nfa_hci_sys_enable ()
02-12 21:43:58.277  6581  6717 D         : nfa_nv_co_read: buffer len=228; file=/data/nfc/nfaStorage.bin1
02-12 21:43:58.277  6581  6717 D         : nfa_nv_co_read: data size=228
02-12 21:43:58.277  6581  6717 I BrcmNfcNfa: nfa_sys_ptim_start_timer ffdcea50
02-12 21:43:58.277  6581  6717 I BrcmNfcNfa: NFA got event 0x0710
02-12 21:43:58.277  6581  6717 I BrcmNfcNfa: nfa_hci_evt_hdlr state: STARTUP (1) event: NV_READ_EVT (0x0710)
02-12 21:43:58.277  6581  6717 I BrcmNfcNfa: nfa_sys_ptim_stop_timer ffdcea50
02-12 21:43:58.293   476  6730 D NxpTml  : PN54X - I2C Read successful.....
02-12 21:43:58.293   476  6730 D NxpNciR : len =   4 > 41000100
02-12 21:43:58.293   476  6730 D NxpTml  : PN54X - Posting read message.....
02-12 21:43:58.294   476  6733 D NxpHal  : read successful status = 0x0
02-12 21:43:58.294  6581  6717 I BrcmNfcNfa: NFC received rsp gid:1
02-12 21:43:58.294  6581  6717 D NfcAdaptation: NfcAdaptation::HalWrite
02-12 21:43:58.296   476   476 D NxpExtns: find found MIFARE_READER_ENABLE=(0x1)
02-12 21:43:58.296   476  6731 D NxpTml  : PN54X - Write requested.....
02-12 21:43:58.296   476  6731 D NxpTml  : PN54X - Invoking I2C Write.....
02-12 21:43:58.296   476  6730 D NxpTml  : PN54X - Read requested.....
02-12 21:43:58.296   476  6730 D NxpTml  : PN54X - Invoking I2C Read.....
02-12 21:43:58.297   476  6731 D NxpNciX : len =  17 > 20020E02510801FEFFFFFFFFFFFF580107
02-12 21:43:58.297   476  6731 D NxpTml  : PN54X - I2C Write successful.....
02-12 21:43:58.297   476  6731 D NxpTml  : PN54X - Posting Fresh Write message.....
02-12 21:43:58.297   476  6731 D NxpTml  : PN54X - Tml Writer Thread Running................
02-12 21:43:58.297   476  6733 D NxpHal  : write successful status = 0x0
02-12 21:43:58.301   476  6730 D NxpTml  : PN54X - I2C Read successful.....
02-12 21:43:58.301   476  6730 D NxpNciR : len =   6 > 400203090151
02-12 21:43:58.301   476  6730 D NxpTml  : PN54X - Posting read message.....
02-12 21:43:58.301   476  6733 D NxpHal  : read successful status = 0x0
02-12 21:43:58.301   476  6733 D NxpHal  : phNxpNciHal_print_res_status: response status =STATUS_INVALID_PARAM
02-12 21:43:58.301  6581  6717 I BrcmNfcNfa: NFC received rsp gid:0
02-12 21:43:58.301  6581  6717 I BrcmNfcNfa: nci_proc_core_rsp opcode:0x2
02-12 21:43:58.301  6581  6717 I BrcmNfcNfa: nfa_dm_nfc_response_cback () NFC_SET_CONFIG_REVT(0x5002)
02-12 21:43:58.301  6581  6717 D NfcAdaptation: NfcAdaptation::HalWrite
02-12 21:43:58.302   476   476 D NxpExtns: find found MIFARE_READER_ENABLE=(0x1)
02-12 21:43:58.302   476  6730 D NxpTml  : PN54X - Read requested.....
02-12 21:43:58.302   476  6730 D NxpTml  : PN54X - Invoking I2C Read.....
02-12 21:43:58.302   476  6731 D NxpTml  : PN54X - Write requested.....
02-12 21:43:58.302   476  6731 D NxpTml  : PN54X - Invoking I2C Write.....
02-12 21:43:58.302   476  6731 D NxpNciX : len =   4 > 22000101
02-12 21:43:58.302   476  6731 D NxpTml  : PN54X - I2C Write successful.....
02-12 21:43:58.302   476  6731 D NxpTml  : PN54X - Posting Fresh Write message.....
02-12 21:43:58.302   476  6731 D NxpTml  : PN54X - Tml Writer Thread Running................
02-12 21:43:58.302   476  6733 D NxpHal  : write successful status = 0x0
02-12 21:43:58.306   476  6730 D NxpTml  : PN54X - I2C Read successful.....
02-12 21:43:58.306   476  6730 D NxpNciR : len =   5 > 4200020001
02-12 21:43:58.306   476  6730 D NxpTml  : PN54X - Posting read message.....
02-12 21:43:58.306   476  6733 D NxpHal  : read successful status = 0x0
02-12 21:43:58.306  6581  6717 I BrcmNfcNfa: NFC received rsp gid:2
02-12 21:43:58.306  6581  6717 I BrcmNfcNfa: nci_proc_ee_management_rsp opcode:0x0
02-12 21:43:58.306  6581  6717 I BrcmNfcNfa: nfa_dm_nfc_response_cback () NFC_NFCEE_DISCOVER_REVT(0x5004)
02-12 21:43:58.306  6581  6717 I BrcmNfcNfa: nfa_ee_proc_evt: event=0x5004 int_event:0x20d
02-12 21:43:58.306  6581  6717 I BrcmNfcNfa: nfa_ee_evt_hdlr (): Event NCI_DISC_RSP(0x20d), State: INIT(0)
02-12 21:43:58.306  6581  6717 I BrcmNfcNfa: nfa_ee_nci_disc_rsp() em_state:0 cur_ee:0, num_nfcee:1
02-12 21:43:58.306  6581  6717 I BrcmNfcNfa: nfa_ee_report_disc_done() em_state:0 num_ee_expecting:1 notify_enable_done:0
02-12 21:43:58.306  6581  6717 I BrcmNfcNfa: nfa_ee_nci_disc_rsp() em_state:0 cur_ee:0 num_ee_expecting:1
02-12 21:43:58.306   476  6730 D NxpTml  : PN54X - Read requested.....
02-12 21:43:58.306   476  6730 D NxpTml  : PN54X - Invoking I2C Read.....
02-12 21:43:58.307   476  6730 D NxpTml  : PN54X - I2C Read successful.....
02-12 21:43:58.307   476  6730 D NxpNciR : len =   8 > 6200050101010100
02-12 21:43:58.307   476  6730 D NxpTml  : PN54X - Posting read message.....
02-12 21:43:58.307   476  6733 D NxpHal  : read successful status = 0x0
02-12 21:43:58.307  6581  6717 I BrcmNfcNfa: NFC received ntf gid:2
02-12 21:43:58.307  6581  6717 I BrcmNfcNfa: nci_proc_ee_management_ntf opcode:0x0
02-12 21:43:58.307  6581  6717 I BrcmNfcNfa: nfcee_id: 0x1 num_interface:0x1/0x1, num_tlvs:0x0
02-12 21:43:58.307  6581  6717 I BrcmNfcNfa: nfa_dm_nfc_response_cback () NFC_NFCEE_INFO_REVT(0x5005)
02-12 21:43:58.307  6581  6717 I BrcmNfcNfa: nfa_ee_proc_evt: event=0x5005 int_event:0x20e
02-12 21:43:58.307  6581  6717 I BrcmNfcNfa: nfa_ee_evt_hdlr (): Event NCI_DISC_NTF(0x20e), State: INIT(0)
02-12 21:43:58.307  6581  6717 I BrcmNfcNfa: nfa_ee_nci_disc_ntf() em_state:0 ee_flags:0x0 cur_ee:0 num_ee_expecting:1
02-12 21:43:58.307  6581  6717 I BrcmNfcNfa: nfa_ee_nci_disc_ntf cur_ee:1
02-12 21:43:58.307  6581  6717 I BrcmNfcNfa: nfa_ee_report_disc_done() em_state:1 num_ee_expecting:0 notify_enable_done:1
02-12 21:43:58.307  6581  6717 I BrcmNfcNfa: nfa_sys_cback_notify_enable_complete () enable_cplt_flags=0x6c, enable_cplt_mask=0xec
02-12 21:43:58.307  6581  6717 I BrcmNfcNfa: nfa_hci_ee_info_cback (): 0
02-12 21:43:58.307  6581  6717 I BrcmNfcNfa: NFA_EeGetInfo em_state:1 cur_ee:1
02-12 21:43:58.307  6581  6717 I BrcmNfcNfa: xx:0 max_ret:2, num_ret:0 ee_status:0x1
02-12 21:43:58.307  6581  6717 I BrcmNfcNfa: num_ret:1
02-12 21:43:58.307  6581  6717 D NfcAdaptation: NfcAdaptation::HalWrite
02-12 21:43:58.307   476   476 D NxpExtns: find found MIFARE_READER_ENABLE=(0x1)
02-12 21:43:58.307   476  6730 D NxpTml  : PN54X - Read requested.....
02-12 21:43:58.307   476  6730 D NxpTml  : PN54X - Invoking I2C Read.....
02-12 21:43:58.307   476  6731 D NxpTml  : PN54X - Write requested.....
02-12 21:43:58.307   476  6731 D NxpTml  : PN54X - Invoking I2C Write.....
02-12 21:43:58.308   476  6731 D NxpNciX : len =   5 > 2201020101
02-12 21:43:58.308   476  6731 D NxpTml  : PN54X - I2C Write successful.....
02-12 21:43:58.308   476  6731 D NxpTml  : PN54X - Posting Fresh Write message.....
02-12 21:43:58.308   476  6731 D NxpTml  : PN54X - Tml Writer Thread Running................
02-12 21:43:58.308   476  6733 D NxpHal  : write successful status = 0x0
02-12 21:43:58.308  6581  6717 I BrcmNfcNfa: nfa_sys_ptim_start_timer ffdcea50
02-12 21:43:58.311   476  6730 D NxpTml  : PN54X - I2C Read successful.....
02-12 21:43:58.311   476  6730 D NxpNciR : len =   4 > 42010100
02-12 21:43:58.311   476  6730 D NxpTml  : PN54X - Posting read message.....
02-12 21:43:58.312   476  6733 D NxpHal  : read successful status = 0x0
02-12 21:43:58.312  6581  6717 I BrcmNfcNfa: NFC received rsp gid:2
02-12 21:43:58.312  6581  6717 I BrcmNfcNfa: nci_proc_ee_management_rsp opcode:0x1
02-12 21:43:58.312  6581  6717 I BrcmNfcNfa: nfa_dm_nfc_response_cback () NFC_NFCEE_MODE_SET_REVT(0x5006)
02-12 21:43:58.312  6581  6717 I BrcmNfcNfa: nfa_ee_proc_evt: event=0x5006 int_event:0x20f
02-12 21:43:58.312  6581  6717 I BrcmNfcNfa: nfa_ee_evt_hdlr (): Event NCI_MODE_SET(0x20f), State: INIT_DONE(1)
02-12 21:43:58.312   476  6730 D NxpTml  : PN54X - Read requested.....
02-12 21:43:58.312  6581  6717 I BrcmNfcNfa: nfa_ee_nci_mode_set_rsp() handle:0x01 mode:1
02-12 21:43:58.312  6581  6717 I BrcmNfcNfa: nfa_ee_find_ecb ()
02-12 21:43:58.312   476  6730 D NxpTml  : PN54X - Invoking I2C Read.....
02-12 21:43:58.312  6581  6717 I BrcmNfcNfa: nfa_dm_is_active () flags:0x21
02-12 21:43:58.312  6581  6717 I BrcmNfcNfa: status:0 ecb_flags  :0x00 ee_cfged:0x00 ee_status:0
02-12 21:43:58.312  6581  6717 I BrcmNfcNfa: nfa_hci_ee_info_cback (): 2
02-12 21:43:58.312  6581  6717 I BrcmNfcNfa: nfa_dm_is_active () flags:0x21
02-12 21:43:58.312  6581  6717 I BrcmNfcNfa: nfa_ee_report_discover_req_evt DM is not active
02-12 21:43:58.312  6581  6717 D NfcAdaptation: NfcAdaptation::HalWrite
02-12 21:43:58.312   476   476 D NxpExtns: find found MIFARE_READER_ENABLE=(0x1)
02-12 21:43:58.312   476  6731 D NxpTml  : PN54X - Write requested.....
02-12 21:43:58.312   476  6731 D NxpTml  : PN54X - Invoking I2C Write.....
02-12 21:43:58.313   476  6731 D NxpNciX : len =   9 > 200406030101020101
02-12 21:43:58.313   476  6731 D NxpTml  : PN54X - I2C Write successful.....
02-12 21:43:58.313   476  6731 D NxpTml  : PN54X - Posting Fresh Write message.....
02-12 21:43:58.313   476  6731 D NxpTml  : PN54X - Tml Writer Thread Running................
02-12 21:43:58.313   476  6733 D NxpHal  : write successful status = 0x0
02-12 21:43:58.314   476  6730 D NxpTml  : PN54X - I2C Read successful.....
02-12 21:43:58.314   476  6730 D NxpNciR : len =   7 > 40040400FF0103
02-12 21:43:58.314   476  6730 D NxpTml  : PN54X - Posting read message.....
02-12 21:43:58.314   476  6733 D NxpHal  : read successful status = 0x0
02-12 21:43:58.316  6581  6717 I BrcmNfcNfa: NFC received rsp gid:0
02-12 21:43:58.316  6581  6717 I BrcmNfcNfa: nci_proc_core_rsp opcode:0x4
02-12 21:43:58.316  6581  6717 I BrcmNfcNfa: nfc_set_conn_id conn_id:3, handle:2
02-12 21:43:58.316  6581  6717 I BrcmNfcNfa: nfa_hciu_send_msg pipe_id:1   Type: COMMAND [0x00] Inst: ANY_GET_PARAMETER [0x02]   len:1
02-12 21:43:58.316  6581  6717 D BrcmHcpX: 810201
02-12 21:43:58.316  6581  6717 I BrcmNfcNfa: nfc_ncif_send_data :3, num_buff:1 qc:0
02-12 21:43:58.316  6581  6717 D NfcAdaptation: NfcAdaptation::HalWrite
02-12 21:43:58.316   476  6730 D NxpTml  : PN54X - Read requested.....
02-12 21:43:58.316   476   476 D NxpExtns: find found MIFARE_READER_ENABLE=(0x1)
02-12 21:43:58.316   476  6730 D NxpTml  : PN54X - Invoking I2C Read.....
02-12 21:43:58.316   476  6731 D NxpTml  : PN54X - Write requested.....
02-12 21:43:58.316   476  6731 D NxpTml  : PN54X - Invoking I2C Write.....
02-12 21:43:58.316   476  6731 D NxpNciX : len =   6 > 030003810201
02-12 21:43:58.317   476  6731 D NxpTml  : PN54X - I2C Write successful.....
02-12 21:43:58.317   476  6731 D NxpTml  : PN54X - Posting Fresh Write message.....
02-12 21:43:58.317   476  6731 D NxpTml  : PN54X - Tml Writer Thread Running................
02-12 21:43:58.317   476  6733 D NxpHal  : write successful status = 0x0
02-12 21:43:58.317  6581  6717 I BrcmNfcNfa: nfa_sys_ptim_start_timer ffdcea50
02-12 21:43:58.318   476  6730 D NxpTml  : PN54X - I2C Read successful.....
02-12 21:43:58.318   476  6730 D NxpNciR : len =   6 > 600603010301
02-12 21:43:58.318   476  6730 D NxpTml  : PN54X - Posting read message.....
02-12 21:43:58.318   476  6733 D NxpHal  : read successful status = 0x0
02-12 21:43:58.318  6581  6717 I BrcmNfcNfa: NFC received ntf gid:0
02-12 21:43:58.318  6581  6717 I BrcmNfcNfa: nci_proc_core_ntf opcode:0x6
02-12 21:43:58.318  6581  6717 I BrcmNfcNfa: nfc_ncif_send_data :3, num_buff:1 qc:0
02-12 21:43:58.318   476  6730 D NxpTml  : PN54X - Read requested.....
02-12 21:43:58.318   476  6730 D NxpTml  : PN54X - Invoking I2C Read.....
02-12 21:43:58.319   476  6730 D NxpTml  : PN54X - I2C Read successful.....
02-12 21:43:58.319   476  6730 D NxpNciR : len =  13 > 03000A8180982C6666902C6666
02-12 21:43:58.319   476  6730 D NxpTml  : PN54X - Posting read message.....
02-12 21:43:58.319   476  6733 D NxpHal  : read successful status = 0x0
02-12 21:43:58.319  6581  6717 I BrcmNfcNfa: NFC received data
02-12 21:43:58.319  6581  6717 I BrcmNfcNfa: nfc_ncif_proc_data 0x03000a
02-12 21:43:58.319  6581  6717 I BrcmNfcNfa: nfc_ncif_proc_data len:10
02-12 21:43:58.319  6581  6717 D BrcmHcpR: 8180982c6666902c6666
02-12 21:43:58.319  6581  6717 I BrcmNfcNfa: nfa_hci_conn_cback Recvd data pipe:1  Type: RESPONSE [0x02] Resp: ANY_OK [0x00]   chain:1  assmbl:0  len:10
02-12 21:43:58.319  6581  6717 I BrcmNfcNfa: nfa_hci_handle_admin_gate_rsp - LastCmdSent: ANY_GET_PARAMETER  App: 0x0000  Gate: 0x00  Pipe: 0x00
02-12 21:43:58.319  6581  6717 I BrcmNfcNfa: nfa_hciu_send_msg pipe_id:1   Type: COMMAND [0x00] Inst: ANY_SET_PARAMETER [0x01]   len:4
02-12 21:43:58.319  6581  6717 D BrcmHcpX: 810103020304
02-12 21:43:58.319  6581  6717 I BrcmNfcNfa: nfc_ncif_send_data :3, num_buff:1 qc:0
02-12 21:43:58.319  6581  6717 D NfcAdaptation: NfcAdaptation::HalWrite
02-12 21:43:58.319   476   476 D NxpExtns: find found MIFARE_READER_ENABLE=(0x1)
02-12 21:43:58.320   476   476 D NxpHal  : > Going through workaround - set host list
02-12 21:43:58.320   476   476 D NxpHal  : > Going through workaround - set host list - END
02-12 21:43:58.320   476  6731 D NxpTml  : PN54X - Write requested.....
02-12 21:43:58.320   476  6731 D NxpTml  : PN54X - Invoking I2C Write.....
02-12 21:43:58.320   476  6730 D NxpTml  : PN54X - Read requested.....
02-12 21:43:58.320   476  6730 D NxpTml  : PN54X - Invoking I2C Read.....
02-12 21:43:58.320   476  6731 D NxpNciX : len =   7 > 030004810103C0
02-12 21:43:58.320   476  6731 D NxpTml  : PN54X - I2C Write successful.....
02-12 21:43:58.320   476  6731 D NxpTml  : PN54X - Posting Fresh Write message.....
02-12 21:43:58.320   476  6731 D NxpTml  : PN54X - Tml Writer Thread Running................
02-12 21:43:58.320   476  6733 D NxpHal  : write successful status = 0x0
02-12 21:43:58.320  6581  6717 I BrcmNfcNfa: nfa_sys_ptim_start_timer ffdcea50
02-12 21:43:58.320  6581  6717 I BrcmNfcNfa: NFA got event 0x0713
02-12 21:43:58.320  6581  6717 I BrcmNfcNfa: nfa_hci_evt_hdlr state: STARTUP (1) event: CHECK_QUEUE (0x0713)
02-12 21:43:58.323   476  6730 D NxpTml  : PN54X - I2C Read successful.....
02-12 21:43:58.324   476  6730 D NxpNciR : len =   6 > 600603010301
02-12 21:43:58.324   476  6730 D NxpTml  : PN54X - Posting read message.....
02-12 21:43:58.324   476  6733 D NxpHal  : read successful status = 0x0
02-12 21:43:58.324  6581  6717 I BrcmNfcNfa: NFC received ntf gid:0
02-12 21:43:58.324  6581  6717 I BrcmNfcNfa: nci_proc_core_ntf opcode:0x6
02-12 21:43:58.324  6581  6717 I BrcmNfcNfa: nfc_ncif_send_data :3, num_buff:1 qc:0
02-12 21:43:58.324   476  6730 D NxpTml  : PN54X - Read requested.....
02-12 21:43:58.324   476  6730 D NxpTml  : PN54X - Invoking I2C Read.....
02-12 21:43:58.324   476  6730 D NxpTml  : PN54X - I2C Read successful.....
02-12 21:43:58.324   476  6730 D NxpNciR : len =   5 > 0300028180
02-12 21:43:58.324   476  6730 D NxpTml  : PN54X - Posting read message.....
02-12 21:43:58.325   476  6733 D NxpHal  : read successful status = 0x0
02-12 21:43:58.325  6581  6717 I BrcmNfcNfa: NFC received data
02-12 21:43:58.325  6581  6717 I BrcmNfcNfa: nfc_ncif_proc_data 0x030002
02-12 21:43:58.325  6581  6717 I BrcmNfcNfa: nfc_ncif_proc_data len:2
02-12 21:43:58.325   476  6730 D NxpTml  : PN54X - Read requested.....
02-12 21:43:58.325  6581  6717 D BrcmHcpR: 8180
02-12 21:43:58.325   476  6730 D NxpTml  : PN54X - Invoking I2C Read.....
02-12 21:43:58.325  6581  6717 I BrcmNfcNfa: nfa_hci_conn_cback Recvd data pipe:1  Type: RESPONSE [0x02] Resp: ANY_OK [0x00]   chain:1  assmbl:0  len:2
02-12 21:43:58.325  6581  6717 I BrcmNfcNfa: nfa_hci_handle_admin_gate_rsp - LastCmdSent: ANY_SET_PARAMETER  App: 0x0000  Gate: 0x00  Pipe: 0x00
02-12 21:43:58.325  6581  6717 I BrcmNfcNfa: nfa_sys_ptim_start_timer ffdcea50
02-12 21:43:58.325  6581  6717 I BrcmNfcNfa: NFA got event 0x0713
02-12 21:43:58.325  6581  6717 I BrcmNfcNfa: nfa_hci_evt_hdlr state: WAIT_NETWK_ENABLE (2) event: CHECK_QUEUE (0x0713)
02-12 21:43:58.327   476  6730 D NxpTml  : PN54X - I2C Read successful.....
02-12 21:43:58.327   476  6730 D NxpNciR : len =   8 > 620005C002018000
02-12 21:43:58.327   476  6730 D NxpTml  : PN54X - Posting read message.....
02-12 21:43:58.327   476  6733 D NxpHal  : read successful status = 0x0
02-12 21:43:58.327  6581  6717 I BrcmNfcNfa: NFC received ntf gid:2
02-12 21:43:58.327  6581  6717 I BrcmNfcNfa: nci_proc_ee_management_ntf opcode:0x0
02-12 21:43:58.327  6581  6717 I BrcmNfcNfa: nfcee_id: 0xc0 num_interface:0x1/0x1, num_tlvs:0x0
02-12 21:43:58.327   476  6730 D NxpTml  : PN54X - Read requested.....
02-12 21:43:58.327  6581  6717 I BrcmNfcNfa: nfa_dm_nfc_response_cback () NFC_NFCEE_INFO_REVT(0x5005)
02-12 21:43:58.327  6581  6717 I BrcmNfcNfa: nfa_ee_proc_evt: event=0x5005 int_event:0x20e
02-12 21:43:58.327   476  6730 D NxpTml  : PN54X - Invoking I2C Read.....
02-12 21:43:58.327  6581  6717 I BrcmNfcNfa: nfa_ee_evt_hdlr (): Event NCI_DISC_NTF(0x20e), State: INIT_DONE(1)
02-12 21:43:58.327  6581  6717 I BrcmNfcNfa: nfa_ee_nci_disc_ntf() em_state:1 ee_flags:0x0 cur_ee:1 num_ee_expecting:0
02-12 21:43:58.327  6581  6717 I BrcmNfcNfa: nfa_ee_find_ecb ()
02-12 21:43:58.327  6581  6717 I BrcmNfcNfa: nfa_ee_find_ecb ()
02-12 21:43:58.327  6581  6717 I BrcmNfcNfa: nfa_ee_nci_disc_ntf cur_ee:2
02-12 21:43:58.327  6581  6717 I BrcmNfcNfa: nfa_dm_is_active () flags:0x21
02-12 21:43:58.327  6581  6717 I BrcmNfcNfa: nfa_sys_ptim_stop_timer ffdce2e0
02-12 21:43:58.327  6581  6717 I BrcmNfcNfa: nfa_ee_evt_hdlr (): Event NFA_EE_DISCV_TIMEOUT_EVT(0x216), State: INIT_DONE(1)
02-12 21:43:58.327  6581  6717 D NfcAdaptation: NfcAdaptation::HalWrite
02-12 21:43:58.327   476   476 D NxpExtns: find found MIFARE_READER_ENABLE=(0x1)
02-12 21:43:58.327   476   476 D NxpNciR : len =   5 > 4200020000
02-12 21:43:58.327  6581  6717 I BrcmNfcNfa: nfa_hci_ee_info_cback (): 1
02-12 21:43:58.327  6581  6717 I BrcmNfcNfa: NFA_EeGetInfo em_state:1 cur_ee:2
02-12 21:43:58.327  6581  6717 I BrcmNfcNfa: xx:0 max_ret:3, num_ret:0 ee_status:0x0
02-12 21:43:58.327  6581  6717 I BrcmNfcNfa: xx:1 max_ret:3, num_ret:1 ee_status:0x2
02-12 21:43:58.327  6581  6717 I BrcmNfcNfa: num_ret:1
02-12 21:43:58.327  6581  6717 I BrcmNfcNfa: nfa_sys_ptim_stop_timer ffdcea50
02-12 21:43:58.327  6581  6717 I BrcmNfcNfa: ptim timer stop
02-12 21:43:58.327  6581  6717 I BrcmNfcNfa: nfa_hciu_send_msg pipe_id:1   Type: COMMAND [0x00] Inst: ANY_GET_PARAMETER [0x02]   len:1
02-12 21:43:58.327  6581  6717 D BrcmHcpX: 810204
02-12 21:43:58.327  6581  6717 I BrcmNfcNfa: nfc_ncif_send_data :3, num_buff:1 qc:0
02-12 21:43:58.327  6581  6717 D NfcAdaptation: NfcAdaptation::HalWrite
02-12 21:43:58.328   476   476 D NxpExtns: find found MIFARE_READER_ENABLE=(0x1)
02-12 21:43:58.328   476  6731 D NxpTml  : PN54X - Write requested.....
02-12 21:43:58.328   476  6731 D NxpTml  : PN54X - Invoking I2C Write.....
02-12 21:43:58.328   476  6731 D NxpNciX : len =   6 > 030003810204
02-12 21:43:58.328   476  6731 D NxpTml  : PN54X - I2C Write successful.....
02-12 21:43:58.328   476  6731 D NxpTml  : PN54X - Posting Fresh Write message.....
02-12 21:43:58.328   476  6731 D NxpTml  : PN54X - Tml Writer Thread Running................
02-12 21:43:58.328   476  6733 D NxpHal  : write successful status = 0x0
02-12 21:43:58.328  6581  6717 I BrcmNfcNfa: nfa_sys_ptim_start_timer ffdcea50
02-12 21:43:58.328  6581  6717 I BrcmNfcNfa: ptim timer start
02-12 21:43:58.328  6581  6717 I BrcmNfcNfa: NFC received rsp gid:2
02-12 21:43:58.328  6581  6717 I BrcmNfcNfa: nci_proc_ee_management_rsp opcode:0x0
02-12 21:43:58.328  6581  6717 I BrcmNfcNfa: nfa_dm_nfc_response_cback () NFC_NFCEE_DISCOVER_REVT(0x5004)
02-12 21:43:58.328  6581  6717 I BrcmNfcNfa: nfa_ee_proc_evt: event=0x5004 int_event:0x20d
02-12 21:43:58.328  6581  6717 I BrcmNfcNfa: nfa_ee_evt_hdlr (): Event NCI_DISC_RSP(0x20d), State: INIT_DONE(1)
02-12 21:43:58.328  6581  6717 I BrcmNfcNfa: nfa_ee_nci_disc_rsp() em_state:1 cur_ee:2, num_nfcee:0
02-12 21:43:58.328  6581  6717 I BrcmNfcNfa: nfa_ee_report_disc_done() em_state:1 num_ee_expecting:0 notify_enable_done:0
02-12 21:43:58.328  6581  6717 I BrcmNfcNfa: nfa_ee_nci_disc_rsp() em_state:1 cur_ee:2 num_ee_expecting:0
02-12 21:43:58.329   476  6730 D NxpTml  : PN54X - I2C Read successful.....
02-12 21:43:58.329   476  6730 D NxpNciR : len =   6 > 600603010301
02-12 21:43:58.329   476  6730 D NxpTml  : PN54X - Posting read message.....
02-12 21:43:58.329   476  6733 D NxpHal  : read successful status = 0x0
02-12 21:43:58.329  6581  6717 I BrcmNfcNfa: NFC received ntf gid:0
02-12 21:43:58.329  6581  6717 I BrcmNfcNfa: nci_proc_core_ntf opcode:0x6
02-12 21:43:58.329  6581  6717 I BrcmNfcNfa: nfc_ncif_send_data :3, num_buff:1 qc:0
02-12 21:43:58.329   476  6730 D NxpTml  : PN54X - Read requested.....
02-12 21:43:58.329   476  6730 D NxpTml  : PN54X - Invoking I2C Read.....
02-12 21:43:58.330   476  6730 D NxpTml  : PN54X - I2C Read successful.....
02-12 21:43:58.330   476  6730 D NxpNciR : len =   6 > 030003818000
02-12 21:43:58.330   476  6730 D NxpTml  : PN54X - Posting read message.....
02-12 21:43:58.330   476  6733 D NxpHal  : read successful status = 0x0
02-12 21:43:58.330  6581  6717 I BrcmNfcNfa: NFC received data
02-12 21:43:58.330  6581  6717 I BrcmNfcNfa: nfc_ncif_proc_data 0x030003
02-12 21:43:58.330  6581  6717 I BrcmNfcNfa: nfc_ncif_proc_data len:3
02-12 21:43:58.330  6581  6717 I BrcmNfcNfa: nfa_sys_ptim_stop_timer ffdcea50
02-12 21:43:58.330  6581  6717 I BrcmNfcNfa: ptim timer stop
02-12 21:43:58.330  6581  6717 D BrcmHcpR: 818000
02-12 21:43:58.330  6581  6717 I BrcmNfcNfa: nfa_hci_conn_cback Recvd data pipe:1  Type: RESPONSE [0x02] Resp: ANY_OK [0x00]   chain:1  assmbl:0  len:3
02-12 21:43:58.330  6581  6717 I BrcmNfcNfa: nfa_hci_handle_admin_gate_rsp - LastCmdSent: ANY_GET_PARAMETER  App: 0x0000  Gate: 0x00  Pipe: 0x00
02-12 21:43:58.330  6581  6717 I BrcmNfcNfa: nfa_hci_startup_complete (): Status: 0
02-12 21:43:58.330  6581  6717 I BrcmNfcNfa: nfa_sys_ptim_stop_timer ffdcea50
02-12 21:43:58.330  6581  6717 I BrcmNfcNfa: ptim timer stop
02-12 21:43:58.330  6581  6717 I BrcmNfcNfa: nfa_sys_cback_notify_enable_complete () enable_cplt_flags=0xec, enable_cplt_mask=0xec
02-12 21:43:58.330  6581  6717 I BrcmNfcNfa: NFA got event 0x0713
02-12 21:43:58.330  6581  6717 I BrcmNfcNfa: nfa_hci_evt_hdlr state: IDLE (3) event: CHECK_QUEUE (0x0713)
02-12 21:43:58.334   476  6730 D NxpTml  : PN54X - Read requested.....
02-12 21:43:58.334   509   607 E ThermalEngine: [BMHB_GOV] read failed VS_TEMP
02-12 21:43:58.334   476  6730 D NxpTml  : PN54X - Invoking I2C Read.....
02-12 21:43:58.335   476  6730 D NxpTml  : PN54X - I2C Read successful.....
02-12 21:43:58.335   476  6730 D NxpNciR : len =   8 > 6200050202018000
02-12 21:43:58.335   476  6730 D NxpTml  : PN54X - Posting read message.....
02-12 21:43:58.335   476  6733 D NxpHal  : read successful status = 0x0
02-12 21:43:58.335  6581  6717 I BrcmNfcNfa: NFC received ntf gid:2
02-12 21:43:58.335  6581  6717 I BrcmNfcNfa: nci_proc_ee_management_ntf opcode:0x0
02-12 21:43:58.335  6581  6717 I BrcmNfcNfa: nfcee_id: 0x2 num_interface:0x1/0x1, num_tlvs:0x0
02-12 21:43:58.335  6581  6717 I BrcmNfcNfa: nfa_dm_nfc_response_cback () NFC_NFCEE_INFO_REVT(0x5005)
02-12 21:43:58.335  6581  6717 I BrcmNfcNfa: nfa_ee_proc_evt: event=0x5005 int_event:0x20e
