01-02 18:58:22.349   485   485 I MSM-irqbalance: Cfg file: /system/etc/msm_irqbalance.conf
01-02 18:58:22.349   485   485 I MSM-irqbalance: CPU PRIO: CPU0: 1 CPU1: 1 CPU2: 1 CPU3: 1 CPU4: 0 CPU5: 0 
01-02 18:58:22.349   485   485 I MSM-irqbalance: Ignored IRQs: 20 40 200 203 155 157 159 
01-02 18:58:22.366   516   516 I installd: installd firing up
01-02 18:58:22.394   480   480 I ServiceManagement: Removing namespace from process name android.hardware.usb@1.0-service to usb@1.0-service.
01-02 18:58:22.410   513   513 I FastMixerState: sMaxFastTracks = 8
01-02 18:58:22.411   513   513 I audioserver: ServiceManager: 0xeda97540
01-02 18:58:22.411   513   513 W BatteryNotifier: batterystats service unavailable!
01-02 18:58:22.415   529   529 I gatekeeperd: Starting gatekeeperd...
01-02 18:58:22.417   487   487 I libmdmdetect: ESOC framework not supported
01-02 18:58:22.417   487   487 I libmdmdetect: Found internal modem: modem
01-02 18:58:22.419   487   487 I PerMgrSrv: Peripheral Mananager service start
01-02 18:58:22.419   487   487 I PerMgrSrv: power-off timeout 500,ms; event-ack timeout 200,ms; debug-mode false
01-02 18:58:22.419   487   487 I PerMgrSrv: Statistics for : modem
01-02 18:58:22.419   487   487 I PerMgrSrv: modem: Current State : is off-line
01-02 18:58:22.419   487   487 I PerMgrSrv: modem: Voter/Listener count : 0/0
01-02 18:58:22.419   487   487 I PerMgrSrv: modem: Power on count : 0
01-02 18:58:22.419   487   487 I PerMgrSrv: modem: Power off count: 0
01-02 18:58:22.419   487   487 I PerMgrSrv: modem: Client list:
01-02 18:58:22.421   487   536 I PerMgrSrv: QMI service start
01-02 18:58:22.422   395   395 W /system/bin/hwservicemanager: getTransportFromManifest: Cannot find entry android.hardware.gatekeeper@1.0::IGatekeeper in either framework or device manifest, using default transport.
01-02 18:58:22.423   529   529 W gatekeeperd: falling back to software GateKeeper
01-02 18:58:22.424   529   529 I gatekeeperd: cold boot: clearing state
01-02 18:58:22.444   503   503 I irsc_util: Starting irsc tool
01-02 18:58:22.445   559   559 I /system/bin/tombstoned: tombstoned successfully initialized
01-02 18:58:22.446   513   513 I AudioFlinger: Using default 3000 mSec as standby time.
01-02 18:58:22.447   513   513 E APM::Serializer: deserialize: Could not parse /odm/etc/audio_policy_configuration.xml document.
01-02 18:58:22.448   513   513 E APM::Serializer: deserialize: Could not parse /vendor/etc/audio_policy_configuration.xml document.
01-02 18:58:22.456   432   432 I zygote  : option[0]=-Xzygote
01-02 18:58:22.456   432   432 I zygote  : option[1]=-Xstacktracefile:/data/anr/traces.txt
01-02 18:58:22.456   432   432 I zygote  : option[2]=exit
01-02 18:58:22.456   432   432 I zygote  : option[3]=vfprintf
01-02 18:58:22.456   432   432 I zygote  : option[4]=sensitiveThread
01-02 18:58:22.456   432   432 I zygote  : option[5]=-verbose:gc
01-02 18:58:22.456   432   432 I zygote  : option[6]=-Xms8m
01-02 18:58:22.456   432   432 I zygote  : option[7]=-Xmx768m
01-02 18:58:22.456   432   432 I zygote  : option[8]=-XX:HeapGrowthLimit=288m
01-02 18:58:22.456   432   432 I zygote  : option[9]=-XX:HeapMinFree=512k
01-02 18:58:22.456   432   432 I zygote  : option[10]=-XX:HeapMaxFree=8m
01-02 18:58:22.456   432   432 I zygote  : option[11]=-XX:HeapTargetUtilization=0.75
01-02 18:58:22.456   432   432 I zygote  : option[12]=-Xusejit:true
01-02 18:58:22.456   432   432 I zygote  : option[13]=-Xjitsaveprofilinginfo
01-02 18:58:22.456   432   432 I zygote  : option[14]=-agentlib:jdwp=transport=dt_android_adb,suspend=n,server=y
01-02 18:58:22.456   432   432 I zygote  : option[15]=-Xlockprofthreshold:500
01-02 18:58:22.456   432   432 I zygote  : option[16]=-Ximage-compiler-option
01-02 18:58:22.456   432   432 I zygote  : option[17]=--runtime-arg
01-02 18:58:22.456   432   432 I zygote  : option[18]=-Ximage-compiler-option
01-02 18:58:22.456   432   432 I zygote  : option[19]=-Xms64m
01-02 18:58:22.456   432   432 I zygote  : option[20]=-Ximage-compiler-option
01-02 18:58:22.456   432   432 I zygote  : option[21]=--runtime-arg
01-02 18:58:22.456   432   432 I zygote  : option[22]=-Ximage-compiler-option
01-02 18:58:22.456   432   432 I zygote  : option[23]=-Xmx64m
01-02 18:58:22.456   432   432 I zygote  : option[24]=-Ximage-compiler-option
01-02 18:58:22.456   432   432 I zygote  : option[25]=--image-classes=/system/etc/preloaded-classes
01-02 18:58:22.456   432   432 I zygote  : option[26]=-Ximage-compiler-option
01-02 18:58:22.456   432   432 I zygote  : option[27]=--compiled-classes=/system/etc/compiled-classes
01-02 18:58:22.456   432   432 I zygote  : option[28]=-Xcompiler-option
01-02 18:58:22.456   432   432 I zygote  : option[29]=--runtime-arg
01-02 18:58:22.456   432   432 I zygote  : option[30]=-Xcompiler-option
01-02 18:58:22.457   432   432 I zygote  : option[31]=-Xms64m
01-02 18:58:22.457   432   432 I zygote  : option[32]=-Xcompiler-option
01-02 18:58:22.457   432   432 I zygote  : option[33]=--runtime-arg
01-02 18:58:22.457   432   432 I zygote  : option[34]=-Xcompiler-option
01-02 18:58:22.457   432   432 I zygote  : option[35]=-Xmx512m
01-02 18:58:22.457   432   432 I zygote  : option[36]=-Xcompiler-option
01-02 18:58:22.457   432   432 I zygote  : option[37]=-j2
01-02 18:58:22.457   432   432 I zygote  : option[38]=-Ximage-compiler-option
01-02 18:58:22.457   432   432 I zygote  : option[39]=-j4
01-02 18:58:22.457   432   432 I zygote  : option[40]=-Ximage-compiler-option
01-02 18:58:22.457   432   432 I zygote  : option[41]=--instruction-set-variant=cortex-a53.a57
01-02 18:58:22.457   432   432 I zygote  : option[42]=-Xcompiler-option
01-02 18:58:22.457   432   432 I zygote  : option[43]=--instruction-set-variant=cortex-a53.a57
01-02 18:58:22.457   432   432 I zygote  : option[44]=-Ximage-compiler-option
01-02 18:58:22.457   432   432 I zygote  : option[45]=--instruction-set-features=default
01-02 18:58:22.457   432   432 I zygote  : option[46]=-Xcompiler-option
01-02 18:58:22.457   432   432 I zygote  : option[47]=--instruction-set-features=default
01-02 18:58:22.457   432   432 I zygote  : option[48]=-Duser.locale=en-US
01-02 18:58:22.457   432   432 I zygote  : option[49]=--cpu-abilist=armeabi-v7a,armeabi
01-02 18:58:22.457   432   432 I zygote  : option[50]=-Xfingerprint:lge/p1_global_com/p1:8.0/NRD90U/171931902b165:user/release-keys
01-02 18:58:22.475   432   432 I zygote  : Pruning dalvik-cache since we are generating an image and will need to recompile
01-02 18:58:22.475   432   432 I zygote  : Using an offset of 0xf54000 from default art base address of 0x70000000
01-02 18:58:22.475   432   432 I zygote  : GenerateImage: /system/bin/dex2oat --image=/data/dalvik-cache/arm/system@framework@boot.art --dex-file=/system/framework/core-oj.jar --dex-file=/system/framework/core-libart.jar --dex-file=/system/framework/conscrypt.jar --dex-file=/system/framework/okhttp.jar --dex-file=/system/framework/legacy-test.jar --dex-file=/system/framework/bouncycastle.jar --dex-file=/system/framework/ext.jar --dex-file=/system/framework/framework.jar --dex-file=/system/framework/telephony-common.jar --dex-file=/system/framework/voip-common.jar --dex-file=/system/framework/ims-common.jar --dex-file=/system/framework/apache-xml.jar --dex-file=/system/framework/org.apache.http.legacy.boot.jar --dex-file=/system/framework/android.hidl.base-V1.0-java.jar --dex-file=/system/framework/android.hidl.manager-V1.0-java.jar --dex-file=/system/framework/telephony-ext.jar --oat-file=/data/dalvik-cache/arm/system@framework@boot.oat --instruction-set=arm --instruction-set-features=div,atomic_ldrd_strd,-armv8a --base=0x70f54000 --runtime-arg -Xms6
01-02 18:58:22.477   513   513 I vndksupport: sphal namespace is not configured for this process. Loading /vendor/lib/hw/audio.primary.default.so from the current namespace instead.
01-02 18:58:22.491   513   513 W DeviceHAL: Device 0xedaf3000 get_master_volume: Function not implemented
01-02 18:58:22.491   513   513 W DeviceHAL: Device 0xedaf3000 get_master_mute: Function not implemented
01-02 18:58:22.491   513   513 W DeviceHAL: Device 0xedaf3000 set_master_volume: Function not implemented
01-02 18:58:22.491   513   513 W DeviceHAL: Device 0xedaf3000 set_master_mute: Function not implemented
01-02 18:58:22.491   513   513 I AudioFlinger: loadHwModule() Loaded primary audio interface, handle 10
01-02 18:58:22.491   513   513 I AudioFlinger: openOutput() this 0xedabd000, module 10 Device 2, SamplingRate 48000, Format 0x000001, Channels 3, flags 2
01-02 18:58:22.491   513   513 I AudioFlinger: HAL output buffer size 1024 frames, normal sink buffer size 1024 frames
01-02 18:58:22.496   513   513 W EffectsFactory: checkLibraryPath() corrected library path /system/lib/soundfx/libbundlewrapper.so to /vendor/lib/soundfx/libbundlewrapper.so
01-02 18:58:22.497   519   519 V MediaUtils: physMem: 2948435968
01-02 18:58:22.497   519   519 V MediaUtils: requested limit: 589687180
01-02 18:58:22.497   519   519 V MediaUtils: actual limit: 589687180
01-02 18:58:22.497   519   519 V MediaUtils: original limits: -1/-1
01-02 18:58:22.497   519   519 V MediaUtils: new limits: 589687180/-1
01-02 18:58:22.497   519   519 I vndksupport: sphal namespace is not configured for this process. Loading libutils.so from the current namespace instead.
01-02 18:58:22.498   513   513 W EffectsFactory: checkLibraryPath() corrected library path /system/lib/soundfx/libreverbwrapper.so to /vendor/lib/soundfx/libreverbwrapper.so
01-02 18:58:22.510   519   519 W /system/bin/mediaextractor: Could not read additional policy file '/vendor/etc/seccomp_policy/mediaextractor.policy'
01-02 18:58:22.510   519   519 W /system/bin/mediaextractor: libminijail[519]: allowing syscall: connect
01-02 18:58:22.510   519   519 W /system/bin/mediaextractor: libminijail[519]: allowing syscall: fcntl
01-02 18:58:22.510   519   519 W /system/bin/mediaextractor: libminijail[519]: allowing syscall: sendto
01-02 18:58:22.510   519   519 W /system/bin/mediaextractor: libminijail[519]: allowing syscall: socket
01-02 18:58:22.510   519   519 W /system/bin/mediaextractor: libminijail[519]: allowing syscall: writev
01-02 18:58:22.511   519   519 W /system/bin/mediaextractor: libminijail[519]: compile_file: nonexistent syscall '_llseek'
01-02 18:58:22.511   519   519 W /system/bin/mediaextractor: libminijail[519]: logging seccomp filter failures
01-02 18:58:22.524   513   513 W EffectsFactory: checkLibraryPath() corrected library path /system/lib/soundfx/libvisualizer.so to /vendor/lib/soundfx/libvisualizer.so
01-02 18:58:22.526   513   513 W EffectsFactory: loadLibrary() could not find library /system/lib/soundfx/libqcomvisualizer.so
01-02 18:58:22.526   513   513 W EffectsFactory: checkLibraryPath() corrected library path /system/lib/soundfx/libdownmix.so to /vendor/lib/soundfx/libdownmix.so
01-02 18:58:22.527   513   513 W EffectsFactory: checkLibraryPath() corrected library path /system/lib/soundfx/libldnhncr.so to /vendor/lib/soundfx/libldnhncr.so
01-02 18:58:22.528   513   513 W EffectsFactory: checkLibraryPath() corrected library path /system/lib/soundfx/libeffectproxy.so to /vendor/lib/soundfx/libeffectproxy.so
01-02 18:58:22.530   513   513 W EffectsFactory: loadLibrary() could not find library /system/lib/soundfx/libqcompostprocbundle.so
01-02 18:58:22.530   513   513 W EffectsFactory: loadLibrary() could not find library /system/lib/soundfx/libqcomvoiceprocessing.so
01-02 18:58:22.530   513   513 W EffectsFactory: addSubEffect() could not get library offload_bundle
01-02 18:58:22.530   513   513 W EffectsFactory: loadEffect() could not add subEffect 
01-02 18:58:22.530   513   513 W EffectsFactory: addSubEffect() could not get library offload_bundle
01-02 18:58:22.530   513   513 W EffectsFactory: loadEffect() could not add subEffect 
01-02 18:58:22.530   513   513 W EffectsFactory: addSubEffect() could not get library offload_bundle
01-02 18:58:22.530   513   513 W EffectsFactory: loadEffect() could not add subEffect 
01-02 18:58:22.530   513   513 W EffectsFactory: addSubEffect() could not get library offload_bundle
01-02 18:58:22.530   513   513 W EffectsFactory: loadEffect() could not add subEffect 
01-02 18:58:22.530   513   513 W EffectsFactory: addSubEffect() could not get library offload_bundle
01-02 18:58:22.530   513   513 W EffectsFactory: loadEffect() could not add subEffect 
01-02 18:58:22.530   513   513 W EffectsFactory: addSubEffect() could not get library offload_bundle
01-02 18:58:22.530   513   513 W EffectsFactory: loadEffect() could not add subEffect 
01-02 18:58:22.530   513   513 W EffectsFactory: addSubEffect() could not get library offload_bundle
01-02 18:58:22.530   513   513 W EffectsFactory: loadEffect() could not add subEffect 
01-02 18:58:22.530   513   513 W EffectsFactory: addSubEffect() could not get library visualizer_hw
01-02 18:58:22.530   513   513 W EffectsFactory: loadEffect() could not add subEffect 
01-02 18:58:22.530   513   513 W EffectsFactory: loadEffect() could not get library offload_bundle
01-02 18:58:22.530   513   513 W EffectsFactory: loadEffect() could not get library audio_pre_processing
01-02 18:58:22.530   513   513 W EffectsFactory: loadEffect() could not get library audio_pre_processing
01-02 18:58:22.531   513   513 I BufferProvider: found effect "Multichannel Downmix To Stereo" from The Android Open Source Project
01-02 18:58:22.531   513   513 I AudioFlinger: Using module 10 as the primary audio interface
01-02 18:58:22.531   513   513 W AudioFlinger: moveEffects() bad srcOutput 0
01-02 18:58:22.539   513   638 I AudioFlinger: AudioFlinger's thread 0xecc83e00 tid=638 ready to run
01-02 18:58:22.539   513   638 W AudioFlinger: no wake lock to update, system not ready yet
01-02 18:58:22.539   513   638 W AudioFlinger: no wake lock to update, system not ready yet
01-02 18:58:22.539   513   623 W DeviceHAL: Device 0xedaf3000 set_voice_volume: Function not implemented
01-02 18:58:22.540   513   513 W APM_AudioPolicyManager: Output profile contains no device on module primary
01-02 18:58:22.540   513   513 I AudioFlinger: openOutput() this 0xedabd000, module 10 Device 2, SamplingRate 48000, Format 0x000001, Channels 3, flags 8
01-02 18:58:22.540   513   513 I AudioFlinger: HAL output buffer size 1024 frames, normal sink buffer size 1024 frames
01-02 18:58:22.542   521   521 I mediaserver: ServiceManager: 0xe7b175e0
01-02 18:58:22.542   521   521 W BatteryNotifier: batterystats service unavailable!
01-02 18:58:22.546   503   503 I irsc_util: file_parser Invalid Format - '256:4294967295
01-02 18:58:22.546   503   503 I irsc_util: '
01-02 18:58:22.546   503   503 I irsc_util: file_parser Invalid Format - '257:4294967295
01-02 18:58:22.546   503   503 I irsc_util: '
01-02 18:58:22.546   503   503 I irsc_util: file_parser Invalid Format - '258:4294967295
01-02 18:58:22.546   503   503 I irsc_util: '
01-02 18:58:22.546   503   503 I irsc_util: file_parser Invalid Format - '259:4294967295
01-02 18:58:22.546   503   503 I irsc_util: '
01-02 18:58:22.546   503   503 I irsc_util: file_parser Invalid Format - '260:4294967295
01-02 18:58:22.546   503   503 I irsc_util: '
01-02 18:58:22.546   503   503 I irsc_util: file_parser Invalid Format - '261:4294967295
01-02 18:58:22.546   503   503 I irsc_util: '
01-02 18:58:22.546   503   503 I irsc_util: file_parser Invalid Format - '262:4294967295
01-02 18:58:22.546   503   503 I irsc_util: '
01-02 18:58:22.546   503   503 I irsc_util: file_parser Invalid Format - '263:4294967295
01-02 18:58:22.546   503   503 I irsc_util: '
01-02 18:58:22.546   503   503 I irsc_util: file_parser Invalid Format - '264:4294967295
01-02 18:58:22.546   503   503 I irsc_util: '
01-02 18:58:22.546   503   503 I irsc_util: file_parser Invalid Format - '265:4294967295
01-02 18:58:22.546   503   503 I irsc_util: '
01-02 18:58:22.546   503   503 I irsc_util: file_parser Invalid Format - '266:4294967295
01-02 18:58:22.546   503   503 I irsc_util: '
01-02 18:58:22.546   503   503 I irsc_util: file_parser Invalid Format - '267:4294967295
01-02 18:58:22.546   503   503 I irsc_util: '
01-02 18:58:22.546   503   503 I irsc_util: file_parser Invalid Format - '268:4294967295
01-02 18:58:22.546   503   503 I irsc_util: '
01-02 18:58:22.546   503   503 I irsc_util: file_parser Invalid Format - '269:4294967295
01-02 18:58:22.546   503   503 I irsc_util: '
01-02 18:58:22.546   503   503 I irsc_util: file_parser Invalid Format - '270:4294967295
01-02 18:58:22.546   503   503 I irsc_util: '
01-02 18:58:22.546   503   503 I irsc_util: file_parser Invalid Format - '271:4294967295
01-02 18:58:22.546   503   503 I irsc_util: '
01-02 18:58:22.546   503   503 I irsc_util: file_parser Invalid Format - '272:4294967295
01-02 18:58:22.546   503   503 I irsc_util: '
01-02 18:58:22.546   503   503 I irsc_util: file_parser Invalid Format - '273:4294967295
01-02 18:58:22.546   503   503 I irsc_util: '
01-02 18:58:22.546   503   503 I irsc_util: file_parser Invalid Format - '274:4294967295
01-02 18:58:22.546   503   503 I irsc_util: '
01-02 18:58:22.546   503   503 I irsc_util: file_parser Invalid Format - '275:4294967295
01-02 18:58:22.546   503   503 I irsc_util: '
01-02 18:58:22.546   503   503 I irsc_util: file_parser Invalid Format - '276:4294967295
01-02 18:58:22.546   503   503 I irsc_util: '
01-02 18:58:22.546   503   503 I irsc_util: file_parser Invalid Format - '277:4294967295
01-02 18:58:22.546   503   503 I irsc_util: '
01-02 18:58:22.546   503   503 I irsc_util: file_parser Invalid Format - '278:4294967295
01-02 18:58:22.546   503   503 I irsc_util: '
01-02 18:58:22.546   503   503 I irsc_util: file_parser Invalid Format - '279:4294967295
01-02 18:58:22.546   503   503 I irsc_util: '
01-02 18:58:22.546   503   503 I irsc_util: file_parser Invalid Format - '280:4294967295
01-02 18:58:22.546   503   503 I irsc_util: '
01-02 18:58:22.546   503   503 I irsc_util: file_parser Invalid Format - '281:4294967295
01-02 18:58:22.546   503   503 I irsc_util: '
01-02 18:58:22.546   503   503 I irsc_util: file_parser Invalid Format - '282:4294967295
01-02 18:58:22.546   503   503 I irsc_util: '
01-02 18:58:22.546   503   503 I irsc_util: file_parser Invalid Format - '283:4294967295
01-02 18:58:22.546   503   503 I irsc_util: '
01-02 18:58:22.546   503   503 I irsc_util: file_parser Invalid Format - '284:4294967295
01-02 18:58:22.546   503   503 I irsc_util: '
01-02 18:58:22.546   503   503 I irsc_util: file_parser Invalid Format - '285:4294967295
01-02 18:58:22.546   503   503 I irsc_util: '
01-02 18:58:22.546   503   503 I irsc_util: file_parser Invalid Format - '286:4294967295
01-02 18:58:22.546   503   503 I irsc_util: '
01-02 18:58:22.546   503   503 I irsc_util: file_parser Invalid Format - '287:4294967295
01-02 18:58:22.546   503   503 I irsc_util: '
01-02 18:58:22.546   503   503 I irsc_util: file_parser Invalid Format - '288:4294967295
01-02 18:58:22.546   503   503 I irsc_util: '
01-02 18:58:22.546   503   503 I irsc_util: file_parser Invalid Format - '289:4294967295
01-02 18:58:22.546   503   503 I irsc_util: '
01-02 18:58:22.546   503   503 I irsc_util: file_parser Invalid Format - '290:4294967295
01-02 18:58:22.546   503   503 I irsc_util: '
01-02 18:58:22.546   503   503 I irsc_util: file_parser Invalid Format - '291:4294967295
01-02 18:58:22.546   503   503 I irsc_util: '
01-02 18:58:22.546   503   503 I irsc_util: file_parser Invalid Format - '292:4294967295
01-02 18:58:22.546   503   503 I irsc_util: '
01-02 18:58:22.546   503   503 I irsc_util: file_parser Invalid Format - '293:4294967295
01-02 18:58:22.546   503   503 I irsc_util: '
01-02 18:58:22.546   503   503 I irsc_util: file_parser Invalid Format - '294:4294967295
01-02 18:58:22.546   503   503 I irsc_util: '
01-02 18:58:22.546   503   503 I irsc_util: file_parser Invalid Format - '295:4294967295
01-02 18:58:22.546   503   503 I irsc_util: '
01-02 18:58:22.546   503   503 I irsc_util: file_parser Invalid Format - '296:4294967295
01-02 18:58:22.546   503   503 I irsc_util: '
01-02 18:58:22.546   503   503 I irsc_util: file_parser Invalid Format - '297:4294967295
01-02 18:58:22.546   503   503 I irsc_util: '
01-02 18:58:22.546   503   503 I irsc_util: file_parser Invalid Format - '298:4294967295
01-02 18:58:22.546   503   503 I irsc_util: '
01-02 18:58:22.546   503   503 I irsc_util: file_parser Invalid Format - '299:4294967295
01-02 18:58:22.546   503   503 I irsc_util: '
01-02 18:58:22.546   503   503 I irsc_util: file_parser Invalid Format - '300:4294967295
01-02 18:58:22.546   503   503 I irsc_util: '
01-02 18:58:22.546   503   503 I irsc_util: file_parser Invalid Format - '301:4294967295
01-02 18:58:22.546   503   503 I irsc_util: '
01-02 18:58:22.546   503   503 I irsc_util: file_parser Invalid Format - '302:4294967295
01-02 18:58:22.546   503   503 I irsc_util: '
01-02 18:58:22.546   503   503 I irsc_util: file_parser Invalid Format - '303:4294967295
01-02 18:58:22.546   503   503 I irsc_util: '
01-02 18:58:22.546   503   503 I irsc_util: file_parser Invalid Format - '304:4294967295
01-02 18:58:22.546   503   503 I irsc_util: '
01-02 18:58:22.546   503   503 I irsc_util: file_parser Invalid Format - '305:4294967295
01-02 18:58:22.546   503   503 I irsc_util: '
01-02 18:58:22.546   503   503 I irsc_util: file_parser Invalid Format - '306:4294967295
01-02 18:58:22.546   503   503 I irsc_util: '
01-02 18:58:22.546   503   503 I irsc_util: file_parser Invalid Format - '307:4294967295
01-02 18:58:22.546   503   503 I irsc_util: '
01-02 18:58:22.546   503   503 I irsc_util: file_parser Invalid Format - '308:4294967295
01-02 18:58:22.546   503   503 I irsc_util: '
01-02 18:58:22.546   503   503 I irsc_util: file_parser Invalid Format - '309:4294967295
01-02 18:58:22.546   503   503 I irsc_util: '
01-02 18:58:22.546   503   503 I irsc_util: file_parser Invalid Format - '310:4294967295
01-02 18:58:22.546   503   503 I irsc_util: '
01-02 18:58:22.546   503   503 I irsc_util: file_parser Invalid Format - '311:4294967295
01-02 18:58:22.546   503   503 I irsc_util: '
01-02 18:58:22.546   503   503 I irsc_util: file_parser Invalid Format - '312:4294967295
01-02 18:58:22.546   503   503 I irsc_util: '
01-02 18:58:22.546   503   503 I irsc_util: file_parser Invalid Format - '313:4294967295
01-02 18:58:22.546   503   503 I irsc_util: '
01-02 18:58:22.546   503   503 I irsc_util: file_parser Invalid Format - '314:4294967295
01-02 18:58:22.546   503   503 I irsc_util: '
01-02 18:58:22.546   503   503 I irsc_util: file_parser Invalid Format - '315:4294967295
01-02 18:58:22.546   503   503 I irsc_util: '
01-02 18:58:22.546   503   503 I irsc_util: file_parser Invalid Format - '316:4294967295
01-02 18:58:22.546   503   503 I irsc_util: '
01-02 18:58:22.546   503   503 I irsc_util: file_parser Invalid Format - '317:4294967295
01-02 18:58:22.546   503   503 I irsc_util: '
01-02 18:58:22.547   503   503 I irsc_util: file_parser Invalid Format - '318:4294967295
01-02 18:58:22.547   503   503 I irsc_util: '
01-02 18:58:22.547   503   503 I irsc_util: file_parser Invalid Format - '319:4294967295
01-02 18:58:22.547   503   503 I irsc_util: '
01-02 18:58:22.547   503   503 I irsc_util: file_parser Invalid Format - '320:4294967295
01-02 18:58:22.547   503   503 I irsc_util: '
01-02 18:58:22.547   503   503 I irsc_util: file_parser Invalid Format - '321:4294967295
01-02 18:58:22.547   503   503 I irsc_util: '
01-02 18:58:22.547   503   503 I irsc_util: file_parser Invalid Format - '322:4294967295
01-02 18:58:22.547   503   503 I irsc_util: '
01-02 18:58:22.547   503   503 I irsc_util: file_parser Invalid Format - '323:4294967295
01-02 18:58:22.547   503   503 I irsc_util: '
01-02 18:58:22.547   503   503 I irsc_util: file_parser Invalid Format - '324:4294967295
01-02 18:58:22.547   503   503 I irsc_util: '
01-02 18:58:22.547   503   503 I irsc_util: file_parser Invalid Format - '325:4294967295
01-02 18:58:22.547   503   503 I irsc_util: '
01-02 18:58:22.547   503   503 I irsc_util: file_parser Invalid Format - '326:4294967295
01-02 18:58:22.547   503   503 I irsc_util: '
01-02 18:58:22.547   503   503 I irsc_util: file_parser Invalid Format - '327:4294967295
01-02 18:58:22.547   503   503 I irsc_util: '
01-02 18:58:22.547   503   503 I irsc_util: file_parser Invalid Format - '328:4294967295
01-02 18:58:22.547   503   503 I irsc_util: '
01-02 18:58:22.547   503   503 I irsc_util: file_parser Invalid Format - '329:4294967295
01-02 18:58:22.547   503   503 I irsc_util: '
01-02 18:58:22.547   503   503 I irsc_util: file_parser Invalid Format - '330:4294967295
01-02 18:58:22.547   503   503 I irsc_util: '
01-02 18:58:22.547   503   503 I irsc_util: file_parser Invalid Format - '331:4294967295
01-02 18:58:22.547   503   503 I irsc_util: '
01-02 18:58:22.547   503   503 I irsc_util: file_parser Invalid Format - '332:4294967295
01-02 18:58:22.547   503   503 I irsc_util: '
01-02 18:58:22.547   503   503 I irsc_util: file_parser Invalid Format - '333:4294967295
01-02 18:58:22.547   503   503 I irsc_util: '
01-02 18:58:22.547   503   503 I irsc_util: file_parser Invalid Format - '334:4294967295
01-02 18:58:22.547   503   503 I irsc_util: '
01-02 18:58:22.547   503   503 I irsc_util: file_parser Invalid Format - '335:4294967295
01-02 18:58:22.547   503   503 I irsc_util: '
01-02 18:58:22.547   503   503 I irsc_util: file_parser Invalid Format - '336:4294967295
01-02 18:58:22.547   503   503 I irsc_util: '
01-02 18:58:22.547   503   503 I irsc_util: file_parser Invalid Format - '337:4294967295
01-02 18:58:22.547   503   503 I irsc_util: '
01-02 18:58:22.547   503   503 I irsc_util: file_parser Invalid Format - '338:4294967295
01-02 18:58:22.547   503   503 I irsc_util: '
01-02 18:58:22.547   503   503 I irsc_util: file_parser Invalid Format - '339:4294967295
01-02 18:58:22.547   503   503 I irsc_util: '
01-02 18:58:22.547   503   503 I irsc_util: file_parser Invalid Format - '340:4294967295
01-02 18:58:22.547   503   503 I irsc_util: '
01-02 18:58:22.547   503   503 I irsc_util: file_parser Invalid Format - '341:4294967295
01-02 18:58:22.547   503   503 I irsc_util: '
01-02 18:58:22.547   503   503 I irsc_util: file_parser Invalid Format - '342:4294967295
01-02 18:58:22.547   503   503 I irsc_util: '
01-02 18:58:22.547   503   503 I irsc_util: file_parser Invalid Format - '343:4294967295
01-02 18:58:22.547   503   503 I irsc_util: '
01-02 18:58:22.547   503   503 I irsc_util: file_parser Invalid Format - '344:4294967295
01-02 18:58:22.547   503   503 I irsc_util: '
01-02 18:58:22.547   503   503 I irsc_util: file_parser Invalid Format - '345:4294967295
01-02 18:58:22.547   503   503 I irsc_util: '
01-02 18:58:22.547   503   503 I irsc_util: file_parser Invalid Format - '346:4294967295
01-02 18:58:22.547   503   503 I irsc_util: '
01-02 18:58:22.547   503   503 I irsc_util: file_parser Invalid Format - '347:4294967295
01-02 18:58:22.547   503   503 I irsc_util: '
01-02 18:58:22.547   503   503 I irsc_util: file_parser Invalid Format - '348:4294967295
01-02 18:58:22.547   503   503 I irsc_util: '
01-02 18:58:22.547   503   503 I irsc_util: file_parser Invalid Format - '349:4294967295
01-02 18:58:22.547   503   503 I irsc_util: '
01-02 18:58:22.547   503   503 I irsc_util: file_parser Invalid Format - '350:4294967295
01-02 18:58:22.547   503   503 I irsc_util: '
01-02 18:58:22.547   503   503 I irsc_util: file_parser Invalid Format - '351:4294967295
01-02 18:58:22.547   503   503 I irsc_util: '
01-02 18:58:22.547   503   503 I irsc_util: file_parser Invalid Format - '352:4294967295
01-02 18:58:22.547   503   503 I irsc_util: '
01-02 18:58:22.547   503   503 I irsc_util: file_parser Invalid Format - '353:4294967295
01-02 18:58:22.547   503   503 I irsc_util: '
01-02 18:58:22.547   503   503 I irsc_util: file_parser Invalid Format - '354:4294967295
01-02 18:58:22.547   503   503 I irsc_util: '
01-02 18:58:22.547   503   503 I irsc_util: file_parser Invalid Format - '355:4294967295
01-02 18:58:22.547   503   503 I irsc_util: '
01-02 18:58:22.547   503   503 I irsc_util: file_parser Invalid Format - '356:4294967295
01-02 18:58:22.547   503   503 I irsc_util: '
01-02 18:58:22.547   503   503 I irsc_util: file_parser Invalid Format - '357:4294967295
01-02 18:58:22.547   503   503 I irsc_util: '
01-02 18:58:22.547   503   503 I irsc_util: file_parser Invalid Format - '358:4294967295
01-02 18:58:22.547   503   503 I irsc_util: '
01-02 18:58:22.547   503   503 I irsc_util: file_parser Invalid Format - '359:4294967295
01-02 18:58:22.547   503   503 I irsc_util: '
01-02 18:58:22.547   503   503 I irsc_util: file_parser Invalid Format - '360:4294967295
01-02 18:58:22.547   503   503 I irsc_util: '
01-02 18:58:22.547   503   503 I irsc_util: file_parser Invalid Format - '361:4294967295
01-02 18:58:22.547   503   503 I irsc_util: '
01-02 18:58:22.547   503   503 I irsc_util: file_parser Invalid Format - '362:4294967295
01-02 18:58:22.547   503   503 I irsc_util: '
01-02 18:58:22.547   503   503 I irsc_util: file_parser Invalid Format - '363:4294967295
01-02 18:58:22.547   503   503 I irsc_util: '
01-02 18:58:22.547   503   503 I irsc_util: file_parser Invalid Format - '364:4294967295
01-02 18:58:22.547   503   503 I irsc_util: '
01-02 18:58:22.547   503   503 I irsc_util: file_parser Invalid Format - '365:4294967295
01-02 18:58:22.547   503   503 I irsc_util: '
01-02 18:58:22.547   503   503 I irsc_util: file_parser Invalid Format - '366:4294967295
01-02 18:58:22.547   503   503 I irsc_util: '
01-02 18:58:22.547   503   503 I irsc_util: file_parser Invalid Format - '367:4294967295
01-02 18:58:22.547   503   503 I irsc_util: '
01-02 18:58:22.547   503   503 I irsc_util: file_parser Invalid Format - '368:4294967295
01-02 18:58:22.547   503   503 I irsc_util: '
01-02 18:58:22.547   503   503 I irsc_util: file_parser Invalid Format - '369:4294967295
01-02 18:58:22.547   503   503 I irsc_util: '
01-02 18:58:22.547   503   503 I irsc_util: file_parser Invalid Format - '370:4294967295
01-02 18:58:22.547   503   503 I irsc_util: '
01-02 18:58:22.547   503   503 I irsc_util: file_parser Invalid Format - '371:4294967295
01-02 18:58:22.547   503   503 I irsc_util: '
01-02 18:58:22.547   503   503 I irsc_util: file_parser Invalid Format - '372:4294967295
01-02 18:58:22.547   503   503 I irsc_util: '
01-02 18:58:22.547   503   503 I irsc_util: file_parser Invalid Format - '373:4294967295
01-02 18:58:22.547   503   503 I irsc_util: '
01-02 18:58:22.547   503   503 I irsc_util: file_parser Invalid Format - '374:4294967295
01-02 18:58:22.547   503   503 I irsc_util: '
01-02 18:58:22.547   503   503 I irsc_util: file_parser Invalid Format - '375:4294967295
01-02 18:58:22.547   503   503 I irsc_util: '
01-02 18:58:22.547   503   503 I irsc_util: file_parser Invalid Format - '376:4294967295
01-02 18:58:22.547   503   503 I irsc_util: '
01-02 18:58:22.547   503   503 I irsc_util: file_parser Invalid Format - '377:4294967295
01-02 18:58:22.547   503   503 I irsc_util: '
01-02 18:58:22.547   503   503 I irsc_util: file_parser Invalid Format - '378:4294967295
01-02 18:58:22.547   503   503 I irsc_util: '
01-02 18:58:22.547   503   503 I irsc_util: file_parser Invalid Format - '379:4294967295
01-02 18:58:22.547   503   503 I irsc_util: '
01-02 18:58:22.547   503   503 I irsc_util: file_parser Invalid Format - '380:4294967295
01-02 18:58:22.547   503   503 I irsc_util: '
01-02 18:58:22.547   503   503 I irsc_util: file_parser Invalid Format - '381:4294967295
01-02 18:58:22.547   503   503 I irsc_util: '
01-02 18:58:22.547   503   503 I irsc_util: file_parser Invalid Format - '382:4294967295
01-02 18:58:22.547   503   503 I irsc_util: '
01-02 18:58:22.547   503   503 I irsc_util: file_parser Invalid Format - '383:4294967295
01-02 18:58:22.547   503   503 I irsc_util: '
01-02 18:58:22.547   503   503 I irsc_util: file_parser Invalid Format - '384:4294967295
01-02 18:58:22.547   503   503 I irsc_util: '
01-02 18:58:22.547   503   503 I irsc_util: file_parser Invalid Format - '385:4294967295
01-02 18:58:22.547   503   503 I irsc_util: '
01-02 18:58:22.547   503   503 I irsc_util: file_parser Invalid Format - '386:4294967295
01-02 18:58:22.547   503   503 I irsc_util: '
01-02 18:58:22.547   503   503 I irsc_util: file_parser Invalid Format - '387:4294967295
01-02 18:58:22.547   503   503 I irsc_util: '
01-02 18:58:22.547   503   503 I irsc_util: file_parser Invalid Format - '388:4294967295
01-02 18:58:22.547   503   503 I irsc_util: '
01-02 18:58:22.547   503   503 I irsc_util: file_parser Invalid Format - '389:4294967295
01-02 18:58:22.547   503   503 I irsc_util: '
01-02 18:58:22.547   503   503 I irsc_util: file_parser Invalid Format - '390:4294967295
01-02 18:58:22.547   503   503 I irsc_util: '
01-02 18:58:22.547   503   503 I irsc_util: file_parser Invalid Format - '391:4294967295
01-02 18:58:22.547   503   503 I irsc_util: '
01-02 18:58:22.547   503   503 I irsc_util: file_parser Invalid Format - '392:4294967295
01-02 18:58:22.547   503   503 I irsc_util: '
01-02 18:58:22.547   503   503 I irsc_util: file_parser Invalid Format - '393:4294967295
01-02 18:58:22.547   503   503 I irsc_util: '
01-02 18:58:22.547   503   503 I irsc_util: file_parser Invalid Format - '394:4294967295
01-02 18:58:22.547   503   503 I irsc_util: '
01-02 18:58:22.547   503   503 I irsc_util: file_parser Invalid Format - '395:4294967295
01-02 18:58:22.547   503   503 I irsc_util: '
01-02 18:58:22.547   503   503 I irsc_util: file_parser Invalid Format - '396:4294967295
01-02 18:58:22.547   503   503 I irsc_util: '
01-02 18:58:22.547   503   503 I irsc_util: file_parser Invalid Format - '397:4294967295
01-02 18:58:22.547   503   503 I irsc_util: '
01-02 18:58:22.547   503   503 I irsc_util: file_parser Invalid Format - '398:4294967295
01-02 18:58:22.547   503   503 I irsc_util: '
01-02 18:58:22.547   503   503 I irsc_util: file_parser Invalid Format - '399:4294967295
01-02 18:58:22.547   503   503 I irsc_util: '
01-02 18:58:22.547   503   503 I irsc_util: file_parser Invalid Format - '400:4294967295
01-02 18:58:22.547   503   503 I irsc_util: '
01-02 18:58:22.547   503   503 I irsc_util: file_parser Invalid Format - '401:4294967295
01-02 18:58:22.547   503   503 I irsc_util: '
01-02 18:58:22.547   503   503 I irsc_util: file_parser Invalid Format - '402:4294967295
01-02 18:58:22.547   503   503 I irsc_util: '
01-02 18:58:22.547   503   503 I irsc_util: file_parser Invalid Format - '403:4294967295
01-02 18:58:22.547   503   503 I irsc_util: '
01-02 18:58:22.547   503   503 I irsc_util: file_parser Invalid Format - '404:4294967295
01-02 18:58:22.547   503   503 I irsc_util: '
01-02 18:58:22.547   503   503 I irsc_util: file_parser Invalid Format - '405:4294967295
01-02 18:58:22.547   503   503 I irsc_util: '
01-02 18:58:22.547   503   503 I irsc_util: file_parser Invalid Format - '406:4294967295
01-02 18:58:22.547   503   503 I irsc_util: '
01-02 18:58:22.547   503   503 I irsc_util: file_parser Invalid Format - '407:4294967295
01-02 18:58:22.547   503   503 I irsc_util: '
01-02 18:58:22.547   503   503 I irsc_util: file_parser Invalid Format - '408:4294967295
01-02 18:58:22.547   503   503 I irsc_util: '
01-02 18:58:22.547   503   503 I irsc_util: file_parser Invalid Format - '409:4294967295
01-02 18:58:22.547   503   503 I irsc_util: '
01-02 18:58:22.547   503   503 I irsc_util: file_parser Invalid Format - '410:4294967295
01-02 18:58:22.547   503   503 I irsc_util: '
01-02 18:58:22.547   503   503 I irsc_util: file_parser Invalid Format - '411:4294967295
01-02 18:58:22.547   503   503 I irsc_util: '
01-02 18:58:22.547   503   503 I irsc_util: file_parser Invalid Format - '412:4294967295
01-02 18:58:22.547   503   503 I irsc_util: '
01-02 18:58:22.547   503   503 I irsc_util: file_parser Invalid Format - '413:4294967295
01-02 18:58:22.547   503   503 I irsc_util: '
01-02 18:58:22.547   503   503 I irsc_util: file_parser Invalid Format - '414:4294967295
01-02 18:58:22.547   503   503 I irsc_util: '
01-02 18:58:22.547   503   503 I irsc_util: file_parser Invalid Format - '415:4294967295
01-02 18:58:22.547   503   503 I irsc_util: '
01-02 18:58:22.547   503   503 I irsc_util: file_parser Invalid Format - '416:4294967295
01-02 18:58:22.547   503   503 I irsc_util: '
01-02 18:58:22.547   503   503 I irsc_util: file_parser Invalid Format - '417:4294967295
01-02 18:58:22.547   503   503 I irsc_util: '
01-02 18:58:22.547   503   503 I irsc_util: file_parser Invalid Format - '418:4294967295
01-02 18:58:22.547   503   503 I irsc_util: '
01-02 18:58:22.547   503   503 I irsc_util: file_parser Invalid Format - '419:4294967295
01-02 18:58:22.547   503   503 I irsc_util: '
01-02 18:58:22.547   503   503 I irsc_util: file_parser Invalid Format - '420:4294967295
01-02 18:58:22.547   503   503 I irsc_util: '
01-02 18:58:22.547   503   503 I irsc_util: file_parser Invalid Format - '421:4294967295
01-02 18:58:22.547   503   503 I irsc_util: '
01-02 18:58:22.547   503   503 I irsc_util: file_parser Invalid Format - '422:4294967295
01-02 18:58:22.547   503   503 I irsc_util: '
01-02 18:58:22.548   503   503 I irsc_util: file_parser Invalid Format - '423:4294967295
01-02 18:58:22.548   503   503 I irsc_util: '
01-02 18:58:22.548   503   503 I irsc_util: file_parser Invalid Format - '424:4294967295
01-02 18:58:22.548   503   503 I irsc_util: '
01-02 18:58:22.548   503   503 I irsc_util: file_parser Invalid Format - '425:4294967295
01-02 18:58:22.548   503   503 I irsc_util: '
01-02 18:58:22.548   503   503 I irsc_util: file_parser Invalid Format - '426:4294967295
01-02 18:58:22.548   503   503 I irsc_util: '
01-02 18:58:22.548   503   503 I irsc_util: file_parser Invalid Format - '427:4294967295
01-02 18:58:22.548   503   503 I irsc_util: '
01-02 18:58:22.548   503   503 I irsc_util: file_parser Invalid Format - '428:4294967295
01-02 18:58:22.548   503   503 I irsc_util: '
01-02 18:58:22.548   503   503 I irsc_util: file_parser Invalid Format - '429:4294967295
01-02 18:58:22.548   503   503 I irsc_util: '
01-02 18:58:22.548   503   503 I irsc_util: file_parser Invalid Format - '430:4294967295
01-02 18:58:22.548   503   503 I irsc_util: '
01-02 18:58:22.548   503   503 I irsc_util: file_parser Invalid Format - '431:4294967295
01-02 18:58:22.548   503   503 I irsc_util: '
01-02 18:58:22.548   503   503 I irsc_util: file_parser Invalid Format - '432:4294967295
01-02 18:58:22.548   503   503 I irsc_util: '
01-02 18:58:22.548   503   503 I irsc_util: file_parser Invalid Format - '433:4294967295
01-02 18:58:22.548   503   503 I irsc_util: '
01-02 18:58:22.548   503   503 I irsc_util: file_parser Invalid Format - '434:4294967295
01-02 18:58:22.548   503   503 I irsc_util: '
01-02 18:58:22.548   503   503 I irsc_util: file_parser Invalid Format - '435:4294967295
01-02 18:58:22.548   503   503 I irsc_util: '
01-02 18:58:22.548   503   503 I irsc_util: file_parser Invalid Format - '436:4294967295
01-02 18:58:22.548   503   503 I irsc_util: '
01-02 18:58:22.548   503   503 I irsc_util: file_parser Invalid Format - '437:4294967295
01-02 18:58:22.548   503   503 I irsc_util: '
01-02 18:58:22.548   503   503 I irsc_util: file_parser Invalid Format - '438:4294967295
01-02 18:58:22.548   503   503 I irsc_util: '
01-02 18:58:22.548   503   503 I irsc_util: file_parser Invalid Format - '439:4294967295
01-02 18:58:22.548   503   503 I irsc_util: '
01-02 18:58:22.548   503   503 I irsc_util: file_parser Invalid Format - '440:4294967295
01-02 18:58:22.548   503   503 I irsc_util: '
01-02 18:58:22.549   513   641 I AudioFlinger: AudioFlinger's thread 0xec783600 tid=641 ready to run
01-02 18:58:22.549   513   641 W AudioFlinger: no wake lock to update, system not ready yet
01-02 18:58:22.549   513   641 W AudioFlinger: no wake lock to update, system not ready yet
01-02 18:58:22.550   513   513 I AudioFlinger: openOutput() this 0xedabd000, module 10 Device 2, SamplingRate 48000, Format 0x000001, Channels 3, flags 4
01-02 18:58:22.550   513   513 I AudioFlinger: HAL output buffer size 1024 frames, normal sink buffer size 1024 frames
01-02 18:58:22.551   503   503 I irsc_util: file_parser Invalid Format - '441:4294967295
01-02 18:58:22.551   503   503 I irsc_util: '
01-02 18:58:22.551   503   503 I irsc_util: file_parser Invalid Format - '442:4294967295
01-02 18:58:22.551   503   503 I irsc_util: '
01-02 18:58:22.551   503   503 I irsc_util: file_parser Invalid Format - '443:4294967295
01-02 18:58:22.551   503   503 I irsc_util: '
01-02 18:58:22.551   503   503 I irsc_util: file_parser Invalid Format - '444:4294967295
01-02 18:58:22.551   503   503 I irsc_util: '
01-02 18:58:22.551   503   503 I irsc_util: file_parser Invalid Format - '445:4294967295
01-02 18:58:22.551   503   503 I irsc_util: '
01-02 18:58:22.551   503   503 I irsc_util: file_parser Invalid Format - '446:4294967295
01-02 18:58:22.551   503   503 I irsc_util: '
01-02 18:58:22.551   503   503 I irsc_util: file_parser Invalid Format - '447:4294967295
01-02 18:58:22.551   503   503 I irsc_util: '
01-02 18:58:22.551   503   503 I irsc_util: file_parser Invalid Format - '448:4294967295
01-02 18:58:22.551   503   503 I irsc_util: '
01-02 18:58:22.551   503   503 I irsc_util: file_parser Invalid Format - '449:4294967295
01-02 18:58:22.551   503   503 I irsc_util: '
01-02 18:58:22.551   503   503 I irsc_util: file_parser Invalid Format - '450:4294967295
01-02 18:58:22.551   503   503 I irsc_util: '
01-02 18:58:22.551   503   503 I irsc_util: file_parser Invalid Format - '451:4294967295
01-02 18:58:22.551   503   503 I irsc_util: '
01-02 18:58:22.551   503   503 I irsc_util: file_parser Invalid Format - '452:4294967295
01-02 18:58:22.551   503   503 I irsc_util: '
01-02 18:58:22.551   503   503 I irsc_util: file_parser Invalid Format - '453:4294967295
01-02 18:58:22.551   503   503 I irsc_util: '
01-02 18:58:22.551   503   503 I irsc_util: file_parser Invalid Format - '454:4294967295
01-02 18:58:22.551   503   503 I irsc_util: '
01-02 18:58:22.551   503   503 I irsc_util: file_parser Invalid Format - '455:4294967295
01-02 18:58:22.551   503   503 I irsc_util: '
01-02 18:58:22.551   503   503 I irsc_util: file_parser Invalid Format - '456:4294967295
01-02 18:58:22.551   503   503 I irsc_util: '
01-02 18:58:22.551   503   503 I irsc_util: file_parser Invalid Format - '457:4294967295
01-02 18:58:22.551   503   503 I irsc_util: '
01-02 18:58:22.551   503   503 I irsc_util: file_parser Invalid Format - '458:4294967295
01-02 18:58:22.551   503   503 I irsc_util: '
01-02 18:58:22.551   503   503 I irsc_util: file_parser Invalid Format - '459:4294967295
01-02 18:58:22.551   503   503 I irsc_util: '
01-02 18:58:22.551   503   503 I irsc_util: file_parser Invalid Format - '460:4294967295
01-02 18:58:22.551   503   503 I irsc_util: '
01-02 18:58:22.551   503   503 I irsc_util: file_parser Invalid Format - '461:4294967295
01-02 18:58:22.551   503   503 I irsc_util: '
01-02 18:58:22.551   503   503 I irsc_util: file_parser Invalid Format - '462:4294967295
01-02 18:58:22.551   503   503 I irsc_util: '
01-02 18:58:22.551   503   503 I irsc_util: file_parser Invalid Format - '463:4294967295
01-02 18:58:22.551   503   503 I irsc_util: '
01-02 18:58:22.551   503   503 I irsc_util: file_parser Invalid Format - '464:4294967295
01-02 18:58:22.551   503   503 I irsc_util: '
01-02 18:58:22.552   503   503 I irsc_util: file_parser Invalid Format - '465:4294967295
01-02 18:58:22.552   503   503 I irsc_util: '
01-02 18:58:22.552   503   503 I irsc_util: file_parser Invalid Format - '466:4294967295
01-02 18:58:22.552   503   503 I irsc_util: '
01-02 18:58:22.552   503   503 I irsc_util: file_parser Invalid Format - '467:4294967295
01-02 18:58:22.552   503   503 I irsc_util: '
01-02 18:58:22.552   503   503 I irsc_util: file_parser Invalid Format - '468:4294967295
01-02 18:58:22.552   503   503 I irsc_util: '
01-02 18:58:22.552   503   503 I irsc_util: file_parser Invalid Format - '469:4294967295
01-02 18:58:22.552   503   503 I irsc_util: '
01-02 18:58:22.552   503   503 I irsc_util: file_parser Invalid Format - '470:4294967295
01-02 18:58:22.552   503   503 I irsc_util: '
01-02 18:58:22.552   503   503 I irsc_util: file_parser Invalid Format - '471:4294967295
01-02 18:58:22.552   503   503 I irsc_util: '
01-02 18:58:22.552   503   503 I irsc_util: file_parser Invalid Format - '472:4294967295
01-02 18:58:22.552   503   503 I irsc_util: '
01-02 18:58:22.552   503   503 I irsc_util: file_parser Invalid Format - '473:4294967295
01-02 18:58:22.552   503   503 I irsc_util: '
01-02 18:58:22.552   503   503 I irsc_util: file_parser Invalid Format - '474:4294967295
01-02 18:58:22.552   503   503 I irsc_util: '
01-02 18:58:22.552   503   503 I irsc_util: file_parser Invalid Format - '475:4294967295
01-02 18:58:22.552   503   503 I irsc_util: '
01-02 18:58:22.552   503   503 I irsc_util: file_parser Invalid Format - '476:4294967295
01-02 18:58:22.552   503   503 I irsc_util: '
01-02 18:58:22.552   503   503 I irsc_util: file_parser Invalid Format - '477:4294967295
01-02 18:58:22.552   503   503 I irsc_util: '
01-02 18:58:22.552   503   503 I irsc_util: file_parser Invalid Format - '478:4294967295
01-02 18:58:22.552   503   503 I irsc_util: '
01-02 18:58:22.552   503   503 I irsc_util: file_parser Invalid Format - '479:4294967295
01-02 18:58:22.552   503   503 I irsc_util: '
01-02 18:58:22.552   503   503 I irsc_util: file_parser Invalid Format - '480:4294967295
01-02 18:58:22.552   503   503 I irsc_util: '
01-02 18:58:22.552   503   503 I irsc_util: file_parser Invalid Format - '481:4294967295
01-02 18:58:22.552   503   503 I irsc_util: '
01-02 18:58:22.552   503   503 I irsc_util: file_parser Invalid Format - '482:4294967295
01-02 18:58:22.552   503   503 I irsc_util: '
01-02 18:58:22.552   503   503 I irsc_util: file_parser Invalid Format - '483:4294967295
01-02 18:58:22.552   503   503 I irsc_util: '
01-02 18:58:22.552   503   503 I irsc_util: file_parser Invalid Format - '484:4294967295
01-02 18:58:22.552   503   503 I irsc_util: '
01-02 18:58:22.552   503   503 I irsc_util: file_parser Invalid Format - '485:4294967295
01-02 18:58:22.552   503   503 I irsc_util: '
01-02 18:58:22.552   503   503 I irsc_util: file_parser Invalid Format - '486:4294967295
01-02 18:58:22.552   503   503 I irsc_util: '
01-02 18:58:22.552   503   503 I irsc_util: file_parser Invalid Format - '487:4294967295
01-02 18:58:22.552   503   503 I irsc_util: '
01-02 18:58:22.552   503   503 I irsc_util: file_parser Invalid Format - '488:4294967295
01-02 18:58:22.552   503   503 I irsc_util: '
01-02 18:58:22.552   503   503 I irsc_util: file_parser Invalid Format - '489:4294967295
01-02 18:58:22.552   503   503 I irsc_util: '
01-02 18:58:22.552   503   503 I irsc_util: file_parser Invalid Format - '490:4294967295
01-02 18:58:22.552   503   503 I irsc_util: '
01-02 18:58:22.552   503   503 I irsc_util: file_parser Invalid Format - '491:4294967295
01-02 18:58:22.552   503   503 I irsc_util: '
01-02 18:58:22.552   503   503 I irsc_util: file_parser Invalid Format - '492:4294967295
01-02 18:58:22.552   503   503 I irsc_util: '
01-02 18:58:22.552   503   503 I irsc_util: file_parser Invalid Format - '493:4294967295
01-02 18:58:22.552   503   503 I irsc_util: '
01-02 18:58:22.552   503   503 I irsc_util: file_parser Invalid Format - '494:4294967295
01-02 18:58:22.552   503   503 I irsc_util: '
01-02 18:58:22.552   503   503 I irsc_util: file_parser Invalid Format - '495:4294967295
01-02 18:58:22.552   503   503 I irsc_util: '
01-02 18:58:22.552   503   503 I irsc_util: file_parser Invalid Format - '496:4294967295
01-02 18:58:22.552   503   503 I irsc_util: '
01-02 18:58:22.552   503   503 I irsc_util: file_parser Invalid Format - '497:4294967295
01-02 18:58:22.552   503   503 I irsc_util: '
01-02 18:58:22.552   503   503 I irsc_util: file_parser Invalid Format - '498:4294967295
01-02 18:58:22.552   503   503 I irsc_util: '
01-02 18:58:22.552   503   503 I irsc_util: file_parser Invalid Format - '499:4294967295
01-02 18:58:22.552   503   503 I irsc_util: '
01-02 18:58:22.552   503   503 I irsc_util: file_parser Invalid Format - '500:4294967295
01-02 18:58:22.552   503   503 I irsc_util: '
01-02 18:58:22.552   503   503 I irsc_util: file_parser Invalid Format - '501:4294967295
01-02 18:58:22.552   503   503 I irsc_util: '
01-02 18:58:22.552   503   503 I irsc_util: file_parser Invalid Format - '502:4294967295
01-02 18:58:22.552   503   503 I irsc_util: '
01-02 18:58:22.552   503   503 I irsc_util: file_parser Invalid Format - '503:4294967295
01-02 18:58:22.552   503   503 I irsc_util: '
01-02 18:58:22.552   503   503 I irsc_util: file_parser Invalid Format - '504:4294967295
01-02 18:58:22.552   503   503 I irsc_util: '
01-02 18:58:22.552   503   503 I irsc_util: file_parser Invalid Format - '505:4294967295
01-02 18:58:22.552   503   503 I irsc_util: '
01-02 18:58:22.552   503   503 I irsc_util: file_parser Invalid Format - '506:4294967295
01-02 18:58:22.552   503   503 I irsc_util: '
01-02 18:58:22.552   503   503 I irsc_util: file_parser Invalid Format - '507:4294967295
01-02 18:58:22.552   503   503 I irsc_util: '
01-02 18:58:22.552   503   503 I irsc_util: file_parser Invalid Format - '508:4294967295
01-02 18:58:22.552   503   503 I irsc_util: '
01-02 18:58:22.552   503   503 I irsc_util: file_parser Invalid Format - '509:4294967295
01-02 18:58:22.552   503   503 I irsc_util: '
01-02 18:58:22.552   503   503 I irsc_util: file_parser Invalid Format - '510:4294967295
01-02 18:58:22.552   503   503 I irsc_util: '
01-02 18:58:22.552   503   503 I irsc_util: file_parser Invalid Format - '511:4294967295
01-02 18:58:22.552   503   503 I irsc_util: '
01-02 18:58:22.552   481   481 I android.hardware.wifi@1.0-service: Wifi Hal is starting up...
01-02 18:58:22.552   503   503 I irsc_util: file_parser Invalid Format - '256:4294967295
01-02 18:58:22.552   503   503 I irsc_util: '
01-02 18:58:22.552   503   503 I irsc_util: file_parser Invalid Format - '257:4294967295
01-02 18:58:22.552   503   503 I irsc_util: '
