01-07 03:53:44.316  2080  2080 E android.hardware.nfc@1.0-impl: Passthrough failed to load legacy HAL.
01-07 03:53:44.316  2080  2080 E android.hardware.nfc@1.0-service: Could not get passthrough implementation for android.hardware.nfc@1.0::INfc/default.
01-07 03:53:44.547  2081  2081 E ANDR-PERF-MPCTL: Unable to create control service (stage=1, rc=0)
01-07 03:53:44.547  2081  2081 W libc    : invalid pthread_t (0) passed to libc
01-07 03:53:46.225  1086  1196 E ThermalEngine: [BMHB_GOV] read failed VS_TEMP
01-07 03:53:49.365  2082  2082 E android.hardware.nfc@1.0-impl: hw_get_module nfc_nci failed: -2
01-07 03:53:49.365  2082  2082 E android.hardware.nfc@1.0-impl: Passthrough failed to load legacy HAL.
01-07 03:53:49.366  2082  2082 E android.hardware.nfc@1.0-service: Could not get passthrough implementation for android.hardware.nfc@1.0::INfc/default.
01-07 03:53:49.553  2083  2083 E ANDR-PERF-MPCTL: Unable to create control service (stage=1, rc=0)
01-07 03:53:49.553  2083  2083 W libc    : invalid pthread_t (0) passed to libc
01-07 03:53:49.715  1144  1144 I surfaceflinger: type=1400 audit(0.0:918): avc: denied { ioctl } for path="/dev/kgsl-3d0" dev="tmpfs" ino=11185 ioctlcmd=915 scontext=u:r:surfaceflinger:s0 tcontext=u:object_r:device:s0 tclass=chr_file permissive=1
01-07 03:53:51.225  1086  1196 E ThermalEngine: [BMHB_GOV] read failed VS_TEMP
01-07 03:53:52.260  1577  1577 D mm-camera-intf: index = 0 flag = 1 mount_angle = 90 facing = 0
01-07 03:53:52.260  1577  1577 D mm-camera-intf: index = 1 flag = 103 mount_angle = 270 facing = 1
01-07 03:53:52.261  1577  1577 E mm-camera-intf: mm_camera_open: cannot open control fd of '/dev/video1' (No such device)
01-07 03:53:52.261  1577  1577 E mm-camera-intf: camera_open: mm_camera_open err = -1
01-07 03:53:52.261  1577  1577 E QCamera3HWI: static int qcamera::QCamera3HardwareInterface::initCapabilities(uint32_t): camera_open failed. rc = -1, cameraHandle = 0x0
01-07 03:53:52.261  1577  1577 E mm-camera-intf: mm_camera_open: cannot open control fd of '/dev/video2' (No such device)
01-07 03:53:52.261  1577  1577 E mm-camera-intf: camera_open: mm_camera_open err = -1
01-07 03:53:52.261  1577  1577 E QCamera3HWI: static int qcamera::QCamera3HardwareInterface::initCapabilities(uint32_t): camera_open failed. rc = -1, cameraHandle = 0x0
01-07 03:53:52.261  1577  1577 E LGCamera2HWI: void qcamera::n2pmInit() : Failed to load libn2pm.so
01-07 03:53:52.259  1577  1577 I cameraserver: type=1400 audit(0.0:919): avc: denied { write } for name="property_service" dev="tmpfs" ino=1841 scontext=u:r:cameraserver:s0 tcontext=u:object_r:property_socket:s0 tclass=sock_file permissive=1
01-07 03:53:52.259  1577  1577 I cameraserver: type=1400 audit(0.0:920): avc: denied { connectto } for path="/dev/socket/property_service" scontext=u:r:cameraserver:s0 tcontext=u:r:init:s0 tclass=unix_stream_socket permissive=1
01-07 03:53:52.260  1577  1577 D mm-camera-intf: index = 0 flag = 1 mount_angle = 90 facing = 0
01-07 03:53:52.260  1577  1577 D mm-camera-intf: index = 1 flag = 103 mount_angle = 270 facing = 1
01-07 03:53:52.261  1577  1577 E mm-camera-intf: mm_camera_open: cannot open control fd of '/dev/video1' (No such device)
01-07 03:53:52.261  1577  1577 E mm-camera-intf: camera_open: mm_camera_open err = -1
01-07 03:53:52.261  1577  1577 E QCamera3HWI: static int qcamera::QCamera3HardwareInterface::initCapabilities(uint32_t): camera_open failed. rc = -1, cameraHandle = 0x0
01-07 03:53:52.261  1577  1577 E mm-camera-intf: mm_camera_open: cannot open control fd of '/dev/video2' (No such device)
01-07 03:53:52.261  1577  1577 E mm-camera-intf: camera_open: mm_camera_open err = -1
01-07 03:53:52.261  1577  1577 E QCamera3HWI: static int qcamera::QCamera3HardwareInterface::initCapabilities(uint32_t): camera_open failed. rc = -1, cameraHandle = 0x0
01-07 03:53:52.261  1577  1577 E LGCamera2HWI: void qcamera::n2pmInit() : Failed to load libn2pm.so
01-07 03:53:52.264  1577  1577 I CamProvider@2.4-impl: Loaded "QCamera Module" camera module
01-07 03:53:52.264  1577  1577 E mm-camera-intf: mm_camera_open: cannot open control fd of '/dev/video1' (No such device)
01-07 03:53:52.264  1577  1577 E mm-camera-intf: camera_open: mm_camera_open err = -1
01-07 03:53:52.264  1577  1577 E QCamera3HWI: static int qcamera::QCamera3HardwareInterface::initCapabilities(uint32_t): camera_open failed. rc = -1, cameraHandle = 0x0
01-07 03:53:52.264  1577  1577 E CamProvider@2.4-impl: initialize: Camera info query failed!
01-07 03:53:52.264  1577  1577 E CamProvider@2.4-impl: HIDL_FETCH_ICameraProvider: camera provider init failed!
01-07 03:53:54.326  2085  2085 E android.hardware.nfc@1.0-impl: hw_get_module nfc_nci failed: -2
01-07 03:53:54.326  2085  2085 E android.hardware.nfc@1.0-impl: Passthrough failed to load legacy HAL.
01-07 03:53:54.326  2085  2085 E android.hardware.nfc@1.0-service: Could not get passthrough implementation for android.hardware.nfc@1.0::INfc/default.
01-07 03:53:54.551  2086  2086 E ANDR-PERF-MPCTL: Unable to create control service (stage=1, rc=0)
01-07 03:53:54.551  2086  2086 W libc    : invalid pthread_t (0) passed to libc
01-07 03:53:56.225  1086  1196 E ThermalEngine: [BMHB_GOV] read failed VS_TEMP
01-07 03:53:57.090  1354  1354 W dex2oat : Skipping class android.hidl.base.V1_0.DebugInfo$Architecture from /system/framework/android.hidl.base-V1.0-java.jar previously found in /system/framework/telephony-common.jar
01-07 03:53:57.090  1354  1354 W dex2oat : Skipping class android.hidl.base.V1_0.DebugInfo from /system/framework/android.hidl.base-V1.0-java.jar previously found in /system/framework/telephony-common.jar
01-07 03:53:57.090  1354  1354 W dex2oat : Skipping class android.hidl.base.V1_0.IBase from /system/framework/android.hidl.base-V1.0-java.jar previously found in /system/framework/telephony-common.jar
01-07 03:53:57.090  1354  1354 W dex2oat : Skipping class android.hidl.base.V1_0.IBase$Proxy from /system/framework/android.hidl.base-V1.0-java.jar previously found in /system/framework/telephony-common.jar
01-07 03:53:57.090  1354  1354 W dex2oat : Skipping class android.hidl.base.V1_0.IBase$Stub from /system/framework/android.hidl.base-V1.0-java.jar previously found in /system/framework/telephony-common.jar
01-07 03:53:57.433  1354  1354 I dex2oat : Explicit concurrent copying GC freed 57851(7MB) AllocSpace objects, 0(0B) LOS objects, 46% free, 7MB/13MB, paused 71us total 141.952ms
01-07 03:53:58.047  1353  1353 W dex2oat : Skipping class android.hidl.base.V1_0.DebugInfo$Architecture from /system/framework/android.hidl.base-V1.0-java.jar previously found in /system/framework/telephony-common.jar
01-07 03:53:58.047  1353  1353 W dex2oat : Skipping class android.hidl.base.V1_0.DebugInfo from /system/framework/android.hidl.base-V1.0-java.jar previously found in /system/framework/telephony-common.jar
01-07 03:53:58.047  1353  1353 W dex2oat : Skipping class android.hidl.base.V1_0.IBase from /system/framework/android.hidl.base-V1.0-java.jar previously found in /system/framework/telephony-common.jar
01-07 03:53:58.047  1353  1353 W dex2oat : Skipping class android.hidl.base.V1_0.IBase$Proxy from /system/framework/android.hidl.base-V1.0-java.jar previously found in /system/framework/telephony-common.jar
01-07 03:53:58.047  1353  1353 W dex2oat : Skipping class android.hidl.base.V1_0.IBase$Stub from /system/framework/android.hidl.base-V1.0-java.jar previously found in /system/framework/telephony-common.jar
01-07 03:53:58.781  1353  1353 I dex2oat : Explicit concurrent copying GC freed 57829(11MB) AllocSpace objects, 0(0B) LOS objects, 37% free, 9MB/15MB, paused 68us total 252.609ms
01-07 03:53:59.761  1353  1353 W dex2oat : Compilation of java.lang.Object java.lang.Object.clone() took 765.257ms
01-07 03:53:59.815  1354  1493 W dex2oat : Compilation of sun.security.x509.GeneralNameInterface java.security.cert.X509CertSelector.makeGeneralNameInterface(int, java.lang.Object) took 821.844ms
01-07 03:53:59.821  1354  1492 W dex2oat : Compilation of java.sql.Timestamp java.sql.Timestamp.valueOf(java.lang.String) took 830.853ms
01-07 03:54:01.226  1086  1196 E ThermalEngine: [BMHB_GOV] read failed VS_TEMP
01-07 03:54:01.817  2088  2088 E ANDR-PERF-MPCTL: Unable to create control service (stage=1, rc=0)
01-07 03:54:01.817  2088  2088 W libc    : invalid pthread_t (0) passed to libc
01-07 03:54:02.842  1354  1491 W dex2oat : Compilation of java.util.stream.Node$Builder java.util.stream.ReferencePipeline.makeNodeBuilder(long, java.util.function.IntFunction) took 331.269ms
01-07 03:54:02.845  1354  1493 W dex2oat : Compilation of java.util.stream.Collector java.util.stream.Collectors.joining() took 349.454ms
01-07 03:54:03.008  1354  1493 W dex2oat : Compilation of java.lang.Double java.util.stream.Collectors.lambda$-java_util_stream_Collectors_22374(double[]) took 128.745ms
01-07 03:54:03.021  1354  1491 W dex2oat : Compilation of java.util.Optional java.util.stream.ReferencePipeline.reduce(java.util.function.BinaryOperator) took 141.445ms
01-07 03:54:03.812  1353  1489 W dex2oat : Compilation of void java.util.concurrent.atomic.AtomicIntegerFieldUpdater$AtomicIntegerFieldUpdaterImpl.throwAccessCheckException(java.lang.Object) took 102.880ms
01-07 03:54:03.817  1354  1493 W dex2oat : Compilation of long sun.nio.ch.IOUtil.read(java.io.FileDescriptor, java.nio.ByteBuffer[], int, int, sun.nio.ch.NativeDispatcher) took 351.635ms
01-07 03:54:03.920  1353  1488 W dex2oat : Compilation of int java.util.regex.Matcher$OffsetBasedMatchResult.end() took 108.726ms
01-07 03:54:04.176  1354  1354 W dex2oat : Compilation of void sun.nio.fs.UnixNativeDispatcher.chmod(sun.nio.fs.UnixPath, int) took 353.534ms
01-07 03:54:04.187  2089  2089 E android.hardware.nfc@1.0-impl: hw_get_module nfc_nci failed: -2
01-07 03:54:04.187  2089  2089 E android.hardware.nfc@1.0-impl: Passthrough failed to load legacy HAL.
01-07 03:54:04.188  2089  2089 E android.hardware.nfc@1.0-service: Could not get passthrough implementation for android.hardware.nfc@1.0::INfc/default.
01-07 03:54:04.189  1353  1488 W dex2oat : Compilation of int java.util.regex.Matcher$OffsetBasedMatchResult.end(int) took 268.808ms
01-07 03:54:05.920  1353  1490 W dex2oat : Compilation of sun.security.util.ObjectIdentifier sun.security.x509.AlgorithmId.oid(int[]) took 344.340ms
01-07 03:54:05.921  1354  1493 W dex2oat : Compilation of void android.icu.impl.Normalizer2Impl.decompose(int, int, android.icu.impl.Normalizer2Impl$ReorderingBuffer) took 325.750ms
01-07 03:54:06.226  1086  1196 E ThermalEngine: [BMHB_GOV] read failed VS_TEMP
01-07 03:54:06.414  1354  1491 W dex2oat : Compilation of java.lang.String[] android.icu.impl.Utility.split(java.lang.String, char) took 260.649ms
01-07 03:54:06.418  1354  1492 W dex2oat : Compilation of long android.icu.impl.coll.CollationIterator.previousCEUnsafe(int, android.icu.impl.coll.UVector32) took 264.685ms
01-07 03:54:06.624  2090  2090 E ANDR-PERF-MPCTL: Unable to create control service (stage=1, rc=0)
01-07 03:54:06.844  1354  1354 W dex2oat : Compilation of int android.icu.text.SimpleDateFormat.subParse(java.lang.String, int, char, int, boolean, boolean, boolean[], android.icu.util.Calendar, android.icu.text.MessageFormat, android.icu.util.Output, android.icu.util.Output) took 103.292ms
01-07 03:54:06.916  1354  1492 W dex2oat : Compilation of void android.icu.text.DecimalFormat.applyPatternWithoutExpandAffix(java.lang.String, boolean) took 101.119ms
01-07 03:54:07.388  2090  2090 W libc    : invalid pthread_t (0) passed to libc
01-07 03:54:07.546  1353  1490 W dex2oat : Compilation of int android.icu.text.SimpleDateFormat.subParse(java.lang.String, int, char, int, boolean, boolean, boolean[], android.icu.util.Calendar, android.icu.text.MessageFormat, android.icu.util.Output, android.icu.util.Output) took 109.949ms
01-07 03:54:09.160  1353  1490 W dex2oat : Compilation of void java.nio.charset.CharsetEncoderICU.setPosition(java.nio.CharBuffer) took 272.661ms
01-07 03:54:09.220  1354  1491 W dex2oat : Compilation of void com.android.org.conscrypt.AbstractSessionContext.setSessionCacheSize(int) took 316.695ms
01-07 03:54:09.359  2091  2091 E android.hardware.nfc@1.0-impl: hw_get_module nfc_nci failed: -2
01-07 03:54:09.359  2091  2091 E android.hardware.nfc@1.0-impl: Passthrough failed to load legacy HAL.
01-07 03:54:09.359  2091  2091 E android.hardware.nfc@1.0-service: Could not get passthrough implementation for android.hardware.nfc@1.0::INfc/default.
01-07 03:54:09.512  1353  1488 W dex2oat : Compilation of boolean libcore.util.ZoneInfo.hasSameRules(java.util.TimeZone) took 253.387ms
01-07 03:54:09.952  1353  1353 W dex2oat : Compilation of boolean com.android.org.conscrypt.OpenSSLKey.equals(java.lang.Object) took 190.139ms
01-07 03:54:09.972  1353  1488 W dex2oat : Compilation of void com.android.org.conscrypt.OpenSSLSocketImpl.verifyCertificateChain(long[], java.lang.String) took 163.333ms
01-07 03:54:10.036  1353  1490 W dex2oat : Compilation of byte[] com.android.org.conscrypt.OpenSSLX509Certificate.getEncoded() took 198.573ms
01-07 03:54:10.254  1354  1492 I dex2oat : Method exceeds compiler instruction limit: 25337 in void org.ccil.cowan.tagsoup.HTMLSchema.<init>()
01-07 03:54:10.275  1353  1488 W dex2oat : Compilation of com.android.okhttp.Headers com.android.okhttp.Headers.of(java.util.Map) took 134.370ms
01-07 03:54:10.284  1353  1353 W dex2oat : Compilation of void com.android.okhttp.HttpUrl$Builder$ParseResult.<init>(java.lang.String, int) took 140.635ms
01-07 03:54:10.696  1354  1493 W dex2oat : Compilation of boolean android.accounts.IAccountAuthenticatorResponse$Stub.onTransact(int, android.os.Parcel, android.os.Parcel, int) took 245.219ms
01-07 03:54:11.032  1354  1493 W dex2oat : Compilation of int android.app.ActivityManager.addAppTask(android.app.Activity, android.content.Intent, android.app.ActivityManager$TaskDescription, android.graphics.Bitmap) took 156.252ms
01-07 03:54:11.226  1086  1196 E ThermalEngine: [BMHB_GOV] read failed VS_TEMP
01-07 03:54:11.254  2092  2092 E ANDR-PERF-MPCTL: Unable to create control service (stage=1, rc=0)
01-07 03:54:11.254  2092  2092 W libc    : invalid pthread_t (0) passed to libc
01-07 03:54:11.289  1353  1488 I dex2oat : Method exceeds compiler instruction limit: 25337 in void org.ccil.cowan.tagsoup.HTMLSchema.<init>()
01-07 03:54:11.340  1354  1491 W dex2oat : Compilation of void android.app.ActivityThread.dumpMemInfoTable(java.io.PrintWriter, android.os.Debug$MemoryInfo, boolean, boolean, boolean, boolean, int, java.lang.String, long, long, long, long, long, long) took 212.818ms
01-07 03:54:11.347  1354  1492 W dex2oat : Compilation of boolean android.app.IApplicationThread$Stub.onTransact(int, android.os.Parcel, android.os.Parcel, int) took 477.911ms
01-07 03:54:11.806  1354  1354 W dex2oat : Compilation of android.graphics.drawable.Drawable android.app.ApplicationPackageManager.getBadgedDrawable(android.graphics.drawable.Drawable, android.graphics.drawable.Drawable, android.graphics.Rect, boolean) took 461.469ms
01-07 03:54:11.814  1354  1491 W dex2oat : Compilation of void android.app.ActivityThread.handleBindApplication(android.app.ActivityThread$AppBindData) took 466.108ms
01-07 03:54:12.110  1353  1353 W dex2oat : Compilation of boolean android.app.IApplicationThread$Stub.onTransact(int, android.os.Parcel, android.os.Parcel, int) took 140.615ms
01-07 03:54:12.389  1354  1354 W dex2oat : Compilation of boolean android.app.INotificationManager$Stub.onTransact(int, android.os.Parcel, android.os.Parcel, int) took 103.842ms
01-07 03:54:13.210  1353  1488 W dex2oat : Compilation of boolean android.app.INotificationManager$Stub.onTransact(int, android.os.Parcel, android.os.Parcel, int) took 113.433ms
01-07 03:54:13.601  1353  1490 W dex2oat : Compilation of void android.app.LoaderManagerImpl$LoaderInfo.callOnLoadFinished(android.content.Loader, java.lang.Object) took 166.308ms
01-07 03:54:13.656  1354  1492 W dex2oat : Compilation of boolean android.app.backup.BackupManager.isAppEligibleForBackup(java.lang.String) took 205.350ms
01-07 03:54:14.064  1353  1489 W dex2oat : Compilation of int android.app.IActivityManager$Stub$Proxy.startVoiceActivity(java.lang.String, int, int, android.content.Intent, java.lang.String, android.service.voice.IVoiceInteractionSession, com.android.internal.app.IVoiceInteractor, int, android.app.ProfilerInfo, android.os.Bundle, int) took 295.843ms
01-07 03:54:14.443  1354  1491 W dex2oat : Compilation of android.bluetooth.IBluetoothSap android.bluetooth.IBluetoothSap$Stub.asInterface(android.os.IBinder) took 119.253ms
01-07 03:54:14.935  1354  1492 W dex2oat : Compilation of android.content.Intent android.content.Intent.parseCommandArgs(android.os.ShellCommand, android.content.Intent$CommandOptionHandler) took 105.217ms
01-07 03:54:14.942  2093  2093 E android.hardware.nfc@1.0-impl: hw_get_module nfc_nci failed: -2
01-07 03:54:14.942  2093  2093 E android.hardware.nfc@1.0-impl: Passthrough failed to load legacy HAL.
01-07 03:54:14.942  2093  2093 E android.hardware.nfc@1.0-service: Could not get passthrough implementation for android.hardware.nfc@1.0::INfc/default.
01-07 03:54:15.398  1354  1354 W dex2oat : Compilation of boolean android.content.pm.IPackageManager$Stub.onTransact(int, android.os.Parcel, android.os.Parcel, int) took 197.079ms
01-07 03:54:15.505  1353  1490 W dex2oat : Compilation of boolean android.bluetooth.IBluetoothHeadsetPhone$Stub$Proxy.processChld(int) took 209.897ms
01-07 03:54:15.865  1353  1353 W dex2oat : Compilation of boolean android.bluetooth.IBluetoothHeadsetPhone$Stub.onTransact(int, android.os.Parcel, android.os.Parcel, int) took 571.200ms
01-07 03:54:15.880  1354  1491 W dex2oat : Compilation of java.lang.String android.content.res.Configuration.resourceQualifierString(android.content.res.Configuration) took 102.317ms
01-07 03:54:15.893  1354  1493 W dex2oat : Compilation of void android.content.pm.IPackageManager$Stub$Proxy.deletePreloadsFileCache() took 614.237ms
01-07 03:54:16.186  1353  1353 W dex2oat : Compilation of android.content.Intent android.content.Intent.parseCommandArgs(android.os.ShellCommand, android.content.Intent$CommandOptionHandler) took 109.796ms
01-07 03:54:16.227  1086  1196 E ThermalEngine: [BMHB_GOV] read failed VS_TEMP
01-07 03:54:16.656  1353  1490 W dex2oat : Compilation of int android.content.pm.IPackageManager$Stub$Proxy.checkUidPermission(java.lang.String, int) took 104.682ms
01-07 03:54:16.895  1353  1488 W dex2oat : Compilation of boolean android.content.pm.IPackageManager$Stub.onTransact(int, android.os.Parcel, android.os.Parcel, int) took 383.570ms
01-07 03:54:17.281  1353  1489 W dex2oat : Compilation of android.content.pm.PackageParser$Package android.content.pm.PackageParser.parseBaseApkCommon(android.content.pm.PackageParser$Package, java.util.Set, android.content.res.Resources, android.content.res.XmlResourceParser, int, java.lang.String[]) took 101.831ms
01-07 03:54:17.448  1353  1353 W dex2oat : Compilation of java.lang.String android.content.res.Configuration.resourceQualifierString(android.content.res.Configuration) took 111.811ms
01-07 03:54:17.485  1354  1354 W dex2oat : Compilation of boolean android.hardware.Sensor.isAdditionalInfoSupported() took 200.531ms
01-07 03:54:17.692  1354  1493 W dex2oat : Compilation of int android.hardware.camera2.impl.CameraDeviceImpl$CaptureCallbackHolder.getSessionId() took 107.019ms
01-07 03:54:17.808  1353  1490 W dex2oat : Compilation of java.lang.String android.content.res.XmlBlock$Parser.getAttributeType(int) took 178.062ms
01-07 03:54:18.577  2094  2094 E ANDR-PERF-MPCTL: Unable to create control service (stage=1, rc=0)
01-07 03:54:18.577  2094  2094 W libc    : invalid pthread_t (0) passed to libc
01-07 03:54:19.089  2095  2095 E android.hardware.nfc@1.0-impl: hw_get_module nfc_nci failed: -2
01-07 03:54:19.089  2095  2095 E android.hardware.nfc@1.0-impl: Passthrough failed to load legacy HAL.
01-07 03:54:19.090  2095  2095 E android.hardware.nfc@1.0-service: Could not get passthrough implementation for android.hardware.nfc@1.0::INfc/default.
01-07 03:54:19.131  1354  1354 W dex2oat : Compilation of boolean android.media.JetPlayer.loadJetFile(android.content.res.AssetFileDescriptor) took 204.990ms
01-07 03:54:20.000  1354  1492 W dex2oat : Compilation of boolean android.net.IConnectivityManager$Stub.onTransact(int, android.os.Parcel, android.os.Parcel, int) took 102.362ms
01-07 03:54:20.365  1353  1353 W dex2oat : Compilation of void android.location.LocationManager.requestLocationUpdates(android.location.LocationRequest, android.location.LocationListener, android.os.Looper, android.app.PendingIntent) took 267.867ms
01-07 03:54:20.369  1354  1354 W dex2oat : Compilation of void android.net.INetworkScoreService$Stub$Proxy.registerNetworkScoreCache(int, android.net.INetworkScoreCache, int) took 329.733ms
01-07 03:54:20.717  1353  1353 W dex2oat : Compilation of void android.media.MediaCodecInfo$VideoCapabilities.applyLevelLimits() took 110.377ms
01-07 03:54:20.877  1354  1492 W dex2oat : Compilation of boolean android.net.wifi.IWifiManager$Stub$Proxy.releaseWifiLock(android.os.IBinder) took 114.673ms
01-07 03:54:21.058  1353  1353 W dex2oat : Compilation of boolean android.media.MediaScanner.isNoMediaPath(java.lang.String) took 154.263ms
01-07 03:54:21.093  1353  1488 W dex2oat : Compilation of void android.media.MediaRouter.updateWifiDisplayStatus(android.hardware.display.WifiDisplayStatus) took 206.463ms
01-07 03:54:21.096  1354  1493 W dex2oat : Compilation of int android.net.wifi.WifiScanner.removeListener(java.lang.Object) took 220.573ms
01-07 03:54:21.227  1086  1196 E ThermalEngine: [BMHB_GOV] read failed VS_TEMP
01-07 03:54:21.448  1354  1493 W dex2oat : Compilation of int android.os.Debug$MemoryInfo.describeContents() took 188.046ms
01-07 03:54:21.524  1354  1492 W dex2oat : Compilation of void android.os.Bundle.putBinder(java.lang.String, android.os.IBinder) took 328.323ms
01-07 03:54:21.530  1353  1490 W dex2oat : Compilation of void android.media.ThumbnailUtils.createThumbnailFromEXIF(java.lang.String, int, int, android.media.ThumbnailUtils$SizedThumbnailBitmap) took 424.270ms
01-07 03:54:21.628  1354  1491 W dex2oat : Compilation of void android.os.BatteryStats.dumpCheckinLocked(android.content.Context, java.io.PrintWriter, int, int, boolean) took 410.560ms
01-07 03:54:21.774  1353  1490 W dex2oat : Compilation of android.graphics.Bitmap android.media.ThumbnailUtils.extractThumbnail(android.graphics.Bitmap, int, int) took 242.633ms
01-07 03:54:21.797  1354  1354 W dex2oat : Compilation of boolean android.os.INetworkManagementService$Stub.onTransact(int, android.os.Parcel, android.os.Parcel, int) took 276.442ms
01-07 03:54:21.913  1353  1353 W dex2oat : Compilation of android.net.NetworkRequest android.net.IConnectivityManager$Stub$Proxy.pendingRequestForNetwork(android.net.NetworkCapabilities, android.app.PendingIntent) took 134.735ms
01-07 03:54:21.914  1353  1490 W dex2oat : Compilation of android.graphics.Bitmap android.media.ThumbnailUtils.transform(android.graphics.Matrix, android.graphics.Bitmap, int, int, int) took 135.790ms
01-07 03:54:22.634  1354  1491 W dex2oat : Compilation of void android.os.BatteryStats.dumpLocked(android.content.Context, java.io.PrintWriter, java.lang.String, int, int, boolean) took 949.414ms
01-07 03:54:22.785  1353  1488 W dex2oat : Compilation of android.net.wifi.WifiSsid android.net.wifi.WifiSsid.createFromHex(java.lang.String) took 176.108ms
01-07 03:54:22.796  1353  1490 W dex2oat : Compilation of void android.net.wifi.WifiScanner.configureWifiChange(int, int, int, int, int, android.net.wifi.WifiScanner$BssidInfo[]) took 192.813ms
01-07 03:54:22.798  1354  1354 W dex2oat : Compilation of boolean android.print.IPrintSpooler$Stub.onTransact(int, android.os.Parcel, android.os.Parcel, int) took 216.927ms
01-07 03:54:22.798  2097  2097 E ANDR-PERF-MPCTL: Unable to create control service (stage=1, rc=0)
01-07 03:54:22.798  2097  2097 W libc    : invalid pthread_t (0) passed to libc
01-07 03:54:23.276  1353  1488 W dex2oat : Compilation of android.graphics.drawable.Drawable android.nfc.cardemulation.ApduServiceInfo.loadIcon(android.content.pm.PackageManager) took 320.320ms
01-07 03:54:23.508  1353  1490 W dex2oat : Compilation of void android.opengl.GLES30.glUniformBlockBinding(int, int, int) took 556.098ms
01-07 03:54:23.614  1353  1489 W dex2oat : Compilation of void android.os.BatteryStats.dumpCheckinLocked(android.content.Context, java.io.PrintWriter, int, int, boolean) took 390.121ms
01-07 03:54:23.845  1353  1488 W dex2oat : Compilation of android.content.pm.UserInfo android.os.IUserManager$Stub$Proxy.createProfileForUser(java.lang.String, int, int, java.lang.String[]) took 114.056ms
01-07 03:54:23.916  1354  1492 W dex2oat : Compilation of java.lang.Object android.telecom.PhoneAccount$1.createFromParcel(android.os.Parcel) took 200.675ms
01-07 03:54:23.946  1353  1490 W dex2oat : Compilation of boolean android.os.IUserManager$Stub.onTransact(int, android.os.Parcel, android.os.Parcel, int) took 146.127ms
01-07 03:54:24.161  2096  2096 E android.hardware.nfc@1.0-impl: hw_get_module nfc_nci failed: -2
01-07 03:54:24.162  2096  2096 E android.hardware.nfc@1.0-impl: Passthrough failed to load legacy HAL.
01-07 03:54:24.162  2096  2096 E android.hardware.nfc@1.0-service: Could not get passthrough implementation for android.hardware.nfc@1.0::INfc/default.
01-07 03:54:24.407  1353  1489 W dex2oat : Compilation of void android.os.BatteryStats.dumpLocked(android.content.Context, java.io.PrintWriter, java.lang.String, int, int, boolean) took 733.965ms
01-07 03:54:24.500  1354  1492 W dex2oat : Compilation of void android.text.HtmlToSpannedConverter.handleEndTag(java.lang.String) took 329.078ms
01-07 03:54:24.508  1354  1354 W dex2oat : Compilation of void android.text.PackedIntVector.setValue(int, int, int) took 296.810ms
01-07 03:54:25.349  1354  1354 W dex2oat : Compilation of android.util.Pair android.util.apk.ZipUtils.findZipEndOfCentralDirectoryRecord(java.io.RandomAccessFile, int) took 185.546ms
01-07 03:54:25.360  1354  1493 W dex2oat : Compilation of int android.util.jar.StrictJarFile$ZipInflaterInputStream.read(byte[], int, int) took 194.498ms
01-07 03:54:25.575  1354  1491 W dex2oat : Compilation of void android.view.View.<init>(android.content.Context, android.util.AttributeSet, int, int) took 121.806ms
01-07 03:54:25.635  1354  1354 W dex2oat : Compilation of boolean android.view.IWindowManager$Stub.onTransact(int, android.os.Parcel, android.os.Parcel, int) took 103.226ms
01-07 03:54:26.096  1354  1493 W dex2oat : Compilation of void android.view.ViewGroup.addChildrenForAccessibility(java.util.ArrayList) took 233.525ms
01-07 03:54:26.227  1086  1196 E ThermalEngine: [BMHB_GOV] read failed VS_TEMP
01-07 03:54:26.366  1354  1492 W dex2oat : Compilation of android.view.View android.view.LayoutInflater.onCreateView(android.view.View, java.lang.String, android.util.AttributeSet) took 498.439ms
01-07 03:54:26.366  1354  1493 W dex2oat : Compilation of void android.view.ViewGroup.addFocusables(java.util.ArrayList, int, int) took 269.813ms
01-07 03:54:26.752  1354  1354 W dex2oat : Compilation of java.lang.String android.view.ViewRootImpl$QueuedInputEvent.toString() took 118.448ms
01-07 03:54:27.107  1354  1354 W dex2oat : Compilation of void android.view.ViewRootImpl.performTraversals() took 160.594ms
01-07 03:54:27.194  1353  1490 W dex2oat : Compilation of java.lang.CharSequence android.text.format.DateUtils.formatSameDayTime(long, long, int, int) took 454.435ms
01-07 03:54:27.843  1353  1490 W dex2oat : Compilation of void android.view.View.<init>(android.content.Context, android.util.AttributeSet, int, int) took 144.356ms
01-07 03:54:28.166  1354  1493 W dex2oat : Compilation of void android.widget.TextView.<init>(android.content.Context, android.util.AttributeSet, int, int) took 247.239ms
01-07 03:54:28.484  1354  1492 W dex2oat : Compilation of int android.widget.Editor$PositionListener.getPositionYOnScreen() took 284.205ms
01-07 03:54:28.921  1354  1491 W dex2oat : Compilation of boolean android.widget.GridView.isCandidateSelection(int, int) took 300.908ms
01-07 03:54:29.153  2099  2099 E ANDR-PERF-MPCTL: Unable to create control service (stage=1, rc=0)
01-07 03:54:29.153  2099  2099 W libc    : invalid pthread_t (0) passed to libc
01-07 03:54:29.616  1353  1488 W dex2oat : Compilation of java.lang.Object[] android.view.inputmethod.InputMethodInfo$1.newArray(int) took 336.722ms
01-07 03:54:29.700  1353  1489 W dex2oat : Compilation of void android.webkit.WebViewClient.onReceivedLoginRequest(android.webkit.WebView, java.lang.String, java.lang.String, java.lang.String) took 128.240ms
01-07 03:54:29.720  1353  1488 W dex2oat : Compilation of void android.webkit.WebViewProviderInfo.writeToParcel(android.os.Parcel, int) took 100.807ms
01-07 03:54:30.300  1353  1353 W dex2oat : Compilation of void android.widget.TextView.<init>(android.content.Context, android.util.AttributeSet, int, int) took 247.665ms
01-07 03:54:30.702  1354  1492 W dex2oat : Compilation of void com.android.internal.os.BatteryStatsImpl.readSummaryFromParcel(android.os.Parcel) took 101.527ms
01-07 03:54:30.982  1354  1492 W dex2oat : Compilation of void com.android.internal.os.BatteryStatsImpl.writeSummaryToParcel(android.os.Parcel, boolean) took 110.169ms
01-07 03:54:31.159  1354  1492 W dex2oat : Compilation of boolean com.android.internal.telephony.ITelephony$Stub.onTransact(int, android.os.Parcel, android.os.Parcel, int) took 149.185ms
01-07 03:54:31.228  1086  1196 E ThermalEngine: [BMHB_GOV] read failed VS_TEMP
01-07 03:54:31.437  2098  2098 E android.hardware.nfc@1.0-impl: hw_get_module nfc_nci failed: -2
01-07 03:54:31.438  2098  2098 E android.hardware.nfc@1.0-impl: Passthrough failed to load legacy HAL.
01-07 03:54:31.438  2098  2098 E android.hardware.nfc@1.0-service: Could not get passthrough implementation for android.hardware.nfc@1.0::INfc/default.
01-07 03:54:31.453  1083  1114 E Sensors : sns_debug_main.c(420):Debug Timer Callback called
01-07 03:54:31.521  1354  1491 W dex2oat : Compilation of int com.android.internal.util.NotificationColorUtil.resolvePrimaryColor(android.content.Context, int) took 129.313ms
01-07 03:54:31.526  1353  1353 W dex2oat : Compilation of int com.android.framework.protobuf.nano.CodedOutputByteBufferNano.computeFieldSize(int, int, java.lang.Object) took 155.857ms
01-07 03:54:31.906  1354  1492 W dex2oat : Compilation of void com.android.server.SystemConfig.readPermissionsFromXml(java.io.File, int) took 135.093ms
01-07 03:54:32.089  1353  1489 W dex2oat : Compilation of boolean com.android.internal.appwidget.IAppWidgetHost$Stub.onTransact(int, android.os.Parcel, android.os.Parcel, int) took 133.786ms
01-07 03:54:32.109  1354  1354 W dex2oat : Compilation of void com.android.server.wifi.nano.WifiMetricsProto$SoftApReturnCodeCount.writeTo(com.android.framework.protobuf.nano.CodedOutputByteBufferNano) took 168.143ms
01-07 03:54:32.432  1354  1493 W dex2oat : Compilation of void android.hardware.radio.V1_0.IRadioResponse$Stub.onTransact(int, android.os.HwParcel, android.os.HwParcel, int) took 154.323ms
01-07 03:54:32.470  1353  1490 W dex2oat : Compilation of android.net.NetworkStats com.android.internal.net.NetworkStatsFactory.javaReadNetworkStatsDetail(java.io.File, int, java.lang.String[], int) took 262.891ms
01-07 03:54:32.927  1354  1354 W dex2oat : Compilation of void com.android.internal.telephony.GsmCdmaConnection.<init>(com.android.internal.telephony.GsmCdmaPhone, java.lang.String, com.android.internal.telephony.GsmCdmaCallTracker, com.android.internal.telephony.GsmCdmaCall, boolean) took 371.587ms
01-07 03:54:33.020  1353  1488 W dex2oat : Compilation of void com.android.internal.policy.DecorView.onAttachedToWindow() took 109.647ms
01-07 03:54:33.102  1353  1489 W dex2oat : Compilation of void com.android.internal.os.BatteryStatsImpl.readSummaryFromParcel(android.os.Parcel) took 110.138ms
01-07 03:54:33.358  2100  2100 E ANDR-PERF-MPCTL: Unable to create control service (stage=1, rc=0)
01-07 03:54:33.358  2100  2100 W libc    : invalid pthread_t (0) passed to libc
01-07 03:54:33.374  1353  1489 W dex2oat : Compilation of void com.android.internal.os.BatteryStatsImpl.writeSummaryToParcel(android.os.Parcel, boolean) took 107.109ms
01-07 03:54:33.657  1353  1488 W dex2oat : Compilation of boolean com.android.internal.telephony.ITelephony$Stub.onTransact(int, android.os.Parcel, android.os.Parcel, int) took 176.783ms
01-07 03:54:33.660  1353  1353 W dex2oat : Compilation of void com.android.internal.telephony.IPhoneStateListener$Stub$Proxy.onPreciseDataConnectionStateChanged(android.telephony.PreciseDataConnectionState) took 317.185ms
01-07 03:54:34.471  1353  1490 W dex2oat : Compilation of void com.android.server.SystemConfig.readPermissionsFromXml(java.io.File, int) took 126.158ms
01-07 03:54:34.731  2101  2101 E android.hardware.nfc@1.0-impl: hw_get_module nfc_nci failed: -2
01-07 03:54:34.731  2101  2101 E android.hardware.nfc@1.0-impl: Passthrough failed to load legacy HAL.
01-07 03:54:34.732  2101  2101 E android.hardware.nfc@1.0-service: Could not get passthrough implementation for android.hardware.nfc@1.0::INfc/default.
01-07 03:54:35.252  1353  1488 W dex2oat : Compilation of void com.android.internal.telephony.Phone.setCallForwardingIndicatorInSharedPref(boolean) took 125.526ms
01-07 03:54:35.400  1353  1490 W dex2oat : Compilation of void com.android.internal.telephony.GsmCdmaPhone.phoneObjectUpdater(int) took 136.788ms
01-07 03:54:35.597  1354  1493 W dex2oat : Compilation of void org.apache.http.impl.conn.tsccm.ThreadSafeClientConnManager.releaseConnection(org.apache.http.conn.ManagedClientConnection, long, java.util.concurrent.TimeUnit) took 206.938ms
01-07 03:54:35.635  1353  1489 W dex2oat : Compilation of void com.android.internal.telephony.GsmCdmaCallTracker.handlePollCalls(android.os.AsyncResult) took 512.705ms
01-07 03:54:35.638  1354  1493 W dex2oat : Skipping class android.hidl.base.V1_0.DebugInfo from /system/framework/android.hidl.base-V1.0-java.jar previously found in /system/framework/telephony-common.jar
01-07 03:54:35.638  1354  1493 W dex2oat : Skipping class android.hidl.base.V1_0.IBase$Proxy from /system/framework/android.hidl.base-V1.0-java.jar previously found in /system/framework/telephony-common.jar
01-07 03:54:35.638  1354  1493 W dex2oat : Skipping class android.hidl.base.V1_0.IBase$Stub from /system/framework/android.hidl.base-V1.0-java.jar previously found in /system/framework/telephony-common.jar
01-07 03:54:35.639  1354  1491 W dex2oat : Skipping class android.hidl.base.V1_0.IBase from /system/framework/android.hidl.base-V1.0-java.jar previously found in /system/framework/telephony-common.jar
01-07 03:54:35.641  1354  1354 W dex2oat : Skipping class android.hidl.base.V1_0.DebugInfo$Architecture from /system/framework/android.hidl.base-V1.0-java.jar previously found in /system/framework/telephony-common.jar
01-07 03:54:35.936  1353  1353 W dex2oat : Compilation of void com.android.internal.telephony.RIL.iccTransmitApduLogicalChannel(int, int, int, int, int, int, java.lang.String, android.os.Message) took 115.595ms
01-07 03:54:36.116  1353  1490 W dex2oat : Compilation of void com.android.internal.telephony.ServiceStateTracker.setTimeFromNITZString(java.lang.String, long) took 184.867ms
01-07 03:54:36.228  1086  1196 E ThermalEngine: [BMHB_GOV] read failed VS_TEMP
01-07 03:54:36.966  2102  2102 E ANDR-PERF-MPCTL: Unable to create control service (stage=1, rc=0)
01-07 03:54:36.966  2102  2102 W libc    : invalid pthread_t (0) passed to libc
01-07 03:54:36.978  2103  2103 E android.hardware.nfc@1.0-impl: hw_get_module nfc_nci failed: -2
01-07 03:54:36.978  2103  2103 E android.hardware.nfc@1.0-impl: Passthrough failed to load legacy HAL.
01-07 03:54:36.979  2103  2103 E android.hardware.nfc@1.0-service: Could not get passthrough implementation for android.hardware.nfc@1.0::INfc/default.
01-07 03:54:37.052  1354  1354 I dex2oat : Explicit concurrent copying GC freed 40228(4MB) AllocSpace objects, 0(0B) LOS objects, 63% free, 3MB/9MB, paused 39us total 81.620ms
01-07 03:54:37.591  1353  1353 W dex2oat : Skipping class android.hidl.base.V1_0.DebugInfo$Architecture from /system/framework/android.hidl.base-V1.0-java.jar previously found in /system/framework/telephony-common.jar
01-07 03:54:37.591  1353  1353 W dex2oat : Skipping class android.hidl.base.V1_0.DebugInfo from /system/framework/android.hidl.base-V1.0-java.jar previously found in /system/framework/telephony-common.jar
01-07 03:54:37.592  1353  1353 W dex2oat : Skipping class android.hidl.base.V1_0.IBase$Proxy from /system/framework/android.hidl.base-V1.0-java.jar previously found in /system/framework/telephony-common.jar
01-07 03:54:37.592  1353  1490 W dex2oat : Skipping class android.hidl.base.V1_0.IBase$Stub from /system/framework/android.hidl.base-V1.0-java.jar previously found in /system/framework/telephony-common.jar
01-07 03:54:37.592  1353  1489 W dex2oat : Skipping class android.hidl.base.V1_0.IBase from /system/framework/android.hidl.base-V1.0-java.jar previously found in /system/framework/telephony-common.jar
01-07 03:54:38.557  1353  1353 I dex2oat : Explicit concurrent copying GC freed 40223(7MB) AllocSpace objects, 0(0B) LOS objects, 59% free, 4MB/10MB, paused 35us total 81.410ms
01-07 03:54:41.167  1354  1354 I dex2oat : dex2oat took 69.485s (109.094s cpu) (threads: 4) arena alloc=26MB (27589296B) java alloc=3MB (3618936B) native alloc=75MB (79445112B) free=15MB (16761736B)
01-07 03:54:41.228  1086  1196 E ThermalEngine: [BMHB_GOV] read failed VS_TEMP
01-07 03:54:41.390  1093  1093 I SamplingProfilerIntegration: Profiling disabled.
01-07 03:54:41.396  1093  1093 I zygote  : Explicit concurrent copying GC freed 180(10KB) AllocSpace objects, 0(0B) LOS objects, 98% free, 21KB/1557KB, paused 122us total 5.738ms
01-07 03:54:41.403  1093  1093 I zygote  : Explicit concurrent copying GC freed 9(32KB) AllocSpace objects, 0(0B) LOS objects, 98% free, 21KB/1557KB, paused 123us total 5.368ms
01-07 03:54:41.403  1093  1093 D Zygote32Timing: PostZygoteInitGC took to complete: 12ms
01-07 03:54:41.403  1093  1093 D Zygote32Timing: ZygoteInit took to complete: 14ms
01-07 03:54:41.404  1093  1093 I         : seccomp disabled by setenforce 0
01-07 03:54:41.404  1093  1093 I Zygote  : Accepting command socket connections
01-07 03:54:41.407  2108  2108 E ANDR-PERF-MPCTL: Unable to create control service (stage=1, rc=0)
01-07 03:54:41.408  2108  2108 W libc    : invalid pthread_t (0) passed to libc
01-07 03:54:41.884  2109  2109 E android.hardware.nfc@1.0-impl: hw_get_module nfc_nci failed: -2
01-07 03:54:41.884  2109  2109 E android.hardware.nfc@1.0-impl: Passthrough failed to load legacy HAL.
01-07 03:54:41.885  2109  2109 E android.hardware.nfc@1.0-service: Could not get passthrough implementation for android.hardware.nfc@1.0::INfc/default.
01-07 03:54:42.728  1353  1353 I dex2oat : dex2oat took 71.085s (113.707s cpu) (threads: 4) arena alloc=23MB (24752592B) java alloc=4MB (4254976B) native alloc=94MB (99224928B) free=15MB (16380576B)
01-07 03:54:43.107  1092  1092 I SamplingProfilerIntegration: Profiling disabled.
01-07 03:54:43.108  1092  1092 D Zygote  : begin preload
01-07 03:54:43.108  1092  1092 I Zygote  : Installing ICU cache reference pinning...
01-07 03:54:43.108  1092  1092 I Zygote  : Preloading ICU data...
01-07 03:54:43.138  1092  1092 D Zygote64Timing: BeginIcuCachePinning took to complete: 31ms
01-07 03:54:43.138  1092  1092 I Zygote  : Preloading classes...
01-07 03:54:44.584  1092  1092 E ActivityRecognitionHardware: activity_recognition HAL is deprecated. class_init is effectively a no-op
01-07 03:54:44.606  1092  1092 I zygote64: Thread[1,tid=1092,Native,Thread*=0x7538abea00,peer=0x77441ca8,"main"] recursive attempt to load library "/system/lib64/libmedia_jni.so"
01-07 03:54:44.607  1092  1092 D MtpDeviceJNI: register_android_mtp_MtpDevice
01-07 03:54:44.607  1092  1092 I zygote64: Thread[1,tid=1092,Native,Thread*=0x7538abea00,peer=0x77441ca8,"main"] recursive attempt to load library "/system/lib64/libmedia_jni.so"
01-07 03:54:44.607  1092  1092 I zygote64: Thread[1,tid=1092,Native,Thread*=0x7538abea00,peer=0x77441ca8,"main"] recursive attempt to load library "/system/lib64/libmedia_jni.so"
01-07 03:54:44.635  1092  1092 W main    : type=1400 audit(0.0:921): avc: granted { read } for name="cmdline" dev="proc" ino=4026535438 scontext=u:r:zygote:s0 tcontext=u:object_r:proc:s0 tclass=file
01-07 03:54:44.635  1092  1092 W main    : type=1400 audit(0.0:922): avc: granted { read open } for path="/proc/cmdline" dev="proc" ino=4026535438 scontext=u:r:zygote:s0 tcontext=u:object_r:proc:s0 tclass=file
01-07 03:54:44.635  1092  1092 W main    : type=1400 audit(0.0:923): avc: granted { getattr } for path="/proc/cmdline" dev="proc" ino=4026535438 scontext=u:r:zygote:s0 tcontext=u:object_r:proc:s0 tclass=file
01-07 03:54:44.800  1092  1092 I System  : Loaded time zone names for "" in 66ms (65ms in ICU)
01-07 03:54:44.820  1092  1092 I System  : Loaded time zone names for "en_US" in 19ms (18ms in ICU)
01-07 03:54:44.829  1092  1092 I Zygote  : ...preloaded 4570 classes in 1690ms.
01-07 03:54:44.829  1092  1092 I zygote64: VMRuntime.preloadDexCaches starting
01-07 03:54:44.935  1092  1092 I zygote64: VMRuntime.preloadDexCaches strings total=307197 before=2830 after=2830
01-07 03:54:44.936  1092  1092 I zygote64: VMRuntime.preloadDexCaches types total=26199 before=2663 after=3316
01-07 03:54:44.936  1092  1092 I zygote64: VMRuntime.preloadDexCaches fields total=124185 before=2149 after=1211
01-07 03:54:44.936  1092  1092 I zygote64: VMRuntime.preloadDexCaches methods total=220089 before=87676 after=87774
01-07 03:54:44.936  1092  1092 I zygote64: VMRuntime.preloadDexCaches finished
01-07 03:54:44.936  1092  1092 D Zygote64Timing: PreloadClasses took to complete: 1797ms
01-07 03:54:45.163  1092  1092 I Zygote  : Preloading resources...
01-07 03:54:45.211  1092  1092 W Resources: Preloaded drawable resource #0x1080264 (android:drawable/dialog_background_material) that varies with configuration!!
01-07 03:54:45.224  1092  1092 W Resources: Preloaded color resource #0x10600de (android:color/material_grey_800) that varies with configuration!!
01-07 03:54:45.225  1092  1092 W Resources: Preloaded drawable resource #0x10802d1 (android:drawable/floating_popup_background_dark) that varies with configuration!!
01-07 03:54:45.410  1092  1092 I Zygote  : ...preloaded 114 resources in 248ms.
01-07 03:54:45.415  1092  1092 W Resources: Preloaded color resource #0x1060036 (android:color/background_cache_hint_selector_material_dark) that varies with configuration!!
01-07 03:54:45.415  1092  1092 W Resources: Preloaded color resource #0x1060053 (android:color/btn_default_material_dark) that varies with configuration!!
01-07 03:54:45.416  1092  1092 I Zygote  : ...preloaded 41 resources in 6ms.
01-07 03:54:45.416  1092  1092 D Zygote64Timing: PreloadResources took to complete: 480ms
01-07 03:54:45.417  1092  1092 I vndksupport: sphal namespace is not configured for this process. Loading /vendor/lib64/egl/libEGL_adreno.so from the current namespace instead.
01-07 03:54:45.419  1092  1092 D libEGL  : loaded /vendor/lib64/egl/libEGL_adreno.so
01-07 03:54:45.430  1092  1092 I vndksupport: sphal namespace is not configured for this process. Loading /vendor/lib64/egl/libGLESv1_CM_adreno.so from the current namespace instead.
01-07 03:54:45.431  1092  1092 D libEGL  : loaded /vendor/lib64/egl/libGLESv1_CM_adreno.so
01-07 03:54:45.453  1092  1092 I vndksupport: sphal namespace is not configured for this process. Loading /vendor/lib64/egl/libGLESv2_adreno.so from the current namespace instead.
01-07 03:54:45.453  1092  1092 D libEGL  : loaded /vendor/lib64/egl/libGLESv2_adreno.so
01-07 03:54:45.480  1092  1092 I Zygote  : Preloading shared libraries...
01-07 03:54:45.504  1092  1092 I Zygote  : Uninstalled ICU cache reference pinning...
01-07 03:54:45.505  1092  1092 I Zygote  : Installed AndroidKeyStoreProvider in 1ms.
01-07 03:54:45.514  1092  1092 I Zygote  : Warmed up JCA providers in 9ms.
01-07 03:54:45.514  1092  1092 D Zygote  : end preload
01-07 03:54:45.514  1092  1092 D Zygote64Timing: ZygotePreload took to complete: 2407ms
01-07 03:54:45.540  1092  1092 I zygote64: Explicit concurrent copying GC freed 32126(1758KB) AllocSpace objects, 4(104KB) LOS objects, 58% free, 1068KB/2MB, paused 390us total 25.011ms
01-07 03:54:45.562  1092  1092 I zygote64: Explicit concurrent copying GC freed 6059(221KB) AllocSpace objects, 0(0B) LOS objects, 63% free, 879KB/2MB, paused 146us total 16.196ms
01-07 03:54:45.562  1092  1092 D Zygote64Timing: PostZygoteInitGC took to complete: 48ms
01-07 03:54:45.562  1092  1092 D Zygote64Timing: ZygoteInit took to complete: 2455ms
01-07 03:54:45.563  1092  1092 I         : seccomp disabled by setenforce 0
01-07 03:54:45.614  1092  1092 I Zygote  : System server process 2115 has been created
01-07 03:54:45.623  1092  1092 I Zygote  : Accepting command socket connections
01-07 03:54:45.637  2115  2115 I Zygote  : Process: zygote socket zygote_secondary opened, supported ABIS: armeabi-v7a,armeabi
01-07 03:54:45.647  2126  2126 W dex2oat : type=1400 audit(0.0:924): avc: granted { getattr } for path="/vendor" dev="rootfs" ino=8858 scontext=u:r:dex2oat:s0 tcontext=u:object_r:rootfs:s0 tclass=lnk_file
01-07 03:54:45.689  2126  2126 I dex2oat : /system/bin/dex2oat --input-vdex-fd=-1 --output-vdex-fd=8 --compiler-filter=speed -j4 --classpath-dir=/system/framework
01-07 03:54:46.229  1086  1196 E ThermalEngine: [BMHB_GOV] read failed VS_TEMP
01-07 03:54:46.413  2132  2132 E ANDR-PERF-MPCTL: Unable to create control service (stage=1, rc=0)
01-07 03:54:46.413  2132  2132 W libc    : invalid pthread_t (0) passed to libc
01-07 03:54:46.891  2133  2133 E android.hardware.nfc@1.0-impl: hw_get_module nfc_nci failed: -2
01-07 03:54:46.892  2133  2133 E android.hardware.nfc@1.0-impl: Passthrough failed to load legacy HAL.
01-07 03:54:46.892  2133  2133 E android.hardware.nfc@1.0-service: Could not get passthrough implementation for android.hardware.nfc@1.0::INfc/default.
01-07 03:54:48.957  2126  2129 W dex2oat : Compilation of void com.android.server.SystemServer.startOtherServices() took 265.869ms
01-07 03:54:50.327  2126  2130 W dex2oat : Compilation of void com.android.server.am.ActivityManagerService.dumpApplicationMemoryUsage(java.io.FileDescriptor, java.io.PrintWriter, java.lang.String, java.lang.String[], boolean, java.io.PrintWriter) took 154.548ms
01-07 03:54:51.229  1086  1196 E ThermalEngine: [BMHB_GOV] read failed VS_TEMP
01-07 03:54:51.424  2134  2134 E ANDR-PERF-MPCTL: Unable to create control service (stage=1, rc=0)
01-07 03:54:51.429  2134  2134 W libc    : invalid pthread_t (0) passed to libc
01-07 03:54:51.899  2135  2135 E android.hardware.nfc@1.0-impl: hw_get_module nfc_nci failed: -2
01-07 03:54:51.899  2135  2135 E android.hardware.nfc@1.0-impl: Passthrough failed to load legacy HAL.
01-07 03:54:51.899  2135  2135 E android.hardware.nfc@1.0-service: Could not get passthrough implementation for android.hardware.nfc@1.0::INfc/default.
01-07 03:54:54.278  2126  2129 W dex2oat : Compilation of void com.android.server.pm.DefaultPermissionGrantPolicy.grantDefaultSystemHandlerPermissions(int) took 289.628ms
01-07 03:54:54.461  2126  2126 W dex2oat : Compilation of void com.android.server.pm.PackageManagerService.<init>(android.content.Context, com.android.server.pm.Installer, boolean, boolean) took 139.375ms
01-07 03:54:55.159  2126  2126 W dex2oat : Compilation of void com.android.server.pm.PackageManagerService.installPackageLI(com.android.server.pm.PackageManagerService$InstallArgs, com.android.server.pm.PackageManagerService$PackageInstalledInfo) took 101.023ms
01-07 03:54:56.129  2126  2126 W dex2oat : Compilation of void com.android.server.pm.PackageManagerService.dump(java.io.FileDescriptor, java.io.PrintWriter, java.lang.String[]) took 242.991ms
01-07 03:54:56.229  1086  1196 E ThermalEngine: [BMHB_GOV] read failed VS_TEMP
01-07 03:54:56.436  2136  2136 E ANDR-PERF-MPCTL: Unable to create control service (stage=1, rc=0)
01-07 03:54:56.436  2136  2136 W libc    : invalid pthread_t (0) passed to libc
01-07 03:54:56.905  2137  2137 E android.hardware.nfc@1.0-impl: hw_get_module nfc_nci failed: -2
01-07 03:54:56.905  2137  2137 E android.hardware.nfc@1.0-impl: Passthrough failed to load legacy HAL.
01-07 03:54:56.906  2137  2137 E android.hardware.nfc@1.0-service: Could not get passthrough implementation for android.hardware.nfc@1.0::INfc/default.
01-07 03:54:58.367  2126  2126 I dex2oat : dex2oat took 12.680s (39.284s cpu) (threads: 4) arena alloc=10MB (10498600B) java alloc=3MB (3860952B) native alloc=34MB (36159408B) free=17MB (18104400B)
01-07 03:54:58.403  2138  2138 W dex2oat : type=1400 audit(0.0:925): avc: granted { getattr } for path="/vendor" dev="rootfs" ino=8858 scontext=u:r:dex2oat:s0 tcontext=u:object_r:rootfs:s0 tclass=lnk_file
01-07 03:54:58.445  2138  2138 I dex2oat : /system/bin/dex2oat --input-vdex-fd=-1 --output-vdex-fd=8 --compiler-filter=speed -j4 --classpath-dir=/system/framework
01-07 03:54:59.082  2138  2138 I dex2oat : dex2oat took 637.290ms (649.698ms cpu) (threads: 4) arena alloc=223KB (229368B) java alloc=64KB (66256B) native alloc=1836KB (1880664B) free=2MB (2575784B)
01-07 03:54:59.099  2143  2143 W dex2oat : type=1400 audit(0.0:926): avc: granted { getattr } for path="/vendor" dev="rootfs" ino=8858 scontext=u:r:dex2oat:s0 tcontext=u:object_r:rootfs:s0 tclass=lnk_file
01-07 03:54:59.140  2143  2143 I dex2oat : /system/bin/dex2oat --input-vdex-fd=-1 --output-vdex-fd=8 --compiler-filter=speed -j4 --classpath-dir=/system/framework
