01-03 22:39:09.342 14998 14998 E AndroidRuntime: 	at com.android.internal.os.ZygoteInit.main(ZygoteInit.java:767)
01-03 22:39:09.375 15893 15893 F DEBUG   : *** *** *** *** *** *** *** *** *** *** *** *** *** *** *** ***
01-03 22:39:09.375 15893 15893 F DEBUG   : Build fingerprint: 'lge/p1_global_com/p1:8.0/NRD90U/171931902b165:user/release-keys'
01-03 22:39:09.375 15893 15893 F DEBUG   : Revision: '11'
01-03 22:39:09.375 15893 15893 F DEBUG   : ABI: 'arm64'
01-03 22:39:09.375 15893 15893 F DEBUG   : pid: 15743, tid: 15869, name: AsyncTask #1  >>> com.android.nfc <<<
01-03 22:39:09.375 15893 15893 F DEBUG   : signal 11 (SIGSEGV), code 1 (SEGV_MAPERR), fault addr 0x0
01-03 22:39:09.375 15893 15893 F DEBUG   : Cause: null pointer dereference
01-03 22:39:09.375 15893 15893 F DEBUG   :     x0   0000007a2ac0d380  x1   0000007a1c61ec40  x2   0000007a2ac00000  x3   0000000000000002
01-03 22:39:09.375 15893 15893 F DEBUG   :     x4   000000000000000d  x5   0000007a1c61e8eb  x6   2e6c61685f636277  x7   2e746c7561666564
01-03 22:39:09.375 15893 15893 F DEBUG   :     x8   000000000000000e  x9   58f2fbf405f04005  x10  0000000000000001  x11  0000000000000000
01-03 22:39:09.375 15893 15893 F DEBUG   :     x12  000000000000001d  x13  6f732e746c756166  x14  0000007a39b37000  x15  0000007a39b37000
01-03 22:39:09.375 15893 15893 F DEBUG   :     x16  0000007a1c7379b0  x17  0000007a394586e8  x18  0000007a35307280  x19  0000000000000000
01-03 22:39:09.375 15893 15893 F DEBUG   :     x20  0000007a1c7cf16c  x21  0000007a1c7cf7f8  x22  0000007a1c61f0fc  x23  0000007a1cad289e
01-03 22:39:09.375 15893 15893 F DEBUG   :     x24  0000000000000004  x25  0000007a3550da98  x26  0000007a1c6b1000  x27  0000000000000001
01-03 22:39:09.375 15893 15893 F DEBUG   :     x28  0000000000000001  x29  0000007a1c61eda0  x30  0000007a1c7a6c98
01-03 22:39:09.375 15893 15893 F DEBUG   :     sp   0000007a1c61ed50  pc   0000007a1c7a6cf0  pstate 0000000060000000
01-03 22:39:09.385 15893 15893 F DEBUG   : 
01-03 22:39:09.385 15893 15893 F DEBUG   : backtrace:
01-03 22:39:09.385 15893 15893 F DEBUG   :     #00 pc 0000000000063cf0  /system/lib64/libnfc-nci.so (_ZN13NfcAdaptation26InitializeHalDeviceContextEv+368)
01-03 22:39:09.385 15893 15893 F DEBUG   :     #01 pc 0000000000063814  /system/lib64/libnfc-nci.so (_ZN13NfcAdaptation10InitializeEv+760)
01-03 22:39:09.385 15893 15893 F DEBUG   :     #02 pc 0000000000013358  /system/lib64/libnfc_nci_jni.so (_ZN7androidL23nfcManager_doInitializeEP7_JNIEnvP8_jobject+84)
01-03 22:39:09.385 15893 15893 F DEBUG   :     #03 pc 00000000000399bc  /data/dalvik-cache/arm64/system@app@NfcNci@NfcNci.apk@classes.dex (offset 0xf000)
01-03 22:39:09.406 15870 15870 E AndroidRuntime: FATAL EXCEPTION: main
01-03 22:39:09.406 15870 15870 E AndroidRuntime: Process: android.process.media, PID: 15870
01-03 22:39:09.406 15870 15870 E AndroidRuntime: DeadSystemException: The system died; earlier logs will point to the root cause
01-03 22:39:09.867 15919 15919 I wificond: wificond is starting up...
01-03 22:39:10.726 15915 15915 D Zygote64Timing: BeginIcuCachePinning took to complete: 20ms
01-03 22:39:11.135 15915 15915 D Zygote64Timing: PreloadClasses took to complete: 409ms
01-03 22:39:11.333 15915 15915 D Zygote64Timing: PreloadResources took to complete: 198ms
01-03 22:39:11.440 15915 15915 D Zygote64Timing: ZygotePreload took to complete: 734ms
01-03 22:39:11.547 15915 15915 D Zygote64Timing: PostZygoteInitGC took to complete: 107ms
01-03 22:39:11.547 15915 15915 D Zygote64Timing: ZygoteInit took to complete: 842ms
01-03 22:39:11.731 15991 15991 I chatty  : uid=1000 system_server expire 310 lines
01-03 22:39:11.925 15991 16004 I chatty  : uid=1000 system_server expire 10 lines
01-03 22:39:11.958 15991 16006 I chatty  : uid=1000 system_server expire 1 line
01-03 22:39:11.959 15991 16007 I chatty  : uid=1000 system_server expire 1 line
01-03 22:39:12.089 15991 16014 I chatty  : uid=1000 system_server expire 4 lines
01-03 22:39:12.106 15991 16016 I chatty  : uid=1000 system_server expire 1 line
01-03 22:39:12.816 15991 16031 I chatty  : uid=1000 system_server expire 8 lines
01-03 22:39:12.957 15991 16033 I chatty  : uid=1000 system_server expire 1 line
01-03 22:39:12.960 15991 16034 I chatty  : uid=1000 system_server expire 6 lines
01-03 22:39:12.961 15991 16035 I chatty  : uid=1000 system_server expire 3 lines
01-03 22:39:13.088 15991 16043 I chatty  : uid=1000 system_server expire 1 line
01-03 22:39:15.338 15991 16067 I chatty  : uid=1000 system_server expire 9 lines
01-03 22:39:15.340 15991 16069 I chatty  : uid=1000 system_server expire 1 line
01-03 22:39:15.346 15991 16068 I chatty  : uid=1000 system_server expire 2 lines
01-03 22:39:15.416 15991 16005 I chatty  : uid=1000 system_server expire 2 lines
01-03 22:39:15.456 15991 16070 I chatty  : uid=1000 system_server expire 1 line
01-03 22:39:15.499 15991 16073 I chatty  : uid=1000 system_server expire 1 line
01-03 22:39:15.789 15991 16065 I chatty  : uid=1000 system_server expire 1 line
01-03 22:39:15.920 15991 15991 I chatty  : uid=1000 system_server expire 8 lines
01-03 22:39:15.944 15991 15991 D SystemServerTiming: StartCompanionDeviceManager took to complete: 7ms
01-03 22:39:15.944 15991 15991 I SystemServer: StartRestrictionManager
01-03 22:39:15.945 15991 15991 I SystemServiceManager: Starting com.android.server.restrictions.RestrictionsManagerService
01-03 22:39:15.948 15991 15991 D SystemServerTiming: StartRestrictionManager took to complete: 4ms
01-03 22:39:15.948 15991 15991 I SystemServer: StartMediaSessionService
01-03 22:39:15.948 15991 15991 I SystemServiceManager: Starting com.android.server.media.MediaSessionService
01-03 22:39:15.956 15991 15991 D SystemServerTiming: StartMediaSessionService took to complete: 8ms
01-03 22:39:15.956 15991 15991 I SystemServer: StartMediaResourceMonitor
01-03 22:39:15.957 15991 15991 I SystemServiceManager: Starting com.android.server.media.MediaResourceMonitorService
01-03 22:39:15.959 15991 15991 D SystemServerTiming: StartMediaResourceMonitor took to complete: 3ms
01-03 22:39:15.959 15991 15991 I SystemServer: StartMediaRouterService
01-03 22:39:15.962 15991 15991 D SystemServerTiming: StartMediaRouterService took to complete: 3ms
01-03 22:39:15.962 15991 15991 I SystemServer: StartBackgroundDexOptService
01-03 22:39:15.964 15991 15991 D SystemServerTiming: StartBackgroundDexOptService took to complete: 2ms
01-03 22:39:15.964 15991 15991 I SystemServer: StartPruneInstantAppsJobService
01-03 22:39:15.965 15991 15991 D SystemServerTiming: StartPruneInstantAppsJobService took to complete: 1ms
01-03 22:39:15.965 15991 15991 I SystemServer: StartShortcutServiceLifecycle
01-03 22:39:15.965 15991 15991 I SystemServiceManager: Starting com.android.server.pm.ShortcutService$Lifecycle
01-03 22:39:15.975 15991 15991 D SystemServerTiming: StartShortcutServiceLifecycle took to complete: 10ms
01-03 22:39:15.975 15991 15991 I SystemServer: StartLauncherAppsService
01-03 22:39:15.976 15991 15991 I SystemServiceManager: Starting com.android.server.pm.LauncherAppsService
01-03 22:39:15.979 15991 15991 D SystemServerTiming: StartLauncherAppsService took to complete: 4ms
01-03 22:39:15.980 15991 15991 I SystemServer: Starting PocketService
01-03 22:39:15.981 15991 15991 I SystemServiceManager: Starting com.android.server.pocket.PocketService
01-03 22:39:15.990 15991 15991 I SystemServer: StartMediaProjectionManager
01-03 22:39:15.991 15991 15991 I SystemServiceManager: Starting com.android.server.media.projection.MediaProjectionManagerService
01-03 22:39:16.005 15991 15991 D SystemServerTiming: StartMediaProjectionManager took to complete: 14ms
01-03 22:39:17.006 15991 15991 W WindowManager: Devices still not ready after waiting 1000 milliseconds before attempting to detect safe mode.
01-03 22:39:17.017 15991 15991 I SystemServer: StartJitCompilation
01-03 22:39:17.018 15991 15991 D SystemServerTiming: StartJitCompilation took to complete: 0ms
01-03 22:39:17.018 15991 15991 I SystemServer: StartMmsService
01-03 22:39:17.019 15991 15991 I SystemServiceManager: Starting com.android.server.MmsServiceBroker
01-03 22:39:17.024 15991 15991 D SystemServerTiming: StartMmsService took to complete: 6ms
01-03 22:39:17.025 15991 15991 I SystemServer: StartRetailDemoModeService
01-03 22:39:17.026 15991 15991 I SystemServiceManager: Starting com.android.server.retaildemo.RetailDemoModeService
01-03 22:39:17.032 15991 16126 I ServiceThread: Enabled StrictMode logging for RetailDemoModeService looper.
01-03 22:39:17.033 15991 15991 D SystemServerTiming: StartRetailDemoModeService took to complete: 8ms
01-03 22:39:17.034 15991 15991 I SystemServer: StartAutoFillService
01-03 22:39:17.035 15991 15991 I SystemServiceManager: Starting com.android.server.autofill.AutofillManagerService
01-03 22:39:17.038 15991 15991 I AutofillManagerService: Setting debug to true
01-03 22:39:17.048 15991 15991 D SystemServerTiming: StartAutoFillService took to complete: 14ms
01-03 22:39:17.048 15991 15991 I SystemServer: MakeVibratorServiceReady
01-03 22:39:17.054 15991 15991 D SystemServerTiming: MakeVibratorServiceReady took to complete: 6ms
01-03 22:39:17.055 15991 15991 I SystemServer: MakeLockSettingsServiceReady
01-03 22:39:17.097 15991 15991 E LockSettingsStorage: Cannot read file java.io.FileNotFoundException: /data/system/gatekeeper.password.key: open failed: ENOENT (No such file or directory)
01-03 22:39:17.098 15991 15991 E LockSettingsStorage: Cannot read file java.io.FileNotFoundException: /data/system/password.key: open failed: ENOENT (No such file or directory)
01-03 22:39:17.100 15991 15991 E LockSettingsStorage: Cannot read file java.io.FileNotFoundException: /data/system/gatekeeper.pattern.key: open failed: ENOENT (No such file or directory)
01-03 22:39:17.101 15991 15991 E LockSettingsStorage: Cannot read file java.io.FileNotFoundException: /data/system/gatekeeper.gesture.key: open failed: ENOENT (No such file or directory)
01-03 22:39:17.101 15991 15991 E LockSettingsStorage: Cannot read file java.io.FileNotFoundException: /data/system/gesture.key: open failed: ENOENT (No such file or directory)
01-03 22:39:17.102 15991 15991 D SystemServerTiming: MakeLockSettingsServiceReady took to complete: 47ms
01-03 22:39:17.102 15991 15991 I SystemServer: StartBootPhaseLockSettingsReady
01-03 22:39:17.102 15991 15991 I SystemServiceManager: Starting phase 480
01-03 22:39:17.108 15991 15991 E System  : ******************************************
01-03 22:39:17.110 15991 15991 E System  : ************ Failure starting system services
01-03 22:39:17.110 15991 15991 E System  : java.lang.RuntimeException: Failed to boot service com.android.server.devicepolicy.DevicePolicyManagerService$Lifecycle: onBootPhase threw an exception during phase 480
01-03 22:39:17.110 15991 15991 E System  : 	at com.android.server.SystemServiceManager.startBootPhase(SystemServiceManager.java:154)
01-03 22:39:17.110 15991 15991 E System  : 	at com.android.server.SystemServer.startOtherServices(SystemServer.java:1573)
01-03 22:39:17.110 15991 15991 E System  : 	at com.android.server.SystemServer.run(SystemServer.java:398)
01-03 22:39:17.110 15991 15991 E System  : 	at com.android.server.SystemServer.main(SystemServer.java:262)
01-03 22:39:17.110 15991 15991 E System  : 	at java.lang.reflect.Method.invoke(Native Method)
01-03 22:39:17.110 15991 15991 E System  : 	at com.android.internal.os.Zygote$MethodAndArgsCaller.run(Zygote.java:240)
01-03 22:39:17.110 15991 15991 E System  : 	at com.android.internal.os.ZygoteInit.main(ZygoteInit.java:767)
01-03 22:39:17.110 15991 15991 E System  : Caused by: java.lang.NullPointerException: Attempt to invoke virtual method 'com.android.server.am.ActivityRecord com.android.server.am.ActivityStack.topRunningActivityLocked()' on a null object reference
01-03 22:39:17.110 15991 15991 E System  : 	at com.android.server.am.ActivityStackSupervisor.topRunningActivityLocked(ActivityStackSupervisor.java:1203)
01-03 22:39:17.110 15991 15991 E System  : 	at com.android.server.am.ActivityStackSupervisor.onLockTaskPackagesUpdatedLocked(ActivityStackSupervisor.java:4323)
01-03 22:39:17.110 15991 15991 E System  : 	at com.android.server.am.ActivityManagerService.updateLockTaskPackages(ActivityManagerService.java:10766)
01-03 22:39:17.110 15991 15991 E System  : 	at com.android.server.devicepolicy.DevicePolicyManagerService.updateLockTaskPackagesLocked(DevicePolicyManagerService.java:2928)
01-03 22:39:17.110 15991 15991 E System  : 	at com.android.server.devicepolicy.DevicePolicyManagerService.loadSettingsLocked(DevicePolicyManagerService.java:2919)
01-03 22:39:17.110 15991 15991 E System  : 	at com.android.server.devicepolicy.DevicePolicyManagerService.getUserData(DevicePolicyManagerService.java:1883)
01-03 22:39:17.110 15991 15991 E System  : 	at com.android.server.devicepolicy.DevicePolicyManagerService.onLockSettingsReady(DevicePolicyManagerService.java:3004)
01-03 22:39:17.110 15991 15991 E System  : 	at com.android.server.devicepolicy.DevicePolicyManagerService.systemReady(DevicePolicyManagerService.java:2995)
01-03 22:39:17.110 15991 15991 E System  : 	at com.android.server.devicepolicy.DevicePolicyManagerService$Lifecycle.onBootPhase(DevicePolicyManagerService.java:461)
01-03 22:39:17.110 15991 15991 E System  : 	at com.android.server.SystemServiceManager.startBootPhase(SystemServiceManager.java:152)
01-03 22:39:17.110 15991 15991 E System  : 	... 6 more
01-03 22:39:17.110 15991 15991 D SystemServerTiming: StartBootPhaseLockSettingsReady took to complete: 8ms
01-03 22:39:17.112 15991 15991 E AndroidRuntime: *** FATAL EXCEPTION IN SYSTEM PROCESS: main
01-03 22:39:17.112 15991 15991 E AndroidRuntime: java.lang.RuntimeException: Failed to boot service com.android.server.devicepolicy.DevicePolicyManagerService$Lifecycle: onBootPhase threw an exception during phase 480
01-03 22:39:17.112 15991 15991 E AndroidRuntime: 	at com.android.server.SystemServiceManager.startBootPhase(SystemServiceManager.java:154)
01-03 22:39:17.112 15991 15991 E AndroidRuntime: 	at com.android.server.SystemServer.startOtherServices(SystemServer.java:1573)
01-03 22:39:17.112 15991 15991 E AndroidRuntime: 	at com.android.server.SystemServer.run(SystemServer.java:398)
01-03 22:39:17.112 15991 15991 E AndroidRuntime: 	at com.android.server.SystemServer.main(SystemServer.java:262)
01-03 22:39:17.112 15991 15991 E AndroidRuntime: 	at java.lang.reflect.Method.invoke(Native Method)
01-03 22:39:17.112 15991 15991 E AndroidRuntime: 	at com.android.internal.os.Zygote$MethodAndArgsCaller.run(Zygote.java:240)
01-03 22:39:17.112 15991 15991 E AndroidRuntime: 	at com.android.internal.os.ZygoteInit.main(ZygoteInit.java:767)
01-03 22:39:17.112 15991 15991 E AndroidRuntime: Caused by: java.lang.NullPointerException: Attempt to invoke virtual method 'com.android.server.am.ActivityRecord com.android.server.am.ActivityStack.topRunningActivityLocked()' on a null object reference
01-03 22:39:17.112 15991 15991 E AndroidRuntime: 	at com.android.server.am.ActivityStackSupervisor.topRunningActivityLocked(ActivityStackSupervisor.java:1203)
01-03 22:39:17.112 15991 15991 E AndroidRuntime: 	at com.android.server.am.ActivityStackSupervisor.onLockTaskPackagesUpdatedLocked(ActivityStackSupervisor.java:4323)
01-03 22:39:17.112 15991 15991 E AndroidRuntime: 	at com.android.server.am.ActivityManagerService.updateLockTaskPackages(ActivityManagerService.java:10766)
01-03 22:39:17.112 15991 15991 E AndroidRuntime: 	at com.android.server.devicepolicy.DevicePolicyManagerService.updateLockTaskPackagesLocked(DevicePolicyManagerService.java:2928)
01-03 22:39:17.112 15991 15991 E AndroidRuntime: 	at com.android.server.devicepolicy.DevicePolicyManagerService.loadSettingsLocked(DevicePolicyManagerService.java:2919)
01-03 22:39:17.112 15991 15991 E AndroidRuntime: 	at com.android.server.devicepolicy.DevicePolicyManagerService.getUserData(DevicePolicyManagerService.java:1883)
01-03 22:39:17.112 15991 15991 E AndroidRuntime: 	at com.android.server.devicepolicy.DevicePolicyManagerService.onLockSettingsReady(DevicePolicyManagerService.java:3004)
01-03 22:39:17.112 15991 15991 E AndroidRuntime: 	at com.android.server.devicepolicy.DevicePolicyManagerService.systemReady(DevicePolicyManagerService.java:2995)
01-03 22:39:17.112 15991 15991 E AndroidRuntime: 	at com.android.server.devicepolicy.DevicePolicyManagerService$Lifecycle.onBootPhase(DevicePolicyManagerService.java:461)
01-03 22:39:17.112 15991 15991 E AndroidRuntime: 	at com.android.server.SystemServiceManager.startBootPhase(SystemServiceManager.java:152)
01-03 22:39:17.112 15991 15991 E AndroidRuntime: 	... 6 more
01-03 22:39:17.558 16132 16132 I wificond: wificond is starting up...
01-03 22:39:18.336 16128 16128 D Zygote64Timing: BeginIcuCachePinning took to complete: 10ms
01-03 22:39:18.720 16128 16128 D Zygote64Timing: PreloadClasses took to complete: 384ms
01-03 22:39:18.949 16128 16128 D Zygote64Timing: PreloadResources took to complete: 229ms
01-03 22:39:19.057 16128 16128 D Zygote64Timing: ZygotePreload took to complete: 731ms
01-03 22:39:19.159 16128 16128 D Zygote64Timing: PostZygoteInitGC took to complete: 102ms
01-03 22:39:19.159 16128 16128 D Zygote64Timing: ZygoteInit took to complete: 834ms
01-03 22:39:19.335 16211 16211 I chatty  : uid=1000 system_server expire 608 lines
01-03 22:39:19.538 16211 16224 I chatty  : uid=1000 system_server expire 11 lines
01-03 22:39:19.570 16211 16226 I chatty  : uid=1000 system_server expire 3 lines
01-03 22:39:19.572 16211 16227 I chatty  : uid=1000 system_server expire 1 line
01-03 22:39:19.699 16211 16235 I chatty  : uid=1000 system_server expire 4 lines
01-03 22:39:19.710 16211 16237 I chatty  : uid=1000 system_server expire 2 lines
01-03 22:39:20.137 16211 16254 I chatty  : uid=1000 system_server expire 8 lines
01-03 22:39:20.299 16211 16256 I chatty  : uid=1000 system_server expire 1 line
01-03 22:39:20.304 16211 16257 I chatty  : uid=1000 system_server expire 6 lines
01-03 22:39:20.308 16211 16258 I chatty  : uid=1000 system_server expire 9 lines
01-03 22:39:20.426 16211 16268 I chatty  : uid=1000 system_server expire 1 line
01-03 22:39:22.889 16211 16225 I chatty  : uid=1000 system_server expire 4 lines
01-03 22:39:22.932 16211 16319 I chatty  : uid=1000 system_server expire 2 lines
01-03 22:39:22.950 16211 16334 I chatty  : uid=1000 system_server expire 16 lines
01-03 22:39:22.952 16211 16336 I chatty  : uid=1000 system_server expire 2 lines
01-03 22:39:22.955 16211 16335 I chatty  : uid=1000 system_server expire 15 lines
01-03 22:39:23.036 16211 16353 I chatty  : uid=1000 system_server expire 1 line
01-03 22:39:23.062 16211 16357 I chatty  : uid=1000 system_server expire 1 line
01-03 22:39:23.347 16211 16317 I chatty  : uid=1000 system_server expire 2 lines
01-03 22:39:23.540 16211 16388 I chatty  : uid=1000 system_server expire 1 line
01-03 22:39:23.700 16211 16375 I chatty  : uid=1000 system_server expire 1 line
01-03 22:39:23.793 16211 16234 I chatty  : uid=1000 system_server expire 6 lines
01-03 22:39:23.886  1280  1575 D vold    : e4crypt_unlock_user_key 0 serial=0 token_present=0
01-03 22:39:23.920 16211 16382 I chatty  : uid=1000 system_server expire 1 line
01-03 22:39:23.975 16211 16229 I chatty  : uid=1000 system_server expire 3 lines
01-03 22:39:24.006 16211 16356 I chatty  : uid=1000 system_server expire 1 line
01-03 22:39:24.287 16211 16223 I chatty  : uid=1000 system_server expire 1 line
01-03 22:39:24.341 16211 16233 I chatty  : uid=1000 system_server expire 1 line
01-03 22:39:24.354  1280  1574 V vold    : Waiting for FUSE to spin up...
01-03 22:39:24.534 16211 16616 I chatty  : uid=1000 system_server expire 1 line
01-03 22:39:24.553 16211 16621 I chatty  : uid=1000 system_server expire 1 line
01-03 22:39:24.564 16211 16625 I chatty  : uid=1000 system_server expire 1 line
01-03 22:39:24.625 16211 16222 I chatty  : uid=1000 system_server expire 1 line
01-03 22:39:24.758 16211 16603 I chatty  : uid=1000 system_server expire 2 lines
01-03 22:39:24.924 16211 16375 I chatty  : uid=1000 system_server expire 2 lines
01-03 22:39:24.996 16563 16563 I TelecomFramework: TtyManager: updateUiTtyMode -1 -> 0
01-03 22:39:25.196 16421 16421 I StatusBar: isKeyguardShowing() called before startKeyguard(), returning true
01-03 22:39:25.196 16421 16421 W StatusBar: isKeyguardSecure() called before startKeyguard(), returning false
01-03 22:39:25.196 16421 16421 W StatusBar: java.lang.Throwable
01-03 22:39:25.196 16421 16421 W StatusBar: 	at com.android.systemui.statusbar.phone.StatusBar.isKeyguardSecure(StatusBar.java:7135)
01-03 22:39:25.196 16421 16421 W StatusBar: 	at com.android.systemui.statusbar.phone.StatusBar.isCameraAllowedByAdmin(StatusBar.java:5171)
01-03 22:39:25.196 16421 16421 W StatusBar: 	at com.android.systemui.statusbar.phone.KeyguardBottomAreaView$DefaultRightButton.getIcon(KeyguardBottomAreaView.java:850)
01-03 22:39:25.196 16421 16421 W StatusBar: 	at com.android.systemui.statusbar.phone.KeyguardBottomAreaView.updateCameraVisibility(KeyguardBottomAreaView.java:371)
01-03 22:39:25.196 16421 16421 W StatusBar: 	at com.android.systemui.statusbar.phone.KeyguardBottomAreaView.setStatusBar(KeyguardBottomAreaView.java:340)
01-03 22:39:25.196 16421 16421 W StatusBar: 	at com.android.systemui.statusbar.phone.StatusBar.makeStatusBarView(StatusBar.java:1182)
01-03 22:39:25.196 16421 16421 W StatusBar: 	at com.android.systemui.statusbar.phone.StatusBar.addStatusBarWindow(StatusBar.java:3573)
01-03 22:39:25.196 16421 16421 W StatusBar: 	at com.android.systemui.statusbar.phone.StatusBar.createAndAddWindows(StatusBar.java:3569)
01-03 22:39:25.196 16421 16421 W StatusBar: 	at com.android.systemui.statusbar.phone.StatusBar.start(StatusBar.java:884)
01-03 22:39:25.196 16421 16421 W StatusBar: 	at com.android.systemui.SystemBars.createStatusBarFromConfig(SystemBars.java:71)
01-03 22:39:25.196 16421 16421 W StatusBar: 	at com.android.systemui.SystemBars.start(SystemBars.java:42)
01-03 22:39:25.196 16421 16421 W StatusBar: 	at com.android.systemui.SystemUIApplication.startServicesIfNeeded(SystemUIApplication.java:208)
01-03 22:39:25.196 16421 16421 W StatusBar: 	at com.android.systemui.SystemUIApplication.startServicesIfNeeded(SystemUIApplication.java:163)
01-03 22:39:25.196 16421 16421 W StatusBar: 	at com.android.systemui.SystemUIService.onCreate(SystemUIService.java:33)
01-03 22:39:25.196 16421 16421 W StatusBar: 	at android.app.ActivityThread.handleCreateService(ActivityThread.java:3404)
01-03 22:39:25.196 16421 16421 W StatusBar: 	at android.app.ActivityThread.-wrap4(Unknown Source:0)
01-03 22:39:25.196 16421 16421 W StatusBar: 	at android.app.ActivityThread$H.handleMessage(ActivityThread.java:1683)
01-03 22:39:25.196 16421 16421 W StatusBar: 	at android.os.Handler.dispatchMessage(Handler.java:105)
01-03 22:39:25.196 16421 16421 W StatusBar: 	at android.os.Looper.loop(Looper.java:164)
01-03 22:39:25.196 16421 16421 W StatusBar: 	at android.app.ActivityThread.main(ActivityThread.java:6541)
01-03 22:39:25.196 16421 16421 W StatusBar: 	at java.lang.reflect.Method.invoke(Native Method)
01-03 22:39:25.196 16421 16421 W StatusBar: 	at com.android.internal.os.Zygote$MethodAndArgsCaller.run(Zygote.java:240)
01-03 22:39:25.196 16421 16421 W StatusBar: 	at com.android.internal.os.ZygoteInit.main(ZygoteInit.java:767)
01-03 22:39:25.201 16421 16421 I StatusBar: isKeyguardShowing() called before startKeyguard(), returning true
01-03 22:39:25.202 16421 16421 W StatusBar: isKeyguardSecure() called before startKeyguard(), returning false
01-03 22:39:25.202 16421 16421 W StatusBar: java.lang.Throwable
01-03 22:39:25.202 16421 16421 W StatusBar: 	at com.android.systemui.statusbar.phone.StatusBar.isKeyguardSecure(StatusBar.java:7135)
01-03 22:39:25.202 16421 16421 W StatusBar: 	at com.android.systemui.statusbar.phone.StatusBar.isCameraAllowedByAdmin(StatusBar.java:5171)
01-03 22:39:25.202 16421 16421 W StatusBar: 	at com.android.systemui.statusbar.phone.KeyguardBottomAreaView$DefaultRightButton.getIcon(KeyguardBottomAreaView.java:850)
01-03 22:39:25.202 16421 16421 W StatusBar: 	at com.android.systemui.statusbar.phone.KeyguardBottomAreaView.updateCameraVisibility(KeyguardBottomAreaView.java:371)
01-03 22:39:25.202 16421 16421 W StatusBar: 	at com.android.systemui.statusbar.phone.KeyguardBottomAreaView.setUserSetupComplete(KeyguardBottomAreaView.java:349)
01-03 22:39:25.202 16421 16421 W StatusBar: 	at com.android.systemui.statusbar.phone.StatusBar.makeStatusBarView(StatusBar.java:1183)
01-03 22:39:25.202 16421 16421 W StatusBar: 	at com.android.systemui.statusbar.phone.StatusBar.addStatusBarWindow(StatusBar.java:3573)
01-03 22:39:25.202 16421 16421 W StatusBar: 	at com.android.systemui.statusbar.phone.StatusBar.createAndAddWindows(StatusBar.java:3569)
01-03 22:39:25.202 16421 16421 W StatusBar: 	at com.android.systemui.statusbar.phone.StatusBar.start(StatusBar.java:884)
01-03 22:39:25.202 16421 16421 W StatusBar: 	at com.android.systemui.SystemBars.createStatusBarFromConfig(SystemBars.java:71)
01-03 22:39:25.202 16421 16421 W StatusBar: 	at com.android.systemui.SystemBars.start(SystemBars.java:42)
01-03 22:39:25.202 16421 16421 W StatusBar: 	at com.android.systemui.SystemUIApplication.startServicesIfNeeded(SystemUIApplication.java:208)
01-03 22:39:25.202 16421 16421 W StatusBar: 	at com.android.systemui.SystemUIApplication.startServicesIfNeeded(SystemUIApplication.java:163)
01-03 22:39:25.202 16421 16421 W StatusBar: 	at com.android.systemui.SystemUIService.onCreate(SystemUIService.java:33)
01-03 22:39:25.202 16421 16421 W StatusBar: 	at android.app.ActivityThread.handleCreateService(ActivityThread.java:3404)
01-03 22:39:25.202 16421 16421 W StatusBar: 	at android.app.ActivityThread.-wrap4(Unknown Source:0)
01-03 22:39:25.202 16421 16421 W StatusBar: 	at android.app.ActivityThread$H.handleMessage(ActivityThread.java:1683)
01-03 22:39:25.202 16421 16421 W StatusBar: 	at android.os.Handler.dispatchMessage(Handler.java:105)
01-03 22:39:25.202 16421 16421 W StatusBar: 	at android.os.Looper.loop(Looper.java:164)
01-03 22:39:25.202 16421 16421 W StatusBar: 	at android.app.ActivityThread.main(ActivityThread.java:6541)
01-03 22:39:25.202 16421 16421 W StatusBar: 	at java.lang.reflect.Method.invoke(Native Method)
01-03 22:39:25.202 16421 16421 W StatusBar: 	at com.android.internal.os.Zygote$MethodAndArgsCaller.run(Zygote.java:240)
01-03 22:39:25.202 16421 16421 W StatusBar: 	at com.android.internal.os.ZygoteInit.main(ZygoteInit.java:767)
01-03 22:39:25.293 16211 16222 I chatty  : uid=1000 system_server expire 1 line
01-03 22:39:25.301 16563 16563 I TelecomFramework: AccountEntry: Registered phoneAccount: [[ ] PhoneAccount: ComponentInfo{com.android.phone/com.android.services.telephony.TelephonyConnectionService}, [e0184adedf913b076626646d3f52c3b49c39ad6d], UserHandle{0} Capabilities: CallProvider MultiUser PlaceEmerg SimSub  Audio Routes: BESW Schemes: tel voicemail  Extras: null GroupId: [da39a3ee5e6b4b0d3255bfef95601890afd80709]] with handle: ComponentInfo{com.android.phone/com.android.services.telephony.TelephonyConnectionService}, [e0184adedf913b076626646d3f52c3b49c39ad6d], UserHandle{0}
01-03 22:39:25.302 16563 16563 I TelecomFramework: PstnIncomingCallNotifier: Registering: Handler (com.android.internal.telephony.GsmCdmaPhone) {f846421}
01-03 22:39:25.317 16563 16563 I TelecomFramework: PstnPhoneCapabilitiesNotifier: handleVideoCapabilitesChanged. Video capability - false
01-03 22:39:25.329 16211 16223 I chatty  : uid=1000 system_server expire 1 line
01-03 22:39:25.344 16421 16421 I StatusBar: isKeyguardShowing() called before startKeyguard(), returning true
01-03 22:39:25.345 16421 16421 W StatusBar: isKeyguardSecure() called before startKeyguard(), returning false
01-03 22:39:25.345 16421 16421 W StatusBar: java.lang.Throwable
01-03 22:39:25.345 16421 16421 W StatusBar: 	at com.android.systemui.statusbar.phone.StatusBar.isKeyguardSecure(StatusBar.java:7135)
01-03 22:39:25.345 16421 16421 W StatusBar: 	at com.android.systemui.statusbar.phone.StatusBar.isCameraAllowedByAdmin(StatusBar.java:5171)
01-03 22:39:25.345 16421 16421 W StatusBar: 	at com.android.systemui.statusbar.phone.KeyguardBottomAreaView$DefaultRightButton.getIcon(KeyguardBottomAreaView.java:850)
01-03 22:39:25.345 16421 16421 W StatusBar: 	at com.android.systemui.statusbar.phone.KeyguardBottomAreaView.updateCameraVisibility(KeyguardBottomAreaView.java:371)
01-03 22:39:25.345 16421 16421 W StatusBar: 	at com.android.systemui.statusbar.phone.KeyguardBottomAreaView.setUserSetupComplete(KeyguardBottomAreaView.java:349)
01-03 22:39:25.345 16421 16421 W StatusBar: 	at com.android.systemui.statusbar.phone.StatusBar$1.onUserSetupChanged(StatusBar.java:512)
01-03 22:39:25.345 16421 16421 W StatusBar: 	at com.android.systemui.statusbar.policy.DeviceProvisionedControllerImpl.addCallback(DeviceProvisionedControllerImpl.java:69)
01-03 22:39:25.345 16421 16421 W StatusBar: 	at com.android.systemui.statusbar.policy.DeviceProvisionedControllerImpl.addCallback(DeviceProvisionedControllerImpl.java:63)
01-03 22:39:25.345 16421 16421 W StatusBar: 	at com.android.systemui.statusbar.phone.StatusBar.makeStatusBarView(StatusBar.java:1271)
01-03 22:39:25.345 16421 16421 W StatusBar: 	at com.android.systemui.statusbar.phone.StatusBar.addStatusBarWindow(StatusBar.java:3573)
01-03 22:39:25.345 16421 16421 W StatusBar: 	at com.android.systemui.statusbar.phone.StatusBar.createAndAddWindows(StatusBar.java:3569)
01-03 22:39:25.345 16421 16421 W StatusBar: 	at com.android.systemui.statusbar.phone.StatusBar.start(StatusBar.java:884)
01-03 22:39:25.345 16421 16421 W StatusBar: 	at com.android.systemui.SystemBars.createStatusBarFromConfig(SystemBars.java:71)
01-03 22:39:25.345 16421 16421 W StatusBar: 	at com.android.systemui.SystemBars.start(SystemBars.java:42)
01-03 22:39:25.345 16421 16421 W StatusBar: 	at com.android.systemui.SystemUIApplication.startServicesIfNeeded(SystemUIApplication.java:208)
01-03 22:39:25.345 16421 16421 W StatusBar: 	at com.android.systemui.SystemUIApplication.startServicesIfNeeded(SystemUIApplication.java:163)
01-03 22:39:25.345 16421 16421 W StatusBar: 	at com.android.systemui.SystemUIService.onCreate(SystemUIService.java:33)
01-03 22:39:25.345 16421 16421 W StatusBar: 	at android.app.ActivityThread.handleCreateService(ActivityThread.java:3404)
01-03 22:39:25.345 16421 16421 W StatusBar: 	at android.app.ActivityThread.-wrap4(Unknown Source:0)
01-03 22:39:25.345 16421 16421 W StatusBar: 	at android.app.ActivityThread$H.handleMessage(ActivityThread.java:1683)
01-03 22:39:25.345 16421 16421 W StatusBar: 	at android.os.Handler.dispatchMessage(Handler.java:105)
01-03 22:39:25.345 16421 16421 W StatusBar: 	at android.os.Looper.loop(Looper.java:164)
01-03 22:39:25.345 16421 16421 W StatusBar: 	at android.app.ActivityThread.main(ActivityThread.java:6541)
01-03 22:39:25.345 16421 16421 W StatusBar: 	at java.lang.reflect.Method.invoke(Native Method)
01-03 22:39:25.345 16421 16421 W StatusBar: 	at com.android.internal.os.Zygote$MethodAndArgsCaller.run(Zygote.java:240)
01-03 22:39:25.345 16421 16421 W StatusBar: 	at com.android.internal.os.ZygoteInit.main(ZygoteInit.java:767)
01-03 22:39:25.638 16211 16536 D CryptdConnector: SND -> {3 cryptfs getpw}
01-03 22:39:25.639  1280  1575 D VoldCryptCmdListener: cryptfs getpw
01-03 22:39:25.639 16211 16336 D CryptdConnector: RCV <- {200 3 -1}
01-03 22:39:25.641 16211 16536 D CryptdConnector: SND -> {4 cryptfs clearpw}
01-03 22:39:25.641  1280  1575 D VoldCryptCmdListener: cryptfs clearpw
01-03 22:39:25.641 16211 16336 D CryptdConnector: RCV <- {200 4 0}
01-03 22:39:25.841 16211 16211 D BluetoothManagerService: Bluetooth Adapter address changed to 22:22:67:C6:69:73
01-03 22:39:25.842 16211 16211 D BluetoothManagerService: Stored Bluetoothaddress: 22:22:67:C6:69:73
01-03 22:39:25.847 16211 16211 D BluetoothManagerService: Bluetooth Adapter name changed to LG G4
01-03 22:39:25.847 16211 16211 D BluetoothManagerService: Stored Bluetooth name: LG G4
01-03 22:39:25.855 16211 16234 D BluetoothManagerService: MESSAGE_BLUETOOTH_STATE_CHANGE: BLE_TURNING_ON > BLE_ON
01-03 22:39:25.855 16211 16234 D BluetoothManagerService: Bluetooth is in LE only mode
01-03 22:39:25.855 16211 16234 D BluetoothManagerService: Binding Bluetooth GATT service
01-03 22:39:25.855 16211 16234 D BluetoothManagerService: Sending BLE State Change: BLE_TURNING_ON > BLE_ON
01-03 22:39:25.856 16211 16211 D BluetoothManagerService: BluetoothServiceConnection: com.android.bluetooth.gatt.GattService
01-03 22:39:25.856 16211 16234 D BluetoothManagerService: MESSAGE_BLUETOOTH_SERVICE_CONNECTED: 2
01-03 22:39:25.857 16211 16234 D BluetoothManagerService: BluetoothGatt Service is Up
01-03 22:39:25.867 16211 16211 I Telecom : : - Got BluetoothHeadset: com.android.server.telecom.BluetoothHeadsetProxy@3b3c041: BMSL.oSC@AAo
01-03 22:39:25.867 16211 16234 D BluetoothManagerService: Persisting Bluetooth Setting: 1
01-03 22:39:25.867 16211 16234 D BluetoothManagerService: MESSAGE_BLUETOOTH_STATE_CHANGE: BLE_ON > TURNING_ON
01-03 22:39:25.867 16211 16234 D BluetoothManagerService: Sending BLE State Change: BLE_ON > TURNING_ON
01-03 22:39:25.998 16211 16359 D WifiService: New client listening to asynchronous messages
01-03 22:39:26.039 16211 16234 D BluetoothManagerService: MESSAGE_BLUETOOTH_STATE_CHANGE: TURNING_ON > ON
01-03 22:39:26.039 16211 16234 D BluetoothManagerService: Broadcasting onBluetoothStateChange(true) to 9 receivers.
01-03 22:39:26.039 16211 16234 D BluetoothManagerService: Sending BLE State Change: TURNING_ON > ON
01-03 22:39:26.044 16211 16211 I Telecom : BluetoothPhoneService: queryPhoneState: BPSI.qPS@AAs
01-03 22:39:26.045 16211 16211 I Telecom : BluetoothPhoneService: updateHeadsetWithCallState numActive 0, numHeld 0, callState 6, ringing number [da39a3ee5e6b4b0d3255bfef95601890afd80709], ringing type 128: BPSI.qPS@AAs
01-03 22:39:27.402 16211 16235 I WindowManager: ******* TELLING SURFACE FLINGER WE ARE BOOTED!
01-03 22:39:29.192 16211 16235 W ActivityManager: Unable to mark boot complete for abi: armeabi-v7a (android.os.ServiceSpecificException: Failed to unlink /data//dalvik-cache/arm/.booting (code 2))
01-03 22:39:29.194 16211 16235 I SystemServiceManager: Starting phase 1000
01-03 22:39:29.200 16211 16235 D NightDisplayService: setUp: currentUser=0
01-03 22:39:29.205 16211 16235 D NightDisplayService: onAutoModeChanged: autoMode=0
01-03 22:39:29.206 16583 16583 W ContextImpl: Calling a method in the system process without a qualified user: android.app.ContextImpl.startActivity:838 android.content.ContextWrapper.startActivity:366 android.content.ContextWrapper.startActivity:366 com.android.settings.deviceinfo.UsbModeChooserReceiver.onReceive:69 android.app.ActivityThread.handleReceiver:3252 
01-03 22:39:29.206 16211 16235 I NightDisplayService: Turning off night display
01-03 22:39:29.206 16583 16583 W ContextImpl: Calling a method in the system process without a qualified user: android.app.ContextImpl.startActivity:850 android.app.ContextImpl.startActivity:839 android.content.ContextWrapper.startActivity:366 android.content.ContextWrapper.startActivity:366 com.android.settings.deviceinfo.UsbModeChooserReceiver.onReceive:69 
01-03 22:39:29.208 16211 16446 I ActivityManager: START u0 {act=android.intent.action.MAIN cat=[android.intent.category.LAUNCHER] flg=0x10008000 cmp=com.android.settings/.deviceinfo.UsbModeChooserActivity} from uid 1000
01-03 22:39:29.242 16211 16235 D ActivityManager: Finishing user boot 0
01-03 22:39:29.242 16211 16235 I ActivityManager: User 0 state changed from BOOTING to RUNNING_LOCKED
01-03 22:39:29.244 16211 16235 I ActivityManager: User 0 state changed from RUNNING_LOCKED to RUNNING_UNLOCKING
01-03 22:39:29.245 16211 16235 D CryptdConnector: SND -> {5 cryptfs prepare_user_storage ! 0 0 2}
01-03 22:39:29.246  1280  1575 D vold    : e4crypt_prepare_user_storage for volume null, user 0, serial 0, flags 2
01-03 22:39:29.246  1280  1575 D vold    : Preparing: /data/system_ce/0
01-03 22:39:29.247  1280  1575 D vold    : Preparing: /data/misc_ce/0
01-03 22:39:29.247  1280  1575 D vold    : Preparing: /data/media/0
01-03 22:39:29.247  1280  1575 D vold    : Preparing: /data/data
01-03 22:39:29.247 16211 16336 D CryptdConnector: RCV <- {200 5 Command succeeded}
01-03 22:39:29.250 16211 16235 V UserDataPreparer: Found /data/user/0 with serial number 0
01-03 22:39:29.252 16211 16235 V UserDataPreparer: Found /data/system_ce/0 with serial number 0
01-03 22:39:29.252 16211 16235 V PackageManager: reconcileAppsData for null u0 0x2 migrateAppData=true
01-03 22:39:29.822 16211 16235 V PackageManager: reconcileAppsData finished 85 packages
01-03 22:39:29.828 16211 16226 W ActivityManager: Activity pause timeout for ActivityRecord{a66a260 u0 com.android.settings/.deviceinfo.UsbModeChooserActivity t2}
01-03 22:39:29.852 16211 16211 I ActivityManager: Start proc 16922:com.android.deskclock/u0a44 for broadcast com.android.deskclock/.AlarmInitReceiver
01-03 22:39:29.855 16211 16226 I SystemServiceManager: Calling onUnlockUser u0
01-03 22:39:29.855 16211 16226 D BluetoothManagerService: User 0 unlocked
01-03 22:39:29.855 16211 16234 D BluetoothManagerService: MESSAGE_USER_UNLOCKED
01-03 22:39:29.855 16211 16226 D StorageManagerService: onUnlockUser 0
01-03 22:39:29.855 16211 16226 D VoldConnector: SND -> {6 volume user_started 0}
01-03 22:39:29.858  1280  1574 D vold    : Linking /storage/emulated/0 to /mnt/user/0/primary
01-03 22:39:29.858 16211 16335 D VoldConnector: RCV <- {200 6 Command succeeded}
01-03 22:39:29.860 16211 16334 D StorageManagerService: Volume emulated broadcasting mounted to UserHandle{0}
01-03 22:39:29.875 16211 16375 D ConnectivityService: Got NetworkFactory Messenger for WIFI
01-03 22:39:29.875 16211 16375 D ConnectivityService: Got NetworkFactory Messenger for WIFI_UT
01-03 22:39:29.927 16211 16226 V BackupManagerService: No ancestral data
01-03 22:39:29.941 16211 16226 V BackupManagerService: Starting with transport android/com.android.internal.backup.LocalTransport
01-03 22:39:29.942 16211 16939 V KeyValueBackupJob: Scheduling k/v pass in 247 minutes
01-03 22:39:29.942 16211 16226 D BackupTransportManager: Binding to transport: android/com.android.internal.backup.LocalTransportService
01-03 22:39:29.944 16211 16226 I BackupManagerService: Backup enabled => false
01-03 22:39:29.948 16211 16226 W SystemServiceManager: Service com.android.server.backup.BackupManagerService$Lifecycle took 53 ms in onUnlockUser 
01-03 22:39:29.949 16211 16939 V KeyValueBackupJob: Scheduling k/v pass in 245 minutes
01-03 22:39:29.952 16211 16211 D BackupTransportManager: Bound to transport: android/com.android.internal.backup.LocalTransportService
01-03 22:39:29.954 16211 16939 I BackupManagerService: Found stale backup journal, scheduling
01-03 22:39:29.987 16211 16226 W VoiceInteractionManagerService: no available voice interaction services found for user 0
01-03 22:39:29.987 16211 16226 W VoiceInteractionManagerService: no available voice recognition services found for user 0
01-03 22:39:30.008 16211 16226 I ActivityManager: Loading recents for user 0 into memory.
01-03 22:39:30.029 16211 16226 I ActivityManager: Start proc 16965:com.android.nfc/1027 for added application com.android.nfc
01-03 22:39:30.084 16211 16225 I ActivityManager: Start proc 16982:com.android.printspooler/u0a54 for service com.android.printspooler/.model.PrintSpoolerService
01-03 22:39:30.086 16211 16226 I ActivityManager: User 0 state changed from RUNNING_UNLOCKING to RUNNING_UNLOCKED
01-03 22:39:30.088 16211 16226 I PreBootBroadcaster: Pre-boot of {com.android.managedprovisioning/com.android.managedprovisioning.ota.PreBootListener} for user 0
01-03 22:39:30.126 16211 16603 I ActivityManager: Start proc 17010:com.android.dialer/u0a7 for broadcast com.android.dialer/.notification.PackageUpdatedReceiver
01-03 22:39:30.165 16211 16223 I ActivityManager: Start proc 17032:com.android.smspush/u0a55 for service com.android.smspush/.WapPushManager
01-03 22:39:30.258 16211 16225 I ActivityManager: Start proc 17065:com.android.keychain/1000 for service com.android.keychain/.KeyChainService
01-03 22:39:30.273 16211 16603 D PackageManager: Ephemeral installer not found with new action; try old one
01-03 22:39:30.273 16211 16603 D PackageManager: Clear ephemeral installer activity
01-03 22:39:30.320 16211 17031 I ActivityManager: Start proc 17085:android.process.media/u0a8 for broadcast com.android.providers.downloads/.DownloadReceiver
01-03 22:39:30.373 16965 17098 F libc    : Fatal signal 11 (SIGSEGV), code 1, fault addr 0x0 in tid 17098 (AsyncTask #1)
01-03 22:39:30.394 16211 16211 E AndroidRuntime: *** FATAL EXCEPTION IN SYSTEM PROCESS: main
01-03 22:39:30.394 16211 16211 E AndroidRuntime: java.lang.UnsatisfiedLinkError: dlopen failed: cannot locate symbol "get_process_name" referenced by "/system/vendor/lib64/libizat_core.so"...
01-03 22:39:30.394 16211 16211 E AndroidRuntime: 	at java.lang.Runtime.loadLibrary0(Runtime.java:1016)
01-03 22:39:30.394 16211 16211 E AndroidRuntime: 	at java.lang.System.loadLibrary(System.java:1657)
01-03 22:39:30.394 16211 16211 E AndroidRuntime: 	at com.qualcomm.location.izatserviceprovider.service.IzatServiceBase.<clinit>(IzatServiceBase.java:199)
01-03 22:39:30.394 16211 16211 E AndroidRuntime: 	at java.lang.Class.newInstance(Native Method)
01-03 22:39:30.394 16211 16211 E AndroidRuntime: 	at android.app.ActivityThread.handleCreateService(ActivityThread.java:3386)
01-03 22:39:30.394 16211 16211 E AndroidRuntime: 	at android.app.ActivityThread.-wrap4(Unknown Source:0)
01-03 22:39:30.394 16211 16211 E AndroidRuntime: 	at android.app.ActivityThread$H.handleMessage(ActivityThread.java:1683)
01-03 22:39:30.394 16211 16211 E AndroidRuntime: 	at android.os.Handler.dispatchMessage(Handler.java:105)
01-03 22:39:30.394 16211 16211 E AndroidRuntime: 	at android.os.Looper.loop(Looper.java:164)
01-03 22:39:30.394 16211 16211 E AndroidRuntime: 	at com.android.server.SystemServer.run(SystemServer.java:423)
01-03 22:39:30.394 16211 16211 E AndroidRuntime: 	at com.android.server.SystemServer.main(SystemServer.java:262)
01-03 22:39:30.394 16211 16211 E AndroidRuntime: 	at java.lang.reflect.Method.invoke(Native Method)
01-03 22:39:30.394 16211 16211 E AndroidRuntime: 	at com.android.internal.os.Zygote$MethodAndArgsCaller.run(Zygote.java:240)
01-03 22:39:30.394 16211 16211 E AndroidRuntime: 	at com.android.internal.os.ZygoteInit.main(ZygoteInit.java:767)
01-03 22:39:30.446 17085 17085 E AndroidRuntime: FATAL EXCEPTION: main
01-03 22:39:30.446 17085 17085 E AndroidRuntime: Process: android.process.media, PID: 17085
01-03 22:39:30.446 17085 17085 E AndroidRuntime: DeadSystemException: The system died; earlier logs will point to the root cause
01-03 22:39:30.464 17113 17113 F DEBUG   : *** *** *** *** *** *** *** *** *** *** *** *** *** *** *** ***
01-03 22:39:30.464 17113 17113 F DEBUG   : Build fingerprint: 'lge/p1_global_com/p1:8.0/NRD90U/171931902b165:user/release-keys'
01-03 22:39:30.464 17113 17113 F DEBUG   : Revision: '11'
01-03 22:39:30.464 17113 17113 F DEBUG   : ABI: 'arm64'
01-03 22:39:30.464 17113 17113 F DEBUG   : pid: 16965, tid: 17098, name: AsyncTask #1  >>> com.android.nfc <<<
01-03 22:39:30.464 17113 17113 F DEBUG   : signal 11 (SIGSEGV), code 1 (SEGV_MAPERR), fault addr 0x0
01-03 22:39:30.464 17113 17113 F DEBUG   : Cause: null pointer dereference
01-03 22:39:30.464 17113 17113 F DEBUG   :     x0   0000007acd20d380  x1   0000007abebc6c40  x2   0000007acd200000  x3   0000000000000002
01-03 22:39:30.464 17113 17113 F DEBUG   :     x4   000000000000000d  x5   0000007abebc68eb  x6   2e6c61685f636277  x7   2e746c7561666564
01-03 22:39:30.464 17113 17113 F DEBUG   :     x8   000000000000000e  x9   f770d5c2d6e58f77  x10  0000000000000001  x11  0000000000000000
01-03 22:39:30.464 17113 17113 F DEBUG   :     x12  000000000000001d  x13  6f732e746c756166  x14  0000007adbdd9000  x15  0000007adbdd9000
01-03 22:39:30.464 17113 17113 F DEBUG   :     x16  0000007abedb79b0  x17  0000007ada1676e8  x18  0000000000000020  x19  0000000000000000
01-03 22:39:30.464 17113 17113 F DEBUG   :     x20  0000007abec5216c  x21  0000007abec527f8  x22  0000007abebc70fc  x23  0000007abf06989e
01-03 22:39:30.464 17113 17113 F DEBUG   :     x24  0000000000000004  x25  0000007ac827b698  x26  0000007abed7d000  x27  0000000000000001
01-03 22:39:30.464 17113 17113 F DEBUG   :     x28  0000000000000001  x29  0000007abebc6da0  x30  0000007abec29c98
01-03 22:39:30.464 17113 17113 F DEBUG   :     sp   0000007abebc6d50  pc   0000007abec29cf0  pstate 0000000060000000
01-03 22:39:30.473 17113 17113 F DEBUG   : 
01-03 22:39:30.473 17113 17113 F DEBUG   : backtrace:
01-03 22:39:30.473 17113 17113 F DEBUG   :     #00 pc 0000000000063cf0  /system/lib64/libnfc-nci.so (_ZN13NfcAdaptation26InitializeHalDeviceContextEv+368)
01-03 22:39:30.473 17113 17113 F DEBUG   :     #01 pc 0000000000063814  /system/lib64/libnfc-nci.so (_ZN13NfcAdaptation10InitializeEv+760)
01-03 22:39:30.473 17113 17113 F DEBUG   :     #02 pc 0000000000013358  /system/lib64/libnfc_nci_jni.so (_ZN7androidL23nfcManager_doInitializeEP7_JNIEnvP8_jobject+84)
01-03 22:39:30.473 17113 17113 F DEBUG   :     #03 pc 00000000000399bc  /data/dalvik-cache/arm64/system@app@NfcNci@NfcNci.apk@classes.dex (offset 0xf000)
01-03 22:39:31.047 17129 17129 I wificond: wificond is starting up...
01-03 22:39:31.874 17125 17125 D Zygote64Timing: BeginIcuCachePinning took to complete: 20ms
01-03 22:39:32.263 17125 17125 D Zygote64Timing: PreloadClasses took to complete: 389ms
01-03 22:39:32.485 17125 17125 D Zygote64Timing: PreloadResources took to complete: 222ms
01-03 22:39:32.594 17125 17125 D Zygote64Timing: ZygotePreload took to complete: 742ms
01-03 22:39:32.653 17125 17125 D Zygote64Timing: PostZygoteInitGC took to complete: 59ms
01-03 22:39:32.653 17125 17125 D Zygote64Timing: ZygoteInit took to complete: 802ms
01-03 22:39:32.800 17201 17201 I chatty  : uid=1000 system_server expire 611 lines
01-03 22:39:33.049 17201 17214 I chatty  : uid=1000 system_server expire 11 lines
01-03 22:39:33.078 17201 17216 I chatty  : uid=1000 system_server expire 3 lines
01-03 22:39:33.081 17201 17217 I chatty  : uid=1000 system_server expire 1 line
01-03 22:39:33.218 17201 17224 I chatty  : uid=1000 system_server expire 4 lines
01-03 22:39:33.233 17201 17226 I chatty  : uid=1000 system_server expire 2 lines
01-03 22:39:33.843 17201 17241 I chatty  : uid=1000 system_server expire 8 lines
01-03 22:39:33.994 17201 17243 I chatty  : uid=1000 system_server expire 2 lines
01-03 22:39:33.998 17201 17244 I chatty  : uid=1000 system_server expire 6 lines
01-03 22:39:34.011 17201 17245 I chatty  : uid=1000 system_server expire 9 lines
01-03 22:39:34.087 17201 17253 I chatty  : uid=1000 system_server expire 1 line
01-03 22:39:36.552 17201 17215 I chatty  : uid=1000 system_server expire 4 lines
01-03 22:39:36.607 17201 17312 I chatty  : uid=1000 system_server expire 16 lines
01-03 22:39:36.609 17201 17314 I chatty  : uid=1000 system_server expire 2 lines
01-03 22:39:36.612 17201 17313 I chatty  : uid=1000 system_server expire 15 lines
01-03 22:39:36.738 17201 17315 I chatty  : uid=1000 system_server expire 1 line
01-03 22:39:36.774 17201 17318 I chatty  : uid=1000 system_server expire 1 line
01-03 22:39:37.044 17201 17308 I chatty  : uid=1000 system_server expire 2 lines
01-03 22:39:37.205 17201 17338 I chatty  : uid=1000 system_server expire 1 line
01-03 22:39:37.306 17201 17325 I chatty  : uid=1000 system_server expire 1 line
01-03 22:39:37.406 17201 17223 I chatty  : uid=1000 system_server expire 6 lines
01-03 22:39:37.545  1280  1575 D vold    : e4crypt_unlock_user_key 0 serial=0 token_present=0
01-03 22:39:37.578 17201 17332 I chatty  : uid=1000 system_server expire 1 line
01-03 22:39:37.679 17201 17219 I chatty  : uid=1000 system_server expire 3 lines
01-03 22:39:37.680 17201 17317 I chatty  : uid=1000 system_server expire 1 line
01-03 22:39:37.897 17201 17212 I chatty  : uid=1000 system_server expire 2 lines
01-03 22:39:38.038 17201 17222 I chatty  : uid=1000 system_server expire 1 line
01-03 22:39:38.086  1280  1574 V vold    : Waiting for FUSE to spin up...
01-03 22:39:38.173 17201 17590 I chatty  : uid=1000 system_server expire 1 line
01-03 22:39:38.187 17201 17595 I chatty  : uid=1000 system_server expire 1 line
01-03 22:39:38.193 17201 17598 I chatty  : uid=1000 system_server expire 1 line
01-03 22:39:38.409 17201 17412 I chatty  : uid=1000 system_server expire 1 line
01-03 22:39:38.601 17201 17325 I chatty  : uid=1000 system_server expire 2 lines
01-03 22:39:38.671 17531 17531 I TelecomFramework: TtyManager: updateUiTtyMode -1 -> 0
01-03 22:39:38.690 17372 17372 I StatusBar: isKeyguardShowing() called before startKeyguard(), returning true
01-03 22:39:38.691 17372 17372 W StatusBar: isKeyguardSecure() called before startKeyguard(), returning false
01-03 22:39:38.691 17372 17372 W StatusBar: java.lang.Throwable
01-03 22:39:38.691 17372 17372 W StatusBar: 	at com.android.systemui.statusbar.phone.StatusBar.isKeyguardSecure(StatusBar.java:7135)
01-03 22:39:38.691 17372 17372 W StatusBar: 	at com.android.systemui.statusbar.phone.StatusBar.isCameraAllowedByAdmin(StatusBar.java:5171)
01-03 22:39:38.691 17372 17372 W StatusBar: 	at com.android.systemui.statusbar.phone.KeyguardBottomAreaView$DefaultRightButton.getIcon(KeyguardBottomAreaView.java:850)
01-03 22:39:38.691 17372 17372 W StatusBar: 	at com.android.systemui.statusbar.phone.KeyguardBottomAreaView.updateCameraVisibility(KeyguardBottomAreaView.java:371)
01-03 22:39:38.691 17372 17372 W StatusBar: 	at com.android.systemui.statusbar.phone.KeyguardBottomAreaView.setStatusBar(KeyguardBottomAreaView.java:340)
01-03 22:39:38.691 17372 17372 W StatusBar: 	at com.android.systemui.statusbar.phone.StatusBar.makeStatusBarView(StatusBar.java:1182)
01-03 22:39:38.691 17372 17372 W StatusBar: 	at com.android.systemui.statusbar.phone.StatusBar.addStatusBarWindow(StatusBar.java:3573)
