05-15 17:00:46.058 14645 14660 D hardware_info: hw_info_append_hw_type : device_name = voice-handset
05-15 17:00:46.058 14645 14660 D audio_hw_primary: disable_snd_device: snd_device(12: voice-handset)
05-15 17:00:46.064 14645 14660 D audio_hw_primary: disable_audio_route: reset and update mixer path: voice-call
05-15 17:00:46.064 14645 14660 D hardware_info: hw_info_append_hw_type : device_name = voice-dmic-ef
05-15 17:00:46.064 14645 14660 D audio_hw_primary: disable_snd_device: snd_device(64: voice-dmic-ef)
05-15 17:00:46.069 14736 14736 W ResourceType: Failure getting entry for 0x7f100262 (t=15 e=610) (error -75)
05-15 17:00:46.081 14645 14660 D hardware_info: hw_info_append_hw_type : device_name = bt-sco-headset
05-15 17:00:46.081 14645 14660 D audio_hw_primary: enable_snd_device: snd_device(18: bt-sco-headset)
05-15 17:00:46.081 14645 14660 D audio_route: Apply path: bt-sco-headset
05-15 17:00:46.081 14645 14660 D hardware_info: hw_info_append_hw_type : device_name = bt-sco-mic
05-15 17:00:46.081 14645 14660 D audio_hw_primary: enable_snd_device: snd_device(59: bt-sco-mic)
05-15 17:00:46.081 14645 14660 D audio_route: Apply path: bt-sco-mic
05-15 17:00:46.081 14645 14660 D ACDB-LOADER: ACDB -> send_voice_cal, acdb_rx = 22, acdb_tx = 10, feature_set = 0
05-15 17:00:46.081 14645 14660 D         : ACDBFILE_MGR: CmnDevinfo for the devid 0000000A not found
05-15 17:00:46.081 14645 14660 D         : ACDB_COMMAND: Failed to fetch the device pair info for devid 0000000A 
05-15 17:00:46.081 14645 14660 E ACDB-LOADER: Error: failure to vaildate the device pair = -1
05-15 17:00:46.081 14645 14660 E ACDB-LOADER: ACDB -> Error: invalid device pair!
05-15 17:00:46.081 14645 14660 D voice   : voice_set_sidetone: enable, out_snd_device: 18
05-15 17:00:46.081 14645 14660 D voice   : voice_set_sidetone: device 18 does not support sidetone
05-15 17:00:46.081 14645 14660 D audio_hw_primary: enable_audio_route: apply mixer and update path: voice-call bt-sco
05-15 17:00:46.081 14645 14660 D audio_route: Apply path: voice-call bt-sco
05-15 17:00:46.090     0     0 E [ 2728.134834 / 05-15 17:00:46.084][5] afe_open: port_id 0x100c rate 8000
05-15 17:00:46.090     0     0 E [ 2728.137364 / 05-15 17:00:46.084][4] afe_open: port_id 0x100d rate 8000
05-15 17:00:46.098     0     0 E [ 2728.147466 / 05-15 17:00:46.096][0] qdsp_cvp_callback: cmd = 0x11371 returned error = 0x2
05-15 17:00:46.098     0     0 E [ 2728.147554 / 05-15 17:00:46.096][0] voice_get_cal: No cal data for cal 5!
05-15 17:00:46.098     0     0 E [ 2728.147565 / 05-15 17:00:46.096][0] voice_send_cvp_register_cal_cmd: Voice_get_cal failed for cal 2!
05-15 17:00:46.098     0     0 E [ 2728.147665 / 05-15 17:00:46.096][5] voice_get_cal: No cal data for cal 6!
05-15 17:00:46.098     0     0 E [ 2728.147675 / 05-15 17:00:46.096][5] voice_send_cvp_register_vol_cal_cmd: Voice_get_cal failed for cal 3!
05-15 17:00:46.100 14736 14736 W ResourceType: Failure getting entry for 0x7f100262 (t=15 e=610) (error -75)
05-15 17:00:46.101 14645 14660 D audio_hw_primary: select_devices: done
05-15 17:00:46.102 14736 14741 I zygote64: Do full code cache collection, code=253KB, data=183KB
05-15 17:00:46.102 14736 14741 I zygote64: After code cache collection, code=173KB, data=99KB
05-15 17:00:46.111 14736 14736 W ResourceType: Failure getting entry for 0x7f100262 (t=15 e=610) (error -75)
05-15 17:00:46.135 14736 14736 W ResourceType: Failure getting entry for 0x7f100262 (t=15 e=610) (error -75)
05-15 17:00:46.162 14736 14736 W ResourceType: Failure getting entry for 0x7f100262 (t=15 e=610) (error -75)
05-15 17:00:46.176 14736 14736 W ResourceType: Failure getting entry for 0x7f100262 (t=15 e=610) (error -75)
05-15 17:00:46.204 14736 14736 W ResourceType: Failure getting entry for 0x7f100262 (t=15 e=610) (error -75)
05-15 17:00:46.204 14645 14663 D audio_hw_primary: out_set_parameters: enter: usecase(1: low-latency-playback) kvpairs: 00:1D:82:CB:EC:87=;routing=32
05-15 17:00:46.217 14645 14660 D audio_hw_primary: out_set_parameters: enter: usecase(0: deep-buffer-playback) kvpairs: 00:1D:82:CB:EC:87=;routing=32
05-15 17:00:46.218 14736 14736 W ResourceType: Failure getting entry for 0x7f100262 (t=15 e=610) (error -75)
05-15 17:00:46.219 14645 14663 D audio_hw_primary: out_set_parameters: enter: usecase(1: low-latency-playback) kvpairs: 00:1D:82:CB:EC:87=;routing=32
05-15 17:00:46.228 14736 14736 I Choreographer: Skipped 34 frames!  The application may be doing too much work on its main thread.
05-15 17:00:46.233  5067  5067 D SIMRecords: [SIMRecords] getServiceProviderName: no brandOverride, providerName=null
05-15 17:00:46.233  5067  5067 D SIMRecords: [SIMRecords] getServiceProviderName: no brandOverride, providerName=null
05-15 17:00:46.254  5067  5067 D ServiceStateProvider: subId=1
05-15 17:00:46.258  5067  5295 D DC-1    : DcActiveState not handled msg.what=EVENT_DATA_CONNECTION_DRS_OR_RAT_CHANGED
05-15 17:00:46.258  5067  5295 D DC-1    : DcDefault msg=EVENT_DATA_CONNECTION_DRS_OR_RAT_CHANGED RefCount=1
05-15 17:00:46.262  5067  5295 D DC-1    : DcActiveState not handled msg.what=REQ_GET_LINK_PROPERTIES
05-15 17:00:46.262  5067  5295 D DC-1    : DcDefault msg=REQ_GET_LINK_PROPERTIES RefCount=1
05-15 17:00:46.262  5067  5295 D DC-1    : REQ_GET_LINK_PROPERTIES linkProperties{InterfaceName: rmnet_data0 LinkAddresses: [178.147.68.132/29,]  Routes: [0.0.0.0/0 -> 178.147.68.133 rmnet_data0,] DnsAddresses: [94.143.182.1,94.143.182.2,] Domains: null MTU: 1500 TcpBufferSizes: 4094,87380,704512,4096,16384,110208}
05-15 17:00:46.267  5067  5295 D DC-1    : DcActiveState not handled msg.what=REQ_GET_NETWORK_CAPABILITIES
05-15 17:00:46.267  5067  5295 D DC-1    : DcDefault msg=REQ_GET_NETWORK_CAPABILITIES RefCount=1
05-15 17:00:46.271  5067  5295 D DC-1    : REQ_GET_NETWORK_CAPABILITIES networkCapabilities[ Transports: CELLULAR Capabilities: SUPL&INTERNET&NOT_RESTRICTED&TRUSTED&NOT_VPN LinkUpBandwidth>=384Kbps LinkDnBandwidth>=384Kbps Specifier: <1>]
05-15 17:00:46.279   866  5968 D TelephonyRegistry: onDataConnectionStateChanged(2, 3)
05-15 17:00:46.284   866  5971 D TelephonyRegistry: notifyCellLocationForSubscriber: subId=1 cellLocation=Bundle[mParcelledData.dataSize=64]
05-15 17:00:46.294  4830  4830 I GoogleInputMethod: onFinishInput() : Dummy InputConnection bound
05-15 17:00:46.294  4830  4830 I GoogleInputMethod: onStartInput() : Dummy InputConnection bound
05-15 17:00:46.295   866  2015 I netstats_mobile_sample: [4336,45,5582,46,4336,45,5398,46,4336,45,5398,46,1526392848329]
05-15 17:00:46.296   866  2015 I netstats_wifi_sample: [1607521,3978,672984,3350,1607129,3964,630196,3427,1607129,3964,630196,3427,1526392848329]
05-15 17:00:46.319  5067  5067 D TelephonyProvider: subIdString = 1 subId = 1
05-15 17:00:46.328   866  1851 D RecurrenceRule: Resolving using anchor 2018-05-15T17:00:46.328+03:00[Europe/Athens]
05-15 17:00:46.332   866  1851 D RecurrenceRule: Resolving using anchor 2018-05-15T17:00:46.332+03:00[Europe/Athens]
05-15 17:00:46.336   866  1851 D RecurrenceRule: Cycle 15 from 2018-04-27T00:00+03:00[Europe/Athens] to 2018-05-27T00:00+03:00[Europe/Athens]
05-15 17:00:46.337   866  1851 D NetworkStats: Resolving plan for NetworkTemplate: matchRule=MOBILE_ALL, subscriberId=202010..., matchSubscriberIds=[202010...]
05-15 17:00:46.344   866  1851 D NetworkStats: Found active matching subId 1
05-15 17:00:46.347  5067  5109 D SubscriptionController: [getActiveSubscriptionInfo]+ subId=1 subInfo={id=1, iccId=89300100160427481402 simSlotIndex=0 displayName=CARD 1 carrierName= nameSource=0 iconTint=-16746133 dataRoaming=0 iconBitmap=android.graphics.Bitmap@2472402 mcc 202 mnc 1 isEmbedded false accessRules null}
05-15 17:00:46.352  5067  5067 D TelephonyProvider: subIdString = 1 subId = 1
05-15 17:00:46.353   866  1851 D NetworkStats: Resolved to plan null
05-15 17:00:46.380  5067  5067 I chatty  : uid=1001(radio) com.android.phone identical 1 line
05-15 17:00:46.366  5067  5067 D TelephonyProvider: subIdString = 1 subId = 1
05-15 17:00:46.381  5067  5067 D TelephonyProvider: subIdString = 1 subId = 1
05-15 17:00:46.391 14736 14736 W ResourceType: Failure getting entry for 0x7f100262 (t=15 e=610) (error -75)
05-15 17:00:46.392  5067  5067 I chatty  : uid=1001(radio) com.android.phone identical 1 line
05-15 17:00:46.393  5067  5067 D TelephonyProvider: subIdString = 1 subId = 1
05-15 17:00:46.404 14736 14736 W ResourceType: Failure getting entry for 0x7f100262 (t=15 e=610) (error -75)
05-15 17:00:46.406  5067  5067 D TelephonyProvider: subIdString = 1 subId = 1
05-15 17:00:46.421  5067  5067 D TelephonyProvider: subIdString = 1 subId = 1
05-15 17:00:46.432  5067  5067 I chatty  : uid=1001(radio) com.android.phone identical 1 line
05-15 17:00:46.433 14736 14736 W ResourceType: Failure getting entry for 0x7f100262 (t=15 e=610) (error -75)
05-15 17:00:46.433  5067  5067 D TelephonyProvider: subIdString = 1 subId = 1
05-15 17:00:46.445 14736 14736 W ResourceType: Failure getting entry for 0x7f100262 (t=15 e=610) (error -75)
05-15 17:00:46.450  5067  5067 D TelephonyProvider: subIdString = 1 subId = 1
05-15 17:00:46.456 14736 14736 I zygote64: Deoptimizing boolean com.android.contacts.common.ContactPhotoManagerImpl.loadCachedPhoto(android.widget.ImageView, com.android.contacts.common.ContactPhotoManagerImpl$Request, boolean) due to JIT inline cache
05-15 17:00:46.460  5067  5067 I chatty  : uid=1001(radio) com.android.phone identical 1 line
05-15 17:00:46.463 14736 14736 I zygote64: Deoptimizing void android.support.v7.widget.RecyclerView.clearOldPositions() due to JIT inline cache
05-15 17:00:46.463 14736 14736 I zygote64: Deoptimizing void android.support.v7.widget.RecyclerView$LayoutManager.scrapOrRecycleView(android.support.v7.widget.RecyclerView$Recycler, int, android.view.View) due to JIT inline cache
05-15 17:00:46.463 14736 14736 I zygote64: Deoptimizing void android.support.v7.widget.RecyclerView$5.detachViewFromParent(int) due to JIT inline cache
05-15 17:00:46.463 14736 14736 I zygote64: Deoptimizing void android.support.v7.widget.RecyclerView$Recycler.scrapView(android.view.View) due to JIT inline cache
05-15 17:00:46.464 14736 14736 I zygote64: Deoptimizing void android.support.v7.widget.RecyclerView$5.attachViewToParent(android.view.View, int, android.view.ViewGroup$LayoutParams) due to JIT inline cache
05-15 17:00:46.540 14736 14736 D AccelerometerListener: orientation: horizontal
05-15 17:00:47.293  4838  5127 I sysui_multi_action: [757,1093,758,4,793,1720,1094,604505089,1095,5]
05-15 17:00:47.570 14770 14785 I zygote64: Waiting for a blocking GC ProfileSaver
05-15 17:00:47.997  5923  6405 I AsyncOpDispatcher: 67-RequestPlaceUpdates
05-15 17:00:48.001  5923  6405 I AsyncOpDispatcher: 67-RemovePlaceUpdates
05-15 17:00:48.017  5923  8269 I Places  : ?: PlacesBleScanner stop()
05-15 17:00:48.026  5923  5923 I BeaconBle: ZERO_POWER is disabled.
05-15 17:00:48.026  5923  5923 I BeaconBle: 'L' hardware scan: scan stopped, no powered clients
05-15 17:00:48.026  5923  5923 I BeaconBle: Places requested to stop scan
05-15 17:00:48.027  5923  5923 I BeaconBle: Scan canceled successfully.
05-15 17:00:48.031  5923  8269 I PlaceInferenceEngine: [anon] Changed inference mode: 0
05-15 17:00:48.232 14645 14645 D audio_hw_extn: audio_extn_get_parameters: returns 
05-15 17:00:48.233 14645 14645 I hash_map_utils: key: 'all_call_states' value: ''
05-15 17:00:48.235 14645 14656 D audio_hw_extn: audio_extn_get_parameters: returns 
05-15 17:00:48.236 14645 14656 I hash_map_utils: key: 'all_call_states' value: ''
05-15 17:00:48.237 14645 14655 D audio_hw_extn: audio_extn_get_parameters: returns 
05-15 17:00:48.238 14645 14655 I hash_map_utils: key: 'all_call_states' value: ''
05-15 17:00:48.263  5067  5067 D PhoneNumberUtils: slotId:0 subId:1 country:null emergencyNumbers: 112,911
05-15 17:00:48.271 14645 14654 D audio_hw_extn: audio_extn_get_parameters: returns 
05-15 17:00:48.272 14645 14654 I hash_map_utils: key: 'all_call_states' value: ''
05-15 17:00:48.275 14645 14653 D audio_hw_extn: audio_extn_get_parameters: returns 
05-15 17:00:48.276 14645 14653 I hash_map_utils: key: 'all_call_states' value: ''
05-15 17:00:48.277 14645 14645 D audio_hw_extn: audio_extn_get_parameters: returns 
05-15 17:00:48.278 14645 14645 I hash_map_utils: key: 'all_call_states' value: ''
05-15 17:00:48.302  5067  5067 D PhoneNumberUtils: slotId:0 subId:1 country:null emergencyNumbers: 112,911
05-15 17:00:48.314 14736 14736 W ResourceType: Failure getting entry for 0x7f100262 (t=15 e=610) (error -75)
05-15 17:00:48.337 13667 13713 W HeadsetStateMachine: terminateScoUsingVirtualVoiceCall: No present call to terminate
05-15 17:00:48.341 14736 14736 W ResourceType: Failure getting entry for 0x7f100262 (t=15 e=610) (error -75)
05-15 17:00:48.399 14736 14736 W ResourceType: Failure getting entry for 0x7f100262 (t=15 e=610) (error -75)
05-15 17:00:48.419 14736 14736 W ResourceType: Failure getting entry for 0x7f100262 (t=15 e=610) (error -75)
05-15 17:00:48.456 14736 14736 W ResourceType: Failure getting entry for 0x7f100262 (t=15 e=610) (error -75)
05-15 17:00:48.476 14736 14736 W ResourceType: Failure getting entry for 0x7f100262 (t=15 e=610) (error -75)
05-15 17:00:48.523 14736 14736 W ResourceType: Failure getting entry for 0x7f100262 (t=15 e=610) (error -75)
05-15 17:00:48.554 14736 14736 W ResourceType: Failure getting entry for 0x7f100262 (t=15 e=610) (error -75)
05-15 17:00:48.568 14736 14736 W ResourceType: Failure getting entry for 0x7f100262 (t=15 e=610) (error -75)
05-15 17:00:48.583  4838  5127 I sysui_multi_action: [757,1093,758,4,793,1290,1094,604505089,1095,5]
05-15 17:00:48.596 14736 14736 W ResourceType: Failure getting entry for 0x7f100262 (t=15 e=610) (error -75)
05-15 17:00:48.611 14736 14736 W ResourceType: Failure getting entry for 0x7f100262 (t=15 e=610) (error -75)
05-15 17:00:48.636 14736 14736 W ResourceType: Failure getting entry for 0x7f100262 (t=15 e=610) (error -75)
05-15 17:00:48.650 14736 14736 W ResourceType: Failure getting entry for 0x7f100262 (t=15 e=610) (error -75)
05-15 17:00:49.918  5991 14233 I EventLogSendingHelper: Sending log events.
05-15 17:00:50.026  5991 14232 I EventLogSendingHelper: Sending log events.
05-15 17:00:50.404 14806 14820 I zygote64: Waiting for a blocking GC ProfileSaver
05-15 17:00:50.409  4838  5127 I sysui_multi_action: [757,1093,758,4,793,1825,1094,604505089,1095,5]
05-15 17:00:50.415 14806 14820 I zygote64: WaitForGcToComplete blocked ProfileSaver on AddRemoveAppImageSpace for 11.665ms
05-15 17:00:51.320  5923  5939 I AsyncOpDispatcher: 35-GetDeviceDataUploadOptInStatusOperation
05-15 17:00:52.262     0     0 I         : [ 2734.486199 / 05-15 17:00:52.254][0] pet_watchdog
05-15 17:00:53.403  4838  5127 I sysui_multi_action: [757,1093,758,4,793,2995,1094,604505089,1095,5]
05-15 17:00:56.449   866   957 I am_pss  : [9814,10002,android.process.acore,16624640,13979648,0]
05-15 17:00:56.514   866   957 I am_pss  : [13356,10031,com.google.android.gms.learning,15809536,9605120,0]
05-15 17:00:57.742  4838  4838 I auditd  : type=1400 audit(0.0:332): avc: denied { sendto } for comm="ndroid.systemui" path="/dev/socket/seempdw" scontext=u:r:platform_app:s0:c512,c768 tcontext=u:r:per_mgr:s0 tclass=unix_dgram_socket permissive=1
05-15 17:00:57.742  4838  4838 I ndroid.systemui: type=1400 audit(0.0:332): avc: denied { sendto } for path="/dev/socket/seempdw" scontext=u:r:platform_app:s0:c512,c768 tcontext=u:r:per_mgr:s0 tclass=unix_dgram_socket permissive=1
05-15 17:00:57.901 14736 14736 D AccelerometerListener: enable(false)
05-15 17:00:57.934 14736 14736 W ResourceType: Failure getting entry for 0x7f100262 (t=15 e=610) (error -75)
05-15 17:00:57.938   866  5972 I notification_expansion: [-1|android|26|null|1000,0,1,711696,711696,23394]
05-15 17:00:57.971 14645 14656 D audio_hw_extn: audio_extn_get_parameters: returns 
05-15 17:00:57.971 14645 14656 I hash_map_utils: key: 'all_call_states' value: ''
05-15 17:00:57.973 14645 14655 D audio_hw_extn: audio_extn_get_parameters: returns 
05-15 17:00:57.974 14645 14655 I hash_map_utils: key: 'all_call_states' value: ''
05-15 17:00:57.975 14645 14654 D audio_hw_extn: audio_extn_get_parameters: returns 
05-15 17:00:57.975 14645 14654 I hash_map_utils: key: 'all_call_states' value: ''
05-15 17:00:58.178 14645 14653 D audio_hw_extn: audio_extn_get_parameters: returns 
05-15 17:00:58.179 14645 14653 I hash_map_utils: key: 'all_call_states' value: ''
05-15 17:00:58.181 14645 14645 D audio_hw_extn: audio_extn_get_parameters: returns 
05-15 17:00:58.182 14645 14645 I hash_map_utils: key: 'all_call_states' value: ''
05-15 17:00:58.184 14645 14656 D audio_hw_extn: audio_extn_get_parameters: returns 
05-15 17:00:58.184 14645 14656 I hash_map_utils: key: 'all_call_states' value: ''
05-15 17:00:58.185 14645 14655 D audio_hw_primary: adev_set_parameters: enter: call_state=1;vsid=281022464
05-15 17:00:58.186 14645 14655 D voice_extn: update_call_states is_call_active:1 in_call:1, mode:2
05-15 17:00:58.186 14645 14655 D voice_extn: update_calls: enter:
05-15 17:00:58.186 14645 14655 D voice_extn: update_calls: cur_state=2 new_state=1 vsid=10c01000
05-15 17:00:58.186 14645 14655 D voice_extn: update_calls: ACTIVE/HOLD/LOCAL_HOLD -> INACTIVE vsid:10c01000
05-15 17:00:58.186 14645 14655 D voice   : voice_stop_usecase: enter usecase:voice-call
05-15 17:00:58.186 14645 14655 D voice   : voice_set_sidetone: disable, out_snd_device: 18
05-15 17:00:58.186 14645 14655 D voice   : voice_set_sidetone: device 18 does not support sidetone
05-15 17:00:58.192     0     0 I [ 2740.417244 / 05-15 17:00:58.186][1] set_start_call: LG audio bsp: set  0
05-15 17:00:58.196     0     0 E [ 2740.422441 / 05-15 17:00:58.190][0] qdsp_cvp_callback: cmd = 0x1307c returned error = 0x9
05-15 17:00:58.201     0     0 E [ 2740.422874 / 05-15 17:00:58.194][0] qdsp_cvp_callback: cmd = 0x1307a returned error = 0x9
05-15 17:00:58.201     0     0 E [ 2740.423496 / 05-15 17:00:58.194][0] qdsp_cvp_callback: cmd = 0x11372 returned error = 0x9
05-15 17:00:58.201     0     0 E [ 2740.423832 / 05-15 17:00:58.194][0] qdsp_cvs_callback: cmd = 0x1307e returned error = 0x9
05-15 17:00:58.211 14645 14655 D audio_hw_primary: disable_audio_route: reset and update mixer path: voice-call bt-sco
05-15 17:00:58.216 14645 14655 D hardware_info: hw_info_append_hw_type : device_name = bt-sco-headset
05-15 17:00:58.216 14645 14655 D audio_hw_primary: disable_snd_device: snd_device(18: bt-sco-headset)
05-15 17:00:58.216 14645 14655 D hardware_info: hw_info_append_hw_type : device_name = bt-sco-mic
05-15 17:00:58.216 14645 14655 D audio_hw_primary: disable_snd_device: snd_device(59: bt-sco-mic)
05-15 17:00:58.216 14645 14655 D voice   : voice_stop_usecase: exit: status(0)
05-15 17:00:58.216 14645 14655 D voice_extn: update_calls: cur_state=1 new_state=1 vsid=10dc1000
05-15 17:00:58.217 14645 14655 D voice_extn: update_calls: cur_state=1 new_state=1 vsid=10c02000
05-15 17:00:58.217 14645 14655 D voice_extn: update_calls: cur_state=1 new_state=1 vsid=10803000
05-15 17:00:58.217 14645 14655 D voice_extn: update_calls: cur_state=1 new_state=1 vsid=10002000
05-15 17:00:58.256  5067 14970 D CallNotifier: SignalInfoTonePlayer.run(toneId = 98)...
05-15 17:00:58.256  5067 14970 D CallNotifier: mSignalInfoToneGenerator created already, hence skipping
05-15 17:00:58.290 14736 14736 W ResourceType: Failure getting entry for 0x7f100262 (t=15 e=610) (error -75)
05-15 17:00:58.293   866   958 W BroadcastQueue: Permission Denial: receiving Intent { act=android.intent.action.PHONE_STATE flg=0x1000010 (has extras) } to org.telegram.messenger/.CallReceiver requires android.permission.READ_PRIVILEGED_PHONE_STATE due to sender android (uid 1000)
05-15 17:00:58.309   866   958 W BroadcastQueue: Permission Denial: receiving Intent { act=android.intent.action.PHONE_STATE flg=0x1000010 (has extras) } to ProcessRecord{6adb6be 4838:com.android.systemui/u0a29} (pid=4838, uid=10029) requires android.permission.READ_PHONE_STATE due to sender android (uid 1000)
05-15 17:00:58.324 14736 14741 I zygote64: Do partial code cache collection, code=250KB, data=157KB
05-15 17:00:58.325 14736 14741 I zygote64: After code cache collection, code=229KB, data=147KB
05-15 17:00:58.325 14736 14741 I zygote64: Increasing code cache capacity to 1024KB
05-15 17:00:58.348   866 14977 I AudioTrack: AUDIO_OUTPUT_FLAG_FAST successful; frameCount 960 -> 960
05-15 17:00:58.348   866 14977 D AudioTrack: Client defaulted notificationFrames to 240 for frameCount 960
05-15 17:00:58.354 14736 14736 W ResourceType: Failure getting entry for 0x7f100262 (t=15 e=610) (error -75)
05-15 17:00:58.371 14736 14736 W ResourceType: Failure getting entry for 0x7f100262 (t=15 e=610) (error -75)
05-15 17:00:58.373   866   957 I am_pss  : [4830,10083,com.google.android.inputmethod.latin,66945024,62427136,0]
05-15 17:00:58.418   866   957 I am_pss  : [5923,10031,com.google.android.gms.persistent,95464448,78159872,0]
05-15 17:00:58.423 14736 14736 W ResourceType: Failure getting entry for 0x7f100262 (t=15 e=610) (error -75)
05-15 17:00:58.431  4838  5127 I sysui_multi_action: [757,1093,758,4,793,5028,1094,604505089,1095,5]
05-15 17:00:58.433 14736 14736 W ResourceType: Failure getting entry for 0x7f100262 (t=15 e=610) (error -75)
05-15 17:00:58.454 14736 14736 W ResourceType: Failure getting entry for 0x7f100262 (t=15 e=610) (error -75)
05-15 17:00:58.465 14736 14736 W ResourceType: Failure getting entry for 0x7f100262 (t=15 e=610) (error -75)
05-15 17:00:58.480   866   957 I am_pss  : [6557,10079,com.facebook.orca,86953984,77950976,0]
05-15 17:00:58.490 14736 14736 W ResourceType: Failure getting entry for 0x7f100262 (t=15 e=610) (error -75)
05-15 17:00:58.509 14645 14645 D audio_hw_primary: adev_set_parameters: enter: BT_SCO=off
05-15 17:00:58.510 13667 13713 W HeadsetStateMachine: terminateScoUsingVirtualVoiceCall: No present call to terminate
05-15 17:00:58.511 14736 14736 W ResourceType: Failure getting entry for 0x7f100262 (t=15 e=610) (error -75)
05-15 17:00:58.522 14736 14736 W ResourceType: Failure getting entry for 0x7f100262 (t=15 e=610) (error -75)
05-15 17:00:58.526   866   957 I am_pss  : [8977,10000,com.facebook.katana,56645632,48218112,0]
05-15 17:00:58.575 13667 13715 V Avrcp   : updatePlaybackState (1): 0➡0(PlaybackState {state=0, position=-1, buffered position=0, speed=0.0, updated=6271656, actions=0, custom actions=[], active item id=-1, error=null})
05-15 17:00:58.575 13667 13715 I Avrcp   : Skipping update due to invalid playback state
05-15 17:00:58.575 13667 13715 E Avrcp   : play status change 0➡0 mPlayStatusChangedNT: 1
05-15 17:00:58.575 13667 13715 D Avrcp   : sendPlayPosNotificationRsp: Not registered or requesting.
05-15 17:00:58.578 14645 14980 D audio_hw_primary: start_output_stream: enter: stream(0xe5726000)usecase(1: low-latency-playback) devices(0x20)
05-15 17:00:58.579 14645 14980 E audio_hw_extn: audio_extn_perf_lock_acquire: Failed to acquire perf lock, err: -1
05-15 17:00:58.579 14645 14980 D audio_hw_primary: select_devices: out_snd_device(18: bt-sco-headset) in_snd_device(0: )
05-15 17:00:58.579 14645 14980 D hardware_info: hw_info_append_hw_type : device_name = bt-sco-headset
05-15 17:00:58.579 14645 14980 D audio_hw_primary: enable_snd_device: snd_device(18: bt-sco-headset)
05-15 17:00:58.579 14645 14980 D audio_route: Apply path: bt-sco-headset
05-15 17:00:58.579 14645 14980 I audio_hw_primary: select_devices Selected apptype: 69936
05-15 17:00:58.579 14645 14980 D ACDB-LOADER: ACDB -> send_audio_cal, acdb_id = 22, path =  0
05-15 17:00:58.580 14645 14980 D ACDB-LOADER: ACDB -> send_asm_topology
05-15 17:00:58.580 14645 14980 D ACDB-LOADER: ACDB -> ACDB_CMD_GET_AUDPROC_STREAM_TOPOLOGY_ID
05-15 17:00:58.580 14645 14980 D ACDB-LOADER: ACDB -> send_adm_topology
05-15 17:00:58.580 14645 14980 D ACDB-LOADER: ACDB -> ACDB_CMD_GET_AUDPROC_COMMON_TOPOLOGY_ID
05-15 17:00:58.580 14645 14980 D ACDB-LOADER: ACDB -> send_audtable
05-15 17:00:58.580 14645 14980 D ACDB-LOADER: ACDB -> ACDB_CMD_GET_AUDPROC_COMMON_TABLE
05-15 17:00:58.580 14645 14980 D         : Failed to fetch the lookup information of the device 00000016 
05-15 17:00:58.580 14645 14980 E ACDB-LOADER: Error: ACDB audproc returned = -19
05-15 17:00:58.580 14645 14980 D ACDB-LOADER: ACDB -> AUDIO_SET_AUDPROC_CAL
05-15 17:00:58.580 14645 14980 D ACDB-LOADER: ACDB -> send_audvoltable
05-15 17:00:58.580 14645 14980 D ACDB-LOADER: ACDB -> ACDB_CMD_GET_AUDPROC_GAIN_DEP_STEP_TABLE
05-15 17:00:58.580 14645 14980 D ACDB-LOADER: ACDB -> AUDIO_SET_AUDPROC_VOL_CAL
05-15 17:00:58.580 14645 14980 D ACDB-LOADER: ACDB -> send_afe_cal
05-15 17:00:58.580 14645 14980 D ACDB-LOADER: ACDB -> ACDB_CMD_GET_AFE_COMMON_TABLE
05-15 17:00:58.580 14645 14980 D         : Failed to fetch the lookup information of the device 00000016 
05-15 17:00:58.580 14645 14980 E ACDB-LOADER: Error: ACDB AFE returned = -19
05-15 17:00:58.580 14645 14980 D ACDB-LOADER: ACDB -> AUDIO_SET_AFE_CAL
05-15 17:00:58.580 14645 14980 D ACDB-LOADER: ACDB -> send_hw_delay : acdb_id = 22 path = 0
05-15 17:00:58.580 14645 14980 D ACDB-LOADER: ACDB -> ACDB_AVSYNC_INFO: ACDB_CMD_GET_DEVICE_PROPERTY
05-15 17:00:58.580 14645 14980 I audio_hw_utils: audio_extn_utils_send_app_type_cfg app_type 69936, acdb_dev_id 22, sample_rate 48000
05-15 17:00:58.580 14645 14980 D audio_hw_primary: enable_audio_route: apply mixer and update path: low-latency-playback bt-sco
05-15 17:00:58.581 14645 14980 D audio_route: Apply path: low-latency-playback bt-sco
05-15 17:00:58.582 14645 14980 D audio_hw_primary: select_devices: done
05-15 17:00:58.584 14645 14980 D msm8974_platform: platform_set_channel_map mixer_ctl_name:Playback Channel Map15
05-15 17:00:58.584   866   957 I am_pss  : [5973,10065,com.android.smspush,3476480,2240512,0]
05-15 17:00:58.584 14645 14980 D msm8974_platform: platform_set_channel_map: set mapping(1 2 0 0 0 0 0 0) for channel:2
05-15 17:00:58.588     0     0 E [ 2740.811822 / 05-15 17:00:58.582][2] afe_open: port_id 0x100c rate 8000
05-15 17:00:58.589     0     0 E [ 2740.814119 / 05-15 17:00:58.582][0] afe_open: port_id 0x100d rate 8000
05-15 17:00:58.602 14645 14980 E audio_hw_extn: audio_extn_perf_lock_release: Perf lock release error 
05-15 17:00:58.602 14645 14980 D audio_hw_primary: start_output_stream: exit
05-15 17:00:58.611   866   958 I sysui_count: [window_time_0,13]
05-15 17:00:58.611   866   958 I sysui_multi_action: [757,803,799,window_time_0,802,13]
05-15 17:00:58.635 14736 14736 I am_on_paused_called: [0,com.android.incallui.InCallActivity,handlePauseActivity]
05-15 17:00:58.649   866   958 I sysui_count: [window_time_0,0]
05-15 17:00:58.649   866   958 I sysui_multi_action: [757,803,799,window_time_0,802,0]
05-15 17:00:58.677 14645 14660 D audio_hw_primary: out_set_parameters: enter: usecase(0: deep-buffer-playback) kvpairs: routing=1
05-15 17:00:58.767 14736 14736 I zygote64: Deoptimizing void android.support.v4.view.ViewPager.onMeasure(int, int) due to JIT inline cache
05-15 17:00:58.769 14736 14736 I zygote64: Deoptimizing java.lang.Object android.support.v4.util.SimpleArrayMap.put(java.lang.Object, java.lang.Object) due to JIT inline cache
05-15 17:00:58.782 14645 14663 D audio_hw_primary: out_set_parameters: enter: usecase(1: low-latency-playback) kvpairs: routing=1
05-15 17:00:58.783 14645 14663 D audio_hw_primary: select_devices: out_snd_device(12: voice-handset) in_snd_device(0: )
05-15 17:00:58.783 14645 14663 D audio_hw_primary: disable_audio_route: reset and update mixer path: low-latency-playback bt-sco
05-15 17:00:58.786  9814  9826 I force_gc: Binder
05-15 17:00:58.791 14645 14663 D hardware_info: hw_info_append_hw_type : device_name = bt-sco-headset
05-15 17:00:58.791 14645 14663 D audio_hw_primary: disable_snd_device: snd_device(18: bt-sco-headset)
05-15 17:00:58.791 14645 14663 W msm8974_platform: Codec backend bitwidth 16, samplerate 48000
05-15 17:00:58.791 14645 14663 W msm8974_platform: platform_check_codec_backend_cfg:Use default bw and sr for voice/voip calls 
05-15 17:00:58.791 14645 14663 D hardware_info: hw_info_append_hw_type : device_name = voice-handset
05-15 17:00:58.791 14645 14663 D audio_hw_primary: enable_snd_device: snd_device(12: voice-handset)
05-15 17:00:58.791 14645 14663 D audio_route: Apply path: voice-handset
05-15 17:00:58.797 14645 14663 I audio_hw_primary: select_devices Selected apptype: 69936
05-15 17:00:58.797 14645 14663 D ACDB-LOADER: ACDB -> send_audio_cal, acdb_id = 7, path =  0
05-15 17:00:58.797 14645 14663 D ACDB-LOADER: ACDB -> send_asm_topology
05-15 17:00:58.797 14645 14663 D ACDB-LOADER: ACDB -> ACDB_CMD_GET_AUDPROC_STREAM_TOPOLOGY_ID
05-15 17:00:58.797 14645 14663 D ACDB-LOADER: ACDB -> send_adm_topology
05-15 17:00:58.797 14645 14663 D ACDB-LOADER: ACDB -> ACDB_CMD_GET_AUDPROC_COMMON_TOPOLOGY_ID
05-15 17:00:58.797 14645 14663 D ACDB-LOADER: ACDB -> send_audtable
05-15 17:00:58.797 14645 14663 D ACDB-LOADER: ACDB -> ACDB_CMD_GET_AUDPROC_COMMON_TABLE
05-15 17:00:58.797 14645 14663 D ACDB-LOADER: ACDB -> AUDIO_SET_AUDPROC_CAL
05-15 17:00:58.797 14645 14663 D ACDB-LOADER: ACDB -> send_audvoltable
05-15 17:00:58.797 14645 14663 D ACDB-LOADER: ACDB -> ACDB_CMD_GET_AUDPROC_GAIN_DEP_STEP_TABLE
05-15 17:00:58.797 14645 14663 D ACDB-LOADER: ACDB -> AUDIO_SET_AUDPROC_VOL_CAL
05-15 17:00:58.797 14645 14663 D ACDB-LOADER: ACDB -> send_afe_cal
05-15 17:00:58.797 14645 14663 D ACDB-LOADER: ACDB -> ACDB_CMD_GET_AFE_COMMON_TABLE
05-15 17:00:58.797 14645 14663 D         : Failed to fetch the lookup information of the device 00000007 
05-15 17:00:58.797 14645 14663 E ACDB-LOADER: Error: ACDB AFE returned = -19
05-15 17:00:58.797 14645 14663 D ACDB-LOADER: ACDB -> AUDIO_SET_AFE_CAL
05-15 17:00:58.797 14645 14663 D ACDB-LOADER: ACDB -> send_hw_delay : acdb_id = 7 path = 0
05-15 17:00:58.797 14645 14663 D ACDB-LOADER: ACDB -> ACDB_AVSYNC_INFO: ACDB_CMD_GET_DEVICE_PROPERTY
05-15 17:00:58.798 14645 14663 I audio_hw_utils: audio_extn_utils_send_app_type_cfg app_type 69936, acdb_dev_id 7, sample_rate 48000
05-15 17:00:58.798 14645 14663 D audio_hw_primary: enable_audio_route: apply mixer and update path: low-latency-playback
05-15 17:00:58.798 14645 14663 D audio_route: Apply path: low-latency-playback
05-15 17:00:58.830 14645 14663 D audio_hw_primary: select_devices: done
05-15 17:00:58.836 14645 14660 D audio_hw_primary: out_set_parameters: enter: usecase(0: deep-buffer-playback) kvpairs: routing=1
05-15 17:00:58.848   866 14978 D AudioTrack: stop() called with 10080 frames delivered
05-15 17:00:58.858 14645 14663 D audio_hw_primary: out_set_parameters: enter: usecase(1: low-latency-playback) kvpairs: routing=1
05-15 17:00:58.896   866  5204 I MediaFocusControl: abandonAudioFocus() from uid/pid 1000/866 clientId=AudioFocus_For_Phone_Ring_And_Calls
05-15 17:00:58.896 14645 14654 D audio_hw_primary: adev_set_mode: mode 0
05-15 17:00:58.896 14645 14654 D voice_extn: voice_extn_stop_call: end all calls
05-15 17:00:58.897 14645 14654 D voice_extn: update_calls: enter:
05-15 17:00:58.897 14645 14654 D voice_extn: update_calls: cur_state=1 new_state=1 vsid=10c01000
05-15 17:00:58.897 14645 14654 D voice_extn: update_calls: cur_state=1 new_state=1 vsid=10dc1000
05-15 17:00:58.897 14645 14654 D voice_extn: update_calls: cur_state=1 new_state=1 vsid=10c02000
05-15 17:00:58.897 14645 14654 D voice_extn: update_calls: cur_state=1 new_state=1 vsid=10803000
05-15 17:00:58.897 14645 14654 D voice_extn: update_calls: cur_state=1 new_state=1 vsid=10002000
05-15 17:00:58.897 14645 14660 D audio_hw_primary: out_set_parameters: enter: usecase(0: deep-buffer-playback) kvpairs: routing=1
05-15 17:00:58.903   866  5204 I stream_devices_changed: [3,1,2]
05-15 17:00:58.904   866  5204 I stream_devices_changed: [4,1,2]
05-15 17:00:58.908   866  5204 I stream_devices_changed: [2,1,2]
05-15 17:00:58.912  4838  5062 I vol.Events: writeEvent level_changed STREAM_SYSTEM 3
05-15 17:00:58.919  4838  5062 I vol.Events: writeEvent level_changed STREAM_MUSIC 12
05-15 17:00:58.920 14645 14656 W DeviceHAL: Device 0xe5fe3a00 get_mic_mute: Function not implemented
05-15 17:00:58.920 14645 14656 W DeviceHAL: Device 0xe3dd4400 get_mic_mute: Function not implemented
05-15 17:00:58.930  4838  5062 I vol.Events: writeEvent level_changed STREAM_RING 3
05-15 17:00:58.995  4830  4830 I GoogleInputMethod: onFinishInput() : Dummy InputConnection bound
05-15 17:00:58.996  4830  4830 I GoogleInputMethod: onStartInput() : Dummy InputConnection bound
05-15 17:00:59.137 14736 14736 I zygote64: Deoptimizing int android.support.v4.util.SimpleArrayMap.indexOf(java.lang.Object, int) due to JIT inline cache
05-15 17:00:59.152 14736 14736 I zygote64: Deoptimizing android.support.v7.widget.RecyclerView$ViewHolder android.support.v7.widget.RecyclerView$Recycler.tryGetViewHolderForPositionByDeadline(int, boolean, long) due to JIT inline cache
05-15 17:00:59.156 14736 14736 I zygote64: Deoptimizing void android.support.v7.widget.RecyclerView$LayoutManager.measureChildWithMargins(android.view.View, int, int) due to JIT inline cache
05-15 17:00:59.167 14736 14736 I zygote64: Deoptimizing void android.support.v7.widget.RecyclerView$LayoutManager.addViewInt(android.view.View, int, boolean) due to JIT inline cache
05-15 17:00:59.310  9366  9366 I auditd  : type=1400 audit(0.0:333): avc: denied { read } for comm=".android.chrome" name="vmstat" dev="proc" ino=4026535432 scontext=u:r:untrusted_app:s0:c512,c768 tcontext=u:object_r:proc:s0 tclass=file permissive=1
05-15 17:00:59.310  9366  9366 I .android.chrome: type=1400 audit(0.0:333): avc: denied { read } for name="vmstat" dev="proc" ino=4026535432 scontext=u:r:untrusted_app:s0:c512,c768 tcontext=u:object_r:proc:s0 tclass=file permissive=1
05-15 17:00:59.621  5067  5295 D Dcc     : onDataStateChanged: dcsToRetry=[]
05-15 17:00:59.621  5067  5295 D Dcc     : onDataStateChanged: Found ConnId=0 newState=DataCallResponse: { status=0 retry=-1 cid=0 active=2 type=IP ifname=rmnet_data0 mtu=0 addresses=[178.147.68.132/29] dnses=[94.143.182.1,94.143.182.2] gateways=[178.147.68.133] pcscf=[]}
05-15 17:00:59.623  5067  5295 D DataCallResponse: addr/pl=178.147.68.132/29
05-15 17:00:59.624  5067  5295 D DC-1    : MTU set by config resource to: 1500
05-15 17:00:59.624  5067  5295 D Dcc     : onDataStateChanged: no change
05-15 17:00:59.624  5067  5295 D Dcc     : onDataStateChanged: Data Activity updated to NONE. isAnyDataCallActive = true isAnyDataCallDormant = false
05-15 17:00:59.624  5067  5295 D Dcc     : onDataStateChanged: dcsToRetry=[] apnsToCleanup=[]
05-15 17:00:59.698   866 10213 I OpenGLRenderer: Initialized EGL, version 1.4
05-15 17:00:59.698   866 10213 D OpenGLRenderer: Swap behavior 2
05-15 17:00:59.729  5067  5067 D SIMRecords: [SIMRecords] getServiceProviderName: no brandOverride, providerName=null
05-15 17:00:59.729  5067  5067 D SIMRecords: [SIMRecords] getServiceProviderName: no brandOverride, providerName=null
05-15 17:00:59.739 14736 14736 I am_on_stop_called: [0,com.android.incallui.InCallActivity,destroy]
05-15 17:00:59.781   866  4852 I wm_task_removed: [18,removeAppToken: last token]
05-15 17:00:59.781  5067  5067 D ServiceStateProvider: subId=1
05-15 17:00:59.781   866  4852 I wm_task_removed: [18,removeTask]
05-15 17:00:59.787  5067  5295 D DC-1    : DcActiveState not handled msg.what=EVENT_DATA_CONNECTION_DRS_OR_RAT_CHANGED
05-15 17:00:59.787  5067  5295 D DC-1    : DcDefault msg=EVENT_DATA_CONNECTION_DRS_OR_RAT_CHANGED RefCount=1
05-15 17:00:59.793  5067  5295 D DC-1    : DcActiveState not handled msg.what=REQ_GET_LINK_PROPERTIES
05-15 17:00:59.793  5067  5295 D DC-1    : DcDefault msg=REQ_GET_LINK_PROPERTIES RefCount=1
05-15 17:00:59.793  5067  5295 D DC-1    : REQ_GET_LINK_PROPERTIES linkProperties{InterfaceName: rmnet_data0 LinkAddresses: [178.147.68.132/29,]  Routes: [0.0.0.0/0 -> 178.147.68.133 rmnet_data0,] DnsAddresses: [94.143.182.1,94.143.182.2,] Domains: null MTU: 1500 TcpBufferSizes: 4094,87380,2560000,4096,16384,1220608}
05-15 17:00:59.797  5067  5295 D DC-1    : DcActiveState not handled msg.what=REQ_GET_NETWORK_CAPABILITIES
05-15 17:00:59.797  5067  5295 D DC-1    : DcDefault msg=REQ_GET_NETWORK_CAPABILITIES RefCount=1
05-15 17:00:59.799  5067  5295 D DC-1    : REQ_GET_NETWORK_CAPABILITIES networkCapabilities[ Transports: CELLULAR Capabilities: SUPL&INTERNET&NOT_RESTRICTED&TRUSTED&NOT_VPN LinkUpBandwidth>=51200Kbps LinkDnBandwidth>=102400Kbps Specifier: <1>]
05-15 17:00:59.805   866  2015 I netstats_mobile_sample: [4336,45,5582,46,4336,45,5398,46,4336,45,5398,46,1526392862015]
05-15 17:00:59.805   866  2015 I netstats_wifi_sample: [1608562,3987,674100,3358,1608170,3973,631200,3435,1608170,3973,631200,3435,1526392862015]
05-15 17:00:59.807   866  4852 D TelephonyRegistry: onDataConnectionStateChanged(2, 13)
05-15 17:00:59.817   866  6286 D TelephonyRegistry: notifyCellLocationForSubscriber: subId=1 cellLocation=Bundle[mParcelledData.dataSize=64]
05-15 17:00:59.831   866  1851 D RecurrenceRule: Resolving using anchor 2018-05-15T17:00:59.831+03:00[Europe/Athens]
05-15 17:00:59.834   866  1851 D RecurrenceRule: Resolving using anchor 2018-05-15T17:00:59.834+03:00[Europe/Athens]
05-15 17:00:59.838   866  1851 D RecurrenceRule: Cycle 15 from 2018-04-27T00:00+03:00[Europe/Athens] to 2018-05-27T00:00+03:00[Europe/Athens]
05-15 17:00:59.838   866  1851 D NetworkStats: Resolving plan for NetworkTemplate: matchRule=MOBILE_ALL, subscriberId=202010..., matchSubscriberIds=[202010...]
05-15 17:00:59.130   866  1851 D NetworkStats: Found active matching subId 1
05-15 17:00:59.135  5067  5106 D SubscriptionController: [getActiveSubscriptionInfo]+ subId=1 subInfo={id=1, iccId=89300100160427481402 simSlotIndex=0 displayName=CARD 1 carrierName= nameSource=0 iconTint=-16746133 dataRoaming=0 iconBitmap=android.graphics.Bitmap@2472402 mcc 202 mnc 1 isEmbedded false accessRules null}
05-15 17:00:59.146   866  1851 D NetworkStats: Resolved to plan null
05-15 17:00:59.152  5067  5067 D TelephonyProvider: subIdString = 1 subId = 1
05-15 17:00:59.217  5067  5067 I chatty  : uid=1001(radio) com.android.phone identical 1 line
05-15 17:00:59.235  5067  5067 I chatty  : uid=1001(radio) com.android.phone identical 1 line
05-15 17:00:59.236  5067  5067 I chatty  : uid=1001(radio) com.android.phone identical 4 lines
05-15 17:00:59.258  5067  5067 D TelephonyProvider: subIdString = 1 subId = 1
05-15 17:00:59.264   866   876 I zygote64: NativeAlloc concurrent copying GC freed 50593(3MB) AllocSpace objects, 8(240KB) LOS objects, 42% free, 15MB/27MB, paused 2.101ms total 280.747ms
05-15 17:00:59.280  5067  5067 D TelephonyProvider: subIdString = 1 subId = 1
05-15 17:00:59.288  5923 14200 I GCoreUlr: Starting BLE scan: mode: 2
05-15 17:00:59.288  5923  5923 I BeaconBle: Client requested scan, settings=BleSettings [scanMode=LOW_LATENCY, callbackType=ALL_MATCHES, reportDelayMillis=0, 2 filters, 0 clients, callingClientName=ULR]
05-15 17:00:59.291     0     0 I         : [ 2742.226773 / 05-15 17:00:59.284][1] CFG80211-TRACE) __wl_cfg80211_scan : START SCAN
05-15 17:00:59.292  5067  5067 I chatty  : uid=1001(radio) com.android.phone identical 1 line
05-15 17:00:59.293  5067  5067 D TelephonyProvider: subIdString = 1 subId = 1
05-15 17:00:59.301  6174 15025 I Authzen : [DeviceStateSyncManager] The server is in sync with current state. Nothing to do
05-15 17:00:59.311  5067  5067 D TelephonyProvider: subIdString = 1 subId = 1
05-15 17:00:59.321  5923  5923 I BeaconBle: 'L' hardware scan: 6 filters, scanMode=2, reportdelay=0, callback type=1, #clients=2, workSource=WorkSource{}
05-15 17:00:59.323  5923  5923 I BeaconBle: Starting scan on OS scanner. BT state: 12
05-15 17:00:59.331  5067  5067 I chatty  : uid=1001(radio) com.android.phone identical 1 line
05-15 17:00:59.339 13667 13702 I bt_stack: [INFO:gatt_api.cc(1004)] GATT_Register
05-15 17:00:59.339 13667 13702 I bt_stack: [INFO:gatt_api.cc(1027)] allocated gatt_if=7
05-15 17:00:59.340  5923  7806 D BluetoothLeScanner: onScannerRegistered() - status=0 scannerId=7 mScannerId=0
05-15 17:00:59.419  5923 15026 I AsyncOpDispatcher: 35-GetDeviceDataUploadOptInStatusOperation
05-15 17:00:59.653 14736 14736 D AccelerometerListener: enable(false)
05-15 17:00:59.740  4838  5127 I sysui_multi_action: [757,1093,758,4,793,1309,1094,604505089,1095,5]
05-15 17:01:01.195 14645 14663 D audio_hw_primary: out_standby: enter: stream (0xe5726000) usecase(1: low-latency-playback)
05-15 17:01:01.253 14645 14663 D audio_hw_primary: disable_audio_route: reset and update mixer path: low-latency-playback
05-15 17:01:01.255 14645 14663 D hardware_info: hw_info_append_hw_type : device_name = voice-handset
05-15 17:01:01.255 14645 14663 D audio_hw_primary: disable_snd_device: snd_device(12: voice-handset)
05-15 17:01:01.329  5923 14200 I GCoreUlr: Starting BLE scan: mode: 3
05-15 17:01:01.329  5923 14200 I GCoreUlr: BLE: collected 0 results
05-15 17:01:01.330  5923  5923 I BeaconBle: Client requested scan, settings=BleSettings [scanMode=ZERO_POWER, callbackType=ALL_MATCHES, reportDelayMillis=0, 2 filters, 0 clients, callingClientName=ULR]
05-15 17:01:01.365  5923  5923 I BeaconBle: Stopping scan on delegate scanner. BT state: 12
05-15 17:01:01.389  5923  5923 I BeaconBle: Resetting - new scanner available: true
05-15 17:01:01.389  5923  5923 I BeaconBle: ZERO_POWER is disabled.
05-15 17:01:01.389  5923  5923 I BeaconBle: 'L' hardware scan: scan stopped, no powered clients
05-15 17:01:01.563     0     0 I         : [ 2744.501690 / 05-15 17:01:01.556][0] pet_watchdog
05-15 17:01:03.843     0     0 I         : [ 2746.779045 / 05-15 17:01:03.836][0] CFG80211-TRACE) wl_escan_handler : SCAN COMPLETED: scanned AP count=9
05-15 17:01:03.850   866  5107 D WificondControl: Scan result ready event
05-15 17:01:03.905  5923 14732 W ctxmgr  : [AclManager]No 2 for (accnt=account#-517948760#, com.google.android.gms(10031):IndoorOutdoorProducer, vrsn=12673000, 0, 3pPkg = null ,  3pMdlId = null ,  pid = 5923). Was: 3 for 57, account#-517948760#
05-15 17:01:04.005   866   957 I am_pss  : [6012,1000,com.google.android.apps.nexuslauncher,45293568,39981056,0]
05-15 17:01:05.031     0     0 W [ 2747.969617 / 05-15 17:01:05.024][1] healthd: battery l=75 v=4071 t=23.0 h=2 st=2 c=305 chg=u
05-15 17:01:05.463 13667 13713 D HeadsetPhoneState: sendDeviceStateChanged. mService=1 mIsSimStateLoaded=true mSignal=2 mRoam=0 mBatteryCharge=3
05-15 17:01:06.512  4838  5127 I sysui_multi_action: [757,1093,758,4,793,6771,1094,604505089,1095,5]
05-15 17:01:07.747  4838  5127 I sysui_multi_action: [757,1093,758,4,793,1236,1094,604505089,1095,5]
05-15 17:01:07.931     0     0 I         : [ 2750.867634 / 05-15 17:01:07.924][0] [CC] current batt_temp[23], batt_temp_state[0], current batt_volt[4071], batt_volt_state[1]
05-15 17:01:08.466 13667 13713 D HeadsetPhoneState: sendDeviceStateChanged. mService=1 mIsSimStateLoaded=true mSignal=4 mRoam=0 mBatteryCharge=3
05-15 17:01:09.146  5067  5295 D Dcc     : onDataStateChanged: dcsToRetry=[]
05-15 17:01:09.146  5067  5295 D Dcc     : onDataStateChanged: Found ConnId=0 newState=DataCallResponse: { status=0 retry=-1 cid=0 active=1 type=IP ifname=rmnet_data0 mtu=0 addresses=[178.147.68.132/29] dnses=[94.143.182.1,94.143.182.2] gateways=[178.147.68.133] pcscf=[]}
05-15 17:01:09.147  5067  5295 D DataCallResponse: addr/pl=178.147.68.132/29
05-15 17:01:09.147  5067  5295 D DC-1    : MTU set by config resource to: 1500
05-15 17:01:09.148  5067  5295 D Dcc     : onDataStateChanged: no change
05-15 17:01:09.148  5067  5295 D Dcc     : onDataStateChanged: Data Activity updated to DORMANT. stopNetStatePoll
05-15 17:01:09.152  5067  5295 D Dcc     : onDataStateChanged: dcsToRetry=[] apnsToCleanup=[]
05-15 17:01:09.513  4838  5127 I sysui_multi_action: [757,1093,758,4,793,1765,1094,604505089,1095,5]
05-15 17:01:10.740  4838  5127 I sysui_multi_action: [757,1093,758,4,793,1224,1094,604505089,1095,5]
05-15 17:01:11.583     0     0 I         : [ 2754.519945 / 05-15 17:01:11.576][0] pet_watchdog
05-15 17:01:11.780  4838  5127 I sysui_multi_action: [757,1093,758,4,793,1043,1094,604505089,1095,5]

