12-26 12:23:12.957   873   896 D SystemServerInitThreadPool: Finished executing SecondaryZygotePreload
12-26 12:23:13.002   483   483 I netmgrd : type=1400 audit(0.0:191): avc: denied { ioctl } for path="socket:[18836]" dev="sockfs" ino=18836 ioctlcmd=89f4 scontext=u:r:init:s0 tcontext=u:r:init:s0 tclass=udp_socket permissive=1
12-26 12:23:13.006   483   483 I netmgrd : type=1400 audit(0.0:192): avc: denied { create } for scontext=u:r:init:s0 tcontext=u:r:init:s0 tclass=netlink_route_socket permissive=1
12-26 12:23:13.006   483   483 I netmgrd : type=1400 audit(0.0:193): avc: denied { bind } for scontext=u:r:init:s0 tcontext=u:r:init:s0 tclass=netlink_route_socket permissive=1
12-26 12:23:13.018  1200  1200 I sh      : type=1400 audit(0.0:194): avc: denied { execute_no_trans } for path="/system/bin/tc" dev="mmcblk0p47" ino=443 scontext=u:r:init:s0 tcontext=u:object_r:system_file:s0 tclass=file permissive=1
12-26 12:23:13.230  1652  1652 I iptables: type=1400 audit(0.0:195): avc: denied { getopt } for lport=255 scontext=u:r:init:s0 tcontext=u:r:init:s0 tclass=rawip_socket permissive=1
12-26 12:23:13.262   490   490 D ImsWmsClient: ImsWmsClient :: Modem is initialized; handle=255
12-26 12:23:13.268   485   562 I ThermalEngine: qmi: Instance id 157 for fusion TS
12-26 12:23:13.310   485   559 I ThermalEngine: MODEM thermal mitigation available.
12-26 12:23:13.312   485   559 I ThermalEngine: ACTION: MODEM - Pending request: pa mitigation succeeded for level 0.
12-26 12:23:13.313   485   559 I ThermalEngine: ACTION: MODEM - Pending request: cpuv_restriction_cold mitigation succeeded for level 0.
12-26 12:23:13.354   485   561 I ThermalEngine: ADSP thermal mitigation available.
12-26 12:23:13.355   485   561 I ThermalEngine: ACTION: ADSP - Pending request: cpuv_restriction_cold mitigation succeeded for level 0.
12-26 12:23:13.652   483   967 E Diag_Lib:  Diag_LSM_Init: Failed to open handle to diag driver, error = 2
12-26 12:23:13.698   873   947 E sensors_hal_Util: waitForResponse: pthread_cond_timedwait() rc=110 (cond: 0)
12-26 12:23:13.698   873   947 E sensors_hal_Ctx: getSensorList: Request timed out
12-26 12:23:13.698   873   947 E sensors_hal_Ctx: SensorsContext: get sensor list failed!
12-26 12:23:13.703   873   947 I MultiHal: Loaded library from sensors.ssc.so
12-26 12:23:13.707   873   947 D SystemServerTimingAsync: StartSensorService took to complete: 2066ms
12-26 12:23:13.707   873   947 D SystemServerInitThreadPool: Finished executing StartSensorService
12-26 12:23:13.761   873   873 I SettingsState: No settings state /data/system/users/0/settings_ssaid.xml
12-26 12:23:13.773   873   873 D SystemServerTiming: InstallSystemProviders took to complete: 1926ms
12-26 12:23:13.773   873   873 I SystemServer: StartVibratorService
12-26 12:23:13.777   873   873 D vndksupport: Loading /vendor/lib64/hw/android.hardware.vibrator@1.0-impl.so from current namespace instead of sphal namespace.
12-26 12:23:13.784   873   873 D vndksupport: Loading /vendor/lib64/hw/vibrator.default.so from current namespace instead of sphal namespace.
12-26 12:23:13.789   873   873 D         : Vibrator using timed_output
12-26 12:23:13.792   873   873 D vndksupport: Loading /vendor/lib64/hw/android.hardware.vibrator@1.0-impl.so from current namespace instead of sphal namespace.
12-26 12:23:13.793   873   873 D vndksupport: Loading /vendor/lib64/hw/vibrator.default.so from current namespace instead of sphal namespace.
12-26 12:23:13.793   873   873 D         : Vibrator using timed_output
12-26 12:23:13.796   873   873 D vndksupport: Loading /vendor/lib64/hw/android.hardware.vibrator@1.0-impl.so from current namespace instead of sphal namespace.
12-26 12:23:13.797   873   873 D vndksupport: Loading /vendor/lib64/hw/vibrator.default.so from current namespace instead of sphal namespace.
12-26 12:23:13.798   873   873 D         : Vibrator using timed_output
12-26 12:23:13.803   873   873 D SystemServerTiming: StartVibratorService took to complete: 30ms
12-26 12:23:13.803   873   873 I SystemServer: StartConsumerIrService
12-26 12:23:13.805   873   873 D vndksupport: Loading /vendor/lib64/hw/android.hardware.ir@1.0-impl.so from current namespace instead of sphal namespace.
12-26 12:23:13.816   873   873 D SystemServerTiming: StartConsumerIrService took to complete: 13ms
12-26 12:23:13.816   873   873 I SystemServer: StartAlarmManagerService
12-26 12:23:13.816   873   873 I SystemServiceManager: Starting com.android.server.AlarmManagerService
12-26 12:23:13.820   873   873 D AlarmManagerService: Kernel timezone updated to -120 minutes west of GMT
12-26 12:23:13.827   873   873 D SystemServerTiming: StartAlarmManagerService took to complete: 11ms
12-26 12:23:13.827   873   873 I SystemServer: InitWatchdog
12-26 12:23:13.828   873   873 D SystemServerTiming: InitWatchdog took to complete: 1ms
12-26 12:23:13.828   873   873 I SystemServer: StartInputManagerService
12-26 12:23:13.829   873   873 I InputManager: Initializing input manager, mUseDevInputEventForAudioJack=true
12-26 12:23:13.831   873   873 D SystemServerTiming: StartInputManagerService took to complete: 3ms
12-26 12:23:13.831   873   873 I SystemServer: StartWindowManagerService
12-26 12:23:13.862   873   909 I WindowManager: No existing display settings /data/system/display_settings.xml; starting empty
12-26 12:23:13.923   873   873 D SystemServerTiming: StartWindowManagerService took to complete: 92ms
12-26 12:23:13.924   873   873 I SystemServer: StartVrManagerService
12-26 12:23:13.924   873   873 I SystemServiceManager: Starting com.android.server.vr.VrManagerService
12-26 12:23:13.925   873   946 D SystemServerInitThreadPool: Started executing StartHidlServices
12-26 12:23:13.937   400   400 W /system/bin/hwservicemanager: getTransport: Cannot find entry android.hardware.vr@1.0::IVr/default in either framework or device manifest.
12-26 12:23:13.939   873   946 D SystemServerTimingAsync: StartHidlServices took to complete: 14ms
12-26 12:23:13.939   873   946 D SystemServerInitThreadPool: Finished executing StartHidlServices
12-26 12:23:13.941   873   873 W VrManagerService: init_native: Could not open IVr interface
12-26 12:23:13.942   873   873 D SystemServerTiming: StartVrManagerService took to complete: 18ms
12-26 12:23:13.942   873   873 I SystemServer: SetWindowManagerService
12-26 12:23:13.947   873   873 D SystemServerTiming: SetWindowManagerService took to complete: 5ms
12-26 12:23:13.947   873   873 I SystemServer: StartInputManager
12-26 12:23:13.948   873   873 I InputManager: Starting input manager
12-26 12:23:13.953   873  3112 D EventHub: No input device configuration file found for device 'msm8994-tomtom-snd-card Headset Jack'.
12-26 12:23:13.953   873  3112 I EventHub: wakeMechanism=EPOLLWAKEUP, usingClockIoctl=true
12-26 12:23:13.953   873   873 D SystemServerTiming: StartInputManager took to complete: 6ms
12-26 12:23:13.953   873  3112 I EventHub: New device: id=1, fd=104, path='/dev/input/event4', name='msm8994-tomtom-snd-card Headset Jack', classes=0x80, configuration='', keyLayout='', keyCharacterMap='', builtinKeyboard=false, 
12-26 12:23:13.953   873   873 I SystemServer: DisplayManagerWindowManagerAndInputReady
12-26 12:23:13.953   873   873 D SystemServerTiming: DisplayManagerWindowManagerAndInputReady took to complete: 0ms
12-26 12:23:13.953   873   873 I SystemServer: StartBluetoothService
12-26 12:23:13.953   873   873 I SystemServiceManager: Starting com.android.server.BluetoothService
12-26 12:23:13.954   873  3112 D EventHub: No input device configuration file found for device 'msm8994-tomtom-snd-card Button Jack'.
12-26 12:23:13.961   873  3112 W EventHub: Unable to disable kernel key repeat for /dev/input/event3: Function not implemented
12-26 12:23:13.961   873  3112 I EventHub: wakeMechanism=EPOLLWAKEUP, usingClockIoctl=true
12-26 12:23:13.961   873  3112 I EventHub: New device: id=2, fd=105, path='/dev/input/event3', name='msm8994-tomtom-snd-card Button Jack', classes=0x1, configuration='', keyLayout='/system/usr/keylayout/Generic.kl', keyCharacterMap='/system/usr/keychars/Generic.kcm', builtinKeyboard=false, 
12-26 12:23:13.962   873  3112 D EventHub: No input device configuration file found for device 'qpnp_pon'.
12-26 12:23:13.965   873  3112 W EventHub: Unable to disable kernel key repeat for /dev/input/event1: Function not implemented
12-26 12:23:13.965   873  3112 I EventHub: wakeMechanism=EPOLLWAKEUP, usingClockIoctl=true
12-26 12:23:13.965   873  3112 I EventHub: New device: id=3, fd=106, path='/dev/input/event1', name='qpnp_pon', classes=0x1, configuration='', keyLayout='/system/usr/keylayout/Generic.kl', keyCharacterMap='/system/usr/keychars/Generic.kcm', builtinKeyboard=false, 
12-26 12:23:13.965   873  3112 E EventHub: could not get driver version for /dev/input/mice, Not a typewriter
12-26 12:23:13.962   967   967 I netmgrd : type=1400 audit(0.0:196): avc: denied { ioctl } for path="socket:[25637]" dev="sockfs" ino=25637 ioctlcmd=8946 scontext=u:r:init:s0 tcontext=u:r:init:s0 tclass=udp_socket permissive=1
12-26 12:23:13.982   873  3112 D EventHub: No input device configuration file found for device 'touch_dev'.
12-26 12:23:13.985   873   873 D BluetoothManagerService: Loading stored name and address
12-26 12:23:13.985   873   873 D BluetoothManagerService: Stored bluetooth Name=LG G4,Address=00:34:DA:A5:F8:06
12-26 12:23:13.985   873   873 D BluetoothManagerService: Bluetooth persisted state: 0
12-26 12:23:13.986   873   873 D SystemServerTiming: StartBluetoothService took to complete: 33ms
12-26 12:23:13.986   873   873 I SystemServer: IpConnectivityMetrics
12-26 12:23:13.986   873   873 I SystemServiceManager: Starting com.android.server.connectivity.IpConnectivityMetrics
12-26 12:23:13.988   873  3112 W EventHub: Unable to disable kernel key repeat for /dev/input/event0: Function not implemented
12-26 12:23:13.988   873  3112 I EventHub: wakeMechanism=EPOLLWAKEUP, usingClockIoctl=true
12-26 12:23:13.988   873  3112 I EventHub: New device: id=4, fd=107, path='/dev/input/event0', name='touch_dev', classes=0x15, configuration='', keyLayout='/system/usr/keylayout/Generic.kl', keyCharacterMap='/system/usr/keychars/Generic.kcm', builtinKeyboard=false, 
12-26 12:23:13.989   873  3112 D EventHub: No input device configuration file found for device 'gpio-keys'.
12-26 12:23:13.990   873   873 D SystemServerTiming: IpConnectivityMetrics took to complete: 4ms
12-26 12:23:13.990   873   873 I SystemServer: PinnerService
12-26 12:23:13.991   873   873 I SystemServiceManager: Starting com.android.server.PinnerService
12-26 12:23:13.993   873   873 D SystemServerTiming: PinnerService took to complete: 3ms
12-26 12:23:13.993   873  3112 W EventHub: Unable to disable kernel key repeat for /dev/input/event2: Function not implemented
12-26 12:23:13.993   873  3112 I EventHub: wakeMechanism=EPOLLWAKEUP, usingClockIoctl=true
12-26 12:23:13.994   873  3112 I EventHub: New device: id=5, fd=108, path='/dev/input/event2', name='gpio-keys', classes=0x81, configuration='', keyLayout='/system/usr/keylayout/Generic.kl', keyCharacterMap='/system/usr/keychars/Generic.kcm', builtinKeyboard=false, 
12-26 12:23:13.994   873   873 I SystemServer: StartInputMethodManagerLifecycle
12-26 12:23:13.994   873   873 I SystemServiceManager: Starting com.android.server.InputMethodManagerService$Lifecycle
12-26 12:23:13.999   873  3112 I InputReader: Device added: id=-1, name='Virtual', sources=0x00000301
12-26 12:23:13.999   873  3112 I InputReader: Device added: id=5, name='gpio-keys', sources=0x80000101
12-26 12:23:14.000   873  3112 I InputReader:   Touch device 'touch_dev' could not query the properties of its associated display.  The device will be inoperable until the display size becomes available.
12-26 12:23:14.000   873  3112 I InputReader: Device added: id=4, name='touch_dev', sources=0x00001103
12-26 12:23:14.000   873  3112 I InputReader: Device added: id=3, name='qpnp_pon', sources=0x00000101
12-26 12:23:14.000   873  3112 I InputReader: Device added: id=2, name='msm8994-tomtom-snd-card Button Jack', sources=0x00000101
12-26 12:23:14.000   873  3112 I InputReader: Device added: id=1, name='msm8994-tomtom-snd-card Headset Jack', sources=0x80000000
12-26 12:23:14.032   873   873 D SystemServerTiming: StartInputMethodManagerLifecycle took to complete: 37ms
12-26 12:23:14.032   873   873 I SystemServer: StartAccessibilityManagerService
12-26 12:23:14.039   873   873 D SystemServerTiming: StartAccessibilityManagerService took to complete: 7ms
12-26 12:23:14.039   873   873 I SystemServer: MakeDisplayReady
12-26 12:23:14.042   873   873 I ActivityManager: Config changes=5df8 {1.0 ?mcc?mnc [en_US] ldltr sw411dp w411dp h731dp 560dpi nrml long port ?uimode ?night -touch -keyb/v/h -nav/h appBounds=Rect(0, 0 - 1440, 2560) s.2}
12-26 12:23:14.052   873   873 I ActivityManager: Override config changes=40007dfc {1.0 ?mcc?mnc [en_US] ldltr sw411dp w411dp h731dp 560dpi nrml long port ?uimode ?night -touch -keyb/v/h -nav/h appBounds=Rect(0, 0 - 1440, 2560) s.2} for displayId=0
12-26 12:23:14.072   873   898 I UsageStatsService: User[0] Rollover scheduled @ 2017-12-27 10:44:46(1514364286163)
12-26 12:23:14.080   873  3112 I InputReader: Reconfiguring input devices.  changes=0x00000004
12-26 12:23:14.080   873  3112 I InputReader: Device reconfigured: id=4, name='touch_dev', size 1440x2560, orientation 0, mode 1, display id 0
12-26 12:23:14.081   873  3112 I InputReader: Reconfiguring input devices.  changes=0x00000004
12-26 12:23:14.082   873   873 I ActivityManager: Config changes=508 {1.0 ?mcc?mnc [en_US] ldltr sw411dp w411dp h659dp 560dpi nrml port ?uimode ?night finger -keyb/v/h -nav/h appBounds=Rect(0, 0 - 1440, 2392) s.3}
12-26 12:23:14.089   873   873 I ActivityManager: Override config changes=508 {1.0 ?mcc?mnc [en_US] ldltr sw411dp w411dp h659dp 560dpi nrml port ?uimode ?night finger -keyb/v/h -nav/h appBounds=Rect(0, 0 - 1440, 2392) s.3} for displayId=0
12-26 12:23:14.097   873   873 D SystemServerTiming: MakeDisplayReady took to complete: 58ms
12-26 12:23:14.097   873   873 I SystemServer: StartStorageManagerService
12-26 12:23:14.098   873   873 I SystemServiceManager: Starting com.android.server.StorageManagerService$Lifecycle
12-26 12:23:14.115   873   873 D SystemServerTiming: StartStorageManagerService took to complete: 18ms
12-26 12:23:14.115   873   873 I SystemServer: StartStorageStatsService
12-26 12:23:14.115   873   873 I SystemServiceManager: Starting com.android.server.usage.StorageStatsService$Lifecycle
12-26 12:23:14.118   873  3369 D StorageManagerService: Thinking about init, mSystemReady=false, mDaemonConnected=true
12-26 12:23:14.118   873  3369 D StorageManagerService: Thinking about reset, mSystemReady=false, mDaemonConnected=true
12-26 12:23:14.120   873  3369 D StorageManagerService: Thinking about init, mSystemReady=false, mDaemonConnected=true
12-26 12:23:14.120   873  3369 D StorageManagerService: Thinking about reset, mSystemReady=false, mDaemonConnected=true
12-26 12:23:14.120   873  3369 D CryptdConnector: SND -> {1 cryptfs getfield SystemLocale}
12-26 12:23:14.126   873   873 D SystemServerTiming: StartStorageStatsService took to complete: 11ms
12-26 12:23:14.126   873   873 I SystemServer: StartUiModeManager
12-26 12:23:14.127   873   873 I SystemServiceManager: Starting com.android.server.UiModeManagerService
12-26 12:23:14.161   873  3377 D CryptdConnector: RCV <- {200 1 -1}
12-26 12:23:14.164   873  3369 W StorageManagerService: No primary storage mounted!
12-26 12:23:14.164   873  3369 D VoldConnector: SND -> {1 asec list}
12-26 12:23:14.171   873  3376 D VoldConnector: RCV <- {200 1 asec operation succeeded}
12-26 12:23:14.099   873  3112 I InputReader: Reconfiguring input devices.  changes=0x00000004
12-26 12:23:14.172   873  3369 I PackageManager: No secure containers found
12-26 12:23:14.208   873  3369 W StorageManagerService: No primary storage defined yet; hacking together a stub
12-26 12:23:14.209   873  3369 W StorageManagerService: No primary storage mounted!
12-26 12:23:14.209   873  3369 D VoldConnector: SND -> {2 asec list}
12-26 12:23:14.210   873  3376 D VoldConnector: RCV <- {200 2 asec operation succeeded}
12-26 12:23:14.220   873   943 D SystemServerInitThreadPool: Started executing UiModeManager.onStart
12-26 12:23:14.220   873   943 I ActivityManager: Config changes=200 {1.0 ?mcc?mnc [en_US] ldltr sw411dp w411dp h659dp 560dpi nrml port finger -keyb/v/h -nav/h appBounds=Rect(0, 0 - 1440, 2392) s.4}
12-26 12:23:14.220   873   873 D SystemServerTiming: StartUiModeManager took to complete: 94ms
12-26 12:23:14.220   873   873 I SystemServer: UpdatePackagesIfNeeded
12-26 12:23:14.220   873   873 D SystemServerTiming: UpdatePackagesIfNeeded took to complete: 0ms
12-26 12:23:14.221   873   873 I SystemServer: PerformFstrimIfNeeded
12-26 12:23:14.221   873   873 D SystemServerTiming: PerformFstrimIfNeeded took to complete: 1ms
12-26 12:23:14.221   873   873 I SystemServer: StartLockSettingsService
12-26 12:23:14.222   873   873 I SystemServiceManager: Starting com.android.server.locksettings.LockSettingsService$Lifecycle
12-26 12:23:14.231   873   943 I ActivityManager: Override config changes=200 {1.0 ?mcc?mnc [en_US] ldltr sw411dp w411dp h659dp 560dpi nrml port finger -keyb/v/h -nav/h appBounds=Rect(0, 0 - 1440, 2392) s.4} for displayId=0
12-26 12:23:14.236   873   943 D SystemServerInitThreadPool: Finished executing UiModeManager.onStart
12-26 12:23:14.240   873   873 D SystemServerTiming: StartLockSettingsService took to complete: 19ms
12-26 12:23:14.240   873   873 I SystemServer: StartPersistentDataBlock
12-26 12:23:14.241   873   873 I SystemServiceManager: Starting com.android.server.PersistentDataBlockService
12-26 12:23:14.243   873   873 D SystemServerTiming: StartPersistentDataBlock took to complete: 3ms
12-26 12:23:14.243   873   896 D SystemServerInitThreadPool: Started executing PersistentDataBlockService.onStart
12-26 12:23:14.243   873   873 I SystemServer: StartOemLockService
12-26 12:23:14.245   873   873 I SystemServiceManager: Starting com.android.server.oemlock.OemLockService
12-26 12:23:14.245   873   896 E PersistentDataBlockService: not able to find package 
12-26 12:23:14.245   873   896 E PersistentDataBlockService: android.content.pm.PackageManager$NameNotFoundException: 
12-26 12:23:14.245   873   896 E PersistentDataBlockService: 	at android.app.ApplicationPackageManager.getPackageUidAsUser(ApplicationPackageManager.java:282)
12-26 12:23:14.245   873   896 E PersistentDataBlockService: 	at com.android.server.PersistentDataBlockService.getAllowedUid(PersistentDataBlockService.java:112)
12-26 12:23:14.245   873   896 E PersistentDataBlockService: 	at com.android.server.PersistentDataBlockService.lambda$-com_android_server_PersistentDataBlockService_5033(PersistentDataBlockService.java:125)
12-26 12:23:14.245   873   896 E PersistentDataBlockService: 	at com.android.server.-$Lambda$VaVGUZuNs2jqHMhhxPzwNl4zK-M.$m$3(Unknown Source:4)
12-26 12:23:14.245   873   896 E PersistentDataBlockService: 	at com.android.server.-$Lambda$VaVGUZuNs2jqHMhhxPzwNl4zK-M.run(Unknown Source:23)
12-26 12:23:14.245   873   896 E PersistentDataBlockService: 	at com.android.server.SystemServerInitThreadPool.lambda$-com_android_server_SystemServerInitThreadPool_2249(SystemServerInitThreadPool.java:64)
12-26 12:23:14.245   873   896 E PersistentDataBlockService: 	at com.android.server.-$Lambda$Ganck_s9Kl5o2K6eVDoQTKLc-6g.$m$2(Unknown Source:8)
12-26 12:23:14.245   873   896 E PersistentDataBlockService: 	at com.android.server.-$Lambda$Ganck_s9Kl5o2K6eVDoQTKLc-6g.run(Unknown Source:19)
12-26 12:23:14.245   873   896 E PersistentDataBlockService: 	at java.util.concurrent.Executors$RunnableAdapter.call(Executors.java:457)
12-26 12:23:14.245   873   896 E PersistentDataBlockService: 	at java.util.concurrent.FutureTask.run(FutureTask.java:266)
12-26 12:23:14.245   873   896 E PersistentDataBlockService: 	at java.util.concurrent.ThreadPoolExecutor.runWorker(ThreadPoolExecutor.java:1162)
12-26 12:23:14.245   873   896 E PersistentDataBlockService: 	at java.util.concurrent.ThreadPoolExecutor$Worker.run(ThreadPoolExecutor.java:636)
12-26 12:23:14.245   873   896 E PersistentDataBlockService: 	at com.android.internal.util.ConcurrentUtils$1$1.run(ConcurrentUtils.java:59)
12-26 12:23:14.246   873   896 E PersistentDataBlockService: partition not available?
12-26 12:23:14.246   873   896 E PersistentDataBlockService: java.io.FileNotFoundException: /dev/block/bootdevice/by-name/persistent (Permission denied)
12-26 12:23:14.246   873   896 E PersistentDataBlockService: 	at java.io.FileInputStream.open0(Native Method)
12-26 12:23:14.246   873   896 E PersistentDataBlockService: 	at java.io.FileInputStream.open(FileInputStream.java:200)
12-26 12:23:14.246   873   896 E PersistentDataBlockService: 	at java.io.FileInputStream.<init>(FileInputStream.java:150)
12-26 12:23:14.246   873   896 E PersistentDataBlockService: 	at com.android.server.PersistentDataBlockService.computeDigestLocked(PersistentDataBlockService.java:268)
12-26 12:23:14.246   873   896 E PersistentDataBlockService: 	at com.android.server.PersistentDataBlockService.enforceChecksumValidity(PersistentDataBlockService.java:227)
12-26 12:23:14.246   873   896 E PersistentDataBlockService: 	at com.android.server.PersistentDataBlockService.lambda$-com_android_server_PersistentDataBlockService_5033(PersistentDataBlockService.java:126)
12-26 12:23:14.246   873   896 E PersistentDataBlockService: 	at com.android.server.-$Lambda$VaVGUZuNs2jqHMhhxPzwNl4zK-M.$m$3(Unknown Source:4)
12-26 12:23:14.246   873   896 E PersistentDataBlockService: 	at com.android.server.-$Lambda$VaVGUZuNs2jqHMhhxPzwNl4zK-M.run(Unknown Source:23)
12-26 12:23:14.246   873   896 E PersistentDataBlockService: 	at com.android.server.SystemServerInitThreadPool.lambda$-com_android_server_SystemServerInitThreadPool_2249(SystemServerInitThreadPool.java:64)
12-26 12:23:14.246   873   896 E PersistentDataBlockService: 	at com.android.server.-$Lambda$Ganck_s9Kl5o2K6eVDoQTKLc-6g.$m$2(Unknown Source:8)
12-26 12:23:14.246   873   896 E PersistentDataBlockService: 	at com.android.server.-$Lambda$Ganck_s9Kl5o2K6eVDoQTKLc-6g.run(Unknown Source:19)
12-26 12:23:14.246   873   896 E PersistentDataBlockService: 	at java.util.concurrent.Executors$RunnableAdapter.call(Executors.java:457)
12-26 12:23:14.246   873   896 E PersistentDataBlockService: 	at java.util.concurrent.FutureTask.run(FutureTask.java:266)
12-26 12:23:14.246   873   896 E PersistentDataBlockService: 	at java.util.concurrent.ThreadPoolExecutor.runWorker(ThreadPoolExecutor.java:1162)
12-26 12:23:14.246   873   896 E PersistentDataBlockService: 	at java.util.concurrent.ThreadPoolExecutor$Worker.run(ThreadPoolExecutor.java:636)
12-26 12:23:14.246   873   896 E PersistentDataBlockService: 	at com.android.internal.util.ConcurrentUtils$1$1.run(ConcurrentUtils.java:59)
12-26 12:23:14.246   873   896 I PersistentDataBlockService: Formatting FRP partition...
12-26 12:23:14.247   873   896 E PersistentDataBlockService: partition not available?
12-26 12:23:14.247   873   896 E PersistentDataBlockService: java.io.FileNotFoundException: /dev/block/bootdevice/by-name/persistent (Permission denied)
12-26 12:23:14.247   873   896 E PersistentDataBlockService: 	at java.io.FileOutputStream.open0(Native Method)
12-26 12:23:14.247   873   896 E PersistentDataBlockService: 	at java.io.FileOutputStream.open(FileOutputStream.java:287)
12-26 12:23:14.247   873   896 E PersistentDataBlockService: 	at java.io.FileOutputStream.<init>(FileOutputStream.java:223)
12-26 12:23:14.247   873   896 E PersistentDataBlockService: 	at java.io.FileOutputStream.<init>(FileOutputStream.java:171)
12-26 12:23:14.247   873   896 E PersistentDataBlockService: 	at com.android.server.PersistentDataBlockService.formatPartitionLocked(PersistentDataBlockService.java:310)
12-26 12:23:14.247   873   896 E PersistentDataBlockService: 	at com.android.server.PersistentDataBlockService.enforceChecksumValidity(PersistentDataBlockService.java:230)
12-26 12:23:14.247   873   896 E PersistentDataBlockService: 	at com.android.server.PersistentDataBlockService.lambda$-com_android_server_PersistentDataBlockService_5033(PersistentDataBlockService.java:126)
12-26 12:23:14.247   873   896 E PersistentDataBlockService: 	at com.android.server.-$Lambda$VaVGUZuNs2jqHMhhxPzwNl4zK-M.$m$3(Unknown Source:4)
12-26 12:23:14.247   873   896 E PersistentDataBlockService: 	at com.android.server.-$Lambda$VaVGUZuNs2jqHMhhxPzwNl4zK-M.run(Unknown Source:23)
12-26 12:23:14.247   873   896 E PersistentDataBlockService: 	at com.android.server.SystemServerInitThreadPool.lambda$-com_android_server_SystemServerInitThreadPool_2249(SystemServerInitThreadPool.java:64)
12-26 12:23:14.247   873   896 E PersistentDataBlockService: 	at com.android.server.-$Lambda$Ganck_s9Kl5o2K6eVDoQTKLc-6g.$m$2(Unknown Source:8)
12-26 12:23:14.247   873   896 E PersistentDataBlockService: 	at com.android.server.-$Lambda$Ganck_s9Kl5o2K6eVDoQTKLc-6g.run(Unknown Source:19)
12-26 12:23:14.247   873   896 E PersistentDataBlockService: 	at java.util.concurrent.Executors$RunnableAdapter.call(Executors.java:457)
12-26 12:23:14.247   873   896 E PersistentDataBlockService: 	at java.util.concurrent.FutureTask.run(FutureTask.java:266)
12-26 12:23:14.247   873   896 E PersistentDataBlockService: 	at java.util.concurrent.ThreadPoolExecutor.runWorker(ThreadPoolExecutor.java:1162)
12-26 12:23:14.247   873   896 E PersistentDataBlockService: 	at java.util.concurrent.ThreadPoolExecutor$Worker.run(ThreadPoolExecutor.java:636)
12-26 12:23:14.247   873   896 E PersistentDataBlockService: 	at com.android.internal.util.ConcurrentUtils$1$1.run(ConcurrentUtils.java:59)
12-26 12:23:14.247   873   896 E PersistentDataBlockService: partition not available
12-26 12:23:14.249   873   896 D SystemServerInitThreadPool: Finished executing PersistentDataBlockService.onStart
12-26 12:23:14.208   873  3369 W StorageManagerService: No primary storage defined yet; hacking together a stub
12-26 12:23:14.267   873   873 I system_server: Looking for service android.hardware.oemlock@1.0::IOemLock/default
12-26 12:23:14.268   400   400 W /system/bin/hwservicemanager: getTransport: Cannot find entry android.hardware.oemlock@1.0::IOemLock/default in either framework or device manifest.
12-26 12:23:14.269   873   873 I OemLock : OemLock HAL not present on device
12-26 12:23:14.269   873   873 I OemLock : Using persistent data block based lock
12-26 12:23:14.271   873   873 D SystemServerTiming: StartOemLockService took to complete: 28ms
12-26 12:23:14.271   873   873 I SystemServer: StartDeviceIdleController
12-26 12:23:14.272   873   873 I SystemServiceManager: Starting com.android.server.DeviceIdleController
12-26 12:23:14.277   873   873 D SystemServerTiming: StartDeviceIdleController took to complete: 6ms
12-26 12:23:14.277   873   873 I SystemServer: StartDevicePolicyManager
12-26 12:23:14.278   873   873 I SystemServiceManager: Starting com.android.server.devicepolicy.DevicePolicyManagerService$Lifecycle
12-26 12:23:14.292   873   873 D SystemServerTiming: StartDevicePolicyManager took to complete: 15ms
12-26 12:23:14.292   873   873 I SystemServer: StartStatusBarManagerService
12-26 12:23:14.295   873   873 D SystemServerTiming: StartStatusBarManagerService took to complete: 3ms
12-26 12:23:14.295   873   873 I SystemServer: StartClipboardService
12-26 12:23:14.295   873   873 I SystemServiceManager: Starting com.android.server.clipboard.ClipboardService
12-26 12:23:14.298   873   873 D SystemServerTiming: StartClipboardService took to complete: 3ms
12-26 12:23:14.298   873   873 I SystemServer: StartNetworkManagementService
12-26 12:23:14.302   873  3722 I NetworkManagement: onDaemonConnected()
12-26 12:23:14.304   873   873 D SystemServerTiming: StartNetworkManagementService took to complete: 6ms
12-26 12:23:14.305   873   873 I SystemServer: StartTextServicesManager
12-26 12:23:14.305   873   873 I SystemServiceManager: Starting com.android.server.TextServicesManagerService$Lifecycle
12-26 12:23:14.354   873   873 D SystemServerTiming: StartTextServicesManager took to complete: 49ms
12-26 12:23:14.354   873   873 I SystemServer: StartNetworkScoreService
12-26 12:23:14.357   873   873 D SystemServerTiming: StartNetworkScoreService took to complete: 3ms
12-26 12:23:14.358   873   873 I SystemServer: StartNetworkStatsService
12-26 12:23:14.364   873   873 D SystemServerTiming: StartNetworkStatsService took to complete: 6ms
12-26 12:23:14.364   873   873 I SystemServer: StartNetworkPolicyManagerService
12-26 12:23:14.370   873  3887 I ServiceThread: Enabled StrictMode logging for NetworkPolicy.uid looper.
12-26 12:23:14.371   873   873 D SystemServerTiming: StartNetworkPolicyManagerService took to complete: 7ms
12-26 12:23:14.371   873   873 I SystemServer: StartWifi
12-26 12:23:14.377   873   873 I SystemServiceManager: Starting com.android.server.wifi.WifiService
12-26 12:23:14.433   873   873 D WifiApConfigStore: 2G band allowed channels are:1,6,11
12-26 12:23:14.467   416   438 D CommandListener: Clearing all IP addresses on wlan0
12-26 12:23:14.468   873  3962 E HalDeviceManager: isSupported: called but mServiceManager is null!?
12-26 12:23:14.468   873  3962 I WifiNative-wlan0: Vendor HAL not supported, Ignore stop...
12-26 12:23:14.469   873  3962 D WificondControl: tearing down interfaces in wificond
12-26 12:23:14.473   873   873 D WifiController: isAirplaneModeOn = false, isWifiEnabled = true, isScanningAvailable = false
12-26 12:23:14.477   873   873 I WifiService: getVerboseLoggingLevel uid=1000
12-26 12:23:14.478   873   873 E SupplicantStaIfaceHal: Can't call setDebugParams, ISupplicant is null
12-26 12:23:14.479   873   873 W WifiDiags: no ring buffers found
12-26 12:23:14.479   873   873 W WifiDiags: Failed to start packet fate monitoring
12-26 12:23:14.479   873   873 I WifiService: Registering wifi
12-26 12:23:14.479   873   873 D SystemServerTiming: StartWifi took to complete: 108ms
12-26 12:23:14.480   873   873 I SystemServer: StartWifiScanning
12-26 12:23:14.480   873   873 I SystemServiceManager: Starting com.android.server.wifi.scanner.WifiScanningService
12-26 12:23:14.480   873   873 I WifiScanningService: Creating wifiscanner
12-26 12:23:14.482   873   873 I WifiScanningService: Publishing wifiscanner
12-26 12:23:14.483   873   873 D SystemServerTiming: StartWifiScanning took to complete: 3ms
12-26 12:23:14.484   873   873 I SystemServer: StartWifiRtt
12-26 12:23:14.484   873   873 I SystemServiceManager: Starting com.android.server.wifi.RttService
12-26 12:23:14.484   873   873 I RttService: Creating rttmanager
12-26 12:23:14.486   873   873 I RttService: Starting rttmanager
12-26 12:23:14.487   873   873 D SystemServerTiming: StartWifiRtt took to complete: 4ms
12-26 12:23:14.487   873   873 I SystemServer: No Wi-Fi Aware Service (Aware support Not Present)
12-26 12:23:14.487   873   873 I SystemServer: StartWifiP2P
12-26 12:23:14.488   873   873 I SystemServiceManager: Starting com.android.server.wifi.p2p.WifiP2pService
12-26 12:23:14.494   873   873 I WifiP2pService: Registering wifip2p
12-26 12:23:14.495   873   873 D SystemServerTiming: StartWifiP2P took to complete: 8ms
12-26 12:23:14.495   873   873 I SystemServer: StartEthernet
12-26 12:23:14.496   873   873 I SystemServiceManager: Starting com.android.server.ethernet.EthernetService
12-26 12:23:14.496   873   873 I EthernetServiceImpl: Creating EthernetConfigStore
12-26 12:23:14.497   873   873 E IpConfigStore: Error opening configuration file: java.io.FileNotFoundException: /data/misc/ethernet/ipconfig.txt (No such file or directory)
12-26 12:23:14.497   873   873 W EthernetConfigStore: No Ethernet configuration found. Using default.
12-26 12:23:14.497   873   873 I EthernetServiceImpl: Read stored IP configuration: IP assignment: DHCP
12-26 12:23:14.497   873   873 I EthernetServiceImpl: Proxy settings: NONE
12-26 12:23:14.499   873   873 I EthernetService: Registering service ethernet
12-26 12:23:14.499   873   873 D SystemServerTiming: StartEthernet took to complete: 4ms
12-26 12:23:14.500   873   873 I SystemServer: StartConnectivityService
12-26 12:23:14.507   873   873 D ConnectivityService: ConnectivityService starting up
12-26 12:23:14.509   873   873 D ConnectivityService: wifiOnly=false
12-26 12:23:14.510   873   873 E ConnectivityService: Ignoring protectedNetwork 15
12-26 12:23:14.529   873   873 D SystemServerTiming: StartConnectivityService took to complete: 28ms
12-26 12:23:14.529   873   873 I SystemServer: StartNsdService
12-26 12:23:14.531   873   873 D NsdService: Network service discovery is enabled
12-26 12:23:14.534   873   873 D SystemServerTiming: StartNsdService took to complete: 5ms
12-26 12:23:14.534   873   873 I SystemServer: StartUpdateLockService
12-26 12:23:14.536   873   873 D SystemServerTiming: StartUpdateLockService took to complete: 2ms
12-26 12:23:14.536   873   873 I SystemServer: WaitForAsecScan
12-26 12:23:14.536   873   873 D SystemServerTiming: WaitForAsecScan took to complete: 0ms
12-26 12:23:14.536   873   873 I SystemServer: StartNotificationManager
12-26 12:23:14.537   873   873 I SystemServiceManager: Starting com.android.server.notification.NotificationManagerService
12-26 12:23:14.562   873   873 D ConditionProviders.SCP: new ScheduleConditionProvider()
12-26 12:23:14.567   873   873 D ZenLog  : config: readXml,ZenModeConfig[user=0,allowCalls=true,allowRepeatCallers=false,allowMessages=false,allowCallsFrom=contacts,allowMessagesFrom=contacts,allowReminders=true,allowEvents=true,allowWhenScreenOff=true,allowWhenScreenOn=true,automaticRules={EVENTS_DEFAULT_RULE=ZenRule[enabled=false,snoozing=false,name=Event,zenMode=ZEN_MODE_ALARMS,conditionId=condition://android/event?userId=-10000&calendar=&reply=1,condition=Condition[id=condition://android/event?userId=-10000&calendar=&reply=1,summary=...,line1=...,line2=...,icon=0,state=STATE_FALSE,flags=2],component=ComponentInfo{android/com.android.server.notification.EventConditionProvider},id=EVENTS_DEFAULT_RULE,creationTime=1514277536064,enabler=null], SCHEDULED_DEFAULT_RULE_1=ZenRule[enabled=false,snoozing=false,name=Weeknight,zenMode=ZEN_MODE_ALARMS,conditionId=condition://android/schedule?days=1.2.3.4.5&start=22.0&end=7.0&exitAtAlarm=false,condition=Condition[id=condition://android/schedule?days=1.2.3.4.5&start=22.0&end=7.0&exitAtAlarm=false,summary=...,line1=...,line2=...,icon=0,state=STATE_FALSE,flags=2],component=ComponentInfo{android/com.android.server.notification.ScheduleConditionProvider},id=SCHEDULED_DEFAULT_RULE_1,creationTime=1514277536064,enabler=null], SCHEDULED_DEFAULT_RULE_2=ZenRule[enabled=false,snoozing=false,name=Weekend,zenMode=ZEN_MODE_ALARMS,conditionId=condition://android/schedule?days=6.7&start=23.30&end=10.0&exitAtAlarm=false,condition=Condition[id=condition://android/schedule?days=6.7&start=23.30&end=10.0&exitAtAlarm=false,summary=...,line1=...,line2=...,icon=0,state=STATE_FALSE,flags=2],component=ComponentInfo{android/com.android.server.notification.ScheduleConditionProvider},id=SCHEDULED_DEFAULT_RULE_2,creationTime=1514277536064,enabler=null]},manualRule=null],Diff[automaticRule[EVENTS_DEFAULT_RULE].condition:null->Condition[id=condition://android/event?userId=-10000&calendar=&reply=1,summary=...,line1=...,line2=...,icon=0,state=STATE_FALSE,flags=2],automaticRule[EVENTS_DEFAULT_RULE].creationTime:1514283794558->1514277536064,automaticRule[SCHEDULED_DEFAULT_RULE_1].condition:null->Condition[id=condition://android/schedule?days=1.2.3.4.5&start=22.0&end=7.0&exitAtAlarm=false,summary=...,line1=...,line2=...,icon=0,state=STATE_FALSE,flags=2],automaticRule[SCHEDULED_DEFAULT_RULE_1].creationTime:1514283794557->1514277536064,automaticRule[SCHEDULED_DEFAULT_RULE_2].condition:null->Condition[id=condition://android/schedule?days=6.7&start=23.30&end=10.0&exitAtAlarm=false,summary=...,line1=...,line2=...,icon=0,state=STATE_FALSE,flags=2],automaticRule[SCHEDULED_DEFAULT_RULE_2].creationTime:1514283794557->1514277536064]
12-26 12:23:14.570   873   873 I NotificationListeners: Read notification listener permissions from xml
12-26 12:23:14.570   873   873 I ConditionProviders: Read condition provider permissions from xml
12-26 12:23:14.570   873   873 I ConditionProviders: Read condition provider permissions from xml
12-26 12:23:14.571   873   873 D ZenLog  : set_zen_mode: off,init
12-26 12:23:14.576   873   873 D SystemServerTiming: StartNotificationManager took to complete: 40ms
12-26 12:23:14.576   873   873 I SystemServer: StartDeviceMonitor
12-26 12:23:14.576   873   873 I SystemServiceManager: Starting com.android.server.storage.DeviceStorageMonitorService
12-26 12:23:14.578   873   873 D SystemServerTiming: StartDeviceMonitor took to complete: 2ms
12-26 12:23:14.578   873   873 I SystemServer: StartLocationManagerService
12-26 12:23:14.584   873   873 D SystemServerTiming: StartLocationManagerService took to complete: 5ms
12-26 12:23:14.584   873   873 I SystemServer: StartCountryDetectorService
12-26 12:23:14.585   873   873 D SystemServerTiming: StartCountryDetectorService took to complete: 1ms
12-26 12:23:14.585   873   873 I SystemServer: StartSearchManagerService
12-26 12:23:14.585   873   873 I SystemServiceManager: Starting com.android.server.search.SearchManagerService$Lifecycle
12-26 12:23:14.588   873   873 D SystemServerTiming: StartSearchManagerService took to complete: 3ms
12-26 12:23:14.588   873   873 I SystemServer: StartWallpaperManagerService
12-26 12:23:14.588   873   873 I SystemServiceManager: Starting com.android.server.wallpaper.WallpaperManagerService$Lifecycle
12-26 12:23:14.592   873   873 I WallpaperManagerService: No static wallpaper imagery; defaults will be shown
12-26 12:23:14.594   873   873 D SystemServerTiming: StartWallpaperManagerService took to complete: 5ms
12-26 12:23:14.594   873   873 I SystemServer: StartAudioService
12-26 12:23:14.594   873   873 I SystemServiceManager: Starting com.android.server.audio.AudioService$Lifecycle
12-26 12:23:14.621   873   873 W TelecomManager: Telecom Service not found.
12-26 12:23:14.621   491   531 D PermissionCache: checking android.permission.MODIFY_AUDIO_SETTINGS for uid=1000 => granted (869 us)
12-26 12:23:14.624   491   539 W AudioFlinger: no wake lock to update, system not ready yet
12-26 12:23:14.624   491   542 W AudioFlinger: no wake lock to update, system not ready yet
12-26 12:23:14.625   491   545 W AudioFlinger: no wake lock to update, system not ready yet
12-26 12:23:14.625   491   491 D audio_hw_primary: adev_set_mic_mute state 0
12-26 12:23:14.625   491   491 W DeviceHAL: Device 0xeb9dda00 set_mic_mute: Function not implemented
12-26 12:23:14.625   491   491 W DeviceHAL: Device 0xe9b54dc0 set_mic_mute: Function not implemented
12-26 12:23:14.652   873   873 D SystemServerTiming: StartAudioService took to complete: 58ms
12-26 12:23:14.652   873   873 I SystemServer: StartDockObserver
12-26 12:23:14.653   873   873 I SystemServiceManager: Starting com.android.server.DockObserver
12-26 12:23:14.653   873   873 W DockObserver: This kernel does not have dock station support
12-26 12:23:14.654   873   873 D SystemServerTiming: StartDockObserver took to complete: 2ms
12-26 12:23:14.655   873   873 I SystemServer: StartWiredAccessoryManager
12-26 12:23:14.656   873   873 W WiredAccessoryManager: This kernel does not have usb audio support
12-26 12:23:14.656   873   873 D SystemServerTiming: StartWiredAccessoryManager took to complete: 2ms
12-26 12:23:14.656   873   873 I SystemServer: StartUsbService
12-26 12:23:14.656   873   873 I SystemServiceManager: Starting com.android.server.usb.UsbService$Lifecycle
12-26 12:23:14.677   873   873 I system_server: Looking for service android.hidl.manager@1.0::IServiceManager/default
12-26 12:23:14.678   873   873 I system_server: Starting thread pool.
12-26 12:23:14.680   873  3093 I UsbPortManager: Usb hal service started android.hardware.usb@1.0::IUsb default
12-26 12:23:14.681   873   873 I system_server: Looking for service android.hardware.usb@1.0::IUsb/default
12-26 12:23:14.682   873   873 I system_server: Starting thread pool.
12-26 12:23:14.683   460   460 I android.hardware.usb@1.0-service: registering callback
12-26 12:23:14.684   460   460 E android.hardware.usb@1.0-service: Failed to open /sys/class/dual_role_usb
12-26 12:23:14.684   460  4399 E android.hardware.usb@1.0-service: creating thread
12-26 12:23:14.687   873   873 D SystemServerTiming: StartUsbService took to complete: 31ms
12-26 12:23:14.687   873   873 I SystemServer: StartSerialService
12-26 12:23:14.688   873   873 D SystemServerTiming: StartSerialService took to complete: 1ms
12-26 12:23:14.688   873   873 I SystemServer: StartHardwarePropertiesManagerService
12-26 12:23:14.689   400   400 W /system/bin/hwservicemanager: getTransport: Cannot find entry android.hardware.thermal@1.0::IThermal/default in either framework or device manifest.
12-26 12:23:14.691   873   873 D HardwarePropertiesManagerService-JNI: Link to death notification successful
12-26 12:23:14.686   967   967 I netmgrd : type=1400 audit(0.0:197): avc: denied { ioctl } for path="socket:[27693]" dev="sockfs" ino=27693 ioctlcmd=8946 scontext=u:r:init:s0 tcontext=u:r:init:s0 tclass=udp_socket permissive=1
12-26 12:23:14.691   873   873 D SystemServerTiming: StartHardwarePropertiesManagerService took to complete: 3ms
12-26 12:23:14.692   873   873 I SystemServer: StartTwilightService
12-26 12:23:14.692   873   873 I SystemServiceManager: Starting com.android.server.twilight.TwilightService
12-26 12:23:14.692   873   873 D SystemServerTiming: StartTwilightService took to complete: 0ms
12-26 12:23:14.692   873   873 I SystemServer: StartNightDisplay
12-26 12:23:14.693   873   873 I SystemServiceManager: Starting com.android.server.display.NightDisplayService
12-26 12:23:14.693   873   873 D SystemServerTiming: StartNightDisplay took to complete: 1ms
12-26 12:23:14.693   873   873 I SystemServer: StartJobScheduler
12-26 12:23:14.694   873   873 I SystemServiceManager: Starting com.android.server.job.JobSchedulerService
12-26 12:23:14.698   873   873 I JobStore: Read 0 jobs
12-26 12:23:14.701   873   873 D ConnectivityService: requestNetwork for uid/pid:1000/873 NetworkRequest [ TRACK_DEFAULT id=3, [ Capabilities: INTERNET&NOT_RESTRICTED&TRUSTED&NOT_VPN] ]
12-26 12:23:14.706   873   873 D SystemServerTiming: StartJobScheduler took to complete: 13ms
12-26 12:23:14.706   873   873 I SystemServer: StartSoundTrigger
12-26 12:23:14.706   873   873 I SystemServiceManager: Starting com.android.server.soundtrigger.SoundTriggerService
12-26 12:23:14.709   873   873 D SystemServerTiming: StartSoundTrigger took to complete: 3ms
12-26 12:23:14.709   873   873 I SystemServer: StartTrustManager
12-26 12:23:14.710   873   873 I SystemServiceManager: Starting com.android.server.trust.TrustManagerService
12-26 12:23:14.711   873   873 D SystemServerTiming: StartTrustManager took to complete: 2ms
12-26 12:23:14.712   873   873 I SystemServer: StartBackupManager
12-26 12:23:14.712   873   873 I SystemServiceManager: Starting com.android.server.backup.BackupManagerService$Lifecycle
12-26 12:23:14.710   967   967 I netmgrd : type=1400 audit(0.0:198): avc: denied { ioctl } for path="socket:[27704]" dev="sockfs" ino=27704 ioctlcmd=89f2 scontext=u:r:init:s0 tcontext=u:r:init:s0 tclass=udp_socket permissive=1
12-26 12:23:14.716   873   873 D SystemServerTiming: StartBackupManager took to complete: 4ms
12-26 12:23:14.716   873   873 I SystemServer: StartAppWidgerService
12-26 12:23:14.716   873   873 I SystemServiceManager: Starting com.android.server.appwidget.AppWidgetService
12-26 12:23:14.714   967   967 I netmgrd : type=1400 audit(0.0:199): avc: denied { ioctl } for path="socket:[26383]" dev="sockfs" ino=26383 ioctlcmd=89fd scontext=u:r:init:s0 tcontext=u:r:init:s0 tclass=udp_socket permissive=1
12-26 12:23:14.724   873   873 D SystemServerTiming: StartAppWidgerService took to complete: 8ms
12-26 12:23:14.724   873   873 I SystemServer: StartVoiceRecognitionManager
12-26 12:23:14.725   873   873 I SystemServiceManager: Starting com.android.server.voiceinteraction.VoiceInteractionManagerService
12-26 12:23:14.727   873   873 D SystemServerTiming: StartVoiceRecognitionManager took to complete: 2ms
12-26 12:23:14.727   873   873 I SystemServer: StartGestureLauncher
12-26 12:23:14.727   873   873 I SystemServiceManager: Starting com.android.server.GestureLauncherService
12-26 12:23:14.727   873   873 D SystemServerTiming: StartGestureLauncher took to complete: 0ms
12-26 12:23:14.727   873   873 I SystemServer: StartSensorNotification
12-26 12:23:14.728   873   873 I SystemServiceManager: Starting com.android.server.SensorNotificationService
12-26 12:23:14.728   873   873 D SystemServerTiming: StartSensorNotification took to complete: 1ms
12-26 12:23:14.728   873   873 I SystemServer: StartContextHubSystemService
12-26 12:23:14.728   873   873 I SystemServiceManager: Starting com.android.server.ContextHubSystemService
12-26 12:23:14.728   873   873 D SystemServerTiming: StartContextHubSystemService took to complete: 0ms
12-26 12:23:14.728   873   947 D SystemServerInitThreadPool: Started executing Init ContextHubSystemService
12-26 12:23:14.728   873   873 I SystemServer: StartDiskStatsService
12-26 12:23:14.730   400   400 W /system/bin/hwservicemanager: getTransport: Cannot find entry android.hardware.contexthub@1.0::IContexthub/default in either framework or device manifest.
12-26 12:23:14.730   873   947 E ContextHubService: Could not load context hub hal
12-26 12:23:14.730   873   873 D SystemServerTiming: StartDiskStatsService took to complete: 2ms
12-26 12:23:14.731   873   947 W ContextHubService: No Context Hub Module present
12-26 12:23:14.731   873   873 I SystemServer: StartNetworkTimeUpdateService
12-26 12:23:14.732   873   947 D SystemServerInitThreadPool: Finished executing Init ContextHubSystemService
12-26 12:23:14.733   873   873 D SystemServerTiming: StartNetworkTimeUpdateService took to complete: 2ms
12-26 12:23:14.733   873   873 I SystemServer: StartCommonTimeManagementService
12-26 12:23:14.735   873   873 D SystemServerTiming: StartCommonTimeManagementService took to complete: 2ms
12-26 12:23:14.735   873   873 I SystemServer: CertBlacklister
12-26 12:23:14.736   873   873 D SystemServerTiming: CertBlacklister took to complete: 1ms
12-26 12:23:14.736   873   873 I SystemServer: StartEmergencyAffordanceService
12-26 12:23:14.737   873   873 I SystemServiceManager: Starting com.android.server.emergency.EmergencyAffordanceService
12-26 12:23:14.737   873   873 D SystemServerTiming: StartEmergencyAffordanceService took to complete: 1ms
12-26 12:23:14.737   873   873 I SystemServer: StartDreamManager
12-26 12:23:14.737   873   873 I SystemServiceManager: Starting com.android.server.dreams.DreamManagerService
12-26 12:23:14.741   873   873 D SystemServerTiming: StartDreamManager took to complete: 4ms
12-26 12:23:14.742   873   873 I SystemServer: AddGraphicsStatsService
12-26 12:23:14.744   873   873 D SystemServerTiming: AddGraphicsStatsService took to complete: 2ms
12-26 12:23:14.745   873   873 I SystemServer: StartPrintManager
12-26 12:23:14.746   873   873 I SystemServiceManager: Starting com.android.server.print.PrintManagerService
12-26 12:23:14.750   873   873 D SystemServerTiming: StartPrintManager took to complete: 4ms
12-26 12:23:14.750   873   873 I SystemServer: StartCompanionDeviceManager
12-26 12:23:14.751   873   873 I SystemServiceManager: Starting com.android.server.companion.CompanionDeviceManagerService
12-26 12:23:14.753   873   873 D SystemServerTiming: StartCompanionDeviceManager took to complete: 3ms
12-26 12:23:14.754   873   873 I SystemServer: StartRestrictionManager
12-26 12:23:14.754   873   873 I SystemServiceManager: Starting com.android.server.restrictions.RestrictionsManagerService
12-26 12:23:14.756   873   873 D SystemServerTiming: StartRestrictionManager took to complete: 1ms
12-26 12:23:14.756   873   873 I SystemServer: StartMediaSessionService
12-26 12:23:14.756   873   873 I SystemServiceManager: Starting com.android.server.media.MediaSessionService
12-26 12:23:14.760   873   873 D SystemServerTiming: StartMediaSessionService took to complete: 4ms
12-26 12:23:14.760   873   873 I SystemServer: StartMediaResourceMonitor
12-26 12:23:14.760   873   873 I SystemServiceManager: Starting com.android.server.media.MediaResourceMonitorService
12-26 12:23:14.762   873   873 D SystemServerTiming: StartMediaResourceMonitor took to complete: 2ms
12-26 12:23:14.763   873   873 I SystemServer: StartMediaRouterService
12-26 12:23:14.766   873   873 D SystemServerTiming: StartMediaRouterService took to complete: 3ms
12-26 12:23:14.766   873   873 I SystemServer: StartBackgroundDexOptService
12-26 12:23:14.767   873   873 W BackgroundDexOptService: SysProp pm.dexopt.downgrade_after_inactive_days not set
12-26 12:23:14.767   873   873 D SystemServerTiming: StartBackgroundDexOptService took to complete: 1ms
12-26 12:23:14.767   873   873 I SystemServer: StartPruneInstantAppsJobService
12-26 12:23:14.768   873   873 D SystemServerTiming: StartPruneInstantAppsJobService took to complete: 1ms
12-26 12:23:14.768   873   873 I SystemServer: StartShortcutServiceLifecycle
12-26 12:23:14.768   873   873 I SystemServiceManager: Starting com.android.server.pm.ShortcutService$Lifecycle
12-26 12:23:14.775   873   873 D SystemServerTiming: StartShortcutServiceLifecycle took to complete: 7ms
12-26 12:23:14.775   873   873 I SystemServer: StartLauncherAppsService
12-26 12:23:14.775   873   873 I SystemServiceManager: Starting com.android.server.pm.LauncherAppsService
12-26 12:23:14.778   873   873 D SystemServerTiming: StartLauncherAppsService took to complete: 3ms
12-26 12:23:14.778   873   873 I SystemServer: Starting PocketService
