--------- beginning of main
01-04 09:20:34.408   439   439 W auditd  : type=2000 audit(0.0:1): initialized
01-04 09:20:35.626   439   439 I auditd  : type=1403 audit(0.0:2): policy loaded auid=4294967295 ses=4294967295
01-04 09:20:35.626   439   439 W auditd  : type=1404 audit(0.0:3): enforcing=1 old_enforcing=0 auid=4294967295 ses=4294967295
01-04 09:20:36.577   442   442 I SELinux : SELinux: Loaded service_contexts from:
01-04 09:20:36.578   442   442 I SELinux :     /vndservice_contexts
01-04 09:20:36.578   440   440 I SELinux : SELinux: Loaded service_contexts from:
01-04 09:20:36.579   440   440 I SELinux :     /plat_service_contexts
01-04 09:20:36.579   440   440 I SELinux :     /nonplat_service_contexts
01-04 09:20:36.599   441   441 E hwservicemanager: BINDER_SET_INHERIT_FIFO_PRIO failed with error -1
01-04 09:20:36.616   448   448 D vndksupport: Loading /vendor/lib64/hw/android.hardware.keymaster@3.0-impl.so from current namespace instead of sphal namespace.
01-04 09:20:36.623   448   448 I android.hardware.keymaster@3.0-impl: Fetching keymaster device name default
01-04 09:20:36.623   448   448 D vndksupport: Loading /vendor/lib64/hw/keystore.msm8996.so from current namespace instead of sphal namespace.
01-04 09:20:36.624   448   448 I android.hardware.keymaster@3.0-impl: Found keymaster1 module Keymaster QTI HAL, version 100
--------- beginning of system
01-04 09:20:36.637   449   449 I vold    : Vold 3.0 (the awakening) firing up
01-04 09:20:36.637   449   449 V vold    : Detected support for: exfat ext4 f2fs ntfs vfat
01-04 09:20:36.656   449   454 D vold    : e4crypt_init_user0
01-04 09:20:36.656   449   454 D vold    : e4crypt_prepare_user_storage for volume null, user 0, serial 0, flags 1
01-04 09:20:36.656   449   454 D vold    : Preparing: /data/system/users/0
01-04 09:20:36.656   449   454 D vold    : Preparing: /data/misc/profiles/cur/0
01-04 09:20:36.656   449   454 D vold    : Preparing: /data/system_de/0
01-04 09:20:36.657   449   454 D vold    : Preparing: /data/misc_de/0
01-04 09:20:36.657   449   454 D vold    : Preparing: /data/user_de/0
01-04 09:20:36.657   449   454 D vold    : e4crypt_unlock_user_key 0 serial=0 token_present=0
01-04 09:20:36.666   456   456 I /system/bin/tzdatacheck: timezone distro dir /data/misc/zoneinfo/current does not exist. No action required.
01-04 09:20:36.693   457   457 W init    : type=1400 audit(0.0:4): avc: denied { execute_no_trans } for path="/system/bin/sysinit" dev="sde20" ino=421 scontext=u:r:init:s0 tcontext=u:object_r:system_file:s0 tclass=file permissive=0
01-04 09:20:36.696   458   458 W init    : type=1400 audit(0.0:5): avc: denied { execute_no_trans } for path="/system/bin/sysinit" dev="sde20" ino=421 scontext=u:r:init:s0 tcontext=u:object_r:system_file:s0 tclass=file permissive=0
01-04 09:20:36.746   459   459 I Netd    : Netd 1.0 starting
01-04 09:20:36.749   459   459 D TetherController: Setting IP forward enable = 0
01-04 09:20:36.769   459   459 I Netd    : Creating child chains: 16.2ms
01-04 09:20:36.769   459   459 I Netd    : Setting up OEM hooks: 0.1ms
01-04 09:20:36.773   459   459 I Netd    : Setting up FirewallController hooks: 4.1ms
01-04 09:20:36.775   459   459 I Netd    : Setting up NatController hooks: 1.9ms
01-04 09:20:36.776   459   459 I Netd    : Setting up BandwidthController hooks: 1.5ms
01-04 09:20:36.776   459   459 I Netd    : Setting up IdletimerController hooks: 0.1ms
01-04 09:20:36.780   459   459 I Netd    : Disabling bandwidth control: 3.4ms
01-04 09:20:36.818   459   459 I Netd    : Initializing RouteController: 37.8ms
01-04 09:20:36.818   459   459 E Netd    : Unable to create netlink socket: Protocol not supported
01-04 09:20:36.818   459   459 W Netd    : Unable to open qlog quota socket, check if xt_quota2 can send via UeventHandler
01-04 09:20:36.819   459   459 D MDnsDS  : MDnsSdListener::Hander starting up
01-04 09:20:36.819   459   470 D MDnsDS  : MDnsSdListener starting to monitor
01-04 09:20:36.819   459   470 D MDnsDS  : Going to poll with pollCount 1
01-04 09:20:36.820   459   459 I Netd    : Registering NetdNativeService: 1.0ms
01-04 09:20:36.820   459   459 I Netd    : Starting CommandListener: 0.1ms
01-04 09:20:36.822   459   459 I Netd    : Registering NetdHwService: 2.4ms
01-04 09:20:36.822   459   459 I Netd    : Netd started in 76ms
01-04 09:20:36.910   480   480 I ServiceManagement: Removing namespace from process name android.hidl.allocator@1.0-service to allocator@1.0-s.
01-04 09:20:36.938   484   484 W /vendor/bin/hw/android.hardware.configstore@1.0-service: libminijail[484]: allowing syscall: connect
01-04 09:20:36.938   484   484 W /vendor/bin/hw/android.hardware.configstore@1.0-service: libminijail[484]: allowing syscall: fcntl
01-04 09:20:36.938   484   484 W /vendor/bin/hw/android.hardware.configstore@1.0-service: libminijail[484]: allowing syscall: sendto
01-04 09:20:36.938   484   484 W /vendor/bin/hw/android.hardware.configstore@1.0-service: libminijail[484]: allowing syscall: socket
01-04 09:20:36.938   484   484 W /vendor/bin/hw/android.hardware.configstore@1.0-service: libminijail[484]: allowing syscall: writev
01-04 09:20:36.938   482   482 D vndksupport: Loading /vendor/lib64/hw/android.hardware.bluetooth@1.0-impl.so from current namespace instead of sphal namespace.
01-04 09:20:36.939   484   484 W /vendor/bin/hw/android.hardware.configstore@1.0-service: libminijail[484]: logging seccomp filter failures
01-04 09:20:36.940   484   484 I ServiceManagement: Removing namespace from process name android.hardware.configstore@1.0-service to configstore@1.0.
01-04 09:20:36.944   482   482 I ServiceManagement: Removing namespace from process name android.hardware.bluetooth@1.0-service to bluetooth@1.0-s.
01-04 09:20:36.944   482   482 I android.hardware.bluetooth@1.0-service: Registration complete for android.hardware.bluetooth@1.0::IBluetoothHci/default.
01-04 09:20:36.994   486   486 D vndksupport: Loading /vendor/lib64/hw/android.hardware.gatekeeper@1.0-impl.so from current namespace instead of sphal namespace.
01-04 09:20:36.997   506   506 I rmt_storage: Shared memory initialised successfully.
01-04 09:20:36.997   506   506 I oem_rmts: oem_remote_storage_parse_partitions: Registering oem_dycnvbk: 9, /oem/nvbk/dynamic
01-04 09:20:36.997   506   506 I oem_rmts: oem_remote_storage_parse_partitions: Registering oem_stanvbk: 10, /oem/nvbk/static
01-04 09:20:36.997   506   506 I rmt_storage: Registering modemst1: 0x4a /boot/modem_fs1
01-04 09:20:36.997   506   506 I rmt_storage: Registering modemst2: 0x4b /boot/modem_fs2
01-04 09:20:36.997   506   506 I rmt_storage: Registering fsc: 0xff /boot/modem_fsc
01-04 09:20:36.997   506   506 I rmt_storage: Registering fsg: 0x58 /boot/modem_fsg
01-04 09:20:36.997   506   506 I rmt_storage: 4 GPT partitions found
01-04 09:20:36.997   506   506 I rmt_storage: Capset success!
01-04 09:20:36.998   486   486 D vndksupport: Loading /vendor/lib64/hw/gatekeeper.msm8996.so from current namespace instead of sphal namespace.
01-04 09:20:36.999   486   486 D gatekeeper_device: HwGkOpen called
01-04 09:20:37.007   491   491 D vndksupport: Loading /vendor/lib64/hw/android.hardware.memtrack@1.0-impl.so from current namespace instead of sphal namespace.
01-04 09:20:37.008   487   487 D vndksupport: Loading /vendor/lib64/hw/android.hardware.graphics.allocator@2.0-impl.so from current namespace instead of sphal namespace.
01-04 09:20:37.009   441   441 W /system/bin/hwservicemanager: getTransport: Cannot find entry android.hardware.health@1.0::IHealth/default in either framework or device manifest.
01-04 09:20:37.010   441   441 W /system/bin/hwservicemanager: getTransport: Cannot find entry android.hardware.vibrator@1.0::IVibrator/default in either framework or device manifest.
01-04 09:20:37.011   504   504 I irsc_util: Starting irsc tool
01-04 09:20:37.012   441   441 W /system/bin/hwservicemanager: getTransport: Cannot find entry android.hardware.sensors@1.0::ISensors/default in either framework or device manifest.
01-04 09:20:37.013   504   504 I irsc_util: Num of entries:290
01-04 09:20:37.013   504   504 I irsc_util: Ending irsc tool
01-04 09:20:37.014   488   488 D vndksupport: Loading /vendor/lib64/hw/android.hardware.graphics.composer@2.1-impl.so from current namespace instead of sphal namespace.
01-04 09:20:37.018   488   488 D vndksupport: Loading /vendor/lib64/hw/hwcomposer.msm8996.so from current namespace instead of sphal namespace.
01-04 09:20:37.019   496   496 D vndksupport: Loading /vendor/lib64/hw/android.hardware.vibrator@1.0-impl.so from current namespace instead of sphal namespace.
01-04 09:20:37.020   489   489 D vndksupport: Loading /vendor/lib64/hw/android.hardware.health@1.0-impl.so from current namespace instead of sphal namespace.
01-04 09:20:37.021   507   507 I tftp_server: Starting...
01-04 09:20:37.022   493   493 D vndksupport: Loading /vendor/lib64/hw/android.hardware.sensors@1.0-impl.so from current namespace instead of sphal namespace.
01-04 09:20:37.029   441   441 W /system/bin/hwservicemanager: getTransport: Cannot find entry android.hardware.health@1.0::IHealth/default in either framework or device manifest.
01-04 09:20:37.030   496   496 D vndksupport: Loading /vendor/lib64/hw/vibrator.default.so from current namespace instead of sphal namespace.
01-04 09:20:37.033   489   489 I ServiceManagement: Removing namespace from process name android.hardware.health@1.0-service to health@1.0-serv.
01-04 09:20:37.033   496   496 D         : Vibrator using timed_output
01-04 09:20:37.034   489   489 I android.hardware.health@1.0-service: Registration complete for android.hardware.health@1.0::IHealth/default.
01-04 09:20:37.035   496   496 I ServiceManagement: Removing namespace from process name android.hardware.vibrator@1.0-service to vibrator@1.0-se.
01-04 09:20:37.039   507   507 I tftp_server: pid=507 tid=507 tftp-server : INF :[tftp_os_la.c, 121] mkdir failed: [17] [/data/vendor/tombstones/rfs/modem] [File exists]
01-04 09:20:37.039   507   507 I tftp_server: pid=507 tid=507 tftp-server : INF :[tftp_os_la.c, 141] chown failed: [1] [/data/vendor/tombstones/rfs/modem] [Operation not permitted]
01-04 09:20:37.039   507   507 I tftp_server: pid=507 tid=507 tftp-server : INF :[tftp_os_la.c, 141] chown failed: [1] [/data/vendor/tombstones/rfs/modem] [Operation not permitted]
01-04 09:20:37.040   507   507 I tftp_server: pid=507 tid=507 tftp-server : INF :[tftp_os_la.c, 121] mkdir failed: [17] [/data/vendor/tombstones/rfs/modem/] [File exists]
01-04 09:20:37.040   507   507 I tftp_server: pid=507 tid=507 tftp-server : INF :[tftp_os_la.c, 141] chown failed: [1] [/data/vendor/tombstones/rfs/modem/] [Operation not permitted]
01-04 09:20:37.040   507   507 I tftp_server: pid=507 tid=507 tftp-server : INF :[tftp_os_la.c, 121] mkdir failed: [17] [/data/vendor/tombstones/rfs/lpass] [File exists]
01-04 09:20:37.040   507   507 I tftp_server: pid=507 tid=507 tftp-server : INF :[tftp_os_la.c, 141] chown failed: [1] [/data/vendor/tombstones/rfs/lpass] [Operation not permitted]
01-04 09:20:37.040   507   507 I tftp_server: pid=507 tid=507 tftp-server : INF :[tftp_os_la.c, 141] chown failed: [1] [/data/vendor/tombstones/rfs/lpass] [Operation not permitted]
01-04 09:20:37.040   507   507 I tftp_server: pid=507 tid=507 tftp-server : INF :[tftp_os_la.c, 121] mkdir failed: [17] [/data/vendor/tombstones/rfs/lpass/] [File exists]
01-04 09:20:37.040   507   507 I tftp_server: pid=507 tid=507 tftp-server : INF :[tftp_os_la.c, 141] chown failed: [1] [/data/vendor/tombstones/rfs/lpass/] [Operation not permitted]
01-04 09:20:37.040   507   507 I tftp_server: pid=507 tid=507 tftp-server : INF :[tftp_os_la.c, 121] mkdir failed: [17] [/data/vendor/tombstones/rfs/tn] [File exists]
01-04 09:20:37.040   507   507 I tftp_server: pid=507 tid=507 tftp-server : INF :[tftp_os_la.c, 141] chown failed: [1] [/data/vendor/tombstones/rfs/tn] [Operation not permitted]
01-04 09:20:37.040   507   507 I tftp_server: pid=507 tid=507 tftp-server : INF :[tftp_os_la.c, 141] chown failed: [1] [/data/vendor/tombstones/rfs/tn] [Operation not permitted]
01-04 09:20:37.040   507   507 I tftp_server: pid=507 tid=507 tftp-server : INF :[tftp_os_la.c, 121] mkdir failed: [17] [/data/vendor/tombstones/rfs/tn/] [File exists]
01-04 09:20:37.040   507   507 I tftp_server: pid=507 tid=507 tftp-server : INF :[tftp_os_la.c, 141] chown failed: [1] [/data/vendor/tombstones/rfs/tn/] [Operation not permitted]
01-04 09:20:37.040   507   507 I tftp_server: pid=507 tid=507 tftp-server : INF :[tftp_os_la.c, 121] mkdir failed: [17] [/data/vendor/tombstones/rfs/slpi] [File exists]
01-04 09:20:37.040   507   507 I tftp_server: pid=507 tid=507 tftp-server : INF :[tftp_os_la.c, 141] chown failed: [1] [/data/vendor/tombstones/rfs/slpi] [Operation not permitted]
01-04 09:20:37.040   507   507 I tftp_server: pid=507 tid=507 tftp-server : INF :[tftp_os_la.c, 141] chown failed: [1] [/data/vendor/tombstones/rfs/slpi] [Operation not permitted]
01-04 09:20:37.040   507   507 I tftp_server: pid=507 tid=507 tftp-server : INF :[tftp_os_la.c, 121] mkdir failed: [17] [/data/vendor/tombstones/rfs/slpi/] [File exists]
01-04 09:20:37.040   507   507 I tftp_server: pid=507 tid=507 tftp-server : INF :[tftp_os_la.c, 141] chown failed: [1] [/data/vendor/tombstones/rfs/slpi/] [Operation not permitted]
01-04 09:20:37.040   507   507 I tftp_server: pid=507 tid=507 tftp-server : INF :[tftp_os_la.c, 121] mkdir failed: [17] [/persist/rfs/shared] [File exists]
01-04 09:20:37.040   507   507 I tftp_server: pid=507 tid=507 tftp-server : INF :[tftp_os_la.c, 121] mkdir failed: [17] [/persist/rfs/shared/] [File exists]
01-04 09:20:37.040   507   507 I tftp_server: pid=507 tid=507 tftp-server : INF :[tftp_os_la.c, 121] mkdir failed: [17] [/persist/rfs/msm/mpss] [File exists]
01-04 09:20:37.040   507   507 I tftp_server: pid=507 tid=507 tftp-server : INF :[tftp_os_la.c, 121] mkdir failed: [17] [/persist/rfs/msm/mpss/] [File exists]
01-04 09:20:37.040   507   507 I tftp_server: pid=507 tid=507 tftp-server : INF :[tftp_os_la.c, 121] mkdir failed: [17] [/persist/rfs/msm/adsp] [File exists]
01-04 09:20:37.040   507   507 I tftp_server: pid=507 tid=507 tftp-server : INF :[tftp_os_la.c, 121] mkdir failed: [17] [/persist/rfs/msm/adsp/] [File exists]
01-04 09:20:37.040   507   507 I tftp_server: pid=507 tid=507 tftp-server : INF :[tftp_os_la.c, 121] mkdir failed: [17] [/persist/rfs/msm/slpi] [File exists]
01-04 09:20:37.040   507   507 I tftp_server: pid=507 tid=507 tftp-server : INF :[tftp_os_la.c, 121] mkdir failed: [17] [/persist/rfs/msm/slpi/] [File exists]
01-04 09:20:37.040   507   507 I tftp_server: pid=507 tid=507 tftp-server : INF :[tftp_os_la.c, 121] mkdir failed: [17] [/persist/rfs/mdm/mpss] [File exists]
01-04 09:20:37.040   507   507 I tftp_server: pid=507 tid=507 tftp-server : INF :[tftp_os_la.c, 121] mkdir failed: [17] [/persist/rfs/mdm/mpss/] [File exists]
01-04 09:20:37.040   507   507 I tftp_server: pid=507 tid=507 tftp-server : INF :[tftp_os_la.c, 121] mkdir failed: [17] [/persist/rfs/mdm/adsp] [File exists]
01-04 09:20:37.040   507   507 I tftp_server: pid=507 tid=507 tftp-server : INF :[tftp_os_la.c, 121] mkdir failed: [17] [/persist/rfs/mdm/adsp/] [File exists]
01-04 09:20:37.040   507   507 I tftp_server: pid=507 tid=507 tftp-server : INF :[tftp_os_la.c, 121] mkdir failed: [17] [/persist/rfs/mdm/slpi] [File exists]
01-04 09:20:37.040   507   507 I tftp_server: pid=507 tid=507 tftp-server : INF :[tftp_os_la.c, 121] mkdir failed: [17] [/persist/rfs/mdm/slpi/] [File exists]
01-04 09:20:37.040   507   507 I tftp_server: pid=507 tid=507 tftp-server : INF :[tftp_os_la.c, 121] mkdir failed: [17] [/persist/rfs/mdm/tn] [File exists]
01-04 09:20:37.040   507   507 I tftp_server: pid=507 tid=507 tftp-server : INF :[tftp_os_la.c, 121] mkdir failed: [17] [/persist/rfs/mdm/tn/] [File exists]
01-04 09:20:37.040   507   507 I tftp_server: pid=507 tid=507 tftp-server : INF :[tftp_os_la.c, 121] mkdir failed: [17] [/persist/rfs/apq/gnss] [File exists]
01-04 09:20:37.040   507   507 I tftp_server: pid=507 tid=507 tftp-server : INF :[tftp_os_la.c, 121] mkdir failed: [17] [/persist/rfs/apq/gnss/] [File exists]
01-04 09:20:37.040   507   507 I tftp_server: pid=507 tid=507 tftp-server : INF :[tftp_os_la.c, 121] mkdir failed: [17] [/persist/hlos_rfs/shared] [File exists]
01-04 09:20:37.040   507   507 I tftp_server: pid=507 tid=507 tftp-server : INF :[tftp_os_la.c, 121] mkdir failed: [17] [/persist/hlos_rfs/shared/] [File exists]
01-04 09:20:37.043   496   496 I android.hardware.vibrator@1.0-service: Registration complete for android.hardware.vibrator@1.0::IVibrator/default.
01-04 09:20:37.055   493   493 E Diag_Lib: diag diag_get_max_file_size size=200,max_file_size=209715200,min_file_size=167772160
01-04 09:20:37.069   441   441 W /system/bin/hwservicemanager: getTransport: Cannot find entry android.hardware.thermal@1.1::IThermal/default in either framework or device manifest.
01-04 09:20:37.070   492   492 I android.hardware.power@1.0-service.oneplus3: Power HAL Service 1.0 for oneplus3 is starting.
01-04 09:20:37.070   492   492 I QCOM PowerHAL: QCOM power HAL initing.
01-04 09:20:37.070   492   492 I QCOM PowerHAL: is_touchboost_enabled = 1
01-04 09:20:37.071   492   492 I ServiceManagement: Removing namespace from process name android.hardware.power@1.0-service.oneplus3 to power@1.0-servi.
01-04 09:20:37.071   488   488 D vndksupport: Loading /vendor/lib64/hw/gralloc.msm8996.so from current namespace instead of sphal namespace.
01-04 09:20:37.072   487   487 D vndksupport: Loading /vendor/lib64/hw/gralloc.msm8996.so from current namespace instead of sphal namespace.
01-04 09:20:37.073   491   491 D vndksupport: Loading /vendor/lib64/hw/memtrack.msm8996.so from current namespace instead of sphal namespace.
01-04 09:20:37.074   490   490 D vndksupport: Loading /vendor/lib64/hw/android.hardware.light@2.0-impl.so from current namespace instead of sphal namespace.
01-04 09:20:37.088   483   483 D android.hardware.cas@1.0-service: android.hardware.cas@1.0-service starting...
01-04 09:20:37.088   483   483 I ServiceManagement: Removing namespace from process name android.hardware.cas@1.0-service to cas@1.0-service.
01-04 09:20:37.090   499   499 I android.hardware.wifi@1.0-service: Wifi Hal is booting up...
01-04 09:20:37.095   495   495 I ServiceManagement: Removing namespace from process name android.hardware.usb@1.0-service to usb@1.0-service.
01-04 09:20:37.101   509   509 E Diag_Lib: diag diag_get_max_file_size size=200,max_file_size=209715200,min_file_size=167772160
01-04 09:20:37.121   485   485 D android.hardware.drm@1.0-service: android.hardware.drm@1.0-service starting...
01-04 09:20:37.123   490   490 E light   : light_open lights keyboard failed: -22
01-04 09:20:37.123   490   490 E light   : Light passthrough failed to load legacy HAL.
01-04 09:20:37.124   490   490 E light   : light_open lights bluetooth failed: -22
01-04 09:20:37.124   490   490 E light   : Light passthrough failed to load legacy HAL.
01-04 09:20:37.125   490   490 E light   : light_open lights wifi failed: -22
01-04 09:20:37.125   490   490 E light   : Light passthrough failed to load legacy HAL.
01-04 09:20:37.146   492   492 I android.hardware.power@1.0-service.oneplus3: Power Service is ready
01-04 09:20:37.186   460   460 D AndroidRuntime: >>>>>> START com.android.internal.os.ZygoteInit uid 0 <<<<<<
01-04 09:20:37.196   510   510 I lowmemorykiller: Using in-kernel low memory killer interface
01-04 09:20:37.198   501   501 D QSEECOMD: : qseecom listener services process entry PPID = 1
01-04 09:20:37.198   501   501 E QSEECOMD: : Listener: index = 0, hierarchy = 0
01-04 09:20:37.201   491   491 I ServiceManagement: Removing namespace from process name android.hardware.memtrack@1.0-service to memtrack@1.0-se.
01-04 09:20:37.202   487   487 I ServiceManagement: Removing namespace from process name android.hardware.graphics.allocator@2.0-service to allocator@2.0-s.
01-04 09:20:37.202   461   461 D AndroidRuntime: >>>>>> START com.android.internal.os.ZygoteInit uid 0 <<<<<<
01-04 09:20:37.202   488   520 W SDM     : HWCSession::UEventThread: UEvent dropped. No uevent listener.
01-04 09:20:37.205   497   497 D vndksupport: Loading /vendor/lib64/hw/android.hardware.vr@1.0-impl.so from current namespace instead of sphal namespace.
01-04 09:20:37.205   494   494 D vndksupport: Loading /vendor/lib64/hw/android.hardware.thermal@1.0-impl.so from current namespace instead of sphal namespace.
01-04 09:20:37.206   488   488 I SDM     : ExtensionInterface::CreateExtensionInterface: 
01-04 09:20:37.206   488   488 I SDM     : SDM-EXTENSION Version: Date: 09/15/17, Commit: edd678e, Change: I44568240dc
01-04 09:20:37.206   495   495 I android.hardware.usb@1.0-service: USB HAL Ready.
01-04 09:20:37.207   501   501 D QSEECOMD: : Init dlopen(librpmb.so, RTLD_NOW) succeeds
01-04 09:20:37.207   501   501 D QSEECOMD: : Init::Init dlsym(g_FSHandle rpmb_init_service) succeeds
01-04 09:20:37.207   488   488 I SDM     : HWInfo::GetHWResourceInfo: SDE Version = 500, SDE Revision = 10070002, RGB = 4, VIG = 4, DMA = 2, Cursor = 2
01-04 09:20:37.207   488   488 I SDM     : HWInfo::GetHWResourceInfo: Upscale Ratio = 20, Downscale Ratio = 4, Blending Stages = 7
01-04 09:20:37.207   488   488 I SDM     : HWInfo::GetHWResourceInfo: SourceSplit = 1 QSEED3 = 0
01-04 09:20:37.207   488   488 I SDM     : HWInfo::GetHWResourceInfo: BWC = 0, UBWC = 1, Decimation = 1, Tile Format = 0 Concurrent Writeback = 0
01-04 09:20:37.207   488   488 I SDM     : HWInfo::GetHWResourceInfo: MaxLowBw = 9600000 , MaxHighBw = 9600000
01-04 09:20:37.207   488   488 I SDM     : HWInfo::GetHWResourceInfo: MaxPipeBw = 4500000 KBps, MaxSDEClock = 412500000 Hz, ClockFudgeFactor = 1.050000
01-04 09:20:37.207   488   488 I SDM     : HWInfo::GetHWResourceInfo: Prefill factors: Tiled_NV12 = 8, Tiled = 4, Linear = 1, Scale = 1, Fudge_factor = 2
01-04 09:20:37.207   488   488 I SDM     : HWInfo::GetMDSSRotatorInfo: MDSS Rotator: Count = 2, Downscale = 1, Min_downscale = 2.000000
01-04 09:20:37.208   501   501 I rpmb_ufs: RPMB Mult (512-byte sector) = 8192, Rel_sec_cnt = 32
01-04 09:20:37.208   488   488 I SDM     : SessionManager::SessionManager: Allocate buffers synchronously = 0
01-04 09:20:37.209   490   490 I ServiceManagement: Removing namespace from process name android.hardware.light@2.0-service to light@2.0-servi.
01-04 09:20:37.211   512   512 W thermalserviced: Unable to get Thermal HAL V1.1, vendor thermal event notification not available
01-04 09:20:37.212   501   501 E DrmLibRpmb: rpmb_init succeeded! with ret = 0
01-04 09:20:37.212   501   501 D QSEECOMD: : Init rpmb_init_service ret = 0
01-04 09:20:37.212   501   501 D QSEECOMD: : RPMB system services: init (Listener ID = 8192)
01-04 09:20:37.212   501   501 E QSEECOMD: : Listener: index = 1, hierarchy = 0
01-04 09:20:37.213   485   485 D vndksupport: Loading /vendor/lib/hw/android.hardware.drm@1.0-impl.so from current namespace instead of sphal namespace.
01-04 09:20:37.214   481   481 D vndksupport: Loading /vendor/lib/hw/android.hardware.audio@2.0-impl.so from current namespace instead of sphal namespace.
01-04 09:20:37.214   488   520 W SDM     : HWCSession::UEventThread: UEvent dropped. No uevent listener.
01-04 09:20:37.215   494   494 D vndksupport: Loading /vendor/lib64/hw/thermal.msm8996.so from current namespace instead of sphal namespace.
01-04 09:20:37.215   497   497 D vndksupport: Loading /vendor/lib64/hw/vr.msm8996.so from current namespace instead of sphal namespace.
01-04 09:20:37.217   491   491 I android.hardware.memtrack@1.0-service: Registration complete for android.hardware.memtrack@1.0::IMemtrack/default.
01-04 09:20:37.218   487   487 I android.hardware.graphics.allocator@2.0-service: Registration complete for android.hardware.graphics.allocator@2.0::IAllocator/default.
01-04 09:20:37.218   490   490 I android.hardware.light@2.0-service: Registration complete for android.hardware.light@2.0::ILight/default.
01-04 09:20:37.219   509   552 E Sensors : sns_reg_la.c(86):reg read: offset 4864, num bytes: 52
01-04 09:20:37.220   488   488 I SDM     : CoreInterface::CreateCore: Open interface handle = 0x761945c000
01-04 09:20:37.220   488   488 I SDM     : HWCSession::Register: Set uevent listener = 0x7619473000
01-04 09:20:37.220   488   488 I SDM     : HWInfo::GetFirstDisplayInterfaceType: First display is internal display
01-04 09:20:37.220   488   488 I SDM     : CPUHint::Init: CPU Hint Pre-enable Window 50
01-04 09:20:37.220   488   488 I SDM     : CPUHint::Init: Successfully Loaded Vendor Extension Library symbols
01-04 09:20:37.221   488   488 I SDM     : HWDevice::GetHWPanelMaxBrightnessFromNode: Max brightness level = 255
01-04 09:20:37.221   488   488 I SDM     : HWDevice::Init: access(/dev/graphics/fb0) successful
01-04 09:20:37.221   488   488 I SDM     : HWDevice::GetHWPanelMaxBrightnessFromNode: Max brightness level = 255
01-04 09:20:37.222   488   488 I SDM     : HWDevice::PopulateHWPanelInfo: Device type = 0, Display Port = 1, Display Mode = 2, Device Node = 0, Is Primary = 1
01-04 09:20:37.222   488   488 I SDM     : HWDevice::PopulateHWPanelInfo: Partial Update = 0, supported roi_count =1, Dynamic FPS = 0
01-04 09:20:37.222   488   488 I SDM     : HWDevice::PopulateHWPanelInfo: Align: left = 0, width = 0, top = 0, height = 0
01-04 09:20:37.222   488   488 I SDM     : HWDevice::PopulateHWPanelInfo: ROI: min_width = 0, min_height = 0, need_merge = 0
01-04 09:20:37.222   488   488 I SDM     : HWDevice::PopulateHWPanelInfo: FPS: min = 0, max =0
01-04 09:20:37.222   488   488 I SDM     : HWDevice::PopulateHWPanelInfo: Ping Pong Split = 0
01-04 09:20:37.222   488   488 I SDM     : HWDevice::PopulateHWPanelInfo: Left Split = 0, Right Split = 0
01-04 09:20:37.222   488   488 I SDM     : HWDevice::GetHWPanelMaxBrightnessFromNode: Max brightness level = 255
01-04 09:20:37.223   488   488 I SDM     : HWDevice::GetHWPanelMaxBrightnessFromNode: Max brightness level = 255
01-04 09:20:37.223   488   488 W SDM     : HWDevice::GetHWPanelInfoByNode: Failed to open msm_fb_panel_info node device node 2
01-04 09:20:37.223   488   488 W SDM     : HWDevice::GetHWPanelInfoByNode: Failed to open msm_fb_panel_info node device node 3
01-04 09:20:37.223   488   488 I SDM     : HWDevice::GetHWPanelMaxBrightnessFromNode: Max brightness level = 255
01-04 09:20:37.223   488   488 I SDM     : HWDevice::GetHWPanelMaxBrightnessFromNode: Max brightness level = 255
01-04 09:20:37.223   488   488 W SDM     : HWDevice::GetHWPanelInfoByNode: Failed to open msm_fb_panel_info node device node 2
01-04 09:20:37.223   488   488 W SDM     : HWDevice::GetHWPanelInfoByNode: Failed to open msm_fb_panel_info node device node 3
01-04 09:20:37.224   488   488 I SDM     : StrategyImpl::SetIdleTimeoutMs: Idle timeout not supported for display = 0, mode = 2
01-04 09:20:37.224   488   488 I SDM     : StrategyImpl::Init: HDR LUT Generation disabled
01-04 09:20:37.224   488   488 W SDM     : ColorManager::CreateColorManagerProxy: PAV2 version is versions = 11, version = 11 
01-04 09:20:37.224   501   501 D QSEECOMD: : Init dlopen(libssd.so, RTLD_NOW) succeeds
01-04 09:20:37.224   501   501 D QSEECOMD: : Init::Init dlsym(g_FSHandle ssd_init_service) succeeds
01-04 09:20:37.225   501   501 E SSD     : ssd_init_service succeeded!
01-04 09:20:37.225   501   501 D QSEECOMD: : Init ssd_init_service ret = 0
01-04 09:20:37.225   501   501 D QSEECOMD: : SSD system services: init (Listener ID = 12288)
01-04 09:20:37.225   501   501 E QSEECOMD: : Listener: index = 2, hierarchy = 0
01-04 09:20:37.226   509   552 E Sensors : sns_reg_la.c(194):reg write: offset 4864, num bytes: 52
01-04 09:20:37.226   544   544 E /system/vendor/bin/adsprpcd: vendor/qcom/proprietary/adsprpc/src/adsprpcd.c:29:adsp daemon starting
01-04 09:20:37.234   494   494 I ServiceManagement: Removing namespace from process name android.hardware.thermal@1.0-service to thermal@1.0-ser.
01-04 09:20:37.235   511   511 I /system/bin/surfaceflinger: android::hardware::configstore::V1_0::ISurfaceFlingerConfigs::maxFrameBufferAcquiredBuffers retrieved: 2 (default)
01-04 09:20:37.238   494   494 I android.hardware.thermal@1.0-service: Registration complete for android.hardware.thermal@1.0::IThermal/default.
01-04 09:20:37.239   511   511 I /system/bin/surfaceflinger: android::hardware::configstore::V1_0::ISurfaceFlingerConfigs::startGraphicsAllocatorService retrieved: 0
01-04 09:20:37.241   511   511 I SurfaceFlinger: SurfaceFlinger is starting
01-04 09:20:37.241   511   511 I /system/bin/surfaceflinger: android::hardware::configstore::V1_0::ISurfaceFlingerConfigs::vsyncEventPhaseOffsetNs retrieved: 2000000
01-04 09:20:37.241   511   511 I /system/bin/surfaceflinger: android::hardware::configstore::V1_0::ISurfaceFlingerConfigs::vsyncSfEventPhaseOffsetNs retrieved: 6000000
01-04 09:20:37.241   511   511 I /system/bin/surfaceflinger: android::hardware::configstore::V1_0::ISurfaceFlingerConfigs::hasSyncFramework retrieved: 1
01-04 09:20:37.241   511   511 I /system/bin/surfaceflinger: android::hardware::configstore::V1_0::ISurfaceFlingerConfigs::useContextPriority retrieved: 0 (default)
01-04 09:20:37.242   488   488 I SDM     : DisplayBase::InitializeColorModes: Number of Color Modes = 8
01-04 09:20:37.242   511   511 I /system/bin/surfaceflinger: android::hardware::configstore::V1_0::ISurfaceFlingerConfigs::presentTimeOffsetFromVSyncNs retrieved: 0
01-04 09:20:37.243   511   511 I /system/bin/surfaceflinger: android::hardware::configstore::V1_0::ISurfaceFlingerConfigs::useHwcForRGBtoYUV retrieved: 1
01-04 09:20:37.243   511   511 I /system/bin/surfaceflinger: android::hardware::configstore::V1_0::ISurfaceFlingerConfigs::maxVirtualDisplaySize retrieved: 4096
01-04 09:20:37.243   511   511 I /system/bin/surfaceflinger: android::hardware::configstore::V1_0::ISurfaceFlingerConfigs::useVrFlinger retrieved: 0 (default)
01-04 09:20:37.243   511   511 I /system/bin/surfaceflinger: android::hardware::configstore::V1_0::ISurfaceFlingerConfigs::maxFrameBufferAcquiredBuffers retrieved: 2 (default)
01-04 09:20:37.243   509   552 E Sensors : sns_reg_la.c(194):reg write: offset 4864, num bytes: 52
01-04 09:20:37.243   511   511 I /system/bin/surfaceflinger: android::hardware::configstore::V1_0::ISurfaceFlingerConfigs::hasWideColorDisplay retrieved: 0
01-04 09:20:37.244   511   511 I SurfaceFlinger: Enabling HWC virtual displays
01-04 09:20:37.244   511   511 I SurfaceFlinger: Disabling Triple Buffering
01-04 09:20:37.244   511   511 I SurfaceFlinger: SurfaceFlinger's main thread ready to run. Initializing graphics H/W...
01-04 09:20:37.244   511   511 I SurfaceFlinger: Phase offest NS: 2000000
01-04 09:20:37.245   460   460 I zygote64: option[0]=-Xzygote
01-04 09:20:37.245   460   460 I zygote64: option[1]=-Xusetombstonedtraces
01-04 09:20:37.245   460   460 I zygote64: option[2]=exit
01-04 09:20:37.245   460   460 I zygote64: option[3]=vfprintf
01-04 09:20:37.245   460   460 I zygote64: option[4]=sensitiveThread
01-04 09:20:37.245   460   460 I zygote64: option[5]=-verbose:gc
01-04 09:20:37.245   460   460 I zygote64: option[6]=-Xms16m
01-04 09:20:37.245   460   460 I zygote64: option[7]=-Xmx512m
01-04 09:20:37.245   460   460 I zygote64: option[8]=-XX:HeapGrowthLimit=256m
01-04 09:20:37.245   460   460 I zygote64: option[9]=-XX:HeapMinFree=4m
01-04 09:20:37.245   460   460 I zygote64: option[10]=-XX:HeapMaxFree=8m
01-04 09:20:37.245   460   460 I zygote64: option[11]=-XX:HeapTargetUtilization=0.75
01-04 09:20:37.246   460   460 I zygote64: option[12]=-Xusejit:true
01-04 09:20:37.246   460   460 I zygote64: option[13]=-Xjitsaveprofilinginfo
01-04 09:20:37.246   460   460 I zygote64: option[14]=-agentlib:jdwp=transport=dt_android_adb,suspend=n,server=y
01-04 09:20:37.246   460   460 I zygote64: option[15]=-Xlockprofthreshold:500
01-04 09:20:37.246   460   460 I zygote64: option[16]=-Ximage-compiler-option
01-04 09:20:37.246   460   460 I zygote64: option[17]=--runtime-arg
01-04 09:20:37.246   460   460 I zygote64: option[18]=-Ximage-compiler-option
01-04 09:20:37.246   460   460 I zygote64: option[19]=-Xms64m
01-04 09:20:37.246   460   460 I zygote64: option[20]=-Ximage-compiler-option
01-04 09:20:37.246   460   460 I zygote64: option[21]=--runtime-arg
01-04 09:20:37.246   460   460 I zygote64: option[22]=-Ximage-compiler-option
01-04 09:20:37.246   460   460 I zygote64: option[23]=-Xmx64m
01-04 09:20:37.246   460   460 I zygote64: option[24]=-Ximage-compiler-option
01-04 09:20:37.246   460   460 I zygote64: option[25]=--image-classes=/system/etc/preloaded-classes
01-04 09:20:37.246   460   460 I zygote64: option[26]=-Ximage-compiler-option
01-04 09:20:37.246   460   460 I zygote64: option[27]=--compiled-classes=/system/etc/compiled-classes
01-04 09:20:37.246   460   460 I zygote64: option[28]=-Ximage-compiler-option
01-04 09:20:37.246   460   460 I zygote64: option[29]=--dirty-image-objects=/system/etc/dirty-image-objects
01-04 09:20:37.246   460   460 I zygote64: option[30]=-Xcompiler-option
01-04 09:20:37.246   460   460 I zygote64: option[31]=--runtime-arg
01-04 09:20:37.246   460   460 I zygote64: option[32]=-Xcompiler-option
01-04 09:20:37.246   460   460 I zygote64: option[33]=-Xms64m
01-04 09:20:37.246   460   460 I zygote64: option[34]=-Xcompiler-option
01-04 09:20:37.246   460   460 I zygote64: option[35]=--runtime-arg
01-04 09:20:37.246   460   460 I zygote64: option[36]=-Xcompiler-option
01-04 09:20:37.246   460   460 I zygote64: option[37]=-Xmx512m
01-04 09:20:37.246   460   460 I zygote64: option[38]=-Ximage-compiler-option
01-04 09:20:37.246   460   460 I zygote64: option[39]=--instruction-set-variant=kryo
01-04 09:20:37.246   460   460 I zygote64: option[40]=-Xcompiler-option
01-04 09:20:37.246   460   460 I zygote64: option[41]=--instruction-set-variant=kryo
01-04 09:20:37.246   460   460 I zygote64: option[42]=-Ximage-compiler-option
01-04 09:20:37.246   460   460 I zygote64: option[43]=--instruction-set-features=default
01-04 09:20:37.246   460   460 I zygote64: option[44]=-Xcompiler-option
01-04 09:20:37.246   460   460 I zygote64: option[45]=--instruction-set-features=default
01-04 09:20:37.246   460   460 I zygote64: option[46]=-Duser.locale=el-GR
01-04 09:20:37.246   460   460 I zygote64: option[47]=--cpu-abilist=arm64-v8a
01-04 09:20:37.246   460   460 I zygote64: option[48]=-Xfingerprint:OnePlus/aoscp_oneplus3/oneplus3:8.1.0/OPM3.171019.013/kessar01120911:userdebug/test-keys
01-04 09:20:37.250   511   511 D vndksupport: Loading /vendor/lib64/egl/libEGL_adreno.so from current namespace instead of sphal namespace.
01-04 09:20:37.251   544   544 D /system/vendor/bin/adsprpcd: vendor/qcom/proprietary/adsprpc/src/fastrpc_apps_user.c:1124: Error 57: apps_dev_init failed. domain 0, errno Operation not permitted
01-04 09:20:37.251   544   544 D /system/vendor/bin/adsprpcd: vendor/qcom/proprietary/adsprpc/src/fastrpc_apps_user.c:1207: Error 57: open dev -1 for domain 0 failed
01-04 09:20:37.251   488   488 W SDM     : HWEvents::InitializePollFd: open failed for display=0 event=idle_power_collapse, error=No such file or directory
01-04 09:20:37.251   488   488 I SDM     : HWCDisplay::Init: Display created with id: 0
01-04 09:20:37.251   488   488 E SDM     : DisplayBase::GetColorModeAttr: Failed: Mode standard without attribute
01-04 09:20:37.251   488   488 E SDM     : DisplayBase::GetColorModeAttr: Failed: Mode eye1 without attribute
01-04 09:20:37.251   488   488 E SDM     : DisplayBase::GetColorModeAttr: Failed: Mode eye2 without attribute
01-04 09:20:37.251   488   488 E SDM     : DisplayBase::GetColorModeAttr: Failed: Mode eye3 without attribute
01-04 09:20:37.252   488   488 E SDM     : DisplayBase::GetColorModeAttr: Failed: Mode eye4 without attribute
01-04 09:20:37.252   488   488 E SDM     : DisplayBase::GetColorModeAttr: Failed: Mode eye5 without attribute
01-04 09:20:37.252   488   488 E SDM     : DisplayBase::GetColorModeAttr: Failed: Mode eye6 without attribute
01-04 09:20:37.252   488   488 E SDM     : DisplayBase::GetColorModeAttr: Failed: Mode dynamic without attribute
01-04 09:20:37.252   488   488 I SDM     : DisplayBase::SetFrameBufferConfig: New framebuffer resolution (1080x1920)
01-04 09:20:37.255   497   497 I ServiceManagement: Removing namespace from process name android.hardware.vr@1.0-service to vr@1.0-service.
01-04 09:20:37.255   544   544 D /system/vendor/bin/adsprpcd: vendor/qcom/proprietary/adsprpc/src/fastrpc_apps_user.c:1124: Error 57: apps_dev_init failed. domain 0, errno Operation not permitted
01-04 09:20:37.255   544   544 D /system/vendor/bin/adsprpcd: vendor/qcom/proprietary/adsprpc/src/fastrpc_apps_user.c:1207: Error 57: open dev -1 for domain 0 failed
01-04 09:20:37.255   544   544 D /system/vendor/bin/adsprpcd: vendor/qcom/proprietary/adsprpc/src/fastrpc_apps_user.c:651: Error 3b: remote handle invoke failed. domain 0, handle ffffffff, sc 0, pra 0x0
01-04 09:20:37.255   544   544 E /system/vendor/bin/adsprpcd: vendor/qcom/proprietary/adsprpc/src/adsprpcd.c:43:adsp daemon will restart after 25ms...
01-04 09:20:37.257   545   545 E Diag_Lib: diag diag_get_max_file_size size=200,max_file_size=209715200,min_file_size=167772160
01-04 09:20:37.259   545   545 E Diag_Lib: qpLogDiagInit <== result : 1
01-04 09:20:37.259   545   545 E Diag_Lib: QMID : gIsQXDMDisabled 0, gIsADBDisabled 1, gIsDebugDisabled 0, gIsIMSLogsDisabled 0
01-04 09:20:37.259   545   545 E Diag_Lib: [IMS_QMID] |imsqmiserver.c | 541 | QMID#$$#0#QMI DAEMON STARTED
01-04 09:20:37.260   511   511 D libEGL  : loaded /vendor/lib64/egl/libEGL_adreno.so
01-04 09:20:37.269   497   497 I android.hardware.vr@1.0-service: Registration complete for android.hardware.vr@1.0::IVr/default.
01-04 09:20:37.275   481   481 I ServiceManagement: Removing namespace from process name android.hardware.audio@2.0-service to audio@2.0-servi.
01-04 09:20:37.277   481   481 I audiohalservice: Registration complete for android.hardware.audio@2.0::IDevicesFactory/default.
01-04 09:20:37.281   544   544 D /system/vendor/bin/adsprpcd: vendor/qcom/proprietary/adsprpc/src/fastrpc_apps_user.c:1124: Error 57: apps_dev_init failed. domain 0, errno Operation not permitted
01-04 09:20:37.281   544   544 D /system/vendor/bin/adsprpcd: vendor/qcom/proprietary/adsprpc/src/fastrpc_apps_user.c:1207: Error 57: open dev -1 for domain 0 failed
01-04 09:20:37.281   544   544 D /system/vendor/bin/adsprpcd: vendor/qcom/proprietary/adsprpc/src/fastrpc_apps_user.c:1124: Error 57: apps_dev_init failed. domain 0, errno Operation not permitted
01-04 09:20:37.281   544   544 D /system/vendor/bin/adsprpcd: vendor/qcom/proprietary/adsprpc/src/fastrpc_apps_user.c:1207: Error 57: open dev -1 for domain 0 failed
01-04 09:20:37.281   544   544 D /system/vendor/bin/adsprpcd: vendor/qcom/proprietary/adsprpc/src/fastrpc_apps_user.c:651: Error 3b: remote handle invoke failed. domain 0, handle ffffffff, sc 0, pra 0x0
01-04 09:20:37.282   544   544 E /system/vendor/bin/adsprpcd: vendor/qcom/proprietary/adsprpc/src/adsprpcd.c:43:adsp daemon will restart after 25ms...
01-04 09:20:37.283   441   441 W /system/bin/hwservicemanager: getTransport: Cannot find entry android.hardware.audio.effect@2.0::IEffectsFactory/default in either framework or device manifest.
01-04 09:20:37.283   481   481 D vndksupport: Loading /vendor/lib/hw/android.hardware.audio.effect@2.0-impl.so from current namespace instead of sphal namespace.
01-04 09:20:37.296   542   542 I ThermalEngine: Thermal daemon started
01-04 09:20:37.296   542   542 I ThermalEngine: Using config file '/system/vendor/etc/thermal-engine.conf'
01-04 09:20:37.296   542   542 I ThermalEngine: devices_manager_init: Init
01-04 09:20:37.296   542   542 I ThermalEngine: Number of gpus :1
01-04 09:20:37.296   542   542 I Thermal-IOCTL: KTM IOCTL interface "/dev/msm_thermal_query" opened
01-04 09:20:37.297   542   542 E ThermalEngine: update_cpu_topology: Cluster Info[0]. Cluster Id: 0 cpu_bits:0x3 sync:1
01-04 09:20:37.297   542   542 E ThermalEngine: update_cpu_topology: Cluster Info[1]. Cluster Id: 1 cpu_bits:0xc sync:1
01-04 09:20:37.297   542   542 I ThermalEngine: adding voltage device
01-04 09:20:37.298   542   542 I ThermalEngine: vdd_rstr_init: Init KTM VDD RSTR enabled: 0
01-04 09:20:37.298   542   542 I ThermalEngine: cpr_band_init: Could not read /sys/module/msm_thermal/cpr_band/curr_cpr_band
01-04 09:20:37.299   461   461 I zygote  : option[0]=-Xzygote
01-04 09:20:37.299   542   542 I ThermalEngine: sensors_manager_init: Init
01-04 09:20:37.299   461   461 I zygote  : option[1]=-Xusetombstonedtraces
01-04 09:20:37.299   461   461 I zygote  : option[2]=exit
01-04 09:20:37.299   461   461 I zygote  : option[3]=vfprintf
01-04 09:20:37.299   461   461 I zygote  : option[4]=sensitiveThread
01-04 09:20:37.299   461   461 I zygote  : option[5]=-verbose:gc
01-04 09:20:37.299   461   461 I zygote  : option[6]=-Xms16m
01-04 09:20:37.299   461   461 I zygote  : option[7]=-Xmx512m
01-04 09:20:37.299   461   461 I zygote  : option[8]=-XX:HeapGrowthLimit=256m
01-04 09:20:37.299   461   461 I zygote  : option[9]=-XX:HeapMinFree=4m
01-04 09:20:37.299   461   461 I zygote  : option[10]=-XX:HeapMaxFree=8m
01-04 09:20:37.299   461   461 I zygote  : option[11]=-XX:HeapTargetUtilization=0.75
01-04 09:20:37.299   461   461 I zygote  : option[12]=-Xusejit:true
01-04 09:20:37.299   461   461 I zygote  : option[13]=-Xjitsaveprofilinginfo
01-04 09:20:37.299   461   461 I zygote  : option[14]=-agentlib:jdwp=transport=dt_android_adb,suspend=n,server=y
01-04 09:20:37.299   461   461 I zygote  : option[15]=-Xlockprofthreshold:500
01-04 09:20:37.299   461   461 I zygote  : option[16]=-Ximage-compiler-option
01-04 09:20:37.299   461   461 I zygote  : option[17]=--runtime-arg
01-04 09:20:37.299   461   461 I zygote  : option[18]=-Ximage-compiler-option
01-04 09:20:37.299   461   461 I zygote  : option[19]=-Xms64m
01-04 09:20:37.299   461   461 I zygote  : option[20]=-Ximage-compiler-option
01-04 09:20:37.299   461   461 I zygote  : option[21]=--runtime-arg
01-04 09:20:37.299   461   461 I zygote  : option[22]=-Ximage-compiler-option
01-04 09:20:37.299   461   461 I zygote  : option[23]=-Xmx64m
01-04 09:20:37.299   461   461 I zygote  : option[24]=-Ximage-compiler-option
01-04 09:20:37.299   461   461 I zygote  : option[25]=--image-classes=/system/etc/preloaded-classes
01-04 09:20:37.299   461   461 I zygote  : option[26]=-Ximage-compiler-option
01-04 09:20:37.299   461   461 I zygote  : option[27]=--compiled-classes=/system/etc/compiled-classes
01-04 09:20:37.299   461   461 I zygote  : option[28]=-Ximage-compiler-option
01-04 09:20:37.299   461   461 I zygote  : option[29]=--dirty-image-objects=/system/etc/dirty-image-objects
01-04 09:20:37.299   461   461 I zygote  : option[30]=-Xcompiler-option
01-04 09:20:37.299   461   461 I zygote  : option[31]=--runtime-arg
01-04 09:20:37.299   461   461 I zygote  : option[32]=-Xcompiler-option
01-04 09:20:37.299   461   461 I zygote  : option[33]=-Xms64m
01-04 09:20:37.299   461   461 I zygote  : option[34]=-Xcompiler-option
01-04 09:20:37.299   461   461 I zygote  : option[35]=--runtime-arg
01-04 09:20:37.299   461   461 I zygote  : option[36]=-Xcompiler-option
01-04 09:20:37.299   461   461 I zygote  : option[37]=-Xmx512m
01-04 09:20:37.299   461   461 I zygote  : option[38]=-Ximage-compiler-option
01-04 09:20:37.299   461   461 I zygote  : option[39]=--instruction-set-variant=kryo
01-04 09:20:37.299   461   461 I zygote  : option[40]=-Xcompiler-option
01-04 09:20:37.299   461   461 I zygote  : option[41]=--instruction-set-variant=kryo
01-04 09:20:37.299   461   461 I zygote  : option[42]=-Ximage-compiler-option
01-04 09:20:37.299   461   461 I zygote  : option[43]=--instruction-set-features=default
01-04 09:20:37.299   461   461 I zygote  : option[44]=-Xcompiler-option
01-04 09:20:37.300   461   461 I zygote  : option[45]=--instruction-set-features=default
01-04 09:20:37.300   461   461 I zygote  : option[46]=-Duser.locale=el-GR
01-04 09:20:37.300   461   461 I zygote  : option[47]=--cpu-abilist=armeabi-v7a,armeabi
01-04 09:20:37.300   461   461 I zygote  : option[48]=-Xfingerprint:OnePlus/aoscp_oneplus3/oneplus3:8.1.0/OPM3.171019.013/kessar01120911:userdebug/test-keys
01-04 09:20:37.302   461   461 W zygote  : Could not reserve sentinel fault page
01-04 09:20:37.303   542   586 E QMI_FW  : QMUXD: WARNING qmi_qmux_if_pwr_up_init failed! rc=-6
01-04 09:20:37.304   542   588 I ThermalEngine: qmi: Instance id 157 for fusion TS
01-04 09:20:37.305   557   557 I installd: installd firing up
01-04 09:20:37.307   544   544 D /system/vendor/bin/adsprpcd: vendor/qcom/proprietary/adsprpc/src/fastrpc_apps_user.c:1124: Error 57: apps_dev_init failed. domain 0, errno Operation not permitted
01-04 09:20:37.308   544   544 D /system/vendor/bin/adsprpcd: vendor/qcom/proprietary/adsprpc/src/fastrpc_apps_user.c:1207: Error 57: open dev -1 for domain 0 failed
01-04 09:20:37.308   544   544 D /system/vendor/bin/adsprpcd: vendor/qcom/proprietary/adsprpc/src/fastrpc_apps_user.c:1124: Error 57: apps_dev_init failed. domain 0, errno Operation not permitted
01-04 09:20:37.308   544   544 D /system/vendor/bin/adsprpcd: vendor/qcom/proprietary/adsprpc/src/fastrpc_apps_user.c:1207: Error 57: open dev -1 for domain 0 failed
01-04 09:20:37.308   544   544 D /system/vendor/bin/adsprpcd: vendor/qcom/proprietary/adsprpc/src/fastrpc_apps_user.c:651: Error 3b: remote handle invoke failed. domain 0, handle ffffffff, sc 0, pra 0x0
01-04 09:20:37.308   544   544 E /system/vendor/bin/adsprpcd: vendor/qcom/proprietary/adsprpc/src/adsprpcd.c:43:adsp daemon will restart after 25ms...
01-04 09:20:37.325   538   572 I adbd    : initializing functionfs
01-04 09:20:37.325   538   572 I adbd    : opening control endpoint /dev/usb-ffs/adb/ep0
01-04 09:20:37.334   544   544 D /system/vendor/bin/adsprpcd: vendor/qcom/proprietary/adsprpc/src/fastrpc_apps_user.c:1124: Error 57: apps_dev_init failed. domain 0, errno Operation not permitted
01-04 09:20:37.334   544   544 D /system/vendor/bin/adsprpcd: vendor/qcom/proprietary/adsprpc/src/fastrpc_apps_user.c:1207: Error 57: open dev -1 for domain 0 failed
01-04 09:20:37.334   544   544 D /system/vendor/bin/adsprpcd: vendor/qcom/proprietary/adsprpc/src/fastrpc_apps_user.c:1124: Error 57: apps_dev_init failed. domain 0, errno Operation not permitted
01-04 09:20:37.334   544   544 D /system/vendor/bin/adsprpcd: vendor/qcom/proprietary/adsprpc/src/fastrpc_apps_user.c:1207: Error 57: open dev -1 for domain 0 failed
01-04 09:20:37.334   544   544 D /system/vendor/bin/adsprpcd: vendor/qcom/proprietary/adsprpc/src/fastrpc_apps_user.c:651: Error 3b: remote handle invoke failed. domain 0, handle ffffffff, sc 0, pra 0x0
01-04 09:20:37.334   544   544 E /system/vendor/bin/adsprpcd: vendor/qcom/proprietary/adsprpc/src/adsprpcd.c:43:adsp daemon will restart after 25ms...
01-04 09:20:37.353   481   481 I audiohalservice: Registration complete for android.hardware.audio.effect@2.0::IEffectsFactory/default.
01-04 09:20:37.356   481   481 D vndksupport: Loading /vendor/lib/hw/android.hardware.soundtrigger@2.0-impl.so from current namespace instead of sphal namespace.
01-04 09:20:37.360   544   544 D /system/vendor/bin/adsprpcd: vendor/qcom/proprietary/adsprpc/src/fastrpc_apps_user.c:1124: Error 57: apps_dev_init failed. domain 0, errno Operation not permitted
01-04 09:20:37.360   544   544 D /system/vendor/bin/adsprpcd: vendor/qcom/proprietary/adsprpc/src/fastrpc_apps_user.c:1207: Error 57: open dev -1 for domain 0 failed
01-04 09:20:37.360   544   544 D /system/vendor/bin/adsprpcd: vendor/qcom/proprietary/adsprpc/src/fastrpc_apps_user.c:1124: Error 57: apps_dev_init failed. domain 0, errno Operation not permitted
01-04 09:20:37.360   544   544 D /system/vendor/bin/adsprpcd: vendor/qcom/proprietary/adsprpc/src/fastrpc_apps_user.c:1207: Error 57: open dev -1 for domain 0 failed
01-04 09:20:37.360   544   544 D /system/vendor/bin/adsprpcd: vendor/qcom/proprietary/adsprpc/src/fastrpc_apps_user.c:651: Error 3b: remote handle invoke failed. domain 0, handle ffffffff, sc 0, pra 0x0
01-04 09:20:37.360   544   544 E /system/vendor/bin/adsprpcd: vendor/qcom/proprietary/adsprpc/src/adsprpcd.c:43:adsp daemon will restart after 25ms...
01-04 09:20:37.361   485   485 I ServiceManagement: Removing namespace from process name android.hardware.drm@1.0-service to drm@1.0-service.
01-04 09:20:37.372   485   485 I android.hardware.drm@1.0-service: Registration complete for android.hardware.drm@1.0::IDrmFactory/default.
01-04 09:20:37.374   485   485 D vndksupport: Loading /vendor/lib/hw/android.hardware.drm@1.0-impl.so from current namespace instead of sphal namespace.
01-04 09:20:37.376   501   501 D QSEECOMD: : Init dlopen(libsecureui.so, RTLD_NOW) succeeds
01-04 09:20:37.376   501   501 D QSEECOMD: : Init::Init dlsym(g_FSHandle secure_ui_init) succeeds
01-04 09:20:37.376   501   501 D QSEECOMD: : Init secure_ui_init ret = 0
01-04 09:20:37.376   501   501 D QSEECOMD: : secure UI services: init (Listener ID = 16384)
01-04 09:20:37.376   501   501 D QSEECOMD: : Parent qseecom daemon process paused!! 
01-04 09:20:37.381   542   542 E ThermalEngine: bcl_setup: Error opening /sys/devices/soc/soc:qcom,bcl/iavail
01-04 09:20:37.382   542   542 E ThermalEngine: add_tgt_sensor: bcl sensor setup failed failed.
01-04 09:20:37.382   542   542 E ThermalEngine: add_tgt_sensors_set: Error adding bcl
01-04 09:20:37.382   542   542 E ThermalEngine: sensors_init: Error adding BCL TS
01-04 09:20:37.383   485   485 I ServiceManagement: Removing namespace from process name android.hardware.drm@1.0-service to drm@1.0-service.
01-04 09:20:37.386   485   485 I android.hardware.drm@1.0-service: Registration complete for android.hardware.drm@1.0::ICryptoFactory/default.
