--------- beginning of crash
01-03 22:36:19.302  3638  3741 F libc    : Fatal signal 11 (SIGSEGV), code 1, fault addr 0x0 in tid 3741 (AsyncTask #1)
01-03 22:36:19.399  3785  3785 F DEBUG   : *** *** *** *** *** *** *** *** *** *** *** *** *** *** *** ***
01-03 22:36:19.400  3785  3785 F DEBUG   : Build fingerprint: 'lge/p1_global_com/p1:8.0/NRD90U/171931902b165:user/release-keys'
01-03 22:36:19.400  3785  3785 F DEBUG   : Revision: '11'
01-03 22:36:19.400  3785  3785 F DEBUG   : ABI: 'arm64'
01-03 22:36:19.400  3785  3785 F DEBUG   : pid: 3638, tid: 3741, name: AsyncTask #1  >>> com.android.nfc <<<
01-03 22:36:19.400  3785  3785 F DEBUG   : signal 11 (SIGSEGV), code 1 (SEGV_MAPERR), fault addr 0x0
01-03 22:36:19.400  3785  3785 F DEBUG   : Cause: null pointer dereference
01-03 22:36:19.400  3785  3785 F DEBUG   :     x0   0000007dae80d3a0  x1   0000007da1404c40  x2   0000007dae800000  x3   0000000000000002
01-03 22:36:19.400  3785  3785 F DEBUG   :     x4   000000000000000d  x5   0000007da14048eb  x6   2e6c61685f636277  x7   2e746c7561666564
01-03 22:36:19.400  3785  3785 F DEBUG   :     x8   000000000000000e  x9   49cfaa1db0d5ffa4  x10  0000000000000001  x11  0000000000000000
01-03 22:36:19.400  3785  3785 F DEBUG   :     x12  000000000000001d  x13  6f732e746c756166  x14  0000007dbd22e000  x15  0000007dbd22e000
01-03 22:36:19.400  3785  3785 F DEBUG   :     x16  0000007da143c9b0  x17  0000007dbbed26e8  x18  0000000000000020  x19  0000000000000000
01-03 22:36:19.400  3785  3785 F DEBUG   :     x20  0000007da15cd16c  x21  0000007da15cd7f8  x22  0000007da14050fc  x23  0000007da18da89e
01-03 22:36:19.400  3785  3785 F DEBUG   :     x24  0000000000000004  x25  0000007da98d2698  x26  0000007da14d3000  x27  0000000000000001
01-03 22:36:19.400  3785  3785 F DEBUG   :     x28  0000000000000001  x29  0000007da1404da0  x30  0000007da15a4c98
01-03 22:36:19.400  3785  3785 F DEBUG   :     sp   0000007da1404d50  pc   0000007da15a4cf0  pstate 0000000060000000
01-03 22:36:19.421  3785  3785 F DEBUG   : 
01-03 22:36:19.421  3785  3785 F DEBUG   : backtrace:
01-03 22:36:19.421  3785  3785 F DEBUG   :     #00 pc 0000000000063cf0  /system/lib64/libnfc-nci.so (_ZN13NfcAdaptation26InitializeHalDeviceContextEv+368)
01-03 22:36:19.421  3785  3785 F DEBUG   :     #01 pc 0000000000063814  /system/lib64/libnfc-nci.so (_ZN13NfcAdaptation10InitializeEv+760)
01-03 22:36:19.421  3785  3785 F DEBUG   :     #02 pc 0000000000013358  /system/lib64/libnfc_nci_jni.so (_ZN7androidL23nfcManager_doInitializeEP7_JNIEnvP8_jobject+84)
01-03 22:36:19.421  3785  3785 F DEBUG   :     #03 pc 00000000000399bc  /data/dalvik-cache/arm64/system@app@NfcNci@NfcNci.apk@classes.dex (offset 0xf000)
01-03 22:36:19.832  2693  2693 E AndroidRuntime: *** FATAL EXCEPTION IN SYSTEM PROCESS: main
01-03 22:36:19.832  2693  2693 E AndroidRuntime: java.lang.UnsatisfiedLinkError: dlopen failed: cannot locate symbol "get_process_name" referenced by "/system/vendor/lib64/libizat_core.so"...
01-03 22:36:19.832  2693  2693 E AndroidRuntime: 	at java.lang.Runtime.loadLibrary0(Runtime.java:1016)
01-03 22:36:19.832  2693  2693 E AndroidRuntime: 	at java.lang.System.loadLibrary(System.java:1657)
01-03 22:36:19.832  2693  2693 E AndroidRuntime: 	at com.qualcomm.location.izatserviceprovider.service.IzatServiceBase.<clinit>(IzatServiceBase.java:199)
01-03 22:36:19.832  2693  2693 E AndroidRuntime: 	at java.lang.Class.newInstance(Native Method)
01-03 22:36:19.832  2693  2693 E AndroidRuntime: 	at android.app.ActivityThread.handleCreateService(ActivityThread.java:3386)
01-03 22:36:19.832  2693  2693 E AndroidRuntime: 	at android.app.ActivityThread.-wrap4(Unknown Source:0)
01-03 22:36:19.832  2693  2693 E AndroidRuntime: 	at android.app.ActivityThread$H.handleMessage(ActivityThread.java:1683)
01-03 22:36:19.832  2693  2693 E AndroidRuntime: 	at android.os.Handler.dispatchMessage(Handler.java:105)
01-03 22:36:19.832  2693  2693 E AndroidRuntime: 	at android.os.Looper.loop(Looper.java:164)
01-03 22:36:19.832  2693  2693 E AndroidRuntime: 	at com.android.server.SystemServer.run(SystemServer.java:423)
01-03 22:36:19.832  2693  2693 E AndroidRuntime: 	at com.android.server.SystemServer.main(SystemServer.java:262)
01-03 22:36:19.832  2693  2693 E AndroidRuntime: 	at java.lang.reflect.Method.invoke(Native Method)
01-03 22:36:19.832  2693  2693 E AndroidRuntime: 	at com.android.internal.os.Zygote$MethodAndArgsCaller.run(Zygote.java:240)
01-03 22:36:19.832  2693  2693 E AndroidRuntime: 	at com.android.internal.os.ZygoteInit.main(ZygoteInit.java:767)
01-03 22:36:19.884  3137  3137 E AndroidRuntime: FATAL EXCEPTION: main
01-03 22:36:19.884  3137  3137 E AndroidRuntime: Process: com.android.systemui, PID: 3137
01-03 22:36:19.884  3137  3137 E AndroidRuntime: DeadSystemException: The system died; earlier logs will point to the root cause
01-03 22:36:19.885  3707  3755 E AndroidRuntime: FATAL EXCEPTION: launcher-loader
01-03 22:36:19.885  3707  3755 E AndroidRuntime: Process: com.android.launcher3, PID: 3707
01-03 22:36:19.885  3707  3755 E AndroidRuntime: DeadSystemException: The system died; earlier logs will point to the root cause
01-03 22:36:19.889  3760  3863 E AndroidRuntime: FATAL EXCEPTION: Worker-1
01-03 22:36:19.889  3760  3863 E AndroidRuntime: Process: android.process.acore, PID: 3760
01-03 22:36:19.889  3760  3863 E AndroidRuntime: DeadSystemException: The system died; earlier logs will point to the root cause
01-03 22:36:20.080  3235  3235 E AndroidRuntime: FATAL EXCEPTION: main
01-03 22:36:20.080  3235  3235 E AndroidRuntime: Process: com.android.phone, PID: 3235
01-03 22:36:20.080  3235  3235 E AndroidRuntime: DeadSystemException: The system died; earlier logs will point to the root cause
01-03 22:36:33.808  4764  4866 F libc    : Fatal signal 11 (SIGSEGV), code 1, fault addr 0x0 in tid 4866 (AsyncTask #1)
01-03 22:36:33.905  4898  4898 F DEBUG   : *** *** *** *** *** *** *** *** *** *** *** *** *** *** *** ***
01-03 22:36:33.905  4898  4898 F DEBUG   : Build fingerprint: 'lge/p1_global_com/p1:8.0/NRD90U/171931902b165:user/release-keys'
01-03 22:36:33.905  4898  4898 F DEBUG   : Revision: '11'
01-03 22:36:33.905  4898  4898 F DEBUG   : ABI: 'arm64'
01-03 22:36:33.905  4898  4898 F DEBUG   : pid: 4764, tid: 4866, name: AsyncTask #1  >>> com.android.nfc <<<
01-03 22:36:33.905  4898  4898 F DEBUG   : signal 11 (SIGSEGV), code 1 (SEGV_MAPERR), fault addr 0x0
01-03 22:36:33.905  4898  4898 F DEBUG   : Cause: null pointer dereference
01-03 22:36:33.905  4898  4898 F DEBUG   :     x0   00000077b640d380  x1   00000077a8005c40  x2   00000077b6400000  x3   0000000000000002
01-03 22:36:33.905  4898  4898 F DEBUG   :     x4   000000000000000d  x5   00000077a80058eb  x6   2e6c61685f636277  x7   2e746c7561666564
01-03 22:36:33.905  4898  4898 F DEBUG   :     x8   000000000000000e  x9   699ad0d60d00c1f0  x10  0000000000000001  x11  0000000000000000
01-03 22:36:33.905  4898  4898 F DEBUG   :     x12  000000000000001d  x13  6f732e746c756166  x14  00000077c50e0000  x15  00000077c50e0000
01-03 22:36:33.905  4898  4898 F DEBUG   :     x16  00000077a803d9b0  x17  00000077c13926e8  x18  0000000000000020  x19  0000000000000000
01-03 22:36:33.905  4898  4898 F DEBUG   :     x20  00000077a819816c  x21  00000077a81987f8  x22  00000077a80060fc  x23  00000077a84d089e
01-03 22:36:33.906  4898  4898 F DEBUG   :     x24  0000000000000004  x25  00000077c0f0e498  x26  00000077a80d5000  x27  0000000000000001
01-03 22:36:33.906  4898  4898 F DEBUG   :     x28  0000000000000001  x29  00000077a8005da0  x30  00000077a816fc98
01-03 22:36:33.906  4898  4898 F DEBUG   :     sp   00000077a8005d50  pc   00000077a816fcf0  pstate 0000000060000000
01-03 22:36:33.918  4898  4898 F DEBUG   : 
01-03 22:36:33.918  4898  4898 F DEBUG   : backtrace:
01-03 22:36:33.918  4898  4898 F DEBUG   :     #00 pc 0000000000063cf0  /system/lib64/libnfc-nci.so (_ZN13NfcAdaptation26InitializeHalDeviceContextEv+368)
01-03 22:36:33.918  4898  4898 F DEBUG   :     #01 pc 0000000000063814  /system/lib64/libnfc-nci.so (_ZN13NfcAdaptation10InitializeEv+760)
01-03 22:36:33.918  4898  4898 F DEBUG   :     #02 pc 0000000000013358  /system/lib64/libnfc_nci_jni.so (_ZN7androidL23nfcManager_doInitializeEP7_JNIEnvP8_jobject+84)
01-03 22:36:33.918  4898  4898 F DEBUG   :     #03 pc 00000000000399bc  /data/dalvik-cache/arm64/system@app@NfcNci@NfcNci.apk@classes.dex (offset 0xf000)
01-03 22:36:34.002  4003  4003 E AndroidRuntime: *** FATAL EXCEPTION IN SYSTEM PROCESS: main
01-03 22:36:34.002  4003  4003 E AndroidRuntime: java.lang.UnsatisfiedLinkError: dlopen failed: cannot locate symbol "get_process_name" referenced by "/system/vendor/lib64/libizat_core.so"...
01-03 22:36:34.002  4003  4003 E AndroidRuntime: 	at java.lang.Runtime.loadLibrary0(Runtime.java:1016)
01-03 22:36:34.002  4003  4003 E AndroidRuntime: 	at java.lang.System.loadLibrary(System.java:1657)
01-03 22:36:34.002  4003  4003 E AndroidRuntime: 	at com.qualcomm.location.izatserviceprovider.service.IzatServiceBase.<clinit>(IzatServiceBase.java:199)
01-03 22:36:34.002  4003  4003 E AndroidRuntime: 	at java.lang.Class.newInstance(Native Method)
01-03 22:36:34.002  4003  4003 E AndroidRuntime: 	at android.app.ActivityThread.handleCreateService(ActivityThread.java:3386)
01-03 22:36:34.002  4003  4003 E AndroidRuntime: 	at android.app.ActivityThread.-wrap4(Unknown Source:0)
01-03 22:36:34.002  4003  4003 E AndroidRuntime: 	at android.app.ActivityThread$H.handleMessage(ActivityThread.java:1683)
01-03 22:36:34.002  4003  4003 E AndroidRuntime: 	at android.os.Handler.dispatchMessage(Handler.java:105)
01-03 22:36:34.002  4003  4003 E AndroidRuntime: 	at android.os.Looper.loop(Looper.java:164)
01-03 22:36:34.002  4003  4003 E AndroidRuntime: 	at com.android.server.SystemServer.run(SystemServer.java:423)
01-03 22:36:34.002  4003  4003 E AndroidRuntime: 	at com.android.server.SystemServer.main(SystemServer.java:262)
01-03 22:36:34.002  4003  4003 E AndroidRuntime: 	at java.lang.reflect.Method.invoke(Native Method)
01-03 22:36:34.002  4003  4003 E AndroidRuntime: 	at com.android.internal.os.Zygote$MethodAndArgsCaller.run(Zygote.java:240)
01-03 22:36:34.002  4003  4003 E AndroidRuntime: 	at com.android.internal.os.ZygoteInit.main(ZygoteInit.java:767)
01-03 22:36:34.055  4394  4876 E AndroidRuntime: FATAL EXCEPTION: AsyncTask #2
01-03 22:36:34.055  4394  4876 E AndroidRuntime: Process: com.android.phone, PID: 4394
01-03 22:36:34.055  4394  4876 E AndroidRuntime: DeadSystemException: The system died; earlier logs will point to the root cause
01-03 22:36:34.059  4892  4892 E AndroidRuntime: FATAL EXCEPTION: main
01-03 22:36:34.059  4892  4892 E AndroidRuntime: Process: android.process.acore, PID: 4892
01-03 22:36:34.059  4892  4892 E AndroidRuntime: DeadSystemException: The system died; earlier logs will point to the root cause
01-03 22:36:34.065  4878  4878 E AndroidRuntime: FATAL EXCEPTION: main
01-03 22:36:34.065  4878  4878 E AndroidRuntime: Process: android.process.media, PID: 4878
01-03 22:36:34.065  4878  4878 E AndroidRuntime: DeadSystemException: The system died; earlier logs will point to the root cause
01-03 22:36:48.165  5734  5862 F libc    : Fatal signal 11 (SIGSEGV), code 1, fault addr 0x0 in tid 5862 (AsyncTask #1)
01-03 22:36:48.231  4999  4999 E AndroidRuntime: *** FATAL EXCEPTION IN SYSTEM PROCESS: main
01-03 22:36:48.231  4999  4999 E AndroidRuntime: java.lang.UnsatisfiedLinkError: dlopen failed: cannot locate symbol "get_process_name" referenced by "/system/vendor/lib64/libizat_core.so"...
01-03 22:36:48.231  4999  4999 E AndroidRuntime: 	at java.lang.Runtime.loadLibrary0(Runtime.java:1016)
01-03 22:36:48.231  4999  4999 E AndroidRuntime: 	at java.lang.System.loadLibrary(System.java:1657)
01-03 22:36:48.231  4999  4999 E AndroidRuntime: 	at com.qualcomm.location.izatserviceprovider.service.IzatServiceBase.<clinit>(IzatServiceBase.java:199)
01-03 22:36:48.231  4999  4999 E AndroidRuntime: 	at java.lang.Class.newInstance(Native Method)
01-03 22:36:48.231  4999  4999 E AndroidRuntime: 	at android.app.ActivityThread.handleCreateService(ActivityThread.java:3386)
01-03 22:36:48.231  4999  4999 E AndroidRuntime: 	at android.app.ActivityThread.-wrap4(Unknown Source:0)
01-03 22:36:48.231  4999  4999 E AndroidRuntime: 	at android.app.ActivityThread$H.handleMessage(ActivityThread.java:1683)
01-03 22:36:48.231  4999  4999 E AndroidRuntime: 	at android.os.Handler.dispatchMessage(Handler.java:105)
01-03 22:36:48.231  4999  4999 E AndroidRuntime: 	at android.os.Looper.loop(Looper.java:164)
01-03 22:36:48.231  4999  4999 E AndroidRuntime: 	at com.android.server.SystemServer.run(SystemServer.java:423)
01-03 22:36:48.231  4999  4999 E AndroidRuntime: 	at com.android.server.SystemServer.main(SystemServer.java:262)
01-03 22:36:48.231  4999  4999 E AndroidRuntime: 	at java.lang.reflect.Method.invoke(Native Method)
01-03 22:36:48.231  4999  4999 E AndroidRuntime: 	at com.android.internal.os.Zygote$MethodAndArgsCaller.run(Zygote.java:240)
01-03 22:36:48.231  4999  4999 E AndroidRuntime: 	at com.android.internal.os.ZygoteInit.main(ZygoteInit.java:767)
01-03 22:36:48.238  5886  5886 F DEBUG   : *** *** *** *** *** *** *** *** *** *** *** *** *** *** *** ***
01-03 22:36:48.239  5886  5886 F DEBUG   : Build fingerprint: 'lge/p1_global_com/p1:8.0/NRD90U/171931902b165:user/release-keys'
01-03 22:36:48.239  5886  5886 F DEBUG   : Revision: '11'
01-03 22:36:48.240  5886  5886 F DEBUG   : ABI: 'arm64'
01-03 22:36:48.240  5886  5886 F DEBUG   : pid: 5734, tid: 5862, name: AsyncTask #1  >>> com.android.nfc <<<
01-03 22:36:48.241  5886  5886 F DEBUG   : signal 11 (SIGSEGV), code 1 (SEGV_MAPERR), fault addr 0x0
01-03 22:36:48.242  5886  5886 F DEBUG   : Cause: null pointer dereference
01-03 22:36:48.242  5886  5886 F DEBUG   :     x0   0000007320a0d3a0  x1   000000731239dc40  x2   0000007320a00000  x3   0000000000000002
01-03 22:36:48.242  5886  5886 F DEBUG   :     x4   000000000000000d  x5   000000731239d8eb  x6   2e6c61685f636277  x7   2e746c7561666564
01-03 22:36:48.242  5886  5886 F DEBUG   :     x8   000000000000000e  x9   c722e548ae6bdaea  x10  0000000000000001  x11  0000000000000000
01-03 22:36:48.242  5886  5886 F DEBUG   :     x12  000000000000001d  x13  6f732e746c756166  x14  000000732f5f5000  x15  000000732f5f5000
01-03 22:36:48.242  5886  5886 F DEBUG   :     x16  00000073124b69b0  x17  000000732bc1e6e8  x18  000000732b30f280  x19  0000000000000000
01-03 22:36:48.242  5886  5886 F DEBUG   :     x20  000000731245916c  x21  00000073124597f8  x22  000000731239e0fc  x23  000000731282c89e
01-03 22:36:48.242  5886  5886 F DEBUG   :     x24  0000000000000004  x25  000000732b480698  x26  000000731256f000  x27  0000000000000001
01-03 22:36:48.242  5886  5886 F DEBUG   :     x28  0000000000000001  x29  000000731239dda0  x30  0000007312430c98
01-03 22:36:48.242  5886  5886 F DEBUG   :     sp   000000731239dd50  pc   0000007312430cf0  pstate 0000000060000000
01-03 22:36:48.253  5886  5886 F DEBUG   : 
01-03 22:36:48.253  5886  5886 F DEBUG   : backtrace:
01-03 22:36:48.253  5886  5886 F DEBUG   :     #00 pc 0000000000063cf0  /system/lib64/libnfc-nci.so (_ZN13NfcAdaptation26InitializeHalDeviceContextEv+368)
01-03 22:36:48.253  5886  5886 F DEBUG   :     #01 pc 0000000000063814  /system/lib64/libnfc-nci.so (_ZN13NfcAdaptation10InitializeEv+760)
01-03 22:36:48.253  5886  5886 F DEBUG   :     #02 pc 0000000000013358  /system/lib64/libnfc_nci_jni.so (_ZN7androidL23nfcManager_doInitializeEP7_JNIEnvP8_jobject+84)
01-03 22:36:48.253  5886  5886 F DEBUG   :     #03 pc 00000000000399bc  /data/dalvik-cache/arm64/system@app@NfcNci@NfcNci.apk@classes.dex (offset 0xf000)
01-03 22:36:48.285  5869  5869 E AndroidRuntime: FATAL EXCEPTION: main
01-03 22:36:48.285  5869  5869 E AndroidRuntime: Process: android.process.media, PID: 5869
01-03 22:36:48.285  5869  5869 E AndroidRuntime: DeadSystemException: The system died; earlier logs will point to the root cause
01-03 22:37:02.246  6791  6931 F libc    : Fatal signal 11 (SIGSEGV), code 1, fault addr 0x0 in tid 6931 (AsyncTask #1)
01-03 22:37:02.320  6941  6941 F DEBUG   : *** *** *** *** *** *** *** *** *** *** *** *** *** *** *** ***
01-03 22:37:02.320  6941  6941 F DEBUG   : Build fingerprint: 'lge/p1_global_com/p1:8.0/NRD90U/171931902b165:user/release-keys'
01-03 22:37:02.320  6941  6941 F DEBUG   : Revision: '11'
01-03 22:37:02.320  6941  6941 F DEBUG   : ABI: 'arm64'
01-03 22:37:02.320  6941  6941 F DEBUG   : pid: 6791, tid: 6931, name: AsyncTask #1  >>> com.android.nfc <<<
01-03 22:37:02.320  6941  6941 F DEBUG   : signal 11 (SIGSEGV), code 1 (SEGV_MAPERR), fault addr 0x0
01-03 22:37:02.320  6941  6941 F DEBUG   : Cause: null pointer dereference
01-03 22:37:02.320  6941  6941 F DEBUG   :     x0   00000078c3c0d380  x1   00000078b56c2c40  x2   00000078c3c00000  x3   0000000000000002
01-03 22:37:02.320  6941  6941 F DEBUG   :     x4   000000000000000d  x5   00000078b56c28eb  x6   2e6c61685f636277  x7   2e746c7561666564
01-03 22:37:02.320  6941  6941 F DEBUG   :     x8   000000000000000e  x9   7fadf30fd74e2171  x10  0000000000000001  x11  0000000000000000
01-03 22:37:02.321  6941  6941 F DEBUG   :     x12  000000000000001d  x13  6f732e746c756166  x14  00000078d289a000  x15  00000078d289a000
01-03 22:37:02.321  6941  6941 F DEBUG   :     x16  00000078b57ba9b0  x17  00000078cf8186e8  x18  00000078ce4fa280  x19  0000000000000000
01-03 22:37:02.321  6941  6941 F DEBUG   :     x20  00000078b574e16c  x21  00000078b574e7f8  x22  00000078b56c30fc  x23  00000078b5b7189e
01-03 22:37:02.321  6941  6941 F DEBUG   :     x24  0000000000000004  x25  00000078ce70da98  x26  00000078b5852000  x27  0000000000000001
01-03 22:37:02.321  6941  6941 F DEBUG   :     x28  0000000000000001  x29  00000078b56c2da0  x30  00000078b5725c98
01-03 22:37:02.321  6941  6941 F DEBUG   :     sp   00000078b56c2d50  pc   00000078b5725cf0  pstate 0000000060000000
01-03 22:37:02.324  6019  6019 E AndroidRuntime: *** FATAL EXCEPTION IN SYSTEM PROCESS: main
01-03 22:37:02.324  6019  6019 E AndroidRuntime: java.lang.UnsatisfiedLinkError: dlopen failed: cannot locate symbol "get_process_name" referenced by "/system/vendor/lib64/libizat_core.so"...
01-03 22:37:02.324  6019  6019 E AndroidRuntime: 	at java.lang.Runtime.loadLibrary0(Runtime.java:1016)
01-03 22:37:02.324  6019  6019 E AndroidRuntime: 	at java.lang.System.loadLibrary(System.java:1657)
01-03 22:37:02.324  6019  6019 E AndroidRuntime: 	at com.qualcomm.location.izatserviceprovider.service.IzatServiceBase.<clinit>(IzatServiceBase.java:199)
01-03 22:37:02.324  6019  6019 E AndroidRuntime: 	at java.lang.Class.newInstance(Native Method)
01-03 22:37:02.324  6019  6019 E AndroidRuntime: 	at android.app.ActivityThread.handleCreateService(ActivityThread.java:3386)
01-03 22:37:02.324  6019  6019 E AndroidRuntime: 	at android.app.ActivityThread.-wrap4(Unknown Source:0)
01-03 22:37:02.324  6019  6019 E AndroidRuntime: 	at android.app.ActivityThread$H.handleMessage(ActivityThread.java:1683)
01-03 22:37:02.324  6019  6019 E AndroidRuntime: 	at android.os.Handler.dispatchMessage(Handler.java:105)
01-03 22:37:02.324  6019  6019 E AndroidRuntime: 	at android.os.Looper.loop(Looper.java:164)
01-03 22:37:02.324  6019  6019 E AndroidRuntime: 	at com.android.server.SystemServer.run(SystemServer.java:423)
01-03 22:37:02.324  6019  6019 E AndroidRuntime: 	at com.android.server.SystemServer.main(SystemServer.java:262)
01-03 22:37:02.324  6019  6019 E AndroidRuntime: 	at java.lang.reflect.Method.invoke(Native Method)
01-03 22:37:02.324  6019  6019 E AndroidRuntime: 	at com.android.internal.os.Zygote$MethodAndArgsCaller.run(Zygote.java:240)
01-03 22:37:02.324  6019  6019 E AndroidRuntime: 	at com.android.internal.os.ZygoteInit.main(ZygoteInit.java:767)
01-03 22:37:02.332  6941  6941 F DEBUG   : 
01-03 22:37:02.332  6941  6941 F DEBUG   : backtrace:
01-03 22:37:02.333  6941  6941 F DEBUG   :     #00 pc 0000000000063cf0  /system/lib64/libnfc-nci.so (_ZN13NfcAdaptation26InitializeHalDeviceContextEv+368)
01-03 22:37:02.333  6941  6941 F DEBUG   :     #01 pc 0000000000063814  /system/lib64/libnfc-nci.so (_ZN13NfcAdaptation10InitializeEv+760)
01-03 22:37:02.333  6941  6941 F DEBUG   :     #02 pc 0000000000013358  /system/lib64/libnfc_nci_jni.so (_ZN7androidL23nfcManager_doInitializeEP7_JNIEnvP8_jobject+84)
01-03 22:37:02.333  6941  6941 F DEBUG   :     #03 pc 00000000000399bc  /data/dalvik-cache/arm64/system@app@NfcNci@NfcNci.apk@classes.dex (offset 0xf000)
01-03 22:37:02.367  6914  6914 E AndroidRuntime: FATAL EXCEPTION: main
01-03 22:37:02.367  6914  6914 E AndroidRuntime: Process: android.process.media, PID: 6914
01-03 22:37:02.367  6914  6914 E AndroidRuntime: DeadSystemException: The system died; earlier logs will point to the root cause
01-03 22:37:16.354  7809  7946 F libc    : Fatal signal 11 (SIGSEGV), code 1, fault addr 0x0 in tid 7946 (AsyncTask #1)
01-03 22:37:16.359  7069  7069 E AndroidRuntime: *** FATAL EXCEPTION IN SYSTEM PROCESS: main
01-03 22:37:16.359  7069  7069 E AndroidRuntime: java.lang.UnsatisfiedLinkError: dlopen failed: cannot locate symbol "get_process_name" referenced by "/system/vendor/lib64/libizat_core.so"...
01-03 22:37:16.359  7069  7069 E AndroidRuntime: 	at java.lang.Runtime.loadLibrary0(Runtime.java:1016)
01-03 22:37:16.359  7069  7069 E AndroidRuntime: 	at java.lang.System.loadLibrary(System.java:1657)
01-03 22:37:16.359  7069  7069 E AndroidRuntime: 	at com.qualcomm.location.izatserviceprovider.service.IzatServiceBase.<clinit>(IzatServiceBase.java:199)
01-03 22:37:16.359  7069  7069 E AndroidRuntime: 	at java.lang.Class.newInstance(Native Method)
01-03 22:37:16.359  7069  7069 E AndroidRuntime: 	at android.app.ActivityThread.handleCreateService(ActivityThread.java:3386)
01-03 22:37:16.359  7069  7069 E AndroidRuntime: 	at android.app.ActivityThread.-wrap4(Unknown Source:0)
01-03 22:37:16.359  7069  7069 E AndroidRuntime: 	at android.app.ActivityThread$H.handleMessage(ActivityThread.java:1683)
01-03 22:37:16.359  7069  7069 E AndroidRuntime: 	at android.os.Handler.dispatchMessage(Handler.java:105)
01-03 22:37:16.359  7069  7069 E AndroidRuntime: 	at android.os.Looper.loop(Looper.java:164)
01-03 22:37:16.359  7069  7069 E AndroidRuntime: 	at com.android.server.SystemServer.run(SystemServer.java:423)
01-03 22:37:16.359  7069  7069 E AndroidRuntime: 	at com.android.server.SystemServer.main(SystemServer.java:262)
01-03 22:37:16.359  7069  7069 E AndroidRuntime: 	at java.lang.reflect.Method.invoke(Native Method)
01-03 22:37:16.359  7069  7069 E AndroidRuntime: 	at com.android.internal.os.Zygote$MethodAndArgsCaller.run(Zygote.java:240)
01-03 22:37:16.359  7069  7069 E AndroidRuntime: 	at com.android.internal.os.ZygoteInit.main(ZygoteInit.java:767)
01-03 22:37:16.435  7934  7934 E AndroidRuntime: FATAL EXCEPTION: main
01-03 22:37:16.435  7934  7934 E AndroidRuntime: Process: android.process.media, PID: 7934
01-03 22:37:16.435  7934  7934 E AndroidRuntime: DeadSystemException: The system died; earlier logs will point to the root cause
01-03 22:37:16.465  7955  7955 F DEBUG   : *** *** *** *** *** *** *** *** *** *** *** *** *** *** *** ***
01-03 22:37:16.465  7955  7955 F DEBUG   : Build fingerprint: 'lge/p1_global_com/p1:8.0/NRD90U/171931902b165:user/release-keys'
01-03 22:37:16.465  7955  7955 F DEBUG   : Revision: '11'
01-03 22:37:16.465  7955  7955 F DEBUG   : ABI: 'arm64'
01-03 22:37:16.465  7955  7955 F DEBUG   : pid: 7809, tid: 7946, name: AsyncTask #1  >>> com.android.nfc <<<
01-03 22:37:16.465  7955  7955 F DEBUG   : signal 11 (SIGSEGV), code 1 (SEGV_MAPERR), fault addr 0x0
01-03 22:37:16.465  7955  7955 F DEBUG   : Cause: null pointer dereference
01-03 22:37:16.465  7955  7955 F DEBUG   :     x0   000000764920d380  x1   000000763acccc40  x2   0000007649200000  x3   0000000000000002
01-03 22:37:16.465  7955  7955 F DEBUG   :     x4   000000000000000d  x5   000000763accc8eb  x6   2e6c61685f636277  x7   2e746c7561666564
01-03 22:37:16.466  7955  7955 F DEBUG   :     x8   000000000000000e  x9   bd490b3a76c92493  x10  0000000000000001  x11  0000000000000000
01-03 22:37:16.466  7955  7955 F DEBUG   :     x12  000000000000001d  x13  6f732e746c756166  x14  0000007657e33000  x15  0000007657e33000
01-03 22:37:16.466  7955  7955 F DEBUG   :     x16  000000763aebe9b0  x17  000000765505d6e8  x18  0000007653afa280  x19  0000000000000000
01-03 22:37:16.466  7955  7955 F DEBUG   :     x20  000000763ad9516c  x21  000000763ad957f8  x22  000000763accd0fc  x23  000000763b16d89e
01-03 22:37:16.466  7955  7955 F DEBUG   :     x24  0000000000000004  x25  0000007653c80698  x26  000000763ae5e000  x27  0000000000000001
01-03 22:37:16.466  7955  7955 F DEBUG   :     x28  0000000000000001  x29  000000763acccda0  x30  000000763ad6cc98
01-03 22:37:16.466  7955  7955 F DEBUG   :     sp   000000763acccd50  pc   000000763ad6ccf0  pstate 0000000060000000
01-03 22:37:16.474  7955  7955 F DEBUG   : 
01-03 22:37:16.474  7955  7955 F DEBUG   : backtrace:
01-03 22:37:16.474  7955  7955 F DEBUG   :     #00 pc 0000000000063cf0  /system/lib64/libnfc-nci.so (_ZN13NfcAdaptation26InitializeHalDeviceContextEv+368)
01-03 22:37:16.474  7955  7955 F DEBUG   :     #01 pc 0000000000063814  /system/lib64/libnfc-nci.so (_ZN13NfcAdaptation10InitializeEv+760)
01-03 22:37:16.474  7955  7955 F DEBUG   :     #02 pc 0000000000013358  /system/lib64/libnfc_nci_jni.so (_ZN7androidL23nfcManager_doInitializeEP7_JNIEnvP8_jobject+84)
01-03 22:37:16.474  7955  7955 F DEBUG   :     #03 pc 00000000000399bc  /data/dalvik-cache/arm64/system@app@NfcNci@NfcNci.apk@classes.dex (offset 0xf000)
01-03 22:37:30.370  8859  8994 F libc    : Fatal signal 11 (SIGSEGV), code 1, fault addr 0x0 in tid 8994 (AsyncTask #1)
01-03 22:37:30.421  8086  8086 E AndroidRuntime: *** FATAL EXCEPTION IN SYSTEM PROCESS: main
01-03 22:37:30.421  8086  8086 E AndroidRuntime: java.lang.UnsatisfiedLinkError: dlopen failed: cannot locate symbol "get_process_name" referenced by "/system/vendor/lib64/libizat_core.so"...
01-03 22:37:30.421  8086  8086 E AndroidRuntime: 	at java.lang.Runtime.loadLibrary0(Runtime.java:1016)
01-03 22:37:30.421  8086  8086 E AndroidRuntime: 	at java.lang.System.loadLibrary(System.java:1657)
01-03 22:37:30.421  8086  8086 E AndroidRuntime: 	at com.qualcomm.location.izatserviceprovider.service.IzatServiceBase.<clinit>(IzatServiceBase.java:199)
01-03 22:37:30.421  8086  8086 E AndroidRuntime: 	at java.lang.Class.newInstance(Native Method)
01-03 22:37:30.421  8086  8086 E AndroidRuntime: 	at android.app.ActivityThread.handleCreateService(ActivityThread.java:3386)
01-03 22:37:30.421  8086  8086 E AndroidRuntime: 	at android.app.ActivityThread.-wrap4(Unknown Source:0)
01-03 22:37:30.421  8086  8086 E AndroidRuntime: 	at android.app.ActivityThread$H.handleMessage(ActivityThread.java:1683)
01-03 22:37:30.421  8086  8086 E AndroidRuntime: 	at android.os.Handler.dispatchMessage(Handler.java:105)
01-03 22:37:30.421  8086  8086 E AndroidRuntime: 	at android.os.Looper.loop(Looper.java:164)
01-03 22:37:30.421  8086  8086 E AndroidRuntime: 	at com.android.server.SystemServer.run(SystemServer.java:423)
01-03 22:37:30.421  8086  8086 E AndroidRuntime: 	at com.android.server.SystemServer.main(SystemServer.java:262)
01-03 22:37:30.421  8086  8086 E AndroidRuntime: 	at java.lang.reflect.Method.invoke(Native Method)
01-03 22:37:30.421  8086  8086 E AndroidRuntime: 	at com.android.internal.os.Zygote$MethodAndArgsCaller.run(Zygote.java:240)
01-03 22:37:30.421  8086  8086 E AndroidRuntime: 	at com.android.internal.os.ZygoteInit.main(ZygoteInit.java:767)
01-03 22:37:30.443  9007  9007 F DEBUG   : *** *** *** *** *** *** *** *** *** *** *** *** *** *** *** ***
01-03 22:37:30.443  9007  9007 F DEBUG   : Build fingerprint: 'lge/p1_global_com/p1:8.0/NRD90U/171931902b165:user/release-keys'
01-03 22:37:30.443  9007  9007 F DEBUG   : Revision: '11'
01-03 22:37:30.443  9007  9007 F DEBUG   : ABI: 'arm64'
01-03 22:37:30.443  9007  9007 F DEBUG   : pid: 8859, tid: 8994, name: AsyncTask #1  >>> com.android.nfc <<<
01-03 22:37:30.443  9007  9007 F DEBUG   : signal 11 (SIGSEGV), code 1 (SEGV_MAPERR), fault addr 0x0
01-03 22:37:30.443  9007  9007 F DEBUG   : Cause: null pointer dereference
01-03 22:37:30.443  9007  9007 F DEBUG   :     x0   00000075fb80d4c0  x1   00000075ed39bc40  x2   00000075fb800000  x3   0000000000000002
01-03 22:37:30.444  9007  9007 F DEBUG   :     x4   000000000000000d  x5   00000075ed39b8eb  x6   2e6c61685f636277  x7   2e746c7561666564
01-03 22:37:30.444  9007  9007 F DEBUG   :     x8   000000000000000e  x9   6e9fc27caf67ef19  x10  0000000000000001  x11  0000000000000000
01-03 22:37:30.444  9007  9007 F DEBUG   :     x12  000000000000001d  x13  6f732e746c756166  x14  000000760a2e4000  x15  000000760a2e4000
01-03 22:37:30.444  9007  9007 F DEBUG   :     x16  00000075ed4bb9b0  x17  0000007608e116e8  x18  0000000000000020  x19  0000000000000000
01-03 22:37:30.444  9007  9007 F DEBUG   :     x20  00000075ed55016c  x21  00000075ed5507f8  x22  00000075ed39c0fc  x23  00000075ed85d89e
01-03 22:37:30.444  9007  9007 F DEBUG   :     x24  0000000000000004  x25  0000007606280698  x26  00000075ed42e000  x27  0000000000000001
01-03 22:37:30.444  9007  9007 F DEBUG   :     x28  0000000000000001  x29  00000075ed39bda0  x30  00000075ed527c98
01-03 22:37:30.444  9007  9007 F DEBUG   :     sp   00000075ed39bd50  pc   00000075ed527cf0  pstate 0000000060000000
01-03 22:37:30.456  9007  9007 F DEBUG   : 
01-03 22:37:30.456  9007  9007 F DEBUG   : backtrace:
01-03 22:37:30.456  9007  9007 F DEBUG   :     #00 pc 0000000000063cf0  /system/lib64/libnfc-nci.so (_ZN13NfcAdaptation26InitializeHalDeviceContextEv+368)
01-03 22:37:30.456  9007  9007 F DEBUG   :     #01 pc 0000000000063814  /system/lib64/libnfc-nci.so (_ZN13NfcAdaptation10InitializeEv+760)
01-03 22:37:30.456  9007  9007 F DEBUG   :     #02 pc 0000000000013358  /system/lib64/libnfc_nci_jni.so (_ZN7androidL23nfcManager_doInitializeEP7_JNIEnvP8_jobject+84)
01-03 22:37:30.456  9007  9007 F DEBUG   :     #03 pc 00000000000399bc  /data/dalvik-cache/arm64/system@app@NfcNci@NfcNci.apk@classes.dex (offset 0xf000)
01-03 22:37:30.491  8979  8979 E AndroidRuntime: FATAL EXCEPTION: main
01-03 22:37:30.491  8979  8979 E AndroidRuntime: Process: android.process.media, PID: 8979
01-03 22:37:30.491  8979  8979 E AndroidRuntime: DeadSystemException: The system died; earlier logs will point to the root cause
01-03 22:37:44.961  9874 10008 F libc    : Fatal signal 11 (SIGSEGV), code 1, fault addr 0x0 in tid 10008 (AsyncTask #1)
01-03 22:37:44.994  9124  9124 E AndroidRuntime: *** FATAL EXCEPTION IN SYSTEM PROCESS: main
01-03 22:37:44.994  9124  9124 E AndroidRuntime: java.lang.UnsatisfiedLinkError: dlopen failed: cannot locate symbol "get_process_name" referenced by "/system/vendor/lib64/libizat_core.so"...
01-03 22:37:44.994  9124  9124 E AndroidRuntime: 	at java.lang.Runtime.loadLibrary0(Runtime.java:1016)
01-03 22:37:44.994  9124  9124 E AndroidRuntime: 	at java.lang.System.loadLibrary(System.java:1657)
01-03 22:37:44.994  9124  9124 E AndroidRuntime: 	at com.qualcomm.location.izatserviceprovider.service.IzatServiceBase.<clinit>(IzatServiceBase.java:199)
01-03 22:37:44.994  9124  9124 E AndroidRuntime: 	at java.lang.Class.newInstance(Native Method)
01-03 22:37:44.994  9124  9124 E AndroidRuntime: 	at android.app.ActivityThread.handleCreateService(ActivityThread.java:3386)
01-03 22:37:44.994  9124  9124 E AndroidRuntime: 	at android.app.ActivityThread.-wrap4(Unknown Source:0)
01-03 22:37:44.994  9124  9124 E AndroidRuntime: 	at android.app.ActivityThread$H.handleMessage(ActivityThread.java:1683)
01-03 22:37:44.994  9124  9124 E AndroidRuntime: 	at android.os.Handler.dispatchMessage(Handler.java:105)
01-03 22:37:44.994  9124  9124 E AndroidRuntime: 	at android.os.Looper.loop(Looper.java:164)
01-03 22:37:44.994  9124  9124 E AndroidRuntime: 	at com.android.server.SystemServer.run(SystemServer.java:423)
01-03 22:37:44.994  9124  9124 E AndroidRuntime: 	at com.android.server.SystemServer.main(SystemServer.java:262)
01-03 22:37:44.994  9124  9124 E AndroidRuntime: 	at java.lang.reflect.Method.invoke(Native Method)
01-03 22:37:44.994  9124  9124 E AndroidRuntime: 	at com.android.internal.os.Zygote$MethodAndArgsCaller.run(Zygote.java:240)
01-03 22:37:44.994  9124  9124 E AndroidRuntime: 	at com.android.internal.os.ZygoteInit.main(ZygoteInit.java:767)
01-03 22:37:45.045 10032 10032 F DEBUG   : *** *** *** *** *** *** *** *** *** *** *** *** *** *** *** ***
01-03 22:37:45.045 10032 10032 F DEBUG   : Build fingerprint: 'lge/p1_global_com/p1:8.0/NRD90U/171931902b165:user/release-keys'
01-03 22:37:45.045 10032 10032 F DEBUG   : Revision: '11'
01-03 22:37:45.045 10032 10032 F DEBUG   : ABI: 'arm64'
01-03 22:37:45.045 10032 10032 F DEBUG   : pid: 9874, tid: 10008, name: AsyncTask #1  >>> com.android.nfc <<<
01-03 22:37:45.045 10032 10032 F DEBUG   : signal 11 (SIGSEGV), code 1 (SEGV_MAPERR), fault addr 0x0
01-03 22:37:45.045 10032 10032 F DEBUG   : Cause: null pointer dereference
01-03 22:37:45.045 10032 10032 F DEBUG   :     x0   0000007ae7c0d380  x1   0000007ad9646c40  x2   0000007ae7c00000  x3   0000000000000002
01-03 22:37:45.045 10032 10032 F DEBUG   :     x4   000000000000000d  x5   0000007ad96468eb  x6   2e6c61685f636277  x7   2e746c7561666564
01-03 22:37:45.045 10032 10032 F DEBUG   :     x8   000000000000000e  x9   d4b5f18dc9030a22  x10  0000000000000001  x11  0000000000000000
01-03 22:37:45.045 10032 10032 F DEBUG   :     x12  000000000000001d  x13  6f732e746c756166  x14  0000007af6d0d000  x15  0000007af6d0d000
01-03 22:37:45.045 10032 10032 F DEBUG   :     x16  0000007ad98369b0  x17  0000007af33576e8  x18  0000007af24fe280  x19  0000000000000000
01-03 22:37:45.045 10032 10032 F DEBUG   :     x20  0000007ad96d216c  x21  0000007ad96d27f8  x22  0000007ad96470fc  x23  0000007ad9aeb89e
01-03 22:37:45.045 10032 10032 F DEBUG   :     x24  0000000000000004  x25  0000007af2680698  x26  0000007ad97b0000  x27  0000000000000001
01-03 22:37:45.045 10032 10032 F DEBUG   :     x28  0000000000000001  x29  0000007ad9646da0  x30  0000007ad96a9c98
01-03 22:37:45.045 10032 10032 F DEBUG   :     sp   0000007ad9646d50  pc   0000007ad96a9cf0  pstate 0000000060000000
01-03 22:37:45.054 10032 10032 F DEBUG   : 
01-03 22:37:45.054 10032 10032 F DEBUG   : backtrace:
01-03 22:37:45.054 10032 10032 F DEBUG   :     #00 pc 0000000000063cf0  /system/lib64/libnfc-nci.so (_ZN13NfcAdaptation26InitializeHalDeviceContextEv+368)
01-03 22:37:45.054 10032 10032 F DEBUG   :     #01 pc 0000000000063814  /system/lib64/libnfc-nci.so (_ZN13NfcAdaptation10InitializeEv+760)
01-03 22:37:45.054 10032 10032 F DEBUG   :     #02 pc 0000000000013358  /system/lib64/libnfc_nci_jni.so (_ZN7androidL23nfcManager_doInitializeEP7_JNIEnvP8_jobject+84)
01-03 22:37:45.054 10032 10032 F DEBUG   :     #03 pc 00000000000399bc  /data/dalvik-cache/arm64/system@app@NfcNci@NfcNci.apk@classes.dex (offset 0xf000)
01-03 22:37:45.060 10018 10018 E AndroidRuntime: FATAL EXCEPTION: main
01-03 22:37:45.060 10018 10018 E AndroidRuntime: Process: android.process.media, PID: 10018
01-03 22:37:45.060 10018 10018 E AndroidRuntime: DeadSystemException: The system died; earlier logs will point to the root cause
--------- beginning of system
01-03 22:37:47.801 10119 10144 I chatty  : uid=1000 system_server expire 2 lines
01-03 22:37:48.297 10119 10159 I chatty  : uid=1000 system_server expire 8 lines
01-03 22:37:48.439 10119 10161 I chatty  : uid=1000 system_server expire 1 line
01-03 22:37:48.442 10119 10162 I chatty  : uid=1000 system_server expire 6 lines
01-03 22:37:48.454 10119 10163 I chatty  : uid=1000 system_server expire 9 lines
01-03 22:37:48.498 10119 10171 I chatty  : uid=1000 system_server expire 1 line
01-03 22:37:50.986 10119 10133 I chatty  : uid=1000 system_server expire 3 lines
01-03 22:37:51.014 10119 10195 I chatty  : uid=1000 system_server expire 2 lines
01-03 22:37:51.045 10119 10218 I chatty  : uid=1000 system_server expire 17 lines
01-03 22:37:51.048 10119 10220 I chatty  : uid=1000 system_server expire 2 lines
01-03 22:37:51.052 10119 10219 I chatty  : uid=1000 system_server expire 15 lines
01-03 22:37:51.187 10119 10223 I chatty  : uid=1000 system_server expire 1 line
01-03 22:37:51.234 10119 10226 I chatty  : uid=1000 system_server expire 1 line
01-03 22:37:51.614 10119 10192 I chatty  : uid=1000 system_server expire 1 line
01-03 22:37:51.807 10119 10256 I chatty  : uid=1000 system_server expire 1 line
01-03 22:37:51.909 10119 10243 I chatty  : uid=1000 system_server expire 1 line
01-03 22:37:51.994 10119 10141 I chatty  : uid=1000 system_server expire 6 lines
01-03 22:37:52.079  1280  1575 D vold    : e4crypt_unlock_user_key 0 serial=0 token_present=0
01-03 22:37:52.112 10119 10250 I chatty  : uid=1000 system_server expire 1 line
01-03 22:37:52.127 10119 10194 I chatty  : uid=1000 system_server expire 1 line
01-03 22:37:52.225 10119 10137 I chatty  : uid=1000 system_server expire 3 lines
01-03 22:37:52.233 10119 10225 I chatty  : uid=1000 system_server expire 1 line
01-03 22:37:52.462 10119 10131 I chatty  : uid=1000 system_server expire 2 lines
01-03 22:37:52.611 10119 10140 I chatty  : uid=1000 system_server expire 1 line
01-03 22:37:52.632  1280  1574 V vold    : Waiting for FUSE to spin up...
01-03 22:37:52.845 10119 10520 I chatty  : uid=1000 system_server expire 1 line
01-03 22:37:52.860 10119 10523 I chatty  : uid=1000 system_server expire 1 line
01-03 22:37:52.866 10119 10525 I chatty  : uid=1000 system_server expire 1 line
01-03 22:37:53.057 10119 10512 I chatty  : uid=1000 system_server expire 1 line
01-03 22:37:53.086 10119 10306 I chatty  : uid=1000 system_server expire 1 line
01-03 22:37:53.106 10119 10133 I chatty  : uid=1000 system_server expire 1 line
01-03 22:37:53.109 10119 10119 I chatty  : uid=1000 system_server expire 1 line
01-03 22:37:53.275 10119 10243 I chatty  : uid=1000 system_server expire 2 lines
01-03 22:37:53.339 10465 10465 I TelecomFramework: TtyManager: updateUiTtyMode -1 -> 0
01-03 22:37:53.352 10291 10291 I StatusBar: isKeyguardShowing() called before startKeyguard(), returning true
01-03 22:37:53.353 10291 10291 W StatusBar: isKeyguardSecure() called before startKeyguard(), returning false
01-03 22:37:53.353 10291 10291 W StatusBar: java.lang.Throwable
01-03 22:37:53.353 10291 10291 W StatusBar: 	at com.android.systemui.statusbar.phone.StatusBar.isKeyguardSecure(StatusBar.java:7135)
01-03 22:37:53.353 10291 10291 W StatusBar: 	at com.android.systemui.statusbar.phone.StatusBar.isCameraAllowedByAdmin(StatusBar.java:5171)
01-03 22:37:53.353 10291 10291 W StatusBar: 	at com.android.systemui.statusbar.phone.KeyguardBottomAreaView$DefaultRightButton.getIcon(KeyguardBottomAreaView.java:850)
01-03 22:37:53.353 10291 10291 W StatusBar: 	at com.android.systemui.statusbar.phone.KeyguardBottomAreaView.updateCameraVisibility(KeyguardBottomAreaView.java:371)
01-03 22:37:53.353 10291 10291 W StatusBar: 	at com.android.systemui.statusbar.phone.KeyguardBottomAreaView.setStatusBar(KeyguardBottomAreaView.java:340)
01-03 22:37:53.353 10291 10291 W StatusBar: 	at com.android.systemui.statusbar.phone.StatusBar.makeStatusBarView(StatusBar.java:1182)
01-03 22:37:53.353 10291 10291 W StatusBar: 	at com.android.systemui.statusbar.phone.StatusBar.addStatusBarWindow(StatusBar.java:3573)
01-03 22:37:53.353 10291 10291 W StatusBar: 	at com.android.systemui.statusbar.phone.StatusBar.createAndAddWindows(StatusBar.java:3569)
01-03 22:37:53.353 10291 10291 W StatusBar: 	at com.android.systemui.statusbar.phone.StatusBar.start(StatusBar.java:884)
01-03 22:37:53.353 10291 10291 W StatusBar: 	at com.android.systemui.SystemBars.createStatusBarFromConfig(SystemBars.java:71)
01-03 22:37:53.353 10291 10291 W StatusBar: 	at com.android.systemui.SystemBars.start(SystemBars.java:42)
01-03 22:37:53.353 10291 10291 W StatusBar: 	at com.android.systemui.SystemUIApplication.startServicesIfNeeded(SystemUIApplication.java:208)
01-03 22:37:53.353 10291 10291 W StatusBar: 	at com.android.systemui.SystemUIApplication.startServicesIfNeeded(SystemUIApplication.java:163)
01-03 22:37:53.353 10291 10291 W StatusBar: 	at com.android.systemui.SystemUIService.onCreate(SystemUIService.java:33)
01-03 22:37:53.353 10291 10291 W StatusBar: 	at android.app.ActivityThread.handleCreateService(ActivityThread.java:3404)
01-03 22:37:53.353 10291 10291 W StatusBar: 	at android.app.ActivityThread.-wrap4(Unknown Source:0)
01-03 22:37:53.353 10291 10291 W StatusBar: 	at android.app.ActivityThread$H.handleMessage(ActivityThread.java:1683)
01-03 22:37:53.353 10291 10291 W StatusBar: 	at android.os.Handler.dispatchMessage(Handler.java:105)
01-03 22:37:53.353 10291 10291 W StatusBar: 	at android.os.Looper.loop(Looper.java:164)
01-03 22:37:53.353 10291 10291 W StatusBar: 	at android.app.ActivityThread.main(ActivityThread.java:6541)
01-03 22:37:53.353 10291 10291 W StatusBar: 	at java.lang.reflect.Method.invoke(Native Method)
01-03 22:37:53.353 10291 10291 W StatusBar: 	at com.android.internal.os.Zygote$MethodAndArgsCaller.run(Zygote.java:240)
01-03 22:37:53.353 10291 10291 W StatusBar: 	at com.android.internal.os.ZygoteInit.main(ZygoteInit.java:767)
01-03 22:37:53.355 10291 10291 I StatusBar: isKeyguardShowing() called before startKeyguard(), returning true
01-03 22:37:53.356 10291 10291 W StatusBar: isKeyguardSecure() called before startKeyguard(), returning false
01-03 22:37:53.356 10291 10291 W StatusBar: java.lang.Throwable
01-03 22:37:53.356 10291 10291 W StatusBar: 	at com.android.systemui.statusbar.phone.StatusBar.isKeyguardSecure(StatusBar.java:7135)
01-03 22:37:53.356 10291 10291 W StatusBar: 	at com.android.systemui.statusbar.phone.StatusBar.isCameraAllowedByAdmin(StatusBar.java:5171)
01-03 22:37:53.356 10291 10291 W StatusBar: 	at com.android.systemui.statusbar.phone.KeyguardBottomAreaView$DefaultRightButton.getIcon(KeyguardBottomAreaView.java:850)
01-03 22:37:53.356 10291 10291 W StatusBar: 	at com.android.systemui.statusbar.phone.KeyguardBottomAreaView.updateCameraVisibility(KeyguardBottomAreaView.java:371)
01-03 22:37:53.356 10291 10291 W StatusBar: 	at com.android.systemui.statusbar.phone.KeyguardBottomAreaView.setUserSetupComplete(KeyguardBottomAreaView.java:349)
01-03 22:37:53.356 10291 10291 W StatusBar: 	at com.android.systemui.statusbar.phone.StatusBar.makeStatusBarView(StatusBar.java:1183)
01-03 22:37:53.356 10291 10291 W StatusBar: 	at com.android.systemui.statusbar.phone.StatusBar.addStatusBarWindow(StatusBar.java:3573)
01-03 22:37:53.356 10291 10291 W StatusBar: 	at com.android.systemui.statusbar.phone.StatusBar.createAndAddWindows(StatusBar.java:3569)
01-03 22:37:53.356 10291 10291 W StatusBar: 	at com.android.systemui.statusbar.phone.StatusBar.start(StatusBar.java:884)
01-03 22:37:53.356 10291 10291 W StatusBar: 	at com.android.systemui.SystemBars.createStatusBarFromConfig(SystemBars.java:71)
01-03 22:37:53.356 10291 10291 W StatusBar: 	at com.android.systemui.SystemBars.start(SystemBars.java:42)
01-03 22:37:53.356 10291 10291 W StatusBar: 	at com.android.systemui.SystemUIApplication.startServicesIfNeeded(SystemUIApplication.java:208)
01-03 22:37:53.356 10291 10291 W StatusBar: 	at com.android.systemui.SystemUIApplication.startServicesIfNeeded(SystemUIApplication.java:163)
01-03 22:37:53.356 10291 10291 W StatusBar: 	at com.android.systemui.SystemUIService.onCreate(SystemUIService.java:33)
01-03 22:37:53.356 10291 10291 W StatusBar: 	at android.app.ActivityThread.handleCreateService(ActivityThread.java:3404)
01-03 22:37:53.356 10291 10291 W StatusBar: 	at android.app.ActivityThread.-wrap4(Unknown Source:0)
01-03 22:37:53.356 10291 10291 W StatusBar: 	at android.app.ActivityThread$H.handleMessage(ActivityThread.java:1683)
01-03 22:37:53.356 10291 10291 W StatusBar: 	at android.os.Handler.dispatchMessage(Handler.java:105)
01-03 22:37:53.356 10291 10291 W StatusBar: 	at android.os.Looper.loop(Looper.java:164)
01-03 22:37:53.356 10291 10291 W StatusBar: 	at android.app.ActivityThread.main(ActivityThread.java:6541)
01-03 22:37:53.356 10291 10291 W StatusBar: 	at java.lang.reflect.Method.invoke(Native Method)
01-03 22:37:53.356 10291 10291 W StatusBar: 	at com.android.internal.os.Zygote$MethodAndArgsCaller.run(Zygote.java:240)
01-03 22:37:53.356 10291 10291 W StatusBar: 	at com.android.internal.os.ZygoteInit.main(ZygoteInit.java:767)
01-03 22:37:53.495 10291 10291 I StatusBar: isKeyguardShowing() called before startKeyguard(), returning true
01-03 22:37:53.496 10291 10291 W StatusBar: isKeyguardSecure() called before startKeyguard(), returning false
01-03 22:37:53.496 10291 10291 W StatusBar: java.lang.Throwable
01-03 22:37:53.496 10291 10291 W StatusBar: 	at com.android.systemui.statusbar.phone.StatusBar.isKeyguardSecure(StatusBar.java:7135)
01-03 22:37:53.496 10291 10291 W StatusBar: 	at com.android.systemui.statusbar.phone.StatusBar.isCameraAllowedByAdmin(StatusBar.java:5171)
01-03 22:37:53.496 10291 10291 W StatusBar: 	at com.android.systemui.statusbar.phone.KeyguardBottomAreaView$DefaultRightButton.getIcon(KeyguardBottomAreaView.java:850)
01-03 22:37:53.496 10291 10291 W StatusBar: 	at com.android.systemui.statusbar.phone.KeyguardBottomAreaView.updateCameraVisibility(KeyguardBottomAreaView.java:371)
01-03 22:37:53.496 10291 10291 W StatusBar: 	at com.android.systemui.statusbar.phone.KeyguardBottomAreaView.setUserSetupComplete(KeyguardBottomAreaView.java:349)
01-03 22:37:53.496 10291 10291 W StatusBar: 	at com.android.systemui.statusbar.phone.StatusBar$1.onUserSetupChanged(StatusBar.java:512)
01-03 22:37:53.496 10291 10291 W StatusBar: 	at com.android.systemui.statusbar.policy.DeviceProvisionedControllerImpl.addCallback(DeviceProvisionedControllerImpl.java:69)
01-03 22:37:53.496 10291 10291 W StatusBar: 	at com.android.systemui.statusbar.policy.DeviceProvisionedControllerImpl.addCallback(DeviceProvisionedControllerImpl.java:63)
01-03 22:37:53.496 10291 10291 W StatusBar: 	at com.android.systemui.statusbar.phone.StatusBar.makeStatusBarView(StatusBar.java:1271)
01-03 22:37:53.496 10291 10291 W StatusBar: 	at com.android.systemui.statusbar.phone.StatusBar.addStatusBarWindow(StatusBar.java:3573)
01-03 22:37:53.496 10291 10291 W StatusBar: 	at com.android.systemui.statusbar.phone.StatusBar.createAndAddWindows(StatusBar.java:3569)
01-03 22:37:53.496 10291 10291 W StatusBar: 	at com.android.systemui.statusbar.phone.StatusBar.start(StatusBar.java:884)
01-03 22:37:53.496 10291 10291 W StatusBar: 	at com.android.systemui.SystemBars.createStatusBarFromConfig(SystemBars.java:71)
01-03 22:37:53.496 10291 10291 W StatusBar: 	at com.android.systemui.SystemBars.start(SystemBars.java:42)
01-03 22:37:53.496 10291 10291 W StatusBar: 	at com.android.systemui.SystemUIApplication.startServicesIfNeeded(SystemUIApplication.java:208)
01-03 22:37:53.496 10291 10291 W StatusBar: 	at com.android.systemui.SystemUIApplication.startServicesIfNeeded(SystemUIApplication.java:163)
01-03 22:37:53.496 10291 10291 W StatusBar: 	at com.android.systemui.SystemUIService.onCreate(SystemUIService.java:33)
01-03 22:37:53.496 10291 10291 W StatusBar: 	at android.app.ActivityThread.handleCreateService(ActivityThread.java:3404)
01-03 22:37:53.496 10291 10291 W StatusBar: 	at android.app.ActivityThread.-wrap4(Unknown Source:0)
01-03 22:37:53.496 10291 10291 W StatusBar: 	at android.app.ActivityThread$H.handleMessage(ActivityThread.java:1683)
01-03 22:37:53.496 10291 10291 W StatusBar: 	at android.os.Handler.dispatchMessage(Handler.java:105)
01-03 22:37:53.496 10291 10291 W StatusBar: 	at android.os.Looper.loop(Looper.java:164)
01-03 22:37:53.496 10291 10291 W StatusBar: 	at android.app.ActivityThread.main(ActivityThread.java:6541)
01-03 22:37:53.496 10291 10291 W StatusBar: 	at java.lang.reflect.Method.invoke(Native Method)
01-03 22:37:53.496 10291 10291 W StatusBar: 	at com.android.internal.os.Zygote$MethodAndArgsCaller.run(Zygote.java:240)
01-03 22:37:53.496 10291 10291 W StatusBar: 	at com.android.internal.os.ZygoteInit.main(ZygoteInit.java:767)
01-03 22:37:53.555 10119 10130 I chatty  : uid=1000 system_server expire 1 line
01-03 22:37:53.567 10465 10465 I TelecomFramework: AccountEntry: Registered phoneAccount: [[ ] PhoneAccount: ComponentInfo{com.android.phone/com.android.services.telephony.TelephonyConnectionService}, [e0184adedf913b076626646d3f52c3b49c39ad6d], UserHandle{0} Capabilities: CallProvider MultiUser PlaceEmerg SimSub  Audio Routes: BESW Schemes: tel voicemail  Extras: null GroupId: [da39a3ee5e6b4b0d3255bfef95601890afd80709]] with handle: ComponentInfo{com.android.phone/com.android.services.telephony.TelephonyConnectionService}, [e0184adedf913b076626646d3f52c3b49c39ad6d], UserHandle{0}
01-03 22:37:53.568 10465 10465 I TelecomFramework: PstnIncomingCallNotifier: Registering: Handler (com.android.internal.telephony.GsmCdmaPhone) {8634e25}
01-03 22:37:53.590 10465 10465 I TelecomFramework: PstnPhoneCapabilitiesNotifier: handleVideoCapabilitesChanged. Video capability - false
01-03 22:37:53.605 10119 10340 I chatty  : uid=1000 system_server expire 1 line
01-03 22:37:53.702 10119 10130 D CryptdConnector: SND -> {3 cryptfs getpw}
01-03 22:37:53.703  1280  1575 D VoldCryptCmdListener: cryptfs getpw
01-03 22:37:53.703 10119 10220 D CryptdConnector: RCV <- {200 3 -1}
01-03 22:37:53.704 10119 10130 D CryptdConnector: SND -> {4 cryptfs clearpw}
01-03 22:37:53.704  1280  1575 D VoldCryptCmdListener: cryptfs clearpw
01-03 22:37:53.704 10119 10220 D CryptdConnector: RCV <- {200 4 0}
01-03 22:37:54.007 10119 10227 D WifiService: New client listening to asynchronous messages
01-03 22:37:54.096 10119 10119 D BluetoothManagerService: Bluetooth Adapter address changed to 22:22:67:C6:69:73
01-03 22:37:54.096 10119 10119 D BluetoothManagerService: Stored Bluetoothaddress: 22:22:67:C6:69:73
01-03 22:37:54.096 10119 10119 D BluetoothManagerService: Bluetooth Adapter name changed to LG G4
01-03 22:37:54.097 10119 10119 D BluetoothManagerService: Stored Bluetooth name: LG G4
01-03 22:37:54.110 10119 10141 D BluetoothManagerService: MESSAGE_BLUETOOTH_STATE_CHANGE: BLE_TURNING_ON > BLE_ON
