01-04 09:20:37.386   544   544 D /system/vendor/bin/adsprpcd: vendor/qcom/proprietary/adsprpc/src/fastrpc_apps_user.c:1124: Error 57: apps_dev_init failed. domain 0, errno Operation not permitted
01-04 09:20:37.386   544   544 D /system/vendor/bin/adsprpcd: vendor/qcom/proprietary/adsprpc/src/fastrpc_apps_user.c:1207: Error 57: open dev -1 for domain 0 failed
01-04 09:20:37.386   544   544 D /system/vendor/bin/adsprpcd: vendor/qcom/proprietary/adsprpc/src/fastrpc_apps_user.c:1124: Error 57: apps_dev_init failed. domain 0, errno Operation not permitted
01-04 09:20:37.386   544   544 D /system/vendor/bin/adsprpcd: vendor/qcom/proprietary/adsprpc/src/fastrpc_apps_user.c:1207: Error 57: open dev -1 for domain 0 failed
01-04 09:20:37.386   544   544 D /system/vendor/bin/adsprpcd: vendor/qcom/proprietary/adsprpc/src/fastrpc_apps_user.c:651: Error 3b: remote handle invoke failed. domain 0, handle ffffffff, sc 0, pra 0x0
01-04 09:20:37.387   544   544 E /system/vendor/bin/adsprpcd: vendor/qcom/proprietary/adsprpc/src/adsprpcd.c:43:adsp daemon will restart after 25ms...
01-04 09:20:37.392   481   481 D vndksupport: Loading /vendor/lib/hw/sound_trigger.primary.msm8996.so from current namespace instead of sphal namespace.
01-04 09:20:37.407   555   555 I cameraserver: ServiceManager: 0xe5f18900
01-04 09:20:37.407   555   555 I CameraService: CameraService started (pid=555)
01-04 09:20:37.408   555   555 I CameraService: CameraService process starting
01-04 09:20:37.408   555   555 W BatteryNotifier: batterystats service unavailable!
01-04 09:20:37.408   555   555 W BatteryNotifier: batterystats service unavailable!
01-04 09:20:37.410   441   441 W /system/bin/hwservicemanager: getTransport: Cannot find entry android.hardware.camera.provider@2.4::ICameraProvider/legacy/0 in either framework or device manifest.
01-04 09:20:37.410   660   660 D QSEECOMD: : qseecom listener service threads starting!!! 
01-04 09:20:37.410   660   660 D QSEECOMD: : Total listener services to start = 9
01-04 09:20:37.410   660   660 E QSEECOMD: : Listener: index = 0, hierarchy = 1
01-04 09:20:37.410   555   555 D vndksupport: Loading /vendor/lib/hw/android.hardware.camera.provider@2.4-impl.so from current namespace instead of sphal namespace.
01-04 09:20:37.410   660   660 D QSEECOMD: : Init dlopen(librpmb.so, RTLD_NOW) succeeds
01-04 09:20:37.411   660   660 D QSEECOMD: : Init::Init dlsym(g_FSHandle rpmb_start) succeeds
01-04 09:20:37.411   660   660 D QSEECOMAPI: QSEECom_register_listener 8192 sb_length = 0x6400
01-04 09:20:37.413   581   581 D QC-time-services: Daemon:genoff_pre_init::Base = 0
01-04 09:20:37.413   581   581 D QC-time-services: Daemon:ats_rtc_init: Time read from RTC -- year = 71, month = 0,day = 4
01-04 09:20:37.431   481   481 D sound_trigger_hw: stdev_open: Enter
01-04 09:20:37.437   581   581 D QC-time-services: Daemon ats_rtc_init: seconds = 31821637
01-04 09:20:37.437   581   581 D QC-time-services: Daemon:Value read from RTC seconds = 31821637000
01-04 09:20:37.437   581   581 D QC-time-services: Daemon:genoff_init_config: ATS_RTC initialized with rc: 0
01-04 09:20:37.437   581   581 D QC-time-services: Daemon:genoff_pre_init::Base = 1
01-04 09:20:37.439   581   581 D QC-time-services: Daemon: Storage Name: ats_1 
01-04 09:20:37.439   581   581 D QC-time-services: Daemon:Opening File: /persist/time/ats_1 /data/vendor/time/ats_1
01-04 09:20:37.439   581   581 D QC-time-services: Daemon:time_persistent_memory_opr:Genoff Read operation 
01-04 09:20:37.440   542   542 I ThermalEngine: Loading config file for virtual sensor
01-04 09:20:37.440   542   542 I ThermalEngine: Loading configuration file /system/vendor/etc/thermal-engine.conf
01-04 09:20:37.444   581   581 D QC-time-services: Daemon:Open File: /data/vendor/time/ats_1
01-04 09:20:37.448   555   555 D vndksupport: Loading /vendor/lib/hw/camera.msm8996.so from current namespace instead of sphal namespace.
01-04 09:20:37.448   542   542 I ThermalEngine: Parsing section global
01-04 09:20:37.448   542   542 I ThermalEngine: Created section 'HOT-SKIN-VIRTUAL'
01-04 09:20:37.449   542   542 I ThermalEngine: Algo Type 'virtual'
01-04 09:20:37.449   542   542 I ThermalEngine: Parsing section HOT-SKIN-VIRTUAL
01-04 09:20:37.449   542   542 I ThermalEngine: Found field 'trip_sensor'
01-04 09:20:37.449   542   542 I ThermalEngine: Found field 'sensors'
01-04 09:20:37.449   542   542 I ThermalEngine: Found field 'weights'
01-04 09:20:37.449   542   542 I ThermalEngine: Found field 'set_point'
01-04 09:20:37.449   542   542 I ThermalEngine: Found field 'set_point_clr'
01-04 09:20:37.449   542   542 I ThermalEngine: Found field 'sampling'
01-04 09:20:37.449   542   542 I ThermalEngine: Found field 'math'
01-04 09:20:37.449   542   542 I ThermalEngine: [VIRTUAL-CPUS]
01-04 09:20:37.449   542   542 I ThermalEngine: #algo_type virtual
01-04 09:20:37.449   542   542 I ThermalEngine: trip_sensor tsens_tz_sensor11
01-04 09:20:37.449   542   542 I ThermalEngine: set_point 75000
01-04 09:20:37.449   542   542 I ThermalEngine: set_point_clr 65000
01-04 09:20:37.449   542   542 I ThermalEngine: sensors tsens_tz_sensor4 tsens_tz_sensor6 tsens_tz_sensor9 tsens_tz_sensor11
01-04 09:20:37.449   542   542 I ThermalEngine: weights
01-04 09:20:37.449   542   542 I ThermalEngine: sampling 10
01-04 09:20:37.449   542   542 I ThermalEngine: math 2
01-04 09:20:37.449   542   542 I ThermalEngine: [HOT-SKIN-VIRTUAL]
01-04 09:20:37.449   542   542 I ThermalEngine: algo_type virtual
01-04 09:20:37.449   542   542 I ThermalEngine: trip_sensor emmc_therm
01-04 09:20:37.449   542   542 I ThermalEngine: set_point 47000
01-04 09:20:37.449   542   542 I ThermalEngine: set_point_clr 44000
01-04 09:20:37.449   542   542 I ThermalEngine: sensors tsens_tz_sensor15 tsens_tz_sensor0
01-04 09:20:37.449   542   542 I ThermalEngine: weights 1 -1
01-04 09:20:37.449   542   542 I ThermalEngine: sampling 1000
01-04 09:20:37.449   542   542 I ThermalEngine: math 0
01-04 09:20:37.451   542   542 I ThermalEngine: Loading configuration file /system/vendor/etc/thermal-engine.conf
01-04 09:20:37.451   542   542 I ThermalEngine: Parsing section global
01-04 09:20:37.451   542   542 I ThermalEngine: Created section 'SKIN_SHUTDOWN'
01-04 09:20:37.451   542   542 I ThermalEngine: Algo Type 'monitor'
01-04 09:20:37.451   542   542 I ThermalEngine: Parsing section SKIN_SHUTDOWN
01-04 09:20:37.452   542   542 I ThermalEngine: Found field 'sampling'
01-04 09:20:37.452   542   542 I ThermalEngine: Found field 'sensor'
01-04 09:20:37.452   542   542 I ThermalEngine: Found field 'thresholds'
01-04 09:20:37.452   542   542 I ThermalEngine: Found field 'thresholds_clr'
01-04 09:20:37.452   542   542 I ThermalEngine: Found field 'actions'
01-04 09:20:37.452   542   542 I ThermalEngine: Found field 'action_info'
01-04 09:20:37.452   542   542 I ThermalEngine: Created section 'SKIN-HIGH-FLOOR'
01-04 09:20:37.452   542   542 I ThermalEngine: Algo Type 'ss'
01-04 09:20:37.452   542   542 I ThermalEngine: Parsing section SKIN-HIGH-FLOOR
01-04 09:20:37.452   542   542 I ThermalEngine: Found field 'sampling'
01-04 09:20:37.452   542   542 I ThermalEngine: Found field 'sensor'
01-04 09:20:37.452   542   542 I ThermalEngine: Found field 'device'
01-04 09:20:37.452   542   542 I ThermalEngine: Found field 'set_point'
01-04 09:20:37.452   542   542 I ThermalEngine: Found field 'set_point_clr'
01-04 09:20:37.452   542   542 I ThermalEngine: Found field 'device_perf_floor'
01-04 09:20:37.452   542   542 I ThermalEngine: Found field 'time_constant'
01-04 09:20:37.452   542   542 I ThermalEngine: Created section 'SKIN-MID-FLOOR'
01-04 09:20:37.452   542   542 I ThermalEngine: Algo Type 'ss'
01-04 09:20:37.452   542   542 I ThermalEngine: Parsing section SKIN-MID-FLOOR
01-04 09:20:37.452   542   542 I ThermalEngine: Found field 'sampling'
01-04 09:20:37.452   542   542 I ThermalEngine: Found field 'sensor'
01-04 09:20:37.452   542   542 I ThermalEngine: Found field 'device'
01-04 09:20:37.452   542   542 I ThermalEngine: Found field 'set_point'
01-04 09:20:37.452   542   542 I ThermalEngine: Found field 'set_point_clr'
01-04 09:20:37.452   542   542 I ThermalEngine: Found field 'device_perf_floor'
01-04 09:20:37.452   542   542 I ThermalEngine: Found field 'time_constant'
01-04 09:20:37.452   542   542 I ThermalEngine: Created section 'SKIN-LOW-FLOOR'
01-04 09:20:37.452   542   542 I ThermalEngine: Algo Type 'ss'
01-04 09:20:37.452   542   542 I ThermalEngine: Parsing section SKIN-LOW-FLOOR
01-04 09:20:37.452   542   542 I ThermalEngine: Found field 'sampling'
01-04 09:20:37.453   542   542 I ThermalEngine: Found field 'sensor'
01-04 09:20:37.453   542   542 I ThermalEngine: Found field 'device'
01-04 09:20:37.453   581   581 D QC-time-services: Daemon:genoff_pre_init::Base = 2
01-04 09:20:37.453   542   542 I ThermalEngine: Found field 'set_point'
01-04 09:20:37.453   581   581 D QC-time-services: Daemon: Storage Name: ats_2 
01-04 09:20:37.453   542   542 I ThermalEngine: Found field 'set_point_clr'
01-04 09:20:37.453   581   581 D QC-time-services: Daemon:Opening File: /persist/time/ats_2 /data/vendor/time/ats_2
01-04 09:20:37.453   542   542 I ThermalEngine: Found field 'device_perf_floor'
01-04 09:20:37.453   581   581 D QC-time-services: Daemon:time_persistent_memory_opr:Genoff Read operation 
01-04 09:20:37.453   542   542 I ThermalEngine: Found field 'time_constant'
01-04 09:20:37.453   542   542 I ThermalEngine: Created section 'SKIN-RESTRICT-FLOOR'
01-04 09:20:37.453   542   542 I ThermalEngine: Algo Type 'ss'
01-04 09:20:37.453   581   581 D QC-time-services: Daemon:Open File: /data/vendor/time/ats_2
01-04 09:20:37.453   542   542 I ThermalEngine: Parsing section SKIN-RESTRICT-FLOOR
01-04 09:20:37.453   542   542 I ThermalEngine: Found field 'sampling'
01-04 09:20:37.453   542   542 I ThermalEngine: Found field 'sensor'
01-04 09:20:37.453   542   542 I ThermalEngine: Found field 'device'
01-04 09:20:37.453   542   542 I ThermalEngine: Found field 'set_point'
01-04 09:20:37.453   542   542 I ThermalEngine: Found field 'set_point_clr'
01-04 09:20:37.453   542   542 I ThermalEngine: Found field 'device_perf_floor'
01-04 09:20:37.453   542   542 I ThermalEngine: Found field 'time_constant'
01-04 09:20:37.453   542   542 I ThermalEngine: Created section 'SKIN-CRITICAL'
01-04 09:20:37.453   542   542 I ThermalEngine: Algo Type 'monitor'
01-04 09:20:37.453   542   542 I ThermalEngine: Parsing section SKIN-CRITICAL
01-04 09:20:37.453   542   542 I ThermalEngine: Found field 'sensor'
01-04 09:20:37.453   542   542 I ThermalEngine: Found field 'sampling'
01-04 09:20:37.453   542   542 I ThermalEngine: Found field 'thresholds'
01-04 09:20:37.453   542   542 I ThermalEngine: Found field 'thresholds_clr'
01-04 09:20:37.453   542   542 I ThermalEngine: Found field 'actions'
01-04 09:20:37.453   542   542 I ThermalEngine: Found field 'action_info'
01-04 09:20:37.453   542   542 I ThermalEngine: Created section 'VIRTUAL-SS-GPU-SKIN'
01-04 09:20:37.453   542   542 I ThermalEngine: Algo Type 'ss'
01-04 09:20:37.453   542   542 I ThermalEngine: Parsing section VIRTUAL-SS-GPU-SKIN
01-04 09:20:37.453   542   542 I ThermalEngine: Found field 'sensor'
01-04 09:20:37.453   542   542 I ThermalEngine: Found field 'device'
01-04 09:20:37.453   481   481 I sound_trigger_platform: platform_stdev_init: Enter
01-04 09:20:37.453   542   542 I ThermalEngine: Found field 'sampling'
01-04 09:20:37.453   542   542 I ThermalEngine: Found field 'set_point'
01-04 09:20:37.453   542   542 I ThermalEngine: Found field 'set_point_clr'
01-04 09:20:37.454   542   542 I ThermalEngine: Found field 'device_max_limit'
01-04 09:20:37.454   542   542 I ThermalEngine: Created section 'VR-EMMC'
01-04 09:20:37.454   542   542 I ThermalEngine: Algo Type 'monitor'
01-04 09:20:37.454   542   542 I ThermalEngine: Parsing section VR-EMMC
01-04 09:20:37.454   542   542 I ThermalEngine: Found field 'disable'
01-04 09:20:37.454   542   542 I ThermalEngine: Found field 'sensor'
01-04 09:20:37.454   542   542 I ThermalEngine: Found field 'sampling'
01-04 09:20:37.454   542   542 I ThermalEngine: Found field 'thresholds'
01-04 09:20:37.454   542   542 I ThermalEngine: Found field 'thresholds_clr'
01-04 09:20:37.454   542   542 I ThermalEngine: Found field 'actions'
01-04 09:20:37.454   542   542 I ThermalEngine: Found field 'action_info'
01-04 09:20:37.454   542   542 E ThermalEngine: Thermal-Server: Unable to create socket server for thermal clients
01-04 09:20:37.454   542   542 I ThermalEngine: [SKIN-CRITICAL]
01-04 09:20:37.454   542   542 I ThermalEngine: algo_type monitor
01-04 09:20:37.454   542   542 I ThermalEngine: sampling 1000
01-04 09:20:37.454   542   542 I ThermalEngine: sensor emmc_therm
01-04 09:20:37.454   542   542 I ThermalEngine: thresholds 56000 58000
01-04 09:20:37.454   542   542 I ThermalEngine: thresholds_clr 55000 57000
01-04 09:20:37.454   542   542 I ThermalEngine: actions cluster0+cluster1+gpu cluster0+cluster1+gpu
01-04 09:20:37.454   542   542 I ThermalEngine: action_info 691200+691200+133000000 307200+307200+133000000
01-04 09:20:37.454   542   542 I ThermalEngine: [SKIN_SHUTDOWN]
01-04 09:20:37.454   542   542 I ThermalEngine: algo_type monitor
01-04 09:20:37.454   542   542 I ThermalEngine: sampling 1000
01-04 09:20:37.454   542   542 I ThermalEngine: sensor emmc_therm
01-04 09:20:37.454   542   542 I ThermalEngine: thresholds 60000
01-04 09:20:37.454   542   542 I ThermalEngine: thresholds_clr 59000
01-04 09:20:37.454   542   542 I ThermalEngine: actions shutdown
01-04 09:20:37.454   542   542 I ThermalEngine: action_info 1
01-04 09:20:37.454   542   542 I ThermalEngine: [AFFINITY_MONITOR]
01-04 09:20:37.454   542   542 I ThermalEngine: #algo_type monitor
01-04 09:20:37.454   542   542 I ThermalEngine: sampling 1000
01-04 09:20:37.454   542   542 I ThermalEngine: sensor msm_therm
01-04 09:20:37.454   542   542 I ThermalEngine: thresholds 40000 45000 50000 70000
01-04 09:20:37.454   542   542 I ThermalEngine: thresholds_clr 35000 40000 45000 50000
01-04 09:20:37.454   542   542 I ThermalEngine: actions affinity_switch+affinity_core affinity_switch+affinity_core affinity_switch+affinity_core affinity_switch+affinity_core
01-04 09:20:37.455   542   542 I ThermalEngine: action_info 0+4 1+2 2+1 3+1
01-04 09:20:37.455   542   542 I ThermalEngine: [EMMC_THERM_GPU_SKIN_MANAGEMENT]
01-04 09:20:37.455   542   542 I ThermalEngine: #algo_type monitor
01-04 09:20:37.455   542   542 I ThermalEngine: sampling 1000
01-04 09:20:37.455   542   542 I ThermalEngine: sensor emmc_therm
01-04 09:20:37.455   542   542 I ThermalEngine: thresholds 44000 46000 48000 51000 54000
01-04 09:20:37.455   542   542 I ThermalEngine: thresholds_clr 42000 44000 46000 48000 51000
01-04 09:20:37.455   542   542 I ThermalEngine: actions gpu gpu gpu gpu gpu
01-04 09:20:37.455   542   542 I ThermalEngine: action_info 560000000 510000000 401800000 315000000 214000000
01-04 09:20:37.455   542   542 I ThermalEngine: override 18000
01-04 09:20:37.455   542   542 I ThermalEngine: [EMMC_THERM_BATTERY_MITIGATION]
01-04 09:20:37.455   542   542 I ThermalEngine: #algo_type monitor
01-04 09:20:37.455   542   542 I ThermalEngine: sampling 1000
01-04 09:20:37.455   542   542 I ThermalEngine: sensor emmc_therm
01-04 09:20:37.455   542   542 I ThermalEngine: thresholds 42000 46000 56000 58000
01-04 09:20:37.455   542   542 I ThermalEngine: thresholds_clr 37000 42000 46000 56000
01-04 09:20:37.455   542   542 I ThermalEngine: actions battery battery battery battery
01-04 09:20:37.455   542   542 I ThermalEngine: action_info 0 1 2 3
01-04 09:20:37.455   542   542 I ThermalEngine: [PMIC-ALARM-MONITOR]
01-04 09:20:37.455   542   542 I ThermalEngine: #algo_type monitor
01-04 09:20:37.455   542   542 I ThermalEngine: sampling 1000
01-04 09:20:37.455   542   542 I ThermalEngine: sensor pm8994_tz
01-04 09:20:37.455   542   542 I ThermalEngine: thresholds 107000 127000
01-04 09:20:37.455   542   542 I ThermalEngine: thresholds_clr 103000 123000
01-04 09:20:37.455   542   542 I ThermalEngine: actions hotplug_3+hotplug_2+hotplug_1+cluster1+cluster0 hotplug_3+hotplug_2+hotplug_1
01-04 09:20:37.455   542   542 I ThermalEngine: action_info 0+0+0+302400+302400 1+1+1
01-04 09:20:37.455   542   542 I ThermalEngine: [VDD_RSTR_MONITOR-TSENS20]
01-04 09:20:37.455   542   542 I ThermalEngine: #algo_type monitor
01-04 09:20:37.455   542   542 I ThermalEngine: sampling 1000
01-04 09:20:37.455   542   542 I ThermalEngine: sensor tsens_tz_sensor20
01-04 09:20:37.455   542   542 I ThermalEngine: thresholds 5000
01-04 09:20:37.455   542   542 I ThermalEngine: thresholds_clr 10000
01-04 09:20:37.455   542   542 I ThermalEngine: actions vdd_restriction
01-04 09:20:37.455   542   542 I ThermalEngine: action_info 1
01-04 09:20:37.455   542   542 I ThermalEngine: descending
01-04 09:20:37.455   542   542 I ThermalEngine: [VDD_RSTR_MONITOR-TSENS19]
01-04 09:20:37.455   542   542 I ThermalEngine: #algo_type monitor
01-04 09:20:37.455   542   542 I ThermalEngine: sampling 1000
01-04 09:20:37.455   542   542 I ThermalEngine: sensor tsens_tz_sensor19
01-04 09:20:37.455   542   542 I ThermalEngine: thresholds 5000
01-04 09:20:37.455   542   542 I ThermalEngine: thresholds_clr 10000
01-04 09:20:37.455   542   542 I ThermalEngine: actions vdd_restriction
01-04 09:20:37.455   542   542 I ThermalEngine: action_info 1
01-04 09:20:37.455   542   542 I ThermalEngine: descending
01-04 09:20:37.455   542   542 I ThermalEngine: [VDD_RSTR_MONITOR-TSENS18]
01-04 09:20:37.455   542   542 I ThermalEngine: #algo_type monitor
01-04 09:20:37.455   542   542 I ThermalEngine: sampling 1000
01-04 09:20:37.455   542   542 I ThermalEngine: sensor tsens_tz_sensor18
01-04 09:20:37.455   542   542 I ThermalEngine: thresholds 5000
01-04 09:20:37.455   542   542 I ThermalEngine: thresholds_clr 10000
01-04 09:20:37.455   542   542 I ThermalEngine: actions vdd_restriction
01-04 09:20:37.455   542   542 I ThermalEngine: action_info 1
01-04 09:20:37.455   542   542 I ThermalEngine: descending
01-04 09:20:37.455   542   542 I ThermalEngine: [VDD_RSTR_MONITOR-TSENS17]
01-04 09:20:37.456   542   542 I ThermalEngine: #algo_type monitor
01-04 09:20:37.456   511   511 D vndksupport: Loading /vendor/lib64/egl/libGLESv1_CM_adreno.so from current namespace instead of sphal namespace.
01-04 09:20:37.456   542   542 I ThermalEngine: sampling 1000
01-04 09:20:37.456   542   542 I ThermalEngine: sensor tsens_tz_sensor17
01-04 09:20:37.456   542   542 I ThermalEngine: thresholds 5000
01-04 09:20:37.456   542   542 I ThermalEngine: thresholds_clr 10000
01-04 09:20:37.456   542   542 I ThermalEngine: actions vdd_restriction
01-04 09:20:37.456   542   542 I ThermalEngine: action_info 1
01-04 09:20:37.456   542   542 I ThermalEngine: descending
01-04 09:20:37.456   542   542 I ThermalEngine: [VDD_RSTR_MONITOR-TSENS16]
01-04 09:20:37.456   542   542 I ThermalEngine: #algo_type monitor
01-04 09:20:37.456   542   542 I ThermalEngine: sampling 1000
01-04 09:20:37.456   542   542 I ThermalEngine: sensor tsens_tz_sensor16
01-04 09:20:37.456   542   542 I ThermalEngine: thresholds 5000
01-04 09:20:37.456   542   542 I ThermalEngine: thresholds_clr 10000
01-04 09:20:37.456   542   542 I ThermalEngine: actions vdd_restriction
01-04 09:20:37.456   542   542 I ThermalEngine: action_info 1
01-04 09:20:37.456   542   542 I ThermalEngine: descending
01-04 09:20:37.456   542   542 I ThermalEngine: [VDD_RSTR_MONITOR-TSENS15]
01-04 09:20:37.456   542   542 I ThermalEngine: #algo_type monitor
01-04 09:20:37.456   542   542 I ThermalEngine: sampling 1000
01-04 09:20:37.456   542   542 I ThermalEngine: sensor tsens_tz_sensor15
01-04 09:20:37.456   542   542 I ThermalEngine: thresholds 5000
01-04 09:20:37.456   542   542 I ThermalEngine: thresholds_clr 10000
01-04 09:20:37.456   542   542 I ThermalEngine: actions vdd_restriction
01-04 09:20:37.456   542   542 I ThermalEngine: action_info 1
01-04 09:20:37.456   542   542 I ThermalEngine: descending
01-04 09:20:37.456   542   542 I ThermalEngine: [VDD_RSTR_MONITOR-TSENS14]
01-04 09:20:37.456   542   542 I ThermalEngine: #algo_type monitor
01-04 09:20:37.456   542   542 I ThermalEngine: sampling 1000
01-04 09:20:37.456   542   542 I ThermalEngine: sensor tsens_tz_sensor14
01-04 09:20:37.456   542   542 I ThermalEngine: thresholds 5000
01-04 09:20:37.456   542   542 I ThermalEngine: thresholds_clr 10000
01-04 09:20:37.456   542   542 I ThermalEngine: actions vdd_restriction
01-04 09:20:37.456   542   542 I ThermalEngine: action_info 1
01-04 09:20:37.456   542   542 I ThermalEngine: descending
01-04 09:20:37.456   542   542 I ThermalEngine: [VDD_RSTR_MONITOR-TSENS13]
01-04 09:20:37.456   542   542 I ThermalEngine: #algo_type monitor
01-04 09:20:37.456   542   542 I ThermalEngine: sampling 1000
01-04 09:20:37.456   542   542 I ThermalEngine: sensor tsens_tz_sensor13
01-04 09:20:37.456   542   542 I ThermalEngine: thresholds 5000
01-04 09:20:37.456   542   542 I ThermalEngine: thresholds_clr 10000
01-04 09:20:37.456   542   542 I ThermalEngine: actions vdd_restriction
01-04 09:20:37.456   542   542 I ThermalEngine: action_info 1
01-04 09:20:37.456   542   542 I ThermalEngine: descending
01-04 09:20:37.456   542   542 I ThermalEngine: [VDD_RSTR_MONITOR-TSENS12]
01-04 09:20:37.456   542   542 I ThermalEngine: #algo_type monitor
01-04 09:20:37.456   542   542 I ThermalEngine: sampling 1000
01-04 09:20:37.456   542   542 I ThermalEngine: sensor tsens_tz_sensor12
01-04 09:20:37.456   542   542 I ThermalEngine: thresholds 5000
01-04 09:20:37.456   542   542 I ThermalEngine: thresholds_clr 10000
01-04 09:20:37.456   542   542 I ThermalEngine: actions vdd_restriction
01-04 09:20:37.456   542   542 I ThermalEngine: action_info 1
01-04 09:20:37.456   542   542 I ThermalEngine: descending
01-04 09:20:37.456   542   542 I ThermalEngine: [VDD_RSTR_MONITOR-TSENS11]
01-04 09:20:37.456   542   542 I ThermalEngine: #algo_type monitor
01-04 09:20:37.456   542   542 I ThermalEngine: sampling 1000
01-04 09:20:37.456   542   542 I ThermalEngine: sensor tsens_tz_sensor11
01-04 09:20:37.456   542   542 I ThermalEngine: thresholds 5000
01-04 09:20:37.456   542   542 I ThermalEngine: thresholds_clr 10000
01-04 09:20:37.456   542   542 I ThermalEngine: actions vdd_restriction
01-04 09:20:37.456   542   542 I ThermalEngine: action_info 1
01-04 09:20:37.456   542   542 I ThermalEngine: descending
01-04 09:20:37.456   542   542 I ThermalEngine: [VDD_RSTR_MONITOR-TSENS10]
01-04 09:20:37.456   542   542 I ThermalEngine: #algo_type monitor
01-04 09:20:37.456   542   542 I ThermalEngine: sampling 1000
01-04 09:20:37.456   542   542 I ThermalEngine: sensor tsens_tz_sensor10
01-04 09:20:37.456   542   542 I ThermalEngine: thresholds 5000
01-04 09:20:37.456   542   542 I ThermalEngine: thresholds_clr 10000
01-04 09:20:37.456   542   542 I ThermalEngine: actions vdd_restriction
01-04 09:20:37.456   542   542 I ThermalEngine: action_info 1
01-04 09:20:37.456   542   542 I ThermalEngine: descending
01-04 09:20:37.456   542   542 I ThermalEngine: [VDD_RSTR_MONITOR-TSENS9]
01-04 09:20:37.456   542   542 I ThermalEngine: #algo_type monitor
01-04 09:20:37.456   542   542 I ThermalEngine: sampling 1000
01-04 09:20:37.456   542   542 I ThermalEngine: sensor tsens_tz_sensor9
01-04 09:20:37.456   542   542 I ThermalEngine: thresholds 5000
01-04 09:20:37.456   542   542 I ThermalEngine: thresholds_clr 10000
01-04 09:20:37.457   542   542 I ThermalEngine: actions vdd_restriction
01-04 09:20:37.457   542   542 I ThermalEngine: action_info 1
01-04 09:20:37.457   542   542 I ThermalEngine: descending
01-04 09:20:37.457   542   542 I ThermalEngine: [VDD_RSTR_MONITOR-TSENS8]
01-04 09:20:37.457   542   542 I ThermalEngine: #algo_type monitor
01-04 09:20:37.457   542   542 I ThermalEngine: sampling 1000
01-04 09:20:37.457   542   542 I ThermalEngine: sensor tsens_tz_sensor8
01-04 09:20:37.457   542   542 I ThermalEngine: thresholds 5000
01-04 09:20:37.457   542   542 I ThermalEngine: thresholds_clr 10000
01-04 09:20:37.457   542   542 I ThermalEngine: actions vdd_restriction
01-04 09:20:37.457   542   542 I ThermalEngine: action_info 1
01-04 09:20:37.457   542   542 I ThermalEngine: descending
01-04 09:20:37.457   542   542 I ThermalEngine: [VDD_RSTR_MONITOR-TSENS7]
01-04 09:20:37.457   542   542 I ThermalEngine: #algo_type monitor
01-04 09:20:37.457   542   542 I ThermalEngine: sampling 1000
01-04 09:20:37.457   542   542 I ThermalEngine: sensor tsens_tz_sensor7
01-04 09:20:37.457   542   542 I ThermalEngine: thresholds 5000
01-04 09:20:37.457   542   542 I ThermalEngine: thresholds_clr 10000
01-04 09:20:37.457   542   542 I ThermalEngine: actions vdd_restriction
01-04 09:20:37.457   542   542 I ThermalEngine: action_info 1
01-04 09:20:37.457   542   542 I ThermalEngine: descending
01-04 09:20:37.457   542   542 I ThermalEngine: [VDD_RSTR_MONITOR-TSENS6]
01-04 09:20:37.457   542   542 I ThermalEngine: #algo_type monitor
01-04 09:20:37.457   542   542 I ThermalEngine: sampling 1000
01-04 09:20:37.457   542   542 I ThermalEngine: sensor tsens_tz_sensor6
01-04 09:20:37.457   542   542 I ThermalEngine: thresholds 5000
01-04 09:20:37.457   542   542 I ThermalEngine: thresholds_clr 10000
01-04 09:20:37.457   542   542 I ThermalEngine: actions vdd_restriction
01-04 09:20:37.457   542   542 I ThermalEngine: action_info 1
01-04 09:20:37.457   542   542 I ThermalEngine: descending
01-04 09:20:37.457   542   542 I ThermalEngine: [VDD_RSTR_MONITOR-TSENS5]
01-04 09:20:37.457   542   542 I ThermalEngine: #algo_type monitor
01-04 09:20:37.457   542   542 I ThermalEngine: sampling 1000
01-04 09:20:37.457   542   542 I ThermalEngine: sensor tsens_tz_sensor5
01-04 09:20:37.457   542   542 I ThermalEngine: thresholds 5000
01-04 09:20:37.457   542   542 I ThermalEngine: thresholds_clr 10000
01-04 09:20:37.457   542   542 I ThermalEngine: actions vdd_restriction
01-04 09:20:37.457   542   542 I ThermalEngine: action_info 1
01-04 09:20:37.457   542   542 I ThermalEngine: descending
01-04 09:20:37.462   511   511 D libEGL  : loaded /vendor/lib64/egl/libGLESv1_CM_adreno.so
01-04 09:20:37.469   511   511 D vndksupport: Loading /vendor/lib64/egl/libGLESv2_adreno.so from current namespace instead of sphal namespace.
01-04 09:20:37.470   511   511 D libEGL  : loaded /vendor/lib64/egl/libGLESv2_adreno.so
01-04 09:20:37.482   580   580 I PerMgrSrv: Adding entry for modem : offTimeout : 500 ackTimeout : 200
01-04 09:20:37.496   511   511 I Adreno  : QUALCOMM build                   : 08cdca0, I5f270ba9bc
01-04 09:20:37.496   511   511 I Adreno  : Build Date                       : 09/18/17
01-04 09:20:37.496   511   511 I Adreno  : OpenGL ES Shader Compiler Version: EV031.20.00.04
01-04 09:20:37.496   511   511 I Adreno  : Local Branch                     : 
01-04 09:20:37.496   511   511 I Adreno  : Remote Branch                    : refs/tags/AU_LINUX_ANDROID_LA.UM.6.5.R1.08.00.00.312.025
01-04 09:20:37.496   511   511 I Adreno  : Remote Branch                    : NONE
01-04 09:20:37.496   511   511 I Adreno  : Reconstruct Branch               : NOTHING
01-04 09:20:37.496   581   581 D QC-time-services: Daemon:genoff_pre_init::Base = 3
01-04 09:20:37.496   581   581 D QC-time-services: Daemon: Storage Name: ats_3 
01-04 09:20:37.496   581   581 D QC-time-services: Daemon:Opening File: /persist/time/ats_3 /data/vendor/time/ats_3
01-04 09:20:37.496   581   581 D QC-time-services: Daemon:time_persistent_memory_opr:Genoff Read operation 
01-04 09:20:37.496   581   581 D QC-time-services: Daemon:Open File: /data/vendor/time/ats_3
01-04 09:20:37.496   581   581 D QC-time-services: Daemon:Unable to open filefor read
01-04 09:20:37.497   581   581 D QC-time-services: Daemon:genoff_post_init:Error in accessing storage
01-04 09:20:37.497   581   581 D QC-time-services: Daemon:genoff_pre_init::Base = 4
01-04 09:20:37.497   581   581 D QC-time-services: Daemon: Storage Name: ats_4 
01-04 09:20:37.497   581   581 D QC-time-services: Daemon:Opening File: /persist/time/ats_4 /data/vendor/time/ats_4
01-04 09:20:37.497   581   581 D QC-time-services: Daemon:time_persistent_memory_opr:Genoff Read operation 
01-04 09:20:37.497   581   581 D QC-time-services: Daemon:Open File: /data/vendor/time/ats_4
01-04 09:20:37.497   581   581 D QC-time-services: Daemon:Unable to open filefor read
01-04 09:20:37.497   581   581 D QC-time-services: Daemon:genoff_post_init:Error in accessing storage
01-04 09:20:37.497   581   581 D QC-time-services: Daemon:genoff_pre_init::Base = 5
01-04 09:20:37.497   581   581 D QC-time-services: Daemon: Storage Name: ats_5 
01-04 09:20:37.497   581   581 D QC-time-services: Daemon:Opening File: /persist/time/ats_5 /data/vendor/time/ats_5
01-04 09:20:37.497   581   581 D QC-time-services: Daemon:time_persistent_memory_opr:Genoff Read operation 
01-04 09:20:37.497   581   581 D QC-time-services: Daemon:Open File: /data/vendor/time/ats_5
01-04 09:20:37.497   581   581 D QC-time-services: Daemon:Unable to open filefor read
01-04 09:20:37.497   581   581 D QC-time-services: Daemon:genoff_post_init:Error in accessing storage
01-04 09:20:37.497   581   581 D QC-time-services: Daemon:genoff_pre_init::Base = 6
01-04 09:20:37.497   581   581 D QC-time-services: Daemon: Storage Name: ats_6 
01-04 09:20:37.497   581   581 D QC-time-services: Daemon:Opening File: /persist/time/ats_6 /data/vendor/time/ats_6
01-04 09:20:37.497   581   581 D QC-time-services: Daemon:time_persistent_memory_opr:Genoff Read operation 
01-04 09:20:37.497   581   581 D QC-time-services: Daemon:Open File: /data/vendor/time/ats_6
01-04 09:20:37.497   581   581 D QC-time-services: Daemon:Unable to open filefor read
01-04 09:20:37.497   581   581 D QC-time-services: Daemon:genoff_post_init:Error in accessing storage
01-04 09:20:37.497   581   581 D QC-time-services: Daemon:genoff_pre_init::Base = 7
01-04 09:20:37.497   581   581 D QC-time-services: Daemon: Storage Name: ats_7 
01-04 09:20:37.497   581   581 D QC-time-services: Daemon:Opening File: /persist/time/ats_7 /data/vendor/time/ats_7
01-04 09:20:37.497   581   581 D QC-time-services: Daemon:time_persistent_memory_opr:Genoff Read operation 
01-04 09:20:37.497   581   581 D QC-time-services: Daemon:Open File: /data/vendor/time/ats_7
01-04 09:20:37.497   581   581 D QC-time-services: Daemon:Unable to open filefor read
01-04 09:20:37.497   581   581 D QC-time-services: Daemon:genoff_post_init:Error in accessing storage
01-04 09:20:37.497   581   581 D QC-time-services: Daemon:genoff_pre_init::Base = 8
01-04 09:20:37.497   581   581 D QC-time-services: Daemon: Storage Name: ats_8 
01-04 09:20:37.497   581   581 D QC-time-services: Daemon:Opening File: /persist/time/ats_8 /data/vendor/time/ats_8
01-04 09:20:37.497   581   581 D QC-time-services: Daemon:time_persistent_memory_opr:Genoff Read operation 
01-04 09:20:37.497   581   581 D QC-time-services: Daemon:Open File: /data/vendor/time/ats_8
01-04 09:20:37.497   581   581 D QC-time-services: Daemon:Unable to open filefor read
01-04 09:20:37.497   581   581 D QC-time-services: Daemon:genoff_post_init:Error in accessing storage
01-04 09:20:37.497   581   581 D QC-time-services: Daemon:genoff_pre_init::Base = 9
01-04 09:20:37.497   581   581 D QC-time-services: Daemon: Storage Name: ats_9 
01-04 09:20:37.497   581   581 D QC-time-services: Daemon:Opening File: /persist/time/ats_9 /data/vendor/time/ats_9
01-04 09:20:37.497   581   581 D QC-time-services: Daemon:time_persistent_memory_opr:Genoff Read operation 
01-04 09:20:37.497   581   581 D QC-time-services: Daemon:Open File: /data/vendor/time/ats_9
01-04 09:20:37.497   581   581 D QC-time-services: Daemon:Unable to open filefor read
01-04 09:20:37.497   581   581 D QC-time-services: Daemon:genoff_post_init:Error in accessing storage
01-04 09:20:37.497   581   581 D QC-time-services: Daemon:genoff_pre_init::Base = 10
01-04 09:20:37.497   581   581 D QC-time-services: Daemon: Storage Name: ats_10 
01-04 09:20:37.497   581   581 D QC-time-services: Daemon:Opening File: /persist/time/ats_10 /data/vendor/time/ats_10
01-04 09:20:37.497   581   581 D QC-time-services: Daemon:time_persistent_memory_opr:Genoff Read operation 
01-04 09:20:37.497   581   581 D QC-time-services: Daemon:Open File: /data/vendor/time/ats_10
01-04 09:20:37.497   581   581 D QC-time-services: Daemon:Unable to open filefor read
01-04 09:20:37.497   581   581 D QC-time-services: Daemon:genoff_post_init:Error in accessing storage
01-04 09:20:37.497   581   581 D QC-time-services: Daemon:genoff_pre_init::Base = 11
01-04 09:20:37.497   581   581 D QC-time-services: Daemon: Storage Name: ats_11 
01-04 09:20:37.497   581   581 D QC-time-services: Daemon:Opening File: /persist/time/ats_11 /data/vendor/time/ats_11
01-04 09:20:37.497   581   581 D QC-time-services: Daemon:time_persistent_memory_opr:Genoff Read operation 
01-04 09:20:37.497   581   581 D QC-time-services: Daemon:Open File: /data/vendor/time/ats_11
01-04 09:20:37.497   581   581 D QC-time-services: Daemon:Unable to open filefor read
01-04 09:20:37.497   581   581 D QC-time-services: Daemon:genoff_post_init:Error in accessing storage
01-04 09:20:37.497   581   581 D QC-time-services: Daemon:genoff_pre_init::Base = 12
01-04 09:20:37.497   581   581 D QC-time-services: Daemon: Storage Name: ats_12 
01-04 09:20:37.497   581   581 D QC-time-services: Daemon:Opening File: /persist/time/ats_12 /data/vendor/time/ats_12
01-04 09:20:37.497   581   581 D QC-time-services: Daemon:time_persistent_memory_opr:Genoff Read operation 
01-04 09:20:37.497   581   581 D QC-time-services: Daemon:Open File: /data/vendor/time/ats_12
01-04 09:20:37.505   581   581 D QC-time-services: Daemon:genoff_pre_init::Base = 13
01-04 09:20:37.505   581   581 D QC-time-services: Daemon: Storage Name: ats_13 
01-04 09:20:37.505   581   581 D QC-time-services: Daemon:Opening File: /persist/time/ats_13 /data/vendor/time/ats_13
01-04 09:20:37.505   581   581 D QC-time-services: Daemon:time_persistent_memory_opr:Genoff Read operation 
01-04 09:20:37.505   581   581 D QC-time-services: Daemon:Open File: /data/vendor/time/ats_13
01-04 09:20:37.512   581   581 D QC-time-services: Daemon:genoff_pre_init::Base = 14
01-04 09:20:37.512   581   581 D QC-time-services: Daemon: Storage Name: ats_14 
01-04 09:20:37.512   581   581 D QC-time-services: Daemon:Opening File: /persist/time/ats_14 /data/vendor/time/ats_14
01-04 09:20:37.512   581   581 D QC-time-services: Daemon:time_persistent_memory_opr:Genoff Read operation 
01-04 09:20:37.513   581   581 D QC-time-services: Daemon:Open File: /data/vendor/time/ats_14
01-04 09:20:37.513   581   581 D QC-time-services: Daemon:Unable to open filefor read
01-04 09:20:37.513   581   581 D QC-time-services: Daemon:genoff_post_init:Error in accessing storage
01-04 09:20:37.513   581   581 D QC-time-services: Daemon:genoff_pre_init::Base = 15
01-04 09:20:37.513   581   581 D QC-time-services: Daemon: Storage Name: ats_15 
01-04 09:20:37.513   581   581 D QC-time-services: Daemon:Opening File: /persist/time/ats_15 /data/vendor/time/ats_15
01-04 09:20:37.513   581   581 D QC-time-services: Daemon:time_persistent_memory_opr:Genoff Read operation 
01-04 09:20:37.513   581   581 D QC-time-services: Daemon:Open File: /data/vendor/time/ats_15
01-04 09:20:37.515   581   581 D QC-time-services: Daemon:genoff_pre_init::Base = 16
01-04 09:20:37.515   581   581 D QC-time-services: Daemon: Storage Name: ats_16 
01-04 09:20:37.515   581   581 D QC-time-services: Daemon:Opening File: /persist/time/ats_16 /data/vendor/time/ats_16
01-04 09:20:37.515   581   581 D QC-time-services: Daemon:time_persistent_memory_opr:Genoff Read operation 
01-04 09:20:37.515   581   581 D QC-time-services: Daemon:Open File: /data/vendor/time/ats_16
01-04 09:20:37.526   581   581 D QC-time-services: Daemon:genoff_init_config: Other bases initilized, exiting genoff_init
01-04 09:20:37.526   581   581 D QC-time-services: Daemon:rtc_get: Time read from RTC -- MM/DD/YY HH:MM:SS0/4/71 7:20:37
01-04 09:20:37.526   581   581 D QC-time-services: Daemon rtc_get: seconds = 31821637
01-04 09:20:37.526   581   581 D QC-time-services: Daemon:Value read from RTC mseconds = 31821637000
01-04 09:20:37.526   581   581 D QC-time-services: Daemon:Value read from QTimer mseconds = 12303
01-04 09:20:37.526   581   581 D QC-time-services: Daemon:genoff_opr: Base = 1, val = 0, operation = 1
01-04 09:20:37.526   581   581 D QC-time-services: Daemon: genoff get for 1
01-04 09:20:37.526   581   581 D QC-time-services: Daemon:Value read from QTimer mseconds = 12303
01-04 09:20:37.526   581   581 D QC-time-services: Daemon:Value read from RTC mseconds on boot = 31821637000
01-04 09:20:37.526   581   581 D QC-time-services: Daemon:Value read from QTimer mseconds = 12303
01-04 09:20:37.526   581   581 D QC-time-services: Daemon:Value read from generic offset = 1483947844562
01-04 09:20:37.526   581   581 D QC-time-services: Daemon:Delta read on boot mseconds = 31821624697
01-04 09:20:37.526   581   581 D QC-time-services: Daemon:Final Time = 1515769481562
01-04 09:20:37.526   581   581 E QC-time-services: Daemon:genoff_boot_tod_init: Updating system time to sec=1515769481, usec=562000
01-12 17:04:41.570   549   549 E QCNEA   : Cne Version 4.9
01-12 17:04:41.570   549   549 E Diag_Lib: diag diag_get_max_file_size size=200,max_file_size=209715200,min_file_size=167772160
01-12 17:04:41.572   639   639 I /system/bin/tombstoned: tombstoned successfully initialized
01-12 17:04:41.581   550   550 E Diag_Lib: diag diag_get_max_file_size size=200,max_file_size=209715200,min_file_size=167772160
01-12 17:04:41.581   550   550 E Diag_Lib:  Diag_LSM_Init: Failed to open handle to diag driver, error = 13
01-12 17:04:41.581   581   684 D QC-time-services: Daemon: Time-services: All initializations done
01-12 17:04:41.581   550   550 I QC-NETMGR-LIB: NetmgrNetdClientInit(): Looking for Netd service
01-12 17:04:41.581   581   684 E QC-time-services: Daemon: Time-services: Waiting to acceptconnection
01-12 17:04:41.581   581   681 D QC-time-services: Daemon:genoff_wlan_qmi_service_request: Initiallizing QMI 
01-12 17:04:41.582   581   681 E QC-time-services: Daemon:genoff_wlan_qmi_service_request: qmi_client_get_service_list returned -2num_services 0
01-12 17:04:41.582   581   682 D QC-time-services: Daemon:genoff_modem_qmi_service_request: Initiallizing QMI 
01-12 17:04:41.582   581   682 E QMI_FW  : QMUXD: WARNING qmi_qmux_if_pwr_up_init failed! rc=-6
01-12 17:04:41.582   581   682 E QC-time-services: Daemon:genoff_modem_qmi_service_request: qmi_client_get_service_list returned -2num_services 0
01-12 17:04:41.586   542   672 I ThermalEngine: vdd_restrict_qmi_request: MODEM req level(0) is recorded and waiting for completing QMI registration
01-12 17:04:41.586   542   672 I ThermalEngine: vdd_restrict_qmi_request: ADSP req level(0) is recorded and waiting for completing QMI registration
01-12 17:04:41.586   542   672 I ThermalEngine: hotplug_ktm_disable_cb: write out 0
01-12 17:04:41.590   643   643 D android.hardware.biometrics.fingerprint@2.1-service: Opening fingerprint hal library...
01-12 17:04:41.602   643   643 D vndksupport: Loading /vendor/lib64/hw/fingerprint.vendor.msm8996.so from current namespace instead of sphal namespace.
01-12 17:04:41.610   643   643 I FingerprintWrapper: loaded vendor module: FPC Fingrprint HAL version 201
01-12 17:04:41.611   643   643 D fpc_fingerprint_hal: fpc_module_open
01-12 17:04:41.611   643   643 D fpc_tac : fpc_tac_init begin
01-12 17:04:41.611   643   643 I fpc_tac : App name length: 8
01-12 17:04:41.611   643   643 I fpc_tac : Max app name length: 34
01-12 17:04:41.611   643   643 I fpc_tac : Application name is: fpctzapp
01-12 17:04:41.611   643   643 D fpc_tac : fpc_tac_init end
01-12 17:04:41.611   643   643 D fpc_tac : fpc_tac_open begin
01-12 17:04:41.611   643   643 I fpc_tac : Application path: /firmware/image
01-12 17:04:41.611   643   643 I fpc_tac : Application name: fpctzapp
01-12 17:04:41.611   643   643 D QSEECOMAPI: QSEECom_get_handle sb_length = 0x800
01-12 17:04:41.614   608   687 D QCALOG  : [location-mq] SRV Socket-Opend
01-12 17:04:41.619   578   578 I LocSvc_HIDL_vendor.qti.gnss@1.0-service: main
01-12 17:04:41.626   569   569 I wificond: wificond is starting up...
01-12 17:04:41.636   638   638 I gatekeeperd: Starting gatekeeperd...
01-12 17:04:41.648   580   580 I PerMgrSrv: Adding entry for slpi : offTimeout : 5000 ackTimeout : 200
01-12 17:04:41.663   555   555 E HAL     : load: module=/vendor/lib/hw/camera.msm8996.so
01-12 17:04:41.663   555   555 E HAL     : dlopen failed: cannot locate symbol "_ZN7android16CameraParameters19CLIENT_PACKAGE_NAMEE" referenced by "/system/vendor/lib/hw/camera.msm8996.so"...
01-12 17:04:41.663   555   555 E CamProvider@2.4-impl: Could not load camera HAL module: -22 (Invalid argument)
01-12 17:04:41.663   555   555 E CamProvider@2.4-impl: HIDL_FETCH_ICameraProvider: camera provider init failed!
01-12 17:04:41.685   577   577 I /vendor/bin/hw/android.hardware.media.omx@1.0-service: mediacodecservice starting
01-12 17:04:41.709   690   690 E PerMgrProxy: Starting pm-proxy service
01-12 17:04:41.710   690   690 I PerMgrProxy: Found internal modem
01-12 17:04:41.730   561   561 V MediaUtils: physMem: 5981818880
01-12 17:04:41.730   561   561 V MediaUtils: requested limit: 1196363760
01-12 17:04:41.730   561   561 V MediaUtils: cfi shadow size: 2147483648
01-12 17:04:41.730   561   561 V MediaUtils: actual limit: 3343847408
01-12 17:04:41.730   561   561 V MediaUtils: original limits: -1/-1
01-12 17:04:41.730   561   561 V MediaUtils: new limits: 3343847408/-1
01-12 17:04:41.730   561   561 D vndksupport: Loading libutils.so from current namespace instead of sphal namespace.
01-12 17:04:41.742   693   693 E Diag_Lib: diag diag_get_max_file_size size=200,max_file_size=209715200,min_file_size=167772160
01-12 17:04:41.745   561   561 W /system/bin/mediaextractor: libminijail[561]: allowing syscall: connect
01-12 17:04:41.745   561   561 W /system/bin/mediaextractor: libminijail[561]: allowing syscall: fcntl
01-12 17:04:41.745   561   561 W /system/bin/mediaextractor: libminijail[561]: allowing syscall: sendto
01-12 17:04:41.745   561   561 W /system/bin/mediaextractor: libminijail[561]: allowing syscall: socket
01-12 17:04:41.745   561   561 W /system/bin/mediaextractor: libminijail[561]: allowing syscall: writev
01-12 17:04:41.745   691   691 D LocSvc_LBSProxy: checkIfLocationExtendedClientExists] File does not Exist
01-12 17:04:41.745   561   561 W /system/bin/mediaextractor: libminijail[561]: compile_file: nonexistent syscall '_llseek'
01-12 17:04:41.745   561   561 W /system/bin/mediaextractor: libminijail[561]: logging seccomp filter failures
01-12 17:04:41.751   693   693 E Diag_Lib: qpLogDiagInit <== result : 1
01-12 17:04:41.752   693   693 E Diag_Lib: DATAD : gIsQXDMDisabled 0, gIsADBDisabled 1, gIsDebugDisabled 0, gIsIMSLogsDisabled 0
01-12 17:04:41.752   693   693 E Diag_Lib: [IMS_DataD] imsdatad.c | 5723 | | 693 |DATAD#$$#0#DATAD STARTED
01-12 17:04:41.752   693   693 E Diag_Lib: diag diag_get_max_file_size size=200,max_file_size=209715200,min_file_size=167772160
01-12 17:04:41.752   693   693 E Diag_Lib: diag diag_get_max_file_size size=200,max_file_size=209715200,min_file_size=167772160
01-12 17:04:41.753   691   698 E QMI_FW  : QMUXD: WARNING qmi_qmux_if_pwr_up_init failed! rc=-6
01-12 17:04:41.761   693   693 E Diag_Lib: diag diag_get_max_file_size size=200,max_file_size=209715200,min_file_size=167772160
01-12 17:04:41.767   693   693 E QMI_FW  : QMUXD: WARNING qmi_qmux_if_pwr_up_init failed! rc=-6
01-12 17:04:41.806   707   707 E MSM-irqbalance: WARNING: Cannot find matching virq for hwirq(3).
01-12 17:04:41.807   707   707 E MSM-irqbalance: WARNING: Cannot find matching virq for hwirq(5).
01-12 17:04:41.812   707   707 E MSM-irqbalance: WARNING: Cannot find matching virq for hwirq(76).
01-12 17:04:41.813   707   707 E MSM-irqbalance: WARNING: Cannot find matching virq for hwirq(156).
01-12 17:04:41.813   707   707 E MSM-irqbalance: WARNING: Cannot find matching virq for hwirq(171).
01-12 17:04:41.813   707   707 I MSM-irqbalance: msm-irq_balance (1.3) initialized
01-12 17:04:41.814   707   707 I MSM-irqbalance: Configuration
01-12 17:04:41.814   707   707 I MSM-irqbalance: Rate: 0.2 Hz
01-12 17:04:41.814   707   707 I MSM-irqbalance: Decay Factor: 75.0
01-12 17:04:41.814   707   707 I MSM-irqbalance: Balancing Factor: 0.1
01-12 17:04:41.814   707   707 I MSM-irqbalance: Debug Log: OFF
01-12 17:04:41.814   707   707 I MSM-irqbalance: Cfg file: /system/vendor/etc/msm_irqbalance.conf
01-12 17:04:41.814   707   707 I MSM-irqbalance: CPU PRIO: CPU0: 1 CPU1: 1 CPU2: 0 CPU3: 0 
01-12 17:04:41.814   707   707 I MSM-irqbalance: Ignored IRQs: 3 5 74 
01-12 17:04:41.831   538   572 I adbd    : functionfs successfully initialized
01-12 17:04:41.831   538   572 I adbd    : registering usb transport
01-12 17:04:41.838   554   554 I FastMixerState: sMaxFastTracks = 8
01-12 17:04:41.858   553   553 E Diag_Lib: diag diag_get_max_file_size size=200,max_file_size=209715200,min_file_size=167772160
01-12 17:04:41.862   551   551 E Diag_Lib: diag diag_get_max_file_size size=200,max_file_size=209715200,min_file_size=167772160
01-12 17:04:41.948   643   643 D QSEECOMAPI: App is not loaded in QSEE
01-12 17:04:41.951   643   643 D QSEECOMAPI: app_arch = 1, total_files = 8
01-12 17:04:41.956   660   660 D QSEECOMD: : Init rpmb_start ret = 0
01-12 17:04:41.956   660   660 D QSEECOMD: : RPMB system services: Started (Listener ID = 8192)
01-12 17:04:41.956   660   660 E QSEECOMD: : Listener: index = 1, hierarchy = 1
01-12 17:04:41.956   660   660 D QSEECOMD: : Init dlopen(libssd.so, RTLD_NOW) succeeds
01-12 17:04:41.956   660   660 D QSEECOMD: : Init::Init dlsym(g_FSHandle ssd_start) succeeds
01-12 17:04:41.956   660   660 D QSEECOMAPI: QSEECom_register_listener 12288 sb_length = 0x5000
01-12 17:04:41.956   544   544 D /system/vendor/bin/adsprpcd: vendor/qcom/proprietary/adsprpc/src/fastrpc_apps_user.c:1124: Error 57: apps_dev_init failed. domain 0, errno Operation not permitted
01-12 17:04:41.956   544   544 D /system/vendor/bin/adsprpcd: vendor/qcom/proprietary/adsprpc/src/fastrpc_apps_user.c:1207: Error 57: open dev -1 for domain 0 failed
01-12 17:04:41.962   544   544 D /system/vendor/bin/adsprpcd: vendor/qcom/proprietary/adsprpc/src/fastrpc_apps_user.c:1124: Error 57: apps_dev_init failed. domain 0, errno Operation not permitted
01-12 17:04:41.962   544   544 D /system/vendor/bin/adsprpcd: vendor/qcom/proprietary/adsprpc/src/fastrpc_apps_user.c:1207: Error 57: open dev -1 for domain 0 failed
01-12 17:04:41.962   544   544 D /system/vendor/bin/adsprpcd: vendor/qcom/proprietary/adsprpc/src/fastrpc_apps_user.c:651: Error 3b: remote handle invoke failed. domain 0, handle ffffffff, sc 0, pra 0x0
01-12 17:04:41.962   544   544 E /system/vendor/bin/adsprpcd: vendor/qcom/proprietary/adsprpc/src/adsprpcd.c:43:adsp daemon will restart after 25ms...
01-12 17:04:41.966   707   707 E MSM-irqbalance: __set_smp_affinity: Unable to open /proc/irq/263/smp_affinity
01-12 17:04:41.966   707   707 E MSM-irqbalance: get_smp_affinity: Unable to open /proc/irq/263/smp_affinity
01-12 17:04:41.966   707   707 E MSM-irqbalance: Unable to set SMP affinity
01-12 17:04:41.968   511   511 D vndksupport: Loading /vendor/lib64/hw/gralloc.msm8996.so from current namespace instead of sphal namespace.
01-12 17:04:41.969   560   560 I mediaserver: ServiceManager: 0xf0398900
01-12 17:04:41.971   540   540 I Dpps    : GetInstance: DppsServer ref count increased to 1
01-12 17:04:41.972   578   578 D vndksupport: Loading /vendor/lib64/hw/android.hardware.gnss@1.0-impl-qti.so from current namespace instead of sphal namespace.
01-12 17:04:41.972   660   660 D QSEECOMD: : Init ssd_start ret = 0
01-12 17:04:41.972   660   660 D QSEECOMD: : SSD system services: Started (Listener ID = 12288)
01-12 17:04:41.973   660   660 E QSEECOMD: : Listener: index = 2, hierarchy = 1
01-12 17:04:41.973   660   660 D QSEECOMD: : Init dlopen(libsecureui.so, RTLD_NOW) succeeds
01-12 17:04:41.973   660   660 D QSEECOMD: : Init::Init dlsym(g_FSHandle secure_ui_start) succeeds
01-12 17:04:41.973   660   660 D QSEECOMAPI: QSEECom_register_listener 16384 sb_length = 0x10a8
01-12 17:04:41.980   540   540 I Dpps    : AbaContext():18 ABA context instantiation
01-12 17:04:41.980   540   540 I Dpps    : AmbientLightContext():16 AL context instantiation
01-12 17:04:41.980   540   540 I Dpps    : InitFeatureContext():93 Initialize feature context
01-12 17:04:41.980   540   540 I Dpps    : InitContext():84 display fd 6 histogram bins 256  components 1 Lut size 256 panel 1 sensor type 3
01-12 17:04:41.980   540   540 I Dpps    : OpenCommonSysfsFds():352 lcd_bl_event_fd_ is 7
01-12 17:04:41.980   540   540 I Dpps    : OpenCommonSysfsFds():361 blank_event_fd_ is 9
01-12 17:04:41.980   540   540 I Dpps    : OpenCommonSysfsFds():369 lcd_brightness_fd_ is 10
01-12 17:04:41.980   540   540 I Dpps    : InitContext():112 hist_sysfs_fd_ is 11
01-12 17:04:41.980   540   540 I Dpps    : InitContext():185 Context Initialization successfull
01-12 17:04:41.981   540   540 I Dpps    : CreateAbaThread():58 Create ABA thread
01-12 17:04:41.981   540   540 I Dpps    : CreateAbaThread():81 Create ABA thread done ret 0
01-12 17:04:41.981   540   540 I Dpps    : InitContext():71 display_fd 6, panel 1, sensor type 3 display_type 0
01-12 17:04:41.981   540   540 I Dpps    : Open():59 display node path /dev/graphics/fb0
01-12 17:04:41.981   540   540 E Dpps    : SetParams():128 unhandled param_type 16
01-12 17:04:41.981   540   540 I Dpps    : SetupPollFd():222 opening the sysfs node sys/class/graphics/fb0/show_blank_event, index 1
01-12 17:04:41.981   540   540 I Dpps    : SetupPollFd():222 opening the sysfs node sys/class/graphics/fb0/ad_bl_event, index 2
