01-07 03:59:36.605  2247  2263 D SubscriptionController: [getActiveSubInfoList] Sub Controller not ready
01-07 03:59:36.606  2940  2961 W MessagingApp: PhoneUtils.getSelfRawNumber: subInfo is null for -1
01-07 03:59:36.607  2940  2961 W MessagingApp: PhoneUtils.getForLMR1(): invalid subId = -1
01-07 03:59:36.622   991  1066 E ThermalEngine: ACTION: CLUSTER - Setting CLUSTER[1] to 1824000
01-07 03:59:36.627  2446  2446 I auditd  : type=1400 audit(0.0:964): avc: denied { ioctl } for comm="RenderThread" path="/dev/kgsl-3d0" dev="tmpfs" ino=11864 ioctlcmd=93d scontext=u:r:platform_app:s0:c512,c768 tcontext=u:object_r:device:s0 tclass=chr_file permissive=1
--
01-07 03:59:47.038  3068  3068 I BluetoothAdapterService: Force exit to cleanup internal state in Bluetooth stack
01-07 03:59:47.040  3068  3068 I com.android.bluetooth: System.exit called, status: 0
01-07 03:59:47.040  3068  3068 I AndroidRuntime: VM exiting with result code 0, cleanup skipped.
01-07 03:59:47.065  1384  2616 I ActivityManager: Process com.android.bluetooth (pid 3068) has died: fore SVC 
01-07 03:59:47.065  1384  2616 I am_proc_died: [0,3068,com.android.bluetooth,0,11]
01-07 03:59:47.066  1384  2616 I am_uid_stopped: 1002
01-07 03:59:47.071  1384  1405 I dvm_lock_sample: [system_server,1,android.ui,6,ActivityManagerService.java,4342,-,1642,1]
01-07 03:59:48.825  2102  2102 I sysui_multi_action: [757,925,758,4,759,115,927,7,928,0]
01-07 03:59:48.837  2102  2360 D DataUsageController: setMobileDataEnabled: enabled=true
01-07 03:59:48.839  2102  2360 D TelephonyManager: setDataEnabled: enabled=true
01-07 03:59:48.845  2247  2461 E PhoneInterfaceManager: [PhoneIntfMgr] setDataEnabled: no phone for subId=-1
01-07 03:59:49.037   991  1064 E ThermalEngine: [BMHB_GOV] read failed VS_TEMP
01-07 03:59:49.077  3013  3030 E QcrilMsgTunnelSocket: IOException - java.io.IOException: No such file or directory Reason: No such file or directory
01-07 03:59:49.077  3013  3030 I QcrilMsgTunnelSocket: Couldn't find 'qmux_radio/rild_oem0' socket; retrying after timeout
01-07 03:59:49.949  2102  2102 I sysui_multi_action: [757,925,758,4,759,112,927,8,928,0]
01-07 03:59:49.950  2102  2360 I sysui_action: [112,true]
01-07 03:59:49.950  2102  2360 I sysui_multi_action: [757,112,758,4,759,1]
01-07 03:59:49.956  1384  1384 D BluetoothManagerService: Bluetooth persisted state: 0
01-07 03:59:49.956  1384  1384 D BluetoothManagerService: Airplane Mode change - current state:  OFF
01-07 03:59:49.970  2247  2247 I PhoneApp: Turning radio off - airplane
01-07 03:59:49.986  2247  2247 D SST     : mDeviceShuttingDown=false, mDesiredPowerState=false, getRadioState=RADIO_UNAVAILABLE, mPowerOffDelayNeed=true, mAlarmSwitch=false, mRadioDisabledByCarrier=false
01-07 03:59:49.987  2247  2247 D CarrierActionAgent: [0]CARRIER_ACTION_RESET
01-07 03:59:49.990  2247  2247 D CarrierSignalAgent: [0]Sending signal com.android.internal.telephony.CARRIER_SIGNAL_RESET to the carrier signal receiver: ComponentInfo{com.android.carrierdefaultapp/com.android.carrierdefaultapp.CarrierDefaultBroadcastReceiver}
01-07 03:59:49.990  2247  2247 D CarrierActionAgent: [0]SET_METERED_APNS_ENABLED: true
01-07 03:59:49.990  2247  2247 D CarrierActionAgent: [0]SET_RADIO_ENABLED: true
01-07 03:59:49.991  2247  2247 D SST     : EVENT_RADIO_POWER_FROM_CARRIER: true
01-07 03:59:49.991  2247  2247 D SST     : mDeviceShuttingDown=false, mDesiredPowerState=false, getRadioState=RADIO_UNAVAILABLE, mPowerOffDelayNeed=true, mAlarmSwitch=false, mRadioDisabledByCarrier=false
01-07 03:59:49.991  1384  1399 I am_uid_running: 10034
01-07 03:59:49.994  2102  2107 I zygote64: Do full code cache collection, code=252KB, data=164KB
01-07 03:59:49.997  2102  2107 I zygote64: After code cache collection, code=218KB, data=129KB
01-07 03:59:50.005  2247  2261 D SubscriptionController: [getSlotIndex]- subId invalid
01-07 03:59:50.013  1384  1399 I am_proc_start: [0,3144,10034,com.android.carrierdefaultapp,broadcast,com.android.carrierdefaultapp/.CarrierDefaultBroadcastReceiver]
01-07 03:59:50.013  1384  1399 I ActivityManager: Start proc 3144:com.android.carrierdefaultapp/u0a34 for broadcast com.android.carrierdefaultapp/.CarrierDefaultBroadcastReceiver
01-07 03:59:50.013  1384  1405 I dvm_lock_sample: [system_server,1,android.ui,22,ActivityManagerService.java,4342,BroadcastQueue.java,821,4]
01-07 03:59:50.024  1384  2359 I am_proc_bound: [0,3144,com.android.carrierdefaultapp]
01-07 03:59:50.065  3144  3144 D CarrierDefaultBroadcastReceiver: onReceive intent: com.android.internal.telephony.CARRIER_SIGNAL_RESET
01-07 03:59:50.079  3144  3144 D CarrierDefaultBroadcastReceiver: apply carrier action idx: 6
01-07 03:59:50.079  3144  3144 D CarrierActionUtils: onCancelAllNotifications
01-07 03:59:50.082  1384  1384 I notification_cancel_all: [10034,3144,com.android.carrierdefaultapp,0,0,64,9,NULL]
01-07 03:59:50.085  1384  1398 I am_pss  : [2088,10052,com.android.inputmethod.latin,9757696,7090176,0]
01-07 03:59:50.159  1252  1252 I auditd  : type=1400 audit(0.0:989): avc: denied { ioctl } for comm="surfaceflinger" path="/dev/kgsl-3d0" dev="tmpfs" ino=11864 ioctlcmd=933 scontext=u:r:surfaceflinger:s0 tcontext=u:object_r:device:s0 tclass=chr_file permissive=1
01-07 03:59:50.159  1252  1252 I surfaceflinger: type=1400 audit(0.0:989): avc: denied { ioctl } for path="/dev/kgsl-3d0" dev="tmpfs" ino=11864 ioctlcmd=933 scontext=u:r:surfaceflinger:s0 tcontext=u:object_r:device:s0 tclass=chr_file permissive=1
01-07 03:59:50.296  3160  3160 E ANDR-PERF-MPCTL: Unable to create control service (stage=1, rc=0)
01-07 03:59:50.296  3160  3160 W libc    : invalid pthread_t (0) passed to libc
01-07 03:59:50.008  2247  2261 D SubscriptionController: [getSlotIndex]- subId invalid
01-07 03:59:50.349  2247  2247 D RILJ    : handleMessage: EVENT_RADIO_PROXY_DEAD cookie = 19 mRadioProxyCookie = 20 [SUB0]
01-07 03:59:50.350  2247  2247 D RILJ    : handleMessage: EVENT_RADIO_PROXY_DEAD cookie = 20 mRadioProxyCookie = 20 [SUB0]
01-07 03:59:50.350  2247  2247 I com.android.phone: Looking for service android.hardware.radio@1.0::IRadio/slot1
01-07 03:59:50.355  2247  2247 E RILJ    : RadioProxy getService/setResponseFunctions: java.util.NoSuchElementException [SUB0]
01-07 03:59:50.355  2247  2247 I com.android.phone: Looking for service android.hardware.radio.deprecated@1.0::IOemHook/slot1
01-07 03:59:50.361  2247  2247 E RILJ    : OemHookProxy getService/setResponseFunctions: java.util.NoSuchElementException [SUB0]
01-07 03:59:51.007  1384  1399 I ActivityManager: Waited long enough for: ServiceRecord{5963774 u0 com.android.calendar/.alerts.InitAlarmsService}
01-07 03:59:51.370  2102  2102 I sysui_multi_action: [757,925,758,4,759,112,927,8,928,1]
01-07 03:59:51.370  2102  2360 I sysui_action: [112,false]
01-07 03:59:51.370  2102  2360 I sysui_multi_action: [757,112,758,4,759,0]
01-07 03:59:51.373  1384  1384 D BluetoothManagerService: Bluetooth persisted state: 0
01-07 03:59:51.373  1384  1384 D BluetoothManagerService: Airplane Mode change - current state:  OFF
01-07 03:59:51.377  2247  2247 I PhoneApp: Turning radio on - airplane
01-07 03:59:51.381  2247  2261 D SubscriptionController: [getPhoneId] asked for default subId=-1
01-07 03:59:51.385  2247  2247 D SST     : mDeviceShuttingDown=false, mDesiredPowerState=true, getRadioState=RADIO_UNAVAILABLE, mPowerOffDelayNeed=true, mAlarmSwitch=false, mRadioDisabledByCarrier=false
01-07 03:59:51.387  2247  2263 D SST     : SST.getAllCellInfo(): not implemented
01-07 03:59:51.387  2247  2263 D SST     : SST.getAllCellInfo(): X size=0 list=null
01-07 03:59:51.396  2571  2713 I chatty  : uid=1027(nfc) com.android.nfc expire 1 line
01-07 03:59:51.399  2247  2261 D SubscriptionController: [getSlotIndex]- subId invalid
01-07 03:59:51.487  1252  1252 I auditd  : type=1400 audit(0.0:990): avc: denied { read write } for comm="surfaceflinger" path="/dev/kgsl-3d0" dev="tmpfs" ino=11864 scontext=u:r:surfaceflinger:s0 tcontext=u:object_r:device:s0 tclass=chr_file permissive=1
01-07 03:59:51.487  1252  1252 I surfaceflinger: type=1400 audit(0.0:990): avc: denied { read write } for path="/dev/kgsl-3d0" dev="tmpfs" ino=11864 scontext=u:r:surfaceflinger:s0 tcontext=u:object_r:device:s0 tclass=chr_file permissive=1
01-07 03:59:51.917  3164  3164 I chatty  : uid=1027(nfc) /vendor/bin/hw/android.hardware.nfc@1.0-service expire 3 lines
01-07 03:59:52.058  1384  1399 I ActivityManager: Waited long enough for: ServiceRecord{29bd26e u0 com.qualcomm.qcrilmsgtunnel/.QcrilMsgTunnelService}
01-07 03:59:52.397  2571  2713 I chatty  : uid=1027(nfc) com.android.nfc expire 5 lines
01-07 03:59:52.712  2102  2102 I sysui_action: [406,]
01-07 03:59:52.712  2102  2102 I sysui_multi_action: [757,406,758,4]
01-07 03:59:52.721  1384  2183 I ActivityManager: START u0 {act=android.settings.SETTINGS flg=0x14000000 cmp=com.android.settings/.Settings} from uid 10025
01-07 03:59:52.722  1384  2183 I wm_stack_created: 1
01-07 03:59:52.723  1384  2183 I wm_task_created: [8,1]
01-07 03:59:52.724  1384  2183 I wm_task_moved: [8,1,0]
01-07 03:59:52.726  1384  2183 I am_focused_stack: [0,1,0,reuseOrNewTask]
01-07 03:59:52.726  1384  2183 I wm_task_moved: [8,1,0]
01-07 03:59:52.727  1384  2183 I am_create_task: [0,8]
01-07 03:59:52.727  1384  2183 I am_create_activity: [0,218133310,8,com.android.settings/.Settings,android.settings.SETTINGS,NULL,NULL,335544320]
01-07 03:59:52.727  1384  2183 I wm_task_moved: [8,1,0]
--
01-07 04:00:01.756   991  1066 E ThermalEngine: ACTION: CLUSTER - Setting CLUSTER[1] to 1632000
01-07 04:00:01.786   991  1066 E ThermalEngine: ACTION: CLUSTER - Setting CLUSTER[1] to 1536000
01-07 04:00:01.817   991  1066 E ThermalEngine: ACTION: CLUSTER - Setting CLUSTER[1] to 1440000
01-07 04:00:01.848   991  1066 E ThermalEngine: ACTION: CLUSTER - Setting CLUSTER[1] to 1536000
01-07 04:00:01.866   991  1066 E ThermalEngine: ACTION: CLUSTER - Setting CLUSTER[1] to 1824000
01-07 04:00:01.918  3226  3226 I chatty  : uid=1027(nfc) expire 3 lines
01-07 04:00:02.101  2309  2309 I sysui_count: [DisplaySettings/auto_brightness|true,1]
01-07 04:00:02.101  2309  2309 I sysui_multi_action: [757,803,799,DisplaySettings/auto_brightness|true,802,1]
01-07 04:00:02.101  2309  2309 I sysui_multi_action: [757,853,758,4,806,,854,DisplaySettings/auto_brightness,855,true]
01-07 04:00:02.102  1384  1419 I chatty  : uid=1000(system) PowerManagerSer expire 1 line
01-07 04:00:02.566  2247  2247 D RILJ    : handleMessage: EVENT_RADIO_PROXY_DEAD cookie = 28 mRadioProxyCookie = 28 [SUB0]
01-07 04:00:02.566  2247  2247 I com.android.phone: Looking for service android.hardware.radio@1.0::IRadio/slot1
01-07 04:00:02.570  2247  2247 E RILJ    : RadioProxy getService/setResponseFunctions: java.util.NoSuchElementException [SUB0]
01-07 04:00:02.570  2247  2247 I com.android.phone: Looking for service android.hardware.radio.deprecated@1.0::IOemHook/slot1
01-07 04:00:02.572  2247  2247 E RILJ    : OemHookProxy getService/setResponseFunctions: java.util.NoSuchElementException [SUB0]
01-07 04:00:03.217  1384  2054 I chatty  : uid=1000(system) InputReader expire 1 line
01-07 04:00:03.225  1384  1398 I chatty  : uid=1000(system) android.bg expire 7 lines
01-07 04:00:03.227  2571  2571 I chatty  : uid=1027(nfc) com.android.nfc expire 1 line
01-07 04:00:03.229  1384  1384 I Telecom : DefaultDialerCache: Refreshing default dialer for user 0: now com.android.dialer: DDC.oR@ABY
01-07 04:00:03.232  2309  3169 W TileUtils: Found com.android.settings.backup.BackupSettingsActivity for intent Intent { act=com.android.settings.action.SETTINGS pkg=com.android.settings } missing metadata com.android.settings.category
01-07 04:00:03.252  2247  2247 E PhoneInterfaceManager: [PhoneIntfMgr] getCarrierPackageNamesForIntent: No UICC
01-07 04:00:03.252  2247  2247 D CarrierSvcBindHelper: No carrier app for: 0
01-07 04:00:03.252  2247  2247 D ImsResolver: maybeAddedImsService, packageName: com.android.settings
01-07 04:00:03.276  1384  1398 W VoiceInteractionManagerService: no available voice interaction services found for user 0
01-07 04:00:03.959  2309  2309 I sysui_multi_action: [757,830,758,4,806,com.android.intent.action.SHOW_BRIGHTNESS_DIALOG,833,46]
01-07 04:00:03.960  1384  2183 I ActivityManager: START u0 {act=com.android.intent.action.SHOW_BRIGHTNESS_DIALOG cmp=com.android.systemui/.settings.BrightnessDialog} from uid 1000
01-07 04:00:03.968  1384  2183 I wm_task_created: [10,1]
01-07 04:00:03.968  1384  2183 I wm_task_moved: [10,1,1]
01-07 04:00:03.969  1384  2183 I wm_task_moved: [10,1,1]
01-07 04:00:03.969  1384  2183 I am_create_task: [0,10]
01-07 04:00:03.970  1384  2183 I am_create_activity: [0,19820093,10,com.android.systemui/.settings.BrightnessDialog,com.android.intent.action.SHOW_BRIGHTNESS_DIALOG,NULL,NULL,276824064]
01-07 04:00:03.970  1384  2183 I wm_task_moved: [10,1,1]
01-07 04:00:03.973  1384  2183 I am_pause_activity: [0,110974915,com.android.settings/.Settings$DisplaySettingsActivity]
01-07 04:00:03.982  2309  2309 I sysui_view_visibility: [46,0]
01-07 04:00:03.982  2309  2309 I sysui_multi_action: [757,46,758,2]
01-07 04:00:03.991  2309  2309 I am_on_paused_called: [0,com.android.settings.Settings$DisplaySettingsActivity,handlePauseActivity]
01-07 04:00:03.997  1384  2359 I am_restart_activity: [0,19820093,10,com.android.systemui/.settings.BrightnessDialog]
01-07 04:00:04.000  1384  2359 I am_set_resumed_activity: [0,com.android.systemui/.settings.BrightnessDialog,minimalResumeActivityLocked]
01-07 04:00:04.006  1384  1399 I sysui_count: [window_time_0,3]
01-07 04:00:04.006  1384  1399 I sysui_multi_action: [757,803,799,window_time_0,802,3]
01-07 04:00:04.040   991  1064 E ThermalEngine: [BMHB_GOV] read failed VS_TEMP
01-07 04:00:04.058  2102  2102 I sysui_view_visibility: [220,100]
--
01-07 04:03:18.589     0     0 W [  251.509412 / 01-07 04:03:18.583][3] pc: [<00000000004d586c>] lr : [<00000000004f2f7c>] pstate: 80000000
01-07 04:03:18.589     0     0 W [  251.509430 / 01-07 04:03:18.583][3] sp: 0000007fcc0406e0
01-07 04:03:18.589     0     0 W [  251.509449 / 01-07 04:03:18.583][3] x29: 0000007fcc0407d0 x28: ffffff8033fbe61e
01-07 04:03:18.589     0     0 W [  251.509475 / 01-07 04:03:18.583][3] x27: 000000000000003e x26: 0000000084210843
01-07 04:03:18.589     0     0 W [  251.509499 / 01-07 04:03:18.583][3] x25: 0000007fcc0406e8 x24: 000000007fffffff
01-07 04:03:18.589     0     0 W [  251.509522 / 01-07 04:03:18.583][3] x23: 0000007fcc0419dd x22: 000000000000000b
01-07 04:03:18.589     0     0 W [  251.509545 / 01-07 04:03:18.583][3] x21: 0000000000000028 x20: 0000007fcc0407e0
01-07 04:03:18.589     0     0 W [  251.509568 / 01-07 04:03:18.583][3] x19: 000000000057ba88 x18: 00000000cd1b3108
01-07 04:03:18.589     0     0 W [  251.509592 / 01-07 04:03:18.583][3] x17: 0000000017a54bbb x16: 0000000000000000
01-07 04:03:18.589     0     0 W [  251.509614 / 01-07 04:03:18.583][3] x15: 0000000000000000 x14: 00000000005450a4
01-07 04:03:18.589     0     0 W [  251.509637 / 01-07 04:03:18.583][3] x13: 0000007fcc040990 x12: 0000000000544d48
01-07 04:03:18.589     0     0 W [  251.509659 / 01-07 04:03:18.583][3] x11: 000000000000000e x10: 0000000000000000
01-07 04:03:18.589     0     0 W [  251.509681 / 01-07 04:03:18.583][3] x9: 0000000000000000 x8 : 0000000000000116
01-07 04:03:18.589     0     0 W [  251.509946 / 01-07 04:03:18.583][3] x7: ffffffffffffffff x6 : fefefe7ffefefec7
01-07 04:03:18.589     0     0 W [  251.509973 / 01-07 04:03:18.583][3] x5: fefefe7ffefefec7 x4 : 0000000000000020
01-07 04:03:18.589     0     0 W [  251.509995 / 01-07 04:03:18.583][3] x3: 0000000000000018 x2 : 0000000000000001
01-07 04:03:18.589     0     0 W [  251.510017 / 01-07 04:03:18.583][3] x1: 0000000000000028 x0 : 0000007fcc0407e0
01-07 04:03:18.589     0     0 W         : [  251.510038 / 01-07 04:03:18.583][3]
01-07 04:03:18.590  2102  2102 I zygote64: Deoptimizing void com.android.systemui.qs.tileimpl.QSIconViewImpl.updateIcon(android.widget.ImageView, com.android.systemui.plugins.qs.QSTile$State) due to JIT inline cache
01-07 04:03:18.593  2247  2461 D SubscriptionController: [getSlotIndex]- subId invalid
01-07 04:03:18.594  2247  2247 D SST     : mDeviceShuttingDown=false, mDesiredPowerState=false, getRadioState=RADIO_UNAVAILABLE, mPowerOffDelayNeed=true, mAlarmSwitch=false, mRadioDisabledByCarrier=false
01-07 04:03:18.595  2247  2247 D CarrierActionAgent: [0]CARRIER_ACTION_RESET
01-07 04:03:18.599  2247  2247 D CarrierSignalAgent: [0]Sending signal com.android.internal.telephony.CARRIER_SIGNAL_RESET to the carrier signal receiver: ComponentInfo{com.android.carrierdefaultapp/com.android.carrierdefaultapp.CarrierDefaultBroadcastReceiver}
01-07 04:03:18.599  2247  2247 D CarrierActionAgent: [0]SET_METERED_APNS_ENABLED: true
01-07 04:03:18.601  2247  2247 D CarrierActionAgent: [0]SET_RADIO_ENABLED: true
01-07 04:03:18.602  2247  2247 D SST     : EVENT_RADIO_POWER_FROM_CARRIER: true
01-07 04:03:18.602  2247  2247 D SST     : mDeviceShuttingDown=false, mDesiredPowerState=false, getRadioState=RADIO_UNAVAILABLE, mPowerOffDelayNeed=true, mAlarmSwitch=false, mRadioDisabledByCarrier=false
01-07 04:03:18.604  3144  3144 D CarrierDefaultBroadcastReceiver: onReceive intent: com.android.internal.telephony.CARRIER_SIGNAL_RESET
01-07 04:03:18.607  2247  2461 D SubscriptionController: [getSlotIndex]- subId invalid
01-07 04:03:18.614  3144  3144 D CarrierDefaultBroadcastReceiver: apply carrier action idx: 6
01-07 04:03:18.614  3144  3144 D CarrierActionUtils: onCancelAllNotifications
01-07 04:03:18.619  1384  1384 I notification_cancel_all: [10034,3144,com.android.carrierdefaultapp,0,0,64,9,NULL]
01-07 04:03:19.053  2247  2247 D RILJ    : handleMessage: EVENT_RADIO_PROXY_DEAD cookie = 174 mRadioProxyCookie = 175 [SUB0]
01-07 04:03:19.058  2247  2247 D RILJ    : handleMessage: EVENT_RADIO_PROXY_DEAD cookie = 175 mRadioProxyCookie = 175 [SUB0]
01-07 04:03:19.058  2247  2247 I com.android.phone: Looking for service android.hardware.radio@1.0::IRadio/slot1
01-07 04:03:19.063  2247  2247 E RILJ    : RadioProxy getService/setResponseFunctions: java.util.NoSuchElementException [SUB0]
01-07 04:03:19.063  2247  2247 I com.android.phone: Looking for service android.hardware.radio.deprecated@1.0::IOemHook/slot1
01-07 04:03:19.066  2247  2247 E RILJ    : OemHookProxy getService/setResponseFunctions: java.util.NoSuchElementException [SUB0]
01-07 04:03:19.081   991  1064 E ThermalEngine: [BMHB_GOV] read failed VS_TEMP
01-07 04:03:19.301     0     0 I [  252.219411 / 01-07 04:03:19.295][0] SMBCHG: usbin_uv_handler: chip->usb_present = 1 usb_present = 1
01-07 04:03:19.301     0     0 I [  252.219678 / 01-07 04:03:19.295][1] SMBCHG: power_ok_handler: triggered: 0x00
01-07 04:03:19.321     0     0 I [  252.239748 / 01-07 04:03:19.315][0] SMBCHG: usbin_uv_handler: chip->usb_present = 1 usb_present = 1
01-07 04:03:19.321     0     0 I [  252.240155 / 01-07 04:03:19.315][1] SMBCHG: power_ok_handler: triggered: 0x01
01-07 04:03:19.344     0     0 I [  252.265027 / 01-07 04:03:19.339][0] SMBCHG: usbin_uv_handler: chip->usb_present = 1 usb_present = 1
01-07 04:03:19.344     0     0 I [  252.265395 / 01-07 04:03:19.339][1] SMBCHG: power_ok_handler: triggered: 0x00
01-07 04:03:19.364     0     0 I [  252.285375 / 01-07 04:03:19.359][0] SMBCHG: usbin_uv_handler: chip->usb_present = 1 usb_present = 1
01-07 04:03:19.364     0     0 I [  252.285662 / 01-07 04:03:19.359][1] SMBCHG: power_ok_handler: triggered: 0x01
01-07 04:03:19.389     0     0 I [  252.308178 / 01-07 04:03:19.383][0] SMBCHG: usbin_uv_handler: chip->usb_present = 1 usb_present = 1
01-07 04:03:19.389     0     0 I [  252.308452 / 01-07 04:03:19.383][1] SMBCHG: power_ok_handler: triggered: 0x00
01-07 04:03:19.408     0     0 I [  252.328481 / 01-07 04:03:19.403][0] SMBCHG: usbin_uv_handler: chip->usb_present = 1 usb_present = 1
01-07 04:03:19.408     0     0 I [  252.328868 / 01-07 04:03:19.403][1] SMBCHG: power_ok_handler: triggered: 0x01
--
01-07 04:03:23.737     0     0 I [  256.656479 / 01-07 04:03:23.731][0] SMBCHG: usbin_uv_handler: chip->usb_present = 1 usb_present = 1
01-07 04:03:23.737     0     0 I [  256.656772 / 01-07 04:03:23.731][1] SMBCHG: power_ok_handler: triggered: 0x01
01-07 04:03:23.756     0     0 I [  256.676739 / 01-07 04:03:23.751][0] SMBCHG: usbin_uv_handler: chip->usb_present = 1 usb_present = 1
01-07 04:03:23.756     0     0 I [  256.677034 / 01-07 04:03:23.751][1] SMBCHG: power_ok_handler: triggered: 0x00
01-07 04:03:23.774     0     0 E         : [  256.693626 / 01-07 04:03:23.767][0] [Touch] 1 finger pressed: <0> x[ 737] y[1112] z[ 54]
01-07 04:03:23.774     0     0 I [  256.696591 / 01-07 04:03:23.771][1] SMBCHG: power_ok_handler: triggered: 0x01
01-07 04:03:23.774     0     0 I [  256.696602 / 01-07 04:03:23.771][0] SMBCHG: usbin_uv_handler: chip->usb_present = 1 usb_present = 1
01-07 04:03:23.808     0     0 I [  256.729873 / 01-07 04:03:23.803][0] SMBCHG: usbin_uv_handler: chip->usb_present = 1 usb_present = 1
01-07 04:03:23.808     0     0 I [  256.730043 / 01-07 04:03:23.803][1] SMBCHG: power_ok_handler: triggered: 0x00
01-07 04:03:23.828     0     0 I [  256.749923 / 01-07 04:03:23.823][0] SMBCHG: usbin_uv_handler: chip->usb_present = 1 usb_present = 1
01-07 04:03:23.828     0     0 I [  256.750110 / 01-07 04:03:23.823][1] SMBCHG: power_ok_handler: triggered: 0x01
01-07 04:03:23.848     0     0 E         : [  256.766241 / 01-07 04:03:23.839][0] [Touch] touch_release[ ]: <0> x[ 737] y[1112]
01-07 04:03:23.849  2102  2102 I sysui_multi_action: [757,925,758,4,759,112,927,8,928,1]
01-07 04:03:23.850  2102  2360 I sysui_action: [112,false]
01-07 04:03:23.850  2102  2360 I sysui_multi_action: [757,112,758,4,759,0]
01-07 04:03:23.855  1384  1384 D BluetoothManagerService: Bluetooth persisted state: 0
01-07 04:03:23.855  1384  1384 D BluetoothManagerService: Airplane Mode change - current state:  OFF
01-07 04:03:23.855  2247  2247 I PhoneApp: Turning radio on - airplane
01-07 04:03:23.858  1384  2749 I chatty  : uid=1000(system) IzatServiceBase expire 12 lines
01-07 04:03:23.861  2247  2263 D SubscriptionController: [getPhoneId] asked for default subId=-1
01-07 04:03:23.863  2247  2247 D SST     : mDeviceShuttingDown=false, mDesiredPowerState=true, getRadioState=RADIO_UNAVAILABLE, mPowerOffDelayNeed=true, mAlarmSwitch=false, mRadioDisabledByCarrier=false
01-07 04:03:23.865     0     0 I [  256.784189 / 01-07 04:03:23.859][1] init[1]: syscall 278
01-07 04:03:23.866     0     0 W [  256.784226 / 01-07 04:03:23.859][1] Code: aa0403e3 aa0503e4 aa0603e5 d4000001 (b140041f)
01-07 04:03:23.866     0     0 W [  256.784253 / 01-07 04:03:23.859][1] CPU: 1 PID: 1 Comm: init Tainted: G        W    3.10.108-gf9d834a #2
01-07 04:03:23.866     0     0 W         : [  256.784273 / 01-07 04:03:23.859][1] Hardware name: Qualcomm Technologies, Inc. MSM8992 P1 GLOBAL COM (DT)
01-07 04:03:23.866     0     0 W [  256.784296 / 01-07 04:03:23.859][1] task: ffffffc0c567f000 ti: ffffffc0c568c000 task.ti: ffffffc0c568c000
01-07 04:03:23.867     0     0 W         : [  256.784320 / 01-07 04:03:23.859][1] PC is at 0x4d586c
01-07 04:03:23.867     0     0 W         : [  256.784340 / 01-07 04:03:23.859][1] LR is at 0x4f2f7c
01-07 04:03:23.867     0     0 W [  256.784360 / 01-07 04:03:23.859][1] pc: [<00000000004d586c>] lr : [<00000000004f2f7c>] pstate: 80000000
01-07 04:03:23.867     0     0 W [  256.784379 / 01-07 04:03:23.859][1] sp: 0000007fcc0406e0
01-07 04:03:23.869     0     0 W [  256.784397 / 01-07 04:03:23.859][1] x29: 0000007fcc0407d0 x28: ffffff8033fbe61e
01-07 04:03:23.869     0     0 W [  256.784422 / 01-07 04:03:23.859][1] x27: 000000000000003e x26: 0000000084210843
01-07 04:03:23.871     0     0 W [  256.784445 / 01-07 04:03:23.859][1] x25: 0000007fcc0406e8 x24: 000000007fffffff
01-07 04:03:23.871     0     0 W [  256.784468 / 01-07 04:03:23.859][1] x23: 0000007fcc0419dd x22: 000000000000000b
01-07 04:03:23.871     0     0 W [  256.784491 / 01-07 04:03:23.859][1] x21: 0000000000000028 x20: 0000007fcc0407e0
01-07 04:03:23.871     0     0 W [  256.784514 / 01-07 04:03:23.859][1] x19: 000000000057ba88 x18: 0000000069689299
01-07 04:03:23.871     0     0 W [  256.784537 / 01-07 04:03:23.859][1] x17: 00000000ea940025 x16: 0000000000000000
01-07 04:03:23.871     0     0 W [  256.784560 / 01-07 04:03:23.859][1] x15: 0000000000000000 x14: 00000000005450a4
01-07 04:03:23.871     0     0 W [  256.784583 / 01-07 04:03:23.859][1] x13: 0000007fcc040990 x12: 0000000000544d48
01-07 04:03:23.871     0     0 W [  256.784605 / 01-07 04:03:23.859][1] x11: 000000000000000e x10: 0000000000000000
01-07 04:03:23.871     0     0 W [  256.784627 / 01-07 04:03:23.859][1] x9: 0000000000000000 x8 : 0000000000000116
