01-11 23:21:27.293   493   802 W installd: Requested default storage /data/user_de/0/com.android.systemui is not active; migrating from /data/data/com.android.systemui
01-11 23:21:27.297  5005  5005 V PackageManager: reconcileAppsData finished 20 packages
01-11 23:21:27.297  5005  5005 V PackageManager: Disabling com.google.android.gsf/com.google.android.gsf.update.SystemUpdateActivity
01-11 23:21:27.297  5005  5077 D SystemServerInitThreadPool: Started executing prepareAppData
01-11 23:21:27.297  5005  5005 W PackageManager: Unable to disable com.google.android.gsf/com.google.android.gsf.update.SystemUpdateActivity
01-11 23:21:27.297  5005  5005 V PackageManager: Disabling com.google.android.gsf/com.google.android.gsf.update.SystemUpdateService$Receiver
01-11 23:21:27.297  5005  5005 W PackageManager: Unable to disable com.google.android.gsf/com.google.android.gsf.update.SystemUpdateService$Receiver
01-11 23:21:27.297  5005  5005 V PackageManager: Disabling com.google.android.gsf/com.google.android.gsf.update.SystemUpdateService$SecretCodeReceiver
01-11 23:21:27.297  5005  5005 W PackageManager: Unable to disable com.google.android.gsf/com.google.android.gsf.update.SystemUpdateService$SecretCodeReceiver
01-11 23:21:27.297  5005  5005 V PackageManager: Disabling com.google.android.gsf/com.google.android.gsf.update.SystemUpdateServiceReceiver
01-11 23:21:27.297  5005  5005 W PackageManager: Unable to disable com.google.android.gsf/com.google.android.gsf.update.SystemUpdateServiceReceiver
01-11 23:21:27.297  5005  5005 V PackageManager: Disabling com.google.android.gms/com.google.android.gms.update.SystemUpdateActivity
01-11 23:21:27.297  5005  5005 V PackageManager: Disabling com.google.android.gms/com.google.android.gms.update.SystemUpdateService$Receiver
01-11 23:21:27.298  5005  5005 W PackageManager: Unable to disable com.google.android.gms/com.google.android.gms.update.SystemUpdateService$Receiver
01-11 23:21:27.298  5005  5005 V PackageManager: Disabling com.google.android.gms/com.google.android.gms.update.SystemUpdateService$ActiveReceiver
01-11 23:21:27.298  5005  5005 W PackageManager: Unable to disable com.google.android.gms/com.google.android.gms.update.SystemUpdateService$ActiveReceiver
01-11 23:21:27.298  5005  5005 V PackageManager: Disabling com.google.android.gms/com.google.android.gms.update.SystemUpdateService$SecretCodeReceiver
01-11 23:21:27.298  5005  5005 W PackageManager: Unable to disable com.google.android.gms/com.google.android.gms.update.SystemUpdateService$SecretCodeReceiver
01-11 23:21:27.298  5005  5005 V PackageManager: Disabling com.google.android.gms/com.google.android.gms.update.SystemUpdateServiceReceiver
01-11 23:21:27.298  5005  5005 W PackageManager: Unable to disable com.google.android.gms/com.google.android.gms.update.SystemUpdateServiceReceiver
01-11 23:21:27.298  5005  5005 V PackageManager: Enabling com.google.android.gsf/com.google.android.gsf.update.SystemUpdateService
01-11 23:21:27.298  5005  5005 W PackageManager: Unable to enable com.google.android.gsf/com.google.android.gsf.update.SystemUpdateService
01-11 23:21:27.298  5005  5005 V PackageManager: Enabling com.google.android.gms/com.google.android.gms.update.SystemUpdateService
01-11 23:21:27.301  5005  5077 D SystemServerTimingAsync: AppDataFixup took to complete: 3ms
01-11 23:21:27.345  5005  5005 V PackageManager: Ephemeral resolver found; pkg: com.google.android.gms, info:ResolveInfo{5a45bd1 com.google.android.gms/.chimera.PersistentBoundBrokerService m=0x108000}
01-11 23:21:27.345  5005  5005 D PackageManager: Set ephemeral resolver: Pair{ComponentInfo{com.google.android.gms/com.google.android.gms.chimera.PersistentBoundBrokerService} android.intent.action.RESOLVE_INSTANT_APP_PACKAGE}
01-11 23:21:27.347  5005  5005 D PackageManager: Ephemeral installer not found with new action; try old one
01-11 23:21:27.347  5005  5005 D PackageManager: Clear ephemeral installer activity
01-11 23:21:27.488  5005  5005 D SystemServerTiming: StartPackageManagerService took to complete: 4710ms
01-11 23:21:27.488  5005  5005 I SystemServer: StartOtaDexOptService
01-11 23:21:27.490  5005  5005 D OTADexopt: No upgrade, skipping A/B artifacts check.
01-11 23:21:27.490  5005  5005 D SystemServerTiming: StartOtaDexOptService took to complete: 2ms
01-11 23:21:27.490  5005  5005 I SystemServer: StartUserManagerService
01-11 23:21:27.490  5005  5005 I SystemServiceManager: Starting com.android.server.pm.UserManagerService$LifeCycle
01-11 23:21:27.491  5005  5005 D SystemServerTiming: StartUserManagerService took to complete: 2ms
01-11 23:21:27.491  5005  5005 I SystemServer: InitAttributerCache
01-11 23:21:27.492  5005  5005 D SystemServerTiming: InitAttributerCache took to complete: 0ms
01-11 23:21:27.492  5005  5005 I SystemServer: SetSystemProcess
01-11 23:21:27.501   470   470 I lowmemorykiller: ActivityManager connected
01-11 23:21:27.502  5005  5005 D SystemServerTiming: SetSystemProcess took to complete: 11ms
01-11 23:21:27.504  5005  5079 I ServiceThread: Enabled StrictMode logging for android.anim looper.
01-11 23:21:27.504  5005  5005 I SystemServer: StartOverlayManagerService
01-11 23:21:27.507  5005  5005 D SystemServerTiming: StartOverlayManagerService took to complete: 2ms
01-11 23:21:27.507  5005  5080 D SystemServerInitThreadPool: Started executing Init OverlayManagerService
01-11 23:21:27.509  5005  5005 I SystemServer: StartDropBoxManager
01-11 23:21:27.511  5005  5081 D SystemServerInitThreadPool: Started executing StartSensorService
01-11 23:21:27.511  5005  5005 I SystemServiceManager: Starting com.android.server.DropBoxManagerService
01-11 23:21:27.512  5005  5081 I chatty  : uid=1000 system-server-i expire 39 lines
01-11 23:21:27.513  5005  5005 D SystemServerTiming: StartDropBoxManager took to complete: 4ms
01-11 23:21:27.513  5005  5005 I SystemServer: StartBatteryService
01-11 23:21:27.516  5005  5005 I SystemServiceManager: Starting com.android.server.BatteryService
01-11 23:21:27.526   456   456 D lights  : Using onoff pattern: 0x000000
01-11 23:21:27.526  5005  5005 D SystemServerTiming: StartBatteryService took to complete: 13ms
01-11 23:21:27.527  5005  5005 I SystemServer: StartUsageService
01-11 23:21:27.529  5005  5005 I SystemServiceManager: Starting com.android.server.usage.UsageStatsService
01-11 23:21:27.541  5005  5005 D SystemServerTiming: StartUsageService took to complete: 14ms
01-11 23:21:27.541  5005  5005 I SystemServer: StartWebViewUpdateService
01-11 23:21:27.541  5005  5005 I SystemServiceManager: Starting com.android.server.webkit.WebViewUpdateService
01-11 23:21:27.549  5005  5005 D SystemServerTiming: StartWebViewUpdateService took to complete: 9ms
01-11 23:21:27.551  5005  5005 I SystemServer: StartKeyAttestationApplicationIdProviderService
01-11 23:21:27.551  5005  5044 D SystemServerInitThreadPool: Started executing SecondaryZygotePreload
01-11 23:21:27.552  5005  5044 I SystemServer: SecondaryZygotePreload
01-11 23:21:27.553  5005  5005 D SystemServerTiming: StartKeyAttestationApplicationIdProviderService took to complete: 2ms
01-11 23:21:27.553  5005  5005 I SystemServer: StartKeyChainSystemService
01-11 23:21:27.553  5005  5005 I SystemServiceManager: Starting com.android.server.security.KeyChainSystemService
01-11 23:21:27.554  5005  5005 D SystemServerTiming: StartKeyChainSystemService took to complete: 1ms
01-11 23:21:27.554  5005  5005 I SystemServer: StartSchedulingPolicyService
01-11 23:21:27.555   505   505 I sensors.qcom: type=1400 audit(0.0:196): avc: denied { ioctl } for path="socket:[33450]" dev="sockfs" ino=33450 ioctlcmd=c304 scontext=u:r:init:s0 tcontext=u:r:init:s0 tclass=socket permissive=1
01-11 23:21:27.555  5005  5005 D SystemServerTiming: StartSchedulingPolicyService took to complete: 1ms
01-11 23:21:27.555  5005  5005 I SystemServer: StartTelecomLoaderService
01-11 23:21:27.556  5005  5005 I SystemServiceManager: Starting com.android.server.telecom.TelecomLoaderService
01-11 23:21:27.557  5005  5005 D SystemServerTiming: StartTelecomLoaderService took to complete: 2ms
01-11 23:21:27.557  5005  5005 I SystemServer: StartTelephonyRegistry
01-11 23:21:27.558   505   505 E QMI_FW  : xport_send: Sendto failed for port 3840
01-11 23:21:27.558   505   505 E QMI_FW  : QCCI qmi_cci_flush_tx_q: Error sending TXN: svc_id: 271 txn_id: 1 msg_id: 2
01-11 23:21:27.558   505   505 E Sensors : sns_acm_mr.c(499):Transport error -16
01-11 23:21:27.561  5005  5005 D SystemServerTiming: StartTelephonyRegistry took to complete: 4ms
01-11 23:21:27.561  5005  5005 I SystemServer: StartEntropyMixer
01-11 23:21:27.562  5005  5044 I chatty  : uid=1000 system-server-i expire 2 lines
01-11 23:21:27.562  5005  5005 W EntropyMixer: No existing entropy file -- first boot?
01-11 23:21:27.563  5005  5005 I EntropyMixer: Writing entropy...
01-11 23:21:27.564  5005  5005 D SystemServerTiming: StartEntropyMixer took to complete: 3ms
01-11 23:21:27.565  5005  5005 I SystemServer: StartAccountManagerService
01-11 23:21:27.565  5005  5005 I SystemServiceManager: Starting com.android.server.accounts.AccountManagerService$Lifecycle
01-11 23:21:27.573   418   418 I Zygote  : Lazily preloading resources.
01-11 23:21:27.574   418   418 D Zygote  : begin preload
01-11 23:21:27.574   418   418 I Zygote  : Installing ICU cache reference pinning...
01-11 23:21:27.574   418   418 I Zygote  : Preloading ICU data...
01-11 23:21:27.574  5005  5005 D SystemServerTiming: StartAccountManagerService took to complete: 9ms
01-11 23:21:27.574  5005  5005 I SystemServer: StartContentService
01-11 23:21:27.574  5005  5005 I SystemServiceManager: Starting com.android.server.content.ContentService$Lifecycle
01-11 23:21:27.577  5005  5005 D SystemServerTiming: StartContentService took to complete: 2ms
01-11 23:21:27.577  5005  5005 I SystemServer: InstallSystemProviders
01-11 23:21:27.586   418   418 D ZygoteInitTiming_lazy: BeginIcuCachePinning took to complete: 12ms
01-11 23:21:27.586   418   418 I Zygote  : Preloading classes...
01-11 23:21:27.620  5083  5083 W ResourceType: CREATING STRING CACHE OF 47240 bytes
01-11 23:21:27.663  5005  5080 D SystemServerInitThreadPool: Finished executing Init OverlayManagerService
01-11 23:21:27.775   493   493 W installd: Requested default storage /data/user_de/0/com.android.stk is not active; migrating from /data/data/com.android.stk
01-11 23:21:27.867   418   418 E ActivityRecognitionHardware: activity_recognition HAL is deprecated. class_init is effectively a no-op
01-11 23:21:27.889   418   418 W Zygote  : Class not found for preloading: android.icu.impl.number.Parse
01-11 23:21:27.900   418   418 I zygote  : Thread[1,tid=418,Native,Thread*=0xe645a000,peer=0x10800220,"main"] recursive attempt to load library "/system/lib/libmedia_jni.so"
01-11 23:21:27.900   418   418 D MtpDeviceJNI: register_android_mtp_MtpDevice
01-11 23:21:27.901   418   418 I zygote  : Thread[1,tid=418,Native,Thread*=0xe645a000,peer=0x10800220,"main"] recursive attempt to load library "/system/lib/libmedia_jni.so"
01-11 23:21:27.902   418   418 I zygote  : Thread[1,tid=418,Native,Thread*=0xe645a000,peer=0x10800220,"main"] recursive attempt to load library "/system/lib/libmedia_jni.so"
01-11 23:21:27.911   493   802 W installd: Requested default storage /data/user_de/0/com.android.cellbroadcastreceiver is not active; migrating from /data/data/com.android.cellbroadcastreceiver
01-11 23:21:28.018   418   418 I Zygote  : ...preloaded 4715 classes in 431ms.
01-11 23:21:28.018   418   418 I zygote  : VMRuntime.preloadDexCaches starting
01-11 23:21:28.088   418   418 I zygote  : VMRuntime.preloadDexCaches strings total=313666 before=10231 after=10231
01-11 23:21:28.088   418   418 I zygote  : VMRuntime.preloadDexCaches types total=26690 before=5490 after=5492
01-11 23:21:28.088   418   418 I zygote  : VMRuntime.preloadDexCaches fields total=127107 before=5507 after=5537
01-11 23:21:28.088   418   418 I zygote  : VMRuntime.preloadDexCaches methods total=225605 before=9941 after=9941
01-11 23:21:28.088   418   418 I zygote  : VMRuntime.preloadDexCaches finished
01-11 23:21:28.088   418   418 D ZygoteInitTiming_lazy: PreloadClasses took to complete: 502ms
01-11 23:21:28.180   418   418 I Zygote  : Preloading resources...
01-11 23:21:28.199   493   493 W installd: Requested default storage /data/user_de/0/com.android.providers.blockednumber is not active; migrating from /data/data/com.android.providers.blockednumber
01-11 23:21:28.199   418   418 W Resources: Preloaded drawable resource #0x1080264 (android:drawable/dialog_background_material) that varies with configuration!!
01-11 23:21:28.227   493  5017 W installd: Requested default storage /data/user_de/0/com.android.emergency is not active; migrating from /data/data/com.android.emergency
01-11 23:21:28.237   418   418 I Zygote  : ...preloaded 64 resources in 57ms.
01-11 23:21:28.244   418   418 W Resources: Preloaded color resource #0x1060053 (android:color/btn_default_material_dark) that varies with configuration!!
01-11 23:21:28.246   418   418 I Zygote  : ...preloaded 41 resources in 8ms.
01-11 23:21:28.246   418   418 D ZygoteInitTiming_lazy: PreloadResources took to complete: 157ms
01-11 23:21:28.246   418   418 D vndksupport: Loading /vendor/lib/hw/android.hardware.graphics.mapper@2.0-impl.so from current namespace instead of sphal namespace.
01-11 23:21:28.251   418   418 D vndksupport: Loading /vendor/lib/egl/libEGL_adreno.so from current namespace instead of sphal namespace.
01-11 23:21:28.258   418   418 D libEGL  : loaded /vendor/lib/egl/libEGL_adreno.so
01-11 23:21:28.276   493   802 W installd: Requested default storage /data/user_de/0/com.android.bluetooth is not active; migrating from /data/data/com.android.bluetooth
01-11 23:21:28.309  5005  5077 D SystemServerTimingAsync: AppDataPrepare took to complete: 1009ms
01-11 23:21:28.309  5005  5077 I PackageManager: Deferred reconcileAppsData finished 78 packages
01-11 23:21:28.311  5005  5077 D SystemServerInitThreadPool: Finished executing prepareAppData
01-11 23:21:28.358   418   418 D vndksupport: Loading /vendor/lib/egl/libGLESv1_CM_adreno.so from current namespace instead of sphal namespace.
01-11 23:21:28.362   418   418 D libEGL  : loaded /vendor/lib/egl/libGLESv1_CM_adreno.so
01-11 23:21:28.400   418   418 D vndksupport: Loading /vendor/lib/egl/libGLESv2_adreno.so from current namespace instead of sphal namespace.
01-11 23:21:28.400   418   418 D libEGL  : loaded /vendor/lib/egl/libGLESv2_adreno.so
01-11 23:21:28.454   418   418 I Zygote  : Preloading shared libraries...
01-11 23:21:28.474   418   418 I Zygote  : Uninstalled ICU cache reference pinning...
01-11 23:21:28.475   418   418 I Zygote  : Installed AndroidKeyStoreProvider in 2ms.
01-11 23:21:28.486   418   418 I Zygote  : Warmed up JCA providers in 10ms.
01-11 23:21:28.486   418   418 D Zygote  : end preload
01-11 23:21:28.486  5005  5044 D SystemServerTimingAsync: SecondaryZygotePreload took to complete: 935ms
01-11 23:21:28.486  5005  5044 D SystemServerInitThreadPool: Finished executing SecondaryZygotePreload
01-11 23:21:28.558   505   505 E QMI_FW  : xport_send: Sendto failed for port 3840
01-11 23:21:28.558   505   505 E QMI_FW  : QCCI qmi_cci_flush_tx_q: Error sending TXN: svc_id: 271 txn_id: 2 msg_id: 2
01-11 23:21:28.558   505   505 E Sensors : sns_acm_mr.c(499):Transport error -16
01-11 23:21:29.088   484   782 E ThermalEngine: [BMHB_GOV] read failed VS_TEMP
01-11 23:21:29.559   505   505 E QMI_FW  : xport_send: Sendto failed for port 3840
01-11 23:21:29.559   505   505 E QMI_FW  : QCCI qmi_cci_flush_tx_q: Error sending TXN: svc_id: 271 txn_id: 3 msg_id: 2
01-11 23:21:29.559   505   505 E Sensors : sns_acm_mr.c(499):Transport error -16
01-11 23:21:29.683  5092  5092 I init    : type=1400 audit(0.0:197): avc: denied { execute_no_trans } for path="/system/vendor/bin/perfd" dev="mmcblk0p47" ino=2411 scontext=u:r:init:s0 tcontext=u:object_r:vendor_file:s0 tclass=file permissive=1
01-11 23:21:29.697  5092  5092 E ANDR-PERF-MPCTL: Unable to create control service (stage=1, rc=0)
01-11 23:21:29.697  5092  5092 W libc    : invalid pthread_t (0) passed to libc
01-11 23:21:30.561   505   505 E QMI_FW  : xport_send: Sendto failed for port 1792
01-11 23:21:30.561   505   505 E QMI_FW  : QCCI qmi_cci_flush_tx_q: Error sending TXN: svc_id: 256 txn_id: 1 msg_id: 1
01-11 23:21:30.561   505   505 E Sensors : sns_acm_mr.c(499):Transport error -16
01-11 23:21:31.561   505   505 E QMI_FW  : xport_send: Sendto failed for port 1792
01-11 23:21:31.561   505   505 E QMI_FW  : QCCI qmi_cci_flush_tx_q: Error sending TXN: svc_id: 256 txn_id: 2 msg_id: 5
01-11 23:21:31.561   505   505 E Sensors : sns_acm_mr.c(499):Transport error -16
01-11 23:21:32.561   505   505 E QMI_FW  : xport_send: Sendto failed for port 3840
01-11 23:21:32.561   505   505 E QMI_FW  : QCCI qmi_cci_flush_tx_q: Error sending TXN: svc_id: 271 txn_id: 4 msg_id: 2
01-11 23:21:32.561   505   505 E Sensors : sns_acm_mr.c(499):Transport error -16
01-11 23:21:33.561   505   505 E QMI_FW  : xport_send: Sendto failed for port 3840
01-11 23:21:33.561   505   505 E QMI_FW  : QCCI qmi_cci_flush_tx_q: Error sending TXN: svc_id: 271 txn_id: 5 msg_id: 2
01-11 23:21:33.561   505   505 E Sensors : sns_acm_mr.c(499):Transport error -16
01-11 23:21:34.088   484   782 E ThermalEngine: [BMHB_GOV] read failed VS_TEMP
01-11 23:21:34.562   505   505 E QMI_FW  : xport_send: Sendto failed for port 3840
01-11 23:21:34.562   505   505 E QMI_FW  : QCCI qmi_cci_flush_tx_q: Error sending TXN: svc_id: 271 txn_id: 6 msg_id: 2
01-11 23:21:34.562   505   505 E Sensors : sns_acm_mr.c(499):Transport error -16
01-11 23:21:34.699  5096  5096 E ANDR-PERF-MPCTL: Unable to create control service (stage=1, rc=0)
01-11 23:21:34.699  5096  5096 W libc    : invalid pthread_t (0) passed to libc
01-11 23:21:35.562   505   505 E QMI_FW  : xport_send: Sendto failed for port 3840
01-11 23:21:35.562   505   505 E QMI_FW  : QCCI qmi_cci_flush_tx_q: Error sending TXN: svc_id: 271 txn_id: 7 msg_id: 2
01-11 23:21:35.562   505   505 E Sensors : sns_acm_mr.c(499):Transport error -16
01-11 23:21:36.562   505   505 E QMI_FW  : xport_send: Sendto failed for port 3840
01-11 23:21:36.562   505   505 E QMI_FW  : QCCI qmi_cci_flush_tx_q: Error sending TXN: svc_id: 271 txn_id: 8 msg_id: 2
01-11 23:21:36.562   505   505 E Sensors : sns_acm_mr.c(499):Transport error -16
01-11 23:21:37.568  5005  5081 D SystemServerTimingAsync: StartSensorService took to complete: 10057ms
01-11 23:21:37.568  5005  5081 D SystemServerInitThreadPool: Finished executing StartSensorService
01-11 23:21:37.632  5005  5005 I SettingsState: No settings state /data/system/users/0/settings_system.xml
01-11 23:21:37.638  5005  5005 I SettingsState: No settings state /data/system/users/0/settings_secure.xml
01-11 23:21:37.641  5005  5005 D SettingsProvider: Generated and saved new ANDROID_ID [ba8a58f546dc8584] for user 0
01-11 23:21:37.644  5005  5005 I SettingsState: No settings state /data/system/users/0/settings_global.xml
01-11 23:21:37.656  5005  5005 D SettingsProvider: Setting [] as Autofill Service for user 0
01-11 23:21:37.676  5005  5005 I SettingsState: No settings state /data/system/users/0/settings_ssaid.xml
01-11 23:21:37.684  5005  5005 D SystemServerTiming: InstallSystemProviders took to complete: 10107ms
01-11 23:21:37.684  5005  5005 I SystemServer: StartVibratorService
01-11 23:21:37.686  5005  5005 I chatty  : uid=1000 system_server expire 33 lines
01-11 23:21:37.704  5005  5005 D SystemServerTiming: StartVibratorService took to complete: 21ms
01-11 23:21:37.704  5005  5005 I SystemServer: StartConsumerIrService
01-11 23:21:37.717  5005  5005 D SystemServerTiming: StartConsumerIrService took to complete: 12ms
01-11 23:21:37.717  5005  5005 I SystemServer: StartAlarmManagerService
01-11 23:21:37.717  5005  5005 I SystemServiceManager: Starting com.android.server.AlarmManagerService
01-11 23:21:37.724  5005  5005 D SystemServerTiming: StartAlarmManagerService took to complete: 7ms
01-11 23:21:37.724  5005  5005 I SystemServer: InitWatchdog
01-11 23:21:37.724  5005  5005 D SystemServerTiming: InitWatchdog took to complete: 1ms
01-11 23:21:37.724  5005  5005 I SystemServer: StartInputManagerService
01-11 23:21:37.725  5005  5005 I InputManager: Initializing input manager, mUseDevInputEventForAudioJack=true
01-11 23:21:37.726  5005  5005 D SystemServerTiming: StartInputManagerService took to complete: 1ms
01-11 23:21:37.726  5005  5005 I SystemServer: StartWindowManagerService
01-11 23:21:37.742  5005  5055 I WindowManager: No existing display settings /data/system/display_settings.xml; starting empty
01-11 23:21:37.783  5005  5005 D SystemServerTiming: StartWindowManagerService took to complete: 58ms
01-11 23:21:37.785  5005  5080 D SystemServerInitThreadPool: Started executing StartHidlServices
01-11 23:21:37.785  5005  5005 I SystemServer: StartVrManagerService
01-11 23:21:37.785  5005  5005 I SystemServiceManager: Starting com.android.server.vr.VrManagerService
01-11 23:21:37.794   399   399 W /system/bin/hwservicemanager: getTransport: Cannot find entry android.hardware.vr@1.0::IVr/default in either framework or device manifest.
01-11 23:21:37.798  5005  5005 D SystemServerTiming: StartVrManagerService took to complete: 13ms
01-11 23:21:37.798  5005  5005 I SystemServer: SetWindowManagerService
01-11 23:21:37.798  5005  5080 D SystemServerTimingAsync: StartHidlServices took to complete: 13ms
01-11 23:21:37.798  5005  5080 D SystemServerInitThreadPool: Finished executing StartHidlServices
01-11 23:21:37.801  5005  5005 D SystemServerTiming: SetWindowManagerService took to complete: 4ms
01-11 23:21:37.801  5005  5005 I SystemServer: StartInputManager
01-11 23:21:37.801  5005  5005 I InputManager: Starting input manager
01-11 23:21:37.804  5005  5005 D SystemServerTiming: StartInputManager took to complete: 3ms
01-11 23:21:37.805  5005  5005 I SystemServer: DisplayManagerWindowManagerAndInputReady
01-11 23:21:37.805  5005  5005 D SystemServerTiming: DisplayManagerWindowManagerAndInputReady took to complete: 0ms
01-11 23:21:37.805  5005  5005 I SystemServer: StartBluetoothService
01-11 23:21:37.805  5005  5005 I SystemServiceManager: Starting com.android.server.BluetoothService
01-11 23:21:37.805  5005  5115 I chatty  : uid=1000(system) InputReader expire 30 lines
01-11 23:21:37.808  5005  5005 D BluetoothManagerService: Loading stored name and address
01-11 23:21:37.808  5005  5005 D BluetoothManagerService: Stored bluetooth Name=null,Address=null
01-11 23:21:37.808  5005  5005 D BluetoothManagerService: Bluetooth persisted state: 1
01-11 23:21:37.808  5005  5005 D BluetoothManagerService: Startup: Bluetooth persisted state is ON.
01-11 23:21:37.809  5005  5005 D SystemServerTiming: StartBluetoothService took to complete: 4ms
01-11 23:21:37.809  5005  5005 I SystemServer: IpConnectivityMetrics
01-11 23:21:37.809  5005  5005 I SystemServiceManager: Starting com.android.server.connectivity.IpConnectivityMetrics
01-11 23:21:37.811  5005  5005 D SystemServerTiming: IpConnectivityMetrics took to complete: 3ms
01-11 23:21:37.812  5005  5005 I SystemServer: PinnerService
01-11 23:21:37.812  5005  5005 I SystemServiceManager: Starting com.android.server.PinnerService
01-11 23:21:37.814  5005  5005 D SystemServerTiming: PinnerService took to complete: 2ms
01-11 23:21:37.814  5005  5005 I SystemServer: StartInputMethodManagerLifecycle
01-11 23:21:37.814  5005  5005 I SystemServiceManager: Starting com.android.server.InputMethodManagerService$Lifecycle
01-11 23:21:37.821  5005  5005 D SystemServerTiming: StartInputMethodManagerLifecycle took to complete: 8ms
01-11 23:21:37.821  5005  5005 I SystemServer: StartAccessibilityManagerService
01-11 23:21:37.826  5005  5005 D SystemServerTiming: StartAccessibilityManagerService took to complete: 4ms
01-11 23:21:37.826  5005  5005 I SystemServer: MakeDisplayReady
01-11 23:21:37.829  5005  5005 I ActivityManager: Config changes=5df8 {1.0 ?mcc?mnc [en_US] ldltr sw411dp w411dp h731dp 560dpi nrml long port ?uimode ?night -touch -keyb/h/h -nav/h appBounds=Rect(0, 0 - 1440, 2560) s.2}
01-11 23:21:37.832  5005  5045 I UsageStatsDatabase: Upgrading from version 0 to 3
01-11 23:21:37.832  5005  5045 I UsageStatsDatabase: Deleting all usage stats files
01-11 23:21:37.835  5005  5045 I UsageStatsService: User[0] Rollover scheduled @ 2015-01-12 23:21:37(1421104897830)
01-11 23:21:37.835  5005  5045 D UsageStatsService: Initializing defaults for system apps on user 0
01-11 23:21:37.837  5005  5005 I ActivityManager: Override config changes=40007dfc {1.0 ?mcc?mnc [en_US] ldltr sw411dp w411dp h731dp 560dpi nrml long port ?uimode ?night -touch -keyb/h/h -nav/h appBounds=Rect(0, 0 - 1440, 2560) s.2} for displayId=0
01-11 23:21:37.839  5005  5045 E AppIdleHistory: Unable to read app idle file for user 0
01-11 23:21:37.853  5005  5005 I ActivityManager: Config changes=500 {1.0 ?mcc?mnc [en_US] ldltr sw411dp w411dp h659dp 560dpi nrml port ?uimode ?night -touch -keyb/h/h -nav/h appBounds=Rect(0, 0 - 1440, 2392) s.3}
01-11 23:21:37.860  5005  5005 I ActivityManager: Override config changes=500 {1.0 ?mcc?mnc [en_US] ldltr sw411dp w411dp h659dp 560dpi nrml port ?uimode ?night -touch -keyb/h/h -nav/h appBounds=Rect(0, 0 - 1440, 2392) s.3} for displayId=0
01-11 23:21:37.868  5005  5005 D SystemServerTiming: MakeDisplayReady took to complete: 42ms
01-11 23:21:37.868  5005  5005 I SystemServer: StartStorageManagerService
01-11 23:21:37.869  5005  5005 I SystemServiceManager: Starting com.android.server.StorageManagerService$Lifecycle
01-11 23:21:37.869  5005  5114 I ActivityManager: Config changes=8 {1.0 ?mcc?mnc [en_US] ldltr sw411dp w411dp h659dp 560dpi nrml port ?uimode ?night finger -keyb/h/h -nav/h appBounds=Rect(0, 0 - 1440, 2392) s.4}
01-11 23:21:37.879  5005  5114 I ActivityManager: Override config changes=8 {1.0 ?mcc?mnc [en_US] ldltr sw411dp w411dp h659dp 560dpi nrml port ?uimode ?night finger -keyb/h/h -nav/h appBounds=Rect(0, 0 - 1440, 2392) s.4} for displayId=0
01-11 23:21:37.889  5005  5005 D SystemServerTiming: StartStorageManagerService took to complete: 20ms
01-11 23:21:37.889  5005  5005 I SystemServer: StartStorageStatsService
01-11 23:21:37.889  5005  5005 I SystemServiceManager: Starting com.android.server.usage.StorageStatsService$Lifecycle
01-11 23:21:37.889  5005  5116 D StorageManagerService: Thinking about init, mSystemReady=false, mDaemonConnected=true
01-11 23:21:37.889  5005  5116 D StorageManagerService: Thinking about reset, mSystemReady=false, mDaemonConnected=true
01-11 23:21:37.891  5005  5116 D StorageManagerService: Thinking about init, mSystemReady=false, mDaemonConnected=true
01-11 23:21:37.891  5005  5116 D StorageManagerService: Thinking about reset, mSystemReady=false, mDaemonConnected=true
01-11 23:21:37.892  5005  5116 D CryptdConnector: SND -> {1 cryptfs getfield SystemLocale}
01-11 23:21:37.894  5005  5005 D SystemServerTiming: StartStorageStatsService took to complete: 6ms
01-11 23:21:37.895  5005  5005 I SystemServer: StartUiModeManager
01-11 23:21:37.895  5005  5005 I SystemServiceManager: Starting com.android.server.UiModeManagerService
01-11 23:21:37.898  5005  5077 D SystemServerInitThreadPool: Started executing UiModeManager.onStart
01-11 23:21:37.898  5005  5118 D CryptdConnector: RCV <- {200 1 -1}
01-11 23:21:37.899  5005  5005 D SystemServerTiming: StartUiModeManager took to complete: 4ms
01-11 23:21:37.899  5005  5005 I SystemServer: UpdatePackagesIfNeeded
01-11 23:21:37.900  5005  5077 I ActivityManager: Config changes=200 {1.0 ?mcc?mnc [en_US] ldltr sw411dp w411dp h659dp 560dpi nrml port finger -keyb/h/h -nav/h appBounds=Rect(0, 0 - 1440, 2392) s.5}
01-11 23:21:37.900  5005  5116 W StorageManagerService: No primary storage mounted!
01-11 23:21:37.901  5005  5116 D VoldConnector: SND -> {1 asec list}
01-11 23:21:37.902  5005  5117 D VoldConnector: RCV <- {200 1 asec operation succeeded}
01-11 23:21:37.902  5005  5116 I chatty  : uid=1000(system) StorageManagerS expire 3 lines
01-11 23:21:37.910  5005  5077 I ActivityManager: Override config changes=200 {1.0 ?mcc?mnc [en_US] ldltr sw411dp w411dp h659dp 560dpi nrml port finger -keyb/h/h -nav/h appBounds=Rect(0, 0 - 1440, 2392) s.5} for displayId=0
01-11 23:21:37.918  5005  5077 D SystemServerInitThreadPool: Finished executing UiModeManager.onStart
01-11 23:21:37.946  5119  5119 I dex2oat : /system/bin/dex2oat --input-vdex-fd=-1 --output-vdex-fd=9 --compiler-filter=quicken -j4 --classpath-dir=/system/priv-app/GoogleExtServices --class-loader-context=PCL[]
01-11 23:21:37.952  5005  5116 W StorageManagerService: No primary storage mounted!
01-11 23:21:37.952  5005  5116 D VoldConnector: SND -> {2 asec list}
01-11 23:21:37.953  5005  5117 D VoldConnector: RCV <- {200 2 asec operation succeeded}
01-11 23:21:37.998  5119  5119 I dex2oat : dex2oat took 53.688ms (62.216ms cpu) (threads: 4) arena alloc=8KB (8632B) java alloc=77KB (79072B) native alloc=1309KB (1341176B) free=1762KB (1804552B)
01-11 23:21:38.049  5125  5125 I dex2oat : /system/bin/dex2oat --input-vdex-fd=-1 --output-vdex-fd=9 --compiler-filter=quicken -j4 --classpath-dir=/system/priv-app/TelephonyProvider --class-loader-context=PCL[]
01-11 23:21:38.151  5125  5125 I dex2oat : dex2oat took 103.149ms (171.693ms cpu) (threads: 4) arena alloc=60KB (62056B) java alloc=133KB (136952B) native alloc=1407KB (1441360B) free=2MB (2228656B)
01-11 23:21:38.200  5130  5130 I dex2oat : /system/bin/dex2oat --input-vdex-fd=-1 --output-vdex-fd=9 --compiler-filter=quicken -j4 --classpath-dir=/system/app/GoogleExtShared --class-loader-context=PCL[]
01-11 23:21:38.247  5130  5130 I dex2oat : dex2oat took 48.612ms (50.443ms cpu) (threads: 4) arena alloc=3KB (3072B) java alloc=64KB (65552B) native alloc=1012KB (1036352B) free=1547KB (1585088B)
01-11 23:21:38.295  5135  5135 I dex2oat : /system/bin/dex2oat --input-vdex-fd=-1 --output-vdex-fd=9 --compiler-filter=quicken -j4 --classpath-dir=/system/priv-app/MmsService --class-loader-context=PCL[]
01-11 23:21:38.360  5135  5135 I dex2oat : dex2oat took 66.779ms (92.240ms cpu) (threads: 4) arena alloc=17KB (17704B) java alloc=85KB (87232B) native alloc=1438KB (1473128B) free=1633KB (1672600B)
01-11 23:21:38.407  5140  5140 I dex2oat : /system/bin/dex2oat --input-vdex-fd=-1 --output-vdex-fd=9 --compiler-filter=quicken -j4 --classpath-dir=/system/priv-app/DefaultContainerService --class-loader-context=PCL[]
01-11 23:21:38.454  5140  5140 I dex2oat : dex2oat took 47.908ms (50.795ms cpu) (threads: 4) arena alloc=4KB (4960B) java alloc=67KB (69280B) native alloc=1214KB (1243368B) free=1345KB (1378072B)
01-11 23:21:38.500  5145  5145 I dex2oat : /system/bin/dex2oat --input-vdex-fd=-1 --output-vdex-fd=9 --compiler-filter=quicken -j4 --classpath-dir=/system/priv-app/qcrilmsgtunnel --class-loader-context=PCL[]
01-11 23:21:38.562  5145  5145 I dex2oat : dex2oat took 63.553ms (78.445ms cpu) (threads: 4) arena alloc=19KB (20184B) java alloc=68KB (70032B) native alloc=1365KB (1398192B) free=2MB (2271824B)
01-11 23:21:38.612  5150  5150 I dex2oat : /system/bin/dex2oat --input-vdex-fd=-1 --output-vdex-fd=9 --compiler-filter=quicken -j4 --classpath-dir=/system/priv-app/SettingsProvider --class-loader-context=PCL[]
01-11 23:21:38.698  5150  5150 I dex2oat : dex2oat took 86.836ms (140.739ms cpu) (threads: 4) arena alloc=155KB (159040B) java alloc=84KB (86904B) native alloc=1447KB (1481784B) free=2MB (2712520B)
01-11 23:21:38.747  5155  5155 I dex2oat : /system/bin/dex2oat --input-vdex-fd=-1 --output-vdex-fd=9 --compiler-filter=quicken -j4 --classpath-dir=/system/priv-app/InputDevices --class-loader-context=PCL[]
01-11 23:21:38.795  5155  5155 I dex2oat : dex2oat took 49.529ms (53.966ms cpu) (threads: 4) arena alloc=736B (736B) java alloc=16KB (16984B) native alloc=1008KB (1032432B) free=1551KB (1589008B)
01-11 23:21:38.845  5160  5160 I dex2oat : /system/bin/dex2oat --input-vdex-fd=-1 --output-vdex-fd=9 --compiler-filter=quicken -j4 --classpath-dir=/system/app/ExtShared --class-loader-context=PCL[]
01-11 23:21:38.896  5160  5160 I dex2oat : dex2oat took 52.338ms (52.206ms cpu) (threads: 4) arena alloc=1520B (1520B) java alloc=64KB (65552B) native alloc=1008KB (1032776B) free=1551KB (1588664B)
01-11 23:21:38.947  5165  5165 I dex2oat : /system/bin/dex2oat --input-vdex-fd=-1 --output-vdex-fd=9 --compiler-filter=quicken -j4 --classpath-dir=/system/priv-app/Telecom --class-loader-context=PCL[]
01-11 23:21:39.089   484   782 E ThermalEngine: [BMHB_GOV] read failed VS_TEMP
01-11 23:21:39.502  5165  5165 I dex2oat : dex2oat took 556.332ms (1.203s cpu) (threads: 4) arena alloc=9KB (9424B) java alloc=1782KB (1824816B) native alloc=2MB (2521664B) free=2MB (2196928B)
01-11 23:21:39.554  5170  5170 I dex2oat : /system/bin/dex2oat --input-vdex-fd=-1 --output-vdex-fd=9 --compiler-filter=quicken -j4 --classpath-dir=/system/priv-app/Dialer --class-loader-context=PCL[]
01-11 23:21:39.700  5172  5172 E ANDR-PERF-MPCTL: Unable to create control service (stage=1, rc=0)
01-11 23:21:39.700  5172  5172 W libc    : invalid pthread_t (0) passed to libc
01-11 23:21:40.377  5170  5174 W dex2oat : Class android.support.v4.content.ModernAsyncTask failed lock verification and will run slower.
01-11 23:21:40.377  5170  5174 W dex2oat : Common causes for lock verification issues are non-optimized dex code
01-11 23:21:40.377  5170  5174 W dex2oat : and incorrect proguard optimizations.
01-11 23:21:40.405  5170  5175 W dex2oat : Class android.support.v4.util.SimpleArrayMap failed lock verification and will run slower.
01-11 23:21:40.405  5170  5170 W dex2oat : Class android.support.v4.util.ArraySet failed lock verification and will run slower.
01-11 23:21:40.615  5170  5174 W dex2oat : Class com.android.dialer.DialerPhoneNumber$RawInput failed lock verification and will run slower.
01-11 23:21:40.615  5170  5175 W dex2oat : Class com.android.dialer.DialerPhoneNumber failed lock verification and will run slower.
01-11 23:21:40.617  5170  5173 W dex2oat : Class com.android.dialer.DialerInternalPhoneNumber failed lock verification and will run slower.
01-11 23:21:40.705  5170  5174 W dex2oat : Class com.android.dialer.calldetails.CallDetailsEntries failed lock verification and will run slower.
01-11 23:21:40.706  5170  5173 W dex2oat : Class com.android.dialer.calldetails.CallDetailsEntries$CallDetailsEntry failed lock verification and will run slower.
01-11 23:21:40.713  5170  5174 W dex2oat : Class com.android.dialer.callintent.CallSpecificAppData failed lock verification and will run slower.
01-11 23:21:40.715  5170  5170 W dex2oat : Class com.android.dialer.common.concurrent.AsyncTaskExecutors failed lock verification and will run slower.
01-11 23:21:40.722  5170  5174 W dex2oat : Class com.android.dialer.dialercontact.SimDetails failed lock verification and will run slower.
01-11 23:21:40.723  5170  5175 W dex2oat : Class com.android.dialer.dialercontact.DialerContact failed lock verification and will run slower.
01-11 23:21:40.728  5170  5170 W dex2oat : Class com.android.dialer.enrichedcall.historyquery.proto.HistoryResult failed lock verification and will run slower.
01-11 23:21:40.876  5170  5174 W dex2oat : Class com.bumptech.glide.Glide failed lock verification and will run slower.
01-11 23:21:40.956  5170  5174 W dex2oat : Class com.google.internal.communications.voicemailtranscription.v1.TranscribeVoicemailRequest failed lock verification and will run slower.
01-11 23:21:40.957  5170  5170 W dex2oat : Class com.google.internal.communications.voicemailtranscription.v1.TranscribeVoicemailResponse failed lock verification and will run slower.
01-11 23:21:41.472  5170  5170 I dex2oat : dex2oat took 1.918s (4.569s cpu) (threads: 4) arena alloc=6KB (7008B) java alloc=6MB (6517632B) native alloc=6MB (6879720B) free=2MB (3081752B)
01-11 23:21:41.532  5176  5176 I dex2oat : /system/bin/dex2oat --input-vdex-fd=-1 --output-vdex-fd=9 --compiler-filter=quicken -j4 --classpath-dir=/system/priv-app/PackageInstaller --class-loader-context=PCL[]
01-11 23:21:42.328  5176  5176 I dex2oat : dex2oat took 796.688ms (1.953s cpu) (threads: 4) arena alloc=17KB (18248B) java alloc=3MB (3856272B) native alloc=2MB (3039912B) free=2MB (2202968B)
01-11 23:21:42.382  5181  5181 I dex2oat : /system/bin/dex2oat --input-vdex-fd=-1 --output-vdex-fd=9 --compiler-filter=quicken -j4 --classpath-dir=/system/priv-app/ProxyHandler --class-loader-context=PCL[]
01-11 23:21:42.434  5181  5181 I dex2oat : dex2oat took 52.974ms (60.168ms cpu) (threads: 4) arena alloc=23KB (23720B) java alloc=67KB (69288B) native alloc=1308KB (1339656B) free=1763KB (1806072B)
01-11 23:21:42.483  5186  5186 I dex2oat : /system/bin/dex2oat --input-vdex-fd=-1 --output-vdex-fd=9 --compiler-filter=quicken -j4 --classpath-dir=/system/app/LatinIME --class-loader-context=PCL[]
01-11 23:21:42.824  5186  5186 I dex2oat : dex2oat took 341.990ms (822.421ms cpu) (threads: 4) arena alloc=309KB (316688B) java alloc=1273KB (1304072B) native alloc=1891KB (1937104B) free=3MB (3830064B)
01-11 23:21:42.880  5191  5191 I dex2oat : /system/bin/dex2oat --input-vdex-fd=-1 --output-vdex-fd=9 --compiler-filter=quicken -j4 --classpath-dir=/system/priv-app/Settings --class-loader-context=PCL[]
01-11 23:21:44.089   484   782 E ThermalEngine: [BMHB_GOV] read failed VS_TEMP
01-11 23:21:44.708  5196  5196 E ANDR-PERF-MPCTL: Unable to create control service (stage=1, rc=0)
01-11 23:21:44.708  5196  5196 W libc    : invalid pthread_t (0) passed to libc
01-11 23:21:44.941  5191  5191 I dex2oat : dex2oat took 2.062s (4.818s cpu) (threads: 4) arena alloc=6KB (6496B) java alloc=10MB (10983448B) native alloc=6MB (7032392B) free=1836KB (1880504B)
01-11 23:21:45.004  5197  5197 I dex2oat : /system/bin/dex2oat --input-vdex-fd=-1 --output-vdex-fd=9 --compiler-filter=quicken -j4 --classpath-dir=/system/priv-app/TeleService --class-loader-context=PCL[]
01-11 23:21:45.703  5197  5197 I dex2oat : dex2oat took 699.692ms (1.717s cpu) (threads: 4) arena alloc=6KB (6656B) java alloc=2MB (2949336B) native alloc=3MB (3309560B) free=1888KB (1933320B)
01-11 23:21:45.758  5202  5202 I dex2oat : /system/bin/dex2oat --input-vdex-fd=-1 --output-vdex-fd=9 --compiler-filter=quicken -j4 --classpath-dir=/system/priv-app/Shell --class-loader-context=PCL[]
01-11 23:21:45.862  5202  5202 I dex2oat : dex2oat took 106.358ms (165.404ms cpu) (threads: 4) arena alloc=14KB (14344B) java alloc=173KB (178008B) native alloc=1319KB (1350840B) free=2MB (2319176B)
01-11 23:21:45.911  5207  5207 I dex2oat : /system/bin/dex2oat --input-vdex-fd=-1 --output-vdex-fd=9 --compiler-filter=quicken -j4 --classpath-dir=/system/priv-app/FusedLocation --class-loader-context=PCL[/system/framework/com.android.location.provider.jar]
01-11 23:21:45.969  5207  5207 I dex2oat : dex2oat took 58.405ms (62.935ms cpu) (threads: 4) arena alloc=3KB (4080B) java alloc=68KB (69704B) native alloc=1512KB (1548968B) free=2MB (2121048B)
01-11 23:21:46.021  5212  5212 I dex2oat : /system/bin/dex2oat --input-vdex-fd=-1 --output-vdex-fd=9 --compiler-filter=quicken -j4 --classpath-dir=/system/priv-app/SystemUI --class-loader-context=PCL[]
01-11 23:21:48.234  5212  5212 I dex2oat : dex2oat took 2.213s (5.453s cpu) (threads: 4) arena alloc=9KB (9272B) java alloc=9MB (10372976B) native alloc=7MB (7428280B) free=1961KB (2008904B)
01-11 23:21:48.295  5217  5217 I dex2oat : /system/bin/dex2oat --input-vdex-fd=-1 --output-vdex-fd=9 --compiler-filter=quicken -j4 --classpath-dir=/system/priv-app/CalendarProvider --class-loader-context=PCL[/system/framework/android.test.mock.jar:/system/framework/android.test.runner.jar]
01-11 23:21:48.505  5217  5217 I dex2oat : dex2oat took 210.043ms (415.514ms cpu) (threads: 4) arena alloc=8KB (9096B) java alloc=500KB (512840B) native alloc=1350KB (1382520B) free=2MB (2811784B)
01-11 23:21:48.554  5222  5222 I dex2oat : /system/bin/dex2oat --input-vdex-fd=-1 --output-vdex-fd=9 --compiler-filter=quicken -j4 --classpath-dir=/system/priv-app/MediaProvider --class-loader-context=PCL[]
01-11 23:21:48.661  5222  5222 I dex2oat : dex2oat took 108.470ms (152.503ms cpu) (threads: 4) arena alloc=117KB (119840B) java alloc=162KB (166792B) native alloc=1467KB (1503160B) free=2MB (2166856B)
01-11 23:21:48.669  5005  5005 I chatty  : uid=1000 system_server expire 13 lines
01-11 23:21:48.709  5227  5227 I dex2oat : /system/bin/dex2oat --input-vdex-fd=-1 --output-vdex-fd=9 --compiler-filter=quicken -j4 --classpath-dir=/system/priv-app/GoogleOneTimeInitializer --class-loader-context=PCL[]
01-11 23:21:48.800  5227  5227 I dex2oat : dex2oat took 91.318ms (132.525ms cpu) (threads: 4) arena alloc=21KB (22520B) java alloc=163KB (167648B) native alloc=1324KB (1355936B) free=1747KB (1789792B)
01-11 23:21:48.848  5232  5232 I dex2oat : /system/bin/dex2oat --input-vdex-fd=-1 --output-vdex-fd=9 --compiler-filter=quicken -j4 --classpath-dir=/system/priv-app/WallpaperCropper --class-loader-context=PCL[]
01-11 23:21:48.930  5232  5232 I dex2oat : dex2oat took 82.203ms (117.300ms cpu) (threads: 4) arena alloc=3KB (3520B) java alloc=131KB (134248B) native alloc=1463KB (1498120B) free=2MB (2171896B)
01-11 23:21:48.982  5237  5237 I dex2oat : /system/bin/dex2oat --input-vdex-fd=-1 --output-vdex-fd=9 --compiler-filter=quicken -j4 --classpath-dir=/system/priv-app/DocumentsUI --class-loader-context=PCL[]
01-11 23:21:49.089   484   782 E ThermalEngine: [BMHB_GOV] read failed VS_TEMP
01-11 23:21:49.709  5242  5242 E ANDR-PERF-MPCTL: Unable to create control service (stage=1, rc=0)
01-11 23:21:49.709  5242  5242 W libc    : invalid pthread_t (0) passed to libc
01-11 23:21:49.873  5237  5237 I dex2oat : dex2oat took 891.654ms (1.945s cpu) (threads: 4) arena alloc=2520B (2520B) java alloc=3MB (3340912B) native alloc=3MB (3450880B) free=2MB (2840576B)
01-11 23:21:49.929  5243  5243 I dex2oat : /system/bin/dex2oat --input-vdex-fd=-1 --output-vdex-fd=9 --compiler-filter=quicken -j4 --classpath-dir=/system/priv-app/ExternalStorageProvider --class-loader-context=PCL[]
01-11 23:21:49.990  5243  5243 I dex2oat : dex2oat took 62.884ms (69.404ms cpu) (threads: 4) arena alloc=10KB (10392B) java alloc=72KB (73752B) native alloc=1375KB (1408864B) free=1696KB (1736864B)
01-11 23:21:50.039  5248  5248 I dex2oat : /system/bin/dex2oat --input-vdex-fd=-1 --output-vdex-fd=9 --compiler-filter=quicken -j4 --classpath-dir=/system/app/HTMLViewer --class-loader-context=PCL[]
01-11 23:21:50.093  5248  5248 I dex2oat : dex2oat took 55.093ms (62.704ms cpu) (threads: 4) arena alloc=9KB (9752B) java alloc=81KB (83144B) native alloc=1209KB (1238648B) free=1350KB (1382792B)
01-11 23:21:50.141  5253  5253 I dex2oat : /system/bin/dex2oat --input-vdex-fd=-1 --output-vdex-fd=9 --compiler-filter=quicken -j4 --classpath-dir=/system/app/CompanionDeviceManager --class-loader-context=PCL[]
01-11 23:21:50.200  5253  5253 I dex2oat : dex2oat took 60.328ms (78.975ms cpu) (threads: 4) arena alloc=5KB (5328B) java alloc=85KB (87856B) native alloc=1211KB (1240392B) free=1860KB (1905336B)
01-11 23:21:50.250  5258  5258 I dex2oat : /system/bin/dex2oat --input-vdex-fd=-1 --output-vdex-fd=9 --compiler-filter=quicken -j4 --classpath-dir=/system/priv-app/DownloadProvider --class-loader-context=PCL[]
01-11 23:21:50.424  5258  5258 I dex2oat : dex2oat took 175.803ms (349.334ms cpu) (threads: 4) arena alloc=7KB (7304B) java alloc=406KB (416488B) native alloc=1358KB (1391464B) free=2MB (2802840B)
01-11 23:21:50.476  5263  5263 I dex2oat : /system/bin/dex2oat --input-vdex-fd=-1 --output-vdex-fd=9 --compiler-filter=quicken -j4 --classpath-dir=/system/app/messaging --class-loader-context=PCL[]
01-11 23:21:51.988  5263  5263 I dex2oat : dex2oat took 1.513s (3.740s cpu) (threads: 4) arena alloc=115KB (118216B) java alloc=5MB (6041160B) native alloc=5MB (6067648B) free=1754KB (1796672B)
01-11 23:21:52.044  5269  5269 I dex2oat : /system/bin/dex2oat --input-vdex-fd=-1 --output-vdex-fd=9 --compiler-filter=quicken -j4 --classpath-dir=/system/app/Terminal --class-loader-context=PCL[]
01-11 23:21:52.497  5269  5269 I dex2oat : dex2oat took 453.593ms (1.056s cpu) (threads: 4) arena alloc=6KB (6864B) java alloc=1166KB (1194120B) native alloc=2MB (2324712B) free=1825KB (1869592B)
01-11 23:21:52.549  5274  5274 I dex2oat : /system/bin/dex2oat --input-vdex-fd=-1 --output-vdex-fd=9 --compiler-filter=quicken -j4 --classpath-dir=/system/app/Bolt --class-loader-context=PCL[]
01-11 23:21:53.179  5274  5274 I dex2oat : dex2oat took 631.165ms (1.521s cpu) (threads: 4) arena alloc=10KB (11000B) java alloc=2MB (2565144B) native alloc=2MB (2514520B) free=2MB (2204072B)
01-11 23:21:53.231  5279  5279 I dex2oat : /system/bin/dex2oat --input-vdex-fd=-1 --output-vdex-fd=9 --compiler-filter=quicken -j4 --classpath-dir=/system/priv-app/ConfigUpdater --class-loader-context=PCL[]
01-11 23:21:54.089   484   782 E ThermalEngine: [BMHB_GOV] read failed VS_TEMP
01-11 23:21:54.533  5279  5279 I dex2oat : dex2oat took 1.302s (2.658s cpu) (threads: 4) arena alloc=14KB (14544B) java alloc=3MB (3242288B) native alloc=5MB (5538776B) free=1759KB (1801256B)
01-11 23:21:54.589  5285  5285 I dex2oat : /system/bin/dex2oat --input-vdex-fd=-1 --output-vdex-fd=9 --compiler-filter=quicken -j4 --classpath-dir=/system/app/DownloadProviderUi --class-loader-context=PCL[]
01-11 23:21:54.647  5285  5285 I dex2oat : dex2oat took 59.699ms (57.736ms cpu) (threads: 4) arena alloc=14KB (15064B) java alloc=80KB (82904B) native alloc=1201KB (1230728B) free=1358KB (1390712B)
01-11 23:21:54.700  5290  5290 I chatty  : uid=50014(com.android.vending) /system/bin/dex2oat expire 24 lines
01-11 23:21:54.701  5291  5291 E ANDR-PERF-MPCTL: Unable to create control service (stage=1, rc=0)
01-11 23:21:54.701  5291  5291 W libc    : invalid pthread_t (0) passed to libc
01-11 23:21:58.893  5290  5298 I chatty  : uid=50014(com.android.vending) /system/bin/dex2oat expire 50 lines
01-11 23:21:58.893  5290  5297 I chatty  : uid=50014(com.android.vending) /system/bin/dex2oat expire 57 lines
01-11 23:21:58.897  5290  5296 I chatty  : uid=50014(com.android.vending) /system/bin/dex2oat expire 81 lines
01-11 23:21:58.928  5290  5296 W dex2oat : Method processed more than once: void com.google.android.play.layout.d.draw(android.graphics.Canvas)
01-11 23:21:58.929  5290  5296 W dex2oat : Method processed more than once: void com.google.android.play.layout.d.e()
01-11 23:21:58.929  5290  5296 W dex2oat : Method processed more than once: android.widget.TextView com.google.android.play.layout.d.getAdCreative()
01-11 23:21:58.929  5290  5296 W dex2oat : Method processed more than once: android.widget.TextView com.google.android.play.layout.d.getAdLabel()
01-11 23:21:58.929  5290  5296 W dex2oat : Method processed more than once: android.widget.TextView com.google.android.play.layout.d.getAppSize()
01-11 23:21:58.929  5290  5296 W dex2oat : Method processed more than once: int com.google.android.play.layout.d.getAvatarSnippetMarginLeft()
01-11 23:21:58.929  5290  5296 W dex2oat : Method processed more than once: com.google.android.play.b.i com.google.android.play.layout.d.getCardViewGroupDelegate()
01-11 23:21:58.929  5290  5296 W dex2oat : Method processed more than once: java.lang.Object com.google.android.play.layout.d.getData()
01-11 23:21:58.929  5290  5296 W dex2oat : Method processed more than once: com.google.android.play.layout.PlayTextView com.google.android.play.layout.d.getDescription()
01-11 23:21:58.929  5290  5296 W dex2oat : Method processed more than once: com.google.android.play.layout.PlayTextView com.google.android.play.layout.d.getItemBadge()
01-11 23:21:58.930  5290  5296 W dex2oat : Method processed more than once: com.google.android.play.layout.PlayCardLabelView com.google.android.play.layout.d.getLabel()
01-11 23:21:58.930  5290  5296 W dex2oat : Method processed more than once: com.google.android.play.layout.c com.google.android.play.layout.d.getLabelDelegate()
01-11 23:21:58.930  5290  5296 W dex2oat : Method processed more than once: android.view.View com.google.android.play.layout.d.getLoadingIndicator()
01-11 23:21:58.930  5290  5296 W dex2oat : Method processed more than once: java.lang.Object com.google.android.play.layout.d.getLoggingData()
01-11 23:21:58.930  5290  5296 W dex2oat : Method processed more than once: android.widget.ImageView com.google.android.play.layout.d.getOverflow()
01-11 23:21:58.930  5290  5296 W dex2oat : Method processed more than once: int com.google.android.play.layout.d.getOwnershipRenderingType()
01-11 23:21:58.930  5290  5296 W dex2oat : Method processed more than once: android.widget.TextView com.google.android.play.layout.d.getRanking()
01-11 23:21:58.930  5290  5296 W dex2oat : Method processed more than once: com.google.android.play.layout.StarRatingBar com.google.android.play.layout.d.getRatingBar()
01-11 23:21:58.930  5290  5296 W dex2oat : Method processed more than once: com.google.android.play.layout.n com.google.android.play.layout.d.getRatingBarDelegate()
01-11 23:21:58.930  5290  5296 W dex2oat : Method processed more than once: com.google.android.play.layout.PlayCardSnippet com.google.android.play.layout.d.getSnippet1()
01-11 23:21:58.930  5290  5296 W dex2oat : Method processed more than once: com.google.android.play.layout.PlayCardSnippet com.google.android.play.layout.d.getSnippet2()
01-11 23:21:58.930  5290  5296 W dex2oat : Method processed more than once: com.google.android.play.layout.PlayTextView com.google.android.play.layout.d.getSubtitle()
01-11 23:21:58.930  5290  5296 W dex2oat : Method processed more than once: com.google.android.play.layout.PlayTextView com.google.android.play.layout.d.getSubtitle2()
01-11 23:21:58.930  5290  5296 W dex2oat : Method processed more than once: com.google.android.play.layout.a com.google.android.play.layout.d.getSubtitleDelegate()
01-11 23:21:58.930  5290  5296 W dex2oat : Method processed more than once: int com.google.android.play.layout.d.getTextOnlySnippetMarginLeft()
