01-01 01:19:33.650   548   548 E patchoat: 0xec942000-0xec972000 r-x /system/lib/libdexfile.so
01-01 01:19:33.650   548   548 E patchoat: 0xec972000-0xec973000 r-- /system/lib/libdexfile.so
01-01 01:19:33.650   548   548 E patchoat: 0xec973000-0xec974000 rw- /system/lib/libdexfile.so
01-01 01:19:33.650   548   548 E patchoat: 0xec9ae000-0xeca6e000 r-x /system/lib/libcrypto.so
01-01 01:19:33.650   548   548 E patchoat: 0xeca6e000-0xeca78000 r-- /system/lib/libcrypto.so
01-01 01:19:33.650   548   548 E patchoat: 0xeca78000-0xeca79000 rw- /system/lib/libcrypto.so
01-01 01:19:33.650   548   548 E patchoat: 0xecab5000-0xecab6000 r-- [anon:linker_alloc]
01-01 01:19:33.650   548   548 E patchoat: 0xecabb000-0xecabc000 rw- [anon:linker_alloc_vector]
01-01 01:19:33.650   548   548 E patchoat: 0xecb00000-0xecb01000 rw- [anon:linker_alloc_vector]
01-01 01:19:33.650   548   548 E patchoat: 0xecb01000-0xecb02000 rw- [anon:linker_alloc_small_objects]
01-01 01:19:33.650   548   548 E patchoat: 0xecb02000-0xecb03000 r-- [anon:linker_alloc]
01-01 01:19:33.650   548   548 E patchoat: 0xecb03000-0xecb04000 rw- [anon:linker_alloc]
01-01 01:19:33.650   548   548 E patchoat: 0xecb25000-0xecb26000 rw- [anon:linker_alloc_vector]
01-01 01:19:33.650   548   548 E patchoat: 0xecb26000-0xecb27000 r-- [anon:linker_alloc]
01-01 01:19:33.650   548   548 E patchoat: 0xecb44000-0xecb45000 r-- [anon:linker_alloc]
01-01 01:19:33.650   548   548 E patchoat: 0xecb7f000-0xecb80000 r-- /system/framework/arm/boot-okhttp.oat
01-01 01:19:33.650   548   548 E patchoat: 0xecb81000-0xecb82000 r-- /system/framework/arm/boot-conscrypt.oat
01-01 01:19:33.650   548   548 E patchoat: 0xecb83000-0xecb84000 r-- /system/framework/arm/boot-core-libart.oat
01-01 01:19:33.650   548   548 E patchoat: 0xecb84000-0xecb87000 r-- /data/dalvik-cache/arm/system@framework@boot-core-libart.art
01-01 01:19:33.650   548   548 E patchoat: 0xecb87000-0xecb88000 r-- /system/framework/arm/boot.oat
01-01 01:19:33.650   548   548 E patchoat: 0xecb88000-0xecb89000 r-- /system/framework/arm/boot-okhttp.art
01-01 01:19:33.650   548   548 E patchoat: 0xecb89000-0xecb8a000 r-- /data/dalvik-cache/arm/system@framework@boot-conscrypt.art
01-01 01:19:33.650   548   548 E patchoat: 0xecb8a000-0xecb8f000 r-- /data/dalvik-cache/arm/system@framework@boot.art
01-01 01:19:33.650   548   548 E patchoat: 0xecb8f000-0xecbaf000 r-- /dev/__properties__/u:object_r:debug_prop:s0
01-01 01:19:33.650   548   548 E patchoat: 0xecbaf000-0xecbb0000 r-- /dev/event-log-tags
01-01 01:19:33.650   548   548 E patchoat: 0xecbb0000-0xecbb6000 rw- /system/etc/event-log-tags
01-01 01:19:33.650   548   548 E patchoat: 0xecbb6000-0xecbb7000 r-- [anon:atexit handlers]
01-01 01:19:33.650   548   548 E patchoat: 0xecbb7000-0xecbd7000 r-- /dev/__properties__/u:object_r:default_prop:s0
01-01 01:19:33.650   548   548 E patchoat: 0xecbd7000-0xecbf7000 r-- /dev/__properties__/properties_serial
01-01 01:19:33.650   548   548 E patchoat: 0xecbf7000-0xecbf8000 rw- [anon:System property context nodes]
01-01 01:19:33.650   548   548 E patchoat: 0xecbf8000-0xecbfb000 r-- /dev/__properties__/property_info
01-01 01:19:33.650   548   548 E patchoat: 0xecbfb000-0xecbfc000 rw- [anon:arc4random data]
01-01 01:19:33.650   548   548 E patchoat: 0xecbfc000-0xecbfd000 rw- [anon:linker_alloc]
01-01 01:19:33.650   548   548 E patchoat: 0xecbfd000-0xecc1d000 r-- /dev/__properties__/u:object_r:default_prop:s0
01-01 01:19:33.650   548   548 E patchoat: 0xecc1d000-0xecc1e000 rw- [anon:linker_alloc_vector]
01-01 01:19:33.650   548   548 E patchoat: 0xecc1e000-0xecc1f000 rw- [anon:linker_alloc_small_objects]
01-01 01:19:33.650   548   548 E patchoat: 0xecc1f000-0xecc20000 rw- [anon:linker_alloc_vector]
01-01 01:19:33.650   548   548 E patchoat: 0xecc20000-0xecc21000 rw- [anon:linker_alloc]
01-01 01:19:33.650   548   548 E patchoat: 0xecc21000-0xecc22000 r-- [anon:linker_alloc]
01-01 01:19:33.650   548   548 E patchoat: 0xecc22000-0xecc42000 r-- /dev/__properties__/u:object_r:debug_prop:s0
01-01 01:19:33.650   548   548 E patchoat: 0xecc42000-0xecc43000 --- 
01-01 01:19:33.650   548   548 E patchoat: 0xecc43000-0xecc44000 rw- 
01-01 01:19:33.650   548   548 E patchoat: 0xecc44000-0xecc45000 --- 
01-01 01:19:33.650   548   548 E patchoat: 0xecc45000-0xecc65000 r-- /dev/__properties__/properties_serial
01-01 01:19:33.650   548   548 E patchoat: 0xecc65000-0xecc66000 rw- [anon:System property context nodes]
01-01 01:19:33.650   548   548 E patchoat: 0xecc66000-0xecc69000 r-- /dev/__properties__/property_info
01-01 01:19:33.650   548   548 E patchoat: 0xecc69000-0xecc6a000 r-- [anon:linker_alloc]
01-01 01:19:33.650   548   548 E patchoat: 0xecc6a000-0xecc6b000 rw- [anon:linker_alloc_vector]
01-01 01:19:33.650   548   548 E patchoat: 0xecc6b000-0xecc6c000 rw- [anon:linker_alloc_small_objects]
01-01 01:19:33.650   548   548 E patchoat: 0xecc6c000-0xecc6d000 rw- [anon:linker_alloc_vector]
01-01 01:19:33.650   548   548 E patchoat: 0xecc6d000-0xecc6e000 rw- [anon:linker_alloc_small_objects]
01-01 01:19:33.650   548   548 E patchoat: 0xecc6e000-0xecc6f000 r-- [anon:atexit handlers]
01-01 01:19:33.650   548   548 E patchoat: 0xecc6f000-0xecc70000 --- [anon:thread signal stack guard]
01-01 01:19:33.650   548   548 E patchoat: 0xecc70000-0xecc74000 rw- [anon:thread signal stack]
01-01 01:19:33.650   548   548 E patchoat: 0xecc74000-0xecc75000 rw- [anon:arc4random data]
01-01 01:19:33.650   548   548 E patchoat: 0xecc75000-0xecc76000 --- [anon:bionic TLS guard]
01-01 01:19:33.650   548   548 E patchoat: 0xecc76000-0xecc79000 rw- [anon:bionic TLS]
01-01 01:19:33.650   548   548 E patchoat: 0xecc79000-0xecc7a000 --- [anon:bionic TLS guard]
01-01 01:19:33.650   548   548 E patchoat: 0xecc7a000-0xecd39000 r-x /system/bin/linker
01-01 01:19:33.650   548   548 E patchoat: 0xecd39000-0xecd3f000 r-- /system/bin/linker
01-01 01:19:33.650   548   548 E patchoat: 0xecd3f000-0xecd40000 rw- /system/bin/linker
01-01 01:19:33.650   548   548 E patchoat: 0xecd40000-0xecd42000 rw- 
01-01 01:19:33.650   548   548 E patchoat: 0xecd42000-0xecd43000 r-- 
01-01 01:19:33.650   548   548 E patchoat: 0xecd43000-0xecd49000 rw- 
01-01 01:19:33.650   548   548 E patchoat: 0xfff0d000-0xfff2f000 rw- [stack]
01-01 01:19:33.650   548   548 E patchoat: 0xffff0000-0xffff1000 r-x [vectors]
01-01 01:19:33.650   548   548 E patchoat: 
01-01 01:19:33.650   548   548 E patchoat: Attempted image: /system/framework/boot-okhttp.art
01-01 01:19:33.662   548   548 E patchoat: Dex file fallback disabled, cannot continue without image.
01-01 01:19:33.662   548   548 E patchoat: Unable to initialize runtime
01-01 01:19:33.667   421   421 W zygote  : Failed execv(/system/bin/patchoat --input-image-location=/system/framework/boot.art --output-image-directory=/data/dalvik-cache/arm --instruction-set=arm --verify) because non-0 exit status Preemptively pruning the dalvik cache.
01-01 01:19:33.667   421   421 I zygote  : Pruning dalvik-cache since we are relocating an image and will need to recompile
01-01 01:19:33.667   421   421 I zygote  : RelocateImage: /system/bin/patchoat --input-image-location=/system/framework/boot.art --output-image-directory=/data/dalvik-cache/arm --instruction-set=arm --base-offset-delta=3014656
01-01 01:19:33.673   439   439 D vndksupport: Loading /vendor/lib64/hw/gralloc.default.so from current namespace instead of sphal namespace.
01-01 01:19:33.674   439   439 I Adreno  : QUALCOMM build                   : d3015e9, I25dc76dc3f
01-01 01:19:33.674   439   439 I Adreno  : Build Date                       : 01/26/17
01-01 01:19:33.674   439   439 I Adreno  : OpenGL ES Shader Compiler Version: XE031.09.00.03
01-01 01:19:33.674   439   439 I Adreno  : Local Branch                     : 
01-01 01:19:33.674   439   439 I Adreno  : Remote Branch                    : refs/tags/AU_LINUX_ANDROID_LA.BF64.1.2.3_RB1.07.00.00.258.011
01-01 01:19:33.674   439   439 I Adreno  : Remote Branch                    : NONE
01-01 01:19:33.674   439   439 I Adreno  : Reconstruct Branch               : NOTHING
01-01 01:19:33.676     0     0 I [    5.190732 / 01-01 01:19:33.667][1] ueventd: firmware: loading 'a420_pm4.fw' for '/devices/soc.0/fdb00000.qcom,kgsl-3d0/kgsl/kgsl-3d0/a420_pm4.fw'
01-01 01:19:33.678   420   420 D AndroidRuntime: >>>>>> START com.android.internal.os.ZygoteInit uid 0 <<<<<<
01-01 01:19:33.678   420   420 I boot_progress_start: 5191
01-01 01:19:33.680     0     0 I [    5.193696 / 01-01 01:19:33.671][1] ueventd: loading /devices/soc.0/fdb00000.qcom,kgsl-3d0/kgsl/kgsl-3d0/a420_pm4.fw took 3ms
01-01 01:19:33.680     0     0 I [    5.194493 / 01-01 01:19:33.671][1] ueventd: firmware: loading 'a420_pfp.fw' for '/devices/soc.0/fdb00000.qcom,kgsl-3d0/kgsl/kgsl-3d0/a420_pfp.fw'
01-01 01:19:33.684     0     0 I [    5.195266 / 01-01 01:19:33.675][1] ueventd: loading /devices/soc.0/fdb00000.qcom,kgsl-3d0/kgsl/kgsl-3d0/a420_pfp.fw took 0ms
01-01 01:19:33.688     0     0 E         : [    5.202282 / 01-01 01:19:33.679][1] devfreq qcom,kgsl-busmon.18: Couldn't update frequency transition information.
01-01 01:19:33.694   439   439 I ConfigStore: android::hardware::configstore::V1_0::ISurfaceFlingerConfigs::hasWideColorDisplay retrieved: 0 (default)
01-01 01:19:33.694   439   439 I ConfigStore: android::hardware::configstore::V1_0::ISurfaceFlingerConfigs::hasHDRDisplay retrieved: 0 (default)
01-01 01:19:33.696   439   439 I SurfaceFlinger: EGL information:
01-01 01:19:33.696   439   439 I SurfaceFlinger: vendor    : Android
01-01 01:19:33.696   439   439 I SurfaceFlinger: version   : 1.4 Android META-EGL
01-01 01:19:33.696   439   439 I SurfaceFlinger: extensions: EGL_KHR_get_all_proc_addresses EGL_ANDROID_presentation_time EGL_KHR_swap_buffers_with_damage EGL_ANDROID_get_native_client_buffer EGL_ANDROID_front_buffer_auto_refresh EGL_ANDROID_get_frame_timestamps EGL_EXT_surface_SMPTE2086_metadata EGL_EXT_surface_CTA861_3_metadata EGL_KHR_image EGL_KHR_image_base EGL_KHR_lock_surface EGL_KHR_gl_colorspace EGL_KHR_gl_texture_2D_image EGL_KHR_gl_texture_3D_image EGL_KHR_gl_texture_cubemap_image EGL_KHR_gl_renderbuffer_image EGL_KHR_reusable_sync EGL_KHR_fence_sync EGL_KHR_create_context EGL_KHR_surfaceless_context EGL_EXT_create_context_robustness EGL_ANDROID_image_native_buffer EGL_KHR_wait_sync EGL_ANDROID_recordable EGL_KHR_partial_update EGL_KHR_create_context_no_error EGL_KHR_mutable_render_buffer EGL_EXT_yuv_surface EGL_IMG_context_priority 
01-01 01:19:33.696   439   439 I SurfaceFlinger: Client API: OpenGL_ES
01-01 01:19:33.696   439   439 I SurfaceFlinger: EGLSurface: 8-8-8-8, config=0x72abbce800
--------- beginning of crash
01-01 01:19:33.697   439   439 F libc    : Fatal signal 11 (SIGSEGV), code 1 (SEGV_MAPERR), fault addr 0x0 in tid 439 (surfaceflinger), pid 439 (surfaceflinger)
01-01 01:19:33.720   556   556 E cutils-trace: Error opening trace file: Permission denied (13)
01-01 01:19:33.726   557   557 I crash_dump64: obtaining output fd from tombstoned, type: kDebuggerdTombstone
01-01 01:19:33.727   459   459 I /system/bin/tombstoned: received crash request for pid 439
01-01 01:19:33.744   557   557 I crash_dump64: performing dump of process 439 (target tid = 439)
01-01 01:19:33.748   557   557 F DEBUG   : *** *** *** *** *** *** *** *** *** *** *** *** *** *** *** ***
01-01 01:19:33.748   557   557 F DEBUG   : CypherOS Version: '7.0.0'
01-01 01:19:33.748   557   557 F DEBUG   : Build fingerprint: 'lge/p1_global_com/p1:8.1.0/OPM4.171019.016.A1/4720815:user/release-keys'
01-01 01:19:33.748   557   557 F DEBUG   : Revision: '11'
01-01 01:19:33.748   557   557 F DEBUG   : ABI: 'arm64'
01-01 01:19:33.748   557   557 F DEBUG   : pid: 439, tid: 439, name: surfaceflinger  >>> /system/bin/surfaceflinger <<<
01-01 01:19:33.748   557   557 F DEBUG   : signal 11 (SIGSEGV), code 1 (SEGV_MAPERR), fault addr 0x0
01-01 01:19:33.748   557   557 F DEBUG   : Cause: null pointer dereference
01-01 01:19:33.748   557   557 F DEBUG   :     x0  0000000000000000  x1  00000072abbd1080  x2  00000072aba00000  x3  0000000000000004
01-01 01:19:33.748   557   557 F DEBUG   :     x4  00000000000001d1  x5  0000007feb6aa2e8  x6  6665642e6d6b676c  x7  6f732e746c756166
01-01 01:19:33.748   557   557 F DEBUG   :     x8  5e991a6b8d75fc16  x9  000000732d86fe90  x10 00000000000001d1  x11 0000000000000000
01-01 01:19:33.748   557   557 F DEBUG   :     x12 0000000000000025  x13 6f732e323939386d  x14 0000000000000030  x15 aaaaaaaaaaaaaaab
01-01 01:19:33.748   557   557 F DEBUG   :     x16 000000732c970bd8  x17 000000732c903030  x18 000000000000303c  x19 0000000000000001
01-01 01:19:33.749   557   557 F DEBUG   :     x20 0000000000000000  x21 00000072aba46640  x22 000000732e77d5e0  x23 00000072abbce800
01-01 01:19:33.749   557   557 F DEBUG   :     x24 0000000000000001  x25 0000000000000001  x26 0000000000000000  x27 0000007feb6aa950
01-01 01:19:33.749   557   557 F DEBUG   :     x28 0000007feb6aa8e0  x29 0000007feb6aa8c0
01-01 01:19:33.749   557   557 F DEBUG   :     sp  0000007feb6aa7b0  lr  000000732d79ab44  pc  000000732d79ab54
01-01 01:19:33.761   557   557 F DEBUG   : 
01-01 01:19:33.761   557   557 F DEBUG   : backtrace:
01-01 01:19:33.761   557   557 F DEBUG   :     #00 pc 000000000009eb54  /system/lib64/libsurfaceflinger.so (android::RE::impl::RenderEngine::create(int, unsigned int)+276)
01-01 01:19:33.761   557   557 F DEBUG   :     #01 pc 00000000000a3cb8  /system/lib64/libsurfaceflinger.so (android::SurfaceFlinger::init()+816)
01-01 01:19:33.761   557   557 F DEBUG   :     #02 pc 0000000000002f44  /system/bin/surfaceflinger (main+320)
01-01 01:19:33.761   557   557 F DEBUG   :     #03 pc 00000000000ac984  /system/lib64/libc.so (__libc_init+88)
01-01 01:19:33.777   420   420 I zygote64: option[0]=-Xzygote
01-01 01:19:33.777   420   420 I zygote64: option[1]=-Xusetombstonedtraces
01-01 01:19:33.777   420   420 I zygote64: option[2]=exit
01-01 01:19:33.777   420   420 I zygote64: option[3]=vfprintf
01-01 01:19:33.777   420   420 I zygote64: option[4]=sensitiveThread
01-01 01:19:33.777   420   420 I zygote64: option[5]=-verbose:gc
01-01 01:19:33.777   420   420 I zygote64: option[6]=-Xms8m
01-01 01:19:33.777   420   420 I zygote64: option[7]=-Xmx768m
01-01 01:19:33.777   420   420 I zygote64: option[8]=-XX:HeapGrowthLimit=288m
01-01 01:19:33.777   420   420 I zygote64: option[9]=-XX:HeapMinFree=2m
01-01 01:19:33.777   420   420 I zygote64: option[10]=-XX:HeapMaxFree=8m
01-01 01:19:33.777   420   420 I zygote64: option[11]=-XX:HeapTargetUtilization=0.75
01-01 01:19:33.777   420   420 I zygote64: option[12]=-Xusejit:true
01-01 01:19:33.777   420   420 I zygote64: option[13]=-Xjitsaveprofilinginfo
01-01 01:19:33.777   420   420 I zygote64: option[14]=-XjdwpOptions:suspend=n,server=y
01-01 01:19:33.777   420   420 I zygote64: option[15]=-XjdwpProvider:default
01-01 01:19:33.777   420   420 I zygote64: option[16]=-Xlockprofthreshold:500
01-01 01:19:33.777   420   420 I zygote64: option[17]=-Ximage-compiler-option
01-01 01:19:33.777   420   420 I zygote64: option[18]=--runtime-arg
01-01 01:19:33.777   420   420 I zygote64: option[19]=-Ximage-compiler-option
01-01 01:19:33.777   420   420 I zygote64: option[20]=-Xms64m
01-01 01:19:33.777   420   420 I zygote64: option[21]=-Ximage-compiler-option
01-01 01:19:33.777   420   420 I zygote64: option[22]=--runtime-arg
01-01 01:19:33.777   420   420 I zygote64: option[23]=-Ximage-compiler-option
01-01 01:19:33.777   420   420 I zygote64: option[24]=-Xmx64m
01-01 01:19:33.777   420   420 I zygote64: option[25]=-Ximage-compiler-option
01-01 01:19:33.777   420   420 I zygote64: option[26]=--profile-file=/system/etc/boot-image.prof
01-01 01:19:33.777   420   420 I zygote64: option[27]=-Ximage-compiler-option
01-01 01:19:33.777   420   420 I zygote64: option[28]=--compiler-filter=speed-profile
01-01 01:19:33.777   420   420 I zygote64: option[29]=-Xcompiler-option
01-01 01:19:33.777   420   420 I zygote64: option[30]=--runtime-arg
01-01 01:19:33.777   420   420 I zygote64: option[31]=-Xcompiler-option
01-01 01:19:33.777   420   420 I zygote64: option[32]=-Xms64m
01-01 01:19:33.778   420   420 I zygote64: option[33]=-Xcompiler-option
01-01 01:19:33.778   420   420 I zygote64: option[34]=--runtime-arg
01-01 01:19:33.778   420   420 I zygote64: option[35]=-Xcompiler-option
01-01 01:19:33.778   420   420 I zygote64: option[36]=-Xmx512m
01-01 01:19:33.778   420   420 I zygote64: option[37]=-Xcompiler-option
01-01 01:19:33.778   420   420 I zygote64: option[38]=-j2
01-01 01:19:33.778   420   420 I zygote64: option[39]=-Ximage-compiler-option
01-01 01:19:33.778   420   420 I zygote64: option[40]=-j4
01-01 01:19:33.778   420   420 I zygote64: option[41]=-Ximage-compiler-option
01-01 01:19:33.778   420   420 I zygote64: option[42]=--instruction-set-variant=generic
01-01 01:19:33.778   420   420 I zygote64: option[43]=-Xcompiler-option
01-01 01:19:33.778   420   420 I zygote64: option[44]=--instruction-set-variant=generic
01-01 01:19:33.778   420   420 I zygote64: option[45]=-Ximage-compiler-option
01-01 01:19:33.778   420   420 I zygote64: option[46]=--instruction-set-features=default
01-01 01:19:33.778   420   420 I zygote64: option[47]=-Xcompiler-option
01-01 01:19:33.778   420   420 I zygote64: option[48]=--instruction-set-features=default
01-01 01:19:33.778   420   420 I zygote64: option[49]=-Duser.locale=en-US
01-01 01:19:33.778   420   420 I zygote64: option[50]=--cpu-abilist=arm64-v8a
01-01 01:19:33.778   420   420 I zygote64: option[51]=-Xfingerprint:lge/p1_global_com/p1:8.1.0/OPM4.171019.016.A1/4720815:user/release-keys
01-01 01:19:33.787   440   440 W ServiceManagement: Waited one second for android.hardware.thermal@1.1::IThermal/default. Waiting another...
01-01 01:19:33.808     0     0 D [    5.319319 / 01-01 01:19:33.799][2] logd: logdr: UID=1000 GID=1003 PID=557 n tail=50 logMask=8 pid=439 start=0ns timeout=0ns
01-01 01:19:33.808     0     0 D [    5.320386 / 01-01 01:19:33.799][2] logd: logdr: UID=1000 GID=1003 PID=557 n tail=50 logMask=1 pid=439 start=0ns timeout=0ns
01-01 01:19:33.840     0     0 D [    5.353724 / 01-01 01:19:33.831][2] logd: logdr: UID=1000 GID=1003 PID=557 n tail=0 logMask=8 pid=439 start=0ns timeout=0ns
01-01 01:19:33.840     0     0 D [    5.354644 / 01-01 01:19:33.831][2] logd: logdr: UID=1000 GID=1003 PID=557 n tail=0 logMask=1 pid=439 start=0ns timeout=0ns
01-01 01:19:33.842   557   557 E crash_dump64: unable to connect to activity manager: No such file or directory
01-01 01:19:33.844   459   459 E /system/bin/tombstoned: Tombstone written to: /data/tombstones/tombstone_19
01-01 01:19:33.848     0     0 I [    5.360364 / 01-01 01:19:33.839][3] init: Untracked pid 557 exited with status 0
01-01 01:19:33.848     0     0 I [    5.361633 / 01-01 01:19:33.839][3] init: Service 'surfaceflinger' (pid 439) received signal 11
01-01 01:19:33.848     0     0 I [    5.361666 / 01-01 01:19:33.839][3] init: Sending signal 9 to service 'surfaceflinger' (pid 439) process group...
01-01 01:19:33.856     0     0 I [    5.367176 / 01-01 01:19:33.851][3] libprocessgroup: Successfully killed process cgroup uid 1000 pid 439 in 5ms
01-01 01:19:33.856     0     0 I [    5.367454 / 01-01 01:19:33.851][3] init: Sending signal 9 to service 'zygote' (pid 420) process group...
01-01 01:19:33.865     0     0 I [    5.378047 / 01-01 01:19:33.855][1] libprocessgroup: Successfully killed process cgroup uid 0 pid 420 in 10ms
01-01 01:19:33.865     0     0 I [    5.378742 / 01-01 01:19:33.855][1] init: Service 'zygote' (pid 420) received signal 9
01-01 01:19:33.865     0     0 I [    5.379439 / 01-01 01:19:33.859][1] init: Command 'write /sys/power/state on' action=onrestart (<Service 'zygote' onrestart>:2) took 0ms and failed: Unable to write to file '/sys/power/state': Unable to write file contents: Invalid argument
01-01 01:19:33.865     0     0 I [    5.379487 / 01-01 01:19:33.859][1] init: Sending signal 9 to service 'audioserver' (pid 437) process group...
01-01 01:19:33.869   401   401 I ServiceManager: service 'media.audio_flinger' died
01-01 01:19:33.872     0     0 I [    5.385168 / 01-01 01:19:33.863][1] libprocessgroup: Successfully killed process cgroup uid 1041 pid 437 in 5ms
01-01 01:19:33.872     0     0 I [    5.385458 / 01-01 01:19:33.863][1] init: Sending signal 9 to service 'cameraserver' (pid 444) process group...
01-01 01:19:33.878   401   401 I ServiceManager: service 'media.player' died
01-01 01:19:33.879   401   401 I ServiceManager: service 'media.resource_manager' died
01-01 01:19:33.880     0     0 I [    5.390949 / 01-01 01:19:33.871][1] libprocessgroup: Successfully killed process cgroup uid 1047 pid 444 in 5ms
01-01 01:19:33.880     0     0 I [    5.391359 / 01-01 01:19:33.871][1] init: Sending signal 9 to service 'media' (pid 452) process group...
01-01 01:19:33.884     0     0 I [    5.396791 / 01-01 01:19:33.875][1] libprocessgroup: Successfully killed process cgroup uid 1013 pid 452 in 5ms
01-01 01:19:33.884     0     0 I [    5.397053 / 01-01 01:19:33.875][1] init: Sending signal 9 to service 'netd' (pid 419) process group...
01-01 01:19:33.884   401   401 I ServiceManager: service 'netd' died
01-01 01:19:33.889   401   401 I ServiceManager: service 'wificond' died
01-01 01:19:33.892     0     0 I [    5.402876 / 01-01 01:19:33.883][1] libprocessgroup: Successfully killed process cgroup uid 0 pid 419 in 5ms
01-01 01:19:33.892     0     0 I [    5.403185 / 01-01 01:19:33.883][1] init: Sending signal 9 to service 'wificond' (pid 455) process group...
01-01 01:19:33.896     0     0 I [    5.408629 / 01-01 01:19:33.887][1] libprocessgroup: Successfully killed process cgroup uid 1010 pid 455 in 5ms
01-01 01:19:33.896     0     0 I [    5.409627 / 01-01 01:19:33.887][1] init: Service 'netd' (pid 419) received signal 9
01-01 01:19:33.896     0     0 I [    5.409817 / 01-01 01:19:33.887][1] init: Sending signal 9 to service 'zygote_secondary' (pid 421) process group...
01-01 01:19:33.904     0     0 I [    5.415332 / 01-01 01:19:33.899][1] libprocessgroup: Successfully killed process cgroup uid 0 pid 421 in 5ms
01-01 01:19:33.904     0     0 I [    5.415934 / 01-01 01:19:33.899][1] init: Service 'zygote_secondary' (pid 421) received signal 9
01-01 01:19:33.904     0     0 I [    5.416681 / 01-01 01:19:33.899][1] init: Service 'audioserver' (pid 437) received signal 9
01-01 01:19:33.904     0     0 I [    5.416753 / 01-01 01:19:33.899][1] init: Command 'restart vendor.audio-hal-2-0' action=onrestart (<Service 'audioserver' onrestart>:1) took 0ms and failed: service vendor.audio-hal-2-0 not found
01-01 01:19:33.904     0     0 I [    5.416787 / 01-01 01:19:33.899][1] init: Command 'restart audio-hal-2-0' action=onrestart (<Service 'audioserver' onrestart>:2) took 0ms and failed: service audio-hal-2-0 not found
01-01 01:19:33.904     0     0 I [    5.417389 / 01-01 01:19:33.899][1] init: Service 'cameraserver' (pid 444) received signal 9
01-01 01:19:33.904     0     0 I [    5.417831 / 01-01 01:19:33.899][1] init: Service 'media' (pid 452) received signal 9
01-01 01:19:33.904     0     0 I [    5.418353 / 01-01 01:19:33.899][1] init: Service 'wificond' (pid 455) received signal 9
01-01 01:19:33.904     0     0 I [    5.418586 / 01-01 01:19:33.899][1] init: Untracked pid 559 exited with status 0
01-01 01:19:33.904     0     0 I [    5.418649 / 01-01 01:19:33.899][1] init: Untracked pid 466 received signal 9
01-01 01:19:33.904     0     0 I [    5.418735 / 01-01 01:19:33.899][1] init: Untracked pid 467 received signal 9
01-01 01:19:33.904     0     0 I [    5.418822 / 01-01 01:19:33.899][1] init: Untracked pid 551 received signal 9
01-01 01:19:33.904     0     0 I [    5.419411 / 01-01 01:19:33.899][1] init: processing action (init.svc.zygote=stopping) from (/system/etc/init/bootstat.rc:66)
01-01 01:19:34.332     0     0 I [    5.845849 / 01-01 01:19:34.327][0] FG: fg_batt_profile_init: Battery profiles same, using default
01-01 01:19:34.332     0     0 I [    5.845880 / 01-01 01:19:34.327][0] FG: update_chg_iterm: current = -100, converted_raw = fd71, data = 71 fd
01-01 01:19:34.787   440   440 W ServiceManagement: Waited one second for android.hardware.thermal@1.1::IThermal/default. Waiting another...
01-01 01:19:35.160     0     0 D [    6.672639 / 01-01 01:19:35.151][1] logd: logdr: UID=0 GID=0 PID=564 b tail=0 logMask=ff pid=0 start=0ns timeout=0ns
01-01 01:19:36.944     0     0 I [    8.458426 / 01-01 01:19:36.939][1] init: starting service 'zygote'...
01-01 01:19:36.948     0     0 I [    8.459608 / 01-01 01:19:36.939][1] init: starting service 'zygote_secondary'...
01-01 01:19:36.948     0     0 I [    8.459818 / 01-01 01:19:36.939][0] init: Created socket '/dev/socket/zygote', mode 660, user 0, group 1000
01-01 01:19:36.948     0     0 I [    8.460783 / 01-01 01:19:36.939][1] init: starting service 'netd'...
01-01 01:19:36.948     0     0 I [    8.460930 / 01-01 01:19:36.939][2] init: Created socket '/dev/socket/zygote_secondary', mode 660, user 0, group 1000
01-01 01:19:36.948     0     0 W [    8.462074 / 01-01 01:19:36.939][2] do_ni_syscall: 64 callbacks suppressed
01-01 01:19:36.948     0     0 I [    8.462091 / 01-01 01:19:36.939][2] app_process32[569]: syscall 384
01-01 01:19:36.948     0     0 W [    8.462103 / 01-01 01:19:36.939][2] Code: ea0016e8 e1a0c007 e3a07d06 ef000000 (e1a0700c)
01-01 01:19:36.948     0     0 W [    8.462114 / 01-01 01:19:36.939][2] CPU: 2 PID: 569 Comm: app_process32 Not tainted 3.10.108-gfb077f2 #2
01-01 01:19:36.948     0     0 W         : [    8.462123 / 01-01 01:19:36.939][2] Hardware name: Qualcomm Technologies, Inc. MSM8992 P1 GLOBAL COM (DT)
01-01 01:19:36.948     0     0 W [    8.462133 / 01-01 01:19:36.939][2] task: ffffffc0ba9ce000 ti: ffffffc0bea98000 task.ti: ffffffc0bea98000
01-01 01:19:36.948     0     0 W         : [    8.462143 / 01-01 01:19:36.939][2] PC is at 0xe7f448e8
01-01 01:19:36.948     0     0 W         : [    8.462151 / 01-01 01:19:36.939][2] LR is at 0xe7f3e0ab
01-01 01:19:36.948     0     0 W [    8.462160 / 01-01 01:19:36.939][2] pc: [<00000000e7f448e8>] lr : [<00000000e7f3e0ab>] pstate: 20000010
01-01 01:19:36.948     0     0 W [    8.462167 / 01-01 01:19:36.939][2] sp: 00000000ff8c2ff0
01-01 01:19:36.948     0     0 W [    8.462175 / 01-01 01:19:36.939][2] x12: 0000000000000028
01-01 01:19:36.948     0     0 W [    8.462182 / 01-01 01:19:36.939][2] x11: 0000000000000000 x10: 0000000000000000
01-01 01:19:36.948     0     0 W [    8.462190 / 01-01 01:19:36.939][2] x9: 0000000000000028 x8 : 00000000ff8c3018
01-01 01:19:36.948     0     0 W [    8.462198 / 01-01 01:19:36.939][2] x7: 0000000000000180 x6 : 00000000ff8c3018
01-01 01:19:36.948     0     0 W [    8.462206 / 01-01 01:19:36.939][2] x5: 0000000000000000 x4 : 00000000e7f724ec
01-01 01:19:36.948     0     0 W [    8.462213 / 01-01 01:19:36.939][2] x3: 0000000000000000 x2 : 0000000000000001
01-01 01:19:36.948     0     0 W [    8.462221 / 01-01 01:19:36.939][2] x1: 0000000000000028 x0 : 00000000ff8c3018
01-01 01:19:36.948     0     0 W         : [    8.462228 / 01-01 01:19:36.939][2]
01-01 01:19:36.948     0     0 I [    8.463011 / 01-01 01:19:36.943][3] init: Created socket '/dev/socket/netd', mode 660, user 0, group 1000
01-01 01:19:36.952     0     0 I [    8.463615 / 01-01 01:19:36.943][3] init: Created socket '/dev/socket/dnsproxyd', mode 660, user 0, group 3003
01-01 01:19:36.952     0     0 I [    8.464113 / 01-01 01:19:36.943][3] init: Created socket '/dev/socket/mdns', mode 660, user 0, group 1000
01-01 01:19:36.952     0     0 I [    8.464600 / 01-01 01:19:36.943][3] init: Created socket '/dev/socket/fwmarkd', mode 660, user 0, group 3003
01-01 01:19:35.787   440   440 I chatty  : uid=1000(system) /system/bin/thermalserviced identical 1 line
01-01 01:19:36.788   440   440 W ServiceManagement: Waited one second for android.hardware.thermal@1.1::IThermal/default. Waiting another...
01-01 01:19:37.008   570   570 I Netd    : Netd 1.0 starting
01-01 01:19:37.008   570   570 D TetherController: Setting IP forward enable = 0
01-01 01:19:37.010   570   570 E         : Cannot determine initial API level of the device
01-01 01:19:37.025     0     0 I [    8.538809 / 01-01 01:19:37.015][1] init: starting service 'vendor.nfc_hal_service'...
01-01 01:19:37.035   570   570 I Netd    : Creating child chains: 22.2ms
01-01 01:19:37.035   570   570 I Netd    : Setting up OEM hooks: 0.1ms
01-01 01:19:37.036     0     0 I [    8.547503 / 01-01 01:19:37.027][1] init: starting service 'audioserver'...
01-01 01:19:37.040     0     0 I [    8.551722 / 01-01 01:19:37.031][1] init: starting service 'surfaceflinger'...
01-01 01:19:37.040     0     0 I [    8.552977 / 01-01 01:19:37.031][1] init: processing action (init.svc.surfaceflinger=running) from (/init.qcom.rc:733)
01-01 01:19:37.040     0     0 I [    8.553401 / 01-01 01:19:37.031][1] init: Command 'start ppd' action=init.svc.surfaceflinger=running (/init.qcom.rc:734) took 0ms and failed: Could not start service: File /system/vendor/bin/mm-pp-daemon(labeled "u:object_r:vendor_file:s0") has incorrect label or no domain transition from u:r:init:s0 to another SELinux domain defined. Have you configured your service correctly? https://source.android.com/security/selinux/device-policy#label_new_services_and_address_denials
01-01 01:19:37.043   570   570 I Netd    : Setting up FirewallController hooks: 8.5ms
01-01 01:19:37.052     0     0 E [    8.562220 / 01-01 01:19:37.039][3] init: Failed to bind socket 'pdx/system/vr/display/client': No such file or directory
01-01 01:19:37.052     0     0 E [    8.562616 / 01-01 01:19:37.039][3] init: Failed to bind socket 'pdx/system/vr/display/manager': No such file or directory
01-01 01:19:37.052     0     0 E [    8.562995 / 01-01 01:19:37.043][3] init: Failed to bind socket 'pdx/system/vr/display/vsync': No such file or directory
01-01 01:19:37.052     0     0 I [    8.566125 / 01-01 01:19:37.043][1] audioserver[575]: syscall 384
01-01 01:19:37.052     0     0 W [    8.566144 / 01-01 01:19:37.043][1] Code: ea0016e8 e1a0c007 e3a07d06 ef000000 (e1a0700c)
01-01 01:19:37.052     0     0 W [    8.566156 / 01-01 01:19:37.043][1] CPU: 1 PID: 575 Comm: audioserver Not tainted 3.10.108-gfb077f2 #2
01-01 01:19:37.052     0     0 W         : [    8.566165 / 01-01 01:19:37.043][1] Hardware name: Qualcomm Technologies, Inc. MSM8992 P1 GLOBAL COM (DT)
01-01 01:19:37.052     0     0 W [    8.566175 / 01-01 01:19:37.043][1] task: ffffffc0baa7a000 ti: ffffffc0c0038000 task.ti: ffffffc0c0038000
01-01 01:19:37.052     0     0 W         : [    8.566185 / 01-01 01:19:37.043][1] PC is at 0xee9158e8
01-01 01:19:37.052     0     0 W         : [    8.566194 / 01-01 01:19:37.043][1] LR is at 0xee90f0ab
01-01 01:19:37.052     0     0 W [    8.566202 / 01-01 01:19:37.043][1] pc: [<00000000ee9158e8>] lr : [<00000000ee90f0ab>] pstate: 20000010
01-01 01:19:37.052     0     0 W [    8.566210 / 01-01 01:19:37.043][1] sp: 00000000ff8064b0
01-01 01:19:37.052     0     0 W [    8.566218 / 01-01 01:19:37.043][1] x12: 0000000000000028
01-01 01:19:37.052     0     0 W [    8.566225 / 01-01 01:19:37.043][1] x11: 0000000000000000 x10: 0000000000000000
01-01 01:19:37.052     0     0 W [    8.566233 / 01-01 01:19:37.043][1] x9: 0000000000000028 x8 : 00000000ff8064d8
01-01 01:19:37.052     0     0 W [    8.566241 / 01-01 01:19:37.043][1] x7: 0000000000000180 x6 : 00000000ff8064d8
01-01 01:19:37.052     0     0 W [    8.566249 / 01-01 01:19:37.043][1] x5: 0000000000000000 x4 : 00000000ee9434ec
01-01 01:19:37.052     0     0 W [    8.566257 / 01-01 01:19:37.043][1] x3: 0000000000000000 x2 : 0000000000000001
01-01 01:19:37.052     0     0 W [    8.566265 / 01-01 01:19:37.043][1] x1: 0000000000000028 x0 : 00000000ff8064d8
01-01 01:19:37.052     0     0 W         : [    8.566272 / 01-01 01:19:37.043][1]
01-01 01:19:37.054   570   570 I Netd    : Setting up TetherController hooks: 10.4ms
01-01 01:19:37.057   570   570 I Netd    : Setting up BandwidthController hooks: 3.0ms
01-01 01:19:37.057   570   570 I Netd    : Setting up IdletimerController hooks: 0.1ms
01-01 01:19:37.057   570   570 I Netd    : initializing traffic control: 0.0ms
01-01 01:19:37.064   570   570 I Netd    : Disabling bandwidth control: 6.7ms
01-01 01:19:37.065   570   570 E Netd    : Error adding route 0.0.0.0/0 -> (null) dummy0 to table 1002: File exists
01-01 01:19:37.065   570   570 I Netd    : Initializing RouteController: 1.6ms
01-01 01:19:37.065   570   570 D XfrmController: Sending Netlink XFRM Message: XFRM_MSG_FLUSHSA
01-01 01:19:37.065   570   570 D XfrmController: Sending Netlink XFRM Message: XFRM_MSG_FLUSHPOLICY
01-01 01:19:37.065   570   570 I Netd    : Initializing XfrmController: 0.3ms
01-01 01:19:37.066   570   570 D MDnsDS  : MDnsSdListener::Hander starting up
01-01 01:19:37.067   570   570 I Netd    : Registering NetdNativeService: 0.8ms
01-01 01:19:37.068   570   570 I Netd    : Starting CommandListener: 0.6ms
01-01 01:19:37.070   570   570 I Netd    : Registering NetdHwService: 2.0ms
01-01 01:19:37.070   570   570 I Netd    : Netd started in 62ms
01-01 01:19:37.071   570   583 D MDnsDS  : MDnsSdListener starting to monitor
01-01 01:19:37.071   570   583 D MDnsDS  : Going to poll with pollCount 1
01-01 01:19:37.076     0     0 I [    8.589065 / 01-01 01:19:37.067][1] init: starting service 'cameraserver'...
01-01 01:19:37.078   574   574 E cutils-trace: Error opening trace file: Permission denied (13)
01-01 01:19:37.084     0     0 I [    8.598117 / 01-01 01:19:37.075][3] init: Service 'vendor.nfc_hal_service' (pid 574) exited with status 1
01-01 01:19:37.084     0     0 I [    8.598160 / 01-01 01:19:37.075][3] init: Sending signal 9 to service 'vendor.nfc_hal_service' (pid 574) process group...
01-01 01:19:37.084     0     0 I [    8.598264 / 01-01 01:19:37.075][3] libprocessgroup: Successfully killed process cgroup uid 1027 pid 574 in 0ms
01-01 01:19:37.080   574   574 D vndksupport: Loading /vendor/lib64/hw/android.hardware.nfc@1.0-impl.so from current namespace instead of sphal namespace.
01-01 01:19:37.081   574   574 E android.hardware.nfc@1.0-impl: hw_get_module nfc_nci failed: -2
01-01 01:19:37.081   574   574 E android.hardware.nfc@1.0-impl: Passthrough failed to load legacy HAL.
01-01 01:19:37.081   574   574 E android.hardware.nfc@1.0-service: Could not get passthrough implementation for android.hardware.nfc@1.0::INfc/default.
01-01 01:19:37.088     0     0 E [    8.600317 / 01-01 01:19:37.079][3] init: couldn't write 589 to /dev/cpuset/camera-daemon/tasks: No space left on device
01-01 01:19:37.088     0     0 I [    8.601807 / 01-01 01:19:37.079][3] cameraserver[589]: syscall 384
01-01 01:19:37.088     0     0 W [    8.601826 / 01-01 01:19:37.079][3] Code: ea0016e8 e1a0c007 e3a07d06 ef000000 (e1a0700c)
01-01 01:19:37.088     0     0 W [    8.601839 / 01-01 01:19:37.079][3] CPU: 3 PID: 589 Comm: cameraserver Not tainted 3.10.108-gfb077f2 #2
01-01 01:19:37.088     0     0 W         : [    8.601847 / 01-01 01:19:37.079][3] Hardware name: Qualcomm Technologies, Inc. MSM8992 P1 GLOBAL COM (DT)
01-01 01:19:37.088     0     0 W [    8.601858 / 01-01 01:19:37.079][3] task: ffffffc0ba8d3000 ti: ffffffc0ba91c000 task.ti: ffffffc0ba91c000
01-01 01:19:37.088     0     0 W         : [    8.601868 / 01-01 01:19:37.079][3] PC is at 0xf224d8e8
01-01 01:19:37.088     0     0 W         : [    8.601876 / 01-01 01:19:37.079][3] LR is at 0xf22470ab
01-01 01:19:37.088     0     0 W [    8.601885 / 01-01 01:19:37.079][3] pc: [<00000000f224d8e8>] lr : [<00000000f22470ab>] pstate: 20000010
01-01 01:19:37.088     0     0 W [    8.601893 / 01-01 01:19:37.079][3] sp: 00000000ff80db00
01-01 01:19:37.088     0     0 W [    8.601901 / 01-01 01:19:37.079][3] x12: 0000000000000028
01-01 01:19:37.088     0     0 W [    8.601909 / 01-01 01:19:37.079][3] x11: 0000000000000000 x10: 0000000000000000
01-01 01:19:37.088     0     0 W [    8.601917 / 01-01 01:19:37.079][3] x9: 0000000000000028 x8 : 00000000ff80db28
01-01 01:19:37.088     0     0 W [    8.601924 / 01-01 01:19:37.079][3] x7: 0000000000000180 x6 : 00000000ff80db28
01-01 01:19:37.088     0     0 W [    8.601932 / 01-01 01:19:37.079][3] x5: 0000000000000000 x4 : 00000000f227b4ec
01-01 01:19:37.088     0     0 W [    8.601940 / 01-01 01:19:37.079][3] x3: 0000000000000000 x2 : 0000000000000001
01-01 01:19:37.088     0     0 W [    8.601947 / 01-01 01:19:37.079][3] x1: 0000000000000028 x0 : 00000000ff80db28
01-01 01:19:37.088     0     0 W         : [    8.601955 / 01-01 01:19:37.079][3]
01-01 01:19:37.096     0     0 I [    8.604566 / 01-01 01:19:37.083][3] init: starting service 'media'...
01-01 01:19:37.096     0     0 I [    8.610225 / 01-01 01:19:37.087][3] init: starting service 'wificond'...
01-01 01:19:37.104     0     0 I [    8.617227 / 01-01 01:19:37.095][3] mediaserver[590]: syscall 384
01-01 01:19:37.104     0     0 W [    8.617247 / 01-01 01:19:37.095][3] Code: ea0016e8 e1a0c007 e3a07d06 ef000000 (e1a0700c)
01-01 01:19:37.104     0     0 W [    8.617260 / 01-01 01:19:37.095][3] CPU: 3 PID: 590 Comm: mediaserver Not tainted 3.10.108-gfb077f2 #2
01-01 01:19:37.104     0     0 W         : [    8.617268 / 01-01 01:19:37.095][3] Hardware name: Qualcomm Technologies, Inc. MSM8992 P1 GLOBAL COM (DT)
01-01 01:19:37.104     0     0 W [    8.617278 / 01-01 01:19:37.095][3] task: ffffffc0ba847000 ti: ffffffc0baabc000 task.ti: ffffffc0baabc000
01-01 01:19:37.104     0     0 W         : [    8.617289 / 01-01 01:19:37.095][3] PC is at 0xf63438e8
01-01 01:19:37.104     0     0 W         : [    8.617297 / 01-01 01:19:37.095][3] LR is at 0xf633d0ab
01-01 01:19:37.104     0     0 W [    8.617306 / 01-01 01:19:37.095][3] pc: [<00000000f63438e8>] lr : [<00000000f633d0ab>] pstate: 20000010
01-01 01:19:37.104     0     0 W [    8.617313 / 01-01 01:19:37.095][3] sp: 00000000ff98a550
01-01 01:19:37.104     0     0 W [    8.617321 / 01-01 01:19:37.095][3] x12: 0000000000000028
01-01 01:19:37.104     0     0 W [    8.617329 / 01-01 01:19:37.095][3] x11: 0000000000000000 x10: 0000000000000000
01-01 01:19:37.104     0     0 W [    8.617337 / 01-01 01:19:37.095][3] x9: 0000000000000028 x8 : 00000000ff98a578
01-01 01:19:37.104     0     0 W [    8.617345 / 01-01 01:19:37.095][3] x7: 0000000000000180 x6 : 00000000ff98a578
01-01 01:19:37.104     0     0 W [    8.617353 / 01-01 01:19:37.095][3] x5: 0000000000000000 x4 : 00000000f63714ec
01-01 01:19:37.104     0     0 W [    8.617361 / 01-01 01:19:37.095][3] x3: 0000000000000000 x2 : 0000000000000001
01-01 01:19:37.104     0     0 W [    8.617369 / 01-01 01:19:37.095][3] x1: 0000000000000028 x0 : 00000000ff98a578
01-01 01:19:37.104     0     0 W         : [    8.617377 / 01-01 01:19:37.095][3]
01-01 01:19:37.223   591   591 I wificond: wificond is starting up...
01-01 01:19:37.260     0     0 I [    8.773375 / 01-01 01:19:37.251][0] FG: update_cc_cv_setpoint: Wrote 1b 6f to address 4f8 for CC_CV setpoint
01-01 01:19:37.260     0     0 I [    8.774968 / 01-01 01:19:37.255][0] SMBCHG: smbchg_stay_awake: staying awake: 0x02 (bit 2)
01-01 01:19:37.260     0     0 I [    8.774985 / 01-01 01:19:37.255][0] SMBCHG: smbchg_vfloat_adjust_check: Starting vfloat adjustments
01-01 01:19:37.260     0     0 I [    8.775086 / 01-01 01:19:37.255][0] SMBCHG: get_parallel_psy: parallel charger not found
01-01 01:19:37.255   425   425 I auditd  : type=1400 audit(0.0:57): avc: denied { read } for comm="healthd" name="present" dev="sysfs" ino=18306 scontext=u:r:healthd:s0 tcontext=u:object_r:sysfs:s0 tclass=file permissive=1
01-01 01:19:37.255   425   425 I healthd : type=1400 audit(0.0:57): avc: denied { read } for name="present" dev="sysfs" ino=18306 scontext=u:r:healthd:s0 tcontext=u:object_r:sysfs:s0 tclass=file permissive=1
01-01 01:19:37.255   425   425 I auditd  : type=1400 audit(0.0:58): avc: denied { open } for comm="healthd" path="/sys/devices/soc.0/qpnp-smbcharger-17/power_supply/battery/present" dev="sysfs" ino=18306 scontext=u:r:healthd:s0 tcontext=u:object_r:sysfs:s0 tclass=file permissive=1
01-01 01:19:37.255   425   425 I healthd : type=1400 audit(0.0:58): avc: denied { open } for path="/sys/devices/soc.0/qpnp-smbcharger-17/power_supply/battery/present" dev="sysfs" ino=18306 scontext=u:r:healthd:s0 tcontext=u:object_r:sysfs:s0 tclass=file permissive=1
01-01 01:19:37.255   425   425 I auditd  : type=1400 audit(0.0:59): avc: denied { getattr } for comm="healthd" path="/sys/devices/soc.0/qpnp-smbcharger-17/power_supply/battery/present" dev="sysfs" ino=18306 scontext=u:r:healthd:s0 tcontext=u:object_r:sysfs:s0 tclass=file permissive=1
01-01 01:19:37.255   425   425 I healthd : type=1400 audit(0.0:59): avc: denied { getattr } for path="/sys/devices/soc.0/qpnp-smbcharger-17/power_supply/battery/present" dev="sysfs" ino=18306 scontext=u:r:healthd:s0 tcontext=u:object_r:sysfs:s0 tclass=file permissive=1
01-01 01:19:37.266     0     0 I         : [    8.775361 / 01-01 01:19:37.255][0] [CC] charge_type = 3
01-01 01:19:37.267     0     0 I [    8.775388 / 01-01 01:19:37.255][0] SMBCHG: smbchg_relax: relaxing: 0x00 (bit 2)
01-01 01:19:37.267     0     0 I         : [    8.775566 / 01-01 01:19:37.255][0] [CC] charge_type = 3
01-01 01:19:37.267     0     0 W [    8.777410 / 01-01 01:19:37.255][0] healthd: battery l=77 v=4031 t=0.0 h=2 st=2 c=446 chg=u
01-01 01:19:37.267     0     0 W [    8.778542 / 01-01 01:19:37.255][0] healthd: battery l=77 v=4031 t=0.0 h=2 st=2 c=446 chg=u
01-01 01:19:37.361   576   576 E cutils-trace: Error opening trace file: Permission denied (13)
01-01 01:19:37.376   576   576 I ConfigStore: android::hardware::configstore::V1_0::ISurfaceFlingerConfigs::startGraphicsAllocatorService retrieved: 0 (default)
01-01 01:19:37.377   576   576 I SurfaceFlinger: Using HWComposer service: 'default'
01-01 01:19:37.377   576   576 I SurfaceFlinger: SurfaceFlinger is starting
01-01 01:19:37.378   576   576 I ConfigStore: android::hardware::configstore::V1_0::ISurfaceFlingerConfigs::vsyncEventPhaseOffsetNs retrieved: 1000000 (default)
01-01 01:19:37.378   576   576 I ConfigStore: android::hardware::configstore::V1_0::ISurfaceFlingerConfigs::vsyncSfEventPhaseOffsetNs retrieved: 1000000 (default)
01-01 01:19:37.378   576   576 I ConfigStore: android::hardware::configstore::V1_0::ISurfaceFlingerConfigs::hasSyncFramework retrieved: 1 (default)
01-01 01:19:37.378   576   576 I ConfigStore: android::hardware::configstore::V1_0::ISurfaceFlingerConfigs::presentTimeOffsetFromVSyncNs retrieved: 0 (default)
01-01 01:19:37.378   576   576 I ConfigStore: android::hardware::configstore::V1_0::ISurfaceFlingerConfigs::useHwcForRGBtoYUV retrieved: 0 (default)
01-01 01:19:37.378   576   576 I ConfigStore: android::hardware::configstore::V1_0::ISurfaceFlingerConfigs::maxVirtualDisplaySize retrieved: 0 (default)
01-01 01:19:37.378   576   576 I ConfigStore: android::hardware::configstore::V1_0::ISurfaceFlingerConfigs::useVrFlinger retrieved: 0 (default)
01-01 01:19:37.378   576   576 I ConfigStore: android::hardware::configstore::V1_0::ISurfaceFlingerConfigs::maxFrameBufferAcquiredBuffers retrieved: 2 (default)
01-01 01:19:37.378   576   576 I ConfigStore: android::hardware::configstore::V1_0::ISurfaceFlingerConfigs::hasWideColorDisplay retrieved: 0 (default)
01-01 01:19:37.380   576   576 I ConfigStore: android::hardware::configstore::V1_1::ISurfaceFlingerConfigs::primaryDisplayOrientation retrieved: ORIENTATION_0 (default)
01-01 01:19:37.380   576   576 I SurfaceFlinger: Enabling HWC virtual displays
01-01 01:19:37.380   576   576 I SurfaceFlinger: Disabling Triple Buffering
01-01 01:19:37.380   576   576 I SurfaceFlinger: Treble testing override: 'false'
01-01 01:19:37.381   576   576 I SurfaceFlinger: SurfaceFlinger's main thread ready to run. Initializing graphics H/W...
01-01 01:19:37.381   576   576 I SurfaceFlinger: Phase offest NS: 1000000
01-01 01:19:37.382   576   576 D vndksupport: Loading /vendor/lib64/egl/libEGL_adreno.so from current namespace instead of sphal namespace.
01-01 01:19:37.383   576   576 D libEGL  : loaded /vendor/lib64/egl/libEGL_adreno.so
01-01 01:19:37.395   576   576 D vndksupport: Loading /vendor/lib64/egl/libGLESv1_CM_adreno.so from current namespace instead of sphal namespace.
01-01 01:19:37.396   576   576 D libEGL  : loaded /vendor/lib64/egl/libGLESv1_CM_adreno.so
01-01 01:19:37.418   576   576 D vndksupport: Loading /vendor/lib64/egl/libGLESv2_adreno.so from current namespace instead of sphal namespace.
01-01 01:19:37.419   576   576 D libEGL  : loaded /vendor/lib64/egl/libGLESv2_adreno.so
01-01 01:19:37.424     0     0 I [    8.935524 / 01-01 01:19:37.415][2] app_process32[569]: syscall 384
01-01 01:19:37.424     0     0 W [    8.935544 / 01-01 01:19:37.415][2] Code: ea00e6a0 e1a0c007 e3a07d06 ef000000 (e1a0700c)
01-01 01:19:37.424     0     0 W [    8.935557 / 01-01 01:19:37.415][2] CPU: 2 PID: 569 Comm: app_process32 Not tainted 3.10.108-gfb077f2 #2
01-01 01:19:37.424     0     0 W         : [    8.935567 / 01-01 01:19:37.415][2] Hardware name: Qualcomm Technologies, Inc. MSM8992 P1 GLOBAL COM (DT)
01-01 01:19:37.424     0     0 W [    8.935577 / 01-01 01:19:37.415][2] task: ffffffc0ba9ce000 ti: ffffffc0bea98000 task.ti: ffffffc0bea98000
01-01 01:19:37.424     0     0 W         : [    8.935588 / 01-01 01:19:37.415][2] PC is at 0xe66d8048
01-01 01:19:37.424     0     0 W         : [    8.935596 / 01-01 01:19:37.415][2] LR is at 0xe66a3387
01-01 01:19:37.424     0     0 W [    8.935604 / 01-01 01:19:37.415][2] pc: [<00000000e66d8048>] lr : [<00000000e66a3387>] pstate: 200d0010
01-01 01:19:37.424     0     0 W [    8.935612 / 01-01 01:19:37.415][2] sp: 00000000ff8c2e18
01-01 01:19:37.424     0     0 W [    8.935620 / 01-01 01:19:37.415][2] x12: 0000000000000028
01-01 01:19:37.424     0     0 W [    8.935627 / 01-01 01:19:37.415][2] x11: 00000000e7f6f640 x10: 0000000000000002
01-01 01:19:37.424     0     0 W [    8.935635 / 01-01 01:19:37.415][2] x9: 0000000000000028 x8 : 00000000ff8c2e40
01-01 01:19:37.424     0     0 W [    8.935643 / 01-01 01:19:37.415][2] x7: 0000000000000180 x6 : 00000000ff8c2e40
01-01 01:19:37.424     0     0 W [    8.935651 / 01-01 01:19:37.415][2] x5: 0000000000000000 x4 : 00000000e7f724ec
01-01 01:19:37.424     0     0 W [    8.935659 / 01-01 01:19:37.415][2] x3: 0000000000000000 x2 : 0000000000000001
01-01 01:19:37.424     0     0 W [    8.935666 / 01-01 01:19:37.415][2] x1: 0000000000000028 x0 : 00000000ff8c2e40
01-01 01:19:37.424     0     0 W         : [    8.935674 / 01-01 01:19:37.415][2]
01-01 01:19:37.429   569   569 D AndroidRuntime: >>>>>> START com.android.internal.os.ZygoteInit uid 0 <<<<<<
01-01 01:19:37.437   569   569 I zygote  : option[0]=-Xzygote
01-01 01:19:37.438   569   569 I zygote  : option[1]=-Xusetombstonedtraces
01-01 01:19:37.438   569   569 I zygote  : option[2]=exit
01-01 01:19:37.438   569   569 I zygote  : option[3]=vfprintf
01-01 01:19:37.438   569   569 I zygote  : option[4]=sensitiveThread
01-01 01:19:37.438   569   569 I zygote  : option[5]=-verbose:gc
01-01 01:19:37.438   569   569 I zygote  : option[6]=-Xms8m
01-01 01:19:37.438   569   569 I zygote  : option[7]=-Xmx768m
01-01 01:19:37.438   569   569 I zygote  : option[8]=-XX:HeapGrowthLimit=288m
01-01 01:19:37.438   569   569 I zygote  : option[9]=-XX:HeapMinFree=2m
01-01 01:19:37.438   569   569 I zygote  : option[10]=-XX:HeapMaxFree=8m
01-01 01:19:37.438   569   569 I zygote  : option[11]=-XX:HeapTargetUtilization=0.75
01-01 01:19:37.438   569   569 I zygote  : option[12]=-Xusejit:true
01-01 01:19:37.438   569   569 I zygote  : option[13]=-Xjitsaveprofilinginfo
01-01 01:19:37.438   569   569 I zygote  : option[14]=-XjdwpOptions:suspend=n,server=y
01-01 01:19:37.438   569   569 I zygote  : option[15]=-XjdwpProvider:default
01-01 01:19:37.438   569   569 I zygote  : option[16]=-Xlockprofthreshold:500
01-01 01:19:37.438   569   569 I zygote  : option[17]=-Ximage-compiler-option
01-01 01:19:37.438   569   569 I zygote  : option[18]=--runtime-arg
01-01 01:19:37.438   569   569 I zygote  : option[19]=-Ximage-compiler-option
01-01 01:19:37.438   569   569 I zygote  : option[20]=-Xms64m
01-01 01:19:37.438   569   569 I zygote  : option[21]=-Ximage-compiler-option
01-01 01:19:37.438   569   569 I zygote  : option[22]=--runtime-arg
01-01 01:19:37.438   569   569 I zygote  : option[23]=-Ximage-compiler-option
01-01 01:19:37.438   569   569 I zygote  : option[24]=-Xmx64m
01-01 01:19:37.438   569   569 I zygote  : option[25]=-Ximage-compiler-option
01-01 01:19:37.438   569   569 I zygote  : option[26]=--profile-file=/system/etc/boot-image.prof
01-01 01:19:37.438   569   569 I zygote  : option[27]=-Ximage-compiler-option
01-01 01:19:37.438   569   569 I zygote  : option[28]=--compiler-filter=speed-profile
01-01 01:19:37.438   569   569 I zygote  : option[29]=-Xcompiler-option
01-01 01:19:37.438   569   569 I zygote  : option[30]=--runtime-arg
01-01 01:19:37.438   569   569 I zygote  : option[31]=-Xcompiler-option
01-01 01:19:37.438   569   569 I zygote  : option[32]=-Xms64m
01-01 01:19:37.438   569   569 I zygote  : option[33]=-Xcompiler-option
01-01 01:19:37.438   569   569 I zygote  : option[34]=--runtime-arg
01-01 01:19:37.438   569   569 I zygote  : option[35]=-Xcompiler-option
01-01 01:19:37.438   569   569 I zygote  : option[36]=-Xmx512m
01-01 01:19:37.438   569   569 I zygote  : option[37]=-Xcompiler-option
01-01 01:19:37.438   569   569 I zygote  : option[38]=-j2
01-01 01:19:37.438   569   569 I zygote  : option[39]=-Ximage-compiler-option
01-01 01:19:37.438   569   569 I zygote  : option[40]=-j4
01-01 01:19:37.438   569   569 I zygote  : option[41]=-Ximage-compiler-option
01-01 01:19:37.438   569   569 I zygote  : option[42]=--instruction-set-variant=cortex-a53.a57
01-01 01:19:37.438   569   569 I zygote  : option[43]=-Xcompiler-option
01-01 01:19:37.438   569   569 I zygote  : option[44]=--instruction-set-variant=cortex-a53.a57
01-01 01:19:37.438   569   569 I zygote  : option[45]=-Ximage-compiler-option
