01-01 01:19:32.856     0     0 I         : [    4.371058 / 01-01 01:19:32.851][2] read strings
01-01 01:19:32.858   425   425 I healthd : healthd: redirecting calls to 1.0 health HAL
01-01 01:19:32.858   429   429 I ServiceManagement: Removing namespace from process name android.hardware.health@1.0-service to health@1.0-service.
01-01 01:19:32.861   429   429 I android.hardware.health@1.0-service: Registration complete for android.hardware.health@1.0::IHealth/default.
01-01 01:19:32.861   425   425 I health@2.0/: health@2.0/backup: Hal init done
01-01 01:19:32.863   443   480 I adbd    : functionfs successfully initialized
01-01 01:19:32.863   443   480 I adbd    : registering usb transport
01-01 01:19:32.864   419   419 I Netd    : Creating child chains: 397.5ms
01-01 01:19:32.864   419   419 I Netd    : Setting up OEM hooks: 0.2ms
01-01 01:19:32.864     0     0 W [    4.375131 / 01-01 01:19:32.855][1] healthd: BatteryFullChargePath not found
01-01 01:19:32.865     0     0 W [    4.375153 / 01-01 01:19:32.855][1] healthd: BatteryCycleCountPath not found
01-01 01:19:32.865     0     0 W [    4.379729 / 01-01 01:19:32.859][2] healthd: battery l=77 v=4031 t=0.0 h=2 st=2 c=446 chg=u
01-01 01:19:32.865   431   431 E android.hardware.nfc@1.0-impl: hw_get_module nfc_nci failed: -2
01-01 01:19:32.865   431   431 E android.hardware.nfc@1.0-impl: Passthrough failed to load legacy HAL.
01-01 01:19:32.865   430   430 D vndksupport: Loading /vendor/lib64/hw/lights.msm8992.so from current namespace instead of sphal namespace.
01-01 01:19:32.865   431   431 E android.hardware.nfc@1.0-service: Could not get passthrough implementation for android.hardware.nfc@1.0::INfc/default.
01-01 01:19:32.866   428   428 D vndksupport: Loading /vendor/lib64/hw/gralloc.default.so from current namespace instead of sphal namespace.
01-01 01:19:32.867   448   448 D vndksupport: Loading /vendor/lib64/hw/android.hardware.keymaster@3.0-impl.so from current namespace instead of sphal namespace.
01-01 01:19:32.868     0     0 I [    4.382247 / 01-01 01:19:32.859][1] init: Service 'vendor.nfc_hal_service' (pid 431) exited with status 1
01-01 01:19:32.868     0     0 I [    4.382285 / 01-01 01:19:32.859][1] init: Sending signal 9 to service 'vendor.nfc_hal_service' (pid 431) process group...
01-01 01:19:32.868     0     0 I [    4.382468 / 01-01 01:19:32.859][1] libprocessgroup: Successfully killed process cgroup uid 1027 pid 431 in 0ms
01-01 01:19:32.870   432   432 I ServiceManagement: Removing namespace from process name android.hardware.thermal@1.0-service to thermal@1.0-service.
01-01 01:19:32.872   432   432 I android.hardware.thermal@1.0-service: Registration complete for android.hardware.thermal@1.0::IThermal/default.
01-01 01:19:32.876   448   448 I android.hardware.keymaster@3.0-impl: Fetching keymaster device name default
01-01 01:19:32.876   448   448 D vndksupport: Loading /vendor/lib64/hw/keystore.msm8992.so from current namespace instead of sphal namespace.
01-01 01:19:32.877   419   419 I Netd    : Setting up FirewallController hooks: 13.0ms
01-01 01:19:32.877   460   460 I usbd    : Usb HAL not found
01-01 01:19:32.881   419   419 I Netd    : Setting up TetherController hooks: 4.4ms
01-01 01:19:32.884   419   419 I Netd    : Setting up BandwidthController hooks: 2.8ms
01-01 01:19:32.884   419   419 I Netd    : Setting up IdletimerController hooks: 0.1ms
01-01 01:19:32.884   419   419 I Netd    : initializing traffic control: 0.0ms
01-01 01:19:32.889   430   430 D vndksupport: Loading /vendor/lib64/hw/lights.msm8992.so from current namespace instead of sphal namespace.
01-01 01:19:32.890   430   430 E light   : light_open lights keyboard failed: -22
01-01 01:19:32.890   430   430 E light   : Light passthrough failed to load legacy HAL.
01-01 01:19:32.890   430   430 D vndksupport: Loading /vendor/lib64/hw/lights.msm8992.so from current namespace instead of sphal namespace.
01-01 01:19:32.890   430   430 E light   : light_open lights buttons failed: -22
01-01 01:19:32.890   428   428 I ServiceManagement: Removing namespace from process name android.hardware.graphics.allocator@2.0-service to allocator@2.0-service.
01-01 01:19:32.890   430   430 E light   : Light passthrough failed to load legacy HAL.
01-01 01:19:32.890   430   430 D vndksupport: Loading /vendor/lib64/hw/lights.msm8992.so from current namespace instead of sphal namespace.
01-01 01:19:32.891   430   430 I chatty  : uid=1000(system) light@2.0-servi identical 2 lines
01-01 01:19:32.891   430   430 D vndksupport: Loading /vendor/lib64/hw/lights.msm8992.so from current namespace instead of sphal namespace.
01-01 01:19:32.891   430   430 E light   : light_open lights bluetooth failed: -22
01-01 01:19:32.891   430   430 E light   : Light passthrough failed to load legacy HAL.
01-01 01:19:32.891   430   430 D vndksupport: Loading /vendor/lib64/hw/lights.msm8992.so from current namespace instead of sphal namespace.
01-01 01:19:32.891   430   430 E light   : light_open lights wifi failed: -22
01-01 01:19:32.891   430   430 E light   : Light passthrough failed to load legacy HAL.
01-01 01:19:32.892   428   428 I android.hardware.graphics.allocator@2.0-service: Registration complete for android.hardware.graphics.allocator@2.0::IAllocator/default.
01-01 01:19:32.893   430   430 I ServiceManagement: Removing namespace from process name android.hardware.light@2.0-service to light@2.0-service.
01-01 01:19:32.893   419   419 I Netd    : Disabling bandwidth control: 8.8ms
01-01 01:19:32.895   419   419 I Netd    : Initializing RouteController: 2.0ms
01-01 01:19:32.895   419   419 D XfrmController: Sending Netlink XFRM Message: XFRM_MSG_FLUSHSA
01-01 01:19:32.895   419   419 D XfrmController: Sending Netlink XFRM Message: XFRM_MSG_FLUSHPOLICY
01-01 01:19:32.895   419   419 I Netd    : Initializing XfrmController: 0.4ms
01-01 01:19:32.896   430   430 I android.hardware.light@2.0-service: Registration complete for android.hardware.light@2.0::ILight/default.
01-01 01:19:32.897   419   419 D MDnsDS  : MDnsSdListener::Hander starting up
01-01 01:19:32.898   419   491 D MDnsDS  : MDnsSdListener starting to monitor
01-01 01:19:32.898   419   491 D MDnsDS  : Going to poll with pollCount 1
01-01 01:19:32.898   419   419 I Netd    : Registering NetdNativeService: 1.1ms
01-01 01:19:32.899   419   419 I Netd    : Starting CommandListener: 0.5ms
01-01 01:19:32.900     0     0 I [    4.411264 / 01-01 01:19:32.891][3] init: Service 'usbd' (pid 460) exited with status 0
01-01 01:19:32.903   419   419 I Netd    : Registering NetdHwService: 4.2ms
01-01 01:19:32.903   419   419 I Netd    : Netd started in 865ms
01-01 01:19:32.912   481   481 I qcom-bluetooth: /system/bin/init.qcom.bt.sh: Bluetooth Address programmed successfully
01-01 01:19:32.916   455   455 I wificond: wificond is starting up...
01-01 01:19:32.981   457   457 I gatekeeperd: Starting gatekeeperd...
01-01 01:19:32.990   457   457 D vndksupport: Loading /vendor/lib64/hw/android.hardware.gatekeeper@1.0-impl.so from current namespace instead of sphal namespace.
01-01 01:19:33.008   444   444 I cameraserver: ServiceManager: 0xf2f1c100
01-01 01:19:33.008   444   444 I CameraService: CameraService started (pid=444)
01-01 01:19:33.008   444   444 I CameraService: CameraService process starting
01-01 01:19:33.012   444   444 W BatteryNotifier: batterystats service unavailable!
01-01 01:19:33.017   444   444 W BatteryNotifier: batterystats service unavailable!
01-01 01:19:33.018   457   457 D vndksupport: Loading /vendor/lib64/hw/gatekeeper.msm8992.so from current namespace instead of sphal namespace.
01-01 01:19:33.018   444   444 E cutils-trace: Error opening trace file: Permission denied (13)
01-01 01:19:33.019   457   457 D gatekeeper_device: HwKmOpen called
01-01 01:19:33.025   444   444 D vndksupport: Loading /vendor/lib/hw/android.hardware.camera.provider@2.4-impl.so from current namespace instead of sphal namespace.
01-01 01:19:33.065   444   444 D vndksupport: Loading /vendor/lib/hw/camera.msm8992.so from current namespace instead of sphal namespace.
01-01 01:19:33.066   452   452 I mediaserver: ServiceManager: 0xf101c1c0
01-01 01:19:33.073   444   444 E HAL     : load: module=/vendor/lib/hw/camera.msm8992.so
01-01 01:19:33.073   444   444 E HAL     : dlopen failed: library "libqdMetaData.so" not found
01-01 01:19:33.073   444   444 E CamProvider@2.4-impl: Could not load camera HAL module: -22 (Invalid argument)
01-01 01:19:33.073   444   444 E CamProvider@2.4-impl: HIDL_FETCH_ICameraProvider: camera provider init failed!
01-01 01:19:33.076   444   444 D vndksupport: Loading /vendor/lib/hw/android.hardware.camera.provider@2.4-impl.so from current namespace instead of sphal namespace.
01-01 01:19:33.086   452   452 W BatteryNotifier: batterystats service unavailable!
01-01 01:19:33.088     0     0 E [    4.602645 / 01-01 01:19:33.079][3] selinux: avc:  denied  { set } for property=ro.qualcomm.bluetooth.opp pid=505 uid=0 gid=0 scontext=u:r:bluetooth:s0 tcontext=u:object_r:default_prop:s0 tclass=property_service permissive=1
01-01 01:19:33.088     0     0 E         : [    4.602645 / 01-01 01:19:33.079][3]
01-01 01:19:33.109   444   444 E ExtCamUtils@3.4: loadFromCfg: Unable to load external camera config file '/vendor/etc/external_camera_config.xml'. Error: XML_ERROR_FILE_NOT_FOUND
01-01 01:19:33.120   444   444 I CameraProviderManager: Connecting to new camera provider: external/0, isRemote? 0
01-01 01:19:33.120   444   444 I CameraProviderManager: Camera provider external/0 ready with 0 camera devices
01-01 01:19:33.120   444   444 I         : Waiting for activity service
01-01 01:19:33.132     0     0 I [    4.639075 / 01-01 01:19:33.119][0] android_work: android_work: did not send uevent (0 0           (null))
01-01 01:19:33.132     0     0 I [    4.640624 / 01-01 01:19:33.119][3] msm_vidc: info: Opening video instance: 0000000000000000, 1
01-01 01:19:33.192     0     0 I [    4.703250 / 01-01 01:19:33.183][2] ueventd: firmware: loading 'venus.mdt' for '/devices/soc.0/fdce0000.qcom,venus/firmware/venus.mdt'
01-01 01:19:33.196     0     0 I [    4.707347 / 01-01 01:19:33.187][2] ueventd: loading /devices/soc.0/fdce0000.qcom,venus/firmware/venus.mdt took 4ms
01-01 01:19:33.200     0     0 I         : [    4.711088 / 01-01 01:19:33.191][0] subsys-pil-tz fdce0000.qcom,venus: venus: loading from 0x0000000007400000 to 0x0000000007900000
01-01 01:19:33.216   451   451 I mediametrics: ServiceManager: 0x7418e3d740
01-01 01:19:33.216   451   451 D MediaAnalyticsService: MediaAnalyticsService created
01-01 01:19:33.231   514   514 I auditd  : type=1400 audit(0.0:48): avc: denied { read } for comm="storaged" name="stat" dev="sysfs" ino=20697 scontext=u:r:storaged:s0 tcontext=u:object_r:sysfs:s0 tclass=file permissive=1
01-01 01:19:33.231   514   514 I storaged: type=1400 audit(0.0:48): avc: denied { read } for name="stat" dev="sysfs" ino=20697 scontext=u:r:storaged:s0 tcontext=u:object_r:sysfs:s0 tclass=file permissive=1
01-01 01:19:33.235   514   514 I auditd  : type=1400 audit(0.0:49): avc: denied { open } for comm="storaged" path="/sys/devices/soc.0/f9824900.sdhci/mmc_host/mmc0/mmc0:0001/block/mmcblk0/stat" dev="sysfs" ino=20697 scontext=u:r:storaged:s0 tcontext=u:object_r:sysfs:s0 tclass=file permissive=1
01-01 01:19:33.235   514   514 I storaged: type=1400 audit(0.0:49): avc: denied { open } for path="/sys/devices/soc.0/f9824900.sdhci/mmc_host/mmc0/mmc0:0001/block/mmcblk0/stat" dev="sysfs" ino=20697 scontext=u:r:storaged:s0 tcontext=u:object_r:sysfs:s0 tclass=file permissive=1
01-01 01:19:33.235   514   514 I auditd  : type=1400 audit(0.0:50): avc: denied { getattr } for comm="storaged" path="/sys/devices/soc.0/f9824900.sdhci/mmc_host/mmc0/mmc0:0001/block/mmcblk0/stat" dev="sysfs" ino=20697 scontext=u:r:storaged:s0 tcontext=u:object_r:sysfs:s0 tclass=file permissive=1
01-01 01:19:33.235   514   514 I storaged: type=1400 audit(0.0:50): avc: denied { getattr } for path="/sys/devices/soc.0/f9824900.sdhci/mmc_host/mmc0/mmc0:0001/block/mmcblk0/stat" dev="sysfs" ino=20697 scontext=u:r:storaged:s0 tcontext=u:object_r:sysfs:s0 tclass=file permissive=1
01-01 01:19:33.240   454   514 I storaged: storaged: Start
01-01 01:19:33.263   425   425 I auditd  : type=1400 audit(0.0:51): avc: denied { read } for comm="healthd" name="present" dev="sysfs" ino=18306 scontext=u:r:healthd:s0 tcontext=u:object_r:sysfs:s0 tclass=file permissive=1
01-01 01:19:33.263   425   425 I healthd : type=1400 audit(0.0:51): avc: denied { read } for name="present" dev="sysfs" ino=18306 scontext=u:r:healthd:s0 tcontext=u:object_r:sysfs:s0 tclass=file permissive=1
01-01 01:19:33.263   425   425 I auditd  : type=1400 audit(0.0:52): avc: denied { open } for comm="healthd" path="/sys/devices/soc.0/qpnp-smbcharger-17/power_supply/battery/present" dev="sysfs" ino=18306 scontext=u:r:healthd:s0 tcontext=u:object_r:sysfs:s0 tclass=file permissive=1
01-01 01:19:33.263   425   425 I healthd : type=1400 audit(0.0:52): avc: denied { open } for path="/sys/devices/soc.0/qpnp-smbcharger-17/power_supply/battery/present" dev="sysfs" ino=18306 scontext=u:r:healthd:s0 tcontext=u:object_r:sysfs:s0 tclass=file permissive=1
01-01 01:19:33.271     0     0 I [    4.781734 / 01-01 01:19:33.259][0] android_work: android_work: sent uevent USB_STATE=CONNECTED
01-01 01:19:33.271     0     0 I         : [    4.782926 / 01-01 01:19:33.263][0] android_usb gadget: high-speed config #1: fe80f0c8.android_usb
01-01 01:19:33.271     0     0 I         : [    4.783106 / 01-01 01:19:33.263][0] [CC] After update_pm_psy_status (iusb=500)(CC=500)(org=500)(wlc=900)
01-01 01:19:33.271     0     0 I         : [    4.783130 / 01-01 01:19:33.263][0] [CC] USB Current Set!
01-01 01:19:33.271     0     0 I [    4.783176 / 01-01 01:19:33.263][0] SMBCHG: smbchg_stay_awake: staying awake: 0x02 (bit 2)
01-01 01:19:33.271     0     0 I [    4.783190 / 01-01 01:19:33.263][0] SMBCHG: smbchg_vfloat_adjust_check: Starting vfloat adjustments
01-01 01:19:33.271     0     0 I [    4.783285 / 01-01 01:19:33.263][0] SMBCHG: get_parallel_psy: parallel charger not found
01-01 01:19:33.271     0     0 I [    4.783588 / 01-01 01:19:33.263][0] SMBCHG: smbchg_relax: relaxing: 0x00 (bit 2)
01-01 01:19:33.271     0     0 I         : [    4.783765 / 01-01 01:19:33.263][0] [CC] charge_type = 3
01-01 01:19:33.273   421   421 D AndroidRuntime: >>>>>> START com.android.internal.os.ZygoteInit uid 0 <<<<<<
01-01 01:19:33.276     0     0 W [    4.789366 / 01-01 01:19:33.267][3] healthd: battery l=77 v=4031 t=0.0 h=2 st=2 c=446 chg=u
01-01 01:19:33.276     0     0 W [    4.790994 / 01-01 01:19:33.271][3] healthd: battery l=77 v=4031 t=0.0 h=2 st=2 c=446 chg=u
01-01 01:19:33.303   421   421 I zygote  : option[0]=-Xzygote
01-01 01:19:33.303   421   421 I zygote  : option[1]=-Xusetombstonedtraces
01-01 01:19:33.303   421   421 I zygote  : option[2]=exit
01-01 01:19:33.303   421   421 I zygote  : option[3]=vfprintf
01-01 01:19:33.304   421   421 I zygote  : option[4]=sensitiveThread
01-01 01:19:33.304   421   421 I zygote  : option[5]=-verbose:gc
01-01 01:19:33.304   421   421 I zygote  : option[6]=-Xms8m
01-01 01:19:33.304   421   421 I zygote  : option[7]=-Xmx768m
01-01 01:19:33.304   421   421 I zygote  : option[8]=-XX:HeapGrowthLimit=288m
01-01 01:19:33.304   421   421 I zygote  : option[9]=-XX:HeapMinFree=2m
01-01 01:19:33.304   421   421 I zygote  : option[10]=-XX:HeapMaxFree=8m
01-01 01:19:33.304   421   421 I zygote  : option[11]=-XX:HeapTargetUtilization=0.75
01-01 01:19:33.304   421   421 I zygote  : option[12]=-Xusejit:true
01-01 01:19:33.304   421   421 I zygote  : option[13]=-Xjitsaveprofilinginfo
01-01 01:19:33.304   421   421 I zygote  : option[14]=-XjdwpOptions:suspend=n,server=y
01-01 01:19:33.304   421   421 I zygote  : option[15]=-XjdwpProvider:default
01-01 01:19:33.304   421   421 I zygote  : option[16]=-Xlockprofthreshold:500
01-01 01:19:33.304   421   421 I zygote  : option[17]=-Ximage-compiler-option
01-01 01:19:33.304   421   421 I zygote  : option[18]=--runtime-arg
01-01 01:19:33.304   421   421 I zygote  : option[19]=-Ximage-compiler-option
01-01 01:19:33.304   421   421 I zygote  : option[20]=-Xms64m
01-01 01:19:33.304   421   421 I zygote  : option[21]=-Ximage-compiler-option
01-01 01:19:33.304   421   421 I zygote  : option[22]=--runtime-arg
01-01 01:19:33.304   421   421 I zygote  : option[23]=-Ximage-compiler-option
01-01 01:19:33.304   421   421 I zygote  : option[24]=-Xmx64m
01-01 01:19:33.304   421   421 I zygote  : option[25]=-Ximage-compiler-option
01-01 01:19:33.304   421   421 I zygote  : option[26]=--profile-file=/system/etc/boot-image.prof
01-01 01:19:33.304   421   421 I zygote  : option[27]=-Ximage-compiler-option
01-01 01:19:33.304   421   421 I zygote  : option[28]=--compiler-filter=speed-profile
01-01 01:19:33.304   421   421 I zygote  : option[29]=-Xcompiler-option
01-01 01:19:33.304   421   421 I zygote  : option[30]=--runtime-arg
01-01 01:19:33.304   421   421 I zygote  : option[31]=-Xcompiler-option
01-01 01:19:33.304   421   421 I zygote  : option[32]=-Xms64m
01-01 01:19:33.304   421   421 I zygote  : option[33]=-Xcompiler-option
01-01 01:19:33.304   421   421 I zygote  : option[34]=--runtime-arg
01-01 01:19:33.304   421   421 I zygote  : option[35]=-Xcompiler-option
01-01 01:19:33.304   421   421 I zygote  : option[36]=-Xmx512m
01-01 01:19:33.304   421   421 I zygote  : option[37]=-Xcompiler-option
01-01 01:19:33.304   421   421 I zygote  : option[38]=-j2
01-01 01:19:33.304   421   421 I zygote  : option[39]=-Ximage-compiler-option
01-01 01:19:33.304   421   421 I zygote  : option[40]=-j4
01-01 01:19:33.304   421   421 I zygote  : option[41]=-Ximage-compiler-option
01-01 01:19:33.304   421   421 I zygote  : option[42]=--instruction-set-variant=cortex-a53.a57
01-01 01:19:33.304   421   421 I zygote  : option[43]=-Xcompiler-option
01-01 01:19:33.304   421   421 I zygote  : option[44]=--instruction-set-variant=cortex-a53.a57
01-01 01:19:33.304   421   421 I zygote  : option[45]=-Ximage-compiler-option
01-01 01:19:33.304   421   421 I zygote  : option[46]=--instruction-set-features=default
01-01 01:19:33.304   421   421 I zygote  : option[47]=-Xcompiler-option
01-01 01:19:33.304   421   421 I zygote  : option[48]=--instruction-set-features=default
01-01 01:19:33.304   421   421 I zygote  : option[49]=-Duser.locale=en-US
01-01 01:19:33.304   421   421 I zygote  : option[50]=--cpu-abilist=armeabi-v7a,armeabi
01-01 01:19:33.304   421   421 I zygote  : option[51]=-Xfingerprint:lge/p1_global_com/p1:8.1.0/OPM4.171019.016.A1/4720815:user/release-keys
01-01 01:19:33.312     0     0 I         : [    4.822922 / 01-01 01:19:33.303][0] [CC] current batt_temp[0], batt_temp_state[0], current batt_volt[4031], batt_volt_state[0]
01-01 01:19:33.318   437   437 I FastMixerState: sMaxFastTracks = 8
01-01 01:19:33.320   437   437 V MediaUtils: physMem: 2948182016
01-01 01:19:33.320   437   437 V MediaUtils: requested limit: 536870912
01-01 01:19:33.320   437   437 V MediaUtils: actual limit: 536870912
01-01 01:19:33.320   437   437 V MediaUtils: original limits: 4294967295/4294967295
01-01 01:19:33.320   437   437 V MediaUtils: new limits: 536870912/4294967295
01-01 01:19:33.321   437   437 I audioserver: ServiceManager: 0xec89c100
01-01 01:19:33.321   437   437 W BatteryNotifier: batterystats service unavailable!
01-01 01:19:33.322   437   437 E cutils-trace: Error opening trace file: Permission denied (13)
01-01 01:19:33.325   437   437 D vndksupport: Loading /vendor/lib/hw/android.hardware.audio@2.0-impl.so from current namespace instead of sphal namespace.
01-01 01:19:33.328     0     0 I [    4.838988 / 01-01 01:19:33.319][0] android_work: android_work: sent uevent USB_STATE=CONFIGURED
01-01 01:19:33.334   437   437 I chatty  : uid=1041(audioserver) /system/bin/audioserver identical 1 line
01-01 01:19:33.337   437   437 D vndksupport: Loading /vendor/lib/hw/android.hardware.audio@2.0-impl.so from current namespace instead of sphal namespace.
01-01 01:19:33.340   437   437 D vndksupport: Loading /vendor/lib/hw/android.hardware.audio.effect@2.0-impl.so from current namespace instead of sphal namespace.
01-01 01:19:33.344     0     0 I [    4.856032 / 01-01 01:19:33.335][2] ueventd: firmware: loading 'venus.b02' for '/devices/soc.0/fdce0000.qcom,venus/firmware/venus.b02'
01-01 01:19:33.358   437   437 D vndksupport: Loading /vendor/lib/hw/android.hardware.audio.effect@2.0-impl.so from current namespace instead of sphal namespace.
01-01 01:19:33.358   439   439 E cutils-trace: Error opening trace file: Permission denied (13)
01-01 01:19:33.361   437   437 I AudioFlinger: Using 300 mSec as standby time.
01-01 01:19:33.361   439   439 I ConfigStore: android::hardware::configstore::V1_0::ISurfaceFlingerConfigs::startGraphicsAllocatorService retrieved: 0 (default)
01-01 01:19:33.361   439   439 I SurfaceFlinger: Using HWComposer service: 'default'
01-01 01:19:33.361   439   439 I SurfaceFlinger: SurfaceFlinger is starting
01-01 01:19:33.362   437   437 E APM::Serializer: deserialize: Could not parse /odm/etc/audio_policy_configuration.xml document.
01-01 01:19:33.362   437   437 E APM::Serializer: deserialize: Could not parse /vendor/etc/audio/audio_policy_configuration.xml document.
01-01 01:19:33.363   439   439 I ConfigStore: android::hardware::configstore::V1_0::ISurfaceFlingerConfigs::vsyncEventPhaseOffsetNs retrieved: 1000000 (default)
01-01 01:19:33.363   439   439 I ConfigStore: android::hardware::configstore::V1_0::ISurfaceFlingerConfigs::vsyncSfEventPhaseOffsetNs retrieved: 1000000 (default)
01-01 01:19:33.363   439   439 I ConfigStore: android::hardware::configstore::V1_0::ISurfaceFlingerConfigs::hasSyncFramework retrieved: 1 (default)
01-01 01:19:33.363   439   439 I ConfigStore: android::hardware::configstore::V1_0::ISurfaceFlingerConfigs::presentTimeOffsetFromVSyncNs retrieved: 0 (default)
01-01 01:19:33.363   439   439 I ConfigStore: android::hardware::configstore::V1_0::ISurfaceFlingerConfigs::useHwcForRGBtoYUV retrieved: 0 (default)
01-01 01:19:33.363   439   439 I ConfigStore: android::hardware::configstore::V1_0::ISurfaceFlingerConfigs::maxVirtualDisplaySize retrieved: 0 (default)
01-01 01:19:33.363   439   439 I ConfigStore: android::hardware::configstore::V1_0::ISurfaceFlingerConfigs::useVrFlinger retrieved: 0 (default)
01-01 01:19:33.363   439   439 I ConfigStore: android::hardware::configstore::V1_0::ISurfaceFlingerConfigs::maxFrameBufferAcquiredBuffers retrieved: 2 (default)
01-01 01:19:33.363   439   439 I ConfigStore: android::hardware::configstore::V1_0::ISurfaceFlingerConfigs::hasWideColorDisplay retrieved: 0 (default)
01-01 01:19:33.364   439   439 I ConfigStore: android::hardware::configstore::V1_1::ISurfaceFlingerConfigs::primaryDisplayOrientation retrieved: ORIENTATION_0 (default)
01-01 01:19:33.364   439   439 I SurfaceFlinger: Enabling HWC virtual displays
01-01 01:19:33.364   439   439 I SurfaceFlinger: Disabling Triple Buffering
01-01 01:19:33.364   439   439 I SurfaceFlinger: Treble testing override: 'false'
01-01 01:19:33.364   439   439 I SurfaceFlinger: SurfaceFlinger's main thread ready to run. Initializing graphics H/W...
01-01 01:19:33.364   439   439 I SurfaceFlinger: Phase offest NS: 1000000
01-01 01:19:33.385   437   437 D vndksupport: Loading /vendor/lib/hw/audio.primary.default.so from current namespace instead of sphal namespace.
01-01 01:19:33.393   437   437 W DeviceHAL: Error from HAL Device in function get_master_volume: Function not implemented
01-01 01:19:33.393   437   437 W DeviceHAL: Error from HAL Device in function get_master_mute: Function not implemented
01-01 01:19:33.393   437   437 W DeviceHAL: Error from HAL Device in function set_master_volume: Function not implemented
01-01 01:19:33.393   437   437 W DeviceHAL: Error from HAL Device in function set_master_mute: Function not implemented
01-01 01:19:33.393   437   437 I AudioFlinger: loadHwModule() Loaded primary audio interface, handle 10
01-01 01:19:33.393   437   437 I AudioFlinger: openOutput() this 0xec8be000, module 10 Device 0x2, SamplingRate 48000, Format 0x000001, Channels 0x3, flags 0x2
01-01 01:19:33.394   437   437 I AudioFlinger: HAL output buffer size 480 frames, normal sink buffer size 960 frames
01-01 01:19:33.396   437   437 D vndksupport: Loading /vendor/lib/hw/android.hardware.audio.effect@2.0-impl.so from current namespace instead of sphal namespace.
01-01 01:19:33.398   437   437 D vndksupport: Loading /vendor/lib/hw/android.hardware.audio.effect@2.0-impl.so from current namespace instead of sphal namespace.
01-01 01:19:33.401   439   439 D vndksupport: Loading /vendor/lib64/egl/libEGL_adreno.so from current namespace instead of sphal namespace.
01-01 01:19:33.407   439   439 D libEGL  : loaded /vendor/lib64/egl/libEGL_adreno.so
01-01 01:19:33.433   437   437 E EffectsFactoryConfigLoader: Could not find library in effect directories: libqcomvisualizer.so
01-01 01:19:33.437   437   437 E EffectsFactoryConfigLoader: Could not find library in effect directories: libqcompostprocbundle.so
01-01 01:19:33.437   437   437 E EffectsFactoryConfigLoader: Could not find library in effect directories: libqcomvoiceprocessing.so
01-01 01:19:33.448   437   437 E EffectsFactoryConfigLoader: Could not find library offload_bundle to load effect bassboost libhw
01-01 01:19:33.448   437   437 E EffectsFactoryConfigLoader: Could not find library offload_bundle to load effect virtualizer libhw
01-01 01:19:33.448   437   437 E EffectsFactoryConfigLoader: Could not find library offload_bundle to load effect equalizer libhw
01-01 01:19:33.448   437   437 E EffectsFactoryConfigLoader: Could not find library offload_bundle to load effect reverb_env_aux libhw
01-01 01:19:33.448   437   437 E EffectsFactoryConfigLoader: Could not find library offload_bundle to load effect reverb_env_ins libhw
01-01 01:19:33.448   437   437 E EffectsFactoryConfigLoader: Could not find library offload_bundle to load effect reverb_pre_aux libhw
01-01 01:19:33.448   437   437 E EffectsFactoryConfigLoader: Could not find library offload_bundle to load effect reverb_pre_ins libhw
01-01 01:19:33.448   437   437 E EffectsFactoryConfigLoader: Could not find library visualizer_hw to load effect visualizer libhw
01-01 01:19:33.448   437   437 E EffectsFactoryConfigLoader: 11 errors during loading of configuration: EffectsFactoryConfigLoader
01-01 01:19:33.448   437   437 E EffectsFactory: Effect config is partially invalid, skipped 11 elements
01-01 01:19:33.448   437   437 I BufferProvider: found effect "Multichannel Downmix To Stereo" from The Android Open Source Project
01-01 01:19:33.449   437   437 I AudioFlinger: Using module 10 as the primary audio interface
01-01 01:19:33.449   437   534 I AudioFlinger: AudioFlinger's thread 0xebf036c0 tid=534 ready to run
01-01 01:19:33.449   437   524 W DeviceHAL: Error from HAL Device in function set_voice_volume: Function not implemented
01-01 01:19:33.450   437   437 W AudioFlinger: moveEffects() bad srcOutput 0
01-01 01:19:33.451   437   534 W AudioFlinger: no wake lock to update, system not ready yet
01-01 01:19:33.451   437   437 W APM_AudioPolicyManager: Output profile contains no device on module primary
01-01 01:19:33.451   437   437 I AudioFlinger: openOutput() this 0xec8be000, module 10 Device 0x2, SamplingRate 48000, Format 0x000001, Channels 0x3, flags 0x8
01-01 01:19:33.451   437   437 I AudioFlinger: HAL output buffer size 480 frames, normal sink buffer size 960 frames
01-01 01:19:33.452   437   536 I AudioFlinger: AudioFlinger's thread 0xeb803080 tid=536 ready to run
01-01 01:19:33.454   437   536 W AudioFlinger: no wake lock to update, system not ready yet
01-01 01:19:33.454   437   536 W AudioFlinger: no wake lock to update, system not ready yet
01-01 01:19:33.455   437   437 I AudioFlinger: openOutput() this 0xec8be000, module 10 Device 0x2, SamplingRate 48000, Format 0x000001, Channels 0x3, flags 0x4
01-01 01:19:33.455   437   437 I AudioFlinger: HAL output buffer size 480 frames, normal sink buffer size 960 frames
01-01 01:19:33.455   437   538 I AudioFlinger: AudioFlinger's thread 0xeb503680 tid=538 ready to run
01-01 01:19:33.456   437   538 W AudioFlinger: no wake lock to update, system not ready yet
01-01 01:19:33.456   437   538 W AudioFlinger: no wake lock to update, system not ready yet
01-01 01:19:33.457   437   437 W APM_AudioPolicyManager: Output profile contains no device on module primary
01-01 01:19:33.457   437   437 W APM_AudioPolicyManager: Output profile contains no device on module primary
01-01 01:19:33.457   437   437 I AudioFlinger: openOutput() this 0xec8be000, module 10 Device 0x10000, SamplingRate 48000, Format 0x000001, Channels 0x3, flags 0
01-01 01:19:33.458   437   437 I AudioFlinger: HAL output buffer size 480 frames, normal sink buffer size 960 frames
01-01 01:19:33.458   437   540 I AudioFlinger: AudioFlinger's thread 0xeb203f40 tid=540 ready to run
01-01 01:19:33.459   437   540 W AudioFlinger: no wake lock to update, system not ready yet
01-01 01:19:33.459   437   437 W APM_AudioPolicyManager: Output profile contains no device on module primary
01-01 01:19:33.459   437   437 W APM_AudioPolicyManager: Output profile contains no device on module primary
01-01 01:19:33.460   437   541 I AudioFlinger: AudioFlinger's thread 0xeaf03400 tid=541 ready to run
01-01 01:19:33.461   437   542 I AudioFlinger: AudioFlinger's thread 0xeaf031c0 tid=542 ready to run
01-01 01:19:33.478   437   437 I bt_a2dp_hw: adev_open:  adev_open in A2dp_hw module
01-01 01:19:33.478   437   437 I AudioFlinger: loadHwModule() Loaded a2dp audio interface, handle 18
01-01 01:19:33.479   437   437 D vndksupport: Loading /vendor/lib/hw/audio.usb.default.so from current namespace instead of sphal namespace.
01-01 01:19:33.484   437   437 I AudioFlinger: loadHwModule() Loaded usb audio interface, handle 26
01-01 01:19:33.484   437   437 D vndksupport: Loading /vendor/lib/hw/audio.r_submix.default.so from current namespace instead of sphal namespace.
01-01 01:19:33.487   437   437 I r_submix: adev_open(name=audio_hw_if)
01-01 01:19:33.487   437   437 I r_submix: adev_init_check()
01-01 01:19:33.487   437   437 W DeviceHAL: Error from HAL Device in function set_master_mute: Function not implemented
01-01 01:19:33.487   437   437 I AudioFlinger: loadHwModule() Loaded r_submix audio interface, handle 34
01-01 01:19:33.487   437   437 D r_submix: adev_open_input_stream(addr=0)
01-01 01:19:33.487   437   437 D r_submix: submix_audio_device_create_pipe_l(addr=0, idx=9)
01-01 01:19:33.487   437   437 D r_submix:   now using address 0 for route 9
01-01 01:19:33.488   437   543 I AudioFlinger: AudioFlinger's thread 0xeaf03cc0 tid=543 ready to run
01-01 01:19:33.488   437   437 D r_submix: adev_close_input_stream()
01-01 01:19:33.488   437   437 D r_submix: submix_audio_device_release_pipe_l(idx=9) addr=0
01-01 01:19:33.488   437   437 D r_submix: submix_audio_device_destroy_pipe_l(): pipe destroyed
01-01 01:19:33.488   437   437 D AudioPolicyManagerCustom: USE_XML_AUDIO_POLICY_CONF is TRUE
01-01 01:19:33.489   437   437 I         : Waiting for activity service
01-01 01:19:33.495   450   450 V MediaUtils: physMem: 2948182016
01-01 01:19:33.496   450   450 V MediaUtils: requested limit: 589636400
01-01 01:19:33.496   450   450 V MediaUtils: cfi shadow size: 2147483648
01-01 01:19:33.496   450   450 V MediaUtils: actual limit: 2737120048
01-01 01:19:33.496   450   450 V MediaUtils: original limits: -1/-1
01-01 01:19:33.496   450   450 V MediaUtils: new limits: 2737120048/-1
01-01 01:19:33.496   450   450 D vndksupport: Loading libutils.so from current namespace instead of sphal namespace.
01-01 01:19:33.497   450   450 W mediaextractor: libminijail[450]: failed to get path of fd 4: No such file or directory
01-01 01:19:33.497   450   450 W mediaextractor: libminijail[450]: allowing syscall: connect
01-01 01:19:33.497   450   450 W mediaextractor: libminijail[450]: allowing syscall: fcntl
01-01 01:19:33.498   450   450 W mediaextractor: libminijail[450]: allowing syscall: sendto
01-01 01:19:33.498   450   450 W mediaextractor: libminijail[450]: allowing syscall: socket
01-01 01:19:33.498   450   450 W mediaextractor: libminijail[450]: allowing syscall: writev
01-01 01:19:33.499   450   450 W mediaextractor: libminijail[450]: logging seccomp filter failures
01-01 01:19:33.520     0     0 I [    5.031598 / 01-01 01:19:33.511][1] ueventd: loading /devices/soc.0/fdce0000.qcom,venus/firmware/venus.b02 took 175ms
01-01 01:19:33.520     0     0 I [    5.032452 / 01-01 01:19:33.511][0] ueventd: firmware: loading 'venus.b03' for '/devices/soc.0/fdce0000.qcom,venus/firmware/venus.b03'
01-01 01:19:33.526   421   421 I zygote  : VerifyImage: /system/bin/patchoat --input-image-location=/system/framework/boot.art --output-image-directory=/data/dalvik-cache/arm --instruction-set=arm --verify
01-01 01:19:33.528     0     0 I [    5.040080 / 01-01 01:19:33.519][1] ueventd: loading /devices/soc.0/fdce0000.qcom,venus/firmware/venus.b03 took 7ms
01-01 01:19:33.532     0     0 I [    5.045381 / 01-01 01:19:33.523][1] ueventd: firmware: loading 'venus.b04' for '/devices/soc.0/fdce0000.qcom,venus/firmware/venus.b04'
01-01 01:19:33.533   547   547 I qcom-bluetooth: /system/bin/init.qcom.bt.sh: Bluetooth stack is Bluedroid
01-01 01:19:33.536     0     0 I [    5.050622 / 01-01 01:19:33.527][3] init: Service 'config_bluetooth' (pid 435) exited with status 0
01-01 01:19:33.548     0     0 I [    5.060102 / 01-01 01:19:33.539][3] ueventd: loading /devices/soc.0/fdce0000.qcom,venus/firmware/venus.b04 took 14ms
01-01 01:19:33.564     0     0 I         : [    5.076184 / 01-01 01:19:33.555][0] subsys-pil-tz fdce0000.qcom,venus: venus: Brought out of reset
01-01 01:19:33.579   444   508 W CamPvdr@2.4-external: deviceAdded device /dev/video32 does not support VIDEO_CAPTURE
01-01 01:19:33.580     0     0 I [    5.094606 / 01-01 01:19:33.571][1] msm_vidc: info: Closed video instance: 0000000000000000
01-01 01:19:33.580   444   508 W CamPvdr@2.4-external: deviceAdded device /dev/video33 does not support VIDEO_CAPTURE
01-01 01:19:33.580     0     0 I [    5.094668 / 01-01 01:19:33.571][1] msm_vidc: info: Opening video instance: 0000000000000000, 0
01-01 01:19:33.580   444   508 E CamPvdr@2.4-external: deviceAdded v4l2 QUERYCAP /dev/video0 failed
01-01 01:19:33.580   444   508 E CamPvdr@2.4-external: deviceAdded open v4l2 device /dev/video2 failed:No such device
01-01 01:19:33.580   444   508 E CamPvdr@2.4-external: deviceAdded open v4l2 device /dev/video1 failed:No such device
01-01 01:19:33.580   444   508 I CamPvdr@2.4-external: threadLoop start monitoring new V4L2 devices
01-01 01:19:33.581     0     0 I [    5.095020 / 01-01 01:19:33.575][1] msm_vidc: info: Closed video instance: 0000000000000000
01-01 01:19:33.581     0     0 E [    5.095237 / 01-01 01:19:33.575][1] msm_isp_ioctl_compat: 885 failed: invalid params ffffffc0c32a0000
01-01 01:19:33.581     0     0 E [    5.095249 / 01-01 01:19:33.575][1] msm_isp_ioctl_compat: 888 failed           (null)
01-01 01:19:33.581     0     0 E [    5.095258 / 01-01 01:19:33.575][1] msm_isp_ioctl_compat: 885 failed: invalid params ffffffc0c32d0000
01-01 01:19:33.581     0     0 E [    5.095266 / 01-01 01:19:33.575][1] msm_isp_ioctl_compat: 888 failed           (null)
01-01 01:19:33.581     0     0 E [    5.095276 / 01-01 01:19:33.575][1] msm_flash_subdev_ioctl: 672 fctrl->func_tbl NULL
01-01 01:19:33.581     0     0 E [    5.095288 / 01-01 01:19:33.575][1] msm_ois_subdev_ioctl: 553 Enter
01-01 01:19:33.581     0     0 E [    5.095298 / 01-01 01:19:33.575][1] msm_ois_subdev_ioctl: 554 msm_ois_subdev_ioctl:554 o_ctrl ffffffc0c322a000 argp ffffffc0ba917dc8
01-01 01:19:33.581     0     0 E [    5.095307 / 01-01 01:19:33.575][1] msm_ois_power_down: 180 Enter
01-01 01:19:33.581     0     0 E [    5.095315 / 01-01 01:19:33.575][1] msm_ois_power_down: 202 Exit
01-01 01:19:33.581     0     0 E [    5.095323 / 01-01 01:19:33.575][1] msm_ois_close: 523 Enter
01-01 01:19:33.581     0     0 E [    5.095331 / 01-01 01:19:33.575][1] msm_ois_close: 539 Exit
01-01 01:19:33.581     0     0 E [    5.095343 / 01-01 01:19:33.575][1] msm_tcs_power_down: 450 Enter
01-01 01:19:33.581     0     0 E [    5.095351 / 01-01 01:19:33.575][1] msm_tcs_power_down: 463 Exit
01-01 01:19:33.581     0     0 E         : [    5.095364 / 01-01 01:19:33.575][1] msm_csiphy_release csiphy dev NULL / ref_count ZERO
01-01 01:19:33.581     0     0 E         : [    5.095373 / 01-01 01:19:33.575][1] msm_csiphy_release csiphy dev NULL / ref_count ZERO
01-01 01:19:33.581     0     0 E         : [    5.095381 / 01-01 01:19:33.575][1] msm_csiphy_release csiphy dev NULL / ref_count ZERO
01-01 01:19:33.581     0     0 E [    5.095392 / 01-01 01:19:33.575][1] msm_csid_release: csid invalid state 1
01-01 01:19:33.581     0     0 E [    5.095402 / 01-01 01:19:33.575][1] msm_csid_release: csid invalid state 1
01-01 01:19:33.581     0     0 E [    5.095411 / 01-01 01:19:33.575][1] msm_csid_release: csid invalid state 1
01-01 01:19:33.581     0     0 E [    5.095420 / 01-01 01:19:33.575][1] msm_csid_release: csid invalid state 1
01-01 01:19:33.581     0     0 E         : [    5.095433 / 01-01 01:19:33.575][1] MSM-SENSOR-INIT msm_sensor_init_subdev_ioctl:119 default
01-01 01:19:33.581     0     0 E         : [    5.095433 / 01-01 01:19:33.575][1]
01-01 01:19:33.581     0     0 I         : [    5.095450 / 01-01 01:19:33.575][1] MSM-CPP msm_cpp_subdev_ioctl:2648 shutdown cpp node. open cnt:0
01-01 01:19:33.581     0     0 E [    5.095500 / 01-01 01:19:33.575][1] camera_v4l2_open: msm_create_session id=2
01-01 01:19:33.581     0     0 E [    5.095512 / 01-01 01:19:33.575][1] msm_create_command_ack_q: session_id = 2, stream_id = 0
01-01 01:19:33.581     0     0 E [    5.095525 / 01-01 01:19:33.575][1] msm_post_event: msm event queue not available Line 744
01-01 01:19:33.581     0     0 E [    5.095533 / 01-01 01:19:33.575][1] camera_v4l2_open: posting of NEW_SESSION event failed
01-01 01:19:33.581     0     0 E [    5.095544 / 01-01 01:19:33.575][1] camera_v4l2_open: Line 599 rc -19
01-01 01:19:33.581     0     0 E [    5.095552 / 01-01 01:19:33.575][1] msm_delete_command_ack_q: session_id = 2, stream_id = 0
01-01 01:19:33.581     0     0 E [    5.095562 / 01-01 01:19:33.575][1] msm_destroy_session: session_id = 2
01-01 01:19:33.581     0     0 E [    5.095638 / 01-01 01:19:33.575][1] camera_v4l2_open: msm_create_session id=1
01-01 01:19:33.581     0     0 E [    5.095647 / 01-01 01:19:33.575][1] msm_create_command_ack_q: session_id = 1, stream_id = 0
01-01 01:19:33.581     0     0 E [    5.095656 / 01-01 01:19:33.575][1] msm_post_event: msm event queue not available Line 744
01-01 01:19:33.581     0     0 E [    5.095664 / 01-01 01:19:33.575][1] camera_v4l2_open: posting of NEW_SESSION event failed
01-01 01:19:33.581     0     0 E [    5.095672 / 01-01 01:19:33.575][1] camera_v4l2_open: Line 599 rc -19
01-01 01:19:33.581     0     0 E [    5.095681 / 01-01 01:19:33.575][1] msm_delete_command_ack_q: session_id = 1, stream_id = 0
01-01 01:19:33.581     0     0 E [    5.095689 / 01-01 01:19:33.575][1] msm_destroy_session: session_id = 1
01-01 01:19:33.621   439   439 D vndksupport: Loading /vendor/lib64/egl/libGLESv1_CM_adreno.so from current namespace instead of sphal namespace.
01-01 01:19:33.624   439   439 D libEGL  : loaded /vendor/lib64/egl/libGLESv1_CM_adreno.so
01-01 01:19:33.646   439   439 D vndksupport: Loading /vendor/lib64/egl/libGLESv2_adreno.so from current namespace instead of sphal namespace.
01-01 01:19:33.646   439   439 D libEGL  : loaded /vendor/lib64/egl/libGLESv2_adreno.so
01-01 01:19:33.649   548   548 E patchoat: Could not create image space with image file '/system/framework/boot.art'. Attempting to fall back to imageless running. Error was: Failed to open oat file '/system/framework/arm/boot-okhttp.oat' referenced from image /system/framework/arm/boot-okhttp.art: Failed to allocate ElfFile reservation for /system/framework/arm/boot-okhttp.oat: Failed to mmap at expected address, mapped at 0xebb4f000 instead of 0x71b80000 : Requested region 0x71b80000-0x71c31000 overlaps with existing map 0x71733000-0x71bb1000 (/system/framework/boot.vdex)
01-01 01:19:33.649   548   548 E patchoat: 0x71733000-0x71bb1000 r-- /system/framework/boot.vdex
01-01 01:19:33.649   548   548 E patchoat: 0x71bb1000-0x71bb2000 r-- /system/framework/arm/boot.oat
01-01 01:19:33.649   548   548 E patchoat: 0x71bb2000-0x71bb3000 rw- /system/framework/arm/boot.oat
01-01 01:19:33.649   548   548 E patchoat: 0x71bb3000-0x71d34000 r-- /system/framework/arm/boot-core-libart.oat
01-01 01:19:33.649   548   548 E patchoat: 0x71d34000-0x71d35000 rw- /dev/ashmem/dalvik-Zero-initialized segment 3 of ELF file /data/dalvik-cache/arm/system@framework@boot-core-libart.oat (deleted)
01-01 01:19:33.649   548   548 E patchoat: 0x71d35000-0x7202d000 r-- /system/framework/boot-core-libart.vdex
01-01 01:19:33.649   548   548 E patchoat: 0x7202d000-0x7202e000 r-- /system/framework/arm/boot-core-libart.oat
01-01 01:19:33.649   548   548 E patchoat: 0x7202e000-0x7202f000 rw- /system/framework/arm/boot-core-libart.oat
01-01 01:19:33.649   548   548 E patchoat: 0x7202f000-0x7206b000 r-- /system/framework/arm/boot-conscrypt.oat
01-01 01:19:33.649   548   548 E patchoat: 0x7206b000-0x7206c000 rw- /dev/ashmem/dalvik-Zero-initialized segment 3 of ELF file /data/dalvik-cache/arm/system@framework@boot-conscrypt.oat (deleted)
01-01 01:19:33.649   548   548 E patchoat: 0x7206c000-0x720cd000 r-- /system/framework/boot-conscrypt.vdex
01-01 01:19:33.649   548   548 E patchoat: 0x720cd000-0x720ce000 r-- /system/framework/arm/boot-conscrypt.oat
01-01 01:19:33.649   548   548 E patchoat: 0x720ce000-0x720cf000 rw- /system/framework/arm/boot-conscrypt.oat
01-01 01:19:33.649   548   548 E patchoat: 0xaabc5000-0xaabd3000 r-x /system/bin/patchoat
01-01 01:19:33.649   548   548 E patchoat: 0xaabd3000-0xaabd4000 r-- /system/bin/patchoat
01-01 01:19:33.649   548   548 E patchoat: 0xaabd4000-0xaabd5000 rw- /system/bin/patchoat
01-01 01:19:33.649   548   548 E patchoat: 0xebad6000-0xebad7000 --- /dev/ashmem/dalvik-Sentinel fault page (deleted)
01-01 01:19:33.649   548   548 E patchoat: 0xebc00000-0xebc80000 rw- [anon:libc_malloc]
01-01 01:19:33.649   548   548 E patchoat: 0xebce6000-0xebcea000 r-x /system/lib/libnetd_client.so
01-01 01:19:33.649   548   548 E patchoat: 0xebcea000-0xebceb000 r-- /system/lib/libnetd_client.so
01-01 01:19:33.649   548   548 E patchoat: 0xebceb000-0xebcec000 rw- /system/lib/libnetd_client.so
01-01 01:19:33.649   548   548 E patchoat: 0xebd00000-0xebe00000 rw- [anon:libc_malloc]
01-01 01:19:33.649   548   548 E patchoat: 0xebe41000-0xebe56000 r-x /system/lib/libutils.so
01-01 01:19:33.649   548   548 E patchoat: 0xebe56000-0xebe57000 --- 
01-01 01:19:33.649   548   548 E patchoat: 0xebe57000-0xebe58000 r-- /system/lib/libutils.so
01-01 01:19:33.649   548   548 E patchoat: 0xebe58000-0xebe59000 rw- /system/lib/libutils.so
01-01 01:19:33.649   548   548 E patchoat: 0xebe98000-0xebe9d000 r-x /system/lib/libnativebridge.so
01-01 01:19:33.649   548   548 E patchoat: 0xebe9d000-0xebe9e000 r-- /system/lib/libnativebridge.so
01-01 01:19:33.649   548   548 E patchoat: 0xebe9e000-0xebe9f000 rw- /system/lib/libnativebridge.so
01-01 01:19:33.649   548   548 E patchoat: 0xebee1000-0xebef5000 r-x /system/lib/liblog.so
01-01 01:19:33.649   548   548 E patchoat: 0xebef5000-0xebef6000 r-- /system/lib/liblog.so
01-01 01:19:33.649   548   548 E patchoat: 0xebef6000-0xebef7000 rw- /system/lib/liblog.so
01-01 01:19:33.649   548   548 E patchoat: 0xebf14000-0xebf1b000 r-x /system/lib/libnativehelper.so
01-01 01:19:33.649   548   548 E patchoat: 0xebf1b000-0xebf1c000 r-- /system/lib/libnativehelper.so
01-01 01:19:33.649   548   548 E patchoat: 0xebf1c000-0xebf1d000 rw- /system/lib/libnativehelper.so
01-01 01:19:33.649   548   548 E patchoat: 0xebf56000-0xebf64000 r-x /system/lib/libcutils.so
01-01 01:19:33.649   548   548 E patchoat: 0xebf64000-0xebf65000 --- 
01-01 01:19:33.649   548   548 E patchoat: 0xebf65000-0xebf66000 r-- /system/lib/libcutils.so
01-01 01:19:33.649   548   548 E patchoat: 0xebf66000-0xebf67000 rw- /system/lib/libcutils.so
01-01 01:19:33.649   548   548 E patchoat: 0xebfa7000-0xebfab000 r-x /system/lib/libmetricslogger.so
01-01 01:19:33.649   548   548 E patchoat: 0xebfab000-0xebfac000 r-- /system/lib/libmetricslogger.so
01-01 01:19:33.649   548   548 E patchoat: 0xebfac000-0xebfad000 rw- /system/lib/libmetricslogger.so
01-01 01:19:33.649   548   548 E patchoat: 0xebfc4000-0xebfd4000 r-x /system/lib/liblz4.so
01-01 01:19:33.649   548   548 E patchoat: 0xebfd4000-0xebfd5000 r-- /system/lib/liblz4.so
01-01 01:19:33.649   548   548 E patchoat: 0xebfd5000-0xebfd6000 rw- /system/lib/liblz4.so
01-01 01:19:33.649   548   548 E patchoat: 0xec005000-0xec098000 r-x /system/lib/libc++.so
01-01 01:19:33.649   548   548 E patchoat: 0xec098000-0xec099000 --- 
01-01 01:19:33.649   548   548 E patchoat: 0xec099000-0xec09e000 r-- /system/lib/libc++.so
01-01 01:19:33.649   548   548 E patchoat: 0xec09e000-0xec09f000 rw- /system/lib/libc++.so
01-01 01:19:33.649   548   548 E patchoat: 0xec09f000-0xec0a0000 rw- [anon:.bss]
01-01 01:19:33.649   548   548 E patchoat: 0xec0c2000-0xec163000 r-x /system/lib/libc.so
01-01 01:19:33.649   548   548 E patchoat: 0xec163000-0xec167000 r-- /system/lib/libc.so
01-01 01:19:33.649   548   548 E patchoat: 0xec167000-0xec169000 rw- /system/lib/libc.so
01-01 01:19:33.649   548   548 E patchoat: 0xec169000-0xec16a000 rw- [anon:.bss]
01-01 01:19:33.649   548   548 E patchoat: 0xec16a000-0xec16b000 r-- [anon:.bss]
01-01 01:19:33.649   548   548 E patchoat: 0xec16b000-0xec172000 rw- [anon:.bss]
01-01 01:19:33.649   548   548 E patchoat: 0xec1b9000-0xec1bc000 r-x /system/lib/libvndksupport.so
01-01 01:19:33.649   548   548 E patchoat: 0xec1bc000-0xec1bd000 r-- /system/lib/libvndksupport.so
01-01 01:19:33.649   548   548 E patchoat: 0xec1bd000-0xec1be000 rw- /system/lib/libvndksupport.so
01-01 01:19:33.649   548   548 E patchoat: 0xec1ee000-0xec1f5000 r-x /system/lib/libnativeloader.so
01-01 01:19:33.649   548   548 E patchoat: 0xec1f5000-0xec1f6000 r-- /system/lib/libnativeloader.so
01-01 01:19:33.649   548   548 E patchoat: 0xec1f6000-0xec1f7000 rw- /system/lib/libnativeloader.so
01-01 01:19:33.649   548   548 E patchoat: 0xec214000-0xec671000 r-x /system/lib/libart.so
01-01 01:19:33.649   548   548 E patchoat: 0xec671000-0xec67a000 r-- /system/lib/libart.so
01-01 01:19:33.649   548   548 E patchoat: 0xec67a000-0xec67c000 rw- /system/lib/libart.so
01-01 01:19:33.649   548   548 E patchoat: 0xec67c000-0xec67e000 rw- [anon:.bss]
01-01 01:19:33.649   548   548 E patchoat: 0xec697000-0xec6b3000 r-x /system/lib/liblzma.so
01-01 01:19:33.649   548   548 E patchoat: 0xec6b3000-0xec6b4000 r-- /system/lib/liblzma.so
01-01 01:19:33.649   548   548 E patchoat: 0xec6b4000-0xec6b5000 rw- /system/lib/liblzma.so
01-01 01:19:33.649   548   548 E patchoat: 0xec6b5000-0xec6bb000 rw- [anon:.bss]
01-01 01:19:33.649   548   548 E patchoat: 0xec6e0000-0xec6f5000 r-x /system/lib/libunwind.so
01-01 01:19:33.649   548   548 E patchoat: 0xec6f5000-0xec6f6000 --- 
01-01 01:19:33.649   548   548 E patchoat: 0xec6f6000-0xec6f7000 r-- /system/lib/libunwind.so
01-01 01:19:33.649   548   548 E patchoat: 0xec6f7000-0xec6f8000 rw- /system/lib/libunwind.so
01-01 01:19:33.649   548   548 E patchoat: 0xec6f8000-0xec73e000 rw- [anon:.bss]
01-01 01:19:33.649   548   548 E patchoat: 0xec75f000-0xec773000 r-x /system/lib/libbacktrace.so
01-01 01:19:33.649   548   548 E patchoat: 0xec773000-0xec774000 r-- /system/lib/libbacktrace.so
01-01 01:19:33.649   548   548 E patchoat: 0xec774000-0xec775000 rw- /system/lib/libbacktrace.so
01-01 01:19:33.649   548   548 E patchoat: 0xec79d000-0xec7a2000 r-x /system/lib/libtombstoned_client.so
01-01 01:19:33.650   548   548 E patchoat: 0xec7a2000-0xec7a3000 --- 
01-01 01:19:33.650   548   548 E patchoat: 0xec7a3000-0xec7a4000 r-- /system/lib/libtombstoned_client.so
01-01 01:19:33.650   548   548 E patchoat: 0xec7a4000-0xec7a5000 rw- /system/lib/libtombstoned_client.so
01-01 01:19:33.650   548   548 E patchoat: 0xec7d3000-0xec7eb000 r-x /system/lib/libz.so
01-01 01:19:33.650   548   548 E patchoat: 0xec7eb000-0xec7ec000 --- 
01-01 01:19:33.650   548   548 E patchoat: 0xec7ec000-0xec7ed000 r-- /system/lib/libz.so
01-01 01:19:33.650   548   548 E patchoat: 0xec7ed000-0xec7ee000 rw- /system/lib/libz.so
01-01 01:19:33.650   548   548 E patchoat: 0xec801000-0xec839000 r-x /system/lib/libunwindstack.so
01-01 01:19:33.650   548   548 E patchoat: 0xec839000-0xec83d000 r-- /system/lib/libunwindstack.so
01-01 01:19:33.650   548   548 E patchoat: 0xec83d000-0xec83e000 rw- /system/lib/libunwindstack.so
01-01 01:19:33.650   548   548 E patchoat: 0xec844000-0xec864000 r-x /system/lib/libm.so
01-01 01:19:33.650   548   548 E patchoat: 0xec864000-0xec865000 r-- /system/lib/libm.so
01-01 01:19:33.650   548   548 E patchoat: 0xec865000-0xec866000 rw- /system/lib/libm.so
01-01 01:19:33.650   548   548 E patchoat: 0xec8ae000-0xec8bd000 r-x /system/lib/libbase.so
01-01 01:19:33.650   548   548 E patchoat: 0xec8bd000-0xec8be000 r-- /system/lib/libbase.so
01-01 01:19:33.650   548   548 E patchoat: 0xec8be000-0xec8bf000 rw- /system/lib/libbase.so
01-01 01:19:33.650   548   548 E patchoat: 0xec8c0000-0xec8c1000 r-x /system/lib/libdl.so
01-01 01:19:33.650   548   548 E patchoat: 0xec8c1000-0xec8c2000 r-- /system/lib/libdl.so
01-01 01:19:33.650   548   548 E patchoat: 0xec8c2000-0xec8c3000 rw- [anon:.bss]
01-01 01:19:33.650   548   548 E patchoat: 0xec927000-0xec92a000 r-x /system/lib/libsigchain.so
01-01 01:19:33.650   548   548 E patchoat: 0xec92a000-0xec92b000 r-- /system/lib/libsigchain.so
01-01 01:19:33.650   548   548 E patchoat: 0xec92b000-0xec92c000 rw- /system/lib/libsigchain.so
