01-01 01:12:42.246   581   581 I ThermalEngine: device cluster1
01-01 01:12:42.246   581   581 I ThermalEngine: set_point 85000
01-01 01:12:42.246   581   581 I ThermalEngine: set_point_clr 55000
01-01 01:12:42.246   581   581 I ThermalEngine: time_constant 0
01-01 01:12:42.246   581   581 I ThermalEngine: [SS-CPU5]
01-01 01:12:42.246   581   581 I ThermalEngine: algo_type ss
01-01 01:12:42.246   581   581 I ThermalEngine: sampling 10
01-01 01:12:42.246   581   581 I ThermalEngine: sensor cpu5
01-01 01:12:42.246   581   581 I ThermalEngine: device cluster1
01-01 01:12:42.246   581   581 I ThermalEngine: set_point 85000
01-01 01:12:42.246   581   581 I ThermalEngine: set_point_clr 55000
01-01 01:12:42.246   581   581 I ThermalEngine: time_constant 0
01-01 01:12:42.246   581   581 I ThermalEngine: [SS-GPU]
01-01 01:12:42.246   581   581 I ThermalEngine: algo_type ss
01-01 01:12:42.246   581   581 I ThermalEngine: sampling 250
01-01 01:12:42.246   581   581 I ThermalEngine: sensor gpu
01-01 01:12:42.246   581   581 I ThermalEngine: device gpu
01-01 01:12:42.246   581   581 I ThermalEngine: set_point 85000
01-01 01:12:42.246   581   581 I ThermalEngine: set_point_clr 55000
01-01 01:12:42.246   581   581 I ThermalEngine: time_constant 0
01-01 01:12:42.246   581   581 I ThermalEngine: [SS-POPMEM-LITTLE]
01-01 01:12:42.246   581   581 I ThermalEngine: algo_type ss
01-01 01:12:42.246   581   581 I ThermalEngine: sampling 10
01-01 01:12:42.246   581   581 I ThermalEngine: sensor pop_mem
01-01 01:12:42.246   581   581 I ThermalEngine: device cluster0
01-01 01:12:42.246   581   581 I ThermalEngine: set_point 80000
01-01 01:12:42.246   581   581 I ThermalEngine: set_point_clr 55000
01-01 01:12:42.246   581   581 I ThermalEngine: time_constant 16
01-01 01:12:42.247   581   581 I ThermalEngine: [SS-POPMEM-BIG]
01-01 01:12:42.247   581   581 I ThermalEngine: algo_type ss
01-01 01:12:42.247   581   581 I ThermalEngine: sampling 10
01-01 01:12:42.247   581   581 I ThermalEngine: sensor pop_mem
01-01 01:12:42.247   581   581 I ThermalEngine: device cluster1
01-01 01:12:42.247   581   581 I ThermalEngine: set_point 80000
01-01 01:12:42.247   581   581 I ThermalEngine: set_point_clr 55000
01-01 01:12:42.247   581   581 I ThermalEngine: time_constant 16
01-01 01:12:42.247   581   581 I ThermalEngine: ss_algo_init: Entry Disabled SS-LITTLE-CLUSTER.
01-01 01:12:42.247   581   581 I ThermalEngine: ss_algo_init: Entry Disabled SS-BIG-CLUSTER.
01-01 01:12:42.247   581   581 E ThermalEngine: No speaker_cal config
01-01 01:12:42.248     0     0 I [    5.718337 / 01-01 01:12:42.243][4] init: starting service 'time_daemon'...
01-01 01:12:42.248     0     0 I [    5.719800 / 01-01 01:12:42.243][4] init: starting service 'gatekeeperd'...
01-01 01:12:42.248     0     0 I [    5.721172 / 01-01 01:12:42.243][4] init: starting service 'tombstoned'...
01-01 01:12:42.252     0     0 I [    5.722599 / 01-01 01:12:42.247][4] init: starting service 'usbd'...
01-01 01:12:42.252     0     0 I [    5.723650 / 01-01 01:12:42.247][0] init: Created socket '/dev/socket/tombstoned_crash', mode 666, user 1000, group 1000
01-01 01:12:42.252     0     0 I [    5.724553 / 01-01 01:12:42.247][0] init: Created socket '/dev/socket/tombstoned_intercept', mode 666, user 1000, group 1000
01-01 01:12:42.252     0     0 I [    5.725242 / 01-01 01:12:42.247][0] init: Created socket '/dev/socket/tombstoned_java_trace', mode 666, user 1000, group 1000
01-01 01:12:42.253   581   730 I ThermalEngine: vdd_restrict_qmi_request: MODEM req level(0) is recorded and waiting for completing QMI registration
01-01 01:12:42.253   581   730 I ThermalEngine: vdd_restrict_qmi_request: ADSP req level(0) is recorded and waiting for completing QMI registration
01-01 01:12:42.253   581   730 I ThermalEngine: hotplug_ktm_disable_cb: write out 30
01-01 01:12:42.255     0     0 I [    6.464481 / 01-01 01:12:42.247][2] msm_thermal: set_enabled enabled = 0
01-01 01:12:42.255     0     0 I [    6.466172 / 01-01 01:12:42.251][0] CPU4: shutdown
01-01 01:12:42.258     0     0 I [    6.466911 / 01-01 01:12:42.251][0] msm_thermal: update_offline_cores Set Offline: CPU4 Temp: 105
01-01 01:12:42.258     0     0 I [    6.468039 / 01-01 01:12:42.251][0] CPU5: shutdown
01-01 01:12:42.258     0     0 I [    6.468875 / 01-01 01:12:42.251][0] msm_thermal: update_offline_cores Set Offline: CPU5 Temp: 105
01-01 01:12:42.260     0     0 I [    5.732073 / 01-01 01:12:42.255][2] mediadrmserver[590]: syscall 384
01-01 01:12:42.260     0     0 W [    5.732091 / 01-01 01:12:42.255][2] Code: ea0016ec e1a0c007 e3a07d06 ef000000 (e1a0700c)
01-01 01:12:42.261     0     0 W [    5.732103 / 01-01 01:12:42.255][2] CPU: 2 PID: 590 Comm: mediadrmserver Not tainted 3.10.108-g679929a8 #2
01-01 01:12:42.261     0     0 W         : [    5.732112 / 01-01 01:12:42.255][2] Hardware name: Qualcomm Technologies, Inc. MSM8992 P1 GLOBAL COM (DT)
01-01 01:12:42.261     0     0 W [    5.732122 / 01-01 01:12:42.255][2] task: ffffffc0b746b000 ti: ffffffc0b7484000 task.ti: ffffffc0b7484000
01-01 01:12:42.261     0     0 W         : [    5.732132 / 01-01 01:12:42.255][2] PC is at 0xefc30150
01-01 01:12:42.261     0     0 W         : [    5.732140 / 01-01 01:12:42.255][2] LR is at 0xefc29917
01-01 01:12:42.261     0     0 W [    5.732148 / 01-01 01:12:42.255][2] pc: [<00000000efc30150>] lr : [<00000000efc29917>] pstate: 20000010
01-01 01:12:42.261   728   728 I qcom-fm : /system/vendor/bin/init.qcom.fm.sh: In FM shell Script
01-01 01:12:42.261     0     0 W [    5.732156 / 01-01 01:12:42.255][2] sp: 00000000ff8c88b0
01-01 01:12:42.261     0     0 W [    5.732165 / 01-01 01:12:42.255][2] x12: 0000000000000028
01-01 01:12:42.261     0     0 W [    5.732172 / 01-01 01:12:42.255][2] x11: 0000000000000000 x10: 0000000000000000
01-01 01:12:42.261     0     0 W [    5.732180 / 01-01 01:12:42.255][2] x9: 0000000000000028 x8 : 00000000ff8c88d8
01-01 01:12:42.261     0     0 W [    5.732188 / 01-01 01:12:42.255][2] x7: 0000000000000180 x6 : 00000000ff8c88d8
01-01 01:12:42.261     0     0 W [    5.732195 / 01-01 01:12:42.255][2] x5: 0000000000000000 x4 : 00000000efc5e4ec
01-01 01:12:42.261     0     0 W [    5.732203 / 01-01 01:12:42.255][2] x3: 0000000000000000 x2 : 0000000000000001
01-01 01:12:42.261     0     0 W [    5.732211 / 01-01 01:12:42.255][2] x1: 0000000000000028 x0 : 00000000ff8c88d8
01-01 01:12:42.261     0     0 W         : [    5.732217 / 01-01 01:12:42.255][2]
01-01 01:12:42.272     0     0 I [    5.743243 / 01-01 01:12:42.267][2] mediaserver[593]: syscall 384
01-01 01:12:42.272     0     0 W [    5.743263 / 01-01 01:12:42.267][2] Code: ea0016ec e1a0c007 e3a07d06 ef000000 (e1a0700c)
01-01 01:12:42.272     0     0 W [    5.743276 / 01-01 01:12:42.267][2] CPU: 2 PID: 593 Comm: mediaserver Not tainted 3.10.108-g679929a8 #2
01-01 01:12:42.272     0     0 W         : [    5.743285 / 01-01 01:12:42.267][2] Hardware name: Qualcomm Technologies, Inc. MSM8992 P1 GLOBAL COM (DT)
01-01 01:12:42.272     0     0 W [    5.743294 / 01-01 01:12:42.267][2] task: ffffffc0b74d7000 ti: ffffffc0b74e8000 task.ti: ffffffc0b74e8000
01-01 01:12:42.272     0     0 W         : [    5.743304 / 01-01 01:12:42.267][2] PC is at 0xea06d150
01-01 01:12:42.272     0     0 W         : [    5.743312 / 01-01 01:12:42.267][2] LR is at 0xea066917
01-01 01:12:42.272     0     0 W [    5.743321 / 01-01 01:12:42.267][2] pc: [<00000000ea06d150>] lr : [<00000000ea066917>] pstate: 20000010
01-01 01:12:42.273     0     0 W [    5.743328 / 01-01 01:12:42.267][2] sp: 00000000ffaaf880
01-01 01:12:42.273     0     0 W [    5.743336 / 01-01 01:12:42.267][2] x12: 0000000000000028
01-01 01:12:42.273     0     0 W [    5.743343 / 01-01 01:12:42.267][2] x11: 0000000000000000 x10: 0000000000000000
01-01 01:12:42.273     0     0 W [    5.743351 / 01-01 01:12:42.267][2] x9: 0000000000000028 x8 : 00000000ffaaf8a8
01-01 01:12:42.273     0     0 W [    5.743359 / 01-01 01:12:42.267][2] x7: 0000000000000180 x6 : 00000000ffaaf8a8
01-01 01:12:42.273     0     0 W [    5.743366 / 01-01 01:12:42.267][2] x5: 0000000000000000 x4 : 00000000ea09b4ec
01-01 01:12:42.273     0     0 W [    5.743374 / 01-01 01:12:42.267][2] x3: 0000000000000000 x2 : 0000000000000001
01-01 01:12:42.273     0     0 W [    5.743381 / 01-01 01:12:42.267][2] x1: 0000000000000028 x0 : 00000000ffaaf8a8
01-01 01:12:42.273     0     0 W         : [    5.743389 / 01-01 01:12:42.267][2]
01-01 01:12:42.276     0     0 I [    5.749209 / 01-01 01:12:42.271][0] msm_thermal: freq_mitigation_notify Mitigating CPU5 frequency to 960000
01-01 01:12:42.277   740   740 I qcom-fm : /system/vendor/bin/init.qcom.fm.sh: mode: 
01-01 01:12:42.280     0     0 I [    5.752008 / 01-01 01:12:42.275][2] android.hardwar[597]: syscall 384
01-01 01:12:42.280     0     0 W [    5.752026 / 01-01 01:12:42.275][2] Code: ea0016ec e1a0c007 e3a07d06 ef000000 (e1a0700c)
01-01 01:12:42.280     0     0 W [    5.752039 / 01-01 01:12:42.275][2] CPU: 2 PID: 597 Comm: android.hardwar Not tainted 3.10.108-g679929a8 #2
01-01 01:12:42.280     0     0 W         : [    5.752047 / 01-01 01:12:42.275][2] Hardware name: Qualcomm Technologies, Inc. MSM8992 P1 GLOBAL COM (DT)
01-01 01:12:42.280     0     0 W [    5.752057 / 01-01 01:12:42.275][2] task: ffffffc0b7573000 ti: ffffffc0b7594000 task.ti: ffffffc0b7594000
01-01 01:12:42.281     0     0 W         : [    5.752067 / 01-01 01:12:42.275][2] PC is at 0xe99dc150
01-01 01:12:42.281     0     0 W         : [    5.752075 / 01-01 01:12:42.275][2] LR is at 0xe99d5917
01-01 01:12:42.281     0     0 W [    5.752084 / 01-01 01:12:42.275][2] pc: [<00000000e99dc150>] lr : [<00000000e99d5917>] pstate: 20000010
01-01 01:12:42.281     0     0 W [    5.752091 / 01-01 01:12:42.275][2] sp: 00000000ff9bd080
01-01 01:12:42.281     0     0 W [    5.752099 / 01-01 01:12:42.275][2] x12: 0000000000000028
01-01 01:12:42.281     0     0 W [    5.752106 / 01-01 01:12:42.275][2] x11: 0000000000000000 x10: 0000000000000000
01-01 01:12:42.281     0     0 W [    5.752114 / 01-01 01:12:42.275][2] x9: 0000000000000028 x8 : 00000000ff9bd0a8
01-01 01:12:42.281     0     0 W [    5.752122 / 01-01 01:12:42.275][2] x7: 0000000000000180 x6 : 00000000ff9bd0a8
01-01 01:12:42.281     0     0 W [    5.752130 / 01-01 01:12:42.275][2] x5: 0000000000000000 x4 : 00000000e9a0a4ec
01-01 01:12:42.281     0     0 W [    5.752137 / 01-01 01:12:42.275][2] x3: 0000000000000000 x2 : 0000000000000001
01-01 01:12:42.281     0     0 W [    5.752145 / 01-01 01:12:42.275][2] x1: 0000000000000028 x0 : 00000000ff9bd0a8
01-01 01:12:42.281     0     0 W         : [    5.752152 / 01-01 01:12:42.275][2]
01-01 01:12:42.289   598   598 D lge_bdaddr_loader: [BTUI] bdaddr_loader ::: START
01-01 01:12:42.289   598   598 D lge_bdaddr_loader: [BTUI] bluetooth_load_bdaddress
01-01 01:12:42.289   598   598 I LGFTMITEM: [GET_FTM][id=8], offset=16384
01-01 01:12:42.291   598   598 D lge_bdaddr_loader: [BTUI] bdaddr to set in property : 00:34:DA:A5:F8:06
01-01 01:12:42.307   742   742 I qcom-fm : /system/vendor/bin/init.qcom.fm.sh: isAnalog: 
01-01 01:12:42.310   598   598 E lge_bdaddr_loader: [BTUI] bluetooth_load_bdaddress : OK => 00:34:DA:A5:F8:06
01-01 01:12:42.310   598   598 D lge_bdaddr_loader: [BTUI] bdaddr_loader ::: END
01-01 01:12:42.311     0     0 I [    6.520710 / 01-01 01:12:42.303][3] init: Service 'qcom-post-boot' (pid 600) exited with status 0
01-01 01:12:42.311     0     0 I [    6.522035 / 01-01 01:12:42.307][0] android_work: android_work: sent uevent USB_STATE=CONNECTED
01-01 01:12:42.313   590   590 I mediaserver: ServiceManager: 0xef01c120
01-01 01:12:42.314     0     0 I [    6.522509 / 01-01 01:12:42.307][3] init: Service 'bdaddr_loader' (pid 598) exited with status 0
01-01 01:12:42.314     0     0 I         : [    6.523845 / 01-01 01:12:42.307][0] android_usb gadget: high-speed config #1: fe80f0c8.android_usb
01-01 01:12:42.315     0     0 I         : [    6.524217 / 01-01 01:12:42.307][0] [CC] After update_pm_psy_status (iusb=500)(CC=500)(org=500)(wlc=900)
01-01 01:12:42.315     0     0 I         : [    6.524272 / 01-01 01:12:42.307][0] [CC] USB Current Set!
01-01 01:12:42.315     0     0 I [    6.524318 / 01-01 01:12:42.307][0] SMBCHG: smbchg_stay_awake: staying awake: 0x02 (bit 2)
01-01 01:12:42.315     0     0 I [    6.524332 / 01-01 01:12:42.307][0] SMBCHG: smbchg_vfloat_adjust_check: Starting vfloat adjustments
01-01 01:12:42.315     0     0 I         : [    6.524889 / 01-01 01:12:42.307][0] [CC] charge_type = 3
01-01 01:12:42.315     0     0 I [    6.525089 / 01-01 01:12:42.307][0] SMBCHG: smbchg_relax: relaxing: 0x00 (bit 2)
01-01 01:12:42.318     0     0 W [    6.526518 / 01-01 01:12:42.311][3] healthd: battery l=70 v=3870 t=23.1 h=2 st=2 c=294 chg=u
01-01 01:12:42.318     0     0 W [    6.527787 / 01-01 01:12:42.311][3] healthd: battery l=70 v=3870 t=23.1 h=2 st=2 c=294 chg=u
01-01 01:12:42.320     0     0 I [    5.782332 / 01-01 01:12:42.307][3] mediadrmserver[590]: syscall 384
01-01 01:12:42.320     0     0 W [    5.782353 / 01-01 01:12:42.307][3] Code: ea00e67e e1a0c007 e3a07d06 ef000000 (e1a0700c)
01-01 01:12:42.320     0     0 W [    5.782366 / 01-01 01:12:42.307][3] CPU: 3 PID: 590 Comm: mediadrmserver Not tainted 3.10.108-g679929a8 #2
01-01 01:12:42.320     0     0 W         : [    5.782375 / 01-01 01:12:42.307][3] Hardware name: Qualcomm Technologies, Inc. MSM8992 P1 GLOBAL COM (DT)
01-01 01:12:42.320     0     0 W [    5.782386 / 01-01 01:12:42.307][3] task: ffffffc0b746b000 ti: ffffffc0b7484000 task.ti: ffffffc0b7484000
01-01 01:12:42.320     0     0 W         : [    5.782396 / 01-01 01:12:42.307][3] PC is at 0xef464040
01-01 01:12:42.321     0     0 W         : [    5.782404 / 01-01 01:12:42.307][3] LR is at 0xef42e5c7
01-01 01:12:42.321     0     0 W [    5.782413 / 01-01 01:12:42.307][3] pc: [<00000000ef464040>] lr : [<00000000ef42e5c7>] pstate: 20060010
01-01 01:12:42.321     0     0 W [    5.782420 / 01-01 01:12:42.307][3] sp: 00000000ff8c8710
01-01 01:12:42.321     0     0 W [    5.782428 / 01-01 01:12:42.307][3] x12: 0000000000000028
01-01 01:12:42.321     0     0 W [    5.782436 / 01-01 01:12:42.307][3] x11: 00000000efc5b640 x10: 0000000000000002
01-01 01:12:42.321     0     0 W [    5.782444 / 01-01 01:12:42.307][3] x9: 0000000000000028 x8 : 00000000ff8c8738
01-01 01:12:42.321     0     0 W [    5.782452 / 01-01 01:12:42.307][3] x7: 0000000000000180 x6 : 00000000ff8c8738
01-01 01:12:42.321     0     0 W [    5.782459 / 01-01 01:12:42.307][3] x5: 0000000000000000 x4 : 00000000efc5e4ec
01-01 01:12:42.321     0     0 W [    5.782467 / 01-01 01:12:42.307][3] x3: 0000000000000000 x2 : 0000000000000001
01-01 01:12:42.321     0     0 W [    5.782475 / 01-01 01:12:42.307][3] x1: 0000000000000028 x0 : 00000000ff8c8738
01-01 01:12:42.321     0     0 W         : [    5.782482 / 01-01 01:12:42.307][3]
01-01 01:12:42.334     0     0 I [    6.543248 / 01-01 01:12:42.327][0] init: Service 'laserinit' (pid 602) exited with status 0
01-01 01:12:42.338     0     0 I [    6.546255 / 01-01 01:12:42.331][0] ueventd: loading /devices/soc.0/fe12f000.slim/tomtom-slim-pgd/tomtom_codec/firmware/cpe.b08 took 626ms
01-01 01:12:42.339   744   744 I qcom-fm : /system/vendor/bin/init.qcom.fm.sh: Transport : 
01-01 01:12:42.348     0     0 I [    6.554768 / 01-01 01:12:42.339][0] ueventd: loading /devices/soc.0/fc880000.qcom,mss/firmware/modem.mdt took 446ms
01-01 01:12:42.348     0     0 I         : [    6.555388 / 01-01 01:12:42.339][0] pil-q6v5-mss fc880000.qcom,mss: modem: loading from 0x0000000009000000 to 0x000000000f400000
01-01 01:12:42.349     0     0 I [    5.818337 / 01-01 01:12:42.343][0] FG: fg_batt_profile_init: Vbat out of range: v_current_pred: 3894783, v:3931251
01-01 01:12:42.349     0     0 I [    5.818369 / 01-01 01:12:42.343][0] FG: fg_batt_profile_init: Using new profile
01-01 01:12:42.349     0     0 I [    5.818380 / 01-01 01:12:42.343][0] FG: loaded profile: f0 83 6b 7d 66 81 ec 77 43 83 e3 5a 7c 81 33 8d
01-01 01:12:42.349     0     0 I [    5.818388 / 01-01 01:12:42.343][0] FG: loaded profile: e1 81 ec 98 7b b5 f8 bb 5b 12 e2 83 4a 7c 63 80
01-01 01:12:42.349     0     0 I [    5.818397 / 01-01 01:12:42.343][0] FG: loaded profile: cf 75 50 83 fd 5a 83 82 e6 8e 12 82 b6 9a 1a be
01-01 01:12:42.349     0     0 I [    5.818405 / 01-01 01:12:42.343][0] FG: loaded profile: be cb 55 0e 96 0b e0 5a 1b 6f 71 fd 2a 31 7e 47
01-01 01:12:42.349     0     0 I [    5.818414 / 01-01 01:12:42.343][0] FG: loaded profile: cf 40 00 00 db 45 0f 32 af 31 00 00 00 00 00 00
01-01 01:12:42.349   566   566 I qdutils : PartialUpdate status: Disabled
01-01 01:12:42.349     0     0 I [    5.818422 / 01-01 01:12:42.343][0] FG: loaded profile: 00 00 00 00 e3 6a 60 69 9e 6d 47 83 13 7c 23 70
01-01 01:12:42.349     0     0 I [    5.818431 / 01-01 01:12:42.343][0] FG: loaded profile: 0b 74 8f 80 db 75 17 68 ba 75 bf b3 21 5b 69 b5
01-01 01:12:42.349     0     0 I [    5.818440 / 01-01 01:12:42.343][0] FG: loaded profile: 6c a0 71 0c 28 00 ff 36 f0 11 30 03 01 00 00 0e
01-01 01:12:42.349     0     0 I [    5.818459 / 01-01 01:12:42.343][0] FG: new profile: f0 83 6b 7d 66 81 ec 77 43 83 e3 5a 7c 81 33 8d
01-01 01:12:42.349     0     0 I [    5.818467 / 01-01 01:12:42.343][0] FG: new profile: e1 81 ec 98 7b b5 f8 bb 5b 12 e2 83 4a 7c 63 80
01-01 01:12:42.349     0     0 I [    5.818476 / 01-01 01:12:42.343][0] FG: new profile: cf 75 50 83 fd 5a 83 82 e6 8e 12 82 b6 9a 1a be
01-01 01:12:42.349     0     0 I [    5.818484 / 01-01 01:12:42.343][0] FG: new profile: be cb 55 0e 96 0b e0 5a ce 6e 71 fd 2a 31 7e 47
01-01 01:12:42.349     0     0 I [    5.818493 / 01-01 01:12:42.343][0] FG: new profile: cf 40 00 00 db 45 0f 32 af 31 00 00 00 00 00 00
01-01 01:12:42.349     0     0 I [    5.818501 / 01-01 01:12:42.343][0] FG: new profile: 00 00 00 00 e3 6a 60 69 9e 6d 47 83 13 7c 23 70
01-01 01:12:42.349   566   566 I qdutils : Left Align: 0
01-01 01:12:42.349   566   566 I qdutils : Width Align: 0
01-01 01:12:42.349     0     0 I [    5.818509 / 01-01 01:12:42.343][0] FG: new profile: 0b 74 8f 80 db 75 17 68 ba 75 bf b3 21 5b 69 b5
01-01 01:12:42.349   566   566 I qdutils : Top Align: 0
01-01 01:12:42.349     0     0 I [    5.818518 / 01-01 01:12:42.343][0] FG: new profile: 6c a0 71 0c 28 00 ff 36 f0 11 30 03 00 00 00 0e
01-01 01:12:42.349   566   566 I qdutils : Height Align: 0
01-01 01:12:42.349   566   566 I qdutils : Min ROI Width: 0
01-01 01:12:42.349     0     0 I [    5.818527 / 01-01 01:12:42.343][0] FG: fg_do_restart: restarting fuel gauge...
01-01 01:12:42.349   566   566 I qdutils : Min ROI Height: 0
01-01 01:12:42.349     0     0 I [    5.819327 / 01-01 01:12:42.343][0] SMBCHG: smbchg_stay_awake: staying awake: 0x02 (bit 2)
01-01 01:12:42.349   566   566 I qdutils : Needs ROI Merge: 0
01-01 01:12:42.349     0     0 I [    5.819342 / 01-01 01:12:42.343][0] SMBCHG: smbchg_vfloat_adjust_check: Starting vfloat adjustments
01-01 01:12:42.349   566   566 I qdutils : Dynamic Fps: Disabled
01-01 01:12:42.349   566   566 I qdutils : Min Panel fps: 0
01-01 01:12:42.349     0     0 I [    5.819405 / 01-01 01:12:42.343][3] SMBCHG: smbchg_relax: relaxing: 0x00 (bit 2)
01-01 01:12:42.349   566   566 I qdutils : Max Panel fps: 0
01-01 01:12:42.349     0     0 I         : [    5.819852 / 01-01 01:12:42.343][0] [CC] charge_type = 3
01-01 01:12:42.349     0     0 W [    5.821335 / 01-01 01:12:42.343][0] healthd: battery l=70 v=3870 t=23.1 h=2 st=2 c=294 chg=u
01-01 01:12:42.350   566   566 I qdutils : Left Split=720
01-01 01:12:42.350   566   566 I qdutils : Right Split=720
01-01 01:12:42.350   566   566 E PPDaemon: failed to get the sym controlPartialUpdate errno undefined symbol: controlPartialUpdate
01-01 01:12:42.350   566   566 D PPDaemon: CABL version 1.1.20130401
01-01 01:12:42.353   604   604 D vndksupport: Loading /vendor/lib64/hw/gatekeeper.msm8992.so from current namespace instead of sphal namespace.
01-01 01:12:42.354     0     0 I [    6.562074 / 01-01 01:12:42.347][1] ueventd: firmware: loading 'cpe.b10' for '/devices/soc.0/fe12f000.slim/tomtom-slim-pgd/tomtom_codec/firmware/cpe.b10'
01-01 01:12:42.355   566   566 D PPDaemon: isHDMIPrimary: HDMI is not primary display
01-01 01:12:42.355     0     0 W [    5.824211 / 01-01 01:12:42.347][0] healthd: battery l=70 v=3870 t=23.1 h=2 st=2 c=294 chg=u
01-01 01:12:42.356   604   604 D gatekeeper_device: HwKmOpen called
01-01 01:12:42.356   604   604 E gatekeeper_device: Gatekeeper (Keymaster TA) loaded/ queried from Qseecomd
01-01 01:12:42.356   604   604 D QSEECOMAPI: : QSEECom_get_handle sb_length = 0xa000
01-01 01:12:42.356   604   604 D QSEECOMAPI: : App is already loaded QSEE and app id = 3
01-01 01:12:42.358   566   566 D PPDaemon: int dcm_os_intf_control(boolean): Entering
01-01 01:12:42.358   566   566 D PPDaemon: Calling LSM init 
01-01 01:12:42.359   566   566 E Diag_Lib:  Diag_LSM_Init: Failed to open handle to diag driver, error = 13
01-01 01:12:42.359   566   566 E PPDaemon: Diag_LSM_Init() failed.
01-01 01:12:42.359   566   566 E PPDaemon: Initialization diag library failed
01-01 01:12:42.359   566   566 E PPDaemon: Failed to open file descriptors and register diag lib
01-01 01:12:42.359   566   566 E PPDaemon: Unable to initialize DCM
01-01 01:12:42.359   442   442 I zygote64: option[0]=-Xzygote
01-01 01:12:42.359   442   442 I zygote64: option[1]=-Xusetombstonedtraces
01-01 01:12:42.359   442   442 I zygote64: option[2]=exit
01-01 01:12:42.359   442   442 I zygote64: option[3]=vfprintf
01-01 01:12:42.359   442   442 I zygote64: option[4]=sensitiveThread
01-01 01:12:42.359   442   442 I zygote64: option[5]=-verbose:gc
01-01 01:12:42.359   442   442 I zygote64: option[6]=-Xms16m
01-01 01:12:42.359   442   442 I zygote64: option[7]=-Xmx768m
01-01 01:12:42.359   442   442 I zygote64: option[8]=-XX:HeapGrowthLimit=288m
01-01 01:12:42.359   442   442 I zygote64: option[9]=-XX:HeapMinFree=2m
01-01 01:12:42.360   442   442 I zygote64: option[10]=-XX:HeapMaxFree=8m
01-01 01:12:42.360   442   442 I zygote64: option[11]=-XX:HeapTargetUtilization=0.75
01-01 01:12:42.360   442   442 I zygote64: option[12]=-Xusejit:true
01-01 01:12:42.360   442   442 I zygote64: option[13]=-XjdwpOptions:suspend=n,server=y
01-01 01:12:42.360   442   442 I zygote64: option[14]=-XjdwpProvider:default
01-01 01:12:42.360   442   442 I zygote64: option[15]=-Ximage-compiler-option
01-01 01:12:42.360   442   442 I zygote64: option[16]=--runtime-arg
01-01 01:12:42.360   442   442 I zygote64: option[17]=-Ximage-compiler-option
01-01 01:12:42.360   442   442 I zygote64: option[18]=-Xms64m
01-01 01:12:42.360   442   442 I zygote64: option[19]=-Ximage-compiler-option
01-01 01:12:42.360   442   442 I zygote64: option[20]=--runtime-arg
01-01 01:12:42.360   442   442 I zygote64: option[21]=-Ximage-compiler-option
01-01 01:12:42.360   442   442 I zygote64: option[22]=-Xmx64m
01-01 01:12:42.360   442   442 I zygote64: option[23]=-Ximage-compiler-option
01-01 01:12:42.360   442   442 I zygote64: option[24]=--profile-file=/system/etc/boot-image.prof
01-01 01:12:42.360   442   442 I zygote64: option[25]=-Ximage-compiler-option
01-01 01:12:42.360   442   442 I zygote64: option[26]=--compiler-filter=speed-profile
01-01 01:12:42.360   442   442 I zygote64: option[27]=-Xcompiler-option
01-01 01:12:42.360   442   442 I zygote64: option[28]=--runtime-arg
01-01 01:12:42.360   442   442 I zygote64: option[29]=-Xcompiler-option
01-01 01:12:42.360   442   442 I zygote64: option[30]=-Xms64m
01-01 01:12:42.360   442   442 I zygote64: option[31]=-Xcompiler-option
01-01 01:12:42.360   442   442 I zygote64: option[32]=--runtime-arg
01-01 01:12:42.360   442   442 I zygote64: option[33]=-Xcompiler-option
01-01 01:12:42.360   442   442 I zygote64: option[34]=-Xmx512m
01-01 01:12:42.360   442   442 I zygote64: option[35]=-Xcompiler-option
01-01 01:12:42.360   442   442 I zygote64: option[36]=-j2
01-01 01:12:42.360   442   442 I zygote64: option[37]=-Ximage-compiler-option
01-01 01:12:42.360   442   442 I zygote64: option[38]=-j4
01-01 01:12:42.360   442   442 I zygote64: option[39]=-Ximage-compiler-option
01-01 01:12:42.360   442   442 I zygote64: option[40]=--instruction-set-variant=cortex-a53
01-01 01:12:42.360   442   442 I zygote64: option[41]=-Xcompiler-option
01-01 01:12:42.360   442   442 I zygote64: option[42]=--instruction-set-variant=cortex-a53
01-01 01:12:42.360   442   442 I zygote64: option[43]=-Ximage-compiler-option
01-01 01:12:42.360   442   442 I zygote64: option[44]=--instruction-set-features=default
01-01 01:12:42.360   442   442 I zygote64: option[45]=-Xcompiler-option
01-01 01:12:42.360   442   442 I zygote64: option[46]=--instruction-set-features=default
01-01 01:12:42.360   442   442 I zygote64: option[47]=-Duser.locale=en-US
01-01 01:12:42.360   442   442 I zygote64: option[48]=--cpu-abilist=arm64-v8a
01-01 01:12:42.360   442   442 I zygote64: option[49]=-Xfingerprint:lge/p1_global_com/p1:6.0/MRA58K/152940055675e:user/release-keys
01-01 01:12:42.362     0     0 I [    6.567866 / 01-01 01:12:42.351][3] ueventd: firmware: loading 'mba.b00' for '/devices/soc.0/fc880000.qcom,mss/firmware/mba.b00'
01-01 01:12:42.362     0     0 I [    6.569206 / 01-01 01:12:42.351][1] mdss_fb_blank_sub: + mdss_fb_open+0x21c/0x304 fb0 mode:0
01-01 01:12:42.362     0     0 I [    6.569484 / 01-01 01:12:42.351][1] mdss_fb_blank_sub: -
01-01 01:12:42.370     0     0 I [    6.577775 / 01-01 01:12:42.363][0] android_work: android_work: sent uevent USB_STATE=CONFIGURED
01-01 01:12:42.375   511   511 D vndksupport: Loading /vendor/lib64/egl/libEGL_adreno.so from current namespace instead of sphal namespace.
01-01 01:12:42.381   511   511 D libEGL  : loaded /vendor/lib64/egl/libEGL_adreno.so
01-01 01:12:42.384   761   761 I qcom-fm : /system/vendor/bin/init.qcom.fm.sh: Version : 
01-01 01:12:42.390   592   592 I mediametrics: ServiceManager: 0x7b3cc3d740
01-01 01:12:42.391   592   592 D MediaAnalyticsService: MediaAnalyticsService created
01-01 01:12:42.393   589   589 D vndksupport: Loading /vendor/lib64/hw/android.hardware.keymaster@3.0-impl.so from current namespace instead of sphal namespace.
01-01 01:12:42.400     0     0 I [    5.872933 / 01-01 01:12:42.395][3] android.hardwar[597]: syscall 384
01-01 01:12:42.400     0     0 W [    5.872953 / 01-01 01:12:42.395][3] Code: ea00e67e e1a0c007 e3a07d06 ef000000 (e1a0700c)
01-01 01:12:42.400     0     0 W [    5.872968 / 01-01 01:12:42.395][3] CPU: 3 PID: 597 Comm: android.hardwar Not tainted 3.10.108-g679929a8 #2
01-01 01:12:42.400     0     0 W         : [    5.872979 / 01-01 01:12:42.395][3] Hardware name: Qualcomm Technologies, Inc. MSM8992 P1 GLOBAL COM (DT)
01-01 01:12:42.400     0     0 W [    5.872991 / 01-01 01:12:42.395][3] task: ffffffc0b7573000 ti: ffffffc0b7594000 task.ti: ffffffc0b7594000
01-01 01:12:42.400     0     0 W         : [    5.873002 / 01-01 01:12:42.395][3] PC is at 0xe929f040
01-01 01:12:42.400     0     0 W         : [    5.873010 / 01-01 01:12:42.395][3] LR is at 0xe92695c7
01-01 01:12:42.400     0     0 W [    5.873018 / 01-01 01:12:42.395][3] pc: [<00000000e929f040>] lr : [<00000000e92695c7>] pstate: 20070010
01-01 01:12:42.400     0     0 W [    5.873026 / 01-01 01:12:42.395][3] sp: 00000000ff9bcea8
01-01 01:12:42.401     0     0 W [    5.873034 / 01-01 01:12:42.395][3] x12: 0000000000000028
01-01 01:12:42.401     0     0 W [    5.873042 / 01-01 01:12:42.395][3] x11: 00000000e9a07640 x10: 0000000000000002
01-01 01:12:42.401     0     0 W [    5.873050 / 01-01 01:12:42.395][3] x9: 0000000000000028 x8 : 00000000ff9bced0
01-01 01:12:42.401     0     0 W [    5.873057 / 01-01 01:12:42.395][3] x7: 0000000000000180 x6 : 00000000ff9bced0
01-01 01:12:42.401     0     0 W [    5.873065 / 01-01 01:12:42.395][3] x5: 0000000000000000 x4 : 00000000e9a0a4ec
01-01 01:12:42.401     0     0 W [    5.873072 / 01-01 01:12:42.395][3] x3: 0000000000000000 x2 : 0000000000000001
01-01 01:12:42.401     0     0 W [    5.873080 / 01-01 01:12:42.395][3] x1: 0000000000000028 x0 : 00000000ff9bced0
01-01 01:12:42.401     0     0 W         : [    5.873087 / 01-01 01:12:42.395][3]
01-01 01:12:42.406   597   597 I media.codec: mediacodecservice starting
01-01 01:12:42.406   589   589 I android.hardware.keymaster@3.0-impl: Fetching keymaster device name default
01-01 01:12:42.407   589   589 D vndksupport: Loading /vendor/lib64/hw/keystore.default.so from current namespace instead of sphal namespace.
01-01 01:12:42.411   589   589 I keystore: found android.hardware.keymaster@3.0::IKeymasterDevice with interface name default and seclevel TRUSTED_ENVIRONMENT
01-01 01:12:42.413   868   868 I WRILD   : /system/vendor/bin/wrild.sh: gsm.sim.state ><
01-01 01:12:42.421   576   576 I irsc_util: Starting irsc tool
01-01 01:12:42.422   597   597 W media.codec: libminijail[597]: failed to get path of fd 4: No such file or directory
01-01 01:12:42.422   597   597 W media.codec: libminijail[597]: allowing syscall: clock_gettime
01-01 01:12:42.422   597   597 W media.codec: libminijail[597]: allowing syscall: connect
01-01 01:12:42.423   597   597 W media.codec: libminijail[597]: allowing syscall: fcntl64
01-01 01:12:42.423   597   597 W media.codec: libminijail[597]: allowing syscall: socket
01-01 01:12:42.423   597   597 W media.codec: libminijail[597]: allowing syscall: writev
01-01 01:12:42.424   856   856 I qcom-fm : /system/vendor/bin/init.qcom.fm.sh: Shell: Default case
01-01 01:12:42.425   597   597 W media.codec: libminijail[597]: logging seccomp filter failures
01-01 01:12:42.429   568   568 E PerMgrProxy: Starting pm-proxy service
01-01 01:12:42.429   568   568 I libmdmdetect: ESOC framework not supported
01-01 01:12:42.429   568   568 I libmdmdetect: Found internal modem: modem
01-01 01:12:42.429   568   568 I PerMgrProxy: Found internal modem
01-01 01:12:42.430   506   518 D PerMgrSrv: modem state: is off-line, add client PM-PROXY-THREAD
01-01 01:12:42.430   506   518 D PerMgrSrv: PM-PROXY-THREAD registered
01-01 01:12:42.431   875   875 I WRILD   : /system/vendor/bin/wrild.sh: gsm.sim.operator.numeric ><
01-01 01:12:42.431   568   568 D PerMgrLib: PM-PROXY-THREAD successfully registered for modem
01-01 01:12:42.431   568   568 I PerMgrProxy: pm-proxy-thread Voting for internal modem
01-01 01:12:42.431   568   568 D PerMgrLib: PM-PROXY-THREAD voting for modem
01-01 01:12:42.431   578   578 E Diag_Lib:  Diag_LSM_Init: Failed to open handle to diag driver, error = 13
01-01 01:12:42.431   506   519 D PerMgrSrv: PM-PROXY-THREAD voting for modem
01-01 01:12:42.431   506   519 D PerMgrSrv: modem new state: going on-line
01-01 01:12:42.431   506   519 D PerMgrSrv: modem num voters is 1
01-01 01:12:42.439   597   597 W MediaCodecsXmlParser: unable to open media codecs configuration xml file: /data/misc/media/media_codecs_profiling_results.xml
01-01 01:12:42.439   597   597 W MediaCodecsXmlParser: parseTopLevelXMLFile(/data/misc/media/media_codecs_profiling_results.xml) failed
01-01 01:12:42.439   597   597 E MediaCodecsXmlParser: Cannot find the role for a decoder of type video/divx
01-01 01:12:42.439   597   597 E MediaCodecsXmlParser: Cannot find the role for a decoder of type video/divx311
01-01 01:12:42.439   597   597 E MediaCodecsXmlParser: Cannot find the role for a decoder of type video/divx4
01-01 01:12:42.439   597   597 E MediaCodecsXmlParser: Cannot find the role for a decoder of type video/x-ms-wmv
01-01 01:12:42.439   597   597 E MediaCodecsXmlParser: Cannot find the role for a decoder of type video/x-ms-wmv
01-01 01:12:42.441   597   597 I ServiceManagement: Removing namespace from process name android.hardware.media.omx@1.0-service to omx@1.0-service.
01-01 01:12:42.442     0     0 I [    6.652870 / 01-01 01:12:42.435][1] ueventd: loading /devices/soc.0/fc880000.qcom,mss/firmware/mba.b00 took 85ms
01-01 01:12:42.442   503   878 E Sensors : sns_debug_set_dbg_str_mask: Setting log level to 5
01-01 01:12:42.444   597   597 D vndksupport: Loading libstagefrighthw.so from current namespace instead of sphal namespace.
01-01 01:12:42.447     0     0 I [    6.653828 / 01-01 01:12:42.439][1] ueventd: loading /devices/soc.0/fe12f000.slim/tomtom-slim-pgd/tomtom_codec/firmware/cpe.b10 took 91ms
01-01 01:12:42.447     0     0 I         : [    6.657486 / 01-01 01:12:42.439][3] pil-q6v5-mss fc880000.qcom,mss: MBA: loading from 0x00000000cad00000 to 0x00000000cae00000
01-01 01:12:42.448     0     0 I [    5.918689 / 01-01 01:12:42.443][1] ueventd: loading /devices/soc.0/fe12f000.slim/tomtom-slim-pgd/tomtom_codec/firmware/cpe.b06 took 236ms
01-01 01:12:42.448     0     0 I [    5.920208 / 01-01 01:12:42.443][0] ueventd: firmware: loading 'cpe.b08' for '/devices/soc.0/fe12f000.slim/tomtom-slim-pgd/tomtom_codec/firmware/cpe.b08'
01-01 01:12:42.449   879   879 E qcom-fm : /system/vendor/bin/init.qcom.fm.sh: FM QSoC firmware download and/or calibration failed: exit code 127
01-01 01:12:42.451   591   591 V MediaUtils: physMem: 2930528256
01-01 01:12:42.451   591   591 V MediaUtils: requested limit: 586105640
01-01 01:12:42.451   591   591 V MediaUtils: cfi shadow size: 2147483648
01-01 01:12:42.451   591   591 V MediaUtils: actual limit: 2733589288
01-01 01:12:42.451   591   591 V MediaUtils: original limits: -1/-1
01-01 01:12:42.451   591   591 V MediaUtils: new limits: 2733589288/-1
01-01 01:12:42.451   591   591 D vndksupport: Loading libutils.so from current namespace instead of sphal namespace.
01-01 01:12:42.456   597   597 W MediaCodecsXmlParser: unable to open media codecs configuration xml file: /data/misc/media/media_codecs_profiling_results.xml
01-01 01:12:42.456   597   597 W MediaCodecsXmlParser: parseTopLevelXMLFile(/data/misc/media/media_codecs_profiling_results.xml) failed
01-01 01:12:42.456   597   597 I ServiceManagement: Removing namespace from process name android.hardware.media.omx@1.0-service to omx@1.0-service.
01-01 01:12:42.458   597   597 I media.codec: IOmx HAL service created.
01-01 01:12:42.458     0     0 I [    6.661907 / 01-01 01:12:42.447][1] ueventd: firmware: loading 'cpe.b11' for '/devices/soc.0/fe12f000.slim/tomtom-slim-pgd/tomtom_codec/firmware/cpe.b11'
01-01 01:12:42.458     0     0 I [    6.663874 / 01-01 01:12:42.447][0] init: Service 'fm_dl' (pid 599) exited with status 127
01-01 01:12:42.458   591   591 W mediaextractor: libminijail[591]: failed to get path of fd 4: No such file or directory
01-01 01:12:42.458   591   591 W mediaextractor: libminijail[591]: allowing syscall: connect
01-01 01:12:42.458   591   591 W mediaextractor: libminijail[591]: allowing syscall: fcntl
01-01 01:12:42.458   591   591 W mediaextractor: libminijail[591]: allowing syscall: sendto
01-01 01:12:42.458   591   591 W mediaextractor: libminijail[591]: allowing syscall: socket
01-01 01:12:42.459   591   591 W mediaextractor: libminijail[591]: allowing syscall: writev
01-01 01:12:42.460   881   881 W WRILD   : /system/vendor/bin/wrild.sh: RIL restart - try 1 of 50
01-01 01:12:42.460   591   591 W mediaextractor: libminijail[591]: logging seccomp filter failures
01-01 01:12:42.462     0     0 I [    6.670770 / 01-01 01:12:42.455][1] ueventd: loading /devices/soc.0/fe12f000.slim/tomtom-slim-pgd/tomtom_codec/firmware/cpe.b11 took 9ms
01-01 01:12:42.464     0     0 I [    5.936212 / 01-01 01:12:42.459][5] cameraserver[585]: syscall 384
01-01 01:12:42.464     0     0 W [    5.936236 / 01-01 01:12:42.459][5] Code: ea00e67e e1a0c007 e3a07d06 ef000000 (e1a0700c)
01-01 01:12:42.464     0     0 W [    5.936255 / 01-01 01:12:42.459][5] CPU: 5 PID: 585 Comm: cameraserver Not tainted 3.10.108-g679929a8 #2
01-01 01:12:42.464     0     0 W         : [    5.936272 / 01-01 01:12:42.459][5] Hardware name: Qualcomm Technologies, Inc. MSM8992 P1 GLOBAL COM (DT)
01-01 01:12:42.464     0     0 W [    5.936289 / 01-01 01:12:42.459][5] task: ffffffc0b87cf000 ti: ffffffc0b87d8000 task.ti: ffffffc0b87d8000
01-01 01:12:42.464     0     0 W         : [    5.936306 / 01-01 01:12:42.459][5] PC is at 0xea196040
01-01 01:12:42.465     0     0 W         : [    5.936318 / 01-01 01:12:42.459][5] LR is at 0xea1605c7
01-01 01:12:42.465     0     0 W [    5.936331 / 01-01 01:12:42.459][5] pc: [<00000000ea196040>] lr : [<00000000ea1605c7>] pstate: 20070010
01-01 01:12:42.465     0     0 W [    5.936341 / 01-01 01:12:42.459][5] sp: 00000000ffc128d0
01-01 01:12:42.465     0     0 W [    5.936352 / 01-01 01:12:42.459][5] x12: 0000000000000028
01-01 01:12:42.465     0     0 W [    5.936365 / 01-01 01:12:42.459][5] x11: 00000000ebfa5640 x10: 0000000000000002
01-01 01:12:42.465     0     0 W [    5.936379 / 01-01 01:12:42.459][5] x9: 0000000000000028 x8 : 00000000ffc128f8
01-01 01:12:42.465     0     0 W [    5.936392 / 01-01 01:12:42.459][5] x7: 0000000000000180 x6 : 00000000ffc128f8
01-01 01:12:42.465     0     0 W [    5.936405 / 01-01 01:12:42.459][5] x5: 0000000000000000 x4 : 00000000ebfa84ec
01-01 01:12:42.465     0     0 W [    5.936418 / 01-01 01:12:42.459][5] x3: 0000000000000000 x2 : 0000000000000001
01-01 01:12:42.465     0     0 W [    5.936431 / 01-01 01:12:42.459][5] x1: 0000000000000028 x0 : 00000000ffc128f8
01-01 01:12:42.465     0     0 W         : [    5.936448 / 01-01 01:12:42.459][5]
01-01 01:12:42.474     0     0 I [    6.678028 / 01-01 01:12:42.463][0] ueventd: firmware: loading 'cpe.b12' for '/devices/soc.0/fe12f000.slim/tomtom-slim-pgd/tomtom_codec/firmware/cpe.b12'
01-01 01:12:42.474   688   688 E Diag_Lib: qpLogDiagInit <== result : 1
01-01 01:12:42.474   688   688 E Diag_Lib: DATAD : gIsQXDMDisabled 0, gIsADBDisabled 1, gIsDebugDisabled 0, gIsIMSLogsDisabled 0
01-01 01:12:42.474   688   688 E Diag_Lib: [IMS_DataD] imsdatad.c | 5236 | | 688 |DATAD#$$#0#DATAD STARTED
01-01 01:12:42.475   605   605 I /system/bin/tombstoned: tombstoned successfully initialized
01-01 01:12:42.476     0     0 I [    5.946658 / 01-01 01:12:42.471][0] init: Received control message 'start' for 'qmuxd' from pid: 620 (start qmuxd)
01-01 01:12:42.476     0     0 I [    5.947210 / 01-01 01:12:42.471][0] init: starting service 'qmuxd'...
01-01 01:12:42.478     0     0 I [    6.687418 / 01-01 01:12:42.471][0] ueventd: loading /devices/soc.0/fe12f000.slim/tomtom-slim-pgd/tomtom_codec/firmware/cpe.b12 took 9ms
01-01 01:12:42.487     0     0 I [    6.694414 / 01-01 01:12:42.479][3] ueventd: firmware: loading 'cpe.b14' for '/devices/soc.0/fe12f000.slim/tomtom-slim-pgd/tomtom_codec/firmware/cpe.b14'
01-01 01:12:42.487   585   585 I cameraserver: ServiceManager: 0xe9e9c100
01-01 01:12:42.487   585   585 I CameraService: CameraService started (pid=585)
01-01 01:12:42.487   585   585 I CameraService: CameraService process starting
01-01 01:12:42.487   585   585 W BatteryNotifier: batterystats service unavailable!
01-01 01:12:42.487   585   585 W BatteryNotifier: batterystats service unavailable!
01-01 01:12:42.490   585   585 D vndksupport: Loading /vendor/lib/hw/android.hardware.camera.provider@2.4-impl.so from current namespace instead of sphal namespace.
01-01 01:12:42.490   606   606 I usbd    : Usb HAL not found
01-01 01:12:42.492     0     0 I [    5.965094 / 01-01 01:12:42.487][0] msm_thermal: freq_mitigation_notify Removing frequency mitigation for CPU5
01-01 01:12:42.494     0     0 I [    6.703730 / 01-01 01:12:42.487][1] init: Service 'usbd' (pid 606) exited with status 0
01-01 01:12:42.508     0     0 I [    5.980377 / 01-01 01:12:42.503][5] init: Received control message 'start' for 'ril-daemon' from pid: 626 (start ril-daemon)
01-01 01:12:42.508     0     0 I [    5.980550 / 01-01 01:12:42.503][5] init: starting service 'ril-daemon'...
01-01 01:12:42.510     0     0 I [    6.714565 / 01-01 01:12:42.499][3] init: Received control message 'stop' for 'real-ril-daemon' from pid: 889 (stop real-ril-daemon)
01-01 01:12:42.511   581   581 I ThermalEngine: Thermal daemon started
01-01 01:12:42.512   581   581 I ThermalEngine: Using target config file '/system/etc/thermal-engine-8992.conf'
01-01 01:12:42.522     0     0 I [    6.731595 / 01-01 01:12:42.515][3] ueventd: loading /devices/soc.0/fe12f000.slim/tomtom-slim-pgd/tomtom_codec/firmware/cpe.b14 took 37ms
01-01 01:12:42.525     0     0 I [    5.995894 / 01-01 01:12:42.519][4] mediaserver[593]: syscall 384
01-01 01:12:42.525     0     0 W [    5.995907 / 01-01 01:12:42.519][4] Code: ea00e67e e1a0c007 e3a07d06 ef000000 (e1a0700c)
01-01 01:12:42.525     0     0 W [    5.995918 / 01-01 01:12:42.519][4] CPU: 4 PID: 593 Comm: mediaserver Not tainted 3.10.108-g679929a8 #2
01-01 01:12:42.525     0     0 W         : [    5.995925 / 01-01 01:12:42.519][4] Hardware name: Qualcomm Technologies, Inc. MSM8992 P1 GLOBAL COM (DT)
01-01 01:12:42.525     0     0 W [    5.995932 / 01-01 01:12:42.519][4] task: ffffffc0b74d7000 ti: ffffffc0b74e8000 task.ti: ffffffc0b74e8000
01-01 01:12:42.525     0     0 W         : [    5.995939 / 01-01 01:12:42.519][4] PC is at 0xe8d64040
01-01 01:12:42.525     0     0 W         : [    5.995945 / 01-01 01:12:42.519][4] LR is at 0xe8d2e5c7
01-01 01:12:42.525     0     0 W [    5.995951 / 01-01 01:12:42.519][4] pc: [<00000000e8d64040>] lr : [<00000000e8d2e5c7>] pstate: 200c0010
01-01 01:12:42.525     0     0 W [    5.995957 / 01-01 01:12:42.519][4] sp: 00000000ffaaf670
01-01 01:12:42.525     0     0 W [    5.995962 / 01-01 01:12:42.519][4] x12: 0000000000000028
01-01 01:12:42.525     0     0 W [    5.995969 / 01-01 01:12:42.519][4] x11: 00000000ea098640 x10: 0000000000000002
01-01 01:12:42.525     0     0 W [    5.995977 / 01-01 01:12:42.519][4] x9: 0000000000000028 x8 : 00000000ffaaf698
01-01 01:12:42.525     0     0 W [    5.995984 / 01-01 01:12:42.519][4] x7: 0000000000000180 x6 : 00000000ffaaf698
01-01 01:12:42.525     0     0 W [    5.995990 / 01-01 01:12:42.519][4] x5: 0000000000000000 x4 : 00000000ea09b4ec
01-01 01:12:42.525     0     0 W [    5.995997 / 01-01 01:12:42.519][4] x3: 0000000000000000 x2 : 0000000000000001
01-01 01:12:42.525     0     0 W [    5.996004 / 01-01 01:12:42.519][4] x1: 0000000000000028 x0 : 00000000ffaaf698
01-01 01:12:42.525     0     0 W         : [    5.996010 / 01-01 01:12:42.519][4]
01-01 01:12:42.526     0     0 I [    6.734564 / 01-01 01:12:42.519][1] ueventd: firmware: loading 'cpe.b16' for '/devices/soc.0/fe12f000.slim/tomtom-slim-pgd/tomtom_codec/firmware/cpe.b16'
01-01 01:12:42.531   595   893 I storaged: storaged: Start
01-01 01:12:42.532   593   593 I mediaserver: ServiceManager: 0xe7a1c1c0
01-01 01:12:42.533   593   593 W BatteryNotifier: batterystats service unavailable!
01-01 01:12:42.533   585   585 D vndksupport: Loading /vendor/lib/hw/camera.msm8992.so from current namespace instead of sphal namespace.
01-01 01:12:42.534     0     0 I         : [    6.744903 / 01-01 01:12:42.527][1] pil-q6v5-mss fc880000.qcom,mss: MBA boot done
01-01 01:12:42.536     0     0 I [    6.007751 / 01-01 01:12:42.531][1] drmserver[586]: syscall 384
01-01 01:12:42.536     0     0 W [    6.007770 / 01-01 01:12:42.531][1] Code: ea0016ec e1a0c007 e3a07d06 ef000000 (e1a0700c)
01-01 01:12:42.536     0     0 W [    6.007783 / 01-01 01:12:42.531][1] CPU: 1 PID: 586 Comm: drmserver Not tainted 3.10.108-g679929a8 #2
01-01 01:12:42.536     0     0 W         : [    6.007791 / 01-01 01:12:42.531][1] Hardware name: Qualcomm Technologies, Inc. MSM8992 P1 GLOBAL COM (DT)
01-01 01:12:42.536     0     0 W [    6.007802 / 01-01 01:12:42.531][1] task: ffffffc0bb476000 ti: ffffffc0bb4a0000 task.ti: ffffffc0bb4a0000
01-01 01:12:42.536     0     0 W         : [    6.007813 / 01-01 01:12:42.531][1] PC is at 0xf6b2d150
01-01 01:12:42.537     0     0 W         : [    6.007821 / 01-01 01:12:42.531][1] LR is at 0xf6b26917
01-01 01:12:42.537     0     0 W [    6.007829 / 01-01 01:12:42.531][1] pc: [<00000000f6b2d150>] lr : [<00000000f6b26917>] pstate: 20000010
01-01 01:12:42.537     0     0 W [    6.007837 / 01-01 01:12:42.531][1] sp: 00000000ffad5190
01-01 01:12:42.537     0     0 W [    6.007845 / 01-01 01:12:42.531][1] x12: 0000000000000028
01-01 01:12:42.537     0     0 W [    6.007852 / 01-01 01:12:42.531][1] x11: 0000000000000000 x10: 0000000000000000
01-01 01:12:42.537     0     0 W [    6.007861 / 01-01 01:12:42.531][1] x9: 0000000000000028 x8 : 00000000ffad51b8
01-01 01:12:42.537     0     0 W [    6.007868 / 01-01 01:12:42.531][1] x7: 0000000000000180 x6 : 00000000ffad51b8
01-01 01:12:42.537     0     0 W [    6.007876 / 01-01 01:12:42.531][1] x5: 0000000000000000 x4 : 00000000f6b5b4ec
01-01 01:12:42.537     0     0 W [    6.007884 / 01-01 01:12:42.531][1] x3: 0000000000000000 x2 : 0000000000000001
01-01 01:12:42.537     0     0 W [    6.007892 / 01-01 01:12:42.531][1] x1: 0000000000000028 x0 : 00000000ffad51b8
01-01 01:12:42.537     0     0 W         : [    6.007899 / 01-01 01:12:42.531][1]
01-01 01:12:42.542     0     0 I [    6.752351 / 01-01 01:12:42.535][0] ueventd: firmware: loading 'modem.b03' for '/devices/soc.0/fc880000.qcom,mss/firmware/modem.b03'
01-01 01:12:42.553   509   509 W hardware_info: update_hardware_info_8994: Not an 8994 device
01-01 01:12:42.562   442   442 I zygote64: VerifyImage: /system/bin/patchoat --input-image-location=/system/framework/boot.art --output-image-directory=/data/dalvik-cache/arm64 --instruction-set=arm64 --verify
01-01 01:12:42.570     0     0 I [    6.779028 / 01-01 01:12:42.563][1] ueventd: loading /devices/soc.0/fe12f000.slim/tomtom-slim-pgd/tomtom_codec/firmware/cpe.b16 took 44ms
01-01 01:12:42.570     0     0 I [    6.779571 / 01-01 01:12:42.563][1] ueventd: loading /devices/soc.0/fc880000.qcom,mss/firmware/modem.b03 took 27ms
01-01 01:12:42.570     0     0 I [    6.780382 / 01-01 01:12:42.563][1] ueventd: firmware: loading 'modem.b04' for '/devices/soc.0/fc880000.qcom,mss/firmware/modem.b04'
01-01 01:12:42.578     0     0 I [    6.785909 / 01-01 01:12:42.571][3] ueventd: firmware: loading 'cpe.b18' for '/devices/soc.0/fe12f000.slim/tomtom-slim-pgd/tomtom_codec/firmware/cpe.b18'
01-01 01:12:42.596   580   580 I wpa_supplicant: Processing hidl events on FD 3
01-01 01:12:42.601   580   580 I wpa_supplicant: Register Vendor HIDL default service
01-01 01:12:42.601   580   580 I wpa_supplicant: Successfully initialized wpa_supplicant
01-01 01:12:42.609     0     0 I [    6.816134 / 01-01 01:12:42.599][3] ueventd: loading /devices/soc.0/fc880000.qcom,mss/firmware/modem.b04 took 35ms
01-01 01:12:42.610     0     0 I [    6.819467 / 01-01 01:12:42.603][0] ueventd: firmware: loading 'modem.b05' for '/devices/soc.0/fc880000.qcom,mss/firmware/modem.b05'
01-01 01:12:42.610     0     0 I [    6.821052 / 01-01 01:12:42.603][3] ueventd: loading /devices/soc.0/fe12f000.slim/tomtom-slim-pgd/tomtom_codec/firmware/cpe.b18 took 35ms
01-01 01:12:42.614     0     0 I [    6.822404 / 01-01 01:12:42.607][0] ueventd: firmware: loading 'cpe.b20' for '/devices/soc.0/fe12f000.slim/tomtom-slim-pgd/tomtom_codec/firmware/cpe.b20'
01-01 01:12:42.621   588   588 I installd: installd firing up
01-01 01:12:42.624   564   631 I adbd    : initializing functionfs
01-01 01:12:42.625   564   631 I adbd    : opening control endpoint /dev/usb-ffs/adb/ep0
01-01 01:12:42.625     0     0 E         : [    6.094681 / 01-01 01:12:42.619][0] msm_qti_pp_get_rms_value_control, back not active to query rms be_idx:3
01-01 01:12:42.625     0     0 I         : [    6.098051 / 01-01 01:12:42.623][1] read descriptors
01-01 01:12:42.625     0     0 I         : [    6.098071 / 01-01 01:12:42.623][1] read descriptors
01-01 01:12:42.626     0     0 I         : [    6.098083 / 01-01 01:12:42.623][1] read strings
01-01 01:12:42.628     0     0 E         : [    6.100158 / 01-01 01:12:42.623][0] msm_pcm_volume_ctl_get substream runtime not found
01-01 01:12:42.628     0     0 E         : [    6.100361 / 01-01 01:12:42.623][0] msm_pcm_volume_ctl_get substream runtime not found
01-01 01:12:42.628     0     0 E         : [    6.100538 / 01-01 01:12:42.623][0] msm_pcm_volume_ctl_get substream runtime not found
01-01 01:12:42.628     0     0 E [    6.100665 / 01-01 01:12:42.623][0] msm_compr_audio_effects_config_get: stream or effects inactive
01-01 01:12:42.628     0     0 E         : [    6.101470 / 01-01 01:12:42.623][0] msm_pcm_volume_ctl_get substream runtime not found
01-01 01:12:42.628     0     0 E [    6.101661 / 01-01 01:12:42.627][0] msm_compr_audio_effects_config_get: stream or effects inactive
01-01 01:12:42.632     0     0 E [    6.102045 / 01-01 01:12:42.627][0] msm_compr_audio_effects_config_get: stream or effects inactive
01-01 01:12:42.632     0     0 E [    6.102420 / 01-01 01:12:42.627][0] msm_compr_audio_effects_config_get: stream or effects inactive
01-01 01:12:42.632     0     0 E         : [    6.102910 / 01-01 01:12:42.627][0] msm_pcm_volume_ctl_get substream runtime not found
01-01 01:12:42.632     0     0 E [    6.103328 / 01-01 01:12:42.627][0] msm_compr_audio_effects_config_get: stream or effects inactive
01-01 01:12:42.633     0     0 E [    6.103719 / 01-01 01:12:42.627][0] msm_compr_audio_effects_config_get: stream or effects inactive
01-01 01:12:42.633     0     0 E [    6.104086 / 01-01 01:12:42.627][0] msm_compr_audio_effects_config_get: stream or effects inactive
01-01 01:12:42.633     0     0 E [    6.104465 / 01-01 01:12:42.627][0] msm_compr_audio_effects_config_get: stream or effects inactive
01-01 01:12:42.633     0     0 I [    6.104778 / 01-01 01:12:42.627][1] subsys-restart: __subsystem_get(): Changing subsys fw_name to modem
01-01 01:12:42.633     0     0 E [    6.104893 / 01-01 01:12:42.627][0] msm_compr_audio_effects_config_get: stream or effects inactive
01-01 01:12:42.633     0     0 I         : [    6.105014 / 01-01 01:12:42.627][1] IPA received MPSS BEFORE_POWERUP
01-01 01:12:42.633     0     0 E         : [    6.105302 / 01-01 01:12:42.627][1] ipa ipa_uc_state_check:246 uC is not loaded
01-01 01:12:42.633     0     0 E [    6.105809 / 01-01 01:12:42.631][1] msm_compr_audio_effects_config_get: stream or effects inactive
01-01 01:12:42.633     0     0 E         : [    6.106292 / 01-01 01:12:42.631][1] msm_pcm_volume_ctl_get substream runtime not found
