--------- beginning of radio
05-01 18:12:42.096   901   901 D         : qmi_qcsi_oem_init
05-01 18:12:42.124   917   917 D         : qmi_qcsi_oem_init
05-01 18:12:42.130   918   918 D         : qmi_qcsi_oem_init
05-01 18:12:42.492  1098  1098 I chatty  : uid=1001(radio) expire 1 line
05-01 18:12:42.672  1240  1240 I chatty  : uid=1001(radio) imsdatadaemon expire 1 line
05-01 18:12:42.806   728   728 D TelephonyManager: No /proc/cmdline exception=java.io.FileNotFoundException: /proc/cmdline: open failed: EACCES (Permission denied)
05-01 18:12:42.806   728   728 D TelephonyManager: /proc/cmdline=
05-01 18:12:42.830  1226  1226 I chatty  : uid=1001(radio) main expire 21 lines
05-01 18:12:42.840  1243  1243 I chatty  : uid=1001(radio) main expire 21 lines
05-01 18:12:43.572  1226  1464 I chatty  : uid=1001(radio) SapModule-Loope expire 1 line
05-01 18:12:44.513  1243  1565 I chatty  : uid=1001(radio) SapModule-Loope expire 1 line
05-01 18:12:45.226  1226  1278 I chatty  : uid=1001(radio) DispatcherModul expire 12 lines
05-01 18:12:45.246   729   729 D TelephonyManager: No /proc/cmdline exception=java.io.FileNotFoundException: /proc/cmdline: open failed: EACCES (Permission denied)
05-01 18:12:45.246   729   729 D TelephonyManager: /proc/cmdline=
05-01 18:12:45.261  1243  1284 I chatty  : uid=1001(radio) DispatcherModul expire 10 lines
05-01 18:12:45.543  1243  1292 I chatty  : uid=1001(radio) /vendor/bin/hw/qcrild expire 19 lines
05-01 18:12:45.613  1226  1291 I chatty  : uid=1001(radio) /vendor/bin/hw/qcrild expire 19 lines
05-01 18:12:45.878  1352  1352 E TelephonyManager: IMSI error: Subscriber Info is null
05-01 18:12:47.422  2040  2040 I chatty  : uid=1001(radio) /vendor/bin/ims_rtp_daemon expire 1 line
05-01 18:12:51.278  1352  1920 D TelephonyRegistry: listen oscl: mHasNotifySubscriptionInfoChangedOccurred==false no callback
05-01 18:12:51.299  1352  1957 D TelephonyRegistry: listen oscl: mHasNotifySubscriptionInfoChangedOccurred==false no callback
05-01 18:12:51.311  1352  1352 D TelephonyRegistry: listen oscl: mHasNotifySubscriptionInfoChangedOccurred==false no callback
05-01 18:12:51.321  1352  1352 D TelephonyRegistry: listen oscl: mHasNotifySubscriptionInfoChangedOccurred==false no callback
05-01 18:12:51.327  1352  1352 D TelephonyRegistry: systemRunning register for intents
05-01 18:12:51.587  1352  1352 D TelephonyRegistry: listen oscl: mHasNotifySubscriptionInfoChangedOccurred==false no callback
05-01 18:12:51.600  2164  2164 W CarrierConfigManager: Error getting config for subId -1 ICarrierConfigLoader is null
05-01 18:12:51.605  1352  1368 D TelephonyRegistry: listen oscl: mHasNotifySubscriptionInfoChangedOccurred==false no callback
05-01 18:12:51.627  2380  2380 I chatty  : uid=1001(radio) com.android.phone expire 59 lines
05-01 18:12:51.671  2380  2468 I chatty  : uid=1001(radio) HwBinder:2380_1 expire 38 lines
05-01 18:12:51.740  1352  1352 D TelephonyRegistry: notifyCellLocationForSubscriber: subId=0 cellLocation=Bundle[{cid=-1, lac=-1, psc=-1}]
05-01 18:12:51.746  1352  1352 D TelephonyRegistry: notifyCellLocationForSubscriber: subId=1 cellLocation=Bundle[{cid=-1, lac=-1, psc=-1}]
05-01 18:12:51.773  2380  2610 I chatty  : uid=1001(radio) GsmInboundSmsHa expire 5 lines
05-01 18:12:51.779  2380  2613 I chatty  : uid=1001(radio) CdmaInboundSmsH expire 6 lines
05-01 18:12:51.782  2380  2380 I chatty  : uid=1001(radio) com.android.phone expire 173 lines
05-01 18:12:51.782  2380  2610 I chatty  : uid=1001(radio) GsmInboundSmsHa expire 1 line
05-01 18:12:51.789  1352  1369 D TelephonyRegistry: listen oscl: mHasNotifySubscriptionInfoChangedOccurred==false no callback
05-01 18:12:51.794  2380  2468 I chatty  : uid=1001(radio) HwBinder:2380_1 expire 7 lines
05-01 18:12:51.795  1352  1368 D TelephonyRegistry: listen oscl: mHasNotifySubscriptionInfoChangedOccurred==false no callback
05-01 18:12:51.939  1352  1369 D TelephonyRegistry: listen oscl: mHasNotifySubscriptionInfoChangedOccurred==false no callback
05-01 18:12:51.946  1352  1369 D TelephonyRegistry: listen oscl: mHasNotifySubscriptionInfoChangedOccurred==false no callback
05-01 18:12:51.982  2380  2679 I chatty  : uid=1001(radio) GsmInboundSmsHa expire 6 lines
05-01 18:12:51.986  2380  2684 I chatty  : uid=1001(radio) CdmaInboundSmsH expire 6 lines
05-01 18:12:51.993  1352  2478 D TelephonyRegistry: listen oscl: mHasNotifySubscriptionInfoChangedOccurred==false no callback
05-01 18:12:51.994  2164  2164 W CarrierConfigManager: Error getting config for subId 2 ICarrierConfigLoader is null
05-01 18:12:51.998  1352  1369 D TelephonyRegistry: listen oscl: mHasNotifySubscriptionInfoChangedOccurred==false no callback
05-01 18:12:51.999  1352  2478 D TelephonyRegistry: listen oscl: mHasNotifySubscriptionInfoChangedOccurred==false no callback
05-01 18:12:52.002  1352  2478 D TelephonyRegistry: listen oscl: mHasNotifySubscriptionInfoChangedOccurred==false no callback
05-01 18:12:52.050  1352  2183 D TelephonyRegistry: listen oscl: mHasNotifySubscriptionInfoChangedOccurred==false no callback
05-01 18:12:52.053  1352  2478 D TelephonyRegistry: listen oscl: mHasNotifySubscriptionInfoChangedOccurred==false no callback
05-01 18:12:52.071  2380  2414 I chatty  : uid=1001(radio) Binder:2380_2 expire 1 line
05-01 18:12:52.075  1352  1369 D TelephonyRegistry: listen oscl: mHasNotifySubscriptionInfoChangedOccurred==false no callback
05-01 18:12:52.079  1352  1369 D TelephonyRegistry: listen oscl: mHasNotifySubscriptionInfoChangedOccurred==false no callback
05-01 18:12:52.083  2380  2700 I chatty  : uid=1001(radio) Binder:2380_5 expire 1 line
05-01 18:12:52.089  2380  2380 I chatty  : uid=1001(radio) com.android.phone expire 152 lines
05-01 18:12:52.091  2380  2468 I chatty  : uid=1001(radio) HwBinder:2380_1 expire 24 lines
05-01 18:12:52.095  1226  1226 I chatty  : uid=1001(radio) main expire 2 lines
05-01 18:12:52.098  1352  1368 D TelephonyRegistry: notifySubscriptionInfoChanged: first invocation mRecords.size=33
05-01 18:12:52.102  1352  1368 D TelephonyRegistry: notifyServiceStateForSubscriber: INVALID phoneId=0 or subId=-1
05-01 18:12:52.104  1352  1368 E PHONE   : ServiceState.getRadioTechnology() DEPRECATED will be removed *******
05-01 18:12:52.126  1352  2474 D TelephonyRegistry: onDataConnectionStateChanged(DISCONNECTED, UNKNOWN) subId=-1, phoneId=0
05-01 18:12:52.129  1226  1278 I chatty  : uid=1001(radio) DispatcherModul expire 3 lines
05-01 18:12:52.129  1243  1284 I chatty  : uid=1001(radio) DispatcherModul expire 4 lines
05-01 18:12:52.153  2380  2380 I chatty  : uid=1001(radio) com.android.phone expire 129 lines
05-01 18:12:52.155  2380  2468 I chatty  : uid=1001(radio) HwBinder:2380_1 expire 45 lines
05-01 18:12:52.158  1226  1278 I chatty  : uid=1001(radio) DispatcherModul expire 2 lines
05-01 18:12:52.174  2380  2699 I chatty  : uid=1001(radio) Binder:2380_4 expire 1 line
05-01 18:12:52.178  1243  1545 I chatty  : uid=1001(radio) HwBinder:1243_1 expire 1 line
05-01 18:12:52.187  1352  2183 D TelephonyRegistry: notifyServiceStateForSubscriber: INVALID phoneId=1 or subId=-1
05-01 18:12:52.188  1352  2183 E PHONE   : ServiceState.getRadioTechnology() DEPRECATED will be removed *******
05-01 18:12:52.195  2380  2754 I chatty  : uid=1001(radio) Binder:2380_7 expire 2 lines
05-01 18:12:52.201  1352  2183 D TelephonyRegistry: onDataConnectionStateChanged(DISCONNECTED, UNKNOWN) subId=-1, phoneId=1
05-01 18:12:52.206  2380  2380 I chatty  : uid=1001(radio) com.android.phone expire 130 lines
05-01 18:12:52.212  2380  2468 I chatty  : uid=1001(radio) HwBinder:2380_1 expire 35 lines
05-01 18:12:52.222  1352  2474 D TelephonyRegistry: notifyServiceStateForSubscriber: INVALID phoneId=0 or subId=-1
05-01 18:12:52.223  1352  2474 E PHONE   : ServiceState.getRadioTechnology() DEPRECATED will be removed *******
05-01 18:12:52.224  1352  2474 D TelephonyRegistry: notifyServiceStateForSubscriber: INVALID phoneId=1 or subId=-1
05-01 18:12:52.225  1352  2474 E PHONE   : ServiceState.getRadioTechnology() DEPRECATED will be removed *******
05-01 18:12:52.229  2380  2413 I chatty  : uid=1001(radio) Binder:2380_1 expire 1 line
05-01 18:12:52.238  2380  2380 I chatty  : uid=1001(radio) com.android.phone expire 151 lines
05-01 18:12:52.245  2380  2468 I chatty  : uid=1001(radio) HwBinder:2380_1 expire 8 lines
05-01 18:12:52.310  1352  2183 D TelephonyRegistry: notifyServiceStateForSubscriber: INVALID phoneId=0 or subId=-1
05-01 18:12:52.311  1352  2183 E PHONE   : ServiceState.getRadioTechnology() DEPRECATED will be removed *******
05-01 18:12:52.313  2380  2716 I chatty  : uid=1001(radio) Binder:2380_6 expire 2 lines
05-01 18:12:52.316  2380  2380 I chatty  : uid=1001(radio) com.android.phone expire 139 lines
05-01 18:12:52.321  2380  2468 I chatty  : uid=1001(radio) HwBinder:2380_1 expire 13 lines
05-01 18:12:52.348  2380  2413 I chatty  : uid=1001(radio) Binder:2380_1 expire 1 line
05-01 18:12:52.395  2380  2380 I chatty  : uid=1001(radio) com.android.phone expire 123 lines
05-01 18:12:52.399  2380  2468 I chatty  : uid=1001(radio) HwBinder:2380_1 expire 17 lines
05-01 18:12:52.418  2380  2774 I chatty  : uid=1001(radio) DataService expire 2 lines
05-01 18:12:52.419  2380  2380 I chatty  : uid=1001(radio) com.android.phone expire 74 lines
05-01 18:12:52.422  2380  2468 I chatty  : uid=1001(radio) HwBinder:2380_1 expire 51 lines
05-01 18:12:52.433  1352  1369 D TelephonyRegistry: notifyServiceStateForSubscriber: INVALID phoneId=1 or subId=-1
05-01 18:12:52.434  1352  1369 E PHONE   : ServiceState.getRadioTechnology() DEPRECATED will be removed *******
05-01 18:12:52.451  2380  2768 I chatty  : uid=1001(radio) NetworkService expire 2 lines
05-01 18:12:52.455  2380  2797 I chatty  : uid=1001(radio) CellularNetwork expire 2 lines
05-01 18:12:52.465  2380  2468 I chatty  : uid=1001(radio) HwBinder:2380_1 expire 23 lines
05-01 18:12:52.470  2380  2380 I chatty  : uid=1001(radio) com.android.phone expire 91 lines
05-01 18:12:52.506  2380  2716 I chatty  : uid=1001(radio) Binder:2380_6 expire 2 lines
05-01 18:12:52.512  1352  2478 E PHONE   : ServiceState.getRadioTechnology() DEPRECATED will be removed *******
05-01 18:12:52.527  2380  2700 I chatty  : uid=1001(radio) Binder:2380_5 expire 1 line
05-01 18:12:52.540  1352  2183 E PHONE   : ServiceState.getRadioTechnology() DEPRECATED will be removed *******
05-01 18:12:52.543  2380  2766 I chatty  : uid=1001(radio) RilMessageDecod expire 1 line
05-01 18:12:52.561  2380  2689 I chatty  : uid=1001(radio) Binder:2380_3 expire 4 lines
05-01 18:12:52.575  2380  2413 I chatty  : uid=1001(radio) Binder:2380_1 expire 3 lines
05-01 18:12:52.610  2380  2380 I chatty  : uid=1001(radio) com.android.phone expire 95 lines
05-01 18:12:52.614  2380  2699 I chatty  : uid=1001(radio) Binder:2380_4 expire 2 lines
05-01 18:12:52.620  2380  2768 I chatty  : uid=1001(radio) NetworkService expire 4 lines
05-01 18:12:52.621  2380  2468 I chatty  : uid=1001(radio) HwBinder:2380_1 expire 16 lines
05-01 18:12:52.623  2380  2665 I chatty  : uid=1001(radio) DcHandlerThread expire 1 line
05-01 18:12:52.623  2380  2687 I chatty  : uid=1001(radio) DcHandlerThread expire 1 line
05-01 18:12:52.626  2380  2797 I chatty  : uid=1001(radio) CellularNetwork expire 2 lines
05-01 18:12:52.628  2380  2689 I chatty  : uid=1001(radio) Binder:2380_3 expire 2 lines
05-01 18:12:52.632  2380  2795 I chatty  : uid=1001(radio) CellularNetwork expire 2 lines
05-01 18:12:52.637  1352  1369 E PHONE   : ServiceState.getRadioTechnology() DEPRECATED will be removed *******
05-01 18:12:52.646  2380  2716 I chatty  : uid=1001(radio) Binder:2380_6 expire 1 line
05-01 18:12:52.658  2380  2820 I chatty  : uid=1001(radio) Binder:2380_A expire 1 line
05-01 18:12:52.670  1352  1368 E PHONE   : ServiceState.getRadioTechnology() DEPRECATED will be removed *******
05-01 18:12:52.671  2380  2824 I chatty  : uid=1001(radio) Binder:2380_C expire 1 line
05-01 18:12:52.678  2380  2380 I chatty  : uid=1001(radio) com.android.phone expire 88 lines
05-01 18:12:52.680  2380  2468 I chatty  : uid=1001(radio) HwBinder:2380_1 expire 19 lines
05-01 18:12:52.690  2380  2794 I chatty  : uid=1001(radio) Binder:2380_8 expire 1 line
05-01 18:12:52.696  2380  2768 I chatty  : uid=1001(radio) NetworkService expire 8 lines
05-01 18:12:52.709  2380  2820 I chatty  : uid=1001(radio) Binder:2380_A expire 2 lines
05-01 18:12:52.719  1226  1278 I chatty  : uid=1001(radio) DispatcherModul expire 4 lines
05-01 18:12:52.725  2380  2774 I chatty  : uid=1001(radio) DataService expire 4 lines
05-01 18:12:52.726  2380  2796 I chatty  : uid=1001(radio) CellularDataSer expire 1 line
05-01 18:12:52.740  2380  2413 I chatty  : uid=1001(radio) Binder:2380_1 expire 1 line
05-01 18:12:52.745  2380  2716 I chatty  : uid=1001(radio) Binder:2380_6 expire 4 lines
05-01 18:12:52.748  2380  2830 I chatty  : uid=1001(radio) Binder:2380_D expire 1 line
05-01 18:12:52.751  2380  2798 I chatty  : uid=1001(radio) CellularDataSer expire 1 line
05-01 18:12:52.788  2380  2380 I chatty  : uid=1001(radio) com.android.phone expire 108 lines
05-01 18:12:52.788  2380  2468 I chatty  : uid=1001(radio) HwBinder:2380_1 expire 15 lines
05-01 18:12:52.788  2164  2252 D ImsManager: Capability Callback registered.
05-01 18:12:52.791  2164  2252 D ImsManager: Registration Callback registered.
05-01 18:12:52.792  2380  2716 I chatty  : uid=1001(radio) Binder:2380_6 expire 4 lines
05-01 18:12:52.793  2164  2252 D ImsManager: Capability Callback registered.
05-01 18:12:52.794  2164  2252 D ImsManager: Registration Callback registered.
05-01 18:12:52.905  2380  2380 I chatty  : uid=1001(radio) com.android.phone expire 99 lines
05-01 18:12:52.907  1352  1368 E PHONE   : ServiceState.getRadioTechnology() DEPRECATED will be removed *******
05-01 18:12:52.907  2380  2820 I chatty  : uid=1001(radio) Binder:2380_A expire 3 lines
05-01 18:12:52.914  2380  2468 I chatty  : uid=1001(radio) HwBinder:2380_1 expire 9 lines
05-01 18:12:52.916  1352  1369 E PHONE   : ServiceState.getRadioTechnology() DEPRECATED will be removed *******
05-01 18:12:52.966  2380  2768 I chatty  : uid=1001(radio) NetworkService expire 11 lines
05-01 18:12:52.973  2380  2795 I chatty  : uid=1001(radio) CellularNetwork expire 6 lines
05-01 18:12:52.994  2380  2768 I chatty  : uid=1001(radio) NetworkService expire 6 lines
05-01 18:12:52.994  2380  2380 I chatty  : uid=1001(radio) com.android.phone expire 98 lines
05-01 18:12:52.996  2380  2468 I chatty  : uid=1001(radio) HwBinder:2380_1 expire 16 lines
05-01 18:12:52.999  2380  2820 I chatty  : uid=1001(radio) Binder:2380_A expire 8 lines
05-01 18:12:53.052  2380  2413 I chatty  : uid=1001(radio) Binder:2380_1 expire 6 lines
05-01 18:12:53.054  2380  2380 I chatty  : uid=1001(radio) com.android.phone expire 96 lines
05-01 18:12:53.055  2380  2468 I chatty  : uid=1001(radio) HwBinder:2380_1 expire 16 lines
05-01 18:12:53.056  2380  2820 I chatty  : uid=1001(radio) Binder:2380_A expire 9 lines
05-01 18:12:53.059  2380  2768 I chatty  : uid=1001(radio) NetworkService expire 2 lines
05-01 18:12:53.073  2380  2795 I chatty  : uid=1001(radio) CellularNetwork expire 6 lines
05-01 18:12:53.080  2380  2716 I chatty  : uid=1001(radio) Binder:2380_6 expire 9 lines
05-01 18:12:53.115  2380  2380 I chatty  : uid=1001(radio) com.android.phone expire 93 lines
05-01 18:12:53.121  2380  2468 I chatty  : uid=1001(radio) HwBinder:2380_1 expire 11 lines
05-01 18:12:53.122  2380  2795 I chatty  : uid=1001(radio) CellularNetwork expire 6 lines
05-01 18:12:53.219  2380  2884 I chatty  : uid=1001(radio) Stk App Service expire 8 lines
05-01 18:12:53.245  2380  2820 I chatty  : uid=1001(radio) Binder:2380_A expire 7 lines
05-01 18:12:53.292  2380  2380 I chatty  : uid=1001(radio) com.android.phone expire 125 lines
05-01 18:12:53.296  2380  2413 I chatty  : uid=1001(radio) Binder:2380_1 expire 2 lines
05-01 18:12:53.297  1352  1368 E PHONE   : ServiceState.getRadioTechnology() DEPRECATED will be removed *******
05-01 18:12:53.305  1352  2478 D TelephonyRegistry: notifyCellLocationForSubscriber: subId=1 cellLocation=Bundle[mParcelledData.dataSize=64]
05-01 18:12:53.339  2380  2774 I chatty  : uid=1001(radio) DataService expire 12 lines
05-01 18:12:53.341  2380  2468 I chatty  : uid=1001(radio) HwBinder:2380_1 expire 4 lines
05-01 18:12:53.341  2380  2798 I chatty  : uid=1001(radio) CellularDataSer expire 2 lines
05-01 18:12:53.423  2380  2380 I chatty  : uid=1001(radio) com.android.phone expire 125 lines
05-01 18:12:53.450  2380  2413 I chatty  : uid=1001(radio) Binder:2380_1 expire 2 lines
05-01 18:12:53.451  2380  2820 I chatty  : uid=1001(radio) Binder:2380_A expire 2 lines
05-01 18:12:53.455  2380  2884 I chatty  : uid=1001(radio) Stk App Service expire 3 lines
05-01 18:12:53.478  2380  2468 I chatty  : uid=1001(radio) HwBinder:2380_1 expire 4 lines
05-01 18:12:53.516  2380  2380 I chatty  : uid=1001(radio) com.android.phone expire 102 lines
05-01 18:12:53.561  2380  2774 I chatty  : uid=1001(radio) DataService expire 5 lines
05-01 18:12:53.562  2380  2796 I chatty  : uid=1001(radio) CellularDataSer expire 2 lines
05-01 18:12:53.588  2380  2413 I chatty  : uid=1001(radio) Binder:2380_1 expire 3 lines
05-01 18:12:53.593  2380  2414 I chatty  : uid=1001(radio) Binder:2380_2 expire 6 lines
05-01 18:12:53.598  2380  2820 I chatty  : uid=1001(radio) Binder:2380_A expire 2 lines
05-01 18:12:53.601  2380  2824 I chatty  : uid=1001(radio) Binder:2380_C expire 3 lines
05-01 18:12:53.607  2380  2794 I chatty  : uid=1001(radio) Binder:2380_8 expire 6 lines
05-01 18:12:53.627  2380  2380 I chatty  : uid=1001(radio) com.android.phone expire 79 lines
05-01 18:12:53.627  2380  2414 I chatty  : uid=1001(radio) Binder:2380_2 expire 3 lines
05-01 18:12:53.627  2380  2918 I chatty  : uid=1001(radio) Binder:2380_F expire 1 line
05-01 18:12:53.628  2380  2824 I chatty  : uid=1001(radio) Binder:2380_C expire 13 lines
05-01 18:12:53.633  2380  2800 I chatty  : uid=1001(radio) Binder:2380_9 expire 2 lines
05-01 18:12:53.642  2380  2820 I chatty  : uid=1001(radio) Binder:2380_A expire 4 lines
05-01 18:12:53.704  2380  2917 I chatty  : uid=1001(radio) Binder:2380_E expire 2 lines
05-01 18:12:53.705  2380  2700 I chatty  : uid=1001(radio) Binder:2380_5 expire 2 lines
05-01 18:12:53.720  2380  2921 I chatty  : uid=1001(radio) Binder:2380_10 expire 4 lines
05-01 18:12:53.751  2380  2699 I chatty  : uid=1001(radio) Binder:2380_4 expire 2 lines
05-01 18:12:53.774  2380  2716 I chatty  : uid=1001(radio) Binder:2380_6 expire 2 lines
05-01 18:12:53.857  2380  2380 I chatty  : uid=1001(radio) com.android.phone expire 208 lines
05-01 18:12:54.192  2380  2821 I chatty  : uid=1001(radio) Binder:2380_B expire 3 lines
05-01 18:12:54.195  2380  2921 I chatty  : uid=1001(radio) Binder:2380_10 expire 3 lines
05-01 18:12:54.196  2380  2716 I chatty  : uid=1001(radio) Binder:2380_6 expire 1 line
05-01 18:12:54.201  2380  2830 I chatty  : uid=1001(radio) Binder:2380_D expire 1 line
05-01 18:12:54.205  2380  2468 I chatty  : uid=1001(radio) HwBinder:2380_1 expire 4 lines
05-01 18:12:54.207  2380  2380 I chatty  : uid=1001(radio) com.android.phone expire 84 lines
05-01 18:12:54.207  2380  2768 I chatty  : uid=1001(radio) NetworkService expire 2 lines
05-01 18:12:54.208  2380  2830 I chatty  : uid=1001(radio) Binder:2380_D expire 2 lines
05-01 18:12:54.209  2380  2700 I chatty  : uid=1001(radio) Binder:2380_5 expire 4 lines
05-01 18:12:54.210  2380  2821 I chatty  : uid=1001(radio) Binder:2380_B expire 4 lines
05-01 18:12:54.223  2380  2716 I chatty  : uid=1001(radio) Binder:2380_6 expire 4 lines
05-01 18:12:54.246  2380  2754 I chatty  : uid=1001(radio) Binder:2380_7 expire 2 lines
05-01 18:12:54.279  1226  1278 I chatty  : uid=1001(radio) DispatcherModul expire 4 lines
05-01 18:12:54.287  2380  2380 I chatty  : uid=1001(radio) com.android.phone expire 66 lines
05-01 18:12:54.302  2380  2754 I chatty  : uid=1001(radio) Binder:2380_7 expire 5 lines
05-01 18:12:54.308  2380  2768 I chatty  : uid=1001(radio) NetworkService expire 4 lines
05-01 18:12:54.308  2380  2468 I chatty  : uid=1001(radio) HwBinder:2380_1 expire 9 lines
05-01 18:12:54.310  2380  2699 I chatty  : uid=1001(radio) Binder:2380_4 expire 1 line
05-01 18:12:54.312  2380  2797 I chatty  : uid=1001(radio) CellularNetwork expire 4 lines
05-01 18:12:54.317  1352  1957 E PHONE   : ServiceState.getRadioTechnology() DEPRECATED will be removed *******
05-01 18:12:54.342  1243  1284 I chatty  : uid=1001(radio) DispatcherModul expire 2 lines
05-01 18:12:54.344  2380  2917 I chatty  : uid=1001(radio) Binder:2380_E expire 1 line
05-01 18:12:54.350  2380  2921 I chatty  : uid=1001(radio) Binder:2380_10 expire 1 line
05-01 18:12:54.355  2380  2380 I chatty  : uid=1001(radio) com.android.phone expire 68 lines
05-01 18:12:54.362  2380  3003 I chatty  : uid=1001(radio) com.android.phone expire 2 lines
05-01 18:12:54.362  2380  3004 I chatty  : uid=1001(radio) com.android.phone expire 2 lines
05-01 18:12:54.362  2380  2917 I chatty  : uid=1001(radio) Binder:2380_E expire 3 lines
05-01 18:12:54.362  2380  2754 I chatty  : uid=1001(radio) Binder:2380_7 expire 7 lines
05-01 18:12:54.371  1226  1278 I chatty  : uid=1001(radio) DispatcherModul expire 5 lines
05-01 18:12:54.393  1243  1284 I chatty  : uid=1001(radio) DispatcherModul expire 2 lines
05-01 18:12:54.396  2380  2768 I chatty  : uid=1001(radio) NetworkService expire 8 lines
05-01 18:12:54.398  2380  2380 I chatty  : uid=1001(radio) com.android.phone expire 43 lines
05-01 18:12:54.400  2380  2468 I chatty  : uid=1001(radio) HwBinder:2380_1 expire 19 lines
05-01 18:12:54.401  2380  2821 I chatty  : uid=1001(radio) Binder:2380_B expire 1 line
05-01 18:12:54.403  2380  2795 I chatty  : uid=1001(radio) CellularNetwork expire 5 lines
05-01 18:12:54.413  2380  3008 I chatty  : uid=1001(radio) com.android.phone expire 2 lines
05-01 18:12:54.413  2380  3009 I chatty  : uid=1001(radio) com.android.phone expire 2 lines
05-01 18:12:54.420  1226  1278 I chatty  : uid=1001(radio) DispatcherModul expire 5 lines
05-01 18:12:54.430  2380  2380 I chatty  : uid=1001(radio) com.android.phone expire 51 lines
05-01 18:12:54.430  2380  2795 I chatty  : uid=1001(radio) CellularNetwork expire 3 lines
05-01 18:12:54.430  2380  2468 I chatty  : uid=1001(radio) HwBinder:2380_1 expire 13 lines
05-01 18:12:54.431  2380  2754 I chatty  : uid=1001(radio) Binder:2380_7 expire 1 line
05-01 18:12:54.442  2380  3016 I chatty  : uid=1001(radio) com.android.phone expire 2 lines
05-01 18:12:54.442  2380  3015 I chatty  : uid=1001(radio) com.android.phone expire 2 lines
05-01 18:12:54.447  1243  1284 I chatty  : uid=1001(radio) DispatcherModul expire 5 lines
05-01 18:12:54.453  2380  2768 I chatty  : uid=1001(radio) NetworkService expire 4 lines
05-01 18:12:54.457  2380  2797 I chatty  : uid=1001(radio) CellularNetwork expire 6 lines
05-01 18:12:54.461  2380  2468 I chatty  : uid=1001(radio) HwBinder:2380_1 expire 11 lines
05-01 18:12:54.461  2380  2380 I chatty  : uid=1001(radio) com.android.phone expire 49 lines
05-01 18:12:54.469  2380  3021 I chatty  : uid=1001(radio) com.android.phone expire 2 lines
05-01 18:12:54.469  2380  3020 I chatty  : uid=1001(radio) com.android.phone expire 2 lines
05-01 18:12:54.474  1243  1284 I chatty  : uid=1001(radio) DispatcherModul expire 5 lines
05-01 18:12:54.479  2380  2768 I chatty  : uid=1001(radio) NetworkService expire 4 lines
05-01 18:12:54.484  2380  2821 I chatty  : uid=1001(radio) Binder:2380_B expire 4 lines
05-01 18:12:54.485  2380  2468 I chatty  : uid=1001(radio) HwBinder:2380_1 expire 18 lines
05-01 18:12:54.485  2380  2380 I chatty  : uid=1001(radio) com.android.phone expire 29 lines
05-01 18:12:54.486  2380  2797 I chatty  : uid=1001(radio) CellularNetwork expire 2 lines
05-01 18:12:54.488  2380  2754 I chatty  : uid=1001(radio) Binder:2380_7 expire 130 lines
05-01 18:12:54.491  1352  1957 E PHONE   : ServiceState.getRadioTechnology() DEPRECATED will be removed *******
05-01 18:12:54.493  2380  2917 I chatty  : uid=1001(radio) Binder:2380_E expire 16 lines
05-01 18:12:54.687  2380  2754 I chatty  : uid=1001(radio) Binder:2380_7 expire 30 lines
05-01 18:12:54.689  2380  2468 I chatty  : uid=1001(radio) HwBinder:2380_1 expire 19 lines
05-01 18:12:54.718  2380  2768 I chatty  : uid=1001(radio) NetworkService expire 14 lines
05-01 18:12:54.718  2380  2380 I chatty  : uid=1001(radio) com.android.phone expire 26 lines
05-01 18:12:54.727  1243  1284 I chatty  : uid=1001(radio) DispatcherModul expire 4 lines
05-01 18:12:54.737  2380  2797 I chatty  : uid=1001(radio) CellularNetwork expire 2 lines
05-01 18:12:54.738  2380  2921 I chatty  : uid=1001(radio) Binder:2380_10 expire 31 lines
05-01 18:12:54.746  2380  2768 I chatty  : uid=1001(radio) NetworkService expire 4 lines
05-01 18:12:54.746  2380  2468 I chatty  : uid=1001(radio) HwBinder:2380_1 expire 20 lines
05-01 18:12:54.746  2380  2380 I chatty  : uid=1001(radio) com.android.phone expire 20 lines
05-01 18:12:54.747  2380  2797 I chatty  : uid=1001(radio) CellularNetwork expire 10 lines
05-01 18:12:54.772  2380  2609 I chatty  : uid=1001(radio) GsmCellBroadcas expire 1 line
05-01 18:12:54.776  2380  2611 I chatty  : uid=1001(radio) CellBroadcastHa expire 1 line
05-01 18:12:54.781  2380  2917 I chatty  : uid=1001(radio) Binder:2380_E expire 6 lines
05-01 18:12:54.782  2380  2623 I chatty  : uid=1001(radio) CdmaServiceCate expire 1 line
05-01 18:12:54.785  2380  2921 I chatty  : uid=1001(radio) Binder:2380_10 expire 2 lines
05-01 18:12:54.789  2380  2468 I chatty  : uid=1001(radio) HwBinder:2380_1 expire 3 lines
05-01 18:12:54.790  2380  2380 I chatty  : uid=1001(radio) com.android.phone expire 66 lines
05-01 18:12:54.800  1352  2478 E PHONE   : ServiceState.getRadioTechnology() DEPRECATED will be removed *******
05-01 18:12:54.801  2380  2700 I chatty  : uid=1001(radio) Binder:2380_5 expire 1 line
05-01 18:12:54.804  1352  2916 D TelephonyRegistry: notifyCellLocationForSubscriber: subId=2 cellLocation=Bundle[mParcelledData.dataSize=64]
05-01 18:12:54.806  2380  2754 I chatty  : uid=1001(radio) Binder:2380_7 expire 2 lines
05-01 18:12:54.840  2380  2380 I chatty  : uid=1001(radio) com.android.phone expire 77 lines
05-01 18:12:54.860  2380  2687 I chatty  : uid=1001(radio) DcHandlerThread expire 36 lines
05-01 18:12:54.861  1352  1957 D TelephonyRegistry: onDataConnectionStateChanged(DISCONNECTED, LTE) subId=2, phoneId=1
05-01 18:12:54.861  2380  2380 I chatty  : uid=1001(radio) com.android.phone expire 34 lines
05-01 18:12:54.862  2380  2921 I chatty  : uid=1001(radio) Binder:2380_10 expire 21 lines
05-01 18:12:54.863  2380  2774 I chatty  : uid=1001(radio) DataService expire 1 line
05-01 18:12:54.864  2380  2468 I chatty  : uid=1001(radio) HwBinder:2380_1 expire 7 lines
05-01 18:12:54.901  2380  2798 I chatty  : uid=1001(radio) CellularDataSer expire 2 lines
05-01 18:12:54.909  1352  2478 D TelephonyRegistry: onDataConnectionStateChanged(CONNECTED, LTE) subId=2, phoneId=1
05-01 18:12:54.912  2380  2700 I chatty  : uid=1001(radio) Binder:2380_5 expire 18 lines
05-01 18:12:54.924  2380  2794 I chatty  : uid=1001(radio) Binder:2380_8 expire 13 lines
05-01 18:12:54.924  2380  2917 I chatty  : uid=1001(radio) Binder:2380_E expire 5 lines
05-01 18:12:54.975  2380  2678 I chatty  : uid=1001(radio) GsmCellBroadcas expire 1 line
05-01 18:12:54.975  2380  2700 I chatty  : uid=1001(radio) Binder:2380_5 expire 28 lines
05-01 18:12:54.986  2380  2683 I chatty  : uid=1001(radio) CellBroadcastHa expire 1 line
05-01 18:12:54.988  2380  2685 I chatty  : uid=1001(radio) CdmaServiceCate expire 1 line
05-01 18:12:55.006  2380  2468 I chatty  : uid=1001(radio) HwBinder:2380_1 expire 15 lines
05-01 18:12:55.007  2380  2921 I chatty  : uid=1001(radio) Binder:2380_10 expire 38 lines
05-01 18:12:55.202  2380  2687 I chatty  : uid=1001(radio) DcHandlerThread expire 1 line
05-01 18:12:55.203  2380  2794 I chatty  : uid=1001(radio) Binder:2380_8 expire 3 lines
--------- beginning of events
05-01 18:12:56.350  3111  3111 I sysui_multi_action: [757,804,799,time_since_factory_reset,801,1426,802,1]
05-01 18:12:56.350  3111  3111 I sysui_multi_action: [757,804,799,factory_reset_record_value,801,1588344550,802,1]
05-01 18:12:56.350  3111  3111 I sysui_multi_action: [757,804,799,build_date,801,1587835316,802,1]
05-01 18:12:56.350  3111  3111 I sysui_multi_action: [757,804,799,system_boot_reason,801,1,802,1]
05-01 18:12:56.350  3111  3111 I sysui_multi_action: [757,804,799,ro.boottime.init,801,1236,802,1]
05-01 18:12:56.350  3111  3111 I sysui_multi_action: [757,804,799,factory_reset_boot_complete_no_encryption,801,62,802,1]
05-01 18:12:56.350  3111  3111 I sysui_multi_action: [757,804,799,absolute_boot_time,801,18,802,1]
05-01 18:12:56.350  3111  3111 I sysui_multi_action: [757,804,799,last_boot_time_utc,801,1588345976,802,1]
05-01 18:12:56.350  3111  3111 I sysui_multi_action: [757,804,799,boot_reason,801,0,802,1]
05-01 18:12:56.350  3111  3111 I sysui_multi_action: [757,804,799,factory_reset_current_time,801,1588345976,802,1]
05-01 18:12:56.350  3111  3111 I sysui_multi_action: [757,804,799,boot_complete,801,18,802,1]
05-01 18:12:56.350  3111  3111 I sysui_multi_action: [757,804,799,boot_complete_no_encryption,801,18,802,1]
05-01 18:12:56.350  3111  3111 I sysui_multi_action: [757,804,799,factory_reset,801,1588344550,802,1]
05-01 18:12:56.350  3111  3111 I sysui_multi_action: [757,804,799,boottime.bootloader.total,801,0,802,1]
05-01 18:12:56.350  3111  3111 I sysui_multi_action: [757,804,799,ro.boottime.init.selinux,801,611,802,1]
05-01 18:12:56.350  3111  3111 I sysui_multi_action: [757,804,799,factory_reset_boot_complete,801,62,802,1]
05-01 18:12:56.368  2380  2768 I chatty  : uid=1001(radio) NetworkService expire 6 lines
05-01 18:12:56.368  2380  2380 I chatty  : uid=1001(radio) com.android.phone expire 45 lines
05-01 18:12:56.376  2380  2797 I chatty  : uid=1001(radio) CellularNetwork expire 4 lines
05-01 18:12:56.386  1352  1957 E PHONE   : ServiceState.getRadioTechnology() DEPRECATED will be removed *******
05-01 18:12:56.390  1352  2478 D TelephonyRegistry: notifyCellLocationForSubscriber: subId=2 cellLocation=Bundle[mParcelledData.dataSize=64]
05-01 18:12:56.398  1352  1957 I am_uid_active: 10195
05-01 18:12:56.426  1352  2478 I am_uid_running: 10221
05-01 18:12:56.436  1352  1385 I am_proc_start: [0,3145,10221,com.google.android.marvin.talkback,broadcast,{com.google.android.marvin.talkback/com.google.android.accessibility.talkback.BootReceiver}]
05-01 18:12:56.439  1352  2478 I am_proc_bound: [0,3145,com.google.android.marvin.talkback]
05-01 18:12:56.458  1352  2478 I am_mem_factor: [2,3]
05-01 18:12:56.466  1352  2478 D TelephonyRegistry: listen ooscl: hasNotifyOpptSubInfoChangedOccurred==false no callback
05-01 18:12:56.467  1352  2916 I am_uid_running: 10200
05-01 18:12:56.478  1352  1385 I am_proc_start: [0,3169,10200,com.google.android.deskclock,broadcast,{com.google.android.deskclock/com.android.deskclock.AlarmInitReceiver}]
05-01 18:12:56.482  1352  2916 I am_proc_bound: [0,3169,com.google.android.deskclock]
05-01 18:12:56.528  1352  1650 I commit_sys_config_file: [settings-1-0,6]
05-01 18:12:56.537  2331  2331 I chatty  : uid=1001(radio) com.qualcomm.qti.telephonyservice expire 8 lines
05-01 18:12:56.564  1352  1957 E PHONE   : ServiceState.getRadioTechnology() DEPRECATED will be removed *******
05-01 18:12:56.586  2380  2380 I chatty  : uid=1001(radio) com.android.phone expire 55 lines
05-01 18:12:56.594  1352  1943 E PHONE   : ServiceState.getRadioTechnology() DEPRECATED will be removed *******
05-01 18:12:56.596  2380  2687 I chatty  : uid=1001(radio) DcHandlerThread expire 4 lines
05-01 18:12:56.599  2380  2921 I chatty  : uid=1001(radio) Binder:2380_10 expire 4 lines
05-01 18:12:56.599  1352  1957 D TelephonyRegistry: notifyCellLocationForSubscriber: subId=2 cellLocation=Bundle[mParcelledData.dataSize=64]
05-01 18:12:56.600  2380  2917 I chatty  : uid=1001(radio) Binder:2380_E expire 2 lines
05-01 18:12:56.608  1352  1946 I netstats_mobile_sample: [4608,17,2135,19,4608,17,2135,19,4608,17,2135,19,1588345977226]
05-01 18:12:56.608  1352  1946 I netstats_wifi_sample: [0,0,0,0,0,0,0,0,0,0,0,0,1588345977226]
05-01 18:12:56.767  1352  1383 I am_meminfo: [3131428864,2051100672,0,258121728,705787904]
05-01 18:12:56.773  1352  1383 I am_pss  : [2427,1000,com.android.settings,30140416,23158784,0,130981888,2,15,5]
05-01 18:12:56.778  1352  1383 I am_pss  : [2861,10169,com.google.android.dialer,17735680,11362304,0,117243904,2,20,5]
05-01 18:12:56.786  1352  1383 I am_pss  : [2719,10130,com.android.cellbroadcastreceiver,24976384,20754432,0,111378432,2,20,5]
05-01 18:12:56.790  1352  1383 I am_pss  : [2977,10122,android.process.acore,9409536,5693440,0,90972160,2,16,3]
05-01 18:12:56.798  1352  1383 I am_pss  : [2940,10195,com.google.android.gms,72610816,48967680,0,188833792,2,11,6]
05-01 18:12:56.803  1352  1383 I am_pss  : [2612,1001,com.qualcomm.qcrilmsgtunnel,8153088,3768320,0,99610624,2,7,4]
05-01 18:12:56.808  1352  1383 I am_pss  : [2516,10128,com.google.android.ext.services,7929856,3727360,0,93413376,2,6,4]
05-01 18:12:56.816  1352  1383 I am_pss  : [2553,10216,com.google.android.inputmethod.latin,61760512,54960128,0,164868096,2,8,5]
05-01 18:12:56.821  1352  1383 I am_pss  : [2434,10181,com.android.launcher3,12874752,6270976,0,100192256,2,6,4]
05-01 18:12:56.829  1352  1383 I am_pss  : [2380,1001,com.android.phone,48731136,38039552,0,164478976,2,1,7]
05-01 18:12:56.834  1352  1383 I am_pss  : [2357,1000,com.android.screenshot,8047616,3919872,0,96907264,2,0,5]
05-01 18:12:56.839  1352  1383 I am_pss  : [2331,1001,com.qualcomm.qti.telephonyservice,8306688,4042752,0,97820672,2,0,4]
05-01 18:12:56.844  1352  1383 I am_pss  : [2309,1001,.qtidataservices,9654272,5160960,0,102830080,2,0,4]
05-01 18:12:56.849  1352  1383 I am_pss  : [2253,1001,.dataservices,8061952,3772416,0,98463744,2,0,4]
05-01 18:12:56.859  1352  1383 I am_pss  : [2164,10180,com.android.systemui,137881600,111558656,0,273891328,2,1,9]
05-01 18:12:56.872  1352  1383 I am_pss  : [1352,1000,system,201105408,126124032,0,445526016,2,0,12]
05-01 18:12:57.105  2802  3241 I c2dm    : [-2,,1,1]
05-01 18:12:57.185  2380  2468 I chatty  : uid=1001(radio) HwBinder:2380_1 expire 10 lines
05-01 18:12:57.194  1226  1278 I chatty  : uid=1001(radio) DispatcherModul expire 1 line
05-01 18:12:57.196  2380  2768 I chatty  : uid=1001(radio) NetworkService expire 3 lines
05-01 18:12:57.213  2380  2795 I chatty  : uid=1001(radio) CellularNetwork expire 2 lines
05-01 18:12:57.217  2380  2380 I service_manager_stats: [5663,915,5100]
05-01 18:12:57.231  1352  2478 E PHONE   : ServiceState.getRadioTechnology() DEPRECATED will be removed *******
05-01 18:12:57.232  1352  1957 D TelephonyRegistry: notifyCellLocationForSubscriber: subId=1 cellLocation=Bundle[mParcelledData.dataSize=64]
05-01 18:12:57.241  2380  2794 I chatty  : uid=1001(radio) Binder:2380_8 expire 3 lines
05-01 18:12:57.461  2802  3244 I c2dm    : [3,,1,1]
05-01 18:12:57.466  2802  3244 I gtalk_heartbeat_reset: [1680,66.102.1.188:5228]
05-01 18:12:57.469  2802  3244 I gtalk_connection: 0
05-01 18:12:57.475  2802  3244 I c2dm    : [7,,1,1]
05-01 18:12:59.935  2164  2164 I service_manager_stats: [771,407,7352]
05-01 18:13:01.178  1352  2188 I commit_sys_config_file: [appops,19]
05-01 18:13:03.788  1352  1393 I sysui_multi_action: [757,1696,758,6,759,2]
05-01 18:13:03.950  1352  2478 I am_mem_factor: [1,2]
05-01 18:13:04.533  1352  1393 I sysui_multi_action: [757,1696,758,6,759,3]
05-01 18:13:04.604  2164  2164 I sysui_multi_action: [757,188,758,4,826,0,827,0]
05-01 18:13:04.604  2164  2164 I sysui_lockscreen_gesture: [3,0,0]
05-01 18:13:06.065  2164  2164 I sysui_multi_action: [757,186,758,4,826,228,827,465]
05-01 18:13:06.066  2164  2164 I sysui_lockscreen_gesture: [1,228,465]
05-01 18:13:06.372  2164  2164 I sysui_multi_action: [757,197,758,1,759,1]
05-01 18:13:06.372  2164  2164 I sysui_status_bar_state: [1,1,0,1,1,0]
05-01 18:13:06.387  1352  2474 I sysui_multi_action: [757,128,758,2,793,13164,794,12520,795,13164,796,336,798,0,806,com.android.stk,857,mobileServiceMessages,858,3,947,0,1395,1,1500,13061,1688,1,1745,2098068913]
05-01 18:13:06.387  1352  2474 I notification_visibility: [0|com.android.stk|336|null|1001,0,13164,13164,0,0]
05-01 18:13:06.388  1352  2859 I sysui_multi_action: [757,127,758,2]
05-01 18:13:06.388  1352  2859 I notification_panel_hidden: 
05-01 18:13:07.579  1352  1384 I am_wtf  : [0,1352,system_server,-1,AppOps,Operation not started: uid=10216 pkg=com.google.android.inputmethod.latin op=VIBRATE]
05-01 18:13:07.715  1352  1384 I chatty  : uid=1000(system) ActivityManager identical 1 line
05-01 18:13:07.875  1352  1384 I am_wtf  : [0,1352,system_server,-1,AppOps,Operation not started: uid=10216 pkg=com.google.android.inputmethod.latin op=VIBRATE]
05-01 18:13:08.373  1352  2859 I am_finish_activity: [0,235947012,2,com.android.stk/.StkDialogActivity,app-request]
05-01 18:13:08.373  1352  2859 I am_focused_stack: [0,0,0,1,finishActivity adjustFocus]
05-01 18:13:08.374  1352  2859 I wm_task_moved: [1,0,2147483647]
05-01 18:13:08.375  1352  2859 I am_set_resumed_activity: [0,com.android.settings/.FallbackHome,finishActivity adjustFocus]
05-01 18:13:08.375  1352  2859 I am_set_resumed_activity: [0,com.android.settings/.FallbackHome,finishActivity]
05-01 18:13:08.376  1352  2859 I am_destroy_activity: [0,235947012,2,com.android.stk/.StkDialogActivity,finish-imm:finishActivityLocked]
05-01 18:13:08.387  2380  2884 I chatty  : uid=1001(radio) Stk App Service expire 48 lines
05-01 18:13:08.393  1352  1352 I sysui_multi_action: [757,128,758,5,759,8,793,15170,794,14526,795,15170,796,336,806,com.android.stk,857,mobileServiceMessages,858,3,947,0,1500,15067,1688,1,1745,2098068913]
05-01 18:13:08.393  1352  1352 I notification_canceled: [0|com.android.stk|336|null|1001,8,15170,15170,14526,-1,-1,NULL]
05-01 18:13:08.395  1352  1384 I am_wtf  : [0,1352,system_server,-1,AppOps,Operation not started: uid=10216 pkg=com.google.android.inputmethod.latin op=VIBRATE]
05-01 18:13:08.406  2380  2380 I am_on_destroy_called: [0,com.android.stk.StkDialogActivity,performDestroy]
05-01 18:13:08.409  2380  2921 I chatty  : uid=1001(radio) Binder:2380_10 expire 1 line
05-01 18:13:08.411  2380  2380 I chatty  : uid=1001(radio) com.android.phone expire 43 lines
05-01 18:13:08.412  1352  2859 I wm_task_removed: [2,removeAppToken: last token]
05-01 18:13:08.413  1352  2859 I am_remove_task: [2,1]
05-01 18:13:08.418  1352  2859 I wm_task_removed: [2,removeTask]
05-01 18:13:08.422  1352  2859 I wm_stack_removed: 1
05-01 18:13:08.498  2380  2468 I chatty  : uid=1001(radio) HwBinder:2380_1 expire 14 lines
05-01 18:13:08.506  2380  2766 I chatty  : uid=1001(radio) RilMessageDecod expire 1 line
05-01 18:13:08.528  2380  2760 I chatty  : uid=1001(radio) RilMessageDecod expire 1 line
05-01 18:13:08.590  1352  1384 I am_wtf  : [0,1352,system_server,-1,AppOps,Operation not started: uid=10216 pkg=com.google.android.inputmethod.latin op=VIBRATE]
05-01 18:13:09.071  1352  1384 I chatty  : uid=1000(system) ActivityManager identical 3 lines
05-01 18:13:09.190  1352  1384 I am_wtf  : [0,1352,system_server,-1,AppOps,Operation not started: uid=10216 pkg=com.google.android.inputmethod.latin op=VIBRATE]
05-01 18:13:09.436  2331  2331 I chatty  : uid=1001(radio) com.qualcomm.qti.telephonyservice expire 2 lines
05-01 18:13:09.443  2380  2768 I chatty  : uid=1001(radio) NetworkService expire 3 lines
05-01 18:13:09.467  2380  2797 I chatty  : uid=1001(radio) CellularNetwork expire 2 lines
05-01 18:13:09.475  2380  2380 I chatty  : uid=1001(radio) com.android.phone expire 80 lines
05-01 18:13:09.509  1352  2478 E PHONE   : ServiceState.getRadioTechnology() DEPRECATED will be removed *******
05-01 18:13:09.512  2380  2687 I chatty  : uid=1001(radio) DcHandlerThread expire 4 lines
05-01 18:13:09.522  2719  2719 I service_manager_stats: [627,66,14902]
05-01 18:13:09.526  2380  2794 I chatty  : uid=1001(radio) Binder:2380_8 expire 1 line
05-01 18:13:09.528  2380  2921 I chatty  : uid=1001(radio) Binder:2380_10 expire 2 lines
05-01 18:13:09.531  1352  1946 I netstats_mobile_sample: [9887,29,3684,30,9887,29,3684,30,9887,29,3684,30,1588345990149]
05-01 18:13:09.531  1352  1946 I netstats_wifi_sample: [0,0,0,0,0,0,0,0,0,0,0,0,1588345990149]
05-01 18:13:09.695  1352  1384 I am_wtf  : [0,1352,system_server,-1,AppOps,Operation not started: uid=10216 pkg=com.google.android.inputmethod.latin op=VIBRATE]
05-01 18:13:09.874  2164  2164 I sysui_multi_action: [757,197,758,10]
05-01 18:13:09.875  2164  2164 I sysui_multi_action: [757,197,758,5,759,1]
05-01 18:13:09.987  1352  2478 I am_set_resumed_activity: [0,com.android.settings/.FallbackHome,resumeTopActivityInnerLocked]
05-01 18:13:09.988  1352  2478 I am_resume_activity: [0,144593179,1,com.android.settings/.FallbackHome]
05-01 18:13:10.009  2427  2427 I am_on_restart_called: [0,com.android.settings.FallbackHome,performRestartActivity]
05-01 18:13:10.010  2427  2427 I am_on_start_called: [0,com.android.settings.FallbackHome,handleStartActivity]
05-01 18:13:10.010  2427  2427 I am_on_resume_called: [0,com.android.settings.FallbackHome,RESUME_ACTIVITY]
05-01 18:13:10.010  2427  2427 I am_on_top_resumed_gained_called: [0,com.android.settings.FallbackHome,topWhenResuming]
05-01 18:13:10.051  2164  2164 I sysui_multi_action: [757,111,758,2]
05-01 18:13:10.062  2164  2164 I sysui_multi_action: [757,196,758,2,759,1]
05-01 18:13:10.062  2164  2164 I sysui_status_bar_state: [0,0,0,0,1,0]
05-01 18:13:10.070  1352  1377 I user_activity_timeout_override: -1
05-01 18:13:10.211  1352  1374 I am_user_state_changed: [0,2]
05-01 18:13:10.263  1352  1384 I am_uid_running: 10177
05-01 18:13:10.265  1352  1384 I am_user_state_changed: [0,3]
05-01 18:13:10.271  1352  1384 I am_uid_running: 1027
05-01 18:13:10.281  1352  1384 I am_uid_running: 1068
05-01 18:13:10.309  1352  1384 I sysui_multi_action: [757,804,799,framework_boot_completed,801,32,802,1]
05-01 18:13:10.309  1352  1352 I am_uid_running: 10259
05-01 18:13:10.312  1352  1650 I commit_sys_config_file: [settings-2-0,22]
05-01 18:13:10.313  1352  1385 I am_proc_start: [0,3306,10177,com.google.android.googlequicksearchbox:interactor,service,{com.google.android.googlequicksearchbox/com.google.android.voiceinteraction.GsaVoiceInteractionService}]
05-01 18:13:10.316  1352  2183 I am_finish_activity: [0,144593179,1,com.android.settings/.FallbackHome,app-request]
05-01 18:13:10.317  1352  2183 I am_pause_activity: [0,144593179,com.android.settings/.FallbackHome,userLeaving=false]
05-01 18:13:10.318  2427  2427 I am_on_top_resumed_lost_called: [0,com.android.settings.FallbackHome,topStateChangedWhenResumed]
05-01 18:13:10.319  2427  2427 I am_on_paused_called: [0,com.android.settings.FallbackHome,performPause]
05-01 18:13:10.319  1352  2916 I am_uid_running: 10147
05-01 18:13:10.323  1352  1927 I service_manager_stats: [100,34,14042]
05-01 18:13:10.330  2380  3335 I chatty  : uid=1001(radio) com.android.phone expire 2 lines
05-01 18:13:10.330  1352  3340 I wm_task_created: [3,0]
05-01 18:13:10.331  1352  3340 I wm_task_moved: [3,0,2147483647]
05-01 18:13:10.331  1352  3340 I am_create_task: [0,3]
05-01 18:13:10.331  1352  3340 I am_create_activity: [0,248251508,3,com.android.launcher3/com.paranoid.launcher.ParanoidLauncher,android.intent.action.MAIN,NULL,NULL,276824320]
05-01 18:13:10.331  1352  3340 I wm_task_moved: [3,0,2147483647]
05-01 18:13:10.334  1352  3340 I am_restart_activity: [0,248251508,3,com.android.launcher3/com.paranoid.launcher.ParanoidLauncher]
05-01 18:13:10.334  1352  3340 I am_set_resumed_activity: [0,com.android.launcher3/com.paranoid.launcher.ParanoidLauncher,minimalResumeActivityLocked]
05-01 18:13:10.337  1352  1943 I am_proc_bound: [0,3306,com.google.android.googlequicksearchbox:interactor]
05-01 18:13:10.339  1352  1943 I am_uid_active: 10177
05-01 18:13:10.345  1352  1385 I am_proc_start: [0,3354,1000,co.aospa.doze,added application,co.aospa.doze]
05-01 18:13:10.351  1352  3342 I am_uid_running: 10191
05-01 18:13:10.352  1352  1377 I sysui_multi_action: [757,803,799,window_time_0,802,17]
05-01 18:13:10.368  1352  1385 I am_proc_start: [0,3378,1000,co.aospa.camerahelper,added application,co.aospa.camerahelper]
05-01 18:13:10.372  1352  3344 I am_proc_bound: [0,3354,co.aospa.doze]
05-01 18:13:10.392  1352  1385 I am_proc_start: [0,3401,1027,com.android.nfc,added application,com.android.nfc]
05-01 18:13:10.397  1352  1352 I am_uid_running: 10188
05-01 18:13:10.398  1352  2854 I am_proc_bound: [0,3378,co.aospa.camerahelper]
05-01 18:13:10.400  1352  1352 I am_uid_running: 10186
05-01 18:13:10.401  2380  2380 I service_manager_stats: [100,53,13184]
05-01 18:13:10.416  1352  1385 I am_proc_start: [0,3411,1000,.pasr,added application,.pasr]
05-01 18:13:10.436  1352  2854 I am_proc_bound: [0,3401,com.android.nfc]
05-01 18:13:10.440  1352  2854 I am_uid_active: 1027
05-01 18:13:10.440  1352  1368 I am_proc_bound: [0,3411,.pasr]
05-01 18:13:10.446  1352  1385 I am_proc_start: [0,3448,1068,com.android.se,added application,com.android.se]
05-01 18:13:10.463  1352  1368 I am_proc_bound: [0,3448,com.android.se]
05-01 18:13:10.464  1352  1368 I am_uid_active: 1068
05-01 18:13:10.467  1352  1385 I am_proc_start: [0,3474,1000,com.qualcomm.qti.workloadclassifier,added application,com.qualcomm.qti.workloadclassifier]
05-01 18:13:10.485  1352  1385 I am_proc_start: [0,3494,10259,com.google.android.projection.gearhead:shared,service,{com.google.android.projection.gearhead/com.google.android.apps.auto.components.app.fzero.LauncherIconStateVerificationService}]
05-01 18:13:10.486  1352  1369 I am_proc_bound: [0,3474,com.qualcomm.qti.workloadclassifier]
05-01 18:13:10.495  1352  1368 I am_proc_bound: [0,3494,com.google.android.projection.gearhead:shared]
05-01 18:13:10.506  1352  1385 I am_proc_start: [0,3517,10195,com.google.process.gservices,content provider,{com.google.android.gsf/com.google.android.gsf.gservices.GservicesProvider}]
05-01 18:13:10.516  1352  1369 I am_proc_bound: [0,3517,com.google.process.gservices]
05-01 18:13:10.517  1352  1385 I am_proc_start: [0,3538,10147,com.android.smspush,service,{com.android.smspush/com.android.smspush.WapPushManager}]
05-01 18:13:10.528  1352  1385 I am_proc_start: [0,3552,10191,com.android.vending,content provider,{com.android.vending/com.google.android.finsky.addtohomescreen.AddToHomeScreenSettingProvider}]
05-01 18:13:10.532  1352  1369 I am_proc_bound: [0,3538,com.android.smspush]
05-01 18:13:10.533  1352  1369 I am_uid_active: 10147
05-01 18:13:10.541  1352  1369 I am_proc_bound: [0,3552,com.android.vending]
05-01 18:13:10.542  1352  1369 I am_uid_active: 10191
05-01 18:13:10.545  1352  1385 I am_proc_start: [0,3579,10188,com.google.android.as,service,{com.google.android.as/com.google.android.apps.miphone.aiai.common.notification.service.AiAiNotificationListenerService}]
05-01 18:13:10.559  1352  1385 I am_proc_start: [0,3598,10186,co.aospa.facesense,service,{co.aospa.facesense/co.aospa.facesense.SenseService}]
05-01 18:13:10.561  3401  3401 I service_manager_slow: [12,bluetooth_manager]
05-01 18:13:10.564  1352  1369 I am_proc_bound: [0,3579,com.google.android.as]
05-01 18:13:10.565  1352  1369 I am_uid_active: 10188
05-01 18:13:10.574  1352  1368 I am_proc_bound: [0,3598,co.aospa.facesense]
05-01 18:13:10.575  1352  1368 I am_uid_active: 10186
05-01 18:13:10.601  1352  1650 I commit_sys_config_file: [settings-2-0,10]
05-01 18:13:10.610  1352  1650 I commit_sys_config_file: [settings-0-0,9]
05-01 18:13:10.670  2434  2434 I am_on_create_called: [0,com.paranoid.launcher.ParanoidLauncher,performCreate]
05-01 18:13:10.675  2434  2434 I am_on_start_called: [0,com.paranoid.launcher.ParanoidLauncher,handleStartActivity]
05-01 18:13:10.676  2434  2434 I am_on_resume_called: [0,com.paranoid.launcher.ParanoidLauncher,RESUME_ACTIVITY]
05-01 18:13:10.681  1352  1385 I am_proc_start: [0,3647,10177,com.google.android.googlequicksearchbox:search,service,{com.google.android.googlequicksearchbox/com.google.android.apps.gsa.nowoverlayservice.DrawerOverlayService}]
05-01 18:13:10.682  2434  2434 I am_on_top_resumed_gained_called: [0,com.paranoid.launcher.ParanoidLauncher,topStateChangedWhenResumed]
05-01 18:13:10.707  1352  2854 I am_proc_bound: [0,3647,com.google.android.googlequicksearchbox:search]
05-01 18:13:10.747  1352  1383 I am_uid_running: 10158
05-01 18:13:10.773  1352  3355 I am_destroy_activity: [0,144593179,1,com.android.settings/.FallbackHome,finish-idle]
05-01 18:13:10.774  2427  2427 I am_on_stop_called: [0,com.android.settings.FallbackHome,LIFECYCLER_STOP_ACTIVITY]
05-01 18:13:10.775  2427  2427 I am_on_destroy_called: [0,com.android.settings.FallbackHome,performDestroy]
05-01 18:13:10.778  1352  3355 I am_remove_task: [1,0]
05-01 18:13:10.800  1352  1385 I am_proc_start: [0,3706,10158,com.android.printspooler,service,{com.android.printspooler/com.android.printspooler.model.PrintSpoolerService}]
05-01 18:13:10.819  2380  2754 I chatty  : uid=1001(radio) Binder:2380_7 expire 5 lines
05-01 18:13:10.862  1352  1943 I am_proc_bound: [0,3706,com.android.printspooler]
05-01 18:13:10.866  1352  1943 I am_uid_active: 10158
05-01 18:13:10.884  1352  2162 I sync    : [com.google.android.gms.games,0,0,1901271852]
05-01 18:13:10.906  1352  2162 I service_manager_slow: [20,netstats]
05-01 18:13:10.909  1352  2162 I sync    : [com.google.android.gms.games.background,0,0,1901271852]
05-01 18:13:10.918  1352  2162 I sync    : [com.google.android.gms.drive.sync,0,0,1901271852]
05-01 18:13:10.955  1352  1385 I am_proc_start: [0,3766,10195,com.google.android.play.games.ui,content provider,{com.google.android.gms/com.google.android.gms.games.provider.NotificationStubContentProvider}]
05-01 18:13:10.989  1352  2162 I sync    : [com.google.android.gms.games.background,1,0,1901271852]
05-01 18:13:11.004  1352  3344 I am_proc_bound: [0,3766,com.google.android.play.games.ui]
