02-23 00:55:36.363   984  1441 D VoldConnector: SND -> {3 volume reset}
02-23 00:55:36.363   984  1044 I ActivityManager: Force stopping com.android.providers.media appid=10021 user=-1: vold reset
02-23 00:55:36.363   984   984 D UsbAlsaManager: Adding ALSA device AlsaDevice: [card: 0, device: 48, type: 2]
02-23 00:55:36.363   984   984 D UsbAlsaManager: Adding ALSA device AlsaDevice: [card: 0, device: 47, type: 1]
02-23 00:55:36.363   984   984 D UsbAlsaManager: Adding ALSA device AlsaDevice: [card: 0, device: 46, type: 2]
02-23 00:55:36.364   984  1445 D VoldConnector: RCV <- {651 emulated 7}
02-23 00:55:36.364   984  1445 D VoldConnector: RCV <- {659 emulated}
02-23 00:55:36.365   489  1662 D audio_hw_primary: adev_set_parameters: enter: BT_SCO=off
02-23 00:55:36.365   489  1662 D audio_hw_extn: audio_extn_set_anc_parameters: anc_enabled:0
02-23 00:55:36.363   984   984 D UsbAlsaManager: Adding ALSA device AlsaDevice: [card: 0, device: 45, type: 2]
02-23 00:55:36.365   984  1445 D VoldConnector: RCV <- {650 emulated 2 "" ""}
02-23 00:55:36.365   984   984 D UsbAlsaManager: Adding ALSA device AlsaDevice: [card: 0, device: 44, type: 1]
02-23 00:55:36.365   984   984 D UsbAlsaManager: Adding ALSA device AlsaDevice: [card: 0, device: 43, type: 2]
02-23 00:55:36.365   984   984 D UsbAlsaManager: Adding ALSA device AlsaDevice: [card: 0, device: 42, type: 2]
02-23 00:55:36.365   984   984 D UsbAlsaManager: Adding ALSA device AlsaDevice: [card: 0, device: 41, type: 2]
02-23 00:55:36.365   984   984 D UsbAlsaManager: Adding ALSA device AlsaDevice: [card: 0, device: 41, type: 1]
02-23 00:55:36.365   984   984 D UsbAlsaManager: Adding ALSA device AlsaDevice: [card: 0, device: 40, type: 2]
02-23 00:55:36.365   984   984 D UsbAlsaManager: Adding ALSA device AlsaDevice: [card: 0, device: 40, type: 1]
02-23 00:55:36.365   984   984 D UsbAlsaManager: Adding ALSA device AlsaDevice: [card: 0, device: 33, type: 2]
02-23 00:55:36.365   984   984 D UsbAlsaManager: Adding ALSA device AlsaDevice: [card: 0, device: 33, type: 1]
02-23 00:55:36.365   984   984 D UsbAlsaManager: Adding ALSA device AlsaDevice: [card: 0, device: 32, type: 2]
02-23 00:55:36.365   984   984 D UsbAlsaManager: Adding ALSA device AlsaDevice: [card: 0, device: 32, type: 1]
02-23 00:55:36.365   984   984 D UsbAlsaManager: Adding ALSA device AlsaDevice: [card: 0, device: 31, type: 2]
02-23 00:55:36.365   984   984 D UsbAlsaManager: Adding ALSA device AlsaDevice: [card: 0, device: 30, type: 2]
02-23 00:55:36.365   984   984 D UsbAlsaManager: Adding ALSA device AlsaDevice: [card: 0, device: 29, type: 2]
02-23 00:55:36.365   984   984 D UsbAlsaManager: Adding ALSA device AlsaDevice: [card: 0, device: 28, type: 2]
02-23 00:55:36.365   984   984 D UsbAlsaManager: Adding ALSA device AlsaDevice: [card: 0, device: 27, type: 2]
02-23 00:55:36.365   984   984 D UsbAlsaManager: Adding ALSA device AlsaDevice: [card: 0, device: 26, type: 2]
02-23 00:55:36.365   984   984 D UsbAlsaManager: Adding ALSA device AlsaDevice: [card: 0, device: 25, type: 2]
02-23 00:55:36.365   984   984 D UsbAlsaManager: Adding ALSA device AlsaDevice: [card: 0, device: 24, type: 2]
02-23 00:55:36.365   984   984 D UsbAlsaManager: Adding ALSA device AlsaDevice: [card: 0, device: 24, type: 1]
02-23 00:55:36.365   984   984 D UsbAlsaManager: Adding ALSA device AlsaDevice: [card: 0, device: 23, type: 2]
02-23 00:55:36.365   984   984 D UsbAlsaManager: Adding ALSA device AlsaDevice: [card: 0, device: 23, type: 1]
02-23 00:55:36.365   984   984 D UsbAlsaManager: Adding ALSA device AlsaDevice: [card: 0, device: 22, type: 2]
02-23 00:55:36.365   984   984 D UsbAlsaManager: Adding ALSA device AlsaDevice: [card: 0, device: 22, type: 1]
02-23 00:55:36.365   984   984 D UsbAlsaManager: Adding ALSA device AlsaDevice: [card: 0, device: 21, type: 1]
02-23 00:55:36.365   984   984 D UsbAlsaManager: Adding ALSA device AlsaDevice: [card: 0, device: 20, type: 2]
02-23 00:55:36.365   984   984 D UsbAlsaManager: Adding ALSA device AlsaDevice: [card: 0, device: 20, type: 1]
02-23 00:55:36.365   984   984 D UsbAlsaManager: Adding ALSA device AlsaDevice: [card: 0, device: 19, type: 2]
02-23 00:55:36.365   984   984 D UsbAlsaManager: Adding ALSA device AlsaDevice: [card: 0, device: 19, type: 1]
02-23 00:55:36.365   984   984 D UsbAlsaManager: Adding ALSA device AlsaDevice: [card: 0, device: 16, type: 2]
02-23 00:55:36.365   984   984 D UsbAlsaManager: Adding ALSA device AlsaDevice: [card: 0, device: 15, type: 2]
02-23 00:55:36.365   984   984 D UsbAlsaManager: Adding ALSA device AlsaDevice: [card: 0, device: 15, type: 1]
02-23 00:55:36.365   984  1445 D VoldConnector: RCV <- {651 emulated 0}
02-23 00:55:36.365   984   984 D UsbAlsaManager: Adding ALSA device AlsaDevice: [card: 0, device: 14, type: 2]
02-23 00:55:36.365   984   984 D UsbAlsaManager: Adding ALSA device AlsaDevice: [card: 0, device: 14, type: 1]
02-23 00:55:36.365   984   984 D UsbAlsaManager: Adding ALSA device AlsaDevice: [card: 0, device: 13, type: 2]
02-23 00:55:36.366   984   984 D UsbAlsaManager: Adding ALSA device AlsaDevice: [card: 0, device: 13, type: 1]
02-23 00:55:36.366   984   984 D UsbAlsaManager: Adding ALSA device AlsaDevice: [card: 0, device: 12, type: 2]
02-23 00:55:36.366   984   984 D UsbAlsaManager: Adding ALSA device AlsaDevice: [card: 0, device: 12, type: 1]
02-23 00:55:36.366   984   984 D UsbAlsaManager: Adding ALSA device AlsaDevice: [card: 0, device: 11, type: 2]
02-23 00:55:36.366   984   984 D UsbAlsaManager: Adding ALSA device AlsaDevice: [card: 0, device: 11, type: 1]
02-23 00:55:36.366   984   984 D UsbAlsaManager: Adding ALSA device AlsaDevice: [card: 0, device: 10, type: 2]
02-23 00:55:36.366   984   984 D UsbAlsaManager: Adding ALSA device AlsaDevice: [card: 0, device: 10, type: 1]
02-23 00:55:36.366   984   984 D UsbAlsaManager: Adding ALSA device AlsaDevice: [card: 0, device: 8, type: 2]
02-23 00:55:36.366   984   984 D UsbAlsaManager: Adding ALSA device AlsaDevice: [card: 0, device: 7, type: 1]
02-23 00:55:36.366   984   984 D UsbAlsaManager: Adding ALSA device AlsaDevice: [card: 0, device: 6, type: 2]
02-23 00:55:36.366   984   984 D UsbAlsaManager: Adding ALSA device AlsaDevice: [card: 0, device: 5, type: 2]
02-23 00:55:36.366   984   984 D UsbAlsaManager: Adding ALSA device AlsaDevice: [card: 0, device: 5, type: 1]
02-23 00:55:36.366   984   984 D UsbAlsaManager: Adding ALSA device AlsaDevice: [card: 0, device: 4, type: 2]
02-23 00:55:36.366   984   984 D UsbAlsaManager: Adding ALSA device AlsaDevice: [card: 0, device: 4, type: 1]
02-23 00:55:36.366   984   984 D UsbAlsaManager: Adding ALSA device AlsaDevice: [card: 0, device: 3, type: 2]
02-23 00:55:36.366   984   984 D UsbAlsaManager: Adding ALSA device AlsaDevice: [card: 0, device: 3, type: 1]
02-23 00:55:36.366   984   984 D UsbAlsaManager: Adding ALSA device AlsaDevice: [card: 0, device: 2, type: 2]
02-23 00:55:36.366   984   984 D UsbAlsaManager: Adding ALSA device AlsaDevice: [card: 0, device: 2, type: 1]
02-23 00:55:36.366   984   984 D UsbAlsaManager: Adding ALSA device AlsaDevice: [card: 0, device: 1, type: 2]
02-23 00:55:36.366   984   984 D UsbAlsaManager: Adding ALSA device AlsaDevice: [card: 0, device: 1, type: 1]
02-23 00:55:36.366   984  1445 D VoldConnector: RCV <- {200 3 Command succeeded}
02-23 00:55:36.366   984   984 D UsbAlsaManager: Adding ALSA device AlsaDevice: [card: 0, device: 0, type: 2]
02-23 00:55:36.366   984   984 D UsbAlsaManager: Adding ALSA device AlsaDevice: [card: 0, device: 0, type: 1]
02-23 00:55:36.366   984  1060 V StorageManagerService: Found primary storage at VolumeInfo{emulated}:
02-23 00:55:36.366   984  1060 V StorageManagerService:     type=EMULATED diskId=null partGuid=null mountFlags=0 mountUserId=-1 
02-23 00:55:36.366   984  1060 V StorageManagerService:     state=UNMOUNTED 
02-23 00:55:36.366   984  1060 V StorageManagerService:     fsType=null fsUuid=null fsLabel=null 
02-23 00:55:36.366   984  1060 V StorageManagerService:     path=null internalPath=null 
02-23 00:55:36.367   984  1441 D VoldConnector: SND -> {4 volume user_added 0 0}
02-23 00:55:36.367   984  1636 D BluetoothManagerService: Trying to bind to profile: 1, while Bluetooth was disabled
02-23 00:55:36.368   984  1445 D VoldConnector: RCV <- {200 4 Command succeeded}
02-23 00:55:36.368   627  1670 I AudioFlinger: systemReady
02-23 00:55:36.370   984  1441 D VoldConnector: SND -> {5 volume mount emulated 3 -1}
02-23 00:55:36.373   457   461 V vold    : Waiting for FUSE to spin up...
02-23 00:55:36.373   984  1445 D VoldConnector: RCV <- {651 emulated 1}
02-23 00:55:36.373   984  1445 D VoldConnector: RCV <- {656 emulated /data/media}
02-23 00:55:36.373   984  1445 D VoldConnector: RCV <- {655 emulated /storage/emulated}
02-23 00:55:36.374   984   984 W PocketService: Un-handled boot phase:550
02-23 00:55:36.375   984   984 D SystemServerTiming: StartActivityManagerReadyPhase took to complete: 177ms
02-23 00:55:36.375   984   984 I SystemServer: StartObservingNativeCrashes
02-23 00:55:36.379   984   984 D SystemServerTiming: StartObservingNativeCrashes took to complete: 5ms
02-23 00:55:36.379   984   984 I SystemServer: StartSystemUI
02-23 00:55:36.380   984  1041 D SystemServerInitThreadPool: Started executing WebViewFactoryPreparation
02-23 00:55:36.380   984  1041 I SystemServer: WebViewFactoryPreparation
02-23 00:55:36.380   984  1060 W TelecomManager: Telecom Service not found.
02-23 00:55:36.380   984  1060 D UsbDeviceManager: push notification:     USB
02-23 00:55:36.384  1831  1831 W /system/bin/sdcard: Device explicitly enabled sdcardfs
02-23 00:55:36.387   984  1826 V NuMediaExtractor: setDataSource fd=189 (/system/media/audio/ui/Effect_Tick.ogg), offset=0, length=4804
02-23 00:55:36.394   984  1041 D WebViewLibraryLoader: Setting new address space to 114925168
02-23 00:55:36.394   984   984 I ActivityManager: Start proc 1837:com.android.systemui/u0a39 for service com.android.systemui/.SystemUIService
02-23 00:55:36.397   984  1826 V NuMediaExtractor: track of type 'audio/vorbis' does not publish bitrate
02-23 00:55:36.397   984  1060 W TelecomManager: Telecom Service not found.
02-23 00:55:36.400   984   984 D SystemServerTiming: StartSystemUI took to complete: 20ms
02-23 00:55:36.400   984   984 I SystemServer: MakeNetworkScoreReady
02-23 00:55:36.400   984   984 D SystemServerTiming: MakeNetworkScoreReady took to complete: 1ms
02-23 00:55:36.400   984   984 I SystemServer: MakeNetworkManagementServiceReady
02-23 00:55:36.400   984   984 D NetworkManagement: enabling bandwidth control
02-23 00:55:36.407   692   954 I OMXClient: Treble IOmx obtained
02-23 00:55:36.407   738   842 I OMXMaster: makeComponentInstance(OMX.google.aac.decoder) in omx@1.0-service process
02-23 00:55:36.418   984   984 W NetworkManagement: setDataSaverMode(): already false
02-23 00:55:36.419   692   954 I OMXClient: Treble IOmx obtained
02-23 00:55:36.419   738   842 I OMXMaster: makeComponentInstance(OMX.google.amrnb.decoder) in omx@1.0-service process
02-23 00:55:36.420   984   984 D SystemServerTiming: MakeNetworkManagementServiceReady took to complete: 19ms
02-23 00:55:36.420   984   984 I SystemServer: MakeNetworkStatsServiceReady
02-23 00:55:36.423   984  1445 D VoldConnector: RCV <- {651 emulated 2}
02-23 00:55:36.424   984  1445 D VoldConnector: RCV <- {200 5 Command succeeded}
02-23 00:55:36.433   692   954 I OMXClient: Treble IOmx obtained
02-23 00:55:36.433   738   842 I OMXMaster: makeComponentInstance(OMX.google.amrwb.decoder) in omx@1.0-service process
02-23 00:55:36.440   692   954 I OMXClient: Treble IOmx obtained
02-23 00:55:36.440   738   842 I OMXMaster: makeComponentInstance(OMX.google.flac.decoder) in omx@1.0-service process
02-23 00:55:36.447   692   954 I OMXClient: Treble IOmx obtained
02-23 00:55:36.447   738  1859 I OMXMaster: makeComponentInstance(OMX.google.g711.alaw.decoder) in omx@1.0-service process
02-23 00:55:36.454   692   954 I OMXClient: Treble IOmx obtained
02-23 00:55:36.454   738  1859 I OMXMaster: makeComponentInstance(OMX.google.g711.mlaw.decoder) in omx@1.0-service process
02-23 00:55:36.456   692   954 I OMXClient: Treble IOmx obtained
02-23 00:55:36.457   738  1859 I OMXMaster: makeComponentInstance(OMX.google.gsm.decoder) in omx@1.0-service process
02-23 00:55:36.459  1815  1815 I MultiDex: VM with version 2.1.0 has multidex support
02-23 00:55:36.459   984  1541 D NetworkPolicy: setRestrictBackgroundUL(): false
02-23 00:55:36.459  1815  1815 I MultiDex: install
02-23 00:55:36.459  1815  1815 I MultiDex: VM has multidex support, MultiDex support library is disabled.
02-23 00:55:36.462   984  1541 W NetworkManagement: setDataSaverMode(): already false
02-23 00:55:36.465   692   954 I OMXClient: Treble IOmx obtained
02-23 00:55:36.465   738  1859 I OMXMaster: makeComponentInstance(OMX.google.mp3.decoder) in omx@1.0-service process
02-23 00:55:36.467   984  1041 W ActivityManager: Slow operation: 67ms so far, now at startProcess: returned from zygote!
02-23 00:55:36.468   984  1041 W ActivityManager: Slow operation: 67ms so far, now at startProcess: done updating battery stats
02-23 00:55:36.468   984  1041 W ActivityManager: Slow operation: 67ms so far, now at startProcess: building log message
02-23 00:55:36.468   984  1041 I ActivityManager: Start proc 1872:WebViewLoader-armeabi-v7a/1037 [android.webkit.WebViewLibraryLoader$RelroFileCreator] for 
02-23 00:55:36.468   984  1041 W ActivityManager: Slow operation: 67ms so far, now at startProcess: starting to update pids map
02-23 00:55:36.468   984  1041 W ActivityManager: Slow operation: 67ms so far, now at startProcess: done updating pids map
02-23 00:55:36.468   984  1041 W ActivityManager: Slow operation: 67ms so far, now at startProcess: done starting proc!
02-23 00:55:36.474   692   954 I OMXClient: Treble IOmx obtained
02-23 00:55:36.475   738   836 I OMXMaster: makeComponentInstance(OMX.google.opus.decoder) in omx@1.0-service process
02-23 00:55:36.483   984   984 D SystemServerTiming: MakeNetworkStatsServiceReady took to complete: 62ms
02-23 00:55:36.483   984   984 I SystemServer: MakeConnectivityServiceReady
02-23 00:55:36.485   984   984 D PermissionMonitor: Monitoring
02-23 00:55:36.486   984  1801 D Ethernet: got request NetworkRequest [ BACKGROUND_REQUEST id=2, [ Transports: CELLULAR Capabilities: INTERNET&NOT_RESTRICTED&TRUSTED&NOT_VPN] ] with score 0
02-23 00:55:36.491   984  1041 I ActivityManager: Start proc 1893:WebViewLoader-arm64-v8a/1037 [android.webkit.WebViewLibraryLoader$RelroFileCreator] for 
02-23 00:55:36.492   692   954 I OMXClient: Treble IOmx obtained
02-23 00:55:36.492   738   836 I OMXMaster: makeComponentInstance(OMX.google.raw.decoder) in omx@1.0-service process
02-23 00:55:36.492  1872  1872 V WebViewLibraryLoader: RelroFileCreator (64bit = false),  32-bit lib: /data/app/com.android.chrome-UKZwXNyEogbwLoiNl3Bwvg==/base.apk!/lib/armeabi-v7a/libmonochrome.so, 64-bit lib: /data/app/com.android.chrome-UKZwXNyEogbwLoiNl3Bwvg==/base.apk!/lib/arm64-v8a/libmonochrome.so
02-23 00:55:36.496   984  1041 D SystemServerTimingAsync: WebViewFactoryPreparation took to complete: 116ms
02-23 00:55:36.496   984  1041 D SystemServerInitThreadPool: Finished executing WebViewFactoryPreparation
02-23 00:55:36.497   692   954 I OMXClient: Treble IOmx obtained
02-23 00:55:36.497   738   836 I OMXMaster: makeComponentInstance(OMX.google.vorbis.decoder) in omx@1.0-service process
02-23 00:55:36.502   692   954 I OMXClient: Treble IOmx obtained
02-23 00:55:36.503   738  1880 I OMXMaster: makeComponentInstance(OMX.google.aac.encoder) in omx@1.0-service process
02-23 00:55:36.506   984   984 D PermissionMonitor: Users: 1, Apps: 97
02-23 00:55:36.513   692   954 I OMXClient: Treble IOmx obtained
02-23 00:55:36.513   738   836 I OMXMaster: makeComponentInstance(OMX.google.amrnb.encoder) in omx@1.0-service process
02-23 00:55:36.519   692   954 I OMXClient: Treble IOmx obtained
02-23 00:55:36.519   738   836 I OMXMaster: makeComponentInstance(OMX.google.amrwb.encoder) in omx@1.0-service process
02-23 00:55:36.528   692   954 I OMXClient: Treble IOmx obtained
02-23 00:55:36.528   738  1880 I OMXMaster: makeComponentInstance(OMX.google.flac.encoder) in omx@1.0-service process
02-23 00:55:36.528   984   984 D SystemServerTiming: MakeConnectivityServiceReady took to complete: 45ms
02-23 00:55:36.529   984   984 I SystemServer: MakeNetworkPolicyServiceReady
02-23 00:55:36.530  1893  1893 V WebViewLibraryLoader: RelroFileCreator (64bit = true),  32-bit lib: /data/app/com.android.chrome-UKZwXNyEogbwLoiNl3Bwvg==/base.apk!/lib/armeabi-v7a/libmonochrome.so, 64-bit lib: /data/app/com.android.chrome-UKZwXNyEogbwLoiNl3Bwvg==/base.apk!/lib/arm64-v8a/libmonochrome.so
02-23 00:55:36.539   692   954 I OMXClient: Treble IOmx obtained
02-23 00:55:36.539   738  1880 I OMXMaster: makeComponentInstance(OMX.qcom.video.decoder.avc) in omx@1.0-service process
02-23 00:55:36.543  1815  1815 I TransientFileCleaner: Deleting 0 files
02-23 00:55:36.549  1815  1815 I TransientFileCleaner: Deleting 0 files
02-23 00:55:36.553  1815  1815 I LatinApp: onCreate()
02-23 00:55:36.556   984   984 D SystemServerTiming: MakeNetworkPolicyServiceReady took to complete: 27ms
02-23 00:55:36.556   984   984 I SystemServer: StartWatchdog
02-23 00:55:36.557   984   984 D SystemServerTiming: StartWatchdog took to complete: 0ms
02-23 00:55:36.557   984   984 I SystemServer: PhaseThirdPartyAppsCanStart
02-23 00:55:36.557   984   984 I SystemServiceManager: Starting phase 600
02-23 00:55:36.559   507   507 I light@2.0-servi: type=1400 audit(0.0:87): avc: denied { read write } for name="rgb_blink" dev="sysfs" ino=38389 scontext=u:r:hal_light_default:s0 tcontext=u:object_r:sysfs:s0 tclass=file permissive=1
02-23 00:55:36.559   507   507 I light@2.0-servi: type=1400 audit(0.0:88): avc: denied { open } for path="/sys/devices/soc/leds-qpnp-25/leds/rgb/rgb_blink" dev="sysfs" ino=38389 scontext=u:r:hal_light_default:s0 tcontext=u:object_r:sysfs:s0 tclass=file permissive=1
02-23 00:55:36.564   984   984 V WallpaperManagerService: bindWallpaperComponentLocked: componentName=ComponentInfo{com.android.systemui/com.android.systemui.ImageWallpaper}
02-23 00:55:36.568   738  1880 I OMX-VDEC-1080P: Video slvp perflock acquired
02-23 00:55:36.599   984   984 W PocketService: Un-handled boot phase:600
02-23 00:55:36.601   984   984 D SystemServerTiming: PhaseThirdPartyAppsCanStart took to complete: 45ms
02-23 00:55:36.601   984   984 I SystemServer: MakeLocationServiceReady
02-23 00:55:36.611   984   984 D GnssLocationProvider: Link to death notification successful
02-23 00:55:36.621  1893  1893 I WebViewLoader-arm64-v8a: System.exit called, status: 0
02-23 00:55:36.621  1893  1893 I AndroidRuntime: VM exiting with result code 0, cleanup skipped.
02-23 00:55:36.624   984   984 I GnssLocationProvider: WakeLock acquired by sendMessage(INITIALIZE_HANDLER, 0, null)
02-23 00:55:36.637   984  1567 D WifiController: DEFERRED_TOGGLE handled
02-23 00:55:36.640  1837  1837 V SystemUIService: Starting SystemUI services for user 0.
02-23 00:55:36.651   741   741 I LocSvc_APIClientBase: locAPIEnable:112] start new session: 2
02-23 00:55:36.651   984   984 E GnssLocationProvider: Unable to initialize GNSS Xtra interface
02-23 00:55:36.656  1837  1837 D SystemUIBootTiming: StartServicesDependency took to complete: 16ms
02-23 00:55:36.658   741   741 I LocSvc_GnssAdapter: GnssAdapter::initAgpsCommand
02-23 00:55:36.658   741   741 I LocSvc_GnssAdapter: Registering AGPS CB 0x780620f878 with priority 1
02-23 00:55:36.663   741   741 I LocSvc_GnssInterface: ===> setGnssNiCb line 130 
02-23 00:55:36.663   741   741 I LocSvc_GnssInterface: ===> cleanup line 220 
02-23 00:55:36.664   741  1933 I LocSvc_api_v02: locClientOpen:1945]: Service instance id is -1
02-23 00:55:36.665   984   984 W LocationProviderProxy-network: Odd, no component found for service com.android.location.service.v3.NetworkLocationProvider
02-23 00:55:36.665   741  1933 I LocSvc_api_v02: ---> locClientOpenInstance line 1828 loc client open
02-23 00:55:36.666  1872  1872 I WebViewLoader-armeabi-v7a: System.exit called, status: 0
02-23 00:55:36.666  1872  1872 I AndroidRuntime: VM exiting with result code 0, cleanup skipped.
02-23 00:55:36.666   984   984 W LocationProviderProxy-fused: Odd, no component found for service com.android.location.service.FusedLocationProvider
02-23 00:55:36.666   984   984 W GeocoderProxy: Odd, no component found for service com.android.location.service.GeocodeProvider
02-23 00:55:36.667   984   984 D LocationManagerService: FLP HAL not supported
02-23 00:55:36.668   984   984 W GeofenceProxy: Odd, no component found for service com.android.location.service.GeofenceProvider
02-23 00:55:36.668   741  1933 E QMI_FW  : QMUXD: WARNING qmi_qmux_if_pwr_up_init failed! rc=-6
02-23 00:55:36.668   984   984 E ActivityRecognitionHardware: activity_recognition HAL is deprecated. is_supported is effectively a no-op
02-23 00:55:36.669   984   984 D LocationManagerService: Hardware Activity-Recognition not supported.
02-23 00:55:36.669   741  1933 I LocSvc_api_v02: ---> locClientSendReq line 2102 QMI_LOC_REG_EVENTS_REQ_V02
02-23 00:55:36.669   984   984 W ActivityRecognitionProxy: Odd, no component found for service com.android.location.service.ActivityRecognitionProvider
02-23 00:55:36.670   984   984 I GnssLocationProvider: WakeLock acquired by sendMessage(ENABLE, 1, null)
02-23 00:55:36.671   984   984 D SystemServerTiming: MakeLocationServiceReady took to complete: 70ms
02-23 00:55:36.671   984   984 I SystemServer: MakeCountryDetectionServiceReady
02-23 00:55:36.671   984   984 D SystemServerTiming: MakeCountryDetectionServiceReady took to complete: 0ms
02-23 00:55:36.671   984   984 I SystemServer: MakeNetworkTimeUpdateReady
02-23 00:55:36.676   741  1933 I LocSvc_api_v02: ---> locClientSupportMsgCheck line 2221 QMI_LOC_GET_SUPPORTED_MSGS_REQ_V02
02-23 00:55:36.679   741  1933 I LocSvc_api_v02: ---> locClientSendReq line 2102 QMI_LOC_QUERY_AON_CONFIG_REQ_V02
02-23 00:55:36.680   741  1938 I LocSvc_ApiV02: <--- globalRespCb line 141 QMI_LOC_QUERY_AON_CONFIG_REQ_V02
02-23 00:55:36.680   741  1933 I LocSvc_api_v02: ---> locClientSendReq line 2102 QMI_LOC_GET_SUPPORTED_FEATURE_REQ_V02
02-23 00:55:36.680   984   984 D ConnectivityService: requestNetwork for uid/pid:1000/984 NetworkRequest [ TRACK_DEFAULT id=5, [ Capabilities: INTERNET&NOT_RESTRICTED&TRUSTED&NOT_VPN] ]
02-23 00:55:36.680   984   984 D SystemServerTiming: MakeNetworkTimeUpdateReady took to complete: 9ms
02-23 00:55:36.680   984   984 I SystemServer: MakeCommonTimeManagementServiceReady
02-23 00:55:36.681   984  1801 D Ethernet: got request NetworkRequest [ TRACK_DEFAULT id=5, [ Capabilities: INTERNET&NOT_RESTRICTED&TRUSTED&NOT_VPN] ] with score 0
02-23 00:55:36.681   984   984 I CommonTimeManagementService: No common time service detected on this platform.  Common time services will be unavailable.
02-23 00:55:36.681   984   984 D SystemServerTiming: MakeCommonTimeManagementServiceReady took to complete: 1ms
02-23 00:55:36.681   984   984 I SystemServer: MakeInputManagerServiceReady
02-23 00:55:36.681   741  1933 I LocSvc_api_v02: ---> locClientSendReq line 2102 QMI_LOC_GET_SUPPORTED_FEATURE_REQ_V02
02-23 00:55:36.683   984   984 D SystemServerTiming: MakeInputManagerServiceReady took to complete: 1ms
02-23 00:55:36.683   984   984 I SystemServer: MakeTelephonyRegistryReady
02-23 00:55:36.683   984   984 D SystemServerTiming: MakeTelephonyRegistryReady took to complete: 0ms
02-23 00:55:36.683   984   984 I SystemServer: MakeMediaRouterServiceReady
02-23 00:55:36.683   984   984 D SystemServerTiming: MakeMediaRouterServiceReady took to complete: 0ms
02-23 00:55:36.684   984   984 I SystemServer: MakeMmsServiceReady
02-23 00:55:36.684   984   984 I MmsServiceBroker: Delay connecting to MmsService until an API is called
02-23 00:55:36.684   984   984 D SystemServerTiming: MakeMmsServiceReady took to complete: 0ms
02-23 00:55:36.684   984   984 I SystemServer: MakeNetworkScoreServiceReady
02-23 00:55:36.684   984   984 D SystemServerTiming: MakeNetworkScoreServiceReady took to complete: 0ms
02-23 00:55:36.684   984   984 I SystemServer: IncidentDaemonReady
02-23 00:55:36.684   984   984 D SystemServerTiming: IncidentDaemonReady took to complete: 1ms
02-23 00:55:36.684   984   984 I SystemServiceManager: Calling onStartUser u0
02-23 00:55:36.685  1837  1837 D SystemUIBootTiming: StartServicesNotificationChannels took to complete: 28ms
02-23 00:55:36.684   741  1933 I chatty  : uid=1021(gps) Loc_hal identical 3 lines
02-23 00:55:36.685   741  1933 I LocSvc_api_v02: ---> locClientSendReq line 2102 QMI_LOC_GET_SUPPORTED_FEATURE_REQ_V02
02-23 00:55:36.686   741  1933 E LocSvc_ApiV02: open:416:11]: Failed to get features supported from QMI_LOC_GET_SUPPORTED_FEATURE_REQ_V02. 
02-23 00:55:36.686   741  1933 I LocSvc_api_v02: ---> locClientSendReq line 2102 QMI_LOC_SET_GNSS_CONSTELL_REPORT_CONFIG_V02
02-23 00:55:36.688   741  1938 I LocSvc_ApiV02: <--- globalRespCb line 141 QMI_LOC_SET_GNSS_CONSTELL_REPORT_CONFIG_V02
02-23 00:55:36.689   741  1933 I LocSvc_api_v02: ---> locClientSendReq line 2102 QMI_LOC_SET_PREMIUM_SERVICES_CONFIG_REQ_V02
02-23 00:55:36.690  1837  1837 D SystemUIBootTiming: StartServicesCommandQueueStart took to complete: 2ms
02-23 00:55:36.693   741  1938 I LocSvc_ApiV02: <--- globalRespCb line 141 QMI_LOC_SET_PREMIUM_SERVICES_CONFIG_REQ_V02
02-23 00:55:36.693   741  1933 I LocSvc_api_v02: ---> locClientSendReq line 2102 QMI_LOC_SET_PREMIUM_SERVICES_CONFIG_REQ_V02
02-23 00:55:36.693   741  1938 E QMI_FW  : QCCI qmi_cci_xport_recv: txn not found. svc_id: 16
02-23 00:55:36.693   741  1933 E LocSvc_LBSApiV02: injectFeatureConfig:926]: Error : st = 3, ind.status = 0
02-23 00:55:36.694   741  1933 I LocSvc_api_v02: ---> locClientSendReq line 2102 QMI_LOC_SET_PREMIUM_SERVICES_CONFIG_REQ_V02
02-23 00:55:36.695   741  1938 I LocSvc_ApiV02: <--- globalRespCb line 141 QMI_LOC_SET_PREMIUM_SERVICES_CONFIG_REQ_V02
02-23 00:55:36.696   984   984 I ActivityManager: Start proc 1940:.dataservices/1000 for added application .dataservices
02-23 00:55:36.696   741  1933 I LocSvc_api_v02: ---> locClientSendReq line 2102 QMI_LOC_SET_PROTOCOL_CONFIG_PARAMETERS_REQ_V02
02-23 00:55:36.698   741  1938 I LocSvc_ApiV02: <--- globalRespCb line 141 QMI_LOC_SET_PROTOCOL_CONFIG_PARAMETERS_REQ_V02
02-23 00:55:36.698   741  1933 I LocSvc_api_v02: ---> locClientSendReq line 2102 QMI_LOC_SET_PROTOCOL_CONFIG_PARAMETERS_REQ_V02
02-23 00:55:36.699   741  1938 I LocSvc_ApiV02: <--- globalRespCb line 141 QMI_LOC_SET_PROTOCOL_CONFIG_PARAMETERS_REQ_V02
02-23 00:55:36.699   741  1933 I LocSvc_api_v02: ---> locClientSendReq line 2102 QMI_LOC_SET_PROTOCOL_CONFIG_PARAMETERS_REQ_V02
02-23 00:55:36.700   741  1938 I LocSvc_ApiV02: <--- globalRespCb line 141 QMI_LOC_SET_PROTOCOL_CONFIG_PARAMETERS_REQ_V02
02-23 00:55:36.700   741  1933 I LocSvc_api_v02: ---> locClientSendReq line 2102 QMI_LOC_SET_SENSOR_CONTROL_CONFIG_REQ_V02
02-23 00:55:36.701   741  1938 I LocSvc_ApiV02: <--- globalRespCb line 141 QMI_LOC_SET_SENSOR_CONTROL_CONFIG_REQ_V02
02-23 00:55:36.701   741  1933 I LocSvc_api_v02: ---> locClientSendReq line 2102 QMI_LOC_SET_PROTOCOL_CONFIG_PARAMETERS_REQ_V02
02-23 00:55:36.702   741  1938 I LocSvc_ApiV02: <--- globalRespCb line 141 QMI_LOC_SET_PROTOCOL_CONFIG_PARAMETERS_REQ_V02
02-23 00:55:36.702   741  1933 I LocSvc_api_v02: ---> locClientSendReq line 2102 QMI_LOC_SET_PROTOCOL_CONFIG_PARAMETERS_REQ_V02
02-23 00:55:36.702   741  1938 I LocSvc_ApiV02: <--- globalRespCb line 141 QMI_LOC_SET_PROTOCOL_CONFIG_PARAMETERS_REQ_V02
02-23 00:55:36.702   741  1933 I LocSvc_api_v02: ---> locClientSendReq line 2102 QMI_LOC_SET_XTRA_VERSION_CHECK_REQ_V02
02-23 00:55:36.703   741  1938 I LocSvc_ApiV02: <--- globalRespCb line 141 QMI_LOC_SET_XTRA_VERSION_CHECK_REQ_V02
02-23 00:55:36.703   741  1933 I LocSvc_api_v02: ---> locClientSendReq line 2102 QMI_LOC_SET_SENSOR_PERFORMANCE_CONTROL_CONFIGURATION_REQ_V02
02-23 00:55:36.704   741  1938 I LocSvc_ApiV02: <--- globalRespCb line 141 QMI_LOC_SET_SENSOR_PERFORMANCE_CONTROL_CONFIGURATION_REQ_V02
02-23 00:55:36.704   741  1933 E LocSvc_GnssAdapter: initDefaultAgps]: libloc_net_iface.so not found !
02-23 00:55:36.705   984  1393 D GnssLocationProvider: gnssSetCapabilitesCb: 35u
02-23 00:55:36.705   984  1393 D GnssLocationProvider: gnssSetSystemInfoCb: yearOfHw=2015
02-23 00:55:36.705   741  1933 I LocSvc_api_v02: locClientOpen:1945]: Service instance id is -1
02-23 00:55:36.705   741  1933 I LocSvc_api_v02: ---> locClientOpenInstance line 1828 loc client open
02-23 00:55:36.706   741  1933 I LocSvc_api_v02: ---> locClientSendReq line 2102 QMI_LOC_REG_EVENTS_REQ_V02
02-23 00:55:36.709   741  1933 I LocSvc_api_v02: ---> locClientSendReq line 2102 QMI_LOC_QUERY_AON_CONFIG_REQ_V02
02-23 00:55:36.709   741  1945 I LocSvc_ApiV02: <--- globalRespCb line 141 QMI_LOC_QUERY_AON_CONFIG_REQ_V02
02-23 00:55:36.710   741  1933 I LocSvc_api_v02: ---> locClientSendReq line 2102 QMI_LOC_GET_SUPPORTED_FEATURE_REQ_V02
02-23 00:55:36.712   741  1933 I chatty  : uid=1021(gps) Loc_hal identical 4 lines
02-23 00:55:36.713   741  1933 I LocSvc_api_v02: ---> locClientSendReq line 2102 QMI_LOC_GET_SUPPORTED_FEATURE_REQ_V02
02-23 00:55:36.714   741  1933 E LocSvc_ApiV02: open:416:11]: Failed to get features supported from QMI_LOC_GET_SUPPORTED_FEATURE_REQ_V02. 
02-23 00:55:36.714   741  1933 I LocSvc_api_v02: ---> locClientSendReq line 2102 QMI_LOC_SET_GNSS_CONSTELL_REPORT_CONFIG_V02
02-23 00:55:36.715   741  1945 I LocSvc_ApiV02: <--- globalRespCb line 141 QMI_LOC_SET_GNSS_CONSTELL_REPORT_CONFIG_V02
02-23 00:55:36.718  1898  1898 D AndroidRuntime: >>>>>> START com.android.internal.os.WebViewZygoteInit uid 1053 <<<<<<
02-23 00:55:36.719   530   980 D PerMgrSrv: modem state: is on-line, add client GPS
02-23 00:55:36.719   530   980 D PerMgrSrv: GPS registered
02-23 00:55:36.719   741  1933 D PerMgrLib: GPS successfully registered for modem
02-23 00:55:36.719   741  1933 D PerMgrLib: GPS voting for modem
02-23 00:55:36.719   530   980 D PerMgrSrv: GPS voting for modem
02-23 00:55:36.719   530   980 D PerMgrSrv: modem num voters is 4
02-23 00:55:36.720   741  1933 I LocSvc_api_v02: ---> locClientSendReq line 2102 QMI_LOC_SET_ENGINE_LOCK_REQ_V02
02-23 00:55:36.721   741  1938 I LocSvc_ApiV02: <--- globalRespCb line 141 QMI_LOC_SET_ENGINE_LOCK_REQ_V02
02-23 00:55:36.721   761   857 I LocSvc_api_v02: ---> locClientSendReq line 2102 QMI_LOC_SET_XTRA_VERSION_CHECK_REQ_V02
02-23 00:55:36.722   984   984 I ActivityManager: Start proc 1947:com.qualcomm.qti.telephonyservice/1001 for added application com.qualcomm.qti.telephonyservice
02-23 00:55:36.722   761  1282 I LocSvc_ApiV02: <--- globalRespCb line 141 QMI_LOC_SET_XTRA_VERSION_CHECK_REQ_V02
02-23 00:55:36.722   761   857 I LocSvc_api_v02: ---> locClientSendReq line 2102 UNKNOWN
02-23 00:55:36.723   761   857 I LocSvc_api_v02: ---> locClientSendReq line 2102 UNKNOWN
02-23 00:55:36.724  1898  1898 I /system/bin/webview_zygote32: option[0]=-Xzygote
02-23 00:55:36.724  1898  1898 I /system/bin/webview_zygote32: option[1]=-Xusetombstonedtraces
02-23 00:55:36.724  1898  1898 I /system/bin/webview_zygote32: option[2]=exit
02-23 00:55:36.724  1898  1898 I /system/bin/webview_zygote32: option[3]=vfprintf
02-23 00:55:36.724  1898  1898 I /system/bin/webview_zygote32: option[4]=sensitiveThread
02-23 00:55:36.724  1898  1898 I /system/bin/webview_zygote32: option[5]=-verbose:gc
02-23 00:55:36.724  1898  1898 I /system/bin/webview_zygote32: option[6]=-Xms16m
02-23 00:55:36.724  1898  1898 I /system/bin/webview_zygote32: option[7]=-Xmx512m
02-23 00:55:36.724  1898  1898 I /system/bin/webview_zygote32: option[8]=-XX:HeapGrowthLimit=256m
02-23 00:55:36.724  1898  1898 I /system/bin/webview_zygote32: option[9]=-XX:HeapMinFree=4m
02-23 00:55:36.724  1898  1898 I /system/bin/webview_zygote32: option[10]=-XX:HeapMaxFree=8m
02-23 00:55:36.724  1898  1898 I /system/bin/webview_zygote32: option[11]=-XX:HeapTargetUtilization=0.75
02-23 00:55:36.724  1898  1898 I /system/bin/webview_zygote32: option[12]=-Xusejit:true
02-23 00:55:36.724  1898  1898 I /system/bin/webview_zygote32: option[13]=-Xjitsaveprofilinginfo
02-23 00:55:36.724  1898  1898 I /system/bin/webview_zygote32: option[14]=-agentlib:jdwp=transport=dt_android_adb,suspend=n,server=y
02-23 00:55:36.724  1898  1898 I /system/bin/webview_zygote32: option[15]=-Xlockprofthreshold:500
02-23 00:55:36.724  1898  1898 I /system/bin/webview_zygote32: option[16]=-Ximage-compiler-option
02-23 00:55:36.724  1898  1898 I /system/bin/webview_zygote32: option[17]=--runtime-arg
02-23 00:55:36.724  1898  1898 I /system/bin/webview_zygote32: option[18]=-Ximage-compiler-option
02-23 00:55:36.724  1898  1898 I /system/bin/webview_zygote32: option[19]=-Xms64m
02-23 00:55:36.724  1898  1898 I /system/bin/webview_zygote32: option[20]=-Ximage-compiler-option
02-23 00:55:36.724  1898  1898 I /system/bin/webview_zygote32: option[21]=--runtime-arg
02-23 00:55:36.724  1898  1898 I /system/bin/webview_zygote32: option[22]=-Ximage-compiler-option
02-23 00:55:36.724  1898  1898 I /system/bin/webview_zygote32: option[23]=-Xmx64m
02-23 00:55:36.725  1898  1898 I /system/bin/webview_zygote32: option[24]=-Ximage-compiler-option
02-23 00:55:36.725  1898  1898 I /system/bin/webview_zygote32: option[25]=--image-classes=/system/etc/preloaded-classes
02-23 00:55:36.725  1898  1898 I /system/bin/webview_zygote32: option[26]=-Ximage-compiler-option
02-23 00:55:36.725  1898  1898 I /system/bin/webview_zygote32: option[27]=--compiled-classes=/system/etc/compiled-classes
02-23 00:55:36.725  1898  1898 I /system/bin/webview_zygote32: option[28]=-Ximage-compiler-option
02-23 00:55:36.725  1898  1898 I /system/bin/webview_zygote32: option[29]=--dirty-image-objects=/system/etc/dirty-image-objects
02-23 00:55:36.725  1898  1898 I /system/bin/webview_zygote32: option[30]=-Xcompiler-option
02-23 00:55:36.725  1898  1898 I /system/bin/webview_zygote32: option[31]=--runtime-arg
02-23 00:55:36.725  1898  1898 I /system/bin/webview_zygote32: option[32]=-Xcompiler-option
02-23 00:55:36.725  1898  1898 I /system/bin/webview_zygote32: option[33]=-Xms64m
02-23 00:55:36.725  1898  1898 I /system/bin/webview_zygote32: option[34]=-Xcompiler-option
02-23 00:55:36.725  1898  1898 I /system/bin/webview_zygote32: option[35]=--runtime-arg
02-23 00:55:36.725  1898  1898 I /system/bin/webview_zygote32: option[36]=-Xcompiler-option
02-23 00:55:36.725  1898  1898 I /system/bin/webview_zygote32: option[37]=-Xmx512m
02-23 00:55:36.725  1898  1898 I /system/bin/webview_zygote32: option[38]=-Ximage-compiler-option
02-23 00:55:36.725  1898  1898 I /system/bin/webview_zygote32: option[39]=--instruction-set-variant=kryo
02-23 00:55:36.725  1898  1898 I /system/bin/webview_zygote32: option[40]=-Xcompiler-option
02-23 00:55:36.725  1898  1898 I /system/bin/webview_zygote32: option[41]=--instruction-set-variant=kryo
02-23 00:55:36.725  1898  1898 I /system/bin/webview_zygote32: option[42]=-Ximage-compiler-option
02-23 00:55:36.725  1898  1898 I /system/bin/webview_zygote32: option[43]=--instruction-set-features=default
02-23 00:55:36.725  1898  1898 I /system/bin/webview_zygote32: option[44]=-Xcompiler-option
02-23 00:55:36.725  1898  1898 I /system/bin/webview_zygote32: option[45]=--instruction-set-features=default
02-23 00:55:36.725  1898  1898 I /system/bin/webview_zygote32: option[46]=-Duser.locale=el-GR
02-23 00:55:36.725  1898  1898 I /system/bin/webview_zygote32: option[47]=--cpu-abilist=armeabi-v7a,armeabi
02-23 00:55:36.725  1898  1898 I /system/bin/webview_zygote32: option[48]=-Xfingerprint:OnePlus/OnePlus3/OnePlus3T:8.0.0/OPR6.170623.013/10250816:user/release-keys
02-23 00:55:36.728  1898  1898 W /system/bin/webview_zygote32: Could not reserve sentinel fault page
02-23 00:55:36.729   761   857 I LocSvc_api_v02: ---> locClientSendReq line 2102 UNKNOWN
02-23 00:55:36.729   761   857 I LocSvc_api_v02: ---> locClientSendReq line 2102 UNKNOWN
02-23 00:55:36.730   741  1933 E Diag_Lib: diag diag_get_max_file_size size=200,max_file_size=209715200,min_file_size=167772160
02-23 00:55:36.730   741  1933 E Diag_Lib:  Diag_LSM_Init: Failed to open handle to diag driver, error = 13
02-23 00:55:36.730   761   857 I LocSvc_api_v02: ---> locClientSendReq line 2102 UNKNOWN
02-23 00:55:36.730   741  1933 E Diag_Lib: diag diag_get_max_file_size size=200,max_file_size=209715200,min_file_size=167772160
02-23 00:55:36.731   761   857 I LocSvc_api_v02: ---> locClientSendReq line 2102 UNKNOWN
02-23 00:55:36.731   741  1933 E Diag_Lib: diag diag_get_max_file_size size=200,max_file_size=209715200,min_file_size=167772160
02-23 00:55:36.747   741  1933 D PerMgrLib: GPS unvoting for modem
02-23 00:55:36.748   530   980 D PerMgrSrv: GPS removing vote for modem
02-23 00:55:36.748   530   980 D PerMgrSrv: modem num voters is 4
02-23 00:55:36.748   741  1933 I LocSvc_api_v02: ---> locClientSendReq line 2102 QMI_LOC_SET_ENGINE_LOCK_REQ_V02
02-23 00:55:36.749   741  1938 I LocSvc_ApiV02: <--- globalRespCb line 141 QMI_LOC_SET_ENGINE_LOCK_REQ_V02
02-23 00:55:36.749   741  1933 I LocSvc_api_v02: ---> locClientSendReq line 2102 QMI_LOC_REG_EVENTS_REQ_V02
02-23 00:55:36.757   984   984 I ActivityManager: Start proc 1957:com.android.phone/1001 for added application com.android.phone
02-23 00:55:36.758   984   984 I ActivityManager: START u0 {act=android.intent.action.MAIN cat=[android.intent.category.HOME] flg=0x10000100 cmp=com.android.settings/.FallbackHome} from uid 0
02-23 00:55:36.753   741  1933 I chatty  : uid=1021(gps) Loc_hal identical 1 line
02-23 00:55:36.754   741  1933 I LocSvc_api_v02: ---> locClientSendReq line 2102 QMI_LOC_REG_EVENTS_REQ_V02
02-23 00:55:36.793   738  1880 I OMX-VDEC-1080P: component_init: OMX.qcom.video.decoder.avc : fd=11
02-23 00:55:36.801   738  1880 I OMX-VDEC-1080P: omx_vdec::component_init() success : fd=11
02-23 00:55:36.806   738  1880 E OMXNodeInstance: getParameter(0xf1492444:qcom.decoder.avc, ??(0x7f000044)) ERROR: UnsupportedSetting(0x80001019)
02-23 00:55:36.807   738  1880 E OMXNodeInstance: getParameter(0xf1492444:qcom.decoder.avc, ??(0x7f000044)) ERROR: UnsupportedSetting(0x80001019)
02-23 00:55:36.808   738  1880 E OMXNodeInstance: getExtensionIndex(0xf1492444:qcom.decoder.avc, OMX.google.android.index.configureVideoTunnelMode) ERROR: NotImplemented(0x80001006)
02-23 00:55:36.808   738  1880 E OMX-VDEC-1080P: Enable/Disable allocate-native-handle allowed only on input port!
02-23 00:55:36.808   738  1880 E OMX-VDEC-1080P: set_parameter: Error: 0x80001019, setting param 0x7f00005d
02-23 00:55:36.808   738  1880 E OMXNodeInstance: setParameter(0xf1492444:qcom.decoder.avc, OMX.google.android.index.allocateNativeHandle(0x7f00005d): Output:1 en=0) ERROR: UnsupportedSetting(0x80001019)
02-23 00:55:36.809   738   836 I OMX-VDEC-1080P: omx_vdec::component_deinit() complete
02-23 00:55:36.812   738   836 I OMX-VDEC-1080P: Exit OMX vdec Destructor: fd=11
02-23 00:55:36.813   738   836 I OMX-VDEC-1080P: Video slvp perflock released
02-23 00:55:36.816   692   954 I OMXClient: Treble IOmx obtained
02-23 00:55:36.816   738  1880 I OMXMaster: makeComponentInstance(OMX.qcom.video.decoder.avc.secure) in omx@1.0-service process
02-23 00:55:36.823   738  1880 I OMX-VDEC-1080P: Video slvp perflock acquired
02-23 00:55:36.825   738  1880 I OMX-VDEC-1080P: component_init: OMX.qcom.video.decoder.avc : fd=11
02-23 00:55:36.832   738  1880 I OMX-VDEC-1080P: omx_vdec::component_init() success : fd=11
02-23 00:55:36.835   738  1880 E OMXNodeInstance: getParameter(0xf14a1744:qcom.decoder.avc.secure, ??(0x7f000044)) ERROR: UnsupportedSetting(0x80001019)
02-23 00:55:36.836   738  1880 E OMXNodeInstance: getParameter(0xf14a1744:qcom.decoder.avc.secure, ??(0x7f000044)) ERROR: UnsupportedSetting(0x80001019)
02-23 00:55:36.837   738  1880 E OMXNodeInstance: getExtensionIndex(0xf14a1744:qcom.decoder.avc.secure, OMX.google.android.index.configureVideoTunnelMode) ERROR: NotImplemented(0x80001006)
02-23 00:55:36.837   738  1880 E OMX-VDEC-1080P: Enable/Disable allocate-native-handle allowed only on input port!
02-23 00:55:36.837   738  1880 E OMX-VDEC-1080P: set_parameter: Error: 0x80001019, setting param 0x7f00005d
02-23 00:55:36.837   738  1880 E OMXNodeInstance: setParameter(0xf14a1744:qcom.decoder.avc.secure, OMX.google.android.index.allocateNativeHandle(0x7f00005d): Output:1 en=0) ERROR: UnsupportedSetting(0x80001019)
02-23 00:55:36.838   738  1880 I OMX-VDEC-1080P: omx_vdec::component_deinit() complete
02-23 00:55:36.838   984   984 I ActivityManager: Loaded persisted task ids for user 0
02-23 00:55:36.840   738  1880 I OMX-VDEC-1080P: Exit OMX vdec Destructor: fd=11
02-23 00:55:36.840   738  1880 I OMX-VDEC-1080P: Video slvp perflock released
02-23 00:55:36.839   984   984 I system_server: type=1400 audit(0.0:89): avc: denied { call } for scontext=u:r:system_server:s0 tcontext=u:r:init:s0 tclass=binder permissive=1
02-23 00:55:36.847   692   954 I OMXClient: Treble IOmx obtained
02-23 00:55:36.848   738   836 I OMXMaster: makeComponentInstance(OMX.google.h264.decoder) in omx@1.0-service process
02-23 00:55:36.855   738   836 E OMXNodeInstance: getExtensionIndex(0xf402a060:google.h264.decoder, OMX.google.android.index.configureVideoTunnelMode) ERROR: UnsupportedIndex(0x8000101a)
02-23 00:55:36.855   738   836 E OMXNodeInstance: getExtensionIndex(0xf402a060:google.h264.decoder, OMX.google.android.index.enableAndroidNativeBuffers) ERROR: UnsupportedIndex(0x8000101a)
02-23 00:55:36.858   692   954 I OMXClient: Treble IOmx obtained
02-23 00:55:36.858   738   836 I OMXMaster: makeComponentInstance(OMX.qcom.video.decoder.h263) in omx@1.0-service process
02-23 00:55:36.859   984   984 I ActivityManager: Start proc 2001:com.android.settings/1000 for activity com.android.settings/.FallbackHome
02-23 00:55:36.862   984   984 D SystemServerTiming: ActivityManagerStartApps took to complete: 178ms
02-23 00:55:36.863   984   984 D SystemServerTiming: PhaseActivityManagerReady took to complete: 683ms
02-23 00:55:36.865   984   984 D SystemServerInitThreadPool: Shutdown successful
02-23 00:55:36.865   984   984 D SystemServerTiming: StartServices took to complete: 6390ms
02-23 00:55:36.865   984   984 I SystemServer: Enabled StrictMode for system server main thread.
02-23 00:55:36.873  1837  1837 V MediaRouter: Adding route: RouteInfo{ name=, description=null, status=null, category=RouteCategory{ name= types=ROUTE_TYPE_LIVE_AUDIO ROUTE_TYPE_LIVE_VIDEO  groupable=false }, supportedTypes=ROUTE_TYPE_LIVE_AUDIO ROUTE_TYPE_LIVE_VIDEO , presentationDisplay=null }
02-23 00:55:36.880   608   733 E QC-time-services: Daemon:genoff_wlan_qmi_service_request: qmi_client_get_service_list returned -2num_services 0
02-23 00:55:36.880   984  1045 W Looper  : Dispatch took 184ms on android.ui, h=Handler (com.android.server.am.ActivityManagerService$UiHandler) {abf585} cb=null msg=53
02-23 00:55:36.889  1837  1837 V MediaRouter: Selecting route: RouteInfo{ name=, description=null, status=null, category=RouteCategory{ name= types=ROUTE_TYPE_LIVE_AUDIO ROUTE_TYPE_LIVE_VIDEO  groupable=false }, supportedTypes=ROUTE_TYPE_LIVE_AUDIO ROUTE_TYPE_LIVE_VIDEO , presentationDisplay=null }
02-23 00:55:36.903   738   836 I OMX-VDEC-1080P: Video slvp perflock acquired
02-23 00:55:36.905   738   836 I OMX-VDEC-1080P: component_init: OMX.qcom.video.decoder.h263 : fd=11
02-23 00:55:36.910   741   741 I LocSvc_GnssInterface: ===> updateConfiguration line 140 
02-23 00:55:36.910   741  1933 I LocSvc_api_v02: ---> locClientSendReq line 2102 QMI_LOC_SET_SERVER_REQ_V02
02-23 00:55:36.910   741   741 I LocSvc_GnssInterface: ===> updateConfiguration line 140 
02-23 00:55:36.911   741   741 I chatty  : uid=1021(gps) gnss@1.0-servic identical 4 lines
02-23 00:55:36.912   741   741 I LocSvc_GnssInterface: ===> updateConfiguration line 140 
02-23 00:55:36.912   741  1938 I LocSvc_ApiV02: <--- globalRespCb line 141 QMI_LOC_SET_SERVER_REQ_V02
02-23 00:55:36.912   741  1933 I LocSvc_api_v02: ---> locClientSendReq line 2102 QMI_LOC_SET_PROTOCOL_CONFIG_PARAMETERS_REQ_V02
02-23 00:55:36.912   741   741 I LocSvc_GnssInterface: ===> updateConfiguration line 140 
02-23 00:55:36.912   741  1938 I LocSvc_ApiV02: <--- globalRespCb line 141 QMI_LOC_SET_PROTOCOL_CONFIG_PARAMETERS_REQ_V02
02-23 00:55:36.912   741  1933 I LocSvc_api_v02: ---> locClientSendReq line 2102 QMI_LOC_SET_PROTOCOL_CONFIG_PARAMETERS_REQ_V02
02-23 00:55:36.913   741  1938 I LocSvc_ApiV02: <--- globalRespCb line 141 QMI_LOC_SET_PROTOCOL_CONFIG_PARAMETERS_REQ_V02
02-23 00:55:36.913   741  1933 I LocSvc_api_v02: ---> locClientSendReq line 2102 QMI_LOC_SET_ENGINE_LOCK_REQ_V02
02-23 00:55:36.914   741  1938 I LocSvc_ApiV02: <--- globalRespCb line 141 QMI_LOC_SET_ENGINE_LOCK_REQ_V02
02-23 00:55:36.915   984  1043 I GnssLocationProvider: WakeLock released by handleMessage(INITIALIZE_HANDLER, 0, null)
02-23 00:55:36.916   741   741 I LocSvc_GnssInterface: ===> setCallback line 111 
02-23 00:55:36.916   741   741 I LocSvc_APIClientBase: locAPIEnable:112] start new session: 11
02-23 00:55:36.916   741  1933 D PerMgrLib: GPS voting for modem
02-23 00:55:36.916   984  1043 D GnssLocationProvider: gnssSetCapabilitesCb: 35u
02-23 00:55:36.916   530   980 D PerMgrSrv: GPS voting for modem
02-23 00:55:36.916   530   980 D PerMgrSrv: modem num voters is 4
02-23 00:55:36.916   984  1043 D GnssLocationProvider: gnssSetSystemInfoCb: yearOfHw=2015
02-23 00:55:36.916   741  1933 I LocSvc_api_v02: ---> locClientSendReq line 2102 QMI_LOC_SET_ENGINE_LOCK_REQ_V02
02-23 00:55:36.916   984  1043 E GnssLocationProvider: Unable to initialize GNSS Xtra interface
02-23 00:55:36.917   741   741 I LocSvc_GnssAdapter: GnssAdapter::initAgpsCommand
02-23 00:55:36.917   741   741 I LocSvc_GnssAdapter: Registering AGPS CB 0x780620f878 with priority 1
02-23 00:55:36.917   738   836 I OMX-VDEC-1080P: omx_vdec::component_init() success : fd=11
02-23 00:55:36.917   741   741 E GnssHal_GnssGeofencing: setCallback]: mApi is NOT nullptr
02-23 00:55:36.917   741  1938 I LocSvc_ApiV02: <--- globalRespCb line 141 QMI_LOC_SET_ENGINE_LOCK_REQ_V02
02-23 00:55:36.917   741   741 I LocSvc_GnssInterface: ===> setGnssNiCb line 130 
02-23 00:55:36.918   741   741 I LocSvc_GnssInterface: ===> updateConfiguration line 140 
02-23 00:55:36.918   741  1933 I LocSvc_api_v02: ---> locClientSendReq line 2102 QMI_LOC_REG_EVENTS_REQ_V02
02-23 00:55:36.918   984  1043 I GnssLocationProvider: WakeLock released by handleMessage(ENABLE, 1, null)
02-23 00:55:36.920   738  1880 E OMXNodeInstance: getParameter(0xf1492444:qcom.decoder.h263, ??(0x7f000044)) ERROR: UnsupportedSetting(0x80001019)
02-23 00:55:36.921   984  1043 W LocationProviderProxy-network: Odd, no component found for service com.android.location.service.v3.NetworkLocationProvider
02-23 00:55:36.921   738  1880 E OMXNodeInstance: getParameter(0xf1492444:qcom.decoder.h263, ??(0x7f000044)) ERROR: UnsupportedSetting(0x80001019)
02-23 00:55:36.922   738  1880 E OMXNodeInstance: getExtensionIndex(0xf1492444:qcom.decoder.h263, OMX.google.android.index.configureVideoTunnelMode) ERROR: NotImplemented(0x80001006)
02-23 00:55:36.922   984  1043 W LocationProviderProxy-fused: Odd, no component found for service com.android.location.service.FusedLocationProvider
02-23 00:55:36.922   738  1880 E OMX-VDEC-1080P: Enable/Disable allocate-native-handle allowed only on input port!
02-23 00:55:36.922   738  1880 E OMX-VDEC-1080P: set_parameter: Error: 0x80001019, setting param 0x7f00005d
02-23 00:55:36.922   738  1880 E OMXNodeInstance: setParameter(0xf1492444:qcom.decoder.h263, OMX.google.android.index.allocateNativeHandle(0x7f00005d): Output:1 en=0) ERROR: UnsupportedSetting(0x80001019)
02-23 00:55:36.922   738  1880 I OMX-VDEC-1080P: omx_vdec::component_deinit() complete
02-23 00:55:36.923   984  1043 W GeocoderProxy: Odd, no component found for service com.android.location.service.GeocodeProvider
02-23 00:55:36.923   984  1043 W GeofenceProxy: Odd, no component found for service com.android.location.service.GeofenceProvider
02-23 00:55:36.923   984  1043 W ActivityRecognitionProxy: Odd, no component found for service com.android.location.service.ActivityRecognitionProvider
02-23 00:55:36.929   738  1880 I OMX-VDEC-1080P: Exit OMX vdec Destructor: fd=11
02-23 00:55:36.929   738  1880 I OMX-VDEC-1080P: Video slvp perflock released
02-23 00:55:36.933   692   954 I OMXClient: Treble IOmx obtained
02-23 00:55:36.934   738   836 I OMXMaster: makeComponentInstance(OMX.google.h263.decoder) in omx@1.0-service process
02-23 00:55:36.940   738   836 E OMXNodeInstance: getExtensionIndex(0xf402a0c0:google.h263.decoder, OMX.google.android.index.configureVideoTunnelMode) ERROR: UnsupportedIndex(0x8000101a)
02-23 00:55:36.941   738   836 E OMXNodeInstance: getExtensionIndex(0xf402a0c0:google.h263.decoder, OMX.google.android.index.enableAndroidNativeBuffers) ERROR: UnsupportedIndex(0x8000101a)
02-23 00:55:36.946  1940  1940 D CNEServiceApp: start cne
02-23 00:55:36.948   692   954 I OMXClient: Treble IOmx obtained
02-23 00:55:36.948   738   836 I OMXMaster: makeComponentInstance(OMX.qcom.video.decoder.hevc) in omx@1.0-service process
02-23 00:55:36.954   984  1992 I ActivityManager: Config changes=100 {1.15 ?mcc?mnc [el_GR,en_US] ldltr sw449dp w449dp h775dp 384dpi nrml long port finger -keyb/v/h -nav/h appBounds=Rect(0, 0 - 1080, 1920) s.6}
02-23 00:55:36.955  1815  1820 I zygote64: Do partial code cache collection, code=27KB, data=23KB
02-23 00:55:36.955  1815  1820 I zygote64: After code cache collection, code=16KB, data=18KB
02-23 00:55:36.955  1815  1820 I zygote64: Increasing code cache capacity to 128KB
02-23 00:55:36.962   738   836 I OMX-VDEC-1080P: Video slvp perflock acquired
02-23 00:55:36.962   738   836 I OMX-VDEC-1080P: component_init: OMX.qcom.video.decoder.hevc : fd=11
02-23 00:55:36.969   738   836 I OMX-VDEC-1080P: omx_vdec::component_init() success : fd=11
