01-05 13:42:29.715  1229  1299 I qdhwcomposer: handle_blank_event: dpy:0 panel power state: 1
01-05 13:42:29.716  1229  1229 E qdhdmi  : writeHPDOption: file write failed 'hpd'
01-05 13:42:29.716  1229  1229 D qdhwcomposer: hwc_setPowerMode: Done setting mode 2 on display 0
01-05 13:42:29.732  1172  1172 I Zygote  : Uninstalled ICU cache reference pinning...
01-05 13:42:29.734  1172  1172 I Zygote  : Installed AndroidKeyStoreProvider in 3ms.
01-05 13:42:29.743  1172  1172 I Zygote  : Warmed up JCA providers in 8ms.
01-05 13:42:29.743  1172  1172 D Zygote  : end preload
01-05 13:42:29.743  1172  1172 D Zygote64Timing: ZygotePreload took to complete: 1127ms
01-05 13:42:29.769  1172  1172 I zygote64: Explicit concurrent copying GC freed 32126(1758KB) AllocSpace objects, 4(104KB) LOS objects, 58% free, 1068KB/2MB, paused 343us total 25.421ms
01-05 13:42:29.775  1229  1229 D qdutils : DEBUG_CALC_FPS: 0
01-05 13:42:29.775  1229  1229 D qdutils : period: 10
01-05 13:42:29.775  1229  1229 D qdutils : ignorethresh_us: 500000
01-05 13:42:29.810  1172  1172 I zygote64: Explicit concurrent copying GC freed 6059(221KB) AllocSpace objects, 0(0B) LOS objects, 63% free, 879KB/2MB, paused 165us total 16.468ms
01-05 13:42:29.810  1172  1172 D Zygote64Timing: PostZygoteInitGC took to complete: 68ms
01-05 13:42:29.810  1172  1172 D Zygote64Timing: ZygoteInit took to complete: 1196ms
01-05 13:42:29.811  1172  1172 I         : seccomp disabled by setenforce 0
01-05 13:42:29.856  1172  1172 I Zygote  : System server process 1321 has been created
01-05 13:42:29.857  1172  1172 I Zygote  : Accepting command socket connections
01-05 13:42:29.902  1321  1321 I Zygote  : Process: zygote socket zygote_secondary opened, supported ABIS: armeabi-v7a,armeabi
01-05 13:42:29.931  1321  1321 W system_server: type=1400 audit(0.0:888): avc: granted { execute } for path="/data/dalvik-cache/arm64/system@framework@services.jar@classes.dex" dev="mmcblk0p50" ino=1013834 scontext=u:r:system_server:s0 tcontext=u:object_r:dalvikcache_data_file:s0 tclass=file
01-05 13:42:29.935  1321  1321 W system_server: type=1400 audit(0.0:889): avc: granted { execute } for path="/data/dalvik-cache/arm64/system@framework@ethernet-service.jar@classes.dex" dev="mmcblk0p50" ino=1013836 scontext=u:r:system_server:s0 tcontext=u:object_r:dalvikcache_data_file:s0 tclass=file
01-05 13:42:29.939  1321  1321 W system_server: type=1400 audit(0.0:890): avc: granted { execute } for path="/data/dalvik-cache/arm64/system@framework@wifi-service.jar@classes.dex" dev="mmcblk0p50" ino=1013838 scontext=u:r:system_server:s0 tcontext=u:object_r:dalvikcache_data_file:s0 tclass=file
01-05 13:42:29.973  1321  1321 I SystemServer: InitBeforeStartServices
01-05 13:42:29.973  1321  1321 I SystemServer: Entered the Android system server!
01-05 13:42:30.058   943   961 E QMI_FW  : QMUXD: WARNING qmi_qmux_if_pwr_up_init failed! rc=-1
01-05 13:42:30.058   943   961 I chatty  : uid=1000(system) /system/bin/time_daemon identical 2 lines
01-05 13:42:30.058   943   961 E QMI_FW  : QMUXD: WARNING qmi_qmux_if_pwr_up_init failed! rc=-1
01-05 13:42:30.058   943   961 E QC-time-services: Daemon:genoff_modem_qmi_service_request: qmi_client_get_service_list returned -2num_services 0
01-05 13:42:30.198  1321  1321 D SystemServerTiming: InitBeforeStartServices took to complete: 225ms
01-05 13:42:30.198  1321  1321 I SystemServer: StartServices
01-05 13:42:30.198  1321  1321 I SystemServer: Reading configuration...
01-05 13:42:30.198  1321  1321 I SystemServer: ReadingSystemConfig
01-05 13:42:30.199  1321  1321 D SystemServerTiming: ReadingSystemConfig took to complete: 2ms
01-05 13:42:30.199  1321  1321 I SystemServer: StartInstaller
01-05 13:42:30.199  1321  1334 D SystemServerInitThreadPool: Started executing ReadingSystemConfig
01-05 13:42:30.200  1321  1321 I SystemServiceManager: Starting com.android.server.pm.Installer
01-05 13:42:30.203  1321  1321 D SystemServerTiming: StartInstaller took to complete: 3ms
01-05 13:42:30.203  1321  1321 I SystemServer: DeviceIdentifiersPolicyService
01-05 13:42:30.204  1321  1321 I SystemServiceManager: Starting com.android.server.os.DeviceIdentifiersPolicyService
01-05 13:42:30.206  1321  1321 D SystemServerTiming: DeviceIdentifiersPolicyService took to complete: 3ms
01-05 13:42:30.206  1321  1321 I SystemServer: StartActivityManager
01-05 13:42:30.207  1321  1321 I SystemServiceManager: Starting com.android.server.am.ActivityManagerService$Lifecycle
01-05 13:42:30.316  1321  1334 D SystemServerInitThreadPool: Finished executing ReadingSystemConfig
01-05 13:42:30.339  1321  1321 I ActivityManager: Memory class: 288
01-05 13:42:30.340  1321  1336 I ServiceThread: Enabled StrictMode logging for ActivityManager looper.
01-05 13:42:30.366  1321  1337 I ServiceThread: Enabled StrictMode logging for android.ui looper.
01-05 13:42:30.409  1321  1321 D BatteryStatsImpl: Reading daily items from /data/system/batterystats-daily.xml
01-05 13:42:30.450  1320  1342 I vndksupport: sphal namespace is not configured for this process. Loading /vendor/lib64/egl/libEGL_adreno.so from the current namespace instead.
01-05 13:42:30.451  1320  1342 D libEGL  : loaded /vendor/lib64/egl/libEGL_adreno.so
01-05 13:42:30.465  1320  1342 I vndksupport: sphal namespace is not configured for this process. Loading /vendor/lib64/egl/libGLESv1_CM_adreno.so from the current namespace instead.
01-05 13:42:30.466  1320  1342 D libEGL  : loaded /vendor/lib64/egl/libGLESv1_CM_adreno.so
01-05 13:42:30.491   979   979 I thermal-engine: type=1400 audit(0.0:891): avc: denied { read } for scontext=u:r:init:s0 tcontext=u:r:init:s0 tclass=socket permissive=1
01-05 13:42:30.499  1320  1342 I vndksupport: sphal namespace is not configured for this process. Loading /vendor/lib64/egl/libGLESv2_adreno.so from the current namespace instead.
01-05 13:42:30.499  1320  1342 D libEGL  : loaded /vendor/lib64/egl/libGLESv2_adreno.so
01-05 13:42:30.501  1228  1234 D PerMgrSrv: modem new state: is on-line
01-05 13:42:30.510  1321  1321 I AppOps  : No existing app ops /data/system/appops.xml; starting empty
01-05 13:42:30.520  1321  1321 I IntentFirewall: Read new rules (A:0 B:0 S:0)
01-05 13:42:30.527  1321  1352 I ServiceThread: Enabled StrictMode logging for android.display looper.
01-05 13:42:30.528  1321  1321 W system_server: failed to remove /acct/uid_1003/pid_1320: Device or resource busy
01-05 13:42:30.528  1321  1321 W system_server: failed to remove /acct/uid_1003: Permission denied
01-05 13:42:30.528  1321  1321 W system_server: failed to remove /acct/uid_1019/pid_1236: Device or resource busy
01-05 13:42:30.528  1321  1321 W system_server: failed to remove /acct/uid_1019: Permission denied
01-05 13:42:30.528  1321  1321 W system_server: failed to remove /acct/uid_1041/pid_1235: Device or resource busy
01-05 13:42:30.528  1321  1321 W system_server: failed to remove /acct/uid_1041: Permission denied
01-05 13:42:30.528  1321  1321 W system_server: failed to remove /acct/uid_1010/pid_1243: Device or resource busy
01-05 13:42:30.528  1321  1321 W system_server: failed to remove /acct/uid_1010/pid_1224: Device or resource busy
01-05 13:42:30.528  1321  1321 W system_server: failed to remove /acct/uid_1010: Permission denied
01-05 13:42:30.528  1321  1321 W system_server: failed to remove /acct/uid_1046/pid_957: Device or resource busy
01-05 13:42:30.528  1321  1321 W system_server: failed to remove /acct/uid_1046: Permission denied
01-05 13:42:30.528  1321  1321 W system_server: failed to remove /acct/uid_1058/pid_956: Device or resource busy
01-05 13:42:30.528  1321  1321 W system_server: failed to remove /acct/uid_1058: Permission denied
01-05 13:42:30.528  1321  1321 W system_server: failed to remove /acct/uid_1040/pid_952: Device or resource busy
01-05 13:42:30.528  1321  1321 W system_server: failed to remove /acct/uid_1040: Permission denied
01-05 13:42:30.529  1321  1321 W system_server: failed to remove /acct/uid_1017/pid_949: Device or resource busy
01-05 13:42:30.529  1321  1321 W system_server: failed to remove /acct/uid_1017: Permission denied
01-05 13:42:30.529  1321  1321 W system_server: failed to remove /acct/uid_1013/pid_1242: Device or resource busy
01-05 13:42:30.529  1321  1321 W system_server: failed to remove /acct/uid_1013/pid_953: Device or resource busy
01-05 13:42:30.529  1321  1321 W system_server: failed to remove /acct/uid_1013/pid_951: Device or resource busy
01-05 13:42:30.529  1321  1321 W system_server: failed to remove /acct/uid_1013/pid_944: Device or resource busy
01-05 13:42:30.529  1321  1321 W system_server: failed to remove /acct/uid_1013: Permission denied
01-05 13:42:30.529  1321  1321 W system_server: failed to remove /acct/uid_2000/pid_931: Device or resource busy
01-05 13:42:30.529  1321  1321 W system_server: failed to remove /acct/uid_2000: Permission denied
01-05 13:42:30.529  1321  1321 W system_server: failed to remove /acct/uid_1047/pid_818: Device or resource busy
01-05 13:42:30.529  1321  1321 W system_server: failed to remove /acct/uid_1047: Permission denied
01-05 13:42:30.529  1321  1321 W system_server: failed to remove /acct/uid_0/pid_1227: Device or resource busy
01-05 13:42:30.529  1321  1321 W system_server: failed to remove /acct/uid_0/pid_1226: Device or resource busy
01-05 13:42:30.529  1321  1321 W system_server: failed to remove /acct/uid_0/pid_1225: Device or resource busy
01-05 13:42:30.529  1321  1321 W system_server: failed to remove /acct/uid_0/pid_1173: Device or resource busy
01-05 13:42:30.529  1321  1321 W system_server: failed to remove /acct/uid_0/pid_1172: Device or resource busy
01-05 13:42:30.529  1321  1321 W system_server: failed to remove /acct/uid_0/pid_1171: Device or resource busy
01-05 13:42:30.529  1321  1321 W system_server: failed to remove /acct/uid_0/pid_1165: Device or resource busy
01-05 13:42:30.529  1321  1321 W system_server: failed to remove /acct/uid_0/pid_955: Device or resource busy
01-05 13:42:30.529  1321  1321 W system_server: failed to remove /acct/uid_0/pid_950: Device or resource busy
01-05 13:42:30.529  1321  1321 W system_server: failed to remove /acct/uid_0/pid_948: Device or resource busy
01-05 13:42:30.529  1321  1321 W system_server: failed to remove /acct/uid_0/pid_943: Device or resource busy
01-05 13:42:30.529  1321  1321 W system_server: failed to remove /acct/uid_0/pid_940: Device or resource busy
01-05 13:42:30.529  1321  1321 W system_server: failed to remove /acct/uid_0/pid_939: Device or resource busy
01-05 13:42:30.529  1321  1321 W system_server: failed to remove /acct/uid_0/pid_938: Device or resource busy
01-05 13:42:30.529  1321  1321 W system_server: failed to remove /acct/uid_0/pid_937: Device or resource busy
01-05 13:42:30.529  1321  1321 W system_server: failed to remove /acct/uid_0/pid_936: Device or resource busy
01-05 13:42:30.529  1321  1321 W system_server: failed to remove /acct/uid_0/pid_935: Device or resource busy
01-05 13:42:30.529  1321  1321 W system_server: failed to remove /acct/uid_0/pid_932: Device or resource busy
01-05 13:42:30.529  1321  1321 W system_server: failed to remove /acct/uid_0/pid_930: Device or resource busy
01-05 13:42:30.530  1321  1321 W system_server: failed to remove /acct/uid_0: Permission denied
01-05 13:42:30.530  1321  1321 W system_server: failed to remove /acct/uid_1000/pid_1229: Device or resource busy
01-05 13:42:30.530  1321  1321 W system_server: failed to remove /acct/uid_1000/pid_1228: Device or resource busy
01-05 13:42:30.530  1321  1321 W system_server: failed to remove /acct/uid_1000/pid_1223: Device or resource busy
01-05 13:42:30.530  1321  1321 W system_server: failed to remove /acct/uid_1000/pid_1222: Device or resource busy
01-05 13:42:30.530  1321  1321 W system_server: failed to remove /acct/uid_1000/pid_1221: Device or resource busy
01-05 13:42:30.530  1321  1321 W system_server: failed to remove /acct/uid_1000/pid_1220: Device or resource busy
01-05 13:42:30.530  1321  1321 W system_server: failed to remove /acct/uid_1000/pid_1219: Device or resource busy
01-05 13:42:30.530  1321  1321 W system_server: failed to remove /acct/uid_1000/pid_1158: Device or resource busy
01-05 13:42:30.530  1321  1321 W system_server: failed to remove /acct/uid_1000/pid_1157: Device or resource busy
01-05 13:42:30.530  1321  1321 W system_server: failed to remove /acct/uid_1000/pid_1156: Device or resource busy
01-05 13:42:30.530  1321  1321 W system_server: failed to remove /acct/uid_1000/pid_947: Device or resource busy
01-05 13:42:30.530  1321  1321 W system_server: failed to remove /acct/uid_1000/pid_946: Device or resource busy
01-05 13:42:30.530  1321  1321 W system_server: failed to remove /acct/uid_1000/pid_941: Device or resource busy
01-05 13:42:30.530  1321  1321 W system_server: failed to remove /acct/uid_1000/pid_934: Device or resource busy
01-05 13:42:30.530  1321  1321 W system_server: failed to remove /acct/uid_1000/pid_933: Device or resource busy
01-05 13:42:30.531  1321  1321 W system_server: failed to remove /acct/uid_1000: Permission denied
01-05 13:42:30.531  1321  1321 W system_server: failed to remove /acct/uid_1036/pid_1155: Device or resource busy
01-05 13:42:30.531  1321  1321 W system_server: failed to remove /acct/uid_1036: Permission denied
01-05 13:42:30.536  1321  1321 D AppOps  : AppOpsService published
01-05 13:42:30.536  1321  1321 D SystemServerTiming: StartActivityManager took to complete: 330ms
01-05 13:42:30.536  1321  1321 I SystemServer: StartPowerManager
01-05 13:42:30.536  1321  1321 I SystemServiceManager: Starting com.android.server.power.PowerManagerService
01-05 13:42:30.540  1321  1354 I ServiceThread: Enabled StrictMode logging for PowerManagerService looper.
01-05 13:42:30.541  1320  1342 I Adreno  : QUALCOMM build                   : d3015e9, I25dc76dc3f
01-05 13:42:30.541  1320  1342 I Adreno  : Build Date                       : 01/26/17
01-05 13:42:30.541  1320  1342 I Adreno  : OpenGL ES Shader Compiler Version: XE031.09.00.03
01-05 13:42:30.541  1320  1342 I Adreno  : Local Branch                     : 
01-05 13:42:30.541  1320  1342 I Adreno  : Remote Branch                    : refs/tags/AU_LINUX_ANDROID_LA.BF64.1.2.3_RB1.07.00.00.258.011
01-05 13:42:30.541  1320  1342 I Adreno  : Remote Branch                    : NONE
01-05 13:42:30.541  1320  1342 I Adreno  : Reconstruct Branch               : NOTHING
01-05 13:42:30.547  1321  1321 I vndksupport: sphal namespace is not configured for this process. Loading /vendor/lib64/hw/power.msm8992.so from the current namespace instead.
01-05 13:42:30.553  1321  1321 I QCOM PowerHAL: QCOM power HAL initing.
01-05 13:42:30.556   935   935 I rmt_storage: rmt_storage_connect_cb: clnt_h=0x1 conn_h=0x7a12a2c010
01-05 13:42:30.556   935   935 I rmt_storage: rmt_storage_open_cb: /boot/modem_fs1: clnt_h=0x1: req_h=0x1 msg_id=1: Client found
01-05 13:42:30.556   935   935 I rmt_storage: rmt_storage_open_cb: /boot/modem_fs1: clnt_h=0x1: req_h=0x1 msg_id=1: Send response: res=0 err=0
01-05 13:42:30.557   935   935 I rmt_storage: rmt_storage_connect_cb: clnt_h=0x2 conn_h=0x7a12a2c240
01-05 13:42:30.557   935   935 I rmt_storage: rmt_storage_open_cb: /boot/modem_fs2: clnt_h=0x2: req_h=0x2 msg_id=1: Client found
01-05 13:42:30.558   935   935 I rmt_storage: rmt_storage_open_cb: /boot/modem_fs2: clnt_h=0x2: req_h=0x2 msg_id=1: Send response: res=0 err=0
01-05 13:42:30.558   935   935 I rmt_storage: rmt_storage_disconnect_cb: clnt_h=0x1 conn_h=0x7a12a2c010
01-05 13:42:30.558   935   935 I rmt_storage: rmt_storage_connect_cb: clnt_h=0x3 conn_h=0x7a12a2c010
01-05 13:42:30.558   935   935 I rmt_storage: rmt_storage_open_cb: /boot/modem_fsg: clnt_h=0x3: req_h=0x3 msg_id=1: Client found
01-05 13:42:30.558  1321  1321 I PowerManagerService-JNI: Loaded power HAL service
01-05 13:42:30.558   935   935 I rmt_storage: rmt_storage_open_cb: /boot/modem_fsg: clnt_h=0x3: req_h=0x3 msg_id=1: Send response: res=0 err=0
01-05 13:42:30.559   935   935 I rmt_storage: rmt_storage_disconnect_cb: clnt_h=0x2 conn_h=0x7a12a2c240
01-05 13:42:30.559   935   935 I rmt_storage: rmt_storage_disconnect_cb: clnt_h=0x3 conn_h=0x7a12a2c010
01-05 13:42:30.559   935   935 I rmt_storage: rmt_storage_connect_cb: clnt_h=0x4 conn_h=0x7a12a2c010
01-05 13:42:30.559   935   935 I rmt_storage: rmt_storage_open_cb: /boot/modem_fsc: clnt_h=0x4: req_h=0x4 msg_id=1: Client found
01-05 13:42:30.559   935   935 I rmt_storage: rmt_storage_open_cb: /boot/modem_fsc: clnt_h=0x4: req_h=0x4 msg_id=1: Send response: res=0 err=0
01-05 13:42:30.559  1321  1321 I libsuspend: Selected wakeup count
01-05 13:42:30.560   935   935 I rmt_storage: rmt_storage_disconnect_cb: clnt_h=0x4 conn_h=0x7a12a2c010
01-05 13:42:30.561   935  1356 I rmt_storage: rmt_storage_client_thread: /boot/modem_fs1: clnt_h=0x4 Worker thread started
01-05 13:42:30.561   935  1356 I rmt_storage: wake lock name: rmt_storage_524298482928, name creation success: 24
01-05 13:42:30.561   935  1360 I rmt_storage: rmt_storage_client_thread: /boot/modem_fsc: clnt_h=0x4 Worker thread started
01-05 13:42:30.561   935  1360 I rmt_storage: wake lock name: rmt_storage_524295374064, name creation success: 24
01-05 13:42:30.561   935  1357 I rmt_storage: rmt_storage_client_thread: /boot/modem_fs2: clnt_h=0x2 Worker thread started
01-05 13:42:30.561   935  1357 I rmt_storage: wake lock name: rmt_storage_524297446640, name creation success: 24
01-05 13:42:30.561   935   935 I rmt_storage: rmt_storage_connect_cb: clnt_h=0x5 conn_h=0x7a12a2c010
01-05 13:42:30.561  1321  1321 I QCOM PowerHAL: Got set_interactive hint
01-05 13:42:30.561   935  1358 I rmt_storage: rmt_storage_client_thread: /boot/modem_fsg: clnt_h=0x4 Worker thread started
01-05 13:42:30.561   935  1358 I rmt_storage: wake lock name: rmt_storage_524296410352, name creation success: 24
01-05 13:42:30.562   935   935 I rmt_storage: rmt_storage_alloc_buff_cb: /boot/modem_fs1: clnt_h=0x5: req_h=0x5 msg_id=4: Alloc request received: Size: 0
01-05 13:42:30.562   935   935 I rmt_storage: rmt_storage_alloc_buff_cb: /boot/modem_fs1: clnt_h=0x5: req_h=0x5 msg_id=4: New client making a dummy request with buffer req size 0
01-05 13:42:30.562   935   935 I rmt_storage: rmt_storage_alloc_buff_cb: /boot/modem_fs1: clnt_h=0x5: req_h=0x5 msg_id=4: Send response: res=0 err=0
01-05 13:42:30.564   935   935 I rmt_storage: rmt_storage_connect_cb: clnt_h=0x6 conn_h=0x7a12a2c240
01-05 13:42:30.564   935   935 I rmt_storage: rmt_storage_rw_iovec_cb: /boot/modem_fs1: clnt_h=0x5: req_h=0x6 msg_id=3: R/W request received
01-05 13:42:30.564   935   935 I rmt_storage: wakelock acquired: 1, error no: 42
01-05 13:42:30.564   935   935 I rmt_storage: rmt_storage_disconnect_cb: clnt_h=0x5 conn_h=0x7a12a2c010
01-05 13:42:30.565  1321  1321 D SystemServerTiming: StartPowerManager took to complete: 28ms
01-05 13:42:30.565   935  1356 I rmt_storage: rmt_storage_client_thread: /boot/modem_fs1: clnt_h=0x5 Unblock worker thread (th_id: 524298482928)
01-05 13:42:30.565  1321  1321 I SystemServer: InitPowerManagement
01-05 13:42:30.565   935  1356 I rmt_storage: rmt_storage_client_thread: /boot/modem_fs1: clnt_h=0x5: req_h=0x6 msg_id=3: Bytes read = 512
01-05 13:42:30.565   935  1356 I rmt_storage: rmt_storage_client_thread: /boot/modem_fs1: clnt_h=0x5: req_h=0x6 msg_id=3: Send response: res=0 err=0
01-05 13:42:30.566   935  1356 I rmt_storage: rmt_storage_client_thread: /boot/modem_fs1: clnt_h=0x5 About to block rmt_storage client thread (th_id: 524298482928) wakelock released: 1, error no: 0
01-05 13:42:30.566   935  1356 I rmt_storage: 
01-05 13:42:30.567   935   935 I rmt_storage: rmt_storage_connect_cb: clnt_h=0x7 conn_h=0x7a12a2c010
01-05 13:42:30.567   935   935 I rmt_storage: rmt_storage_rw_iovec_cb: /boot/modem_fs2: clnt_h=0x6: req_h=0x7 msg_id=3: R/W request received
01-05 13:42:30.567   935   935 I rmt_storage: wakelock acquired: 1, error no: 42
01-05 13:42:30.567   935   935 I rmt_storage: rmt_storage_disconnect_cb: clnt_h=0x6 conn_h=0x7a12a2c240
01-05 13:42:30.567   935  1357 I rmt_storage: rmt_storage_client_thread: /boot/modem_fs2: clnt_h=0x6 Unblock worker thread (th_id: 524297446640)
01-05 13:42:30.567   935  1357 I rmt_storage: rmt_storage_client_thread: /boot/modem_fs2: clnt_h=0x6: req_h=0x7 msg_id=3: Bytes read = 512
01-05 13:42:30.567   935  1357 I rmt_storage: rmt_storage_client_thread: /boot/modem_fs2: clnt_h=0x6: req_h=0x7 msg_id=3: Send response: res=0 err=0
01-05 13:42:30.567   935  1357 I rmt_storage: rmt_storage_client_thread: /boot/modem_fs2: clnt_h=0x6 About to block rmt_storage client thread (th_id: 524297446640) wakelock released: 1, error no: 0
01-05 13:42:30.567   935  1357 I rmt_storage: 
01-05 13:42:30.568   935   935 I rmt_storage: rmt_storage_disconnect_cb: clnt_h=0x7 conn_h=0x7a12a2c010
01-05 13:42:30.569   935   935 I rmt_storage: rmt_storage_connect_cb: clnt_h=0x8 conn_h=0x7a12a2c010
01-05 13:42:30.569   935   935 I rmt_storage: rmt_storage_rw_iovec_cb: /boot/modem_fs2: clnt_h=0x6: req_h=0x8 msg_id=3: R/W request received
01-05 13:42:30.569   935   935 I rmt_storage: wakelock acquired: 1, error no: 42
01-05 13:42:30.569   935  1357 I rmt_storage: rmt_storage_client_thread: /boot/modem_fs2: clnt_h=0x6 Unblock worker thread (th_id: 524297446640)
01-05 13:42:30.571  1321  1321 D SystemServerTiming: InitPowerManagement took to complete: 6ms
01-05 13:42:30.571  1321  1321 I SystemServer: StartRecoverySystemService
01-05 13:42:30.575  1321  1321 I SystemServiceManager: Starting com.android.server.RecoverySystemService
01-05 13:42:30.577   935  1357 I rmt_storage: rmt_storage_client_thread: /boot/modem_fs2: clnt_h=0x6: req_h=0x8 msg_id=3: Bytes read = 1571840
01-05 13:42:30.577   935  1357 I rmt_storage: rmt_storage_client_thread: /boot/modem_fs2: clnt_h=0x6: req_h=0x8 msg_id=3: Send response: res=0 err=0
01-05 13:42:30.577   935  1357 I rmt_storage: rmt_storage_client_thread: /boot/modem_fs2: clnt_h=0x6 About to block rmt_storage client thread (th_id: 524297446640) wakelock released: 1, error no: 0
01-05 13:42:30.577   935  1357 I rmt_storage: 
01-05 13:42:30.578   935   935 I rmt_storage: rmt_storage_disconnect_cb: clnt_h=0x8 conn_h=0x7a12a2c010
01-05 13:42:30.580  1321  1321 D SystemServerTiming: StartRecoverySystemService took to complete: 9ms
01-05 13:42:30.581  1321  1321 V RescueParty: Disabled because of active USB connection
01-05 13:42:30.582  1321  1321 I SystemServer: StartLightsService
01-05 13:42:30.582  1321  1321 I SystemServiceManager: Starting com.android.server.lights.LightsService
01-05 13:42:30.583  1321  1321 D SystemServerTiming: StartLightsService took to complete: 1ms
01-05 13:42:30.583  1321  1321 I SystemServer: StartDisplayManager
01-05 13:42:30.584  1321  1321 I SystemServiceManager: Starting com.android.server.display.DisplayManagerService
01-05 13:42:30.590  1321  1321 D SystemServerTiming: StartDisplayManager took to complete: 7ms
01-05 13:42:30.590  1321  1321 I SystemServer: WaitForDisplay
01-05 13:42:30.590  1321  1321 I SystemServiceManager: Starting phase 100
01-05 13:42:30.596  1321  1352 I DisplayManagerService: Display device added: DisplayDeviceInfo{"Built-in Screen": uniqueId="local:0", 1440 x 2560, modeId 1, defaultModeId 1, supportedModes [{id=1, width=1440, height=2560, fps=60.0}], colorMode 0, supportedColorModes [0], HdrCapabilities android.view.Display$HdrCapabilities@a69d6308, density 560, 537.882 x 537.388 dpi, appVsyncOff 1000000, presDeadline 16666667, touch INTERNAL, rotation 0, type BUILT_IN, state UNKNOWN, FLAG_DEFAULT_DISPLAY, FLAG_ROTATES_WITH_CONTENT, FLAG_SECURE, FLAG_SUPPORTS_PROTECTED_BUFFERS}
01-05 13:42:30.599  1229  1229 D SurfaceFlinger: Set power mode=2, type=0 flinger=0x781ee6d000
01-05 13:42:30.599  1229  1229 D SurfaceFlinger: Screen type=0 is already mode=2
01-05 13:42:30.607  1321  1352 E light   : light_open lights keyboard failed: -22
01-05 13:42:30.607  1321  1352 E light   : Light passthrough failed to load legacy HAL.
01-05 13:42:30.607  1321  1352 E light   : light_open lights buttons failed: -22
01-05 13:42:30.607  1321  1352 E light   : Light passthrough failed to load legacy HAL.
01-05 13:42:30.609  1321  1352 E light   : light_open lights bluetooth failed: -22
01-05 13:42:30.609  1321  1352 E light   : Light passthrough failed to load legacy HAL.
01-05 13:42:30.610  1321  1352 E light   : light_open lights wifi failed: -22
01-05 13:42:30.610  1321  1352 E light   : Light passthrough failed to load legacy HAL.
01-05 13:42:30.611  1321  1321 D SystemServerTiming: WaitForDisplay took to complete: 21ms
01-05 13:42:30.611  1321  1352 I DisplayManagerService: Display device changed state: "Built-in Screen", ON
01-05 13:42:30.612  1321  1321 I SystemServer: StartPackageManagerService
01-05 13:42:30.671  1321  1321 D SELinuxMMAC: Using policy file /system/etc/selinux/plat_mac_permissions.xml
01-05 13:42:30.673  1320  1342 D BootAnimation: BootAnimationShownTiming start time: 16892ms
01-05 13:42:30.676  1321  1321 D SELinuxMMAC: Using policy file /vendor/etc/selinux/nonplat_mac_permissions.xml
01-05 13:42:30.767  1229  1229 D MDP_SCALE: Debug enabled = 0, Max mixer width= 4096
01-05 13:42:30.782  1321  1321 W PackageManager: Wiping cache directory because the system partition changed.
01-05 13:42:30.782  1321  1321 D PackageManager: No files in app dir /vendor/overlay
01-05 13:42:30.913  1321  1321 D PackageManager: No files in app dir /system/vendor/app
01-05 13:42:30.913  1321  1321 D PackageManager: No files in app dir /oem/app
01-05 13:42:30.915  1321  1321 D PackageManager: No files in app dir /data/app
01-05 13:42:30.915  1321  1321 D PackageManager: No files in app dir /data/app-private
01-05 13:42:30.921  1321  1321 I PackageManager: Time to scan packages: 0.141 seconds
01-05 13:42:30.925  1321  1321 V PackageManager: reconcileAppsData for null u0 0x3 migrateAppData=true
01-05 13:42:30.932   948  1184 I SELinux : SELinux: Loaded file_contexts
01-05 13:42:31.059   943   961 E QMI_FW  : QMUXD: WARNING qmi_qmux_if_pwr_up_init failed! rc=-1
01-05 13:42:31.059   943   961 I chatty  : uid=1000(system) /system/bin/time_daemon identical 2 lines
01-05 13:42:31.059   943   961 E QMI_FW  : QMUXD: WARNING qmi_qmux_if_pwr_up_init failed! rc=-1
01-05 13:42:31.059   943   961 E QC-time-services: Daemon:genoff_modem_qmi_service_request: qmi_client_get_service_list returned 0num_services 1
01-05 13:42:31.060   943   961 E QMI_FW  : QMUXD: WARNING qmi_qmux_if_pwr_up_init failed! rc=-1
01-05 13:42:31.061  1321  1321 V PackageManager: reconcileAppsData finished 21 packages
01-05 13:42:31.062  1321  1379 D SystemServerInitThreadPool: Started executing prepareAppData
01-05 13:42:31.064  1321  1321 V PackageManager: Disabling com.google.android.gsf/com.google.android.gsf.update.SystemUpdateActivity
01-05 13:42:31.064  1321  1321 W PackageManager: Unable to disable com.google.android.gsf/com.google.android.gsf.update.SystemUpdateActivity
01-05 13:42:31.064  1321  1321 V PackageManager: Disabling com.google.android.gsf/com.google.android.gsf.update.SystemUpdateService$Receiver
01-05 13:42:31.064  1321  1321 W PackageManager: Unable to disable com.google.android.gsf/com.google.android.gsf.update.SystemUpdateService$Receiver
01-05 13:42:31.064  1321  1321 V PackageManager: Disabling com.google.android.gsf/com.google.android.gsf.update.SystemUpdateService$SecretCodeReceiver
01-05 13:42:31.064  1321  1321 W PackageManager: Unable to disable com.google.android.gsf/com.google.android.gsf.update.SystemUpdateService$SecretCodeReceiver
01-05 13:42:31.064  1321  1321 V PackageManager: Disabling com.google.android.gsf/com.google.android.gsf.update.SystemUpdateServiceReceiver
01-05 13:42:31.064  1321  1321 W PackageManager: Unable to disable com.google.android.gsf/com.google.android.gsf.update.SystemUpdateServiceReceiver
01-05 13:42:31.064  1321  1321 V PackageManager: Disabling com.google.android.gms/com.google.android.gms.update.SystemUpdateActivity
01-05 13:42:31.064  1321  1321 W PackageManager: Unable to disable com.google.android.gms/com.google.android.gms.update.SystemUpdateActivity
01-05 13:42:31.064  1321  1321 V PackageManager: Disabling com.google.android.gms/com.google.android.gms.update.SystemUpdateService$Receiver
01-05 13:42:31.064  1321  1321 W PackageManager: Unable to disable com.google.android.gms/com.google.android.gms.update.SystemUpdateService$Receiver
01-05 13:42:31.064  1321  1321 V PackageManager: Disabling com.google.android.gms/com.google.android.gms.update.SystemUpdateService$ActiveReceiver
01-05 13:42:31.064  1321  1321 W PackageManager: Unable to disable com.google.android.gms/com.google.android.gms.update.SystemUpdateService$ActiveReceiver
01-05 13:42:31.064  1321  1321 V PackageManager: Disabling com.google.android.gms/com.google.android.gms.update.SystemUpdateService$SecretCodeReceiver
01-05 13:42:31.064  1321  1321 W PackageManager: Unable to disable com.google.android.gms/com.google.android.gms.update.SystemUpdateService$SecretCodeReceiver
01-05 13:42:31.064  1321  1321 V PackageManager: Disabling com.google.android.gms/com.google.android.gms.update.SystemUpdateServiceReceiver
01-05 13:42:31.064  1321  1321 W PackageManager: Unable to disable com.google.android.gms/com.google.android.gms.update.SystemUpdateServiceReceiver
01-05 13:42:31.064  1321  1321 V PackageManager: Enabling com.google.android.gsf/com.google.android.gsf.update.SystemUpdateService
01-05 13:42:31.064  1321  1321 W PackageManager: Unable to enable com.google.android.gsf/com.google.android.gsf.update.SystemUpdateService
01-05 13:42:31.064  1321  1321 V PackageManager: Enabling com.google.android.gms/com.google.android.gms.update.SystemUpdateService
01-05 13:42:31.064  1321  1321 W PackageManager: Unable to enable com.google.android.gms/com.google.android.gms.update.SystemUpdateService
01-05 13:42:31.065   943   961 D QC-time-services: Daemon:genoff_modem_qmi_service_request: Initial transaction successfull
01-05 13:42:31.085   948   948 W installd: Ignoring /data/data/com.android.webview/lib with unexpected GID 0 instead of 10057
01-05 13:42:31.097   937   937 E Diag_Lib:  Diag_LSM_Init: Failed to open handle to diag driver, error = 2
01-05 13:42:31.097   937   937 E Diag_Lib:  Diag_LSM_Init: Failed to open handle to diag driver, error = 2
01-05 13:42:31.099  1321  1321 E PackageManager: There should probably be a verifier, but, none were found
01-05 13:42:31.102  1321  1321 D PackageManager: Ephemeral resolver not found with new action; try old one
01-05 13:42:31.102  1321  1321 D PackageManager: Ephemeral resolver NOT found; no matching intent filters
01-05 13:42:31.102  1321  1321 D PackageManager: Ephemeral installer not found with new action; try old one
01-05 13:42:31.103  1321  1321 D PackageManager: Clear ephemeral installer activity
01-05 13:42:31.103   940  1016 E ThermalEngine: [BMHB_GOV] read failed VS_TEMP
01-05 13:42:31.107  1321  1321 I zygote64: Waiting for a blocking GC Explicit
01-05 13:42:31.136  1321  1379 D SystemServerTimingAsync: AppDataFixup took to complete: 74ms
01-05 13:42:31.145  1321  1321 I zygote64: WaitForGcToComplete blocked for 37.638ms for cause Explicit
01-05 13:42:31.171   936   936 I qmuxd   : type=1400 audit(0.0:893): avc: denied { write } for name="qmux_nfc" dev="tmpfs" ino=12870 scontext=u:r:qmux:s0 tcontext=u:object_r:socket_device:s0 tclass=dir permissive=1
01-05 13:42:31.183  1321  1321 I zygote64: Explicit concurrent copying GC freed 2874(174KB) AllocSpace objects, 0(0B) LOS objects, 42% free, 2MB/4MB, paused 164us total 37.886ms
01-05 13:42:31.185  1321  1321 D FallbackCategoryProvider: Found 1 fallback categories
01-05 13:42:31.187  1321  1321 D SystemServerTiming: StartPackageManagerService took to complete: 575ms
01-05 13:42:31.187  1321  1321 I SystemServer: StartOtaDexOptService
01-05 13:42:31.189  1321  1321 D OTADexopt: No upgrade, skipping A/B artifacts check.
01-05 13:42:31.189  1321  1321 D SystemServerTiming: StartOtaDexOptService took to complete: 1ms
01-05 13:42:31.189  1321  1321 I SystemServer: StartUserManagerService
01-05 13:42:31.189  1321  1321 I SystemServiceManager: Starting com.android.server.pm.UserManagerService$LifeCycle
01-05 13:42:31.190  1321  1321 D SystemServerTiming: StartUserManagerService took to complete: 1ms
01-05 13:42:31.190  1321  1321 I SystemServer: InitAttributerCache
01-05 13:42:31.191  1321  1321 D SystemServerTiming: InitAttributerCache took to complete: 0ms
01-05 13:42:31.191  1321  1321 I SystemServer: SetSystemProcess
01-05 13:42:31.212   950   950 I lowmemorykiller: ActivityManager connected
01-05 13:42:31.212  1321  1321 D SystemServerTiming: SetSystemProcess took to complete: 21ms
01-05 13:42:31.214  1321  1391 I ServiceThread: Enabled StrictMode logging for android.anim looper.
01-05 13:42:31.214  1321  1321 I SystemServer: StartOverlayManagerService
01-05 13:42:31.217  1321  1321 D SystemServerTiming: StartOverlayManagerService took to complete: 4ms
01-05 13:42:31.217  1321  1392 D SystemServerInitThreadPool: Started executing Init OverlayManagerService
01-05 13:42:31.218  1321  1321 I SystemServer: StartDropBoxManager
01-05 13:42:31.219  1321  1393 D SystemServerInitThreadPool: Started executing StartSensorService
01-05 13:42:31.219  1321  1393 D SensorService: nuSensorService starting...
01-05 13:42:31.219  1321  1321 I SystemServiceManager: Starting com.android.server.DropBoxManagerService
01-05 13:42:31.221  1321  1321 D SystemServerTiming: StartDropBoxManager took to complete: 3ms
01-05 13:42:31.221  1321  1321 I SystemServer: StartBatteryService
01-05 13:42:31.222  1321  1321 I SystemServiceManager: Starting com.android.server.BatteryService
01-05 13:42:31.230  1321  1321 D SystemServerTiming: StartBatteryService took to complete: 8ms
01-05 13:42:31.230  1321  1321 I SystemServer: StartUsageService
01-05 13:42:31.231  1321  1321 I SystemServiceManager: Starting com.android.server.usage.UsageStatsService
01-05 13:42:31.238  1321  1332 D lights  : Using onoff pattern: 0x000000
01-05 13:42:31.243  1321  1336 E KernelCpuSpeedReader: Failed to read cpu-freq: /sys/devices/system/cpu/cpu4/cpufreq/stats/time_in_state (No such file or directory)
01-05 13:42:31.249  1321  1321 D SystemServerTiming: StartUsageService took to complete: 20ms
01-05 13:42:31.249  1321  1321 I SystemServer: StartWebViewUpdateService
01-05 13:42:31.250  1321  1321 I SystemServiceManager: Starting com.android.server.webkit.WebViewUpdateService
01-05 13:42:31.256  1321  1321 D SystemServerTiming: StartWebViewUpdateService took to complete: 7ms
01-05 13:42:31.257  1321  1321 I SystemServer: StartKeyAttestationApplicationIdProviderService
01-05 13:42:31.257  1321  1392 D SystemServerInitThreadPool: Finished executing Init OverlayManagerService
01-05 13:42:31.258  1321  1392 D SystemServerInitThreadPool: Started executing SecondaryZygotePreload
01-05 13:42:31.258  1321  1392 I SystemServer: SecondaryZygotePreload
01-05 13:42:31.260  1321  1321 D SystemServerTiming: StartKeyAttestationApplicationIdProviderService took to complete: 3ms
01-05 13:42:31.260  1321  1321 I SystemServer: StartKeyChainSystemService
01-05 13:42:31.260  1321  1321 I SystemServiceManager: Starting com.android.server.security.KeyChainSystemService
01-05 13:42:31.261  1321  1321 D SystemServerTiming: StartKeyChainSystemService took to complete: 0ms
01-05 13:42:31.261  1321  1321 I SystemServer: StartSchedulingPolicyService
01-05 13:42:31.263  1321  1321 D SystemServerTiming: StartSchedulingPolicyService took to complete: 2ms
01-05 13:42:31.264  1321  1321 I SystemServer: StartTelecomLoaderService
01-05 13:42:31.264  1321  1321 I SystemServiceManager: Starting com.android.server.telecom.TelecomLoaderService
01-05 13:42:31.264  1321  1321 D SystemServerTiming: StartTelecomLoaderService took to complete: 1ms
01-05 13:42:31.264  1321  1321 I SystemServer: StartTelephonyRegistry
01-05 13:42:31.268  1321  1392 I Zygote  : Process: zygote socket zygote opened, supported ABIS: arm64-v8a
01-05 13:42:31.273  1321  1321 D SystemServerTiming: StartTelephonyRegistry took to complete: 8ms
01-05 13:42:31.273  1321  1321 I SystemServer: StartEntropyMixer
01-05 13:42:31.276  1321  1321 I EntropyMixer: Writing entropy...
01-05 13:42:31.271  1393  1393 I system-server-i: type=1400 audit(0.0:897): avc: denied { getattr } for path="/dev/sensors" dev="tmpfs" ino=9734 scontext=u:r:system_server:s0 tcontext=u:object_r:device:s0 tclass=chr_file permissive=1
01-05 13:42:31.276  1321  1393 I sensors_hal_Ctx: enableLogging: Setting log level to 5
01-05 13:42:31.276  1321  1393 E sensors_hal_Ctx: enableLogging: Mag filter level is 1
01-05 13:42:31.276  1321  1393 I libsensor1: sensor1_init_once: Setting log level to 5
01-05 13:42:31.277  1321  1321 D SystemServerTiming: StartEntropyMixer took to complete: 3ms
01-05 13:42:31.277  1321  1321 I SystemServer: Camera Service Proxy
01-05 13:42:31.277  1321  1321 I SystemServer: StartCameraServiceProxy
01-05 13:42:31.271  1393  1393 I system-server-i: type=1400 audit(0.0:898): avc: denied { write } for name="sensor_ctl_socket" dev="tmpfs" ino=22852 scontext=u:r:system_server:s0 tcontext=u:object_r:socket_device:s0 tclass=sock_file permissive=1
01-05 13:42:31.273  1321  1321 D SystemServerTiming: StartTelephonyRegistry took to complete: 8ms
01-05 13:42:31.273  1321  1321 I SystemServer: StartEntropyMixer
01-05 13:42:31.276  1321  1321 I EntropyMixer: Writing entropy...
01-05 13:42:31.276  1321  1393 I sensors_hal_Ctx: enableLogging: Setting log level to 5
01-05 13:42:31.276  1321  1393 E sensors_hal_Ctx: enableLogging: Mag filter level is 1
01-05 13:42:31.276  1321  1393 I libsensor1: sensor1_init_once: Setting log level to 5
01-05 13:42:31.277  1321  1321 D SystemServerTiming: StartEntropyMixer took to complete: 3ms
01-05 13:42:31.277  1321  1321 I SystemServer: Camera Service Proxy
01-05 13:42:31.277  1321  1321 I SystemServer: StartCameraServiceProxy
01-05 13:42:31.278  1321  1321 I SystemServiceManager: Starting com.android.server.camera.CameraServiceProxy
01-05 13:42:31.279  1321  1392 I Zygote  : Process: zygote socket zygote_secondary opened, supported ABIS: armeabi-v7a,armeabi
01-05 13:42:31.280  1173  1173 I Zygote  : Lazily preloading resources.
01-05 13:42:31.280  1173  1173 D Zygote  : begin preload
01-05 13:42:31.280  1173  1173 I Zygote  : Installing ICU cache reference pinning...
01-05 13:42:31.280  1173  1173 I Zygote  : Preloading ICU data...
01-05 13:42:31.281  1321  1401 I ServiceThread: Enabled StrictMode logging for CameraService_proxy looper.
01-05 13:42:31.283  1321  1321 D SystemServerTiming: StartCameraServiceProxy took to complete: 6ms
01-05 13:42:31.283  1321  1321 I SystemServer: StartAccountManagerService
01-05 13:42:31.283  1321  1321 I SystemServiceManager: Starting com.android.server.accounts.AccountManagerService$Lifecycle
01-05 13:42:31.286  1321  1393 V sensors_hal_Time: Sensor1 opened for time_service
01-05 13:42:31.286  1321  1393 D sensors_hal_Ctx: SensorsContext: Wake Up Sensors are enabled!
01-05 13:42:31.286   939   939 E QMI_FW  : xport_send: Sendto failed for port 1792
01-05 13:42:31.286   939   939 E QMI_FW  : QCCI qmi_cci_flush_tx_q: Error sending TXN: svc_id: 256 txn_id: 1 msg_id: 1
01-05 13:42:31.286   939   939 E Sensors : sns_acm_mr.c(499):Transport error -16
01-05 13:42:31.296  1321  1321 D SystemServerTiming: StartAccountManagerService took to complete: 14ms
01-05 13:42:31.296  1321  1321 I SystemServer: StartContentService
01-05 13:42:31.297  1321  1321 I SystemServiceManager: Starting com.android.server.content.ContentService$Lifecycle
01-05 13:42:31.301  1321  1321 D SystemServerTiming: StartContentService took to complete: 4ms
01-05 13:42:31.301  1321  1321 I SystemServer: InstallSystemProviders
01-05 13:42:31.318  1173  1173 D ZygoteInitTiming_lazy: BeginIcuCachePinning took to complete: 38ms
01-05 13:42:31.318  1173  1173 I Zygote  : Preloading classes...
01-05 13:42:31.556  1321  1379 D SystemServerTimingAsync: AppDataPrepare took to complete: 420ms
01-05 13:42:31.557  1321  1379 I PackageManager: Deferred reconcileAppsData finished 64 packages
01-05 13:42:31.557  1321  1379 D SystemServerInitThreadPool: Finished executing prepareAppData
01-05 13:42:31.572  1173  1173 E ActivityRecognitionHardware: activity_recognition HAL is deprecated. class_init is effectively a no-op
01-05 13:42:31.605  1173  1173 I zygote  : Thread[1,tid=1173,Native,Thread*=0xeeffb000,peer=0x10180220,"main"] recursive attempt to load library "/system/lib/libmedia_jni.so"
01-05 13:42:31.606  1173  1173 D MtpDeviceJNI: register_android_mtp_MtpDevice
01-05 13:42:31.607  1173  1173 I zygote  : Thread[1,tid=1173,Native,Thread*=0xeeffb000,peer=0x10180220,"main"] recursive attempt to load library "/system/lib/libmedia_jni.so"
01-05 13:42:31.607  1173  1173 I zygote  : Thread[1,tid=1173,Native,Thread*=0xeeffb000,peer=0x10180220,"main"] recursive attempt to load library "/system/lib/libmedia_jni.so"
01-05 13:42:31.651  1173  1173 W main    : type=1400 audit(0.0:902): avc: granted { read } for name="cmdline" dev="proc" ino=4026535438 scontext=u:r:zygote:s0 tcontext=u:object_r:proc:s0 tclass=file
01-05 13:42:31.651  1173  1173 W main    : type=1400 audit(0.0:903): avc: granted { read open } for path="/proc/cmdline" dev="proc" ino=4026535438 scontext=u:r:zygote:s0 tcontext=u:object_r:proc:s0 tclass=file
01-05 13:42:31.651  1173  1173 W main    : type=1400 audit(0.0:904): avc: granted { getattr } for path="/proc/cmdline" dev="proc" ino=4026535438 scontext=u:r:zygote:s0 tcontext=u:object_r:proc:s0 tclass=file
01-05 13:42:31.805  1173  1173 I System  : Loaded time zone names for "" in 48ms (47ms in ICU)
01-05 13:42:31.831  1173  1173 I System  : Loaded time zone names for "en_US" in 25ms (23ms in ICU)
01-05 13:42:31.851  1173  1173 I Zygote  : ...preloaded 4570 classes in 533ms.
01-05 13:42:31.851  1173  1173 I zygote  : VMRuntime.preloadDexCaches starting
01-05 13:42:31.978  1173  1173 I zygote  : VMRuntime.preloadDexCaches strings total=307197 before=2830 after=2830
01-05 13:42:31.978  1173  1173 I zygote  : VMRuntime.preloadDexCaches types total=26199 before=2663 after=3316
01-05 13:42:31.978  1173  1173 I zygote  : VMRuntime.preloadDexCaches fields total=124185 before=2149 after=1211
01-05 13:42:31.978  1173  1173 I zygote  : VMRuntime.preloadDexCaches methods total=220089 before=87676 after=87774
01-05 13:42:31.978  1173  1173 I zygote  : VMRuntime.preloadDexCaches finished
01-05 13:42:31.978  1173  1173 D ZygoteInitTiming_lazy: PreloadClasses took to complete: 660ms
01-05 13:42:32.011  1173  1173 I Zygote  : Preloading resources...
01-05 13:42:32.015   946   946 I imswmsproxy: type=1400 audit(0.0:905): avc: denied { write } for name="qmux_connect_socket" dev="tmpfs" ino=24879 scontext=u:r:init:s0 tcontext=u:object_r:qmuxd_socket:s0 tclass=sock_file permissive=1
01-05 13:42:32.015   946   946 I imswmsproxy: type=1400 audit(0.0:906): avc: denied { connectto } for path="/dev/socket/qmux_radio/qmux_connect_socket" scontext=u:r:init:s0 tcontext=u:r:qmux:s0 tclass=unix_stream_socket permissive=1
01-05 13:42:32.021   946   946 D ImsWmsClient: ImsWmsClient :: Modem is initialized; handle=255
01-05 13:42:32.057   940   968 I ThermalEngine: qmi: Instance id 157 for fusion TS
01-05 13:42:32.062  1173  1173 W Resources: Preloaded drawable resource #0x1080264 (android:drawable/dialog_background_material) that varies with configuration!!
01-05 13:42:32.075  1173  1173 W Resources: Preloaded color resource #0x10600de (android:color/material_grey_800) that varies with configuration!!
01-05 13:42:32.075  1173  1173 W Resources: Preloaded drawable resource #0x10802d1 (android:drawable/floating_popup_background_dark) that varies with configuration!!
01-05 13:42:32.111   965   965 I thermal-engine: type=1400 audit(0.0:909): avc: denied { write } for scontext=u:r:init:s0 tcontext=u:r:init:s0 tclass=socket permissive=1
01-05 13:42:32.116   940   965 I ThermalEngine: MODEM thermal mitigation available.
01-05 13:42:32.116   940   965 I ThermalEngine: ACTION: MODEM - Pending request: pa mitigation succeeded for level 0.
01-05 13:42:32.117   940   965 I ThermalEngine: ACTION: MODEM - Pending request: cpuv_restriction_cold mitigation succeeded for level 0.
01-05 13:42:32.122   940   967 I ThermalEngine: ADSP thermal mitigation available.
01-05 13:42:32.123   940   967 I ThermalEngine: ACTION: ADSP - Pending request: cpuv_restriction_cold mitigation succeeded for level 0.
01-05 13:42:32.276  1173  1173 I Zygote  : ...preloaded 114 resources in 265ms.
01-05 13:42:32.280  1173  1173 W Resources: Preloaded color resource #0x1060036 (android:color/background_cache_hint_selector_material_dark) that varies with configuration!!
01-05 13:42:32.281  1173  1173 W Resources: Preloaded color resource #0x1060053 (android:color/btn_default_material_dark) that varies with configuration!!
01-05 13:42:32.283  1173  1173 I Zygote  : ...preloaded 41 resources in 7ms.
01-05 13:42:32.283  1173  1173 D ZygoteInitTiming_lazy: PreloadResources took to complete: 305ms
01-05 13:42:32.284  1173  1173 I vndksupport: sphal namespace is not configured for this process. Loading /vendor/lib/egl/libEGL_adreno.so from the current namespace instead.
01-05 13:42:32.287  1321  1393 E sensors_hal_Util: waitForResponse: pthread_cond_timedwait() rc=110 (cond: 0)
01-05 13:42:32.287  1321  1393 E sensors_hal_Ctx: sendSMGRVersionReq: SMGR version request timed out
01-05 13:42:32.287  1321  1393 E sensors_hal_Ctx: SensorsContext: SMGR version request failed!
01-05 13:42:32.287   939   939 E QMI_FW  : xport_send: Sendto failed for port 1792
01-05 13:42:32.287   939   939 E QMI_FW  : QCCI qmi_cci_flush_tx_q: Error sending TXN: svc_id: 256 txn_id: 2 msg_id: 5
01-05 13:42:32.287   939   939 E Sensors : sns_acm_mr.c(499):Transport error -16
01-05 13:42:32.293  1173  1173 D libEGL  : loaded /vendor/lib/egl/libEGL_adreno.so
01-05 13:42:32.367  1173  1173 I vndksupport: sphal namespace is not configured for this process. Loading /vendor/lib/egl/libGLESv1_CM_adreno.so from the current namespace instead.
01-05 13:42:32.369  1173  1173 D libEGL  : loaded /vendor/lib/egl/libGLESv1_CM_adreno.so
01-05 13:42:32.402  1173  1173 I vndksupport: sphal namespace is not configured for this process. Loading /vendor/lib/egl/libGLESv2_adreno.so from the current namespace instead.
01-05 13:42:32.402  1173  1173 D libEGL  : loaded /vendor/lib/egl/libGLESv2_adreno.so
01-05 13:42:32.413   937  1388 E Diag_Lib:  Diag_LSM_Init: Failed to open handle to diag driver, error = 2
01-05 13:42:32.439   937   937 I netmgrd : type=1400 audit(0.0:911): avc: denied { write } for name="netmgr" dev="tmpfs" ino=10664 scontext=u:r:netmgrd:s0 tcontext=u:object_r:socket_device:s0 tclass=dir permissive=1
01-05 13:42:32.439   937   937 I netmgrd : type=1400 audit(0.0:912): avc: denied { add_name } for name="netmgr_connect_socket" scontext=u:r:netmgrd:s0 tcontext=u:object_r:socket_device:s0 tclass=dir permissive=1
01-05 13:42:32.439   937   937 I netmgrd : type=1400 audit(0.0:913): avc: denied { create } for name="netmgr_connect_socket" scontext=u:r:netmgrd:s0 tcontext=u:object_r:socket_device:s0 tclass=sock_file permissive=1
01-05 13:42:32.455  1173  1173 I Zygote  : Preloading shared libraries...
01-05 13:42:32.495  1173  1173 I Zygote  : Uninstalled ICU cache reference pinning...
01-05 13:42:32.497  1173  1173 I Zygote  : Installed AndroidKeyStoreProvider in 3ms.
01-05 13:42:32.513  1173  1173 I Zygote  : Warmed up JCA providers in 15ms.
01-05 13:42:32.513  1173  1173 D Zygote  : end preload
01-05 13:42:32.513  1321  1392 D SystemServerTimingAsync: SecondaryZygotePreload took to complete: 1256ms
01-05 13:42:32.513  1321  1392 D SystemServerInitThreadPool: Finished executing SecondaryZygotePreload
01-05 13:42:33.287  1321  1393 E sensors_hal_Util: waitForResponse: pthread_cond_timedwait() rc=110 (cond: 0)
01-05 13:42:33.287  1321  1393 E sensors_hal_Ctx: getSensorList: Request timed out
01-05 13:42:33.287  1321  1393 E sensors_hal_Ctx: SensorsContext: get sensor list failed!
01-05 13:42:33.293  1321  1393 I MultiHal: Loaded library from sensors.ssc.so
01-05 13:42:33.300  1321  1393 D SystemServerTimingAsync: StartSensorService took to complete: 2082ms
01-05 13:42:33.300  1321  1393 D SystemServerInitThreadPool: Finished executing StartSensorService
01-05 13:42:33.319  1321  1321 W system_server: type=1400 audit(0.0:916): avc: granted { execute } for path="/data/dalvik-cache/arm64/system@priv-app@SettingsProvider@SettingsProvider.apk@classes.dex" dev="mmcblk0p50" ino=1013852 scontext=u:r:system_server:s0 tcontext=u:object_r:dalvikcache_data_file:s0 tclass=file
01-05 13:42:33.352  1321  1321 I SettingsState: No settings state /data/system/users/0/settings_ssaid.xml
01-05 13:42:33.362  1321  1321 D SystemServerTiming: InstallSystemProviders took to complete: 2062ms
01-05 13:42:33.362  1321  1321 I SystemServer: StartVibratorService
01-05 13:42:33.371  1321  1321 I vndksupport: sphal namespace is not configured for this process. Loading /vendor/lib64/hw/vibrator.default.so from the current namespace instead.
01-05 13:42:33.373  1321  1321 D         : Vibrator using timed_output
01-05 13:42:33.377  1321  1321 D SystemServerTiming: StartVibratorService took to complete: 15ms
01-05 13:42:33.378  1321  1321 I SystemServer: StartConsumerIrService
01-05 13:42:33.388  1321  1321 D SystemServerTiming: StartConsumerIrService took to complete: 10ms
01-05 13:42:33.388  1321  1321 I SystemServer: StartAlarmManagerService
01-05 13:42:33.388  1321  1321 I SystemServiceManager: Starting com.android.server.AlarmManagerService
01-05 13:42:33.391  1321  1321 D AlarmManagerService: Kernel timezone updated to 0 minutes west of GMT
01-05 13:42:33.391  1321  1321 I AlarmManager: Current time only 1420465353391, advancing to build time 1513718080000
01-05 13:42:33.391  1321  1321 D AlarmManagerService: Setting time of day to sec=1513718080
12-19 21:14:40.000  1321  1321 W AlarmManagerService: Unable to set rtc to 1513718080: Invalid argument
