01-06 00:27:30.850   420   420 I zygote  : option[26]=-Ximage-compiler-option
01-06 00:27:30.850   420   420 I zygote  : option[27]=--compiled-classes=/system/etc/compiled-classes
01-06 00:27:30.850   420   420 I zygote  : option[28]=-Ximage-compiler-option
01-06 00:27:30.850   420   420 I zygote  : option[29]=--dirty-image-objects=/system/etc/dirty-image-objects
01-06 00:27:30.850   420   420 I zygote  : option[30]=-Xcompiler-option
01-06 00:27:30.850   420   420 I zygote  : option[31]=--runtime-arg
01-06 00:27:30.850   420   420 I zygote  : option[32]=-Xcompiler-option
01-06 00:27:30.850   420   420 I zygote  : option[33]=-Xms64m
01-06 00:27:30.850   420   420 I zygote  : option[34]=-Xcompiler-option
01-06 00:27:30.850   420   420 I zygote  : option[35]=--runtime-arg
01-06 00:27:30.850   420   420 I zygote  : option[36]=-Xcompiler-option
01-06 00:27:30.850   420   420 I zygote  : option[37]=-Xmx512m
01-06 00:27:30.850   420   420 I zygote  : option[38]=-Xcompiler-option
01-06 00:27:30.850   420   420 I zygote  : option[39]=-j2
01-06 00:27:30.850   420   420 I zygote  : option[40]=-Ximage-compiler-option
01-06 00:27:30.850   420   420 I zygote  : option[41]=-j4
01-06 00:27:30.850   420   420 I zygote  : option[42]=-Ximage-compiler-option
01-06 00:27:30.850   420   420 I zygote  : option[43]=--instruction-set-variant=cortex-a53.a57
01-06 00:27:30.850   420   420 I zygote  : option[44]=-Xcompiler-option
01-06 00:27:30.850   420   420 I zygote  : option[45]=--instruction-set-variant=cortex-a53.a57
01-06 00:27:30.850   420   420 I zygote  : option[46]=-Ximage-compiler-option
01-06 00:27:30.850   420   420 I zygote  : option[47]=--instruction-set-features=default
01-06 00:27:30.850   420   420 I zygote  : option[48]=-Xcompiler-option
01-06 00:27:30.850   420   420 I zygote  : option[49]=--instruction-set-features=default
01-06 00:27:30.850   420   420 I zygote  : option[50]=-Duser.locale=el-GR
01-06 00:27:30.850   420   420 I zygote  : option[51]=--cpu-abilist=armeabi-v7a,armeabi
01-06 00:27:30.850   420   420 I zygote  : option[52]=-Xfingerprint:lge/p1_global_com/p1:8.0/NRD90U/171931902b165:user/release-keys
01-06 00:27:30.865   505   505 I installd: installd firing up
01-06 00:27:30.895   497   497 I ThermalEngine: Thermal daemon started
01-06 00:27:30.904   509   509 I mediametrics: ServiceManager: 0x722823e680
01-06 00:27:30.904   509   509 D MediaAnalyticsService: MediaAnalyticsService created
01-06 00:27:30.904   509   509 D MediaAnalyticsService: MediaAnalyticsService::newSummarizerSet
01-06 00:27:30.904   497   497 I ThermalEngine: Using target config file '/system/etc/thermal-engine-8992.conf'
01-06 00:27:30.904   497   497 E ThermalEngine: Daemon : persist.sys.thermald_miti_off = true
01-06 00:27:30.904   497   497 E ThermalEngine: Daemon : ro.lge.panel_type = 0
01-06 00:27:30.904   497   497 I ThermalEngine: devices_manager_init: Init
01-06 00:27:30.905   497   497 I ThermalEngine: Number of gpus :1
01-06 00:27:30.905   497   497 I Thermal-IOCTL: KTM IOCTL interface "/dev/msm_thermal_query" opened
01-06 00:27:30.905   497   497 E ThermalEngine: update_cpu_topology: Cluster Info[0]. Cluster Id: 0 cpu_bits:0xf sync:1
01-06 00:27:30.905   497   497 E ThermalEngine: update_cpu_topology: Cluster Info[1]. Cluster Id: 1 cpu_bits:0x30 sync:1
01-06 00:27:30.905   497   497 I ThermalEngine: vdd_rstr_init: Init KTM VDD RSTR enabled: 0
01-06 00:27:30.905   497   497 I ThermalEngine: sensors_manager_init: Init
01-06 00:27:30.931   497   547 E Diag_Lib:  Diag_LSM_Init: Failed to open handle to diag driver, error = 2
01-06 00:27:30.934   497   497 I ThermalEngine: Loading config file for virtual sensor
01-06 00:27:30.934   497   497 I ThermalEngine: Loading configuration file /system/etc/thermal-engine-8992.conf
01-06 00:27:30.936   497   497 I ThermalEngine: Parsing section global
01-06 00:27:30.936   497   497 I ThermalEngine: Found field 'sampling'
01-06 00:27:30.936   497   497 I ThermalEngine: Found field 'c_mode'
01-06 00:27:30.936   497   497 I ThermalEngine: Found field 'lcd_adjust_thresh'
01-06 00:27:30.936   497   497 I ThermalEngine: Found field 'lcd_adjust_max_level'
01-06 00:27:30.938   497   497 E ThermalEngine: virtual_sensors_init: Error getting virtual sensors set
01-06 00:27:30.938   497   497 I ThermalEngine: Loading configuration file /system/etc/thermal-engine-8992.conf
01-06 00:27:30.938   497   497 I ThermalEngine: Parsing section global
01-06 00:27:30.938   497   497 I ThermalEngine: Found field 'sampling'
01-06 00:27:30.938   497   497 I ThermalEngine: Found field 'c_mode'
01-06 00:27:30.938   497   497 I ThermalEngine: Found field 'lcd_adjust_thresh'
01-06 00:27:30.938   497   497 I ThermalEngine: Found field 'lcd_adjust_max_level'
01-06 00:27:30.938   497   497 I ThermalEngine: Created section 'LITTLE_CLUSTER_management'
01-06 00:27:30.938   497   497 I ThermalEngine: Algo Type 'monitor'
01-06 00:27:30.938   497   497 I ThermalEngine: Parsing section LITTLE_CLUSTER_management
01-06 00:27:30.938   497   497 I ThermalEngine: Found field 'sensor'
01-06 00:27:30.938   497   497 I ThermalEngine: Found field 'sampling'
01-06 00:27:30.938   497   497 I ThermalEngine: Found field 'thresholds'
01-06 00:27:30.938   497   497 I ThermalEngine: Found field 'thresholds_clr'
01-06 00:27:30.938   497   497 I ThermalEngine: Found field 'actions'
01-06 00:27:30.938   497   497 I ThermalEngine: Found field 'action_info'
01-06 00:27:30.938   497   497 E ThermalEngine: get_max_action_info: can't read CLUSTER0_MAX max val
01-06 00:27:30.938   497   497 E ThermalEngine: parse_action_info: Found CLUSTER0_MAX: 1248000
01-06 00:27:30.938   497   497 I ThermalEngine: Found field 'action_type'
01-06 00:27:30.938   497   497 I ThermalEngine: Created section 'SS-BIG_CLUSTER_management'
01-06 00:27:30.938   497   497 I ThermalEngine: Algo Type 'monitor'
01-06 00:27:30.938   497   497 I ThermalEngine: Parsing section SS-BIG_CLUSTER_management
01-06 00:27:30.938   497   497 I ThermalEngine: Found field 'sampling'
01-06 00:27:30.938   497   497 I ThermalEngine: Found field 'sensor'
01-06 00:27:30.938   497   497 I ThermalEngine: Found field 'thresholds'
01-06 00:27:30.938   497   497 I ThermalEngine: Found field 'thresholds_clr'
01-06 00:27:30.938   497   497 I ThermalEngine: Found field 'actions'
01-06 00:27:30.938   497   497 I ThermalEngine: Found field 'action_info'
01-06 00:27:30.938   497   497 E ThermalEngine: get_max_action_info: can't read CLUSTER1_MAX max val
01-06 00:27:30.938   497   497 E ThermalEngine: parse_action_info: Found CLUSTER1_MAX: 1248000
01-06 00:27:30.938   497   497 I ThermalEngine: Found field 'action_type'
01-06 00:27:30.938   497   497 I ThermalEngine: Created section 'SS-GPU_management'
01-06 00:27:30.938   497   497 I ThermalEngine: Algo Type 'monitor'
01-06 00:27:30.938   497   497 I ThermalEngine: Parsing section SS-GPU_management
01-06 00:27:30.938   497   497 I ThermalEngine: Found field 'sensor'
01-06 00:27:30.938   497   497 I ThermalEngine: Found field 'sampling'
01-06 00:27:30.938   497   497 I ThermalEngine: Found field 'thresholds'
01-06 00:27:30.938   497   497 I ThermalEngine: Found field 'thresholds_clr'
01-06 00:27:30.938   497   497 I ThermalEngine: Found field 'actions'
01-06 00:27:30.938   497   497 I ThermalEngine: Found field 'action_info'
01-06 00:27:30.938   497   497 E ThermalEngine: get_max_action_info: can't read GPU_MAX max val
01-06 00:27:30.938   497   497 E ThermalEngine: parse_action_info: Found GPU_MAX: 600000000
01-06 00:27:30.939   497   497 I ThermalEngine: Found field 'action_type'
01-06 00:27:30.939   497   497 I ThermalEngine: Created section 'LCD_management'
01-06 00:27:30.939   497   497 I ThermalEngine: Algo Type 'monitor'
01-06 00:27:30.939   497   497 I ThermalEngine: Parsing section LCD_management
01-06 00:27:30.939   497   497 I ThermalEngine: Found field 'sensor'
01-06 00:27:30.939   497   497 I ThermalEngine: Found field 'sampling'
01-06 00:27:30.939   497   497 I ThermalEngine: Found field 'thresholds'
01-06 00:27:30.939   497   497 I ThermalEngine: Found field 'thresholds_clr'
01-06 00:27:30.939   497   497 I ThermalEngine: Found field 'actions'
01-06 00:27:30.939   497   497 I ThermalEngine: Found field 'action_info'
01-06 00:27:30.939   497   497 I ThermalEngine: Found field 'action_type'
01-06 00:27:30.939   497   497 I ThermalEngine: Created section 'battery_monitor'
01-06 00:27:30.939   497   497 I ThermalEngine: Algo Type 'monitor'
01-06 00:27:30.939   497   497 I ThermalEngine: Parsing section battery_monitor
01-06 00:27:30.939   497   497 I ThermalEngine: Found field 'sensor'
01-06 00:27:30.939   497   497 I ThermalEngine: Found field 'sampling'
01-06 00:27:30.939   497   497 I ThermalEngine: Found field 'thresholds'
01-06 00:27:30.939   497   497 I ThermalEngine: Found field 'thresholds_clr'
01-06 00:27:30.939   497   497 I ThermalEngine: Found field 'actions'
01-06 00:27:30.939   497   497 I ThermalEngine: Found field 'action_info'
01-06 00:27:30.939   497   497 I ThermalEngine: Created section 'qc20_battery_monitor'
01-06 00:27:30.939   497   497 I ThermalEngine: Algo Type 'monitor'
01-06 00:27:30.939   497   497 I ThermalEngine: Parsing section qc20_battery_monitor
01-06 00:27:30.939   497   497 I ThermalEngine: Found field 'sensor'
01-06 00:27:30.939   497   497 I ThermalEngine: Found field 'sampling'
01-06 00:27:30.939   497   497 I ThermalEngine: Found field 'thresholds'
01-06 00:27:30.939   497   497 I ThermalEngine: Found field 'thresholds_clr'
01-06 00:27:30.939   497   497 I ThermalEngine: Found field 'actions'
01-06 00:27:30.939   497   497 I ThermalEngine: Found field 'action_info'
01-06 00:27:30.940   497   497 I ThermalEngine: Created section 'wlchg_monitor'
01-06 00:27:30.940   497   497 I ThermalEngine: Algo Type 'monitor'
01-06 00:27:30.940   497   497 I ThermalEngine: Parsing section wlchg_monitor
01-06 00:27:30.940   497   497 I ThermalEngine: Found field 'sensor'
01-06 00:27:30.940   497   497 I ThermalEngine: Found field 'sampling'
01-06 00:27:30.940   497   497 I ThermalEngine: Found field 'thresholds'
01-06 00:27:30.940   497   497 I ThermalEngine: Found field 'thresholds_clr'
01-06 00:27:30.940   497   497 I ThermalEngine: Found field 'actions'
01-06 00:27:30.940   497   497 I ThermalEngine: Found field 'action_info'
01-06 00:27:30.940   497   497 I ThermalEngine: Created section 'SS-GPU12_JUNCTION'
01-06 00:27:30.940   497   497 I ThermalEngine: Algo Type 'ss'
01-06 00:27:30.940   497   497 I ThermalEngine: Parsing section SS-GPU12_JUNCTION
01-06 00:27:30.940   497   497 I ThermalEngine: Found field 'sampling'
01-06 00:27:30.940   497   497 I ThermalEngine: Found field 'sensor'
01-06 00:27:30.940   497   497 I ThermalEngine: Found field 'device'
01-06 00:27:30.940   497   497 I ThermalEngine: Found field 'set_point'
01-06 00:27:30.940   497   497 I ThermalEngine: Found field 'set_point_clr'
01-06 00:27:30.940   497   497 I ThermalEngine: Found field 'action_type'
01-06 00:27:30.940   497   497 I ThermalEngine: Created section 'SS-GPU11_JUNCTION'
01-06 00:27:30.940   497   497 I ThermalEngine: Algo Type 'ss'
01-06 00:27:30.940   497   497 I ThermalEngine: Parsing section SS-GPU11_JUNCTION
01-06 00:27:30.940   497   497 I ThermalEngine: Found field 'sampling'
01-06 00:27:30.940   497   497 I ThermalEngine: Found field 'sensor'
01-06 00:27:30.940   497   497 I ThermalEngine: Found field 'device'
01-06 00:27:30.940   497   497 I ThermalEngine: Found field 'set_point'
01-06 00:27:30.940   497   497 I ThermalEngine: Found field 'set_point_clr'
01-06 00:27:30.940   497   497 I ThermalEngine: Found field 'action_type'
01-06 00:27:30.940   497   497 I ThermalEngine: Created section 'SS-CPU0_JUNCTION'
01-06 00:27:30.940   497   497 I ThermalEngine: Algo Type 'ss'
01-06 00:27:30.940   497   497 I ThermalEngine: Parsing section SS-CPU0_JUNCTION
01-06 00:27:30.940   497   497 I ThermalEngine: Found field 'sampling'
01-06 00:27:30.940   497   497 I ThermalEngine: Found field 'sensor'
01-06 00:27:30.940   497   497 I ThermalEngine: Found field 'device'
01-06 00:27:30.940   497   497 I ThermalEngine: Found field 'set_point'
01-06 00:27:30.940   520   520 I gatekeeperd: Starting gatekeeperd...
01-06 00:27:30.940   497   497 I ThermalEngine: Found field 'set_point_clr'
01-06 00:27:30.940   497   497 I ThermalEngine: Found field 'action_type'
01-06 00:27:30.940   497   497 I ThermalEngine: Created section 'SS-CPU2_JUNCTION'
01-06 00:27:30.940   497   497 I ThermalEngine: Algo Type 'ss'
01-06 00:27:30.940   497   497 I ThermalEngine: Parsing section SS-CPU2_JUNCTION
01-06 00:27:30.940   497   497 I ThermalEngine: Found field 'sampling'
01-06 00:27:30.940   497   497 I ThermalEngine: Found field 'sensor'
01-06 00:27:30.940   497   497 I ThermalEngine: Found field 'device'
01-06 00:27:30.940   497   497 I ThermalEngine: Found field 'set_point'
01-06 00:27:30.940   497   497 I ThermalEngine: Found field 'set_point_clr'
01-06 00:27:30.940   497   497 I ThermalEngine: Found field 'action_type'
01-06 00:27:30.940   497   497 I ThermalEngine: Created section 'SS-CPU3_JUNCTION'
01-06 00:27:30.940   497   497 I ThermalEngine: Algo Type 'ss'
01-06 00:27:30.940   497   497 I ThermalEngine: Parsing section SS-CPU3_JUNCTION
01-06 00:27:30.940   497   497 I ThermalEngine: Found field 'sampling'
01-06 00:27:30.940   497   497 I ThermalEngine: Found field 'sensor'
01-06 00:27:30.940   497   497 I ThermalEngine: Found field 'device'
01-06 00:27:30.940   497   497 I ThermalEngine: Found field 'set_point'
01-06 00:27:30.940   497   497 I ThermalEngine: Found field 'set_point_clr'
01-06 00:27:30.940   497   497 I ThermalEngine: Found field 'action_type'
01-06 00:27:30.940   497   497 I ThermalEngine: Created section 'SS-CPU4'
01-06 00:27:30.940   497   497 I ThermalEngine: Algo Type 'ss'
01-06 00:27:30.940   497   497 I ThermalEngine: Parsing section SS-CPU4
01-06 00:27:30.940   497   497 I ThermalEngine: Found field 'sampling'
01-06 00:27:30.941   497   497 I ThermalEngine: Found field 'sensor'
01-06 00:27:30.941   497   497 I ThermalEngine: Found field 'device'
01-06 00:27:30.941   497   497 I ThermalEngine: Found field 'device_max_limit'
01-06 00:27:30.941   497   497 I ThermalEngine: Found field 'set_point'
01-06 00:27:30.941   497   497 I ThermalEngine: Found field 'set_point_clr'
01-06 00:27:30.941   497   497 I ThermalEngine: Found field 'action_type'
01-06 00:27:30.941   497   497 I ThermalEngine: Created section 'SS-CPU5'
01-06 00:27:30.941   497   497 I ThermalEngine: Algo Type 'ss'
01-06 00:27:30.941   497   497 I ThermalEngine: Parsing section SS-CPU5
01-06 00:27:30.941   497   497 I ThermalEngine: Found field 'sampling'
01-06 00:27:30.941   497   497 I ThermalEngine: Found field 'sensor'
01-06 00:27:30.941   497   497 I ThermalEngine: Found field 'device'
01-06 00:27:30.941   497   497 I ThermalEngine: Found field 'device_max_limit'
01-06 00:27:30.941   497   497 I ThermalEngine: Found field 'set_point'
01-06 00:27:30.941   497   497 I ThermalEngine: Found field 'set_point_clr'
01-06 00:27:30.941   497   497 I ThermalEngine: Found field 'action_type'
01-06 00:27:30.941   497   497 I ThermalEngine: Created section 'CPU4_HOTPLUG_MONITOR'
01-06 00:27:30.941   497   497 I ThermalEngine: Algo Type 'monitor'
01-06 00:27:30.941   497   497 I ThermalEngine: Parsing section CPU4_HOTPLUG_MONITOR
01-06 00:27:30.941   497   497 I ThermalEngine: Found field 'sampling'
01-06 00:27:30.941   497   497 I ThermalEngine: Found field 'sensor'
01-06 00:27:30.941   497   497 I ThermalEngine: Found field 'thresholds'
01-06 00:27:30.941   497   497 I ThermalEngine: Found field 'thresholds_clr'
01-06 00:27:30.941   497   497 I ThermalEngine: Found field 'actions'
01-06 00:27:30.941   497   497 I ThermalEngine: Found field 'action_info'
01-06 00:27:30.941   497   497 I ThermalEngine: Created section 'CPU5_HOTPLUG_MONITOR'
01-06 00:27:30.941   497   497 I ThermalEngine: Algo Type 'monitor'
01-06 00:27:30.941   497   497 I ThermalEngine: Parsing section CPU5_HOTPLUG_MONITOR
01-06 00:27:30.941   497   497 I ThermalEngine: Found field 'sampling'
01-06 00:27:30.941   497   497 I ThermalEngine: Found field 'sensor'
01-06 00:27:30.941   497   497 I ThermalEngine: Found field 'thresholds'
01-06 00:27:30.941   497   497 I ThermalEngine: Found field 'thresholds_clr'
01-06 00:27:30.941   497   497 I ThermalEngine: Found field 'actions'
01-06 00:27:30.941   497   497 I ThermalEngine: Found field 'action_info'
01-06 00:27:30.941   497   497 I ThermalEngine: pid_algo_init: No PID's to be configured.
01-06 00:27:30.941   497   497 I ThermalEngine: [CPU5_HOTPLUG_MONITOR]
01-06 00:27:30.942   497   497 I ThermalEngine: algo_type monitor
01-06 00:27:30.942   497   497 I ThermalEngine: sampling 1000
01-06 00:27:30.942   497   497 I ThermalEngine: sensor xo_therm
01-06 00:27:30.942   497   497 I ThermalEngine: thresholds 57000
01-06 00:27:30.942   497   497 I ThermalEngine: thresholds_clr 54000
01-06 00:27:30.942   497   497 I ThermalEngine: actions hotplug_5
01-06 00:27:30.942   497   497 I ThermalEngine: action_info 1
01-06 00:27:30.942   497   497 I ThermalEngine: [CPU4_HOTPLUG_MONITOR]
01-06 00:27:30.942   497   497 I ThermalEngine: algo_type monitor
01-06 00:27:30.942   497   497 I ThermalEngine: sampling 1000
01-06 00:27:30.942   497   497 I ThermalEngine: sensor xo_therm
01-06 00:27:30.942   497   497 I ThermalEngine: thresholds 59000
01-06 00:27:30.942   497   497 I ThermalEngine: thresholds_clr 56000
01-06 00:27:30.942   497   497 I ThermalEngine: actions hotplug_4
01-06 00:27:30.942   497   497 I ThermalEngine: action_info 1
01-06 00:27:30.942   497   497 I ThermalEngine: [wlchg_monitor]
01-06 00:27:30.942   497   497 I ThermalEngine: algo_type monitor
01-06 00:27:30.942   497   497 I ThermalEngine: sampling 10000
01-06 00:27:30.942   497   497 I ThermalEngine: sensor xo_therm
01-06 00:27:30.942   497   497 I ThermalEngine: thresholds 42000 48000 53000
01-06 00:27:30.942   497   497 I ThermalEngine: thresholds_clr 40000 45000 50000
01-06 00:27:30.942   497   497 I ThermalEngine: actions wlchg wlchg wlchg
01-06 00:27:30.942   497   497 I ThermalEngine: action_info 900 700 500
01-06 00:27:30.942   497   497 I ThermalEngine: [qc20_battery_monitor]
01-06 00:27:30.942   497   497 I ThermalEngine: algo_type monitor
01-06 00:27:30.942   497   497 I ThermalEngine: sampling 10000
01-06 00:27:30.942   497   497 I ThermalEngine: sensor xo_batt
01-06 00:27:30.942   497   497 I ThermalEngine: thresholds 48000 56000 58000
01-06 00:27:30.942   497   497 I ThermalEngine: thresholds_clr 46000 55000 57000
01-06 00:27:30.942   497   497 I ThermalEngine: actions battery_quick battery_quick battery_quick
01-06 00:27:30.942   497   497 I ThermalEngine: action_info 3000 600 300
01-06 00:27:30.942   497   497 I ThermalEngine: [battery_monitor]
01-06 00:27:30.942   497   497 I ThermalEngine: algo_type monitor
01-06 00:27:30.942   497   497 I ThermalEngine: sampling 10000
01-06 00:27:30.942   497   497 I ThermalEngine: sensor xo_batt
01-06 00:27:30.942   497   497 I ThermalEngine: thresholds 48000 56000 58000
01-06 00:27:30.942   497   497 I ThermalEngine: thresholds_clr 46000 55000 57000
01-06 00:27:30.942   497   497 I ThermalEngine: actions battery battery battery
01-06 00:27:30.942   497   497 I ThermalEngine: action_info 3000 600 300
01-06 00:27:30.942   497   497 I ThermalEngine: [LCD_management]
01-06 00:27:30.942   497   497 I ThermalEngine: algo_type monitor
01-06 00:27:30.942   497   497 I ThermalEngine: sampling 10000
01-06 00:27:30.942   497   497 I ThermalEngine: sensor xo_therm
01-06 00:27:30.942   497   497 I ThermalEngine: thresholds 44000 47000 50000 53000
01-06 00:27:30.942   497   497 I ThermalEngine: thresholds_clr 42000 45000 48000 51000
01-06 00:27:30.942   497   497 I ThermalEngine: actions lcd lcd lcd lcd
01-06 00:27:30.942   497   497 I ThermalEngine: action_info 255 232 208 183
01-06 00:27:30.942   497   497 I ThermalEngine: override 25000
01-06 00:27:30.942   497   497 I ThermalEngine: [SS-GPU_management]
01-06 00:27:30.942   497   497 I ThermalEngine: algo_type monitor
01-06 00:27:30.942   497   497 I ThermalEngine: sampling 10000
01-06 00:27:30.942   497   497 I ThermalEngine: sensor xo_therm
01-06 00:27:30.942   497   497 I ThermalEngine: thresholds 46000 48000 50000 53000 55000
01-06 00:27:30.942   497   497 I ThermalEngine: thresholds_clr 44500 46500 48500 51500 53500
01-06 00:27:30.942   497   497 I ThermalEngine: actions gpu gpu gpu gpu gpu
01-06 00:27:30.942   497   497 I ThermalEngine: action_info 600000000 490000000 450000000 367000000 300000000
01-06 00:27:30.942   497   497 I ThermalEngine: [SS-BIG_CLUSTER_management]
01-06 00:27:30.942   497   497 I ThermalEngine: algo_type monitor
01-06 00:27:30.942   497   497 I ThermalEngine: sampling 10000
01-06 00:27:30.942   497   497 I ThermalEngine: sensor xo_therm
01-06 00:27:30.942   497   497 I ThermalEngine: thresholds 43000 45000 48000 53000
01-06 00:27:30.942   497   497 I ThermalEngine: thresholds_clr 41000 43000 45000 48000
01-06 00:27:30.942   497   497 I ThermalEngine: actions cluster1 cluster1 cluster1 cluster1
01-06 00:27:30.942   497   497 I ThermalEngine: action_info 1248000 1440000 1248000 960000
01-06 00:27:30.942   497   497 I ThermalEngine: [LITTLE_CLUSTER_management]
01-06 00:27:30.942   497   497 I ThermalEngine: algo_type monitor
01-06 00:27:30.942   497   497 I ThermalEngine: sampling 10000
01-06 00:27:30.942   497   497 I ThermalEngine: sensor xo_therm
01-06 00:27:30.942   497   497 I ThermalEngine: thresholds 50000 53000 60000
01-06 00:27:30.942   497   497 I ThermalEngine: thresholds_clr 48000 51000 58000
01-06 00:27:30.942   497   497 I ThermalEngine: actions cluster0 cluster0 cluster0
01-06 00:27:30.942   497   497 I ThermalEngine: action_info 1248000 1248000 960000
01-06 00:27:30.942   497   497 I ThermalEngine: override 25000
01-06 00:27:30.942   497   497 I ThermalEngine: [VDD_RSTR_MONITOR-TSENS14]
01-06 00:27:30.942   497   497 I ThermalEngine: #algo_type monitor
01-06 00:27:30.942   497   497 I ThermalEngine: sampling 1000
01-06 00:27:30.942   497   497 I ThermalEngine: sensor tsens_tz_sensor14
01-06 00:27:30.942   497   497 I ThermalEngine: thresholds 5000
01-06 00:27:30.942   497   497 I ThermalEngine: thresholds_clr 10000
01-06 00:27:30.942   497   497 I ThermalEngine: actions vdd_restriction
01-06 00:27:30.942   497   497 I ThermalEngine: action_info 1
01-06 00:27:30.942   497   497 I ThermalEngine: descending
01-06 00:27:30.942   497   497 I ThermalEngine: [VDD_RSTR_MONITOR-TSENS13]
01-06 00:27:30.942   497   497 I ThermalEngine: #algo_type monitor
01-06 00:27:30.942   497   497 I ThermalEngine: sampling 1000
01-06 00:27:30.942   497   497 I ThermalEngine: sensor tsens_tz_sensor13
01-06 00:27:30.942   497   497 I ThermalEngine: thresholds 5000
01-06 00:27:30.942   497   497 I ThermalEngine: thresholds_clr 10000
01-06 00:27:30.942   497   497 I ThermalEngine: actions vdd_restriction
01-06 00:27:30.942   497   497 I ThermalEngine: action_info 1
01-06 00:27:30.942   497   497 I ThermalEngine: descending
01-06 00:27:30.942   497   497 I ThermalEngine: [VDD_RSTR_MONITOR-TSENS12]
01-06 00:27:30.942   497   497 I ThermalEngine: #algo_type monitor
01-06 00:27:30.942   497   497 I ThermalEngine: sampling 1000
01-06 00:27:30.942   497   497 I ThermalEngine: sensor tsens_tz_sensor12
01-06 00:27:30.942   497   497 I ThermalEngine: thresholds 5000
01-06 00:27:30.942   497   497 I ThermalEngine: thresholds_clr 10000
01-06 00:27:30.942   497   497 I ThermalEngine: actions vdd_restriction
01-06 00:27:30.942   497   497 I ThermalEngine: action_info 1
01-06 00:27:30.942   497   497 I ThermalEngine: descending
01-06 00:27:30.942   497   497 I ThermalEngine: [VDD_RSTR_MONITOR-TSENS11]
01-06 00:27:30.942   497   497 I ThermalEngine: #algo_type monitor
01-06 00:27:30.942   497   497 I ThermalEngine: sampling 1000
01-06 00:27:30.942   497   497 I ThermalEngine: sensor tsens_tz_sensor11
01-06 00:27:30.942   497   497 I ThermalEngine: thresholds 5000
01-06 00:27:30.942   497   497 I ThermalEngine: thresholds_clr 10000
01-06 00:27:30.942   497   497 I ThermalEngine: actions vdd_restriction
01-06 00:27:30.946   473   473 I /system/bin/surfaceflinger: android::hardware::configstore::V1_0::ISurfaceFlingerConfigs::maxFrameBufferAcquiredBuffers retrieved: 3
01-06 00:27:30.950   473   473 I /system/bin/surfaceflinger: android::hardware::configstore::V1_0::ISurfaceFlingerConfigs::startGraphicsAllocatorService retrieved: 0
01-06 00:27:30.952   473   473 I SurfaceFlinger: SurfaceFlinger is starting
01-06 00:27:30.952   473   473 I /system/bin/surfaceflinger: android::hardware::configstore::V1_0::ISurfaceFlingerConfigs::vsyncEventPhaseOffsetNs retrieved: 1000000 (default)
01-06 00:27:30.953   473   473 I /system/bin/surfaceflinger: android::hardware::configstore::V1_0::ISurfaceFlingerConfigs::vsyncSfEventPhaseOffsetNs retrieved: 1000000 (default)
01-06 00:27:30.953   473   473 I /system/bin/surfaceflinger: android::hardware::configstore::V1_0::ISurfaceFlingerConfigs::maxVirtualDisplaySize retrieved: 0 (default)
01-06 00:27:30.953   473   473 I /system/bin/surfaceflinger: android::hardware::configstore::V1_0::ISurfaceFlingerConfigs::hasSyncFramework retrieved: 1
01-06 00:27:30.953   473   473 I /system/bin/surfaceflinger: android::hardware::configstore::V1_0::ISurfaceFlingerConfigs::useContextPriority retrieved: 0 (default)
01-06 00:27:30.953   473   473 I /system/bin/surfaceflinger: android::hardware::configstore::V1_0::ISurfaceFlingerConfigs::presentTimeOffsetFromVSyncNs retrieved: 0
01-06 00:27:30.955   473   473 I /system/bin/surfaceflinger: android::hardware::configstore::V1_0::ISurfaceFlingerConfigs::useHwcForRGBtoYUV retrieved: 0
01-06 00:27:30.955   473   473 I /system/bin/surfaceflinger: android::hardware::configstore::V1_0::ISurfaceFlingerConfigs::maxFrameBufferAcquiredBuffers retrieved: 3
01-06 00:27:30.956   473   473 I SurfaceFlinger: Enabling HWC virtual displays
01-06 00:27:30.956   473   473 I SurfaceFlinger: Disabling Triple Buffering
01-06 00:27:30.956   473   473 I SurfaceFlinger: SurfaceFlinger's main thread ready to run. Initializing graphics H/W...
01-06 00:27:30.960   520   520 D vndksupport: Loading /vendor/lib64/hw/android.hardware.gatekeeper@1.0-impl.so from current namespace instead of sphal namespace.
01-06 00:27:30.981   520   520 D vndksupport: Loading /vendor/lib64/hw/gatekeeper.msm8992.so from current namespace instead of sphal namespace.
01-06 00:27:30.982   520   520 D gatekeeper_device: HwKmOpen called
01-06 00:27:30.989   473   473 D vndksupport: Loading /vendor/lib64/egl/libEGL_adreno.so from current namespace instead of sphal namespace.
01-06 00:27:30.995   473   473 D libEGL  : loaded /vendor/lib64/egl/libEGL_adreno.so
01-06 00:27:31.000   506   506 D vndksupport: Loading /vendor/lib64/hw/android.hardware.keymaster@3.0-impl.so from current namespace instead of sphal namespace.
01-06 00:27:31.026   506   506 I android.hardware.keymaster@3.0-impl: Fetching keymaster device name default
01-06 00:27:31.027   506   506 D vndksupport: Loading /vendor/lib64/hw/keystore.msm8992.so from current namespace instead of sphal namespace.
01-06 00:27:31.028   506   506 I android.hardware.keymaster@3.0-impl: Found keymaster1 module Keymaster QTI HAL, version 100
01-06 00:27:31.055   545   545 E Diag_Lib:  Diag_LSM_Init: Failed to open handle to diag driver, error = 2
01-06 00:27:31.055   545   545 E Diag_Lib: qpLogDiagInit <== result : 0
01-06 00:27:31.055   545   545 E Diag_Lib: DATAD : gIsQXDMDisabled 0, gIsADBDisabled 1, gIsDebugDisabled 0, gIsIMSLogsDisabled 0
01-06 00:27:31.055   545   545 E Diag_Lib:  Diag_LSM_Init: Failed to open handle to diag driver, error = 2
01-06 00:27:31.055   545   545 E Diag_Lib: qpLogDiagInit <== result : 0
01-06 00:27:31.055   545   545 E Diag_Lib: DATAD : gIsQXDMDisabled 0, gIsADBDisabled 1, gIsDebugDisabled 0, gIsIMSLogsDisabled 0
01-06 00:27:31.055   545   545 E Diag_Lib: [IMS_DataD] imsdatad.c | 5236 | | 545 |DATAD#$$#0#DATAD STARTED
01-06 00:27:31.055   545   545 E Diag_Lib:  Diag_LSM_Init: Failed to open handle to diag driver, error = 2
01-06 00:27:31.055   545   545 E Diag_Lib: qpLogDiagInit <== result : 0
01-06 00:27:31.055   545   545 E Diag_Lib: DATAD : gIsQXDMDisabled 0, gIsADBDisabled 1, gIsDebugDisabled 0, gIsIMSLogsDisabled 0
01-06 00:27:31.055   545   545 E Diag_Lib:  Diag_LSM_Init: Failed to open handle to diag driver, error = 2
01-06 00:27:31.055   545   545 E Diag_Lib: qpLogDiagInit <== result : 0
01-06 00:27:31.055   545   545 E Diag_Lib: DATAD : gIsQXDMDisabled 0, gIsADBDisabled 1, gIsDebugDisabled 0, gIsIMSLogsDisabled 0
01-06 00:27:31.059   545   545 E Diag_Lib:  Diag_LSM_Init: Failed to open handle to diag driver, error = 2
01-06 00:27:31.059   545   545 E Diag_Lib: qpLogDiagInit <== result : 0
01-06 00:27:31.059   545   545 E Diag_Lib: DATAD : gIsQXDMDisabled 0, gIsADBDisabled 1, gIsDebugDisabled 0, gIsIMSLogsDisabled 0
01-06 00:27:31.059   545   545 E Diag_Lib:  Diag_LSM_Init: Failed to open handle to diag driver, error = 2
01-06 00:27:31.059   545   545 E Diag_Lib: qpLogDiagInit <== result : 0
01-06 00:27:31.060   545   545 E Diag_Lib: DATAD : gIsQXDMDisabled 0, gIsADBDisabled 1, gIsDebugDisabled 0, gIsIMSLogsDisabled 0
01-06 00:27:31.065   545   545 E Diag_Lib:  Diag_LSM_Init: Failed to open handle to diag driver, error = 2
01-06 00:27:31.065   545   545 E Diag_Lib: qpLogDiagInit <== result : 0
01-06 00:27:31.065   545   545 E Diag_Lib: DATAD : gIsQXDMDisabled 0, gIsADBDisabled 1, gIsDebugDisabled 0, gIsIMSLogsDisabled 0
01-06 00:27:31.065   545   545 E Diag_Lib:  Diag_LSM_Init: Failed to open handle to diag driver, error = 2
01-06 00:27:31.066   545   545 E Diag_Lib: qpLogDiagInit <== result : 0
01-06 00:27:31.066   545   545 E Diag_Lib: DATAD : gIsQXDMDisabled 0, gIsADBDisabled 1, gIsDebugDisabled 0, gIsIMSLogsDisabled 0
01-06 00:27:31.066   545   545 E Diag_Lib:  Diag_LSM_Init: Failed to open handle to diag driver, error = 2
01-06 00:27:31.066   545   545 E Diag_Lib: qpLogDiagInit <== result : 0
01-06 00:27:31.066   545   545 E Diag_Lib: DATAD : gIsQXDMDisabled 0, gIsADBDisabled 1, gIsDebugDisabled 0, gIsIMSLogsDisabled 0
01-06 00:27:31.066   545   545 E Diag_Lib:  Diag_LSM_Init: Failed to open handle to diag driver, error = 2
01-06 00:27:31.066   545   545 E Diag_Lib: qpLogDiagInit <== result : 0
01-06 00:27:31.066   545   545 E Diag_Lib: DATAD : gIsQXDMDisabled 0, gIsADBDisabled 1, gIsDebugDisabled 0, gIsIMSLogsDisabled 0
01-06 00:27:31.066   545   545 E Diag_Lib:  Diag_LSM_Init: Failed to open handle to diag driver, error = 2
01-06 00:27:31.066   545   545 E Diag_Lib: qpLogDiagInit <== result : 0
01-06 00:27:31.066   545   545 E Diag_Lib: DATAD : gIsQXDMDisabled 0, gIsADBDisabled 1, gIsDebugDisabled 0, gIsIMSLogsDisabled 0
01-06 00:27:31.066   545   545 E Diag_Lib:  Diag_LSM_Init: Failed to open handle to diag driver, error = 2
01-06 00:27:31.066   545   545 E Diag_Lib: qpLogDiagInit <== result : 0
01-06 00:27:31.066   545   545 E Diag_Lib: DATAD : gIsQXDMDisabled 0, gIsADBDisabled 1, gIsDebugDisabled 0, gIsIMSLogsDisabled 0
01-06 00:27:31.066   545   545 E Diag_Lib:  Diag_LSM_Init: Failed to open handle to diag driver, error = 2
01-06 00:27:31.067   545   545 E Diag_Lib: qpLogDiagInit <== result : 0
01-06 00:27:31.067   545   545 E Diag_Lib: DATAD : gIsQXDMDisabled 0, gIsADBDisabled 1, gIsDebugDisabled 0, gIsIMSLogsDisabled 0
01-06 00:27:31.067   545   545 E Diag_Lib:  Diag_LSM_Init: Failed to open handle to diag driver, error = 2
01-06 00:27:31.067   545   545 E Diag_Lib: qpLogDiagInit <== result : 0
01-06 00:27:31.067   545   545 E Diag_Lib: DATAD : gIsQXDMDisabled 0, gIsADBDisabled 1, gIsDebugDisabled 0, gIsIMSLogsDisabled 0
01-06 00:27:31.067   545   545 E Diag_Lib:  Diag_LSM_Init: Failed to open handle to diag driver, error = 2
01-06 00:27:31.067   545   545 E Diag_Lib: qpLogDiagInit <== result : 0
01-06 00:27:31.067   545   545 E Diag_Lib: DATAD : gIsQXDMDisabled 0, gIsADBDisabled 1, gIsDebugDisabled 0, gIsIMSLogsDisabled 0
01-06 00:27:31.067   545   545 E Diag_Lib:  Diag_LSM_Init: Failed to open handle to diag driver, error = 2
01-06 00:27:31.067   545   545 E Diag_Lib: qpLogDiagInit <== result : 0
01-06 00:27:31.067   545   545 E Diag_Lib: DATAD : gIsQXDMDisabled 0, gIsADBDisabled 1, gIsDebugDisabled 0, gIsIMSLogsDisabled 0
01-06 00:27:31.067   545   545 E Diag_Lib:  Diag_LSM_Init: Failed to open handle to diag driver, error = 2
01-06 00:27:31.067   545   545 E Diag_Lib: qpLogDiagInit <== result : 0
01-06 00:27:31.067   545   545 E Diag_Lib: DATAD : gIsQXDMDisabled 0, gIsADBDisabled 1, gIsDebugDisabled 0, gIsIMSLogsDisabled 0
01-06 00:27:31.128   503   503 I cameraserver: ServiceManager: 0xe8998500
01-06 00:27:31.128   503   503 I CameraService: CameraService started (pid=503)
01-06 00:27:31.128   503   503 I CameraService: CameraService process starting
01-06 00:27:31.135   503   503 W BatteryNotifier: batterystats service unavailable!
01-06 00:27:31.137   503   503 W BatteryNotifier: batterystats service unavailable!
01-06 00:27:31.160   503   503 D vndksupport: Loading /vendor/lib/hw/android.hardware.camera.provider@2.4-impl.so from current namespace instead of sphal namespace.
01-06 00:27:31.178   518   518 V AudioDaemonMain: Audio daemon starting sequence..
01-06 00:27:31.179   518   518 V AudioDaemon: Start audiod daemon
01-06 00:27:31.183   518   616 V AudioDaemon: readyToRun: open snd card state node files
01-06 00:27:31.183   518   616 V AudioDaemon: Start threadLoop()
01-06 00:27:31.183   518   616 D AudioDaemon: Opening sound card state : /proc/asound/card0/state
01-06 00:27:31.183   518   616 V AudioDaemon: getStateFDs: 1 sound cards detected
01-06 00:27:31.183   518   616 V AudioDaemon: getDeviceEventFDs: 0 audio device event detected
01-06 00:27:31.183   518   616 E AudioDaemon: No audio device events detected
01-06 00:27:31.184   518   616 D AudioDaemon: Opening cpe0_state : /proc/asound/card0/cpe0_state
01-06 00:27:31.184   518   616 D AudioDaemon: cpe state opened: /proc/asound/card0/cpe0_state
01-06 00:27:31.184   518   616 D AudioDaemon: number of sndcards 1 CPEs 1
01-06 00:27:31.184   518   616 D AudioDaemon: read for sound card state change before while
01-06 00:27:31.184   518   616 D AudioDaemon: sound card state file content: ONLINE
01-06 00:27:31.184   518   616 D AudioDaemon:  before while
01-06 00:27:31.184   518   616 E AudioDaemon: put cur_state to online
01-06 00:27:31.184   518   616 D AudioDaemon: cur_state=0, bootup_complete=0
01-06 00:27:31.184   518   616 E AudioDaemon: sound card up is deteced before while
01-06 00:27:31.184   518   616 E AudioDaemon: bootup_complete set to 1
01-06 00:27:31.184   518   616 D AudioDaemon: CPE 0 state file content: OFFLINE
01-06 00:27:31.184   518   616 D AudioDaemon:  before while
01-06 00:27:31.184   518   616 D AudioDaemon: CPE state offline
01-06 00:27:31.184   518   616 E AudioDaemon: read for event state change before while
01-06 00:27:31.184   518   616 D AudioDaemon: poll() for sound card state change 
01-06 00:27:31.200   494   494 E Diag_Lib:  Diag_LSM_Init: Failed to open handle to diag driver, error = 2
01-06 00:27:31.211   503   503 D vndksupport: Loading /vendor/lib/hw/camera.msm8992.so from current namespace instead of sphal namespace.
01-06 00:27:31.296   487   539 I adbd    : functionfs successfully initialized
01-06 00:27:31.296   487   539 I adbd    : registering usb transport
01-06 00:27:31.300   508   508 V MediaUtils: physMem: 2948194304
01-06 00:27:31.301   508   508 V MediaUtils: requested limit: 589638860
01-06 00:27:31.301   508   508 V MediaUtils: cfi shadow size: 2147483648
01-06 00:27:31.301   508   508 V MediaUtils: actual limit: 2737122508
01-06 00:27:31.301   508   508 V MediaUtils: original limits: -1/-1
01-06 00:27:31.301   508   508 V MediaUtils: new limits: 2737122508/-1
01-06 00:27:31.301   508   508 D vndksupport: Loading libutils.so from current namespace instead of sphal namespace.
01-06 00:27:31.308   508   508 W /system/bin/mediaextractor: Could not read additional policy file '/vendor/etc/seccomp_policy/mediaextractor.policy'
01-06 00:27:31.309   508   508 W /system/bin/mediaextractor: libminijail[508]: allowing syscall: connect
01-06 00:27:31.309   508   508 W /system/bin/mediaextractor: libminijail[508]: allowing syscall: fcntl
01-06 00:27:31.309   508   508 W /system/bin/mediaextractor: libminijail[508]: allowing syscall: sendto
01-06 00:27:31.309   508   508 W /system/bin/mediaextractor: libminijail[508]: allowing syscall: socket
01-06 00:27:31.309   508   508 W /system/bin/mediaextractor: libminijail[508]: allowing syscall: writev
01-06 00:27:31.309   508   508 W /system/bin/mediaextractor: libminijail[508]: compile_file: nonexistent syscall '_llseek'
01-06 00:27:31.309   508   508 W /system/bin/mediaextractor: libminijail[508]: logging seccomp filter failures
01-06 00:27:31.320   502   502 I FastMixerState: sMaxFastTracks = 8
01-06 00:27:31.322   502   502 I audioserver: ServiceManager: 0xeb0984a0
01-06 00:27:31.322   502   502 W BatteryNotifier: batterystats service unavailable!
01-06 00:27:31.328   502   502 D vndksupport: Loading /vendor/lib/hw/android.hardware.audio@2.0-impl.so from current namespace instead of sphal namespace.
01-06 00:27:31.340   502   502 D vndksupport: Loading /vendor/lib/hw/android.hardware.audio.effect@2.0-impl.so from current namespace instead of sphal namespace.
01-06 00:27:31.342   511   629 I /system/bin/storaged: storaged: Start
01-06 00:27:31.345   510   510 I mediaserver: ServiceManager: 0xe5e185a0
01-06 00:27:31.346   510   510 W BatteryNotifier: batterystats service unavailable!
01-06 00:27:31.350   502   502 I AudioFlinger: Using default 3000 mSec as standby time.
01-06 00:27:31.352   502   502 E APM::Serializer: deserialize: Could not parse /odm/etc/audio_policy_configuration.xml document.
01-06 00:27:31.352   502   502 E APM::Serializer: deserialize: Could not parse /vendor/etc/audio_policy_configuration.xml document.
01-06 00:27:31.435   617   617 I init    : type=1400 audit(0.0:108): avc: denied { execute_no_trans } for path="/system/bin/qmuxd" dev="mmcblk0p47" ino=373 scontext=u:r:init:s0 tcontext=u:object_r:system_file:s0 tclass=file permissive=1
01-06 00:27:31.437   502   502 D audio_hw_primary: adev_open: enter
01-06 00:27:31.466   502   502 W hardware_info: update_hardware_info_8994: Not an 8994 device
01-06 00:27:31.470   617   617 E Diag_Lib:  Diag_LSM_Init: Failed to open handle to diag driver, error = 2
01-06 00:27:31.471   617   617 E Diag_Lib:  Diag_LSM_Init: Failed to open handle to diag driver, error = 2
01-06 00:27:31.549   624   624 E Diag_Lib:  Diag_LSM_Init: Failed to open handle to diag driver, error = 2
01-06 00:27:31.648   502   502 E audio_route: unknown enum value string KHZ_8 for ctl SLIM_0_RX SampleRate
01-06 00:27:31.648   502   502 E audio_route: unknown enum value string KHZ_16 for ctl SLIM_0_RX SampleRate
01-06 00:27:31.649   502   502 E audio_route: unknown enum value string KHZ_8 for ctl SLIM_0_RX SampleRate
01-06 00:27:31.649   502   502 E audio_route: unknown enum value string KHZ_16 for ctl SLIM_0_RX SampleRate
01-06 00:27:31.649   502   502 E audio_route: unknown enum value string KHZ_8 for ctl SLIM_0_RX SampleRate
01-06 00:27:31.649   502   502 E audio_route: unknown enum value string KHZ_16 for ctl SLIM_0_RX SampleRate
01-06 00:27:31.673   502   502 D msm8974_platform: platform_init: Opened sound card:0
01-06 00:27:31.679   502   502 I audioserver: type=1400 audit(0.0:109): avc: denied { read } for name="hw_platform" dev="sysfs" ino=22650 scontext=u:r:audioserver:s0 tcontext=u:object_r:sysfs:s0 tclass=file permissive=1
01-06 00:27:31.679   502   502 I audioserver: type=1400 audit(0.0:110): avc: denied { open } for path="/sys/devices/soc0/hw_platform" dev="sysfs" ino=22650 scontext=u:r:audioserver:s0 tcontext=u:object_r:sysfs:s0 tclass=file permissive=1
01-06 00:27:31.679   502   502 I audioserver: type=1400 audit(0.0:111): avc: denied { getattr } for path="/sys/devices/soc0/hw_platform" dev="sysfs" ino=22650 scontext=u:r:audioserver:s0 tcontext=u:object_r:sysfs:s0 tclass=file permissive=1
01-06 00:27:31.744   502   502 D ACDB-LOADER: [AUDIO_SBP] Load ACDB files from System
01-06 00:27:31.745   502   502 D ACDB-LOADER: ACDB -> Load file: /etc/acdbdata//Bluetooth_cal.acdb
01-06 00:27:31.745   502   502 D ACDB-LOADER: ACDB -> Load file: /etc/acdbdata//General_cal.acdb
01-06 00:27:31.745   502   502 D ACDB-LOADER: ACDB -> Load file: /etc/acdbdata//Global_cal.acdb
01-06 00:27:31.745   502   502 D ACDB-LOADER: ACDB -> Load file: /etc/acdbdata//Handset_cal.acdb
01-06 00:27:31.745   502   502 D ACDB-LOADER: ACDB -> Load file: /etc/acdbdata//Hdmi_cal.acdb
01-06 00:27:31.745   502   502 D ACDB-LOADER: ACDB -> Load file: /etc/acdbdata//Headset_cal.acdb
01-06 00:27:31.745   502   502 D ACDB-LOADER: ACDB -> Load file: /etc/acdbdata//Speaker_cal.acdb
01-06 00:27:31.745   502   502 D ACDB-LOADER: ACDB -> ACDB_CMD_INITIALIZE_V2
01-06 00:27:31.746   502   502 D         : [ACDB Command]->SW Minor/Major/Revision version info for /etc/acdbdata//Bluetooth_cal.acdb
01-06 00:27:31.746   502   502 D         : [ACDB Command]->ACDB Sw Major = 5, ACDB Sw Minor = 0, ACDB Sw Revision = 4
01-06 00:27:31.746   502   502 D         : [ACDB Command]->ACDB File Major = 5, ACDB File Minor = 1, ACDB File Revision = 0
01-06 00:27:31.747   502   502 D         : [AcdbIsDeltaFileAvailable] failed to open delta file /data/misc/audio/acdbdata/delta/Bluetooth_cal.acdbdelta
01-06 00:27:31.748   502   502 D         : [ACDB Command]->SW Minor/Major/Revision version info for /etc/acdbdata//General_cal.acdb
01-06 00:27:31.748   502   502 D         : [ACDB Command]->ACDB Sw Major = 5, ACDB Sw Minor = 0, ACDB Sw Revision = 4
01-06 00:27:31.748   502   502 D         : [ACDB Command]->ACDB File Major = 5, ACDB File Minor = 1, ACDB File Revision = 0
01-06 00:27:31.748   502   502 D         : [AcdbIsDeltaFileAvailable] failed to open delta file /data/misc/audio/acdbdata/delta/General_cal.acdbdelta
01-06 00:27:31.748   502   502 D         : [ACDB Command]->SW Minor/Major/Revision version info for /etc/acdbdata//Global_cal.acdb
01-06 00:27:31.749   502   502 D         : [ACDB Command]->ACDB Sw Major = 5, ACDB Sw Minor = 0, ACDB Sw Revision = 4
01-06 00:27:31.749   502   502 D         : [ACDB Command]->ACDB File Major = 5, ACDB File Minor = 1, ACDB File Revision = 0
01-06 00:27:31.749   502   502 D         : [AcdbIsDeltaFileAvailable] failed to open delta file /data/misc/audio/acdbdata/delta/Global_cal.acdbdelta
01-06 00:27:31.751   502   502 I audioserver: type=1400 audit(0.0:112): avc: denied { read write } for name="msm_audio_cal" dev="tmpfs" ino=9981 scontext=u:r:audioserver:s0 tcontext=u:object_r:device:s0 tclass=chr_file permissive=1
01-06 00:27:31.751   502   502 I audioserver: type=1400 audit(0.0:113): avc: denied { open } for path="/dev/msm_audio_cal" dev="tmpfs" ino=9981 scontext=u:r:audioserver:s0 tcontext=u:object_r:device:s0 tclass=chr_file permissive=1
01-06 00:27:31.752   502   502 D         : [ACDB Command]->SW Minor/Major/Revision version info for /etc/acdbdata//Handset_cal.acdb
01-06 00:27:31.752   502   502 D         : [ACDB Command]->ACDB Sw Major = 5, ACDB Sw Minor = 0, ACDB Sw Revision = 4
01-06 00:27:31.753   502   502 D         : [ACDB Command]->ACDB File Major = 5, ACDB File Minor = 1, ACDB File Revision = 0
01-06 00:27:31.753   502   502 D         : [AcdbIsDeltaFileAvailable] failed to open delta file /data/misc/audio/acdbdata/delta/Handset_cal.acdbdelta
01-06 00:27:31.753   502   502 D         : [ACDB Command]->SW Minor/Major/Revision version info for /etc/acdbdata//Hdmi_cal.acdb
01-06 00:27:31.753   502   502 D         : [ACDB Command]->ACDB Sw Major = 5, ACDB Sw Minor = 0, ACDB Sw Revision = 4
01-06 00:27:31.753   502   502 D         : [ACDB Command]->ACDB File Major = 5, ACDB File Minor = 1, ACDB File Revision = 0
01-06 00:27:31.753   502   502 D         : [AcdbIsDeltaFileAvailable] failed to open delta file /data/misc/audio/acdbdata/delta/Hdmi_cal.acdbdelta
01-06 00:27:31.755   502   502 D         : [ACDB Command]->SW Minor/Major/Revision version info for /etc/acdbdata//Headset_cal.acdb
01-06 00:27:31.755   502   502 D         : [ACDB Command]->ACDB Sw Major = 5, ACDB Sw Minor = 0, ACDB Sw Revision = 4
01-06 00:27:31.755   502   502 D         : [ACDB Command]->ACDB File Major = 5, ACDB File Minor = 1, ACDB File Revision = 0
01-06 00:27:31.755   502   502 D         : [AcdbIsDeltaFileAvailable] failed to open delta file /data/misc/audio/acdbdata/delta/Headset_cal.acdbdelta
01-06 00:27:31.758   502   502 D         : [ACDB Command]->SW Minor/Major/Revision version info for /etc/acdbdata//Speaker_cal.acdb
01-06 00:27:31.758   502   502 D         : [ACDB Command]->ACDB Sw Major = 5, ACDB Sw Minor = 0, ACDB Sw Revision = 4
01-06 00:27:31.758   502   502 D         : [ACDB Command]->ACDB File Major = 5, ACDB File Minor = 1, ACDB File Revision = 0
01-06 00:27:31.758   502   502 D         : [AcdbIsDeltaFileAvailable] failed to open delta file /data/misc/audio/acdbdata/delta/Speaker_cal.acdbdelta
01-06 00:27:31.758   502   502 D ACDB-LOADER: ACDB -> ACPH INIT
01-06 00:27:31.758   502   502 D         : [ACPH]->Online service registered with ACPH
01-06 00:27:31.758   502   502 E Diag_Lib:  Diag_LSM_Init: Failed to open handle to diag driver, error = 2
01-06 00:27:31.758   502   502 E Diag_Lib:  diagpkt_tbl_reg: Registration failed.
01-06 00:27:31.758   502   502 D         : [ACPH]->ACPH init success
01-06 00:27:31.759   502   502 D ACDB-LOADER: ACDB -> RTAC INIT
01-06 00:27:31.759   502   502 D         : [ACPH]->DSP RTC service registered with ACPH
01-06 00:27:31.759   502   502 D ACDB-LOADER: ACDB -> MCS, FTS INIT
01-06 00:27:31.759   502   502 E MCS-RT-CTL: Can't open the configuration file /system/etc/aanc_tuning_mixer.txt.
01-06 00:27:31.759   502   502 E ACDB-MCS: acdb_mcs_init: MCS routing control initialization failed.
01-06 00:27:31.759   502   502 D         : [ACPH]->FTS RTC service registered with ACPH
01-06 00:27:31.759   502   502 D ACDB-LOADER: ACDB -> ADIE RTAC INIT
01-06 00:27:31.759   502   502 D         : [ACPH]->ADIE RTC service registered with ACPH
01-06 00:27:31.759   502   502 D ACDB-LOADER: ACDB -> ACDB_CMD_GET_VOC_PROC_DYNAMIC_TABLE_SIZE
01-06 00:27:31.760   502   502 D ACDB-LOADER: ACDB -> send_meta_info, lic 0
01-06 00:27:31.760   502   502 D         : Couldnt find the key 00000000 
01-06 00:27:31.760   502   502 D         : Output from GetMetaInfoSize command : 0
01-06 00:27:31.763   502   502 D ACDB-LOADER: ACDB -> send_adm_custom_topology
01-06 00:27:31.764   502   502 D ACDB-LOADER: ACDB -> ACDB_CMD_GET_AUDIO_COPP_TOPOLOGIES
01-06 00:27:31.764   502   502 D ACDB-LOADER: ACDB -> AUDIO_SET_ADM_CUSTOM_TOPOLOGY
01-06 00:27:31.764   502   502 D ACDB-LOADER: ACDB -> send_asm_custom_topology
01-06 00:27:31.764   502   502 D ACDB-LOADER: ACDB -> ACDB_CMD_GET_AUDIO_POPP_TOPOLOGIES
01-06 00:27:31.764   502   502 D ACDB-LOADER: ACDB -> AUDIO_SET_ASM_CUSTOM_TOPOLOGY
01-06 00:27:31.764   502   502 D ACDB-LOADER: ACDB -> send_meta_info Enter
01-06 00:27:31.764   502   502 E ACDB-LOADER: Fail to allocate memory for metainfo
01-06 00:27:31.764   502   502 D ACDB-LOADER: ACDB -> send_meta_info failed
01-06 00:27:31.764   502   502 D ACDB-LOADER: ACDB -> init done!
01-06 00:27:31.765   617   617 E Diag_Lib:  Diag_LSM_Init: Failed to open handle to diag driver, error = 2
01-06 00:27:31.772   502   502 E msm8974_platform: find_index: Could not find index for name = USECASE_AUDIO_3RDP_SPKR_PROT_TX
01-06 00:27:31.772   502   502 E platform_info: process_pcm_id: usecase USECASE_AUDIO_3RDP_SPKR_PROT_TX not found!
01-06 00:27:31.772   502   502 E msm8974_platform: find_index: Could not find index for name = SND_DEVICE_OUT_VOIP_HANDSET
01-06 00:27:31.772   502   502 E platform_info: process_device_name: Device SND_DEVICE_OUT_VOIP_HANDSET in platform info xml not found, no alias set!
01-06 00:27:31.772   502   502 E msm8974_platform: find_index: Could not find index for name = SND_DEVICE_OUT_VOIP_SPEAKER
01-06 00:27:31.773   502   502 E platform_info: process_device_name: Device SND_DEVICE_OUT_VOIP_SPEAKER in platform info xml not found, no alias set!
01-06 00:27:31.773   502   502 E msm8974_platform: find_index: Could not find index for name = SND_DEVICE_OUT_VOIP_HEADPHONES
01-06 00:27:31.773   502   502 E platform_info: process_device_name: Device SND_DEVICE_OUT_VOIP_HEADPHONES in platform info xml not found, no alias set!
01-06 00:27:31.773   502   502 D msm8974_platform: platform_init: Fluence_Type(1) max_mic_count(2) mic_type(0x3) fluence_in_voice_call(1) fluence_in_voice_rec(0) fluence_in_spkr_mode(1) 
01-06 00:27:31.775   502   502 E DAP_HAL : dap_hal_set_hw_info: dmid=0
01-06 00:27:31.775   502   502 E DAP_HAL :  key 00x
01-06 00:27:31.775   502   502 D msm8974_platform: hw_util_open Opening device /dev/snd/hwC0D1000
01-06 00:27:31.775   502   502 D msm8974_platform: hw_util_open success
01-06 00:27:31.775   502   502 D ACDB-LOADER: ACDB -> ACDB_CMD_GET_ANC_SETTING
01-06 00:27:31.776   502   502 D         : Failed to fetch the lookup information of the device 0000001A 
01-06 00:27:31.776   502   502 E ACDB-LOADER: Error: ACDB ANC returned = -1
01-06 00:27:31.776   502   502 D ACDB-LOADER: ACDB -> ACDB_CMD_GET_ANC_SETTING
01-06 00:27:31.776   502   502 D         : Failed to fetch the lookup information of the device 0000001B 
01-06 00:27:31.776   502   502 E ACDB-LOADER: Error: ACDB ANC returned = -1
01-06 00:27:31.776   502   502 D ACDB-LOADER: ACDB -> ACDB_CMD_GET_ANC_SETTING
01-06 00:27:31.776   502   502 D         : Failed to fetch the lookup information of the device 0000001C 
01-06 00:27:31.776   502   502 E ACDB-LOADER: Error: ACDB ANC returned = -1
01-06 00:27:31.776   502   502 D ACDB-LOADER: ACDB -> ACDB_CMD_GET_ANC_SETTING
01-06 00:27:31.776   502   502 D         : Failed to fetch the lookup information of the device 0000001D 
