01-07 06:08:05.122  1251  1251 I InputManager: Starting input manager
01-07 06:08:05.128  1251  1939 D EventHub: No input device configuration file found for device 'msm8994-tomtom-snd-card Headset Jack'.
01-07 06:08:05.128  1251  1939 I EventHub: New device: id=1, fd=106, path='/dev/input/event4', name='msm8994-tomtom-snd-card Headset Jack', classes=0x80, configuration='', keyLayout='', keyCharacterMap='', builtinKeyboard=false, wakeMechanism=EPOLLWAKEUP, usingClockIoctl=true
01-07 06:08:05.128  1251  1939 D EventHub: No input device configuration file found for device 'msm8994-tomtom-snd-card Button Jack'.
01-07 06:08:05.128  1251  1251 D SystemServerTiming: StartInputManager took to complete: 6ms
01-07 06:08:05.128  1251  1251 I SystemServer: DisplayManagerWindowManagerAndInputReady
01-07 06:08:05.129  1251  1251 D SystemServerTiming: DisplayManagerWindowManagerAndInputReady took to complete: 0ms
01-07 06:08:05.129  1251  1251 I SystemServer: StartBluetoothService
01-07 06:08:05.129  1251  1251 I SystemServiceManager: Starting com.android.server.BluetoothService
01-07 06:08:05.136  1251  1939 W EventHub: Unable to disable kernel key repeat for /dev/input/event3: Function not implemented
01-07 06:08:05.136  1251  1939 I EventHub: New device: id=2, fd=107, path='/dev/input/event3', name='msm8994-tomtom-snd-card Button Jack', classes=0x1, configuration='', keyLayout='/system/usr/keylayout/Generic.kl', keyCharacterMap='/system/usr/keychars/Generic.kcm', builtinKeyboard=false, wakeMechanism=EPOLLWAKEUP, usingClockIoctl=true
01-07 06:08:05.136  1251  1939 D EventHub: No input device configuration file found for device 'qpnp_pon'.
01-07 06:08:05.140  1251  1939 W EventHub: Unable to disable kernel key repeat for /dev/input/event1: Function not implemented
01-07 06:08:05.140  1251  1939 I EventHub: New device: id=3, fd=108, path='/dev/input/event1', name='qpnp_pon', classes=0x1, configuration='', keyLayout='/system/usr/keylayout/Generic.kl', keyCharacterMap='/system/usr/keychars/Generic.kcm', builtinKeyboard=false, wakeMechanism=EPOLLWAKEUP, usingClockIoctl=true
01-07 06:08:05.140  1251  1939 D EventHub: No input device configuration file found for device 'touch_dev'.
01-07 06:08:05.144  1251  1939 W EventHub: Unable to disable kernel key repeat for /dev/input/event0: Function not implemented
01-07 06:08:05.144  1251  1939 I EventHub: New device: id=4, fd=109, path='/dev/input/event0', name='touch_dev', classes=0x15, configuration='', keyLayout='/system/usr/keylayout/Generic.kl', keyCharacterMap='/system/usr/keychars/Generic.kcm', builtinKeyboard=false, wakeMechanism=EPOLLWAKEUP, usingClockIoctl=true
01-07 06:08:05.144  1251  1939 E EventHub: could not get driver version for /dev/input/mice, Not a typewriter
01-07 06:08:05.159  1251  1251 D BluetoothManagerService: Loading stored name and address
01-07 06:08:05.160  1251  1251 D BluetoothManagerService: Stored bluetooth Name=LG G4,Address=22:22:67:C6:69:73
01-07 06:08:05.160  1251  1251 D BluetoothManagerService: Bluetooth persisted state: 0
01-07 06:08:05.161  1251  1251 D SystemServerTiming: StartBluetoothService took to complete: 32ms
01-07 06:08:05.161  1251  1251 I SystemServer: IpConnectivityMetrics
01-07 06:08:05.162  1251  1251 I SystemServiceManager: Starting com.android.server.connectivity.IpConnectivityMetrics
01-07 06:08:05.166  1251  1251 D SystemServerTiming: IpConnectivityMetrics took to complete: 5ms
01-07 06:08:05.166  1251  1251 I SystemServer: PinnerService
01-07 06:08:05.166  1251  1251 I SystemServiceManager: Starting com.android.server.PinnerService
01-07 06:08:05.168  1251  1251 D SystemServerTiming: PinnerService took to complete: 2ms
01-07 06:08:05.168  1251  1251 I SystemServer: StartInputMethodManagerLifecycle
01-07 06:08:05.168  1251  1251 I SystemServiceManager: Starting com.android.server.InputMethodManagerService$Lifecycle
01-07 06:08:05.181  1251  1251 D SystemServerTiming: StartInputMethodManagerLifecycle took to complete: 13ms
01-07 06:08:05.181  1251  1251 I SystemServer: StartAccessibilityManagerService
01-07 06:08:05.186  1251  1251 D SystemServerTiming: StartAccessibilityManagerService took to complete: 5ms
01-07 06:08:05.187  1251  1251 I SystemServer: MakeDisplayReady
01-07 06:08:05.187  1251  1939 D EventHub: No input device configuration file found for device 'gpio-keys'.
01-07 06:08:05.191  1251  1939 W EventHub: Unable to disable kernel key repeat for /dev/input/event2: Function not implemented
01-07 06:08:05.191  1251  1939 I EventHub: New device: id=5, fd=110, path='/dev/input/event2', name='gpio-keys', classes=0x81, configuration='', keyLayout='/system/usr/keylayout/Generic.kl', keyCharacterMap='/system/usr/keychars/Generic.kcm', builtinKeyboard=false, wakeMechanism=EPOLLWAKEUP, usingClockIoctl=true
01-07 06:08:05.193  1251  1251 I ActivityManager: Config changes=5df8 {1.0 ?mcc?mnc [en_US] ldltr sw411dp w411dp h731dp 560dpi nrml long port ?uimode ?night -touch -keyb/v/h -nav/h appBounds=Rect(0, 0 - 1440, 2560) s.2}
01-07 06:08:05.200  1251  1939 I InputReader: Device added: id=-1, name='Virtual', sources=0x00000301
01-07 06:08:05.200  1251  1939 I InputReader: Device added: id=5, name='gpio-keys', sources=0x80000101
01-07 06:08:05.201  1251  1251 I ActivityManager: Override config changes=40007dfc {1.0 ?mcc?mnc [en_US] ldltr sw411dp w411dp h731dp 560dpi nrml long port ?uimode ?night -touch -keyb/v/h -nav/h appBounds=Rect(0, 0 - 1440, 2560) s.2} for displayId=0
01-07 06:08:05.201  1251  1939 I InputReader:   Touch device 'touch_dev' could not query the properties of its associated display.  The device will be inoperable until the display size becomes available.
01-07 06:08:05.201  1251  1939 I InputReader: Device added: id=4, name='touch_dev', sources=0x00001103
01-07 06:08:05.201  1251  1939 I InputReader: Device added: id=3, name='qpnp_pon', sources=0x00000101
01-07 06:08:05.201  1251  1939 I InputReader: Device added: id=2, name='msm8994-tomtom-snd-card Button Jack', sources=0x00000101
01-07 06:08:05.201  1251  1939 I InputReader: Device added: id=1, name='msm8994-tomtom-snd-card Headset Jack', sources=0x80000000
01-07 06:08:05.212  1251  1938 I ActivityManager: Config changes=508 {1.0 ?mcc?mnc [en_US] ldltr sw411dp w411dp h659dp 560dpi nrml port ?uimode ?night finger -keyb/v/h -nav/h appBounds=Rect(0, 0 - 1440, 2392) s.3}
01-07 06:08:05.219  1251  1939 I InputReader: Reconfiguring input devices.  changes=0x00000004
01-07 06:08:05.219  1251  1939 I InputReader: Device reconfigured: id=4, name='touch_dev', size 1440x2560, orientation 0, mode 1, display id 0
01-07 06:08:05.225  1251  1938 I ActivityManager: Override config changes=508 {1.0 ?mcc?mnc [en_US] ldltr sw411dp w411dp h659dp 560dpi nrml port ?uimode ?night finger -keyb/v/h -nav/h appBounds=Rect(0, 0 - 1440, 2392) s.3} for displayId=0
01-07 06:08:05.235  1251  1939 I InputReader: Reconfiguring input devices.  changes=0x00000004
01-07 06:08:05.235  1251  1251 D SystemServerTiming: MakeDisplayReady took to complete: 48ms
01-07 06:08:05.235  1251  1251 I SystemServer: StartStorageManagerService
01-07 06:08:05.235  1251  1251 I SystemServiceManager: Starting com.android.server.StorageManagerService$Lifecycle
01-07 06:08:05.249  1251  1251 D SystemServerTiming: StartStorageManagerService took to complete: 14ms
01-07 06:08:05.249  1251  1251 I SystemServer: StartStorageStatsService
01-07 06:08:05.250  1251  1251 I SystemServiceManager: Starting com.android.server.usage.StorageStatsService$Lifecycle
01-07 06:08:05.257  1251  1983 D StorageManagerService: Thinking about init, mSystemReady=false, mDaemonConnected=true
01-07 06:08:05.257  1251  1983 D StorageManagerService: Thinking about reset, mSystemReady=false, mDaemonConnected=true
01-07 06:08:05.260  1251  1983 D StorageManagerService: Thinking about init, mSystemReady=false, mDaemonConnected=true
01-07 06:08:05.261  1251  1251 D SystemServerTiming: StartStorageStatsService took to complete: 12ms
01-07 06:08:05.261  1251  1983 D StorageManagerService: Thinking about reset, mSystemReady=false, mDaemonConnected=true
01-07 06:08:05.261  1251  1251 I SystemServer: StartUiModeManager
01-07 06:08:05.261  1251  1251 I SystemServiceManager: Starting com.android.server.UiModeManagerService
01-07 06:08:05.263  1251  1983 D CryptdConnector: SND -> {1 cryptfs getfield SystemLocale}
01-07 06:08:05.264  1251  1427 D SystemServerInitThreadPool: Started executing UiModeManager.onStart
01-07 06:08:05.264  1251  1427 I ActivityManager: Config changes=200 {1.0 ?mcc?mnc [en_US] ldltr sw411dp w411dp h659dp 560dpi nrml port finger -keyb/v/h -nav/h appBounds=Rect(0, 0 - 1440, 2392) s.4}
01-07 06:08:05.265  1251  1251 D SystemServerTiming: StartUiModeManager took to complete: 4ms
01-07 06:08:05.265  1251  1251 I SystemServer: UpdatePackagesIfNeeded
01-07 06:08:05.271  1251  1985 D CryptdConnector: RCV <- {200 1 -1}
01-07 06:08:05.273  1251  1983 W StorageManagerService: No primary storage mounted!
01-07 06:08:05.273  1251  1983 D VoldConnector: SND -> {1 asec list}
01-07 06:08:05.280  1251  1427 I ActivityManager: Override config changes=200 {1.0 ?mcc?mnc [en_US] ldltr sw411dp w411dp h659dp 560dpi nrml port finger -keyb/v/h -nav/h appBounds=Rect(0, 0 - 1440, 2392) s.4} for displayId=0
01-07 06:08:05.281  1251  1984 D VoldConnector: RCV <- {200 1 asec operation succeeded}
01-07 06:08:05.286  1251  1983 I PackageManager: No secure containers found
01-07 06:08:05.296  1251  1275 I UsageStatsService: User[0] Rollover scheduled @ 2015-01-08 03:59:27(1420689567702)
01-07 06:08:05.296  1251  1275 D UsageStatsService: Initializing defaults for system apps on user 0
01-07 06:08:05.296  1251  1427 D SystemServerInitThreadPool: Finished executing UiModeManager.onStart
01-07 06:08:05.330  1251  1261 I zygote64: Background concurrent copying GC freed 14719(1405KB) AllocSpace objects, 15(300KB) LOS objects, 42% free, 3MB/6MB, paused 309us total 111.866ms
01-07 06:08:05.343  1251  1983 W StorageManagerService: No primary storage defined yet; hacking together a stub
01-07 06:08:05.352  1251  1983 W StorageManagerService: No primary storage mounted!
01-07 06:08:05.353  1251  1983 D VoldConnector: SND -> {2 asec list}
01-07 06:08:05.354  1251  1984 D VoldConnector: RCV <- {200 2 asec operation succeeded}
01-07 06:08:05.507  2042  2042 E android.hardware.nfc@1.0-impl: hw_get_module nfc_nci failed: -2
01-07 06:08:05.507  2042  2042 E android.hardware.nfc@1.0-impl: Passthrough failed to load legacy HAL.
01-07 06:08:05.507  2042  2042 E android.hardware.nfc@1.0-service: Could not get passthrough implementation for android.hardware.nfc@1.0::INfc/default.
01-07 06:08:05.527  1457  1457 I netmgrd : type=1400 audit(0.0:878): avc: denied { ioctl } for path="socket:[30783]" dev="sockfs" ino=30783 ioctlcmd=89f2 scontext=u:r:init:s0 tcontext=u:r:init:s0 tclass=udp_socket permissive=1
01-07 06:08:05.626  1251  1251 D SystemServerTiming: UpdatePackagesIfNeeded took to complete: 361ms
01-07 06:08:05.626  1251  1251 I SystemServer: PerformFstrimIfNeeded
01-07 06:08:05.627  1251  1251 D SystemServerTiming: PerformFstrimIfNeeded took to complete: 1ms
01-07 06:08:05.628  1251  1251 I SystemServer: StartLockSettingsService
01-07 06:08:05.628  1251  1251 I SystemServiceManager: Starting com.android.server.LockSettingsService$Lifecycle
01-07 06:08:05.639  1251  1251 D SystemServerTiming: StartLockSettingsService took to complete: 12ms
01-07 06:08:05.640  1251  1251 I SystemServer: StartPersistentDataBlock
01-07 06:08:05.640  1251  1251 I SystemServiceManager: Starting com.android.server.PersistentDataBlockService
01-07 06:08:05.640  1251  1251 D SystemServerTiming: StartPersistentDataBlock took to complete: 1ms
01-07 06:08:05.641  1251  1274 D SystemServerInitThreadPool: Started executing PersistentDataBlockService.onStart
01-07 06:08:05.641  1251  1251 I SystemServer: StartOemLockService
01-07 06:08:05.641  1251  1251 I SystemServiceManager: Starting com.android.server.OemLockService
01-07 06:08:05.642  1251  1251 D SystemServerTiming: StartOemLockService took to complete: 1ms
01-07 06:08:05.642  1251  1251 I SystemServer: StartDeviceIdleController
01-07 06:08:05.643  1251  1251 I SystemServiceManager: Starting com.android.server.DeviceIdleController
01-07 06:08:05.643  1251  1274 E PersistentDataBlockService: not able to find package com.google.android.gms
01-07 06:08:05.643  1251  1274 E PersistentDataBlockService: android.content.pm.PackageManager$NameNotFoundException: com.google.android.gms
01-07 06:08:05.643  1251  1274 E PersistentDataBlockService: 	at android.app.ApplicationPackageManager.getPackageUidAsUser(ApplicationPackageManager.java:277)
01-07 06:08:05.643  1251  1274 E PersistentDataBlockService: 	at com.android.server.PersistentDataBlockService.getAllowedUid(PersistentDataBlockService.java:106)
01-07 06:08:05.643  1251  1274 E PersistentDataBlockService: 	at com.android.server.PersistentDataBlockService.lambda$-com_android_server_PersistentDataBlockService_4652(PersistentDataBlockService.java:119)
01-07 06:08:05.643  1251  1274 E PersistentDataBlockService: 	at com.android.server.-$Lambda$Vs1k-33pKk0_ZNh1UtgE1Q9ZrgU.$m$0(Unknown Source:4)
01-07 06:08:05.643  1251  1274 E PersistentDataBlockService: 	at com.android.server.-$Lambda$Vs1k-33pKk0_ZNh1UtgE1Q9ZrgU.run(Unknown Source:0)
01-07 06:08:05.643  1251  1274 E PersistentDataBlockService: 	at com.android.server.SystemServerInitThreadPool.lambda$-com_android_server_SystemServerInitThreadPool_2249(SystemServerInitThreadPool.java:64)
01-07 06:08:05.643  1251  1274 E PersistentDataBlockService: 	at com.android.server.-$Lambda$HTEfptnAsu3OjkqY28AzP7WiEyA.$m$0(Unknown Source:8)
01-07 06:08:05.643  1251  1274 E PersistentDataBlockService: 	at com.android.server.-$Lambda$HTEfptnAsu3OjkqY28AzP7WiEyA.run(Unknown Source:0)
01-07 06:08:05.643  1251  1274 E PersistentDataBlockService: 	at java.util.concurrent.Executors$RunnableAdapter.call(Executors.java:457)
01-07 06:08:05.643  1251  1274 E PersistentDataBlockService: 	at java.util.concurrent.FutureTask.run(FutureTask.java:266)
01-07 06:08:05.643  1251  1274 E PersistentDataBlockService: 	at java.util.concurrent.ThreadPoolExecutor.runWorker(ThreadPoolExecutor.java:1162)
01-07 06:08:05.643  1251  1274 E PersistentDataBlockService: 	at java.util.concurrent.ThreadPoolExecutor$Worker.run(ThreadPoolExecutor.java:636)
01-07 06:08:05.643  1251  1274 E PersistentDataBlockService: 	at com.android.internal.util.ConcurrentUtils$1$1.run(ConcurrentUtils.java:59)
01-07 06:08:05.648  1251  1251 D SystemServerTiming: StartDeviceIdleController took to complete: 6ms
01-07 06:08:05.648  1251  1251 I SystemServer: StartDevicePolicyManager
01-07 06:08:05.648  1251  1251 I SystemServiceManager: Starting com.android.server.devicepolicy.DevicePolicyManagerService$Lifecycle
01-07 06:08:05.663  1251  1251 D SystemServerTiming: StartDevicePolicyManager took to complete: 15ms
01-07 06:08:05.663  1251  1251 I SystemServer: StartStatusBarManagerService
01-07 06:08:05.668  1251  1251 D SystemServerTiming: StartStatusBarManagerService took to complete: 5ms
01-07 06:08:05.668  1251  1251 I SystemServer: StartClipboardService
01-07 06:08:05.669  1251  1251 I SystemServiceManager: Starting com.android.server.clipboard.ClipboardService
01-07 06:08:05.674  1251  1251 D SystemServerTiming: StartClipboardService took to complete: 6ms
01-07 06:08:05.674  1251  1251 I SystemServer: StartNetworkManagementService
01-07 06:08:05.680  1251  2047 I NetworkManagement: onDaemonConnected()
01-07 06:08:05.675  1274  1274 I system-server-i: type=1400 audit(0.0:883): avc: denied { write } for name="mmcblk0p35" dev="tmpfs" ino=10088 scontext=u:r:system_server:s0 tcontext=u:object_r:block_device:s0 tclass=blk_file permissive=1
01-07 06:08:05.680  1251  2047 I NetworkManagement: onDaemonConnected()
01-07 06:08:05.687  1251  1251 D SystemServerTiming: StartNetworkManagementService took to complete: 13ms
01-07 06:08:05.687  1251  1251 I SystemServer: StartTextServicesManager
01-07 06:08:05.687  1251  1251 I SystemServiceManager: Starting com.android.server.TextServicesManagerService$Lifecycle
01-07 06:08:05.697  1251  1251 D SystemServerTiming: StartTextServicesManager took to complete: 10ms
01-07 06:08:05.698  1251  1251 I SystemServer: StartNetworkScoreService
01-07 06:08:05.701  1251  1251 D SystemServerTiming: StartNetworkScoreService took to complete: 3ms
01-07 06:08:05.701  1251  1251 I SystemServer: StartNetworkStatsService
01-07 06:08:05.710  1251  1251 D SystemServerTiming: StartNetworkStatsService took to complete: 9ms
01-07 06:08:05.710  1251  1251 I SystemServer: StartNetworkPolicyManagerService
01-07 06:08:05.718  1251  1274 D SystemServerInitThreadPool: Finished executing PersistentDataBlockService.onStart
01-07 06:08:05.718  1251  2050 I ServiceThread: Enabled StrictMode logging for NetworkPolicy.uid looper.
01-07 06:08:05.720  1251  1251 D SystemServerTiming: StartNetworkPolicyManagerService took to complete: 10ms
01-07 06:08:05.720  1251  1251 I SystemServer: StartWifi
01-07 06:08:05.729  1251  1251 I SystemServiceManager: Starting com.android.server.wifi.WifiService
01-07 06:08:05.794  1251  1251 D WifiApConfigStore: 2G band allowed channels are:1,6,11
01-07 06:08:05.824  1013  1325 D CommandListener: Clearing all IP addresses on wlan0
01-07 06:08:05.826  1251  2052 D WificondControl: tearing down interfaces in wificond
01-07 06:08:05.829  1251  2052 E HalDeviceManager: isSupported: called but mServiceManager is null!?
01-07 06:08:05.830  1251  2052 I WifiNative-wlan0: Vendor HAL not supported, Ignore stop...
01-07 06:08:05.833  1251  1251 D WifiController: isAirplaneModeOn = false, isWifiEnabled = true, isScanningAvailable = false
01-07 06:08:05.839  1251  1251 E SupplicantStaIfaceHal: Can't call setDebugParams, ISupplicant is null
01-07 06:08:05.839  1251  1251 W WifiDiags: no ring buffers found
01-07 06:08:05.839  1251  1251 W WifiDiags: Failed to start packet fate monitoring
01-07 06:08:05.840  1251  1251 I WifiService: Registering wifi
01-07 06:08:05.840  1251  1251 D SystemServerTiming: StartWifi took to complete: 121ms
01-07 06:08:05.841  1251  1251 I SystemServer: StartWifiScanning
01-07 06:08:05.842  1251  1251 I SystemServiceManager: Starting com.android.server.wifi.scanner.WifiScanningService
01-07 06:08:05.842  1251  1251 I WifiScanningService: Creating wifiscanner
01-07 06:08:05.846  1251  1251 I WifiScanningService: Publishing wifiscanner
01-07 06:08:05.847  1251  1251 D SystemServerTiming: StartWifiScanning took to complete: 6ms
01-07 06:08:05.847  1251  1251 I SystemServer: StartWifiRtt
01-07 06:08:05.847  1251  1251 I SystemServiceManager: Starting com.android.server.wifi.RttService
01-07 06:08:05.848  1251  1251 I RttService: Creating rttmanager
01-07 06:08:05.848  1251  1251 I RttService: Starting rttmanager
01-07 06:08:05.849  1251  1251 D SystemServerTiming: StartWifiRtt took to complete: 2ms
01-07 06:08:05.849  1251  1251 I SystemServer: No Wi-Fi Aware Service (Aware support Not Present)
01-07 06:08:05.849  1251  1251 I SystemServer: StartWifiP2P
01-07 06:08:05.850  1251  1251 I SystemServiceManager: Starting com.android.server.wifi.p2p.WifiP2pService
01-07 06:08:05.859  1251  1251 I WifiP2pService: Registering wifip2p
01-07 06:08:05.860  1251  1251 D SystemServerTiming: StartWifiP2P took to complete: 10ms
01-07 06:08:05.860  1251  1251 I SystemServer: StartEthernet
01-07 06:08:05.861  1251  1251 I SystemServiceManager: Starting com.android.server.ethernet.EthernetService
01-07 06:08:05.862  1251  1251 I EthernetServiceImpl: Creating EthernetConfigStore
01-07 06:08:05.862  1251  1251 E IpConfigStore: Error opening configuration file: java.io.FileNotFoundException: /data/misc/ethernet/ipconfig.txt (No such file or directory)
01-07 06:08:05.862  1251  1251 W EthernetConfigStore: No Ethernet configuration found. Using default.
01-07 06:08:05.862  1251  1251 I EthernetServiceImpl: Read stored IP configuration: IP assignment: DHCP
01-07 06:08:05.862  1251  1251 I EthernetServiceImpl: Proxy settings: NONE
01-07 06:08:05.864  1251  1251 I EthernetService: Registering service ethernet
01-07 06:08:05.865  1251  1251 D SystemServerTiming: StartEthernet took to complete: 5ms
01-07 06:08:05.865  1251  1251 I SystemServer: StartConnectivityService
01-07 06:08:05.873  1251  1251 D ConnectivityService: ConnectivityService starting up
01-07 06:08:05.876  1251  1251 D ConnectivityService: wifiOnly=false
01-07 06:08:05.876  1251  1251 E ConnectivityService: Ignoring protectedNetwork 15
01-07 06:08:05.888  1251  1251 D SystemServerTiming: StartConnectivityService took to complete: 22ms
01-07 06:08:05.888  1251  1251 I SystemServer: StartNsdService
01-07 06:08:05.890  1251  1251 D NsdService: Network service discovery enabled true
01-07 06:08:05.892  1251  1251 D SystemServerTiming: StartNsdService took to complete: 5ms
01-07 06:08:05.893  1251  1251 I SystemServer: StartUpdateLockService
01-07 06:08:05.894  1251  1251 D SystemServerTiming: StartUpdateLockService took to complete: 1ms
01-07 06:08:05.895  1251  1251 I SystemServer: WaitForAsecScan
01-07 06:08:05.895  1251  1251 D SystemServerTiming: WaitForAsecScan took to complete: 0ms
01-07 06:08:05.895  1251  1251 I SystemServer: StartNotificationManager
01-07 06:08:05.896  1251  1251 I SystemServiceManager: Starting com.android.server.notification.NotificationManagerService
01-07 06:08:05.921  1251  1251 D ConditionProviders.SCP: new ScheduleConditionProvider()
01-07 06:08:05.926  1251  1251 D ZenLog  : config: readXml,ZenModeConfig[user=0,allowCalls=true,allowRepeatCallers=false,allowMessages=false,allowCallsFrom=contacts,allowMessagesFrom=contacts,allowReminders=true,allowEvents=true,allowWhenScreenOff=true,allowWhenScreenOn=true,automaticRules={8385bcc1eeb649ee853809f005099772=ZenRule[enabled=false,snoozing=false,name=Weeknight,zenMode=ZEN_MODE_ALARMS,conditionId=condition://android/schedule?days=1.2.3.4.5&start=22.0&end=7.0&exitAtAlarm=false,condition=Condition[id=condition://android/schedule?days=1.2.3.4.5&start=22.0&end=7.0&exitAtAlarm=false,summary=...,line1=...,line2=...,icon=0,state=STATE_TRUE,flags=2],component=ComponentInfo{android/com.android.server.notification.ScheduleConditionProvider},id=8385bcc1eeb649ee853809f005099772,creationTime=1420602945297,enabler=null], 169bd21888e54a8dab4e975feaaccbc1=ZenRule[enabled=false,snoozing=false,name=Event,zenMode=ZEN_MODE_ALARMS,conditionId=condition://android/event?userId=-10000&calendar=&reply=1,condition=Condition[id=condition://android/event?userId=-10000&calendar=&reply=1,summary=...,line1=...,line2=...,icon=0,state=STATE_FALSE,flags=2],component=ComponentInfo{android/com.android.server.notification.EventConditionProvider},id=169bd21888e54a8dab4e975feaaccbc1,creationTime=1420602945297,enabler=null], ec2210d25088474ca576b0965f482659=ZenRule[enabled=false,snoozing=false,name=Weekend,zenMode=ZEN_MODE_ALARMS,conditionId=condition://android/schedule?days=6.7&start=23.30&end=10.0&exitAtAlarm=false,condition=Condition[id=condition://android/schedule?days=6.7&start=23.30&end=10.0&exitAtAlarm=false,summary=...,line1=...,line2=...,icon=0,state=STATE_FALSE,flags=2],component=ComponentInfo{android/com.android.server.notification.ScheduleConditionProvider},id=ec2210d25088474ca576b0965f482659,creationTime=1420602945297,enabler=null]},manualRule=null],Diff[automaticRule[58ee33c54b1a43ffb840a0544bf92ba6]:delete,automaticRule[8385bcc1eeb649ee853809f005099772]:insert,automaticRule[e961d4b20388455f9fea1e49b5350904]:delete,automaticRule[3f68215be42e4ee6b443bc41cf2cac57]:delete,automaticRule[169bd21888e54a8dab4e975feaaccbc1]:insert,automaticRule[ec2210d25088474ca576b0965f482659]:insert]
01-07 06:08:05.931  1251  1251 D ZenLog  : set_zen_mode: off,init
01-07 06:08:05.939  1251  1251 D SystemServerTiming: StartNotificationManager took to complete: 44ms
01-07 06:08:05.939  1251  1251 I SystemServer: StartDeviceMonitor
01-07 06:08:05.939  1251  1251 I SystemServiceManager: Starting com.android.server.storage.DeviceStorageMonitorService
01-07 06:08:05.939  2064  2064 E ANDR-PERF-MPCTL: Unable to create control service (stage=1, rc=0)
01-07 06:08:05.939  2064  2064 W libc    : invalid pthread_t (0) passed to libc
01-07 06:08:05.940  1251  1251 D SystemServerTiming: StartDeviceMonitor took to complete: 2ms
01-07 06:08:05.940  1251  1251 I SystemServer: StartLocationManagerService
01-07 06:08:05.945  1251  1251 D SystemServerTiming: StartLocationManagerService took to complete: 4ms
01-07 06:08:05.945  1251  1251 I SystemServer: StartCountryDetectorService
01-07 06:08:05.949  1251  1251 D SystemServerTiming: StartCountryDetectorService took to complete: 3ms
01-07 06:08:05.949  1251  1251 I SystemServer: StartSearchManagerService
01-07 06:08:05.949  1251  1251 I SystemServiceManager: Starting com.android.server.search.SearchManagerService$Lifecycle
01-07 06:08:05.953  1251  1251 D SystemServerTiming: StartSearchManagerService took to complete: 4ms
01-07 06:08:05.953  1251  1251 I SystemServer: StartWallpaperManagerService
01-07 06:08:05.953  1251  1251 I SystemServiceManager: Starting com.android.server.wallpaper.WallpaperManagerService$Lifecycle
01-07 06:08:05.956  1251  1251 I WallpaperManagerService: No static wallpaper imagery; defaults will be shown
01-07 06:08:05.959  1251  1251 D SystemServerTiming: StartWallpaperManagerService took to complete: 6ms
01-07 06:08:05.959  1251  1251 I SystemServer: StartAudioService
01-07 06:08:05.959  1251  1251 I SystemServiceManager: Starting com.android.server.audio.AudioService$Lifecycle
01-07 06:08:05.970  1002  1294 D PermissionCache: checking android.permission.MODIFY_AUDIO_SETTINGS for uid=1000 => granted (1115 us)
01-07 06:08:05.970  1251  1251 W TelecomManager: Telecom Service not found.
01-07 06:08:05.973  1002  1300 W AudioFlinger: no wake lock to update, system not ready yet
01-07 06:08:05.973  1002  1309 W AudioFlinger: no wake lock to update, system not ready yet
01-07 06:08:05.973  1002  1307 W AudioFlinger: no wake lock to update, system not ready yet
01-07 06:08:05.973  1002  1305 W AudioFlinger: no wake lock to update, system not ready yet
01-07 06:08:05.974  1002  1293 W DeviceHAL: Device 0xed573000 set_mic_mute: Function not implemented
01-07 06:08:05.974  1002  1293 W DeviceHAL: Device 0xed564c80 set_mic_mute: Function not implemented
01-07 06:08:05.974  1002  1293 W DeviceHAL: Device 0xebd54640 set_mic_mute: Function not implemented
01-07 06:08:06.001  1251  1251 D SystemServerTiming: StartAudioService took to complete: 42ms
01-07 06:08:06.001  1251  1251 I SystemServer: StartDockObserver
01-07 06:08:06.002  1251  1251 I SystemServiceManager: Starting com.android.server.DockObserver
01-07 06:08:06.002  1251  1251 W DockObserver: This kernel does not have dock station support
01-07 06:08:06.003  1251  1251 D SystemServerTiming: StartDockObserver took to complete: 1ms
01-07 06:08:06.003  1251  1251 I SystemServer: StartWiredAccessoryManager
01-07 06:08:06.005  1251  1251 W WiredAccessoryManager: This kernel does not have usb audio support
01-07 06:08:06.005  1251  1251 D SystemServerTiming: StartWiredAccessoryManager took to complete: 1ms
01-07 06:08:06.005  1251  1251 I SystemServer: StartUsbService
01-07 06:08:06.006  1251  1251 I SystemServiceManager: Starting com.android.server.usb.UsbService$Lifecycle
01-07 06:08:06.017  1251  1251 I system_server: Looking for service android.hidl.manager@1.0::IServiceManager/default
01-07 06:08:06.019  1251  1251 I system_server: Starting thread pool.
01-07 06:08:06.021  1251  1930 I UsbPortManager: Usb hal service started android.hardware.usb@1.0::IUsb default
01-07 06:08:06.021  1251  1251 I system_server: Looking for service android.hardware.usb@1.0::IUsb/default
01-07 06:08:06.022  1251  1251 I system_server: Starting thread pool.
01-07 06:08:06.023  1337  1337 I android.hardware.usb@1.0-service: registering callback
01-07 06:08:06.024  1337  2068 E android.hardware.usb@1.0-service: creating thread
01-07 06:08:06.024  1337  1337 E android.hardware.usb@1.0-service: Failed to open /sys/class/dual_role_usb
01-07 06:08:06.026  1251  1251 D SystemServerTiming: StartUsbService took to complete: 22ms
01-07 06:08:06.027  1251  1251 I SystemServer: StartSerialService
01-07 06:08:06.028  1251  1251 D SystemServerTiming: StartSerialService took to complete: 1ms
01-07 06:08:06.028  1251  1251 I SystemServer: StartHardwarePropertiesManagerService
01-07 06:08:06.029  1245  1245 W /system/bin/hwservicemanager: getTransportFromManifest: Cannot find entry android.hardware.thermal@1.0::IThermal in either framework or device manifest, using default transport.
01-07 06:08:06.030  1251  1251 D SystemServerTiming: StartHardwarePropertiesManagerService took to complete: 3ms
01-07 06:08:06.031  1251  1251 I SystemServer: StartTwilightService
01-07 06:08:06.031  1251  1251 I SystemServiceManager: Starting com.android.server.twilight.TwilightService
01-07 06:08:06.031  1251  1251 D SystemServerTiming: StartTwilightService took to complete: 0ms
01-07 06:08:06.031  1251  1251 I SystemServer: StartNightDisplay
01-07 06:08:06.032  1251  1251 I SystemServiceManager: Starting com.android.server.display.NightDisplayService
01-07 06:08:06.032  1251  1251 D SystemServerTiming: StartNightDisplay took to complete: 1ms
01-07 06:08:06.033  1251  1251 I SystemServer: StartJobScheduler
01-07 06:08:06.033  1251  1251 I SystemServiceManager: Starting com.android.server.job.JobSchedulerService
01-07 06:08:06.038  1251  1251 D JobStore: Start tag: job-info
01-07 06:08:06.042  1251  1251 D ConnectivityService: requestNetwork for uid/pid:1000/1251 NetworkRequest [ TRACK_DEFAULT id=3, [ Capabilities: INTERNET&NOT_RESTRICTED&TRUSTED&NOT_VPN] ]
01-07 06:08:06.046  1251  1251 D SystemServerTiming: StartJobScheduler took to complete: 13ms
01-07 06:08:06.046  1251  1251 I SystemServer: StartSoundTrigger
01-07 06:08:06.046  1251  1251 I SystemServiceManager: Starting com.android.server.soundtrigger.SoundTriggerService
01-07 06:08:06.051  1251  1251 D SystemServerTiming: StartSoundTrigger took to complete: 5ms
01-07 06:08:06.051  1251  1251 I SystemServer: StartTrustManager
01-07 06:08:06.052  1251  1251 I SystemServiceManager: Starting com.android.server.trust.TrustManagerService
01-07 06:08:06.053  1251  1251 D SystemServerTiming: StartTrustManager took to complete: 2ms
01-07 06:08:06.053  1251  1251 I SystemServer: StartBackupManager
01-07 06:08:06.054  1251  1251 I SystemServiceManager: Starting com.android.server.backup.BackupManagerService$Lifecycle
01-07 06:08:06.056  1251  1251 D SystemServerTiming: StartBackupManager took to complete: 3ms
01-07 06:08:06.057  1251  1251 I SystemServer: StartAppWidgerService
01-07 06:08:06.057  1251  1251 I SystemServiceManager: Starting com.android.server.appwidget.AppWidgetService
01-07 06:08:06.063  1251  1251 D SystemServerTiming: StartAppWidgerService took to complete: 7ms
01-07 06:08:06.064  1251  1251 I SystemServer: StartVoiceRecognitionManager
01-07 06:08:06.064  1251  1251 I SystemServiceManager: Starting com.android.server.voiceinteraction.VoiceInteractionManagerService
01-07 06:08:06.066  1251  1251 D SystemServerTiming: StartVoiceRecognitionManager took to complete: 2ms
01-07 06:08:06.066  1251  1251 I SystemServer: StartGestureLauncher
01-07 06:08:06.066  1251  1251 I SystemServiceManager: Starting com.android.server.GestureLauncherService
01-07 06:08:06.067  1251  1251 D SystemServerTiming: StartGestureLauncher took to complete: 1ms
01-07 06:08:06.067  1251  1251 I SystemServer: StartSensorNotification
01-07 06:08:06.067  1251  1251 I SystemServiceManager: Starting com.android.server.SensorNotificationService
01-07 06:08:06.067  1251  1251 D SystemServerTiming: StartSensorNotification took to complete: 0ms
01-07 06:08:06.067  1251  1251 I SystemServer: StartContextHubSystemService
01-07 06:08:06.067  1251  1251 I SystemServiceManager: Starting com.android.server.ContextHubSystemService
01-07 06:08:06.070  1245  1245 W /system/bin/hwservicemanager: getTransportFromManifest: Cannot find entry android.hardware.contexthub@1.0::IContexthub in either framework or device manifest, using default transport.
01-07 06:08:06.071  1251  1251 E ContextHubService: Could not load context hub hal
01-07 06:08:06.071  1251  1251 W ContextHubService: No Context Hub Module present
01-07 06:08:06.071  1251  1251 D SystemServerTiming: StartContextHubSystemService took to complete: 5ms
01-07 06:08:06.072  1251  1251 I SystemServer: StartDiskStatsService
01-07 06:08:06.074  1251  1251 D SystemServerTiming: StartDiskStatsService took to complete: 2ms
01-07 06:08:06.074  1251  1251 I SystemServer: StartSamplingProfilerService
01-07 06:08:06.078  1251  1251 D SystemServerTiming: StartSamplingProfilerService took to complete: 4ms
01-07 06:08:06.078  1251  1251 I SystemServer: StartNetworkTimeUpdateService
01-07 06:08:06.080  1251  1251 D SystemServerTiming: StartNetworkTimeUpdateService took to complete: 2ms
01-07 06:08:06.080  1251  1251 I SystemServer: StartCommonTimeManagementService
01-07 06:08:06.082  1251  1251 D SystemServerTiming: StartCommonTimeManagementService took to complete: 2ms
01-07 06:08:06.082  1251  1251 I SystemServer: CertBlacklister
01-07 06:08:06.083  1251  1251 D SystemServerTiming: CertBlacklister took to complete: 1ms
01-07 06:08:06.083  1251  1251 I SystemServer: StartEmergencyAffordanceService
01-07 06:08:06.083  1251  1251 I SystemServiceManager: Starting com.android.server.emergency.EmergencyAffordanceService
01-07 06:08:06.084  1251  1251 D SystemServerTiming: StartEmergencyAffordanceService took to complete: 1ms
01-07 06:08:06.084  1251  1251 I SystemServer: StartDreamManager
01-07 06:08:06.084  1251  1251 I SystemServiceManager: Starting com.android.server.dreams.DreamManagerService
01-07 06:08:06.086  1251  1251 D SystemServerTiming: StartDreamManager took to complete: 2ms
01-07 06:08:06.086  1251  1251 I SystemServer: AddGraphicsStatsService
01-07 06:08:06.088  1251  1251 D SystemServerTiming: AddGraphicsStatsService took to complete: 2ms
01-07 06:08:06.090  1251  1251 I SystemServer: StartPrintManager
01-07 06:08:06.090  1251  1251 I SystemServiceManager: Starting com.android.server.print.PrintManagerService
01-07 06:08:06.094  1251  1251 D SystemServerTiming: StartPrintManager took to complete: 4ms
01-07 06:08:06.094  1251  1251 I SystemServer: StartCompanionDeviceManager
01-07 06:08:06.094  1251  1251 I SystemServiceManager: Starting com.android.server.companion.CompanionDeviceManagerService
01-07 06:08:06.097  1251  1251 D SystemServerTiming: StartCompanionDeviceManager took to complete: 3ms
01-07 06:08:06.097  1251  1251 I SystemServer: StartRestrictionManager
01-07 06:08:06.097  1251  1251 I SystemServiceManager: Starting com.android.server.restrictions.RestrictionsManagerService
01-07 06:08:06.099  1251  1251 D SystemServerTiming: StartRestrictionManager took to complete: 2ms
01-07 06:08:06.099  1251  1251 I SystemServer: StartMediaSessionService
01-07 06:08:06.105  1251  1251 I SystemServiceManager: Starting com.android.server.media.MediaSessionService
01-07 06:08:06.110  1251  1251 D SystemServerTiming: StartMediaSessionService took to complete: 11ms
01-07 06:08:06.110  1251  1251 I SystemServer: StartMediaResourceMonitor
01-07 06:08:06.111  1251  1251 I SystemServiceManager: Starting com.android.server.media.MediaResourceMonitorService
01-07 06:08:06.111  1251  1251 D SystemServerTiming: StartMediaResourceMonitor took to complete: 2ms
01-07 06:08:06.112  1251  1251 I SystemServer: StartMediaRouterService
01-07 06:08:06.113  1251  1251 D SystemServerTiming: StartMediaRouterService took to complete: 1ms
01-07 06:08:06.113  1251  1251 I SystemServer: StartBackgroundDexOptService
01-07 06:08:06.114  1251  1251 D SystemServerTiming: StartBackgroundDexOptService took to complete: 0ms
01-07 06:08:06.115  1251  1251 I SystemServer: StartPruneInstantAppsJobService
01-07 06:08:06.115  1251  1251 D SystemServerTiming: StartPruneInstantAppsJobService took to complete: 0ms
01-07 06:08:06.115  1251  1251 I SystemServer: StartShortcutServiceLifecycle
01-07 06:08:06.115  1251  1251 I SystemServiceManager: Starting com.android.server.pm.ShortcutService$Lifecycle
01-07 06:08:06.121  1251  1251 D SystemServerTiming: StartShortcutServiceLifecycle took to complete: 6ms
01-07 06:08:06.121  1251  1251 I SystemServer: StartLauncherAppsService
01-07 06:08:06.121  1251  1251 I SystemServiceManager: Starting com.android.server.pm.LauncherAppsService
01-07 06:08:06.123  1251  1251 D SystemServerTiming: StartLauncherAppsService took to complete: 2ms
01-07 06:08:06.123  1251  1251 I SystemServer: Starting PocketService
01-07 06:08:06.124  1251  1251 I SystemServiceManager: Starting com.android.server.pocket.PocketService
01-07 06:08:06.126  1251  1251 D PocketService: Cannot detect proximity sensor, sensor is NULL
01-07 06:08:06.126  1251  1251 D PocketService: Cannot detect light sensor, sensor is NULL
01-07 06:08:06.128  1251  1251 I SystemServer: StartMediaProjectionManager
01-07 06:08:06.128  1251  1251 I SystemServiceManager: Starting com.android.server.media.projection.MediaProjectionManagerService
01-07 06:08:06.138  1251  1251 V MediaRouter: Adding route: RouteInfo{ name=Phone, description=null, status=null, category=RouteCategory{ name=System types=ROUTE_TYPE_LIVE_AUDIO ROUTE_TYPE_LIVE_VIDEO  groupable=false }, supportedTypes=ROUTE_TYPE_LIVE_AUDIO ROUTE_TYPE_LIVE_VIDEO , presentationDisplay=null }
01-07 06:08:06.142  1251  1251 V MediaRouter: Selecting route: RouteInfo{ name=Phone, description=null, status=null, category=RouteCategory{ name=System types=ROUTE_TYPE_LIVE_AUDIO ROUTE_TYPE_LIVE_VIDEO  groupable=false }, supportedTypes=ROUTE_TYPE_LIVE_AUDIO ROUTE_TYPE_LIVE_VIDEO , presentationDisplay=null }
01-07 06:08:06.144  1251  1251 D SystemServerTiming: StartMediaProjectionManager took to complete: 17ms
01-07 06:08:06.145  1251  1251 I WindowManager: SAFE MODE not enabled
01-07 06:08:06.148  1251  1251 I SystemServer: StartJitCompilation
01-07 06:08:06.148  1251  1251 D SystemServerTiming: StartJitCompilation took to complete: 0ms
01-07 06:08:06.148  1251  1251 I SystemServer: StartMmsService
01-07 06:08:06.148  1251  1251 I SystemServiceManager: Starting com.android.server.MmsServiceBroker
01-07 06:08:06.150  1251  1251 D SystemServerTiming: StartMmsService took to complete: 2ms
01-07 06:08:06.150  1251  1251 I SystemServer: StartRetailDemoModeService
01-07 06:08:06.150  1251  1251 I SystemServiceManager: Starting com.android.server.retaildemo.RetailDemoModeService
01-07 06:08:06.153  1251  2073 I ServiceThread: Enabled StrictMode logging for RetailDemoModeService looper.
01-07 06:08:06.153  1251  1251 D SystemServerTiming: StartRetailDemoModeService took to complete: 3ms
01-07 06:08:06.153  1251  1251 I SystemServer: StartAutoFillService
01-07 06:08:06.153  1251  1251 I SystemServiceManager: Starting com.android.server.autofill.AutofillManagerService
01-07 06:08:06.154  1251  1251 I AutofillManagerService: Setting debug to true
01-07 06:08:06.160  1251  1251 D SystemServerTiming: StartAutoFillService took to complete: 7ms
01-07 06:08:06.161  1251  1251 I SystemServer: MakeVibratorServiceReady
01-07 06:08:06.163  1251  1251 D SystemServerTiming: MakeVibratorServiceReady took to complete: 2ms
01-07 06:08:06.163  1251  1251 I SystemServer: MakeLockSettingsServiceReady
01-07 06:08:06.186  1251  1251 E LockSettingsStorage: Cannot read file java.io.FileNotFoundException: /data/system/gatekeeper.password.key: open failed: ENOENT (No such file or directory)
01-07 06:08:06.187  1251  1251 E LockSettingsStorage: Cannot read file java.io.FileNotFoundException: /data/system/password.key: open failed: ENOENT (No such file or directory)
01-07 06:08:06.187  1251  1251 E LockSettingsStorage: Cannot read file java.io.FileNotFoundException: /data/system/gatekeeper.pattern.key: open failed: ENOENT (No such file or directory)
01-07 06:08:06.187  1251  1251 E LockSettingsStorage: Cannot read file java.io.FileNotFoundException: /data/system/gatekeeper.gesture.key: open failed: ENOENT (No such file or directory)
01-07 06:08:06.188  1251  1251 E LockSettingsStorage: Cannot read file java.io.FileNotFoundException: /data/system/gesture.key: open failed: ENOENT (No such file or directory)
01-07 06:08:06.188  1251  1251 D SystemServerTiming: MakeLockSettingsServiceReady took to complete: 25ms
01-07 06:08:06.188  1251  1251 I SystemServer: StartBootPhaseLockSettingsReady
01-07 06:08:06.188  1251  1251 I SystemServiceManager: Starting phase 480
01-07 06:08:06.193  1251  1251 I DevicePolicyManager: Set ro.device_owner property to false
01-07 06:08:06.197  1251  1251 W PocketService: Un-handled boot phase:480
01-07 06:08:06.197  1251  1251 D SystemServerTiming: StartBootPhaseLockSettingsReady took to complete: 10ms
01-07 06:08:06.197  1251  1251 I SystemServer: StartBootPhaseSystemServicesReady
01-07 06:08:06.197  1251  1251 I SystemServiceManager: Starting phase 500
01-07 06:08:06.200  1251  1251 W UsageStatsService: Missing procfs interface: /proc/uid_procstat/set
01-07 06:08:06.202  1251  1251 I VrManagerService: No default vr listener service found.
01-07 06:08:06.208  1251  1251 I WifiService: WifiService starting up with Wi-Fi enabled
01-07 06:08:06.211  1251  2052 I system_server: Looking for service android.hidl.manager@1.0::IServiceManager/default
01-07 06:08:06.212  1251  2052 I system_server: Starting thread pool.
01-07 06:08:06.214  1251  1930 D HalDeviceManager: IWifi registration notification: fqName=android.hardware.wifi@1.0::IWifi, name=default, preexisting=true
01-07 06:08:06.214  1251  1930 I system_server: Looking for service android.hardware.wifi@1.0::IWifi/default
01-07 06:08:06.214  1251  1251 D WifiService: setWifiEnabled: true pid=1251, uid=1000, package=android
01-07 06:08:06.215  1251  1251 I WifiScanningService: Starting wifiscanner
01-07 06:08:06.215  1251  2051 D WifiController: WifiController msg { when=0 what=155656 target=com.android.internal.util.StateMachine$SmHandler } deferred for 499ms
01-07 06:08:06.215  1251  1930 I system_server: Starting thread pool.
01-07 06:08:06.218  1251  1251 I RttService: Registering rttmanager
01-07 06:08:06.220  1251  1251 I EthernetServiceImpl: Starting Ethernet service
01-07 06:08:06.221  1251  1251 D Ethernet: Registering NetworkFactory
01-07 06:08:06.222  1251  2057 D ConnectivityService: Got NetworkFactory Messenger for Ethernet
01-07 06:08:06.222  1251  2075 D Ethernet: got request NetworkRequest [ REQUEST id=1, [ Capabilities: INTERNET&NOT_RESTRICTED&TRUSTED&NOT_VPN] ] with score 0
01-07 06:08:06.222  1251  2075 D Ethernet: got request NetworkRequest [ TRACK_DEFAULT id=3, [ Capabilities: INTERNET&NOT_RESTRICTED&TRUSTED&NOT_VPN] ] with score 0
01-07 06:08:06.224  1251  1251 D ZenLog  : config: cleanUpZenRules,ZenModeConfig[user=0,allowCalls=true,allowRepeatCallers=false,allowMessages=false,allowCallsFrom=contacts,allowMessagesFrom=contacts,allowReminders=true,allowEvents=true,allowWhenScreenOff=true,allowWhenScreenOn=true,automaticRules={8385bcc1eeb649ee853809f005099772=ZenRule[enabled=false,snoozing=false,name=Weeknight,zenMode=ZEN_MODE_ALARMS,conditionId=condition://android/schedule?days=1.2.3.4.5&start=22.0&end=7.0&exitAtAlarm=false,condition=Condition[id=condition://android/schedule?days=1.2.3.4.5&start=22.0&end=7.0&exitAtAlarm=false,summary=...,line1=...,line2=...,icon=0,state=STATE_TRUE,flags=2],component=ComponentInfo{android/com.android.server.notification.ScheduleConditionProvider},id=8385bcc1eeb649ee853809f005099772,creationTime=1420602945297,enabler=null], 169bd21888e54a8dab4e975feaaccbc1=ZenRule[enabled=false,snoozing=false,name=Event,zenMode=ZEN_MODE_ALARMS,conditionId=condition://android/event?userId=-10000&calendar=&reply=1,condition=Condition[id=condition://android/event?userId=-10000&calendar=&reply=1,summary=...,line1=...,line2=...,icon=0,state=STATE_FALSE,flags=2],component=ComponentInfo{android/com.android.server.notification.EventConditionProvider},id=169bd21888e54a8dab4e975feaaccbc1,creationTime=1420602945297,enabler=null], ec2210d25088474ca576b0965f482659=ZenRule[enabled=false,snoozing=false,name=Weekend,zenMode=ZEN_MODE_ALARMS,conditionId=condition://android/schedule?days=6.7&start=23.30&end=10.0&exitAtAlarm=false,condition=Condition[id=condition://android/schedule?days=6.7&start=23.30&end=10.0&exitAtAlarm=false,summary=...,line1=...,line2=...,icon=0,state=STATE_FALSE,flags=2],component=ComponentInfo{android/com.android.server.notification.ScheduleConditionProvider},id=ec2210d25088474ca576b0965f482659,creationTime=1420602945297,enabler=null]},manualRule=null],Diff[]
01-07 06:08:06.224  1251  1251 D ZenLog  : set_zen_mode: off,onSystemReady
01-07 06:08:06.227  1002  1294 D PermissionCache: checking android.permission.CAPTURE_AUDIO_HOTWORD for uid=1000 => granted (190 us)
01-07 06:08:06.227  1251  1251 W SoundTriggerHelper: listModules status=0, # of modules=0
01-07 06:08:06.229  1251  1251 D ContextHubSystemService: onBootPhase: PHASE_SYSTEM_SERVICES_READY
01-07 06:08:06.230  1251  1251 D SystemServerTiming: StartBootPhaseSystemServicesReady took to complete: 32ms
01-07 06:08:06.230  1251  1251 I SystemServer: MakeWindowManagerServiceReady
01-07 06:08:06.242  1251  1251 D SystemServerTiming: MakeWindowManagerServiceReady took to complete: 12ms
01-07 06:08:06.245  1251  1251 I SystemServer: MakePowerManagerServiceReady
01-07 06:08:06.254  1251  1299 W KeyguardServiceDelegate: onScreenTurningOn(): no keyguard service!
01-07 06:08:06.255  1251  1251 D SystemServerTiming: MakePowerManagerServiceReady took to complete: 10ms
01-07 06:08:06.255  1251  1251 I SystemServer: MakePackageManagerServiceReady
01-07 06:08:06.257  1251  1251 I DefaultPermGrantPolicy: Granting permissions to platform components for user 0
01-07 06:08:06.258  1251  1251 I DefaultPermGrantPolicy: Granting permissions to default platform handlers for user 0
01-07 06:08:06.259  1251  1251 W VoiceInteractionManagerService: no available voice interaction services found for user 0
01-07 06:08:06.259  1251  1251 W VoiceInteractionManagerService: no available voice recognition services found for user 0
01-07 06:08:06.284  1251  1251 V UserDataPreparer: Found /data/user_de/0 with serial number 0
01-07 06:08:06.284  1251  1251 V UserDataPreparer: Found /data/user/0 with serial number 0
01-07 06:08:06.284  1251  1251 V UserDataPreparer: Found /data/system_de/0 with serial number 0
01-07 06:08:06.284  1251  1251 V UserDataPreparer: Found /data/system_ce/0 with serial number 0
01-07 06:08:06.284  1251  1251 V UserDataPreparer: Found /data/misc_ce/0 with serial number 0
01-07 06:08:06.284  1251  1251 D SystemServerTiming: MakePackageManagerServiceReady took to complete: 29ms
01-07 06:08:06.284  1251  1251 I SystemServer: MakeDisplayManagerServiceReady
01-07 06:08:06.284  1251  1251 D SystemServerTiming: MakeDisplayManagerServiceReady took to complete: 0ms
01-07 06:08:06.287  1251  1251 I ActivityManager: System now ready
01-07 06:08:06.289  2065  2065 I cameraserver: ServiceManager: 0xece174e0
01-07 06:08:06.290  2065  2065 I CameraService: CameraService started (pid=2065)
01-07 06:08:06.290  2065  2065 I CameraService: CameraService process starting
01-07 06:08:06.290  1251  1251 I SystemServer: Making services ready
01-07 06:08:06.290  1251  1251 I SystemServer: StartActivityManagerReadyPhase
01-07 06:08:06.290  1251  1251 I SystemServiceManager: Starting phase 550
01-07 06:08:06.294  1245  1245 W /system/bin/hwservicemanager: getTransportFromManifest: Cannot find entry android.hardware.camera.provider@2.4::ICameraProvider in either framework or device manifest, using default transport.
01-07 06:08:06.296  1251  1251 D BluetoothManagerService: Bluetooth boot completed
01-07 06:08:06.302  2065  2065 I vndksupport: sphal namespace is not configured for this process. Loading /vendor/lib/hw/camera.msm8992.so from the current namespace instead.
01-07 06:08:06.339  1251  1251 I ActivityManager: Start proc 2081:com.android.inputmethod.latin/u0a52 for service com.android.inputmethod.latin/.LatinIME
01-07 06:08:06.341  1251  1983 D StorageManagerService: Thinking about init, mSystemReady=true, mDaemonConnected=true
01-07 06:08:06.341  1251  1983 D StorageManagerService: Setting up emulation state, initlocked=false
01-07 06:08:06.341  1251  1983 D CryptdConnector: SND -> {2 cryptfs unlock_user_key 0 0 ! !}
01-07 06:08:06.342  1263  1271 D vold    : e4crypt_unlock_user_key 0 serial=0 token_present=0
01-07 06:08:06.343  1251  1985 D CryptdConnector: RCV <- {200 2 Command succeeded}
01-07 06:08:06.343  1251  1251 E BitmapFactory: Unable to decode stream: java.io.FileNotFoundException: /data/system/users/0/wallpaper_orig (No such file or directory)
01-07 06:08:06.343  1251  1251 W WallpaperManagerService: Invalid wallpaper data
01-07 06:08:06.343  1251  1251 E WallpaperManagerService: Unable to apply new wallpaper
01-07 06:08:06.343  1251  1251 V WallpaperManagerService: bindWallpaperComponentLocked: componentName=null
01-07 06:08:06.343  1251  1251 V WallpaperManagerService: No default component; using image wallpaper
01-07 06:08:06.343  1251  1983 D StorageManagerService: Thinking about reset, mSystemReady=true, mDaemonConnected=true
01-07 06:08:06.343  1251  1983 D VoldConnector: SND -> {3 volume reset}
01-07 06:08:06.344  1251  1276 I ActivityManager: Force stopping com.android.providers.media appid=10007 user=-1: vold reset
01-07 06:08:06.344  1251  1984 D VoldConnector: RCV <- {651 emulated 7}
01-07 06:08:06.344  1251  1984 D VoldConnector: RCV <- {659 emulated}
01-07 06:08:06.345  1251  1984 D VoldConnector: RCV <- {650 emulated 2 "" ""}
01-07 06:08:06.345  1251  1984 D VoldConnector: RCV <- {651 emulated 0}
01-07 06:08:06.345  1251  1984 D VoldConnector: RCV <- {200 3 Command succeeded}
01-07 06:08:06.347  1251  1290 V StorageManagerService: Found primary storage at VolumeInfo{emulated}:
01-07 06:08:06.347  1251  1290 V StorageManagerService:     type=EMULATED diskId=null partGuid=null mountFlags=0 mountUserId=-1 
