12-26 12:23:14.779   873   873 I SystemServiceManager: Starting com.android.server.pocket.PocketService
12-26 12:23:14.780   873   873 D PocketService: Cannot detect proximity sensor, sensor is NULL
12-26 12:23:14.780   873   873 D PocketService: Cannot detect light sensor, sensor is NULL
12-26 12:23:14.782   873   873 I SystemServer: StartMediaProjectionManager
12-26 12:23:14.782   873   873 I SystemServiceManager: Starting com.android.server.media.projection.MediaProjectionManagerService
12-26 12:23:14.785   873   873 V MediaRouter: Adding route: RouteInfo{ name=Phone, description=null, status=null, category=RouteCategory{ name=System types=ROUTE_TYPE_LIVE_AUDIO ROUTE_TYPE_LIVE_VIDEO  groupable=false }, supportedTypes=ROUTE_TYPE_LIVE_AUDIO ROUTE_TYPE_LIVE_VIDEO , presentationDisplay=null }
12-26 12:23:14.788   873   873 V MediaRouter: Selecting route: RouteInfo{ name=Phone, description=null, status=null, category=RouteCategory{ name=System types=ROUTE_TYPE_LIVE_AUDIO ROUTE_TYPE_LIVE_VIDEO  groupable=false }, supportedTypes=ROUTE_TYPE_LIVE_AUDIO ROUTE_TYPE_LIVE_VIDEO , presentationDisplay=null }
12-26 12:23:14.789   873   873 D SystemServerTiming: StartMediaProjectionManager took to complete: 7ms
12-26 12:23:14.790   873   873 I SystemServer: StartCameraServiceProxy
12-26 12:23:14.790   873   873 I SystemServiceManager: Starting com.android.server.camera.CameraServiceProxy
12-26 12:23:14.793   873  4459 I ServiceThread: Enabled StrictMode logging for CameraService_proxy looper.
12-26 12:23:14.795   873   873 D SystemServerTiming: StartCameraServiceProxy took to complete: 5ms
12-26 12:23:14.795   873   873 I WindowManager: SAFE MODE not enabled
12-26 12:23:14.795   873   873 I SystemServer: StartJitCompilation
12-26 12:23:14.796   873   873 D SystemServerTiming: StartJitCompilation took to complete: 0ms
12-26 12:23:14.796   873   873 I SystemServer: StartMmsService
12-26 12:23:14.796   873   873 I SystemServiceManager: Starting com.android.server.MmsServiceBroker
12-26 12:23:14.798   873   873 D SystemServerTiming: StartMmsService took to complete: 2ms
12-26 12:23:14.798   873   873 I SystemServer: StartAutoFillService
12-26 12:23:14.798   873   873 I SystemServiceManager: Starting com.android.server.autofill.AutofillManagerService
12-26 12:23:14.799   873   873 I AutofillManagerService: Setting debug to true
12-26 12:23:14.803   873   873 D SystemServerTiming: StartAutoFillService took to complete: 5ms
12-26 12:23:14.803   873   873 I SystemServer: MakeVibratorServiceReady
12-26 12:23:14.805   873   873 D SystemServerTiming: MakeVibratorServiceReady took to complete: 2ms
12-26 12:23:14.805   873   873 I SystemServer: MakeLockSettingsServiceReady
12-26 12:23:14.823   873   873 I system_server: Looking for service android.hardware.weaver@1.0::IWeaver/default
12-26 12:23:14.824   400   400 W /system/bin/hwservicemanager: getTransport: Cannot find entry android.hardware.weaver@1.0::IWeaver/default in either framework or device manifest.
12-26 12:23:14.825   873   873 I SyntheticPasswordManager: Device does not support weaver
12-26 12:23:14.827   873   873 E LockSettingsStorage: Cannot read file java.io.FileNotFoundException: /data/system/gatekeeper.password.key: open failed: ENOENT (No such file or directory)
12-26 12:23:14.827   873   873 E LockSettingsStorage: Cannot read file java.io.FileNotFoundException: /data/system/password.key: open failed: ENOENT (No such file or directory)
12-26 12:23:14.828   873   873 E LockSettingsStorage: Cannot read file java.io.FileNotFoundException: /data/system/gatekeeper.pattern.key: open failed: ENOENT (No such file or directory)
12-26 12:23:14.828   873   873 E LockSettingsStorage: Cannot read file java.io.FileNotFoundException: /data/system/gatekeeper.gesture.key: open failed: ENOENT (No such file or directory)
12-26 12:23:14.828   873   873 E LockSettingsStorage: Cannot read file java.io.FileNotFoundException: /data/system/gesture.key: open failed: ENOENT (No such file or directory)
12-26 12:23:14.828   873   873 D SystemServerTiming: MakeLockSettingsServiceReady took to complete: 23ms
12-26 12:23:14.828   873   873 I SystemServer: StartBootPhaseLockSettingsReady
12-26 12:23:14.828   873   873 I SystemServiceManager: Starting phase 480
12-26 12:23:14.842   873   873 I DevicePolicyManager: Set ro.device_owner property to false
12-26 12:23:14.846   873   873 W PocketService: Un-handled boot phase:480
12-26 12:23:14.846   873   873 D SystemServerTiming: StartBootPhaseLockSettingsReady took to complete: 18ms
12-26 12:23:14.846   873   873 I SystemServer: StartBootPhaseSystemServicesReady
12-26 12:23:14.846   873   873 I SystemServiceManager: Starting phase 500
12-26 12:23:14.848   873   873 W UsageStatsService: Missing procfs interface: /proc/uid_procstat/set
12-26 12:23:14.851   873   873 I VrManagerService: No default vr listener service found.
12-26 12:23:14.858   873   873 I WifiService: WifiService starting up with Wi-Fi enabled
12-26 12:23:14.862   873  3962 I system_server: Looking for service android.hidl.manager@1.0::IServiceManager/default
12-26 12:23:14.863   873  3962 I system_server: Starting thread pool.
12-26 12:23:14.864   873  3093 D HalDeviceManager: IWifi registration notification: fqName=android.hardware.wifi@1.0::IWifi, name=default, preexisting=true
12-26 12:23:14.865   873  3093 I system_server: Looking for service android.hardware.wifi@1.0::IWifi/default
12-26 12:23:14.867   873  3093 I system_server: Starting thread pool.
12-26 12:23:14.871   873   873 D WifiService: setWifiEnabled: true pid=873, uid=1000, package=android
12-26 12:23:14.872   873   873 I WifiService: setWifiEnabled package=android uid=1000 enable=true
12-26 12:23:14.872   873   873 I WifiScanningService: Starting wifiscanner
12-26 12:23:14.872   873  3961 D WifiController: WifiController msg { when=0 what=155656 target=com.android.internal.util.StateMachine$SmHandler } deferred for 499ms
12-26 12:23:14.877   873   873 I RttService: Registering rttmanager
12-26 12:23:14.879   873   873 I EthernetServiceImpl: Starting Ethernet service
12-26 12:23:14.881   873   873 D Ethernet: Registering NetworkFactory
12-26 12:23:14.881   873  4149 D ConnectivityService: Got NetworkFactory Messenger for Ethernet
12-26 12:23:14.883   873  4504 D Ethernet: got request NetworkRequest [ TRACK_DEFAULT id=3, [ Capabilities: INTERNET&NOT_RESTRICTED&TRUSTED&NOT_VPN] ] with score 0
12-26 12:23:14.883   873  4504 D Ethernet: got request NetworkRequest [ REQUEST id=1, [ Capabilities: INTERNET&NOT_RESTRICTED&TRUSTED&NOT_VPN] ] with score 0
12-26 12:23:14.885   873   873 D ZenLog  : config: cleanUpZenRules,ZenModeConfig[user=0,allowCalls=true,allowRepeatCallers=false,allowMessages=false,allowCallsFrom=contacts,allowMessagesFrom=contacts,allowReminders=true,allowEvents=true,allowWhenScreenOff=true,allowWhenScreenOn=true,automaticRules={EVENTS_DEFAULT_RULE=ZenRule[enabled=false,snoozing=false,name=Event,zenMode=ZEN_MODE_ALARMS,conditionId=condition://android/event?userId=-10000&calendar=&reply=1,condition=Condition[id=condition://android/event?userId=-10000&calendar=&reply=1,summary=...,line1=...,line2=...,icon=0,state=STATE_FALSE,flags=2],component=ComponentInfo{android/com.android.server.notification.EventConditionProvider},id=EVENTS_DEFAULT_RULE,creationTime=1514277536064,enabler=null], SCHEDULED_DEFAULT_RULE_1=ZenRule[enabled=false,snoozing=false,name=Weeknight,zenMode=ZEN_MODE_ALARMS,conditionId=condition://android/schedule?days=1.2.3.4.5&start=22.0&end=7.0&exitAtAlarm=false,condition=Condition[id=condition://android/schedule?days=1.2.3.4.5&start=22.0&end=7.0&exitAtAlarm=false,summary=...,line1=...,line2=...,icon=0,state=STATE_FALSE,flags=2],component=ComponentInfo{android/com.android.server.notification.ScheduleConditionProvider},id=SCHEDULED_DEFAULT_RULE_1,creationTime=1514277536064,enabler=null], SCHEDULED_DEFAULT_RULE_2=ZenRule[enabled=false,snoozing=false,name=Weekend,zenMode=ZEN_MODE_ALARMS,conditionId=condition://android/schedule?days=6.7&start=23.30&end=10.0&exitAtAlarm=false,condition=Condition[id=condition://android/schedule?days=6.7&start=23.30&end=10.0&exitAtAlarm=false,summary=...,line1=...,line2=...,icon=0,state=STATE_FALSE,flags=2],component=ComponentInfo{android/com.android.server.notification.ScheduleConditionProvider},id=SCHEDULED_DEFAULT_RULE_2,creationTime=1514277536064,enabler=null]},manualRule=null],Diff[]
12-26 12:23:14.885   873   873 D ZenLog  : set_zen_mode: off,onSystemReady
12-26 12:23:14.892   491   530 D PermissionCache: checking android.permission.CAPTURE_AUDIO_HOTWORD for uid=1000 => granted (196 us)
12-26 12:23:14.892   873   873 W SoundTriggerHelper: listModules status=0, # of modules=0
12-26 12:23:14.895   873   873 D ContextHubSystemService: onBootPhase: PHASE_SYSTEM_SERVICES_READY
12-26 12:23:14.896   873   873 D SystemServerTiming: StartBootPhaseSystemServicesReady took to complete: 50ms
12-26 12:23:14.896   873   873 I SystemServer: MakeWindowManagerServiceReady
12-26 12:23:14.916   873   873 I system_server: Looking for service android.hardware.configstore@1.0::ISurfaceFlingerConfigs/default
12-26 12:23:14.918   873   873 I system_server: Starting thread pool.
12-26 12:23:14.920   873   873 D SystemServerTiming: MakeWindowManagerServiceReady took to complete: 23ms
12-26 12:23:14.922   873   873 I SystemServer: MakePowerManagerServiceReady
12-26 12:23:14.944   873   899 E KernelCpuSpeedReader: Failed to read cpu-freq: /sys/devices/system/cpu/cpu4/cpufreq/stats/time_in_state (No such file or directory)
12-26 12:23:14.944   873   912 W KeyguardServiceDelegate: onScreenTurningOn(): no keyguard service!
12-26 12:23:14.946   873   873 D SystemServerTiming: MakePowerManagerServiceReady took to complete: 24ms
12-26 12:23:14.946   873   873 I SystemServer: MakePackageManagerServiceReady
12-26 12:23:14.953   873   873 V UserDataPreparer: Found /data/user_de/0 with serial number 0
12-26 12:23:14.953   873   873 V UserDataPreparer: Found /data/user/0 with serial number 0
12-26 12:23:14.953   873   873 V UserDataPreparer: Found /data/system_de/0 with serial number 0
12-26 12:23:14.953   873   873 V UserDataPreparer: Found /data/system_ce/0 with serial number 0
12-26 12:23:14.953   873   873 V UserDataPreparer: Found /data/misc_ce/0 with serial number 0
12-26 12:23:14.953   873   873 W PackageManager: Destroying orphaned/data/app/mcRegistry
12-26 12:23:14.955   873   873 D SystemServerTiming: MakePackageManagerServiceReady took to complete: 9ms
12-26 12:23:14.955   873   873 I SystemServer: MakeDisplayManagerServiceReady
12-26 12:23:14.955   873   873 D SystemServerTiming: MakeDisplayManagerServiceReady took to complete: 0ms
12-26 12:23:14.960   873   873 I ActivityManager: System now ready
12-26 12:23:14.967   873   909 E HalDeviceManager: Should have at least 1 chip!
12-26 12:23:14.967   873   909 E HalDeviceManager: createIface: no chip info found
12-26 12:23:14.969   873   873 I SystemServer: Making services ready
12-26 12:23:14.970   873   873 I SystemServer: StartActivityManagerReadyPhase
12-26 12:23:14.970   873   873 I SystemServiceManager: Starting phase 550
12-26 12:23:14.993   873   873 D BluetoothManagerService: Bluetooth boot completed
12-26 12:23:15.031   873   873 I ActivityManager: Start proc 4519:com.android.inputmethod.latin/u0a57 for service com.android.inputmethod.latin/.LatinIME
12-26 12:23:15.032   873  3369 D StorageManagerService: Thinking about init, mSystemReady=true, mDaemonConnected=true
12-26 12:23:15.032   873  3369 D StorageManagerService: Setting up emulation state, initlocked=false
12-26 12:23:15.032   873  3369 D CryptdConnector: SND -> {2 cryptfs unlock_user_key 0 0 ! !}
12-26 12:23:15.033   402   411 D vold    : e4crypt_unlock_user_key 0 serial=0 token_present=0
12-26 12:23:15.034   873  3377 D CryptdConnector: RCV <- {200 2 Command succeeded}
12-26 12:23:15.035   873   873 E BitmapFactory: Unable to decode stream: java.io.FileNotFoundException: /data/system/users/0/wallpaper_orig (No such file or directory)
12-26 12:23:15.035   873   873 W WallpaperManagerService: Invalid wallpaper data
12-26 12:23:15.035   873   873 E WallpaperManagerService: Unable to apply new wallpaper
12-26 12:23:15.035   873   873 V WallpaperManagerService: bindWallpaperComponentLocked: componentName=null
12-26 12:23:15.035   873   873 V WallpaperManagerService: No default component; using image wallpaper
12-26 12:23:15.035   873  3369 D StorageManagerService: Thinking about reset, mSystemReady=true, mDaemonConnected=true
12-26 12:23:15.035   873  3369 D VoldConnector: SND -> {3 volume reset}
12-26 12:23:15.036   873   899 I ActivityManager: Force stopping com.android.providers.media appid=10009 user=-1: vold reset
12-26 12:23:15.036   873  3376 D VoldConnector: RCV <- {651 emulated 7}
12-26 12:23:15.037   873  3376 D VoldConnector: RCV <- {659 emulated}
12-26 12:23:15.037   873  3376 D VoldConnector: RCV <- {650 emulated 2 "" ""}
12-26 12:23:15.039   873  3376 D VoldConnector: RCV <- {651 emulated 0}
12-26 12:23:15.039   873  3376 D VoldConnector: RCV <- {200 3 Command succeeded}
12-26 12:23:15.040   873   907 V StorageManagerService: Found primary storage at VolumeInfo{emulated}:
12-26 12:23:15.040   873   907 V StorageManagerService:     type=EMULATED diskId=null partGuid=null mountFlags=0 mountUserId=-1 
12-26 12:23:15.040   873   907 V StorageManagerService:     state=UNMOUNTED 
12-26 12:23:15.040   873   907 V StorageManagerService:     fsType=null fsUuid=null fsLabel=null 
12-26 12:23:15.040   873   907 V StorageManagerService:     path=null internalPath=null 
12-26 12:23:15.040   873  3369 D VoldConnector: SND -> {4 volume user_added 0 0}
12-26 12:23:15.040   873  3376 D VoldConnector: RCV <- {200 4 Command succeeded}
12-26 12:23:15.050   873   873 I ActivityManager: Start proc 4530:com.android.systemui/u0a29 for service com.android.systemui/.ImageWallpaper
12-26 12:23:15.051   873  3369 D VoldConnector: SND -> {5 volume mount emulated 3 -1}
12-26 12:23:15.052   491   531 D audio_hw_primary: adev_set_parameters: enter: A2dpSuspended=false
12-26 12:23:15.053   873  3376 D VoldConnector: RCV <- {651 emulated 1}
12-26 12:23:15.053   873  3376 D VoldConnector: RCV <- {656 emulated /data/media}
12-26 12:23:15.054   873  3376 D VoldConnector: RCV <- {655 emulated /storage/emulated}
12-26 12:23:15.054   402   410 V vold    : Waiting for FUSE to spin up...
12-26 12:23:15.054   491   491 D audio_hw_primary: adev_set_parameters: enter: BT_SCO=off
12-26 12:23:15.055   873   873 D UsbAlsaManager: Adding ALSA device AlsaDevice: [card: 0, device: 0, type: 2]
12-26 12:23:15.055   873   873 D UsbAlsaManager: Adding ALSA device AlsaDevice: [card: 0, device: 0, type: 1]
12-26 12:23:15.055   873   873 D UsbAlsaManager: Adding ALSA device AlsaDevice: [card: 0, device: 1, type: 2]
12-26 12:23:15.055   873   873 D UsbAlsaManager: Adding ALSA device AlsaDevice: [card: 0, device: 1, type: 1]
12-26 12:23:15.055   873   873 D UsbAlsaManager: Adding ALSA device AlsaDevice: [card: 0, device: 2, type: 2]
12-26 12:23:15.055   873   873 D UsbAlsaManager: Adding ALSA device AlsaDevice: [card: 0, device: 2, type: 1]
12-26 12:23:15.055   873   873 D UsbAlsaManager: Adding ALSA device AlsaDevice: [card: 0, device: 3, type: 2]
12-26 12:23:15.055   873   873 D UsbAlsaManager: Adding ALSA device AlsaDevice: [card: 0, device: 3, type: 1]
12-26 12:23:15.055   873   873 D UsbAlsaManager: Adding ALSA device AlsaDevice: [card: 0, device: 4, type: 2]
12-26 12:23:15.055   873   873 D UsbAlsaManager: Adding ALSA device AlsaDevice: [card: 0, device: 4, type: 1]
12-26 12:23:15.055   873   873 D UsbAlsaManager: Adding ALSA device AlsaDevice: [card: 0, device: 5, type: 2]
12-26 12:23:15.055   873   873 D UsbAlsaManager: Adding ALSA device AlsaDevice: [card: 0, device: 5, type: 1]
12-26 12:23:15.055   873   873 D UsbAlsaManager: Adding ALSA device AlsaDevice: [card: 0, device: 6, type: 2]
12-26 12:23:15.055   873   873 D UsbAlsaManager: Adding ALSA device AlsaDevice: [card: 0, device: 7, type: 1]
12-26 12:23:15.055   873   873 D UsbAlsaManager: Adding ALSA device AlsaDevice: [card: 0, device: 8, type: 2]
12-26 12:23:15.055   873   873 D UsbAlsaManager: Adding ALSA device AlsaDevice: [card: 0, device: 10, type: 2]
12-26 12:23:15.055   873   873 D UsbAlsaManager: Adding ALSA device AlsaDevice: [card: 0, device: 10, type: 1]
12-26 12:23:15.055   873   873 D UsbAlsaManager: Adding ALSA device AlsaDevice: [card: 0, device: 11, type: 2]
12-26 12:23:15.055   873   873 D UsbAlsaManager: Adding ALSA device AlsaDevice: [card: 0, device: 11, type: 1]
12-26 12:23:15.055   873   873 D UsbAlsaManager: Adding ALSA device AlsaDevice: [card: 0, device: 12, type: 2]
12-26 12:23:15.055   873   873 D UsbAlsaManager: Adding ALSA device AlsaDevice: [card: 0, device: 12, type: 1]
12-26 12:23:15.055   873   873 D UsbAlsaManager: Adding ALSA device AlsaDevice: [card: 0, device: 13, type: 2]
12-26 12:23:15.055   873   873 D UsbAlsaManager: Adding ALSA device AlsaDevice: [card: 0, device: 13, type: 1]
12-26 12:23:15.055   873   873 D UsbAlsaManager: Adding ALSA device AlsaDevice: [card: 0, device: 14, type: 2]
12-26 12:23:15.055   873   873 D UsbAlsaManager: Adding ALSA device AlsaDevice: [card: 0, device: 14, type: 1]
12-26 12:23:15.055   873   873 D UsbAlsaManager: Adding ALSA device AlsaDevice: [card: 0, device: 15, type: 2]
12-26 12:23:15.055   873   873 D UsbAlsaManager: Adding ALSA device AlsaDevice: [card: 0, device: 15, type: 1]
12-26 12:23:15.055   873   873 D UsbAlsaManager: Adding ALSA device AlsaDevice: [card: 0, device: 16, type: 2]
12-26 12:23:15.055   873   873 D UsbAlsaManager: Adding ALSA device AlsaDevice: [card: 0, device: 19, type: 2]
12-26 12:23:15.055   873   873 D UsbAlsaManager: Adding ALSA device AlsaDevice: [card: 0, device: 19, type: 1]
12-26 12:23:15.056   873   873 D UsbAlsaManager: Adding ALSA device AlsaDevice: [card: 0, device: 20, type: 2]
12-26 12:23:15.056   873   873 D UsbAlsaManager: Adding ALSA device AlsaDevice: [card: 0, device: 20, type: 1]
12-26 12:23:15.056   873   873 D UsbAlsaManager: Adding ALSA device AlsaDevice: [card: 0, device: 21, type: 1]
12-26 12:23:15.056   873   873 D UsbAlsaManager: Adding ALSA device AlsaDevice: [card: 0, device: 22, type: 2]
12-26 12:23:15.056   873   873 D UsbAlsaManager: Adding ALSA device AlsaDevice: [card: 0, device: 22, type: 1]
12-26 12:23:15.056   873   873 D UsbAlsaManager: Adding ALSA device AlsaDevice: [card: 0, device: 23, type: 2]
12-26 12:23:15.056   873   873 D UsbAlsaManager: Adding ALSA device AlsaDevice: [card: 0, device: 23, type: 1]
12-26 12:23:15.056   873   873 D UsbAlsaManager: Adding ALSA device AlsaDevice: [card: 0, device: 24, type: 2]
12-26 12:23:15.056   873   873 D UsbAlsaManager: Adding ALSA device AlsaDevice: [card: 0, device: 24, type: 1]
12-26 12:23:15.056   873   873 D UsbAlsaManager: Adding ALSA device AlsaDevice: [card: 0, device: 25, type: 2]
12-26 12:23:15.056   873   873 D UsbAlsaManager: Adding ALSA device AlsaDevice: [card: 0, device: 26, type: 1]
12-26 12:23:15.056   873   873 D UsbAlsaManager: Adding ALSA device AlsaDevice: [card: 0, device: 27, type: 2]
12-26 12:23:15.056   873   873 D UsbAlsaManager: Adding ALSA device AlsaDevice: [card: 0, device: 28, type: 2]
12-26 12:23:15.056   873   873 D UsbAlsaManager: Adding ALSA device AlsaDevice: [card: 0, device: 29, type: 2]
12-26 12:23:15.056   873   873 D UsbAlsaManager: Adding ALSA device AlsaDevice: [card: 0, device: 30, type: 2]
12-26 12:23:15.056   873   873 D UsbAlsaManager: Adding ALSA device AlsaDevice: [card: 0, device: 31, type: 2]
12-26 12:23:15.056   873   873 D UsbAlsaManager: Adding ALSA device AlsaDevice: [card: 0, device: 32, type: 2]
12-26 12:23:15.056   873   873 D UsbAlsaManager: Adding ALSA device AlsaDevice: [card: 0, device: 33, type: 2]
12-26 12:23:15.056   873   873 D UsbAlsaManager: Adding ALSA device AlsaDevice: [card: 0, device: 34, type: 2]
12-26 12:23:15.056   873   873 D UsbAlsaManager: Adding ALSA device AlsaDevice: [card: 0, device: 35, type: 2]
12-26 12:23:15.056   873   873 D UsbAlsaManager: Adding ALSA device AlsaDevice: [card: 0, device: 35, type: 1]
12-26 12:23:15.056   873   873 D UsbAlsaManager: Adding ALSA device AlsaDevice: [card: 0, device: 36, type: 2]
12-26 12:23:15.056   873   873 D UsbAlsaManager: Adding ALSA device AlsaDevice: [card: 0, device: 36, type: 1]
12-26 12:23:15.056   873   873 D UsbAlsaManager: Adding ALSA device AlsaDevice: [card: 0, device: 43, type: 2]
12-26 12:23:15.056   873   873 D UsbAlsaManager: Adding ALSA device AlsaDevice: [card: 0, device: 44, type: 2]
12-26 12:23:15.056   873   873 D UsbAlsaManager: Adding ALSA device AlsaDevice: [card: 0, device: 44, type: 1]
12-26 12:23:15.056   873   873 D UsbAlsaManager: Adding ALSA device AlsaDevice: [card: 0, device: 67, type: 2]
12-26 12:23:15.056   873   873 D UsbAlsaManager: Adding ALSA device AlsaDevice: [card: 0, device: 67, type: 1]
12-26 12:23:15.056   873   873 D UsbAlsaManager: Adding ALSA device AlsaDevice: [card: 0, device: 68, type: 2]
12-26 12:23:15.056   873   873 D UsbAlsaManager: Adding ALSA device AlsaDevice: [card: 0, device: 68, type: 1]
12-26 12:23:15.056   873   873 D UsbAlsaManager: Adding ALSA device AlsaDevice: [card: 0, device: 69, type: 2]
12-26 12:23:15.056   873   873 D UsbAlsaManager: Adding ALSA device AlsaDevice: [card: 0, device: 69, type: 1]
12-26 12:23:15.056   873   873 D UsbAlsaManager: Adding ALSA device AlsaDevice: [card: 0, device: 70, type: 2]
12-26 12:23:15.056   873   873 D UsbAlsaManager: Adding ALSA device AlsaDevice: [card: 0, device: 70, type: 1]
12-26 12:23:15.056   873   873 D UsbAlsaManager: Adding ALSA device AlsaDevice: [card: 0, device: 71, type: 2]
12-26 12:23:15.056   873   873 D UsbAlsaManager: Adding ALSA device AlsaDevice: [card: 0, device: 71, type: 1]
12-26 12:23:15.056   873   873 D UsbAlsaManager: Adding ALSA device AlsaDevice: [card: 0, device: 72, type: 2]
12-26 12:23:15.056   873   873 D UsbAlsaManager: Adding ALSA device AlsaDevice: [card: 0, device: 72, type: 1]
12-26 12:23:15.056   873   873 D UsbAlsaManager: Adding ALSA device AlsaDevice: [card: 0, device: 73, type: 2]
12-26 12:23:15.056   873   873 D UsbAlsaManager: Adding ALSA device AlsaDevice: [card: 0, device: 73, type: 1]
12-26 12:23:15.056   873   873 D UsbAlsaManager: Adding ALSA device AlsaDevice: [card: 0, device: 74, type: 2]
12-26 12:23:15.056   873   873 D UsbAlsaManager: Adding ALSA device AlsaDevice: [card: 0, device: 74, type: 1]
12-26 12:23:15.056   873   873 D UsbAlsaManager: Adding ALSA device AlsaDevice: [card: 0, device: 75, type: 2]
12-26 12:23:15.056   873   873 D UsbAlsaManager: Adding ALSA device AlsaDevice: [card: 0, device: 75, type: 1]
12-26 12:23:15.056   873   873 D UsbAlsaManager: Adding ALSA device AlsaDevice: [card: 0, device: 76, type: 2]
12-26 12:23:15.056   873   873 D UsbAlsaManager: Adding ALSA device AlsaDevice: [card: 0, device: 76, type: 1]
12-26 12:23:15.056   873   873 D UsbAlsaManager: Adding ALSA device AlsaDevice: [card: 0, device: 77, type: 2]
12-26 12:23:15.056   873   873 D UsbAlsaManager: Adding ALSA device AlsaDevice: [card: 0, device: 77, type: 1]
12-26 12:23:15.056   873   873 D UsbAlsaManager: Adding ALSA device AlsaDevice: [card: 0, device: 78, type: 2]
12-26 12:23:15.056   873   873 D UsbAlsaManager: Adding ALSA device AlsaDevice: [card: 0, device: 78, type: 1]
12-26 12:23:15.056   873   873 D UsbAlsaManager: Adding ALSA device AlsaDevice: [card: 0, device: 79, type: 2]
12-26 12:23:15.056   873   873 D UsbAlsaManager: Adding ALSA device AlsaDevice: [card: 0, device: 79, type: 1]
12-26 12:23:15.056   873   873 D UsbAlsaManager: Adding ALSA device AlsaDevice: [card: 0, device: 81, type: 2]
12-26 12:23:15.056   873   873 D UsbAlsaManager: Adding ALSA device AlsaDevice: [card: 0, device: 81, type: 1]
12-26 12:23:15.056   873   873 D UsbAlsaManager: Adding ALSA device AlsaDevice: [card: 0, device: 82, type: 2]
12-26 12:23:15.057   873   873 D UsbAlsaManager: Adding ALSA device AlsaDevice: [card: 0, device: 82, type: 1]
12-26 12:23:15.057   873   873 D UsbAlsaManager: Adding ALSA device AlsaDevice: [card: 0, device: 83, type: 1]
12-26 12:23:15.057   873   873 D UsbAlsaManager: Adding ALSA device AlsaDevice: [card: 0, device: 84, type: 2]
12-26 12:23:15.057   873   873 D UsbAlsaManager: Adding ALSA device AlsaDevice: [card: 0, device: 84, type: 1]
12-26 12:23:15.059   460   460 E android.hardware.usb@1.0-service: Failed to open /sys/class/dual_role_usb
12-26 12:23:15.060   873  3101 E UsbPortManager: port status enquiry failed
12-26 12:23:15.061   873   873 W PocketService: Un-handled boot phase:550
12-26 12:23:15.061   873   873 D SystemServerTiming: StartActivityManagerReadyPhase took to complete: 91ms
12-26 12:23:15.061   873   873 I SystemServer: StartObservingNativeCrashes
12-26 12:23:15.062   873   873 D SystemServerTiming: StartObservingNativeCrashes took to complete: 1ms
12-26 12:23:15.064   873  4279 D BluetoothManagerService: Trying to bind to profile: 1, while Bluetooth was disabled
12-26 12:23:15.066   491   530 I AudioFlinger: systemReady
12-26 12:23:15.066   873   873 I SystemServer: StartSystemUI
12-26 12:23:15.066   873   946 D SystemServerInitThreadPool: Started executing WebViewFactoryPreparation
12-26 12:23:15.066   873   946 I SystemServer: WebViewFactoryPreparation
12-26 12:23:15.069   873   907 W TelecomManager: Telecom Service not found.
12-26 12:23:15.070   873   873 D SystemServerTiming: StartSystemUI took to complete: 4ms
12-26 12:23:15.070   873   873 I SystemServer: MakeNetworkScoreReady
12-26 12:23:15.070   873   907 D UsbDeviceManager: push notification:USB charging this device
12-26 12:23:15.070   873   873 D SystemServerTiming: MakeNetworkScoreReady took to complete: 0ms
12-26 12:23:15.070   873   873 I SystemServer: MakeNetworkManagementServiceReady
12-26 12:23:15.071   873   873 D NetworkManagement: enabling bandwidth control
12-26 12:23:15.084   873   907 W TelecomManager: Telecom Service not found.
12-26 12:23:15.089  4537  4537 W /system/bin/sdcard: Device explicitly enabled sdcardfs
12-26 12:23:15.090  4537  4537 E /system/bin/sdcard: trying to mount sdcardfs filesystem without derive_gid: Invalid argument
12-26 12:23:15.096   873   946 D WebViewLibraryLoader: Setting new address space to 125701040
12-26 12:23:15.099   873   873 W NetworkManagement: setDataSaverMode(): already false
12-26 12:23:15.103   873   873 D SystemServerTiming: MakeNetworkManagementServiceReady took to complete: 33ms
12-26 12:23:15.103   873   873 I SystemServer: MakeNetworkStatsServiceReady
12-26 12:23:15.106   873   902 I WifiService: requestActivityInfo uid=1000
12-26 12:23:15.106   873  3376 D VoldConnector: RCV <- {651 emulated 2}
12-26 12:23:15.106   873   902 I WifiService: reportActivityInfo uid=1000
12-26 12:23:15.106   873   902 I WifiService: getSupportedFeatures uid=1000
12-26 12:23:15.106   873  3376 D VoldConnector: RCV <- {200 5 Command succeeded}
12-26 12:23:15.108   873   902 E BatteryExternalStatsWorker: no controller energy info supplied for wifi
12-26 12:23:15.108   873   902 E BatteryExternalStatsWorker: no controller energy info supplied for telephony
12-26 12:23:15.170   873   946 W ActivityManager: Slow operation: 72ms so far, now at startProcess: returned from zygote!
12-26 12:23:15.170   873   946 W ActivityManager: Slow operation: 72ms so far, now at startProcess: done updating battery stats
12-26 12:23:15.170   873   946 W ActivityManager: Slow operation: 72ms so far, now at startProcess: building log message
12-26 12:23:15.170   873   946 I ActivityManager: Start proc 4557:WebViewLoader-armeabi-v7a/1037 [android.webkit.WebViewLibraryLoader$RelroFileCreator] for 
12-26 12:23:15.170   873   946 W ActivityManager: Slow operation: 72ms so far, now at startProcess: starting to update pids map
12-26 12:23:15.170   873   946 W ActivityManager: Slow operation: 72ms so far, now at startProcess: done updating pids map
12-26 12:23:15.170   873   946 W ActivityManager: Slow operation: 72ms so far, now at startProcess: done starting proc!
12-26 12:23:15.181   873   946 I ActivityManager: Start proc 4562:WebViewLoader-arm64-v8a/1037 [android.webkit.WebViewLibraryLoader$RelroFileCreator] for 
12-26 12:23:15.181   873  3885 D NetworkPolicy: setRestrictBackgroundUL(): false
12-26 12:23:15.183   873  3885 W NetworkManagement: setDataSaverMode(): already false
12-26 12:23:15.185   873   946 D SystemServerTimingAsync: WebViewFactoryPreparation took to complete: 119ms
12-26 12:23:15.185   873   946 D SystemServerInitThreadPool: Finished executing WebViewFactoryPreparation
12-26 12:23:15.190   873   873 D SystemServerTiming: MakeNetworkStatsServiceReady took to complete: 87ms
12-26 12:23:15.190   873   873 I SystemServer: MakeConnectivityServiceReady
12-26 12:23:15.192   873   873 D PermissionMonitor: Monitoring
12-26 12:23:15.197   873   873 D PermissionMonitor: Users: 1, Apps: 67
12-26 12:23:15.197   873  4544 V NuMediaExtractor: setDataSource fd=178 (/system/media/audio/ui/Effect_Tick.ogg), offset=0, length=6899
12-26 12:23:15.199   873  4504 D Ethernet: got request NetworkRequest [ BACKGROUND_REQUEST id=2, [ Transports: CELLULAR Capabilities: INTERNET&NOT_RESTRICTED&TRUSTED&NOT_VPN] ] with score 0
12-26 12:23:15.207  4562  4562 V WebViewLibraryLoader: RelroFileCreator (64bit = true),  32-bit lib: /system/app/webview/webview.apk!/lib/armeabi-v7a/libwebviewchromium.so, 64-bit lib: /system/app/webview/webview.apk!/lib/arm64-v8a/libwebviewchromium.so
12-26 12:23:15.210   873   873 D SystemServerTiming: MakeConnectivityServiceReady took to complete: 20ms
12-26 12:23:15.210   873   873 I SystemServer: MakeNetworkPolicyServiceReady
12-26 12:23:15.212   873   873 D SystemServerTiming: MakeNetworkPolicyServiceReady took to complete: 2ms
12-26 12:23:15.212   873   873 I SystemServer: StartWatchdog
12-26 12:23:15.212   873   873 D SystemServerTiming: StartWatchdog took to complete: 0ms
12-26 12:23:15.212   873   873 I SystemServer: PhaseThirdPartyAppsCanStart
12-26 12:23:15.212   873   873 I SystemServiceManager: Starting phase 600
12-26 12:23:15.210   457   457 I light@2.0-servi: type=1400 audit(0.0:200): avc: denied { read write } for name="onoff_patterns" dev="sysfs" ino=7739 scontext=u:r:hal_light_default:s0 tcontext=u:object_r:sysfs:s0 tclass=file permissive=1
12-26 12:23:15.210   457   457 I light@2.0-servi: type=1400 audit(0.0:201): avc: denied { open } for path="/sys/devices/virtual/lg_rgb_led/use_patterns/onoff_patterns" dev="sysfs" ino=7739 scontext=u:r:hal_light_default:s0 tcontext=u:object_r:sysfs:s0 tclass=file permissive=1
12-26 12:23:15.214   457   457 D lights  : Using onoff pattern: 0x000000
12-26 12:23:15.217   873   873 V WallpaperManagerService: bindWallpaperComponentLocked: componentName=ComponentInfo{com.android.systemui/com.android.systemui.ImageWallpaper}
12-26 12:23:15.232   873   873 W PocketService: Un-handled boot phase:600
12-26 12:23:15.233   873   873 D SystemServerTiming: PhaseThirdPartyAppsCanStart took to complete: 21ms
12-26 12:23:15.233   873   873 I SystemServer: MakeLocationServiceReady
12-26 12:23:15.239   873   873 D vndksupport: Loading /vendor/lib64/hw/android.hardware.gnss@1.0-impl.so from current namespace instead of sphal namespace.
12-26 12:23:15.244   873  4544 V NuMediaExtractor: track of type 'audio/vorbis' does not publish bitrate
12-26 12:23:15.259   502   502 W MediaCodecsXmlParser: unable to open media codecs configuration xml file: /data/misc/media/media_codecs_profiling_results.xml
12-26 12:23:15.259   502   502 W MediaCodecsXmlParser: parseTopLevelXMLFile(/data/misc/media/media_codecs_profiling_results.xml) failed
12-26 12:23:15.265   502   534 W MediaCodecsXmlParser: unable to open media codecs configuration xml file: /data/misc/media/media_codecs_profiling_results.xml
12-26 12:23:15.265   502   534 W MediaCodecsXmlParser: parseTopLevelXMLFile(/data/misc/media/media_codecs_profiling_results.xml) failed
12-26 12:23:15.265   502   534 E MediaCodecsXmlParser: Cannot find the role for a decoder of type video/divx
12-26 12:23:15.265   502   534 E MediaCodecsXmlParser: Cannot find the role for a decoder of type video/divx311
12-26 12:23:15.265   502   534 E MediaCodecsXmlParser: Cannot find the role for a decoder of type video/divx4
12-26 12:23:15.265   502   534 E MediaCodecsXmlParser: Cannot find the role for a decoder of type video/x-ms-wmv
12-26 12:23:15.265   502   534 E MediaCodecsXmlParser: Cannot find the role for a decoder of type video/x-ms-wmv
12-26 12:23:15.271   502   534 I OMXMaster: makeComponentInstance(OMX.google.aac.decoder) in android.hardwar process
12-26 12:23:15.289   502   502 I OMXMaster: makeComponentInstance(OMX.google.amrnb.decoder) in android.hardwar process
12-26 12:23:15.294   502  4593 I OMXMaster: makeComponentInstance(OMX.google.amrwb.decoder) in android.hardwar process
12-26 12:23:15.297   502  4599 I OMXMaster: makeComponentInstance(OMX.google.flac.decoder) in android.hardwar process
12-26 12:23:15.301   502   502 I OMXMaster: makeComponentInstance(OMX.qti.audio.decoder.flac) in android.hardwar process
12-26 12:23:15.301   502   502 E OMX     : FAILED to allocate omx component 'OMX.qti.audio.decoder.flac' err=??(0x80001002)
12-26 12:23:15.302   499   499 W OmxInfoBuilder: Fail to add mime audio/flac to codec OMX.qti.audio.decoder.flac after software codecs
12-26 12:23:15.303   502  4599 I OMXMaster: makeComponentInstance(OMX.google.g711.alaw.decoder) in android.hardwar process
12-26 12:23:15.307   502   502 I OMXMaster: makeComponentInstance(OMX.google.g711.mlaw.decoder) in android.hardwar process
12-26 12:23:15.309   502  4599 I OMXMaster: makeComponentInstance(OMX.google.gsm.decoder) in android.hardwar process
12-26 12:23:15.321   502   502 I OMXMaster: makeComponentInstance(OMX.google.mp3.decoder) in android.hardwar process
12-26 12:23:15.326   502  4599 I OMXMaster: makeComponentInstance(OMX.google.opus.decoder) in android.hardwar process
12-26 12:23:15.332   502   502 I OMXMaster: makeComponentInstance(OMX.google.raw.decoder) in android.hardwar process
12-26 12:23:15.337   502  4599 I OMXMaster: makeComponentInstance(OMX.google.vorbis.decoder) in android.hardwar process
12-26 12:23:15.342   502   502 I OMXMaster: makeComponentInstance(OMX.google.aac.encoder) in android.hardwar process
12-26 12:23:15.349   502   502 I OMXMaster: makeComponentInstance(OMX.google.amrnb.encoder) in android.hardwar process
12-26 12:23:15.354   502  4599 I OMXMaster: makeComponentInstance(OMX.google.amrwb.encoder) in android.hardwar process
12-26 12:23:15.360   502   502 I OMXMaster: makeComponentInstance(OMX.google.flac.encoder) in android.hardwar process
12-26 12:23:15.365   502  4599 I OMXMaster: makeComponentInstance(OMX.qcom.video.decoder.avc) in android.hardwar process
12-26 12:23:15.371   502  4599 I OMX-VDEC-1080P: Video slvp perflock acquired
12-26 12:23:15.377   873  3961 D WifiController: DEFERRED_TOGGLE handled
12-26 12:23:15.378   461   461 I android.hardware.wifi@1.0-service: Wifi HAL started
12-26 12:23:15.387   873   873 D GnssLocationProvider: Link to death notification successful
12-26 12:23:15.387   873   873 E GnssHAL_GnssInterface: getExtensionAGnssRil GnssRil interface not implemented by GNSS HAL
12-26 12:23:15.387   873   873 E LocSvc_afw: E/get_extension: Invalid interface passed in
12-26 12:23:15.387   873   873 E GnssHAL_GnssInterface: getExtensionGnssNavigationMessage GnssNavigationMessage interface not implemented by GNSS HAL
12-26 12:23:15.387   873   873 E LocSvc_afw: E/get_extension: Invalid interface passed in
12-26 12:23:15.387   873   873 E GnssHAL_GnssInterface: getExtensionGnssDebug: GnssDebug interface is not implemented by HAL
12-26 12:23:15.408   873   873 D LocSvc_LBSProxy: static bool lbs_core::LBSProxy::checkIfLocationExtendedClientExists()] File Exists
12-26 12:23:15.408   873   873 D LocSvc_LBSProxy: static bool lbs_core::LBSProxy::checkIfNativeXtraClientExists()] XTRA Client 2.0 Exist
12-26 12:23:15.408   873   873 E LocSvc_afw: E/get_geofence_interface, dlsym for get_gps_geofence_interface failed, error = undefined symbol: gps_geofence_get_interface
12-26 12:23:15.408   873   873 E GnssHAL_GnssInterface: getExtensionGnssGeofencing GnssGeofencing interface not implemented by GNSS HAL
12-26 12:23:15.409   873   873 D vndksupport: Loading /vendor/lib64/hw/flp.default.so from current namespace instead of sphal namespace.
12-26 12:23:15.409  4557  4557 V WebViewLibraryLoader: RelroFileCreator (64bit = false),  32-bit lib: /system/app/webview/webview.apk!/lib/armeabi-v7a/libwebviewchromium.so, 64-bit lib: /system/app/webview/webview.apk!/lib/arm64-v8a/libwebviewchromium.so
12-26 12:23:15.483   873   873 E LocSvc_flp: I/===> const FlpLocationInterface *get_flp_interface() line 54 
12-26 12:23:15.491   873   873 I GnssLocationProvider: WakeLock acquired by sendMessage(INITIALIZE_HANDLER, 0, null)
12-26 12:23:15.498   873   898 E LocSvc_eng: I/===> loc_eng_set_server_proxy line 2658 
12-26 12:23:15.498   873   898 E LocSvc_eng: I/===> loc_eng_configuration_update line 2783 
12-26 12:23:15.498   873   898 I chatty  : uid=1000(system) android.bg identical 5 lines
12-26 12:23:15.499   873   898 E LocSvc_eng: I/===> loc_eng_configuration_update line 2783 
12-26 12:23:15.499   873   873 E LocSvc_eng: I/===> loc_eng_init line 1775 
12-26 12:23:15.501   873   873 I libmdmdetect: ESOC framework not supported
12-26 12:23:15.501   873   873 I libmdmdetect: Found internal modem: modem
12-26 12:23:15.502   873  4627 E LocSvc_api_v02: I/locClientOpen:1902]: Service instance id is -1
12-26 12:23:15.502   873  4627 E LocSvc_api_v02: I/---> locClientOpenInstance line 1782 loc client open
12-26 12:23:15.502   399   399 E SELinux : avc:  denied  { find } for service=vendor.qcom.PeripheralManager pid=873 uid=1000 scontext=u:r:system_server:s0 tcontext=u:object_r:default_android_service:s0 tclass=service_manager permissive=1
12-26 12:23:15.498  4627  4627 I Loc_hal_worker: type=1400 audit(0.0:202): avc: denied { ioctl } for path="socket:[24524]" dev="sockfs" ino=24524 ioctlcmd=c304 scontext=u:r:system_server:s0 tcontext=u:r:system_server:s0 tclass=socket permissive=1
12-26 12:23:15.503   468   608 D PerMgrSrv: modem state: is on-line, add client GPS
12-26 12:23:15.503   468   608 D PerMgrSrv: GPS registered
12-26 12:23:15.503   873   873 D PerMgrLib: GPS successfully registered for modem
12-26 12:23:15.503   873   873 D PerMgrLib: GPS voting for modem
12-26 12:23:15.503   468   609 D PerMgrSrv: GPS voting for modem
12-26 12:23:15.503   468   609 D PerMgrSrv: modem num voters is 3
12-26 12:23:15.503   873   873 E GnssLocationProvider: SetCallback for Gnss Xtra Interface fails
12-26 12:23:15.503   873   873 E LocSvc_eng: I/===> loc_eng_agps_init line 2346 
12-26 12:23:15.503   873   873 E GnssLocationProvider: Unable to initialize GNSS Geofencing interface
12-26 12:23:15.503   873   873 E LocSvc_eng: I/===> loc_eng_ni_init line 327 
12-26 12:23:15.503   873   873 D PerMgrLib: GPS unvoting for modem
12-26 12:23:15.503   468   608 D PerMgrSrv: GPS removing vote for modem
12-26 12:23:15.503   468   608 D PerMgrSrv: modem num voters is 3
12-26 12:23:15.504   873   873 E LocSvc_eng: I/===> loc_eng_cleanup line 1913 
12-26 12:23:15.506   873   873 W LocationProviderProxy-network: Odd, no component found for service com.android.location.service.v3.NetworkLocationProvider
12-26 12:23:15.498   873   873 I system_server: type=1400 audit(0.0:203): avc: denied { call } for scontext=u:r:system_server:s0 tcontext=u:r:init:s0 tclass=binder permissive=1
12-26 12:23:15.498   873   873 I system_server: type=1400 audit(0.0:204): avc: denied { transfer } for scontext=u:r:system_server:s0 tcontext=u:r:init:s0 tclass=binder permissive=1
12-26 12:23:15.509   873   873 E LocationManagerService: no geocoder provider found
12-26 12:23:15.509   873   873 D LocationManagerService: FLP HAL not supported
12-26 12:23:15.512   873   873 D LocationManagerService: Unable to bind FLP Geofence proxy.
12-26 12:23:15.512   873   873 E ActivityRecognitionHardware: activity_recognition HAL is deprecated. is_supported is effectively a no-op
12-26 12:23:15.512   873   873 D LocationManagerService: Hardware Activity-Recognition not supported.
12-26 12:23:15.513   873   873 E ActivityRecognitionProxy: ServiceWatcher could not start.
12-26 12:23:15.513   873   873 D LocationManagerService: Unable to bind ActivityRecognitionProxy.
12-26 12:23:15.514   873   873 I GnssLocationProvider: WakeLock acquired by sendMessage(ENABLE, 1, null)
12-26 12:23:15.514  4627  4627 I Loc_hal_worker: type=1400 audit(0.0:205): avc: denied { create } for name=716D75785F636C69656E745F736F636B657420202034363237 scontext=u:r:system_server:s0 tcontext=u:object_r:socket_device:s0 tclass=sock_file permissive=1
12-26 12:23:15.514  4627  4627 I Loc_hal_worker: type=1400 audit(0.0:206): avc: denied { setattr } for name=716D75785F636C69656E745F736F636B657420202034363237 dev="tmpfs" ino=28712 scontext=u:r:system_server:s0 tcontext=u:object_r:socket_device:s0 tclass=sock_file permissive=1
12-26 12:23:15.516   873   873 D SystemServerTiming: MakeLocationServiceReady took to complete: 283ms
12-26 12:23:15.517   873   873 I SystemServer: MakeCountryDetectionServiceReady
12-26 12:23:15.517   873   873 D SystemServerTiming: MakeCountryDetectionServiceReady took to complete: 1ms
12-26 12:23:15.517   873   873 I SystemServer: MakeNetworkTimeUpdateReady
12-26 12:23:15.517   873  4627 E Diag_Lib:  Diag_LSM_Init: Failed to open handle to diag driver, error = 2
12-26 12:23:15.522   873   873 D ConnectivityService: requestNetwork for uid/pid:1000/873 NetworkRequest [ TRACK_DEFAULT id=6, [ Capabilities: INTERNET&NOT_RESTRICTED&TRUSTED&NOT_VPN] ]
12-26 12:23:15.523   873   873 D SystemServerTiming: MakeNetworkTimeUpdateReady took to complete: 6ms
12-26 12:23:15.523   873   873 I SystemServer: MakeCommonTimeManagementServiceReady
12-26 12:23:15.523   873  4504 D Ethernet: got request NetworkRequest [ TRACK_DEFAULT id=6, [ Capabilities: INTERNET&NOT_RESTRICTED&TRUSTED&NOT_VPN] ] with score 0
12-26 12:23:15.524   873   873 I CommonTimeManagementService: No common time service detected on this platform.  Common time services will be unavailable.
12-26 12:23:15.524   873   873 D SystemServerTiming: MakeCommonTimeManagementServiceReady took to complete: 1ms
12-26 12:23:15.524   873   873 I SystemServer: MakeInputManagerServiceReady
12-26 12:23:15.525   873   873 D SystemServerTiming: MakeInputManagerServiceReady took to complete: 1ms
12-26 12:23:15.525   873  3112 I InputReader: Reconfiguring input devices.  changes=0x00000020
12-26 12:23:15.525   873   873 I SystemServer: MakeTelephonyRegistryReady
12-26 12:23:15.526   873   873 D SystemServerTiming: MakeTelephonyRegistryReady took to complete: 1ms
12-26 12:23:15.526   873   873 I SystemServer: MakeMediaRouterServiceReady
12-26 12:23:15.526   873   873 D SystemServerTiming: MakeMediaRouterServiceReady took to complete: 0ms
12-26 12:23:15.526   873   873 I SystemServer: MakeMmsServiceReady
12-26 12:23:15.526   873   873 I MmsServiceBroker: Delay connecting to MmsService until an API is called
12-26 12:23:15.526   873   873 D SystemServerTiming: MakeMmsServiceReady took to complete: 0ms
12-26 12:23:15.526   873   873 I SystemServer: MakeNetworkScoreServiceReady
12-26 12:23:15.526   873   873 D SystemServerTiming: MakeNetworkScoreServiceReady took to complete: 0ms
12-26 12:23:15.526   873   873 I SystemServer: IncidentDaemonReady
12-26 12:23:15.527   873   898 I GnssLocationProvider: WakeLock released by handleMessage(INITIALIZE_HANDLER, 0, null)
12-26 12:23:15.527   873   898 W GnssHAL_GnssInterface: setCallback called more than once. Unexpected unless test.
12-26 12:23:15.527   873   898 E LocSvc_eng: I/===> loc_eng_init line 1775 
12-26 12:23:15.527   873   898 E LocSvc_eng: E/loc_eng_init: log_eng state error: instance already initialized
12-26 12:23:15.527   873   898 D PerMgrLib: GPS voting for modem
12-26 12:23:15.528   468   609 D PerMgrSrv: GPS voting for modem
12-26 12:23:15.528   468   609 D PerMgrSrv: modem num voters is 3
12-26 12:23:15.528   873   898 E GnssLocationProvider: Unable to initialize GNSS Xtra interface
12-26 12:23:15.528   873   898 E LocSvc_eng: I/===> loc_eng_agps_init line 2346 
12-26 12:23:15.528   873   898 E LocSvc_eng: E/loc_eng_agps_init: log_eng state error: agps instance already initialized
12-26 12:23:15.528   873   898 E GnssLocationProvider: Unable to initialize GNSS Geofencing interface
12-26 12:23:15.528   873   898 E LocSvc_eng: I/===> loc_eng_ni_init line 327 
12-26 12:23:15.528   873   898 E LocSvc_eng: I/===> loc_eng_set_server_proxy line 2658 
12-26 12:23:15.529   873   898 E LocSvc_flp: I/===> int flp_init(FlpCallbacks *) line 147 
12-26 12:23:15.529   873   898 I         : ===> flp_init line 57 
12-26 12:23:15.532   873   873 D SystemServerTiming: IncidentDaemonReady took to complete: 6ms
12-26 12:23:15.532   873   873 I SystemServiceManager: Calling onStartUser u0
12-26 12:23:15.535   873   873 W VoiceInteractionManagerService: no available voice interaction services found for user 0
12-26 12:23:15.535   873   873 W VoiceInteractionManagerService: no available voice recognition services found for user 0
12-26 12:23:15.536   873   873 W CameraService_proxy: Could not notify mediaserver, camera service not available.
12-26 12:23:15.538   873   898 I GnssLocationProvider: WakeLock released by handleMessage(ENABLE, 1, null)
12-26 12:23:15.541   873  3112 I InputReader: Reconfiguring input devices.  changes=0x00000010
12-26 12:23:15.548   873   873 I ActivityManager: Start proc 4653:com.android.phone/1001 for added application com.android.phone
12-26 12:23:15.549   873   873 I ActivityManager: START u0 {act=android.intent.action.MAIN cat=[android.intent.category.HOME] flg=0x10000100 cmp=com.android.settings/.FallbackHome} from uid 0
12-26 12:23:15.557   873  4627 E LocSvc_api_v02: I/---> locClientSendReq line 2059 QMI_LOC_REG_EVENTS_REQ_V02
12-26 12:23:15.561   873  4627 E LocSvc_api_v02: I/---> locClientSupportMsgCheck line 2177 QMI_LOC_GET_SUPPORTED_MSGS_REQ_V02
12-26 12:23:15.563   873  4627 E LocSvc_api_v02: I/---> locClientSendReq line 2059 QMI_LOC_QUERY_AON_CONFIG_REQ_V02
12-26 12:23:15.569   873  4627 I chatty  : uid=1000(system) Loc_hal_worker identical 4 lines
12-26 12:23:15.571   873  4627 E LocSvc_api_v02: I/---> locClientSendReq line 2059 QMI_LOC_QUERY_AON_CONFIG_REQ_V02
12-26 12:23:15.573   873  4627 E LocSvc_ApiV02: E/virtual enum loc_api_adapter_err LocApiV02::open(LOC_API_ADAPTER_EVENT_MASK_T):311]: Query AON config failed. status: eLOC_CLIENT_FAILURE_INTERNAL, ind status:eQMI_LOC_SUCCESS_V02
12-26 12:23:15.574   873  4627 E LocSvc_api_v02: I/---> locClientSendReq line 2059 QMI_LOC_GET_SUPPORTED_FEATURE_REQ_V02
12-26 12:23:15.580   873  4627 I chatty  : uid=1000(system) Loc_hal_worker identical 4 lines
12-26 12:23:15.581   873  4627 E LocSvc_api_v02: I/---> locClientSendReq line 2059 QMI_LOC_GET_SUPPORTED_FEATURE_REQ_V02
12-26 12:23:15.582   873  4627 E LocSvc_ApiV02: E/virtual enum loc_api_adapter_err LocApiV02::open(LOC_API_ADAPTER_EVENT_MASK_T):374:11]: Failed to get features supported from QMI_LOC_GET_SUPPORTED_FEATURE_REQ_V02. 
12-26 12:23:15.598   873  4627 E LocSvc_api_v02: I/---> locClientSendReq line 2059 QMI_LOC_SET_PREMIUM_SERVICES_CONFIG_REQ_V02
12-26 12:23:15.600   873  4649 E LocSvc_ApiV02: I/<--- void globalRespCb(locClientHandleType, uint32_t, const locClientRespIndUnionType, uint32_t, void *) line 133 QMI_LOC_SET_PREMIUM_SERVICES_CONFIG_REQ_V02
12-26 12:23:15.600   873  4627 E LocSvc_api_v02: I/---> locClientSendReq line 2059 QMI_LOC_SET_PREMIUM_SERVICES_CONFIG_REQ_V02
12-26 12:23:15.601   873  4649 E QMI_FW  : QCCI qmi_cci_xport_recv: txn not found. svc_id: 16
12-26 12:23:15.601   873  4627 E LocSvc_LBSApiV02: E/virtual void lbs_core::LBSApiV02::injectFeatureConfig(e_premium_mode, e_premium_mode, e_premium_mode):706]: Error : st = 3, ind.status = 0
12-26 12:23:15.601   873  4627 E LocSvc_api_v02: I/---> locClientSendReq line 2059 QMI_LOC_SET_PREMIUM_SERVICES_CONFIG_REQ_V02
12-26 12:23:15.604   873  4649 E LocSvc_ApiV02: I/<--- void globalRespCb(locClientHandleType, uint32_t, const locClientRespIndUnionType, uint32_t, void *) line 133 QMI_LOC_SET_PREMIUM_SERVICES_CONFIG_REQ_V02
12-26 12:23:15.604   873  4627 E LocSvc_api_v02: I/---> locClientSendReq line 2059 QMI_LOC_REG_EVENTS_REQ_V02
12-26 12:23:15.605   873  4627 E LocSvc_api_v02: I/---> locClientSendReq line 2059 QMI_LOC_SET_GNSS_CONSTELL_REPORT_CONFIG_V02
12-26 12:23:15.606   873  4649 E LocSvc_ApiV02: I/<--- void globalRespCb(locClientHandleType, uint32_t, const locClientRespIndUnionType, uint32_t, void *) line 133 QMI_LOC_SET_GNSS_CONSTELL_REPORT_CONFIG_V02
12-26 12:23:15.607   873  4627 E LocSvc_api_v02: I/---> locClientSendReq line 2059 QMI_LOC_SET_ENGINE_LOCK_REQ_V02
12-26 12:23:15.608   873  4649 E LocSvc_ApiV02: I/<--- void globalRespCb(locClientHandleType, uint32_t, const locClientRespIndUnionType, uint32_t, void *) line 133 QMI_LOC_SET_ENGINE_LOCK_REQ_V02
12-26 12:23:15.630  4250  4250 I rild    : type=1400 audit(0.0:207): avc: denied { ioctl } for path="socket:[16148]" dev="sockfs" ino=16148 ioctlcmd=c302 scontext=u:r:rild:s0 tcontext=u:r:rild:s0 tclass=socket permissive=1
12-26 12:23:15.651   873  4627 E LocSvc_api_v02: I/---> locClientSendReq line 2059 QMI_LOC_SET_ENGINE_LOCK_REQ_V02
12-26 12:23:15.652  4557  4557 I WebViewLoader-armeabi-v7a: System.exit called, status: 0
12-26 12:23:15.652  4557  4557 I AndroidRuntime: VM exiting with result code 0, cleanup skipped.
12-26 12:23:15.654   873  4649 E LocSvc_ApiV02: I/<--- void globalRespCb(locClientHandleType, uint32_t, const locClientRespIndUnionType, uint32_t, void *) line 133 QMI_LOC_SET_ENGINE_LOCK_REQ_V02
12-26 12:23:15.654   873  4627 E LocSvc_api_v02: I/---> locClientSendReq line 2059 QMI_LOC_SET_ENGINE_LOCK_REQ_V02
