01-07 08:38:58.835     0     0 E [    3.124442 / 01-07 08:38:58.611][1] init: [libfs_mgr]Failed to mount an un-encryptable or wiped partition on /dev/block/bootdevice/by-name/sns at /sns options: barrier=1,noauto_da_alloc,errors=continue,user_xattr: Device or resource busy
01-07 08:38:58.835     0     0 I [    3.124526 / 01-07 08:38:58.611][1] init: [libfs_mgr]superblock s_max_mnt_count:65535,/dev/block/bootdevice/by-name/drm
01-07 08:38:58.835     0     0 I [    3.124554 / 01-07 08:38:58.611][1] init: [libfs_mgr]Filesystem on /dev/block/bootdevice/by-name/drm was not cleanly shutdown; state flags: 0x1, incompat feature flags: 0x46
01-07 08:38:58.835     0     0 I [    3.124724 / 01-07 08:38:58.611][1] init: [libfs_mgr]check_fs(): mount(/dev/block/bootdevice/by-name/drm,/persist-lg,ext4)=-1: Device or resource busy
01-07 08:38:58.835     0     0 I [    3.124754 / 01-07 08:38:58.611][1] init: [libfs_mgr]Running /system/bin/e2fsck on /dev/block/bootdevice/by-name/drm
01-07 08:38:58.835     0     0 I [    3.140261 / 01-07 08:38:58.627][1] e2fsck: e2fsck 1.43.3 (04-Sep-2016)
01-07 08:38:58.835     0     0 I         : [    3.140261 / 01-07 08:38:58.627][1]
01-07 08:38:58.835     0     0 I [    3.140300 / 01-07 08:38:58.627][1] e2fsck: /dev/block/bootdevice/by-name/drm is mounted.
01-07 08:38:58.835     0     0 I         : [    3.140300 / 01-07 08:38:58.627][1]
01-07 08:38:58.835     0     0 I [    3.140318 / 01-07 08:38:58.627][1] e2fsck: e2fsck: Cannot continue, aborting.
01-07 08:38:58.835     0     0 I         : [    3.140318 / 01-07 08:38:58.627][1]
01-07 08:38:58.835     0     0 I [    3.140334 / 01-07 08:38:58.627][1] e2fsck:  
01-07 08:38:58.835     0     0 I         : [    3.140334 / 01-07 08:38:58.627][1]
01-07 08:38:58.835     0     0 I [    3.140350 / 01-07 08:38:58.627][1] e2fsck:  
01-07 08:38:58.836     0     0 I         : [    3.140350 / 01-07 08:38:58.627][1]
01-07 08:38:58.836     0     0 I [    3.140370 / 01-07 08:38:58.627][1] e2fsck: e2fsck terminated by exit(8)
01-07 08:38:58.836     0     0 I         : [    3.140370 / 01-07 08:38:58.627][1]
01-07 08:38:58.836     0     0 I [    3.140546 / 01-07 08:38:58.627][1] init: [libfs_mgr]e2fsck returned status 0x800
01-07 08:38:58.836     0     0 I [    3.140743 / 01-07 08:38:58.627][1] init: [libfs_mgr]__mount(source=/dev/block/bootdevice/by-name/drm,target=/persist-lg,type=ext4)=-1: Device or resource busy
01-07 08:38:58.836     0     0 I [    3.140780 / 01-07 08:38:58.627][1] init: [libfs_mgr]Running /system/bin/e2fsck on /dev/block/bootdevice/by-name/drm
01-07 08:38:58.836     0     0 I [    3.156051 / 01-07 08:38:58.643][1] e2fsck: e2fsck 1.43.3 (04-Sep-2016)
01-07 08:38:58.836     0     0 I         : [    3.156051 / 01-07 08:38:58.643][1]
01-07 08:38:58.836     0     0 I [    3.156089 / 01-07 08:38:58.643][1] e2fsck: /dev/block/bootdevice/by-name/drm is mounted.
01-07 08:38:58.836     0     0 I         : [    3.156089 / 01-07 08:38:58.643][1]
01-07 08:38:58.836     0     0 I [    3.156108 / 01-07 08:38:58.643][1] e2fsck: e2fsck: Cannot continue, aborting.
01-07 08:38:58.836     0     0 I         : [    3.156108 / 01-07 08:38:58.643][1]
01-07 08:38:58.836     0     0 I [    3.156124 / 01-07 08:38:58.643][1] e2fsck:  
01-07 08:38:58.836     0     0 I         : [    3.156124 / 01-07 08:38:58.643][1]
01-07 08:38:58.836     0     0 I [    3.156141 / 01-07 08:38:58.643][1] e2fsck:  
01-07 08:38:58.836     0     0 I         : [    3.156141 / 01-07 08:38:58.643][1]
01-07 08:38:58.836     0     0 I [    3.156162 / 01-07 08:38:58.643][1] e2fsck: e2fsck terminated by exit(8)
01-07 08:38:58.836     0     0 I         : [    3.156162 / 01-07 08:38:58.643][1]
01-07 08:38:58.836     0     0 I [    3.156338 / 01-07 08:38:58.643][1] init: [libfs_mgr]e2fsck returned status 0x800
01-07 08:38:58.836     0     0 I [    3.156523 / 01-07 08:38:58.643][1] init: [libfs_mgr]__mount(source=/dev/block/bootdevice/by-name/drm,target=/persist-lg,type=ext4)=-1: Device or resource busy
01-07 08:38:58.836     0     0 E [    3.156627 / 01-07 08:38:58.643][1] init: [libfs_mgr]Failed to mount an un-encryptable or wiped partition on /dev/block/bootdevice/by-name/drm at /persist-lg options: barrier=1,noauto_da_alloc,errors=continue,user_xattr: Device or resource busy
01-07 08:38:58.836     0     0 I [    3.156709 / 01-07 08:38:58.643][1] init: [libfs_mgr]superblock s_max_mnt_count:65535,/dev/block/bootdevice/by-name/mpt
01-07 08:38:58.836     0     0 I [    3.156740 / 01-07 08:38:58.643][1] init: [libfs_mgr]Filesystem on /dev/block/bootdevice/by-name/mpt was not cleanly shutdown; state flags: 0x1, incompat feature flags: 0x46
01-07 08:38:58.836     0     0 I [    3.156909 / 01-07 08:38:58.643][1] init: [libfs_mgr]check_fs(): mount(/dev/block/bootdevice/by-name/mpt,/mpt,ext4)=-1: Device or resource busy
01-07 08:38:58.836     0     0 I [    3.156938 / 01-07 08:38:58.643][1] init: [libfs_mgr]Running /system/bin/e2fsck on /dev/block/bootdevice/by-name/mpt
01-07 08:38:58.836     0     0 I [    3.172455 / 01-07 08:38:58.659][1] e2fsck: e2fsck 1.43.3 (04-Sep-2016)
01-07 08:38:58.836     0     0 I         : [    3.172455 / 01-07 08:38:58.659][1]
01-07 08:38:58.836     0     0 I [    3.172494 / 01-07 08:38:58.659][1] e2fsck: /dev/block/bootdevice/by-name/mpt is mounted.
01-07 08:38:58.836     0     0 I         : [    3.172494 / 01-07 08:38:58.659][1]
01-07 08:38:58.836     0     0 I [    3.172512 / 01-07 08:38:58.659][1] e2fsck: e2fsck: Cannot continue, aborting.
01-07 08:38:58.836     0     0 I         : [    3.172512 / 01-07 08:38:58.659][1]
01-07 08:38:58.836     0     0 I [    3.172529 / 01-07 08:38:58.659][1] e2fsck:  
01-07 08:38:58.836     0     0 I         : [    3.172529 / 01-07 08:38:58.659][1]
01-07 08:38:58.836     0     0 I [    3.172546 / 01-07 08:38:58.659][1] e2fsck:  
01-07 08:38:58.836     0     0 I         : [    3.172546 / 01-07 08:38:58.659][1]
01-07 08:38:58.836     0     0 I [    3.172567 / 01-07 08:38:58.659][1] e2fsck: e2fsck terminated by exit(8)
01-07 08:38:58.836     0     0 I         : [    3.172567 / 01-07 08:38:58.659][1]
01-07 08:38:58.836     0     0 I [    3.172737 / 01-07 08:38:58.659][1] init: [libfs_mgr]e2fsck returned status 0x800
01-07 08:38:58.836     0     0 I [    3.172934 / 01-07 08:38:58.659][1] init: [libfs_mgr]__mount(source=/dev/block/bootdevice/by-name/mpt,target=/mpt,type=ext4)=-1: Device or resource busy
01-07 08:38:58.836     0     0 I [    3.172971 / 01-07 08:38:58.659][1] init: [libfs_mgr]Running /system/bin/e2fsck on /dev/block/bootdevice/by-name/mpt
01-07 08:38:58.836     0     0 I [    3.188291 / 01-07 08:38:58.675][1] e2fsck: e2fsck 1.43.3 (04-Sep-2016)
01-07 08:38:58.836     0     0 I         : [    3.188291 / 01-07 08:38:58.675][1]
01-07 08:38:58.836     0     0 I [    3.188328 / 01-07 08:38:58.675][1] e2fsck: /dev/block/bootdevice/by-name/mpt is mounted.
01-07 08:38:58.836     0     0 I         : [    3.188328 / 01-07 08:38:58.675][1]
01-07 08:38:58.836     0     0 I [    3.188346 / 01-07 08:38:58.675][1] e2fsck: e2fsck: Cannot continue, aborting.
01-07 08:38:58.836     0     0 I         : [    3.188346 / 01-07 08:38:58.675][1]
01-07 08:38:58.836     0     0 I [    3.188363 / 01-07 08:38:58.675][1] e2fsck:  
01-07 08:38:58.836     0     0 I         : [    3.188363 / 01-07 08:38:58.675][1]
01-07 08:38:58.836     0     0 I [    3.188380 / 01-07 08:38:58.675][1] e2fsck:  
01-07 08:38:58.836     0     0 I         : [    3.188380 / 01-07 08:38:58.675][1]
01-07 08:38:58.836     0     0 I [    3.188400 / 01-07 08:38:58.675][1] e2fsck: e2fsck terminated by exit(8)
01-07 08:38:58.836     0     0 I         : [    3.188400 / 01-07 08:38:58.675][1]
01-07 08:38:58.836     0     0 I [    3.188573 / 01-07 08:38:58.675][1] init: [libfs_mgr]e2fsck returned status 0x800
01-07 08:38:58.836     0     0 I [    3.188762 / 01-07 08:38:58.675][1] init: [libfs_mgr]__mount(source=/dev/block/bootdevice/by-name/mpt,target=/mpt,type=ext4)=-1: Device or resource busy
01-07 08:38:58.836     0     0 E [    3.188864 / 01-07 08:38:58.675][1] init: [libfs_mgr]Failed to mount an un-encryptable or wiped partition on /dev/block/bootdevice/by-name/mpt at /mpt options: barrier=1,noauto_da_alloc,errors=continue,user_xattr: Device or resource busy
01-07 08:38:58.836     0     0 E [    3.188944 / 01-07 08:38:58.675][1] init: fs_mgr_mount_all returned an error: Device or resource busy
01-07 08:38:58.836     0     0 E [    3.189487 / 01-07 08:38:58.675][2] init: Init cannot set 'ro.boottime.init.mount_all.default' to '275': Read-only property was already set
01-07 08:38:58.836     0     0 I [    3.189561 / 01-07 08:38:58.675][2] init: Command 'mount_all fstab.qcom' action=fs (/init.qcom.rc:76) took 276ms and failed: queue_fs_event() failed: Invalid code: 255
01-07 08:38:58.836     0     0 I [    3.189709 / 01-07 08:38:58.675][2] init: processing action (fs) from (init.qcom.usb.rc:20)
01-07 08:38:58.836     0     0 D [    3.190715 / 01-07 08:38:58.675][2] SELinux: initialized (dev functionfs, type functionfs), uses genfs_contexts
01-07 08:38:58.836     0     0 I [    3.191039 / 01-07 08:38:58.675][2] init: processing action (fs) from (init.qcom.usb.rc:37)
01-07 08:38:58.836     0     0 D [    3.191740 / 01-07 08:38:58.675][2] SELinux: initialized (dev functionfs, type functionfs), uses genfs_contexts
01-07 08:38:58.836     0     0 I [    3.192707 / 01-07 08:38:58.679][2] init: processing action (fs) from (/system/etc/init/logd.rc:18)
01-07 08:38:58.836     0     0 I [    3.193008 / 01-07 08:38:58.679][2] init: processing action (fs) from (/system/etc/init/wifi-events.rc:17)
01-07 08:38:58.836     0     0 I [    3.193093 / 01-07 08:38:58.679][2] init: processing action (post-fs) from (/init.rc:311)
01-07 08:38:58.836     0     0 E [    3.195208 / 01-07 08:38:58.679][2] init: Unable to set property 'ro.aoscp.device' to 'h815' in property file '/system/build.prop': Read-only property was already set
01-07 08:38:58.836     0     0 E [    3.196818 / 01-07 08:38:58.683][2] init: Unable to set property 'ro.telephony.default_network' to '12' in property file '/system/build.prop': Read-only property was already set
01-07 08:38:58.836     0     0 W [    3.197377 / 01-07 08:38:58.683][2] init: Couldn't load property file '/odm/build.prop': open() failed: No such file or directory: No such file or directory
01-07 08:38:58.836     0     0 W [    3.198719 / 01-07 08:38:58.683][2] init: Couldn't load property file '/factory/factory.prop': open() failed: No such file or directory: No such file or directory
01-07 08:38:58.836     0     0 I [    3.199272 / 01-07 08:38:58.683][2] init: [libfs_mgr]fs_mgr_read_fstab_dt(): failed to read fstab from dt
01-07 08:38:58.836     0     0 I [    3.201040 / 01-07 08:38:58.687][2] init: starting service 'logd'...
01-07 08:38:58.836     0     0 I [    3.202204 / 01-07 08:38:58.687][2] init: starting service 'servicemanager'...
01-07 08:38:58.837     0     0 I [    3.202272 / 01-07 08:38:58.687][0] init: Created socket '/dev/socket/logd', mode 666, user 1036, group 1036
01-07 08:38:58.837     0     0 I [    3.202715 / 01-07 08:38:58.687][0] init: Created socket '/dev/socket/logdr', mode 666, user 1036, group 1036
01-07 08:38:58.837     0     0 I [    3.203184 / 01-07 08:38:58.687][0] init: Created socket '/dev/socket/logdw', mode 222, user 1036, group 1036
01-07 08:38:58.837     0     0 I [    3.203327 / 01-07 08:38:58.687][0] init: Opened file '/proc/kmsg', flags 0
01-07 08:38:58.837     0     0 I [    3.203363 / 01-07 08:38:58.687][2] init: starting service 'hwservicemanager'...
01-07 08:38:58.837     0     0 I [    3.203377 / 01-07 08:38:58.687][0] init: Opened file '/dev/kmsg', flags 1
01-07 08:38:58.837     0     0 I [    3.207729 / 01-07 08:38:58.691][1] init: starting service 'vndservicemanager'...
01-07 08:38:58.837     0     0 I [    3.210135 / 01-07 08:38:58.695][1] selinux: SELinux: Skipping restorecon_recursive(/cache)
01-07 08:38:58.837     0     0 I         : [    3.210135 / 01-07 08:38:58.695][1]
01-07 08:38:58.837     0     0 E [    3.219078 / 01-07 08:38:58.703][2] selinux: SELinux:  Could not stat /metadata: No such file or directory.
01-07 08:38:58.837     0     0 E         : [    3.219078 / 01-07 08:38:58.703][2]
01-07 08:38:58.837     0     0 I [    3.219573 / 01-07 08:38:58.703][2] init: processing action (post-fs) from (/init.qcom.rc:457)
01-07 08:38:58.837     0     0 I [    3.219866 / 01-07 08:38:58.703][2] init: Command 'chmod 0771 /carrier' action=post-fs (/init.qcom.rc:466) took 0ms and failed: fchmodat() failed: Read-only file system
01-07 08:38:58.837     0     0 I [    3.220347 / 01-07 08:38:58.707][2] init: processing action (post-fs) from (/system/etc/init/atrace_userdebug.rc:7)
01-07 08:38:58.837     0     0 I [    3.220757 / 01-07 08:38:58.707][2] init: processing action (late-fs) from (/init.rc:376)
01-07 08:38:58.837     0     0 I [    3.220890 / 01-07 08:38:58.707][2] init: processing action (post-fs-data) from (/init.rc:384)
01-07 08:38:58.837     0     0 I [    3.221622 / 01-07 08:38:58.707][2] init: starting service 'vold'...
01-07 08:38:58.837     0     0 I [    3.237128 / 01-07 08:38:58.723][3] logd.auditd: start
--------- beginning of system
01-07 08:38:58.838   405   405 I vold    : Vold 3.0 (the awakening) firing up
01-07 08:38:58.839   405   405 V vold    : Detected support for: ext4 f2fs vfat
01-07 08:38:58.842   405   405 D vold    : Tearing down stale mount /mnt/pstore
01-07 08:38:58.842   405   405 W vold    : Failed to LOOP_GET_STATUS64 /dev/block/loop4: No such device or address
01-07 08:38:58.842   405   405 W vold    : Failed to LOOP_GET_STATUS64 /dev/block/loop6: No such device or address
01-07 08:38:58.842   405   405 W vold    : Failed to LOOP_GET_STATUS64 /dev/block/loop0: No such device or address
01-07 08:38:58.842   405   405 W vold    : Failed to LOOP_GET_STATUS64 /dev/block/loop2: No such device or address
01-07 08:38:58.842   405   405 W vold    : Failed to LOOP_GET_STATUS64 /dev/block/loop7: No such device or address
01-07 08:38:58.843   405   405 W vold    : Failed to LOOP_GET_STATUS64 /dev/block/loop3: No such device or address
01-07 08:38:58.843   405   405 W vold    : Failed to LOOP_GET_STATUS64 /dev/block/loop5: No such device or address
01-07 08:38:58.843   405   405 W vold    : Failed to LOOP_GET_STATUS64 /dev/block/loop1: No such device or address
01-07 08:38:58.843   405   405 I vold    : [libfs_mgr]fs_mgr_read_fstab_dt(): failed to read fstab from dt
01-07 08:38:58.845   405   405 D vold    : VoldNativeService::start() completed OK
01-07 08:38:58.863   405   414 I vold    : Found disk at /devices/soc.0/f98a4900.sdhci/mmc_host/mmc1/mmc1:aaaa/block/mmcblk1 but delaying scan due to secure keyguard
01-07 08:38:58.872     0     0 I [    3.306187 / 01-07 08:38:58.791][1] init: Command 'copy /data/system/entropy.dat /dev/urandom' action=post-fs-data (/init.rc:401) took 76ms and succeeded
01-07 08:38:58.872     0     0 I [    3.378194 / 01-07 08:38:58.863][2] init: starting service 'exec 1 (/system/bin/vdc --wait cryptfs init_user0)'...
01-07 08:38:58.872     0     0 I [    3.379013 / 01-07 08:38:58.863][2] init: SVC_EXEC pid 416 (uid 0 gid 0+0 context default) started; waiting...
01-07 08:38:58.896   405   413 D vold    : e4crypt_init_user0
01-07 08:38:58.896   405   413 D vold    : e4crypt_prepare_user_storage for volume null, user 0, serial 0, flags 1
01-07 08:38:58.896   405   413 D vold    : Preparing: /data/system/users/0
01-07 08:38:58.896     0     0 D [    3.404134 / 01-07 08:38:58.891][3] vdc: Waited 0ms for vold
01-07 08:38:58.897   405   413 D vold    : Preparing: /data/misc/profiles/cur/0
01-07 08:38:58.898   405   413 D vold    : Preparing: /data/system_de/0
01-07 08:38:58.898   405   413 D vold    : Preparing: /data/misc_de/0
01-07 08:38:58.899   405   413 D vold    : Preparing: /data/vendor_de/0
01-07 08:38:58.899   405   413 D vold    : Preparing: /data/user_de/0
01-07 08:38:58.900   405   413 V vold    : /system/bin/vold_prepare_subdirs
01-07 08:38:58.900   405   413 V vold    :     prepare
01-07 08:38:58.900   405   413 V vold    :     
01-07 08:38:58.900   405   413 V vold    :     0
01-07 08:38:58.900   405   413 V vold    :     1
01-07 08:38:58.928   405   413 I vold_prepare_subdirs: SELinux: Loaded file_contexts
01-07 08:38:58.931   417   417 D vold_prepare_subdirs: Setting up mode 700 uid 0 gid 0 context u:object_r:vold_data_file:s0 on path: /data/misc_de/0/vold
01-07 08:38:58.933   417   417 D vold_prepare_subdirs: Setting up mode 700 uid 0 gid 0 context u:object_r:storaged_data_file:s0 on path: /data/misc_de/0/storaged
01-07 08:38:58.933   417   417 D vold_prepare_subdirs: Setting up mode 700 uid 1000 gid 1000 context u:object_r:fingerprint_vendor_data_file:s0 on path: /data/vendor_de/0/fpdata
01-07 08:38:58.935   405   413 D vold    : e4crypt_unlock_user_key 0 serial=0 token_present=0
01-07 08:38:58.936   405   413 E vold    : Failed to chmod /data/system_ce/0: No such file or directory
01-07 08:38:58.936   405   413 E vold    : Failed to chmod /data/misc_ce/0: No such file or directory
01-07 08:38:58.939     0     0 I [    3.446280 / 01-07 08:38:58.931][2] init: Service 'exec 1 (/system/bin/vdc --wait cryptfs init_user0)' (pid 416) exited with status 0 waiting took 0.067000 seconds
01-07 08:38:58.940     0     0 I [    3.446990 / 01-07 08:38:58.931][2] selinux: SELinux: Skipping restorecon_recursive(/data)
01-07 08:38:58.940     0     0 I         : [    3.446990 / 01-07 08:38:58.931][2]
01-07 08:38:58.940     0     0 I [    3.447496 / 01-07 08:38:58.931][2] init: starting service 'exec 2 (/system/bin/tzdatacheck /system/usr/share/zoneinfo /data/misc/zoneinfo)'...
01-07 08:38:58.943     0     0 I [    3.448323 / 01-07 08:38:58.935][2] init: SVC_EXEC pid 419 (uid 1000 gid 1000+0 context default) started; waiting...
01-07 08:38:58.947     1     1 I auditd  : type=1400 audit(0.0:26): avc: denied { setattr } for comm="init" name="file" dev="sysfs" ino=23473 scontext=u:r:init:s0 tcontext=u:object_r:sysfs:s0 tclass=file permissive=1
01-07 08:38:58.947     1     1 I init    : type=1400 audit(0.0:26): avc: denied { setattr } for name="file" dev="sysfs" ino=23473 scontext=u:r:init:s0 tcontext=u:object_r:sysfs:s0 tclass=file permissive=1
01-07 08:38:58.952   419   419 I /system/bin/tzdatacheck: timezone distro dir /data/misc/zoneinfo/current does not exist. No action required.
01-07 08:38:58.955     0     0 I [    3.461407 / 01-07 08:38:58.947][0] init: Service 'exec 2 (/system/bin/tzdatacheck /system/usr/share/zoneinfo /data/misc/zoneinfo)' (pid 419) exited with status 0 waiting took 0.013000 seconds
01-07 08:38:58.956     0     0 I [    3.461592 / 01-07 08:38:58.947][0] init: processing action (post-fs-data) from (/init.usb.rc:6)
01-07 08:38:58.959     0     0 I [    3.464215 / 01-07 08:38:58.951][2] init: processing action (post-fs-data) from (/init.qcom.rc:475)
01-07 08:38:58.959     0     0 I [    3.464554 / 01-07 08:38:58.951][2] init: Command 'start qseecomd' action=post-fs-data (/init.qcom.rc:476) took 0ms and failed: Could not start service: File /system/vendor/bin/qseecomd(labeled "u:object_r:vendor_file:s0") has incorrect label or no domain transition from u:r:init:s0 to another SELinux domain defined. Have you configured your service correctly? https://source.android.com/security/selinux/device-policy#label_new_services_and_address_denials
01-07 08:38:58.967     1     1 I auditd  : type=1400 audit(0.0:27): avc: denied { search } for comm="init" name="com.android.dialer" dev="mmcblk0p50" ino=654089 scontext=u:r:init:s0 tcontext=u:object_r:app_data_file:s0:c512,c768 tclass=dir permissive=1
01-07 08:38:58.967     1     1 I init    : type=1400 audit(0.0:27): avc: denied { search } for name="com.android.dialer" dev="mmcblk0p50" ino=654089 scontext=u:r:init:s0 tcontext=u:object_r:app_data_file:s0:c512,c768 tclass=dir permissive=1
01-07 08:38:58.971     1     1 I auditd  : type=1400 audit(0.0:28): avc: denied { write } for comm="init" name="firmware_path" dev="sysfs" ino=6843 scontext=u:r:init:s0 tcontext=u:object_r:sysfs:s0 tclass=file permissive=1
01-07 08:38:58.971     1     1 I init    : type=1400 audit(0.0:28): avc: denied { write } for name="firmware_path" dev="sysfs" ino=6843 scontext=u:r:init:s0 tcontext=u:object_r:sysfs:s0 tclass=file permissive=1
01-07 08:38:58.971     1     1 I auditd  : type=1400 audit(0.0:29): avc: denied { open } for comm="init" path="/sys/module/bcmdhd/parameters/firmware_path" dev="sysfs" ino=6843 scontext=u:r:init:s0 tcontext=u:object_r:sysfs:s0 tclass=file permissive=1
01-07 08:38:58.971     1     1 I init    : type=1400 audit(0.0:29): avc: denied { open } for path="/sys/module/bcmdhd/parameters/firmware_path" dev="sysfs" ino=6843 scontext=u:r:init:s0 tcontext=u:object_r:sysfs:s0 tclass=file permissive=1
01-07 08:38:58.971     0     0 I [    3.479768 / 01-07 08:38:58.963][2] SELinux: Context u:object_r:persist_display_file:s0 is not valid (left unmapped).
01-07 08:38:58.987     0     0 I [    3.492747 / 01-07 08:38:58.979][2] init: Command 'chown 13:13 /system/etc/motorola' action=post-fs-data (/init.qcom.rc:592) took 0ms and failed: lchown() failed: Read-only file system
01-07 08:38:58.988     0     0 I [    3.493375 / 01-07 08:38:58.979][2] init: Command 'chmod 2777 /system/etc/motorola' action=post-fs-data (/init.qcom.rc:595) took 0ms and failed: fchmodat() failed: Read-only file system
01-07 08:38:58.988     0     0 I [    3.495555 / 01-07 08:38:58.979][2] SELinux: Context u:object_r:sensors_persist_file:s0 is not valid (left unmapped).
01-07 08:38:58.991     0     0 I [    3.496864 / 01-07 08:38:58.983][3] selinux: SELinux: Skipping restorecon_recursive(/data/misc/sensors)
01-07 08:38:58.992     0     0 I         : [    3.496864 / 01-07 08:38:58.983][3]
01-07 08:38:58.992     0     0 I [    3.498859 / 01-07 08:38:58.983][3] SELinux: Context u:object_r:persist_drm_file:s0 is not valid (left unmapped).
01-07 08:38:58.995     0     0 I [    3.501625 / 01-07 08:38:58.987][3] init: Command 'chmod 0771 /cota' action=post-fs-data (/init.qcom.rc:625) took 0ms and failed: fchmodat() failed: Read-only file system
01-07 08:38:58.996     0     0 I [    3.501683 / 01-07 08:38:58.987][3] init: Command 'chown system system /preload' action=post-fs-data (/init.qcom.rc:626) took 0ms and failed: lchown() failed: Read-only file system
01-07 08:38:58.996     0     0 I [    3.501740 / 01-07 08:38:58.987][3] init: Command 'chmod 0771 /preload' action=post-fs-data (/init.qcom.rc:627) took 0ms and failed: fchmodat() failed: Read-only file system
01-07 08:38:59.000     0     0 I [    3.504106 / 01-07 08:38:58.991][1] selinux: SELinux: Skipping restorecon_recursive(/sns)
01-07 08:38:59.000     0     0 I         : [    3.504106 / 01-07 08:38:58.991][1]
01-07 08:38:59.000     0     0 I [    3.504185 / 01-07 08:38:58.991][1] init: processing action (post-fs-data) from (init.qcom.usb.rc:26)
01-07 08:38:59.000     0     0 I [    3.504455 / 01-07 08:38:58.991][1] init: processing action (post-fs-data) from (/system/etc/init/bootstat.rc:7)
01-07 08:38:59.000     0     0 I [    3.505975 / 01-07 08:38:58.991][1] init: processing action (post-fs-data) from (/system/etc/init/incidentd.rc:21)
01-07 08:38:59.000     0     0 I [    3.506503 / 01-07 08:38:58.991][1] init: processing action (post-fs-data) from (/system/etc/init/logtagd.rc:4)
01-07 08:38:59.000     0     0 I [    3.507389 / 01-07 08:38:58.991][1] init: processing action (post-fs-data) from (/system/etc/init/statsd.rc:25)
01-07 08:38:59.000     0     0 I [    3.508087 / 01-07 08:38:58.995][1] init: processing action (post-fs-data) from (/vendor/etc/init/hostapd.android.rc:9)
01-07 08:38:59.008     0     0 I [    3.512391 / 01-07 08:38:58.999][1] init: processing action (ro.crypto.state=unencrypted && zygote-start) from (/init.rc:560)
01-07 08:38:59.008     0     0 I [    3.512465 / 01-07 08:38:58.999][1] init: Command 'exec_start update_verifier_nonencrypted' action=ro.crypto.state=unencrypted && zygote-start (/init.rc:562) took 0ms and failed: Service not found
01-07 08:38:59.008     0     0 I [    3.512801 / 01-07 08:38:58.999][1] init: starting service 'netd'...
01-07 08:38:59.008     0     0 I [    3.513928 / 01-07 08:38:58.999][1] init: starting service 'zygote'...
01-07 08:38:59.008     0     0 I [    3.514026 / 01-07 08:38:58.999][0] init: Created socket '/dev/socket/netd', mode 660, user 0, group 1000
01-07 08:38:59.008     0     0 I [    3.514578 / 01-07 08:38:58.999][0] init: Created socket '/dev/socket/dnsproxyd', mode 660, user 0, group 3003
01-07 08:38:59.008     0     0 I [    3.515032 / 01-07 08:38:58.999][0] init: Created socket '/dev/socket/mdns', mode 660, user 0, group 1000
01-07 08:38:59.008     0     0 I [    3.515045 / 01-07 08:38:58.999][1] init: starting service 'zygote_secondary'...
01-07 08:38:59.008     0     0 I [    3.515139 / 01-07 08:38:58.999][2] init: Created socket '/dev/socket/zygote', mode 660, user 0, group 1000
01-07 08:38:59.008     0     0 I [    3.515473 / 01-07 08:38:58.999][0] init: Created socket '/dev/socket/fwmarkd', mode 660, user 0, group 3003
01-07 08:38:59.008     0     0 I [    3.516066 / 01-07 08:38:59.003][1] init: processing action (load_persist_props_action) from (/init.rc:268)
01-07 08:38:59.008     0     0 W [    3.516156 / 01-07 08:38:59.003][1] init: Couldn't load property file '/data/local.prop': open() failed: No such file or directory: No such file or directory
01-07 08:38:59.008     0     0 I [    3.516234 / 01-07 08:38:59.003][3] init: Created socket '/dev/socket/zygote_secondary', mode 660, user 0, group 1000
01-07 08:38:59.085   420   420 I Netd    : Netd 1.0 starting
01-07 08:38:59.090   420   420 D TetherController: Setting IP forward enable = 0
01-07 08:38:59.092   420   420 E         : Cannot determine initial API level of the device
01-07 08:38:59.100     0     0 I [    3.605681 / 01-07 08:38:59.091][1] init: Command 'load_persist_props' action=load_persist_props_action (/init.rc:269) took 89ms and succeeded
01-07 08:38:59.100     0     0 I [    3.605761 / 01-07 08:38:59.091][0] SMBCHG: smbchg_cc_esr_wa_check: ESR count is not zero, skipping
01-07 08:38:59.100     0     0 I [    3.605789 / 01-07 08:38:59.091][0] SMBCHG: smbchg_external_power_changed: changed current_limit = 500
01-07 08:38:59.100     0     0 I [    3.605811 / 01-07 08:38:59.091][0] SMBCHG: smbchg_set_usb_current_max: USB current_ma = 500
01-07 08:38:59.100     0     0 I [    3.605822 / 01-07 08:38:59.091][0] SMBCHG: smbchg_primary_usb_en: usb enabled, susp = 00, en? = 1, reason = 04
01-07 08:38:59.100     0     0 I [    3.605918 / 01-07 08:38:59.091][0] SMBCHG: smbchg_set_usb_current_max: usb type = SDP current set to 500 mA
01-07 08:38:59.100     0     0 I [    3.605928 / 01-07 08:38:59.091][0] SMBCHG: smbchg_set_thermal_limited_usb_current_max: AICL = 1500, ICL = 500
01-07 08:38:59.100     0     0 I [    3.605939 / 01-07 08:38:59.091][0] SMBCHG: smbchg_stay_awake: staying awake: 0x02 (bit 2)
01-07 08:38:59.100     0     0 I [    3.605955 / 01-07 08:38:59.091][0] SMBCHG: smbchg_vfloat_adjust_check: Starting vfloat adjustments
01-07 08:38:59.100     0     0 I [    3.605973 / 01-07 08:38:59.091][1] init: starting service 'logd-reinit'...
01-07 08:38:59.100     0     0 I         : [    3.606051 / 01-07 08:38:59.091][0] [CC] changed batt_status_cc = (0) -> (1)
01-07 08:38:59.100     0     0 I         : [    3.606059 / 01-07 08:38:59.091][0] [CC] chg_wake_locked
01-07 08:38:59.100     0     0 I [    3.606619 / 01-07 08:38:59.091][0] SMBCHG: smbchg_relax: relaxing: 0x00 (bit 2)
01-07 08:38:59.100     0     0 I         : [    3.606811 / 01-07 08:38:59.091][0] [CC] charge_type = 3
01-07 08:38:59.100     0     0 I [    3.606848 / 01-07 08:38:59.091][1] init: processing action (load_persist_props_action) from (/system/etc/init/logcatd.rc:31)
01-07 08:38:59.100     0     0 I [    3.607106 / 01-07 08:38:59.091][1] init: processing action (firmware_mounts_complete) from (/init.rc:274)
01-07 08:38:59.100     0     0 I [    3.607225 / 01-07 08:38:59.091][1] init: processing action (early-boot) from (/init.qcom.rc:121)
01-07 08:38:59.100     0     0 I [    3.607596 / 01-07 08:38:59.091][0] SMBCHG: smbchg_stay_awake: staying awake: 0x02 (bit 2)
01-07 08:38:59.100     0     0 I [    3.607616 / 01-07 08:38:59.091][0] SMBCHG: smbchg_vfloat_adjust_check: Starting vfloat adjustments
01-07 08:38:59.100     0     0 I [    3.608094 / 01-07 08:38:59.095][0] SMBCHG: smbchg_relax: relaxing: 0x00 (bit 2)
01-07 08:38:59.100     0     0 I         : [    3.608290 / 01-07 08:38:59.095][0] [CC] charge_type = 3
01-07 08:38:59.100     0     0 I [    3.608644 / 01-07 08:38:59.095][0] ueventd: firmware: loading 'adsp.mdt' for '/devices/soc.0/fe200000.qcom,lpass/firmware/adsp.mdt'
01-07 08:38:59.111     0     0 I [    3.619258 / 01-07 08:38:59.103][0] logd.daemon: reinit
01-07 08:38:59.243   427   427 I auditd  : type=1400 audit(0.0:30): avc: denied { search } for comm="ueventd" name="/" dev="mmcblk0p1" ino=1 scontext=u:r:ueventd:s0 tcontext=u:object_r:vfat:s0 tclass=dir permissive=1
01-07 08:38:59.243   427   427 I ueventd : type=1400 audit(0.0:30): avc: denied { search } for name="/" dev="mmcblk0p1" ino=1 scontext=u:r:ueventd:s0 tcontext=u:object_r:vfat:s0 tclass=dir permissive=1
01-07 08:38:59.243   427   427 I auditd  : type=1400 audit(0.0:31): avc: denied { read } for comm="ueventd" name="adsp.mdt" dev="mmcblk0p1" ino=4 scontext=u:r:ueventd:s0 tcontext=u:object_r:vfat:s0 tclass=file permissive=1
01-07 08:38:59.243   427   427 I ueventd : type=1400 audit(0.0:31): avc: denied { read } for name="adsp.mdt" dev="mmcblk0p1" ino=4 scontext=u:r:ueventd:s0 tcontext=u:object_r:vfat:s0 tclass=file permissive=1
01-07 08:38:59.243   427   427 I auditd  : type=1400 audit(0.0:32): avc: denied { open } for comm="ueventd" path="/firmware/image/adsp.mdt" dev="mmcblk0p1" ino=4 scontext=u:r:ueventd:s0 tcontext=u:object_r:vfat:s0 tclass=file permissive=1
01-07 08:38:59.243   427   427 I ueventd : type=1400 audit(0.0:32): avc: denied { open } for path="/firmware/image/adsp.mdt" dev="mmcblk0p1" ino=4 scontext=u:r:ueventd:s0 tcontext=u:object_r:vfat:s0 tclass=file permissive=1
01-07 08:38:59.243   427   427 I auditd  : type=1400 audit(0.0:33): avc: denied { getattr } for comm="ueventd" path="/firmware/image/adsp.mdt" dev="mmcblk0p1" ino=4 scontext=u:r:ueventd:s0 tcontext=u:object_r:vfat:s0 tclass=file permissive=1
01-07 08:38:59.243   427   427 I ueventd : type=1400 audit(0.0:33): avc: denied { getattr } for path="/firmware/image/adsp.mdt" dev="mmcblk0p1" ino=4 scontext=u:r:ueventd:s0 tcontext=u:object_r:vfat:s0 tclass=file permissive=1
01-07 08:38:59.252     0     0 I [    3.759092 / 01-07 08:38:59.243][2] ueventd: loading /devices/soc.0/fe200000.qcom,lpass/firmware/adsp.mdt took 150ms
01-07 08:38:59.252     0     0 I         : [    3.759129 / 01-07 08:38:59.243][3] subsys-pil-tz fe200000.qcom,lpass: adsp: loading from 0x0000000007400000 to 0x0000000008800000
01-07 08:38:59.255   420   420 I Netd    : Creating child chains: 159.8ms
01-07 08:38:59.255   420   420 I Netd    : Setting up OEM hooks: 0.2ms
01-07 08:38:59.262   420   420 I Netd    : Setting up FirewallController hooks: 7.5ms
01-07 08:38:59.266   420   420 I Netd    : Setting up TetherController hooks: 3.3ms
01-07 08:38:59.269   420   420 I Netd    : Setting up BandwidthController hooks: 3.3ms
01-07 08:38:59.269   420   420 I Netd    : Setting up IdletimerController hooks: 0.1ms
01-07 08:38:59.269   420   420 I Netd    : initializing traffic control: 0.0ms
01-07 08:38:59.276   420   420 I Netd    : Disabling bandwidth control: 6.5ms
01-07 08:38:59.277   420   420 I Netd    : Initializing RouteController: 1.9ms
01-07 08:38:59.278   420   420 D XfrmController: Sending Netlink XFRM Message: XFRM_MSG_FLUSHSA
01-07 08:38:59.278   420   420 D XfrmController: Sending Netlink XFRM Message: XFRM_MSG_FLUSHPOLICY
01-07 08:38:59.278   420   420 I Netd    : Initializing XfrmController: 0.3ms
01-07 08:38:59.279   420   420 D MDnsDS  : MDnsSdListener::Hander starting up
01-07 08:38:59.279   420   435 D MDnsDS  : MDnsSdListener starting to monitor
01-07 08:38:59.279   420   435 D MDnsDS  : Going to poll with pollCount 1
01-07 08:38:59.281   420   420 I Netd    : Registering NetdNativeService: 1.4ms
01-07 08:38:59.281   420   420 I Netd    : Starting CommandListener: 0.3ms
01-07 08:38:59.282   403   403 E cutils-trace: Error opening trace file: Permission denied (13)
01-07 08:38:59.284   420   420 I Netd    : Registering NetdHwService: 2.6ms
01-07 08:38:59.284   420   420 I Netd    : Netd started in 198ms
01-07 08:38:59.287     0     0 I [    3.794062 / 01-07 08:38:59.279][1] ueventd: firmware: loading 'adsp.b02' for '/devices/soc.0/fe200000.qcom,lpass/firmware/adsp.b02'
01-07 08:38:59.331     0     0 I [    3.837104 / 01-07 08:38:59.323][1] ueventd: loading /devices/soc.0/fe200000.qcom,lpass/firmware/adsp.b02 took 43ms
01-07 08:38:59.332     0     0 I [    3.838093 / 01-07 08:38:59.323][1] ueventd: firmware: loading 'adsp.b03' for '/devices/soc.0/fe200000.qcom,lpass/firmware/adsp.b03'
01-07 08:38:59.419     0     0 I [    3.925769 / 01-07 08:38:59.411][3] ueventd: loading /devices/soc.0/fe200000.qcom,lpass/firmware/adsp.b03 took 87ms
01-07 08:38:59.420     0     0 I [    3.926571 / 01-07 08:38:59.411][0] ueventd: firmware: loading 'adsp.b04' for '/devices/soc.0/fe200000.qcom,lpass/firmware/adsp.b04'
01-07 08:38:59.503     0     0 I [    4.008895 / 01-07 08:38:59.495][3] ueventd: loading /devices/soc.0/fe200000.qcom,lpass/firmware/adsp.b04 took 82ms
01-07 08:38:59.504     0     0 I [    4.009839 / 01-07 08:38:59.495][0] ueventd: firmware: loading 'adsp.b06' for '/devices/soc.0/fe200000.qcom,lpass/firmware/adsp.b06'
01-07 08:38:59.515     0     0 I [    4.023807 / 01-07 08:38:59.507][1] ueventd: loading /devices/soc.0/fe200000.qcom,lpass/firmware/adsp.b06 took 14ms
01-07 08:38:59.527     0     0 I [    4.032553 / 01-07 08:38:59.519][1] ueventd: firmware: loading 'adsp.b08' for '/devices/soc.0/fe200000.qcom,lpass/firmware/adsp.b08'
01-07 08:38:59.528     0     0 I [    4.034154 / 01-07 08:38:59.519][1] ueventd: loading /devices/soc.0/fe200000.qcom,lpass/firmware/adsp.b08 took 1ms
01-07 08:38:59.528     0     0 I [    4.034963 / 01-07 08:38:59.519][1] ueventd: firmware: loading 'adsp.b09' for '/devices/soc.0/fe200000.qcom,lpass/firmware/adsp.b09'
01-07 08:38:59.535     0     0 I [    4.042321 / 01-07 08:38:59.527][1] ueventd: loading /devices/soc.0/fe200000.qcom,lpass/firmware/adsp.b09 took 7ms
01-07 08:38:59.536     0     0 I [    4.043298 / 01-07 08:38:59.527][1] ueventd: firmware: loading 'adsp.b10' for '/devices/soc.0/fe200000.qcom,lpass/firmware/adsp.b10'
01-07 08:38:59.539     0     0 I [    4.045848 / 01-07 08:38:59.531][1] ueventd: loading /devices/soc.0/fe200000.qcom,lpass/firmware/adsp.b10 took 2ms
01-07 08:38:59.540     0     0 I [    4.046640 / 01-07 08:38:59.531][1] ueventd: firmware: loading 'adsp.b11' for '/devices/soc.0/fe200000.qcom,lpass/firmware/adsp.b11'
01-07 08:38:59.543     0     0 I [    4.051041 / 01-07 08:38:59.535][1] ueventd: loading /devices/soc.0/fe200000.qcom,lpass/firmware/adsp.b11 took 4ms
01-07 08:38:59.547     0     0 I [    4.052093 / 01-07 08:38:59.539][1] ueventd: firmware: loading 'adsp.b12' for '/devices/soc.0/fe200000.qcom,lpass/firmware/adsp.b12'
01-07 08:38:59.548     0     0 I [    4.053622 / 01-07 08:38:59.539][1] ueventd: loading /devices/soc.0/fe200000.qcom,lpass/firmware/adsp.b12 took 1ms
01-07 08:38:59.548     0     0 I [    4.055231 / 01-07 08:38:59.539][1] ueventd: firmware: loading 'adsp.b13' for '/devices/soc.0/fe200000.qcom,lpass/firmware/adsp.b13'
01-07 08:38:59.551     0     0 I [    4.057409 / 01-07 08:38:59.543][1] ueventd: loading /devices/soc.0/fe200000.qcom,lpass/firmware/adsp.b13 took 2ms
01-07 08:38:59.552     0     0 I [    4.058178 / 01-07 08:38:59.543][1] ueventd: firmware: loading 'adsp.b14' for '/devices/soc.0/fe200000.qcom,lpass/firmware/adsp.b14'
01-07 08:38:59.552     0     0 I [    4.059480 / 01-07 08:38:59.543][1] ueventd: loading /devices/soc.0/fe200000.qcom,lpass/firmware/adsp.b14 took 1ms
01-07 08:38:59.555     0     0 I [    4.060317 / 01-07 08:38:59.547][1] ueventd: firmware: loading 'adsp.b15' for '/devices/soc.0/fe200000.qcom,lpass/firmware/adsp.b15'
01-07 08:38:59.556     0     0 I [    4.061705 / 01-07 08:38:59.547][1] ueventd: loading /devices/soc.0/fe200000.qcom,lpass/firmware/adsp.b15 took 1ms
01-07 08:38:59.660     0     0 I         : [    4.164794 / 01-07 08:38:59.651][0] subsys-pil-tz fe200000.qcom,lpass: adsp: Brought out of reset
01-07 08:38:59.707     0     0 I         : [    4.206050 / 01-07 08:38:59.691][0] subsys-pil-tz fe200000.qcom,lpass: Subsystem error monitoring/handling services are up
01-07 08:38:59.707     0     0 I         : [    4.206122 / 01-07 08:38:59.691][0] subsys-pil-tz fe200000.qcom,lpass: adsp: Power/Clock ready interrupt received
01-07 08:38:59.707     0     0 I [    4.206279 / 01-07 08:38:59.691][1] init: Command 'write /sys/kernel/boot_adsp/boot 1' action=early-boot (/init.qcom.rc:125) took 598ms and succeeded
01-07 08:38:59.707     0     0 E [    4.206380 / 01-07 08:38:59.691][0] L-Notify: Generel: 7
01-07 08:38:59.707     0     0 I [    4.206431 / 01-07 08:38:59.691][1] init: Service 'logd-reinit' (pid 426) exited with status 0
01-07 08:38:59.707     0     0 I [    4.206779 / 01-07 08:38:59.691][1] init: processing action (early-boot) from (/system/etc/init/installd.rc:5)
01-07 08:38:59.710     0     0 I         : [    4.215325 / 01-07 08:38:59.699][0] msm8994-asoc-snd fe034000.sound: msm8994_asoc_machine_probe: hdmi audio support present
01-07 08:38:59.710     0     0 E         : [    4.217662 / 01-07 08:38:59.703][0] msm8994-asoc-snd fe034000.sound: ASoC: CODEC tomtom_codec not registered
01-07 08:38:59.710     0     0 I         : [    4.217737 / 01-07 08:38:59.703][0] platform fe034000.sound: Driver msm8994-asoc-snd requests probe deferral
01-07 08:38:59.719     0     0 I [    4.224251 / 01-07 08:38:59.711][1] init: processing action (boot) from (/init.rc:581)
01-07 08:38:59.720     0     0 I         : [    4.224861 / 01-07 08:38:59.711][0] msm8994-asoc-snd fe034000.sound: msm8994_asoc_machine_probe: hdmi audio support present
01-07 08:38:59.720     0     0 E         : [    4.226975 / 01-07 08:38:59.711][0] msm8994-asoc-snd fe034000.sound: ASoC: CODEC tomtom_codec not registered
01-07 08:38:59.720     0     0 I         : [    4.227043 / 01-07 08:38:59.711][0] platform fe034000.sound: Driver msm8994-asoc-snd requests probe deferral
01-07 08:38:59.723     0     0 I [    4.231389 / 01-07 08:38:59.715][1] init: starting service 'hidl_memory'...
01-07 08:38:59.728     0     0 I [    4.232805 / 01-07 08:38:59.719][1] init: starting service 'healthd'...
01-07 08:38:59.728     0     0 I [    4.235768 / 01-07 08:38:59.719][0] apr_tal: Q6 Is Up
01-07 08:38:59.736     0     0 I         : [    4.242406 / 01-07 08:38:59.727][1] msm8994-asoc-snd fe034000.sound: msm8994_asoc_machine_probe: hdmi audio support present
01-07 08:38:59.740     0     0 E         : [    4.244686 / 01-07 08:38:59.731][1] msm8994-asoc-snd fe034000.sound: ASoC: CODEC tomtom_codec not registered
01-07 08:38:59.740     0     0 I         : [    4.244753 / 01-07 08:38:59.731][1] platform fe034000.sound: Driver msm8994-asoc-snd requests probe deferral
01-07 08:38:59.740     0     0 I [    4.245376 / 01-07 08:38:59.731][1] init: starting service 'vendor.cas-hal-1-0'...
01-07 08:38:59.740     0     0 I [    4.246798 / 01-07 08:38:59.731][1] init: starting service 'vendor.configstore-hal'...
01-07 08:38:59.744     0     0 I [    4.248308 / 01-07 08:38:59.735][1] init: starting service 'vendor.gralloc-2-0'...
01-07 08:38:59.744     0     0 I [    4.249771 / 01-07 08:38:59.735][1] init: starting service 'vendor.health-hal-1-0'...
01-07 08:38:59.744     0     0 I [    4.251616 / 01-07 08:38:59.735][1] init: starting service 'vendor.light-hal-2-0'...
01-07 08:38:59.748     0     0 I [    4.253185 / 01-07 08:38:59.739][1] init: starting service 'vendor.nfc_hal_service'...
01-07 08:38:59.748     0     0 I [    4.254612 / 01-07 08:38:59.739][1] init: starting service 'vendor.thermal-hal-1-0'...
01-07 08:38:59.752     0     0 I [    4.256578 / 01-07 08:38:59.743][1] init: starting service 'vendor.usb-hal-1-0'...
01-07 08:38:59.752     0     0 I [    4.257996 / 01-07 08:38:59.743][1] init: starting service 'vendor.wifi_hal_legacy'...
01-07 08:38:59.752     0     0 I [    4.259249 / 01-07 08:38:59.743][1] init: starting service 'config_bluetooth'...
01-07 08:38:59.756   458   458 I ServiceManagement: Removing namespace from process name android.hidl.allocator@1.0-service to allocator@1.0-service.
01-07 08:38:59.757   458   458 E cutils-trace: Error opening trace file: Permission denied (13)
01-07 08:38:59.764     0     0 E [    4.268700 / 01-07 08:38:59.755][1] init: Could not start service 'rfs_access' as part of class 'core': File /system/vendor/bin/rfs_access(labeled "u:object_r:vendor_file:s0") has incorrect label or no domain transition from u:r:init:s0 to another SELinux domain defined. Have you configured your service correctly? https://source.android.com/security/selinux/device-policy#label_new_services_and_address_denials
01-07 08:38:59.764     0     0 E [    4.268945 / 01-07 08:38:59.755][1] init: Could not start service 'config_bt_addr' as part of class 'core': File /system/vendor/bin/btnvtool(labeled "u:object_r:vendor_file:s0") has incorrect label or no domain transition from u:r:init:s0 to another SELinux domain defined. Have you configured your service correctly? https://source.android.com/security/selinux/device-policy#label_new_services_and_address_denials
01-07 08:38:59.764     0     0 E [    4.269090 / 01-07 08:38:59.755][1] init: Could not start service 'qcom-usb-sh' as part of class 'core': Cannot find '/system/bin/init.qcom.usb.sh': No such file or directory
01-07 08:38:59.764     0     0 E [    4.269278 / 01-07 08:38:59.755][1] init: Could not start service 'qseecomd' as part of class 'core': File /system/vendor/bin/qseecomd(labeled "u:object_r:vendor_file:s0") has incorrect label or no domain transition from u:r:init:s0 to another SELinux domain defined. Have you configured your service correctly? https://source.android.com/security/selinux/device-policy#label_new_services_and_address_denials
01-07 08:38:59.764     0     0 E [    4.269459 / 01-07 08:38:59.755][1] init: Could not start service 'per_mgr' as part of class 'core': File /system/vendor/bin/pm-service(labeled "u:object_r:vendor_file:s0") has incorrect label or no domain transition from u:r:init:s0 to another SELinux domain defined. Have you configured your service correctly? https://source.android.com/security/selinux/device-policy#label_new_services_and_address_denials
01-07 08:38:59.764     0     0 E [    4.269649 / 01-07 08:38:59.755][1] init: Could not start service 'hwaddrs' as part of class 'core': File /system/bin/hwaddrs(labeled "u:object_r:system_file:s0") has incorrect label or no domain transition from u:r:init:s0 to another SELinux domain defined. Have you configured your service correctly? https://source.android.com/security/selinux/device-policy#label_new_services_and_address_denials
01-07 08:38:59.764     0     0 I [    4.269706 / 01-07 08:38:59.755][1] init: starting service 'lge-sensor-sh'...
01-07 08:38:59.764     0     0 F [    4.270614 / 01-07 08:38:59.755][0] init: cannot setexeccon('u:r:sensors:s0') for lge-sensor-sh: Invalid argument
01-07 08:38:59.764     0     0 I [    4.271012 / 01-07 08:38:59.755][1] init: starting service 'audioserver'...
01-07 08:38:59.798     0     0 I [    4.277976 / 01-07 08:38:59.763][1] init: starting service 'lmkd'...
01-07 08:38:59.798     0     0 I [    4.297538 / 01-07 08:38:59.783][1] init: starting service 'surfaceflinger'...
01-07 08:38:59.799     0     0 I [    4.298938 / 01-07 08:38:59.783][1] init: starting service 'thermalservice'...
01-07 08:38:59.816     0     0 I [    4.312011 / 01-07 08:38:59.799][1] init: Service 'lge-sensor-sh' (pid 470) exited with status 6
01-07 08:38:59.816     0     0 I [    4.312262 / 01-07 08:38:59.799][1] init: processing action (boot) from (/init.usb.rc:21)
01-07 08:38:59.816     0     0 I [    4.312656 / 01-07 08:38:59.799][1] init: processing action (persist.sys.usb.config=* && boot) from (/init.usb.rc:102)
01-07 08:38:59.816     0     0 I [    4.312734 / 01-07 08:38:59.799][1] init: processing action (boot) from (/init.qcom.rc:141)
01-07 08:38:59.816     0     0 I [    4.313159 / 01-07 08:38:59.799][1] init: Command 'start rmt_storage' action=boot (/init.qcom.rc:142) took 0ms and failed: Could not start service: File /system/vendor/bin/rmt_storage(labeled "u:object_r:vendor_file:s0") has incorrect label or no domain transition from u:r:init:s0 to another SELinux domain defined. Have you configured your service correctly? https://source.android.com/security/selinux/device-policy#label_new_services_and_address_denials
01-07 08:38:59.816     0     0 I [    4.313390 / 01-07 08:38:59.799][1] init: Command 'start rfs_access' action=boot (/init.qcom.rc:143) took 0ms and failed: Could not start service: File /system/vendor/bin/rfs_access(labeled "u:object_r:vendor_file:s0") has incorrect label or no domain transition from u:r:init:s0 to another SELinux domain defined. Have you configured your service correctly? https://source.android.com/security/selinux/device-policy#label_new_services_and_address_denials
01-07 08:38:59.816     0     0 I [    4.313946 / 01-07 08:38:59.799][1] msm_thermal: store_cc_enabled Core control disabled
01-07 08:38:59.816     0     0 I [    4.314476 / 01-07 08:38:59.799][1] init: Command 'write /sys/devices/system/cpu/cpu0/online 1' action=boot (/init.qcom.rc:147) took 0ms and failed: Unable to write to file '/sys/devices/system/cpu/cpu0/online': Unable to write file contents: Invalid argument
01-07 08:38:59.816     0     0 I [    4.314880 / 01-07 08:38:59.799][1] init: Command 'write /sys/devices/system/cpu/cpu1/online 1' action=boot (/init.qcom.rc:148) took 0ms and failed: Unable to write to file '/sys/devices/system/cpu/cpu1/online': Unable to write file contents: Invalid argument
01-07 08:38:59.816     0     0 I [    4.315173 / 01-07 08:38:59.799][1] msm_thermal: store_cc_enabled Core control enabled
01-07 08:38:59.841     0     0 I [    4.328624 / 01-07 08:38:59.815][1] sps: BAM 0x00000000fe104000 (va:0xffffff8002000000) enabled: ver:0x17, number of pipes:31
01-07 08:38:59.860     0     0 I         : [    4.330028 / 01-07 08:38:59.815][1] tomtom-slim tomtom-slim-pgd: Platform data from device tree
01-07 08:38:59.860     0     0 I         : [    4.330163 / 01-07 08:38:59.815][1] tomtom-slim tomtom-slim-pgd: cdc-vdd-buck: vol=[2150000 2150000]uV, curr=[650000]uA, ond 0
01-07 08:38:59.860     0     0 I         : [    4.330212 / 01-07 08:38:59.815][1] tomtom-slim tomtom-slim-pgd: cdc-vdd-tx-h: vol=[1800000 1800000]uV, curr=[25000]uA, ond 0
01-07 08:38:59.860     0     0 I         : [    4.330244 / 01-07 08:38:59.815][1] tomtom-slim tomtom-slim-pgd: cdc-vdd-rx-h: vol=[1800000 1800000]uV, curr=[25000]uA, ond 0
01-07 08:38:59.860     0     0 I         : [    4.330277 / 01-07 08:38:59.815][1] tomtom-slim tomtom-slim-pgd: cdc-vddpx-1: vol=[1800000 1800000]uV, curr=[10000]uA, ond 0
01-07 08:38:59.860     0     0 I         : [    4.330310 / 01-07 08:38:59.815][1] tomtom-slim tomtom-slim-pgd: cdc-vdd-a-1p2v: vol=[1200000 1200000]uV, curr=[2000]uA, ond 0
01-07 08:38:59.860     0     0 I         : [    4.330340 / 01-07 08:38:59.815][1] tomtom-slim tomtom-slim-pgd: cdc-vddcx-1: vol=[1200000 1200000]uV, curr=[33000]uA, ond 0
01-07 08:38:59.860     0     0 I         : [    4.330371 / 01-07 08:38:59.815][1] tomtom-slim tomtom-slim-pgd: cdc-vddcx-2: vol=[1200000 1200000]uV, curr=[33000]uA, ond 0
01-07 08:38:59.860     0     0 I         : [    4.330495 / 01-07 08:38:59.815][1] tomtom-slim tomtom-slim-pgd: wcd9xxx_validate_spkdrv_ocp_curr_limit: Invalid spkdrv_ocp_curr_limit = 4294967295
01-07 08:38:59.860     0     0 E [    4.330518 / 01-07 08:38:59.815][1] extcodec_get_pinctrl: Unable to get pinctrl handle
01-07 08:38:59.860     0     0 E [    4.357312 / 01-07 08:38:59.843][1] init: Failed to bind socket 'pdx/system/vr/display/client': No such file or directory
01-07 08:38:59.860     0     0 E [    4.357686 / 01-07 08:38:59.843][1] init: Failed to bind socket 'pdx/system/vr/display/manager': No such file or directory
01-07 08:38:59.860     0     0 E [    4.358020 / 01-07 08:38:59.843][1] init: Failed to bind socket 'pdx/system/vr/display/vsync': No such file or directory
01-07 08:38:59.864     0     0 E [    4.369482 / 01-07 08:38:59.855][1] init: Init cannot set 'ro.telephony.call_ring.multiple' to 'false': Read-only property was already set
01-07 08:38:59.864     0     0 I [    4.369717 / 01-07 08:38:59.855][1] init: Command 'chmod 0755 /system/bin/ip' action=boot (/init.qcom.rc:214) took 0ms and failed: fchmodat() failed: Read-only file system
01-07 08:38:59.875     0     0 I [    4.328642 / 01-07 08:38:59.867][1] sps: BAM 0x00000000fe104000 is registered.
01-07 08:38:59.876     0     0 I [    4.380171 / 01-07 08:38:59.867][1] slimbus: 1 laddr:0xcd, EAPC:0x1:0x30
01-07 08:38:59.876     0     0 I         : [    4.380351 / 01-07 08:38:59.867][1] tomtom-slim tomtom-slim-pgd: wcd9xxx_slim_device_up: slim device up
01-07 08:38:59.881     0     0 I [    4.385457 / 01-07 08:38:59.871][1] init: Created socket '/dev/socket/lmkd', mode 660, user 1000, group 1000
01-07 08:38:59.881     0     0 I [    4.380949 / 01-07 08:38:59.871][1] slimbus: 1 laddr:0xcc, EAPC:0x0:0x30
01-07 08:38:59.881     0     0 I         : [    4.386477 / 01-07 08:38:59.871][1] tomtom-slim tomtom-slim-pgd: wcd9xxx_check_codec_type: detected tomtom_codec, major 0x105, minor 0x1, ver 0x2
01-07 08:38:59.881     0     0 I [    4.386501 / 01-07 08:38:59.871][1] wcd9xxx_core_res_init: num_irqs = 32, num_irq_regs = 4
