kessaras@titan:~/Λήψεις$ adb shell "stop audioserver; logcat -c -b all; start audioserver" && sleep 10 && adb logcat -b all  | egrep -vi "(dialer|telecom|ril|gsm|touch|brightn|dct|QC-time-services|SST|sensors|AlarmMan|Lights|perfp)"
--------- beginning of main
05-15 17:00:12.643   866  2202 E AudioService: Audioserver died.
05-15 17:00:12.797  5923  5937 I zygote64: Background concurrent copying GC freed 166795(7MB) AllocSpace objects, 47(3MB) LOS objects, 50% free, 12MB/24MB, paused 130us total 203.388ms
05-15 17:00:13.142   866   866 I ServiceManager: Waiting for service media.audio_policy...
05-15 17:00:13.142   570   772 I ServiceManager: Waiting for service media.audio_flinger...
05-15 17:00:13.144   866  2202 E AudioService: Audioserver died.
05-15 17:00:13.280  8436  8436 I tron.oc.mrc.rt: type=1400 audit(0.0:321): avc: denied { sendto } for path="/dev/socket/seempdw" scontext=u:r:priv_app:s0:c512,c768 tcontext=u:r:per_mgr:s0 tclass=unix_dgram_socket permissive=1
05-15 17:00:13.648   866  2202 E AudioService: Audioserver died.
05-15 17:00:14.145   866   866 I ServiceManager: Waiting for service media.audio_policy...
05-15 17:00:14.146   570   772 I ServiceManager: Waiting for service media.audio_flinger...
05-15 17:00:14.150   866  2202 E AudioService: Audioserver died.
--------- beginning of kernel
05-15 17:00:14.438     0     0 I [ 2696.484607 / 05-15 17:00:14.432][1] init: starting service 'audioserver'...
05-15 17:00:14.444     0     0 E [ 2696.489062 / 05-15 17:00:14.436][3] init: property_set("ro.boottime.audioserver", "6227556558272") failed: property already set
05-15 17:00:14.450     0     0 I [ 2696.494029 / 05-15 17:00:14.440][0] audioserver[14645]: syscall 384
05-15 17:00:14.451     0     0 W [ 2696.494088 / 05-15 17:00:14.440][0] Code: e1a01002 e1a02003 e89c0078 ef000000 (e8bd00f0)
05-15 17:00:14.451     0     0 W [ 2696.494128 / 05-15 17:00:14.440][0] CPU: 0 PID: 14645 Comm: audioserver Not tainted 3.10.108-g7af4250 #19
05-15 17:00:14.451     0     0 W         : [ 2696.494156 / 05-15 17:00:14.440][0] Hardware name: Qualcomm Technologies, Inc. MSM8992 P1 GLOBAL COM (DT)
05-15 17:00:14.451     0     0 W [ 2696.494189 / 05-15 17:00:14.440][0] task: ffffffc098e54000 ti: ffffffc086e38000 task.ti: ffffffc086e38000
05-15 17:00:14.451     0     0 W         : [ 2696.494222 / 05-15 17:00:14.440][0] PC is at 0xe7d583f4
05-15 17:00:14.451     0     0 W         : [ 2696.494247 / 05-15 17:00:14.440][0] LR is at 0xe7d6907d
05-15 17:00:14.451     0     0 W [ 2696.494276 / 05-15 17:00:14.440][0] pc: [<00000000e7d583f4>] lr : [<00000000e7d6907d>] pstate: 00000010
05-15 17:00:14.451     0     0 W [ 2696.494300 / 05-15 17:00:14.440][0] sp: 00000000ffe11498
05-15 17:00:14.451     0     0 W [ 2696.494326 / 05-15 17:00:14.440][0] x12: 00000000ffe114a8
05-15 17:00:14.451     0     0 W [ 2696.494349 / 05-15 17:00:14.440][0] x11: 0000000000000000 x10: 0000000000000000
05-15 17:00:14.451     0     0 W [ 2696.494374 / 05-15 17:00:14.440][0] x9: 0000000000000000 x8 : 0000000000000000
05-15 17:00:14.451     0     0 W [ 2696.494400 / 05-15 17:00:14.440][0] x7: 0000000000000180 x6 : 0000000000000000
05-15 17:00:14.451     0     0 W [ 2696.494425 / 05-15 17:00:14.440][0] x5: 0000000000000000 x4 : 0000000000000000
05-15 17:00:14.451     0     0 W [ 2696.494450 / 05-15 17:00:14.440][0] x3: 0000000000000000 x2 : 0000000000000001
05-15 17:00:14.451     0     0 W [ 2696.494475 / 05-15 17:00:14.440][0] x1: 0000000000000028 x0 : 00000000ffe11540
05-15 17:00:14.452     0     0 W         : [ 2696.494500 / 05-15 17:00:14.440][0]
05-15 17:00:14.654   866  2202 E AudioService: Audioserver died.
05-15 17:00:14.686     0     0 I [ 2696.733381 / 05-15 17:00:14.680][4] audioserver[14645]: syscall 384
05-15 17:00:14.686     0     0 W [ 2696.733405 / 05-15 17:00:14.680][4] Code: e1a01002 e1a02003 e89c0078 ef000000 (e8bd00f0)
05-15 17:00:14.686     0     0 W [ 2696.733421 / 05-15 17:00:14.680][4] CPU: 4 PID: 14645 Comm: audioserver Not tainted 3.10.108-g7af4250 #19
05-15 17:00:14.687     0     0 W         : [ 2696.733431 / 05-15 17:00:14.680][4] Hardware name: Qualcomm Technologies, Inc. MSM8992 P1 GLOBAL COM (DT)
05-15 17:00:14.687     0     0 W [ 2696.733441 / 05-15 17:00:14.680][4] task: ffffffc098e54000 ti: ffffffc086e38000 task.ti: ffffffc086e38000
05-15 17:00:14.687     0     0 W         : [ 2696.733452 / 05-15 17:00:14.680][4] PC is at 0xe6129ccc
05-15 17:00:14.687     0     0 W         : [ 2696.733458 / 05-15 17:00:14.680][4] LR is at 0xe6128f55
05-15 17:00:14.687     0     0 W [ 2696.733466 / 05-15 17:00:14.680][4] pc: [<00000000e6129ccc>] lr : [<00000000e6128f55>] pstate: 000f0010
05-15 17:00:14.687     0     0 W [ 2696.733473 / 05-15 17:00:14.680][4] sp: 00000000ffe112f0
05-15 17:00:14.687     0     0 W [ 2696.733480 / 05-15 17:00:14.680][4] x12: 00000000ffe11300
05-15 17:00:14.687     0     0 W [ 2696.733491 / 05-15 17:00:14.680][4] x11: 0000000000000000 x10: 00000000e7ced010
05-15 17:00:14.687     0     0 W [ 2696.733500 / 05-15 17:00:14.680][4] x9: 0000000000000000 x8 : 00000000e7d0da40
05-15 17:00:14.687     0     0 W [ 2696.733509 / 05-15 17:00:14.680][4] x7: 0000000000000180 x6 : 0000000000000000
05-15 17:00:14.687     0     0 W [ 2696.733518 / 05-15 17:00:14.680][4] x5: 00000000e6000100 x4 : 00000000e61a38e8
05-15 17:00:14.687     0     0 W [ 2696.733526 / 05-15 17:00:14.680][4] x3: 0000000000000000 x2 : 0000000000000001
05-15 17:00:14.687     0     0 W [ 2696.733534 / 05-15 17:00:14.680][4] x1: 0000000000000028 x0 : 00000000ffe11398
05-15 17:00:14.687     0     0 W         : [ 2696.733543 / 05-15 17:00:14.680][4]
05-15 17:00:14.689 14645 14645 I FastMixerState: sMaxFastTracks = 8
05-15 17:00:14.697 14645 14645 I audioserver: ServiceManager: 0xe5f98940
05-15 17:00:14.705 14645 14645 D vndksupport: Loading /odm/lib/hw/android.hardware.audio@2.0-impl.so from current namespace instead of sphal namespace.
05-15 17:00:14.716 14645 14645 D vndksupport: Loading /odm/lib/hw/android.hardware.audio.effect@2.0-impl.so from current namespace instead of sphal namespace.
05-15 17:00:14.722 14645 14645 I AudioFlinger: Using default 3000 mSec as standby time.
05-15 17:00:14.756 14645 14645 D audio_hw_primary: adev_open: enter
05-15 17:00:14.780 14645 14645 W hardware_info: update_hardware_info_8994: Not an 8994 device
05-15 17:00:15.148   866   866 I ServiceManager: Waiting for service media.audio_policy...
05-15 17:00:15.156   866  2202 E AudioService: Audioserver started.
05-15 17:00:15.574     0     0 E         : [ 2697.618815 / 05-15 17:00:15.568][4] msm_qti_pp_get_rms_value_control, back not active to query rms be_idx:3
05-15 17:00:15.574     0     0 E         : [ 2697.623033 / 05-15 17:00:15.572][4] msm_pcm_volume_ctl_get substream runtime not found
05-15 17:00:15.578     0     0 E         : [ 2697.623170 / 05-15 17:00:15.572][4] msm_pcm_volume_ctl_get substream runtime not found
05-15 17:00:15.578     0     0 E         : [ 2697.623297 / 05-15 17:00:15.572][4] msm_pcm_volume_ctl_get substream runtime not found
05-15 17:00:15.578     0     0 E [ 2697.623394 / 05-15 17:00:15.572][4] msm_compr_audio_effects_config_get: stream or effects inactive
05-15 17:00:15.578     0     0 E         : [ 2697.623704 / 05-15 17:00:15.572][4] msm_pcm_volume_ctl_get substream runtime not found
05-15 17:00:15.579     0     0 E [ 2697.623798 / 05-15 17:00:15.572][4] msm_compr_audio_effects_config_get: stream or effects inactive
05-15 17:00:15.579     0     0 E [ 2697.624051 / 05-15 17:00:15.572][4] msm_compr_audio_effects_config_get: stream or effects inactive
05-15 17:00:15.579     0     0 E [ 2697.624314 / 05-15 17:00:15.572][4] msm_compr_audio_effects_config_get: stream or effects inactive
05-15 17:00:15.579     0     0 E         : [ 2697.624667 / 05-15 17:00:15.572][4] msm_pcm_volume_ctl_get substream runtime not found
05-15 17:00:15.579     0     0 E [ 2697.624763 / 05-15 17:00:15.572][4] msm_compr_audio_effects_config_get: stream or effects inactive
05-15 17:00:15.579     0     0 E [ 2697.625024 / 05-15 17:00:15.572][4] msm_compr_audio_effects_config_get: stream or effects inactive
05-15 17:00:15.579     0     0 E [ 2697.625283 / 05-15 17:00:15.572][4] msm_compr_audio_effects_config_get: stream or effects inactive
05-15 17:00:15.579     0     0 E [ 2697.625545 / 05-15 17:00:15.572][4] msm_compr_audio_effects_config_get: stream or effects inactive
05-15 17:00:15.579     0     0 E [ 2697.625814 / 05-15 17:00:15.572][4] msm_compr_audio_effects_config_get: stream or effects inactive
05-15 17:00:15.579     0     0 E [ 2697.626084 / 05-15 17:00:15.572][4] msm_compr_audio_effects_config_get: stream or effects inactive
05-15 17:00:15.579     0     0 E         : [ 2697.626413 / 05-15 17:00:15.572][4] msm_pcm_volume_ctl_get substream runtime not found
05-15 17:00:15.579     0     0 E         : [ 2697.627410 / 05-15 17:00:15.576][4] msm_pcm_volume_ctl_get substream runtime not found
05-15 17:00:15.579     0     0 E         : [ 2697.627653 / 05-15 17:00:15.576][4] msm_pcm_volume_ctl_get substream runtime not found
05-15 17:00:15.579     0     0 E         : [ 2697.627804 / 05-15 17:00:15.576][4] msm_pcm_volume_ctl_get substream runtime not found
05-15 17:00:15.579     0     0 E         : [ 2697.627949 / 05-15 17:00:15.576][4] msm_pcm_volume_ctl_get substream runtime not found
05-15 17:00:15.579     0     0 E         : [ 2697.628093 / 05-15 17:00:15.576][4] msm_pcm_volume_ctl_get substream runtime not found
05-15 17:00:15.580     0     0 E         : [ 2697.628243 / 05-15 17:00:15.576][4] msm_pcm_volume_ctl_get substream runtime not found
05-15 17:00:15.580     0     0 E         : [ 2697.628388 / 05-15 17:00:15.576][4] msm_pcm_volume_ctl_get substream runtime not found
05-15 17:00:15.580     0     0 E         : [ 2697.628544 / 05-15 17:00:15.576][4] msm_pcm_volume_ctl_get substream runtime not found
05-15 17:00:15.580     0     0 E         : [ 2697.628694 / 05-15 17:00:15.576][4] msm_pcm_volume_ctl_get substream runtime not found
05-15 17:00:15.580     0     0 E         : [ 2697.628916 / 05-15 17:00:15.576][4] msm_pcm_volume_ctl_get substream runtime not found
05-15 17:00:15.580     0     0 E         : [ 2697.629080 / 05-15 17:00:15.576][4] msm_pcm_volume_ctl_get substream runtime not found
05-15 17:00:15.582     0     0 E         : [ 2697.629230 / 05-15 17:00:15.576][4] msm_pcm_volume_ctl_get substream runtime not found
05-15 17:00:15.582     0     0 E         : [ 2697.629382 / 05-15 17:00:15.576][4] msm_pcm_volume_ctl_get substream runtime not found
05-15 17:00:15.582     0     0 E         : [ 2697.629534 / 05-15 17:00:15.576][4] msm_pcm_volume_ctl_get substream runtime not found
05-15 17:00:15.597 14645 14645 D msm8974_platform: platform_init: Opened sound card:0
05-15 17:00:15.601 14645 14645 D ACDB-LOADER: ACDB -> Prop Load file: /etc/acdbdata/Bluetooth_cal.acdb
05-15 17:00:15.601 14645 14645 D ACDB-LOADER: ACDB -> Prop Load file: /etc/acdbdata/General_cal.acdb
05-15 17:00:15.601 14645 14645 D ACDB-LOADER: ACDB -> Prop Load file: /etc/acdbdata/Global_cal.acdb
05-15 17:00:15.601 14645 14645 D ACDB-LOADER: ACDB -> Prop Load file: /etc/acdbdata/Handset_cal.acdb
05-15 17:00:15.601 14645 14645 D ACDB-LOADER: ACDB -> Prop Load file: /etc/acdbdata/Hdmi_cal.acdb
05-15 17:00:15.601 14645 14645 D ACDB-LOADER: ACDB -> Prop Load file: /etc/acdbdata/Headset_cal.acdb
05-15 17:00:15.601 14645 14645 D ACDB-LOADER: ACDB -> Prop Load file: /etc/acdbdata/Speaker_cal.acdb
05-15 17:00:15.601 14645 14645 D ACDB-LOADER: ACDB -> ACDB_CMD_INITIALIZE_V2
05-15 17:00:15.601 14645 14645 D         : [ACDB Command]->SW Minor/Major/Revision version info for /etc/acdbdata/Bluetooth_cal.acdb
05-15 17:00:15.601 14645 14645 D         : [ACDB Command]->ACDB Sw Major = 5, ACDB Sw Minor = 0, ACDB Sw Revision = 4
05-15 17:00:15.601 14645 14645 D         : [ACDB Command]->ACDB File Major = 5, ACDB File Minor = 1, ACDB File Revision = 0
05-15 17:00:15.602 14645 14645 D         : [AcdbIsDeltaFileAvailable] failed to open delta file /data/misc/audio/acdbdata/delta/Bluetooth_cal.acdbdelta
05-15 17:00:15.602 14645 14645 D         : [ACDB Command]->SW Minor/Major/Revision version info for /etc/acdbdata/General_cal.acdb
05-15 17:00:15.602 14645 14645 D         : [ACDB Command]->ACDB Sw Major = 5, ACDB Sw Minor = 0, ACDB Sw Revision = 4
05-15 17:00:15.602 14645 14645 D         : [ACDB Command]->ACDB File Major = 5, ACDB File Minor = 1, ACDB File Revision = 0
05-15 17:00:15.602 14645 14645 D         : [AcdbIsDeltaFileAvailable] failed to open delta file /data/misc/audio/acdbdata/delta/General_cal.acdbdelta
05-15 17:00:15.602 14645 14645 D         : [ACDB Command]->SW Minor/Major/Revision version info for /etc/acdbdata/Global_cal.acdb
05-15 17:00:15.602 14645 14645 D         : [ACDB Command]->ACDB Sw Major = 5, ACDB Sw Minor = 0, ACDB Sw Revision = 4
05-15 17:00:15.602 14645 14645 D         : [ACDB Command]->ACDB File Major = 5, ACDB File Minor = 1, ACDB File Revision = 0
05-15 17:00:15.602 14645 14645 D         : [AcdbIsDeltaFileAvailable] failed to open delta file /data/misc/audio/acdbdata/delta/Global_cal.acdbdelta
05-15 17:00:15.603 14645 14645 D         : [ACDB Command]->SW Minor/Major/Revision version info for /etc/acdbdata/Handset_cal.acdb
05-15 17:00:15.604 14645 14645 D         : [ACDB Command]->ACDB Sw Major = 5, ACDB Sw Minor = 0, ACDB Sw Revision = 4
05-15 17:00:15.604 14645 14645 D         : [ACDB Command]->ACDB File Major = 5, ACDB File Minor = 1, ACDB File Revision = 0
05-15 17:00:15.604 14645 14645 D         : [AcdbIsDeltaFileAvailable] failed to open delta file /data/misc/audio/acdbdata/delta/Handset_cal.acdbdelta
05-15 17:00:15.604 14645 14645 D         : [ACDB Command]->SW Minor/Major/Revision version info for /etc/acdbdata/Hdmi_cal.acdb
05-15 17:00:15.604 14645 14645 D         : [ACDB Command]->ACDB Sw Major = 5, ACDB Sw Minor = 0, ACDB Sw Revision = 4
05-15 17:00:15.604 14645 14645 D         : [ACDB Command]->ACDB File Major = 5, ACDB File Minor = 1, ACDB File Revision = 0
05-15 17:00:15.604 14645 14645 D         : [AcdbIsDeltaFileAvailable] failed to open delta file /data/misc/audio/acdbdata/delta/Hdmi_cal.acdbdelta
05-15 17:00:15.604 14645 14645 D         : [ACDB Command]->SW Minor/Major/Revision version info for /etc/acdbdata/Headset_cal.acdb
05-15 17:00:15.605 14645 14645 D         : [ACDB Command]->ACDB Sw Major = 5, ACDB Sw Minor = 0, ACDB Sw Revision = 4
05-15 17:00:15.605 14645 14645 D         : [ACDB Command]->ACDB File Major = 5, ACDB File Minor = 1, ACDB File Revision = 0
05-15 17:00:15.605 14645 14645 D         : [AcdbIsDeltaFileAvailable] failed to open delta file /data/misc/audio/acdbdata/delta/Headset_cal.acdbdelta
05-15 17:00:15.606 14645 14645 D         : [ACDB Command]->SW Minor/Major/Revision version info for /etc/acdbdata/Speaker_cal.acdb
05-15 17:00:15.606 14645 14645 D         : [ACDB Command]->ACDB Sw Major = 5, ACDB Sw Minor = 0, ACDB Sw Revision = 4
05-15 17:00:15.606 14645 14645 D         : [ACDB Command]->ACDB File Major = 5, ACDB File Minor = 1, ACDB File Revision = 0
05-15 17:00:15.606 14645 14645 D         : [AcdbIsDeltaFileAvailable] failed to open delta file /data/misc/audio/acdbdata/delta/Speaker_cal.acdbdelta
05-15 17:00:15.606 14645 14645 D ACDB-LOADER: ACDB -> ACPH INIT
05-15 17:00:15.606 14645 14645 D         : [ACPH]->Online service registered with ACPH
05-15 17:00:15.606 14645 14645 E Diag_Lib:  Diag_LSM_Init: Failed to open handle to diag driver, error = 13
05-15 17:00:15.606 14645 14645 E Diag_Lib:  diagpkt_tbl_reg: Registration failed.
05-15 17:00:15.606 14645 14645 D         : [ACPH]->ACPH init success
05-15 17:00:15.606 14645 14645 D ACDB-LOADER: ACDB -> RTAC INIT
05-15 17:00:15.606 14645 14645 D         : [ACPH]->DSP RTC service registered with ACPH
05-15 17:00:15.606 14645 14645 D ACDB-LOADER: ACDB -> MCS, FTS INIT
05-15 17:00:15.606 14645 14645 D         : [ACPH]->MCS RTC service registered with ACPH
05-15 17:00:15.606 14645 14645 D         : [ACPH]->FTS RTC service registered with ACPH
05-15 17:00:15.606 14645 14645 D ACDB-LOADER: ACDB -> ADIE RTAC INIT
05-15 17:00:15.606 14645 14645 D         : [ACPH]->ADIE RTC service registered with ACPH
05-15 17:00:15.606 14645 14645 D ACDB-LOADER: ACDB -> ACDB_CMD_GET_VOC_PROC_DYNAMIC_TABLE_SIZE
05-15 17:00:15.607 14645 14645 D ACDB-LOADER: ACDB -> send_meta_info, lic 0
05-15 17:00:15.607 14645 14645 D         : Couldnt find the key 00000000 
05-15 17:00:15.607 14645 14645 D         : Output from GetMetaInfoSize command : 0
05-15 17:00:15.625 14645 14645 D ACDB-LOADER: ACDB -> send_adm_custom_topology
05-15 17:00:15.625 14645 14645 D ACDB-LOADER: ACDB -> ACDB_CMD_GET_AUDIO_COPP_TOPOLOGIES
05-15 17:00:15.626 14645 14645 D ACDB-LOADER: ACDB -> AUDIO_SET_ADM_CUSTOM_TOPOLOGY
05-15 17:00:15.626 14645 14645 D ACDB-LOADER: ACDB -> send_asm_custom_topology
05-15 17:00:15.626 14645 14645 D ACDB-LOADER: ACDB -> ACDB_CMD_GET_AUDIO_POPP_TOPOLOGIES
05-15 17:00:15.626 14645 14645 D ACDB-LOADER: ACDB -> AUDIO_SET_ASM_CUSTOM_TOPOLOGY
05-15 17:00:15.626 14645 14645 D ACDB-LOADER: ACDB -> send_meta_info Enter
05-15 17:00:15.626 14645 14645 E ACDB-LOADER: Fail to allocate memory for metainfo
05-15 17:00:15.626 14645 14645 D ACDB-LOADER: ACDB -> send_meta_info failed
05-15 17:00:15.626 14645 14645 D ACDB-LOADER: ACDB -> init done!
05-15 17:00:15.627 14645 14645 D msm8974_platform: platform_init: Fluence_Type(1) max_mic_count(2) mic_type(0x3) fluence_in_voice_call(1) fluence_in_voice_rec(0) fluence_in_spkr_mode(1) 
05-15 17:00:15.628 14645 14645 E DAP_HAL : dap_hal_set_hw_info: dmid=0
05-15 17:00:15.628 14645 14645 E DAP_HAL :  key 00x
05-15 17:00:15.628 14645 14645 D msm8974_platform: hw_util_open Opening device /dev/snd/hwC0D1000
05-15 17:00:15.628 14645 14645 D msm8974_platform: hw_util_open success
05-15 17:00:15.628 14645 14645 D ACDB-LOADER: ACDB -> ACDB_CMD_GET_ANC_SETTING
05-15 17:00:15.628 14645 14645 D         : Failed to fetch the lookup information of the device 0000001A 
05-15 17:00:15.628 14645 14645 E ACDB-LOADER: Error: ACDB ANC returned = -1
05-15 17:00:15.628 14645 14645 D ACDB-LOADER: ACDB -> ACDB_CMD_GET_ANC_SETTING
05-15 17:00:15.628 14645 14645 D         : Failed to fetch the lookup information of the device 0000001B 
05-15 17:00:15.628 14645 14645 E ACDB-LOADER: Error: ACDB ANC returned = -1
05-15 17:00:15.628 14645 14645 D ACDB-LOADER: ACDB -> ACDB_CMD_GET_ANC_SETTING
05-15 17:00:15.628 14645 14645 D         : Failed to fetch the lookup information of the device 0000001C 
05-15 17:00:15.628 14645 14645 E ACDB-LOADER: Error: ACDB ANC returned = -1
05-15 17:00:15.628 14645 14645 D ACDB-LOADER: ACDB -> ACDB_CMD_GET_ANC_SETTING
05-15 17:00:15.628 14645 14645 D         : Failed to fetch the lookup information of the device 0000001D 
05-15 17:00:15.628 14645 14645 E ACDB-LOADER: Error: ACDB ANC returned = -1
05-15 17:00:15.628 14645 14645 D ACDB-LOADER: ACDB -> ACDB_CMD_GET_ANC_SETTING
05-15 17:00:15.628 14645 14645 D         : Failed to fetch the lookup information of the device 0000001E 
05-15 17:00:15.628 14645 14645 E ACDB-LOADER: Error: ACDB ANC returned = -1
05-15 17:00:15.628 14645 14645 D ACDB-LOADER: ACDB -> ACDB_CMD_GET_ANC_SETTING
05-15 17:00:15.628 14645 14645 D         : Failed to fetch the lookup information of the device 0000001F 
05-15 17:00:15.628 14645 14645 E ACDB-LOADER: Error: ACDB ANC returned = -1
05-15 17:00:15.628 14645 14645 D ACDB-LOADER: ACDB -> ACDB_CMD_GET_ANC_SETTING
05-15 17:00:15.628 14645 14645 D         : Failed to fetch the lookup information of the device 00000067 
05-15 17:00:15.628 14645 14645 E ACDB-LOADER: Error: ACDB ANC returned = -1
05-15 17:00:15.628 14645 14645 D ACDB-LOADER: ACDB -> ACDB_CMD_GET_ANC_SETTING
05-15 17:00:15.628 14645 14645 D         : Failed to fetch the lookup information of the device 00000056 
05-15 17:00:15.628 14645 14645 E ACDB-LOADER: Error: ACDB ANC returned = -1
05-15 17:00:15.628 14645 14645 D ACDB-LOADER: ACDB -> ACDB_CMD_GET_ANC_SETTING
05-15 17:00:15.628 14645 14645 D         : Failed to fetch the lookup information of the device 00000059 
05-15 17:00:15.628 14645 14645 E ACDB-LOADER: Error: ACDB ANC returned = -1
05-15 17:00:15.628 14645 14645 D msm8974_platform: send_codec_cal cal sent for anc_cal
05-15 17:00:15.628 14645 14645 E ACDB-LOADER: ACDB -> send_codec_cal
05-15 17:00:15.628 14645 14645 E ACDB-LOADER: ACDB -> ACDB_CMD_GET_CODEC_CAL_DATA
05-15 17:00:15.628 14645 14645 D msm8974_platform: send_codec_cal cal sent for mad_cal
05-15 17:00:15.628 14645 14645 D ACDB-LOADER: send mbhc data
05-15 17:00:15.628 14645 14645 D ACDB-LOADER: ACDB -> MBHC ACDB_PID_GENERAL_CONFIG
05-15 17:00:15.628 14645 14645 D ACDB-LOADER: ACDB -> MBHC ACDB_PID_PLUG_REMOVAL_DETECTION
05-15 17:00:15.628 14645 14645 D ACDB-LOADER: ACDB -> MBHC ACDB_PID_PLUG_TYPE_DETECTION
05-15 17:00:15.628 14645 14645 D ACDB-LOADER: ACDB -> MBHC ACDB_PID_BUTTON_PRESS_DETECTION
05-15 17:00:15.628 14645 14645 D ACDB-LOADER: ACDB -> MBHC ACDB_PID_IMPEDANCE_DETECTION
05-15 17:00:15.628 14645 14645 D msm8974_platform: send_codec_cal cal sent for mbhc_cal
05-15 17:00:15.630 14645 14645 D vndksupport: Loading /odm/lib/hw/audio_amplifier.default.so from current namespace instead of sphal namespace.
05-15 17:00:15.632 14645 14645 E audio_hw_extn: audio_extn_perf_lock_init: Perf lock handles Success 
05-15 17:00:15.632 14645 14645 W DeviceHAL: Device 0xe5fe3c80 get_master_volume: Function not implemented
05-15 17:00:15.632 14645 14645 W DeviceHAL: Device 0xe5fe3c80 get_master_mute: Function not implemented
05-15 17:00:15.632 14645 14645 W DeviceHAL: Device 0xe5fe3c80 set_master_volume: Function not implemented
05-15 17:00:15.632 14645 14645 W DeviceHAL: Device 0xe5fe3c80 set_master_mute: Function not implemented
05-15 17:00:15.632 14645 14645 I AudioFlinger: loadHwModule() Loaded primary audio interface, handle 10
05-15 17:00:15.632 14645 14645 I AudioFlinger: openOutput() this 0xe5fbd000, module 10 Device 2, SamplingRate 48000, Format 0x000001, Channels 3, flags 2
05-15 17:00:15.634 14645 14645 D audio_hw_primary: adev_open_output_stream: enter: sample_rate(48000) channel_mask(0x3) devices(0x2) flags(0x2)        stream_handle(0xe5726180)
05-15 17:00:15.634 14645 14645 D audio_hw_primary: adev_open_output_stream: Stream (0xe5726180) picks up usecase (deep-buffer-playback)
05-15 17:00:15.640 14645 14645 I AudioFlinger: HAL output buffer size 960 frames, normal sink buffer size 960 frames
05-15 17:00:15.642 14645 14656 D PermissionCache: checking android.permission.MODIFY_AUDIO_SETTINGS for uid=1000 => granted (2699 us)
05-15 17:00:15.644 14645 14645 D vndksupport: Loading /odm/lib/hw/android.hardware.audio.effect@2.0-impl.so from current namespace instead of sphal namespace.
05-15 17:00:15.646 14645 14645 E EffectsConfig: Failed to parse /vendor/etc/audio_effects.xml: Tinyxml2 error (3): /vendor/etc/audio_effects.xml (null)
05-15 17:00:15.646 14645 14645 E EffectsFactoryConfigLoader: Failed to parse XML configuration file
05-15 17:00:15.646 14645 14645 W EffectsFactory: Failed to load XML effect configuration, fallback to .conf
05-15 17:00:15.647 14645 14645 W EffectsFactoryConfigLoader: checkLibraryPath() corrected library path /vendor/lib/soundfx/libbundlewrapper.so to /odm/lib/soundfx/libbundlewrapper.so
05-15 17:00:15.648 14645 14645 W EffectsFactoryConfigLoader: checkLibraryPath() corrected library path /vendor/lib/soundfx/libreverbwrapper.so to /odm/lib/soundfx/libreverbwrapper.so
05-15 17:00:15.648 14645 14645 W EffectsFactoryConfigLoader: checkLibraryPath() corrected library path /vendor/lib/soundfx/libqcbassboost.so to /odm/lib/soundfx/libqcbassboost.so
05-15 17:00:15.649 14645 14645 W EffectsFactoryConfigLoader: checkLibraryPath() corrected library path /vendor/lib/soundfx/libqcvirt.so to /odm/lib/soundfx/libqcvirt.so
05-15 17:00:15.649 14645 14645 W EffectsFactoryConfigLoader: checkLibraryPath() corrected library path /vendor/lib/soundfx/libqcreverb.so to /odm/lib/soundfx/libqcreverb.so
05-15 17:00:15.650 14645 14645 W EffectsFactoryConfigLoader: checkLibraryPath() corrected library path /vendor/lib/soundfx/libvisualizer.so to /odm/lib/soundfx/libvisualizer.so
05-15 17:00:15.651 14645 14645 W EffectsFactoryConfigLoader: checkLibraryPath() corrected library path /vendor/lib/soundfx/libqcomvisualizer.so to /system/lib/soundfx/libqcomvisualizer.so
05-15 17:00:15.651 14645 14645 W EffectsFactoryConfigLoader: checkLibraryPath() corrected library path /vendor/lib/soundfx/libdownmix.so to /odm/lib/soundfx/libdownmix.so
05-15 17:00:15.651 14645 14645 W EffectsFactoryConfigLoader: checkLibraryPath() corrected library path /vendor/lib/soundfx/libldnhncr.so to /odm/lib/soundfx/libldnhncr.so
05-15 17:00:15.652 14645 14645 W EffectsFactoryConfigLoader: checkLibraryPath() corrected library path /vendor/lib/soundfx/libeffectproxy.so to /odm/lib/soundfx/libeffectproxy.so
05-15 17:00:15.652 14645 14645 W EffectsFactoryConfigLoader: checkLibraryPath() corrected library path /vendor/lib/soundfx/libqcompostprocbundle.so to /system/lib/soundfx/libqcompostprocbundle.so
05-15 17:00:15.653 14645 14645 W EffectsFactoryConfigLoader: checkLibraryPath() corrected library path /vendor/lib/soundfx/libqcomvoiceprocessing.so to /system/lib/soundfx/libqcomvoiceprocessing.so
05-15 17:00:15.654 14645 14645 W EffectsFactoryConfigLoader: Error querying effect 7d1580bd-297f-4683-9239-e475b6d1d69f on lib offload_bundle
05-15 17:00:15.654 14645 14645 W EffectsFactoryConfigLoader: Error querying effect 0f8d0d2a-59e5-45fe-b6e4-248c8a799109 on lib audio_pre_processing
05-15 17:00:15.654 14645 14645 W EffectsFactoryConfigLoader: Error querying effect 1d97bb0b-9e2f-4403-9ae3-58c2554306f8 on lib audio_pre_processing
05-15 17:00:15.654 14645 14645 I BufferProvider: found effect "Multichannel Downmix To Stereo" from The Android Open Source Project
05-15 17:00:15.655 14645 14645 I AudioFlinger: Using module 10 as the primary audio interface
05-15 17:00:15.655 14645 14660 I AudioFlinger: AudioFlinger's thread 0xe47830c0 tid=14660 ready to run
05-15 17:00:15.656 14645 14660 W AudioFlinger: no wake lock to update, system not ready yet
05-15 17:00:15.656 14645 14655 D audio_hw_extn: audio_extn_get_parameters: returns 
05-15 17:00:15.656 14645 14660 D audio_hw_primary: out_standby: enter: stream (0xe5726180) usecase(0: deep-buffer-playback)
05-15 17:00:15.657 14645 14656 D audio_hw_primary: adev_set_parameters: enter: restarting=true
05-15 17:00:15.658 14645 14653 D audio_hw_extn: audio_extn_get_parameters: returns 
05-15 17:00:15.659 14645 14645 W AudioFlinger: moveEffects() bad srcOutput 0
05-15 17:00:15.660 14645 14660 W AudioFlinger: no wake lock to update, system not ready yet
05-15 17:00:15.661 14645 14660 D audio_hw_primary: out_set_parameters: enter: usecase(0: deep-buffer-playback) kvpairs: routing=2
05-15 17:00:15.662 14645 14655 D audio_hw_extn: audio_extn_get_parameters: returns 
05-15 17:00:15.673 14645 14645 W APM_AudioPolicyManager: Output profile contains no device on module primary
05-15 17:00:15.673 14645 14645 I AudioFlinger: openOutput() this 0xe5fbd000, module 10 Device 2, SamplingRate 48000, Format 0x000001, Channels 3, flags 8
05-15 17:00:15.673 14645 14645 D audio_hw_primary: adev_open_output_stream: enter: sample_rate(48000) channel_mask(0x3) devices(0x2) flags(0x8)        stream_handle(0xe5726000)
05-15 17:00:15.674 14645 14645 E audio_hw_primary: adev_open_output_stream: Primary output is already opened
05-15 17:00:15.674 14645 14645 D audio_hw_primary: adev_open_output_stream: exit: ret -17
05-15 17:00:15.674 14645 14645 W DeviceHAL: Device 0xe5fe3c80 open_output_stream: File exists
05-15 17:00:15.674 14645 14645 I AudioHwDevice: openOutputStream(), HAL returned sampleRate 48000, Format 0x1, channelMask 0x3, status -61
05-15 17:00:15.674 14645 14645 W APM_AudioPolicyManager: Cannot open output stream for device 00000002 on hw module primary
05-15 17:00:15.674 14645 14645 I AudioFlinger: openOutput() this 0xe5fbd000, module 10 Device 2, SamplingRate 48000, Format 0x000001, Channels 3, flags 4
05-15 17:00:15.674 14645 14645 D audio_hw_primary: adev_open_output_stream: enter: sample_rate(48000) channel_mask(0x3) devices(0x2) flags(0x4)        stream_handle(0xe5726000)
05-15 17:00:15.674 14645 14645 D audio_hw_primary: adev_open_output_stream: Stream (0xe5726000) picks up usecase (low-latency-playback)
05-15 17:00:15.677 14645 14645 I AudioFlinger: HAL output buffer size 240 frames, normal sink buffer size 960 frames
05-15 17:00:15.678 14645 14663 I AudioFlinger: AudioFlinger's thread 0xe4203f80 tid=14663 ready to run
05-15 17:00:15.678 14645 14663 W AudioFlinger: no wake lock to update, system not ready yet
05-15 17:00:15.678 14645 14663 D audio_hw_primary: out_standby: enter: stream (0xe5726000) usecase(1: low-latency-playback)
05-15 17:00:15.679 14645 14663 W AudioFlinger: no wake lock to update, system not ready yet
05-15 17:00:15.679 14645 14663 D audio_hw_primary: out_set_parameters: enter: usecase(1: low-latency-playback) kvpairs: routing=2
05-15 17:00:15.698 14645 14645 W APM_AudioPolicyManager: Output profile contains no device on module primary
05-15 17:00:15.698 14645 14645 W APM_AudioPolicyManager: Output profile contains no device on module primary
05-15 17:00:15.698 14645 14645 I AudioFlinger: openOutput() this 0xe5fbd000, module 10 Device 10000, SamplingRate 48000, Format 0x000001, Channels 3, flags 0
05-15 17:00:15.699 14645 14645 D audio_hw_primary: adev_open_output_stream: enter: sample_rate(48000) channel_mask(0x3) devices(0x10000) flags(0)        stream_handle(0xe5726300)
05-15 17:00:15.699 14645 14645 D audio_hw_primary: adev_open_output_stream: Stream (0xe5726300) picks up usecase (afe-proxy-playback)
05-15 17:00:15.699 14645 14645 I AudioFlinger: HAL output buffer size 768 frames, normal sink buffer size 1152 frames
05-15 17:00:15.706 14645 14666 I AudioFlinger: AudioFlinger's thread 0xe3d83540 tid=14666 ready to run
05-15 17:00:15.706 14645 14666 W AudioFlinger: no wake lock to update, system not ready yet
05-15 17:00:15.706 14645 14666 D audio_hw_primary: out_standby: enter: stream (0xe5726300) usecase(37: afe-proxy-playback)
05-15 17:00:15.707 14645 14666 W AudioFlinger: no wake lock to update, system not ready yet
05-15 17:00:15.708 14645 14666 D audio_hw_primary: out_set_parameters: enter: usecase(37: afe-proxy-playback) kvpairs: routing=65536
05-15 17:00:15.729 14645 14645 W APM_AudioPolicyManager: Output profile contains no device on module primary
05-15 17:00:15.730 14645 14645 W APM_AudioPolicyManager: Output profile contains no device on module primary
05-15 17:00:15.730 14645 14645 D audio_hw_primary: adev_open_input_stream: enter: sample_rate(48000) channel_mask(0xc) devices(0x80000004)        stream_handle(0xe5fbac80) io_handle(14) source(1)
05-15 17:00:15.737 14645 14668 I AudioFlinger: AudioFlinger's thread 0xe39838c0 tid=14668 ready to run
05-15 17:00:15.738 14645 14645 D audio_hw_primary: adev_close_input_stream: enter:stream_handle(0xe5fbac80)
05-15 17:00:15.738 14645 14645 D audio_hw_primary: in_standby: enter: stream (0xe5fbac80) usecase(16: audio-record)
05-15 17:00:15.739 14645 14645 D audio_hw_primary: adev_open_input_stream: enter: sample_rate(48000) channel_mask(0xc) devices(0x80000040)        stream_handle(0xe5fbac80) io_handle(22) source(1)
05-15 17:00:15.739 14645 14645 W DeviceHAL: Device 0xe5fe3c80 open_input_stream: Invalid argument
05-15 17:00:15.739 14645 14645 D audio_hw_primary: adev_open_input_stream: enter: sample_rate(48000) channel_mask(0xc) devices(0x80000040)        stream_handle(0xe5fbac80) io_handle(22) source(1)
05-15 17:00:15.739 14645 14645 W DeviceHAL: Device 0xe5fe3c80 open_input_stream: Invalid argument
05-15 17:00:15.739 14645 14645 W APM_AudioPolicyManager: Cannot open input stream for device 80000040 on hw module primary
05-15 17:00:15.744 14645 14645 I bt_a2dp_hw: adev_open:  adev_open in A2dp_hw module
05-15 17:00:15.745 14645 14645 I AudioFlinger: loadHwModule() Loaded a2dp audio interface, handle 18
05-15 17:00:15.745 14645 14645 D vndksupport: Loading /odm/lib/hw/audio.usb.default.so from current namespace instead of sphal namespace.
05-15 17:00:15.746 14645 14645 I AudioFlinger: loadHwModule() Loaded usb audio interface, handle 26
05-15 17:00:15.747 14645 14645 D vndksupport: Loading /odm/lib/hw/audio.r_submix.default.so from current namespace instead of sphal namespace.
05-15 17:00:15.748 14645 14645 I r_submix: adev_open(name=audio_hw_if)
05-15 17:00:15.749 14645 14645 I r_submix: adev_init_check()
05-15 17:00:15.749 14645 14645 W DeviceHAL: Device 0xe3dd4400 set_master_mute: Function not implemented
05-15 17:00:15.749 14645 14645 I AudioFlinger: loadHwModule() Loaded r_submix audio interface, handle 34
05-15 17:00:15.749 14645 14645 D r_submix: adev_open_input_stream(addr=0)
05-15 17:00:15.749 14645 14645 D r_submix: submix_audio_device_create_pipe_l(addr=0, idx=9)
05-15 17:00:15.749 14645 14645 D r_submix:   now using address 0 for route 9
05-15 17:00:15.753 14645 14672 I AudioFlinger: AudioFlinger's thread 0xe3983300 tid=14672 ready to run
05-15 17:00:15.755 14645 14645 D r_submix: adev_close_input_stream()
05-15 17:00:15.755 14645 14645 D r_submix: submix_audio_device_release_pipe_l(idx=9) addr=0
05-15 17:00:15.755 14645 14645 D r_submix: submix_audio_device_destroy_pipe_l(): pipe destroyed
05-15 17:00:15.755 14645 14645 W APM_AudioPolicyManager: Input device 80000040 unreachable
05-15 17:00:15.756 14645 14645 E EffectsConfig: Failed to parse /vendor/etc/audio_effects.xml: Tinyxml2 error (3): /vendor/etc/audio_effects.xml (null)
05-15 17:00:15.756 14645 14645 W AudioPolicyEffects: Failed to load XML effect configuration, fallback to .conf
--------- beginning of events
05-15 17:00:15.760 14645 14645 I auditd  : type=1400 audit(0.0:322): avc: denied { read write } for comm="audioserver" name="soundtrigger_dma_drv" dev="tmpfs" ino=35208 scontext=u:r:audioserver:s0 tcontext=u:object_r:device:s0 tclass=file permissive=1
05-15 17:00:15.760 14645 14645 I audioserver: type=1400 audit(0.0:322): avc: denied { read write } for name="soundtrigger_dma_drv" dev="tmpfs" ino=35208 scontext=u:r:audioserver:s0 tcontext=u:object_r:device:s0 tclass=file permissive=1
05-15 17:00:15.760 14645 14645 I auditd  : type=1400 audit(0.0:323): avc: denied { open } for comm="audioserver" path="/dev/soundtrigger_dma_drv" dev="tmpfs" ino=35208 scontext=u:r:audioserver:s0 tcontext=u:object_r:device:s0 tclass=file permissive=1
05-15 17:00:15.760 14645 14645 I audioserver: type=1400 audit(0.0:323): avc: denied { open } for path="/dev/soundtrigger_dma_drv" dev="tmpfs" ino=35208 scontext=u:r:audioserver:s0 tcontext=u:object_r:device:s0 tclass=file permissive=1
05-15 17:00:15.763 14645 14645 D vndksupport: Loading /odm/lib/hw/android.hardware.soundtrigger@2.0-impl.so from current namespace instead of sphal namespace.
05-15 17:00:15.764 14645 14645 D vndksupport: Loading /odm/lib/hw/sound_trigger.primary.default.so from current namespace instead of sphal namespace.
05-15 17:00:15.765 14645 14645 I soundtrigger_hw: stdev_open soundtrigger open.
05-15 17:00:15.765 14645 14645 I soundtrigger_hw: driver [/dev/soundtrigger_dma_drv] open success.
05-15 17:00:15.765 14645 14645 I soundtrigger_hw: [stdev_open]soundtrigger open ret[0]
05-15 17:00:15.765 14645 14645 I SoundTriggerHalImpl: onFirstRef() mModuleName primary mHwDevice 0xe347b0a4
05-15 17:00:15.767 14645 14645 I soundtrigger_hw: stdev_get_properties
05-15 17:00:15.767 14645 14645 I SoundTriggerHalHidl: getProperties res implementor The Android Open Source Project
05-15 17:00:15.767 14645 14645 I SoundTriggerHalHidl: getProperties ret 0
05-15 17:00:15.767 14645 14645 I SoundTriggerHwService: loaded default module Volantis OK Google , handle 1
05-15 17:00:16.153 14645 14651 D audio_hw_primary: adev_set_parameters: enter: 00:1D:82:CB:EC:87=;connect=32
05-15 17:00:16.155 14645 14654 I AudioFlinger: openOutput() this 0xe5fbd000, module 10 Device 20, SamplingRate 48000, Format 0x000001, Channels 3, flags 8
05-15 17:00:16.156 14645 14654 D audio_hw_primary: adev_open_output_stream: enter: sample_rate(48000) channel_mask(0x3) devices(0x20) flags(0x8)        stream_handle(0xe5726480)
05-15 17:00:16.156 14645 14654 E audio_hw_primary: adev_open_output_stream: Primary output is already opened
05-15 17:00:16.156 14645 14654 D audio_hw_primary: adev_open_output_stream: exit: ret -17
05-15 17:00:16.156 14645 14654 W DeviceHAL: Device 0xe5fe3c80 open_output_stream: File exists
05-15 17:00:16.156 14645 14654 I AudioHwDevice: openOutputStream(), HAL returned sampleRate 48000, Format 0x1, channelMask 0x3, status -61
05-15 17:00:16.156 14645 14654 W APM_AudioPolicyManager: checkOutputsForDevice() could not open output for device 20
05-15 17:00:16.158 14645 14660 D audio_hw_primary: out_set_parameters: enter: usecase(0: deep-buffer-playback) kvpairs: routing=0
05-15 17:00:16.160 14645 14663 D audio_hw_primary: out_set_parameters: enter: usecase(1: low-latency-playback) kvpairs: routing=0
05-15 17:00:16.162 14645 14666 D audio_hw_primary: out_set_parameters: enter: usecase(37: afe-proxy-playback) kvpairs: routing=0
05-15 17:00:16.165 14645 14651 D audio_hw_primary: adev_set_parameters: enter: 00:1D:82:CB:EC:87=;connect=-2147483640
05-15 17:00:16.166 14645 14656 D audio_hw_primary: adev_open_input_stream: enter: sample_rate(48000) channel_mask(0xc) devices(0x80000008)        stream_handle(0xe5fb96c0) io_handle(38) source(1)
05-15 17:00:16.169 14645 14677 I AudioFlinger: AudioFlinger's thread 0xe3983c80 tid=14677 ready to run
05-15 17:00:16.169 14645 14677 D audio_hw_primary: in_standby: enter: stream (0xe5fb96c0) usecase(16: audio-record)
05-15 17:00:16.169 14645 14677 W AudioFlinger: no wake lock to update, system not ready yet
05-15 17:00:16.169 14645 14677 D audio_hw_primary: in_standby: enter: stream (0xe5fb96c0) usecase(16: audio-record)
05-15 17:00:16.170 14645 14677 W AudioFlinger: no wake lock to update, system not ready yet
05-15 17:00:16.170 14645 14677 D audio_hw_primary: in_set_parameters: enter: kvpairs=00:1D:82:CB:EC:87=
05-15 17:00:16.172 14645 14677 W AudioFlinger: no wake lock to update, system not ready yet
05-15 17:00:16.173 14645 14656 D audio_hw_primary: adev_close_input_stream: enter:stream_handle(0xe5fb96c0)
05-15 17:00:16.173 14645 14656 D audio_hw_primary: in_standby: enter: stream (0xe5fb96c0) usecase(16: audio-record)
05-15 17:00:16.176 14645 14674 I SoundTriggerHwService::Module: onCallbackEvent no clients
05-15 17:00:16.178 14645 14654 W APM::AudioPolicyEngine: setPhoneState() setting same state 0
05-15 17:00:16.178 14645 14654 W APM_AudioPolicyManager: setPhoneState() invalid or same state 0
--------- beginning of system
05-15 17:00:16.213 14645 14655 I AudioFlinger: systemReady
05-15 17:00:16.213 14645 14653 D audio_hw_primary: adev_set_parameters: enter: restarting=false
05-15 17:00:19.991     0     0 I         : [ 2702.038543 / 05-15 17:00:19.984][0] [CC] [C], USB_PRESENT, WIRELESS_PRESENT, USB_TYPE, CABLE_INFO, USBIN_VOL, BATT_FAKE, BATT_TEMP, BATT_SOC, BATT_VOL, PMI_IUSB_SET, PMI_IUSB_AICL, PMI_IBAT_SET, TOTAL_IBAT_NOW
05-15 17:00:19.991     0     0 I         : [ 2702.038612 / 05-15 17:00:19.984][0] [CC] [I], 1, 0, USB, OPEN, 4440, FAKE_OFF, 23, 75, 4071, 500, 0, 2000, -392
05-15 17:00:19.991     0     0 I [ 2702.038942 / 05-15 17:00:19.988][0] SMBCHG: get_parallel_psy: parallel charger not found
05-15 17:00:19.991     0     0 I         : [ 2702.039398 / 05-15 17:00:19.988][0] [CC] charge_type = 3
05-15 17:00:19.998     0     0 W [ 2702.045599 / 05-15 17:00:19.992][0] healthd: battery l=75 v=4071 t=23.0 h=2 st=2 c=-392 chg=u
05-15 17:00:22.394     0     0 I         : [ 2704.440556 / 05-15 17:00:22.388][0] pet_watchdog
05-15 17:00:24.537     0     0 D [ 2706.585633 / 05-15 17:00:24.532][1] logd: logdr: UID=0 GID=0 PID=14685 b tail=0 logMask=7f pid=0 start=0ns timeout=0ns
05-15 17:00:25.279  5923  7784 I c2dm    : [8,com.google.android.googlequicksearchbox:0:1526392825076598,85,11]
05-15 17:00:25.302  5923  7702 I c2dm    : [-7,,86,12]
05-15 17:00:25.361   866  5968 W ActivityManager: Background start not allowed: service Intent { cmp=com.google.android.googlequicksearchbox/com.google.android.apps.gsa.search.core.service.SearchService } to com.google.android.googlequicksearchbox/com.google.android.apps.gsa.search.core.service.SearchService from pid=5991 uid=10088 pkg=com.google.android.googlequicksearchbox
05-15 17:00:25.363  5991  5991 E ServiceForegroundHelper: Attempting to start service when the app is in background is not allowed on Android O+. Intent: Intent { cmp=com.google.android.googlequicksearchbox/com.google.android.apps.gsa.search.core.service.SearchService }
05-15 17:00:25.363  5991  5991 E ServiceForegroundHelper: java.lang.IllegalStateException: Not allowed to start service Intent { cmp=com.google.android.googlequicksearchbox/com.google.android.apps.gsa.search.core.service.SearchService }: app is in background uid UidRecord{37afaca u0a88 RCVR bg:+2m2s376ms idle change:uncached procs:1 seq(0,0,0)}
05-15 17:00:25.363  5991  5991 E ServiceForegroundHelper: 	at android.app.ContextImpl.startServiceCommon(ContextImpl.java:1521)
05-15 17:00:25.363  5991  5991 E ServiceForegroundHelper: 	at android.app.ContextImpl.startService(ContextImpl.java:1477)
05-15 17:00:25.363  5991  5991 E ServiceForegroundHelper: 	at android.content.ContextWrapper.startService(ContextWrapper.java:650)
05-15 17:00:25.363  5991  5991 E ServiceForegroundHelper: 	at com.google.android.apps.gsa.search.core.service.cl.axi(SourceFile:19)
05-15 17:00:25.363  5991  5991 E ServiceForegroundHelper: 	at com.google.android.apps.gsa.search.core.service.co.axm(SourceFile:25)
05-15 17:00:25.363  5991  5991 E ServiceForegroundHelper: 	at com.google.android.apps.gsa.search.core.service.SearchService.awZ(SourceFile:71)
05-15 17:00:25.363  5991  5991 E ServiceForegroundHelper: 	at com.google.android.apps.gsa.search.core.service.SearchService.onCreate(SourceFile:34)
05-15 17:00:25.363  5991  5991 E ServiceForegroundHelper: 	at android.app.ActivityThread.handleCreateService(ActivityThread.java:3363)
05-15 17:00:25.363  5991  5991 E ServiceForegroundHelper: 	at android.app.ActivityThread.-wrap4(Unknown Source:0)
05-15 17:00:25.363  5991  5991 E ServiceForegroundHelper: 	at android.app.ActivityThread$H.handleMessage(ActivityThread.java:1695)
05-15 17:00:25.363  5991  5991 E ServiceForegroundHelper: 	at android.os.Handler.dispatchMessage(Handler.java:106)
05-15 17:00:25.363  5991  5991 E ServiceForegroundHelper: 	at android.os.Looper.loop(Looper.java:164)
05-15 17:00:25.363  5991  5991 E ServiceForegroundHelper: 	at android.app.ActivityThread.main(ActivityThread.java:6552)
05-15 17:00:25.363  5991  5991 E ServiceForegroundHelper: 	at java.lang.reflect.Method.invoke(Native Method)
05-15 17:00:25.363  5991  5991 E ServiceForegroundHelper: 	at com.android.internal.os.RuntimeInit$MethodAndArgsCaller.run(RuntimeInit.java:440)
05-15 17:00:25.363  5991  5991 E ServiceForegroundHelper: 	at com.android.internal.os.ZygoteInit.main(ZygoteInit.java:807)
--------- beginning of radio
05-15 17:00:25.402  5067  5109 D SubscriptionController: [getPhoneId] asked for default subId=1
05-15 17:00:25.417  5991 14237 W LocationOracle: No location history returned by ContextManager
05-15 17:00:25.479 13356 14689 I DynamiteModule: Considering local module com.google.android.gms.brella_dynamite:0 and remote module com.google.android.gms.brella_dynamite:222
05-15 17:00:25.479 13356 14689 I DynamiteModule: Selected remote version of com.google.android.gms.brella_dynamite, version >= 222
05-15 17:00:25.632  5991 14233 I dvm_lock_sample: [com.google.android.googlequickse,0,NonUserFacing28,10,SourceFile,4,java.lang.Object com.google.android.apps.gsa.staticplugins.ci.c.p.call(),Collections.java,5507,boolean java.util.Collections$SetFromMap.add(java.lang.Object),2]
05-15 17:00:25.680  5923  6445 I GeofencerStateMachine: removeGeofences: removeRequest=RemoveGeofencingRequest[REMOVE_BY_PENDING_INTENT pendingIntent=PendingIntent[creatorPackage=com.google.android.googlequicksearchbox], packageName=null]
05-15 17:00:25.684  5991 12981 E GeofenceHelper: Failed: remove geofences by PendingIntent
05-15 17:00:25.688  5923  5923 W GCM     : broadcast intent callback: result=CANCELLED forIntent { act=com.google.android.c2dm.intent.RECEIVE pkg=com.google.android.googlequicksearchbox (has extras) }
05-15 17:00:26.650     0     0 I         : [ 2708.695639 / 05-15 17:00:26.644][0] [XO_THERM] Result:33 Raw:32205
05-15 17:00:32.410     0     0 I         : [ 2714.456303 / 05-15 17:00:32.404][0] pet_watchdog
05-15 17:00:34.456   866  1575 I PowerManagerService: Waking up from sleep (uid=1000 reason=android.policy:KEY)...
05-15 17:00:34.462   866   866 I screen_toggled: 1
05-15 17:00:34.462   866   969 I DisplayPowerController: Blocking screen on until initial contents have been drawn.
05-15 17:00:34.462   866   866 I power_screen_broadcast_send: 1
05-15 17:00:34.466     0     0 E [ 2716.502924 / 05-15 17:00:34.452][0] qpnp_pon_input_dispatch: code(114), value(2)
05-15 17:00:34.473   866  4803 I QCOM PowerHAL: Got set_interactive hint
05-15 17:00:34.474   489   489 D SurfaceFlinger: Set power mode=2, type=0 flinger=0x77f4e5f000
05-15 17:00:34.474   866   967 I DisplayManagerService: Display device changed state: "Ενσωματωμένη οθόνη", ON
05-15 17:00:34.474   489   489 D qdhwcomposer: hwc_setPowerMode: Setting mode 2 on display: 0
05-15 17:00:34.487   866  1575 I InputReader: Reconfiguring input devices.  changes=0x00000004
05-15 17:00:34.511 14645 14656 D audio_hw_primary: adev_set_parameters: enter: screen_state=on
05-15 17:00:34.514   866  4852 I sysui_view_visibility: [127,100]
05-15 17:00:34.515   866  4852 I sysui_multi_action: [757,127,758,1]
05-15 17:00:34.515   866  4852 I sysui_histogram: [note_load,2]
05-15 17:00:34.515   866  4852 I sysui_multi_action: [757,804,799,note_load,801,2,802,1]
05-15 17:00:34.515   866  4852 I notification_panel_revealed: 2
05-15 17:00:34.512  4838  4838 I auditd  : type=1400 audit(0.0:324): avc: denied { sendto } for comm="ndroid.systemui" path="/dev/socket/seempdw" scontext=u:r:platform_app:s0:c512,c768 tcontext=u:r:per_mgr:s0 tclass=unix_dgram_socket permissive=1
05-15 17:00:34.518  4830  4830 I DeviceStatusMonitor: onReceive() : Action = android.intent.action.SCREEN_ON
05-15 17:00:34.512  4838  4838 I ndroid.systemui: type=1400 audit(0.0:324): avc: denied { sendto } for path="/dev/socket/seempdw" scontext=u:r:platform_app:s0:c512,c768 tcontext=u:r:per_mgr:s0 tclass=unix_dgram_socket permissive=1
05-15 17:00:34.543  4838  4838 D StatusBar: disable<e i a s b H R c s q >
05-15 17:00:34.544   866  5107 I sysui_multi_action: [757,128,758,1,793,688302,794,0,795,688302,796,26,798,0,806,android,857,DEVELOPER,858,2,947,0]
05-15 17:00:34.545   866  5107 I sysui_histogram: [note_freshness,688302]
05-15 17:00:34.545   866  5107 I sysui_multi_action: [757,804,799,note_freshness,801,688302,802,1]
05-15 17:00:34.545   866  5107 I notification_visibility: [-1|android|26|null|1000,1,688302,688302,0,0]
05-15 17:00:34.543  4838  4838 D StatusBar: disable<e i a s b H R c s q >
05-15 17:00:34.579   866   969 I DisplayPowerController: Unblocked screen on after 117 ms
05-15 17:00:34.609  5941  5941 D BrcmNfcJni: nfcManager_doSetScreenState: state = 4 discovry_param = 1
05-15 17:00:34.637   866   866 I power_screen_broadcast_done: [1,174,1]
05-15 17:00:34.646 13667 13702 I bt_stack: [INFO:gatt_api.cc(1004)] GATT_Register
05-15 17:00:34.646 13667 13702 I bt_stack: [INFO:gatt_api.cc(1027)] allocated gatt_if=6
05-15 17:00:34.647  5923  6445 D BluetoothLeScanner: onScannerRegistered() - status=0 scannerId=6 mScannerId=0
05-15 17:00:34.644 13714 13714 I auditd  : type=1400 audit(0.0:325): avc: denied { sendto } for comm="Binder:13667_3" path="/dev/socket/seempdw" scontext=u:r:bluetooth:s0 tcontext=u:r:per_mgr:s0 tclass=unix_dgram_socket permissive=1
05-15 17:00:34.644 13714 13714 I Binder:13667_3: type=1400 audit(0.0:325): avc: denied { sendto } for path="/dev/socket/seempdw" scontext=u:r:bluetooth:s0 tcontext=u:r:per_mgr:s0 tclass=unix_dgram_socket permissive=1
05-15 17:00:34.661  5923 13756 I BeaconBle: Client requested scan, settings=BleSettings [scanMode=LOW_LATENCY, callbackType=ALL_MATCHES, reportDelayMillis=0, 6 filters, 1 clients, callingClientName=Nearby]
05-15 17:00:34.686  5923 13756 I BeaconBle: 'L' hardware scan: 6 filters, scanMode=2, reportdelay=0, callback type=1, #clients=2, workSource=WorkSource{10031 com.google.android.gms}
05-15 17:00:34.690  5923 13756 I BeaconBle: Starting scan on OS scanner. BT state: 12
05-15 17:00:34.707 13667 13702 I bt_stack: [INFO:gatt_api.cc(1004)] GATT_Register
05-15 17:00:34.707 13667 13702 I bt_stack: [INFO:gatt_api.cc(1027)] allocated gatt_if=7
05-15 17:00:34.707  5923  6411 D BluetoothLeScanner: onScannerRegistered() - status=0 scannerId=7 mScannerId=0
05-15 17:00:34.798   489   799 I qdhwcomposer: handle_blank_event: dpy:0 panel power state: 1
05-15 17:00:34.800   489   489 D qdhwcomposer: hwc_setPowerMode: Done setting mode 2 on display 0
05-15 17:00:34.802     0     0 I [ 2716.524045 / 05-15 17:00:34.472][1] mdss_fb_blank_sub: + mdss_fb_blank+0x130/0x144 fb0 mode:0
05-15 17:00:34.802     0     0 E [ 2716.524449 / 05-15 17:00:34.472][3] hdmi_tx_panel_event_handler: event = 9 suspend=0, hpd_feature=0
05-15 17:00:34.802     0     0 I         : [ 2716.569084 / 05-15 17:00:34.516][0] CFG80211-TRACE) __wl_cfg80211_scan : START SCAN
05-15 17:00:34.802     0     0 W [ 2716.583633 / 05-15 17:00:34.532][0] dhd_set_suspend: Remove extra suspend setting
05-15 17:00:34.802     0     0 I [ 2716.590796 / 05-15 17:00:34.540][2] mdss_dsi_panel_power_ctrl: cur_power_state=0 req_power_state=1
05-15 17:00:34.802     0     0 I [ 2716.616245 / 05-15 17:00:34.564][1] mdss_dsi_on-:  
05-15 17:00:34.802     0     0 I [ 2716.616265 / 05-15 17:00:34.564][1] mdss_dsi_panel_power_ctrl: cur_power_state=0 req_power_state=1
05-15 17:00:34.802     0     0 I [ 2716.616273 / 05-15 17:00:34.564][1] jdi_qhd_command_mdss_dsi_panel_reset: enable = 1, ndx = 1
