01-07 07:22:38.395   463   463 I android.hardware.health@1.0-service: Registration complete for android.hardware.health@1.0::IHealth/default.
01-07 07:22:38.400   492   492 I mediametrics: ServiceManager: 0x7d8023d740
01-07 07:22:38.400   492   492 D MediaAnalyticsService: MediaAnalyticsService created
01-07 07:22:38.408   496   496 I wificond: wificond is starting up...
01-07 07:22:38.440   501   501 I /system/bin/tombstoned: tombstoned successfully initialized
01-07 07:22:38.471   461   461 W /vendor/bin/hw/android.hardware.configstore@1.1-service: libminijail[461]: allowing syscall: connect
01-07 07:22:38.472   461   461 W /vendor/bin/hw/android.hardware.configstore@1.1-service: libminijail[461]: allowing syscall: fcntl
01-07 07:22:38.472   461   461 W /vendor/bin/hw/android.hardware.configstore@1.1-service: libminijail[461]: allowing syscall: sendto
01-07 07:22:38.472   461   461 W /vendor/bin/hw/android.hardware.configstore@1.1-service: libminijail[461]: allowing syscall: socket
01-07 07:22:38.472   461   461 W /vendor/bin/hw/android.hardware.configstore@1.1-service: libminijail[461]: allowing syscall: writev
01-07 07:22:38.473   461   461 W /vendor/bin/hw/android.hardware.configstore@1.1-service: libminijail[461]: logging seccomp filter failures
01-07 07:22:38.473     0     0 I         : [    4.804319 / 01-07 07:22:38.303][2] read descriptors
01-07 07:22:38.473     0     0 I         : [    4.804339 / 01-07 07:22:38.303][2] read descriptors
01-07 07:22:38.473     0     0 I         : [    4.804350 / 01-07 07:22:38.303][2] read strings
01-07 07:22:38.473     0     0 I         : [    4.804873 / 01-07 07:22:38.303][3] msm8994-asoc-snd fe034000.sound:  snd-soc-dummy-dai <-> MultiMedia1 mapping ok
01-07 07:22:38.473   461   461 I ServiceManagement: Removing namespace from process name android.hardware.configstore@1.1-service to configstore@1.1-service.
01-07 07:22:38.473     0     0 I         : [    4.811673 / 01-07 07:22:38.311][3] msm8994-asoc-snd fe034000.sound:  snd-soc-dummy-dai <-> MultiMedia1 mapping ok
01-07 07:22:38.473     0     0 I         : [    4.816224 / 01-07 07:22:38.315][3] msm8994-asoc-snd fe034000.sound:  snd-soc-dummy-dai <-> MultiMedia1 mapping ok
01-07 07:22:38.473     0     0 I         : [    4.816304 / 01-07 07:22:38.315][1] [CC] current batt_temp[0], batt_temp_state[0], current batt_volt[3931], batt_volt_state[0]
01-07 07:22:38.473     0     0 I         : [    4.820250 / 01-07 07:22:38.319][3] msm8994-asoc-snd fe034000.sound:  snd-soc-dummy-dai <-> MultiMedia1 mapping ok
01-07 07:22:38.473     0     0 I         : [    4.822910 / 01-07 07:22:38.319][3] msm8994-asoc-snd fe034000.sound:  snd-soc-dummy-dai <-> MultiMedia1 mapping ok
01-07 07:22:38.473     0     0 I         : [    4.825706 / 01-07 07:22:38.323][3] msm8994-asoc-snd fe034000.sound:  snd-soc-dummy-dai <-> MultiMedia1 mapping ok
01-07 07:22:38.473     0     0 I         : [    4.828265 / 01-07 07:22:38.327][3] msm8994-asoc-snd fe034000.sound:  snd-soc-dummy-dai <-> MultiMedia1 mapping ok
01-07 07:22:38.474   461   461 E cutils-trace: Error opening trace file: Permission denied (13)
01-07 07:22:38.474     0     0 I         : [    4.837418 / 01-07 07:22:38.335][0] msm8994-asoc-snd fe034000.sound:  tas2552-amplifier <-> qcom,msm-dai-q6-mi2s-quat.217 mapping ok
01-07 07:22:38.474     0     0 I         : [    4.838626 / 01-07 07:22:38.335][0] msm8994-asoc-snd fe034000.sound:  tas2552-amplifier <-> qcom,msm-dai-q6-mi2s-quat.217 mapping ok
01-07 07:22:38.474     0     0 I         : [    4.841508 / 01-07 07:22:38.339][0] msm8994-asoc-snd fe034000.sound:  snd-soc-dummy-dai <-> MultiMedia2 mapping ok
01-07 07:22:38.474     0     0 I         : [    4.843592 / 01-07 07:22:38.343][0] msm8994-asoc-snd fe034000.sound:  snd-soc-dummy-dai <-> QUAT_MI2S_RX_HOSTLESS mapping ok
01-07 07:22:38.474     0     0 I         : [    4.846274 / 01-07 07:22:38.343][0] msm8994-asoc-snd fe034000.sound:  snd-soc-dummy-dai <-> MultiMedia1 mapping ok
01-07 07:22:38.474     0     0 W [    4.889588 / 01-07 07:22:38.387][1] healthd: BatteryFullChargePath not found
01-07 07:22:38.474     0     0 W [    4.889607 / 01-07 07:22:38.387][1] healthd: BatteryCycleCountPath not found
01-07 07:22:38.474     0     0 I [    4.896262 / 01-07 07:22:38.395][2] ueventd: loading /devices/soc.0/fe12f000.slim/tomtom-slim-pgd/tomtom_codec/firmware/cpe.b06 took 201ms
01-07 07:22:38.474     0     0 W [    4.896702 / 01-07 07:22:38.395][1] healthd: battery l=68 v=3931 t=0.0 h=2 st=2 c=421 chg=u
01-07 07:22:38.474     0     0 I [    4.899263 / 01-07 07:22:38.399][0] input: msm8994-tomtom-snd-card Button Jack as /devices/soc.0/fe034000.sound/sound/card0/input3
01-07 07:22:38.474     0     0 I [    4.899553 / 01-07 07:22:38.399][0] input: msm8994-tomtom-snd-card Headset Jack as /devices/soc.0/fe034000.sound/sound/card0/input4
01-07 07:22:38.474     0     0 E         : [    4.906862 / 01-07 07:22:38.403][1] msm8994-asoc-snd fe034000.sound: failed to get qcom,mbhc-micbias-enable-flags
01-07 07:22:38.474     0     0 I         : [    4.906882 / 01-07 07:22:38.403][1] msm8994-asoc-snd fe034000.sound: property qcom,us-euro-gpios not detected in node /soc/sound
01-07 07:22:38.474     0     0 I         : [    4.913193 / 01-07 07:22:38.411][1] msm8994-asoc-snd fe034000.sound: msm8994_asoc_machine_probe: done.
01-07 07:22:38.475     0     0 F         : [    4.913212 / 01-07 07:22:38.411][1] drv probe : 4371 msm8994-asoc-snd 538
01-07 07:22:38.480   497   497 W media.codec: libminijail[497]: failed to get path of fd 4: No such file or directory
01-07 07:22:38.480   497   497 W media.codec: libminijail[497]: allowing syscall: clock_gettime
01-07 07:22:38.480   497   497 W media.codec: libminijail[497]: allowing syscall: connect
01-07 07:22:38.480   497   497 W media.codec: libminijail[497]: allowing syscall: fcntl64
01-07 07:22:38.480   497   497 W media.codec: libminijail[497]: allowing syscall: socket
01-07 07:22:38.480   497   497 W media.codec: libminijail[497]: allowing syscall: writev
01-07 07:22:38.483   497   497 W media.codec: libminijail[497]: logging seccomp filter failures
01-07 07:22:38.492   497   497 W MediaCodecsXmlParser: unable to open media codecs configuration xml file: /data/misc/media/media_codecs_profiling_results.xml
01-07 07:22:38.492   497   497 W MediaCodecsXmlParser: parseTopLevelXMLFile(/data/misc/media/media_codecs_profiling_results.xml) failed
01-07 07:22:38.493   497   497 E MediaCodecsXmlParser: Cannot find the role for a decoder of type video/divx
01-07 07:22:38.493   497   497 E MediaCodecsXmlParser: Cannot find the role for a decoder of type video/divx311
01-07 07:22:38.493   497   497 E MediaCodecsXmlParser: Cannot find the role for a decoder of type video/divx4
01-07 07:22:38.493   497   497 E MediaCodecsXmlParser: Cannot find the role for a decoder of type video/x-ms-wmv
01-07 07:22:38.493   497   497 E MediaCodecsXmlParser: Cannot find the role for a decoder of type video/x-ms-wmv
01-07 07:22:38.494   497   497 I ServiceManagement: Removing namespace from process name android.hardware.media.omx@1.0-service to omx@1.0-service.
01-07 07:22:38.495   497   497 E cutils-trace: Error opening trace file: Permission denied (13)
01-07 07:22:38.501   468   468 I android.hardware.wifi@1.0-service: Wifi Hal is booting up...
01-07 07:22:38.502   468   468 I ServiceManagement: Removing namespace from process name android.hardware.wifi@1.0-service to wifi@1.0-service.
01-07 07:22:38.502   468   468 E cutils-trace: Error opening trace file: Permission denied (13)
01-07 07:22:38.511   473   473 E cutils-trace: Error opening trace file: Permission denied (13)
01-07 07:22:38.512   484   484 E cutils-trace: Error opening trace file: Permission denied (13)
01-07 07:22:38.519   497   497 D vndksupport: Loading libstagefrighthw.so from current namespace instead of sphal namespace.
01-07 07:22:38.523   473   473 I ConfigStore: android::hardware::configstore::V1_0::ISurfaceFlingerConfigs::startGraphicsAllocatorService retrieved: 0
01-07 07:22:38.524   473   473 I SurfaceFlinger: Using HWComposer service: 'default'
01-07 07:22:38.524   473   473 I SurfaceFlinger: SurfaceFlinger is starting
01-07 07:22:38.526   473   473 I ConfigStore: android::hardware::configstore::V1_0::ISurfaceFlingerConfigs::vsyncEventPhaseOffsetNs retrieved: 1000000 (default)
01-07 07:22:38.527   473   473 I ConfigStore: android::hardware::configstore::V1_0::ISurfaceFlingerConfigs::vsyncSfEventPhaseOffsetNs retrieved: 1000000 (default)
01-07 07:22:38.527   473   473 I ConfigStore: android::hardware::configstore::V1_0::ISurfaceFlingerConfigs::hasSyncFramework retrieved: 1
01-07 07:22:38.527   473   473 I ConfigStore: android::hardware::configstore::V1_0::ISurfaceFlingerConfigs::presentTimeOffsetFromVSyncNs retrieved: 0
01-07 07:22:38.527   473   473 I ConfigStore: android::hardware::configstore::V1_0::ISurfaceFlingerConfigs::useHwcForRGBtoYUV retrieved: 0
01-07 07:22:38.527   473   473 I ConfigStore: android::hardware::configstore::V1_0::ISurfaceFlingerConfigs::maxVirtualDisplaySize retrieved: 0 (default)
01-07 07:22:38.527   473   473 I ConfigStore: android::hardware::configstore::V1_0::ISurfaceFlingerConfigs::useVrFlinger retrieved: 0 (default)
01-07 07:22:38.527   473   473 I ConfigStore: android::hardware::configstore::V1_0::ISurfaceFlingerConfigs::maxFrameBufferAcquiredBuffers retrieved: 3
01-07 07:22:38.527   473   473 I ConfigStore: android::hardware::configstore::V1_0::ISurfaceFlingerConfigs::hasWideColorDisplay retrieved: 0
01-07 07:22:38.529   423   423 W zygote  : Could not reserve sentinel fault page
01-07 07:22:38.530   473   473 I ConfigStore: android::hardware::configstore::V1_1::ISurfaceFlingerConfigs::primaryDisplayOrientation retrieved: ORIENTATION_0 (default)
01-07 07:22:38.530   473   473 I SurfaceFlinger: Enabling HWC virtual displays
01-07 07:22:38.530   473   473 I SurfaceFlinger: Disabling Triple Buffering
01-07 07:22:38.530   473   473 I SurfaceFlinger: Treble testing override: 'false'
01-07 07:22:38.531   473   473 I SurfaceFlinger: SurfaceFlinger's main thread ready to run. Initializing graphics H/W...
01-07 07:22:38.531   473   473 I SurfaceFlinger: Phase offest NS: 1000000
01-07 07:22:38.532   497   497 W MediaCodecsXmlParser: unable to open media codecs configuration xml file: /data/misc/media/media_codecs_profiling_results.xml
01-07 07:22:38.532   497   497 W MediaCodecsXmlParser: parseTopLevelXMLFile(/data/misc/media/media_codecs_profiling_results.xml) failed
01-07 07:22:38.532   497   497 I ServiceManagement: Removing namespace from process name android.hardware.media.omx@1.0-service to omx@1.0-service.
01-07 07:22:38.539   497   497 I media.codec: IOmx HAL service created.
01-07 07:22:38.540   422   422 I zygote64: VerifyImage: /system/bin/patchoat --input-image-location=/system/framework/boot.art --output-image-directory=/data/dalvik-cache/arm64 --instruction-set=arm64 --verify
01-07 07:22:38.569   485   485 I cameraserver: ServiceManager: 0xe639c100
01-07 07:22:38.569   485   485 I CameraService: CameraService started (pid=485)
01-07 07:22:38.569   485   485 I CameraService: CameraService process starting
01-07 07:22:38.570   474   474 W thermalserviced: Unable to get Thermal HAL V1.1, vendor thermal event notification not available
01-07 07:22:38.571   502   502 I usbd    : Usb HAL not found
01-07 07:22:38.571     0     0 E [    5.065289 / 01-07 07:22:38.563][0] selinux: avc:  denied  { set } for property=ro.qualcomm.bluetooth.opp pid=535 uid=0 gid=0 scontext=u:r:bluetooth:s0 tcontext=u:object_r:default_prop:s0 tclass=property_service permissive=1
01-07 07:22:38.571     0     0 E         : [    5.065289 / 01-07 07:22:38.563][0]
01-07 07:22:38.571     0     0 I [    5.065786 / 01-07 07:22:38.563][0] android_work: android_work: sent uevent USB_STATE=CONNECTED
01-07 07:22:38.571   485   485 W BatteryNotifier: batterystats service unavailable!
01-07 07:22:38.571   462   462 D vndksupport: Loading /vendor/lib64/hw/gralloc.msm8992.so from current namespace instead of sphal namespace.
01-07 07:22:38.571   485   485 W BatteryNotifier: batterystats service unavailable!
01-07 07:22:38.571   485   485 E cutils-trace: Error opening trace file: Permission denied (13)
01-07 07:22:38.574   465   465 E android.hardware.nfc@1.0-impl: hw_get_module nfc_nci failed: -2
01-07 07:22:38.574   465   465 E android.hardware.nfc@1.0-impl: Passthrough failed to load legacy HAL.
01-07 07:22:38.574   464   464 D vndksupport: Loading /vendor/lib64/hw/lights.msm8992.so from current namespace instead of sphal namespace.
01-07 07:22:38.575   465   465 E android.hardware.nfc@1.0-service: Could not get passthrough implementation for android.hardware.nfc@1.0::INfc/default.
01-07 07:22:38.576     0     0 I [    5.069341 / 01-07 07:22:38.567][0] init: Service 'usbd' (pid 502) exited with status 0
01-07 07:22:38.576     0     0 I [    5.070056 / 01-07 07:22:38.567][0] android_work: android_work: sent uevent USB_STATE=DISCONNECTED
01-07 07:22:38.577   485   485 D vndksupport: Loading /vendor/lib/hw/android.hardware.camera.provider@2.4-impl.so from current namespace instead of sphal namespace.
01-07 07:22:38.577   464   464 D vndksupport: Loading /vendor/lib64/hw/lights.msm8992.so from current namespace instead of sphal namespace.
01-07 07:22:38.577   464   464 E light   : light_open lights keyboard failed: -22
01-07 07:22:38.577   464   464 E light   : Light passthrough failed to load legacy HAL.
01-07 07:22:38.577   423   423 I zygote  : VerifyImage: /system/bin/patchoat --input-image-location=/system/framework/boot.art --output-image-directory=/data/dalvik-cache/arm --instruction-set=arm --verify
01-07 07:22:38.577   464   464 D vndksupport: Loading /vendor/lib64/hw/lights.msm8992.so from current namespace instead of sphal namespace.
01-07 07:22:38.577   464   464 E light   : light_open lights buttons failed: -22
01-07 07:22:38.577   464   464 E light   : Light passthrough failed to load legacy HAL.
01-07 07:22:38.577   464   464 D vndksupport: Loading /vendor/lib64/hw/lights.msm8992.so from current namespace instead of sphal namespace.
01-07 07:22:38.578   464   464 I chatty  : uid=1000(system) light@2.0-servi identical 2 lines
01-07 07:22:38.578   464   464 D vndksupport: Loading /vendor/lib64/hw/lights.msm8992.so from current namespace instead of sphal namespace.
01-07 07:22:38.578   464   464 E light   : light_open lights bluetooth failed: -22
01-07 07:22:38.578   464   464 E light   : Light passthrough failed to load legacy HAL.
01-07 07:22:38.578   464   464 D vndksupport: Loading /vendor/lib64/hw/lights.msm8992.so from current namespace instead of sphal namespace.
01-07 07:22:38.580     0     0 I [    5.073226 / 01-07 07:22:38.571][0] init: Service 'vendor.nfc_hal_service' (pid 465) exited with status 1
01-07 07:22:38.580     0     0 I [    5.073258 / 01-07 07:22:38.571][0] init: Sending signal 9 to service 'vendor.nfc_hal_service' (pid 465) process group...
01-07 07:22:38.580     0     0 I [    5.075842 / 01-07 07:22:38.575][0] libprocessgroup: Successfully killed process cgroup uid 1027 pid 465 in 2ms
01-07 07:22:38.580   464   464 E light   : light_open lights wifi failed: -22
01-07 07:22:38.580   464   464 E light   : Light passthrough failed to load legacy HAL.
01-07 07:22:38.581   464   464 I ServiceManagement: Removing namespace from process name android.hardware.light@2.0-service to light@2.0-service.
01-07 07:22:38.581   484   484 D vndksupport: Loading /vendor/lib64/hw/android.hardware.keymaster@3.0-impl.so from current namespace instead of sphal namespace.
01-07 07:22:38.582   464   464 I android.hardware.light@2.0-service: Registration complete for android.hardware.light@2.0::ILight/default.
01-07 07:22:38.617   466   466 I ServiceManagement: Removing namespace from process name android.hardware.thermal@1.0-service to thermal@1.0-service.
01-07 07:22:38.618   466   466 I android.hardware.thermal@1.0-service: Registration complete for android.hardware.thermal@1.0::IThermal/default.
01-07 07:22:38.633   499   499 I gatekeeperd: Starting gatekeeperd...
01-07 07:22:38.646   499   499 D vndksupport: Loading /vendor/lib64/hw/android.hardware.gatekeeper@1.0-impl.so from current namespace instead of sphal namespace.
01-07 07:22:38.652   462   462 I ServiceManagement: Removing namespace from process name android.hardware.graphics.allocator@2.0-service to allocator@2.0-service.
01-07 07:22:38.652   499   499 D vndksupport: Loading /vendor/lib64/hw/gatekeeper.msm8992.so from current namespace instead of sphal namespace.
01-07 07:22:38.653   462   462 I android.hardware.graphics.allocator@2.0-service: Registration complete for android.hardware.graphics.allocator@2.0::IAllocator/default.
01-07 07:22:38.653   499   499 D gatekeeper_device: HwKmOpen called
01-07 07:22:38.665   491   491 V MediaUtils: physMem: 2948182016
01-07 07:22:38.665   491   491 V MediaUtils: requested limit: 589636400
01-07 07:22:38.665   491   491 V MediaUtils: cfi shadow size: 2147483648
01-07 07:22:38.665   491   491 V MediaUtils: actual limit: 2737120048
01-07 07:22:38.665   491   491 V MediaUtils: original limits: -1/-1
01-07 07:22:38.665   491   491 V MediaUtils: new limits: 2737120048/-1
01-07 07:22:38.665   491   491 D vndksupport: Loading libutils.so from current namespace instead of sphal namespace.
01-07 07:22:38.668   491   491 W mediaextractor: libminijail[491]: failed to get path of fd 4: No such file or directory
01-07 07:22:38.668   491   491 W mediaextractor: libminijail[491]: allowing syscall: connect
01-07 07:22:38.668   491   491 W mediaextractor: libminijail[491]: allowing syscall: fcntl
01-07 07:22:38.668   491   491 W mediaextractor: libminijail[491]: allowing syscall: sendto
01-07 07:22:38.668   491   491 W mediaextractor: libminijail[491]: allowing syscall: socket
01-07 07:22:38.668   491   491 W mediaextractor: libminijail[491]: allowing syscall: writev
01-07 07:22:38.670   491   491 W mediaextractor: libminijail[491]: logging seccomp filter failures
01-07 07:22:38.687   485   485 D vndksupport: Loading /vendor/lib/hw/camera.msm8992.so from current namespace instead of sphal namespace.
01-07 07:22:38.698     0     0 I [    5.191287 / 01-07 07:22:38.691][2] ueventd: firmware: loading 'cpe.b08' for '/devices/soc.0/fe12f000.slim/tomtom-slim-pgd/tomtom_codec/firmware/cpe.b08'
01-07 07:22:38.719     0     0 I [    5.213934 / 01-07 07:22:38.711][0] android_work: android_work: sent uevent USB_STATE=CONNECTED
01-07 07:22:38.719     0     0 I         : [    5.214367 / 01-07 07:22:38.711][0] android_usb gadget: high-speed config #1: fe80f0c8.android_usb
01-07 07:22:38.719     0     0 I         : [    5.214797 / 01-07 07:22:38.711][0] [CC] After update_pm_psy_status (iusb=500)(CC=500)(org=500)(wlc=900)
01-07 07:22:38.720     0     0 I         : [    5.214832 / 01-07 07:22:38.711][0] [CC] USB Current Set!
01-07 07:22:38.720     0     0 I [    5.214878 / 01-07 07:22:38.711][0] SMBCHG: smbchg_stay_awake: staying awake: 0x02 (bit 2)
01-07 07:22:38.720     0     0 I [    5.214894 / 01-07 07:22:38.711][0] SMBCHG: smbchg_vfloat_adjust_check: Starting vfloat adjustments
01-07 07:22:38.720     0     0 I [    5.215415 / 01-07 07:22:38.715][0] SMBCHG: smbchg_relax: relaxing: 0x00 (bit 2)
01-07 07:22:38.720     0     0 I         : [    5.215698 / 01-07 07:22:38.715][0] [CC] charge_type = 3
01-07 07:22:38.722     0     0 W [    5.217330 / 01-07 07:22:38.715][1] healthd: battery l=68 v=3931 t=0.0 h=2 st=2 c=421 chg=u
01-07 07:22:38.722     0     0 W [    5.218596 / 01-07 07:22:38.715][1] healthd: battery l=68 v=3931 t=0.0 h=2 st=2 c=421 chg=u
01-07 07:22:38.722   495   545 I storaged: storaged: Start
01-07 07:22:38.743   493   493 I mediaserver: ServiceManager: 0xe631c1c0
01-07 07:22:38.744   493   493 W BatteryNotifier: batterystats service unavailable!
01-07 07:22:38.778     0     0 I [    5.271131 / 01-07 07:22:38.771][0] android_work: android_work: sent uevent USB_STATE=CONFIGURED
01-07 07:22:38.795   473   473 D vndksupport: Loading /vendor/lib64/egl/libEGL_adreno.so from current namespace instead of sphal namespace.
01-07 07:22:38.802   473   473 D libEGL  : loaded /vendor/lib64/egl/libEGL_adreno.so
01-07 07:22:38.828   484   484 I android.hardware.keymaster@3.0-impl: Fetching keymaster device name default
01-07 07:22:38.828   484   484 D vndksupport: Loading /vendor/lib64/hw/keystore.msm8992.so from current namespace instead of sphal namespace.
01-07 07:22:38.840   471   471 I FastMixerState: sMaxFastTracks = 8
01-07 07:22:38.842   471   471 V MediaUtils: physMem: 2948182016
01-07 07:22:38.842   471   471 V MediaUtils: requested limit: 536870912
01-07 07:22:38.842   471   471 V MediaUtils: actual limit: 536870912
01-07 07:22:38.842   471   471 V MediaUtils: original limits: 4294967295/4294967295
01-07 07:22:38.842   471   471 V MediaUtils: new limits: 536870912/4294967295
01-07 07:22:38.843   471   471 I audioserver: ServiceManager: 0xecc1c100
01-07 07:22:38.843   471   471 W BatteryNotifier: batterystats service unavailable!
01-07 07:22:38.843   471   471 E cutils-trace: Error opening trace file: Permission denied (13)
01-07 07:22:38.846   471   471 D vndksupport: Loading /vendor/lib/hw/android.hardware.audio@2.0-impl.so from current namespace instead of sphal namespace.
01-07 07:22:38.850     0     0 I [    5.344207 / 01-07 07:22:38.843][3] ueventd: loading /devices/soc.0/fe12f000.slim/tomtom-slim-pgd/tomtom_codec/firmware/cpe.b08 took 153ms
01-07 07:22:38.850     0     0 I [    5.346785 / 01-07 07:22:38.843][0] ueventd: firmware: loading 'cpe.b10' for '/devices/soc.0/fe12f000.slim/tomtom-slim-pgd/tomtom_codec/firmware/cpe.b10'
01-07 07:22:38.854   471   471 I chatty  : uid=1041(audioserver) /system/bin/audioserver identical 1 line
01-07 07:22:38.856   471   471 D vndksupport: Loading /vendor/lib/hw/android.hardware.audio@2.0-impl.so from current namespace instead of sphal namespace.
01-07 07:22:38.859   471   471 D vndksupport: Loading /vendor/lib/hw/android.hardware.audio.effect@2.0-impl.so from current namespace instead of sphal namespace.
01-07 07:22:38.872   556   556 I qcom-bluetooth: /system/bin/init.qcom.bt.sh: Bluetooth stack is Bluedroid
01-07 07:22:38.872   471   471 D vndksupport: Loading /vendor/lib/hw/android.hardware.audio.effect@2.0-impl.so from current namespace instead of sphal namespace.
01-07 07:22:38.874   471   471 I AudioFlinger: Using 300 mSec as standby time.
01-07 07:22:38.874     0     0 I [    5.368550 / 01-07 07:22:38.867][3] ueventd: loading /devices/soc.0/fe12f000.slim/tomtom-slim-pgd/tomtom_codec/firmware/cpe.b10 took 21ms
01-07 07:22:38.877   471   471 E APM::Serializer: deserialize: Could not parse /odm/etc/audio_policy_configuration.xml document.
01-07 07:22:38.877   471   471 E APM::Serializer: deserialize: Could not parse /vendor/etc/audio/audio_policy_configuration.xml document.
01-07 07:22:38.878     0     0 I [    5.372227 / 01-07 07:22:38.871][3] init: Service 'config_bluetooth' (pid 469) exited with status 0
01-07 07:22:38.878     0     0 I [    5.372301 / 01-07 07:22:38.871][0] ueventd: firmware: loading 'cpe.b11' for '/devices/soc.0/fe12f000.slim/tomtom-slim-pgd/tomtom_codec/firmware/cpe.b11'
01-07 07:22:38.943   471   471 D vndksupport: Loading /vendor/lib/hw/audio.primary.default.so from current namespace instead of sphal namespace.
01-07 07:22:38.992   471   471 W DeviceHAL: Error from HAL Device in function get_master_volume: Function not implemented
01-07 07:22:38.992   471   471 W DeviceHAL: Error from HAL Device in function get_master_mute: Function not implemented
01-07 07:22:38.992   471   471 W DeviceHAL: Error from HAL Device in function set_master_volume: Function not implemented
01-07 07:22:38.992   471   471 W DeviceHAL: Error from HAL Device in function set_master_mute: Function not implemented
01-07 07:22:38.992   471   471 I AudioFlinger: loadHwModule() Loaded primary audio interface, handle 10
01-07 07:22:38.992   471   471 I AudioFlinger: openOutput() this 0xecc3e000, module 10 Device 0x2, SamplingRate 48000, Format 0x000001, Channels 0x3, flags 0x2
01-07 07:22:38.992   471   471 I AudioFlinger: HAL output buffer size 480 frames, normal sink buffer size 960 frames
01-07 07:22:38.995   471   471 D vndksupport: Loading /vendor/lib/hw/android.hardware.audio.effect@2.0-impl.so from current namespace instead of sphal namespace.
01-07 07:22:38.997   471   471 D vndksupport: Loading /vendor/lib/hw/android.hardware.audio.effect@2.0-impl.so from current namespace instead of sphal namespace.
01-07 07:22:39.002     0     0 I [    5.495994 / 01-07 07:22:38.995][3] ueventd: loading /devices/soc.0/fe12f000.slim/tomtom-slim-pgd/tomtom_codec/firmware/cpe.b11 took 123ms
01-07 07:22:39.002     0     0 I [    5.497475 / 01-07 07:22:38.995][0] ueventd: firmware: loading 'cpe.b12' for '/devices/soc.0/fe12f000.slim/tomtom-slim-pgd/tomtom_codec/firmware/cpe.b12'
01-07 07:22:39.012   471   471 E EffectsFactoryConfigLoader: Could not find library in effect directories: libqcomvisualizer.so
01-07 07:22:39.016   471   471 E EffectsFactoryConfigLoader: Could not find library in effect directories: libqcompostprocbundle.so
01-07 07:22:39.016   471   471 E EffectsFactoryConfigLoader: Could not find library in effect directories: libqcomvoiceprocessing.so
01-07 07:22:39.027   471   471 E EffectsFactoryConfigLoader: Could not find library offload_bundle to load effect bassboost libhw
01-07 07:22:39.027   471   471 E EffectsFactoryConfigLoader: Could not find library offload_bundle to load effect virtualizer libhw
01-07 07:22:39.027   471   471 E EffectsFactoryConfigLoader: Could not find library offload_bundle to load effect equalizer libhw
01-07 07:22:39.027   471   471 E EffectsFactoryConfigLoader: Could not find library offload_bundle to load effect reverb_env_aux libhw
01-07 07:22:39.027   471   471 E EffectsFactoryConfigLoader: Could not find library offload_bundle to load effect reverb_env_ins libhw
01-07 07:22:39.027   471   471 E EffectsFactoryConfigLoader: Could not find library offload_bundle to load effect reverb_pre_aux libhw
01-07 07:22:39.027   471   471 E EffectsFactoryConfigLoader: Could not find library offload_bundle to load effect reverb_pre_ins libhw
01-07 07:22:39.027   471   471 E EffectsFactoryConfigLoader: Could not find library visualizer_hw to load effect visualizer libhw
01-07 07:22:39.027   471   471 E EffectsFactoryConfigLoader: 11 errors during loading of configuration: EffectsFactoryConfigLoader
01-07 07:22:39.027   471   471 E EffectsFactory: Effect config is partially invalid, skipped 11 elements
01-07 07:22:39.027   471   471 I BufferProvider: found effect "Multichannel Downmix To Stereo" from The Android Open Source Project
01-07 07:22:39.027   471   471 I AudioFlinger: Using module 10 as the primary audio interface
01-07 07:22:39.027   471   566 I AudioFlinger: AudioFlinger's thread 0xec283f80 tid=566 ready to run
01-07 07:22:39.028   471   566 W AudioFlinger: no wake lock to update, system not ready yet
01-07 07:22:39.028   471   566 W AudioFlinger: no wake lock to update, system not ready yet
01-07 07:22:39.028   471   560 W DeviceHAL: Error from HAL Device in function set_voice_volume: Function not implemented
01-07 07:22:39.029   471   471 W AudioFlinger: moveEffects() bad srcOutput 0
01-07 07:22:39.029   471   471 W APM_AudioPolicyManager: Output profile contains no device on module primary
01-07 07:22:39.029   471   471 I AudioFlinger: openOutput() this 0xecc3e000, module 10 Device 0x2, SamplingRate 48000, Format 0x000001, Channels 0x3, flags 0x8
01-07 07:22:39.029   471   471 I AudioFlinger: HAL output buffer size 480 frames, normal sink buffer size 960 frames
01-07 07:22:39.030   471   568 I AudioFlinger: AudioFlinger's thread 0xebb83d40 tid=568 ready to run
01-07 07:22:39.030   471   568 W AudioFlinger: no wake lock to update, system not ready yet
01-07 07:22:39.030   471   568 W AudioFlinger: no wake lock to update, system not ready yet
01-07 07:22:39.031   471   471 I AudioFlinger: openOutput() this 0xecc3e000, module 10 Device 0x2, SamplingRate 48000, Format 0x000001, Channels 0x3, flags 0x4
01-07 07:22:39.031   471   471 I AudioFlinger: HAL output buffer size 480 frames, normal sink buffer size 960 frames
01-07 07:22:39.032   471   570 I AudioFlinger: AudioFlinger's thread 0xeb883540 tid=570 ready to run
01-07 07:22:39.032   471   570 W AudioFlinger: no wake lock to update, system not ready yet
01-07 07:22:39.033   471   570 W AudioFlinger: no wake lock to update, system not ready yet
01-07 07:22:39.034     0     0 I [    5.528018 / 01-07 07:22:39.027][3] ueventd: loading /devices/soc.0/fe12f000.slim/tomtom-slim-pgd/tomtom_codec/firmware/cpe.b12 took 30ms
01-07 07:22:39.034     0     0 I [    5.529763 / 01-07 07:22:39.027][0] ueventd: firmware: loading 'cpe.b14' for '/devices/soc.0/fe12f000.slim/tomtom-slim-pgd/tomtom_codec/firmware/cpe.b14'
01-07 07:22:39.035   471   471 W APM_AudioPolicyManager: Output profile contains no device on module primary
01-07 07:22:39.035   471   471 W APM_AudioPolicyManager: Output profile contains no device on module primary
01-07 07:22:39.035   471   471 I AudioFlinger: openOutput() this 0xecc3e000, module 10 Device 0x10000, SamplingRate 48000, Format 0x000001, Channels 0x3, flags 0
01-07 07:22:39.035   471   471 I AudioFlinger: HAL output buffer size 480 frames, normal sink buffer size 960 frames
01-07 07:22:39.036   471   573 I AudioFlinger: AudioFlinger's thread 0xeb583dc0 tid=573 ready to run
01-07 07:22:39.036   471   573 W AudioFlinger: no wake lock to update, system not ready yet
01-07 07:22:39.036   471   573 W AudioFlinger: no wake lock to update, system not ready yet
01-07 07:22:39.038   471   471 W APM_AudioPolicyManager: Output profile contains no device on module primary
01-07 07:22:39.038   471   471 W APM_AudioPolicyManager: Output profile contains no device on module primary
01-07 07:22:39.039   471   574 I AudioFlinger: AudioFlinger's thread 0xeb283080 tid=574 ready to run
01-07 07:22:39.040   471   575 I AudioFlinger: AudioFlinger's thread 0xeb283680 tid=575 ready to run
01-07 07:22:39.086   471   471 I bt_a2dp_hw: adev_open:  adev_open in A2dp_hw module
01-07 07:22:39.086   471   471 I AudioFlinger: loadHwModule() Loaded a2dp audio interface, handle 18
01-07 07:22:39.086   471   471 D vndksupport: Loading /vendor/lib/hw/audio.usb.default.so from current namespace instead of sphal namespace.
01-07 07:22:39.108   471   471 I AudioFlinger: loadHwModule() Loaded usb audio interface, handle 26
01-07 07:22:39.109   471   471 D vndksupport: Loading /vendor/lib/hw/audio.r_submix.default.so from current namespace instead of sphal namespace.
01-07 07:22:39.112   471   471 I r_submix: adev_open(name=audio_hw_if)
01-07 07:22:39.112   471   471 I r_submix: adev_init_check()
01-07 07:22:39.112   471   471 W DeviceHAL: Error from HAL Device in function set_master_mute: Function not implemented
01-07 07:22:39.112   471   471 I AudioFlinger: loadHwModule() Loaded r_submix audio interface, handle 34
01-07 07:22:39.112   471   471 D r_submix: adev_open_input_stream(addr=0)
01-07 07:22:39.112   471   471 D r_submix: submix_audio_device_create_pipe_l(addr=0, idx=9)
01-07 07:22:39.112   471   471 D r_submix:   now using address 0 for route 9
01-07 07:22:39.113   471   576 I AudioFlinger: AudioFlinger's thread 0xeb2831c0 tid=576 ready to run
01-07 07:22:39.113   471   471 D r_submix: adev_close_input_stream()
01-07 07:22:39.113   471   471 D r_submix: submix_audio_device_release_pipe_l(idx=9) addr=0
01-07 07:22:39.113   471   471 D r_submix: submix_audio_device_destroy_pipe_l(): pipe destroyed
01-07 07:22:39.113   471   471 D AudioPolicyManagerCustom: USE_XML_AUDIO_POLICY_CONF is TRUE
01-07 07:22:39.114   471   471 I         : Waiting for activity service
01-07 07:22:39.122     0     0 I [    5.616015 / 01-07 07:22:39.115][1] ueventd: loading /devices/soc.0/fe12f000.slim/tomtom-slim-pgd/tomtom_codec/firmware/cpe.b14 took 86ms
01-07 07:22:39.122     0     0 I [    5.617094 / 01-07 07:22:39.115][1] ueventd: firmware: loading 'cpe.b16' for '/devices/soc.0/fe12f000.slim/tomtom-slim-pgd/tomtom_codec/firmware/cpe.b16'
01-07 07:22:39.226     0     0 I [    5.719804 / 01-07 07:22:39.219][1] ueventd: loading /devices/soc.0/fe12f000.slim/tomtom-slim-pgd/tomtom_codec/firmware/cpe.b16 took 102ms
01-07 07:22:39.226     0     0 I [    5.720834 / 01-07 07:22:39.219][1] ueventd: firmware: loading 'cpe.b18' for '/devices/soc.0/fe12f000.slim/tomtom-slim-pgd/tomtom_codec/firmware/cpe.b18'
01-07 07:22:39.251     0     0 I [    5.744048 / 01-07 07:22:39.243][0] ueventd: loading /devices/soc.0/fe12f000.slim/tomtom-slim-pgd/tomtom_codec/firmware/cpe.b18 took 23ms
01-07 07:22:39.251     0     0 I [    5.747430 / 01-07 07:22:39.247][0] ueventd: firmware: loading 'cpe.b20' for '/devices/soc.0/fe12f000.slim/tomtom-slim-pgd/tomtom_codec/firmware/cpe.b20'
01-07 07:22:39.263   473   473 D vndksupport: Loading /vendor/lib64/egl/libGLESv1_CM_adreno.so from current namespace instead of sphal namespace.
01-07 07:22:39.266   473   473 D libEGL  : loaded /vendor/lib64/egl/libGLESv1_CM_adreno.so
01-07 07:22:39.289   473   473 D vndksupport: Loading /vendor/lib64/egl/libGLESv2_adreno.so from current namespace instead of sphal namespace.
01-07 07:22:39.289   473   473 D libEGL  : loaded /vendor/lib64/egl/libGLESv2_adreno.so
01-07 07:22:39.330     0     0 I [    5.823934 / 01-07 07:22:39.323][1] ueventd: loading /devices/soc.0/fe12f000.slim/tomtom-slim-pgd/tomtom_codec/firmware/cpe.b20 took 76ms
01-07 07:22:39.330     0     0 I [    5.825774 / 01-07 07:22:39.323][0] ueventd: firmware: loading 'cpe.b21' for '/devices/soc.0/fe12f000.slim/tomtom-slim-pgd/tomtom_codec/firmware/cpe.b21'
01-07 07:22:39.377   473   473 D vndksupport: Loading /vendor/lib64/hw/gralloc.msm8992.so from current namespace instead of sphal namespace.
01-07 07:22:39.378     0     0 I [    5.872322 / 01-07 07:22:39.371][1] ueventd: loading /devices/soc.0/fe12f000.slim/tomtom-slim-pgd/tomtom_codec/firmware/cpe.b21 took 46ms
01-07 07:22:39.379   473   473 I auditd  : type=1400 audit(0.0:73): avc: denied { read write } for comm="surfaceflinger" name="kgsl-3d0" dev="tmpfs" ino=11473 scontext=u:r:surfaceflinger:s0 tcontext=u:object_r:device:s0 tclass=chr_file permissive=1
01-07 07:22:39.379   473   473 I surfaceflinger: type=1400 audit(0.0:73): avc: denied { read write } for name="kgsl-3d0" dev="tmpfs" ino=11473 scontext=u:r:surfaceflinger:s0 tcontext=u:object_r:device:s0 tclass=chr_file permissive=1
01-07 07:22:39.379   473   473 I auditd  : type=1400 audit(0.0:74): avc: denied { open } for comm="surfaceflinger" path="/dev/kgsl-3d0" dev="tmpfs" ino=11473 scontext=u:r:surfaceflinger:s0 tcontext=u:object_r:device:s0 tclass=chr_file permissive=1
01-07 07:22:39.379   473   473 I surfaceflinger: type=1400 audit(0.0:74): avc: denied { open } for path="/dev/kgsl-3d0" dev="tmpfs" ino=11473 scontext=u:r:surfaceflinger:s0 tcontext=u:object_r:device:s0 tclass=chr_file permissive=1
01-07 07:22:39.381   473   473 I Adreno  : QUALCOMM build                   : d3015e9, I25dc76dc3f
01-07 07:22:39.381   473   473 I Adreno  : Build Date                       : 01/26/17
01-07 07:22:39.381   473   473 I Adreno  : OpenGL ES Shader Compiler Version: XE031.09.00.03
01-07 07:22:39.381   473   473 I Adreno  : Local Branch                     : 
01-07 07:22:39.381   473   473 I Adreno  : Remote Branch                    : refs/tags/AU_LINUX_ANDROID_LA.BF64.1.2.3_RB1.07.00.00.258.011
01-07 07:22:39.381   473   473 I Adreno  : Remote Branch                    : NONE
01-07 07:22:39.381   473   473 I Adreno  : Reconstruct Branch               : NOTHING
01-07 07:22:39.383   459   459 I auditd  : type=1400 audit(0.0:75): avc: denied { read } for comm="healthd" name="present" dev="sysfs" ino=18306 scontext=u:r:healthd:s0 tcontext=u:object_r:sysfs:s0 tclass=file permissive=1
01-07 07:22:39.383   459   459 I healthd : type=1400 audit(0.0:75): avc: denied { read } for name="present" dev="sysfs" ino=18306 scontext=u:r:healthd:s0 tcontext=u:object_r:sysfs:s0 tclass=file permissive=1
01-07 07:22:39.383   459   459 I auditd  : type=1400 audit(0.0:76): avc: denied { open } for comm="healthd" path="/sys/devices/soc.0/qpnp-smbcharger-17/power_supply/battery/present" dev="sysfs" ino=18306 scontext=u:r:healthd:s0 tcontext=u:object_r:sysfs:s0 tclass=file permissive=1
01-07 07:22:39.383   459   459 I healthd : type=1400 audit(0.0:76): avc: denied { open } for path="/sys/devices/soc.0/qpnp-smbcharger-17/power_supply/battery/present" dev="sysfs" ino=18306 scontext=u:r:healthd:s0 tcontext=u:object_r:sysfs:s0 tclass=file permissive=1
01-07 07:22:39.383   459   459 I auditd  : type=1400 audit(0.0:77): avc: denied { getattr } for comm="healthd" path="/sys/devices/soc.0/qpnp-smbcharger-17/power_supply/battery/present" dev="sysfs" ino=18306 scontext=u:r:healthd:s0 tcontext=u:object_r:sysfs:s0 tclass=file permissive=1
01-07 07:22:39.383   459   459 I healthd : type=1400 audit(0.0:77): avc: denied { getattr } for path="/sys/devices/soc.0/qpnp-smbcharger-17/power_supply/battery/present" dev="sysfs" ino=18306 scontext=u:r:healthd:s0 tcontext=u:object_r:sysfs:s0 tclass=file permissive=1
01-07 07:22:39.391     0     0 I [    5.880070 / 01-07 07:22:39.379][1] ueventd: firmware: loading 'a420_pm4.fw' for '/devices/soc.0/fdb00000.qcom,kgsl-3d0/kgsl/kgsl-3d0/a420_pm4.fw'
01-07 07:22:39.391     0     0 I [    5.882345 / 01-07 07:22:39.379][0] FG: fg_batt_profile_init: Vbat out of range: v_current_pred: 3773781, v:3847633
01-07 07:22:39.391     0     0 I [    5.882382 / 01-07 07:22:39.379][0] FG: fg_batt_profile_init: Using new profile
01-07 07:22:39.391     0     0 I [    5.882393 / 01-07 07:22:39.379][0] FG: loaded profile: f0 83 6b 7d 66 81 ec 77 43 83 e3 5a 7c 81 33 8d
01-07 07:22:39.391     0     0 I [    5.882401 / 01-07 07:22:39.379][0] FG: loaded profile: e1 81 ec 98 7b b5 f8 bb 5b 12 e2 83 4a 7c 63 80
01-07 07:22:39.391     0     0 I [    5.882410 / 01-07 07:22:39.379][0] FG: loaded profile: cf 75 50 83 fd 5a 83 82 e6 8e 12 82 b6 9a 1a be
01-07 07:22:39.391     0     0 I [    5.882418 / 01-07 07:22:39.379][0] FG: loaded profile: be cb 55 0e 96 0b e0 5a 1b 6f 71 fd 2a 31 7e 47
01-07 07:22:39.391     0     0 I [    5.882427 / 01-07 07:22:39.379][0] FG: loaded profile: cf 40 00 00 db 45 0f 32 af 31 00 00 00 00 00 00
01-07 07:22:39.391     0     0 I [    5.882436 / 01-07 07:22:39.379][0] FG: loaded profile: 00 00 00 00 e3 6a e3 6a 9e 6d 47 83 13 7c 23 70
01-07 07:22:39.391     0     0 I [    5.882444 / 01-07 07:22:39.379][0] FG: loaded profile: 0b 74 8f 80 db 75 17 68 ba 75 bf b3 21 5b 69 b5
01-07 07:22:39.391     0     0 I [    5.882453 / 01-07 07:22:39.379][0] FG: loaded profile: 6c a0 71 0c 28 00 ff 36 f0 11 30 03 01 00 00 0e
01-07 07:22:39.391     0     0 I [    5.882477 / 01-07 07:22:39.379][0] FG: new profile: f0 83 6b 7d 66 81 ec 77 43 83 e3 5a 7c 81 33 8d
01-07 07:22:39.391     0     0 I [    5.882486 / 01-07 07:22:39.379][0] FG: new profile: e1 81 ec 98 7b b5 f8 bb 5b 12 e2 83 4a 7c 63 80
01-07 07:22:39.391     0     0 I [    5.882494 / 01-07 07:22:39.379][0] FG: new profile: cf 75 50 83 fd 5a 83 82 e6 8e 12 82 b6 9a 1a be
01-07 07:22:39.391     0     0 I [    5.882503 / 01-07 07:22:39.379][0] FG: new profile: be cb 55 0e 96 0b e0 5a ce 6e 71 fd 2a 31 7e 47
01-07 07:22:39.391     0     0 I [    5.882512 / 01-07 07:22:39.379][0] FG: new profile: cf 40 00 00 db 45 0f 32 af 31 00 00 00 00 00 00
01-07 07:22:39.391     0     0 I [    5.882520 / 01-07 07:22:39.379][0] FG: new profile: 00 00 00 00 e3 6a 60 69 9e 6d 47 83 13 7c 23 70
01-07 07:22:39.391     0     0 I [    5.882529 / 01-07 07:22:39.379][0] FG: new profile: 0b 74 8f 80 db 75 17 68 ba 75 bf b3 21 5b 69 b5
01-07 07:22:39.391     0     0 I [    5.882538 / 01-07 07:22:39.379][0] FG: new profile: 6c a0 71 0c 28 00 ff 36 f0 11 30 03 00 00 00 0e
01-07 07:22:39.391     0     0 I [    5.882546 / 01-07 07:22:39.379][0] FG: fg_do_restart: restarting fuel gauge...
01-07 07:22:39.391     0     0 I [    5.883280 / 01-07 07:22:39.383][0] SMBCHG: smbchg_stay_awake: staying awake: 0x02 (bit 2)
01-07 07:22:39.391     0     0 I [    5.883299 / 01-07 07:22:39.383][0] SMBCHG: smbchg_vfloat_adjust_check: Starting vfloat adjustments
01-07 07:22:39.391     0     0 I [    5.884875 / 01-07 07:22:39.383][0] SMBCHG: smbchg_relax: relaxing: 0x00 (bit 2)
01-07 07:22:39.391     0     0 I         : [    5.885076 / 01-07 07:22:39.383][0] [CC] charge_type = 3
01-07 07:22:39.391     0     0 W [    5.886415 / 01-07 07:22:39.383][0] healthd: battery l=68 v=3931 t=0.0 h=2 st=2 c=421 chg=u
01-07 07:22:39.394     0     0 W [    5.888931 / 01-07 07:22:39.387][0] healthd: battery l=68 v=3931 t=0.0 h=2 st=2 c=421 chg=u
01-07 07:22:39.430     0     0 I [    5.924213 / 01-07 07:22:39.423][3] ueventd: loading /devices/soc.0/fdb00000.qcom,kgsl-3d0/kgsl/kgsl-3d0/a420_pm4.fw took 44ms
01-07 07:22:39.430     0     0 I [    5.925293 / 01-07 07:22:39.423][3] ueventd: firmware: loading 'a420_pfp.fw' for '/devices/soc.0/fdb00000.qcom,kgsl-3d0/kgsl/kgsl-3d0/a420_pfp.fw'
01-07 07:22:39.430     0     0 I [    5.926308 / 01-07 07:22:39.423][3] ueventd: loading /devices/soc.0/fdb00000.qcom,kgsl-3d0/kgsl/kgsl-3d0/a420_pfp.fw took 1ms
01-07 07:22:39.466     0     0 E         : [    5.959491 / 01-07 07:22:39.459][2] devfreq qcom,kgsl-busmon.18: Couldn't update frequency transition information.
01-07 07:22:39.468   473   473 I ConfigStore: android::hardware::configstore::V1_0::ISurfaceFlingerConfigs::hasWideColorDisplay retrieved: 0
01-07 07:22:39.468   473   473 I ConfigStore: android::hardware::configstore::V1_0::ISurfaceFlingerConfigs::hasHDRDisplay retrieved: 0
01-07 07:22:39.469   473   473 I SurfaceFlinger: EGL information:
01-07 07:22:39.469   473   473 I SurfaceFlinger: vendor    : Android
01-07 07:22:39.469   473   473 I SurfaceFlinger: version   : 1.4 Android META-EGL
01-07 07:22:39.469   473   473 I SurfaceFlinger: extensions: EGL_KHR_get_all_proc_addresses EGL_ANDROID_presentation_time EGL_KHR_swap_buffers_with_damage EGL_ANDROID_get_native_client_buffer EGL_ANDROID_front_buffer_auto_refresh EGL_ANDROID_get_frame_timestamps EGL_EXT_surface_SMPTE2086_metadata EGL_EXT_surface_CTA861_3_metadata EGL_KHR_image EGL_KHR_image_base EGL_KHR_lock_surface EGL_KHR_gl_colorspace EGL_KHR_gl_texture_2D_image EGL_KHR_gl_texture_3D_image EGL_KHR_gl_texture_cubemap_image EGL_KHR_gl_renderbuffer_image EGL_KHR_reusable_sync EGL_KHR_fence_sync EGL_KHR_create_context EGL_KHR_surfaceless_context EGL_EXT_create_context_robustness EGL_ANDROID_image_native_buffer EGL_KHR_wait_sync EGL_ANDROID_recordable EGL_KHR_partial_update EGL_KHR_create_context_no_error EGL_KHR_mutable_render_buffer EGL_EXT_yuv_surface EGL_IMG_context_priority 
01-07 07:22:39.469   473   473 I SurfaceFlinger: Client API: OpenGL_ES
01-07 07:22:39.469   473   473 I SurfaceFlinger: EGLSurface: 8-8-8-8, config=0x7a567ce860
01-07 07:22:39.477   473   473 I SurfaceFlinger: OpenGL ES informations:
01-07 07:22:39.477   473   473 I SurfaceFlinger: vendor    : Qualcomm
01-07 07:22:39.477   473   473 I SurfaceFlinger: renderer  : Adreno (TM) 418
01-07 07:22:39.477   473   473 I SurfaceFlinger: version   : OpenGL ES 3.2 V@145.0 (GIT@I25dc76dc3f)
01-07 07:22:39.477   473   473 I SurfaceFlinger: extensions: GL_OES_EGL_image GL_OES_EGL_image_external GL_OES_EGL_sync GL_OES_vertex_half_float GL_OES_framebuffer_object GL_OES_rgb8_rgba8 GL_OES_compressed_ETC1_RGB8_texture GL_AMD_compressed_ATC_texture GL_KHR_texture_compression_astc_ldr GL_OES_texture_npot GL_EXT_texture_filter_anisotropic GL_EXT_texture_format_BGRA8888 GL_OES_texture_3D GL_EXT_color_buffer_float GL_EXT_color_buffer_half_float GL_QCOM_alpha_test GL_OES_depth24 GL_OES_packed_depth_stencil GL_OES_depth_texture GL_OES_depth_texture_cube_map GL_EXT_sRGB GL_OES_texture_float GL_OES_texture_float_linear GL_OES_texture_half_float GL_OES_texture_half_float_linear GL_EXT_texture_type_2_10_10_10_REV GL_EXT_texture_sRGB_decode GL_OES_element_index_uint GL_EXT_copy_image GL_EXT_geometry_shader GL_EXT_tessellation_shader GL_OES_texture_stencil8 GL_EXT_shader_io_blocks GL_OES_shader_image_atomic GL_OES_sample_variables GL_EXT_texture_border_clamp GL_EXT_multisampled_render_to_texture GL_OES_shader_multisample_interpolation GL_EXT_texture_cube_map_arr
01-07 07:22:39.477   473   473 I SurfaceFlinger: GL_MAX_TEXTURE_SIZE = 16384
01-07 07:22:39.477   473   473 I SurfaceFlinger: GL_MAX_VIEWPORT_DIMS = 16384
01-07 07:22:39.479   473   473 D vndksupport: Loading /vendor/lib64/hw/android.hardware.graphics.composer@2.1-impl.so from current namespace instead of sphal namespace.
01-07 07:22:39.486   473   473 D vndksupport: Loading /vendor/lib64/hw/hwcomposer.msm8992.so from current namespace instead of sphal namespace.
01-07 07:22:39.642   403   403 E SELinux : avc:  denied  { add } for service=display.qservice pid=473 uid=1000 scontext=u:r:surfaceflinger:s0 tcontext=u:object_r:default_android_service:s0 tclass=service_manager permissive=1
01-07 07:22:39.642   403   403 I auditd  : avc:  denied  { add } for service=display.qservice pid=473 uid=1000 scontext=u:r:surfaceflinger:s0 tcontext=u:object_r:default_android_service:s0 tclass=service_manager permissive=1
01-07 07:22:39.642   403   403 E SELinux : avc:  denied  { find } for service=display.qservice pid=473 uid=1000 scontext=u:r:surfaceflinger:s0 tcontext=u:object_r:default_android_service:s0 tclass=service_manager permissive=1
01-07 07:22:39.642   403   403 I auditd  : avc:  denied  { find } for service=display.qservice pid=473 uid=1000 scontext=u:r:surfaceflinger:s0 tcontext=u:object_r:default_android_service:s0 tclass=service_manager permissive=1
01-07 07:22:39.643   473   473 I qdutils : PartialUpdate status: Disabled
01-07 07:22:39.643   473   473 I qdutils : Left Align: 0
01-07 07:22:39.643   473   473 I qdutils : Width Align: 0
01-07 07:22:39.643   473   473 I qdutils : Top Align: 0
01-07 07:22:39.643   473   473 I qdutils : Height Align: 0
01-07 07:22:39.643   473   473 I qdutils : Min ROI Width: 0
01-07 07:22:39.643   473   473 I qdutils : Min ROI Height: 0
01-07 07:22:39.643   473   473 I qdutils : Needs ROI Merge: 0
01-07 07:22:39.643   473   473 I qdutils : Dynamic Fps: Disabled
01-07 07:22:39.643   473   473 I qdutils : Min Panel fps: 0
01-07 07:22:39.643   473   473 I qdutils : Max Panel fps: 0
01-07 07:22:39.643   473   473 I qdutils : Left Split=720
01-07 07:22:39.643   473   473 I qdutils : Right Split=720
01-07 07:22:39.643   473   473 D qdutils : getHDMINode: HDMI is at fb1
01-07 07:22:39.644     0     0 E [    6.140646 / 01-07 07:22:39.639][2] hdmi_tx_sysfs_wta_hpd:  
01-07 07:22:39.644     0     0 E [    6.140665 / 01-07 07:22:39.639][2] hdmi_tx_sysfs_wta_hpd: HPD is already off
01-07 07:22:39.644     0     0 E [    6.140709 / 01-07 07:22:39.639][2] hdmi_tx_sysfs_wta_vendor_name: 'LGE'
01-07 07:22:39.644     0     0 E [    6.140743 / 01-07 07:22:39.639][2] hdmi_tx_sysfs_wta_product_description: 'g4_global_com'
01-07 07:22:39.644     0     0 I [    6.140833 / 01-07 07:22:39.639][2] mdss_fb_blank_sub: + mdss_fb_open+0x21c/0x304 fb0 mode:0
01-07 07:22:39.644     0     0 I [    6.140987 / 01-07 07:22:39.639][2] mdss_fb_blank_sub: -
01-07 07:22:39.644     0     0 I [    6.141053 / 01-07 07:22:39.639][2] mdss_fb_blank_sub: + mdss_fb_blank+0x130/0x144 fb0 mode:0
01-07 07:22:39.644     0     0 I [    6.141057 / 01-07 07:22:39.639][2] mdss_fb_blank_sub: -
01-07 07:22:39.644     0     0 E         : [    6.141059 / 01-07 07:22:39.639][2] [Touch] fb_notifier_callback : event = 0
01-07 07:22:39.644     0     0 E         : [    6.141061 / 01-07 07:22:39.639][2] [Touch] touch_resume : touch_resume start
01-07 07:22:39.644     0     0 E         : [    6.141062 / 01-07 07:22:39.639][2] [Touch] touch_resume : Normal mode
01-07 07:22:39.644     0     0 E         : [    6.141067 / 01-07 07:22:39.639][2] [Touch E] [print_swipe_fail_reason 501] print_swipe_fail_reason, 501 : swipe fail reason
01-07 07:22:39.646     0     0 E         : [    6.141839 / 01-07 07:22:39.639][0] [Touch] last swipe_down fail reason:0(SUCCESS)
01-07 07:22:39.646     0     0 E         : [    6.141851 / 01-07 07:22:39.639][0] [Touch] synaptics_ts_power : power_state[0]
01-07 07:22:39.646     0     0 E         : [    6.141859 / 01-07 07:22:39.639][0] [Touch] synaptics_ts_power : power_state[1]
01-07 07:22:39.646     0     0 E         : [    6.141863 / 01-07 07:22:39.639][0] [Touch] touch_resume : touch_resume done
01-07 07:22:39.648   473   473 D vndksupport: Loading /vendor/lib64/hw/copybit.msm8992.so from current namespace instead of sphal namespace.
01-07 07:22:39.650     0     0 E [    6.144661 / 01-07 07:22:39.643][2] hdmi_tx_sysfs_rda_s3d_mode: '0'
01-07 07:22:39.653   473   473 W qdcopybit: open_copybit i = 0 surface_id=-1026555902
01-07 07:22:39.653   473   473 W qdcopybit: open_copybit i = 1 surface_id=-1026555901
01-07 07:22:39.653   473   473 W qdcopybit: open_copybit i = 2 surface_id=-1026555900
01-07 07:22:39.653   473   473 W qdcopybit: open_copybit i = 3 surface_id=-1026555899
01-07 07:22:39.653   473   473 W qdcopybit: open_copybit i = 4 surface_id=-1026555898
01-07 07:22:39.653   473   473 W qdcopybit: open_copybit i = 5 surface_id=-1026555897
01-07 07:22:39.653   473   473 W qdcopybit: open_copybit i = 6 surface_id=-1026555896
01-07 07:22:39.653   473   473 W qdcopybit: open_copybit i = 7 surface_id=-1026555895
01-07 07:22:39.653   473   473 W qdcopybit: open_copybit i = 8 surface_id=-1026555894
01-07 07:22:39.653   473   473 W qdcopybit: open_copybit i = 9 surface_id=-1026555893
01-07 07:22:39.653   473   473 W qdcopybit: open_copybit i = 10 surface_id=-1026555892
01-07 07:22:39.653   473   473 W qdcopybit: open_copybit i = 11 surface_id=-1026555891
01-07 07:22:39.653   473   473 W qdcopybit: open_copybit i = 12 surface_id=-1026555890
01-07 07:22:39.653   473   473 W qdcopybit: open_copybit i = 13 surface_id=-1026555889
01-07 07:22:39.653   473   473 W qdcopybit: open_copybit i = 14 surface_id=-1026555888
