01-07 06:07:56.571   960   960 I lsof    : type=1400 audit(0.0:298): avc: denied { read } for name="cwd" dev="proc" ino=21359 scontext=u:r:toolbox:s0 tcontext=u:r:lmkd:s0 tclass=lnk_file permissive=1
01-07 06:07:56.571   960   960 I lsof    : type=1400 audit(0.0:298): avc: denied { read } for name="cwd" dev="proc" ino=21359 scontext=u:r:toolbox:s0 tcontext=u:r:lmkd:s0 tclass=lnk_file permissive=1
01-07 06:07:56.571   960   960 I lsof    : type=1400 audit(0.0:299): avc: denied { getattr } for path="/system/bin/lmkd" dev="mmcblk0p47" ino=271 scontext=u:r:toolbox:s0 tcontext=u:object_r:lmkd_exec:s0 tclass=file permissive=1
01-07 06:07:57.735     1     1 I init    : type=1400 audit(0.0:700): avc: denied { open } for path="/dev/ttyHSL0" dev="tmpfs" ino=1846 scontext=u:r:init:s0 tcontext=u:object_r:device:s0 tclass=chr_file permissive=1
01-07 06:07:57.739   984   984 I init    : type=1400 audit(0.0:701): avc: denied { ioctl } for path="/dev/ttyHSL0" dev="tmpfs" ino=1846 ioctlcmd=540e scontext=u:r:init:s0 tcontext=u:object_r:device:s0 tclass=chr_file permissive=1
01-07 06:07:59.391     0  1000 I zygote64: Explicit concurrent copying GC freed 6059(221KB) AllocSpace objects, 0(0B) LOS objects, 63% free, 879KB/2MB, paused 135us total 16.323ms
--------- beginning of system
01-07 06:07:59.391     0  1000 D Zygote64Timing: PostZygoteInitGC took to complete: 47ms
01-07 06:07:59.391     0  1000 D Zygote64Timing: ZygoteInit took to complete: 789ms
01-07 06:07:59.392     0  1000 I         : seccomp disabled by setenforce 0
01-07 06:07:59.407     0  1244 I SELinux : SELinux: Loaded service_contexts from:
01-07 06:07:59.408     0  1246 I SELinux : SELinux: Loaded service_contexts from:
01-07 06:07:59.408     0  1244 I SELinux :     /plat_service_contexts
01-07 06:07:59.408     0  1244 I SELinux :     /nonplat_service_contexts
01-07 06:07:59.409  1246  1246 I SELinux :     /vndservice_contexts
01-07 06:07:59.439  1006  1006 I keystore: type=1400 audit(0.0:755): avc: denied { read write } for name="qseecom" dev="tmpfs" ino=1928 scontext=u:r:keystore:s0 tcontext=u:object_r:device:s0 tclass=chr_file permissive=1
01-07 06:07:59.439  1006  1006 I keystore: type=1400 audit(0.0:756): avc: denied { open } for path="/dev/qseecom" dev="tmpfs" ino=1928 scontext=u:r:keystore:s0 tcontext=u:object_r:device:s0 tclass=chr_file permissive=1
01-07 06:07:59.439  1006  1006 I keystore: type=1400 audit(0.0:757): avc: denied { ioctl } for path="/dev/qseecom" dev="tmpfs" ino=1928 ioctlcmd=970a scontext=u:r:keystore:s0 tcontext=u:object_r:device:s0 tclass=chr_file permissive=1
01-07 06:07:59.439  1000  1000 I Zygote  : System server process 1251 has been created
01-07 06:07:59.440  1000  1000 I Zygote  : Accepting command socket connections
01-07 06:07:59.443  1006  1006 I android.hardware.keymaster@3.0-impl: Fetching keymaster device name default
01-07 06:07:59.443  1006  1006 I vndksupport: sphal namespace is not configured for this process. Loading /vendor/lib64/hw/keystore.msm8992.so from the current namespace instead.
01-07 06:07:59.444  1006  1006 I android.hardware.keymaster@3.0-impl: Found keymaster1 module Keymaster QTI HAL, version 100
01-07 06:07:59.444  1006  1006 E keymaster1_device: Keymaster loaded/ queried from Qseecomd
01-07 06:07:59.444  1006  1006 D QSEECOMAPI: : QSEECom_get_handle sb_length = 0xa000
01-07 06:07:59.445  1006  1006 D QSEECOMAPI: : App is not loaded in QSEE
01-07 06:07:59.460  1251  1251 I Zygote  : Process: zygote socket zygote_secondary opened, supported ABIS: armeabi-v7a,armeabi
01-07 06:07:59.463  1251  1251 W system_server: type=1400 audit(0.0:758): avc: granted { execute } for path="/data/dalvik-cache/arm64/system@framework@services.jar@classes.dex" dev="mmcblk0p50" ino=1013834 scontext=u:r:system_server:s0 tcontext=u:object_r:dalvikcache_data_file:s0 tclass=file
01-07 06:07:59.467  1251  1251 W system_server: type=1400 audit(0.0:759): avc: granted { execute } for path="/data/dalvik-cache/arm64/system@framework@ethernet-service.jar@classes.dex" dev="mmcblk0p50" ino=1013836 scontext=u:r:system_server:s0 tcontext=u:object_r:dalvikcache_data_file:s0 tclass=file
01-07 06:07:59.467  1251  1251 W system_server: type=1400 audit(0.0:760): avc: granted { execute } for path="/data/dalvik-cache/arm64/system@framework@wifi-service.jar@classes.dex" dev="mmcblk0p50" ino=1013838 scontext=u:r:system_server:s0 tcontext=u:object_r:dalvikcache_data_file:s0 tclass=file
01-07 06:07:59.477  1251  1251 I SystemServer: InitBeforeStartServices
01-07 06:07:59.477  1251  1251 I SystemServer: Entered the Android system server!
01-07 06:07:59.491  1006  1006 D QSEECOMAPI: : Loaded image: APP id = 4
01-07 06:07:59.496   978   978 I /vendor/bin/hw/android.hardware.media.omx@1.0-service: Non-Treble OMX service created.
01-07 06:07:59.505  1006  1006 E keymaster1_device: TA API Major Verion: 1
01-07 06:07:59.505  1006  1006 E keymaster1_device: TA API Minor Verion: 0
01-07 06:07:59.505  1006  1006 E keymaster1_device: TA Major Verion: 1
01-07 06:07:59.505  1006  1006 E keymaster1_device: TA Minor Verion: 10
01-07 06:07:59.505  1006  1006 E keymaster1_device: set_version_req->flags: 1
01-07 06:07:59.506  1006  1006 D android.hardware.keymaster@3.0-impl: Wrapping keymaster1 module Keymaster QTI HAL with SofKeymasterDevice
01-07 06:07:59.527  1010  1010 I mediametrics: ServiceManager: 0x711f232680
01-07 06:07:59.527  1010  1010 D MediaAnalyticsService: MediaAnalyticsService created
01-07 06:07:59.527  1010  1010 D MediaAnalyticsService: MediaAnalyticsService::newSummarizerSet
01-07 06:07:59.540  1263  1263 I vold    : Vold 3.0 (the awakening) firing up
01-07 06:07:59.540  1263  1263 V vold    : Detected support for: exfat ext4 f2fs ntfs vfat
01-07 06:07:59.543  1263  1263 I vold    : [libfs_mgr]fs_mgr_read_fstab_dt(): failed to read fstab from dt
01-07 06:07:59.615  1251  1251 D SystemServerTiming: InitBeforeStartServices took to complete: 139ms
01-07 06:07:59.616  1251  1251 I SystemServer: StartServices
01-07 06:07:59.616  1251  1251 I SystemServer: Reading configuration...
01-07 06:07:59.616  1251  1251 I SystemServer: ReadingSystemConfig
01-07 06:07:59.616  1251  1251 D SystemServerTiming: ReadingSystemConfig took to complete: 0ms
01-07 06:07:59.616  1251  1251 I SystemServer: StartInstaller
01-07 06:07:59.617  1251  1274 D SystemServerInitThreadPool: Started executing ReadingSystemConfig
01-07 06:07:59.617  1251  1251 I SystemServiceManager: Starting com.android.server.pm.Installer
01-07 06:07:59.617  1251  1251 W Installer: installd not found; trying again
01-07 06:07:59.619  1251  1251 D SystemServerTiming: StartInstaller took to complete: 2ms
01-07 06:07:59.619  1251  1251 I SystemServer: DeviceIdentifiersPolicyService
01-07 06:07:59.619  1251  1251 I SystemServiceManager: Starting com.android.server.os.DeviceIdentifiersPolicyService
01-07 06:07:59.621  1251  1251 D SystemServerTiming: DeviceIdentifiersPolicyService took to complete: 2ms
01-07 06:07:59.621  1251  1251 I SystemServer: StartActivityManager
01-07 06:07:59.621  1251  1251 I SystemServiceManager: Starting com.android.server.am.ActivityManagerService$Lifecycle
01-07 06:07:59.639  1251  1274 D SystemServerInitThreadPool: Finished executing ReadingSystemConfig
01-07 06:07:59.641  1251  1251 I ActivityManager: Memory class: 288
01-07 06:07:59.643  1251  1276 I ServiceThread: Enabled StrictMode logging for ActivityManager looper.
01-07 06:07:59.644  1251  1277 I ServiceThread: Enabled StrictMode logging for android.ui looper.
01-07 06:07:59.669  1251  1251 D BatteryStatsImpl: Reading daily items from /data/system/batterystats-daily.xml
01-07 06:07:59.748  1002  1002 I audioserver: ServiceManager: 0xed5174a0
01-07 06:07:59.748  1002  1002 W BatteryNotifier: batterystats service unavailable!
01-07 06:07:59.762  1002  1002 I AudioFlinger: Using default 3000 mSec as standby time.
01-07 06:07:59.764  1002  1002 E APM::Serializer: deserialize: Could not parse /odm/etc/audio_policy_configuration.xml document.
01-07 06:07:59.764  1002  1002 E APM::Serializer: deserialize: Could not parse /vendor/etc/audio_policy_configuration.xml document.
01-07 06:07:59.767  1251  1251 I IntentFirewall: Read new rules (A:0 B:0 S:0)
01-07 06:07:59.773  1251  1292 I ServiceThread: Enabled StrictMode logging for android.display looper.
01-07 06:07:59.774  1251  1251 W system_server: failed to remove /acct/uid_1036/pid_1243: Device or resource busy
01-07 06:07:59.774  1251  1251 W system_server: failed to remove /acct/uid_1036: Permission denied
01-07 06:07:59.774  1251  1251 W system_server: failed to remove /acct/uid_1010/pid_1016: Device or resource busy
01-07 06:07:59.774  1251  1251 W system_server: failed to remove /acct/uid_1010: Permission denied
01-07 06:07:59.774  1251  1251 W system_server: failed to remove /acct/uid_1058/pid_1015: Device or resource busy
01-07 06:07:59.774  1251  1251 W system_server: failed to remove /acct/uid_1058: Permission denied
01-07 06:07:59.774  1251  1251 W system_server: failed to remove /acct/uid_1040/pid_1009: Device or resource busy
01-07 06:07:59.774  1251  1251 W system_server: failed to remove /acct/uid_1040: Permission denied
01-07 06:07:59.774  1251  1251 W system_server: failed to remove /acct/uid_1017/pid_1006: Device or resource busy
01-07 06:07:59.774  1251  1251 W system_server: failed to remove /acct/uid_1017: Permission denied
01-07 06:07:59.774  1251  1251 W system_server: failed to remove /acct/uid_1019/pid_1003: Device or resource busy
01-07 06:07:59.775  1251  1251 W system_server: failed to remove /acct/uid_1019: Permission denied
01-07 06:07:59.775  1251  1251 W system_server: failed to remove /acct/uid_1041/pid_1002: Device or resource busy
01-07 06:07:59.775  1251  1251 W system_server: failed to remove /acct/uid_1041: Permission denied
01-07 06:07:59.775  1251  1251 W system_server: failed to remove /acct/uid_1013/pid_1012: Device or resource busy
01-07 06:07:59.775  1251  1251 W system_server: failed to remove /acct/uid_1013/pid_1010: Device or resource busy
01-07 06:07:59.775  1251  1251 W system_server: failed to remove /acct/uid_1013/pid_1008: Device or resource busy
01-07 06:07:59.775  1251  1251 W system_server: failed to remove /acct/uid_1013/pid_998: Device or resource busy
01-07 06:07:59.775  1251  1251 W system_server: failed to remove /acct/uid_1013: Permission denied
01-07 06:07:59.775  1251  1251 W system_server: failed to remove /acct/uid_1000/pid_1246: Device or resource busy
01-07 06:07:59.775  1251  1251 W system_server: failed to remove /acct/uid_1000/pid_1245: Device or resource busy
01-07 06:07:59.775  1251  1251 W system_server: failed to remove /acct/uid_1000/pid_1244: Device or resource busy
01-07 06:07:59.775  1251  1251 W system_server: failed to remove /acct/uid_1000/pid_1004: Device or resource busy
01-07 06:07:59.775  1251  1251 W system_server: failed to remove /acct/uid_1000/pid_999: Device or resource busy
01-07 06:07:59.775  1251  1251 W system_server: failed to remove /acct/uid_1000/pid_995: Device or resource busy
01-07 06:07:59.775  1251  1251 W system_server: failed to remove /acct/uid_1000/pid_987: Device or resource busy
01-07 06:07:59.775  1251  1251 W system_server: failed to remove /acct/uid_1000/pid_986: Device or resource busy
01-07 06:07:59.775  1251  1251 W system_server: failed to remove /acct/uid_1000: Permission denied
01-07 06:07:59.775  1251  1251 W system_server: failed to remove /acct/uid_2000/pid_984: Device or resource busy
01-07 06:07:59.775  1251  1251 W system_server: failed to remove /acct/uid_2000: Permission denied
01-07 06:07:59.775  1251  1251 W system_server: failed to remove /acct/uid_1046/pid_978: Device or resource busy
01-07 06:07:59.775  1251  1251 W system_server: failed to remove /acct/uid_1046: Permission denied
01-07 06:07:59.776  1251  1251 W system_server: failed to remove /acct/uid_1003: Permission denied
01-07 06:07:59.776  1251  1251 W system_server: failed to remove /acct/uid_1047/pid_528: Device or resource busy
01-07 06:07:59.776  1251  1251 W system_server: failed to remove /acct/uid_1047: Permission denied
01-07 06:07:59.776  1251  1251 W system_server: failed to remove /acct/uid_0/pid_1263: Device or resource busy
01-07 06:07:59.776  1251  1251 W system_server: failed to remove /acct/uid_0/pid_1014: Device or resource busy
01-07 06:07:59.776  1251  1251 W system_server: failed to remove /acct/uid_0/pid_1013: Device or resource busy
01-07 06:07:59.776  1251  1251 W system_server: failed to remove /acct/uid_0/pid_1005: Device or resource busy
01-07 06:07:59.776  1251  1251 W system_server: failed to remove /acct/uid_0/pid_1001: Device or resource busy
01-07 06:07:59.776  1251  1251 W system_server: failed to remove /acct/uid_0/pid_1000: Device or resource busy
01-07 06:07:59.776  1251  1251 W system_server: failed to remove /acct/uid_0/pid_997: Device or resource busy
01-07 06:07:59.776  1251  1251 W system_server: failed to remove /acct/uid_0/pid_994: Device or resource busy
01-07 06:07:59.776  1251  1251 W system_server: failed to remove /acct/uid_0/pid_993: Device or resource busy
01-07 06:07:59.776  1251  1251 W system_server: failed to remove /acct/uid_0/pid_992: Device or resource busy
01-07 06:07:59.776  1251  1251 W system_server: failed to remove /acct/uid_0/pid_990: Device or resource busy
01-07 06:07:59.776  1251  1251 W system_server: failed to remove /acct/uid_0/pid_989: Device or resource busy
01-07 06:07:59.776  1251  1251 W system_server: failed to remove /acct/uid_0/pid_988: Device or resource busy
01-07 06:07:59.776  1251  1251 W system_server: failed to remove /acct/uid_0/pid_985: Device or resource busy
01-07 06:07:59.776  1251  1251 W system_server: failed to remove /acct/uid_0/pid_983: Device or resource busy
01-07 06:07:59.776  1251  1251 W system_server: failed to remove /acct/uid_0/pid_975: Device or resource busy
01-07 06:07:59.777  1002  1002 I vndksupport: sphal namespace is not configured for this process. Loading /vendor/lib/hw/audio.primary.default.so from the current namespace instead.
01-07 06:07:59.777  1251  1251 W system_server: failed to remove /acct/uid_0: Permission denied
01-07 06:07:59.778  1002  1002 W DeviceHAL: Device 0xed573000 get_master_volume: Function not implemented
01-07 06:07:59.778  1002  1002 W DeviceHAL: Device 0xed573000 get_master_mute: Function not implemented
01-07 06:07:59.778  1002  1002 W DeviceHAL: Device 0xed573000 set_master_volume: Function not implemented
01-07 06:07:59.778  1002  1002 W DeviceHAL: Device 0xed573000 set_master_mute: Function not implemented
01-07 06:07:59.778  1002  1002 I AudioFlinger: loadHwModule() Loaded primary audio interface, handle 10
01-07 06:07:59.778  1002  1002 I AudioFlinger: openOutput() this 0xed53d000, module 10 Device 2, SamplingRate 48000, Format 0x000001, Channels 3, flags 2
01-07 06:07:59.778  1002  1002 I AudioFlinger: HAL output buffer size 1024 frames, normal sink buffer size 1024 frames
01-07 06:07:59.780  1251  1251 D AppOps  : AppOpsService published
01-07 06:07:59.781  1002  1002 W EffectsFactory: checkLibraryPath() corrected library path /system/lib/soundfx/libbundlewrapper.so to /vendor/lib/soundfx/libbundlewrapper.so
01-07 06:07:59.781  1251  1251 D SystemServerTiming: StartActivityManager took to complete: 160ms
01-07 06:07:59.781  1251  1251 I SystemServer: StartPowerManager
01-07 06:07:59.781  1251  1251 I SystemServiceManager: Starting com.android.server.power.PowerManagerService
01-07 06:07:59.781  1002  1002 W EffectsFactory: checkLibraryPath() corrected library path /system/lib/soundfx/libreverbwrapper.so to /vendor/lib/soundfx/libreverbwrapper.so
01-07 06:07:59.783  1251  1299 I ServiceThread: Enabled StrictMode logging for PowerManagerService looper.
01-07 06:07:59.785  1002  1002 W EffectsFactory: checkLibraryPath() corrected library path /system/lib/soundfx/libvisualizer.so to /vendor/lib/soundfx/libvisualizer.so
01-07 06:07:59.786  1002  1002 W EffectsFactory: loadLibrary() could not find library /system/lib/soundfx/libqcomvisualizer.so
01-07 06:07:59.786  1002  1002 W EffectsFactory: checkLibraryPath() corrected library path /system/lib/soundfx/libdownmix.so to /vendor/lib/soundfx/libdownmix.so
01-07 06:07:59.787  1002  1002 W EffectsFactory: checkLibraryPath() corrected library path /system/lib/soundfx/libldnhncr.so to /vendor/lib/soundfx/libldnhncr.so
01-07 06:07:59.788  1002  1002 W EffectsFactory: checkLibraryPath() corrected library path /system/lib/soundfx/libeffectproxy.so to /vendor/lib/soundfx/libeffectproxy.so
01-07 06:07:59.788  1002  1002 W EffectsFactory: loadLibrary() could not find library /system/lib/soundfx/libqcompostprocbundle.so
01-07 06:07:59.788  1251  1251 I vndksupport: sphal namespace is not configured for this process. Loading /vendor/lib64/hw/power.msm8992.so from the current namespace instead.
01-07 06:07:59.788  1002  1002 W EffectsFactory: loadLibrary() could not find library /system/lib/soundfx/libqcomvoiceprocessing.so
01-07 06:07:59.788  1002  1002 W EffectsFactory: addSubEffect() could not get library offload_bundle
01-07 06:07:59.789  1002  1002 W EffectsFactory: loadEffect() could not add subEffect 
01-07 06:07:59.789  1002  1002 W EffectsFactory: addSubEffect() could not get library offload_bundle
01-07 06:07:59.789  1002  1002 W EffectsFactory: loadEffect() could not add subEffect 
01-07 06:07:59.789  1002  1002 W EffectsFactory: addSubEffect() could not get library offload_bundle
01-07 06:07:59.789  1002  1002 W EffectsFactory: loadEffect() could not add subEffect 
01-07 06:07:59.789  1002  1002 W EffectsFactory: addSubEffect() could not get library offload_bundle
01-07 06:07:59.789  1002  1002 W EffectsFactory: loadEffect() could not add subEffect 
01-07 06:07:59.789  1002  1002 W EffectsFactory: addSubEffect() could not get library offload_bundle
01-07 06:07:59.789  1002  1002 W EffectsFactory: loadEffect() could not add subEffect 
01-07 06:07:59.789  1002  1002 W EffectsFactory: addSubEffect() could not get library offload_bundle
01-07 06:07:59.789  1002  1002 W EffectsFactory: loadEffect() could not add subEffect 
01-07 06:07:59.789  1002  1002 W EffectsFactory: addSubEffect() could not get library offload_bundle
01-07 06:07:59.789  1002  1002 W EffectsFactory: loadEffect() could not add subEffect 
01-07 06:07:59.789  1002  1002 W EffectsFactory: addSubEffect() could not get library visualizer_hw
01-07 06:07:59.789  1002  1002 W EffectsFactory: loadEffect() could not add subEffect 
01-07 06:07:59.789  1002  1002 W EffectsFactory: loadEffect() could not get library offload_bundle
01-07 06:07:59.789  1002  1002 W EffectsFactory: loadEffect() could not get library audio_pre_processing
01-07 06:07:59.789  1002  1002 W EffectsFactory: loadEffect() could not get library audio_pre_processing
01-07 06:07:59.789  1002  1002 I BufferProvider: found effect "Multichannel Downmix To Stereo" from The Android Open Source Project
01-07 06:07:59.789  1002  1002 I AudioFlinger: Using module 10 as the primary audio interface
01-07 06:07:59.790  1002  1002 W AudioFlinger: moveEffects() bad srcOutput 0
01-07 06:07:59.790  1002  1300 I AudioFlinger: AudioFlinger's thread 0xec703ec0 tid=1300 ready to run
01-07 06:07:59.791  1002  1300 W AudioFlinger: no wake lock to update, system not ready yet
01-07 06:07:59.791  1251  1251 I QCOM PowerHAL: QCOM power HAL initing.
01-07 06:07:59.791  1251  1251 I PowerManagerService-JNI: Loaded power HAL service
01-07 06:07:59.792  1002  1300 W AudioFlinger: no wake lock to update, system not ready yet
01-07 06:07:59.792  1002  1287 W DeviceHAL: Device 0xed573000 set_voice_volume: Function not implemented
01-07 06:07:59.792  1251  1251 I libsuspend: Selected wakeup count
01-07 06:07:59.792  1251  1251 I QCOM PowerHAL: Got set_interactive hint
01-07 06:07:59.794  1251  1251 D SystemServerTiming: StartPowerManager took to complete: 13ms
01-07 06:07:59.794  1251  1251 I SystemServer: InitPowerManagement
01-07 06:07:59.796  1251  1251 D SystemServerTiming: InitPowerManagement took to complete: 2ms
01-07 06:07:59.796  1251  1251 I SystemServer: StartRecoverySystemService
01-07 06:07:59.796  1002  1002 W APM_AudioPolicyManager: Output profile contains no device on module primary
01-07 06:07:59.796  1251  1251 I SystemServiceManager: Starting com.android.server.RecoverySystemService
01-07 06:07:59.796  1002  1002 I AudioFlinger: openOutput() this 0xed53d000, module 10 Device 2, SamplingRate 48000, Format 0x000001, Channels 3, flags 8
01-07 06:07:59.796  1002  1002 I AudioFlinger: HAL output buffer size 1024 frames, normal sink buffer size 1024 frames
01-07 06:07:59.797  1002  1305 I AudioFlinger: AudioFlinger's thread 0xec203f00 tid=1305 ready to run
01-07 06:07:59.797  1002  1305 W AudioFlinger: no wake lock to update, system not ready yet
01-07 06:07:59.798  1251  1251 D SystemServerTiming: StartRecoverySystemService took to complete: 2ms
01-07 06:07:59.798  1002  1002 I AudioFlinger: openOutput() this 0xed53d000, module 10 Device 2, SamplingRate 48000, Format 0x000001, Channels 3, flags 4
01-07 06:07:59.799  1002  1002 I AudioFlinger: HAL output buffer size 1024 frames, normal sink buffer size 1024 frames
01-07 06:07:59.799  1251  1251 V RescueParty: Disabled because of active USB connection
01-07 06:07:59.799  1251  1251 I SystemServer: StartLightsService
01-07 06:07:59.799  1251  1251 I SystemServiceManager: Starting com.android.server.lights.LightsService
01-07 06:07:59.799  1002  1305 W AudioFlinger: no wake lock to update, system not ready yet
01-07 06:07:59.799  1002  1307 I AudioFlinger: AudioFlinger's thread 0xebf83640 tid=1307 ready to run
01-07 06:07:59.799  1251  1251 D SystemServerTiming: StartLightsService took to complete: 1ms
01-07 06:07:59.800  1002  1307 W AudioFlinger: no wake lock to update, system not ready yet
01-07 06:07:59.800  1251  1251 I SystemServer: StartDisplayManager
01-07 06:07:59.800  1251  1251 I SystemServiceManager: Starting com.android.server.display.DisplayManagerService
01-07 06:07:59.800  1002  1002 W APM_AudioPolicyManager: Output profile contains no device on module primary
01-07 06:07:59.800  1002  1002 W APM_AudioPolicyManager: Output profile contains no device on module primary
01-07 06:07:59.801  1002  1002 I AudioFlinger: openOutput() this 0xed53d000, module 10 Device 10000, SamplingRate 48000, Format 0x000001, Channels 3, flags 0
01-07 06:07:59.801  1002  1002 I AudioFlinger: HAL output buffer size 1024 frames, normal sink buffer size 1024 frames
01-07 06:07:59.802  1251  1292 I ServiceManager: Waiting for service SurfaceFlinger...
01-07 06:07:59.802  1002  1307 W AudioFlinger: no wake lock to update, system not ready yet
01-07 06:07:59.804  1251  1251 D SystemServerTiming: StartDisplayManager took to complete: 4ms
01-07 06:07:59.804  1251  1251 I SystemServer: WaitForDisplay
01-07 06:07:59.804  1251  1251 I SystemServiceManager: Starting phase 100
01-07 06:07:59.807  1002  1309 I AudioFlinger: AudioFlinger's thread 0xebd03f80 tid=1309 ready to run
01-07 06:07:59.807  1002  1309 W AudioFlinger: no wake lock to update, system not ready yet
01-07 06:07:59.807  1002  1309 W AudioFlinger: no wake lock to update, system not ready yet
01-07 06:07:59.808  1002  1002 W APM_AudioPolicyManager: Output profile contains no device on module primary
01-07 06:07:59.808  1002  1002 W APM_AudioPolicyManager: Output profile contains no device on module primary
01-07 06:07:59.808  1002  1312 I AudioFlinger: AudioFlinger's thread 0xeba83a00 tid=1312 ready to run
01-07 06:07:59.809  1002  1314 I AudioFlinger: AudioFlinger's thread 0xeba83700 tid=1314 ready to run
01-07 06:07:59.816  1002  1002 I bt_a2dp_hw: adev_open:  adev_open in A2dp_hw module
01-07 06:07:59.816  1002  1002 I AudioFlinger: loadHwModule() Loaded a2dp audio interface, handle 18
01-07 06:07:59.817  1002  1002 I vndksupport: sphal namespace is not configured for this process. Loading /vendor/lib/hw/audio.usb.default.so from the current namespace instead.
01-07 06:07:59.818  1002  1002 I AudioFlinger: loadHwModule() Loaded usb audio interface, handle 26
01-07 06:07:59.819  1002  1002 I vndksupport: sphal namespace is not configured for this process. Loading /vendor/lib/hw/audio.r_submix.default.so from the current namespace instead.
01-07 06:07:59.820  1002  1002 I r_submix: adev_open(name=audio_hw_if)
01-07 06:07:59.820  1002  1002 I r_submix: adev_init_check()
01-07 06:07:59.820  1002  1002 W DeviceHAL: Device 0xebd54640 set_master_mute: Function not implemented
01-07 06:07:59.820  1002  1002 I AudioFlinger: loadHwModule() Loaded r_submix audio interface, handle 34
01-07 06:07:59.820  1002  1002 D r_submix: adev_open_input_stream(addr=0)
01-07 06:07:59.820  1002  1002 D r_submix: submix_audio_device_create_pipe_l(addr=0, idx=9)
01-07 06:07:59.820  1002  1002 D r_submix:   now using address 0 for route 9
01-07 06:07:59.821  1002  1318 I AudioFlinger: AudioFlinger's thread 0xeba83c80 tid=1318 ready to run
01-07 06:07:59.821  1002  1002 D r_submix: adev_close_input_stream()
01-07 06:07:59.821  1002  1002 D r_submix: submix_audio_device_release_pipe_l(idx=9) addr=0
01-07 06:07:59.821  1002  1002 D r_submix: submix_audio_device_destroy_pipe_l(): pipe destroyed
01-07 06:07:59.822  1002  1002 I RadioService: RadioService
01-07 06:07:59.822  1002  1002 I RadioService: onFirstRef
01-07 06:07:59.825  1002  1002 I BroadcastRadio: onFirstRef mClassId 0
01-07 06:07:59.826  1002  1002 I BroadcastRadio: onFirstRef RADIO_HARDWARE_MODULE_ID radio fm
01-07 06:07:59.826  1002  1002 E BroadcastRadio: couldn't load radio module radio.fm (No such file or directory)
01-07 06:07:59.826  1002  1002 E RadioService: could not read implementation properties
01-07 06:07:59.829  1002  1002 E SoundTriggerHalImpl: couldn't load sound trigger module sound_trigger.primary (No such file or directory)
01-07 06:07:59.829  1002  1002 I SoundTriggerHalHidl: getProperties res implementor 
01-07 06:07:59.829  1002  1002 I SoundTriggerHalHidl: getProperties ret -19
01-07 06:07:59.829  1002  1002 E SoundTriggerHwService: could not read implementation properties
01-07 06:07:59.839  1013  1013 I Netd    : Registering NetdNativeService: 1001.2ms
01-07 06:07:59.839  1013  1013 I Netd    : Starting CommandListener: 0.6ms
01-07 06:07:59.841  1013  1013 I Netd    : Registering NetdHwService: 2.0ms
01-07 06:07:59.841  1013  1013 I Netd    : Netd started in 1578ms
01-07 06:07:59.852  1012  1012 I mediaserver: ServiceManager: 0xeba97540
01-07 06:07:59.991   995   995 I pm-proxy: type=1400 audit(0.0:761): avc: denied { call } for scontext=u:r:init:s0 tcontext=u:r:servicemanager:s0 tclass=binder permissive=1
01-07 06:07:59.996   995   995 I ServiceManager: Waiting for service vendor.qcom.PeripheralManager...
01-07 06:08:00.019  1019  1019 I time_daemon: type=1400 audit(0.0:762): avc: denied { ioctl } for path="socket:[25621]" dev="sockfs" ino=25621 ioctlcmd=c302 scontext=u:r:init:s0 tcontext=u:r:init:s0 tclass=socket permissive=1
01-07 06:08:00.026   997  1019 E QMI_FW  : QMUXD: WARNING qmi_qmux_if_pwr_up_init failed! rc=-1
01-07 06:08:00.027   997  1019 I chatty  : uid=1000(system) /system/bin/time_daemon identical 2 lines
01-07 06:08:00.027   997  1019 E QMI_FW  : QMUXD: WARNING qmi_qmux_if_pwr_up_init failed! rc=-1
01-07 06:08:00.027   997  1019 E QC-time-services: Daemon:genoff_modem_qmi_service_request: qmi_client_get_service_list returned -2num_services 0
01-07 06:08:00.251  1004  1004 I gatekeeperd: type=1400 audit(0.0:763): avc: denied { read write } for name="qseecom" dev="tmpfs" ino=1928 scontext=u:r:gatekeeperd:s0 tcontext=u:object_r:device:s0 tclass=chr_file permissive=1
01-07 06:08:00.251  1004  1004 I gatekeeperd: type=1400 audit(0.0:764): avc: denied { open } for path="/dev/qseecom" dev="tmpfs" ino=1928 scontext=u:r:gatekeeperd:s0 tcontext=u:object_r:device:s0 tclass=chr_file permissive=1
01-07 06:08:00.251  1004  1004 I gatekeeperd: type=1400 audit(0.0:765): avc: denied { ioctl } for path="/dev/qseecom" dev="tmpfs" ino=1928 ioctlcmd=970a scontext=u:r:gatekeeperd:s0 tcontext=u:object_r:device:s0 tclass=chr_file permissive=1
01-07 06:08:00.257  1004  1004 I vndksupport: sphal namespace is not configured for this process. Loading /vendor/lib64/hw/gatekeeper.msm8992.so from the current namespace instead.
01-07 06:08:00.257  1004  1004 D gatekeeper_device: HwKmOpen called
01-07 06:08:00.258  1004  1004 E gatekeeper_device: Gatekeeper (Keymaster TA) loaded/ queried from Qseecomd
01-07 06:08:00.258  1004  1004 D QSEECOMAPI: : QSEECom_get_handle sb_length = 0xa000
01-07 06:08:00.258  1004  1004 D QSEECOMAPI: : App is already loaded QSEE and app id = 4
01-07 06:08:00.352  1008  1008 I mediaserver: ServiceManager: 0xe92174a0
01-07 06:08:00.463  1340  1340 I init    : type=1400 audit(0.0:766): avc: denied { execute_no_trans } for path="/system/bin/rfs_access" dev="mmcblk0p47" ino=366 scontext=u:r:init:s0 tcontext=u:object_r:system_file:s0 tclass=file permissive=1
01-07 06:08:00.492  1331  1331 I ServiceManagement: Removing namespace from process name android.hidl.allocator@1.0-service to allocator@1.0-s.
01-07 06:08:00.503  1332  1332 I ServiceManagement: Removing namespace from process name android.hardware.configstore@1.0-service to configstore@1.0.
01-07 06:08:00.507  1340  1340 W rfs_access: type=1400 audit(0.0:767): avc: granted { read } for name="uio1" dev="tmpfs" ino=1845 scontext=u:r:init:s0 tcontext=u:object_r:uio_device:s0 tclass=chr_file
01-07 06:08:00.507  1340  1340 W rfs_access: type=1400 audit(0.0:768): avc: granted { read open } for path="/dev/uio1" dev="tmpfs" ino=1845 scontext=u:r:init:s0 tcontext=u:object_r:uio_device:s0 tclass=chr_file
01-07 06:08:00.507  1340  1340 W rfs_access: type=1400 audit(0.0:769): avc: granted { read } for path="/dev/uio1" dev="tmpfs" ino=1845 scontext=u:r:init:s0 tcontext=u:object_r:uio_device:s0 tclass=chr_file
01-07 06:08:00.511  1340  1340 W rfs_access: type=1400 audit(0.0:770): avc: granted { read } for name="uio2" dev="tmpfs" ino=9940 scontext=u:r:init:s0 tcontext=u:object_r:uio_device:s0 tclass=chr_file
01-07 06:08:00.511  1340  1340 W rfs_access: type=1400 audit(0.0:771): avc: granted { read open } for path="/dev/uio2" dev="tmpfs" ino=9940 scontext=u:r:init:s0 tcontext=u:object_r:uio_device:s0 tclass=chr_file
01-07 06:08:00.511  1340  1340 W rfs_access: type=1400 audit(0.0:772): avc: granted { read } for path="/dev/uio2" dev="tmpfs" ino=9940 scontext=u:r:init:s0 tcontext=u:object_r:uio_device:s0 tclass=chr_file
01-07 06:08:00.511  1340  1340 W rfs_access: type=1400 audit(0.0:773): avc: granted { read } for name="uio3" dev="tmpfs" ino=10197 scontext=u:r:init:s0 tcontext=u:object_r:uio_device:s0 tclass=chr_file
01-07 06:08:00.511  1340  1340 W rfs_access: type=1400 audit(0.0:774): avc: granted { read open } for path="/dev/uio3" dev="tmpfs" ino=10197 scontext=u:r:init:s0 tcontext=u:object_r:uio_device:s0 tclass=chr_file
01-07 06:08:00.511  1340  1340 W rfs_access: type=1400 audit(0.0:775): avc: granted { read } for path="/dev/uio3" dev="tmpfs" ino=10197 scontext=u:r:init:s0 tcontext=u:object_r:uio_device:s0 tclass=chr_file
01-07 06:08:00.518  1340  1340 I rfs_access: All clients successfully initialized.
01-07 06:08:00.518  1340  1340 I rfs_access: Capset success!
01-07 06:08:00.518  1340  1340 I rfs_access: All Data dirs exist or were created successfully.
01-07 06:08:00.522  1335  1335 E android.hardware.nfc@1.0-impl: hw_get_module nfc_nci failed: -2
01-07 06:08:00.522  1335  1335 E android.hardware.nfc@1.0-impl: Passthrough failed to load legacy HAL.
01-07 06:08:00.522  1335  1335 E android.hardware.nfc@1.0-service: Could not get passthrough implementation for android.hardware.nfc@1.0::INfc/default.
01-07 06:08:00.523  1341  1341 I qseecomd: type=1400 audit(0.0:776): avc: denied { write } for name="mmcblk0rpmb" dev="tmpfs" ino=9986 scontext=u:r:init:s0 tcontext=u:object_r:block_device:s0 tclass=blk_file permissive=1
01-07 06:08:00.527  1341  1341 D QSEECOMD: : qseecom listener services process entry PPID = 1
01-07 06:08:00.527  1341  1341 E QSEECOMD: : Listener: index = 0, hierarchy = 0
01-07 06:08:00.527  1341  1341 D QSEECOMD: : Init dlopen(librpmb.so, RTLD_NOW) succeeds
01-07 06:08:00.527  1341  1341 D QSEECOMD: : Init::Init dlsym(g_FSHandle rpmb_init_service) succeeds
01-07 06:08:00.528  1341  1341 I rpmb_emmc: RPMB Mult = 16384, Rel_sec_cnt = 1
01-07 06:08:00.528  1341  1341 E DrmLibRpmb: rpmb_init succeeded! with ret = 0
01-07 06:08:00.528  1341  1341 D QSEECOMD: : Init rpmb_init_service ret = 0
01-07 06:08:00.528  1341  1341 D QSEECOMD: : RPMB system services: init (Listener ID = 8192)
01-07 06:08:00.528  1341  1341 E QSEECOMD: : Listener: index = 1, hierarchy = 0
01-07 06:08:00.528  1341  1341 D QSEECOMD: : Init dlopen(libssd.so, RTLD_NOW) succeeds
01-07 06:08:00.528  1341  1341 D QSEECOMD: : Init::Init dlsym(g_FSHandle ssd_init_service) succeeds
01-07 06:08:00.528  1341  1341 E SSD     : ssd_init_service succeeded!
01-07 06:08:00.528  1341  1341 D QSEECOMD: : Init ssd_init_service ret = 0
01-07 06:08:00.528  1341  1341 D QSEECOMD: : SSD system services: init (Listener ID = 12288)
01-07 06:08:00.528  1341  1341 E QSEECOMD: : Listener: index = 2, hierarchy = 0
01-07 06:08:00.531  1345  1345 I qseecomd: type=1400 audit(0.0:777): avc: denied { read write } for name="qseecom" dev="tmpfs" ino=1928 scontext=u:r:init:s0 tcontext=u:object_r:device:s0 tclass=chr_file permissive=1
01-07 06:08:00.531  1345  1345 I qseecomd: type=1400 audit(0.0:778): avc: denied { open } for path="/dev/qseecom" dev="tmpfs" ino=1928 scontext=u:r:init:s0 tcontext=u:object_r:device:s0 tclass=chr_file permissive=1
01-07 06:08:00.531  1345  1345 I qseecomd: type=1400 audit(0.0:779): avc: denied { ioctl } for path="/dev/qseecom" dev="tmpfs" ino=1928 ioctlcmd=970a scontext=u:r:init:s0 tcontext=u:object_r:device:s0 tclass=chr_file permissive=1
01-07 06:08:00.531  1345  1345 W qseecomd: type=1400 audit(0.0:780): avc: granted { read } for name="ion" dev="tmpfs" ino=1867 scontext=u:r:init:s0 tcontext=u:object_r:ion_device:s0 tclass=chr_file
01-07 06:08:00.531  1345  1345 W qseecomd: type=1400 audit(0.0:781): avc: granted { read open } for path="/dev/ion" dev="tmpfs" ino=1867 scontext=u:r:init:s0 tcontext=u:object_r:ion_device:s0 tclass=chr_file
01-07 06:08:00.531  1345  1345 I qseecomd: type=1400 audit(0.0:782): avc: denied { ioctl } for path="/dev/ion" dev="tmpfs" ino=1867 ioctlcmd=4900 scontext=u:r:init:s0 tcontext=u:object_r:ion_device:s0 tclass=chr_file permissive=1
01-07 06:08:00.531  1337  1337 I ServiceManagement: Removing namespace from process name android.hardware.usb@1.0-service to usb@1.0-service.
01-07 06:08:00.535  1345  1345 W qseecomd: type=1400 audit(0.0:783): avc: granted { read } for name="ion" dev="tmpfs" ino=1867 scontext=u:r:init:s0 tcontext=u:object_r:ion_device:s0 tclass=chr_file
01-07 06:08:00.535  1345  1345 W qseecomd: type=1400 audit(0.0:784): avc: granted { read open } for path="/dev/ion" dev="tmpfs" ino=1867 scontext=u:r:init:s0 tcontext=u:object_r:ion_device:s0 tclass=chr_file
01-07 06:08:00.535  1340  1340 I rfs_access: type=1400 audit(0.0:785): avc: denied { create } for scontext=u:r:init:s0 tcontext=u:r:init:s0 tclass=socket permissive=1
01-07 06:08:00.535  1340  1340 I rfs_access: type=1400 audit(0.0:786): avc: denied { ioctl } for path="socket:[26137]" dev="sockfs" ino=26137 ioctlcmd=c304 scontext=u:r:init:s0 tcontext=u:r:init:s0 tclass=socket permissive=1
01-07 06:08:00.535  1340  1340 I rfs_access: type=1400 audit(0.0:787): avc: denied { bind } for scontext=u:r:init:s0 tcontext=u:r:init:s0 tclass=socket permissive=1
01-07 06:08:00.535  1341  1341 E QSEECOMD: : Init dlopen(libsecureui.so, RLTD_NOW) is failed....
01-07 06:08:00.535  1341  1341 D QSEECOMD: : SEC_UI_INIT failed, shall not start secure ui listener
01-07 06:08:00.535  1341  1341 E QSEECOMD: : Listener: index = 5, hierarchy = 0
01-07 06:08:00.535  1341  1341 E QSEECOMD: : Init dlopen(libmdtp.so, RLTD_NOW) is failed....
01-07 06:08:00.535  1341  1341 D QSEECOMD: : ERROR: MDTP_INIT failed, shall not start MDTP listener
01-07 06:08:00.536  1341  1341 D QSEECOMD: : Parent qseecom daemon process paused!! 
01-07 06:08:00.536  1345  1345 D QSEECOMD: : qseecom listener service threads starting!!! 
01-07 06:08:00.537  1345  1345 D QSEECOMD: : Total listener services to start = 7
01-07 06:08:00.537  1345  1345 E QSEECOMD: : Listener: index = 0, hierarchy = 1
01-07 06:08:00.537  1345  1345 D QSEECOMD: : Init dlopen(librpmb.so, RTLD_NOW) succeeds
01-07 06:08:00.537  1345  1345 D QSEECOMD: : Init::Init dlsym(g_FSHandle rpmb_start) succeeds
01-07 06:08:00.537  1345  1345 D QSEECOMAPI: : QSEECom_register_listener 8192 sb_length = 0x5000
01-07 06:08:00.539  1018  1018 I sensors.qcom: type=1400 audit(0.0:788): avc: denied { read } for scontext=u:r:init:s0 tcontext=u:r:init:s0 tclass=socket permissive=1
01-07 06:08:00.539  1345  1345 D QSEECOMD: : Init rpmb_start ret = 0
01-07 06:08:00.539  1345  1345 D QSEECOMD: : RPMB system services: Started (Listener ID = 8192)
01-07 06:08:00.539  1345  1345 E QSEECOMD: : Listener: index = 1, hierarchy = 1
01-07 06:08:00.539  1345  1345 D QSEECOMD: : Init dlopen(libssd.so, RTLD_NOW) succeeds
01-07 06:08:00.539  1345  1345 D QSEECOMD: : Init::Init dlsym(g_FSHandle ssd_start) succeeds
01-07 06:08:00.539  1345  1345 D QSEECOMAPI: : QSEECom_register_listener 12288 sb_length = 0x5000
01-07 06:08:00.541  1345  1345 D QSEECOMD: : Init ssd_start ret = 0
01-07 06:08:00.541  1345  1345 D QSEECOMD: : SSD system services: Started (Listener ID = 12288)
01-07 06:08:00.541  1345  1345 E QSEECOMD: : Listener: index = 2, hierarchy = 1
01-07 06:08:00.542  1340  1340 I rfs_access: Initialized RFS server
01-07 06:08:00.543  1337  1337 I android.hardware.usb@1.0-service: USB HAL Ready.
01-07 06:08:00.545  1245  1245 W /system/bin/hwservicemanager: getTransportFromManifest: Cannot find entry android.hardware.thermal@1.0::IThermal in either framework or device manifest, using default transport.
01-07 06:08:00.549  1345  1345 E QSEECOMD: : Init dlopen(libsecureui.so, RLTD_NOW) is failed....
01-07 06:08:00.549  1345  1345 E QSEECOMD: : Listener: index = 3, hierarchy = 1
01-07 06:08:00.549  1345  1345 D QSEECOMD: : Init dlopen(libdrmtime.so, RTLD_NOW) succeeds
01-07 06:08:00.549  1345  1345 D QSEECOMD: : Init::Init dlsym(g_FSHandle atime_start) succeeds
01-07 06:08:00.549  1345  1345 D DrmLibTime: QSEE Time Listener: atime_start
01-07 06:08:00.549  1345  1345 D QSEECOMAPI: : QSEECom_register_listener 11 sb_length = 0x5000
01-07 06:08:00.552  1345  1345 D DrmLibTime: registering fs service to QSEECom is done!
01-07 06:08:00.552  1345  1345 D DrmLibTime: begin to create a thread!
01-07 06:08:00.552  1345  1345 D DrmLibTime: Creating a pthread in atime_start is done! return 0
01-07 06:08:00.552  1345  1345 D QSEECOMD: : Init atime_start ret = 0
01-07 06:08:00.552  1345  1345 D QSEECOMD: : time services: Started (Listener ID = 11)
01-07 06:08:00.552  1345  1345 E QSEECOMD: : Listener: index = 4, hierarchy = 1
01-07 06:08:00.552  1345  1345 D QSEECOMD: : Init dlopen(libdrmfs.so, RTLD_NOW) succeeds
01-07 06:08:00.552  1345  1345 D QSEECOMD: : Init::Init dlsym(g_FSHandle fs_start) succeeds
01-07 06:08:00.552  1345  1345 D QSEECOMAPI: : QSEECom_register_listener 10 sb_length = 0x5000
01-07 06:08:00.553  1345  1345 D QSEECOMD: : Init fs_start ret = 0
01-07 06:08:00.553  1345  1345 D QSEECOMD: : file system services: Started (Listener ID = 10)
01-07 06:08:00.553  1345  1345 E QSEECOMD: : Listener: index = 5, hierarchy = 1
01-07 06:08:00.553  1345  1345 E QSEECOMD: : Init dlopen(libmdtp.so, RLTD_NOW) is failed....
01-07 06:08:00.553  1345  1345 E QSEECOMD: : Listener: index = 6, hierarchy = 1
01-07 06:08:00.553  1345  1345 D QSEECOMD: : Init dlopen(libdrmfs.so, RTLD_NOW) succeeds
01-07 06:08:00.553  1345  1345 D QSEECOMD: : Init::Init dlsym(g_FSHandle gpfs_start) succeeds
01-07 06:08:00.553  1345  1345 D QSEECOMAPI: : QSEECom_register_listener 28672 sb_length = 0x7e000
01-07 06:08:00.553  1336  1336 I ServiceManagement: Removing namespace from process name android.hardware.thermal@1.0-service to thermal@1.0-ser.
01-07 06:08:00.556  1345  1345 D QSEECOMD: : Init gpfs_start ret = 0
01-07 06:08:00.556  1345  1345 D QSEECOMD: : gpfile system services: Started (Listener ID = 28672)
01-07 06:08:00.556  1345  1348 D DrmLibTime: QSEE Time Listener: dispatch
01-07 06:08:00.556  1345  1348 D DrmLibTime: before calling ioctl to read the next time_cmd
01-07 06:08:00.556  1336  1336 I android.hardware.thermal@1.0-service: Registration complete for android.hardware.thermal@1.0::IThermal/default.
01-07 06:08:00.561  1338  1338 I android.hardware.wifi@1.0-service: Wifi Hal is starting up...
01-07 06:08:00.561  1338  1338 I ServiceManagement: Removing namespace from process name android.hardware.wifi@1.0-service to wifi@1.0-servic.
01-07 06:08:00.562  1345  1345 D QSEECOMAPI: : QSEECom_get_handle sb_length = 0x400
01-07 06:08:00.562  1345  1345 D QSEECOMAPI: : App is not loaded in QSEE
01-07 06:08:00.562  1345  1345 E QSEECOMAPI: : Error::Error while trying to allocate data
01-07 06:08:00.562  1345  1345 E QSEECOMAPI: : Error::ION_memalloc failed
01-07 06:08:00.562  1345  1345 E QSEECOMAPI: : Error::Loading image failed with ret = -12
01-07 06:08:00.562  1345  1345 E QSEECOMD: : Loading keymaste app failied
01-07 06:08:00.562  1345  1345 D QSEECOMAPI: : QSEECom_get_handle sb_length = 0x400
01-07 06:08:00.562  1345  1345 D QSEECOMAPI: : App is not loaded in QSEE
01-07 06:08:00.563  1334  1334 I ServiceManagement: Removing namespace from process name android.hardware.health@1.0-service to health@1.0-serv.
01-07 06:08:00.569  1345  1345 E QSEECOMAPI: : Error::Load image request failed ret = -1, errno = 22
01-07 06:08:00.569  1345  1345 E QSEECOMAPI: : Error::Loading image failed with ret = -1
01-07 06:08:00.569  1345  1345 E QSEECOMD: : Loading keymaster app failied
01-07 06:08:00.569  1345  1345 D QSEECOMAPI: : QSEECom_get_handle sb_length = 0x400
01-07 06:08:00.569  1345  1345 D QSEECOMAPI: : App is already loaded QSEE and app id = 4
01-07 06:08:00.569  1342  1342 I libmdmdetect: ESOC framework not supported
01-07 06:08:00.570  1342  1342 I libmdmdetect: Found internal modem: modem
01-07 06:08:00.571  1345  1345 D QSEECOMD: :  Keymaster/ kmota loaded
01-07 06:08:00.571  1244  1244 E SELinux : avc:  denied  { add } for service=vendor.qcom.PeripheralManager pid=1342 uid=1000 scontext=u:r:init:s0 tcontext=u:object_r:default_android_service:s0 tclass=service_manager
01-07 06:08:00.571  1342  1342 I PerMgrSrv: Peripheral Mananager service start
01-07 06:08:00.571  1342  1342 I PerMgrSrv: power-off timeout 500,ms; event-ack timeout 200,ms; debug-mode false
01-07 06:08:00.571  1342  1342 I PerMgrSrv: Statistics for : modem
01-07 06:08:00.571  1342  1342 I PerMgrSrv: modem: Current State : is off-line
01-07 06:08:00.571  1342  1342 I PerMgrSrv: modem: Voter/Listener count : 0/0
01-07 06:08:00.571  1342  1342 I PerMgrSrv: modem: Power on count : 0
01-07 06:08:00.571  1342  1342 I PerMgrSrv: modem: Power off count: 0
01-07 06:08:00.571  1342  1342 I PerMgrSrv: modem: Client list:
01-07 06:08:00.572  1334  1334 I android.hardware.health@1.0-service: Registration complete for android.hardware.health@1.0::IHealth/default.
01-07 06:08:00.573  1333  1333 I ServiceManagement: Removing namespace from process name android.hardware.graphics.allocator@2.0-service to allocator@2.0-s.
01-07 06:08:00.573  1345  1345 D QSEECOMD: : QSEECOM DAEMON RUNNING 
01-07 06:08:00.574  1342  1354 I PerMgrSrv: QMI service start
01-07 06:08:00.574  1333  1333 I android.hardware.graphics.allocator@2.0-service: Registration complete for android.hardware.graphics.allocator@2.0::IAllocator/default.
01-07 06:08:00.650  1343  1343 I /system/bin/surfaceflinger: android::hardware::configstore::V1_0::ISurfaceFlingerConfigs::maxFrameBufferAcquiredBuffers retrieved: 3
01-07 06:08:00.651  1343  1343 I /system/bin/surfaceflinger: android::hardware::configstore::V1_0::ISurfaceFlingerConfigs::startGraphicsAllocatorService retrieved: 1
01-07 06:08:00.658  1245  1245 E SELinux : avc:  denied  { add } for interface=android.hardware.graphics.allocator::IAllocator pid=1343 scontext=u:r:surfaceflinger:s0 tcontext=u:object_r:hal_graphics_allocator_hwservice:s0 tclass=hwservice_manager
01-07 06:08:00.660  1343  1343 I SurfaceFlinger: Registration complete for android.hardware.graphics.allocator@2.0::IAllocator/default.
01-07 06:08:00.662  1343  1343 I SurfaceFlinger: SurfaceFlinger is starting
01-07 06:08:00.663  1343  1343 I /system/bin/surfaceflinger: android::hardware::configstore::V1_0::ISurfaceFlingerConfigs::vsyncEventPhaseOffsetNs retrieved: 1000000 (default)
01-07 06:08:00.664  1343  1343 I /system/bin/surfaceflinger: android::hardware::configstore::V1_0::ISurfaceFlingerConfigs::vsyncSfEventPhaseOffsetNs retrieved: 1000000 (default)
01-07 06:08:00.665  1343  1343 I /system/bin/surfaceflinger: android::hardware::configstore::V1_0::ISurfaceFlingerConfigs::maxVirtualDisplaySize retrieved: 0 (default)
01-07 06:08:00.666  1343  1343 I /system/bin/surfaceflinger: android::hardware::configstore::V1_0::ISurfaceFlingerConfigs::hasSyncFramework retrieved: 1
01-07 06:08:00.667  1343  1343 I /system/bin/surfaceflinger: android::hardware::configstore::V1_0::ISurfaceFlingerConfigs::useContextPriority retrieved: 0 (default)
01-07 06:08:00.668  1343  1343 I /system/bin/surfaceflinger: android::hardware::configstore::V1_0::ISurfaceFlingerConfigs::presentTimeOffsetFromVSyncNs retrieved: 0
01-07 06:08:00.669  1343  1343 I /system/bin/surfaceflinger: android::hardware::configstore::V1_0::ISurfaceFlingerConfigs::useHwcForRGBtoYUV retrieved: 0
01-07 06:08:00.669  1343  1343 I /system/bin/surfaceflinger: android::hardware::configstore::V1_0::ISurfaceFlingerConfigs::maxFrameBufferAcquiredBuffers retrieved: 3
01-07 06:08:00.669  1343  1343 I SurfaceFlinger: Enabling HWC virtual displays
01-07 06:08:00.669  1343  1343 I SurfaceFlinger: Disabling Triple Buffering
01-07 06:08:00.670  1343  1343 I SurfaceFlinger: SurfaceFlinger's main thread ready to run. Initializing graphics H/W...
01-07 06:08:00.670  1343  1343 I vndksupport: sphal namespace is not configured for this process. Loading /vendor/lib64/egl/libEGL_adreno.so from the current namespace instead.
01-07 06:08:00.671  1343  1343 D libEGL  : loaded /vendor/lib64/egl/libEGL_adreno.so
01-07 06:08:00.683  1343  1343 I vndksupport: sphal namespace is not configured for this process. Loading /vendor/lib64/egl/libGLESv1_CM_adreno.so from the current namespace instead.
01-07 06:08:00.684  1343  1343 D libEGL  : loaded /vendor/lib64/egl/libGLESv1_CM_adreno.so
01-07 06:08:00.702  1343  1343 I vndksupport: sphal namespace is not configured for this process. Loading /vendor/lib64/egl/libGLESv2_adreno.so from the current namespace instead.
01-07 06:08:00.703  1343  1343 D libEGL  : loaded /vendor/lib64/egl/libGLESv2_adreno.so
01-07 06:08:00.723  1343  1343 I Adreno  : QUALCOMM build                   : d3015e9, I25dc76dc3f
01-07 06:08:00.723  1343  1343 I Adreno  : Build Date                       : 01/26/17
01-07 06:08:00.723  1343  1343 I Adreno  : OpenGL ES Shader Compiler Version: XE031.09.00.03
01-07 06:08:00.723  1343  1343 I Adreno  : Local Branch                     : 
01-07 06:08:00.723  1343  1343 I Adreno  : Remote Branch                    : refs/tags/AU_LINUX_ANDROID_LA.BF64.1.2.3_RB1.07.00.00.258.011
01-07 06:08:00.723  1343  1343 I Adreno  : Remote Branch                    : NONE
01-07 06:08:00.723  1343  1343 I Adreno  : Reconstruct Branch               : NOTHING
01-07 06:08:00.802  1251  1292 I ServiceManager: Waiting for service SurfaceFlinger...
01-07 06:08:00.937  1368  1368 E ANDR-PERF-MPCTL: Unable to create control service (stage=1, rc=0)
01-07 06:08:00.937  1368  1368 W libc    : invalid pthread_t (0) passed to libc
01-07 06:08:00.951  1343  1343 I qdutils : PartialUpdate status: Disabled
01-07 06:08:00.951  1343  1343 I qdutils : Left Align: 0
01-07 06:08:00.951  1343  1343 I qdutils : Width Align: 0
01-07 06:08:00.951  1343  1343 I qdutils : Top Align: 0
01-07 06:08:00.951  1343  1343 I qdutils : Height Align: 0
01-07 06:08:00.951  1343  1343 I qdutils : Min ROI Width: 0
01-07 06:08:00.951  1343  1343 I qdutils : Min ROI Height: 0
01-07 06:08:00.951  1343  1343 I qdutils : Needs ROI Merge: 0
01-07 06:08:00.951  1343  1343 I qdutils : Dynamic Fps: Disabled
01-07 06:08:00.951  1343  1343 I qdutils : Min Panel fps: 0
01-07 06:08:00.951  1343  1343 I qdutils : Max Panel fps: 0
01-07 06:08:00.952  1343  1343 D qdutils : getHDMINode: HDMI is at fb1
01-07 06:08:00.957  1343  1343 W qdcopybit: open_copybit i = 0 surface_id=-1026555902
01-07 06:08:00.957  1343  1343 W qdcopybit: open_copybit i = 1 surface_id=-1026555901
01-07 06:08:00.957  1343  1343 W qdcopybit: open_copybit i = 2 surface_id=-1026555900
01-07 06:08:00.957  1343  1343 W qdcopybit: open_copybit i = 3 surface_id=-1026555899
01-07 06:08:00.957  1343  1343 W qdcopybit: open_copybit i = 4 surface_id=-1026555898
01-07 06:08:00.957  1343  1343 W qdcopybit: open_copybit i = 5 surface_id=-1026555897
01-07 06:08:00.957  1343  1343 W qdcopybit: open_copybit i = 6 surface_id=-1026555896
01-07 06:08:00.957  1343  1343 W qdcopybit: open_copybit i = 7 surface_id=-1026555895
01-07 06:08:00.957  1343  1343 W qdcopybit: open_copybit i = 8 surface_id=-1026555894
01-07 06:08:00.957  1343  1343 W qdcopybit: open_copybit i = 9 surface_id=-1026555893
01-07 06:08:00.957  1343  1343 W qdcopybit: open_copybit i = 10 surface_id=-1026555892
01-07 06:08:00.957  1343  1343 W qdcopybit: open_copybit i = 11 surface_id=-1026555891
01-07 06:08:00.957  1343  1343 W qdcopybit: open_copybit i = 12 surface_id=-1026555890
01-07 06:08:00.957  1343  1343 W qdcopybit: open_copybit i = 13 surface_id=-1026555889
01-07 06:08:00.957  1343  1343 W qdcopybit: open_copybit i = 14 surface_id=-1026555888
01-07 06:08:00.957  1343  1343 W qdcopybit: open_copybit i = 15 surface_id=-1026555887
01-07 06:08:00.957  1343  1343 W qdcopybit: open_copybit i = 16 surface_id=-1026555886
