12-26 12:23:21.419   505  5553 D QC-time-services: Daemon:new time 1514283802000 
12-26 12:23:21.419   505  5553 D QC-time-services: Daemon: delta 93285711000 genoff 93285711000 
12-26 12:23:21.419   505  5553 D QC-time-services: Daemon:genoff_persistent_update: Writing genoff = 93285711000 to memory
12-26 12:23:21.419   505  5553 D QC-time-services: Daemon:Opening File: /data/time/ats_12
12-26 12:23:21.419   505  5553 D QC-time-services: Daemon:time_persistent_memory_opr:Genoff write operation 
12-26 12:23:21.419   503   917 E QC-time-services: Receive Passed == base = 12, unit = 1, operation = 0, result = 0
12-26 12:23:21.419   503   917 D QC-time-services: Lib:time_genoff_operation: pargs->base = 13
12-26 12:23:21.419   503   917 D QC-time-services: Lib:time_genoff_operation: pargs->operation = 0
12-26 12:23:21.419   503   917 D QC-time-services: Lib:time_genoff_operation: pargs->ts_val = 1514283802000
12-26 12:23:21.419   873  4649 E LocSvc_ApiV02: I/<--- void globalRespCb(locClientHandleType, uint32_t, const locClientRespIndUnionType, uint32_t, void *) line 133 QMI_LOC_SET_SERVER_REQ_V02
12-26 12:23:21.419   503   917 D QC-time-services: Lib:time_genoff_operation: Send to server  passed!!
12-26 12:23:21.419   873  4627 E LocSvc_api_v02: I/---> locClientSendReq line 2059 QMI_LOC_SET_ENGINE_LOCK_REQ_V02
12-26 12:23:21.420   505   615 E QC-time-services: Daemon: Time-services: Waiting to acceptconnection
12-26 12:23:21.420   505   615 D QC-time-services: Daemon: Connection accepted:time_genoff
12-26 12:23:21.420   873  4649 E LocSvc_ApiV02: I/<--- void globalRespCb(locClientHandleType, uint32_t, const locClientRespIndUnionType, uint32_t, void *) line 133 QMI_LOC_SET_ENGINE_LOCK_REQ_V02
12-26 12:23:21.421   505  5554 D QC-time-services: Daemon:Received base = 13, unit = 1, operation = 0,value = 1514283802000
12-26 12:23:21.421   505  5554 D QC-time-services: Daemon:genoff_opr: Base = 13, val = 1514283802000, operation = 0
12-26 12:23:21.421   505  5554 D QC-time-services: Daemon:rtc_get: Time read from RTC -- MM/DD/YY HH:MM:SS0/11/115 17:41:31
12-26 12:23:21.421   505  5554 D QC-time-services: Daemon:Value read from RTC seconds = 1420998091000
12-26 12:23:21.421   505  5554 D QC-time-services: Daemon:new time 1514283802000 
12-26 12:23:21.421   505  5554 D QC-time-services: Daemon: delta 93285711000 genoff 93285711000 
12-26 12:23:21.421   505  5554 D QC-time-services: Daemon:genoff_persistent_update: Writing genoff = 93285711000 to memory
12-26 12:23:21.421   505  5554 D QC-time-services: Daemon:Opening File: /data/time/ats_13
12-26 12:23:21.421   505  5554 D QC-time-services: Daemon:time_persistent_memory_opr:Genoff write operation 
12-26 12:23:21.421   503   917 E QC-time-services: Receive Passed == base = 13, unit = 1, operation = 0, result = 0
12-26 12:23:21.422   873  4627 E LocSvc_api_v02: I/---> locClientSendReq line 2059 QMI_LOC_SET_ENGINE_LOCK_REQ_V02
12-26 12:23:21.414  5554  5554 W time_daemon: type=1400 audit(0.0:233): avc: granted { read } for name="rtc0" dev="tmpfs" ino=1959 scontext=u:r:init:s0 tcontext=u:object_r:rtc_device:s0 tclass=chr_file
12-26 12:23:21.423   505   615 E QC-time-services: Daemon: Time-services: Waiting to acceptconnection
12-26 12:23:21.424   873  4649 E LocSvc_ApiV02: I/<--- void globalRespCb(locClientHandleType, uint32_t, const locClientRespIndUnionType, uint32_t, void *) line 133 QMI_LOC_SET_ENGINE_LOCK_REQ_V02
12-26 12:23:21.424   873  4627 E LocSvc_api_v02: I/---> locClientSendReq line 2059 QMI_LOC_SET_ENGINE_LOCK_REQ_V02
12-26 12:23:21.414  5554  5554 W time_daemon: type=1400 audit(0.0:234): avc: granted { read open } for path="/dev/rtc0" dev="tmpfs" ino=1959 scontext=u:r:init:s0 tcontext=u:object_r:rtc_device:s0 tclass=chr_file
12-26 12:23:21.426   873  4649 E LocSvc_ApiV02: I/<--- void globalRespCb(locClientHandleType, uint32_t, const locClientRespIndUnionType, uint32_t, void *) line 133 QMI_LOC_SET_ENGINE_LOCK_REQ_V02
12-26 12:23:21.426   873  4627 E LocSvc_api_v02: I/---> locClientSendReq line 2059 QMI_LOC_SET_ENGINE_LOCK_REQ_V02
12-26 12:23:21.427   873  4649 E LocSvc_ApiV02: I/<--- void globalRespCb(locClientHandleType, uint32_t, const locClientRespIndUnionType, uint32_t, void *) line 133 QMI_LOC_SET_ENGINE_LOCK_REQ_V02
12-26 12:23:21.427   873  4627 E LocSvc_api_v02: I/---> locClientSendReq line 2059 QMI_LOC_SET_ENGINE_LOCK_REQ_V02
12-26 12:23:21.430   873  4649 E LocSvc_ApiV02: I/<--- void globalRespCb(locClientHandleType, uint32_t, const locClientRespIndUnionType, uint32_t, void *) line 133 QMI_LOC_SET_ENGINE_LOCK_REQ_V02
12-26 12:23:21.430   873  4627 E LocSvc_api_v02: I/---> locClientSendReq line 2059 QMI_LOC_SET_ENGINE_LOCK_REQ_V02
12-26 12:23:21.431   873  4649 E LocSvc_ApiV02: I/<--- void globalRespCb(locClientHandleType, uint32_t, const locClientRespIndUnionType, uint32_t, void *) line 133 QMI_LOC_SET_ENGINE_LOCK_REQ_V02
12-26 12:23:21.431   873  4627 E LocSvc_api_v02: I/---> locClientSendReq line 2059 QMI_LOC_SET_ENGINE_LOCK_REQ_V02
12-26 12:23:21.432   873  4649 E LocSvc_ApiV02: I/<--- void globalRespCb(locClientHandleType, uint32_t, const locClientRespIndUnionType, uint32_t, void *) line 133 QMI_LOC_SET_ENGINE_LOCK_REQ_V02
12-26 12:23:21.438  4988  4988 I RenderThread: type=1400 audit(0.0:235): avc: denied { read write } for path="/dev/kgsl-3d0" dev="tmpfs" ino=11340 scontext=u:r:platform_app:s0:c512,c768 tcontext=u:object_r:device:s0 tclass=chr_file permissive=1
12-26 12:23:21.461  4653  4677 D IccSmsInterfaceManager: [IccSmsInterfaceManager] Added GSM cell broadcast subscription for MID range 4379 to 4379 from client com.android.cellbroadcastreceiver
12-26 12:23:21.461  4653  4677 D IccSmsInterfaceManager: [IccSmsInterfaceManager] Calling setCellBroadcastActivation(true)
12-26 12:23:21.472  4653  4653 I TelecomFramework: PstnIncomingCallNotifier: Unregistering: Handler (com.android.internal.telephony.GsmCdmaPhone) {838330a}
12-26 12:23:21.496   873  4542 I Telecom : PhoneAccountRegistrar: Modify account: [ComponentInfo{com.android.phone/com.android.services.telephony.TelephonyConnectionService}, [5d76fdb08b9af24aa18299fef4e0e805dac3ee08], UserHandle{0}]: TSI.rPA@ACU
12-26 12:23:21.503  4653  4653 I TelecomFramework: AccountEntry: Registered phoneAccount: [[ ] PhoneAccount: ComponentInfo{com.android.phone/com.android.services.telephony.TelephonyConnectionService}, [5d76fdb08b9af24aa18299fef4e0e805dac3ee08], UserHandle{0} Capabilities: CallProvider MultiUser PlaceEmerg SimSub  Audio Routes: BESW Schemes: tel voicemail  Extras: Bundle[{android.telecom.extra.SUPPORTS_VIDEO_CALLING_FALLBACK=false}] GroupId: [da39a3ee5e6b4b0d3255bfef95601890afd80709]] with handle: ComponentInfo{com.android.phone/com.android.services.telephony.TelephonyConnectionService}, [5d76fdb08b9af24aa18299fef4e0e805dac3ee08], UserHandle{0}
12-26 12:23:21.504  4653  4653 I TelecomFramework: PstnIncomingCallNotifier: Registering: Handler (com.android.internal.telephony.GsmCdmaPhone) {838330a}
12-26 12:23:21.508  4653  4653 I TelecomFramework: PstnIncomingCallNotifier: Unregistering: Handler (com.android.internal.telephony.GsmCdmaPhone) {838330a}
12-26 12:23:21.527   873   886 I Telecom : PhoneAccountRegistrar: Modify account: [ComponentInfo{com.android.phone/com.android.services.telephony.TelephonyConnectionService}, [5d76fdb08b9af24aa18299fef4e0e805dac3ee08], UserHandle{0}]: TSI.rPA@ACg
12-26 12:23:21.534  4653  4653 I TelecomFramework: AccountEntry: Registered phoneAccount: [[ ] PhoneAccount: ComponentInfo{com.android.phone/com.android.services.telephony.TelephonyConnectionService}, [5d76fdb08b9af24aa18299fef4e0e805dac3ee08], UserHandle{0} Capabilities: CallProvider MultiUser PlaceEmerg SimSub  Audio Routes: BESW Schemes: tel voicemail  Extras: Bundle[{android.telecom.extra.SUPPORTS_VIDEO_CALLING_FALLBACK=false}] GroupId: [da39a3ee5e6b4b0d3255bfef95601890afd80709]] with handle: ComponentInfo{com.android.phone/com.android.services.telephony.TelephonyConnectionService}, [5d76fdb08b9af24aa18299fef4e0e805dac3ee08], UserHandle{0}
12-26 12:23:21.534  4653  4653 I TelecomFramework: PstnIncomingCallNotifier: Registering: Handler (com.android.internal.telephony.GsmCdmaPhone) {838330a}
12-26 12:23:21.549   873  4553 D AlarmManagerService: Setting time of day to sec=1514283802
12-26 12:23:22.124   873  4553 W AlarmManagerService: Unable to set rtc to 1514283802: Invalid argument
12-26 12:23:22.126   873   873 D ConditionProviders.SCP: onReceive android.intent.action.TIME_SET
12-26 12:23:22.126   873   873 D ConditionProviders.SCP: notifyCondition condition://android/schedule?days=6.7&start=23.30&end=10.0&exitAtAlarm=false STATE_FALSE reason=!meetsSchedule
12-26 12:23:22.127   873   873 D ConditionProviders.SCP: notifyCondition condition://android/schedule?days=1.2.3.4.5&start=22.0&end=7.0&exitAtAlarm=false STATE_FALSE reason=!meetsSchedule
12-26 12:23:22.140   873   899 I ActivityManager: Start proc 5572:com.android.deskclock/u0a46 for broadcast com.android.deskclock/.AlarmInitReceiver
12-26 12:23:22.141   873   873 D ConditionProviders.SCP: Scheduling evaluate for Tue Dec 26 22:00:00 GMT+02:00 2017 (1514318400000), in +9h36m37s874ms, now=Tue Dec 26 12:23:22 GMT+02:00 2017 (1514283802126)
12-26 12:23:22.152   873  3962 E WifiMonitor: startMonitoring(wlan0) failed!
12-26 12:23:22.152   873  3962 E SupplicantStaIfaceHal: Can't call setDebugParams, ISupplicant is null
12-26 12:23:22.153  4653  5550 D IccSmsInterfaceManager: [IccSmsInterfaceManager] Failed to remove GSM cell broadcast subscription for MID range 4380 to 4382 from client com.android.cellbroadcastreceiver
12-26 12:23:22.155   873  3962 E WifiStateMachine: Failed to setup control channel, restart supplicant
12-26 12:23:22.161   461  4896 E WifiHAL : wifi_event_loop: Read after POLL returned 4, error no = 0 (Success)
12-26 12:23:22.161   461  4896 D WifiHAL : Got a signal to exit!!!
12-26 12:23:22.161   461  4896 I WifiHAL : Exit wifi_event_loop
12-26 12:23:22.161   461   461 E WifiHAL : wifi_cleanup: Read after POLL returned 4, error no = 0 (Success)
12-26 12:23:22.161   461   461 E WifiHAL : Event processing terminated
12-26 12:23:22.161   461   461 I android.hardware.wifi@1.0-service: Legacy HAL stop complete callback received
12-26 12:23:22.163  4653  5415 D IccSmsInterfaceManager: [IccSmsInterfaceManager] Calling setGsmBroadcastConfig with 4 configurations
12-26 12:23:22.175  4653  4653 D ServiceStateProvider: subId=1
12-26 12:23:22.180  4653  4653 I TelecomFramework: PstnPhoneCapabilitiesNotifier: handleVideoCapabilitesChanged. Video capability - false
12-26 12:23:22.188   461   461 I WifiHAL : Internal cleanup completed
12-26 12:23:22.180  4653  4653 I TelecomFramework: PstnPhoneCapabilitiesNotifier: handleVideoCapabilitesChanged. Video capability - false
12-26 12:23:22.206   873  4542 I Telecom : PhoneAccountRegistrar: Modify account: [ComponentInfo{com.android.phone/com.android.services.telephony.TelephonyConnectionService}, [5d76fdb08b9af24aa18299fef4e0e805dac3ee08], UserHandle{0}]: TSI.rPA@ACs
12-26 12:23:22.207   872   872 I BootAnimation: type=1400 audit(0.0:236): avc: denied { read write } for path="/dev/kgsl-3d0" dev="tmpfs" ino=11340 scontext=u:r:bootanim:s0 tcontext=u:object_r:device:s0 tclass=chr_file permissive=1
12-26 12:23:22.212  4653  5415 D IccSmsInterfaceManager: [IccSmsInterfaceManager] Added GSM cell broadcast subscription for MID range 4383 to 4383 from client com.android.cellbroadcastreceiver
12-26 12:23:22.212  4653  5415 D IccSmsInterfaceManager: [IccSmsInterfaceManager] Calling setCellBroadcastActivation(true)
12-26 12:23:22.253  4653  4653 D TelephonyProvider: subIdString = 1 subId = 1
12-26 12:23:22.266   465   465 I MSM-irqbalance: Decided to move IRQ115 from CPU0 to CPU3
12-26 12:23:22.287  5572  5572 I AlarmClock: AlarmInitReceiver android.intent.action.TIME_SET
12-26 12:23:22.297  5572  5604 I AlarmClock: Fixing alarm instances
12-26 12:23:22.303  4653  4653 D TelephonyProvider: subIdString = 1 subId = 1
12-26 12:23:22.353  4653  4653 I chatty  : uid=1001(radio) com.android.phone identical 8 lines
12-26 12:23:22.362  4653  4653 D TelephonyProvider: subIdString = 1 subId = 1
12-26 12:23:22.359   967   967 I netmgrd : type=1400 audit(0.0:237): avc: denied { ioctl } for path="socket:[30330]" dev="sockfs" ino=30330 ioctlcmd=8916 scontext=u:r:init:s0 tcontext=u:r:init:s0 tclass=udp_socket permissive=1
12-26 12:23:22.367  4653  5005 D IccSmsInterfaceManager: [IccSmsInterfaceManager] Calling setGsmBroadcastConfig with 5 configurations
12-26 12:23:22.370  4653  4653 D TelephonyProvider: subIdString = 1 subId = 1
12-26 12:23:22.376  4653  4653 D TelephonyProvider: subIdString = 1 subId = 1
12-26 12:23:22.375  5662  5662 I sh      : type=1400 audit(0.0:239): avc: denied { execute_no_trans } for path="/system/bin/ip" dev="mmcblk0p47" ino=265 scontext=u:r:init:s0 tcontext=u:object_r:system_file:s0 tclass=file permissive=1
12-26 12:23:22.384  4653  4653 D TelephonyProvider: subIdString = 1 subId = 1
12-26 12:23:22.391  4653  4653 D TelephonyProvider: subIdString = 1 subId = 1
12-26 12:23:22.387  5662  5662 I ip      : type=1400 audit(0.0:240): avc: denied { create } for scontext=u:r:init:s0 tcontext=u:r:init:s0 tclass=netlink_route_socket permissive=1
12-26 12:23:22.397   399   399 I ServiceManager: service 'media.camera' died
12-26 12:23:22.397   400   400 E hw-IPCThreadState: attemptIncStrongHandle(5): Not supported
12-26 12:23:22.397   400   400 E hw-IPCThreadState: attemptIncStrongHandle(5): Not supported
12-26 12:23:22.397  4653  4653 D TelephonyProvider: subIdString = 1 subId = 1
12-26 12:23:22.398   400   400 E hw-IPCThreadState: attemptIncStrongHandle(5): Not supported
12-26 12:23:22.398   461   461 I android.hardware.wifi@1.0-service: Wifi HAL stopped
12-26 12:23:22.399   873  3962 I WifiVendorHal: Vendor Hal stopped
12-26 12:23:22.399   873  3962 D WificondControl: tearing down interfaces in wificond
12-26 12:23:22.400   501   501 I wificond: Unsubscribe scan result for interface with index: 5
12-26 12:23:22.405   461   461 I android.hardware.wifi@1.0-service: Wifi HAL started
12-26 12:23:22.406  4653  4653 D TelephonyProvider: subIdString = 1 subId = 1
12-26 12:23:22.413  4653  4653 I chatty  : uid=1001(radio) com.android.phone identical 1 line
12-26 12:23:22.420  4653  4653 D TelephonyProvider: subIdString = 1 subId = 1
12-26 12:23:22.419  5666  5666 I iptables: type=1400 audit(0.0:242): avc: denied { getopt } for lport=255 scontext=u:r:init:s0 tcontext=u:r:init:s0 tclass=rawip_socket permissive=1
12-26 12:23:22.428  4653  5005 D IccSmsInterfaceManager: [IccSmsInterfaceManager] Added GSM cell broadcast subscription for MID range 4384 to 4385 from client com.android.cellbroadcastreceiver
12-26 12:23:22.428  4653  5005 D IccSmsInterfaceManager: [IccSmsInterfaceManager] Calling setCellBroadcastActivation(true)
12-26 12:23:22.435  4653  4676 D IccSmsInterfaceManager: [IccSmsInterfaceManager] Calling setGsmBroadcastConfig with 5 configurations
12-26 12:23:22.446  4653  4676 D IccSmsInterfaceManager: [IccSmsInterfaceManager] Added GSM cell broadcast subscription for MID range 4386 to 4391 from client com.android.cellbroadcastreceiver
12-26 12:23:22.446  4653  4676 D IccSmsInterfaceManager: [IccSmsInterfaceManager] Calling setCellBroadcastActivation(true)
12-26 12:23:22.451  4653  5550 D IccSmsInterfaceManager: [IccSmsInterfaceManager] Calling setGsmBroadcastConfig with 5 configurations
12-26 12:23:22.461  4653  5550 D IccSmsInterfaceManager: [IccSmsInterfaceManager] Added GSM cell broadcast subscription for MID range 4392 to 4392 from client com.android.cellbroadcastreceiver
12-26 12:23:22.461  4653  5550 D IccSmsInterfaceManager: [IccSmsInterfaceManager] Calling setCellBroadcastActivation(true)
12-26 12:23:22.468  4653  4677 D IccSmsInterfaceManager: [IccSmsInterfaceManager] Failed to remove GSM cell broadcast subscription for MID range 4393 to 4395 from client com.android.cellbroadcastreceiver
12-26 12:23:22.470  5394  5430 D CellBroadcastConfigService: Enable CellBroadcast on sub 1
12-26 12:23:22.477  4653  4676 D IccSmsInterfaceManager: [IccSmsInterfaceManager] Added cdma broadcast subscription for MID range 4096 to 4096 from client com.android.cellbroadcastreceiver
12-26 12:23:22.477  4653  4676 D IccSmsInterfaceManager: [IccSmsInterfaceManager] Calling setCdmaBroadcastActivation(true)
12-26 12:23:22.487  4653  5550 D IccSmsInterfaceManager: [IccSmsInterfaceManager] Added cdma broadcast subscription for MID range 4097 to 4097 from client com.android.cellbroadcastreceiver
12-26 12:23:22.488  4653  5550 D IccSmsInterfaceManager: [IccSmsInterfaceManager] Calling setCdmaBroadcastActivation(true)
12-26 12:23:22.496  4653  4677 D IccSmsInterfaceManager: [IccSmsInterfaceManager] Added cdma broadcast subscription for MID range 4098 to 4098 from client com.android.cellbroadcastreceiver
12-26 12:23:22.496  4653  4677 D IccSmsInterfaceManager: [IccSmsInterfaceManager] Calling setCdmaBroadcastActivation(true)
12-26 12:23:22.499   967   967 I netmgrd : type=1400 audit(0.0:243): avc: denied { ioctl } for path="socket:[29642]" dev="sockfs" ino=29642 ioctlcmd=8922 scontext=u:r:init:s0 tcontext=u:r:init:s0 tclass=udp_socket permissive=1
12-26 12:23:22.505  4653  5005 D IccSmsInterfaceManager: [IccSmsInterfaceManager] Added cdma broadcast subscription for MID range 4099 to 4099 from client com.android.cellbroadcastreceiver
12-26 12:23:22.506  4653  5005 D IccSmsInterfaceManager: [IccSmsInterfaceManager] Calling setCdmaBroadcastActivation(true)
12-26 12:23:22.511  4653  5550 D IccSmsInterfaceManager: [IccSmsInterfaceManager] Failed to remove cdma broadcast subscription for MID range 4100 to 4100 from client com.android.cellbroadcastreceiver
12-26 12:23:22.516  4653  4677 D IccSmsInterfaceManager: [IccSmsInterfaceManager] Added GSM cell broadcast subscription for MID range 4352 to 4354 from client com.android.cellbroadcastreceiver
12-26 12:23:22.516  4653  4677 D IccSmsInterfaceManager: [IccSmsInterfaceManager] Calling setCellBroadcastActivation(true)
12-26 12:23:22.523  4653  5415 D IccSmsInterfaceManager: [IccSmsInterfaceManager] Added GSM cell broadcast subscription for MID range 4356 to 4356 from client com.android.cellbroadcastreceiver
12-26 12:23:22.523  4653  5415 D IccSmsInterfaceManager: [IccSmsInterfaceManager] Calling setCellBroadcastActivation(true)
12-26 12:23:22.530  4653  4676 D IccSmsInterfaceManager: [IccSmsInterfaceManager] Failed to remove GSM cell broadcast subscription for MID range 4355 to 4355 from client com.android.cellbroadcastreceiver
12-26 12:23:22.533  4653  5005 D IccSmsInterfaceManager: [IccSmsInterfaceManager] Added GSM cell broadcast subscription for MID range 4370 to 4370 from client com.android.cellbroadcastreceiver
12-26 12:23:22.533  4653  5005 D IccSmsInterfaceManager: [IccSmsInterfaceManager] Calling setCellBroadcastActivation(true)
12-26 12:23:22.540  4653  5550 D IccSmsInterfaceManager: [IccSmsInterfaceManager] Added GSM cell broadcast subscription for MID range 4371 to 4372 from client com.android.cellbroadcastreceiver
12-26 12:23:22.540  4653  5550 D IccSmsInterfaceManager: [IccSmsInterfaceManager] Calling setCellBroadcastActivation(true)
12-26 12:23:22.545   873   909 I WindowManager: ******* TELLING SURFACE FLINGER WE ARE BOOTED!
12-26 12:23:22.546   472  4802 I SurfaceFlinger: Boot is finished (14367 ms)
12-26 12:23:22.551   873   909 I SystemServiceManager: Starting phase 1000
12-26 12:23:22.552   873   909 E QCOM PowerHAL: Failed to acquire lock.
12-26 12:23:22.554   873   912 E SensorManager: sensor or listener is null
12-26 12:23:22.555   457   457 I light@2.0-servi: type=1400 audit(0.0:244): avc: denied { read write } for name="onoff_patterns" dev="sysfs" ino=7739 scontext=u:r:hal_light_default:s0 tcontext=u:object_r:sysfs:s0 tclass=file permissive=1
12-26 12:23:22.555   457   457 I light@2.0-servi: type=1400 audit(0.0:245): avc: denied { open } for path="/sys/devices/virtual/lg_rgb_led/use_patterns/onoff_patterns" dev="sysfs" ino=7739 scontext=u:r:hal_light_default:s0 tcontext=u:object_r:sysfs:s0 tclass=file permissive=1
12-26 12:23:22.557   457   457 D lights  : Using onoff pattern: 0x00ff00
12-26 12:23:22.564   873   909 D NightDisplayService: setUp: currentUser=0
12-26 12:23:22.568   873   909 D NightDisplayService: onAutoModeChanged: autoMode=0
12-26 12:23:22.568   873   909 I NightDisplayService: Turning off night display
12-26 12:23:22.568  4653  4677 D IccSmsInterfaceManager: [IccSmsInterfaceManager] Added GSM cell broadcast subscription for MID range 4373 to 4378 from client com.android.cellbroadcastreceiver
12-26 12:23:22.568  4653  4677 D IccSmsInterfaceManager: [IccSmsInterfaceManager] Calling setCellBroadcastActivation(true)
12-26 12:23:22.575  4653  5415 D IccSmsInterfaceManager: [IccSmsInterfaceManager] Added GSM cell broadcast subscription for MID range 4379 to 4379 from client com.android.cellbroadcastreceiver
12-26 12:23:22.575  4653  5415 D IccSmsInterfaceManager: [IccSmsInterfaceManager] Calling setCellBroadcastActivation(true)
12-26 12:23:22.581   472   781 D PermissionCache: checking android.permission.HARDWARE_TEST for uid=1000 => granted (919 us)
12-26 12:23:22.582  4653  4676 D IccSmsInterfaceManager: [IccSmsInterfaceManager] Failed to remove GSM cell broadcast subscription for MID range 4380 to 4382 from client com.android.cellbroadcastreceiver
12-26 12:23:22.584   873   909 D ActivityManager: Finishing user boot 0
12-26 12:23:22.585   873   909 I ActivityManager: User 0 state changed from BOOTING to RUNNING_LOCKED
12-26 12:23:22.587   873   909 D StorageManagerService: Setting property: sys.user.0.ce_available=true
12-26 12:23:22.589  4653  5005 D IccSmsInterfaceManager: [IccSmsInterfaceManager] Added GSM cell broadcast subscription for MID range 4383 to 4383 from client com.android.cellbroadcastreceiver
12-26 12:23:22.589  4653  5005 D IccSmsInterfaceManager: [IccSmsInterfaceManager] Calling setCellBroadcastActivation(true)
12-26 12:23:22.590   873   909 I ActivityManager: User 0 state changed from RUNNING_LOCKED to RUNNING_UNLOCKING
12-26 12:23:22.590   873   909 D CryptdConnector: SND -> {5 cryptfs prepare_user_storage ! 0 0 2}
12-26 12:23:22.591   402   411 D vold    : e4crypt_prepare_user_storage for volume null, user 0, serial 0, flags 2
12-26 12:23:22.591   402   411 D vold    : Preparing: /data/system_ce/0
12-26 12:23:22.591   402   411 D vold    : Preparing: /data/misc_ce/0
12-26 12:23:22.591   402   411 D vold    : Preparing: /data/media/0
12-26 12:23:22.591   402   411 D vold    : Preparing: /data/data
12-26 12:23:22.591   873  3377 D CryptdConnector: RCV <- {200 5 Command succeeded}
12-26 12:23:22.595   873   909 V UserDataPreparer: Found /data/user/0 with serial number 0
12-26 12:23:22.596   873   909 V UserDataPreparer: Found /data/system_ce/0 with serial number 0
12-26 12:23:22.597   873   909 V PackageManager: reconcileAppsData for null u0 0x2 migrateAppData=false
12-26 12:23:22.601  4653  5550 D IccSmsInterfaceManager: [IccSmsInterfaceManager] Added GSM cell broadcast subscription for MID range 4384 to 4385 from client com.android.cellbroadcastreceiver
12-26 12:23:22.601  4653  5550 D IccSmsInterfaceManager: [IccSmsInterfaceManager] Calling setCellBroadcastActivation(true)
12-26 12:23:22.599   472   472 I surfaceflinger: type=1400 audit(0.0:246): avc: denied { read write } for path="/dev/kgsl-3d0" dev="tmpfs" ino=11340 scontext=u:r:surfaceflinger:s0 tcontext=u:object_r:device:s0 tclass=chr_file permissive=1
12-26 12:23:22.613  4653  5415 D IccSmsInterfaceManager: [IccSmsInterfaceManager] Added GSM cell broadcast subscription for MID range 4386 to 4391 from client com.android.cellbroadcastreceiver
12-26 12:23:22.613  4653  5415 D IccSmsInterfaceManager: [IccSmsInterfaceManager] Calling setCellBroadcastActivation(true)
12-26 12:23:22.622  5713  5713 I bootstat: Service started: /system/bin/bootstat --record_boot_complete 
12-26 12:23:22.623  5713  5713 E bootstat: Failed to read /data/misc/bootstat/post_decrypt_time_elapsed: No such file or directory
12-26 12:23:22.623  5713  5713 E bootstat: Failed to parse boot time record: /data/misc/bootstat/post_decrypt_time_elapsed
12-26 12:23:22.625  4653  4677 D IccSmsInterfaceManager: [IccSmsInterfaceManager] Added GSM cell broadcast subscription for MID range 4392 to 4392 from client com.android.cellbroadcastreceiver
12-26 12:23:22.625  4653  4677 D IccSmsInterfaceManager: [IccSmsInterfaceManager] Calling setCellBroadcastActivation(true)
12-26 12:23:22.639  4653  4676 D IccSmsInterfaceManager: [IccSmsInterfaceManager] Failed to remove GSM cell broadcast subscription for MID range 4393 to 4395 from client com.android.cellbroadcastreceiver
12-26 12:23:22.650  5721  5721 I bootstat: Service started: /system/bin/bootstat --record_boot_reason 
12-26 12:23:22.652  5721  5721 I bootstat: Unknown boot reason: 
12-26 12:23:22.672  4653  4669 I zygote64: Compiler allocated 9MB to compile void android.hardware.radio.V1_1.IRadioResponse$Stub.onTransact(int, android.os.HwParcel, android.os.HwParcel, int)
12-26 12:23:22.685  5725  5725 I bootstat: Service started: /system/bin/bootstat --record_time_since_factory_reset 
12-26 12:23:22.703  5667  5667 I cameraserver: ServiceManager: 0xf1318500
12-26 12:23:22.703  5667  5667 I CameraService: CameraService started (pid=5667)
12-26 12:23:22.703  5667  5667 I CameraService: CameraService process starting
12-26 12:23:22.708  5667  5667 D vndksupport: Loading /vendor/lib/hw/android.hardware.camera.provider@2.4-impl.so from current namespace instead of sphal namespace.
12-26 12:23:22.718  5667  5667 D vndksupport: Loading /vendor/lib/hw/camera.msm8992.so from current namespace instead of sphal namespace.
12-26 12:23:22.720  5728  5728 I bootstat: Service started: /system/bin/bootstat -l 
12-26 12:23:22.758   873   909 V PackageManager: reconcileAppsData finished 86 packages
12-26 12:23:22.758   873   899 I SystemServiceManager: Calling onUnlockUser u0
12-26 12:23:22.761  5572  5572 I AlarmClock: AlarmInitReceiver android.intent.action.LOCKED_BOOT_COMPLETED
12-26 12:23:22.763  5572  5604 I AlarmClock: Fixing alarm instances
12-26 12:23:22.763   873   899 D BluetoothManagerService: User 0 unlocked
12-26 12:23:22.763   873   899 D StorageManagerService: onUnlockUser 0
12-26 12:23:22.763   873   908 D BluetoothManagerService: MESSAGE_USER_UNLOCKED
12-26 12:23:22.764   873   899 D VoldConnector: SND -> {6 volume user_started 0}
12-26 12:23:22.765   402   410 D vold    : Linking /storage/emulated/0 to /mnt/user/0/primary
12-26 12:23:22.765   873  3376 D VoldConnector: RCV <- {200 6 Command succeeded}
12-26 12:23:22.775   873  3369 D StorageManagerService: Volume emulated broadcasting mounted to UserHandle{0}
12-26 12:23:22.780   873   899 I BackupManagerService: Instantiating BackupManagerService
12-26 12:23:22.786  4519  4519 I InputAttributes: InputType.TYPE_NULL is specified
12-26 12:23:22.798   873  4898 I ActivityManager: Start proc 5749:android.process.media/u0a9 for broadcast com.android.providers.downloads/.DownloadReceiver
12-26 12:23:22.801   873   899 I SELinux : SELinux: Loaded file_contexts
12-26 12:23:22.808   873   899 V BackupManagerService: No ancestral data
12-26 12:23:22.810  5748  5748 W libc    : Unable to set property "ro.min_freq_0" to "384000": error code: 0xb
12-26 12:23:22.821   873   899 V BackupManagerService: Starting with transport android/com.android.internal.backup.LocalTransport
12-26 12:23:22.822   873   899 D BackupTransportManager: Binding to transport: android/com.android.internal.backup.LocalTransportService
12-26 12:23:22.824   873   899 I BackupManagerService: Backup enabled => false
12-26 12:23:22.825   873  5743 V KeyValueBackupJob: Scheduling k/v pass in 245 minutes
12-26 12:23:22.825   873   899 W VoiceInteractionManagerService: no available voice interaction services found for user 0
12-26 12:23:22.826   873   899 W VoiceInteractionManagerService: no available voice recognition services found for user 0
12-26 12:23:22.827   873   899 D AutofillManagerServiceImpl: Reset component for user 0
12-26 12:23:22.827   873   899 D AutofillManagerServiceImpl: Reset component for user 0
12-26 12:23:22.827   873   899 I ActivityManager: Loading recents for user 0 into memory.
12-26 12:23:22.828   873   900 D AutofillUI: destroySaveUiUiThread(): already destroyed
12-26 12:23:22.832  5760  5760 W libc    : Unable to set property "ro.min_freq_4" to "384000": error code: 0xb
12-26 12:23:22.844   873   899 I ActivityManager: Start proc 5769:com.android.nfc/1027 for added application com.android.nfc
12-26 12:23:22.852   873   899 V ActivityManager: Installing ContentProviderInfo{name=com.android.dialer.files className=android.support.v4.content.FileProvider}
12-26 12:23:22.852   873   899 V ActivityManager: Installing ContentProviderInfo{name=com.android.dialer.blocking.filterednumberprovider className=com.android.dialer.blocking.FilteredNumberProvider}
12-26 12:23:22.854   873   899 I ActivityManager: User 0 state changed from RUNNING_UNLOCKING to RUNNING_UNLOCKED
12-26 12:23:22.854   873   899 I ActivityManager: Sending BOOT_COMPLETE user #0
12-26 12:23:22.855  5778  5778 I init    : type=1400 audit(0.0:247): avc: denied { execute_no_trans } for path="/system/vendor/bin/perfd" dev="mmcblk0p47" ino=2413 scontext=u:r:init:s0 tcontext=u:object_r:vendor_file:s0 tclass=file permissive=1
12-26 12:23:22.868   873  5743 I BackupManagerService: Found stale backup journal, scheduling
12-26 12:23:22.871   873   873 D BackupTransportManager: Bound to transport: android/com.android.internal.backup.LocalTransportService
12-26 12:23:22.876  5778  5778 E ANDR-PERF-MPCTL: Unable to create control service (stage=1, rc=0)
12-26 12:23:22.876  5778  5778 W libc    : invalid pthread_t (0) passed to libc
12-26 12:23:22.897  4742  4742 D FallbackHome: User unlocked and real home found; let's go!
12-26 12:23:22.899   873   886 E QCOM PowerHAL: Failed to acquire lock.
12-26 12:23:22.901  4653  4653 D CarrierSvcBindHelper: Received android.intent.action.USER_UNLOCKED
12-26 12:23:22.905   873   873 V NotificationListeners: enabling notification listener for 0: ComponentInfo{com.android.launcher3/com.android.launcher3.notification.NotificationListener}
12-26 12:23:22.905  4653  4653 D CarrierSvcBindHelper: No carrier app for: 0
12-26 12:23:22.905  4653  4653 D IntentBroadcaster: Rebroadcasting intent android.intent.action.SIM_STATE_CHANGED LOADED for slotId 0
12-26 12:23:22.915   873   898 W ProcessCpuTracker: Skipping unknown process pid 5799
12-26 12:23:22.919  4988  4988 I RenderThread: type=1400 audit(0.0:248): avc: denied { read write } for path="/dev/kgsl-3d0" dev="tmpfs" ino=11340 scontext=u:r:platform_app:s0:c512,c768 tcontext=u:object_r:device:s0 tclass=chr_file permissive=1
12-26 12:23:22.929   485   685 E ThermalEngine: ACTION: CLUSTER - Setting CLUSTER[1] to 1689600
12-26 12:23:22.936   873   886 I ActivityManager: Start proc 5808:com.android.smspush/u0a58 for service com.android.smspush/.WapPushManager
12-26 12:23:22.936   873   873 V NotificationListeners: binding: Intent { act=android.service.notification.NotificationListenerService cmp=com.android.launcher3/.notification.NotificationListener (has extras) }
12-26 12:23:22.964   485   685 E ThermalEngine: ACTION: CLUSTER - Setting CLUSTER[1] to 1824000
12-26 12:23:22.964   485   685 E ThermalEngine: ACTION: CLUSTER - Setting CLUSTER[1] to 1689600
12-26 12:23:22.976   873   907 I AppWidgetServiceImpl: Async processing of onUserUnlocked u0 took 150 ms
12-26 12:23:22.991   873   873 W ActivityManager: Slow operation: 54ms so far, now at startProcess: returned from zygote!
12-26 12:23:22.991   873   873 W ActivityManager: Slow operation: 55ms so far, now at startProcess: done updating battery stats
12-26 12:23:22.991   873   873 W ActivityManager: Slow operation: 55ms so far, now at startProcess: building log message
12-26 12:23:22.991   873   873 I ActivityManager: Start proc 5823:com.android.launcher3/u0a14 for service com.android.launcher3/.notification.NotificationListener
12-26 12:23:22.991   873   873 W ActivityManager: Slow operation: 55ms so far, now at startProcess: starting to update pids map
12-26 12:23:22.991   873   873 W ActivityManager: Slow operation: 55ms so far, now at startProcess: done updating pids map
12-26 12:23:22.991   873   873 W ActivityManager: Slow operation: 55ms so far, now at startProcess: done starting proc!
12-26 12:23:22.996   485   685 E ThermalEngine: ACTION: CLUSTER - Setting CLUSTER[1] to 1632000
12-26 12:23:23.005   873   886 I ActivityManager: START u0 {act=android.intent.action.MAIN cat=[android.intent.category.HOME] flg=0x10000100 cmp=com.android.launcher3/.Launcher} from uid 0
12-26 12:23:23.017   873   873 I AccountManagerService: User 0 is unlocked - opening CE database
12-26 12:23:23.020   873   886 E QCOM PowerHAL: Failed to acquire lock.
12-26 12:23:23.024   873   886 E QCOM PowerHAL: Failed to acquire lock.
12-26 12:23:23.026   485   685 E ThermalEngine: ACTION: CLUSTER - Setting CLUSTER[1] to 1536000
12-26 12:23:23.033  5769  5769 I NfcService: Starting NFC service
12-26 12:23:23.052   873   873 D WifiService: resetting networks because SIM was loaded
12-26 12:23:23.057   485   685 E ThermalEngine: ACTION: CLUSTER - Setting CLUSTER[1] to 1440000
12-26 12:23:23.051  5667  5667 I cameraserver: type=1400 audit(0.0:249): avc: denied { read write } for name="media0" dev="tmpfs" ino=9891 scontext=u:r:cameraserver:s0 tcontext=u:object_r:device:s0 tclass=chr_file permissive=1
12-26 12:23:23.051  5667  5667 I cameraserver: type=1400 audit(0.0:250): avc: denied { open } for path="/dev/media0" dev="tmpfs" ino=9891 scontext=u:r:cameraserver:s0 tcontext=u:object_r:device:s0 tclass=chr_file permissive=1
12-26 12:23:23.061   485   683 E ThermalEngine: [BMHB_GOV] read failed VS_TEMP
12-26 12:23:23.061   485   684 E ThermalEngine: [GPU_MON] ACTION: GPU - [GPU_MON] Setting GPU[0] to 600000000
12-26 12:23:23.068  5769  5769 I BrcmNfcJni: NFC Service: loading nci JNI
12-26 12:23:23.068  5769  5769 D NfcAdaptation: readConfig Opened base config /vendor/etc/libnfc-brcm.conf
12-26 12:23:23.075  5769  5769 D NfcAdaptation: find found SCREEN_OFF_POWER_STATE=(0x1)
12-26 12:23:23.076  5769  5769 D NfcAdaptation: find found AID_MATCHING_MODE=(0x1)
12-26 12:23:23.078  5769  5769 W Settings: Setting device_provisioned has moved from android.provider.Settings.Secure to android.provider.Settings.Global.
12-26 12:23:23.088   485   685 E ThermalEngine: ACTION: CLUSTER - Setting CLUSTER[1] to 1344000
12-26 12:23:23.093   485   685 E ThermalEngine: ACTION: CLUSTER - Setting CLUSTER[1] to 1248000
12-26 12:23:23.104  5749  5749 D MediaScannerReceiver: action: android.intent.action.MEDIA_MOUNTED path: /storage/emulated/0
12-26 12:23:23.107   485   685 E ThermalEngine: ACTION: CLUSTER - Setting CLUSTER[1] to 1824000
12-26 12:23:23.108   873   873 I SyncManager: Loaded persisted syncs: 0 periodic syncs, 0 oneshot syncs, 7 total system server jobs, JobStats: FirstLoad: 0/0/0 LastSave: -1/-1/-1
12-26 12:23:23.121  5769  5769 W NfceeAccess: could not find /etc/nfcee_access.xml, no NFCEE access allowed
12-26 12:23:23.122  5769  5769 I NfceeAccess: read 0 signature(s) for NFCEE access
12-26 12:23:23.124   873  5807 W WallpaperManagerService: Cannot extract colors because wallpaper could not be read.
12-26 12:23:23.125   873  5870 I RecoverySystem: No recovery log file
12-26 12:23:23.126  5823  5823 V Launcher: LauncherAppState initiated
12-26 12:23:23.130   873  5870 I BootReceiver: Copying /sys/fs/pstore/console-ramoops-0 to DropBox (SYSTEM_LAST_KMSG)
12-26 12:23:23.139  5476  5476 I Dialer  : NonUiTaskBuilder.newThread - creating parallel thread
12-26 12:23:23.146  5769  5769 D RegisteredT3tIdentifiersCache: RegisteredT3tIdentifiersCache
12-26 12:23:23.147   873  5870 I BootReceiver: Copying audit failures to DropBox
12-26 12:23:23.153   873  5870 I BootReceiver: Copied 3375 worth of audits to DropBox
12-26 12:23:23.154   873  5814 I ActivityManager: Start proc 5874:android.process.acore/u0a2 for content provider com.android.providers.contacts/.CallLogProvider
12-26 12:23:23.154   873  5870 I BootReceiver: Checking for fsck errors
12-26 12:23:23.156   873  5870 I BootReceiver: fs_stat, partition:system stat:0x1
12-26 12:23:23.156   873  5870 I BootReceiver: fs_stat, partition:userdata found timestamp adjustment:Timestamp(s) on inode 875180 beyond 2310-04-04 are likely pre-1970.
12-26 12:23:23.156   873  5870 I BootReceiver: fs_stat, partition:userdata fix:Fix? yes
12-26 12:23:23.156   873  5870 I BootReceiver: fs_stat, partition:userdata stat:0x401
12-26 12:23:23.156   873  5870 I BootReceiver: fs_stat, partition:cache stat:0x1
12-26 12:23:23.156   873  5870 I BootReceiver: fs_stat, partition:persist stat:0x3
12-26 12:23:23.156   873  5870 I BootReceiver: fs_stat, partition:sns stat:0x3
12-26 12:23:23.157   873  5870 I BootReceiver: fs_stat, partition:drm stat:0x3
12-26 12:23:23.157   873  5870 I BootReceiver: fs_stat, partition:mpt stat:0x3
12-26 12:23:23.157   873  5870 I BootReceiver: fs_stat, partition:cust stat:0x3
12-26 12:23:23.157   873  5870 I BootReceiver: fs_stat, partition:system stat:0x541
12-26 12:23:23.157   873  5870 I BootReceiver: fs_stat, partition:userdata stat:0x549
12-26 12:23:23.158   873  5870 I BootReceiver: fs_stat, partition:cache stat:0x549
12-26 12:23:23.158   873  5870 I BootReceiver: fs_stat, partition:persist stat:0x54b
12-26 12:23:23.158   873  5870 I BootReceiver: fs_stat, partition:sns stat:0x54b
12-26 12:23:23.158   873  5870 I BootReceiver: fs_stat, partition:drm stat:0x54b
12-26 12:23:23.158   873  5870 I BootReceiver: fs_stat, partition:mpt stat:0x54b
12-26 12:23:23.159   873  5870 I BootReceiver: Copying /dev/fscklogs/log to DropBox (SYSTEM_FSCK)
12-26 12:23:23.173  5769  5769 D RegisteredServicesCache: Dynamic AIDs file does not exist.
12-26 12:23:23.178  5769  5769 D RegisteredNfcFServicesCache: Dynamic System Code, NFCID2 file does not exist.
12-26 12:23:23.179  5769  5769 D RegisteredNfcFServicesCache: Service unchanged, not updating
12-26 12:23:23.185  5769  5888 D NfcService: checking on firmware download
12-26 12:23:23.185  5769  5888 D NfcService: NFC is on. Doing normal stuff
12-26 12:23:23.186  5769  5888 I NfcService: Enabling NFC
12-26 12:23:23.187   485   685 E ThermalEngine: ACTION: CLUSTER - Setting CLUSTER[1] to 1689600
12-26 12:23:23.190  5769  5888 D NfcAdaptation: find found SCREEN_OFF_POWER_STATE=(0x1)
12-26 12:23:23.191  5769  5888 D NfcAdaptation: NfcAdaptation::Initialize: enter
12-26 12:23:23.191  5769  5888 E NfcAdaptation: NfcAdaptation::Initialize: ver=NFCDROID-AOSP_M_00.01 nfa=NFA_PI_1.03.66+
12-26 12:23:23.191  5769  5888 D NfcAdaptation: find found NFA_STORAGE=/data/nfc
12-26 12:23:23.191  5769  5888 D NfcAdaptation: find found PROTOCOL_TRACE_LEVEL=(0xFFFFFFFF)
12-26 12:23:23.191  5769  5888 D NfcAdaptation: find found NFA_MAX_EE_SUPPORTED=(0x2)
12-26 12:23:23.191  5769  5888 D NfcAdaptation: NfcAdaptation::Initialize: Overriding NFA_EE_MAX_EE_SUPPORTED to use 2
12-26 12:23:23.191  5769  5888 D NfcAdaptation: find found APPL_TRACE_LEVEL=(0xFF)
12-26 12:23:23.191  5769  5888 D BrcmNfcJni: initializeGlobalAppLogLevel: level=5
12-26 12:23:23.191  5769  5888 D         : verify_stack_non_volatile_store
12-26 12:23:23.191  5769  5888 D NfcNciHal: crcChecksumVerifyIntegrity: filename=/data/nfc/nfaStorage.bin1
12-26 12:23:23.191  5769  5888 D NfcNciHal: crcChecksumVerifyIntegrity: filename=/data/nfc/nfaStorage.bin2
12-26 12:23:23.191  5769  5888 D NfcNciHal: crcChecksumVerifyIntegrity: filename=/data/nfc/nfaStorage.bin3
12-26 12:23:23.191  5769  5888 D NfcNciHal: crcChecksumVerifyIntegrity: filename=/data/nfc/nfaStorage.bin4
12-26 12:23:23.191  5769  5888 D NfcNciHal: crcChecksumVerifyIntegrity: filename=/data/nfc/nfaStorage.bin5
12-26 12:23:23.191  5769  5888 D NfcAdaptation: find found PRESERVE_STORAGE=(0x1)
12-26 12:23:23.191  5769  5888 D NfcAdaptation: Initialize: preserve stack NV store
12-26 12:23:23.193  5769  5891 D NfcAdaptation: NfcAdaptation::Thread: enter
12-26 12:23:23.194  5769  5890 D NfcAdaptation: NfcAdaptation::NFCA_TASK: enter
12-26 12:23:23.194  5769  5890 I BrcmNfcNfa: GKI_run(): Start/Stop GKI_timer_update_registered!
12-26 12:23:23.194  5769  5892 I BrcmNfcNfa: NFC_TASK started.
12-26 12:23:23.194  5769  5888 D NfcAdaptation: NfcAdaptation::InitializeHalDeviceContext: enter
12-26 12:23:23.194  5769  5888 I NfcAdaptation: NfcAdaptation::InitializeHalDeviceContext: INfc::getService()
12-26 12:23:23.195  5769  5891 D NfcAdaptation: NfcAdaptation::Thread: exit
12-26 12:23:23.195  5769  5891 E BrcmNfcNfa: gki_task task_id=0 terminating
12-26 12:23:23.208   461   461 I WifiHAL : Initializing wifi
12-26 12:23:23.208   461   461 I WifiHAL : Creating socket
12-26 12:23:23.209   461   461 I WifiHAL : Initialized Wifi HAL Successfully; vendor cmd = 103
12-26 12:23:23.211   461   461 E android.hardware.wifi@1.0-service: Failed to set DFS flag; DFS channels may be unavailable.
12-26 12:23:23.215   485   685 E ThermalEngine: ACTION: CLUSTER - Setting CLUSTER[1] to 1824000
12-26 12:23:23.222   485   685 E ThermalEngine: ACTION: CLUSTER - Setting CLUSTER[1] to 1689600
12-26 12:23:23.219  5903  5903 I netmgrd : type=1400 audit(0.0:251): avc: denied { execute_no_trans } for path="/system/bin/sh" dev="mmcblk0p47" ino=411 scontext=u:r:init:s0 tcontext=u:object_r:shell_exec:s0 tclass=file permissive=1
12-26 12:23:23.228   873  3962 I WifiVendorHal: Vendor Hal started successfully
12-26 12:23:23.228   873  3962 D WificondControl: Setting up driver for client mode
12-26 12:23:23.229   501   501 I wificond: create scanner for interface with index: 5
12-26 12:23:23.229   501   501 I wificond: subscribe scan result for interface with index: 5
12-26 12:23:23.230   400   400 W /system/bin/hwservicemanager: getTransport: Cannot find entry android.hardware.wifi.offload@1.0::IOffload/default in either framework or device manifest.
12-26 12:23:23.232   501   501 E wificond: No Offload Service available
12-26 12:23:23.232   501   501 I wificond: Offload HAL not supported 
12-26 12:23:23.234   416   438 D CommandListener: Clearing all IP addresses on wlan0
12-26 12:23:23.235  5903  5903 I sh      : type=1400 audit(0.0:252): avc: denied { execute_no_trans } for path="/system/bin/tc" dev="mmcblk0p47" ino=443 scontext=u:r:init:s0 tcontext=u:object_r:system_file:s0 tclass=file permissive=1
12-26 12:23:23.243  5903  5903 I tc      : type=1400 audit(0.0:253): avc: denied { create } for scontext=u:r:init:s0 tcontext=u:r:init:s0 tclass=netlink_route_socket permissive=1
12-26 12:23:23.243  5903  5903 I tc      : type=1400 audit(0.0:254): avc: denied { bind } for scontext=u:r:init:s0 tcontext=u:r:init:s0 tclass=netlink_route_socket permissive=1
12-26 12:23:23.259  5906  5906 I sh      : type=1400 audit(0.0:255): avc: denied { execute_no_trans } for path="/system/bin/tc" dev="mmcblk0p47" ino=443 scontext=u:r:init:s0 tcontext=u:object_r:system_file:s0 tclass=file permissive=1
12-26 12:23:23.270  5874  5874 I ContactsPerf: VoicemailContentProvider.onCreate start
12-26 12:23:23.276  5874  5874 I ContactsPerf: VoicemailContentProvider.onCreate finish
12-26 12:23:23.276  5749  5859 F MediaProfiles: frameworks/av/media/libmedia/MediaProfiles.cpp:329 CHECK(quality != -1) failed.
--------- beginning of crash
12-26 12:23:23.276  5749  5859 F libc    : Fatal signal 6 (SIGABRT), code -6 in tid 5859 (MediaScannerSer), pid 5749 (d.process.media)
12-26 12:23:23.277   485   685 E ThermalEngine: ACTION: CLUSTER - Setting CLUSTER[1] to 1632000
12-26 12:23:23.286  5905  5905 I wpa_supplicant: Processing hidl events on FD 4
12-26 12:23:23.290  5905  5905 I wpa_supplicant: Successfully initialized wpa_supplicant
12-26 12:23:23.290   873  3101 I system_server: Looking for service android.hardware.wifi.supplicant@1.0::ISupplicant/default
12-26 12:23:23.291   873  3101 I system_server: Starting thread pool.
12-26 12:23:23.301  5905  5905 E wpa_supplicant: Could not read interface p2p0 flags: No such device
12-26 12:23:23.301  5905  5905 I wpa_supplicant: nl80211: Driver does not support authentication/association or connect commands
12-26 12:23:23.301  5905  5905 I wpa_supplicant: nl80211: deinit ifname=p2p0 disabled_11b_rates=0
12-26 12:23:23.303  5905  5905 E wpa_supplicant: Could not read interface p2p0 flags: No such device
12-26 12:23:23.303  5905  5905 E wpa_supplicant: p2p0: Failed to initialize driver interface
12-26 12:23:23.305  5905  5905 W hw-IPCThreadState: Calling IPCThreadState::self() during shutdown is dangerous, expect a crash.
12-26 12:23:23.305  5905  5905 W hw-IPCThreadState: Calling IPCThreadState::self() during shutdown is dangerous, expect a crash.
12-26 12:23:23.305   873  3101 E SupplicantStaIfaceHal: Got null ISupplicant service. Stopping supplicant HIDL startup
12-26 12:23:23.305   873  3101 E SupplicantStaIfaceHal: initalizing ISupplicantIfaces failed.
12-26 12:23:23.307   400   400 E hw-IPCThreadState: attemptIncStrongHandle(24): Not supported
12-26 12:23:23.307   400   400 I chatty  : uid=1000(system) hwservicemanage identical 4 lines
12-26 12:23:23.307   400   400 E hw-IPCThreadState: attemptIncStrongHandle(24): Not supported
12-26 12:23:23.308   485   685 E ThermalEngine: ACTION: CLUSTER - Setting CLUSTER[1] to 1536000
12-26 12:23:23.314  5874  5908 D ContactsDatabaseHelper: WAL enabled for contacts2.db: true
12-26 12:23:23.318   485   685 E ThermalEngine: ACTION: CLUSTER - Setting CLUSTER[1] to 1440000
12-26 12:23:23.321   873   898 I ActivityManager: Start proc 5922:com.android.printspooler/u0a53 for service com.android.printspooler/.model.PrintSpoolerService
12-26 12:23:23.327  5823  5873 D LoaderTask: loadWorkspace: loading default favorites
12-26 12:23:23.335  5921  5921 I tc      : type=1400 audit(0.0:256): avc: denied { create } for scontext=u:r:init:s0 tcontext=u:r:init:s0 tclass=netlink_route_socket permissive=1
12-26 12:23:23.335  5921  5921 I tc      : type=1400 audit(0.0:257): avc: denied { bind } for scontext=u:r:init:s0 tcontext=u:r:init:s0 tclass=netlink_route_socket permissive=1
12-26 12:23:23.335   967   967 I netmgrd : type=1400 audit(0.0:258): avc: denied { create } for scontext=u:r:init:s0 tcontext=u:r:init:s0 tclass=tcp_socket permissive=1
12-26 12:23:23.335   967   967 I netmgrd : type=1400 audit(0.0:259): avc: denied { ioctl } for path="socket:[32986]" dev="sockfs" ino=32986 ioctlcmd=8921 scontext=u:r:init:s0 tcontext=u:r:init:s0 tclass=tcp_socket permissive=1
12-26 12:23:23.340  5823  5932 D OpenGLRenderer: HWUI GL Pipeline
12-26 12:23:23.343   917   917 I rild    : type=1400 audit(0.0:260): avc: denied { ioctl } for path="socket:[16148]" dev="sockfs" ino=16148 ioctlcmd=c302 scontext=u:r:rild:s0 tcontext=u:r:rild:s0 tclass=socket permissive=1
12-26 12:23:23.348   485   685 E ThermalEngine: ACTION: CLUSTER - Setting CLUSTER[1] to 1536000
12-26 12:23:23.358  5928  5928 I crash_dump64: obtaining output fd from tombstoned, type: kDebuggerdTombstone
12-26 12:23:23.359   518   518 I /system/bin/tombstoned: received crash request for pid 5749
12-26 12:23:23.361  5928  5928 I crash_dump64: performing dump of process 5749 (target tid = 5859)
12-26 12:23:23.361  5874  5908 I ContactLocale: AddressBook Labels [[en_US]]: [, A, B, C, D, E, F, G, H, I, J, K, L, M, N, O, P, Q, R, S, T, U, V, W, X, Y, Z, , , , , , , , , , , , , , , , , , , , , , , , , , , , , , , , , , , , , , , , , , , , , , , , , , , , , , , , , , , , , , , , , , , , , , , , , , , , , , , , , , , , , , , , , , , , , , , , , , , , , , , , , , , , , , , , , , , , , , , , , , , , , , , , , , , , , , , , , , , , , , , , , , , , , , , , , , , , , , , , , , , , , , , , , , , , , , , , , , , , , , , , , , , #, ]
12-26 12:23:23.365  5928  5928 F DEBUG   : *** *** *** *** *** *** *** *** *** *** *** *** *** *** *** ***
12-26 12:23:23.365  5928  5928 F DEBUG   : Build fingerprint: 'lge/p1_global_com/p1:8.0/NRD90U/171931902b165:user/release-keys'
12-26 12:23:23.365  5928  5928 F DEBUG   : Revision: '11'
12-26 12:23:23.365  5928  5928 F DEBUG   : ABI: 'arm64'
12-26 12:23:23.365  5928  5928 F DEBUG   : pid: 5749, tid: 5859, name: MediaScannerSer  >>> android.process.media <<<
12-26 12:23:23.365  5928  5928 F DEBUG   : signal 6 (SIGABRT), code -6 (SI_TKILL), fault addr --------
12-26 12:23:23.370  5928  5928 F DEBUG   : Abort message: 'frameworks/av/media/libmedia/MediaProfiles.cpp:329 CHECK(quality != -1) failed.'
12-26 12:23:23.370  5928  5928 F DEBUG   :     x0   0000000000000000  x1   00000000000016e3  x2   0000000000000006  x3   0000000000000008
12-26 12:23:23.370  5928  5928 F DEBUG   :     x4   0000000000000000  x5   0000000000000000  x6   0000000000000000  x7   7f7f7f7f7f7f7f7f
12-26 12:23:23.370  5928  5928 F DEBUG   :     x8   0000000000000083  x9   e0f3e18f6ddf89a0  x10  0000000000000000  x11  0000000000000001
12-26 12:23:23.370  5928  5928 F DEBUG   :     x12  ffffffffffffffff  x13  ffffffffffffffff  x14  ff00000000000000  x15  ffffffffffffffff
12-26 12:23:23.370  5928  5928 F DEBUG   :     x16  00000055896befa8  x17  00000078a9fffe64  x18  0000000000000000  x19  0000000000001675
12-26 12:23:23.370  5928  5928 F DEBUG   :     x20  00000000000016e3  x21  0000000000000000  x22  000000781da8450c  x23  000000780f59b588
12-26 12:23:23.370  5928  5928 F DEBUG   :     x24  0000000000000018  x25  00000078aa2389a8  x26  000000780f59b588  x27  000000780f59b588
12-26 12:23:23.370  5928  5928 F DEBUG   :     x28  000000781da6d030  x29  000000780f5967c0  x30  00000078a9fb5978
12-26 12:23:23.370  5928  5928 F DEBUG   :     sp   000000780f596780  pc   00000078a9fb5994  pstate 0000000060000000
12-26 12:23:23.370   873  5807 D AutofillManagerServiceImpl: Reset component for user 0
12-26 12:23:23.374  5476  5476 I Dialer  : VisualVoicemailUpdateTask.scheduleTask - update successful
12-26 12:23:23.379   485   685 E ThermalEngine: ACTION: CLUSTER - Setting CLUSTER[1] to 1632000
