01-02 19:00:35.650  1940  1940 W EffectsFactory: checkLibraryPath() corrected library path /system/lib/soundfx/libldnhncr.so to /vendor/lib/soundfx/libldnhncr.so
01-02 19:00:35.651  1940  1940 W EffectsFactory: checkLibraryPath() corrected library path /system/lib/soundfx/libeffectproxy.so to /vendor/lib/soundfx/libeffectproxy.so
01-02 19:00:35.652  1940  1940 W EffectsFactory: loadLibrary() could not find library /system/lib/soundfx/libqcompostprocbundle.so
01-02 19:00:35.652  1940  1940 W EffectsFactory: loadLibrary() could not find library /system/lib/soundfx/libqcomvoiceprocessing.so
01-02 19:00:35.652  1940  1940 W EffectsFactory: addSubEffect() could not get library offload_bundle
01-02 19:00:35.652  1940  1940 W EffectsFactory: loadEffect() could not add subEffect 
01-02 19:00:35.652  1940  1940 W EffectsFactory: addSubEffect() could not get library offload_bundle
01-02 19:00:35.652  1940  1940 W EffectsFactory: loadEffect() could not add subEffect 
01-02 19:00:35.652  1940  1940 W EffectsFactory: addSubEffect() could not get library offload_bundle
01-02 19:00:35.652  1940  1940 W EffectsFactory: loadEffect() could not add subEffect 
01-02 19:00:35.652  1940  1940 W EffectsFactory: addSubEffect() could not get library offload_bundle
01-02 19:00:35.652  1940  1940 W EffectsFactory: loadEffect() could not add subEffect 
01-02 19:00:35.652  1940  1940 W EffectsFactory: addSubEffect() could not get library offload_bundle
01-02 19:00:35.652  1940  1940 W EffectsFactory: loadEffect() could not add subEffect 
01-02 19:00:35.652  1940  1940 W EffectsFactory: addSubEffect() could not get library offload_bundle
01-02 19:00:35.652  1940  1940 W EffectsFactory: loadEffect() could not add subEffect 
01-02 19:00:35.652  1940  1940 W EffectsFactory: addSubEffect() could not get library offload_bundle
01-02 19:00:35.652  1940  1940 W EffectsFactory: loadEffect() could not add subEffect 
01-02 19:00:35.652  1940  1940 W EffectsFactory: addSubEffect() could not get library visualizer_hw
01-02 19:00:35.653  1940  1940 W EffectsFactory: loadEffect() could not add subEffect 
01-02 19:00:35.653  1940  1940 W EffectsFactory: loadEffect() could not get library offload_bundle
01-02 19:00:35.653  1940  1940 W EffectsFactory: loadEffect() could not get library audio_pre_processing
01-02 19:00:35.653  1940  1940 W EffectsFactory: loadEffect() could not get library audio_pre_processing
01-02 19:00:35.653  1940  1940 I BufferProvider: found effect "Multichannel Downmix To Stereo" from The Android Open Source Project
01-02 19:00:35.661  1940  1940 I AudioFlinger: Using module 10 as the primary audio interface
01-02 19:00:35.661  1940  1940 W AudioFlinger: moveEffects() bad srcOutput 0
01-02 19:00:35.662  1940  1987 I AudioFlinger: AudioFlinger's thread 0xeb5839c0 tid=1987 ready to run
01-02 19:00:35.662  1940  1987 W AudioFlinger: no wake lock to update, system not ready yet
01-02 19:00:35.664  1940  1987 W AudioFlinger: no wake lock to update, system not ready yet
01-02 19:00:35.664  1940  1966 W DeviceHAL: Device 0xec473000 set_voice_volume: Function not implemented
01-02 19:00:35.665  1940  1940 W APM_AudioPolicyManager: Output profile contains no device on module primary
01-02 19:00:35.665  1940  1940 I AudioFlinger: openOutput() this 0xec43d000, module 10 Device 2, SamplingRate 48000, Format 0x000001, Channels 3, flags 8
01-02 19:00:35.666  1940  1940 I AudioFlinger: HAL output buffer size 1024 frames, normal sink buffer size 1024 frames
01-02 19:00:35.666  1940  1989 I AudioFlinger: AudioFlinger's thread 0xeb103700 tid=1989 ready to run
01-02 19:00:35.667  1940  1989 W AudioFlinger: no wake lock to update, system not ready yet
01-02 19:00:35.668  1940  1989 W AudioFlinger: no wake lock to update, system not ready yet
01-02 19:00:35.669  1941  1941 I cameraserver: ServiceManager: 0xf2317580
01-02 19:00:35.669  1941  1941 I CameraService: CameraService started (pid=1941)
01-02 19:00:35.669  1941  1941 I CameraService: CameraService process starting
01-02 19:00:35.669  1941  1941 W BatteryNotifier: batterystats service unavailable!
01-02 19:00:35.670  1941  1941 W BatteryNotifier: batterystats service unavailable!
01-02 19:00:35.671  1940  1940 I AudioFlinger: openOutput() this 0xec43d000, module 10 Device 2, SamplingRate 48000, Format 0x000001, Channels 3, flags 4
01-02 19:00:35.671  1940  1940 I AudioFlinger: HAL output buffer size 1024 frames, normal sink buffer size 1024 frames
01-02 19:00:35.672  1940  1992 I AudioFlinger: AudioFlinger's thread 0xeae83280 tid=1992 ready to run
01-02 19:00:35.672  1940  1992 W AudioFlinger: no wake lock to update, system not ready yet
01-02 19:00:35.673  1940  1992 W AudioFlinger: no wake lock to update, system not ready yet
01-02 19:00:35.673   395   395 W /system/bin/hwservicemanager: getTransportFromManifest: Cannot find entry android.hardware.camera.provider@2.4::ICameraProvider in either framework or device manifest, using default transport.
01-02 19:00:35.673  1940  1940 W APM_AudioPolicyManager: Output profile contains no device on module primary
01-02 19:00:35.673  1940  1940 W APM_AudioPolicyManager: Output profile contains no device on module primary
01-02 19:00:35.673  1940  1940 I AudioFlinger: openOutput() this 0xec43d000, module 10 Device 10000, SamplingRate 48000, Format 0x000001, Channels 3, flags 0
01-02 19:00:35.674  1940  1940 I AudioFlinger: HAL output buffer size 1024 frames, normal sink buffer size 1024 frames
01-02 19:00:35.675  1940  1994 I AudioFlinger: AudioFlinger's thread 0xeac03e40 tid=1994 ready to run
01-02 19:00:35.675  1940  1994 W AudioFlinger: no wake lock to update, system not ready yet
01-02 19:00:35.676  1940  1994 W AudioFlinger: no wake lock to update, system not ready yet
01-02 19:00:35.677  1940  1940 W APM_AudioPolicyManager: Output profile contains no device on module primary
01-02 19:00:35.677  1940  1940 W APM_AudioPolicyManager: Output profile contains no device on module primary
01-02 19:00:35.677  1940  1998 I AudioFlinger: AudioFlinger's thread 0xea983ec0 tid=1998 ready to run
01-02 19:00:35.680  1940  2000 I AudioFlinger: AudioFlinger's thread 0xea983bc0 tid=2000 ready to run
01-02 19:00:35.687  1940  1940 I bt_a2dp_hw: adev_open:  adev_open in A2dp_hw module
01-02 19:00:35.687  1940  1940 I AudioFlinger: loadHwModule() Loaded a2dp audio interface, handle 18
01-02 19:00:35.687  1940  1940 I vndksupport: sphal namespace is not configured for this process. Loading /vendor/lib/hw/audio.usb.default.so from the current namespace instead.
01-02 19:00:35.689  1940  1940 I AudioFlinger: loadHwModule() Loaded usb audio interface, handle 26
01-02 19:00:35.690  1940  1940 I vndksupport: sphal namespace is not configured for this process. Loading /vendor/lib/hw/audio.r_submix.default.so from the current namespace instead.
01-02 19:00:35.690  1940  1940 I r_submix: adev_open(name=audio_hw_if)
01-02 19:00:35.691  1940  1940 I r_submix: adev_init_check()
01-02 19:00:35.691  1940  1940 W DeviceHAL: Device 0xeac54ac0 set_master_mute: Function not implemented
01-02 19:00:35.691  1940  1940 I AudioFlinger: loadHwModule() Loaded r_submix audio interface, handle 34
01-02 19:00:35.691  1940  1940 D r_submix: adev_open_input_stream(addr=0)
01-02 19:00:35.691  1940  1940 D r_submix: submix_audio_device_create_pipe_l(addr=0, idx=9)
01-02 19:00:35.691  1940  1940 D r_submix:   now using address 0 for route 9
01-02 19:00:35.691  1940  2004 I AudioFlinger: AudioFlinger's thread 0xea983780 tid=2004 ready to run
01-02 19:00:35.691  1940  1940 D r_submix: adev_close_input_stream()
01-02 19:00:35.691  1940  1940 D r_submix: submix_audio_device_release_pipe_l(idx=9) addr=0
01-02 19:00:35.692  1940  1940 D r_submix: submix_audio_device_destroy_pipe_l(): pipe destroyed
01-02 19:00:35.693  1940  1940 I RadioService: RadioService
01-02 19:00:35.693  1940  1940 I RadioService: onFirstRef
01-02 19:00:35.694   395   395 W /system/bin/hwservicemanager: getTransportFromManifest: Cannot find entry android.hardware.broadcastradio@1.0::IBroadcastRadioFactory in either framework or device manifest, using default transport.
01-02 19:00:35.695  1940  1940 E RadioService: could not read implementation properties
01-02 19:00:35.697   395   395 W /system/bin/hwservicemanager: getTransportFromManifest: Cannot find entry android.hardware.soundtrigger@2.0::ISoundTriggerHw in either framework or device manifest, using default transport.
01-02 19:00:35.698  1940  1940 E SoundTriggerHwService: could not read implementation properties
01-02 19:00:35.835  1939  1939 D AndroidRuntime: >>>>>> START com.android.internal.os.ZygoteInit uid 0 <<<<<<
01-02 19:00:35.842  1939  1939 I zygote64: option[0]=-Xzygote
01-02 19:00:35.842  1939  1939 I zygote64: option[1]=-Xstacktracefile:/data/anr/traces.txt
01-02 19:00:35.842  1939  1939 I zygote64: option[2]=exit
01-02 19:00:35.842  1939  1939 I zygote64: option[3]=vfprintf
01-02 19:00:35.842  1939  1939 I zygote64: option[4]=sensitiveThread
01-02 19:00:35.842  1939  1939 I zygote64: option[5]=-verbose:gc
01-02 19:00:35.842  1939  1939 I zygote64: option[6]=-Xms8m
01-02 19:00:35.842  1939  1939 I zygote64: option[7]=-Xmx768m
01-02 19:00:35.842  1939  1939 I zygote64: option[8]=-XX:HeapGrowthLimit=288m
01-02 19:00:35.842  1939  1939 I zygote64: option[9]=-XX:HeapMinFree=512k
01-02 19:00:35.842  1939  1939 I zygote64: option[10]=-XX:HeapMaxFree=8m
01-02 19:00:35.842  1939  1939 I zygote64: option[11]=-XX:HeapTargetUtilization=0.75
01-02 19:00:35.842  1939  1939 I zygote64: option[12]=-Xusejit:true
01-02 19:00:35.842  1939  1939 I zygote64: option[13]=-Xjitsaveprofilinginfo
01-02 19:00:35.842  1939  1939 I zygote64: option[14]=-agentlib:jdwp=transport=dt_android_adb,suspend=n,server=y
01-02 19:00:35.842  1939  1939 I zygote64: option[15]=-Xlockprofthreshold:500
01-02 19:00:35.842  1939  1939 I zygote64: option[16]=-Ximage-compiler-option
01-02 19:00:35.842  1939  1939 I zygote64: option[17]=--runtime-arg
01-02 19:00:35.842  1939  1939 I zygote64: option[18]=-Ximage-compiler-option
01-02 19:00:35.842  1939  1939 I zygote64: option[19]=-Xms64m
01-02 19:00:35.842  1939  1939 I zygote64: option[20]=-Ximage-compiler-option
01-02 19:00:35.842  1939  1939 I zygote64: option[21]=--runtime-arg
01-02 19:00:35.842  1939  1939 I zygote64: option[22]=-Ximage-compiler-option
01-02 19:00:35.842  1939  1939 I zygote64: option[23]=-Xmx64m
01-02 19:00:35.842  1939  1939 I zygote64: option[24]=-Ximage-compiler-option
01-02 19:00:35.842  1939  1939 I zygote64: option[25]=--image-classes=/system/etc/preloaded-classes
01-02 19:00:35.843  1939  1939 I zygote64: option[26]=-Ximage-compiler-option
01-02 19:00:35.843  1939  1939 I zygote64: option[27]=--compiled-classes=/system/etc/compiled-classes
01-02 19:00:35.843  1939  1939 I zygote64: option[28]=-Xcompiler-option
01-02 19:00:35.843  1939  1939 I zygote64: option[29]=--runtime-arg
01-02 19:00:35.843  1939  1939 I zygote64: option[30]=-Xcompiler-option
01-02 19:00:35.843  1939  1939 I zygote64: option[31]=-Xms64m
01-02 19:00:35.843  1939  1939 I zygote64: option[32]=-Xcompiler-option
01-02 19:00:35.843  1939  1939 I zygote64: option[33]=--runtime-arg
01-02 19:00:35.843  1939  1939 I zygote64: option[34]=-Xcompiler-option
01-02 19:00:35.843  1939  1939 I zygote64: option[35]=-Xmx512m
01-02 19:00:35.843  1939  1939 I zygote64: option[36]=-Xcompiler-option
01-02 19:00:35.843  1939  1939 I zygote64: option[37]=-j2
01-02 19:00:35.843  1939  1939 I zygote64: option[38]=-Ximage-compiler-option
01-02 19:00:35.843  1939  1939 I zygote64: option[39]=-j4
01-02 19:00:35.843  1939  1939 I zygote64: option[40]=-Ximage-compiler-option
01-02 19:00:35.843  1939  1939 I zygote64: option[41]=--instruction-set-variant=generic
01-02 19:00:35.843  1939  1939 I zygote64: option[42]=-Xcompiler-option
01-02 19:00:35.843  1939  1939 I zygote64: option[43]=--instruction-set-variant=generic
01-02 19:00:35.843  1939  1939 I zygote64: option[44]=-Ximage-compiler-option
01-02 19:00:35.843  1939  1939 I zygote64: option[45]=--instruction-set-features=default
01-02 19:00:35.843  1939  1939 I zygote64: option[46]=-Xcompiler-option
01-02 19:00:35.843  1939  1939 I zygote64: option[47]=--instruction-set-features=default
01-02 19:00:35.843  1939  1939 I zygote64: option[48]=-Duser.locale=en-US
01-02 19:00:35.843  1939  1939 I zygote64: option[49]=--cpu-abilist=arm64-v8a
01-02 19:00:35.843  1939  1939 I zygote64: option[50]=-Xfingerprint:lge/p1_global_com/p1:8.0/NRD90U/171931902b165:user/release-keys
01-02 19:00:35.997  1939  1939 I SamplingProfilerIntegration: Profiling disabled.
01-02 19:00:35.997  1939  1939 D Zygote  : begin preload
01-02 19:00:35.997  1939  1939 I Zygote  : Installing ICU cache reference pinning...
01-02 19:00:35.997  1939  1939 I Zygote  : Preloading ICU data...
01-02 19:00:36.007  1939  1939 D Zygote64Timing: BeginIcuCachePinning took to complete: 10ms
01-02 19:00:36.007  1939  1939 I Zygote  : Preloading classes...
01-02 19:00:36.191  1939  1939 E ActivityRecognitionHardware: activity_recognition HAL is deprecated. class_init is effectively a no-op
01-02 19:00:36.203  1939  1939 I zygote64: Thread[1,tid=1939,Native,Thread*=0x7bd94bea00,peer=0x776c1ca8,"main"] recursive attempt to load library "/system/lib64/libmedia_jni.so"
01-02 19:00:36.203  1939  1939 D MtpDeviceJNI: register_android_mtp_MtpDevice
01-02 19:00:36.204  1939  1939 I zygote64: Thread[1,tid=1939,Native,Thread*=0x7bd94bea00,peer=0x776c1ca8,"main"] recursive attempt to load library "/system/lib64/libmedia_jni.so"
01-02 19:00:36.204  1939  1939 I zygote64: Thread[1,tid=1939,Native,Thread*=0x7bd94bea00,peer=0x776c1ca8,"main"] recursive attempt to load library "/system/lib64/libmedia_jni.so"
01-02 19:00:36.223  1939  1939 W main    : type=1400 audit(0.0:493): avc: granted { read } for name="cmdline" dev="proc" ino=4026535438 scontext=u:r:zygote:s0 tcontext=u:object_r:proc:s0 tclass=file
01-02 19:00:36.223  1939  1939 W main    : type=1400 audit(0.0:494): avc: granted { read open } for path="/proc/cmdline" dev="proc" ino=4026535438 scontext=u:r:zygote:s0 tcontext=u:object_r:proc:s0 tclass=file
01-02 19:00:36.223  1939  1939 W main    : type=1400 audit(0.0:495): avc: granted { getattr } for path="/proc/cmdline" dev="proc" ino=4026535438 scontext=u:r:zygote:s0 tcontext=u:object_r:proc:s0 tclass=file
01-02 19:00:36.312  1939  1939 I System  : Loaded time zone names for "" in 36ms (35ms in ICU)
01-02 19:00:36.332  1939  1939 I System  : Loaded time zone names for "en_US" in 20ms (19ms in ICU)
01-02 19:00:36.341  1939  1939 I Zygote  : ...preloaded 4570 classes in 334ms.
01-02 19:00:36.341  1939  1939 I zygote64: VMRuntime.preloadDexCaches starting
01-02 19:00:36.449  1939  1939 I zygote64: VMRuntime.preloadDexCaches strings total=307197 before=2830 after=2830
01-02 19:00:36.449  1939  1939 I zygote64: VMRuntime.preloadDexCaches types total=26199 before=2663 after=3316
01-02 19:00:36.449  1939  1939 I zygote64: VMRuntime.preloadDexCaches fields total=124185 before=2149 after=1211
01-02 19:00:36.449  1939  1939 I zygote64: VMRuntime.preloadDexCaches methods total=220089 before=87676 after=87774
01-02 19:00:36.449  1939  1939 I zygote64: VMRuntime.preloadDexCaches finished
01-02 19:00:36.450  1939  1939 D Zygote64Timing: PreloadClasses took to complete: 442ms
01-02 19:00:36.478  1939  1939 I Zygote  : Preloading resources...
01-02 19:00:36.505  1939  1939 W Resources: Preloaded drawable resource #0x1080264 (android:drawable/dialog_background_material) that varies with configuration!!
01-02 19:00:36.512  1939  1939 W Resources: Preloaded color resource #0x10600de (android:color/material_grey_800) that varies with configuration!!
01-02 19:00:36.513  1939  1939 W Resources: Preloaded drawable resource #0x10802d1 (android:drawable/floating_popup_background_dark) that varies with configuration!!
01-02 19:00:36.655  1939  1939 I Zygote  : ...preloaded 114 resources in 177ms.
01-02 19:00:36.659  1939  1939 W Resources: Preloaded color resource #0x1060036 (android:color/background_cache_hint_selector_material_dark) that varies with configuration!!
01-02 19:00:36.660  1939  1939 W Resources: Preloaded color resource #0x1060053 (android:color/btn_default_material_dark) that varies with configuration!!
01-02 19:00:36.661  1939  1939 I Zygote  : ...preloaded 41 resources in 6ms.
01-02 19:00:36.661  1939  1939 D Zygote64Timing: PreloadResources took to complete: 212ms
01-02 19:00:36.662  1939  1939 I vndksupport: sphal namespace is not configured for this process. Loading /vendor/lib64/egl/libEGL_adreno.so from the current namespace instead.
01-02 19:00:36.663  1939  1939 D libEGL  : loaded /vendor/lib64/egl/libEGL_adreno.so
01-02 19:00:36.674  1939  1939 I vndksupport: sphal namespace is not configured for this process. Loading /vendor/lib64/egl/libGLESv1_CM_adreno.so from the current namespace instead.
01-02 19:00:36.675  1939  1939 D libEGL  : loaded /vendor/lib64/egl/libGLESv1_CM_adreno.so
01-02 19:00:36.696  1939  1939 I vndksupport: sphal namespace is not configured for this process. Loading /vendor/lib64/egl/libGLESv2_adreno.so from the current namespace instead.
01-02 19:00:36.697  1939  1939 D libEGL  : loaded /vendor/lib64/egl/libGLESv2_adreno.so
01-02 19:00:36.724  1939  1939 I Zygote  : Preloading shared libraries...
01-02 19:00:36.737  1939  1939 I Zygote  : Uninstalled ICU cache reference pinning...
01-02 19:00:36.739  1939  1939 I Zygote  : Installed AndroidKeyStoreProvider in 1ms.
01-02 19:00:36.748  1939  1939 I Zygote  : Warmed up JCA providers in 10ms.
01-02 19:00:36.748  1939  1939 D Zygote  : end preload
01-02 19:00:36.748  1939  1939 D Zygote64Timing: ZygotePreload took to complete: 751ms
01-02 19:00:36.751   485   485 I MSM-irqbalance: Decided to move IRQ216 from CPU1 to CPU0
01-02 19:00:36.773  1939  1939 I zygote64: Explicit concurrent copying GC freed 32126(1758KB) AllocSpace objects, 4(104KB) LOS objects, 58% free, 1068KB/2MB, paused 408us total 24.943ms
01-02 19:00:36.795  1939  1939 I zygote64: Explicit concurrent copying GC freed 6059(221KB) AllocSpace objects, 0(0B) LOS objects, 63% free, 879KB/2MB, paused 147us total 16.244ms
01-02 19:00:36.795  1939  1939 D Zygote64Timing: PostZygoteInitGC took to complete: 47ms
01-02 19:00:36.795  1939  1939 D Zygote64Timing: ZygoteInit took to complete: 799ms
01-02 19:00:36.796  1939  1939 I         : seccomp disabled by setenforce 0
01-02 19:00:36.840  1939  1939 I Zygote  : System server process 2011 has been created
01-02 19:00:36.842  1939  1939 I Zygote  : Accepting command socket connections
01-02 19:00:36.852  2011  2011 I Zygote  : Process: zygote socket zygote_secondary opened, supported ABIS: armeabi-v7a,armeabi
01-02 19:00:36.855  2011  2011 W system_server: type=1400 audit(0.0:497): avc: granted { execute } for path="/data/dalvik-cache/arm64/system@framework@services.jar@classes.dex" dev="mmcblk0p50" ino=1013834 scontext=u:r:system_server:s0 tcontext=u:object_r:dalvikcache_data_file:s0 tclass=file
01-02 19:00:36.859  2011  2011 W system_server: type=1400 audit(0.0:498): avc: granted { execute } for path="/data/dalvik-cache/arm64/system@framework@ethernet-service.jar@classes.dex" dev="mmcblk0p50" ino=1013836 scontext=u:r:system_server:s0 tcontext=u:object_r:dalvikcache_data_file:s0 tclass=file
01-02 19:00:36.869  2011  2011 I SystemServer: InitBeforeStartServices
01-02 19:00:36.869  2011  2011 I SystemServer: Entered the Android system server!
01-02 19:00:36.991  2011  2011 D SystemServerTiming: InitBeforeStartServices took to complete: 122ms
01-02 19:00:36.991  2011  2011 I SystemServer: StartServices
01-02 19:00:36.991  2011  2011 I SystemServer: Reading configuration...
01-02 19:00:36.991  2011  2011 I SystemServer: ReadingSystemConfig
01-02 19:00:36.992  2011  2011 D SystemServerTiming: ReadingSystemConfig took to complete: 1ms
01-02 19:00:36.992  2011  2011 I SystemServer: StartInstaller
01-02 19:00:36.992  2011  2024 D SystemServerInitThreadPool: Started executing ReadingSystemConfig
01-02 19:00:36.992  2011  2011 I SystemServiceManager: Starting com.android.server.pm.Installer
01-02 19:00:36.995  2011  2011 D SystemServerTiming: StartInstaller took to complete: 3ms
01-02 19:00:36.995  2011  2011 I SystemServer: DeviceIdentifiersPolicyService
01-02 19:00:36.995  2011  2011 I SystemServiceManager: Starting com.android.server.os.DeviceIdentifiersPolicyService
01-02 19:00:36.996  2011  2011 D SystemServerTiming: DeviceIdentifiersPolicyService took to complete: 1ms
01-02 19:00:36.996  2011  2011 I SystemServer: StartActivityManager
01-02 19:00:36.996  2011  2011 I SystemServiceManager: Starting com.android.server.am.ActivityManagerService$Lifecycle
01-02 19:00:37.016  2011  2024 D SystemServerInitThreadPool: Finished executing ReadingSystemConfig
01-02 19:00:37.020  2011  2011 I ActivityManager: Memory class: 288
01-02 19:00:37.021  2011  2026 I ServiceThread: Enabled StrictMode logging for ActivityManager looper.
01-02 19:00:37.022  2011  2027 I ServiceThread: Enabled StrictMode logging for android.ui looper.
01-02 19:00:37.049  2011  2011 D BatteryStatsImpl: Reading daily items from /data/system/batterystats-daily.xml
01-02 19:00:37.132  2011  2011 I AppOps  : No existing app ops /data/system/appops.xml; starting empty
01-02 19:00:37.137  2011  2011 I IntentFirewall: Read new rules (A:0 B:0 S:0)
01-02 19:00:37.144  2011  2034 I ServiceThread: Enabled StrictMode logging for android.display looper.
01-02 19:00:37.146  2011  2011 W system_server: failed to remove /acct/uid_1047/pid_1941: Device or resource busy
01-02 19:00:37.146  2011  2011 W system_server: failed to remove /acct/uid_1047: Permission denied
01-02 19:00:37.146  2011  2011 W system_server: failed to remove /acct/uid_1041/pid_1940: Device or resource busy
01-02 19:00:37.146  2011  2011 W system_server: failed to remove /acct/uid_1041: Permission denied
01-02 19:00:37.146  2011  2011 W system_server: failed to remove /acct/uid_1003/pid_853: Device or resource busy
01-02 19:00:37.146  2011  2011 W system_server: failed to remove /acct/uid_1003: Permission denied
01-02 19:00:37.146  2011  2011 W system_server: failed to remove /acct/uid_1058/pid_559: Device or resource busy
01-02 19:00:37.146  2011  2011 W system_server: failed to remove /acct/uid_1058: Permission denied
01-02 19:00:37.146  2011  2011 W system_server: failed to remove /acct/uid_1006/pid_526: Device or resource busy
01-02 19:00:37.146  2011  2011 W system_server: failed to remove /acct/uid_1006: Permission denied
01-02 19:00:37.146  2011  2011 W system_server: failed to remove /acct/uid_1046/pid_524: Device or resource busy
01-02 19:00:37.146  2011  2011 W system_server: failed to remove /acct/uid_1046: Permission denied
01-02 19:00:37.146  2011  2011 W system_server: failed to remove /acct/uid_1040/pid_519: Device or resource busy
01-02 19:00:37.146  2011  2011 W system_server: failed to remove /acct/uid_1040: Permission denied
01-02 19:00:37.146  2011  2011 W system_server: failed to remove /acct/uid_1017/pid_517: Device or resource busy
01-02 19:00:37.146  2011  2011 W system_server: failed to remove /acct/uid_1017: Permission denied
01-02 19:00:37.146  2011  2011 W system_server: failed to remove /acct/uid_1019/pid_515: Device or resource busy
01-02 19:00:37.146  2011  2011 W system_server: failed to remove /acct/uid_1019: Permission denied
01-02 19:00:37.146  2011  2011 W system_server: failed to remove /acct/uid_1013/pid_1942: Device or resource busy
01-02 19:00:37.146  2011  2011 W system_server: failed to remove /acct/uid_1013/pid_520: Device or resource busy
01-02 19:00:37.146  2011  2011 W system_server: failed to remove /acct/uid_1013/pid_518: Device or resource busy
01-02 19:00:37.146  2011  2011 W system_server: failed to remove /acct/uid_1013/pid_509: Device or resource busy
01-02 19:00:37.146  2011  2011 W system_server: failed to remove /acct/uid_1013: Permission denied
01-02 19:00:37.147  2011  2011 W system_server: failed to remove /acct/uid_2000/pid_498: Device or resource busy
01-02 19:00:37.147  2011  2011 W system_server: failed to remove /acct/uid_2000: Permission denied
01-02 19:00:37.147  2011  2011 W system_server: failed to remove /acct/uid_1010/pid_1944: Device or resource busy
01-02 19:00:37.147  2011  2011 W system_server: failed to remove /acct/uid_1010/pid_481: Device or resource busy
01-02 19:00:37.147  2011  2011 W system_server: failed to remove /acct/uid_1010: Permission denied
01-02 19:00:37.147  2011  2011 W system_server: failed to remove /acct/uid_0/pid_1943: Device or resource busy
01-02 19:00:37.147  2011  2011 W system_server: failed to remove /acct/uid_0/pid_1939: Device or resource busy
01-02 19:00:37.147  2011  2011 W system_server: failed to remove /acct/uid_0/pid_660: Device or resource busy
01-02 19:00:37.147  2011  2011 W system_server: failed to remove /acct/uid_0/pid_639: Device or resource busy
01-02 19:00:37.147  2011  2011 W system_server: failed to remove /acct/uid_0/pid_527: Device or resource busy
01-02 19:00:37.147  2011  2011 W system_server: failed to remove /acct/uid_0/pid_525: Device or resource busy
01-02 19:00:37.147  2011  2011 W system_server: failed to remove /acct/uid_0/pid_522: Device or resource busy
01-02 19:00:37.147  2011  2011 W system_server: failed to remove /acct/uid_0/pid_516: Device or resource busy
01-02 19:00:37.147  2011  2011 W system_server: failed to remove /acct/uid_0/pid_511: Device or resource busy
01-02 19:00:37.147  2011  2011 W system_server: failed to remove /acct/uid_0/pid_506: Device or resource busy
01-02 19:00:37.147  2011  2011 W system_server: failed to remove /acct/uid_0/pid_504: Device or resource busy
01-02 19:00:37.147  2011  2011 W system_server: failed to remove /acct/uid_0/pid_499: Device or resource busy
01-02 19:00:37.147  2011  2011 W system_server: failed to remove /acct/uid_0/pid_492: Device or resource busy
01-02 19:00:37.147  2011  2011 W system_server: failed to remove /acct/uid_0/pid_490: Device or resource busy
01-02 19:00:37.147  2011  2011 W system_server: failed to remove /acct/uid_0/pid_485: Device or resource busy
01-02 19:00:37.147  2011  2011 W system_server: failed to remove /acct/uid_0/pid_484: Device or resource busy
01-02 19:00:37.147  2011  2011 W system_server: failed to remove /acct/uid_0/pid_482: Device or resource busy
01-02 19:00:37.147  2011  2011 W system_server: failed to remove /acct/uid_0/pid_432: Device or resource busy
01-02 19:00:37.147  2011  2011 W system_server: failed to remove /acct/uid_0/pid_405: Device or resource busy
01-02 19:00:37.147  2011  2011 W system_server: failed to remove /acct/uid_0/pid_404: Device or resource busy
01-02 19:00:37.147  2011  2011 W system_server: failed to remove /acct/uid_0: Permission denied
01-02 19:00:37.147  2011  2011 W system_server: failed to remove /acct/uid_1000/pid_529: Device or resource busy
01-02 19:00:37.147  2011  2011 W system_server: failed to remove /acct/uid_1000/pid_512: Device or resource busy
01-02 19:00:37.147  2011  2011 W system_server: failed to remove /acct/uid_1000/pid_500: Device or resource busy
01-02 19:00:37.147  2011  2011 W system_server: failed to remove /acct/uid_1000/pid_491: Device or resource busy
01-02 19:00:37.147  2011  2011 W system_server: failed to remove /acct/uid_1000/pid_487: Device or resource busy
01-02 19:00:37.147  2011  2011 W system_server: failed to remove /acct/uid_1000/pid_480: Device or resource busy
01-02 19:00:37.147  2011  2011 W system_server: failed to remove /acct/uid_1000/pid_479: Device or resource busy
01-02 19:00:37.147  2011  2011 W system_server: failed to remove /acct/uid_1000/pid_478: Device or resource busy
01-02 19:00:37.148  2011  2011 W system_server: failed to remove /acct/uid_1000/pid_396: Device or resource busy
01-02 19:00:37.148  2011  2011 W system_server: failed to remove /acct/uid_1000/pid_395: Device or resource busy
01-02 19:00:37.148  2011  2011 W system_server: failed to remove /acct/uid_1000/pid_394: Device or resource busy
01-02 19:00:37.148  2011  2011 W system_server: failed to remove /acct/uid_1000: Permission denied
01-02 19:00:37.148  2011  2011 W system_server: failed to remove /acct/uid_1036/pid_393: Device or resource busy
01-02 19:00:37.148  2011  2011 W system_server: failed to remove /acct/uid_1036: Permission denied
01-02 19:00:37.151  2011  2011 D AppOps  : AppOpsService published
01-02 19:00:37.152  2011  2011 D SystemServerTiming: StartActivityManager took to complete: 156ms
01-02 19:00:37.152  2011  2011 I SystemServer: StartPowerManager
01-02 19:00:37.152  2011  2011 I SystemServiceManager: Starting com.android.server.power.PowerManagerService
01-02 19:00:37.154  2011  2036 I ServiceThread: Enabled StrictMode logging for PowerManagerService looper.
01-02 19:00:37.160  2011  2011 I vndksupport: sphal namespace is not configured for this process. Loading /vendor/lib64/hw/power.msm8992.so from the current namespace instead.
01-02 19:00:37.162  2011  2011 E QCOM PowerHAL: Unable to open prefetcher: dlopen failed: library "libqti-iop-client.so" not found
01-02 19:00:37.162  2011  2011 E QCOM PowerHAL: Failed to get prefetcher handle.
01-02 19:00:37.162  2011  2011 I QCOM PowerHAL: QCOM power HAL initing.
01-02 19:00:37.163  2011  2011 I PowerManagerService-JNI: Loaded power HAL service
01-02 19:00:37.163  2011  2011 I libsuspend: Selected wakeup count
01-02 19:00:37.164  2011  2011 I QCOM PowerHAL: Got set_interactive hint
01-02 19:00:37.166  2011  2011 D SystemServerTiming: StartPowerManager took to complete: 14ms
01-02 19:00:37.166  2011  2011 I SystemServer: InitPowerManagement
01-02 19:00:37.168  2011  2011 D SystemServerTiming: InitPowerManagement took to complete: 1ms
01-02 19:00:37.168  2011  2011 I SystemServer: StartRecoverySystemService
01-02 19:00:37.168  2011  2011 I SystemServiceManager: Starting com.android.server.RecoverySystemService
01-02 19:00:37.169  2011  2011 D SystemServerTiming: StartRecoverySystemService took to complete: 1ms
01-02 19:00:37.170  2011  2011 V RescueParty: Disabled because of active USB connection
01-02 19:00:37.170  2011  2011 I SystemServer: StartLightsService
01-02 19:00:37.170  2011  2011 I SystemServiceManager: Starting com.android.server.lights.LightsService
01-02 19:00:37.171  2011  2011 D SystemServerTiming: StartLightsService took to complete: 1ms
01-02 19:00:37.171  2011  2011 I SystemServer: StartDisplayManager
01-02 19:00:37.171  2011  2011 I SystemServiceManager: Starting com.android.server.display.DisplayManagerService
01-02 19:00:37.176  2011  2011 D SystemServerTiming: StartDisplayManager took to complete: 5ms
01-02 19:00:37.176  2011  2011 I SystemServer: WaitForDisplay
01-02 19:00:37.176  2011  2011 I SystemServiceManager: Starting phase 100
01-02 19:00:37.179  2011  2034 I DisplayManagerService: Display device added: DisplayDeviceInfo{"Built-in Screen": uniqueId="local:0", 1440 x 2560, modeId 1, defaultModeId 1, supportedModes [{id=1, width=1440, height=2560, fps=60.0}], colorMode 0, supportedColorModes [0], HdrCapabilities android.view.Display$HdrCapabilities@a69d6308, density 560, 537.882 x 537.388 dpi, appVsyncOff 1000000, presDeadline 16666667, touch INTERNAL, rotation 0, type BUILT_IN, state UNKNOWN, FLAG_DEFAULT_DISPLAY, FLAG_ROTATES_WITH_CONTENT, FLAG_SECURE, FLAG_SUPPORTS_PROTECTED_BUFFERS}
01-02 19:00:37.181   491   491 D SurfaceFlinger: Set power mode=2, type=0 flinger=0x70ed06d000
01-02 19:00:37.181   491   491 D SurfaceFlinger: Screen type=0 is already mode=2
01-02 19:00:37.186  2011  2034 E light   : light_open lights keyboard failed: -22
01-02 19:00:37.186  2011  2034 E light   : Light passthrough failed to load legacy HAL.
01-02 19:00:37.187  2011  2034 E light   : light_open lights buttons failed: -22
01-02 19:00:37.187  2011  2034 E light   : Light passthrough failed to load legacy HAL.
01-02 19:00:37.190  2011  2034 E light   : light_open lights bluetooth failed: -22
01-02 19:00:37.190  2011  2034 E light   : Light passthrough failed to load legacy HAL.
01-02 19:00:37.190  2011  2034 E light   : light_open lights wifi failed: -22
01-02 19:00:37.190  2011  2034 E light   : Light passthrough failed to load legacy HAL.
01-02 19:00:37.192  2011  2034 I DisplayManagerService: Display device changed state: "Built-in Screen", ON
01-02 19:00:37.192  2011  2011 D SystemServerTiming: WaitForDisplay took to complete: 16ms
01-02 19:00:37.192  2011  2011 I SystemServer: StartPackageManagerService
01-02 19:00:37.214  2011  2011 D SELinuxMMAC: Using policy file /system/etc/selinux/plat_mac_permissions.xml
01-02 19:00:37.216  2011  2011 D SELinuxMMAC: Using policy file /vendor/etc/selinux/nonplat_mac_permissions.xml
01-02 19:00:37.221   506   607 E ThermalEngine: [BMHB_GOV] read failed VS_TEMP
01-02 19:00:37.299  2011  2011 W PackageManager: Wiping cache directory because the system partition changed.
01-02 19:00:37.299  2011  2011 D PackageManager: No files in app dir /vendor/overlay
01-02 19:00:37.383  2011  2011 D PackageManager: No files in app dir /system/vendor/app
01-02 19:00:37.383  2011  2011 D PackageManager: No files in app dir /oem/app
01-02 19:00:37.385  2011  2011 D PackageManager: No files in app dir /data/app
01-02 19:00:37.385  2011  2011 D PackageManager: No files in app dir /data/app-private
01-02 19:00:37.388  2011  2011 I PackageManager: Time to scan packages: 0.088 seconds
01-02 19:00:37.390  2011  2011 V PackageManager: reconcileAppsData for null u0 0x3 migrateAppData=true
01-02 19:00:37.478  2011  2011 V PackageManager: reconcileAppsData finished 21 packages
01-02 19:00:37.479  2011  2011 V PackageManager: Disabling com.google.android.gsf/com.google.android.gsf.update.SystemUpdateActivity
01-02 19:00:37.479  2011  2051 D SystemServerInitThreadPool: Started executing prepareAppData
01-02 19:00:37.479  2011  2011 W PackageManager: Unable to disable com.google.android.gsf/com.google.android.gsf.update.SystemUpdateActivity
01-02 19:00:37.479  2011  2011 V PackageManager: Disabling com.google.android.gsf/com.google.android.gsf.update.SystemUpdateService$Receiver
01-02 19:00:37.479  2011  2011 W PackageManager: Unable to disable com.google.android.gsf/com.google.android.gsf.update.SystemUpdateService$Receiver
01-02 19:00:37.479  2011  2011 V PackageManager: Disabling com.google.android.gsf/com.google.android.gsf.update.SystemUpdateService$SecretCodeReceiver
01-02 19:00:37.479  2011  2011 W PackageManager: Unable to disable com.google.android.gsf/com.google.android.gsf.update.SystemUpdateService$SecretCodeReceiver
01-02 19:00:37.479  2011  2011 V PackageManager: Disabling com.google.android.gsf/com.google.android.gsf.update.SystemUpdateServiceReceiver
01-02 19:00:37.479  2011  2011 W PackageManager: Unable to disable com.google.android.gsf/com.google.android.gsf.update.SystemUpdateServiceReceiver
01-02 19:00:37.479  2011  2011 V PackageManager: Disabling com.google.android.gms/com.google.android.gms.update.SystemUpdateActivity
01-02 19:00:37.479  2011  2011 W PackageManager: Unable to disable com.google.android.gms/com.google.android.gms.update.SystemUpdateActivity
01-02 19:00:37.479  2011  2011 V PackageManager: Disabling com.google.android.gms/com.google.android.gms.update.SystemUpdateService$Receiver
01-02 19:00:37.479  2011  2011 W PackageManager: Unable to disable com.google.android.gms/com.google.android.gms.update.SystemUpdateService$Receiver
01-02 19:00:37.479  2011  2011 V PackageManager: Disabling com.google.android.gms/com.google.android.gms.update.SystemUpdateService$ActiveReceiver
01-02 19:00:37.479  2011  2011 W PackageManager: Unable to disable com.google.android.gms/com.google.android.gms.update.SystemUpdateService$ActiveReceiver
01-02 19:00:37.479  2011  2011 V PackageManager: Disabling com.google.android.gms/com.google.android.gms.update.SystemUpdateService$SecretCodeReceiver
01-02 19:00:37.479  2011  2011 W PackageManager: Unable to disable com.google.android.gms/com.google.android.gms.update.SystemUpdateService$SecretCodeReceiver
01-02 19:00:37.479  2011  2011 V PackageManager: Disabling com.google.android.gms/com.google.android.gms.update.SystemUpdateServiceReceiver
01-02 19:00:37.480  2011  2011 W PackageManager: Unable to disable com.google.android.gms/com.google.android.gms.update.SystemUpdateServiceReceiver
01-02 19:00:37.480  2011  2011 V PackageManager: Enabling com.google.android.gsf/com.google.android.gsf.update.SystemUpdateService
01-02 19:00:37.480  2011  2011 W PackageManager: Unable to enable com.google.android.gsf/com.google.android.gsf.update.SystemUpdateService
01-02 19:00:37.480  2011  2011 V PackageManager: Enabling com.google.android.gms/com.google.android.gms.update.SystemUpdateService
01-02 19:00:37.480  2011  2011 W PackageManager: Unable to enable com.google.android.gms/com.google.android.gms.update.SystemUpdateService
01-02 19:00:37.484   516   652 W installd: Ignoring /data/data/com.android.webview/lib with unexpected GID 0 instead of 10057
01-02 19:00:37.492  2011  2051 D SystemServerTimingAsync: AppDataFixup took to complete: 12ms
01-02 19:00:37.513  2011  2011 E PackageManager: There should probably be a verifier, but, none were found
01-02 19:00:37.516  2011  2011 D PackageManager: Ephemeral resolver not found with new action; try old one
01-02 19:00:37.516  2011  2011 D PackageManager: Ephemeral resolver NOT found; no matching intent filters
01-02 19:00:37.516  2011  2011 D PackageManager: Ephemeral installer not found with new action; try old one
01-02 19:00:37.517  2011  2011 D PackageManager: Clear ephemeral installer activity
01-02 19:00:37.563  2011  2011 I zygote64: Explicit concurrent copying GC freed 44365(2MB) AllocSpace objects, 22(896KB) LOS objects, 42% free, 2MB/4MB, paused 107us total 41.983ms
01-02 19:00:37.566  2011  2011 D FallbackCategoryProvider: Found 1 fallback categories
01-02 19:00:37.567  2011  2011 D SystemServerTiming: StartPackageManagerService took to complete: 375ms
01-02 19:00:37.568  2011  2011 I SystemServer: StartOtaDexOptService
01-02 19:00:37.569  2011  2011 D OTADexopt: No upgrade, skipping A/B artifacts check.
01-02 19:00:37.569  2011  2011 D SystemServerTiming: StartOtaDexOptService took to complete: 2ms
01-02 19:00:37.569  2011  2011 I SystemServer: StartUserManagerService
01-02 19:00:37.569  2011  2011 I SystemServiceManager: Starting com.android.server.pm.UserManagerService$LifeCycle
01-02 19:00:37.570  2011  2011 D SystemServerTiming: StartUserManagerService took to complete: 1ms
01-02 19:00:37.570  2011  2011 I SystemServer: InitAttributerCache
01-02 19:00:37.570  2011  2011 D SystemServerTiming: InitAttributerCache took to complete: 0ms
01-02 19:00:37.570  2011  2011 I SystemServer: SetSystemProcess
01-02 19:00:37.579   490   490 I lowmemorykiller: ActivityManager connected
01-02 19:00:37.580  2011  2011 D SystemServerTiming: SetSystemProcess took to complete: 9ms
01-02 19:00:37.581  2011  2053 I ServiceThread: Enabled StrictMode logging for android.anim looper.
01-02 19:00:37.581  2011  2011 I SystemServer: StartOverlayManagerService
01-02 19:00:37.583  2011  2011 D SystemServerTiming: StartOverlayManagerService took to complete: 2ms
01-02 19:00:37.584  2011  2054 D SystemServerInitThreadPool: Started executing Init OverlayManagerService
01-02 19:00:37.584  2011  2011 I SystemServer: StartDropBoxManager
01-02 19:00:37.584  2011  2055 D SystemServerInitThreadPool: Started executing StartSensorService
01-02 19:00:37.584  2011  2055 D SensorService: nuSensorService starting...
01-02 19:00:37.584  2011  2011 I SystemServiceManager: Starting com.android.server.DropBoxManagerService
01-02 19:00:37.586  2011  2011 D SystemServerTiming: StartDropBoxManager took to complete: 2ms
01-02 19:00:37.586  2011  2011 I SystemServer: StartBatteryService
01-02 19:00:37.586  2011  2011 I SystemServiceManager: Starting com.android.server.BatteryService
01-02 19:00:37.593  2011  2011 D SystemServerTiming: StartBatteryService took to complete: 6ms
01-02 19:00:37.593  2011  2011 I SystemServer: StartUsageService
01-02 19:00:37.593  2011  2022 D lights  : Using onoff pattern: 0x000000
01-02 19:00:37.594  2011  2011 I SystemServiceManager: Starting com.android.server.usage.UsageStatsService
01-02 19:00:37.602  2011  2011 D SystemServerTiming: StartUsageService took to complete: 9ms
01-02 19:00:37.603  2011  2011 I SystemServer: StartWebViewUpdateService
01-02 19:00:37.603  2011  2011 I SystemServiceManager: Starting com.android.server.webkit.WebViewUpdateService
01-02 19:00:37.609  2011  2054 D SystemServerInitThreadPool: Finished executing Init OverlayManagerService
01-02 19:00:37.615  2011  2011 D SystemServerTiming: StartWebViewUpdateService took to complete: 12ms
01-02 19:00:37.616  2011  2011 I SystemServer: StartKeyAttestationApplicationIdProviderService
01-02 19:00:37.616  2011  2024 D SystemServerInitThreadPool: Started executing SecondaryZygotePreload
01-02 19:00:37.616  2011  2024 I SystemServer: SecondaryZygotePreload
01-02 19:00:37.619  2011  2011 D SystemServerTiming: StartKeyAttestationApplicationIdProviderService took to complete: 3ms
01-02 19:00:37.619  2011  2011 I SystemServer: StartKeyChainSystemService
01-02 19:00:37.619  2011  2011 I SystemServiceManager: Starting com.android.server.security.KeyChainSystemService
01-02 19:00:37.620  2011  2011 D SystemServerTiming: StartKeyChainSystemService took to complete: 1ms
01-02 19:00:37.620  2011  2011 I SystemServer: StartSchedulingPolicyService
01-02 19:00:37.623  2011  2011 D SystemServerTiming: StartSchedulingPolicyService took to complete: 3ms
01-02 19:00:37.623  2011  2011 I SystemServer: StartTelecomLoaderService
01-02 19:00:37.623  2011  2011 I SystemServiceManager: Starting com.android.server.telecom.TelecomLoaderService
01-02 19:00:37.624  2011  2055 I sensors_hal_Ctx: enableLogging: Setting log level to 5
01-02 19:00:37.624  2011  2055 E sensors_hal_Ctx: enableLogging: Mag filter level is 1
01-02 19:00:37.624  2011  2011 D SystemServerTiming: StartTelecomLoaderService took to complete: 1ms
01-02 19:00:37.624  2011  2011 I SystemServer: StartTelephonyRegistry
01-02 19:00:37.624  2011  2055 I libsensor1: sensor1_init_once: Setting log level to 5
01-02 19:00:37.627  2011  2011 D SystemServerTiming: StartTelephonyRegistry took to complete: 3ms
01-02 19:00:37.628  2011  2011 I SystemServer: StartEntropyMixer
01-02 19:00:37.628  2011  2024 I Zygote  : Process: zygote socket zygote opened, supported ABIS: arm64-v8a
01-02 19:00:37.630  2011  2011 I EntropyMixer: Writing entropy...
01-02 19:00:37.631  2011  2011 D SystemServerTiming: StartEntropyMixer took to complete: 4ms
01-02 19:00:37.632  2011  2011 I SystemServer: Camera Service Proxy
01-02 19:00:37.632  2011  2011 I SystemServer: StartCameraServiceProxy
01-02 19:00:37.632  2011  2011 I SystemServiceManager: Starting com.android.server.camera.CameraServiceProxy
01-02 19:00:37.634  2011  2063 I ServiceThread: Enabled StrictMode logging for CameraService_proxy looper.
01-02 19:00:37.635  2011  2011 D SystemServerTiming: StartCameraServiceProxy took to complete: 4ms
01-02 19:00:37.635  2011  2011 I SystemServer: StartAccountManagerService
01-02 19:00:37.635  2011  2011 I SystemServiceManager: Starting com.android.server.accounts.AccountManagerService$Lifecycle
01-02 19:00:37.635  2011  2055 V sensors_hal_Time: Sensor1 opened for time_service
01-02 19:00:37.635  2011  2055 D sensors_hal_Ctx: SensorsContext: Wake Up Sensors are enabled!
01-02 19:00:37.637  2011  2060 V sensors_hal_Ctx: context_sensor1_cb: msg_type 1, Sn 0, msg Id 1, txn Id 0
01-02 19:00:37.637  2011  2060 D sensors_hal_Ctx: processResp: 1
01-02 19:00:37.637  2011  2060 D sensors_hal_Ctx: processResp: SMGR version=23
01-02 19:00:37.637  2011  2055 V sensors_hal_Ctx: sendSMGRVersionReq: Received SMGR version response
01-02 19:00:37.638  2011  2024 I Zygote  : Process: zygote socket zygote_secondary opened, supported ABIS: armeabi-v7a,armeabi
01-02 19:00:37.640  2011  2060 V sensors_hal_Ctx: context_sensor1_cb: msg_type 1, Sn 0, msg Id 5, txn Id 0
01-02 19:00:37.640  2011  2060 D sensors_hal_Ctx: processResp: 5
01-02 19:00:37.640  2011  2060 D sensors_hal_Ctx: processAllSensorInfoResp: SensorInfo_len: 5
01-02 19:00:37.640  2011  2060 D sensors_hal_Ctx: singleSensorInfoRequest: 0
01-02 19:00:37.640  2011  2060 D sensors_hal_Ctx: singleSensorInfoRequest: txn_id: 0 sensor_id: 0
01-02 19:00:37.640  2011  2060 D sensors_hal_Ctx: singleSensorInfoRequest: 10
01-02 19:00:37.640  2011  2060 D sensors_hal_Ctx: singleSensorInfoRequest: txn_id: 1 sensor_id: 10
01-02 19:00:37.640  2011  2060 D sensors_hal_Ctx: singleSensorInfoRequest: 20
01-02 19:00:37.640  2011  2060 D sensors_hal_Ctx: singleSensorInfoRequest: txn_id: 2 sensor_id: 20
01-02 19:00:37.641  2011  2060 D sensors_hal_Ctx: singleSensorInfoRequest: 30
01-02 19:00:37.641  2011  2060 D sensors_hal_Ctx: singleSensorInfoRequest: txn_id: 3 sensor_id: 30
01-02 19:00:37.641  2011  2060 D sensors_hal_Ctx: singleSensorInfoRequest: 40
01-02 19:00:37.641  2011  2060 D sensors_hal_Ctx: singleSensorInfoRequest: txn_id: 4 sensor_id: 40
01-02 19:00:37.644  2011  2060 V sensors_hal_Ctx: context_sensor1_cb: msg_type 1, Sn 0, msg Id 6, txn Id 0
01-02 19:00:37.644  2011  2060 D sensors_hal_Ctx: processResp: 6
01-02 19:00:37.644  2011  2060 D sensors_hal_Ctx: processSingleSensorInfoResp: data_type_info_len: 1
01-02 19:00:37.644  2011  2060 D sensors_hal_Ctx: processSingleSensorInfoResp: txn: 0, ns: 5
01-02 19:00:37.644  2011  2060 D sensors_hal_Accel: setSensorInfo: Accel, DTy: 0
01-02 19:00:37.644  2011  2060 D sensors_hal_Ctx: processSingleSensorInfoResp: HAL: name: LGE Accelerometer, vendor: BOSCH, maxRange: 156.906403, res: 0.001190,                     power: 0.180000, max_freq: 200.000000 min_freq: 1.000000
01-02 19:00:37.644  2011  2060 D sensors_hal_Accel: setSensorInfo: Accel, DTy: 0
01-02 19:00:37.644  2011  2060 D sensors_hal_Ctx: processSingleSensorInfoResp: HAL: name: LGE Accelerometer -Wakeup, vendor: BOSCH, maxRange: 156.906403, res: 0.001190,                     power: 0.180000, max_freq: 200.000000
01-02 19:00:37.644  2011  2060 D sensors_hal_Ctx: processSingleSensorInfoResp: txn: 0, ns: 5, ss_resp: 1
01-02 19:00:37.644  2011  2060 V sensors_hal_Ctx: context_sensor1_cb: msg_type 1, Sn 0, msg Id 6, txn Id 1
01-02 19:00:37.644  2011  2060 D sensors_hal_Ctx: processResp: 6
01-02 19:00:37.644  2011  2060 D sensors_hal_Ctx: processSingleSensorInfoResp: data_type_info_len: 1
01-02 19:00:37.644  2011  2060 D sensors_hal_Ctx: processSingleSensorInfoResp: txn: 1, ns: 5
01-02 19:00:37.644  2011  2060 D sensors_hal_Ctx: addSensor: GYRO enabled handle:2
01-02 19:00:37.644  2011  2060 D sensors_hal_Gyro: setSensorInfo: GYRO DTy: 0
01-02 19:00:37.644  2011  2060 D sensors_hal_Ctx: processSingleSensorInfoResp: HAL: name: LGE Gyroscope, vendor: BOSCH, maxRange: 34.906586, res: 0.001068,                     power: 0.900000, max_freq: 200.000000 min_freq: 1.000000
01-02 19:00:37.644  2011  2060 D sensors_hal_Ctx: addSensor: GYRO enabled handle:23
01-02 19:00:37.644  2011  2060 D sensors_hal_Gyro: setSensorInfo: GYRO DTy: 0
01-02 19:00:37.644  2011  2060 D sensors_hal_Ctx: processSingleSensorInfoResp: HAL: name: LGE Gyroscope -Wakeup, vendor: BOSCH, maxRange: 34.906586, res: 0.001068,                     power: 0.900000, max_freq: 200.000000
01-02 19:00:37.644  2011  2060 D sensors_hal_Ctx: processSingleSensorInfoResp: txn: 1, ns: 5, ss_resp: 2
01-02 19:00:37.644  2011  2060 V sensors_hal_Ctx: context_sensor1_cb: msg_type 1, Sn 0, msg Id 6, txn Id 2
01-02 19:00:37.644  2011  2060 D sensors_hal_Ctx: processResp: 6
01-02 19:00:37.644  2011  2060 D sensors_hal_Ctx: processSingleSensorInfoResp: data_type_info_len: 1
01-02 19:00:37.644  2011  2060 D sensors_hal_Ctx: processSingleSensorInfoResp: txn: 2, ns: 5
01-02 19:00:37.644  2011  2060 D sensors_hal_Ctx: addSensor: SMGR MAG enabled handle:10
01-02 19:00:37.644  2011  2060 D sensors_hal_Mag: setSensorInfo: MAG DTy: 0
01-02 19:00:37.644  2011  2060 D sensors_hal_Ctx: processSingleSensorInfoResp: HAL: name: LGE Magnetometer, vendor: AKM, maxRange: 4911.999512, res: 0.599670,                     power: 0.240000, max_freq: 100.000000 min_freq: 1.000000
01-02 19:00:37.644  2011  2060 D sensors_hal_Ctx: addSensor: SMGR MAG enabled handle:30
01-02 19:00:37.644  2011  2060 D sensors_hal_Mag: setSensorInfo: MAG DTy: 0
01-02 19:00:37.645  2011  2060 D sensors_hal_Ctx: processSingleSensorInfoResp: HAL: name: LGE Magnetometer -Wakeup, vendor: AKM, maxRange: 4911.999512, res: 0.599670,                     power: 0.240000, max_freq: 100.000000
01-02 19:00:37.645  2011  2060 D sensors_hal_Ctx: processSingleSensorInfoResp: txn: 2, ns: 5, ss_resp: 3
01-02 19:00:37.645  2011  2060 V sensors_hal_Ctx: context_sensor1_cb: msg_type 1, Sn 0, msg Id 6, txn Id 3
01-02 19:00:37.645  2011  2060 D sensors_hal_Ctx: processResp: 6
01-02 19:00:37.645  2011  2060 D sensors_hal_Ctx: processSingleSensorInfoResp: data_type_info_len: 2
01-02 19:00:37.645  2011  2060 D sensors_hal_Ctx: processSingleSensorInfoResp: txn: 3, ns: 5
01-02 19:00:37.645  2011  2060 D sensors_hal_Press: setSensorInfo: PRESSURE DTy: 0
01-02 19:00:37.645  2011  2060 D sensors_hal_Ctx: processSingleSensorInfoResp: HAL: name: LGE Pressure, vendor: ALPS ELECTRIC CO., , maxRange: 1100.000000, res: 0.013123,                     power: 1.500000, max_freq: 90.000000 min_freq: 0.015259
01-02 19:00:37.645  2011  2060 D sensors_hal_Press: setSensorInfo: PRESSURE DTy: 0
01-02 19:00:37.645  2011  2060 D sensors_hal_Ctx: processSingleSensorInfoResp: HAL: name: LGE Pressure -Wakeup, vendor: ALPS ELECTRIC CO., , maxRange: 1100.000000, res: 0.013123,                     power: 1.500000, max_freq: 90.000000
01-02 19:00:37.645  2011  2060 D sensors_hal_Ctx: processSingleSensorInfoResp: txn: 3, ns: 5
01-02 19:00:37.645  2011  2060 E sensors_hal_Ctx: processSingleSensorInfoResp: either handle is -1 or error is true or mSensors[handle] is NULL!
01-02 19:00:37.645  2011  2060 E sensors_hal_Ctx: processSingleSensorInfoResp: either handle_wakeup is -1 or error is true or mSensors[handle_wakeup] is NULL!
