01-10 15:14:46.666   530   530 I /system/bin/tombstoned: tombstoned successfully initialized
01-10 15:14:46.673   490   490 D msm8974_platform: platform_init: Opened sound card:0
01-10 15:14:46.708   490   490 D ACDB-LOADER: ACDB -> Load file: /etc/acdbdata//Bluetooth_cal.acdb
01-10 15:14:46.708   490   490 D ACDB-LOADER: ACDB -> Load file: /etc/acdbdata//General_cal.acdb
01-10 15:14:46.708   490   490 D ACDB-LOADER: ACDB -> Load file: /etc/acdbdata//Global_cal.acdb
01-10 15:14:46.708   490   490 D ACDB-LOADER: ACDB -> Load file: /etc/acdbdata//Handset_cal.acdb
01-10 15:14:46.708   490   490 D ACDB-LOADER: ACDB -> Load file: /etc/acdbdata//Hdmi_cal.acdb
01-10 15:14:46.708   490   490 D ACDB-LOADER: ACDB -> Load file: /etc/acdbdata//Headset_cal.acdb
01-10 15:14:46.708   490   490 D ACDB-LOADER: ACDB -> Load file: /etc/acdbdata//Speaker_cal.acdb
01-10 15:14:46.708   490   490 D ACDB-LOADER: ACDB -> ACDB_CMD_INITIALIZE_V2
01-10 15:14:46.711   490   490 D         : [ACDB Command]->SW Minor/Major/Revision version info for /etc/acdbdata//Bluetooth_cal.acdb
01-10 15:14:46.711   490   490 D         : [ACDB Command]->ACDB Sw Major = 5, ACDB Sw Minor = 0, ACDB Sw Revision = 4
01-10 15:14:46.711   490   490 D         : [ACDB Command]->ACDB File Major = 5, ACDB File Minor = 1, ACDB File Revision = 0
01-10 15:14:46.711   490   490 D         : [AcdbIsDeltaFileAvailable] failed to open delta file /data/misc/audio/acdbdata/delta/Bluetooth_cal.acdbdelta
01-10 15:14:46.712   490   490 D         : [ACDB Command]->SW Minor/Major/Revision version info for /etc/acdbdata//General_cal.acdb
01-10 15:14:46.712   490   490 D         : [ACDB Command]->ACDB Sw Major = 5, ACDB Sw Minor = 0, ACDB Sw Revision = 4
01-10 15:14:46.712   490   490 D         : [ACDB Command]->ACDB File Major = 5, ACDB File Minor = 1, ACDB File Revision = 0
01-10 15:14:46.713   490   490 D         : [AcdbIsDeltaFileAvailable] failed to open delta file /data/misc/audio/acdbdata/delta/General_cal.acdbdelta
01-10 15:14:46.714   400   400 W /system/bin/hwservicemanager: getTransport: Cannot find entry android.hardware.keymaster@3.0::IKeymasterDevice/default in either framework or device manifest.
01-10 15:14:46.716   490   490 D         : [ACDB Command]->SW Minor/Major/Revision version info for /etc/acdbdata//Global_cal.acdb
01-10 15:14:46.716   490   490 D         : [ACDB Command]->ACDB Sw Major = 5, ACDB Sw Minor = 0, ACDB Sw Revision = 4
01-10 15:14:46.716   490   490 D         : [ACDB Command]->ACDB File Major = 5, ACDB File Minor = 1, ACDB File Revision = 0
01-10 15:14:46.716   490   490 D         : [AcdbIsDeltaFileAvailable] failed to open delta file /data/misc/audio/acdbdata/delta/Global_cal.acdbdelta
01-10 15:14:46.722   490   490 D         : [ACDB Command]->SW Minor/Major/Revision version info for /etc/acdbdata//Handset_cal.acdb
01-10 15:14:46.722   490   490 D         : [ACDB Command]->ACDB Sw Major = 5, ACDB Sw Minor = 0, ACDB Sw Revision = 4
01-10 15:14:46.722   490   490 D         : [ACDB Command]->ACDB File Major = 5, ACDB File Minor = 1, ACDB File Revision = 0
01-10 15:14:46.722   490   490 D         : [AcdbIsDeltaFileAvailable] failed to open delta file /data/misc/audio/acdbdata/delta/Handset_cal.acdbdelta
01-10 15:14:46.723   490   490 D         : [ACDB Command]->SW Minor/Major/Revision version info for /etc/acdbdata//Hdmi_cal.acdb
01-10 15:14:46.723   490   490 D         : [ACDB Command]->ACDB Sw Major = 5, ACDB Sw Minor = 0, ACDB Sw Revision = 4
01-10 15:14:46.723   490   490 D         : [ACDB Command]->ACDB File Major = 5, ACDB File Minor = 1, ACDB File Revision = 0
01-10 15:14:46.723   490   490 D         : [AcdbIsDeltaFileAvailable] failed to open delta file /data/misc/audio/acdbdata/delta/Hdmi_cal.acdbdelta
01-10 15:14:46.726   504   552 E Sensors : mag_cal.c(1609):mag_cal_sam_init: Unknown UUID(1) cb8db385-b92b-a4a7
01-10 15:14:46.726   504   552 E Sensors : mag_cal.c(1614):mag_cal_sam_init: Unknown UUID(2) 67e7-81216a1bd0f0
01-10 15:14:46.726   504   552 E Sensors : sns_sam.c(4463):Failed to register algorithm service 16 with SAM
01-10 15:14:46.730   490   490 D         : [ACDB Command]->SW Minor/Major/Revision version info for /etc/acdbdata//Headset_cal.acdb
01-10 15:14:46.730   490   490 D         : [ACDB Command]->ACDB Sw Major = 5, ACDB Sw Minor = 0, ACDB Sw Revision = 4
01-10 15:14:46.730   490   490 D         : [ACDB Command]->ACDB File Major = 5, ACDB File Minor = 1, ACDB File Revision = 0
01-10 15:14:46.730   490   490 D         : [AcdbIsDeltaFileAvailable] failed to open delta file /data/misc/audio/acdbdata/delta/Headset_cal.acdbdelta
01-10 15:14:46.733   490   490 D         : [ACDB Command]->SW Minor/Major/Revision version info for /etc/acdbdata//Speaker_cal.acdb
01-10 15:14:46.733   490   490 D         : [ACDB Command]->ACDB Sw Major = 5, ACDB Sw Minor = 0, ACDB Sw Revision = 4
01-10 15:14:46.733   490   490 D         : [ACDB Command]->ACDB File Major = 5, ACDB File Minor = 1, ACDB File Revision = 0
01-10 15:14:46.734   490   490 D         : [AcdbIsDeltaFileAvailable] failed to open delta file /data/misc/audio/acdbdata/delta/Speaker_cal.acdbdelta
01-10 15:14:46.734   490   490 D ACDB-LOADER: ACDB -> ACPH INIT
01-10 15:14:46.734   490   490 D         : [ACPH]->Online service registered with ACPH
01-10 15:14:46.734   490   490 E Diag_Lib:  Diag_LSM_Init: Failed to open handle to diag driver, error = 2
01-10 15:14:46.734   490   490 E Diag_Lib:  diagpkt_tbl_reg: Registration failed.
01-10 15:14:46.734   490   490 D         : [ACPH]->ACPH init success
01-10 15:14:46.734   490   490 D ACDB-LOADER: ACDB -> RTAC INIT
01-10 15:14:46.734   490   490 D         : [ACPH]->DSP RTC service registered with ACPH
01-10 15:14:46.734   490   490 D ACDB-LOADER: ACDB -> MCS, FTS INIT
01-10 15:14:46.734   490   490 E MCS-RT-CTL: Can't open the configuration file /system/etc/aanc_tuning_mixer.txt.
01-10 15:14:46.734   490   490 E ACDB-MCS: acdb_mcs_init: MCS routing control initialization failed.
01-10 15:14:46.734   490   490 D         : [ACPH]->FTS RTC service registered with ACPH
01-10 15:14:46.734   490   490 D ACDB-LOADER: ACDB -> ADIE RTAC INIT
01-10 15:14:46.734   490   490 D         : [ACPH]->ADIE RTC service registered with ACPH
01-10 15:14:46.734   490   490 D ACDB-LOADER: ACDB -> ACDB_CMD_GET_VOC_PROC_DYNAMIC_TABLE_SIZE
01-10 15:14:46.735   490   490 D ACDB-LOADER: ACDB -> send_meta_info, lic 0
01-10 15:14:46.735   490   490 D         : Couldnt find the key 00000000 
01-10 15:14:46.735   490   490 D         : Output from GetMetaInfoSize command : 0
01-10 15:14:46.741   529   529 I gatekeeperd: Starting gatekeeperd...
01-10 15:14:46.744   490   490 D ACDB-LOADER: ACDB -> send_adm_custom_topology
01-10 15:14:46.744   490   490 D ACDB-LOADER: ACDB -> ACDB_CMD_GET_AUDIO_COPP_TOPOLOGIES
01-10 15:14:46.744   490   490 D ACDB-LOADER: ACDB -> AUDIO_SET_ADM_CUSTOM_TOPOLOGY
01-10 15:14:46.744   490   490 D ACDB-LOADER: ACDB -> send_asm_custom_topology
01-10 15:14:46.744   490   490 D ACDB-LOADER: ACDB -> ACDB_CMD_GET_AUDIO_POPP_TOPOLOGIES
01-10 15:14:46.744   490   490 D ACDB-LOADER: ACDB -> AUDIO_SET_ASM_CUSTOM_TOPOLOGY
01-10 15:14:46.744   490   490 D ACDB-LOADER: ACDB -> send_meta_info Enter
01-10 15:14:46.744   490   490 E ACDB-LOADER: Fail to allocate memory for metainfo
01-10 15:14:46.744   490   490 D ACDB-LOADER: ACDB -> send_meta_info failed
01-10 15:14:46.744   490   490 D ACDB-LOADER: ACDB -> init done!
01-10 15:14:46.745   400   400 W /system/bin/hwservicemanager: getTransport: Cannot find entry android.hardware.gatekeeper@1.0::IGatekeeper/default in either framework or device manifest.
01-10 15:14:46.747   490   490 E msm8974_platform: find_index: Could not find index for name = USECASE_AUDIO_3RDP_SPKR_PROT_TX
01-10 15:14:46.747   490   490 E platform_info: process_pcm_id: usecase USECASE_AUDIO_3RDP_SPKR_PROT_TX not found!
01-10 15:14:46.747   490   490 E msm8974_platform: find_index: Could not find index for name = SND_DEVICE_OUT_VOIP_HANDSET
01-10 15:14:46.747   490   490 E platform_info: process_device_name: Device SND_DEVICE_OUT_VOIP_HANDSET in platform info xml not found, no alias set!
01-10 15:14:46.747   490   490 E msm8974_platform: find_index: Could not find index for name = SND_DEVICE_OUT_VOIP_SPEAKER
01-10 15:14:46.747   490   490 E platform_info: process_device_name: Device SND_DEVICE_OUT_VOIP_SPEAKER in platform info xml not found, no alias set!
01-10 15:14:46.747   490   490 E msm8974_platform: find_index: Could not find index for name = SND_DEVICE_OUT_VOIP_HEADPHONES
01-10 15:14:46.747   490   490 E platform_info: process_device_name: Device SND_DEVICE_OUT_VOIP_HEADPHONES in platform info xml not found, no alias set!
01-10 15:14:46.747   490   490 D msm8974_platform: platform_init: Fluence_Type(1) max_mic_count(2) mic_type(0x3) fluence_in_voice_call(1) fluence_in_voice_rec(0) fluence_in_spkr_mode(1) 
01-10 15:14:46.747   490   490 E audio_hw_dolby: audio_extn_dap_hal_init: DLOPEN failed for vendor/lib/libhwdaphal.so error dlopen failed: library "vendor/lib/libhwdaphal.so" not found
01-10 15:14:46.747   490   490 D msm8974_platform: hw_util_open Opening device /dev/snd/hwC0D1000
01-10 15:14:46.747   490   490 D msm8974_platform: hw_util_open success
01-10 15:14:46.747   490   490 D ACDB-LOADER: ACDB -> ACDB_CMD_GET_ANC_SETTING
01-10 15:14:46.748   490   490 D         : Failed to fetch the lookup information of the device 0000001A 
01-10 15:14:46.748   490   490 E ACDB-LOADER: Error: ACDB ANC returned = -1
01-10 15:14:46.748   490   490 D ACDB-LOADER: ACDB -> ACDB_CMD_GET_ANC_SETTING
01-10 15:14:46.748   490   490 D         : Failed to fetch the lookup information of the device 0000001B 
01-10 15:14:46.748   490   490 E ACDB-LOADER: Error: ACDB ANC returned = -1
01-10 15:14:46.748   490   490 D ACDB-LOADER: ACDB -> ACDB_CMD_GET_ANC_SETTING
01-10 15:14:46.748   490   490 D         : Failed to fetch the lookup information of the device 0000001C 
01-10 15:14:46.748   490   490 E ACDB-LOADER: Error: ACDB ANC returned = -1
01-10 15:14:46.748   490   490 D ACDB-LOADER: ACDB -> ACDB_CMD_GET_ANC_SETTING
01-10 15:14:46.748   490   490 D         : Failed to fetch the lookup information of the device 0000001D 
01-10 15:14:46.748   490   490 E ACDB-LOADER: Error: ACDB ANC returned = -1
01-10 15:14:46.748   490   490 D ACDB-LOADER: ACDB -> ACDB_CMD_GET_ANC_SETTING
01-10 15:14:46.748   490   490 D         : Failed to fetch the lookup information of the device 0000001E 
01-10 15:14:46.748   490   490 E ACDB-LOADER: Error: ACDB ANC returned = -1
01-10 15:14:46.748   490   490 D ACDB-LOADER: ACDB -> ACDB_CMD_GET_ANC_SETTING
01-10 15:14:46.748   490   490 D         : Failed to fetch the lookup information of the device 0000001F 
01-10 15:14:46.748   490   490 E ACDB-LOADER: Error: ACDB ANC returned = -1
01-10 15:14:46.748   490   490 D ACDB-LOADER: ACDB -> ACDB_CMD_GET_ANC_SETTING
01-10 15:14:46.748   490   490 D         : Failed to fetch the lookup information of the device 00000067 
01-10 15:14:46.748   490   490 E ACDB-LOADER: Error: ACDB ANC returned = -1
01-10 15:14:46.748   490   490 D ACDB-LOADER: ACDB -> ACDB_CMD_GET_ANC_SETTING
01-10 15:14:46.748   490   490 D         : Failed to fetch the lookup information of the device 00000056 
01-10 15:14:46.748   490   490 E ACDB-LOADER: Error: ACDB ANC returned = -1
01-10 15:14:46.748   490   490 D ACDB-LOADER: ACDB -> ACDB_CMD_GET_ANC_SETTING
01-10 15:14:46.748   490   490 D         : Failed to fetch the lookup information of the device 00000059 
01-10 15:14:46.748   490   490 E ACDB-LOADER: Error: ACDB ANC returned = -1
01-10 15:14:46.748   490   490 D msm8974_platform: send_codec_cal cal sent for anc_cal
01-10 15:14:46.748   490   490 E ACDB-LOADER: ACDB -> send_codec_cal
01-10 15:14:46.748   490   490 E ACDB-LOADER: ACDB -> ACDB_CMD_GET_CODEC_CAL_DATA
01-10 15:14:46.748   490   490 D msm8974_platform: send_codec_cal cal sent for mad_cal
01-10 15:14:46.748   490   490 D ACDB-LOADER: send mbhc data
01-10 15:14:46.748   490   490 D ACDB-LOADER: ACDB -> MBHC ACDB_PID_GENERAL_CONFIG
01-10 15:14:46.748   490   490 D ACDB-LOADER: ACDB -> MBHC ACDB_PID_PLUG_REMOVAL_DETECTION
01-10 15:14:46.748   490   490 D ACDB-LOADER: ACDB -> MBHC ACDB_PID_PLUG_TYPE_DETECTION
01-10 15:14:46.748   490   490 D ACDB-LOADER: ACDB -> MBHC ACDB_PID_BUTTON_PRESS_DETECTION
01-10 15:14:46.748   490   490 D ACDB-LOADER: ACDB -> MBHC ACDB_PID_IMPEDANCE_DETECTION
01-10 15:14:46.748   490   490 D msm8974_platform: send_codec_cal cal sent for mbhc_cal
01-10 15:14:46.754   490   490 E audio_hw_primary: Amplifier initialization failed
01-10 15:14:46.757   490   490 E audio_hw_extn: audio_extn_perf_lock_init: Perf lock handles Success 
01-10 15:14:46.757   490   490 W DeviceHAL: Device 0xe985dc80 get_master_volume: Function not implemented
01-10 15:14:46.757   490   490 W DeviceHAL: Device 0xe985dc80 get_master_mute: Function not implemented
01-10 15:14:46.757   490   490 W DeviceHAL: Device 0xe985dc80 set_master_volume: Function not implemented
01-10 15:14:46.757   490   490 W DeviceHAL: Device 0xe985dc80 set_master_mute: Function not implemented
01-10 15:14:46.757   490   490 I AudioFlinger: loadHwModule() Loaded primary audio interface, handle 10
01-10 15:14:46.757   490   490 I AudioFlinger: openOutput() this 0xe983d000, module 10 Device 2, SamplingRate 48000, Format 0x000001, Channels 3, flags 2
01-10 15:14:46.757   490   490 D audio_hw_primary: adev_open_output_stream: enter: sample_rate(48000) channel_mask(0x3) devices(0x2) flags(0x2)        stream_handle(0xe8fa5180)
01-10 15:14:46.757   490   490 D audio_hw_primary: adev_open_output_stream: Stream (0xe8fa5180) picks up usecase (deep-buffer-playback)
01-10 15:14:46.758   490   490 I AudioFlinger: HAL output buffer size 960 frames, normal sink buffer size 960 frames
01-10 15:14:46.758   400   400 W /system/bin/hwservicemanager: getTransport: Cannot find entry android.hardware.audio.effect@2.0::IEffectsFactory/default in either framework or device manifest.
01-10 15:14:46.759   490   490 D vndksupport: Loading /vendor/lib/hw/android.hardware.audio.effect@2.0-impl.so from current namespace instead of sphal namespace.
01-10 15:14:46.761   490   490 E EffectsConfig: Failed to parse /vendor/etc/audio_effects.xml: Tinyxml2 error (3): /vendor/etc/audio_effects.xml (null)
01-10 15:14:46.761   490   490 E EffectsFactoryConfigLoader: Failed to parse XML configuration file
01-10 15:14:46.761   490   490 W EffectsFactory: Failed to load XML effect configuration, fallback to .conf
01-10 15:14:46.762   458   458 D vndksupport: Loading /vendor/lib64/hw/android.hardware.nfc@1.0-impl.so from current namespace instead of sphal namespace.
01-10 15:14:46.763   456   456 D vndksupport: Loading /vendor/lib64/hw/android.hardware.graphics.allocator@2.0-impl.so from current namespace instead of sphal namespace.
01-10 15:14:46.763   462   462 D vndksupport: Loading /vendor/lib64/hw/android.hardware.health@1.0-impl.so from current namespace instead of sphal namespace.
01-10 15:14:46.763   459   459 D vndksupport: Loading /vendor/lib64/hw/android.hardware.thermal@1.0-impl.so from current namespace instead of sphal namespace.
01-10 15:14:46.764   457   457 D vndksupport: Loading /vendor/lib64/hw/android.hardware.health@1.0-impl.so from current namespace instead of sphal namespace.
01-10 15:14:46.765   494   494 D vndksupport: Loading /vendor/lib64/hw/android.hardware.keymaster@3.0-impl.so from current namespace instead of sphal namespace.
01-10 15:14:46.765   458   458 E android.hardware.nfc@1.0-impl: hw_get_module nfc_nci failed: -2
01-10 15:14:46.765   458   458 E android.hardware.nfc@1.0-impl: Passthrough failed to load legacy HAL.
01-10 15:14:46.765   529   529 D vndksupport: Loading /vendor/lib64/hw/android.hardware.gatekeeper@1.0-impl.so from current namespace instead of sphal namespace.
01-10 15:14:46.765   458   458 E android.hardware.nfc@1.0-service: Could not get passthrough implementation for android.hardware.nfc@1.0::INfc/default.
01-10 15:14:46.766   473   473 W thermalserviced: Unable to get Thermal HAL V1.1, vendor thermal event notification not available
01-10 15:14:46.767   490   490 W EffectsFactoryConfigLoader: checkLibraryPath() corrected library path /system/lib/soundfx/libbundlewrapper.so to /vendor/lib/soundfx/libbundlewrapper.so
01-10 15:14:46.771   490   490 W EffectsFactoryConfigLoader: checkLibraryPath() corrected library path /system/lib/soundfx/libreverbwrapper.so to /vendor/lib/soundfx/libreverbwrapper.so
01-10 15:14:46.783   490   490 W EffectsFactoryConfigLoader: checkLibraryPath() corrected library path /system/lib/soundfx/libvisualizer.so to /vendor/lib/soundfx/libvisualizer.so
01-10 15:14:46.785   490   490 W EffectsFactoryConfigLoader: checkLibraryPath() corrected library path /system/lib/soundfx/libdownmix.so to /vendor/lib/soundfx/libdownmix.so
01-10 15:14:46.787   490   490 W EffectsFactoryConfigLoader: checkLibraryPath() corrected library path /system/lib/soundfx/libldnhncr.so to /vendor/lib/soundfx/libldnhncr.so
01-10 15:14:46.789   490   490 W EffectsFactoryConfigLoader: checkLibraryPath() corrected library path /system/lib/soundfx/libeffectproxy.so to /vendor/lib/soundfx/libeffectproxy.so
01-10 15:14:46.796   490   490 W EffectsFactoryConfigLoader: Error querying effect 7d1580bd-297f-4683-9239-e475b6d1d69f on lib offload_bundle
01-10 15:14:46.796   490   490 I BufferProvider: found effect "Multichannel Downmix To Stereo" from The Android Open Source Project
01-10 15:14:46.796   490   490 I AudioFlinger: Using module 10 as the primary audio interface
01-10 15:14:46.797   490   490 W AudioFlinger: moveEffects() bad srcOutput 0
01-10 15:14:46.798   490   687 I AudioFlinger: AudioFlinger's thread 0xe8283f40 tid=687 ready to run
01-10 15:14:46.798   490   687 W AudioFlinger: no wake lock to update, system not ready yet
01-10 15:14:46.798   490   687 D audio_hw_primary: out_set_parameters: enter: usecase(0: deep-buffer-playback) kvpairs: routing=2
01-10 15:14:46.798   490   687 D audio_hw_primary: out_standby: enter: stream (0xe8fa5180) usecase(0: deep-buffer-playback)
01-10 15:14:46.800   490   687 W AudioFlinger: no wake lock to update, system not ready yet
01-10 15:14:46.801   490   490 W APM_AudioPolicyManager: Output profile contains no device on module primary
01-10 15:14:46.801   490   490 I AudioFlinger: openOutput() this 0xe983d000, module 10 Device 2, SamplingRate 48000, Format 0x000001, Channels 3, flags 8
01-10 15:14:46.801   490   490 D audio_hw_primary: adev_open_output_stream: enter: sample_rate(48000) channel_mask(0x3) devices(0x2) flags(0x8)        stream_handle(0xe8fa5000)
01-10 15:14:46.801   490   490 E audio_hw_primary: adev_open_output_stream: Primary output is already opened
01-10 15:14:46.801   490   490 D audio_hw_primary: adev_open_output_stream: exit: ret -17
01-10 15:14:46.801   490   490 W DeviceHAL: Device 0xe985dc80 open_output_stream: File exists
01-10 15:14:46.802   490   490 I AudioHwDevice: openOutputStream(), HAL returned sampleRate 48000, Format 0x1, channelMask 0x3, status -61
01-10 15:14:46.802   490   490 W APM_AudioPolicyManager: Cannot open output stream for device 00000002 on hw module primary
01-10 15:14:46.802   490   490 I AudioFlinger: openOutput() this 0xe983d000, module 10 Device 2, SamplingRate 48000, Format 0x000001, Channels 3, flags 4
01-10 15:14:46.802   490   490 D audio_hw_primary: adev_open_output_stream: enter: sample_rate(48000) channel_mask(0x3) devices(0x2) flags(0x4)        stream_handle(0xe8fa5000)
01-10 15:14:46.802   490   490 D audio_hw_primary: adev_open_output_stream: Stream (0xe8fa5000) picks up usecase (low-latency-playback)
01-10 15:14:46.804   494   494 I android.hardware.keymaster@3.0-impl: Fetching keymaster device name default
01-10 15:14:46.804   494   494 D vndksupport: Loading /vendor/lib64/hw/keystore.msm8992.so from current namespace instead of sphal namespace.
01-10 15:14:46.804   457   457 I ServiceManagement: Removing namespace from process name android.hardware.health@1.0-service to health@1.0-serv.
01-10 15:14:46.805   490   490 I AudioFlinger: HAL output buffer size 240 frames, normal sink buffer size 960 frames
01-10 15:14:46.806   457   457 I android.hardware.health@1.0-service: Registration complete for android.hardware.health@1.0::IHealth/default.
01-10 15:14:46.806   490   691 I AudioFlinger: AudioFlinger's thread 0xe7d83700 tid=691 ready to run
01-10 15:14:46.807   490   691 W AudioFlinger: no wake lock to update, system not ready yet
01-10 15:14:46.807   490   691 D audio_hw_primary: out_set_parameters: enter: usecase(1: low-latency-playback) kvpairs: routing=2
01-10 15:14:46.807   490   691 D audio_hw_primary: out_standby: enter: stream (0xe8fa5000) usecase(1: low-latency-playback)
01-10 15:14:46.808   459   459 I ServiceManagement: Removing namespace from process name android.hardware.thermal@1.0-service to thermal@1.0-ser.
01-10 15:14:46.808   490   490 W APM_AudioPolicyManager: Output profile contains no device on module primary
01-10 15:14:46.808   490   490 W APM_AudioPolicyManager: Output profile contains no device on module primary
01-10 15:14:46.808   490   490 I AudioFlinger: openOutput() this 0xe983d000, module 10 Device 10000, SamplingRate 48000, Format 0x000001, Channels 3, flags 0
01-10 15:14:46.809   490   490 D audio_hw_primary: adev_open_output_stream: enter: sample_rate(48000) channel_mask(0x3) devices(0x10000) flags(0)        stream_handle(0xe8fa5300)
01-10 15:14:46.809   490   490 D audio_hw_primary: adev_open_output_stream: Stream (0xe8fa5300) picks up usecase (afe-proxy-playback)
01-10 15:14:46.809   494   494 I android.hardware.keymaster@3.0-impl: Found keymaster1 module Keymaster QTI HAL, version 100
01-10 15:14:46.809   490   691 W AudioFlinger: no wake lock to update, system not ready yet
01-10 15:14:46.809   490   490 I AudioFlinger: HAL output buffer size 768 frames, normal sink buffer size 1152 frames
01-10 15:14:46.810   459   459 I android.hardware.thermal@1.0-service: Registration complete for android.hardware.thermal@1.0::IThermal/default.
01-10 15:14:46.810   490   695 I AudioFlinger: AudioFlinger's thread 0xe7983380 tid=695 ready to run
01-10 15:14:46.810   490   695 W AudioFlinger: no wake lock to update, system not ready yet
01-10 15:14:46.811   490   695 D audio_hw_primary: out_set_parameters: enter: usecase(37: afe-proxy-playback) kvpairs: routing=65536
01-10 15:14:46.811   490   695 D audio_hw_primary: out_standby: enter: stream (0xe8fa5300) usecase(37: afe-proxy-playback)
01-10 15:14:46.811   490   695 W AudioFlinger: no wake lock to update, system not ready yet
01-10 15:14:46.812   490   490 W APM_AudioPolicyManager: Output profile contains no device on module primary
01-10 15:14:46.812   490   490 W APM_AudioPolicyManager: Output profile contains no device on module primary
01-10 15:14:46.812   490   490 D audio_hw_primary: adev_open_input_stream: enter: sample_rate(48000) channel_mask(0xc) devices(0x80000004)        stream_handle(0xe983b400) io_handle(14) source(1)
01-10 15:14:46.814   504   701 E Sensors : sns_debug_main.c(544):Debug Config File missing in EFS!
01-10 15:14:46.817   490   697 I AudioFlinger: AudioFlinger's thread 0xe7583000 tid=697 ready to run
01-10 15:14:46.817   490   490 D audio_hw_primary: adev_close_input_stream: enter:stream_handle(0xe983b400)
01-10 15:14:46.817   490   490 D audio_hw_primary: in_standby: enter: stream (0xe983b400) usecase(16: audio-record)
01-10 15:14:46.817   490   490 D audio_hw_primary: adev_open_input_stream: enter: sample_rate(48000) channel_mask(0xc) devices(0x80000040)        stream_handle(0xe983b400) io_handle(22) source(1)
01-10 15:14:46.817   490   490 W DeviceHAL: Device 0xe985dc80 open_input_stream: Invalid argument
01-10 15:14:46.818   490   490 D audio_hw_primary: adev_open_input_stream: enter: sample_rate(48000) channel_mask(0xc) devices(0x80000040)        stream_handle(0xe983b400) io_handle(22) source(1)
01-10 15:14:46.818   490   490 W DeviceHAL: Device 0xe985dc80 open_input_stream: Invalid argument
01-10 15:14:46.818   490   490 W APM_AudioPolicyManager: Cannot open input stream for device 80000040 on hw module primary
01-10 15:14:46.824   477   535 I adbd    : functionfs successfully initialized
01-10 15:14:46.825   477   535 I adbd    : registering usb transport
01-10 15:14:46.839   490   490 I bt_a2dp_hw: adev_open:  adev_open in A2dp_hw module
01-10 15:14:46.839   490   490 I AudioFlinger: loadHwModule() Loaded a2dp audio interface, handle 18
01-10 15:14:46.839   490   490 D vndksupport: Loading /vendor/lib/hw/audio.usb.default.so from current namespace instead of sphal namespace.
01-10 15:14:46.842   490   490 I AudioFlinger: loadHwModule() Loaded usb audio interface, handle 26
01-10 15:14:46.843   490   490 D vndksupport: Loading /vendor/lib/hw/audio.r_submix.default.so from current namespace instead of sphal namespace.
01-10 15:14:46.846   490   490 I r_submix: adev_open(name=audio_hw_if)
01-10 15:14:46.846   490   490 I r_submix: adev_init_check()
01-10 15:14:46.846   490   490 W DeviceHAL: Device 0xe79e2ac0 set_master_mute: Function not implemented
01-10 15:14:46.846   490   490 I AudioFlinger: loadHwModule() Loaded r_submix audio interface, handle 34
01-10 15:14:46.846   490   490 D r_submix: adev_open_input_stream(addr=0)
01-10 15:14:46.847   490   490 D r_submix: submix_audio_device_create_pipe_l(addr=0, idx=9)
01-10 15:14:46.847   490   490 D r_submix:   now using address 0 for route 9
01-10 15:14:46.847   490   712 I AudioFlinger: AudioFlinger's thread 0xe7583580 tid=712 ready to run
01-10 15:14:46.848   490   490 D r_submix: adev_close_input_stream()
01-10 15:14:46.848   490   490 D r_submix: submix_audio_device_release_pipe_l(idx=9) addr=0
01-10 15:14:46.848   490   490 D r_submix: submix_audio_device_destroy_pipe_l(): pipe destroyed
01-10 15:14:46.848   490   490 W APM_AudioPolicyManager: Input device 80000040 unreachable
01-10 15:14:46.848   490   490 E EffectsConfig: Failed to parse /vendor/etc/audio_effects.xml: Tinyxml2 error (3): /vendor/etc/audio_effects.xml (null)
01-10 15:14:46.848   490   490 W AudioPolicyEffects: Failed to load XML effect configuration, fallback to .conf
01-10 15:14:46.850   400   400 W /system/bin/hwservicemanager: getTransport: Cannot find entry android.hardware.soundtrigger@2.0::ISoundTriggerHw/default in either framework or device manifest.
01-10 15:14:46.851   490   490 D vndksupport: Loading /vendor/lib/hw/android.hardware.soundtrigger@2.0-impl.so from current namespace instead of sphal namespace.
01-10 15:14:46.854   490   490 E SoundTriggerHalImpl: couldn't load sound trigger module sound_trigger.primary (No such file or directory)
01-10 15:14:46.855   490   490 I SoundTriggerHalHidl: getProperties res implementor 
01-10 15:14:46.855   490   490 I SoundTriggerHalHidl: getProperties ret -19
01-10 15:14:46.855   490   490 E SoundTriggerHwService: could not read implementation properties
01-10 15:14:46.874   497   497 W /system/bin/mediaextractor: Could not read additional policy file '/vendor/etc/seccomp_policy/mediaextractor.policy'
01-10 15:14:46.875   455   455 W /vendor/bin/hw/android.hardware.configstore@1.0-service: libminijail[455]: allowing syscall: connect
01-10 15:14:46.875   455   455 W /vendor/bin/hw/android.hardware.configstore@1.0-service: libminijail[455]: allowing syscall: fcntl
01-10 15:14:46.875   497   497 W /system/bin/mediaextractor: libminijail[497]: allowing syscall: connect
01-10 15:14:46.875   455   455 W /vendor/bin/hw/android.hardware.configstore@1.0-service: libminijail[455]: allowing syscall: sendto
01-10 15:14:46.875   497   497 W /system/bin/mediaextractor: libminijail[497]: allowing syscall: fcntl
01-10 15:14:46.875   455   455 W /vendor/bin/hw/android.hardware.configstore@1.0-service: libminijail[455]: allowing syscall: socket
01-10 15:14:46.875   497   497 W /system/bin/mediaextractor: libminijail[497]: allowing syscall: sendto
01-10 15:14:46.875   455   455 W /vendor/bin/hw/android.hardware.configstore@1.0-service: libminijail[455]: allowing syscall: writev
01-10 15:14:46.875   497   497 W /system/bin/mediaextractor: libminijail[497]: allowing syscall: socket
01-10 15:14:46.875   497   497 W /system/bin/mediaextractor: libminijail[497]: allowing syscall: writev
01-10 15:14:46.875   497   497 W /system/bin/mediaextractor: libminijail[497]: compile_file: nonexistent syscall '_llseek'
01-10 15:14:46.875   497   497 W /system/bin/mediaextractor: libminijail[497]: logging seccomp filter failures
01-10 15:14:46.876   455   455 W /vendor/bin/hw/android.hardware.configstore@1.0-service: libminijail[455]: logging seccomp filter failures
01-10 15:14:46.876   455   455 I ServiceManagement: Removing namespace from process name android.hardware.configstore@1.0-service to configstore@1.0.
01-10 15:14:46.882   502   502 W /vendor/bin/hw/android.hardware.media.omx@1.0-service: libminijail[502]: allowing syscall: clock_gettime
01-10 15:14:46.882   502   502 W /vendor/bin/hw/android.hardware.media.omx@1.0-service: libminijail[502]: allowing syscall: connect
01-10 15:14:46.882   502   502 W /vendor/bin/hw/android.hardware.media.omx@1.0-service: libminijail[502]: allowing syscall: fcntl64
01-10 15:14:46.882   502   502 W /vendor/bin/hw/android.hardware.media.omx@1.0-service: libminijail[502]: allowing syscall: socket
01-10 15:14:46.882   502   502 W /vendor/bin/hw/android.hardware.media.omx@1.0-service: libminijail[502]: allowing syscall: writev
01-10 15:14:46.883   502   502 W /vendor/bin/hw/android.hardware.media.omx@1.0-service: libminijail[502]: logging seccomp filter failures
01-10 15:14:46.885   502   502 I /vendor/bin/hw/android.hardware.media.omx@1.0-service: Non-Treble OMX service created.
01-10 15:14:46.901   555   555 D QSEECOMD: : Init dlopen(libdrmtime.so, RTLD_NOW) succeeds
01-10 15:14:46.901   555   555 D QSEECOMD: : Init::Init dlsym(g_FSHandle atime_start) succeeds
01-10 15:14:46.901   555   555 D DrmLibTime: QSEE Time Listener: atime_start
01-10 15:14:46.901   555   555 D QSEECOMAPI: : QSEECom_register_listener 11 sb_length = 0x5000
01-10 15:14:46.902   555   555 D DrmLibTime: registering fs service to QSEECom is done!
01-10 15:14:46.902   555   555 D DrmLibTime: begin to create a thread!
01-10 15:14:46.902   555   555 D DrmLibTime: Creating a pthread in atime_start is done! return 0
01-10 15:14:46.902   555   555 D QSEECOMD: : Init atime_start ret = 0
01-10 15:14:46.902   555   555 D QSEECOMD: : time services: Started (Listener ID = 11)
01-10 15:14:46.902   555   555 E QSEECOMD: : Listener: index = 4, hierarchy = 1
01-10 15:14:46.902   555   555 D QSEECOMD: : Init dlopen(libdrmfs.so, RTLD_NOW) succeeds
01-10 15:14:46.902   555   555 D QSEECOMD: : Init::Init dlsym(g_FSHandle fs_start) succeeds
01-10 15:14:46.902   555   555 D QSEECOMAPI: : QSEECom_register_listener 10 sb_length = 0x5000
01-10 15:14:46.902   555   722 D DrmLibTime: QSEE Time Listener: dispatch
01-10 15:14:46.902   555   722 D DrmLibTime: before calling ioctl to read the next time_cmd
01-10 15:14:46.903   555   555 W qseecomd: type=1400 audit(0.0:108): avc: granted { read } for name="ion" dev="tmpfs" ino=11319 scontext=u:r:init:s0 tcontext=u:object_r:ion_device:s0 tclass=chr_file
01-10 15:14:46.903   555   555 W qseecomd: type=1400 audit(0.0:109): avc: granted { read open } for path="/dev/ion" dev="tmpfs" ino=11319 scontext=u:r:init:s0 tcontext=u:object_r:ion_device:s0 tclass=chr_file
01-10 15:14:46.904   555   555 D QSEECOMD: : Init fs_start ret = 0
01-10 15:14:46.904   555   555 D QSEECOMD: : file system services: Started (Listener ID = 10)
01-10 15:14:46.904   555   555 E QSEECOMD: : Listener: index = 5, hierarchy = 1
01-10 15:14:46.904   555   555 E QSEECOMD: : Init dlopen(libmdtp.so, RLTD_NOW) is failed....
01-10 15:14:46.904   555   555 E QSEECOMD: : Listener: index = 6, hierarchy = 1
01-10 15:14:46.904   555   555 D QSEECOMD: : Init dlopen(libdrmfs.so, RTLD_NOW) succeeds
01-10 15:14:46.904   555   555 D QSEECOMD: : Init::Init dlsym(g_FSHandle gpfs_start) succeeds
01-10 15:14:46.904   555   555 D QSEECOMAPI: : QSEECom_register_listener 28672 sb_length = 0x7e000
01-10 15:14:46.907   555   555 W qseecomd: type=1400 audit(0.0:110): avc: granted { read } for name="ion" dev="tmpfs" ino=11319 scontext=u:r:init:s0 tcontext=u:object_r:ion_device:s0 tclass=chr_file
01-10 15:14:46.907   555   555 W qseecomd: type=1400 audit(0.0:111): avc: granted { read open } for path="/dev/ion" dev="tmpfs" ino=11319 scontext=u:r:init:s0 tcontext=u:object_r:ion_device:s0 tclass=chr_file
01-10 15:14:46.907   555   555 D QSEECOMD: : Init gpfs_start ret = 0
01-10 15:14:46.907   555   555 D QSEECOMD: : gpfile system services: Started (Listener ID = 28672)
01-10 15:14:46.907   555   555 D QSEECOMAPI: : QSEECom_get_handle sb_length = 0x400
01-10 15:14:46.908   555   555 D QSEECOMAPI: : App is not loaded in QSEE
01-10 15:14:46.908   555   555 E QSEECOMAPI: : Error::Error while trying to allocate data
01-10 15:14:46.908   555   555 E QSEECOMAPI: : Error::ION_memalloc failed
01-10 15:14:46.908   555   555 E QSEECOMAPI: : Error::Loading image failed with ret = -12
01-10 15:14:46.908   555   555 E QSEECOMD: : Loading keymaste app failied
01-10 15:14:46.908   555   555 D QSEECOMAPI: : QSEECom_get_handle sb_length = 0x400
01-10 15:14:46.908   555   555 D QSEECOMAPI: : App is not loaded in QSEE
01-10 15:14:46.919   726   726 I init    : type=1400 audit(0.0:112): avc: denied { execute_no_trans } for path="/system/vendor/bin/qti" dev="mmcblk0p47" ino=2417 scontext=u:r:init:s0 tcontext=u:object_r:vendor_file:s0 tclass=file permissive=1
01-10 15:14:46.939   399   399 I servicemanager: type=1400 audit(0.0:113): avc: denied { transfer } for scontext=u:r:servicemanager:s0 tcontext=u:r:init:s0 tclass=binder permissive=1
01-10 15:14:46.939   480   480 I pm-proxy: type=1400 audit(0.0:114): avc: denied { call } for scontext=u:r:init:s0 tcontext=u:r:init:s0 tclass=binder permissive=1
01-10 15:14:46.939   480   480 I pm-proxy: type=1400 audit(0.0:115): avc: denied { transfer } for scontext=u:r:init:s0 tcontext=u:r:init:s0 tclass=binder permissive=1
01-10 15:14:46.943   399   399 E SELinux : avc:  denied  { find } for service=vendor.qcom.PeripheralManager pid=480 uid=1000 scontext=u:r:init:s0 tcontext=u:object_r:default_android_service:s0 tclass=service_manager permissive=1
01-10 15:14:46.943   529   529 D vndksupport: Loading /vendor/lib64/hw/gatekeeper.msm8992.so from current namespace instead of sphal namespace.
01-10 15:14:46.944   468   523 D PerMgrSrv: modem state: is off-line, add client PM-PROXY-THREAD
01-10 15:14:46.944   468   523 D PerMgrSrv: PM-PROXY-THREAD registered
01-10 15:14:46.944   480   480 D PerMgrLib: PM-PROXY-THREAD successfully registered for modem
01-10 15:14:46.944   480   480 I PerMgrProxy: pm-proxy-thread Voting for internal modem
01-10 15:14:46.944   480   480 D PerMgrLib: PM-PROXY-THREAD voting for modem
01-10 15:14:46.944   529   529 D gatekeeper_device: HwKmOpen called
01-10 15:14:46.944   468   524 D PerMgrSrv: PM-PROXY-THREAD voting for modem
01-10 15:14:46.944   468   524 D PerMgrSrv: modem new state: going on-line
01-10 15:14:46.944   468   524 D PerMgrSrv: modem num voters is 1
01-10 15:14:46.947   716   716 I init    : type=1400 audit(0.0:116): avc: denied { execute_no_trans } for path="/system/bin/qmuxd" dev="mmcblk0p47" ino=373 scontext=u:r:init:s0 tcontext=u:object_r:system_file:s0 tclass=file permissive=1
01-10 15:14:46.974   716   716 E Diag_Lib:  Diag_LSM_Init: Failed to open handle to diag driver, error = 2
01-10 15:14:46.975   716   716 I chatty  : uid=1001(radio) /system/bin/qmuxd identical 1 line
01-10 15:14:46.978   716   716 E Diag_Lib:  Diag_LSM_Init: Failed to open handle to diag driver, error = 2
01-10 15:14:46.986   726   726 E Diag_Lib:  Diag_LSM_Init: Failed to open handle to diag driver, error = 2
01-10 15:14:47.051   456   456 I ServiceManagement: Removing namespace from process name android.hardware.graphics.allocator@2.0-service to allocator@2.0-s.
01-10 15:14:47.052   456   456 I android.hardware.graphics.allocator@2.0-service: Registration complete for android.hardware.graphics.allocator@2.0::IAllocator/default.
01-10 15:14:47.102   534   534 E Diag_Lib:  Diag_LSM_Init: Failed to open handle to diag driver, error = 2
01-10 15:14:47.102   534   534 E Diag_Lib: qpLogDiagInit <== result : 0
01-10 15:14:47.102   534   534 E Diag_Lib: DATAD : gIsQXDMDisabled 0, gIsADBDisabled 1, gIsDebugDisabled 0, gIsIMSLogsDisabled 0
01-10 15:14:47.102   534   534 E Diag_Lib:  Diag_LSM_Init: Failed to open handle to diag driver, error = 2
01-10 15:14:47.102   534   534 E Diag_Lib: qpLogDiagInit <== result : 0
01-10 15:14:47.102   534   534 E Diag_Lib: DATAD : gIsQXDMDisabled 0, gIsADBDisabled 1, gIsDebugDisabled 0, gIsIMSLogsDisabled 0
01-10 15:14:47.102   534   534 E Diag_Lib: [IMS_DataD] imsdatad.c | 5236 | | 534 |DATAD#$$#0#DATAD STARTED
01-10 15:14:47.102   534   534 E Diag_Lib:  Diag_LSM_Init: Failed to open handle to diag driver, error = 2
01-10 15:14:47.102   534   534 E Diag_Lib: qpLogDiagInit <== result : 0
01-10 15:14:47.102   534   534 E Diag_Lib: DATAD : gIsQXDMDisabled 0, gIsADBDisabled 1, gIsDebugDisabled 0, gIsIMSLogsDisabled 0
01-10 15:14:47.102   534   534 E Diag_Lib:  Diag_LSM_Init: Failed to open handle to diag driver, error = 2
01-10 15:14:47.102   534   534 E Diag_Lib: qpLogDiagInit <== result : 0
01-10 15:14:47.102   534   534 E Diag_Lib: DATAD : gIsQXDMDisabled 0, gIsADBDisabled 1, gIsDebugDisabled 0, gIsIMSLogsDisabled 0
01-10 15:14:47.102   534   534 E Diag_Lib:  Diag_LSM_Init: Failed to open handle to diag driver, error = 2
01-10 15:14:47.102   534   534 E Diag_Lib: qpLogDiagInit <== result : 0
01-10 15:14:47.102   534   534 E Diag_Lib: DATAD : gIsQXDMDisabled 0, gIsADBDisabled 1, gIsDebugDisabled 0, gIsIMSLogsDisabled 0
01-10 15:14:47.102   534   534 E Diag_Lib:  Diag_LSM_Init: Failed to open handle to diag driver, error = 2
01-10 15:14:47.102   534   534 E Diag_Lib: qpLogDiagInit <== result : 0
01-10 15:14:47.102   534   534 E Diag_Lib: DATAD : gIsQXDMDisabled 0, gIsADBDisabled 1, gIsDebugDisabled 0, gIsIMSLogsDisabled 0
01-10 15:14:47.104   534   534 E Diag_Lib:  Diag_LSM_Init: Failed to open handle to diag driver, error = 2
01-10 15:14:47.104   534   534 E Diag_Lib: qpLogDiagInit <== result : 0
01-10 15:14:47.104   534   534 E Diag_Lib: DATAD : gIsQXDMDisabled 0, gIsADBDisabled 1, gIsDebugDisabled 0, gIsIMSLogsDisabled 0
01-10 15:14:47.104   534   534 E Diag_Lib:  Diag_LSM_Init: Failed to open handle to diag driver, error = 2
01-10 15:14:47.104   534   534 E Diag_Lib: qpLogDiagInit <== result : 0
01-10 15:14:47.104   534   534 E Diag_Lib: DATAD : gIsQXDMDisabled 0, gIsADBDisabled 1, gIsDebugDisabled 0, gIsIMSLogsDisabled 0
01-10 15:14:47.104   534   534 E Diag_Lib:  Diag_LSM_Init: Failed to open handle to diag driver, error = 2
01-10 15:14:47.104   534   534 E Diag_Lib: qpLogDiagInit <== result : 0
01-10 15:14:47.104   534   534 E Diag_Lib: DATAD : gIsQXDMDisabled 0, gIsADBDisabled 1, gIsDebugDisabled 0, gIsIMSLogsDisabled 0
01-10 15:14:47.104   534   534 E Diag_Lib:  Diag_LSM_Init: Failed to open handle to diag driver, error = 2
01-10 15:14:47.104   534   534 E Diag_Lib: qpLogDiagInit <== result : 0
01-10 15:14:47.104   534   534 E Diag_Lib: DATAD : gIsQXDMDisabled 0, gIsADBDisabled 1, gIsDebugDisabled 0, gIsIMSLogsDisabled 0
01-10 15:14:47.104   534   534 E Diag_Lib:  Diag_LSM_Init: Failed to open handle to diag driver, error = 2
01-10 15:14:47.104   534   534 E Diag_Lib: qpLogDiagInit <== result : 0
01-10 15:14:47.104   534   534 E Diag_Lib: DATAD : gIsQXDMDisabled 0, gIsADBDisabled 1, gIsDebugDisabled 0, gIsIMSLogsDisabled 0
01-10 15:14:47.104   534   534 E Diag_Lib:  Diag_LSM_Init: Failed to open handle to diag driver, error = 2
01-10 15:14:47.105   534   534 E Diag_Lib: qpLogDiagInit <== result : 0
01-10 15:14:47.105   534   534 E Diag_Lib: DATAD : gIsQXDMDisabled 0, gIsADBDisabled 1, gIsDebugDisabled 0, gIsIMSLogsDisabled 0
01-10 15:14:47.105   534   534 E Diag_Lib:  Diag_LSM_Init: Failed to open handle to diag driver, error = 2
01-10 15:14:47.105   534   534 E Diag_Lib: qpLogDiagInit <== result : 0
01-10 15:14:47.105   534   534 E Diag_Lib: DATAD : gIsQXDMDisabled 0, gIsADBDisabled 1, gIsDebugDisabled 0, gIsIMSLogsDisabled 0
01-10 15:14:47.105   534   534 E Diag_Lib:  Diag_LSM_Init: Failed to open handle to diag driver, error = 2
01-10 15:14:47.105   534   534 E Diag_Lib: qpLogDiagInit <== result : 0
01-10 15:14:47.105   534   534 E Diag_Lib: DATAD : gIsQXDMDisabled 0, gIsADBDisabled 1, gIsDebugDisabled 0, gIsIMSLogsDisabled 0
01-10 15:14:47.105   534   534 E Diag_Lib:  Diag_LSM_Init: Failed to open handle to diag driver, error = 2
01-10 15:14:47.105   534   534 E Diag_Lib: qpLogDiagInit <== result : 0
01-10 15:14:47.105   534   534 E Diag_Lib: DATAD : gIsQXDMDisabled 0, gIsADBDisabled 1, gIsDebugDisabled 0, gIsIMSLogsDisabled 0
01-10 15:14:47.105   534   534 E Diag_Lib:  Diag_LSM_Init: Failed to open handle to diag driver, error = 2
01-10 15:14:47.105   534   534 E Diag_Lib: qpLogDiagInit <== result : 0
01-10 15:14:47.105   534   534 E Diag_Lib: DATAD : gIsQXDMDisabled 0, gIsADBDisabled 1, gIsDebugDisabled 0, gIsIMSLogsDisabled 0
01-10 15:14:47.105   534   534 E Diag_Lib:  Diag_LSM_Init: Failed to open handle to diag driver, error = 2
01-10 15:14:47.105   534   534 E Diag_Lib: qpLogDiagInit <== result : 0
01-10 15:14:47.105   534   534 E Diag_Lib: DATAD : gIsQXDMDisabled 0, gIsADBDisabled 1, gIsDebugDisabled 0, gIsIMSLogsDisabled 0
01-10 15:14:47.115   485   485 E Diag_Lib:  Diag_LSM_Init: Failed to open handle to diag driver, error = 2
01-10 15:14:47.179   491   491 I cameraserver: type=1400 audit(0.0:117): avc: denied { read write } for name="media0" dev="tmpfs" ino=9560 scontext=u:r:cameraserver:s0 tcontext=u:object_r:device:s0 tclass=chr_file permissive=1
01-10 15:14:47.179   491   491 I cameraserver: type=1400 audit(0.0:118): avc: denied { open } for path="/dev/media0" dev="tmpfs" ino=9560 scontext=u:r:cameraserver:s0 tcontext=u:object_r:device:s0 tclass=chr_file permissive=1
01-10 15:14:47.193   400   400 W /system/bin/hwservicemanager: getTransport: Cannot find entry android.hardware.configstore@1.0::ISurfaceFlingerConfigs/default in either framework or device manifest.
01-10 15:14:47.194   472   472 I /system/bin/surfaceflinger: android::hardware::configstore::V1_0::ISurfaceFlingerConfigs::maxFrameBufferAcquiredBuffers retrieved: 3
01-10 15:14:47.196   400   400 W /system/bin/hwservicemanager: getTransport: Cannot find entry android.hardware.configstore@1.0::ISurfaceFlingerConfigs/default in either framework or device manifest.
01-10 15:14:47.197   472   472 I /system/bin/surfaceflinger: android::hardware::configstore::V1_0::ISurfaceFlingerConfigs::startGraphicsAllocatorService retrieved: 0
01-10 15:14:47.199   472   472 I SurfaceFlinger: SurfaceFlinger is starting
01-10 15:14:47.200   472   472 I /system/bin/surfaceflinger: android::hardware::configstore::V1_0::ISurfaceFlingerConfigs::vsyncEventPhaseOffsetNs retrieved: 1000000 (default)
01-10 15:14:47.200   472   472 I /system/bin/surfaceflinger: android::hardware::configstore::V1_0::ISurfaceFlingerConfigs::vsyncSfEventPhaseOffsetNs retrieved: 1000000 (default)
01-10 15:14:47.200   472   472 I /system/bin/surfaceflinger: android::hardware::configstore::V1_0::ISurfaceFlingerConfigs::maxVirtualDisplaySize retrieved: 0 (default)
01-10 15:14:47.200   472   472 I /system/bin/surfaceflinger: android::hardware::configstore::V1_0::ISurfaceFlingerConfigs::hasSyncFramework retrieved: 1
01-10 15:14:47.200   472   472 I /system/bin/surfaceflinger: android::hardware::configstore::V1_0::ISurfaceFlingerConfigs::useContextPriority retrieved: 0 (default)
01-10 15:14:47.200   472   472 I /system/bin/surfaceflinger: android::hardware::configstore::V1_0::ISurfaceFlingerConfigs::presentTimeOffsetFromVSyncNs retrieved: 0
01-10 15:14:47.201   472   472 I /system/bin/surfaceflinger: android::hardware::configstore::V1_0::ISurfaceFlingerConfigs::useHwcForRGBtoYUV retrieved: 0
01-10 15:14:47.201   472   472 I /system/bin/surfaceflinger: android::hardware::configstore::V1_0::ISurfaceFlingerConfigs::maxFrameBufferAcquiredBuffers retrieved: 3
01-10 15:14:47.201   472   472 I SurfaceFlinger: Enabling HWC virtual displays
01-10 15:14:47.201   472   472 I SurfaceFlinger: Disabling Triple Buffering
01-10 15:14:47.201   472   472 I SurfaceFlinger: SurfaceFlinger's main thread ready to run. Initializing graphics H/W...
01-10 15:14:47.254   472   472 D vndksupport: Loading /vendor/lib64/egl/libEGL_adreno.so from current namespace instead of sphal namespace.
01-10 15:14:47.258   472   472 D libEGL  : loaded /vendor/lib64/egl/libEGL_adreno.so
01-10 15:14:47.259   555   555 I qseecomd: type=1400 audit(0.0:119): avc: denied { read write } for name="qseecom" dev="tmpfs" ino=1969 scontext=u:r:init:s0 tcontext=u:object_r:device:s0 tclass=chr_file permissive=1
01-10 15:14:47.259   555   555 I qseecomd: type=1400 audit(0.0:120): avc: denied { open } for path="/dev/qseecom" dev="tmpfs" ino=1969 scontext=u:r:init:s0 tcontext=u:object_r:device:s0 tclass=chr_file permissive=1
01-10 15:14:47.262   555   555 E QSEECOMAPI: : Error::Load image request failed ret = -1, errno = 22
01-10 15:14:47.263   555   555 W qseecomd: type=1400 audit(0.0:121): avc: granted { read } for name="ion" dev="tmpfs" ino=11319 scontext=u:r:init:s0 tcontext=u:object_r:ion_device:s0 tclass=chr_file
01-10 15:14:47.263   555   555 W qseecomd: type=1400 audit(0.0:122): avc: granted { read open } for path="/dev/ion" dev="tmpfs" ino=11319 scontext=u:r:init:s0 tcontext=u:object_r:ion_device:s0 tclass=chr_file
01-10 15:14:47.263   555   555 E QSEECOMAPI: : Error::Loading image failed with ret = -1
01-10 15:14:47.263   555   555 E QSEECOMD: : Loading keymaster app failied
01-10 15:14:47.263   555   555 D QSEECOMAPI: : QSEECom_get_handle sb_length = 0x400
01-10 15:14:47.263   555   555 D QSEECOMAPI: : App is not loaded in QSEE
01-10 15:14:47.323   555   555 W qseecomd: type=1400 audit(0.0:123): avc: granted { read } for name="ion" dev="tmpfs" ino=11319 scontext=u:r:init:s0 tcontext=u:object_r:ion_device:s0 tclass=chr_file
01-10 15:14:47.323   555   555 W qseecomd: type=1400 audit(0.0:124): avc: granted { read open } for path="/dev/ion" dev="tmpfs" ino=11319 scontext=u:r:init:s0 tcontext=u:object_r:ion_device:s0 tclass=chr_file
01-10 15:14:47.326   555   555 D QSEECOMAPI: : Loaded image: APP id = 3
01-10 15:14:47.328   555   555 D QSEECOMD: :  Keymaster/ kmota loaded
01-10 15:14:47.329   555   555 D QSEECOMD: : QSEECOM DAEMON RUNNING 
01-10 15:14:47.343   529   529 I gatekeeperd: type=1400 audit(0.0:125): avc: denied { read write } for name="qseecom" dev="tmpfs" ino=1969 scontext=u:r:gatekeeperd:s0 tcontext=u:object_r:device:s0 tclass=chr_file permissive=1
01-10 15:14:47.343   529   529 I gatekeeperd: type=1400 audit(0.0:126): avc: denied { open } for path="/dev/qseecom" dev="tmpfs" ino=1969 scontext=u:r:gatekeeperd:s0 tcontext=u:object_r:device:s0 tclass=chr_file permissive=1
01-10 15:14:47.345   529   529 E gatekeeper_device: Gatekeeper (Keymaster TA) loaded/ queried from Qseecomd
01-10 15:14:47.345   529   529 D QSEECOMAPI: : QSEECom_get_handle sb_length = 0xa000
01-10 15:14:47.346   529   529 D QSEECOMAPI: : App is already loaded QSEE and app id = 3
01-10 15:14:47.407   494   494 I keystore: type=1400 audit(0.0:127): avc: denied { read write } for name="qseecom" dev="tmpfs" ino=1969 scontext=u:r:keystore:s0 tcontext=u:object_r:device:s0 tclass=chr_file permissive=1
01-10 15:14:47.410   494   494 E keymaster1_device: Keymaster loaded/ queried from Qseecomd
01-10 15:14:47.410   494   494 D QSEECOMAPI: : QSEECom_get_handle sb_length = 0xa000
01-10 15:14:47.411   494   494 D QSEECOMAPI: : App is already loaded QSEE and app id = 3
01-10 15:14:47.422   494   494 E keymaster1_device: TA API Major Verion: 1
01-10 15:14:47.422   494   494 E keymaster1_device: TA API Minor Verion: 0
01-10 15:14:47.422   494   494 E keymaster1_device: TA Major Verion: 1
01-10 15:14:47.422   494   494 E keymaster1_device: TA Minor Verion: 10
01-10 15:14:47.422   494   494 E keymaster1_device: set_version_req->flags: 1
01-10 15:14:47.422   494   494 D android.hardware.keymaster@3.0-impl: Wrapping keymaster1 module Keymaster QTI HAL with SofKeymasterDevice
01-10 15:14:47.572   506   547 D AudioDaemon: out of poll() for sound card state change, SNDCARD size=2
01-10 15:14:47.572   506   547 D AudioDaemon: CPE boot up completed
01-10 15:14:47.572   506   547 D AudioDaemon: poll() for sound card state change 
01-10 15:14:47.690   503   503 E Diag_Lib:  Diag_LSM_Init: Failed to open handle to diag driver, error = 2
01-10 15:14:47.692   503   503 I libmdmdetect: ESOC framework not supported
01-10 15:14:47.693   503   503 I libmdmdetect: Found internal modem: modem
01-10 15:14:47.696   399   399 E SELinux : avc:  denied  { find } for service=vendor.qcom.PeripheralManager pid=503 uid=1001 scontext=u:r:rild:s0 tcontext=u:object_r:default_android_service:s0 tclass=service_manager permissive=1
01-10 15:14:47.750   472   472 D vndksupport: Loading /vendor/lib64/egl/libGLESv1_CM_adreno.so from current namespace instead of sphal namespace.
01-10 15:14:47.751   472   472 D libEGL  : loaded /vendor/lib64/egl/libGLESv1_CM_adreno.so
01-10 15:14:47.770   472   472 D vndksupport: Loading /vendor/lib64/egl/libGLESv2_adreno.so from current namespace instead of sphal namespace.
01-10 15:14:47.771   472   472 D libEGL  : loaded /vendor/lib64/egl/libGLESv2_adreno.so
01-10 15:14:47.869   418   418 I zygote  : Explicit concurrent copying GC freed 186(8KB) AllocSpace objects, 0(0B) LOS objects, 99% free, 23KB/6MB, paused 39us total 9.898ms
01-10 15:14:47.877   418   418 I zygote  : Explicit concurrent copying GC freed 9(32KB) AllocSpace objects, 0(0B) LOS objects, 99% free, 22KB/6MB, paused 30us total 6.695ms
01-10 15:14:47.889   418   418 D Zygote32Timing: PostZygoteInitGC took to complete: 31ms
01-10 15:14:47.889   418   418 D Zygote32Timing: ZygoteInit took to complete: 34ms
