01-02 19:00:10.761  1483  1483 I PackageManager.DexOptimizer: Running dexopt (dexoptNeeded=1) on: /system/app/CompanionDeviceManager/CompanionDeviceManager.apk pkg=com.android.companiondevicemanager isa=arm64 dexoptFlags=boot_complete,public target-filter=quicken oatDir=null sharedLibraries=null
01-02 19:00:10.763  1719  1719 W dex2oat : type=1400 audit(0.0:418): avc: granted { getattr } for path="/vendor" dev="rootfs" ino=8787 scontext=u:r:dex2oat:s0 tcontext=u:object_r:rootfs:s0 tclass=lnk_file
01-02 19:00:10.802  1719  1719 I dex2oat : /system/bin/dex2oat --input-vdex-fd=-1 --output-vdex-fd=9 --compiler-filter=quicken -j2 --classpath-dir=/system/app/CompanionDeviceManager
01-02 19:00:10.860  1719  1719 I dex2oat : dex2oat took 58.653ms (58.201ms cpu) (threads: 2) arena alloc=3KB (3424B) java alloc=54KB (55912B) native alloc=1208KB (1237232B) free=1351KB (1384208B)
01-02 19:00:10.867  1483  1483 I PackageManager.DexOptimizer: Running dexopt (dexoptNeeded=1) on: /system/priv-app/DownloadProvider/DownloadProvider.apk pkg=com.android.providers.downloads isa=arm64 dexoptFlags=boot_complete,public target-filter=quicken oatDir=null sharedLibraries=null
01-02 19:00:10.906  1722  1722 I dex2oat : /system/bin/dex2oat --input-vdex-fd=-1 --output-vdex-fd=9 --compiler-filter=quicken -j2 --classpath-dir=/system/priv-app/DownloadProvider
01-02 19:00:11.102  1722  1722 I dex2oat : dex2oat took 196.513ms (279.254ms cpu) (threads: 2) arena alloc=2536B (2536B) java alloc=390KB (400136B) native alloc=1341KB (1373312B) free=1730KB (1772416B)
01-02 19:00:11.112  1483  1483 I PackageManager.DexOptimizer: Running dexopt (dexoptNeeded=1) on: /system/app/messaging/messaging.apk pkg=com.android.messaging isa=arm64 dexoptFlags=boot_complete,public target-filter=quicken oatDir=null sharedLibraries=null
01-02 19:00:11.154  1725  1725 I dex2oat : /system/bin/dex2oat --input-vdex-fd=-1 --output-vdex-fd=9 --compiler-filter=quicken -j2 --classpath-dir=/system/app/messaging
01-02 19:00:12.220   506   607 E ThermalEngine: [BMHB_GOV] read failed VS_TEMP
01-02 19:00:12.885  1725  1725 I dex2oat : dex2oat took 1.732s (2.712s cpu) (threads: 2) arena alloc=3KB (4080B) java alloc=5MB (6001160B) native alloc=6MB (7322336B) free=2MB (2901280B)
01-02 19:00:12.900  1483  1483 I PackageManager.DexOptimizer: Running dexopt (dexoptNeeded=1) on: /system/app/Terminal/Terminal.apk pkg=com.android.terminal isa=arm64 dexoptFlags=boot_complete,public target-filter=quicken oatDir=null sharedLibraries=null
01-02 19:00:12.903  1728  1728 W dex2oat : type=1400 audit(0.0:421): avc: granted { getattr } for path="/vendor" dev="rootfs" ino=8787 scontext=u:r:dex2oat:s0 tcontext=u:object_r:rootfs:s0 tclass=lnk_file
01-02 19:00:12.939  1728  1728 I dex2oat : /system/bin/dex2oat --input-vdex-fd=-1 --output-vdex-fd=9 --compiler-filter=quicken -j2 --classpath-dir=/system/app/Terminal
01-02 19:00:13.445  1728  1728 I dex2oat : dex2oat took 507.130ms (777.194ms cpu) (threads: 2) arena alloc=4KB (4696B) java alloc=1245KB (1275424B) native alloc=2MB (2618584B) free=2MB (2100008B)
01-02 19:00:13.456  1483  1483 I PackageManager.DexOptimizer: Running dexopt (dexoptNeeded=1) on: /system/app/Bolt/Bolt.apk pkg=org.aoscp.bolt isa=arm64 dexoptFlags=boot_complete,public target-filter=quicken oatDir=null sharedLibraries=null
01-02 19:00:13.493  1731  1731 I dex2oat : /system/bin/dex2oat --input-vdex-fd=-1 --output-vdex-fd=9 --compiler-filter=quicken -j2 --classpath-dir=/system/app/Bolt
01-02 19:00:13.800  1734  1734 E ANDR-PERF-MPCTL: Unable to create control service (stage=1, rc=0)
01-02 19:00:13.800  1734  1734 W libc    : invalid pthread_t (0) passed to libc
01-02 19:00:14.159  1731  1731 I dex2oat : dex2oat took 666.234ms (1.021s cpu) (threads: 2) arena alloc=5KB (5624B) java alloc=2MB (2437536B) native alloc=2MB (2651408B) free=1506KB (1542896B)
01-02 19:00:14.169  1483  1483 I PackageManager.DexOptimizer: Running dexopt (dexoptNeeded=1) on: /system/app/DownloadProviderUi/DownloadProviderUi.apk pkg=com.android.providers.downloads.ui isa=arm64 dexoptFlags=boot_complete,public target-filter=quicken oatDir=null sharedLibraries=null
01-02 19:00:14.171  1735  1735 W dex2oat : type=1400 audit(0.0:423): avc: granted { getattr } for path="/vendor" dev="rootfs" ino=8787 scontext=u:r:dex2oat:s0 tcontext=u:object_r:rootfs:s0 tclass=lnk_file
01-02 19:00:14.212  1735  1735 I dex2oat : /system/bin/dex2oat --input-vdex-fd=-1 --output-vdex-fd=9 --compiler-filter=quicken -j2 --classpath-dir=/system/app/DownloadProviderUi
01-02 19:00:14.258  1735  1735 I dex2oat : dex2oat took 47.122ms (49.846ms cpu) (threads: 2) arena alloc=10KB (10568B) java alloc=48KB (50112B) native alloc=1184KB (1212768B) free=1375KB (1408672B)
01-02 19:00:14.265  1483  1483 I PackageManager.DexOptimizer: Running dexopt (dexoptNeeded=1) on: /system/app/PacProcessor/PacProcessor.apk pkg=com.android.pacprocessor isa=arm64 dexoptFlags=boot_complete,public target-filter=quicken oatDir=null sharedLibraries=null
01-02 19:00:14.267  1738  1738 W dex2oat : type=1400 audit(0.0:424): avc: granted { getattr } for path="/vendor" dev="rootfs" ino=8787 scontext=u:r:dex2oat:s0 tcontext=u:object_r:rootfs:s0 tclass=lnk_file
01-02 19:00:14.307  1738  1738 I dex2oat : /system/bin/dex2oat --input-vdex-fd=-1 --output-vdex-fd=9 --compiler-filter=quicken -j2 --classpath-dir=/system/app/PacProcessor
01-02 19:00:14.350  1738  1738 I dex2oat : dex2oat took 44.246ms (43.628ms cpu) (threads: 2) arena alloc=3024B (3024B) java alloc=35KB (36304B) native alloc=1191KB (1219896B) free=1880KB (1925832B)
01-02 19:00:14.357  1483  1483 I PackageManager.DexOptimizer: Running dexopt (dexoptNeeded=1) on: /system/app/CertInstaller/CertInstaller.apk pkg=com.android.certinstaller isa=arm64 dexoptFlags=boot_complete,public target-filter=quicken oatDir=null sharedLibraries=null
01-02 19:00:14.359  1741  1741 W dex2oat : type=1400 audit(0.0:425): avc: granted { getattr } for path="/vendor" dev="rootfs" ino=8787 scontext=u:r:dex2oat:s0 tcontext=u:object_r:rootfs:s0 tclass=lnk_file
01-02 19:00:14.397  1741  1741 I dex2oat : /system/bin/dex2oat --input-vdex-fd=-1 --output-vdex-fd=9 --compiler-filter=quicken -j2 --classpath-dir=/system/app/CertInstaller
01-02 19:00:14.455  1741  1741 I dex2oat : dex2oat took 59.020ms (68.827ms cpu) (threads: 2) arena alloc=3KB (3560B) java alloc=134KB (138176B) native alloc=1351KB (1383704B) free=1208KB (1237736B)
01-02 19:00:14.462  1483  1483 I PackageManager.DexOptimizer: Running dexopt (dexoptNeeded=1) on: /system/priv-app/CarrierConfig/CarrierConfig.apk pkg=com.android.carrierconfig isa=arm64 dexoptFlags=boot_complete,public target-filter=quicken oatDir=null sharedLibraries=null
01-02 19:00:14.463  1744  1744 W dex2oat : type=1400 audit(0.0:426): avc: granted { getattr } for path="/vendor" dev="rootfs" ino=8787 scontext=u:r:dex2oat:s0 tcontext=u:object_r:rootfs:s0 tclass=lnk_file
01-02 19:00:14.501  1744  1744 I dex2oat : /system/bin/dex2oat --input-vdex-fd=-1 --output-vdex-fd=9 --compiler-filter=quicken -j2 --classpath-dir=/system/priv-app/CarrierConfig
01-02 19:00:14.546  1744  1744 I dex2oat : dex2oat took 45.298ms (43.346ms cpu) (threads: 2) arena alloc=5KB (6088B) java alloc=22KB (23056B) native alloc=1163KB (1191456B) free=1396KB (1429984B)
01-02 19:00:14.552  1483  1483 I PackageManager.DexOptimizer: Running dexopt (dexoptNeeded=1) on: /system/app/MusicX/MusicX.apk pkg=co.aoscp.musicx isa=arm64 dexoptFlags=boot_complete,public target-filter=quicken oatDir=null sharedLibraries=null
01-02 19:00:14.555  1747  1747 W dex2oat : type=1400 audit(0.0:427): avc: granted { getattr } for path="/vendor" dev="rootfs" ino=8787 scontext=u:r:dex2oat:s0 tcontext=u:object_r:rootfs:s0 tclass=lnk_file
01-02 19:00:14.592  1747  1747 I dex2oat : /system/bin/dex2oat --input-vdex-fd=-1 --output-vdex-fd=9 --compiler-filter=quicken -j2 --classpath-dir=/system/app/MusicX
01-02 19:00:15.678  1747  1749 W dex2oat : Class com.bumptech.glide.Glide failed lock verification and will run slower.
01-02 19:00:15.678  1747  1749 W dex2oat : Common causes for lock verification issues are non-optimized dex code
01-02 19:00:15.678  1747  1749 W dex2oat : and incorrect proguard optimizations.
01-02 19:00:15.689  1747  1749 W dex2oat : Class com.bumptech.glide.integration.okhttp3.OkHttpUrlLoader$Factory failed lock verification and will run slower.
01-02 19:00:15.864  1747  1747 W dex2oat : Class okio.SegmentPool failed lock verification and will run slower.
01-02 19:00:16.367  1747  1747 I dex2oat : dex2oat took 1.776s (2.765s cpu) (threads: 2) arena alloc=984B (984B) java alloc=4MB (5211072B) native alloc=6MB (6665736B) free=2MB (2771448B)
01-02 19:00:16.384  1483  1483 I PackageManager.DexOptimizer: Running dexopt (dexoptNeeded=1) on: /system/priv-app/Contacts/Contacts.apk pkg=com.android.contacts isa=arm64 dexoptFlags=boot_complete,public target-filter=quicken oatDir=null sharedLibraries=null
01-02 19:00:16.423  1750  1750 I dex2oat : /system/bin/dex2oat --input-vdex-fd=-1 --output-vdex-fd=9 --compiler-filter=quicken -j2 --classpath-dir=/system/priv-app/Contacts
01-02 19:00:17.220   506   607 E ThermalEngine: [BMHB_GOV] read failed VS_TEMP
01-02 19:00:18.115  1750  1750 I dex2oat : dex2oat took 1.692s (2.626s cpu) (threads: 2) arena alloc=4KB (5104B) java alloc=5MB (5703232B) native alloc=6MB (6670936B) free=2MB (2766248B)
01-02 19:00:18.131  1483  1483 I PackageManager.DexOptimizer: Running dexopt (dexoptNeeded=1) on: /system/app/Camera2/Camera2.apk pkg=com.android.camera2 isa=arm64 dexoptFlags=boot_complete,public target-filter=quicken oatDir=null sharedLibraries=null
01-02 19:00:18.176  1753  1753 I dex2oat : /system/bin/dex2oat --input-vdex-fd=-1 --output-vdex-fd=9 --compiler-filter=quicken -j2 --classpath-dir=/system/app/Camera2
01-02 19:00:18.801  1756  1756 E ANDR-PERF-MPCTL: Unable to create control service (stage=1, rc=0)
01-02 19:00:18.801  1756  1756 W libc    : invalid pthread_t (0) passed to libc
01-02 19:00:19.076  1753  1753 I dex2oat : dex2oat took 901.211ms (1.344s cpu) (threads: 2) arena alloc=2360B (2360B) java alloc=2MB (2294360B) native alloc=3MB (3944016B) free=2MB (2347440B)
01-02 19:00:19.089  1483  1483 I PackageManager.DexOptimizer: Running dexopt (dexoptNeeded=1) on: /system/priv-app/Recorder/Recorder.apk pkg=org.lineageos.recorder isa=arm64 dexoptFlags=boot_complete,public target-filter=quicken oatDir=null sharedLibraries=null
01-02 19:00:19.091  1757  1757 W dex2oat : type=1400 audit(0.0:430): avc: granted { getattr } for path="/vendor" dev="rootfs" ino=8787 scontext=u:r:dex2oat:s0 tcontext=u:object_r:rootfs:s0 tclass=lnk_file
01-02 19:00:19.131  1757  1757 I dex2oat : /system/bin/dex2oat --input-vdex-fd=-1 --output-vdex-fd=9 --compiler-filter=quicken -j2 --classpath-dir=/system/priv-app/Recorder
01-02 19:00:19.783  1757  1757 I dex2oat : dex2oat took 652.095ms (979.212ms cpu) (threads: 2) arena alloc=3KB (3752B) java alloc=2MB (2363232B) native alloc=2MB (2546088B) free=2MB (2172504B)
01-02 19:00:19.795  1483  1483 I PackageManager.DexOptimizer: Running dexopt (dexoptNeeded=1) on: /system/app/EasterEgg/EasterEgg.apk pkg=com.android.egg isa=arm64 dexoptFlags=boot_complete,public target-filter=quicken oatDir=null sharedLibraries=null
01-02 19:00:19.838  1760  1760 I dex2oat : /system/bin/dex2oat --input-vdex-fd=-1 --output-vdex-fd=9 --compiler-filter=quicken -j2 --classpath-dir=/system/app/EasterEgg
01-02 19:00:20.049  1760  1760 I dex2oat : dex2oat took 212.457ms (294.470ms cpu) (threads: 2) arena alloc=1696B (1696B) java alloc=338KB (346280B) native alloc=1198KB (1227344B) free=2MB (2442672B)
01-02 19:00:20.057  1483  1483 I PackageManager.DexOptimizer: Running dexopt (dexoptNeeded=1) on: /system/priv-app/MtpDocumentsProvider/MtpDocumentsProvider.apk pkg=com.android.mtp isa=arm64 dexoptFlags=boot_complete,public target-filter=quicken oatDir=null sharedLibraries=null
01-02 19:00:20.059  1763  1763 W dex2oat : type=1400 audit(0.0:432): avc: granted { getattr } for path="/vendor" dev="rootfs" ino=8787 scontext=u:r:dex2oat:s0 tcontext=u:object_r:rootfs:s0 tclass=lnk_file
01-02 19:00:20.098  1763  1763 I dex2oat : /system/bin/dex2oat --input-vdex-fd=-1 --output-vdex-fd=9 --compiler-filter=quicken -j2 --classpath-dir=/system/priv-app/MtpDocumentsProvider
01-02 19:00:20.165  1763  1763 I dex2oat : dex2oat took 67.454ms (82.310ms cpu) (threads: 2) arena alloc=6KB (6632B) java alloc=56KB (58224B) native alloc=1361KB (1394656B) free=1710KB (1751072B)
01-02 19:00:20.173  1483  1483 I PackageManager.DexOptimizer: Running dexopt (dexoptNeeded=1) on: /system/app/NfcNci/NfcNci.apk pkg=com.android.nfc isa=arm64 dexoptFlags=boot_complete,public target-filter=quicken oatDir=null sharedLibraries=null
01-02 19:00:20.175  1766  1766 W dex2oat : type=1400 audit(0.0:433): avc: granted { getattr } for path="/vendor" dev="rootfs" ino=8787 scontext=u:r:dex2oat:s0 tcontext=u:object_r:rootfs:s0 tclass=lnk_file
01-02 19:00:20.214  1766  1766 I dex2oat : /system/bin/dex2oat --input-vdex-fd=-1 --output-vdex-fd=9 --compiler-filter=quicken -j2 --classpath-dir=/system/app/NfcNci
01-02 19:00:20.861  1766  1766 I dex2oat : dex2oat took 647.923ms (980.168ms cpu) (threads: 2) arena alloc=4KB (4312B) java alloc=1462KB (1497544B) native alloc=2MB (2973248B) free=2MB (2269632B)
01-02 19:00:20.872  1483  1483 I PackageManager.DexOptimizer: Running dexopt (dexoptNeeded=1) on: /system/app/Stk/Stk.apk pkg=com.android.stk isa=arm64 dexoptFlags=boot_complete,public target-filter=quicken oatDir=null sharedLibraries=null
01-02 19:00:20.875  1769  1769 W dex2oat : type=1400 audit(0.0:434): avc: granted { getattr } for path="/vendor" dev="rootfs" ino=8787 scontext=u:r:dex2oat:s0 tcontext=u:object_r:rootfs:s0 tclass=lnk_file
01-02 19:00:20.916  1769  1769 I dex2oat : /system/bin/dex2oat --input-vdex-fd=-1 --output-vdex-fd=9 --compiler-filter=quicken -j2 --classpath-dir=/system/app/Stk
01-02 19:00:20.995  1769  1769 I dex2oat : dex2oat took 81.360ms (97.782ms cpu) (threads: 2) arena alloc=5KB (5736B) java alloc=156KB (160120B) native alloc=1398KB (1432480B) free=1673KB (1713248B)
01-02 19:00:21.004  1483  1483 I PackageManager.DexOptimizer: Running dexopt (dexoptNeeded=1) on: /system/priv-app/BackupRestoreConfirmation/BackupRestoreConfirmation.apk pkg=com.android.backupconfirm isa=arm64 dexoptFlags=boot_complete,public target-filter=quicken oatDir=null sharedLibraries=null
01-02 19:00:21.007  1772  1772 W dex2oat : type=1400 audit(0.0:435): avc: granted { getattr } for path="/vendor" dev="rootfs" ino=8787 scontext=u:r:dex2oat:s0 tcontext=u:object_r:rootfs:s0 tclass=lnk_file
01-02 19:00:21.044  1772  1772 I dex2oat : /system/bin/dex2oat --input-vdex-fd=-1 --output-vdex-fd=9 --compiler-filter=quicken -j2 --classpath-dir=/system/priv-app/BackupRestoreConfirmation
01-02 19:00:21.098  1772  1772 I dex2oat : dex2oat took 54.221ms (51.604ms cpu) (threads: 2) arena alloc=6KB (6496B) java alloc=32KB (33624B) native alloc=1188KB (1217496B) free=1371KB (1403944B)
01-02 19:00:21.105  1483  1483 I PackageManager.DexOptimizer: Running dexopt (dexoptNeeded=1) on: /system/priv-app/Provision/Provision.apk pkg=com.android.provision isa=arm64 dexoptFlags=boot_complete,public target-filter=quicken oatDir=null sharedLibraries=null
01-02 19:00:21.107  1775  1775 W dex2oat : type=1400 audit(0.0:436): avc: granted { getattr } for path="/vendor" dev="rootfs" ino=8787 scontext=u:r:dex2oat:s0 tcontext=u:object_r:rootfs:s0 tclass=lnk_file
01-02 19:00:21.145  1775  1775 I dex2oat : /system/bin/dex2oat --input-vdex-fd=-1 --output-vdex-fd=9 --compiler-filter=quicken -j2 --classpath-dir=/system/priv-app/Provision
01-02 19:00:21.190  1775  1775 I dex2oat : dex2oat took 45.601ms (43.840ms cpu) (threads: 2) arena alloc=2200B (2200B) java alloc=16KB (17032B) native alloc=1061KB (1087456B) free=1498KB (1533984B)
01-02 19:00:21.196  1483  1483 I PackageManager.DexOptimizer: Running dexopt (dexoptNeeded=1) on: /system/priv-app/StatementService/StatementService.apk pkg=com.android.statementservice isa=arm64 dexoptFlags=boot_complete,public target-filter=quicken oatDir=null sharedLibraries=null
01-02 19:00:21.235  1778  1778 I dex2oat : /system/bin/dex2oat --input-vdex-fd=-1 --output-vdex-fd=9 --compiler-filter=quicken -j2 --classpath-dir=/system/priv-app/StatementService
01-02 19:00:21.296  1778  1778 I dex2oat : dex2oat took 61.893ms (72.924ms cpu) (threads: 2) arena alloc=2696B (2696B) java alloc=52KB (53704B) native alloc=1454KB (1488912B) free=1105KB (1132528B)
01-02 19:00:21.304  1483  1483 I PackageManager.DexOptimizer: Running dexopt (dexoptNeeded=1) on: /system/app/Calendar/Calendar.apk pkg=com.android.calendar isa=arm64 dexoptFlags=boot_complete,public target-filter=quicken oatDir=null sharedLibraries=null
01-02 19:00:21.346  1781  1781 I dex2oat : /system/bin/dex2oat --input-vdex-fd=-1 --output-vdex-fd=9 --compiler-filter=quicken -j2 --classpath-dir=/system/app/Calendar
01-02 19:00:21.877  1781  1781 I dex2oat : dex2oat took 532.373ms (826.202ms cpu) (threads: 2) arena alloc=6KB (7088B) java alloc=2MB (2123832B) native alloc=2MB (2345344B) free=1805KB (1848960B)
01-02 19:00:21.889  1483  1483 I PackageManager.DexOptimizer: Running dexopt (dexoptNeeded=1) on: /system/priv-app/SharedStorageBackup/SharedStorageBackup.apk pkg=com.android.sharedstoragebackup isa=arm64 dexoptFlags=boot_complete,public target-filter=quicken oatDir=null sharedLibraries=null
01-02 19:00:21.891  1784  1784 W dex2oat : type=1400 audit(0.0:439): avc: granted { getattr } for path="/vendor" dev="rootfs" ino=8787 scontext=u:r:dex2oat:s0 tcontext=u:object_r:rootfs:s0 tclass=lnk_file
01-02 19:00:21.931  1784  1784 I dex2oat : /system/bin/dex2oat --input-vdex-fd=-1 --output-vdex-fd=9 --compiler-filter=quicken -j2 --classpath-dir=/system/priv-app/SharedStorageBackup
01-02 19:00:21.980  1784  1784 I dex2oat : dex2oat took 49.966ms (47.562ms cpu) (threads: 2) arena alloc=14KB (14424B) java alloc=38KB (39376B) native alloc=1184KB (1213304B) free=1375KB (1408136B)
01-02 19:00:21.987  1483  1483 I PackageManager.DexOptimizer: Running dexopt (dexoptNeeded=1) on: /system/app/PrintSpooler/PrintSpooler.apk pkg=com.android.printspooler isa=arm64 dexoptFlags=boot_complete,public target-filter=quicken oatDir=null sharedLibraries=null
01-02 19:00:22.028  1787  1787 I dex2oat : /system/bin/dex2oat --input-vdex-fd=-1 --output-vdex-fd=9 --compiler-filter=quicken -j2 --classpath-dir=/system/app/PrintSpooler
01-02 19:00:22.221   506   607 E ThermalEngine: [BMHB_GOV] read failed VS_TEMP
01-02 19:00:22.308  1787  1787 I dex2oat : dex2oat took 281.481ms (416.387ms cpu) (threads: 2) arena alloc=2352B (2352B) java alloc=585KB (599888B) native alloc=1484KB (1520240B) free=2MB (2674064B)
01-02 19:00:22.316  1483  1483 I PackageManager.DexOptimizer: Running dexopt (dexoptNeeded=1) on: /system/app/BasicDreams/BasicDreams.apk pkg=com.android.dreams.basic isa=arm64 dexoptFlags=boot_complete,public target-filter=quicken oatDir=null sharedLibraries=null
01-02 19:00:22.355  1790  1790 I dex2oat : /system/bin/dex2oat --input-vdex-fd=-1 --output-vdex-fd=9 --compiler-filter=quicken -j2 --classpath-dir=/system/app/BasicDreams
01-02 19:00:22.401  1790  1790 I dex2oat : dex2oat took 47.323ms (47.999ms cpu) (threads: 2) arena alloc=5KB (6056B) java alloc=38KB (39120B) native alloc=1229KB (1259280B) free=1330KB (1362160B)
01-02 19:00:22.409  1483  1483 I PackageManager.DexOptimizer: Running dexopt (dexoptNeeded=1) on: /system/app/webview/webview.apk pkg=com.android.webview isa=arm dexoptFlags=boot_complete,public target-filter=quicken oatDir=null sharedLibraries=null
01-02 19:00:22.411  1793  1793 W dex2oat : type=1400 audit(0.0:442): avc: granted { getattr } for path="/vendor" dev="rootfs" ino=8787 scontext=u:r:dex2oat:s0 tcontext=u:object_r:rootfs:s0 tclass=lnk_file
01-02 19:00:22.448  1793  1793 I dex2oat : /system/bin/dex2oat --input-vdex-fd=-1 --output-vdex-fd=9 --compiler-filter=quicken -j2 --classpath-dir=/system/app/webview
01-02 19:00:23.056  1793  1793 I dex2oat : dex2oat took 609.140ms (948.912ms cpu) (threads: 2) arena alloc=6KB (6984B) java alloc=1349KB (1381856B) native alloc=2MB (2597400B) free=2MB (2121192B)
01-02 19:00:23.067  1483  1483 I PackageManager.DexOptimizer: Running dexopt (dexoptNeeded=1) on: /system/app/webview/webview.apk pkg=com.android.webview isa=arm64 dexoptFlags=boot_complete,public target-filter=quicken oatDir=null sharedLibraries=null
01-02 19:00:23.105  1796  1796 I dex2oat : /system/bin/dex2oat --input-vdex-fd=-1 --output-vdex-fd=9 --compiler-filter=quicken -j2 --classpath-dir=/system/app/webview
01-02 19:00:23.724  1796  1796 I dex2oat : dex2oat took 619.893ms (982.208ms cpu) (threads: 2) arena alloc=6KB (6984B) java alloc=2MB (2281584B) native alloc=2MB (3013504B) free=2MB (2229376B)
01-02 19:00:23.736  1483  1483 I PackageManager.DexOptimizer: Running dexopt (dexoptNeeded=1) on: /system/app/BuiltInPrintService/BuiltInPrintService.apk pkg=com.android.bips isa=arm64 dexoptFlags=boot_complete,public target-filter=quicken oatDir=null sharedLibraries=null
01-02 19:00:23.776  1799  1799 I dex2oat : /system/bin/dex2oat --input-vdex-fd=-1 --output-vdex-fd=9 --compiler-filter=quicken -j2 --classpath-dir=/system/app/BuiltInPrintService
01-02 19:00:23.801  1801  1801 E ANDR-PERF-MPCTL: Unable to create control service (stage=1, rc=0)
01-02 19:00:23.801  1801  1801 W libc    : invalid pthread_t (0) passed to libc
01-02 19:00:23.854  1799  1799 I dex2oat : dex2oat took 79.292ms (99.717ms cpu) (threads: 2) arena alloc=2288B (2288B) java alloc=140KB (144344B) native alloc=1234KB (1264176B) free=1837KB (1881552B)
01-02 19:00:23.861  1483  1483 I PackageManager.DexOptimizer: Running dexopt (dexoptNeeded=1) on: /system/priv-app/CellBroadcastReceiver/CellBroadcastReceiver.apk pkg=com.android.cellbroadcastreceiver isa=arm64 dexoptFlags=boot_complete,public target-filter=quicken oatDir=null sharedLibraries=null
01-02 19:00:23.863  1803  1803 W dex2oat : type=1400 audit(0.0:445): avc: granted { getattr } for path="/vendor" dev="rootfs" ino=8787 scontext=u:r:dex2oat:s0 tcontext=u:object_r:rootfs:s0 tclass=lnk_file
01-02 19:00:23.901  1803  1803 I dex2oat : /system/bin/dex2oat --input-vdex-fd=-1 --output-vdex-fd=9 --compiler-filter=quicken -j2 --classpath-dir=/system/priv-app/CellBroadcastReceiver
01-02 19:00:23.972  1803  1803 I dex2oat : dex2oat took 71.835ms (91.289ms cpu) (threads: 2) arena alloc=20KB (21240B) java alloc=235KB (241408B) native alloc=1383KB (1416544B) free=1688KB (1729184B)
01-02 19:00:23.979  1483  1483 I PackageManager.DexOptimizer: Running dexopt (dexoptNeeded=1) on: /system/priv-app/OneTimeInitializer/OneTimeInitializer.apk pkg=com.android.onetimeinitializer isa=arm64 dexoptFlags=boot_complete,public target-filter=quicken oatDir=null sharedLibraries=null
01-02 19:00:24.021  1806  1806 I dex2oat : /system/bin/dex2oat --input-vdex-fd=-1 --output-vdex-fd=9 --compiler-filter=quicken -j2 --classpath-dir=/system/priv-app/OneTimeInitializer
01-02 19:00:24.076  1806  1806 I dex2oat : dex2oat took 56.014ms (60.232ms cpu) (threads: 2) arena alloc=12KB (13056B) java alloc=67KB (68928B) native alloc=1365KB (1398008B) free=1194KB (1223432B)
01-02 19:00:24.083  1483  1483 I PackageManager.DexOptimizer: Running dexopt (dexoptNeeded=1) on: /system/app/KeyChain/KeyChain.apk pkg=com.android.keychain isa=arm64 dexoptFlags=boot_complete,public target-filter=quicken oatDir=null sharedLibraries=null
01-02 19:00:24.122  1809  1809 I dex2oat : /system/bin/dex2oat --input-vdex-fd=-1 --output-vdex-fd=9 --compiler-filter=quicken -j2 --classpath-dir=/system/app/KeyChain
01-02 19:00:24.177  1809  1809 I dex2oat : dex2oat took 55.188ms (61.069ms cpu) (threads: 2) arena alloc=2928B (2928B) java alloc=54KB (55696B) native alloc=1339KB (1371672B) free=1732KB (1774056B)
01-02 19:00:24.183  1483  1483 I PackageManager.DexOptimizer: Running dexopt (dexoptNeeded=1) on: /system/app/PrintRecommendationService/PrintRecommendationService.apk pkg=com.android.printservice.recommendation isa=arm64 dexoptFlags=boot_complete,public target-filter=quicken oatDir=null sharedLibraries=null
01-02 19:00:24.222  1812  1812 I dex2oat : /system/bin/dex2oat --input-vdex-fd=-1 --output-vdex-fd=9 --compiler-filter=quicken -j2 --classpath-dir=/system/app/PrintRecommendationService
01-02 19:00:24.278  1812  1812 I dex2oat : dex2oat took 57.214ms (66.637ms cpu) (threads: 2) arena alloc=3KB (3720B) java alloc=57KB (58976B) native alloc=1393KB (1426792B) free=1166KB (1194648B)
01-02 19:00:24.285  1483  1483 I PackageManager.DexOptimizer: Running dexopt (dexoptNeeded=1) on: /system/priv-app/GalleryX/GalleryX.apk pkg=com.android.gallery3d isa=arm64 dexoptFlags=boot_complete,public target-filter=quicken oatDir=null sharedLibraries=null
01-02 19:00:24.287  1815  1815 W dex2oat : type=1400 audit(0.0:449): avc: granted { getattr } for path="/vendor" dev="rootfs" ino=8787 scontext=u:r:dex2oat:s0 tcontext=u:object_r:rootfs:s0 tclass=lnk_file
01-02 19:00:24.324  1815  1815 I dex2oat : /system/bin/dex2oat --input-vdex-fd=-1 --output-vdex-fd=9 --compiler-filter=quicken -j2 --classpath-dir=/system/priv-app/GalleryX
01-02 19:00:25.430  1815  1815 I dex2oat : dex2oat took 1.106s (1.734s cpu) (threads: 2) arena alloc=2288B (2288B) java alloc=3MB (3642864B) native alloc=4MB (4687368B) free=2MB (2652664B)
01-02 19:00:25.442  1483  1483 I PackageManager.DexOptimizer: Running dexopt (dexoptNeeded=1) on: /system/priv-app/CallLogBackup/CallLogBackup.apk pkg=com.android.calllogbackup isa=arm64 dexoptFlags=boot_complete,public target-filter=quicken oatDir=null sharedLibraries=null
01-02 19:00:25.443  1818  1818 W dex2oat : type=1400 audit(0.0:450): avc: granted { getattr } for path="/vendor" dev="rootfs" ino=8787 scontext=u:r:dex2oat:s0 tcontext=u:object_r:rootfs:s0 tclass=lnk_file
01-02 19:00:25.480  1818  1818 I dex2oat : /system/bin/dex2oat --input-vdex-fd=-1 --output-vdex-fd=9 --compiler-filter=quicken -j2 --classpath-dir=/system/priv-app/CallLogBackup
01-02 19:00:25.526  1818  1818 I dex2oat : dex2oat took 46.817ms (47.303ms cpu) (threads: 2) arena alloc=1960B (1960B) java alloc=35KB (36520B) native alloc=1208KB (1237992B) free=1351KB (1383448B)
01-02 19:00:25.532  1483  1483 I PackageManager.DexOptimizer: Running dexopt (dexoptNeeded=1) on: /system/app/CarrierDefaultApp/CarrierDefaultApp.apk pkg=com.android.carrierdefaultapp isa=arm64 dexoptFlags=boot_complete,public target-filter=quicken oatDir=null sharedLibraries=null
01-02 19:00:25.573  1821  1821 I dex2oat : /system/bin/dex2oat --input-vdex-fd=-1 --output-vdex-fd=9 --compiler-filter=quicken -j2 --classpath-dir=/system/app/CarrierDefaultApp
01-02 19:00:25.629  1821  1821 I dex2oat : dex2oat took 56.987ms (60.295ms cpu) (threads: 2) arena alloc=7KB (8024B) java alloc=100KB (102656B) native alloc=1327KB (1358992B) free=1232KB (1262448B)
01-02 19:00:25.636  1483  1483 I PackageManager.DexOptimizer: Running dexopt (dexoptNeeded=1) on: /system/priv-app/ManagedProvisioning/ManagedProvisioning.apk pkg=com.android.managedprovisioning isa=arm64 dexoptFlags=boot_complete,public target-filter=quicken oatDir=null sharedLibraries=null
01-02 19:00:25.639  1824  1824 W dex2oat : type=1400 audit(0.0:452): avc: granted { getattr } for path="/vendor" dev="rootfs" ino=8787 scontext=u:r:dex2oat:s0 tcontext=u:object_r:rootfs:s0 tclass=lnk_file
01-02 19:00:25.675  1824  1824 I dex2oat : /system/bin/dex2oat --input-vdex-fd=-1 --output-vdex-fd=9 --compiler-filter=quicken -j2 --classpath-dir=/system/priv-app/ManagedProvisioning
01-02 19:00:25.841  1824  1824 I dex2oat : dex2oat took 167.100ms (246.594ms cpu) (threads: 2) arena alloc=2432B (2432B) java alloc=682KB (698856B) native alloc=1185KB (1213760B) free=1886KB (1931968B)
01-02 19:00:25.849  1483  1483 I PackageManager.DexOptimizer: Running dexopt (dexoptNeeded=1) on: /system/app/PhotoTable/PhotoTable.apk pkg=com.android.dreams.phototable isa=arm64 dexoptFlags=boot_complete,public target-filter=quicken oatDir=null sharedLibraries=null
01-02 19:00:25.851  1827  1827 W dex2oat : type=1400 audit(0.0:453): avc: granted { getattr } for path="/vendor" dev="rootfs" ino=8787 scontext=u:r:dex2oat:s0 tcontext=u:object_r:rootfs:s0 tclass=lnk_file
01-02 19:00:25.888  1827  1827 I dex2oat : /system/bin/dex2oat --input-vdex-fd=-1 --output-vdex-fd=9 --compiler-filter=quicken -j2 --classpath-dir=/system/app/PhotoTable
01-02 19:00:25.964  1827  1827 I dex2oat : dex2oat took 76.464ms (95.412ms cpu) (threads: 2) arena alloc=3032B (3032B) java alloc=187KB (192168B) native alloc=1390KB (1423912B) free=1681KB (1721816B)
01-02 19:00:25.971  1483  1483 I PackageManager.DexOptimizer: Running dexopt (dexoptNeeded=1) on: /system/app/WAPPushManager/WAPPushManager.apk pkg=com.android.smspush isa=arm64 dexoptFlags=boot_complete,public target-filter=quicken oatDir=null sharedLibraries=null
01-02 19:00:26.010  1830  1830 I dex2oat : /system/bin/dex2oat --input-vdex-fd=-1 --output-vdex-fd=9 --compiler-filter=quicken -j2 --classpath-dir=/system/app/WAPPushManager
01-02 19:00:26.064  1830  1830 I dex2oat : dex2oat took 54.602ms (61.181ms cpu) (threads: 2) arena alloc=11KB (11616B) java alloc=70KB (72328B) native alloc=1354KB (1386888B) free=1717KB (1758840B)
01-02 19:00:26.071  1483  1483 I PackageManager.DexOptimizer: Running dexopt (dexoptNeeded=1) on: /system/app/LiveWallpapersPicker/LiveWallpapersPicker.apk pkg=com.android.wallpaper.livepicker isa=arm64 dexoptFlags=boot_complete,public target-filter=quicken oatDir=null sharedLibraries=null
01-02 19:00:26.112  1833  1833 I dex2oat : /system/bin/dex2oat --input-vdex-fd=-1 --output-vdex-fd=9 --compiler-filter=quicken -j2 --classpath-dir=/system/app/LiveWallpapersPicker
01-02 19:00:26.752   485   485 I MSM-irqbalance: Decided to move IRQ222 from CPU1 to CPU0
01-02 19:00:26.809  1833  1833 I dex2oat : dex2oat took 697.678ms (1.077s cpu) (threads: 2) arena alloc=1248B (1248B) java alloc=2MB (2772184B) native alloc=2MB (2686912B) free=1984KB (2031680B)
01-02 19:00:26.820  1483  1483 I PackageManager.DexOptimizer: Running dexopt (dexoptNeeded=1) on: /system/priv-app/Tag/Tag.apk pkg=com.android.apps.tag isa=arm64 dexoptFlags=boot_complete,public target-filter=quicken oatDir=null sharedLibraries=null
01-02 19:00:26.859  1836  1836 I dex2oat : /system/bin/dex2oat --input-vdex-fd=-1 --output-vdex-fd=9 --compiler-filter=quicken -j2 --classpath-dir=/system/priv-app/Tag
01-02 19:00:27.044  1836  1836 I dex2oat : dex2oat took 185.323ms (253.998ms cpu) (threads: 2) arena alloc=3KB (3208B) java alloc=392KB (401528B) native alloc=1333KB (1365848B) free=2MB (2304168B)
01-02 19:00:27.051  1483  1483 I PackageManager.DexOptimizer: Running dexopt (dexoptNeeded=1) on: /system/app/LatinImeDictionaryPack/LatinImeDictionaryPack.apk pkg=com.google.android.inputmethod.latin.dictionarypack isa=arm64 dexoptFlags=boot_complete,public target-filter=quicken oatDir=null sharedLibraries=null
01-02 19:00:27.092  1839  1839 I dex2oat : /system/bin/dex2oat --input-vdex-fd=-1 --output-vdex-fd=9 --compiler-filter=quicken -j2 --classpath-dir=/system/app/LatinImeDictionaryPack
01-02 19:00:27.182  1839  1839 I dex2oat : dex2oat took 91.010ms (115.076ms cpu) (threads: 2) arena alloc=15KB (15856B) java alloc=187KB (191504B) native alloc=1206KB (1235736B) free=1353KB (1385704B)
01-02 19:00:27.189  1483  1483 I PackageManager.DexOptimizer: Running dexopt (dexoptNeeded=1) on: /system/priv-app/StorageManager/StorageManager.apk pkg=com.android.storagemanager isa=arm64 dexoptFlags=boot_complete,public target-filter=quicken oatDir=null sharedLibraries=null
01-02 19:00:27.191  1842  1842 W dex2oat : type=1400 audit(0.0:458): avc: granted { getattr } for path="/vendor" dev="rootfs" ino=8787 scontext=u:r:dex2oat:s0 tcontext=u:object_r:rootfs:s0 tclass=lnk_file
01-02 19:00:27.221   506   607 E ThermalEngine: [BMHB_GOV] read failed VS_TEMP
01-02 19:00:27.231  1842  1842 I dex2oat : /system/bin/dex2oat --input-vdex-fd=-1 --output-vdex-fd=9 --compiler-filter=quicken -j2 --classpath-dir=/system/priv-app/StorageManager
01-02 19:00:27.943  1842  1842 I dex2oat : dex2oat took 712.756ms (1.108s cpu) (threads: 2) arena alloc=2872B (2872B) java alloc=2MB (2628392B) native alloc=2MB (2995672B) free=2MB (2247208B)
01-02 19:00:27.954  1483  1483 I PackageManager.DexOptimizer: Running dexopt (dexoptNeeded=1) on: /system/app/BookmarkProvider/BookmarkProvider.apk pkg=com.android.bookmarkprovider isa=arm64 dexoptFlags=boot_complete,public target-filter=quicken oatDir=null sharedLibraries=null
01-02 19:00:27.955  1845  1845 W dex2oat : type=1400 audit(0.0:459): avc: granted { getattr } for path="/vendor" dev="rootfs" ino=8787 scontext=u:r:dex2oat:s0 tcontext=u:object_r:rootfs:s0 tclass=lnk_file
01-02 19:00:27.996  1845  1845 I dex2oat : /system/bin/dex2oat --input-vdex-fd=-1 --output-vdex-fd=9 --compiler-filter=quicken -j2 --classpath-dir=/system/app/BookmarkProvider
01-02 19:00:28.039  1845  1845 I dex2oat : dex2oat took 44.068ms (41.069ms cpu) (threads: 2) arena alloc=864B (864B) java alloc=17KB (17512B) native alloc=1184KB (1212672B) free=1375KB (1408768B)
01-02 19:00:28.046  1483  1483 I PackageManager.DexOptimizer: Running dexopt (dexoptNeeded=1) on: /system/app/ExactCalculator/ExactCalculator.apk pkg=com.android.calculator2 isa=arm64 dexoptFlags=boot_complete,public target-filter=quicken oatDir=null sharedLibraries=null
01-02 19:00:28.047  1848  1848 W dex2oat : type=1400 audit(0.0:460): avc: granted { getattr } for path="/vendor" dev="rootfs" ino=8787 scontext=u:r:dex2oat:s0 tcontext=u:object_r:rootfs:s0 tclass=lnk_file
01-02 19:00:28.085  1848  1848 I dex2oat : /system/bin/dex2oat --input-vdex-fd=-1 --output-vdex-fd=9 --compiler-filter=quicken -j2 --classpath-dir=/system/app/ExactCalculator
01-02 19:00:28.374  1848  1848 I dex2oat : dex2oat took 290.197ms (448.659ms cpu) (threads: 2) arena alloc=6KB (6536B) java alloc=716KB (733208B) native alloc=1531KB (1567984B) free=2MB (2102032B)
01-02 19:00:28.383  1483  1483 I PackageManager.DexOptimizer: Running dexopt (dexoptNeeded=1) on: /system/priv-app/com.qualcomm.location/com.qualcomm.location.apk pkg=com.qualcomm.location isa=arm64 dexoptFlags=boot_complete,public target-filter=quicken oatDir=null sharedLibraries=/system/framework/izat.xt.srv.jar:/system/framework/com.android.location.provider.jar
01-02 19:00:28.424  1851  1851 I dex2oat : /system/bin/dex2oat --input-vdex-fd=-1 --output-vdex-fd=9 --compiler-filter=quicken -j2 --classpath-dir=/system/priv-app/com.qualcomm.location
01-02 19:00:28.802  1854  1854 E ANDR-PERF-MPCTL: Unable to create control service (stage=1, rc=0)
01-02 19:00:28.803  1854  1854 W libc    : invalid pthread_t (0) passed to libc
01-02 19:00:29.002  1851  1851 I dex2oat : dex2oat took 578.958ms (871.282ms cpu) (threads: 2) arena alloc=2432B (2432B) java alloc=1429KB (1464056B) native alloc=3MB (3291432B) free=1905KB (1951448B)
01-02 19:00:29.012  1483  1483 I PackageManager.DexOptimizer: Running dexopt (dexoptNeeded=1) on: /system/priv-app/VpnDialogs/VpnDialogs.apk pkg=com.android.vpndialogs isa=arm64 dexoptFlags=boot_complete,public target-filter=quicken oatDir=null sharedLibraries=null
01-02 19:00:29.015  1855  1855 W dex2oat : type=1400 audit(0.0:462): avc: granted { getattr } for path="/vendor" dev="rootfs" ino=8787 scontext=u:r:dex2oat:s0 tcontext=u:object_r:rootfs:s0 tclass=lnk_file
01-02 19:00:29.052  1855  1855 I dex2oat : /system/bin/dex2oat --input-vdex-fd=-1 --output-vdex-fd=9 --compiler-filter=quicken -j2 --classpath-dir=/system/priv-app/VpnDialogs
01-02 19:00:29.099  1855  1855 I dex2oat : dex2oat took 48.005ms (51.100ms cpu) (threads: 2) arena alloc=7KB (7744B) java alloc=49KB (51064B) native alloc=1181KB (1210336B) free=1378KB (1411104B)
01-02 19:00:29.106  1483  1483 I PackageManager.DexOptimizer: Running dexopt (dexoptNeeded=1) on: /system/app/Email/Email.apk pkg=com.android.email isa=arm64 dexoptFlags=boot_complete,public target-filter=quicken oatDir=null sharedLibraries=null
01-02 19:00:29.107  1858  1858 W dex2oat : type=1400 audit(0.0:463): avc: granted { getattr } for path="/vendor" dev="rootfs" ino=8787 scontext=u:r:dex2oat:s0 tcontext=u:object_r:rootfs:s0 tclass=lnk_file
01-02 19:00:29.145  1858  1858 I dex2oat : /system/bin/dex2oat --input-vdex-fd=-1 --output-vdex-fd=9 --compiler-filter=quicken -j2 --classpath-dir=/system/app/Email
01-02 19:00:30.738  1858  1858 I dex2oat : dex2oat took 1.594s (2.527s cpu) (threads: 2) arena alloc=573KB (587576B) java alloc=5MB (5777680B) native alloc=5MB (6004080B) free=2MB (2908816B)
01-02 19:00:30.752  1483  1483 I PackageManager.DexOptimizer: Running dexopt (dexoptNeeded=1) on: /system/app/WallpaperBackup/WallpaperBackup.apk pkg=com.android.wallpaperbackup isa=arm64 dexoptFlags=boot_complete,public target-filter=quicken oatDir=null sharedLibraries=null
01-02 19:00:30.755  1861  1861 W dex2oat : type=1400 audit(0.0:464): avc: granted { getattr } for path="/vendor" dev="rootfs" ino=8787 scontext=u:r:dex2oat:s0 tcontext=u:object_r:rootfs:s0 tclass=lnk_file
01-02 19:00:30.793  1861  1861 I dex2oat : /system/bin/dex2oat --input-vdex-fd=-1 --output-vdex-fd=9 --compiler-filter=quicken -j2 --classpath-dir=/system/app/WallpaperBackup
01-02 19:00:30.839  1861  1861 I dex2oat : dex2oat took 46.884ms (45.379ms cpu) (threads: 2) arena alloc=7KB (7960B) java alloc=19KB (19520B) native alloc=1008KB (1032224B) free=1551KB (1589216B)
01-02 19:00:30.845  1483  1483 I PackageManager.DexOptimizer: Running dexopt (dexoptNeeded=1) on: /system/priv-app/BlockedNumberProvider/BlockedNumberProvider.apk pkg=com.android.providers.blockednumber isa=arm64 dexoptFlags=boot_complete,public target-filter=quicken oatDir=null sharedLibraries=null
01-02 19:00:30.847  1864  1864 W dex2oat : type=1400 audit(0.0:465): avc: granted { getattr } for path="/vendor" dev="rootfs" ino=8787 scontext=u:r:dex2oat:s0 tcontext=u:object_r:rootfs:s0 tclass=lnk_file
01-02 19:00:30.887  1864  1864 I dex2oat : /system/bin/dex2oat --input-vdex-fd=-1 --output-vdex-fd=9 --compiler-filter=quicken -j2 --classpath-dir=/system/priv-app/BlockedNumberProvider
01-02 19:00:31.058  1864  1864 I dex2oat : dex2oat took 171.843ms (234.752ms cpu) (threads: 2) arena alloc=3KB (3208B) java alloc=414KB (424760B) native alloc=1383KB (1417136B) free=2MB (2252880B)
01-02 19:00:31.065  1483  1483 I PackageManager.DexOptimizer: Running dexopt (dexoptNeeded=1) on: /system/app/UserDictionaryProvider/UserDictionaryProvider.apk pkg=com.android.providers.userdictionary isa=arm64 dexoptFlags=boot_complete,public target-filter=quicken oatDir=null sharedLibraries=null
01-02 19:00:31.067  1867  1867 W dex2oat : type=1400 audit(0.0:466): avc: granted { getattr } for path="/vendor" dev="rootfs" ino=8787 scontext=u:r:dex2oat:s0 tcontext=u:object_r:rootfs:s0 tclass=lnk_file
01-02 19:00:31.106  1867  1867 I dex2oat : /system/bin/dex2oat --input-vdex-fd=-1 --output-vdex-fd=9 --compiler-filter=quicken -j2 --classpath-dir=/system/app/UserDictionaryProvider
01-02 19:00:31.156  1867  1867 I dex2oat : dex2oat took 51.090ms (49.180ms cpu) (threads: 2) arena alloc=7KB (7912B) java alloc=36KB (37432B) native alloc=1208KB (1236992B) free=1352KB (1384448B)
01-02 19:00:31.164  1483  1483 I PackageManager.DexOptimizer: Running dexopt (dexoptNeeded=1) on: /system/priv-app/EmergencyInfo/EmergencyInfo.apk pkg=com.android.emergency isa=arm64 dexoptFlags=boot_complete,public target-filter=quicken oatDir=null sharedLibraries=null
01-02 19:00:31.167  1870  1870 W dex2oat : type=1400 audit(0.0:467): avc: granted { getattr } for path="/vendor" dev="rootfs" ino=8787 scontext=u:r:dex2oat:s0 tcontext=u:object_r:rootfs:s0 tclass=lnk_file
01-02 19:00:31.204  1870  1870 I dex2oat : /system/bin/dex2oat --input-vdex-fd=-1 --output-vdex-fd=9 --compiler-filter=quicken -j2 --classpath-dir=/system/priv-app/EmergencyInfo
01-02 19:00:31.650  1870  1870 I dex2oat : dex2oat took 446.731ms (681.809ms cpu) (threads: 2) arena alloc=5KB (5624B) java alloc=1820KB (1863832B) native alloc=2MB (2146344B) free=1999KB (2047960B)
01-02 19:00:31.660  1483  1483 I PackageManager.DexOptimizer: Running dexopt (dexoptNeeded=1) on: /system/app/DeskClock/DeskClock.apk pkg=com.android.deskclock isa=arm64 dexoptFlags=boot_complete,public target-filter=quicken oatDir=null sharedLibraries=null
01-02 19:00:31.698  1873  1873 I dex2oat : /system/bin/dex2oat --input-vdex-fd=-1 --output-vdex-fd=9 --compiler-filter=quicken -j2 --classpath-dir=/system/app/DeskClock
01-02 19:00:32.221   506   607 E ThermalEngine: [BMHB_GOV] read failed VS_TEMP
01-02 19:00:32.596  1873  1873 I dex2oat : dex2oat took 898.253ms (1.402s cpu) (threads: 2) arena alloc=2672B (2672B) java alloc=3MB (3424896B) native alloc=3MB (3420248B) free=1779KB (1822632B)
01-02 19:00:32.607  1483  1483 I PackageManager.DexOptimizer: Running dexopt (dexoptNeeded=1) on: /system/app/BluetoothMidiService/BluetoothMidiService.apk pkg=com.android.bluetoothmidiservice isa=arm64 dexoptFlags=boot_complete,public target-filter=quicken oatDir=null sharedLibraries=null
01-02 19:00:32.647  1876  1876 I dex2oat : /system/bin/dex2oat --input-vdex-fd=-1 --output-vdex-fd=9 --compiler-filter=quicken -j2 --classpath-dir=/system/app/BluetoothMidiService
01-02 19:00:32.694  1876  1876 I dex2oat : dex2oat took 48.628ms (51.266ms cpu) (threads: 2) arena alloc=28KB (28720B) java alloc=35KB (36336B) native alloc=1194KB (1222856B) free=1365KB (1398584B)
01-02 19:00:32.701  1483  1483 I PackageManager.DexOptimizer: Running dexopt (dexoptNeeded=1) on: /system/app/Bluetooth/Bluetooth.apk pkg=com.android.bluetooth isa=arm64 dexoptFlags=boot_complete,public target-filter=quicken oatDir=null sharedLibraries=/system/framework/javax.obex.jar
01-02 19:00:32.703  1879  1879 W dex2oat : type=1400 audit(0.0:470): avc: granted { getattr } for path="/vendor" dev="rootfs" ino=8787 scontext=u:r:dex2oat:s0 tcontext=u:object_r:rootfs:s0 tclass=lnk_file
01-02 19:00:32.741  1879  1879 I dex2oat : /system/bin/dex2oat --input-vdex-fd=-1 --output-vdex-fd=9 --compiler-filter=quicken -j2 --classpath-dir=/system/app/Bluetooth
01-02 19:00:33.802  1882  1882 E ANDR-PERF-MPCTL: Unable to create control service (stage=1, rc=0)
01-02 19:00:33.803  1882  1882 W libc    : invalid pthread_t (0) passed to libc
01-02 19:00:33.860  1879  1879 I dex2oat : dex2oat took 1.119s (1.759s cpu) (threads: 2) arena alloc=2184B (2184B) java alloc=2MB (2146360B) native alloc=4MB (4830472B) free=2MB (2509560B)
01-02 19:00:33.872  1483  1483 I PackageManager.DexOptimizer: Running dexopt (dexoptNeeded=1) on: /system/app/TimeService/TimeService.apk pkg=com.qualcomm.timeservice isa=arm64 dexoptFlags=boot_complete,public target-filter=quicken oatDir=null sharedLibraries=null
01-02 19:00:33.911  1883  1883 I dex2oat : /system/bin/dex2oat --input-vdex-fd=-1 --output-vdex-fd=9 --compiler-filter=quicken -j2 --classpath-dir=/system/app/TimeService
01-02 19:00:33.953  1883  1883 I dex2oat : dex2oat took 42.534ms (41.083ms cpu) (threads: 2) arena alloc=456B (456B) java alloc=16KB (17000B) native alloc=1001KB (1025888B) free=1558KB (1595552B)
01-02 19:00:33.960  1483  1483 I PackageManager.DexOptimizer: Running dexopt (dexoptNeeded=1) on: /system/app/WallpaperPicker/WallpaperPicker.apk pkg=com.android.wallpaperpicker isa=arm64 dexoptFlags=boot_complete,public target-filter=quicken oatDir=null sharedLibraries=null
01-02 19:00:33.998  1886  1886 I dex2oat : /system/bin/dex2oat --input-vdex-fd=-1 --output-vdex-fd=9 --compiler-filter=quicken -j2 --classpath-dir=/system/app/WallpaperPicker
01-02 19:00:34.313  1886  1886 I dex2oat : dex2oat took 315.724ms (482.054ms cpu) (threads: 2) arena alloc=4KB (4272B) java alloc=1262KB (1293200B) native alloc=1773KB (1816464B) free=1810KB (1853552B)
01-02 19:00:34.322  1483  1483 I PackageManager.DexOptimizer: Running dexopt (dexoptNeeded=1) on: /system/priv-app/ContactsProvider/ContactsProvider.apk pkg=com.android.providers.contacts isa=arm64 dexoptFlags=boot_complete,public target-filter=quicken oatDir=null sharedLibraries=null
01-02 19:00:34.323  1889  1889 W dex2oat : type=1400 audit(0.0:473): avc: granted { getattr } for path="/vendor" dev="rootfs" ino=8787 scontext=u:r:dex2oat:s0 tcontext=u:object_r:rootfs:s0 tclass=lnk_file
01-02 19:00:34.364  1889  1889 I dex2oat : /system/bin/dex2oat --input-vdex-fd=-1 --output-vdex-fd=9 --compiler-filter=quicken -j2 --classpath-dir=/system/priv-app/ContactsProvider
01-02 19:00:34.707  1889  1889 I dex2oat : dex2oat took 343.596ms (519.455ms cpu) (threads: 2) arena alloc=321KB (329128B) java alloc=578KB (592528B) native alloc=1822KB (1866536B) free=2MB (2327768B)
01-02 19:00:34.716  1483  1483 I PackageManager.DexOptimizer: Running dexopt (dexoptNeeded=1) on: /system/app/CaptivePortalLogin/CaptivePortalLogin.apk pkg=com.android.captiveportallogin isa=arm64 dexoptFlags=boot_complete,public target-filter=quicken oatDir=null sharedLibraries=null
01-02 19:00:34.757  1893  1893 I dex2oat : /system/bin/dex2oat --input-vdex-fd=-1 --output-vdex-fd=9 --compiler-filter=quicken -j2 --classpath-dir=/system/app/CaptivePortalLogin
01-02 19:00:34.812  1893  1893 I dex2oat : dex2oat took 55.285ms (57.816ms cpu) (threads: 2) arena alloc=4KB (4456B) java alloc=96KB (98752B) native alloc=1195KB (1224368B) free=1364KB (1397072B)
01-02 19:00:34.818  1483  1483 D SystemServerTiming: UpdatePackagesIfNeeded took to complete: 37121ms
01-02 19:00:34.818  1483  1483 I SystemServer: PerformFstrimIfNeeded
01-02 19:00:34.819  1483  1483 W PackageManager: No disk maintenance in 1420225234819; running immediately
01-02 19:00:34.819  1483  1483 D SystemServerTiming: PerformFstrimIfNeeded took to complete: 1ms
01-02 19:00:34.819  1483  1483 I SystemServer: StartLockSettingsService
01-02 19:00:34.819  1483  1623 I StorageManagerService: Running fstrim idle maintenance
01-02 19:00:34.820  1483  1483 I SystemServiceManager: Starting com.android.server.LockSettingsService$Lifecycle
01-02 19:00:34.820  1483  1623 D VoldConnector: SND -> {3 fstrim dotrim}
01-02 19:00:34.820   405   414 I vold    : [libfs_mgr]fs_mgr_read_fstab_dt(): failed to read fstab from dt
01-02 19:00:34.821  1483  1626 D VoldConnector: RCV <- {200 3 Command succeeded}
01-02 19:00:34.822   405  1896 D vold    : Starting trim of /data
01-02 19:00:34.826  1483  1483 E SystemServiceRegistry: No service published for: alarm
01-02 19:00:34.826  1483  1483 E SystemServiceRegistry: android.os.ServiceManager$ServiceNotFoundException: No service published for: alarm
01-02 19:00:34.826  1483  1483 E SystemServiceRegistry: 	at android.os.ServiceManager.getServiceOrThrow(ServiceManager.java:75)
01-02 19:00:34.826  1483  1483 E SystemServiceRegistry: 	at android.app.SystemServiceRegistry$5.createService(SystemServiceRegistry.java:206)
01-02 19:00:34.826  1483  1483 E SystemServiceRegistry: 	at android.app.SystemServiceRegistry$5.createService(SystemServiceRegistry.java:204)
01-02 19:00:34.826  1483  1483 E SystemServiceRegistry: 	at android.app.SystemServiceRegistry$CachedServiceFetcher.getService(SystemServiceRegistry.java:939)
01-02 19:00:34.826  1483  1483 E SystemServiceRegistry: 	at android.app.SystemServiceRegistry.getSystemService(SystemServiceRegistry.java:891)
01-02 19:00:34.826  1483  1483 E SystemServiceRegistry: 	at android.app.ContextImpl.getSystemService(ContextImpl.java:1651)
01-02 19:00:34.826  1483  1483 E SystemServiceRegistry: 	at android.content.Context.getSystemService(Context.java:3123)
01-02 19:00:34.826  1483  1483 E SystemServiceRegistry: 	at com.android.server.LockSettingsStrongAuth.<init>(LockSettingsStrongAuth.java:71)
01-02 19:00:34.826  1483  1483 E SystemServiceRegistry: 	at com.android.server.LockSettingsService$Injector.getStrongAuth(LockSettingsService.java:317)
01-02 19:00:34.826  1483  1483 E SystemServiceRegistry: 	at com.android.server.LockSettingsService.<init>(LockSettingsService.java:375)
01-02 19:00:34.826  1483  1483 E SystemServiceRegistry: 	at com.android.server.LockSettingsService.<init>(LockSettingsService.java:366)
01-02 19:00:34.826  1483  1483 E SystemServiceRegistry: 	at com.android.server.LockSettingsService$Lifecycle.onStart(LockSettingsService.java:181)
01-02 19:00:34.826  1483  1483 E SystemServiceRegistry: 	at com.android.server.SystemServiceManager.startService(SystemServiceManager.java:123)
01-02 19:00:34.826  1483  1483 E SystemServiceRegistry: 	at com.android.server.SystemServiceManager.startService(SystemServiceManager.java:110)
01-02 19:00:34.826  1483  1483 E SystemServiceRegistry: 	at com.android.server.SystemServiceManager.startService(SystemServiceManager.java:69)
01-02 19:00:34.826  1483  1483 E SystemServiceRegistry: 	at com.android.server.SystemServer.startOtherServices(SystemServer.java:974)
01-02 19:00:34.826  1483  1483 E SystemServiceRegistry: 	at com.android.server.SystemServer.run(SystemServer.java:398)
01-02 19:00:34.826  1483  1483 E SystemServiceRegistry: 	at com.android.server.SystemServer.main(SystemServer.java:262)
01-02 19:00:34.826  1483  1483 E SystemServiceRegistry: 	at java.lang.reflect.Method.invoke(Native Method)
01-02 19:00:34.826  1483  1483 E SystemServiceRegistry: 	at com.android.internal.os.Zygote$MethodAndArgsCaller.run(Zygote.java:240)
01-02 19:00:34.826  1483  1483 E SystemServiceRegistry: 	at com.android.internal.os.ZygoteInit.main(ZygoteInit.java:767)
01-02 19:00:34.831  1483  1483 D SystemServerTiming: StartLockSettingsService took to complete: 12ms
01-02 19:00:34.831  1483  1483 I SystemServer: StartPersistentDataBlock
01-02 19:00:34.832  1483  1483 I SystemServiceManager: Starting com.android.server.PersistentDataBlockService
01-02 19:00:34.833  1483  1548 D SystemServerInitThreadPool: Started executing PersistentDataBlockService.onStart
01-02 19:00:34.833  1483  1483 D SystemServerTiming: StartPersistentDataBlock took to complete: 2ms
01-02 19:00:34.833  1483  1483 I SystemServer: StartOemLockService
01-02 19:00:34.833  1483  1483 I SystemServiceManager: Starting com.android.server.OemLockService
01-02 19:00:34.833  1483  1548 E PersistentDataBlockService: not able to find package 
