12-25 21:28:57.496   871  1709 E LocSvc_ApiV02: I/<--- void globalRespCb(locClientHandleType, uint32_t, const locClientRespIndUnionType, uint32_t, void *) line 133 QMI_LOC_SET_PROTOCOL_CONFIG_PARAMETERS_REQ_V02
12-25 21:28:57.496   871  1687 E LocSvc_api_v02: I/---> locClientSendReq line 2059 QMI_LOC_SET_NMEA_TYPES_REQ_V02
12-25 21:28:57.498   396   396 I ServiceManager: service 'nfc' died
12-25 21:28:57.499   415   415 I Zygote  : Process 2257 exited due to signal (11)
12-25 21:28:57.501   871  2090 I ActivityManager: Start proc 2401:com.android.providers.calendar/u0a2 for content provider com.android.providers.calendar/.CalendarProvider2
12-25 21:28:57.501   871  2092 I ActivityManager: Process com.android.nfc (pid 2257) has died: pers PER 
12-25 21:28:57.502   871  2092 W ActivityManager: Re-adding persistent process ProcessRecord{8529511 2257:com.android.nfc/1027}
12-25 21:28:57.502   871   888 W system_server: kill(-2257, 9) failed: No such process
12-25 21:28:57.502   871   888 I system_server: Successfully killed process cgroup uid 1027 pid 2257 in 0ms
12-25 21:28:57.504   871  1709 E LocSvc_ApiV02: I/<--- void globalRespCb(locClientHandleType, uint32_t, const locClientRespIndUnionType, uint32_t, void *) line 133 QMI_LOC_SET_NMEA_TYPES_REQ_V02
12-25 21:28:57.505   871  1687 E LocSvc_api_v02: I/---> locClientSendReq line 2059 QMI_LOC_SET_SENSOR_PERFORMANCE_CONTROL_CONFIGURATION_REQ_V02
12-25 21:28:57.512   871  1709 E LocSvc_ApiV02: I/<--- void globalRespCb(locClientHandleType, uint32_t, const locClientRespIndUnionType, uint32_t, void *) line 133 QMI_LOC_SET_SENSOR_PERFORMANCE_CONTROL_CONFIGURATION_REQ_V02
12-25 21:28:57.513   871  1687 E LocSvc_api_v02: I/---> locClientSendReq line 2059 QMI_LOC_SET_XTRA_VERSION_CHECK_REQ_V02
12-25 21:28:57.515   871  2092 I ActivityManager: Start proc 2417:com.android.nfc/1027 for restart com.android.nfc
12-25 21:28:57.520   871  1709 E LocSvc_ApiV02: I/<--- void globalRespCb(locClientHandleType, uint32_t, const locClientRespIndUnionType, uint32_t, void *) line 133 QMI_LOC_SET_XTRA_VERSION_CHECK_REQ_V02
12-25 21:28:57.520   871  1687 D LocSvc_jni: set_capabilities_callback: 51
12-25 21:28:57.566  2417  2417 I NfcService: Starting NFC service
12-25 21:28:57.574  2417  2417 I BrcmNfcJni: NFC Service: loading nci JNI
12-25 21:28:57.575  2417  2417 D NfcAdaptation: readConfig Opened base config /vendor/etc/libnfc-brcm.conf
12-25 21:28:57.579  2417  2417 D NfcAdaptation: find found SCREEN_OFF_POWER_STATE=(0x1)
12-25 21:28:57.580  2417  2417 D NfcAdaptation: find found AID_MATCHING_MODE=(0x1)
12-25 21:28:57.581  2388  2388 D CellBroadcastReceiver: onReceive Intent { act=android.intent.action.BOOT_COMPLETED flg=0x9000010 cmp=com.android.cellbroadcastreceiver/.CellBroadcastReceiver (has extras) }
12-25 21:28:57.582  2417  2417 W Settings: Setting device_provisioned has moved from android.provider.Settings.Secure to android.provider.Settings.Global.
12-25 21:28:57.582  2388  2388 D CellBroadcastReceiver: Start Cell Broadcast configuration.
12-25 21:28:57.588  2388  2388 D CellBroadcastReceiver: Default interval 0 did not change.
12-25 21:28:57.598  1731  1952 D IccSmsInterfaceManager: [IccSmsInterfaceManager] Calling setCdmaBroadcastConfig with 1 configurations
12-25 21:28:57.599  1731  1952 I com.android.phone: Looking for service android.hardware.radio@1.0::IRadio/slot1
12-25 21:28:57.600   871  2093 I ActivityManager: Start proc 2438:com.android.contacts/u0a12 for broadcast com.android.contacts/.interactions.OnBootOrUpgradeReceiver
12-25 21:28:57.601  1731  1952 D IccSmsInterfaceManager: [IccSmsInterfaceManager] Failed to add cdma broadcast subscription for MID range 4096 to 4096 from client com.android.cellbroadcastreceiver
12-25 21:28:57.603  2401  2401 I CalendarProvider2: Created com.android.providers.calendar.CalendarAlarmManager@1ccfbc5(com.android.providers.calendar.CalendarProvider2@85b691a)
12-25 21:28:57.605  1731  1752 D IccSmsInterfaceManager: [IccSmsInterfaceManager] Calling setCdmaBroadcastConfig with 1 configurations
12-25 21:28:57.605  1731  1752 I com.android.phone: Looking for service android.hardware.radio@1.0::IRadio/slot1
12-25 21:28:57.607  1731  1752 D IccSmsInterfaceManager: [IccSmsInterfaceManager] Failed to add cdma broadcast subscription for MID range 4097 to 4097 from client com.android.cellbroadcastreceiver
12-25 21:28:57.611  1731  1948 D IccSmsInterfaceManager: [IccSmsInterfaceManager] Calling setCdmaBroadcastConfig with 1 configurations
12-25 21:28:57.611  1731  1948 I com.android.phone: Looking for service android.hardware.radio@1.0::IRadio/slot1
12-25 21:28:57.613  1731  1948 D IccSmsInterfaceManager: [IccSmsInterfaceManager] Failed to add cdma broadcast subscription for MID range 4098 to 4098 from client com.android.cellbroadcastreceiver
12-25 21:28:57.618  1731  1749 D IccSmsInterfaceManager: [IccSmsInterfaceManager] Calling setCdmaBroadcastConfig with 1 configurations
12-25 21:28:57.618  2417  2417 W NfceeAccess: could not find /etc/nfcee_access.xml, no NFCEE access allowed
12-25 21:28:57.618  2417  2417 I NfceeAccess: read 0 signature(s) for NFCEE access
12-25 21:28:57.618  1731  1749 I com.android.phone: Looking for service android.hardware.radio@1.0::IRadio/slot1
12-25 21:28:57.620  1731  1749 D IccSmsInterfaceManager: [IccSmsInterfaceManager] Failed to add cdma broadcast subscription for MID range 4099 to 4099 from client com.android.cellbroadcastreceiver
12-25 21:28:57.625  1731  1952 D IccSmsInterfaceManager: [IccSmsInterfaceManager] Failed to remove cdma broadcast subscription for MID range 4100 to 4100 from client com.android.cellbroadcastreceiver
12-25 21:28:57.627  2336  2380 D AlarmScheduler: No events found starting within 1 week.
12-25 21:28:57.633  1731  1752 D IccSmsInterfaceManager: [IccSmsInterfaceManager] Calling setGsmBroadcastConfig with 1 configurations
12-25 21:28:57.634  1731  1752 I com.android.phone: Looking for service android.hardware.radio@1.0::IRadio/slot1
12-25 21:28:57.635  1731  1752 D IccSmsInterfaceManager: [IccSmsInterfaceManager] Failed to add GSM cell broadcast subscription for MID range 4352 to 4354 from client com.android.cellbroadcastreceiver
12-25 21:28:57.639  1731  1948 D IccSmsInterfaceManager: [IccSmsInterfaceManager] Calling setGsmBroadcastConfig with 1 configurations
12-25 21:28:57.639  1731  1948 I com.android.phone: Looking for service android.hardware.radio@1.0::IRadio/slot1
12-25 21:28:57.641  1731  1948 D IccSmsInterfaceManager: [IccSmsInterfaceManager] Failed to add GSM cell broadcast subscription for MID range 4356 to 4356 from client com.android.cellbroadcastreceiver
12-25 21:28:57.643  2417  2417 D RegisteredT3tIdentifiersCache: RegisteredT3tIdentifiersCache
12-25 21:28:57.645  1731  1749 D IccSmsInterfaceManager: [IccSmsInterfaceManager] Failed to remove GSM cell broadcast subscription for MID range 4355 to 4355 from client com.android.cellbroadcastreceiver
12-25 21:28:57.649  1731  1952 D IccSmsInterfaceManager: [IccSmsInterfaceManager] Calling setGsmBroadcastConfig with 1 configurations
12-25 21:28:57.649  1731  1952 I com.android.phone: Looking for service android.hardware.radio@1.0::IRadio/slot1
12-25 21:28:57.650  1731  1952 D IccSmsInterfaceManager: [IccSmsInterfaceManager] Failed to add GSM cell broadcast subscription for MID range 4370 to 4370 from client com.android.cellbroadcastreceiver
12-25 21:28:57.653  1731  1752 D IccSmsInterfaceManager: [IccSmsInterfaceManager] Calling setGsmBroadcastConfig with 1 configurations
12-25 21:28:57.653  1731  1752 I com.android.phone: Looking for service android.hardware.radio@1.0::IRadio/slot1
12-25 21:28:57.654  1731  1752 D IccSmsInterfaceManager: [IccSmsInterfaceManager] Failed to add GSM cell broadcast subscription for MID range 4371 to 4372 from client com.android.cellbroadcastreceiver
12-25 21:28:57.657  2417  2417 D RegisteredServicesCache: Dynamic AIDs file does not exist.
12-25 21:28:57.657  1731  1948 D IccSmsInterfaceManager: [IccSmsInterfaceManager] Calling setGsmBroadcastConfig with 1 configurations
12-25 21:28:57.657  1731  1948 I com.android.phone: Looking for service android.hardware.radio@1.0::IRadio/slot1
12-25 21:28:57.659  1731  1948 D IccSmsInterfaceManager: [IccSmsInterfaceManager] Failed to add GSM cell broadcast subscription for MID range 4373 to 4378 from client com.android.cellbroadcastreceiver
12-25 21:28:57.661  2417  2417 D RegisteredNfcFServicesCache: Dynamic System Code, NFCID2 file does not exist.
12-25 21:28:57.662  1731  1749 D IccSmsInterfaceManager: [IccSmsInterfaceManager] Calling setGsmBroadcastConfig with 1 configurations
12-25 21:28:57.662  1731  1749 I com.android.phone: Looking for service android.hardware.radio@1.0::IRadio/slot1
12-25 21:28:57.663  2417  2417 D RegisteredNfcFServicesCache: Service unchanged, not updating
12-25 21:28:57.664  1731  1749 D IccSmsInterfaceManager: [IccSmsInterfaceManager] Failed to add GSM cell broadcast subscription for MID range 4379 to 4379 from client com.android.cellbroadcastreceiver
12-25 21:28:57.665  2417  2455 D NfcService: checking on firmware download
12-25 21:28:57.665  2417  2455 D NfcService: NFC is on. Doing normal stuff
12-25 21:28:57.665  2417  2455 I NfcService: Enabling NFC
12-25 21:28:57.668  2417  2455 D NfcAdaptation: find found SCREEN_OFF_POWER_STATE=(0x1)
12-25 21:28:57.668  2417  2455 D NfcAdaptation: NfcAdaptation::Initialize: enter
12-25 21:28:57.668  2417  2455 E NfcAdaptation: NfcAdaptation::Initialize: ver=NFCDROID-AOSP_M_00.01 nfa=NFA_PI_1.03.66+
12-25 21:28:57.668  2417  2455 D NfcAdaptation: find found NFA_STORAGE=/data/nfc
12-25 21:28:57.668  2417  2455 D NfcAdaptation: find found PROTOCOL_TRACE_LEVEL=(0xFFFFFFFF)
12-25 21:28:57.668  2417  2455 D NfcAdaptation: find found NFA_MAX_EE_SUPPORTED=(0x2)
12-25 21:28:57.668  2417  2455 D NfcAdaptation: NfcAdaptation::Initialize: Overriding NFA_EE_MAX_EE_SUPPORTED to use 2
12-25 21:28:57.668  2417  2455 D NfcAdaptation: find found APPL_TRACE_LEVEL=(0xFF)
12-25 21:28:57.668  2417  2455 D BrcmNfcJni: initializeGlobalAppLogLevel: level=5
12-25 21:28:57.668  2417  2455 D         : verify_stack_non_volatile_store
12-25 21:28:57.668  2417  2455 D NfcNciHal: crcChecksumVerifyIntegrity: filename=/data/nfc/nfaStorage.bin1
12-25 21:28:57.668  2417  2455 D NfcNciHal: crcChecksumVerifyIntegrity: filename=/data/nfc/nfaStorage.bin2
12-25 21:28:57.668  2417  2455 D NfcNciHal: crcChecksumVerifyIntegrity: filename=/data/nfc/nfaStorage.bin3
12-25 21:28:57.668  2417  2455 D NfcNciHal: crcChecksumVerifyIntegrity: filename=/data/nfc/nfaStorage.bin4
12-25 21:28:57.668  2417  2455 D NfcNciHal: crcChecksumVerifyIntegrity: filename=/data/nfc/nfaStorage.bin5
12-25 21:28:57.669  2417  2455 D NfcAdaptation: find found PRESERVE_STORAGE=(0x1)
12-25 21:28:57.669  2417  2455 D NfcAdaptation: Initialize: preserve stack NV store
12-25 21:28:57.670  2417  2457 D NfcAdaptation: NfcAdaptation::NFCA_TASK: enter
12-25 21:28:57.670  1731  1952 D IccSmsInterfaceManager: [IccSmsInterfaceManager] Failed to remove GSM cell broadcast subscription for MID range 4380 to 4382 from client com.android.cellbroadcastreceiver
12-25 21:28:57.670  2417  2457 I BrcmNfcNfa: GKI_run(): Start/Stop GKI_timer_update_registered!
12-25 21:28:57.671  2417  2458 D NfcAdaptation: NfcAdaptation::Thread: enter
12-25 21:28:57.671  2417  2460 I BrcmNfcNfa: NFC_TASK started.
12-25 21:28:57.671  2417  2455 D NfcAdaptation: NfcAdaptation::InitializeHalDeviceContext: enter
12-25 21:28:57.671  2417  2458 D NfcAdaptation: NfcAdaptation::Thread: exit
12-25 21:28:57.671  2417  2455 I NfcAdaptation: NfcAdaptation::InitializeHalDeviceContext: INfc::getService()
12-25 21:28:57.671  2417  2458 E BrcmNfcNfa: gki_task task_id=0 terminating
12-25 21:28:57.674  1731  1752 D IccSmsInterfaceManager: [IccSmsInterfaceManager] Calling setGsmBroadcastConfig with 1 configurations
12-25 21:28:57.674  1731  1752 I com.android.phone: Looking for service android.hardware.radio@1.0::IRadio/slot1
12-25 21:28:57.674  2417  2455 D vndksupport: Loading /vendor/lib64/hw/android.hardware.nfc@1.0-impl.so from current namespace instead of sphal namespace.
12-25 21:28:57.676  1731  1752 D IccSmsInterfaceManager: [IccSmsInterfaceManager] Failed to add GSM cell broadcast subscription for MID range 4383 to 4383 from client com.android.cellbroadcastreceiver
12-25 21:28:57.678  2417  2455 E android.hardware.nfc@1.0-impl: hw_get_module nfc_nci failed: -2
12-25 21:28:57.678  2417  2455 E android.hardware.nfc@1.0-impl: Passthrough failed to load legacy HAL.
12-25 21:28:57.679  2417  2455 F libc    : Fatal signal 11 (SIGSEGV), code 1, fault addr 0x0 in tid 2455 (AsyncTask #1), pid 2417 (com.android.nfc)
12-25 21:28:57.679  1731  1948 D IccSmsInterfaceManager: [IccSmsInterfaceManager] Calling setGsmBroadcastConfig with 1 configurations
12-25 21:28:57.679  1731  1948 I com.android.phone: Looking for service android.hardware.radio@1.0::IRadio/slot1
12-25 21:28:57.681  1731  1948 D IccSmsInterfaceManager: [IccSmsInterfaceManager] Failed to add GSM cell broadcast subscription for MID range 4384 to 4385 from client com.android.cellbroadcastreceiver
12-25 21:28:57.683   871  1818 W Binder  : Outgoing transactions from this process must be FLAG_ONEWAY
12-25 21:28:57.683   871  1818 W Binder  : java.lang.Throwable
12-25 21:28:57.683   871  1818 W Binder  : 	at android.os.BinderProxy.transact(Binder.java:752)
12-25 21:28:57.683   871  1818 W Binder  : 	at android.content.ContentProviderProxy.getType(ContentProviderNative.java:451)
12-25 21:28:57.683   871  1818 W Binder  : 	at com.android.server.am.ActivityManagerService.getProviderMimeType(ActivityManagerService.java:12259)
12-25 21:28:57.683   871  1818 W Binder  : 	at android.app.IActivityManager$Stub.onTransact(IActivityManager.java:1799)
12-25 21:28:57.683   871  1818 W Binder  : 	at com.android.server.am.ActivityManagerService.onTransact(ActivityManagerService.java:2922)
12-25 21:28:57.683   871  1818 W Binder  : 	at android.os.Binder.execTransact(Binder.java:697)
12-25 21:28:57.687  2020  2020 I AlarmClock: AlarmInitReceiver android.intent.action.BOOT_COMPLETED
12-25 21:28:57.693  1731  1749 D IccSmsInterfaceManager: [IccSmsInterfaceManager] Calling setGsmBroadcastConfig with 1 configurations
12-25 21:28:57.693  1731  1749 I com.android.phone: Looking for service android.hardware.radio@1.0::IRadio/slot1
12-25 21:28:57.695   871  2092 W ShortcutService: Clock rewound
12-25 21:28:57.695  1731  1749 D IccSmsInterfaceManager: [IccSmsInterfaceManager] Failed to add GSM cell broadcast subscription for MID range 4386 to 4391 from client com.android.cellbroadcastreceiver
12-25 21:28:57.699  1731  1952 D IccSmsInterfaceManager: [IccSmsInterfaceManager] Calling setGsmBroadcastConfig with 1 configurations
12-25 21:28:57.699  1731  1952 I com.android.phone: Looking for service android.hardware.radio@1.0::IRadio/slot1
12-25 21:28:57.700  2020  2140 I AlarmClock: Fixing alarm instances
12-25 21:28:57.701  1731  1952 D IccSmsInterfaceManager: [IccSmsInterfaceManager] Failed to add GSM cell broadcast subscription for MID range 4392 to 4392 from client com.android.cellbroadcastreceiver
12-25 21:28:57.705  1731  1752 D IccSmsInterfaceManager: [IccSmsInterfaceManager] Failed to remove GSM cell broadcast subscription for MID range 4393 to 4395 from client com.android.cellbroadcastreceiver
12-25 21:28:57.712  2235  2235 I Dialer  : VoicemailModule.provideVoicemailClient - providing VoicemailClientImpl
12-25 21:28:57.713  2235  2235 I Dialer  : VvmOmtpService - onBoot
12-25 21:28:57.729   871  2093 I ActivityManager: Start proc 2466:com.android.email/u0a53 for broadcast com.android.email/.service.EmailBroadcastReceiver
12-25 21:28:57.730  2464  2464 I crash_dump64: obtaining output fd from tombstoned, type: kDebuggerdTombstone
12-25 21:28:57.730   522   522 I /system/bin/tombstoned: received crash request for pid 2417
12-25 21:28:57.731  2464  2464 I crash_dump64: performing dump of process 2417 (target tid = 2455)
12-25 21:28:57.731  2464  2464 F DEBUG   : *** *** *** *** *** *** *** *** *** *** *** *** *** *** *** ***
12-25 21:28:57.731  2464  2464 F DEBUG   : Build fingerprint: 'lge/p1_global_com/p1:8.0/NRD90U/171931902b165:user/release-keys'
12-25 21:28:57.731  2464  2464 F DEBUG   : Revision: '11'
12-25 21:28:57.731  2464  2464 F DEBUG   : ABI: 'arm64'
12-25 21:28:57.731  2464  2464 F DEBUG   : pid: 2417, tid: 2455, name: AsyncTask #1  >>> com.android.nfc <<<
12-25 21:28:57.731  2464  2464 F DEBUG   : signal 11 (SIGSEGV), code 1 (SEGV_MAPERR), fault addr 0x0
12-25 21:28:57.731  2464  2464 F DEBUG   : Cause: null pointer dereference
12-25 21:28:57.731  2464  2464 F DEBUG   :     x0   0000007b2080d380  x1   0000007b121b8ba8  x2   0000007b20800000  x3   0000000000000002
12-25 21:28:57.731  2464  2464 F DEBUG   :     x4   000000000000000d  x5   0000007b29b82a88  x6   0000007b2080d4a0  x7   0000007b2080d480
12-25 21:28:57.731  2464  2464 F DEBUG   :     x8   000000000000000e  x9   aa2cfd08aae1da15  x10  0000000000000001  x11  0000000000000000
12-25 21:28:57.731  2464  2464 F DEBUG   :     x12  0000007b2080d4c0  x13  0000007b26d17a20  x14  0000000000000000  x15  0000007bae12d000
12-25 21:28:57.732  2464  2464 F DEBUG   :     x16  0000007b125bd898  x17  0000007bab29b580  x18  000000000000001e  x19  0000000000000000
12-25 21:28:57.732  2464  2464 F DEBUG   :     x20  0000007b121ba588  x21  0000007b1226716c  x22  0000007b12267820  x23  0000007b1282eb4e
12-25 21:28:57.732  2464  2464 F DEBUG   :     x24  0000000000000004  x25  0000007b121ba588  x26  0000007b121ba588  x27  0000007b12565000
12-25 21:28:57.732  2464  2464 F DEBUG   :     x28  0000000000000001  x29  0000007b121b8d10  x30  0000007b1223c268
12-25 21:28:57.732  2464  2464 F DEBUG   :     sp   0000007b121b8cc0  pc   0000007b1223c2c0  pstate 0000000060000000
12-25 21:28:57.738  2464  2464 F DEBUG   : 
12-25 21:28:57.738  2464  2464 F DEBUG   : backtrace:
12-25 21:28:57.738  2464  2464 F DEBUG   :     #00 pc 00000000000692c0  /system/lib64/libnfc-nci.so (NfcAdaptation::InitializeHalDeviceContext()+368)
12-25 21:28:57.738  2464  2464 F DEBUG   :     #01 pc 0000000000068de8  /system/lib64/libnfc-nci.so (NfcAdaptation::Initialize()+760)
12-25 21:28:57.738  2464  2464 F DEBUG   :     #02 pc 000000000001326c  /system/lib64/libnfc_nci_jni.so (android::nfcManager_doInitialize(_JNIEnv*, _jobject*)+88)
12-25 21:28:57.738  2464  2464 F DEBUG   :     #03 pc 000000000000819c  /data/dalvik-cache/arm64/system@app@NfcNci@NfcNci.apk@classes.dex (offset 0x8000)
12-25 21:28:57.817   871  2092 W ActivityManager: Unable to start service Intent { act=com.android.email.EXCHANGE_INTENT pkg=com.android.exchange } U=0: not found
12-25 21:28:57.822  2466  2484 D ActivityThread: Loading provider com.android.email.provider;com.android.email.notifier: com.android.email.provider.EmailProvider
12-25 21:28:57.824   871   883 W ActivityManager: Unable to start service Intent { act=com.android.email.EXCHANGE_INTENT pkg=com.android.exchange } U=0: not found
12-25 21:28:57.824  2466  2485 D ActivityThread: Loading provider com.android.email.provider;com.android.email.notifier: com.android.email.provider.EmailProvider
12-25 21:28:57.827   871  2090 W ActivityManager: Unable to start service Intent { act=com.android.email.EXCHANGE_INTENT pkg=com.android.exchange } U=0: not found
12-25 21:28:57.830  2466  2487 D ActivityThread: Loading provider com.android.email.provider;com.android.email.notifier: com.android.email.provider.EmailProvider
12-25 21:28:57.833   871   883 W ActivityManager: Unable to start service Intent { act=com.android.email.EXCHANGE_INTENT pkg=com.android.exchange } U=0: not found
12-25 21:28:57.859  1559  1559 I SystemBroadcastReceiver: Boot has been completed
12-25 21:28:57.859  1559  1559 I SystemBroadcastReceiver: toggleAppIcon() : FLAG_SYSTEM = true
12-25 21:28:57.866   871  1818 W ActivityManager: Unable to start service Intent { cmp=com.android.email/.service.AttachmentService } U=0: not found
12-25 21:28:57.866   871  2090 W ActivityManager: Unable to start service Intent { cmp=com.android.email/.service.AttachmentService } U=0: not found
12-25 21:28:57.868   871  1819 W ActivityManager: Unable to start service Intent { act=com.android.email.EXCHANGE_INTENT pkg=com.android.exchange } U=0: not found
12-25 21:28:57.880   871  1818 I ActivityManager: Start proc 2493:com.android.managedprovisioning/u0a15 for broadcast com.android.managedprovisioning/.preprovisioning.BootReminder
12-25 21:28:57.883   871  1819 W ActivityManager: Unable to start service Intent { cmp=com.android.email/.service.AttachmentService } U=0: not found
12-25 21:28:57.885   871  1818 W ActivityManager: Unable to start service Intent { act=com.android.email.EXCHANGE_INTENT pkg=com.android.exchange } U=0: not found
12-25 21:28:57.886   871  1588 W ActivityManager: Unable to start service Intent { cmp=com.android.email/.service.AttachmentService } U=0: not found
12-25 21:28:57.886  2466  2492 I Email   : Observing account changes for notifications
12-25 21:28:57.894   871  1819 W ActivityManager: Unable to start service Intent { act=com.android.email.EXCHANGE_INTENT pkg=com.android.exchange } U=0: not found
12-25 21:28:57.898   871  1819 W ActivityManager: Unable to start service Intent { act=com.android.email.EXCHANGE_INTENT pkg=com.android.exchange } U=0: not found
12-25 21:28:57.900  2466  2466 E ActivityThread: Service com.android.email.service.EmailBroadcastProcessorService has leaked ServiceConnection com.android.emailcommon.service.ServiceProxy$ProxyConnection@3ddab22 that was originally bound here
12-25 21:28:57.900  2466  2466 E ActivityThread: android.app.ServiceConnectionLeaked: Service com.android.email.service.EmailBroadcastProcessorService has leaked ServiceConnection com.android.emailcommon.service.ServiceProxy$ProxyConnection@3ddab22 that was originally bound here
12-25 21:28:57.900  2466  2466 E ActivityThread: 	at android.app.LoadedApk$ServiceDispatcher.<init>(LoadedApk.java:1532)
12-25 21:28:57.900  2466  2466 E ActivityThread: 	at android.app.LoadedApk.getServiceDispatcher(LoadedApk.java:1424)
12-25 21:28:57.900  2466  2466 E ActivityThread: 	at android.app.ContextImpl.bindServiceCommon(ContextImpl.java:1605)
12-25 21:28:57.900  2466  2466 E ActivityThread: 	at android.app.ContextImpl.bindService(ContextImpl.java:1557)
12-25 21:28:57.900  2466  2466 E ActivityThread: 	at android.content.ContextWrapper.bindService(ContextWrapper.java:684)
12-25 21:28:57.900  2466  2466 E ActivityThread: 	at com.android.emailcommon.service.ServiceProxy.setTask(ServiceProxy.java:181)
12-25 21:28:57.900  2466  2466 E ActivityThread: 	at com.android.emailcommon.service.ServiceProxy.test(ServiceProxy.java:224)
12-25 21:28:57.900  2466  2466 E ActivityThread: 	at com.android.email.service.EmailServiceUtils.isServiceAvailable(EmailServiceUtils.java:160)
12-25 21:28:57.900  2466  2466 E ActivityThread: 	at com.android.email.provider.AccountReconciler.reconcileAccountsInternal(AccountReconciler.java:171)
12-25 21:28:57.900  2466  2466 E ActivityThread: 	at com.android.email.provider.AccountReconciler.reconcileAccounts(AccountReconciler.java:115)
12-25 21:28:57.900  2466  2466 E ActivityThread: 	at com.android.email.service.EmailBroadcastProcessorService.reconcileAndStartServices(EmailBroadcastProcessorService.java:305)
12-25 21:28:57.900  2466  2466 E ActivityThread: 	at com.android.email.service.EmailBroadcastProcessorService.onBootCompleted(EmailBroadcastProcessorService.java:295)
12-25 21:28:57.900  2466  2466 E ActivityThread: 	at com.android.email.service.EmailBroadcastProcessorService.onHandleIntent(EmailBroadcastProcessorService.java:130)
12-25 21:28:57.900  2466  2466 E ActivityThread: 	at android.app.IntentService$ServiceHandler.handleMessage(IntentService.java:76)
12-25 21:28:57.900  2466  2466 E ActivityThread: 	at android.os.Handler.dispatchMessage(Handler.java:106)
12-25 21:28:57.900  2466  2466 E ActivityThread: 	at android.os.Looper.loop(Looper.java:164)
12-25 21:28:57.900  2466  2466 E ActivityThread: 	at android.os.HandlerThread.run(HandlerThread.java:65)
12-25 21:28:57.901   871  2093 W ActivityManager: Unbind failed: could not find connection for android.os.BinderProxy@17bc21f
12-25 21:28:57.902   871   882 W ActivityManager: Unable to start service Intent { act=com.android.email.EXCHANGE_INTENT pkg=com.android.exchange } U=0: not found
12-25 21:28:57.908   871  2092 W ActivityManager: Unable to start service Intent { act=com.android.email.EXCHANGE_INTENT pkg=com.android.exchange } U=0: not found
12-25 21:28:57.909   522   522 E /system/bin/tombstoned: Tombstone written to: /data/tombstones/tombstone_01
12-25 21:28:57.911   871   892 I BootReceiver: Copying /data/tombstones/tombstone_01 to DropBox (SYSTEM_TOMBSTONE)
12-25 21:28:57.923   487   594 E ThermalEngine: ACTION: CLUSTER - Setting CLUSTER[1] to 1689600
12-25 21:28:57.926   396   396 I ServiceManager: service 'nfc' died
12-25 21:28:57.927   871  1819 I ActivityManager: Process com.android.nfc (pid 2417) has died: pers PER 
12-25 21:28:57.927   871   888 W system_server: kill(-2417, 9) failed: No such process
12-25 21:28:57.927   871  1819 W ActivityManager: Re-adding persistent process ProcessRecord{8529511 2417:com.android.nfc/1027}
12-25 21:28:57.928   415   415 I Zygote  : Process 2417 exited due to signal (11)
12-25 21:28:57.929   487   594 E ThermalEngine: ACTION: CLUSTER - Setting CLUSTER[1] to 1824000
12-25 21:28:57.938   871  1819 I ActivityManager: Start proc 2510:com.android.nfc/1027 for restart com.android.nfc
12-25 21:28:57.960   871  2093 I ActivityManager: Start proc 2524:com.android.messaging/u0a61 for broadcast com.android.messaging/.receiver.BootAndPackageReplacedReceiver
12-25 21:28:57.969   871   888 W system_server: kill(-2417, 9) failed: No such process
12-25 21:28:57.969   871   888 I system_server: Successfully killed process cgroup uid 1027 pid 2417 in 41ms
12-25 21:28:57.993  2510  2510 I NfcService: Starting NFC service
12-25 21:28:58.001  2510  2510 I BrcmNfcJni: NFC Service: loading nci JNI
12-25 21:28:58.001  2510  2510 D NfcAdaptation: readConfig Opened base config /vendor/etc/libnfc-brcm.conf
12-25 21:28:58.006  2510  2510 D NfcAdaptation: find found SCREEN_OFF_POWER_STATE=(0x1)
12-25 21:28:58.006  2510  2510 D NfcAdaptation: find found AID_MATCHING_MODE=(0x1)
12-25 21:28:58.008  2510  2510 W Settings: Setting device_provisioned has moved from android.provider.Settings.Secure to android.provider.Settings.Global.
12-25 21:28:58.030  2510  2510 W NfceeAccess: could not find /etc/nfcee_access.xml, no NFCEE access allowed
12-25 21:28:58.030  2510  2510 I NfceeAccess: read 0 signature(s) for NFCEE access
12-25 21:28:58.050  2510  2510 D RegisteredT3tIdentifiersCache: RegisteredT3tIdentifiersCache
12-25 21:28:58.058  2524  2524 W MessagingApp: PhoneUtils.getForLMR1(): invalid subId = -1
12-25 21:28:58.060  2510  2510 D RegisteredServicesCache: Dynamic AIDs file does not exist.
12-25 21:28:58.062  2510  2510 D RegisteredNfcFServicesCache: Dynamic System Code, NFCID2 file does not exist.
12-25 21:28:58.063  2510  2510 D RegisteredNfcFServicesCache: Service unchanged, not updating
12-25 21:28:58.065  2510  2544 D NfcService: checking on firmware download
12-25 21:28:58.065  2510  2544 D NfcService: NFC is on. Doing normal stuff
12-25 21:28:58.065  2510  2544 I NfcService: Enabling NFC
12-25 21:28:58.066  2524  2543 W MessagingApp: PhoneUtils.getForLMR1(): invalid subId = -1
12-25 21:28:58.069  2510  2544 D NfcAdaptation: find found SCREEN_OFF_POWER_STATE=(0x1)
12-25 21:28:58.069  2510  2544 D NfcAdaptation: NfcAdaptation::Initialize: enter
12-25 21:28:58.069  2510  2544 E NfcAdaptation: NfcAdaptation::Initialize: ver=NFCDROID-AOSP_M_00.01 nfa=NFA_PI_1.03.66+
12-25 21:28:58.069  2510  2544 D NfcAdaptation: find found NFA_STORAGE=/data/nfc
12-25 21:28:58.069  2510  2544 D NfcAdaptation: find found PROTOCOL_TRACE_LEVEL=(0xFFFFFFFF)
12-25 21:28:58.069  2510  2544 D NfcAdaptation: find found NFA_MAX_EE_SUPPORTED=(0x2)
12-25 21:28:58.069  2510  2544 D NfcAdaptation: NfcAdaptation::Initialize: Overriding NFA_EE_MAX_EE_SUPPORTED to use 2
12-25 21:28:58.069  2510  2544 D NfcAdaptation: find found APPL_TRACE_LEVEL=(0xFF)
12-25 21:28:58.069  2510  2544 D BrcmNfcJni: initializeGlobalAppLogLevel: level=5
12-25 21:28:58.069  2510  2544 D         : verify_stack_non_volatile_store
12-25 21:28:58.069  2510  2544 D NfcNciHal: crcChecksumVerifyIntegrity: filename=/data/nfc/nfaStorage.bin1
12-25 21:28:58.069  2510  2544 D NfcNciHal: crcChecksumVerifyIntegrity: filename=/data/nfc/nfaStorage.bin2
12-25 21:28:58.069  2510  2544 D NfcNciHal: crcChecksumVerifyIntegrity: filename=/data/nfc/nfaStorage.bin3
12-25 21:28:58.069  2510  2544 D NfcNciHal: crcChecksumVerifyIntegrity: filename=/data/nfc/nfaStorage.bin4
12-25 21:28:58.069  2510  2544 D NfcNciHal: crcChecksumVerifyIntegrity: filename=/data/nfc/nfaStorage.bin5
12-25 21:28:58.069  2510  2544 D NfcAdaptation: find found PRESERVE_STORAGE=(0x1)
12-25 21:28:58.069  2510  2544 D NfcAdaptation: Initialize: preserve stack NV store
12-25 21:28:58.072  2510  2547 D NfcAdaptation: NfcAdaptation::NFCA_TASK: enter
12-25 21:28:58.072  2510  2547 I BrcmNfcNfa: GKI_run(): Start/Stop GKI_timer_update_registered!
12-25 21:28:58.072  2510  2548 D NfcAdaptation: NfcAdaptation::Thread: enter
12-25 21:28:58.072  2510  2549 I BrcmNfcNfa: NFC_TASK started.
12-25 21:28:58.073  2510  2544 D NfcAdaptation: NfcAdaptation::InitializeHalDeviceContext: enter
12-25 21:28:58.073  2510  2544 I NfcAdaptation: NfcAdaptation::InitializeHalDeviceContext: INfc::getService()
12-25 21:28:58.073  2510  2548 D NfcAdaptation: NfcAdaptation::Thread: exit
12-25 21:28:58.073  2510  2548 E BrcmNfcNfa: gki_task task_id=0 terminating
12-25 21:28:58.074  2510  2544 D vndksupport: Loading /vendor/lib64/hw/android.hardware.nfc@1.0-impl.so from current namespace instead of sphal namespace.
12-25 21:28:58.075  2524  2550 W MessagingApp: PhoneUtils.getForLMR1(): invalid subId = -1
12-25 21:28:58.078  2510  2544 E android.hardware.nfc@1.0-impl: hw_get_module nfc_nci failed: -2
12-25 21:28:58.078  2510  2544 E android.hardware.nfc@1.0-impl: Passthrough failed to load legacy HAL.
12-25 21:28:58.079  2510  2544 F libc    : Fatal signal 11 (SIGSEGV), code 1, fault addr 0x0 in tid 2544 (AsyncTask #1), pid 2510 (com.android.nfc)
12-25 21:28:58.084  2524  2551 W MessagingApp: PhoneUtils.getForLMR1(): invalid subId = -1
12-25 21:28:58.086  2524  2546 I MessagingAppDataModel: Fixup: Send failed - 0 Download failed - 0
12-25 21:28:58.088   871  2091 I ActivityManager: Start proc 2553:com.android.onetimeinitializer/u0a17 for broadcast com.android.onetimeinitializer/.OneTimeInitializerReceiver
12-25 21:28:58.091  2524  2546 W MessagingApp: PhoneUtils.getForLMR1(): invalid subId = -1
12-25 21:28:58.096  2524  2551 W MessagingApp: PhoneUtils.getForLMR1(): invalid subId = -1
12-25 21:28:58.097  2524  2551 W MessagingApp: PhoneUtils.getForLMR1(): invalid subId = -1
12-25 21:28:58.099  2524  2546 W MessagingApp: PhoneUtils.getForLMR1(): invalid subId = -1
12-25 21:28:58.100  2524  2551 W MessagingApp: PhoneUtils.getSelfRawNumber: subInfo is null for -1
12-25 21:28:58.101  2524  2551 W MessagingApp: PhoneUtils.getForLMR1(): invalid subId = -1
12-25 21:28:58.131  2569  2569 I crash_dump64: obtaining output fd from tombstoned, type: kDebuggerdTombstone
12-25 21:28:58.132   522   522 I /system/bin/tombstoned: received crash request for pid 2510
12-25 21:28:58.133  2569  2569 I crash_dump64: performing dump of process 2510 (target tid = 2544)
12-25 21:28:58.133  2569  2569 F DEBUG   : *** *** *** *** *** *** *** *** *** *** *** *** *** *** *** ***
12-25 21:28:58.133  2569  2569 F DEBUG   : Build fingerprint: 'lge/p1_global_com/p1:8.0/NRD90U/171931902b165:user/release-keys'
12-25 21:28:58.133  2569  2569 F DEBUG   : Revision: '11'
12-25 21:28:58.133  2569  2569 F DEBUG   : ABI: 'arm64'
12-25 21:28:58.133  2569  2569 F DEBUG   : pid: 2510, tid: 2544, name: AsyncTask #1  >>> com.android.nfc <<<
12-25 21:28:58.133  2569  2569 F DEBUG   : signal 11 (SIGSEGV), code 1 (SEGV_MAPERR), fault addr 0x0
12-25 21:28:58.133  2569  2569 F DEBUG   : Cause: null pointer dereference
12-25 21:28:58.133  2569  2569 F DEBUG   :     x0   0000007b2080d380  x1   0000007b12187ba8  x2   0000007b20800000  x3   0000000000000002
12-25 21:28:58.133  2569  2569 F DEBUG   :     x4   000000000000000d  x5   0000007b29b82a88  x6   0000007b2080d4a0  x7   0000007b2080d480
12-25 21:28:58.133  2569  2569 F DEBUG   :     x8   000000000000000e  x9   aa2cfd08aae1da15  x10  0000000000000001  x11  0000000000000000
12-25 21:28:58.133  2569  2569 F DEBUG   :     x12  0000007b2080d4c0  x13  0000007b26d17ce0  x14  0000000000000000  x15  0000007bae12d000
12-25 21:28:58.133  2569  2569 F DEBUG   :     x16  0000007b124be898  x17  0000007bab29b580  x18  000000000000001e  x19  0000000000000000
12-25 21:28:58.133  2569  2569 F DEBUG   :     x20  0000007b12189588  x21  0000007b1228116c  x22  0000007b12281820  x23  0000007b1282eb4e
12-25 21:28:58.133  2569  2569 F DEBUG   :     x24  0000000000000004  x25  0000007b12189588  x26  0000007b12189588  x27  0000007b12567000
12-25 21:28:58.134  2569  2569 F DEBUG   :     x28  0000000000000001  x29  0000007b12187d10  x30  0000007b12256268
12-25 21:28:58.134  2569  2569 F DEBUG   :     sp   0000007b12187cc0  pc   0000007b122562c0  pstate 0000000060000000
12-25 21:28:58.138  2524  2571 I MessagingAppDataModel: SyncMessagesAction: Starting batch for messages from 1514237338353 to 1514237338055 (message update limit = 80, message scan limit = 4000)
12-25 21:28:58.138  2524  2546 W MessagingApp: PhoneUtils.getForLMR1(): invalid subId = -1
12-25 21:28:58.141  2569  2569 F DEBUG   : 
12-25 21:28:58.141  2569  2569 F DEBUG   : backtrace:
12-25 21:28:58.141  2569  2569 F DEBUG   :     #00 pc 00000000000692c0  /system/lib64/libnfc-nci.so (NfcAdaptation::InitializeHalDeviceContext()+368)
12-25 21:28:58.141  2569  2569 F DEBUG   :     #01 pc 0000000000068de8  /system/lib64/libnfc-nci.so (NfcAdaptation::Initialize()+760)
12-25 21:28:58.141  2569  2569 F DEBUG   :     #02 pc 000000000001326c  /system/lib64/libnfc_nci_jni.so (android::nfcManager_doInitialize(_JNIEnv*, _jobject*)+88)
12-25 21:28:58.141  2569  2569 F DEBUG   :     #03 pc 000000000000819c  /data/dalvik-cache/arm64/system@app@NfcNci@NfcNci.apk@classes.dex (offset 0x8000)
12-25 21:28:58.143  2553  2553 V OneTimeInitializerReceiver: OneTimeInitializerReceiver.onReceive
12-25 21:28:58.160   871  2090 I ActivityManager: Start proc 2574:com.android.packageinstaller/u0a21 for broadcast com.android.packageinstaller/.TemporaryFileManager
12-25 21:28:58.187   487   594 E ThermalEngine: ACTION: CLUSTER - Setting CLUSTER[1] to 1689600
12-25 21:28:58.194   487   594 E ThermalEngine: ACTION: CLUSTER - Setting CLUSTER[1] to 1824000
12-25 21:28:58.216  1559  1559 I LatinIME: Timeout waiting for dictionary load
12-25 21:28:58.219   487   594 E ThermalEngine: ACTION: CLUSTER - Setting CLUSTER[1] to 1689600
12-25 21:28:58.230   487   594 E ThermalEngine: ACTION: CLUSTER - Setting CLUSTER[1] to 1824000
12-25 21:28:58.230   487   594 E ThermalEngine: ACTION: CLUSTER - Setting CLUSTER[1] to 1689600
12-25 21:28:58.236  1731  1731 I VvmSimStateTracker: android.intent.action.BOOT_COMPLETED
12-25 21:28:58.258   871  2092 I ActivityManager: Start proc 2593:android.process.media/u0a8 for broadcast com.android.providers.downloads/.DownloadReceiver
12-25 21:28:58.264  2524  2588 I MessagingAppDataModel: SyncMessagesAction: All messages now in sync
12-25 21:28:58.291   487   594 E ThermalEngine: ACTION: CLUSTER - Setting CLUSTER[1] to 1824000
12-25 21:28:58.298   487   594 E ThermalEngine: ACTION: CLUSTER - Setting CLUSTER[1] to 1689600
12-25 21:28:58.313   522   522 E /system/bin/tombstoned: Tombstone written to: /data/tombstones/tombstone_02
12-25 21:28:58.315   871   892 I BootReceiver: Copying /data/tombstones/tombstone_02 to DropBox (SYSTEM_TOMBSTONE)
12-25 21:28:58.323   487   594 E ThermalEngine: ACTION: CLUSTER - Setting CLUSTER[1] to 1824000
12-25 21:28:58.323   487   594 E ThermalEngine: ACTION: CLUSTER - Setting CLUSTER[1] to 1689600
12-25 21:28:58.335   396   396 I ServiceManager: service 'nfc' died
12-25 21:28:58.335   871   883 I ActivityManager: Process com.android.nfc (pid 2510) has died: pers PER 
12-25 21:28:58.335   871   888 W system_server: kill(-2510, 9) failed: No such process
12-25 21:28:58.336   871   883 W ActivityManager: Re-adding persistent process ProcessRecord{8529511 2510:com.android.nfc/1027}
12-25 21:28:58.337   415   415 I Zygote  : Process 2510 exited due to signal (11)
12-25 21:28:58.341   487   594 E ThermalEngine: ACTION: CLUSTER - Setting CLUSTER[1] to 1824000
12-25 21:28:58.347   871   883 I ActivityManager: Start proc 2612:com.android.nfc/1027 for restart com.android.nfc
12-25 21:28:58.381   871   888 W system_server: kill(-2510, 9) failed: No such process
12-25 21:28:58.381   871   888 I system_server: Successfully killed process cgroup uid 1027 pid 2510 in 45ms
12-25 21:28:58.411  2612  2612 I NfcService: Starting NFC service
12-25 21:28:58.425  2612  2612 I BrcmNfcJni: NFC Service: loading nci JNI
12-25 21:28:58.426  2612  2612 D NfcAdaptation: readConfig Opened base config /vendor/etc/libnfc-brcm.conf
12-25 21:28:58.439  2612  2612 D NfcAdaptation: find found SCREEN_OFF_POWER_STATE=(0x1)
12-25 21:28:58.440  2612  2612 D NfcAdaptation: find found AID_MATCHING_MODE=(0x1)
12-25 21:28:58.443  2612  2612 W Settings: Setting device_provisioned has moved from android.provider.Settings.Secure to android.provider.Settings.Global.
12-25 21:28:58.482  2612  2612 W NfceeAccess: could not find /etc/nfcee_access.xml, no NFCEE access allowed
12-25 21:28:58.482  2612  2612 I NfceeAccess: read 0 signature(s) for NFCEE access
12-25 21:28:58.495  2593  2626 F MediaProfiles: frameworks/av/media/libmedia/MediaProfiles.cpp:329 CHECK(quality != -1) failed.
12-25 21:28:58.495  2593  2626 F libc    : Fatal signal 6 (SIGABRT), code -6 in tid 2626 (MediaScannerSer), pid 2593 (d.process.media)
12-25 21:28:58.508  2612  2612 D RegisteredT3tIdentifiersCache: RegisteredT3tIdentifiersCache
12-25 21:28:58.512   871   883 I ActivityManager: Start proc 2634:com.google.android.apps.wallpaper/u0a59 for broadcast com.google.android.apps.wallpaper/.module.GoogleAlarmInitializer
12-25 21:28:58.526  2612  2612 D RegisteredServicesCache: Dynamic AIDs file does not exist.
12-25 21:28:58.529  2612  2612 D RegisteredNfcFServicesCache: Dynamic System Code, NFCID2 file does not exist.
12-25 21:28:58.531  2612  2612 D RegisteredNfcFServicesCache: Service unchanged, not updating
12-25 21:28:58.532  2612  2649 D NfcService: checking on firmware download
12-25 21:28:58.532  2612  2649 D NfcService: NFC is on. Doing normal stuff
12-25 21:28:58.532  2612  2649 I NfcService: Enabling NFC
12-25 21:28:58.542  2612  2649 D NfcAdaptation: find found SCREEN_OFF_POWER_STATE=(0x1)
12-25 21:28:58.542  2612  2649 D NfcAdaptation: NfcAdaptation::Initialize: enter
12-25 21:28:58.542  2612  2649 E NfcAdaptation: NfcAdaptation::Initialize: ver=NFCDROID-AOSP_M_00.01 nfa=NFA_PI_1.03.66+
12-25 21:28:58.542  2612  2649 D NfcAdaptation: find found NFA_STORAGE=/data/nfc
12-25 21:28:58.542  2612  2649 D NfcAdaptation: find found PROTOCOL_TRACE_LEVEL=(0xFFFFFFFF)
12-25 21:28:58.543  2612  2649 D NfcAdaptation: find found NFA_MAX_EE_SUPPORTED=(0x2)
12-25 21:28:58.543  2612  2649 D NfcAdaptation: NfcAdaptation::Initialize: Overriding NFA_EE_MAX_EE_SUPPORTED to use 2
12-25 21:28:58.543  2612  2649 D NfcAdaptation: find found APPL_TRACE_LEVEL=(0xFF)
12-25 21:28:58.543  2612  2649 D BrcmNfcJni: initializeGlobalAppLogLevel: level=5
12-25 21:28:58.543  2612  2649 D         : verify_stack_non_volatile_store
12-25 21:28:58.543  2612  2649 D NfcNciHal: crcChecksumVerifyIntegrity: filename=/data/nfc/nfaStorage.bin1
12-25 21:28:58.543  2612  2649 D NfcNciHal: crcChecksumVerifyIntegrity: filename=/data/nfc/nfaStorage.bin2
12-25 21:28:58.543  2612  2649 D NfcNciHal: crcChecksumVerifyIntegrity: filename=/data/nfc/nfaStorage.bin3
12-25 21:28:58.543  2612  2649 D NfcNciHal: crcChecksumVerifyIntegrity: filename=/data/nfc/nfaStorage.bin4
12-25 21:28:58.543  2612  2649 D NfcNciHal: crcChecksumVerifyIntegrity: filename=/data/nfc/nfaStorage.bin5
12-25 21:28:58.543  2612  2649 D NfcAdaptation: find found PRESERVE_STORAGE=(0x1)
12-25 21:28:58.543  2612  2649 D NfcAdaptation: Initialize: preserve stack NV store
12-25 21:28:58.545  2612  2652 D NfcAdaptation: NfcAdaptation::NFCA_TASK: enter
12-25 21:28:58.545  2612  2652 I BrcmNfcNfa: GKI_run(): Start/Stop GKI_timer_update_registered!
12-25 21:28:58.546  2612  2653 D NfcAdaptation: NfcAdaptation::Thread: enter
12-25 21:28:58.546  2612  2654 I BrcmNfcNfa: NFC_TASK started.
12-25 21:28:58.546  2612  2653 D NfcAdaptation: NfcAdaptation::Thread: exit
12-25 21:28:58.546  2612  2649 D NfcAdaptation: NfcAdaptation::InitializeHalDeviceContext: enter
12-25 21:28:58.546  2612  2653 E BrcmNfcNfa: gki_task task_id=0 terminating
12-25 21:28:58.546  2612  2649 I NfcAdaptation: NfcAdaptation::InitializeHalDeviceContext: INfc::getService()
12-25 21:28:58.548  2612  2649 D vndksupport: Loading /vendor/lib64/hw/android.hardware.nfc@1.0-impl.so from current namespace instead of sphal namespace.
12-25 21:28:58.552  2612  2649 E android.hardware.nfc@1.0-impl: hw_get_module nfc_nci failed: -2
12-25 21:28:58.552  2612  2649 E android.hardware.nfc@1.0-impl: Passthrough failed to load legacy HAL.
12-25 21:28:58.554  2612  2649 F libc    : Fatal signal 11 (SIGSEGV), code 1, fault addr 0x0 in tid 2649 (AsyncTask #1), pid 2612 (com.android.nfc)
12-25 21:28:58.573  2650  2650 I crash_dump64: obtaining output fd from tombstoned, type: kDebuggerdTombstone
12-25 21:28:58.575   522   522 I /system/bin/tombstoned: received crash request for pid 2593
12-25 21:28:58.575  2650  2650 I crash_dump64: performing dump of process 2593 (target tid = 2626)
12-25 21:28:58.576  2650  2650 F DEBUG   : *** *** *** *** *** *** *** *** *** *** *** *** *** *** *** ***
12-25 21:28:58.576  2650  2650 F DEBUG   : Build fingerprint: 'lge/p1_global_com/p1:8.0/NRD90U/171931902b165:user/release-keys'
12-25 21:28:58.576  2650  2650 F DEBUG   : Revision: '11'
12-25 21:28:58.576  2650  2650 F DEBUG   : ABI: 'arm64'
12-25 21:28:58.576  2650  2650 F DEBUG   : pid: 2593, tid: 2626, name: MediaScannerSer  >>> android.process.media <<<
12-25 21:28:58.576  2650  2650 F DEBUG   : signal 6 (SIGABRT), code -6 (SI_TKILL), fault addr --------
12-25 21:28:58.582  2650  2650 F DEBUG   : Abort message: 'frameworks/av/media/libmedia/MediaProfiles.cpp:329 CHECK(quality != -1) failed.'
12-25 21:28:58.582  2650  2650 F DEBUG   :     x0   0000000000000000  x1   0000000000000a42  x2   0000000000000006  x3   0000000000000008
12-25 21:28:58.582  2650  2650 F DEBUG   :     x4   0000000000000000  x5   0000000000000000  x6   0000000000000000  x7   7f7f7f7f7f7f7f7f
12-25 21:28:58.582  2650  2650 F DEBUG   :     x8   0000000000000083  x9   aa2cfd08aae1da15  x10  0000000000000000  x11  0000000000000001
12-25 21:28:58.582  2650  2650 F DEBUG   :     x12  ffffffffffffffff  x13  ffffffffffffffff  x14  ff00000000000000  x15  ffffffffffffffff
12-25 21:28:58.582  2650  2650 F DEBUG   :     x16  0000005569b51fa8  x17  0000007baacf7e64  x18  0000000000000000  x19  0000000000000a21
12-25 21:28:58.582  2650  2650 F DEBUG   :     x20  0000000000000a42  x21  0000000000000000  x22  0000007b2088450c  x23  0000007b1245c588
12-25 21:28:58.582  2650  2650 F DEBUG   :     x24  0000000000000018  x25  0000007baa5bf9a8  x26  0000007b1245c588  x27  0000007b1245c588
12-25 21:28:58.582  2650  2650 F DEBUG   :     x28  0000007b2087c030  x29  0000007b124577c0  x30  0000007baacad978
12-25 21:28:58.582  2650  2650 F DEBUG   :     sp   0000007b12457780  pc   0000007baacad994  pstate 0000000060000000
12-25 21:28:58.610  2650  2650 F DEBUG   : 
12-25 21:28:58.610  2650  2650 F DEBUG   : backtrace:
12-25 21:28:58.610  2650  2650 F DEBUG   :     #00 pc 000000000001d994  /system/lib64/libc.so (abort+104)
12-25 21:28:58.610  2650  2650 F DEBUG   :     #01 pc 0000000000007f20  /system/lib64/liblog.so (__android_log_assert+304)
12-25 21:28:58.610  2650  2650 F DEBUG   :     #02 pc 00000000000b9d7c  /system/lib64/libmedia.so (_ZN7android13MediaProfiles22createCamcorderProfileEiPPKcRNS_6VectorIiEE.cfi+200)
12-25 21:28:58.611  2650  2650 F DEBUG   :     #03 pc 00000000000baa24  /system/lib64/libmedia.so (_ZN7android13MediaProfiles19startElementHandlerEPvPKcPS3_.cfi+940)
12-25 21:28:58.611  2650  2650 F DEBUG   :     #04 pc 000000000000b598  /system/lib64/libexpat.so (doContent+3028)
12-25 21:28:58.611  2650  2650 F DEBUG   :     #05 pc 00000000000095b4  /system/lib64/libexpat.so (contentProcessor+60)
12-25 21:28:58.611  2650  2650 F DEBUG   :     #06 pc 0000000000005df8  /system/lib64/libexpat.so (XML_ParseBuffer+148)
12-25 21:28:58.611  2650  2650 F DEBUG   :     #07 pc 00000000000bc4e0  /system/lib64/libmedia.so (_ZN7android13MediaProfiles25createInstanceFromXmlFileEPKc.cfi+212)
12-25 21:28:58.611  2650  2650 F DEBUG   :     #08 pc 00000000000bc070  /system/lib64/libmedia.so (_ZN7android13MediaProfiles11getInstanceEv.cfi+104)
12-25 21:28:58.611  2650  2650 F DEBUG   :     #09 pc 0000000000045968  /system/lib64/libmedia_jni.so (android_media_MediaProfiles_native_init(_JNIEnv*)+40)
12-25 21:28:58.611  2650  2650 F DEBUG   :     #10 pc 0000000071938500  /data/dalvik-cache/arm64/system@framework@boot.oat (offset 0x9ec000)
12-25 21:28:58.618  2659  2659 I crash_dump64: obtaining output fd from tombstoned, type: kDebuggerdTombstone
12-25 21:28:58.619   522   522 I /system/bin/tombstoned: received crash request for pid 2612
12-25 21:28:58.619   522   522 I /system/bin/tombstoned: enqueueing crash request for pid 2612
12-25 21:28:58.630   871   871 I ActivityManager: Start proc 2662:com.qualcomm.qcrilmsgtunnel/1001 for broadcast com.qualcomm.qcrilmsgtunnel/.QcrilMsgTunnelAutoboot
12-25 21:28:58.673  2662  2662 D QcrilMsgTunnelAutoboot: ComponentInfo{com.qualcomm.qcrilmsgtunnel/com.qualcomm.qcrilmsgtunnel.QcrilMsgTunnelService} started successfully
12-25 21:28:58.673  2662  2662 D QcrilMsgTunnelService: onCreate method
12-25 21:28:58.673   871   883 I ActivityManager: Finished processing BOOT_COMPLETED for u0
12-25 21:28:58.675  2662  2662 D QcrilMsgTunnelIfaceManager: :Instantiated
12-25 21:28:58.676  2662  2662 V QcrilMsgTunnelSocket: Starting QcRil Sender & Receiver threads
12-25 21:28:58.679  2662  2662 D QcrilMsgTunnelIfaceManager: Registered SUB0 for UNSOL OEM HOOK to deliver external apps
12-25 21:28:58.811   522   522 E /system/bin/tombstoned: Tombstone written to: /data/tombstones/tombstone_03
12-25 21:28:58.812  2659  2659 I crash_dump64: performing dump of process 2612 (target tid = 2649)
12-25 21:28:58.813  2659  2659 F DEBUG   : *** *** *** *** *** *** *** *** *** *** *** *** *** *** *** ***
12-25 21:28:58.813  2659  2659 F DEBUG   : Build fingerprint: 'lge/p1_global_com/p1:8.0/NRD90U/171931902b165:user/release-keys'
12-25 21:28:58.813  2659  2659 F DEBUG   : Revision: '11'
12-25 21:28:58.813  2659  2659 F DEBUG   : ABI: 'arm64'
12-25 21:28:58.814  2659  2659 F DEBUG   : pid: 2612, tid: 2649, name: AsyncTask #1  >>> com.android.nfc <<<
12-25 21:28:58.814  2659  2659 F DEBUG   : signal 11 (SIGSEGV), code 1 (SEGV_MAPERR), fault addr 0x0
12-25 21:28:58.814  2659  2659 F DEBUG   : Cause: null pointer dereference
12-25 21:28:58.814  2659  2659 F DEBUG   :     x0   0000007b2080d380  x1   0000007b12184ba8  x2   0000007b20800000  x3   0000000000000002
12-25 21:28:58.814  2659  2659 F DEBUG   :     x4   000000000000000d  x5   0000007b29b82a88  x6   0000007b2080d4a0  x7   0000007b2080d480
12-25 21:28:58.814  2659  2659 F DEBUG   :     x8   000000000000000e  x9   aa2cfd08aae1da15  x10  0000000000000001  x11  0000000000000000
12-25 21:28:58.814  2659  2659 F DEBUG   :     x12  0000007b2080d4c0  x13  0000007b26d17f60  x14  0000000000000000  x15  0000007bae12d000
12-25 21:28:58.814  2659  2659 F DEBUG   :     x16  0000007b121ed898  x17  0000007bab29b580  x18  000000000000001e  x19  0000000000000000
12-25 21:28:58.814  2659  2659 F DEBUG   :     x20  0000007b12186588  x21  0000007b123b016c  x22  0000007b123b0820  x23  0000007b1282eb4e
12-25 21:28:58.814  2659  2659 F DEBUG   :     x24  0000000000000004  x25  0000007b12186588  x26  0000007b12186588  x27  0000007b122e2000
12-25 21:28:58.814  2659  2659 F DEBUG   :     x28  0000000000000001  x29  0000007b12184d10  x30  0000007b12385268
12-25 21:28:58.814  2659  2659 F DEBUG   :     sp   0000007b12184cc0  pc   0000007b123852c0  pstate 0000000060000000
12-25 21:28:58.815   871  2685 W ActivityManager: Process android.process.media has crashed too many times: killing!
12-25 21:28:58.816   871   892 I BootReceiver: Copying /data/tombstones/tombstone_03 to DropBox (SYSTEM_TOMBSTONE)
12-25 21:28:58.816   871  2685 I ActivityManager: Killing 2593:android.process.media/u0a8 (adj 500): crash
12-25 21:28:58.817   871   888 W system_server: kill(-2593, 9) failed: No such process
12-25 21:28:58.821  2659  2659 F DEBUG   : 
12-25 21:28:58.821  2659  2659 F DEBUG   : backtrace:
12-25 21:28:58.821  2659  2659 F DEBUG   :     #00 pc 00000000000692c0  /system/lib64/libnfc-nci.so (NfcAdaptation::InitializeHalDeviceContext()+368)
12-25 21:28:58.821  2659  2659 F DEBUG   :     #01 pc 0000000000068de8  /system/lib64/libnfc-nci.so (NfcAdaptation::Initialize()+760)
12-25 21:28:58.821  2659  2659 F DEBUG   :     #02 pc 000000000001326c  /system/lib64/libnfc_nci_jni.so (android::nfcManager_doInitialize(_JNIEnv*, _jobject*)+88)
12-25 21:28:58.821  2659  2659 F DEBUG   :     #03 pc 000000000000819c  /data/dalvik-cache/arm64/system@app@NfcNci@NfcNci.apk@classes.dex (offset 0x8000)
12-25 21:28:58.858   415   415 I Zygote  : Process 2593 exited due to signal (6)
12-25 21:28:58.861   871   888 W system_server: kill(-2593, 9) failed: No such process
12-25 21:28:58.861   871   888 I system_server: Successfully killed process cgroup uid 10008 pid 2593 in 44ms
