01-11 23:22:27.352  5448  5463 W dex2oat : Method processed more than once: boolean asgh.onTransact(int, android.os.Parcel, android.os.Parcel, int)
01-11 23:22:27.352  5448  5448 W dex2oat : Method processed more than once: boolean asgl.onTransact(int, android.os.Parcel, android.os.Parcel, int)
01-11 23:22:27.368  5448  5461 W dex2oat : Method processed more than once: void askb.<init>()
01-11 23:22:27.368  5448  5461 W dex2oat : Method processed more than once: askb askb.a()
01-11 23:22:27.368  5448  5461 W dex2oat : Method processed more than once: boolean askb.a(android.content.Context)
01-11 23:22:27.368  5448  5461 W dex2oat : Method processed more than once: boolean askb.a(android.content.Context, java.lang.String)
01-11 23:22:27.368  5448  5461 W dex2oat : Method processed more than once: java.lang.String askb.a(com.google.android.chimera.Activity)
01-11 23:22:27.369  5448  5461 W dex2oat : Method processed more than once: boolean askb.a(android.content.Context, java.lang.String, java.lang.String)
01-11 23:22:27.369  5448  5461 W dex2oat : Method processed more than once: boolean askb.b(android.content.Context, java.lang.String)
01-11 23:22:27.372  5448  5448 W dex2oat : Method processed more than once: void aslz.<init>()
01-11 23:22:27.373  5448  5448 W dex2oat : Method processed more than once: android.content.Intent aslz.a(android.net.Uri)
01-11 23:22:27.373  5448  5448 W dex2oat : Method processed more than once: void aslz.onCreate(android.os.Bundle)
01-11 23:22:27.373  5448  5461 W dex2oat : Method processed more than once: void com.google.android.wallet.redirect.StartAndroidAppRedirectActivity.<init>()
01-11 23:22:27.374  5448  5461 W dex2oat : Method processed more than once: android.content.Intent com.google.android.wallet.redirect.StartAndroidAppRedirectActivity.a(android.content.Context, android.net.Uri)
01-11 23:22:27.374  5448  5461 W dex2oat : Method processed more than once: void com.google.android.wallet.redirect.StartAndroidAppRedirectActivity.a(int)
01-11 23:22:27.375  5448  5461 W dex2oat : Method processed more than once: void com.google.android.wallet.redirect.StartAndroidAppRedirectActivity.b()
01-11 23:22:27.375  5448  5461 W dex2oat : Method processed more than once: android.view.View com.google.android.wallet.redirect.StartAndroidAppRedirectActivity.a(android.view.ViewGroup)
01-11 23:22:27.375  5448  5461 W dex2oat : Method processed more than once: void com.google.android.wallet.redirect.StartAndroidAppRedirectActivity.a()
01-11 23:22:27.375  5448  5461 W dex2oat : Method processed more than once: void com.google.android.wallet.redirect.StartAndroidAppRedirectActivity.a(android.content.Intent)
01-11 23:22:27.376  5448  5461 W dex2oat : Method processed more than once: void com.google.android.wallet.redirect.StartAndroidAppRedirectActivity.a(x)
01-11 23:22:27.376  5448  5462 W dex2oat : Method processed more than once: void asog.<init>()
01-11 23:22:27.376  5448  5461 W dex2oat : Method processed more than once: void com.google.android.wallet.redirect.StartAndroidAppRedirectActivity.onClick(android.view.View)
01-11 23:22:27.376  5448  5462 W dex2oat : Method processed more than once: android.os.Bundle asog.a(int, ashy)
01-11 23:22:27.376  5448  5462 W dex2oat : Method processed more than once: void asog.a(android.os.Bundle)
01-11 23:22:27.376  5448  5462 W dex2oat : Method processed more than once: void asog.a(android.os.Bundle, android.view.View)
01-11 23:22:27.376  5448  5462 W dex2oat : Method processed more than once: asqb asog.aa()
01-11 23:22:27.376  5448  5462 W dex2oat : Method processed more than once: java.lang.Object asog.ab()
01-11 23:22:27.376  5448  5462 W dex2oat : Method processed more than once: ashy asog.ac()
01-11 23:22:27.376  5448  5462 W dex2oat : Method processed more than once: baoz asog.i()
01-11 23:22:27.376  5448  5462 W dex2oat : Method processed more than once: asqb asog.j(int)
01-11 23:22:27.376  5448  5462 W dex2oat : Method processed more than once: astl asog.m()
01-11 23:22:27.376  5448  5462 W dex2oat : Method processed more than once: void asog.onAttach(com.google.android.chimera.Activity)
01-11 23:22:27.377  5448  5462 W dex2oat : Method processed more than once: void asog.onCreate(android.os.Bundle)
01-11 23:22:27.377  5448  5462 W dex2oat : Method processed more than once: android.view.View asog.onCreateView(android.view.LayoutInflater, android.view.ViewGroup, android.os.Bundle)
01-11 23:22:27.377  5448  5462 W dex2oat : Method processed more than once: void asog.onSaveInstanceState(android.os.Bundle)
01-11 23:22:27.377  5448  5462 W dex2oat : Method processed more than once: void asrs.<init>()
01-11 23:22:27.378  5448  5462 W dex2oat : Method processed more than once: asrt asrs.l()
01-11 23:22:27.378  5448  5462 W dex2oat : Method processed more than once: void asrs.a(int, android.os.Bundle)
01-11 23:22:27.378  5448  5462 W dex2oat : Method processed more than once: void asrs.a(android.os.Bundle, android.view.View)
01-11 23:22:27.378  5448  5462 W dex2oat : Method processed more than once: void asrs.a(asku, asla)
01-11 23:22:27.378  5448  5462 W dex2oat : Method processed more than once: ashy asrs.ac()
01-11 23:22:27.378  5448  5462 W dex2oat : Method processed more than once: asom asrs.ad()
01-11 23:22:27.378  5448  5462 W dex2oat : Method processed more than once: int asrs.ae()
01-11 23:22:27.380  5448  5462 W dex2oat : Method processed more than once: java.lang.String asrs.af()
01-11 23:22:27.380  5448  5462 W dex2oat : Method processed more than once: void asrs.be_()
01-11 23:22:27.380  5448  5461 W dex2oat : Method processed more than once: void com.google.android.wallet.redirect.StartAndroidAppRedirectActivity.onCreate(android.os.Bundle)
01-11 23:22:27.380  5448  5462 W dex2oat : Method processed more than once: long asrs.bo_()
01-11 23:22:27.380  5448  5462 W dex2oat : Method processed more than once: void asrs.d()
01-11 23:22:27.380  5448  5462 W dex2oat : Method processed more than once: void asrs.d(boolean)
01-11 23:22:27.380  5448  5462 W dex2oat : Method processed more than once: android.accounts.Account asrs.g()
01-11 23:22:27.380  5448  5461 W dex2oat : Method processed more than once: void com.google.android.wallet.redirect.StartAndroidAppRedirectActivity.onDestroy()
01-11 23:22:27.380  5448  5462 W dex2oat : Method processed more than once: void asrs.onClick(android.view.View, java.lang.String)
01-11 23:22:27.380  5448  5462 W dex2oat : Method processed more than once: void asrs.onCreate(android.os.Bundle)
01-11 23:22:27.380  5448  5461 W dex2oat : Method processed more than once: void com.google.android.wallet.redirect.StartAndroidAppRedirectActivity.onNewIntent(android.content.Intent)
01-11 23:22:27.380  5448  5462 W dex2oat : Method processed more than once: void asrs.onPause()
01-11 23:22:27.381  5448  5462 W dex2oat : Method processed more than once: void asrs.onResume()
01-11 23:22:27.381  5448  5461 W dex2oat : Method processed more than once: boolean com.google.android.wallet.redirect.StartAndroidAppRedirectActivity.onOptionsItemSelected(android.view.MenuItem)
01-11 23:22:27.381  5448  5462 W dex2oat : Method processed more than once: void asrs.onSaveInstanceState(android.os.Bundle)
01-11 23:22:27.381  5448  5461 W dex2oat : Method processed more than once: void com.google.android.wallet.redirect.StartAndroidAppRedirectActivity.onPause()
01-11 23:22:27.381  5448  5462 W dex2oat : Method processed more than once: void aspv.<init>()
01-11 23:22:27.381  5448  5462 W dex2oat : Method processed more than once: android.os.Bundle aspv.a(int, bbkx, ashy)
01-11 23:22:27.381  5448  5462 W dex2oat : Method processed more than once: boolean aspv.D()
01-11 23:22:27.381  5448  5462 W dex2oat : Method processed more than once: boolean aspv.E()
01-11 23:22:27.381  5448  5462 W dex2oat : Method processed more than once: boolean aspv.F()
01-11 23:22:27.381  5448  5462 W dex2oat : Method processed more than once: java.util.ArrayList aspv.G()
01-11 23:22:27.381  5448  5461 W dex2oat : Method processed more than once: void com.google.android.wallet.redirect.StartAndroidAppRedirectActivity.onResume()
01-11 23:22:27.381  5448  5462 W dex2oat : Method processed more than once: aspu aspv.H()
01-11 23:22:27.381  5448  5462 W dex2oat : Method processed more than once: java.lang.String aspv.I()
01-11 23:22:27.381  5448  5462 W dex2oat : Method processed more than once: long aspv.J()
01-11 23:22:27.381  5448  5462 W dex2oat : Method processed more than once: void aspv.a(int, android.os.Bundle)
01-11 23:22:27.382  5448  5461 W dex2oat : Method processed more than once: void com.google.android.wallet.redirect.StartAndroidAppRedirectActivity.onSaveInstanceState(android.os.Bundle)
01-11 23:22:27.382  5448  5461 W dex2oat : Method processed more than once: void com.google.android.wallet.redirect.StartAndroidAppRedirectActivity.run()
01-11 23:22:27.382  5448  5462 W dex2oat : Method processed more than once: void aspv.a(android.os.Bundle, android.view.View)
01-11 23:22:27.382  5448  5462 W dex2oat : Method processed more than once: boolean aspv.a(long[])
01-11 23:22:27.382  5448  5462 W dex2oat : Method processed more than once: boolean aspv.a(long[], boolean)
01-11 23:22:27.382  5448  5462 W dex2oat : Method processed more than once: boolean aspv.b(long[])
01-11 23:22:27.382  5448  5462 W dex2oat : Method processed more than once: boolean aspv.c(long[])
01-11 23:22:27.382  5448  5462 W dex2oat : Method processed more than once: void aspv.e(int)
01-11 23:22:27.383  5448  5462 W dex2oat : Method processed more than once: boolean aspv.j()
01-11 23:22:27.383  5448  5462 W dex2oat : Method processed more than once: void aspv.onCreate(android.os.Bundle)
01-11 23:22:27.383  5448  5462 W dex2oat : Method processed more than once: void aspv.onSaveInstanceState(android.os.Bundle)
01-11 23:22:27.383  5448  5462 W dex2oat : Method processed more than once: android.view.View aspv.p()
01-11 23:22:27.383  5448  5462 W dex2oat : Method processed more than once: void aspv.s()
01-11 23:22:27.383  5448  5462 W dex2oat : Method processed more than once: void asnd.<init>()
01-11 23:22:27.383  5448  5462 W dex2oat : Method processed more than once: long asnd.J()
01-11 23:22:27.383  5448  5462 W dex2oat : Method processed more than once: aupx asnd.n()
01-11 23:22:27.391  5448  5461 W dex2oat : Method processed more than once: void asni.<init>()
01-11 23:22:27.391  5448  5461 W dex2oat : Method processed more than once: boolean asni.A()
01-11 23:22:27.394  5448  5461 W dex2oat : Method processed more than once: void asni.a(int, boolean)
01-11 23:22:27.397  5448  5461 W dex2oat : Method processed more than once: void asni.a(auov, long)
01-11 23:22:27.398  5448  5461 W dex2oat : Method processed more than once: void asni.a(java.lang.String)
01-11 23:22:27.398  5448  5461 W dex2oat : Method processed more than once: void asni.b(java.lang.String)
01-11 23:22:27.398  5448  5461 W dex2oat : Method processed more than once: void asni.t()
01-11 23:22:27.398  5448  5461 W dex2oat : Method processed more than once: void asni.u()
01-11 23:22:27.398  5448  5461 W dex2oat : Method processed more than once: int asni.v()
01-11 23:22:27.398  5448  5462 W dex2oat : Method processed more than once: void asnq.<init>()
01-11 23:22:27.398  5448  5461 W dex2oat : Method processed more than once: void asni.w()
01-11 23:22:27.399  5448  5461 W dex2oat : Method processed more than once: void asni.x()
01-11 23:22:27.399  5448  5461 W dex2oat : Method processed more than once: void asni.y()
01-11 23:22:27.399  5448  5462 W dex2oat : Method processed more than once: asob asnq.a(int, int)
01-11 23:22:27.399  5448  5461 W dex2oat : Method processed more than once: boolean asni.z()
01-11 23:22:27.399  5448  5461 W dex2oat : Method processed more than once: int asni.a()
01-11 23:22:27.399  5448  5462 W dex2oat : Method processed more than once: void asnq.a(android.widget.RelativeLayout$LayoutParams, int)
01-11 23:22:27.399  5448  5462 W dex2oat : Method processed more than once: java.util.ArrayList asnq.b(int)
01-11 23:22:27.399  5448  5462 W dex2oat : Method processed more than once: long asnq.J()
01-11 23:22:27.399  5448  5462 W dex2oat : Method processed more than once: android.view.View asnq.a(int)
01-11 23:22:27.403  5448  5461 W dex2oat : Method processed more than once: android.view.View asni.a(android.view.LayoutInflater, android.view.ViewGroup, android.os.Bundle)
01-11 23:22:27.403  5448  5461 W dex2oat : Method processed more than once: void asni.a(int)
01-11 23:22:27.404  5448  5461 W dex2oat : Method processed more than once: void asni.a(int, android.os.Bundle)
01-11 23:22:27.404  5448  5461 W dex2oat : Method processed more than once: void asni.a(int, aslb, long)
01-11 23:22:27.404  5448  5463 W dex2oat : Method processed more than once: void asoe.<init>(android.content.Context)
01-11 23:22:27.404  5448  5463 W dex2oat : Method processed more than once: void asoe.<init>(android.content.Context, android.util.AttributeSet)
01-11 23:22:27.404  5448  5463 W dex2oat : Method processed more than once: void asoe.<init>(android.content.Context, android.util.AttributeSet, int)
01-11 23:22:27.405  5448  5463 W dex2oat : Method processed more than once: void asoe.<init>(android.content.Context, android.util.AttributeSet, int, int)
01-11 23:22:27.406  5448  5463 W dex2oat : Method processed more than once: void asoe.a(android.content.Context, android.util.AttributeSet, int, int)
01-11 23:22:27.406  5448  5463 W dex2oat : Method processed more than once: void asoe.a(boolean, ausd)
01-11 23:22:27.407  5448  5463 W dex2oat : Method processed more than once: void asoe.g()
01-11 23:22:27.407  5448  5462 W dex2oat : Method processed more than once: android.view.View asnq.a(android.view.LayoutInflater, android.view.ViewGroup, android.os.Bundle)
01-11 23:22:27.407  5448  5463 W dex2oat : Method processed more than once: aspu asoe.H()
01-11 23:22:27.407  5448  5463 W dex2oat : Method processed more than once: java.lang.String asoe.I()
01-11 23:22:27.407  5448  5462 W dex2oat : Method processed more than once: asmp asnq.a(aupl)
01-11 23:22:27.407  5448  5462 W dex2oat : Method processed more than once: com.google.android.wallet.ui.expander.SummaryExpanderWrapper asnq.a(aurd, android.view.ViewGroup)
01-11 23:22:27.407  5448  5462 W dex2oat : Method processed more than once: void asnq.a(android.view.View)
01-11 23:22:27.407  5448  5463 W dex2oat : Method processed more than once: void asoe.a(int)
01-11 23:22:27.408  5448  5462 W dex2oat : Method processed more than once: void asnq.a(boolean, int, int)
01-11 23:22:27.408  5448  5463 W dex2oat : Method processed more than once: void asoe.a(android.widget.CompoundButton)
01-11 23:22:27.408  5448  5463 W dex2oat : Method processed more than once: void asoe.a(asom)
01-11 23:22:27.408  5448  5463 W dex2oat : Method processed more than once: void asoe.a(ausd)
01-11 23:22:27.409  5448  5463 W dex2oat : Method processed more than once: void asoe.a(java.lang.CharSequence, boolean)
01-11 23:22:27.409  5448  5463 W dex2oat : Method processed more than once: boolean asoe.a(java.lang.Object)
01-11 23:22:27.409  5448  5462 W dex2oat : Method processed more than once: void asnq.a(boolean, int, int, int)
01-11 23:22:27.409  5448  5462 W dex2oat : Method processed more than once: boolean asnq.a()
01-11 23:22:27.409  5448  5463 W dex2oat : Method processed more than once: void asoe.c()
01-11 23:22:27.409  5448  5463 W dex2oat : Method processed more than once: boolean asoe.cf_()
01-11 23:22:27.409  5448  5463 W dex2oat : Method processed more than once: boolean asoe.ci_()
01-11 23:22:27.409  5448  5463 W dex2oat : Method processed more than once: void asoe.dispatchRestoreInstanceState(android.util.SparseArray)
01-11 23:22:27.409  5448  5463 W dex2oat : Method processed more than once: void asoe.dispatchSaveInstanceState(android.util.SparseArray)
01-11 23:22:27.409  5448  5463 W dex2oat : Method processed more than once: void asoe.f()
01-11 23:22:27.409  5448  5463 W dex2oat : Method processed more than once: java.lang.CharSequence asoe.getError()
01-11 23:22:27.409  5448  5461 W dex2oat : Method processed more than once: void asni.a(auon)
01-11 23:22:27.410  5448  5463 W dex2oat : Method processed more than once: boolean asoe.isChecked()
01-11 23:22:27.410  5448  5463 W dex2oat : Method processed more than once: void asoe.onCheckedChanged(android.widget.CompoundButton, boolean)
01-11 23:22:27.410  5448  5463 W dex2oat : Method processed more than once: void asoe.onClick(android.view.View)
01-11 23:22:27.410  5448  5461 W dex2oat : Method processed more than once: boolean asni.a(aute)
01-11 23:22:27.410  5448  5463 W dex2oat : Method processed more than once: void asoe.onFocusChange(android.view.View, boolean)
01-11 23:22:27.410  5448  5461 W dex2oat : Method processed more than once: boolean asni.a(long[])
01-11 23:22:27.410  5448  5462 W dex2oat : Method processed more than once: boolean asnq.a(aute)
01-11 23:22:27.411  5448  5462 W dex2oat : Method processed more than once: void asnq.aW_()
01-11 23:22:27.411  5448  5462 W dex2oat : Method processed more than once: void asnq.b()
01-11 23:22:27.411  5448  5461 W dex2oat : Method processed more than once: void asni.aW_()
01-11 23:22:27.411  5448  5462 W dex2oat : Method processed more than once: java.util.ArrayList asnq.bb_()
01-11 23:22:27.411  5448  5461 W dex2oat : Method processed more than once: asnq asni.b()
01-11 23:22:27.411  5448  5462 W dex2oat : Method processed more than once: ashq asnq.br_()
01-11 23:22:27.411  5448  5461 W dex2oat : Method processed more than once: void asni.b(int)
01-11 23:22:27.411  5448  5462 W dex2oat : Method processed more than once: void asnq.c()
01-11 23:22:27.411  5448  5463 W dex2oat : Method processed more than once: void asoe.onGlobalLayout()
01-11 23:22:27.411  5448  5461 W dex2oat : Method processed more than once: void asni.b(android.content.Intent)
01-11 23:22:27.411  5448  5461 W dex2oat : Method processed more than once: java.util.ArrayList asni.bb_()
01-11 23:22:27.411  5448  5462 W dex2oat : Method processed more than once: void asnq.d()
01-11 23:22:27.412  5448  5462 W dex2oat : Method processed more than once: java.util.List asnq.e()
01-11 23:22:27.412  5448  5461 W dex2oat : Method processed more than once: void asni.bm_()
01-11 23:22:27.412  5448  5463 W dex2oat : Method processed more than once: void asoe.onRestoreInstanceState(android.os.Parcelable)
01-11 23:22:27.412  5448  5461 W dex2oat : Method processed more than once: void asni.bn_()
01-11 23:22:27.412  5448  5462 W dex2oat : Method processed more than once: boolean asnq.k()
01-11 23:22:27.412  5448  5461 W dex2oat : Method processed more than once: ashq asni.br_()
01-11 23:22:27.412  5448  5463 W dex2oat : Method processed more than once: android.os.Parcelable asoe.onSaveInstanceState()
01-11 23:22:27.412  5448  5461 W dex2oat : Method processed more than once: void asni.c()
01-11 23:22:27.412  5448  5463 W dex2oat : Method processed more than once: void asoe.setChecked(boolean)
01-11 23:22:27.412  5448  5462 W dex2oat : Method processed more than once: aupx asnq.n()
01-11 23:22:27.412  5448  5461 W dex2oat : Method processed more than once: void asni.d()
01-11 23:22:27.412  5448  5462 W dex2oat : Method processed more than once: void asnq.onClick(ausn)
01-11 23:22:27.412  5448  5461 W dex2oat : Method processed more than once: java.util.List asni.e()
01-11 23:22:27.412  5448  5462 W dex2oat : Method processed more than once: void asnq.onDestroyView()
01-11 23:22:27.412  5448  5461 W dex2oat : Method processed more than once: boolean asni.k()
01-11 23:22:27.412  5448  5461 W dex2oat : Method processed more than once: boolean asni.l()
01-11 23:22:27.412  5448  5461 W dex2oat : Method processed more than once: astl asni.m()
01-11 23:22:27.412  5448  5462 W dex2oat : Method processed more than once: void asnq.onSaveInstanceState(android.os.Bundle)
01-11 23:22:27.412  5448  5461 W dex2oat : Method processed more than once: aupx asni.n()
01-11 23:22:27.413  5448  5463 W dex2oat : Method processed more than once: void asoe.setEnabled(boolean)
01-11 23:22:27.413  5448  5461 W dex2oat : Method processed more than once: void asni.o()
01-11 23:22:27.413  5448  5463 W dex2oat : Method processed more than once: void asoe.toggle()
01-11 23:22:27.413  5448  5463 W dex2oat : Method processed more than once: void asof.<init>()
01-11 23:22:27.413  5448  5461 W dex2oat : Method processed more than once: void asni.onActivityResult(int, int, android.content.Intent)
01-11 23:22:27.413  5448  5463 W dex2oat : Method processed more than once: android.os.Bundle asof.a(int)
01-11 23:22:27.413  5448  5461 W dex2oat : Method processed more than once: void asni.onClick(android.view.View)
01-11 23:22:27.413  5448  5463 W dex2oat : Method processed more than once: android.view.ContextThemeWrapper asof.b()
01-11 23:22:27.413  5448  5463 W dex2oat : Method processed more than once: android.view.LayoutInflater asof.c()
01-11 23:22:27.413  5448  5462 W dex2oat : Method processed more than once: void asnq.onViewStateRestored(android.os.Bundle)
01-11 23:22:27.413  5448  5463 W dex2oat : Method processed more than once: android.app.Dialog asof.onCreateDialog(android.os.Bundle)
01-11 23:22:27.413  5448  5463 W dex2oat : Method processed more than once: void asof.onDismiss(android.content.DialogInterface)
01-11 23:22:27.414  5448  5461 W dex2oat : Method processed more than once: void asni.onCreate(android.os.Bundle)
01-11 23:22:27.414  5448  5463 W dex2oat : Method processed more than once: void asof.onShow(android.content.DialogInterface)
01-11 23:22:27.414  5448  5461 W dex2oat : Method processed more than once: void asni.onItemClick(android.widget.AdapterView, android.view.View, int, long)
01-11 23:22:27.414  5448  5461 W dex2oat : Method processed more than once: void asni.onPause()
01-11 23:22:27.414  5448  5461 W dex2oat : Method processed more than once: void asni.onResume()
01-11 23:22:27.414  5448  5461 W dex2oat : Method processed more than once: void asni.onSaveInstanceState(android.os.Bundle)
01-11 23:22:27.414  5448  5461 W dex2oat : Method processed more than once: void asni.onViewStateRestored(android.os.Bundle)
01-11 23:22:27.415  5448  5461 W dex2oat : Method processed more than once: void asni.q()
01-11 23:22:27.415  5448  5461 W dex2oat : Method processed more than once: void asni.r()
01-11 23:22:27.421  5448  5463 W dex2oat : Method processed more than once: void com.google.android.wallet.ui.common.FifeNetworkImageView.<init>(android.content.Context)
01-11 23:22:27.421  5448  5463 W dex2oat : Method processed more than once: void com.google.android.wallet.ui.common.FifeNetworkImageView.<init>(android.content.Context, android.util.AttributeSet)
01-11 23:22:27.421  5448  5463 W dex2oat : Method processed more than once: void com.google.android.wallet.ui.common.FifeNetworkImageView.<init>(android.content.Context, android.util.AttributeSet, int)
01-11 23:22:27.421  5448  5448 W dex2oat : Method processed more than once: void com.google.android.wallet.ui.common.FocusedViewToTopScrollView.<clinit>()
01-11 23:22:27.421  5448  5463 W dex2oat : Method processed more than once: void com.google.android.wallet.ui.common.FifeNetworkImageView.a(android.content.Context, android.util.AttributeSet)
01-11 23:22:27.421  5448  5448 W dex2oat : Method processed more than once: void com.google.android.wallet.ui.common.FocusedViewToTopScrollView.<init>(android.content.Context)
01-11 23:22:27.421  5448  5448 W dex2oat : Method processed more than once: void com.google.android.wallet.ui.common.FocusedViewToTopScrollView.<init>(android.content.Context, android.util.AttributeSet)
01-11 23:22:27.421  5448  5463 W dex2oat : Method processed more than once: void com.google.android.wallet.ui.common.FifeNetworkImageView.a()
01-11 23:22:27.421  5448  5448 W dex2oat : Method processed more than once: void com.google.android.wallet.ui.common.FocusedViewToTopScrollView.<init>(android.content.Context, android.util.AttributeSet, int)
01-11 23:22:27.422  5448  5448 W dex2oat : Method processed more than once: void com.google.android.wallet.ui.common.FocusedViewToTopScrollView.<init>(android.content.Context, android.util.AttributeSet, int, int)
01-11 23:22:27.422  5448  5463 W dex2oat : Method processed more than once: void com.google.android.wallet.ui.common.FifeNetworkImageView.a(java.lang.String, com.android.volley.toolbox.ImageLoader, boolean)
01-11 23:22:27.422  5448  5448 W dex2oat : Method processed more than once: void com.google.android.wallet.ui.common.FocusedViewToTopScrollView.a()
01-11 23:22:27.422  5448  5463 W dex2oat : Method processed more than once: void com.google.android.wallet.ui.common.FifeNetworkImageView.onDraw(android.graphics.Canvas)
01-11 23:22:27.422  5448  5448 W dex2oat : Method processed more than once: void com.google.android.wallet.ui.common.FocusedViewToTopScrollView.a(int)
01-11 23:22:27.422  5448  5463 W dex2oat : Method processed more than once: void com.google.android.wallet.ui.common.FifeNetworkImageView.onLayout(boolean, int, int, int, int)
01-11 23:22:27.422  5448  5448 W dex2oat : Method processed more than once: void com.google.android.wallet.ui.common.FocusedViewToTopScrollView.a(int, boolean)
01-11 23:22:27.422  5448  5463 W dex2oat : Method processed more than once: void com.google.android.wallet.ui.common.FifeNetworkImageView.onMeasure(int, int)
01-11 23:22:27.423  5448  5463 W dex2oat : Method processed more than once: void com.google.android.wallet.ui.common.FifeNetworkImageView.setImageBitmap(android.graphics.Bitmap)
01-11 23:22:27.423  5448  5463 W dex2oat : Method processed more than once: void com.google.android.wallet.ui.common.FifeNetworkImageView.setImageUrl(java.lang.String, com.android.volley.toolbox.ImageLoader)
01-11 23:22:27.423  5448  5448 W dex2oat : Method processed more than once: void com.google.android.wallet.ui.common.FocusedViewToTopScrollView.a(android.content.Context, android.util.AttributeSet)
01-11 23:22:27.423  5448  5448 W dex2oat : Method processed more than once: void com.google.android.wallet.ui.common.FocusedViewToTopScrollView.b()
01-11 23:22:27.424  5448  5448 W dex2oat : Method processed more than once: void com.google.android.wallet.ui.common.FocusedViewToTopScrollView.c()
01-11 23:22:27.424  5448  5448 W dex2oat : Method processed more than once: void com.google.android.wallet.ui.common.FocusedViewToTopScrollView.a(int, boolean, boolean)
01-11 23:22:27.424  5448  5448 W dex2oat : Method processed more than once: void com.google.android.wallet.ui.common.FocusedViewToTopScrollView.a(android.animation.ValueAnimator)
01-11 23:22:27.424  5448  5448 W dex2oat : Method processed more than once: void com.google.android.wallet.ui.common.FocusedViewToTopScrollView.a(boolean)
01-11 23:22:27.425  5448  5448 W dex2oat : Method processed more than once: int com.google.android.wallet.ui.common.FocusedViewToTopScrollView.computeScrollDeltaToGetChildRectOnScreen(android.graphics.Rect)
01-11 23:22:27.425  5448  5448 W dex2oat : Method processed more than once: void com.google.android.wallet.ui.common.FocusedViewToTopScrollView.onAnimationCancel(android.animation.Animator)
01-11 23:22:27.425  5448  5448 W dex2oat : Method processed more than once: void com.google.android.wallet.ui.common.FocusedViewToTopScrollView.onAnimationEnd(android.animation.Animator)
01-11 23:22:27.425  5448  5448 W dex2oat : Method processed more than once: void com.google.android.wallet.ui.common.FocusedViewToTopScrollView.onAnimationRepeat(android.animation.Animator)
01-11 23:22:27.425  5448  5448 W dex2oat : Method processed more than once: void com.google.android.wallet.ui.common.FocusedViewToTopScrollView.onAnimationStart(android.animation.Animator)
01-11 23:22:27.425  5448  5448 W dex2oat : Method processed more than once: void com.google.android.wallet.ui.common.FocusedViewToTopScrollView.onGlobalLayout()
01-11 23:22:27.425  5448  5462 W dex2oat : Method processed more than once: void com.google.android.wallet.ui.common.ImageWithCaptionView.<init>(android.content.Context)
01-11 23:22:27.425  5448  5448 W dex2oat : Method processed more than once: void com.google.android.wallet.ui.common.FocusedViewToTopScrollView.onLayout(boolean, int, int, int, int)
01-11 23:22:27.425  5448  5462 W dex2oat : Method processed more than once: void com.google.android.wallet.ui.common.ImageWithCaptionView.<init>(android.content.Context, android.util.AttributeSet)
01-11 23:22:27.425  5448  5462 W dex2oat : Method processed more than once: void com.google.android.wallet.ui.common.ImageWithCaptionView.<init>(android.content.Context, android.util.AttributeSet, int)
01-11 23:22:27.425  5448  5448 W dex2oat : Method processed more than once: void com.google.android.wallet.ui.common.FocusedViewToTopScrollView.onRestoreInstanceState(android.os.Parcelable)
01-11 23:22:27.426  5448  5448 W dex2oat : Method processed more than once: android.os.Parcelable com.google.android.wallet.ui.common.FocusedViewToTopScrollView.onSaveInstanceState()
01-11 23:22:27.426  5448  5448 W dex2oat : Method processed more than once: void com.google.android.wallet.ui.common.FocusedViewToTopScrollView.onScrollChanged(int, int, int, int)
01-11 23:22:27.426  5448  5462 W dex2oat : Method processed more than once: com.google.android.wallet.ui.common.ImageWithCaptionView com.google.android.wallet.ui.common.ImageWithCaptionView.a(ausc, android.content.Context, android.view.ViewGroup, int, int)
01-11 23:22:27.426  5448  5448 W dex2oat : Method processed more than once: boolean com.google.android.wallet.ui.common.FocusedViewToTopScrollView.onTouchEvent(android.view.MotionEvent)
01-11 23:22:27.426  5448  5462 W dex2oat : Method processed more than once: void com.google.android.wallet.ui.common.ImageWithCaptionView.a(android.content.Context, android.util.AttributeSet)
01-11 23:22:27.426  5448  5462 W dex2oat : Method processed more than once: void com.google.android.wallet.ui.common.ImageWithCaptionView.a(com.android.volley.toolbox.ImageLoader, int)
01-11 23:22:27.426  5448  5462 W dex2oat : Method processed more than once: void com.google.android.wallet.ui.common.ImageWithCaptionView.a(ausc)
01-11 23:22:27.427  5448  5462 W dex2oat : Method processed more than once: void com.google.android.wallet.ui.common.ImageWithCaptionView.a(ausc, com.android.volley.toolbox.ImageLoader, boolean)
01-11 23:22:27.427  5448  5462 W dex2oat : Method processed more than once: void com.google.android.wallet.ui.common.ImageWithCaptionView.onLayout(boolean, int, int, int, int)
01-11 23:22:27.427  5448  5462 W dex2oat : Method processed more than once: void com.google.android.wallet.ui.common.ImageWithCaptionView.onRestoreInstanceState(android.os.Parcelable)
01-11 23:22:27.428  5448  5462 W dex2oat : Method processed more than once: android.os.Parcelable com.google.android.wallet.ui.common.ImageWithCaptionView.onSaveInstanceState()
01-11 23:22:27.428  5448  5462 W dex2oat : Method processed more than once: void com.google.android.wallet.ui.common.ImageWithCaptionView.setDefaultImageResId(int)
01-11 23:22:27.428  5448  5462 W dex2oat : Method processed more than once: void com.google.android.wallet.ui.common.ImageWithCaptionView.setEnabled(boolean)
01-11 23:22:27.429  5448  5462 W dex2oat : Method processed more than once: void com.google.android.wallet.ui.common.ImageWithCaptionView.setImageDrawable(android.graphics.drawable.Drawable)
01-11 23:22:27.429  5448  5448 W dex2oat : Method processed more than once: boolean com.google.android.wallet.ui.common.FocusedViewToTopScrollView.requestChildRectangleOnScreen(android.view.View, android.graphics.Rect, boolean)
01-11 23:22:27.429  5448  5462 W dex2oat : Method processed more than once: void com.google.android.wallet.ui.common.ImageWithCaptionView.setImageResource(int)
01-11 23:22:27.431  5448  5448 W dex2oat : Method processed more than once: void com.google.android.wallet.ui.common.FocusedViewToTopScrollView.run()
01-11 23:22:27.431  5448  5448 W dex2oat : Method processed more than once: void com.google.android.wallet.ui.common.FocusedViewToTopScrollView.scrollTo(int, int)
01-11 23:22:27.458  5448  5463 W dex2oat : Method processed more than once: void astu.<init>()
01-11 23:22:27.458  5448  5463 W dex2oat : Method processed more than once: java.lang.String astu.I()
01-11 23:22:27.459  5448  5463 W dex2oat : Method processed more than once: long astu.J()
01-11 23:22:27.459  5448  5463 W dex2oat : Method processed more than once: android.view.View astu.a(android.view.LayoutInflater, android.view.ViewGroup, android.os.Bundle)
01-11 23:22:27.459  5448  5463 W dex2oat : Method processed more than once: android.view.View astu.a(ausp, android.view.ViewGroup)
01-11 23:22:27.459  5448  5463 W dex2oat : Method processed more than once: boolean astu.a(aute)
01-11 23:22:27.459  5448  5463 W dex2oat : Method processed more than once: void astu.aW_()
01-11 23:22:27.459  5448  5463 W dex2oat : Method processed more than once: java.util.ArrayList astu.bb_()
01-11 23:22:27.460  5448  5463 W dex2oat : Method processed more than once: ashq astu.br_()
01-11 23:22:27.460  5448  5463 W dex2oat : Method processed more than once: java.util.List astu.e()
01-11 23:22:27.460  5448  5463 W dex2oat : Method processed more than once: boolean astu.k()
01-11 23:22:27.460  5448  5463 W dex2oat : Method processed more than once: aupx astu.n()
01-11 23:22:27.460  5448  5463 W dex2oat : Method processed more than once: void astu.onClick(ausn)
01-11 23:22:27.460  5448  5463 W dex2oat : Method processed more than once: void astz.<init>()
01-11 23:22:27.461  5448  5463 W dex2oat : Method processed more than once: void astz.a(int, android.os.Bundle)
01-11 23:22:27.461  5448  5463 W dex2oat : Method processed more than once: void astz.a(android.content.Intent)
01-11 23:22:27.461  5448  5463 W dex2oat : Method processed more than once: int astz.b()
01-11 23:22:27.461  5448  5463 W dex2oat : Method processed more than once: void astz.be_()
01-11 23:22:27.461  5448  5463 W dex2oat : Method processed more than once: ashq astz.br_()
01-11 23:22:27.461  5448  5463 W dex2oat : Method processed more than once: java.util.List astz.e()
01-11 23:22:27.462  5448  5461 W dex2oat : Method processed more than once: void asua.<init>()
01-11 23:22:27.462  5448  5461 W dex2oat : Method processed more than once: android.os.Bundle asua.a(auqq, java.util.ArrayList, int, ashy)
01-11 23:22:27.462  5448  5461 W dex2oat : Method processed more than once: void asua.a(int, int)
01-11 23:22:27.463  5448  5461 W dex2oat : Method processed more than once: java.lang.String asua.c(java.lang.String)
01-11 23:22:27.463  5448  5463 W dex2oat : Method processed more than once: void astz.onCreate(android.os.Bundle)
01-11 23:22:27.463  5448  5461 W dex2oat : Method processed more than once: boolean asua.o()
01-11 23:22:27.463  5448  5463 W dex2oat : Method processed more than once: boolean astz.onOptionsItemSelected(android.view.MenuItem)
01-11 23:22:27.463  5448  5461 W dex2oat : Method processed more than once: void asua.v()
01-11 23:22:27.464  5448  5463 W dex2oat : Method processed more than once: void asud.<init>()
01-11 23:22:27.464  5448  5463 W dex2oat : Method processed more than once: android.view.ViewGroup asud.a(android.view.ViewGroup, auso, int)
01-11 23:22:27.465  5448  5463 W dex2oat : Method processed more than once: android.widget.LinearLayout$LayoutParams asud.a(android.view.View, auso, int, boolean)
01-11 23:22:27.465  5448  5461 W dex2oat : Method processed more than once: android.view.View asua.a(android.view.LayoutInflater, android.view.ViewGroup, android.os.Bundle)
01-11 23:22:27.465  5448  5461 W dex2oat : Method processed more than once: void asua.a()
01-11 23:22:27.465  5448  5461 W dex2oat : Method processed more than once: void asua.a(int, android.content.Intent)
01-11 23:22:27.465  5448  5461 W dex2oat : Method processed more than once: void asua.a(int, java.lang.String)
01-11 23:22:27.465  5448  5463 W dex2oat : Method processed more than once: auqd asud.a(auqc, int, android.os.Bundle)
01-11 23:22:27.466  5448  5461 W dex2oat : Method processed more than once: void asua.a(auqr, java.lang.String)
01-11 23:22:27.466  5448  5461 W dex2oat : Method processed more than once: void asua.a(java.lang.String)
01-11 23:22:27.466  5448  5461 W dex2oat : Method processed more than once: void asua.a(java.lang.String, asma)
01-11 23:22:27.466  5448  5461 W dex2oat : Method processed more than once: boolean asua.a(aute)
01-11 23:22:27.466  5448  5461 W dex2oat : Method processed more than once: void asua.aW_()
01-11 23:22:27.466  5448  5463 W dex2oat : Method processed more than once: void asud.a()
01-11 23:22:27.466  5448  5461 W dex2oat : Method processed more than once: void asua.b()
01-11 23:22:27.466  5448  5461 W dex2oat : Method processed more than once: void asua.b(android.os.Bundle)
01-11 23:22:27.467  5448  5461 W dex2oat : Method processed more than once: void asua.b(java.lang.String)
01-11 23:22:27.467  5448  5463 W dex2oat : Method processed more than once: void asud.a(android.view.ViewGroup, auso, android.view.LayoutInflater)
01-11 23:22:27.467  5448  5461 W dex2oat : Method processed more than once: void asua.b(java.lang.String, asma)
01-11 23:22:27.467  5448  5461 W dex2oat : Method processed more than once: java.util.ArrayList asua.bb_()
01-11 23:22:27.467  5448  5461 W dex2oat : Method processed more than once: ashq asua.br_()
01-11 23:22:27.467  5448  5461 W dex2oat : Method processed more than once: void asua.c()
01-11 23:22:27.467  5448  5461 W dex2oat : Method processed more than once: java.util.List asua.e()
01-11 23:22:27.467  5448  5461 W dex2oat : Method processed more than once: boolean asua.k()
01-11 23:22:27.467  5448  5461 W dex2oat : Method processed more than once: void asua.l()
01-11 23:22:27.467  5448  5461 W dex2oat : Method processed more than once: aupx asua.n()
01-11 23:22:27.467  5448  5461 W dex2oat : Method processed more than once: void asua.onActivityResult(int, int, android.content.Intent)
01-11 23:22:27.468  5448  5461 W dex2oat : Method processed more than once: void asua.onAttach(com.google.android.chimera.Activity)
01-11 23:22:27.468  5448  5461 W dex2oat : Method processed more than once: void asua.onCreate(android.os.Bundle)
01-11 23:22:27.468  5448  5461 W dex2oat : Method processed more than once: void asua.onDetach()
01-11 23:22:27.468  5448  5461 W dex2oat : Method processed more than once: void asua.onSaveInstanceState(android.os.Bundle)
01-11 23:22:27.468  5448  5461 W dex2oat : Method processed more than once: boolean asua.q()
01-11 23:22:27.468  5448  5461 W dex2oat : Method processed more than once: boolean asua.r()
01-11 23:22:27.468  5448  5461 W dex2oat : Method processed more than once: boolean asua.t()
01-11 23:22:27.468  5448  5461 W dex2oat : Method processed more than once: void asua.u()
01-11 23:22:27.468  5448  5462 W dex2oat : Method processed more than once: void asui.<init>()
01-11 23:22:27.468  5448  5462 W dex2oat : Method processed more than once: android.view.View asui.a(int)
01-11 23:22:27.468  5448  5461 W dex2oat : Method processed more than once: void asuj.<init>()
01-11 23:22:27.468  5448  5462 W dex2oat : Method processed more than once: android.view.View asui.a(android.view.LayoutInflater, android.view.ViewGroup, android.os.Bundle)
01-11 23:22:27.469  5448  5462 W dex2oat : Method processed more than once: void asui.a()
01-11 23:22:27.469  5448  5462 W dex2oat : Method processed more than once: boolean asui.a(aute)
01-11 23:22:27.469  5448  5462 W dex2oat : Method processed more than once: void asui.aW_()
01-11 23:22:27.469  5448  5462 W dex2oat : Method processed more than once: java.util.ArrayList asui.bb_()
01-11 23:22:27.469  5448  5462 W dex2oat : Method processed more than once: ashq asui.br_()
01-11 23:22:27.469  5448  5462 W dex2oat : Method processed more than once: java.util.List asui.e()
01-11 23:22:27.470  5448  5462 W dex2oat : Method processed more than once: boolean asui.k()
01-11 23:22:27.470  5448  5462 W dex2oat : Method processed more than once: aupx asui.n()
01-11 23:22:27.470  5448  5462 W dex2oat : Method processed more than once: auqz asui.o()
01-11 23:22:27.470  5448  5461 W dex2oat : Method processed more than once: android.view.View asuj.a(android.view.LayoutInflater, android.view.ViewGroup, android.os.Bundle)
01-11 23:22:27.470  5448  5462 W dex2oat : Method processed more than once: void asui.onClick(ausn)
01-11 23:22:27.470  5448  5461 W dex2oat : Method processed more than once: void asuj.a(android.view.LayoutInflater, ausp[])
01-11 23:22:27.470  5448  5461 W dex2oat : Method processed more than once: boolean asuj.a()
01-11 23:22:27.470  5448  5461 W dex2oat : Method processed more than once: boolean asuj.a(aute)
01-11 23:22:27.471  5448  5463 W dex2oat : Method processed more than once: void asud.a(android.view.ViewGroup, com.google.android.wallet.ui.expander.SummaryExpanderWrapper, auqc, java.lang.String, int, int)
01-11 23:22:27.471  5448  5461 W dex2oat : Method processed more than once: void asuj.aW_()
01-11 23:22:27.471  5448  5461 W dex2oat : Method processed more than once: void asuj.afterTextChanged(android.text.Editable)
01-11 23:22:27.471  5448  5461 W dex2oat : Method processed more than once: java.util.ArrayList asuj.bb_()
01-11 23:22:27.471  5448  5461 W dex2oat : Method processed more than once: void asuj.beforeTextChanged(java.lang.CharSequence, int, int, int)
01-11 23:22:27.471  5448  5461 W dex2oat : Method processed more than once: ashq asuj.br_()
01-11 23:22:27.471  5448  5461 W dex2oat : Method processed more than once: java.util.List asuj.e()
01-11 23:22:27.471  5448  5461 W dex2oat : Method processed more than once: boolean asuj.k()
01-11 23:22:27.472  5448  5463 W dex2oat : Method processed more than once: void asud.a(ashp, int)
01-11 23:22:27.473  5448  5461 W dex2oat : Method processed more than once: aupb asuj.l()
01-11 23:22:27.473  5448  5461 W dex2oat : Method processed more than once: aupx asuj.n()
01-11 23:22:27.473  5448  5461 W dex2oat : Method processed more than once: void asuj.onClick(android.view.View)
01-11 23:22:27.473  5448  5461 W dex2oat : Method processed more than once: void asuj.onSaveInstanceState(android.os.Bundle)
01-11 23:22:27.473  5448  5461 W dex2oat : Method processed more than once: void asuj.onTextChanged(java.lang.CharSequence, int, int, int)
01-11 23:22:27.473  5448  5461 W dex2oat : Method processed more than once: void asuj.onViewStateRestored(android.os.Bundle)
01-11 23:22:27.480  5448  5463 W dex2oat : Method processed more than once: android.view.View asud.a(android.view.LayoutInflater, android.view.ViewGroup, android.os.Bundle)
01-11 23:22:27.482  5448  5463 W dex2oat : Method processed more than once: android.view.View asud.a(auqa, android.view.ViewGroup, int)
01-11 23:22:27.482  5448  5463 W dex2oat : Method processed more than once: android.view.View asud.a(ausp, android.view.ViewGroup)
01-11 23:22:27.482  5448  5463 W dex2oat : Method processed more than once: asnd asud.a(aupl)
01-11 23:22:27.482  5448  5463 W dex2oat : Method processed more than once: asoc asud.a(android.view.ViewGroup, int)
01-11 23:22:27.482  5448  5463 W dex2oat : Method processed more than once: aspv asud.a(ausp)
01-11 23:22:27.482  5448  5463 W dex2oat : Method processed more than once: astu asud.a(aupf)
01-11 23:22:27.483  5448  5463 W dex2oat : Method processed more than once: com.google.android.wallet.ui.expander.SummaryExpanderWrapper asud.a(aurd, android.view.ViewGroup)
01-11 23:22:27.483  5448  5463 W dex2oat : Method processed more than once: boolean asud.a(aute)
01-11 23:22:27.484  5448  5463 W dex2oat : Method processed more than once: void asud.aW_()
01-11 23:22:27.485  5448  5463 W dex2oat : Method processed more than once: auqg asud.b(android.os.Bundle)
01-11 23:22:27.485  5448  5463 W dex2oat : Method processed more than once: boolean asud.b(ausp)
01-11 23:22:27.485  5448  5463 W dex2oat : Method processed more than once: java.util.ArrayList asud.bb_()
01-11 23:22:27.485  5448  5463 W dex2oat : Method processed more than once: ashq asud.br_()
01-11 23:22:27.485  5448  5448 W dex2oat : Method processed more than once: void asxq.<init>(java.lang.String, java.lang.String, java.lang.String, asxr, asxj, aszd, aszr)
01-11 23:22:27.485  5448  5448 W dex2oat : Method processed more than once: asyy asxq.a(aszh)
01-11 23:22:27.485  5448  5448 W dex2oat : Method processed more than once: void asxq.a(int)
01-11 23:22:27.485  5448  5463 W dex2oat : Method processed more than once: void asud.d()
01-11 23:22:27.485  5448  5463 W dex2oat : Method processed more than once: java.util.List asud.e()
01-11 23:22:27.485  5448  5448 W dex2oat : Method processed more than once: void asxq.a(java.lang.String, asxt)
01-11 23:22:27.485  5448  5448 W dex2oat : Method processed more than once: void asxq.a(java.lang.String, asyo, java.util.Map, java.lang.String, asxt, atdj)
01-11 23:22:27.485  5448  5463 W dex2oat : Method processed more than once: boolean asud.k()
01-11 23:22:27.486  5448  5448 W dex2oat : Method processed more than once: asxv asxq.b(java.lang.String, java.lang.String)
01-11 23:22:27.486  5448  5463 W dex2oat : Method processed more than once: aupx asud.n()
01-11 23:22:27.486  5448  5448 W dex2oat : Method processed more than once: asyp asxq.c(java.lang.String, java.lang.String)
01-11 23:22:27.486  5448  5463 W dex2oat : Method processed more than once: void asud.onClick(ausn)
01-11 23:22:27.486  5448  5463 W dex2oat : Method processed more than once: void asud.onCreate(android.os.Bundle)
01-11 23:22:27.486  5448  5463 W dex2oat : Method processed more than once: void asud.onDestroyView()
01-11 23:22:27.486  5448  5463 W dex2oat : Method processed more than once: void asud.onSaveInstanceState(android.os.Bundle)
01-11 23:22:27.568  5448  5448 W dex2oat : Method processed more than once: void aubv.<init>()
01-11 23:22:27.568  5448  5448 W dex2oat : Method processed more than once: int aubv.a(bbfo)
01-11 23:22:27.568  5448  5448 W dex2oat : Method processed more than once: void aubv.a(aucz, java.lang.String, long)
01-11 23:22:27.568  5448  5448 W dex2oat : Method processed more than once: void aubv.a(aucz, java.lang.String, java.lang.String)
01-11 23:22:27.569  5448  5448 W dex2oat : Method processed more than once: boolean aubv.a(bbfs, bbic)
01-11 23:22:27.569  5448  5463 W dex2oat : Method processed more than once: void bbew.<init>()
01-11 23:22:27.569  5448  5463 W dex2oat : Method processed more than once: void bbew.a(java.io.OutputStream)
01-11 23:22:27.569  5448  5448 W dex2oat : Method processed more than once: javax.net.ssl.SSLSocket aubv.a(java.net.InetSocketAddress)
01-11 23:22:27.569  5448  5463 W dex2oat : Method processed more than once: bbff bbew.b()
01-11 23:22:27.569  5448  5463 W dex2oat : Method processed more than once: byte[] bbew.c()
01-11 23:22:27.569  5448  5463 W dex2oat : Method processed more than once: void bbgn.<clinit>()
01-11 23:22:27.569  5448  5463 W dex2oat : Method processed more than once: void bbgn.<init>()
01-11 23:22:27.570  5448  5448 W dex2oat : Method processed more than once: void aubv.a(int)
01-11 23:22:27.570  5448  5463 W dex2oat : Method processed more than once: bbgn bbgn.a(bbgn, bbff)
01-11 23:22:27.570  5448  5463 W dex2oat : Method processed more than once: bbgn bbgn.a(bbgn, bbff, bbge)
01-11 23:22:27.570  5448  5448 W dex2oat : Method processed more than once: void aubv.a(int, java.lang.String)
01-11 23:22:27.570  5448  5463 W dex2oat : Method processed more than once: bbgn bbgn.a(bbgn, bbfo)
01-11 23:22:27.570  5448  5448 W dex2oat : Method processed more than once: void aubv.a(int, java.lang.String, boolean)
01-11 23:22:27.570  5448  5448 W dex2oat : Method processed more than once: void aubv.a(aucz)
01-11 23:22:27.570  5448  5463 W dex2oat : Method processed more than once: bbgn bbgn.a(bbgn, bbfo, bbge)
01-11 23:22:27.571  5448  5448 W dex2oat : Method processed more than once: void aubv.a(bbfs)
01-11 23:22:27.571  5448  5448 W dex2oat : Method processed more than once: void aubv.a(bbic)
01-11 23:22:27.571  5448  5448 W dex2oat : Method processed more than once: void aubv.a(java.lang.String)
01-11 23:22:27.571  5448  5448 W dex2oat : Method processed more than once: void aubv.a(java.util.List)
01-11 23:22:27.571  5448  5463 W dex2oat : Method processed more than once: bbgn bbgn.a(bbgn, java.nio.ByteBuffer)
01-11 23:22:27.571  5448  5448 W dex2oat : Method processed more than once: void aubv.a(boolean)
01-11 23:22:27.571  5448  5463 W dex2oat : Method processed more than once: bbgn bbgn.a(bbgn, byte[])
01-11 23:22:27.571  5448  5448 W dex2oat : Method processed more than once: void aubv.a(boolean, int, int, bbib)
01-11 23:22:27.571  5448  5463 W dex2oat : Method processed more than once: bbgn bbgn.a(bbgn, byte[], bbge)
01-11 23:22:27.571  5448  5448 W dex2oat : Method processed more than once: void aubv.a(boolean, int, java.lang.String, int, int)
01-11 23:22:27.571  5448  5463 W dex2oat : Method processed more than once: bbgu bbgn.a(bbgc)
01-11 23:22:27.571  5448  5448 W dex2oat : Method processed more than once: void aubv.b(int)
01-11 23:22:27.571  5448  5463 W dex2oat : Method processed more than once: bbhe bbgn.a(bbhe)
01-11 23:22:27.571  5448  5463 W dex2oat : Method processed more than once: bbhf bbgn.a(bbhf)
01-11 23:22:27.571  5448  5463 W dex2oat : Method processed more than once: bbhi bbgn.a(bbhi)
01-11 23:22:27.571  5448  5448 W dex2oat : Method processed more than once: void aubv.b(int, java.lang.String, boolean)
01-11 23:22:27.571  5448  5463 W dex2oat : Method processed more than once: bbhj bbgn.a(bbhj)
01-11 23:22:27.571  5448  5448 W dex2oat : Method processed more than once: void aubv.b(bbic)
01-11 23:22:27.571  5448  5448 W dex2oat : Method processed more than once: void aubv.b(java.util.List)
