01-11 04:47:14.234   493   659 D audio_hw_primary: out_set_parameters: enter: usecase(37: afe-proxy-playback) kvpairs: routing=65536
01-11 04:47:14.235   493   659 D audio_hw_primary: out_standby: enter: stream (0xef3a5300) usecase(37: afe-proxy-playback)
01-11 04:47:14.236   493   493 W APM_AudioPolicyManager: Output profile contains no device on module primary
01-11 04:47:14.236   493   493 W APM_AudioPolicyManager: Output profile contains no device on module primary
01-11 04:47:14.236   493   493 D audio_hw_primary: adev_open_input_stream: enter: sample_rate(48000) channel_mask(0xc) devices(0x80000004)        stream_handle(0xefc3ae00) io_handle(14) source(1)
01-11 04:47:14.237   493   659 W AudioFlinger: no wake lock to update, system not ready yet
01-11 04:47:14.237   493   661 I AudioFlinger: AudioFlinger's thread 0xed983fc0 tid=661 ready to run
01-11 04:47:14.238   493   493 D audio_hw_primary: adev_open_input_stream: enter: sample_rate(48000) channel_mask(0xc) devices(0x80000040)        stream_handle(0xefc3aec0) io_handle(22) source(1)
01-11 04:47:14.238   493   493 W DeviceHAL: Device 0xefc5dc80 open_input_stream: Invalid argument
01-11 04:47:14.238   493   493 D audio_hw_primary: adev_open_input_stream: enter: sample_rate(48000) channel_mask(0xc) devices(0x80000040)        stream_handle(0xefc3aec0) io_handle(22) source(1)
01-11 04:47:14.238   493   493 W DeviceHAL: Device 0xefc5dc80 open_input_stream: Invalid argument
01-11 04:47:14.238   493   493 W APM_AudioPolicyManager: Cannot open input stream for device 80000040 on hw module primary
01-11 04:47:14.239   417   417 D AndroidRuntime: >>>>>> START com.android.internal.os.ZygoteInit uid 0 <<<<<<
01-11 04:47:14.239   493   661 D audio_hw_primary: adev_close_input_stream: enter:stream_handle(0xefc3ae00)
01-11 04:47:14.239   493   661 D audio_hw_primary: in_standby: enter: stream (0xefc3ae00) usecase(16: audio-record)
01-11 04:47:14.243   662   662 I init    : type=1400 audit(0.0:128): avc: denied { execute_no_trans } for path="/system/bin/qmuxd" dev="mmcblk0p47" ino=373 scontext=u:r:init:s0 tcontext=u:object_r:system_file:s0 tclass=file permissive=1
01-11 04:47:14.243   506   639 E Sensors : mag_cal.c(1609):mag_cal_sam_init: Unknown UUID(1) cb8db385-b92b-a4a7
01-11 04:47:14.244   506   639 E Sensors : mag_cal.c(1614):mag_cal_sam_init: Unknown UUID(2) 67e7-81216a1bd0f0
01-11 04:47:14.244   506   639 E Sensors : sns_sam.c(4463):Failed to register algorithm service 16 with SAM
01-11 04:47:14.278   493   493 I bt_a2dp_hw: adev_open:  adev_open in A2dp_hw module
01-11 04:47:14.279   493   493 I AudioFlinger: loadHwModule() Loaded a2dp audio interface, handle 18
01-11 04:47:14.279   493   493 D vndksupport: Loading /vendor/lib/hw/audio.usb.default.so from current namespace instead of sphal namespace.
01-11 04:47:14.283   493   493 I AudioFlinger: loadHwModule() Loaded usb audio interface, handle 26
01-11 04:47:14.284   493   493 D vndksupport: Loading /vendor/lib/hw/audio.r_submix.default.so from current namespace instead of sphal namespace.
01-11 04:47:14.287   775   775 I init    : type=1400 audit(0.0:129): avc: denied { execute_no_trans } for path="/system/vendor/bin/qti" dev="mmcblk0p47" ino=2423 scontext=u:r:init:s0 tcontext=u:object_r:vendor_file:s0 tclass=file permissive=1
01-11 04:47:14.290   493   493 I r_submix: adev_open(name=audio_hw_if)
01-11 04:47:14.292   493   493 I r_submix: adev_init_check()
01-11 04:47:14.292   493   493 W DeviceHAL: Device 0xee154e80 set_master_mute: Function not implemented
01-11 04:47:14.292   493   493 I AudioFlinger: loadHwModule() Loaded r_submix audio interface, handle 34
01-11 04:47:14.292   493   493 D r_submix: adev_open_input_stream(addr=0)
01-11 04:47:14.292   493   493 D r_submix: submix_audio_device_create_pipe_l(addr=0, idx=9)
01-11 04:47:14.292   493   493 D r_submix:   now using address 0 for route 9
01-11 04:47:14.298   493   779 I AudioFlinger: AudioFlinger's thread 0xed983340 tid=779 ready to run
01-11 04:47:14.301   493   493 D r_submix: adev_close_input_stream()
01-11 04:47:14.302   493   493 D r_submix: submix_audio_device_release_pipe_l(idx=9) addr=0
01-11 04:47:14.302   493   493 D r_submix: submix_audio_device_destroy_pipe_l(): pipe destroyed
01-11 04:47:14.302   493   493 W APM_AudioPolicyManager: Input device 80000040 unreachable
01-11 04:47:14.302   493   493 E EffectsConfig: Failed to parse /vendor/etc/audio_effects.xml: Tinyxml2 error (3): /vendor/etc/audio_effects.xml (null)
01-11 04:47:14.302   493   493 W AudioPolicyEffects: Failed to load XML effect configuration, fallback to .conf
01-11 04:47:14.304   493   493 D vndksupport: Loading /vendor/lib/hw/android.hardware.soundtrigger@2.0-impl.so from current namespace instead of sphal namespace.
01-11 04:47:14.308   493   493 E SoundTriggerHalImpl: couldn't load sound trigger module sound_trigger.primary (No such file or directory)
01-11 04:47:14.310   493   493 I SoundTriggerHalHidl: getProperties res implementor 
01-11 04:47:14.310   493   493 I SoundTriggerHalHidl: getProperties ret -19
01-11 04:47:14.310   493   493 E SoundTriggerHwService: could not read implementation properties
01-11 04:47:14.321   662   662 E Diag_Lib:  Diag_LSM_Init: Failed to open handle to diag driver, error = 2
01-11 04:47:14.322   662   662 E Diag_Lib:  Diag_LSM_Init: Failed to open handle to diag driver, error = 2
01-11 04:47:14.334   506   796 E Sensors : sns_debug_main.c(544):Debug Config File missing in EFS!
01-11 04:47:14.337   662   662 E Diag_Lib:  Diag_LSM_Init: Failed to open handle to diag driver, error = 2
01-11 04:47:14.342   775   775 E Diag_Lib:  Diag_LSM_Init: Failed to open handle to diag driver, error = 2
01-11 04:47:14.348   498   498 I mediaserver: ServiceManager: 0xf6018500
01-11 04:47:14.359   579   579 I dex2oat : setting boot class path to /system/framework/core-oj.jar:/system/framework/core-libart.jar:/system/framework/conscrypt.jar:/system/framework/okhttp.jar:/system/framework/bouncycastle.jar:/system/framework/apache-xml.jar:/system/framework/legacy-test.jar:/system/framework/ext.jar:/system/framework/framework.jar:/system/framework/telephony-common.jar:/system/framework/voip-common.jar:/system/framework/ims-common.jar:/system/framework/org.apache.http.legacy.boot.jar:/system/framework/android.hidl.base-V1.0-java.jar:/system/framework/android.hidl.manager-V1.0-java.jar
01-11 04:47:14.434   529   529 I gatekeeperd: Starting gatekeeperd...
01-11 04:47:14.437   529   529 D vndksupport: Loading /vendor/lib64/hw/android.hardware.gatekeeper@1.0-impl.so from current namespace instead of sphal namespace.
01-11 04:47:14.441   503   810 I /system/bin/storaged: storaged: Start
01-11 04:47:14.441   472   472 I lowmemorykiller: Using in-kernel low memory killer interface
01-11 04:47:14.443   509   509 E QSEECOMAPI: : Error::Load image request failed ret = -1, errno = 22
01-11 04:47:14.443   509   509 E QSEECOMAPI: : Error::Loading image failed with ret = -1
01-11 04:47:14.443   509   509 E QSEECOMD: : Loading keymaster app failied
01-11 04:47:14.443   509   509 D QSEECOMAPI: : QSEECom_get_handle sb_length = 0x400
01-11 04:47:14.443   509   509 D QSEECOMAPI: : App is not loaded in QSEE
01-11 04:47:14.447   529   529 D vndksupport: Loading /vendor/lib64/hw/gatekeeper.msm8992.so from current namespace instead of sphal namespace.
01-11 04:47:14.448   529   529 D gatekeeper_device: HwKmOpen called
01-11 04:47:14.463   509   509 W qseecomd: type=1400 audit(0.0:130): avc: granted { read } for name="ion" dev="tmpfs" ino=11435 scontext=u:r:init:s0 tcontext=u:object_r:ion_device:s0 tclass=chr_file
01-11 04:47:14.463   509   509 W qseecomd: type=1400 audit(0.0:131): avc: granted { read open } for path="/dev/ion" dev="tmpfs" ino=11435 scontext=u:r:init:s0 tcontext=u:object_r:ion_device:s0 tclass=chr_file
01-11 04:47:14.487   417   417 I zygote64: option[0]=-Xzygote
01-11 04:47:14.487   417   417 I zygote64: option[1]=-Xusetombstonedtraces
01-11 04:47:14.487   417   417 I zygote64: option[2]=exit
01-11 04:47:14.487   417   417 I zygote64: option[3]=vfprintf
01-11 04:47:14.487   417   417 I zygote64: option[4]=sensitiveThread
01-11 04:47:14.487   417   417 I zygote64: option[5]=-verbose:gc
01-11 04:47:14.487   417   417 I zygote64: option[6]=-Xms8m
01-11 04:47:14.487   417   417 I zygote64: option[7]=-Xmx768m
01-11 04:47:14.487   417   417 I zygote64: option[8]=-XX:HeapGrowthLimit=288m
01-11 04:47:14.487   417   417 I zygote64: option[9]=-XX:HeapMinFree=2m
01-11 04:47:14.487   417   417 I zygote64: option[10]=-XX:HeapMaxFree=8m
01-11 04:47:14.487   417   417 I zygote64: option[11]=-XX:HeapTargetUtilization=0.75
01-11 04:47:14.487   417   417 I zygote64: option[12]=-Xusejit:true
01-11 04:47:14.487   417   417 I zygote64: option[13]=-Xjitsaveprofilinginfo
01-11 04:47:14.488   417   417 I zygote64: option[14]=-agentlib:jdwp=transport=dt_android_adb,suspend=n,server=y
01-11 04:47:14.488   417   417 I zygote64: option[15]=-Xlockprofthreshold:500
01-11 04:47:14.488   417   417 I zygote64: option[16]=-Ximage-compiler-option
01-11 04:47:14.488   417   417 I zygote64: option[17]=--runtime-arg
01-11 04:47:14.488   417   417 I zygote64: option[18]=-Ximage-compiler-option
01-11 04:47:14.488   417   417 I zygote64: option[19]=-Xms64m
01-11 04:47:14.488   417   417 I zygote64: option[20]=-Ximage-compiler-option
01-11 04:47:14.488   417   417 I zygote64: option[21]=--runtime-arg
01-11 04:47:14.488   417   417 I zygote64: option[22]=-Ximage-compiler-option
01-11 04:47:14.488   417   417 I zygote64: option[23]=-Xmx64m
01-11 04:47:14.488   417   417 I zygote64: option[24]=-Ximage-compiler-option
01-11 04:47:14.488   417   417 I zygote64: option[25]=--image-classes=/system/etc/preloaded-classes
01-11 04:47:14.488   417   417 I zygote64: option[26]=-Ximage-compiler-option
01-11 04:47:14.488   417   417 I zygote64: option[27]=--compiled-classes=/system/etc/compiled-classes
01-11 04:47:14.488   417   417 I zygote64: option[28]=-Ximage-compiler-option
01-11 04:47:14.488   417   417 I zygote64: option[29]=--dirty-image-objects=/system/etc/dirty-image-objects
01-11 04:47:14.488   417   417 I zygote64: option[30]=-Xcompiler-option
01-11 04:47:14.488   417   417 I zygote64: option[31]=--runtime-arg
01-11 04:47:14.488   417   417 I zygote64: option[32]=-Xcompiler-option
01-11 04:47:14.488   417   417 I zygote64: option[33]=-Xms64m
01-11 04:47:14.488   417   417 I zygote64: option[34]=-Xcompiler-option
01-11 04:47:14.488   417   417 I zygote64: option[35]=--runtime-arg
01-11 04:47:14.488   417   417 I zygote64: option[36]=-Xcompiler-option
01-11 04:47:14.488   417   417 I zygote64: option[37]=-Xmx512m
01-11 04:47:14.488   417   417 I zygote64: option[38]=-Xcompiler-option
01-11 04:47:14.488   417   417 I zygote64: option[39]=-j2
01-11 04:47:14.488   417   417 I zygote64: option[40]=-Ximage-compiler-option
01-11 04:47:14.488   417   417 I zygote64: option[41]=-j4
01-11 04:47:14.488   417   417 I zygote64: option[42]=-Ximage-compiler-option
01-11 04:47:14.488   417   417 I zygote64: option[43]=--instruction-set-variant=generic
01-11 04:47:14.488   417   417 I zygote64: option[44]=-Xcompiler-option
01-11 04:47:14.488   417   417 I zygote64: option[45]=--instruction-set-variant=generic
01-11 04:47:14.488   417   417 I zygote64: option[46]=-Ximage-compiler-option
01-11 04:47:14.488   417   417 I zygote64: option[47]=--instruction-set-features=default
01-11 04:47:14.488   417   417 I zygote64: option[48]=-Xcompiler-option
01-11 04:47:14.488   417   417 I zygote64: option[49]=--instruction-set-features=default
01-11 04:47:14.488   417   417 I zygote64: option[50]=-Duser.locale=en-US
01-11 04:47:14.488   417   417 I zygote64: option[51]=--cpu-abilist=arm64-v8a
01-11 04:47:14.488   417   417 I zygote64: option[52]=-Xfingerprint:lge/p1_global_com/p1:8.0/NRD90U/171931902b165:user/release-keys
01-11 04:47:14.508   417   417 I zygote64: Pruning dalvik-cache since we are generating an image and will need to recompile
01-11 04:47:14.508   417   417 I zygote64: Using an offset of 0x50a000 from default art base address of 0x70000000
01-11 04:47:14.508   417   417 I zygote64: GenerateImage: /system/bin/dex2oat --image=/data/dalvik-cache/arm64/system@framework@boot.art --dex-file=/system/framework/core-oj.jar --dex-file=/system/framework/core-libart.jar --dex-file=/system/framework/conscrypt.jar --dex-file=/system/framework/okhttp.jar --dex-file=/system/framework/bouncycastle.jar --dex-file=/system/framework/apache-xml.jar --dex-file=/system/framework/legacy-test.jar --dex-file=/system/framework/ext.jar --dex-file=/system/framework/framework.jar --dex-file=/system/framework/telephony-common.jar --dex-file=/system/framework/voip-common.jar --dex-file=/system/framework/ims-common.jar --dex-file=/system/framework/org.apache.http.legacy.boot.jar --dex-file=/system/framework/android.hidl.base-V1.0-java.jar --dex-file=/system/framework/android.hidl.manager-V1.0-java.jar --dex-file=/system/framework/telephony-ext.jar --oat-file=/data/dalvik-cache/arm64/system@framework@boot.oat --instruction-set=arm64 --instruction-set-features=a53 --base=0x7050a000 --runtime-arg -Xms64m --runtime-arg -X
01-11 04:47:14.537   418   418 D AndroidRuntime: >>>>>> START com.android.internal.os.ZygoteInit uid 0 <<<<<<
01-11 04:47:14.551   812   812 W dex2oat : Skipping non-existent dex file '/system/framework/telephony-ext.jar'
01-11 04:47:14.551   812   812 I dex2oat : /system/bin/dex2oat --image=/data/dalvik-cache/arm64/system@framework@boot.art --dex-file=/system/framework/core-oj.jar --dex-file=/system/framework/core-libart.jar --dex-file=/system/framework/conscrypt.jar --dex-file=/system/framework/okhttp.jar --dex-file=/system/framework/bouncycastle.jar --dex-file=/system/framework/apache-xml.jar --dex-file=/system/framework/legacy-test.jar --dex-file=/system/framework/ext.jar --dex-file=/system/framework/framework.jar --dex-file=/system/framework/telephony-common.jar --dex-file=/system/framework/voip-common.jar --dex-file=/system/framework/ims-common.jar --dex-file=/system/framework/org.apache.http.legacy.boot.jar --dex-file=/system/framework/android.hidl.base-V1.0-java.jar --dex-file=/system/framework/android.hidl.manager-V1.0-java.jar --dex-file=/system/framework/telephony-ext.jar --oat-file=/data/dalvik-cache/arm64/system@framework@boot.oat --instruction-set=arm64 --instruction-set-features=a53 --base=0x7050a000 --runtime-arg -Xms64m --runtime-arg -Xmx64m --image-c
01-11 04:47:14.559   509   509 W qseecomd: type=1400 audit(0.0:132): avc: granted { read } for name="ion" dev="tmpfs" ino=11435 scontext=u:r:init:s0 tcontext=u:object_r:ion_device:s0 tclass=chr_file
01-11 04:47:14.559   509   509 W qseecomd: type=1400 audit(0.0:133): avc: granted { read open } for path="/dev/ion" dev="tmpfs" ino=11435 scontext=u:r:init:s0 tcontext=u:object_r:ion_device:s0 tclass=chr_file
01-11 04:47:14.561   488   488 I ThermalEngine: Thermal daemon started
01-11 04:47:14.563   488   488 I ThermalEngine: Using target config file '/system/etc/thermal-engine-8992.conf'
01-11 04:47:14.563   509   509 D QSEECOMAPI: : Loaded image: APP id = 3
01-11 04:47:14.564   479   479 E PerMgrProxy: Starting pm-proxy service
01-11 04:47:14.564   479   479 I libmdmdetect: ESOC framework not supported
01-11 04:47:14.564   479   479 I libmdmdetect: Found internal modem: modem
01-11 04:47:14.564   479   479 I PerMgrProxy: Found internal modem
01-11 04:47:14.565   509   509 D QSEECOMD: :  Keymaster/ kmota loaded
01-11 04:47:14.565   398   398 E SELinux : avc:  denied  { find } for service=vendor.qcom.PeripheralManager pid=479 uid=1000 scontext=u:r:init:s0 tcontext=u:object_r:default_android_service:s0 tclass=service_manager permissive=1
01-11 04:47:14.565   509   509 D QSEECOMD: : QSEECOM DAEMON RUNNING 
01-11 04:47:14.566   509   509 D QSEECOMD: : Init dlopen(libdrmtime.so, RTLD_NOW) succeeds
01-11 04:47:14.566   467   512 D PerMgrSrv: modem state: is off-line, add client PM-PROXY-THREAD
01-11 04:47:14.566   467   512 D PerMgrSrv: PM-PROXY-THREAD registered
01-11 04:47:14.566   509   509 D QSEECOMD: : Init::Init dlsym(g_FSHandle atime_start) succeeds
01-11 04:47:14.566   509   509 D DrmLibTime: QSEE Time Listener: atime_start
01-11 04:47:14.566   509   509 D QSEECOMAPI: : QSEECom_register_listener 11 sb_length = 0x5000
01-11 04:47:14.566   479   479 D PerMgrLib: PM-PROXY-THREAD successfully registered for modem
01-11 04:47:14.566   479   479 I PerMgrProxy: pm-proxy-thread Voting for internal modem
01-11 04:47:14.566   479   479 D PerMgrLib: PM-PROXY-THREAD voting for modem
01-11 04:47:14.567   467   513 D PerMgrSrv: PM-PROXY-THREAD voting for modem
01-11 04:47:14.567   467   513 D PerMgrSrv: modem new state: going on-line
01-11 04:47:14.567   509   509 D DrmLibTime: registering fs service to QSEECom is done!
01-11 04:47:14.567   509   509 D DrmLibTime: begin to create a thread!
01-11 04:47:14.567   467   513 D PerMgrSrv: modem num voters is 1
01-11 04:47:14.567   509   509 D DrmLibTime: Creating a pthread in atime_start is done! return 0
01-11 04:47:14.567   509   509 D QSEECOMD: : Init atime_start ret = 0
01-11 04:47:14.567   509   509 D QSEECOMD: : time services: Started (Listener ID = 11)
01-11 04:47:14.567   509   509 E QSEECOMD: : Listener: index = 4, hierarchy = 1
01-11 04:47:14.567   509   509 D QSEECOMD: : Init dlopen(libdrmfs.so, RTLD_NOW) succeeds
01-11 04:47:14.567   509   509 D QSEECOMD: : Init::Init dlsym(g_FSHandle fs_start) succeeds
01-11 04:47:14.567   509   509 D QSEECOMAPI: : QSEECom_register_listener 10 sb_length = 0x5000
01-11 04:47:14.568   509   509 D QSEECOMD: : Init fs_start ret = 0
01-11 04:47:14.568   509   509 D QSEECOMD: : file system services: Started (Listener ID = 10)
01-11 04:47:14.568   509   509 E QSEECOMD: : Listener: index = 5, hierarchy = 1
01-11 04:47:14.568   509   509 E QSEECOMD: : Init dlopen(libmdtp.so, RLTD_NOW) is failed....
01-11 04:47:14.568   509   509 E QSEECOMD: : Listener: index = 6, hierarchy = 1
01-11 04:47:14.568   509   509 D QSEECOMD: : Init dlopen(libdrmfs.so, RTLD_NOW) succeeds
01-11 04:47:14.568   509   509 D QSEECOMD: : Init::Init dlsym(g_FSHandle gpfs_start) succeeds
01-11 04:47:14.568   509   509 D QSEECOMAPI: : QSEECom_register_listener 28672 sb_length = 0x7e000
01-11 04:47:14.570   509   509 D QSEECOMD: : Init gpfs_start ret = 0
01-11 04:47:14.570   509   509 D QSEECOMD: : gpfile system services: Started (Listener ID = 28672)
01-11 04:47:14.575   509   524 D DrmLibTime: QSEE Time Listener: dispatch
01-11 04:47:14.575   509   524 D DrmLibTime: before calling ioctl to read the next time_cmd
01-11 04:47:14.578   488   488 E ThermalEngine: Daemon : persist.sys.thermald_miti_off = 
01-11 04:47:14.578   488   488 E ThermalEngine: Daemon : ro.lge.panel_type = 0
01-11 04:47:14.578   488   488 I ThermalEngine: devices_manager_init: Init
01-11 04:47:14.578   488   488 I ThermalEngine: Number of gpus :1
01-11 04:47:14.578   488   488 I Thermal-IOCTL: KTM IOCTL interface "/dev/msm_thermal_query" opened
01-11 04:47:14.578   488   488 E ThermalEngine: update_cpu_topology: Cluster Info[0]. Cluster Id: 0 cpu_bits:0xf sync:1
01-11 04:47:14.578   488   488 E ThermalEngine: update_cpu_topology: Cluster Info[1]. Cluster Id: 1 cpu_bits:0x30 sync:1
01-11 04:47:14.579   488   488 I ThermalEngine: vdd_rstr_init: Init KTM VDD RSTR enabled: 0
01-11 04:47:14.579   509   509 D QSEECOMAPI: : QSEECom_get_handle sb_length = 0x400
01-11 04:47:14.579   488   488 I ThermalEngine: sensors_manager_init: Init
01-11 04:47:14.579   509   509 D QSEECOMAPI: : App is not loaded in QSEE
01-11 04:47:14.580   509   509 E QSEECOMAPI: : Error::Error while trying to allocate data
01-11 04:47:14.580   509   509 E QSEECOMAPI: : Error::ION_memalloc failed
01-11 04:47:14.580   509   509 E QSEECOMAPI: : Error::Loading image failed with ret = -12
01-11 04:47:14.580   509   509 E QSEECOMD: : Loading keymaste app failied
01-11 04:47:14.580   509   509 D QSEECOMAPI: : QSEECom_get_handle sb_length = 0x400
01-11 04:47:14.580   509   509 D QSEECOMAPI: : App is not loaded in QSEE
01-11 04:47:14.581   485   485 E ANDR-PERF-MPCTL: Unable to create control service (stage=1, rc=0)
01-11 04:47:14.581   485   485 W libc    : invalid pthread_t (0) passed to libc
01-11 04:47:14.585   399   399 W /system/bin/hwservicemanager: getTransport: Cannot find entry android.hardware.health@1.0::IHealth/default in either framework or device manifest.
01-11 04:47:14.589   399   399 W /system/bin/hwservicemanager: getTransport: Cannot find entry android.hardware.thermal@1.1::IThermal/default in either framework or device manifest.
01-11 04:47:14.591   494   494 I cameraserver: type=1400 audit(0.0:134): avc: denied { read write } for name="media0" dev="tmpfs" ino=9889 scontext=u:r:cameraserver:s0 tcontext=u:object_r:device:s0 tclass=chr_file permissive=1
01-11 04:47:14.592   399   399 W /system/bin/hwservicemanager: getTransport: Cannot find entry android.hardware.thermal@1.0::IThermal/default in either framework or device manifest.
01-11 04:47:14.593   399   399 W /system/bin/hwservicemanager: getTransport: Cannot find entry android.hardware.health@1.0::IHealth/default in either framework or device manifest.
01-11 04:47:14.597   473   473 D vndksupport: Loading /vendor/lib64/egl/libGLESv1_CM_adreno.so from current namespace instead of sphal namespace.
01-11 04:47:14.599   473   473 D libEGL  : loaded /vendor/lib64/egl/libGLESv1_CM_adreno.so
01-11 04:47:14.615   488   534 E Diag_Lib:  Diag_LSM_Init: Failed to open handle to diag driver, error = 2
01-11 04:47:14.618   473   473 D vndksupport: Loading /vendor/lib64/egl/libGLESv2_adreno.so from current namespace instead of sphal namespace.
01-11 04:47:14.618   473   473 D libEGL  : loaded /vendor/lib64/egl/libGLESv2_adreno.so
01-11 04:47:14.630   478   576 I adbd    : initializing functionfs
01-11 04:47:14.630   478   576 I adbd    : opening control endpoint /dev/usb-ffs/adb/ep0
01-11 04:47:14.631   483   483 I irsc_util: Starting irsc tool
01-11 04:47:14.640   490   490 E Energy-Aware: Voltage plan not received for cpu4
01-11 04:47:14.640   490   490 E Energy-Aware: Failed to transfer voltage values for cpu4 err:-1
01-11 04:47:14.640   490   490 E Energy-Aware: Voltage plan not received for cpu5
01-11 04:47:14.640   490   490 E Energy-Aware: Failed to transfer voltage values for cpu5 err:-1
01-11 04:47:14.649   529   529 E gatekeeper_device: Gatekeeper (Keymaster TA) loaded/ queried from Qseecomd
01-11 04:47:14.649   529   529 D QSEECOMAPI: : QSEECom_get_handle sb_length = 0xa000
01-11 04:47:14.650   529   529 D QSEECOMAPI: : App is already loaded QSEE and app id = 3
01-11 04:47:14.654   483   483 I irsc_util: Num of entries:285
01-11 04:47:14.655   483   483 I irsc_util: Ending irsc tool
01-11 04:47:14.657   497   497 E keymaster1_device: Keymaster loaded/ queried from Qseecomd
01-11 04:47:14.657   497   497 D QSEECOMAPI: : QSEECom_get_handle sb_length = 0xa000
01-11 04:47:14.657   497   497 D QSEECOMAPI: : App is already loaded QSEE and app id = 3
01-11 04:47:14.658   812   812 I dex2oat : setting boot class path to /system/framework/core-oj.jar:/system/framework/core-libart.jar:/system/framework/conscrypt.jar:/system/framework/okhttp.jar:/system/framework/bouncycastle.jar:/system/framework/apache-xml.jar:/system/framework/legacy-test.jar:/system/framework/ext.jar:/system/framework/framework.jar:/system/framework/telephony-common.jar:/system/framework/voip-common.jar:/system/framework/ims-common.jar:/system/framework/org.apache.http.legacy.boot.jar:/system/framework/android.hidl.base-V1.0-java.jar:/system/framework/android.hidl.manager-V1.0-java.jar
01-11 04:47:14.668   481   481 E Diag_Lib:  Diag_LSM_Init: Failed to open handle to diag driver, error = 2
01-11 04:47:14.668   481   481 E Diag_Lib: qpLogDiagInit <== result : 0
01-11 04:47:14.668   481   481 E Diag_Lib: QMID : gIsQXDMDisabled 0, gIsADBDisabled 1, gIsDebugDisabled 0, gIsIMSLogsDisabled 0
01-11 04:47:14.668   481   481 E Diag_Lib:  Diag_LSM_Init: Failed to open handle to diag driver, error = 2
01-11 04:47:14.668   481   481 E Diag_Lib: qpLogDiagInit <== result : 0
01-11 04:47:14.668   481   481 E Diag_Lib: QMID : gIsQXDMDisabled 0, gIsADBDisabled 1, gIsDebugDisabled 0, gIsIMSLogsDisabled 0
01-11 04:47:14.668   481   481 E Diag_Lib: [IMS_QMID] |imsqmiserver.c | 538 | QMID#$$#0#QMI DAEMON STARTED
01-11 04:47:14.668   481   481 E Diag_Lib:  Diag_LSM_Init: Failed to open handle to diag driver, error = 2
01-11 04:47:14.668   481   481 E Diag_Lib: qpLogDiagInit <== result : 0
01-11 04:47:14.668   481   481 E Diag_Lib: QMID : gIsQXDMDisabled 0, gIsADBDisabled 1, gIsDebugDisabled 0, gIsIMSLogsDisabled 0
01-11 04:47:14.668   481   481 E Diag_Lib:  Diag_LSM_Init: Failed to open handle to diag driver, error = 2
01-11 04:47:14.668   481   481 E Diag_Lib: qpLogDiagInit <== result : 0
01-11 04:47:14.668   481   481 E Diag_Lib: QMID : gIsQXDMDisabled 0, gIsADBDisabled 1, gIsDebugDisabled 0, gIsIMSLogsDisabled 0
01-11 04:47:14.668   481   481 E Diag_Lib:  Diag_LSM_Init: Failed to open handle to diag driver, error = 2
01-11 04:47:14.668   481   481 E Diag_Lib: qpLogDiagInit <== result : 0
01-11 04:47:14.668   481   481 E Diag_Lib: QMID : gIsQXDMDisabled 0, gIsADBDisabled 1, gIsDebugDisabled 0, gIsIMSLogsDisabled 0
01-11 04:47:14.668   481   481 E Diag_Lib:  Diag_LSM_Init: Failed to open handle to diag driver, error = 2
01-11 04:47:14.668   481   481 E Diag_Lib: qpLogDiagInit <== result : 0
01-11 04:47:14.668   481   481 E Diag_Lib: QMID : gIsQXDMDisabled 0, gIsADBDisabled 1, gIsDebugDisabled 0, gIsIMSLogsDisabled 0
01-11 04:47:14.668   481   481 E Diag_Lib:  Diag_LSM_Init: Failed to open handle to diag driver, error = 2
01-11 04:47:14.668   481   481 E Diag_Lib: qpLogDiagInit <== result : 0
01-11 04:47:14.668   481   481 E Diag_Lib: QMID : gIsQXDMDisabled 0, gIsADBDisabled 1, gIsDebugDisabled 0, gIsIMSLogsDisabled 0
01-11 04:47:14.678   418   418 I zygote  : option[0]=-Xzygote
01-11 04:47:14.678   418   418 I zygote  : option[1]=-Xusetombstonedtraces
01-11 04:47:14.678   418   418 I zygote  : option[2]=exit
01-11 04:47:14.678   418   418 I zygote  : option[3]=vfprintf
01-11 04:47:14.678   418   418 I zygote  : option[4]=sensitiveThread
01-11 04:47:14.678   418   418 I zygote  : option[5]=-verbose:gc
01-11 04:47:14.678   418   418 I zygote  : option[6]=-Xms8m
01-11 04:47:14.678   418   418 I zygote  : option[7]=-Xmx768m
01-11 04:47:14.678   418   418 I zygote  : option[8]=-XX:HeapGrowthLimit=288m
01-11 04:47:14.678   418   418 I zygote  : option[9]=-XX:HeapMinFree=2m
01-11 04:47:14.678   418   418 I zygote  : option[10]=-XX:HeapMaxFree=8m
01-11 04:47:14.678   418   418 I zygote  : option[11]=-XX:HeapTargetUtilization=0.75
01-11 04:47:14.678   418   418 I zygote  : option[12]=-Xusejit:true
01-11 04:47:14.678   418   418 I zygote  : option[13]=-Xjitsaveprofilinginfo
01-11 04:47:14.678   418   418 I zygote  : option[14]=-agentlib:jdwp=transport=dt_android_adb,suspend=n,server=y
01-11 04:47:14.678   418   418 I zygote  : option[15]=-Xlockprofthreshold:500
01-11 04:47:14.678   418   418 I zygote  : option[16]=-Ximage-compiler-option
01-11 04:47:14.678   418   418 I zygote  : option[17]=--runtime-arg
01-11 04:47:14.679   418   418 I zygote  : option[18]=-Ximage-compiler-option
01-11 04:47:14.679   418   418 I zygote  : option[19]=-Xms64m
01-11 04:47:14.679   418   418 I zygote  : option[20]=-Ximage-compiler-option
01-11 04:47:14.679   418   418 I zygote  : option[21]=--runtime-arg
01-11 04:47:14.679   418   418 I zygote  : option[22]=-Ximage-compiler-option
01-11 04:47:14.679   418   418 I zygote  : option[23]=-Xmx64m
01-11 04:47:14.679   418   418 I zygote  : option[24]=-Ximage-compiler-option
01-11 04:47:14.679   418   418 I zygote  : option[25]=--image-classes=/system/etc/preloaded-classes
01-11 04:47:14.679   418   418 I zygote  : option[26]=-Ximage-compiler-option
01-11 04:47:14.679   418   418 I zygote  : option[27]=--compiled-classes=/system/etc/compiled-classes
01-11 04:47:14.679   418   418 I zygote  : option[28]=-Ximage-compiler-option
01-11 04:47:14.679   418   418 I zygote  : option[29]=--dirty-image-objects=/system/etc/dirty-image-objects
01-11 04:47:14.679   418   418 I zygote  : option[30]=-Xcompiler-option
01-11 04:47:14.679   418   418 I zygote  : option[31]=--runtime-arg
01-11 04:47:14.679   418   418 I zygote  : option[32]=-Xcompiler-option
01-11 04:47:14.679   418   418 I zygote  : option[33]=-Xms64m
01-11 04:47:14.679   418   418 I zygote  : option[34]=-Xcompiler-option
01-11 04:47:14.679   418   418 I zygote  : option[35]=--runtime-arg
01-11 04:47:14.679   418   418 I zygote  : option[36]=-Xcompiler-option
01-11 04:47:14.679   418   418 I zygote  : option[37]=-Xmx512m
01-11 04:47:14.679   418   418 I zygote  : option[38]=-Xcompiler-option
01-11 04:47:14.679   418   418 I zygote  : option[39]=-j2
01-11 04:47:14.679   418   418 I zygote  : option[40]=-Ximage-compiler-option
01-11 04:47:14.679   418   418 I zygote  : option[41]=-j4
01-11 04:47:14.679   418   418 I zygote  : option[42]=-Ximage-compiler-option
01-11 04:47:14.679   418   418 I zygote  : option[43]=--instruction-set-variant=cortex-a53.a57
01-11 04:47:14.679   418   418 I zygote  : option[44]=-Xcompiler-option
01-11 04:47:14.679   418   418 I zygote  : option[45]=--instruction-set-variant=cortex-a53.a57
01-11 04:47:14.679   418   418 I zygote  : option[46]=-Ximage-compiler-option
01-11 04:47:14.679   418   418 I zygote  : option[47]=--instruction-set-features=default
01-11 04:47:14.679   418   418 I zygote  : option[48]=-Xcompiler-option
01-11 04:47:14.679   418   418 I zygote  : option[49]=--instruction-set-features=default
01-11 04:47:14.679   418   418 I zygote  : option[50]=-Duser.locale=en-US
01-11 04:47:14.679   418   418 I zygote  : option[51]=--cpu-abilist=armeabi-v7a,armeabi
01-11 04:47:14.679   418   418 I zygote  : option[52]=-Xfingerprint:lge/p1_global_com/p1:8.0/NRD90U/171931902b165:user/release-keys
01-11 04:47:14.680   497   497 E keymaster1_device: TA API Major Verion: 1
01-11 04:47:14.680   497   497 E keymaster1_device: TA API Minor Verion: 0
01-11 04:47:14.680   497   497 E keymaster1_device: TA Major Verion: 1
01-11 04:47:14.680   497   497 E keymaster1_device: TA Minor Verion: 10
01-11 04:47:14.680   497   497 E keymaster1_device: set_version_req->flags: 1
01-11 04:47:14.681   497   497 D android.hardware.keymaster@3.0-impl: Wrapping keymaster1 module Keymaster QTI HAL with SofKeymasterDevice
01-11 04:47:14.685   491   491 D ImsWmsProxy: ImsWmsProxy :: IMS WMS Proxy is started
01-11 04:47:14.686   491   491 D ImsWmsProxy: ImsWmsProxy :: local socket (4)
01-11 04:47:14.686   491   491 D ImsWmsProxy: ImsWmsProxy :: IMS WMS Proxy is ready
01-11 04:47:14.686   491   491 E Diag_Lib:  Diag_LSM_Init: Failed to open handle to diag driver, error = 2
01-11 04:47:14.691   481   481 E Diag_Lib:  Diag_LSM_Init: Failed to open handle to diag driver, error = 2
01-11 04:47:14.691   481   481 E Diag_Lib: qpLogDiagInit <== result : 0
01-11 04:47:14.691   481   481 E Diag_Lib: QMID : gIsQXDMDisabled 0, gIsADBDisabled 1, gIsDebugDisabled 0, gIsIMSLogsDisabled 0
01-11 04:47:14.691   481   481 E Diag_Lib:  Diag_LSM_Init: Failed to open handle to diag driver, error = 2
01-11 04:47:14.691   481   481 E Diag_Lib: qpLogDiagInit <== result : 0
01-11 04:47:14.691   481   481 E Diag_Lib: QMID : gIsQXDMDisabled 0, gIsADBDisabled 1, gIsDebugDisabled 0, gIsIMSLogsDisabled 0
01-11 04:47:14.691   481   481 E Diag_Lib:  Diag_LSM_Init: Failed to open handle to diag driver, error = 2
01-11 04:47:14.691   481   481 E Diag_Lib: qpLogDiagInit <== result : 0
01-11 04:47:14.691   481   481 E Diag_Lib: QMID : gIsQXDMDisabled 0, gIsADBDisabled 1, gIsDebugDisabled 0, gIsIMSLogsDisabled 0
01-11 04:47:14.697   418   418 I zygote  : Pruning dalvik-cache since we are generating an image and will need to recompile
01-11 04:47:14.698   418   418 I zygote  : Using an offset of 0x4ed000 from default art base address of 0x70000000
01-11 04:47:14.698   418   418 I zygote  : GenerateImage: /system/bin/dex2oat --image=/data/dalvik-cache/arm/system@framework@boot.art --dex-file=/system/framework/core-oj.jar --dex-file=/system/framework/core-libart.jar --dex-file=/system/framework/conscrypt.jar --dex-file=/system/framework/okhttp.jar --dex-file=/system/framework/bouncycastle.jar --dex-file=/system/framework/apache-xml.jar --dex-file=/system/framework/legacy-test.jar --dex-file=/system/framework/ext.jar --dex-file=/system/framework/framework.jar --dex-file=/system/framework/telephony-common.jar --dex-file=/system/framework/voip-common.jar --dex-file=/system/framework/ims-common.jar --dex-file=/system/framework/org.apache.http.legacy.boot.jar --dex-file=/system/framework/android.hidl.base-V1.0-java.jar --dex-file=/system/framework/android.hidl.manager-V1.0-java.jar --dex-file=/system/framework/telephony-ext.jar --oat-file=/data/dalvik-cache/arm/system@framework@boot.oat --instruction-set=arm --instruction-set-features=div,atomic_ldrd_strd,armv8a --base=0x704ed000 --runtime-arg -Xms64
01-11 04:47:14.702   496   496 I installd: installd firing up
01-11 04:47:14.744   505   505 I /vendor/bin/hw/android.hardware.media.omx@1.0-service: mediacodecservice starting
01-11 04:47:14.762   473   473 I Adreno  : QUALCOMM build                   : d3015e9, I25dc76dc3f
01-11 04:47:14.762   473   473 I Adreno  : Build Date                       : 01/26/17
01-11 04:47:14.762   473   473 I Adreno  : OpenGL ES Shader Compiler Version: XE031.09.00.03
01-11 04:47:14.762   473   473 I Adreno  : Local Branch                     : 
01-11 04:47:14.762   473   473 I Adreno  : Remote Branch                    : refs/tags/AU_LINUX_ANDROID_LA.BF64.1.2.3_RB1.07.00.00.258.011
01-11 04:47:14.762   473   473 I Adreno  : Remote Branch                    : NONE
01-11 04:47:14.762   473   473 I Adreno  : Reconstruct Branch               : NOTHING
01-11 04:47:14.765   505   505 W /vendor/bin/hw/android.hardware.media.omx@1.0-service: libminijail[505]: allowing syscall: clock_gettime
01-11 04:47:14.766   505   505 W /vendor/bin/hw/android.hardware.media.omx@1.0-service: libminijail[505]: allowing syscall: connect
01-11 04:47:14.766   505   505 W /vendor/bin/hw/android.hardware.media.omx@1.0-service: libminijail[505]: allowing syscall: fcntl64
01-11 04:47:14.766   505   505 W /vendor/bin/hw/android.hardware.media.omx@1.0-service: libminijail[505]: allowing syscall: socket
01-11 04:47:14.766   505   505 W /vendor/bin/hw/android.hardware.media.omx@1.0-service: libminijail[505]: allowing syscall: writev
01-11 04:47:14.767   505   505 W /vendor/bin/hw/android.hardware.media.omx@1.0-service: libminijail[505]: logging seccomp filter failures
01-11 04:47:14.772   505   505 I /vendor/bin/hw/android.hardware.media.omx@1.0-service: Non-Treble OMX service created.
01-11 04:47:14.785   488   488 I ThermalEngine: Loading config file for virtual sensor
01-11 04:47:14.785   488   488 I ThermalEngine: Loading configuration file /system/etc/thermal-engine-8992.conf
01-11 04:47:14.785   488   488 I ThermalEngine: Parsing section global
01-11 04:47:14.785   488   488 I ThermalEngine: Found field 'sampling'
01-11 04:47:14.785   488   488 I ThermalEngine: Found field 'c_mode'
01-11 04:47:14.785   488   488 I ThermalEngine: Found field 'lcd_adjust_thresh'
01-11 04:47:14.785   488   488 I ThermalEngine: Found field 'lcd_adjust_max_level'
01-11 04:47:14.787   488   488 E ThermalEngine: virtual_sensors_init: Error getting virtual sensors set
01-11 04:47:14.787   488   488 I ThermalEngine: Loading configuration file /system/etc/thermal-engine-8992.conf
01-11 04:47:14.787   488   488 I ThermalEngine: Parsing section global
01-11 04:47:14.787   488   488 I ThermalEngine: Found field 'sampling'
01-11 04:47:14.787   488   488 I ThermalEngine: Found field 'c_mode'
01-11 04:47:14.787   488   488 I ThermalEngine: Found field 'lcd_adjust_thresh'
01-11 04:47:14.787   488   488 I ThermalEngine: Found field 'lcd_adjust_max_level'
01-11 04:47:14.787   488   488 I ThermalEngine: Created section 'LITTLE_CLUSTER_management'
01-11 04:47:14.787   488   488 I ThermalEngine: Algo Type 'monitor'
01-11 04:47:14.787   488   488 I ThermalEngine: Parsing section LITTLE_CLUSTER_management
01-11 04:47:14.787   488   488 I ThermalEngine: Found field 'sensor'
01-11 04:47:14.787   488   488 I ThermalEngine: Found field 'sampling'
01-11 04:47:14.787   488   488 I ThermalEngine: Found field 'thresholds'
01-11 04:47:14.787   488   488 I ThermalEngine: Found field 'thresholds_clr'
01-11 04:47:14.787   488   488 I ThermalEngine: Found field 'actions'
01-11 04:47:14.787   488   488 I ThermalEngine: Found field 'action_info'
01-11 04:47:14.787   488   488 E ThermalEngine: get_max_action_info: can't read CLUSTER0_MAX max val
01-11 04:47:14.787   488   488 E ThermalEngine: parse_action_info: Found CLUSTER0_MAX: 1248000
01-11 04:47:14.787   488   488 I ThermalEngine: Found field 'action_type'
01-11 04:47:14.787   488   488 I ThermalEngine: Created section 'SS-BIG_CLUSTER_management'
01-11 04:47:14.787   488   488 I ThermalEngine: Algo Type 'monitor'
01-11 04:47:14.787   488   488 I ThermalEngine: Parsing section SS-BIG_CLUSTER_management
01-11 04:47:14.787   488   488 I ThermalEngine: Found field 'sampling'
01-11 04:47:14.787   488   488 I ThermalEngine: Found field 'sensor'
01-11 04:47:14.787   488   488 I ThermalEngine: Found field 'thresholds'
01-11 04:47:14.787   488   488 I ThermalEngine: Found field 'thresholds_clr'
01-11 04:47:14.787   488   488 I ThermalEngine: Found field 'actions'
01-11 04:47:14.787   488   488 I ThermalEngine: Found field 'action_info'
01-11 04:47:14.787   488   488 E ThermalEngine: get_max_action_info: can't read CLUSTER1_MAX max val
01-11 04:47:14.787   488   488 E ThermalEngine: parse_action_info: Found CLUSTER1_MAX: 1248000
01-11 04:47:14.787   488   488 I ThermalEngine: Found field 'action_type'
01-11 04:47:14.787   488   488 I ThermalEngine: Created section 'SS-GPU_management'
01-11 04:47:14.787   488   488 I ThermalEngine: Algo Type 'monitor'
01-11 04:47:14.788   488   488 I ThermalEngine: Parsing section SS-GPU_management
01-11 04:47:14.788   488   488 I ThermalEngine: Found field 'sensor'
01-11 04:47:14.788   488   488 I ThermalEngine: Found field 'sampling'
01-11 04:47:14.788   488   488 I ThermalEngine: Found field 'thresholds'
01-11 04:47:14.788   488   488 I ThermalEngine: Found field 'thresholds_clr'
01-11 04:47:14.788   488   488 I ThermalEngine: Found field 'actions'
01-11 04:47:14.788   488   488 I ThermalEngine: Found field 'action_info'
01-11 04:47:14.788   488   488 E ThermalEngine: get_max_action_info: can't read GPU_MAX max val
01-11 04:47:14.788   488   488 E ThermalEngine: parse_action_info: Found GPU_MAX: 600000000
01-11 04:47:14.788   488   488 I ThermalEngine: Found field 'action_type'
01-11 04:47:14.788   488   488 I ThermalEngine: Created section 'LCD_management'
01-11 04:47:14.788   488   488 I ThermalEngine: Algo Type 'monitor'
01-11 04:47:14.788   488   488 I ThermalEngine: Parsing section LCD_management
01-11 04:47:14.788   488   488 I ThermalEngine: Found field 'sensor'
01-11 04:47:14.788   488   488 I ThermalEngine: Found field 'sampling'
01-11 04:47:14.788   488   488 I ThermalEngine: Found field 'thresholds'
01-11 04:47:14.788   488   488 I ThermalEngine: Found field 'thresholds_clr'
01-11 04:47:14.788   488   488 I ThermalEngine: Found field 'actions'
01-11 04:47:14.788   488   488 I ThermalEngine: Found field 'action_info'
01-11 04:47:14.788   488   488 I ThermalEngine: Found field 'action_type'
01-11 04:47:14.788   488   488 I ThermalEngine: Created section 'battery_monitor'
01-11 04:47:14.788   488   488 I ThermalEngine: Algo Type 'monitor'
01-11 04:47:14.788   488   488 I ThermalEngine: Parsing section battery_monitor
01-11 04:47:14.788   488   488 I ThermalEngine: Found field 'sensor'
01-11 04:47:14.788   488   488 I ThermalEngine: Found field 'sampling'
01-11 04:47:14.788   488   488 I ThermalEngine: Found field 'thresholds'
01-11 04:47:14.788   488   488 I ThermalEngine: Found field 'thresholds_clr'
01-11 04:47:14.788   488   488 I ThermalEngine: Found field 'actions'
01-11 04:47:14.788   488   488 I ThermalEngine: Found field 'action_info'
01-11 04:47:14.788   488   488 I ThermalEngine: Created section 'qc20_battery_monitor'
01-11 04:47:14.788   488   488 I ThermalEngine: Algo Type 'monitor'
01-11 04:47:14.788   488   488 I ThermalEngine: Parsing section qc20_battery_monitor
01-11 04:47:14.788   488   488 I ThermalEngine: Found field 'sensor'
01-11 04:47:14.788   488   488 I ThermalEngine: Found field 'sampling'
01-11 04:47:14.788   488   488 I ThermalEngine: Found field 'thresholds'
01-11 04:47:14.788   488   488 I ThermalEngine: Found field 'thresholds_clr'
01-11 04:47:14.788   488   488 I ThermalEngine: Found field 'actions'
01-11 04:47:14.788   488   488 I ThermalEngine: Found field 'action_info'
01-11 04:47:14.788   488   488 I ThermalEngine: Created section 'wlchg_monitor'
01-11 04:47:14.788   488   488 I ThermalEngine: Algo Type 'monitor'
01-11 04:47:14.788   488   488 I ThermalEngine: Parsing section wlchg_monitor
01-11 04:47:14.788   488   488 I ThermalEngine: Found field 'sensor'
01-11 04:47:14.788   488   488 I ThermalEngine: Found field 'sampling'
01-11 04:47:14.788   488   488 I ThermalEngine: Found field 'thresholds'
01-11 04:47:14.788   488   488 I ThermalEngine: Found field 'thresholds_clr'
01-11 04:47:14.788   488   488 I ThermalEngine: Found field 'actions'
01-11 04:47:14.789   488   488 I ThermalEngine: Found field 'action_info'
01-11 04:47:14.789   488   488 I ThermalEngine: Created section 'SS-GPU12_JUNCTION'
01-11 04:47:14.789   488   488 I ThermalEngine: Algo Type 'ss'
01-11 04:47:14.789   488   488 I ThermalEngine: Parsing section SS-GPU12_JUNCTION
01-11 04:47:14.789   488   488 I ThermalEngine: Found field 'sampling'
01-11 04:47:14.789   488   488 I ThermalEngine: Found field 'sensor'
01-11 04:47:14.789   488   488 I ThermalEngine: Found field 'device'
01-11 04:47:14.789   488   488 I ThermalEngine: Found field 'set_point'
01-11 04:47:14.789   488   488 I ThermalEngine: Found field 'set_point_clr'
01-11 04:47:14.789   488   488 I ThermalEngine: Found field 'action_type'
01-11 04:47:14.789   488   488 I ThermalEngine: Created section 'SS-GPU11_JUNCTION'
01-11 04:47:14.789   488   488 I ThermalEngine: Algo Type 'ss'
01-11 04:47:14.789   488   488 I ThermalEngine: Parsing section SS-GPU11_JUNCTION
01-11 04:47:14.789   488   488 I ThermalEngine: Found field 'sampling'
01-11 04:47:14.789   488   488 I ThermalEngine: Found field 'sensor'
01-11 04:47:14.789   488   488 I ThermalEngine: Found field 'device'
01-11 04:47:14.789   488   488 I ThermalEngine: Found field 'set_point'
01-11 04:47:14.789   488   488 I ThermalEngine: Found field 'set_point_clr'
01-11 04:47:14.789   488   488 I ThermalEngine: Found field 'action_type'
01-11 04:47:14.789   488   488 I ThermalEngine: Created section 'SS-CPU0_JUNCTION'
01-11 04:47:14.789   488   488 I ThermalEngine: Algo Type 'ss'
01-11 04:47:14.789   488   488 I ThermalEngine: Parsing section SS-CPU0_JUNCTION
01-11 04:47:14.789   488   488 I ThermalEngine: Found field 'sampling'
01-11 04:47:14.789   488   488 I ThermalEngine: Found field 'sensor'
01-11 04:47:14.789   488   488 I ThermalEngine: Found field 'device'
01-11 04:47:14.789   488   488 I ThermalEngine: Found field 'set_point'
01-11 04:47:14.789   488   488 I ThermalEngine: Found field 'set_point_clr'
01-11 04:47:14.789   488   488 I ThermalEngine: Found field 'action_type'
01-11 04:47:14.789   488   488 I ThermalEngine: Created section 'SS-CPU2_JUNCTION'
01-11 04:47:14.789   488   488 I ThermalEngine: Algo Type 'ss'
01-11 04:47:14.789   488   488 I ThermalEngine: Parsing section SS-CPU2_JUNCTION
01-11 04:47:14.789   488   488 I ThermalEngine: Found field 'sampling'
01-11 04:47:14.789   488   488 I ThermalEngine: Found field 'sensor'
01-11 04:47:14.789   488   488 I ThermalEngine: Found field 'device'
01-11 04:47:14.789   488   488 I ThermalEngine: Found field 'set_point'
01-11 04:47:14.789   488   488 I ThermalEngine: Found field 'set_point_clr'
01-11 04:47:14.789   488   488 I ThermalEngine: Found field 'action_type'
01-11 04:47:14.789   488   488 I ThermalEngine: Created section 'SS-CPU3_JUNCTION'
01-11 04:47:14.789   488   488 I ThermalEngine: Algo Type 'ss'
01-11 04:47:14.789   488   488 I ThermalEngine: Parsing section SS-CPU3_JUNCTION
01-11 04:47:14.789   488   488 I ThermalEngine: Found field 'sampling'
01-11 04:47:14.789   488   488 I ThermalEngine: Found field 'sensor'
01-11 04:47:14.789   488   488 I ThermalEngine: Found field 'device'
01-11 04:47:14.789   488   488 I ThermalEngine: Found field 'set_point'
01-11 04:47:14.789   488   488 I ThermalEngine: Found field 'set_point_clr'
01-11 04:47:14.789   488   488 I ThermalEngine: Found field 'action_type'
01-11 04:47:14.789   488   488 I ThermalEngine: Created section 'SS-CPU4'
01-11 04:47:14.789   488   488 I ThermalEngine: Algo Type 'ss'
01-11 04:47:14.789   488   488 I ThermalEngine: Parsing section SS-CPU4
01-11 04:47:14.789   488   488 I ThermalEngine: Found field 'sampling'
01-11 04:47:14.789   488   488 I ThermalEngine: Found field 'sensor'
01-11 04:47:14.789   488   488 I ThermalEngine: Found field 'device'
01-11 04:47:14.789   488   488 I ThermalEngine: Found field 'device_max_limit'
01-11 04:47:14.789   488   488 I ThermalEngine: Found field 'set_point'
01-11 04:47:14.789   488   488 I ThermalEngine: Found field 'set_point_clr'
01-11 04:47:14.789   488   488 I ThermalEngine: Found field 'action_type'
01-11 04:47:14.789   488   488 I ThermalEngine: Created section 'SS-CPU5'
01-11 04:47:14.789   488   488 I ThermalEngine: Algo Type 'ss'
01-11 04:47:14.789   488   488 I ThermalEngine: Parsing section SS-CPU5
01-11 04:47:14.789   488   488 I ThermalEngine: Found field 'sampling'
01-11 04:47:14.789   488   488 I ThermalEngine: Found field 'sensor'
01-11 04:47:14.789   488   488 I ThermalEngine: Found field 'device'
01-11 04:47:14.789   488   488 I ThermalEngine: Found field 'device_max_limit'
01-11 04:47:14.789   488   488 I ThermalEngine: Found field 'set_point'
01-11 04:47:14.789   488   488 I ThermalEngine: Found field 'set_point_clr'
01-11 04:47:14.789   488   488 I ThermalEngine: Found field 'action_type'
01-11 04:47:14.790   488   488 I ThermalEngine: Created section 'CPU4_HOTPLUG_MONITOR'
01-11 04:47:14.790   488   488 I ThermalEngine: Algo Type 'monitor'
01-11 04:47:14.790   488   488 I ThermalEngine: Parsing section CPU4_HOTPLUG_MONITOR
01-11 04:47:14.790   488   488 I ThermalEngine: Found field 'sampling'
01-11 04:47:14.790   488   488 I ThermalEngine: Found field 'sensor'
01-11 04:47:14.790   488   488 I ThermalEngine: Found field 'thresholds'
01-11 04:47:14.790   488   488 I ThermalEngine: Found field 'thresholds_clr'
01-11 04:47:14.790   488   488 I ThermalEngine: Found field 'actions'
01-11 04:47:14.790   488   488 I ThermalEngine: Found field 'action_info'
01-11 04:47:14.790   488   488 I ThermalEngine: Created section 'CPU5_HOTPLUG_MONITOR'
01-11 04:47:14.790   488   488 I ThermalEngine: Algo Type 'monitor'
01-11 04:47:14.790   488   488 I ThermalEngine: Parsing section CPU5_HOTPLUG_MONITOR
01-11 04:47:14.790   488   488 I ThermalEngine: Found field 'sampling'
01-11 04:47:14.790   488   488 I ThermalEngine: Found field 'sensor'
01-11 04:47:14.790   488   488 I ThermalEngine: Found field 'thresholds'
01-11 04:47:14.790   488   488 I ThermalEngine: Found field 'thresholds_clr'
01-11 04:47:14.790   488   488 I ThermalEngine: Found field 'actions'
01-11 04:47:14.790   488   488 I ThermalEngine: Found field 'action_info'
01-11 04:47:14.790   488   488 I ThermalEngine: pid_algo_init: No PID's to be configured.
01-11 04:47:14.790   488   488 I ThermalEngine: [CPU5_HOTPLUG_MONITOR]
01-11 04:47:14.790   488   488 I ThermalEngine: algo_type monitor
01-11 04:47:14.790   488   488 I ThermalEngine: sampling 1000
01-11 04:47:14.790   488   488 I ThermalEngine: sensor xo_therm
01-11 04:47:14.790   488   488 I ThermalEngine: thresholds 57000
01-11 04:47:14.790   488   488 I ThermalEngine: thresholds_clr 54000
01-11 04:47:14.790   488   488 I ThermalEngine: actions hotplug_5
01-11 04:47:14.790   488   488 I ThermalEngine: action_info 1
01-11 04:47:14.790   488   488 I ThermalEngine: [CPU4_HOTPLUG_MONITOR]
01-11 04:47:14.790   488   488 I ThermalEngine: algo_type monitor
01-11 04:47:14.790   488   488 I ThermalEngine: sampling 1000
01-11 04:47:14.790   488   488 I ThermalEngine: sensor xo_therm
01-11 04:47:14.790   488   488 I ThermalEngine: thresholds 59000
01-11 04:47:14.790   488   488 I ThermalEngine: thresholds_clr 56000
01-11 04:47:14.790   488   488 I ThermalEngine: actions hotplug_4
01-11 04:47:14.790   488   488 I ThermalEngine: action_info 1
01-11 04:47:14.790   488   488 I ThermalEngine: [wlchg_monitor]
01-11 04:47:14.790   488   488 I ThermalEngine: algo_type monitor
01-11 04:47:14.790   488   488 I ThermalEngine: sampling 10000
01-11 04:47:14.790   488   488 I ThermalEngine: sensor xo_therm
01-11 04:47:14.790   488   488 I ThermalEngine: thresholds 42000 48000 53000
01-11 04:47:14.790   488   488 I ThermalEngine: thresholds_clr 40000 45000 50000
01-11 04:47:14.790   488   488 I ThermalEngine: actions wlchg wlchg wlchg
01-11 04:47:14.790   488   488 I ThermalEngine: action_info 900 700 500
01-11 04:47:14.790   488   488 I ThermalEngine: [qc20_battery_monitor]
01-11 04:47:14.791   488   488 I ThermalEngine: algo_type monitor
01-11 04:47:14.791   488   488 I ThermalEngine: sampling 10000
01-11 04:47:14.791   488   488 I ThermalEngine: sensor xo_batt
01-11 04:47:14.791   488   488 I ThermalEngine: thresholds 48000 56000 58000
01-11 04:47:14.791   488   488 I ThermalEngine: thresholds_clr 46000 55000 57000
01-11 04:47:14.791   488   488 I ThermalEngine: actions battery_quick battery_quick battery_quick
01-11 04:47:14.791   488   488 I ThermalEngine: action_info 3000 600 300
01-11 04:47:14.791   488   488 I ThermalEngine: [battery_monitor]
01-11 04:47:14.791   488   488 I ThermalEngine: algo_type monitor
