01-02 18:58:22.786   517   517 D QSEECOMAPI: : App is already loaded QSEE and app id = 3
01-02 18:58:22.794   539   539 I dex2oat : setting boot class path to /system/framework/core-oj.jar:/system/framework/core-libart.jar:/system/framework/conscrypt.jar:/system/framework/okhttp.jar:/system/framework/legacy-test.jar:/system/framework/bouncycastle.jar:/system/framework/ext.jar:/system/framework/framework.jar:/system/framework/telephony-common.jar:/system/framework/voip-common.jar:/system/framework/ims-common.jar:/system/framework/apache-xml.jar:/system/framework/org.apache.http.legacy.boot.jar:/system/framework/android.hidl.base-V1.0-java.jar:/system/framework/android.hidl.manager-V1.0-java.jar
01-02 18:58:22.797   517   517 E keymaster1_device: TA API Major Verion: 1
01-02 18:58:22.797   517   517 E keymaster1_device: TA API Minor Verion: 0
01-02 18:58:22.797   517   517 E keymaster1_device: TA Major Verion: 1
01-02 18:58:22.797   517   517 E keymaster1_device: TA Minor Verion: 10
01-02 18:58:22.797   517   517 E keymaster1_device: set_version_req->flags: 1
01-02 18:58:22.798   517   517 D android.hardware.keymaster@3.0-impl: Wrapping keymaster1 module Keymaster QTI HAL with SofKeymasterDevice
01-02 18:58:22.848   797   797 I dex2oat : setting boot class path to /system/framework/core-oj.jar:/system/framework/core-libart.jar:/system/framework/conscrypt.jar:/system/framework/okhttp.jar:/system/framework/legacy-test.jar:/system/framework/bouncycastle.jar:/system/framework/ext.jar:/system/framework/framework.jar:/system/framework/telephony-common.jar:/system/framework/voip-common.jar:/system/framework/ims-common.jar:/system/framework/apache-xml.jar:/system/framework/org.apache.http.legacy.boot.jar:/system/framework/android.hidl.base-V1.0-java.jar:/system/framework/android.hidl.manager-V1.0-java.jar
01-02 18:58:22.854   395   395 E SELinux : avc:  denied  { add } for interface=android.hardware.graphics.allocator::IAllocator pid=491 scontext=u:r:surfaceflinger:s0 tcontext=u:object_r:hal_graphics_allocator_hwservice:s0 tclass=hwservice_manager
01-02 18:58:22.857   491   491 I SurfaceFlinger: Registration complete for android.hardware.graphics.allocator@2.0::IAllocator/default.
01-02 18:58:22.859   491   491 I SurfaceFlinger: SurfaceFlinger is starting
01-02 18:58:22.865   491   491 I /system/bin/surfaceflinger: android::hardware::configstore::V1_0::ISurfaceFlingerConfigs::vsyncEventPhaseOffsetNs retrieved: 1000000 (default)
01-02 18:58:22.867   491   491 I /system/bin/surfaceflinger: android::hardware::configstore::V1_0::ISurfaceFlingerConfigs::vsyncSfEventPhaseOffsetNs retrieved: 1000000 (default)
01-02 18:58:22.870   491   491 I /system/bin/surfaceflinger: android::hardware::configstore::V1_0::ISurfaceFlingerConfigs::maxVirtualDisplaySize retrieved: 0 (default)
01-02 18:58:22.872   491   491 I /system/bin/surfaceflinger: android::hardware::configstore::V1_0::ISurfaceFlingerConfigs::hasSyncFramework retrieved: 1
01-02 18:58:22.878   491   491 I /system/bin/surfaceflinger: android::hardware::configstore::V1_0::ISurfaceFlingerConfigs::useContextPriority retrieved: 0 (default)
01-02 18:58:22.879   491   491 I /system/bin/surfaceflinger: android::hardware::configstore::V1_0::ISurfaceFlingerConfigs::presentTimeOffsetFromVSyncNs retrieved: 0
01-02 18:58:22.880   491   491 I /system/bin/surfaceflinger: android::hardware::configstore::V1_0::ISurfaceFlingerConfigs::useHwcForRGBtoYUV retrieved: 0
01-02 18:58:22.881   491   491 I /system/bin/surfaceflinger: android::hardware::configstore::V1_0::ISurfaceFlingerConfigs::maxFrameBufferAcquiredBuffers retrieved: 3
01-02 18:58:22.881   491   491 I SurfaceFlinger: Enabling HWC virtual displays
01-02 18:58:22.881   491   491 I SurfaceFlinger: Disabling Triple Buffering
01-02 18:58:22.882   491   491 I SurfaceFlinger: SurfaceFlinger's main thread ready to run. Initializing graphics H/W...
01-02 18:58:22.888   491   491 I vndksupport: sphal namespace is not configured for this process. Loading /vendor/lib64/egl/libEGL_adreno.so from the current namespace instead.
01-02 18:58:23.034   491   491 D libEGL  : loaded /vendor/lib64/egl/libEGL_adreno.so
01-02 18:58:23.371   491   491 I vndksupport: sphal namespace is not configured for this process. Loading /vendor/lib64/egl/libGLESv1_CM_adreno.so from the current namespace instead.
01-02 18:58:23.373   491   491 D libEGL  : loaded /vendor/lib64/egl/libGLESv1_CM_adreno.so
01-02 18:58:23.393   491   491 I vndksupport: sphal namespace is not configured for this process. Loading /vendor/lib64/egl/libGLESv2_adreno.so from the current namespace instead.
01-02 18:58:23.394   491   491 D libEGL  : loaded /vendor/lib64/egl/libGLESv2_adreno.so
01-02 18:58:23.428   491   491 I Adreno  : QUALCOMM build                   : d3015e9, I25dc76dc3f
01-02 18:58:23.428   491   491 I Adreno  : Build Date                       : 01/26/17
01-02 18:58:23.428   491   491 I Adreno  : OpenGL ES Shader Compiler Version: XE031.09.00.03
01-02 18:58:23.428   491   491 I Adreno  : Local Branch                     : 
01-02 18:58:23.428   491   491 I Adreno  : Remote Branch                    : refs/tags/AU_LINUX_ANDROID_LA.BF64.1.2.3_RB1.07.00.00.258.011
01-02 18:58:23.428   491   491 I Adreno  : Remote Branch                    : NONE
01-02 18:58:23.428   491   491 I Adreno  : Reconstruct Branch               : NOTHING
01-02 18:58:23.839   491   491 I surfaceflinger: type=1400 audit(0.0:231): avc: denied { write } for name="hpd" dev="sysfs" ino=12690 scontext=u:r:surfaceflinger:s0 tcontext=u:object_r:sysfs_graphics:s0 tclass=file permissive=1
01-02 18:58:23.841   491   491 I qdutils : PartialUpdate status: Disabled
01-02 18:58:23.841   491   491 I qdutils : Left Align: 0
01-02 18:58:23.842   491   491 I qdutils : Width Align: 0
01-02 18:58:23.842   491   491 I qdutils : Top Align: 0
01-02 18:58:23.842   491   491 I qdutils : Height Align: 0
01-02 18:58:23.842   491   491 I qdutils : Min ROI Width: 0
01-02 18:58:23.842   491   491 I qdutils : Min ROI Height: 0
01-02 18:58:23.842   491   491 I qdutils : Needs ROI Merge: 0
01-02 18:58:23.839   491   491 I surfaceflinger: type=1400 audit(0.0:232): avc: denied { write } for name="vendor_name" dev="sysfs" ino=12691 scontext=u:r:surfaceflinger:s0 tcontext=u:object_r:sysfs:s0 tclass=file permissive=1
01-02 18:58:23.842   491   491 I qdutils : Dynamic Fps: Disabled
01-02 18:58:23.842   491   491 I qdutils : Min Panel fps: 0
01-02 18:58:23.842   491   491 I qdutils : Max Panel fps: 0
01-02 18:58:23.842   491   491 I qdutils : Left Split=720
01-02 18:58:23.842   491   491 I qdutils : Right Split=720
01-02 18:58:23.842   491   491 D qdutils : getHDMINode: HDMI is at fb1
01-02 18:58:23.847   841   841 I recovery: Installing new recovery image: failed
01-02 18:58:23.874   491   491 W qdcopybit: open_copybit i = 0 surface_id=-1026555902
01-02 18:58:23.874   491   491 W qdcopybit: open_copybit i = 1 surface_id=-1026555901
01-02 18:58:23.874   491   491 W qdcopybit: open_copybit i = 2 surface_id=-1026555900
01-02 18:58:23.874   491   491 W qdcopybit: open_copybit i = 3 surface_id=-1026555899
01-02 18:58:23.874   491   491 W qdcopybit: open_copybit i = 4 surface_id=-1026555898
01-02 18:58:23.874   491   491 W qdcopybit: open_copybit i = 5 surface_id=-1026555897
01-02 18:58:23.874   491   491 W qdcopybit: open_copybit i = 6 surface_id=-1026555896
01-02 18:58:23.874   491   491 W qdcopybit: open_copybit i = 7 surface_id=-1026555895
01-02 18:58:23.874   491   491 W qdcopybit: open_copybit i = 8 surface_id=-1026555894
01-02 18:58:23.874   491   491 W qdcopybit: open_copybit i = 9 surface_id=-1026555893
01-02 18:58:23.874   491   491 W qdcopybit: open_copybit i = 10 surface_id=-1026555892
01-02 18:58:23.874   491   491 W qdcopybit: open_copybit i = 11 surface_id=-1026555891
01-02 18:58:23.874   491   491 W qdcopybit: open_copybit i = 12 surface_id=-1026555890
01-02 18:58:23.874   491   491 W qdcopybit: open_copybit i = 13 surface_id=-1026555889
01-02 18:58:23.874   491   491 W qdcopybit: open_copybit i = 14 surface_id=-1026555888
01-02 18:58:23.874   491   491 W qdcopybit: open_copybit i = 15 surface_id=-1026555887
01-02 18:58:23.874   491   491 W qdcopybit: open_copybit i = 16 surface_id=-1026555886
01-02 18:58:23.874   491   491 W qdcopybit: open_copybit i = 17 surface_id=-1026555885
01-02 18:58:23.874   491   491 W qdcopybit: open_copybit i = 18 surface_id=-1026555884
01-02 18:58:23.874   491   491 W qdcopybit: open_copybit i = 19 surface_id=-1026555883
01-02 18:58:23.874   491   491 W qdcopybit: open_copybit i = 20 surface_id=-1026555882
01-02 18:58:23.874   491   491 W qdcopybit: open_copybit i = 21 surface_id=-1026555881
01-02 18:58:23.874   491   491 W qdcopybit: open_copybit i = 22 surface_id=-1026555880
01-02 18:58:23.874   491   491 W qdcopybit: open_copybit i = 23 surface_id=-1026555879
01-02 18:58:23.874   491   491 W qdcopybit: open_copybit i = 24 surface_id=-1026555878
01-02 18:58:23.874   491   491 W qdcopybit: open_copybit i = 25 surface_id=-1026555877
01-02 18:58:23.874   491   491 W qdcopybit: open_copybit i = 26 surface_id=-1026555876
01-02 18:58:23.874   491   491 W qdcopybit: open_copybit i = 27 surface_id=-1026555875
01-02 18:58:23.874   491   491 W qdcopybit: open_copybit i = 28 surface_id=-1026555874
01-02 18:58:23.874   491   491 W qdcopybit: open_copybit i = 29 surface_id=-1026555873
01-02 18:58:23.874   491   491 W qdcopybit: open_copybit i = 30 surface_id=-1026555872
01-02 18:58:23.874   491   491 W qdcopybit: open_copybit i = 31 surface_id=-1026555871
01-02 18:58:23.874   491   491 W qdcopybit: open_copybit: 2 Plane YUV i=0 surface_id=-1026555869
01-02 18:58:23.874   491   491 W qdcopybit: open_copybit: 2 Plane YUV i=1 surface_id=-1026555868
01-02 18:58:23.874   491   491 W qdcopybit: open_copybit: 2 Plane YUV i=2 surface_id=-1026555867
01-02 18:58:23.874   491   491 W qdcopybit: open_copybit: 2 Plane YUV i=3 surface_id=-1026555866
01-02 18:58:23.874   491   491 W qdcopybit: open_copybit: 3 Plane YUV i=0 surface_id=-1026555864
01-02 18:58:23.875   491   491 I qdhwcomposer: Successfully Loaded perf hint API's
01-02 18:58:23.875   491   491 I qdhwcomposer: PerfHintWindow = 50
01-02 18:58:23.875   491   491 I qdhwcomposer: Initializing Qualcomm Hardware Composer
01-02 18:58:23.875   491   491 I qdhwcomposer: MDP version: 500
01-02 18:58:23.875   491   491 I SurfaceFlinger: Using composer version 1.5
01-02 18:58:23.875   491   491 I qdhwcomposer: hwc_registerProcs
01-02 18:58:23.876   491   491 I qdhwcomposer: Initializing UEVENT Thread
01-02 18:58:23.876   491   491 I qdhwcomposer: Initializing VSYNC Thread
01-02 18:58:23.876   491   491 D qdhwcomposer: hwc_getDisplayAttributes disp = 0, width = 1440
01-02 18:58:23.876   491   491 D qdhwcomposer: hwc_getDisplayAttributes disp = 0, height = 2560
01-02 18:58:23.876   491   491 W qdhwcomposer: hwc_getDisplayConfigs display (1) is not connected anymore
01-02 18:58:23.877   491   491 I SurfaceFlinger: EGL information:
01-02 18:58:23.877   491   491 I SurfaceFlinger: vendor    : Android
01-02 18:58:23.877   491   491 I SurfaceFlinger: version   : 1.4 Android META-EGL
01-02 18:58:23.877   491   491 I SurfaceFlinger: extensions: EGL_KHR_get_all_proc_addresses EGL_ANDROID_presentation_time EGL_KHR_swap_buffers_with_damage EGL_ANDROID_get_native_client_buffer EGL_ANDROID_front_buffer_auto_refresh EGL_ANDROID_get_frame_timestamps EGL_KHR_image EGL_KHR_image_base EGL_KHR_lock_surface EGL_KHR_gl_colorspace EGL_KHR_gl_texture_2D_image EGL_KHR_gl_texture_3D_image EGL_KHR_gl_texture_cubemap_image EGL_KHR_gl_renderbuffer_image EGL_KHR_reusable_sync EGL_KHR_fence_sync EGL_KHR_create_context EGL_KHR_surfaceless_context EGL_EXT_create_context_robustness EGL_ANDROID_image_native_buffer EGL_KHR_wait_sync EGL_ANDROID_recordable EGL_KHR_partial_update EGL_KHR_create_context_no_error EGL_KHR_mutable_render_buffer EGL_EXT_yuv_surface EGL_IMG_context_priority 
01-02 18:58:23.877   491   491 I SurfaceFlinger: Client API: OpenGL_ES
01-02 18:58:23.877   491   491 I SurfaceFlinger: EGLSurface: 8-8-8-8, config=0x70ed1c9d60
01-02 18:58:23.882   491   847 I qdhwcomposer: vsync_loop: Reading event 0 for dpy 0 from /sys/class/graphics/fb0/vsync_event
01-02 18:58:23.882   491   847 I qdhwcomposer: vsync_loop: Reading event 1 for dpy 0 from /sys/class/graphics/fb0/show_blank_event
01-02 18:58:23.882   491   847 I qdhwcomposer: vsync_loop: Reading event 2 for dpy 0 from /sys/class/graphics/fb0/msm_fb_thermal_level
01-02 18:58:23.882   491   847 I qdhwcomposer: vsync_loop: Reading event 0 for dpy 1 from /sys/class/graphics/fb1/vsync_event
01-02 18:58:23.882   491   847 I qdhwcomposer: vsync_loop: Reading event 1 for dpy 1 from /sys/class/graphics/fb1/show_blank_event
01-02 18:58:23.882   491   847 I qdhwcomposer: vsync_loop: Reading event 2 for dpy 1 from /sys/class/graphics/fb1/msm_fb_thermal_level
01-02 18:58:23.882   491   847 I qdhwcomposer: vsync_loop: Reading event 0 for dpy 2 from /sys/class/graphics/fb1/vsync_event
01-02 18:58:23.882   491   847 I qdhwcomposer: vsync_loop: Reading event 1 for dpy 2 from /sys/class/graphics/fb1/show_blank_event
01-02 18:58:23.882   491   847 I qdhwcomposer: vsync_loop: Reading event 2 for dpy 2 from /sys/class/graphics/fb1/msm_fb_thermal_level
01-02 18:58:23.883   491   491 I SurfaceFlinger: OpenGL ES informations:
01-02 18:58:23.883   491   491 I SurfaceFlinger: vendor    : Qualcomm
01-02 18:58:23.883   491   491 I SurfaceFlinger: renderer  : Adreno (TM) 418
01-02 18:58:23.883   491   491 I SurfaceFlinger: version   : OpenGL ES 3.2 V@145.0 (GIT@I25dc76dc3f)
01-02 18:58:23.883   491   491 I SurfaceFlinger: extensions: GL_OES_EGL_image GL_OES_EGL_image_external GL_OES_EGL_sync GL_OES_vertex_half_float GL_OES_framebuffer_object GL_OES_rgb8_rgba8 GL_OES_compressed_ETC1_RGB8_texture GL_AMD_compressed_ATC_texture GL_KHR_texture_compression_astc_ldr GL_OES_texture_npot GL_EXT_texture_filter_anisotropic GL_EXT_texture_format_BGRA8888 GL_OES_texture_3D GL_EXT_color_buffer_float GL_EXT_color_buffer_half_float GL_QCOM_alpha_test GL_OES_depth24 GL_OES_packed_depth_stencil GL_OES_depth_texture GL_OES_depth_texture_cube_map GL_EXT_sRGB GL_OES_texture_float GL_OES_texture_float_linear GL_OES_texture_half_float GL_OES_texture_half_float_linear GL_EXT_texture_type_2_10_10_10_REV GL_EXT_texture_sRGB_decode GL_OES_element_index_uint GL_EXT_copy_image GL_EXT_geometry_shader GL_EXT_tessellation_shader GL_OES_texture_stencil8 GL_EXT_shader_io_blocks GL_OES_shader_image_atomic GL_OES_sample_variables GL_EXT_texture_border_clamp GL_EXT_multisampled_render_to_texture GL_OES_shader_multisample_interpolation GL_EXT_texture_cube_map_arr
01-02 18:58:23.883   491   491 I SurfaceFlinger: GL_MAX_TEXTURE_SIZE = 16384
01-02 18:58:23.883   491   491 I SurfaceFlinger: GL_MAX_VIEWPORT_DIMS = 16384
01-02 18:58:24.049   527   546 E QMI_FW  : QMUXD: WARNING qmi_qmux_if_pwr_up_init failed! rc=-1
01-02 18:58:24.049   527   546 I chatty  : uid=1000(system) /system/bin/time_daemon identical 2 lines
01-02 18:58:24.050   527   546 E QMI_FW  : QMUXD: WARNING qmi_qmux_if_pwr_up_init failed! rc=-1
01-02 18:58:24.050   527   546 E QC-time-services: Daemon:genoff_modem_qmi_service_request: qmi_client_get_service_list returned -2num_services 0
01-02 18:58:24.263   526   526 I mm-qcamera-daem: type=1400 audit(0.0:233): avc: denied { write } for name="media0" dev="tmpfs" ino=10833 scontext=u:r:init:s0 tcontext=u:object_r:camera_device:s0 tclass=chr_file permissive=1
01-02 18:58:24.267   526   526 I mm-camera: server_process_module_init:59, int mods
01-02 18:58:24.268   526   526 E mm-camera-sensor: eebin_read:387failed!
01-02 18:58:24.269   526   526 E mm-camera-sensor: eebin_read:387failed!
01-02 18:58:24.270   526   526 E mm-camera-sensor: sensor_init_probe:475failed: to oribe eeprom bin sensors
01-02 18:58:24.270   526   526 E mm-camera-sensor: add_external_sensor:109NO external sensor lib: no external path
01-02 18:58:24.272   526   526 E mm-camera-sensor: sensor_probe:270failed: to load 
01-02 18:58:24.272   526   526 E mm-camera-sensor: sensor_util_match_sensor_lib_name:1965s_bundle sensor_lib_name imx234 sensor_name t4ka3
01-02 18:58:24.274   526   526 E mm-camera: module_sensor_find_other_subdev:7773subdev_name /dev/v4l-subdev0 subdev id 0
01-02 18:58:24.274   526   526 E mm-camera: module_sensor_find_other_subdev:7773subdev_name /dev/v4l-subdev1 subdev id 1
01-02 18:58:24.275   526   526 E mm-camera: module_sensor_find_other_subdev:7773subdev_name /dev/v4l-subdev2 subdev id 2
01-02 18:58:24.276   526   526 E mm-camera: module_sensor_find_other_subdev:7773subdev_name /dev/v4l-subdev3 subdev id 0
01-02 18:58:24.277   526   526 E mm-camera: module_sensor_find_other_subdev:7773subdev_name /dev/v4l-subdev4 subdev id 1
01-02 18:58:24.278   526   526 E mm-camera: module_sensor_find_other_subdev:7773subdev_name /dev/v4l-subdev5 subdev id 2
01-02 18:58:24.279   526   526 E mm-camera: module_sensor_find_other_subdev:7773subdev_name /dev/v4l-subdev6 subdev id 3
01-02 18:58:24.279   526   526 E mm-camera: module_sensor_find_other_subdev:7773subdev_name /dev/v4l-subdev7 subdev id 1
01-02 18:58:24.280   526   526 E mm-camera: module_sensor_find_other_subdev:7773subdev_name /dev/v4l-subdev8 subdev id 0
01-02 18:58:24.281   526   526 E mm-camera: module_sensor_find_other_subdev:7799SUB_MODULE_LED_FLASH subdev_name /dev/v4l-subdev8 subdev_id 0
01-02 18:58:24.281   526   526 E mm-camera: module_sensor_find_other_subdev:7773subdev_name /dev/v4l-subdev9 subdev id 0
01-02 18:58:24.281   526   526 E mm-camera: module_sensor_find_other_subdev:7773subdev_name /dev/v4l-subdev10 subdev id 2
01-02 18:58:24.282   526   526 E mm-camera: module_sensor_find_other_subdev:7773subdev_name /dev/v4l-subdev11 subdev id 0
01-02 18:58:24.283   526   526 E mm-camera: module_sensor_find_other_subdev:7773subdev_name /dev/v4l-subdev12 subdev id 998
01-02 18:58:24.283   526   526 E mm-camera: module_sensor_find_other_subdev:7773subdev_name /dev/v4l-subdev13 subdev id 997
01-02 18:58:24.318   491   491 D SurfaceFlinger: shader cache generated - 24 shaders in 371.822754 ms
01-02 18:58:24.319   491   491 D SurfaceFlinger: Set power mode=2, type=0 flinger=0x70ed06d000
01-02 18:58:24.319   491   491 D qdhwcomposer: hwc_setPowerMode: Setting mode 2 on display: 0
01-02 18:58:24.319   491   847 I qdhwcomposer: handle_blank_event: dpy:0 panel power state: 1
01-02 18:58:24.320   491   491 E qdhdmi  : writeHPDOption: file write failed 'hpd'
01-02 18:58:24.320   491   491 D qdhwcomposer: hwc_setPowerMode: Done setting mode 2 on display 0
01-02 18:58:24.349   491   491 D qdutils : DEBUG_CALC_FPS: 0
01-02 18:58:24.349   491   491 D qdutils : period: 10
01-02 18:58:24.349   491   491 D qdutils : ignorethresh_us: 500000
01-02 18:58:24.652   526   526 E mm-camera-isp2: module_chroma_enhan40_init:90 name chroma_enhan40
01-02 18:58:24.671   526   526 E mm-camera-isp2: module_color_correct40_init:104 name color_correct40
01-02 18:58:24.722   526   526 E mm-camera-isp2: module_chroma_enhan40_init:90 name chroma_enhan40
01-02 18:58:24.723   526   526 E mm-camera-isp2: module_color_correct40_init:104 name color_correct40
01-02 18:58:24.731   526   526 E mm-camera-isp2: isp_resource_gen_hws_caps:3687 i 0 isp id 0
01-02 18:58:24.731   526   526 E mm-camera-isp2: isp_resource_gen_hws_caps:3687 i 1 isp id 1
01-02 18:58:24.731   526   526 E mm-camera-isp2: module_isp_init:678 module 0xec7a3860
01-02 18:58:24.783   526   526 E mm-camera: vpe_module_init:26 name=vpe
01-02 18:58:24.783   526   526 E mm-camera: vpe_hardware_find_subdev:719: entity.name=video0 entity.revision=0
01-02 18:58:24.784   526   526 E mm-camera: vpe_hardware_find_subdev:719: entity.name=msm_cci entity.revision=0
01-02 18:58:24.784   526   526 E mm-camera: vpe_hardware_find_subdev:719: entity.name=v4l-subdev0 entity.revision=0
01-02 18:58:24.784   526   526 E mm-camera: vpe_hardware_find_subdev:719: entity.name=v4l-subdev1 entity.revision=0
01-02 18:58:24.784   526   526 E mm-camera: vpe_hardware_find_subdev:719: entity.name=v4l-subdev2 entity.revision=0
01-02 18:58:24.784   526   526 E mm-camera: vpe_hardware_find_subdev:719: entity.name=v4l-subdev3 entity.revision=0
01-02 18:58:24.784   526   526 E mm-camera: vpe_hardware_find_subdev:719: entity.name=v4l-subdev4 entity.revision=0
01-02 18:58:24.784   526   526 E mm-camera: vpe_hardware_find_subdev:719: entity.name=v4l-subdev5 entity.revision=0
01-02 18:58:24.784   526   526 E mm-camera: vpe_hardware_find_subdev:719: entity.name=v4l-subdev6 entity.revision=0
01-02 18:58:24.784   526   526 E mm-camera: vpe_hardware_find_subdev:719: entity.name=v4l-subdev7 entity.revision=0
01-02 18:58:24.784   526   526 E mm-camera: vpe_hardware_find_subdev:719: entity.name=v4l-subdev8 entity.revision=0
01-02 18:58:24.784   526   526 E mm-camera: vpe_hardware_find_subdev:719: entity.name=v4l-subdev9 entity.revision=0
01-02 18:58:24.784   526   526 E mm-camera: vpe_hardware_find_subdev:719: entity.name=v4l-subdev10 entity.revision=0
01-02 18:58:24.784   526   526 E mm-camera: vpe_hardware_find_subdev:719: entity.name=v4l-subdev11 entity.revision=0
01-02 18:58:24.784   526   526 E mm-camera: vpe_hardware_find_subdev:719: entity.name=v4l-subdev12 entity.revision=0
01-02 18:58:24.784   526   526 E mm-camera: vpe_hardware_find_subdev:719: entity.name=v4l-subdev13 entity.revision=0
01-02 18:58:24.784   526   526 E mm-camera: vpe_hardware_find_subdev:719: entity.name=v4l-subdev14 entity.revision=0
01-02 18:58:24.784   526   526 E mm-camera: vpe_hardware_find_subdev:719: entity.name=v4l-subdev15 entity.revision=0
01-02 18:58:24.784   526   526 E mm-camera: vpe_hardware_find_subdev:719: entity.name=v4l-subdev16 entity.revision=0
01-02 18:58:24.784   526   526 E mm-camera: vpe_hardware_find_subdev:719: entity.name=v4l-subdev17 entity.revision=17
01-02 18:58:24.784   526   526 E mm-camera: vpe_hardware_find_subdev:719: entity.name=v4l-subdev18 entity.revision=0
01-02 18:58:24.784   526   526 E mm-camera: vpe_hardware_find_subdev:719: entity.name=v4l-subdev19 entity.revision=0
01-02 18:58:24.784   526   526 E mm-camera: vpe_hardware_find_subdev:719: entity.name=v4l-subdev20 entity.revision=0
01-02 18:58:24.784   526   526 E mm-camera: vpe_hardware_find_subdev:719: entity.name=v4l-subdev21 entity.revision=0
01-02 18:58:24.784   526   526 E mm-camera: vpe_hardware_find_subdev:714: done enumerating media entities
01-02 18:58:24.784   526   526 E mm-camera: vpe_hardware_find_subdev:719: entity.name=video1 entity.revision=0
01-02 18:58:24.784   526   526 E mm-camera: vpe_hardware_find_subdev:714: done enumerating media entities
01-02 18:58:24.784   526   526 E mm-camera: vpe_hardware_find_subdev:719: entity.name=video2 entity.revision=0
01-02 18:58:24.784   526   526 E mm-camera: vpe_hardware_find_subdev:714: done enumerating media entities
01-02 18:58:24.784   526   526 E mm-camera: vpe_hardware_find_subdev:686: no more media devices
01-02 18:58:24.784   526   526 E mm-camera: vpe_hardware_find_subdev:731: no vpe device found.
01-02 18:58:24.784   526   526 E mm-camera: vpe_hardware_create:31: error: cannot find vpe subdev
01-02 18:58:24.784   526   526 E mm-camera: vpe_module_create_vpe_ctrl:141, failed, cannnot create vpe hardware instance
01-02 18:58:24.784   526   526 E mm-camera: vpe_module_init:34 failed
01-02 18:58:24.785   526   526 E mm-camera-vpu: vpu_module_init:54, INFO name=vpu
01-02 18:58:24.788   526   526 E mm-camera-pp: [INFO] base_module_init:142, name=tmod
01-02 18:58:24.793   526   526 E mm-camera-pp: [INFO] base_module_init:142, name=ezt
01-02 18:58:24.793   526   526 E mm-camera-eztune: Tuning lib open failed: dlopen failed: library "libmmcamera_tuning.so" not found
01-02 18:58:24.802   487   535 D PerMgrSrv: modem new state: is on-line
01-02 18:58:24.805   526   526 E mm-camera-img: frameproc_comp_reload_lib:1049] Error opening frameproc library libmmcamera_llvd.so error dlopen failed: library "libseemore.so" not found
01-02 18:58:24.806   526   526 E mm-camera-img: frameproc_comp_load:937] cannot load libmmcamera_llvd.so
01-02 18:58:24.806   526   526 E mm-camera: module_imgbase_init_llvd:2209] Error rc -6
01-02 18:58:24.806   526   526 E mm-camera: module_cac_init:1961] CAC disabled rc 0
01-02 18:58:24.806   526   526 E mm-camera: pproc_module_init:2812 num_sub_mods:5
01-02 18:58:24.806   526   526 E mm-camera-img: Can not discover face-detect device
01-02 18:58:24.806   526   526 E mm-camera-img: Can not find device name
01-02 18:58:24.806   526   526 E mm-camera-img: faceproc_dsp_comp_load:1225] E 
01-02 18:58:24.806   526   526 E mm-camera: module_faceproc_init:2392] HW or DSP FD not available switch to SW
01-02 18:58:24.819   526   526 E mm-camera-img: hdr_comp_reload_lib:1315] Error linking hdrSingleFrameCore
01-02 18:58:24.820   526   526 E hdr     : module_hdr_lib_query_mod:181] Supported scenemode cnt 1
01-02 18:58:24.846   526   526 E mm-camera-img: frameproc_comp_load_fn_ptrs:880] Warning linking img_algo_frame_ind
01-02 18:58:24.847   526   526 E mm-camera-img: frameproc_comp_load_fn_ptrs:887] Warning linking img_algo_meta_ind
01-02 18:58:24.847   526   526 E mm-camera-img: img_dsp_dlopen:127] NOT FOUND llvd 
01-02 18:58:24.852   526   526 E mm-camera-img: frameproc_comp_reload_lib:1049] Error opening frameproc library libmmcamera_optizoom_lib.so error dlopen failed: library "liboptizoom.so" not found
01-02 18:58:24.852   526   526 E mm-camera-img: frameproc_comp_load:937] cannot load libmmcamera_optizoom_lib.so
01-02 18:58:24.852   526   526 E mm-camera: module_imgbase_init_imglib_optizoom:2209] Error rc -6
01-02 18:58:24.852   526   526 E mm-camera-img: module_imglib_create_topology:742] Can not init the module imglib_optizoom
01-02 18:58:24.857   526   526 E mm-camera-img: frameproc_comp_reload_lib:1049] Error opening frameproc library libmmcamera_ubifocus_lib.so error dlopen failed: library "libubifocus.so" not found
01-02 18:58:24.857   526   526 E mm-camera-img: frameproc_comp_load:937] cannot load libmmcamera_ubifocus_lib.so
01-02 18:58:24.857   526   526 E mm-camera: module_imgbase_init_imglib_ubifocus:2209] Error rc -6
01-02 18:58:24.857   526   526 E mm-camera-img: module_imglib_create_topology:742] Can not init the module imglib_ubifocus
01-02 18:58:24.858   526   526 E mm-camera-img: frameproc_comp_reload_lib:1049] Error opening frameproc library libmmcamera_ubifocus_lib.so error dlopen failed: library "libubifocus.so" not found
01-02 18:58:24.858   526   526 E mm-camera-img: frameproc_comp_load:937] cannot load libmmcamera_ubifocus_lib.so
01-02 18:58:24.858   526   526 E mm-camera: module_imgbase_init_imglib_refocus:2209] Error rc -6
01-02 18:58:24.858   526   526 E mm-camera-img: module_imglib_create_topology:742] Can not init the module imglib_refocus
01-02 18:58:24.863   526   526 E mm-camera-img: frameproc_comp_reload_lib:1049] Error opening frameproc library libmmcamera_trueportrait_lib.so error dlopen failed: library "libtrueportrait.so" not found
01-02 18:58:24.863   526   526 E mm-camera-img: frameproc_comp_load:937] cannot load libmmcamera_trueportrait_lib.so
01-02 18:58:24.863   526   526 E mm-camera: module_imgbase_init_imglib_trueportrait:2209] Error rc -6
01-02 18:58:24.863   526   526 E mm-camera-img: module_imglib_create_topology:742] Can not init the module imglib_trueportrait
01-02 18:58:24.867   492   492 I rmt_storage: rmt_storage_connect_cb: clnt_h=0x1 conn_h=0x7a33c2c230
01-02 18:58:24.867   492   492 I rmt_storage: rmt_storage_open_cb: /boot/modem_fs1: clnt_h=0x1: req_h=0x1 msg_id=1: Client found
01-02 18:58:24.867   492   492 I rmt_storage: rmt_storage_open_cb: /boot/modem_fs1: clnt_h=0x1: req_h=0x1 msg_id=1: Send response: res=0 err=0
01-02 18:58:24.867   492   492 I rmt_storage: rmt_storage_disconnect_cb: clnt_h=0x1 conn_h=0x7a33c2c230
01-02 18:58:24.867   492   492 I rmt_storage: rmt_storage_connect_cb: clnt_h=0x2 conn_h=0x7a33c2c230
01-02 18:58:24.868   492   492 I rmt_storage: rmt_storage_open_cb: /boot/modem_fs2: clnt_h=0x2: req_h=0x2 msg_id=1: Client found
01-02 18:58:24.868   492   492 I rmt_storage: rmt_storage_open_cb: /boot/modem_fs2: clnt_h=0x2: req_h=0x2 msg_id=1: Send response: res=0 err=0
01-02 18:58:24.868   492   492 I rmt_storage: rmt_storage_disconnect_cb: clnt_h=0x2 conn_h=0x7a33c2c230
01-02 18:58:24.868   492   492 I rmt_storage: rmt_storage_connect_cb: clnt_h=0x3 conn_h=0x7a33c2c230
01-02 18:58:24.868   492   492 I rmt_storage: rmt_storage_open_cb: /boot/modem_fsg: clnt_h=0x3: req_h=0x3 msg_id=1: Client found
01-02 18:58:24.868   492   492 I rmt_storage: rmt_storage_open_cb: /boot/modem_fsg: clnt_h=0x3: req_h=0x3 msg_id=1: Send response: res=0 err=0
01-02 18:58:24.868   492   492 I rmt_storage: rmt_storage_disconnect_cb: clnt_h=0x3 conn_h=0x7a33c2c230
01-02 18:58:24.868   492   492 I rmt_storage: rmt_storage_connect_cb: clnt_h=0x4 conn_h=0x7a33c2c230
01-02 18:58:24.869   492   492 I rmt_storage: rmt_storage_open_cb: /boot/modem_fsc: clnt_h=0x4: req_h=0x4 msg_id=1: Client found
01-02 18:58:24.869   492   492 I rmt_storage: rmt_storage_open_cb: /boot/modem_fsc: clnt_h=0x4: req_h=0x4 msg_id=1: Send response: res=0 err=0
01-02 18:58:24.869   492   492 I rmt_storage: rmt_storage_disconnect_cb: clnt_h=0x4 conn_h=0x7a33c2c230
01-02 18:58:24.870   492   868 I rmt_storage: rmt_storage_client_thread: /boot/modem_fsg: clnt_h=0x4 Worker thread started
01-02 18:58:24.870   492   492 I rmt_storage: rmt_storage_connect_cb: clnt_h=0x5 conn_h=0x7a33c2c230
01-02 18:58:24.870   492   868 I rmt_storage: wake lock name: rmt_storage_524851619056, name creation success: 24
01-02 18:58:24.870   492   492 I rmt_storage: rmt_storage_alloc_buff_cb: /boot/modem_fs1: clnt_h=0x5: req_h=0x5 msg_id=4: Alloc request received: Size: 0
01-02 18:58:24.870   492   492 I rmt_storage: rmt_storage_alloc_buff_cb: /boot/modem_fs1: clnt_h=0x5: req_h=0x5 msg_id=4: New client making a dummy request with buffer req size 0
01-02 18:58:24.870   492   492 I rmt_storage: rmt_storage_alloc_buff_cb: /boot/modem_fs1: clnt_h=0x5: req_h=0x5 msg_id=4: Send response: res=0 err=0
01-02 18:58:24.870   492   492 I rmt_storage: rmt_storage_disconnect_cb: clnt_h=0x5 conn_h=0x7a33c2c230
01-02 18:58:24.870   492   866 I rmt_storage: rmt_storage_client_thread: /boot/modem_fs1: clnt_h=0x4 Worker thread started
01-02 18:58:24.870   492   866 I rmt_storage: wake lock name: rmt_storage_524859888880, name creation success: 24
01-02 18:58:24.870   492   869 I rmt_storage: rmt_storage_client_thread: /boot/modem_fsc: clnt_h=0x4 Worker thread started
01-02 18:58:24.870   492   869 I rmt_storage: wake lock name: rmt_storage_524850582768, name creation success: 24
01-02 18:58:24.870   492   867 I rmt_storage: rmt_storage_client_thread: /boot/modem_fs2: clnt_h=0x5 Worker thread started
01-02 18:58:24.870   492   867 I rmt_storage: wake lock name: rmt_storage_524852655344, name creation success: 24
01-02 18:58:24.870   492   492 I rmt_storage: rmt_storage_connect_cb: clnt_h=0x6 conn_h=0x7a33c2c230
01-02 18:58:24.870   492   492 I rmt_storage: rmt_storage_rw_iovec_cb: /boot/modem_fs1: clnt_h=0x6: req_h=0x6 msg_id=3: R/W request received
01-02 18:58:24.870   492   492 I rmt_storage: wakelock acquired: 1, error no: 42
01-02 18:58:24.873   492   866 I rmt_storage: rmt_storage_client_thread: /boot/modem_fs1: clnt_h=0x6 Unblock worker thread (th_id: 524859888880)
01-02 18:58:24.874   492   866 I rmt_storage: rmt_storage_client_thread: /boot/modem_fs1: clnt_h=0x6: req_h=0x6 msg_id=3: Bytes read = 512
01-02 18:58:24.874   492   866 I rmt_storage: rmt_storage_client_thread: /boot/modem_fs1: clnt_h=0x6: req_h=0x6 msg_id=3: Send response: res=0 err=0
01-02 18:58:24.874   492   866 I rmt_storage: rmt_storage_client_thread: /boot/modem_fs1: clnt_h=0x6 About to block rmt_storage client thread (th_id: 524859888880) wakelock released: 1, error no: 0
01-02 18:58:24.874   492   866 I rmt_storage: 
01-02 18:58:24.874   492   492 I rmt_storage: rmt_storage_disconnect_cb: clnt_h=0x6 conn_h=0x7a33c2c230
01-02 18:58:24.875   492   492 I rmt_storage: rmt_storage_connect_cb: clnt_h=0x7 conn_h=0x7a33c2c230
01-02 18:58:24.875   492   492 I rmt_storage: rmt_storage_rw_iovec_cb: /boot/modem_fs2: clnt_h=0x7: req_h=0x7 msg_id=3: R/W request received
01-02 18:58:24.875   492   492 I rmt_storage: wakelock acquired: 1, error no: 42
01-02 18:58:24.875   492   867 I rmt_storage: rmt_storage_client_thread: /boot/modem_fs2: clnt_h=0x7 Unblock worker thread (th_id: 524852655344)
01-02 18:58:24.875   492   867 I rmt_storage: rmt_storage_client_thread: /boot/modem_fs2: clnt_h=0x7: req_h=0x7 msg_id=3: Bytes read = 512
01-02 18:58:24.875   492   867 I rmt_storage: rmt_storage_client_thread: /boot/modem_fs2: clnt_h=0x7: req_h=0x7 msg_id=3: Send response: res=0 err=0
01-02 18:58:24.875   492   867 I rmt_storage: rmt_storage_client_thread: /boot/modem_fs2: clnt_h=0x7 About to block rmt_storage client thread (th_id: 524852655344) wakelock released: 1, error no: 0
01-02 18:58:24.875   492   867 I rmt_storage: 
01-02 18:58:24.876   492   492 I rmt_storage: rmt_storage_disconnect_cb: clnt_h=0x7 conn_h=0x7a33c2c230
01-02 18:58:24.876   492   492 I rmt_storage: rmt_storage_connect_cb: clnt_h=0x8 conn_h=0x7a33c2c230
01-02 18:58:24.876   492   492 I rmt_storage: rmt_storage_rw_iovec_cb: /boot/modem_fs2: clnt_h=0x8: req_h=0x8 msg_id=3: R/W request received
01-02 18:58:24.876   492   492 I rmt_storage: wakelock acquired: 1, error no: 42
01-02 18:58:24.877   492   867 I rmt_storage: rmt_storage_client_thread: /boot/modem_fs2: clnt_h=0x8 Unblock worker thread (th_id: 524852655344)
01-02 18:58:24.886   492   867 I rmt_storage: rmt_storage_client_thread: /boot/modem_fs2: clnt_h=0x8: req_h=0x8 msg_id=3: Bytes read = 1571840
01-02 18:58:24.886   492   867 I rmt_storage: rmt_storage_client_thread: /boot/modem_fs2: clnt_h=0x8: req_h=0x8 msg_id=3: Send response: res=0 err=0
01-02 18:58:24.886   492   492 I rmt_storage: rmt_storage_disconnect_cb: clnt_h=0x8 conn_h=0x7a33c2c230
01-02 18:58:24.887   492   867 I rmt_storage: rmt_storage_client_thread: /boot/modem_fs2: clnt_h=0x8 About to block rmt_storage client thread (th_id: 524852655344) wakelock released: 1, error no: 0
01-02 18:58:24.887   492   867 I rmt_storage: 
01-02 18:58:24.891   526   526 E mm-camera-img: frameproc_comp_reload_lib:1049] Error opening frameproc library libmmcamera_stillmore_lib.so error dlopen failed: library "libseemore.so" not found
01-02 18:58:24.891   526   526 E mm-camera-img: frameproc_comp_load:937] cannot load libmmcamera_stillmore_lib.so
01-02 18:58:24.891   526   526 E mm-camera: module_imgbase_init_imglib_stillmore:2209] Error rc -6
01-02 18:58:24.891   526   526 E mm-camera-img: module_imglib_create_topology:742] Can not init the module imglib_stillmore
01-02 18:58:25.050   527   546 E QMI_FW  : QMUXD: WARNING qmi_qmux_if_pwr_up_init failed! rc=-1
01-02 18:58:25.051   527   546 I chatty  : uid=1000(system) /system/bin/time_daemon identical 2 lines
01-02 18:58:25.051   527   546 E QMI_FW  : QMUXD: WARNING qmi_qmux_if_pwr_up_init failed! rc=-1
01-02 18:58:25.051   527   546 E QC-time-services: Daemon:genoff_modem_qmi_service_request: qmi_client_get_service_list returned 0num_services 1
01-02 18:58:25.051   527   546 E QMI_FW  : QMUXD: WARNING qmi_qmux_if_pwr_up_init failed! rc=-1
01-02 18:58:25.054   527   546 I chatty  : uid=1000(system) /system/bin/time_daemon identical 10 lines
01-02 18:58:25.054   527   546 E QMI_FW  : QMUXD: WARNING qmi_qmux_if_pwr_up_init failed! rc=-1
01-02 18:58:25.056   527   546 D QC-time-services: Daemon:genoff_modem_qmi_service_request: Initial transaction successfull
01-02 18:58:25.058   853   874 I vndksupport: sphal namespace is not configured for this process. Loading /vendor/lib64/egl/libEGL_adreno.so from the current namespace instead.
01-02 18:58:25.062   853   874 D libEGL  : loaded /vendor/lib64/egl/libEGL_adreno.so
01-02 18:58:25.076   853   874 I vndksupport: sphal namespace is not configured for this process. Loading /vendor/lib64/egl/libGLESv1_CM_adreno.so from the current namespace instead.
01-02 18:58:25.077   853   874 D libEGL  : loaded /vendor/lib64/egl/libGLESv1_CM_adreno.so
01-02 18:58:25.107   853   874 I vndksupport: sphal namespace is not configured for this process. Loading /vendor/lib64/egl/libGLESv2_adreno.so from the current namespace instead.
01-02 18:58:25.108   853   874 D libEGL  : loaded /vendor/lib64/egl/libGLESv2_adreno.so
01-02 18:58:25.140   853   874 I Adreno  : QUALCOMM build                   : d3015e9, I25dc76dc3f
01-02 18:58:25.140   853   874 I Adreno  : Build Date                       : 01/26/17
01-02 18:58:25.140   853   874 I Adreno  : OpenGL ES Shader Compiler Version: XE031.09.00.03
01-02 18:58:25.140   853   874 I Adreno  : Local Branch                     : 
01-02 18:58:25.140   853   874 I Adreno  : Remote Branch                    : refs/tags/AU_LINUX_ANDROID_LA.BF64.1.2.3_RB1.07.00.00.258.011
01-02 18:58:25.140   853   874 I Adreno  : Remote Branch                    : NONE
01-02 18:58:25.140   853   874 I Adreno  : Reconstruct Branch               : NOTHING
01-02 18:58:25.212   853   874 D BootAnimation: BootAnimationShownTiming start time: 10091ms
01-02 18:58:25.306   491   491 D MDP_SCALE: Debug enabled = 0, Max mixer width= 4096
01-02 18:58:26.759   485   485 I MSM-irqbalance: Discovered a new IRQ: 89
01-02 18:58:26.759   485   485 I MSM-irqbalance: Discovered a new IRQ: 90
01-02 18:58:26.829   884   884 E ANDR-PERF-MPCTL: Unable to create control service (stage=1, rc=0)
01-02 18:58:26.829   884   884 W libc    : invalid pthread_t (0) passed to libc
01-02 18:58:26.913   539   880 W dex2oat : Skipping class android.hidl.base.V1_0.DebugInfo from /system/framework/android.hidl.base-V1.0-java.jar previously found in /system/framework/telephony-common.jar
01-02 18:58:26.913   539   880 W dex2oat : Skipping class android.hidl.base.V1_0.IBase$Proxy from /system/framework/android.hidl.base-V1.0-java.jar previously found in /system/framework/telephony-common.jar
01-02 18:58:26.913   539   880 W dex2oat : Skipping class android.hidl.base.V1_0.IBase$Stub from /system/framework/android.hidl.base-V1.0-java.jar previously found in /system/framework/telephony-common.jar
01-02 18:58:26.914   539   539 W dex2oat : Skipping class android.hidl.base.V1_0.DebugInfo$Architecture from /system/framework/android.hidl.base-V1.0-java.jar previously found in /system/framework/telephony-common.jar
01-02 18:58:26.914   539   883 W dex2oat : Skipping class android.hidl.base.V1_0.IBase from /system/framework/android.hidl.base-V1.0-java.jar previously found in /system/framework/telephony-common.jar
01-02 18:58:26.916   797   797 W dex2oat : Skipping class android.hidl.base.V1_0.DebugInfo from /system/framework/android.hidl.base-V1.0-java.jar previously found in /system/framework/telephony-common.jar
01-02 18:58:26.916   797   881 W dex2oat : Skipping class android.hidl.base.V1_0.DebugInfo$Architecture from /system/framework/android.hidl.base-V1.0-java.jar previously found in /system/framework/telephony-common.jar
01-02 18:58:26.916   797   878 W dex2oat : Skipping class android.hidl.base.V1_0.IBase$Stub from /system/framework/android.hidl.base-V1.0-java.jar previously found in /system/framework/telephony-common.jar
01-02 18:58:26.916   797   797 W dex2oat : Skipping class android.hidl.base.V1_0.IBase$Proxy from /system/framework/android.hidl.base-V1.0-java.jar previously found in /system/framework/telephony-common.jar
01-02 18:58:26.916   797   882 W dex2oat : Skipping class android.hidl.base.V1_0.IBase from /system/framework/android.hidl.base-V1.0-java.jar previously found in /system/framework/telephony-common.jar
01-02 18:58:27.213   506   607 E ThermalEngine: [BMHB_GOV] read failed VS_TEMP
01-02 18:58:27.595   611   611 I adsprpcd: type=1400 audit(0.0:353): avc: denied { ioctl } for path="/dev/adsprpc-smd" dev="tmpfs" ino=10997 ioctlcmd=5201 scontext=u:r:init:s0 tcontext=u:object_r:device:s0 tclass=chr_file permissive=1
01-02 18:58:27.653   504   504 E Diag_Lib:  Diag_LSM_Init: Failed to open handle to diag driver, error = 2
01-02 18:58:27.665   504   504 E Diag_Lib:  Diag_LSM_Init: Failed to open handle to diag driver, error = 2
01-02 18:58:28.863   639   639 I qmuxd   : type=1400 audit(0.0:354): avc: denied { write } for name="qmux_nfc" dev="tmpfs" ino=12704 scontext=u:r:qmux:s0 tcontext=u:object_r:socket_device:s0 tclass=dir permissive=1
01-02 18:58:28.863   639   639 I qmuxd   : type=1400 audit(0.0:356): avc: denied { create } for name="qmux_connect_socket" scontext=u:r:qmux:s0 tcontext=u:object_r:socket_device:s0 tclass=sock_file permissive=1
01-02 18:58:28.863   639   639 I qmuxd   : type=1400 audit(0.0:357): avc: denied { setattr } for name="qmux_connect_socket" dev="tmpfs" ino=18478 scontext=u:r:qmux:s0 tcontext=u:object_r:socket_device:s0 tclass=sock_file permissive=1
01-02 18:58:28.885   403   403 W auditd  : type=2 
01-02 18:58:29.101   797   881 W dex2oat : Verification of void android.inputmethodservice.KeyboardView.showKey(int) took 109.117ms
01-02 18:58:29.121   797   882 W dex2oat : Verification of boolean android.location.IFusedGeofenceHardware$Stub.onTransact(int, android.os.Parcel, android.os.Parcel, int) took 104.432ms
01-02 18:58:29.167   562   562 I thermal-engine: type=1400 audit(0.0:358): avc: denied { write } for name="qmux_connect_socket" dev="tmpfs" ino=18470 scontext=u:r:init:s0 tcontext=u:object_r:qmuxd_socket:s0 tclass=sock_file permissive=1
01-02 18:58:29.167   562   562 I thermal-engine: type=1400 audit(0.0:359): avc: denied { connectto } for path="/dev/socket/qmux_radio/qmux_connect_socket" scontext=u:r:init:s0 tcontext=u:r:qmux:s0 tclass=unix_stream_socket permissive=1
01-02 18:58:29.274   797   881 W dex2oat : Verification of void android.inputmethodservice.KeyboardView.onClick(android.view.View) took 140.334ms
01-02 18:58:29.321   797   797 W dex2oat : Verification of void android.media.RemoteControlClient$MetadataEditor.<init>(android.media.RemoteControlClient) took 119.884ms
01-02 18:58:29.503   797   797 W dex2oat : Verification of boolean android.nfc.cardemulation.CardEmulation.isDefaultServiceForCategory(android.content.ComponentName, java.lang.String) took 100.396ms
01-02 18:58:29.521   539   883 W dex2oat : Verification of void android.graphics.drawable.GradientDrawable$GradientState.<init>(android.graphics.drawable.GradientDrawable$GradientState, android.content.res.Resources) took 110.881ms
01-02 18:58:29.569   512   512 D ImsWmsClient: ImsWmsClient :: Modem is initialized; handle=255
01-02 18:58:29.811   563   563 I thermal-engine: type=1400 audit(0.0:360): avc: denied { create } for scontext=u:r:init:s0 tcontext=u:r:init:s0 tclass=socket permissive=1
01-02 18:58:29.811   563   563 I thermal-engine: type=1400 audit(0.0:361): avc: denied { ioctl } for path="socket:[18494]" dev="sockfs" ino=18494 ioctlcmd=c304 scontext=u:r:init:s0 tcontext=u:r:init:s0 tclass=socket permissive=1
01-02 18:58:30.106   797   878 W dex2oat : Verification of boolean com.android.ims.internal.IImsCallSessionListener$Stub.onTransact(int, android.os.Parcel, android.os.Parcel, int) took 354.229ms
01-02 18:58:30.457   506   561 I ThermalEngine: MODEM thermal mitigation available.
01-02 18:58:30.473   506   561 I ThermalEngine: ACTION: MODEM - Pending request: pa mitigation succeeded for level 0.
01-02 18:58:30.479   506   561 I ThermalEngine: ACTION: MODEM - Pending request: cpuv_restriction_cold mitigation succeeded for level 0.
01-02 18:58:30.536   797   878 W dex2oat : Verification of void android.widget.RadialTimePickerView.<init>(android.content.Context, android.util.AttributeSet, int, int) took 198.154ms
01-02 18:58:30.725   539   879 W dex2oat : Verification of void android.widget.RadialTimePickerView.<init>(android.content.Context, android.util.AttributeSet, int, int) took 107.577ms
01-02 18:58:30.788   506   563 I ThermalEngine: ADSP thermal mitigation available.
01-02 18:58:30.790   506   563 I ThermalEngine: ACTION: ADSP - Pending request: cpuv_restriction_cold mitigation succeeded for level 0.
01-02 18:58:30.893   797   878 W dex2oat : Verification of void com.android.internal.os.WifiPowerCalculator.calculateApp(com.android.internal.os.BatterySipper, android.os.BatteryStats$Uid, long, long, int) took 313.220ms
01-02 18:58:30.970   506   564 I ThermalEngine: qmi: Instance id 157 for fusion TS
01-02 18:58:31.094   539   879 W dex2oat : Verification of boolean com.android.internal.util.TokenBucket.has() took 176.322ms
01-02 18:58:31.105   797   882 W dex2oat : Verification of void com.android.internal.telephony.CommandException$Error.<clinit>() took 144.642ms
01-02 18:58:31.456   797   797 W dex2oat : Skipping class android.hidl.base.V1_0.DebugInfo$Architecture from /system/framework/android.hidl.base-V1.0-java.jar previously found in /system/framework/telephony-common.jar
01-02 18:58:31.456   797   882 W dex2oat : Skipping class android.hidl.base.V1_0.DebugInfo from /system/framework/android.hidl.base-V1.0-java.jar previously found in /system/framework/telephony-common.jar
01-02 18:58:31.456   797   882 W dex2oat : Skipping class android.hidl.base.V1_0.IBase$Proxy from /system/framework/android.hidl.base-V1.0-java.jar previously found in /system/framework/telephony-common.jar
01-02 18:58:31.456   797   882 W dex2oat : Skipping class android.hidl.base.V1_0.IBase$Stub from /system/framework/android.hidl.base-V1.0-java.jar previously found in /system/framework/telephony-common.jar
01-02 18:58:31.456   797   797 W dex2oat : Skipping class android.hidl.base.V1_0.IBase from /system/framework/android.hidl.base-V1.0-java.jar previously found in /system/framework/telephony-common.jar
01-02 18:58:31.702   539   880 W dex2oat : Skipping class android.hidl.base.V1_0.DebugInfo from /system/framework/android.hidl.base-V1.0-java.jar previously found in /system/framework/telephony-common.jar
01-02 18:58:31.703   539   880 W dex2oat : Skipping class android.hidl.base.V1_0.IBase$Proxy from /system/framework/android.hidl.base-V1.0-java.jar previously found in /system/framework/telephony-common.jar
01-02 18:58:31.703   539   880 W dex2oat : Skipping class android.hidl.base.V1_0.IBase$Stub from /system/framework/android.hidl.base-V1.0-java.jar previously found in /system/framework/telephony-common.jar
01-02 18:58:31.703   539   539 W dex2oat : Skipping class android.hidl.base.V1_0.DebugInfo$Architecture from /system/framework/android.hidl.base-V1.0-java.jar previously found in /system/framework/telephony-common.jar
01-02 18:58:31.703   539   879 W dex2oat : Skipping class android.hidl.base.V1_0.IBase from /system/framework/android.hidl.base-V1.0-java.jar previously found in /system/framework/telephony-common.jar
01-02 18:58:31.715  1004  1004 E ANDR-PERF-MPCTL: Unable to create control service (stage=1, rc=0)
01-02 18:58:31.715  1004  1004 W libc    : invalid pthread_t (0) passed to libc
01-02 18:58:31.748   485   485 I MSM-irqbalance: Decided to move IRQ163 from CPU0 to CPU3
01-02 18:58:32.213   506   607 E ThermalEngine: [BMHB_GOV] read failed VS_TEMP
01-02 18:58:32.707   660   660 W qti     : type=1400 audit(0.0:364): avc: granted { read open } for path="/dev/dpl_ctrl" dev="tmpfs" ino=10917 scontext=u:r:init:s0 tcontext=u:object_r:rmnet_device:s0 tclass=chr_file
01-02 18:58:32.707   660   660 I qti     : type=1400 audit(0.0:365): avc: denied { ioctl } for path="/dev/dpl_ctrl" dev="tmpfs" ino=10917 ioctlcmd=7202 scontext=u:r:init:s0 tcontext=u:object_r:rmnet_device:s0 tclass=chr_file permissive=1
01-02 18:58:32.716   403   403 W auditd  : type=2 
01-02 18:58:32.991   504  1002 E Diag_Lib:  Diag_LSM_Init: Failed to open handle to diag driver, error = 2
01-02 18:58:33.035   504   504 I netmgrd : type=1400 audit(0.0:366): avc: denied { write } for name="netmgr" dev="tmpfs" ino=11693 scontext=u:r:netmgrd:s0 tcontext=u:object_r:socket_device:s0 tclass=dir permissive=1
01-02 18:58:33.035   504   504 I netmgrd : type=1400 audit(0.0:367): avc: denied { add_name } for name="netmgr_connect_socket" scontext=u:r:netmgrd:s0 tcontext=u:object_r:socket_device:s0 tclass=dir permissive=1
01-02 18:58:33.035   504   504 I netmgrd : type=1400 audit(0.0:368): avc: denied { create } for name="netmgr_connect_socket" scontext=u:r:netmgrd:s0 tcontext=u:object_r:socket_device:s0 tclass=sock_file permissive=1
01-02 18:58:33.035   504   504 I netmgrd : type=1400 audit(0.0:369): avc: denied { setattr } for name="netmgr_connect_socket" dev="tmpfs" ino=18598 scontext=u:r:netmgrd:s0 tcontext=u:object_r:socket_device:s0 tclass=sock_file permissive=1
01-02 18:58:36.607  1462  1462 E ANDR-PERF-MPCTL: Unable to create control service (stage=1, rc=0)
01-02 18:58:36.608  1462  1462 W libc    : invalid pthread_t (0) passed to libc
01-02 18:58:36.744   485   485 I MSM-irqbalance: Decided to move IRQ115 from CPU0 to CPU3
01-02 18:58:37.214   506   607 E ThermalEngine: [BMHB_GOV] read failed VS_TEMP
01-02 18:58:41.612  1463  1463 E ANDR-PERF-MPCTL: Unable to create control service (stage=1, rc=0)
01-02 18:58:41.612  1463  1463 W libc    : invalid pthread_t (0) passed to libc
01-02 18:58:41.743   485   485 I MSM-irqbalance: Decided to move IRQ65 from CPU0 to CPU2
01-02 18:58:42.214   506   607 E ThermalEngine: [BMHB_GOV] read failed VS_TEMP
01-02 18:58:46.610  1464  1464 E ANDR-PERF-MPCTL: Unable to create control service (stage=1, rc=0)
01-02 18:58:46.611  1464  1464 W libc    : invalid pthread_t (0) passed to libc
01-02 18:58:46.744   485   485 I MSM-irqbalance: Decided to move IRQ163 from CPU3 to CPU2
01-02 18:58:47.214   506   607 E ThermalEngine: [BMHB_GOV] read failed VS_TEMP
01-02 18:58:48.789   539   539 W dex2oat : Skipping class android.hidl.base.V1_0.DebugInfo$Architecture from /system/framework/android.hidl.base-V1.0-java.jar previously found in /system/framework/telephony-common.jar
01-02 18:58:48.789   539   539 W dex2oat : Skipping class android.hidl.base.V1_0.DebugInfo from /system/framework/android.hidl.base-V1.0-java.jar previously found in /system/framework/telephony-common.jar
