01-07 08:39:00.348     0     0 I         : [    4.818391 / 01-07 08:39:00.303][2] msm8994-asoc-snd fe034000.sound:  tomtom_tx1 <-> qcom,msm-dai-q6-sb-3-tx.199 mapping ok
01-07 08:39:00.348     0     0 I         : [    4.818566 / 01-07 08:39:00.303][2] msm8994-asoc-snd fe034000.sound:  tomtom_rx1 <-> qcom,msm-dai-q6-sb-4-rx.200 mapping ok
01-07 08:39:00.348     0     0 I         : [    4.818746 / 01-07 08:39:00.303][2] msm8994-asoc-snd fe034000.sound:  msm-stub-tx <-> qcom,msm-dai-q6-incall-record-t mapping ok
01-07 08:39:00.348     0     0 I         : [    4.818935 / 01-07 08:39:00.303][2] msm8994-asoc-snd fe034000.sound:  msm-stub-tx <-> qcom,msm-dai-q6-incall-record-r mapping ok
01-07 08:39:00.348     0     0 I         : [    4.819113 / 01-07 08:39:00.303][2] msm8994-asoc-snd fe034000.sound:  tomtom_mad1 <-> qcom,msm-dai-q6-sb-5-tx.202 mapping ok
01-07 08:39:00.348     0     0 I         : [    4.819285 / 01-07 08:39:00.303][2] msm8994-asoc-snd fe034000.sound:  msm-stub-rx <-> qcom,msm-dai-q6-incall-music-rx mapping ok
01-07 08:39:00.348     0     0 I         : [    4.819471 / 01-07 08:39:00.303][2] msm8994-asoc-snd fe034000.sound:  msm-stub-rx <-> qcom,msm-dai-q6-incall-music-2- mapping ok
01-07 08:39:00.348     0     0 I         : [    4.819671 / 01-07 08:39:00.303][2] msm8994-asoc-snd fe034000.sound:  msm-stub-tx <-> qcom,msm-dai-q6-mi2s-prim.216 mapping ok
01-07 08:39:00.348     0     0 I         : [    4.819868 / 01-07 08:39:00.303][2] msm8994-asoc-snd fe034000.sound:  tomtom_rx3 <-> qcom,msm-dai-q6-sb-5-rx.215 mapping ok
01-07 08:39:00.348     0     0 I         : [    4.820440 / 01-07 08:39:00.307][2] msm8994-asoc-snd fe034000.sound:  msm_hdmi_audio_codec_rx_dai <-> qcom,msm-dai-q6-hdmi.47 mapping ok
01-07 08:39:00.348     0     0 I         : [    4.821143 / 01-07 08:39:00.307][2] msm8994-asoc-snd fe034000.sound:  snd-soc-dummy-dai <-> MultiMedia1 mapping ok
01-07 08:39:00.348     0     0 I         : [    4.822281 / 01-07 08:39:00.307][2] msm8994-asoc-snd fe034000.sound:  snd-soc-dummy-dai <-> MultiMedia1 mapping ok
01-07 08:39:00.348     0     0 I         : [    4.823100 / 01-07 08:39:00.307][2] msm8994-asoc-snd fe034000.sound:  snd-soc-dummy-dai <-> MultiMedia1 mapping ok
01-07 08:39:00.348     0     0 I         : [    4.823963 / 01-07 08:39:00.311][0] [CC] current batt_temp[20], batt_temp_state[0], current batt_volt[3957], batt_volt_state[0]
01-07 08:39:00.348     0     0 I         : [    4.824067 / 01-07 08:39:00.311][2] msm8994-asoc-snd fe034000.sound:  snd-soc-dummy-dai <-> MultiMedia1 mapping ok
01-07 08:39:00.348     0     0 I         : [    4.824895 / 01-07 08:39:00.311][2] msm8994-asoc-snd fe034000.sound:  snd-soc-dummy-dai <-> MultiMedia1 mapping ok
01-07 08:39:00.348     0     0 I         : [    4.828710 / 01-07 08:39:00.315][2] msm8994-asoc-snd fe034000.sound:  snd-soc-dummy-dai <-> MultiMedia1 mapping ok
01-07 08:39:00.348     0     0 I         : [    4.830601 / 01-07 08:39:00.315][2] msm8994-asoc-snd fe034000.sound:  snd-soc-dummy-dai <-> MultiMedia1 mapping ok
01-07 08:39:00.348     0     0 I         : [    4.831397 / 01-07 08:39:00.315][2] msm8994-asoc-snd fe034000.sound:  snd-soc-dummy-dai <-> MultiMedia1 mapping ok
01-07 08:39:00.348     0     0 I         : [    4.832831 / 01-07 08:39:00.319][2] msm8994-asoc-snd fe034000.sound:  snd-soc-dummy-dai <-> MultiMedia1 mapping ok
01-07 08:39:00.348     0     0 I         : [    4.834432 / 01-07 08:39:00.319][2] msm8994-asoc-snd fe034000.sound:  snd-soc-dummy-dai <-> MultiMedia1 mapping ok
01-07 08:39:00.348     0     0 I         : [    4.835493 / 01-07 08:39:00.319][2] msm8994-asoc-snd fe034000.sound:  snd-soc-dummy-dai <-> MultiMedia1 mapping ok
01-07 08:39:00.348     0     0 I         : [    4.836662 / 01-07 08:39:00.323][2] msm8994-asoc-snd fe034000.sound:  snd-soc-dummy-dai <-> MultiMedia1 mapping ok
01-07 08:39:00.348     0     0 I         : [    4.837307 / 01-07 08:39:00.323][2] msm8994-asoc-snd fe034000.sound:  tas2552-amplifier <-> qcom,msm-dai-q6-mi2s-quat.217 mapping ok
01-07 08:39:00.348     0     0 I         : [    4.838076 / 01-07 08:39:00.323][2] msm8994-asoc-snd fe034000.sound:  tas2552-amplifier <-> qcom,msm-dai-q6-mi2s-quat.217 mapping ok
01-07 08:39:00.348     0     0 I         : [    4.839155 / 01-07 08:39:00.323][2] msm8994-asoc-snd fe034000.sound:  snd-soc-dummy-dai <-> MultiMedia2 mapping ok
01-07 08:39:00.348     0     0 I         : [    4.844575 / 01-07 08:39:00.331][2] msm8994-asoc-snd fe034000.sound:  snd-soc-dummy-dai <-> QUAT_MI2S_RX_HOSTLESS mapping ok
01-07 08:39:00.348     0     0 I         : [    4.845777 / 01-07 08:39:00.331][2] msm8994-asoc-snd fe034000.sound:  snd-soc-dummy-dai <-> MultiMedia1 mapping ok
01-07 08:39:00.363     0     0 I [    4.869544 / 01-07 08:39:00.355][2] input: msm8994-tomtom-snd-card Button Jack as /devices/soc.0/fe034000.sound/sound/card0/input3
01-07 08:39:00.369   498   498 W MediaCodecsXmlParser: unable to open media codecs configuration xml file: /data/misc/media/media_codecs_profiling_results.xml
01-07 08:39:00.369   498   498 W MediaCodecsXmlParser: parseTopLevelXMLFile(/data/misc/media/media_codecs_profiling_results.xml) failed
01-07 08:39:00.369   498   498 E MediaCodecsXmlParser: Cannot find the role for a decoder of type video/divx
01-07 08:39:00.369   498   498 E MediaCodecsXmlParser: Cannot find the role for a decoder of type video/divx311
01-07 08:39:00.369   498   498 E MediaCodecsXmlParser: Cannot find the role for a decoder of type video/divx4
01-07 08:39:00.369   498   498 E MediaCodecsXmlParser: Cannot find the role for a decoder of type video/x-ms-wmv
01-07 08:39:00.369   498   498 E MediaCodecsXmlParser: Cannot find the role for a decoder of type video/x-ms-wmv
01-07 08:39:00.371   498   498 I ServiceManagement: Removing namespace from process name android.hardware.media.omx@1.0-service to omx@1.0-service.
01-07 08:39:00.372   498   498 E cutils-trace: Error opening trace file: Permission denied (13)
01-07 08:39:00.386     0     0 I [    4.869751 / 01-07 08:39:00.355][2] input: msm8994-tomtom-snd-card Headset Jack as /devices/soc.0/fe034000.sound/sound/card0/input4
01-07 08:39:00.386     0     0 E         : [    4.884356 / 01-07 08:39:00.371][2] msm8994-asoc-snd fe034000.sound: failed to get qcom,mbhc-micbias-enable-flags
01-07 08:39:00.386     0     0 I         : [    4.884378 / 01-07 08:39:00.371][2] msm8994-asoc-snd fe034000.sound: property qcom,us-euro-gpios not detected in node /soc/sound
01-07 08:39:00.386     0     0 I         : [    4.893683 / 01-07 08:39:00.379][2] msm8994-asoc-snd fe034000.sound: msm8994_asoc_machine_probe: done.
01-07 08:39:00.386     0     0 F         : [    4.893704 / 01-07 08:39:00.379][2] drv probe : 4390 msm8994-asoc-snd 499
01-07 08:39:00.389   498   498 D vndksupport: Loading libstagefrighthw.so from current namespace instead of sphal namespace.
01-07 08:39:00.394   498   498 W MediaCodecsXmlParser: unable to open media codecs configuration xml file: /data/misc/media/media_codecs_profiling_results.xml
01-07 08:39:00.394   498   498 W MediaCodecsXmlParser: parseTopLevelXMLFile(/data/misc/media/media_codecs_profiling_results.xml) failed
01-07 08:39:00.394   498   498 I ServiceManagement: Removing namespace from process name android.hardware.media.omx@1.0-service to omx@1.0-service.
01-07 08:39:00.408   498   498 I media.codec: IOmx HAL service created.
01-07 08:39:00.412     0     0 I [    4.919464 / 01-07 08:39:00.403][2] ueventd: loading /devices/soc.0/fe12f000.slim/tomtom-slim-pgd/tomtom_codec/firmware/cpe.b06 took 199ms
01-07 08:39:00.436   422   422 I zygote  : option[0]=-Xzygote
01-07 08:39:00.436   422   422 I zygote  : option[1]=-Xusetombstonedtraces
01-07 08:39:00.436   422   422 I zygote  : option[2]=exit
01-07 08:39:00.436   422   422 I zygote  : option[3]=vfprintf
01-07 08:39:00.436   422   422 I zygote  : option[4]=sensitiveThread
01-07 08:39:00.436   422   422 I zygote  : option[5]=-verbose:gc
01-07 08:39:00.436   422   422 I zygote  : option[6]=-Xms8m
01-07 08:39:00.436   422   422 I zygote  : option[7]=-Xmx768m
01-07 08:39:00.436   422   422 I zygote  : option[8]=-XX:HeapGrowthLimit=288m
01-07 08:39:00.436   422   422 I zygote  : option[9]=-XX:HeapMinFree=2m
01-07 08:39:00.436   422   422 I zygote  : option[10]=-XX:HeapMaxFree=8m
01-07 08:39:00.436   422   422 I zygote  : option[11]=-XX:HeapTargetUtilization=0.75
01-07 08:39:00.436   422   422 I zygote  : option[12]=-Xusejit:true
01-07 08:39:00.436   422   422 I zygote  : option[13]=-Xjitsaveprofilinginfo
01-07 08:39:00.436   422   422 I zygote  : option[14]=-XjdwpOptions:suspend=n,server=y
01-07 08:39:00.436   422   422 I zygote  : option[15]=-XjdwpProvider:default
01-07 08:39:00.436   422   422 I zygote  : option[16]=-Xlockprofthreshold:500
01-07 08:39:00.436   422   422 I zygote  : option[17]=-Ximage-compiler-option
01-07 08:39:00.436   422   422 I zygote  : option[18]=--runtime-arg
01-07 08:39:00.437   422   422 I zygote  : option[19]=-Ximage-compiler-option
01-07 08:39:00.437   422   422 I zygote  : option[20]=-Xms64m
01-07 08:39:00.437   422   422 I zygote  : option[21]=-Ximage-compiler-option
01-07 08:39:00.437   422   422 I zygote  : option[22]=--runtime-arg
01-07 08:39:00.437   422   422 I zygote  : option[23]=-Ximage-compiler-option
01-07 08:39:00.437   422   422 I zygote  : option[24]=-Xmx64m
01-07 08:39:00.437   422   422 I zygote  : option[25]=-Ximage-compiler-option
01-07 08:39:00.437   422   422 I zygote  : option[26]=--profile-file=/system/etc/boot-image.prof
01-07 08:39:00.437   422   422 I zygote  : option[27]=-Ximage-compiler-option
01-07 08:39:00.437   422   422 I zygote  : option[28]=--compiler-filter=speed-profile
01-07 08:39:00.437   422   422 I zygote  : option[29]=-Xcompiler-option
01-07 08:39:00.437   422   422 I zygote  : option[30]=--runtime-arg
01-07 08:39:00.437   422   422 I zygote  : option[31]=-Xcompiler-option
01-07 08:39:00.437   422   422 I zygote  : option[32]=-Xms64m
01-07 08:39:00.437   422   422 I zygote  : option[33]=-Xcompiler-option
01-07 08:39:00.437   422   422 I zygote  : option[34]=--runtime-arg
01-07 08:39:00.437   422   422 I zygote  : option[35]=-Xcompiler-option
01-07 08:39:00.437   422   422 I zygote  : option[36]=-Xmx512m
01-07 08:39:00.437   422   422 I zygote  : option[37]=-Xcompiler-option
01-07 08:39:00.437   422   422 I zygote  : option[38]=-j2
01-07 08:39:00.437   422   422 I zygote  : option[39]=-Ximage-compiler-option
01-07 08:39:00.437   422   422 I zygote  : option[40]=-j4
01-07 08:39:00.437   422   422 I zygote  : option[41]=-Ximage-compiler-option
01-07 08:39:00.437   422   422 I zygote  : option[42]=--instruction-set-variant=cortex-a53.a57
01-07 08:39:00.437   422   422 I zygote  : option[43]=-Xcompiler-option
01-07 08:39:00.437   422   422 I zygote  : option[44]=--instruction-set-variant=cortex-a53.a57
01-07 08:39:00.437   422   422 I zygote  : option[45]=-Ximage-compiler-option
01-07 08:39:00.437   422   422 I zygote  : option[46]=--instruction-set-features=default
01-07 08:39:00.437   422   422 I zygote  : option[47]=-Xcompiler-option
01-07 08:39:00.437   422   422 I zygote  : option[48]=--instruction-set-features=default
01-07 08:39:00.437   422   422 I zygote  : option[49]=-Duser.locale=en-US
01-07 08:39:00.437   422   422 I zygote  : option[50]=--cpu-abilist=armeabi-v7a,armeabi
01-07 08:39:00.437   422   422 I zygote  : option[51]=-Xfingerprint:lge/p1_global_com/p1:8.1.0/OPM4.171019.016.A1/4720815:user/release-keys
01-07 08:39:00.438   493   493 I mediametrics: ServiceManager: 0x7e9763d740
01-07 08:39:00.438   493   493 D MediaAnalyticsService: MediaAnalyticsService created
01-07 08:39:00.460   487   487 I cameraserver: ServiceManager: 0xeb19c100
01-07 08:39:00.460   487   487 I CameraService: CameraService started (pid=487)
01-07 08:39:00.460   487   487 I CameraService: CameraService process starting
01-07 08:39:00.468   487   487 W BatteryNotifier: batterystats service unavailable!
01-07 08:39:00.468   487   487 W BatteryNotifier: batterystats service unavailable!
01-07 08:39:00.468   487   487 E cutils-trace: Error opening trace file: Permission denied (13)
01-07 08:39:00.481   487   487 D vndksupport: Loading /vendor/lib/hw/android.hardware.camera.provider@2.4-impl.so from current namespace instead of sphal namespace.
01-07 08:39:00.488   502   502 I /system/bin/tombstoned: tombstoned successfully initialized
01-07 08:39:00.496   483   520 I adbd    : initializing functionfs
01-07 08:39:00.497   483   520 I adbd    : opening control endpoint /dev/usb-ffs/adb/ep0
01-07 08:39:00.516     0     0 I         : [    5.005126 / 01-07 08:39:00.491][3] read descriptors
01-07 08:39:00.516     0     0 I         : [    5.005147 / 01-07 08:39:00.491][3] read descriptors
01-07 08:39:00.516     0     0 I         : [    5.005158 / 01-07 08:39:00.491][3] read strings
01-07 08:39:00.517   421   421 I zygote64: VerifyImage: /system/bin/patchoat --input-image-location=/system/framework/boot.art --output-image-directory=/data/dalvik-cache/arm64 --instruction-set=arm64 --verify
01-07 08:39:00.518   483   520 I adbd    : functionfs successfully initialized
01-07 08:39:00.518   483   520 I adbd    : registering usb transport
01-07 08:39:00.520   462   462 I ServiceManagement: Removing namespace from process name android.hardware.graphics.allocator@2.0-service to allocator@2.0-service.
01-07 08:39:00.525   462   462 I android.hardware.graphics.allocator@2.0-service: Registration complete for android.hardware.graphics.allocator@2.0::IAllocator/default.
01-07 08:39:00.536   504   504 I usbd    : Usb HAL not found
01-07 08:39:00.539   478   478 I qcom-bluetooth: /system/bin/init.qcom.bt.sh: init.qcom.bt.sh config = onboot
01-07 08:39:00.544     0     0 I [    5.046652 / 01-07 08:39:00.531][3] init: Service 'usbd' (pid 504) exited with status 0
01-07 08:39:00.568     0     0 I [    5.071969 / 01-07 08:39:00.559][0] FG: update_battery_type: use battery type : itech_3000mah
01-07 08:39:00.568     0     0 I [    5.071998 / 01-07 08:39:00.559][0] of_batterydata_get_best_profile: itech_3000mah found
01-07 08:39:00.571   490   490 I installd: installd firing up
01-07 08:39:00.579   524   524 W patchoat: Could not reserve sentinel fault page
01-07 08:39:00.587   525   525 I qcom-bluetooth: /system/bin/init.qcom.bt.sh: Bluetooth Address programmed successfully
01-07 08:39:00.593   487   487 D vndksupport: Loading /vendor/lib/hw/camera.msm8992.so from current namespace instead of sphal namespace.
01-07 08:39:00.594   497   497 I wificond: wificond is starting up...
01-07 08:39:00.605   492   492 V MediaUtils: physMem: 2948182016
01-07 08:39:00.605   492   492 V MediaUtils: requested limit: 589636400
01-07 08:39:00.605   492   492 V MediaUtils: cfi shadow size: 2147483648
01-07 08:39:00.605   492   492 V MediaUtils: actual limit: 2737120048
01-07 08:39:00.605   492   492 V MediaUtils: original limits: -1/-1
01-07 08:39:00.605   492   492 V MediaUtils: new limits: 2737120048/-1
01-07 08:39:00.605   492   492 D vndksupport: Loading libutils.so from current namespace instead of sphal namespace.
01-07 08:39:00.607   492   492 W mediaextractor: libminijail[492]: failed to get path of fd 4: No such file or directory
01-07 08:39:00.607   492   492 W mediaextractor: libminijail[492]: allowing syscall: connect
01-07 08:39:00.607   492   492 W mediaextractor: libminijail[492]: allowing syscall: fcntl
01-07 08:39:00.607   492   492 W mediaextractor: libminijail[492]: allowing syscall: sendto
01-07 08:39:00.607   492   492 W mediaextractor: libminijail[492]: allowing syscall: socket
01-07 08:39:00.607   492   492 W mediaextractor: libminijail[492]: allowing syscall: writev
01-07 08:39:00.607   485   485 E cutils-trace: Error opening trace file: Permission denied (13)
01-07 08:39:00.608   492   492 W mediaextractor: libminijail[492]: logging seccomp filter failures
01-07 08:39:00.613   485   485 D vndksupport: Loading /vendor/lib64/hw/android.hardware.keymaster@3.0-impl.so from current namespace instead of sphal namespace.
01-07 08:39:00.633   500   500 I gatekeeperd: Starting gatekeeperd...
01-07 08:39:00.636   500   500 D vndksupport: Loading /vendor/lib64/hw/android.hardware.gatekeeper@1.0-impl.so from current namespace instead of sphal namespace.
01-07 08:39:00.641   494   494 I mediaserver: ServiceManager: 0xed61c1c0
01-07 08:39:00.642   494   494 W BatteryNotifier: batterystats service unavailable!
01-07 08:39:00.666   500   500 D vndksupport: Loading /vendor/lib64/hw/gatekeeper.msm8992.so from current namespace instead of sphal namespace.
01-07 08:39:00.667   500   500 D gatekeeper_device: HwKmOpen called
01-07 08:39:00.676   496   530 I storaged: storaged: Start
01-07 08:39:00.679     0     0 I [    5.186379 / 01-07 08:39:00.671][2] ueventd: firmware: loading 'cpe.b08' for '/devices/soc.0/fe12f000.slim/tomtom-slim-pgd/tomtom_codec/firmware/cpe.b08'
01-07 08:39:00.735   485   485 I android.hardware.keymaster@3.0-impl: Fetching keymaster device name default
01-07 08:39:00.735   485   485 D vndksupport: Loading /vendor/lib64/hw/keystore.msm8992.so from current namespace instead of sphal namespace.
01-07 08:39:00.745   422   422 I zygote  : VerifyImage: /system/bin/patchoat --input-image-location=/system/framework/boot.art --output-image-directory=/data/dalvik-cache/arm --instruction-set=arm --verify
01-07 08:39:00.763     0     0 I [    5.269763 / 01-07 08:39:00.755][0] android_work: android_work: sent uevent USB_STATE=CONNECTED
01-07 08:39:00.767     0     0 I [    5.273724 / 01-07 08:39:00.759][0] android_work: android_work: sent uevent USB_STATE=DISCONNECTED
01-07 08:39:00.788     0     0 I [    5.289205 / 01-07 08:39:00.775][2] ueventd: loading /devices/soc.0/fe12f000.slim/tomtom-slim-pgd/tomtom_codec/firmware/cpe.b08 took 102ms
01-07 08:39:00.788     0     0 I [    5.294878 / 01-07 08:39:00.779][0] ueventd: firmware: loading 'cpe.b10' for '/devices/soc.0/fe12f000.slim/tomtom-slim-pgd/tomtom_codec/firmware/cpe.b10'
01-07 08:39:00.796   472   472 I FastMixerState: sMaxFastTracks = 8
01-07 08:39:00.797   472   472 V MediaUtils: physMem: 2948182016
01-07 08:39:00.797   472   472 V MediaUtils: requested limit: 536870912
01-07 08:39:00.797   472   472 V MediaUtils: actual limit: 536870912
01-07 08:39:00.797   472   472 V MediaUtils: original limits: 4294967295/4294967295
01-07 08:39:00.797   472   472 V MediaUtils: new limits: 536870912/4294967295
01-07 08:39:00.798   472   472 I audioserver: ServiceManager: 0xf259c100
01-07 08:39:00.798   472   472 W BatteryNotifier: batterystats service unavailable!
01-07 08:39:00.799   472   472 E cutils-trace: Error opening trace file: Permission denied (13)
01-07 08:39:00.802   472   472 D vndksupport: Loading /vendor/lib/hw/android.hardware.audio@2.0-impl.so from current namespace instead of sphal namespace.
01-07 08:39:00.842   472   472 I chatty  : uid=1041(audioserver) /system/bin/audioserver identical 1 line
01-07 08:39:00.844   472   472 D vndksupport: Loading /vendor/lib/hw/android.hardware.audio@2.0-impl.so from current namespace instead of sphal namespace.
01-07 08:39:00.848   472   472 D vndksupport: Loading /vendor/lib/hw/android.hardware.audio.effect@2.0-impl.so from current namespace instead of sphal namespace.
01-07 08:39:00.855     0     0 E [    5.361177 / 01-07 08:39:00.847][0] selinux: avc:  denied  { set } for property=ro.qualcomm.bluetooth.opp pid=540 uid=0 gid=0 scontext=u:r:bluetooth:s0 tcontext=u:object_r:default_prop:s0 tclass=property_service permissive=1
01-07 08:39:00.856     0     0 E         : [    5.361177 / 01-07 08:39:00.847][0]
01-07 08:39:00.896   472   472 D vndksupport: Loading /vendor/lib/hw/android.hardware.audio.effect@2.0-impl.so from current namespace instead of sphal namespace.
01-07 08:39:00.898   472   472 I AudioFlinger: Using 300 mSec as standby time.
01-07 08:39:00.900   472   472 E APM::Serializer: deserialize: Could not parse /odm/etc/audio_policy_configuration.xml document.
01-07 08:39:00.900     0     0 I [    5.405184 / 01-07 08:39:00.891][0] ueventd: loading /devices/soc.0/fe12f000.slim/tomtom-slim-pgd/tomtom_codec/firmware/cpe.b10 took 110ms
01-07 08:39:00.900   472   472 E APM::Serializer: deserialize: Could not parse /vendor/etc/audio/audio_policy_configuration.xml document.
01-07 08:39:00.903     0     0 I [    5.408749 / 01-07 08:39:00.895][0] ueventd: firmware: loading 'cpe.b11' for '/devices/soc.0/fe12f000.slim/tomtom-slim-pgd/tomtom_codec/firmware/cpe.b11'
01-07 08:39:00.911     0     0 I [    5.417789 / 01-07 08:39:00.903][0] android_work: android_work: sent uevent USB_STATE=CONNECTED
01-07 08:39:00.916     0     0 I         : [    5.420265 / 01-07 08:39:00.907][0] android_usb gadget: high-speed config #1: fe80f0c8.android_usb
01-07 08:39:00.916     0     0 I         : [    5.420640 / 01-07 08:39:00.907][0] [CC] After update_pm_psy_status (iusb=500)(CC=500)(org=500)(wlc=900)
01-07 08:39:00.916     0     0 I         : [    5.420682 / 01-07 08:39:00.907][0] [CC] USB Current Set!
01-07 08:39:00.916     0     0 I [    5.420729 / 01-07 08:39:00.907][0] SMBCHG: smbchg_stay_awake: staying awake: 0x02 (bit 2)
01-07 08:39:00.916     0     0 I [    5.420744 / 01-07 08:39:00.907][0] SMBCHG: smbchg_vfloat_adjust_check: Starting vfloat adjustments
01-07 08:39:00.916     0     0 I [    5.421228 / 01-07 08:39:00.907][0] SMBCHG: smbchg_relax: relaxing: 0x00 (bit 2)
01-07 08:39:00.916     0     0 I         : [    5.421414 / 01-07 08:39:00.907][0] [CC] charge_type = 3
01-07 08:39:00.919     0     0 W [    5.424326 / 01-07 08:39:00.911][1] healthd: battery l=69 v=3957 t=0.0 h=2 st=2 c=569 chg=u
01-07 08:39:00.920     0     0 W [    5.425537 / 01-07 08:39:00.911][1] healthd: battery l=69 v=3957 t=0.0 h=2 st=2 c=569 chg=u
01-07 08:39:00.930   472   472 D vndksupport: Loading /vendor/lib/hw/audio.primary.default.so from current namespace instead of sphal namespace.
01-07 08:39:00.945   472   472 W DeviceHAL: Error from HAL Device in function get_master_volume: Function not implemented
01-07 08:39:00.945   472   472 W DeviceHAL: Error from HAL Device in function get_master_mute: Function not implemented
01-07 08:39:00.945   472   472 W DeviceHAL: Error from HAL Device in function set_master_volume: Function not implemented
01-07 08:39:00.945   472   472 W DeviceHAL: Error from HAL Device in function set_master_mute: Function not implemented
01-07 08:39:00.945   472   472 I AudioFlinger: loadHwModule() Loaded primary audio interface, handle 10
01-07 08:39:00.946   472   472 I AudioFlinger: openOutput() this 0xf25be000, module 10 Device 0x2, SamplingRate 48000, Format 0x000001, Channels 0x3, flags 0x2
01-07 08:39:00.946   472   472 I AudioFlinger: HAL output buffer size 480 frames, normal sink buffer size 960 frames
01-07 08:39:00.949   472   472 D vndksupport: Loading /vendor/lib/hw/android.hardware.audio.effect@2.0-impl.so from current namespace instead of sphal namespace.
01-07 08:39:00.951   472   472 D vndksupport: Loading /vendor/lib/hw/android.hardware.audio.effect@2.0-impl.so from current namespace instead of sphal namespace.
01-07 08:39:00.955     0     0 I [    5.460968 / 01-07 08:39:00.947][0] ueventd: loading /devices/soc.0/fe12f000.slim/tomtom-slim-pgd/tomtom_codec/firmware/cpe.b11 took 53ms
01-07 08:39:00.959     0     0 I [    5.464888 / 01-07 08:39:00.951][2] ueventd: firmware: loading 'cpe.b12' for '/devices/soc.0/fe12f000.slim/tomtom-slim-pgd/tomtom_codec/firmware/cpe.b12'
01-07 08:39:00.969   472   472 E EffectsFactoryConfigLoader: Could not find library in effect directories: libqcomvisualizer.so
01-07 08:39:00.971     0     0 I [    5.476017 / 01-07 08:39:00.963][0] android_work: android_work: sent uevent USB_STATE=CONFIGURED
01-07 08:39:00.974   472   472 E EffectsFactoryConfigLoader: Could not find library in effect directories: libqcompostprocbundle.so
01-07 08:39:00.974   472   472 E EffectsFactoryConfigLoader: Could not find library in effect directories: libqcomvoiceprocessing.so
01-07 08:39:00.985   472   472 E EffectsFactoryConfigLoader: Could not find library offload_bundle to load effect bassboost libhw
01-07 08:39:00.985   472   472 E EffectsFactoryConfigLoader: Could not find library offload_bundle to load effect virtualizer libhw
01-07 08:39:00.986   472   472 E EffectsFactoryConfigLoader: Could not find library offload_bundle to load effect equalizer libhw
01-07 08:39:00.986   472   472 E EffectsFactoryConfigLoader: Could not find library offload_bundle to load effect reverb_env_aux libhw
01-07 08:39:00.986   472   472 E EffectsFactoryConfigLoader: Could not find library offload_bundle to load effect reverb_env_ins libhw
01-07 08:39:00.986   472   472 E EffectsFactoryConfigLoader: Could not find library offload_bundle to load effect reverb_pre_aux libhw
01-07 08:39:00.986   472   472 E EffectsFactoryConfigLoader: Could not find library offload_bundle to load effect reverb_pre_ins libhw
01-07 08:39:00.986   472   472 E EffectsFactoryConfigLoader: Could not find library visualizer_hw to load effect visualizer libhw
01-07 08:39:00.986   472   472 E EffectsFactoryConfigLoader: 11 errors during loading of configuration: EffectsFactoryConfigLoader
01-07 08:39:00.986   472   472 E EffectsFactory: Effect config is partially invalid, skipped 11 elements
01-07 08:39:00.986   472   472 I BufferProvider: found effect "Multichannel Downmix To Stereo" from The Android Open Source Project
01-07 08:39:00.986   472   472 I AudioFlinger: Using module 10 as the primary audio interface
01-07 08:39:00.987   472   547 W DeviceHAL: Error from HAL Device in function set_voice_volume: Function not implemented
01-07 08:39:00.987   472   558 I AudioFlinger: AudioFlinger's thread 0xf1c037c0 tid=558 ready to run
01-07 08:39:00.988   472   558 W AudioFlinger: no wake lock to update, system not ready yet
01-07 08:39:00.988   472   558 W AudioFlinger: no wake lock to update, system not ready yet
01-07 08:39:00.989   472   472 W AudioFlinger: moveEffects() bad srcOutput 0
01-07 08:39:00.989   472   472 W APM_AudioPolicyManager: Output profile contains no device on module primary
01-07 08:39:00.989   472   472 I AudioFlinger: openOutput() this 0xf25be000, module 10 Device 0x2, SamplingRate 48000, Format 0x000001, Channels 0x3, flags 0x8
01-07 08:39:00.990   472   472 I AudioFlinger: HAL output buffer size 480 frames, normal sink buffer size 960 frames
01-07 08:39:00.990   472   560 I AudioFlinger: AudioFlinger's thread 0xf1503a80 tid=560 ready to run
01-07 08:39:00.991   472   560 W AudioFlinger: no wake lock to update, system not ready yet
01-07 08:39:00.991   472   560 W AudioFlinger: no wake lock to update, system not ready yet
01-07 08:39:00.996   472   472 I AudioFlinger: openOutput() this 0xf25be000, module 10 Device 0x2, SamplingRate 48000, Format 0x000001, Channels 0x3, flags 0x4
01-07 08:39:00.996   472   472 I AudioFlinger: HAL output buffer size 480 frames, normal sink buffer size 960 frames
01-07 08:39:00.999   472   562 I AudioFlinger: AudioFlinger's thread 0xf1203d00 tid=562 ready to run
01-07 08:39:00.999   472   562 W AudioFlinger: no wake lock to update, system not ready yet
01-07 08:39:01.004   472   472 W APM_AudioPolicyManager: Output profile contains no device on module primary
01-07 08:39:01.004   472   472 W APM_AudioPolicyManager: Output profile contains no device on module primary
01-07 08:39:01.004   472   472 I AudioFlinger: openOutput() this 0xf25be000, module 10 Device 0x10000, SamplingRate 48000, Format 0x000001, Channels 0x3, flags 0
01-07 08:39:01.005   472   472 I AudioFlinger: HAL output buffer size 480 frames, normal sink buffer size 960 frames
01-07 08:39:01.008   472   564 I AudioFlinger: AudioFlinger's thread 0xf0f03640 tid=564 ready to run
01-07 08:39:01.008   472   564 W AudioFlinger: no wake lock to update, system not ready yet
01-07 08:39:01.009   472   472 W APM_AudioPolicyManager: Output profile contains no device on module primary
01-07 08:39:01.009   472   472 W APM_AudioPolicyManager: Output profile contains no device on module primary
01-07 08:39:01.012   472   565 I AudioFlinger: AudioFlinger's thread 0xf0c03fc0 tid=565 ready to run
01-07 08:39:01.020   472   567 I AudioFlinger: AudioFlinger's thread 0xf0c03340 tid=567 ready to run
01-07 08:39:01.035     0     0 I [    5.533015 / 01-07 08:39:01.019][2] ueventd: loading /devices/soc.0/fe12f000.slim/tomtom-slim-pgd/tomtom_codec/firmware/cpe.b12 took 68ms
01-07 08:39:01.036     0     0 I [    5.539860 / 01-07 08:39:01.023][2] ueventd: firmware: loading 'cpe.b14' for '/devices/soc.0/fe12f000.slim/tomtom-slim-pgd/tomtom_codec/firmware/cpe.b14'
01-07 08:39:01.040   472   472 I bt_a2dp_hw: adev_open:  adev_open in A2dp_hw module
01-07 08:39:01.040   472   472 I AudioFlinger: loadHwModule() Loaded a2dp audio interface, handle 18
01-07 08:39:01.040   472   472 D vndksupport: Loading /vendor/lib/hw/audio.usb.default.so from current namespace instead of sphal namespace.
01-07 08:39:01.053   472   472 I AudioFlinger: loadHwModule() Loaded usb audio interface, handle 26
01-07 08:39:01.053   472   472 D vndksupport: Loading /vendor/lib/hw/audio.r_submix.default.so from current namespace instead of sphal namespace.
01-07 08:39:01.056   569   569 I qcom-bluetooth: /system/bin/init.qcom.bt.sh: Bluetooth stack is Bluedroid
01-07 08:39:01.056   472   472 I r_submix: adev_open(name=audio_hw_if)
01-07 08:39:01.057   472   472 I r_submix: adev_init_check()
01-07 08:39:01.057   472   472 W DeviceHAL: Error from HAL Device in function set_master_mute: Function not implemented
01-07 08:39:01.057   472   472 I AudioFlinger: loadHwModule() Loaded r_submix audio interface, handle 34
01-07 08:39:01.057   472   472 D r_submix: adev_open_input_stream(addr=0)
01-07 08:39:01.057   472   472 D r_submix: submix_audio_device_create_pipe_l(addr=0, idx=9)
01-07 08:39:01.057   472   472 D r_submix:   now using address 0 for route 9
01-07 08:39:01.057   472   570 I AudioFlinger: AudioFlinger's thread 0xf0c03640 tid=570 ready to run
01-07 08:39:01.057   472   472 D r_submix: adev_close_input_stream()
01-07 08:39:01.057   472   472 D r_submix: submix_audio_device_release_pipe_l(idx=9) addr=0
01-07 08:39:01.058   472   472 D r_submix: submix_audio_device_destroy_pipe_l(): pipe destroyed
01-07 08:39:01.058   472   472 D AudioPolicyManagerCustom: USE_XML_AUDIO_POLICY_CONF is TRUE
01-07 08:39:01.059   472   472 I         : Waiting for activity service
01-07 08:39:01.059     0     0 I [    5.566780 / 01-07 08:39:01.051][2] init: Service 'config_bluetooth' (pid 469) exited with status 0
01-07 08:39:01.067     0     0 I [    5.572939 / 01-07 08:39:01.059][2] ueventd: loading /devices/soc.0/fe12f000.slim/tomtom-slim-pgd/tomtom_codec/firmware/cpe.b14 took 33ms
01-07 08:39:01.068     0     0 I [    5.574071 / 01-07 08:39:01.059][0] ueventd: firmware: loading 'cpe.b16' for '/devices/soc.0/fe12f000.slim/tomtom-slim-pgd/tomtom_codec/firmware/cpe.b16'
01-07 08:39:01.123     0     0 I [    5.628924 / 01-07 08:39:01.115][0] ueventd: loading /devices/soc.0/fe12f000.slim/tomtom-slim-pgd/tomtom_codec/firmware/cpe.b16 took 55ms
01-07 08:39:01.125   474   474 E cutils-trace: Error opening trace file: Permission denied (13)
01-07 08:39:01.127   474   474 I ConfigStore: android::hardware::configstore::V1_0::ISurfaceFlingerConfigs::startGraphicsAllocatorService retrieved: 0
01-07 08:39:01.128   474   474 I SurfaceFlinger: Using HWComposer service: 'default'
01-07 08:39:01.128   474   474 I SurfaceFlinger: SurfaceFlinger is starting
01-07 08:39:01.129   474   474 I ConfigStore: android::hardware::configstore::V1_0::ISurfaceFlingerConfigs::vsyncEventPhaseOffsetNs retrieved: 1000000 (default)
01-07 08:39:01.130   474   474 I ConfigStore: android::hardware::configstore::V1_0::ISurfaceFlingerConfigs::vsyncSfEventPhaseOffsetNs retrieved: 1000000 (default)
01-07 08:39:01.130   474   474 I ConfigStore: android::hardware::configstore::V1_0::ISurfaceFlingerConfigs::hasSyncFramework retrieved: 1
01-07 08:39:01.130   474   474 I ConfigStore: android::hardware::configstore::V1_0::ISurfaceFlingerConfigs::presentTimeOffsetFromVSyncNs retrieved: 0
01-07 08:39:01.130   474   474 I ConfigStore: android::hardware::configstore::V1_0::ISurfaceFlingerConfigs::useHwcForRGBtoYUV retrieved: 0
01-07 08:39:01.130   474   474 I ConfigStore: android::hardware::configstore::V1_0::ISurfaceFlingerConfigs::maxVirtualDisplaySize retrieved: 0 (default)
01-07 08:39:01.130   474   474 I ConfigStore: android::hardware::configstore::V1_0::ISurfaceFlingerConfigs::useVrFlinger retrieved: 0 (default)
01-07 08:39:01.130   474   474 I ConfigStore: android::hardware::configstore::V1_0::ISurfaceFlingerConfigs::maxFrameBufferAcquiredBuffers retrieved: 3
01-07 08:39:01.130   474   474 I ConfigStore: android::hardware::configstore::V1_0::ISurfaceFlingerConfigs::hasWideColorDisplay retrieved: 0
01-07 08:39:01.132   474   474 I ConfigStore: android::hardware::configstore::V1_1::ISurfaceFlingerConfigs::primaryDisplayOrientation retrieved: ORIENTATION_0 (default)
01-07 08:39:01.132   474   474 I SurfaceFlinger: Enabling HWC virtual displays
01-07 08:39:01.132   474   474 I SurfaceFlinger: Disabling Triple Buffering
01-07 08:39:01.132   474   474 I SurfaceFlinger: Treble testing override: 'false'
01-07 08:39:01.132   474   474 I SurfaceFlinger: SurfaceFlinger's main thread ready to run. Initializing graphics H/W...
01-07 08:39:01.132   474   474 I SurfaceFlinger: Phase offest NS: 1000000
01-07 08:39:01.135     0     0 I [    5.641428 / 01-07 08:39:01.127][1] ueventd: firmware: loading 'cpe.b18' for '/devices/soc.0/fe12f000.slim/tomtom-slim-pgd/tomtom_codec/firmware/cpe.b18'
01-07 08:39:01.213   474   474 D vndksupport: Loading /vendor/lib64/egl/libEGL_adreno.so from current namespace instead of sphal namespace.
01-07 08:39:01.216     0     0 I [    5.721085 / 01-07 08:39:01.207][2] ueventd: loading /devices/soc.0/fe12f000.slim/tomtom-slim-pgd/tomtom_codec/firmware/cpe.b18 took 79ms
01-07 08:39:01.216     0     0 I [    5.722703 / 01-07 08:39:01.207][0] ueventd: firmware: loading 'cpe.b20' for '/devices/soc.0/fe12f000.slim/tomtom-slim-pgd/tomtom_codec/firmware/cpe.b20'
01-07 08:39:01.220   474   474 D libEGL  : loaded /vendor/lib64/egl/libEGL_adreno.so
01-07 08:39:01.288     0     0 I [    5.793298 / 01-07 08:39:01.279][1] ueventd: loading /devices/soc.0/fe12f000.slim/tomtom-slim-pgd/tomtom_codec/firmware/cpe.b20 took 70ms
01-07 08:39:01.288     0     0 I [    5.794218 / 01-07 08:39:01.279][0] ueventd: firmware: loading 'cpe.b21' for '/devices/soc.0/fe12f000.slim/tomtom-slim-pgd/tomtom_codec/firmware/cpe.b21'
01-07 08:39:01.304     0     0 I [    5.809221 / 01-07 08:39:01.295][2] ueventd: loading /devices/soc.0/fe12f000.slim/tomtom-slim-pgd/tomtom_codec/firmware/cpe.b21 took 15ms
01-07 08:39:01.457   474   474 D vndksupport: Loading /vendor/lib64/egl/libGLESv1_CM_adreno.so from current namespace instead of sphal namespace.
01-07 08:39:01.460   474   474 D libEGL  : loaded /vendor/lib64/egl/libGLESv1_CM_adreno.so
01-07 08:39:01.485   474   474 D vndksupport: Loading /vendor/lib64/egl/libGLESv2_adreno.so from current namespace instead of sphal namespace.
01-07 08:39:01.485   474   474 D libEGL  : loaded /vendor/lib64/egl/libGLESv2_adreno.so
01-07 08:39:01.523   474   474 I auditd  : type=1400 audit(0.0:70): avc: denied { read write } for comm="surfaceflinger" name="kgsl-3d0" dev="tmpfs" ino=11374 scontext=u:r:surfaceflinger:s0 tcontext=u:object_r:device:s0 tclass=chr_file permissive=1
01-07 08:39:01.523   474   474 I surfaceflinger: type=1400 audit(0.0:70): avc: denied { read write } for name="kgsl-3d0" dev="tmpfs" ino=11374 scontext=u:r:surfaceflinger:s0 tcontext=u:object_r:device:s0 tclass=chr_file permissive=1
01-07 08:39:01.523   474   474 I auditd  : type=1400 audit(0.0:71): avc: denied { open } for comm="surfaceflinger" path="/dev/kgsl-3d0" dev="tmpfs" ino=11374 scontext=u:r:surfaceflinger:s0 tcontext=u:object_r:device:s0 tclass=chr_file permissive=1
01-07 08:39:01.523   474   474 I surfaceflinger: type=1400 audit(0.0:71): avc: denied { open } for path="/dev/kgsl-3d0" dev="tmpfs" ino=11374 scontext=u:r:surfaceflinger:s0 tcontext=u:object_r:device:s0 tclass=chr_file permissive=1
01-07 08:39:01.523   474   474 D vndksupport: Loading /vendor/lib64/hw/gralloc.msm8992.so from current namespace instead of sphal namespace.
01-07 08:39:01.527   474   474 I Adreno  : QUALCOMM build                   : d3015e9, I25dc76dc3f
01-07 08:39:01.527   474   474 I Adreno  : Build Date                       : 01/26/17
01-07 08:39:01.527   474   474 I Adreno  : OpenGL ES Shader Compiler Version: XE031.09.00.03
01-07 08:39:01.527   474   474 I Adreno  : Local Branch                     : 
01-07 08:39:01.527   474   474 I Adreno  : Remote Branch                    : refs/tags/AU_LINUX_ANDROID_LA.BF64.1.2.3_RB1.07.00.00.258.011
01-07 08:39:01.527   474   474 I Adreno  : Remote Branch                    : NONE
01-07 08:39:01.527   474   474 I Adreno  : Reconstruct Branch               : NOTHING
01-07 08:39:01.532     0     0 I [    6.037204 / 01-07 08:39:01.523][0] ueventd: firmware: loading 'a420_pm4.fw' for '/devices/soc.0/fdb00000.qcom,kgsl-3d0/kgsl/kgsl-3d0/a420_pm4.fw'
01-07 08:39:01.532     0     0 I [    6.038671 / 01-07 08:39:01.523][1] ueventd: loading /devices/soc.0/fdb00000.qcom,kgsl-3d0/kgsl/kgsl-3d0/a420_pm4.fw took 1ms
01-07 08:39:01.532     0     0 I [    6.039410 / 01-07 08:39:01.523][0] ueventd: firmware: loading 'a420_pfp.fw' for '/devices/soc.0/fdb00000.qcom,kgsl-3d0/kgsl/kgsl-3d0/a420_pfp.fw'
01-07 08:39:01.535     0     0 I [    6.040443 / 01-07 08:39:01.527][1] ueventd: loading /devices/soc.0/fdb00000.qcom,kgsl-3d0/kgsl/kgsl-3d0/a420_pfp.fw took 1ms
01-07 08:39:01.547   474   474 I auditd  : type=1400 audit(0.0:72): avc: denied { ioctl } for comm="surfaceflinger" path="/dev/kgsl-3d0" dev="tmpfs" ino=11374 ioctlcmd=940 scontext=u:r:surfaceflinger:s0 tcontext=u:object_r:device:s0 tclass=chr_file permissive=1
01-07 08:39:01.547   474   474 I surfaceflinger: type=1400 audit(0.0:72): avc: denied { ioctl } for path="/dev/kgsl-3d0" dev="tmpfs" ino=11374 ioctlcmd=940 scontext=u:r:surfaceflinger:s0 tcontext=u:object_r:device:s0 tclass=chr_file permissive=1
01-07 08:39:01.555     0     0 E         : [    6.061489 / 01-07 08:39:01.547][2] devfreq qcom,kgsl-busmon.18: Couldn't update frequency transition information.
01-07 08:39:01.561   474   474 I ConfigStore: android::hardware::configstore::V1_0::ISurfaceFlingerConfigs::hasWideColorDisplay retrieved: 0
01-07 08:39:01.561   474   474 I ConfigStore: android::hardware::configstore::V1_0::ISurfaceFlingerConfigs::hasHDRDisplay retrieved: 0
01-07 08:39:01.563   474   474 I SurfaceFlinger: EGL information:
01-07 08:39:01.563   474   474 I SurfaceFlinger: vendor    : Android
01-07 08:39:01.563   474   474 I SurfaceFlinger: version   : 1.4 Android META-EGL
01-07 08:39:01.563   474   474 I SurfaceFlinger: extensions: EGL_KHR_get_all_proc_addresses EGL_ANDROID_presentation_time EGL_KHR_swap_buffers_with_damage EGL_ANDROID_get_native_client_buffer EGL_ANDROID_front_buffer_auto_refresh EGL_ANDROID_get_frame_timestamps EGL_EXT_surface_SMPTE2086_metadata EGL_EXT_surface_CTA861_3_metadata EGL_KHR_image EGL_KHR_image_base EGL_KHR_lock_surface EGL_KHR_gl_colorspace EGL_KHR_gl_texture_2D_image EGL_KHR_gl_texture_3D_image EGL_KHR_gl_texture_cubemap_image EGL_KHR_gl_renderbuffer_image EGL_KHR_reusable_sync EGL_KHR_fence_sync EGL_KHR_create_context EGL_KHR_surfaceless_context EGL_EXT_create_context_robustness EGL_ANDROID_image_native_buffer EGL_KHR_wait_sync EGL_ANDROID_recordable EGL_KHR_partial_update EGL_KHR_create_context_no_error EGL_KHR_mutable_render_buffer EGL_EXT_yuv_surface EGL_IMG_context_priority 
01-07 08:39:01.563   474   474 I SurfaceFlinger: Client API: OpenGL_ES
01-07 08:39:01.563   474   474 I SurfaceFlinger: EGLSurface: 8-8-8-8, config=0x78cc3ce860
01-07 08:39:01.569   474   474 I SurfaceFlinger: OpenGL ES informations:
01-07 08:39:01.569   474   474 I SurfaceFlinger: vendor    : Qualcomm
01-07 08:39:01.569   474   474 I SurfaceFlinger: renderer  : Adreno (TM) 418
01-07 08:39:01.569   474   474 I SurfaceFlinger: version   : OpenGL ES 3.2 V@145.0 (GIT@I25dc76dc3f)
01-07 08:39:01.569   474   474 I SurfaceFlinger: extensions: GL_OES_EGL_image GL_OES_EGL_image_external GL_OES_EGL_sync GL_OES_vertex_half_float GL_OES_framebuffer_object GL_OES_rgb8_rgba8 GL_OES_compressed_ETC1_RGB8_texture GL_AMD_compressed_ATC_texture GL_KHR_texture_compression_astc_ldr GL_OES_texture_npot GL_EXT_texture_filter_anisotropic GL_EXT_texture_format_BGRA8888 GL_OES_texture_3D GL_EXT_color_buffer_float GL_EXT_color_buffer_half_float GL_QCOM_alpha_test GL_OES_depth24 GL_OES_packed_depth_stencil GL_OES_depth_texture GL_OES_depth_texture_cube_map GL_EXT_sRGB GL_OES_texture_float GL_OES_texture_float_linear GL_OES_texture_half_float GL_OES_texture_half_float_linear GL_EXT_texture_type_2_10_10_10_REV GL_EXT_texture_sRGB_decode GL_OES_element_index_uint GL_EXT_copy_image GL_EXT_geometry_shader GL_EXT_tessellation_shader GL_OES_texture_stencil8 GL_EXT_shader_io_blocks GL_OES_shader_image_atomic GL_OES_sample_variables GL_EXT_texture_border_clamp GL_EXT_multisampled_render_to_texture GL_OES_shader_multisample_interpolation GL_EXT_texture_cube_map_arr
01-07 08:39:01.569   474   474 I SurfaceFlinger: GL_MAX_TEXTURE_SIZE = 16384
01-07 08:39:01.569   474   474 I SurfaceFlinger: GL_MAX_VIEWPORT_DIMS = 16384
01-07 08:39:01.571   474   474 D vndksupport: Loading /vendor/lib64/hw/android.hardware.graphics.composer@2.1-impl.so from current namespace instead of sphal namespace.
01-07 08:39:01.578   474   474 D vndksupport: Loading /vendor/lib64/hw/hwcomposer.msm8992.so from current namespace instead of sphal namespace.
01-07 08:39:01.727   474   474 I auditd  : type=1400 audit(0.0:73): avc: denied { read } for comm="surfaceflinger" name="msm_fb_type" dev="sysfs" ino=12661 scontext=u:r:surfaceflinger:s0 tcontext=u:object_r:sysfs:s0 tclass=file permissive=1
01-07 08:39:01.727   474   474 I surfaceflinger: type=1400 audit(0.0:73): avc: denied { read } for name="msm_fb_type" dev="sysfs" ino=12661 scontext=u:r:surfaceflinger:s0 tcontext=u:object_r:sysfs:s0 tclass=file permissive=1
01-07 08:39:01.727   474   474 I auditd  : type=1400 audit(0.0:74): avc: denied { open } for comm="surfaceflinger" path="/sys/devices/virtual/graphics/fb0/msm_fb_type" dev="sysfs" ino=12661 scontext=u:r:surfaceflinger:s0 tcontext=u:object_r:sysfs:s0 tclass=file permissive=1
01-07 08:39:01.727   474   474 I surfaceflinger: type=1400 audit(0.0:74): avc: denied { open } for path="/sys/devices/virtual/graphics/fb0/msm_fb_type" dev="sysfs" ino=12661 scontext=u:r:surfaceflinger:s0 tcontext=u:object_r:sysfs:s0 tclass=file permissive=1
01-07 08:39:01.733   402   402 E SELinux : avc:  denied  { add } for service=display.qservice pid=474 uid=1000 scontext=u:r:surfaceflinger:s0 tcontext=u:object_r:default_android_service:s0 tclass=service_manager permissive=1
01-07 08:39:01.733   402   402 I auditd  : avc:  denied  { add } for service=display.qservice pid=474 uid=1000 scontext=u:r:surfaceflinger:s0 tcontext=u:object_r:default_android_service:s0 tclass=service_manager permissive=1
01-07 08:39:01.733   402   402 E SELinux : avc:  denied  { find } for service=display.qservice pid=474 uid=1000 scontext=u:r:surfaceflinger:s0 tcontext=u:object_r:default_android_service:s0 tclass=service_manager permissive=1
01-07 08:39:01.733   402   402 I auditd  : avc:  denied  { find } for service=display.qservice pid=474 uid=1000 scontext=u:r:surfaceflinger:s0 tcontext=u:object_r:default_android_service:s0 tclass=service_manager permissive=1
01-07 08:39:01.734   474   474 I qdutils : PartialUpdate status: Disabled
01-07 08:39:01.734   474   474 I qdutils : Left Align: 0
01-07 08:39:01.734   474   474 I qdutils : Width Align: 0
01-07 08:39:01.734   474   474 I qdutils : Top Align: 0
01-07 08:39:01.734   474   474 I qdutils : Height Align: 0
01-07 08:39:01.734   474   474 I qdutils : Min ROI Width: 0
01-07 08:39:01.734   474   474 I qdutils : Min ROI Height: 0
01-07 08:39:01.734   474   474 I qdutils : Needs ROI Merge: 0
01-07 08:39:01.734   474   474 I qdutils : Dynamic Fps: Disabled
01-07 08:39:01.734   474   474 I qdutils : Min Panel fps: 0
01-07 08:39:01.734   474   474 I qdutils : Max Panel fps: 0
01-07 08:39:01.734   474   474 I qdutils : Left Split=720
01-07 08:39:01.734   474   474 I qdutils : Right Split=720
01-07 08:39:01.734   474   474 D qdutils : getHDMINode: HDMI is at fb1
01-07 08:39:01.736     0     0 E [    6.243078 / 01-07 08:39:01.727][3] hdmi_tx_sysfs_wta_hpd:  
01-07 08:39:01.736     0     0 E [    6.243091 / 01-07 08:39:01.727][3] hdmi_tx_sysfs_wta_hpd: HPD is already off
01-07 08:39:01.736     0     0 E [    6.243133 / 01-07 08:39:01.727][3] hdmi_tx_sysfs_wta_vendor_name: 'LGE'
01-07 08:39:01.736     0     0 E [    6.243169 / 01-07 08:39:01.727][3] hdmi_tx_sysfs_wta_product_description: 'g4_global_com'
01-07 08:39:01.736     0     0 I [    6.243257 / 01-07 08:39:01.727][3] mdss_fb_blank_sub: + mdss_fb_open+0x21c/0x304 fb0 mode:0
01-07 08:39:01.736     0     0 I [    6.243406 / 01-07 08:39:01.727][0] mdss_fb_blank_sub: -
01-07 08:39:01.736     0     0 I [    6.243455 / 01-07 08:39:01.727][0] mdss_fb_blank_sub: + mdss_fb_blank+0x130/0x144 fb0 mode:0
01-07 08:39:01.736     0     0 I [    6.243459 / 01-07 08:39:01.727][0] mdss_fb_blank_sub: -
01-07 08:39:01.736     0     0 E         : [    6.243461 / 01-07 08:39:01.727][0] [Touch] fb_notifier_callback : event = 0
01-07 08:39:01.736     0     0 E         : [    6.243464 / 01-07 08:39:01.727][0] [Touch] touch_resume : touch_resume start
01-07 08:39:01.736     0     0 E         : [    6.243465 / 01-07 08:39:01.727][0] [Touch] touch_resume : Normal mode
01-07 08:39:01.736     0     0 E         : [    6.243470 / 01-07 08:39:01.727][0] [Touch E] [print_swipe_fail_reason 501] print_swipe_fail_reason, 501 : swipe fail reason
01-07 08:39:01.740     0     0 E         : [    6.244476 / 01-07 08:39:01.731][0] [Touch] last swipe_down fail reason:0(SUCCESS)
01-07 08:39:01.740     0     0 E         : [    6.244486 / 01-07 08:39:01.731][0] [Touch] synaptics_ts_power : power_state[0]
01-07 08:39:01.740     0     0 E         : [    6.244494 / 01-07 08:39:01.731][0] [Touch] synaptics_ts_power : power_state[1]
01-07 08:39:01.740     0     0 E         : [    6.244498 / 01-07 08:39:01.731][0] [Touch] touch_resume : touch_resume done
01-07 08:39:01.747     0     0 E         : [    6.254671 / 01-07 08:39:01.739][0] [Touch E] [synaptics_ts_get_data 6726] synaptics_ts_get_data, 6726 : ts->is_init == 0, IGNORE_EVENT!!, s:
01-07 08:39:01.755     0     0 E         : [    6.262391 / 01-07 08:39:01.747][0] [Touch E] [synaptics_ts_get_data 6726] synaptics_ts_get_data, 6726 : ts->is_init == 0, IGNORE_EVENT!!, s:
01-07 08:39:01.802   474   474 D vndksupport: Loading /vendor/lib64/hw/copybit.msm8992.so from current namespace instead of sphal namespace.
01-07 08:39:01.803     0     0 E [    6.310730 / 01-07 08:39:01.795][1] hdmi_tx_sysfs_rda_s3d_mode: '0'
01-07 08:39:01.807   474   474 W qdcopybit: open_copybit i = 0 surface_id=-1026555902
01-07 08:39:01.807   474   474 W qdcopybit: open_copybit i = 1 surface_id=-1026555901
01-07 08:39:01.807   474   474 W qdcopybit: open_copybit i = 2 surface_id=-1026555900
01-07 08:39:01.807   474   474 W qdcopybit: open_copybit i = 3 surface_id=-1026555899
01-07 08:39:01.807   474   474 W qdcopybit: open_copybit i = 4 surface_id=-1026555898
01-07 08:39:01.807   474   474 W qdcopybit: open_copybit i = 5 surface_id=-1026555897
01-07 08:39:01.807   474   474 W qdcopybit: open_copybit i = 6 surface_id=-1026555896
01-07 08:39:01.807   474   474 W qdcopybit: open_copybit i = 7 surface_id=-1026555895
01-07 08:39:01.807   474   474 W qdcopybit: open_copybit i = 8 surface_id=-1026555894
01-07 08:39:01.807   474   474 W qdcopybit: open_copybit i = 9 surface_id=-1026555893
01-07 08:39:01.808   474   474 W qdcopybit: open_copybit i = 10 surface_id=-1026555892
01-07 08:39:01.808   474   474 W qdcopybit: open_copybit i = 11 surface_id=-1026555891
01-07 08:39:01.808   474   474 W qdcopybit: open_copybit i = 12 surface_id=-1026555890
01-07 08:39:01.808   474   474 W qdcopybit: open_copybit i = 13 surface_id=-1026555889
01-07 08:39:01.808   474   474 W qdcopybit: open_copybit i = 14 surface_id=-1026555888
01-07 08:39:01.808   474   474 W qdcopybit: open_copybit i = 15 surface_id=-1026555887
01-07 08:39:01.808   474   474 W qdcopybit: open_copybit i = 16 surface_id=-1026555886
01-07 08:39:01.808   474   474 W qdcopybit: open_copybit i = 17 surface_id=-1026555885
01-07 08:39:01.808   474   474 W qdcopybit: open_copybit i = 18 surface_id=-1026555884
01-07 08:39:01.808   474   474 W qdcopybit: open_copybit i = 19 surface_id=-1026555883
01-07 08:39:01.808   474   474 W qdcopybit: open_copybit i = 20 surface_id=-1026555882
01-07 08:39:01.808   474   474 W qdcopybit: open_copybit i = 21 surface_id=-1026555881
01-07 08:39:01.808   474   474 W qdcopybit: open_copybit i = 22 surface_id=-1026555880
01-07 08:39:01.808   474   474 W qdcopybit: open_copybit i = 23 surface_id=-1026555879
01-07 08:39:01.808   474   474 W qdcopybit: open_copybit i = 24 surface_id=-1026555878
01-07 08:39:01.808   474   474 W qdcopybit: open_copybit i = 25 surface_id=-1026555877
01-07 08:39:01.808   474   474 W qdcopybit: open_copybit i = 26 surface_id=-1026555876
01-07 08:39:01.808   474   474 W qdcopybit: open_copybit i = 27 surface_id=-1026555875
01-07 08:39:01.808   474   474 W qdcopybit: open_copybit i = 28 surface_id=-1026555874
01-07 08:39:01.808   474   474 W qdcopybit: open_copybit i = 29 surface_id=-1026555873
01-07 08:39:01.808   474   474 W qdcopybit: open_copybit i = 30 surface_id=-1026555872
01-07 08:39:01.808   474   474 W qdcopybit: open_copybit i = 31 surface_id=-1026555871
01-07 08:39:01.808   474   474 W qdcopybit: open_copybit: 2 Plane YUV i=0 surface_id=-1026555869
01-07 08:39:01.808   474   474 W qdcopybit: open_copybit: 2 Plane YUV i=1 surface_id=-1026555868
