01-07 03:55:21.411  2304  2304 W libc    : invalid pthread_t (0) passed to libc
01-07 03:55:21.432  2302  2302 I dex2oat : dex2oat took 57.256ms (57.108ms cpu) (threads: 2) arena alloc=3KB (3424B) java alloc=70KB (72296B) native alloc=1204KB (1232984B) free=1355KB (1388456B)
01-07 03:55:21.439  2115  2115 I PackageManager.DexOptimizer: Running dexopt (dexoptNeeded=1) on: /system/priv-app/DownloadProvider/DownloadProvider.apk pkg=com.android.providers.downloads isa=arm64 dexoptFlags=boot_complete,public target-filter=quicken oatDir=null sharedLibraries=null
01-07 03:55:21.443  2306  2306 W dex2oat : type=1400 audit(0.0:965): avc: granted { getattr } for path="/vendor" dev="rootfs" ino=8858 scontext=u:r:dex2oat:s0 tcontext=u:object_r:rootfs:s0 tclass=lnk_file
01-07 03:55:21.483  2306  2306 I dex2oat : /system/bin/dex2oat --input-vdex-fd=-1 --output-vdex-fd=9 --compiler-filter=quicken -j2 --classpath-dir=/system/priv-app/DownloadProvider
01-07 03:55:21.686  2306  2306 I dex2oat : dex2oat took 203.746ms (278.314ms cpu) (threads: 2) arena alloc=3KB (3208B) java alloc=406KB (416520B) native alloc=1338KB (1370200B) free=2MB (2299816B)
01-07 03:55:21.695  2115  2115 I PackageManager.DexOptimizer: Running dexopt (dexoptNeeded=1) on: /system/app/messaging/messaging.apk pkg=com.android.messaging isa=arm64 dexoptFlags=boot_complete,public target-filter=quicken oatDir=null sharedLibraries=null
01-07 03:55:21.734  2309  2309 I dex2oat : /system/bin/dex2oat --input-vdex-fd=-1 --output-vdex-fd=9 --compiler-filter=quicken -j2 --classpath-dir=/system/app/messaging
01-07 03:55:21.890  2311  2311 E android.hardware.nfc@1.0-impl: hw_get_module nfc_nci failed: -2
01-07 03:55:21.890  2311  2311 E android.hardware.nfc@1.0-impl: Passthrough failed to load legacy HAL.
01-07 03:55:21.891  2311  2311 E android.hardware.nfc@1.0-service: Could not get passthrough implementation for android.hardware.nfc@1.0::INfc/default.
01-07 03:55:23.488  2309  2309 I dex2oat : dex2oat took 1.754s (2.714s cpu) (threads: 2) arena alloc=3KB (4080B) java alloc=5MB (6017544B) native alloc=6MB (7334264B) free=2MB (2889352B)
01-07 03:55:23.503  2115  2115 I PackageManager.DexOptimizer: Running dexopt (dexoptNeeded=1) on: /system/app/Terminal/Terminal.apk pkg=com.android.terminal isa=arm64 dexoptFlags=boot_complete,public target-filter=quicken oatDir=null sharedLibraries=null
01-07 03:55:23.541  2313  2313 I dex2oat : /system/bin/dex2oat --input-vdex-fd=-1 --output-vdex-fd=9 --compiler-filter=quicken -j2 --classpath-dir=/system/app/Terminal
01-07 03:55:24.049  2313  2313 I dex2oat : dex2oat took 509.245ms (770.882ms cpu) (threads: 2) arena alloc=4KB (4696B) java alloc=1245KB (1275424B) native alloc=2MB (2600760B) free=2MB (2117832B)
01-07 03:55:24.059  2115  2115 I PackageManager.DexOptimizer: Running dexopt (dexoptNeeded=1) on: /system/app/Bolt/Bolt.apk pkg=org.aoscp.bolt isa=arm64 dexoptFlags=boot_complete,public target-filter=quicken oatDir=null sharedLibraries=null
01-07 03:55:24.097  2316  2316 I dex2oat : /system/bin/dex2oat --input-vdex-fd=-1 --output-vdex-fd=9 --compiler-filter=quicken -j2 --classpath-dir=/system/app/Bolt
01-07 03:55:24.751  2316  2316 I dex2oat : dex2oat took 655.169ms (1.009s cpu) (threads: 2) arena alloc=4KB (4928B) java alloc=2MB (2437536B) native alloc=2MB (2666344B) free=1492KB (1527960B)
01-07 03:55:24.762  2115  2115 I PackageManager.DexOptimizer: Running dexopt (dexoptNeeded=1) on: /system/app/DownloadProviderUi/DownloadProviderUi.apk pkg=com.android.providers.downloads.ui isa=arm64 dexoptFlags=boot_complete,public target-filter=quicken oatDir=null sharedLibraries=null
01-07 03:55:24.767  2319  2319 W dex2oat : type=1400 audit(0.0:969): avc: granted { getattr } for path="/vendor" dev="rootfs" ino=8858 scontext=u:r:dex2oat:s0 tcontext=u:object_r:rootfs:s0 tclass=lnk_file
01-07 03:55:24.806  2319  2319 I dex2oat : /system/bin/dex2oat --input-vdex-fd=-1 --output-vdex-fd=9 --compiler-filter=quicken -j2 --classpath-dir=/system/app/DownloadProviderUi
01-07 03:55:24.853  2319  2319 I dex2oat : dex2oat took 47.411ms (49.620ms cpu) (threads: 2) arena alloc=10KB (10568B) java alloc=48KB (50112B) native alloc=1179KB (1208176B) free=1380KB (1413264B)
01-07 03:55:24.859  2115  2115 I PackageManager.DexOptimizer: Running dexopt (dexoptNeeded=1) on: /system/app/PacProcessor/PacProcessor.apk pkg=com.android.pacprocessor isa=arm64 dexoptFlags=boot_complete,public target-filter=quicken oatDir=null sharedLibraries=null
01-07 03:55:24.863  2322  2322 W dex2oat : type=1400 audit(0.0:970): avc: granted { getattr } for path="/vendor" dev="rootfs" ino=8858 scontext=u:r:dex2oat:s0 tcontext=u:object_r:rootfs:s0 tclass=lnk_file
01-07 03:55:24.903  2322  2322 I dex2oat : /system/bin/dex2oat --input-vdex-fd=-1 --output-vdex-fd=9 --compiler-filter=quicken -j2 --classpath-dir=/system/app/PacProcessor
01-07 03:55:24.945  2322  2322 I dex2oat : dex2oat took 42.292ms (42.471ms cpu) (threads: 2) arena alloc=3024B (3024B) java alloc=35KB (36304B) native alloc=1190KB (1219416B) free=1881KB (1926312B)
01-07 03:55:24.951  2115  2115 I PackageManager.DexOptimizer: Running dexopt (dexoptNeeded=1) on: /system/app/CertInstaller/CertInstaller.apk pkg=com.android.certinstaller isa=arm64 dexoptFlags=boot_complete,public target-filter=quicken oatDir=null sharedLibraries=null
01-07 03:55:24.990  2325  2325 I dex2oat : /system/bin/dex2oat --input-vdex-fd=-1 --output-vdex-fd=9 --compiler-filter=quicken -j2 --classpath-dir=/system/app/CertInstaller
01-07 03:55:25.046  2325  2325 I dex2oat : dex2oat took 57.211ms (68.273ms cpu) (threads: 2) arena alloc=2496B (2496B) java alloc=118KB (121792B) native alloc=1350KB (1383088B) free=1209KB (1238352B)
01-07 03:55:25.053  2115  2115 I PackageManager.DexOptimizer: Running dexopt (dexoptNeeded=1) on: /system/priv-app/CarrierConfig/CarrierConfig.apk pkg=com.android.carrierconfig isa=arm64 dexoptFlags=boot_complete,public target-filter=quicken oatDir=null sharedLibraries=null
01-07 03:55:25.055  2328  2328 W dex2oat : type=1400 audit(0.0:972): avc: granted { getattr } for path="/vendor" dev="rootfs" ino=8858 scontext=u:r:dex2oat:s0 tcontext=u:object_r:rootfs:s0 tclass=lnk_file
01-07 03:55:25.093  2328  2328 I dex2oat : /system/bin/dex2oat --input-vdex-fd=-1 --output-vdex-fd=9 --compiler-filter=quicken -j2 --classpath-dir=/system/priv-app/CarrierConfig
01-07 03:55:25.137  2328  2328 I dex2oat : dex2oat took 45.261ms (43.336ms cpu) (threads: 2) arena alloc=5KB (6088B) java alloc=22KB (23056B) native alloc=1163KB (1191024B) free=1396KB (1430416B)
01-07 03:55:25.144  2115  2115 I PackageManager.DexOptimizer: Running dexopt (dexoptNeeded=1) on: /system/app/MusicX/MusicX.apk pkg=co.aoscp.musicx isa=arm64 dexoptFlags=boot_complete,public target-filter=quicken oatDir=null sharedLibraries=null
01-07 03:55:25.147  2331  2331 W dex2oat : type=1400 audit(0.0:973): avc: granted { getattr } for path="/vendor" dev="rootfs" ino=8858 scontext=u:r:dex2oat:s0 tcontext=u:object_r:rootfs:s0 tclass=lnk_file
01-07 03:55:25.186  2331  2331 I dex2oat : /system/bin/dex2oat --input-vdex-fd=-1 --output-vdex-fd=9 --compiler-filter=quicken -j2 --classpath-dir=/system/app/MusicX
01-07 03:55:26.231  1086  1196 E ThermalEngine: [BMHB_GOV] read failed VS_TEMP
01-07 03:55:26.262  2331  2331 W dex2oat : Class com.bumptech.glide.Glide failed lock verification and will run slower.
01-07 03:55:26.262  2331  2331 W dex2oat : Common causes for lock verification issues are non-optimized dex code
01-07 03:55:26.262  2331  2331 W dex2oat : and incorrect proguard optimizations.
01-07 03:55:26.272  2331  2331 W dex2oat : Class com.bumptech.glide.integration.okhttp3.OkHttpUrlLoader$Factory failed lock verification and will run slower.
01-07 03:55:26.416  2334  2334 E ANDR-PERF-MPCTL: Unable to create control service (stage=1, rc=0)
01-07 03:55:26.416  2334  2334 W libc    : invalid pthread_t (0) passed to libc
01-07 03:55:26.449  2331  2333 W dex2oat : Class okio.SegmentPool failed lock verification and will run slower.
01-07 03:55:26.886  2335  2335 E android.hardware.nfc@1.0-impl: hw_get_module nfc_nci failed: -2
01-07 03:55:26.886  2335  2335 E android.hardware.nfc@1.0-impl: Passthrough failed to load legacy HAL.
01-07 03:55:26.886  2335  2335 E android.hardware.nfc@1.0-service: Could not get passthrough implementation for android.hardware.nfc@1.0::INfc/default.
01-07 03:55:26.947  2331  2331 I dex2oat : dex2oat took 1.761s (2.743s cpu) (threads: 2) arena alloc=11KB (12232B) java alloc=4MB (5194688B) native alloc=6MB (6664640B) free=2MB (2772544B)
01-07 03:55:26.963  2115  2115 I PackageManager.DexOptimizer: Running dexopt (dexoptNeeded=1) on: /system/priv-app/Contacts/Contacts.apk pkg=com.android.contacts isa=arm64 dexoptFlags=boot_complete,public target-filter=quicken oatDir=null sharedLibraries=null
01-07 03:55:27.001  2336  2336 I dex2oat : /system/bin/dex2oat --input-vdex-fd=-1 --output-vdex-fd=9 --compiler-filter=quicken -j2 --classpath-dir=/system/priv-app/Contacts
01-07 03:55:28.618  2336  2336 I dex2oat : dex2oat took 1.617s (2.540s cpu) (threads: 2) arena alloc=4KB (5104B) java alloc=5MB (5703232B) native alloc=6MB (6685640B) free=2MB (2751544B)
01-07 03:55:28.633  2115  2115 I PackageManager.DexOptimizer: Running dexopt (dexoptNeeded=1) on: /system/app/Camera2/Camera2.apk pkg=com.android.camera2 isa=arm64 dexoptFlags=boot_complete,public target-filter=quicken oatDir=null sharedLibraries=null
01-07 03:55:28.635  2339  2339 W dex2oat : type=1400 audit(0.0:975): avc: granted { getattr } for path="/vendor" dev="rootfs" ino=8858 scontext=u:r:dex2oat:s0 tcontext=u:object_r:rootfs:s0 tclass=lnk_file
01-07 03:55:28.672  2339  2339 I dex2oat : /system/bin/dex2oat --input-vdex-fd=-1 --output-vdex-fd=9 --compiler-filter=quicken -j2 --classpath-dir=/system/app/Camera2
01-07 03:55:29.521  2339  2339 I dex2oat : dex2oat took 849.319ms (1.303s cpu) (threads: 2) arena alloc=2360B (2360B) java alloc=2MB (2294360B) native alloc=3MB (3943448B) free=1780KB (1823720B)
01-07 03:55:29.531  2115  2115 I PackageManager.DexOptimizer: Running dexopt (dexoptNeeded=1) on: /system/priv-app/Recorder/Recorder.apk pkg=org.lineageos.recorder isa=arm64 dexoptFlags=boot_complete,public target-filter=quicken oatDir=null sharedLibraries=null
01-07 03:55:29.569  2342  2342 I dex2oat : /system/bin/dex2oat --input-vdex-fd=-1 --output-vdex-fd=9 --compiler-filter=quicken -j2 --classpath-dir=/system/priv-app/Recorder
01-07 03:55:30.171  2342  2342 I dex2oat : dex2oat took 602.734ms (935.776ms cpu) (threads: 2) arena alloc=4KB (4824B) java alloc=2MB (2379608B) native alloc=2MB (2541912B) free=2MB (2176680B)
01-07 03:55:30.182  2115  2115 I PackageManager.DexOptimizer: Running dexopt (dexoptNeeded=1) on: /system/app/EasterEgg/EasterEgg.apk pkg=com.android.egg isa=arm64 dexoptFlags=boot_complete,public target-filter=quicken oatDir=null sharedLibraries=null
01-07 03:55:30.183  2345  2345 W dex2oat : type=1400 audit(0.0:977): avc: granted { getattr } for path="/vendor" dev="rootfs" ino=8858 scontext=u:r:dex2oat:s0 tcontext=u:object_r:rootfs:s0 tclass=lnk_file
01-07 03:55:30.220  2345  2345 I dex2oat : /system/bin/dex2oat --input-vdex-fd=-1 --output-vdex-fd=9 --compiler-filter=quicken -j2 --classpath-dir=/system/app/EasterEgg
01-07 03:55:30.411  2345  2345 I dex2oat : dex2oat took 191.277ms (279.088ms cpu) (threads: 2) arena alloc=1696B (1696B) java alloc=354KB (362664B) native alloc=1200KB (1228808B) free=2MB (2441208B)
01-07 03:55:30.418  2115  2115 I PackageManager.DexOptimizer: Running dexopt (dexoptNeeded=1) on: /system/priv-app/MtpDocumentsProvider/MtpDocumentsProvider.apk pkg=com.android.mtp isa=arm64 dexoptFlags=boot_complete,public target-filter=quicken oatDir=null sharedLibraries=null
01-07 03:55:30.419  2348  2348 W dex2oat : type=1400 audit(0.0:978): avc: granted { getattr } for path="/vendor" dev="rootfs" ino=8858 scontext=u:r:dex2oat:s0 tcontext=u:object_r:rootfs:s0 tclass=lnk_file
01-07 03:55:30.460  2348  2348 I dex2oat : /system/bin/dex2oat --input-vdex-fd=-1 --output-vdex-fd=9 --compiler-filter=quicken -j2 --classpath-dir=/system/priv-app/MtpDocumentsProvider
01-07 03:55:30.523  2348  2348 I dex2oat : dex2oat took 63.988ms (77.937ms cpu) (threads: 2) arena alloc=6KB (6632B) java alloc=56KB (58224B) native alloc=1377KB (1410992B) free=1182KB (1210448B)
01-07 03:55:30.530  2115  2115 I PackageManager.DexOptimizer: Running dexopt (dexoptNeeded=1) on: /system/app/NfcNci/NfcNci.apk pkg=com.android.nfc isa=arm64 dexoptFlags=boot_complete,public target-filter=quicken oatDir=null sharedLibraries=null
01-07 03:55:30.531  2351  2351 W dex2oat : type=1400 audit(0.0:979): avc: granted { getattr } for path="/vendor" dev="rootfs" ino=8858 scontext=u:r:dex2oat:s0 tcontext=u:object_r:rootfs:s0 tclass=lnk_file
01-07 03:55:30.572  2351  2351 I dex2oat : /system/bin/dex2oat --input-vdex-fd=-1 --output-vdex-fd=9 --compiler-filter=quicken -j2 --classpath-dir=/system/app/NfcNci
01-07 03:55:31.197  2351  2351 I dex2oat : dex2oat took 626.409ms (952.258ms cpu) (threads: 2) arena alloc=4KB (4312B) java alloc=1462KB (1497544B) native alloc=2MB (2944856B) free=2MB (2822312B)
01-07 03:55:31.208  2115  2115 I PackageManager.DexOptimizer: Running dexopt (dexoptNeeded=1) on: /system/app/Stk/Stk.apk pkg=com.android.stk isa=arm64 dexoptFlags=boot_complete,public target-filter=quicken oatDir=null sharedLibraries=null
01-07 03:55:31.211  2354  2354 W dex2oat : type=1400 audit(0.0:980): avc: granted { getattr } for path="/vendor" dev="rootfs" ino=8858 scontext=u:r:dex2oat:s0 tcontext=u:object_r:rootfs:s0 tclass=lnk_file
01-07 03:55:31.231  1086  1196 E ThermalEngine: [BMHB_GOV] read failed VS_TEMP
01-07 03:55:31.247  2354  2354 I dex2oat : /system/bin/dex2oat --input-vdex-fd=-1 --output-vdex-fd=9 --compiler-filter=quicken -j2 --classpath-dir=/system/app/Stk
01-07 03:55:31.318  2354  2354 I dex2oat : dex2oat took 72.290ms (92.890ms cpu) (threads: 2) arena alloc=2216B (2216B) java alloc=156KB (160120B) native alloc=1393KB (1427224B) free=1678KB (1718504B)
01-07 03:55:31.325  2115  2115 I PackageManager.DexOptimizer: Running dexopt (dexoptNeeded=1) on: /system/priv-app/BackupRestoreConfirmation/BackupRestoreConfirmation.apk pkg=com.android.backupconfirm isa=arm64 dexoptFlags=boot_complete,public target-filter=quicken oatDir=null sharedLibraries=null
01-07 03:55:31.327  2357  2357 W dex2oat : type=1400 audit(0.0:981): avc: granted { getattr } for path="/vendor" dev="rootfs" ino=8858 scontext=u:r:dex2oat:s0 tcontext=u:object_r:rootfs:s0 tclass=lnk_file
01-07 03:55:31.364  2357  2357 I dex2oat : /system/bin/dex2oat --input-vdex-fd=-1 --output-vdex-fd=9 --compiler-filter=quicken -j2 --classpath-dir=/system/priv-app/BackupRestoreConfirmation
01-07 03:55:31.411  2357  2357 I dex2oat : dex2oat took 47.357ms (47.964ms cpu) (threads: 2) arena alloc=6KB (6496B) java alloc=32KB (33624B) native alloc=1188KB (1217240B) free=1371KB (1404200B)
01-07 03:55:31.413  2359  2359 E ANDR-PERF-MPCTL: Unable to create control service (stage=1, rc=0)
01-07 03:55:31.413  2359  2359 W libc    : invalid pthread_t (0) passed to libc
01-07 03:55:31.421  2115  2115 I PackageManager.DexOptimizer: Running dexopt (dexoptNeeded=1) on: /system/priv-app/Provision/Provision.apk pkg=com.android.provision isa=arm64 dexoptFlags=boot_complete,public target-filter=quicken oatDir=null sharedLibraries=null
01-07 03:55:31.423  2361  2361 W dex2oat : type=1400 audit(0.0:982): avc: granted { getattr } for path="/vendor" dev="rootfs" ino=8858 scontext=u:r:dex2oat:s0 tcontext=u:object_r:rootfs:s0 tclass=lnk_file
01-07 03:55:31.459  2361  2361 I dex2oat : /system/bin/dex2oat --input-vdex-fd=-1 --output-vdex-fd=9 --compiler-filter=quicken -j2 --classpath-dir=/system/priv-app/Provision
01-07 03:55:31.501  2361  2361 I dex2oat : dex2oat took 42.660ms (41.472ms cpu) (threads: 2) arena alloc=2200B (2200B) java alloc=16KB (17032B) native alloc=1061KB (1086880B) free=1498KB (1534560B)
01-07 03:55:31.508  2115  2115 I PackageManager.DexOptimizer: Running dexopt (dexoptNeeded=1) on: /system/priv-app/StatementService/StatementService.apk pkg=com.android.statementservice isa=arm64 dexoptFlags=boot_complete,public target-filter=quicken oatDir=null sharedLibraries=null
01-07 03:55:31.548  2364  2364 I dex2oat : /system/bin/dex2oat --input-vdex-fd=-1 --output-vdex-fd=9 --compiler-filter=quicken -j2 --classpath-dir=/system/priv-app/StatementService
01-07 03:55:31.611  2364  2364 I dex2oat : dex2oat took 63.291ms (70.191ms cpu) (threads: 2) arena alloc=2696B (2696B) java alloc=52KB (53704B) native alloc=1449KB (1484016B) free=1110KB (1137424B)
01-07 03:55:31.617  2115  2115 I PackageManager.DexOptimizer: Running dexopt (dexoptNeeded=1) on: /system/app/Calendar/Calendar.apk pkg=com.android.calendar isa=arm64 dexoptFlags=boot_complete,public target-filter=quicken oatDir=null sharedLibraries=null
01-07 03:55:31.619  2367  2367 W dex2oat : type=1400 audit(0.0:984): avc: granted { getattr } for path="/vendor" dev="rootfs" ino=8858 scontext=u:r:dex2oat:s0 tcontext=u:object_r:rootfs:s0 tclass=lnk_file
01-07 03:55:31.657  2367  2367 I dex2oat : /system/bin/dex2oat --input-vdex-fd=-1 --output-vdex-fd=9 --compiler-filter=quicken -j2 --classpath-dir=/system/app/Calendar
01-07 03:55:31.893  2370  2370 E android.hardware.nfc@1.0-impl: hw_get_module nfc_nci failed: -2
01-07 03:55:31.893  2370  2370 E android.hardware.nfc@1.0-impl: Passthrough failed to load legacy HAL.
01-07 03:55:31.893  2370  2370 E android.hardware.nfc@1.0-service: Could not get passthrough implementation for android.hardware.nfc@1.0::INfc/default.
01-07 03:55:32.144  2367  2367 I dex2oat : dex2oat took 488.314ms (798.903ms cpu) (threads: 2) arena alloc=6KB (6720B) java alloc=2MB (2123832B) native alloc=2MB (2352152B) free=1798KB (1842152B)
01-07 03:55:32.154  2115  2115 I PackageManager.DexOptimizer: Running dexopt (dexoptNeeded=1) on: /system/priv-app/SharedStorageBackup/SharedStorageBackup.apk pkg=com.android.sharedstoragebackup isa=arm64 dexoptFlags=boot_complete,public target-filter=quicken oatDir=null sharedLibraries=null
01-07 03:55:32.155  2371  2371 W dex2oat : type=1400 audit(0.0:985): avc: granted { getattr } for path="/vendor" dev="rootfs" ino=8858 scontext=u:r:dex2oat:s0 tcontext=u:object_r:rootfs:s0 tclass=lnk_file
01-07 03:55:32.196  2371  2371 I dex2oat : /system/bin/dex2oat --input-vdex-fd=-1 --output-vdex-fd=9 --compiler-filter=quicken -j2 --classpath-dir=/system/priv-app/SharedStorageBackup
01-07 03:55:32.243  2371  2371 I dex2oat : dex2oat took 47.260ms (45.284ms cpu) (threads: 2) arena alloc=14KB (14424B) java alloc=38KB (39376B) native alloc=1176KB (1204440B) free=1383KB (1417000B)
01-07 03:55:32.249  2115  2115 I PackageManager.DexOptimizer: Running dexopt (dexoptNeeded=1) on: /system/app/PrintSpooler/PrintSpooler.apk pkg=com.android.printspooler isa=arm64 dexoptFlags=boot_complete,public target-filter=quicken oatDir=null sharedLibraries=null
01-07 03:55:32.251  2374  2374 W dex2oat : type=1400 audit(0.0:986): avc: granted { getattr } for path="/vendor" dev="rootfs" ino=8858 scontext=u:r:dex2oat:s0 tcontext=u:object_r:rootfs:s0 tclass=lnk_file
01-07 03:55:32.291  2374  2374 I dex2oat : /system/bin/dex2oat --input-vdex-fd=-1 --output-vdex-fd=9 --compiler-filter=quicken -j2 --classpath-dir=/system/app/PrintSpooler
01-07 03:55:32.557  2374  2374 I dex2oat : dex2oat took 266.707ms (405.853ms cpu) (threads: 2) arena alloc=2352B (2352B) java alloc=601KB (616272B) native alloc=1484KB (1520160B) free=2MB (2674144B)
01-07 03:55:32.567  2115  2115 I PackageManager.DexOptimizer: Running dexopt (dexoptNeeded=1) on: /system/app/BasicDreams/BasicDreams.apk pkg=com.android.dreams.basic isa=arm64 dexoptFlags=boot_complete,public target-filter=quicken oatDir=null sharedLibraries=null
01-07 03:55:32.608  2377  2377 I dex2oat : /system/bin/dex2oat --input-vdex-fd=-1 --output-vdex-fd=9 --compiler-filter=quicken -j2 --classpath-dir=/system/app/BasicDreams
01-07 03:55:32.654  2377  2377 I dex2oat : dex2oat took 46.872ms (47.464ms cpu) (threads: 2) arena alloc=5KB (6056B) java alloc=38KB (39120B) native alloc=1225KB (1254920B) free=1334KB (1366520B)
01-07 03:55:32.661  2115  2115 I PackageManager.DexOptimizer: Running dexopt (dexoptNeeded=1) on: /system/app/webview/webview.apk pkg=com.android.webview isa=arm dexoptFlags=boot_complete,public target-filter=quicken oatDir=null sharedLibraries=null
01-07 03:55:32.663  2380  2380 W dex2oat : type=1400 audit(0.0:988): avc: granted { getattr } for path="/vendor" dev="rootfs" ino=8858 scontext=u:r:dex2oat:s0 tcontext=u:object_r:rootfs:s0 tclass=lnk_file
01-07 03:55:32.699  2380  2380 I dex2oat : /system/bin/dex2oat --input-vdex-fd=-1 --output-vdex-fd=9 --compiler-filter=quicken -j2 --classpath-dir=/system/app/webview
01-07 03:55:33.295  2380  2380 I dex2oat : dex2oat took 597.546ms (939.669ms cpu) (threads: 2) arena alloc=4KB (4344B) java alloc=1365KB (1398240B) native alloc=2MB (2604928B) free=2MB (2113664B)
01-07 03:55:33.306  2115  2115 I PackageManager.DexOptimizer: Running dexopt (dexoptNeeded=1) on: /system/app/webview/webview.apk pkg=com.android.webview isa=arm64 dexoptFlags=boot_complete,public target-filter=quicken oatDir=null sharedLibraries=null
01-07 03:55:33.307  2383  2383 W dex2oat : type=1400 audit(0.0:989): avc: granted { getattr } for path="/vendor" dev="rootfs" ino=8858 scontext=u:r:dex2oat:s0 tcontext=u:object_r:rootfs:s0 tclass=lnk_file
01-07 03:55:33.349  2383  2383 I dex2oat : /system/bin/dex2oat --input-vdex-fd=-1 --output-vdex-fd=9 --compiler-filter=quicken -j2 --classpath-dir=/system/app/webview
01-07 03:55:33.990  2383  2383 I dex2oat : dex2oat took 641.671ms (988.906ms cpu) (threads: 2) arena alloc=6KB (6984B) java alloc=2MB (2265200B) native alloc=2MB (3008392B) free=1670KB (1710200B)
01-07 03:55:34.002  2115  2115 I PackageManager.DexOptimizer: Running dexopt (dexoptNeeded=1) on: /system/app/BuiltInPrintService/BuiltInPrintService.apk pkg=com.android.bips isa=arm64 dexoptFlags=boot_complete,public target-filter=quicken oatDir=null sharedLibraries=null
01-07 03:55:34.003  2386  2386 W dex2oat : type=1400 audit(0.0:990): avc: granted { getattr } for path="/vendor" dev="rootfs" ino=8858 scontext=u:r:dex2oat:s0 tcontext=u:object_r:rootfs:s0 tclass=lnk_file
01-07 03:55:34.043  2386  2386 I dex2oat : /system/bin/dex2oat --input-vdex-fd=-1 --output-vdex-fd=9 --compiler-filter=quicken -j2 --classpath-dir=/system/app/BuiltInPrintService
01-07 03:55:34.120  2386  2386 I dex2oat : dex2oat took 78.088ms (97.734ms cpu) (threads: 2) arena alloc=2256B (2256B) java alloc=140KB (144344B) native alloc=1249KB (1279880B) free=1822KB (1865848B)
01-07 03:55:34.127  2115  2115 I PackageManager.DexOptimizer: Running dexopt (dexoptNeeded=1) on: /system/priv-app/CellBroadcastReceiver/CellBroadcastReceiver.apk pkg=com.android.cellbroadcastreceiver isa=arm64 dexoptFlags=boot_complete,public target-filter=quicken oatDir=null sharedLibraries=null
01-07 03:55:34.166  2389  2389 I dex2oat : /system/bin/dex2oat --input-vdex-fd=-1 --output-vdex-fd=9 --compiler-filter=quicken -j2 --classpath-dir=/system/priv-app/CellBroadcastReceiver
01-07 03:55:34.238  2389  2389 I dex2oat : dex2oat took 72.866ms (90.845ms cpu) (threads: 2) arena alloc=20KB (21240B) java alloc=235KB (241408B) native alloc=1355KB (1387592B) free=1204KB (1233848B)
01-07 03:55:34.245  2115  2115 I PackageManager.DexOptimizer: Running dexopt (dexoptNeeded=1) on: /system/priv-app/OneTimeInitializer/OneTimeInitializer.apk pkg=com.android.onetimeinitializer isa=arm64 dexoptFlags=boot_complete,public target-filter=quicken oatDir=null sharedLibraries=null
01-07 03:55:34.247  2392  2392 W dex2oat : type=1400 audit(0.0:992): avc: granted { getattr } for path="/vendor" dev="rootfs" ino=8858 scontext=u:r:dex2oat:s0 tcontext=u:object_r:rootfs:s0 tclass=lnk_file
01-07 03:55:34.284  2392  2392 I dex2oat : /system/bin/dex2oat --input-vdex-fd=-1 --output-vdex-fd=9 --compiler-filter=quicken -j2 --classpath-dir=/system/priv-app/OneTimeInitializer
01-07 03:55:34.336  2392  2392 I dex2oat : dex2oat took 53.624ms (59.146ms cpu) (threads: 2) arena alloc=3KB (3840B) java alloc=67KB (68928B) native alloc=1368KB (1401376B) free=1191KB (1220064B)
01-07 03:55:34.342  2115  2115 I PackageManager.DexOptimizer: Running dexopt (dexoptNeeded=1) on: /system/app/KeyChain/KeyChain.apk pkg=com.android.keychain isa=arm64 dexoptFlags=boot_complete,public target-filter=quicken oatDir=null sharedLibraries=null
01-07 03:55:34.343  2395  2395 W dex2oat : type=1400 audit(0.0:993): avc: granted { getattr } for path="/vendor" dev="rootfs" ino=8858 scontext=u:r:dex2oat:s0 tcontext=u:object_r:rootfs:s0 tclass=lnk_file
01-07 03:55:34.381  2395  2395 I dex2oat : /system/bin/dex2oat --input-vdex-fd=-1 --output-vdex-fd=9 --compiler-filter=quicken -j2 --classpath-dir=/system/app/KeyChain
01-07 03:55:34.436  2395  2395 I dex2oat : dex2oat took 55.821ms (60.901ms cpu) (threads: 2) arena alloc=2624B (2624B) java alloc=54KB (55688B) native alloc=1339KB (1371624B) free=1732KB (1774104B)
01-07 03:55:34.442  2115  2115 I PackageManager.DexOptimizer: Running dexopt (dexoptNeeded=1) on: /system/app/PrintRecommendationService/PrintRecommendationService.apk pkg=com.android.printservice.recommendation isa=arm64 dexoptFlags=boot_complete,public target-filter=quicken oatDir=null sharedLibraries=null
01-07 03:55:34.443  2398  2398 W dex2oat : type=1400 audit(0.0:994): avc: granted { getattr } for path="/vendor" dev="rootfs" ino=8858 scontext=u:r:dex2oat:s0 tcontext=u:object_r:rootfs:s0 tclass=lnk_file
01-07 03:55:34.483  2398  2398 I dex2oat : /system/bin/dex2oat --input-vdex-fd=-1 --output-vdex-fd=9 --compiler-filter=quicken -j2 --classpath-dir=/system/app/PrintRecommendationService
01-07 03:55:34.544  2398  2398 I dex2oat : dex2oat took 61.474ms (66.727ms cpu) (threads: 2) arena alloc=3KB (3720B) java alloc=57KB (58976B) native alloc=1392KB (1426240B) free=1167KB (1195200B)
01-07 03:55:34.550  2115  2115 I PackageManager.DexOptimizer: Running dexopt (dexoptNeeded=1) on: /system/priv-app/GalleryX/GalleryX.apk pkg=com.android.gallery3d isa=arm64 dexoptFlags=boot_complete,public target-filter=quicken oatDir=null sharedLibraries=null
01-07 03:55:34.551  2401  2401 W dex2oat : type=1400 audit(0.0:995): avc: granted { getattr } for path="/vendor" dev="rootfs" ino=8858 scontext=u:r:dex2oat:s0 tcontext=u:object_r:rootfs:s0 tclass=lnk_file
01-07 03:55:34.588  2401  2401 I dex2oat : /system/bin/dex2oat --input-vdex-fd=-1 --output-vdex-fd=9 --compiler-filter=quicken -j2 --classpath-dir=/system/priv-app/GalleryX
01-07 03:55:35.685  2401  2401 I dex2oat : dex2oat took 1.097s (1.728s cpu) (threads: 2) arena alloc=2288B (2288B) java alloc=3MB (3642864B) native alloc=4MB (4685992B) free=2MB (2129752B)
01-07 03:55:35.697  2115  2115 I PackageManager.DexOptimizer: Running dexopt (dexoptNeeded=1) on: /system/priv-app/CallLogBackup/CallLogBackup.apk pkg=com.android.calllogbackup isa=arm64 dexoptFlags=boot_complete,public target-filter=quicken oatDir=null sharedLibraries=null
01-07 03:55:35.699  2404  2404 W dex2oat : type=1400 audit(0.0:996): avc: granted { getattr } for path="/vendor" dev="rootfs" ino=8858 scontext=u:r:dex2oat:s0 tcontext=u:object_r:rootfs:s0 tclass=lnk_file
01-07 03:55:35.739  2404  2404 I dex2oat : /system/bin/dex2oat --input-vdex-fd=-1 --output-vdex-fd=9 --compiler-filter=quicken -j2 --classpath-dir=/system/priv-app/CallLogBackup
01-07 03:55:35.790  2404  2404 I dex2oat : dex2oat took 51.131ms (48.066ms cpu) (threads: 2) arena alloc=1960B (1960B) java alloc=35KB (36520B) native alloc=1208KB (1237480B) free=1351KB (1383960B)
01-07 03:55:35.796  2115  2115 I PackageManager.DexOptimizer: Running dexopt (dexoptNeeded=1) on: /system/app/CarrierDefaultApp/CarrierDefaultApp.apk pkg=com.android.carrierdefaultapp isa=arm64 dexoptFlags=boot_complete,public target-filter=quicken oatDir=null sharedLibraries=null
01-07 03:55:35.799  2407  2407 W dex2oat : type=1400 audit(0.0:997): avc: granted { getattr } for path="/vendor" dev="rootfs" ino=8858 scontext=u:r:dex2oat:s0 tcontext=u:object_r:rootfs:s0 tclass=lnk_file
01-07 03:55:35.835  2407  2407 I dex2oat : /system/bin/dex2oat --input-vdex-fd=-1 --output-vdex-fd=9 --compiler-filter=quicken -j2 --classpath-dir=/system/app/CarrierDefaultApp
01-07 03:55:35.889  2407  2407 I dex2oat : dex2oat took 54.024ms (59.264ms cpu) (threads: 2) arena alloc=7KB (8024B) java alloc=100KB (102656B) native alloc=1331KB (1363832B) free=1228KB (1257608B)
01-07 03:55:35.895  2115  2115 I PackageManager.DexOptimizer: Running dexopt (dexoptNeeded=1) on: /system/priv-app/ManagedProvisioning/ManagedProvisioning.apk pkg=com.android.managedprovisioning isa=arm64 dexoptFlags=boot_complete,public target-filter=quicken oatDir=null sharedLibraries=null
01-07 03:55:35.936  2410  2410 I dex2oat : /system/bin/dex2oat --input-vdex-fd=-1 --output-vdex-fd=9 --compiler-filter=quicken -j2 --classpath-dir=/system/priv-app/ManagedProvisioning
01-07 03:55:36.110  2410  2410 I dex2oat : dex2oat took 174.846ms (245.074ms cpu) (threads: 2) arena alloc=2432B (2432B) java alloc=698KB (715240B) native alloc=1184KB (1212864B) free=2MB (2457152B)
01-07 03:55:36.118  2115  2115 I PackageManager.DexOptimizer: Running dexopt (dexoptNeeded=1) on: /system/app/PhotoTable/PhotoTable.apk pkg=com.android.dreams.phototable isa=arm64 dexoptFlags=boot_complete,public target-filter=quicken oatDir=null sharedLibraries=null
01-07 03:55:36.119  2413  2413 W dex2oat : type=1400 audit(0.0:999): avc: granted { getattr } for path="/vendor" dev="rootfs" ino=8858 scontext=u:r:dex2oat:s0 tcontext=u:object_r:rootfs:s0 tclass=lnk_file
01-07 03:55:36.162  2413  2413 I dex2oat : /system/bin/dex2oat --input-vdex-fd=-1 --output-vdex-fd=9 --compiler-filter=quicken -j2 --classpath-dir=/system/app/PhotoTable
01-07 03:55:36.231  1086  1196 E ThermalEngine: [BMHB_GOV] read failed VS_TEMP
01-07 03:55:36.241  2413  2413 I dex2oat : dex2oat took 79.449ms (96.330ms cpu) (threads: 2) arena alloc=3032B (3032B) java alloc=187KB (192168B) native alloc=1385KB (1419016B) free=1686KB (1726712B)
01-07 03:55:36.249  2115  2115 I PackageManager.DexOptimizer: Running dexopt (dexoptNeeded=1) on: /system/app/WAPPushManager/WAPPushManager.apk pkg=com.android.smspush isa=arm64 dexoptFlags=boot_complete,public target-filter=quicken oatDir=null sharedLibraries=null
01-07 03:55:36.251  2416  2416 W dex2oat : type=1400 audit(0.0:1000): avc: granted { getattr } for path="/vendor" dev="rootfs" ino=8858 scontext=u:r:dex2oat:s0 tcontext=u:object_r:rootfs:s0 tclass=lnk_file
01-07 03:55:36.291  2416  2416 I dex2oat : /system/bin/dex2oat --input-vdex-fd=-1 --output-vdex-fd=9 --compiler-filter=quicken -j2 --classpath-dir=/system/app/WAPPushManager
01-07 03:55:36.348  2416  2416 I dex2oat : dex2oat took 58.165ms (61.837ms cpu) (threads: 2) arena alloc=11KB (11616B) java alloc=70KB (72328B) native alloc=1353KB (1386280B) free=1718KB (1759448B)
01-07 03:55:36.355  2115  2115 I PackageManager.DexOptimizer: Running dexopt (dexoptNeeded=1) on: /system/app/LiveWallpapersPicker/LiveWallpapersPicker.apk pkg=com.android.wallpaper.livepicker isa=arm64 dexoptFlags=boot_complete,public target-filter=quicken oatDir=null sharedLibraries=null
01-07 03:55:36.394  2419  2419 I dex2oat : /system/bin/dex2oat --input-vdex-fd=-1 --output-vdex-fd=9 --compiler-filter=quicken -j2 --classpath-dir=/system/app/LiveWallpapersPicker
01-07 03:55:36.419  2421  2421 E ANDR-PERF-MPCTL: Unable to create control service (stage=1, rc=0)
01-07 03:55:36.419  2421  2421 W libc    : invalid pthread_t (0) passed to libc
01-07 03:55:36.893  2423  2423 E android.hardware.nfc@1.0-impl: hw_get_module nfc_nci failed: -2
01-07 03:55:36.893  2423  2423 E android.hardware.nfc@1.0-impl: Passthrough failed to load legacy HAL.
01-07 03:55:36.893  2423  2423 E android.hardware.nfc@1.0-service: Could not get passthrough implementation for android.hardware.nfc@1.0::INfc/default.
01-07 03:55:37.099  2419  2419 I dex2oat : dex2oat took 706.516ms (1.079s cpu) (threads: 2) arena alloc=1248B (1248B) java alloc=2MB (2755800B) native alloc=2MB (2696272B) free=1974KB (2022320B)
01-07 03:55:37.110  2115  2115 I PackageManager.DexOptimizer: Running dexopt (dexoptNeeded=1) on: /system/priv-app/Tag/Tag.apk pkg=com.android.apps.tag isa=arm64 dexoptFlags=boot_complete,public target-filter=quicken oatDir=null sharedLibraries=null
01-07 03:55:37.111  2424  2424 W dex2oat : type=1400 audit(0.0:1002): avc: granted { getattr } for path="/vendor" dev="rootfs" ino=8858 scontext=u:r:dex2oat:s0 tcontext=u:object_r:rootfs:s0 tclass=lnk_file
01-07 03:55:37.149  2424  2424 I dex2oat : /system/bin/dex2oat --input-vdex-fd=-1 --output-vdex-fd=9 --compiler-filter=quicken -j2 --classpath-dir=/system/priv-app/Tag
01-07 03:55:37.326  2424  2424 I dex2oat : dex2oat took 177.547ms (251.538ms cpu) (threads: 2) arena alloc=3KB (3208B) java alloc=392KB (401528B) native alloc=1331KB (1363216B) free=2MB (2306800B)
01-07 03:55:37.336  2115  2115 I PackageManager.DexOptimizer: Running dexopt (dexoptNeeded=1) on: /system/app/LatinImeDictionaryPack/LatinImeDictionaryPack.apk pkg=com.google.android.inputmethod.latin.dictionarypack isa=arm64 dexoptFlags=boot_complete,public target-filter=quicken oatDir=null sharedLibraries=null
01-07 03:55:37.339  2427  2427 W dex2oat : type=1400 audit(0.0:1003): avc: granted { getattr } for path="/vendor" dev="rootfs" ino=8858 scontext=u:r:dex2oat:s0 tcontext=u:object_r:rootfs:s0 tclass=lnk_file
01-07 03:55:37.375  2427  2427 I dex2oat : /system/bin/dex2oat --input-vdex-fd=-1 --output-vdex-fd=9 --compiler-filter=quicken -j2 --classpath-dir=/system/app/LatinImeDictionaryPack
01-07 03:55:37.463  2427  2427 I dex2oat : dex2oat took 89.184ms (114.128ms cpu) (threads: 2) arena alloc=15KB (15856B) java alloc=187KB (191504B) native alloc=1210KB (1239432B) free=1861KB (1906296B)
01-07 03:55:37.473  2115  2115 I PackageManager.DexOptimizer: Running dexopt (dexoptNeeded=1) on: /system/priv-app/StorageManager/StorageManager.apk pkg=com.android.storagemanager isa=arm64 dexoptFlags=boot_complete,public target-filter=quicken oatDir=null sharedLibraries=null
01-07 03:55:37.475  2430  2430 W dex2oat : type=1400 audit(0.0:1004): avc: granted { getattr } for path="/vendor" dev="rootfs" ino=8858 scontext=u:r:dex2oat:s0 tcontext=u:object_r:rootfs:s0 tclass=lnk_file
01-07 03:55:37.515  2430  2430 I dex2oat : /system/bin/dex2oat --input-vdex-fd=-1 --output-vdex-fd=9 --compiler-filter=quicken -j2 --classpath-dir=/system/priv-app/StorageManager
01-07 03:55:38.231  2430  2430 I dex2oat : dex2oat took 717.322ms (1.102s cpu) (threads: 2) arena alloc=2872B (2872B) java alloc=2MB (2628392B) native alloc=2MB (3000240B) free=2MB (2242640B)
01-07 03:55:38.244  2115  2115 I PackageManager.DexOptimizer: Running dexopt (dexoptNeeded=1) on: /system/app/BookmarkProvider/BookmarkProvider.apk pkg=com.android.bookmarkprovider isa=arm64 dexoptFlags=boot_complete,public target-filter=quicken oatDir=null sharedLibraries=null
01-07 03:55:38.247  2433  2433 W dex2oat : type=1400 audit(0.0:1005): avc: granted { getattr } for path="/vendor" dev="rootfs" ino=8858 scontext=u:r:dex2oat:s0 tcontext=u:object_r:rootfs:s0 tclass=lnk_file
01-07 03:55:38.286  2433  2433 I dex2oat : /system/bin/dex2oat --input-vdex-fd=-1 --output-vdex-fd=9 --compiler-filter=quicken -j2 --classpath-dir=/system/app/BookmarkProvider
01-07 03:55:38.331  2433  2433 I dex2oat : dex2oat took 45.159ms (40.746ms cpu) (threads: 2) arena alloc=864B (864B) java alloc=17KB (17512B) native alloc=1183KB (1212032B) free=1376KB (1409408B)
01-07 03:55:38.336  2115  2115 I PackageManager.DexOptimizer: Running dexopt (dexoptNeeded=1) on: /system/app/ExactCalculator/ExactCalculator.apk pkg=com.android.calculator2 isa=arm64 dexoptFlags=boot_complete,public target-filter=quicken oatDir=null sharedLibraries=null
01-07 03:55:38.339  2436  2436 W dex2oat : type=1400 audit(0.0:1006): avc: granted { getattr } for path="/vendor" dev="rootfs" ino=8858 scontext=u:r:dex2oat:s0 tcontext=u:object_r:rootfs:s0 tclass=lnk_file
01-07 03:55:38.374  2436  2436 I dex2oat : /system/bin/dex2oat --input-vdex-fd=-1 --output-vdex-fd=9 --compiler-filter=quicken -j2 --classpath-dir=/system/app/ExactCalculator
01-07 03:55:38.664  2436  2436 I dex2oat : dex2oat took 290.616ms (444.174ms cpu) (threads: 2) arena alloc=6KB (6536B) java alloc=716KB (733208B) native alloc=1530KB (1567120B) free=2MB (2102896B)
01-07 03:55:38.672  2115  2115 I PackageManager.DexOptimizer: Running dexopt (dexoptNeeded=1) on: /system/priv-app/com.qualcomm.location/com.qualcomm.location.apk pkg=com.qualcomm.location isa=arm64 dexoptFlags=boot_complete,public target-filter=quicken oatDir=null sharedLibraries=/system/framework/izat.xt.srv.jar:/system/framework/com.android.location.provider.jar
01-07 03:55:38.675  2439  2439 W dex2oat : type=1400 audit(0.0:1007): avc: granted { getattr } for path="/vendor" dev="rootfs" ino=8858 scontext=u:r:dex2oat:s0 tcontext=u:object_r:rootfs:s0 tclass=lnk_file
01-07 03:55:38.710  2439  2439 I dex2oat : /system/bin/dex2oat --input-vdex-fd=-1 --output-vdex-fd=9 --compiler-filter=quicken -j2 --classpath-dir=/system/priv-app/com.qualcomm.location
01-07 03:55:39.268  2439  2439 I dex2oat : dex2oat took 558.662ms (860.113ms cpu) (threads: 2) arena alloc=2432B (2432B) java alloc=1429KB (1464056B) native alloc=3MB (3258632B) free=1937KB (1984248B)
01-07 03:55:39.278  2115  2115 I PackageManager.DexOptimizer: Running dexopt (dexoptNeeded=1) on: /system/priv-app/VpnDialogs/VpnDialogs.apk pkg=com.android.vpndialogs isa=arm64 dexoptFlags=boot_complete,public target-filter=quicken oatDir=null sharedLibraries=null
01-07 03:55:39.279  2442  2442 W dex2oat : type=1400 audit(0.0:1008): avc: granted { getattr } for path="/vendor" dev="rootfs" ino=8858 scontext=u:r:dex2oat:s0 tcontext=u:object_r:rootfs:s0 tclass=lnk_file
01-07 03:55:39.319  2442  2442 I dex2oat : /system/bin/dex2oat --input-vdex-fd=-1 --output-vdex-fd=9 --compiler-filter=quicken -j2 --classpath-dir=/system/priv-app/VpnDialogs
01-07 03:55:39.368  2442  2442 I dex2oat : dex2oat took 49.318ms (50.451ms cpu) (threads: 2) arena alloc=7KB (7744B) java alloc=49KB (51064B) native alloc=1166KB (1194112B) free=1393KB (1427328B)
01-07 03:55:39.374  2115  2115 I PackageManager.DexOptimizer: Running dexopt (dexoptNeeded=1) on: /system/app/Email/Email.apk pkg=com.android.email isa=arm64 dexoptFlags=boot_complete,public target-filter=quicken oatDir=null sharedLibraries=null
01-07 03:55:39.375  2445  2445 W dex2oat : type=1400 audit(0.0:1009): avc: granted { getattr } for path="/vendor" dev="rootfs" ino=8858 scontext=u:r:dex2oat:s0 tcontext=u:object_r:rootfs:s0 tclass=lnk_file
01-07 03:55:39.413  2445  2445 I dex2oat : /system/bin/dex2oat --input-vdex-fd=-1 --output-vdex-fd=9 --compiler-filter=quicken -j2 --classpath-dir=/system/app/Email
01-07 03:55:40.997  2445  2445 I dex2oat : dex2oat took 1.584s (2.504s cpu) (threads: 2) arena alloc=573KB (587576B) java alloc=5MB (5794064B) native alloc=5MB (6002144B) free=2MB (2910752B)
01-07 03:55:41.011  2115  2115 I PackageManager.DexOptimizer: Running dexopt (dexoptNeeded=1) on: /system/app/WallpaperBackup/WallpaperBackup.apk pkg=com.android.wallpaperbackup isa=arm64 dexoptFlags=boot_complete,public target-filter=quicken oatDir=null sharedLibraries=null
01-07 03:55:41.053  2448  2448 I dex2oat : /system/bin/dex2oat --input-vdex-fd=-1 --output-vdex-fd=9 --compiler-filter=quicken -j2 --classpath-dir=/system/app/WallpaperBackup
01-07 03:55:41.102  2448  2448 I dex2oat : dex2oat took 49.643ms (45.484ms cpu) (threads: 2) arena alloc=7KB (7960B) java alloc=19KB (19520B) native alloc=1007KB (1031808B) free=1552KB (1589632B)
01-07 03:55:41.108  2115  2115 I PackageManager.DexOptimizer: Running dexopt (dexoptNeeded=1) on: /system/priv-app/BlockedNumberProvider/BlockedNumberProvider.apk pkg=com.android.providers.blockednumber isa=arm64 dexoptFlags=boot_complete,public target-filter=quicken oatDir=null sharedLibraries=null
01-07 03:55:41.111  2451  2451 W dex2oat : type=1400 audit(0.0:1011): avc: granted { getattr } for path="/vendor" dev="rootfs" ino=8858 scontext=u:r:dex2oat:s0 tcontext=u:object_r:rootfs:s0 tclass=lnk_file
01-07 03:55:41.150  2451  2451 I dex2oat : /system/bin/dex2oat --input-vdex-fd=-1 --output-vdex-fd=9 --compiler-filter=quicken -j2 --classpath-dir=/system/priv-app/BlockedNumberProvider
01-07 03:55:41.231  1086  1196 E ThermalEngine: [BMHB_GOV] read failed VS_TEMP
01-07 03:55:41.328  2451  2451 I dex2oat : dex2oat took 178.742ms (237.193ms cpu) (threads: 2) arena alloc=3KB (3208B) java alloc=414KB (424760B) native alloc=1387KB (1420816B) free=2MB (2249200B)
01-07 03:55:41.335  2115  2115 I PackageManager.DexOptimizer: Running dexopt (dexoptNeeded=1) on: /system/app/UserDictionaryProvider/UserDictionaryProvider.apk pkg=com.android.providers.userdictionary isa=arm64 dexoptFlags=boot_complete,public target-filter=quicken oatDir=null sharedLibraries=null
01-07 03:55:41.374  2454  2454 I dex2oat : /system/bin/dex2oat --input-vdex-fd=-1 --output-vdex-fd=9 --compiler-filter=quicken -j2 --classpath-dir=/system/app/UserDictionaryProvider
01-07 03:55:41.416  2456  2456 E ANDR-PERF-MPCTL: Unable to create control service (stage=1, rc=0)
01-07 03:55:41.416  2456  2456 W libc    : invalid pthread_t (0) passed to libc
01-07 03:55:41.419  2454  2454 I dex2oat : dex2oat took 46.795ms (49.096ms cpu) (threads: 2) arena alloc=7KB (7912B) java alloc=36KB (37432B) native alloc=1207KB (1236528B) free=1352KB (1384912B)
01-07 03:55:41.426  2115  2115 I PackageManager.DexOptimizer: Running dexopt (dexoptNeeded=1) on: /system/priv-app/EmergencyInfo/EmergencyInfo.apk pkg=com.android.emergency isa=arm64 dexoptFlags=boot_complete,public target-filter=quicken oatDir=null sharedLibraries=null
01-07 03:55:41.427  2458  2458 W dex2oat : type=1400 audit(0.0:1013): avc: granted { getattr } for path="/vendor" dev="rootfs" ino=8858 scontext=u:r:dex2oat:s0 tcontext=u:object_r:rootfs:s0 tclass=lnk_file
01-07 03:55:41.464  2458  2458 I dex2oat : /system/bin/dex2oat --input-vdex-fd=-1 --output-vdex-fd=9 --compiler-filter=quicken -j2 --classpath-dir=/system/priv-app/EmergencyInfo
01-07 03:55:41.891  2461  2461 E android.hardware.nfc@1.0-impl: hw_get_module nfc_nci failed: -2
01-07 03:55:41.892  2461  2461 E android.hardware.nfc@1.0-impl: Passthrough failed to load legacy HAL.
01-07 03:55:41.893  2461  2461 E android.hardware.nfc@1.0-service: Could not get passthrough implementation for android.hardware.nfc@1.0::INfc/default.
01-07 03:55:41.904  2458  2458 I dex2oat : dex2oat took 440.669ms (679.835ms cpu) (threads: 2) arena alloc=4KB (4744B) java alloc=1820KB (1863832B) native alloc=2MB (2146520B) free=1999KB (2047784B)
01-07 03:55:41.913  2115  2115 I PackageManager.DexOptimizer: Running dexopt (dexoptNeeded=1) on: /system/app/DeskClock/DeskClock.apk pkg=com.android.deskclock isa=arm64 dexoptFlags=boot_complete,public target-filter=quicken oatDir=null sharedLibraries=null
01-07 03:55:41.915  2462  2462 W dex2oat : type=1400 audit(0.0:1014): avc: granted { getattr } for path="/vendor" dev="rootfs" ino=8858 scontext=u:r:dex2oat:s0 tcontext=u:object_r:rootfs:s0 tclass=lnk_file
01-07 03:55:41.952  2462  2462 I dex2oat : /system/bin/dex2oat --input-vdex-fd=-1 --output-vdex-fd=9 --compiler-filter=quicken -j2 --classpath-dir=/system/app/DeskClock
01-07 03:55:42.851  2462  2462 I dex2oat : dex2oat took 899.938ms (1.404s cpu) (threads: 2) arena alloc=2672B (2672B) java alloc=3MB (3441280B) native alloc=3MB (3416128B) free=1783KB (1826752B)
01-07 03:55:42.863  2115  2115 I PackageManager.DexOptimizer: Running dexopt (dexoptNeeded=1) on: /system/app/BluetoothMidiService/BluetoothMidiService.apk pkg=com.android.bluetoothmidiservice isa=arm64 dexoptFlags=boot_complete,public target-filter=quicken oatDir=null sharedLibraries=null
01-07 03:55:42.867  2465  2465 W dex2oat : type=1400 audit(0.0:1015): avc: granted { getattr } for path="/vendor" dev="rootfs" ino=8858 scontext=u:r:dex2oat:s0 tcontext=u:object_r:rootfs:s0 tclass=lnk_file
01-07 03:55:42.903  2465  2465 I dex2oat : /system/bin/dex2oat --input-vdex-fd=-1 --output-vdex-fd=9 --compiler-filter=quicken -j2 --classpath-dir=/system/app/BluetoothMidiService
01-07 03:55:42.950  2465  2465 I dex2oat : dex2oat took 47.829ms (50.336ms cpu) (threads: 2) arena alloc=28KB (28720B) java alloc=35KB (36336B) native alloc=1193KB (1222504B) free=1366KB (1398936B)
01-07 03:55:42.956  2115  2115 I PackageManager.DexOptimizer: Running dexopt (dexoptNeeded=1) on: /system/app/Bluetooth/Bluetooth.apk pkg=com.android.bluetooth isa=arm64 dexoptFlags=boot_complete,public target-filter=quicken oatDir=null sharedLibraries=/system/framework/javax.obex.jar
01-07 03:55:42.959  2468  2468 W dex2oat : type=1400 audit(0.0:1016): avc: granted { getattr } for path="/vendor" dev="rootfs" ino=8858 scontext=u:r:dex2oat:s0 tcontext=u:object_r:rootfs:s0 tclass=lnk_file
01-07 03:55:42.994  2468  2468 I dex2oat : /system/bin/dex2oat --input-vdex-fd=-1 --output-vdex-fd=9 --compiler-filter=quicken -j2 --classpath-dir=/system/app/Bluetooth
01-07 03:55:44.106  2468  2468 I dex2oat : dex2oat took 1.112s (1.744s cpu) (threads: 2) arena alloc=2184B (2184B) java alloc=2MB (2162744B) native alloc=4MB (4826984B) free=2MB (2513048B)
01-07 03:55:44.120  2115  2115 I PackageManager.DexOptimizer: Running dexopt (dexoptNeeded=1) on: /system/app/TimeService/TimeService.apk pkg=com.qualcomm.timeservice isa=arm64 dexoptFlags=boot_complete,public target-filter=quicken oatDir=null sharedLibraries=null
01-07 03:55:44.123  2471  2471 W dex2oat : type=1400 audit(0.0:1017): avc: granted { getattr } for path="/vendor" dev="rootfs" ino=8858 scontext=u:r:dex2oat:s0 tcontext=u:object_r:rootfs:s0 tclass=lnk_file
01-07 03:55:44.164  2471  2471 I dex2oat : /system/bin/dex2oat --input-vdex-fd=-1 --output-vdex-fd=9 --compiler-filter=quicken -j2 --classpath-dir=/system/app/TimeService
01-07 03:55:44.208  2471  2471 I dex2oat : dex2oat took 44.688ms (40.761ms cpu) (threads: 2) arena alloc=456B (456B) java alloc=16KB (17000B) native alloc=1001KB (1025248B) free=1558KB (1596192B)
01-07 03:55:44.214  2115  2115 I PackageManager.DexOptimizer: Running dexopt (dexoptNeeded=1) on: /system/app/WallpaperPicker/WallpaperPicker.apk pkg=com.android.wallpaperpicker isa=arm64 dexoptFlags=boot_complete,public target-filter=quicken oatDir=null sharedLibraries=null
01-07 03:55:44.215  2475  2475 W dex2oat : type=1400 audit(0.0:1018): avc: granted { getattr } for path="/vendor" dev="rootfs" ino=8858 scontext=u:r:dex2oat:s0 tcontext=u:object_r:rootfs:s0 tclass=lnk_file
01-07 03:55:44.261  2475  2475 I dex2oat : /system/bin/dex2oat --input-vdex-fd=-1 --output-vdex-fd=9 --compiler-filter=quicken -j2 --classpath-dir=/system/app/WallpaperPicker
01-07 03:55:44.585  2475  2475 I dex2oat : dex2oat took 325.317ms (482.485ms cpu) (threads: 2) arena alloc=2848B (2848B) java alloc=1262KB (1293200B) native alloc=1770KB (1813472B) free=2MB (2380832B)
01-07 03:55:44.593  2115  2115 I PackageManager.DexOptimizer: Running dexopt (dexoptNeeded=1) on: /system/priv-app/ContactsProvider/ContactsProvider.apk pkg=com.android.providers.contacts isa=arm64 dexoptFlags=boot_complete,public target-filter=quicken oatDir=null sharedLibraries=null
01-07 03:55:44.595  2478  2478 W dex2oat : type=1400 audit(0.0:1019): avc: granted { getattr } for path="/vendor" dev="rootfs" ino=8858 scontext=u:r:dex2oat:s0 tcontext=u:object_r:rootfs:s0 tclass=lnk_file
01-07 03:55:44.633  2478  2478 I dex2oat : /system/bin/dex2oat --input-vdex-fd=-1 --output-vdex-fd=9 --compiler-filter=quicken -j2 --classpath-dir=/system/priv-app/ContactsProvider
01-07 03:55:44.981  2478  2478 I dex2oat : dex2oat took 349.539ms (517.610ms cpu) (threads: 2) arena alloc=448KB (458904B) java alloc=594KB (608912B) native alloc=1829KB (1873696B) free=2MB (2844896B)
01-07 03:55:44.990  2115  2115 I PackageManager.DexOptimizer: Running dexopt (dexoptNeeded=1) on: /system/app/CaptivePortalLogin/CaptivePortalLogin.apk pkg=com.android.captiveportallogin isa=arm64 dexoptFlags=boot_complete,public target-filter=quicken oatDir=null sharedLibraries=null
01-07 03:55:44.991  2481  2481 W dex2oat : type=1400 audit(0.0:1020): avc: granted { getattr } for path="/vendor" dev="rootfs" ino=8858 scontext=u:r:dex2oat:s0 tcontext=u:object_r:rootfs:s0 tclass=lnk_file
01-07 03:55:45.030  2481  2481 I dex2oat : /system/bin/dex2oat --input-vdex-fd=-1 --output-vdex-fd=9 --compiler-filter=quicken -j2 --classpath-dir=/system/app/CaptivePortalLogin
01-07 03:55:45.082  2481  2481 I dex2oat : dex2oat took 52.721ms (56.541ms cpu) (threads: 2) arena alloc=4KB (4456B) java alloc=96KB (98752B) native alloc=1191KB (1219640B) free=1368KB (1401800B)
01-07 03:55:45.088  2115  2115 D SystemServerTiming: UpdatePackagesIfNeeded took to complete: 36256ms
01-07 03:55:45.088  2115  2115 I SystemServer: PerformFstrimIfNeeded
01-07 03:55:45.088  2115  2115 W PackageManager: No disk maintenance in 1420602945088; running immediately
01-07 03:55:45.089  2115  2115 D SystemServerTiming: PerformFstrimIfNeeded took to complete: 1ms
01-07 03:55:45.089  2115  2115 I SystemServer: StartLockSettingsService
01-07 03:55:45.089  2115  2214 I StorageManagerService: Running fstrim idle maintenance
01-07 03:55:45.089  2115  2115 I SystemServiceManager: Starting com.android.server.LockSettingsService$Lifecycle
01-07 03:55:45.089  2115  2214 D VoldConnector: SND -> {3 fstrim dotrim}
01-07 03:55:45.090  1149  1362 I vold    : [libfs_mgr]fs_mgr_read_fstab_dt(): failed to read fstab from dt
01-07 03:55:45.091  2115  2215 D VoldConnector: RCV <- {200 3 Command succeeded}
01-07 03:55:45.091  1149  2484 D vold    : Starting trim of /data
01-07 03:55:45.098  2115  2115 D SystemServerTiming: StartLockSettingsService took to complete: 9ms
01-07 03:55:45.098  2115  2115 I SystemServer: StartPersistentDataBlock
01-07 03:55:45.098  2115  2115 I SystemServiceManager: Starting com.android.server.PersistentDataBlockService
01-07 03:55:45.099  2115  2115 D SystemServerTiming: StartPersistentDataBlock took to complete: 0ms
