--------- beginning of main
01-06 11:10:25.372   397   397 W auditd  : type=2000 audit(0.0:1): initialized
01-06 11:10:26.647   397   397 I auditd  : type=1403 audit(0.0:2): policy loaded auid=4294967295 ses=4294967295
01-06 11:10:27.167   353   353 I fsck.f2fs: type=1400 audit(0.0:3): avc: denied { read } for name="mmcblk0p50" dev="tmpfs" ino=1940 scontext=u:r:fsck:s0 tcontext=u:object_r:block_device:s0 tclass=blk_file permissive=1
01-06 11:10:27.167   353   353 I fsck.f2fs: type=1400 audit(0.0:4): avc: denied { open } for path="/dev/block/mmcblk0p50" dev="tmpfs" ino=1940 scontext=u:r:fsck:s0 tcontext=u:object_r:block_device:s0 tclass=blk_file permissive=1
01-06 11:10:27.167   353   353 I fsck.f2fs: type=1400 audit(0.0:5): avc: denied { write } for name="mmcblk0p50" dev="tmpfs" ino=1940 scontext=u:r:fsck:s0 tcontext=u:object_r:block_device:s0 tclass=blk_file permissive=1
01-06 11:10:27.167   353   353 I fsck.f2fs: type=1400 audit(0.0:6): avc: denied { ioctl } for path="/dev/block/mmcblk0p50" dev="tmpfs" ino=1940 ioctlcmd=1268 scontext=u:r:fsck:s0 tcontext=u:object_r:block_device:s0 tclass=blk_file permissive=1
01-06 11:10:28.554   400   400 I SELinux : SELinux: Loaded service_contexts from:
01-06 11:10:28.556   400   400 I SELinux :     /vndservice_contexts
01-06 11:10:28.580   398   398 I SELinux : SELinux: Loaded service_contexts from:
01-06 11:10:28.582   398   398 I SELinux :     /plat_service_contexts
01-06 11:10:28.582   398   398 I SELinux :     /nonplat_service_contexts
--------- beginning of system
01-06 11:10:28.684   401   401 I vold    : Vold 3.0 (the awakening) firing up
01-06 11:10:28.685   401   401 V vold    : Detected support for: exfat ext4 f2fs ntfs vfat
01-06 11:10:28.687   401   401 W Vold    : Tearing down stale mount /mnt/pstore
01-06 11:10:28.688   401   401 I vold    : [libfs_mgr]fs_mgr_read_fstab_dt(): failed to read fstab from dt
01-06 11:10:28.721   401   409 D vold    : e4crypt_init_user0
01-06 11:10:28.721   401   409 D vold    : e4crypt_prepare_user_storage for volume null, user 0, serial 0, flags 1
01-06 11:10:28.721   401   409 D vold    : Preparing: /data/system/users/0
01-06 11:10:28.722   401   409 D vold    : Preparing: /data/misc/profiles/cur/0
01-06 11:10:28.723   401   409 D vold    : Preparing: /data/system_de/0
01-06 11:10:28.724   401   409 D vold    : Preparing: /data/misc_de/0
01-06 11:10:28.724   401   409 D vold    : Preparing: /data/user_de/0
01-06 11:10:28.725   401   409 D vold    : e4crypt_unlock_user_key 0 serial=0 token_present=0
01-06 11:10:28.747   413   413 I /system/bin/tzdatacheck: timezone distro dir /data/misc/zoneinfo/current does not exist. No action required.
01-06 11:10:28.779   414   414 I init    : type=1400 audit(0.0:24): avc: denied { execute_no_trans } for path="/system/bin/sysinit" dev="mmcblk0p47" ino=424 scontext=u:r:init:s0 tcontext=u:object_r:system_file:s0 tclass=file permissive=1
01-06 11:10:29.370   415   415 I Netd    : Netd 1.0 starting
01-06 11:10:29.402   415   415 D TetherController: Setting IP forward enable = 0
01-06 11:10:29.427   415   415 I Netd    : Creating child chains: 21.3ms
01-06 11:10:29.427   415   415 I Netd    : Setting up OEM hooks: 0.2ms
01-06 11:10:29.433   415   415 I Netd    : Setting up FirewallController hooks: 5.4ms
01-06 11:10:29.436   415   415 I Netd    : Setting up NatController hooks: 2.8ms
01-06 11:10:29.438   415   415 I Netd    : Setting up BandwidthController hooks: 2.6ms
01-06 11:10:29.438   415   415 I Netd    : Setting up IdletimerController hooks: 0.1ms
01-06 11:10:29.443   415   415 I Netd    : Disabling bandwidth control: 4.9ms
01-06 11:10:29.445   415   415 I Netd    : Initializing RouteController: 2.1ms
01-06 11:10:29.447   415   415 D MDnsDS  : MDnsSdListener::Hander starting up
01-06 11:10:29.447   415   426 D MDnsDS  : MDnsSdListener starting to monitor
01-06 11:10:29.447   415   426 D MDnsDS  : Going to poll with pollCount 1
01-06 11:10:29.448   415   415 I Netd    : Registering NetdNativeService: 1.4ms
01-06 11:10:29.449   415   415 I Netd    : Starting CommandListener: 0.2ms
01-06 11:10:29.456   415   415 I Netd    : Registering NetdHwService: 7.6ms
01-06 11:10:29.456   415   415 I Netd    : Netd started in 86ms
01-06 11:10:29.875   461   461 I init    : type=1400 audit(0.0:25): avc: denied { execute_no_trans } for path="/system/bin/sh" dev="mmcblk0p47" ino=397 scontext=u:r:init:s0 tcontext=u:object_r:shell_exec:s0 tclass=file permissive=1
01-06 11:10:29.931   464   464 I init    : type=1400 audit(0.0:26): avc: denied { execute_no_trans } for path="/system/bin/hwaddrs" dev="mmcblk0p47" ino=253 scontext=u:r:init:s0 tcontext=u:object_r:system_file:s0 tclass=file permissive=1
01-06 11:10:30.061   451   451 I ServiceManagement: Removing namespace from process name android.hidl.allocator@1.0-service to allocator@1.0-s.
01-06 11:10:30.061   466   466 I lowmemorykiller: Using in-kernel low memory killer interface
01-06 11:10:30.062   456   456 D vndksupport: Loading /odm/lib64/hw/android.hardware.nfc@1.0-impl.so from current namespace instead of sphal namespace.
01-06 11:10:30.065   456   456 D vndksupport: Loading /odm/lib64/hw/nfc_nci.msm8992.so from current namespace instead of sphal namespace.
01-06 11:10:30.069   456   456 D NxpNfcNciHal: nfc_open: enter; name=nci
01-06 11:10:30.069   456   456 D NxpNfcNciHal: nfc_open: exit 0
01-06 11:10:30.070   455   455 D vndksupport: Loading /odm/lib64/hw/android.hardware.light@2.0-impl.so from current namespace instead of sphal namespace.
01-06 11:10:30.073   456   456 I ServiceManagement: Removing namespace from process name android.hardware.nfc@1.0-service to nfc@1.0-service.
01-06 11:10:30.074   458   458 I ServiceManagement: Removing namespace from process name android.hardware.usb@1.0-service to usb@1.0-service.
01-06 11:10:30.075   454   454 D vndksupport: Loading /odm/lib64/hw/android.hardware.graphics.allocator@2.0-impl.so from current namespace instead of sphal namespace.
01-06 11:10:30.076   456   456 I android.hardware.nfc@1.0-service: Registration complete for android.hardware.nfc@1.0::INfc/default.
01-06 11:10:30.077   455   455 D vndksupport: Loading /odm/lib64/hw/lights.msm8992.so from current namespace instead of sphal namespace.
01-06 11:10:30.079     1     1 I init    : type=1400 audit(0.0:27): avc: denied { write } for name="ttyHSL0" dev="tmpfs" ino=10521 scontext=u:r:init:s0 tcontext=u:object_r:cir_device:s0 tclass=chr_file permissive=1
01-06 11:10:30.080   457   457 D vndksupport: Loading /odm/lib64/hw/android.hardware.thermal@1.0-impl.so from current namespace instead of sphal namespace.
01-06 11:10:30.080   458   458 I android.hardware.usb@1.0-service: USB HAL Ready.
01-06 11:10:30.081   455   455 D vndksupport: Loading /odm/lib64/hw/lights.msm8992.so from current namespace instead of sphal namespace.
01-06 11:10:30.081   455   455 E light   : light_open lights keyboard failed: -22
01-06 11:10:30.081   455   455 E light   : Light passthrough failed to load legacy HAL.
01-06 11:10:30.082   455   455 D vndksupport: Loading /odm/lib64/hw/lights.msm8992.so from current namespace instead of sphal namespace.
01-06 11:10:30.082   455   455 E light   : light_open lights buttons failed: -22
01-06 11:10:30.082   455   455 E light   : Light passthrough failed to load legacy HAL.
01-06 11:10:30.082   455   455 D vndksupport: Loading /odm/lib64/hw/lights.msm8992.so from current namespace instead of sphal namespace.
01-06 11:10:30.082   455   455 I chatty  : uid=1000(system) light@2.0-servi identical 2 lines
01-06 11:10:30.082   455   455 D vndksupport: Loading /odm/lib64/hw/lights.msm8992.so from current namespace instead of sphal namespace.
01-06 11:10:30.083   455   455 E light   : light_open lights bluetooth failed: -22
01-06 11:10:30.083   455   455 E light   : Light passthrough failed to load legacy HAL.
01-06 11:10:30.083   455   455 D vndksupport: Loading /odm/lib64/hw/lights.msm8992.so from current namespace instead of sphal namespace.
01-06 11:10:30.083   455   455 E light   : light_open lights wifi failed: -22
01-06 11:10:30.083   455   455 E light   : Light passthrough failed to load legacy HAL.
01-06 11:10:30.084   455   455 I ServiceManagement: Removing namespace from process name android.hardware.light@2.0-service to light@2.0-servi.
01-06 11:10:30.085   455   455 I android.hardware.light@2.0-service: Registration complete for android.hardware.light@2.0::ILight/default.
01-06 11:10:30.091     1     1 W init    : type=1400 audit(0.0:28): avc: granted { read open } for path="/dev/ttyHSL0" dev="tmpfs" ino=10521 scontext=u:r:init:s0 tcontext=u:object_r:cir_device:s0 tclass=chr_file
01-06 11:10:30.101   416   416 D AndroidRuntime: >>>>>> START com.android.internal.os.ZygoteInit uid 0 <<<<<<
01-06 11:10:30.103   477   477 I init    : type=1400 audit(0.0:29): avc: denied { execute_no_trans } for path="/system/bin/sh" dev="mmcblk0p47" ino=397 scontext=u:r:init:s0 tcontext=u:object_r:shell_exec:s0 tclass=file permissive=1
01-06 11:10:30.117   399   399 W /system/bin/hwservicemanager: getTransport: Cannot find entry android.hardware.thermal@1.1::IThermal/default in either framework or device manifest.
01-06 11:10:30.119   473   473 I init    : type=1400 audit(0.0:30): avc: denied { write } for name="ttyHSL0" dev="tmpfs" ino=10521 scontext=u:r:init:s0 tcontext=u:object_r:cir_device:s0 tclass=chr_file permissive=1
01-06 11:10:30.119   473   473 W init    : type=1400 audit(0.0:31): avc: granted { read open } for path="/dev/ttyHSL0" dev="tmpfs" ino=10521 scontext=u:r:init:s0 tcontext=u:object_r:cir_device:s0 tclass=chr_file
01-06 11:10:30.119   473   473 I init    : type=1400 audit(0.0:32): avc: denied { ioctl } for path="/dev/ttyHSL0" dev="tmpfs" ino=10521 ioctlcmd=540e scontext=u:r:init:s0 tcontext=u:object_r:cir_device:s0 tclass=chr_file permissive=1
01-06 11:10:30.123   473   473 I sh      : type=1400 audit(0.0:33): avc: denied { read write } for path="/dev/ttyHSL0" dev="tmpfs" ino=10521 scontext=u:r:shell:s0 tcontext=u:object_r:cir_device:s0 tclass=chr_file permissive=1
01-06 11:10:30.123   468   468 W thermalserviced: Unable to get Thermal HAL V1.1, vendor thermal event notification not available
01-06 11:10:30.139   473   473 I sh      : type=1400 audit(0.0:34): avc: denied { ioctl } for path="/dev/ttyHSL0" dev="tmpfs" ino=10521 ioctlcmd=5401 scontext=u:r:shell:s0 tcontext=u:object_r:cir_device:s0 tclass=chr_file permissive=1
01-06 11:10:30.156   452   452 D android.hardware.cas@1.0-service: android.hardware.cas@1.0-service starting...
01-06 11:10:30.157   452   452 I ServiceManagement: Removing namespace from process name android.hardware.cas@1.0-service to cas@1.0-service.
01-06 11:10:30.317   417   417 D AndroidRuntime: >>>>>> START com.android.internal.os.ZygoteInit uid 0 <<<<<<
01-06 11:10:30.349   484   484 I mediaserver: ServiceManager: 0xf3e18500
01-06 11:10:30.358   453   453 W /vendor/bin/hw/android.hardware.configstore@1.0-service: libminijail[453]: allowing syscall: connect
01-06 11:10:30.358   453   453 W /vendor/bin/hw/android.hardware.configstore@1.0-service: libminijail[453]: allowing syscall: fcntl
01-06 11:10:30.358   453   453 W /vendor/bin/hw/android.hardware.configstore@1.0-service: libminijail[453]: allowing syscall: sendto
01-06 11:10:30.359   453   453 W /vendor/bin/hw/android.hardware.configstore@1.0-service: libminijail[453]: allowing syscall: socket
01-06 11:10:30.359   453   453 W /vendor/bin/hw/android.hardware.configstore@1.0-service: libminijail[453]: allowing syscall: writev
01-06 11:10:30.361   453   453 W /vendor/bin/hw/android.hardware.configstore@1.0-service: libminijail[453]: logging seccomp filter failures
01-06 11:10:30.362   453   453 I ServiceManagement: Removing namespace from process name android.hardware.configstore@1.0-service to configstore@1.0.
01-06 11:10:30.447   495   495 I applypatch: type=1400 audit(0.0:35): avc: denied { read } for name="mmcblk0p39" dev="tmpfs" ino=11507 scontext=u:r:install_recovery:s0 tcontext=u:object_r:block_device:s0 tclass=blk_file permissive=1
01-06 11:10:30.447   495   495 I applypatch: type=1400 audit(0.0:36): avc: denied { open } for path="/dev/block/mmcblk0p39" dev="tmpfs" ino=11507 scontext=u:r:install_recovery:s0 tcontext=u:object_r:block_device:s0 tclass=blk_file permissive=1
01-06 11:10:30.451   482   482 I installd: installd firing up
01-06 11:10:30.456   416   416 I zygote64: option[0]=-Xzygote
01-06 11:10:30.456   416   416 I zygote64: option[1]=-Xusetombstonedtraces
01-06 11:10:30.456   416   416 I zygote64: option[2]=exit
01-06 11:10:30.456   416   416 I zygote64: option[3]=vfprintf
01-06 11:10:30.456   416   416 I zygote64: option[4]=sensitiveThread
01-06 11:10:30.456   416   416 I zygote64: option[5]=-verbose:gc
01-06 11:10:30.456   416   416 I zygote64: option[6]=-Xms8m
01-06 11:10:30.456   416   416 I zygote64: option[7]=-Xmx768m
01-06 11:10:30.456   416   416 I zygote64: option[8]=-XX:HeapGrowthLimit=288m
01-06 11:10:30.456   416   416 I zygote64: option[9]=-XX:HeapMinFree=2m
01-06 11:10:30.456   416   416 I zygote64: option[10]=-XX:HeapMaxFree=8m
01-06 11:10:30.456   416   416 I zygote64: option[11]=-XX:HeapTargetUtilization=0.75
01-06 11:10:30.456   416   416 I zygote64: option[12]=-Xusejit:true
01-06 11:10:30.456   416   416 I zygote64: option[13]=-Xjitsaveprofilinginfo
01-06 11:10:30.456   416   416 I zygote64: option[14]=-agentlib:jdwp=transport=dt_android_adb,suspend=n,server=y
01-06 11:10:30.456   416   416 I zygote64: option[15]=-Xlockprofthreshold:500
01-06 11:10:30.456   416   416 I zygote64: option[16]=-Ximage-compiler-option
01-06 11:10:30.456   416   416 I zygote64: option[17]=--runtime-arg
01-06 11:10:30.456   416   416 I zygote64: option[18]=-Ximage-compiler-option
01-06 11:10:30.456   416   416 I zygote64: option[19]=-Xms64m
01-06 11:10:30.456   416   416 I zygote64: option[20]=-Ximage-compiler-option
01-06 11:10:30.456   416   416 I zygote64: option[21]=--runtime-arg
01-06 11:10:30.456   416   416 I zygote64: option[22]=-Ximage-compiler-option
01-06 11:10:30.456   416   416 I zygote64: option[23]=-Xmx64m
01-06 11:10:30.456   416   416 I zygote64: option[24]=-Ximage-compiler-option
01-06 11:10:30.456   416   416 I zygote64: option[25]=--image-classes=/system/etc/preloaded-classes
01-06 11:10:30.456   416   416 I zygote64: option[26]=-Ximage-compiler-option
01-06 11:10:30.456   416   416 I zygote64: option[27]=--compiled-classes=/system/etc/compiled-classes
01-06 11:10:30.456   416   416 I zygote64: option[28]=-Ximage-compiler-option
01-06 11:10:30.456   416   416 I zygote64: option[29]=--dirty-image-objects=/system/etc/dirty-image-objects
01-06 11:10:30.456   416   416 I zygote64: option[30]=-Xcompiler-option
01-06 11:10:30.456   416   416 I zygote64: option[31]=--runtime-arg
01-06 11:10:30.456   416   416 I zygote64: option[32]=-Xcompiler-option
01-06 11:10:30.456   416   416 I zygote64: option[33]=-Xms64m
01-06 11:10:30.457   416   416 I zygote64: option[34]=-Xcompiler-option
01-06 11:10:30.457   416   416 I zygote64: option[35]=--runtime-arg
01-06 11:10:30.457   416   416 I zygote64: option[36]=-Xcompiler-option
01-06 11:10:30.457   416   416 I zygote64: option[37]=-Xmx512m
01-06 11:10:30.457   416   416 I zygote64: option[38]=-Xcompiler-option
01-06 11:10:30.457   416   416 I zygote64: option[39]=-j2
01-06 11:10:30.457   416   416 I zygote64: option[40]=-Ximage-compiler-option
01-06 11:10:30.457   416   416 I zygote64: option[41]=-j4
01-06 11:10:30.457   416   416 I zygote64: option[42]=-Ximage-compiler-option
01-06 11:10:30.457   416   416 I zygote64: option[43]=--instruction-set-variant=generic
01-06 11:10:30.457   416   416 I zygote64: option[44]=-Xcompiler-option
01-06 11:10:30.457   416   416 I zygote64: option[45]=--instruction-set-variant=generic
01-06 11:10:30.457   416   416 I zygote64: option[46]=-Ximage-compiler-option
01-06 11:10:30.457   416   416 I zygote64: option[47]=--instruction-set-features=default
01-06 11:10:30.457   416   416 I zygote64: option[48]=-Xcompiler-option
01-06 11:10:30.457   416   416 I zygote64: option[49]=--instruction-set-features=default
01-06 11:10:30.457   416   416 I zygote64: option[50]=-Duser.locale=el-GR
01-06 11:10:30.457   416   416 I zygote64: option[51]=--cpu-abilist=arm64-v8a
01-06 11:10:30.457   416   416 I zygote64: option[52]=-Xfingerprint:lge/p1_global_com/p1:8.0/NRD90U/171931902b165:user/release-keys
01-06 11:10:30.476   491   491 I /vendor/bin/hw/android.hardware.media.omx@1.0-service: mediacodecservice starting
01-06 11:10:30.507   491   491 W /vendor/bin/hw/android.hardware.media.omx@1.0-service: libminijail[491]: allowing syscall: clock_gettime
01-06 11:10:30.507   491   491 W /vendor/bin/hw/android.hardware.media.omx@1.0-service: libminijail[491]: allowing syscall: connect
01-06 11:10:30.507   491   491 W /vendor/bin/hw/android.hardware.media.omx@1.0-service: libminijail[491]: allowing syscall: fcntl64
01-06 11:10:30.507   491   491 W /vendor/bin/hw/android.hardware.media.omx@1.0-service: libminijail[491]: allowing syscall: socket
01-06 11:10:30.507   491   491 W /vendor/bin/hw/android.hardware.media.omx@1.0-service: libminijail[491]: allowing syscall: writev
01-06 11:10:30.508   491   491 W /vendor/bin/hw/android.hardware.media.omx@1.0-service: libminijail[491]: logging seccomp filter failures
01-06 11:10:30.509   491   491 I /vendor/bin/hw/android.hardware.media.omx@1.0-service: Non-Treble OMX service created.
01-06 11:10:30.523   492   492 I gatekeeperd: Starting gatekeeperd...
01-06 11:10:30.530   459   459 I android.hardware.wifi@1.0-service: Wifi Hal is booting up...
01-06 11:10:30.538   467   467 I /system/bin/surfaceflinger: android::hardware::configstore::V1_0::ISurfaceFlingerConfigs::maxFrameBufferAcquiredBuffers retrieved: 3
01-06 11:10:30.541   492   492 D vndksupport: Loading /odm/lib64/hw/android.hardware.gatekeeper@1.0-impl.so from current namespace instead of sphal namespace.
01-06 11:10:30.542   467   467 I /system/bin/surfaceflinger: android::hardware::configstore::V1_0::ISurfaceFlingerConfigs::startGraphicsAllocatorService retrieved: 0
01-06 11:10:30.546   467   467 I SurfaceFlinger: SurfaceFlinger is starting
01-06 11:10:30.547   467   467 I /system/bin/surfaceflinger: android::hardware::configstore::V1_0::ISurfaceFlingerConfigs::vsyncEventPhaseOffsetNs retrieved: 1000000 (default)
01-06 11:10:30.547   467   467 I /system/bin/surfaceflinger: android::hardware::configstore::V1_0::ISurfaceFlingerConfigs::vsyncSfEventPhaseOffsetNs retrieved: 1000000 (default)
01-06 11:10:30.547   467   467 I /system/bin/surfaceflinger: android::hardware::configstore::V1_0::ISurfaceFlingerConfigs::maxVirtualDisplaySize retrieved: 0 (default)
01-06 11:10:30.548   467   467 I /system/bin/surfaceflinger: android::hardware::configstore::V1_0::ISurfaceFlingerConfigs::hasSyncFramework retrieved: 1
01-06 11:10:30.548   467   467 I /system/bin/surfaceflinger: android::hardware::configstore::V1_0::ISurfaceFlingerConfigs::useContextPriority retrieved: 0 (default)
01-06 11:10:30.548   467   467 I /system/bin/surfaceflinger: android::hardware::configstore::V1_0::ISurfaceFlingerConfigs::presentTimeOffsetFromVSyncNs retrieved: 0
01-06 11:10:30.548   467   467 I /system/bin/surfaceflinger: android::hardware::configstore::V1_0::ISurfaceFlingerConfigs::useHwcForRGBtoYUV retrieved: 0
01-06 11:10:30.548   467   467 I /system/bin/surfaceflinger: android::hardware::configstore::V1_0::ISurfaceFlingerConfigs::maxFrameBufferAcquiredBuffers retrieved: 3
01-06 11:10:30.548   492   492 F android.hardware.gatekeeper@1.0-service: Unable to open GateKeeper HAL
01-06 11:10:30.548   467   467 I SurfaceFlinger: Enabling HWC virtual displays
01-06 11:10:30.548   467   467 I SurfaceFlinger: Disabling Triple Buffering
--------- beginning of crash
01-06 11:10:30.548   492   492 F libc    : Fatal signal 6 (SIGABRT), code -6 in tid 492 (gatekeeperd), pid 492 (gatekeeperd)
01-06 11:10:30.548   467   467 I SurfaceFlinger: SurfaceFlinger's main thread ready to run. Initializing graphics H/W...
01-06 11:10:30.549   467   467 F libEGL  : couldn't find an OpenGL ES implementation
01-06 11:10:30.549   467   467 F libc    : Fatal signal 6 (SIGABRT), code -6 in tid 467 (surfaceflinger), pid 467 (surfaceflinger)
01-06 11:10:30.555   485   485 I rm      : type=1400 audit(0.0:37): avc: denied { write } for name="radio" dev="mmcblk0p50" ino=621417 scontext=u:r:toolbox:s0 tcontext=u:object_r:system_data_file:s0 tclass=dir permissive=1
01-06 11:10:30.555   485   485 I rm      : type=1400 audit(0.0:38): avc: denied { read } for name="modem_config" dev="mmcblk0p50" ino=662259 scontext=u:r:toolbox:s0 tcontext=u:object_r:system_data_file:s0 tclass=dir permissive=1
01-06 11:10:30.555   485   485 I rm      : type=1400 audit(0.0:39): avc: denied { rmdir } for name="mcfg_sw" dev="mmcblk0p50" ino=662270 scontext=u:r:toolbox:s0 tcontext=u:object_r:system_data_file:s0 tclass=dir permissive=1
01-06 11:10:30.562   493   493 I /system/bin/tombstoned: tombstoned successfully initialized
01-06 11:10:30.591   417   417 I zygote  : option[0]=-Xzygote
01-06 11:10:30.591   417   417 I zygote  : option[1]=-Xusetombstonedtraces
01-06 11:10:30.591   417   417 I zygote  : option[2]=exit
01-06 11:10:30.591   417   417 I zygote  : option[3]=vfprintf
01-06 11:10:30.591   417   417 I zygote  : option[4]=sensitiveThread
01-06 11:10:30.591   417   417 I zygote  : option[5]=-verbose:gc
01-06 11:10:30.591   417   417 I zygote  : option[6]=-Xms8m
01-06 11:10:30.591   417   417 I zygote  : option[7]=-Xmx768m
01-06 11:10:30.591   417   417 I zygote  : option[8]=-XX:HeapGrowthLimit=288m
01-06 11:10:30.591   417   417 I zygote  : option[9]=-XX:HeapMinFree=2m
01-06 11:10:30.591   417   417 I zygote  : option[10]=-XX:HeapMaxFree=8m
01-06 11:10:30.591   417   417 I zygote  : option[11]=-XX:HeapTargetUtilization=0.75
01-06 11:10:30.591   417   417 I zygote  : option[12]=-Xusejit:true
01-06 11:10:30.591   417   417 I zygote  : option[13]=-Xjitsaveprofilinginfo
01-06 11:10:30.591   417   417 I zygote  : option[14]=-agentlib:jdwp=transport=dt_android_adb,suspend=n,server=y
01-06 11:10:30.591   417   417 I zygote  : option[15]=-Xlockprofthreshold:500
01-06 11:10:30.591   417   417 I zygote  : option[16]=-Ximage-compiler-option
01-06 11:10:30.591   417   417 I zygote  : option[17]=--runtime-arg
01-06 11:10:30.591   417   417 I zygote  : option[18]=-Ximage-compiler-option
01-06 11:10:30.591   417   417 I zygote  : option[19]=-Xms64m
01-06 11:10:30.591   417   417 I zygote  : option[20]=-Ximage-compiler-option
01-06 11:10:30.591   417   417 I zygote  : option[21]=--runtime-arg
01-06 11:10:30.591   417   417 I zygote  : option[22]=-Ximage-compiler-option
01-06 11:10:30.591   417   417 I zygote  : option[23]=-Xmx64m
01-06 11:10:30.591   417   417 I zygote  : option[24]=-Ximage-compiler-option
01-06 11:10:30.591   417   417 I zygote  : option[25]=--image-classes=/system/etc/preloaded-classes
01-06 11:10:30.591   417   417 I zygote  : option[26]=-Ximage-compiler-option
01-06 11:10:30.591   417   417 I zygote  : option[27]=--compiled-classes=/system/etc/compiled-classes
01-06 11:10:30.591   417   417 I zygote  : option[28]=-Ximage-compiler-option
01-06 11:10:30.591   417   417 I zygote  : option[29]=--dirty-image-objects=/system/etc/dirty-image-objects
01-06 11:10:30.591   417   417 I zygote  : option[30]=-Xcompiler-option
01-06 11:10:30.591   417   417 I zygote  : option[31]=--runtime-arg
01-06 11:10:30.591   417   417 I zygote  : option[32]=-Xcompiler-option
01-06 11:10:30.591   417   417 I zygote  : option[33]=-Xms64m
01-06 11:10:30.591   417   417 I zygote  : option[34]=-Xcompiler-option
01-06 11:10:30.591   417   417 I zygote  : option[35]=--runtime-arg
01-06 11:10:30.591   417   417 I zygote  : option[36]=-Xcompiler-option
01-06 11:10:30.591   417   417 I zygote  : option[37]=-Xmx512m
01-06 11:10:30.591   417   417 I zygote  : option[38]=-Xcompiler-option
01-06 11:10:30.591   417   417 I zygote  : option[39]=-j2
01-06 11:10:30.592   417   417 I zygote  : option[40]=-Ximage-compiler-option
01-06 11:10:30.592   417   417 I zygote  : option[41]=-j4
01-06 11:10:30.592   417   417 I zygote  : option[42]=-Ximage-compiler-option
01-06 11:10:30.592   417   417 I zygote  : option[43]=--instruction-set-variant=cortex-a53.a57
01-06 11:10:30.592   417   417 I zygote  : option[44]=-Xcompiler-option
01-06 11:10:30.592   417   417 I zygote  : option[45]=--instruction-set-variant=cortex-a53.a57
01-06 11:10:30.592   417   417 I zygote  : option[46]=-Ximage-compiler-option
01-06 11:10:30.592   417   417 I zygote  : option[47]=--instruction-set-features=default
01-06 11:10:30.592   417   417 I zygote  : option[48]=-Xcompiler-option
01-06 11:10:30.592   417   417 I zygote  : option[49]=--instruction-set-features=default
01-06 11:10:30.592   417   417 I zygote  : option[50]=-Duser.locale=el-GR
01-06 11:10:30.592   417   417 I zygote  : option[51]=--cpu-abilist=armeabi-v7a,armeabi
01-06 11:10:30.592   417   417 I zygote  : option[52]=-Xfingerprint:lge/p1_global_com/p1:8.0/NRD90U/171931902b165:user/release-keys
01-06 11:10:30.610   483   483 D vndksupport: Loading /odm/lib64/hw/android.hardware.keymaster@3.0-impl.so from current namespace instead of sphal namespace.
01-06 11:10:30.615   473   473 I sh      : type=1400 audit(0.0:40): avc: denied { write } for path="/dev/ttyHSL0" dev="tmpfs" ino=10521 scontext=u:r:shell:s0 tcontext=u:object_r:cir_device:s0 tclass=chr_file permissive=1
01-06 11:10:30.615   473   473 I sh      : type=1400 audit(0.0:41): avc: denied { read } for path="/dev/ttyHSL0" dev="tmpfs" ino=10521 scontext=u:r:shell:s0 tcontext=u:object_r:cir_device:s0 tclass=chr_file permissive=1
01-06 11:10:30.615   509   509 I mkdir   : type=1400 audit(0.0:42): avc: denied { write } for name="radio" dev="mmcblk0p50" ino=621417 scontext=u:r:toolbox:s0 tcontext=u:object_r:system_data_file:s0 tclass=dir permissive=1
01-06 11:10:30.622   483   483 I android.hardware.keymaster@3.0-impl: Fetching keymaster device name default
01-06 11:10:30.623   509   509 I mkdir   : type=1400 audit(0.0:43): avc: denied { add_name } for name="modem_config" scontext=u:r:toolbox:s0 tcontext=u:object_r:system_data_file:s0 tclass=dir permissive=1
01-06 11:10:30.623   509   509 I mkdir   : type=1400 audit(0.0:44): avc: denied { create } for name="modem_config" scontext=u:r:toolbox:s0 tcontext=u:object_r:system_data_file:s0 tclass=dir permissive=1
01-06 11:10:30.624   487   487 I mediametrics: ServiceManager: 0x74c043e680
01-06 11:10:30.624   487   487 D MediaAnalyticsService: MediaAnalyticsService created
01-06 11:10:30.624   487   487 D MediaAnalyticsService: MediaAnalyticsService::newSummarizerSet
01-06 11:10:30.625   483   483 I android.hardware.keymaster@3.0-impl: Found keymaster0 module Keymaster OpenSSL HAL, version 2
01-06 11:10:30.625   483   483 I android.hardware.keymaster@3.0-impl: Keymaster0 module is software-only.  Using SoftKeymasterDevice instead.
01-06 11:10:30.626   490   490 I wificond: wificond is starting up...
01-06 11:10:30.678   515   515 I crash_dump64: obtaining output fd from tombstoned, type: kDebuggerdTombstone
01-06 11:10:30.679   493   493 I /system/bin/tombstoned: received crash request for pid 467
01-06 11:10:30.679   474   496 I adbd    : initializing functionfs
01-06 11:10:30.679   474   496 I adbd    : opening control endpoint /dev/usb-ffs/adb/ep0
01-06 11:10:30.690   457   457 I ServiceManagement: Removing namespace from process name android.hardware.thermal@1.0-service to thermal@1.0-ser.
01-06 11:10:30.691   457   457 I android.hardware.thermal@1.0-service: Registration complete for android.hardware.thermal@1.0::IThermal/default.
01-06 11:10:30.699   516   516 I crash_dump64: obtaining output fd from tombstoned, type: kDebuggerdTombstone
01-06 11:10:30.707   493   493 I /system/bin/tombstoned: received crash request for pid 492
01-06 11:10:30.707   493   493 I /system/bin/tombstoned: enqueueing crash request for pid 492
01-06 11:10:30.707   515   515 I crash_dump64: performing dump of process 467 (target tid = 467)
01-06 11:10:30.707   515   515 F DEBUG   : *** *** *** *** *** *** *** *** *** *** *** *** *** *** *** ***
01-06 11:10:30.707   515   515 F DEBUG   : Build fingerprint: 'lge/p1_global_com/p1:8.0/NRD90U/171931902b165:user/release-keys'
01-06 11:10:30.708   515   515 F DEBUG   : Revision: '11'
01-06 11:10:30.708   515   515 F DEBUG   : ABI: 'arm64'
01-06 11:10:30.708   515   515 F DEBUG   : pid: 467, tid: 467, name: surfaceflinger  >>> /system/bin/surfaceflinger <<<
01-06 11:10:30.708   515   515 F DEBUG   : signal 6 (SIGABRT), code -6 (SI_TKILL), fault addr --------
01-06 11:10:30.710   515   515 F DEBUG   : Abort message: 'couldn't find an OpenGL ES implementation'
01-06 11:10:30.710   515   515 F DEBUG   :     x0   0000000000000000  x1   00000000000001d3  x2   0000000000000006  x3   0000000000000008
01-06 11:10:30.710   515   515 F DEBUG   :     x4   0000000000000000  x5   0000000000000000  x6   0000000000000000  x7   7f7f7f7f7f7f7f7f
01-06 11:10:30.710   515   515 F DEBUG   :     x8   0000000000000083  x9   e62a251514f85fab  x10  0000000000000000  x11  0000000000000000
01-06 11:10:30.710   515   515 F DEBUG   :     x12  0000000000000000  x13  0000000000000000  x14  ff00000000000000  x15  ffffffffffffffff
01-06 11:10:30.710   515   515 F DEBUG   :     x16  000000556c9cbf98  x17  0000007e69c8ee24  x18  00000000b1d1d724  x19  00000000000001d3
01-06 11:10:30.710   515   515 F DEBUG   :     x20  00000000000001d3  x21  0000007e6a3b9050  x22  0000000000000000  x23  0000007e6ad87a40
01-06 11:10:30.710   515   515 F DEBUG   :     x24  0000007e6a3b90dc  x25  0000007e6a3b9050  x26  0000000000000000  x27  0000000000000000
01-06 11:10:30.710   515   515 F DEBUG   :     x28  0000000000000000  x29  0000007fc7997db0  x30  0000007e69c44938
01-06 11:10:30.710   515   515 F DEBUG   :     sp   0000007fc7997d70  pc   0000007e69c44954  pstate 0000000060000000
01-06 11:10:30.717   417   417 I zygote  : Pruning dalvik-cache since we are relocating an image and will need to recompile
01-06 11:10:30.721   416   416 I zygote64: Pruning dalvik-cache since we are relocating an image and will need to recompile
01-06 11:10:30.722   417   417 I zygote  : RelocateImage: /system/bin/patchoat --input-image-location=/system/framework/boot.art --output-image-file=/data/dalvik-cache/arm/system@framework@boot.art --instruction-set=arm --base-offset-delta=15126528
01-06 11:10:30.728   454   454 I ServiceManagement: Removing namespace from process name android.hardware.graphics.allocator@2.0-service to allocator@2.0-s.
01-06 11:10:30.730   454   454 I android.hardware.graphics.allocator@2.0-service: Registration complete for android.hardware.graphics.allocator@2.0::IAllocator/default.
01-06 11:10:30.736   515   515 F DEBUG   : 
01-06 11:10:30.736   515   515 F DEBUG   : backtrace:
01-06 11:10:30.736   515   515 F DEBUG   :     #00 pc 000000000001d954  /system/lib64/libc.so (abort+104)
01-06 11:10:30.736   515   515 F DEBUG   :     #01 pc 0000000000007f20  /system/lib64/liblog.so (__android_log_assert+304)
01-06 11:10:30.736   515   515 F DEBUG   :     #02 pc 000000000001a02c  /system/lib64/libEGL.so (android::Loader::open(android::egl_connection_t*)+724)
01-06 11:10:30.736   515   515 F DEBUG   :     #03 pc 00000000000133a4  /system/lib64/libEGL.so (android::egl_init_drivers()+100)
01-06 11:10:30.736   515   515 F DEBUG   :     #04 pc 0000000000013648  /system/lib64/libEGL.so (eglGetDisplay+152)
01-06 11:10:30.736   515   515 F DEBUG   :     #05 pc 00000000000604d0  /system/lib64/libsurfaceflinger.so (android::SurfaceFlinger::init()+92)
01-06 11:10:30.736   515   515 F DEBUG   :     #06 pc 0000000000002b1c  /system/bin/surfaceflinger (main+588)
01-06 11:10:30.736   515   515 F DEBUG   :     #07 pc 00000000000a1388  /system/lib64/libc.so (__libc_init+88)
01-06 11:10:30.736   515   515 F DEBUG   :     #08 pc 0000000000002830  /system/bin/surfaceflinger (_start_main+80)
01-06 11:10:30.740   416   416 I zygote64: RelocateImage: /system/bin/patchoat --input-image-location=/system/framework/boot.art --output-image-file=/data/dalvik-cache/arm64/system@framework@boot.art --instruction-set=arm64 --base-offset-delta=-2605056
01-06 11:10:30.742   479   479 I FastMixerState: sMaxFastTracks = 8
01-06 11:10:30.761   479   479 I audioserver: ServiceManager: 0xf1f984a0
01-06 11:10:30.761   479   479 W BatteryNotifier: batterystats service unavailable!
01-06 11:10:30.781   479   479 D vndksupport: Loading /odm/lib/hw/android.hardware.audio@2.0-impl.so from current namespace instead of sphal namespace.
01-06 11:10:30.804   486   486 V MediaUtils: physMem: 2948276224
01-06 11:10:30.804   486   486 V MediaUtils: requested limit: 589655240
01-06 11:10:30.805   486   486 V MediaUtils: cfi shadow size: 2147483648
01-06 11:10:30.805   486   486 V MediaUtils: actual limit: 2737138888
01-06 11:10:30.805   486   486 V MediaUtils: original limits: -1/-1
01-06 11:10:30.805   486   486 V MediaUtils: new limits: 2737138888/-1
01-06 11:10:30.805   486   486 D vndksupport: Loading libutils.so from current namespace instead of sphal namespace.
01-06 11:10:30.807   479   479 D vndksupport: Loading /odm/lib/hw/android.hardware.audio.effect@2.0-impl.so from current namespace instead of sphal namespace.
01-06 11:10:30.819   479   479 I AudioFlinger: Using default 3000 mSec as standby time.
01-06 11:10:30.820   489   523 I /system/bin/storaged: storaged: Start
01-06 11:10:30.822   479   479 E APM::Serializer: deserialize: Could not parse /odm/etc/audio_policy_configuration.xml document.
01-06 11:10:30.822   479   479 E APM::Serializer: deserialize: Could not parse /vendor/etc/audio_policy_configuration.xml document.
01-06 11:10:30.855   525   525 I chown   : type=1400 audit(0.0:45): avc: denied { read } for name="modem_config" dev="mmcblk0p50" ino=662259 scontext=u:r:toolbox:s0 tcontext=u:object_r:system_data_file:s0 tclass=dir permissive=1
01-06 11:10:30.856   486   486 W /system/bin/mediaextractor: Could not read additional policy file '/vendor/etc/seccomp_policy/mediaextractor.policy'
01-06 11:10:30.856   486   486 W /system/bin/mediaextractor: libminijail[486]: allowing syscall: connect
01-06 11:10:30.856   486   486 W /system/bin/mediaextractor: libminijail[486]: allowing syscall: fcntl
01-06 11:10:30.856   486   486 W /system/bin/mediaextractor: libminijail[486]: allowing syscall: sendto
01-06 11:10:30.856   486   486 W /system/bin/mediaextractor: libminijail[486]: allowing syscall: socket
01-06 11:10:30.856   486   486 W /system/bin/mediaextractor: libminijail[486]: allowing syscall: writev
01-06 11:10:30.857   486   486 W /system/bin/mediaextractor: libminijail[486]: compile_file: nonexistent syscall '_llseek'
01-06 11:10:30.857   486   486 W /system/bin/mediaextractor: libminijail[486]: logging seccomp filter failures
01-06 11:10:30.893   515   515 E crash_dump64: unable to connect to activity manager: Connection refused
01-06 11:10:30.895   493   493 E /system/bin/tombstoned: Tombstone written to: /data/tombstones/tombstone_48
01-06 11:10:30.896   516   516 I crash_dump64: performing dump of process 492 (target tid = 492)
01-06 11:10:30.900   516   516 F DEBUG   : *** *** *** *** *** *** *** *** *** *** *** *** *** *** *** ***
01-06 11:10:30.900   516   516 F DEBUG   : Build fingerprint: 'lge/p1_global_com/p1:8.0/NRD90U/171931902b165:user/release-keys'
01-06 11:10:30.900   516   516 F DEBUG   : Revision: '11'
01-06 11:10:30.900   516   516 F DEBUG   : ABI: 'arm64'
01-06 11:10:30.900   516   516 F DEBUG   : pid: 492, tid: 492, name: gatekeeperd  >>> /system/bin/gatekeeperd <<<
01-06 11:10:30.900   516   516 F DEBUG   : signal 6 (SIGABRT), code -6 (SI_TKILL), fault addr --------
01-06 11:10:30.902   516   516 F DEBUG   : Abort message: 'Unable to open GateKeeper HAL'
01-06 11:10:30.902   516   516 F DEBUG   :     x0   0000000000000000  x1   00000000000001ec  x2   0000000000000006  x3   0000000000000008
01-06 11:10:30.902   516   516 F DEBUG   :     x4   0000000000000000  x5   0000000000000000  x6   0000000000000000  x7   7f7f7f7fffffff7f
01-06 11:10:30.902   516   516 F DEBUG   :     x8   0000000000000083  x9   d356b491a0bb73e0  x10  0000000000000000  x11  0000000000000001
01-06 11:10:30.902   516   516 F DEBUG   :     x12  ffffffffffffffff  x13  ffffffffffffffff  x14  ff00000000000000  x15  ffffffffffffffff
01-06 11:10:30.902   516   516 F DEBUG   :     x16  00000074dc42c2e8  x17  00000074dc38a14c  x18  00000000052d8bfa  x19  00000000000001ec
01-06 11:10:30.902   516   516 F DEBUG   :     x20  00000000000001ec  x21  0000007ff5e3af48  x22  00000074dbae9f30  x23  00000074dbc2e520
01-06 11:10:30.902   516   516 F DEBUG   :     x24  00000074dce4aa40  x25  00000074dbc2e520  x26  00000074dbc2e520  x27  00000074dce4aa40
01-06 11:10:30.902   516   516 F DEBUG   :     x28  0000000000000021  x29  0000007ff5e3a8f0  x30  00000074dc37f938
01-06 11:10:30.902   516   516 F DEBUG   :     sp   0000007ff5e3a8b0  pc   00000074dc37f954  pstate 0000000060000000
01-06 11:10:30.914   398   398 I ServiceManager: service 'media.audio_flinger' died
01-06 11:10:30.923   516   516 F DEBUG   : 
01-06 11:10:30.923   516   516 F DEBUG   : backtrace:
01-06 11:10:30.923   516   516 F DEBUG   :     #00 pc 000000000001d954  /system/lib64/libc.so (abort+104)
01-06 11:10:30.923   516   516 F DEBUG   :     #01 pc 0000000000007f20  /system/lib64/liblog.so (__android_log_assert+304)
01-06 11:10:30.923   516   516 F DEBUG   :     #02 pc 0000000000002fd0  /system/vendor/lib64/hw/android.hardware.gatekeeper@1.0-impl.so (HIDL_FETCH_IGatekeeper+160)
01-06 11:10:30.923   516   516 F DEBUG   :     #03 pc 000000000002e39c  /system/lib64/libhidltransport.so (_ZZN7android8hardware25PassthroughServiceManager3getERKNS0_11hidl_stringES4_ENKUlPvRKNSt3__112basic_stringIcNS6_11char_traitsIcEENS6_9allocatorIcEEEESE_E_clES5_SE_SE_+96)
01-06 11:10:30.923   516   516 F DEBUG   :     #04 pc 000000000002b438  /system/lib64/libhidltransport.so (android::hardware::PassthroughServiceManager::openLibs(std::__1::basic_string<char, std::__1::char_traits<char>, std::__1::allocator<char>> const&, std::__1::function<bool (void*, std::__1::basic_string<char, std::__1::char_traits<char>, std::__1::allocator<char>> const&, std::__1::basic_string<char, std::__1::char_traits<char>, std::__1::allocator<char>> const&)>)+1780)
01-06 11:10:30.923   516   516 F DEBUG   :     #05 pc 000000000002cd40  /system/lib64/libhidltransport.so (android::hardware::PassthroughServiceManager::get(android::hardware::hidl_string const&, android::hardware::hidl_string const&)+104)
01-06 11:10:30.924   516   516 F DEBUG   :     #06 pc 0000000000015ed0  /system/lib64/android.hardware.gatekeeper@1.0.so (android::hardware::gatekeeper::V1_0::IGatekeeper::getService(std::__1::basic_string<char, std::__1::char_traits<char>, std::__1::allocator<char>> const&, bool)+1572)
01-06 11:10:30.924   516   516 F DEBUG   :     #07 pc 0000000000004d64  /system/bin/gatekeeperd (android::GateKeeperProxy::GateKeeperProxy()+212)
01-06 11:10:30.924   516   516 F DEBUG   :     #08 pc 0000000000004b1c  /system/bin/gatekeeperd (main+136)
01-06 11:10:30.924   516   516 F DEBUG   :     #09 pc 00000000000a1388  /system/lib64/libc.so (__libc_init+88)
01-06 11:10:30.924   516   516 F DEBUG   :     #10 pc 0000000000004050  /system/bin/gatekeeperd (_start_main+80)
01-06 11:10:30.937   398   398 I ServiceManager: service 'netd' died
01-06 11:10:30.941   398   398 I ServiceManager: service 'wificond' died
01-06 11:10:30.956   516   516 E crash_dump64: unable to connect to activity manager: Connection refused
01-06 11:10:30.956   493   493 E /system/bin/tombstoned: Tombstone written to: /data/tombstones/tombstone_49
01-06 11:10:31.181   474   496 I adbd    : functionfs successfully initialized
01-06 11:10:31.181   474   496 I adbd    : registering usb transport
01-06 11:10:31.499   564   564 I recovery: Installing new recovery image: failed
01-06 11:10:31.908   417   417 I zygote  : Explicit concurrent copying GC freed 196(23KB) AllocSpace objects, 0(0B) LOS objects, 99% free, 24KB/6MB, paused 62us total 8.976ms
01-06 11:10:31.915   417   417 I zygote  : Explicit concurrent copying GC freed 9(32KB) AllocSpace objects, 0(0B) LOS objects, 99% free, 24KB/6MB, paused 47us total 6.284ms
01-06 11:10:31.915   417   417 D Zygote32Timing: PostZygoteInitGC took to complete: 16ms
01-06 11:10:31.915   417   417 D Zygote32Timing: ZygoteInit took to complete: 18ms
01-06 11:10:31.916   417   417 I         : seccomp disabled by setenforce 0
01-06 11:10:31.916   417   417 I Zygote  : Accepting command socket connections
01-06 11:10:33.846   572   572 I Netd    : Netd 1.0 starting
01-06 11:10:33.846   572   572 D TetherController: Setting IP forward enable = 0
01-06 11:10:33.868   572   572 I Netd    : Creating child chains: 18.4ms
01-06 11:10:33.868   572   572 I Netd    : Setting up OEM hooks: 0.1ms
01-06 11:10:33.874   572   572 I Netd    : Setting up FirewallController hooks: 5.9ms
01-06 11:10:33.878   572   572 I Netd    : Setting up NatController hooks: 3.5ms
01-06 11:10:33.880   572   572 I Netd    : Setting up BandwidthController hooks: 2.8ms
01-06 11:10:33.881   572   572 I Netd    : Setting up IdletimerController hooks: 0.1ms
01-06 11:10:33.886   572   572 I Netd    : Disabling bandwidth control: 5.3ms
01-06 11:10:33.887   572   572 E Netd    : Error adding route 0.0.0.0/0 -> (null) dummy0 to table 1002: File exists
01-06 11:10:33.888   572   572 I Netd    : Initializing RouteController: 1.7ms
01-06 11:10:33.889   572   582 D MDnsDS  : MDnsSdListener starting to monitor
01-06 11:10:33.889   572   572 D MDnsDS  : MDnsSdListener::Hander starting up
01-06 11:10:33.889   572   582 D MDnsDS  : Going to poll with pollCount 1
01-06 11:10:33.890   572   572 I Netd    : Registering NetdNativeService: 1.1ms
01-06 11:10:33.891   572   572 I Netd    : Starting CommandListener: 0.3ms
01-06 11:10:33.893   572   572 I Netd    : Registering NetdHwService: 1.9ms
01-06 11:10:33.893   572   572 I Netd    : Netd started in 47ms
01-06 11:10:34.282   573   573 D AndroidRuntime: >>>>>> START com.android.internal.os.ZygoteInit uid 0 <<<<<<
01-06 11:10:34.289   573   573 I zygote64: option[0]=-Xzygote
01-06 11:10:34.289   573   573 I zygote64: option[1]=-Xusetombstonedtraces
01-06 11:10:34.289   573   573 I zygote64: option[2]=exit
01-06 11:10:34.289   573   573 I zygote64: option[3]=vfprintf
01-06 11:10:34.289   573   573 I zygote64: option[4]=sensitiveThread
01-06 11:10:34.289   573   573 I zygote64: option[5]=-verbose:gc
01-06 11:10:34.289   573   573 I zygote64: option[6]=-Xms8m
01-06 11:10:34.289   573   573 I zygote64: option[7]=-Xmx768m
01-06 11:10:34.289   573   573 I zygote64: option[8]=-XX:HeapGrowthLimit=288m
01-06 11:10:34.289   573   573 I zygote64: option[9]=-XX:HeapMinFree=2m
01-06 11:10:34.289   573   573 I zygote64: option[10]=-XX:HeapMaxFree=8m
01-06 11:10:34.289   573   573 I zygote64: option[11]=-XX:HeapTargetUtilization=0.75
01-06 11:10:34.289   573   573 I zygote64: option[12]=-Xusejit:true
01-06 11:10:34.289   573   573 I zygote64: option[13]=-Xjitsaveprofilinginfo
01-06 11:10:34.289   573   573 I zygote64: option[14]=-agentlib:jdwp=transport=dt_android_adb,suspend=n,server=y
01-06 11:10:34.289   573   573 I zygote64: option[15]=-Xlockprofthreshold:500
01-06 11:10:34.289   573   573 I zygote64: option[16]=-Ximage-compiler-option
01-06 11:10:34.289   573   573 I zygote64: option[17]=--runtime-arg
01-06 11:10:34.289   573   573 I zygote64: option[18]=-Ximage-compiler-option
01-06 11:10:34.289   573   573 I zygote64: option[19]=-Xms64m
01-06 11:10:34.289   573   573 I zygote64: option[20]=-Ximage-compiler-option
01-06 11:10:34.289   573   573 I zygote64: option[21]=--runtime-arg
01-06 11:10:34.289   573   573 I zygote64: option[22]=-Ximage-compiler-option
01-06 11:10:34.289   573   573 I zygote64: option[23]=-Xmx64m
01-06 11:10:34.289   573   573 I zygote64: option[24]=-Ximage-compiler-option
01-06 11:10:34.289   573   573 I zygote64: option[25]=--image-classes=/system/etc/preloaded-classes
01-06 11:10:34.289   573   573 I zygote64: option[26]=-Ximage-compiler-option
01-06 11:10:34.289   573   573 I zygote64: option[27]=--compiled-classes=/system/etc/compiled-classes
01-06 11:10:34.289   573   573 I zygote64: option[28]=-Ximage-compiler-option
01-06 11:10:34.289   573   573 I zygote64: option[29]=--dirty-image-objects=/system/etc/dirty-image-objects
01-06 11:10:34.289   573   573 I zygote64: option[30]=-Xcompiler-option
01-06 11:10:34.289   573   573 I zygote64: option[31]=--runtime-arg
01-06 11:10:34.289   573   573 I zygote64: option[32]=-Xcompiler-option
01-06 11:10:34.289   573   573 I zygote64: option[33]=-Xms64m
01-06 11:10:34.289   573   573 I zygote64: option[34]=-Xcompiler-option
01-06 11:10:34.289   573   573 I zygote64: option[35]=--runtime-arg
01-06 11:10:34.289   573   573 I zygote64: option[36]=-Xcompiler-option
01-06 11:10:34.289   573   573 I zygote64: option[37]=-Xmx512m
01-06 11:10:34.289   573   573 I zygote64: option[38]=-Xcompiler-option
01-06 11:10:34.289   573   573 I zygote64: option[39]=-j2
01-06 11:10:34.289   573   573 I zygote64: option[40]=-Ximage-compiler-option
01-06 11:10:34.289   573   573 I zygote64: option[41]=-j4
01-06 11:10:34.289   573   573 I zygote64: option[42]=-Ximage-compiler-option
01-06 11:10:34.289   573   573 I zygote64: option[43]=--instruction-set-variant=generic
01-06 11:10:34.289   573   573 I zygote64: option[44]=-Xcompiler-option
01-06 11:10:34.289   573   573 I zygote64: option[45]=--instruction-set-variant=generic
01-06 11:10:34.289   573   573 I zygote64: option[46]=-Ximage-compiler-option
01-06 11:10:34.289   573   573 I zygote64: option[47]=--instruction-set-features=default
01-06 11:10:34.289   573   573 I zygote64: option[48]=-Xcompiler-option
01-06 11:10:34.289   573   573 I zygote64: option[49]=--instruction-set-features=default
01-06 11:10:34.289   573   573 I zygote64: option[50]=-Duser.locale=el-GR
01-06 11:10:34.289   573   573 I zygote64: option[51]=--cpu-abilist=arm64-v8a
01-06 11:10:34.289   573   573 I zygote64: option[52]=-Xfingerprint:lge/p1_global_com/p1:8.0/NRD90U/171931902b165:user/release-keys
01-06 11:10:34.319   573   573 I zygote64: Pruning dalvik-cache since we are relocating an image and will need to recompile
01-06 11:10:34.319   573   573 I zygote64: RelocateImage: /system/bin/patchoat --input-image-location=/system/framework/boot.art --output-image-file=/data/dalvik-cache/arm64/system@framework@boot.art --instruction-set=arm64 --base-offset-delta=-9670656
01-06 11:10:35.019   590   590 I /system/bin/surfaceflinger: android::hardware::configstore::V1_0::ISurfaceFlingerConfigs::maxFrameBufferAcquiredBuffers retrieved: 3
01-06 11:10:35.022   590   590 I /system/bin/surfaceflinger: android::hardware::configstore::V1_0::ISurfaceFlingerConfigs::startGraphicsAllocatorService retrieved: 0
01-06 11:10:35.024   590   590 I SurfaceFlinger: SurfaceFlinger is starting
01-06 11:10:35.024   590   590 I /system/bin/surfaceflinger: android::hardware::configstore::V1_0::ISurfaceFlingerConfigs::vsyncEventPhaseOffsetNs retrieved: 1000000 (default)
01-06 11:10:35.024   590   590 I /system/bin/surfaceflinger: android::hardware::configstore::V1_0::ISurfaceFlingerConfigs::vsyncSfEventPhaseOffsetNs retrieved: 1000000 (default)
01-06 11:10:35.024   590   590 I /system/bin/surfaceflinger: android::hardware::configstore::V1_0::ISurfaceFlingerConfigs::maxVirtualDisplaySize retrieved: 0 (default)
01-06 11:10:35.024   590   590 I /system/bin/surfaceflinger: android::hardware::configstore::V1_0::ISurfaceFlingerConfigs::hasSyncFramework retrieved: 1
01-06 11:10:35.025   590   590 I /system/bin/surfaceflinger: android::hardware::configstore::V1_0::ISurfaceFlingerConfigs::useContextPriority retrieved: 0 (default)
01-06 11:10:35.025   590   590 I /system/bin/surfaceflinger: android::hardware::configstore::V1_0::ISurfaceFlingerConfigs::presentTimeOffsetFromVSyncNs retrieved: 0
01-06 11:10:35.025   590   590 I /system/bin/surfaceflinger: android::hardware::configstore::V1_0::ISurfaceFlingerConfigs::useHwcForRGBtoYUV retrieved: 0
01-06 11:10:35.025   590   590 I /system/bin/surfaceflinger: android::hardware::configstore::V1_0::ISurfaceFlingerConfigs::maxFrameBufferAcquiredBuffers retrieved: 3
01-06 11:10:35.025   590   590 I SurfaceFlinger: Enabling HWC virtual displays
01-06 11:10:35.025   590   590 I SurfaceFlinger: Disabling Triple Buffering
01-06 11:10:35.025   590   590 I SurfaceFlinger: SurfaceFlinger's main thread ready to run. Initializing graphics H/W...
01-06 11:10:35.026   590   590 F libEGL  : couldn't find an OpenGL ES implementation
01-06 11:10:35.026   590   590 F libc    : Fatal signal 6 (SIGABRT), code -6 in tid 590 (surfaceflinger), pid 590 (surfaceflinger)
01-06 11:10:35.046   597   597 I crash_dump64: obtaining output fd from tombstoned, type: kDebuggerdTombstone
01-06 11:10:35.047   493   493 I /system/bin/tombstoned: received crash request for pid 590
01-06 11:10:35.048   597   597 I crash_dump64: performing dump of process 590 (target tid = 590)
01-06 11:10:35.048   597   597 F DEBUG   : *** *** *** *** *** *** *** *** *** *** *** *** *** *** *** ***
01-06 11:10:35.048   597   597 F DEBUG   : Build fingerprint: 'lge/p1_global_com/p1:8.0/NRD90U/171931902b165:user/release-keys'
01-06 11:10:35.048   597   597 F DEBUG   : Revision: '11'
01-06 11:10:35.048   597   597 F DEBUG   : ABI: 'arm64'
01-06 11:10:35.048   597   597 F DEBUG   : pid: 590, tid: 590, name: surfaceflinger  >>> /system/bin/surfaceflinger <<<
01-06 11:10:35.048   597   597 F DEBUG   : signal 6 (SIGABRT), code -6 (SI_TKILL), fault addr --------
01-06 11:10:35.051   597   597 F DEBUG   : Abort message: 'couldn't find an OpenGL ES implementation'
01-06 11:10:35.051   597   597 F DEBUG   :     x0   0000000000000000  x1   000000000000024e  x2   0000000000000006  x3   0000000000000008
01-06 11:10:35.051   597   597 F DEBUG   :     x4   0000000000000000  x5   0000000000000000  x6   0000000000000000  x7   7f7f7f7f7f7f7f7f
