07-04 08:40:45.175   523  1076 E mm-camera-sensor: tcs_thread_create:291tcs_thread, thread_id 0
07-04 08:40:45.175   523  1080 E Sensors : devname: /dev/input/event1
07-04 08:40:45.175   523  1076 E mm-camera: module_sensor_start_session:1684SUCCESS
07-04 08:40:45.175   523  1076 D mm-camera: mct: mct_pipeline_start_session_thread: X imglib
07-04 08:40:45.227   523  1080 E Sensors : devname: /dev/input/mice
07-04 08:40:45.255   523  1080 E Sensors : devname: /dev/input/event0
07-04 08:40:45.290   523  1104 E mm-camera: ois_thread:239done : ois initialization
07-04 08:40:45.306   943   943 W PackageManager: Package com.google.android.ext.shared library android.ext.shared already exists; skipping
07-04 08:40:45.324   523  1080 E Sensors : devname: /dev/input/event2
07-04 08:40:45.356   943   943 W PackageManager: Failed to parse /system/app/ims: Missing base APK in /system/app/ims
07-04 08:40:45.356   943   943 W PackageManager: Failed to scan /system/app/Wallpapers: Package com.google.android.apps.wallpaper at /system/app/Wallpapers ignored: updated version 169416333 better than this 166921241
07-04 08:40:45.364   943   943 D PackageManager: No files in app dir /system/vendor/app
07-04 08:40:45.364   943   943 D PackageManager: No files in app dir /oem/app
07-04 08:40:45.367   943   943 I PackageManager: Finished scanning system apps. Time: 423 ms, packageCount: 122 , timePerPackage: 3 , cached: 123
07-04 08:40:45.370   943   943 W PackageManager: Failed to parse /data/app/mcRegistry: No packages found in split
07-04 08:40:45.376   523  1080 E Sensors : couldn't find 'STM VL53L0 proximity sensor' input device
07-04 08:40:45.376   523  1080 E Sensors : ProximitySensor::ProximitySensor gets called!
07-04 08:40:45.376   523  1080 E Sensors : ProximitySensor: input_name:, input_sysfs_path:/sys/class/input/input
07-04 08:40:45.376   523  1080 E Sensors : ProximitySensor::enable function called for stmvl53L0!
07-04 08:40:45.376   523  1080 E Sensors : ProximitySensor::enable filename:/sys/class/input/input/enable_ps_sensor
07-04 08:40:45.376   523  1080 E Sensors : ProximitySensor::enable: Failed to open file descriptor for enabling VL53L0
07-04 08:40:45.376   523  1080 E Sensors : ProximitySensor::enable: Attempted to open file /sys/class/input/input/enable_ps_sensor. Error: -1
07-04 08:40:45.376   523  1080 E Sensors : open_sensors gets called!
07-04 08:40:45.376   523  1080 E Sensors : is_tof_sensor_available() called
07-04 08:40:45.377   523  1080 E Sensors : devname: /dev/input/event4
07-04 08:40:45.444   523  1080 E Sensors : devname: /dev/input/event3
07-04 08:40:45.481   943   954 I zygote64: Background concurrent copying GC freed 54120(3MB) AllocSpace objects, 19(1156KB) LOS objects, 48% free, 6MB/12MB, paused 52us total 106.230ms
07-04 08:40:45.481   943   943 D PackageManager: No files in app dir /data/app-private
07-04 08:40:45.482   943   943 I PackageManager: Finished scanning non-system apps. Time: 114 ms, packageCount: 8 , timePerPackage: 14 , cached: 8
07-04 08:40:45.491   943   943 I PackageManager: Time to scan packages: 0.546 seconds
07-04 08:40:45.492   943   943 I PackageManager: Un-granting permission android.permission.INSTALL_GRANT_RUNTIME_PERMISSIONS from package com.android.vending (protectionLevel=770 flags=0x384abe45)
07-04 08:40:45.493   943   943 I PackageManager: Un-granting permission android.permission.GRANT_RUNTIME_PERMISSIONS from package com.android.vending (protectionLevel=770 flags=0x384abe45)
07-04 08:40:45.493   943   943 I PackageManager: Un-granting permission android.permission.REVOKE_RUNTIME_PERMISSIONS from package com.android.vending (protectionLevel=770 flags=0x384abe45)
07-04 08:40:45.493   943   943 I PackageManager: Un-granting permission android.permission.SET_PREFERRED_APPLICATIONS from package com.android.vending (protectionLevel=514 flags=0x384abe45)
07-04 08:40:45.493   943   943 I PackageManager: Un-granting permission android.permission.ACCESS_INSTANT_APPS from package com.android.vending (protectionLevel=770 flags=0x384abe45)
07-04 08:40:45.495   943   943 I PackageManager: Un-granting permission android.permission.CLEAR_APP_USER_DATA from package com.android.packageinstaller (protectionLevel=258 flags=0x38483e45)
07-04 08:40:45.495   943   943 I PackageManager: Un-granting permission android.permission.GRANT_RUNTIME_PERMISSIONS from package com.android.packageinstaller (protectionLevel=770 flags=0x38483e45)
07-04 08:40:45.495   943   943 I PackageManager: Un-granting permission android.permission.REVOKE_RUNTIME_PERMISSIONS from package com.android.packageinstaller (protectionLevel=770 flags=0x38483e45)
07-04 08:40:45.495   943   943 I PackageManager: Un-granting permission android.permission.INSTALL_GRANT_RUNTIME_PERMISSIONS from package com.android.packageinstaller (protectionLevel=770 flags=0x38483e45)
07-04 08:40:45.495   943   943 I PackageManager: Un-granting permission android.permission.INTERACT_ACROSS_USERS_FULL from package com.android.packageinstaller (protectionLevel=258 flags=0x38483e45)
07-04 08:40:45.495   943   943 I PackageManager: Un-granting permission android.permission.KILL_UID from package com.android.packageinstaller (protectionLevel=258 flags=0x38483e45)
07-04 08:40:45.495   943   943 I PackageManager: Un-granting permission android.permission.MANAGE_APP_OPS_RESTRICTIONS from package com.android.packageinstaller (protectionLevel=258 flags=0x38483e45)
07-04 08:40:45.495   943   943 I PackageManager: Un-granting permission android.permission.HIDE_NON_SYSTEM_OVERLAY_WINDOWS from package com.android.packageinstaller (protectionLevel=258 flags=0x38483e45)
07-04 08:40:45.495   943   943 I PackageManager: Un-granting permission android.permission.ACCESS_INSTANT_APPS from package com.android.packageinstaller (protectionLevel=770 flags=0x38483e45)
07-04 08:40:45.497   943   943 V PackageManager: reconcileAppsData for null u0 0x3 migrateAppData=true
07-04 08:40:45.499   943   943 W PackageManager: Destroying /data/user/0/media due to: com.android.server.pm.PackageManagerException: Package media is unknown
07-04 08:40:45.513   513   513 I SELinux : SELinux: Loaded file_contexts
07-04 08:40:45.515   523  1080 E Sensors : devname: /dev/input/event1
07-04 08:40:45.575   523  1080 E Sensors : devname: /dev/input/mice
07-04 08:40:45.611   523  1080 E Sensors : devname: /dev/input/event0
07-04 08:40:45.684   523  1080 E Sensors : devname: /dev/input/event2
07-04 08:40:45.759   523  1080 E Sensors : No Tof sensor found!!!
07-04 08:40:45.759   523  1080 E mm-camera: sensor_laser_init:164  0 sensor supported
07-04 08:40:45.760   523  1080 E mm-camera: gyro_port_init:1404  Failure initializing laser sensor. Error: 4
07-04 08:40:45.760   523  1080 I CAMERA_SENSOR: start_accel_sensor
07-04 08:40:45.760   523  1080 E mm-camera: start_accel_sensor: sensor1_open E
07-04 08:40:45.762   523  1080 E mm-camera: start_accel_sensor: sensor1_open X, res = 0
07-04 08:40:45.764   523  1119 I CAMERA_SENSOR: accel_data_cb received RESP - SNS_SMGR_REPORT_RESP_V01
07-04 08:40:45.765   523  1080 D mm-camera: mct: mct_pipeline_start_session_thread: X imglib
07-04 08:40:45.765   523   523 E mm-camera: sensor_get_cur_chromatix_name:2577Error: Load default preview chroamtix
07-04 08:40:45.765   523   523 E mm-camera-sensor: chromatix_load_library_ex : chromatix = libchromatix_imx234_snapshot_open.so , lib name = /system/vendor/lib/libchromatix_imx234_snapshot_open.so
07-04 08:40:45.765   523   523 E mm-camera-sensor: chromatix_load_library_ex : chromatix = libchromatix_imx234_snapshot_open.so , lib name = /system/vendor/lib/libchromatix_imx234_snapshot_open.so
07-04 08:40:45.765   523   523 E mm-camera-sensor: chromatix_load_library_ex : chromatix = libchromatix_imx234_common_open.so , lib name = /system/vendor/lib/libchromatix_imx234_common_open.so
07-04 08:40:45.766   523   523 E mm-camera-sensor: chromatix_load_library_ex : chromatix = libchromatix_imx234_cpp_snapshot_open.so , lib name = /system/vendor/lib/libchromatix_imx234_cpp_snapshot_open.so
07-04 08:40:45.766   523   523 E mm-camera-sensor: chromatix_load_library_ex : chromatix = libchromatix_imx234_cpp_snapshot_open.so , lib name = /system/vendor/lib/libchromatix_imx234_cpp_snapshot_open.so
07-04 08:40:45.766   523   523 E mm-camera-sensor: chromatix_load_library_ex : chromatix = libchromatix_imx234_cpp_flash_snapshot_open.so , lib name = /system/vendor/lib/libchromatix_imx234_cpp_flash_snapshot_open.so
07-04 08:40:45.766   523   523 E mm-camera-sensor: chromatix_load_library_ex : chromatix = libchromatix_imx234_cpp_video_open.so , lib name = /system/vendor/lib/libchromatix_imx234_cpp_video_open.so
07-04 08:40:45.766   523   523 E mm-camera-sensor: chromatix_load_library_ex : chromatix = libchromatix_imx234_postproc_open.so , lib name = /system/vendor/lib/libchromatix_imx234_postproc_open.so
07-04 08:40:45.766   523   523 E mm-camera-isp2: isp_resource_query_mod:145 num_isp_preallocate 1 num_session_opened 1 dual_vfe_enabled 0
07-04 08:40:45.767   523   523 E mm-camera: module_faceproc_query_mod:1996] Caps ROI 5 scene_mode_cnt 1 HW analysis supported 0
07-04 08:40:45.767   523   523 E hdr     : module_hdr_lib_query_mod:181] Supported scenemode cnt 2
07-04 08:40:45.767   523   523 D mm-camera: mct: mct_pipeline_process_set:command=800000a
07-04 08:40:45.767   523   523 D mm-camera: mct: mct_pipeline_process_set: Adding new stream: id [0f]
07-04 08:40:45.767   523   523 D mm-camera: mct: mct_pipeline_process_set:command=8000012
07-04 08:40:45.767   523   523 D mm-camera: mct: mct_stream_start_link: Start linking Session-stream 0x1000f
07-04 08:40:45.767   523   523 I mm-camera: module_iface_set_mod_func: set module type = 8, identity 1000f
07-04 08:40:45.767   523   523 E mm-camera: isp_port_check_caps_reserve:737 port 0xf2661ac0 ide 1000f type 10 dim 0 0
07-04 08:40:45.767   523   523 E mm-camera: int_link = 0xf26680e0
07-04 08:40:45.767   523   523 I mm-camera: pproc_port_add_modules_to_stream:433, linking mods tmod and c2d
07-04 08:40:45.769   523   523 I mm-camera: pproc_port_add_modules_to_stream:433, linking mods c2d and cpp
07-04 08:40:45.769   523   523 E mm-camera: Interleaved flag is 0, identity 65551 port type 0
07-04 08:40:45.769   523   523 I mm-camera: pproc_port_add_modules_to_stream:433, linking mods cpp and afs
07-04 08:40:45.769   523   523 I mm-camera: pproc_port_add_modules_to_stream:433, linking mods afs and llvd
07-04 08:40:45.770   523   523 I mm-camera: pproc_port_add_modules_to_stream:433, linking mods llvd and ezt
07-04 08:40:45.770   523   523 E mm-camera: pproc_port_add_modules_to_stream:454] X rc: 1
07-04 08:40:45.779   523   523 D mm-camera: mct: mct_pipeline_process_set: Linking successful for stream 0x1000f stream type=10
07-04 08:40:45.783   523  1128 E mm-camera: mct: mct_pipeline_populate_query_cap_buffer: 3A VERSION:: 4.1.0.r2
07-04 08:40:45.783   523  1128 D mm-camera: mct: Cam 0: FPS range selection complete. Publishing 6 ranges.
07-04 08:40:45.797   507   630 E ThermalEngine: [BMHB_GOV] read failed VS_TEMP
07-04 08:40:45.802   511   511 D mm-jpeg-intf: Max picture size 5312 x 2988, WorkBufSize = 23967744
07-04 08:40:45.823   511   511 I qomx_image_core: OMX_Init:95] Complete 3
07-04 08:40:45.824   511   511 E QCameraHWI_Mem: void qcamera::QCameraMemory::traceLogAllocStart(size_t, int, const char*):HeapMemsize 659104
07-04 08:40:45.824   511   511 E QCameraHWI_Mem: void qcamera::QCameraMemory::traceLogAllocStart(size_t, int, const char*):Memsize 659104
07-04 08:40:45.825   511   511 E QCameraHWI_Mem: void qcamera::QCameraMemory::traceLogAllocEnd(size_t) 659104
07-04 08:40:45.826   511   511 E QCameraHWI_Mem: void qcamera::QCameraMemory::traceLogAllocEnd(size_t) 659104
07-04 08:40:45.827   511   511 D QCameraParameters: int32_t qcamera::QCameraParameters::initDefaultParameters(): supported preview sizes: 2560x1440,1920x1440,2048x1536,2048x1080,1920x1080,1776x1080,1440x1080,1280x960,1280x720,960x720,864x480,880x720,848x480,800x480,768x432,720x480,640x640,640x480,640x360,576x432,480x320,384x288,352x288,320x240,240x160,176x144
07-04 08:40:45.828   511   511 D QCameraParameters: int32_t qcamera::QCameraParameters::initDefaultParameters(): supported video sizes: 1920x1080,1280x960,1280x720,864x480,848x480,800x480,720x480,640x480,640x360,480x320,352x288,320x240,176x144,144x176
07-04 08:40:45.829   511   511 D QCameraParameters: int32_t qcamera::QCameraParameters::initDefaultParameters(): supported pic sizes: 5312x2988,3984x2988,3840x2160,3264x2448,3264x1836,2560x1920,2592x1944,2688x1512,2048x1536,1920x1080,1600x1200,1536x864,1280x960,1280x768,1280x720,1024x768,880x720,800x600,864x480,800x480,720x480,640x480,640x360,352x288,320x240,176x144
07-04 08:40:45.830   511   511 D QCameraParameters: int32_t qcamera::QCameraParameters::setPreviewFpsRange(int, int, int, int): Setting preview fps range 2000,30000
07-04 08:40:45.830   511   511 D QCameraParameters: int32_t qcamera::QCameraParameters::setPreviewFpsRange(int, int, int, int): Updated: minFps = 2000, maxFps = 30000 , vid minFps = 2000, vid maxFps = 30000
07-04 08:40:45.830   511   511 D QCamera2HWI: int qcamera::QCamera2HardwareInterface::calcThermalLevel(qcamera::qcamera_thermal_level_enum_t, int, int, cam_fps_range_t&, msm_vfe_frame_skip_pattern&): level: 0, preview minfps 2000.000000, preview maxfpS 30000.000000, video minfps 2000.000000, video maxfpS 30000.000000
07-04 08:40:45.831   511   511 D QCamera2HWI: int qcamera::QCamera2HardwareInterface::calcThermalLevel(qcamera::qcamera_thermal_level_enum_t, int, int, cam_fps_range_t&, msm_vfe_frame_skip_pattern&): Thermal level 0, FPS [2.00,30.00, 2.00,30.00], frameskip 0
07-04 08:40:45.831   511   511 D QCameraParameters: int32_t qcamera::QCameraParameters::setPreviewFpsRange(int, int, int, int): Thermal adjusted Preview fps range 2.00,30.00, 2.00, 30.00
07-04 08:40:45.832   511   511 D QCameraParameters: int32_t qcamera::QCameraParameters::initDefaultParameters(): supported fps rates: 2,3,4,5,6,7,8,9,10,11,12,13,14,15,16,17,18,19,20,21,22,23,24,25,26,27,28,29,30
07-04 08:40:45.832   511   511 D QCameraParameters: int32_t qcamera::QCameraParameters::setFocusMode(const char*): Setting focus mode auto
07-04 08:40:45.832   511   511 D QCameraParameters: initDefaultParameters: setting KEY_FOCUS_DISTANCES as 0.100000,0.150000,0.170000
07-04 08:40:45.833   511   511 D QCameraParameters: int32_t qcamera::QCameraParameters::setAutoExposure(const char*): Setting auto exposure center-weighted
07-04 08:40:45.833   511   511 D QCameraParameters: int32_t qcamera::QCameraParameters::setAntibanding(const char*): Setting AntiBanding value auto
07-04 08:40:45.833   511   511 D QCameraParameters: int32_t qcamera::QCameraParameters::setFlash(const char*): Setting Flash value off
07-04 08:40:45.833   511   511 D QCameraParameters: int32_t qcamera::QCameraParameters::setISOValue(const char*): Setting ISO value auto
07-04 08:40:45.833   511   511 D QCameraParameters: int32_t qcamera::QCameraParameters::initDefaultParameters(), Exposure time min 0.034133 ms, max 29377.348000 ms
07-04 08:40:45.833   511   511 D QCameraParameters: int32_t qcamera::QCameraParameters::initDefaultParameters(), ISO min 50, max 800
07-04 08:40:45.836   511   511 D QCameraParameters: int32_t qcamera::QCameraParameters::setZoom(int): zoom level: 0
07-04 08:40:45.836   511   511 I QCameraParameters: int32_t qcamera::QCameraParameters::initDefaultParameters(): setting Exposure Bracketing value of 0,10,-9
07-04 08:40:45.836   511   511 D QCameraParameters: int32_t qcamera::QCameraParameters::setAEBracket(const char*), EXP_BRACKETING_OFF
07-04 08:40:45.836   511   511 D QCameraParameters: int32_t qcamera::QCameraParameters::setAFBracket(const char*): afBracketStr =af-bracket-off
07-04 08:40:45.836   511   511 D QCameraParameters: int32_t qcamera::QCameraParameters::setReFocus(const char*): reFocusStr =re-focus-off
07-04 08:40:45.836   511   511 D QCameraParameters: int32_t qcamera::QCameraParameters::setChromaFlash(const char*): chromaFlashStr =chroma-flash-off
07-04 08:40:45.836   511   511 D QCameraParameters: int32_t qcamera::QCameraParameters::setOptiZoom(const char*): optiZoomStr =opti-zoom-off
07-04 08:40:45.836   511   511 D QCameraParameters: int32_t qcamera::QCameraParameters::setSeeMore(const char*): seeMoreStr =off
07-04 08:40:45.836   511   511 D QCameraParameters: int32_t qcamera::QCameraParameters::setToneMapMode(uint32_t, bool): tone map mode 1 
07-04 08:40:45.836   511   511 D QCameraParameters: int32_t qcamera::QCameraParameters::setAecLock(const char*): Setting AECLock value false
07-04 08:40:45.836   511   511 D QCameraParameters: int32_t qcamera::QCameraParameters::setAwbLock(const char*): Setting AWBLock value false
07-04 08:40:45.836   511   511 D QCameraParameters: int32_t qcamera::QCameraParameters::initDefaultParameters(): totalram = -1334202368, freeram = 2080108544 
07-04 08:40:45.837   511   511 D QCameraParameters: void qcamera::QCameraParameters::setOfflineRAW(): Offline Raw  0
07-04 08:40:45.837   511   511 E LGCameraParameters: void qcamera::QCameraParameters::initDefaultParametersEx(): multi_window_af_supported = 1
07-04 08:40:45.837   511   511 E LGCameraParameters: createMultiWindowString: (-280,-280,0,0,1),(-140,-420,140,-140,1),(0,-280,280,0,1),(-420,-140,-140,140,1),(-140,-140,140,140,1),(140,-140,420,140,1),(-280,0,0,280,1),(-140,140,140,420,1),(0,0,280,280,1),(-220,-220,220,220,1)
07-04 08:40:45.837   511   511 E LGCameraParameters: createMultiWindowString: (720,720,1000,1000,1),(860,580,1140,860,1),(1000,720,1280,1000,1),(580,860,860,1140,1),(860,860,1140,1140,1),(1140,860,1420,1140,1),(720,1000,1000,1420,1),(860,1140,1140,1420,1),(1000,1000,1280,1280,1)
07-04 08:40:45.837   511   511 D LGCameraParameters: int32_t qcamera::QCameraParameters::setLG_ISOcontrol(const char*): Setting ISO value auto
07-04 08:40:45.837   511   511 E LGCameraParameters: int32_t qcamera::QCameraParameters::setBeautyLevel(int) : [ARC_BEAUTY] beautylevel = 0
07-04 08:40:45.838   523  1128 E mm-camera: sensor_set_frame_rate:1176max fps 30.000000 min fps 2.000000,fixed_frame_rate=0 
07-04 08:40:45.838   523  1128 E mm-camera: iface_util_set_hfr: can't find hw stream, only save hfr mode
07-04 08:40:45.840   511   511 D QCameraParameters: int32_t qcamera::QCameraParameters::setNumOfSnapshot(): nBurstNum = 1, nExpnum = 1
07-04 08:40:45.843   511   511 I Thermal-Lib: Thermal-Lib-Client: Registraion successful for camera with handle:1
07-04 08:40:45.843   511   511 I Thermal-Lib: Thermal-Lib-Client: Registraion successful for camcorder with handle:2
07-04 08:40:45.843   511   511 I QCamera2HWI: [KPI Perf] int qcamera::QCamera2HardwareInterface::openCamera(hw_device_t**): X PROFILE_OPEN_CAMERA camera id 0, rc: 0
07-04 08:40:45.843   511   511 E QCamera2HWI: int qcamera::QCamera2HardwareInterface::openCamera(hw_device_t**):[PREVIEW_COUNT] preview_count(1)
07-04 08:40:45.843   507   628 I ThermalEngine: Thermal-Server: Adding thermal event listener on fd 59
07-04 08:40:45.843   511  1135 I Thermal-Lib: Thermal-Lib-Client: Client received msg camera 0
07-04 08:40:45.843   511  1135 D QCamera2HWI: virtual int qcamera::QCamera2HardwareInterface::thermalEvtHandle(qcamera::qcamera_thermal_level_enum_t*, void*, void*): level = 0, userdata = 0x0, data = 0x0
07-04 08:40:45.844   511  1065 E QCameraStateMachine: int32_t qcamera::QCameraStateMachine::procEvtPreviewStoppedState(qcamera::qcamera_sm_evt_enum_t, void*): cannot handle evt(31) in state(0)
07-04 08:40:45.844   511  1135 I Thermal-Lib: Thermal-Lib-Client: Client received msg camcorder 0
07-04 08:40:45.844   511  1135 D QCamera2HWI: virtual int qcamera::QCamera2HardwareInterface::thermalEvtHandle(qcamera::qcamera_thermal_level_enum_t*, void*, void*): level = 0, userdata = 0x0, data = 0x0
07-04 08:40:45.844   511  1065 E QCameraStateMachine: int32_t qcamera::QCameraStateMachine::procEvtPreviewStoppedState(qcamera::qcamera_sm_evt_enum_t, void*): cannot handle evt(31) in state(0)
07-04 08:40:45.861   511   511 I QCamera2HWI: [KPI Perf] static int qcamera::QCamera2HardwareInterface::close_camera_device(hw_device_t*): E
07-04 08:40:45.861   511  1075 D QCamera2HWI: static void* qcamera::QCamera2HardwareInterface::defferedWorkRoutine(void*): stop data proc
07-04 08:40:45.861   511   511 I QCamera2HWI: [KPI Perf] int qcamera::QCamera2HardwareInterface::closeCamera(): E PROFILE_CLOSE_CAMERA camera id 0
07-04 08:40:45.861   511   511 D QCameraParameters: bool qcamera::QCameraParameters::setStreamConfigure(bool, bool, bool): Done Resetting stream config!!
07-04 08:40:45.864   511   511 I qomx_image_core: OMX_Deinit:119] Complete
07-04 08:40:45.870   511   511 I Thermal-Lib: Thermal-Lib-Client: Unregisteration is successfull for handle:1
07-04 08:40:45.870   507   628 I ThermalEngine: Thermal-Server: removing client on fd 59
07-04 08:40:45.870   511   511 I Thermal-Lib: Thermal-Lib-Client: Unregisteration is successfull for handle:2
07-04 08:40:45.872   523  1128 D mm-camera: mct: mct_pipeline_process_set:command=800000b
07-04 08:40:45.872   523  1128 E mm-camera: mct: mct_pipeline_process_set:2966: Couldn't find stream id: 0
07-04 08:40:45.872   511   511 I QCamera2HWI: [KPI Perf] int qcamera::QCamera2HardwareInterface::closeCamera(): X PROFILE_CLOSE_CAMERA camera id 0, rc: 0
07-04 08:40:45.872   511   511 E QCamera2HWI: int qcamera::QCamera2HardwareInterface::closeCamera():[PREVIEW_COUNT] preview_count(0)
07-04 08:40:45.875   523   523 D mm-camera: mct: mct_controller_destroy: Initiating destroy sequence
07-04 08:40:45.876   523  1129 D mm-camera: mct: mct_bus_handler_thread_run: Force Exit
07-04 08:40:45.876   523   523 D mm-camera: mct: mct_controller_destroy: bus_handler thread closed
07-04 08:40:45.876   523   523 D mm-camera: mct: mct_pipeline_stop_session - E
07-04 08:40:45.876   523   523 D mm-camera: mct: mct_pipeline_process_set:command=800000b
07-04 08:40:45.876   523   523 D mm-camera: mct: mct_pipeline_process_set: Issuing DEL_STREAM on stream 0x1000f and stream type=10
07-04 08:40:45.876   523   523 E mm-camera: port_iface_ext_unlink_func: E, identity = 0x1000f, port = 0xf2923620, direction = 2
07-04 08:40:45.876   523   523 E mm-camera: port_iface_check_caps_unreserve_func:  E, identity = 0x1000f, port = 0xf2923620, direction = 2
07-04 08:40:45.876   523   523 E mm-camera: iface_unreserve_sink_port: stream_id f mode 0 
07-04 08:40:45.876   523   523 E mm-camera: port_iface_ext_unlink_func: E, identity = 0x1000f, port = 0xf2923920, direction = 1
07-04 08:40:45.876   523   523 E mm-camera: iface_ext_unlink_src_port: mct stream already removed from hw stream
07-04 08:40:45.876   523   523 E mm-camera: port_iface_check_caps_unreserve_func:  E, identity = 0x1000f, port = 0xf2923920, direction = 1
07-04 08:40:45.876   523   523 E mm-camera: isp_port_check_caps_unreserve:826 ide 1000f port 0xf2661ac0
07-04 08:40:45.879   511   511 E QCamera2HWI: int qcamera::QCamera2HardwareInterface::closeCamera():[PREVIEW_COUNT][LOAD] preview_count(0) // MultiView(0)
07-04 08:40:45.879   511   511 I QCamera2HWI: [KPI Perf] static int qcamera::QCamera2HardwareInterface::close_camera_device(hw_device_t*): X
07-04 08:40:45.880   511   511 I QCamera2Factory: :static int qcamera::QCamera2Factory::openLegacy(int32_t, uint32_t, hw_device_t**) openLegacy halVersion: 256
07-04 08:40:45.880   511   511 D vndksupport: Loading /odm/lib/hw/power.msm8992.so from current namespace instead of sphal namespace.
07-04 08:40:45.881   523   523 E mm-camera: module_afs_port_check_caps_unreserve:1524] 
07-04 08:40:45.881   523   523 E mm-camera: module_afs_port_check_caps_unreserve:1532] destroy client
07-04 08:40:45.881   523   523 E mm-camera: module_imgbase_port_release_client_llvd:1553] 
07-04 08:40:45.881   523   523 E mm-camera: q3a_thread_af_stop:1019  q3a_thread_af_stop:1019 MSG_STOP_THREAD
07-04 08:40:45.882   511  1137 D QCamera2HWI: static void* qcamera::QCamera2HardwareInterface::defferedWorkRoutine(void*): start data proc
07-04 08:40:45.884   523   523 E mm-camera: stats_port_delete_reserved_stream:2602  stats_port_delete_reserved_stream:2602: going to NULL peer
07-04 08:40:45.884   523   523 D mm-camera: mct: mct_pipeline_process_set: Stream 0x1000f and stream type=10, successfully deleted
07-04 08:40:45.886   523  1138 D mm-camera: mct: mct_pipeline_stop_session_thread: Stop module name: sensor - E
07-04 08:40:45.886   523  1138 E mm-camera: module_sensor_deinit_session:1545trying to delete thread
07-04 08:40:45.886   523  1141 D mm-camera: mct: mct_pipeline_stop_session_thread: Stop module name: iface - E
07-04 08:40:45.886   523  1138 E mm-camera-sensor: proxy_thread_delete:259p_thread,trying to delete thread
07-04 08:40:45.887   523  1138 E mm-camera-sensor: send_thread_exit_msg:219p_thread, exit_thread 0
07-04 08:40:45.887   523  1138 E mm-camera-sensor: send_thread_exit_msg:223p_thread, exit_thread 1
07-04 08:40:45.887   523  1138 E mm-camera: module_sensor_deinit_session:1547proxy_thread_deleted!
07-04 08:40:45.887   523  1138 E mm-camera: module_sensor_deinit_session:1551try to stop proxy kernel workqueue!
07-04 08:40:45.888   523  1138 E mm-camera-sensor: sensor_proxy_thread_off:215enter
07-04 08:40:45.888   523  1142 D mm-camera: mct: mct_pipeline_stop_session_thread: Stop module name: isp - E
07-04 08:40:45.888   523  1142 E mm-camera-isp2: isp_module_stop_session:414 session id 1
07-04 08:40:45.888   523  1141 D mm-camera: mct: mct_pipeline_stop_session_thread: Stop module name: iface - X
07-04 08:40:45.889   523  1142 D mm-camera: mct: mct_pipeline_stop_session_thread: Stop module name: isp - X
07-04 08:40:45.891   511   511 I QCamera2HWI: [KPI Perf] int qcamera::QCamera2HardwareInterface::openCamera(hw_device_t**): E PROFILE_OPEN_CAMERA camera id 1
07-04 08:40:45.891   523  1143 D mm-camera: mct: mct_pipeline_stop_session_thread: Stop module name: stats - E
07-04 08:40:45.892   523  1144 D mm-camera: mct: mct_pipeline_stop_session_thread: Stop module name: pproc - E
07-04 08:40:45.892   523  1143 E mm-camera: gyro_port_deinit:1446  gyro_port_deinit: Error in android Deinit
07-04 08:40:45.892   523  1143 I CAMERA_SENSOR: stop_accel_sensor
07-04 08:40:45.894   523  1119 I CAMERA_SENSOR: accel_data_cb received RESP - SNS_SMGR_CANCEL_RESP_V01
07-04 08:40:45.894   523  1143 D mm-camera: mct: mct_pipeline_stop_session_thread: Stop module name: stats - X
07-04 08:40:45.896   523   523 D mm-camera: mct: mct_pipeline_stop_session: left modules: 5
07-04 08:40:45.896   523   523 D mm-camera: mct: mct_pipeline_stop_session: left modules: 4
07-04 08:40:45.896   523   523 D mm-camera: mct: mct_pipeline_stop_session: left modules: 3
07-04 08:40:45.896   523  1145 D mm-camera: mct: mct_pipeline_stop_session_thread: Stop module name: imglib - E
07-04 08:40:45.896   523  1145 E mm-camera: module_faceproc_stop_session:1885] session cnt 1
07-04 08:40:45.898   523  1145 D mm-camera: mct: mct_pipeline_stop_session_thread: Stop module name: imglib - X
07-04 08:40:45.898   523   523 D mm-camera: mct: mct_pipeline_stop_session: left modules: 2
07-04 08:40:45.900   523  1144 E mm-camera-pp: [INFO] base_module_stop_session:98, E, session=1
07-04 08:40:45.900   523  1144 E mm-camera-pp: [INFO] base_module_stop_session:98, E, session=1
07-04 08:40:45.900   523  1144 D mm-camera: mct: mct_pipeline_stop_session_thread: Stop module name: pproc - X
07-04 08:40:45.900   523   523 D mm-camera: mct: mct_pipeline_stop_session: left modules: 1
07-04 08:40:45.907   943   943 V PackageManager: reconcileAppsData finished 22 packages
07-04 08:40:45.907   523  1138 E mm-camera: module_sensor_deinit_session:1567trying to delete thread
07-04 08:40:45.908   523  1138 E mm-camera-sensor: tcs_thread_delete:303tcs_thread, trying to delete thread
07-04 08:40:45.908   943   943 V PackageManager: Disabling com.google.android.gsf/com.google.android.gsf.update.SystemUpdateActivity
07-04 08:40:45.908   943   943 W PackageManager: Unable to disable com.google.android.gsf/com.google.android.gsf.update.SystemUpdateActivity
07-04 08:40:45.908   523  1138 E mm-camera: module_sensor_deinit_session:1569tcs_thread_deleted!
07-04 08:40:45.908   523  1138 E mm-camera: module_sensor_deinit_session:1571try to stop tcs kernel workqueue!
07-04 08:40:45.908   943   943 V PackageManager: Disabling com.google.android.gsf/com.google.android.gsf.update.SystemUpdateService$Receiver
07-04 08:40:45.908   943   943 W PackageManager: Unable to disable com.google.android.gsf/com.google.android.gsf.update.SystemUpdateService$Receiver
07-04 08:40:45.908   943   943 V PackageManager: Disabling com.google.android.gsf/com.google.android.gsf.update.SystemUpdateService$SecretCodeReceiver
07-04 08:40:45.908   943   943 W PackageManager: Unable to disable com.google.android.gsf/com.google.android.gsf.update.SystemUpdateService$SecretCodeReceiver
07-04 08:40:45.908   943  1147 D SystemServerInitThreadPool: Started executing prepareAppData
07-04 08:40:45.908   943   943 V PackageManager: Disabling com.google.android.gsf/com.google.android.gsf.update.SystemUpdateServiceReceiver
07-04 08:40:45.908   943   943 W PackageManager: Unable to disable com.google.android.gsf/com.google.android.gsf.update.SystemUpdateServiceReceiver
07-04 08:40:45.908   943   943 V PackageManager: Disabling com.google.android.gms/com.google.android.gms.update.SystemUpdateActivity
07-04 08:40:45.908   943   943 V PackageManager: Disabling com.google.android.gms/com.google.android.gms.update.SystemUpdateService$Receiver
07-04 08:40:45.908   943   943 W PackageManager: Unable to disable com.google.android.gms/com.google.android.gms.update.SystemUpdateService$Receiver
07-04 08:40:45.908   943   943 V PackageManager: Disabling com.google.android.gms/com.google.android.gms.update.SystemUpdateService$ActiveReceiver
07-04 08:40:45.909   943   943 W PackageManager: Unable to disable com.google.android.gms/com.google.android.gms.update.SystemUpdateService$ActiveReceiver
07-04 08:40:45.909   943   943 V PackageManager: Disabling com.google.android.gms/com.google.android.gms.update.SystemUpdateService$SecretCodeReceiver
07-04 08:40:45.909   943   943 W PackageManager: Unable to disable com.google.android.gms/com.google.android.gms.update.SystemUpdateService$SecretCodeReceiver
07-04 08:40:45.909   943   943 V PackageManager: Disabling com.google.android.gms/com.google.android.gms.update.SystemUpdateServiceReceiver
07-04 08:40:45.910   943   943 W PackageManager: Unable to disable com.google.android.gms/com.google.android.gms.update.SystemUpdateServiceReceiver
07-04 08:40:45.910   943   943 V PackageManager: Enabling com.google.android.gsf/com.google.android.gsf.update.SystemUpdateService
07-04 08:40:45.910   943   943 W PackageManager: Unable to enable com.google.android.gsf/com.google.android.gsf.update.SystemUpdateService
07-04 08:40:45.910   943   943 V PackageManager: Enabling com.google.android.gms/com.google.android.gms.update.SystemUpdateService
07-04 08:40:45.916   523  1138 E mm-camera-sensor: proxy_power_down:47enter
07-04 08:40:45.942   513   513 W installd: Ignoring /data/data/com.android.vending/lib with unexpected GID 0 instead of 10043
07-04 08:40:45.944   523  1138 E mm-camera: sensor_close:4609ctrl->isStreaming make false
07-04 08:40:45.945   523  1138 D mm-camera: mct: mct_pipeline_stop_session_thread: Stop module name: sensor - X
07-04 08:40:45.946   523   523 D mm-camera: mct: mct_pipeline_stop_session: left modules: 0
07-04 08:40:45.946   523   523 D mm-camera: mct: mct_pipeline_stop_session - X
07-04 08:40:45.946   523   523 D mm-camera: mct: mct_pipeline_destroy E: session:1 
07-04 08:40:45.946   523   523 D mm-camera: mct: mct_pipeline_destroy X: Pipeline destroyed successfully
07-04 08:40:45.946   523   523 D mm-camera: mct: mct_controller_destroy: X Successfully closed mct_controller
07-04 08:40:45.946   523   523 D mm-camera: mct: mct_controller_new: Creating new mct_controller with session-id 2
07-04 08:40:45.948   523  1148 D mm-camera: mct: mct_pipeline_start_session_thread: E sensor
07-04 08:40:45.949   523  1149 D mm-camera: mct: mct_pipeline_start_session_thread: E iface
07-04 08:40:45.951   523  1149 D mm-camera: mct: mct_pipeline_start_session_thread: X isp
07-04 08:40:45.951   523  1150 D mm-camera: mct: mct_pipeline_start_session_thread: E isp
07-04 08:40:45.951   523  1150 E mm-camera-isp2: isp_module_start_session:178 session id 2
07-04 08:40:45.952   523  1152 D mm-camera: mct: mct_pipeline_start_session_thread: E stats
07-04 08:40:45.953   523  1150 E mm-camera-isp2: isp_module_start_session:347 num_session_opened 1
07-04 08:40:45.953   523  1150 D mm-camera: mct: mct_pipeline_start_session_thread: X stats
07-04 08:40:45.954   523  1156 D mm-camera: mct: mct_pipeline_start_session_thread: E pproc
07-04 08:40:45.954   523  1152 E mm-camera: tcc_init: TCC ver.150418a
07-04 08:40:45.955   523  1157 D mm-camera: mct: mct_pipeline_start_session_thread: E imglib
07-04 08:40:45.957   523  1157 E mm-camera: module_faceproc_start_session:1844] session cnt 1
07-04 08:40:45.959   523  1157 D mm-camera: mct: mct_pipeline_start_session_thread: X imglib
07-04 08:40:45.967   523  1152 E mm-camera: sensor_laser_init:144  HW module: id: sensors name: STMicroelectronics VL53L0 sensor module
07-04 08:40:45.967   523  1152 E Sensors : openInput
07-04 08:40:45.967   523  1152 E Sensors : devname: /dev/input/event4
07-04 08:40:45.968   523  1148 E mm-camera: module_sensor_init_session:1245eeprom_name = t4ka3_eeprom
07-04 08:40:45.979   513   513 W installd: Ignoring /data/data/com.android.webview/lib with unexpected GID 0 instead of 10095
07-04 08:40:46.004   523  1156 E mm-camera-pp: [INFO] base_module_start_session:91, E, session=2
07-04 08:40:46.004   523  1156 E mm-camera-pp: [INFO] base_module_start_session:91, E, session=2
07-04 08:40:46.004   523  1156 D mm-camera: mct: mct_pipeline_start_session_thread: X imglib
07-04 08:40:46.007   523  1148 E mm-camera: module_sensor_init_session:1277flash subdev id = -1
07-04 08:40:46.008   523  1152 E Sensors : devname: /dev/input/event3
07-04 08:40:46.008   523  1148 E mm-camera: module_sensor_start_session:1684SUCCESS
07-04 08:40:46.008   523  1148 D mm-camera: mct: mct_pipeline_start_session_thread: X imglib
07-04 08:40:46.012   943   943 V PackageManager: Ephemeral resolver found; pkg: com.google.android.gms, info:ResolveInfo{38db810 com.google.android.gms/.chimera.PersistentBoundBrokerService m=0x108000}
07-04 08:40:46.012   943   943 D PackageManager: Set ephemeral resolver: Pair{ComponentInfo{com.google.android.gms/com.google.android.gms.chimera.PersistentBoundBrokerService} android.intent.action.RESOLVE_INSTANT_APP_PACKAGE}
07-04 08:40:46.015   943   943 D PackageManager: Set ephemeral installer activity: ComponentInfo{com.android.vending/com.google.android.finsky.instantapps.EphemeralInstallerActivity}
07-04 08:40:46.020   513   513 W installd: Ignoring /data/data/com.svox.pico/lib with unexpected GID 0 instead of 10085
07-04 08:40:46.038   513   513 W installd: Ignoring /data/data/com.viber.voip/lib with unexpected GID 0 instead of 10100
07-04 08:40:46.039   513   513 W installd: Ignoring /data/data/com.meitu.meiyancamera/lib with unexpected GID 0 instead of 10102
07-04 08:40:46.041   513   513 W installd: Ignoring /data/data/com.android.chrome/lib with unexpected GID 0 instead of 10104
07-04 08:40:46.075   523  1152 E Sensors : devname: /dev/input/event1
07-04 08:40:46.105   943  1147 D SystemServerTimingAsync: AppDataFixup took to complete: 197ms
07-04 08:40:46.131   523  1152 E Sensors : devname: /dev/input/mice
07-04 08:40:46.167   523  1152 E Sensors : devname: /dev/input/event0
07-04 08:40:46.197   943   943 I zygote64: Explicit concurrent copying GC freed 30941(1517KB) AllocSpace objects, 17(928KB) LOS objects, 51% free, 5MB/11MB, paused 67us total 83.146ms
07-04 08:40:46.200   943   943 D FallbackCategoryProvider: Found 1 fallback categories
07-04 08:40:46.204   943   943 D SystemServerTiming: StartPackageManagerService took to complete: 1491ms
07-04 08:40:46.204   943   943 I SystemServer: StartOtaDexOptService
07-04 08:40:46.206   943   943 D OTADexopt: No upgrade, skipping A/B artifacts check.
07-04 08:40:46.206   943   943 D SystemServerTiming: StartOtaDexOptService took to complete: 2ms
07-04 08:40:46.206   943   943 I SystemServer: StartUserManagerService
07-04 08:40:46.206   943   943 I SystemServiceManager: Starting com.android.server.pm.UserManagerService$LifeCycle
07-04 08:40:46.207   943   943 D SystemServerTiming: StartUserManagerService took to complete: 1ms
07-04 08:40:46.207   943   943 I SystemServer: InitAttributerCache
07-04 08:40:46.208   943   943 D SystemServerTiming: InitAttributerCache took to complete: 0ms
07-04 08:40:46.208   943   943 I SystemServer: SetSystemProcess
07-04 08:40:46.226   485   485 I lowmemorykiller: ActivityManager connected
07-04 08:40:46.229   943   943 D SystemServerTiming: SetSystemProcess took to complete: 21ms
07-04 08:40:46.232   943  1180 I ServiceThread: Enabled StrictMode logging for android.anim looper.
07-04 08:40:46.232   943   943 I SystemServer: StartOverlayManagerService
07-04 08:40:46.235   943   943 D SystemServerTiming: StartOverlayManagerService took to complete: 2ms
07-04 08:40:46.239   943   943 I SystemServer: StartDropBoxManager
07-04 08:40:46.239   943   943 I SystemServiceManager: Starting com.android.server.DropBoxManagerService
07-04 08:40:46.242   943   943 D SystemServerTiming: StartDropBoxManager took to complete: 3ms
07-04 08:40:46.242   943   943 I SystemServer: StartBatteryService
07-04 08:40:46.242   943  1181 D SystemServerInitThreadPool: Started executing Init OverlayManagerService
07-04 08:40:46.243   943   943 I SystemServiceManager: Starting com.android.server.BatteryService
07-04 08:40:46.243   523  1152 E Sensors : devname: /dev/input/event2
07-04 08:40:46.252   943  1182 D SystemServerInitThreadPool: Started executing StartSensorService
07-04 08:40:46.252   943  1182 D SensorService: nuSensorService starting...
07-04 08:40:46.251   969   969 I Binder:943_2: type=1400 audit(0.0:29): avc: denied { search } for name="battery" dev="sysfs" ino=18298 scontext=u:r:system_server:s0 tcontext=u:object_r:healthd_sysfs:s0 tclass=dir permissive=1
07-04 08:40:46.251   969   969 I Binder:943_2: type=1400 audit(0.0:30): avc: denied { read } for name="is_evp_ta" dev="sysfs" ino=18322 scontext=u:r:system_server:s0 tcontext=u:object_r:healthd_sysfs:s0 tclass=file permissive=1
07-04 08:40:46.251   969   969 I Binder:943_2: type=1400 audit(0.0:31): avc: denied { open } for path="/sys/devices/soc.0/qpnp-smbcharger-17/power_supply/battery/is_evp_ta" dev="sysfs" ino=18322 scontext=u:r:system_server:s0 tcontext=u:object_r:healthd_sysfs:s0 tclass=file permissive=1
07-04 08:40:46.251   969   969 I Binder:943_2: type=1400 audit(0.0:32): avc: denied { getattr } for path="/sys/devices/soc.0/qpnp-smbcharger-17/power_supply/battery/is_evp_ta" dev="sysfs" ino=18322 scontext=u:r:system_server:s0 tcontext=u:object_r:healthd_sysfs:s0 tclass=file permissive=1
07-04 08:40:46.263   943   943 D SystemServerTiming: StartBatteryService took to complete: 20ms
07-04 08:40:46.263   943   943 I SystemServer: StartUsageService
07-04 08:40:46.263   943   943 I SystemServiceManager: Starting com.android.server.usage.UsageStatsService
07-04 08:40:46.264   473   473 D lights  : Using onoff pattern: 0x000000
07-04 08:40:46.264   943  1182 D vndksupport: Loading /odm/lib64/hw/android.hardware.sensors@1.0-impl.so from current namespace instead of sphal namespace.
07-04 08:40:46.328   523  1152 E Sensors : couldn't find 'STM VL53L0 proximity sensor' input device
07-04 08:40:46.328   523  1152 E Sensors : ProximitySensor::ProximitySensor gets called!
07-04 08:40:46.328   523  1152 E Sensors : ProximitySensor: input_name:, input_sysfs_path:/sys/class/input/input
07-04 08:40:46.328   523  1152 E Sensors : ProximitySensor::enable function called for stmvl53L0!
07-04 08:40:46.328   523  1152 E Sensors : ProximitySensor::enable filename:/sys/class/input/input/enable_ps_sensor
07-04 08:40:46.328   523  1152 E Sensors : ProximitySensor::enable: Failed to open file descriptor for enabling VL53L0
07-04 08:40:46.328   523  1152 E Sensors : ProximitySensor::enable: Attempted to open file /sys/class/input/input/enable_ps_sensor. Error: -1
07-04 08:40:46.328   523  1152 E Sensors : open_sensors gets called!
07-04 08:40:46.328   523  1152 E Sensors : is_tof_sensor_available() called
07-04 08:40:46.328   523  1152 E Sensors : devname: /dev/input/event4
07-04 08:40:46.335   943  1182 I sensors_hal_Ctx: enableLogging: Setting log level to 5
07-04 08:40:46.335   943  1182 E sensors_hal_Ctx: enableLogging: Mag filter level is 1
07-04 08:40:46.335   943  1182 I libsensor1: sensor1_init_once: Setting log level to 5
07-04 08:40:46.339   943  1182 V sensors_hal_Time: Sensor1 opened for time_service
07-04 08:40:46.339   943  1182 D sensors_hal_Ctx: SensorsContext: Wake Up Sensors are enabled!
07-04 08:40:46.341   943  1190 V sensors_hal_Ctx: context_sensor1_cb: msg_type 1, Sn 0, msg Id 1, txn Id 0
07-04 08:40:46.341   943  1190 D sensors_hal_Ctx: processResp: 1
07-04 08:40:46.341   943  1190 D sensors_hal_Ctx: processResp: SMGR version=23
07-04 08:40:46.341   943  1182 V sensors_hal_Ctx: sendSMGRVersionReq: Received SMGR version response
07-04 08:40:46.343   943  1190 V sensors_hal_Ctx: context_sensor1_cb: msg_type 1, Sn 0, msg Id 5, txn Id 0
07-04 08:40:46.343   943  1190 D sensors_hal_Ctx: processResp: 5
07-04 08:40:46.343   943  1190 D sensors_hal_Ctx: processAllSensorInfoResp: SensorInfo_len: 5
07-04 08:40:46.343   943  1190 D sensors_hal_Ctx: singleSensorInfoRequest: 0
07-04 08:40:46.343   943  1190 D sensors_hal_Ctx: singleSensorInfoRequest: txn_id: 0 sensor_id: 0
07-04 08:40:46.343   943  1190 D sensors_hal_Ctx: singleSensorInfoRequest: 10
07-04 08:40:46.343   943  1190 D sensors_hal_Ctx: singleSensorInfoRequest: txn_id: 1 sensor_id: 10
07-04 08:40:46.343   943  1190 D sensors_hal_Ctx: singleSensorInfoRequest: 20
07-04 08:40:46.343   943  1190 D sensors_hal_Ctx: singleSensorInfoRequest: txn_id: 2 sensor_id: 20
07-04 08:40:46.343   943  1190 D sensors_hal_Ctx: singleSensorInfoRequest: 30
07-04 08:40:46.343   943  1190 D sensors_hal_Ctx: singleSensorInfoRequest: txn_id: 3 sensor_id: 30
07-04 08:40:46.343   943  1190 D sensors_hal_Ctx: singleSensorInfoRequest: 40
07-04 08:40:46.343   943  1190 D sensors_hal_Ctx: singleSensorInfoRequest: txn_id: 4 sensor_id: 40
07-04 08:40:46.344   943  1190 V sensors_hal_Ctx: context_sensor1_cb: msg_type 1, Sn 0, msg Id 6, txn Id 0
07-04 08:40:46.345   943  1190 D sensors_hal_Ctx: processResp: 6
07-04 08:40:46.345   943  1190 D sensors_hal_Ctx: processSingleSensorInfoResp: data_type_info_len: 1
07-04 08:40:46.345   943  1190 D sensors_hal_Ctx: processSingleSensorInfoResp: txn: 0, ns: 5
07-04 08:40:46.345   943  1190 D sensors_hal_Accel: setSensorInfo: Accel, DTy: 0
07-04 08:40:46.345   943  1190 D sensors_hal_Ctx: processSingleSensorInfoResp: HAL: name: LGE Accelerometer, vendor: BOSCH, maxRange: 156.906403, res: 0.001190,                     power: 0.180000, max_freq: 200.000000 min_freq: 1.000000
07-04 08:40:46.345   943  1190 D sensors_hal_Accel: setSensorInfo: Accel, DTy: 0
07-04 08:40:46.345   943  1190 D sensors_hal_Ctx: processSingleSensorInfoResp: HAL: name: LGE Accelerometer -Wakeup, vendor: BOSCH, maxRange: 156.906403, res: 0.001190,                     power: 0.180000, max_freq: 200.000000
07-04 08:40:46.345   943  1190 D sensors_hal_Ctx: processSingleSensorInfoResp: txn: 0, ns: 5, ss_resp: 1
07-04 08:40:46.345   943  1190 V sensors_hal_Ctx: context_sensor1_cb: msg_type 1, Sn 0, msg Id 6, txn Id 1
07-04 08:40:46.345   943  1190 D sensors_hal_Ctx: processResp: 6
07-04 08:40:46.345   943  1190 D sensors_hal_Ctx: processSingleSensorInfoResp: data_type_info_len: 1
07-04 08:40:46.345   943  1190 D sensors_hal_Ctx: processSingleSensorInfoResp: txn: 1, ns: 5
07-04 08:40:46.345   943  1190 D sensors_hal_Ctx: addSensor: GYRO enabled handle:2
07-04 08:40:46.345   943  1190 D sensors_hal_Gyro: setSensorInfo: GYRO DTy: 0
07-04 08:40:46.345   943  1190 D sensors_hal_Ctx: processSingleSensorInfoResp: HAL: name: LGE Gyroscope, vendor: BOSCH, maxRange: 34.906586, res: 0.001068,                     power: 0.900000, max_freq: 200.000000 min_freq: 1.000000
07-04 08:40:46.345   943  1190 D sensors_hal_Ctx: addSensor: GYRO enabled handle:23
07-04 08:40:46.345   943  1190 D sensors_hal_Gyro: setSensorInfo: GYRO DTy: 0
07-04 08:40:46.345   943  1190 D sensors_hal_Ctx: processSingleSensorInfoResp: HAL: name: LGE Gyroscope -Wakeup, vendor: BOSCH, maxRange: 34.906586, res: 0.001068,                     power: 0.900000, max_freq: 200.000000
07-04 08:40:46.345   943  1190 D sensors_hal_Ctx: processSingleSensorInfoResp: txn: 1, ns: 5, ss_resp: 2
07-04 08:40:46.345   943  1190 V sensors_hal_Ctx: context_sensor1_cb: msg_type 1, Sn 0, msg Id 6, txn Id 2
07-04 08:40:46.345   943  1190 D sensors_hal_Ctx: processResp: 6
07-04 08:40:46.345   943  1190 D sensors_hal_Ctx: processSingleSensorInfoResp: data_type_info_len: 1
07-04 08:40:46.345   943  1190 D sensors_hal_Ctx: processSingleSensorInfoResp: txn: 2, ns: 5
07-04 08:40:46.345   943  1190 D sensors_hal_Ctx: addSensor: SMGR MAG enabled handle:10
07-04 08:40:46.345   943  1190 D sensors_hal_Mag: setSensorInfo: MAG DTy: 0
07-04 08:40:46.345   943  1190 D sensors_hal_Ctx: processSingleSensorInfoResp: HAL: name: LGE Magnetometer, vendor: AKM, maxRange: 4911.999512, res: 0.599670,                     power: 0.240000, max_freq: 100.000000 min_freq: 1.000000
07-04 08:40:46.345   943  1190 D sensors_hal_Ctx: addSensor: SMGR MAG enabled handle:30
07-04 08:40:46.345   943  1190 D sensors_hal_Mag: setSensorInfo: MAG DTy: 0
07-04 08:40:46.345   943  1190 D sensors_hal_Ctx: processSingleSensorInfoResp: HAL: name: LGE Magnetometer -Wakeup, vendor: AKM, maxRange: 4911.999512, res: 0.599670,                     power: 0.240000, max_freq: 100.000000
07-04 08:40:46.345   943  1190 D sensors_hal_Ctx: processSingleSensorInfoResp: txn: 2, ns: 5, ss_resp: 3
07-04 08:40:46.345   943  1190 V sensors_hal_Ctx: context_sensor1_cb: msg_type 1, Sn 0, msg Id 6, txn Id 3
07-04 08:40:46.345   943  1190 D sensors_hal_Ctx: processResp: 6
07-04 08:40:46.345   943  1190 D sensors_hal_Ctx: processSingleSensorInfoResp: data_type_info_len: 2
07-04 08:40:46.345   943  1190 D sensors_hal_Ctx: processSingleSensorInfoResp: txn: 3, ns: 5
07-04 08:40:46.345   943  1190 D sensors_hal_Press: setSensorInfo: PRESSURE DTy: 0
07-04 08:40:46.345   943  1190 D sensors_hal_Ctx: processSingleSensorInfoResp: HAL: name: LGE Pressure, vendor: ALPS ELECTRIC CO., , maxRange: 1100.000000, res: 0.013123,                     power: 1.500000, max_freq: 90.000000 min_freq: 0.015259
07-04 08:40:46.345   943  1190 D sensors_hal_Press: setSensorInfo: PRESSURE DTy: 0
07-04 08:40:46.346   943  1190 D sensors_hal_Ctx: processSingleSensorInfoResp: HAL: name: LGE Pressure -Wakeup, vendor: ALPS ELECTRIC CO., , maxRange: 1100.000000, res: 0.013123,                     power: 1.500000, max_freq: 90.000000
07-04 08:40:46.346   943  1190 D sensors_hal_Ctx: processSingleSensorInfoResp: txn: 3, ns: 5
07-04 08:40:46.346   943  1190 E sensors_hal_Ctx: processSingleSensorInfoResp: either handle is -1 or error is true or mSensors[handle] is NULL!
07-04 08:40:46.346   943  1190 E sensors_hal_Ctx: processSingleSensorInfoResp: either handle_wakeup is -1 or error is true or mSensors[handle_wakeup] is NULL!
07-04 08:40:46.346   943  1190 D sensors_hal_Ctx: processSingleSensorInfoResp: txn: 3, ns: 5, ss_resp: 4
07-04 08:40:46.346   943  1190 V sensors_hal_Ctx: context_sensor1_cb: msg_type 1, Sn 0, msg Id 6, txn Id 4
07-04 08:40:46.346   943  1190 D sensors_hal_Ctx: processResp: 6
07-04 08:40:46.346   943  1190 D sensors_hal_Ctx: processSingleSensorInfoResp: data_type_info_len: 2
07-04 08:40:46.346   943  1190 D sensors_hal_Ctx: processSingleSensorInfoResp: txn: 4, ns: 5
07-04 08:40:46.346   943  1190 D sensors_hal_Ctx: addSensor: Proximity enabled handle:20
07-04 08:40:46.346   943  1190 D sensors_hal_Prox: setSensorInfo: Prox DTy: 0
07-04 08:40:46.346   943  1190 D sensors_hal_Ctx: processSingleSensorInfoResp: HAL: name: LGE Proximity, vendor: Avago, maxRange: 5.000305, res: 0.100708,                     power: 12.675000, max_freq: 20.000000 min_freq: 0.015259
07-04 08:40:46.346   943  1190 D sensors_hal_Ctx: addSensor: Proximity enabled handle:33
07-04 08:40:46.346   943  1190 D sensors_hal_Prox: setSensorInfo: Prox DTy: 0
07-04 08:40:46.346   943  1190 D sensors_hal_Ctx: processSingleSensorInfoResp: HAL: name: LGE Proximity -Non Wakeup, vendor: Avago, maxRange: 5.000305, res: 0.100708,                     power: 12.675000, max_freq: 20.000000
07-04 08:40:46.346   943  1190 D sensors_hal_Ctx: processSingleSensorInfoResp: txn: 4, ns: 5
07-04 08:40:46.346   943  1190 D sensors_hal_Light: setSensorInfo: Light DTy: 1
07-04 08:40:46.346   943  1190 D sensors_hal_Ctx: processSingleSensorInfoResp: HAL: name: LGE Light, vendor: Avago, maxRange: 30000.000000, res: 0.009995,                     power: 0.175000, max_freq: 5.000000 min_freq: 5.000000
07-04 08:40:46.346   943  1190 D sensors_hal_Light: setSensorInfo: Light DTy: 1
07-04 08:40:46.346   943  1190 D sensors_hal_Ctx: processSingleSensorInfoResp: HAL: name: LGE Light -Wakeup, vendor: Avago, maxRange: 30000.000000, res: 0.009995,                     power: 0.175000, max_freq: 5.000000
07-04 08:40:46.346   943  1190 D sensors_hal_Ctx: processSingleSensorInfoResp: txn: 4, ns: 5, ss_resp: 5
07-04 08:40:46.346   943  1182 V sensors_hal_Ctx: getSensorList: Received Response
07-04 08:40:46.346   943  1182 D sensors_hal_Ctx: addSensor: SAM MAG disabled!
07-04 08:40:46.346   943  1182 D sensors_hal_Ctx: addSensor: SAM UNCAL MAG disabled!
07-04 08:40:46.346   943  1182 D sensors_hal_Ctx: addSensor: Proximity through Thresh algo will be enabled                                with handle :53
