05-01 18:13:11.025  1352  1385 I am_proc_start: [0,3793,10195,com.google.process.gapps,content provider,{com.google.android.gsf/com.google.android.gsf.settings.GoogleSettingsProvider}]
05-01 18:13:11.027  1352  1378 I wm_task_removed: [1,removeAppToken: last token]
05-01 18:13:11.027  1352  1378 I wm_task_removed: [1,removeTask]
05-01 18:13:11.043  1352  1650 I commit_sys_config_file: [settings-2-0,37]
05-01 18:13:11.049  1352  3355 I am_uid_running: 10175
05-01 18:13:11.056  1352  3344 I am_proc_bound: [0,3793,com.google.process.gapps]
05-01 18:13:11.058  1352  1385 I am_proc_start: [0,3814,1000,com.android.keychain,service,{com.android.keychain/com.android.keychain.KeyChainService}]
05-01 18:13:11.107  1352  1385 I am_proc_start: [0,3839,10175,com.google.android.partnersetup,content provider,{com.google.android.partnersetup/com.google.android.partnersetup.RlzAppProvider}]
05-01 18:13:11.108  1352  1943 I am_proc_bound: [0,3814,com.android.keychain]
05-01 18:13:11.123  1352  3344 I am_proc_bound: [0,3839,com.google.android.partnersetup]
05-01 18:13:11.124  1352  3344 I am_uid_active: 10175
05-01 18:13:11.202  1352  1352 I notification_cancel_all: [1000,1352,com.android.vending,0,0,0,17,NULL]
05-01 18:13:11.202  1352  1352 I chatty  : uid=1000 system_server identical 3 lines
05-01 18:13:11.202  1352  1352 I notification_cancel_all: [1000,1352,com.android.vending,0,0,0,17,NULL]
05-01 18:13:11.212  1352  1376 I commit_sys_config_file: [notification-policy,10]
05-01 18:13:11.213  1352  3342 I sysui_multi_action: [757,856,758,2,806,com.android.vending,857,1.high-priority-notifications,858,3]
05-01 18:13:11.213  1352  1352 I notification_cancel_all: [1000,1352,com.android.vending,0,0,0,17,NULL]
05-01 18:13:11.214  1352  2478 I sysui_multi_action: [757,856,758,2,806,com.android.vending,857,8.device-setup,858,2]
05-01 18:13:11.214  1352  1352 I notification_cancel_all: [1000,1352,com.android.vending,0,0,0,17,NULL]
05-01 18:13:11.219  1352  1376 I commit_sys_config_file: [notification-policy,6]
05-01 18:13:11.229  1352  1376 I commit_sys_config_file: [notification-policy,10]
05-01 18:13:11.244  1352  2854 I sysui_multi_action: [757,856,758,2,806,com.android.vending,857,2.account-alerts-notifications,858,3]
05-01 18:13:11.244  1352  1352 I notification_cancel_all: [1000,1352,com.android.vending,0,0,0,17,NULL]
05-01 18:13:11.248  1352  2854 I sysui_multi_action: [757,856,758,2,806,com.android.vending,857,5.maintenance-channel,858,1]
05-01 18:13:11.248  1352  1352 I notification_cancel_all: [1000,1352,com.android.vending,0,0,0,17,NULL]
05-01 18:13:11.251  1352  2854 I sysui_multi_action: [757,856,758,2,806,com.android.vending,857,3.update-notifications,858,2]
05-01 18:13:11.252  1352  1352 I notification_cancel_all: [1000,1352,com.android.vending,0,0,0,17,NULL]
05-01 18:13:11.252  1352  3344 I sysui_multi_action: [757,856,758,2,806,com.android.vending,857,6.connectivity-notifications,858,1]
05-01 18:13:11.252  1352  1352 I notification_cancel_all: [1000,1352,com.android.vending,0,0,0,17,NULL]
05-01 18:13:11.253  1352  3344 I sysui_multi_action: [757,856,758,2,806,com.android.vending,857,setup,858,2]
05-01 18:13:11.253  1352  1352 I notification_cancel_all: [1000,1352,com.android.vending,0,0,0,17,NULL]
05-01 18:13:11.254  1352  3344 I sysui_multi_action: [757,856,758,2,806,com.android.vending,857,4.update-completion-notifications,858,2]
05-01 18:13:11.254  1352  1352 I notification_cancel_all: [1000,1352,com.android.vending,0,0,0,17,NULL]
05-01 18:13:11.254  1352  1369 I sysui_multi_action: [757,856,758,2,806,com.android.vending,857,maintenance-v2,858,1]
05-01 18:13:11.254  1352  1352 I notification_cancel_all: [1000,1352,com.android.vending,0,0,0,17,NULL]
05-01 18:13:11.255  1352  1352 I chatty  : uid=1000 system_server identical 1 line
05-01 18:13:11.255  1352  1352 I notification_cancel_all: [1000,1352,com.android.vending,0,0,0,17,NULL]
05-01 18:13:11.261  1352  1376 I commit_sys_config_file: [notification-policy,18]
05-01 18:13:11.270  1352  1368 I sysui_multi_action: [757,856,758,1,806,com.android.vending,857,1.high-priority-notifications,858,3]
05-01 18:13:11.270  1352  1650 I commit_sys_config_file: [settings-1-0,15]
05-01 18:13:11.271  1352  1376 I commit_sys_config_file: [notification-policy,9]
05-01 18:13:11.271  1352  1368 I sysui_multi_action: [757,856,758,1,806,com.android.vending,857,2.account-alerts-notifications,858,3]
05-01 18:13:11.272  1352  3350 I sysui_multi_action: [757,856,758,1,806,com.android.vending,857,3.update-notifications,858,2]
05-01 18:13:11.279  1352  1943 I sysui_multi_action: [757,856,758,1,806,com.android.vending,857,5.maintenance-channel,858,1]
05-01 18:13:11.280  1352  1943 I sysui_multi_action: [757,856,758,1,806,com.android.vending,857,6.connectivity-notifications,858,1]
05-01 18:13:11.280  1352  1943 I sysui_multi_action: [757,856,758,1,806,com.android.vending,857,8.device-setup,858,2]
05-01 18:13:11.281  1352  1352 I notification_cancel_all: [1000,1352,com.android.vending,0,0,0,17,NULL]
05-01 18:13:11.281  1352  1943 I sysui_multi_action: [757,856,758,1,806,com.android.vending,857,4.update-completion-notifications,858,2]
05-01 18:13:11.282  1352  1376 I commit_sys_config_file: [notification-policy,11]
05-01 18:13:11.297  1352  1383 I service_manager_slow: [24,isub]
05-01 18:13:11.301  1352  1376 I commit_sys_config_file: [notification-policy,18]
05-01 18:13:11.354  2331  2331 I chatty  : uid=1001(radio) com.qualcomm.qti.telephonyservice expire 2 lines
05-01 18:13:11.354  2380  2380 I chatty  : uid=1001(radio) com.android.phone expire 60 lines
05-01 18:13:11.355  2380  2468 I chatty  : uid=1001(radio) HwBinder:2380_1 expire 7 lines
05-01 18:13:11.356  2380  2768 I chatty  : uid=1001(radio) NetworkService expire 3 lines
05-01 18:13:11.372  2380  2797 I chatty  : uid=1001(radio) CellularNetwork expire 2 lines
05-01 18:13:11.374  2380  2921 I chatty  : uid=1001(radio) Binder:2380_10 expire 4 lines
05-01 18:13:11.398  1352  2162 I sync    : [com.google.android.gms.games,1,0,1901271852]
05-01 18:13:11.406  1352  2474 E PHONE   : ServiceState.getRadioTechnology() DEPRECATED will be removed *******
05-01 18:13:11.419  1352  2162 I sync    : [com.google.android.gms.games.background,0,0,1901271852]
05-01 18:13:11.424  2380  2687 I chatty  : uid=1001(radio) DcHandlerThread expire 3 lines
05-01 18:13:11.448  1352  2162 I sync    : [com.google.android.gms.games.background,1,0,1901271852]
05-01 18:13:11.452  1352  1946 I netstats_mobile_sample: [10275,31,3827,32,10275,31,3827,32,10275,31,3827,32,1588345992070]
05-01 18:13:11.452  1352  1946 I netstats_wifi_sample: [0,0,0,0,0,0,0,0,0,0,0,0,1588345992070]
05-01 18:13:11.486  1352  1383 I sysui_multi_action: [319,427,322,426,325,32,757,761,758,8,759,2,806,com.android.launcher3,871,com.paranoid.launcher.ParanoidLauncher,905,0,1320,11,1321,1]
05-01 18:13:11.489  1352  1383 I am_activity_launch_time: [0,248251508,com.android.launcher3/com.paranoid.launcher.ParanoidLauncher,426]
05-01 18:13:11.522  2940  2940 I gms_unknown: 2369
05-01 18:13:11.522  2940  2940 I gms_unknown: 47106
05-01 18:13:11.535  2380  2794 I chatty  : uid=1001(radio) Binder:2380_8 expire 2 lines
05-01 18:13:11.563  1352  3344 I am_uid_running: 10129
05-01 18:13:11.586  1352  1385 I am_proc_start: [0,4003,10129,android.process.media,content provider,{com.android.providers.downloads/com.android.providers.downloads.DownloadProvider}]
05-01 18:13:11.610  1352  3339 I am_proc_bound: [0,4003,android.process.media]
05-01 18:13:11.612  1352  3339 I am_uid_active: 10129
05-01 18:13:11.636   603   603 I auditd  : avc:  denied  { find } for interface=vendor.qti.hardware.perf::IPerf sid=u:r:mediaprovider:s0:c512,c768 pid=4003 scontext=u:r:mediaprovider:s0:c512,c768 tcontext=u:object_r:hal_perf_hwservice:s0 tclass=hwservice_manager permissive=0
05-01 18:13:11.638   603   603 I auditd  : avc:  denied  { find } for interface=vendor.qti.hardware.perf::IPerf sid=u:r:mediaprovider:s0:c512,c768 pid=4003 scontext=u:r:mediaprovider:s0:c512,c768 tcontext=u:object_r:hal_perf_hwservice:s0 tclass=hwservice_manager permissive=0
05-01 18:13:11.650  2940  3996 I aggregation: 1588345991650
05-01 18:13:11.736   603   603 I auditd  : avc:  denied  { find } for interface=vendor.qti.hardware.perf::IPerf sid=u:r:mediaprovider:s0:c512,c768 pid=4003 scontext=u:r:mediaprovider:s0:c512,c768 tcontext=u:object_r:hal_perf_hwservice:s0 tclass=hwservice_manager permissive=0
05-01 18:13:11.810  1352  2162 I sync    : [com.google.android.gms.drive.sync,1,0,1901271852]
05-01 18:13:11.925  1352  3344 I am_uid_running: 10204
05-01 18:13:11.936  1352  1385 I am_proc_start: [0,4076,10204,com.google.android.apps.photos,broadcast,{com.google.android.apps.photos/com.google.android.apps.photos.sdcard.envcache.ExternalStorageStateChangeBroadcastReceiver}]
05-01 18:13:11.948  1352  3344 I am_proc_bound: [0,4076,com.google.android.apps.photos]
05-01 18:13:12.049  1352  1385 I am_proc_start: [0,4122,10195,com.google.android.gms.unstable,service,{com.google.android.gms/com.google.android.gms.droidguard.DroidGuardService}]
05-01 18:13:12.061  1352  1376 I commit_sys_config_file: [notification-policy,7]
05-01 18:13:12.070  1352  1376 I commit_sys_config_file: [notification-policy,8]
05-01 18:13:12.071  1352  3344 I am_proc_bound: [0,4122,com.google.android.gms.unstable]
05-01 18:13:12.105  1352  3339 I am_uid_running: 10174
05-01 18:13:12.116  1352  1385 I am_proc_start: [0,4152,10174,com.qti.ltebc,broadcast,{com.qti.ltebc/com.qualcomm.ltebc.LTEBroadcastReceiver}]
05-01 18:13:12.134  2380  2821 I chatty  : uid=1001(radio) Binder:2380_B expire 1 line
05-01 18:13:12.143  1352  1957 I am_proc_bound: [0,4152,com.qti.ltebc]
05-01 18:13:12.269  3517  4209 I force_gc: Binder
05-01 18:13:12.334  1352  3339 I am_uid_running: 10236
05-01 18:13:12.349  1352  1385 I am_proc_start: [0,4241,10236,com.viber.voip,broadcast,{com.viber.voip/com.viber.voip.util.SDCardBroadcastReceiver}]
05-01 18:13:12.391  1352  1930 I am_proc_bound: [0,4241,com.viber.voip]
05-01 18:13:12.472  1352  1376 I am_uid_running: 1002
05-01 18:13:12.484  1352  1385 I am_proc_start: [0,4268,1002,com.android.bluetooth,service,{com.android.bluetooth/com.android.bluetooth.btservice.AdapterService}]
05-01 18:13:12.498  1352  1930 I am_proc_bound: [0,4268,com.android.bluetooth]
05-01 18:13:12.499  1352  1930 I am_uid_active: 1002
05-01 18:13:12.590  2940  3996 I gms_unknown: [5,1588344559591,1588345991650]
05-01 18:13:12.591  2940  3996 I gms_unknown: [CheckinTask:SentRequest,34415]
05-01 18:13:12.609  4268  4314 I bt_config_source: 1
05-01 18:13:12.746  2940  2940 I gms_unknown: 2369
05-01 18:13:12.746  2940  2940 I gms_unknown: 47106
05-01 18:13:12.775  1352  4367 I sysui_multi_action: [757,804,799,boot_mount_all_duration_early,801,7,802,1]
05-01 18:13:12.776  1352  4367 I sysui_multi_action: [757,804,799,boot_mount_all_duration_late,801,173,802,1]
05-01 18:13:12.776  1352  4367 I sysui_multi_action: [757,804,799,boot_fs_stat_dsp_b,801,3,802,1]
05-01 18:13:12.776  1352  4367 I sysui_multi_action: [757,804,799,boot_fs_stat_persist,801,3,802,1]
05-01 18:13:12.777  1352  4367 I sysui_multi_action: [757,804,799,shutdown_activity_manager,801,176,802,1]
05-01 18:13:12.777  1352  4367 I sysui_multi_action: [757,804,799,shutdown_radios,801,521,802,1]
05-01 18:13:12.777  1352  4367 I sysui_multi_action: [757,804,799,shutdown_radio,801,519,802,1]
05-01 18:13:12.777  1352  4367 I sysui_multi_action: [757,804,799,shutdown_send_shutdown_broadcast,801,63,802,1]
05-01 18:13:12.777  1352  4367 I sysui_multi_action: [757,804,799,shutdown_system_server,801,783,802,1]
05-01 18:13:12.777  1352  4367 I sysui_multi_action: [757,804,799,shutdown_package_manager,801,16,802,1]
05-01 18:13:12.781  1352  4367 I commit_sys_config_file: [log-files,4]
05-01 18:13:12.782  1352  1352 I notification_cancel_all: [10236,4241,com.viber.voip,0,0,64,9,NULL]
05-01 18:13:12.785  1352  1376 I commit_sys_config_file: [jobs,5]
05-01 18:13:12.810  1352  1930 I am_wtf  : [0,1352,system_server,-1,ActivityManager,Sending non-protected broadcast com.qti.dpmframework.DPM_INTERNET_CONNECTED from system 2253:.dataservices/1001 pkg com.qualcomm.qti.uceShimService]
05-01 18:13:12.819   603   603 I auditd  : avc:  denied  { find } for interface=vendor.qti.hardware.slmadapter::ISlmAdapter sid=u:r:dataservice_app:s0 pid=2253 scontext=u:r:dataservice_app:s0 tcontext=u:object_r:default_android_hwservice:s0 tclass=hwservice_manager permissive=0
05-01 18:13:13.116  1352  1352 I notification_enqueue: [10187,3069,com.google.android.apps.wellbeing,174344743,NULL,0,Notification(channel=app_limit_updates pri=0 contentView=null vibrate=null sound=null defaults=0x0 flags=0x162 color=0x00000000 category=service vis=PRIVATE),0]
05-01 18:13:13.161  1352  1930 I am_uid_active: 10169
05-01 18:13:13.181  2940  3996 I gms_unknown: [CheckinTask:ReceivedResponse,35005]
05-01 18:13:13.277  2940  3996 I gms_unknown: [6,0,0,0,0]
05-01 18:13:13.299  2940  3996 I gms_unknown: [5,1588345991650,1588345991650]
05-01 18:13:13.300  2940  3996 I gms_unknown: 119
05-01 18:13:13.302  2940  3996 I gms_unknown: 24
05-01 18:13:13.302  2940  3996 I gms_unknown: [CheckinTask:duration,1698]
05-01 18:13:13.346  2940  3996 I aggregation: 1588345993346
05-01 18:13:13.383  1352  3296 I backup_transport_lifecycle: [com.android.localtransport/.LocalTransportService,1]
05-01 18:13:13.391  1352  1385 I am_proc_start: [0,4452,1000,com.android.localtransport,service,{com.android.localtransport/com.android.localtransport.LocalTransportService}]
05-01 18:13:13.402  1352  3339 I am_proc_bound: [0,4452,com.android.localtransport]
05-01 18:13:13.504  1352  1650 I commit_sys_config_file: [settings-0-0,8]
05-01 18:13:13.554  1352  1383 I sysui_multi_action: [757,1717,758,1,759,0]
05-01 18:13:13.555  1352  1383 I sysui_multi_action: [757,1717,758,2,759,0]
05-01 18:13:13.555  1352  1383 I sysui_multi_action: [757,1717,758,3,759,0]
05-01 18:13:13.591  2940  3996 I gms_unknown: [5,1588345991650,1588345991650]
05-01 18:13:13.591  2940  3996 I gms_unknown: [CheckinTask:SentRequest,35415]
05-01 18:13:13.820  1352  1352 I notification_enqueue: [10169,2861,com.google.android.dialer,4,NULL,0,Notification(channel=phone_low_priority pri=0 contentView=null vibrate=null sound=null defaults=0x0 flags=0x58 color=0xff4285f4 groupKey=VisualVoicemailGroup vis=PRIVATE),0]
05-01 18:13:13.820  1352  1352 I sysui_multi_action: [757,1501,758,1,793,704,794,0,795,704,796,174344743,806,com.google.android.apps.wellbeing,857,app_limit_updates,858,2,947,0,1500,0,1641,service,1688,1]
05-01 18:13:13.820  1352  1352 I sysui_multi_action: [757,804,799,note_interruptive,801,0,802,1]
05-01 18:13:13.822  1352  1352 I backup_transport_connection: [com.android.localtransport/.LocalTransportService,1]
05-01 18:13:13.823  1352  1352 I sysui_multi_action: [757,128,758,5,759,8,793,707,794,0,795,707,796,174344743,806,com.google.android.apps.wellbeing,857,app_limit_updates,858,2,947,0,1500,3,1641,service,1688,1]
05-01 18:13:13.824  1352  1352 I notification_canceled: [0|com.google.android.apps.wellbeing|174344743|null|10187,8,707,707,0,-1,-1,NULL]
05-01 18:13:13.833  1352  3296 I backup_transport_lifecycle: [com.android.localtransport/.LocalTransportService,0]
05-01 18:13:13.833  1352  3296 I backup_transport_connection: [com.android.localtransport/.LocalTransportService,0]
05-01 18:13:13.846  1352  3296 I backup_transport_lifecycle: [com.google.android.gms/.backup.component.D2dTransportService,1]
05-01 18:13:13.881  1352  3339 I am_uid_running: 10183
05-01 18:13:13.894  2380  2699 I chatty  : uid=1001(radio) Binder:2380_4 expire 2 lines
05-01 18:13:13.898  1352  1385 I am_proc_start: [0,4507,10183,co.aospa.hub,broadcast,{co.aospa.hub/co.aospa.hub.receiver.UpdateReceiver}]
05-01 18:13:13.916  2380  2918 I chatty  : uid=1001(radio) Binder:2380_F expire 2 lines
05-01 18:13:13.920  2380  2917 I chatty  : uid=1001(radio) Binder:2380_E expire 5 lines
05-01 18:13:13.921  1352  3350 I am_proc_bound: [0,4507,co.aospa.hub]
05-01 18:13:13.928  2380  2380 I chatty  : uid=1001(radio) com.android.phone expire 59 lines
05-01 18:13:13.929  2380  2918 I chatty  : uid=1001(radio) Binder:2380_F expire 2 lines
05-01 18:13:13.932  2380  2700 I chatty  : uid=1001(radio) Binder:2380_5 expire 4 lines
05-01 18:13:13.934  2380  2921 I chatty  : uid=1001(radio) Binder:2380_10 expire 5 lines
05-01 18:13:13.941  1352  1920 I commit_sys_config_file: [net-policy,4]
05-01 18:13:13.943  2380  2699 I chatty  : uid=1001(radio) Binder:2380_4 expire 1 line
05-01 18:13:13.952  2380  2468 I chatty  : uid=1001(radio) HwBinder:2380_1 expire 2 lines
05-01 18:13:13.960  1352  1352 I backup_transport_connection: [com.google.android.gms/.backup.component.D2dTransportService,1]
05-01 18:13:13.961  1352  1352 I sysui_multi_action: [757,1501,758,1,793,786,794,0,795,786,796,4,806,com.google.android.dialer,857,phone_low_priority,858,2,946,VisualVoicemailGroup,947,0,1500,0,1688,1]
05-01 18:13:13.961  1352  1352 I sysui_multi_action: [757,804,799,note_interruptive,801,0,802,1]
05-01 18:13:13.961  1352  1352 I sysui_multi_action: [757,128,758,5,759,8,793,786,794,0,795,786,796,4,806,com.google.android.dialer,857,phone_low_priority,858,2,946,VisualVoicemailGroup,947,0,1500,0,1688,1]
05-01 18:13:13.962  1352  1352 I notification_canceled: [0|com.google.android.dialer|4|null|10169,8,786,786,0,-1,-1,NULL]
05-01 18:13:13.965  1352  1920 I commit_sys_config_file: [net-policy,6]
05-01 18:13:13.975  1226  1278 I chatty  : uid=1001(radio) DispatcherModul expire 6 lines
05-01 18:13:13.986  1352  3296 I backup_transport_lifecycle: [com.google.android.gms/.backup.component.D2dTransportService,0]
05-01 18:13:13.986  1352  3296 I backup_transport_connection: [com.google.android.gms/.backup.component.D2dTransportService,0]
05-01 18:13:13.990  2940  3996 I gms_unknown: [CheckinTask:ReceivedResponse,35815]
05-01 18:13:13.991  2940  3996 I gms_unknown: [6,0,0,0,0]
05-01 18:13:13.995  2380  4534 I chatty  : uid=1001(radio) com.android.phone expire 2 lines
05-01 18:13:13.995  2380  4535 I chatty  : uid=1001(radio) com.android.phone expire 2 lines
05-01 18:13:13.995  2940  3996 I gms_unknown: [5,1588345991650,1588345991650]
05-01 18:13:13.996  2940  3996 I gms_unknown: 119
05-01 18:13:13.996  1352  3296 I backup_transport_lifecycle: [com.google.android.gms/.backup.BackupTransportService,1]
05-01 18:13:13.997  2940  3996 I gms_unknown: 24
05-01 18:13:13.997  2940  3996 I gms_unknown: [CheckinTask:duration,659]
05-01 18:13:14.000  1352  1930 I am_uid_running: 10150
05-01 18:13:14.012  1352  1385 I am_proc_start: [0,4545,10150,code.name.monkey.retromusic,broadcast,{code.name.monkey.retromusic/code.name.monkey.retromusic.appwidgets.BootReceiver}]
05-01 18:13:14.023  1352  1352 I backup_transport_connection: [com.google.android.gms/.backup.BackupTransportService,1]
05-01 18:13:14.025  1352  2916 I am_proc_bound: [0,4545,code.name.monkey.retromusic]
05-01 18:13:14.030  1352  3296 I backup_transport_lifecycle: [com.google.android.gms/.backup.BackupTransportService,0]
05-01 18:13:14.030  1352  3296 I backup_transport_connection: [com.google.android.gms/.backup.BackupTransportService,0]
05-01 18:13:14.036  2380  2380 I chatty  : uid=1001(radio) com.android.phone expire 53 lines
05-01 18:13:14.037  1226  1278 I chatty  : uid=1001(radio) DispatcherModul expire 1 line
05-01 18:13:14.060  1243  1284 I chatty  : uid=1001(radio) DispatcherModul expire 2 lines
05-01 18:13:14.068  2380  2768 I chatty  : uid=1001(radio) NetworkService expire 4 lines
05-01 18:13:14.071  2380  2468 I chatty  : uid=1001(radio) HwBinder:2380_1 expire 13 lines
05-01 18:13:14.073  2380  2700 I chatty  : uid=1001(radio) Binder:2380_5 expire 2 lines
05-01 18:13:14.079  2380  2795 I chatty  : uid=1001(radio) CellularNetwork expire 4 lines
05-01 18:13:14.099  2380  4583 I chatty  : uid=1001(radio) com.android.phone expire 2 lines
05-01 18:13:14.099  2380  4582 I chatty  : uid=1001(radio) com.android.phone expire 2 lines
05-01 18:13:14.102  2380  2380 I chatty  : uid=1001(radio) com.android.phone expire 42 lines
05-01 18:13:14.115  1243  1284 I chatty  : uid=1001(radio) DispatcherModul expire 5 lines
05-01 18:13:14.125  2380  2768 I chatty  : uid=1001(radio) NetworkService expire 4 lines
05-01 18:13:14.127  2380  2468 I chatty  : uid=1001(radio) HwBinder:2380_1 expire 11 lines
05-01 18:13:14.131  2380  2797 I chatty  : uid=1001(radio) CellularNetwork expire 4 lines
05-01 18:13:14.136  1352  3350 I am_uid_running: 10222
05-01 18:13:14.138  2380  2700 I chatty  : uid=1001(radio) Binder:2380_5 expire 36 lines
05-01 18:13:14.147  1352  1385 I am_proc_start: [0,4590,10222,com.google.android.apps.messaging,broadcast,{com.google.android.apps.messaging/com.google.android.apps.messaging.shared.receiver.RestoreReceiver}]
05-01 18:13:14.157  1352  1930 I am_proc_bound: [0,4590,com.google.android.apps.messaging]
05-01 18:13:14.175  2380  2918 I chatty  : uid=1001(radio) Binder:2380_F expire 32 lines
05-01 18:13:14.263  2380  2700 I chatty  : uid=1001(radio) Binder:2380_5 expire 62 lines
05-01 18:13:14.269  2380  2468 I chatty  : uid=1001(radio) HwBinder:2380_1 expire 8 lines
05-01 18:13:14.287  1352  1930 I am_uid_running: 10184
05-01 18:13:14.309  1352  1385 I am_proc_start: [0,4642,10184,com.android.connectivity.metrics,broadcast,{com.android.connectivity.metrics/com.android.connectivity.metrics.SnapshotSchedulingReceiver}]
05-01 18:13:14.332  1352  2854 I am_proc_bound: [0,4642,com.android.connectivity.metrics]
05-01 18:13:14.347  1352  2478 I am_uid_running: 10172
05-01 18:13:14.360  1352  1385 I am_proc_start: [0,4668,10172,com.google.android.ims,broadcast,{com.google.android.ims/com.google.android.ims.receivers.CarrierConfigChangedReceiver}]
05-01 18:13:14.368  1352  2478 I am_proc_bound: [0,4668,com.google.android.ims]
05-01 18:13:14.393  1352  1385 I am_proc_start: [0,4689,1000,com.android.dynsystem,broadcast,{com.android.dynsystem/com.android.dynsystem.BootCompletedReceiver}]
05-01 18:13:14.395  2380  2921 I chatty  : uid=1001(radio) Binder:2380_10 expire 7 lines
05-01 18:13:14.417  1352  3350 I am_proc_bound: [0,4689,com.android.dynsystem]
05-01 18:13:14.447  1352  2854 I am_mem_factor: [0,1]
05-01 18:13:14.482  2380  2380 I chatty  : uid=1001(radio) com.android.phone expire 7 lines
05-01 18:13:14.540  1352  2854 I am_uid_running: 10136
05-01 18:13:14.554  1352  1385 I am_proc_start: [0,4754,10136,com.android.hotwordenrollment.okgoogle,broadcast,{com.android.hotwordenrollment.okgoogle/com.android.hotwordenrollment.okgoogle.StartupReceiver}]
05-01 18:13:14.561  1352  2478 I am_proc_bound: [0,4754,com.android.hotwordenrollment.okgoogle]
05-01 18:13:14.593  1352  2183 I am_uid_running: 10121
05-01 18:13:14.608  1352  1385 I am_proc_start: [0,4777,10121,com.android.hotwordenrollment.xgoogle,broadcast,{com.android.hotwordenrollment.xgoogle/com.android.hotwordenrollment.xgoogle.StartupReceiver}]
05-01 18:13:14.613  1352  2854 I am_proc_bound: [0,4777,com.android.hotwordenrollment.xgoogle]
05-01 18:13:14.645  1352  2854 I am_uid_running: 10138
05-01 18:13:14.659  1352  1385 I am_proc_start: [0,4803,10138,com.android.managedprovisioning,broadcast,{com.android.managedprovisioning/com.android.managedprovisioning.preprovisioning.BootReminder}]
05-01 18:13:14.665  1352  2183 I am_proc_bound: [0,4803,com.android.managedprovisioning]
05-01 18:13:14.715  1352  2854 I am_uid_running: 10125
05-01 18:13:14.733  1352  1385 I am_proc_start: [0,4848,10125,com.android.providers.calendar,broadcast,{com.android.providers.calendar/com.android.providers.calendar.CalendarReceiver}]
05-01 18:13:14.750  1352  1957 I am_proc_bound: [0,4848,com.android.providers.calendar]
05-01 18:13:14.822  2380  2884 I chatty  : uid=1001(radio) Stk App Service expire 2 lines
05-01 18:13:14.822  1352  2854 I am_uid_running: 10145
05-01 18:13:14.837  1352  1385 I am_proc_start: [0,4877,10145,com.android.traceur,broadcast,{com.android.traceur/com.android.traceur.Receiver}]
05-01 18:13:14.844  1352  2854 I am_proc_bound: [0,4877,com.android.traceur]
05-01 18:13:15.095  1352  1385 I am_proc_start: [0,4909,10222,com.google.android.apps.messaging:rcs,broadcast,{com.google.android.apps.messaging/com.google.android.ims.receiver.AutoStartReceiver}]
05-01 18:13:15.108  1352  1957 I am_proc_bound: [0,4909,com.google.android.apps.messaging:rcs]
05-01 18:13:15.111  1352  1650 I commit_sys_config_file: [settings-2-0,13]
05-01 18:13:15.127  2719  4932 I service_manager_stats: [200,90,5606]
05-01 18:13:15.274  2164  2164 I sysui_multi_action: [757,803,799,panel_open_qs,802,1]
05-01 18:13:15.297  2164  2164 I sysui_multi_action: [757,803,799,panel_open,802,1]
05-01 18:13:15.299  2164  2164 I sysui_multi_action: [757,1328,758,4,826,228,827,465,1326,87,1327,1,1329,0]
05-01 18:13:15.299  1352  2916 I sysui_multi_action: [757,127,758,1]
05-01 18:13:15.299  1352  2916 I sysui_multi_action: [757,804,799,note_load,801,2,802,1]
05-01 18:13:15.299  1352  2916 I notification_panel_revealed: 2
05-01 18:13:15.300  1352  1384 I am_wtf  : [0,1352,system_server,-1,AppOps,Operation not started: uid=10216 pkg=com.google.android.inputmethod.latin op=VIBRATE]
05-01 18:13:15.310  2380  2918 I chatty  : uid=1001(radio) Binder:2380_F expire 10 lines
05-01 18:13:15.314  2380  2468 I chatty  : uid=1001(radio) HwBinder:2380_1 expire 4 lines
05-01 18:13:15.327  2380  2700 I chatty  : uid=1001(radio) Binder:2380_5 expire 9 lines
05-01 18:13:15.403  2380  2921 I chatty  : uid=1001(radio) Binder:2380_10 expire 17 lines
05-01 18:13:15.404  2380  2921 I service_manager_stats: [893,382,5002]
05-01 18:13:15.408  1352  2478 I am_uid_running: 10179
05-01 18:13:15.430  1352  1385 I am_proc_start: [0,4964,10179,com.google.android.apps.turbo,broadcast,{com.google.android.apps.turbo/com.google.android.apps.turbo.nudges.battery.ServiceManagerReceiver}]
05-01 18:13:15.466  1352  2854 I am_proc_bound: [0,4964,com.google.android.apps.turbo]
05-01 18:13:15.543  2380  2824 I chatty  : uid=1001(radio) Binder:2380_C expire 1 line
05-01 18:13:15.544  2164  2164 I sysui_multi_action: [757,111,758,1]
05-01 18:13:15.544  2164  2164 I sysui_multi_action: [757,126,758,1,759,126,927,0,928,1,1593,1]
05-01 18:13:15.544  2164  2164 I sysui_multi_action: [757,113,758,1,759,113,927,1,928,0,1593,1]
05-01 18:13:15.544  2164  2164 I sysui_multi_action: [757,118,758,1,759,118,927,2,928,0,1593,1]
05-01 18:13:15.545  2164  2164 I sysui_multi_action: [757,123,758,1,759,123,927,3,928,0,1593,1]
05-01 18:13:15.545  2164  2164 I sysui_multi_action: [757,120,758,1,759,120,927,4,928,0,1593,1]
05-01 18:13:15.545  2164  2164 I sysui_multi_action: [757,119,758,1,759,119,927,5,928,0,1593,1]
05-01 18:13:15.545  2164  2164 I sysui_multi_action: [757,111,758,1]
05-01 18:13:15.545  2164  2164 I sysui_multi_action: [757,126,758,1,759,126,927,0,928,1,1593,1]
05-01 18:13:15.545  2164  2164 I sysui_multi_action: [757,113,758,1,759,113,927,1,928,0,1593,1]
05-01 18:13:15.545  2164  2164 I sysui_multi_action: [757,118,758,1,759,118,927,2,928,0,1593,1]
05-01 18:13:15.545  2164  2164 I sysui_multi_action: [757,123,758,1,759,123,927,3,928,0,1593,1]
05-01 18:13:15.545  2164  2164 I sysui_multi_action: [757,120,758,1,759,120,927,4,928,0,1593,1]
05-01 18:13:15.545  2164  2164 I sysui_multi_action: [757,119,758,1,759,119,927,5,928,0,1593,1]
05-01 18:13:15.627  1352  1385 I am_proc_start: [0,5011,10179,com.google.android.apps.turbo:aab,broadcast,{com.google.android.apps.turbo/com.google.android.libraries.smartbattery.appusage.library.BootReceiver}]
05-01 18:13:15.647  1352  1957 I am_proc_bound: [0,5011,com.google.android.apps.turbo:aab]
05-01 18:13:15.896  1352  2854 I am_uid_running: 10209
05-01 18:13:15.914  1352  1385 I am_proc_start: [0,5052,10209,com.google.android.calendar,broadcast,{com.google.android.calendar/com.google.android.apps.calendar.sync.SyncOnUnlockReceiver}]
05-01 18:13:15.940  1352  1957 I am_proc_bound: [0,5052,com.google.android.calendar]
05-01 18:13:16.235  1352  2854 I am_uid_running: 10178
05-01 18:13:16.252  1352  1385 I am_proc_start: [0,5103,10178,com.google.android.configupdater,broadcast,{com.google.android.configupdater/com.google.android.configupdater.MainReceiver}]
05-01 18:13:16.274  1352  2478 I am_proc_bound: [0,5103,com.google.android.configupdater]
05-01 18:13:16.353  1352  2478 I am_uid_running: 10170
05-01 18:13:16.384  1352  1385 I am_proc_start: [0,5150,10170,com.google.android.contacts,broadcast,{com.google.android.contacts/com.google.android.apps.contacts.receiver.OnBootOrUpgradeReceiver}]
05-01 18:13:16.395  1352  2854 I am_proc_bound: [0,5150,com.google.android.contacts]
05-01 18:13:16.557  1352  2478 I am_uid_running: 10206
05-01 18:13:16.580  1352  1385 I am_proc_start: [0,5198,10206,com.google.android.gm,broadcast,{com.google.android.gm/com.google.android.gm.GoogleMailDeviceStartupReceiver}]
05-01 18:13:16.591  1352  2478 I am_proc_bound: [0,5198,com.google.android.gm]
05-01 18:13:16.707  2164  2164 I sysui_multi_action: [757,194,758,4,826,146,827,1013]
05-01 18:13:16.708  2164  2164 I sysui_lockscreen_gesture: [9,146,1013]
05-01 18:13:16.970  1352  1930 I am_uid_running: 10214
05-01 18:13:16.987  1352  1385 I am_proc_start: [0,5269,10214,com.android.chrome,service,{com.android.chrome/org.chromium.chrome.browser.customtabs.CustomTabsConnectionService}]
05-01 18:13:16.991  1352  3355 I am_uid_active: 10125
05-01 18:13:17.006  1352  1376 I commit_sys_config_file: [notification-policy,14]
05-01 18:13:17.012  1352  2478 I am_proc_bound: [0,5269,com.android.chrome]
05-01 18:13:17.027  1352  1376 I commit_sys_config_file: [notification-policy,12]
05-01 18:13:17.085  1352  1943 I am_uid_running: 10192
05-01 18:13:17.102  1352  1385 I am_proc_start: [0,5305,10192,com.google.android.onetimeinitializer,broadcast,{com.google.android.onetimeinitializer/com.google.android.onetimeinitializer.OneTimeInitializerReceiver}]
05-01 18:13:17.110  1352  2854 I am_proc_bound: [0,5305,com.google.android.onetimeinitializer]
05-01 18:13:17.160  1352  3344 I am_uid_running: 10123
05-01 18:13:17.174  1352  1385 I am_proc_start: [0,5333,10123,com.google.android.packageinstaller,broadcast,{com.google.android.packageinstaller/com.android.packageinstaller.TemporaryFileManager}]
05-01 18:13:17.184  1352  3344 I am_proc_bound: [0,5333,com.google.android.packageinstaller]
05-01 18:13:17.242  1352  3339 I am_kill : [0,3090,com.qualcomm.qti.poweroffalarm,999,empty #31]
05-01 18:13:17.310  1352  3350 I am_proc_died: [0,3090,com.qualcomm.qti.poweroffalarm,999,20]
05-01 18:13:17.371  1352  1376 I commit_sys_config_file: [jobs,9]
05-01 18:13:17.416  1352  2162 I sync    : [com.google.android.gms.auth.accountstate,0,3,1901271852]
05-01 18:13:17.497  1352  1385 I am_proc_start: [0,5405,10195,com.google.android.gms.ui,service,{com.google.android.gms/com.google.android.gms.chimera.UiIntentOperationService}]
05-01 18:13:17.501  1352  3342 I am_uid_running: 10131
05-01 18:13:17.509  1352  2162 I sync    : [com.google.android.gms.auth.accountstate,1,3,1901271852]
05-01 18:13:17.518  1352  1385 I am_proc_start: [0,5412,10131,com.google.android.permissioncontroller,broadcast,{com.google.android.permissioncontroller/com.android.packageinstaller.permission.service.LocationAccessCheck$SetupPeriodicBackgroundLocationAccessCheck}]
05-01 18:13:17.522  1352  3339 I am_proc_bound: [0,5405,com.google.android.gms.ui]
05-01 18:13:17.524  1352  3344 I am_proc_bound: [0,5412,com.google.android.permissioncontroller]
05-01 18:13:17.562  1352  1943 I am_kill : [0,3494,com.google.android.projection.gearhead:shared,995,empty #31]
05-01 18:13:17.563  1352  1943 I am_kill : [0,3814,com.android.keychain,999,empty #32]
05-01 18:13:17.595  1352  3342 I am_proc_died: [0,3814,com.android.keychain,999,20]
05-01 18:13:17.608  3517  3535 I force_gc: Binder
05-01 18:13:17.673  1352  3342 I am_uid_running: 10185
05-01 18:13:17.677  1352  3342 I am_kill : [0,4152,com.qti.ltebc,999,empty #31]
05-01 18:13:17.688  1352  1385 I am_proc_start: [0,5482,10185,com.google.android.setupwizard,broadcast,{com.google.android.setupwizard/com.google.android.setupwizard.deferred.PostSetupLifecycleBootReceiver}]
05-01 18:13:17.705  1352  2162 I sync    : [com.google.android.gms.chromesync,0,3,1901271852]
05-01 18:13:17.711  1352  2854 I am_proc_bound: [0,5482,com.google.android.setupwizard]
05-01 18:13:17.715  1352  3342 I am_proc_died: [0,3494,com.google.android.projection.gearhead:shared,995,20]
05-01 18:13:17.715  1352  3342 I am_uid_stopped: 10259
05-01 18:13:17.729  2940  4056 I gms_unknown: 47122
05-01 18:13:17.758  2940  3996 I aggregation: 1588345997758
05-01 18:13:17.815  2802  5523 I gtalk_conn_close: [30,20]
05-01 18:13:17.822  1352  2916 I am_proc_died: [0,4152,com.qti.ltebc,999,20]
05-01 18:13:17.822  1352  2916 I am_uid_stopped: 10174
05-01 18:13:17.839  1352  2162 I sync    : [com.google.android.gms.chromesync,1,3,1901271852]
05-01 18:13:17.877  2164  2164 I sysui_multi_action: [757,194,758,4,826,158,827,1412]
05-01 18:13:17.877  2164  2164 I sysui_lockscreen_gesture: [9,158,1412]
05-01 18:13:17.952  1352  1376 I commit_sys_config_file: [notification-policy,11]
05-01 18:13:17.958  1352  1376 I commit_sys_config_file: [notification-policy,7]
05-01 18:13:18.011  1352  1376 I commit_sys_config_file: [notification-policy,5]
05-01 18:13:18.027  1352  1376 I commit_sys_config_file: [notification-policy,12]
05-01 18:13:18.039  2380  2830 I service_manager_slow: [14,isub]
05-01 18:13:18.095  1352  5502 I service_manager_stats: [165,238,7773]
05-01 18:13:18.196  2380  2687 I chatty  : uid=1001(radio) DcHandlerThread expire 1 line
05-01 18:13:18.262  1352  2478 I am_uid_running: 10197
05-01 18:13:18.296  1352  1385 I am_proc_start: [0,5621,10197,com.google.process.gapps,broadcast,{com.google.android.syncadapters.contacts/com.google.android.syncadapters.contacts.ContactsSyncAdapterBroadcastReceiver}]
05-01 18:13:18.320  1352  3342 I am_proc_bound: [0,5621,com.google.process.gapps]
05-01 18:13:18.327  1352  3342 I am_kill : [0,4241,com.viber.voip,999,empty #31]
05-01 18:13:18.368  1352  2162 I sync    : [subscribedfeeds,0,0,1901271852]
05-01 18:13:18.434  1352  1369 I am_uid_running: 10174
05-01 18:13:18.456  1352  1385 I am_proc_start: [0,5669,10174,com.qti.ltebc,broadcast,{com.qti.ltebc/com.qualcomm.ltebc.LTEBroadcastBootReceiver}]
05-01 18:13:18.485  1352  2474 I am_kill : [0,4452,com.android.localtransport,999,empty #31]
05-01 18:13:18.487  1352  3344 I am_proc_bound: [0,5669,com.qti.ltebc]
05-01 18:13:18.519  1352  2474 I am_proc_died: [0,4452,com.android.localtransport,999,20]
05-01 18:13:18.537  2940  3996 I gms_unknown: [5,1588345991650,1588345991650]
05-01 18:13:18.537  2940  3996 I gms_unknown: [CheckinTask:SentRequest,40362]
05-01 18:13:18.551  2380  2380 I chatty  : uid=1001(radio) com.android.phone expire 16 lines
05-01 18:13:18.621  2802  5721 I sysui_multi_action: [757,920,758,4,759,1355583488]
05-01 18:13:18.632  1352  3355 I am_proc_died: [0,4241,com.viber.voip,999,20]
05-01 18:13:18.633  1352  3355 I am_uid_stopped: 10236
05-01 18:13:18.681  2164  2164 I sysui_multi_action: [757,111,758,2]
05-01 18:13:18.681  2164  2164 I sysui_multi_action: [757,111,758,2]
05-01 18:13:18.686  1352  1957 I am_kill : [0,3145,com.google.android.marvin.talkback,999,empty #31]
05-01 18:13:18.717  1352  5722 I am_uid_running: 10211
05-01 18:13:18.723  1352  5722 I am_proc_died: [0,3145,com.google.android.marvin.talkback,999,20]
05-01 18:13:18.724  1352  5722 I am_uid_stopped: 10221
05-01 18:13:18.734  2380  2820 I chatty  : uid=1001(radio) Binder:2380_A expire 20 lines
05-01 18:13:18.737  1352  1385 I am_proc_start: [0,5732,10211,com.qualcomm.telephony,broadcast,{com.qualcomm.atfwd/com.qualcomm.atfwd.AtFwdAutoboot}]
05-01 18:13:18.745  1352  3342 I am_proc_died: [0,5669,com.qti.ltebc,905,20]
05-01 18:13:18.746  1352  3342 I am_uid_stopped: 10174
05-01 18:13:18.759  1352  1957 I am_proc_bound: [0,5732,com.qualcomm.telephony]
05-01 18:13:18.765  2380  2830 I chatty  : uid=1001(radio) Binder:2380_D expire 55 lines
05-01 18:13:18.809  1352  3355 I sysui_multi_action: [757,127,758,2]
05-01 18:13:18.809  1352  3355 I notification_panel_hidden: 
05-01 18:13:18.862  1352  1385 I am_proc_start: [0,5755,1000,com.qualcomm.qti.biometrics.fingerprint.service,broadcast,{com.qualcomm.qti.biometrics.fingerprint.service/com.qualcomm.qti.biometrics.fingerprint.service.ShutdownReceiver}]
05-01 18:13:18.889  1352  3340 I am_proc_bound: [0,5755,com.qualcomm.qti.biometrics.fingerprint.service]
05-01 18:13:18.912  2940  3996 I gms_unknown: [CheckinTask:ReceivedResponse,40737]
05-01 18:13:18.913  2940  3996 I gms_unknown: [6,0,0,0,0]
05-01 18:13:18.919  2940  3996 I gms_unknown: [5,1588345991650,1588345991650]
05-01 18:13:18.919  2940  3996 I gms_unknown: 119
05-01 18:13:18.923  2940  3996 I gms_unknown: 24
05-01 18:13:18.923  2940  3996 I gms_unknown: [CheckinTask:duration,1168]
05-01 18:13:18.959  1352  1385 I am_proc_start: [0,5782,1001,com.qualcomm.qti.lpa,broadcast,{com.qualcomm.qti.lpa/com.qualcomm.qti.lpa.UimLpaBootReceiver}]
05-01 18:13:18.971  1352  3340 I am_proc_bound: [0,5782,com.qualcomm.qti.lpa]
05-01 18:13:19.016  1352  3355 I am_kill : [0,4507,co.aospa.hub,999,empty #31]
05-01 18:13:19.023  1352  3340 I am_uid_running: 10238
05-01 18:13:19.039  1352  1385 I am_proc_start: [0,5806,10238,com.google.android.apps.docs,broadcast,{com.google.android.apps.docs/com.google.android.libraries.internal.growth.growthkit.inject.GrowthKitBootCompletedBroadcastReceiver}]
05-01 18:13:19.047  1352  3340 I am_proc_died: [0,4507,co.aospa.hub,999,20]
05-01 18:13:19.047  1352  3340 I am_uid_stopped: 10183
05-01 18:13:19.055  1352  3355 I am_proc_bound: [0,5806,com.google.android.apps.docs]
05-01 18:13:19.173  2164  2164 I sysui_multi_action: [757,803,799,panel_open,802,1]
05-01 18:13:19.194  1352  3355 I sysui_multi_action: [757,127,758,1]
05-01 18:13:19.194  1352  3355 I sysui_multi_action: [757,804,799,note_load,801,0,802,1]
05-01 18:13:19.194  1352  3355 I notification_panel_revealed: 0
05-01 18:13:19.195  2164  2164 I sysui_multi_action: [757,1328,758,4,826,228,827,465,1326,69,1327,1,1329,0]
05-01 18:13:19.197  1352  1384 I am_wtf  : [0,1352,system_server,-1,AppOps,Operation not started: uid=10180 pkg=com.android.systemui op=VIBRATE]
05-01 18:13:19.316  1352  1650 I commit_sys_config_file: [settings-0-0,12]
05-01 18:13:19.409  1352  1376 I commit_sys_config_file: [jobs,8]
05-01 18:13:19.441  1352  3340 I am_kill : [0,4545,code.name.monkey.retromusic,999,empty #31]
05-01 18:13:19.454  1352  2162 I sync    : [subscribedfeeds,1,0,1901271852]
05-01 18:13:19.513  1352  1957 I am_proc_died: [0,4545,code.name.monkey.retromusic,999,20]
05-01 18:13:19.514  1352  1957 I am_uid_stopped: 10150
05-01 18:13:19.563  2380  2820 I chatty  : uid=1001(radio) Binder:2380_A expire 12 lines
05-01 18:13:19.563  2380  2380 I chatty  : uid=1001(radio) com.android.phone expire 28 lines
05-01 18:13:19.595  1352  3355 I am_uid_running: 10227
05-01 18:13:19.617  1352  1385 I am_proc_start: [0,5890,10227,com.google.android.keep,broadcast,{com.google.android.keep/com.google.android.keep.notification.ReminderNotificationReceiver}]
05-01 18:13:19.630  1352  1957 I am_proc_bound: [0,5890,com.google.android.keep]
05-01 18:13:19.874  1352  2162 I sync    : [com.google.android.keep,0,0,1901271852]
05-01 18:13:19.914  2164  2164 I sysui_multi_action: [757,111,758,1]
05-01 18:13:19.914  2164  2164 I sysui_multi_action: [757,126,758,1,759,126,927,0,928,1,1593,0]
05-01 18:13:19.914  2164  2164 I sysui_multi_action: [757,113,758,1,759,113,927,1,928,0,1593,0]
05-01 18:13:19.915  2164  2164 I sysui_multi_action: [757,118,758,1,759,118,927,2,928,0,1593,0]
05-01 18:13:19.915  2164  2164 I sysui_multi_action: [757,123,758,1,759,123,927,3,928,0,1593,0]
05-01 18:13:19.915  2164  2164 I sysui_multi_action: [757,120,758,1,759,120,927,4,928,0,1593,0]
05-01 18:13:19.915  2164  2164 I sysui_multi_action: [757,119,758,1,759,119,927,5,928,0,1593,0]
05-01 18:13:19.915  2164  2164 I sysui_multi_action: [757,111,758,1]
05-01 18:13:19.915  2164  2164 I sysui_multi_action: [757,126,758,1,759,126,927,0,928,1,1593,0]
05-01 18:13:19.915  2164  2164 I sysui_multi_action: [757,113,758,1,759,113,927,1,928,0,1593,0]
05-01 18:13:19.915  2164  2164 I sysui_multi_action: [757,118,758,1,759,118,927,2,928,0,1593,0]
05-01 18:13:19.915  2164  2164 I sysui_multi_action: [757,123,758,1,759,123,927,3,928,0,1593,0]
05-01 18:13:19.915  2164  2164 I sysui_multi_action: [757,120,758,1,759,120,927,4,928,0,1593,0]
05-01 18:13:19.915  2164  2164 I sysui_multi_action: [757,119,758,1,759,119,927,5,928,0,1593,0]
05-01 18:13:19.950  2164  2164 I sysui_multi_action: [757,194,758,4,826,86,827,3674]
05-01 18:13:19.951  2164  2164 I sysui_lockscreen_gesture: [9,86,3674]
05-01 18:13:19.978  1352  3340 I am_uid_running: 10259
05-01 18:13:20.005  1352  1385 I am_proc_start: [0,5951,10259,com.google.android.projection.gearhead:shared,broadcast,{com.google.android.projection.gearhead/com.google.android.apps.auto.components.app.fzero.FzeroReceiver}]
05-01 18:13:20.016  1352  3340 I am_proc_bound: [0,5951,com.google.android.projection.gearhead:shared]
05-01 18:13:20.265  1352  1957 I am_kill : [0,4642,com.android.connectivity.metrics,999,empty #31]
05-01 18:13:20.296  1352  2916 I am_proc_died: [0,4642,com.android.connectivity.metrics,999,20]
05-01 18:13:20.296  1352  2916 I am_uid_stopped: 10184
05-01 18:13:20.298  1352  1385 I am_proc_start: [0,5997,10259,com.google.android.projection.gearhead:car,broadcast,{com.google.android.projection.gearhead/com.google.android.apps.auto.carservice.gmscorecompat.ComponentInitReceiver}]
05-01 18:13:20.316  1352  3342 I am_proc_bound: [0,5997,com.google.android.projection.gearhead:car]
05-01 18:13:20.372  1352  1383 I am_pss  : [2434,10181,com.android.launcher3,89958400,73891840,0,232718336,0,2,7]
05-01 18:13:20.556  1352  3643 I am_kill : [0,4689,com.android.dynsystem,999,empty #31]
05-01 18:13:20.568  1352  3643 I am_proc_died: [0,4689,com.android.dynsystem,999,20]
05-01 18:13:20.806  2164  2164 I sysui_multi_action: [757,111,758,2]
05-01 18:13:20.806  2164  2164 I sysui_multi_action: [757,111,758,2]
05-01 18:13:20.830  1352  3643 I am_uid_running: 10234
05-01 18:13:20.832  1352  3643 I am_kill : [0,4754,com.android.hotwordenrollment.okgoogle,999,empty #31]
05-01 18:13:20.852  1352  1385 I am_proc_start: [0,6034,10234,com.google.android.youtube,broadcast,{com.google.android.youtube/com.google.android.libraries.youtube.mdx.background.MdxBackgroundScanBootReceiver}]
05-01 18:13:20.855  1352  1957 I am_proc_died: [0,4754,com.android.hotwordenrollment.okgoogle,999,20]
05-01 18:13:20.855  1352  1957 I am_uid_stopped: 10136
05-01 18:13:20.864  1352  1383 I am_pss  : [2802,10195,com.google.android.gms.persistent,93762560,68558848,0,260747264,0,5,9]
05-01 18:13:20.869  1352  1957 I am_proc_bound: [0,6034,com.google.android.youtube]
05-01 18:13:20.945  1352  3643 I sysui_multi_action: [757,127,758,2]
05-01 18:13:20.945  1352  3643 I notification_panel_hidden: 
05-01 18:13:21.024  2380  2830 I service_manager_stats: [155,130,5621]
05-01 18:13:21.169  1352  1383 I am_pss  : [2940,10195,com.google.android.gms,101869568,75198464,0,276340736,0,5,10]
05-01 18:13:21.338  2380  2468 I chatty  : uid=1001(radio) HwBinder:2380_1 expire 4 lines
05-01 18:13:21.461  1352  1376 I commit_sys_config_file: [jobs,7]
05-01 18:13:21.468  1352  3643 I am_kill : [0,4777,com.android.hotwordenrollment.xgoogle,999,empty #31]
05-01 18:13:21.472  1352  2162 I sync    : [com.google.android.keep,1,0,1901271852]
05-01 18:13:21.476  1352  2162 I sync    : [com.google.android.keep,0,1,1901271852]
05-01 18:13:21.537  1352  2916 I am_proc_died: [0,4777,com.android.hotwordenrollment.xgoogle,999,20]
05-01 18:13:21.538  1352  2916 I am_uid_stopped: 10121
05-01 18:13:21.946  1352  1352 I notification_cancel_all: [1000,1352,com.google.android.youtube,0,0,0,17,NULL]
05-01 18:13:21.953  1352  1376 I commit_sys_config_file: [notification-policy,7]
05-01 18:13:21.965  1352  1385 I am_proc_start: [0,6162,1000,com.android.keychain,service,{com.android.keychain/com.android.keychain.KeyChainService}]
05-01 18:13:21.975  1352  3643 I am_proc_bound: [0,6162,com.android.keychain]
05-01 18:13:21.979  1352  1352 I notification_cancel_all: [1000,1352,com.google.android.youtube,0,0,0,17,NULL]
05-01 18:13:21.986  1352  1376 I commit_sys_config_file: [notification-policy,7]
05-01 18:13:22.014  1352  2162 I sync    : [com.google.android.keep,1,1,1901271852]
05-01 18:13:22.034  1352  2859 I am_kill : [0,4803,com.android.managedprovisioning,999,empty #31]
05-01 18:13:22.069  1352  3350 I am_proc_died: [0,4803,com.android.managedprovisioning,999,20]
05-01 18:13:22.070  1352  3350 I am_uid_stopped: 10138
05-01 18:13:22.141  1352  3350 I am_uid_running: 10248
05-01 18:13:22.143  1352  3350 I am_kill : [0,2427,com.android.settings,999,empty #31]
05-01 18:13:22.154  1352  1385 I am_proc_start: [0,6217,10248,com.melodis.midomiMusicIdentifier.freemium,broadcast,{com.melodis.midomiMusicIdentifier.freemium/com.localytics.android.BootReceiver}]
05-01 18:13:22.174  1352  3643 I am_proc_bound: [0,6217,com.melodis.midomiMusicIdentifier.freemium]
05-01 18:13:22.175  3517  3915 I force_gc: Binder
05-01 18:13:22.188  1352  3643 I am_proc_died: [0,2427,com.android.settings,999,20]
05-01 18:13:22.200  2380  2824 I chatty  : uid=1001(radio) Binder:2380_C expire 1 line
05-01 18:13:22.481  1352  1385 I am_proc_start: [0,6305,10191,com.android.vending:download_service,service,{com.android.vending/com.google.android.finsky.downloadservice.DownloadService}]
05-01 18:13:22.499  1352  1943 I am_proc_bound: [0,6305,com.android.vending:download_service]
05-01 18:13:22.554  1352  3643 I sysui_multi_action: [757,856,758,2,806,com.android.vending,857,download-service-pending-downloads-notification-channel-low,858,2]
05-01 18:13:22.554  1352  1352 I notification_cancel_all: [1000,1352,com.android.vending,0,0,0,17,NULL]
05-01 18:13:22.554  1352  1352 I notification_cancel_all: [1000,1352,com.android.vending,0,0,0,17,NULL]
05-01 18:13:22.554  1352  3643 I sysui_multi_action: [757,856,758,2,806,com.android.vending,857,download-service-active-downloads-notification-channel-low,858,2]
05-01 18:13:22.554  1352  1352 I notification_cancel_all: [1000,1352,com.android.vending,0,0,0,17,NULL]
05-01 18:13:22.554  1352  1352 I chatty  : uid=1000 system_server identical 1 line
05-01 18:13:22.555  1352  1352 I notification_cancel_all: [1000,1352,com.android.vending,0,0,0,17,NULL]
05-01 18:13:22.560  1352  1943 I sysui_multi_action: [757,859,758,6,806,com.android.vending,860,essentials]
05-01 18:13:22.561  1352  3643 I sysui_multi_action: [757,856,758,1,806,com.android.vending,857,maintenance-v2,858,1]
05-01 18:13:22.561  1352  1376 I commit_sys_config_file: [notification-policy,6]
05-01 18:13:22.567  1352  1376 I commit_sys_config_file: [notification-policy,5]
05-01 18:13:22.584  1352  1943 I am_uid_running: 10236
05-01 18:13:22.585  1352  1943 I am_kill : [0,4877,com.android.traceur,999,empty #31]
05-01 18:13:22.594  1352  1943 I sysui_multi_action: [757,856,758,1,806,com.android.vending,857,setup,858,2]
05-01 18:13:22.597  1352  1385 I am_proc_start: [0,6340,10236,com.viber.voip,broadcast,{com.viber.voip/com.viber.service.ServiceAutoLauncher}]
05-01 18:13:22.600  1352  1376 I commit_sys_config_file: [notification-policy,7]
05-01 18:13:22.606  1352  1376 I commit_sys_config_file: [notification-policy,5]
05-01 18:13:22.607  1352  1352 I notification_cancel_all: [1000,1352,com.android.vending,0,0,0,17,NULL]
05-01 18:13:22.607  1352  5722 I sysui_multi_action: [757,856,758,2,806,com.android.vending,857,download-service-pending-downloads-notification-channel-low,858,2]
05-01 18:13:22.608  1352  1352 I notification_cancel_all: [1000,1352,com.android.vending,0,0,0,17,NULL]
05-01 18:13:22.608  1352  1943 I am_proc_died: [0,4877,com.android.traceur,999,20]
05-01 18:13:22.608  1352  5722 I sysui_multi_action: [757,856,758,2,806,com.android.vending,857,download-service-active-downloads-notification-channel-low,858,2]
05-01 18:13:22.608  1352  1943 I am_uid_stopped: 10145
05-01 18:13:22.609  1352  1352 I notification_cancel_all: [1000,1352,com.android.vending,0,0,0,17,NULL]
05-01 18:13:22.610  1352  1352 I chatty  : uid=1000 system_server identical 1 line
05-01 18:13:22.610  1352  1352 I notification_cancel_all: [1000,1352,com.android.vending,0,0,0,17,NULL]
05-01 18:13:22.614  1352  1376 I commit_sys_config_file: [notification-policy,7]
05-01 18:13:22.615  1352  5722 I am_proc_bound: [0,6340,com.viber.voip]
05-01 18:13:22.621  1352  1376 I commit_sys_config_file: [notification-policy,7]
05-01 18:13:22.650  1352  1383 I sysui_multi_action: [757,1717,758,1,759,0]
05-01 18:13:22.650  1352  1383 I sysui_multi_action: [757,1717,758,2,759,0]
05-01 18:13:22.650  1352  1383 I sysui_multi_action: [757,1717,758,3,759,0]
05-01 18:13:22.654  1352  3340 I am_kill : [0,4909,com.google.android.apps.messaging:rcs,999,empty #31]
05-01 18:13:22.702  1352  1943 I am_proc_died: [0,4909,com.google.android.apps.messaging:rcs,999,20]
05-01 18:13:22.745  1352  1650 I commit_sys_config_file: [settings-3-0,3]
05-01 18:13:22.859  1352  1352 I notification_cancel_all: [10236,6340,com.viber.voip,0,0,64,9,NULL]
05-01 18:13:22.872  1352  1943 I am_kill : [0,2719,com.android.cellbroadcastreceiver,999,empty #31]
05-01 18:13:22.889  1352  3916 I am_proc_died: [0,2719,com.android.cellbroadcastreceiver,999,20]
05-01 18:13:22.889  1352  3916 I am_uid_stopped: 10130
05-01 18:13:22.966  1352  2474 I am_uid_running: 10213
05-01 18:13:22.975  2164  2164 I sysui_multi_action: [757,803,799,panel_open,802,1]
05-01 18:13:22.990  1352  1385 I am_proc_start: [0,6426,10213,com.google.android.webview:webview_service,service,{com.google.android.webview/org.chromium.android_webview.services.VariationsSeedServer}]
05-01 18:13:22.997  2380  2794 I chatty  : uid=1001(radio) Binder:2380_8 expire 14 lines
05-01 18:13:23.001  2164  2164 I sysui_multi_action: [757,1328,758,4,826,228,827,465,1326,72,1327,1,1329,0]
