02-23 00:55:29.119   448   448 I servicemanager: type=1400 audit(0.0:34): avc: denied { read } for name="current" dev="proc" ino=19838 scontext=u:r:servicemanager:s0 tcontext=u:r:init:s0 tclass=file permissive=1
02-23 00:55:29.119   448   448 I servicemanager: type=1400 audit(0.0:35): avc: denied { open } for path="/proc/750/attr/current" dev="proc" ino=19838 scontext=u:r:servicemanager:s0 tcontext=u:r:init:s0 tclass=file permissive=1
02-23 00:55:29.119   448   448 I servicemanager: type=1400 audit(0.0:36): avc: denied { getattr } for scontext=u:r:servicemanager:s0 tcontext=u:r:init:s0 tclass=process permissive=1
02-23 00:55:29.119   577   577 E QSEECOMD: : Listener: index = 2, hierarchy = 1
02-23 00:55:29.119   577   577 D QSEECOMD: : Init dlopen(libsecureui.so, RTLD_NOW) succeeds
02-23 00:55:29.119   577   577 D QSEECOMD: : Init::Init dlsym(g_FSHandle secure_ui_start) succeeds
02-23 00:55:29.119   577   577 D QSEECOMAPI: QSEECom_register_listener 16384 sb_length = 0x10a8
02-23 00:55:29.120   591   591 I Dpps    : GetInstance: DppsServer ref count increased to 1
02-23 00:55:29.121   587   625 E Sensors : sns_reg_la.c(86):reg read: offset 10500, num bytes: 1
02-23 00:55:29.122   591   591 I Dpps    : AbaContext():18 ABA context instantiation
02-23 00:55:29.122   591   591 I Dpps    : AmbientLightContext():16 AL context instantiation
02-23 00:55:29.122   591   591 I Dpps    : InitFeatureContext():93 Initialize feature context
02-23 00:55:29.122   591   591 I Dpps    : InitContext():84 display fd 6 histogram bins 256  components 1 Lut size 256 panel 0 sensor type 1
02-23 00:55:29.122   591   591 I Dpps    : OpenCommonSysfsFds():352 lcd_bl_event_fd_ is 7
02-23 00:55:29.122   591   591 I Dpps    : OpenCommonSysfsFds():361 blank_event_fd_ is 9
02-23 00:55:29.122   591   591 I Dpps    : OpenCommonSysfsFds():369 lcd_brightness_fd_ is 10
02-23 00:55:29.122   591   591 I Dpps    : InitContext():112 hist_sysfs_fd_ is 11
02-23 00:55:29.122   591   591 I Dpps    : InitContext():185 Context Initialization successfull
02-23 00:55:29.122   591   591 I Dpps    : CreateAbaThread():58 Create ABA thread
02-23 00:55:29.122   591   591 I Dpps    : CreateAbaThread():81 Create ABA thread done ret 0
02-23 00:55:29.122   591   591 I Dpps    : InitContext():71 display_fd 6, panel 0, sensor type 1 display_type 0
02-23 00:55:29.123   591   591 I Dpps    : Open():59 display node path /dev/graphics/fb0
02-23 00:55:29.123   591   591 E Dpps    : SetParams():128 unhandled param_type 16
02-23 00:55:29.123   638   638 I mediaserver: ServiceManager: 0xee218920
02-23 00:55:29.123   591   591 I Dpps    : SetupPollFd():222 opening the sysfs node sys/class/graphics/fb0/show_blank_event, index 1
02-23 00:55:29.123   591   591 I Dpps    : SetupPollFd():222 opening the sysfs node sys/class/graphics/fb0/ad_bl_event, index 2
02-23 00:55:29.123   591   591 I Dpps    : SetupPollFd():222 opening the sysfs node sys/class/graphics/fb0/ad_event, index 3
02-23 00:55:29.123   591   591 I Dpps    : SelectLightSensor():515 sensor_type 1
02-23 00:55:29.123   591   591 I Dpps    : SelectLightSensor():518 sensor_type_ 1
02-23 00:55:29.123   591   591 I Dpps    : InitLightSensor():550 sensor_type_ 1
02-23 00:55:29.123   591   591 I Dpps    : InitLightSensor():553 SensorTypeSimulation
02-23 00:55:29.123   591   591 I Dpps    : InitLightSensor():571 light sensor initialization ret 0
02-23 00:55:29.123   591   591 I Dpps    : InitContext():126 create AD thread
02-23 00:55:29.123   591   591 I Dpps    : CreateAmbientLightThread():886 Create AL thread
02-23 00:55:29.123   591   591 I Dpps    : CreateAmbientLightThread():900 Create AL thread done ret 0
02-23 00:55:29.123   591   591 I Dpps    : InitFeatureContext():140 Initialize feature context done ret 0
02-23 00:55:29.124   448   448 E SELinux : avc:  denied  { add } for service=ifaadaemon pid=750 uid=1000 scontext=u:r:init:s0 tcontext=u:object_r:default_android_service:s0 tclass=service_manager permissive=1
02-23 00:55:29.127   587   625 E Sensors : sns_reg_la.c(86):reg read: offset 512, num bytes: 16
02-23 00:55:29.127   587   625 E Sensors : sns_reg_la.c(86):reg read: offset 1024, num bytes: 24
02-23 00:55:29.129   587   625 E Sensors : sns_reg_la.c(86):reg read: offset 5376, num bytes: 16
02-23 00:55:29.130   587   625 E Sensors : sns_reg_la.c(86):reg read: offset 11264, num bytes: 32
02-23 00:55:29.131   587   625 E Sensors : sns_reg_la.c(86):reg read: offset 14848, num bytes: 20
02-23 00:55:29.132   587   625 E Sensors : sns_reg_la.c(86):reg read: offset 8704, num bytes: 4
02-23 00:55:29.132   587   625 E Sensors : sns_reg_la.c(86):reg read: offset 3840, num bytes: 24
02-23 00:55:29.134   587   625 E Sensors : sns_reg_la.c(86):reg read: offset 4352, num bytes: 12
02-23 00:55:29.135   577   577 D QSEECOMD: : Init secure_ui_start ret = 0
02-23 00:55:29.135   577   577 D QSEECOMD: : secure UI services: Started (Listener ID = 16384)
02-23 00:55:29.135   577   577 E QSEECOMD: : Listener: index = 3, hierarchy = 1
02-23 00:55:29.135   755   755 I /system/bin/tombstoned: tombstoned successfully initialized
02-23 00:55:29.136   587   625 E Sensors : sns_reg_la.c(86):reg read: offset 4096, num bytes: 10
02-23 00:55:29.136   587   625 E Sensors : sns_reg_la.c(86):reg read: offset 512, num bytes: 16
02-23 00:55:29.136   587   625 E Sensors : sns_reg_la.c(86):reg read: offset 10240, num bytes: 4
02-23 00:55:29.136   587   625 E Sensors : sns_reg_la.c(86):reg read: offset 3584, num bytes: 36
02-23 00:55:29.136   587   625 E Sensors : sns_reg_la.c(86):reg read: offset 4352, num bytes: 12
02-23 00:55:29.136   587   625 E Sensors : sns_reg_la.c(86):reg read: offset 8960, num bytes: 4
02-23 00:55:29.137   587   625 E Sensors : sns_reg_la.c(86):reg read: offset 9472, num bytes: 8
02-23 00:55:29.137   587   625 E Sensors : sns_reg_la.c(86):reg read: offset 9216, num bytes: 36
02-23 00:55:29.138   577   577 D QSEECOMD: : Init dlopen(libdrmtime.so, RTLD_NOW) succeeds
02-23 00:55:29.138   577   577 D QSEECOMD: : Init::Init dlsym(g_FSHandle atime_start) succeeds
02-23 00:55:29.138   577   577 D DrmLibTime: QSEE Time Listener: atime_start
02-23 00:55:29.138   577   577 D QSEECOMAPI: QSEECom_register_listener 11 sb_length = 0x5000
02-23 00:55:29.138   587   625 E Sensors : sns_reg_la.c(86):reg read: offset 8192, num bytes: 4
02-23 00:55:29.138   587   625 E Sensors : sns_reg_la.c(86):reg read: offset 8448, num bytes: 4
02-23 00:55:29.139   587   625 E Sensors : sns_reg_la.c(86):reg read: offset 15360, num bytes: 12
02-23 00:55:29.139   587   625 E Sensors : sns_reg_la.c(86):reg read: offset 512, num bytes: 16
02-23 00:55:29.139   587   625 E Sensors : sns_reg_la.c(86):reg read: offset 16128, num bytes: 90
02-23 00:55:29.140   587   625 E Sensors : sns_reg_la.c(86):reg read: offset 24576, num bytes: 20
02-23 00:55:29.140   587   625 E Sensors : sns_reg_la.c(86):reg read: offset 24832, num bytes: 28
02-23 00:55:29.145   577   577 D DrmLibTime: registering fs service to QSEECom is done!
02-23 00:55:29.146   577   577 D DrmLibTime: begin to create a thread!
02-23 00:55:29.146   577   577 D DrmLibTime: Creating a pthread in atime_start is done! return 0
02-23 00:55:29.146   577   577 D QSEECOMD: : Init atime_start ret = 0
02-23 00:55:29.146   577   577 D QSEECOMD: : time services: Started (Listener ID = 11)
02-23 00:55:29.146   577   577 E QSEECOMD: : Listener: index = 4, hierarchy = 1
02-23 00:55:29.146   577   577 D QSEECOMD: : Init dlopen(libdrmfs.so, RTLD_NOW) succeeds
02-23 00:55:29.146   577   577 D QSEECOMD: : Init::Init dlsym(g_FSHandle fs_start) succeeds
02-23 00:55:29.146   577   577 D QSEECOMAPI: QSEECom_register_listener 10 sb_length = 0x5000
02-23 00:55:29.147   468   468 E ActivityRecognitionHardware: activity_recognition HAL is deprecated. class_init is effectively a no-op
02-23 00:55:29.148   577   577 D QSEECOMD: : Init fs_start ret = 0
02-23 00:55:29.149   577   577 D QSEECOMD: : file system services: Started (Listener ID = 10)
02-23 00:55:29.149   577   577 E QSEECOMD: : Listener: index = 5, hierarchy = 1
02-23 00:55:29.149   577   577 D QSEECOMD: : Init dlopen(libdrmfs.so, RTLD_NOW) succeeds
02-23 00:55:29.149   577   577 D QSEECOMD: : Init::Init dlsym(g_FSHandle gpfs_start) succeeds
02-23 00:55:29.149   577   577 D QSEECOMAPI: QSEECom_register_listener 28672 sb_length = 0x7e000
02-23 00:55:29.149   591   782 I Dpps    : ProcessAbaThread():164 ABA thread execution started
02-23 00:55:29.150   591   783 I Dpps    : ProcessAmbientLightThread():916 AL thread execution started
02-23 00:55:29.155   618   771 E /system/vendor/bin/adsprpcd: vendor/qcom/proprietary/adsprpc/src/apps_std_imp.c:693:Error 45: fopen failed for oemconfig.so. (No such file or directory)
02-23 00:55:29.157   587   587 E Sensors : sns_debug_main.c(283):Debug Config File missing in EFS!
02-23 00:55:29.159   618   771 E /system/vendor/bin/adsprpcd: vendor/qcom/proprietary/adsprpc/src/apps_std_imp.c:693:Error 45: fopen failed for testsig-0xb5c96cf6.so. (No such file or directory)
02-23 00:55:29.160   618   771 E /system/vendor/bin/adsprpcd: vendor/qcom/proprietary/adsprpc/src/apps_std_imp.c:693:Error 45: fopen failed for testsig.so. (No such file or directory)
02-23 00:55:29.161   577   577 D QSEECOMD: : Init gpfs_start ret = 0
02-23 00:55:29.161   577   577 D QSEECOMD: : gpfile system services: Started (Listener ID = 28672)
02-23 00:55:29.161   577   577 E QSEECOMD: : Listener: index = 6, hierarchy = 1
02-23 00:55:29.174   577   577 D QSEECOMD: : Init dlopen(libqisl.so, RTLD_NOW) succeeds
02-23 00:55:29.174   577   577 D QSEECOMD: : Init::Init dlsym(g_FSHandle qisl_start) succeeds
02-23 00:55:29.177   577   793 D DrmLibTime: QSEE Time Listener: dispatch
02-23 00:55:29.177   577   793 D DrmLibTime: before calling ioctl to read the next time_cmd
02-23 00:55:29.179   468   468 W Zygote  : Class not found for preloading: android.icu.impl.number.Parse
02-23 00:55:29.192   752   752 I dpmd    : type=1400 audit(0.0:37): avc: denied { dac_override } for capability=1 scontext=u:r:dpmd:s0 tcontext=u:r:dpmd:s0 tclass=capability permissive=1
02-23 00:55:29.196   618   771 E /system/vendor/bin/adsprpcd: vendor/qcom/proprietary/adsprpc/src/apps_std_imp.c:693:Error 45: fopen failed for adsp_avs_config.acdb. (No such file or directory)
02-23 00:55:29.196   618   771 V /system/vendor/bin/adsprpcd: vendor/qcom/proprietary/adsprpc/src/apps_std_imp.c:194: fopen success: /dsp/fluence_voiceplus_module.so.1
02-23 00:55:29.197   752   752 E Diag_Lib: diag diag_get_max_file_size size=200,max_file_size=209715200,min_file_size=167772160
02-23 00:55:29.204   577   800 I QISL    : QSEE Interrupt Service Listener Thread is started
02-23 00:55:29.205   577   800 D QSEECOMAPI: QSEECom_register_listener 36864 sb_length = 0x1f4
02-23 00:55:29.207   468   468 I zygote64: Thread[1,tid=468,Native,Thread*=0x705a2c2a00,peer=0x12c01ee0,"main"] recursive attempt to load library "/system/lib64/libmedia_jni.so"
02-23 00:55:29.208   468   468 D MtpDeviceJNI: register_android_mtp_MtpDevice
02-23 00:55:29.209   468   468 I zygote64: Thread[1,tid=468,Native,Thread*=0x705a2c2a00,peer=0x12c01ee0,"main"] recursive attempt to load library "/system/lib64/libmedia_jni.so"
02-23 00:55:29.209   468   468 I zygote64: Thread[1,tid=468,Native,Thread*=0x705a2c2a00,peer=0x12c01ee0,"main"] recursive attempt to load library "/system/lib64/libmedia_jni.so"
02-23 00:55:29.210   618   771 V /system/vendor/bin/adsprpcd: vendor/qcom/proprietary/adsprpc/src/apps_std_imp.c:194: fopen success: /dsp/mmecns_module.so.1
02-23 00:55:29.215   754   754 I gatekeeperd: Starting gatekeeperd...
02-23 00:55:29.218   756   756 D android.hardware.biometrics.fingerprint@2.1-service: Opening fingerprint hal library...
02-23 00:55:29.229   503   503 I SDM     : HWCDisplay::SetFrameBufferResolution: New framebuffer resolution (1080x1920)
02-23 00:55:29.230   577   800 I QISL    : QSEE Interrupt Service Listener was activated successfully
02-23 00:55:29.230   577   577 D QSEECOMD: : Init qisl_start ret = 0
02-23 00:55:29.230   577   577 D QSEECOMD: : interrupt services: Started (Listener ID = 36864)
02-23 00:55:29.230   577   577 E QSEECOMD: : Listener: index = 7, hierarchy = 1
02-23 00:55:29.230   577   577 E QSEECOMD: : Init dlopen(libspl.so, RLTD_NOW) is failed.... dlopen failed: library "libspl.so" not found
02-23 00:55:29.230   577   577 E QSEECOMD: : Listener: index = 8, hierarchy = 1
02-23 00:55:29.231   503   503 I SDM     : HWCColorManager::CreateColorManager: Successfully loaded libsdm-disp-vndapis.so
02-23 00:55:29.231   577   577 D QSEECOMD: : Init dlopen(libGPreqcancel.so, RTLD_NOW) succeeds
02-23 00:55:29.231   577   577 D QSEECOMD: : Init::Init dlsym(g_FSHandle gp_reqcancel_start) succeeds
02-23 00:55:29.231   577   577 D QSEECOMAPI: QSEECom_register_listener 4352 sb_length = 0x5000
02-23 00:55:29.234   503   503 E Diag_Lib: diag diag_get_max_file_size size=200,max_file_size=209715200,min_file_size=167772160
02-23 00:55:29.236   759   759 I LOWI-8.5.0.1: [MessageQ_Client] connecting to server [/data/vendor/location/mq/location-mq-s]
02-23 00:55:29.236   759   759 I LOWI-8.5.0.1: [MessageQ_Client] connected
02-23 00:55:29.236   759   759 I LOWI-8.5.0.1: [LOWIController] loadConfigItems: Log level = 3, Cache Records = 100, max queue size = 255, fresh scan threshold = 500
02-23 00:55:29.236   759   759 E Diag_Lib: diag diag_get_max_file_size size=200,max_file_size=209715200,min_file_size=167772160
02-23 00:55:29.236   759   759 E Diag_Lib:  Diag_LSM_Init: Failed to open handle to diag driver, error = 13
02-23 00:55:29.236   759   759 E LOWI-8.5.0.1: [LOWIDiagLog] Diag logging could not be enabled
02-23 00:55:29.237   539   539 I Adreno  : PFP: 0x005ff087, ME: 0x005ff063
02-23 00:55:29.244   503   503 I SDM     : HWCColorManager::CreateColorManager: Successfully loaded libsdm-disp-vndapis.so and libsdm-diag.so and diag_init'ed
02-23 00:55:29.244   577   577 D QSEECOMD: : Init gp_reqcancel_start ret = 0
02-23 00:55:29.244   577   577 D QSEECOMD: : gp request cancellation services: Started (Listener ID = 4352)
02-23 00:55:29.244   503   503 I ServiceManagement: Removing namespace from process name android.hardware.graphics.composer@2.1-service to composer@2.1-se.
02-23 00:55:29.245   618   771 E /system/vendor/bin/adsprpcd: vendor/qcom/proprietary/adsprpc/src/apps_std_imp.c:693:Error 45: fopen failed for custom_sm_ecns_1.so.1. (No such file or directory)
02-23 00:55:29.246   618   771 E /system/vendor/bin/adsprpcd: vendor/qcom/proprietary/adsprpc/src/apps_std_imp.c:693:Error 45: fopen failed for custom_sm_ecns_2.so.1. (No such file or directory)
02-23 00:55:29.247   618   771 E /system/vendor/bin/adsprpcd: vendor/qcom/proprietary/adsprpc/src/apps_std_imp.c:693:Error 45: fopen failed for custom_dm_ecns_1.so.1. (No such file or directory)
02-23 00:55:29.248   503   503 I android.hardware.graphics.composer@2.1-service: Registration complete for android.hardware.graphics.composer@2.1::IComposer/default.
02-23 00:55:29.250   618   771 E /system/vendor/bin/adsprpcd: vendor/qcom/proprietary/adsprpc/src/apps_std_imp.c:693:Error 45: fopen failed for custom_dm_ecns_2.so.1. (No such file or directory)
02-23 00:55:29.251   618   771 E /system/vendor/bin/adsprpcd: vendor/qcom/proprietary/adsprpc/src/apps_std_imp.c:693:Error 45: fopen failed for custom_qm_ecns_1.so.1. (No such file or directory)
02-23 00:55:29.252   618   771 E /system/vendor/bin/adsprpcd: vendor/qcom/proprietary/adsprpc/src/apps_std_imp.c:693:Error 45: fopen failed for custom_qm_ecns_2.so.1. (No such file or directory)
02-23 00:55:29.253   618   771 E /system/vendor/bin/adsprpcd: vendor/qcom/proprietary/adsprpc/src/apps_std_imp.c:693:Error 45: fopen failed for capi_v2_dummy_ecns.so.1. (No such file or directory)
02-23 00:55:29.254   618   771 I chatty  : uid=1013(media) /system/vendor/bin/adsprpcd identical 1 line
02-23 00:55:29.257   618   771 E /system/vendor/bin/adsprpcd: vendor/qcom/proprietary/adsprpc/src/apps_std_imp.c:693:Error 45: fopen failed for capi_v2_dummy_ecns.so.1. (No such file or directory)
02-23 00:55:29.258   618   771 E /system/vendor/bin/adsprpcd: vendor/qcom/proprietary/adsprpc/src/apps_std_imp.c:693:Error 45: fopen failed for capi_v2_voice_imc_tx.so.1. (No such file or directory)
02-23 00:55:29.261   618   771 E /system/vendor/bin/adsprpcd: vendor/qcom/proprietary/adsprpc/src/apps_std_imp.c:693:Error 45: fopen failed for capi_v2_voice_imc_rx.so.1. (No such file or directory)
02-23 00:55:29.262   759   810 I LOWI-8.5.0.1: [LOWIController] Client controller entering event loop
02-23 00:55:29.262   616   643 I ThermalEngine: ADSP thermal mitigation available.
02-23 00:55:29.263   616   643 I ThermalEngine: ACTION: ADSP - Pending request: cpuv_restriction_cold mitigation succeeded for level 0.
02-23 00:55:29.266   756   756 I android.hardwar: type=1400 audit(0.0:38): avc: denied { read write } for name="qseecom" dev="tmpfs" ino=6992 scontext=u:r:hal_fingerprint_default:s0 tcontext=u:object_r:tee_device:s0 tclass=chr_file permissive=1
02-23 00:55:29.266   756   756 I android.hardwar: type=1400 audit(0.0:39): avc: denied { open } for path="/dev/qseecom" dev="tmpfs" ino=6992 scontext=u:r:hal_fingerprint_default:s0 tcontext=u:object_r:tee_device:s0 tclass=chr_file permissive=1
02-23 00:55:29.266   756   756 I android.hardwar: type=1400 audit(0.0:40): avc: denied { ioctl } for path="/dev/qseecom" dev="tmpfs" ino=6992 ioctlcmd=970a scontext=u:r:hal_fingerprint_default:s0 tcontext=u:object_r:tee_device:s0 tclass=chr_file permissive=1
02-23 00:55:29.266   756   756 I android.hardwar: type=1400 audit(0.0:41): avc: denied { read } for name="fpctzapp.mdt" dev="sde11" ino=28 scontext=u:r:hal_fingerprint_default:s0 tcontext=u:object_r:firmware_file:s0 tclass=file permissive=1
02-23 00:55:29.266   756   756 I android.hardwar: type=1400 audit(0.0:42): avc: denied { open } for path="/firmware/image/fpctzapp.mdt" dev="sde11" ino=28 scontext=u:r:hal_fingerprint_default:s0 tcontext=u:object_r:firmware_file:s0 tclass=file permissive=1
02-23 00:55:29.266   756   756 I android.hardwar: type=1400 audit(0.0:43): avc: denied { getattr } for path="/firmware/image/fpctzapp.mdt" dev="sde11" ino=28 scontext=u:r:hal_fingerprint_default:s0 tcontext=u:object_r:firmware_file:s0 tclass=file permissive=1
02-23 00:55:29.270   756   756 D fpc_fingerprint_hal: fpc_module_open
02-23 00:55:29.270   756   756 D fpc_tac : fpc_tac_init begin
02-23 00:55:29.270   756   756 I fpc_tac : App name length: 8
02-23 00:55:29.270   756   756 I fpc_tac : Max app name length: 34
02-23 00:55:29.270   756   756 I fpc_tac : Application name is: fpctzapp
02-23 00:55:29.270   756   756 D fpc_tac : fpc_tac_init end
02-23 00:55:29.270   756   756 D fpc_tac : fpc_tac_open begin
02-23 00:55:29.270   756   756 I fpc_tac : Application path: /firmware/image
02-23 00:55:29.270   756   756 I fpc_tac : Application name: fpctzapp
02-23 00:55:29.270   756   756 D QSEECOMAPI: QSEECom_get_handle sb_length = 0x800
02-23 00:55:29.270   756   756 D QSEECOMAPI: App is not loaded in QSEE
02-23 00:55:29.283   741   741 I LocSvc_HIDL_vendor.qti.gnss@1.0-service: main
02-23 00:55:29.285   539   539 I /system/bin/surfaceflinger: android::hardware::configstore::V1_0::ISurfaceFlingerConfigs::hasWideColorDisplay retrieved: 0
02-23 00:55:29.285   738   738 I /vendor/bin/hw/android.hardware.media.omx@1.0-service: mediacodecservice starting
02-23 00:55:29.286   756   756 D QSEECOMAPI: app_arch = 1, total_files = 8
02-23 00:55:29.287   741   741 D vndksupport: Loading /odm/lib64/hw/android.hardware.gnss@1.0-impl-qti.so from current namespace instead of sphal namespace.
02-23 00:55:29.288   539   539 I SurfaceFlinger: EGL information:
02-23 00:55:29.288   539   539 I SurfaceFlinger: vendor    : Android
02-23 00:55:29.288   539   539 I SurfaceFlinger: version   : 1.4 Android META-EGL
02-23 00:55:29.288   539   539 I SurfaceFlinger: extensions: EGL_KHR_get_all_proc_addresses EGL_ANDROID_presentation_time EGL_KHR_swap_buffers_with_damage EGL_ANDROID_get_native_client_buffer EGL_ANDROID_front_buffer_auto_refresh EGL_ANDROID_get_frame_timestamps EGL_KHR_image EGL_KHR_image_base EGL_KHR_lock_surface EGL_KHR_gl_colorspace EGL_KHR_gl_texture_2D_image EGL_KHR_gl_texture_3D_image EGL_KHR_gl_texture_cubemap_image EGL_KHR_gl_renderbuffer_image EGL_KHR_reusable_sync EGL_KHR_fence_sync EGL_KHR_create_context EGL_KHR_surfaceless_context EGL_EXT_create_context_robustness EGL_ANDROID_image_native_buffer EGL_KHR_wait_sync EGL_ANDROID_recordable EGL_KHR_partial_update EGL_EXT_pixel_format_float EGL_KHR_create_context_no_error EGL_KHR_mutable_render_buffer EGL_EXT_yuv_surface EGL_EXT_protected_content EGL_IMG_context_priority EGL_KHR_no_config_context 
02-23 00:55:29.288   539   539 I SurfaceFlinger: Client API: OpenGL_ES
02-23 00:55:29.288   539   539 I SurfaceFlinger: EGLSurface: 8-8-8-8, config=0x77a4d8c0c0
02-23 00:55:29.289   539   539 I SurfaceFlinger: OpenGL ES informations:
02-23 00:55:29.289   539   539 I SurfaceFlinger: vendor    : Qualcomm
02-23 00:55:29.289   539   539 I SurfaceFlinger: renderer  : Adreno (TM) 530
02-23 00:55:29.289   539   539 I SurfaceFlinger: version   : OpenGL ES 3.2 V@269.0 (GIT@94aeef9, Ie8d0be8cd4) (Date:11/09/17)
02-23 00:55:29.289   539   539 I SurfaceFlinger: extensions: GL_OES_EGL_image GL_OES_EGL_image_external GL_OES_EGL_sync GL_OES_vertex_half_float GL_OES_framebuffer_object GL_OES_rgb8_rgba8 GL_OES_compressed_ETC1_RGB8_texture GL_AMD_compressed_ATC_texture GL_KHR_texture_compression_astc_ldr GL_KHR_texture_compression_astc_hdr GL_OES_texture_compression_astc GL_OES_texture_npot GL_EXT_texture_filter_anisotropic GL_EXT_texture_format_BGRA8888 GL_OES_texture_3D GL_EXT_color_buffer_float GL_EXT_color_buffer_half_float GL_QCOM_alpha_test GL_OES_depth24 GL_OES_packed_depth_stencil GL_OES_depth_texture GL_OES_depth_texture_cube_map GL_EXT_sRGB GL_OES_texture_float GL_OES_texture_float_linear GL_OES_texture_half_float GL_OES_texture_half_float_linear GL_EXT_texture_type_2_10_10_10_REV GL_EXT_texture_sRGB_decode GL_OES_element_index_uint GL_EXT_copy_image GL_EXT_geometry_shader GL_EXT_tessellation_shader GL_OES_texture_stencil8 GL_EXT_shader_io_blocks GL_OES_shader_image_atomic GL_OES_sample_variables GL_EXT_texture_border_clamp GL_EXT_multisampled_render_to_texture
02-23 00:55:29.289   539   539 I SurfaceFlinger: GL_MAX_TEXTURE_SIZE = 16384
02-23 00:55:29.289   539   539 I SurfaceFlinger: GL_MAX_VIEWPORT_DIMS = 16384
02-23 00:55:29.293   503   503 D vndksupport: Loading /odm/lib64/hw/android.hardware.graphics.mapper@2.0-impl.so from current namespace instead of sphal namespace.
02-23 00:55:29.295   503   503 D vndksupport: Loading /odm/lib64/hw/gralloc.msm8996.so from current namespace instead of sphal namespace.
02-23 00:55:29.297   503   503 D SDM     : HWCSession::RegisterCallback: Registering callback: Hotplug
02-23 00:55:29.297   618   771 E /system/vendor/bin/adsprpcd: vendor/qcom/proprietary/adsprpc/src/apps_std_imp.c:693:Error 45: fopen failed for voiceproc_tx.so. (No such file or directory)
02-23 00:55:29.298   503   503 I SDM     : HWCDisplay::GetColorModeCount: Supported color mode count = 0
02-23 00:55:29.300   503   503 D SDM     : HWCSession::RegisterCallback: Registering callback: Refresh
02-23 00:55:29.300   503   503 D SDM     : HWCSession::RegisterCallback: Registering callback: Vsync
02-23 00:55:29.303   618   771 E /system/vendor/bin/adsprpcd: vendor/qcom/proprietary/adsprpc/src/apps_std_imp.c:693:Error 45: fopen failed for voiceproc_rx.so. (No such file or directory)
02-23 00:55:29.307   587   625 E Sensors : sns_reg_la.c(86):reg read: offset 1792, num bytes: 24
02-23 00:55:29.307   469   469 I zygote  : Explicit concurrent copying GC freed 196(23KB) AllocSpace objects, 0(0B) LOS objects, 99% free, 40KB/12MB, paused 65us total 28.297ms
02-23 00:55:29.308   738   738 W /vendor/bin/hw/android.hardware.media.omx@1.0-service: libminijail[738]: allowing syscall: clock_gettime
02-23 00:55:29.308   738   738 W /vendor/bin/hw/android.hardware.media.omx@1.0-service: libminijail[738]: allowing syscall: connect
02-23 00:55:29.308   738   738 W /vendor/bin/hw/android.hardware.media.omx@1.0-service: libminijail[738]: allowing syscall: fcntl64
02-23 00:55:29.308   738   738 W /vendor/bin/hw/android.hardware.media.omx@1.0-service: libminijail[738]: allowing syscall: socket
02-23 00:55:29.308   738   738 W /vendor/bin/hw/android.hardware.media.omx@1.0-service: libminijail[738]: allowing syscall: writev
02-23 00:55:29.308   738   738 W /vendor/bin/hw/android.hardware.media.omx@1.0-service: libminijail[738]: logging seccomp filter failures
02-23 00:55:29.312   587   625 E Sensors : sns_reg_la.c(86):reg read: offset 10752, num bytes: 126
02-23 00:55:29.312   587   625 E Sensors : sns_reg_la.c(86):reg read: offset 1280, num bytes: 21
02-23 00:55:29.312   587   625 E Sensors : sns_reg_la.c(86):reg read: offset 10496, num bytes: 143
02-23 00:55:29.312   587   625 E Sensors : sns_reg_la.c(86):reg read: offset 11008, num bytes: 22
02-23 00:55:29.319   512   779 E qti_sensors_hal: GyroSens	1.000000	1.000000	1.000000
02-23 00:55:29.319   512   779 E qti_sensors_hal: GyroSens	1.000000	1.000000	1.000000
02-23 00:55:29.319   469   469 I zygote  : Explicit concurrent copying GC freed 9(32KB) AllocSpace objects, 0(0B) LOS objects, 99% free, 40KB/12MB, paused 48us total 4.679ms
02-23 00:55:29.320   469   469 D Zygote32Timing: PostZygoteInitGC took to complete: 42ms
02-23 00:55:29.321   469   469 D Zygote32Timing: ZygoteInit took to complete: 46ms
02-23 00:55:29.324   469   469 I         : seccomp disabled by setenforce 0
02-23 00:55:29.324   469   469 I Zygote  : Accepting command socket connections
02-23 00:55:29.329   756   756 I android.hardwar: type=1400 audit(0.0:44): avc: denied { ioctl } for path="/dev/qseecom" dev="tmpfs" ino=6992 ioctlcmd=9707 scontext=u:r:hal_fingerprint_default:s0 tcontext=u:object_r:tee_device:s0 tclass=chr_file permissive=1
02-23 00:55:29.339   602   767 D         : DpmQmiMgr Registring Dormancy 
02-23 00:55:29.339   602   767 D         : DpmQmiMgr deleteAllTrackers 
02-23 00:55:29.343   468   468 I Zygote  : ...preloaded 4715 classes in 566ms.
02-23 00:55:29.343   468   468 I zygote64: VMRuntime.preloadDexCaches starting
02-23 00:55:29.344   738   738 W MediaCodecsXmlParser: unable to open media codecs configuration xml file: /data/misc/media/media_codecs_profiling_results.xml
02-23 00:55:29.344   738   738 W MediaCodecsXmlParser: parseTopLevelXMLFile(/data/misc/media/media_codecs_profiling_results.xml) failed
02-23 00:55:29.344   738   738 E MediaCodecsXmlParser: Cannot find the role for a decoder of type video/divx
02-23 00:55:29.344   738   738 E MediaCodecsXmlParser: Cannot find the role for a decoder of type video/divx311
02-23 00:55:29.344   738   738 E MediaCodecsXmlParser: Cannot find the role for a decoder of type video/divx4
02-23 00:55:29.344   738   738 E MediaCodecsXmlParser: Cannot find the role for a decoder of type video/x-ms-wmv
02-23 00:55:29.344   738   738 E MediaCodecsXmlParser: Cannot find the role for a decoder of type video/x-ms-wmv
02-23 00:55:29.345   738   738 I ServiceManagement: Removing namespace from process name android.hardware.media.omx@1.0-service to omx@1.0-service.
02-23 00:55:29.354   577   577 D QSEECOMD: : QSEECOM DAEMON RUNNING 
02-23 00:55:29.358   829   829 E Diag_Lib: diag diag_get_max_file_size size=200,max_file_size=209715200,min_file_size=167772160
02-23 00:55:29.359   829   829 E Diag_Lib: qpLogDiagInit <== result : 1
02-23 00:55:29.359   829   829 E Diag_Lib: DATAD : gIsQXDMDisabled 0, gIsADBDisabled 1, gIsDebugDisabled 0, gIsIMSLogsDisabled 0
02-23 00:55:29.359   829   829 E Diag_Lib: [IMS_DataD] imsdatad.c | 5723 | | 829 |DATAD#$$#0#DATAD STARTED
02-23 00:55:29.360   829   829 E Diag_Lib: diag diag_get_max_file_size size=200,max_file_size=209715200,min_file_size=167772160
02-23 00:55:29.360   829   829 I chatty  : uid=1000(system) /system/vendor/bin/imsdatadaemon identical 1 line
02-23 00:55:29.361   829   829 E Diag_Lib: diag diag_get_max_file_size size=200,max_file_size=209715200,min_file_size=167772160
02-23 00:55:29.371   829   829 E QMI_FW  : QMUXD: WARNING qmi_qmux_if_pwr_up_init failed! rc=-6
02-23 00:55:29.374   691   691 I mediametrics: ServiceManager: 0x7f0023f680
02-23 00:55:29.374   691   691 D MediaAnalyticsService: MediaAnalyticsService created
02-23 00:55:29.374   691   691 D MediaAnalyticsService: MediaAnalyticsService::newSummarizerSet
02-23 00:55:29.395   500   500 D QSEECOMAPI: QSEECom_get_handle sb_length = 0xa000
02-23 00:55:29.396   741   741 I LocSvc_HIDL_vendor.qti.gnss@1.0-service: Registration complete for android.hardware.gnss@1.0::IGnss/default.
02-23 00:55:29.397   741   741 D vndksupport: Loading /odm/lib64/hw/vendor.qti.gnss@1.0-impl.so from current namespace instead of sphal namespace.
02-23 00:55:29.410   468   468 I zygote64: VMRuntime.preloadDexCaches strings total=314649 before=10413 after=10413
02-23 00:55:29.410   468   468 I zygote64: VMRuntime.preloadDexCaches types total=26768 before=5520 after=5522
02-23 00:55:29.410   468   468 I zygote64: VMRuntime.preloadDexCaches fields total=127649 before=5507 after=5537
02-23 00:55:29.410   468   468 I zygote64: VMRuntime.preloadDexCaches methods total=226061 before=9990 after=9990
02-23 00:55:29.410   468   468 I zygote64: VMRuntime.preloadDexCaches finished
02-23 00:55:29.410   468   468 D Zygote64Timing: PreloadClasses took to complete: 634ms
02-23 00:55:29.415   627   627 I FastMixerState: sMaxFastTracks = 8
02-23 00:55:29.441   761   761 D LocSvc_LBSProxy: checkIfLocationExtendedClientExists] File Exists
02-23 00:55:29.442   456   456 D QSEECOMAPI: QSEECom_get_handle sb_length = 0xa000
02-23 00:55:29.446   628   628 I cameraserver: ServiceManager: 0xec718920
02-23 00:55:29.446   628   628 I CameraService: CameraService started (pid=628)
02-23 00:55:29.446   628   628 I CameraService: CameraService process starting
02-23 00:55:29.453   628   628 W BatteryNotifier: batterystats service unavailable!
02-23 00:55:29.453   628   628 W BatteryNotifier: batterystats service unavailable!
02-23 00:55:29.454   627   627 I audioserver: ServiceManager: 0xed9988c0
02-23 00:55:29.459   627   627 W BatteryNotifier: batterystats service unavailable!
02-23 00:55:29.477   761   857 I LocSvc_api_v02: locClientOpen:1945]: Service instance id is -1
02-23 00:55:29.477   761   857 I LocSvc_api_v02: ---> locClientOpenInstance line 1828 loc client open
02-23 00:55:29.478   761   857 E QMI_FW  : QMUXD: WARNING qmi_qmux_if_pwr_up_init failed! rc=-6
02-23 00:55:29.503   849   849 E Diag_Lib: diag diag_get_max_file_size size=200,max_file_size=209715200,min_file_size=167772160
02-23 00:55:29.519   512   512 W qti_sensors_hal: addSensor : Not supported sensor with handle 66!
02-23 00:55:29.550   640   640 V MediaUtils: physMem: 5980610560
02-23 00:55:29.550   640   640 V MediaUtils: requested limit: 1196122100
02-23 00:55:29.550   640   640 V MediaUtils: cfi shadow size: 2147483648
02-23 00:55:29.550   640   640 V MediaUtils: actual limit: 3343605748
02-23 00:55:29.550   640   640 V MediaUtils: original limits: -1/-1
02-23 00:55:29.550   640   640 V MediaUtils: new limits: 3343605748/-1
02-23 00:55:29.550   640   640 D vndksupport: Loading libutils.so from current namespace instead of sphal namespace.
02-23 00:55:29.559   640   640 W /system/bin/mediaextractor: libminijail[640]: allowing syscall: connect
02-23 00:55:29.559   640   640 W /system/bin/mediaextractor: libminijail[640]: allowing syscall: fcntl
02-23 00:55:29.559   640   640 W /system/bin/mediaextractor: libminijail[640]: allowing syscall: sendto
02-23 00:55:29.559   640   640 W /system/bin/mediaextractor: libminijail[640]: allowing syscall: socket
02-23 00:55:29.559   640   640 W /system/bin/mediaextractor: libminijail[640]: allowing syscall: writev
02-23 00:55:29.559   640   640 W /system/bin/mediaextractor: libminijail[640]: compile_file: nonexistent syscall '_llseek'
02-23 00:55:29.559   760   760 D LocSvc_LBSProxy: checkIfLocationExtendedClientExists] File Exists
02-23 00:55:29.559   640   640 W /system/bin/mediaextractor: libminijail[640]: logging seccomp filter failures
02-23 00:55:29.584   468   468 I Zygote  : Preloading resources...
02-23 00:55:29.585   512   512 W qti_sensors_hal: addSensor : Not supported sensor with handle 38!
02-23 00:55:29.606   468   468 W Resources: Preloaded drawable resource #0x1080264 (android:drawable/dialog_background_material) that varies with configuration!!
02-23 00:55:29.612   760   760 I slim_daemon: [QMISLIM] slim_QSQmiSvcTask_Init: QMI-SLIM Service Task Initialized
02-23 00:55:29.612   760   760 E         : open failed: /target: No such file or directory
02-23 00:55:29.612   760   760 W         : HAL: loc_get_target returned 3
02-23 00:55:29.614   760   912 E Diag_Lib: diag diag_get_max_file_size size=200,max_file_size=209715200,min_file_size=167772160
02-23 00:55:29.614   760   912 E Diag_Lib:  Diag_LSM_Init: Failed to open handle to diag driver, error = 13
02-23 00:55:29.614   760   760 I slim_daemon: [SLIM] slim_ProviderConfigure: Updated available providers for service 0: 00000001.
02-23 00:55:29.614   760   760 I slim_daemon: [SLIM] slim_ProviderConfigure: Updated available providers for service 1: 00000001.
02-23 00:55:29.614   760   760 I slim_daemon: [SLIM] slim_ProviderConfigure: Updated available providers for service 2: 00000001.
02-23 00:55:29.614   760   760 I slim_daemon: [SLIM] slim_ProviderConfigure: Updated available providers for service 3: 00000001.
02-23 00:55:29.614   760   760 I slim_daemon: [SLIM] slim_ProviderConfigure: Updated available providers for service 7: 00000001.
02-23 00:55:29.614   760   760 I slim_daemon: [SLIM] slim_ProviderConfigure: Updated available providers for service 8: 00000001.
02-23 00:55:29.614   760   760 I slim_daemon: [SLIM] slim_ProviderConfigure: Updated available providers for service 13: 00000001.
02-23 00:55:29.614   760   760 I slim_daemon: [SLIM] slim_ProviderConfigure: Updated available providers for service 14: 00000001.
02-23 00:55:29.614   760   760 I slim_daemon: [SLIM] slim_ProviderConfigure: Updated available providers for service 16: 00000001.
02-23 00:55:29.639   760   916 I LocSvc_api_v02: locClientOpen:1945]: Service instance id is -1
02-23 00:55:29.639   760   916 I LocSvc_api_v02: ---> locClientOpenInstance line 1828 loc client open
02-23 00:55:29.640   760   916 E QMI_FW  : QMUXD: WARNING qmi_qmux_if_pwr_up_init failed! rc=-6
02-23 00:55:29.644   468   468 I Zygote  : ...preloaded 64 resources in 60ms.
02-23 00:55:29.649   512   512 W qti_sensors_hal: addSensor : Not supported sensor with handle 47!
02-23 00:55:29.649   512   512 W qti_sensors_hal: addSensor : Not supported sensor with handle 48!
02-23 00:55:29.650   468   468 W Resources: Preloaded color resource #0x1060053 (android:color/btn_default_material_dark) that varies with configuration!!
02-23 00:55:29.652   468   468 I Zygote  : ...preloaded 41 resources in 9ms.
02-23 00:55:29.653   468   468 D Zygote64Timing: PreloadResources took to complete: 242ms
02-23 00:55:29.653   468   468 D vndksupport: Loading /odm/lib64/hw/android.hardware.graphics.mapper@2.0-impl.so from current namespace instead of sphal namespace.
02-23 00:55:29.655   468   468 D vndksupport: Loading /vendor/lib64/hw/android.hardware.graphics.mapper@2.0-impl.so from current namespace instead of sphal namespace.
02-23 00:55:29.656   468   468 D vndksupport: Loading /vendor/lib64/egl/libEGL_adreno.so from current namespace instead of sphal namespace.
02-23 00:55:29.657   468   468 D libEGL  : loaded /vendor/lib64/egl/libEGL_adreno.so
02-23 00:55:29.662   512   512 W qti_sensors_hal: addSensor : Not supported sensor with handle 52!
02-23 00:55:29.685   512   512 W qti_sensors_hal: addSensor : Not supported sensor with handle 67!
02-23 00:55:29.686   512   512 E libsensor1: sensor1_write: qmi_idl_get_message_c_struct_len error -43
02-23 00:55:29.686   512   512 E libsensor1: log_api_call: qmi_idl_get_max_message_len error -43
02-23 00:55:29.686   512   512 E qti_sensors_hal: sendAlgoAttribReq: sensor1_write() error: 5
02-23 00:55:29.686   512   512 E libsensor1: sensor1_write: qmi_idl_get_message_c_struct_len error -43
02-23 00:55:29.686   512   512 E libsensor1: log_api_call: qmi_idl_get_max_message_len error -43
02-23 00:55:29.686   512   512 E qti_sensors_hal: sendAlgoAttribReq: sensor1_write() error: 5
02-23 00:55:29.686   512   512 E qti_sensors_hal: GyroSens	1.000000	1.000000	1.000000
02-23 00:55:29.686   512   512 E qti_sensors_hal: GyroSens	1.000000	1.000000	1.000000
02-23 00:55:29.706   692   692 I mediaserver: ServiceManager: 0xef7989c0
02-23 00:55:29.706   692   692 W BatteryNotifier: batterystats service unavailable!
02-23 00:55:29.706   587   625 E Sensors : sns_reg_la.c(86):reg read: offset 5944, num bytes: 1
02-23 00:55:29.707   587   625 E Sensors : sns_reg_la.c(86):reg read: offset 5992, num bytes: 1
02-23 00:55:29.707   587   625 E Sensors : sns_reg_la.c(86):reg read: offset 6040, num bytes: 1
02-23 00:55:29.707   587   625 E Sensors : sns_reg_la.c(86):reg read: offset 6088, num bytes: 1
02-23 00:55:29.708   587   625 E Sensors : sns_reg_la.c(86):reg read: offset 6136, num bytes: 1
02-23 00:55:29.708   512   512 I         : Loaded library from sensors.ssc.so
02-23 00:55:29.708   512   512 W         : dlerror(): dlopen failed: library "qfp.wakeup.so" not found
02-23 00:55:29.708   512   512 E /vendor/bin/hw/android.hardware.sensors@1.0-service: HAL specifies version 1.4, but does not implement set_operation_mode()
02-23 00:55:29.709   512   512 I ServiceManagement: Removing namespace from process name android.hardware.sensors@1.0-service to sensors@1.0-ser.
02-23 00:55:29.710   512   512 I android.hardware.sensors@1.0-service: Registration complete for android.hardware.sensors@1.0::ISensors/default.
02-23 00:55:29.713   468   468 D vndksupport: Loading /vendor/lib64/egl/libGLESv1_CM_adreno.so from current namespace instead of sphal namespace.
02-23 00:55:29.714   468   468 D libEGL  : loaded /vendor/lib64/egl/libGLESv1_CM_adreno.so
02-23 00:55:29.727   468   468 D vndksupport: Loading /vendor/lib64/egl/libGLESv2_adreno.so from current namespace instead of sphal namespace.
02-23 00:55:29.728   468   468 D libEGL  : loaded /vendor/lib64/egl/libGLESv2_adreno.so
02-23 00:55:29.733   877   877 I IPAHALService: makeIPAHAL(1, provided)
02-23 00:55:29.743   468   468 I Zygote  : Preloading shared libraries...
02-23 00:55:29.755   877   877 I IPAHALService: Successfully registered IOffloadControl
02-23 00:55:29.762   877   877 I IPAHALService: Successfully registered IOffloadConfig
02-23 00:55:29.770   468   468 I Zygote  : Uninstalled ICU cache reference pinning...
02-23 00:55:29.772   468   468 I Zygote  : Installed AndroidKeyStoreProvider in 2ms.
02-23 00:55:29.780   468   468 I Zygote  : Warmed up JCA providers in 9ms.
02-23 00:55:29.780   468   468 D Zygote  : end preload
02-23 00:55:29.780   468   468 D Zygote64Timing: ZygotePreload took to complete: 1054ms
02-23 00:55:29.802   539   539 D SurfaceFlinger: shader cache generated - 24 shaders in 501.494873 ms
02-23 00:55:29.803   539   539 D SurfaceFlinger: Set power mode=2, type=0 flinger=0x77a745f000
02-23 00:55:29.803   503   823 I SDM     : DisplayBase::SetDisplayState: Set state = 1, display 0
02-23 00:55:29.806   741   741 D LocSvc_LBSProxy: checkIfLocationExtendedClientExists] File Exists
02-23 00:55:29.809   558   558 I init.qcom.usb.s: type=1400 audit(0.0:45): avc: denied { write } for name="rndis_transports" dev="sysfs" ino=41625 scontext=u:r:qti_init_shell:s0 tcontext=u:object_r:sysfs:s0 tclass=file permissive=1
02-23 00:55:29.810   468   468 I zygote64: Explicit concurrent copying GC freed 30222(2MB) AllocSpace objects, 23(432KB) LOS objects, 88% free, 1552KB/13MB, paused 53us total 28.450ms
02-23 00:55:29.829   741   741 I ServiceManagement: Removing namespace from process name vendor.qti.gnss@1.0-service to gnss@1.0-servic.
02-23 00:55:29.830   468   468 I zygote64: Explicit concurrent copying GC freed 5439(198KB) AllocSpace objects, 0(0B) LOS objects, 89% free, 1385KB/13MB, paused 34us total 16.727ms
02-23 00:55:29.830   468   468 D Zygote64Timing: PostZygoteInitGC took to complete: 50ms
02-23 00:55:29.830   468   468 D Zygote64Timing: ZygoteInit took to complete: 1106ms
02-23 00:55:29.832   741   741 I LocSvc_HIDL_vendor.qti.gnss@1.0-service: Registration complete for vendor.qti.gnss@1.0::ILocHidlGnss/gnss_vendor.
02-23 00:55:29.833   468   468 I         : seccomp disabled by setenforce 0
02-23 00:55:29.834   503   823 D qdutils : DEBUG_CALC_FPS: 0
02-23 00:55:29.834   503   823 D qdutils : period: 10
02-23 00:55:29.834   503   823 D qdutils : ignorethresh_us: 500000
02-23 00:55:29.851   739   739 E Diag_Lib: diag diag_get_max_file_size size=200,max_file_size=209715200,min_file_size=167772160
02-23 00:55:29.862   955   955 E Diag_Lib: diag diag_get_max_file_size size=200,max_file_size=209715200,min_file_size=167772160
02-23 00:55:29.910   968   968 E Diag_Lib: diag diag_get_max_file_size size=200,max_file_size=209715200,min_file_size=167772160
02-23 00:55:29.910   968   968 E Diag_Lib:  Diag_LSM_Init: Failed to open handle to diag driver, error = 13
02-23 00:55:29.911   968   968 I QC-NETMGR-LIB: NetmgrNetdClientInit(): Looking for Netd service
02-23 00:55:29.915   468   468 I Zygote  : System server process 984 has been created
02-23 00:55:29.915   968   968 D QC-NETMGR-LIB: registerServerNotification(): Successfully registered for Netd HAL service
02-23 00:55:29.915   968   968 I QC-NETMGR-LIB: NetmgrNetdClientInit(): Created netd client
02-23 00:55:29.919   468   468 I Zygote  : Accepting command socket connections
02-23 00:55:29.940   968   985 I QC-NETMGR-LIB: onRegistration(): Netd service preexisting : [1]
02-23 00:55:29.940   968   985 I QC-NETMGR-LIB: onRegistration(): Service exists, not a restart
02-23 00:55:29.940   968   985 I QC-NETMGR-LIB: onRegistration(): Starting Netd getService thread
02-23 00:55:29.950   968   995 I QC-NETMGR-LIB: getServiceImpl(): INetd discovered
02-23 00:55:29.996   984   984 I Zygote  : Process: zygote socket zygote_secondary opened, supported ABIS: armeabi-v7a,armeabi
02-23 00:55:30.013   993   993 I NetUtilsWrapper: Unexpected command: /system/bin/iptables -w -W 10000 -t mangle -A PREROUTING -m mark --mark 0x20 -j ACCEPT
02-23 00:55:30.049   601   601 E Diag_Lib: diag diag_get_max_file_size size=200,max_file_size=209715200,min_file_size=167772160
02-23 00:55:30.052   730   981 I ServiceManager: Waiting for service package_native...
02-23 00:55:30.076   601   601 E QMI_FW  : QMUXD: WARNING qmi_qmux_if_pwr_up_init failed! rc=-6
02-23 00:55:30.104  1010  1010 I NetUtilsWrapper: Unexpected command: /system/bin/iptables -w -W 10000 -t mangle -D PREROUTING -m mark --mark 0x20 -j ACCEPT
02-23 00:55:30.107   984   984 I zygote64: The ClassLoaderContext is a special shared library.
02-23 00:55:30.116   968   968 E Diag_Lib: diag diag_get_max_file_size size=200,max_file_size=209715200,min_file_size=167772160
02-23 00:55:30.117   968   968 E Diag_Lib: diag diag_get_max_file_size size=200,max_file_size=209715200,min_file_size=167772160
02-23 00:55:30.124  1012  1012 I recovery: Installing new recovery image: failed
02-23 00:55:30.133   633   633 W /system/bin/keystore: Waited one second for android.hardware.keymaster@3.0::IKeymasterDevice/default. Waiting another...
02-23 00:55:30.147   984   984 I zygote64: The ClassLoaderContext is a special shared library.
02-23 00:55:30.168   984   984 I chatty  : uid=1000 system_server identical 1 line
02-23 00:55:30.185   984   984 I zygote64: The ClassLoaderContext is a special shared library.
02-23 00:55:30.214   984   984 I SystemServer: InitBeforeStartServices
02-23 00:55:30.214   984   984 I SystemServer: Entered the Android system server!
02-23 00:55:30.249   754   754 W /system/bin/gatekeeperd: Waited one second for android.hardware.gatekeeper@1.0::IGatekeeper/default. Waiting another...
02-23 00:55:30.262   925   925 E Diag_Lib: diag diag_get_max_file_size size=200,max_file_size=209715200,min_file_size=167772160
02-23 00:55:30.326   806   806 I dpmd    : type=1400 audit(0.0:46): avc: denied { dac_override } for capability=1 scontext=u:r:dpmd:s0 tcontext=u:r:dpmd:s0 tclass=capability permissive=1
02-23 00:55:30.464   628   628 W /system/bin/cameraserver: Waited one second for android.hardware.camera.provider@2.4::ICameraProvider/legacy/0. Waiting another...
02-23 00:55:30.474   984   984 D SystemServerTiming: InitBeforeStartServices took to complete: 261ms
02-23 00:55:30.474   984   984 I SystemServer: StartServices
02-23 00:55:30.474   984   984 I SystemServer: Reading configuration...
02-23 00:55:30.475   984   984 I SystemServer: ReadingSystemConfig
02-23 00:55:30.475   984   984 D SystemServerTiming: ReadingSystemConfig took to complete: 0ms
02-23 00:55:30.475   984   984 I SystemServer: StartInstaller
02-23 00:55:30.475   984   984 I SystemServiceManager: Starting com.android.server.pm.Installer
02-23 00:55:30.476   984  1041 D SystemServerInitThreadPool: Started executing ReadingSystemConfig
02-23 00:55:30.480   632   784 D installd: Found quota mount /dev/block/bootdevice/by-name/userdata at /data
02-23 00:55:30.480   984   984 D SystemServerTiming: StartInstaller took to complete: 5ms
02-23 00:55:30.481   984   984 I SystemServer: DeviceIdentifiersPolicyService
02-23 00:55:30.481   984   984 I SystemServiceManager: Starting com.android.server.os.DeviceIdentifiersPolicyService
02-23 00:55:30.482   984   984 D SystemServerTiming: DeviceIdentifiersPolicyService took to complete: 1ms
02-23 00:55:30.482   984   984 I SystemServer: StartActivityManager
02-23 00:55:30.482   984   984 I SystemServiceManager: Starting com.android.server.am.ActivityManagerService$Lifecycle
02-23 00:55:30.538   984   984 I ActivityManager: Memory class: 256
02-23 00:55:30.552   984  1044 I ServiceThread: Enabled StrictMode logging for ActivityManager looper.
02-23 00:55:30.556   984  1045 I ServiceThread: Enabled StrictMode logging for android.ui looper.
02-23 00:55:30.590   984   984 D BatteryStatsImpl: Reading daily items from /data/system/batterystats-daily.xml
02-23 00:55:30.593   984  1041 D SystemServerInitThreadPool: Finished executing ReadingSystemConfig
02-23 00:55:30.596   966  1051 D vndksupport: Loading /vendor/lib64/egl/libEGL_adreno.so from current namespace instead of sphal namespace.
02-23 00:55:30.598   966  1051 D libEGL  : loaded /vendor/lib64/egl/libEGL_adreno.so
02-23 00:55:30.609   966  1051 D vndksupport: Loading /vendor/lib64/egl/libGLESv1_CM_adreno.so from current namespace instead of sphal namespace.
02-23 00:55:30.609   966  1051 D libEGL  : loaded /vendor/lib64/egl/libGLESv1_CM_adreno.so
02-23 00:55:30.618   528   528 I tftp_server: pid=528 tid=528 tftp-server : INF :[tftp_server.c, 524] rcvd request [2] [73] [2] [5] [7]
02-23 00:55:30.619   760   911 W slim_daemon: Waited one second for android.frameworks.sensorservice@1.0::ISensorManager/default. Waiting another...
02-23 00:55:30.622   528  1056 I tftp_server: pid=528 tid=1056 tftp-server : INF :[tftp_server_utils.c, 113] file [readwrite/server_check.txt] : [/vendor/rfs/msm/adsp/readwrite/server_check.txt]
02-23 00:55:30.625   984  1053 E BluetoothAdapter: Bluetooth binder is null
02-23 00:55:30.625   528  1056 I tftp_server: pid=528 tid=1056 tftp-server : INF :[tftp_server.c, 1044] OACK options : [7680, 1500, 10, 0, 0, 0, 0, 0]
02-23 00:55:30.625   528  1056 I tftp_server: pid=528 tid=1056 tftp-server : INF :[tftp_os_la.c, 184] unlink failed: [2] [/vendor/rfs/msm/adsp/readwrite/server_check.txt.rfs_tmp] [No such file or directo
02-23 00:55:30.625   528  1056 I tftp_server: pid=528 tid=1056 tftp-server : INF :[tftp_server.c, 722] Using temp file[/vendor/rfs/msm/adsp/readwrite/server_check.txt.rfs_tmp] for atomic put
02-23 00:55:30.625   528  1056 I tftp_server: pid=528 tid=1056 tftp-server : INF :[tftp_os_la.c, 59] open : [-1] [-1] [384] [577] [/vendor/rfs/msm/adsp/readwrite/server_check.txt.rfs_tmp]
02-23 00:55:30.626   984  1053 E BatteryExternalStatsWorker: no controller energy info supplied for telephony
02-23 00:55:30.628   984  1053 E KernelUidCpuFreqTimeReader: Failed to read /proc/uid_time_in_state: java.io.FileNotFoundException: /proc/uid_time_in_state (No such file or directory)
02-23 00:55:30.628   966  1051 D vndksupport: Loading /vendor/lib64/egl/libGLESv2_adreno.so from current namespace instead of sphal namespace.
02-23 00:55:30.629   966  1051 D libEGL  : loaded /vendor/lib64/egl/libGLESv2_adreno.so
02-23 00:55:30.639   528  1056 I tftp_server: pid=528 tid=1056 tftp-server : INF :[tftp_server.c, 1315] WRQ stats : total-blocks = 1 : total-bytes = 5 : 5 timedout-pkts = 0, wrong-pkts = 0
02-23 00:55:30.639   528  1056 I tftp_server: pid=528 tid=1056 tftp-server : INF :[tftp_server.c, 1319] WRQ time stats : Total : [TX, RX] = [282, 6257, 0]
02-23 00:55:30.639   528  1056 I tftp_server: pid=528 tid=1056 tftp-server : INF :[tftp_server.c, 1323] WRQ time stats : Tx [Min, Max] = [137, 145]
02-23 00:55:30.639   528  1056 I tftp_server: pid=528 tid=1056 tftp-server : INF :[tftp_server.c, 1327] WRQ time stats : Rx [Min, Max] = [6257, 6257]
02-23 00:55:30.650   966  1051 I Adreno  : QUALCOMM build                   : 94aeef9, Ie8d0be8cd4
02-23 00:55:30.650   966  1051 I Adreno  : Build Date                       : 11/09/17
02-23 00:55:30.650   966  1051 I Adreno  : OpenGL ES Shader Compiler Version: EV031.22.00.01
02-23 00:55:30.650   966  1051 I Adreno  : Local Branch                     : 
02-23 00:55:30.650   966  1051 I Adreno  : Remote Branch                    : 
02-23 00:55:30.650   966  1051 I Adreno  : Remote Branch                    : 
02-23 00:55:30.650   966  1051 I Adreno  : Reconstruct Branch               : 
02-23 00:55:30.650   966  1051 D vndksupport: Loading /odm/lib64/hw/gralloc.msm8996.so from current namespace instead of sphal namespace.
