01-07 08:14:10.622     0     0 I [    0.745075 / 01-01 00:00:00.739][1] [FOTA]: --------------------------------------------------------
01-07 08:14:10.622     0     0 I [    0.745115 / 01-01 00:00:00.739][1] [FOTA]: --------------------------------------------------------
01-07 08:14:10.622     0     0 I [    0.745154 / 01-01 00:00:00.739][1] [FOTA]: _SetUAPartitionTable(0 pt) : 4, sdi, 7280000, 80000
01-07 08:14:10.622     0     0 I [    0.745194 / 01-01 00:00:00.739][1] [FOTA]: --------------------------------------------------------
01-07 08:14:10.622     0     0 I [    0.745233 / 01-01 00:00:00.739][1] [FOTA]: --------------------------------------------------------
01-07 08:14:10.622     0     0 I [    0.745271 / 01-01 00:00:00.739][1] [FOTA]: _SetUAPartitionTable(0 pt) : 5, hyp, 7300000, 80000
01-07 08:14:10.622     0     0 I [    0.745311 / 01-01 00:00:00.739][1] [FOTA]: --------------------------------------------------------
01-07 08:14:10.622     0     0 I [    0.745351 / 01-01 00:00:00.739][1] [FOTA]: --------------------------------------------------------
01-07 08:14:10.622     0     0 I [    0.745389 / 01-01 00:00:00.739][1] [FOTA]: _SetUAPartitionTable(0 pt) : 6, pmic, 7000000, 80000
01-07 08:14:10.622     0     0 I [    0.745430 / 01-01 00:00:00.739][1] [FOTA]: --------------------------------------------------------
01-07 08:14:10.622     0     0 I [    0.745470 / 01-01 00:00:00.739][1] [FOTA]: --------------------------------------------------------
01-07 08:14:10.622     0     0 I [    0.745514 / 01-01 00:00:00.739][1] [FOTA]: _SetUAPartitionTable(0 pt) : 7, raw_resources, 1a800000, 400000
01-07 08:14:10.622     0     0 I [    0.745554 / 01-01 00:00:00.739][1] [FOTA]: --------------------------------------------------------
01-07 08:14:10.622     0     0 I [    0.745595 / 01-01 00:00:00.739][1] [FOTA]: --------------------------------------------------------
01-07 08:14:10.622     0     0 I [    0.745634 / 01-01 00:00:00.739][1] [FOTA]: _SetUAPartitionTable(0 pt) : 8, aboot, 7400000, 200000
01-07 08:14:10.622     0     0 I [    0.745675 / 01-01 00:00:00.739][1] [FOTA]: --------------------------------------------------------
01-07 08:14:10.622     0     0 I [    0.745715 / 01-01 00:00:00.739][1] [FOTA]: --------------------------------------------------------
01-07 08:14:10.622     0     0 I [    0.745753 / 01-01 00:00:00.739][1] [FOTA]: _SetUAPartitionTable(0 pt) : 9, boot, f000000, 2800000
01-07 08:14:10.622     0     0 I [    0.745794 / 01-01 00:00:00.739][1] [FOTA]: --------------------------------------------------------
01-07 08:14:10.622     0     0 I [    0.745835 / 01-01 00:00:00.739][1] [FOTA]: --------------------------------------------------------
01-07 08:14:10.622     0     0 I [    0.745878 / 01-01 00:00:00.739][1] [FOTA]: _SetUAPartitionTable(0 pt) : 10, recovery, 11800000, 2800000
01-07 08:14:10.622     0     0 I [    0.745919 / 01-01 00:00:00.739][1] [FOTA]: --------------------------------------------------------
01-07 08:14:10.622     0     0 I [    0.745958 / 01-01 00:00:00.739][1] [FOTA]: --------------------------------------------------------
01-07 08:14:10.622     0     0 I [    0.745998 / 01-01 00:00:00.739][1] [FOTA]: _SetUAPartitionTable(0 pt) : 11, laf, c000000, 3000000
01-07 08:14:10.622     0     0 I [    0.746037 / 01-01 00:00:00.739][1] [FOTA]: --------------------------------------------------------
01-07 08:14:10.622     0     0 I [    0.746077 / 01-01 00:00:00.739][1] [FOTA]: --------------------------------------------------------
01-07 08:14:10.623     0     0 I [    0.746119 / 01-01 00:00:00.739][1] [FOTA]: _SetUAPartitionTable(0 pt) : 12, factory, 17000000, 2e00000
--------- beginning of system
01-07 08:14:10.623   405   405 I vold    : Vold 3.0 (the awakening) firing up
01-07 08:14:10.623     0     0 I [    0.746159 / 01-01 00:00:00.739][1] [FOTA]: --------------------------------------------------------
01-07 08:14:10.623     0     0 I [    0.746199 / 01-01 00:00:00.739][1] [FOTA]: --------------------------------------------------------
01-07 08:14:10.623     0     0 I [    0.746239 / 01-01 00:00:00.739][1] [FOTA]: _SetUAPartitionTable(0 pt) : 16, fota, 19e00000, a00000
01-07 08:14:10.623     0     0 I [    0.746280 / 01-01 00:00:00.739][1] [FOTA]: --------------------------------------------------------
01-07 08:14:10.623     0     0 I [    0.746319 / 01-01 00:00:00.739][1] [FOTA]: --------------------------------------------------------
01-07 08:14:10.623     0     0 I [    0.746359 / 01-01 00:00:00.739][1] [FOTA]: _SetUAPartitionTable(0 pt) : 17, pmicbak, 7700000, 80000
01-07 08:14:10.623     0     0 I [    0.746401 / 01-01 00:00:00.739][1] [FOTA]: --------------------------------------------------------
01-07 08:14:10.623     0     0 I [    0.746441 / 01-01 00:00:00.739][1] [FOTA]: --------------------------------------------------------
01-07 08:14:10.623     0     0 I [    0.746481 / 01-01 00:00:00.739][1] [FOTA]: _SetUAPartitionTable(0 pt) : 18, tzbak, 7780000, 100000
01-07 08:14:10.623     0     0 I [    0.746521 / 01-01 00:00:00.739][1] [FOTA]: --------------------------------------------------------
01-07 08:14:10.623     0     0 I [    0.746562 / 01-01 00:00:00.739][1] [FOTA]: --------------------------------------------------------
01-07 08:14:10.623     0     0 I [    0.746601 / 01-01 00:00:00.739][1] [FOTA]: _SetUAPartitionTable(0 pt) : 19, rpmbak, 7900000, 80000
01-07 08:14:10.623     0     0 I [    0.746642 / 01-01 00:00:00.739][1] [FOTA]: --------------------------------------------------------
01-07 08:14:10.623     0     0 I [    0.746682 / 01-01 00:00:00.739][1] [FOTA]: --------------------------------------------------------
01-07 08:14:10.623     0     0 I [    0.746723 / 01-01 00:00:00.739][1] [FOTA]: _SetUAPartitionTable(0 pt) : 20, sbl1bak, 7600000, 100000
01-07 08:14:10.623     0     0 I [    0.746763 / 01-01 00:00:00.739][1] [FOTA]: --------------------------------------------------------
01-07 08:14:10.623     0     0 I [    0.746803 / 01-01 00:00:00.739][1] [FOTA]: --------------------------------------------------------
01-07 08:14:10.623     0     0 I [    0.746843 / 01-01 00:00:00.739][1] [FOTA]: _SetUAPartitionTable(0 pt) : 21, hypbak, 7880000, 80000
01-07 08:14:10.623     0     0 I [    0.746883 / 01-01 00:00:00.739][1] [FOTA]: --------------------------------------------------------
01-07 08:14:10.623     0     0 I [    0.746923 / 01-01 00:00:00.739][1] [FOTA]: --------------------------------------------------------
01-07 08:14:10.623     0     0 I [    0.746962 / 01-01 00:00:00.739][1] [FOTA]: _SetUAPartitionTable(0 pt) : 22, sdibak, 7b80000, 80000
01-07 08:14:10.623     0     0 I [    0.747002 / 01-01 00:00:00.739][1] [FOTA]: --------------------------------------------------------
01-07 08:14:10.623     0     0 I [    0.747044 / 01-01 00:00:00.739][1] [FOTA]: --------------------------------------------------------
01-07 08:14:10.623     0     0 I [    0.747089 / 01-01 00:00:00.739][1] [FOTA]: _SetUAPartitionTable(0 pt) : 23, raw_resourcesbak, 1ac00000, 400000
01-07 08:14:10.623     0     0 I [    0.747130 / 01-01 00:00:00.739][1] [FOTA]: --------------------------------------------------------
01-07 08:14:10.623     0     0 I [    0.747169 / 01-01 00:00:00.739][1] [FOTA]: --------------------------------------------------------
01-07 08:14:10.623     0     0 I [    0.747210 / 01-01 00:00:00.739][1] [FOTA]: _SetUAPartitionTable(0 pt) : 24, abootbak, 7980000, 200000
01-07 08:14:10.623     0     0 I [    0.747251 / 01-01 00:00:00.739][1] [FOTA]: --------------------------------------------------------
01-07 08:14:10.623     0     0 I [    0.747281 / 01-01 00:00:00.739][1] [FOTA]: _InitUSDAddress : 10f00000, 10f60000
01-07 08:14:10.623     0     0 I [    0.747306 / 01-01 00:00:00.739][1] [FOTA]: _CheckUSDMagic : no match
01-07 08:14:10.623     0     0 I [    0.747331 / 01-01 00:00:00.739][1] [FOTA]: _CheckUSDMagic : no match
01-07 08:14:10.623     0     0 I         : [    0.747348 / 01-01 00:00:00.739][1] [570] get_qem = 0
01-07 08:14:10.623     0     0 I         : [    0.747368 / 01-01 00:00:00.739][1] [570] Enter normal mode
01-07 08:14:10.623     0     0 I         : [    0.747391 / 01-01 00:00:00.739][1] [570] boot from boot partition
01-07 08:14:10.623     0     0 I         : [    0.747412 / 01-01 00:00:00.739][1] [570] Device is unlocked!
01-07 08:14:10.623     0     0 I         : [    0.747441 / 01-01 00:00:00.739][1] [570] Loading boot image (25923584): start
01-07 08:14:10.623     0     0 I         : [    0.747469 / 01-01 00:00:00.739][1] [670] Loading boot image (25923584): done
01-07 08:14:10.623     0     0 I         : [    0.747504 / 01-01 00:00:00.739][1] [670] use_signed_kernel=1, is_unlocked=1, is_tampered=0.
01-07 08:14:10.623     0     0 I         : [    0.747530 / 01-01 00:00:00.739][1] [670] gpt_integrity :   34-persistent
01-07 08:14:10.623     0     0 I         : [    0.747554 / 01-01 00:00:00.739][1] [670] gpt_integrity :   21-misc
01-07 08:14:10.623     0     0 I         : [    0.747586 / 01-01 00:00:00.739][1] [670] Authenticating /boot image (25923584): start
01-07 08:14:10.623     0     0 I         : [    0.747620 / 01-01 00:00:00.739][1] [670] boot_verifier: Device is in ORANGE boot state.
01-07 08:14:10.623     0     0 I         : [    0.747651 / 01-01 00:00:00.739][1] [670] boot_verifier: Skipping boot verification.
01-07 08:14:10.623     0     0 I         : [    0.747685 / 01-01 00:00:00.739][1] [670] boot_verifier: Device is in ORANGE boot state.
01-07 08:14:10.623     0     0 I         : [    0.747720 / 01-01 00:00:00.739][1] [670] Authenticating boot image: done return value = 0
01-07 08:14:10.623     0     0 I         : [    0.747752 / 01-01 00:00:00.739][1] [670] [CCAudit] Authenticating boot image: Success
01-07 08:14:10.623     0     0 I         : [    0.747812 / 01-01 00:00:00.743][1] [670] partition size, image size, round size : 4194304, 3995420, 3995648
01-07 08:14:10.623   405   405 V vold    : Detected support for: ext4 f2fs vfat
01-07 08:14:10.623     0     0 I         : [    0.747835 / 01-01 00:00:00.743][1] [810] Raw resources verified.
01-07 08:14:10.623     0     0 I         : [    0.747880 / 01-01 00:00:00.743][1] [810] display_boot_state : verifiedboot_orange_01, verifiedboot_orange_02,
01-07 08:14:10.623     0     0 I         : [    0.747914 / 01-01 00:00:00.743][1] [910] read_image_info_from_emmc: total_image_num (41)
01-07 08:14:10.623     0     0 I         : [    0.747951 / 01-01 00:00:00.743][1] [910] get_image_info: Finding image verifiedboot_orange_01
01-07 08:14:10.623     0     0 I         : [    0.747984 / 01-01 00:00:00.743][1] [910] get_image_info: img_info[0].name lglogo_image
01-07 08:14:10.623     0     0 I         : [    0.748022 / 01-01 00:00:00.743][1] [910] get_image_info: img_info[1].name powered_android_image
01-07 08:14:10.623     0     0 I         : [    0.748059 / 01-01 00:00:00.743][1] [910] get_image_info: img_info[2].name quick_lglogo_image
01-07 08:14:10.623     0     0 I         : [    0.748095 / 01-01 00:00:00.743][1] [910] get_image_info: img_info[3].name load_charger_image
01-07 08:14:10.623     0     0 I         : [    0.748127 / 01-01 00:00:00.743][1] [910] get_image_info: img_info[4].name recovery
01-07 08:14:10.623     0     0 I         : [    0.748162 / 01-01 00:00:00.743][1] [910] get_image_info: img_info[5].name backup_restore
01-07 08:14:10.623     0     0 I         : [    0.748193 / 01-01 00:00:00.743][1] [910] get_image_info: img_info[6].name loading
01-07 08:14:10.623     0     0 I         : [    0.748226 / 01-01 00:00:00.743][1] [910] get_image_info: img_info[7].name downloadmode
01-07 08:14:10.623     0     0 I         : [    0.748262 / 01-01 00:00:00.743][1] [910] get_image_info: img_info[8].name factory_reset_image
01-07 08:14:10.623     0     0 I         : [    0.748303 / 01-01 00:00:00.743][1] [910] get_image_info: img_info[9].name factory_reset_1st_line_image
01-07 08:14:10.623     0     0 I         : [    0.748346 / 01-01 00:00:00.743][1] [910] get_image_info: img_info[10].name factory_reset_2nd_line_image
01-07 08:14:10.623     0     0 I         : [    0.748386 / 01-01 00:00:00.743][1] [910] get_image_info: img_info[11].name factory_reset_no_1st_image
01-07 08:14:10.623     0     0 I         : [    0.748428 / 01-01 00:00:00.743][1] [910] get_image_info: img_info[12].name factory_reset_yes_1st_image
01-07 08:14:10.623     0     0 I         : [    0.748469 / 01-01 00:00:00.743][1] [910] get_image_info: img_info[13].name factory_reset_no_2nd_image
01-07 08:14:10.623     0     0 I         : [    0.748510 / 01-01 00:00:00.743][1] [910] get_image_info: img_info[14].name factory_reset_yes_2nd_image
01-07 08:14:10.623     0     0 I         : [    0.748549 / 01-01 00:00:00.743][1] [910] get_image_info: img_info[15].name factory_reset_1_1_image
01-07 08:14:10.623     0     0 I         : [    0.748588 / 01-01 00:00:00.743][1] [910] get_image_info: img_info[16].name factory_reset_1_2_image
01-07 08:14:10.623     0     0 I         : [    0.748623 / 01-01 00:00:00.743][1] [910] get_image_info: img_info[17].name kswitch_factory
01-07 08:14:10.624     0     0 I         : [    0.748657 / 01-01 00:00:00.743][1] [910] get_image_info: img_info[18].name kswitch_dload
01-07 08:14:10.624     0     0 I         : [    0.748696 / 01-01 00:00:00.743][1] [910] get_image_info: img_info[19].name system_recovery_image
01-07 08:14:10.624     0     0 I         : [    0.748736 / 01-01 00:00:00.743][1] [910] get_image_info: img_info[20].name system_recovery_menu_image
01-07 08:14:10.624     0     0 I         : [    0.748779 / 01-01 00:00:00.743][1] [910] get_image_info: img_info[21].name system_recovery_continue_image
01-07 08:14:10.624     0     0 I         : [    0.748823 / 01-01 00:00:00.743][1] [910] get_image_info: img_info[22].name system_recovery_wipecache_image
01-07 08:14:10.624     0     0 I         : [    0.748867 / 01-01 00:00:00.743][1] [910] get_image_info: img_info[23].name system_recovery_factoryreset_image
01-07 08:14:10.624     0     0 I         : [    0.748911 / 01-01 00:00:00.743][1] [910] get_image_info: img_info[24].name system_recovery_powerdown_image
01-07 08:14:10.624     0     0 I         : [    0.748954 / 01-01 00:00:00.743][1] [910] get_image_info: img_info[25].name system_recovery_safemode_image
01-07 08:14:10.624     0     0 I         : [    0.748998 / 01-01 00:00:00.743][1] [910] get_image_info: img_info[26].name system_recovery_usbmode_image
01-07 08:14:10.624     0     0 I         : [    0.749040 / 01-01 00:00:00.743][1] [910] get_image_info: img_info[27].name system_recovery_safemode_image
01-07 08:14:10.624     0     0 I         : [    0.749081 / 01-01 00:00:00.743][1] [910] get_image_info: img_info[28].name LGE_PM_NO_BATTERY_ANI_01
01-07 08:14:10.624     0     0 I         : [    0.749120 / 01-01 00:00:00.743][1] [910] get_image_info: img_info[29].name LGE_PM_NO_BATTERY_ANI_02
01-07 08:14:10.624     0     0 I         : [    0.749157 / 01-01 00:00:00.743][1] [910] get_image_info: img_info[30].name LGE_PM_NO_BATTERY
01-07 08:14:10.624     0     0 I         : [    0.749194 / 01-01 00:00:00.743][1] [910] get_image_info: img_info[31].name LGE_PM_NO_CHARGER
01-07 08:14:10.624     0     0 I         : [    0.749234 / 01-01 00:00:00.743][1] [910] get_image_info: img_info[32].name LGE_PM_WEAK_CHARGING_OFF
01-07 08:14:10.624     0     0 I         : [    0.749273 / 01-01 00:00:00.743][1] [910] get_image_info: img_info[33].name LGE_PM_WEAK_CHARGING_ON
01-07 08:14:10.624     0     0 I         : [    0.749308 / 01-01 00:00:00.743][1] [910] get_image_info: img_info[34].name imei_main_image
01-07 08:14:10.624     0     0 I         : [    0.749344 / 01-01 00:00:00.743][1] [910] get_image_info: img_info[35].name imei_guide_image
01-07 08:14:10.624     0     0 I         : [    0.749379 / 01-01 00:00:00.743][1] [910] get_image_info: img_info[36].name system_errlogo
01-07 08:14:10.624     0     0 I         : [    0.749416 / 01-01 00:00:00.743][1] [910] get_image_info: img_info[37].name verifiedboot_red_01
01-07 08:14:10.624     0     0 I         : [    0.749453 / 01-01 00:00:00.743][1] [910] get_image_info: img_info[38].name verifiedboot_red_02
01-07 08:14:10.624     0     0 I         : [    0.749491 / 01-01 00:00:00.743][1] [910] get_image_info: img_info[39].name verifiedboot_orange_01
01-07 08:14:10.624     0     0 I         : [    0.749530 / 01-01 00:00:00.743][1] [990] display_boot_state: decompress time:0 key rel:0 paused:0
01-07 08:14:10.624     0     0 I         : [    0.749550 / 01-01 00:00:00.743][1] [6140] Not a gzip file
01-07 08:14:10.624     0     0 I         : [    0.749579 / 01-01 00:00:00.743][1] [6160] DTB Total entry: 10, DTB version: 3
01-07 08:14:10.624     0     0 I         : [    0.749637 / 01-01 00:00:00.743][1] [6160] Using DTB entry 0x000000fb/00000000/0x00000b64/0 for device 0x000000fb/00010000/0x00000b64/0
01-07 08:14:10.624     0     0 I         : [    0.749685 / 01-01 00:00:00.743][1] [6160] Using pmic info 0x10009/0x1000a/0x0/0x0 for device 0x20009/0x2000a/0x0/0x0
01-07 08:14:10.624     0     0 I         : [    0.749711 / 01-01 00:00:00.743][1] [6160] ksut_global_msm8992 is loaded
01-07 08:14:10.624     0     0 I         : [    0.749729 / 01-01 00:00:00.743][1] [6160] No unlock key!
01-07 08:14:10.624     0     0 I         : [    0.749765 / 01-01 00:00:00.743][1] [6160] [CCAudit] Enter the boot_linux for kernel startup,,,
01-07 08:14:10.624     0     0 I         : [    0.749788 / 01-01 00:00:00.743][1] [6160] bootcmd: lge.rev=rev_10
01-07 08:14:10.624     0     0 I         : [    0.749813 / 01-01 00:00:00.743][1] [6160] bootcmd: model.name=LG-H815
01-07 08:14:10.624     0     0 I         : [    0.749836 / 01-01 00:00:00.743][1] [6160] bootcmd: lge.sim_num=1
01-07 08:14:10.624     0     0 I         : [    0.749862 / 01-01 00:00:00.743][1] [6160] bootcmd: lge.battid=ISL6296_L
01-07 08:14:10.624     0     0 I         : [    0.749887 / 01-01 00:00:00.743][1] [6160] bootcmd: lge.bootreason=0x0
01-07 08:14:10.624     0     0 I         : [    0.749907 / 01-01 00:00:00.743][1] [6160] bootcmd: maxcpus
01-07 08:14:10.624     0     0 I         : [    0.749929 / 01-01 00:00:00.743][1] [6160] bootcmd: boot_cpus=0-3
01-07 08:14:10.624     0     0 I         : [    0.749949 / 01-01 00:00:00.743][1] [6160] bootcmd: kswitch
01-07 08:14:10.624     0     0 I         : [    0.749969 / 01-01 00:00:00.743][1] [6160] bootcmd: cc_mode=0
01-07 08:14:10.624     0     0 I         : [    0.750002 / 01-01 00:00:00.743][1] [6160] bootcmd: androidboot.bl_unlock_complete=true
01-07 08:14:10.624     0     0 I         : [    0.750030 / 01-01 00:00:00.743][1] [6160] bootcmd: androidboot.dlcomplete=0
01-07 08:14:10.624     0     0 I         : [    0.750047 / 01-01 00:00:00.743][1] [6160] bootcmd: gpt
01-07 08:14:10.624     0     0 I         : [    0.750072 / 01-01 00:00:00.743][1] [6160] bootcmd: bootcable.type=400MA
01-07 08:14:10.624     0     0 I         : [    0.750103 / 01-01 00:00:00.743][1] [6160] bootcmd: androidboot.ddr_size=3221225472
01-07 08:14:10.624     0     0 I         : [    0.750134 / 01-01 00:00:00.743][1] [6160] bootcmd: androidboot.ddr_info=0x3b000206
01-07 08:14:10.624     0     0 I         : [    0.750159 / 01-01 00:00:00.743][1] [6160] bootcmd: fakebattery=disable
01-07 08:14:10.624     0     0 I         : [    0.750186 / 01-01 00:00:00.743][1] [6160] bootcmd: lge.bootreasoncode=0x0
01-07 08:14:10.624     0     0 I         : [    0.750209 / 01-01 00:00:00.743][1] [6160] bootcmd: lge.hreset=off
01-07 08:14:10.624     0     0 I         : [    0.750231 / 01-01 00:00:00.743][1] [6160] bootcmd: lge.dsds=none
01-07 08:14:10.624     0     0 I         : [    0.750259 / 01-01 00:00:00.743][1] [6160] bootcmd: androidboot.revision=11
01-07 08:14:10.624     0     0 I         : [    0.750285 / 01-01 00:00:00.743][1] [6160] bootcmd: fips_allow_others=1
01-07 08:14:10.624     0     0 I         : [    0.750307 / 01-01 00:00:00.743][1] [6160] bootcmd: fips_panic=0
01-07 08:14:10.624     0     0 I         : [    0.750327 / 01-01 00:00:00.743][1] [6160] bootcmd: fips=0
01-07 08:14:10.624     0     0 I         : [    0.750354 / 01-01 00:00:00.743][1] [6160] bootcmd: lge.signed_image=false
01-07 08:14:10.624     0     0 I         : [    0.750387 / 01-01 00:00:00.743][1] [6160] bootcmd: androidboot.verifiedbootstate=orange
01-07 08:14:10.624     0     0 I         : [    0.750415 / 01-01 00:00:00.743][1] [6160] pm8x41_get_is_cold_boot: Warm boot
01-07 08:14:10.624     0     0 I         : [    0.750458 / 01-01 00:00:00.743][1] [6160] target_pause_for_battery_charge : pon_reason is 32 cold_boot:0
01-07 08:14:10.624     0     0 I         : [    0.750481 / 01-01 00:00:00.743][1] [6160] PON_PON_PBL_STATUS:0xc0
01-07 08:14:10.624     0     0 I         : [    0.750503 / 01-01 00:00:00.743][1] [6160] PON_PON_REASON1:0x20
01-07 08:14:10.624     0     0 I         : [    0.750527 / 01-01 00:00:00.743][1] [6160] PON_WARM_RESET_REASON1:0x2
01-07 08:14:10.624     0     0 I         : [    0.750552 / 01-01 00:00:00.743][1] [6160] PON_WARM_RESET_REASON2:0x0
01-07 08:14:10.624     0     0 I         : [    0.750574 / 01-01 00:00:00.743][1] [6160] PON_POFF_REASON1:0x0
01-07 08:14:10.624     0     0 I         : [    0.750596 / 01-01 00:00:00.743][1] [6160] PON_POFF_REASON2:0x0
01-07 08:14:10.624     0     0 I         : [    0.750619 / 01-01 00:00:00.743][1] [6160] PON_SOFT_RESET_REASON1:0x0
01-07 08:14:10.624     0     0 I         : [    0.750643 / 01-01 00:00:00.743][1] [6160] PON_SOFT_RESET_REASON2:0x0
01-07 08:14:10.624     0     0 I         : [    0.750666 / 01-01 00:00:00.743][1] [6160] TEMP_ALARM_STATUS1:0x80
01-07 08:14:10.624     0     0 I         : [    0.750693 / 01-01 00:00:00.743][1] [6160] SMBCHG_USB_CHGPTH_INT_RT_STS:0x4
01-07 08:14:10.624     0     0 I         : [    0.750855 / 01-01 00:00:00.743][1] [6160] cmdline: console=ttyHSL0,115200,n8 androidboot.console=ttyHSL0 androidboot.hardware=qcom user_debug=31 ehci-hcd.park=3 lpm_levels.sleep_disabled=1 msm_rtb.filter=0x37 boot_cpus=0-5 buildvariant=userdebug lge.rev=rev_10 model.name=LG-H815 lge.sim_num=1 lge[6160] bootcmd_list_deinit : remove all bootcmd_arg
01-07 08:14:10.624     0     0 I         : [    0.750881 / 01-01 00:00:00.743][1] [6160] Updating device tree: start
01-07 08:14:10.624     0     0 I         : [    0.750905 / 01-01 00:00:00.743][1] [6180] Updating device tree: done
01-07 08:14:10.624     0     0 I         : [    0.750926 / 01-01 00:00:00.743][1] [6180] Channel alloc freed
01-07 08:14:10.624     0     0 I         : [    0.750950 / 01-01 00:00:00.743][1] [6190] Turn off MIPI_CMD_PANEL.
01-07 08:14:10.624     0     0 I         : [    0.750986 / 01-01 00:00:00.743][1] [6190] Continuous splash enabled, keeping panel alive.
01-07 08:14:10.624     0     0 I         : [    0.751039 / 01-01 00:00:00.743][1] [6190] booting linux @ 0x80000, ramdisk @ 0x2200000 (2066067), tags/device tree @ 0x2000000
01-07 08:14:10.624     0     0 I         : [    0.751065 / 01-01 00:00:00.743][1] [6190] Jumping to kernel via monitor
01-07 08:14:10.624     0     0 I         : [    0.751073 / 01-01 00:00:00.743][1]
01-07 08:14:10.624     0     0 I [    0.751081 / 01-01 00:00:00.743][1] bootlog_probe: token           (null)
01-07 08:14:10.624     0     0 I         : [    0.751088 / 01-01 00:00:00.743][1] -------------------------------------------------
01-07 08:14:10.624     0     0 W         : [    0.751104 / 01-01 00:00:00.743][1] Trying to free nonexistent resource <000000000ffc0000-000000000ffdffff>
01-07 08:14:10.624     0     0 I [    0.754663 / 01-01 00:00:00.747][1] [QFUSE]lge_qfprom_probe: qfprom init
01-07 08:14:10.625     0     0 E [    0.757121 / 01-01 00:00:00.751][0] sps: BAM device 0x00000000f9944000 is not registered yet.
01-07 08:14:10.625     0     0 I [    0.757153 / 01-01 00:00:00.751][0] sps: BAM 0x00000000f9944000 is registered.
01-07 08:14:10.625     0     0 I [    0.759437 / 01-01 00:00:00.751][0] f995e000.uart: ttyHS0 at MMIO 0xf995e000 (irq = 146) is a MSM HS UART
01-07 08:14:10.625     0     0 I [    0.762601 / 01-01 00:00:00.755][0] msm_serial_hsl_probe: detected port #0 (ttyHSL0)
01-07 08:14:10.625     0     0 E [    0.762656 / 01-01 00:00:00.755][0] AXI: get_pdata(): Error: Client name not found
01-07 08:14:10.625     0     0 E [    0.762666 / 01-01 00:00:00.755][0] AXI: msm_bus_cl_get_pdata(): client has to provide missing entry for successful registration
01-07 08:14:10.625     0     0 E [    0.762675 / 01-01 00:00:00.755][0] msm_serial_hsl_probe: Bus scaling is disabled
01-07 08:14:10.625     0     0 I [    0.762766 / 01-01 00:00:00.755][0] f991e000.serial: ttyHSL0 at MMIO 0xf991e000 (irq = 140) is a MSM
01-07 08:14:10.625     0     0 I [    0.763642 / 01-01 00:00:00.755][0] msm_serial_hsl_probe: detected port #1 (ttyHSL1)
01-07 08:14:10.625     0     0 E [    0.763677 / 01-01 00:00:00.755][0] AXI: get_pdata(): Error: Client name not found
01-07 08:14:10.625     0     0 E [    0.763686 / 01-01 00:00:00.755][0] AXI: msm_bus_cl_get_pdata(): client has to provide missing entry for successful registration
01-07 08:14:10.625     0     0 E [    0.763695 / 01-01 00:00:00.755][0] msm_serial_hsl_probe: Bus scaling is disabled
01-07 08:14:10.625     0     0 I [    0.763751 / 01-01 00:00:00.755][0] f9961000.serial: ttyHSL1 at MMIO 0xf9961000 (irq = 149) is a MSM
01-07 08:14:10.625     0     0 I [    0.764367 / 01-01 00:00:00.759][0] msm_serial_hsl_init: driver initialized
01-07 08:14:10.625     0     0 I         : [    0.770141 / 01-01 00:00:00.763][0] lge_bypass_init
01-07 08:14:10.625     0     0 I [    0.770207 / 01-01 00:00:00.763][0] lge_bypass_init: success
01-07 08:14:10.625     0     0 I [    0.770217 / 01-01 00:00:00.763][0] DM_APP: lge_dm_tty_init
01-07 08:14:10.625     0     0 I         : [    0.776772 / 01-01 00:00:00.771][0] kgsl kgsl-3d0: Initialized kgsl-3d0: mmu=on
01-07 08:14:10.625     0     0 W         : [    0.779031 / 01-01 00:00:00.771][0] Boeffla WL blocker: driver version 1.1.0 started
01-07 08:14:10.625     0     0 I [    0.782228 / 01-01 00:00:00.775][0] brd: module loaded
01-07 08:14:10.625     0     0 I [    0.783910 / 01-01 00:00:00.779][0] loop: module loaded
01-07 08:14:10.625     0     0 I [    0.784230 / 01-01 00:00:00.779][0] zram: Created 1 device(s)
01-07 08:14:10.625     0     0 E [    0.784880 / 01-01 00:00:00.779][0] QSEECOM: qseecom_probe: qseecom.qsee_version = 0x800000
01-07 08:14:10.625     0     0 W [    0.784910 / 01-01 00:00:00.779][0] QSEECOM: qseecom_probe: disk-encrypt-pipe-pair=0x2
01-07 08:14:10.625     0     0 W [    0.784919 / 01-01 00:00:00.779][0] QSEECOM: qseecom_probe: Device does not support PFEQSEECOM: qseecom_probe: qsee-ce-hw-instance=0x0
01-07 08:14:10.625     0     0 I [    0.784935 / 01-01 00:00:00.779][0] QSEECOM: qseecom_probe: qseecom.appsbl_qseecom_support = 0x0QSEECOM: qseecom_probe: no-clock-support=0x1
01-07 08:14:10.625     0     0 W [    0.784963 / 01-01 00:00:00.779][0] QSEECOM: qseecom_probe: secure app region addr=0x6500000 size=0x500000
01-07 08:14:10.625     0     0 W [    0.786767 / 01-01 00:00:00.779][0] QSEECOM: qseecom_probe: qseecom.whitelist_support = 1
01-07 08:14:10.625     0     0 I [    0.789985 / 01-01 00:00:00.783][0] IrRC: uei,reset-gpio: 889
01-07 08:14:10.625     0     0 I         : [    0.791179 / 01-01 00:00:00.783][0] appsport_probe
01-07 08:14:10.625     0     0 W [    0.791757 / 01-01 00:00:00.783][0] i2c-core: driver [tabla-i2c-core] using legacy suspend method
01-07 08:14:10.625     0     0 W [    0.791767 / 01-01 00:00:00.783][0] i2c-core: driver [tabla-i2c-core] using legacy resume method
01-07 08:14:10.625     0     0 W [    0.791916 / 01-01 00:00:00.787][0] i2c-core: driver [wcd9xxx-i2c-core] using legacy suspend method
01-07 08:14:10.625     0     0 W [    0.791925 / 01-01 00:00:00.787][0] i2c-core: driver [wcd9xxx-i2c-core] using legacy resume method
01-07 08:14:10.625     0     0 I         : [    0.791996 / 01-01 00:00:00.787][0] p1_dsv_probe start
01-07 08:14:10.625     0     0 I         : [    0.792312 / 01-01 00:00:00.787][0] Loading PN547 driver
01-07 08:14:10.625     0     0 I [    0.792383 / 01-01 00:00:00.787][2] pn547: Start async init
01-07 08:14:10.625     0     0 I [    0.792967 / 01-01 00:00:00.787][2] pn547: pn547_probe() start
01-07 08:14:10.625     0     0 I [    0.793048 / 01-01 00:00:00.787][2] pn547: IRQ : 907
01-07 08:14:10.625     0     0 I [    0.793048 / 01-01 00:00:00.787][2] VEN: 908
01-07 08:14:10.625     0     0 I [    0.793048 / 01-01 00:00:00.787][2] FIRM: 917
01-07 08:14:10.625     0     0 I [    0.793158 / 01-01 00:00:00.787][2] pn547_probe: requesting IRQ 504
01-07 08:14:10.625     0     0 I [    0.793350 / 01-01 00:00:00.787][2] pn547: pn547_probe() end
01-07 08:14:10.625     0     0 I [    0.793396 / 01-01 00:00:00.787][2] pn547: Loading PN547 driver Success!
01-07 08:14:10.625     0     0 I         : [    0.793784 / 01-01 00:00:00.787][0] qce fd440000.qcedev: Qualcomm Crypto 5.3.0 device found @0xfd440000
01-07 08:14:10.625     0     0 I         : [    0.793800 / 01-01 00:00:00.787][0] qce fd440000.qcedev: CE device = 0x0
01-07 08:14:10.625     0     0 I         : [    0.793800 / 01-01 00:00:00.787][0] , IO base, CE = 0xffffff80017c0000
01-07 08:14:10.625     0     0 I         : [    0.793800 / 01-01 00:00:00.787][0] , Consumer (IN) PIPE 2,    Producer (OUT) PIPE 3
01-07 08:14:10.625     0     0 I         : [    0.793800 / 01-01 00:00:00.787][0] IO base BAM = 0x          (null)
01-07 08:14:10.625     0     0 I         : [    0.793800 / 01-01 00:00:00.787][0] BAM IRQ 268
01-07 08:14:10.625     0     0 I         : [    0.793800 / 01-01 00:00:00.787][0] Engines Availability = 0x2010853
01-07 08:14:10.625     0     0 I [    0.793858 / 01-01 00:00:00.787][0] sps: BAM 0x00000000fd444000 is registered.
01-07 08:14:10.625     0     0 I [    0.794162 / 01-01 00:00:00.787][0] sps: BAM 0x00000000fd444000 (va:0xffffff8000910000) enabled: ver:0x24, number of pipes:8
01-07 08:14:10.625     0     0 I [    0.794419 / 01-01 00:00:00.787][0] QCE50: qce_sps_init:  Qualcomm MSM CE-BAM at 0x00000000fd444000 irq 268
01-07 08:14:10.625     0     0 I [    0.795000 / 01-01 00:00:00.787][0] qcedev: FIPS140-2 Known Answer Tests : Skipped
01-07 08:14:10.625     0     0 I         : [    0.796647 / 01-01 00:00:00.791][0] qcrypto fd440000.qcrypto: Qualcomm Crypto 5.3.0 device found @0xfd440000
01-07 08:14:10.625     0     0 I         : [    0.796664 / 01-01 00:00:00.791][0] qcrypto fd440000.qcrypto: CE device = 0x0
01-07 08:14:10.625     0     0 I         : [    0.796664 / 01-01 00:00:00.791][0] , IO base, CE = 0xffffff80018c0000
01-07 08:14:10.625     0     0 I         : [    0.796664 / 01-01 00:00:00.791][0] , Consumer (IN) PIPE 4,    Producer (OUT) PIPE 5
01-07 08:14:10.625     0     0 I         : [    0.796664 / 01-01 00:00:00.791][0] IO base BAM = 0x          (null)
01-07 08:14:10.625     0     0 I         : [    0.796664 / 01-01 00:00:00.791][0] BAM IRQ 268
01-07 08:14:10.625     0     0 I         : [    0.796664 / 01-01 00:00:00.791][0] Engines Availability = 0x2010853
01-07 08:14:10.625     0     0 I [    0.797089 / 01-01 00:00:00.791][0] QCE50: qce_sps_init:  Qualcomm MSM CE-BAM at 0x00000000fd444000 irq 268
01-07 08:14:10.625     0     0 I         : [    0.797802 / 01-01 00:00:00.791][0] qcrypto fd440000.qcrypto: qcrypto-ecb-aes
01-07 08:14:10.625     0     0 I         : [    0.797905 / 01-01 00:00:00.791][0] qcrypto fd440000.qcrypto: qcrypto-cbc-aes
01-07 08:14:10.625     0     0 I         : [    0.797988 / 01-01 00:00:00.791][0] qcrypto fd440000.qcrypto: qcrypto-ctr-aes
01-07 08:14:10.625     0     0 I         : [    0.798072 / 01-01 00:00:00.791][0] qcrypto fd440000.qcrypto: qcrypto-ecb-des
01-07 08:14:10.625     0     0 I         : [    0.798162 / 01-01 00:00:00.791][0] qcrypto fd440000.qcrypto: qcrypto-cbc-des
01-07 08:14:10.625     0     0 I         : [    0.798253 / 01-01 00:00:00.791][0] qcrypto fd440000.qcrypto: qcrypto-ecb-3des
01-07 08:14:10.625     0     0 I         : [    0.798339 / 01-01 00:00:00.791][0] qcrypto fd440000.qcrypto: qcrypto-cbc-3des
01-07 08:14:10.625     0     0 I         : [    0.798424 / 01-01 00:00:00.791][0] qcrypto fd440000.qcrypto: qcrypto-xts-aes
01-07 08:14:10.625     0     0 I         : [    0.798511 / 01-01 00:00:00.791][0] qcrypto fd440000.qcrypto: qcrypto-sha1
01-07 08:14:10.625     0     0 I         : [    0.798596 / 01-01 00:00:00.791][0] qcrypto fd440000.qcrypto: qcrypto-sha256
01-07 08:14:10.625     0     0 I         : [    0.798680 / 01-01 00:00:00.791][0] qcrypto fd440000.qcrypto: qcrypto-aead-hmac-sha1-cbc-aes
01-07 08:14:10.625     0     0 I         : [    0.798765 / 01-01 00:00:00.791][0] qcrypto fd440000.qcrypto: qcrypto-aead-hmac-sha1-cbc-des
01-07 08:14:10.625     0     0 I         : [    0.798850 / 01-01 00:00:00.791][0] qcrypto fd440000.qcrypto: qcrypto-aead-hmac-sha1-cbc-3des
01-07 08:14:10.625     0     0 I         : [    0.798943 / 01-01 00:00:00.791][0] qcrypto fd440000.qcrypto: qcrypto-aead-hmac-sha256-cbc-aes
01-07 08:14:10.625     0     0 I         : [    0.799027 / 01-01 00:00:00.791][0] qcrypto fd440000.qcrypto: qcrypto-aead-hmac-sha256-cbc-des
01-07 08:14:10.625     0     0 I         : [    0.799111 / 01-01 00:00:00.791][0] qcrypto fd440000.qcrypto: qcrypto-aead-hmac-sha256-cbc-3des
01-07 08:14:10.625     0     0 I         : [    0.799194 / 01-01 00:00:00.791][0] qcrypto fd440000.qcrypto: qcrypto-hmac-sha1
01-07 08:14:10.626     0     0 I         : [    0.799279 / 01-01 00:00:00.791][0] qcrypto fd440000.qcrypto: qcrypto-hmac-sha256
01-07 08:14:10.626     0     0 I         : [    0.799364 / 01-01 00:00:00.791][0] qcrypto fd440000.qcrypto: qcrypto-aes-ccm
01-07 08:14:10.626     0     0 I         : [    0.799448 / 01-01 00:00:00.791][0] qcrypto fd440000.qcrypto: qcrypto-rfc4309-aes-ccm
01-07 08:14:10.626     0     0 I [    0.799459 / 01-01 00:00:00.791][0] qcrypto: FIPS140-2 Known Answer Tests: Skipped
01-07 08:14:10.626     0     0 I         : [    0.802425 / 01-01 00:00:00.795][0] SCSI Media Changer driver v0.25
01-07 08:14:10.626     0     0 I [    0.803403 / 01-01 00:00:00.795][0] tun: Universal TUN/TAP device driver, 1.6
01-07 08:14:10.626     0     0 I [    0.803415 / 01-01 00:00:00.795][0] tun: (C) 1999-2004 Max Krasnyansky <maxk@qualcomm.com>
01-07 08:14:10.626     0     0 I [    0.803475 / 01-01 00:00:00.795][0] e1000e: Intel(R) PRO/1000 Network Driver - 2.3.2-k
01-07 08:14:10.626     0     0 I [    0.803483 / 01-01 00:00:00.795][0] e1000e: Copyright(c) 1999 - 2013 Intel Corporation.
01-07 08:14:10.626     0     0 I         : [    0.803549 / 01-01 00:00:00.795][0] PPP generic driver version 2.4.2
01-07 08:14:10.626     0     0 I         : [    0.803639 / 01-01 00:00:00.795][0] PPP BSD Compression module registered
01-07 08:14:10.626     0     0 I         : [    0.803648 / 01-01 00:00:00.795][0] PPP Deflate Compression module registered
01-07 08:14:10.626     0     0 I         : [    0.803683 / 01-01 00:00:00.795][0] PPP MPPE Compression module registered
01-07 08:14:10.626     0     0 I [    0.803693 / 01-01 00:00:00.795][0] NET: Registered protocol family 24
01-07 08:14:10.626     0     0 I [    0.803858 / 01-01 00:00:00.799][0] usbcore: registered new interface driver catc
01-07 08:14:10.626     0     0 I [    0.803868 / 01-01 00:00:00.799][0] pegasus: v0.9.3 (2013/04/25), Pegasus/Pegasus II USB Ethernet driver
01-07 08:14:10.626     0     0 I [    0.803900 / 01-01 00:00:00.799][0] usbcore: registered new interface driver pegasus
01-07 08:14:10.626     0     0 I [    0.803930 / 01-01 00:00:00.799][0] usbcore: registered new interface driver rtl8150
01-07 08:14:10.626     0     0 I [    0.803957 / 01-01 00:00:00.799][0] usbcore: registered new interface driver r8152
01-07 08:14:10.626     0     0 I [    0.803967 / 01-01 00:00:00.799][0] hso: ../../../../../../kernel/lge/msm8992/drivers/net/usb/hso.c: Option Wireless
01-07 08:14:10.626     0     0 I [    0.804043 / 01-01 00:00:00.799][0] usbcore: registered new interface driver hso
01-07 08:14:10.626     0     0 I [    0.804081 / 01-01 00:00:00.799][0] usbcore: registered new interface driver asix
01-07 08:14:10.626     0     0 I [    0.804110 / 01-01 00:00:00.799][0] usbcore: registered new interface driver ax88179_178a
01-07 08:14:10.626     0     0 I [    0.804137 / 01-01 00:00:00.799][0] usbcore: registered new interface driver cdc_ether
01-07 08:14:10.626     0     0 I [    0.804168 / 01-01 00:00:00.799][0] usbcore: registered new interface driver cdc_eem
01-07 08:14:10.626     0     0 I [    0.804200 / 01-01 00:00:00.799][0] usbcore: registered new interface driver dm9601
01-07 08:14:10.626     0     0 I [    0.804234 / 01-01 00:00:00.799][0] usbcore: registered new interface driver smsc75xx
01-07 08:14:10.626     0     0 I [    0.804269 / 01-01 00:00:00.799][0] usbcore: registered new interface driver smsc95xx
01-07 08:14:10.626     0     0 I [    0.804296 / 01-01 00:00:00.799][0] usbcore: registered new interface driver gl620a
01-07 08:14:10.626     0     0 I [    0.804324 / 01-01 00:00:00.799][0] usbcore: registered new interface driver net1080
01-07 08:14:10.626     0     0 I [    0.804354 / 01-01 00:00:00.799][0] usbcore: registered new interface driver plusb
01-07 08:14:10.626     0     0 I [    0.804384 / 01-01 00:00:00.799][0] usbcore: registered new interface driver rndis_host
01-07 08:14:10.626     0     0 I [    0.804412 / 01-01 00:00:00.799][0] usbcore: registered new interface driver cdc_subset
01-07 08:14:10.626     0     0 I [    0.804440 / 01-01 00:00:00.799][0] usbcore: registered new interface driver zaurus
01-07 08:14:10.626     0     0 I [    0.804469 / 01-01 00:00:00.799][0] usbcore: registered new interface driver MOSCHIP usb-ethernet driver
01-07 08:14:10.626     0     0 I [    0.804694 / 01-01 00:00:00.799][0] usbcore: registered new interface driver int51x1
01-07 08:14:10.626     0     0 I [    0.804727 / 01-01 00:00:00.799][0] usbcore: registered new interface driver kalmia
01-07 08:14:10.626     0     0 I [    0.804784 / 01-01 00:00:00.799][0] usbcore: registered new interface driver ipheth
01-07 08:14:10.626     0     0 I [    0.804817 / 01-01 00:00:00.799][0] usbcore: registered new interface driver sierra_net
01-07 08:14:10.626     0     0 I [    0.804845 / 01-01 00:00:00.799][0] usbcore: registered new interface driver cx82310_eth
01-07 08:14:10.626     0     0 I [    0.804881 / 01-01 00:00:00.799][0] usbcore: registered new interface driver cdc_ncm
01-07 08:14:10.626     0     0 I [    0.804914 / 01-01 00:00:00.799][0] usbcore: registered new interface driver lg-vl600
01-07 08:14:10.626     0     0 I [    0.804948 / 01-01 00:00:00.799][0] usbcore: registered new interface driver qmi_wwan
01-07 08:14:10.626     0     0 I [    0.804977 / 01-01 00:00:00.799][0] usbcore: registered new interface driver cdc_mbim
01-07 08:14:10.626     0     0 I [    0.805421 / 01-01 00:00:00.799][0] NET: Registered protocol family 27
01-07 08:14:10.626     0     0 I [    0.805857 / 01-01 00:00:00.799][0] msm_sharedmem: sharedmem_register_qmi: qmi init successful
01-07 08:14:10.626     0     0 I [    0.807824 / 01-01 00:00:00.803][0] msm_sharedmem: msm_sharedmem_probe: Device created for client 'rmtfs'
01-07 08:14:10.626     0     0 I [    0.808566 / 01-01 00:00:00.803][0] msm_sharedmem: msm_sharedmem_probe: Device created for client 'rfsa_dsp'
01-07 08:14:10.626     0     0 I [    0.808821 / 01-01 00:00:00.803][0] msm_sharedmem: msm_sharedmem_probe: Device created for client 'rfsa_mdm'
01-07 08:14:10.626     0     0 I [    0.809056 / 01-01 00:00:00.803][0] msm_sharedmem: msm_sharedmem_probe: Device created for client 'rfsa_sensor'
01-07 08:14:10.626   405   405 D vold    : Tearing down stale mount /mnt/pstore
01-07 08:14:10.626     0     0 E         : [    0.812186 / 01-01 00:00:00.807][0] msm-usb-hsphy f92f8800.hsphy: set notify_set_hostmode
01-07 08:14:10.626     0     0 F         : [    0.856879 / 01-01 00:00:00.851][0] drv probe : 813 msm-dwc3 39
01-07 08:14:10.626     0     0 I [    0.857744 / 01-01 00:00:00.851][0] ehci_hcd: USB 2.0 'Enhanced' Host Controller (EHCI) Driver
01-07 08:14:10.626     0     0 I [    0.857757 / 01-01 00:00:00.851][0] ehci-pci: EHCI PCI platform driver
01-07 08:14:10.626     0     0 I [    0.857790 / 01-01 00:00:00.851][0] ehci-msm: Qualcomm On-Chip EHCI Host Controller
01-07 08:14:10.626     0     0 I [    0.858233 / 01-01 00:00:00.851][0] ehci-msm2: Qualcomm EHCI Host Controller
01-07 08:14:10.626     0     0 I [    0.859255 / 01-01 00:00:00.851][0] usbcore: registered new interface driver cdc_acm
01-07 08:14:10.626     0     0 I [    0.859264 / 01-01 00:00:00.851][0] cdc_acm: USB Abstract Control Model driver for USB modems and ISDN adapters
01-07 08:14:10.626     0     0 I [    0.859297 / 01-01 00:00:00.851][0] usbcore: registered new interface driver cdc_wdm
01-07 08:14:10.626     0     0 I [    0.859342 / 01-01 00:00:00.851][0] usbcore: registered new interface driver ccid_bridge
01-07 08:14:10.626     0     0 I [    0.859436 / 01-01 00:00:00.851][0] ccid_bridge_init: success
01-07 08:14:10.626     0     0 I [    0.859476 / 01-01 00:00:00.851][0] usbcore: registered new interface driver usb-storage
01-07 08:14:10.626     0     0 I [    0.859505 / 01-01 00:00:00.851][0] usbcore: registered new interface driver ums-alauda
01-07 08:14:10.626     0     0 I [    0.859531 / 01-01 00:00:00.851][0] usbcore: registered new interface driver ums-cypress
01-07 08:14:10.626     0     0 I [    0.859563 / 01-01 00:00:00.851][0] usbcore: registered new interface driver ums-datafab
01-07 08:14:10.626     0     0 I [    0.859590 / 01-01 00:00:00.851][0] usbcore: registered new interface driver ums-freecom
01-07 08:14:10.626     0     0 I [    0.859620 / 01-01 00:00:00.851][0] usbcore: registered new interface driver ums-isd200
01-07 08:14:10.626     0     0 I [    0.859648 / 01-01 00:00:00.851][0] usbcore: registered new interface driver ums-jumpshot
01-07 08:14:10.626     0     0 I [    0.859674 / 01-01 00:00:00.851][0] usbcore: registered new interface driver ums-karma
01-07 08:14:10.626     0     0 I [    0.859703 / 01-01 00:00:00.851][0] usbcore: registered new interface driver ums-onetouch
01-07 08:14:10.627     0     0 I [    0.859734 / 01-01 00:00:00.851][0] usbcore: registered new interface driver ums-realtek
01-07 08:14:10.627     0     0 I [    0.859762 / 01-01 00:00:00.851][0] usbcore: registered new interface driver ums-sddr09
01-07 08:14:10.627     0     0 I [    0.859868 / 01-01 00:00:00.855][0] usbcore: registered new interface driver ums-sddr55
01-07 08:14:10.627     0     0 I [    0.859896 / 01-01 00:00:00.855][0] usbcore: registered new interface driver ums-usbat
01-07 08:14:10.627     0     0 I [    0.860001 / 01-01 00:00:00.855][0] usbcore: registered new interface driver usbserial
01-07 08:14:10.627     0     0 I [    0.860030 / 01-01 00:00:00.855][0] usbcore: registered new interface driver usbserial_generic
01-07 08:14:10.627     0     0 I [    0.860055 / 01-01 00:00:00.855][0] usbserial: USB Serial support registered for generic
01-07 08:14:10.627     0     0 I [    0.860084 / 01-01 00:00:00.855][0] usbcore: registered new interface driver qc_csvt
01-07 08:14:10.627     0     0 I [    0.860105 / 01-01 00:00:00.855][0] usbserial: USB Serial support registered for qc_csvt
01-07 08:14:10.627     0     0 I [    0.860141 / 01-01 00:00:00.855][0] usbcore: registered new interface driver ftdi_sio
01-07 08:14:10.627     0     0 I [    0.860164 / 01-01 00:00:00.855][0] usbserial: USB Serial support registered for FTDI USB Serial Device
01-07 08:14:10.627     0     0 I [    0.860193 / 01-01 00:00:00.855][0] usbcore: registered new interface driver pl2303
01-07 08:14:10.627     0     0 I [    0.860215 / 01-01 00:00:00.855][0] usbserial: USB Serial support registered for pl2303
01-07 08:14:10.627     0     0 I [    0.860245 / 01-01 00:00:00.855][0] usbcore: registered new interface driver usb_ehset_test
01-07 08:14:10.627   405   405 W vold    : Failed to LOOP_GET_STATUS64 /dev/block/loop4: No such device or address
01-07 08:14:10.627     0     0 I         : [    0.860450 / 01-01 00:00:00.855][0] u_lgeusb init
01-07 08:14:10.627     0     0 I [    0.861572 / 01-01 00:00:00.855][0] mousedev: PS/2 mouse device common for all mice
01-07 08:14:10.627     0     0 I [    0.862037 / 01-01 00:00:00.855][0] usbcore: registered new interface driver iforce
01-07 08:14:10.627     0     0 I [    0.862409 / 01-01 00:00:00.855][0] usbcore: registered new interface driver xpad
01-07 08:14:10.627     0     0 I [    0.862477 / 01-01 00:00:00.855][0] usbcore: registered new interface driver usb_acecad
01-07 08:14:10.627   405   405 W vold    : Failed to LOOP_GET_STATUS64 /dev/block/loop0: No such device or address
01-07 08:14:10.627     0     0 I [    0.862506 / 01-01 00:00:00.855][0] usbcore: registered new interface driver aiptek
01-07 08:14:10.627     0     0 I [    0.862535 / 01-01 00:00:00.855][0] usbcore: registered new interface driver gtco
01-07 08:14:10.627   405   405 W vold    : Failed to LOOP_GET_STATUS64 /dev/block/loop6: No such device or address
01-07 08:14:10.627     0     0 I [    0.862567 / 01-01 00:00:00.855][0] usbcore: registered new interface driver hanwang
01-07 08:14:10.627     0     0 I [    0.862596 / 01-01 00:00:00.855][0] usbcore: registered new interface driver kbtab
01-07 08:14:10.627   405   405 W vold    : Failed to LOOP_GET_STATUS64 /dev/block/loop2: No such device or address
01-07 08:14:10.627     0     0 I [    0.862630 / 01-01 00:00:00.855][0] usbcore: registered new interface driver wacom
01-07 08:14:10.627     0     0 I         : [    0.863638 / 01-01 00:00:00.855][0] [Touch-PRX] touch_proximity_module_init:
01-07 08:14:10.627     0     0 I         : [    0.863647 / 01-01 00:00:00.855][2] [Touch] panel type is 0
01-07 08:14:10.627     0     0 I         : [    0.863656 / 01-01 00:00:00.855][0] [Touch-RMI] rmidev_module_init:
01-07 08:14:10.627   405   405 W vold    : Failed to LOOP_GET_STATUS64 /dev/block/loop7: No such device or address
01-07 08:14:10.627     0     0 I         : [    0.863675 / 01-01 00:00:00.855][1] [Touch] panel type is 0
01-07 08:14:10.627     0     0 E         : [    0.864614 / 01-01 00:00:00.859][2] [Touch] touch_probe start
01-07 08:14:10.627     0     0 E         : [    0.864644 / 01-01 00:00:00.859][2] [Touch] firmware path count = 5
01-07 08:14:10.627   405   405 W vold    : Failed to LOOP_GET_STATUS64 /dev/block/loop5: No such device or address
01-07 08:14:10.627     0     0 E         : [    0.864656 / 01-01 00:00:00.859][2] [Touch] fw_image [0]: synaptics/p1/PLG446-V1.14-PR1860478-DS5.2.13.1014_4005518E.img
01-07 08:14:10.627     0     0 E         : [    0.864669 / 01-01 00:00:00.859][2] [Touch] fw_image [1]: synaptics/p1/PLG468-V1.05-PR1801483-DS5.2.100.0.1005_50055185.img
01-07 08:14:10.627     0     0 E         : [    0.864681 / 01-01 00:00:00.859][2] [Touch] fw_image [2]: synaptics/p1/PLG446-V1.27-PR1981623-DS5.2.18.1.1006_4005519B_v7_2.img
01-07 08:14:10.627   405   405 W vold    : Failed to LOOP_GET_STATUS64 /dev/block/loop3: No such device or address
01-07 08:14:10.627     0     0 E         : [    0.864694 / 01-01 00:00:00.859][2] [Touch] fw_image [3]: synaptics/p1/PLG468-V1.23-PR1999550-DS5.2.200.1.1002_50055197504C47343638.img
01-07 08:14:10.627     0     0 E         : [    0.864707 / 01-01 00:00:00.859][2] [Touch] fw_image [4]: synaptics/p1/PLG468-V1.24-PR2016601-DS5.2.200.1.1002_50055198504C47343638_Official.img
01-07 08:14:10.627     0     0 E         : [    0.865282 / 01-01 00:00:00.859][2] [Touch] Start pinctrl
01-07 08:14:10.627   405   405 W vold    : Failed to LOOP_GET_STATUS64 /dev/block/loop1: No such device or address
01-07 08:14:10.627     0     0 E         : [    0.865610 / 01-01 00:00:00.859][2] [Touch] End pinctrl
01-07 08:14:10.627     0     0 E         : [    0.865638 / 01-01 00:00:00.859][2] [Touch] synaptics_ts_power : power_state[1]
01-07 08:14:10.627     0     0 I         : [    0.866070 / 01-01 00:00:00.859][0] qcom,qpnp-rtc qpnp-rtc-8: rtc core: registered qpnp_rtc as rtc0
01-07 08:14:10.627     0     0 I         : [    0.866346 / 01-01 00:00:00.859][0] i2c /dev entries driver
01-07 08:14:10.627     0     0 I         : [    0.869731 / 01-01 00:00:00.863][0] platform fdc00000.qcom,vidc: Driver msm_vidc_v4l2 requests probe deferral
01-07 08:14:10.627     0     0 E         : [    0.879930 / 01-01 00:00:00.875][0] adp1660 i2c_add_driver success
01-07 08:14:10.627     0     0 E         : [    0.881269 / 01-01 00:00:00.875][0] msm_flash_lm3642_init entry
01-07 08:14:10.627     0     0 E         : [    0.882493 / 01-01 00:00:00.875][0] msm_eeprom_platform_probe qcom,eeprom-name imx234_eeprom, rc 0
01-07 08:14:10.627     0     0 I [    0.892060 / 01-01 00:00:00.887][1] msm_cci_init: 879: hw_version = 0x10020001
01-07 08:14:10.627     0     0 I [    0.909209 / 01-01 00:00:00.903][0] frandom: Seeded global generator now (used by erandom)
01-07 08:14:10.627     0     0 I [    0.909225 / 01-01 00:00:00.903][0] random: nonblocking pool is initialized
01-07 08:14:10.627     0     0 I [    0.947965 / 01-01 00:00:00.943][2] input: touch_dev as /devices/virtual/input/input0
01-07 08:14:10.627     0     0 E         : [    0.948045 / 01-01 00:00:00.943][2] [Touch] touch_ic_init : value = 0, panel_id = 0
01-07 08:14:10.627     0     0 E         : [    0.948237 / 01-01 00:00:00.943][2] i2c-msm-v2 f9924000.i2c: msm_bus_scale_register_client(mstr-id:86):0x12 (ok)
01-07 08:14:10.627     0     0 E         : [    0.949742 / 01-01 00:00:00.943][2] [Touch] qeury_5_present=0x1DD48F00 [1E 00 8F D4 1D]
01-07 08:14:10.627     0     0 E         : [    0.949752 / 01-01 00:00:00.943][2] [Touch] ts->f12_reg.ctrl[8]=0x13 (0x13+0)
01-07 08:14:10.627     0     0 E         : [    0.949761 / 01-01 00:00:00.943][2] [Touch] ts->f12_reg.ctrl[9]=0x14 (0x13+1)
