01-11 04:47:18.891   579   869 W dex2oat : Skipping class android.hidl.base.V1_0.DebugInfo$Architecture from /system/framework/telephony-common.jar previously found in /system/framework/framework.jar
01-11 04:47:18.892   579   872 W dex2oat : Skipping class android.hidl.base.V1_0.IBase$Stub from /system/framework/telephony-common.jar previously found in /system/framework/framework.jar
01-11 04:47:18.913   579   872 W dex2oat : Skipping class android.hidl.base.V1_0.IBase from /system/framework/android.hidl.base-V1.0-java.jar previously found in /system/framework/framework.jar
01-11 04:47:18.913   579   869 W dex2oat : Skipping class android.hidl.base.V1_0.DebugInfo from /system/framework/android.hidl.base-V1.0-java.jar previously found in /system/framework/framework.jar
01-11 04:47:18.913   579   579 W dex2oat : Skipping class android.hidl.base.V1_0.DebugInfo$Architecture from /system/framework/android.hidl.base-V1.0-java.jar previously found in /system/framework/framework.jar
01-11 04:47:18.913   579   874 W dex2oat : Skipping class android.hidl.base.V1_0.IBase$Proxy from /system/framework/android.hidl.base-V1.0-java.jar previously found in /system/framework/framework.jar
01-11 04:47:18.913   579   872 W dex2oat : Skipping class android.hidl.base.V1_0.IBase$Stub from /system/framework/android.hidl.base-V1.0-java.jar previously found in /system/framework/framework.jar
01-11 04:47:19.142   812   871 W dex2oat : Skipping class android.hidl.base.V1_0.IBase from /system/framework/telephony-common.jar previously found in /system/framework/framework.jar
01-11 04:47:19.145   812   871 W dex2oat : Skipping class android.hidl.base.V1_0.DebugInfo$Architecture from /system/framework/telephony-common.jar previously found in /system/framework/framework.jar
01-11 04:47:19.145   812   873 W dex2oat : Skipping class android.hidl.base.V1_0.DebugInfo from /system/framework/telephony-common.jar previously found in /system/framework/framework.jar
01-11 04:47:19.145   812   871 W dex2oat : Skipping class android.hidl.base.V1_0.IBase$Proxy from /system/framework/telephony-common.jar previously found in /system/framework/framework.jar
01-11 04:47:19.145   812   812 W dex2oat : Skipping class android.hidl.base.V1_0.IBase$Stub from /system/framework/telephony-common.jar previously found in /system/framework/framework.jar
01-11 04:47:19.186   812   871 W dex2oat : Skipping class android.hidl.base.V1_0.DebugInfo$Architecture from /system/framework/android.hidl.base-V1.0-java.jar previously found in /system/framework/framework.jar
01-11 04:47:19.186   812   871 W dex2oat : Skipping class android.hidl.base.V1_0.DebugInfo from /system/framework/android.hidl.base-V1.0-java.jar previously found in /system/framework/framework.jar
01-11 04:47:19.186   812   871 W dex2oat : Skipping class android.hidl.base.V1_0.IBase from /system/framework/android.hidl.base-V1.0-java.jar previously found in /system/framework/framework.jar
01-11 04:47:19.186   812   871 W dex2oat : Skipping class android.hidl.base.V1_0.IBase$Proxy from /system/framework/android.hidl.base-V1.0-java.jar previously found in /system/framework/framework.jar
01-11 04:47:19.186   812   871 W dex2oat : Skipping class android.hidl.base.V1_0.IBase$Stub from /system/framework/android.hidl.base-V1.0-java.jar previously found in /system/framework/framework.jar
01-11 04:47:19.230   484   484 E Diag_Lib:  Diag_LSM_Init: Failed to open handle to diag driver, error = 2
01-11 04:47:19.233   484   484 E Diag_Lib:  Diag_LSM_Init: Failed to open handle to diag driver, error = 2
01-11 04:47:20.119   484   484 I netmgrd : type=1400 audit(0.0:153): avc: denied { ioctl } for path="socket:[17423]" dev="sockfs" ino=17423 ioctlcmd=89fd scontext=u:r:init:s0 tcontext=u:r:init:s0 tclass=udp_socket permissive=1
01-11 04:47:20.219   484   484 I netmgrd : type=1400 audit(0.0:154): avc: denied { ioctl } for path="socket:[14125]" dev="sockfs" ino=14125 ioctlcmd=89f2 scontext=u:r:init:s0 tcontext=u:r:init:s0 tclass=udp_socket permissive=1
01-11 04:47:20.219   484   484 I netmgrd : type=1400 audit(0.0:155): avc: denied { ioctl } for path="socket:[14127]" dev="sockfs" ino=14127 ioctlcmd=89f8 scontext=u:r:init:s0 tcontext=u:r:init:s0 tclass=udp_socket permissive=1
01-11 04:47:20.219   879   879 I netmgrd : type=1400 audit(0.0:156): avc: denied { execute_no_trans } for path="/system/bin/sh" dev="mmcblk0p47" ino=411 scontext=u:r:init:s0 tcontext=u:object_r:shell_exec:s0 tclass=file permissive=1
01-11 04:47:20.399   812   870 W dex2oat : Verification of void android.icu.text.NFRule.makeRules(java.lang.String, android.icu.text.NFRuleSet, android.icu.text.NFRule, android.icu.text.RuleBasedNumberFormat, java.util.List) took 132.909ms
01-11 04:47:20.574   488   534 I ThermalEngine: qmi: Instance id 157 for fusion TS
01-11 04:47:20.578   491   491 D ImsWmsClient: ImsWmsClient :: Modem is initialized; handle=255
01-11 04:47:21.507   914   914 I ifconfig: type=1400 audit(0.0:157): avc: denied { read write } for path="/dev/smem_log" dev="tmpfs" ino=10441 scontext=u:r:toolbox:s0 tcontext=u:object_r:device:s0 tclass=chr_file permissive=1
01-11 04:47:21.705   579   872 W dex2oat : Verification of void android.widget.TextView.<init>(android.content.Context, android.util.AttributeSet, int, int) took 180.868ms
01-11 04:47:21.732   488   531 I ThermalEngine: MODEM thermal mitigation available.
01-11 04:47:21.758   488   533 I ThermalEngine: ADSP thermal mitigation available.
01-11 04:47:21.758   488   531 I ThermalEngine: ACTION: MODEM - Pending request: pa mitigation succeeded for level 0.
01-11 04:47:21.760   488   533 I ThermalEngine: ACTION: ADSP - Pending request: cpuv_restriction_cold mitigation succeeded for level 0.
01-11 04:47:21.760   488   531 I ThermalEngine: ACTION: MODEM - Pending request: cpuv_restriction_cold mitigation succeeded for level 0.
01-11 04:47:22.054   812   871 W dex2oat : Verification of java.lang.String android.hardware.usb.UsbInterface.toString() took 100.343ms
01-11 04:47:22.264   812   873 W dex2oat : Verification of void android.media.MediaRecorder.<init>() took 109.445ms
01-11 04:47:22.693   812   873 W dex2oat : Verification of void android.opengl.GLSurfaceView.finalize() took 142.301ms
01-11 04:47:22.747   812   870 W dex2oat : Verification of void android.os.BatteryStats.dumpDailyLevelStepSummary(java.io.PrintWriter, java.lang.String, java.lang.String, android.os.BatteryStats$LevelStepTracker, java.lang.StringBuilder, int[]) took 169.343ms
01-11 04:47:22.828   812   873 W dex2oat : Verification of boolean android.os.storage.IStorageManager$Stub.onTransact(int, android.os.Parcel, android.os.Parcel, int) took 114.095ms
01-11 04:47:23.373   579   579 W dex2oat : Skipping class android.hidl.base.V1_0.IBase from /system/framework/telephony-common.jar previously found in /system/framework/framework.jar
01-11 04:47:23.470   579   579 W dex2oat : Skipping class android.hidl.base.V1_0.DebugInfo$Architecture from /system/framework/telephony-common.jar previously found in /system/framework/framework.jar
01-11 04:47:23.470   579   579 W dex2oat : Skipping class android.hidl.base.V1_0.DebugInfo from /system/framework/telephony-common.jar previously found in /system/framework/framework.jar
01-11 04:47:23.470   579   872 W dex2oat : Skipping class android.hidl.base.V1_0.IBase$Proxy from /system/framework/telephony-common.jar previously found in /system/framework/framework.jar
01-11 04:47:23.470   579   579 W dex2oat : Skipping class android.hidl.base.V1_0.IBase$Stub from /system/framework/telephony-common.jar previously found in /system/framework/framework.jar
01-11 04:47:23.643   488   583 E ThermalEngine: [BMHB_GOV] read failed VS_TEMP
01-11 04:47:23.669   812   812 W dex2oat : Verification of int android.widget.NumberPicker.-get17(android.widget.NumberPicker) took 112.279ms
01-11 04:47:24.048   812   873 W dex2oat : Skipping class android.hidl.base.V1_0.IBase from /system/framework/telephony-common.jar previously found in /system/framework/framework.jar
01-11 04:47:24.075   993   993 E ANDR-PERF-MPCTL: Unable to create control service (stage=1, rc=0)
01-11 04:47:24.075   993   993 W libc    : invalid pthread_t (0) passed to libc
01-11 04:47:24.091   914   914 I ifconfig: type=1400 audit(0.0:158): avc: denied { ioctl } for path="socket:[17449]" dev="sockfs" ino=17449 ioctlcmd=8914 scontext=u:r:toolbox:s0 tcontext=u:r:toolbox:s0 tclass=udp_socket permissive=1
01-11 04:47:24.078   579   872 W dex2oat : Skipping class android.hidl.base.V1_0.DebugInfo from /system/framework/android.hidl.base-V1.0-java.jar previously found in /system/framework/framework.jar
01-11 04:47:24.078   579   869 W dex2oat : Skipping class android.hidl.base.V1_0.DebugInfo$Architecture from /system/framework/android.hidl.base-V1.0-java.jar previously found in /system/framework/framework.jar
01-11 04:47:24.078   579   874 W dex2oat : Skipping class android.hidl.base.V1_0.IBase from /system/framework/android.hidl.base-V1.0-java.jar previously found in /system/framework/framework.jar
01-11 04:47:24.078   579   579 W dex2oat : Skipping class android.hidl.base.V1_0.IBase$Proxy from /system/framework/android.hidl.base-V1.0-java.jar previously found in /system/framework/framework.jar
01-11 04:47:24.078   579   872 W dex2oat : Skipping class android.hidl.base.V1_0.IBase$Stub from /system/framework/android.hidl.base-V1.0-java.jar previously found in /system/framework/framework.jar
01-11 04:47:24.090   812   870 W dex2oat : Skipping class android.hidl.base.V1_0.DebugInfo$Architecture from /system/framework/telephony-common.jar previously found in /system/framework/framework.jar
01-11 04:47:24.090   812   870 W dex2oat : Skipping class android.hidl.base.V1_0.DebugInfo from /system/framework/telephony-common.jar previously found in /system/framework/framework.jar
01-11 04:47:24.090   812   870 W dex2oat : Skipping class android.hidl.base.V1_0.IBase$Proxy from /system/framework/telephony-common.jar previously found in /system/framework/framework.jar
01-11 04:47:24.090   812   870 W dex2oat : Skipping class android.hidl.base.V1_0.IBase$Stub from /system/framework/telephony-common.jar previously found in /system/framework/framework.jar
01-11 04:47:24.351   775   775 I qti     : type=1400 audit(0.0:159): avc: denied { read write } for name="dpl_ctrl" dev="tmpfs" ino=10377 scontext=u:r:init:s0 tcontext=u:object_r:device:s0 tclass=chr_file permissive=1
01-11 04:47:24.351   775   775 I qti     : type=1400 audit(0.0:160): avc: denied { open } for path="/dev/dpl_ctrl" dev="tmpfs" ino=10377 scontext=u:r:init:s0 tcontext=u:object_r:device:s0 tclass=chr_file permissive=1
01-11 04:47:24.442   812   873 W dex2oat : Skipping class android.hidl.base.V1_0.DebugInfo from /system/framework/android.hidl.base-V1.0-java.jar previously found in /system/framework/framework.jar
01-11 04:47:24.442   812   870 W dex2oat : Skipping class android.hidl.base.V1_0.DebugInfo$Architecture from /system/framework/android.hidl.base-V1.0-java.jar previously found in /system/framework/framework.jar
01-11 04:47:24.442   812   812 W dex2oat : Skipping class android.hidl.base.V1_0.IBase from /system/framework/android.hidl.base-V1.0-java.jar previously found in /system/framework/framework.jar
01-11 04:47:24.443   812   873 W dex2oat : Skipping class android.hidl.base.V1_0.IBase$Proxy from /system/framework/android.hidl.base-V1.0-java.jar previously found in /system/framework/framework.jar
01-11 04:47:24.443   812   871 W dex2oat : Skipping class android.hidl.base.V1_0.IBase$Stub from /system/framework/android.hidl.base-V1.0-java.jar previously found in /system/framework/framework.jar
01-11 04:47:24.475   484   484 I netmgrd : type=1400 audit(0.0:161): avc: denied { ioctl } for path="socket:[14209]" dev="sockfs" ino=14209 ioctlcmd=89f3 scontext=u:r:init:s0 tcontext=u:r:init:s0 tclass=udp_socket permissive=1
01-11 04:47:24.591   494   494 I cameraserver: type=1400 audit(0.0:162): avc: denied { read write } for name="media0" dev="tmpfs" ino=9889 scontext=u:r:cameraserver:s0 tcontext=u:object_r:device:s0 tclass=chr_file permissive=1
01-11 04:47:24.591   494   494 I cameraserver: type=1400 audit(0.0:163): avc: denied { open } for path="/dev/media0" dev="tmpfs" ino=9889 scontext=u:r:cameraserver:s0 tcontext=u:object_r:device:s0 tclass=chr_file permissive=1
01-11 04:47:24.594   494   494 D mm-camera-intf: index = 0 flag = 1 mount_angle = 90 facing = 0
01-11 04:47:24.594   494   494 D mm-camera-intf: index = 1 flag = 103 mount_angle = 270 facing = 1
01-11 04:47:24.596   494   494 E mm-camera-intf: mm_camera_open: cannot open control fd of '/dev/video1' (No such device)
01-11 04:47:24.596   494   494 E mm-camera-intf: camera_open: mm_camera_open err = -1
01-11 04:47:24.596   494   494 E QCamera3HWI: static int qcamera::QCamera3HardwareInterface::initCapabilities(uint32_t): camera_open failed. rc = -1, cameraHandle = 0x0
01-11 04:47:24.596   494   494 E mm-camera-intf: mm_camera_open: cannot open control fd of '/dev/video2' (No such device)
01-11 04:47:24.596   494   494 E mm-camera-intf: camera_open: mm_camera_open err = -1
01-11 04:47:24.596   494   494 E QCamera3HWI: static int qcamera::QCamera3HardwareInterface::initCapabilities(uint32_t): camera_open failed. rc = -1, cameraHandle = 0x0
01-11 04:47:24.596   494   494 E LGCamera2HWI: void qcamera::n2pmInit() : Failed to load libn2pm.so
01-11 04:47:24.600   494   494 I CamProvider@2.4-impl: Loaded "QCamera Module" camera module
01-11 04:47:24.601   494   494 E mm-camera-intf: mm_camera_open: cannot open control fd of '/dev/video1' (No such device)
01-11 04:47:24.601   494   494 E mm-camera-intf: camera_open: mm_camera_open err = -1
01-11 04:47:24.601   494   494 E QCamera3HWI: static int qcamera::QCamera3HardwareInterface::initCapabilities(uint32_t): camera_open failed. rc = -1, cameraHandle = 0x0
01-11 04:47:24.601   494   494 E CamProvider@2.4-impl: initialize: Camera info query failed!
01-11 04:47:24.601   494   494 E CamProvider@2.4-impl: HIDL_FETCH_ICameraProvider: camera provider init failed!
01-11 04:47:24.991   484   484 I netmgrd : type=1400 audit(0.0:164): avc: denied { ioctl } for path="socket:[14236]" dev="sockfs" ino=14236 ioctlcmd=89f4 scontext=u:r:init:s0 tcontext=u:r:init:s0 tclass=udp_socket permissive=1
01-11 04:47:24.991   484   484 I netmgrd : type=1400 audit(0.0:165): avc: denied { create } for scontext=u:r:init:s0 tcontext=u:r:init:s0 tclass=netlink_route_socket permissive=1
01-11 04:47:24.991   484   484 I netmgrd : type=1400 audit(0.0:166): avc: denied { bind } for scontext=u:r:init:s0 tcontext=u:r:init:s0 tclass=netlink_route_socket permissive=1
01-11 04:47:25.003  1005  1005 I sh      : type=1400 audit(0.0:167): avc: denied { execute_no_trans } for path="/system/bin/tc" dev="mmcblk0p47" ino=443 scontext=u:r:init:s0 tcontext=u:object_r:system_file:s0 tclass=file permissive=1
01-11 04:47:25.255  1013  1013 I iptables: type=1400 audit(0.0:168): avc: denied { getopt } for lport=255 scontext=u:r:init:s0 tcontext=u:r:init:s0 tclass=rawip_socket permissive=1
01-11 04:47:25.742   484   994 E Diag_Lib:  Diag_LSM_Init: Failed to open handle to diag driver, error = 2
01-11 04:47:25.915   994   994 I netmgrd : type=1400 audit(0.0:169): avc: denied { ioctl } for path="socket:[16363]" dev="sockfs" ino=16363 ioctlcmd=8946 scontext=u:r:init:s0 tcontext=u:r:init:s0 tclass=udp_socket permissive=1
01-11 04:47:27.975  1453  1453 I init    : type=1400 audit(0.0:170): avc: denied { execute_no_trans } for path="/system/vendor/bin/perfd" dev="mmcblk0p47" ino=2414 scontext=u:r:init:s0 tcontext=u:object_r:vendor_file:s0 tclass=file permissive=1
01-11 04:47:27.992  1453  1453 E ANDR-PERF-MPCTL: Unable to create control service (stage=1, rc=0)
01-11 04:47:27.992  1453  1453 W libc    : invalid pthread_t (0) passed to libc
01-11 04:47:28.643   488   583 E ThermalEngine: [BMHB_GOV] read failed VS_TEMP
01-11 04:47:33.000  1454  1454 E ANDR-PERF-MPCTL: Unable to create control service (stage=1, rc=0)
01-11 04:47:33.001  1454  1454 W libc    : invalid pthread_t (0) passed to libc
01-11 04:47:33.644   488   583 E ThermalEngine: [BMHB_GOV] read failed VS_TEMP
01-11 04:47:37.996  1455  1455 E ANDR-PERF-MPCTL: Unable to create control service (stage=1, rc=0)
01-11 04:47:37.996  1455  1455 W libc    : invalid pthread_t (0) passed to libc
01-11 04:47:38.644   488   583 E ThermalEngine: [BMHB_GOV] read failed VS_TEMP
01-11 04:47:42.996  1456  1456 E ANDR-PERF-MPCTL: Unable to create control service (stage=1, rc=0)
01-11 04:47:42.996  1456  1456 W libc    : invalid pthread_t (0) passed to libc
01-11 04:47:43.645   488   583 E ThermalEngine: [BMHB_GOV] read failed VS_TEMP
01-11 04:47:44.582   812   812 W dex2oat : Skipping class android.hidl.base.V1_0.IBase from /system/framework/telephony-common.jar previously found in /system/framework/framework.jar
01-11 04:47:44.583   812   812 W dex2oat : Skipping class android.hidl.base.V1_0.DebugInfo$Architecture from /system/framework/telephony-common.jar previously found in /system/framework/framework.jar
01-11 04:47:44.583   812   812 W dex2oat : Skipping class android.hidl.base.V1_0.DebugInfo from /system/framework/telephony-common.jar previously found in /system/framework/framework.jar
01-11 04:47:44.583   812   812 W dex2oat : Skipping class android.hidl.base.V1_0.IBase$Proxy from /system/framework/telephony-common.jar previously found in /system/framework/framework.jar
01-11 04:47:44.583   812   812 W dex2oat : Skipping class android.hidl.base.V1_0.IBase$Stub from /system/framework/telephony-common.jar previously found in /system/framework/framework.jar
01-11 04:47:44.592   812   812 W dex2oat : Skipping class android.hidl.base.V1_0.DebugInfo$Architecture from /system/framework/android.hidl.base-V1.0-java.jar previously found in /system/framework/framework.jar
01-11 04:47:44.592   812   812 W dex2oat : Skipping class android.hidl.base.V1_0.DebugInfo from /system/framework/android.hidl.base-V1.0-java.jar previously found in /system/framework/framework.jar
01-11 04:47:44.592   812   812 W dex2oat : Skipping class android.hidl.base.V1_0.IBase from /system/framework/android.hidl.base-V1.0-java.jar previously found in /system/framework/framework.jar
01-11 04:47:44.592   812   812 W dex2oat : Skipping class android.hidl.base.V1_0.IBase$Proxy from /system/framework/android.hidl.base-V1.0-java.jar previously found in /system/framework/framework.jar
01-11 04:47:44.592   812   812 W dex2oat : Skipping class android.hidl.base.V1_0.IBase$Stub from /system/framework/android.hidl.base-V1.0-java.jar previously found in /system/framework/framework.jar
01-11 04:47:44.693   579   579 W dex2oat : Skipping class android.hidl.base.V1_0.IBase from /system/framework/telephony-common.jar previously found in /system/framework/framework.jar
01-11 04:47:44.694   579   579 W dex2oat : Skipping class android.hidl.base.V1_0.DebugInfo$Architecture from /system/framework/telephony-common.jar previously found in /system/framework/framework.jar
01-11 04:47:44.694   579   579 W dex2oat : Skipping class android.hidl.base.V1_0.DebugInfo from /system/framework/telephony-common.jar previously found in /system/framework/framework.jar
01-11 04:47:44.694   579   579 W dex2oat : Skipping class android.hidl.base.V1_0.IBase$Proxy from /system/framework/telephony-common.jar previously found in /system/framework/framework.jar
01-11 04:47:44.695   579   579 W dex2oat : Skipping class android.hidl.base.V1_0.IBase$Stub from /system/framework/telephony-common.jar previously found in /system/framework/framework.jar
01-11 04:47:44.703   579   579 W dex2oat : Skipping class android.hidl.base.V1_0.DebugInfo$Architecture from /system/framework/android.hidl.base-V1.0-java.jar previously found in /system/framework/framework.jar
01-11 04:47:44.703   579   579 W dex2oat : Skipping class android.hidl.base.V1_0.DebugInfo from /system/framework/android.hidl.base-V1.0-java.jar previously found in /system/framework/framework.jar
01-11 04:47:44.704   579   579 W dex2oat : Skipping class android.hidl.base.V1_0.IBase from /system/framework/android.hidl.base-V1.0-java.jar previously found in /system/framework/framework.jar
01-11 04:47:44.704   579   579 W dex2oat : Skipping class android.hidl.base.V1_0.IBase$Proxy from /system/framework/android.hidl.base-V1.0-java.jar previously found in /system/framework/framework.jar
01-11 04:47:44.704   579   579 W dex2oat : Skipping class android.hidl.base.V1_0.IBase$Stub from /system/framework/android.hidl.base-V1.0-java.jar previously found in /system/framework/framework.jar
01-11 04:47:44.988   812   812 I dex2oat : Explicit concurrent copying GC freed 58167(11MB) AllocSpace objects, 0(0B) LOS objects, 37% free, 10MB/16MB, paused 3.337ms total 174.083ms
01-11 04:47:45.091   579   579 I dex2oat : Explicit concurrent copying GC freed 58167(7MB) AllocSpace objects, 0(0B) LOS objects, 45% free, 7MB/13MB, paused 65us total 162.335ms
01-11 04:47:45.438   812   871 W dex2oat : Compilation of void java.io.File.<init>(java.io.File, java.lang.String) took 117.452ms
01-11 04:47:45.446   812   873 W dex2oat : Compilation of java.util.HashMap$TreeNode java.util.HashMap.newTreeNode(int, java.lang.Object, java.lang.Object, java.util.HashMap$Node) took 130.692ms
01-11 04:47:45.994   812   812 W dex2oat : Compilation of java.io.PrintWriter java.io.PrintWriter.append(java.lang.CharSequence, int, int) took 715.285ms
01-11 04:47:46.023   579   579 W dex2oat : Compilation of void java.lang.BootClassLoader.<init>() took 142.910ms
01-11 04:47:46.414   812   870 W dex2oat : Compilation of double java.lang.Math.max(double, double) took 391.750ms
01-11 04:47:46.418   812   812 W dex2oat : Compilation of void java.io.PrintWriter.println(char) took 395.434ms
01-11 04:47:46.434   579   869 W dex2oat : Compilation of java.lang.Package java.lang.Package.getPackage(java.lang.Class) took 356.610ms
01-11 04:47:46.463   579   579 W dex2oat : Compilation of java.lang.ProcessBuilder java.lang.ProcessBuilder.environment(java.lang.String[]) took 386.564ms
01-11 04:47:47.338   579   874 W dex2oat : Compilation of void java.net.URL.<init>(java.net.URL, java.lang.String, java.net.URLStreamHandler) took 190.600ms
01-11 04:47:47.350   579   869 W dex2oat : Compilation of java.lang.String java.net.URI.decode(java.lang.String) took 138.092ms
01-11 04:47:47.601   579   579 W dex2oat : Compilation of int java.nio.ByteBufferAsShortBuffer.ix(int) took 172.242ms
01-11 04:47:48.645   488   584 E ThermalEngine: [GPU_MON] ACTION: GPU - [GPU_MON] Setting GPU[0] to 600000000
01-11 04:47:48.645   488   583 E ThermalEngine: [BMHB_GOV] read failed VS_TEMP
01-11 04:47:48.658   812   871 W dex2oat : Compilation of java.lang.Throwable java.util.concurrent.ForkJoinTask.getThrowableException() took 236.533ms
01-11 04:47:49.056   579   869 W dex2oat : Compilation of java.util.Date java.text.SimpleDateFormat.parseInternal(java.lang.String, java.text.ParsePosition) took 551.418ms
01-11 04:47:49.062   812   870 W dex2oat : Compilation of void java.util.Calendar.clear() took 418.018ms
01-11 04:47:49.760  1457  1457 E ANDR-PERF-MPCTL: Unable to create control service (stage=1, rc=0)
01-11 04:47:49.760  1457  1457 W libc    : invalid pthread_t (0) passed to libc
01-11 04:47:50.338   579   874 W dex2oat : Compilation of boolean java.util.concurrent.ConcurrentLinkedQueue.isEmpty() took 120.751ms
01-11 04:47:50.342   812   812 W dex2oat : Compilation of java.lang.String java.util.Scanner.nextLine() took 120.421ms
01-11 04:47:53.646   488   583 E ThermalEngine: [BMHB_GOV] read failed VS_TEMP
01-11 04:47:54.377   812   873 W dex2oat : Compilation of javax.security.auth.x500.X500Principal sun.security.x509.X509CertImpl.getIssuerX500Principal(java.security.cert.X509Certificate) took 326.398ms
01-11 04:47:54.411  1458  1458 E ANDR-PERF-MPCTL: Unable to create control service (stage=1, rc=0)
01-11 04:47:54.411  1458  1458 W libc    : invalid pthread_t (0) passed to libc
01-11 04:47:54.729   579   872 W dex2oat : Compilation of void android.icu.impl.TextTrieMap$Node.add(char[], int, java.lang.Object) took 161.707ms
01-11 04:47:54.771   579   869 W dex2oat : Compilation of android.icu.text.DateFormat android.icu.text.DateFormat.getInstanceForSkeleton(java.lang.String) took 222.195ms
01-11 04:47:54.802   579   874 W dex2oat : Compilation of int android.icu.impl.Normalizer2Impl.makeFCD(java.lang.CharSequence, int, int, android.icu.impl.Normalizer2Impl$ReorderingBuffer) took 241.673ms
01-11 04:47:55.616   812   871 W dex2oat : Compilation of void android.icu.impl.coll.CollationDataReader.read(android.icu.impl.coll.CollationTailoring, java.nio.ByteBuffer, android.icu.impl.coll.CollationTailoring) took 120.716ms
01-11 04:47:55.634   579   579 W dex2oat : Compilation of int android.icu.text.SimpleDateFormat.subParse(java.lang.String, int, char, int, boolean, boolean, boolean[], android.icu.util.Calendar, android.icu.text.MessageFormat, android.icu.util.Output, android.icu.util.Output) took 123.224ms
01-11 04:47:56.134   812   870 W dex2oat : Compilation of boolean android.icu.text.DateFormatSymbols.equals(java.lang.Object) took 133.661ms
01-11 04:47:56.210   812   812 W dex2oat : Compilation of void android.icu.text.Collator.setAttributesFromKeywords(android.icu.util.ULocale, android.icu.text.Collator, android.icu.text.RuleBasedCollator) took 112.857ms
01-11 04:47:56.282   812   873 W dex2oat : Compilation of int android.icu.text.SimpleDateFormat.subParse(java.lang.String, int, char, int, boolean, boolean, boolean[], android.icu.util.Calendar, android.icu.text.MessageFormat, android.icu.util.Output, android.icu.util.Output) took 153.685ms
01-11 04:47:57.998   812   812 W dex2oat : Compilation of int java.nio.charset.CharsetEncoderICU.getArray(java.nio.CharBuffer) took 161.302ms
01-11 04:47:58.110   812   870 W dex2oat : Compilation of java.nio.charset.CharsetDecoderICU java.nio.charset.CharsetDecoderICU.newInstance(java.nio.charset.Charset, java.lang.String) took 272.272ms
01-11 04:47:58.110   812   812 W dex2oat : Compilation of byte[] java.nio.charset.CharsetEncoderICU.makeReplacement(java.lang.String, long) took 112.327ms
01-11 04:47:58.343   812   812 W dex2oat : Compilation of int libcore.io.IoBridge.maybeThrowAfterRecvfrom(boolean, boolean, android.system.ErrnoException) took 142.125ms
01-11 04:47:58.499   812   873 W dex2oat : Compilation of java.lang.String libcore.io.Streams.readAsciiLine(java.io.InputStream) took 295.699ms
01-11 04:47:58.646   488   583 E ThermalEngine: [BMHB_GOV] read failed VS_TEMP
01-11 04:47:58.653   812   870 W dex2oat : Compilation of void libcore.io.Linux.socketpair(int, int, int, java.io.FileDescriptor, java.io.FileDescriptor) took 343.826ms
01-11 04:47:58.745  1459  1459 E ANDR-PERF-MPCTL: Unable to create control service (stage=1, rc=0)
01-11 04:47:58.746  1459  1459 W libc    : invalid pthread_t (0) passed to libc
01-11 04:47:59.079   579   579 W dex2oat : Compilation of java.security.cert.CertPath com.android.org.bouncycastle.jcajce.provider.asymmetric.x509.CertificateFactory.engineGenerateCertPath(java.util.List) took 185.615ms
01-11 04:47:59.148   579   874 W dex2oat : Compilation of byte[] com.android.org.bouncycastle.jcajce.provider.asymmetric.rsa.CipherSpi.engineDoFinal(byte[], int, int) took 266.847ms
01-11 04:47:59.164   579   872 W dex2oat : Compilation of void com.android.org.bouncycastle.jcajce.provider.symmetric.PBEPBKDF2$Mappings.configure(com.android.org.bouncycastle.jcajce.provider.config.ConfigurableProvider) took 132.504ms
01-11 04:47:59.454   579   579 I dex2oat : Method exceeds compiler instruction limit: 25337 in void org.ccil.cowan.tagsoup.HTMLSchema.<init>()
01-11 04:47:59.464   579   874 W dex2oat : Compilation of java.lang.String com.android.i18n.phonenumbers.prefixmapper.MappingFileProvider.toString() took 133.869ms
01-11 04:47:59.671   812   812 W dex2oat : Compilation of void com.android.okhttp.Address.<init>(java.lang.String, int, com.android.okhttp.Dns, javax.net.SocketFactory, javax.net.ssl.SSLSocketFactory, javax.net.ssl.HostnameVerifier, com.android.okhttp.CertificatePinner, com.android.okhttp.Authenticator, java.net.Proxy, java.util.List, java.util.List, java.net.ProxySelector) took 336.218ms
01-11 04:47:59.822   812   812 W dex2oat : Compilation of void com.android.okhttp.okio.AsyncTimeout$1.close() took 133.437ms
01-11 04:47:59.844   579   579 W dex2oat : Compilation of boolean android.accounts.IAccountAuthenticator$Stub.onTransact(int, android.os.Parcel, android.os.Parcel, int) took 198.857ms
01-11 04:48:00.599   812   873 I dex2oat : Method exceeds compiler instruction limit: 25337 in void org.ccil.cowan.tagsoup.HTMLSchema.<init>()
01-11 04:48:00.658   579   872 W dex2oat : Compilation of void android.app.ActivityThread.dumpMemInfoTable(java.io.PrintWriter, android.os.Debug$MemoryInfo, boolean, boolean, boolean, boolean, int, java.lang.String, long, long, long, long, long, long) took 105.790ms
01-11 04:48:01.626   579   872 W dex2oat : Compilation of boolean android.app.INotificationManager$Stub.onTransact(int, android.os.Parcel, android.os.Parcel, int) took 147.033ms
01-11 04:48:01.627   812   873 W dex2oat : Compilation of boolean android.app.IApplicationThread$Stub.onTransact(int, android.os.Parcel, android.os.Parcel, int) took 116.491ms
01-11 04:48:02.916   812   812 W dex2oat : Compilation of boolean android.app.INotificationManager$Stub.onTransact(int, android.os.Parcel, android.os.Parcel, int) took 141.134ms
01-11 04:48:03.646   488   583 E ThermalEngine: [BMHB_GOV] read failed VS_TEMP
01-11 04:48:04.287   579   869 W dex2oat : Compilation of void android.content.ComponentName.<init>(android.content.Context, java.lang.String) took 103.059ms
01-11 04:48:04.290   579   579 W dex2oat : Compilation of java.lang.String android.content.ClipDescription.toString() took 110.313ms
01-11 04:48:04.515   579   869 W dex2oat : Compilation of void android.content.ComponentName.<init>(java.lang.String, java.lang.String) took 226.338ms
01-11 04:48:04.516   812   870 W dex2oat : Compilation of android.content.pm.StringParceledListSlice android.app.admin.IDevicePolicyManager$Stub$Proxy.getOwnerInstalledCaCerts(android.os.UserHandle) took 180.824ms
01-11 04:48:04.789   579   874 W dex2oat : Compilation of android.content.Intent android.content.Intent.parseCommandArgs(android.os.ShellCommand, android.content.Intent$CommandOptionHandler) took 126.321ms
01-11 04:48:05.425   579   872 W dex2oat : Compilation of boolean android.content.pm.IPackageManager$Stub.onTransact(int, android.os.Parcel, android.os.Parcel, int) took 309.616ms
01-11 04:48:05.992   812   812 W dex2oat : Compilation of android.content.Intent android.content.Intent.parseCommandArgs(android.os.ShellCommand, android.content.Intent$CommandOptionHandler) took 126.667ms
01-11 04:48:05.289  1461  1461 E ANDR-PERF-MPCTL: Unable to create control service (stage=1, rc=0)
01-11 04:48:06.038  1461  1461 W libc    : invalid pthread_t (0) passed to libc
01-11 04:48:06.136   579   869 W dex2oat : Compilation of java.lang.String android.content.res.Configuration.resourceQualifierString(android.content.res.Configuration) took 127.023ms
01-11 04:48:06.681   812   812 W dex2oat : Compilation of boolean android.content.pm.IPackageManager$Stub.onTransact(int, android.os.Parcel, android.os.Parcel, int) took 338.820ms
01-11 04:48:07.248   812   812 W dex2oat : Compilation of android.content.pm.PackageParser$Package android.content.pm.PackageParser.parseBaseApkCommon(android.content.pm.PackageParser$Package, java.util.Set, android.content.res.Resources, android.content.res.XmlResourceParser, int, java.lang.String[]) took 107.952ms
01-11 04:48:07.444   812   873 W dex2oat : Compilation of java.lang.String android.content.res.Configuration.resourceQualifierString(android.content.res.Configuration) took 123.361ms
01-11 04:48:08.646   488   583 E ThermalEngine: [BMHB_GOV] read failed VS_TEMP
01-11 04:48:08.652   812   870 W dex2oat : Compilation of void android.graphics.drawable.DrawableWrapper.invalidateDrawable(android.graphics.drawable.Drawable) took 217.161ms
01-11 04:48:08.662   579   872 W dex2oat : Compilation of void android.hardware.location.GeofenceHardwareImpl$Reaper.binderDied() took 198.043ms
01-11 04:48:09.478   579   874 W dex2oat : Compilation of boolean android.media.IAudioService$Stub.onTransact(int, android.os.Parcel, android.os.Parcel, int) took 104.972ms
01-11 04:48:09.814   579   874 W dex2oat : Compilation of void android.media.MediaCodecInfo$VideoCapabilities.applyLevelLimits() took 121.051ms
01-11 04:48:09.995   812   873 W dex2oat : Compilation of void android.hardware.location.GeofenceHardwareImpl$1.handleMessage(android.os.Message) took 110.718ms
01-11 04:48:10.437   812   812 W dex2oat : Compilation of void android.inputmethodservice.IInputMethodWrapper$InputMethodSessionCallbackWrapper.sessionCreated(android.view.inputmethod.InputMethodSession) took 224.054ms
01-11 04:48:10.533  1462  1462 E ANDR-PERF-MPCTL: Unable to create control service (stage=1, rc=0)
01-11 04:48:10.730   579   869 W dex2oat : Compilation of void android.media.audiofx.AudioEffect.checkStatus(int) took 527.615ms
01-11 04:48:10.737   812   870 W dex2oat : Compilation of int android.location.LocationManager.getGnssBatchSize() took 128.935ms
01-11 04:48:10.804   579   579 W dex2oat : Compilation of boolean android.net.IConnectivityManager$Stub.onTransact(int, android.os.Parcel, android.os.Parcel, int) took 108.385ms
01-11 04:48:11.259   812   873 W dex2oat : Compilation of void android.media.MediaCodecInfo$VideoCapabilities.applyLevelLimits() took 119.197ms
01-11 04:48:11.383  1462  1462 W libc    : invalid pthread_t (0) passed to libc
01-11 04:48:11.652   579   869 W dex2oat : Compilation of boolean android.net.wifi.IWifiManager$Stub.onTransact(int, android.os.Parcel, android.os.Parcel, int) took 125.108ms
01-11 04:48:12.291   812   871 W dex2oat : Compilation of boolean android.net.IConnectivityManager$Stub.onTransact(int, android.os.Parcel, android.os.Parcel, int) took 110.344ms
01-11 04:48:12.884   579   579 W dex2oat : Compilation of void android.os.BatteryStats.dumpCheckinLocked(android.content.Context, java.io.PrintWriter, int, int, boolean) took 549.614ms
01-11 04:48:13.647   488   583 E ThermalEngine: [BMHB_GOV] read failed VS_TEMP
01-11 04:48:13.858   812   812 W dex2oat : Compilation of void android.nfc.NfcActivityManager.setNdefPushContentUri(android.app.Activity, android.net.Uri[]) took 276.059ms
01-11 04:48:13.962   812   871 W dex2oat : Compilation of void android.nfc.INfcFCardEmulation$Stub$Proxy.<init>(android.os.IBinder) took 481.079ms
01-11 04:48:14.010   579   869 W dex2oat : Compilation of boolean android.os.storage.IStorageEventListener$Stub.onTransact(int, android.os.Parcel, android.os.Parcel, int) took 510.779ms
01-11 04:48:14.065   579   579 W dex2oat : Compilation of void android.os.BatteryStats.dumpLocked(android.content.Context, java.io.PrintWriter, java.lang.String, int, int, boolean) took 1.128s
01-11 04:48:14.102   812   870 W dex2oat : Compilation of void android.os.BatteryStats.dumpCheckinLocked(android.content.Context, java.io.PrintWriter, int, int, boolean) took 271.328ms
01-11 04:48:14.326   579   874 W dex2oat : Compilation of void android.provider.DocumentsProvider.<init>() took 140.115ms
01-11 04:48:14.327   506   614 E Sensors : sns_debug_main.c(420):Debug Timer Callback called
01-11 04:48:14.333   812   812 W dex2oat : Compilation of void android.os.IInstalld$Stub$Proxy.createUserData(java.lang.String, int, int, int) took 212.303ms
01-11 04:48:14.571   579   874 W dex2oat : Compilation of void android.view.View.<init>(android.content.Context, android.util.AttributeSet, int, int) took 135.984ms
01-11 04:48:14.972   812   870 W dex2oat : Compilation of void android.os.BatteryStats.dumpLocked(android.content.Context, java.io.PrintWriter, java.lang.String, int, int, boolean) took 842.101ms
01-11 04:48:15.821   812   873 W dex2oat : Compilation of void android.view.View.<init>(android.content.Context, android.util.AttributeSet, int, int) took 145.568ms
01-11 04:48:16.183   579   869 W dex2oat : Compilation of android.telecom.RemoteConnection android.telecom.RemoteConnectionManager.createRemoteConnection(android.telecom.PhoneAccountHandle, android.telecom.ConnectionRequest, boolean) took 166.218ms
01-11 04:48:16.194   812   871 W dex2oat : Compilation of java.lang.Object android.security.keymaster.KeymasterArguments$1.createFromParcel(android.os.Parcel) took 188.754ms
01-11 04:48:17.694  1463  1463 E ANDR-PERF-MPCTL: Unable to create control service (stage=1, rc=0)
01-11 04:48:17.694  1463  1463 W libc    : invalid pthread_t (0) passed to libc
01-11 04:48:18.647   488   583 E ThermalEngine: [BMHB_GOV] read failed VS_TEMP
01-11 04:48:19.179   579   872 W dex2oat : Compilation of void android.view.ViewRootImpl.performTraversals() took 159.869ms
01-11 04:48:19.720   812   871 W dex2oat : Compilation of boolean android.view.IWindowManager$Stub.onTransact(int, android.os.Parcel, android.os.Parcel, int) took 114.790ms
01-11 04:48:20.106   812   871 W dex2oat : Compilation of java.lang.String android.view.KeyEvent.keyCodeToString(int) took 292.697ms
01-11 04:48:20.115   812   873 W dex2oat : Compilation of void android.view.IWindowManager$Stub$Proxy.setStrictModeVisualIndicatorPreference(java.lang.String) took 313.421ms
01-11 04:48:20.149   579   874 W dex2oat : Compilation of void android.widget.TextView.<init>(android.content.Context, android.util.AttributeSet, int, int) took 146.955ms
01-11 04:48:20.447   579   874 W dex2oat : Compilation of boolean android.widget.TextView.shouldAdvanceFocusOnTab() took 121.804ms
01-11 04:48:20.810   579   874 W dex2oat : Compilation of void android.widget.TextView.addTextChangedListener(android.text.TextWatcher) took 306.401ms
01-11 04:48:20.813   579   869 W dex2oat : Compilation of void android.widget.Editor.<init>(android.widget.TextView) took 310.373ms
01-11 04:48:20.817   812   873 W dex2oat : Compilation of void android.view.ViewRootImpl$W.updatePointerIcon(float, float) took 324.287ms
01-11 04:48:21.098   579   874 W dex2oat : Compilation of void android.widget.TextView.computeScroll() took 270.500ms
01-11 04:48:21.188   579   869 W dex2oat : Compilation of int android.widget.Editor.drawHardwareAcceleratedInner(android.graphics.Canvas, android.text.Layout, android.graphics.Path, android.graphics.Paint, int, int[], int[], int, int, int) took 362.244ms
01-11 04:48:21.903   812   812 W dex2oat : Compilation of void android.widget.TextView.<init>(android.content.Context, android.util.AttributeSet, int, int) took 287.182ms
01-11 04:48:22.017  1464  1464 E ANDR-PERF-MPCTL: Unable to create control service (stage=1, rc=0)
01-11 04:48:22.762  1464  1464 W libc    : invalid pthread_t (0) passed to libc
01-11 04:48:23.131   579   874 W dex2oat : Compilation of void com.android.internal.os.BatteryStatsImpl$Uid.readFromParcelLocked(com.android.internal.os.BatteryStatsImpl$TimeBase, com.android.internal.os.BatteryStatsImpl$TimeBase, android.os.Parcel) took 112.113ms
01-11 04:48:23.625   579   872 W dex2oat : Compilation of void com.android.internal.os.BatteryStatsImpl.readSummaryFromParcel(android.os.Parcel) took 130.020ms
01-11 04:48:23.647   488   583 E ThermalEngine: [BMHB_GOV] read failed VS_TEMP
01-11 04:48:23.977   579   872 W dex2oat : Compilation of void com.android.internal.os.BatteryStatsImpl.writeSummaryToParcel(android.os.Parcel, boolean) took 110.866ms
01-11 04:48:24.139   579   579 W dex2oat : Compilation of boolean com.android.internal.telephony.ITelephony$Stub.onTransact(int, android.os.Parcel, android.os.Parcel, int) took 211.947ms
01-11 04:48:24.215   812   812 W dex2oat : Compilation of void com.android.internal.inputmethod.InputMethodUtils.setDisabledUntilUsed(android.content.pm.IPackageManager, java.lang.String, int, java.lang.String) took 110.070ms
01-11 04:48:24.218   812   870 W dex2oat : Compilation of android.net.NetworkStats com.android.internal.net.NetworkStatsFactory.javaReadNetworkStatsDetail(java.io.File, int, java.lang.String[], int) took 127.922ms
01-11 04:48:24.973   579   874 W dex2oat : Compilation of void com.android.server.SystemConfig.readPermissionsFromXml(java.io.File, int) took 131.457ms
01-11 04:48:25.077   812   870 W dex2oat : Compilation of void com.android.internal.os.BatteryStatsImpl.readSummaryFromParcel(android.os.Parcel) took 118.355ms
01-11 04:48:25.273   579   874 W dex2oat : Compilation of com.android.server.wifi.nano.WifiMetricsProto$WifiLog com.android.server.wifi.nano.WifiMetricsProto$WifiLog.mergeFrom(com.android.framework.protobuf.nano.CodedInputByteBufferNano) took 125.570ms
01-11 04:48:25.369   579   872 W dex2oat : Skipping class android.hidl.base.V1_0.IBase from /system/framework/telephony-common.jar previously found in /system/framework/framework.jar
01-11 04:48:25.418   812   873 W dex2oat : Compilation of void com.android.internal.telephony.ISms$Stub$Proxy.injectSmsPduForSubscriber(int, byte[], java.lang.String, android.app.PendingIntent) took 101.983ms
01-11 04:48:25.419   812   871 W dex2oat : Compilation of boolean com.android.internal.telephony.ISms$Stub.onTransact(int, android.os.Parcel, android.os.Parcel, int) took 118.372ms
01-11 04:48:25.476   812   870 W dex2oat : Compilation of void com.android.internal.os.BatteryStatsImpl.writeSummaryToParcel(android.os.Parcel, boolean) took 193.454ms
01-11 04:48:25.492   579   874 W dex2oat : Skipping class android.hidl.base.V1_0.DebugInfo$Architecture from /system/framework/telephony-common.jar previously found in /system/framework/framework.jar
01-11 04:48:25.492   579   874 W dex2oat : Skipping class android.hidl.base.V1_0.DebugInfo from /system/framework/telephony-common.jar previously found in /system/framework/framework.jar
01-11 04:48:25.492   579   874 W dex2oat : Skipping class android.hidl.base.V1_0.IBase$Proxy from /system/framework/telephony-common.jar previously found in /system/framework/framework.jar
01-11 04:48:25.492   579   874 W dex2oat : Skipping class android.hidl.base.V1_0.IBase$Stub from /system/framework/telephony-common.jar previously found in /system/framework/framework.jar
01-11 04:48:25.517   579   579 W dex2oat : Compilation of void android.hardware.radio.V1_0.IRadioResponse$Stub.onTransact(int, android.os.HwParcel, android.os.HwParcel, int) took 133.414ms
01-11 04:48:25.671   812   871 W dex2oat : Compilation of boolean com.android.internal.telephony.ITelephony$Stub.onTransact(int, android.os.Parcel, android.os.Parcel, int) took 223.696ms
01-11 04:48:25.989   812   873 W dex2oat : Compilation of void com.android.internal.util.AsyncChannel.connected(android.content.Context, android.os.Handler, android.os.Messenger) took 219.372ms
01-11 04:48:26.569   812   873 W dex2oat : Compilation of void com.android.server.SystemConfig.readPermissionsFromXml(java.io.File, int) took 130.136ms
01-11 04:48:26.922   812   812 W dex2oat : Compilation of com.android.server.wifi.nano.WifiMetricsProto$WifiLog com.android.server.wifi.nano.WifiMetricsProto$WifiLog.mergeFrom(com.android.framework.protobuf.nano.CodedInputByteBufferNano) took 129.708ms
01-11 04:48:26.956  1465  1465 E ANDR-PERF-MPCTL: Unable to create control service (stage=1, rc=0)
01-11 04:48:26.956  1465  1465 W libc    : invalid pthread_t (0) passed to libc
01-11 04:48:27.040   812   873 W dex2oat : Skipping class android.hidl.base.V1_0.IBase from /system/framework/telephony-common.jar previously found in /system/framework/framework.jar
01-11 04:48:27.094   812   812 W dex2oat : Compilation of void android.hardware.radio.V1_0.Call.<init>() took 119.862ms
01-11 04:48:27.167   812   870 W dex2oat : Skipping class android.hidl.base.V1_0.DebugInfo$Architecture from /system/framework/telephony-common.jar previously found in /system/framework/framework.jar
01-11 04:48:27.167   812   870 W dex2oat : Skipping class android.hidl.base.V1_0.DebugInfo from /system/framework/telephony-common.jar previously found in /system/framework/framework.jar
01-11 04:48:27.167   812   870 W dex2oat : Skipping class android.hidl.base.V1_0.IBase$Proxy from /system/framework/telephony-common.jar previously found in /system/framework/framework.jar
01-11 04:48:27.167   812   870 W dex2oat : Skipping class android.hidl.base.V1_0.IBase$Stub from /system/framework/telephony-common.jar previously found in /system/framework/framework.jar
01-11 04:48:27.179   812   871 W dex2oat : Compilation of void android.hardware.radio.V1_0.IRadioResponse$Stub.onTransact(int, android.os.HwParcel, android.os.HwParcel, int) took 127.481ms
01-11 04:48:27.521   579   869 W dex2oat : Compilation of void com.android.internal.telephony.UiccSmsController.sendDataForSubscriber(int, java.lang.String, java.lang.String, java.lang.String, int, byte[], android.app.PendingIntent, android.app.PendingIntent) took 346.005ms
01-11 04:48:27.887   812   812 W dex2oat : Compilation of void com.android.internal.telephony.GsmCdmaPhone.storeVoiceMailNumber(java.lang.String) took 252.002ms
01-11 04:48:28.648   488   583 E ThermalEngine: [BMHB_GOV] read failed VS_TEMP
01-11 04:48:28.862   812   873 W dex2oat : Compilation of void com.android.internal.telephony.cdma.CdmaSMSDispatcher.sendSmsByPstn(com.android.internal.telephony.SMSDispatcher$SmsTracker) took 180.750ms
01-11 04:48:28.867   812   870 W dex2oat : Compilation of void com.android.internal.telephony.cdma.CdmaServiceCategoryProgramHandler$1.sendScpResults() took 187.598ms
01-11 04:48:29.064   579   579 W dex2oat : Compilation of org.apache.http.HttpResponse org.apache.http.impl.client.DefaultRequestDirector.execute(org.apache.http.HttpHost, org.apache.http.HttpRequest, org.apache.http.protocol.HttpContext) took 141.561ms
01-11 04:48:29.293   579   579 W dex2oat : Skipping class android.hidl.base.V1_0.DebugInfo$Architecture from /system/framework/android.hidl.base-V1.0-java.jar previously found in /system/framework/framework.jar
01-11 04:48:29.293   579   579 W dex2oat : Skipping class android.hidl.base.V1_0.DebugInfo from /system/framework/android.hidl.base-V1.0-java.jar previously found in /system/framework/framework.jar
01-11 04:48:29.293   579   579 W dex2oat : Skipping class android.hidl.base.V1_0.IBase from /system/framework/android.hidl.base-V1.0-java.jar previously found in /system/framework/framework.jar
01-11 04:48:29.293   579   579 W dex2oat : Skipping class android.hidl.base.V1_0.IBase$Proxy from /system/framework/android.hidl.base-V1.0-java.jar previously found in /system/framework/framework.jar
01-11 04:48:29.293   579   579 W dex2oat : Skipping class android.hidl.base.V1_0.IBase$Stub from /system/framework/android.hidl.base-V1.0-java.jar previously found in /system/framework/framework.jar
01-11 04:48:29.874   579   579 W dex2oat : Skipping class android.hidl.base.V1_0.IBase from /system/framework/telephony-common.jar previously found in /system/framework/framework.jar
01-11 04:48:29.882   579   872 W dex2oat : Skipping class android.hidl.base.V1_0.DebugInfo$Architecture from /system/framework/telephony-common.jar previously found in /system/framework/framework.jar
01-11 04:48:29.882   579   872 W dex2oat : Skipping class android.hidl.base.V1_0.IBase$Stub from /system/framework/telephony-common.jar previously found in /system/framework/framework.jar
01-11 04:48:29.882   579   869 W dex2oat : Skipping class android.hidl.base.V1_0.DebugInfo from /system/framework/telephony-common.jar previously found in /system/framework/framework.jar
01-11 04:48:29.884   579   874 W dex2oat : Skipping class android.hidl.base.V1_0.IBase$Proxy from /system/framework/telephony-common.jar previously found in /system/framework/framework.jar
01-11 04:48:30.695   812   812 W dex2oat : Skipping class android.hidl.base.V1_0.DebugInfo$Architecture from /system/framework/android.hidl.base-V1.0-java.jar previously found in /system/framework/framework.jar
01-11 04:48:30.695   812   871 W dex2oat : Skipping class android.hidl.base.V1_0.DebugInfo from /system/framework/android.hidl.base-V1.0-java.jar previously found in /system/framework/framework.jar
01-11 04:48:30.695   812   873 W dex2oat : Skipping class android.hidl.base.V1_0.IBase$Proxy from /system/framework/android.hidl.base-V1.0-java.jar previously found in /system/framework/framework.jar
01-11 04:48:30.695   812   871 W dex2oat : Skipping class android.hidl.base.V1_0.IBase$Stub from /system/framework/android.hidl.base-V1.0-java.jar previously found in /system/framework/framework.jar
01-11 04:48:30.695   812   812 W dex2oat : Skipping class android.hidl.base.V1_0.IBase from /system/framework/android.hidl.base-V1.0-java.jar previously found in /system/framework/framework.jar
01-11 04:48:30.811  1466  1466 E ANDR-PERF-MPCTL: Unable to create control service (stage=1, rc=0)
01-11 04:48:30.811  1466  1466 W libc    : invalid pthread_t (0) passed to libc
01-11 04:48:30.935   579   579 I dex2oat : Explicit concurrent copying GC freed 40045(4MB) AllocSpace objects, 0(0B) LOS objects, 61% free, 3MB/9MB, paused 38us total 204.319ms
01-11 04:48:31.143   812   873 W dex2oat : Skipping class android.hidl.base.V1_0.IBase from /system/framework/telephony-common.jar previously found in /system/framework/framework.jar
01-11 04:48:31.152   812   870 W dex2oat : Skipping class android.hidl.base.V1_0.DebugInfo$Architecture from /system/framework/telephony-common.jar previously found in /system/framework/framework.jar
01-11 04:48:31.152   812   870 W dex2oat : Skipping class android.hidl.base.V1_0.DebugInfo from /system/framework/telephony-common.jar previously found in /system/framework/framework.jar
01-11 04:48:31.152   812   873 W dex2oat : Skipping class android.hidl.base.V1_0.IBase$Proxy from /system/framework/telephony-common.jar previously found in /system/framework/framework.jar
01-11 04:48:31.152   812   870 W dex2oat : Skipping class android.hidl.base.V1_0.IBase$Stub from /system/framework/telephony-common.jar previously found in /system/framework/framework.jar
