01-10 15:15:20.530  3918  3918 D vndksupport: Loading /vendor/lib64/hw/android.hardware.nfc@1.0-impl.so from current namespace instead of sphal namespace.
01-10 15:15:20.531  3918  3918 E android.hardware.nfc@1.0-impl: hw_get_module nfc_nci failed: -2
01-10 15:15:20.531  3918  3918 E android.hardware.nfc@1.0-impl: Passthrough failed to load legacy HAL.
01-10 15:15:20.531  3918  3918 E android.hardware.nfc@1.0-service: Could not get passthrough implementation for android.hardware.nfc@1.0::INfc/default.
01-10 15:15:20.626  3919  3919 E ANDR-PERF-MPCTL: Unable to create control service (stage=1, rc=0)
01-10 15:15:20.626  3919  3919 W libc    : invalid pthread_t (0) passed to libc
01-10 15:15:21.012  3913  3916 W dex2oat : Class com.bumptech.glide.Glide failed lock verification and will run slower.
01-10 15:15:21.012  3913  3916 W dex2oat : Common causes for lock verification issues are non-optimized dex code
01-10 15:15:21.012  3913  3916 W dex2oat : and incorrect proguard optimizations.
01-10 15:15:21.017  3913  3916 W dex2oat : Class com.bumptech.glide.integration.okhttp3.OkHttpUrlLoader$Factory failed lock verification and will run slower.
01-10 15:15:21.132  3913  3916 W dex2oat : Class okio.SegmentPool failed lock verification and will run slower.
01-10 15:15:21.239   465   465 I MSM-irqbalance: Decided to move IRQ57 from CPU3 to CPU1
01-10 15:15:21.614  3913  3913 I dex2oat : dex2oat took 1.575s (3.672s cpu) (threads: 4) arena alloc=50KB (52080B) java alloc=5MB (5416752B) native alloc=5MB (5728600B) free=1573KB (1611432B)
01-10 15:15:21.630   834   834 I PackageManager.DexOptimizer: Running dexopt (dexoptNeeded=1) on: /system/priv-app/Contacts/Contacts.apk pkg=com.android.contacts isa=arm64 dexoptFlags=public target-filter=quicken oatDir=null sharedLibraries=PCL[]
01-10 15:15:21.672  3933  3933 I dex2oat : /system/bin/dex2oat --input-vdex-fd=-1 --output-vdex-fd=9 --compiler-filter=quicken -j4 --classpath-dir=/system/priv-app/Contacts --class-loader-context=PCL[]
01-10 15:15:23.111  3933  3933 I dex2oat : dex2oat took 1.440s (3.566s cpu) (threads: 4) arena alloc=7KB (7256B) java alloc=5MB (5882352B) native alloc=5MB (5905640B) free=1912KB (1958680B)
01-10 15:15:23.128   834   834 I PackageManager.DexOptimizer: Running dexopt (dexoptNeeded=1) on: /system/app/Camera2/Camera2.apk pkg=com.android.camera2 isa=arm64 dexoptFlags=public target-filter=quicken oatDir=null sharedLibraries=PCL[]
01-10 15:15:23.170  3938  3938 I dex2oat : /system/bin/dex2oat --input-vdex-fd=-1 --output-vdex-fd=9 --compiler-filter=quicken -j4 --classpath-dir=/system/app/Camera2 --class-loader-context=PCL[]
01-10 15:15:23.175  3938  3938 W dex2oat : Could not reserve sentinel fault page
01-10 15:15:23.922  3938  3938 I dex2oat : dex2oat took 752.531ms (1.740s cpu) (threads: 4) arena alloc=7KB (7720B) java alloc=2MB (2333432B) native alloc=3MB (3454040B) free=2MB (2313128B)
01-10 15:15:23.934   834   834 I PackageManager.DexOptimizer: Running dexopt (dexoptNeeded=1) on: /system/priv-app/Recorder/Recorder.apk pkg=org.lineageos.recorder isa=arm64 dexoptFlags=public target-filter=quicken oatDir=null sharedLibraries=PCL[]
01-10 15:15:23.976  3943  3943 I dex2oat : /system/bin/dex2oat --input-vdex-fd=-1 --output-vdex-fd=9 --compiler-filter=quicken -j4 --classpath-dir=/system/priv-app/Recorder --class-loader-context=PCL[]
01-10 15:15:24.538  3943  3943 I dex2oat : dex2oat took 563.308ms (1.336s cpu) (threads: 4) arena alloc=7KB (7960B) java alloc=2MB (2522760B) native alloc=2MB (2293520B) free=2MB (2949360B)
01-10 15:15:24.550   834   834 I PackageManager.DexOptimizer: Running dexopt (dexoptNeeded=1) on: /system/app/EasterEgg/EasterEgg.apk pkg=com.android.egg isa=arm64 dexoptFlags=public target-filter=quicken oatDir=null sharedLibraries=PCL[]
01-10 15:15:24.591  3948  3948 I dex2oat : /system/bin/dex2oat --input-vdex-fd=-1 --output-vdex-fd=9 --compiler-filter=quicken -j4 --classpath-dir=/system/app/EasterEgg --class-loader-context=PCL[]
01-10 15:15:24.783  3948  3948 I dex2oat : dex2oat took 193.176ms (377.506ms cpu) (threads: 4) arena alloc=5KB (5656B) java alloc=339KB (347168B) native alloc=1211KB (1240608B) free=2MB (2953696B)
01-10 15:15:24.792   834   834 I PackageManager.DexOptimizer: Running dexopt (dexoptNeeded=1) on: /system/priv-app/MtpDocumentsProvider/MtpDocumentsProvider.apk pkg=com.android.mtp isa=arm64 dexoptFlags=public target-filter=quicken oatDir=null sharedLibraries=PCL[]
01-10 15:15:24.842  3953  3953 I dex2oat : /system/bin/dex2oat --input-vdex-fd=-1 --output-vdex-fd=9 --compiler-filter=quicken -j4 --classpath-dir=/system/priv-app/MtpDocumentsProvider --class-loader-context=PCL[]
01-10 15:15:24.914  3953  3953 I dex2oat : dex2oat took 72.720ms (100.032ms cpu) (threads: 4) arena alloc=12KB (12488B) java alloc=88KB (91112B) native alloc=1381KB (1415016B) free=2MB (2255000B)
01-10 15:15:24.922   834   834 I PackageManager.DexOptimizer: Running dexopt (dexoptNeeded=1) on: /system/app/NfcNci/NfcNci.apk pkg=com.android.nfc isa=arm64 dexoptFlags=public target-filter=quicken oatDir=null sharedLibraries=PCL[]
01-10 15:15:24.966  3958  3958 I dex2oat : /system/bin/dex2oat --input-vdex-fd=-1 --output-vdex-fd=9 --compiler-filter=quicken -j4 --classpath-dir=/system/app/NfcNci --class-loader-context=PCL[]
01-10 15:15:25.539   400   400 W /system/bin/hwservicemanager: getTransport: Cannot find entry android.hardware.nfc@1.0::INfc/default in either framework or device manifest.
01-10 15:15:25.540  3963  3963 D vndksupport: Loading /vendor/lib64/hw/android.hardware.nfc@1.0-impl.so from current namespace instead of sphal namespace.
01-10 15:15:25.546  3963  3963 E android.hardware.nfc@1.0-impl: hw_get_module nfc_nci failed: -2
01-10 15:15:25.546  3963  3963 E android.hardware.nfc@1.0-impl: Passthrough failed to load legacy HAL.
01-10 15:15:25.546  3963  3963 E android.hardware.nfc@1.0-service: Could not get passthrough implementation for android.hardware.nfc@1.0::INfc/default.
01-10 15:15:25.593  3958  3958 I dex2oat : dex2oat took 628.383ms (1.286s cpu) (threads: 4) arena alloc=10KB (10400B) java alloc=1404KB (1438192B) native alloc=2MB (2741152B) free=2MB (3026016B)
01-10 15:15:25.605   834   834 I PackageManager.DexOptimizer: Running dexopt (dexoptNeeded=1) on: /system/app/Stk/Stk.apk pkg=com.android.stk isa=arm64 dexoptFlags=public target-filter=quicken oatDir=null sharedLibraries=PCL[]
01-10 15:15:25.622  3965  3965 E ANDR-PERF-MPCTL: Unable to create control service (stage=1, rc=0)
01-10 15:15:25.622  3965  3965 W libc    : invalid pthread_t (0) passed to libc
01-10 15:15:25.647  3964  3964 I dex2oat : /system/bin/dex2oat --input-vdex-fd=-1 --output-vdex-fd=9 --compiler-filter=quicken -j4 --classpath-dir=/system/app/Stk --class-loader-context=PCL[]
01-10 15:15:25.729  3964  3964 I dex2oat : dex2oat took 83.700ms (123.948ms cpu) (threads: 4) arena alloc=7KB (8144B) java alloc=172KB (176264B) native alloc=1425KB (1459992B) free=1646KB (1685736B)
01-10 15:15:25.737   834   834 I PackageManager.DexOptimizer: Running dexopt (dexoptNeeded=1) on: /system/priv-app/Luna/Luna.apk pkg=com.android.launcher3 isa=arm64 dexoptFlags=public target-filter=quicken oatDir=null sharedLibraries=PCL[]
01-10 15:15:25.779  3970  3970 I dex2oat : /system/bin/dex2oat --input-vdex-fd=-1 --output-vdex-fd=9 --compiler-filter=quicken -j4 --classpath-dir=/system/priv-app/Luna --class-loader-context=PCL[]
01-10 15:15:26.239   465   465 I MSM-irqbalance: Decided to move IRQ132 from CPU0 to CPU1
01-10 15:15:26.382  3970  3970 I dex2oat : dex2oat took 604.108ms (1.576s cpu) (threads: 4) arena alloc=55KB (56984B) java alloc=2MB (2295888B) native alloc=2MB (2494832B) free=2MB (2748048B)
01-10 15:15:26.393   834   834 I PackageManager.DexOptimizer: Running dexopt (dexoptNeeded=1) on: /system/priv-app/BackupRestoreConfirmation/BackupRestoreConfirmation.apk pkg=com.android.backupconfirm isa=arm64 dexoptFlags=public target-filter=quicken oatDir=null sharedLibraries=PCL[]
01-10 15:15:26.436  3975  3975 I dex2oat : /system/bin/dex2oat --input-vdex-fd=-1 --output-vdex-fd=9 --compiler-filter=quicken -j4 --classpath-dir=/system/priv-app/BackupRestoreConfirmation --class-loader-context=PCL[]
01-10 15:15:26.487  3975  3975 I dex2oat : dex2oat took 52.384ms (54.925ms cpu) (threads: 4) arena alloc=5KB (5496B) java alloc=64KB (66392B) native alloc=1201KB (1230840B) free=1358KB (1390600B)
01-10 15:15:26.494   834   834 I PackageManager.DexOptimizer: Running dexopt (dexoptNeeded=1) on: /system/priv-app/Provision/Provision.apk pkg=com.android.provision isa=arm64 dexoptFlags=public target-filter=quicken oatDir=null sharedLibraries=PCL[]
01-10 15:15:26.534  3980  3980 I dex2oat : /system/bin/dex2oat --input-vdex-fd=-1 --output-vdex-fd=9 --compiler-filter=quicken -j4 --classpath-dir=/system/priv-app/Provision --class-loader-context=PCL[]
01-10 15:15:26.538  3980  3980 W dex2oat : Could not reserve sentinel fault page
01-10 15:15:26.579  3980  3980 I dex2oat : dex2oat took 45.651ms (45.826ms cpu) (threads: 4) arena alloc=2200B (2200B) java alloc=32KB (33416B) native alloc=1072KB (1098512B) free=1487KB (1522928B)
01-10 15:15:26.585   834   834 I PackageManager.DexOptimizer: Running dexopt (dexoptNeeded=1) on: /system/priv-app/StatementService/StatementService.apk pkg=com.android.statementservice isa=arm64 dexoptFlags=public target-filter=quicken oatDir=null sharedLibraries=PCL[]
01-10 15:15:26.627  3985  3985 I dex2oat : /system/bin/dex2oat --input-vdex-fd=-1 --output-vdex-fd=9 --compiler-filter=quicken -j4 --classpath-dir=/system/priv-app/StatementService --class-loader-context=PCL[]
01-10 15:15:26.689  3985  3985 I dex2oat : dex2oat took 62.580ms (80.095ms cpu) (threads: 4) arena alloc=5KB (5792B) java alloc=68KB (69720B) native alloc=1450KB (1485664B) free=2MB (2184352B)
01-10 15:15:26.696   834   834 I PackageManager.DexOptimizer: Running dexopt (dexoptNeeded=1) on: /system/app/Calendar/Calendar.apk pkg=com.android.calendar isa=arm64 dexoptFlags=public target-filter=quicken oatDir=null sharedLibraries=PCL[]
01-10 15:15:26.736  3999  3999 I dex2oat : /system/bin/dex2oat --input-vdex-fd=-1 --output-vdex-fd=9 --compiler-filter=quicken -j4 --classpath-dir=/system/app/Calendar --class-loader-context=PCL[]
01-10 15:15:27.185  3999  3999 I dex2oat : dex2oat took 449.852ms (1.141s cpu) (threads: 4) arena alloc=12KB (13184B) java alloc=2MB (2174080B) native alloc=2MB (2097152B) free=2MB (2621440B)
01-10 15:15:27.195   834   834 I PackageManager.DexOptimizer: Running dexopt (dexoptNeeded=1) on: /system/priv-app/SharedStorageBackup/SharedStorageBackup.apk pkg=com.android.sharedstoragebackup isa=arm64 dexoptFlags=public target-filter=quicken oatDir=null sharedLibraries=PCL[]
01-10 15:15:27.236  4008  4008 I dex2oat : /system/bin/dex2oat --input-vdex-fd=-1 --output-vdex-fd=9 --compiler-filter=quicken -j4 --classpath-dir=/system/priv-app/SharedStorageBackup --class-loader-context=PCL[]
01-10 15:15:27.281  4008  4008 I dex2oat : dex2oat took 46.909ms (49.124ms cpu) (threads: 4) arena alloc=15KB (15432B) java alloc=70KB (72240B) native alloc=1188KB (1217136B) free=1371KB (1404304B)
01-10 15:15:27.289   834   834 I PackageManager.DexOptimizer: Running dexopt (dexoptNeeded=1) on: /system/app/PrintSpooler/PrintSpooler.apk pkg=com.android.printspooler isa=arm64 dexoptFlags=public target-filter=quicken oatDir=null sharedLibraries=PCL[]
01-10 15:15:27.332  4013  4013 I dex2oat : /system/bin/dex2oat --input-vdex-fd=-1 --output-vdex-fd=9 --compiler-filter=quicken -j4 --classpath-dir=/system/app/PrintSpooler --class-loader-context=PCL[]
01-10 15:15:27.577  4013  4013 I dex2oat : dex2oat took 245.932ms (540.250ms cpu) (threads: 4) arena alloc=81KB (83096B) java alloc=639KB (654672B) native alloc=1407KB (1441648B) free=2MB (2752656B)
01-10 15:15:27.586   834   834 I PackageManager.DexOptimizer: Running dexopt (dexoptNeeded=1) on: /system/app/BasicDreams/BasicDreams.apk pkg=com.android.dreams.basic isa=arm64 dexoptFlags=public target-filter=quicken oatDir=null sharedLibraries=PCL[]
01-10 15:15:27.627  4018  4018 I dex2oat : /system/bin/dex2oat --input-vdex-fd=-1 --output-vdex-fd=9 --compiler-filter=quicken -j4 --classpath-dir=/system/app/BasicDreams --class-loader-context=PCL[]
01-10 15:15:27.676  4018  4018 I dex2oat : dex2oat took 49.580ms (54.631ms cpu) (threads: 4) arena alloc=8KB (8864B) java alloc=70KB (71960B) native alloc=1259KB (1289344B) free=1812KB (1856384B)
01-10 15:15:27.682   834   834 I PackageManager.DexOptimizer: Running dexopt (dexoptNeeded=1) on: /system/app/webview/webview.apk pkg=com.android.webview isa=arm dexoptFlags=public target-filter=quicken oatDir=null sharedLibraries=PCL[]
01-10 15:15:27.726  4023  4023 I dex2oat : /system/bin/dex2oat --input-vdex-fd=-1 --output-vdex-fd=9 --compiler-filter=quicken -j4 --classpath-dir=/system/app/webview --class-loader-context=PCL[]
01-10 15:15:28.392  4023  4023 I dex2oat : dex2oat took 666.198ms (1.601s cpu) (threads: 4) arena alloc=8KB (9136B) java alloc=1702KB (1743168B) native alloc=2MB (2871568B) free=2MB (2895600B)
01-10 15:15:28.403   834   834 I PackageManager.DexOptimizer: Running dexopt (dexoptNeeded=1) on: /system/app/webview/webview.apk pkg=com.android.webview isa=arm64 dexoptFlags=public target-filter=quicken oatDir=null sharedLibraries=PCL[]
01-10 15:15:28.446  4028  4028 I dex2oat : /system/bin/dex2oat --input-vdex-fd=-1 --output-vdex-fd=9 --compiler-filter=quicken -j4 --classpath-dir=/system/app/webview --class-loader-context=PCL[]
01-10 15:15:29.138  4028  4028 I dex2oat : dex2oat took 692.945ms (1.705s cpu) (threads: 4) arena alloc=8KB (9136B) java alloc=2MB (2790320B) native alloc=3MB (3209696B) free=3MB (3606048B)
01-10 15:15:29.150   834   834 I PackageManager.DexOptimizer: Running dexopt (dexoptNeeded=1) on: /system/app/BuiltInPrintService/BuiltInPrintService.apk pkg=com.android.bips isa=arm64 dexoptFlags=public target-filter=quicken oatDir=null sharedLibraries=PCL[]
01-10 15:15:29.191  4033  4033 I dex2oat : /system/bin/dex2oat --input-vdex-fd=-1 --output-vdex-fd=9 --compiler-filter=quicken -j4 --classpath-dir=/system/app/BuiltInPrintService --class-loader-context=PCL[]
01-10 15:15:29.264  4033  4033 I dex2oat : dex2oat took 74.453ms (116.010ms cpu) (threads: 4) arena alloc=3KB (3960B) java alloc=142KB (145696B) native alloc=1488KB (1524312B) free=2MB (2669992B)
01-10 15:15:29.272   834   834 I PackageManager.DexOptimizer: Running dexopt (dexoptNeeded=1) on: /system/priv-app/MusicFX/MusicFX.apk pkg=com.android.musicfx isa=arm64 dexoptFlags=public target-filter=quicken oatDir=null sharedLibraries=PCL[]
01-10 15:15:29.315  4038  4038 I dex2oat : /system/bin/dex2oat --input-vdex-fd=-1 --output-vdex-fd=9 --compiler-filter=quicken -j4 --classpath-dir=/system/priv-app/MusicFX --class-loader-context=PCL[]
01-10 15:15:29.390  4038  4038 I dex2oat : dex2oat took 75.146ms (101.868ms cpu) (threads: 4) arena alloc=36KB (37032B) java alloc=184KB (189008B) native alloc=1352KB (1385168B) free=2MB (2284848B)
01-10 15:15:29.397   834   834 I PackageManager.DexOptimizer: Running dexopt (dexoptNeeded=1) on: /system/priv-app/CellBroadcastReceiver/CellBroadcastReceiver.apk pkg=com.android.cellbroadcastreceiver isa=arm64 dexoptFlags=public target-filter=quicken oatDir=null sharedLibraries=PCL[]
01-10 15:15:29.437  4043  4043 I dex2oat : /system/bin/dex2oat --input-vdex-fd=-1 --output-vdex-fd=9 --compiler-filter=quicken -j4 --classpath-dir=/system/priv-app/CellBroadcastReceiver --class-loader-context=PCL[]
01-10 15:15:30.053  4043  4043 I dex2oat : dex2oat took 616.898ms (1.422s cpu) (threads: 4) arena alloc=8KB (8288B) java alloc=2MB (2582936B) native alloc=2MB (2641232B) free=2028KB (2077360B)
01-10 15:15:30.064   834   834 I PackageManager.DexOptimizer: Running dexopt (dexoptNeeded=1) on: /system/priv-app/OneTimeInitializer/OneTimeInitializer.apk pkg=com.android.onetimeinitializer isa=arm64 dexoptFlags=public target-filter=quicken oatDir=null sharedLibraries=PCL[]
01-10 15:15:30.104  4048  4048 I dex2oat : /system/bin/dex2oat --input-vdex-fd=-1 --output-vdex-fd=9 --compiler-filter=quicken -j4 --classpath-dir=/system/priv-app/OneTimeInitializer --class-loader-context=PCL[]
01-10 15:15:30.158  4048  4048 I dex2oat : dex2oat took 54.975ms (67.381ms cpu) (threads: 4) arena alloc=16KB (16576B) java alloc=82KB (84952B) native alloc=1366KB (1399272B) free=1705KB (1746456B)
01-10 15:15:30.164   834   834 I PackageManager.DexOptimizer: Running dexopt (dexoptNeeded=1) on: /system/app/KeyChain/KeyChain.apk pkg=com.android.keychain isa=arm64 dexoptFlags=public target-filter=quicken oatDir=null sharedLibraries=PCL[]
01-10 15:15:30.206  4053  4053 I dex2oat : /system/bin/dex2oat --input-vdex-fd=-1 --output-vdex-fd=9 --compiler-filter=quicken -j4 --classpath-dir=/system/app/KeyChain --class-loader-context=PCL[]
01-10 15:15:30.262  4053  4053 I dex2oat : dex2oat took 56.572ms (69.588ms cpu) (threads: 4) arena alloc=7KB (7288B) java alloc=104KB (107456B) native alloc=1336KB (1368584B) free=1735KB (1777144B)
01-10 15:15:30.269   834   834 I PackageManager.DexOptimizer: Running dexopt (dexoptNeeded=1) on: /system/app/PrintRecommendationService/PrintRecommendationService.apk pkg=com.android.printservice.recommendation isa=arm64 dexoptFlags=public target-filter=quicken oatDir=null sharedLibraries=PCL[]
01-10 15:15:30.312  4058  4058 I dex2oat : /system/bin/dex2oat --input-vdex-fd=-1 --output-vdex-fd=9 --compiler-filter=quicken -j4 --classpath-dir=/system/app/PrintRecommendationService --class-loader-context=PCL[]
01-10 15:15:30.372  4058  4058 I dex2oat : dex2oat took 61.309ms (73.966ms cpu) (threads: 4) arena alloc=9KB (9368B) java alloc=73KB (75456B) native alloc=1417KB (1451384B) free=2MB (2218632B)
01-10 15:15:30.379   834   834 I PackageManager.DexOptimizer: Running dexopt (dexoptNeeded=1) on: /system/priv-app/GalleryX/GalleryX.apk pkg=com.android.gallery3d isa=arm64 dexoptFlags=public target-filter=quicken oatDir=null sharedLibraries=PCL[]
01-10 15:15:30.422  4063  4063 I dex2oat : /system/bin/dex2oat --input-vdex-fd=-1 --output-vdex-fd=9 --compiler-filter=quicken -j4 --classpath-dir=/system/priv-app/GalleryX --class-loader-context=PCL[]
01-10 15:15:30.523   400   400 W /system/bin/hwservicemanager: getTransport: Cannot find entry android.hardware.nfc@1.0::INfc/default in either framework or device manifest.
01-10 15:15:30.523  4065  4065 D vndksupport: Loading /vendor/lib64/hw/android.hardware.nfc@1.0-impl.so from current namespace instead of sphal namespace.
01-10 15:15:30.524  4065  4065 E android.hardware.nfc@1.0-impl: hw_get_module nfc_nci failed: -2
01-10 15:15:30.524  4065  4065 E android.hardware.nfc@1.0-impl: Passthrough failed to load legacy HAL.
01-10 15:15:30.524  4065  4065 E android.hardware.nfc@1.0-service: Could not get passthrough implementation for android.hardware.nfc@1.0::INfc/default.
01-10 15:15:30.624  4066  4066 E ANDR-PERF-MPCTL: Unable to create control service (stage=1, rc=0)
01-10 15:15:30.624  4066  4066 W libc    : invalid pthread_t (0) passed to libc
01-10 15:15:31.239   465   465 I MSM-irqbalance: Decided to move IRQ216 from CPU0 to CPU1
01-10 15:15:31.353  4063  4063 I dex2oat : dex2oat took 931.790ms (2.289s cpu) (threads: 4) arena alloc=6KB (7048B) java alloc=3MB (3620904B) native alloc=3MB (4041480B) free=2MB (2249976B)
01-10 15:15:31.366   834   834 I PackageManager.DexOptimizer: Running dexopt (dexoptNeeded=1) on: /system/priv-app/CallLogBackup/CallLogBackup.apk pkg=com.android.calllogbackup isa=arm64 dexoptFlags=public target-filter=quicken oatDir=null sharedLibraries=PCL[]
01-10 15:15:31.406  4070  4070 I dex2oat : /system/bin/dex2oat --input-vdex-fd=-1 --output-vdex-fd=9 --compiler-filter=quicken -j4 --classpath-dir=/system/priv-app/CallLogBackup --class-loader-context=PCL[]
01-10 15:15:31.455  4070  4070 I dex2oat : dex2oat took 50.040ms (52.448ms cpu) (threads: 4) arena alloc=6KB (6624B) java alloc=67KB (69336B) native alloc=1225KB (1254528B) free=2MB (2415488B)
01-10 15:15:31.462   834   834 I PackageManager.DexOptimizer: Running dexopt (dexoptNeeded=1) on: /system/app/CarrierDefaultApp/CarrierDefaultApp.apk pkg=com.android.carrierdefaultapp isa=arm64 dexoptFlags=public target-filter=quicken oatDir=null sharedLibraries=PCL[]
01-10 15:15:31.501  4075  4075 I dex2oat : /system/bin/dex2oat --input-vdex-fd=-1 --output-vdex-fd=9 --compiler-filter=quicken -j4 --classpath-dir=/system/app/CarrierDefaultApp --class-loader-context=PCL[]
01-10 15:15:31.555  4075  4075 I dex2oat : dex2oat took 54.826ms (68.141ms cpu) (threads: 4) arena alloc=13KB (13344B) java alloc=101KB (103512B) native alloc=1363KB (1395816B) free=1708KB (1749912B)
01-10 15:15:31.562   834   834 I PackageManager.DexOptimizer: Running dexopt (dexoptNeeded=1) on: /system/priv-app/ManagedProvisioning/ManagedProvisioning.apk pkg=com.android.managedprovisioning isa=arm64 dexoptFlags=public target-filter=quicken oatDir=null sharedLibraries=PCL[]
01-10 15:15:31.603  4080  4080 I dex2oat : /system/bin/dex2oat --input-vdex-fd=-1 --output-vdex-fd=9 --compiler-filter=quicken -j4 --classpath-dir=/system/priv-app/ManagedProvisioning --class-loader-context=PCL[]
01-10 15:15:31.755  4080  4080 I dex2oat : dex2oat took 152.612ms (317.991ms cpu) (threads: 4) arena alloc=5KB (5368B) java alloc=700KB (717304B) native alloc=1501KB (1537792B) free=2MB (2132224B)
01-10 15:15:31.763   834   834 I PackageManager.DexOptimizer: Running dexopt (dexoptNeeded=1) on: /system/app/PhotoTable/PhotoTable.apk pkg=com.android.dreams.phototable isa=arm64 dexoptFlags=public target-filter=quicken oatDir=null sharedLibraries=PCL[]
01-10 15:15:31.803  4085  4085 I dex2oat : /system/bin/dex2oat --input-vdex-fd=-1 --output-vdex-fd=9 --compiler-filter=quicken -j4 --classpath-dir=/system/app/PhotoTable --class-loader-context=PCL[]
01-10 15:15:31.879  4085  4085 I dex2oat : dex2oat took 76.427ms (112.515ms cpu) (threads: 4) arena alloc=27KB (28480B) java alloc=188KB (193352B) native alloc=1460KB (1495344B) free=2MB (2174672B)
01-10 15:15:31.886   834   834 I PackageManager.DexOptimizer: Running dexopt (dexoptNeeded=1) on: /system/app/WAPPushManager/WAPPushManager.apk pkg=com.android.smspush isa=arm64 dexoptFlags=public target-filter=quicken oatDir=null sharedLibraries=PCL[]
01-10 15:15:31.927  4090  4090 I dex2oat : /system/bin/dex2oat --input-vdex-fd=-1 --output-vdex-fd=9 --compiler-filter=quicken -j4 --classpath-dir=/system/app/WAPPushManager --class-loader-context=PCL[]
01-10 15:15:31.983  4090  4090 I dex2oat : dex2oat took 56.309ms (69.379ms cpu) (threads: 4) arena alloc=23KB (24352B) java alloc=86KB (88432B) native alloc=1386KB (1420008B) free=1685KB (1725720B)
01-10 15:15:31.989   834   834 I PackageManager.DexOptimizer: Running dexopt (dexoptNeeded=1) on: /system/priv-app/Tag/Tag.apk pkg=com.android.apps.tag isa=arm64 dexoptFlags=public target-filter=quicken oatDir=null sharedLibraries=PCL[]
01-10 15:15:32.030  4095  4095 I dex2oat : /system/bin/dex2oat --input-vdex-fd=-1 --output-vdex-fd=9 --compiler-filter=quicken -j4 --classpath-dir=/system/priv-app/Tag --class-loader-context=PCL[]
01-10 15:15:32.213  4095  4095 I dex2oat : dex2oat took 183.585ms (362.005ms cpu) (threads: 4) arena alloc=8KB (8536B) java alloc=488KB (500600B) native alloc=1408KB (1441896B) free=2MB (2752408B)
01-10 15:15:32.220   834   834 I PackageManager.DexOptimizer: Running dexopt (dexoptNeeded=1) on: /system/app/LatinImeDictionaryPack/LatinImeDictionaryPack.apk pkg=com.google.android.inputmethod.latin.dictionarypack isa=arm64 dexoptFlags=public target-filter=quicken oatDir=null sharedLibraries=PCL[]
01-10 15:15:32.261  4100  4100 I dex2oat : /system/bin/dex2oat --input-vdex-fd=-1 --output-vdex-fd=9 --compiler-filter=quicken -j4 --classpath-dir=/system/app/LatinImeDictionaryPack --class-loader-context=PCL[]
01-10 15:15:32.344  4100  4100 I dex2oat : dex2oat took 83.672ms (132.376ms cpu) (threads: 4) arena alloc=18KB (19000B) java alloc=202KB (207184B) native alloc=1393KB (1426440B) free=2MB (2243576B)
01-10 15:15:32.351   834   834 I PackageManager.DexOptimizer: Running dexopt (dexoptNeeded=1) on: /system/priv-app/StorageManager/StorageManager.apk pkg=com.android.storagemanager isa=arm64 dexoptFlags=public target-filter=quicken oatDir=null sharedLibraries=PCL[]
01-10 15:15:32.392  4105  4105 I dex2oat : /system/bin/dex2oat --input-vdex-fd=-1 --output-vdex-fd=9 --compiler-filter=quicken -j4 --classpath-dir=/system/priv-app/StorageManager --class-loader-context=PCL[]
01-10 15:15:33.036  4105  4105 I dex2oat : dex2oat took 644.846ms (1.597s cpu) (threads: 4) arena alloc=7KB (7560B) java alloc=2MB (2710120B) native alloc=2MB (2664312B) free=1494KB (1529992B)
01-10 15:15:33.047   834   834 I PackageManager.DexOptimizer: Running dexopt (dexoptNeeded=1) on: /system/app/BookmarkProvider/BookmarkProvider.apk pkg=com.android.bookmarkprovider isa=arm64 dexoptFlags=public target-filter=quicken oatDir=null sharedLibraries=PCL[]
01-10 15:15:33.087  4123  4123 I dex2oat : /system/bin/dex2oat --input-vdex-fd=-1 --output-vdex-fd=9 --compiler-filter=quicken -j4 --classpath-dir=/system/app/BookmarkProvider --class-loader-context=PCL[]
01-10 15:15:33.131  4123  4123 I dex2oat : dex2oat took 44.393ms (44.043ms cpu) (threads: 4) arena alloc=864B (864B) java alloc=17KB (17512B) native alloc=1192KB (1220832B) free=1367KB (1400608B)
01-10 15:15:33.138   834   834 I PackageManager.DexOptimizer: Running dexopt (dexoptNeeded=1) on: /system/app/ExactCalculator/ExactCalculator.apk pkg=com.android.calculator2 isa=arm64 dexoptFlags=public target-filter=quicken oatDir=null sharedLibraries=PCL[]
01-10 15:15:33.179  4128  4128 I dex2oat : /system/bin/dex2oat --input-vdex-fd=-1 --output-vdex-fd=9 --compiler-filter=quicken -j4 --classpath-dir=/system/app/ExactCalculator --class-loader-context=PCL[]
01-10 15:15:33.433  4128  4128 I dex2oat : dex2oat took 254.245ms (595.152ms cpu) (threads: 4) arena alloc=13KB (13656B) java alloc=654KB (669928B) native alloc=1432KB (1467328B) free=2MB (2202688B)
01-10 15:15:33.441   834   834 I PackageManager.DexOptimizer: Running dexopt (dexoptNeeded=1) on: /system/priv-app/com.qualcomm.location/com.qualcomm.location.apk pkg=com.qualcomm.location isa=arm64 dexoptFlags=public target-filter=quicken oatDir=null sharedLibraries=PCL[/system/framework/izat.xt.srv.jar:/system/framework/com.android.location.provider.jar]
01-10 15:15:33.481  4133  4133 I dex2oat : /system/bin/dex2oat --input-vdex-fd=-1 --output-vdex-fd=9 --compiler-filter=quicken -j4 --classpath-dir=/system/priv-app/com.qualcomm.location --class-loader-context=PCL[/system/framework/izat.xt.srv.jar:/system/framework/com.android.location.provider.jar]
01-10 15:15:33.981  4133  4133 I dex2oat : dex2oat took 501.164ms (1.133s cpu) (threads: 4) arena alloc=3KB (3920B) java alloc=1477KB (1512624B) native alloc=2MB (2992448B) free=2MB (2774720B)
01-10 15:15:33.992   834   834 I PackageManager.DexOptimizer: Running dexopt (dexoptNeeded=1) on: /system/priv-app/VpnDialogs/VpnDialogs.apk pkg=com.android.vpndialogs isa=arm64 dexoptFlags=public target-filter=quicken oatDir=null sharedLibraries=PCL[]
01-10 15:15:34.032  4138  4138 I dex2oat : /system/bin/dex2oat --input-vdex-fd=-1 --output-vdex-fd=9 --compiler-filter=quicken -j4 --classpath-dir=/system/priv-app/VpnDialogs --class-loader-context=PCL[]
01-10 15:15:34.082  4138  4138 I dex2oat : dex2oat took 51.480ms (56.391ms cpu) (threads: 4) arena alloc=7KB (7744B) java alloc=65KB (67448B) native alloc=1190KB (1219432B) free=1881KB (1926296B)
01-10 15:15:34.089   834   834 I PackageManager.DexOptimizer: Running dexopt (dexoptNeeded=1) on: /system/app/Wallpapers/Wallpapers.apk pkg=com.google.android.apps.wallpaper isa=arm64 dexoptFlags=public target-filter=quicken oatDir=null sharedLibraries=PCL[]
01-10 15:15:34.132  4143  4143 I dex2oat : /system/bin/dex2oat --input-vdex-fd=-1 --output-vdex-fd=9 --compiler-filter=quicken -j4 --classpath-dir=/system/app/Wallpapers --class-loader-context=PCL[]
01-10 15:15:35.020  4143  4143 I dex2oat : dex2oat took 888.916ms (2.091s cpu) (threads: 4) arena alloc=64KB (65632B) java alloc=3MB (3463600B) native alloc=3MB (3602392B) free=2MB (2689064B)
01-10 15:15:35.032   834   834 I PackageManager.DexOptimizer: Running dexopt (dexoptNeeded=1) on: /system/app/Email/Email.apk pkg=com.android.email isa=arm64 dexoptFlags=public target-filter=quicken oatDir=null sharedLibraries=PCL[]
01-10 15:15:35.072  4149  4149 I dex2oat : /system/bin/dex2oat --input-vdex-fd=-1 --output-vdex-fd=9 --compiler-filter=quicken -j4 --classpath-dir=/system/app/Email --class-loader-context=PCL[]
01-10 15:15:35.547   400   400 W /system/bin/hwservicemanager: getTransport: Cannot find entry android.hardware.nfc@1.0::INfc/default in either framework or device manifest.
01-10 15:15:35.549  4154  4154 D vndksupport: Loading /vendor/lib64/hw/android.hardware.nfc@1.0-impl.so from current namespace instead of sphal namespace.
01-10 15:15:35.550  4154  4154 E android.hardware.nfc@1.0-impl: hw_get_module nfc_nci failed: -2
01-10 15:15:35.550  4154  4154 E android.hardware.nfc@1.0-impl: Passthrough failed to load legacy HAL.
01-10 15:15:35.550  4154  4154 E android.hardware.nfc@1.0-service: Could not get passthrough implementation for android.hardware.nfc@1.0::INfc/default.
01-10 15:15:35.633  4155  4155 E ANDR-PERF-MPCTL: Unable to create control service (stage=1, rc=0)
01-10 15:15:35.634  4155  4155 W libc    : invalid pthread_t (0) passed to libc
01-10 15:15:36.495  4149  4149 I dex2oat : dex2oat took 1.423s (3.399s cpu) (threads: 4) arena alloc=576KB (590048B) java alloc=5MB (5865992B) native alloc=4MB (4929128B) free=2MB (2410904B)
01-10 15:15:36.509   834   834 I PackageManager.DexOptimizer: Running dexopt (dexoptNeeded=1) on: /system/app/WallpaperBackup/WallpaperBackup.apk pkg=com.android.wallpaperbackup isa=arm64 dexoptFlags=public target-filter=quicken oatDir=null sharedLibraries=PCL[]
01-10 15:15:36.552  4156  4156 I dex2oat : /system/bin/dex2oat --input-vdex-fd=-1 --output-vdex-fd=9 --compiler-filter=quicken -j4 --classpath-dir=/system/app/WallpaperBackup --class-loader-context=PCL[]
01-10 15:15:36.602  4156  4156 I dex2oat : dex2oat took 51.134ms (49.197ms cpu) (threads: 4) arena alloc=7KB (7960B) java alloc=19KB (19568B) native alloc=1016KB (1040536B) free=1543KB (1580904B)
01-10 15:15:36.609   834   834 I PackageManager.DexOptimizer: Running dexopt (dexoptNeeded=1) on: /system/priv-app/BlockedNumberProvider/BlockedNumberProvider.apk pkg=com.android.providers.blockednumber isa=arm64 dexoptFlags=public target-filter=quicken oatDir=null sharedLibraries=PCL[]
01-10 15:15:36.650  4161  4161 I dex2oat : /system/bin/dex2oat --input-vdex-fd=-1 --output-vdex-fd=9 --compiler-filter=quicken -j4 --classpath-dir=/system/priv-app/BlockedNumberProvider --class-loader-context=PCL[]
01-10 15:15:36.799  4161  4161 I dex2oat : dex2oat took 149.985ms (282.740ms cpu) (threads: 4) arena alloc=8KB (8536B) java alloc=414KB (424488B) native alloc=1667KB (1707152B) free=2MB (2487152B)
01-10 15:15:36.807   834   834 I PackageManager.DexOptimizer: Running dexopt (dexoptNeeded=1) on: /system/app/UserDictionaryProvider/UserDictionaryProvider.apk pkg=com.android.providers.userdictionary isa=arm64 dexoptFlags=public target-filter=quicken oatDir=null sharedLibraries=PCL[]
01-10 15:15:36.849  4166  4166 I dex2oat : /system/bin/dex2oat --input-vdex-fd=-1 --output-vdex-fd=9 --compiler-filter=quicken -j4 --classpath-dir=/system/app/UserDictionaryProvider --class-loader-context=PCL[]
01-10 15:15:36.901  4166  4166 I dex2oat : dex2oat took 52.386ms (54.536ms cpu) (threads: 4) arena alloc=11KB (11424B) java alloc=65KB (67112B) native alloc=1223KB (1253056B) free=1848KB (1892672B)
01-10 15:15:36.908   834   834 I PackageManager.DexOptimizer: Running dexopt (dexoptNeeded=1) on: /system/priv-app/EmergencyInfo/EmergencyInfo.apk pkg=com.android.emergency isa=arm64 dexoptFlags=public target-filter=quicken oatDir=null sharedLibraries=PCL[]
01-10 15:15:36.950  4171  4171 I dex2oat : /system/bin/dex2oat --input-vdex-fd=-1 --output-vdex-fd=9 --compiler-filter=quicken -j4 --classpath-dir=/system/priv-app/EmergencyInfo --class-loader-context=PCL[]
01-10 15:15:37.591  4171  4171 I dex2oat : dex2oat took 642.314ms (1.535s cpu) (threads: 4) arena alloc=7KB (7832B) java alloc=2MB (2743224B) native alloc=2MB (2566712B) free=2MB (2151880B)
01-10 15:15:37.604   834   834 I PackageManager.DexOptimizer: Running dexopt (dexoptNeeded=1) on: /system/app/DeskClock/DeskClock.apk pkg=com.android.deskclock isa=arm64 dexoptFlags=public target-filter=quicken oatDir=null sharedLibraries=PCL[]
01-10 15:15:37.649  4176  4176 I dex2oat : /system/bin/dex2oat --input-vdex-fd=-1 --output-vdex-fd=9 --compiler-filter=quicken -j4 --classpath-dir=/system/app/DeskClock --class-loader-context=PCL[]
01-10 15:15:38.496  4176  4176 I dex2oat : dex2oat took 848.273ms (2.097s cpu) (threads: 4) arena alloc=4KB (4656B) java alloc=3MB (3693976B) native alloc=2MB (3141696B) free=2MB (2101184B)
01-10 15:15:38.509   834   834 I PackageManager.DexOptimizer: Running dexopt (dexoptNeeded=1) on: /system/app/BluetoothMidiService/BluetoothMidiService.apk pkg=com.android.bluetoothmidiservice isa=arm64 dexoptFlags=public target-filter=quicken oatDir=null sharedLibraries=PCL[]
01-10 15:15:38.551  4181  4181 I dex2oat : /system/bin/dex2oat --input-vdex-fd=-1 --output-vdex-fd=9 --compiler-filter=quicken -j4 --classpath-dir=/system/app/BluetoothMidiService --class-loader-context=PCL[]
01-10 15:15:38.600  4181  4181 I dex2oat : dex2oat took 49.435ms (56.873ms cpu) (threads: 4) arena alloc=32KB (32864B) java alloc=67KB (69152B) native alloc=1203KB (1232832B) free=1868KB (1912896B)
01-10 15:15:38.606   834   834 I PackageManager.DexOptimizer: Running dexopt (dexoptNeeded=1) on: /system/app/Bluetooth/Bluetooth.apk pkg=com.android.bluetooth isa=arm64 dexoptFlags=public target-filter=quicken oatDir=null sharedLibraries=PCL[/system/framework/javax.obex.jar]
01-10 15:15:38.649  4186  4186 I dex2oat : /system/bin/dex2oat --input-vdex-fd=-1 --output-vdex-fd=9 --compiler-filter=quicken -j4 --classpath-dir=/system/app/Bluetooth --class-loader-context=PCL[/system/framework/javax.obex.jar]
01-10 15:15:39.563  4186  4186 I dex2oat : dex2oat took 914.514ms (2.219s cpu) (threads: 4) arena alloc=4KB (4344B) java alloc=2MB (2118080B) native alloc=4MB (4229856B) free=2MB (2585888B)
01-10 15:15:39.575   834   834 I PackageManager.DexOptimizer: Running dexopt (dexoptNeeded=1) on: /system/app/TimeService/TimeService.apk pkg=com.qualcomm.timeservice isa=arm64 dexoptFlags=public target-filter=quicken oatDir=null sharedLibraries=PCL[]
01-10 15:15:39.616  4204  4204 I dex2oat : /system/bin/dex2oat --input-vdex-fd=-1 --output-vdex-fd=9 --compiler-filter=quicken -j4 --classpath-dir=/system/app/TimeService --class-loader-context=PCL[]
01-10 15:15:39.661  4204  4204 I dex2oat : dex2oat took 45.184ms (44.538ms cpu) (threads: 4) arena alloc=456B (456B) java alloc=16KB (17000B) native alloc=1009KB (1033472B) free=1550KB (1587968B)
01-10 15:15:39.667   834   834 I PackageManager.DexOptimizer: Running dexopt (dexoptNeeded=1) on: /system/priv-app/ContactsProvider/ContactsProvider.apk pkg=com.android.providers.contacts isa=arm64 dexoptFlags=public target-filter=quicken oatDir=null sharedLibraries=PCL[]
01-10 15:15:39.708  4209  4209 I dex2oat : /system/bin/dex2oat --input-vdex-fd=-1 --output-vdex-fd=9 --compiler-filter=quicken -j4 --classpath-dir=/system/priv-app/ContactsProvider --class-loader-context=PCL[]
01-10 15:15:40.012  4209  4209 I dex2oat : dex2oat took 304.594ms (610.428ms cpu) (threads: 4) arena alloc=452KB (463224B) java alloc=594KB (608360B) native alloc=1665KB (1705392B) free=2MB (3013200B)
01-10 15:15:40.021   834   834 I PackageManager.DexOptimizer: Running dexopt (dexoptNeeded=1) on: /system/app/CaptivePortalLogin/CaptivePortalLogin.apk pkg=com.android.captiveportallogin isa=arm64 dexoptFlags=public target-filter=quicken oatDir=null sharedLibraries=PCL[]
01-10 15:15:40.062  4214  4214 I dex2oat : /system/bin/dex2oat --input-vdex-fd=-1 --output-vdex-fd=9 --compiler-filter=quicken -j4 --classpath-dir=/system/app/CaptivePortalLogin --class-loader-context=PCL[]
01-10 15:15:40.117  4214  4214 I dex2oat : dex2oat took 56.013ms (62.037ms cpu) (threads: 4) arena alloc=5KB (5624B) java alloc=97KB (99560B) native alloc=1214KB (1243240B) free=1345KB (1378200B)
01-10 15:15:40.123   834   834 D SystemServerTiming: UpdatePackagesIfNeeded took to complete: 35431ms
01-10 15:15:40.123   834   834 I SystemServer: PerformFstrimIfNeeded
01-10 15:15:40.124   834   834 W PackageManager: No disk maintenance in 1420902940124; running immediately
01-10 15:15:40.124   834   834 D SystemServerTiming: PerformFstrimIfNeeded took to complete: 1ms
01-10 15:15:40.124   834   834 I SystemServer: StartLockSettingsService
01-10 15:15:40.124   834  3551 I StorageManagerService: Running fstrim idle maintenance
01-10 15:15:40.125   834   834 I SystemServiceManager: Starting com.android.server.locksettings.LockSettingsService$Lifecycle
01-10 15:15:40.125   834  3551 D VoldConnector: SND -> {3 fstrim dotrim}
01-10 15:15:40.126   407   409 I vold    : [libfs_mgr]fs_mgr_read_fstab_dt(): failed to read fstab from dt
01-10 15:15:40.127   834  3552 D VoldConnector: RCV <- {200 3 Command succeeded}
01-10 15:15:40.127   407  4219 D vold    : Starting trim of /data
01-10 15:15:40.163   834   834 D SystemServerTiming: StartLockSettingsService took to complete: 39ms
01-10 15:15:40.163   834   834 I SystemServer: StartPersistentDataBlock
01-10 15:15:40.163   834   834 I SystemServiceManager: Starting com.android.server.PersistentDataBlockService
01-10 15:15:40.188   834   834 D SystemServerTiming: StartPersistentDataBlock took to complete: 25ms
01-10 15:15:40.188   834   834 I SystemServer: StartOemLockService
01-10 15:15:40.189   834   847 D SystemServerInitThreadPool: Started executing PersistentDataBlockService.onStart
01-10 15:15:40.189   834   847 E PersistentDataBlockService: not able to find package 
01-10 15:15:40.189   834   847 E PersistentDataBlockService: android.content.pm.PackageManager$NameNotFoundException: 
01-10 15:15:40.189   834   847 E PersistentDataBlockService: 	at android.app.ApplicationPackageManager.getPackageUidAsUser(ApplicationPackageManager.java:282)
01-10 15:15:40.189   834   847 E PersistentDataBlockService: 	at com.android.server.PersistentDataBlockService.getAllowedUid(PersistentDataBlockService.java:112)
01-10 15:15:40.189   834   847 E PersistentDataBlockService: 	at com.android.server.PersistentDataBlockService.lambda$-com_android_server_PersistentDataBlockService_5033(PersistentDataBlockService.java:125)
01-10 15:15:40.189   834   847 E PersistentDataBlockService: 	at com.android.server.-$Lambda$VaVGUZuNs2jqHMhhxPzwNl4zK-M.$m$3(Unknown Source:4)
01-10 15:15:40.189   834   847 E PersistentDataBlockService: 	at com.android.server.-$Lambda$VaVGUZuNs2jqHMhhxPzwNl4zK-M.run(Unknown Source:23)
01-10 15:15:40.189   834   847 E PersistentDataBlockService: 	at com.android.server.SystemServerInitThreadPool.lambda$-com_android_server_SystemServerInitThreadPool_2249(SystemServerInitThreadPool.java:64)
01-10 15:15:40.189   834   847 E PersistentDataBlockService: 	at com.android.server.-$Lambda$Ganck_s9Kl5o2K6eVDoQTKLc-6g.$m$2(Unknown Source:8)
01-10 15:15:40.189   834   847 E PersistentDataBlockService: 	at com.android.server.-$Lambda$Ganck_s9Kl5o2K6eVDoQTKLc-6g.run(Unknown Source:19)
01-10 15:15:40.189   834   847 E PersistentDataBlockService: 	at java.util.concurrent.Executors$RunnableAdapter.call(Executors.java:457)
01-10 15:15:40.189   834   847 E PersistentDataBlockService: 	at java.util.concurrent.FutureTask.run(FutureTask.java:266)
01-10 15:15:40.189   834   847 E PersistentDataBlockService: 	at java.util.concurrent.ThreadPoolExecutor.runWorker(ThreadPoolExecutor.java:1162)
01-10 15:15:40.189   834   847 E PersistentDataBlockService: 	at java.util.concurrent.ThreadPoolExecutor$Worker.run(ThreadPoolExecutor.java:636)
01-10 15:15:40.189   834   847 E PersistentDataBlockService: 	at com.android.internal.util.ConcurrentUtils$1$1.run(ConcurrentUtils.java:59)
01-10 15:15:40.190   834   847 E PersistentDataBlockService: partition not available?
01-10 15:15:40.190   834   847 E PersistentDataBlockService: java.io.FileNotFoundException: /dev/block/bootdevice/by-name/persistent (Permission denied)
01-10 15:15:40.190   834   847 E PersistentDataBlockService: 	at java.io.FileInputStream.open0(Native Method)
01-10 15:15:40.190   834   847 E PersistentDataBlockService: 	at java.io.FileInputStream.open(FileInputStream.java:200)
01-10 15:15:40.190   834   847 E PersistentDataBlockService: 	at java.io.FileInputStream.<init>(FileInputStream.java:150)
01-10 15:15:40.190   834   847 E PersistentDataBlockService: 	at com.android.server.PersistentDataBlockService.computeDigestLocked(PersistentDataBlockService.java:268)
01-10 15:15:40.190   834   847 E PersistentDataBlockService: 	at com.android.server.PersistentDataBlockService.enforceChecksumValidity(PersistentDataBlockService.java:227)
01-10 15:15:40.190   834   847 E PersistentDataBlockService: 	at com.android.server.PersistentDataBlockService.lambda$-com_android_server_PersistentDataBlockService_5033(PersistentDataBlockService.java:126)
01-10 15:15:40.190   834   847 E PersistentDataBlockService: 	at com.android.server.-$Lambda$VaVGUZuNs2jqHMhhxPzwNl4zK-M.$m$3(Unknown Source:4)
01-10 15:15:40.190   834   847 E PersistentDataBlockService: 	at com.android.server.-$Lambda$VaVGUZuNs2jqHMhhxPzwNl4zK-M.run(Unknown Source:23)
01-10 15:15:40.190   834   847 E PersistentDataBlockService: 	at com.android.server.SystemServerInitThreadPool.lambda$-com_android_server_SystemServerInitThreadPool_2249(SystemServerInitThreadPool.java:64)
01-10 15:15:40.190   834   847 E PersistentDataBlockService: 	at com.android.server.-$Lambda$Ganck_s9Kl5o2K6eVDoQTKLc-6g.$m$2(Unknown Source:8)
01-10 15:15:40.190   834   847 E PersistentDataBlockService: 	at com.android.server.-$Lambda$Ganck_s9Kl5o2K6eVDoQTKLc-6g.run(Unknown Source:19)
01-10 15:15:40.190   834   847 E PersistentDataBlockService: 	at java.util.concurrent.Executors$RunnableAdapter.call(Executors.java:457)
01-10 15:15:40.190   834   847 E PersistentDataBlockService: 	at java.util.concurrent.FutureTask.run(FutureTask.java:266)
01-10 15:15:40.190   834   847 E PersistentDataBlockService: 	at java.util.concurrent.ThreadPoolExecutor.runWorker(ThreadPoolExecutor.java:1162)
01-10 15:15:40.190   834   847 E PersistentDataBlockService: 	at java.util.concurrent.ThreadPoolExecutor$Worker.run(ThreadPoolExecutor.java:636)
01-10 15:15:40.190   834   847 E PersistentDataBlockService: 	at com.android.internal.util.ConcurrentUtils$1$1.run(ConcurrentUtils.java:59)
01-10 15:15:40.190   834   847 I PersistentDataBlockService: Formatting FRP partition...
01-10 15:15:40.191   834   847 E PersistentDataBlockService: partition not available?
01-10 15:15:40.191   834   847 E PersistentDataBlockService: java.io.FileNotFoundException: /dev/block/bootdevice/by-name/persistent (Permission denied)
01-10 15:15:40.191   834   847 E PersistentDataBlockService: 	at java.io.FileOutputStream.open0(Native Method)
01-10 15:15:40.191   834   847 E PersistentDataBlockService: 	at java.io.FileOutputStream.open(FileOutputStream.java:287)
01-10 15:15:40.191   834   847 E PersistentDataBlockService: 	at java.io.FileOutputStream.<init>(FileOutputStream.java:223)
01-10 15:15:40.191   834   847 E PersistentDataBlockService: 	at java.io.FileOutputStream.<init>(FileOutputStream.java:171)
01-10 15:15:40.191   834   847 E PersistentDataBlockService: 	at com.android.server.PersistentDataBlockService.formatPartitionLocked(PersistentDataBlockService.java:310)
01-10 15:15:40.191   834   847 E PersistentDataBlockService: 	at com.android.server.PersistentDataBlockService.enforceChecksumValidity(PersistentDataBlockService.java:230)
01-10 15:15:40.191   834   847 E PersistentDataBlockService: 	at com.android.server.PersistentDataBlockService.lambda$-com_android_server_PersistentDataBlockService_5033(PersistentDataBlockService.java:126)
01-10 15:15:40.191   834   847 E PersistentDataBlockService: 	at com.android.server.-$Lambda$VaVGUZuNs2jqHMhhxPzwNl4zK-M.$m$3(Unknown Source:4)
01-10 15:15:40.191   834   847 E PersistentDataBlockService: 	at com.android.server.-$Lambda$VaVGUZuNs2jqHMhhxPzwNl4zK-M.run(Unknown Source:23)
01-10 15:15:40.191   834   847 E PersistentDataBlockService: 	at com.android.server.SystemServerInitThreadPool.lambda$-com_android_server_SystemServerInitThreadPool_2249(SystemServerInitThreadPool.java:64)
01-10 15:15:40.191   834   847 E PersistentDataBlockService: 	at com.android.server.-$Lambda$Ganck_s9Kl5o2K6eVDoQTKLc-6g.$m$2(Unknown Source:8)
01-10 15:15:40.191   834   847 E PersistentDataBlockService: 	at com.android.server.-$Lambda$Ganck_s9Kl5o2K6eVDoQTKLc-6g.run(Unknown Source:19)
01-10 15:15:40.191   834   847 E PersistentDataBlockService: 	at java.util.concurrent.Executors$RunnableAdapter.call(Executors.java:457)
01-10 15:15:40.191   834   847 E PersistentDataBlockService: 	at java.util.concurrent.FutureTask.run(FutureTask.java:266)
01-10 15:15:40.191   834   847 E PersistentDataBlockService: 	at java.util.concurrent.ThreadPoolExecutor.runWorker(ThreadPoolExecutor.java:1162)
01-10 15:15:40.191   834   847 E PersistentDataBlockService: 	at java.util.concurrent.ThreadPoolExecutor$Worker.run(ThreadPoolExecutor.java:636)
01-10 15:15:40.191   834   847 E PersistentDataBlockService: 	at com.android.internal.util.ConcurrentUtils$1$1.run(ConcurrentUtils.java:59)
01-10 15:15:40.191   834   847 E PersistentDataBlockService: partition not available
01-10 15:15:40.194   834   847 D SystemServerInitThreadPool: Finished executing PersistentDataBlockService.onStart
01-10 15:15:40.212   834   834 I SystemServiceManager: Starting com.android.server.oemlock.OemLockService
01-10 15:15:40.234   834   834 I system_server: Looking for service android.hardware.oemlock@1.0::IOemLock/default
01-10 15:15:40.235   400   400 W /system/bin/hwservicemanager: getTransport: Cannot find entry android.hardware.oemlock@1.0::IOemLock/default in either framework or device manifest.
01-10 15:15:40.236   834   834 I OemLock : OemLock HAL not present on device
01-10 15:15:40.236   834   834 I OemLock : Using persistent data block based lock
01-10 15:15:40.238   834   834 D SystemServerTiming: StartOemLockService took to complete: 50ms
01-10 15:15:40.238   834   834 I SystemServer: StartDeviceIdleController
01-10 15:15:40.239   834   834 I SystemServiceManager: Starting com.android.server.DeviceIdleController
01-10 15:15:40.261   834   834 D SystemServerTiming: StartDeviceIdleController took to complete: 23ms
01-10 15:15:40.262   834   834 I SystemServer: StartDevicePolicyManager
01-10 15:15:40.262   834   834 I SystemServiceManager: Starting com.android.server.devicepolicy.DevicePolicyManagerService$Lifecycle
01-10 15:15:40.341   834   834 D SystemServerTiming: StartDevicePolicyManager took to complete: 79ms
01-10 15:15:40.341   834   834 I SystemServer: StartStatusBarManagerService
01-10 15:15:40.344   834   834 D SystemServerTiming: StartStatusBarManagerService took to complete: 3ms
01-10 15:15:40.344   834   834 I SystemServer: StartClipboardService
01-10 15:15:40.344   834   834 I SystemServiceManager: Starting com.android.server.clipboard.ClipboardService
01-10 15:15:40.346   834   834 D SystemServerTiming: StartClipboardService took to complete: 2ms
01-10 15:15:40.347   834   834 I SystemServer: StartNetworkManagementService
01-10 15:15:40.350   834  4220 I NetworkManagement: onDaemonConnected()
01-10 15:15:40.352   834   834 D SystemServerTiming: StartNetworkManagementService took to complete: 6ms
01-10 15:15:40.352   834   834 I SystemServer: StartTextServicesManager
01-10 15:15:40.353   834   834 I SystemServiceManager: Starting com.android.server.TextServicesManagerService$Lifecycle
01-10 15:15:40.375   834   834 D SystemServerTiming: StartTextServicesManager took to complete: 23ms
01-10 15:15:40.375   834   834 I SystemServer: StartNetworkScoreService
01-10 15:15:40.379   834   834 D SystemServerTiming: StartNetworkScoreService took to complete: 3ms
01-10 15:15:40.379   834   834 I SystemServer: StartNetworkStatsService
01-10 15:15:40.399   834   834 D SystemServerTiming: StartNetworkStatsService took to complete: 20ms
01-10 15:15:40.399   834   834 I SystemServer: StartNetworkPolicyManagerService
01-10 15:15:40.425   834  4223 I ServiceThread: Enabled StrictMode logging for NetworkPolicy.uid looper.
01-10 15:15:40.428   834   834 D SystemServerTiming: StartNetworkPolicyManagerService took to complete: 30ms
01-10 15:15:40.429   834   834 I SystemServer: StartWifi
01-10 15:15:40.525   400   400 W /system/bin/hwservicemanager: getTransport: Cannot find entry android.hardware.nfc@1.0::INfc/default in either framework or device manifest.
01-10 15:15:40.526  4224  4224 D vndksupport: Loading /vendor/lib64/hw/android.hardware.nfc@1.0-impl.so from current namespace instead of sphal namespace.
01-10 15:15:40.527  4224  4224 E android.hardware.nfc@1.0-impl: hw_get_module nfc_nci failed: -2
01-10 15:15:40.527  4224  4224 E android.hardware.nfc@1.0-impl: Passthrough failed to load legacy HAL.
01-10 15:15:40.528  4224  4224 E android.hardware.nfc@1.0-service: Could not get passthrough implementation for android.hardware.nfc@1.0::INfc/default.
01-10 15:15:40.541   834   834 I SystemServiceManager: Starting com.android.server.wifi.WifiService
01-10 15:15:40.635  4225  4225 E ANDR-PERF-MPCTL: Unable to create control service (stage=1, rc=0)
01-10 15:15:40.635  4225  4225 W libc    : invalid pthread_t (0) passed to libc
01-10 15:15:41.120   834   834 D WifiApConfigStore: 2G band allowed channels are:1,6,11
01-10 15:15:41.146   834   834 E WifiApConfigStore: Error reading hotspot configuration java.io.FileNotFoundException: /data/misc/wifi/softap.conf (No such file or directory)
01-10 15:15:41.146   834   834 D WifiApConfigStore: Fallback to use default AP configuration
