12-25 21:28:50.075   404   407 D vold    : e4crypt_unlock_user_key 0 serial=0 token_present=0
12-25 21:28:50.076   871  1528 D CryptdConnector: RCV <- {200 2 Command succeeded}
12-25 21:28:50.076   871   871 E BitmapFactory: Unable to decode stream: java.io.FileNotFoundException: /data/system/users/0/wallpaper_orig (No such file or directory)
12-25 21:28:50.076   871   871 W WallpaperManagerService: Invalid wallpaper data
12-25 21:28:50.076   871   871 E WallpaperManagerService: Unable to apply new wallpaper
12-25 21:28:50.076   871   871 V WallpaperManagerService: bindWallpaperComponentLocked: componentName=null
12-25 21:28:50.076   871   871 V WallpaperManagerService: No default component; using image wallpaper
12-25 21:28:50.076   871  1526 D StorageManagerService: Thinking about reset, mSystemReady=true, mDaemonConnected=true
12-25 21:28:50.077   871  1526 D VoldConnector: SND -> {3 volume reset}
12-25 21:28:50.077   871   886 I ActivityManager: Force stopping com.android.providers.media appid=10008 user=-1: vold reset
12-25 21:28:50.079   871  1527 D VoldConnector: RCV <- {651 emulated 7}
12-25 21:28:50.080   871  1527 D VoldConnector: RCV <- {659 emulated}
12-25 21:28:50.080   871  1527 D VoldConnector: RCV <- {650 emulated 2 "" ""}
12-25 21:28:50.080   871  1527 D VoldConnector: RCV <- {651 emulated 0}
12-25 21:28:50.081   871  1527 D VoldConnector: RCV <- {200 3 Command succeeded}
12-25 21:28:50.082   871   893 V StorageManagerService: Found primary storage at VolumeInfo{emulated}:
12-25 21:28:50.082   871   893 V StorageManagerService:     type=EMULATED diskId=null partGuid=null mountFlags=0 mountUserId=-1 
12-25 21:28:50.082   871   893 V StorageManagerService:     state=UNMOUNTED 
12-25 21:28:50.082   871   893 V StorageManagerService:     fsType=null fsUuid=null fsLabel=null 
12-25 21:28:50.082   871   893 V StorageManagerService:     path=null internalPath=null 
12-25 21:28:50.082   871  1526 D VoldConnector: SND -> {4 volume user_added 0 0}
12-25 21:28:50.083   871  1527 D VoldConnector: RCV <- {200 4 Command succeeded}
12-25 21:28:50.097   871   871 I ActivityManager: Start proc 1572:com.android.systemui/u0a28 for service com.android.systemui/.ImageWallpaper
12-25 21:28:50.098   871  1526 D VoldConnector: SND -> {5 volume mount emulated 3 -1}
12-25 21:28:50.099   871  1527 D VoldConnector: RCV <- {651 emulated 1}
12-25 21:28:50.100   871  1527 D VoldConnector: RCV <- {656 emulated /data/media}
12-25 21:28:50.100   404   406 V vold    : Waiting for FUSE to spin up...
12-25 21:28:50.100   871  1527 D VoldConnector: RCV <- {655 emulated /storage/emulated}
12-25 21:28:50.105   491   491 D audio_hw_primary: adev_set_parameters: enter: A2dpSuspended=false
12-25 21:28:50.106   491   614 D audio_hw_primary: adev_set_parameters: enter: BT_SCO=off
12-25 21:28:50.107   871  1547 D BluetoothManagerService: Trying to bind to profile: 1, while Bluetooth was disabled
12-25 21:28:50.108   871   871 D UsbAlsaManager: Adding ALSA device AlsaDevice: [card: 0, device: 0, type: 2]
12-25 21:28:50.108   871   871 D UsbAlsaManager: Adding ALSA device AlsaDevice: [card: 0, device: 0, type: 1]
12-25 21:28:50.108   871   871 D UsbAlsaManager: Adding ALSA device AlsaDevice: [card: 0, device: 1, type: 2]
12-25 21:28:50.108   871   871 D UsbAlsaManager: Adding ALSA device AlsaDevice: [card: 0, device: 1, type: 1]
12-25 21:28:50.108   871   871 D UsbAlsaManager: Adding ALSA device AlsaDevice: [card: 0, device: 2, type: 2]
12-25 21:28:50.108   871   871 D UsbAlsaManager: Adding ALSA device AlsaDevice: [card: 0, device: 2, type: 1]
12-25 21:28:50.108   871   871 D UsbAlsaManager: Adding ALSA device AlsaDevice: [card: 0, device: 3, type: 2]
12-25 21:28:50.108   871   871 D UsbAlsaManager: Adding ALSA device AlsaDevice: [card: 0, device: 3, type: 1]
12-25 21:28:50.108   871   871 D UsbAlsaManager: Adding ALSA device AlsaDevice: [card: 0, device: 4, type: 2]
12-25 21:28:50.108   871   871 D UsbAlsaManager: Adding ALSA device AlsaDevice: [card: 0, device: 4, type: 1]
12-25 21:28:50.108   871   871 D UsbAlsaManager: Adding ALSA device AlsaDevice: [card: 0, device: 5, type: 2]
12-25 21:28:50.108   871   871 D UsbAlsaManager: Adding ALSA device AlsaDevice: [card: 0, device: 5, type: 1]
12-25 21:28:50.108   871   871 D UsbAlsaManager: Adding ALSA device AlsaDevice: [card: 0, device: 6, type: 2]
12-25 21:28:50.108   871   871 D UsbAlsaManager: Adding ALSA device AlsaDevice: [card: 0, device: 7, type: 1]
12-25 21:28:50.108   871   871 D UsbAlsaManager: Adding ALSA device AlsaDevice: [card: 0, device: 8, type: 2]
12-25 21:28:50.108   871   871 D UsbAlsaManager: Adding ALSA device AlsaDevice: [card: 0, device: 10, type: 2]
12-25 21:28:50.108   871   871 D UsbAlsaManager: Adding ALSA device AlsaDevice: [card: 0, device: 10, type: 1]
12-25 21:28:50.108   871   871 D UsbAlsaManager: Adding ALSA device AlsaDevice: [card: 0, device: 11, type: 2]
12-25 21:28:50.108   871   871 D UsbAlsaManager: Adding ALSA device AlsaDevice: [card: 0, device: 11, type: 1]
12-25 21:28:50.108   871   871 D UsbAlsaManager: Adding ALSA device AlsaDevice: [card: 0, device: 12, type: 2]
12-25 21:28:50.108   871   871 D UsbAlsaManager: Adding ALSA device AlsaDevice: [card: 0, device: 12, type: 1]
12-25 21:28:50.108   871   871 D UsbAlsaManager: Adding ALSA device AlsaDevice: [card: 0, device: 13, type: 2]
12-25 21:28:50.108   871   871 D UsbAlsaManager: Adding ALSA device AlsaDevice: [card: 0, device: 13, type: 1]
12-25 21:28:50.108   871   871 D UsbAlsaManager: Adding ALSA device AlsaDevice: [card: 0, device: 14, type: 2]
12-25 21:28:50.108   871   871 D UsbAlsaManager: Adding ALSA device AlsaDevice: [card: 0, device: 14, type: 1]
12-25 21:28:50.108   871   871 D UsbAlsaManager: Adding ALSA device AlsaDevice: [card: 0, device: 15, type: 2]
12-25 21:28:50.109   871   871 D UsbAlsaManager: Adding ALSA device AlsaDevice: [card: 0, device: 15, type: 1]
12-25 21:28:50.109   871   871 D UsbAlsaManager: Adding ALSA device AlsaDevice: [card: 0, device: 16, type: 2]
12-25 21:28:50.109   871   871 D UsbAlsaManager: Adding ALSA device AlsaDevice: [card: 0, device: 19, type: 2]
12-25 21:28:50.109   871   871 D UsbAlsaManager: Adding ALSA device AlsaDevice: [card: 0, device: 19, type: 1]
12-25 21:28:50.109   871   871 D UsbAlsaManager: Adding ALSA device AlsaDevice: [card: 0, device: 20, type: 2]
12-25 21:28:50.109   871   871 D UsbAlsaManager: Adding ALSA device AlsaDevice: [card: 0, device: 20, type: 1]
12-25 21:28:50.109   871   871 D UsbAlsaManager: Adding ALSA device AlsaDevice: [card: 0, device: 21, type: 1]
12-25 21:28:50.109   871   871 D UsbAlsaManager: Adding ALSA device AlsaDevice: [card: 0, device: 22, type: 2]
12-25 21:28:50.109   871   871 D UsbAlsaManager: Adding ALSA device AlsaDevice: [card: 0, device: 22, type: 1]
12-25 21:28:50.109   871   871 D UsbAlsaManager: Adding ALSA device AlsaDevice: [card: 0, device: 23, type: 2]
12-25 21:28:50.109   871   871 D UsbAlsaManager: Adding ALSA device AlsaDevice: [card: 0, device: 23, type: 1]
12-25 21:28:50.109   871   871 D UsbAlsaManager: Adding ALSA device AlsaDevice: [card: 0, device: 24, type: 2]
12-25 21:28:50.109   871   871 D UsbAlsaManager: Adding ALSA device AlsaDevice: [card: 0, device: 24, type: 1]
12-25 21:28:50.109   871   871 D UsbAlsaManager: Adding ALSA device AlsaDevice: [card: 0, device: 25, type: 2]
12-25 21:28:50.109   871   871 D UsbAlsaManager: Adding ALSA device AlsaDevice: [card: 0, device: 26, type: 1]
12-25 21:28:50.109   871   871 D UsbAlsaManager: Adding ALSA device AlsaDevice: [card: 0, device: 27, type: 2]
12-25 21:28:50.109   871   871 D UsbAlsaManager: Adding ALSA device AlsaDevice: [card: 0, device: 28, type: 2]
12-25 21:28:50.109   871   871 D UsbAlsaManager: Adding ALSA device AlsaDevice: [card: 0, device: 29, type: 2]
12-25 21:28:50.109   871   871 D UsbAlsaManager: Adding ALSA device AlsaDevice: [card: 0, device: 30, type: 2]
12-25 21:28:50.109   871   871 D UsbAlsaManager: Adding ALSA device AlsaDevice: [card: 0, device: 31, type: 2]
12-25 21:28:50.109   871   871 D UsbAlsaManager: Adding ALSA device AlsaDevice: [card: 0, device: 32, type: 2]
12-25 21:28:50.109   871   871 D UsbAlsaManager: Adding ALSA device AlsaDevice: [card: 0, device: 33, type: 2]
12-25 21:28:50.109   871   871 D UsbAlsaManager: Adding ALSA device AlsaDevice: [card: 0, device: 34, type: 2]
12-25 21:28:50.109   871   871 D UsbAlsaManager: Adding ALSA device AlsaDevice: [card: 0, device: 35, type: 2]
12-25 21:28:50.109   871   871 D UsbAlsaManager: Adding ALSA device AlsaDevice: [card: 0, device: 35, type: 1]
12-25 21:28:50.109   871   871 D UsbAlsaManager: Adding ALSA device AlsaDevice: [card: 0, device: 36, type: 2]
12-25 21:28:50.109   871   871 D UsbAlsaManager: Adding ALSA device AlsaDevice: [card: 0, device: 36, type: 1]
12-25 21:28:50.109   871   871 D UsbAlsaManager: Adding ALSA device AlsaDevice: [card: 0, device: 43, type: 2]
12-25 21:28:50.109   871   871 D UsbAlsaManager: Adding ALSA device AlsaDevice: [card: 0, device: 44, type: 2]
12-25 21:28:50.109   871   871 D UsbAlsaManager: Adding ALSA device AlsaDevice: [card: 0, device: 44, type: 1]
12-25 21:28:50.109   871   871 D UsbAlsaManager: Adding ALSA device AlsaDevice: [card: 0, device: 67, type: 2]
12-25 21:28:50.109   871   871 D UsbAlsaManager: Adding ALSA device AlsaDevice: [card: 0, device: 67, type: 1]
12-25 21:28:50.109   871   871 D UsbAlsaManager: Adding ALSA device AlsaDevice: [card: 0, device: 68, type: 2]
12-25 21:28:50.109   871   871 D UsbAlsaManager: Adding ALSA device AlsaDevice: [card: 0, device: 68, type: 1]
12-25 21:28:50.109   871   871 D UsbAlsaManager: Adding ALSA device AlsaDevice: [card: 0, device: 69, type: 2]
12-25 21:28:50.109   871   871 D UsbAlsaManager: Adding ALSA device AlsaDevice: [card: 0, device: 69, type: 1]
12-25 21:28:50.109   871   871 D UsbAlsaManager: Adding ALSA device AlsaDevice: [card: 0, device: 70, type: 2]
12-25 21:28:50.109   871   871 D UsbAlsaManager: Adding ALSA device AlsaDevice: [card: 0, device: 70, type: 1]
12-25 21:28:50.109   871   871 D UsbAlsaManager: Adding ALSA device AlsaDevice: [card: 0, device: 71, type: 2]
12-25 21:28:50.109   871   871 D UsbAlsaManager: Adding ALSA device AlsaDevice: [card: 0, device: 71, type: 1]
12-25 21:28:50.109   871   871 D UsbAlsaManager: Adding ALSA device AlsaDevice: [card: 0, device: 72, type: 2]
12-25 21:28:50.109   871   871 D UsbAlsaManager: Adding ALSA device AlsaDevice: [card: 0, device: 72, type: 1]
12-25 21:28:50.109   871   871 D UsbAlsaManager: Adding ALSA device AlsaDevice: [card: 0, device: 73, type: 2]
12-25 21:28:50.109   871   871 D UsbAlsaManager: Adding ALSA device AlsaDevice: [card: 0, device: 73, type: 1]
12-25 21:28:50.109   871   871 D UsbAlsaManager: Adding ALSA device AlsaDevice: [card: 0, device: 74, type: 2]
12-25 21:28:50.109   871   871 D UsbAlsaManager: Adding ALSA device AlsaDevice: [card: 0, device: 74, type: 1]
12-25 21:28:50.109   871   871 D UsbAlsaManager: Adding ALSA device AlsaDevice: [card: 0, device: 75, type: 2]
12-25 21:28:50.109   871   871 D UsbAlsaManager: Adding ALSA device AlsaDevice: [card: 0, device: 75, type: 1]
12-25 21:28:50.109   871   871 D UsbAlsaManager: Adding ALSA device AlsaDevice: [card: 0, device: 76, type: 2]
12-25 21:28:50.109   871   871 D UsbAlsaManager: Adding ALSA device AlsaDevice: [card: 0, device: 76, type: 1]
12-25 21:28:50.109   871   871 D UsbAlsaManager: Adding ALSA device AlsaDevice: [card: 0, device: 77, type: 2]
12-25 21:28:50.110   871   871 D UsbAlsaManager: Adding ALSA device AlsaDevice: [card: 0, device: 77, type: 1]
12-25 21:28:50.110   871   871 D UsbAlsaManager: Adding ALSA device AlsaDevice: [card: 0, device: 78, type: 2]
12-25 21:28:50.110   871   871 D UsbAlsaManager: Adding ALSA device AlsaDevice: [card: 0, device: 78, type: 1]
12-25 21:28:50.110   871   871 D UsbAlsaManager: Adding ALSA device AlsaDevice: [card: 0, device: 79, type: 2]
12-25 21:28:50.110   871   871 D UsbAlsaManager: Adding ALSA device AlsaDevice: [card: 0, device: 79, type: 1]
12-25 21:28:50.110   871   871 D UsbAlsaManager: Adding ALSA device AlsaDevice: [card: 0, device: 81, type: 2]
12-25 21:28:50.110   871   871 D UsbAlsaManager: Adding ALSA device AlsaDevice: [card: 0, device: 81, type: 1]
12-25 21:28:50.110   871   871 D UsbAlsaManager: Adding ALSA device AlsaDevice: [card: 0, device: 82, type: 2]
12-25 21:28:50.110   871   871 D UsbAlsaManager: Adding ALSA device AlsaDevice: [card: 0, device: 82, type: 1]
12-25 21:28:50.110   871   871 D UsbAlsaManager: Adding ALSA device AlsaDevice: [card: 0, device: 83, type: 1]
12-25 21:28:50.110   871   871 D UsbAlsaManager: Adding ALSA device AlsaDevice: [card: 0, device: 84, type: 2]
12-25 21:28:50.110   871   871 D UsbAlsaManager: Adding ALSA device AlsaDevice: [card: 0, device: 84, type: 1]
12-25 21:28:50.114   491   607 I AudioFlinger: systemReady
12-25 21:28:50.120  1586  1586 W /system/bin/sdcard: Device explicitly enabled sdcardfs
12-25 21:28:50.121  1586  1586 E /system/bin/sdcard: trying to mount sdcardfs filesystem without derive_gid: Invalid argument
12-25 21:28:50.129   458   458 E android.hardware.usb@1.0-service: Failed to open /sys/class/dual_role_usb
12-25 21:28:50.129   871   871 W PocketService: Un-handled boot phase:550
12-25 21:28:50.129   871   871 D SystemServerTiming: StartActivityManagerReadyPhase took to complete: 131ms
12-25 21:28:50.129   871   871 I SystemServer: StartObservingNativeCrashes
12-25 21:28:50.131   871   893 W TelecomManager: Telecom Service not found.
12-25 21:28:50.131   871  1523 E UsbPortManager: port status enquiry failed
12-25 21:28:50.131   871   893 D UsbDeviceManager: push notification:USB charging this device
12-25 21:28:50.131   871   871 D SystemServerTiming: StartObservingNativeCrashes took to complete: 2ms
12-25 21:28:50.131   871   871 I SystemServer: StartSystemUI
12-25 21:28:50.132   871   927 D SystemServerInitThreadPool: Started executing WebViewFactoryPreparation
12-25 21:28:50.132   871   927 I SystemServer: WebViewFactoryPreparation
12-25 21:28:50.136   871   871 D SystemServerTiming: StartSystemUI took to complete: 5ms
12-25 21:28:50.136   871   871 I SystemServer: MakeNetworkScoreReady
12-25 21:28:50.136   871   871 D SystemServerTiming: MakeNetworkScoreReady took to complete: 0ms
12-25 21:28:50.137   871   871 I SystemServer: MakeNetworkManagementServiceReady
12-25 21:28:50.137   871   871 D NetworkManagement: enabling bandwidth control
12-25 21:28:50.151   871  1527 D VoldConnector: RCV <- {651 emulated 2}
12-25 21:28:50.152   871  1527 D VoldConnector: RCV <- {200 5 Command succeeded}
12-25 21:28:50.135   871   893 W TelecomManager: Telecom Service not found.
12-25 21:28:50.152   871   871 W NetworkManagement: setDataSaverMode(): already false
12-25 21:28:50.154   871   871 D SystemServerTiming: MakeNetworkManagementServiceReady took to complete: 17ms
12-25 21:28:50.155   871   871 I SystemServer: MakeNetworkStatsServiceReady
12-25 21:28:50.155   871   889 I WifiService: requestActivityInfo uid=1000
12-25 21:28:50.155   871   889 I WifiService: reportActivityInfo uid=1000
12-25 21:28:50.155   871   889 I WifiService: getSupportedFeatures uid=1000
12-25 21:28:50.156   871   889 E BatteryExternalStatsWorker: no controller energy info supplied for wifi
12-25 21:28:50.156   871   889 E BatteryExternalStatsWorker: no controller energy info supplied for telephony
12-25 21:28:50.250   871   927 W zygote64: Long monitor contention with owner AudioService (1547) at boolean com.android.server.pm.PackageManagerService.isPackageSuspendedForUser(java.lang.String, int)(PackageManagerService.java:15278) waiters=0 in android.content.pm.PackageInfo com.android.server.pm.PackageManagerService.getPackageInfoInternal(java.lang.String, int, int, int, int) for 113ms
12-25 21:28:50.265   871   927 D WebViewLibraryLoader: Setting new address space to 125701040
12-25 21:28:50.302  1559  1559 E JniUtils: Could not load native library jni_latinimegoogle
12-25 21:28:50.302  1559  1559 E JniUtils: java.lang.UnsatisfiedLinkError: dalvik.system.PathClassLoader[DexPathList[[zip file "/system/app/LatinIME/LatinIME.apk"],nativeLibraryDirectories=[/system/app/LatinIME/lib/arm64, /system/fake-libs64, /system/app/LatinIME/LatinIME.apk!/lib/arm64-v8a, /system/lib64, /system/vendor/lib64, /system/lib64, /system/vendor/lib64]]] couldn't find "libjni_latinimegoogle.so"
12-25 21:28:50.302  1559  1559 E JniUtils: 	at java.lang.Runtime.loadLibrary0(Runtime.java:1011)
12-25 21:28:50.302  1559  1559 E JniUtils: 	at java.lang.System.loadLibrary(System.java:1657)
12-25 21:28:50.302  1559  1559 E JniUtils: 	at com.android.inputmethod.latin.utils.JniUtils.<clinit>(JniUtils.java:29)
12-25 21:28:50.302  1559  1559 E JniUtils: 	at com.android.inputmethod.latin.utils.JniUtils.loadNativeLibrary(JniUtils.java:47)
12-25 21:28:50.302  1559  1559 E JniUtils: 	at com.android.inputmethod.latin.LatinIME.<clinit>(LatinIME.java:577)
12-25 21:28:50.302  1559  1559 E JniUtils: 	at java.lang.Class.newInstance(Native Method)
12-25 21:28:50.302  1559  1559 E JniUtils: 	at android.app.ActivityThread.handleCreateService(ActivityThread.java:3321)
12-25 21:28:50.302  1559  1559 E JniUtils: 	at android.app.ActivityThread.-wrap4(Unknown Source:0)
12-25 21:28:50.302  1559  1559 E JniUtils: 	at android.app.ActivityThread$H.handleMessage(ActivityThread.java:1677)
12-25 21:28:50.302  1559  1559 E JniUtils: 	at android.os.Handler.dispatchMessage(Handler.java:106)
12-25 21:28:50.302  1559  1559 E JniUtils: 	at android.os.Looper.loop(Looper.java:164)
12-25 21:28:50.302  1559  1559 E JniUtils: 	at android.app.ActivityThread.main(ActivityThread.java:6494)
12-25 21:28:50.302  1559  1559 E JniUtils: 	at java.lang.reflect.Method.invoke(Native Method)
12-25 21:28:50.302  1559  1559 E JniUtils: 	at com.android.internal.os.RuntimeInit$MethodAndArgsCaller.run(RuntimeInit.java:440)
12-25 21:28:50.302  1559  1559 E JniUtils: 	at com.android.internal.os.ZygoteInit.main(ZygoteInit.java:807)
12-25 21:28:50.320  1559  1559 I LatinIME: Hardware accelerated drawing: true
12-25 21:28:50.324   871  1531 D NetworkPolicy: setRestrictBackgroundUL(): false
12-25 21:28:50.327   871  1531 W NetworkManagement: setDataSaverMode(): already false
12-25 21:28:50.347   871  1593 V NuMediaExtractor: setDataSource fd=178 (/system/media/audio/ui/Effect_Tick.ogg), offset=0, length=6899
12-25 21:28:50.369   871  1593 V NuMediaExtractor: track of type 'audio/vorbis' does not publish bitrate
12-25 21:28:50.399   871  1533 D WifiController: DEFERRED_TOGGLE handled
12-25 21:28:50.401   459   459 I android.hardware.wifi@1.0-service: Wifi HAL started
12-25 21:28:50.406   871   927 W ActivityManager: Slow operation: 81ms so far, now at startProcess: returned from zygote!
12-25 21:28:50.406   871   927 W ActivityManager: Slow operation: 81ms so far, now at startProcess: done updating battery stats
12-25 21:28:50.406   871   927 W ActivityManager: Slow operation: 81ms so far, now at startProcess: building log message
12-25 21:28:50.406   871   927 I ActivityManager: Start proc 1600:WebViewLoader-armeabi-v7a/1037 [android.webkit.WebViewLibraryLoader$RelroFileCreator] for 
12-25 21:28:50.406   871   927 W ActivityManager: Slow operation: 81ms so far, now at startProcess: starting to update pids map
12-25 21:28:50.406   871   927 W ActivityManager: Slow operation: 81ms so far, now at startProcess: done updating pids map
12-25 21:28:50.406   871   927 W ActivityManager: Slow operation: 81ms so far, now at startProcess: done starting proc!
12-25 21:28:50.419   871   927 I ActivityManager: Start proc 1605:WebViewLoader-arm64-v8a/1037 [android.webkit.WebViewLibraryLoader$RelroFileCreator] for 
12-25 21:28:50.423   871   927 D SystemServerTimingAsync: WebViewFactoryPreparation took to complete: 291ms
12-25 21:28:50.423   871   927 D SystemServerInitThreadPool: Finished executing WebViewFactoryPreparation
12-25 21:28:50.433   503   503 W MediaCodecsXmlParser: unable to open media codecs configuration xml file: /data/misc/media/media_codecs_profiling_results.xml
12-25 21:28:50.433   503   503 W MediaCodecsXmlParser: parseTopLevelXMLFile(/data/misc/media/media_codecs_profiling_results.xml) failed
12-25 21:28:50.436  1605  1605 V WebViewLibraryLoader: RelroFileCreator (64bit = true),  32-bit lib: /system/app/webview/webview.apk!/lib/armeabi-v7a/libwebviewchromium.so, 64-bit lib: /system/app/webview/webview.apk!/lib/arm64-v8a/libwebviewchromium.so
12-25 21:28:50.438   503   503 W MediaCodecsXmlParser: unable to open media codecs configuration xml file: /data/misc/media/media_codecs_profiling_results.xml
12-25 21:28:50.438   503   503 W MediaCodecsXmlParser: parseTopLevelXMLFile(/data/misc/media/media_codecs_profiling_results.xml) failed
12-25 21:28:50.439   503   503 E MediaCodecsXmlParser: Cannot find the role for a decoder of type video/divx
12-25 21:28:50.439   503   503 E MediaCodecsXmlParser: Cannot find the role for a decoder of type video/divx311
12-25 21:28:50.439   503   503 E MediaCodecsXmlParser: Cannot find the role for a decoder of type video/divx4
12-25 21:28:50.439   503   503 E MediaCodecsXmlParser: Cannot find the role for a decoder of type video/x-ms-wmv
12-25 21:28:50.439   503   503 E MediaCodecsXmlParser: Cannot find the role for a decoder of type video/x-ms-wmv
12-25 21:28:50.443   503   526 I OMXMaster: makeComponentInstance(OMX.google.aac.decoder) in android.hardwar process
12-25 21:28:50.451   503  1619 I OMXMaster: makeComponentInstance(OMX.google.amrnb.decoder) in android.hardwar process
12-25 21:28:50.457   503   503 I OMXMaster: makeComponentInstance(OMX.google.amrwb.decoder) in android.hardwar process
12-25 21:28:50.460   503   503 I OMXMaster: makeComponentInstance(OMX.google.flac.decoder) in android.hardwar process
12-25 21:28:50.473   503   503 I OMXMaster: makeComponentInstance(OMX.qti.audio.decoder.flac) in android.hardwar process
12-25 21:28:50.473   503   503 E OMX     : FAILED to allocate omx component 'OMX.qti.audio.decoder.flac' err=??(0x80001002)
12-25 21:28:50.473   500   500 W OmxInfoBuilder: Fail to add mime audio/flac to codec OMX.qti.audio.decoder.flac after software codecs
12-25 21:28:50.474   503   526 I OMXMaster: makeComponentInstance(OMX.google.g711.alaw.decoder) in android.hardwar process
12-25 21:28:50.479   503   526 I OMXMaster: makeComponentInstance(OMX.google.g711.mlaw.decoder) in android.hardwar process
12-25 21:28:50.483   503   526 I OMXMaster: makeComponentInstance(OMX.google.gsm.decoder) in android.hardwar process
12-25 21:28:50.495   503   526 I OMXMaster: makeComponentInstance(OMX.google.mp3.decoder) in android.hardwar process
12-25 21:28:50.507   503   526 I OMXMaster: makeComponentInstance(OMX.google.opus.decoder) in android.hardwar process
12-25 21:28:50.508  1600  1600 V WebViewLibraryLoader: RelroFileCreator (64bit = false),  32-bit lib: /system/app/webview/webview.apk!/lib/armeabi-v7a/libwebviewchromium.so, 64-bit lib: /system/app/webview/webview.apk!/lib/arm64-v8a/libwebviewchromium.so
12-25 21:28:50.519   503   526 I OMXMaster: makeComponentInstance(OMX.google.raw.decoder) in android.hardwar process
12-25 21:28:50.523   503   526 I OMXMaster: makeComponentInstance(OMX.google.vorbis.decoder) in android.hardwar process
12-25 21:28:50.528   503   526 I OMXMaster: makeComponentInstance(OMX.google.aac.encoder) in android.hardwar process
12-25 21:28:50.535   503   526 I OMXMaster: makeComponentInstance(OMX.google.amrnb.encoder) in android.hardwar process
12-25 21:28:50.540   503   526 I OMXMaster: makeComponentInstance(OMX.google.amrwb.encoder) in android.hardwar process
12-25 21:28:50.545   503   526 I OMXMaster: makeComponentInstance(OMX.google.flac.encoder) in android.hardwar process
12-25 21:28:50.551   503   526 I OMXMaster: makeComponentInstance(OMX.qcom.video.decoder.avc) in android.hardwar process
12-25 21:28:50.557   503   526 I OMX-VDEC-1080P: Video slvp perflock acquired
12-25 21:28:50.568  1559  1559 W InputAttributes: No editor info for this field. Bug?
12-25 21:28:50.666  1559  1663 I LatinIME:LogUtils: Dictionary info: dictionary = UserHistoryDictionary.en_US ; version = 1514237330 ; date = ?
12-25 21:28:50.669  1559  1663 I LatinIME:LogUtils: Dictionary info: dictionary = userunigram.en_US ; version = 1514237330 ; date = ?
12-25 21:28:50.741  1559  1663 I LatinIME:LogUtils: Dictionary info: dictionary = main:en ; version = 54 ; date = 1414726273
12-25 21:28:50.765   871   871 D SystemServerTiming: MakeNetworkStatsServiceReady took to complete: 610ms
12-25 21:28:50.766   871   871 I SystemServer: MakeConnectivityServiceReady
12-25 21:28:50.768   871   871 D PermissionMonitor: Monitoring
12-25 21:28:50.768   871  1555 D Ethernet: got request NetworkRequest [ BACKGROUND_REQUEST id=2, [ Transports: CELLULAR Capabilities: INTERNET&NOT_RESTRICTED&TRUSTED&NOT_VPN] ] with score 0
12-25 21:28:50.772   871   871 D PermissionMonitor: Users: 1, Apps: 67
12-25 21:28:50.780   871   871 D SystemServerTiming: MakeConnectivityServiceReady took to complete: 14ms
12-25 21:28:50.780   871   871 I SystemServer: MakeNetworkPolicyServiceReady
12-25 21:28:50.780   871   871 D SystemServerTiming: MakeNetworkPolicyServiceReady took to complete: 0ms
12-25 21:28:50.780   871   871 I SystemServer: StartWatchdog
12-25 21:28:50.780   871   871 D SystemServerTiming: StartWatchdog took to complete: 0ms
12-25 21:28:50.780   871   871 I SystemServer: PhaseThirdPartyAppsCanStart
12-25 21:28:50.780   871   871 I SystemServiceManager: Starting phase 600
12-25 21:28:50.786   871   871 D lights  : Using onoff pattern: 0x000000
12-25 21:28:50.787  1572  1572 V SystemUIService: Starting SystemUI services for user 0.
12-25 21:28:50.790   871   871 V WallpaperManagerService: bindWallpaperComponentLocked: componentName=ComponentInfo{com.android.systemui/com.android.systemui.ImageWallpaper}
12-25 21:28:50.793  1572  1572 D SystemUIBootTiming: StartServicesDependency took to complete: 5ms
12-25 21:28:50.805   871   871 W PocketService: Un-handled boot phase:600
12-25 21:28:50.806   871   871 D SystemServerTiming: PhaseThirdPartyAppsCanStart took to complete: 26ms
12-25 21:28:50.806   871   871 I SystemServer: MakeLocationServiceReady
12-25 21:28:50.817   871   871 D vndksupport: Loading /vendor/lib64/hw/android.hardware.gnss@1.0-impl.so from current namespace instead of sphal namespace.
12-25 21:28:50.823  1673  1673 I init    : type=1400 audit(0.0:172): avc: denied { execute_no_trans } for path="/system/vendor/bin/perfd" dev="mmcblk0p47" ino=2414 scontext=u:r:init:s0 tcontext=u:object_r:vendor_file:s0 tclass=file permissive=1
12-25 21:28:50.833  1605  1605 I WebViewLoader-arm64-v8a: System.exit called, status: 0
12-25 21:28:50.833  1605  1605 I AndroidRuntime: VM exiting with result code 0, cleanup skipped.
12-25 21:28:50.846  1572  1572 D SystemUIBootTiming: StartServicesNotificationChannels took to complete: 53ms
12-25 21:28:50.850   503   526 I OMX-VDEC-1080P: component_init: OMX.qcom.video.decoder.avc : fd=6
12-25 21:28:50.850   503   526 I OMX-VDEC-1080P: Capabilities: driver_name = msm_vidc_driver, card = msm_vdec_8974, bus_info = , version = 1, capabilities = 4003000
12-25 21:28:50.859   503   526 I OMX-VDEC-1080P: omx_vdec::component_init() success : fd=6
12-25 21:28:50.859  1673  1673 E ANDR-PERF-MPCTL: Unable to create control service (stage=1, rc=0)
12-25 21:28:50.860  1673  1673 W libc    : invalid pthread_t (0) passed to libc
12-25 21:28:50.864   503  1619 E OMX-VDEC-1080P: Extension: OMX.google.android.index.storeANWBufferInMetadata not implemented
12-25 21:28:50.864   503  1619 E OMX-VDEC-1080P: Extension: OMX.google.android.index.configureVideoTunnelMode not implemented
12-25 21:28:50.864   503  1619 E OMX-VDEC-1080P: Extension: OMX.google.android.index.useAndroidNativeBuffer is supported
12-25 21:28:50.865   503  1619 E OMXNodeInstance: getParameter(0xece18cc4:qcom.decoder.avc, ??(0x7f000044)) ERROR: UnsupportedSetting(0x80001019)
12-25 21:28:50.866   503  1619 E OMXNodeInstance: getParameter(0xece18cc4:qcom.decoder.avc, ??(0x7f000044)) ERROR: UnsupportedSetting(0x80001019)
12-25 21:28:50.867   503   503 E OMX-VDEC-1080P: Extension: OMX.google.android.index.configureVideoTunnelMode not implemented
12-25 21:28:50.867   503   503 E OMXNodeInstance: getExtensionIndex(0xece18cc4:qcom.decoder.avc, OMX.google.android.index.configureVideoTunnelMode) ERROR: NotImplemented(0x80001006)
12-25 21:28:50.868   503  1619 E OMX-VDEC-1080P: Extension: OMX.google.android.index.storeANWBufferInMetadata not implemented
12-25 21:28:50.868   503   526 I OMX-VDEC-1080P: omx_vdec::component_deinit() complete
12-25 21:28:50.869   503   526 I OMX-VDEC-1080P: Exit OMX vdec Destructor: fd=6
12-25 21:28:50.869   503   526 I OMX-VDEC-1080P: Video slvp perflock released
12-25 21:28:50.871   503   526 I OMXMaster: makeComponentInstance(OMX.qcom.video.decoder.avc.secure) in android.hardwar process
12-25 21:28:50.873   503   526 I OMX-VDEC-1080P: Video slvp perflock acquired
12-25 21:28:50.874   503   526 I OMX-VDEC-1080P: component_init: OMX.qcom.video.decoder.avc : fd=6
12-25 21:28:50.874   503   526 I OMX-VDEC-1080P: Capabilities: driver_name = msm_vidc_driver, card = msm_vdec_8974, bus_info = , version = 1, capabilities = 4003000
12-25 21:28:50.877   871   871 E LocSvc_eng: I/===> loc_eng_read_config line 2986 
12-25 21:28:50.880   871   871 D GnssLocationProvider: Link to death notification successful
12-25 21:28:50.880   871   871 E GnssHAL_GnssInterface: getExtensionAGnssRil GnssRil interface not implemented by GNSS HAL
12-25 21:28:50.880   871   871 E GnssHAL_GnssInterface: getExtensionGnssNavigationMessage GnssNavigationMessage interface not implemented by GNSS HAL
12-25 21:28:50.880   871   871 E GnssHAL_GnssInterface: getExtensionGnssDebug: GnssDebug interface is not implemented by HAL
12-25 21:28:50.882   503   526 I OMX-VDEC-1080P: omx_vdec::component_init() success : fd=6
12-25 21:28:50.884   503   526 E OMX-VDEC-1080P: Extension: OMX.google.android.index.storeANWBufferInMetadata not implemented
12-25 21:28:50.884   503   526 E OMX-VDEC-1080P: Extension: OMX.google.android.index.configureVideoTunnelMode not implemented
12-25 21:28:50.884   503   526 E OMX-VDEC-1080P: Extension: OMX.google.android.index.useAndroidNativeBuffer is supported
12-25 21:28:50.885   503   526 E OMXNodeInstance: getParameter(0xece18cc4:qcom.decoder.avc.secure, ??(0x7f000044)) ERROR: UnsupportedSetting(0x80001019)
12-25 21:28:50.885   503   526 E OMXNodeInstance: getParameter(0xece18cc4:qcom.decoder.avc.secure, ??(0x7f000044)) ERROR: UnsupportedSetting(0x80001019)
12-25 21:28:50.886   503   503 E OMX-VDEC-1080P: Extension: OMX.google.android.index.configureVideoTunnelMode not implemented
12-25 21:28:50.886   503   503 E OMXNodeInstance: getExtensionIndex(0xece18cc4:qcom.decoder.avc.secure, OMX.google.android.index.configureVideoTunnelMode) ERROR: NotImplemented(0x80001006)
12-25 21:28:50.887   503   526 E OMX-VDEC-1080P: Extension: OMX.google.android.index.storeANWBufferInMetadata not implemented
12-25 21:28:50.887   503   526 I OMX-VDEC-1080P: omx_vdec::component_deinit() complete
12-25 21:28:50.889   503   526 I OMX-VDEC-1080P: Exit OMX vdec Destructor: fd=6
12-25 21:28:50.889   503   526 I OMX-VDEC-1080P: Video slvp perflock released
12-25 21:28:50.890   503  1619 I OMXMaster: makeComponentInstance(OMX.google.h264.decoder) in android.hardwar process
12-25 21:28:50.902   871   871 D LocSvc_LBSProxy: static bool lbs_core::LBSProxy::checkIfLocationExtendedClientExists()] File Exists
12-25 21:28:50.903   871   871 D LocSvc_LBSProxy: static bool lbs_core::LBSProxy::checkIfNativeXtraClientExists()] XTRA Client 2.0 Exist
12-25 21:28:50.903   871   871 E GnssHAL_GnssInterface: getExtensionGnssGeofencing GnssGeofencing interface not implemented by GNSS HAL
12-25 21:28:50.903   871   871 D vndksupport: Loading /vendor/lib64/hw/flp.default.so from current namespace instead of sphal namespace.
12-25 21:28:50.906   503  1619 E OMXNodeInstance: getExtensionIndex(0xed7a00c0:google.h264.decoder, OMX.google.android.index.configureVideoTunnelMode) ERROR: UnsupportedIndex(0x8000101a)
12-25 21:28:50.906   503   526 E OMXNodeInstance: getExtensionIndex(0xed7a00c0:google.h264.decoder, OMX.google.android.index.enableAndroidNativeBuffers) ERROR: UnsupportedIndex(0x8000101a)
12-25 21:28:50.908   503  1619 I OMXMaster: makeComponentInstance(OMX.qcom.video.decoder.h263) in android.hardwar process
12-25 21:28:50.910   503  1619 I OMX-VDEC-1080P: Video slvp perflock acquired
12-25 21:28:50.910   503  1619 I OMX-VDEC-1080P: component_init: OMX.qcom.video.decoder.h263 : fd=6
12-25 21:28:50.911   503  1619 I OMX-VDEC-1080P: Capabilities: driver_name = msm_vidc_driver, card = msm_vdec_8974, bus_info = , version = 1, capabilities = 4003000
12-25 21:28:50.913   871   871 E LocSvc_flp: I/===> const FlpLocationInterface *get_flp_interface() line 54 
12-25 21:28:50.915   503  1619 I OMX-VDEC-1080P: omx_vdec::component_init() success : fd=6
12-25 21:28:50.917   871   871 I GnssLocationProvider: WakeLock acquired by sendMessage(INITIALIZE_HANDLER, 0, null)
12-25 21:28:50.918   503  1619 E OMX-VDEC-1080P: Extension: OMX.google.android.index.storeANWBufferInMetadata not implemented
12-25 21:28:50.918   503  1619 E OMX-VDEC-1080P: Extension: OMX.google.android.index.configureVideoTunnelMode not implemented
12-25 21:28:50.918   503  1619 E OMX-VDEC-1080P: Extension: OMX.google.android.index.useAndroidNativeBuffer is supported
12-25 21:28:50.919   503   526 E OMXNodeInstance: getParameter(0xed7c9f84:qcom.decoder.h263, ??(0x7f000044)) ERROR: UnsupportedSetting(0x80001019)
12-25 21:28:50.919  1572  1572 D SystemUIBootTiming: StartServicesCommandQueueStart took to complete: 72ms
12-25 21:28:50.920   503   503 E OMXNodeInstance: getParameter(0xed7c9f84:qcom.decoder.h263, ??(0x7f000044)) ERROR: UnsupportedSetting(0x80001019)
12-25 21:28:50.921   503   526 E OMX-VDEC-1080P: Extension: OMX.google.android.index.configureVideoTunnelMode not implemented
12-25 21:28:50.921   503   526 E OMXNodeInstance: getExtensionIndex(0xed7c9f84:qcom.decoder.h263, OMX.google.android.index.configureVideoTunnelMode) ERROR: NotImplemented(0x80001006)
12-25 21:28:50.922   503   503 E OMX-VDEC-1080P: Extension: OMX.google.android.index.storeANWBufferInMetadata not implemented
12-25 21:28:50.922   503   526 I OMX-VDEC-1080P: omx_vdec::component_deinit() complete
12-25 21:28:50.923   503   526 I OMX-VDEC-1080P: Exit OMX vdec Destructor: fd=6
12-25 21:28:50.923   503   526 I OMX-VDEC-1080P: Video slvp perflock released
12-25 21:28:50.923   871   871 I libmdmdetect: ESOC framework not supported
12-25 21:28:50.924   871   871 I libmdmdetect: Found internal modem: modem
12-25 21:28:50.924   396   396 E SELinux : avc:  denied  { find } for service=vendor.qcom.PeripheralManager pid=871 uid=1000 scontext=u:r:system_server:s0 tcontext=u:object_r:default_android_service:s0 tclass=service_manager permissive=1
12-25 21:28:50.925   871  1687 E LocSvc_api_v02: I/locClientOpen:1902]: Service instance id is -1
12-25 21:28:50.925   871  1687 E LocSvc_api_v02: I/---> locClientOpenInstance line 1782 loc client open
12-25 21:28:50.923   871   871 I system_server: type=1400 audit(0.0:173): avc: denied { call } for scontext=u:r:system_server:s0 tcontext=u:r:init:s0 tclass=binder permissive=1
12-25 21:28:50.923   871   871 I system_server: type=1400 audit(0.0:174): avc: denied { transfer } for scontext=u:r:system_server:s0 tcontext=u:r:init:s0 tclass=binder permissive=1
12-25 21:28:50.923  1687  1687 I Loc_hal_worker: type=1400 audit(0.0:175): avc: denied { ioctl } for path="socket:[18305]" dev="sockfs" ino=18305 ioctlcmd=c304 scontext=u:r:system_server:s0 tcontext=u:r:system_server:s0 tclass=socket permissive=1
12-25 21:28:50.927   465   514 D PerMgrSrv: GPS removing vote for modem
12-25 21:28:50.927   465   514 D PerMgrSrv: modem num voters is 2
12-25 21:28:50.931   871   871 W LocationProviderProxy-network: Odd, no component found for service com.android.location.service.v3.NetworkLocationProvider
12-25 21:28:50.936   503   526 I OMXMaster: makeComponentInstance(OMX.google.h263.decoder) in android.hardwar process
12-25 21:28:50.938  1572  1572 V MediaRouter: Adding route: RouteInfo{ name=Phone, description=null, status=null, category=RouteCategory{ name=System types=ROUTE_TYPE_LIVE_AUDIO ROUTE_TYPE_LIVE_VIDEO  groupable=false }, supportedTypes=ROUTE_TYPE_LIVE_AUDIO ROUTE_TYPE_LIVE_VIDEO , presentationDisplay=null }
12-25 21:28:50.940   871   871 E LocationManagerService: no geocoder provider found
12-25 21:28:50.941   871   871 D LocationManagerService: FLP HAL not supported
12-25 21:28:50.944   871   871 D LocationManagerService: Unable to bind FLP Geofence proxy.
12-25 21:28:50.944   871   871 E ActivityRecognitionHardware: activity_recognition HAL is deprecated. is_supported is effectively a no-op
12-25 21:28:50.944   871   871 D LocationManagerService: Hardware Activity-Recognition not supported.
12-25 21:28:50.945   871   871 E ActivityRecognitionProxy: ServiceWatcher could not start.
12-25 21:28:50.945   871   871 D LocationManagerService: Unable to bind ActivityRecognitionProxy.
12-25 21:28:50.946   871   871 I GnssLocationProvider: WakeLock acquired by sendMessage(ENABLE, 1, null)
12-25 21:28:50.947   503   526 E OMXNodeInstance: getExtensionIndex(0xed7a0120:google.h263.decoder, OMX.google.android.index.configureVideoTunnelMode) ERROR: UnsupportedIndex(0x8000101a)
12-25 21:28:50.947   503  1619 E OMXNodeInstance: getExtensionIndex(0xed7a0120:google.h263.decoder, OMX.google.android.index.enableAndroidNativeBuffers) ERROR: UnsupportedIndex(0x8000101a)
12-25 21:28:50.948   871   885 I GnssLocationProvider: WakeLock released by handleMessage(INITIALIZE_HANDLER, 0, null)
12-25 21:28:50.948   871   885 W GnssHAL_GnssInterface: setCallback called more than once. Unexpected unless test.
12-25 21:28:50.948   871   871 D SystemServerTiming: MakeLocationServiceReady took to complete: 142ms
12-25 21:28:50.949   871   885 D PerMgrLib: GPS voting for modem
12-25 21:28:50.949   465   515 D PerMgrSrv: GPS voting for modem
12-25 21:28:50.949   465   515 D PerMgrSrv: modem num voters is 2
12-25 21:28:50.949   871   885 E GnssLocationProvider: Unable to initialize GNSS Xtra interface
12-25 21:28:50.950   871   885 E GnssLocationProvider: Unable to initialize GNSS Geofencing interface
12-25 21:28:50.950   871   871 I SystemServer: MakeCountryDetectionServiceReady
12-25 21:28:50.950   871   871 D SystemServerTiming: MakeCountryDetectionServiceReady took to complete: 0ms
12-25 21:28:50.950   871   871 I SystemServer: MakeNetworkTimeUpdateReady
12-25 21:28:50.950   871   885 E LocSvc_flp: I/===> int flp_init(FlpCallbacks *) line 147 
12-25 21:28:50.950   871   885 I         : ===> flp_init line 57 
12-25 21:28:50.951  1572  1572 V MediaRouter: Selecting route: RouteInfo{ name=Phone, description=null, status=null, category=RouteCategory{ name=System types=ROUTE_TYPE_LIVE_AUDIO ROUTE_TYPE_LIVE_VIDEO  groupable=false }, supportedTypes=ROUTE_TYPE_LIVE_AUDIO ROUTE_TYPE_LIVE_VIDEO , presentationDisplay=null }
12-25 21:28:50.954   503   526 I OMXMaster: makeComponentInstance(OMX.qcom.video.decoder.hevc) in android.hardwar process
12-25 21:28:50.955   503   526 I OMX-VDEC-1080P: Video slvp perflock acquired
12-25 21:28:50.956   503   526 I OMX-VDEC-1080P: component_init: OMX.qcom.video.decoder.hevc : fd=6
12-25 21:28:50.956   503   526 I OMX-VDEC-1080P: Capabilities: driver_name = msm_vidc_driver, card = msm_vdec_8974, bus_info = , version = 1, capabilities = 4003000
12-25 21:28:50.960   871  1687 E LocSvc_api_v02: I/---> locClientSendReq line 2059 QMI_LOC_REG_EVENTS_REQ_V02
12-25 21:28:50.962   871   885 I GnssLocationProvider: WakeLock released by handleMessage(ENABLE, 1, null)
12-25 21:28:50.962   871   871 D ConnectivityService: requestNetwork for uid/pid:1000/871 NetworkRequest [ TRACK_DEFAULT id=6, [ Capabilities: INTERNET&NOT_RESTRICTED&TRUSTED&NOT_VPN] ]
12-25 21:28:50.963   871   871 D SystemServerTiming: MakeNetworkTimeUpdateReady took to complete: 13ms
12-25 21:28:50.963   871   871 I SystemServer: MakeCommonTimeManagementServiceReady
12-25 21:28:50.963   871  1555 D Ethernet: got request NetworkRequest [ TRACK_DEFAULT id=6, [ Capabilities: INTERNET&NOT_RESTRICTED&TRUSTED&NOT_VPN] ] with score 0
12-25 21:28:50.964   871   871 I CommonTimeManagementService: No common time service detected on this platform.  Common time services will be unavailable.
12-25 21:28:50.964   871   871 D SystemServerTiming: MakeCommonTimeManagementServiceReady took to complete: 1ms
12-25 21:28:50.964   871   871 I SystemServer: MakeInputManagerServiceReady
12-25 21:28:50.964   871  1687 E LocSvc_api_v02: I/---> locClientSupportMsgCheck line 2177 QMI_LOC_GET_SUPPORTED_MSGS_REQ_V02
12-25 21:28:50.965   503   526 I OMX-VDEC-1080P: omx_vdec::component_init() success : fd=6
12-25 21:28:50.966   871  1525 I InputReader: Reconfiguring input devices.  changes=0x00000020
12-25 21:28:50.966   871   871 D SystemServerTiming: MakeInputManagerServiceReady took to complete: 2ms
12-25 21:28:50.966   871   871 I SystemServer: MakeTelephonyRegistryReady
12-25 21:28:50.966   871  1687 E LocSvc_api_v02: I/---> locClientSendReq line 2059 QMI_LOC_QUERY_AON_CONFIG_REQ_V02
12-25 21:28:50.967   871   871 D SystemServerTiming: MakeTelephonyRegistryReady took to complete: 1ms
12-25 21:28:50.967   871   871 I SystemServer: MakeMediaRouterServiceReady
12-25 21:28:50.968   871   871 D SystemServerTiming: MakeMediaRouterServiceReady took to complete: 1ms
12-25 21:28:50.968   871   871 I SystemServer: MakeMmsServiceReady
12-25 21:28:50.968   871  1687 E LocSvc_api_v02: I/---> locClientSendReq line 2059 QMI_LOC_QUERY_AON_CONFIG_REQ_V02
12-25 21:28:50.968   503  1619 E OMX-VDEC-1080P: Extension: OMX.google.android.index.storeANWBufferInMetadata not implemented
12-25 21:28:50.969   503  1619 E OMX-VDEC-1080P: Extension: OMX.google.android.index.configureVideoTunnelMode not implemented
12-25 21:28:50.969   503  1619 E OMX-VDEC-1080P: Extension: OMX.google.android.index.useAndroidNativeBuffer is supported
12-25 21:28:50.969   871   871 I MmsServiceBroker: Delay connecting to MmsService until an API is called
12-25 21:28:50.969   871   871 D SystemServerTiming: MakeMmsServiceReady took to complete: 1ms
12-25 21:28:50.969   871   871 I SystemServer: MakeNetworkScoreServiceReady
12-25 21:28:50.969   871   871 D SystemServerTiming: MakeNetworkScoreServiceReady took to complete: 0ms
12-25 21:28:50.969   871   871 I SystemServer: IncidentDaemonReady
12-25 21:28:50.970   871  1687 E LocSvc_api_v02: I/---> locClientSendReq line 2059 QMI_LOC_QUERY_AON_CONFIG_REQ_V02
12-25 21:28:50.970   871   871 D SystemServerTiming: IncidentDaemonReady took to complete: 1ms
12-25 21:28:50.970   871   871 I SystemServiceManager: Calling onStartUser u0
12-25 21:28:50.970   503  1619 E OMXNodeInstance: getParameter(0xed7c9f84:qcom.decoder.hevc, ??(0x7f000044)) ERROR: UnsupportedSetting(0x80001019)
12-25 21:28:50.971   871  1687 E LocSvc_api_v02: I/---> locClientSendReq line 2059 QMI_LOC_QUERY_AON_CONFIG_REQ_V02
12-25 21:28:50.971   503  1619 E OMXNodeInstance: getParameter(0xed7c9f84:qcom.decoder.hevc, ??(0x7f000044)) ERROR: UnsupportedSetting(0x80001019)
12-25 21:28:50.972   871  1687 E LocSvc_api_v02: I/---> locClientSendReq line 2059 QMI_LOC_QUERY_AON_CONFIG_REQ_V02
12-25 21:28:50.974   871   871 W VoiceInteractionManagerService: no available voice interaction services found for user 0
12-25 21:28:50.974   871   871 W VoiceInteractionManagerService: no available voice recognition services found for user 0
12-25 21:28:50.974   871  1687 E LocSvc_api_v02: I/---> locClientSendReq line 2059 QMI_LOC_QUERY_AON_CONFIG_REQ_V02
12-25 21:28:50.974   503   526 E OMX-VDEC-1080P: Extension: OMX.google.android.index.configureVideoTunnelMode not implemented
12-25 21:28:50.974   503   526 E OMXNodeInstance: getExtensionIndex(0xed7c9f84:qcom.decoder.hevc, OMX.google.android.index.configureVideoTunnelMode) ERROR: NotImplemented(0x80001006)
12-25 21:28:50.974   503  1619 E OMX-VDEC-1080P: Extension: OMX.google.android.index.storeANWBufferInMetadata not implemented
12-25 21:28:50.975   503   503 I OMX-VDEC-1080P: omx_vdec::component_deinit() complete
12-25 21:28:50.975   871   871 W CameraService_proxy: Could not notify mediaserver, camera service not available.
12-25 21:28:50.975   871  1687 E LocSvc_ApiV02: E/virtual enum loc_api_adapter_err LocApiV02::open(LOC_API_ADAPTER_EVENT_MASK_T):311]: Query AON config failed. status: eLOC_CLIENT_FAILURE_INTERNAL, ind status:eQMI_LOC_SUCCESS_V02
12-25 21:28:50.975   871  1687 E LocSvc_api_v02: I/---> locClientSendReq line 2059 QMI_LOC_GET_SUPPORTED_FEATURE_REQ_V02
12-25 21:28:50.976   503   503 I OMX-VDEC-1080P: Exit OMX vdec Destructor: fd=6
12-25 21:28:50.976   503   503 I OMX-VDEC-1080P: Video slvp perflock released
12-25 21:28:50.977   871  1687 E LocSvc_api_v02: I/---> locClientSendReq line 2059 QMI_LOC_GET_SUPPORTED_FEATURE_REQ_V02
12-25 21:28:50.979   871  1687 E LocSvc_api_v02: I/---> locClientSendReq line 2059 QMI_LOC_GET_SUPPORTED_FEATURE_REQ_V02
12-25 21:28:50.984  1600  1600 I WebViewLoader-armeabi-v7a: System.exit called, status: 0
12-25 21:28:50.984  1600  1600 I AndroidRuntime: VM exiting with result code 0, cleanup skipped.
12-25 21:28:50.985   871  1687 E LocSvc_api_v02: I/---> locClientSendReq line 2059 QMI_LOC_GET_SUPPORTED_FEATURE_REQ_V02
12-25 21:28:50.988   871   871 I ActivityManager: Start proc 1731:com.android.phone/1001 for added application com.android.phone
12-25 21:28:50.989   871   871 I ActivityManager: START u0 {act=android.intent.action.MAIN cat=[android.intent.category.HOME] flg=0x10000100 cmp=com.android.settings/.FallbackHome} from uid 0
12-25 21:28:50.987   871  1687 I chatty  : uid=1000(system) Loc_hal_worker identical 1 line
12-25 21:28:50.988   871  1687 E LocSvc_api_v02: I/---> locClientSendReq line 2059 QMI_LOC_GET_SUPPORTED_FEATURE_REQ_V02
12-25 21:28:50.989   503   503 I OMXMaster: makeComponentInstance(OMX.qcom.video.decoder.hevc.secure) in android.hardwar process
12-25 21:28:50.991   871  1525 I InputReader: Reconfiguring input devices.  changes=0x00000010
12-25 21:28:50.991   503   503 I OMX-VDEC-1080P: Video slvp perflock acquired
12-25 21:28:50.991   503   503 I OMX-VDEC-1080P: component_init: OMX.qcom.video.decoder.hevc : fd=6
12-25 21:28:50.991   503   503 I OMX-VDEC-1080P: Capabilities: driver_name = msm_vidc_driver, card = msm_vdec_8974, bus_info = , version = 1, capabilities = 4003000
12-25 21:28:50.992   871  1687 E LocSvc_ApiV02: E/virtual enum loc_api_adapter_err LocApiV02::open(LOC_API_ADAPTER_EVENT_MASK_T):374:11]: Failed to get features supported from QMI_LOC_GET_SUPPORTED_FEATURE_REQ_V02. 
12-25 21:28:50.995   503   503 I OMX-VDEC-1080P: omx_vdec::component_init() success : fd=6
12-25 21:28:50.997   503   526 E OMX-VDEC-1080P: Extension: OMX.google.android.index.storeANWBufferInMetadata not implemented
12-25 21:28:50.997   503   526 E OMX-VDEC-1080P: Extension: OMX.google.android.index.configureVideoTunnelMode not implemented
12-25 21:28:50.997   503   526 E OMX-VDEC-1080P: Extension: OMX.google.android.index.useAndroidNativeBuffer is supported
12-25 21:28:50.998   503   526 E OMXNodeInstance: getParameter(0xed7c9f84:qcom.decoder.hevc.secure, ??(0x7f000044)) ERROR: UnsupportedSetting(0x80001019)
12-25 21:28:50.999   503   526 E OMXNodeInstance: getParameter(0xed7c9f84:qcom.decoder.hevc.secure, ??(0x7f000044)) ERROR: UnsupportedSetting(0x80001019)
12-25 21:28:51.000   503   503 E OMX-VDEC-1080P: Extension: OMX.google.android.index.configureVideoTunnelMode not implemented
12-25 21:28:51.000   503   503 E OMXNodeInstance: getExtensionIndex(0xed7c9f84:qcom.decoder.hevc.secure, OMX.google.android.index.configureVideoTunnelMode) ERROR: NotImplemented(0x80001006)
12-25 21:28:51.000   503   526 E OMX-VDEC-1080P: Extension: OMX.google.android.index.storeANWBufferInMetadata not implemented
12-25 21:28:51.001   503  1619 I OMX-VDEC-1080P: omx_vdec::component_deinit() complete
12-25 21:28:51.002   503  1619 I OMX-VDEC-1080P: Exit OMX vdec Destructor: fd=6
12-25 21:28:51.002   503  1619 I OMX-VDEC-1080P: Video slvp perflock released
12-25 21:28:51.004   503  1619 I OMXMaster: makeComponentInstance(OMX.google.hevc.decoder) in android.hardwar process
12-25 21:28:51.004   871  1687 E LocSvc_api_v02: I/---> locClientSendReq line 2059 QMI_LOC_SET_PREMIUM_SERVICES_CONFIG_REQ_V02
12-25 21:28:51.006   871  1709 E LocSvc_ApiV02: I/<--- void globalRespCb(locClientHandleType, uint32_t, const locClientRespIndUnionType, uint32_t, void *) line 133 QMI_LOC_SET_PREMIUM_SERVICES_CONFIG_REQ_V02
12-25 21:28:51.006   871  1687 E LocSvc_api_v02: I/---> locClientSendReq line 2059 QMI_LOC_SET_PREMIUM_SERVICES_CONFIG_REQ_V02
12-25 21:28:51.007   871  1709 E QMI_FW  : QCCI qmi_cci_xport_recv: txn not found. svc_id: 16
12-25 21:28:51.007   871  1687 E LocSvc_LBSApiV02: E/virtual void lbs_core::LBSApiV02::injectFeatureConfig(e_premium_mode, e_premium_mode, e_premium_mode):706]: Error : st = 3, ind.status = 0
12-25 21:28:51.007   871  1687 E LocSvc_api_v02: I/---> locClientSendReq line 2059 QMI_LOC_SET_PREMIUM_SERVICES_CONFIG_REQ_V02
12-25 21:28:51.010   871  1709 E LocSvc_ApiV02: I/<--- void globalRespCb(locClientHandleType, uint32_t, const locClientRespIndUnionType, uint32_t, void *) line 133 QMI_LOC_SET_PREMIUM_SERVICES_CONFIG_REQ_V02
12-25 21:28:51.010   871  1687 E LocSvc_api_v02: I/---> locClientSendReq line 2059 QMI_LOC_REG_EVENTS_REQ_V02
12-25 21:28:51.012   871  1687 E LocSvc_api_v02: I/---> locClientSendReq line 2059 QMI_LOC_SET_GNSS_CONSTELL_REPORT_CONFIG_V02
12-25 21:28:51.014   871  1709 E LocSvc_ApiV02: I/<--- void globalRespCb(locClientHandleType, uint32_t, const locClientRespIndUnionType, uint32_t, void *) line 133 QMI_LOC_SET_GNSS_CONSTELL_REPORT_CONFIG_V02
12-25 21:28:51.014   871  1687 E LocSvc_api_v02: I/---> locClientSendReq line 2059 QMI_LOC_SET_ENGINE_LOCK_REQ_V02
