01-07 03:59:29.694  2247  2247 E RILJ    : OemHookProxy getService/setResponseFunctions: java.util.NoSuchElementException [SUB0]
01-07 03:59:29.694  2247  2247 I PhoneFactory: Creating SubscriptionController
01-07 03:59:29.697  1008  1231 E OMXNodeInstance: getExtensionIndex(0xe8123020:google.mpeg4.decoder, OMX.google.android.index.configureVideoTunnelMode) ERROR: UnsupportedIndex(0x8000101a)
01-07 03:59:29.697  1008  1008 E OMXNodeInstance: getExtensionIndex(0xe8123020:google.mpeg4.decoder, OMX.google.android.index.enableAndroidNativeBuffers) ERROR: UnsupportedIndex(0x8000101a)
01-07 03:59:29.698  2247  2247 D SubscriptionController: [SubscriptionController] init by Context
01-07 03:59:29.701  1008  1231 I OMXMaster: makeComponentInstance(OMX.google.h263.decoder) in android.hardwar process
01-07 03:59:29.702  2247  2247 D UiccController: Creating UiccController
01-07 03:59:29.709  2247  2247 D TelephonyTester: register for intent action=com.android.internal.telephony.action_detached
01-07 03:59:29.709  2247  2247 D TelephonyTester: register for intent action=com.android.internal.telephony.action_attached
01-07 03:59:29.709  1008  1231 E OMXNodeInstance: getExtensionIndex(0xe8123020:google.h263.decoder, OMX.google.android.index.configureVideoTunnelMode) ERROR: UnsupportedIndex(0x8000101a)
01-07 03:59:29.710  1008  2133 E OMXNodeInstance: getExtensionIndex(0xe8123020:google.h263.decoder, OMX.google.android.index.enableAndroidNativeBuffers) ERROR: UnsupportedIndex(0x8000101a)
01-07 03:59:29.713  1008  2133 I OMXMaster: makeComponentInstance(OMX.google.h264.decoder) in android.hardwar process
01-07 03:59:29.715  2247  2247 D Phone   : mDoesRilSendMultipleCallRing=false
01-07 03:59:29.715  2247  2247 D Phone   : mCallRingDelay=3000
01-07 03:59:29.721  1275  1275 W DeviceHAL: Device 0xe7773000 set_mic_mute: Function not implemented
01-07 03:59:29.721  1275  1275 W DeviceHAL: Device 0xe7764c80 set_mic_mute: Function not implemented
01-07 03:59:29.721  1275  1275 W DeviceHAL: Device 0xe5f54140 set_mic_mute: Function not implemented
01-07 03:59:29.722  1008  1231 E OMXNodeInstance: getExtensionIndex(0xe8123020:google.h264.decoder, OMX.google.android.index.configureVideoTunnelMode) ERROR: UnsupportedIndex(0x8000101a)
01-07 03:59:29.723  1008  2133 E OMXNodeInstance: getExtensionIndex(0xe8123020:google.h264.decoder, OMX.google.android.index.enableAndroidNativeBuffers) ERROR: UnsupportedIndex(0x8000101a)
01-07 03:59:29.726  1008  1231 I OMXMaster: makeComponentInstance(OMX.google.hevc.decoder) in android.hardwar process
01-07 03:59:29.726  2247  2247 W CarrierConfigManager: Error getting config for subId -1 ICarrierConfigLoader is null
01-07 03:59:29.730  2247  2247 D CarrierActionAgent: [0]Creating CarrierActionAgent
01-07 03:59:29.732  2247  2247 I com.android.phone: Looking for service android.hardware.radio@1.0::IRadio/slot1
01-07 03:59:29.734  2247  2247 E RILJ    : RadioProxy getService/setResponseFunctions: java.util.NoSuchElementException [SUB0]
01-07 03:59:29.735  1008  1231 E OMXNodeInstance: getExtensionIndex(0xe8123020:google.hevc.decoder, OMX.google.android.index.configureVideoTunnelMode) ERROR: UnsupportedIndex(0x8000101a)
01-07 03:59:29.735  1008  2133 E OMXNodeInstance: getExtensionIndex(0xe8123020:google.hevc.decoder, OMX.google.android.index.enableAndroidNativeBuffers) ERROR: UnsupportedIndex(0x8000101a)
01-07 03:59:29.743  1008  1231 I OMXMaster: makeComponentInstance(OMX.google.vp8.decoder) in android.hardwar process
01-07 03:59:29.745  2247  2247 E RIL_ImsSms: getFormat should never be called from here!
01-07 03:59:29.745  2247  2247 D SMSDispatcher: SMSDispatcher: ctor mSmsCapable=true format=unknown mSmsSendDisabled=false
01-07 03:59:29.745  2247  2247 D RIL_ImsSms: ImsSMSDispatcher created
01-07 03:59:29.746  2247  2247 D SMSDispatcher: SMSDispatcher: ctor mSmsCapable=true format=3gpp2 mSmsSendDisabled=false
01-07 03:59:29.746  2247  2247 D CdmaSMSDispatcher: CdmaSMSDispatcher created
01-07 03:59:29.751  1384  1384 D ConditionProviders.SCP: onSubscribe condition://android/schedule?days=1.2.3.4.5&start=22.0&end=7.0&exitAtAlarm=false
01-07 03:59:29.752  1384  1384 D ConditionProviders.SCP: setRegistered true
01-07 03:59:29.754  1384  1384 D ConditionProviders.SCP: notifyCondition condition://android/schedule?days=1.2.3.4.5&start=22.0&end=7.0&exitAtAlarm=false STATE_TRUE reason=meetsSchedule
01-07 03:59:29.756  1384  1384 D ConditionProviders.SCP: Scheduling evaluate for Wed Jan 07 07:00:00 GMT+00:00 2015 (1420614000000), in +3h0m30s248ms, now=Wed Jan 07 03:59:29 GMT+00:00 2015 (1420603169752)
01-07 03:59:29.756  1384  1384 D ConditionProviders.SCP: onSubscribe condition://android/schedule?days=6.7&start=23.30&end=10.0&exitAtAlarm=false
01-07 03:59:29.757  1384  1384 D ConditionProviders.SCP: notifyCondition condition://android/schedule?days=6.7&start=23.30&end=10.0&exitAtAlarm=false STATE_FALSE reason=!meetsSchedule
01-07 03:59:29.757  1384  1384 D ConditionProviders.SCP: notifyCondition condition://android/schedule?days=1.2.3.4.5&start=22.0&end=7.0&exitAtAlarm=false STATE_TRUE reason=meetsSchedule
01-07 03:59:29.758  1384  1384 D ConditionProviders.SCP: Scheduling evaluate for Wed Jan 07 07:00:00 GMT+00:00 2015 (1420614000000), in +3h0m30s244ms, now=Wed Jan 07 03:59:29 GMT+00:00 2015 (1420603169756)
01-07 03:59:29.759  1008  1008 E OMXNodeInstance: getExtensionIndex(0xe8123020:google.vp8.decoder, OMX.google.android.index.configureVideoTunnelMode) ERROR: UnsupportedIndex(0x8000101a)
01-07 03:59:29.759  1008  1231 E OMXNodeInstance: getExtensionIndex(0xe8123020:google.vp8.decoder, OMX.google.android.index.enableAndroidNativeBuffers) ERROR: UnsupportedIndex(0x8000101a)
--
01-07 03:59:29.842  2166  2166 I /system/bin/webview_zygote32: option[38]=-Ximage-compiler-option
01-07 03:59:29.842  2166  2166 I /system/bin/webview_zygote32: option[39]=-j4
01-07 03:59:29.842  2166  2166 I /system/bin/webview_zygote32: option[40]=-Ximage-compiler-option
01-07 03:59:29.842  2166  2166 I /system/bin/webview_zygote32: option[41]=--instruction-set-variant=cortex-a53.a57
01-07 03:59:29.842  2166  2166 I /system/bin/webview_zygote32: option[42]=-Xcompiler-option
01-07 03:59:29.842  2166  2166 I /system/bin/webview_zygote32: option[43]=--instruction-set-variant=cortex-a53.a57
01-07 03:59:29.842  2166  2166 I /system/bin/webview_zygote32: option[44]=-Ximage-compiler-option
01-07 03:59:29.842  2166  2166 I /system/bin/webview_zygote32: option[45]=--instruction-set-features=default
01-07 03:59:29.842  2166  2166 I /system/bin/webview_zygote32: option[46]=-Xcompiler-option
01-07 03:59:29.842  2166  2166 I /system/bin/webview_zygote32: option[47]=--instruction-set-features=default
01-07 03:59:29.842  2166  2166 I /system/bin/webview_zygote32: option[48]=-Duser.locale=en-US
01-07 03:59:29.842  2166  2166 I /system/bin/webview_zygote32: option[49]=--cpu-abilist=armeabi-v7a,armeabi
01-07 03:59:29.842  2166  2166 I /system/bin/webview_zygote32: option[50]=-Xfingerprint:lge/p1_global_com/p1:8.0/NRD90U/171931902b165:user/release-keys
01-07 03:59:29.843  2247  2247 D IccCardProxy: Setting radio tech UMTS
01-07 03:59:29.843  2247  2247 D IccCardProxy: updateQuietMode: 3GPP subscription -> newQuietMode=false
01-07 03:59:29.843  2247  2247 D IccCardProxy: updateQuietMode: no changes don't setExternalState
01-07 03:59:29.843  2247  2247 D IccCardProxy: updateQuietMode: QuietMode is false (app_type=1 cdmaSource=-1)
01-07 03:59:29.845  1008  2133 I OMXMaster: makeComponentInstance(OMX.google.vp9.encoder) in android.hardwar process
01-07 03:59:29.852  1279  1279 W OMXUtils: do not know color format 0x7f000789 = 2130708361
01-07 03:59:29.852  1008  2133 E OMXNodeInstance: getConfig(0xe8123020:google.vp9.encoder, ConfigAndroidIntraRefresh(0x6f60000a)) ERROR: Undefined(0x80001001)
01-07 03:59:29.857  2247  2247 W CarrierConfigManager: Error getting config for subId -1 ICarrierConfigLoader is null
01-07 03:59:29.860  1384  2183 D TelephonyRegistry: listen oscl: hasNotifySubscriptionInfoChangedOccurred==false no callback
01-07 03:59:29.868  2247  2247 D TelephonyManager: setTelephonyProperty: success phoneId=0 property=gsm.network.type value: Unknown propVal=Unknown
01-07 03:59:29.870  2247  2247 I com.android.phone: Looking for service android.hardware.radio@1.0::IRadio/slot1
01-07 03:59:29.874  2247  2247 E RILJ    : RadioProxy getService/setResponseFunctions: java.util.NoSuchElementException [SUB0]
01-07 03:59:29.875  2247  2247 D SST     : notifyDataRegStateRilRadioTechnologyChanged: drs=1 rat=0
01-07 03:59:29.875  2247  2247 D TelephonyManager: setTelephonyProperty: success phoneId=0 property=gsm.network.type value: Unknown propVal=Unknown
01-07 03:59:29.880  2247  2247 D DCT     : [0]DCT.constructor
01-07 03:59:29.881  1279  1279 W MediaCodecList: unable to open media codecs configuration xml file: /data/misc/media/media_codecs_profiling_results.xml
01-07 03:59:29.885  1008  1231 I OMXMaster: makeComponentInstance(OMX.google.vorbis.decoder) in android.hardwar process
01-07 03:59:29.885  1384  2072 D NotificationSQLiteLog: Pruned event entries: 0
01-07 03:59:29.889  1008  1008 I OMXMaster: makeComponentInstance(OMX.google.vorbis.decoder) in android.hardwar process
01-07 03:59:29.892  1384  2120 D TelephonyRegistry: listen oscl: hasNotifySubscriptionInfoChangedOccurred==false no callback
01-07 03:59:29.893  1008  1231 E OMXNodeInstance: getConfig(0xe7d872a0:google.vorbis.decoder, ConfigAndroidVendorExtension(0x6f100004)) ERROR: Undefined(0x80001001)
01-07 03:59:29.894  1008  1231 E OMXNodeInstance: getConfig(0xe8123020:google.vorbis.decoder, ConfigAndroidVendorExtension(0x6f100004)) ERROR: Undefined(0x80001001)
01-07 03:59:29.894  2247  2247 D Dcc     : E ctor
01-07 03:59:29.894  2247  2247 D Dcc     : X ctor
01-07 03:59:29.897  2247  2247 D SubscriptionController: [getPhoneId] asked for default subId=-1
01-07 03:59:29.899  1384  1394 I zygote64: Background concurrent copying GC freed 33218(3MB) AllocSpace objects, 16(328KB) LOS objects, 42% free, 4MB/8MB, paused 236us total 132.802ms
01-07 03:59:29.900  2247  2247 D DcTesterFailBrinupAll: register for intent action=com.android.internal.telephony.dataconnection.action_fail_bringup
01-07 03:59:29.900  2247  2247 D DcTesterFailBrinupAll: register for intent action=com.android.internal.telephony.action_detached
01-07 03:59:29.900  2247  2247 D DcTesterFailBrinupAll: register for intent action=com.android.internal.telephony.action_attached
01-07 03:59:29.901  2247  2436 D DcTesterDeacativateAll: register for intent action=com.android.internal.telephony.dataconnection.action_deactivate_all
01-07 03:59:29.901  2247  2436 D DcTesterDeacativateAll: register for intent action=com.android.internal.telephony.action_detached
01-07 03:59:29.903  2247  2247 D SST     : notifyDataRegStateRilRadioTechnologyChanged: drs=1 rat=0
01-07 03:59:29.903  2247  2247 D TelephonyManager: setTelephonyProperty: success phoneId=0 property=gsm.network.type value: Unknown propVal=Unknown
01-07 03:59:29.904  2247  2247 D DCT     : [0]update sub = -2
01-07 03:59:29.904  2247  2247 D DCT     : [0]update(): Active DDS, register for all events now!
01-07 03:59:29.904  2247  2247 D GsmCdmaPhone: [GsmCdmaPhone] updateCurrentCarrierInProvider: mSubId = -2 currentDds = -1 operatorNumeric = null
01-07 03:59:29.906  2247  2247 D DCT     : [0]initApnContexts: E
01-07 03:59:29.907  2247  2247 D DCT     : [0]initApnContexts: skipping unknown type=1
01-07 03:59:29.907  2247  2247 D DCT     : [0]initApnContexts: apnContext={mApnType=default mState=IDLE mWaitingApns={null} mApnSetting={null} mReason=dataEnabled mDataEnabled=false mDependencyMet=true}
01-07 03:59:29.908  2247  2247 D DCT     : [0]initApnContexts: apnContext={mApnType=mms mState=IDLE mWaitingApns={null} mApnSetting={null} mReason=dataEnabled mDataEnabled=false mDependencyMet=true}
01-07 03:59:29.908  2247  2247 D DCT     : [0]initApnContexts: apnContext={mApnType=supl mState=IDLE mWaitingApns={null} mApnSetting={null} mReason=dataEnabled mDataEnabled=false mDependencyMet=true}
01-07 03:59:29.908  2247  2247 D DCT     : [0]initApnContexts: apnContext={mApnType=dun mState=IDLE mWaitingApns={null} mApnSetting={null} mReason=dataEnabled mDataEnabled=false mDependencyMet=true}
01-07 03:59:29.908  2247  2247 D DCT     : [0]initApnContexts: apnContext={mApnType=hipri mState=IDLE mWaitingApns={null} mApnSetting={null} mReason=dataEnabled mDataEnabled=false mDependencyMet=true}
01-07 03:59:29.908  2247  2247 D DCT     : [0]initApnContexts: apnContext={mApnType=fota mState=IDLE mWaitingApns={null} mApnSetting={null} mReason=dataEnabled mDataEnabled=false mDependencyMet=true}
01-07 03:59:29.908  2247  2247 D DCT     : [0]initApnContexts: apnContext={mApnType=ims mState=IDLE mWaitingApns={null} mApnSetting={null} mReason=dataEnabled mDataEnabled=false mDependencyMet=true}
01-07 03:59:29.908  2247  2247 D DCT     : [0]initApnContexts: apnContext={mApnType=cbs mState=IDLE mWaitingApns={null} mApnSetting={null} mReason=dataEnabled mDataEnabled=false mDependencyMet=true}
01-07 03:59:29.908  2247  2247 D DCT     : [0]initApnContexts: apnContext={mApnType=ia mState=IDLE mWaitingApns={null} mApnSetting={null} mReason=dataEnabled mDataEnabled=false mDependencyMet=true}
01-07 03:59:29.908  2247  2247 D DCT     : [0]initApnContexts: skipping unknown type=7
01-07 03:59:29.968  1008  2133 I OMXMaster: makeComponentInstance(OMX.google.vorbis.decoder) in android.hardwar process
01-07 03:59:29.970  2247  2247 D GsmCdmaPhone: [GsmCdmaPhone] GsmCdmaPhone: constructor: sub = 0
01-07 03:59:29.970  2247  2247 I PhoneFactory: Creating Phone with type = 1 sub = 0
01-07 03:59:29.971  1008  1008 E OMXNodeInstance: getConfig(0xe8123020:google.vorbis.decoder, ConfigAndroidVendorExtension(0x6f100004)) ERROR: Undefined(0x80001001)
01-07 03:59:29.975  2247  2247 I PhoneFactory: defaultSmsApplication: NONE
01-07 03:59:29.977  2102  2354 I vol.Events: writeEvent level_changed STREAM_VOICE_CALL 4
01-07 03:59:29.977  2247  2247 I PhoneFactory: Creating SubInfoRecordUpdater 
01-07 03:59:29.978  2102  2354 I vol.Events: writeEvent level_changed STREAM_SYSTEM 5
--
01-07 03:59:30.024  1008  2133 E OMXNodeInstance: getConfig(0xe7d87000:google.vorbis.decoder, ConfigAndroidVendorExtension(0x6f100004)) ERROR: Undefined(0x80001001)
01-07 03:59:30.033  2102  2446 D OpenGLRenderer: HWUI GL Pipeline
01-07 03:59:30.033  2247  2247 I ImsManager: Creating ImsService using ServiceManager
01-07 03:59:30.037  1384  2314 D TelephonyRegistry: listen oscl: hasNotifySubscriptionInfoChangedOccurred==false no callback
01-07 03:59:30.039  1384  1395 D TelephonyRegistry: listen oscl: hasNotifySubscriptionInfoChangedOccurred==false no callback
01-07 03:59:30.042  2247  2247 D PhoneSwitcherNetworkRequstListener: Registering NetworkFactory
01-07 03:59:30.043  1384  2068 D ConnectivityService: Got NetworkFactory Messenger for PhoneSwitcherNetworkRequstListener
01-07 03:59:30.043  2247  2247 D PhoneSwitcher: PhoneSwitcher started
01-07 03:59:30.044  2247  2247 D ProxyController: Constructor - Enter
01-07 03:59:30.051  2247  2247 D ProxyController: clearTransaction
01-07 03:59:30.051  2247  2247 D ProxyController: clearTransaction: phoneId=0 status=IDLE
01-07 03:59:30.051  2247  2247 D ProxyController: Constructor - Exit
01-07 03:59:30.064  2247  2247 D TelephonyNetworkFactory[0]: Registering NetworkFactory
01-07 03:59:30.064  1384  2068 D ConnectivityService: Got NetworkFactory Messenger for TelephonyNetworkFactory[0]
01-07 03:59:30.067  2247  2247 D CallManager: registerPhone(GSM Handler (com.android.internal.telephony.GsmCdmaPhone) {7aaef5a})
01-07 03:59:30.071  1384  1396 D TelephonyRegistry: listen oscl: hasNotifySubscriptionInfoChangedOccurred==false no callback
01-07 03:59:30.076  1008  2437 I OMXMaster: makeComponentInstance(OMX.google.vorbis.decoder) in android.hardwar process
01-07 03:59:30.079  1008  1008 E OMXNodeInstance: getConfig(0xe7d87420:google.vorbis.decoder, ConfigAndroidVendorExtension(0x6f100004)) ERROR: Undefined(0x80001001)
01-07 03:59:30.082  2247  2450 W CallerInfoCache: cursor is null
01-07 03:59:30.087  2102  2102 D NetworkController.WifiSignalController: Registered score cache
01-07 03:59:30.089  2247  2247 D CarrierConfigLoader: CarrierConfigLoader has started
01-07 03:59:30.093  1384  1396 D BluetoothManagerService: Trying to bind to profile: 1, while Bluetooth was disabled
01-07 03:59:30.094  1384  1395 D TelephonyRegistry: listen oscl: hasNotifySubscriptionInfoChangedOccurred==false no callback
01-07 03:59:30.096  1384  1396 D TelephonyRegistry: listen oscl: hasNotifySubscriptionInfoChangedOccurred==false no callback
01-07 03:59:30.097  2247  2247 D CallManager: registerForMmiComplete
01-07 03:59:30.102  2247  2263 D SubscriptionController: [getActiveSubInfoList] Sub Controller not ready
01-07 03:59:30.106  2247  2261 D SubscriptionController: [getActiveSubInfoList] Sub Controller not ready
01-07 03:59:30.108  2247  2261 D SubscriptionController: [getPhoneId] asked for default subId=-1
01-07 03:59:30.122  2247  2247 I com.android.phone: Looking for service android.hardware.radio@1.0::IRadio/slot1
01-07 03:59:30.123  2247  2247 E RILJ    : RadioProxy getService/setResponseFunctions: java.util.NoSuchElementException [SUB0]
01-07 03:59:30.124  2247  2247 I TelecomFramework: TtyManager: updateUiTtyMode -1 -> 0
01-07 03:59:30.126  1384  2314 D TelephonyRegistry: listen oscl: hasNotifySubscriptionInfoChangedOccurred==false no callback
01-07 03:59:30.128  2247  2247 D SubscriptionController: [getPhoneId] asked for default subId=-1
01-07 03:59:30.133  2247  2247 D SubscriptionController: [getSlotIndex]- subId invalid
01-07 03:59:30.135  2247  2247 D ImsResolver: maybeAddedImsService, packageName: null
01-07 03:59:30.135  2247  2247 D UiccController: EVENT_RADIO_UNAVAILABLE, dispose card
01-07 03:59:30.136  2247  2247 D Phone   : config LCE service failed: com.android.internal.telephony.CommandException: RADIO_NOT_AVAILABLE
01-07 03:59:30.136  2247  2247 I com.android.phone: Looking for service android.hardware.radio@1.0::IRadio/slot1
01-07 03:59:30.139  2247  2247 E RILJ    : RadioProxy getService/setResponseFunctions: java.util.NoSuchElementException [SUB0]
01-07 03:59:30.139  2247  2247 D GsmSMSDispatcher: GsmSMSDispatcher: subId = -2 slotId = 0
01-07 03:59:30.140  2247  2247 E IccCardProxy: setExternalState: !override and newstate unchanged from NOT_READY
01-07 03:59:30.142  2247  2247 I VvmSimStateTracker: android.intent.action.SIM_STATE_CHANGED
01-07 03:59:30.140  2247  2247 E IccCardProxy: setExternalState: !override and newstate unchanged from NOT_READY
01-07 03:59:30.143  2247  2247 D GsmCdmaPhone: [GsmCdmaPhone] Event EVENT_RADIO_OFF_OR_NOT_AVAILABLE Received
01-07 03:59:30.143  2247  2247 E IccCardProxy: setExternalState: !override and newstate unchanged from NOT_READY
01-07 03:59:30.143  2247  2247 D SST     : mDeviceShuttingDown=false, mDesiredPowerState=true, getRadioState=RADIO_UNAVAILABLE, mPowerOffDelayNeed=true, mAlarmSwitch=false, mRadioDisabledByCarrier=false
01-07 03:59:30.143  2247  2247 D SST     : pollState: modemTriggered=true
01-07 03:59:30.143  2247  2247 D SST     : Poll ServiceState done:  oldSS=[1 1 voice home data home null null null null null null  Unknown Unknown CSS not supported 0 0 RoamInd=0 DefRoamInd=0 EmergOnly=false IsDataRoamingFromRegistration=false IsUsingCarrierAggregation=false mLteEarfcnRsrpBoost=0] newSS=[1 1 voice home data home null null null null null null  Unknown Unknown CSS not supported -1 -1 RoamInd=-1 DefRoamInd=-1 EmergOnly=false IsDataRoamingFromRegistration=false IsUsingCarrierAggregation=false mLteEarfcnRsrpBoost=0] oldMaxDataCalls=1 mNewMaxDataCalls=1 oldReasonDataDenied=-1 mNewReasonDataDenied=-1
01-07 03:59:30.143  2247  2247 D SST     : pollStateDone: hasRegistered=false hasDeregistered=false hasDataAttached=false hasDataDetached=false hasDataRegStateChanged=false hasRilVoiceRadioTechnologyChanged= false hasRilDataRadioTechnologyChanged=false hasChanged=true hasVoiceRoamingOn=false hasVoiceRoamingOff=false hasDataRoamingOn=false hasDataRoamingOff=false hasLocationChanged=false has4gHandoff = false hasMultiApnSupport=false hasLostMultiApnSupport=false
01-07 03:59:30.143  2247  2247 D SST     : updateSpnDisplay: radio is on but out of service, set plmn='No service'
01-07 03:59:30.145  2247  2247 D SST     : updateSpnDisplay: changed sending intent rule=0 showPlmn='true' plmn='No service' showSpn='false' spn='' dataSpn='' subId='-2'
01-07 03:59:30.148  2247  2247 D SubscriptionController: [setPlmnSpn] No valid subscription to store info
01-07 03:59:30.149  2247  2247 D SubscriptionController: notifySubscriptionInfoChanged:
01-07 03:59:30.149  1384  1396 D TelephonyRegistry: notifySubscriptionInfoChanged: first invocation mRecords.size=18
01-07 03:59:30.150  1384  1384 I GnssLocationProvider: WakeLock acquired by sendMessage(SUBSCRIPTION_OR_SIM_CHANGED, 0, null)
01-07 03:59:30.150  2247  2263 D SubscriptionController: [getActiveSubInfoList] Sub Controller not ready
01-07 03:59:30.151  2247  2247 D TelephonyManager: setTelephonyProperty: success phoneId=0 property=gsm.operator.alpha value:  propVal=
01-07 03:59:30.153  2247  2263 D SubscriptionController: [getActiveSubInfoList] Sub Controller not ready
01-07 03:59:30.153  2247  2247 D TelephonyManager: setTelephonyProperty: success phoneId=0 property=gsm.operator.numeric value:  propVal=
01-07 03:59:30.154  2247  2247 D SST     : operatorNumeric null is invalid
01-07 03:59:30.154  2247  2247 D TelephonyManager: setTelephonyProperty: success phoneId=0 property=gsm.operator.iso-country value:  propVal=
01-07 03:59:30.155  2247  2247 D TelephonyManager: setTelephonyProperty: success phoneId=0 property=gsm.operator.isroaming value: false propVal=false
01-07 03:59:30.155  2102  2102 D StatusBar: disable<e i a s b h r c s q >
01-07 03:59:30.156  1384  1398 I GnssLocationProvider: WakeLock released by handleMessage(SUBSCRIPTION_OR_SIM_CHANGED, 0, null)
01-07 03:59:30.157  1384  2183 I StatusBarManagerService: registerStatusBar bar=com.android.internal.statusbar.IStatusBar$Stub$Proxy@edf3e79
01-07 03:59:30.157  2247  2247 D SST     : Broadcasting ServiceState : 1 1 voice home data home null null null null null null  Unknown Unknown CSS not supported -1 -1 RoamInd=-1 DefRoamInd=-1 EmergOnly=false IsDataRoamingFromRegistration=false IsUsingCarrierAggregation=false mLteEarfcnRsrpBoost=0
01-07 03:59:30.157  2247  2247 D DefaultPhoneNotifier: nofityServiceState: mRegistry=com.android.internal.telephony.ITelephonyRegistry$Stub$Proxy@af31b03 ss=1 1 voice home data home null null null null null null  Unknown Unknown CSS not supported -1 -1 RoamInd=-1 DefRoamInd=-1 EmergOnly=false IsDataRoamingFromRegistration=false IsUsingCarrierAggregation=false mLteEarfcnRsrpBoost=0 sender=Handler (com.android.internal.telephony.GsmCdmaPhone) {7aaef5a} phondId=0 subId=-2
01-07 03:59:30.159  2247  2247 D SubscriptionController: [getSlotIndex]- subId invalid
01-07 03:59:30.162  2247  2247 D ServiceStateProvider: subId=-2
01-07 03:59:30.165  1008  1008 I OMXMaster: makeComponentInstance(OMX.google.vorbis.decoder) in android.hardwar process
01-07 03:59:30.168  1008  2133 E OMXNodeInstance: getConfig(0xe8123020:google.vorbis.decoder, ConfigAndroidVendorExtension(0x6f100004)) ERROR: Undefined(0x80001001)
01-07 03:59:30.169  2247  2247 D SST     : mDeviceShuttingDown=false, mDesiredPowerState=true, getRadioState=RADIO_UNAVAILABLE, mPowerOffDelayNeed=true, mAlarmSwitch=false, mRadioDisabledByCarrier=false
01-07 03:59:30.169  2247  2247 D SST     : pollState: modemTriggered=true
01-07 03:59:30.169  2247  2247 D SST     : Poll ServiceState done:  oldSS=[1 1 voice home data home null null null null null null  Unknown Unknown CSS not supported -1 -1 RoamInd=-1 DefRoamInd=-1 EmergOnly=false IsDataRoamingFromRegistration=false IsUsingCarrierAggregation=false mLteEarfcnRsrpBoost=0] newSS=[1 1 voice home data home null null null null null null  Unknown Unknown CSS not supported -1 -1 RoamInd=-1 DefRoamInd=-1 EmergOnly=false IsDataRoamingFromRegistration=false IsUsingCarrierAggregation=false mLteEarfcnRsrpBoost=0] oldMaxDataCalls=1 mNewMaxDataCalls=1 oldReasonDataDenied=-1 mNewReasonDataDenied=-1
01-07 03:59:30.169  2247  2247 D SST     : pollStateDone: hasRegistered=false hasDeregistered=false hasDataAttached=false hasDataDetached=false hasDataRegStateChanged=false hasRilVoiceRadioTechnologyChanged= false hasRilDataRadioTechnologyChanged=false hasChanged=false hasVoiceRoamingOn=false hasVoiceRoamingOff=false hasDataRoamingOn=false hasDataRoamingOff=false hasLocationChanged=false has4gHandoff = false hasMultiApnSupport=false hasLostMultiApnSupport=false
01-07 03:59:30.170  2247  2247 D DCT     : [0]onRadioOffOrNotAvailable: is off and clean up all connections
01-07 03:59:30.170  2247  2247 D DCT     : [0]cleanUpAllConnections: tearDown=false reason=radioTurnedOff
01-07 03:59:30.171  2247  2247 D GsmCdmaPhone: [GsmCdmaPhone] getDataConnectionState apnType=default ret=DISCONNECTED
01-07 03:59:30.175  2247  2247 D DCT     : [0]cleanUpConnection: X tearDown=false reason=radioTurnedOff apnContext={mApnType=default mState=IDLE mWaitingApns={null} mApnSetting={null} mReason=radioTurnedOff mDataEnabled=false mDependencyMet=true} dcac=null
01-07 03:59:30.175  2247  2247 D GsmCdmaPhone: [GsmCdmaPhone] getDataConnectionState apnType=mms ret=DISCONNECTED
01-07 03:59:30.178  2247  2247 D DCT     : [0]cleanUpConnection: X tearDown=false reason=radioTurnedOff apnContext={mApnType=mms mState=IDLE mWaitingApns={null} mApnSetting={null} mReason=radioTurnedOff mDataEnabled=false mDependencyMet=true} dcac=null
01-07 03:59:30.178  2247  2247 D GsmCdmaPhone: [GsmCdmaPhone] getDataConnectionState apnType=cbs ret=DISCONNECTED
01-07 03:59:30.180  2247  2247 D DCT     : [0]cleanUpConnection: X tearDown=false reason=radioTurnedOff apnContext={mApnType=cbs mState=IDLE mWaitingApns={null} mApnSetting={null} mReason=radioTurnedOff mDataEnabled=false mDependencyMet=true} dcac=null
01-07 03:59:30.180  2247  2247 D GsmCdmaPhone: [GsmCdmaPhone] getDataConnectionState apnType=fota ret=DISCONNECTED
01-07 03:59:30.184  2247  2247 D DCT     : [0]cleanUpConnection: X tearDown=false reason=radioTurnedOff apnContext={mApnType=fota mState=IDLE mWaitingApns={null} mApnSetting={null} mReason=radioTurnedOff mDataEnabled=false mDependencyMet=true} dcac=null
01-07 03:59:30.184  2247  2247 D GsmCdmaPhone: [GsmCdmaPhone] getDataConnectionState apnType=supl ret=DISCONNECTED
01-07 03:59:30.184  1008  2133 I OMXMaster: makeComponentInstance(OMX.google.vorbis.decoder) in android.hardwar process
01-07 03:59:30.188  1008  1231 E OMXNodeInstance: getConfig(0xe7d87000:google.vorbis.decoder, ConfigAndroidVendorExtension(0x6f100004)) ERROR: Undefined(0x80001001)
01-07 03:59:30.196  2247  2247 D DCT     : [0]cleanUpConnection: X tearDown=false reason=radioTurnedOff apnContext={mApnType=supl mState=IDLE mWaitingApns={null} mApnSetting={null} mReason=radioTurnedOff mDataEnabled=false mDependencyMet=true} dcac=null
01-07 03:59:30.196  2247  2247 D GsmCdmaPhone: [GsmCdmaPhone] getDataConnectionState apnType=ia ret=DISCONNECTED
01-07 03:59:30.199  2247  2247 D DCT     : [0]cleanUpConnection: X tearDown=false reason=radioTurnedOff apnContext={mApnType=ia mState=IDLE mWaitingApns={null} mApnSetting={null} mReason=radioTurnedOff mDataEnabled=false mDependencyMet=true} dcac=null
01-07 03:59:30.199  2247  2247 D GsmCdmaPhone: [GsmCdmaPhone] getDataConnectionState apnType=dun ret=DISCONNECTED
01-07 03:59:30.202  2247  2247 D DCT     : [0]cleanUpConnection: X tearDown=false reason=radioTurnedOff apnContext={mApnType=dun mState=IDLE mWaitingApns={null} mApnSetting={null} mReason=radioTurnedOff mDataEnabled=false mDependencyMet=true} dcac=null
01-07 03:59:30.203  2247  2247 D GsmCdmaPhone: [GsmCdmaPhone] getDataConnectionState apnType=hipri ret=DISCONNECTED
--
01-07 03:59:30.285  2247  2247 D DCT     : [0]setInitialAttachApn: X There in no available apn
01-07 03:59:30.285  2247  2247 D DCT     : [0]setDataProfilesAsNeeded
01-07 03:59:30.286  2247  2247 D DCT     : [0]isDataAllowed: No - defaultDataSelected= false - SIM not loaded - Not attached
01-07 03:59:30.319  2247  2247 D DCT     : [0]setupDataOnConnectableApns: roamingOff hipri:[state=IDLE,enabled=false] mms:[state=IDLE,enabled=false] supl:[state=IDLE,enabled=false] cbs:[state=IDLE,enabled=false] dun:[state=IDLE,enabled=false] fota:[state=IDLE,enabled=false] ims:[state=IDLE,enabled=false] default:[state=IDLE,enabled=false] ia:[state=IDLE,enabled=false] 
01-07 03:59:30.320  2247  2247 D DCT     : [0]setupDataOnConnectableApns: nwTypeChanged hipri:[state=IDLE,enabled=false] mms:[state=IDLE,enabled=false] supl:[state=IDLE,enabled=false] cbs:[state=IDLE,enabled=false] dun:[state=IDLE,enabled=false] fota:[state=IDLE,enabled=false] ims:[state=IDLE,enabled=false] default:[state=IDLE,enabled=false] ia:[state=IDLE,enabled=false] 
01-07 03:59:30.320  2247  2247 D SubscriptionInfoUpdater: [Receiver]+
01-07 03:59:30.320  2247  2247 D SubscriptionInfoUpdater: Action: android.intent.action.SIM_STATE_CHANGED
01-07 03:59:30.320  2247  2247 D SubscriptionInfoUpdater: slotIndex: 0
01-07 03:59:30.320  2247  2247 D SubscriptionInfoUpdater: simStatus: NOT_READY
01-07 03:59:30.320  2247  2247 D SubscriptionInfoUpdater: Ignoring simStatus: NOT_READY
01-07 03:59:30.320  2247  2247 D SubscriptionInfoUpdater: [Receiver]-
01-07 03:59:30.320  2247  2247 D PhoneSwitcherNetworkRequstListener: got request NetworkRequest [ TRACK_DEFAULT id=3, [ Capabilities: INTERNET&NOT_RESTRICTED&TRUSTED&NOT_VPN] ] with score 0
01-07 03:59:30.320  2247  2247 D PhoneSwitcherNetworkRequstListener: got request NetworkRequest [ BACKGROUND_REQUEST id=2, [ Transports: CELLULAR Capabilities: INTERNET&NOT_RESTRICTED&TRUSTED&NOT_VPN] ] with score 0
01-07 03:59:30.320  2247  2247 D PhoneSwitcherNetworkRequstListener: got request NetworkRequest [ REQUEST id=1, [ Capabilities: INTERNET&NOT_RESTRICTED&TRUSTED&NOT_VPN] ] with score 0
01-07 03:59:30.322  2247  2247 D TelephonyNetworkFactory[0]: onSubIdChange -1->-2
01-07 03:59:30.322  2247  2247 D TelephonyNetworkFactory[0]: got request NetworkRequest [ TRACK_DEFAULT id=3, [ Capabilities: INTERNET&NOT_RESTRICTED&TRUSTED&NOT_VPN] ] with score 0
01-07 03:59:30.322  2247  2247 D TelephonyNetworkFactory[0]: got request NetworkRequest [ BACKGROUND_REQUEST id=2, [ Transports: CELLULAR Capabilities: INTERNET&NOT_RESTRICTED&TRUSTED&NOT_VPN] ] with score 0
01-07 03:59:30.322  2247  2247 D TelephonyNetworkFactory[0]: got request NetworkRequest [ REQUEST id=1, [ Capabilities: INTERNET&NOT_RESTRICTED&TRUSTED&NOT_VPN] ] with score 0
01-07 03:59:30.323  2247  2247 D DebugService: DebugService DebugService:
01-07 03:59:30.323  2247  2247 D TelephonyDebugService: TelephonyDebugService()
01-07 03:59:30.325  2247  2247 D CarrierConfigLoader: mHandler: 12 phoneId: 0
01-07 03:59:30.326  2247  2247 I com.android.phone: Looking for service android.hardware.radio@1.0::IRadio/slot1
01-07 03:59:30.328  2247  2247 E RILJ    : RadioProxy getService/setResponseFunctions: java.util.NoSuchElementException [SUB0]
01-07 03:59:30.328  2247  2247 D GsmSMSDispatcher: GsmSMSDispatcher: subId = -2 slotId = 0
01-07 03:59:30.328  2247  2247 E IccCardProxy: setExternalState: !override and newstate unchanged from NOT_READY
01-07 03:59:30.329  2247  2247 D GsmCdmaCallTracker: Event EVENT_POLL_CALLS_RESULT Received
01-07 03:59:30.329  2247  2247 D GsmCdmaCallTracker: [GsmCdmaCallTracker] update phone state, old=IDLE new=IDLE
01-07 03:59:30.329  2247  2247 D SST     : SubscriptionListener.onSubscriptionInfoChanged
01-07 03:59:30.329  2247  2247 D GsmCdmaPhone: [GsmCdmaPhone] updateVoiceMail countVoiceMessages = 0 subId -2
01-07 03:59:30.329  2247  2247 E Phone   : setVoiceMessageCount in sharedPreference: invalid subId -2
01-07 03:59:30.330  2247  2247 D DCT     : [0]SubscriptionListener.onSubscriptionInfoChanged
01-07 03:59:30.330  2247  2247 D PhoneSwitcher: evaluating due to subChanged default 0->-1 phone[0] 0->-2
01-07 03:59:30.331  2247  2247 D SubscriptionController: [getActiveSubInfoList] Sub Controller not ready
01-07 03:59:30.335  2247  2247 E PhoneInterfaceManager: [PhoneIntfMgr] getIccId: No UICC
01-07 03:59:30.349  1008  2437 I OMXMaster: makeComponentInstance(OMX.google.vorbis.decoder) in android.hardwar process
01-07 03:59:30.349  1384  1396 I Telecom : PhoneAccountRegistrar: Modify account: [ComponentInfo{com.android.phone/com.android.services.telephony.TelephonyConnectionService}, [e0184adedf913b076626646d3f52c3b49c39ad6d], UserHandle{0}]: TSI.rPA@AAU
01-07 03:59:30.349  2102  2102 I CameraManagerGlobal: Connecting to camera service
01-07 03:59:30.356  2247  2247 I TelecomFramework: AccountEntry: Registered phoneAccount: [[ ] PhoneAccount: ComponentInfo{com.android.phone/com.android.services.telephony.TelephonyConnectionService}, [e0184adedf913b076626646d3f52c3b49c39ad6d], UserHandle{0} Capabilities: CallProvider MultiUser PlaceEmerg SimSub  Audio Routes: BESW Schemes: tel voicemail  Extras: null GroupId: [da39a3ee5e6b4b0d3255bfef95601890afd80709]] with handle: ComponentInfo{com.android.phone/com.android.services.telephony.TelephonyConnectionService}, [e0184adedf913b076626646d3f52c3b49c39ad6d], UserHandle{0}
01-07 03:59:30.357  2247  2247 I TelecomFramework: PstnIncomingCallNotifier: Registering: Handler (com.android.internal.telephony.GsmCdmaPhone) {7aaef5a}
01-07 03:59:30.358  1008  1008 E OMXNodeInstance: getConfig(0xe8122ea0:google.vorbis.decoder, ConfigAndroidVendorExtension(0x6f100004)) ERROR: Undefined(0x80001001)
01-07 03:59:30.332  2247  2247 D SubscriptionController: [getActiveSubInfoList] Sub Controller not ready
--
01-07 03:59:35.029  1384  1399 I am_user_state_changed: [0,3]
01-07 03:59:35.029  1384  1399 I ActivityManager: Sending BOOT_COMPLETE user #0
01-07 03:59:35.029  1384  1399 I sysui_histogram: [framework_boot_completed,27]
01-07 03:59:35.029  1384  1399 I sysui_multi_action: [757,804,799,framework_boot_completed,801,27,802,1]
01-07 03:59:35.031  1384  1398 I am_uid_running: 10053
01-07 03:59:35.033   991  1066 E ThermalEngine: ACTION: CLUSTER - Setting CLUSTER[1] to 1536000
01-07 03:59:35.043  1384  1398 I am_proc_start: [0,2590,10053,com.android.printspooler,service,com.android.printspooler/.model.PrintSpoolerService]
01-07 03:59:35.043  1384  1398 I ActivityManager: Start proc 2590:com.android.printspooler/u0a53 for service com.android.printspooler/.model.PrintSpoolerService
01-07 03:59:35.046  1384  2359 I am_proc_bound: [0,2571,com.android.nfc]
01-07 03:59:35.048  1384  2359 I am_uid_active: 1027
01-07 03:59:35.052  2247  2247 D WAP PUSH: Received broadcast android.intent.action.USER_UNLOCKED
01-07 03:59:35.053  2247  2247 D WAP PUSH: Received broadcast android.intent.action.USER_UNLOCKED
01-07 03:59:35.054  2247  2247 D SmsBroadcastUndelivered: Received broadcast android.intent.action.USER_UNLOCKED
01-07 03:59:35.057  2247  2609 D SmsBroadcastUndelivered: scanning raw table for undelivered messages
01-07 03:59:35.057  2247  2247 D SubscriptionInfoUpdater: [Receiver]+
01-07 03:59:35.057  2309  2309 I chatty  : uid=1000(system) com.android.settings expire 4 lines
01-07 03:59:35.057  2247  2247 D SubscriptionInfoUpdater: Action: android.intent.action.USER_UNLOCKED
01-07 03:59:35.057  2247  2247 D SubscriptionInfoUpdater: Broadcasting intent ACTION_SIM_STATE_CHANGED for mCardIndex: 0
01-07 03:59:35.063   991  1066 E ThermalEngine: ACTION: CLUSTER - Setting CLUSTER[1] to 1632000
01-07 03:59:35.067  2247  2247 D SubscriptionInfoUpdater: [Receiver]-
01-07 03:59:35.067  2247  2247 D CarrierSvcBindHelper: Received android.intent.action.USER_UNLOCKED
01-07 03:59:35.068  2247  2247 E PhoneInterfaceManager: [PhoneIntfMgr] getCarrierPackageNamesForIntent: No UICC
01-07 03:59:35.068  2247  2247 D CarrierSvcBindHelper: No carrier app for: 0
01-07 03:59:35.069  1384  1395 I am_uid_running: 10055
01-07 03:59:35.081  1384  1395 I am_proc_start: [0,2617,10055,com.android.smspush,service,com.android.smspush/.WapPushManager]
01-07 03:59:35.081  1384  1395 I ActivityManager: Start proc 2617:com.android.smspush/u0a55 for service com.android.smspush/.WapPushManager
01-07 03:59:35.084  1384  2120 I am_finish_activity: [0,149978882,1,com.android.settings/.FallbackHome,app-request]
01-07 03:59:35.084  1384  1399 I dvm_lock_sample: [system_server,1,ActivityManager,18,BroadcastQueue.java,821,ActivityManagerService.java,19699,3]
01-07 03:59:35.084  1384  2120 I wm_task_moved: [1,1,0]
01-07 03:59:35.085  1384  2120 I am_destroy_activity: [0,149978882,1,com.android.settings/.FallbackHome,finish-imm]
01-07 03:59:35.089  1384  2359 I am_proc_bound: [0,2590,com.android.printspooler]
01-07 03:59:35.087  2446  2446 I auditd  : type=1400 audit(0.0:948): avc: denied { ioctl } for comm="RenderThread" path="/dev/kgsl-3d0" dev="tmpfs" ino=11864 ioctlcmd=934 scontext=u:r:platform_app:s0:c512,c768 tcontext=u:object_r:device:s0 tclass=chr_file permissive=1
01-07 03:59:35.087  2446  2446 I RenderThread: type=1400 audit(0.0:948): avc: denied { ioctl } for path="/dev/kgsl-3d0" dev="tmpfs" ino=11864 ioctlcmd=934 scontext=u:r:platform_app:s0:c512,c768 tcontext=u:object_r:device:s0 tclass=chr_file permissive=1
01-07 03:59:35.093   991  1066 E ThermalEngine: ACTION: CLUSTER - Setting CLUSTER[1] to 1689600
01-07 03:59:35.095  1384  2359 I am_uid_active: 10053
01-07 03:59:35.087  2446  2446 I auditd  : type=1400 audit(0.0:949): avc: denied { read write } for comm="RenderThread" path="/dev/kgsl-3d0" dev="tmpfs" ino=11864 scontext=u:r:platform_app:s0:c512,c768 tcontext=u:object_r:device:s0 tclass=chr_file permissive=1
01-07 03:59:35.087  2446  2446 I RenderThread: type=1400 audit(0.0:949): avc: denied { read write } for path="/dev/kgsl-3d0" dev="tmpfs" ino=11864 scontext=u:r:platform_app:s0:c512,c768 tcontext=u:object_r:device:s0 tclass=chr_file permissive=1
01-07 03:59:35.097  1384  1399 I sysui_count: [window_time_0,6]
01-07 03:59:35.097  1384  1399 I sysui_multi_action: [757,803,799,window_time_0,802,6]
01-07 03:59:35.099  1384  2120 I wm_task_removed: [1,removeAppToken: last token]
01-07 03:59:35.100  2247  2247 D SubscriptionInfoUpdater: [Receiver]+
01-07 03:59:35.100  2247  2247 D SubscriptionInfoUpdater: Action: android.intent.action.SIM_STATE_CHANGED
01-07 03:59:35.100  2247  2247 D SubscriptionInfoUpdater: slotIndex: 0
--
01-07 03:59:35.646  1384  2776 I sysui_histogram: [boot_fs_stat_mpt,1355]
01-07 03:59:35.646   991  1066 E ThermalEngine: ACTION: CLUSTER - Setting CLUSTER[1] to 1248000
01-07 03:59:35.646  1384  2776 I sysui_multi_action: [757,804,799,boot_fs_stat_mpt,801,1355,802,1]
01-07 03:59:35.646  1384  2776 I BootReceiver: fs_stat, partition:mpt stat:0x54b
01-07 03:59:35.646  2667  2667 I Dialer  : NonUiTaskBuilder.newThread - creating parallel thread
01-07 03:59:35.657  1384  2183 I am_uid_active: 10007
01-07 03:59:35.661  1384  2612 I am_uid_running: 10001
01-07 03:59:35.673  1384  2612 I am_proc_start: [0,2783,10001,android.process.acore,content provider,com.android.providers.contacts/.CallLogProvider]
01-07 03:59:35.673  1384  2612 I ActivityManager: Start proc 2783:android.process.acore/u0a1 for content provider com.android.providers.contacts/.CallLogProvider
01-07 03:59:35.676   991  1066 E ThermalEngine: ACTION: CLUSTER - Setting CLUSTER[1] to 960000
01-07 03:59:35.687  1384  2359 I am_proc_bound: [0,2783,android.process.acore]
01-07 03:59:35.719  1384  1398 I am_meminfo: [377569280,1646989312,0,115306496,238952448]
01-07 03:59:35.737   991  1066 E ThermalEngine: ACTION: CLUSTER - Setting CLUSTER[1] to 1248000
01-07 03:59:35.743   991  1066 E ThermalEngine: ACTION: CLUSTER - Setting CLUSTER[1] to 1824000
01-07 03:59:35.761  2783  2783 I ContactsPerf: VoicemailContentProvider.onCreate start
01-07 03:59:35.765  2783  2783 I ContactsPerf: VoicemailContentProvider.onCreate finish
01-07 03:59:35.796  2783  2801 D ContactsDatabaseHelper: WAL enabled for contacts2.db: true
01-07 03:59:35.814  2667  2667 I Dialer  : DefaultVoicemailNotifier.updateVoicemailNotifications - update voicemail notifications successful
01-07 03:59:35.816  1384  1384 I Telecom : DefaultDialerCache: Refreshing default dialer for user 0: now com.android.dialer: DDC.oR@AA8
01-07 03:59:35.821  1384  1384 I am_uid_active: 10001
01-07 03:59:35.822  2247  2247 D CarrierConfigLoader: mHandler: 13 phoneId: 0
01-07 03:59:35.822  2247  2247 D CarrierConfigLoader: mHandler: 7 phoneId: 0
01-07 03:59:35.822  1384  1396 I am_uid_running: 10048
01-07 03:59:35.823  2247  2247 E CarrierConfigLoader: Cannot restore config with null packageName or iccid.
01-07 03:59:35.823  2247  2247 D CarrierConfigLoader: Binding to com.android.carrierconfig for phone 0
01-07 03:59:35.834  1384  1396 I am_proc_start: [0,2807,10048,co.aoscp.musicx,broadcast,co.aoscp.musicx/.appwidgets.BootReceiver]
01-07 03:59:35.834  1384  1396 I ActivityManager: Start proc 2807:co.aoscp.musicx/u0a48 for broadcast co.aoscp.musicx/.appwidgets.BootReceiver
01-07 03:59:35.834  1384  2616 I dvm_lock_sample: [system_server,1,Binder:1384_8,10,ActivityManagerService.java,18292,BroadcastQueue.java,821,2]
01-07 03:59:35.835  1384  2616 I am_uid_running: 10003
01-07 03:59:35.848  1384  2616 I am_proc_start: [0,2821,10003,com.android.carrierconfig,service,com.android.carrierconfig/.DefaultCarrierConfigService]
01-07 03:59:35.848  1384  2616 I ActivityManager: Start proc 2821:com.android.carrierconfig/u0a3 for service com.android.carrierconfig/.DefaultCarrierConfigService
01-07 03:59:35.848  1384  2806 I dvm_lock_sample: [system_server,0,AsyncQueryWorker,13,ActivityManagerService.java,11860,-,18292,2]
01-07 03:59:35.848  1384  2612 I am_proc_bound: [0,2807,co.aoscp.musicx]
01-07 03:59:35.861  1384  1395 I am_proc_bound: [0,2821,com.android.carrierconfig]
01-07 03:59:35.862  1384  1395 I am_uid_active: 10003
01-07 03:59:35.863  2783  2801 I ContactLocale: AddressBook Labels [[en_US]]: […, A, B, C, D, E, F, G, H, I, J, K, L, M, N, O, P, Q, R, S, T, U, V, W, X, Y, Z, Α, Β, Γ, Δ, Ε, Ζ, Η, Θ, Ι, Κ, Λ, Μ, Ν, Ξ, Ο, Π, Ρ, Σ, Τ, Υ, Φ, Χ, Ψ, Ω, …, А, Б, В, Г, Д, Ђ, Е, Є, Ж, З, И, І, Й, Ј, К, Л, Љ, М, Н, Њ, О, П, Р, С, Т, Ћ, У, Ф, Х, Ц, Ч, Џ, Ш, Щ, Ю, Я, …, א, ב, ג, ד, ה, ו, ז, ח, ט, י, כ, ל, מ, נ, ס, ע, פ, צ, ק, ר, ש, ת, …, ا, ب, ت, ث, ج, ح, خ, د, ذ, ر, ز, س, ش, ص, ض, ط, ظ, ع, غ, ف, ق, ك, ل, م, ن, ه, و, ي, …, ก, ข, ฃ, ค, ฅ, ฆ, ง, จ, ฉ, ช, ซ, ฌ, ญ, ฎ, ฏ, ฐ, ฑ, ฒ, ณ, ด, ต, ถ, ท, ธ, น, บ, ป, ผ, ฝ, พ, ฟ, ภ, ม, ย, ร, ฤ, ล, ฦ, ว, ศ, ษ, ส, ห, ฬ, อ, ฮ, …, ㄱ, ㄴ, ㄷ, ㄹ, ㅁ, ㅂ, ㅅ, ㅇ, ㅈ, ㅊ, ㅋ, ㅌ, ㅍ, ㅎ, …, あ, か, さ, た, な, は, ま, や, ら, わ, #, …]
01-07 03:59:35.898  2821  2821 D DefaultCarrierConfigService: Service created
01-07 03:59:35.901  2247  2247 D CarrierConfigLoader: Connected to config app: com.android.carrierconfig/com.android.carrierconfig.DefaultCarrierConfigService
01-07 03:59:35.901  2247  2247 D CarrierConfigLoader: mHandler: 3 phoneId: 0
01-07 03:59:35.902  2821  2834 D DefaultCarrierConfigService: Config being fetched
01-07 03:59:35.903  2821  2834 D DefaultCarrierConfigService: java.io.FileNotFoundException: carrier_config_.xml
01-07 03:59:35.904  2783  2801 D ContactsDatabaseHelper: WAL enabled for profile.db: true
01-07 03:59:35.905  2247  2247 E CarrierConfigLoader: Cannot save config with null packageName or iccid.
01-07 03:59:35.907  2247  2247 D CarrierConfigLoader: mHandler: 5 phoneId: 0
01-07 03:59:35.908  2247  2247 E PhoneInterfaceManager: [PhoneIntfMgr] getCarrierPackageNamesForIntent: No UICC
01-07 03:59:35.912  2247  2247 I ImsResolver: Received Carrier Config Changed for SubId: -2
01-07 03:59:35.912  2247  2247 D CarrierSignalAgent: [0]CarrierSignalAgent receiver action: android.telephony.action.CARRIER_CONFIG_CHANGED
01-07 03:59:35.914  2247  2247 D CarrierSignalAgent: [0]Loading carrier config: carrier_app_wake_signal_config
01-07 03:59:35.914  1384  1395 I am_uid_running: 10035
01-07 03:59:35.914  2247  2247 D CarrierSignalAgent: [0]Loading carrier config: carrier_app_no_wake_signal_config
01-07 03:59:35.914  2247  2247 D GsmCdmaPhone: mBroadcastReceiver: action android.telephony.action.CARRIER_CONFIG_CHANGED
01-07 03:59:35.918  1384  1384 I Telecom : PhoneAccountRegistrar: SimCallManager queried, returning: null: TSI.gSCMFU@ABE
01-07 03:59:35.920  2247  2247 I CSST    : reading time to delay notification: -1
01-07 03:59:35.921  2733  2738 I zygote64: Compiler allocated 4MB to compile android.database.Cursor com.android.providers.media.MediaProvider.query(android.net.Uri, java.lang.String[], java.lang.String, java.lang.String[], java.lang.String)
01-07 03:59:35.922  2247  2247 D SubscriptionController: [getSlotIndex]- subId invalid
01-07 03:59:35.927  2247  2247 D ImsManager: updateVolteFeatureValue: available = false, enabled = true, nonTTY = true
01-07 03:59:35.927  2247  2247 I ImsManager: Creating ImsService using ServiceManager
01-07 03:59:35.928  2247  2247 E ImsManager: updateImsServiceConfig: 
01-07 03:59:35.928  2247  2247 E ImsManager: com.android.ims.ImsException: getConfigInterface()
01-07 03:59:35.928  2247  2247 E ImsManager: 	at com.android.ims.ImsManager.getConfigInterface(ImsManager.java:1793)
01-07 03:59:35.928  2247  2247 E ImsManager: 	at com.android.ims.ImsManager.updateVolteFeatureValue(ImsManager.java:1309)
01-07 03:59:35.928  2247  2247 E ImsManager: 	at com.android.ims.ImsManager.updateImsServiceConfig(ImsManager.java:1219)
01-07 03:59:35.928  2247  2247 E ImsManager: 	at com.android.internal.telephony.GsmCdmaPhone.handleMessage(GsmCdmaPhone.java:2162)
01-07 03:59:35.928  2247  2247 E ImsManager: 	at android.os.Handler.dispatchMessage(Handler.java:105)
01-07 03:59:35.928  2247  2247 E ImsManager: 	at android.os.Looper.loop(Looper.java:164)
01-07 03:59:35.928  2247  2247 E ImsManager: 	at android.app.ActivityThread.main(ActivityThread.java:6541)
01-07 03:59:35.928  2247  2247 E ImsManager: 	at java.lang.reflect.Method.invoke(Native Method)
01-07 03:59:35.928  2247  2247 E ImsManager: 	at com.android.internal.os.Zygote$MethodAndArgsCaller.run(Zygote.java:240)
01-07 03:59:35.928  2247  2247 E ImsManager: 	at com.android.internal.os.ZygoteInit.main(ZygoteInit.java:767)
01-07 03:59:35.928  2247  2247 E ImsManager: Caused by: android.os.RemoteException: ImsServiceProxy is not available for that feature.
--
01-07 03:59:36.405   991  1066 E ThermalEngine: ACTION: CLUSTER - Setting CLUSTER[1] to 1536000
01-07 03:59:36.406  1384  1395 I am_proc_start: [0,2940,10057,com.android.messaging,broadcast,com.android.messaging/.receiver.BootAndPackageReplacedReceiver]
01-07 03:59:36.363  1384  2612 W ActivityManager: Unable to start service Intent { act=com.android.email.EXCHANGE_INTENT pkg=com.android.exchange } U=0: not found
01-07 03:59:36.406  1384  1395 I ActivityManager: Start proc 2940:com.android.messaging/u0a57 for broadcast com.android.messaging/.receiver.BootAndPackageReplacedReceiver
01-07 03:59:36.410   991  1066 E ThermalEngine: ACTION: CLUSTER - Setting CLUSTER[1] to 1440000
01-07 03:59:36.423  1384  2612 I am_proc_bound: [0,2940,com.android.messaging]
01-07 03:59:36.440   991  1066 E ThermalEngine: ACTION: CLUSTER - Setting CLUSTER[1] to 1344000
01-07 03:59:36.442  2102  2102 I sysui_multi_action: [757,186,758,4,826,232,827,727]
01-07 03:59:36.442  2102  2102 I sysui_lockscreen_gesture: [1,232,727]
01-07 03:59:36.471   991  1066 E ThermalEngine: ACTION: CLUSTER - Setting CLUSTER[1] to 1248000
01-07 03:59:36.502   991  1066 E ThermalEngine: ACTION: CLUSTER - Setting CLUSTER[1] to 1344000
01-07 03:59:36.533   991  1066 E ThermalEngine: ACTION: CLUSTER - Setting CLUSTER[1] to 1440000
01-07 03:59:36.535  2940  2940 W MessagingApp: PhoneUtils.getForLMR1(): invalid subId = -1
01-07 03:59:36.537   991  1066 E ThermalEngine: ACTION: CLUSTER - Setting CLUSTER[1] to 1536000
01-07 03:59:36.548  2940  2958 W MessagingApp: PhoneUtils.getForLMR1(): invalid subId = -1
01-07 03:59:36.551  2247  2263 D SubscriptionController: [getActiveSubInfoList] Sub Controller not ready
01-07 03:59:36.563  1384  2120 I am_uid_running: 10016
01-07 03:59:36.567   991  1066 E ThermalEngine: ACTION: CLUSTER - Setting CLUSTER[1] to 1632000
01-07 03:59:36.567  2247  2461 D SubscriptionController: [getPhoneId] asked for default subId=-1
01-07 03:59:36.572  2940  2960 W MessagingApp: PhoneUtils.getForLMR1(): invalid subId = -1
01-07 03:59:36.572  2940  2940 I MessagingApp: Carrier config changed. Reloading MMS config.
01-07 03:59:36.575  2102  2102 D StatusBar: disable<e i a s b H R c s q >
01-07 03:59:36.578  2247  2263 D SubscriptionController: [getActiveSubInfoList] Sub Controller not ready
01-07 03:59:36.579  1384  2120 I am_proc_start: [0,2963,10016,com.android.onetimeinitializer,broadcast,com.android.onetimeinitializer/.OneTimeInitializerReceiver]
01-07 03:59:36.579  1384  2120 I ActivityManager: Start proc 2963:com.android.onetimeinitializer/u0a16 for broadcast com.android.onetimeinitializer/.OneTimeInitializerReceiver
01-07 03:59:36.583  2940  2962 W MessagingApp: PhoneUtils.getForLMR1(): invalid subId = -1
01-07 03:59:36.585  2247  2261 D SubscriptionController: [getActiveSubInfoList] Sub Controller not ready
01-07 03:59:36.585  2940  2961 W MessagingApp: PhoneUtils.getForLMR1(): invalid subId = -1
01-07 03:59:36.587  2247  2461 D SubscriptionController: [getActiveSubInfoList] Sub Controller not ready
01-07 03:59:36.587  2940  2959 I MessagingAppDataModel: Fixup: Send failed - 0 Download failed - 0
01-07 03:59:36.592  2940  2959 W MessagingApp: PhoneUtils.getForLMR1(): invalid subId = -1
01-07 03:59:36.598   991  1066 E ThermalEngine: ACTION: CLUSTER - Setting CLUSTER[1] to 1689600
01-07 03:59:36.602  1384  2314 I am_proc_bound: [0,2963,com.android.onetimeinitializer]
01-07 03:59:36.603  2940  2961 W MessagingApp: PhoneUtils.getForLMR1(): invalid subId = -1
01-07 03:59:36.603  2940  2959 W MessagingApp: PhoneUtils.getForLMR1(): invalid subId = -1
01-07 03:59:36.603  2940  2961 W MessagingApp: PhoneUtils.getForLMR1(): invalid subId = -1
