01-01 06:27:37.063   445   445 D vndksupport: Loading /vendor/lib64/hw/android.hardware.graphics.composer@2.1-impl.so from current namespace instead of sphal namespace.
01-01 06:27:37.070   445   445 I ComposerHal: falling back to gralloc module
01-01 06:27:37.070   445   445 D vndksupport: Loading /vendor/lib64/hw/gralloc.default.so from current namespace instead of sphal namespace.
01-01 06:27:37.071   445   445 I gralloc : using (fd=18)
01-01 06:27:37.071   445   445 I gralloc : id           = mdssfb_90000
01-01 06:27:37.071   445   445 I gralloc : xres         = 1440 px
01-01 06:27:37.071   445   445 I gralloc : yres         = 2560 px
01-01 06:27:37.071   445   445 I gralloc : xres_virtual = 1440 px
01-01 06:27:37.071   445   445 I gralloc : yres_virtual = 5120 px
01-01 06:27:37.071   445   445 I gralloc : bpp          = 32
01-01 06:27:37.071   445   445 I gralloc : r            =  0:8
01-01 06:27:37.071   445   445 I gralloc : g            =  8:8
01-01 06:27:37.071   445   445 I gralloc : b            = 16:8
01-01 06:27:37.071   445   445 I gralloc : width        = 68 mm (537.882324 dpi)
01-01 06:27:37.071   445   445 I gralloc : height       = 121 mm (537.388428 dpi)
01-01 06:27:37.071   445   445 I gralloc : refresh rate = 208.22 Hz
01-01 06:27:37.071     0     0 I [    5.582152 / 01-01 06:27:37.063][3] mdss_fb_blank_sub: + mdss_fb_open+0x21c/0x304 fb0 mode:0
01-01 06:27:37.072     0     0 I [    5.582348 / 01-01 06:27:37.063][2] mdss_fb_blank_sub: -
01-01 06:27:37.111   445   445 D vndksupport: Loading /vendor/lib64/hw/android.hardware.graphics.mapper@2.0-impl.so from current namespace instead of sphal namespace.
01-01 06:27:37.114   445   445 D vndksupport: Loading /vendor/lib64/hw/gralloc.default.so from current namespace instead of sphal namespace.
01-01 06:27:37.115   445   445 E HWComposer: getSupportedPerFrameMetadata: getSupportedPerFrameMetadata failed for display 0: Unsupported (8)
01-01 06:27:37.117   445   445 D vndksupport: Loading /vendor/lib64/hw/android.hardware.graphics.mapper@2.0-impl.so from current namespace instead of sphal namespace.
01-01 06:27:37.117   445   445 D vndksupport: Loading /vendor/lib64/hw/gralloc.default.so from current namespace instead of sphal namespace.
01-01 06:27:37.120   434   434 I gralloc : using (fd=10)
01-01 06:27:37.120   434   434 I gralloc : id           = mdssfb_90000
01-01 06:27:37.120   434   434 I gralloc : xres         = 1440 px
01-01 06:27:37.120   434   434 I gralloc : yres         = 2560 px
01-01 06:27:37.120   434   434 I gralloc : xres_virtual = 1440 px
01-01 06:27:37.120   434   434 I gralloc : yres_virtual = 5120 px
01-01 06:27:37.120   434   434 I gralloc : bpp          = 32
01-01 06:27:37.120   434   434 I gralloc : r            =  0:8
01-01 06:27:37.120   434   434 I gralloc : g            =  8:8
01-01 06:27:37.120   434   434 I gralloc : b            = 16:8
01-01 06:27:37.120   434   434 I gralloc : width        = 68 mm (537.882324 dpi)
01-01 06:27:37.120   434   434 I gralloc : height       = 121 mm (537.388428 dpi)
01-01 06:27:37.120   434   434 I gralloc : refresh rate = 208.22 Hz
01-01 06:27:37.438   445   445 D SurfaceFlinger: shader cache generated - 24 shaders in 305.276917 ms
01-01 06:27:37.439     1     1 I auditd  : type=1400 audit(0.0:59): avc: denied { write } for comm="init" name="idle_enabled" dev="sysfs" ino=24278 scontext=u:r:init:s0 tcontext=u:object_r:sysfs:s0 tclass=file permissive=1
01-01 06:27:37.439     1     1 I init    : type=1400 audit(0.0:59): avc: denied { write } for name="idle_enabled" dev="sysfs" ino=24278 scontext=u:r:init:s0 tcontext=u:object_r:sysfs:s0 tclass=file permissive=1
01-01 06:27:37.439     1     1 I auditd  : type=1400 audit(0.0:60): avc: denied { open } for comm="init" path="/sys/module/lpm_levels/system/a53/cpu0/retention/idle_enabled" dev="sysfs" ino=24278 scontext=u:r:init:s0 tcontext=u:object_r:sysfs:s0 tclass=file permissive=1
01-01 06:27:37.439     1     1 I init    : type=1400 audit(0.0:60): avc: denied { open } for path="/sys/module/lpm_levels/system/a53/cpu0/retention/idle_enabled" dev="sysfs" ino=24278 scontext=u:r:init:s0 tcontext=u:object_r:sysfs:s0 tclass=file permissive=1
01-01 06:27:37.441   445   445 D SurfaceFlinger: Set power mode=2, type=0 flinger=0x7119455000
01-01 06:27:37.441   445   445 D SurfaceFlinger: Finished set power mode=2, type=0
01-01 06:27:37.443     0     0 I [    5.951935 / 01-01 06:27:37.435][0] init: Received control message 'start' for 'bootanim' from pid: 445 (/system/bin/surfaceflinger)
01-01 06:27:37.443     0     0 I [    5.952372 / 01-01 06:27:37.435][0] init: starting service 'bootanim'...
01-01 06:27:37.447     0     0 I [    5.955362 / 01-01 06:27:37.439][1] init: processing action (init.svc.bootanim=running) from (/init.qcom.rc:1067)
01-01 06:27:37.545   422   422 I sysui_histogram: [boot_zygote_init,6053]
01-01 06:27:37.548     0     0 D [    6.056636 / 01-01 06:27:37.539][0] logd: logdr: UID=0 GID=0 PID=568 b tail=0 logMask=ff pid=0 start=0ns timeout=0ns
01-01 06:27:37.553   422   422 I sysui_multi_action: [757,804,799,boot_zygote_init,801,6053,802,1]
01-01 06:27:37.573   422   422 I zygote  : Explicit concurrent copying GC freed 192(9KB) AllocSpace objects, 0(0B) LOS objects, 99% free, 39KB/6MB, paused 82us total 11.384ms
01-01 06:27:37.587   422   422 I zygote  : Explicit concurrent copying GC freed 9(32KB) AllocSpace objects, 0(0B) LOS objects, 99% free, 22KB/6MB, paused 68us total 8.240ms
01-01 06:27:37.587   422   422 D Zygote32Timing: PostZygoteInitGC took to complete: 26ms
01-01 06:27:37.587   422   422 D Zygote32Timing: ZygoteInit took to complete: 26ms
01-01 06:27:37.588   422   422 I Zygote  : Accepting command socket connections
01-01 06:27:37.682   421   421 I sysui_histogram: [boot_zygote_init,6190]
01-01 06:27:37.689   421   421 I sysui_multi_action: [757,804,799,boot_zygote_init,801,6190,802,1]
01-01 06:27:37.694   421   421 I boot_progress_preload_start: 6202
01-01 06:27:37.694   421   421 D Zygote  : begin preload
01-01 06:27:37.694   421   421 I Zygote  : Installing ICU cache reference pinning...
01-01 06:27:37.694   421   421 I Zygote  : Preloading ICU data...
01-01 06:27:37.735   421   421 D Zygote64Timing: BeginIcuCachePinning took to complete: 41ms
01-01 06:27:37.736   421   421 I Zygote  : Preloading classes...
01-01 06:27:37.765   421   421 I PackageBackwardCompatibility: Loaded android.content.pm.OrgApacheHttpLegacyUpdater
01-01 06:27:37.765   421   421 I PackageBackwardCompatibility: Could not find android.content.pm.AndroidTestBaseUpdater, ignoring
01-01 06:27:38.002   566   578 E cutils-trace: Error opening trace file: Permission denied (13)
01-01 06:27:38.003   566   578 D vndksupport: Loading /vendor/lib64/egl/libEGL_adreno.so from current namespace instead of sphal namespace.
01-01 06:27:38.006   566   578 D libEGL  : loaded /vendor/lib64/egl/libEGL_adreno.so
01-01 06:27:38.021   566   578 D vndksupport: Loading /vendor/lib64/egl/libGLESv1_CM_adreno.so from current namespace instead of sphal namespace.
01-01 06:27:38.022   566   578 D libEGL  : loaded /vendor/lib64/egl/libGLESv1_CM_adreno.so
01-01 06:27:38.055   566   578 D vndksupport: Loading /vendor/lib64/egl/libGLESv2_adreno.so from current namespace instead of sphal namespace.
01-01 06:27:38.055   566   578 D libEGL  : loaded /vendor/lib64/egl/libGLESv2_adreno.so
01-01 06:27:38.087   578   578 I auditd  : type=1400 audit(0.0:61): avc: denied { read write } for comm="BootAnimation" name="kgsl-3d0" dev="tmpfs" ino=10505 scontext=u:r:bootanim:s0 tcontext=u:object_r:device:s0 tclass=chr_file permissive=1
01-01 06:27:38.087   578   578 I BootAnimation: type=1400 audit(0.0:61): avc: denied { read write } for name="kgsl-3d0" dev="tmpfs" ino=10505 scontext=u:r:bootanim:s0 tcontext=u:object_r:device:s0 tclass=chr_file permissive=1
01-01 06:27:38.087   578   578 I auditd  : type=1400 audit(0.0:62): avc: denied { open } for comm="BootAnimation" path="/dev/kgsl-3d0" dev="tmpfs" ino=10505 scontext=u:r:bootanim:s0 tcontext=u:object_r:device:s0 tclass=chr_file permissive=1
01-01 06:27:38.087   578   578 I BootAnimation: type=1400 audit(0.0:62): avc: denied { open } for path="/dev/kgsl-3d0" dev="tmpfs" ino=10505 scontext=u:r:bootanim:s0 tcontext=u:object_r:device:s0 tclass=chr_file permissive=1
01-01 06:27:38.087   578   578 I auditd  : type=1400 audit(0.0:63): avc: denied { ioctl } for comm="BootAnimation" path="/dev/kgsl-3d0" dev="tmpfs" ino=10505 ioctlcmd=940 scontext=u:r:bootanim:s0 tcontext=u:object_r:device:s0 tclass=chr_file permissive=1
01-01 06:27:38.087   578   578 I BootAnimation: type=1400 audit(0.0:63): avc: denied { ioctl } for path="/dev/kgsl-3d0" dev="tmpfs" ino=10505 ioctlcmd=940 scontext=u:r:bootanim:s0 tcontext=u:object_r:device:s0 tclass=chr_file permissive=1
01-01 06:27:38.092   566   578 D vndksupport: Loading /vendor/lib64/hw/gralloc.default.so from current namespace instead of sphal namespace.
01-01 06:27:38.093   566   578 I Adreno  : QUALCOMM build                   : d3015e9, I25dc76dc3f
01-01 06:27:38.093   566   578 I Adreno  : Build Date                       : 01/26/17
01-01 06:27:38.093   566   578 I Adreno  : OpenGL ES Shader Compiler Version: XE031.09.00.03
01-01 06:27:38.093   566   578 I Adreno  : Local Branch                     : 
01-01 06:27:38.093   566   578 I Adreno  : Remote Branch                    : refs/tags/AU_LINUX_ANDROID_LA.BF64.1.2.3_RB1.07.00.00.258.011
01-01 06:27:38.093   566   578 I Adreno  : Remote Branch                    : NONE
01-01 06:27:38.093   566   578 I Adreno  : Reconstruct Branch               : NOTHING
01-01 06:27:38.102   566   578 I ConfigStore: android::hardware::configstore::V1_0::ISurfaceFlingerConfigs::hasWideColorDisplay retrieved: 0
01-01 06:27:38.102   566   578 I ConfigStore: android::hardware::configstore::V1_0::ISurfaceFlingerConfigs::hasHDRDisplay retrieved: 0
01-01 06:27:38.228   566   578 D BootAnimation: BootAnimationShownTiming start time: 6736ms
01-01 06:27:38.248   566   578 D vndksupport: Loading /vendor/lib64/hw/android.hardware.graphics.mapper@2.0-impl.so from current namespace instead of sphal namespace.
01-01 06:27:38.250   566   578 D vndksupport: Loading /vendor/lib64/hw/gralloc.default.so from current namespace instead of sphal namespace.
01-01 06:27:38.251   566   578 I Adreno  : UpdateCurrentBuffer: Buffer is not an ION buffer
01-01 06:27:38.269   566   578 I Adreno  : flush reason set to EsxFlushModeReasonInvalidBinLayout
01-01 06:27:38.269   566   578 I Adreno  : flush reason set to EsxFlushModeReasonInvalidBinLayout
01-01 06:27:38.274   445   445 W Adreno-GSL: <gsl_ldd_control:467>: ioctl fd 16 code 0xc0300915 (IOCTL_KGSL_MAP_USER_MEM) failed: errno 22 Invalid argument
01-01 06:27:38.275   445   445 E SurfaceFlinger: failed to create EGLImage: 0x3002
01-01 06:27:38.275   445   445 E BufferLayerConsumer: Failed to create image. size=1440x2560 st=1440 usage=0x900 fmt=3
01-01 06:27:38.275   445   445 W BufferLayerConsumer: [BootAnimation#0] bindTextureImage: can't create image on slot=0
01-01 06:27:38.275   445   445 W BufferLayer: onDraw: bindTextureImage failed (err=-2147483648)
01-01 06:27:38.275   445   445 I Adreno  : UpdateCurrentBuffer: Buffer is not an ION buffer
01-01 06:27:38.276   445   445 I Adreno  : flush reason set to EsxFlushModeReasonInvalidBinLayout
01-01 06:27:38.276   445   445 I Adreno  : flush reason set to EsxFlushModeReasonInvalidBinLayout
01-01 06:27:38.277   445   445 F SurfaceFlinger: eglSwapBuffers(0x1, 0x7117793580) failed with 0x0000300d
--------- beginning of crash
01-01 06:27:38.278   445   445 F libc    : Fatal signal 6 (SIGABRT), code -6 (SI_TKILL) in tid 445 (surfaceflinger), pid 445 (surfaceflinger)
01-01 06:27:38.303   581   581 E cutils-trace: Error opening trace file: Permission denied (13)
01-01 06:27:38.311   582   582 I crash_dump64: obtaining output fd from tombstoned, type: kDebuggerdTombstone
01-01 06:27:38.312   467   467 I /system/bin/tombstoned: received crash request for pid 445
01-01 06:27:38.313   582   582 I crash_dump64: performing dump of process 445 (target tid = 445)
01-01 06:27:38.317   582   582 F DEBUG   : *** *** *** *** *** *** *** *** *** *** *** *** *** *** *** ***
01-01 06:27:38.318   582   582 F DEBUG   : CypherOS Version: '7.0.0'
01-01 06:27:38.318   582   582 F DEBUG   : Build fingerprint: 'lge/p1_global_com/p1:8.1.0/OPM4.171019.016.A1/4720815:user/release-keys'
01-01 06:27:38.318   582   582 F DEBUG   : Revision: '11'
01-01 06:27:38.318   582   582 F DEBUG   : ABI: 'arm64'
01-01 06:27:38.318   582   582 F DEBUG   : pid: 445, tid: 445, name: surfaceflinger  >>> /system/bin/surfaceflinger <<<
01-01 06:27:38.318   582   582 F DEBUG   : signal 6 (SIGABRT), code -6 (SI_TKILL), fault addr --------
01-01 06:27:38.318   582   582 F DEBUG   : Abort message: 'eglSwapBuffers(0x1, 0x7117793580) failed with 0x0000300d'
01-01 06:27:38.318   582   582 F DEBUG   :     x0  0000000000000000  x1  00000000000001bd  x2  0000000000000006  x3  0000000000000008
01-01 06:27:38.318   582   582 F DEBUG   :     x4  feff7164666d686b  x5  feff7164666d686b  x6  feff7164666d686b  x7  7f7f7f7f7f7f7f7f
01-01 06:27:38.318   582   582 F DEBUG   :     x8  0000000000000083  x9  ef9081d9f3a1502f  x10 0000000000000000  x11 fffffffc7fffffdf
01-01 06:27:38.318   582   582 F DEBUG   :     x12 0000000000000001  x13 ffffffffffffffff  x14 ffffffffff000000  x15 ffffffffffffffff
01-01 06:27:38.318   582   582 F DEBUG   :     x16 000000719a0ef2c0  x17 000000719a02d008  x18 0000000000000001  x19 00000000000001bd
01-01 06:27:38.318   582   582 F DEBUG   :     x20 00000000000001bd  x21 0000000000000000  x22 0000000000000000  x23 0000000000000018
01-01 06:27:38.318   582   582 F DEBUG   :     x24 0000007117793828  x25 000000719a172050  x26 000000719a172100  x27 00000071195450e0
01-01 06:27:38.318   582   582 F DEBUG   :     x28 00000071195450e0  x29 0000007fd2c1ac20
01-01 06:27:38.318   582   582 F DEBUG   :     sp  0000007fd2c1abe0  lr  000000719a021b84  pc  000000719a021bac
01-01 06:27:38.333   582   582 F DEBUG   : 
01-01 06:27:38.333   582   582 F DEBUG   : backtrace:
01-01 06:27:38.333   582   582 F DEBUG   :     #00 pc 0000000000021bac  /system/lib64/libc.so (abort+116)
01-01 06:27:38.333   582   582 F DEBUG   :     #01 pc 0000000000008080  /system/lib64/liblog.so (__android_log_assert+304)
01-01 06:27:38.333   582   582 F DEBUG   :     #02 pc 00000000000a0398  /system/lib64/libsurfaceflinger.so (android::RE::impl::Surface::swapBuffers() const+140)
01-01 06:27:38.333   582   582 F DEBUG   :     #03 pc 0000000000069058  /system/lib64/libsurfaceflinger.so (android::DisplayDevice::swapBuffers(android::HWComposer&) const+60)
01-01 06:27:38.333   582   582 F DEBUG   :     #04 pc 00000000000a8004  /system/lib64/libsurfaceflinger.so (android::SurfaceFlinger::handleMessageRefresh()+2424)
01-01 06:27:38.333   582   582 F DEBUG   :     #05 pc 00000000000a75e8  /system/lib64/libsurfaceflinger.so (android::SurfaceFlinger::onMessageReceived(int)+3832)
01-01 06:27:38.333   582   582 F DEBUG   :     #06 pc 0000000000013fb8  /system/lib64/libutils.so (android::Looper::pollInner(int)+336)
01-01 06:27:38.333   582   582 F DEBUG   :     #07 pc 0000000000013dcc  /system/lib64/libutils.so (android::Looper::pollOnce(int, int*, int*, void**)+60)
01-01 06:27:38.333   582   582 F DEBUG   :     #08 pc 0000000000097c70  /system/lib64/libsurfaceflinger.so (android::impl::MessageQueue::waitMessage()+84)
01-01 06:27:38.333   582   582 F DEBUG   :     #09 pc 00000000000a5e04  /system/lib64/libsurfaceflinger.so (android::SurfaceFlinger::run()+20)
01-01 06:27:38.333   582   582 F DEBUG   :     #10 pc 00000000000031ac  /system/bin/surfaceflinger (main+936)
01-01 06:27:38.333   582   582 F DEBUG   :     #11 pc 00000000000ac984  /system/lib64/libc.so (__libc_init+88)
01-01 06:27:38.347     0     0 I [    6.855958 / 01-01 06:27:38.339][0] FG: update_battery_type: use battery type : itech_3000mah
01-01 06:27:38.348     0     0 I [    6.855989 / 01-01 06:27:38.339][0] of_batterydata_get_best_profile: itech_3000mah found
01-01 06:27:38.364     0     0 D [    6.873447 / 01-01 06:27:38.355][1] logd: logdr: UID=1000 GID=1003 PID=582 n tail=50 logMask=8 pid=445 start=0ns timeout=0ns
01-01 06:27:38.364     0     0 D [    6.874421 / 01-01 06:27:38.355][0] logd: logdr: UID=1000 GID=1003 PID=582 n tail=50 logMask=1 pid=445 start=0ns timeout=0ns
01-01 06:27:38.407     0     0 D [    6.917229 / 01-01 06:27:38.399][0] logd: logdr: UID=1000 GID=1003 PID=582 n tail=0 logMask=8 pid=445 start=0ns timeout=0ns
01-01 06:27:38.408     0     0 D [    6.918202 / 01-01 06:27:38.399][0] logd: logdr: UID=1000 GID=1003 PID=582 n tail=0 logMask=1 pid=445 start=0ns timeout=0ns
01-01 06:27:38.410   582   582 E crash_dump64: unable to connect to activity manager: No such file or directory
01-01 06:27:38.410   467   467 E /system/bin/tombstoned: Tombstone written to: /data/tombstones/tombstone_20
01-01 06:27:38.416     0     0 I [    6.924817 / 01-01 06:27:38.407][1] init: Untracked pid 582 exited with status 0
01-01 06:27:38.419   402   402 I ServiceManager: service 'gpu' died
01-01 06:27:38.419   402   402 I ServiceManager: service 'SurfaceFlinger' died
01-01 06:27:38.419   566   577 W SurfaceComposerClient: ComposerService remote (surfaceflinger) died [0x79bea413c0]
01-01 06:27:38.419   566   577 D BootAnimation: SurfaceFlinger died, exiting...
