01-01 01:12:41.757     0     0 I         : [    5.226555 / 01-01 01:12:41.751][5] msm8994-asoc-snd fe034000.sound:  snd-soc-dummy-dai <-> MultiMedia1 mapping ok
01-01 01:12:41.757     0     0 I         : [    5.227003 / 01-01 01:12:41.751][5] msm8994-asoc-snd fe034000.sound:  snd-soc-dummy-dai <-> MultiMedia2 mapping ok
01-01 01:12:41.757     0     0 I         : [    5.227314 / 01-01 01:12:41.751][5] msm8994-asoc-snd fe034000.sound:  snd-soc-dummy-dai <-> CS-VOICE mapping ok
01-01 01:12:41.757     0     0 I         : [    5.227592 / 01-01 01:12:41.751][5] msm8994-asoc-snd fe034000.sound:  snd-soc-dummy-dai <-> VoIP mapping ok
01-01 01:12:41.757     0     0 I         : [    5.228026 / 01-01 01:12:41.751][5] msm8994-asoc-snd fe034000.sound:  snd-soc-dummy-dai <-> MultiMedia3 mapping ok
01-01 01:12:41.757     0     0 I         : [    5.228317 / 01-01 01:12:41.751][5] msm8994-asoc-snd fe034000.sound:  snd-soc-dummy-dai <-> SLIMBUS0_HOSTLESS mapping ok
01-01 01:12:41.757     0     0 I         : [    5.228588 / 01-01 01:12:41.751][5] msm8994-asoc-snd fe034000.sound:  snd-soc-dummy-dai <-> PRI_MI2S_TX_HOSTLESS mapping ok
01-01 01:12:41.757     0     0 I         : [    5.228808 / 01-01 01:12:41.751][5] msm8994-asoc-snd fe034000.sound:  msm-stub-rx <-> com,msm-dai-q6-afe-proxy-rx.209 mapping ok
01-01 01:12:41.757     0     0 I         : [    5.229026 / 01-01 01:12:41.751][5] msm8994-asoc-snd fe034000.sound:  msm-stub-tx <-> qcom,msm-dai-q6-afe-proxy-tx.21 mapping ok
01-01 01:12:41.757     0     0 I         : [    5.229501 / 01-01 01:12:41.751][5] compress asoc: snd-soc-dummy-dai <-> MultiMedia4 mapping ok
01-01 01:12:41.757     0     0 I         : [    5.229919 / 01-01 01:12:41.755][5] msm8994-asoc-snd fe034000.sound:  snd-soc-dummy-dai <-> AUXPCM_HOSTLESS mapping ok
01-01 01:12:41.757     0     0 I         : [    5.230204 / 01-01 01:12:41.755][5] msm8994-asoc-snd fe034000.sound:  snd-soc-dummy-dai <-> SLIMBUS1_HOSTLESS mapping ok
01-01 01:12:41.760     0     0 I         : [    5.230498 / 01-01 01:12:41.755][5] msm8994-asoc-snd fe034000.sound:  snd-soc-dummy-dai <-> SLIMBUS3_HOSTLESS mapping ok
01-01 01:12:41.760     0     0 I         : [    5.230785 / 01-01 01:12:41.755][5] msm8994-asoc-snd fe034000.sound:  snd-soc-dummy-dai <-> SLIMBUS4_HOSTLESS mapping ok
01-01 01:12:41.760     0     0 I         : [    5.231059 / 01-01 01:12:41.755][5] msm8994-asoc-snd fe034000.sound:  snd-soc-dummy-dai <-> VoLTE mapping ok
01-01 01:12:41.760     0     0 I         : [    5.231524 / 01-01 01:12:41.755][5] msm8994-asoc-snd fe034000.sound:  snd-soc-dummy-dai <-> MultiMedia5 mapping ok
01-01 01:12:41.760     0     0 I         : [    5.231808 / 01-01 01:12:41.755][5] msm8994-asoc-snd fe034000.sound:  snd-soc-dummy-dai <-> LSM1 mapping ok
01-01 01:12:41.761     0     0 I         : [    5.232339 / 01-01 01:12:41.755][5] compress asoc: snd-soc-dummy-dai <-> MultiMedia7 mapping ok
01-01 01:12:41.761     0     0 I         : [    5.232932 / 01-01 01:12:41.755][5] compress asoc: snd-soc-dummy-dai <-> MultiMedia10 mapping ok
01-01 01:12:41.761     0     0 I         : [    5.233445 / 01-01 01:12:41.755][5] msm8994-asoc-snd fe034000.sound:  snd-soc-dummy-dai <-> MultiMedia8 mapping ok
01-01 01:12:41.761     0     0 I         : [    5.233758 / 01-01 01:12:41.759][5] msm8994-asoc-snd fe034000.sound:  snd-soc-dummy-dai <-> QCHAT mapping ok
01-01 01:12:41.764     0     0 I         : [    5.234081 / 01-01 01:12:41.759][5] msm8994-asoc-snd fe034000.sound:  snd-soc-dummy-dai <-> HDMI_HOSTLESS mapping ok
01-01 01:12:41.765     0     0 I         : [    5.234363 / 01-01 01:12:41.759][5] msm8994-asoc-snd fe034000.sound:  snd-soc-dummy-dai <-> Voice2 mapping ok
01-01 01:12:41.765     0     0 I         : [    5.234625 / 01-01 01:12:41.759][5] msm8994-asoc-snd fe034000.sound:  snd-soc-dummy-dai <-> INT_HFP_BT_HOSTLESS mapping ok
01-01 01:12:41.765     0     0 I         : [    5.235004 / 01-01 01:12:41.759][5] msm8994-asoc-snd fe034000.sound:  snd-soc-dummy-dai <-> MultiMedia6 mapping ok
01-01 01:12:41.765     0     0 I         : [    5.235266 / 01-01 01:12:41.759][5] msm8994-asoc-snd fe034000.sound:  tomtom_vifeedback <-> qcom,msm-dai-q6-sb-4-tx.201 mapping ok
01-01 01:12:41.765     0     0 I         : [    5.235572 / 01-01 01:12:41.759][5] msm8994-asoc-snd fe034000.sound:  tomtom_rx2 <-> qcom,msm-dai-q6-sb-2-rx.196 mapping ok
01-01 01:12:41.765     0     0 I         : [    5.235810 / 01-01 01:12:41.759][5] msm8994-asoc-snd fe034000.sound:  tomtom_tx2 <-> qcom,msm-dai-q6-sb-2-tx.197 mapping ok
01-01 01:12:41.765     0     0 I         : [    5.236152 / 01-01 01:12:41.759][5] msm8994-asoc-snd fe034000.sound:  snd-soc-dummy-dai <-> LSM2 mapping ok
01-01 01:12:41.765     0     0 I         : [    5.236413 / 01-01 01:12:41.759][5] msm8994-asoc-snd fe034000.sound:  snd-soc-dummy-dai <-> LSM3 mapping ok
01-01 01:12:41.765     0     0 I         : [    5.236647 / 01-01 01:12:41.759][5] msm8994-asoc-snd fe034000.sound:  snd-soc-dummy-dai <-> LSM4 mapping ok
01-01 01:12:41.765     0     0 I         : [    5.236881 / 01-01 01:12:41.759][5] msm8994-asoc-snd fe034000.sound:  snd-soc-dummy-dai <-> LSM5 mapping ok
01-01 01:12:41.765     0     0 I         : [    5.237119 / 01-01 01:12:41.759][5] msm8994-asoc-snd fe034000.sound:  snd-soc-dummy-dai <-> LSM6 mapping ok
01-01 01:12:41.765     0     0 I         : [    5.237373 / 01-01 01:12:41.759][5] msm8994-asoc-snd fe034000.sound:  snd-soc-dummy-dai <-> LSM7 mapping ok
01-01 01:12:41.765     0     0 I         : [    5.237706 / 01-01 01:12:41.763][5] msm8994-asoc-snd fe034000.sound:  snd-soc-dummy-dai <-> LSM8 mapping ok
01-01 01:12:41.768     0     0 I         : [    5.238205 / 01-01 01:12:41.763][5] msm8994-asoc-snd fe034000.sound:  snd-soc-dummy-dai <-> MultiMedia9 mapping ok
01-01 01:12:41.768     0     0 I         : [    5.238525 / 01-01 01:12:41.763][5] msm8994-asoc-snd fe034000.sound:  snd-soc-dummy-dai <-> VoWLAN mapping ok
01-01 01:12:41.768     0     0 I         : [    5.238999 / 01-01 01:12:41.763][5] compress asoc: snd-soc-dummy-dai <-> MultiMedia11 mapping ok
01-01 01:12:41.768     0     0 I         : [    5.239496 / 01-01 01:12:41.763][5] compress asoc: snd-soc-dummy-dai <-> MultiMedia12 mapping ok
01-01 01:12:41.768     0     0 I         : [    5.239976 / 01-01 01:12:41.763][5] compress asoc: snd-soc-dummy-dai <-> MultiMedia13 mapping ok
01-01 01:12:41.768     0     0 I         : [    5.240474 / 01-01 01:12:41.763][5] compress asoc: snd-soc-dummy-dai <-> MultiMedia14 mapping ok
01-01 01:12:41.768     0     0 I         : [    5.240938 / 01-01 01:12:41.763][5] compress asoc: snd-soc-dummy-dai <-> MultiMedia15 mapping ok
01-01 01:12:41.768     0     0 I         : [    5.241431 / 01-01 01:12:41.763][5] compress asoc: snd-soc-dummy-dai <-> MultiMedia16 mapping ok
01-01 01:12:41.769     0     0 I         : [    5.241735 / 01-01 01:12:41.767][5] msm8994-asoc-snd fe034000.sound:  tomtom_mad1 <-> CPE_LSM_NOHOST mapping ok
01-01 01:12:41.772     0     0 I         : [    5.242193 / 01-01 01:12:41.767][5] msm8994-asoc-snd fe034000.sound:  snd-soc-dummy-dai <-> MultiMedia3 mapping ok
01-01 01:12:41.772     0     0 I         : [    5.242421 / 01-01 01:12:41.767][5] msm8994-asoc-snd fe034000.sound:  msm-stub-rx <-> qcom,msm-dai-q6-int-fm-rx.205 mapping ok
01-01 01:12:41.772     0     0 I         : [    5.242626 / 01-01 01:12:41.767][5] msm8994-asoc-snd fe034000.sound:  msm-stub-tx <-> qcom,msm-dai-q6-int-fm-tx.206 mapping ok
01-01 01:12:41.772     0     0 I         : [    5.242827 / 01-01 01:12:41.767][5] msm8994-asoc-snd fe034000.sound:  msm-stub-rx <-> qcom,msm-dai-q6-be-afe-pcm-rx.2 mapping ok
01-01 01:12:41.772     0     0 I         : [    5.243062 / 01-01 01:12:41.767][5] msm8994-asoc-snd fe034000.sound:  msm-stub-tx <-> qcom,msm-dai-q6-be-afe-pcm-tx.2 mapping ok
01-01 01:12:41.772     0     0 I         : [    5.243261 / 01-01 01:12:41.767][5] msm8994-asoc-snd fe034000.sound:  msm-stub-rx <-> qcom,msm-pri-auxpcm.53 mapping ok
01-01 01:12:41.772     0     0 I         : [    5.243453 / 01-01 01:12:41.767][5] msm8994-asoc-snd fe034000.sound:  msm-stub-tx <-> qcom,msm-pri-auxpcm.53 mapping ok
01-01 01:12:41.772     0     0 I         : [    5.243665 / 01-01 01:12:41.767][5] msm8994-asoc-snd fe034000.sound:  msm-stub-rx <-> qcom,msm-sec-auxpcm.54 mapping ok
01-01 01:12:41.772     0     0 I         : [    5.243881 / 01-01 01:12:41.767][5] msm8994-asoc-snd fe034000.sound:  msm-stub-tx <-> qcom,msm-sec-auxpcm.54 mapping ok
01-01 01:12:41.772     0     0 I [    5.244052 / 01-01 01:12:41.767][5] msm_audrx_init: dev_nameqcom,msm-dai-q6-sb-0-rx.192
01-01 01:12:41.774   487   487 W /vendor/bin/hw/android.hardware.configstore@1.1-service: libminijail[487]: allowing syscall: connect
01-01 01:12:41.774   487   487 W /vendor/bin/hw/android.hardware.configstore@1.1-service: libminijail[487]: allowing syscall: fcntl
01-01 01:12:41.774   487   487 W /vendor/bin/hw/android.hardware.configstore@1.1-service: libminijail[487]: allowing syscall: sendto
01-01 01:12:41.774   487   487 W /vendor/bin/hw/android.hardware.configstore@1.1-service: libminijail[487]: allowing syscall: socket
01-01 01:12:41.774   487   487 W /vendor/bin/hw/android.hardware.configstore@1.1-service: libminijail[487]: allowing syscall: writev
01-01 01:12:41.782   487   487 W /vendor/bin/hw/android.hardware.configstore@1.1-service: libminijail[487]: logging seccomp filter failures
01-01 01:12:41.783   487   487 I ServiceManagement: Removing namespace from process name android.hardware.configstore@1.1-service to configstore@1.1-service.
01-01 01:12:41.799   503   503 E Sensors : sns_debug_set_dbg_str_mask: Setting log level to 5
01-01 01:12:41.803   483   483 I health@2.0/: health@2.0/backup: Hal starting main loop...
01-01 01:12:41.803   483   483 I health@2.0/: health@2.0/backup Hal is starting up...
01-01 01:12:41.813   496   496 I /vendor/bin/hw/android.hardware.thermal@1.1-service: Thermal HAL Service 1.1 starting...
01-01 01:12:41.814   496   496 E /vendor/bin/hw/android.hardware.thermal@1.1-service: Could not read /sys/devices/virtual/thermal/cdev-by-name/thermal-cpufreq-0
01-01 01:12:41.814   496   496 E /vendor/bin/hw/android.hardware.thermal@1.1-service: Could not read cooling device value.
01-01 01:12:41.814   496   496 E /vendor/bin/hw/android.hardware.thermal@1.1-service: Could not read /sys/devices/virtual/thermal/cdev-by-name/thermal-cpufreq-6
01-01 01:12:41.814   496   496 E /vendor/bin/hw/android.hardware.thermal@1.1-service: Could not read cooling device value.
01-01 01:12:41.814   496   496 E /vendor/bin/hw/android.hardware.thermal@1.1-service: Could not read /sys/devices/virtual/thermal/cdev-by-name/usb
01-01 01:12:41.814   496   496 E /vendor/bin/hw/android.hardware.thermal@1.1-service: Could not read cooling device value.
01-01 01:12:41.814   496   496 E /vendor/bin/hw/android.hardware.thermal@1.1-service: Error reading config path: /vendor/etc/thermal-engine-qcom.conf
01-01 01:12:41.814   496   496 I /vendor/bin/hw/android.hardware.thermal@1.1-service: Sensor configs
01-01 01:12:41.814   496   496 I /vendor/bin/hw/android.hardware.thermal@1.1-service: Shutdown configs
01-01 01:12:41.814   496   496 E /vendor/bin/hw/android.hardware.thermal@1.1-service: Error reading config path: /vendor/etc/thermal-engine-qcom-vr.conf
01-01 01:12:41.814   496   496 I /vendor/bin/hw/android.hardware.thermal@1.1-service: VR Sensor configs
01-01 01:12:41.814   496   496 I /vendor/bin/hw/android.hardware.thermal@1.1-service: VR Shutdown configs
01-01 01:12:41.814   496   496 I ServiceManagement: Removing namespace from process name android.hardware.thermal@1.1-service to thermal@1.1-service.
01-01 01:12:41.821   504   504 I MSM-irqbalance: msm-irq_balance (1.3) initialized
01-01 01:12:41.821   504   504 I MSM-irqbalance: Configuration
01-01 01:12:41.821   504   504 I MSM-irqbalance: Rate: 0.2 Hz
01-01 01:12:41.821   504   504 I MSM-irqbalance: Decay Factor: 75.0
01-01 01:12:41.821   504   504 I MSM-irqbalance: Balancing Factor: 0.1
01-01 01:12:41.821   504   504 I MSM-irqbalance: Debug Log: OFF
01-01 01:12:41.821   504   504 I MSM-irqbalance: Cfg file: /system/vendor/etc/msm_irqbalance.conf
01-01 01:12:41.821   504   504 I MSM-irqbalance: CPU PRIO: CPU0: 1 CPU1: 1 CPU2: 1 CPU3: 1 CPU4: 0 CPU5: 0 
01-01 01:12:41.821   504   504 I MSM-irqbalance: Ignored IRQs: 20 40 200 203 155 157 159 
01-01 01:12:41.830   501   501 I rfs_access: All clients successfully initialized.
01-01 01:12:41.830   501   501 E rfs_access: Unable to open wake lock file /sys/power/wake_lock : return val: -1, error no: 13 string = Permission denied
01-01 01:12:41.830   501   501 E rfs_access: Failed to create  dirs for(/persist/rfs/msm/adsp/) errno = -13 (Permission denied)
01-01 01:12:41.830   501   501 E rfs_access: All Data dirs couldnt be created.
01-01 01:12:41.840   501   501 I rfs_access: Initialized RFS server
01-01 01:12:41.841   498   498 I android.hardware.wifi.offload@1.0-service: Wifi Offload HAL service start 
01-01 01:12:41.842   498   498 I android.hardware.wifi.offload@1.0-service: Wifi Offload HAL impl
01-01 01:12:41.842   498   498 I ServiceManagement: Removing namespace from process name android.hardware.wifi.offload@1.0-service to offload@1.0-service.
01-01 01:12:41.849   491   491 D nxpnfc@1.0-service: NFC HAL Service 1.1 is starting.
01-01 01:12:41.850   491   491 I ServiceManagement: Removing namespace from process name android.hardware.nfc@1.1-service to nfc@1.1-service.
01-01 01:12:41.852   528   528 I qcom-bluetooth: /system/vendor/bin/init.qcom.bt.sh: init.qcom.bt.sh config = onboot
01-01 01:12:41.855   492   492 I auditd  : type=1400 audit(0.0:4): avc: denied { call } for comm="power@1.1-servi" scontext=u:r:init:s0 tcontext=u:r:hwservicemanager:s0 tclass=binder permissive=1
01-01 01:12:41.855   492   492 I power@1.1-servi: type=1400 audit(0.0:4): avc: denied { call } for scontext=u:r:init:s0 tcontext=u:r:hwservicemanager:s0 tclass=binder permissive=1
01-01 01:12:41.855   492   492 I auditd  : type=1400 audit(0.0:5): avc: denied { transfer } for comm="power@1.1-servi" scontext=u:r:init:s0 tcontext=u:r:hwservicemanager:s0 tclass=binder permissive=1
01-01 01:12:41.855   492   492 I power@1.1-servi: type=1400 audit(0.0:5): avc: denied { transfer } for scontext=u:r:init:s0 tcontext=u:r:hwservicemanager:s0 tclass=binder permissive=1
01-01 01:12:41.857   492   492 E QCOM PowerHAL: Unable to get perf_hint function handle.
01-01 01:12:41.857   492   492 I android.hardware.power@1.1-service-qti: Power HAL Service 1.1 for QCOM is starting.
01-01 01:12:41.857   492   492 I QCOM PowerHAL: QCOM power HAL initing.
01-01 01:12:41.857   492   492 I ServiceManagement: Removing namespace from process name android.hardware.power@1.1-service-qti to power@1.1-service-qti.
01-01 01:12:41.859   497   497 I ServiceManagement: Removing namespace from process name android.hardware.usb@1.0-service to usb@1.0-service.
01-01 01:12:41.864     0     0 I [    5.337114 / 01-01 01:12:41.859][0] msm_thermal: freq_mitigation_notify Mitigating CPU4 frequency to 960000
01-01 01:12:41.872   494   494 D nxpese@1.0-service: Secure Element HAL Service 1.0 is starting.
01-01 01:12:41.872   494   494 I ServiceManagement: Removing namespace from process name android.hardware.secure_element@1.0-service to secure_element@1.0-service.
01-01 01:12:41.906   403   403 I snet_event_log: [121035042,-1,]
01-01 01:12:41.912   510   510 I lowmemorykiller: Using in-kernel low memory killer interface
01-01 01:12:41.916   496   496 I /vendor/bin/hw/android.hardware.thermal@1.1-service: Thermal Service started successfully.
01-01 01:12:41.918   484   484 E audiohalservice: Could not get passthrough implementation for android.hardware.audio@4.0::IDevicesFactory/default.
01-01 01:12:41.919   403   403 I auditd  : type=1400 audit(0.0:6): avc: denied { search } for comm="hwservicemanage" name="492" dev="proc" ino=6128 scontext=u:r:hwservicemanager:s0 tcontext=u:r:init:s0 tclass=dir permissive=1
01-01 01:12:41.919   403   403 I hwservicemanage: type=1400 audit(0.0:6): avc: denied { search } for name="492" dev="proc" ino=6128 scontext=u:r:hwservicemanager:s0 tcontext=u:r:init:s0 tclass=dir permissive=1
01-01 01:12:41.919   403   403 I auditd  : type=1400 audit(0.0:7): avc: denied { read } for comm="hwservicemanage" name="current" dev="proc" ino=13311 scontext=u:r:hwservicemanager:s0 tcontext=u:r:init:s0 tclass=file permissive=1
01-01 01:12:41.919   403   403 I hwservicemanage: type=1400 audit(0.0:7): avc: denied { read } for name="current" dev="proc" ino=13311 scontext=u:r:hwservicemanager:s0 tcontext=u:r:init:s0 tclass=file permissive=1
01-01 01:12:41.919   403   403 I auditd  : type=1400 audit(0.0:8): avc: denied { open } for comm="hwservicemanage" path="/proc/492/attr/current" dev="proc" ino=13311 scontext=u:r:hwservicemanager:s0 tcontext=u:r:init:s0 tclass=file permissive=1
01-01 01:12:41.919   403   403 I hwservicemanage: type=1400 audit(0.0:8): avc: denied { open } for path="/proc/492/attr/current" dev="proc" ino=13311 scontext=u:r:hwservicemanager:s0 tcontext=u:r:init:s0 tclass=file permissive=1
01-01 01:12:41.919   403   403 I auditd  : type=1400 audit(0.0:9): avc: denied { getattr } for comm="hwservicemanage" scontext=u:r:hwservicemanager:s0 tcontext=u:r:init:s0 tclass=process permissive=1
01-01 01:12:41.919   403   403 I hwservicemanage: type=1400 audit(0.0:9): avc: denied { getattr } for scontext=u:r:hwservicemanager:s0 tcontext=u:r:init:s0 tclass=process permissive=1
01-01 01:12:41.919   403   403 I auditd  : type=1400 audit(0.0:10): avc: denied { call } for comm="hwservicemanage" scontext=u:r:hwservicemanager:s0 tcontext=u:r:init:s0 tclass=binder permissive=1
01-01 01:12:41.919   403   403 I hwservicemanage: type=1400 audit(0.0:10): avc: denied { call } for scontext=u:r:hwservicemanager:s0 tcontext=u:r:init:s0 tclass=binder permissive=1
01-01 01:12:41.919   403   403 I chatty  : uid=1000(system) hwservicemanage identical 9 lines
01-01 01:12:41.921   403   403 I snet_event_log: [121035042,-1,]
01-01 01:12:41.921   403   403 E SELinux : avc:  denied  { add } for interface=android.hardware.power::IPower sid=u:r:init:s0 pid=492 scontext=u:r:init:s0 tcontext=u:object_r:hal_power_hwservice:s0 tclass=hwservice_manager permissive=1
01-01 01:12:41.921   403   403 I auditd  : avc:  denied  { add } for interface=android.hardware.power::IPower sid=u:r:init:s0 pid=492 scontext=u:r:init:s0 tcontext=u:object_r:hal_power_hwservice:s0 tclass=hwservice_manager permissive=1
01-01 01:12:41.922   403   403 E SELinux : avc:  denied  { add } for interface=android.hidl.base::IBase sid=u:r:init:s0 pid=492 scontext=u:r:init:s0 tcontext=u:object_r:hidl_base_hwservice:s0 tclass=hwservice_manager permissive=1
01-01 01:12:41.922   403   403 I auditd  : avc:  denied  { add } for interface=android.hidl.base::IBase sid=u:r:init:s0 pid=492 scontext=u:r:init:s0 tcontext=u:object_r:hidl_base_hwservice:s0 tclass=hwservice_manager permissive=1
01-01 01:12:41.922   492   492 I android.hardware.power@1.1-service-qti: Power Service is ready
01-01 01:12:41.922   403   403 I snet_event_log: [121035042,-1,]
01-01 01:12:41.923   497   497 I android.hardware.usb@1.0-service: USB HAL Ready.
01-01 01:12:41.924     0     0 I [    5.395008 / 01-01 01:12:41.919][4] audioserver[509]: syscall 384
01-01 01:12:41.925     0     0 W [    5.395028 / 01-01 01:12:41.919][4] Code: ea00e67e e1a0c007 e3a07d06 ef000000 (e1a0700c)
01-01 01:12:41.925     0     0 W [    5.395048 / 01-01 01:12:41.919][4] CPU: 4 PID: 509 Comm: audioserver Not tainted 3.10.108-g679929a8 #2
01-01 01:12:41.925     0     0 W         : [    5.395061 / 01-01 01:12:41.919][4] Hardware name: Qualcomm Technologies, Inc. MSM8992 P1 GLOBAL COM (DT)
01-01 01:12:41.925     0     0 W [    5.395075 / 01-01 01:12:41.919][4] task: ffffffc0bb501000 ti: ffffffc0bb50c000 task.ti: ffffffc0bb50c000
01-01 01:12:41.925     0     0 W         : [    5.395089 / 01-01 01:12:41.919][4] PC is at 0xf51e0040
01-01 01:12:41.925     0     0 W         : [    5.395101 / 01-01 01:12:41.919][4] LR is at 0xf51aa5c7
01-01 01:12:41.925     0     0 W [    5.395114 / 01-01 01:12:41.919][4] pc: [<00000000f51e0040>] lr : [<00000000f51aa5c7>] pstate: 20070010
01-01 01:12:41.925     0     0 W [    5.395125 / 01-01 01:12:41.919][4] sp: 00000000ff8b4a38
01-01 01:12:41.925     0     0 W [    5.395137 / 01-01 01:12:41.919][4] x12: 0000000000000028
01-01 01:12:41.925     0     0 W [    5.395149 / 01-01 01:12:41.919][4] x11: 00000000f7775640 x10: 0000000000000002
01-01 01:12:41.925     0     0 W [    5.395164 / 01-01 01:12:41.919][4] x9: 0000000000000028 x8 : 00000000ff8b4a60
01-01 01:12:41.925     0     0 W [    5.395178 / 01-01 01:12:41.919][4] x7: 0000000000000180 x6 : 00000000ff8b4a60
01-01 01:12:41.925     0     0 W [    5.395191 / 01-01 01:12:41.919][4] x5: 0000000000000000 x4 : 00000000f77784ec
01-01 01:12:41.925     0     0 W [    5.395205 / 01-01 01:12:41.919][4] x3: 0000000000000000 x2 : 0000000000000001
01-01 01:12:41.925     0     0 W [    5.395217 / 01-01 01:12:41.919][4] x1: 0000000000000028 x0 : 00000000ff8b4a60
01-01 01:12:41.925     0     0 W         : [    5.395230 / 01-01 01:12:41.919][4]
01-01 01:12:41.925   491   491 D nxpnfc@1.0-service: NFC service is ready
01-01 01:12:41.925   484   484 D vndksupport: Loading /vendor/lib/hw/android.hardware.audio@2.0-impl.so from current namespace instead of sphal namespace.
01-01 01:12:41.926   494   494 D nxpese@1.0-service: Secure Element Service is ready
01-01 01:12:41.926   483   483 D vndksupport: Loading /vendor/lib64/hw/android.hardware.health@1.0-impl.so from current namespace instead of sphal namespace.
01-01 01:12:41.926   488   488 D vndksupport: Loading /vendor/lib64/hw/android.hardware.graphics.allocator@2.0-impl.so from current namespace instead of sphal namespace.
01-01 01:12:41.927   495   495 D vndksupport: Loading /vendor/lib64/hw/android.hardware.thermal@1.0-impl.so from current namespace instead of sphal namespace.
01-01 01:12:41.927   489   489 D vndksupport: Loading /vendor/lib64/hw/android.hardware.health@1.0-impl.so from current namespace instead of sphal namespace.
01-01 01:12:41.927   490   490 D vndksupport: Loading /vendor/lib64/hw/android.hardware.light@2.0-impl.so from current namespace instead of sphal namespace.
01-01 01:12:41.929   483   483 I healthd : healthd: redirecting calls to 1.0 health HAL
01-01 01:12:41.930   490   490 D vndksupport: Loading /vendor/lib64/hw/lights.msm8992.so from current namespace instead of sphal namespace.
01-01 01:12:41.931   488   488 D vndksupport: Loading /vendor/lib64/hw/gralloc.msm8992.so from current namespace instead of sphal namespace.
01-01 01:12:41.931   489   489 I ServiceManagement: Removing namespace from process name android.hardware.health@1.0-service to health@1.0-service.
01-01 01:12:41.932   490   490 D vndksupport: Loading /vendor/lib64/hw/lights.msm8992.so from current namespace instead of sphal namespace.
01-01 01:12:41.932     0     0 W [    5.403669 / 01-01 01:12:41.927][3] healthd: BatteryFullChargePath not found
01-01 01:12:41.932     0     0 W [    5.403690 / 01-01 01:12:41.927][3] healthd: BatteryCycleCountPath not found
01-01 01:12:41.932   490   490 E light   : light_open lights keyboard failed: -22
01-01 01:12:41.933   490   490 E light   : Light passthrough failed to load legacy HAL.
01-01 01:12:41.933   490   490 D vndksupport: Loading /vendor/lib64/hw/lights.msm8992.so from current namespace instead of sphal namespace.
01-01 01:12:41.933   483   483 I health@2.0/: health@2.0/backup: Hal init done
01-01 01:12:41.933   490   490 E light   : light_open lights buttons failed: -22
01-01 01:12:41.933   490   490 E light   : Light passthrough failed to load legacy HAL.
01-01 01:12:41.933   490   490 D vndksupport: Loading /vendor/lib64/hw/lights.msm8992.so from current namespace instead of sphal namespace.
01-01 01:12:41.933   490   490 I chatty  : uid=1000(system) light@2.0-servi identical 2 lines
01-01 01:12:41.934   490   490 D vndksupport: Loading /vendor/lib64/hw/lights.msm8992.so from current namespace instead of sphal namespace.
01-01 01:12:41.934   490   490 E light   : light_open lights bluetooth failed: -22
01-01 01:12:41.934   490   490 E light   : Light passthrough failed to load legacy HAL.
01-01 01:12:41.934   490   490 D vndksupport: Loading /vendor/lib64/hw/lights.msm8992.so from current namespace instead of sphal namespace.
01-01 01:12:41.934   490   490 E light   : light_open lights wifi failed: -22
01-01 01:12:41.934   490   490 E light   : Light passthrough failed to load legacy HAL.
01-01 01:12:41.935   509   509 I FastMixerState: sMaxFastTracks = 8
01-01 01:12:41.935   489   489 I android.hardware.health@1.0-service: Registration complete for android.hardware.health@1.0::IHealth/default.
01-01 01:12:41.936     0     0 W [    5.407721 / 01-01 01:12:41.931][3] healthd: battery l=70 v=3870 t=23.1 h=2 st=2 c=294 chg=u
01-01 01:12:41.936   495   495 I ServiceManagement: Removing namespace from process name android.hardware.thermal@1.0-service to thermal@1.0-service.
01-01 01:12:41.937   490   490 I ServiceManagement: Removing namespace from process name android.hardware.light@2.0-service to light@2.0-service.
01-01 01:12:41.938   403   403 W hwservicemanager: getTransport: Cannot find entry android.hardware.thermal@1.1::IThermal/default in either framework or device manifest.
01-01 01:12:41.939   495   495 I android.hardware.thermal@1.0-service: Registration complete for android.hardware.thermal@1.0::IThermal/default.
01-01 01:12:41.939   490   490 I android.hardware.light@2.0-service: Registration complete for android.hardware.light@2.0::ILight/default.
01-01 01:12:41.941   512   512 W thermalserviced: Unable to get Thermal HAL V1.1, vendor thermal event notification not available
01-01 01:12:41.945   509   509 V MediaUtils: physMem: 2930528256
01-01 01:12:41.945   509   509 V MediaUtils: requested limit: 536870912
01-01 01:12:41.945   509   509 V MediaUtils: actual limit: 536870912
01-01 01:12:41.945   509   509 V MediaUtils: original limits: 4294967295/4294967295
01-01 01:12:41.945   509   509 V MediaUtils: new limits: 536870912/4294967295
01-01 01:12:41.946   509   509 I audioserver: ServiceManager: 0xf4a9c100
01-01 01:12:41.946   509   509 W BatteryNotifier: batterystats service unavailable!
01-01 01:12:41.948     0     0 I [    5.420810 / 01-01 01:12:41.943][0] msm_thermal: freq_mitigation_notify Removing frequency mitigation for CPU4
01-01 01:12:41.948   509   509 D vndksupport: Loading /vendor/lib/hw/android.hardware.audio@2.0-impl.so from current namespace instead of sphal namespace.
01-01 01:12:41.951   484   484 I ServiceManagement: Removing namespace from process name android.hardware.audio@2.0-service to audio@2.0-service.
01-01 01:12:41.953   509   509 D vndksupport: Loading /vendor/lib/hw/android.hardware.audio@2.0-impl.so from current namespace instead of sphal namespace.
01-01 01:12:41.954   484   484 I audiohalservice: Registration complete for android.hardware.audio@2.0::IDevicesFactory/default.
01-01 01:12:41.955   484   484 E audiohalservice: Could not get passthrough implementation for android.hardware.audio.effect@4.0::IEffectsFactory/default.
01-01 01:12:41.957   509   509 D vndksupport: Loading /vendor/lib/hw/android.hardware.audio@2.0-impl.so from current namespace instead of sphal namespace.
01-01 01:12:41.957   484   484 D vndksupport: Loading /vendor/lib/hw/android.hardware.audio.effect@2.0-impl.so from current namespace instead of sphal namespace.
01-01 01:12:41.959   509   509 D vndksupport: Loading /vendor/lib/hw/android.hardware.audio.effect@2.0-impl.so from current namespace instead of sphal namespace.
01-01 01:12:41.962   488   488 I ServiceManagement: Removing namespace from process name android.hardware.graphics.allocator@2.0-service to allocator@2.0-service.
01-01 01:12:41.963   488   488 I android.hardware.graphics.allocator@2.0-service: Registration complete for android.hardware.graphics.allocator@2.0::IAllocator/default.
01-01 01:12:41.999   509   509 D vndksupport: Loading /vendor/lib/hw/android.hardware.audio.effect@2.0-impl.so from current namespace instead of sphal namespace.
01-01 01:12:42.000   603   603 E QC-time-services: Daemon:genoff_boot_tod_init: Unable to set TOD at boot up
01-01 01:12:42.000   603   603 E QC-time-services: Daemon: Unable to set TOD at boot up
01-01 01:12:42.000   509   509 I AudioFlinger: Using 300 mSec as standby time.
01-01 01:12:42.000   603   648 D QC-time-services: Daemon: Time-services: All initializations done
01-01 01:12:42.000   603   648 E QC-time-services: Daemon: Time-services: Waiting to acceptconnection
01-01 01:12:42.000   603   646 D QC-time-services: Daemon:genoff_modem_qmi_service_request: Initiallizing QMI 
01-01 01:12:42.001   603   646 E Diag_Lib:  Diag_LSM_Init: Failed to open handle to diag driver, error = 13
01-01 01:12:42.001   603   646 E QMI_FW  : QMUXD: WARNING qmi_qmux_if_pwr_up_init failed! rc=-1
01-01 01:12:42.002   509   509 E APM::Serializer: deserialize: Could not parse /odm/etc/audio_policy_configuration.xml document.
01-01 01:12:42.002   603   646 I chatty  : uid=1000(system) /system/vendor/bin/time_daemon expire 6 lines
01-01 01:12:42.002   603   646 E QMI_FW  : QMUXD: WARNING qmi_qmux_if_pwr_up_init failed! rc=-1
01-01 01:12:42.002   603   646 E QC-time-services: Daemon:genoff_modem_qmi_service_request: qmi_client_get_service_list returned -2num_services 0
01-01 01:12:42.004   484   484 I audiohalservice: Registration complete for android.hardware.audio.effect@2.0::IEffectsFactory/default.
01-01 01:12:42.004   403   403 W hwservicemanager: getTransport: Cannot find entry android.hardware.soundtrigger@2.1::ISoundTriggerHw/default in either framework or device manifest.
01-01 01:12:42.005   484   484 E audiohalservice: Could not get passthrough implementation for android.hardware.soundtrigger@2.1::ISoundTriggerHw/default.
01-01 01:12:42.005   403   403 W hwservicemanager: getTransport: Cannot find entry android.hardware.soundtrigger@2.0::ISoundTriggerHw/default in either framework or device manifest.
01-01 01:12:42.006   484   484 E audiohalservice: Could not get passthrough implementation for android.hardware.soundtrigger@2.0::ISoundTriggerHw/default.
01-01 01:12:42.006   484   484 W audiohalservice: Could not register soundtrigger API 2.0 nor 2.1
01-01 01:12:42.006   403   403 W hwservicemanager: getTransport: Cannot find entry android.hardware.bluetooth.a2dp@1.0::IBluetoothAudioOffload/default in either framework or device manifest.
01-01 01:12:42.007   484   484 E audiohalservice: Could not get passthrough implementation for android.hardware.bluetooth.a2dp@1.0::IBluetoothAudioOffload/default.
01-01 01:12:42.007   484   484 W audiohalservice: Could not register Bluetooth audio offload 1.0
01-01 01:12:42.012   509   509 D audio_hw_spkr_prot: audio_extn_spkr_prot_init: Initialize speaker protection module
01-01 01:12:42.012   509   509 D audio_hw_spkr_prot: audio_extn_spkr_prot_init: Speaker protection disabled
01-01 01:12:42.012   509   509 E DAP_HAL : dap_hal_set_hw_info: dmid=0
01-01 01:12:42.012   509   509 E DAP_HAL :  key 00x
01-01 01:12:42.012   509   509 D msm8974_platform: hw_util_open Opening device /dev/snd/hwC0D1000
01-01 01:12:42.012   509   509 D msm8974_platform: hw_util_open success
01-01 01:12:42.012   509   509 D ACDB-LOADER: ACDB -> ACDB_CMD_GET_ANC_SETTING
01-01 01:12:42.012   509   509 D         : Failed to fetch the lookup information of the device 0000001A 
01-01 01:12:42.012   509   509 E ACDB-LOADER: Error: ACDB ANC returned = -1
01-01 01:12:42.012   509   509 D ACDB-LOADER: ACDB -> ACDB_CMD_GET_ANC_SETTING
01-01 01:12:42.012   509   509 D         : Failed to fetch the lookup information of the device 0000001B 
01-01 01:12:42.012   509   509 E ACDB-LOADER: Error: ACDB ANC returned = -1
01-01 01:12:42.012   509   509 D ACDB-LOADER: ACDB -> ACDB_CMD_GET_ANC_SETTING
01-01 01:12:42.012   509   509 D         : Failed to fetch the lookup information of the device 0000001C 
01-01 01:12:42.012   509   509 E ACDB-LOADER: Error: ACDB ANC returned = -1
01-01 01:12:42.012   509   509 D ACDB-LOADER: ACDB -> ACDB_CMD_GET_ANC_SETTING
01-01 01:12:42.012   509   509 D         : Failed to fetch the lookup information of the device 0000001D 
01-01 01:12:42.012   509   509 E ACDB-LOADER: Error: ACDB ANC returned = -1
01-01 01:12:42.012   509   509 D ACDB-LOADER: ACDB -> ACDB_CMD_GET_ANC_SETTING
01-01 01:12:42.012   509   509 D         : Failed to fetch the lookup information of the device 0000001E 
01-01 01:12:42.012   509   509 E ACDB-LOADER: Error: ACDB ANC returned = -1
01-01 01:12:42.012   509   509 D ACDB-LOADER: ACDB -> ACDB_CMD_GET_ANC_SETTING
01-01 01:12:42.012   509   509 D         : Failed to fetch the lookup information of the device 0000001F 
01-01 01:12:42.012   509   509 E ACDB-LOADER: Error: ACDB ANC returned = -1
01-01 01:12:42.012   509   509 D ACDB-LOADER: ACDB -> ACDB_CMD_GET_ANC_SETTING
01-01 01:12:42.012   509   509 D         : Failed to fetch the lookup information of the device 00000067 
01-01 01:12:42.012   509   509 E ACDB-LOADER: Error: ACDB ANC returned = -1
01-01 01:12:42.012   509   509 D ACDB-LOADER: ACDB -> ACDB_CMD_GET_ANC_SETTING
01-01 01:12:42.012   509   509 D         : Failed to fetch the lookup information of the device 00000056 
01-01 01:12:42.012   509   509 E ACDB-LOADER: Error: ACDB ANC returned = -1
01-01 01:12:42.012   509   509 D ACDB-LOADER: ACDB -> ACDB_CMD_GET_ANC_SETTING
01-01 01:12:42.012   509   509 D         : Failed to fetch the lookup information of the device 00000059 
01-01 01:12:42.012   509   509 E ACDB-LOADER: Error: ACDB ANC returned = -1
01-01 01:12:42.012   509   509 D msm8974_platform: send_codec_cal cal sent for anc_cal
01-01 01:12:42.012   509   509 E ACDB-LOADER: ACDB -> send_codec_cal
01-01 01:12:42.012   509   509 E ACDB-LOADER: ACDB -> ACDB_CMD_GET_CODEC_CAL_DATA
01-01 01:12:42.012   509   509 D msm8974_platform: send_codec_cal cal sent for mad_cal
01-01 01:12:42.013   509   509 D ACDB-LOADER: send mbhc data
01-01 01:12:42.013   509   509 D ACDB-LOADER: ACDB -> MBHC ACDB_PID_GENERAL_CONFIG
01-01 01:12:42.013   509   509 D ACDB-LOADER: ACDB -> MBHC ACDB_PID_PLUG_REMOVAL_DETECTION
01-01 01:12:42.013   509   509 D ACDB-LOADER: ACDB -> MBHC ACDB_PID_PLUG_TYPE_DETECTION
01-01 01:12:42.013   509   509 D ACDB-LOADER: ACDB -> MBHC ACDB_PID_BUTTON_PRESS_DETECTION
01-01 01:12:42.013   509   509 D ACDB-LOADER: ACDB -> MBHC ACDB_PID_IMPEDANCE_DETECTION
01-01 01:12:42.013   509   509 D msm8974_platform: send_codec_cal cal sent for mbhc_cal
01-01 01:12:42.016   509   509 D vndksupport: Loading /vendor/lib/hw/audio_amplifier.default.so from current namespace instead of sphal namespace.
01-01 01:12:42.020   509   509 E audio_hw_extn: audio_extn_perf_lock_init: Perf lock handles Success 
01-01 01:12:42.020   509   509 W DeviceHAL: Error from HAL Device in function get_master_volume: Function not implemented
01-01 01:12:42.020   509   509 W DeviceHAL: Error from HAL Device in function get_master_mute: Function not implemented
01-01 01:12:42.020   509   509 W DeviceHAL: Error from HAL Device in function set_master_volume: Function not implemented
01-01 01:12:42.020   509   509 W DeviceHAL: Error from HAL Device in function set_master_mute: Function not implemented
01-01 01:12:42.020   509   509 I AudioFlinger: loadHwModule() Loaded primary audio interface, handle 10
01-01 01:12:42.020   509   509 I AudioFlinger: openOutput() this 0xf4abe000, module 10 Device 0x2, SamplingRate 48000, Format 0x000001, Channels 0x3, flags 0x2
01-01 01:12:42.020   509   509 D audio_hw_primary: adev_open_output_stream: enter: sample_rate(48000) channel_mask(0x3) devices(0x2) flags(0x2)        stream_handle(0xf44ae180)
01-01 01:12:42.020   509   509 D audio_hw_primary: adev_open_output_stream: Stream (0xf44ae180) picks up usecase (low-latency-playback)
01-01 01:12:42.021   509   509 I AudioFlinger: HAL output buffer size 240 frames, normal sink buffer size 960 frames
01-01 01:12:42.021   509   509 D compress_voip: voice_extn_compress_voip_out_get_parameters: enter
01-01 01:12:42.023   509   509 D vndksupport: Loading /vendor/lib/hw/android.hardware.audio.effect@2.0-impl.so from current namespace instead of sphal namespace.
01-01 01:12:42.026   509   509 D vndksupport: Loading /vendor/lib/hw/android.hardware.audio.effect@2.0-impl.so from current namespace instead of sphal namespace.
01-01 01:12:42.028     0     0 I         : [    5.498283 / 01-01 01:12:42.023][0] msm8994-asoc-snd fe034000.sound:  tomtom_rx1 <-> qcom,msm-dai-q6-sb-0-rx.192 mapping ok
01-01 01:12:42.028     0     0 I         : [    5.499058 / 01-01 01:12:42.023][1] msm8994-asoc-snd fe034000.sound:  tomtom_tx1 <-> qcom,msm-dai-q6-sb-0-tx.193 mapping ok
01-01 01:12:42.028     0     0 I         : [    5.499260 / 01-01 01:12:42.023][0] msm8994-asoc-snd fe034000.sound:  tomtom_rx1 <-> qcom,msm-dai-q6-sb-1-rx.194 mapping ok
01-01 01:12:42.028     0     0 I         : [    5.499543 / 01-01 01:12:42.023][1] msm8994-asoc-snd fe034000.sound:  tomtom_tx1 <-> qcom,msm-dai-q6-sb-1-tx.195 mapping ok
01-01 01:12:42.028     0     0 I         : [    5.499735 / 01-01 01:12:42.023][0] msm8994-asoc-snd fe034000.sound:  tomtom_rx1 <-> qcom,msm-dai-q6-sb-3-rx.198 mapping ok
01-01 01:12:42.028     0     0 I         : [    5.499926 / 01-01 01:12:42.023][1] msm8994-asoc-snd fe034000.sound:  tomtom_tx1 <-> qcom,msm-dai-q6-sb-3-tx.199 mapping ok
01-01 01:12:42.028     0     0 I         : [    5.500127 / 01-01 01:12:42.023][0] msm8994-asoc-snd fe034000.sound:  tomtom_rx1 <-> qcom,msm-dai-q6-sb-4-rx.200 mapping ok
01-01 01:12:42.028     0     0 I         : [    5.500311 / 01-01 01:12:42.023][1] msm8994-asoc-snd fe034000.sound:  msm-stub-tx <-> qcom,msm-dai-q6-incall-record-t mapping ok
01-01 01:12:42.028     0     0 I         : [    5.500496 / 01-01 01:12:42.023][0] msm8994-asoc-snd fe034000.sound:  msm-stub-tx <-> qcom,msm-dai-q6-incall-record-r mapping ok
01-01 01:12:42.028     0     0 I         : [    5.500667 / 01-01 01:12:42.023][1] msm8994-asoc-snd fe034000.sound:  tomtom_mad1 <-> qcom,msm-dai-q6-sb-5-tx.202 mapping ok
01-01 01:12:42.028     0     0 I         : [    5.500894 / 01-01 01:12:42.023][0] msm8994-asoc-snd fe034000.sound:  msm-stub-rx <-> qcom,msm-dai-q6-incall-music-rx mapping ok
01-01 01:12:42.028     0     0 I         : [    5.501081 / 01-01 01:12:42.023][1] msm8994-asoc-snd fe034000.sound:  msm-stub-rx <-> qcom,msm-dai-q6-incall-music-2- mapping ok
01-01 01:12:42.029     0     0 I         : [    5.501296 / 01-01 01:12:42.023][0] msm8994-asoc-snd fe034000.sound:  msm-stub-tx <-> qcom,msm-dai-q6-mi2s-prim.216 mapping ok
01-01 01:12:42.029     0     0 I         : [    5.501788 / 01-01 01:12:42.027][0] msm8994-asoc-snd fe034000.sound:  tomtom_rx3 <-> qcom,msm-dai-q6-sb-5-rx.215 mapping ok
01-01 01:12:42.032     0     0 I         : [    5.502242 / 01-01 01:12:42.027][0] msm8994-asoc-snd fe034000.sound:  msm_hdmi_audio_codec_rx_dai <-> qcom,msm-dai-q6-hdmi.47 mapping ok
01-01 01:12:42.032     0     0 I         : [    5.503152 / 01-01 01:12:42.027][0] msm8994-asoc-snd fe034000.sound:  snd-soc-dummy-dai <-> MultiMedia1 mapping ok
01-01 01:12:42.032     0     0 I         : [    5.503979 / 01-01 01:12:42.027][0] msm8994-asoc-snd fe034000.sound:  snd-soc-dummy-dai <-> MultiMedia1 mapping ok
01-01 01:12:42.033     0     0 I         : [    5.504673 / 01-01 01:12:42.027][3] msm8994-asoc-snd fe034000.sound:  snd-soc-dummy-dai <-> MultiMedia1 mapping ok
01-01 01:12:42.033     0     0 I         : [    5.505382 / 01-01 01:12:42.027][3] msm8994-asoc-snd fe034000.sound:  snd-soc-dummy-dai <-> MultiMedia1 mapping ok
01-01 01:12:42.036     0     0 I         : [    5.506191 / 01-01 01:12:42.031][3] msm8994-asoc-snd fe034000.sound:  snd-soc-dummy-dai <-> MultiMedia1 mapping ok
01-01 01:12:42.036     0     0 I         : [    5.506974 / 01-01 01:12:42.031][1] msm8994-asoc-snd fe034000.sound:  snd-soc-dummy-dai <-> MultiMedia1 mapping ok
01-01 01:12:42.036     0     0 I [    5.507085 / 01-01 01:12:42.031][5] init: Command 'chmod 0666 /persist/rfs/msm/adsp' action=boot (/init.qcom.rc:138) took 454ms and succeeded
01-01 01:12:42.036     0     0 I [    5.507468 / 01-01 01:12:42.031][5] init: Received control message 'start' for 'sensors' from pid: 540 (start sensors)
01-01 01:12:42.037     0     0 I         : [    5.507597 / 01-01 01:12:42.031][1] msm8994-asoc-snd fe034000.sound:  snd-soc-dummy-dai <-> MultiMedia1 mapping ok
01-01 01:12:42.037     0     0 I [    5.507958 / 01-01 01:12:42.031][5] msm_thermal: store_cc_enabled Core control disabled
01-01 01:12:42.037     0     0 I [    5.508351 / 01-01 01:12:42.031][5] init: Service 'hwaddrs' (pid 507) exited with status 0
01-01 01:12:42.037     0     0 I         : [    5.509004 / 01-01 01:12:42.031][3] msm8994-asoc-snd fe034000.sound:  snd-soc-dummy-dai <-> MultiMedia1 mapping ok
01-01 01:12:42.037     0     0 E         : [    5.509197 / 01-01 01:12:42.031][5] Hotplug policy switch err. Task init pid=1
01-01 01:12:42.037     0     0 I [    5.509265 / 01-01 01:12:42.031][5] init: Command 'write /sys/devices/system/cpu/cpu0/online 1' action=boot (/init.qcom.rc:142) took 0ms and failed: Unable to write to file '/sys/devices/system/cpu/cpu0/online': Unable to write file contents: Invalid argument
01-01 01:12:42.037     0     0 I         : [    5.509748 / 01-01 01:12:42.035][3] msm8994-asoc-snd fe034000.sound:  snd-soc-dummy-dai <-> MultiMedia1 mapping ok
01-01 01:12:42.039   509   509 D vndksupport: Loading /vendor/lib/hw/audio.primary.msm8992.so from current namespace instead of sphal namespace.
01-01 01:12:42.040     0     0 I         : [    5.511034 / 01-01 01:12:42.035][0] msm8994-asoc-snd fe034000.sound:  snd-soc-dummy-dai <-> MultiMedia1 mapping ok
01-01 01:12:42.040     0     0 I         : [    5.512047 / 01-01 01:12:42.035][0] msm8994-asoc-snd fe034000.sound:  snd-soc-dummy-dai <-> MultiMedia1 mapping ok
01-01 01:12:42.040     0     0 I         : [    5.512919 / 01-01 01:12:42.035][0] msm8994-asoc-snd fe034000.sound:  snd-soc-dummy-dai <-> MultiMedia1 mapping ok
01-01 01:12:42.040     0     0 I         : [    5.513353 / 01-01 01:12:42.035][0] msm8994-asoc-snd fe034000.sound:  tas2552-amplifier <-> qcom,msm-dai-q6-mi2s-quat.217 mapping ok
01-01 01:12:42.040     0     0 I         : [    5.513749 / 01-01 01:12:42.039][0] msm8994-asoc-snd fe034000.sound:  tas2552-amplifier <-> qcom,msm-dai-q6-mi2s-quat.217 mapping ok
01-01 01:12:42.044     0     0 I         : [    5.514441 / 01-01 01:12:42.039][0] msm8994-asoc-snd fe034000.sound:  snd-soc-dummy-dai <-> MultiMedia2 mapping ok
01-01 01:12:42.045     0     0 I         : [    5.514764 / 01-01 01:12:42.039][0] msm8994-asoc-snd fe034000.sound:  snd-soc-dummy-dai <-> QUAT_MI2S_RX_HOSTLESS mapping ok
01-01 01:12:42.045     0     0 I         : [    5.515267 / 01-01 01:12:42.039][0] msm8994-asoc-snd fe034000.sound:  snd-soc-dummy-dai <-> MultiMedia1 mapping ok
01-01 01:12:42.052   509   509 D audio_hw_primary: adev_open: enter
01-01 01:12:42.055     0     0 I [    6.265419 / 01-01 01:12:42.047][0] msm_thermal: freq_mitigation_notify Removing frequency mitigation for CPU4
01-01 01:12:42.056     0     0 I [    5.527551 / 01-01 01:12:42.051][5] input: msm8994-tomtom-snd-card Button Jack as /devices/soc.0/fe034000.sound/sound/card0/input3
01-01 01:12:42.056     0     0 I [    5.527691 / 01-01 01:12:42.051][5] input: msm8994-tomtom-snd-card Headset Jack as /devices/soc.0/fe034000.sound/sound/card0/input4
01-01 01:12:42.056     0     0 E         : [    5.528280 / 01-01 01:12:42.051][5] msm8994-asoc-snd fe034000.sound: failed to get qcom,mbhc-micbias-enable-flags
01-01 01:12:42.056     0     0 I         : [    5.528353 / 01-01 01:12:42.051][5] msm8994-asoc-snd fe034000.sound: property qcom,us-euro-gpios not detected in node /soc/sound
01-01 01:12:42.060     0     0 I [    5.530740 / 01-01 01:12:42.055][3] ueventd: loading /devices/soc.0/fe12f000.slim/tomtom-slim-pgd/tomtom_codec/firmware/cpe.mdt took 359ms
01-01 01:12:42.060     0     0 I         : [    5.532318 / 01-01 01:12:42.055][5] msm8994-asoc-snd fe034000.sound: msm8994_asoc_machine_probe: done.
01-01 01:12:42.060     0     0 F         : [    5.532331 / 01-01 01:12:42.055][5] drv probe : 5146 msm8994-asoc-snd 380
01-01 01:12:42.065   509   509 I BufferProvider: found effect "Multichannel Downmix To Stereo" from The Android Open Source Project
01-01 01:12:42.066   509   509 I AudioFlinger: Using module 10 as the primary audio interface
01-01 01:12:42.066   509   655 I AudioFlinger: AudioFlinger's thread 0xf3a03a00 tid=655 ready to run
01-01 01:12:42.066   509   655 W AudioFlinger: no wake lock to update, system not ready yet
01-01 01:12:42.066   509   655 D audio_hw_primary: out_standby: enter: stream (0xf44ae180) usecase(1: low-latency-playback)
01-01 01:12:42.066   509   655 W AudioFlinger: no wake lock to update, system not ready yet
01-01 01:12:42.068   509   509 W AudioFlinger: moveEffects() bad srcOutput 0
01-01 01:12:42.068   509   655 D audio_hw_primary: out_set_parameters: enter: usecase(1: low-latency-playback) kvpairs: routing=2
01-01 01:12:42.068   509   655 D audio_hw_extn: audio_extn_set_anc_parameters: anc_enabled:0
01-01 01:12:42.069   509   509 W APM_AudioPolicyManager: Output profile contains no device on module primary
01-01 01:12:42.069   509   509 I AudioFlinger: openOutput() this 0xf4abe000, module 10 Device 0x2, SamplingRate 48000, Format 0x000001, Channels 0x3, flags 0x8
01-01 01:12:42.069   509   509 D audio_hw_primary: adev_open_output_stream: enter: sample_rate(48000) channel_mask(0x3) devices(0x2) flags(0x8)        stream_handle(0xf44ae000)
01-01 01:12:42.069   509   509 D audio_hw_primary: adev_open_output_stream: Stream (0xf44ae000) picks up usecase (deep-buffer-playback)
01-01 01:12:42.070   509   509 I AudioFlinger: HAL output buffer size 960 frames, normal sink buffer size 960 frames
01-01 01:12:42.070   509   509 D compress_voip: voice_extn_compress_voip_out_get_parameters: enter
01-01 01:12:42.070   509   658 I AudioFlinger: AudioFlinger's thread 0xf3283d00 tid=658 ready to run
01-01 01:12:42.070   509   658 W AudioFlinger: no wake lock to update, system not ready yet
01-01 01:12:42.070   509   658 D audio_hw_primary: out_standby: enter: stream (0xf44ae000) usecase(0: deep-buffer-playback)
01-01 01:12:42.070     0     0 I         : [    6.278935 / 01-01 01:12:42.063][3] 'opened /dev/adsprpc-smd c 219 0'
01-01 01:12:42.070   509   658 W AudioFlinger: no wake lock to update, system not ready yet
01-01 01:12:42.072   509   658 D audio_hw_primary: out_set_parameters: enter: usecase(0: deep-buffer-playback) kvpairs: routing=2
01-01 01:12:42.072   509   509 I AudioFlinger: openOutput() this 0xf4abe000, module 10 Device 0x2, SamplingRate 48000, Format 0x000001, Channels 0x3, flags 0x4
01-01 01:12:42.072   509   509 D audio_hw_primary: adev_open_output_stream: enter: sample_rate(48000) channel_mask(0x3) devices(0x2) flags(0x4)        stream_handle(0xf44ae300)
01-01 01:12:42.072   509   509 E audio_hw_primary: adev_open_output_stream: Primary output is already opened
01-01 01:12:42.072   509   509 D audio_hw_primary: adev_open_output_stream: exit: ret -17
01-01 01:12:42.072   509   509 W DeviceHAL: Error from HAL Device in function open_output_stream: File exists
01-01 01:12:42.072   509   509 I AudioHwDevice: openOutputStream(), HAL returned sampleRate 48000, Format 0x1, channelMask 0x3, status -61
01-01 01:12:42.072   509   509 W APM_AudioPolicyManager: Cannot open output stream for device 00000002 on hw module primary
01-01 01:12:42.072   509   509 W APM_AudioPolicyManager: Output profile contains no device on module primary
01-01 01:12:42.072   509   509 I chatty  : uid=1041(audioserver) /system/bin/audioserver identical 1 line
01-01 01:12:42.072   509   509 W APM_AudioPolicyManager: Output profile contains no device on module primary
01-01 01:12:42.072   509   509 I AudioFlinger: openOutput() this 0xf4abe000, module 10 Device 0x10000, SamplingRate 48000, Format 0x000001, Channels 0x3, flags 0
01-01 01:12:42.072   509   509 D audio_hw_primary: adev_open_output_stream: enter: sample_rate(48000) channel_mask(0x3) devices(0x10000) flags(0)        stream_handle(0xf44ae300)
01-01 01:12:42.072   509   509 D audio_hw_primary: adev_open_output_stream: Stream (0xf44ae300) picks up usecase (afe-proxy-playback)
01-01 01:12:42.073   509   509 I AudioFlinger: HAL output buffer size 768 frames, normal sink buffer size 1152 frames
01-01 01:12:42.073   509   509 D compress_voip: voice_extn_compress_voip_out_get_parameters: enter
01-01 01:12:42.073   509   661 I AudioFlinger: AudioFlinger's thread 0xf3103500 tid=661 ready to run
01-01 01:12:42.073   509   661 W AudioFlinger: no wake lock to update, system not ready yet
01-01 01:12:42.073   509   661 D audio_hw_primary: out_standby: enter: stream (0xf44ae300) usecase(37: afe-proxy-playback)
01-01 01:12:42.074   509   661 W AudioFlinger: no wake lock to update, system not ready yet
01-01 01:12:42.075   509   661 D audio_hw_primary: out_set_parameters: enter: usecase(37: afe-proxy-playback) kvpairs: routing=65536
01-01 01:12:42.075   509   509 W APM_AudioPolicyManager: Output profile contains no device on module primary
01-01 01:12:42.075   509   509 D audio_hw_primary: adev_open_input_stream: enter: sample_rate(48000) channel_mask(0xc) devices(0x80000004)        stream_handle(0xf4ab2700) io_handle(14) source(1)
01-01 01:12:42.078   509   662 I AudioFlinger: AudioFlinger's thread 0xf2e03e40 tid=662 ready to run
01-01 01:12:42.078   509   509 D audio_hw_primary: adev_close_input_stream: enter:stream_handle(0xf4ab2700)
01-01 01:12:42.078   509   509 D audio_hw_primary: in_standby: enter: stream (0xf4ab2700) usecase(16: audio-record)
01-01 01:12:42.079   509   509 D audio_hw_primary: adev_open_input_stream: enter: sample_rate(48000) channel_mask(0xc) devices(0x80000040)        stream_handle(0xf4ab2700) io_handle(22) source(1)
