01-12 17:04:45.428   967   967 I SystemServiceManager: Starting com.android.server.wifi.WifiService
01-12 17:04:45.429   550   985 E QMI_FW  : QMUXD: WARNING qmi_qmux_if_pwr_up_init failed! rc=-6
01-12 17:04:45.431   461   461 D libEGL  : loaded /vendor/lib/egl/libEGL_adreno.so
01-12 17:04:45.460   967   967 D WifiApConfigStore: 2G band allowed channels are:1,6,11
01-12 17:04:45.476  1238  1238 I NetUtilsWrapper: Unexpected command: /system/bin/iptables -w -W 10000 -t mangle -A PREROUTING -m mark --mark 0x20 -j ACCEPT
01-12 17:04:45.492  1242  1242 I NetUtilsWrapper: Unexpected command: /system/bin/iptables -w -W 10000 -t mangle -D PREROUTING -m mark --mark 0x20 -j ACCEPT
01-12 17:04:45.499   461   461 D vndksupport: Loading /vendor/lib/egl/libGLESv1_CM_adreno.so from current namespace instead of sphal namespace.
01-12 17:04:45.505   461   461 D libEGL  : loaded /vendor/lib/egl/libGLESv1_CM_adreno.so
01-12 17:04:45.505   967  1245 E IpManager.wlan0: ERROR Failed to disable IPv6: java.lang.IllegalStateException: command '1 interface ipv6 wlan0 disable' failed with '400 1 Failed to change IPv6 state (No such file or directory)'
01-12 17:04:45.506   459   474 D CommandListener: Clearing all IP addresses on wlan0
01-12 17:04:45.509   967  1233 E HalDeviceManager: isSupported: called but mServiceManager is null!?
01-12 17:04:45.509   967  1233 I WifiNative-wlan0: Vendor HAL not supported, Ignore stop...
01-12 17:04:45.509   967  1233 D WificondControl: tearing down interfaces in wificond
01-12 17:04:45.515   967   967 D WifiController: isAirplaneModeOn = false, isWifiEnabled = true, isScanningAvailable = false
01-12 17:04:45.528   967   967 I WifiService: getVerboseLoggingLevel uid=1000
01-12 17:04:45.529   481  1127 W hardware_info: update_hardware_info_8996: Not a 8996 device
01-12 17:04:45.529   967   967 E SupplicantStaIfaceHal: Can't call setDebugParams, ISupplicant is null
01-12 17:04:45.529   481  1127 D msm8974_platform: platform_init: Loading mixer file: /vendor/etc/mixer_paths_tasha.xml
01-12 17:04:45.530   967   967 W WifiDiags: no ring buffers found
01-12 17:04:45.530   967   967 W WifiDiags: Failed to start packet fate monitoring
01-12 17:04:45.530   967   967 I WifiService: Registering wifi
01-12 17:04:45.530   967   967 D SystemServerTiming: StartWifi took to complete: 106ms
01-12 17:04:45.531   967   967 I SystemServer: StartWifiScanning
01-12 17:04:45.531   967   967 I SystemServiceManager: Starting com.android.server.wifi.scanner.WifiScanningService
01-12 17:04:45.531   967   967 I WifiScanningService: Creating wifiscanner
01-12 17:04:45.534   967   967 I WifiScanningService: Publishing wifiscanner
01-12 17:04:45.535   967   967 D SystemServerTiming: StartWifiScanning took to complete: 5ms
01-12 17:04:45.535   967   967 I SystemServer: StartWifiRtt
01-12 17:04:45.535   967   967 I SystemServiceManager: Starting com.android.server.wifi.RttService
01-12 17:04:45.536   967   967 I RttService: Creating rttmanager
01-12 17:04:45.538   461   461 D vndksupport: Loading /vendor/lib/egl/libGLESv2_adreno.so from current namespace instead of sphal namespace.
01-12 17:04:45.538   967   967 I RttService: Starting rttmanager
01-12 17:04:45.539   461   461 D libEGL  : loaded /vendor/lib/egl/libGLESv2_adreno.so
01-12 17:04:45.539   967   967 D SystemServerTiming: StartWifiRtt took to complete: 3ms
01-12 17:04:45.539   967   967 I SystemServer: No Wi-Fi Aware Service (Aware support Not Present)
01-12 17:04:45.539   967   967 I SystemServer: StartWifiP2P
01-12 17:04:45.539   967   967 I SystemServiceManager: Starting com.android.server.wifi.p2p.WifiP2pService
01-12 17:04:45.550   967   967 I WifiP2pService: Registering wifip2p
01-12 17:04:45.551   967   967 D SystemServerTiming: StartWifiP2P took to complete: 11ms
01-12 17:04:45.551   967   967 I SystemServer: StartEthernet
01-12 17:04:45.551   967   967 I SystemServiceManager: Starting com.android.server.ethernet.EthernetService
01-12 17:04:45.552   967   967 I EthernetServiceImpl: Creating EthernetConfigStore
01-12 17:04:45.557   967   967 E IpConfigStore: Error opening configuration file: java.io.FileNotFoundException: /data/misc/ethernet/ipconfig.txt (No such file or directory)
01-12 17:04:45.557   967   967 W EthernetConfigStore: No Ethernet configuration found. Using default.
01-12 17:04:45.557   967   967 I EthernetServiceImpl: Read stored IP configuration: IP assignment: DHCP
01-12 17:04:45.557   967   967 I EthernetServiceImpl: Proxy settings: NONE
01-12 17:04:45.558   967   967 I EthernetService: Registering service ethernet
01-12 17:04:45.559   967   967 D SystemServerTiming: StartEthernet took to complete: 8ms
01-12 17:04:45.559   967   967 I SystemServer: StartConnectivityService
01-12 17:04:45.563   967   967 D ConnectivityService: ConnectivityService starting up
01-12 17:04:45.565   967   967 D ConnectivityService: wifiOnly=false
01-12 17:04:45.570   461   461 I Zygote  : Preloading shared libraries...
01-12 17:04:45.584   581   681 E QC-time-services: Daemon:genoff_wlan_qmi_service_request: qmi_client_get_service_list returned -2num_services 0
01-12 17:04:45.588   967   967 D SystemServerTiming: StartConnectivityService took to complete: 29ms
01-12 17:04:45.588   967   967 I SystemServer: StartNsdService
01-12 17:04:45.590   967   967 D NsdService: Network service discovery is enabled
01-12 17:04:45.594   967   967 D SystemServerTiming: StartNsdService took to complete: 6ms
01-12 17:04:45.594   967   967 I SystemServer: StartUpdateLockService
01-12 17:04:45.596   967   967 D SystemServerTiming: StartUpdateLockService took to complete: 3ms
01-12 17:04:45.596   967   967 I SystemServer: WaitForAsecScan
01-12 17:04:45.596   967   967 D SystemServerTiming: WaitForAsecScan took to complete: 0ms
01-12 17:04:45.596   967   967 I SystemServer: StartNotificationManager
01-12 17:04:45.597   967   967 I SystemServiceManager: Starting com.android.server.notification.NotificationManagerService
01-12 17:04:45.620   967   967 D ConditionProviders.SCP: new ScheduleConditionProvider()
01-12 17:04:45.620   967  1134 D SystemServerInitThreadPool: Finished executing Init OverlayManagerService
01-12 17:04:45.633   967   967 D ZenLog  : config: readXml,ZenModeConfig[user=0,allowCalls=true,allowRepeatCallers=false,allowMessages=false,allowCallsFrom=contacts,allowMessagesFrom=contacts,allowReminders=true,allowEvents=true,allowWhenScreenOff=true,allowWhenScreenOn=true,automaticRules={EVENTS_DEFAULT_RULE=ZenRule[enabled=false,snoozing=false,name=Event,zenMode=ZEN_MODE_ALARMS,conditionId=condition://android/event?userId=-10000&calendar=&reply=1,condition=Condition[id=condition://android/event?userId=-10000&calendar=&reply=1,summary=...,line1=...,line2=...,icon=0,state=STATE_FALSE,flags=2],component=ComponentInfo{android/com.android.server.notification.EventConditionProvider},id=EVENTS_DEFAULT_RULE,creationTime=31821190884,enabler=null], SCHEDULED_DEFAULT_RULE_1=ZenRule[enabled=false,snoozing=false,name=Weeknight,zenMode=ZEN_MODE_ALARMS,conditionId=condition://android/schedule?days=1.2.3.4.5&start=22.0&end=7.0&exitAtAlarm=false,condition=Condition[id=condition://android/schedule?days=1.2.3.4.5&start=22.0&end=7.0&exitAtAlarm=false,summary=...,line1=...,line2=...,icon=0,state=STATE_FALSE,flags=2],component=ComponentInfo{android/com.android.server.notification.ScheduleConditionProvider},id=SCHEDULED_DEFAULT_RULE_1,creationTime=31821190883,enabler=null], SCHEDULED_DEFAULT_RULE_2=ZenRule[enabled=false,snoozing=false,name=Weekend,zenMode=ZEN_MODE_ALARMS,conditionId=condition://android/schedule?days=6.7&start=23.30&end=10.0&exitAtAlarm=false,condition=Condition[id=condition://android/schedule?days=6.7&start=23.30&end=10.0&exitAtAlarm=false,summary=...,line1=...,line2=...,icon=0,state=STATE_FALSE,flags=2],component=ComponentInfo{android/com.android.server.notification.ScheduleConditionProvider},id=SCHEDULED_DEFAULT_RULE_2,creationTime=31821190883,enabler=null]},manualRule=null],Diff[automaticRule[EVENTS_DEFAULT_RULE].name:->Event,automaticRule[EVENTS_DEFAULT_RULE].condition:null->Condition[id=condition://android/event?userId=-10000&calendar=&reply=1,summary=...,line1=...,line2=...,icon=0,state=STATE_FALSE,flags=2],automaticRule[EVENTS_DEFAULT_RULE].creationTime:1515769485616->31821190884,automaticRule[SCHEDULED_DEFAULT_RULE_1].name: ->Weeknight,automaticRule[SCHEDULED_DEFAULT_RULE_1].condition:null->Condition[id=condition://android/schedule?days=1.2.3.4.5&start=22.0&end=7.0&exitAtAlarm=false,summary=...,line1=...,line2=...,icon=0,state=STATE_FALSE,flags=2],automaticRule[SCHEDULED_DEFAULT_RULE_1].creationTime:1515769485615->31821190883,automaticRule[SCHEDULED_DEFAULT_RULE_2].name:->Weekend,automaticRule[SCHEDULED_DEFAULT_RULE_2].condition:null->Condition[id=condition://android/schedule?days=6.7&start=23.30&end=10.0&exitAtAlarm=false,summary=...,line1=...,line2=...,icon=0,state=STATE_FALSE,flags=2],automaticRule[SCHEDULED_DEFAULT_RULE_2].creationTime:1515769485615->31821190883]
01-12 17:04:45.635   967   967 I NotificationListeners: Read notification listener permissions from xml
01-12 17:04:45.636   967   967 I ConditionProviders: Read condition provider permissions from xml
01-12 17:04:45.636   967   967 I ConditionProviders: Read condition provider permissions from xml
01-12 17:04:45.636   967   967 D ZenLog  : set_zen_mode: off,init
01-12 17:04:45.640   967   967 D SystemServerTiming: StartNotificationManager took to complete: 43ms
01-12 17:04:45.640   967   967 I SystemServer: StartDeviceMonitor
01-12 17:04:45.640   967   967 I SystemServiceManager: Starting com.android.server.storage.DeviceStorageMonitorService
01-12 17:04:45.642   967   967 D SystemServerTiming: StartDeviceMonitor took to complete: 2ms
01-12 17:04:45.642   967   967 I SystemServer: StartLocationManagerService
01-12 17:04:45.643   967   967 D SystemServerTiming: StartLocationManagerService took to complete: 2ms
01-12 17:04:45.643   967   967 I SystemServer: StartCountryDetectorService
01-12 17:04:45.644   967   967 D SystemServerTiming: StartCountryDetectorService took to complete: 0ms
01-12 17:04:45.644   967   967 I SystemServer: StartSearchManagerService
01-12 17:04:45.644   967   967 I SystemServiceManager: Starting com.android.server.search.SearchManagerService$Lifecycle
01-12 17:04:45.646   967   967 D SystemServerTiming: StartSearchManagerService took to complete: 2ms
01-12 17:04:45.646   967   967 I SystemServer: StartWallpaperManagerService
01-12 17:04:45.646   967   967 I SystemServiceManager: Starting com.android.server.wallpaper.WallpaperManagerService$Lifecycle
01-12 17:04:45.648   967   967 I WallpaperManagerService: No static wallpaper imagery; defaults will be shown
01-12 17:04:45.650   461   461 I Zygote  : Uninstalled ICU cache reference pinning...
01-12 17:04:45.651   967   967 D SystemServerTiming: StartWallpaperManagerService took to complete: 5ms
01-12 17:04:45.651   967   967 I SystemServer: StartAudioService
01-12 17:04:45.651   461   461 I Zygote  : Installed AndroidKeyStoreProvider in 1ms.
01-12 17:04:45.651   967   967 I SystemServiceManager: Starting com.android.server.audio.AudioService$Lifecycle
01-12 17:04:45.658   461   461 I Zygote  : Warmed up JCA providers in 7ms.
01-12 17:04:45.658   461   461 D Zygote  : end preload
01-12 17:04:45.659   967  1054 D SystemServerTimingAsync: SecondaryZygotePreload took to complete: 768ms
01-12 17:04:45.659   967  1054 D SystemServerInitThreadPool: Finished executing SecondaryZygotePreload
01-12 17:04:45.661   967  1267 I ServiceManager: Waiting for service media.audio_policy...
01-12 17:04:45.661   967   967 W TelecomManager: Telecom Service not found.
01-12 17:04:45.751   507  1098 I tftp_server: pid=507 tid=1098 tftp-server : INF :[tftp_server.c, 1315] WRQ stats : total-blocks = 1 : total-bytes = 5 : 5 timedout-pkts = 0, wrong-pkts = 0
01-12 17:04:45.751   507  1098 I tftp_server: pid=507 tid=1098 tftp-server : INF :[tftp_server.c, 1319] WRQ time stats : Total : [TX, RX] = [1034, 753, 0]
01-12 17:04:45.751   507  1098 I tftp_server: pid=507 tid=1098 tftp-server : INF :[tftp_server.c, 1323] WRQ time stats : Tx [Min, Max] = [72, 962]
01-12 17:04:45.751   507  1098 I tftp_server: pid=507 tid=1098 tftp-server : INF :[tftp_server.c, 1327] WRQ time stats : Rx [Min, Max] = [753, 753]
01-12 17:04:45.989   481  1127 E audio_route: Control 'MultiMedia8 Mixer TERT_MI2S_TX' doesn't exist - skipping
01-12 17:04:45.989   481  1127 E audio_route: Control 'MultiMedia8 Mixer AUX_PCM_UL_TX' doesn't exist - skipping
01-12 17:04:45.989   481  1127 E audio_route: Control 'MultiMedia4 Mixer MI2S_TX' doesn't exist - skipping
01-12 17:04:45.989   481  1127 E audio_route: Control 'MultiMedia7 Mixer MI2S_TX' doesn't exist - skipping
01-12 17:04:45.990   481  1127 E audio_route: Control 'MultiMedia10 Mixer MI2S_TX' doesn't exist - skipping
01-12 17:04:45.990   481  1127 E audio_route: Control 'MultiMedia11 Mixer MI2S_TX' doesn't exist - skipping
01-12 17:04:45.990   481  1127 E audio_route: Control 'MultiMedia12 Mixer MI2S_TX' doesn't exist - skipping
01-12 17:04:45.990   481  1127 E audio_route: Control 'MultiMedia13 Mixer MI2S_TX' doesn't exist - skipping
01-12 17:04:45.990   481  1127 E audio_route: Control 'MultiMedia14 Mixer MI2S_TX' doesn't exist - skipping
01-12 17:04:45.990   481  1127 E audio_route: Control 'MultiMedia15 Mixer MI2S_TX' doesn't exist - skipping
01-12 17:04:45.990   481  1127 E audio_route: Control 'MultiMedia16 Mixer MI2S_TX' doesn't exist - skipping
01-12 17:04:45.995   481  1127 E audio_route: Control 'SpkrLeft COMP Switch' doesn't exist - skipping
01-12 17:04:45.995   481  1127 E audio_route: Control 'SpkrRight COMP Switch' doesn't exist - skipping
01-12 17:04:45.995   481  1127 E audio_route: Control 'SpkrLeft BOOST Switch' doesn't exist - skipping
01-12 17:04:45.995   481  1127 E audio_route: Control 'SpkrRight BOOST Switch' doesn't exist - skipping
01-12 17:04:45.995   481  1127 E audio_route: Control 'SpkrLeft VISENSE Switch' doesn't exist - skipping
01-12 17:04:45.995   481  1127 E audio_route: Control 'SpkrRight VISENSE Switch' doesn't exist - skipping
01-12 17:04:45.995   481  1127 E audio_route: Control 'SpkrLeft SWR DAC_Port Switch' doesn't exist - skipping
01-12 17:04:45.995   481  1127 E audio_route: Control 'SpkrRight SWR DAC_Port Switch' doesn't exist - skipping
01-12 17:04:45.997   481  1127 E audio_route: Control 'MultiMedia8 Mixer AUX_PCM_UL_TX' doesn't exist - skipping
01-12 17:04:45.997   481  1127 E audio_route: Control 'LSM1 MUX' doesn't exist - skipping
01-12 17:04:45.997   481  1127 E audio_route: Control 'LSM2 MUX' doesn't exist - skipping
01-12 17:04:45.997   481  1127 E audio_route: Control 'LSM3 MUX' doesn't exist - skipping
01-12 17:04:45.997   481  1127 E audio_route: Control 'LSM4 MUX' doesn't exist - skipping
01-12 17:04:45.997   481  1127 E audio_route: Control 'LSM5 MUX' doesn't exist - skipping
01-12 17:04:45.998   481  1127 E audio_route: Control 'LSM6 MUX' doesn't exist - skipping
01-12 17:04:45.998   481  1127 E audio_route: Control 'LSM7 MUX' doesn't exist - skipping
01-12 17:04:45.998   481  1127 E audio_route: Control 'LSM8 MUX' doesn't exist - skipping
01-12 17:04:45.999   481  1127 E audio_route: Control 'SLIM_1 SampleRate' doesn't exist - skipping
01-12 17:04:46.003   481  1127 I chatty  : uid=1041(audioserver) HwBinder:481_2 identical 10 lines
01-12 17:04:46.003   481  1127 E audio_route: Control 'SLIM_1 SampleRate' doesn't exist - skipping
01-12 17:04:46.003   481  1127 E audio_route: Control 'MultiMedia8 Mixer AUX_PCM_UL_TX' doesn't exist - skipping
01-12 17:04:46.003   481  1127 E audio_route: Control 'SLIM_1 SampleRate' doesn't exist - skipping
01-12 17:04:46.004   481  1127 E audio_route: Control 'MultiMedia8 Mixer AUX_PCM_UL_TX' doesn't exist - skipping
01-12 17:04:46.006   481  1127 E audio_route: Control 'SLIM_1 SampleRate' doesn't exist - skipping
01-12 17:04:46.007   481  1127 E audio_route: Control 'LSM1 MUX' doesn't exist - skipping
01-12 17:04:46.007   481  1127 E audio_route: Control 'LSM2 MUX' doesn't exist - skipping
01-12 17:04:46.007   481  1127 E audio_route: Control 'LSM3 MUX' doesn't exist - skipping
01-12 17:04:46.007   481  1127 E audio_route: Control 'LSM4 MUX' doesn't exist - skipping
01-12 17:04:46.007   481  1127 E audio_route: Control 'LSM5 MUX' doesn't exist - skipping
01-12 17:04:46.007   481  1127 E audio_route: Control 'LSM6 MUX' doesn't exist - skipping
01-12 17:04:46.007   481  1127 E audio_route: Control 'LSM7 MUX' doesn't exist - skipping
01-12 17:04:46.007   481  1127 E audio_route: Control 'LSM8 MUX' doesn't exist - skipping
01-12 17:04:46.010   481  1127 E audio_route: Control 'SpkrLeft COMP Switch' doesn't exist - skipping
01-12 17:04:46.010   481  1127 E audio_route: Control 'SpkrRight COMP Switch' doesn't exist - skipping
01-12 17:04:46.010   481  1127 E audio_route: Control 'SpkrLeft BOOST Switch' doesn't exist - skipping
01-12 17:04:46.010   481  1127 E audio_route: Control 'SpkrRight BOOST Switch' doesn't exist - skipping
01-12 17:04:46.010   481  1127 E audio_route: Control 'SpkrLeft VISENSE Switch' doesn't exist - skipping
01-12 17:04:46.010   481  1127 E audio_route: Control 'SpkrRight VISENSE Switch' doesn't exist - skipping
01-12 17:04:46.010   481  1127 E audio_route: Control 'SpkrLeft SWR DAC_Port Switch' doesn't exist - skipping
01-12 17:04:46.010   481  1127 E audio_route: Control 'SpkrRight SWR DAC_Port Switch' doesn't exist - skipping
01-12 17:04:46.010   481  1127 E audio_route: Control 'SpkrLeft COMP Switch' doesn't exist - skipping
01-12 17:04:46.010   481  1127 E audio_route: Control 'SpkrLeft BOOST Switch' doesn't exist - skipping
01-12 17:04:46.010   481  1127 E audio_route: Control 'SpkrLeft VISENSE Switch' doesn't exist - skipping
01-12 17:04:46.010   481  1127 E audio_route: Control 'SpkrLeft SWR DAC_Port Switch' doesn't exist - skipping
01-12 17:04:46.063   481  1127 D audio_hw_extn: audio_extn_can_use_vbat: vbat.enabled property is set to 0
01-12 17:04:46.063   481  1127 D msm8974_platform: Alac software decoder is available...removing alac from DSP decoder list
01-12 17:04:46.063   481  1127 D msm8974_platform: APE software decoder is available...removing ape from DSP decoder list
01-12 17:04:46.063   481  1127 D msm8974_platform: native_audio_set_params:napb updating mode (1) from XML
01-12 17:04:46.063   481  1127 D msm8974_platform: platform_set_native_support:napb: native audio playback enabled in (SRC) mode
01-12 17:04:46.063   481  1127 D msm8974_platform: platform_set_snd_device_backend: backend_tag_table[headphones]: old = null new = headphones
01-12 17:04:46.063   481  1127 D msm8974_platform: platform_set_snd_device_backend: hw_interface_table[8] = SLIMBUS_6_RX
01-12 17:04:46.063   481  1127 D msm8974_platform: platform_set_snd_device_backend: backend_tag_table[line]: old = null new = headphones
01-12 17:04:46.063   481  1127 D msm8974_platform: platform_set_snd_device_backend: hw_interface_table[7] = SLIMBUS_6_RX
01-12 17:04:46.063   481  1127 D msm8974_platform: platform_set_snd_device_backend: backend_tag_table[anc-headphones]: old = null new = headphones
01-12 17:04:46.064   481  1127 D msm8974_platform: platform_set_snd_device_backend: hw_interface_table[43] = SLIMBUS_6_RX
01-12 17:04:46.064   481  1127 D msm8974_platform: platform_set_snd_device_backend: backend_tag_table[speaker-and-headphones]: old = null new = speaker-and-headphones
01-12 17:04:46.064   481  1127 D msm8974_platform: platform_set_snd_device_backend: hw_interface_table[11] = QUAT_MI2S_RX-and-SLIMBUS_6_RX
01-12 17:04:46.064   481  1127 D msm8974_platform: platform_set_snd_device_backend: backend_tag_table[speaker-and-line]: old = null new = speaker-and-headphones
01-12 17:04:46.064   481  1127 D msm8974_platform: platform_set_snd_device_backend: hw_interface_table[12] = QUAT_MI2S_RX-and-SLIMBUS_6_RX
01-12 17:04:46.064   481  1127 D msm8974_platform: platform_set_snd_device_backend: backend_tag_table[speaker-and-anc-headphones]: old = null new = speaker-and-headphones
01-12 17:04:46.064   481  1127 D msm8974_platform: platform_set_snd_device_backend: hw_interface_table[47] = QUAT_MI2S_RX-and-SLIMBUS_6_RX
01-12 17:04:46.064   481  1127 D msm8974_platform: platform_set_snd_device_backend: backend_tag_table[voice-headphones]: old = null new = headphones
01-12 17:04:46.064   481  1127 D msm8974_platform: platform_set_snd_device_backend: hw_interface_table[20] = SLIMBUS_6_RX
01-12 17:04:46.064   481  1127 D msm8974_platform: platform_set_snd_device_backend: backend_tag_table[voice-anc-headphones]: old = null new = headphones
01-12 17:04:46.064   481  1127 D msm8974_platform: platform_set_snd_device_backend: hw_interface_table[45] = SLIMBUS_6_RX
01-12 17:04:46.064   481  1127 D msm8974_platform: platform_set_snd_device_backend: backend_tag_table[voice-line]: old = null new = headphones
01-12 17:04:46.064   481  1127 D msm8974_platform: platform_set_snd_device_backend: hw_interface_table[21] = SLIMBUS_6_RX
01-12 17:04:46.064   481  1127 D msm8974_platform: platform_set_snd_device_backend: backend_tag_table[voice-tty-full-headphones]: old = null new = headphones
01-12 17:04:46.064   481  1127 D msm8974_platform: platform_set_snd_device_backend: hw_interface_table[30] = SLIMBUS_6_RX
01-12 17:04:46.064   481  1127 D msm8974_platform: platform_set_snd_device_backend: backend_tag_table[voice-tty-vco-headphones]: old = null new = headphones
01-12 17:04:46.064   481  1127 D msm8974_platform: platform_set_snd_device_backend: hw_interface_table[31] = SLIMBUS_6_RX
01-12 17:04:46.064   481  1127 D msm8974_platform: platform_set_snd_device_backend: backend_tag_table[speaker]: old = null new = quat_i2s
01-12 17:04:46.064   481  1127 D msm8974_platform: platform_set_snd_device_backend: backend_tag_table[voice-speaker]: old = null new = quat_i2s
01-12 17:04:46.373   481  1127 E platform_info: param tag only supported with CONFIG_PARAMS section
01-12 17:04:46.373   481  1127 I chatty  : uid=1041(audioserver) HwBinder:481_2 identical 3 lines
01-12 17:04:46.373   481  1127 E platform_info: param tag only supported with CONFIG_PARAMS section
01-12 17:04:46.373   481  1127 D ACDB-LOADER: ACDB -> already initialized, exit
01-12 17:04:46.374   481  1127 D msm8974_platform: ACDB initialized
01-12 17:04:46.374   481  1127 D msm8974_platform: hw_util_open Opening device /dev/snd/hwC0D1000
01-12 17:04:46.374   481  1127 D msm8974_platform: hw_util_open success
01-12 17:04:46.374   481  1127 D ACDB-LOADER: ACDB -> ACDB_CMD_GET_ANC_SETTING
01-12 17:04:46.374   481  1127 D         : Failed to fetch the lookup information of the device 0000001A 
01-12 17:04:46.374   481  1127 E ACDB-LOADER: Error: ACDB ANC returned = -19
01-12 17:04:46.374   481  1127 D ACDB-LOADER: ACDB -> ACDB_CMD_GET_ANC_SETTING
01-12 17:04:46.374   481  1127 D ACDB-LOADER: send_wcd9xxx_anc_cal: anc_version = 1
01-12 17:04:46.374   481  1127 D anc_map : Setwcd9xxxANC_IIRCoeffs:enter
01-12 17:04:46.374   481  1127 D anc_map : Setwcd9xxxANC_IIRCoeffs:leave
01-12 17:04:46.374   481  1127 D anc_map : Setwcd9xxxANC_IIRCoeffs:enter
01-12 17:04:46.374   481  1127 D anc_map : Setwcd9xxxANC_IIRCoeffs:leave
01-12 17:04:46.374   481  1127 D anc_map : convert_anc_acdb_to_reg:leave
01-12 17:04:46.374   481  1127 D ACDB-LOADER: ACDB -> ACDB_CMD_GET_ANC_SETTING
01-12 17:04:46.374   481  1127 D         : Failed to fetch the lookup information of the device 0000001B 
01-12 17:04:46.374   481  1127 E ACDB-LOADER: Error: ACDB ANC returned = -19
01-12 17:04:46.374   481  1127 D ACDB-LOADER: ACDB -> ACDB_CMD_GET_ANC_SETTING
01-12 17:04:46.374   481  1127 D ACDB-LOADER: send_wcd9xxx_anc_cal: anc_version = 1
01-12 17:04:46.374   481  1127 D anc_map : Setwcd9xxxANC_IIRCoeffs:enter
01-12 17:04:46.374   481  1127 D anc_map : Setwcd9xxxANC_IIRCoeffs:leave
01-12 17:04:46.374   481  1127 D anc_map : Setwcd9xxxANC_IIRCoeffs:enter
01-12 17:04:46.374   481  1127 D anc_map : Setwcd9xxxANC_IIRCoeffs:leave
01-12 17:04:46.374   481  1127 D anc_map : convert_anc_acdb_to_reg:leave
01-12 17:04:46.374   481  1127 D ACDB-LOADER: ACDB -> ACDB_CMD_GET_ANC_SETTING
01-12 17:04:46.374   481  1127 D         : Failed to fetch the lookup information of the device 0000001C 
01-12 17:04:46.374   481  1127 E ACDB-LOADER: Error: ACDB ANC returned = -19
01-12 17:04:46.374   481  1127 D ACDB-LOADER: ACDB -> ACDB_CMD_GET_ANC_SETTING
01-12 17:04:46.374   481  1127 D ACDB-LOADER: send_wcd9xxx_anc_cal: anc_version = 1
01-12 17:04:46.374   481  1127 D anc_map : Setwcd9xxxANC_IIRCoeffs:enter
01-12 17:04:46.374   481  1127 D anc_map : Setwcd9xxxANC_IIRCoeffs:leave
01-12 17:04:46.374   481  1127 D anc_map : Setwcd9xxxANC_IIRCoeffs:enter
01-12 17:04:46.374   481  1127 D anc_map : Setwcd9xxxANC_IIRCoeffs:leave
01-12 17:04:46.374   481  1127 D anc_map : convert_anc_acdb_to_reg:leave
01-12 17:04:46.374   481  1127 D ACDB-LOADER: ACDB -> ACDB_CMD_GET_ANC_SETTING
01-12 17:04:46.374   481  1127 D         : Failed to fetch the lookup information of the device 0000001D 
01-12 17:04:46.374   481  1127 E ACDB-LOADER: Error: ACDB ANC returned = -19
01-12 17:04:46.374   481  1127 D ACDB-LOADER: ACDB -> ACDB_CMD_GET_ANC_SETTING
01-12 17:04:46.374   481  1127 D ACDB-LOADER: send_wcd9xxx_anc_cal: anc_version = 1
01-12 17:04:46.374   481  1127 D anc_map : Setwcd9xxxANC_IIRCoeffs:enter
01-12 17:04:46.375   481  1127 D anc_map : Setwcd9xxxANC_IIRCoeffs:leave
01-12 17:04:46.375   481  1127 D anc_map : Setwcd9xxxANC_IIRCoeffs:enter
01-12 17:04:46.375   481  1127 D anc_map : Setwcd9xxxANC_IIRCoeffs:leave
01-12 17:04:46.375   481  1127 D anc_map : convert_anc_acdb_to_reg:leave
01-12 17:04:46.375   481  1127 D ACDB-LOADER: ACDB -> ACDB_CMD_GET_ANC_SETTING
01-12 17:04:46.375   481  1127 D         : Failed to fetch the lookup information of the device 0000001E 
01-12 17:04:46.375   481  1127 E ACDB-LOADER: Error: ACDB ANC returned = -19
01-12 17:04:46.375   481  1127 D ACDB-LOADER: ACDB -> ACDB_CMD_GET_ANC_SETTING
01-12 17:04:46.375   481  1127 D ACDB-LOADER: send_wcd9xxx_anc_cal: anc_version = 1
01-12 17:04:46.375   481  1127 D anc_map : Setwcd9xxxANC_IIRCoeffs:enter
01-12 17:04:46.375   481  1127 D anc_map : Setwcd9xxxANC_IIRCoeffs:leave
01-12 17:04:46.375   481  1127 D anc_map : Setwcd9xxxANC_IIRCoeffs:enter
01-12 17:04:46.375   481  1127 D anc_map : Setwcd9xxxANC_IIRCoeffs:leave
01-12 17:04:46.375   481  1127 D anc_map : convert_anc_acdb_to_reg:leave
01-12 17:04:46.375   481  1127 D ACDB-LOADER: ACDB -> ACDB_CMD_GET_ANC_SETTING
01-12 17:04:46.375   481  1127 D         : Failed to fetch the lookup information of the device 0000001F 
01-12 17:04:46.375   481  1127 E ACDB-LOADER: Error: ACDB ANC returned = -19
01-12 17:04:46.375   481  1127 D ACDB-LOADER: ACDB -> ACDB_CMD_GET_ANC_SETTING
01-12 17:04:46.375   481  1127 D ACDB-LOADER: send_wcd9xxx_anc_cal: anc_version = 1
01-12 17:04:46.375   481  1127 D anc_map : Setwcd9xxxANC_IIRCoeffs:enter
01-12 17:04:46.375   481  1127 D anc_map : Setwcd9xxxANC_IIRCoeffs:leave
01-12 17:04:46.375   481  1127 D anc_map : Setwcd9xxxANC_IIRCoeffs:enter
01-12 17:04:46.375   481  1127 D anc_map : Setwcd9xxxANC_IIRCoeffs:leave
01-12 17:04:46.375   481  1127 D anc_map : convert_anc_acdb_to_reg:leave
01-12 17:04:46.375   481  1127 D ACDB-LOADER: ACDB -> ACDB_CMD_GET_ANC_SETTING
01-12 17:04:46.375   481  1127 D         : Failed to fetch the lookup information of the device 00000067 
01-12 17:04:46.375   481  1127 E ACDB-LOADER: Error: ACDB ANC returned = -19
01-12 17:04:46.375   481  1127 D ACDB-LOADER: ACDB -> ACDB_CMD_GET_ANC_SETTING
01-12 17:04:46.375   481  1127 D ACDB-LOADER: send_wcd9xxx_anc_cal: anc_version = 1
01-12 17:04:46.375   481  1127 D anc_map : Setwcd9xxxANC_IIRCoeffs:enter
01-12 17:04:46.375   481  1127 D anc_map : Setwcd9xxxANC_IIRCoeffs:leave
01-12 17:04:46.375   481  1127 D anc_map : Setwcd9xxxANC_IIRCoeffs:enter
01-12 17:04:46.375   481  1127 D anc_map : Setwcd9xxxANC_IIRCoeffs:leave
01-12 17:04:46.375   481  1127 D anc_map : convert_anc_acdb_to_reg:leave
01-12 17:04:46.375   481  1127 D ACDB-LOADER: ACDB -> ACDB_CMD_GET_ANC_SETTING
01-12 17:04:46.375   481  1127 D         : Failed to fetch the lookup information of the device 00000056 
01-12 17:04:46.375   481  1127 E ACDB-LOADER: Error: ACDB ANC returned = -19
01-12 17:04:46.375   481  1127 D ACDB-LOADER: ACDB -> ACDB_CMD_GET_ANC_SETTING
01-12 17:04:46.375   481  1127 D ACDB-LOADER: send_wcd9xxx_anc_cal: anc_version = 1
01-12 17:04:46.375   481  1127 D anc_map : Setwcd9xxxANC_IIRCoeffs:enter
01-12 17:04:46.375   481  1127 D anc_map : Setwcd9xxxANC_IIRCoeffs:leave
01-12 17:04:46.375   481  1127 D anc_map : Setwcd9xxxANC_IIRCoeffs:enter
01-12 17:04:46.375   481  1127 D anc_map : Setwcd9xxxANC_IIRCoeffs:leave
01-12 17:04:46.375   481  1127 D anc_map : convert_anc_acdb_to_reg:leave
01-12 17:04:46.375   481  1127 D ACDB-LOADER: ACDB -> ACDB_CMD_GET_ANC_SETTING
01-12 17:04:46.375   481  1127 D         : Failed to fetch the lookup information of the device 00000059 
01-12 17:04:46.375   481  1127 E ACDB-LOADER: Error: ACDB ANC returned = -19
01-12 17:04:46.375   481  1127 D ACDB-LOADER: ACDB -> ACDB_CMD_GET_ANC_SETTING
01-12 17:04:46.375   481  1127 D ACDB-LOADER: send_wcd9xxx_anc_cal: anc_version = 1
01-12 17:04:46.375   481  1127 D anc_map : Setwcd9xxxANC_IIRCoeffs:enter
01-12 17:04:46.375   481  1127 D anc_map : Setwcd9xxxANC_IIRCoeffs:leave
01-12 17:04:46.375   481  1127 D anc_map : Setwcd9xxxANC_IIRCoeffs:enter
01-12 17:04:46.375   481  1127 D anc_map : Setwcd9xxxANC_IIRCoeffs:leave
01-12 17:04:46.375   481  1127 D anc_map : convert_anc_acdb_to_reg:leave
01-12 17:04:46.375   481  1127 D msm8974_platform: send_codec_cal: anc_cal cal sent successfully
01-12 17:04:46.375   481  1127 D ACDB-LOADER: send mbhc data
01-12 17:04:46.375   481  1127 D ACDB-LOADER: ACDB -> MBHC ACDB_PID_GENERAL_CONFIG
01-12 17:04:46.375   481  1127 D ACDB-LOADER: ACDB -> MBHC ACDB_PID_PLUG_REMOVAL_DETECTION
01-12 17:04:46.375   481  1127 D ACDB-LOADER: ACDB -> MBHC ACDB_PID_PLUG_TYPE_DETECTION
01-12 17:04:46.375   481  1127 D ACDB-LOADER: ACDB -> MBHC ACDB_PID_BUTTON_PRESS_DETECTION
01-12 17:04:46.375   481  1127 D ACDB-LOADER: ACDB -> MBHC ACDB_PID_IMPEDANCE_DETECTION
01-12 17:04:46.375   481  1127 D msm8974_platform: send_codec_cal: mbhc_cal cal sent successfully
01-12 17:04:46.375   481  1127 D ACDB-LOADER: send vbat data
01-12 17:04:46.375   481  1127 D ACDB-LOADER: ACDB -> VBAT ACDB_PID_ADC_CAL
01-12 17:04:46.375   481  1127 D ACDB-LOADER: ACDB -> VBAT ACDB_PID_GAIN_PROC
01-12 17:04:46.375   481  1127 D ACDB-LOADER: send vbat data, calling convert_vbat_data
01-12 17:04:46.375   481  1127 D ACDB-LOADER: copied vbat cal size =72
01-12 17:04:46.375   481  1127 D msm8974_platform: send_codec_cal: vbat_cal cal sent successfully
01-12 17:04:46.375   481  1127 E msm8974_platform: init_be_dai_name_table: Could not get ctl for mixer name Backend DAI Name Table
01-12 17:04:46.376   481  1127 D msm8974_platform: platform_init: Fluence_Type(1) max_mic_count(4) mic_type(0xf) fluence_in_voice_call(1) fluence_in_voice_rec(1) fluence_in_spkr_mode(1) fluence_in_hfp_call(0) 
01-12 17:04:46.376   481  1127 D audio_hw_spkr_prot: audio_extn_spkr_prot_init: Initialize speaker protection module
01-12 17:04:46.376   481  1127 D audio_hw_spkr_prot: audio_extn_spkr_prot_init: Speaker protection disabled
01-12 17:04:46.376   481  1127 D audio_hw_utils: audio_extn_utils_get_codec_version: codec version WCD9335_2_0
01-12 17:04:46.417   481  1127 D audio_hw_utils: audio_extn_utils_update_streams_cfg_lists: failed to open io config file(/vendor/etc/audio_io_policy.conf), trying older config file
01-12 17:04:46.429   481  1127 I audio_hw_utils: load_cfg_list: could not load input, node is NULL
01-12 17:04:46.442   481  1127 E audio_hw_extn: audio_extn_perf_lock_init: Perf lock handles Success 
01-12 17:04:46.442   481  1127 I soundtrigger: audio_extn_sound_trigger_init: Enter
01-12 17:04:46.443   481  1127 I soundtrigger: audio_extn_sound_trigger_init: DLOPEN successful for /vendor/lib/hw/sound_trigger.primary.msm8996.so
01-12 17:04:46.443   481  1127 W DeviceHAL: Device 0xecbe2c00 get_master_volume: Function not implemented
01-12 17:04:46.444   481  1127 W DeviceHAL: Device 0xecbe2c00 get_master_mute: Function not implemented
01-12 17:04:46.444   481  1127 W DeviceHAL: Device 0xecbe2c00 set_master_volume: Function not implemented
01-12 17:04:46.444   481  1127 W DeviceHAL: Device 0xecbe2c00 set_master_mute: Function not implemented
01-12 17:04:46.444   554   554 I AudioFlinger: loadHwModule() Loaded primary audio interface, handle 10
01-12 17:04:46.444   554   554 I AudioFlinger: openOutput() this 0xf1d3d000, module 10 Device 2, SamplingRate 48000, Format 0x000001, Channels 3, flags 6
01-12 17:04:46.444   481  1127 D audio_hw_primary: adev_open_output_stream: enter: format(0x1) sample_rate(48000) channel_mask(0x3) devices(0x2) flags(0x6)        stream_handle(0xeb974000)
01-12 17:04:46.444   481  1127 I audio_hw_primary: adev_open_output_stream: dynamic qos voting not enabled for platform
01-12 17:04:46.444   481  1127 D audio_hw_primary: adev_open_output_stream: Stream (0xeb974000) picks up usecase (low-latency-playback)
01-12 17:04:46.446   554   554 I AudioFlinger: HAL output buffer size 192 frames, normal sink buffer size 960 frames
01-12 17:04:46.446   441   441 W /system/bin/hwservicemanager: getTransport: Cannot find entry android.hardware.audio.effect@2.0::IEffectsFactory/default in either framework or device manifest.
01-12 17:04:46.448   481  1127 E EffectsConfig: Failed to parse /vendor/etc/audio_effects.xml: Tinyxml2 error (3): /vendor/etc/audio_effects.xml (null)
01-12 17:04:46.448   481  1127 E EffectsFactoryConfigLoader: Failed to parse XML configuration file
01-12 17:04:46.448   481  1127 W EffectsFactory: Failed to load XML effect configuration, fallback to .conf
01-12 17:04:46.518   554   554 I BufferProvider: found effect "Multichannel Downmix To Stereo" from The Android Open Source Project
01-12 17:04:46.518   554  1357 I AudioFlinger: AudioFlinger's thread 0xf158ebc0 tid=1357 ready to run
01-12 17:04:46.519   554  1357 W AudioFlinger: no wake lock to update, system not ready yet
01-12 17:04:46.519   481  1127 D audio_hw_primary: out_standby: enter: stream (0xeb974000) usecase(1: low-latency-playback)
01-12 17:04:46.519   481  1127 D audio_hw_primary: out_standby: exit
01-12 17:04:46.519   554   554 I AudioFlinger: Using module 10 as the primary audio interface
01-12 17:04:46.519   554   554 W AudioFlinger: moveEffects() bad srcOutput 0
01-12 17:04:46.519   554  1357 W AudioFlinger: no wake lock to update, system not ready yet
01-12 17:04:46.519   481  1127 D audio_hw_primary: out_set_parameters: enter: usecase(1: low-latency-playback) kvpairs: routing=2
01-12 17:04:46.519   481  1127 D audio_hw_extn: audio_extn_set_anc_parameters: anc_enabled:0
01-12 17:04:46.519   481  1127 D audio_hw_spkr_prot: audio_extn_fbsp_set_parameters: Speaker protection disabled
01-12 17:04:46.521   554   554 I AudioFlinger: openOutput() this 0xf1d3d000, module 10 Device 2, SamplingRate 48000, Format 0x000001, Channels 3, flags 104
01-12 17:04:46.521   481  1127 D audio_hw_primary: adev_open_output_stream: enter: format(0x1) sample_rate(48000) channel_mask(0x3) devices(0x2) flags(0x104)        stream_handle(0xeb974300)
01-12 17:04:46.521   481  1127 D audio_hw_primary: adev_open_output_stream: Stream (0xeb974300) picks up usecase (audio-ull-playback)
01-12 17:04:46.524   554   554 I AudioFlinger: HAL output buffer size 192 frames, normal sink buffer size 960 frames
01-12 17:04:46.525   554  1359 I AudioFlinger: AudioFlinger's thread 0xf10034c0 tid=1359 ready to run
01-12 17:04:46.526   554  1359 W AudioFlinger: no wake lock to update, system not ready yet
01-12 17:04:46.526   481  1127 D audio_hw_primary: out_standby: enter: stream (0xeb974300) usecase(12: audio-ull-playback)
01-12 17:04:46.526   481  1127 D audio_hw_primary: out_standby: exit
01-12 17:04:46.526   554  1359 W AudioFlinger: no wake lock to update, system not ready yet
01-12 17:04:46.527   481   481 D audio_hw_primary: out_set_parameters: enter: usecase(12: audio-ull-playback) kvpairs: routing=2
01-12 17:04:46.528   554   554 I AudioFlinger: openOutput() this 0xf1d3d000, module 10 Device 2, SamplingRate 48000, Format 0x000001, Channels 3, flags 8
01-12 17:04:46.529   481  1127 D audio_hw_primary: adev_open_output_stream: enter: format(0x1) sample_rate(48000) channel_mask(0x3) devices(0x2) flags(0x8)        stream_handle(0xeb974600)
01-12 17:04:46.529   481  1127 D audio_hw_primary: adev_open_output_stream: Stream (0xeb974600) picks up usecase (deep-buffer-playback)
01-12 17:04:46.530   554   554 I AudioFlinger: HAL output buffer size 1920 frames, normal sink buffer size 1920 frames
01-12 17:04:46.530   554  1361 I AudioFlinger: AudioFlinger's thread 0xf0d03bc0 tid=1361 ready to run
01-12 17:04:46.530   554  1361 W AudioFlinger: no wake lock to update, system not ready yet
01-12 17:04:46.530   481  1127 W StreamHAL: Error from HAL stream in function get_presentation_position: Operation not permitted
01-12 17:04:46.530   481  1127 D audio_hw_primary: out_standby: enter: stream (0xeb974600) usecase(0: deep-buffer-playback)
01-12 17:04:46.530   481  1127 D audio_hw_primary: out_standby: exit
01-12 17:04:46.531   554  1361 W AudioFlinger: no wake lock to update, system not ready yet
01-12 17:04:46.531   481  1127 D audio_hw_primary: out_set_parameters: enter: usecase(0: deep-buffer-playback) kvpairs: routing=2
01-12 17:04:46.531   481  1127 W StreamHAL: Error from HAL stream in function get_presentation_position: Operation not permitted
01-12 17:04:46.538   481  1127 I chatty  : uid=1041(audioserver) HwBinder:481_2 identical 10 lines
01-12 17:04:46.538   481  1127 W StreamHAL: Error from HAL stream in function get_presentation_position: Operation not permitted
01-12 17:04:46.539   554   554 I AudioFlinger: openOutput() this 0xf1d3d000, module 10 Device 10000, SamplingRate 48000, Format 0x000001, Channels 3, flags 0
01-12 17:04:46.539   481  1127 D audio_hw_primary: adev_open_output_stream: enter: format(0x1) sample_rate(48000) channel_mask(0x3) devices(0x10000) flags(0)        stream_handle(0xeb974900)
01-12 17:04:46.539   481  1127 D audio_hw_primary: adev_open_output_stream: Stream (0xeb974900) picks up usecase (afe-proxy-playback)
01-12 17:04:46.540   554   554 I AudioFlinger: HAL output buffer size 768 frames, normal sink buffer size 1152 frames
01-12 17:04:46.541   554  1363 I AudioFlinger: AudioFlinger's thread 0xf0b83d40 tid=1363 ready to run
01-12 17:04:46.541   554  1363 W AudioFlinger: no wake lock to update, system not ready yet
01-12 17:04:46.541   481  1127 D audio_hw_primary: out_standby: enter: stream (0xeb974900) usecase(43: afe-proxy-playback)
01-12 17:04:46.541   481  1127 D audio_hw_primary: out_standby: exit
01-12 17:04:46.541   554  1363 W AudioFlinger: no wake lock to update, system not ready yet
01-12 17:04:46.542   481  1127 D audio_hw_primary: out_set_parameters: enter: usecase(43: afe-proxy-playback) kvpairs: routing=65536
01-12 17:04:46.544   481  1127 D audio_hw_primary: adev_open_input_stream: enter: sample_rate(48000) channel_mask(0xc) devices(0x80002000)        stream_handle(0xec3bd500) io_handle(14) source(1) format 1
01-12 17:04:46.544   481  1127 W audio_hw_utils: audio_extn_utils_update_stream_input_app_type_cfg: App type could not be selected. Falling back to default
01-12 17:04:46.545   554  1365 I AudioFlinger: AudioFlinger's thread 0xf0883ac0 tid=1365 ready to run
01-12 17:04:46.545   481  1127 D audio_hw_primary: adev_close_input_stream: enter:stream_handle(0xec3bd500)
01-12 17:04:46.545   481  1127 D audio_hw_primary: in_standby: enter: stream (0xec3bd500) usecase(16: audio-record)
01-12 17:04:46.545   481  1127 D audio_hw_primary: adev_open_input_stream: enter: sample_rate(48000) channel_mask(0xc) devices(0x80000004)        stream_handle(0xec3bd500) io_handle(22) source(1) format 1
01-12 17:04:46.545   481  1127 W audio_hw_utils: audio_extn_utils_update_stream_input_app_type_cfg: App type could not be selected. Falling back to default
01-12 17:04:46.546   554  1366 I AudioFlinger: AudioFlinger's thread 0xf0883980 tid=1366 ready to run
01-12 17:04:46.546   481  1127 D audio_hw_primary: adev_close_input_stream: enter:stream_handle(0xec3bd500)
01-12 17:04:46.546   481  1127 D audio_hw_primary: in_standby: enter: stream (0xec3bd500) usecase(16: audio-record)
01-12 17:04:46.546   481  1127 D audio_hw_primary: adev_open_input_stream: enter: sample_rate(48000) channel_mask(0xc) devices(0x80000040)        stream_handle(0xec3bd500) io_handle(30) source(1) format 1
01-12 17:04:46.546   481  1127 W DeviceHAL: Device 0xecbe2c00 open_input_stream: Invalid argument
01-12 17:04:46.547   481  1127 D audio_hw_primary: adev_open_input_stream: enter: sample_rate(48000) channel_mask(0xc) devices(0x80000040)        stream_handle(0xec3bd500) io_handle(30) source(1) format 1
01-12 17:04:46.547   481  1127 W DeviceHAL: Device 0xecbe2c00 open_input_stream: Invalid argument
01-12 17:04:46.547   554   554 W APM_AudioPolicyManager: Cannot open input stream for device 80000040 on hw module primary
01-12 17:04:46.559   481  1127 W StreamHAL: Error from HAL stream in function get_presentation_position: Operation not permitted
01-12 17:04:46.573   967  1112 D SystemServerTimingAsync: AppDataPrepare took to complete: 1786ms
01-12 17:04:46.573   967  1112 I PackageManager: Deferred reconcileAppsData finished 94 packages
01-12 17:04:46.573   967  1112 D SystemServerInitThreadPool: Finished executing prepareAppData
01-12 17:04:46.579   481  1127 W StreamHAL: Error from HAL stream in function get_presentation_position: Operation not permitted
01-12 17:04:46.590   554   554 I bt_a2dp_hw: adev_open:  adev_open in A2dp_hw module
01-12 17:04:46.590   554   554 I AudioFlinger: loadHwModule() Loaded a2dp audio interface, handle 18
01-12 17:04:46.590   481  1127 D vndksupport: Loading /vendor/lib/hw/audio.usb.default.so from current namespace instead of sphal namespace.
01-12 17:04:46.599   481   481 W StreamHAL: Error from HAL stream in function get_presentation_position: Operation not permitted
01-12 17:04:46.612   554   554 I AudioFlinger: loadHwModule() Loaded usb audio interface, handle 26
01-12 17:04:46.612   481  1127 D vndksupport: Loading /vendor/lib/hw/audio.r_submix.default.so from current namespace instead of sphal namespace.
01-12 17:04:46.620   481   481 W StreamHAL: Error from HAL stream in function get_presentation_position: Operation not permitted
01-12 17:04:46.637   481  1127 I r_submix: adev_open(name=audio_hw_if)
01-12 17:04:46.638   481   481 I r_submix: adev_init_check()
01-12 17:04:46.638   481   481 W DeviceHAL: Device 0xeb936000 set_master_mute: Function not implemented
01-12 17:04:46.638   554   554 I AudioFlinger: loadHwModule() Loaded r_submix audio interface, handle 34
01-12 17:04:46.638   481   481 D r_submix: adev_open_input_stream(addr=0)
01-12 17:04:46.638   481   481 D r_submix: submix_audio_device_create_pipe_l(addr=0, idx=9)
01-12 17:04:46.638   481   481 D r_submix:   now using address 0 for route 9
01-12 17:04:46.639   554  1377 I AudioFlinger: AudioFlinger's thread 0xf0883c80 tid=1377 ready to run
01-12 17:04:46.639   481   481 D r_submix: adev_close_input_stream()
01-12 17:04:46.639   481   481 D r_submix: submix_audio_device_release_pipe_l(idx=9) addr=0
01-12 17:04:46.639   481   481 D r_submix: submix_audio_device_destroy_pipe_l(): pipe destroyed
01-12 17:04:46.639   554   554 D AudioPolicyManagerCustom: USE_XML_AUDIO_POLICY_CONF is FALSE
01-12 17:04:46.639   554   554 E EffectsConfig: Failed to parse /vendor/etc/audio_effects.xml: Tinyxml2 error (3): /vendor/etc/audio_effects.xml (null)
01-12 17:04:46.639   554   554 W AudioPolicyEffects: Failed to load XML effect configuration, fallback to .conf
01-12 17:04:46.640   481  1127 W StreamHAL: Error from HAL stream in function get_presentation_position: Operation not permitted
01-12 17:04:46.642   481  1127 I sound_trigger_hw: stdev_get_properties
01-12 17:04:46.642   554   554 I SoundTriggerHalHidl: getProperties res implementor QUALCOMM Technologies, Inc
01-12 17:04:46.642   554   554 I SoundTriggerHalHidl: getProperties ret 0
01-12 17:04:46.642   554   554 I SoundTriggerHwService: loaded default module Sound Trigger HAL, handle 1
01-12 17:04:46.661   481  1127 W StreamHAL: Error from HAL stream in function get_presentation_position: Operation not permitted
01-12 17:04:46.662   554  1135 D PermissionCache: checking android.permission.MODIFY_AUDIO_SETTINGS for uid=1000 => granted (644 us)
01-12 17:04:46.663   554  1133 D PermissionCache: checking android.permission.MODIFY_AUDIO_SETTINGS for uid=1000 => granted (1673 us)
01-12 17:04:46.663   554  1133 D AudioPolicyManagerCustom: setForceUse() usage 4, config 0, mPhoneState 0
01-12 17:04:46.663   481   481 W StreamHAL: Error from HAL stream in function get_presentation_position: Operation not permitted
01-12 17:04:46.664   554  1133 D AudioPolicyManagerCustom: setForceUse() usage 3, config 8, mPhoneState 0
01-12 17:04:46.664   554  1135 D AudioPolicyManagerCustom: setForceUse() usage 6, config 0, mPhoneState 0
01-12 17:04:46.664   481  1382 D audio_hw_primary: adev_set_mic_mute state 0
01-12 17:04:46.664   481  1382 W DeviceHAL: Device 0xebd6f800 set_mic_mute: Function not implemented
01-12 17:04:46.664   481  1382 W DeviceHAL: Device 0xeb936000 set_mic_mute: Function not implemented
01-12 17:04:46.684   967   967 D SystemServerTiming: StartAudioService took to complete: 1033ms
01-12 17:04:46.684   967   967 I SystemServer: StartDockObserver
01-12 17:04:46.684   967   967 I SystemServiceManager: Starting com.android.server.DockObserver
01-12 17:04:46.684   481  1382 W StreamHAL: Error from HAL stream in function get_presentation_position: Operation not permitted
01-12 17:04:46.684   967   967 W DockObserver: This kernel does not have dock station support
01-12 17:04:46.685   967   967 D SystemServerTiming: StartDockObserver took to complete: 2ms
01-12 17:04:46.685   967   967 I SystemServer: StartWiredAccessoryManager
01-12 17:04:46.686   967   967 W WiredAccessoryManager: This kernel does not have usb audio support
01-12 17:04:46.686   967   967 W WiredAccessoryManager: This kernel does not have HDMI audio support
01-12 17:04:46.686   967   967 D SystemServerTiming: StartWiredAccessoryManager took to complete: 1ms
01-12 17:04:46.686   967   967 I SystemServer: StartMidiManager
01-12 17:04:46.686   967   967 I SystemServiceManager: Starting com.android.server.midi.MidiService$Lifecycle
01-12 17:04:46.687   967   967 D SystemServerTiming: StartMidiManager took to complete: 1ms
01-12 17:04:46.687   967   967 I SystemServer: StartUsbService
01-12 17:04:46.688   967   967 I SystemServiceManager: Starting com.android.server.usb.UsbService$Lifecycle
01-12 17:04:46.786   481  1382 I chatty  : uid=1041(audioserver) HwBinder:481_3 identical 5 lines
01-12 17:04:46.806   481  1382 W StreamHAL: Error from HAL stream in function get_presentation_position: Operation not permitted
01-12 17:04:46.818   707   707 I MSM-irqbalance: Discovered a new IRQ: 26
01-12 17:04:46.819   707   707 I MSM-irqbalance: Discovered a new IRQ: 196
01-12 17:04:46.819   707   707 I MSM-irqbalance: Discovered a new IRQ: 209
01-12 17:04:46.819   707   707 I MSM-irqbalance: Discovered a new IRQ: 210
01-12 17:04:46.819   707   707 I MSM-irqbalance: Discovered a new IRQ: 212
01-12 17:04:46.819   707   707 I MSM-irqbalance: Discovered a new IRQ: 213
01-12 17:04:46.819   707   707 I MSM-irqbalance: Discovered a new IRQ: 227
01-12 17:04:46.821   707   707 E MSM-irqbalance: WARNING: Cannot find matching virq for hwirq(3).
01-12 17:04:46.822   707   707 E MSM-irqbalance: WARNING: Cannot find matching virq for hwirq(5).
01-12 17:04:46.824   707   707 E MSM-irqbalance: WARNING: Cannot find matching virq for hwirq(76).
01-12 17:04:46.825   707   707 E MSM-irqbalance: WARNING: Cannot find matching virq for hwirq(156).
01-12 17:04:46.826   707   707 E MSM-irqbalance: WARNING: Cannot find matching virq for hwirq(171).
01-12 17:04:46.827   481  1382 W StreamHAL: Error from HAL stream in function get_presentation_position: Operation not permitted
01-12 17:04:46.949   481  1382 I chatty  : uid=1041(audioserver) HwBinder:481_3 identical 6 lines
01-12 17:04:46.970   481  1382 W StreamHAL: Error from HAL stream in function get_presentation_position: Operation not permitted
01-12 17:04:46.977   544   763 E /system/vendor/bin/adsprpcd: vendor/qcom/proprietary/adsprpc/src/apps_std_imp.c:693:Error 45: fopen failed for .//lowi//lowi_lp.conf. (No such file or directory)
01-12 17:04:46.991   481  1382 W StreamHAL: Error from HAL stream in function get_presentation_position: Operation not permitted
01-12 17:04:47.419   481  1382 I chatty  : uid=1041(audioserver) HwBinder:481_3 identical 21 lines
01-12 17:04:47.440   481  1382 W StreamHAL: Error from HAL stream in function get_presentation_position: Operation not permitted
01-12 17:04:47.452   967   967 I zygote64: Looking for service android.hidl.manager@1.0::IServiceManager/default
01-12 17:04:47.454   967   967 I zygote64: Starting thread pool.
01-12 17:04:47.456   967  1187 I UsbPortManager: Usb hal service started android.hardware.usb@1.0::IUsb default
01-12 17:04:47.456   967   967 I zygote64: Looking for service android.hardware.usb@1.0::IUsb/default
01-12 17:04:47.457   441   441 W /system/bin/hwservicemanager: getTransport: Cannot find entry android.hardware.usb@1.0::IUsb/default in either framework or device manifest.
01-12 17:04:47.457   967   967 I zygote64: Starting thread pool.
01-12 17:04:47.458   495   495 I android.hardware.usb@1.0-service: registering callback
01-12 17:04:47.458   495   495 E android.hardware.usb@1.0-service: Failed to open /sys/class/dual_role_usb
01-12 17:04:47.459   495  1424 E android.hardware.usb@1.0-service: creating thread
01-12 17:04:47.460   967   967 W SystemServiceManager: Service com.android.server.usb.UsbService$Lifecycle took 773 ms in onStart
