05-01 18:13:23.002  1352  1384 I am_wtf  : [0,1352,system_server,-1,AppOps,Operation not started: uid=10180 pkg=com.android.systemui op=VIBRATE]
05-01 18:13:23.003  1352  1943 I sysui_multi_action: [757,127,758,1]
05-01 18:13:23.004  1352  1943 I sysui_multi_action: [757,804,799,note_load,801,0,802,1]
05-01 18:13:23.004  1352  1943 I notification_panel_revealed: 0
05-01 18:13:23.009  1352  3342 I am_uid_running: 99000
05-01 18:13:23.011  1352  2474 I am_proc_bound: [0,6426,com.google.android.webview:webview_service]
05-01 18:13:23.024  1352  1385 I am_proc_start: [0,6446,99000,com.google.android.webview:sandboxed_process0:org.chromium.content.app.SandboxedProcessService0,,{com.melodis.midomiMusicIdentifier.freemium/org.chromium.content.app.SandboxedProcessService0}]
05-01 18:13:23.034  1352  3342 I am_proc_bound: [0,6446,com.google.android.webview:sandboxed_process0:org.chromium.content.app.SandboxedProcessService0]
05-01 18:13:23.116  1352  2183 I am_kill : [0,4964,com.google.android.apps.turbo,999,empty #31]
05-01 18:13:23.153  1352  3342 I am_kill : [0,3069,com.google.android.apps.wellbeing,999,empty #31]
05-01 18:13:23.177  1352  1930 I am_proc_died: [0,4964,com.google.android.apps.turbo,999,20]
05-01 18:13:23.250  1352  5502 I am_proc_died: [0,3069,com.google.android.apps.wellbeing,999,20]
05-01 18:13:23.250  1352  5502 I am_uid_stopped: 10187
05-01 18:13:23.471  1352  1376 I commit_sys_config_file: [jobs,5]
05-01 18:13:23.796  2164  2164 I sysui_multi_action: [757,111,758,1]
05-01 18:13:23.796  2164  2164 I sysui_multi_action: [757,126,758,1,759,126,927,0,928,1,1593,0]
05-01 18:13:23.797  2164  2164 I sysui_multi_action: [757,113,758,1,759,113,927,1,928,0,1593,1]
05-01 18:13:23.797  2164  2164 I sysui_multi_action: [757,118,758,1,759,118,927,2,928,0,1593,1]
05-01 18:13:23.797  2164  2164 I sysui_multi_action: [757,123,758,1,759,123,927,3,928,0,1593,1]
05-01 18:13:23.797  2164  2164 I sysui_multi_action: [757,120,758,1,759,120,927,4,928,0,1593,1]
05-01 18:13:23.797  2164  2164 I sysui_multi_action: [757,119,758,1,759,119,927,5,928,0,1593,1]
05-01 18:13:23.797  2164  2164 I sysui_multi_action: [757,111,758,1]
05-01 18:13:23.797  2164  2164 I sysui_multi_action: [757,126,758,1,759,126,927,0,928,1,1593,1]
05-01 18:13:23.797  2164  2164 I sysui_multi_action: [757,113,758,1,759,113,927,1,928,0,1593,1]
05-01 18:13:23.797  2164  2164 I sysui_multi_action: [757,118,758,1,759,118,927,2,928,0,1593,1]
05-01 18:13:23.798  2164  2164 I sysui_multi_action: [757,123,758,1,759,123,927,3,928,0,1593,1]
05-01 18:13:23.798  2164  2164 I sysui_multi_action: [757,120,758,1,759,120,927,4,928,0,1593,1]
05-01 18:13:23.798  2164  2164 I sysui_multi_action: [757,119,758,1,759,119,927,5,928,0,1593,1]
05-01 18:13:23.856  2164  2164 I sysui_multi_action: [757,194,758,4,826,89,827,1781]
05-01 18:13:23.856  2164  2164 I sysui_lockscreen_gesture: [9,89,1781]
05-01 18:13:23.891  1352  3350 I am_uid_running: 10130
05-01 18:13:23.913  1352  1385 I am_proc_start: [0,6532,10130,com.android.cellbroadcastreceiver,broadcast,{com.android.cellbroadcastreceiver/com.android.cellbroadcastreceiver.CellBroadcastReceiver}]
05-01 18:13:23.928  1352  3350 I am_proc_bound: [0,6532,com.android.cellbroadcastreceiver]
05-01 18:13:23.967  1352  1943 I am_kill : [0,5011,com.google.android.apps.turbo:aab,999,empty #31]
05-01 18:13:23.984  1352  1943 I am_proc_died: [0,5011,com.google.android.apps.turbo:aab,999,20]
05-01 18:13:23.985  1352  1943 I am_uid_stopped: 10179
05-01 18:13:24.008  1352  1943 I am_uid_running: 10184
05-01 18:13:24.030  1352  1385 I am_proc_start: [0,6552,10184,com.android.connectivity.metrics,broadcast,{com.android.connectivity.metrics/com.android.connectivity.metrics.SnapshotSchedulingReceiver}]
05-01 18:13:24.043  1352  1930 I am_proc_bound: [0,6552,com.android.connectivity.metrics]
05-01 18:13:24.079  1352  3350 I am_kill : [0,3706,com.android.printspooler,999,empty #31]
05-01 18:13:24.095  1352  1930 I am_proc_died: [0,3706,com.android.printspooler,999,20]
05-01 18:13:24.095  1352  1930 I am_uid_stopped: 10158
05-01 18:13:24.195  1352  2162 I sync    : [com.google.android.gms.chromesync,0,3,1901271852]
05-01 18:13:24.217  1352  2162 I sync    : [com.google.android.gms.chromesync,1,3,1901271852]
05-01 18:13:24.319  1352  1919 I netstats_mobile_sample: [919094,798,164998,673,919094,798,164998,673,918874,794,163618,650,1588346004937]
05-01 18:13:24.319  1352  1919 I netstats_wifi_sample: [0,0,0,0,0,0,0,0,0,0,0,0,1588346004937]
05-01 18:13:24.415  1352  3350 I am_uid_running: 10179
05-01 18:13:24.432  1352  1385 I am_proc_start: [0,6589,10179,com.google.android.apps.turbo:aab,broadcast,{com.google.android.apps.turbo/com.google.android.libraries.smartbattery.appusage.library.PhenotypeUpdatedReceiver}]
05-01 18:13:24.450  1352  3350 I am_proc_bound: [0,6589,com.google.android.apps.turbo:aab]
05-01 18:13:24.572  1352  2474 I am_kill : [0,5103,com.google.android.configupdater,999,empty #31]
05-01 18:13:24.608  1352  1930 I am_proc_died: [0,5103,com.google.android.configupdater,999,20]
05-01 18:13:24.609  1352  1930 I am_uid_stopped: 10178
05-01 18:13:24.713  2164  2164 I sysui_multi_action: [757,406,758,4]
05-01 18:13:24.719  1352  5502 I wm_stack_created: 2
05-01 18:13:24.721  1352  5502 I wm_task_created: [4,2]
05-01 18:13:24.722  1352  5502 I wm_task_moved: [4,0,2147483647]
05-01 18:13:24.722  1352  5502 I am_focused_stack: [0,0,2,0,reuseOrNewTask]
05-01 18:13:24.722  1352  5502 I am_create_task: [0,4]
05-01 18:13:24.722  1352  5502 I am_create_activity: [0,225147707,4,com.android.settings/.homepage.SettingsHomepageActivity,android.settings.SETTINGS,NULL,NULL,335544320]
05-01 18:13:24.722  1352  5502 I wm_task_moved: [4,0,2147483647]
05-01 18:13:24.723  1352  5502 I am_pause_activity: [0,248251508,com.android.launcher3/com.paranoid.launcher.ParanoidLauncher,userLeaving=true]
05-01 18:13:24.723  2434  2434 I am_on_top_resumed_lost_called: [0,com.paranoid.launcher.ParanoidLauncher,topStateChangedWhenResumed]
05-01 18:13:24.726  2434  2434 I am_on_paused_called: [0,com.paranoid.launcher.ParanoidLauncher,performPause]
05-01 18:13:24.727  1352  2859 I am_add_to_stopping: [0,248251508,com.android.launcher3/com.paranoid.launcher.ParanoidLauncher,makeInvisible]
05-01 18:13:24.753  1352  1385 I am_proc_start: [0,6634,1000,com.android.settings,activity,{com.android.settings/com.android.settings.homepage.SettingsHomepageActivity}]
05-01 18:13:24.769  1352  3355 I am_proc_bound: [0,6634,com.android.settings]
05-01 18:13:24.771  1352  3355 I am_restart_activity: [0,225147707,4,com.android.settings/.homepage.SettingsHomepageActivity]
05-01 18:13:24.771  1352  3355 I am_set_resumed_activity: [0,com.android.settings/.homepage.SettingsHomepageActivity,minimalResumeActivityLocked]
05-01 18:13:24.808  6634  6634 I am_on_create_called: [0,com.android.settings.homepage.SettingsHomepageActivity,performCreate]
05-01 18:13:24.838  1352  3344 I sysui_multi_action: [324,0,757,1090,758,12,806,com.android.settings,871,com.android.settings.homepage.SettingsHomepageActivity,1091,122]
05-01 18:13:24.848  1352  2859 I am_uid_running: 10190
05-01 18:13:24.852  6634  6634 I am_on_start_called: [0,com.android.settings.homepage.SettingsHomepageActivity,handleStartActivity]
05-01 18:13:24.852  6634  6634 I snet_event_log: [120484087,-1,]
05-01 18:13:24.852  6634  6634 I am_on_resume_called: [0,com.android.settings.homepage.SettingsHomepageActivity,RESUME_ACTIVITY]
05-01 18:13:24.853  6634  6634 I sysui_multi_action: [757,1502,758,1,833,0]
05-01 18:13:24.855  6634  6634 I sysui_multi_action: [757,35,758,1,833,0]
05-01 18:13:24.858  1352  1385 I am_proc_start: [0,6670,10190,com.android.settings.intelligence,service,{com.android.settings.intelligence/com.android.settings.intelligence.suggestions.SuggestionService}]
05-01 18:13:24.863  1352  3355 I am_proc_bound: [0,6670,com.android.settings.intelligence]
05-01 18:13:24.864  1352  3355 I am_uid_active: 10190
05-01 18:13:24.874  6634  6634 I am_on_top_resumed_gained_called: [0,com.android.settings.homepage.SettingsHomepageActivity,topStateChangedWhenResumed]
05-01 18:13:24.885  1352  3340 I am_uid_active: 10131
05-01 18:13:24.956  1352  1383 I sysui_multi_action: [319,59,321,44,322,237,325,46,757,761,758,7,759,1,806,com.android.settings,871,com.android.settings.homepage.SettingsHomepageActivity,904,com.android.systemui,905,0,945,54,1320,11,1321,1]
05-01 18:13:24.958  1352  1383 I am_activity_launch_time: [0,225147707,com.android.settings/.homepage.SettingsHomepageActivity,237]
05-01 18:13:24.973  1352  1650 I commit_sys_config_file: [settings-2-0,5]
05-01 18:13:24.974  1352  2859 I am_uid_active: 10185
05-01 18:13:24.988  2164  2164 I sysui_multi_action: [757,111,758,2]
05-01 18:13:24.988  2164  2164 I sysui_multi_action: [757,111,758,2]
05-01 18:13:25.038  1352  1377 I am_stop_activity: [0,248251508,com.android.launcher3/com.paranoid.launcher.ParanoidLauncher]
05-01 18:13:25.054  2434  2434 I am_on_stop_called: [0,com.paranoid.launcher.ParanoidLauncher,STOP_ACTIVITY_ITEM]
05-01 18:13:25.227  1352  3344 I sysui_multi_action: [757,127,758,2]
05-01 18:13:25.227  1352  3344 I notification_panel_hidden: 
05-01 18:13:25.304  2940  4825 I aggregation: 1588346005304
05-01 18:13:26.180  1352  1376 I commit_sys_config_file: [jobs,6]
05-01 18:13:26.202  1352  3350 I am_create_activity: [0,4745703,4,com.android.settings/.SubSettings,android.intent.action.MAIN,NULL,NULL,0]
05-01 18:13:26.204  1352  3350 I am_pause_activity: [0,225147707,com.android.settings/.homepage.SettingsHomepageActivity,userLeaving=true]
05-01 18:13:26.204  6634  6634 I am_on_top_resumed_lost_called: [0,com.android.settings.homepage.SettingsHomepageActivity,topStateChangedWhenResumed]
05-01 18:13:26.205  6634  6634 I sysui_multi_action: [757,1502,758,2]
05-01 18:13:26.205  6634  6634 I sysui_multi_action: [757,35,758,2]
05-01 18:13:26.205  6634  6634 I am_on_paused_called: [0,com.android.settings.homepage.SettingsHomepageActivity,performPause]
05-01 18:13:26.206  1352  3350 I am_add_to_stopping: [0,225147707,com.android.settings/.homepage.SettingsHomepageActivity,makeInvisible]
05-01 18:13:26.206  1352  3350 I am_restart_activity: [0,4745703,4,com.android.settings/.SubSettings]
05-01 18:13:26.207  1352  3350 I am_set_resumed_activity: [0,com.android.settings/.SubSettings,minimalResumeActivityLocked]
05-01 18:13:26.209  1352  1377 I sysui_multi_action: [757,803,799,window_time_0,802,16]
05-01 18:13:26.244  1352  3340 I sysui_multi_action: [324,1,757,1090,758,12,806,com.android.settings,871,com.android.settings.SubSettings,1091,43]
05-01 18:13:26.245  6634  6634 I am_on_create_called: [0,com.android.settings.SubSettings,performCreate]
05-01 18:13:26.252  2380  2380 I chatty  : uid=1001(radio) com.android.phone expire 19 lines
05-01 18:13:26.262  6634  6634 I am_on_start_called: [0,com.android.settings.SubSettings,handleStartActivity]
05-01 18:13:26.262  6634  6634 I snet_event_log: [120484087,-1,]
05-01 18:13:26.264  6634  6634 I am_on_resume_called: [0,com.android.settings.SubSettings,RESUME_ACTIVITY]
05-01 18:13:26.269  6634  6634 I sysui_multi_action: [757,746,758,1,833,35]
05-01 18:13:26.289  2380  2820 I chatty  : uid=1001(radio) Binder:2380_A expire 30 lines
05-01 18:13:26.290  6634  6634 I service_manager_stats: [100,19,48114]
05-01 18:13:26.295  2380  2820 I service_manager_stats: [100,29,5270]
05-01 18:13:26.303  6634  6634 I am_on_top_resumed_gained_called: [0,com.android.settings.SubSettings,topStateChangedWhenResumed]
05-01 18:13:26.364  1352  1383 I sysui_multi_action: [319,160,322,160,325,48,757,761,758,8,759,2,806,com.android.settings,871,com.android.settings.SubSettings,904,com.android.settings,905,0,1320,11,1321,1]
05-01 18:13:26.365  1352  1383 I am_activity_launch_time: [0,4745703,com.android.settings/.SubSettings,160]
05-01 18:13:26.630  1352  1383 I am_pss  : [2553,10216,com.google.android.inputmethod.latin,73379840,64843776,0,203620352,0,8,8]
05-01 18:13:26.636  1352  1383 I am_pss  : [2612,1001,com.qualcomm.qcrilmsgtunnel,5861376,4227072,0,101236736,0,7,5]
05-01 18:13:26.756  1352  1377 I am_stop_activity: [0,225147707,com.android.settings/.homepage.SettingsHomepageActivity]
05-01 18:13:26.772  6634  6634 I am_on_stop_called: [0,com.android.settings.homepage.SettingsHomepageActivity,STOP_ACTIVITY_ITEM]
05-01 18:13:27.494  1352  1487 I commit_sys_config_file: [package-user-0,12]
05-01 18:13:28.163  1352  1384 I am_uid_running: 10174
05-01 18:13:28.169  1352  3350 I am_uid_active: 10174
05-01 18:13:28.179  1352  1385 I am_proc_start: [0,6755,10174,com.qti.ltebc,broadcast,{com.qti.ltebc/com.qualcomm.ltebc.LTEBroadcastAlarmReceiver}]
05-01 18:13:28.184  1352  1383 I commit_sys_config_file: [roles-0,20]
05-01 18:13:28.196  1352  5722 I am_proc_bound: [0,6755,com.qti.ltebc]
05-01 18:13:28.390  1352  3350 I am_uid_running: 10212
05-01 18:13:28.406  1352  1385 I am_proc_start: [0,6783,10212,com.qualcomm.embms:remote,service,{com.qualcomm.embms/com.qualcomm.embms.EmbmsService}]
05-01 18:13:28.426  1352  3643 I am_proc_bound: [0,6783,com.qualcomm.embms:remote]
05-01 18:13:28.484  6783  6783 D use-Rlog/RLOG-QC_RIL_OEM_HOOK: Starting QcrilMsgTunnel Service
05-01 18:13:28.487  6783  6783 D use-Rlog/RLOG-QC_RIL_OEM_HOOK: Attempt to bind service returned with: true
05-01 18:13:28.489  6783  6783 D use-Rlog/RLOG-QC_RIL_OEM_HOOK: Registering for intent ACTION_UNSOL_RESPONSE_OEM_HOOK_RAW
05-01 18:13:28.496  6783  6783 D use-Rlog/RLOG-QC_RIL_OEM_HOOK: QcrilMsgTunnelService Connected Successfully (onServiceConnected)
05-01 18:13:28.496  6783  6783 D use-Rlog/RLOG-QC_RIL_OEM_HOOK: Calling onQcRilHookReady callback
05-01 18:13:28.666  2802  6802 I c2dm    : [-2,,1,1]
05-01 18:13:28.704  6634  6634 I sysui_multi_action: [757,830,758,4,833,0,854,android.settings.WIFI_SETTINGS,1089,0]
05-01 18:13:28.707  1352  1943 I am_create_activity: [0,70397477,4,com.android.settings/.SubSettings,android.intent.action.MAIN,NULL,NULL,0]
05-01 18:13:28.708  1352  1943 I am_pause_activity: [0,4745703,com.android.settings/.SubSettings,userLeaving=true]
05-01 18:13:28.710  6634  6634 I am_on_top_resumed_lost_called: [0,com.android.settings.SubSettings,topStateChangedWhenResumed]
05-01 18:13:28.712  6634  6634 I sysui_multi_action: [757,746,758,2]
05-01 18:13:28.714  6634  6634 I am_on_paused_called: [0,com.android.settings.SubSettings,performPause]
05-01 18:13:28.715  1352  3342 I am_add_to_stopping: [0,4745703,com.android.settings/.SubSettings,makeInvisible]
05-01 18:13:28.716  1352  3342 I am_restart_activity: [0,70397477,4,com.android.settings/.SubSettings]
05-01 18:13:28.716  1352  3342 I am_set_resumed_activity: [0,com.android.settings/.SubSettings,minimalResumeActivityLocked]
05-01 18:13:28.720  1352  1377 I sysui_multi_action: [757,803,799,window_time_0,802,2]
05-01 18:13:28.738  1352  1943 I netstats_mobile_sample: [930948,827,180713,709,930948,827,180713,709,930688,822,178913,679,1588346009357]
05-01 18:13:28.738  1352  1943 I netstats_wifi_sample: [0,0,0,0,0,0,0,0,0,0,0,0,1588346009357]
05-01 18:13:28.749  1352  1930 I netstats_mobile_sample: [930948,827,180713,709,930948,827,180713,709,930688,822,178913,679,1588346009367]
05-01 18:13:28.749  1352  1930 I netstats_wifi_sample: [0,0,0,0,0,0,0,0,0,0,0,0,1588346009367]
05-01 18:13:28.754  6634  6634 I am_on_create_called: [0,com.android.settings.SubSettings,performCreate]
05-01 18:13:28.775  6634  6634 I sysui_multi_action: [757,804,799,settings_wifi_speed_labels,801,0,802,1]
05-01 18:13:28.777  6634  6634 I chatty  : uid=1000(system) identical 8 lines
05-01 18:13:28.777  6634  6634 I sysui_multi_action: [757,804,799,settings_wifi_speed_labels,801,0,802,1]
05-01 18:13:28.783  6634  6634 I am_on_start_called: [0,com.android.settings.SubSettings,handleStartActivity]
05-01 18:13:28.784  6634  6634 I snet_event_log: [120484087,-1,]
05-01 18:13:28.784  6634  6634 I am_on_resume_called: [0,com.android.settings.SubSettings,RESUME_ACTIVITY]
05-01 18:13:28.785  6634  6634 I sysui_multi_action: [757,103,758,1,833,746]
05-01 18:13:28.787  6634  6634 I am_on_top_resumed_gained_called: [0,com.android.settings.SubSettings,topStateChangedWhenResumed]
05-01 18:13:28.810  1352  1383 I sysui_multi_action: [319,103,322,102,325,50,757,761,758,8,759,2,806,com.android.settings,871,com.android.settings.SubSettings,904,com.android.settings,905,0,1320,11,1321,1]
05-01 18:13:28.811  1352  1383 I am_activity_launch_time: [0,70397477,com.android.settings/.SubSettings,102]
05-01 18:13:28.873  2802  6818 I c2dm    : [3,,1,1]
05-01 18:13:28.880  2802  6818 I gtalk_heartbeat_reset: [1680,66.102.1.188:5228]
05-01 18:13:28.883  2802  6818 I gtalk_connection: 0
05-01 18:13:28.885  2802  6818 I c2dm    : [7,,1,1]
05-01 18:13:29.203  1352  1377 I am_stop_activity: [0,4745703,com.android.settings/.SubSettings]
05-01 18:13:29.214  6634  6634 I am_on_stop_called: [0,com.android.settings.SubSettings,STOP_ACTIVITY_ITEM]
05-01 18:13:30.040  1352  1927 I service_manager_stats: [100,38,11944]
05-01 18:13:30.085  6634  6634 I sysui_multi_action: [757,804,799,settings_wifi_speed_labels,801,0,802,1]
05-01 18:13:30.093  6634  6634 I sysui_multi_action: [757,804,799,settings_wifi_speed_labels,801,0,802,1]
05-01 18:13:30.203  6634  6634 I sysui_multi_action: [757,603,758,1,833,0]
05-01 18:13:30.227  1352  3916 I sysui_multi_action: [757,906,758,4,806,com.android.settings,871,com.android.settings.SubSettings,908,com.google.android.gms,1452,4,1456,1330692265]
05-01 18:13:30.258  1352  5502 I am_proc_died: [0,4268,com.android.bluetooth,0,11]
05-01 18:13:30.258  1352  5502 I am_uid_stopped: 1002
05-01 18:13:30.396  1352  1383 I am_pss  : [3306,10177,com.google.android.googlequicksearchbox:interactor,51504128,32612352,0,180838400,0,3,6]
05-01 18:13:30.416  6634  6634 I sysui_multi_action: [757,804,799,settings_wifi_speed_labels,801,0,802,1]
05-01 18:13:30.416  6634  6634 I sysui_multi_action: [757,804,799,settings_wifi_speed_labels,801,0,802,1]
05-01 18:13:30.665  1352  1383 I am_pss  : [3579,10188,com.google.android.as,18746368,16576512,0,124456960,0,6,5]
05-01 18:13:30.672  1352  1383 I am_pss  : [3538,10147,com.android.smspush,4261888,2985984,0,86810624,0,7,4]
05-01 18:13:31.054  1352  1383 I sysui_multi_action: [757,1717,758,1,759,0]
05-01 18:13:31.055  1352  1383 I sysui_multi_action: [757,1717,758,2,759,0]
05-01 18:13:31.055  1352  1383 I sysui_multi_action: [757,1717,758,3,759,0]
05-01 18:13:32.280  1352  1384 I am_kill : [0,5150,com.google.android.contacts,999,empty #31]
05-01 18:13:32.304  1352  3344 I am_proc_died: [0,5150,com.google.android.contacts,999,20]
05-01 18:13:32.305  1352  3344 I am_uid_stopped: 10170
05-01 18:13:32.465  1352  3344 I am_kill : [0,3766,com.google.android.play.games.ui,999,empty #31]
05-01 18:13:32.489  1352  1369 I am_proc_died: [0,3766,com.google.android.play.games.ui,999,20]
05-01 18:13:34.291  1352  1487 I commit_sys_config_file: [package-user-0,7]
05-01 18:13:34.291  1352  1487 I commit_sys_config_file: [package,129]
05-01 18:13:34.407  1352  3344 I am_kill : [0,3169,com.google.android.deskclock,999,empty #31]
05-01 18:13:34.429  1352  6853 I am_proc_died: [0,3169,com.google.android.deskclock,999,20]
05-01 18:13:34.430  1352  6853 I am_uid_stopped: 10200
05-01 18:13:34.520  1352  1383 I commit_sys_config_file: [package-perms-0,20]
05-01 18:13:35.146  1352  1383 I am_pss  : [6634,1000,com.android.settings,85154816,71553024,0,221331456,0,2,17]
05-01 18:13:36.354  1352  1383 I am_pss  : [5052,10209,com.google.android.calendar,20916224,17584128,0,117243904,0,20,10]
05-01 18:13:36.778  2380  2380 I service_manager_stats: [127,20,10483]
05-01 18:13:36.947  6634  6634 I sysui_multi_action: [757,135,758,4,759,0]
05-01 18:13:36.986  6634  6634 I sysui_multi_action: [757,603,758,2]
05-01 18:13:37.131  1352  1383 I am_pss  : [5305,10192,com.google.android.onetimeinitializer,4386816,3084288,0,86974464,0,20,5]
05-01 18:13:37.227  1352  1383 I am_pss  : [5333,10123,com.google.android.packageinstaller,5430272,4141056,0,87359488,0,20,6]
05-01 18:13:37.465  1352  1383 I am_pss  : [5269,10214,com.android.chrome,18028544,8740864,0,101318656,0,20,6]
05-01 18:13:38.096  1352  1383 I am_kill : [0,2861,com.google.android.dialer,999,empty #31]
05-01 18:13:38.109  1352  1383 I am_pss  : [4076,10204,com.google.android.apps.photos,36003840,33984512,0,138989568,0,20,5]
05-01 18:13:38.119  1352  2474 I am_proc_died: [0,2861,com.google.android.dialer,999,20]
05-01 18:13:38.119  1352  2474 I am_uid_stopped: 10169
05-01 18:13:38.206  1352  1385 I am_proc_start: [0,6931,10179,com.google.android.apps.turbo,broadcast,{com.google.android.apps.turbo/com.google.android.apps.turbo.nudges.broadcasts.BatteryStatusChangedReceiver}]
05-01 18:13:38.222  1352  1383 I am_pss  : [3839,10175,com.google.android.partnersetup,6905856,5345280,0,97468416,0,20,4]
05-01 18:13:38.224  1352  2916 I am_proc_bound: [0,6931,com.google.android.apps.turbo]
05-01 18:13:38.310  1352  2474 I am_kill : [0,5269,com.android.chrome,999,empty #31]
05-01 18:13:38.326  1352  2478 I am_proc_died: [0,5269,com.android.chrome,999,20]
05-01 18:13:38.327  1352  2478 I am_uid_stopped: 10214
05-01 18:13:38.826  1352  2916 I am_kill : [0,5305,com.google.android.onetimeinitializer,999,empty #31]
05-01 18:13:38.836  1352  1383 I am_pss  : [5732,10211,com.qualcomm.telephony,7269376,5459968,0,103481344,0,11,5]
05-01 18:13:38.843  1352  1383 I am_pss  : [5621,10197,com.google.process.gapps,7583744,5844992,0,102748160,0,20,5]
05-01 18:13:38.847  1352  2478 I am_proc_died: [0,5305,com.google.android.onetimeinitializer,999,20]
05-01 18:13:38.847  1352  2478 I am_uid_stopped: 10192
05-01 18:13:39.019  2380  2830 I chatty  : uid=1001(radio) Binder:2380_D expire 6 lines
05-01 18:13:39.167  1352  1383 I am_pss  : [5782,1001,com.qualcomm.qti.lpa,4421632,3112960,0,85958656,0,20,6]
05-01 18:13:39.173  1352  1383 I am_pss  : [5755,1000,com.qualcomm.qti.biometrics.fingerprint.service,4477952,3026944,0,92663808,0,20,6]
05-01 18:13:39.240  6634  6634 I sysui_multi_action: [757,804,799,settings_wifi_speed_labels,801,0,802,1]
05-01 18:13:39.543  6634  6634 I sysui_multi_action: [757,804,799,settings_wifi_speed_labels,801,0,802,1]
05-01 18:13:40.354  1352  1383 I am_pss  : [5951,10259,com.google.android.projection.gearhead:shared,16294912,9166848,0,125603840,0,20,15]
05-01 18:13:40.365  1352  1383 I am_pss  : [5997,10259,com.google.android.projection.gearhead:car,11356160,4653056,0,111734784,0,20,9]
05-01 18:13:40.425  1352  1383 I am_pss  : [3378,1000,co.aospa.camerahelper,4776960,3272704,0,94289920,0,0,9]
05-01 18:13:40.436  1352  1383 I am_pss  : [3354,1000,co.aospa.doze,6651904,5124096,0,97656832,0,0,9]
05-01 18:13:41.041  1352  1946 I netstats_mobile_sample: [1005667,964,224972,843,1005667,964,224972,843,1005303,957,222212,797,1588346021660]
05-01 18:13:41.041  1352  1946 I netstats_wifi_sample: [0,0,0,0,0,0,0,0,0,0,0,0,1588346021660]
05-01 18:13:41.102  6634  6634 I sysui_multi_action: [757,804,799,settings_wifi_speed_labels,801,0,802,1]
05-01 18:13:41.699  1352  6976 I service_manager_stats: [100,30,11660]
05-01 18:13:41.713  1352  1946 I netstats_mobile_sample: [1005667,964,224972,843,1005667,964,224972,843,1005303,957,222212,797,1588346022331]
05-01 18:13:41.713  1352  1946 I netstats_wifi_sample: [0,0,0,0,0,0,0,0,0,0,0,0,1588346022331]
05-01 18:13:42.753  1352  1383 I am_pss  : [5806,10238,com.google.android.apps.docs,66019328,59875328,0,189083648,0,20,12]
05-01 18:13:42.762  1352  1383 I am_pss  : [4668,10172,com.google.android.ims,23104512,20336640,0,132296704,0,11,7]
05-01 18:13:42.774  1352  1383 I am_pss  : [6340,10236,com.viber.voip,80890880,73912320,0,201613312,0,20,10]
05-01 18:13:42.782  1352  1383 I am_pss  : [6305,10191,com.android.vending:download_service,20378624,4333568,0,107757568,0,20,6]
05-01 18:13:42.792  1352  1383 I am_pss  : [6217,10248,com.melodis.midomiMusicIdentifier.freemium,61222912,50212864,0,180097024,0,20,9]
05-01 18:13:42.805  1352  1383 I am_pss  : [6034,10234,com.google.android.youtube,84965376,80195584,0,204181504,0,20,11]
05-01 18:13:42.812  1352  1383 I am_pss  : [6162,1000,com.android.keychain,4769792,3301376,0,93614080,0,20,7]
05-01 18:13:42.819  1352  1383 I am_pss  : [3598,10186,co.aospa.facesense,7007232,5656576,0,90284032,0,0,6]
05-01 18:13:42.826  1352  1383 I am_pss  : [3474,1000,com.qualcomm.qti.workloadclassifier,6820864,5255168,0,98316288,0,0,7]
05-01 18:13:42.833  1352  1383 I am_pss  : [3448,1068,com.android.se,4775936,3440640,0,86990848,0,0,6]
05-01 18:13:42.840  1352  1383 I am_pss  : [3411,1000,.pasr,4578304,3002368,0,96464896,0,0,5]
05-01 18:13:42.849  1352  1383 I am_pss  : [3401,1027,com.android.nfc,10721280,8273920,0,113102848,0,0,7]
05-01 18:13:43.045  2380  2830 I service_manager_stats: [332,95,6268]
05-01 18:13:43.049  1352  1946 I netstats_mobile_sample: [1005667,964,224972,843,1005667,964,224972,843,1005303,957,222212,797,1588346023667]
05-01 18:13:43.049  1352  1946 I netstats_wifi_sample: [0,0,0,0,0,0,0,0,0,0,0,0,1588346023667]
05-01 18:13:43.064  1352  1946 I netstats_mobile_sample: [1005667,964,224972,843,1005667,964,224972,843,1005303,957,222212,797,1588346023682]
05-01 18:13:43.064  1352  1946 I netstats_wifi_sample: [0,0,0,0,0,0,0,0,0,0,0,0,1588346023682]
05-01 18:13:43.088  1352  2478 I am_create_activity: [0,141693242,4,com.android.settings/.SubSettings,android.intent.action.MAIN,NULL,NULL,0]
05-01 18:13:43.089  1352  2478 I am_pause_activity: [0,70397477,com.android.settings/.SubSettings,userLeaving=true]
05-01 18:13:43.094  6634  6634 I am_on_top_resumed_lost_called: [0,com.android.settings.SubSettings,topStateChangedWhenResumed]
05-01 18:13:43.095  6634  6634 I sysui_multi_action: [757,103,758,2]
05-01 18:13:43.095  6634  6634 I am_on_paused_called: [0,com.android.settings.SubSettings,performPause]
05-01 18:13:43.096  1352  3916 I am_add_to_stopping: [0,70397477,com.android.settings/.SubSettings,makeInvisible]
05-01 18:13:43.097  1352  3916 I am_restart_activity: [0,141693242,4,com.android.settings/.SubSettings]
05-01 18:13:43.097  1352  3916 I am_set_resumed_activity: [0,com.android.settings/.SubSettings,minimalResumeActivityLocked]
05-01 18:13:43.098  1352  1946 I netstats_mobile_sample: [1005667,964,224972,843,1005667,964,224972,843,1005303,957,222212,797,1588346023716]
05-01 18:13:43.098  1352  1946 I netstats_wifi_sample: [0,0,0,0,0,0,0,0,0,0,0,0,1588346023716]
05-01 18:13:43.099  1352  1377 I sysui_multi_action: [757,803,799,window_time_0,802,14]
05-01 18:13:43.107  2380  2468 I chatty  : uid=1001(radio) HwBinder:2380_1 expire 5 lines
05-01 18:13:43.112  6634  6634 I service_manager_stats: [131,12,16823]
05-01 18:13:43.122  1352  3916 I sysui_multi_action: [324,1,757,1090,758,12,806,com.android.settings,871,com.android.settings.SubSettings,1091,35]
05-01 18:13:43.123  6634  6634 I am_on_create_called: [0,com.android.settings.SubSettings,performCreate]
05-01 18:13:43.126  6634  6634 I am_on_start_called: [0,com.android.settings.SubSettings,handleStartActivity]
05-01 18:13:43.126  6634  6634 I snet_event_log: [120484087,-1,]
05-01 18:13:43.127  6634  6634 I am_on_resume_called: [0,com.android.settings.SubSettings,RESUME_ACTIVITY]
05-01 18:13:43.132  6634  6634 I sysui_multi_action: [757,338,758,1,833,103]
05-01 18:13:43.137  6634  6634 I am_on_top_resumed_gained_called: [0,com.android.settings.SubSettings,topStateChangedWhenResumed]
05-01 18:13:43.149  1352  1383 I am_pss  : [6446,99000,com.google.android.webview:sandboxed_process0:org.chromium.content.app.SandboxedProcessService0,10755072,2506752,0,83419136,0,20,4]
05-01 18:13:43.169  1352  1383 I sysui_multi_action: [319,80,322,79,325,64,757,761,758,8,759,2,806,com.android.settings,871,com.android.settings.SubSettings,904,com.android.settings,905,0,1320,11,1321,1]
05-01 18:13:43.170  1352  1383 I am_activity_launch_time: [0,141693242,com.android.settings/.SubSettings,79]
05-01 18:13:43.209  1352  1383 I am_pss  : [6426,10213,com.google.android.webview:webview_service,11041792,2818048,0,85495808,0,20,4]
05-01 18:13:43.330  1352  6853 I am_kill : [0,5333,com.google.android.packageinstaller,999,empty #31]
05-01 18:13:43.361  2380  2687 I chatty  : uid=1001(radio) DcHandlerThread expire 1 line
05-01 18:13:43.383  1352  1383 I am_pss  : [3552,10191,com.android.vending,54984704,35557376,0,154304512,0,20,6]
05-01 18:13:43.386  1352  3916 I am_proc_died: [0,5333,com.google.android.packageinstaller,999,20]
05-01 18:13:43.386  1352  3916 I am_uid_stopped: 10123
05-01 18:13:43.561  1352  1377 I am_stop_activity: [0,70397477,com.android.settings/.SubSettings]
05-01 18:13:43.570  6634  6634 I am_on_stop_called: [0,com.android.settings.SubSettings,STOP_ACTIVITY_ITEM]
05-01 18:13:44.025  1352  1946 I netstats_mobile_sample: [1005667,964,225092,845,1005667,964,225092,845,1005303,957,222212,797,1588346024643]
05-01 18:13:44.025  1352  1946 I netstats_wifi_sample: [3026,19,2066,17,3026,19,2066,17,2608,16,2066,17,1588346024643]
05-01 18:13:44.035  2380  2918 I chatty  : uid=1001(radio) Binder:2380_F expire 4 lines
05-01 18:13:44.043  1352  1389 I service_manager_slow: [15,netstats]
05-01 18:13:44.083  1352  1383 I am_pss  : [6552,10184,com.android.connectivity.metrics,7988224,6496256,0,93278208,0,20,4]
05-01 18:13:44.097  1352  1383 I am_pss  : [6532,10130,com.android.cellbroadcastreceiver,9106432,7671808,0,93081600,0,20,5]
05-01 18:13:44.934  1352  1383 I am_pss  : [6589,10179,com.google.android.apps.turbo:aab,9496576,5636096,0,117469184,0,20,5]
05-01 18:13:44.949  1352  1383 I am_pss  : [4590,10222,com.google.android.apps.messaging,63745024,60305408,0,178454528,0,20,10]
05-01 18:13:45.059  1352  1383 I am_pss  : [2434,10181,com.android.launcher3,84553728,49332224,0,252051456,0,6,10]
05-01 18:13:45.158  1352  1383 I am_pss  : [6634,1000,com.android.settings,98360320,84668416,0,234446848,0,2,9]
05-01 18:13:45.335  1352  3643 I am_kill : [0,5405,com.google.android.gms.ui,999,empty #31]
05-01 18:13:45.361  1352  2474 I am_proc_died: [0,5405,com.google.android.gms.ui,999,20]
05-01 18:13:45.810  2802  7007 I gtalk_conn_close: [283,16]
05-01 18:13:45.820  2802  7007 I c2dm    : [-2,,1,1]
05-01 18:13:46.828  1352  1383 I am_pss  : [4848,10125,com.android.providers.calendar,7041024,5492736,0,95809536,0,20,5]
05-01 18:13:46.834  1352  1383 I am_pss  : [6670,10190,com.android.settings.intelligence,7881728,5758976,0,92434432,0,20,4]
05-01 18:13:46.880  1352  3350 I service_manager_stats: [145,64,5180]
05-01 18:13:46.936  1352  1376 I commit_sys_config_file: [jobs,10]
05-01 18:13:48.409  6634  6634 I sysui_multi_action: [757,853,758,4,854,wifi.ConfigureWifiSettings/enable_wifi_wakeup,1089,0]
05-01 18:13:48.425  1352  1383 I am_pss  : [5890,10227,com.google.android.keep,50442240,44638208,0,172355584,0,20,6]
05-01 18:13:48.433  1352  1383 I am_pss  : [6755,10174,com.qti.ltebc,15076352,13357056,0,110186496,0,11,5]
05-01 18:13:48.672  1352  1650 I commit_sys_config_file: [settings-0-0,21]
05-01 18:13:49.248  1352  1383 I am_pss  : [5198,10206,com.google.android.gm,68449280,61231104,0,191447040,0,20,8]
05-01 18:13:49.256  1352  1383 I am_pss  : [6783,10212,com.qualcomm.embms:remote,5605376,3842048,0,100646912,0,11,5]
05-01 18:13:50.307  2802  7080 I c2dm    : [3,,1,1]
05-01 18:13:50.311  2802  7080 I gtalk_heartbeat_reset: [66086,74.125.71.188:5228]
05-01 18:13:50.311  2802  7080 I gtalk_connection: 0
05-01 18:13:50.317  2802  7080 I c2dm    : [7,,1,1]
05-01 18:13:51.046  6634  6634 I sysui_multi_action: [757,853,758,4,854,wifi.ConfigureWifiSettings/notify_open_networks,1089,0]
05-01 18:13:51.292  1352  1650 I commit_sys_config_file: [settings-0-0,15]
05-01 18:13:51.530  6634  6634 I sysui_multi_action: [757,834,758,4]
05-01 18:13:52.013  1352  1376 I commit_sys_config_file: [jobs,9]
05-01 18:13:52.269  1352  1369 I am_kill : [0,4076,com.google.android.apps.photos,999,empty #31]
05-01 18:13:52.279  1352  1383 I am_pss  : [3579,10188,com.google.android.as,21159936,18657280,0,128659456,0,6,6]
05-01 18:13:52.286  1352  1383 I am_pss  : [3306,10177,com.google.android.googlequicksearchbox:interactor,51717120,32628736,0,180850688,0,3,6]
05-01 18:13:52.292  1352  1383 I am_pss  : [3538,10147,com.android.smspush,4430848,3002368,0,86822912,0,7,5]
05-01 18:13:52.298  1352  3355 I am_proc_died: [0,4076,com.google.android.apps.photos,999,20]
05-01 18:13:52.299  1352  3355 I am_uid_stopped: 10204
05-01 18:13:52.333  2380  2380 I service_manager_stats: [238,70,9287]
05-01 18:13:54.162  1352  1384 I am_wtf  : [0,1352,system_server,-1,AppOps,Operation not started: uid=10180 pkg=com.android.systemui op=VIBRATE]
05-01 18:13:54.229  1352  3355 I sysui_multi_action: [757,803,799,key_back_down,802,1]
05-01 18:13:54.229  1352  3355 I sysui_multi_action: [757,803,799,key_back_up,802,1]
05-01 18:13:54.232  1352  3355 I am_finish_activity: [0,141693242,4,com.android.settings/.SubSettings,app-request]
05-01 18:13:54.242  1352  3355 I am_pause_activity: [0,141693242,com.android.settings/.SubSettings,userLeaving=false]
05-01 18:13:54.244  6634  6634 I am_on_top_resumed_lost_called: [0,com.android.settings.SubSettings,topStateChangedWhenResumed]
05-01 18:13:54.246  6634  6634 I sysui_multi_action: [757,338,758,2]
05-01 18:13:54.249  6634  6634 I am_on_paused_called: [0,com.android.settings.SubSettings,performPause]
05-01 18:13:54.249  1352  7186 I am_add_to_stopping: [0,141693242,com.android.settings/.SubSettings,finishCurrentActivityLocked]
05-01 18:13:54.251  1352  7186 I am_set_resumed_activity: [0,com.android.settings/.SubSettings,resumeTopActivityInnerLocked]
05-01 18:13:54.251  1352  7186 I am_resume_activity: [0,70397477,4,com.android.settings/.SubSettings]
05-01 18:13:54.254  6634  6634 I am_on_restart_called: [0,com.android.settings.SubSettings,performRestartActivity]
05-01 18:13:54.255  1352  1377 I sysui_multi_action: [757,803,799,window_time_0,802,12]
05-01 18:13:54.281  6634  6634 I sysui_multi_action: [757,804,799,settings_wifi_speed_labels,801,0,802,1]
05-01 18:13:54.282  6634  6634 I sysui_multi_action: [757,804,799,settings_wifi_speed_labels,801,0,802,1]
05-01 18:13:54.298  6634  6634 I am_on_start_called: [0,com.android.settings.SubSettings,handleStartActivity]
05-01 18:13:54.298  6634  6634 I snet_event_log: [120484087,-1,]
05-01 18:13:54.299  6634  6634 I am_on_resume_called: [0,com.android.settings.SubSettings,RESUME_ACTIVITY]
05-01 18:13:54.299  6634  6634 I sysui_multi_action: [757,103,758,1,833,746]
05-01 18:13:54.300  6634  6634 I am_on_top_resumed_gained_called: [0,com.android.settings.SubSettings,topWhenResuming]
05-01 18:13:54.348  6634  6634 I sysui_multi_action: [757,804,799,settings_wifi_speed_labels,801,0,802,1]
05-01 18:13:54.349  6634  6634 I sysui_multi_action: [757,804,799,settings_wifi_speed_labels,801,0,802,1]
05-01 18:13:54.712  1352  1377 I am_destroy_activity: [0,141693242,4,com.android.settings/.SubSettings,finish-imm:activityIdleInternalLocked]
05-01 18:13:54.721  6634  6634 I am_on_stop_called: [0,com.android.settings.SubSettings,LIFECYCLER_STOP_ACTIVITY]
05-01 18:13:54.723  6634  6634 I am_on_destroy_called: [0,com.android.settings.SubSettings,performDestroy]
05-01 18:13:54.734  1352  1383 I am_pss  : [4122,10195,com.google.android.gms.unstable,48052224,35065856,0,189706240,0,20,7]
05-01 18:13:56.946  2164  2252 I service_manager_stats: [200,111,57012]
05-01 18:13:57.240  1352  1383 I am_pss  : [2802,10195,com.google.android.gms.persistent,94651392,68026368,0,256126976,0,6,11]
05-01 18:13:57.247  1352  1383 I am_pss  : [5052,10209,com.google.android.calendar,21024768,17588224,0,117243904,0,20,6]
05-01 18:13:57.257  1352  1383 I am_pss  : [2380,1001,com.android.phone,51222528,45867008,0,173580288,0,0,9]
05-01 18:13:57.263  1352  1383 I am_pss  : [2357,1000,com.android.screenshot,5510144,3895296,0,96882688,0,0,5]
05-01 18:13:57.268  1352  1383 I am_pss  : [2331,1001,com.qualcomm.qti.telephonyservice,5818368,3948544,0,101056512,0,0,4]
05-01 18:13:57.273  1352  1383 I am_pss  : [2309,1001,.qtidataservices,7584768,5767168,0,103804928,0,0,4]
05-01 18:13:57.279  1352  1383 I am_pss  : [2253,1001,.dataservices,6926336,4980736,0,105623552,0,0,4]
05-01 18:13:57.286  1352  6853 I am_create_activity: [0,53888572,4,com.android.settings/.SubSettings,android.intent.action.MAIN,NULL,NULL,0]
05-01 18:13:57.287  1352  1383 I am_pss  : [2164,10180,com.android.systemui,65225728,46149632,0,208457728,0,0,7]
05-01 18:13:57.288  1352  6853 I am_pause_activity: [0,70397477,com.android.settings/.SubSettings,userLeaving=true]
05-01 18:13:57.293  6634  6634 I am_on_top_resumed_lost_called: [0,com.android.settings.SubSettings,topStateChangedWhenResumed]
05-01 18:13:57.293  6634  6634 I sysui_multi_action: [757,103,758,2]
05-01 18:13:57.294  6634  6634 I am_on_paused_called: [0,com.android.settings.SubSettings,performPause]
05-01 18:13:57.296  1352  2854 I am_add_to_stopping: [0,70397477,com.android.settings/.SubSettings,makeInvisible]
05-01 18:13:57.296  1352  2854 I am_restart_activity: [0,53888572,4,com.android.settings/.SubSettings]
05-01 18:13:57.296  1352  2854 I am_set_resumed_activity: [0,com.android.settings/.SubSettings,minimalResumeActivityLocked]
05-01 18:13:57.298  1352  1377 I sysui_multi_action: [757,803,799,window_time_0,802,3]
05-01 18:13:57.307  1352  1383 I am_pss  : [1352,1000,system,317858816,207958016,0,655347712,0,0,18]
05-01 18:13:57.311  1352  2854 I sysui_multi_action: [324,1,757,1090,758,12,806,com.android.settings,871,com.android.settings.SubSettings,1091,27]
05-01 18:13:57.312  6634  6634 I am_on_create_called: [0,com.android.settings.SubSettings,performCreate]
05-01 18:13:57.318  6634  6634 I am_on_start_called: [0,com.android.settings.SubSettings,handleStartActivity]
05-01 18:13:57.319  6634  6634 I snet_event_log: [120484087,-1,]
05-01 18:13:57.320  6634  6634 I am_on_resume_called: [0,com.android.settings.SubSettings,RESUME_ACTIVITY]
05-01 18:13:57.320  6634  6634 I sysui_multi_action: [757,341,758,1,833,0]
05-01 18:13:57.325  6634  6634 I am_on_top_resumed_gained_called: [0,com.android.settings.SubSettings,topStateChangedWhenResumed]
05-01 18:13:57.326  1352  2854 I netstats_mobile_sample: [1005991,970,227080,882,1005991,970,227080,882,1005627,963,223720,824,1588346037944]
05-01 18:13:57.326  1352  2854 I netstats_wifi_sample: [22546,84,11816,104,22546,84,11816,104,21721,78,10252,79,1588346037944]
05-01 18:13:57.338  1352  2854 I netstats_mobile_sample: [1005991,970,227080,882,1005991,970,227080,882,1005627,963,223720,824,1588346037956]
05-01 18:13:57.338  1352  2854 I netstats_wifi_sample: [22546,84,11816,104,22546,84,11816,104,21721,78,10252,79,1588346037956]
05-01 18:13:57.347  1352  2854 I netstats_mobile_sample: [1005991,970,227080,882,1005991,970,227080,882,1005627,963,223720,824,1588346037965]
05-01 18:13:57.347  1352  2854 I netstats_wifi_sample: [22546,84,11816,104,22546,84,11816,104,21721,78,10252,79,1588346037965]
05-01 18:13:57.349  1352  1383 I sysui_multi_action: [319,62,322,62,325,79,757,761,758,8,759,2,806,com.android.settings,871,com.android.settings.SubSettings,904,com.android.settings,905,0,1320,11,1321,1]
05-01 18:13:57.350  1352  1383 I am_activity_launch_time: [0,53888572,com.android.settings/.SubSettings,62]
05-01 18:13:57.364  1352  2854 I netstats_mobile_sample: [1005991,970,227080,882,1005991,970,227080,882,1005627,963,223720,824,1588346037982]
05-01 18:13:57.364  1352  2854 I netstats_wifi_sample: [22546,84,11816,104,22546,84,11816,104,21721,78,10252,79,1588346037982]
05-01 18:13:57.376  1352  2854 I netstats_mobile_sample: [1005991,970,227080,882,1005991,970,227080,882,1005627,963,223720,824,1588346037995]
05-01 18:13:57.377  1352  2854 I netstats_wifi_sample: [22546,84,11816,104,22546,84,11816,104,21721,78,10252,79,1588346037995]
05-01 18:13:57.379  2380  2830 I service_manager_stats: [100,36,5046]
05-01 18:13:57.390  1352  2854 I netstats_mobile_sample: [1005991,970,227080,882,1005991,970,227080,882,1005627,963,223720,824,1588346038008]
05-01 18:13:57.390  1352  2854 I netstats_wifi_sample: [22546,84,11816,104,22546,84,11816,104,21721,78,10252,79,1588346038008]
05-01 18:13:57.400  1352  6853 I service_manager_stats: [100,21,10521]
05-01 18:13:57.403  1352  6853 I netstats_mobile_sample: [1005991,970,227080,882,1005991,970,227080,882,1005627,963,223720,824,1588346038021]
05-01 18:13:57.403  1352  6853 I netstats_wifi_sample: [22546,84,11816,104,22546,84,11816,104,21721,78,10252,79,1588346038021]
05-01 18:13:57.415  1352  7186 I netstats_mobile_sample: [1005991,970,227080,882,1005991,970,227080,882,1005627,963,223720,824,1588346038033]
05-01 18:13:57.415  1352  7186 I netstats_wifi_sample: [22546,84,11816,104,22546,84,11816,104,21721,78,10252,79,1588346038033]
05-01 18:13:57.429  1352  7186 I netstats_mobile_sample: [1005991,970,227080,882,1005991,970,227080,882,1005627,963,223720,824,1588346038048]
05-01 18:13:57.429  1352  7186 I netstats_wifi_sample: [22546,84,11816,104,22546,84,11816,104,21721,78,10252,79,1588346038048]
05-01 18:13:57.443  1352  7186 I netstats_mobile_sample: [1005991,970,227080,882,1005991,970,227080,882,1005627,963,223720,824,1588346038061]
05-01 18:13:57.443  1352  7186 I netstats_wifi_sample: [22546,84,11816,104,22546,84,11816,104,21721,78,10252,79,1588346038061]
05-01 18:13:57.458  1352  7186 I netstats_mobile_sample: [1005991,970,227080,882,1005991,970,227080,882,1005627,963,223720,824,1588346038076]
05-01 18:13:57.458  1352  7186 I netstats_wifi_sample: [22546,84,11816,104,22546,84,11816,104,21721,78,10252,79,1588346038076]
05-01 18:13:57.473  1352  7186 I netstats_mobile_sample: [1005991,970,227080,882,1005991,970,227080,882,1005627,963,223720,824,1588346038092]
05-01 18:13:57.473  1352  7186 I netstats_wifi_sample: [22546,84,11816,104,22546,84,11816,104,21721,78,10252,79,1588346038092]
05-01 18:13:57.487  1352  7186 I netstats_mobile_sample: [1005991,970,227080,882,1005991,970,227080,882,1005627,963,223720,824,1588346038106]
05-01 18:13:57.488  1352  7186 I netstats_wifi_sample: [22546,84,11816,104,22546,84,11816,104,21721,78,10252,79,1588346038106]
05-01 18:13:57.506  1352  7186 I netstats_mobile_sample: [1005991,970,227080,882,1005991,970,227080,882,1005627,963,223720,824,1588346038125]
05-01 18:13:57.506  1352  7186 I netstats_wifi_sample: [22546,84,11816,104,22546,84,11816,104,21721,78,10252,79,1588346038125]
05-01 18:13:57.525  1352  7186 I netstats_mobile_sample: [1005991,970,227080,882,1005991,970,227080,882,1005627,963,223720,824,1588346038144]
05-01 18:13:57.526  1352  7186 I netstats_wifi_sample: [22546,84,11816,104,22546,84,11816,104,21721,78,10252,79,1588346038144]
05-01 18:13:57.541  1352  3355 I netstats_mobile_sample: [1005991,970,227080,882,1005991,970,227080,882,1005627,963,223720,824,1588346038159]
05-01 18:13:57.541  1352  3355 I netstats_wifi_sample: [22546,84,11816,104,22546,84,11816,104,21721,78,10252,79,1588346038159]
05-01 18:13:57.556  1352  3355 I netstats_mobile_sample: [1005991,970,227080,882,1005991,970,227080,882,1005627,963,223720,824,1588346038174]
05-01 18:13:57.556  1352  3355 I netstats_wifi_sample: [22546,84,11816,104,22546,84,11816,104,21721,78,10252,79,1588346038174]
05-01 18:13:57.570  1352  3355 I netstats_mobile_sample: [1005991,970,227080,882,1005991,970,227080,882,1005627,963,223720,824,1588346038188]
05-01 18:13:57.570  1352  3355 I netstats_wifi_sample: [22546,84,11816,104,22546,84,11816,104,21721,78,10252,79,1588346038188]
05-01 18:13:57.583  1352  3355 I netstats_mobile_sample: [1005991,970,227080,882,1005991,970,227080,882,1005627,963,223720,824,1588346038202]
05-01 18:13:57.584  1352  3355 I netstats_wifi_sample: [22546,84,11816,104,22546,84,11816,104,21721,78,10252,79,1588346038202]
05-01 18:13:57.605  1352  7186 I netstats_mobile_sample: [1005991,970,227080,882,1005991,970,227080,882,1005627,963,223720,824,1588346038223]
05-01 18:13:57.605  1352  7186 I netstats_wifi_sample: [22546,84,11816,104,22546,84,11816,104,21721,78,10252,79,1588346038223]
05-01 18:13:57.624  1352  7186 I netstats_mobile_sample: [1005991,970,227080,882,1005991,970,227080,882,1005627,963,223720,824,1588346038242]
05-01 18:13:57.624  1352  7186 I netstats_wifi_sample: [22546,84,11816,104,22546,84,11816,104,21721,78,10252,79,1588346038242]
05-01 18:13:57.639  1352  7186 I netstats_mobile_sample: [1005991,970,227080,882,1005991,970,227080,882,1005627,963,223720,824,1588346038257]
05-01 18:13:57.639  1352  7186 I netstats_wifi_sample: [22546,84,11816,104,22546,84,11816,104,21721,78,10252,79,1588346038257]
05-01 18:13:57.652  1352  7186 I netstats_mobile_sample: [1005991,970,227080,882,1005991,970,227080,882,1005627,963,223720,824,1588346038270]
05-01 18:13:57.652  1352  7186 I netstats_wifi_sample: [22546,84,11816,104,22546,84,11816,104,21721,78,10252,79,1588346038270]
05-01 18:13:57.672  1352  7186 I netstats_mobile_sample: [1005991,970,227080,882,1005991,970,227080,882,1005627,963,223720,824,1588346038290]
05-01 18:13:57.672  1352  7186 I netstats_wifi_sample: [22546,84,11816,104,22546,84,11816,104,21721,78,10252,79,1588346038290]
05-01 18:13:57.685  1352  7186 I netstats_mobile_sample: [1005991,970,227080,882,1005991,970,227080,882,1005627,963,223720,824,1588346038303]
05-01 18:13:57.685  1352  7186 I netstats_wifi_sample: [22546,84,11816,104,22546,84,11816,104,21721,78,10252,79,1588346038303]
05-01 18:13:57.699  1352  7186 I netstats_mobile_sample: [1005991,970,227080,882,1005991,970,227080,882,1005627,963,223720,824,1588346038318]
05-01 18:13:57.700  1352  7186 I netstats_wifi_sample: [22546,84,11816,104,22546,84,11816,104,21721,78,10252,79,1588346038318]
05-01 18:13:57.713  1352  7186 I netstats_mobile_sample: [1005991,970,227080,882,1005991,970,227080,882,1005627,963,223720,824,1588346038331]
05-01 18:13:57.713  1352  7186 I netstats_wifi_sample: [22546,84,11816,104,22546,84,11816,104,21721,78,10252,79,1588346038331]
05-01 18:13:57.729  1352  7186 I netstats_mobile_sample: [1005991,970,227080,882,1005991,970,227080,882,1005627,963,223720,824,1588346038347]
05-01 18:13:57.729  1352  7186 I netstats_wifi_sample: [22546,84,11816,104,22546,84,11816,104,21721,78,10252,79,1588346038347]
05-01 18:13:57.736  1352  1377 I am_stop_activity: [0,70397477,com.android.settings/.SubSettings]
05-01 18:13:57.747  6634  6634 I am_on_stop_called: [0,com.android.settings.SubSettings,STOP_ACTIVITY_ITEM]
05-01 18:13:57.752  1352  3355 I netstats_mobile_sample: [1005991,970,227080,882,1005991,970,227080,882,1005627,963,223720,824,1588346038370]
05-01 18:13:57.752  1352  3355 I netstats_wifi_sample: [22546,84,11816,104,22546,84,11816,104,21721,78,10252,79,1588346038370]
05-01 18:13:57.770  1352  3355 I netstats_mobile_sample: [1005991,970,227080,882,1005991,970,227080,882,1005627,963,223720,824,1588346038388]
05-01 18:13:57.770  1352  3355 I netstats_wifi_sample: [22546,84,11816,104,22546,84,11816,104,21721,78,10252,79,1588346038388]
05-01 18:13:57.796  1352  3916 I netstats_mobile_sample: [1005991,970,227080,882,1005991,970,227080,882,1005627,963,223720,824,1588346038414]
05-01 18:13:57.796  1352  3916 I netstats_wifi_sample: [22546,84,11816,104,22546,84,11816,104,21721,78,10252,79,1588346038414]
05-01 18:13:58.334  2380  2699 I chatty  : uid=1001(radio) Binder:2380_4 expire 1 line
05-01 18:13:58.385  1352  1384 I am_wtf  : [0,1352,system_server,-1,AppOps,Operation not started: uid=10180 pkg=com.android.systemui op=VIBRATE]
05-01 18:13:58.398  1352  1383 I am_pss  : [6931,10179,com.google.android.apps.turbo,9116672,5185536,0,116744192,0,20,5]
05-01 18:13:58.404  1352  1383 I am_pss  : [3839,10175,com.google.android.partnersetup,6991872,5349376,0,97468416,0,20,4]
05-01 18:13:58.421  1352  7186 I sysui_multi_action: [757,803,799,key_back_down,802,1]
05-01 18:13:58.421  1352  7186 I sysui_multi_action: [757,803,799,key_back_up,802,1]
05-01 18:13:58.423  1352  7186 I am_finish_activity: [0,53888572,4,com.android.settings/.SubSettings,app-request]
05-01 18:13:58.430  1352  7186 I am_pause_activity: [0,53888572,com.android.settings/.SubSettings,userLeaving=false]
05-01 18:13:58.432  6634  6634 I am_on_top_resumed_lost_called: [0,com.android.settings.SubSettings,topStateChangedWhenResumed]
05-01 18:13:58.432  6634  6634 I sysui_multi_action: [757,341,758,2]
05-01 18:13:58.433  6634  6634 I am_on_paused_called: [0,com.android.settings.SubSettings,performPause]
05-01 18:13:58.433  1352  1368 I am_add_to_stopping: [0,53888572,com.android.settings/.SubSettings,finishCurrentActivityLocked]
05-01 18:13:58.434  1352  1368 I am_set_resumed_activity: [0,com.android.settings/.SubSettings,resumeTopActivityInnerLocked]
05-01 18:13:58.434  1352  1368 I am_resume_activity: [0,70397477,4,com.android.settings/.SubSettings]
05-01 18:13:58.436  6634  6634 I am_on_restart_called: [0,com.android.settings.SubSettings,performRestartActivity]
05-01 18:13:58.437  1352  1377 I sysui_multi_action: [757,803,799,window_time_0,802,1]
05-01 18:13:58.466  6634  6634 I am_on_start_called: [0,com.android.settings.SubSettings,handleStartActivity]
05-01 18:13:58.466  6634  6634 I snet_event_log: [120484087,-1,]
05-01 18:13:58.467  6634  6634 I am_on_resume_called: [0,com.android.settings.SubSettings,RESUME_ACTIVITY]
05-01 18:13:58.467  6634  6634 I sysui_multi_action: [757,103,758,1,833,746]
05-01 18:13:58.468  6634  6634 I am_on_top_resumed_gained_called: [0,com.android.settings.SubSettings,topWhenResuming]
05-01 18:13:58.514  6634  6634 I sysui_multi_action: [757,804,799,settings_wifi_speed_labels,801,0,802,1]
05-01 18:13:58.882  1352  1377 I am_destroy_activity: [0,53888572,4,com.android.settings/.SubSettings,finish-imm:activityIdleInternalLocked]
05-01 18:13:58.889  1352  1383 I am_pss  : [5732,10211,com.qualcomm.telephony,7348224,5472256,0,103489536,0,11,5]
05-01 18:13:58.891  6634  6634 I am_on_stop_called: [0,com.android.settings.SubSettings,LIFECYCLER_STOP_ACTIVITY]
05-01 18:13:58.894  6634  6634 I am_on_destroy_called: [0,com.android.settings.SubSettings,performDestroy]
05-01 18:13:58.904  1352  1383 I am_pss  : [4003,10129,android.process.media,13243392,10649600,0,118566912,0,20,5]
05-01 18:13:58.911  1352  1383 I am_pss  : [5621,10197,com.google.process.gapps,7658496,5857280,0,102756352,0,20,5]
