01-01 00:32:14.026  1492  1565 D sensors_hal_Ctx: singleSensorInfoRequest: txn_id: 2 sensor_id: 20
01-01 00:32:14.026  1492  1565 D sensors_hal_Ctx: singleSensorInfoRequest: 30
01-01 00:32:14.026  1492  1565 D sensors_hal_Ctx: singleSensorInfoRequest: txn_id: 3 sensor_id: 30
01-01 00:32:14.026  1492  1565 D sensors_hal_Ctx: singleSensorInfoRequest: 40
01-01 00:32:14.026  1492  1565 D sensors_hal_Ctx: singleSensorInfoRequest: txn_id: 4 sensor_id: 40
01-01 00:32:14.026  1492  1492 I EntropyMixer: Writing entropy...
01-01 00:32:14.026  1492  1529 I Zygote  : Process: zygote socket zygote_secondary opened, supported ABIS: armeabi-v7a,armeabi
01-01 00:32:14.028  1492  1565 V sensors_hal_Ctx: context_sensor1_cb: msg_type 1, Sn 0, msg Id 6, txn Id 0
01-01 00:32:14.028  1492  1565 D sensors_hal_Ctx: processResp: 6
01-01 00:32:14.028  1492  1565 D sensors_hal_Ctx: processSingleSensorInfoResp: data_type_info_len: 1
01-01 00:32:14.028  1492  1565 D sensors_hal_Ctx: processSingleSensorInfoResp: txn: 0, ns: 5
01-01 00:32:14.028  1492  1565 D sensors_hal_Accel: setSensorInfo: Accel, DTy: 0
01-01 00:32:14.028  1492  1565 D sensors_hal_Ctx: processSingleSensorInfoResp: HAL: name: LGE Accelerometer, vendor: BOSCH, maxRange: 156.906403, res: 0.001190,                     power: 0.180000, max_freq: 200.000000 min_freq: 1.000000
01-01 00:32:14.028  1492  1565 D sensors_hal_Accel: setSensorInfo: Accel, DTy: 0
01-01 00:32:14.028  1492  1565 D sensors_hal_Ctx: processSingleSensorInfoResp: HAL: name: LGE Accelerometer -Wakeup, vendor: BOSCH, maxRange: 156.906403, res: 0.001190,                     power: 0.180000, max_freq: 200.000000
01-01 00:32:14.028  1492  1565 D sensors_hal_Ctx: processSingleSensorInfoResp: txn: 0, ns: 5, ss_resp: 1
01-01 00:32:14.028  1492  1565 V sensors_hal_Ctx: context_sensor1_cb: msg_type 1, Sn 0, msg Id 6, txn Id 1
01-01 00:32:14.028  1492  1565 D sensors_hal_Ctx: processResp: 6
01-01 00:32:14.028  1492  1565 D sensors_hal_Ctx: processSingleSensorInfoResp: data_type_info_len: 1
01-01 00:32:14.028  1492  1565 D sensors_hal_Ctx: processSingleSensorInfoResp: txn: 1, ns: 5
01-01 00:32:14.028  1492  1565 D sensors_hal_Ctx: addSensor: GYRO enabled handle:2
01-01 00:32:14.028  1492  1565 D sensors_hal_Gyro: setSensorInfo: GYRO DTy: 0
01-01 00:32:14.028  1492  1565 D sensors_hal_Ctx: processSingleSensorInfoResp: HAL: name: LGE Gyroscope, vendor: BOSCH, maxRange: 34.906586, res: 0.001068,                     power: 0.900000, max_freq: 200.000000 min_freq: 1.000000
01-01 00:32:14.028  1492  1565 D sensors_hal_Ctx: addSensor: GYRO enabled handle:23
01-01 00:32:14.028  1492  1565 D sensors_hal_Gyro: setSensorInfo: GYRO DTy: 0
01-01 00:32:14.028  1492  1565 D sensors_hal_Ctx: processSingleSensorInfoResp: HAL: name: LGE Gyroscope -Wakeup, vendor: BOSCH, maxRange: 34.906586, res: 0.001068,                     power: 0.900000, max_freq: 200.000000
01-01 00:32:14.028  1492  1565 D sensors_hal_Ctx: processSingleSensorInfoResp: txn: 1, ns: 5, ss_resp: 2
01-01 00:32:14.028  1492  1565 V sensors_hal_Ctx: context_sensor1_cb: msg_type 1, Sn 0, msg Id 6, txn Id 2
01-01 00:32:14.028  1492  1565 D sensors_hal_Ctx: processResp: 6
01-01 00:32:14.028  1492  1565 D sensors_hal_Ctx: processSingleSensorInfoResp: data_type_info_len: 1
01-01 00:32:14.028  1492  1565 D sensors_hal_Ctx: processSingleSensorInfoResp: txn: 2, ns: 5
01-01 00:32:14.028  1492  1565 D sensors_hal_Ctx: addSensor: SMGR MAG enabled handle:10
01-01 00:32:14.029  1492  1565 D sensors_hal_Mag: setSensorInfo: MAG DTy: 0
01-01 00:32:14.029  1492  1565 D sensors_hal_Ctx: processSingleSensorInfoResp: HAL: name: LGE Magnetometer, vendor: AKM, maxRange: 4911.999512, res: 0.599670,                     power: 0.240000, max_freq: 100.000000 min_freq: 1.000000
01-01 00:32:14.029  1492  1565 D sensors_hal_Ctx: addSensor: SMGR MAG enabled handle:30
01-01 00:32:14.029  1492  1565 D sensors_hal_Mag: setSensorInfo: MAG DTy: 0
01-01 00:32:14.029  1492  1565 D sensors_hal_Ctx: processSingleSensorInfoResp: HAL: name: LGE Magnetometer -Wakeup, vendor: AKM, maxRange: 4911.999512, res: 0.599670,                     power: 0.240000, max_freq: 100.000000
01-01 00:32:14.029  1492  1565 D sensors_hal_Ctx: processSingleSensorInfoResp: txn: 2, ns: 5, ss_resp: 3
01-01 00:32:14.029  1492  1565 V sensors_hal_Ctx: context_sensor1_cb: msg_type 1, Sn 0, msg Id 6, txn Id 3
01-01 00:32:14.029  1492  1565 D sensors_hal_Ctx: processResp: 6
01-01 00:32:14.029  1492  1565 D sensors_hal_Ctx: processSingleSensorInfoResp: data_type_info_len: 2
01-01 00:32:14.029  1492  1565 D sensors_hal_Ctx: processSingleSensorInfoResp: txn: 3, ns: 5
01-01 00:32:14.029  1492  1565 D sensors_hal_Press: setSensorInfo: PRESSURE DTy: 0
01-01 00:32:14.029  1492  1565 D sensors_hal_Ctx: processSingleSensorInfoResp: HAL: name: LGE Pressure, vendor: ALPS ELECTRIC CO., , maxRange: 1100.000000, res: 0.013123,                     power: 1.500000, max_freq: 90.000000 min_freq: 0.015259
01-01 00:32:14.029  1492  1565 D sensors_hal_Press: setSensorInfo: PRESSURE DTy: 0
01-01 00:32:14.029  1492  1565 D sensors_hal_Ctx: processSingleSensorInfoResp: HAL: name: LGE Pressure -Wakeup, vendor: ALPS ELECTRIC CO., , maxRange: 1100.000000, res: 0.013123,                     power: 1.500000, max_freq: 90.000000
01-01 00:32:14.029  1492  1565 D sensors_hal_Ctx: processSingleSensorInfoResp: txn: 3, ns: 5
01-01 00:32:14.029  1492  1565 E sensors_hal_Ctx: processSingleSensorInfoResp: either handle is -1 or error is true or mSensors[handle] is NULL!
01-01 00:32:14.029  1492  1565 E sensors_hal_Ctx: processSingleSensorInfoResp: either handle_wakeup is -1 or error is true or mSensors[handle_wakeup] is NULL!
01-01 00:32:14.029  1492  1565 D sensors_hal_Ctx: processSingleSensorInfoResp: txn: 3, ns: 5, ss_resp: 4
01-01 00:32:14.029  1492  1565 V sensors_hal_Ctx: context_sensor1_cb: msg_type 1, Sn 0, msg Id 6, txn Id 4
01-01 00:32:14.029  1492  1565 D sensors_hal_Ctx: processResp: 6
01-01 00:32:14.029  1492  1565 D sensors_hal_Ctx: processSingleSensorInfoResp: data_type_info_len: 2
01-01 00:32:14.029  1492  1565 D sensors_hal_Ctx: processSingleSensorInfoResp: txn: 4, ns: 5
01-01 00:32:14.029  1492  1565 D sensors_hal_Ctx: addSensor: Proximity enabled handle:20
01-01 00:32:14.029  1492  1565 D sensors_hal_Prox: setSensorInfo: Prox DTy: 0
01-01 00:32:14.029  1492  1565 D sensors_hal_Ctx: processSingleSensorInfoResp: HAL: name: LGE Proximity, vendor: Avago, maxRange: 5.000305, res: 0.100708,                     power: 12.675000, max_freq: 20.000000 min_freq: 0.015259
01-01 00:32:14.029  1492  1492 D SystemServerTiming: StartEntropyMixer took to complete: 7ms
01-01 00:32:14.029  1492  1565 D sensors_hal_Ctx: processSingleSensorInfoResp: HAL: name: LGE Proximity, vendor: Avago, maxRange: 5.000305, res: 0.100708,                     power: 12.675000, max_freq: 20.000000 min_freq: 0.015259
01-01 00:32:14.029  1492  1565 D sensors_hal_Ctx: addSensor: Proximity enabled handle:33
01-01 00:32:14.029  1492  1565 D sensors_hal_Prox: setSensorInfo: Prox DTy: 0
01-01 00:32:14.029  1492  1565 D sensors_hal_Ctx: processSingleSensorInfoResp: HAL: name: LGE Proximity -Non Wakeup, vendor: Avago, maxRange: 5.000305, res: 0.100708,                     power: 12.675000, max_freq: 20.000000
01-01 00:32:14.029  1492  1565 D sensors_hal_Ctx: processSingleSensorInfoResp: txn: 4, ns: 5
01-01 00:32:14.029  1492  1492 I SystemServer: Camera Service Proxy
01-01 00:32:14.029  1492  1565 D sensors_hal_Light: setSensorInfo: Light DTy: 1
01-01 00:32:14.029  1492  1565 D sensors_hal_Ctx: processSingleSensorInfoResp: HAL: name: LGE Light, vendor: Avago, maxRange: 10000.000000, res: 0.009995,                     power: 0.175000, max_freq: 5.000000 min_freq: 5.000000
01-01 00:32:14.029  1492  1565 D sensors_hal_Light: setSensorInfo: Light DTy: 1
01-01 00:32:14.029  1492  1492 I SystemServer: StartCameraServiceProxy
01-01 00:32:14.029  1492  1565 D sensors_hal_Ctx: processSingleSensorInfoResp: HAL: name: LGE Light -Wakeup, vendor: Avago, maxRange: 10000.000000, res: 0.009995,                     power: 0.175000, max_freq: 5.000000
01-01 00:32:14.029  1492  1565 D sensors_hal_Ctx: processSingleSensorInfoResp: txn: 4, ns: 5, ss_resp: 5
01-01 00:32:14.029  1492  1562 V sensors_hal_Ctx: getSensorList: Received Response
01-01 00:32:14.029  1492  1562 D sensors_hal_Ctx: addSensor: SAM MAG disabled!
01-01 00:32:14.029  1492  1562 D sensors_hal_Ctx: addSensor: SAM UNCAL MAG disabled!
01-01 00:32:14.029  1492  1562 D sensors_hal_Ctx: addSensor: Proximity through Thresh algo will be enabled                                with handle :53
01-01 00:32:14.029   440   440 I Zygote  : Lazily preloading resources.
01-01 00:32:14.029   440   440 D Zygote  : begin preload
01-01 00:32:14.029   440   440 I Zygote  : Installing ICU cache reference pinning...
01-01 00:32:14.029  1492  1492 I SystemServiceManager: Starting com.android.server.camera.CameraServiceProxy
01-01 00:32:14.030   538   538 E Sensors : sns_acm_mr.c(851):Request made to disabled service
01-01 00:32:14.030   538   538 E Sensors : sns_main.c(1335):Error writing request. sns_err 3 error 0 qmi_err 0
01-01 00:32:14.030   440   440 I Zygote  : Preloading ICU data...
01-01 00:32:14.033  1492  1570 E sensors_hal_KnockOnProx: processResp: Msg 36; Result: 1, Error: 3
01-01 00:32:14.033  1492  1562 D sensors_hal_SAM: sendAlgoAttribReq: Received Response: 1
01-01 00:32:14.033   538   538 E Sensors : sns_acm_mr.c(851):Request made to disabled service
01-01 00:32:14.033   538   538 E Sensors : sns_main.c(1335):Error writing request. sns_err 3 error 0 qmi_err 0
01-01 00:32:14.034  1492  1571 I ServiceThread: Enabled StrictMode logging for CameraService_proxy looper.
01-01 00:32:14.034  1492  1572 E sensors_hal_PocketDetection: processResp: Msg 36; Result: 1, Error: 3
01-01 00:32:14.034  1492  1562 D sensors_hal_SAM: sendAlgoAttribReq: Received Response: 1
01-01 00:32:14.035   538   538 E Sensors : sns_acm_mr.c(851):Request made to disabled service
01-01 00:32:14.035   538   538 E Sensors : sns_main.c(1335):Error writing request. sns_err 3 error 0 qmi_err 0
01-01 00:32:14.035  1492  1574 E sensors_hal_WUL: processResp: Msg 36; Result: 1, Error: 3
01-01 00:32:14.035  1492  1562 D sensors_hal_SAM: sendAlgoAttribReq: Received Response: 1
01-01 00:32:14.035  1492  1562 D sensors_hal_Ctx: addSensor: SAM MAG disabled!
01-01 00:32:14.035  1492  1562 D sensors_hal_Ctx: addSensor: SAM UNCAL MAG disabled!
01-01 00:32:14.035  1492  1562 D sensors_hal_Ctx: addSensor: Proximity through Thresh algo will be enabled                                with handle :75
01-01 00:32:14.035  1492  1562 D sensors_hal_Ctx: addSensor: Gravity enabled handle:34
01-01 00:32:14.037  1492  1492 D SystemServerTiming: StartCameraServiceProxy took to complete: 8ms
01-01 00:32:14.037  1492  1492 I SystemServer: StartAccountManagerService
01-01 00:32:14.037  1492  1492 I SystemServiceManager: Starting com.android.server.accounts.AccountManagerService$Lifecycle
01-01 00:32:14.039  1492  1575 D sensors_hal_Gravity: processResp: Received SNS_SAM_GRAV_GET_ATTRIBUTES_RESP_V01
01-01 00:32:14.039  1492  1575 D sensors_hal_SAM: processAlgoAttribResp:sensor(android.sensor.gravity:wakeup:0) HAL Version:2 Power:1.079987 MaxFreq:200.000000 MinFreq:5.000000                      MaxSampleFreq:200.000000 MinSampleFreq:5.000000 MaxBuffSamples:2000 ResBuffSamples:0
01-01 00:32:14.039  1492  1562 D sensors_hal_SAM: sendAlgoAttribReq: Received Response: 0
01-01 00:32:14.039  1492  1562 D sensors_hal_Ctx: addSensor: Linear Accel enabled handle:35
01-01 00:32:14.042  1492  1577 D sensors_hal_LinearAccel: processResp: Received SNS_SAM_GRAV_GET_ATTRIBUTES_RESP_V01
01-01 00:32:14.042  1492  1577 D sensors_hal_SAM: processAlgoAttribResp:sensor(android.sensor.linear_acceleration:wakeup:0) HAL Version:2 Power:1.079987 MaxFreq:200.000000 MinFreq:5.000000                      MaxSampleFreq:200.000000 MinSampleFreq:5.000000 MaxBuffSamples:2000 ResBuffSamples:0
01-01 00:32:14.044  1492  1562 D sensors_hal_SAM: sendAlgoAttribReq: Received Response: 0
01-01 00:32:14.044  1492  1562 D sensors_hal_Ctx: addSensor: Rotation Vector enabled handle:41
01-01 00:32:14.047  1492  1580 D sensors_hal_RV: processResp: Received SNS_SAM_ROTATION_VECTOR_GET_ATTRIBUTES_RESP_V01
01-01 00:32:14.047  1492  1580 D sensors_hal_SAM: processAlgoAttribResp:sensor(android.sensor.rotation_vector:wakeup:0) HAL Version:2 Power:1.139984 MaxFreq:200.000000 MinFreq:5.000000                      MaxSampleFreq:200.000000 MinSampleFreq:5.000000 MaxBuffSamples:2000 ResBuffSamples:0
01-01 00:32:14.047  1492  1562 D sensors_hal_SAM: sendAlgoAttribReq: Received Response: 0
01-01 00:32:14.047  1492  1562 D sensors_hal_Ctx: addSensor: STEP DETECTOR enabled handle:48
01-01 00:32:14.051  1492  1582 D sensors_hal_StepDetector: processResp: Received SNS_SAM_PED_GET_ATTRIBUTES_RESP_V01
01-01 00:32:14.051  1492  1582 D sensors_hal_SAM: processAlgoAttribResp:sensor(android.sensor.step_detector:wakeup:0) HAL Version:2 Power:0.179993 MaxFreq:1.000000 MinFreq:0.000275                      MaxSampleFreq:50.000000 MinSampleFreq:50.000000 MaxBuffSamples:60 ResBuffSamples:0
01-01 00:32:14.052  1492  1562 D sensors_hal_SAM: sendAlgoAttribReq: Received Response: 0
01-01 00:32:14.052  1492  1562 D sensors_hal_Ctx: addSensor: STEP COUNTER enabled handle:49
01-01 00:32:14.056  1492  1584 D sensors_hal_StepCounter: processResp: Received SNS_SAM_PED_GET_ATTRIBUTES_RESP_V01
01-01 00:32:14.056  1492  1584 D sensors_hal_SAM: processAlgoAttribResp:sensor(android.sensor.step_counter:wakeup:0) HAL Version:2 Power:0.179993 MaxFreq:1.000000 MinFreq:0.000275                      MaxSampleFreq:50.000000 MinSampleFreq:50.000000 MaxBuffSamples:60 ResBuffSamples:0
01-01 00:32:14.056  1492  1562 D sensors_hal_SAM: sendAlgoAttribReq: Received Response: 0
01-01 00:32:14.056  1492  1562 D sensors_hal_Ctx: addSensor: SMD enabled handle:52
01-01 00:32:14.058  1492  1492 D SystemServerTiming: StartAccountManagerService took to complete: 21ms
01-01 00:32:14.058  1492  1492 I SystemServer: StartContentService
01-01 00:32:14.058  1492  1492 I SystemServiceManager: Starting com.android.server.content.ContentService$Lifecycle
01-01 00:32:14.059  1492  1586 D sensors_hal_SMD: processResp: Received SNS_SAM_SMD_GET_ATTRIBUTES_RESP_V01
01-01 00:32:14.059  1492  1586 D sensors_hal_SAM: processAlgoAttribResp:sensor(android.sensor.significant_motion:wakeup:1) HAL Version:2 Power:0.179993 MaxFreq:0.000000 MinFreq:0.000000                      MaxSampleFreq:10.000000 MinSampleFreq:10.000000 MaxBuffSamples:0 ResBuffSamples:0
01-01 00:32:14.059  1492  1562 D sensors_hal_SAM: sendAlgoAttribReq: Received Response: 0
01-01 00:32:14.059  1492  1562 D sensors_hal_Ctx: addSensor: GAME RV enabled handle:55
01-01 00:32:14.061  1492  1588 D sensors_hal_GRV: processResp: Received SNS_SAM_GAME_ROTATION_VECTOR_GET_ATTRIBUTES_RESP_V01
01-01 00:32:14.062  1492  1588 D sensors_hal_SAM: processAlgoAttribResp:sensor(android.sensor.game_rotation_vector:wakeup:0) HAL Version:2 Power:1.079987 MaxFreq:200.000000 MinFreq:5.000000                      MaxSampleFreq:200.000000 MinSampleFreq:5.000000 MaxBuffSamples:2000 ResBuffSamples:0
01-01 00:32:14.062  1492  1562 D sensors_hal_SAM: sendAlgoAttribReq: Received Response: 0
01-01 00:32:14.062  1492  1562 D sensors_hal_Ctx: addSensor: GEOMAGNETIC_RV enabled handle:58
01-01 00:32:14.062  1492  1492 D SystemServerTiming: StartContentService took to complete: 4ms
01-01 00:32:14.062  1492  1492 I SystemServer: InstallSystemProviders
01-01 00:32:14.064  1492  1590 D sensors_hal_GMRV: processResp: Received SNS_SAM_ORIENT_GET_ATTRIBUTES_RESP_V01
01-01 00:32:14.064  1492  1590 D sensors_hal_SAM: processAlgoAttribResp:sensor(android.sensor.geomagnetic_rotation_vector:wakeup:0) HAL Version:2 Power:0.422974 MaxFreq:100.000000 MinFreq:5.000000                      MaxSampleFreq:100.000000 MinSampleFreq:5.000000 MaxBuffSamples:1000 ResBuffSamples:0
01-01 00:32:14.064  1492  1562 D sensors_hal_SAM: sendAlgoAttribReq: Received Response: 0
01-01 00:32:14.064  1492  1562 D sensors_hal_Ctx: addSensor: Orientation enabled handle:54
01-01 00:32:14.067  1492  1592 D sensors_hal_Ori: processResp: Received SNS_SAM_ROTATION_VECTOR_GET_ATTRIBUTES_RESP_V01
01-01 00:32:14.067  1492  1592 D sensors_hal_SAM: processAlgoAttribResp:sensor(android.sensor.orientation:wakeup:0) HAL Version:2 Power:1.139984 MaxFreq:200.000000 MinFreq:5.000000                      MaxSampleFreq:200.000000 MinSampleFreq:5.000000 MaxBuffSamples:2000 ResBuffSamples:0
01-01 00:32:14.067  1492  1562 D sensors_hal_SAM: sendAlgoAttribReq: Received Response: 0
01-01 00:32:14.067  1492  1562 D sensors_hal_Ctx: addSensor: TILT DETECTOR enabled handle:60
01-01 00:32:14.070  1492  1594 D sensors_hal_Tilt_Detector: processResp: Received SNS_SAM_TILT_DETECTOR_GET_ATTRIBUTES_RESP_V01
01-01 00:32:14.070  1492  1594 D sensors_hal_SAM: processAlgoAttribResp:sensor(:wakeup:1) HAL Version:2 Power:0.179993 MaxFreq:0.000000 MinFreq:0.000000                      MaxSampleFreq:0.000000 MinSampleFreq:0.000000 MaxBuffSamples:10 ResBuffSamples:0
01-01 00:32:14.070  1492  1562 D sensors_hal_SAM: sendAlgoAttribReq: Received Response: 0
01-01 00:32:14.070  1492  1562 D sensors_hal_Ctx: addSensor: Pick-Up-Gesture disabled!
01-01 00:32:14.070  1492  1562 D sensors_hal_Ctx: addSensor: QHEART disabled!
01-01 00:32:14.070  1492  1562 D sensors_hal_Ctx: addSensor: Gravity enabled handle:68
01-01 00:32:14.073  1492  1596 D sensors_hal_Gravity: processResp: Received SNS_SAM_GRAV_GET_ATTRIBUTES_RESP_V01
01-01 00:32:14.073  1492  1596 D sensors_hal_SAM: processAlgoAttribResp:sensor(android.sensor.gravity:wakeup:1) HAL Version:2 Power:1.079987 MaxFreq:200.000000 MinFreq:5.000000                      MaxSampleFreq:200.000000 MinSampleFreq:5.000000 MaxBuffSamples:2000 ResBuffSamples:0
01-01 00:32:14.073  1492  1562 D sensors_hal_SAM: sendAlgoAttribReq: Received Response: 0
01-01 00:32:14.073  1492  1562 D sensors_hal_Ctx: addSensor: Linear Accel enabled handle:69
01-01 00:32:14.076  1492  1598 D sensors_hal_LinearAccel: processResp: Received SNS_SAM_GRAV_GET_ATTRIBUTES_RESP_V01
01-01 00:32:14.076  1492  1598 D sensors_hal_SAM: processAlgoAttribResp:sensor(android.sensor.linear_acceleration:wakeup:1) HAL Version:2 Power:1.079987 MaxFreq:200.000000 MinFreq:5.000000                      MaxSampleFreq:200.000000 MinSampleFreq:5.000000 MaxBuffSamples:2000 ResBuffSamples:0
01-01 00:32:14.076  1492  1562 D sensors_hal_SAM: sendAlgoAttribReq: Received Response: 0
01-01 00:32:14.076  1492  1562 D sensors_hal_Ctx: addSensor: Rotation Vector enabled handle:70
01-01 00:32:14.078  1492  1600 D sensors_hal_RV: processResp: Received SNS_SAM_ROTATION_VECTOR_GET_ATTRIBUTES_RESP_V01
01-01 00:32:14.078  1492  1600 D sensors_hal_SAM: processAlgoAttribResp:sensor(android.sensor.rotation_vector:wakeup:1) HAL Version:2 Power:1.139984 MaxFreq:200.000000 MinFreq:5.000000                      MaxSampleFreq:200.000000 MinSampleFreq:5.000000 MaxBuffSamples:2000 ResBuffSamples:0
01-01 00:32:14.078  1492  1562 D sensors_hal_SAM: sendAlgoAttribReq: Received Response: 0
01-01 00:32:14.079  1492  1562 D sensors_hal_Ctx: addSensor: STEP DETECTOR enabled handle:73
01-01 00:32:14.081  1492  1602 D sensors_hal_StepDetector: processResp: Received SNS_SAM_PED_GET_ATTRIBUTES_RESP_V01
01-01 00:32:14.081  1492  1602 D sensors_hal_SAM: processAlgoAttribResp:sensor(android.sensor.step_detector:wakeup:1) HAL Version:2 Power:0.179993 MaxFreq:1.000000 MinFreq:0.000275                      MaxSampleFreq:50.000000 MinSampleFreq:50.000000 MaxBuffSamples:60 ResBuffSamples:0
01-01 00:32:14.081  1492  1562 D sensors_hal_SAM: sendAlgoAttribReq: Received Response: 0
01-01 00:32:14.081  1492  1562 D sensors_hal_Ctx: addSensor: STEP COUNTER enabled handle:74
01-01 00:32:14.084  1492  1604 D sensors_hal_StepCounter: processResp: Received SNS_SAM_PED_GET_ATTRIBUTES_RESP_V01
01-01 00:32:14.084  1492  1604 D sensors_hal_SAM: processAlgoAttribResp:sensor(android.sensor.step_counter:wakeup:1) HAL Version:2 Power:0.179993 MaxFreq:1.000000 MinFreq:0.000275                      MaxSampleFreq:50.000000 MinSampleFreq:50.000000 MaxBuffSamples:60 ResBuffSamples:0
01-01 00:32:14.084  1492  1562 D sensors_hal_SAM: sendAlgoAttribReq: Received Response: 0
01-01 00:32:14.084  1492  1562 D sensors_hal_Ctx: addSensor: GAME RV enabled handle:71
01-01 00:32:14.087  1492  1606 D sensors_hal_GRV: processResp: Received SNS_SAM_GAME_ROTATION_VECTOR_GET_ATTRIBUTES_RESP_V01
01-01 00:32:14.087  1492  1606 D sensors_hal_SAM: processAlgoAttribResp:sensor(android.sensor.game_rotation_vector:wakeup:1) HAL Version:2 Power:1.079987 MaxFreq:200.000000 MinFreq:5.000000                      MaxSampleFreq:200.000000 MinSampleFreq:5.000000 MaxBuffSamples:2000 ResBuffSamples:0
01-01 00:32:14.087  1492  1562 D sensors_hal_SAM: sendAlgoAttribReq: Received Response: 0
01-01 00:32:14.087  1492  1562 D sensors_hal_Ctx: addSensor: GEOMAGNETIC_RV enabled handle:72
01-01 00:32:14.090  1492  1608 D sensors_hal_GMRV: processResp: Received SNS_SAM_ORIENT_GET_ATTRIBUTES_RESP_V01
01-01 00:32:14.090  1492  1608 D sensors_hal_SAM: processAlgoAttribResp:sensor(android.sensor.geomagnetic_rotation_vector:wakeup:1) HAL Version:2 Power:0.422974 MaxFreq:100.000000 MinFreq:5.000000                      MaxSampleFreq:100.000000 MinSampleFreq:5.000000 MaxBuffSamples:1000 ResBuffSamples:0
01-01 00:32:14.090  1492  1562 D sensors_hal_SAM: sendAlgoAttribReq: Received Response: 0
01-01 00:32:14.090  1492  1562 D sensors_hal_Ctx: addSensor: Orientation enabled handle:67
01-01 00:32:14.093  1492  1610 D sensors_hal_Ori: processResp: Received SNS_SAM_ROTATION_VECTOR_GET_ATTRIBUTES_RESP_V01
01-01 00:32:14.093  1492  1610 D sensors_hal_SAM: processAlgoAttribResp:sensor(android.sensor.orientation:wakeup:1) HAL Version:2 Power:1.139984 MaxFreq:200.000000 MinFreq:5.000000                      MaxSampleFreq:200.000000 MinSampleFreq:5.000000 MaxBuffSamples:2000 ResBuffSamples:0
01-01 00:32:14.093  1492  1562 D sensors_hal_SAM: sendAlgoAttribReq: Received Response: 0
01-01 00:32:14.093  1492  1562 D sensors_hal_Ctx: addSensor: QHEART disabled!
01-01 00:32:14.093  1492  1562 D sensors_hal_Ctx: addSensor: AMD enabled handle:38
01-01 00:32:14.096  1492  1612 D sensors_hal_AMD: processResp: Received SNS_SAM_AMD_GET_ATTRIBUTES_RESP_V01
01-01 00:32:14.096  1492  1612 D sensors_hal_SAM: processAlgoAttribResp:sensor(com.qti.sensor.amd:wakeup:0) HAL Version:2 Power:0.179993 MaxFreq:1.000000 MinFreq:0.000000                      MaxSampleFreq:50.000000 MinSampleFreq:50.000000 MaxBuffSamples:0 ResBuffSamples:0
01-01 00:32:14.096  1492  1562 D sensors_hal_SAM: sendAlgoAttribReq: Received Response: 0
01-01 00:32:14.096  1492  1562 D sensors_hal_Ctx: addSensor: RMD enabled handle:39
01-01 00:32:14.099  1492  1614 D sensors_hal_RMD: processResp: Received SNS_SAM_RMD_GET_ATTRIBUTES_RESP_V01
01-01 00:32:14.099  1492  1614 D sensors_hal_SAM: processAlgoAttribResp:sensor(com.qti.sensor.rmd:wakeup:0) HAL Version:2 Power:0.179993 MaxFreq:1.000000 MinFreq:0.000000                      MaxSampleFreq:25.000000 MinSampleFreq:25.000000 MaxBuffSamples:0 ResBuffSamples:0
01-01 00:32:14.099  1492  1562 D sensors_hal_SAM: sendAlgoAttribReq: Received Response: 0
01-01 00:32:14.099  1492  1562 D sensors_hal_Ctx: addSensor: VMD disabled!
01-01 00:32:14.099  1492  1562 D sensors_hal_Ctx: addSensor: GESTURES disabled!
01-01 00:32:14.099  1492  1562 D sensors_hal_Ctx: addSensor: TAP disabled!
01-01 00:32:14.099  1492  1562 D sensors_hal_Ctx: addSensor: FACING disabled!
01-01 00:32:14.099  1492  1562 D sensors_hal_Ctx: addSensor: TILT disabled!
01-01 00:32:14.099  1492  1562 D sensors_hal_Ctx: addSensor: GTAP disabled!
01-01 00:32:14.099  1492  1562 D sensors_hal_Ctx: addSensor: PEDOMETER disabled!
01-01 00:32:14.099  1492  1562 D sensors_hal_Ctx: addSensor: PAM enabled handle:50
01-01 00:32:14.102  1492  1616 D sensors_hal_PAM: processResp: Received SNS_SAM_PAM_GET_ATTRIBUTES_RESP_V01
01-01 00:32:14.102  1492  1616 D sensors_hal_SAM: processAlgoAttribResp:sensor(com.qti.sensor.pam:wakeup:0) HAL Version:2 Power:11.795990 MaxFreq:50.000000 MinFreq:0.000000                      MaxSampleFreq:50.000000 MinSampleFreq:50.000000 MaxBuffSamples:0 ResBuffSamples:0
01-01 00:32:14.102  1492  1562 D sensors_hal_SAM: sendAlgoAttribReq: Received Response: 0
01-01 00:32:14.102  1492  1562 D sensors_hal_Ctx: addSensor: LP2/MA enabled handle:51
01-01 00:32:14.105  1492  1618 D sensors_hal_LP2: processResp: Received SNS_SAM_EVENT_GATED_SENSOR_GET_ATTRIBUTES_RESP_V01
01-01 00:32:14.105  1492  1618 D sensors_hal_SAM: processAlgoAttribResp:sensor(com.qti.sensor.motion_accel:wakeup:0) HAL Version:2 Power:0.179993 MaxFreq:0.000000 MinFreq:0.000000                      MaxSampleFreq:0.000000 MinSampleFreq:0.000000 MaxBuffSamples:0 ResBuffSamples:0
01-01 00:32:14.105  1492  1562 D sensors_hal_SAM: sendAlgoAttribReq: Received Response: 0
01-01 00:32:14.105  1492  1562 D sensors_hal_Ctx: addSensor: CMC disabled!
01-01 00:32:14.105  1492  1562 D sensors_hal_Ctx: addSensor: FAST AMD disabled!
01-01 00:32:14.106  1492  1562 D sensors_hal_Ctx: addSensor: DPC disabled!
01-01 00:32:14.109  1492  1620 D sensors_hal_Thresh: processResp: Received SNS_SAM_SENSOR_THRESH_GET_ATTRIBUTES_RESP_V01
01-01 00:32:14.109  1492  1620 D sensors_hal_SAM: processAlgoAttribResp:sensor(android.sensor.proximity:wakeup:1) HAL Version:2 Power:12.675000 MaxFreq:5.000000 MinFreq:5.000000                      MaxSampleFreq:-7639927958299213824.000000 MinSampleFreq:0.000000 MaxBuffSamples:50 ResBuffSamples:0
01-01 00:32:14.109  1492  1562 D sensors_hal_SAM: sendAlgoAttribReq: Received Response: 0
01-01 00:32:14.109  1492  1562 D sensors_hal_Ctx: updateSensorList: Proximity through Thresh Algo handle:53
01-01 00:32:14.112  1492  1622 D sensors_hal_Thresh: processResp: Received SNS_SAM_SENSOR_THRESH_GET_ATTRIBUTES_RESP_V01
01-01 00:32:14.112  1492  1622 D sensors_hal_SAM: processAlgoAttribResp:sensor(android.sensor.proximity:wakeup:0) HAL Version:2 Power:12.675000 MaxFreq:5.000000 MinFreq:5.000000                      MaxSampleFreq:-0.000000 MinSampleFreq:-0.000000 MaxBuffSamples:50 ResBuffSamples:0
01-01 00:32:14.112  1492  1562 D sensors_hal_SAM: sendAlgoAttribReq: Received Response: 0
01-01 00:32:14.112  1492  1562 D sensors_hal_Ctx: updateSensorList: Proximity through Thresh Algo handle:75
01-01 00:32:14.121  1492  1562 I MultiHal: Loaded library from sensors.ssc.so
01-01 00:32:14.128  1492  1562 I SensorService: Generated new HMAC key.
01-01 00:32:14.131  1492  1628 D SensorService: nuSensorService thread starting...
01-01 00:32:14.131  1492  1627 D SensorService: new thread SensorEventAckReceiver
01-01 00:32:14.131  1492  1562 D SystemServerTimingAsync: StartSensorService took to complete: 158ms
01-01 00:32:14.131  1492  1562 D SystemServerInitThreadPool: Finished executing StartSensorService
01-01 00:32:14.139   520   697 E ThermalEngine: ACTION: CLUSTER - Setting CLUSTER[1] to 1248000
01-01 00:32:14.169   520   697 E ThermalEngine: ACTION: CLUSTER - Setting CLUSTER[1] to 960000
01-01 00:32:14.174   527  1504 W installd: Requested default storage /data/user_de/0/com.android.stk is not active; migrating from /data/data/com.android.stk
01-01 00:32:14.174   527  1504 W installd: Failed to stat /data/user_de/0/com.android.stk/cache: No such file or directory
01-01 00:32:14.174   527  1504 W installd: Failed to stat /data/user_de/0/com.android.stk/code_cache: No such file or directory
01-01 00:32:14.248  1492  1492 I SettingsState: No settings state /data/system/users/0/settings_system.xml
01-01 00:32:14.264  1492  1492 I SettingsState: No settings state /data/system/users/0/settings_secure.xml
01-01 00:32:14.270   527   527 W installd: Requested default storage /data/user_de/0/com.android.cellbroadcastreceiver is not active; migrating from /data/data/com.android.cellbroadcastreceiver
01-01 00:32:14.270   527   527 W installd: Failed to stat /data/user_de/0/com.android.cellbroadcastreceiver/cache: No such file or directory
01-01 00:32:14.270   527   527 W installd: Failed to stat /data/user_de/0/com.android.cellbroadcastreceiver/code_cache: No such file or directory
01-01 00:32:14.273  1492  1492 D SettingsProvider: Generated and saved new ANDROID_ID [34e51ec66dadf395] for user 0
01-01 00:32:14.282  1492  1492 I SettingsState: No settings state /data/system/users/0/settings_global.xml
01-01 00:32:14.315  1492  1492 D SettingsProvider: Setting [] as Autofill Service for user 0
01-01 00:32:14.326   440   440 D ZygoteInitTiming_lazy: BeginIcuCachePinning took to complete: 296ms
01-01 00:32:14.326   440   440 I Zygote  : Preloading classes...
01-01 00:32:14.418   520   695 E ThermalEngine: [BMHB_GOV] read failed VS_TEMP
01-01 00:32:14.428  1492  1492 I SettingsState: No settings state /data/system/users/0/settings_ssaid.xml
01-01 00:32:14.447  1492  1492 D SystemServerTiming: InstallSystemProviders took to complete: 385ms
01-01 00:32:14.447  1492  1492 I SystemServer: StartVibratorService
01-01 00:32:14.453  1492  1492 I vndksupport: sphal namespace is not configured for this process. Loading /vendor/lib64/hw/vibrator.default.so from the current namespace instead.
01-01 00:32:14.454  1492  1492 D         : Vibrator using timed_output
01-01 00:32:14.463  1492  1492 D SystemServerTiming: StartVibratorService took to complete: 16ms
01-01 00:32:14.463  1492  1492 I SystemServer: StartConsumerIrService
01-01 00:32:14.465  1492  1492 E System  : ******************************************
01-01 00:32:14.467  1492  1492 E System  : ************ Failure starting core service
01-01 00:32:14.467  1492  1492 E System  : java.lang.RuntimeException: FEATURE_CONSUMER_IR present, but no IR HAL loaded!
01-01 00:32:14.467  1492  1492 E System  : 	at com.android.server.ConsumerIrService.<init>(ConsumerIrService.java:51)
01-01 00:32:14.467  1492  1492 E System  : 	at com.android.server.SystemServer.startOtherServices(SystemServer.java:800)
01-01 00:32:14.467  1492  1492 E System  : 	at com.android.server.SystemServer.run(SystemServer.java:398)
01-01 00:32:14.467  1492  1492 E System  : 	at com.android.server.SystemServer.main(SystemServer.java:262)
01-01 00:32:14.467  1492  1492 E System  : 	at java.lang.reflect.Method.invoke(Native Method)
01-01 00:32:14.467  1492  1492 E System  : 	at com.android.internal.os.Zygote$MethodAndArgsCaller.run(Zygote.java:240)
01-01 00:32:14.467  1492  1492 E System  : 	at com.android.internal.os.ZygoteInit.main(ZygoteInit.java:767)
01-01 00:32:14.467  1492  1492 I SystemServer: StartInputMethodManagerLifecycle
01-01 00:32:14.467  1492  1492 I SystemServiceManager: Starting com.android.server.InputMethodManagerService$Lifecycle
01-01 00:32:14.484  1492  1492 D SystemServerTiming: StartInputMethodManagerLifecycle took to complete: 17ms
01-01 00:32:14.484  1492  1492 I SystemServer: StartAccessibilityManagerService
01-01 00:32:14.505  1492  1492 D SystemServerTiming: StartAccessibilityManagerService took to complete: 21ms
01-01 00:32:14.505  1492  1492 I SystemServer: MakeDisplayReady
01-01 00:32:14.505  1492  1492 W SystemServer: ***********************************************
01-01 00:32:14.507  1492  1492 E SystemServer: BOOT FAILURE making display ready
01-01 00:32:14.507  1492  1492 E SystemServer: java.lang.NullPointerException: Attempt to invoke virtual method 'void com.android.server.wm.WindowManagerService.displayReady()' on a null object reference
01-01 00:32:14.507  1492  1492 E SystemServer: 	at com.android.server.SystemServer.startOtherServices(SystemServer.java:913)
01-01 00:32:14.507  1492  1492 E SystemServer: 	at com.android.server.SystemServer.run(SystemServer.java:398)
01-01 00:32:14.507  1492  1492 E SystemServer: 	at com.android.server.SystemServer.main(SystemServer.java:262)
01-01 00:32:14.507  1492  1492 E SystemServer: 	at java.lang.reflect.Method.invoke(Native Method)
01-01 00:32:14.507  1492  1492 E SystemServer: 	at com.android.internal.os.Zygote$MethodAndArgsCaller.run(Zygote.java:240)
01-01 00:32:14.507  1492  1492 E SystemServer: 	at com.android.internal.os.ZygoteInit.main(ZygoteInit.java:767)
01-01 00:32:14.510  1492  1492 D SystemServerTiming: MakeDisplayReady took to complete: 5ms
01-01 00:32:14.510  1492  1492 I SystemServer: StartStorageManagerService
01-01 00:32:14.510  1492  1492 I SystemServiceManager: Starting com.android.server.StorageManagerService$Lifecycle
01-01 00:32:14.524  1492  1492 D SystemServerTiming: StartStorageManagerService took to complete: 14ms
01-01 00:32:14.525  1492  1492 I SystemServer: StartStorageStatsService
01-01 00:32:14.525  1492  1631 D StorageManagerService: Thinking about init, mSystemReady=false, mDaemonConnected=true
01-01 00:32:14.525  1492  1631 D StorageManagerService: Thinking about reset, mSystemReady=false, mDaemonConnected=true
01-01 00:32:14.525  1492  1492 I SystemServiceManager: Starting com.android.server.usage.StorageStatsService$Lifecycle
01-01 00:32:14.525  1492  1631 D StorageManagerService: Thinking about init, mSystemReady=false, mDaemonConnected=true
01-01 00:32:14.525  1492  1631 D StorageManagerService: Thinking about reset, mSystemReady=false, mDaemonConnected=true
01-01 00:32:14.526  1492  1631 D CryptdConnector: SND -> {1 cryptfs getfield SystemLocale}
01-01 00:32:14.530  1492  1633 D CryptdConnector: RCV <- {200 1 -1}
01-01 00:32:14.534  1492  1492 D SystemServerTiming: StartStorageStatsService took to complete: 9ms
01-01 00:32:14.534  1492  1492 I SystemServer: StartUiModeManager
01-01 00:32:14.535  1492  1492 I SystemServiceManager: Starting com.android.server.UiModeManagerService
01-01 00:32:14.546  1492  1631 W StorageManagerService: No primary storage mounted!
01-01 00:32:14.547  1492  1631 D VoldConnector: SND -> {1 asec list}
01-01 00:32:14.551   527   691 W installd: Requested default storage /data/user_de/0/com.android.providers.blockednumber is not active; migrating from /data/data/com.android.providers.blockednumber
01-01 00:32:14.552   527   691 W installd: Failed to stat /data/user_de/0/com.android.providers.blockednumber/cache: No such file or directory
01-01 00:32:14.552   527   691 W installd: Failed to stat /data/user_de/0/com.android.providers.blockednumber/code_cache: No such file or directory
01-01 00:32:14.553  1492  1561 D SystemServerInitThreadPool: Started executing UiModeManager.onStart
01-01 00:32:14.555  1492  1561 I ActivityManager: Config changes=200 {1.0 ?mcc?mnc [en_US] ldltr ?swdp ?wdp ?hdp ?density ?lsize ?long ?ldr ?wideColorGamut ?orien ?touch ?keyb/?/? ?nav/? s.2}
01-01 00:32:14.557  1492  1492 D SystemServerTiming: StartUiModeManager took to complete: 23ms
01-01 00:32:14.557  1492  1492 I SystemServer: UpdatePackagesIfNeeded
01-01 00:32:14.564  1492  1632 D VoldConnector: RCV <- {200 1 asec operation succeeded}
01-01 00:32:14.569  1492  1631 I PackageManager: No secure containers found
01-01 00:32:14.579  1492  1530 I UsageStatsDatabase: Upgrading from version 0 to 3
01-01 00:32:14.580  1492  1530 I UsageStatsDatabase: Deleting all usage stats files
01-01 00:32:14.580  1492  1561 E SystemServerInitThreadPool: Failure in UiModeManager.onStart: java.lang.IllegalArgumentException: No display found with id: 0
01-01 00:32:14.580  1492  1561 E SystemServerInitThreadPool: java.lang.IllegalArgumentException: No display found with id: 0
01-01 00:32:14.580  1492  1561 E SystemServerInitThreadPool: 	at com.android.server.am.ActivityStackSupervisor.getDisplayOverrideConfiguration(ActivityStackSupervisor.java:478)
01-01 00:32:14.580  1492  1561 E SystemServerInitThreadPool: 	at com.android.server.am.ActivityManagerService.performDisplayOverrideConfigUpdate(ActivityManagerService.java:20449)
01-01 00:32:14.580  1492  1561 E SystemServerInitThreadPool: 	at com.android.server.am.ActivityManagerService.updateGlobalConfiguration(ActivityManagerService.java:20356)
01-01 00:32:14.580  1492  1561 E SystemServerInitThreadPool: 	at com.android.server.am.ActivityManagerService.updateConfigurationLocked(ActivityManagerService.java:20234)
01-01 00:32:14.580  1492  1561 E SystemServerInitThreadPool: 	at com.android.server.am.ActivityManagerService.updateConfiguration(ActivityManagerService.java:20173)
01-01 00:32:14.580  1492  1561 E SystemServerInitThreadPool: 	at com.android.server.UiModeManagerService.sendConfigurationLocked(UiModeManagerService.java:478)
01-01 00:32:14.580  1492  1561 E SystemServerInitThreadPool: 	at com.android.server.UiModeManagerService.lambda$-com_android_server_UiModeManagerService_9177(UiModeManagerService.java:236)
01-01 00:32:14.580  1492  1561 E SystemServerInitThreadPool: 	at com.android.server.-$Lambda$K82oIOoLs4yzVXPcedaNtrZLQQI.$m$0(Unknown Source:4)
01-01 00:32:14.580  1492  1561 E SystemServerInitThreadPool: 	at com.android.server.-$Lambda$K82oIOoLs4yzVXPcedaNtrZLQQI.run(Unknown Source:0)
01-01 00:32:14.580  1492  1561 E SystemServerInitThreadPool: 	at com.android.server.SystemServerInitThreadPool.lambda$-com_android_server_SystemServerInitThreadPool_2249(SystemServerInitThreadPool.java:64)
01-01 00:32:14.580  1492  1561 E SystemServerInitThreadPool: 	at com.android.server.-$Lambda$HTEfptnAsu3OjkqY28AzP7WiEyA.$m$0(Unknown Source:8)
01-01 00:32:14.580  1492  1561 E SystemServerInitThreadPool: 	at com.android.server.-$Lambda$HTEfptnAsu3OjkqY28AzP7WiEyA.run(Unknown Source:0)
01-01 00:32:14.580  1492  1561 E SystemServerInitThreadPool: 	at java.util.concurrent.Executors$RunnableAdapter.call(Executors.java:457)
01-01 00:32:14.580  1492  1561 E SystemServerInitThreadPool: 	at java.util.concurrent.FutureTask.run(FutureTask.java:266)
01-01 00:32:14.580  1492  1561 E SystemServerInitThreadPool: 	at java.util.concurrent.ThreadPoolExecutor.runWorker(ThreadPoolExecutor.java:1162)
01-01 00:32:14.580  1492  1561 E SystemServerInitThreadPool: 	at java.util.concurrent.ThreadPoolExecutor$Worker.run(ThreadPoolExecutor.java:636)
01-01 00:32:14.580  1492  1561 E SystemServerInitThreadPool: 	at com.android.internal.util.ConcurrentUtils$1$1.run(ConcurrentUtils.java:59)
01-01 00:32:14.587  1492  1530 I UsageStatsService: User[0] Rollover scheduled @ 2015-01-02 00:32:14(1420158734557)
01-01 00:32:14.588  1492  1530 D UsageStatsService: Initializing defaults for system apps on user 0
01-01 00:32:15.160  1492  1558 W zygote64: Long monitor contention with owner StorageManagerService (1631) at void com.android.server.pm.PackageManagerService.loadMediaPackages(android.util.ArrayMap, int[], boolean)(PackageManagerService.java:22783) waiters=0 in void com.android.server.pm.PackageManagerService.prepareAppDataLeafLIF(android.content.pm.PackageParser$Package, int, int) for 574ms
01-01 00:32:15.160  1492  1530 W zygote64: Long monitor contention with owner StorageManagerService (1631) at void com.android.server.pm.PackageManagerService.loadMediaPackages(android.util.ArrayMap, int[], boolean)(PackageManagerService.java:22783) waiters=1 in java.lang.String com.android.server.pm.PackageManagerService.getInstantAppPackageName(int) for 573ms
01-01 00:32:15.161  1492  1631 W StorageManagerService: No primary storage defined yet; hacking together a stub
01-01 00:32:15.221  1492  1631 W StorageManagerService: No primary storage defined yet; hacking together a stub
01-01 00:32:15.221  1492  1492 W zygote64: Long monitor contention with owner system-server-init-thread2 (1558) at boolean android.os.BinderProxy.transactNative(int, android.os.Parcel, android.os.Parcel, int)(Binder.java:-2) waiters=0 in int com.android.server.pm.PackageManagerService.performDexOptInternal(java.lang.String, boolean, java.lang.String, boolean) for 645ms
01-01 00:32:15.221  1492  1530 E AppIdleHistory: Unable to read app idle file for user 0
01-01 00:32:15.222  1492  1631 W StorageManagerService: No primary storage mounted!
01-01 00:32:15.222  1492  1631 D VoldConnector: SND -> {2 asec list}
01-01 00:32:15.227  1492  1632 D VoldConnector: RCV <- {200 2 asec operation succeeded}
01-01 00:32:15.229   527   527 W installd: Requested default storage /data/user_de/0/com.android.emergency is not active; migrating from /data/data/com.android.emergency
01-01 00:32:15.230   527   527 W installd: Failed to stat /data/user_de/0/com.android.emergency/cache: No such file or directory
01-01 00:32:15.230   527   527 W installd: Failed to stat /data/user_de/0/com.android.emergency/code_cache: No such file or directory
01-01 00:32:15.236  1492  1492 I PackageManager.DexOptimizer: Running dexopt (dexoptNeeded=1) on: /system/priv-app/TelephonyProvider/TelephonyProvider.apk pkg=com.android.providers.telephony isa=arm64 dexoptFlags=boot_complete,public target-filter=extract oatDir=null sharedLibraries=null
01-01 00:32:15.239  1635  1635 W dex2oat : type=1400 audit(0.0:386): avc: granted { getattr } for path="/vendor" dev="rootfs" ino=9766 scontext=u:r:dex2oat:s0 tcontext=u:object_r:rootfs:s0 tclass=lnk_file
01-01 00:32:15.275  1635  1635 I dex2oat : /system/bin/dex2oat --input-vdex-fd=-1 --output-vdex-fd=9 --compiler-filter=extract -j2 --classpath-dir=/system/priv-app/TelephonyProvider
01-01 00:32:15.322  1635  1635 I dex2oat : dex2oat took 48.289ms (47.004ms cpu) (threads: 2) arena alloc=0B (0B) java alloc=16KB (16400B) native alloc=1167KB (1195344B) free=1392KB (1426096B)
01-01 00:32:15.329  1492  1492 I PackageManager.DexOptimizer: Running dexopt (dexoptNeeded=1) on: /system/priv-app/MmsService/MmsService.apk pkg=com.android.mms.service isa=arm64 dexoptFlags=boot_complete,public target-filter=extract oatDir=null sharedLibraries=null
01-01 00:32:15.331  1638  1638 W dex2oat : type=1400 audit(0.0:387): avc: granted { getattr } for path="/vendor" dev="rootfs" ino=9766 scontext=u:r:dex2oat:s0 tcontext=u:object_r:rootfs:s0 tclass=lnk_file
01-01 00:32:15.369  1638  1638 I dex2oat : /system/bin/dex2oat --input-vdex-fd=-1 --output-vdex-fd=9 --compiler-filter=extract -j2 --classpath-dir=/system/priv-app/MmsService
01-01 00:32:15.411  1638  1638 I dex2oat : dex2oat took 43.019ms (41.002ms cpu) (threads: 2) arena alloc=0B (0B) java alloc=16KB (16400B) native alloc=1211KB (1240336B) free=1348KB (1381104B)
01-01 00:32:15.427  1492  1492 I PackageManager.DexOptimizer: Running dexopt (dexoptNeeded=1) on: /system/priv-app/DefaultContainerService/DefaultContainerService.apk pkg=com.android.defcontainer isa=arm64 dexoptFlags=boot_complete,public target-filter=extract oatDir=null sharedLibraries=null
01-01 00:32:15.437   520   697 E ThermalEngine: ACTION: CLUSTER - Setting CLUSTER[1] to 1248000
01-01 00:32:15.461  1641  1641 I dex2oat : /system/bin/dex2oat --input-vdex-fd=-1 --output-vdex-fd=9 --compiler-filter=extract -j2 --classpath-dir=/system/priv-app/DefaultContainerService
01-01 00:32:15.468   520   697 E ThermalEngine: ACTION: CLUSTER - Setting CLUSTER[1] to 960000
01-01 00:32:15.497  1641  1641 I dex2oat : dex2oat took 36.931ms (36.345ms cpu) (threads: 2) arena alloc=0B (0B) java alloc=16KB (16400B) native alloc=1027KB (1051792B) free=1020KB (1045360B)
01-01 00:32:15.513  1492  1492 I PackageManager.DexOptimizer: Running dexopt (dexoptNeeded=1) on: /system/priv-app/Luna/Luna.apk pkg=com.android.launcher3 isa=arm64 dexoptFlags=boot_complete,public target-filter=extract oatDir=null sharedLibraries=null
01-01 00:32:15.515  1644  1644 W dex2oat : type=1400 audit(0.0:389): avc: granted { getattr } for path="/vendor" dev="rootfs" ino=9766 scontext=u:r:dex2oat:s0 tcontext=u:object_r:rootfs:s0 tclass=lnk_file
01-01 00:32:15.528   520   697 E ThermalEngine: ACTION: CLUSTER - Setting CLUSTER[1] to 1248000
01-01 00:32:15.547  1644  1644 I dex2oat : /system/bin/dex2oat --input-vdex-fd=-1 --output-vdex-fd=9 --compiler-filter=extract -j2 --classpath-dir=/system/priv-app/Luna
01-01 00:32:15.560   520   697 E ThermalEngine: ACTION: CLUSTER - Setting CLUSTER[1] to 960000
01-01 00:32:15.685  1644  1644 I dex2oat : dex2oat took 138.708ms (137.245ms cpu) (threads: 2) arena alloc=0B (0B) java alloc=16KB (16400B) native alloc=1086KB (1112184B) free=1473KB (1509256B)
01-01 00:32:15.697   527  1515 W installd: Requested default storage /data/user_de/0/com.android.bluetooth is not active; migrating from /data/data/com.android.bluetooth
01-01 00:32:15.698   527  1515 W installd: Failed to stat /data/user_de/0/com.android.bluetooth/cache: No such file or directory
01-01 00:32:15.698   527  1515 W installd: Failed to stat /data/user_de/0/com.android.bluetooth/code_cache: No such file or directory
01-01 00:32:15.703  1492  1492 I PackageManager.DexOptimizer: Running dexopt (dexoptNeeded=1) on: /system/priv-app/TimeKeep/TimeKeep.apk pkg=com.sony.timekeep isa=arm64 dexoptFlags=boot_complete,public target-filter=extract oatDir=null sharedLibraries=null
01-01 00:32:15.742  1647  1647 I dex2oat : /system/bin/dex2oat --input-vdex-fd=-1 --output-vdex-fd=9 --compiler-filter=extract -j2 --classpath-dir=/system/priv-app/TimeKeep
01-01 00:32:15.779  1647  1647 I dex2oat : dex2oat took 37.885ms (37.523ms cpu) (threads: 2) arena alloc=0B (0B) java alloc=16KB (16400B) native alloc=1000KB (1024272B) free=1047KB (1072880B)
01-01 00:32:15.795  1492  1492 I PackageManager.DexOptimizer: Running dexopt (dexoptNeeded=1) on: /system/priv-app/qcrilmsgtunnel/qcrilmsgtunnel.apk pkg=com.qualcomm.qcrilmsgtunnel isa=arm64 dexoptFlags=boot_complete,public target-filter=extract oatDir=null sharedLibraries=null
01-01 00:32:15.834  1650  1650 I dex2oat : /system/bin/dex2oat --input-vdex-fd=-1 --output-vdex-fd=9 --compiler-filter=extract -j2 --classpath-dir=/system/priv-app/qcrilmsgtunnel
01-01 00:32:15.872  1650  1650 I dex2oat : dex2oat took 39.873ms (39.545ms cpu) (threads: 2) arena alloc=0B (0B) java alloc=16KB (16400B) native alloc=1164KB (1192272B) free=1395KB (1429168B)
01-01 00:32:15.889  1492  1492 I PackageManager.DexOptimizer: Running dexopt (dexoptNeeded=1) on: /system/priv-app/SettingsProvider/SettingsProvider.apk pkg=com.android.providers.settings isa=arm64 dexoptFlags=boot_complete,public target-filter=extract oatDir=null sharedLibraries=null
01-01 00:32:15.891  1653  1653 W dex2oat : type=1400 audit(0.0:392): avc: granted { getattr } for path="/vendor" dev="rootfs" ino=9766 scontext=u:r:dex2oat:s0 tcontext=u:object_r:rootfs:s0 tclass=lnk_file
01-01 00:32:15.928  1653  1653 I dex2oat : /system/bin/dex2oat --input-vdex-fd=-1 --output-vdex-fd=9 --compiler-filter=extract -j2 --classpath-dir=/system/priv-app/SettingsProvider
01-01 00:32:15.960   440   440 E ActivityRecognitionHardware: activity_recognition HAL is deprecated. class_init is effectively a no-op
01-01 00:32:15.974  1653  1653 I dex2oat : dex2oat took 46.441ms (45.921ms cpu) (threads: 2) arena alloc=0B (0B) java alloc=16KB (16400B) native alloc=1202KB (1231184B) free=1357KB (1390256B)
01-01 00:32:15.981  1492  1492 I PackageManager.DexOptimizer: Running dexopt (dexoptNeeded=1) on: /system/priv-app/InputDevices/InputDevices.apk pkg=com.android.inputdevices isa=arm64 dexoptFlags=boot_complete,public target-filter=extract oatDir=null sharedLibraries=null
01-01 00:32:15.983  1656  1656 W dex2oat : type=1400 audit(0.0:393): avc: granted { getattr } for path="/vendor" dev="rootfs" ino=9766 scontext=u:r:dex2oat:s0 tcontext=u:object_r:rootfs:s0 tclass=lnk_file
01-01 00:32:16.021  1656  1656 I dex2oat : /system/bin/dex2oat --input-vdex-fd=-1 --output-vdex-fd=9 --compiler-filter=extract -j2 --classpath-dir=/system/priv-app/InputDevices
01-01 00:32:16.058  1656  1656 I dex2oat : dex2oat took 37.830ms (37.310ms cpu) (threads: 2) arena alloc=0B (0B) java alloc=16KB (16400B) native alloc=1000KB (1024400B) free=1047KB (1072752B)
01-01 00:32:16.073  1492  1492 I PackageManager.DexOptimizer: Running dexopt (dexoptNeeded=1) on: /system/app/ExtShared/ExtShared.apk pkg=android.ext.shared isa=arm64 dexoptFlags=boot_complete,public target-filter=extract oatDir=null sharedLibraries=null
01-01 00:32:16.075  1659  1659 W dex2oat : type=1400 audit(0.0:394): avc: granted { getattr } for path="/vendor" dev="rootfs" ino=9766 scontext=u:r:dex2oat:s0 tcontext=u:object_r:rootfs:s0 tclass=lnk_file
01-01 00:32:16.112  1659  1659 I dex2oat : /system/bin/dex2oat --input-vdex-fd=-1 --output-vdex-fd=9 --compiler-filter=extract -j2 --classpath-dir=/system/app/ExtShared
01-01 00:32:16.134   520   697 E ThermalEngine: ACTION: CLUSTER - Setting CLUSTER[1] to 1248000
01-01 00:32:16.146  1659  1659 I dex2oat : dex2oat took 35.664ms (35.150ms cpu) (threads: 2) arena alloc=0B (0B) java alloc=16KB (16400B) native alloc=1000KB (1024400B) free=1047KB (1072752B)
01-01 00:32:16.161  1492  1558 D SystemServerTimingAsync: AppDataPrepare took to complete: 2703ms
01-01 00:32:16.161  1492  1558 I PackageManager: Deferred reconcileAppsData finished 64 packages
01-01 00:32:16.161  1492  1558 D SystemServerInitThreadPool: Finished executing prepareAppData
01-01 00:32:16.163  1492  1492 I PackageManager.DexOptimizer: Running dexopt (dexoptNeeded=1) on: /system/priv-app/Telecom/Telecom.apk pkg=com.android.server.telecom isa=arm64 dexoptFlags=boot_complete,public target-filter=extract oatDir=null sharedLibraries=null
01-01 00:32:16.164   520   697 E ThermalEngine: ACTION: CLUSTER - Setting CLUSTER[1] to 960000
01-01 00:32:16.205  1662  1662 I dex2oat : /system/bin/dex2oat --input-vdex-fd=-1 --output-vdex-fd=9 --compiler-filter=extract -j2 --classpath-dir=/system/priv-app/Telecom
01-01 00:32:16.207   440   440 I zygote  : Thread[1,tid=440,Native,Thread*=0xe8cfd000,peer=0xf980088,"main"] recursive attempt to load library "/system/lib/libmedia_jni.so"
01-01 00:32:16.207   440   440 D MtpDeviceJNI: register_android_mtp_MtpDevice
01-01 00:32:16.211   440   440 I zygote  : Thread[1,tid=440,Native,Thread*=0xe8cfd000,peer=0xf980088,"main"] recursive attempt to load library "/system/lib/libmedia_jni.so"
01-01 00:32:16.212   440   440 I zygote  : Thread[1,tid=440,Native,Thread*=0xe8cfd000,peer=0xf980088,"main"] recursive attempt to load library "/system/lib/libmedia_jni.so"
01-01 00:32:16.224   520   697 E ThermalEngine: ACTION: CLUSTER - Setting CLUSTER[1] to 1248000
