07-04 08:40:47.025   943  1409 I EventHub: New device: id=4, fd=141, path='/dev/input/event0', name='touch_dev', classes=0x15, configuration='', keyLayout='/system/usr/keylayout/Generic.kl', keyCharacterMap='/system/usr/keychars/Generic.kcm', builtinKeyboard=false, 
07-04 08:40:47.025   943  1409 D EventHub: No input device configuration file found for device 'gpio-keys'.
07-04 08:40:47.030   943  1409 W EventHub: Unable to disable kernel key repeat for /dev/input/event2: Function not implemented
07-04 08:40:47.030   943  1409 I EventHub: wakeMechanism=EPOLLWAKEUP, usingClockIoctl=true
07-04 08:40:47.030   943  1409 I EventHub: New device: id=5, fd=142, path='/dev/input/event2', name='gpio-keys', classes=0x81, configuration='', keyLayout='/system/usr/keylayout/Generic.kl', keyCharacterMap='/system/usr/keychars/Generic.kcm', builtinKeyboard=false, 
07-04 08:40:47.031   511   511 E QCamera2HWI: int qcamera::QCamera2HardwareInterface::closeCamera():[PREVIEW_COUNT][LOAD] preview_count(0) // MultiView(0)
07-04 08:40:47.032   511   511 I QCamera2HWI: [KPI Perf] static int qcamera::QCamera2HardwareInterface::close_camera_device(hw_device_t*): X
07-04 08:40:47.033   511   511 I CameraProviderManager: Connecting to new camera provider: legacy/0, isRemote? 0
07-04 08:40:47.033   511   511 I CameraProviderManager: Enumerating new camera device: device@1.0/legacy/0
07-04 08:40:47.036   511   511 I CamDev@1.0-impl: Opening camera 0
07-04 08:40:47.036   511   511 I QCamera2Factory: :static int qcamera::QCamera2Factory::openLegacy(int32_t, uint32_t, hw_device_t**) openLegacy halVersion: 256
07-04 08:40:47.036   511   511 D vndksupport: Loading /odm/lib/hw/power.msm8992.so from current namespace instead of sphal namespace.
07-04 08:40:47.044   943   943 D SystemServerTiming: StartInputMethodManagerLifecycle took to complete: 118ms
07-04 08:40:47.044   943   943 I SystemServer: StartAccessibilityManagerService
07-04 08:40:47.046   511  1427 D QCamera2HWI: static void* qcamera::QCamera2HardwareInterface::defferedWorkRoutine(void*): start data proc
07-04 08:40:47.053   943   943 D SystemServerTiming: StartAccessibilityManagerService took to complete: 8ms
07-04 08:40:47.053   943   943 I SystemServer: MakeDisplayReady
07-04 08:40:47.066   943  1409 I InputReader: Device added: id=-1, name='Virtual', sources=0x00000301
07-04 08:40:47.066   943  1409 I InputReader: Device added: id=5, name='gpio-keys', sources=0x80000101
07-04 08:40:47.067   943  1409 I InputReader:   Touch device 'touch_dev' could not query the properties of its associated display.  The device will be inoperable until the display size becomes available.
07-04 08:40:47.067   943  1409 I InputReader: Device added: id=4, name='touch_dev', sources=0x00001103
07-04 08:40:47.068   943  1409 I InputReader: Device added: id=3, name='qpnp_pon', sources=0x00000101
07-04 08:40:47.068   943  1409 I InputReader: Device added: id=2, name='msm8994-tomtom-snd-card Button Jack', sources=0x00000101
07-04 08:40:47.068   943  1409 I InputReader: Device added: id=1, name='msm8994-tomtom-snd-card Headset Jack', sources=0x80000000
07-04 08:40:47.068   511   511 I QCamera2HWI: [KPI Perf] int qcamera::QCamera2HardwareInterface::openCamera(hw_device_t**): E PROFILE_OPEN_CAMERA camera id 0
07-04 08:40:47.069   523   523 D mm-camera: mct: mct_controller_new: Creating new mct_controller with session-id 1
07-04 08:40:47.072   943   943 I ActivityManager: Config changes=5df8 {1.0 ?mcc?mnc [el_GR] ldltr sw411dp w411dp h731dp 560dpi nrml long port ?uimode ?night -touch -keyb/v/h -nav/h appBounds=Rect(0, 0 - 1440, 2560) s.2}
07-04 08:40:47.084   523  1439 D mm-camera: mct: mct_pipeline_start_session_thread: E sensor
07-04 08:40:47.085   523  1444 D mm-camera: mct: mct_pipeline_start_session_thread: E iface
07-04 08:40:47.095   943   943 I ActivityManager: Override config changes=40007dfc {1.0 ?mcc?mnc [el_GR] ldltr sw411dp w411dp h731dp 560dpi nrml long port ?uimode ?night -touch -keyb/v/h -nav/h appBounds=Rect(0, 0 - 1440, 2560) s.2} for displayId=0
07-04 08:40:47.098   523  1439 E mm-camera: module_sensor_init_session:1245eeprom_name = imx234_eeprom
07-04 08:40:47.100   523  1446 D mm-camera: mct: mct_pipeline_start_session_thread: E isp
07-04 08:40:47.101   523  1446 E mm-camera-isp2: isp_module_start_session:178 session id 1
07-04 08:40:47.102   523  1444 D mm-camera: mct: mct_pipeline_start_session_thread: X stats
07-04 08:40:47.107   523  1474 D mm-camera: mct: mct_pipeline_start_session_thread: E stats
07-04 08:40:47.108   523  1474 E mm-camera: tcc_init: TCC ver.150418a
07-04 08:40:47.115   523  1484 D mm-camera: mct: mct_pipeline_start_session_thread: E pproc
07-04 08:40:47.119   523  1474 E mm-camera: sensor_laser_init:144  HW module: id: sensors name: STMicroelectronics VL53L0 sensor module
07-04 08:40:47.120   523  1474 E Sensors : openInput
07-04 08:40:47.120   523  1474 E Sensors : devname: /dev/input/event4
07-04 08:40:47.120   419   419 I zygote  : Thread[1,tid=419,Native,Thread*=0xe59ea000,peer=0xf680228,"main"] recursive attempt to load library "/system/lib/libmedia_jni.so"
07-04 08:40:47.121   419   419 D MtpDeviceJNI: register_android_mtp_MtpDevice
07-04 08:40:47.121   523  1446 E mm-camera-isp2: isp_module_start_session:347 num_session_opened 1
07-04 08:40:47.121   523  1446 D mm-camera: mct: mct_pipeline_start_session_thread: X imglib
07-04 08:40:47.121   419   419 I zygote  : Thread[1,tid=419,Native,Thread*=0xe59ea000,peer=0xf680228,"main"] recursive attempt to load library "/system/lib/libmedia_jni.so"
07-04 08:40:47.122   419   419 I zygote  : Thread[1,tid=419,Native,Thread*=0xe59ea000,peer=0xf680228,"main"] recursive attempt to load library "/system/lib/libmedia_jni.so"
07-04 08:40:47.123   523  1489 D mm-camera: mct: mct_pipeline_start_session_thread: E imglib
07-04 08:40:47.124   523  1489 E mm-camera: module_faceproc_start_session:1844] session cnt 1
07-04 08:40:47.124   523  1489 D mm-camera: mct: mct_pipeline_start_session_thread: X imglib
07-04 08:40:47.134   943  1408 I ActivityManager: Config changes=508 {1.0 ?mcc?mnc [el_GR] ldltr sw411dp w411dp h659dp 560dpi nrml port ?uimode ?night finger -keyb/v/h -nav/h appBounds=Rect(0, 0 - 1440, 2392) s.3}
07-04 08:40:47.141   943  1409 I InputReader: Reconfiguring input devices.  changes=0x00000004
07-04 08:40:47.141   943  1409 I InputReader: Device reconfigured: id=4, name='touch_dev', size 1440x2560, orientation 0, mode 1, display id 0
07-04 08:40:47.141   943  1408 I ActivityManager: Override config changes=508 {1.0 ?mcc?mnc [el_GR] ldltr sw411dp w411dp h659dp 560dpi nrml port ?uimode ?night finger -keyb/v/h -nav/h appBounds=Rect(0, 0 - 1440, 2392) s.3} for displayId=0
07-04 08:40:47.144   943  1409 I InputReader: Reconfiguring input devices.  changes=0x00000004
07-04 08:40:47.147   523  1439 E mm-camera: module_sensor_init_session:1277flash subdev id = 0
07-04 08:40:47.149   523  1439 E mm-camera-sensor: sensor_sdk_util_get_kernel_i2c_addr_type:26Invalid addr_type = 0
07-04 08:40:47.149   523  1439 E mm-camera-sensor: sensor_sdk_util_get_kernel_i2c_data_type:40Invalid addr_type = 0
07-04 08:40:47.149   523  1439 E mm-camera-sensor: actuator_load_lib:491name=lc898122_claf, mode=camera
07-04 08:40:47.151   637   826 D PerMgrLib: QCRIL voting for modem
07-04 08:40:47.152   523  1474 E Sensors : devname: /dev/input/event3
07-04 08:40:47.152   523  1439 E mm-camera-sensor: actuator_load_lib:491name=lc898122_claf, mode=camcorder
07-04 08:40:47.153   482   506 D PerMgrSrv: QCRIL voting for modem
07-04 08:40:47.153   482   506 D PerMgrSrv: modem num voters is 2
07-04 08:40:47.154   523  1439 E mm-camera-sensor: eeprom_do_af_calibration:197turn on Cal af(1)
07-04 08:40:47.154   523  1439 E mm-camera-sdk: eeprom_autofocus_calibration_claf:173 KSY Kernel original macro hall : 9600, inf hall : -12800, macro_mecha 16800, vcm_type 66
07-04 08:40:47.154   523  1439 E mm-camera-sdk: eeprom_autofocus_calibration_claf:178 KSY AF_algorithm convert macro hall : 350, inf hall : 0, total_rangetomacro : 0, offset_value_pplus_mtm : 0
07-04 08:40:47.154   523  1439 E mm-camera: ois_init:305start: ois_init
07-04 08:40:47.160   943  1409 I InputReader: Reconfiguring input devices.  changes=0x00000004
07-04 08:40:47.161   943   943 D SystemServerTiming: MakeDisplayReady took to complete: 108ms
07-04 08:40:47.161   943   943 I SystemServer: StartStorageManagerService
07-04 08:40:47.161   943   943 I SystemServiceManager: Starting com.android.server.StorageManagerService$Lifecycle
07-04 08:40:47.169   523  1439 E mm-camera: ois_init:372done: ois_init
07-04 08:40:47.176   523  1439 E mm-camera-sensor: proxy_init:71name = LD_AF
07-04 08:40:47.176   523  1439 E mm-camera-sensor: sensor_proxy_on:151enter
07-04 08:40:47.179   523  1527 E mm-camera: ois_thread:201ois thread is running
07-04 08:40:47.180   523  1474 E Sensors : devname: /dev/input/event1
07-04 08:40:47.190   523  1484 E mm-camera-pp: [INFO] base_module_start_session:91, E, session=1
07-04 08:40:47.190   523  1484 E mm-camera-pp: [INFO] base_module_start_session:91, E, session=1
07-04 08:40:47.190   523  1484 D mm-camera: mct: mct_pipeline_start_session_thread: X imglib
07-04 08:40:47.193   943   943 D SystemServerTiming: StartStorageManagerService took to complete: 31ms
07-04 08:40:47.193   943   943 I SystemServer: StartStorageStatsService
07-04 08:40:47.194   943   943 I SystemServiceManager: Starting com.android.server.usage.StorageStatsService$Lifecycle
07-04 08:40:47.196   943  1526 D StorageManagerService: Thinking about init, mSystemReady=false, mDaemonConnected=true
07-04 08:40:47.196   943  1526 D StorageManagerService: Thinking about reset, mSystemReady=false, mDaemonConnected=true
07-04 08:40:47.202   943  1526 D StorageManagerService: Thinking about init, mSystemReady=false, mDaemonConnected=true
07-04 08:40:47.203   523  1474 E Sensors : devname: /dev/input/mice
07-04 08:40:47.204   523  1439 E mm-camera-sensor: sensor_proxy_thread_on:198enter
07-04 08:40:47.205   523  1439 E mm-camera: module_sensor_init_session:1412tcs_sensor init Enter **
07-04 08:40:47.205   943  1526 D StorageManagerService: Thinking about reset, mSystemReady=false, mDaemonConnected=true
07-04 08:40:47.206   943  1526 D CryptdConnector: SND -> {1 cryptfs getfield SystemLocale}
07-04 08:40:47.207   943   943 D SystemServerTiming: StartStorageStatsService took to complete: 13ms
07-04 08:40:47.207   943   943 I SystemServer: StartUiModeManager
07-04 08:40:47.208   943   943 I SystemServiceManager: Starting com.android.server.UiModeManagerService
07-04 08:40:47.226   943  1182 D SystemServerInitThreadPool: Started executing UiModeManager.onStart
07-04 08:40:47.227   943   943 D SystemServerTiming: StartUiModeManager took to complete: 19ms
07-04 08:40:47.227   943   943 I SystemServer: UpdatePackagesIfNeeded
07-04 08:40:47.227   943   943 D SystemServerTiming: UpdatePackagesIfNeeded took to complete: 0ms
07-04 08:40:47.227   943   943 I SystemServer: PerformFstrimIfNeeded
07-04 08:40:47.228   523  1474 E Sensors : devname: /dev/input/event0
07-04 08:40:47.228   943  1182 I ActivityManager: Config changes=200 {1.0 ?mcc?mnc [el_GR] ldltr sw411dp w411dp h659dp 560dpi nrml port finger -keyb/v/h -nav/h appBounds=Rect(0, 0 - 1440, 2392) s.4}
07-04 08:40:47.231   943   943 D SystemServerTiming: PerformFstrimIfNeeded took to complete: 4ms
07-04 08:40:47.231   943   943 I SystemServer: StartLockSettingsService
07-04 08:40:47.231   943   943 I SystemServiceManager: Starting com.android.server.locksettings.LockSettingsService$Lifecycle
07-04 08:40:47.243   943  1182 I ActivityManager: Override config changes=200 {1.0 ?mcc?mnc [el_GR] ldltr sw411dp w411dp h659dp 560dpi nrml port finger -keyb/v/h -nav/h appBounds=Rect(0, 0 - 1440, 2392) s.4} for displayId=0
07-04 08:40:47.255   523  1474 E Sensors : devname: /dev/input/event2
07-04 08:40:47.256   943  1182 D SystemServerInitThreadPool: Finished executing UiModeManager.onStart
07-04 08:40:47.267   943   943 D SystemServerTiming: StartLockSettingsService took to complete: 37ms
07-04 08:40:47.268   943   943 I SystemServer: StartPersistentDataBlock
07-04 08:40:47.268   943   943 I SystemServiceManager: Starting com.android.server.PersistentDataBlockService
07-04 08:40:47.269   943  1182 D SystemServerInitThreadPool: Started executing PersistentDataBlockService.onStart
07-04 08:40:47.269   943   943 D SystemServerTiming: StartPersistentDataBlock took to complete: 2ms
07-04 08:40:47.269   943   943 I SystemServer: StartOemLockService
07-04 08:40:47.271   523  1474 E Sensors : couldn't find 'STM VL53L0 proximity sensor' input device
07-04 08:40:47.271   523  1474 E Sensors : ProximitySensor::ProximitySensor gets called!
07-04 08:40:47.272   523  1474 E Sensors : ProximitySensor: input_name:, input_sysfs_path:/sys/class/input/input
07-04 08:40:47.272   523  1474 E Sensors : ProximitySensor::enable function called for stmvl53L0!
07-04 08:40:47.272   523  1474 E Sensors : ProximitySensor::enable filename:/sys/class/input/input/enable_ps_sensor
07-04 08:40:47.272   523  1474 E Sensors : ProximitySensor::enable: Failed to open file descriptor for enabling VL53L0
07-04 08:40:47.272   523  1474 E Sensors : ProximitySensor::enable: Attempted to open file /sys/class/input/input/enable_ps_sensor. Error: -1
07-04 08:40:47.267  1182  1182 I system-server-i: type=1400 audit(0.0:33): avc: denied { read } for name="mmcblk0p35" dev="tmpfs" ino=11459 scontext=u:r:system_server:s0 tcontext=u:object_r:persistent_block_device:s0 tclass=blk_file permissive=1
07-04 08:40:47.267  1182  1182 I system-server-i: type=1400 audit(0.0:34): avc: denied { open } for path="/dev/block/mmcblk0p35" dev="tmpfs" ino=11459 scontext=u:r:system_server:s0 tcontext=u:object_r:persistent_block_device:s0 tclass=blk_file permissive=1
07-04 08:40:47.272   523  1474 E Sensors : open_sensors gets called!
07-04 08:40:47.272   523  1474 E Sensors : is_tof_sensor_available() called
07-04 08:40:47.272   523  1474 E Sensors : devname: /dev/input/event4
07-04 08:40:47.272   943  1182 E PersistentDataBlockService: not able to find package 
07-04 08:40:47.272   943  1182 E PersistentDataBlockService: android.content.pm.PackageManager$NameNotFoundException: 
07-04 08:40:47.272   943  1182 E PersistentDataBlockService: 	at android.app.ApplicationPackageManager.getPackageUidAsUser(ApplicationPackageManager.java:282)
07-04 08:40:47.272   943  1182 E PersistentDataBlockService: 	at com.android.server.PersistentDataBlockService.getAllowedUid(PersistentDataBlockService.java:112)
07-04 08:40:47.272   943  1182 E PersistentDataBlockService: 	at com.android.server.PersistentDataBlockService.lambda$-com_android_server_PersistentDataBlockService_5033(PersistentDataBlockService.java:125)
07-04 08:40:47.272   943  1182 E PersistentDataBlockService: 	at com.android.server.-$Lambda$VaVGUZuNs2jqHMhhxPzwNl4zK-M.$m$3(Unknown Source:4)
07-04 08:40:47.272   943  1182 E PersistentDataBlockService: 	at com.android.server.-$Lambda$VaVGUZuNs2jqHMhhxPzwNl4zK-M.run(Unknown Source:23)
07-04 08:40:47.272   943  1182 E PersistentDataBlockService: 	at com.android.server.SystemServerInitThreadPool.lambda$-com_android_server_SystemServerInitThreadPool_2249(SystemServerInitThreadPool.java:64)
07-04 08:40:47.272   943  1182 E PersistentDataBlockService: 	at com.android.server.-$Lambda$Ganck_s9Kl5o2K6eVDoQTKLc-6g.$m$2(Unknown Source:8)
07-04 08:40:47.272   943  1182 E PersistentDataBlockService: 	at com.android.server.-$Lambda$Ganck_s9Kl5o2K6eVDoQTKLc-6g.run(Unknown Source:19)
07-04 08:40:47.272   943  1182 E PersistentDataBlockService: 	at java.util.concurrent.Executors$RunnableAdapter.call(Executors.java:457)
07-04 08:40:47.272   943  1182 E PersistentDataBlockService: 	at java.util.concurrent.FutureTask.run(FutureTask.java:266)
07-04 08:40:47.272   943  1182 E PersistentDataBlockService: 	at java.util.concurrent.ThreadPoolExecutor.runWorker(ThreadPoolExecutor.java:1162)
07-04 08:40:47.272   943  1182 E PersistentDataBlockService: 	at java.util.concurrent.ThreadPoolExecutor$Worker.run(ThreadPoolExecutor.java:636)
07-04 08:40:47.272   943  1182 E PersistentDataBlockService: 	at com.android.internal.util.ConcurrentUtils$1$1.run(ConcurrentUtils.java:59)
07-04 08:40:47.277   943   943 I SystemServiceManager: Starting com.android.server.oemlock.OemLockService
07-04 08:40:47.278   943   943 I system_server: Looking for service android.hardware.oemlock@1.0::IOemLock/default
07-04 08:40:47.282   943   943 I OemLock : OemLock HAL not present on device
07-04 08:40:47.282   943   943 I OemLock : Using persistent data block based lock
07-04 08:40:47.284   943   943 D SystemServerTiming: StartOemLockService took to complete: 15ms
07-04 08:40:47.285   943   943 I SystemServer: StartDeviceIdleController
07-04 08:40:47.285   943   943 I SystemServiceManager: Starting com.android.server.DeviceIdleController
07-04 08:40:47.292   943   943 D SystemServerTiming: StartDeviceIdleController took to complete: 8ms
07-04 08:40:47.292   943   943 I SystemServer: StartDevicePolicyManager
07-04 08:40:47.293   943   943 I SystemServiceManager: Starting com.android.server.devicepolicy.DevicePolicyManagerService$Lifecycle
07-04 08:40:47.295   523  1474 E Sensors : devname: /dev/input/event3
07-04 08:40:47.295   943  1559 D CryptdConnector: RCV <- {200 1 -1}
07-04 08:40:47.298   943  1526 W StorageManagerService: No primary storage mounted!
07-04 08:40:47.299   943  1526 D VoldConnector: SND -> {1 asec list}
07-04 08:40:47.300   943  1557 D VoldConnector: RCV <- {200 1 asec operation succeeded}
07-04 08:40:47.302   943  1526 I PackageManager: No secure containers found
07-04 08:40:47.316   943   943 D SystemServerTiming: StartDevicePolicyManager took to complete: 24ms
07-04 08:40:47.317   943   943 I SystemServer: StartStatusBarManagerService
07-04 08:40:47.321   943   943 D SystemServerTiming: StartStatusBarManagerService took to complete: 4ms
07-04 08:40:47.321   943   943 I SystemServer: StartClipboardService
07-04 08:40:47.321   943   943 I SystemServiceManager: Starting com.android.server.clipboard.ClipboardService
07-04 08:40:47.328   943   943 D SystemServerTiming: StartClipboardService took to complete: 7ms
07-04 08:40:47.328   943   943 I SystemServer: StartNetworkManagementService
07-04 08:40:47.331   523  1474 E Sensors : devname: /dev/input/event1
07-04 08:40:47.341   943  1031 I UsageStatsService: User[0] Rollover scheduled @ 2018-07-04 17:54:30(1530716070134)
07-04 08:40:47.339  1182  1182 I system-server-i: type=1400 audit(0.0:35): avc: denied { ioctl } for path="/dev/block/mmcblk0p35" dev="tmpfs" ino=11459 ioctlcmd=1272 scontext=u:r:system_server:s0 tcontext=u:object_r:persistent_block_device:s0 tclass=blk_file permissive=1
07-04 08:40:47.349   943  1182 D SystemServerInitThreadPool: Finished executing PersistentDataBlockService.onStart
07-04 08:40:47.354   943  1657 I NetworkManagement: onDaemonConnected()
07-04 08:40:47.358   943   943 D SystemServerTiming: StartNetworkManagementService took to complete: 31ms
07-04 08:40:47.359   943   943 I SystemServer: StartTextServicesManager
07-04 08:40:47.359   943   943 I SystemServiceManager: Starting com.android.server.TextServicesManagerService$Lifecycle
07-04 08:40:47.362   523  1474 E Sensors : devname: /dev/input/mice
07-04 08:40:47.365   523  1439 E mm-camera-sensor: tcs_thread_create:291tcs_thread, thread_id 0
07-04 08:40:47.370   523  1527 E mm-camera: ois_thread:239done : ois initialization
07-04 08:40:47.375   523  1439 E mm-camera: module_sensor_start_session:1684SUCCESS
07-04 08:40:47.376   523  1439 D mm-camera: mct: mct_pipeline_start_session_thread: X imglib
07-04 08:40:47.388   523  1474 E Sensors : devname: /dev/input/event0
07-04 08:40:47.407   523  1474 E Sensors : devname: /dev/input/event2
07-04 08:40:47.431   523  1474 E Sensors : No Tof sensor found!!!
07-04 08:40:47.432   523  1474 E mm-camera: sensor_laser_init:164  0 sensor supported
07-04 08:40:47.434   523  1474 E mm-camera: gyro_port_init:1404  Failure initializing laser sensor. Error: 4
07-04 08:40:47.434   523  1474 I CAMERA_SENSOR: start_accel_sensor
07-04 08:40:47.434   523  1474 E mm-camera: start_accel_sensor: sensor1_open E
07-04 08:40:47.435   523  1474 E mm-camera: start_accel_sensor: sensor1_open X, res = 0
07-04 08:40:47.441   523  1736 I CAMERA_SENSOR: accel_data_cb received RESP - SNS_SMGR_REPORT_RESP_V01
07-04 08:40:47.441   523  1474 D mm-camera: mct: mct_pipeline_start_session_thread: X imglib
07-04 08:40:47.441   523   523 E mm-camera: sensor_get_cur_chromatix_name:2577Error: Load default preview chroamtix
07-04 08:40:47.441   523   523 E mm-camera-sensor: chromatix_load_library_ex : chromatix = libchromatix_imx234_snapshot_open.so , lib name = /system/vendor/lib/libchromatix_imx234_snapshot_open.so
07-04 08:40:47.441   523   523 E mm-camera-sensor: chromatix_load_library_ex : chromatix = libchromatix_imx234_snapshot_open.so , lib name = /system/vendor/lib/libchromatix_imx234_snapshot_open.so
07-04 08:40:47.442   523   523 E mm-camera-sensor: chromatix_load_library_ex : chromatix = libchromatix_imx234_common_open.so , lib name = /system/vendor/lib/libchromatix_imx234_common_open.so
07-04 08:40:47.442   523   523 E mm-camera-sensor: chromatix_load_library_ex : chromatix = libchromatix_imx234_cpp_snapshot_open.so , lib name = /system/vendor/lib/libchromatix_imx234_cpp_snapshot_open.so
07-04 08:40:47.442   523   523 E mm-camera-sensor: chromatix_load_library_ex : chromatix = libchromatix_imx234_cpp_snapshot_open.so , lib name = /system/vendor/lib/libchromatix_imx234_cpp_snapshot_open.so
07-04 08:40:47.442   523   523 E mm-camera-sensor: chromatix_load_library_ex : chromatix = libchromatix_imx234_cpp_flash_snapshot_open.so , lib name = /system/vendor/lib/libchromatix_imx234_cpp_flash_snapshot_open.so
07-04 08:40:47.442   523   523 E mm-camera-sensor: chromatix_load_library_ex : chromatix = libchromatix_imx234_cpp_video_open.so , lib name = /system/vendor/lib/libchromatix_imx234_cpp_video_open.so
07-04 08:40:47.442   523   523 E mm-camera-sensor: chromatix_load_library_ex : chromatix = libchromatix_imx234_postproc_open.so , lib name = /system/vendor/lib/libchromatix_imx234_postproc_open.so
07-04 08:40:47.443   523   523 E mm-camera-isp2: isp_resource_query_mod:145 num_isp_preallocate 1 num_session_opened 1 dual_vfe_enabled 0
07-04 08:40:47.443   523   523 E mm-camera: module_faceproc_query_mod:1996] Caps ROI 5 scene_mode_cnt 1 HW analysis supported 0
07-04 08:40:47.443   523   523 E hdr     : module_hdr_lib_query_mod:181] Supported scenemode cnt 2
07-04 08:40:47.443   523   523 D mm-camera: mct: mct_pipeline_process_set:command=800000a
07-04 08:40:47.443   523   523 D mm-camera: mct: mct_pipeline_process_set: Adding new stream: id [0f]
07-04 08:40:47.443   523   523 D mm-camera: mct: mct_pipeline_process_set:command=8000012
07-04 08:40:47.443   523   523 D mm-camera: mct: mct_stream_start_link: Start linking Session-stream 0x1000f
07-04 08:40:47.443   523   523 I mm-camera: module_iface_set_mod_func: set module type = 8, identity 1000f
07-04 08:40:47.443   523   523 E mm-camera: isp_port_check_caps_reserve:737 port 0xf2661ac0 ide 1000f type 10 dim 0 0
07-04 08:40:47.443   523   523 E mm-camera: int_link = 0xf26680e0
07-04 08:40:47.443   523   523 I mm-camera: pproc_port_add_modules_to_stream:433, linking mods tmod and c2d
07-04 08:40:47.448   943  1526 W StorageManagerService: No primary storage defined yet; hacking together a stub
07-04 08:40:47.450   943  1526 W StorageManagerService: No primary storage mounted!
07-04 08:40:47.450   943  1526 D VoldConnector: SND -> {2 asec list}
07-04 08:40:47.449   943  1526 W StorageManagerService: No primary storage defined yet; hacking together a stub
07-04 08:40:47.450   523   523 I mm-camera: pproc_port_add_modules_to_stream:433, linking mods c2d and cpp
07-04 08:40:47.451   523   523 E mm-camera: Interleaved flag is 0, identity 65551 port type 0
07-04 08:40:47.451   523   523 I mm-camera: pproc_port_add_modules_to_stream:433, linking mods cpp and afs
07-04 08:40:47.451   523   523 I mm-camera: pproc_port_add_modules_to_stream:433, linking mods afs and llvd
07-04 08:40:47.451   523   523 I mm-camera: pproc_port_add_modules_to_stream:433, linking mods llvd and ezt
07-04 08:40:47.451   523   523 E mm-camera: pproc_port_add_modules_to_stream:454] X rc: 1
07-04 08:40:47.451   943  1557 D VoldConnector: RCV <- {200 2 asec operation succeeded}
07-04 08:40:47.463   419   419 I Zygote  : ...preloaded 4715 classes in 1032ms.
07-04 08:40:47.472   419   419 I zygote  : VMRuntime.preloadDexCaches starting
07-04 08:40:47.482   943   943 D SystemServerTiming: StartTextServicesManager took to complete: 123ms
07-04 08:40:47.482   943   943 I SystemServer: StartNetworkScoreService
07-04 08:40:47.484   523   523 D mm-camera: mct: mct_pipeline_process_set: Linking successful for stream 0x1000f stream type=10
07-04 08:40:47.487   943   943 D SystemServerTiming: StartNetworkScoreService took to complete: 4ms
07-04 08:40:47.487   943   943 I SystemServer: StartNetworkStatsService
07-04 08:40:47.507   943   943 D SystemServerTiming: StartNetworkStatsService took to complete: 18ms
07-04 08:40:47.507   943   943 I SystemServer: StartNetworkPolicyManagerService
07-04 08:40:47.520   511   511 D mm-jpeg-intf: Max picture size 5312 x 2988, WorkBufSize = 23967744
07-04 08:40:47.521   943  1789 I ServiceThread: Enabled StrictMode logging for NetworkPolicy.uid looper.
07-04 08:40:47.523   943   943 D SystemServerTiming: StartNetworkPolicyManagerService took to complete: 16ms
07-04 08:40:47.523   943   943 I SystemServer: StartWifi
07-04 08:40:47.531   511   511 I qomx_image_core: OMX_Init:95] Complete 3
07-04 08:40:47.533   943   943 I SystemServiceManager: Starting com.android.server.wifi.WifiService
07-04 08:40:47.548   511   511 E QCameraHWI_Mem: void qcamera::QCameraMemory::traceLogAllocStart(size_t, int, const char*):HeapMemsize 659104
07-04 08:40:47.548   511   511 E QCameraHWI_Mem: void qcamera::QCameraMemory::traceLogAllocStart(size_t, int, const char*):Memsize 659104
07-04 08:40:47.548   511   511 E QCameraHWI_Mem: void qcamera::QCameraMemory::traceLogAllocEnd(size_t) 659104
07-04 08:40:47.548   511   511 E QCameraHWI_Mem: void qcamera::QCameraMemory::traceLogAllocEnd(size_t) 659104
07-04 08:40:47.549   511   511 D QCameraParameters: int32_t qcamera::QCameraParameters::initDefaultParameters(): supported preview sizes: 2560x1440,1920x1440,2048x1536,2048x1080,1920x1080,1776x1080,1440x1080,1280x960,1280x720,960x720,864x480,880x720,848x480,800x480,768x432,720x480,640x640,640x480,640x360,576x432,480x320,384x288,352x288,320x240,240x160,176x144
07-04 08:40:47.550   511   511 D QCameraParameters: int32_t qcamera::QCameraParameters::initDefaultParameters(): supported video sizes: 1920x1080,1280x960,1280x720,864x480,848x480,800x480,720x480,640x480,640x360,480x320,352x288,320x240,176x144,144x176
07-04 08:40:47.551   511   511 D QCameraParameters: int32_t qcamera::QCameraParameters::initDefaultParameters(): supported pic sizes: 5312x2988,3984x2988,3840x2160,3264x2448,3264x1836,2560x1920,2592x1944,2688x1512,2048x1536,1920x1080,1600x1200,1536x864,1280x960,1280x768,1280x720,1024x768,880x720,800x600,864x480,800x480,720x480,640x480,640x360,352x288,320x240,176x144
07-04 08:40:47.551   511   511 D QCameraParameters: int32_t qcamera::QCameraParameters::setPreviewFpsRange(int, int, int, int): Setting preview fps range 2000,30000
07-04 08:40:47.551   511   511 D QCameraParameters: int32_t qcamera::QCameraParameters::setPreviewFpsRange(int, int, int, int): Updated: minFps = 2000, maxFps = 30000 , vid minFps = 2000, vid maxFps = 30000
07-04 08:40:47.551   511   511 D QCamera2HWI: int qcamera::QCamera2HardwareInterface::calcThermalLevel(qcamera::qcamera_thermal_level_enum_t, int, int, cam_fps_range_t&, msm_vfe_frame_skip_pattern&): level: 0, preview minfps 2000.000000, preview maxfpS 30000.000000, video minfps 2000.000000, video maxfpS 30000.000000
07-04 08:40:47.551   511   511 D QCamera2HWI: int qcamera::QCamera2HardwareInterface::calcThermalLevel(qcamera::qcamera_thermal_level_enum_t, int, int, cam_fps_range_t&, msm_vfe_frame_skip_pattern&): Thermal level 0, FPS [2.00,30.00, 2.00,30.00], frameskip 0
07-04 08:40:47.551   511   511 D QCameraParameters: int32_t qcamera::QCameraParameters::setPreviewFpsRange(int, int, int, int): Thermal adjusted Preview fps range 2.00,30.00, 2.00, 30.00
07-04 08:40:47.551   511   511 D QCameraParameters: int32_t qcamera::QCameraParameters::initDefaultParameters(): supported fps rates: 2,3,4,5,6,7,8,9,10,11,12,13,14,15,16,17,18,19,20,21,22,23,24,25,26,27,28,29,30
07-04 08:40:47.551   511   511 D QCameraParameters: int32_t qcamera::QCameraParameters::setFocusMode(const char*): Setting focus mode auto
07-04 08:40:47.551   511   511 D QCameraParameters: initDefaultParameters: setting KEY_FOCUS_DISTANCES as 0.100000,0.150000,0.170000
07-04 08:40:47.552   511   511 D QCameraParameters: int32_t qcamera::QCameraParameters::setAutoExposure(const char*): Setting auto exposure center-weighted
07-04 08:40:47.552   511   511 D QCameraParameters: int32_t qcamera::QCameraParameters::setAntibanding(const char*): Setting AntiBanding value auto
07-04 08:40:47.554   511   511 D QCameraParameters: int32_t qcamera::QCameraParameters::setFlash(const char*): Setting Flash value off
07-04 08:40:47.554   511   511 D QCameraParameters: int32_t qcamera::QCameraParameters::setISOValue(const char*): Setting ISO value auto
07-04 08:40:47.554   511   511 D QCameraParameters: int32_t qcamera::QCameraParameters::initDefaultParameters(), Exposure time min 0.034133 ms, max 29377.348000 ms
07-04 08:40:47.554   511   511 D QCameraParameters: int32_t qcamera::QCameraParameters::initDefaultParameters(), ISO min 50, max 800
07-04 08:40:47.557   511   511 D QCameraParameters: int32_t qcamera::QCameraParameters::setZoom(int): zoom level: 0
07-04 08:40:47.558   511   511 I QCameraParameters: int32_t qcamera::QCameraParameters::initDefaultParameters(): setting Exposure Bracketing value of 0,10,-9
07-04 08:40:47.558   511   511 D QCameraParameters: int32_t qcamera::QCameraParameters::setAEBracket(const char*), EXP_BRACKETING_OFF
07-04 08:40:47.558   511   511 D QCameraParameters: int32_t qcamera::QCameraParameters::setAFBracket(const char*): afBracketStr =af-bracket-off
07-04 08:40:47.558   511   511 D QCameraParameters: int32_t qcamera::QCameraParameters::setReFocus(const char*): reFocusStr =re-focus-off
07-04 08:40:47.558   511   511 D QCameraParameters: int32_t qcamera::QCameraParameters::setChromaFlash(const char*): chromaFlashStr =chroma-flash-off
07-04 08:40:47.558   511   511 D QCameraParameters: int32_t qcamera::QCameraParameters::setOptiZoom(const char*): optiZoomStr =opti-zoom-off
07-04 08:40:47.558   511   511 D QCameraParameters: int32_t qcamera::QCameraParameters::setSeeMore(const char*): seeMoreStr =off
07-04 08:40:47.558   511   511 D QCameraParameters: int32_t qcamera::QCameraParameters::setToneMapMode(uint32_t, bool): tone map mode 1 
07-04 08:40:47.558   511   511 D QCameraParameters: int32_t qcamera::QCameraParameters::setAecLock(const char*): Setting AECLock value false
07-04 08:40:47.558   511   511 D QCameraParameters: int32_t qcamera::QCameraParameters::setAwbLock(const char*): Setting AWBLock value false
07-04 08:40:47.558   511   511 D QCameraParameters: int32_t qcamera::QCameraParameters::initDefaultParameters(): totalram = -1334202368, freeram = 2022158336 
07-04 08:40:47.558   511   511 D QCameraParameters: void qcamera::QCameraParameters::setOfflineRAW(): Offline Raw  0
07-04 08:40:47.558   511   511 E LGCameraParameters: void qcamera::QCameraParameters::initDefaultParametersEx(): multi_window_af_supported = 1
07-04 08:40:47.559   511   511 E LGCameraParameters: createMultiWindowString: (-280,-280,0,0,1),(-140,-420,140,-140,1),(0,-280,280,0,1),(-420,-140,-140,140,1),(-140,-140,140,140,1),(140,-140,420,140,1),(-280,0,0,280,1),(-140,140,140,420,1),(0,0,280,280,1),(-220,-220,220,220,1)
07-04 08:40:47.559   511   511 E LGCameraParameters: createMultiWindowString: (720,720,1000,1000,1),(860,580,1140,860,1),(1000,720,1280,1000,1),(580,860,860,1140,1),(860,860,1140,1140,1),(1140,860,1420,1140,1),(720,1000,1000,1420,1),(860,1140,1140,1420,1),(1000,1000,1280,1280,1)
07-04 08:40:47.571   511   511 D LGCameraParameters: int32_t qcamera::QCameraParameters::setLG_ISOcontrol(const char*): Setting ISO value auto
07-04 08:40:47.571   511   511 E LGCameraParameters: int32_t qcamera::QCameraParameters::setBeautyLevel(int) : [ARC_BEAUTY] beautylevel = 0
07-04 08:40:47.573   523  1763 E mm-camera: sensor_set_frame_rate:1176max fps 30.000000 min fps 2.000000,fixed_frame_rate=0 
07-04 08:40:47.573   523  1763 E mm-camera: iface_util_set_hfr: can't find hw stream, only save hfr mode
07-04 08:40:47.579   511   511 D QCameraParameters: int32_t qcamera::QCameraParameters::setNumOfSnapshot(): nBurstNum = 1, nExpnum = 1
07-04 08:40:47.581   511   511 I Thermal-Lib: Thermal-Lib-Client: Registraion successful for camera with handle:1
07-04 08:40:47.587   511   511 I Thermal-Lib: Thermal-Lib-Client: Registraion successful for camcorder with handle:2
07-04 08:40:47.588   511   511 I QCamera2HWI: [KPI Perf] int qcamera::QCamera2HardwareInterface::openCamera(hw_device_t**): X PROFILE_OPEN_CAMERA camera id 0, rc: 0
07-04 08:40:47.588   511   511 E QCamera2HWI: int qcamera::QCamera2HardwareInterface::openCamera(hw_device_t**):[PREVIEW_COUNT] preview_count(1)
07-04 08:40:47.600   943   943 D WifiApConfigStore: 2G band allowed channels are:1,6,11
07-04 08:40:47.603   511   511 I CamDev@1.0-impl: Closing camera 0
07-04 08:40:47.603   511   511 I QCamera2HWI: [KPI Perf] static int qcamera::QCamera2HardwareInterface::close_camera_device(hw_device_t*): E
07-04 08:40:47.603   511  1427 D QCamera2HWI: static void* qcamera::QCamera2HardwareInterface::defferedWorkRoutine(void*): stop data proc
07-04 08:40:47.604   511   511 I QCamera2HWI: [KPI Perf] int qcamera::QCamera2HardwareInterface::closeCamera(): E PROFILE_CLOSE_CAMERA camera id 0
07-04 08:40:47.604   511   511 D QCameraParameters: bool qcamera::QCameraParameters::setStreamConfigure(bool, bool, bool): Done Resetting stream config!!
07-04 08:40:47.608   507   628 I ThermalEngine: Thermal-Server: Adding thermal event listener on fd 69
07-04 08:40:47.608   511  1832 I Thermal-Lib: Thermal-Lib-Client: Client received msg camera 0
07-04 08:40:47.608   511  1832 D QCamera2HWI: virtual int qcamera::QCamera2HardwareInterface::thermalEvtHandle(qcamera::qcamera_thermal_level_enum_t*, void*, void*): Camera is not opened, no need to handle thermal evt
07-04 08:40:47.608   511  1832 I Thermal-Lib: Thermal-Lib-Client: Client received msg camcorder 0
07-04 08:40:47.608   511  1832 D QCamera2HWI: virtual int qcamera::QCamera2HardwareInterface::thermalEvtHandle(qcamera::qcamera_thermal_level_enum_t*, void*, void*): Camera is not opened, no need to handle thermal evt
07-04 08:40:47.610   511   511 I qomx_image_core: OMX_Deinit:119] Complete
07-04 08:40:47.615   511   511 I Thermal-Lib: Thermal-Lib-Client: Unregisteration is successfull for handle:1
07-04 08:40:47.615   507   628 I ThermalEngine: Thermal-Server: removing client on fd 69
07-04 08:40:47.615   511   511 I Thermal-Lib: Thermal-Lib-Client: Unregisteration is successfull for handle:2
07-04 08:40:47.617   523  1763 D mm-camera: mct: mct_pipeline_process_set:command=800000b
07-04 08:40:47.617   523  1763 E mm-camera: mct: mct_pipeline_process_set:2966: Couldn't find stream id: 0
07-04 08:40:47.617   523   523 D mm-camera: mct: mct_controller_destroy: Initiating destroy sequence
07-04 08:40:47.617   511   511 I QCamera2HWI: [KPI Perf] int qcamera::QCamera2HardwareInterface::closeCamera(): X PROFILE_CLOSE_CAMERA camera id 0, rc: 0
07-04 08:40:47.617   511   511 E QCamera2HWI: int qcamera::QCamera2HardwareInterface::closeCamera():[PREVIEW_COUNT] preview_count(0)
07-04 08:40:47.619   523  1765 D mm-camera: mct: mct_bus_handler_thread_run: Force Exit
07-04 08:40:47.619   523   523 D mm-camera: mct: mct_controller_destroy: bus_handler thread closed
07-04 08:40:47.620   523   523 D mm-camera: mct: mct_pipeline_stop_session - E
07-04 08:40:47.620   523   523 D mm-camera: mct: mct_pipeline_process_set:command=800000b
07-04 08:40:47.620   523   523 D mm-camera: mct: mct_pipeline_process_set: Issuing DEL_STREAM on stream 0x1000f and stream type=10
07-04 08:40:47.620   523   523 E mm-camera: port_iface_ext_unlink_func: E, identity = 0x1000f, port = 0xf2923620, direction = 2
07-04 08:40:47.620   523   523 E mm-camera: port_iface_check_caps_unreserve_func:  E, identity = 0x1000f, port = 0xf2923620, direction = 2
07-04 08:40:47.620   523   523 E mm-camera: iface_unreserve_sink_port: stream_id f mode 0 
07-04 08:40:47.620   523   523 E mm-camera: port_iface_ext_unlink_func: E, identity = 0x1000f, port = 0xf2923920, direction = 1
07-04 08:40:47.620   523   523 E mm-camera: iface_ext_unlink_src_port: mct stream already removed from hw stream
07-04 08:40:47.620   523   523 E mm-camera: port_iface_check_caps_unreserve_func:  E, identity = 0x1000f, port = 0xf2923920, direction = 1
07-04 08:40:47.620   523   523 E mm-camera: isp_port_check_caps_unreserve:826 ide 1000f port 0xf2661ac0
07-04 08:40:47.622   523   523 E mm-camera: module_afs_port_check_caps_unreserve:1524] 
07-04 08:40:47.622   523   523 E mm-camera: module_afs_port_check_caps_unreserve:1532] destroy client
07-04 08:40:47.622   523   523 E mm-camera: module_imgbase_port_release_client_llvd:1553] 
07-04 08:40:47.622   523   523 E mm-camera: q3a_thread_af_stop:1019  q3a_thread_af_stop:1019 MSG_STOP_THREAD
07-04 08:40:47.624   511   511 E QCamera2HWI: int qcamera::QCamera2HardwareInterface::closeCamera():[PREVIEW_COUNT][LOAD] preview_count(0) // MultiView(0)
07-04 08:40:47.624   511   511 I QCamera2HWI: [KPI Perf] static int qcamera::QCamera2HardwareInterface::close_camera_device(hw_device_t*): X
07-04 08:40:47.624   511   511 I CameraProviderManager: Enumerating new camera device: device@3.3/legacy/0
07-04 08:40:47.624   511   511 I CameraProviderManager: Enumerating new camera device: device@1.0/legacy/1
07-04 08:40:47.628   511   511 I CamDev@1.0-impl: Opening camera 1
07-04 08:40:47.628   511   511 I QCamera2Factory: :static int qcamera::QCamera2Factory::openLegacy(int32_t, uint32_t, hw_device_t**) openLegacy halVersion: 256
07-04 08:40:47.629   511   511 D vndksupport: Loading /odm/lib/hw/power.msm8992.so from current namespace instead of sphal namespace.
07-04 08:40:47.633   523   523 E mm-camera: stats_port_delete_reserved_stream:2602  stats_port_delete_reserved_stream:2602: going to NULL peer
07-04 08:40:47.633   523   523 D mm-camera: mct: mct_pipeline_process_set: Stream 0x1000f and stream type=10, successfully deleted
07-04 08:40:47.637   511  1859 D QCamera2HWI: static void* qcamera::QCamera2HardwareInterface::defferedWorkRoutine(void*): start data proc
07-04 08:40:47.638   511   511 I QCamera2HWI: [KPI Perf] int qcamera::QCamera2HardwareInterface::openCamera(hw_device_t**): E PROFILE_OPEN_CAMERA camera id 1
07-04 08:40:47.640   523  1861 D mm-camera: mct: mct_pipeline_stop_session_thread: Stop module name: sensor - E
07-04 08:40:47.640   523  1861 E mm-camera: module_sensor_deinit_session:1545trying to delete thread
07-04 08:40:47.640   523  1861 E mm-camera-sensor: proxy_thread_delete:259p_thread,trying to delete thread
07-04 08:40:47.640   523  1861 E mm-camera-sensor: send_thread_exit_msg:219p_thread, exit_thread 0
07-04 08:40:47.640   523  1861 E mm-camera-sensor: send_thread_exit_msg:223p_thread, exit_thread 1
07-04 08:40:47.646   523  1861 E mm-camera: module_sensor_deinit_session:1547proxy_thread_deleted!
07-04 08:40:47.646   523  1861 E mm-camera: module_sensor_deinit_session:1551try to stop proxy kernel workqueue!
07-04 08:40:47.646   523  1861 E mm-camera-sensor: sensor_proxy_thread_off:215enter
07-04 08:40:47.647   523  1865 D mm-camera: mct: mct_pipeline_stop_session_thread: Stop module name: iface - E
07-04 08:40:47.648   523  1865 D mm-camera: mct: mct_pipeline_stop_session_thread: Stop module name: iface - X
07-04 08:40:47.657   419   419 I zygote  : VMRuntime.preloadDexCaches strings total=314618 before=10228 after=10228
07-04 08:40:47.657   419   419 I zygote  : VMRuntime.preloadDexCaches types total=26721 before=5497 after=5499
07-04 08:40:47.657   419   419 I zygote  : VMRuntime.preloadDexCaches fields total=127742 before=5508 after=5538
07-04 08:40:47.657   419   419 I zygote  : VMRuntime.preloadDexCaches methods total=225950 before=9948 after=9948
07-04 08:40:47.657   419   419 I zygote  : VMRuntime.preloadDexCaches finished
07-04 08:40:47.657   419   419 D ZygoteInitTiming_lazy: PreloadClasses took to complete: 1226ms
07-04 08:40:47.661   523  1870 D mm-camera: mct: mct_pipeline_stop_session_thread: Stop module name: isp - E
07-04 08:40:47.661   523  1870 E mm-camera-isp2: isp_module_stop_session:414 session id 1
07-04 08:40:47.668   523  1870 D mm-camera: mct: mct_pipeline_stop_session_thread: Stop module name: isp - X
07-04 08:40:47.669   523  1881 D mm-camera: mct: mct_pipeline_stop_session_thread: Stop module name: stats - E
07-04 08:40:47.675   943  1813 E HalDeviceManager: isSupported: called but mServiceManager is null!?
07-04 08:40:47.675   943  1813 I WifiNative-wlan0: Vendor HAL not supported, Ignore stop...
07-04 08:40:47.675   943  1813 D WificondControl: tearing down interfaces in wificond
07-04 08:40:47.677   523  1881 E mm-camera: gyro_port_deinit:1446  gyro_port_deinit: Error in android Deinit
07-04 08:40:47.677   523  1881 I CAMERA_SENSOR: stop_accel_sensor
07-04 08:40:47.679   523  1736 I CAMERA_SENSOR: accel_data_cb received RESP - SNS_SMGR_CANCEL_RESP_V01
07-04 08:40:47.681   523  1881 D mm-camera: mct: mct_pipeline_stop_session_thread: Stop module name: stats - X
07-04 08:40:47.682   523  1885 D mm-camera: mct: mct_pipeline_stop_session_thread: Stop module name: pproc - E
07-04 08:40:47.683   943   943 D WifiController: isAirplaneModeOn = false, isWifiEnabled = true, isScanningAvailable = true
07-04 08:40:47.683   523  1861 E mm-camera: module_sensor_deinit_session:1567trying to delete thread
07-04 08:40:47.684   523  1861 E mm-camera-sensor: tcs_thread_delete:303tcs_thread, trying to delete thread
07-04 08:40:47.684   523  1861 E mm-camera: module_sensor_deinit_session:1569tcs_thread_deleted!
07-04 08:40:47.684   523  1861 E mm-camera: module_sensor_deinit_session:1571try to stop tcs kernel workqueue!
07-04 08:40:47.688   417   438 D CommandListener: Clearing all IP addresses on wlan0
07-04 08:40:47.690   943   943 I WifiService: getVerboseLoggingLevel uid=1000
07-04 08:40:47.691   523  1885 E mm-camera-pp: [INFO] base_module_stop_session:98, E, session=1
07-04 08:40:47.691   523  1905 D mm-camera: mct: mct_pipeline_stop_session_thread: Stop module name: imglib - E
07-04 08:40:47.692   523  1905 E mm-camera: module_faceproc_stop_session:1885] session cnt 1
07-04 08:40:47.692   523  1861 E mm-camera-sensor: proxy_power_down:47enter
07-04 08:40:47.692   523   523 D mm-camera: mct: mct_pipeline_stop_session: left modules: 5
07-04 08:40:47.692   523   523 D mm-camera: mct: mct_pipeline_stop_session: left modules: 4
07-04 08:40:47.692   523  1885 E mm-camera-pp: [INFO] base_module_stop_session:98, E, session=1
07-04 08:40:47.692   523   523 D mm-camera: mct: mct_pipeline_stop_session: left modules: 3
07-04 08:40:47.693   943   943 E SupplicantStaIfaceHal: Can't call setDebugParams, ISupplicant is null
07-04 08:40:47.694   943   943 W WifiDiags: no ring buffers found
07-04 08:40:47.694   943   943 W WifiDiags: Failed to start packet fate monitoring
07-04 08:40:47.694   943   943 I WifiService: Registering wifi
07-04 08:40:47.695   943   943 D SystemServerTiming: StartWifi took to complete: 171ms
07-04 08:40:47.695   523  1885 D mm-camera: mct: mct_pipeline_stop_session_thread: Stop module name: pproc - X
07-04 08:40:47.695   943   943 I SystemServer: StartWifiScanning
07-04 08:40:47.695   523   523 D mm-camera: mct: mct_pipeline_stop_session: left modules: 2
07-04 08:40:47.696   943   943 I SystemServiceManager: Starting com.android.server.wifi.scanner.WifiScanningService
07-04 08:40:47.696   943   943 I WifiScanningService: Creating wifiscanner
07-04 08:40:47.698   523  1905 D mm-camera: mct: mct_pipeline_stop_session_thread: Stop module name: imglib - X
07-04 08:40:47.698   523   523 D mm-camera: mct: mct_pipeline_stop_session: left modules: 1
07-04 08:40:47.700   943   943 I WifiScanningService: Publishing wifiscanner
07-04 08:40:47.702   943   943 D SystemServerTiming: StartWifiScanning took to complete: 7ms
07-04 08:40:47.702   943   943 I SystemServer: StartWifiRtt
07-04 08:40:47.702   943   943 I SystemServiceManager: Starting com.android.server.wifi.RttService
07-04 08:40:47.703   943   943 I RttService: Creating rttmanager
07-04 08:40:47.705   943   943 I RttService: Starting rttmanager
07-04 08:40:47.706   943   943 D SystemServerTiming: StartWifiRtt took to complete: 5ms
07-04 08:40:47.706   943   943 I SystemServer: No Wi-Fi Aware Service (Aware support Not Present)
07-04 08:40:47.706   943   943 I SystemServer: StartWifiP2P
07-04 08:40:47.707   943   943 I SystemServiceManager: Starting com.android.server.wifi.p2p.WifiP2pService
07-04 08:40:47.713   943   943 I WifiP2pService: Registering wifip2p
07-04 08:40:47.715   943   943 D SystemServerTiming: StartWifiP2P took to complete: 8ms
07-04 08:40:47.715   943   943 I SystemServer: StartEthernet
07-04 08:40:47.718   943   943 I SystemServiceManager: Starting com.android.server.ethernet.EthernetService
07-04 08:40:47.719   943   943 I EthernetServiceImpl: Creating EthernetConfigStore
07-04 08:40:47.721   523  1861 E mm-camera: sensor_close:4609ctrl->isStreaming make false
07-04 08:40:47.722   523  1861 D mm-camera: mct: mct_pipeline_stop_session_thread: Stop module name: sensor - X
07-04 08:40:47.722   523   523 D mm-camera: mct: mct_pipeline_stop_session: left modules: 0
07-04 08:40:47.722   523   523 D mm-camera: mct: mct_pipeline_stop_session - X
07-04 08:40:47.722   523   523 D mm-camera: mct: mct_pipeline_destroy E: session:1 
07-04 08:40:47.723   523   523 D mm-camera: mct: mct_pipeline_destroy X: Pipeline destroyed successfully
07-04 08:40:47.723   523   523 D mm-camera: mct: mct_controller_destroy: X Successfully closed mct_controller
07-04 08:40:47.723   523   523 D mm-camera: mct: mct_controller_new: Creating new mct_controller with session-id 2
07-04 08:40:47.726   943   943 E IpConfigStore: Error opening configuration file: java.io.FileNotFoundException: /data/misc/ethernet/ipconfig.txt (No such file or directory)
07-04 08:40:47.726   943   943 W EthernetConfigStore: No Ethernet configuration found. Using default.
07-04 08:40:47.726   943   943 I EthernetServiceImpl: Read stored IP configuration: IP assignment: DHCP
07-04 08:40:47.726   943   943 I EthernetServiceImpl: Proxy settings: NONE
07-04 08:40:47.727   943   943 I EthernetService: Registering service ethernet
07-04 08:40:47.728   523  1934 D mm-camera: mct: mct_pipeline_start_session_thread: E sensor
07-04 08:40:47.728   943   943 D SystemServerTiming: StartEthernet took to complete: 12ms
07-04 08:40:47.728   943   943 I SystemServer: StartConnectivityService
07-04 08:40:47.737   523  1940 D mm-camera: mct: mct_pipeline_start_session_thread: E iface
07-04 08:40:47.739   523  1943 D mm-camera: mct: mct_pipeline_start_session_thread: E isp
07-04 08:40:47.740   523  1943 E mm-camera-isp2: isp_module_start_session:178 session id 2
07-04 08:40:47.742   523  1940 D mm-camera: mct: mct_pipeline_start_session_thread: X stats
07-04 08:40:47.746   523  1934 E mm-camera: module_sensor_init_session:1245eeprom_name = t4ka3_eeprom
07-04 08:40:47.751   943   943 D ConnectivityService: ConnectivityService starting up
07-04 08:40:47.752   523  1948 D mm-camera: mct: mct_pipeline_start_session_thread: E stats
07-04 08:40:47.753   523  1948 E mm-camera: tcc_init: TCC ver.150418a
07-04 08:40:47.755   943   943 D ConnectivityService: wifiOnly=false
07-04 08:40:47.756   943   943 E ConnectivityService: Ignoring protectedNetwork 15
07-04 08:40:47.758   523  1959 D mm-camera: mct: mct_pipeline_start_session_thread: E pproc
07-04 08:40:47.765   523  1948 E mm-camera: sensor_laser_init:144  HW module: id: sensors name: STMicroelectronics VL53L0 sensor module
07-04 08:40:47.766   523  1948 E Sensors : openInput
07-04 08:40:47.766   523  1948 E Sensors : devname: /dev/input/event4
07-04 08:40:47.766   523  1962 D mm-camera: mct: mct_pipeline_start_session_thread: E imglib
07-04 08:40:47.767   523  1943 E mm-camera-isp2: isp_module_start_session:347 num_session_opened 1
07-04 08:40:47.767   523  1943 D mm-camera: mct: mct_pipeline_start_session_thread: X imglib
07-04 08:40:47.767   523  1962 E mm-camera: module_faceproc_start_session:1844] session cnt 1
07-04 08:40:47.770   523  1962 D mm-camera: mct: mct_pipeline_start_session_thread: X imglib
07-04 08:40:47.778   523  1934 E mm-camera: module_sensor_init_session:1277flash subdev id = -1
07-04 08:40:47.779   523  1948 E Sensors : devname: /dev/input/event3
07-04 08:40:47.791   943   943 D SystemServerTiming: StartConnectivityService took to complete: 63ms
07-04 08:40:47.791   943   943 I SystemServer: StartNsdService
07-04 08:40:47.793   523  1934 E mm-camera: module_sensor_start_session:1684SUCCESS
07-04 08:40:47.793   523  1934 D mm-camera: mct: mct_pipeline_start_session_thread: X imglib
07-04 08:40:47.797   943   943 D NsdService: Network service discovery is enabled
07-04 08:40:47.807   523  1948 E Sensors : devname: /dev/input/event1
07-04 08:40:47.819   943   943 D SystemServerTiming: StartNsdService took to complete: 28ms
07-04 08:40:47.819   943   943 I SystemServer: StartUpdateLockService
07-04 08:40:47.822   943   943 D SystemServerTiming: StartUpdateLockService took to complete: 3ms
07-04 08:40:47.822   943   943 I SystemServer: WaitForAsecScan
07-04 08:40:47.822   943   943 D SystemServerTiming: WaitForAsecScan took to complete: 0ms
