--------- beginning of main
02-14 17:11:04.528   447   447 W auditd  : type=2000 audit(0.0:1): initialized
02-14 17:11:05.623   447   447 I auditd  : type=1403 audit(0.0:2): policy loaded auid=4294967295 ses=4294967295
02-14 17:11:05.670     1     1 I init    : type=1400 audit(0.0:3): avc: denied { create } for name="firmware" scontext=u:r:init:s0 tcontext=u:object_r:firmware_file:s0 tclass=dir permissive=1
02-14 17:11:05.670     1     1 I init    : type=1400 audit(0.0:4): avc: denied { associate } for name="firmware" scontext=u:object_r:firmware_file:s0 tcontext=u:object_r:rootfs:s0 tclass=filesystem permissive=1
02-14 17:11:05.670     1     1 I init    : type=1400 audit(0.0:5): avc: denied { setattr } for name="firmware" dev="rootfs" ino=14860 scontext=u:r:init:s0 tcontext=u:object_r:firmware_file:s0 tclass=dir permissive=1
02-14 17:11:05.670     1     1 I init    : type=1400 audit(0.0:6): avc: denied { create } for name="bt_firmware" scontext=u:r:init:s0 tcontext=u:object_r:bt_firmware_file:s0 tclass=dir permissive=1
02-14 17:11:05.670     1     1 I init    : type=1400 audit(0.0:7): avc: denied { associate } for name="bt_firmware" scontext=u:object_r:bt_firmware_file:s0 tcontext=u:object_r:rootfs:s0 tclass=filesystem permissive=1
02-14 17:11:05.670     1     1 I init    : type=1400 audit(0.0:8): avc: denied { setattr } for name="bt_firmware" dev="rootfs" ino=14861 scontext=u:r:init:s0 tcontext=u:object_r:bt_firmware_file:s0 tclass=dir permissive=1
02-14 17:11:06.593   448   448 I SELinux : SELinux: Loaded service_contexts from:
02-14 17:11:06.594   448   448 I SELinux :     /plat_service_contexts
02-14 17:11:06.595   448   448 I SELinux :     /nonplat_service_contexts
02-14 17:11:06.596   450   450 I SELinux : SELinux: Loaded service_contexts from:
02-14 17:11:06.597   450   450 I SELinux :     /vndservice_contexts
02-14 17:11:06.617   449   449 E hwservicemanager: BINDER_SET_INHERIT_FIFO_PRIO failed with error -1
02-14 17:11:06.646   456   456 D vndksupport: Loading /odm/lib64/hw/android.hardware.keymaster@3.0-impl.so from current namespace instead of sphal namespace.
02-14 17:11:06.653   456   456 I android.hardware.keymaster@3.0-impl: Fetching keymaster device name default
02-14 17:11:06.654   456   456 D vndksupport: Loading /odm/lib64/hw/keystore.msm8996.so from current namespace instead of sphal namespace.
02-14 17:11:06.655   456   456 I android.hardware.keymaster@3.0-impl: Found keymaster1 module Keymaster QTI HAL, version 100
--------- beginning of system
02-14 17:11:06.663   457   457 I vold    : Vold 3.0 (the awakening) firing up
02-14 17:11:06.664   457   457 V vold    : Detected support for: exfat ext4 f2fs ntfs vfat
02-14 17:11:06.678   457   462 D vold    : e4crypt_init_user0
02-14 17:11:06.678   457   462 D vold    : e4crypt_prepare_user_storage for volume null, user 0, serial 0, flags 1
02-14 17:11:06.678   457   462 D vold    : Preparing: /data/system/users/0
02-14 17:11:06.679   457   462 D vold    : Preparing: /data/misc/profiles/cur/0
02-14 17:11:06.679   457   462 D vold    : Preparing: /data/system_de/0
02-14 17:11:06.679   457   462 D vold    : Preparing: /data/misc_de/0
02-14 17:11:06.679   457   462 D vold    : Preparing: /data/user_de/0
02-14 17:11:06.680   457   462 D vold    : e4crypt_unlock_user_key 0 serial=0 token_present=0
02-14 17:11:06.690   464   464 I /system/bin/tzdatacheck: timezone distro dir /data/misc/zoneinfo/current does not exist. No action required.
02-14 17:11:06.771   467   467 I Netd    : Netd 1.0 starting
02-14 17:11:06.774   467   467 D TetherController: Setting IP forward enable = 0
02-14 17:11:06.802   467   467 I Netd    : Creating child chains: 20.0ms
02-14 17:11:06.802   467   467 I Netd    : Setting up OEM hooks: 0.5ms
02-14 17:11:06.812   467   467 I Netd    : Setting up FirewallController hooks: 10.5ms
02-14 17:11:06.817   467   467 I Netd    : Setting up NatController hooks: 4.3ms
02-14 17:11:06.818   467   467 I Netd    : Setting up BandwidthController hooks: 1.9ms
02-14 17:11:06.819   467   467 I Netd    : Setting up IdletimerController hooks: 0.1ms
02-14 17:11:06.822   467   467 I Netd    : Disabling bandwidth control: 3.7ms
02-14 17:11:06.864   467   467 I Netd    : Initializing RouteController: 42.1ms
02-14 17:11:06.865   467   467 E Netd    : Unable to create netlink socket: Protocol not supported
02-14 17:11:06.865   467   467 W Netd    : Unable to open qlog quota socket, check if xt_quota2 can send via UeventHandler
02-14 17:11:06.866   467   467 D MDnsDS  : MDnsSdListener::Hander starting up
02-14 17:11:06.866   467   477 D MDnsDS  : MDnsSdListener starting to monitor
02-14 17:11:06.866   467   477 D MDnsDS  : Going to poll with pollCount 1
02-14 17:11:06.868   467   467 I Netd    : Registering NetdNativeService: 1.8ms
02-14 17:11:06.868   467   467 I Netd    : Starting CommandListener: 0.2ms
02-14 17:11:06.870   467   467 I Netd    : Registering NetdHwService: 2.1ms
02-14 17:11:06.870   467   467 I Netd    : Netd started in 99ms
02-14 17:11:06.940   488   488 I ServiceManagement: Removing namespace from process name android.hidl.allocator@1.0-service to allocator@1.0-s.
02-14 17:11:07.003   511   511 I init    : type=1400 audit(0.0:9): avc: denied { execute_no_trans } for path="/system/vendor/bin/hw/android.hardware.power@1.0-service-qti" dev="sde20" ino=2522 scontext=u:r:init:s0 tcontext=u:object_r:vendor_file:s0 tclass=file permissive=1
02-14 17:11:07.032   497   497 W /vendor/bin/hw/android.hardware.configstore@1.0-service: libminijail[497]: allowing syscall: connect
02-14 17:11:07.033   497   497 W /vendor/bin/hw/android.hardware.configstore@1.0-service: libminijail[497]: allowing syscall: fcntl
02-14 17:11:07.033   497   497 W /vendor/bin/hw/android.hardware.configstore@1.0-service: libminijail[497]: allowing syscall: sendto
02-14 17:11:07.033   497   497 W /vendor/bin/hw/android.hardware.configstore@1.0-service: libminijail[497]: allowing syscall: socket
02-14 17:11:07.033   497   497 W /vendor/bin/hw/android.hardware.configstore@1.0-service: libminijail[497]: allowing syscall: writev
02-14 17:11:07.036   497   497 W /vendor/bin/hw/android.hardware.configstore@1.0-service: libminijail[497]: logging seccomp filter failures
02-14 17:11:07.037   497   497 I ServiceManagement: Removing namespace from process name android.hardware.configstore@1.0-service to configstore@1.0.
02-14 17:11:07.039   501   501 D vndksupport: Loading /odm/lib64/hw/android.hardware.graphics.allocator@2.0-impl.so from current namespace instead of sphal namespace.
02-14 17:11:07.056   501   501 D vndksupport: Loading /odm/lib64/hw/gralloc.msm8996.so from current namespace instead of sphal namespace.
02-14 17:11:07.068   491   491 D vndksupport: Loading /odm/lib64/hw/android.hardware.bluetooth@1.0-impl.so from current namespace instead of sphal namespace.
02-14 17:11:07.104   500   500 D vndksupport: Loading /odm/lib64/hw/android.hardware.gatekeeper@1.0-impl.so from current namespace instead of sphal namespace.
02-14 17:11:07.104   501   501 I ServiceManagement: Removing namespace from process name android.hardware.graphics.allocator@2.0-service to allocator@2.0-s.
02-14 17:11:07.105   491   491 I ServiceManagement: Removing namespace from process name android.hardware.bluetooth@1.0-service to bluetooth@1.0-s.
02-14 17:11:07.105   506   506 D vndksupport: Loading /odm/lib64/hw/android.hardware.health@1.0-impl.so from current namespace instead of sphal namespace.
02-14 17:11:07.105   500   500 D vndksupport: Loading /odm/lib64/hw/gatekeeper.msm8996.so from current namespace instead of sphal namespace.
02-14 17:11:07.106   503   503 D vndksupport: Loading /odm/lib64/hw/android.hardware.graphics.composer@2.1-impl.so from current namespace instead of sphal namespace.
02-14 17:11:07.108   500   500 D gatekeeper_device: HwGkOpen called
02-14 17:11:07.109   507   507 D vndksupport: Loading /odm/lib64/hw/android.hardware.light@2.0-impl.so from current namespace instead of sphal namespace.
02-14 17:11:07.114   503   503 D vndksupport: Loading /odm/lib64/hw/hwcomposer.msm8996.so from current namespace instead of sphal namespace.
02-14 17:11:07.116   468   468 D AndroidRuntime: >>>>>> START com.android.internal.os.ZygoteInit uid 0 <<<<<<
02-14 17:11:07.117   501   501 I android.hardware.graphics.allocator@2.0-service: Registration complete for android.hardware.graphics.allocator@2.0::IAllocator/default.
02-14 17:11:07.118   491   491 I android.hardware.bluetooth@1.0-service: Registration complete for android.hardware.bluetooth@1.0::IBluetoothHci/default.
02-14 17:11:07.119   507   507 D vndksupport: Loading /odm/lib64/hw/lights.msm8996.so from current namespace instead of sphal namespace.
02-14 17:11:07.122   506   506 I ServiceManagement: Removing namespace from process name android.hardware.health@1.0-service to health@1.0-serv.
02-14 17:11:07.122   507   507 D vndksupport: Loading /odm/lib64/hw/lights.msm8996.so from current namespace instead of sphal namespace.
02-14 17:11:07.123   507   507 E light   : light_open lights keyboard failed: -22
02-14 17:11:07.123   507   507 E light   : Light passthrough failed to load legacy HAL.
02-14 17:11:07.123   506   506 I android.hardware.health@1.0-service: Registration complete for android.hardware.health@1.0::IHealth/default.
02-14 17:11:07.123   507   507 D vndksupport: Loading /odm/lib64/hw/lights.msm8996.so from current namespace instead of sphal namespace.
02-14 17:11:07.123   507   507 I chatty  : uid=1000(system) light@2.0-servi identical 3 lines
02-14 17:11:07.123   507   507 D vndksupport: Loading /odm/lib64/hw/lights.msm8996.so from current namespace instead of sphal namespace.
02-14 17:11:07.123   507   507 E light   : light_open lights bluetooth failed: -22
02-14 17:11:07.124   507   507 E light   : Light passthrough failed to load legacy HAL.
02-14 17:11:07.124   507   507 D vndksupport: Loading /odm/lib64/hw/lights.msm8996.so from current namespace instead of sphal namespace.
02-14 17:11:07.124   507   507 E light   : light_open lights wifi failed: -22
02-14 17:11:07.124   507   507 E light   : Light passthrough failed to load legacy HAL.
02-14 17:11:07.127   507   507 I ServiceManagement: Removing namespace from process name android.hardware.light@2.0-service to light@2.0-servi.
02-14 17:11:07.135   507   507 I android.hardware.light@2.0-service: Registration complete for android.hardware.light@2.0::ILight/default.
02-14 17:11:07.139   508   508 D vndksupport: Loading /odm/lib64/hw/android.hardware.memtrack@1.0-impl.so from current namespace instead of sphal namespace.
02-14 17:11:07.141   468   468 I zygote64: option[0]=-Xzygote
02-14 17:11:07.142   468   468 I zygote64: option[1]=-Xusetombstonedtraces
02-14 17:11:07.142   468   468 I zygote64: option[2]=exit
02-14 17:11:07.142   468   468 I zygote64: option[3]=vfprintf
02-14 17:11:07.142   468   468 I zygote64: option[4]=sensitiveThread
02-14 17:11:07.142   468   468 I zygote64: option[5]=-verbose:gc
02-14 17:11:07.142   468   468 I zygote64: option[6]=-Xms16m
02-14 17:11:07.142   468   468 I zygote64: option[7]=-Xmx512m
02-14 17:11:07.142   468   468 I zygote64: option[8]=-XX:HeapGrowthLimit=256m
02-14 17:11:07.142   468   468 I zygote64: option[9]=-XX:HeapMinFree=4m
02-14 17:11:07.142   468   468 I zygote64: option[10]=-XX:HeapMaxFree=8m
02-14 17:11:07.142   468   468 I zygote64: option[11]=-XX:HeapTargetUtilization=0.75
02-14 17:11:07.142   468   468 I zygote64: option[12]=-Xusejit:true
02-14 17:11:07.142   468   468 I zygote64: option[13]=-Xjitsaveprofilinginfo
02-14 17:11:07.142   468   468 I zygote64: option[14]=-agentlib:jdwp=transport=dt_android_adb,suspend=n,server=y
02-14 17:11:07.142   468   468 I zygote64: option[15]=-Xlockprofthreshold:500
02-14 17:11:07.142   468   468 I zygote64: option[16]=-Ximage-compiler-option
02-14 17:11:07.142   468   468 I zygote64: option[17]=--runtime-arg
02-14 17:11:07.142   468   468 I zygote64: option[18]=-Ximage-compiler-option
02-14 17:11:07.142   468   468 I zygote64: option[19]=-Xms64m
02-14 17:11:07.142   468   468 I zygote64: option[20]=-Ximage-compiler-option
02-14 17:11:07.142   468   468 I zygote64: option[21]=--runtime-arg
02-14 17:11:07.142   468   468 I zygote64: option[22]=-Ximage-compiler-option
02-14 17:11:07.142   468   468 I zygote64: option[23]=-Xmx64m
02-14 17:11:07.142   468   468 I zygote64: option[24]=-Ximage-compiler-option
02-14 17:11:07.142   468   468 I zygote64: option[25]=--image-classes=/system/etc/preloaded-classes
02-14 17:11:07.142   468   468 I zygote64: option[26]=-Ximage-compiler-option
02-14 17:11:07.142   468   468 I zygote64: option[27]=--compiled-classes=/system/etc/compiled-classes
02-14 17:11:07.142   495   495 I android.hardware.camera.provider@2.4-service: Camera provider Service is starting.
02-14 17:11:07.142   468   468 I zygote64: option[28]=-Ximage-compiler-option
02-14 17:11:07.142   468   468 I zygote64: option[29]=--dirty-image-objects=/system/etc/dirty-image-objects
02-14 17:11:07.142   468   468 I zygote64: option[30]=-Xcompiler-option
02-14 17:11:07.142   468   468 I zygote64: option[31]=--runtime-arg
02-14 17:11:07.142   468   468 I zygote64: option[32]=-Xcompiler-option
02-14 17:11:07.142   468   468 I zygote64: option[33]=-Xms64m
02-14 17:11:07.142   468   468 I zygote64: option[34]=-Xcompiler-option
02-14 17:11:07.142   468   468 I zygote64: option[35]=--runtime-arg
02-14 17:11:07.142   468   468 I zygote64: option[36]=-Xcompiler-option
02-14 17:11:07.142   468   468 I zygote64: option[37]=-Xmx512m
02-14 17:11:07.142   468   468 I zygote64: option[38]=-Ximage-compiler-option
02-14 17:11:07.142   468   468 I zygote64: option[39]=--instruction-set-variant=kryo
02-14 17:11:07.142   468   468 I zygote64: option[40]=-Xcompiler-option
02-14 17:11:07.143   468   468 I zygote64: option[41]=--instruction-set-variant=kryo
02-14 17:11:07.143   468   468 I zygote64: option[42]=-Ximage-compiler-option
02-14 17:11:07.143   468   468 I zygote64: option[43]=--instruction-set-features=default
02-14 17:11:07.143   468   468 I zygote64: option[44]=-Xcompiler-option
02-14 17:11:07.143   468   468 I zygote64: option[45]=--instruction-set-features=default
02-14 17:11:07.143   468   468 I zygote64: option[46]=-Duser.locale=el-GR
02-14 17:11:07.143   468   468 I zygote64: option[47]=--cpu-abilist=arm64-v8a
02-14 17:11:07.143   468   468 I zygote64: option[48]=-Xfingerprint:OnePlus/OnePlus3/OnePlus3T:8.0.0/OPR6.170623.013/10250816:user/release-keys
02-14 17:11:07.144   510   510 D vndksupport: Loading /odm/lib64/hw/android.hardware.nfc@1.0-impl.so from current namespace instead of sphal namespace.
02-14 17:11:07.147   510   510 D vndksupport: Loading /odm/lib64/hw/nfc_nci.msm8996.so from current namespace instead of sphal namespace.
02-14 17:11:07.149   510   510 D NxpNfcNciHal: nfc_open: enter; name=nci
02-14 17:11:07.149   510   510 D NxpNfcNciHal: nfc_open: exit 0
02-14 17:11:07.150   508   508 D vndksupport: Loading /odm/lib64/hw/memtrack.msm8996.so from current namespace instead of sphal namespace.
02-14 17:11:07.153   511   511 W android.hardwar: type=1400 audit(0.0:10): avc: granted { open } for path="/dev/pmsg0" dev="tmpfs" ino=6957 scontext=u:r:init:s0 tcontext=u:object_r:pmsg_device:s0 tclass=chr_file
02-14 17:11:07.153   511   511 I power@1.0-servi: type=1400 audit(0.0:11): avc: denied { call } for scontext=u:r:init:s0 tcontext=u:r:hwservicemanager:s0 tclass=binder permissive=1
02-14 17:11:07.153   511   511 I power@1.0-servi: type=1400 audit(0.0:12): avc: denied { transfer } for scontext=u:r:init:s0 tcontext=u:r:hwservicemanager:s0 tclass=binder permissive=1
02-14 17:11:07.153   496   496 D android.hardware.cas@1.0-service: android.hardware.cas@1.0-service starting...
02-14 17:11:07.154   496   496 I ServiceManagement: Removing namespace from process name android.hardware.cas@1.0-service to cas@1.0-service.
02-14 17:11:07.155   510   510 I ServiceManagement: Removing namespace from process name android.hardware.nfc@1.0-service to nfc@1.0-service.
02-14 17:11:07.156   508   508 I ServiceManagement: Removing namespace from process name android.hardware.memtrack@1.0-service to memtrack@1.0-se.
02-14 17:11:07.158   511   511 I android.hardware.power@1.0-service-qti: Power HAL Service 1.0 for QCOM is starting.
02-14 17:11:07.158   511   511 I QCOM PowerHAL: QCOM power HAL initing.
02-14 17:11:07.158   511   511 I ServiceManagement: Removing namespace from process name android.hardware.power@1.0-service-qti to power@1.0-servi.
02-14 17:11:07.179   498   498 D android.hardware.drm@1.0-service: android.hardware.drm@1.0-service starting...
02-14 17:11:07.185   489   489 D vndksupport: Loading /odm/lib/hw/android.hardware.audio@2.0-impl.so from current namespace instead of sphal namespace.
02-14 17:11:07.198   526   526 I irsc_util: Starting irsc tool
02-14 17:11:07.207   526   526 I irsc_util: Num of entries:293
02-14 17:11:07.208   526   526 I irsc_util: Ending irsc tool
02-14 17:11:07.216   531   531 I init    : type=1400 audit(0.0:13): avc: denied { execute_no_trans } for path="/system/bin/sh" dev="sde20" ino=407 scontext=u:r:init:s0 tcontext=u:object_r:shell_exec:s0 tclass=file permissive=1
02-14 17:11:07.220   449   449 I hwservicemanage: type=1400 audit(0.0:14): avc: denied { search } for name="511" dev="proc" ino=15079 scontext=u:r:hwservicemanager:s0 tcontext=u:r:init:s0 tclass=dir permissive=1
02-14 17:11:07.220   449   449 I hwservicemanage: type=1400 audit(0.0:15): avc: denied { read } for name="current" dev="proc" ino=851 scontext=u:r:hwservicemanager:s0 tcontext=u:r:init:s0 tclass=file permissive=1
02-14 17:11:07.220   449   449 I hwservicemanage: type=1400 audit(0.0:16): avc: denied { open } for path="/proc/511/attr/current" dev="proc" ino=851 scontext=u:r:hwservicemanager:s0 tcontext=u:r:init:s0 tclass=file permissive=1
02-14 17:11:07.220   449   449 I hwservicemanage: type=1400 audit(0.0:17): avc: denied { getattr } for scontext=u:r:hwservicemanager:s0 tcontext=u:r:init:s0 tclass=process permissive=1
02-14 17:11:07.220   449   449 I hwservicemanage: type=1400 audit(0.0:18): avc: denied { call } for scontext=u:r:hwservicemanager:s0 tcontext=u:r:init:s0 tclass=binder permissive=1
02-14 17:11:07.223   510   510 I android.hardware.nfc@1.0-service: Registration complete for android.hardware.nfc@1.0::INfc/default.
02-14 17:11:07.224   508   508 I android.hardware.memtrack@1.0-service: Registration complete for android.hardware.memtrack@1.0::IMemtrack/default.
02-14 17:11:07.225   449   449 E SELinux : avc:  denied  { add } for interface=android.hardware.power::IPower pid=511 scontext=u:r:init:s0 tcontext=u:object_r:hal_power_hwservice:s0 tclass=hwservice_manager permissive=1
02-14 17:11:07.226   449   449 E SELinux : avc:  denied  { add } for interface=android.hidl.base::IBase pid=511 scontext=u:r:init:s0 tcontext=u:object_r:hidl_base_hwservice:s0 tclass=hwservice_manager permissive=1
02-14 17:11:07.226   511   511 I android.hardware.power@1.0-service-qti: Power Service is ready
02-14 17:11:07.227   495   495 D vndksupport: Loading /odm/lib/hw/android.hardware.camera.provider@2.4-impl.so from current namespace instead of sphal namespace.
02-14 17:11:07.228   513   513 D vndksupport: Loading /odm/lib64/hw/android.hardware.thermal@1.0-impl.so from current namespace instead of sphal namespace.
02-14 17:11:07.229   498   498 D vndksupport: Loading /odm/lib/hw/android.hardware.drm@1.0-impl.so from current namespace instead of sphal namespace.
02-14 17:11:07.229   515   515 D vndksupport: Loading /odm/lib64/hw/android.hardware.vr@1.0-impl.so from current namespace instead of sphal namespace.
02-14 17:11:07.230   514   514 D vndksupport: Loading /odm/lib64/hw/android.hardware.vibrator@1.0-impl.so from current namespace instead of sphal namespace.
02-14 17:11:07.231   489   489 I ServiceManagement: Removing namespace from process name android.hardware.audio@2.0-service to audio@2.0-servi.
02-14 17:11:07.232   512   512 D vndksupport: Loading /odm/lib64/hw/android.hardware.sensors@1.0-impl.so from current namespace instead of sphal namespace.
02-14 17:11:07.232   503   503 D vndksupport: Loading /odm/lib64/hw/gralloc.msm8996.so from current namespace instead of sphal namespace.
02-14 17:11:07.234   515   515 D vndksupport: Loading /odm/lib64/hw/vr.msm8996.so from current namespace instead of sphal namespace.
02-14 17:11:07.235   518   518 D vndksupport: Loading /odm/lib64/hw/vendor.qti.hardware.iop@1.0-impl.so from current namespace instead of sphal namespace.
02-14 17:11:07.236   523   523 D vndksupport: Loading /odm/lib64/hw/vendor.qti.hardware.qteeconnector@1.0-impl.so from current namespace instead of sphal namespace.
02-14 17:11:07.236   503   503 I SDM     : ExtensionInterface::CreateExtensionInterface: 
02-14 17:11:07.236   503   503 I SDM     : SDM-EXTENSION Version: Date: 11/14/17, Commit: 46040ed, Change: I4807baeffe
02-14 17:11:07.237   503   503 I SDM     : HWInfo::GetHWResourceInfo: SDE Version = 5, SDE Revision = 10070002, RGB = 4, VIG = 4, DMA = 2, Cursor = 2
02-14 17:11:07.237   503   503 I SDM     : HWInfo::GetHWResourceInfo: Upscale Ratio = 20, Downscale Ratio = 4, Blending Stages = 7
02-14 17:11:07.237   503   503 I SDM     : HWInfo::GetHWResourceInfo: SourceSplit = 1 QSEED3 = 0
02-14 17:11:07.237   503   503 I SDM     : HWInfo::GetHWResourceInfo: BWC = 0, UBWC = 1, Decimation = 1, Tile Format = 0 Concurrent Writeback = 0
02-14 17:11:07.237   503   503 I SDM     : HWInfo::GetHWResourceInfo: MaxLowBw = 9600000 , MaxHighBw = 9600000
02-14 17:11:07.237   503   503 I SDM     : HWInfo::GetHWResourceInfo: MaxPipeBw = 4500000 KBps, MaxSDEClock = 412500000 Hz, ClockFudgeFactor = 1.050000
02-14 17:11:07.237   503   503 I SDM     : HWInfo::GetHWResourceInfo: Prefill factors: Tiled_NV12 = 8, Tiled = 4, Linear = 1, Scale = 1, Fudge_factor = 2
02-14 17:11:07.237   503   503 I SDM     : HWInfo::GetMDSSRotatorInfo: MDSS Rotator: Count = 2, Downscale = 1, Min_downscale = 2.000000
02-14 17:11:07.238   503   503 I SDM     : SessionManager::SessionManager: Allocate buffers synchronously = 0
02-14 17:11:07.238   489   489 I audiohalservice: Registration complete for android.hardware.audio@2.0::IDevicesFactory/default.
02-14 17:11:07.240   533   533 I init    : type=1400 audit(0.0:19): avc: denied { execute_no_trans } for path="/sbin/dashd" dev="rootfs" ino=13728 scontext=u:r:init:s0 tcontext=u:object_r:rootfs:s0 tclass=file permissive=1
02-14 17:11:07.240   533   533 I dashd   : type=1400 audit(0.0:20): avc: denied { read write } for name="dash" dev="tmpfs" ino=6976 scontext=u:r:init:s0 tcontext=u:object_r:device:s0 tclass=chr_file permissive=1
02-14 17:11:07.240   533   533 I dashd   : type=1400 audit(0.0:21): avc: denied { open } for path="/dev/dash" dev="tmpfs" ino=6976 scontext=u:r:init:s0 tcontext=u:object_r:device:s0 tclass=chr_file permissive=1
02-14 17:11:07.240   533   533 I dashd   : type=1400 audit(0.0:22): avc: denied { ioctl } for path="/dev/dash" dev="tmpfs" ino=6976 ioctlcmd=ff01 scontext=u:r:init:s0 tcontext=u:object_r:device:s0 tclass=chr_file permissive=1
02-14 17:11:07.240   513   513 D vndksupport: Loading /odm/lib64/hw/thermal.msm8996.so from current namespace instead of sphal namespace.
02-14 17:11:07.240   489   489 D vndksupport: Loading /odm/lib/hw/android.hardware.audio.effect@2.0-impl.so from current namespace instead of sphal namespace.
02-14 17:11:07.241   514   514 D vndksupport: Loading /odm/lib64/hw/vibrator.default.so from current namespace instead of sphal namespace.
02-14 17:11:07.244   503   503 I SDM     : CoreInterface::CreateCore: Open interface handle = 0x700a85c000
02-14 17:11:07.244   503   503 I SDM     : HWCSession::Register: Set uevent listener = 0x700a873000
02-14 17:11:07.244   503   503 I SDM     : HWInfo::GetFirstDisplayInterfaceType: First display is internal display
02-14 17:11:07.244   503   503 I SDM     : CPUHint::Init: CPU Hint Pre-enable Window 50
02-14 17:11:07.245   503   503 I SDM     : CPUHint::Init: Successfully Loaded Vendor Extension Library symbols
02-14 17:11:07.249   518   518 E         : IOP-HAL: inside HIDL_FETCH_IIop
02-14 17:11:07.249   518   518 E         : IOP-HAL: boot Address of iop object
02-14 17:11:07.250   515   515 I ServiceManagement: Removing namespace from process name android.hardware.vr@1.0-service to vr@1.0-service.
02-14 17:11:07.252   513   513 I ServiceManagement: Removing namespace from process name android.hardware.thermal@1.0-service to thermal@1.0-ser.
02-14 17:11:07.254   523   523 I ServiceManagement: Removing namespace from process name vendor.qti.hardware.qteeconnector@1.0-service to qteeconnector@1.
02-14 17:11:07.254   503   503 I SDM     : HWDevice::GetHWPanelMaxBrightnessFromNode: Max brightness level = 255
02-14 17:11:07.254   503   503 I SDM     : HWDevice::Init: access(/dev/graphics/fb0) successful
02-14 17:11:07.255   503   503 I SDM     : HWDevice::GetHWPanelMaxBrightnessFromNode: Max brightness level = 255
02-14 17:11:07.255   503   503 I SDM     : HWDevice::PopulateHWPanelInfo: Device type = 0, Display Port = 1, Display Mode = 2, Device Node = 0, Is Primary = 1
02-14 17:11:07.255   503   503 I SDM     : HWDevice::PopulateHWPanelInfo: Partial Update = 0, supported roi_count =1, Dynamic FPS = 0
02-14 17:11:07.255   503   503 I SDM     : HWDevice::PopulateHWPanelInfo: Align: left = 0, width = 0, top = 0, height = 0
02-14 17:11:07.255   503   503 I SDM     : HWDevice::PopulateHWPanelInfo: ROI: min_width = 0, min_height = 0, need_merge = 0
02-14 17:11:07.255   503   503 I SDM     : HWDevice::PopulateHWPanelInfo: FPS: min = 0, max =0
02-14 17:11:07.255   503   503 I SDM     : HWDevice::PopulateHWPanelInfo: Ping Pong Split = 0
02-14 17:11:07.255   503   503 I SDM     : HWDevice::PopulateHWPanelInfo: Left Split = 0, Right Split = 0
02-14 17:11:07.256   514   514 D         : Vibrator using timed_output
02-14 17:11:07.256   469   469 D AndroidRuntime: >>>>>> START com.android.internal.os.ZygoteInit uid 0 <<<<<<
02-14 17:11:07.261   515   515 I android.hardware.vr@1.0-service: Registration complete for android.hardware.vr@1.0::IVr/default.
02-14 17:11:07.278   517   517 I ServiceManagement: Removing namespace from process name vendor.display.color@1.0-service to color@1.0-servi.
02-14 17:11:07.280   469   469 I zygote  : option[0]=-Xzygote
02-14 17:11:07.280   469   469 I zygote  : option[1]=-Xusetombstonedtraces
02-14 17:11:07.280   469   469 I zygote  : option[2]=exit
02-14 17:11:07.280   469   469 I zygote  : option[3]=vfprintf
02-14 17:11:07.280   469   469 I zygote  : option[4]=sensitiveThread
02-14 17:11:07.280   469   469 I zygote  : option[5]=-verbose:gc
02-14 17:11:07.280   469   469 I zygote  : option[6]=-Xms16m
02-14 17:11:07.280   469   469 I zygote  : option[7]=-Xmx512m
02-14 17:11:07.280   469   469 I zygote  : option[8]=-XX:HeapGrowthLimit=256m
02-14 17:11:07.280   469   469 I zygote  : option[9]=-XX:HeapMinFree=4m
02-14 17:11:07.280   469   469 I zygote  : option[10]=-XX:HeapMaxFree=8m
02-14 17:11:07.280   469   469 I zygote  : option[11]=-XX:HeapTargetUtilization=0.75
02-14 17:11:07.280   469   469 I zygote  : option[12]=-Xusejit:true
02-14 17:11:07.280   469   469 I zygote  : option[13]=-Xjitsaveprofilinginfo
02-14 17:11:07.280   469   469 I zygote  : option[14]=-agentlib:jdwp=transport=dt_android_adb,suspend=n,server=y
02-14 17:11:07.280   469   469 I zygote  : option[15]=-Xlockprofthreshold:500
02-14 17:11:07.280   469   469 I zygote  : option[16]=-Ximage-compiler-option
02-14 17:11:07.280   469   469 I zygote  : option[17]=--runtime-arg
02-14 17:11:07.280   469   469 I zygote  : option[18]=-Ximage-compiler-option
02-14 17:11:07.280   469   469 I zygote  : option[19]=-Xms64m
02-14 17:11:07.280   469   469 I zygote  : option[20]=-Ximage-compiler-option
02-14 17:11:07.280   469   469 I zygote  : option[21]=--runtime-arg
02-14 17:11:07.280   469   469 I zygote  : option[22]=-Ximage-compiler-option
02-14 17:11:07.280   469   469 I zygote  : option[23]=-Xmx64m
02-14 17:11:07.280   469   469 I zygote  : option[24]=-Ximage-compiler-option
02-14 17:11:07.280   469   469 I zygote  : option[25]=--image-classes=/system/etc/preloaded-classes
02-14 17:11:07.280   469   469 I zygote  : option[26]=-Ximage-compiler-option
02-14 17:11:07.281   469   469 I zygote  : option[27]=--compiled-classes=/system/etc/compiled-classes
02-14 17:11:07.281   469   469 I zygote  : option[28]=-Ximage-compiler-option
02-14 17:11:07.281   469   469 I zygote  : option[29]=--dirty-image-objects=/system/etc/dirty-image-objects
02-14 17:11:07.281   469   469 I zygote  : option[30]=-Xcompiler-option
02-14 17:11:07.281   469   469 I zygote  : option[31]=--runtime-arg
02-14 17:11:07.281   469   469 I zygote  : option[32]=-Xcompiler-option
02-14 17:11:07.281   469   469 I zygote  : option[33]=-Xms64m
02-14 17:11:07.281   469   469 I zygote  : option[34]=-Xcompiler-option
02-14 17:11:07.281   469   469 I zygote  : option[35]=--runtime-arg
02-14 17:11:07.281   469   469 I zygote  : option[36]=-Xcompiler-option
02-14 17:11:07.281   469   469 I zygote  : option[37]=-Xmx512m
02-14 17:11:07.281   469   469 I zygote  : option[38]=-Ximage-compiler-option
02-14 17:11:07.281   469   469 I zygote  : option[39]=--instruction-set-variant=kryo
02-14 17:11:07.281   469   469 I zygote  : option[40]=-Xcompiler-option
02-14 17:11:07.281   469   469 I zygote  : option[41]=--instruction-set-variant=kryo
02-14 17:11:07.281   469   469 I zygote  : option[42]=-Ximage-compiler-option
02-14 17:11:07.281   469   469 I zygote  : option[43]=--instruction-set-features=default
02-14 17:11:07.281   469   469 I zygote  : option[44]=-Xcompiler-option
02-14 17:11:07.281   469   469 I zygote  : option[45]=--instruction-set-features=default
02-14 17:11:07.281   469   469 I zygote  : option[46]=-Duser.locale=el-GR
02-14 17:11:07.281   469   469 I zygote  : option[47]=--cpu-abilist=armeabi-v7a,armeabi
02-14 17:11:07.281   469   469 I zygote  : option[48]=-Xfingerprint:OnePlus/OnePlus3/OnePlus3T:8.0.0/OPR6.170623.013/10250816:user/release-keys
02-14 17:11:07.283   527   527 I rmt_storage: type=1400 audit(0.0:23): avc: denied { read write } for name="sda9" dev="tmpfs" ino=309 scontext=u:r:rmt_storage:s0 tcontext=u:object_r:block_device:s0 tclass=blk_file permissive=1
02-14 17:11:07.283   527   527 I rmt_storage: type=1400 audit(0.0:24): avc: denied { open } for path="/dev/block/sda9" dev="tmpfs" ino=309 scontext=u:r:rmt_storage:s0 tcontext=u:object_r:block_device:s0 tclass=blk_file permissive=1
02-14 17:11:07.283   527   527 I rmt_storage: type=1400 audit(0.0:25): avc: denied { write } for name="rmts" dev="debugfs" ino=8050 scontext=u:r:rmt_storage:s0 tcontext=u:object_r:debugfs:s0 tclass=file permissive=1
02-14 17:11:07.283   527   527 I rmt_storage: type=1400 audit(0.0:26): avc: denied { open } for path="/sys/kernel/debug/rmt_storage/rmts" dev="debugfs" ino=8050 scontext=u:r:rmt_storage:s0 tcontext=u:object_r:debugfs:s0 tclass=file permissive=1
02-14 17:11:07.283   513   513 I android.hardware.thermal@1.0-service: Registration complete for android.hardware.thermal@1.0::IThermal/default.
02-14 17:11:07.284   512   512 E Diag_Lib: diag diag_get_max_file_size size=200,max_file_size=209715200,min_file_size=167772160
02-14 17:11:07.285   514   514 I ServiceManagement: Removing namespace from process name android.hardware.vibrator@1.0-service to vibrator@1.0-se.
02-14 17:11:07.287   516   516 I android.hardware.wifi@1.0-service: Wifi Hal is booting up...
02-14 17:11:07.288   527   527 I rmt_storage: Shared memory initialised successfully.
02-14 17:11:07.288   527   527 I oem_rmts: oem_remote_storage_parse_partitions: Registering oem_dycnvbk: 9, /oem/nvbk/dynamic
02-14 17:11:07.288   527   527 I oem_rmts: oem_remote_storage_parse_partitions: Registering oem_stanvbk: 10, /oem/nvbk/static
02-14 17:11:07.288   527   527 I rmt_storage: Registering modemst1: 0x4a /boot/modem_fs1
02-14 17:11:07.288   527   527 I rmt_storage: Registering modemst2: 0x4b /boot/modem_fs2
02-14 17:11:07.288   527   527 I rmt_storage: Registering fsc: 0xff /boot/modem_fsc
02-14 17:11:07.289   527   527 I rmt_storage: Registering fsg: 0x58 /boot/modem_fsg
02-14 17:11:07.289   527   527 I rmt_storage: 4 GPT partitions found
02-14 17:11:07.289   527   527 I rmt_storage: Capset success!
02-14 17:11:07.290   528   528 I tftp_server: Starting...
02-14 17:11:07.294   495   495 D vndksupport: Loading /odm/lib/hw/camera.msm8996.so from current namespace instead of sphal namespace.
02-14 17:11:07.295   521   521 E ANDR-PERF-TARGET-INIT: Inside InitializeTarget
02-14 17:11:07.296   514   514 I android.hardware.vibrator@1.0-service: Registration complete for android.hardware.vibrator@1.0::IVibrator/default.
02-14 17:11:07.297   523   523 D vndksupport: Loading /odm/lib64/hw/vendor.qti.hardware.qteeconnector@1.0-impl.so from current namespace instead of sphal namespace.
02-14 17:11:07.298   503   503 I SDM     : HWDevice::GetHWPanelMaxBrightnessFromNode: Max brightness level = 255
02-14 17:11:07.299   503   503 I SDM     : HWDevice::GetHWPanelMaxBrightnessFromNode: Max brightness level = 255
02-14 17:11:07.299   503   503 W SDM     : HWDevice::GetHWPanelInfoByNode: Failed to open msm_fb_panel_info node device node 2
02-14 17:11:07.299   503   503 W SDM     : HWDevice::GetHWPanelInfoByNode: Failed to open msm_fb_panel_info node device node 3
02-14 17:11:07.299   503   503 I SDM     : HWDevice::GetHWPanelMaxBrightnessFromNode: Max brightness level = 255
02-14 17:11:07.300   503   503 I SDM     : HWDevice::GetHWPanelMaxBrightnessFromNode: Max brightness level = 255
02-14 17:11:07.300   503   503 W SDM     : HWDevice::GetHWPanelInfoByNode: Failed to open msm_fb_panel_info node device node 2
02-14 17:11:07.300   503   503 W SDM     : HWDevice::GetHWPanelInfoByNode: Failed to open msm_fb_panel_info node device node 3
02-14 17:11:07.300   503   503 I SDM     : StrategyImpl::SetIdleTimeoutMs: Idle timeout not supported for display = 0, mode = 2
02-14 17:11:07.302   489   489 I audiohalservice: Registration complete for android.hardware.audio.effect@2.0::IEffectsFactory/default.
02-14 17:11:07.303   503   503 W SDM     : ColorManager::CreateColorManagerProxy: PAV2 version is versions = 11, version = 11 
02-14 17:11:07.308   518   518 E         : IOP-HAL: loading library is done
02-14 17:11:07.312   528   528 I tftp_server: pid=528 tid=528 tftp-server : INF :[tftp_os_la.c, 121] mkdir failed: [17] [/data/vendor/tombstones/rfs/modem] [File exists]
02-14 17:11:07.312   528   528 I tftp_server: pid=528 tid=528 tftp-server : INF :[tftp_os_la.c, 141] chown failed: [1] [/data/vendor/tombstones/rfs/modem] [Operation not permitted]
02-14 17:11:07.312   528   528 I tftp_server: pid=528 tid=528 tftp-server : INF :[tftp_os_la.c, 141] chown failed: [1] [/data/vendor/tombstones/rfs/modem] [Operation not permitted]
02-14 17:11:07.312   528   528 I tftp_server: pid=528 tid=528 tftp-server : INF :[tftp_os_la.c, 121] mkdir failed: [17] [/data/vendor/tombstones/rfs/modem/] [File exists]
02-14 17:11:07.312   528   528 I tftp_server: pid=528 tid=528 tftp-server : INF :[tftp_os_la.c, 141] chown failed: [1] [/data/vendor/tombstones/rfs/modem/] [Operation not permitted]
02-14 17:11:07.312   528   528 I tftp_server: pid=528 tid=528 tftp-server : INF :[tftp_os_la.c, 121] mkdir failed: [17] [/data/vendor/tombstones/rfs/lpass] [File exists]
02-14 17:11:07.312   528   528 I tftp_server: pid=528 tid=528 tftp-server : INF :[tftp_os_la.c, 141] chown failed: [1] [/data/vendor/tombstones/rfs/lpass] [Operation not permitted]
02-14 17:11:07.312   528   528 I tftp_server: pid=528 tid=528 tftp-server : INF :[tftp_os_la.c, 141] chown failed: [1] [/data/vendor/tombstones/rfs/lpass] [Operation not permitted]
02-14 17:11:07.312   528   528 I tftp_server: pid=528 tid=528 tftp-server : INF :[tftp_os_la.c, 121] mkdir failed: [17] [/data/vendor/tombstones/rfs/lpass/] [File exists]
02-14 17:11:07.312   528   528 I tftp_server: pid=528 tid=528 tftp-server : INF :[tftp_os_la.c, 141] chown failed: [1] [/data/vendor/tombstones/rfs/lpass/] [Operation not permitted]
02-14 17:11:07.312   528   528 I tftp_server: pid=528 tid=528 tftp-server : INF :[tftp_os_la.c, 121] mkdir failed: [17] [/data/vendor/tombstones/rfs/tn] [File exists]
02-14 17:11:07.312   528   528 I tftp_server: pid=528 tid=528 tftp-server : INF :[tftp_os_la.c, 141] chown failed: [1] [/data/vendor/tombstones/rfs/tn] [Operation not permitted]
02-14 17:11:07.312   528   528 I tftp_server: pid=528 tid=528 tftp-server : INF :[tftp_os_la.c, 141] chown failed: [1] [/data/vendor/tombstones/rfs/tn] [Operation not permitted]
02-14 17:11:07.312   528   528 I tftp_server: pid=528 tid=528 tftp-server : INF :[tftp_os_la.c, 121] mkdir failed: [17] [/data/vendor/tombstones/rfs/tn/] [File exists]
02-14 17:11:07.312   528   528 I tftp_server: pid=528 tid=528 tftp-server : INF :[tftp_os_la.c, 141] chown failed: [1] [/data/vendor/tombstones/rfs/tn/] [Operation not permitted]
02-14 17:11:07.312   528   528 I tftp_server: pid=528 tid=528 tftp-server : INF :[tftp_os_la.c, 121] mkdir failed: [17] [/data/vendor/tombstones/rfs/slpi] [File exists]
02-14 17:11:07.312   528   528 I tftp_server: pid=528 tid=528 tftp-server : INF :[tftp_os_la.c, 141] chown failed: [1] [/data/vendor/tombstones/rfs/slpi] [Operation not permitted]
02-14 17:11:07.312   528   528 I tftp_server: pid=528 tid=528 tftp-server : INF :[tftp_os_la.c, 141] chown failed: [1] [/data/vendor/tombstones/rfs/slpi] [Operation not permitted]
02-14 17:11:07.312   528   528 I tftp_server: pid=528 tid=528 tftp-server : INF :[tftp_os_la.c, 121] mkdir failed: [17] [/data/vendor/tombstones/rfs/slpi/] [File exists]
02-14 17:11:07.312   528   528 I tftp_server: pid=528 tid=528 tftp-server : INF :[tftp_os_la.c, 141] chown failed: [1] [/data/vendor/tombstones/rfs/slpi/] [Operation not permitted]
02-14 17:11:07.313   528   528 I tftp_server: pid=528 tid=528 tftp-server : INF :[tftp_os_la.c, 121] mkdir failed: [17] [/persist/rfs/shared] [File exists]
02-14 17:11:07.313   528   528 I tftp_server: pid=528 tid=528 tftp-server : INF :[tftp_os_la.c, 121] mkdir failed: [17] [/persist/rfs/shared/] [File exists]
02-14 17:11:07.313   532   532 D QSEECOMD: : qseecom listener services process entry PPID = 1
02-14 17:11:07.313   528   528 I tftp_server: pid=528 tid=528 tftp-server : INF :[tftp_os_la.c, 121] mkdir failed: [17] [/persist/rfs/msm/mpss] [File exists]
02-14 17:11:07.313   528   528 I tftp_server: pid=528 tid=528 tftp-server : INF :[tftp_os_la.c, 121] mkdir failed: [17] [/persist/rfs/msm/mpss/] [File exists]
02-14 17:11:07.313   528   528 I tftp_server: pid=528 tid=528 tftp-server : INF :[tftp_os_la.c, 121] mkdir failed: [17] [/persist/rfs/msm/adsp] [File exists]
02-14 17:11:07.313   528   528 I tftp_server: pid=528 tid=528 tftp-server : INF :[tftp_os_la.c, 121] mkdir failed: [17] [/persist/rfs/msm/adsp/] [File exists]
02-14 17:11:07.313   532   532 E QSEECOMD: : Listener: index = 0, hierarchy = 0
02-14 17:11:07.313   528   528 I tftp_server: pid=528 tid=528 tftp-server : INF :[tftp_os_la.c, 121] mkdir failed: [17] [/persist/rfs/msm/slpi] [File exists]
02-14 17:11:07.313   528   528 I tftp_server: pid=528 tid=528 tftp-server : INF :[tftp_os_la.c, 121] mkdir failed: [17] [/persist/rfs/msm/slpi/] [File exists]
02-14 17:11:07.313   528   528 I tftp_server: pid=528 tid=528 tftp-server : INF :[tftp_os_la.c, 121] mkdir failed: [17] [/persist/rfs/mdm/mpss] [File exists]
02-14 17:11:07.313   528   528 I tftp_server: pid=528 tid=528 tftp-server : INF :[tftp_os_la.c, 121] mkdir failed: [17] [/persist/rfs/mdm/mpss/] [File exists]
02-14 17:11:07.313   528   528 I tftp_server: pid=528 tid=528 tftp-server : INF :[tftp_os_la.c, 121] mkdir failed: [17] [/persist/rfs/mdm/adsp] [File exists]
02-14 17:11:07.313   528   528 I tftp_server: pid=528 tid=528 tftp-server : INF :[tftp_os_la.c, 121] mkdir failed: [17] [/persist/rfs/mdm/adsp/] [File exists]
02-14 17:11:07.313   528   528 I tftp_server: pid=528 tid=528 tftp-server : INF :[tftp_os_la.c, 121] mkdir failed: [17] [/persist/rfs/mdm/slpi] [File exists]
02-14 17:11:07.313   528   528 I tftp_server: pid=528 tid=528 tftp-server : INF :[tftp_os_la.c, 121] mkdir failed: [17] [/persist/rfs/mdm/slpi/] [File exists]
02-14 17:11:07.313   528   528 I tftp_server: pid=528 tid=528 tftp-server : INF :[tftp_os_la.c, 121] mkdir failed: [17] [/persist/rfs/mdm/tn] [File exists]
02-14 17:11:07.313   528   528 I tftp_server: pid=528 tid=528 tftp-server : INF :[tftp_os_la.c, 121] mkdir failed: [17] [/persist/rfs/mdm/tn/] [File exists]
02-14 17:11:07.313   528   528 I tftp_server: pid=528 tid=528 tftp-server : INF :[tftp_os_la.c, 121] mkdir failed: [17] [/persist/rfs/apq/gnss] [File exists]
02-14 17:11:07.313   528   528 I tftp_server: pid=528 tid=528 tftp-server : INF :[tftp_os_la.c, 121] mkdir failed: [17] [/persist/rfs/apq/gnss/] [File exists]
02-14 17:11:07.313   528   528 I tftp_server: pid=528 tid=528 tftp-server : INF :[tftp_os_la.c, 121] mkdir failed: [17] [/persist/hlos_rfs/shared] [File exists]
02-14 17:11:07.313   528   528 I tftp_server: pid=528 tid=528 tftp-server : INF :[tftp_os_la.c, 121] mkdir failed: [17] [/persist/hlos_rfs/shared/] [File exists]
02-14 17:11:07.314   523   523 I ServiceManagement: Removing namespace from process name vendor.qti.hardware.qteeconnector@1.0-service to qteeconnector@1.
02-14 17:11:07.315   518   518 I ServiceManagement: Removing namespace from process name vendor.qti.hardware.iop@1.0-service to iop@1.0-service.
02-14 17:11:07.317   489   489 D vndksupport: Loading /odm/lib/hw/android.hardware.soundtrigger@2.0-impl.so from current namespace instead of sphal namespace.
02-14 17:11:07.317   521   521 E ANDR-PERF-OPTSDATA: Error: core_ctl_cpu is not initialized for this target
02-14 17:11:07.317   530   530 I PerMgrSrv: Adding entry for modem : offTimeout : 500 ackTimeout : 200
02-14 17:11:07.317   521   521 E ANDR-PERF-OPTSDATA: Error: Core ctl not present
02-14 17:11:07.317   521   521 E ANDR-PERF-OPTSDATA: Error: core_ctl not present or min/max cpu nodes initialization failed
02-14 17:11:07.317   521   521 E ANDR-PERF-OPTSHANDLER: Error: Sched Frequency Aggregation support not present
02-14 17:11:07.318   521   521 I ServiceManagement: Removing namespace from process name vendor.qti.hardware.perf@1.0-service to perf@1.0-servic.
02-14 17:11:07.318   522   522 D         : QdutilsDisp: svc service starting :)
02-14 17:11:07.319   522   522 I ServiceManagement: Removing namespace from process name vendor.qti.hardware.qdutils_disp@1.0-service-qti to qdutils_disp@1..
02-14 17:11:07.319   518   518 I vendor.qti.hardware.iop@1.0-service: Registration complete for vendor.qti.hardware.iop@1.0::IIop/default.
02-14 17:11:07.319   521   554 E ANDR-PERF-MPCTL:  before pthread_cond_wait 1707, chk_core_online_poll
02-14 17:11:07.319   521   553 E ANDR-PERF-MPCTL: perflock: Workload detect thread created
02-14 17:11:07.320   521   553 E ANDR-PERF-MPCTL: perflock: iobusy pfd initialized
02-14 17:11:07.320   521   553 E ANDR-PERF-MPCTL: perflock: mode pfd initialized
02-14 17:11:07.320   521   553 E ANDR-PERF-MPCTL: perflock: Read file 0: 0
02-14 17:11:07.320   521   553 E ANDR-PERF-MPCTL: perflock: Read file 1: 0
02-14 17:11:07.320   521   553 E ANDR-PERF-MPCTL: perflock: Mode change 0
02-14 17:11:07.320   521   521 E vendor.qti.hardware.perf@1.0-service: Registered IPerf HAL service success!
02-14 17:11:07.327   532   532 D QSEECOMD: : Init dlopen(librpmb.so, RTLD_NOW) succeeds
02-14 17:11:07.327   532   532 D QSEECOMD: : Init::Init dlsym(g_FSHandle rpmb_init_service) succeeds
02-14 17:11:07.329   489   489 D vndksupport: Loading /odm/lib/hw/sound_trigger.primary.msm8996.so from current namespace instead of sphal namespace.
02-14 17:11:07.329   522   522 E         : Registered IQdutilsDisp HAL service success!
02-14 17:11:07.329   498   498 I ServiceManagement: Removing namespace from process name android.hardware.drm@1.0-service to drm@1.0-service.
02-14 17:11:07.329   532   532 I rpmb_ufs: RPMB Mult (512-byte sector) = 8192, Rel_sec_cnt = 32
02-14 17:11:07.330   532   532 E DrmLibRpmb: rpmb_init succeeded! with ret = 0
02-14 17:11:07.330   532   532 D QSEECOMD: : Init rpmb_init_service ret = 0
02-14 17:11:07.330   532   532 D QSEECOMD: : RPMB system services: init (Listener ID = 8192)
02-14 17:11:07.330   532   532 E QSEECOMD: : Listener: index = 1, hierarchy = 0
02-14 17:11:07.330   498   498 I android.hardware.drm@1.0-service: Registration complete for android.hardware.drm@1.0::IDrmFactory/default.
02-14 17:11:07.332   498   498 D vndksupport: Loading /odm/lib/hw/android.hardware.drm@1.0-impl.so from current namespace instead of sphal namespace.
02-14 17:11:07.334   498   498 I ServiceManagement: Removing namespace from process name android.hardware.drm@1.0-service to drm@1.0-service.
02-14 17:11:07.335   498   498 I android.hardware.drm@1.0-service: Registration complete for android.hardware.drm@1.0::ICryptoFactory/default.
02-14 17:11:07.339   530   530 I PerMgrSrv: Adding entry for slpi : offTimeout : 5000 ackTimeout : 200
02-14 17:11:07.341   532   532 D QSEECOMD: : Init dlopen(libssd.so, RTLD_NOW) succeeds
02-14 17:11:07.342   532   532 D QSEECOMD: : Init::Init dlsym(g_FSHandle ssd_init_service) succeeds
02-14 17:11:07.342   532   532 E SSD     : ssd_init_service succeeded!
02-14 17:11:07.342   532   532 D QSEECOMD: : Init ssd_init_service ret = 0
02-14 17:11:07.342   532   532 D QSEECOMD: : SSD system services: init (Listener ID = 12288)
02-14 17:11:07.342   532   532 E QSEECOMD: : Listener: index = 2, hierarchy = 0
02-14 17:11:07.342   503   503 I SDM     : DisplayBase::InitializeColorModes: Number of Color Modes = 8
02-14 17:11:07.343   530   530 I PerMgrSrv: Peripheral Mananager service start
02-14 17:11:07.346   530   530 I pm-service: type=1400 audit(0.0:27): avc: denied { net_raw } for capability=13 scontext=u:r:per_mgr:s0 tcontext=u:r:per_mgr:s0 tclass=capability permissive=1
02-14 17:11:07.347   530   530 I PerMgrSrv: power-off timeout 500,ms; event-ack timeout 200,ms; debug-mode false
02-14 17:11:07.347   530   530 I PerMgrSrv: Statistics for : modem
02-14 17:11:07.347   530   530 I PerMgrSrv: modem: Current State : is off-line
02-14 17:11:07.347   530   530 I PerMgrSrv: modem: Voter/Listener count : 0/0
02-14 17:11:07.347   530   530 I PerMgrSrv: modem: Power on count : 0
02-14 17:11:07.347   530   530 I PerMgrSrv: modem: Power off count: 0
02-14 17:11:07.347   530   530 I PerMgrSrv: modem: Client list:
02-14 17:11:07.347   530   530 I PerMgrSrv: Statistics for : slpi
02-14 17:11:07.347   530   530 I PerMgrSrv: slpi: Current State : is off-line
02-14 17:11:07.347   530   530 I PerMgrSrv: slpi: Voter/Listener count : 0/0
02-14 17:11:07.347   530   530 I PerMgrSrv: slpi: Power on count : 0
02-14 17:11:07.347   530   530 I PerMgrSrv: slpi: Power off count: 0
02-14 17:11:07.347   530   530 I PerMgrSrv: slpi: Client list:
02-14 17:11:07.349   489   489 D sound_trigger_hw: stdev_open: Enter
02-14 17:11:07.352   530   561 I PerMgrSrv: QMI service start
02-14 17:11:07.357   503   503 W SDM     : HWEvents::InitializePollFd: open failed for display=0 event=idle_power_collapse, error=No such file or directory
02-14 17:11:07.357   503   503 I SDM     : HWCDisplay::Init: Display created with id: 0
02-14 17:11:07.357   503   503 E SDM     : DisplayBase::GetColorModeAttr: Failed: Mode standard without attribute
02-14 17:11:07.357   503   503 E SDM     : DisplayBase::GetColorModeAttr: Failed: Mode eye1 without attribute
02-14 17:11:07.357   503   503 E SDM     : DisplayBase::GetColorModeAttr: Failed: Mode eye2 without attribute
02-14 17:11:07.357   503   503 E SDM     : DisplayBase::GetColorModeAttr: Failed: Mode eye3 without attribute
02-14 17:11:07.357   503   503 E SDM     : DisplayBase::GetColorModeAttr: Failed: Mode eye4 without attribute
02-14 17:11:07.357   503   503 E SDM     : DisplayBase::GetColorModeAttr: Failed: Mode eye5 without attribute
02-14 17:11:07.357   503   503 E SDM     : DisplayBase::GetColorModeAttr: Failed: Mode eye6 without attribute
02-14 17:11:07.357   503   503 E SDM     : DisplayBase::GetColorModeAttr: Failed: Mode dynamic without attribute
02-14 17:11:07.357   503   503 I SDM     : DisplayBase::SetFrameBufferConfig: New framebuffer resolution (1080x1920)
02-14 17:11:07.359   489   489 I sound_trigger_platform: platform_stdev_init: Enter
02-14 17:11:07.409   449   449 W /system/bin/hwservicemanager: getTransport: Cannot find entry android.hardware.thermal@1.1::IThermal/default in either framework or device manifest.
02-14 17:11:07.416   541   541 W thermalserviced: Unable to get Thermal HAL V1.1, vendor thermal event notification not available
02-14 17:11:07.419   532   532 D QSEECOMD: : Init dlopen(libsecureui.so, RTLD_NOW) succeeds
02-14 17:11:07.419   532   532 D QSEECOMD: : Init::Init dlsym(g_FSHandle secure_ui_init) succeeds
02-14 17:11:07.419   532   532 D QSEECOMD: : Init secure_ui_init ret = 0
02-14 17:11:07.419   532   532 D QSEECOMD: : secure UI services: init (Listener ID = 16384)
02-14 17:11:07.421   532   532 D QSEECOMD: : Parent qseecom daemon process paused!! 
02-14 17:11:07.424   577   577 D QSEECOMD: : qseecom listener service threads starting!!! 
02-14 17:11:07.424   577   577 D QSEECOMD: : Total listener services to start = 9
02-14 17:11:07.424   577   577 E QSEECOMD: : Listener: index = 0, hierarchy = 1
02-14 17:11:07.425   577   577 D QSEECOMD: : Init dlopen(librpmb.so, RTLD_NOW) succeeds
02-14 17:11:07.425   577   577 D QSEECOMD: : Init::Init dlsym(g_FSHandle rpmb_start) succeeds
02-14 17:11:07.425   577   577 D QSEECOMAPI: QSEECom_register_listener 8192 sb_length = 0x6400
02-14 17:11:07.524   539   539 I /system/bin/surfaceflinger: android::hardware::configstore::V1_0::ISurfaceFlingerConfigs::maxFrameBufferAcquiredBuffers retrieved: 2 (default)
02-14 17:11:07.528   539   539 I /system/bin/surfaceflinger: android::hardware::configstore::V1_0::ISurfaceFlingerConfigs::startGraphicsAllocatorService retrieved: 0
02-14 17:11:07.530   539   539 I SurfaceFlinger: SurfaceFlinger is starting
