07-04 08:40:42.053   510   510 W APM_AudioPolicyManager: Output profile contains no device on module primary
07-04 08:40:42.053   510   510 W APM_AudioPolicyManager: Output profile contains no device on module primary
07-04 08:40:42.053   510   510 D audio_hw_primary: adev_open_input_stream: enter: sample_rate(48000) channel_mask(0xc) devices(0x80000004)        stream_handle(0xe853ae00) io_handle(14) source(1)
07-04 08:40:42.054   510   845 I AudioFlinger: AudioFlinger's thread 0xe6083e80 tid=845 ready to run
07-04 08:40:42.054   510   510 D audio_hw_primary: adev_close_input_stream: enter:stream_handle(0xe853ae00)
07-04 08:40:42.055   510   510 D audio_hw_primary: in_standby: enter: stream (0xe853ae00) usecase(16: audio-record)
07-04 08:40:42.055   510   510 D audio_hw_primary: adev_open_input_stream: enter: sample_rate(48000) channel_mask(0xc) devices(0x80000040)        stream_handle(0xe853ae00) io_handle(22) source(1)
07-04 08:40:42.055   510   510 W DeviceHAL: Device 0xe855ec80 open_input_stream: Invalid argument
07-04 08:40:42.055   510   510 D audio_hw_primary: adev_open_input_stream: enter: sample_rate(48000) channel_mask(0xc) devices(0x80000040)        stream_handle(0xe853ae00) io_handle(22) source(1)
07-04 08:40:42.055   510   510 W DeviceHAL: Device 0xe855ec80 open_input_stream: Invalid argument
07-04 08:40:42.055   510   510 W APM_AudioPolicyManager: Cannot open input stream for device 80000040 on hw module primary
07-04 08:40:42.074   510   510 I bt_a2dp_hw: adev_open:  adev_open in A2dp_hw module
07-04 08:40:42.074   510   510 I AudioFlinger: loadHwModule() Loaded a2dp audio interface, handle 18
07-04 08:40:42.074   510   510 D vndksupport: Loading /odm/lib/hw/audio.usb.default.so from current namespace instead of sphal namespace.
07-04 08:40:42.078   510   510 I AudioFlinger: loadHwModule() Loaded usb audio interface, handle 26
07-04 08:40:42.078   510   510 D vndksupport: Loading /odm/lib/hw/audio.r_submix.default.so from current namespace instead of sphal namespace.
07-04 08:40:42.082   510   510 I r_submix: adev_open(name=audio_hw_if)
07-04 08:40:42.082   510   510 I r_submix: adev_init_check()
07-04 08:40:42.082   510   510 W DeviceHAL: Device 0xe64e2140 set_master_mute: Function not implemented
07-04 08:40:42.082   510   510 I AudioFlinger: loadHwModule() Loaded r_submix audio interface, handle 34
07-04 08:40:42.082   510   510 D r_submix: adev_open_input_stream(addr=0)
07-04 08:40:42.082   510   510 D r_submix: submix_audio_device_create_pipe_l(addr=0, idx=9)
07-04 08:40:42.082   510   510 D r_submix:   now using address 0 for route 9
07-04 08:40:42.083   510   849 I AudioFlinger: AudioFlinger's thread 0xe6083980 tid=849 ready to run
07-04 08:40:42.083   510   510 D r_submix: adev_close_input_stream()
07-04 08:40:42.083   510   510 D r_submix: submix_audio_device_release_pipe_l(idx=9) addr=0
07-04 08:40:42.083   510   510 D r_submix: submix_audio_device_destroy_pipe_l(): pipe destroyed
07-04 08:40:42.084   510   510 W APM_AudioPolicyManager: Input device 80000040 unreachable
07-04 08:40:42.084   510   510 D AudioPolicyManagerCustom: USE_XML_AUDIO_POLICY_CONF is TRUE
07-04 08:40:42.086   510   510 D vndksupport: Loading /odm/lib/hw/android.hardware.soundtrigger@2.0-impl.so from current namespace instead of sphal namespace.
07-04 08:40:42.089   510   510 D vndksupport: Loading /odm/lib/hw/sound_trigger.primary.default.so from current namespace instead of sphal namespace.
07-04 08:40:42.091   510   510 I soundtrigger_hw: stdev_open soundtrigger open.
07-04 08:40:42.091   510   510 E soundtrigger_hw: driver [/dev/soundtrigger_dma_drv] open fail .
07-04 08:40:42.091   510   510 E soundtrigger_hw: Error driver init
07-04 08:40:42.091   510   510 I soundtrigger_hw: [stdev_open]soundtrigger open ret[-1]
07-04 08:40:42.091   510   510 E SoundTriggerHalImpl: couldn't open sound trigger hw device in sound_trigger.primary (Operation not permitted)
07-04 08:40:42.092   510   510 I SoundTriggerHalHidl: getProperties res implementor 
07-04 08:40:42.092   510   510 I SoundTriggerHalHidl: getProperties ret -19
07-04 08:40:42.092   510   510 E SoundTriggerHwService: could not read implementation properties
07-04 08:40:42.253   486   486 I qdutils : PartialUpdate status: Disabled
07-04 08:40:42.253   486   486 I qdutils : Left Align: 0
07-04 08:40:42.253   486   486 I qdutils : Width Align: 0
07-04 08:40:42.253   486   486 I qdutils : Top Align: 0
07-04 08:40:42.253   486   486 I qdutils : Height Align: 0
07-04 08:40:42.253   486   486 I qdutils : Min ROI Width: 0
07-04 08:40:42.253   486   486 I qdutils : Min ROI Height: 0
07-04 08:40:42.253   486   486 I qdutils : Needs ROI Merge: 0
07-04 08:40:42.253   486   486 I qdutils : Dynamic Fps: Disabled
07-04 08:40:42.253   486   486 I qdutils : Min Panel fps: 0
07-04 08:40:42.253   486   486 I qdutils : Max Panel fps: 0
07-04 08:40:42.254   486   486 D qdutils : getHDMINode: HDMI is at fb1
07-04 08:40:42.270   486   486 D vndksupport: Loading /odm/lib64/hw/copybit.msm8992.so from current namespace instead of sphal namespace.
07-04 08:40:42.275   486   486 W qdcopybit: open_copybit i = 0 surface_id=-1026555902
07-04 08:40:42.275   486   486 W qdcopybit: open_copybit i = 1 surface_id=-1026555901
07-04 08:40:42.275   486   486 W qdcopybit: open_copybit i = 2 surface_id=-1026555900
07-04 08:40:42.275   486   486 W qdcopybit: open_copybit i = 3 surface_id=-1026555899
07-04 08:40:42.275   486   486 W qdcopybit: open_copybit i = 4 surface_id=-1026555898
07-04 08:40:42.275   486   486 W qdcopybit: open_copybit i = 5 surface_id=-1026555897
07-04 08:40:42.275   486   486 W qdcopybit: open_copybit i = 6 surface_id=-1026555896
07-04 08:40:42.275   486   486 W qdcopybit: open_copybit i = 7 surface_id=-1026555895
07-04 08:40:42.275   486   486 W qdcopybit: open_copybit i = 8 surface_id=-1026555894
07-04 08:40:42.275   486   486 W qdcopybit: open_copybit i = 9 surface_id=-1026555893
07-04 08:40:42.275   486   486 W qdcopybit: open_copybit i = 10 surface_id=-1026555892
07-04 08:40:42.275   486   486 W qdcopybit: open_copybit i = 11 surface_id=-1026555891
07-04 08:40:42.275   486   486 W qdcopybit: open_copybit i = 12 surface_id=-1026555890
07-04 08:40:42.275   486   486 W qdcopybit: open_copybit i = 13 surface_id=-1026555889
07-04 08:40:42.275   486   486 W qdcopybit: open_copybit i = 14 surface_id=-1026555888
07-04 08:40:42.275   486   486 W qdcopybit: open_copybit i = 15 surface_id=-1026555887
07-04 08:40:42.275   486   486 W qdcopybit: open_copybit i = 16 surface_id=-1026555886
07-04 08:40:42.275   486   486 W qdcopybit: open_copybit i = 17 surface_id=-1026555885
07-04 08:40:42.275   486   486 W qdcopybit: open_copybit i = 18 surface_id=-1026555884
07-04 08:40:42.275   486   486 W qdcopybit: open_copybit i = 19 surface_id=-1026555883
07-04 08:40:42.275   486   486 W qdcopybit: open_copybit i = 20 surface_id=-1026555882
07-04 08:40:42.275   486   486 W qdcopybit: open_copybit i = 21 surface_id=-1026555881
07-04 08:40:42.275   486   486 W qdcopybit: open_copybit i = 22 surface_id=-1026555880
07-04 08:40:42.275   486   486 W qdcopybit: open_copybit i = 23 surface_id=-1026555879
07-04 08:40:42.275   486   486 W qdcopybit: open_copybit i = 24 surface_id=-1026555878
07-04 08:40:42.275   486   486 W qdcopybit: open_copybit i = 25 surface_id=-1026555877
07-04 08:40:42.275   486   486 W qdcopybit: open_copybit i = 26 surface_id=-1026555876
07-04 08:40:42.275   486   486 W qdcopybit: open_copybit i = 27 surface_id=-1026555875
07-04 08:40:42.275   486   486 W qdcopybit: open_copybit i = 28 surface_id=-1026555874
07-04 08:40:42.275   486   486 W qdcopybit: open_copybit i = 29 surface_id=-1026555873
07-04 08:40:42.275   486   486 W qdcopybit: open_copybit i = 30 surface_id=-1026555872
07-04 08:40:42.276   486   486 W qdcopybit: open_copybit i = 31 surface_id=-1026555871
07-04 08:40:42.276   486   486 W qdcopybit: open_copybit: 2 Plane YUV i=0 surface_id=-1026555869
07-04 08:40:42.276   486   486 W qdcopybit: open_copybit: 2 Plane YUV i=1 surface_id=-1026555868
07-04 08:40:42.276   486   486 W qdcopybit: open_copybit: 2 Plane YUV i=2 surface_id=-1026555867
07-04 08:40:42.276   486   486 W qdcopybit: open_copybit: 2 Plane YUV i=3 surface_id=-1026555866
07-04 08:40:42.276   486   486 W qdcopybit: open_copybit: 3 Plane YUV i=0 surface_id=-1026555864
07-04 08:40:42.331   523   523 I mm-camera: server_process_module_init:59, int mods
07-04 08:40:42.332   523   523 E mm-camera-sensor: eebin_read:387failed!
07-04 08:40:42.332   523   523 E mm-camera-sensor: eebin_read:387failed!
07-04 08:40:42.332   523   523 E mm-camera-sensor: sensor_init_probe:475failed: to oribe eeprom bin sensors
07-04 08:40:42.332   523   523 E mm-camera-sensor: add_external_sensor:109NO external sensor lib: no external path
07-04 08:40:42.333   523   523 E mm-camera-sensor: sensor_probe:270failed: to load 
07-04 08:40:42.333   523   523 E mm-camera-sensor: sensor_util_match_sensor_lib_name:1965s_bundle sensor_lib_name imx234 sensor_name t4ka3
07-04 08:40:42.333   511   511 D mm-camera-intf: index = 0 flag = 1 mount_angle = 90 facing = 0
07-04 08:40:42.333   511   511 D mm-camera-intf: index = 1 flag = 103 mount_angle = 270 facing = 1
07-04 08:40:42.333   523   523 E mm-camera: module_sensor_find_other_subdev:7773subdev_name /dev/v4l-subdev0 subdev id 0
07-04 08:40:42.333   523   523 E mm-camera: module_sensor_find_other_subdev:7773subdev_name /dev/v4l-subdev1 subdev id 1
07-04 08:40:42.333   523   523 E mm-camera: module_sensor_find_other_subdev:7773subdev_name /dev/v4l-subdev2 subdev id 2
07-04 08:40:42.333   523   523 E mm-camera: module_sensor_find_other_subdev:7773subdev_name /dev/v4l-subdev3 subdev id 0
07-04 08:40:42.333   523   523 E mm-camera: module_sensor_find_other_subdev:7773subdev_name /dev/v4l-subdev4 subdev id 1
07-04 08:40:42.333   523   523 E mm-camera: module_sensor_find_other_subdev:7773subdev_name /dev/v4l-subdev5 subdev id 2
07-04 08:40:42.334   523   523 E mm-camera: module_sensor_find_other_subdev:7773subdev_name /dev/v4l-subdev6 subdev id 3
07-04 08:40:42.334   523   523 E mm-camera: module_sensor_find_other_subdev:7773subdev_name /dev/v4l-subdev7 subdev id 1
07-04 08:40:42.334   523   523 E mm-camera: module_sensor_find_other_subdev:7773subdev_name /dev/v4l-subdev8 subdev id 0
07-04 08:40:42.334   523   523 E mm-camera: module_sensor_find_other_subdev:7799SUB_MODULE_LED_FLASH subdev_name /dev/v4l-subdev8 subdev_id 0
07-04 08:40:42.334   523   523 E mm-camera: module_sensor_find_other_subdev:7773subdev_name /dev/v4l-subdev9 subdev id 0
07-04 08:40:42.334   523   523 E mm-camera: module_sensor_find_other_subdev:7773subdev_name /dev/v4l-subdev10 subdev id 2
07-04 08:40:42.334   523   523 E mm-camera: module_sensor_find_other_subdev:7773subdev_name /dev/v4l-subdev11 subdev id 0
07-04 08:40:42.334   523   523 E mm-camera: module_sensor_find_other_subdev:7773subdev_name /dev/v4l-subdev12 subdev id 998
07-04 08:40:42.334   523   523 E mm-camera: module_sensor_find_other_subdev:7773subdev_name /dev/v4l-subdev13 subdev id 997
07-04 08:40:42.371   418   418 D Zygote  : begin preload
07-04 08:40:42.371   418   418 I Zygote  : Installing ICU cache reference pinning...
07-04 08:40:42.371   418   418 I Zygote  : Preloading ICU data...
07-04 08:40:42.409   418   418 D Zygote64Timing: BeginIcuCachePinning took to complete: 37ms
07-04 08:40:42.409   418   418 I Zygote  : Preloading classes...
07-04 08:40:42.439   524   554 E QMI_FW  : QMUXD: WARNING qmi_qmux_if_pwr_up_init failed! rc=-1
07-04 08:40:42.439   524   554 I chatty  : uid=1000(system) /system/vendor/bin/time_daemon identical 2 lines
07-04 08:40:42.439   524   554 E QMI_FW  : QMUXD: WARNING qmi_qmux_if_pwr_up_init failed! rc=-1
07-04 08:40:42.439   524   554 E QC-time-services: Daemon:genoff_modem_qmi_service_request: qmi_client_get_service_list returned -2num_services 0
07-04 08:40:42.457   486   486 I qdhwcomposer: Successfully Loaded perf hint API's
07-04 08:40:42.457   486   486 I qdhwcomposer: PerfHintWindow = 50
07-04 08:40:42.457   486   486 I qdhwcomposer: Initializing Qualcomm Hardware Composer
07-04 08:40:42.457   486   486 I qdhwcomposer: MDP version: 500
07-04 08:40:42.457   486   486 I SurfaceFlinger: Using composer version 1.5
07-04 08:40:42.457   486   486 I qdhwcomposer: hwc_registerProcs
07-04 08:40:42.458   486   486 I qdhwcomposer: Initializing UEVENT Thread
07-04 08:40:42.458   486   486 I qdhwcomposer: Initializing VSYNC Thread
07-04 08:40:42.458   486   486 D qdhwcomposer: hwc_getDisplayAttributes disp = 0, width = 1440
07-04 08:40:42.458   486   486 D qdhwcomposer: hwc_getDisplayAttributes disp = 0, height = 2560
07-04 08:40:42.458   486   486 W qdhwcomposer: hwc_getDisplayConfigs display (1) is not connected anymore
07-04 08:40:42.458   486   862 I qdhwcomposer: vsync_loop: Reading event 0 for dpy 0 from /sys/class/graphics/fb0/vsync_event
07-04 08:40:42.458   486   862 I qdhwcomposer: vsync_loop: Reading event 1 for dpy 0 from /sys/class/graphics/fb0/show_blank_event
07-04 08:40:42.458   486   862 I qdhwcomposer: vsync_loop: Reading event 2 for dpy 0 from /sys/class/graphics/fb0/msm_fb_thermal_level
07-04 08:40:42.458   486   862 I qdhwcomposer: vsync_loop: Reading event 0 for dpy 1 from /sys/class/graphics/fb1/vsync_event
07-04 08:40:42.458   486   862 I qdhwcomposer: vsync_loop: Reading event 1 for dpy 1 from /sys/class/graphics/fb1/show_blank_event
07-04 08:40:42.458   486   862 I qdhwcomposer: vsync_loop: Reading event 2 for dpy 1 from /sys/class/graphics/fb1/msm_fb_thermal_level
07-04 08:40:42.458   486   862 I qdhwcomposer: vsync_loop: Reading event 0 for dpy 2 from /sys/class/graphics/fb1/vsync_event
07-04 08:40:42.458   486   862 I qdhwcomposer: vsync_loop: Reading event 1 for dpy 2 from /sys/class/graphics/fb1/show_blank_event
07-04 08:40:42.458   486   862 I qdhwcomposer: vsync_loop: Reading event 2 for dpy 2 from /sys/class/graphics/fb1/msm_fb_thermal_level
07-04 08:40:42.459   486   486 I SurfaceFlinger: EGL information:
07-04 08:40:42.459   486   486 I SurfaceFlinger: vendor    : Android
07-04 08:40:42.459   486   486 I SurfaceFlinger: version   : 1.4 Android META-EGL
07-04 08:40:42.459   486   486 I SurfaceFlinger: extensions: EGL_KHR_get_all_proc_addresses EGL_ANDROID_presentation_time EGL_KHR_swap_buffers_with_damage EGL_ANDROID_get_native_client_buffer EGL_ANDROID_front_buffer_auto_refresh EGL_ANDROID_get_frame_timestamps EGL_KHR_image EGL_KHR_image_base EGL_KHR_lock_surface EGL_KHR_gl_colorspace EGL_KHR_gl_texture_2D_image EGL_KHR_gl_texture_3D_image EGL_KHR_gl_texture_cubemap_image EGL_KHR_gl_renderbuffer_image EGL_KHR_reusable_sync EGL_KHR_fence_sync EGL_KHR_create_context EGL_KHR_surfaceless_context EGL_EXT_create_context_robustness EGL_ANDROID_image_native_buffer EGL_KHR_wait_sync EGL_ANDROID_recordable EGL_KHR_partial_update EGL_KHR_create_context_no_error EGL_KHR_mutable_render_buffer EGL_EXT_yuv_surface EGL_IMG_context_priority 
07-04 08:40:42.459   486   486 I SurfaceFlinger: Client API: OpenGL_ES
07-04 08:40:42.459   486   486 I SurfaceFlinger: EGLSurface: 8-8-8-8, config=0x7bba416020
07-04 08:40:42.539   481   481 E         : bt_qmi_dms_init: Not able to get dms service handle
07-04 08:40:42.539   481   481 E         : QMI initialization failed in 2 try...
07-04 08:40:42.549   486   486 I SurfaceFlinger: OpenGL ES informations:
07-04 08:40:42.549   486   486 I SurfaceFlinger: vendor    : Qualcomm
07-04 08:40:42.549   486   486 I SurfaceFlinger: renderer  : Adreno (TM) 418
07-04 08:40:42.549   486   486 I SurfaceFlinger: version   : OpenGL ES 3.2 V@145.0 (GIT@I25dc76dc3f)
07-04 08:40:42.549   486   486 I SurfaceFlinger: extensions: GL_OES_EGL_image GL_OES_EGL_image_external GL_OES_EGL_sync GL_OES_vertex_half_float GL_OES_framebuffer_object GL_OES_rgb8_rgba8 GL_OES_compressed_ETC1_RGB8_texture GL_AMD_compressed_ATC_texture GL_KHR_texture_compression_astc_ldr GL_OES_texture_npot GL_EXT_texture_filter_anisotropic GL_EXT_texture_format_BGRA8888 GL_OES_texture_3D GL_EXT_color_buffer_float GL_EXT_color_buffer_half_float GL_QCOM_alpha_test GL_OES_depth24 GL_OES_packed_depth_stencil GL_OES_depth_texture GL_OES_depth_texture_cube_map GL_EXT_sRGB GL_OES_texture_float GL_OES_texture_float_linear GL_OES_texture_half_float GL_OES_texture_half_float_linear GL_EXT_texture_type_2_10_10_10_REV GL_EXT_texture_sRGB_decode GL_OES_element_index_uint GL_EXT_copy_image GL_EXT_geometry_shader GL_EXT_tessellation_shader GL_OES_texture_stencil8 GL_EXT_shader_io_blocks GL_OES_shader_image_atomic GL_OES_sample_variables GL_EXT_texture_border_clamp GL_EXT_multisampled_render_to_texture GL_OES_shader_multisample_interpolation GL_EXT_texture_cube_map_arr
07-04 08:40:42.549   486   486 I SurfaceFlinger: GL_MAX_TEXTURE_SIZE = 16384
07-04 08:40:42.549   486   486 I SurfaceFlinger: GL_MAX_VIEWPORT_DIMS = 16384
07-04 08:40:42.551   486   486 D vndksupport: Loading /odm/lib64/hw/android.hardware.graphics.mapper@2.0-impl.so from current namespace instead of sphal namespace.
07-04 08:40:42.554   486   486 D vndksupport: Loading /odm/lib64/hw/gralloc.msm8992.so from current namespace instead of sphal namespace.
07-04 08:40:42.560   471   471 I qdutils : PartialUpdate status: Disabled
07-04 08:40:42.560   471   471 I qdutils : Left Align: 0
07-04 08:40:42.560   471   471 I qdutils : Width Align: 0
07-04 08:40:42.560   471   471 I qdutils : Top Align: 0
07-04 08:40:42.560   471   471 I qdutils : Height Align: 0
07-04 08:40:42.560   471   471 I qdutils : Min ROI Width: 0
07-04 08:40:42.560   471   471 I qdutils : Min ROI Height: 0
07-04 08:40:42.560   471   471 I qdutils : Needs ROI Merge: 0
07-04 08:40:42.560   471   471 I qdutils : Dynamic Fps: Disabled
07-04 08:40:42.560   471   471 I qdutils : Min Panel fps: 0
07-04 08:40:42.560   471   471 I qdutils : Max Panel fps: 0
07-04 08:40:42.762   523   523 E mm-camera-isp2: module_chroma_enhan40_init:90 name chroma_enhan40
07-04 08:40:42.768   523   523 E mm-camera-isp2: module_color_correct40_init:104 name color_correct40
07-04 08:40:42.853   419   419 I zygote  : Explicit concurrent copying GC freed 198(22KB) AllocSpace objects, 0(0B) LOS objects, 99% free, 25KB/6MB, paused 44us total 10.011ms
07-04 08:40:42.862   419   419 I zygote  : Explicit concurrent copying GC freed 9(32KB) AllocSpace objects, 0(0B) LOS objects, 99% free, 25KB/6MB, paused 32us total 8.620ms
07-04 08:40:42.862   419   419 D Zygote32Timing: PostZygoteInitGC took to complete: 20ms
07-04 08:40:42.862   419   419 D Zygote32Timing: ZygoteInit took to complete: 22ms
07-04 08:40:42.864   419   419 I         : seccomp disabled by setenforce 0
07-04 08:40:42.864   419   419 I Zygote  : Accepting command socket connections
07-04 08:40:42.870   523   523 E mm-camera-isp2: module_chroma_enhan40_init:90 name chroma_enhan40
07-04 08:40:42.871   523   523 E mm-camera-isp2: module_color_correct40_init:104 name color_correct40
07-04 08:40:42.875   523   523 E mm-camera-isp2: isp_resource_gen_hws_caps:3687 i 0 isp id 0
07-04 08:40:42.875   523   523 E mm-camera-isp2: isp_resource_gen_hws_caps:3687 i 1 isp id 1
07-04 08:40:42.875   523   523 E mm-camera-isp2: module_isp_init:678 module 0xf2923c20
07-04 08:40:42.943   523   523 E mm-camera: vpe_module_init:26 name=vpe
07-04 08:40:42.943   523   523 E mm-camera: vpe_hardware_find_subdev:719: entity.name=video0 entity.revision=0
07-04 08:40:42.943   523   523 E mm-camera: vpe_hardware_find_subdev:719: entity.name=msm_cci entity.revision=0
07-04 08:40:42.943   523   523 E mm-camera: vpe_hardware_find_subdev:719: entity.name=v4l-subdev0 entity.revision=0
07-04 08:40:42.943   523   523 E mm-camera: vpe_hardware_find_subdev:719: entity.name=v4l-subdev1 entity.revision=0
07-04 08:40:42.943   523   523 E mm-camera: vpe_hardware_find_subdev:719: entity.name=v4l-subdev2 entity.revision=0
07-04 08:40:42.943   523   523 E mm-camera: vpe_hardware_find_subdev:719: entity.name=v4l-subdev3 entity.revision=0
07-04 08:40:42.943   523   523 E mm-camera: vpe_hardware_find_subdev:719: entity.name=v4l-subdev4 entity.revision=0
07-04 08:40:42.943   523   523 E mm-camera: vpe_hardware_find_subdev:719: entity.name=v4l-subdev5 entity.revision=0
07-04 08:40:42.943   523   523 E mm-camera: vpe_hardware_find_subdev:719: entity.name=v4l-subdev6 entity.revision=0
07-04 08:40:42.943   523   523 E mm-camera: vpe_hardware_find_subdev:719: entity.name=v4l-subdev7 entity.revision=0
07-04 08:40:42.943   523   523 E mm-camera: vpe_hardware_find_subdev:719: entity.name=v4l-subdev8 entity.revision=0
07-04 08:40:42.943   523   523 E mm-camera: vpe_hardware_find_subdev:719: entity.name=v4l-subdev9 entity.revision=0
07-04 08:40:42.943   523   523 E mm-camera: vpe_hardware_find_subdev:719: entity.name=v4l-subdev10 entity.revision=0
07-04 08:40:42.943   523   523 E mm-camera: vpe_hardware_find_subdev:719: entity.name=v4l-subdev11 entity.revision=0
07-04 08:40:42.943   523   523 E mm-camera: vpe_hardware_find_subdev:719: entity.name=v4l-subdev12 entity.revision=0
07-04 08:40:42.943   523   523 E mm-camera: vpe_hardware_find_subdev:719: entity.name=v4l-subdev13 entity.revision=0
07-04 08:40:42.943   523   523 E mm-camera: vpe_hardware_find_subdev:719: entity.name=v4l-subdev14 entity.revision=0
07-04 08:40:42.943   523   523 E mm-camera: vpe_hardware_find_subdev:719: entity.name=v4l-subdev15 entity.revision=0
07-04 08:40:42.943   523   523 E mm-camera: vpe_hardware_find_subdev:719: entity.name=v4l-subdev16 entity.revision=0
07-04 08:40:42.943   523   523 E mm-camera: vpe_hardware_find_subdev:719: entity.name=v4l-subdev17 entity.revision=17
07-04 08:40:42.943   523   523 E mm-camera: vpe_hardware_find_subdev:719: entity.name=v4l-subdev18 entity.revision=0
07-04 08:40:42.943   523   523 E mm-camera: vpe_hardware_find_subdev:719: entity.name=v4l-subdev19 entity.revision=0
07-04 08:40:42.943   523   523 E mm-camera: vpe_hardware_find_subdev:719: entity.name=v4l-subdev20 entity.revision=0
07-04 08:40:42.943   523   523 E mm-camera: vpe_hardware_find_subdev:719: entity.name=v4l-subdev21 entity.revision=0
07-04 08:40:42.943   523   523 E mm-camera: vpe_hardware_find_subdev:714: done enumerating media entities
07-04 08:40:42.943   523   523 E mm-camera: vpe_hardware_find_subdev:719: entity.name=video1 entity.revision=0
07-04 08:40:42.943   523   523 E mm-camera: vpe_hardware_find_subdev:714: done enumerating media entities
07-04 08:40:42.944   523   523 E mm-camera: vpe_hardware_find_subdev:719: entity.name=video2 entity.revision=0
07-04 08:40:42.944   523   523 E mm-camera: vpe_hardware_find_subdev:714: done enumerating media entities
07-04 08:40:42.944   523   523 E mm-camera: vpe_hardware_find_subdev:686: no more media devices
07-04 08:40:42.944   523   523 E mm-camera: vpe_hardware_find_subdev:731: no vpe device found.
07-04 08:40:42.944   523   523 E mm-camera: vpe_hardware_create:31: error: cannot find vpe subdev
07-04 08:40:42.944   523   523 E mm-camera: vpe_module_create_vpe_ctrl:141, failed, cannnot create vpe hardware instance
07-04 08:40:42.944   523   523 E mm-camera: vpe_module_init:34 failed
07-04 08:40:42.944   523   523 E mm-camera-vpu: vpu_module_init:54, INFO name=vpu
07-04 08:40:42.944   523   523 E mm-camera-pp: [INFO] base_module_init:142, name=tmod
07-04 08:40:43.012   523   523 E mm-camera-pp: [INFO] base_module_init:142, name=ezt
07-04 08:40:43.069   486   486 D SurfaceFlinger: shader cache generated - 24 shaders in 455.735413 ms
07-04 08:40:43.071   486   486 D SurfaceFlinger: Set power mode=2, type=0 flinger=0x7c3e45f000
07-04 08:40:43.071   486   486 D qdhwcomposer: hwc_setPowerMode: Setting mode 2 on display: 0
07-04 08:40:43.071   486   862 I qdhwcomposer: handle_blank_event: dpy:0 panel power state: 1
07-04 08:40:43.072   486   486 E qdhdmi  : writeHPDOption: file write failed 'hpd'
07-04 08:40:43.072   486   486 D qdhwcomposer: hwc_setPowerMode: Done setting mode 2 on display 0
07-04 08:40:43.100   523   523 I mm-camera: < INFO> 420: void init(): memleak lib init.
07-04 08:40:43.100   523   523 I mm-camera: < INFO> 439: void init(): memleak tracer not attached
07-04 08:40:43.106   486   486 D qdutils : DEBUG_CALC_FPS: 0
07-04 08:40:43.106   486   486 D qdutils : period: 10
07-04 08:40:43.106   486   486 D qdutils : ignorethresh_us: 500000
07-04 08:40:43.169   523   523 E mm-camera-img: frameproc_comp_load_fn_ptrs:880] Warning linking img_algo_frame_ind
07-04 08:40:43.170   523   523 E mm-camera-img: frameproc_comp_load_fn_ptrs:887] Warning linking img_algo_meta_ind
07-04 08:40:43.170   523   523 E mm-camera-img: frameproc_comp_load_fn_ptrs:894] Warning linking img_algo_set_frame_ops
07-04 08:40:43.170   523   523 E mm-camera: module_cac_init:1961] CAC disabled rc 0
07-04 08:40:43.170   523   523 E mm-camera: pproc_module_init:2812 num_sub_mods:6
07-04 08:40:43.171   523   523 E mm-camera-img: Can not discover face-detect device
07-04 08:40:43.171   523   523 E mm-camera-img: Can not find device name
07-04 08:40:43.171   523   523 E mm-camera-img: faceproc_dsp_comp_load:1225] E 
07-04 08:40:43.171   523   523 E mm-camera: module_faceproc_init:2392] HW or DSP FD not available switch to SW
07-04 08:40:43.186   523   523 E mm-camera-img: hdr_comp_reload_lib:1315] Error linking hdrSingleFrameCore
07-04 08:40:43.186   523   523 E hdr     : module_hdr_lib_query_mod:181] Supported scenemode cnt 1
07-04 08:40:43.232   523   523 E mm-camera-img: frameproc_comp_load_fn_ptrs:880] Warning linking img_algo_frame_ind
07-04 08:40:43.233   523   523 E mm-camera-img: frameproc_comp_load_fn_ptrs:887] Warning linking img_algo_meta_ind
07-04 08:40:43.234   523   523 E mm-camera-img: img_dsp_dlopen:127] NOT FOUND llvd 
07-04 08:40:43.255   523   523 E mm-camera-img: frameproc_comp_load_fn_ptrs:880] Warning linking img_algo_frame_ind
07-04 08:40:43.256   523   523 E mm-camera-img: frameproc_comp_load_fn_ptrs:887] Warning linking img_algo_meta_ind
07-04 08:40:43.256   523   523 E mm-camera-img: img_dsp_dlopen:127] NOT FOUND llvd 
07-04 08:40:43.259   898   898 I recovery: Installing new recovery image: failed
07-04 08:40:43.290   511   511 E mm-camera-intf: mm_camera_open: cannot open control fd of '/dev/video1' (I/O error)
07-04 08:40:43.290   511   511 E mm-camera-intf: camera_open: mm_camera_open err = -1
07-04 08:40:43.290   511   511 E QCamera3HWI: static int qcamera::QCamera3HardwareInterface::initCapabilities(uint32_t): camera_open failed. rc = -1, cameraHandle = 0x0
07-04 08:40:43.290   523   523 E mm-camera-img: frameproc_comp_load_fn_ptrs:887] Warning linking img_algo_meta_ind
07-04 08:40:43.290   523   523 E mm-camera-img: img_dsp_dlopen:127] NOT FOUND llvd 
07-04 08:40:43.290   523   523 E mm-camera-img: frameproc_comp_load_fn_ptrs:887] Warning linking img_algo_meta_ind
07-04 08:40:43.290   523   523 E mm-camera-img: img_dsp_dlopen:127] NOT FOUND llvd 
07-04 08:40:43.320   418   418 E ActivityRecognitionHardware: activity_recognition HAL is deprecated. class_init is effectively a no-op
07-04 08:40:43.321   523   523 E mm-camera-img: frameproc_comp_load_fn_ptrs:880] Warning linking img_algo_frame_ind
07-04 08:40:43.321   523   523 E mm-camera-img: frameproc_comp_load_fn_ptrs:887] Warning linking img_algo_meta_ind
07-04 08:40:43.321   523   523 E mm-camera-img: img_dsp_dlopen:127] NOT FOUND llvd 
07-04 08:40:43.325   523   523 E mm-camera-img: frameproc_comp_reload_lib:1049] Error opening frameproc library libmmcamera_stillmore_lib.so error dlopen failed: library "libblurbuster.so" not found
07-04 08:40:43.325   523   523 E mm-camera-img: frameproc_comp_load:937] cannot load libmmcamera_stillmore_lib.so
07-04 08:40:43.325   523   523 E mm-camera: module_imgbase_init_imglib_stillmore:2209] Error rc -6
07-04 08:40:43.325   523   523 E mm-camera-img: module_imglib_create_topology:742] Can not init the module imglib_stillmore
07-04 08:40:43.341   523   523 D mm-camera: mct: mct_controller_new: Creating new mct_controller with session-id 2
07-04 08:40:43.341   523   911 D mm-camera: mct: mct_pipeline_start_session_thread: E sensor
07-04 08:40:43.342   523   912 D mm-camera: mct: mct_pipeline_start_session_thread: E iface
07-04 08:40:43.343   523   913 D mm-camera: mct: mct_pipeline_start_session_thread: E isp
07-04 08:40:43.343   523   913 E mm-camera-isp2: isp_module_start_session:178 session id 2
07-04 08:40:43.345   523   915 D mm-camera: mct: mct_pipeline_start_session_thread: E stats
07-04 08:40:43.345   523   912 D mm-camera: mct: mct_pipeline_start_session_thread: X pproc
07-04 08:40:43.346   523   915 E mm-camera: tcc_init: TCC ver.150418a
07-04 08:40:43.347   523   916 D mm-camera: mct: mct_pipeline_start_session_thread: E pproc
07-04 08:40:43.349   523   913 E mm-camera-isp2: isp_module_start_session:347 num_session_opened 1
07-04 08:40:43.349   523   913 D mm-camera: mct: mct_pipeline_start_session_thread: X imglib
07-04 08:40:43.351   523   915 I libsensor1: sensor1_init_once: Setting log level to 5
07-04 08:40:43.359   523   918 D mm-camera: mct: mct_pipeline_start_session_thread: E imglib
07-04 08:40:43.360   523   918 E mm-camera: module_faceproc_start_session:1844] session cnt 1
07-04 08:40:43.360   523   918 D mm-camera: mct: mct_pipeline_start_session_thread: X imglib
07-04 08:40:43.361   523   915 E mm-camera: sensor_laser_init:144  HW module: id: sensors name: STMicroelectronics VL53L0 sensor module
07-04 08:40:43.361   523   911 E mm-camera: module_sensor_init_session:1245eeprom_name = t4ka3_eeprom
07-04 08:40:43.361   523   915 E Sensors : openInput
07-04 08:40:43.362   523   915 E Sensors : devname: /dev/input/event4
07-04 08:40:43.363   418   418 W Zygote  : Class not found for preloading: android.icu.impl.number.Parse
07-04 08:40:43.383   418   418 I zygote64: Thread[1,tid=418,Native,Thread*=0x7b944c2a00,peer=0x78181e80,"main"] recursive attempt to load library "/system/lib64/libmedia_jni.so"
07-04 08:40:43.383   418   418 D MtpDeviceJNI: register_android_mtp_MtpDevice
07-04 08:40:43.384   418   418 I zygote64: Thread[1,tid=418,Native,Thread*=0x7b944c2a00,peer=0x78181e80,"main"] recursive attempt to load library "/system/lib64/libmedia_jni.so"
07-04 08:40:43.385   418   418 I zygote64: Thread[1,tid=418,Native,Thread*=0x7b944c2a00,peer=0x78181e80,"main"] recursive attempt to load library "/system/lib64/libmedia_jni.so"
07-04 08:40:43.391   523   911 E mm-camera: module_sensor_init_session:1277flash subdev id = -1
07-04 08:40:43.392   523   911 E mm-camera: module_sensor_start_session:1684SUCCESS
07-04 08:40:43.392   523   911 D mm-camera: mct: mct_pipeline_start_session_thread: X imglib
07-04 08:40:43.393   523   916 E mm-camera-pp: [INFO] base_module_start_session:91, E, session=2
07-04 08:40:43.393   523   916 E mm-camera-pp: [INFO] base_module_start_session:91, E, session=2
07-04 08:40:43.393   523   916 D mm-camera: mct: mct_pipeline_start_session_thread: X imglib
07-04 08:40:43.419   523   915 E Sensors : devname: /dev/input/event3
07-04 08:40:43.492   523   915 E Sensors : devname: /dev/input/event1
07-04 08:40:43.523   418   418 I Zygote  : ...preloaded 4715 classes in 1114ms.
07-04 08:40:43.523   418   418 I zygote64: VMRuntime.preloadDexCaches starting
07-04 08:40:43.567   523   915 E Sensors : devname: /dev/input/mice
07-04 08:40:43.587   418   418 I zygote64: VMRuntime.preloadDexCaches strings total=314618 before=10228 after=10228
07-04 08:40:43.587   418   418 I zygote64: VMRuntime.preloadDexCaches types total=26721 before=5496 after=5498
07-04 08:40:43.587   418   418 I zygote64: VMRuntime.preloadDexCaches fields total=127742 before=5508 after=5538
07-04 08:40:43.587   418   418 I zygote64: VMRuntime.preloadDexCaches methods total=225950 before=9948 after=9948
07-04 08:40:43.587   418   418 I zygote64: VMRuntime.preloadDexCaches finished
07-04 08:40:43.587   418   418 D Zygote64Timing: PreloadClasses took to complete: 1178ms
07-04 08:40:43.587   523   915 E Sensors : devname: /dev/input/event0
07-04 08:40:43.663   523   915 E Sensors : devname: /dev/input/event2
07-04 08:40:43.683   882   939 D vndksupport: Loading /vendor/lib64/egl/libEGL_adreno.so from current namespace instead of sphal namespace.
07-04 08:40:43.686   882   939 D libEGL  : loaded /vendor/lib64/egl/libEGL_adreno.so
07-04 08:40:43.703   882   939 D vndksupport: Loading /vendor/lib64/egl/libGLESv1_CM_adreno.so from current namespace instead of sphal namespace.
07-04 08:40:43.703   882   939 D libEGL  : loaded /vendor/lib64/egl/libGLESv1_CM_adreno.so
07-04 08:40:43.736   882   939 D vndksupport: Loading /vendor/lib64/egl/libGLESv2_adreno.so from current namespace instead of sphal namespace.
07-04 08:40:43.737   882   939 D libEGL  : loaded /vendor/lib64/egl/libGLESv2_adreno.so
07-04 08:40:43.752   523   915 E Sensors : couldn't find 'STM VL53L0 proximity sensor' input device
07-04 08:40:43.752   523   915 E Sensors : ProximitySensor::ProximitySensor gets called!
07-04 08:40:43.752   523   915 E Sensors : ProximitySensor: input_name:, input_sysfs_path:/sys/class/input/input
07-04 08:40:43.752   523   915 E Sensors : ProximitySensor::enable function called for stmvl53L0!
07-04 08:40:43.752   523   915 E Sensors : ProximitySensor::enable filename:/sys/class/input/input/enable_ps_sensor
07-04 08:40:43.752   523   915 E Sensors : ProximitySensor::enable: Failed to open file descriptor for enabling VL53L0
07-04 08:40:43.752   523   915 E Sensors : ProximitySensor::enable: Attempted to open file /sys/class/input/input/enable_ps_sensor. Error: -1
07-04 08:40:43.752   523   915 E Sensors : open_sensors gets called!
07-04 08:40:43.752   523   915 E Sensors : is_tof_sensor_available() called
07-04 08:40:43.752   523   915 E Sensors : devname: /dev/input/event4
07-04 08:40:43.755   418   418 I Zygote  : Preloading resources...
07-04 08:40:43.770   882   939 D vndksupport: Loading /odm/lib64/hw/gralloc.msm8992.so from current namespace instead of sphal namespace.
07-04 08:40:43.775   882   939 I Adreno  : QUALCOMM build                   : d3015e9, I25dc76dc3f
07-04 08:40:43.775   882   939 I Adreno  : Build Date                       : 01/26/17
07-04 08:40:43.775   882   939 I Adreno  : OpenGL ES Shader Compiler Version: XE031.09.00.03
07-04 08:40:43.775   882   939 I Adreno  : Local Branch                     : 
07-04 08:40:43.775   882   939 I Adreno  : Remote Branch                    : refs/tags/AU_LINUX_ANDROID_LA.BF64.1.2.3_RB1.07.00.00.258.011
07-04 08:40:43.775   882   939 I Adreno  : Remote Branch                    : NONE
07-04 08:40:43.775   882   939 I Adreno  : Reconstruct Branch               : NOTHING
07-04 08:40:43.776   418   418 W Resources: Preloaded drawable resource #0x1080264 (android:drawable/dialog_background_material) that varies with configuration!!
07-04 08:40:43.784   882   939 I /system/bin/bootanimation: android::hardware::configstore::V1_0::ISurfaceFlingerConfigs::hasWideColorDisplay retrieved: 0
07-04 08:40:43.794   523   915 E Sensors : devname: /dev/input/event3
07-04 08:40:43.803   418   418 I Zygote  : ...preloaded 64 resources in 49ms.
07-04 08:40:43.808   418   418 W Resources: Preloaded color resource #0x1060053 (android:color/btn_default_material_dark) that varies with configuration!!
07-04 08:40:43.809   418   418 I Zygote  : ...preloaded 41 resources in 5ms.
07-04 08:40:43.809   418   418 D Zygote64Timing: PreloadResources took to complete: 222ms
07-04 08:40:43.810   418   418 D vndksupport: Loading /odm/lib64/hw/android.hardware.graphics.mapper@2.0-impl.so from current namespace instead of sphal namespace.
07-04 08:40:43.811   418   418 D vndksupport: Loading /vendor/lib64/hw/android.hardware.graphics.mapper@2.0-impl.so from current namespace instead of sphal namespace.
07-04 08:40:43.812   418   418 D vndksupport: Loading /vendor/lib64/egl/libEGL_adreno.so from current namespace instead of sphal namespace.
07-04 08:40:43.814   418   418 D libEGL  : loaded /vendor/lib64/egl/libEGL_adreno.so
07-04 08:40:43.826   418   418 D vndksupport: Loading /vendor/lib64/egl/libGLESv1_CM_adreno.so from current namespace instead of sphal namespace.
07-04 08:40:43.826   418   418 D libEGL  : loaded /vendor/lib64/egl/libGLESv1_CM_adreno.so
07-04 08:40:43.848   418   418 D vndksupport: Loading /vendor/lib64/egl/libGLESv2_adreno.so from current namespace instead of sphal namespace.
07-04 08:40:43.849   418   418 D libEGL  : loaded /vendor/lib64/egl/libGLESv2_adreno.so
07-04 08:40:43.855   523   915 E Sensors : devname: /dev/input/event1
07-04 08:40:43.857   882   939 D BootAnimation: BootAnimationShownTiming start time: 9713ms
07-04 08:40:43.872   418   418 D vndksupport: Loading /odm/lib64/hw/gralloc.msm8992.so from current namespace instead of sphal namespace.
07-04 08:40:43.877   418   418 I Zygote  : Preloading shared libraries...
07-04 08:40:43.900   882   939 D vndksupport: Loading /odm/lib64/hw/android.hardware.graphics.mapper@2.0-impl.so from current namespace instead of sphal namespace.
07-04 08:40:43.902   882   939 D vndksupport: Loading /odm/lib64/hw/gralloc.msm8992.so from current namespace instead of sphal namespace.
07-04 08:40:43.903   418   418 I Zygote  : Uninstalled ICU cache reference pinning...
07-04 08:40:43.907   418   418 I Zygote  : Installed AndroidKeyStoreProvider in 3ms.
07-04 08:40:43.916   418   418 I Zygote  : Warmed up JCA providers in 9ms.
07-04 08:40:43.916   418   418 D Zygote  : end preload
07-04 08:40:43.916   418   418 D Zygote64Timing: ZygotePreload took to complete: 1546ms
07-04 08:40:43.929   523   915 E Sensors : devname: /dev/input/mice
07-04 08:40:43.939   418   418 I zygote64: Explicit concurrent copying GC freed 29939(2MB) AllocSpace objects, 23(432KB) LOS objects, 79% free, 1554KB/7MB, paused 36us total 22.171ms
07-04 08:40:43.946   486   486 D MDP_SCALE: Debug enabled = 0, Max mixer width= 4096
07-04 08:40:43.960   418   418 I zygote64: Explicit concurrent copying GC freed 5439(198KB) AllocSpace objects, 0(0B) LOS objects, 81% free, 1388KB/7MB, paused 21us total 17.548ms
07-04 08:40:43.961   418   418 D Zygote64Timing: PostZygoteInitGC took to complete: 45ms
07-04 08:40:43.961   418   418 D Zygote64Timing: ZygoteInit took to complete: 1593ms
07-04 08:40:43.962   418   418 I         : seccomp disabled by setenforce 0
07-04 08:40:43.979   523   915 E Sensors : devname: /dev/input/event0
07-04 08:40:44.011   418   418 I Zygote  : System server process 943 has been created
07-04 08:40:44.014   418   418 I Zygote  : Accepting command socket connections
07-04 08:40:44.027   943   943 I Zygote  : Process: zygote socket zygote_secondary opened, supported ABIS: armeabi-v7a,armeabi
07-04 08:40:44.051   482   502 D PerMgrSrv: modem new state: is on-line
07-04 08:40:44.051   482   505 D PerMgrSrv: modem state: is on-line, add client QCRIL
07-04 08:40:44.051   482   505 D PerMgrSrv: QCRIL registered
07-04 08:40:44.052   637   637 D PerMgrLib: QCRIL successfully registered for modem
07-04 08:40:44.064   943   943 W zygote64: ClassLoaderContext size mismatch. expected=1, actual=2 (PCL[] | PCL[];PCL[])
07-04 08:40:44.075   943   943 W zygote64: ClassLoaderContext size mismatch. expected=1, actual=2 (PCL[services.jar*1495685813] | PCL[/system/framework/services.jar*1495685813];PCL[])
07-04 08:40:44.075   523   915 E Sensors : devname: /dev/input/event2
07-04 08:40:44.078   943   943 W zygote64: ClassLoaderContext size mismatch. expected=1, actual=2 (PCL[services.jar*1495685813:ethernet-service.jar*1898347024] | PCL[/system/framework/services.jar*1495685813:/system/framework/ethernet-service.jar*1898347024];PCL[])
07-04 08:40:44.086   943   943 W zygote64: ClassLoaderContext size mismatch. expected=1, actual=2 (PCL[services.jar*1495685813:ethernet-service.jar*1898347024:wifi-service.jar*718363798] | PCL[/system/framework/services.jar*1495685813:/system/framework/ethernet-service.jar*1898347024:/system/framework/wifi-service.jar*718363798];PCL[])
07-04 08:40:44.110   943   943 I SystemServer: InitBeforeStartServices
07-04 08:40:44.110   943   943 I SystemServer: Entered the Android system server!
07-04 08:40:44.115   488   488 I rmt_storage: rmt_storage_connect_cb: clnt_h=0x1 conn_h=0x7a3b02c390
07-04 08:40:44.116   488   488 I rmt_storage: rmt_storage_open_cb: /boot/modem_fs1: clnt_h=0x1: req_h=0x1 msg_id=1: Client found
07-04 08:40:44.116   488   971 I rmt_storage: rmt_storage_client_thread: /boot/modem_fs1: clnt_h=0x1 Worker thread started
07-04 08:40:44.116   488   488 I rmt_storage: rmt_storage_open_cb: /boot/modem_fs1: clnt_h=0x1: req_h=0x1 msg_id=1: Send response: res=0 err=0
07-04 08:40:44.116   488   971 I rmt_storage: wake lock name: rmt_storage_524974073072, name creation success: 24
07-04 08:40:44.116   488   488 I rmt_storage: rmt_storage_disconnect_cb: clnt_h=0x1 conn_h=0x7a3b02c390
07-04 08:40:44.117   488   488 I rmt_storage: rmt_storage_connect_cb: clnt_h=0x2 conn_h=0x7a3b02c390
07-04 08:40:44.117   488   488 I rmt_storage: rmt_storage_open_cb: /boot/modem_fs2: clnt_h=0x2: req_h=0x2 msg_id=1: Client found
07-04 08:40:44.117   488   488 I rmt_storage: rmt_storage_open_cb: /boot/modem_fs2: clnt_h=0x2: req_h=0x2 msg_id=1: Send response: res=0 err=0
07-04 08:40:44.117   488   972 I rmt_storage: rmt_storage_client_thread: /boot/modem_fs2: clnt_h=0x2 Worker thread started
07-04 08:40:44.117   488   972 I rmt_storage: wake lock name: rmt_storage_524973036784, name creation success: 24
07-04 08:40:44.118   488   488 I rmt_storage: rmt_storage_connect_cb: clnt_h=0x3 conn_h=0x7a3b02c3a0
07-04 08:40:44.118   488   488 I rmt_storage: rmt_storage_open_cb: /boot/modem_fsg: clnt_h=0x3: req_h=0x3 msg_id=1: Client found
07-04 08:40:44.118   488   973 I rmt_storage: rmt_storage_client_thread: /boot/modem_fsg: clnt_h=0x3 Worker thread started
07-04 08:40:44.118   488   973 I rmt_storage: wake lock name: rmt_storage_524972000496, name creation success: 24
07-04 08:40:44.118   488   488 I rmt_storage: rmt_storage_open_cb: /boot/modem_fsg: clnt_h=0x3: req_h=0x3 msg_id=1: Send response: res=0 err=0
07-04 08:40:44.118   488   488 I rmt_storage: rmt_storage_disconnect_cb: clnt_h=0x2 conn_h=0x7a3b02c390
07-04 08:40:44.118   488   488 I rmt_storage: rmt_storage_disconnect_cb: clnt_h=0x3 conn_h=0x7a3b02c3a0
07-04 08:40:44.118   488   488 I rmt_storage: rmt_storage_connect_cb: clnt_h=0x4 conn_h=0x7a3b02c3a0
07-04 08:40:44.119   488   488 I rmt_storage: rmt_storage_open_cb: /boot/modem_fsc: clnt_h=0x4: req_h=0x4 msg_id=1: Client found
07-04 08:40:44.119   488   488 I rmt_storage: rmt_storage_open_cb: /boot/modem_fsc: clnt_h=0x4: req_h=0x4 msg_id=1: Send response: res=0 err=0
07-04 08:40:44.119   488   974 I rmt_storage: rmt_storage_client_thread: /boot/modem_fsc: clnt_h=0x4 Worker thread started
07-04 08:40:44.119   488   974 I rmt_storage: wake lock name: rmt_storage_524970964208, name creation success: 24
07-04 08:40:44.119   488   488 I rmt_storage: rmt_storage_disconnect_cb: clnt_h=0x4 conn_h=0x7a3b02c3a0
07-04 08:40:44.120   488   488 I rmt_storage: rmt_storage_connect_cb: clnt_h=0x5 conn_h=0x7a3b02c3a0
07-04 08:40:44.120   488   488 I rmt_storage: rmt_storage_alloc_buff_cb: /boot/modem_fs1: clnt_h=0x2: req_h=0x5 msg_id=4: Alloc request received: Size: 0
07-04 08:40:44.120   488   488 I rmt_storage: rmt_storage_alloc_buff_cb: /boot/modem_fs1: clnt_h=0x2: req_h=0x5 msg_id=4: New client making a dummy request with buffer req size 0
07-04 08:40:44.120   488   488 I rmt_storage: rmt_storage_alloc_buff_cb: /boot/modem_fs1: clnt_h=0x2: req_h=0x5 msg_id=4: Send response: res=0 err=0
07-04 08:40:44.120   488   488 I rmt_storage: rmt_storage_connect_cb: clnt_h=0x6 conn_h=0x7a3b02c390
07-04 08:40:44.120   488   488 I rmt_storage: rmt_storage_rw_iovec_cb: /boot/modem_fs1: clnt_h=0x6: req_h=0x6 msg_id=3: R/W request received
07-04 08:40:44.120   488   488 I rmt_storage: wakelock acquired: 1, error no: 42
07-04 08:40:44.120   488   488 I rmt_storage: rmt_storage_disconnect_cb: clnt_h=0x5 conn_h=0x7a3b02c3a0
07-04 08:40:44.120   488   971 I rmt_storage: rmt_storage_client_thread: /boot/modem_fs1: clnt_h=0x6 Unblock worker thread (th_id: 524974073072)
07-04 08:40:44.121   488   971 I rmt_storage: rmt_storage_client_thread: /boot/modem_fs1: clnt_h=0x6: req_h=0x6 msg_id=3: Bytes read = 512
07-04 08:40:44.121   488   971 I rmt_storage: rmt_storage_client_thread: /boot/modem_fs1: clnt_h=0x6: req_h=0x6 msg_id=3: Send response: res=0 err=0
07-04 08:40:44.121   488   971 I rmt_storage: rmt_storage_client_thread: /boot/modem_fs1: clnt_h=0x6 About to block rmt_storage client thread (th_id: 524974073072) wakelock released: 1, error no: 0
07-04 08:40:44.121   488   971 I rmt_storage: 
07-04 08:40:44.121   488   488 I rmt_storage: rmt_storage_disconnect_cb: clnt_h=0x6 conn_h=0x7a3b02c390
07-04 08:40:44.122   488   488 I rmt_storage: rmt_storage_connect_cb: clnt_h=0x7 conn_h=0x7a3b02c390
07-04 08:40:44.122   488   488 I rmt_storage: rmt_storage_rw_iovec_cb: /boot/modem_fs2: clnt_h=0x7: req_h=0x7 msg_id=3: R/W request received
07-04 08:40:44.122   488   488 I rmt_storage: wakelock acquired: 1, error no: 42
07-04 08:40:44.122   488   972 I rmt_storage: rmt_storage_client_thread: /boot/modem_fs2: clnt_h=0x7 Unblock worker thread (th_id: 524973036784)
07-04 08:40:44.122   488   972 I rmt_storage: rmt_storage_client_thread: /boot/modem_fs2: clnt_h=0x7: req_h=0x7 msg_id=3: Bytes read = 512
07-04 08:40:44.122   488   972 I rmt_storage: rmt_storage_client_thread: /boot/modem_fs2: clnt_h=0x7: req_h=0x7 msg_id=3: Send response: res=0 err=0
07-04 08:40:44.122   488   972 I rmt_storage: rmt_storage_client_thread: /boot/modem_fs2: clnt_h=0x7 About to block rmt_storage client thread (th_id: 524973036784) wakelock released: 1, error no: 0
07-04 08:40:44.122   488   972 I rmt_storage: 
07-04 08:40:44.123   488   488 I rmt_storage: rmt_storage_disconnect_cb: clnt_h=0x7 conn_h=0x7a3b02c390
07-04 08:40:44.123   488   488 I rmt_storage: rmt_storage_connect_cb: clnt_h=0x8 conn_h=0x7a3b02c390
07-04 08:40:44.123   488   488 I rmt_storage: rmt_storage_rw_iovec_cb: /boot/modem_fs2: clnt_h=0x8: req_h=0x8 msg_id=3: R/W request received
07-04 08:40:44.123   488   488 I rmt_storage: wakelock acquired: 1, error no: 42
07-04 08:40:44.124   488   972 I rmt_storage: rmt_storage_client_thread: /boot/modem_fs2: clnt_h=0x8 Unblock worker thread (th_id: 524973036784)
07-04 08:40:44.131   488   972 I rmt_storage: rmt_storage_client_thread: /boot/modem_fs2: clnt_h=0x8: req_h=0x8 msg_id=3: Bytes read = 1571840
07-04 08:40:44.131   488   972 I rmt_storage: rmt_storage_client_thread: /boot/modem_fs2: clnt_h=0x8: req_h=0x8 msg_id=3: Send response: res=0 err=0
07-04 08:40:44.131   488   972 I rmt_storage: rmt_storage_client_thread: /boot/modem_fs2: clnt_h=0x8 About to block rmt_storage client thread (th_id: 524973036784) wakelock released: 1, error no: 0
07-04 08:40:44.131   488   972 I rmt_storage: 
07-04 08:40:44.131   488   488 I rmt_storage: rmt_storage_disconnect_cb: clnt_h=0x8 conn_h=0x7a3b02c390
07-04 08:40:44.157   523   915 E Sensors : No Tof sensor found!!!
07-04 08:40:44.157   523   915 E mm-camera: sensor_laser_init:164  0 sensor supported
07-04 08:40:44.157   523   915 E mm-camera: gyro_port_init:1404  Failure initializing laser sensor. Error: 4
07-04 08:40:44.157   523   915 I CAMERA_SENSOR: start_accel_sensor
07-04 08:40:44.157   523   915 E mm-camera: start_accel_sensor: sensor1_open E
07-04 08:40:44.158   523   915 E mm-camera: start_accel_sensor: sensor1_open X, res = 0
07-04 08:40:44.160   523   975 I CAMERA_SENSOR: accel_data_cb received RESP - SNS_SMGR_REPORT_RESP_V01
07-04 08:40:44.160   523   915 D mm-camera: mct: mct_pipeline_start_session_thread: X imglib
07-04 08:40:44.160   523   523 E mm-camera: module_sensor_query_mod:7021led flash is not supported for this sensor.
07-04 08:40:44.160   523   523 E mm-camera: sensor_get_cur_chromatix_name:2577Error: Load default preview chroamtix
07-04 08:40:44.161   523   523 E mm-camera-sensor: chromatix_load_library_ex : chromatix = libchromatix_t4ka3_snapshot_open.so , lib name = /system/vendor/lib/libchromatix_t4ka3_snapshot_open.so
07-04 08:40:44.163   523   523 E mm-camera-sensor: chromatix_load_library_ex : chromatix = libchromatix_t4ka3_snapshot_open.so , lib name = /system/vendor/lib/libchromatix_t4ka3_snapshot_open.so
07-04 08:40:44.163   523   523 E mm-camera-sensor: chromatix_load_library_ex : chromatix = libchromatix_t4ka3_common_open.so , lib name = /system/vendor/lib/libchromatix_t4ka3_common_open.so
07-04 08:40:44.166   523   523 E mm-camera-sensor: chromatix_load_library_ex : chromatix = libchromatix_t4ka3_cpp_snapshot_open.so , lib name = /system/vendor/lib/libchromatix_t4ka3_cpp_snapshot_open.so
07-04 08:40:44.168   523   523 E mm-camera-sensor: chromatix_load_library_ex : chromatix = libchromatix_t4ka3_cpp_snapshot_open.so , lib name = /system/vendor/lib/libchromatix_t4ka3_cpp_snapshot_open.so
07-04 08:40:44.168   523   523 E mm-camera-sensor: chromatix_load_library_ex : chromatix = libchromatix_t4ka3_cpp_video_open.so , lib name = /system/vendor/lib/libchromatix_t4ka3_cpp_video_open.so
07-04 08:40:44.170   523   523 E mm-camera-sensor: chromatix_load_library_ex : chromatix = libchromatix_t4ka3_postproc_open.so , lib name = /system/vendor/lib/libchromatix_t4ka3_postproc_open.so
07-04 08:40:44.172   523   523 E mm-camera-isp2: isp_resource_query_mod:145 num_isp_preallocate 0 num_session_opened 1 dual_vfe_enabled 0
07-04 08:40:44.172   523   523 E mm-camera: module_faceproc_query_mod:1996] Caps ROI 5 scene_mode_cnt 1 HW analysis supported 0
07-04 08:40:44.172   523   523 E hdr     : module_hdr_lib_query_mod:181] Supported scenemode cnt 2
07-04 08:40:44.172   523   523 D mm-camera: mct: mct_pipeline_process_set:command=800000a
07-04 08:40:44.172   523   523 D mm-camera: mct: mct_pipeline_process_set: Adding new stream: id [0f]
07-04 08:40:44.172   523   523 D mm-camera: mct: mct_pipeline_process_set:command=8000012
07-04 08:40:44.172   523   523 D mm-camera: mct: mct_stream_start_link: Start linking Session-stream 0x2000f
07-04 08:40:44.172   523   523 I mm-camera: module_iface_set_mod_func: set module type = 8, identity 2000f
