01-07 08:14:16.115   611   611 I SystemServer: WaitForDisplay
01-07 08:14:16.115   611   611 I SystemServiceManager: Starting phase 100
01-07 08:14:16.125   611   634 I DisplayManagerService: Display device added: DisplayDeviceInfo{"Built-in Screen": uniqueId="local:0", 1440 x 2560, modeId 1, defaultModeId 1, supportedModes [{id=1, width=1440, height=2560, fps=60.0}], colorMode 0, supportedColorModes [0], HdrCapabilities android.view.Display$HdrCapabilities@40f16308, density 560, 537.882 x 537.388 dpi, appVsyncOff 1000000, presDeadline 16666667, touch INTERNAL, rotation 0, type BUILT_IN, state UNKNOWN, FLAG_DEFAULT_DISPLAY, FLAG_ROTATES_WITH_CONTENT, FLAG_SECURE, FLAG_SUPPORTS_PROTECTED_BUFFERS}
01-07 08:14:16.126   477   477 D SurfaceFlinger: Set power mode=2, type=0 flinger=0x77e0255000
01-07 08:14:16.123   465   465 I auditd  : type=1400 audit(0.0:101): avc: denied { read write } for comm="light@2.0-servi" name="brightness" dev="sysfs" ino=12651 scontext=u:r:hal_light_default:s0 tcontext=u:object_r:sysfs:s0 tclass=file permissive=1
01-07 08:14:16.123   465   465 I light@2.0-servi: type=1400 audit(0.0:101): avc: denied { read write } for name="brightness" dev="sysfs" ino=12651 scontext=u:r:hal_light_default:s0 tcontext=u:object_r:sysfs:s0 tclass=file permissive=1
01-07 08:14:16.129   611   611 D SystemServerTiming: WaitForDisplay took to complete: 14ms
01-07 08:14:16.129   611   611 I sysui_histogram: [boot_package_manager_init_start,9642]
01-07 08:14:16.129   611   611 I sysui_multi_action: [757,804,799,boot_package_manager_init_start,801,9642,802,1]
01-07 08:14:16.129   611   634 I DisplayManagerService: Display device changed state: "Built-in Screen", ON
01-07 08:14:16.129   611   611 I SystemServer: StartPackageManagerService
01-07 08:14:16.131     0     0 I [    9.645198 / 01-07 08:14:16.123][3] mdss_fb_set_bl_brightness: [LCD][WLED] backlight level=82, cal_value=251
01-07 08:14:16.123   465   465 I auditd  : type=1400 audit(0.0:102): avc: denied { open } for comm="light@2.0-servi" path="/sys/devices/soc.0/fd900000.qcom,mdss_mdp/qcom,mdss_fb_primary.188/leds/lcd-backlight/brightness" dev="sysfs" ino=12651 scontext=u:r:hal_light_default:s0 tcontext=u:object_r:sysfs:s0 tclass=file permissive=1
01-07 08:14:16.123   465   465 I light@2.0-servi: type=1400 audit(0.0:102): avc: denied { open } for path="/sys/devices/soc.0/fd900000.qcom,mdss_mdp/qcom,mdss_fb_primary.188/leds/lcd-backlight/brightness" dev="sysfs" ino=12651 scontext=u:r:hal_light_default:s0 tcontext=u:object_r:sysfs:s0 tclass=file permissive=1
01-07 08:14:16.160   611   611 I boot_progress_pms_start: 9672
01-07 08:14:16.174   611   611 D SELinuxMMAC: Using policy file /system/etc/selinux/plat_mac_permissions.xml
01-07 08:14:16.177   611   611 D SELinuxMMAC: Using policy file /vendor/etc/selinux/vendor_mac_permissions.xml
01-07 08:14:16.182   611   611 D FallbackCategoryProvider: Found 1 fallback categories
01-07 08:14:16.357   611   611 I boot_progress_pms_system_scan_start: 9869
01-07 08:14:16.358   611   611 D PackageManager: No files in app dir /vendor/overlay
01-07 08:14:16.358   611   611 D PackageManager: No files in app dir /product/overlay
01-07 08:14:16.376   611   611 W PackageManager: Failed to parse /system/framework/arm: Missing base APK in /system/framework/arm
01-07 08:14:16.376   611   611 W PackageManager: Failed to parse /system/framework/oat: Missing base APK in /system/framework/oat
01-07 08:14:16.376   611   611 W PackageManager: Failed to parse /system/framework/arm64: Missing base APK in /system/framework/arm64
01-07 08:14:16.483     0     0 I [    9.998322 / 01-07 08:14:16.475][0] init: starting service 'vendor.nfc_hal_service'...
01-07 08:14:16.507   654   654 E cutils-trace: Error opening trace file: Permission denied (13)
01-07 08:14:16.508   654   654 D vndksupport: Loading /vendor/lib64/hw/android.hardware.nfc@1.0-impl.so from current namespace instead of sphal namespace.
01-07 08:14:16.509   654   654 E android.hardware.nfc@1.0-impl: hw_get_module nfc_nci failed: -2
01-07 08:14:16.509   654   654 E android.hardware.nfc@1.0-impl: Passthrough failed to load legacy HAL.
01-07 08:14:16.510   654   654 E android.hardware.nfc@1.0-service: Could not get passthrough implementation for android.hardware.nfc@1.0::INfc/default.
01-07 08:14:16.515     0     0 I [   10.027996 / 01-07 08:14:16.507][1] init: Service 'vendor.nfc_hal_service' (pid 654) exited with status 1
01-07 08:14:16.516     0     0 I [   10.028034 / 01-07 08:14:16.507][1] init: Sending signal 9 to service 'vendor.nfc_hal_service' (pid 654) process group...
01-07 08:14:16.516     0     0 I [   10.028636 / 01-07 08:14:16.507][1] libprocessgroup: Successfully killed process cgroup uid 1027 pid 654 in 0ms
01-07 08:14:16.626   611   611 W PackageManager: Failed to parse /system/app/ims: Missing base APK in /system/app/ims
01-07 08:14:16.631     0     0 I         : [   10.143896 / 01-07 08:14:16.623][1] pet_watchdog
01-07 08:14:16.651   611   611 D PackageManager: No files in app dir /system/vendor/priv-app
01-07 08:14:16.651   611   611 D PackageManager: No files in app dir /system/vendor/app
01-07 08:14:16.651   611   611 D PackageManager: No files in app dir /odm/priv-app
01-07 08:14:16.651   611   611 D PackageManager: No files in app dir /odm/app
01-07 08:14:16.653   611   611 D PackageManager: No files in app dir /oem/app
01-07 08:14:16.653   611   611 D PackageManager: No files in app dir /system/product/priv-app
01-07 08:14:16.653   611   611 D PackageManager: No files in app dir /system/product/app
01-07 08:14:16.656   611   611 I PackageManager: Finished scanning system apps. Time: 299 ms, packageCount: 86 , timePerPackage: 3 , cached: 86
01-07 08:14:16.656   611   611 I boot_progress_pms_data_scan_start: 10168
01-07 08:14:16.657   611   611 W PackageManager: Failed to parse /data/app/mcRegistry: No packages found in split
01-07 08:14:16.657   611   611 W PackageManager: Deleting invalid package at /data/app/mcRegistry
01-07 08:14:16.657   611   611 I pm_critical_info: Deleting invalid package at /data/app/mcRegistry
01-07 08:14:16.660   611   611 D PackageManager: No files in app dir /data/app-private
01-07 08:14:16.661   611   611 I PackageManager: Finished scanning non-system apps. Time: 5 ms, packageCount: 0 , timePerPackage: 0 , cached: 0
01-07 08:14:16.664   611   611 I boot_progress_pms_scan_end: 10176
01-07 08:14:16.664   611   611 I PackageManager: Time to scan packages: 0.307 seconds
01-07 08:14:16.670   611   611 V PackageManager: reconcileAppsData for null u0 0x3 migrateAppData=true
01-07 08:14:16.672   611   611 W PackageManager: Destroying /data/user/0/media due to: com.android.server.pm.PackageManagerException: Package media is unknown
01-07 08:14:16.672   611   611 I pm_critical_info: Destroying /data/user/0/media due to: com.android.server.pm.PackageManagerException: Package media is unknown
01-07 08:14:16.695   490   532 I SELinux : SELinux: Loaded file_contexts
01-07 08:14:16.720     0     0 I [   10.233738 / 01-07 08:14:16.711][0] init: starting service 'ppd'...
01-07 08:14:16.720     0     0 E [   10.234558 / 01-07 08:14:16.711][2] init: setsockcreatecon("u:r:camera:s0") failed: Invalid argument
01-07 08:14:16.720     0     0 F [   10.234772 / 01-07 08:14:16.711][2] init: cannot setexeccon('u:r:camera:s0') for ppd: Invalid argument
01-07 08:14:16.720     0     0 I [   10.235495 / 01-07 08:14:16.711][0] init: Service 'ppd' (pid 660) exited with status 6
01-07 08:14:16.720     0     0 I [   10.235589 / 01-07 08:14:16.711][0] init: Sending signal 9 to service 'ppd' (pid 660) process group...
01-07 08:14:16.720     0     0 I [   10.235688 / 01-07 08:14:16.711][0] libprocessgroup: Successfully killed process cgroup uid 1000 pid 660 in 0ms
01-07 08:14:16.838   611   611 V PackageManager: reconcileAppsData finished 19 packages
01-07 08:14:16.839   611   662 D SystemServerInitThreadPool: Started executing prepareAppData
01-07 08:14:16.839   611   611 V PackageManager: Disabling com.google.android.gsf/com.google.android.gsf.update.SystemUpdateActivity
01-07 08:14:16.839   611   611 W PackageManager: Unable to disable com.google.android.gsf/com.google.android.gsf.update.SystemUpdateActivity
01-07 08:14:16.839   611   611 V PackageManager: Disabling com.google.android.gsf/com.google.android.gsf.update.SystemUpdateService$Receiver
01-07 08:14:16.839   611   611 W PackageManager: Unable to disable com.google.android.gsf/com.google.android.gsf.update.SystemUpdateService$Receiver
01-07 08:14:16.839   611   611 V PackageManager: Disabling com.google.android.gsf/com.google.android.gsf.update.SystemUpdateService$SecretCodeReceiver
01-07 08:14:16.839   611   611 W PackageManager: Unable to disable com.google.android.gsf/com.google.android.gsf.update.SystemUpdateService$SecretCodeReceiver
01-07 08:14:16.840   611   611 V PackageManager: Disabling com.google.android.gsf/com.google.android.gsf.update.SystemUpdateServiceReceiver
01-07 08:14:16.840   611   611 W PackageManager: Unable to disable com.google.android.gsf/com.google.android.gsf.update.SystemUpdateServiceReceiver
01-07 08:14:16.840   611   611 V PackageManager: Disabling com.google.android.gms/com.google.android.gms.update.SystemUpdateActivity
01-07 08:14:16.840   611   611 W PackageManager: Unable to disable com.google.android.gms/com.google.android.gms.update.SystemUpdateActivity
01-07 08:14:16.840   611   611 V PackageManager: Disabling com.google.android.gms/com.google.android.gms.update.SystemUpdateService$Receiver
01-07 08:14:16.840   611   611 W PackageManager: Unable to disable com.google.android.gms/com.google.android.gms.update.SystemUpdateService$Receiver
01-07 08:14:16.840   611   611 V PackageManager: Disabling com.google.android.gms/com.google.android.gms.update.SystemUpdateService$ActiveReceiver
01-07 08:14:16.840   611   611 W PackageManager: Unable to disable com.google.android.gms/com.google.android.gms.update.SystemUpdateService$ActiveReceiver
01-07 08:14:16.840   611   611 V PackageManager: Disabling com.google.android.gms/com.google.android.gms.update.SystemUpdateService$SecretCodeReceiver
01-07 08:14:16.840   611   611 W PackageManager: Unable to disable com.google.android.gms/com.google.android.gms.update.SystemUpdateService$SecretCodeReceiver
01-07 08:14:16.840   611   611 V PackageManager: Disabling com.google.android.gms/com.google.android.gms.update.SystemUpdateServiceReceiver
01-07 08:14:16.840   611   611 W PackageManager: Unable to disable com.google.android.gms/com.google.android.gms.update.SystemUpdateServiceReceiver
01-07 08:14:16.840   611   611 V PackageManager: Enabling com.google.android.gsf/com.google.android.gsf.update.SystemUpdateService
01-07 08:14:16.840   611   611 W PackageManager: Unable to enable com.google.android.gsf/com.google.android.gsf.update.SystemUpdateService
01-07 08:14:16.840   611   611 V PackageManager: Enabling com.google.android.gms/com.google.android.gms.update.SystemUpdateService
01-07 08:14:16.840   611   611 W PackageManager: Unable to enable com.google.android.gms/com.google.android.gms.update.SystemUpdateService
01-07 08:14:16.883   490   661 W installd: Ignoring /data/data/com.android.webview/lib with unexpected GID 0 instead of 10049
01-07 08:14:16.927   611   662 D SystemServerTimingAsync: AppDataFixup took to complete: 87ms
01-07 08:14:16.948   611   611 I commit_sys_config_file: [package-user-0,6]
01-07 08:14:16.949   611   611 I commit_sys_config_file: [package,109]
01-07 08:14:16.949   611   611 I boot_progress_pms_ready: 10461
01-07 08:14:16.949   611   611 E PackageManager: There should probably be a verifier, but, none were found
01-07 08:14:16.952   611   611 D PackageManager: Ephemeral resolver NOT found; no matching intent filters
01-07 08:14:16.952   611   611 D PackageManager: Instant App installer not found with android.intent.action.INSTALL_INSTANT_APP_PACKAGE
01-07 08:14:16.952   611   611 D PackageManager: Clear ephemeral installer activity
01-07 08:14:16.968   611   625 I commit_sys_config_file: [package-perms-0,8]
01-07 08:14:17.006   611   611 I system_server: Explicit concurrent copying GC freed 27934(1445KB) AllocSpace objects, 9(312KB) LOS objects, 67% free, 2MB/8MB, paused 174us total 46.861ms
01-07 08:14:17.008   611   611 D SystemServerTiming: StartPackageManagerService took to complete: 879ms
01-07 08:14:17.009   611   611 I sysui_histogram: [boot_package_manager_init_ready,10521]
01-07 08:14:17.009   611   611 I sysui_multi_action: [757,804,799,boot_package_manager_init_ready,801,10521,802,1]
01-07 08:14:17.009   611   611 I SystemServer: StartOtaDexOptService
01-07 08:14:17.010   611   611 D OTADexopt: No upgrade, skipping A/B artifacts check.
01-07 08:14:17.010   611   611 D SystemServerTiming: StartOtaDexOptService took to complete: 1ms
01-07 08:14:17.010   611   611 I SystemServer: StartUserManagerService
01-07 08:14:17.010   611   611 I SystemServiceManager: Starting com.android.server.pm.UserManagerService$LifeCycle
01-07 08:14:17.011   611   611 D SystemServerTiming: StartUserManagerService took to complete: 1ms
01-07 08:14:17.011   611   611 I SystemServer: InitAttributerCache
01-07 08:14:17.011   611   611 D SystemServerTiming: InitAttributerCache took to complete: 0ms
01-07 08:14:17.011   611   611 I SystemServer: SetSystemProcess
01-07 08:14:17.019   611   611 I am_uid_running: 1000
01-07 08:14:17.020   476   476 I lowmemorykiller: lmkd data connection established
01-07 08:14:17.022   611   611 I am_uid_active: 1000
01-07 08:14:17.023   611   611 D SystemServerTiming: SetSystemProcess took to complete: 12ms
01-07 08:14:17.028   611   611 I SystemServer: StartOverlayManagerService
01-07 08:14:17.029   611   611 D SystemServerTiming: StartOverlayManagerService took to complete: 1ms
01-07 08:14:17.029   611   666 D SystemServerInitThreadPool: Started executing Init OverlayManagerService
01-07 08:14:17.030   611   611 I SystemServer: StartBatteryService
01-07 08:14:17.030   611   611 I SystemServiceManager: Starting com.android.server.BatteryService
01-07 08:14:17.034   611   667 D SystemServerInitThreadPool: Started executing StartSensorService
01-07 08:14:17.034   473   473 D vndksupport: Loading /vendor/lib/hw/android.hardware.soundtrigger@2.0-impl.so from current namespace instead of sphal namespace.
01-07 08:14:17.035   611   667 D SensorService: nuSensorService starting...
01-07 08:14:17.039   611   667 D vndksupport: Loading /vendor/lib64/hw/android.hardware.sensors@1.0-impl.so from current namespace instead of sphal namespace.
01-07 08:14:17.040   611   611 I android_os_HwBinder: HwBinder: Starting thread pool for backup::android.hardware.health@2.0::IHealth
01-07 08:14:17.047   473   473 D vndksupport: Loading /vendor/lib/hw/sound_trigger.primary.default.so from current namespace instead of sphal namespace.
01-07 08:14:17.049   473   473 I soundtrigger_hw: stdev_open soundtrigger open.
01-07 08:14:17.049   473   473 E soundtrigger_hw: driver [/dev/soundtrigger_dma_drv] open fail .
01-07 08:14:17.049   473   473 E soundtrigger_hw: Error driver init
01-07 08:14:17.049   473   473 I soundtrigger_hw: [stdev_open]soundtrigger open ret[-1]
01-07 08:14:17.049   473   473 E SoundTriggerHalImpl: couldn't open sound trigger hw device in sound_trigger.primary (Operation not permitted)
01-07 08:14:17.050   473   473 I SoundTriggerHalHidl: getProperties res implementor 
01-07 08:14:17.050   473   473 I SoundTriggerHalHidl: getProperties ret -19
01-07 08:14:17.050   473   473 E SoundTriggerHwService: could not read implementation properties
01-07 08:14:17.059     0     0 W [   10.575675 / 01-07 08:14:17.051][3] healthd: battery l=70 v=3983 t=0.0 h=2 st=2 c=455 chg=u
01-07 08:14:17.051   460   460 I auditd  : type=1400 audit(0.0:103): avc: denied { read } for comm="healthd" name="present" dev="sysfs" ino=18306 scontext=u:r:healthd:s0 tcontext=u:object_r:sysfs:s0 tclass=file permissive=1
01-07 08:14:17.051   460   460 I healthd : type=1400 audit(0.0:103): avc: denied { read } for name="present" dev="sysfs" ino=18306 scontext=u:r:healthd:s0 tcontext=u:object_r:sysfs:s0 tclass=file permissive=1
01-07 08:14:17.060   611   668 I battery_status: [2,2,1,2,Li-ion]
01-07 08:14:17.060   611   668 I battery_level: [70,3983,0]
01-07 08:14:17.061   611   630 E KernelUidCpuFreqTimeReader: Failed to read /proc/uid_time_in_state: java.io.FileNotFoundException: /proc/uid_time_in_state (No such file or directory)
01-07 08:14:17.061   465   465 D lights  : Using onoff pattern: 0xffff00
01-07 08:14:17.061   611   630 E KernelCpuSpeedReader: Failed to read cpu-freq: /sys/devices/system/cpu/cpu4/cpufreq/stats/time_in_state (No such file or directory)
01-07 08:14:17.063     0     0 W [   10.577590 / 01-07 08:14:17.055][3] healthd: battery l=70 v=3983 t=0.0 h=2 st=2 c=455 chg=u
01-07 08:14:17.064   611   630 E KernelUidCpuFreqTimeReader: Failed to read /proc/uid_time_in_state: java.io.FileNotFoundException: /proc/uid_time_in_state (No such file or directory)
01-07 08:14:17.064   611   611 I android_os_HwBinder: HwBinder: Starting thread pool for default::android.hidl.manager@1.0::IServiceManager
01-07 08:14:17.065   611   630 E KernelUidCpuFreqTimeReader: Failed to read /proc/uid_time_in_state: java.io.FileNotFoundException: /proc/uid_time_in_state (No such file or directory)
01-07 08:14:17.065   611   630 E KernelCpuSpeedReader: Failed to read cpu-freq: /sys/devices/system/cpu/cpu4/cpufreq/stats/time_in_state (No such file or directory)
01-07 08:14:17.067   611   611 I HealthServiceWrapper: health: HealthServiceWrapper listening to instance backup
01-07 08:14:17.067   611   611 I BatteryService: health: Waited 0ms and received the update.
01-07 08:14:17.069   611   611 D SystemServerTiming: StartBatteryService took to complete: 39ms
01-07 08:14:17.069   611   611 I SystemServer: StartUsageService
01-07 08:14:17.069   611   611 I SystemServiceManager: Starting com.android.server.usage.UsageStatsService
01-07 08:14:17.073   611   671 I android_os_HwBinder: HwBinder: Starting thread pool for backup::android.hardware.health@2.0::IHealth
01-07 08:14:17.096   611   667 I sensors_hal_Ctx: enableLogging: Setting log level to 5
01-07 08:14:17.096   611   667 E sensors_hal_Ctx: enableLogging: Mag filter level is 1
01-07 08:14:17.096   611   667 I libsensor1: sensor1_init_once: Setting log level to 5
01-07 08:14:17.114   611   611 I UsageStatsService: User[0] Rollover scheduled @ 2015-01-08 08:14:17(1420704857108)
01-07 08:14:17.115   611   611 D SystemServerTiming: StartUsageService took to complete: 45ms
01-07 08:14:17.115   611   611 I SystemServer: StartWebViewUpdateService
01-07 08:14:17.115   611   611 I SystemServiceManager: Starting com.android.server.webkit.WebViewUpdateService
01-07 08:14:17.119   611   611 D SystemServerTiming: StartWebViewUpdateService took to complete: 4ms
01-07 08:14:17.119   611   611 I SystemServer: StartBinderCallsStatsService
01-07 08:14:17.120   611   611 D SystemServerTiming: StartBinderCallsStatsService took to complete: 1ms
01-07 08:14:17.120   611   611 I SystemServer: StartKeyAttestationApplicationIdProviderService
01-07 08:14:17.120   611   624 D SystemServerInitThreadPool: Started executing SecondaryZygotePreload
01-07 08:14:17.120   611   624 I SystemServer: SecondaryZygotePreload
01-07 08:14:17.122   611   611 D SystemServerTiming: StartKeyAttestationApplicationIdProviderService took to complete: 2ms
01-07 08:14:17.122   611   611 I SystemServer: StartKeyChainSystemService
01-07 08:14:17.122   611   611 I SystemServiceManager: Starting com.android.server.security.KeyChainSystemService
01-07 08:14:17.122   611   611 D SystemServerTiming: StartKeyChainSystemService took to complete: 0ms
01-07 08:14:17.122   611   611 I SystemServer: StartSchedulingPolicyService
01-07 08:14:17.124   611   611 D SystemServerTiming: StartSchedulingPolicyService took to complete: 1ms
01-07 08:14:17.124   611   611 I SystemServer: StartTelecomLoaderService
01-07 08:14:17.124   611   611 I SystemServiceManager: Starting com.android.server.telecom.TelecomLoaderService
01-07 08:14:17.124   611   611 D SystemServerTiming: StartTelecomLoaderService took to complete: 0ms
01-07 08:14:17.124   611   611 I SystemServer: StartTelephonyRegistry
01-07 08:14:17.126   611   611 D SystemServerTiming: StartTelephonyRegistry took to complete: 2ms
01-07 08:14:17.126   611   611 I SystemServer: StartEntropyMixer
01-07 08:14:17.129   611   611 W EntropyMixer: Failed to add HW RNG output to entropy pool
01-07 08:14:17.129   611   611 W EntropyMixer: java.io.FileNotFoundException: /dev/hw_random (Permission denied)
01-07 08:14:17.129   611   611 W EntropyMixer: 	at java.io.FileInputStream.open0(Native Method)
01-07 08:14:17.129   611   611 W EntropyMixer: 	at java.io.FileInputStream.open(FileInputStream.java:231)
01-07 08:14:17.129   611   611 W EntropyMixer: 	at java.io.FileInputStream.<init>(FileInputStream.java:165)
01-07 08:14:17.129   611   611 W EntropyMixer: 	at java.io.FileInputStream.<init>(FileInputStream.java:112)
01-07 08:14:17.129   611   611 W EntropyMixer: 	at com.android.server.RandomBlock.fromFile(RandomBlock.java:45)
01-07 08:14:17.129   611   611 W EntropyMixer: 	at com.android.server.EntropyMixer.addHwRandomEntropy(EntropyMixer.java:205)
01-07 08:14:17.129   611   611 W EntropyMixer: 	at com.android.server.EntropyMixer.<init>(EntropyMixer.java:115)
01-07 08:14:17.129   611   611 W EntropyMixer: 	at com.android.server.EntropyMixer.<init>(EntropyMixer.java:97)
01-07 08:14:17.129   611   611 W EntropyMixer: 	at com.android.server.SystemServer.startOtherServices(SystemServer.java:805)
01-07 08:14:17.129   611   611 W EntropyMixer: 	at com.android.server.SystemServer.run(SystemServer.java:431)
01-07 08:14:17.129   611   611 W EntropyMixer: 	at com.android.server.SystemServer.main(SystemServer.java:294)
01-07 08:14:17.129   611   611 W EntropyMixer: 	at java.lang.reflect.Method.invoke(Native Method)
01-07 08:14:17.129   611   611 W EntropyMixer: 	at com.android.internal.os.RuntimeInit$MethodAndArgsCaller.run(RuntimeInit.java:495)
01-07 08:14:17.129   611   611 W EntropyMixer: 	at com.android.internal.os.ZygoteInit.main(ZygoteInit.java:838)
01-07 08:14:17.129   611   611 I EntropyMixer: Writing entropy...
01-07 08:14:17.131   611   624 I Zygote  : Process: zygote socket RESERVED/zygote opened, supported ABIS: arm64-v8a
01-07 08:14:17.136   611   611 D SystemServerTiming: StartEntropyMixer took to complete: 10ms
01-07 08:14:17.136   611   611 I SystemServer: StartAccountManagerService
01-07 08:14:17.136   611   611 I SystemServiceManager: Starting com.android.server.accounts.AccountManagerService$Lifecycle
01-07 08:14:17.141   611   611 D SystemServerTiming: StartAccountManagerService took to complete: 6ms
01-07 08:14:17.141   611   611 I SystemServer: StartContentService
01-07 08:14:17.142   611   611 I SystemServiceManager: Starting com.android.server.content.ContentService$Lifecycle
01-07 08:14:17.150   611   611 D SystemServerTiming: StartContentService took to complete: 8ms
01-07 08:14:17.150   611   611 I SystemServer: InstallSystemProviders
01-07 08:14:17.152   611   624 I Zygote  : Process: zygote socket RESERVED/zygote_secondary opened, supported ABIS: armeabi-v7a,armeabi
01-07 08:14:17.163   422   422 I Zygote  : Lazily preloading resources.
01-07 08:14:17.163   422   422 D Zygote  : begin preload
01-07 08:14:17.163   422   422 I Zygote  : Installing ICU cache reference pinning...
01-07 08:14:17.164   422   422 I Zygote  : Preloading ICU data...
01-07 08:14:17.182   422   422 D ZygoteInitTiming_lazy: BeginIcuCachePinning took to complete: 18ms
01-07 08:14:17.182   422   422 I Zygote  : Preloading classes...
01-07 08:14:17.217   611   625 I commit_sys_config_file: [package-perms-0,29]
01-07 08:14:17.235   422   422 I PackageBackwardCompatibility: Loaded android.content.pm.OrgApacheHttpLegacyUpdater
01-07 08:14:17.235   422   422 I PackageBackwardCompatibility: Could not find android.content.pm.AndroidTestBaseUpdater, ignoring
01-07 08:14:17.521   611   666 D SystemServerInitThreadPool: Finished executing Init OverlayManagerService
01-07 08:14:17.521   611   666 D SystemServerInitThreadPool: Started executing SchedulingPolicyService.<init>
01-07 08:14:17.531   611   666 I SchedulingPolicyService: Moving 499 back to group default
01-07 08:14:17.531   611   666 W SchedPolicy: add_tid_to_cgroup failed to write '499' (Permission denied); fd=26
01-07 08:14:17.531   611   666 W SchedulingPolicyService: Couldn't move pid 499 back to group default
01-07 08:14:17.531   611   666 D SystemServerInitThreadPool: Finished executing SchedulingPolicyService.<init>
01-07 08:14:17.539   611   633 I commit_sys_config_file: [overlays,20]
01-07 08:14:17.590   422   422 E ActivityRecognitionHardware: activity_recognition HAL is deprecated. class_init is effectively a no-op
01-07 08:14:17.698   422   422 I zygote  : Thread[1,tid=422,Native,Thread*=0xecf59000,peer=0xfb00088,"main"] recursive attempt to load library "/system/lib/libmedia_jni.so"
01-07 08:14:17.699   422   422 D MtpDeviceJNI: register_android_mtp_MtpDevice
01-07 08:14:17.699   422   422 I zygote  : Thread[1,tid=422,Native,Thread*=0xecf59000,peer=0xfb00088,"main"] recursive attempt to load library "/system/lib/libmedia_jni.so"
01-07 08:14:17.835   422   422 D TelephonyManager: /proc/cmdline=sched_enable_hmp=1 sched_enable_power_aware=1 console=ttyHSL0,115200,n8 androidboot.console=ttyHSL0 androidboot.hardware=qcom user_debug=31 ehci-hcd.park=3 lpm_levels.sleep_disabled=1 msm_rtb.filter=0x37 boot_cpus=0-5 buildvariant=userdebug lge.rev=rev_10 model.name=LG-H815 lge.sim_num=1 lge.battid=ISL6296_L lge.bootreason=0x0 maxcpus boot_cpus=0-3 kswitch cc_mode=0 androidboot.bl_unlock_complete=true androidboot.dlcomplete=0 gpt bootcable.type=400MA androidboot.ddr_size=3221225472 androidboot.ddr_info=0x3b000206 fakebattery=disable lge.bootreasoncode=0x0 lge.hreset=off lge.dsds=none androidboot.revision=11 fips_allow_others=1 fips_panic=0 fips=0 lge.signed_image=false androidboot.verifiedbootstate=orange androidboot.bootdevice=f9824900.sdhci androidboot.serialno=LGH81510a0c098 androidboot.authorized_kernel=true lge.signed_image=true lge.dsv_id=DW androidboot.baseband=msm mdss_mdp.panel=1:dsi:0:qcom,mdss_dsi_jdi_nt36850_1440p_mipi0_cmd:1:qcom,mdss_dsi_jdi_nt36850_1440p_mipi1_cmd
01-07 08:14:17.894   611   662 D SystemServerTimingAsync: AppDataPrepare took to complete: 967ms
01-07 08:14:17.894   611   662 I PackageManager: Deferred reconcileAppsData finished 67 packages
01-07 08:14:17.894   611   662 D SystemServerInitThreadPool: Finished executing prepareAppData
01-07 08:14:17.700   422   422 I zygote  : Thread[1,tid=422,Native,Thread*=0xecf59000,peer=0xfb00088,"main"] recursive attempt to load library "/system/lib/libmedia_jni.so"
01-07 08:14:17.965   422   422 I Zygote  : ...preloaded 6535 classes in 783ms.
01-07 08:14:17.965   422   422 I zygote  : VMRuntime.preloadDexCaches starting
01-07 08:14:18.040   422   422 I zygote  : VMRuntime.preloadDexCaches strings total=338926 before=12314 after=12314
01-07 08:14:18.040   422   422 I zygote  : VMRuntime.preloadDexCaches types total=31345 before=7821 after=7822
01-07 08:14:18.040   422   422 I zygote  : VMRuntime.preloadDexCaches fields total=140712 before=9178 after=9178
01-07 08:14:18.040   422   422 I zygote  : VMRuntime.preloadDexCaches methods total=247710 before=12780 after=12780
01-07 08:14:18.040   422   422 I zygote  : VMRuntime.preloadDexCaches finished
01-07 08:14:18.040   422   422 D ZygoteInitTiming_lazy: PreloadClasses took to complete: 858ms
01-07 08:14:18.069   422   422 I AssetManager: no overlays.list file found
01-07 08:14:18.074   422   422 I Zygote  : Preloading resources...
01-07 08:14:18.087   422   422 W Resources: Preloaded drawable resource #0x1080265 (android:drawable/dialog_background_material) that varies with configuration!!
01-07 08:14:18.114   422   422 I Zygote  : ...preloaded 64 resources in 40ms.
01-07 08:14:18.121   422   422 I Zygote  : ...preloaded 41 resources in 6ms.
01-07 08:14:18.121   422   422 D ZygoteInitTiming_lazy: PreloadResources took to complete: 81ms
01-07 08:14:18.122   422   422 D vndksupport: Loading /vendor/lib/hw/android.hardware.graphics.mapper@2.0-impl.so from current namespace instead of sphal namespace.
01-07 08:14:18.126   422   422 D vndksupport: Loading /vendor/lib/egl/libEGL_adreno.so from current namespace instead of sphal namespace.
01-07 08:14:18.132   422   422 D libEGL  : loaded /vendor/lib/egl/libEGL_adreno.so
01-07 08:14:18.194   422   422 D vndksupport: Loading /vendor/lib/egl/libGLESv1_CM_adreno.so from current namespace instead of sphal namespace.
01-07 08:14:18.197   422   422 D libEGL  : loaded /vendor/lib/egl/libGLESv1_CM_adreno.so
01-07 08:14:18.237   422   422 D vndksupport: Loading /vendor/lib/egl/libGLESv2_adreno.so from current namespace instead of sphal namespace.
01-07 08:14:18.238   422   422 D libEGL  : loaded /vendor/lib/egl/libGLESv2_adreno.so
01-07 08:14:18.283   422   422 D vndksupport: Loading /vendor/lib/hw/gralloc.msm8992.so from current namespace instead of sphal namespace.
01-07 08:14:18.292   422   422 I Zygote  : Preloading shared libraries...
01-07 08:14:18.303   422   422 I Zygote  : Uninstalled ICU cache reference pinning...
01-07 08:14:18.304   422   422 I Zygote  : Installed AndroidKeyStoreProvider in 1ms.
01-07 08:14:18.318   422   422 I Zygote  : Warmed up JCA providers in 14ms.
01-07 08:14:18.318   422   422 D Zygote  : end preload
01-07 08:14:18.318   611   624 D SystemServerTimingAsync: SecondaryZygotePreload took to complete: 1197ms
01-07 08:14:18.318   611   624 D SystemServerInitThreadPool: Finished executing SecondaryZygotePreload
01-07 08:14:20.108   611   667 E libsensor1: sensor1_open: Error in connect() errno=2 No such file or directory
01-07 08:14:20.108   611   667 E sensors_hal_Ctx: sensor1 open failed!
01-07 08:14:20.109   611   667 I         : Loaded library from sensors.ssc.so
01-07 08:14:20.110   611   667 E system_server: HAL specifies version 1.4, but does not implement set_operation_mode()
01-07 08:14:20.112   611   667 E         : IGNORED register_direct_channel(mem=0x0, handle=-1) call to non-API-compliant sensor
01-07 08:14:20.118   611   667 D SystemServerTimingAsync: StartSensorService took to complete: 3084ms
01-07 08:14:20.118   611   667 D SystemServerInitThreadPool: Finished executing StartSensorService
01-07 08:14:20.158   611   611 I SettingsState: No settings state /data/system/users/0/settings_ssaid.xml
01-07 08:14:20.171   611   611 D SystemServerTiming: InstallSystemProviders took to complete: 3021ms
01-07 08:14:20.171   611   611 I SystemServer: StartDropBoxManager
01-07 08:14:20.171   611   611 I SystemServiceManager: Starting com.android.server.DropBoxManagerService
01-07 08:14:20.172   611   611 D SystemServerTiming: StartDropBoxManager took to complete: 1ms
01-07 08:14:20.172   611   611 I SystemServer: StartVibratorService
01-07 08:14:20.174   611   611 D vndksupport: Loading /vendor/lib64/hw/android.hardware.vibrator@1.0-impl.so from current namespace instead of sphal namespace.
01-07 08:14:20.178   611   611 D vndksupport: Loading /vendor/lib64/hw/vibrator.default.so from current namespace instead of sphal namespace.
01-07 08:14:20.181   611   611 D         : Vibrator using timed_output
01-07 08:14:20.182   611   611 D vndksupport: Loading /vendor/lib64/hw/android.hardware.vibrator@1.0-impl.so from current namespace instead of sphal namespace.
01-07 08:14:20.183   611   611 D vndksupport: Loading /vendor/lib64/hw/vibrator.default.so from current namespace instead of sphal namespace.
01-07 08:14:20.185   611   611 D         : Vibrator using timed_output
01-07 08:14:20.187   611   611 D vndksupport: Loading /vendor/lib64/hw/android.hardware.vibrator@1.0-impl.so from current namespace instead of sphal namespace.
01-07 08:14:20.188   611   611 D vndksupport: Loading /vendor/lib64/hw/vibrator.default.so from current namespace instead of sphal namespace.
01-07 08:14:20.189   611   611 D         : Vibrator using timed_output
01-07 08:14:20.192   611   611 D SystemServerTiming: StartVibratorService took to complete: 20ms
01-07 08:14:20.192   611   611 I SystemServer: StartConsumerIrService
01-07 08:14:20.194   611   611 D vndksupport: Loading /vendor/lib64/hw/android.hardware.ir@1.0-impl.so from current namespace instead of sphal namespace.
01-07 08:14:20.203   611   611 D SystemServerTiming: StartConsumerIrService took to complete: 11ms
01-07 08:14:20.203   611   611 I SystemServer: StartAlarmManagerService
01-07 08:14:20.203   611   611 I SystemServiceManager: Starting com.android.server.AlarmManagerService
01-07 08:14:20.204   611   611 D AlarmManagerService: Kernel timezone updated to 0 minutes west of GMT
01-07 08:14:20.205   611   611 I AlarmManager: Current time only 1420618460205, advancing to build time 1536573875000
01-07 08:14:20.205   611   611 D AlarmManagerService: Setting time of day to sec=1536573875
09-10 10:04:35.000   611   611 W AlarmManagerService: Unable to set rtc to 1536573875: Invalid argument
09-10 10:04:35.004   611   611 D SystemServerTiming: StartAlarmManagerService took to complete: 7ms
09-10 10:04:35.004   611   611 I SystemServer: InitWatchdog
09-10 10:04:35.005   611   611 D SystemServerTiming: InitWatchdog took to complete: 0ms
09-10 10:04:35.005   611   611 I SystemServer: StartInputManagerService
09-10 10:04:35.005   611   611 I InputManager: Initializing input manager, mUseDevInputEventForAudioJack=true
09-10 10:04:35.006   611   611 D SystemServerTiming: StartInputManagerService took to complete: 1ms
09-10 10:04:35.006   611   611 I SystemServer: StartWindowManagerService
09-10 10:04:35.022   611   634 I WindowManager: No existing display settings /data/system/display_settings.xml; starting empty
09-10 10:04:35.033   611   611 D SystemServerTiming: StartWindowManagerService took to complete: 27ms
09-10 10:04:35.033   611   611 I SystemServer: SetWindowManagerService
09-10 10:04:35.070   611   611 I wm_stack_created: 0
09-10 10:04:35.073   611   611 D SystemServerTiming: SetWindowManagerService took to complete: 40ms
09-10 10:04:35.073   611   611 I SystemServer: WindowManagerServiceOnInitReady
09-10 10:04:35.082     0     0 I [   13.801547 / 09-10 10:04:35.075][2] init: processing action (sys.sysctl.extra_free_kbytes=*) from (/init.rc:725)
09-10 10:04:35.088   611   611 D SystemServerTiming: WindowManagerServiceOnInitReady took to complete: 16ms
09-10 10:04:35.089   611   611 I SystemServer: StartVrManagerService
09-10 10:04:35.089   611   666 D SystemServerInitThreadPool: Started executing StartHidlServices
09-10 10:04:35.089   611   611 I SystemServiceManager: Starting com.android.server.vr.VrManagerService
09-10 10:04:35.091   611   611 W VrManagerService: init_native: Could not open IVr interface
09-10 10:04:35.092   611   666 D SystemServerTimingAsync: StartHidlServices took to complete: 4ms
09-10 10:04:35.092   611   611 D SystemServerTiming: StartVrManagerService took to complete: 4ms
09-10 10:04:35.092   611   666 D SystemServerInitThreadPool: Finished executing StartHidlServices
09-10 10:04:35.092   611   611 I SystemServer: StartInputManager
09-10 10:04:35.092   611   611 I InputManager: Starting input manager
09-10 10:04:35.095   611   611 D SystemServerTiming: StartInputManager took to complete: 2ms
09-10 10:04:35.095   611   611 I SystemServer: DisplayManagerWindowManagerAndInputReady
09-10 10:04:35.095   611   611 D SystemServerTiming: DisplayManagerWindowManagerAndInputReady took to complete: 0ms
09-10 10:04:35.095   611   611 I SystemServer: StartBluetoothService
09-10 10:04:35.095   611   611 I SystemServiceManager: Starting com.android.server.BluetoothService
09-10 10:04:35.097   611   611 D BluetoothManagerService: Loading stored name and address
09-10 10:04:35.098   611   611 D BluetoothManagerService: Stored bluetooth Name=null,Address=null
09-10 10:04:35.098   611   611 D BluetoothManagerService: Bluetooth persisted state: 0
09-10 10:04:35.099   611   611 D BluetoothManagerService: Detected SystemUiUid: 10020
09-10 10:04:35.099   611   611 D SystemServerTiming: StartBluetoothService took to complete: 5ms
09-10 10:04:35.099   611   611 I SystemServer: IpConnectivityMetrics
09-10 10:04:35.099   611   611 I SystemServiceManager: Starting com.android.server.connectivity.IpConnectivityMetrics
09-10 10:04:35.100   611   611 D SystemServerTiming: IpConnectivityMetrics took to complete: 0ms
09-10 10:04:35.100   611   611 I SystemServer: NetworkWatchlistService
09-10 10:04:35.100   611   611 I SystemServiceManager: Starting com.android.server.net.watchlist.NetworkWatchlistService$Lifecycle
09-10 10:04:35.111   611   686 D EventHub: No input device configuration file found for device 'msm8994-tomtom-snd-card Headset Jack'.
09-10 10:04:35.111   611   686 I EventHub: wakeMechanism=EPOLLWAKEUP, usingClockIoctl=true
09-10 10:04:35.111   611   686 I EventHub: New device: id=1, fd=116, path='/dev/input/event4', name='msm8994-tomtom-snd-card Headset Jack', classes=0x80, configuration='', keyLayout='', keyCharacterMap='', builtinKeyboard=false, 
09-10 10:04:35.112   611   686 D EventHub: No input device configuration file found for device 'msm8994-tomtom-snd-card Button Jack'.
09-10 10:04:35.118   611   686 W EventHub: Unable to disable kernel key repeat for /dev/input/event3: Function not implemented
09-10 10:04:35.118   611   686 I EventHub: wakeMechanism=EPOLLWAKEUP, usingClockIoctl=true
09-10 10:04:35.118   611   686 I EventHub: New device: id=2, fd=118, path='/dev/input/event3', name='msm8994-tomtom-snd-card Button Jack', classes=0x1, configuration='', keyLayout='/system/usr/keylayout/Generic.kl', keyCharacterMap='/system/usr/keychars/Generic.kcm', builtinKeyboard=false, 
09-10 10:04:35.118   611   686 D EventHub: No input device configuration file found for device 'qpnp_pon'.
09-10 10:04:35.122   611   686 W EventHub: Unable to disable kernel key repeat for /dev/input/event1: Function not implemented
09-10 10:04:35.122   611   686 I EventHub: wakeMechanism=EPOLLWAKEUP, usingClockIoctl=true
09-10 10:04:35.122   611   686 I EventHub: New device: id=3, fd=119, path='/dev/input/event1', name='qpnp_pon', classes=0x1, configuration='', keyLayout='/system/usr/keylayout/Generic.kl', keyCharacterMap='/system/usr/keychars/Generic.kcm', builtinKeyboard=false, 
09-10 10:04:35.122   611   686 E EventHub: could not get driver version for /dev/input/mice, Not a typewriter
09-10 10:04:35.153   611   686 D EventHub: No input device configuration file found for device 'touch_dev'.
09-10 10:04:35.157   611   686 W EventHub: Unable to disable kernel key repeat for /dev/input/event0: Function not implemented
09-10 10:04:35.157   611   686 I EventHub: wakeMechanism=EPOLLWAKEUP, usingClockIoctl=true
09-10 10:04:35.157   611   686 I EventHub: New device: id=4, fd=120, path='/dev/input/event0', name='touch_dev', classes=0x15, configuration='', keyLayout='/system/usr/keylayout/Generic.kl', keyCharacterMap='/system/usr/keychars/Generic.kcm', builtinKeyboard=false, 
09-10 10:04:35.157   611   686 D EventHub: No input device configuration file found for device 'gpio-keys'.
09-10 10:04:35.161   611   686 W EventHub: Unable to disable kernel key repeat for /dev/input/event2: Function not implemented
09-10 10:04:35.161   611   686 I EventHub: wakeMechanism=EPOLLWAKEUP, usingClockIoctl=true
09-10 10:04:35.161   611   686 I EventHub: New device: id=5, fd=121, path='/dev/input/event2', name='gpio-keys', classes=0x81, configuration='', keyLayout='/system/usr/keylayout/Generic.kl', keyCharacterMap='/system/usr/keychars/Generic.kcm', builtinKeyboard=false, 
09-10 10:04:35.198   611   611 I WatchlistSettings: Reload watchlist settings done
09-10 10:04:35.199   611   687 I WatchlistLoggingHandler: No need to aggregate record yet.
09-10 10:04:35.199   611   687 I WatchlistLoggingHandler: Milliseconds spent on tryAggregateRecords(): 0
09-10 10:04:35.199   611   611 W SystemServiceManager: Service com.android.server.net.watchlist.NetworkWatchlistService$Lifecycle took 99 ms in onStart
09-10 10:04:35.199   611   611 D SystemServerTiming: NetworkWatchlistService took to complete: 99ms
09-10 10:04:35.199   611   611 I SystemServer: PinnerService
09-10 10:04:35.199   611   611 I SystemServiceManager: Starting com.android.server.PinnerService
09-10 10:04:35.201   611   611 D SystemServerTiming: PinnerService took to complete: 1ms
09-10 10:04:35.201   611   611 I SystemServer: StartInputMethodManagerLifecycle
09-10 10:04:35.201   611   611 I SystemServiceManager: Starting com.android.server.InputMethodManagerService$Lifecycle
09-10 10:04:35.209   611   611 D SystemServerTiming: StartInputMethodManagerLifecycle took to complete: 9ms
09-10 10:04:35.210   611   611 I SystemServer: StartAccessibilityManagerService
09-10 10:04:35.213   611   611 D SystemServerTiming: StartAccessibilityManagerService took to complete: 3ms
09-10 10:04:35.213   611   611 I SystemServer: MakeDisplayReady
09-10 10:04:35.215   611   611 I configuration_changed: 536894968
09-10 10:04:35.215   611   611 I ActivityManager: Config changes=20005df8 {1.0 ?mcc?mnc [en_US] ldltr sw411dp w411dp h731dp 560dpi nrml long port ?uimode ?night -touch -keyb/h/h -nav/h winConfig={ mBounds=Rect(0, 0 - 0, 0) mAppBounds=Rect(0, 0 - 1440, 2560) mWindowingMode=fullscreen mActivityType=undefined} s.2}
09-10 10:04:35.216   611   625 I UsageStatsService: Time changed in UsageStats by 115955414 seconds
09-10 10:04:35.216   611   625 I UsageStatsDatabase: Time changed by +1342d1h50m14s795ms. files deleted: 0 files moved: 0
09-10 10:04:35.216   611   625 I UsageStatsService: User[0] Rollover scheduled @ 2018-09-11 10:04:35(1536660275216)
09-10 10:04:35.224   611   611 I ActivityManager: Override config changes=60007dfc {1.0 ?mcc?mnc [en_US] ldltr sw411dp w411dp h731dp 560dpi nrml long port ?uimode ?night -touch -keyb/h/h -nav/h winConfig={ mBounds=Rect(0, 0 - 1440, 2560) mAppBounds=Rect(0, 0 - 1440, 2560) mWindowingMode=fullscreen mActivityType=undefined} s.2} for displayId=0
09-10 10:04:35.228   611   611 I configuration_changed: 536872192
09-10 10:04:35.228   611   611 I ActivityManager: Config changes=20000500 {1.0 ?mcc?mnc [en_US] ldltr sw411dp w411dp h659dp 560dpi nrml port ?uimode ?night -touch -keyb/h/h -nav/h winConfig={ mBounds=Rect(0, 0 - 0, 0) mAppBounds=Rect(0, 0 - 1440, 2392) mWindowingMode=fullscreen mActivityType=undefined} s.3}
09-10 10:04:35.236   611   686 I InputReader: Device added: id=-1, name='Virtual', sources=0x00000301
09-10 10:04:35.236   611   686 I InputReader: Device added: id=5, name='gpio-keys', sources=0x80000101
09-10 10:04:35.236   611   611 I ActivityManager: Override config changes=20000500 {1.0 ?mcc?mnc [en_US] ldltr sw411dp w411dp h659dp 560dpi nrml port ?uimode ?night -touch -keyb/h/h -nav/h winConfig={ mBounds=Rect(0, 0 - 1440, 2560) mAppBounds=Rect(0, 0 - 1440, 2392) mWindowingMode=fullscreen mActivityType=undefined} s.3} for displayId=0
09-10 10:04:35.237   611   686 I InputReader:   Touch device 'touch_dev' could not query the properties of its associated display.  The device will be inoperable until the display size becomes available.
09-10 10:04:35.237   611   686 I InputReader: Device added: id=4, name='touch_dev', sources=0x00001103
09-10 10:04:35.237   611   686 I InputReader: Device added: id=3, name='qpnp_pon', sources=0x00000101
09-10 10:04:35.237   611   686 I InputReader: Device added: id=2, name='msm8994-tomtom-snd-card Button Jack', sources=0x00000101
09-10 10:04:35.237   611   686 I InputReader: Device added: id=1, name='msm8994-tomtom-snd-card Headset Jack', sources=0x80000000
09-10 10:04:35.240   611   686 I InputReader: Reconfiguring input devices.  changes=0x00000004
09-10 10:04:35.240   611   686 I InputReader: Device reconfigured: id=4, name='touch_dev', size 1440x2560, orientation 0, mode 1, display id 0
09-10 10:04:35.248   611   685 I configuration_changed: 8
09-10 10:04:35.248   611   611 D SystemServerTiming: MakeDisplayReady took to complete: 35ms
09-10 10:04:35.248   611   685 I ActivityManager: Config changes=8 {1.0 ?mcc?mnc [en_US] ldltr sw411dp w411dp h659dp 560dpi nrml port ?uimode ?night finger -keyb/h/h -nav/h winConfig={ mBounds=Rect(0, 0 - 0, 0) mAppBounds=Rect(0, 0 - 1440, 2392) mWindowingMode=fullscreen mActivityType=undefined} s.4}
09-10 10:04:35.248   611   611 I SystemServer: StartStorageManagerService
09-10 10:04:35.248   611   611 I SystemServiceManager: Starting com.android.server.StorageManagerService$Lifecycle
09-10 10:04:35.260   611   685 I ActivityManager: Override config changes=8 {1.0 ?mcc?mnc [en_US] ldltr sw411dp w411dp h659dp 560dpi nrml port ?uimode ?night finger -keyb/h/h -nav/h winConfig={ mBounds=Rect(0, 0 - 1440, 2560) mAppBounds=Rect(0, 0 - 1440, 2392) mWindowingMode=fullscreen mActivityType=undefined} s.4} for displayId=0
09-10 10:04:35.266   611   686 I InputReader: Reconfiguring input devices.  changes=0x00000004
09-10 10:04:35.267   611   688 D StorageManagerService: Thinking about init, mSystemReady=false, mDaemonConnected=true
09-10 10:04:35.267   611   688 D StorageManagerService: Thinking about reset, mSystemReady=false, mDaemonConnected=true
09-10 10:04:35.267   611   611 D SystemServerTiming: StartStorageManagerService took to complete: 19ms
09-10 10:04:35.267   611   611 I SystemServer: StartStorageStatsService
09-10 10:04:35.267   611   611 I SystemServiceManager: Starting com.android.server.usage.StorageStatsService$Lifecycle
09-10 10:04:35.268   405   405 E vold    : Failed to read field SystemLocale: No such file or directory
09-10 10:04:35.268   611   688 E StorageManagerService: Failed to read field SystemLocale
09-10 10:04:35.268   611   688 E StorageManagerService: android.os.ServiceSpecificException: Failed to read field SystemLocale (code 2)
09-10 10:04:35.268   611   688 E StorageManagerService: 	at android.os.Parcel.createException(Parcel.java:1956)
09-10 10:04:35.268   611   688 E StorageManagerService: 	at android.os.Parcel.readException(Parcel.java:1910)
09-10 10:04:35.268   611   688 E StorageManagerService: 	at android.os.Parcel.readException(Parcel.java:1860)
09-10 10:04:35.268   611   688 E StorageManagerService: 	at android.os.IVold$Stub$Proxy.fdeGetField(IVold.java:1094)
09-10 10:04:35.268   611   688 E StorageManagerService: 	at com.android.server.StorageManagerService.getField(StorageManagerService.java:2408)
09-10 10:04:35.268   611   688 E StorageManagerService: 	at com.android.server.StorageManagerService.copyLocaleFromMountService(StorageManagerService.java:982)
09-10 10:04:35.268   611   688 E StorageManagerService: 	at com.android.server.StorageManagerService.handleDaemonConnected(StorageManagerService.java:975)
09-10 10:04:35.268   611   688 E StorageManagerService: 	at com.android.server.StorageManagerService.access$900(StorageManagerService.java:171)
09-10 10:04:35.268   611   688 E StorageManagerService: 	at com.android.server.StorageManagerService$StorageManagerServiceHandler.handleMessage(StorageManagerService.java:572)
09-10 10:04:35.268   611   688 E StorageManagerService: 	at android.os.Handler.dispatchMessage(Handler.java:106)
09-10 10:04:35.268   611   688 E StorageManagerService: 	at android.os.Looper.loop(Looper.java:193)
09-10 10:04:35.268   611   688 E StorageManagerService: 	at android.os.HandlerThread.run(HandlerThread.java:65)
09-10 10:04:35.269   611   626 I am_wtf  : [0,611,system_server,-1,StorageManagerService,Failed to read field SystemLocale]
09-10 10:04:35.272   611   611 D SystemServerTiming: StartStorageStatsService took to complete: 5ms
09-10 10:04:35.272   611   611 I SystemServer: StartUiModeManager
09-10 10:04:35.273   611   611 I SystemServiceManager: Starting com.android.server.UiModeManagerService
09-10 10:04:35.304   611   662 D SystemServerInitThreadPool: Started executing UiModeManager.onStart
09-10 10:04:35.305   611   662 I configuration_changed: 512
09-10 10:04:35.305   611   662 I ActivityManager: Config changes=200 {1.0 ?mcc?mnc [en_US] ldltr sw411dp w411dp h659dp 560dpi nrml port finger -keyb/h/h -nav/h winConfig={ mBounds=Rect(0, 0 - 0, 0) mAppBounds=Rect(0, 0 - 1440, 2392) mWindowingMode=fullscreen mActivityType=undefined} s.5}
09-10 10:04:35.305   611   611 D SystemServerTiming: StartUiModeManager took to complete: 32ms
09-10 10:04:35.305   611   611 I SystemServer: UpdatePackagesIfNeeded
09-10 10:04:35.305   611   611 D SystemServerTiming: UpdatePackagesIfNeeded took to complete: 0ms
09-10 10:04:35.305   611   611 I SystemServer: PerformFstrimIfNeeded
09-10 10:04:35.306   611   611 D SystemServerTiming: PerformFstrimIfNeeded took to complete: 0ms
09-10 10:04:35.306   611   611 I SystemServer: StartLockSettingsService
09-10 10:04:35.306   611   611 I SystemServiceManager: Starting com.android.server.locksettings.LockSettingsService$Lifecycle
09-10 10:04:35.318   611   662 I ActivityManager: Override config changes=200 {1.0 ?mcc?mnc [en_US] ldltr sw411dp w411dp h659dp 560dpi nrml port finger -keyb/h/h -nav/h winConfig={ mBounds=Rect(0, 0 - 1440, 2560) mAppBounds=Rect(0, 0 - 1440, 2392) mWindowingMode=fullscreen mActivityType=undefined} s.5} for displayId=0
09-10 10:04:35.320   611   662 D SystemServerInitThreadPool: Finished executing UiModeManager.onStart
09-10 10:04:35.323   611   633 I am_uid_running: 10006
09-10 10:04:35.347   611   611 D SystemServerTiming: StartLockSettingsService took to complete: 40ms
09-10 10:04:35.347   611   611 I SystemServer: StartPersistentDataBlock
09-10 10:04:35.347   611   611 I SystemServiceManager: Starting com.android.server.PersistentDataBlockService
09-10 10:04:35.347   611   611 D SystemServerTiming: StartPersistentDataBlock took to complete: 1ms
09-10 10:04:35.347   611   624 D SystemServerInitThreadPool: Started executing PersistentDataBlockService.onStart
09-10 10:04:35.349   611   611 I SystemServer: StartOemLockService
09-10 10:04:35.349   611   611 I SystemServiceManager: Starting com.android.server.oemlock.OemLockService
