01-10 15:14:59.532   503   763 E Diag_Lib:  Diag_LSM_Init: Failed to open handle to diag driver, error = 2
01-10 15:14:59.543  3420  3420 I rild    : type=1400 audit(0.0:195): avc: denied { write } for name="netmgr_connect_socket" dev="tmpfs" ino=17238 scontext=u:r:rild:s0 tcontext=u:object_r:socket_device:s0 tclass=sock_file permissive=1
01-10 15:14:59.577   503   763 E Diag_Lib:  Diag_LSM_Init: Failed to open handle to diag driver, error = 2
01-10 15:15:00.221   834  2883 E sensor_reg: sensor_reg_wait_for_response: Registry request timeout
01-10 15:15:00.221   834  2883 E sensor_reg: sensor_reg_read: sensor_reg_wait_for_response failed
01-10 15:15:00.221   834  2883 E sensors_hal_Latency: latencyCheckSSIRegFlag: Error in sensor_reg_read() for reg flag: -2
01-10 15:15:00.221   504   504 E QMI_FW  : xport_send: Sendto failed for port 3072
01-10 15:15:00.221   504   504 E QMI_FW  : QCCI qmi_cci_flush_tx_q: Error sending TXN: svc_id: 271 txn_id: 5 msg_id: 2
01-10 15:15:00.221   504   504 E Sensors : sns_acm_mr.c(499):Transport error -16
01-10 15:15:00.516   400   400 W /system/bin/hwservicemanager: getTransport: Cannot find entry android.hardware.nfc@1.0::INfc/default in either framework or device manifest.
01-10 15:15:00.517  3474  3474 D vndksupport: Loading /vendor/lib64/hw/android.hardware.nfc@1.0-impl.so from current namespace instead of sphal namespace.
01-10 15:15:00.518  3474  3474 E android.hardware.nfc@1.0-impl: hw_get_module nfc_nci failed: -2
01-10 15:15:00.518  3474  3474 E android.hardware.nfc@1.0-impl: Passthrough failed to load legacy HAL.
01-10 15:15:00.518  3474  3474 E android.hardware.nfc@1.0-service: Could not get passthrough implementation for android.hardware.nfc@1.0::INfc/default.
01-10 15:15:00.616  3475  3475 E ANDR-PERF-MPCTL: Unable to create control service (stage=1, rc=0)
01-10 15:15:00.616  3475  3475 W libc    : invalid pthread_t (0) passed to libc
01-10 15:15:01.221   834  2883 E sensor_reg: sensor_reg_wait_for_response: Registry request timeout
01-10 15:15:01.221   834  2883 E sensor_reg: sensor_reg_read: sensor_reg_wait_for_response failed
01-10 15:15:01.221   834  2883 E sensors_hal_Latency: latencyCheckSSIRegFlag: Error in sensor_reg_read() for reg flag: -2
01-10 15:15:01.222   504   504 E QMI_FW  : xport_send: Sendto failed for port 3072
01-10 15:15:01.222   504   504 E QMI_FW  : QCCI qmi_cci_flush_tx_q: Error sending TXN: svc_id: 271 txn_id: 6 msg_id: 2
01-10 15:15:01.222   504   504 E Sensors : sns_acm_mr.c(499):Transport error -16
01-10 15:15:01.239   465   465 I MSM-irqbalance: Decided to move IRQ163 from CPU0 to CPU3
01-10 15:15:02.222   834  2883 E sensor_reg: sensor_reg_wait_for_response: Registry request timeout
01-10 15:15:02.222   834  2883 E sensor_reg: sensor_reg_read: sensor_reg_wait_for_response failed
01-10 15:15:02.222   834  2883 E sensors_hal_Latency: latencyCheckSSIRegFlag: Error in sensor_reg_read() for reg flag: -2
01-10 15:15:02.222   504   504 E QMI_FW  : xport_send: Sendto failed for port 3072
01-10 15:15:02.222   504   504 E QMI_FW  : QCCI qmi_cci_flush_tx_q: Error sending TXN: svc_id: 271 txn_id: 7 msg_id: 2
01-10 15:15:02.222   504   504 E Sensors : sns_acm_mr.c(499):Transport error -16
01-10 15:15:02.597   503   763 E SHM     : check_system_health: Failed to open /dev/system_health_monitor - errno 13
01-10 15:15:02.599   503  2569 E SHM     : check_system_health: Failed to open /dev/system_health_monitor - errno 13
01-10 15:15:02.599   503  2569 E QMI_FW  : QCCI qmi_cci_xport_recv: txn not found. svc_id: 5
01-10 15:15:02.599   503  2569 E QMI_FW  : QCCI qmi_cci_xport_recv: txn not found. svc_id: 5
01-10 15:15:03.222   834  2883 E sensor_reg: sensor_reg_wait_for_response: Registry request timeout
01-10 15:15:03.222   834  2883 E sensor_reg: sensor_reg_read: sensor_reg_wait_for_response failed
01-10 15:15:03.222   834  2883 E sensors_hal_Latency: latencyCheckSSIRegFlag: Error in sensor_reg_read() for reg flag: -2
01-10 15:15:03.222   504   504 E QMI_FW  : xport_send: Sendto failed for port 3072
01-10 15:15:03.222   504   504 E QMI_FW  : QCCI qmi_cci_flush_tx_q: Error sending TXN: svc_id: 271 txn_id: 8 msg_id: 2
01-10 15:15:03.222   504   504 E Sensors : sns_acm_mr.c(499):Transport error -16
01-10 15:15:04.222   834  2883 E sensor_reg: sensor_reg_wait_for_response: Registry request timeout
01-10 15:15:04.222   834  2883 E sensor_reg: sensor_reg_read: sensor_reg_wait_for_response failed
01-10 15:15:04.222   834  2883 E sensors_hal_Latency: latencyCheckSSIRegFlag: Error in sensor_reg_read() for reg flag: -2
01-10 15:15:04.223   834  2883 I MultiHal: Loaded library from sensors.ssc.so
01-10 15:15:04.227   834  2883 I SensorService: Generated new HMAC key.
01-10 15:15:04.228   834  2883 D SystemServerTimingAsync: StartSensorService took to complete: 10056ms
01-10 15:15:04.229   834  2883 D SystemServerInitThreadPool: Finished executing StartSensorService
01-10 15:15:04.292   834   834 I SettingsState: No settings state /data/system/users/0/settings_system.xml
01-10 15:15:04.299   834   834 I SettingsState: No settings state /data/system/users/0/settings_secure.xml
01-10 15:15:04.305   834   834 D SettingsProvider: Generated and saved new ANDROID_ID [fab4c2364b6034a5] for user 0
01-10 15:15:04.307   834   834 I SettingsState: No settings state /data/system/users/0/settings_global.xml
01-10 15:15:04.320   834   834 D SettingsProvider: Setting [] as Autofill Service for user 0
01-10 15:15:04.340   834   834 I SettingsState: No settings state /data/system/users/0/settings_ssaid.xml
01-10 15:15:04.347   834   834 D SystemServerTiming: InstallSystemProviders took to complete: 9953ms
01-10 15:15:04.347   834   834 I SystemServer: StartVibratorService
01-10 15:15:04.349   400   400 W /system/bin/hwservicemanager: getTransport: Cannot find entry android.hardware.vibrator@1.0::IVibrator/default in either framework or device manifest.
01-10 15:15:04.351   834   834 D vndksupport: Loading /vendor/lib64/hw/android.hardware.vibrator@1.0-impl.so from current namespace instead of sphal namespace.
01-10 15:15:04.356   834   834 D vndksupport: Loading /vendor/lib64/hw/vibrator.default.so from current namespace instead of sphal namespace.
01-10 15:15:04.359   834   834 D         : Vibrator using timed_output
01-10 15:15:04.361   400   400 W /system/bin/hwservicemanager: getTransport: Cannot find entry android.hardware.vibrator@1.0::IVibrator/default in either framework or device manifest.
01-10 15:15:04.362   834   834 D vndksupport: Loading /vendor/lib64/hw/android.hardware.vibrator@1.0-impl.so from current namespace instead of sphal namespace.
01-10 15:15:04.363   834   834 D vndksupport: Loading /vendor/lib64/hw/vibrator.default.so from current namespace instead of sphal namespace.
01-10 15:15:04.364   834   834 D         : Vibrator using timed_output
01-10 15:15:04.366   400   400 W /system/bin/hwservicemanager: getTransport: Cannot find entry android.hardware.vibrator@1.0::IVibrator/default in either framework or device manifest.
01-10 15:15:04.367   834   834 D vndksupport: Loading /vendor/lib64/hw/android.hardware.vibrator@1.0-impl.so from current namespace instead of sphal namespace.
01-10 15:15:04.368   834   834 D vndksupport: Loading /vendor/lib64/hw/vibrator.default.so from current namespace instead of sphal namespace.
01-10 15:15:04.370   834   834 D         : Vibrator using timed_output
01-10 15:15:04.373   834   834 D SystemServerTiming: StartVibratorService took to complete: 26ms
01-10 15:15:04.374   834   834 I SystemServer: StartConsumerIrService
01-10 15:15:04.375   400   400 W /system/bin/hwservicemanager: getTransport: Cannot find entry android.hardware.ir@1.0::IConsumerIr/default in either framework or device manifest.
01-10 15:15:04.376   834   834 D vndksupport: Loading /vendor/lib64/hw/android.hardware.ir@1.0-impl.so from current namespace instead of sphal namespace.
01-10 15:15:04.387   834   834 D SystemServerTiming: StartConsumerIrService took to complete: 14ms
01-10 15:15:04.387   834   834 I SystemServer: StartAlarmManagerService
01-10 15:15:04.387   834   834 I SystemServiceManager: Starting com.android.server.AlarmManagerService
01-10 15:15:04.390   834   834 D AlarmManagerService: Kernel timezone updated to 0 minutes west of GMT
01-10 15:15:04.394   834   834 D SystemServerTiming: StartAlarmManagerService took to complete: 7ms
01-10 15:15:04.395   834   834 I SystemServer: InitWatchdog
01-10 15:15:04.395   834   834 D SystemServerTiming: InitWatchdog took to complete: 1ms
01-10 15:15:04.395   834   834 I SystemServer: StartInputManagerService
01-10 15:15:04.396   834   834 I InputManager: Initializing input manager, mUseDevInputEventForAudioJack=true
01-10 15:15:04.397   834   834 D SystemServerTiming: StartInputManagerService took to complete: 1ms
01-10 15:15:04.397   834   834 I SystemServer: StartWindowManagerService
01-10 15:15:04.424   834   859 I WindowManager: No existing display settings /data/system/display_settings.xml; starting empty
01-10 15:15:04.475   834   834 D SystemServerTiming: StartWindowManagerService took to complete: 78ms
01-10 15:15:04.476   834  2882 D SystemServerInitThreadPool: Started executing StartHidlServices
01-10 15:15:04.476   834   834 I SystemServer: StartVrManagerService
01-10 15:15:04.476   834   834 I SystemServiceManager: Starting com.android.server.vr.VrManagerService
01-10 15:15:04.485   400   400 W /system/bin/hwservicemanager: getTransport: Cannot find entry android.hardware.vr@1.0::IVr/default in either framework or device manifest.
01-10 15:15:04.488   834   834 W VrManagerService: init_native: Could not open IVr interface
01-10 15:15:04.489   834   834 D SystemServerTiming: StartVrManagerService took to complete: 13ms
01-10 15:15:04.489   834   834 I SystemServer: SetWindowManagerService
01-10 15:15:04.490   834  2882 D SystemServerTimingAsync: StartHidlServices took to complete: 14ms
01-10 15:15:04.490   834  2882 D SystemServerInitThreadPool: Finished executing StartHidlServices
01-10 15:15:04.492   834   834 D SystemServerTiming: SetWindowManagerService took to complete: 3ms
01-10 15:15:04.493   834   834 I SystemServer: StartInputManager
01-10 15:15:04.493   834   834 I InputManager: Starting input manager
01-10 15:15:04.496   834   834 D SystemServerTiming: StartInputManager took to complete: 4ms
01-10 15:15:04.496   834  3550 D EventHub: No input device configuration file found for device 'msm8994-tomtom-snd-card Headset Jack'.
01-10 15:15:04.496   834  3550 I EventHub: wakeMechanism=EPOLLWAKEUP, usingClockIoctl=true
01-10 15:15:04.496   834   834 I SystemServer: DisplayManagerWindowManagerAndInputReady
01-10 15:15:04.496   834  3550 I EventHub: New device: id=1, fd=104, path='/dev/input/event4', name='msm8994-tomtom-snd-card Headset Jack', classes=0x80, configuration='', keyLayout='', keyCharacterMap='', builtinKeyboard=false, 
01-10 15:15:04.497   834   834 D SystemServerTiming: DisplayManagerWindowManagerAndInputReady took to complete: 0ms
01-10 15:15:04.497   834   834 I SystemServer: StartBluetoothService
01-10 15:15:04.497   834  3550 D EventHub: No input device configuration file found for device 'msm8994-tomtom-snd-card Button Jack'.
01-10 15:15:04.497   834   834 I SystemServiceManager: Starting com.android.server.BluetoothService
01-10 15:15:04.503   834  3550 W EventHub: Unable to disable kernel key repeat for /dev/input/event3: Function not implemented
01-10 15:15:04.504   834  3550 I EventHub: wakeMechanism=EPOLLWAKEUP, usingClockIoctl=true
01-10 15:15:04.504   834  3550 I EventHub: New device: id=2, fd=105, path='/dev/input/event3', name='msm8994-tomtom-snd-card Button Jack', classes=0x1, configuration='', keyLayout='/system/usr/keylayout/Generic.kl', keyCharacterMap='/system/usr/keychars/Generic.kcm', builtinKeyboard=false, 
01-10 15:15:04.504   834  3550 D EventHub: No input device configuration file found for device 'qpnp_pon'.
01-10 15:15:04.507   834  3550 W EventHub: Unable to disable kernel key repeat for /dev/input/event1: Function not implemented
01-10 15:15:04.507   834  3550 I EventHub: wakeMechanism=EPOLLWAKEUP, usingClockIoctl=true
01-10 15:15:04.507   834  3550 I EventHub: New device: id=3, fd=106, path='/dev/input/event1', name='qpnp_pon', classes=0x1, configuration='', keyLayout='/system/usr/keylayout/Generic.kl', keyCharacterMap='/system/usr/keychars/Generic.kcm', builtinKeyboard=false, 
01-10 15:15:04.507   834  3550 E EventHub: could not get driver version for /dev/input/mice, Not a typewriter
01-10 15:15:04.528   834   834 D BluetoothManagerService: Loading stored name and address
01-10 15:15:04.528   834   834 D BluetoothManagerService: Stored bluetooth Name=null,Address=null
01-10 15:15:04.528   834   834 D BluetoothManagerService: Bluetooth persisted state: 1
01-10 15:15:04.528   834   834 D BluetoothManagerService: Startup: Bluetooth persisted state is ON.
01-10 15:15:04.528   834   834 D SystemServerTiming: StartBluetoothService took to complete: 32ms
01-10 15:15:04.529   834   834 I SystemServer: IpConnectivityMetrics
01-10 15:15:04.529   834   834 I SystemServiceManager: Starting com.android.server.connectivity.IpConnectivityMetrics
01-10 15:15:04.533   834   834 D SystemServerTiming: IpConnectivityMetrics took to complete: 5ms
01-10 15:15:04.533   834   834 I SystemServer: PinnerService
01-10 15:15:04.533   834   834 I SystemServiceManager: Starting com.android.server.PinnerService
01-10 15:15:04.534   834  3550 D EventHub: No input device configuration file found for device 'touch_dev'.
01-10 15:15:04.535   834   834 D SystemServerTiming: PinnerService took to complete: 2ms
01-10 15:15:04.535   834   834 I SystemServer: StartInputMethodManagerLifecycle
01-10 15:15:04.537   834   834 I SystemServiceManager: Starting com.android.server.InputMethodManagerService$Lifecycle
01-10 15:15:04.538   834  3550 W EventHub: Unable to disable kernel key repeat for /dev/input/event0: Function not implemented
01-10 15:15:04.538   834  3550 I EventHub: wakeMechanism=EPOLLWAKEUP, usingClockIoctl=true
01-10 15:15:04.538   834  3550 I EventHub: New device: id=4, fd=107, path='/dev/input/event0', name='touch_dev', classes=0x15, configuration='', keyLayout='/system/usr/keylayout/Generic.kl', keyCharacterMap='/system/usr/keychars/Generic.kcm', builtinKeyboard=false, 
01-10 15:15:04.538   834  3550 D EventHub: No input device configuration file found for device 'gpio-keys'.
01-10 15:15:04.542   834  3550 W EventHub: Unable to disable kernel key repeat for /dev/input/event2: Function not implemented
01-10 15:15:04.542   834  3550 I EventHub: wakeMechanism=EPOLLWAKEUP, usingClockIoctl=true
01-10 15:15:04.542   834  3550 I EventHub: New device: id=5, fd=108, path='/dev/input/event2', name='gpio-keys', classes=0x81, configuration='', keyLayout='/system/usr/keylayout/Generic.kl', keyCharacterMap='/system/usr/keychars/Generic.kcm', builtinKeyboard=false, 
01-10 15:15:04.547   834  3550 I InputReader: Device added: id=-1, name='Virtual', sources=0x00000301
01-10 15:15:04.547   834  3550 I InputReader: Device added: id=5, name='gpio-keys', sources=0x80000101
01-10 15:15:04.548   834  3550 I InputReader:   Touch device 'touch_dev' could not query the properties of its associated display.  The device will be inoperable until the display size becomes available.
01-10 15:15:04.548   834  3550 I InputReader: Device added: id=4, name='touch_dev', sources=0x00001103
01-10 15:15:04.548   834  3550 I InputReader: Device added: id=3, name='qpnp_pon', sources=0x00000101
01-10 15:15:04.548   834  3550 I InputReader: Device added: id=2, name='msm8994-tomtom-snd-card Button Jack', sources=0x00000101
01-10 15:15:04.548   834  3550 I InputReader: Device added: id=1, name='msm8994-tomtom-snd-card Headset Jack', sources=0x80000000
01-10 15:15:04.568   834   834 D SystemServerTiming: StartInputMethodManagerLifecycle took to complete: 32ms
01-10 15:15:04.568   834   834 I SystemServer: StartAccessibilityManagerService
01-10 15:15:04.574   834   834 D SystemServerTiming: StartAccessibilityManagerService took to complete: 5ms
01-10 15:15:04.574   834   834 I SystemServer: MakeDisplayReady
01-10 15:15:04.576   834   834 I ActivityManager: Config changes=5df8 {1.0 ?mcc?mnc [en_US] ldltr sw411dp w411dp h731dp 560dpi nrml long port ?uimode ?night -touch -keyb/h/h -nav/h appBounds=Rect(0, 0 - 1440, 2560) s.2}
01-10 15:15:04.580   834   848 I UsageStatsDatabase: Upgrading from version 0 to 3
01-10 15:15:04.580   834   848 I UsageStatsDatabase: Deleting all usage stats files
01-10 15:15:04.584   834   834 I ActivityManager: Override config changes=40007dfc {1.0 ?mcc?mnc [en_US] ldltr sw411dp w411dp h731dp 560dpi nrml long port ?uimode ?night -touch -keyb/h/h -nav/h appBounds=Rect(0, 0 - 1440, 2560) s.2} for displayId=0
01-10 15:15:04.587   834   848 I UsageStatsService: User[0] Rollover scheduled @ 2015-01-11 15:15:04(1420989304578)
01-10 15:15:04.587   834   848 D UsageStatsService: Initializing defaults for system apps on user 0
01-10 15:15:04.592   834   848 E AppIdleHistory: Unable to read app idle file for user 0
01-10 15:15:04.609   834   834 I ActivityManager: Config changes=508 {1.0 ?mcc?mnc [en_US] ldltr sw411dp w411dp h659dp 560dpi nrml port ?uimode ?night finger -keyb/h/h -nav/h appBounds=Rect(0, 0 - 1440, 2392) s.3}
01-10 15:15:04.616   834  3550 I InputReader: Reconfiguring input devices.  changes=0x00000004
01-10 15:15:04.616   834  3550 I InputReader: Device reconfigured: id=4, name='touch_dev', size 1440x2560, orientation 0, mode 1, display id 0
01-10 15:15:04.616   834   834 I ActivityManager: Override config changes=508 {1.0 ?mcc?mnc [en_US] ldltr sw411dp w411dp h659dp 560dpi nrml port ?uimode ?night finger -keyb/h/h -nav/h appBounds=Rect(0, 0 - 1440, 2392) s.3} for displayId=0
01-10 15:15:04.616   834  3550 I InputReader: Reconfiguring input devices.  changes=0x00000004
01-10 15:15:04.622   834   834 D SystemServerTiming: MakeDisplayReady took to complete: 48ms
01-10 15:15:04.622   834   834 I SystemServer: StartStorageManagerService
01-10 15:15:04.622   834   834 I SystemServiceManager: Starting com.android.server.StorageManagerService$Lifecycle
01-10 15:15:04.630   834   834 D SystemServerTiming: StartStorageManagerService took to complete: 8ms
01-10 15:15:04.630   834   834 I SystemServer: StartStorageStatsService
01-10 15:15:04.631   834   834 I SystemServiceManager: Starting com.android.server.usage.StorageStatsService$Lifecycle
01-10 15:15:04.631   834  3551 D StorageManagerService: Thinking about init, mSystemReady=false, mDaemonConnected=true
01-10 15:15:04.631   834  3551 D StorageManagerService: Thinking about reset, mSystemReady=false, mDaemonConnected=true
01-10 15:15:04.631   834  3551 D StorageManagerService: Thinking about init, mSystemReady=false, mDaemonConnected=true
01-10 15:15:04.631   834  3551 D StorageManagerService: Thinking about reset, mSystemReady=false, mDaemonConnected=true
01-10 15:15:04.632   834  3551 D CryptdConnector: SND -> {1 cryptfs getfield SystemLocale}
01-10 15:15:04.638   834   834 D SystemServerTiming: StartStorageStatsService took to complete: 8ms
01-10 15:15:04.639   834   834 I SystemServer: StartUiModeManager
01-10 15:15:04.639   834   834 I SystemServiceManager: Starting com.android.server.UiModeManagerService
01-10 15:15:04.641   834  3553 D CryptdConnector: RCV <- {200 1 -1}
01-10 15:15:04.644   834  3551 W StorageManagerService: No primary storage mounted!
01-10 15:15:04.644   834  3551 D VoldConnector: SND -> {1 asec list}
01-10 15:15:04.645   834  3552 D VoldConnector: RCV <- {200 1 asec operation succeeded}
01-10 15:15:04.617   834  3550 I chatty  : uid=1000(system) InputReader identical 1 line
01-10 15:15:04.626   834  3550 I InputReader: Reconfiguring input devices.  changes=0x00000004
01-10 15:15:04.646   834  3551 I PackageManager: No secure containers found
01-10 15:15:04.686   834  3551 W StorageManagerService: No primary storage defined yet; hacking together a stub
01-10 15:15:04.688   834  3551 W StorageManagerService: No primary storage mounted!
01-10 15:15:04.688   834  3551 D VoldConnector: SND -> {2 asec list}
01-10 15:15:04.689   834  3552 D VoldConnector: RCV <- {200 2 asec operation succeeded}
01-10 15:15:04.692   834   834 D SystemServerTiming: StartUiModeManager took to complete: 54ms
01-10 15:15:04.692   834  2655 D SystemServerInitThreadPool: Started executing UiModeManager.onStart
01-10 15:15:04.692   834   834 I SystemServer: UpdatePackagesIfNeeded
01-10 15:15:04.693   834  2655 I ActivityManager: Config changes=200 {1.0 ?mcc?mnc [en_US] ldltr sw411dp w411dp h659dp 560dpi nrml port finger -keyb/h/h -nav/h appBounds=Rect(0, 0 - 1440, 2392) s.4}
01-10 15:15:04.687   834  3551 W StorageManagerService: No primary storage defined yet; hacking together a stub
01-10 15:15:04.695   834   834 I PackageManager.DexOptimizer: Running dexopt (dexoptNeeded=1) on: /system/priv-app/TelephonyProvider/TelephonyProvider.apk pkg=com.android.providers.telephony isa=arm64 dexoptFlags=public target-filter=quicken oatDir=null sharedLibraries=PCL[]
01-10 15:15:04.707   834  2655 I ActivityManager: Override config changes=200 {1.0 ?mcc?mnc [en_US] ldltr sw411dp w411dp h659dp 560dpi nrml port finger -keyb/h/h -nav/h appBounds=Rect(0, 0 - 1440, 2392) s.4} for displayId=0
01-10 15:15:04.713   834  2655 D SystemServerInitThreadPool: Finished executing UiModeManager.onStart
01-10 15:15:04.745  3562  3562 I dex2oat : /system/bin/dex2oat --input-vdex-fd=-1 --output-vdex-fd=9 --compiler-filter=quicken -j4 --classpath-dir=/system/priv-app/TelephonyProvider --class-loader-context=PCL[]
01-10 15:15:04.852  3562  3562 I dex2oat : dex2oat took 109.330ms (158.221ms cpu) (threads: 4) arena alloc=61KB (62840B) java alloc=133KB (136952B) native alloc=1408KB (1442080B) free=2MB (2227936B)
01-10 15:15:04.858   834   834 I PackageManager.DexOptimizer: Running dexopt (dexoptNeeded=1) on: /system/priv-app/MmsService/MmsService.apk pkg=com.android.mms.service isa=arm64 dexoptFlags=public target-filter=quicken oatDir=null sharedLibraries=PCL[]
01-10 15:15:04.898  3572  3572 I dex2oat : /system/bin/dex2oat --input-vdex-fd=-1 --output-vdex-fd=9 --compiler-filter=quicken -j4 --classpath-dir=/system/priv-app/MmsService --class-loader-context=PCL[]
01-10 15:15:04.965  3572  3572 I dex2oat : dex2oat took 67.752ms (89.321ms cpu) (threads: 4) arena alloc=17KB (18080B) java alloc=117KB (120000B) native alloc=1427KB (1462248B) free=2MB (2207768B)
01-10 15:15:04.973   834   834 I PackageManager.DexOptimizer: Running dexopt (dexoptNeeded=1) on: /system/priv-app/DefaultContainerService/DefaultContainerService.apk pkg=com.android.defcontainer isa=arm64 dexoptFlags=public target-filter=quicken oatDir=null sharedLibraries=PCL[]
01-10 15:15:05.013  3577  3577 I dex2oat : /system/bin/dex2oat --input-vdex-fd=-1 --output-vdex-fd=9 --compiler-filter=quicken -j4 --classpath-dir=/system/priv-app/DefaultContainerService --class-loader-context=PCL[]
01-10 15:15:05.061  3577  3577 I dex2oat : dex2oat took 48.520ms (51.257ms cpu) (threads: 4) arena alloc=4KB (4960B) java alloc=51KB (52896B) native alloc=1206KB (1235136B) free=1353KB (1386304B)
01-10 15:15:05.067   834   834 I PackageManager.DexOptimizer: Running dexopt (dexoptNeeded=1) on: /system/priv-app/qcrilmsgtunnel/qcrilmsgtunnel.apk pkg=com.qualcomm.qcrilmsgtunnel isa=arm64 dexoptFlags=public target-filter=quicken oatDir=null sharedLibraries=PCL[]
01-10 15:15:05.107  3582  3582 I dex2oat : /system/bin/dex2oat --input-vdex-fd=-1 --output-vdex-fd=9 --compiler-filter=quicken -j4 --classpath-dir=/system/priv-app/qcrilmsgtunnel --class-loader-context=PCL[]
01-10 15:15:05.164  3582  3582 I dex2oat : dex2oat took 57.587ms (66.379ms cpu) (threads: 4) arena alloc=28KB (28864B) java alloc=68KB (70032B) native alloc=1377KB (1410336B) free=1694KB (1735392B)
01-10 15:15:05.170   834   834 I PackageManager.DexOptimizer: Running dexopt (dexoptNeeded=1) on: /system/priv-app/SettingsProvider/SettingsProvider.apk pkg=com.android.providers.settings isa=arm64 dexoptFlags=public target-filter=quicken oatDir=null sharedLibraries=PCL[]
01-10 15:15:05.209  3587  3587 I dex2oat : /system/bin/dex2oat --input-vdex-fd=-1 --output-vdex-fd=9 --compiler-filter=quicken -j4 --classpath-dir=/system/priv-app/SettingsProvider --class-loader-context=PCL[]
01-10 15:15:05.287  3587  3587 I dex2oat : dex2oat took 79.063ms (130.169ms cpu) (threads: 4) arena alloc=155KB (159040B) java alloc=84KB (86904B) native alloc=1451KB (1486512B) free=2MB (2183504B)
01-10 15:15:05.295   834   834 I PackageManager.DexOptimizer: Running dexopt (dexoptNeeded=1) on: /system/priv-app/InputDevices/InputDevices.apk pkg=com.android.inputdevices isa=arm64 dexoptFlags=public target-filter=quicken oatDir=null sharedLibraries=PCL[]
01-10 15:15:05.335  3592  3592 I dex2oat : /system/bin/dex2oat --input-vdex-fd=-1 --output-vdex-fd=9 --compiler-filter=quicken -j4 --classpath-dir=/system/priv-app/InputDevices --class-loader-context=PCL[]
01-10 15:15:05.339  3592  3592 W dex2oat : Could not reserve sentinel fault page
01-10 15:15:05.379  3592  3592 I dex2oat : dex2oat took 44.184ms (43.785ms cpu) (threads: 4) arena alloc=736B (736B) java alloc=16KB (16984B) native alloc=1007KB (1032128B) free=1552KB (1589312B)
01-10 15:15:05.385   834   834 I PackageManager.DexOptimizer: Running dexopt (dexoptNeeded=1) on: /system/app/ExtShared/ExtShared.apk pkg=android.ext.shared isa=arm64 dexoptFlags=public target-filter=quicken oatDir=null sharedLibraries=PCL[]
01-10 15:15:05.424  3597  3597 I dex2oat : /system/bin/dex2oat --input-vdex-fd=-1 --output-vdex-fd=9 --compiler-filter=quicken -j4 --classpath-dir=/system/app/ExtShared --class-loader-context=PCL[]
01-10 15:15:05.467  3597  3597 I dex2oat : dex2oat took 43.883ms (44.199ms cpu) (threads: 4) arena alloc=3KB (3072B) java alloc=48KB (49168B) native alloc=1012KB (1036832B) free=1547KB (1584608B)
01-10 15:15:05.474   834   834 I PackageManager.DexOptimizer: Running dexopt (dexoptNeeded=1) on: /system/priv-app/Telecom/Telecom.apk pkg=com.android.server.telecom isa=arm64 dexoptFlags=public target-filter=quicken oatDir=null sharedLibraries=PCL[]
01-10 15:15:05.515   400   400 W /system/bin/hwservicemanager: getTransport: Cannot find entry android.hardware.nfc@1.0::INfc/default in either framework or device manifest.
01-10 15:15:05.516  3604  3604 D vndksupport: Loading /vendor/lib64/hw/android.hardware.nfc@1.0-impl.so from current namespace instead of sphal namespace.
01-10 15:15:05.517  3604  3604 E android.hardware.nfc@1.0-impl: hw_get_module nfc_nci failed: -2
01-10 15:15:05.517  3604  3604 E android.hardware.nfc@1.0-impl: Passthrough failed to load legacy HAL.
01-10 15:15:05.517  3604  3604 E android.hardware.nfc@1.0-service: Could not get passthrough implementation for android.hardware.nfc@1.0::INfc/default.
01-10 15:15:05.519  3602  3602 I dex2oat : /system/bin/dex2oat --input-vdex-fd=-1 --output-vdex-fd=9 --compiler-filter=quicken -j4 --classpath-dir=/system/priv-app/Telecom --class-loader-context=PCL[]
01-10 15:15:05.524  3602  3602 W dex2oat : Could not reserve sentinel fault page
01-10 15:15:05.617  3606  3606 E ANDR-PERF-MPCTL: Unable to create control service (stage=1, rc=0)
01-10 15:15:05.617  3606  3606 W libc    : invalid pthread_t (0) passed to libc
01-10 15:15:06.025  3602  3602 I dex2oat : dex2oat took 507.596ms (1.206s cpu) (threads: 4) arena alloc=9KB (9544B) java alloc=1814KB (1857584B) native alloc=2MB (2611080B) free=2MB (2631800B)
01-10 15:15:06.038   834   834 I PackageManager.DexOptimizer: Running dexopt (dexoptNeeded=1) on: /system/priv-app/Dialer/Dialer.apk pkg=com.android.dialer isa=arm64 dexoptFlags=public target-filter=quicken oatDir=null sharedLibraries=PCL[]
01-10 15:15:06.080  3623  3623 I dex2oat : /system/bin/dex2oat --input-vdex-fd=-1 --output-vdex-fd=9 --compiler-filter=quicken -j4 --classpath-dir=/system/priv-app/Dialer --class-loader-context=PCL[]
01-10 15:15:06.239   465   465 I MSM-irqbalance: Decided to move IRQ115 from CPU0 to CPU2
01-10 15:15:06.904  3623  3626 W dex2oat : Class android.support.v4.content.ModernAsyncTask failed lock verification and will run slower.
01-10 15:15:06.904  3623  3626 W dex2oat : Common causes for lock verification issues are non-optimized dex code
01-10 15:15:06.904  3623  3626 W dex2oat : and incorrect proguard optimizations.
01-10 15:15:06.931  3623  3625 W dex2oat : Class android.support.v4.util.SimpleArrayMap failed lock verification and will run slower.
01-10 15:15:06.931  3623  3627 W dex2oat : Class android.support.v4.util.ArraySet failed lock verification and will run slower.
01-10 15:15:07.139  3623  3623 W dex2oat : Class com.android.dialer.DialerPhoneNumber$RawInput failed lock verification and will run slower.
01-10 15:15:07.140  3623  3626 W dex2oat : Class com.android.dialer.DialerPhoneNumber failed lock verification and will run slower.
01-10 15:15:07.140  3623  3625 W dex2oat : Class com.android.dialer.DialerInternalPhoneNumber failed lock verification and will run slower.
01-10 15:15:07.231  3623  3627 W dex2oat : Class com.android.dialer.calldetails.CallDetailsEntries failed lock verification and will run slower.
01-10 15:15:07.232  3623  3626 W dex2oat : Class com.android.dialer.calldetails.CallDetailsEntries$CallDetailsEntry failed lock verification and will run slower.
01-10 15:15:07.238  3623  3623 W dex2oat : Class com.android.dialer.callintent.CallSpecificAppData failed lock verification and will run slower.
01-10 15:15:07.241  3623  3625 W dex2oat : Class com.android.dialer.common.concurrent.AsyncTaskExecutors failed lock verification and will run slower.
01-10 15:15:07.248  3623  3625 W dex2oat : Class com.android.dialer.dialercontact.SimDetails failed lock verification and will run slower.
01-10 15:15:07.249  3623  3627 W dex2oat : Class com.android.dialer.dialercontact.DialerContact failed lock verification and will run slower.
01-10 15:15:07.255  3623  3626 W dex2oat : Class com.android.dialer.enrichedcall.historyquery.proto.HistoryResult failed lock verification and will run slower.
01-10 15:15:07.407  3623  3627 W dex2oat : Class com.bumptech.glide.Glide failed lock verification and will run slower.
01-10 15:15:07.483  3623  3623 W dex2oat : Class com.google.internal.communications.voicemailtranscription.v1.TranscribeVoicemailResponse failed lock verification and will run slower.
01-10 15:15:07.483  3623  3626 W dex2oat : Class com.google.internal.communications.voicemailtranscription.v1.TranscribeVoicemailRequest failed lock verification and will run slower.
01-10 15:15:07.971  3623  3623 I dex2oat : dex2oat took 1.890s (4.456s cpu) (threads: 4) arena alloc=7KB (7456B) java alloc=6MB (6517632B) native alloc=6MB (6892200B) free=2MB (3069272B)
01-10 15:15:07.986   834   834 I PackageManager.DexOptimizer: Running dexopt (dexoptNeeded=1) on: /system/priv-app/ExtServices/ExtServices.apk pkg=android.ext.services isa=arm64 dexoptFlags=public target-filter=quicken oatDir=null sharedLibraries=PCL[]
01-10 15:15:08.030  3654  3654 I dex2oat : /system/bin/dex2oat --input-vdex-fd=-1 --output-vdex-fd=9 --compiler-filter=quicken -j4 --classpath-dir=/system/priv-app/ExtServices --class-loader-context=PCL[]
01-10 15:15:08.081  3654  3654 I dex2oat : dex2oat took 51.488ms (53.914ms cpu) (threads: 4) arena alloc=8KB (8904B) java alloc=77KB (79072B) native alloc=1332KB (1364480B) free=1739KB (1781248B)
01-10 15:15:08.087   834   834 I PackageManager.DexOptimizer: Running dexopt (dexoptNeeded=1) on: /system/priv-app/PackageInstaller/PackageInstaller.apk pkg=com.android.packageinstaller isa=arm64 dexoptFlags=public target-filter=quicken oatDir=null sharedLibraries=PCL[]
01-10 15:15:08.131  3659  3659 I dex2oat : /system/bin/dex2oat --input-vdex-fd=-1 --output-vdex-fd=9 --compiler-filter=quicken -j4 --classpath-dir=/system/priv-app/PackageInstaller --class-loader-context=PCL[]
01-10 15:15:08.910  3659  3659 I dex2oat : dex2oat took 780.126ms (1.891s cpu) (threads: 4) arena alloc=18KB (18952B) java alloc=3MB (3856280B) native alloc=2MB (3016296B) free=1662KB (1702296B)
01-10 15:15:08.922   834   834 I PackageManager.DexOptimizer: Running dexopt (dexoptNeeded=1) on: /system/priv-app/ProxyHandler/ProxyHandler.apk pkg=com.android.proxyhandler isa=arm64 dexoptFlags=public target-filter=quicken oatDir=null sharedLibraries=PCL[]
01-10 15:15:08.966  3690  3690 I dex2oat : /system/bin/dex2oat --input-vdex-fd=-1 --output-vdex-fd=9 --compiler-filter=quicken -j4 --classpath-dir=/system/priv-app/ProxyHandler --class-loader-context=PCL[]
01-10 15:15:09.017  3690  3690 I dex2oat : dex2oat took 52.069ms (52.375ms cpu) (threads: 4) arena alloc=23KB (24096B) java alloc=67KB (69288B) native alloc=1308KB (1339808B) free=1763KB (1805920B)
01-10 15:15:09.024   834   834 I PackageManager.DexOptimizer: Running dexopt (dexoptNeeded=1) on: /system/app/LatinIME/LatinIME.apk pkg=com.android.inputmethod.latin isa=arm64 dexoptFlags=public target-filter=quicken oatDir=null sharedLibraries=PCL[]
01-10 15:15:09.067  3695  3695 I dex2oat : /system/bin/dex2oat --input-vdex-fd=-1 --output-vdex-fd=9 --compiler-filter=quicken -j4 --classpath-dir=/system/app/LatinIME --class-loader-context=PCL[]
01-10 15:15:09.400  3695  3695 I dex2oat : dex2oat took 334.206ms (792.839ms cpu) (threads: 4) arena alloc=185KB (190048B) java alloc=1289KB (1320456B) native alloc=1882KB (1927736B) free=3MB (3315144B)
01-10 15:15:09.410   834   834 I PackageManager.DexOptimizer: Running dexopt (dexoptNeeded=1) on: /system/priv-app/Settings/Settings.apk pkg=com.android.settings isa=arm64 dexoptFlags=public target-filter=quicken oatDir=null sharedLibraries=PCL[]
01-10 15:15:09.453  3700  3700 I dex2oat : /system/bin/dex2oat --input-vdex-fd=-1 --output-vdex-fd=9 --compiler-filter=quicken -j4 --classpath-dir=/system/priv-app/Settings --class-loader-context=PCL[]
01-10 15:15:10.560   400   400 W /system/bin/hwservicemanager: getTransport: Cannot find entry android.hardware.nfc@1.0::INfc/default in either framework or device manifest.
01-10 15:15:10.566  3718  3718 D vndksupport: Loading /vendor/lib64/hw/android.hardware.nfc@1.0-impl.so from current namespace instead of sphal namespace.
01-10 15:15:10.568  3718  3718 E android.hardware.nfc@1.0-impl: hw_get_module nfc_nci failed: -2
01-10 15:15:10.568  3718  3718 E android.hardware.nfc@1.0-impl: Passthrough failed to load legacy HAL.
01-10 15:15:10.568  3718  3718 E android.hardware.nfc@1.0-service: Could not get passthrough implementation for android.hardware.nfc@1.0::INfc/default.
01-10 15:15:10.630  3719  3719 E ANDR-PERF-MPCTL: Unable to create control service (stage=1, rc=0)
01-10 15:15:10.630  3719  3719 W libc    : invalid pthread_t (0) passed to libc
01-10 15:15:11.239   465   465 I MSM-irqbalance: Decided to move IRQ65 from CPU0 to CPU2
01-10 15:15:11.412  3700  3700 I dex2oat : dex2oat took 1.960s (4.764s cpu) (threads: 4) arena alloc=5KB (5744B) java alloc=10MB (10917904B) native alloc=6MB (7030648B) free=2MB (2406536B)
01-10 15:15:11.431   834   834 I PackageManager.DexOptimizer: Running dexopt (dexoptNeeded=1) on: /system/priv-app/TeleService/TeleService.apk pkg=com.android.phone isa=arm64 dexoptFlags=public target-filter=quicken oatDir=null sharedLibraries=PCL[]
01-10 15:15:11.472  3733  3733 I dex2oat : /system/bin/dex2oat --input-vdex-fd=-1 --output-vdex-fd=9 --compiler-filter=quicken -j4 --classpath-dir=/system/priv-app/TeleService --class-loader-context=PCL[]
01-10 15:15:12.143  3733  3733 I dex2oat : dex2oat took 672.680ms (1.677s cpu) (threads: 4) arena alloc=8KB (8832B) java alloc=2MB (2965720B) native alloc=3MB (3258288B) free=2MB (3033168B)
01-10 15:15:12.156   834   834 I PackageManager.DexOptimizer: Running dexopt (dexoptNeeded=1) on: /system/priv-app/Shell/Shell.apk pkg=com.android.shell isa=arm64 dexoptFlags=public target-filter=quicken oatDir=null sharedLibraries=PCL[]
01-10 15:15:12.198  3751  3751 I dex2oat : /system/bin/dex2oat --input-vdex-fd=-1 --output-vdex-fd=9 --compiler-filter=quicken -j4 --classpath-dir=/system/priv-app/Shell --class-loader-context=PCL[]
01-10 15:15:12.292  3751  3751 I dex2oat : dex2oat took 94.679ms (152.920ms cpu) (threads: 4) arena alloc=14KB (14344B) java alloc=173KB (178016B) native alloc=1337KB (1369992B) free=2MB (2300024B)
01-10 15:15:12.299   834   834 I PackageManager.DexOptimizer: Running dexopt (dexoptNeeded=1) on: /system/priv-app/FusedLocation/FusedLocation.apk pkg=com.android.location.fused isa=arm64 dexoptFlags=public target-filter=quicken oatDir=null sharedLibraries=PCL[/system/framework/com.android.location.provider.jar]
01-10 15:15:12.339  3756  3756 I dex2oat : /system/bin/dex2oat --input-vdex-fd=-1 --output-vdex-fd=9 --compiler-filter=quicken -j4 --classpath-dir=/system/priv-app/FusedLocation --class-loader-context=PCL[/system/framework/com.android.location.provider.jar]
01-10 15:15:12.390  3756  3756 I dex2oat : dex2oat took 50.867ms (54.482ms cpu) (threads: 4) arena alloc=3KB (4080B) java alloc=68KB (69704B) native alloc=1512KB (1548808B) free=2MB (2121208B)
01-10 15:15:12.397   834   834 I PackageManager.DexOptimizer: Running dexopt (dexoptNeeded=1) on: /system/priv-app/SystemUI/SystemUI.apk pkg=com.android.systemui isa=arm64 dexoptFlags=public target-filter=quicken oatDir=null sharedLibraries=PCL[]
01-10 15:15:12.438  3761  3761 I dex2oat : /system/bin/dex2oat --input-vdex-fd=-1 --output-vdex-fd=9 --compiler-filter=quicken -j4 --classpath-dir=/system/priv-app/SystemUI --class-loader-context=PCL[]
01-10 15:15:14.565  3761  3761 I dex2oat : dex2oat took 2.127s (5.324s cpu) (threads: 4) arena alloc=5KB (5432B) java alloc=9MB (10389360B) native alloc=7MB (7424832B) free=2MB (2536640B)
01-10 15:15:14.584   834   834 I PackageManager.DexOptimizer: Running dexopt (dexoptNeeded=1) on: /system/priv-app/CalendarProvider/CalendarProvider.apk pkg=com.android.providers.calendar isa=arm64 dexoptFlags=public target-filter=quicken oatDir=null sharedLibraries=PCL[/system/framework/android.test.mock.jar:/system/framework/android.test.runner.jar]
01-10 15:15:14.626  3792  3792 I dex2oat : /system/bin/dex2oat --input-vdex-fd=-1 --output-vdex-fd=9 --compiler-filter=quicken -j4 --classpath-dir=/system/priv-app/CalendarProvider --class-loader-context=PCL[/system/framework/android.test.mock.jar:/system/framework/android.test.runner.jar]
01-10 15:15:14.821  3792  3792 I dex2oat : dex2oat took 195.675ms (391.958ms cpu) (threads: 4) arena alloc=9KB (9336B) java alloc=484KB (496456B) native alloc=1337KB (1369712B) free=2MB (2300304B)
01-10 15:15:14.830   834   834 I PackageManager.DexOptimizer: Running dexopt (dexoptNeeded=1) on: /system/priv-app/MediaProvider/MediaProvider.apk pkg=com.android.providers.media isa=arm64 dexoptFlags=public target-filter=quicken oatDir=null sharedLibraries=PCL[]
01-10 15:15:14.876  3810  3810 I dex2oat : /system/bin/dex2oat --input-vdex-fd=-1 --output-vdex-fd=9 --compiler-filter=quicken -j4 --classpath-dir=/system/priv-app/MediaProvider --class-loader-context=PCL[]
01-10 15:15:14.989  3810  3810 I dex2oat : dex2oat took 113.641ms (153.139ms cpu) (threads: 4) arena alloc=82KB (84432B) java alloc=178KB (183176B) native alloc=1507KB (1543448B) free=2MB (2126568B)
01-10 15:15:14.999   834   834 I PackageManager.DexOptimizer: Running dexopt (dexoptNeeded=1) on: /system/priv-app/WallpaperCropper/WallpaperCropper.apk pkg=com.android.wallpapercropper isa=arm64 dexoptFlags=public target-filter=quicken oatDir=null sharedLibraries=PCL[]
01-10 15:15:15.042  3828  3828 I dex2oat : /system/bin/dex2oat --input-vdex-fd=-1 --output-vdex-fd=9 --compiler-filter=quicken -j4 --classpath-dir=/system/priv-app/WallpaperCropper --class-loader-context=PCL[]
01-10 15:15:15.129  3828  3828 I dex2oat : dex2oat took 88.084ms (120.379ms cpu) (threads: 4) arena alloc=4KB (4496B) java alloc=147KB (150632B) native alloc=1454KB (1489368B) free=2MB (2180648B)
01-10 15:15:15.137   834   834 I PackageManager.DexOptimizer: Running dexopt (dexoptNeeded=1) on: /system/priv-app/DocumentsUI/DocumentsUI.apk pkg=com.android.documentsui isa=arm64 dexoptFlags=public target-filter=quicken oatDir=null sharedLibraries=PCL[]
01-10 15:15:15.179  3833  3833 I dex2oat : /system/bin/dex2oat --input-vdex-fd=-1 --output-vdex-fd=9 --compiler-filter=quicken -j4 --classpath-dir=/system/priv-app/DocumentsUI --class-loader-context=PCL[]
01-10 15:15:15.184  3833  3833 W dex2oat : Could not reserve sentinel fault page
01-10 15:15:15.540   400   400 W /system/bin/hwservicemanager: getTransport: Cannot find entry android.hardware.nfc@1.0::INfc/default in either framework or device manifest.
01-10 15:15:15.541  3838  3838 D vndksupport: Loading /vendor/lib64/hw/android.hardware.nfc@1.0-impl.so from current namespace instead of sphal namespace.
01-10 15:15:15.542  3838  3838 E android.hardware.nfc@1.0-impl: hw_get_module nfc_nci failed: -2
01-10 15:15:15.542  3838  3838 E android.hardware.nfc@1.0-impl: Passthrough failed to load legacy HAL.
01-10 15:15:15.542  3838  3838 E android.hardware.nfc@1.0-service: Could not get passthrough implementation for android.hardware.nfc@1.0::INfc/default.
01-10 15:15:15.622  3839  3839 E ANDR-PERF-MPCTL: Unable to create control service (stage=1, rc=0)
01-10 15:15:15.622  3839  3839 W libc    : invalid pthread_t (0) passed to libc
01-10 15:15:16.046  3833  3833 I dex2oat : dex2oat took 868.432ms (1.991s cpu) (threads: 4) arena alloc=6KB (7024B) java alloc=3MB (3340920B) native alloc=3MB (3446960B) free=2MB (2844496B)
01-10 15:15:16.061   834   834 I PackageManager.DexOptimizer: Running dexopt (dexoptNeeded=1) on: /system/priv-app/ExternalStorageProvider/ExternalStorageProvider.apk pkg=com.android.externalstorage isa=arm64 dexoptFlags=public target-filter=quicken oatDir=null sharedLibraries=PCL[]
01-10 15:15:16.104  3853  3853 I dex2oat : /system/bin/dex2oat --input-vdex-fd=-1 --output-vdex-fd=9 --compiler-filter=quicken -j4 --classpath-dir=/system/priv-app/ExternalStorageProvider --class-loader-context=PCL[]
01-10 15:15:16.162  3853  3853 I dex2oat : dex2oat took 59.331ms (67.521ms cpu) (threads: 4) arena alloc=8KB (8800B) java alloc=72KB (73752B) native alloc=1407KB (1441672B) free=1664KB (1704056B)
01-10 15:15:16.170   834   834 I PackageManager.DexOptimizer: Running dexopt (dexoptNeeded=1) on: /system/app/HTMLViewer/HTMLViewer.apk pkg=com.android.htmlviewer isa=arm64 dexoptFlags=public target-filter=quicken oatDir=null sharedLibraries=PCL[]
01-10 15:15:16.212  3858  3858 I dex2oat : /system/bin/dex2oat --input-vdex-fd=-1 --output-vdex-fd=9 --compiler-filter=quicken -j4 --classpath-dir=/system/app/HTMLViewer --class-loader-context=PCL[]
01-10 15:15:16.239   465   465 I MSM-irqbalance: Decided to move IRQ222 from CPU0 to CPU1
01-10 15:15:16.267  3858  3858 I dex2oat : dex2oat took 55.358ms (62.322ms cpu) (threads: 4) arena alloc=9KB (9752B) java alloc=81KB (83144B) native alloc=1217KB (1246688B) free=1342KB (1374752B)
01-10 15:15:16.274   834   834 I PackageManager.DexOptimizer: Running dexopt (dexoptNeeded=1) on: /system/app/CompanionDeviceManager/CompanionDeviceManager.apk pkg=com.android.companiondevicemanager isa=arm64 dexoptFlags=public target-filter=quicken oatDir=null sharedLibraries=PCL[]
01-10 15:15:16.316  3863  3863 I dex2oat : /system/bin/dex2oat --input-vdex-fd=-1 --output-vdex-fd=9 --compiler-filter=quicken -j4 --classpath-dir=/system/app/CompanionDeviceManager --class-loader-context=PCL[]
01-10 15:15:16.377  3863  3863 I dex2oat : dex2oat took 61.387ms (77.382ms cpu) (threads: 4) arena alloc=5KB (5328B) java alloc=69KB (71472B) native alloc=1219KB (1248784B) free=1852KB (1896944B)
01-10 15:15:16.384   834   834 I PackageManager.DexOptimizer: Running dexopt (dexoptNeeded=1) on: /system/app/QuickSearchBox/QuickSearchBox.apk pkg=com.android.quicksearchbox isa=arm64 dexoptFlags=public target-filter=quicken oatDir=null sharedLibraries=PCL[]
01-10 15:15:16.427  3868  3868 I dex2oat : /system/bin/dex2oat --input-vdex-fd=-1 --output-vdex-fd=9 --compiler-filter=quicken -j4 --classpath-dir=/system/app/QuickSearchBox --class-loader-context=PCL[]
01-10 15:15:16.619  3868  3868 I dex2oat : dex2oat took 193.458ms (396.502ms cpu) (threads: 4) arena alloc=6KB (7144B) java alloc=693KB (710048B) native alloc=1375KB (1408960B) free=2MB (2785344B)
01-10 15:15:16.628   834   834 I PackageManager.DexOptimizer: Running dexopt (dexoptNeeded=1) on: /system/priv-app/DownloadProvider/DownloadProvider.apk pkg=com.android.providers.downloads isa=arm64 dexoptFlags=public target-filter=quicken oatDir=null sharedLibraries=PCL[]
01-10 15:15:16.675  3873  3873 I dex2oat : /system/bin/dex2oat --input-vdex-fd=-1 --output-vdex-fd=9 --compiler-filter=quicken -j4 --classpath-dir=/system/priv-app/DownloadProvider --class-loader-context=PCL[]
01-10 15:15:16.852  3873  3873 I dex2oat : dex2oat took 178.308ms (349.708ms cpu) (threads: 4) arena alloc=9KB (9336B) java alloc=422KB (432872B) native alloc=1498KB (1534200B) free=2MB (2660104B)
01-10 15:15:16.862   834   834 I PackageManager.DexOptimizer: Running dexopt (dexoptNeeded=1) on: /system/app/messaging/messaging.apk pkg=com.android.messaging isa=arm64 dexoptFlags=public target-filter=quicken oatDir=null sharedLibraries=PCL[]
01-10 15:15:16.908  3878  3878 I dex2oat : /system/bin/dex2oat --input-vdex-fd=-1 --output-vdex-fd=9 --compiler-filter=quicken -j4 --classpath-dir=/system/app/messaging --class-loader-context=PCL[]
01-10 15:15:18.429  3878  3878 I dex2oat : dex2oat took 1.523s (3.734s cpu) (threads: 4) arena alloc=119KB (122608B) java alloc=5MB (6024776B) native alloc=5MB (6068440B) free=2MB (2320168B)
01-10 15:15:18.444   834   834 I PackageManager.DexOptimizer: Running dexopt (dexoptNeeded=1) on: /system/app/Terminal/Terminal.apk pkg=com.android.terminal isa=arm64 dexoptFlags=public target-filter=quicken oatDir=null sharedLibraries=PCL[]
01-10 15:15:18.487  3883  3883 I dex2oat : /system/bin/dex2oat --input-vdex-fd=-1 --output-vdex-fd=9 --compiler-filter=quicken -j4 --classpath-dir=/system/app/Terminal --class-loader-context=PCL[]
01-10 15:15:18.934  3883  3883 I dex2oat : dex2oat took 447.207ms (1.035s cpu) (threads: 4) arena alloc=4KB (4440B) java alloc=1166KB (1194120B) native alloc=2MB (2269976B) free=2MB (2448616B)
01-10 15:15:18.944   834   834 I PackageManager.DexOptimizer: Running dexopt (dexoptNeeded=1) on: /system/app/Bolt/Bolt.apk pkg=org.aoscp.bolt isa=arm64 dexoptFlags=public target-filter=quicken oatDir=null sharedLibraries=PCL[]
01-10 15:15:18.986  3888  3888 I dex2oat : /system/bin/dex2oat --input-vdex-fd=-1 --output-vdex-fd=9 --compiler-filter=quicken -j4 --classpath-dir=/system/app/Bolt --class-loader-context=PCL[]
01-10 15:15:19.593  3888  3888 I dex2oat : dex2oat took 608.784ms (1.459s cpu) (threads: 4) arena alloc=9KB (9984B) java alloc=2MB (2548760B) native alloc=2MB (2500464B) free=2MB (2218128B)
01-10 15:15:19.604   834   834 I PackageManager.DexOptimizer: Running dexopt (dexoptNeeded=1) on: /system/app/DownloadProviderUi/DownloadProviderUi.apk pkg=com.android.providers.downloads.ui isa=arm64 dexoptFlags=public target-filter=quicken oatDir=null sharedLibraries=PCL[]
01-10 15:15:19.648  3893  3893 I dex2oat : /system/bin/dex2oat --input-vdex-fd=-1 --output-vdex-fd=9 --compiler-filter=quicken -j4 --classpath-dir=/system/app/DownloadProviderUi --class-loader-context=PCL[]
01-10 15:15:19.698  3893  3893 I dex2oat : dex2oat took 51.253ms (55.554ms cpu) (threads: 4) arena alloc=14KB (14880B) java alloc=64KB (66520B) native alloc=1201KB (1230664B) free=1870KB (1915064B)
01-10 15:15:19.705   834   834 I PackageManager.DexOptimizer: Running dexopt (dexoptNeeded=1) on: /system/app/PacProcessor/PacProcessor.apk pkg=com.android.pacprocessor isa=arm64 dexoptFlags=public target-filter=quicken oatDir=null sharedLibraries=PCL[]
01-10 15:15:19.745  3898  3898 I dex2oat : /system/bin/dex2oat --input-vdex-fd=-1 --output-vdex-fd=9 --compiler-filter=quicken -j4 --classpath-dir=/system/app/PacProcessor --class-loader-context=PCL[]
01-10 15:15:19.790  3898  3898 I dex2oat : dex2oat took 45.599ms (47.805ms cpu) (threads: 4) arena alloc=5KB (5312B) java alloc=51KB (52736B) native alloc=1199KB (1228344B) free=1872KB (1917384B)
01-10 15:15:19.796   834   834 I PackageManager.DexOptimizer: Running dexopt (dexoptNeeded=1) on: /system/app/CertInstaller/CertInstaller.apk pkg=com.android.certinstaller isa=arm64 dexoptFlags=public target-filter=quicken oatDir=null sharedLibraries=PCL[]
01-10 15:15:19.836  3903  3903 I dex2oat : /system/bin/dex2oat --input-vdex-fd=-1 --output-vdex-fd=9 --compiler-filter=quicken -j4 --classpath-dir=/system/app/CertInstaller --class-loader-context=PCL[]
01-10 15:15:19.899  3903  3903 I dex2oat : dex2oat took 63.497ms (84.626ms cpu) (threads: 4) arena alloc=10KB (10400B) java alloc=167KB (171960B) native alloc=1358KB (1391256B) free=1713KB (1754472B)
01-10 15:15:19.906   834   834 I PackageManager.DexOptimizer: Running dexopt (dexoptNeeded=1) on: /system/priv-app/CarrierConfig/CarrierConfig.apk pkg=com.android.carrierconfig isa=arm64 dexoptFlags=public target-filter=quicken oatDir=null sharedLibraries=PCL[]
01-10 15:15:19.946  3908  3908 I dex2oat : /system/bin/dex2oat --input-vdex-fd=-1 --output-vdex-fd=9 --compiler-filter=quicken -j4 --classpath-dir=/system/priv-app/CarrierConfig --class-loader-context=PCL[]
01-10 15:15:19.993  3908  3908 I dex2oat : dex2oat took 47.317ms (47.156ms cpu) (threads: 4) arena alloc=5KB (6088B) java alloc=22KB (23152B) native alloc=1171KB (1199480B) free=1388KB (1421960B)
01-10 15:15:19.999   834   834 I PackageManager.DexOptimizer: Running dexopt (dexoptNeeded=1) on: /system/app/MusicX/MusicX.apk pkg=co.aoscp.musicx isa=arm64 dexoptFlags=public target-filter=quicken oatDir=null sharedLibraries=PCL[]
01-10 15:15:20.039  3913  3913 I dex2oat : /system/bin/dex2oat --input-vdex-fd=-1 --output-vdex-fd=9 --compiler-filter=quicken -j4 --classpath-dir=/system/app/MusicX --class-loader-context=PCL[]
01-10 15:15:20.529   400   400 W /system/bin/hwservicemanager: getTransport: Cannot find entry android.hardware.nfc@1.0::INfc/default in either framework or device manifest.
