01-03 22:41:10.994 24176 24176 I Netd    : Setting up BandwidthController hooks: 5.3ms
01-03 22:41:10.994 24176 24176 I Netd    : Setting up IdletimerController hooks: 0.1ms
01-03 22:41:10.997 24174 24174 E SoundTriggerHalImpl: couldn't load sound trigger module sound_trigger.primary (No such file or directory)
01-03 22:41:10.997 24174 24174 I SoundTriggerHalHidl: getProperties res implementor 
01-03 22:41:10.997 24174 24174 I SoundTriggerHalHidl: getProperties ret -19
01-03 22:41:10.997 24174 24174 E SoundTriggerHwService: could not read implementation properties
01-03 22:41:11.002 24176 24176 I Netd    : Disabling bandwidth control: 8.1ms
01-03 22:41:11.004 24176 24176 E Netd    : Error adding route 0.0.0.0/0 -> (null) dummy0 to table 1002: File exists
01-03 22:41:11.004 24176 24176 I Netd    : Initializing RouteController: 1.9ms
01-03 22:41:11.011 24176 24176 D MDnsDS  : MDnsSdListener::Hander starting up
01-03 22:41:11.011 24176 24232 D MDnsDS  : MDnsSdListener starting to monitor
01-03 22:41:11.011 24176 24232 D MDnsDS  : Going to poll with pollCount 1
01-03 22:41:11.012 24176 24176 I Netd    : Registering NetdNativeService: 1.0ms
01-03 22:41:11.013 24176 24176 I Netd    : Starting CommandListener: 1.0ms
01-03 22:41:11.015 24176 24176 I Netd    : Registering NetdHwService: 2.3ms
01-03 22:41:11.016 24176 24176 I Netd    : Netd started in 281ms
01-03 22:41:11.275 24173 24173 D AndroidRuntime: >>>>>> START com.android.internal.os.ZygoteInit uid 0 <<<<<<
01-03 22:41:11.284 24173 24173 I zygote64: option[0]=-Xzygote
01-03 22:41:11.284 24173 24173 I zygote64: option[1]=-Xstacktracefile:/data/anr/traces.txt
01-03 22:41:11.284 24173 24173 I zygote64: option[2]=exit
01-03 22:41:11.284 24173 24173 I zygote64: option[3]=vfprintf
01-03 22:41:11.284 24173 24173 I zygote64: option[4]=sensitiveThread
01-03 22:41:11.284 24173 24173 I zygote64: option[5]=-verbose:gc
01-03 22:41:11.284 24173 24173 I zygote64: option[6]=-Xms8m
01-03 22:41:11.284 24173 24173 I zygote64: option[7]=-Xmx768m
01-03 22:41:11.284 24173 24173 I zygote64: option[8]=-XX:HeapGrowthLimit=288m
01-03 22:41:11.284 24173 24173 I zygote64: option[9]=-XX:HeapMinFree=512k
01-03 22:41:11.284 24173 24173 I zygote64: option[10]=-XX:HeapMaxFree=8m
01-03 22:41:11.284 24173 24173 I zygote64: option[11]=-XX:HeapTargetUtilization=0.75
01-03 22:41:11.284 24173 24173 I zygote64: option[12]=-Xusejit:true
01-03 22:41:11.284 24173 24173 I zygote64: option[13]=-Xjitsaveprofilinginfo
01-03 22:41:11.284 24173 24173 I zygote64: option[14]=-agentlib:jdwp=transport=dt_android_adb,suspend=n,server=y
01-03 22:41:11.284 24173 24173 I zygote64: option[15]=-Xlockprofthreshold:500
01-03 22:41:11.284 24173 24173 I zygote64: option[16]=-Ximage-compiler-option
01-03 22:41:11.284 24173 24173 I zygote64: option[17]=--runtime-arg
01-03 22:41:11.284 24173 24173 I zygote64: option[18]=-Ximage-compiler-option
01-03 22:41:11.284 24173 24173 I zygote64: option[19]=-Xms64m
01-03 22:41:11.284 24173 24173 I zygote64: option[20]=-Ximage-compiler-option
01-03 22:41:11.284 24173 24173 I zygote64: option[21]=--runtime-arg
01-03 22:41:11.284 24173 24173 I zygote64: option[22]=-Ximage-compiler-option
01-03 22:41:11.284 24173 24173 I zygote64: option[23]=-Xmx64m
01-03 22:41:11.284 24173 24173 I zygote64: option[24]=-Ximage-compiler-option
01-03 22:41:11.284 24173 24173 I zygote64: option[25]=--image-classes=/system/etc/preloaded-classes
01-03 22:41:11.284 24173 24173 I zygote64: option[26]=-Ximage-compiler-option
01-03 22:41:11.284 24173 24173 I zygote64: option[27]=--compiled-classes=/system/etc/compiled-classes
01-03 22:41:11.284 24173 24173 I zygote64: option[28]=-Xcompiler-option
01-03 22:41:11.284 24173 24173 I zygote64: option[29]=--runtime-arg
01-03 22:41:11.284 24173 24173 I zygote64: option[30]=-Xcompiler-option
01-03 22:41:11.284 24173 24173 I zygote64: option[31]=-Xms64m
01-03 22:41:11.284 24173 24173 I zygote64: option[32]=-Xcompiler-option
01-03 22:41:11.284 24173 24173 I zygote64: option[33]=--runtime-arg
01-03 22:41:11.284 24173 24173 I zygote64: option[34]=-Xcompiler-option
01-03 22:41:11.284 24173 24173 I zygote64: option[35]=-Xmx512m
01-03 22:41:11.284 24173 24173 I zygote64: option[36]=-Xcompiler-option
01-03 22:41:11.284 24173 24173 I zygote64: option[37]=-j2
01-03 22:41:11.284 24173 24173 I zygote64: option[38]=-Ximage-compiler-option
01-03 22:41:11.284 24173 24173 I zygote64: option[39]=-j4
01-03 22:41:11.284 24173 24173 I zygote64: option[40]=-Ximage-compiler-option
01-03 22:41:11.284 24173 24173 I zygote64: option[41]=--instruction-set-variant=generic
01-03 22:41:11.284 24173 24173 I zygote64: option[42]=-Xcompiler-option
01-03 22:41:11.284 24173 24173 I zygote64: option[43]=--instruction-set-variant=generic
01-03 22:41:11.285 24173 24173 I zygote64: option[44]=-Ximage-compiler-option
01-03 22:41:11.285 24173 24173 I zygote64: option[45]=--instruction-set-features=default
01-03 22:41:11.285 24173 24173 I zygote64: option[46]=-Xcompiler-option
01-03 22:41:11.285 24173 24173 I zygote64: option[47]=--instruction-set-features=default
01-03 22:41:11.285 24173 24173 I zygote64: option[48]=-Duser.locale=en-US
01-03 22:41:11.285 24173 24173 I zygote64: option[49]=--cpu-abilist=arm64-v8a
01-03 22:41:11.285 24173 24173 I zygote64: option[50]=-Xfingerprint:lge/p1_global_com/p1:8.0/NRD90U/171931902b165:user/release-keys
01-03 22:41:11.447  1267  1267 I thermal-engine: type=1400 audit(0.0:7411): avc: denied { ioctl } for path="/dev/msm_thermal_query" dev="tmpfs" ino=12295 ioctlcmd=ca02 scontext=u:r:init:s0 tcontext=u:object_r:thermal_device:s0 tclass=chr_file permissive=1
01-03 22:41:11.451  1158  1267 E ThermalEngine: ACTION: CLUSTER - Setting CLUSTER[1] to 1248000
01-03 22:41:11.482  1158  1267 E ThermalEngine: ACTION: CLUSTER - Setting CLUSTER[1] to 960000
01-03 22:41:11.487  1153  1153 I sensors.qcom: type=1400 audit(0.0:7412): avc: denied { write } for scontext=u:r:init:s0 tcontext=u:r:init:s0 tclass=socket permissive=1
01-03 22:41:11.487  1288  1288 I sensors.qcom: type=1400 audit(0.0:7413): avc: denied { read } for scontext=u:r:init:s0 tcontext=u:r:init:s0 tclass=socket permissive=1
01-03 22:41:11.496  1153  1153 E QMI_FW  : xport_send: Sendto failed for port 13056
01-03 22:41:11.496  1153  1153 E QMI_FW  : QCCI qmi_cci_flush_tx_q: Error sending TXN: svc_id: 276 txn_id: 2 msg_id: 3
01-03 22:41:11.496  1153  1153 E Sensors : sns_acm_mr.c(499):Transport error -16
01-03 22:41:11.509 24173 24173 I SamplingProfilerIntegration: Profiling disabled.
01-03 22:41:11.509 24173 24173 D Zygote  : begin preload
01-03 22:41:11.510 24173 24173 I Zygote  : Installing ICU cache reference pinning...
01-03 22:41:11.510 24173 24173 I Zygote  : Preloading ICU data...
01-03 22:41:11.523 24173 24173 D Zygote64Timing: BeginIcuCachePinning took to complete: 13ms
01-03 22:41:11.523 24173 24173 I Zygote  : Preloading classes...
01-03 22:41:11.709 24173 24173 E ActivityRecognitionHardware: activity_recognition HAL is deprecated. class_init is effectively a no-op
01-03 22:41:11.721 24173 24173 I zygote64: Thread[1,tid=24173,Native,Thread*=0x76b46bea00,peer=0x76b81ca8,"main"] recursive attempt to load library "/system/lib64/libmedia_jni.so"
01-03 22:41:11.721 24173 24173 D MtpDeviceJNI: register_android_mtp_MtpDevice
01-03 22:41:11.721 24173 24173 I zygote64: Thread[1,tid=24173,Native,Thread*=0x76b46bea00,peer=0x76b81ca8,"main"] recursive attempt to load library "/system/lib64/libmedia_jni.so"
01-03 22:41:11.722 24173 24173 I zygote64: Thread[1,tid=24173,Native,Thread*=0x76b46bea00,peer=0x76b81ca8,"main"] recursive attempt to load library "/system/lib64/libmedia_jni.so"
01-03 22:41:11.739 24173 24173 W main    : type=1400 audit(0.0:7414): avc: granted { read } for name="cmdline" dev="proc" ino=4026535438 scontext=u:r:zygote:s0 tcontext=u:object_r:proc:s0 tclass=file
01-03 22:41:11.739 24173 24173 W main    : type=1400 audit(0.0:7415): avc: granted { read open } for path="/proc/cmdline" dev="proc" ino=4026535438 scontext=u:r:zygote:s0 tcontext=u:object_r:proc:s0 tclass=file
01-03 22:41:11.739 24173 24173 W main    : type=1400 audit(0.0:7416): avc: granted { getattr } for path="/proc/cmdline" dev="proc" ino=4026535438 scontext=u:r:zygote:s0 tcontext=u:object_r:proc:s0 tclass=file
01-03 22:41:11.824 24173 24173 I System  : Loaded time zone names for "" in 35ms (35ms in ICU)
01-03 22:41:11.843 24173 24173 I System  : Loaded time zone names for "en_US" in 19ms (18ms in ICU)
01-03 22:41:11.851 24173 24173 I Zygote  : ...preloaded 4570 classes in 328ms.
01-03 22:41:11.851 24173 24173 I zygote64: VMRuntime.preloadDexCaches starting
01-03 22:41:11.921 24173 24173 I zygote64: VMRuntime.preloadDexCaches strings total=307197 before=2830 after=2830
01-03 22:41:11.921 24173 24173 I zygote64: VMRuntime.preloadDexCaches types total=26199 before=2662 after=3315
01-03 22:41:11.921 24173 24173 I zygote64: VMRuntime.preloadDexCaches fields total=124185 before=2149 after=1211
01-03 22:41:11.921 24173 24173 I zygote64: VMRuntime.preloadDexCaches methods total=220089 before=87675 after=87767
01-03 22:41:11.921 24173 24173 I zygote64: VMRuntime.preloadDexCaches finished
01-03 22:41:11.921 24173 24173 D Zygote64Timing: PreloadClasses took to complete: 398ms
01-03 22:41:11.939  1158  1267 E ThermalEngine: ACTION: CLUSTER - Setting CLUSTER[1] to 1248000
01-03 22:41:11.956 24173 24173 I Zygote  : Preloading resources...
01-03 22:41:11.990 24173 24173 W Resources: Preloaded drawable resource #0x1080264 (android:drawable/dialog_background_material) that varies with configuration!!
01-03 22:41:12.000 24173 24173 W Resources: Preloaded color resource #0x10600de (android:color/material_grey_800) that varies with configuration!!
01-03 22:41:12.000 24173 24173 W Resources: Preloaded drawable resource #0x10802d1 (android:drawable/floating_popup_background_dark) that varies with configuration!!
01-03 22:41:12.145  1158  1267 E ThermalEngine: ACTION: CLUSTER - Setting CLUSTER[1] to 960000
01-03 22:41:12.160 24173 24173 I Zygote  : ...preloaded 114 resources in 204ms.
01-03 22:41:12.165 24173 24173 W Resources: Preloaded color resource #0x1060036 (android:color/background_cache_hint_selector_material_dark) that varies with configuration!!
01-03 22:41:12.166 24173 24173 W Resources: Preloaded color resource #0x1060053 (android:color/btn_default_material_dark) that varies with configuration!!
01-03 22:41:12.167 24173 24173 I Zygote  : ...preloaded 41 resources in 7ms.
01-03 22:41:12.167 24173 24173 D Zygote64Timing: PreloadResources took to complete: 246ms
01-03 22:41:12.168 24173 24173 I vndksupport: sphal namespace is not configured for this process. Loading /vendor/lib64/egl/libEGL_adreno.so from the current namespace instead.
01-03 22:41:12.170 24173 24173 D libEGL  : loaded /vendor/lib64/egl/libEGL_adreno.so
01-03 22:41:12.185 24173 24173 I vndksupport: sphal namespace is not configured for this process. Loading /vendor/lib64/egl/libGLESv1_CM_adreno.so from the current namespace instead.
01-03 22:41:12.186 24173 24173 D libEGL  : loaded /vendor/lib64/egl/libGLESv1_CM_adreno.so
01-03 22:41:12.215 24173 24173 I vndksupport: sphal namespace is not configured for this process. Loading /vendor/lib64/egl/libGLESv2_adreno.so from the current namespace instead.
01-03 22:41:12.216 24173 24173 D libEGL  : loaded /vendor/lib64/egl/libGLESv2_adreno.so
01-03 22:41:12.250 24173 24173 I Zygote  : Preloading shared libraries...
01-03 22:41:12.267 24173 24173 I Zygote  : Uninstalled ICU cache reference pinning...
01-03 22:41:12.268 24173 24173 I Zygote  : Installed AndroidKeyStoreProvider in 1ms.
01-03 22:41:12.277 24173 24173 I Zygote  : Warmed up JCA providers in 9ms.
01-03 22:41:12.277 24173 24173 D Zygote  : end preload
01-03 22:41:12.277 24173 24173 D Zygote64Timing: ZygotePreload took to complete: 768ms
01-03 22:41:12.302 24173 24173 I zygote64: Explicit concurrent copying GC freed 32102(1759KB) AllocSpace objects, 4(104KB) LOS objects, 58% free, 1067KB/2MB, paused 447us total 24.812ms
01-03 22:41:12.384 24173 24173 I zygote64: Explicit concurrent copying GC freed 6059(221KB) AllocSpace objects, 0(0B) LOS objects, 63% free, 878KB/2MB, paused 291us total 62.629ms
01-03 22:41:12.384 24173 24173 D Zygote64Timing: PostZygoteInitGC took to complete: 107ms
01-03 22:41:12.384 24173 24173 D Zygote64Timing: ZygoteInit took to complete: 875ms
01-03 22:41:12.387 24173 24173 I         : seccomp disabled by setenforce 0
01-03 22:41:12.486 24173 24173 I Zygote  : System server process 24246 has been created
01-03 22:41:12.491  1153  1153 I sensors.qcom: type=1400 audit(0.0:7417): avc: denied { write } for name="sensor_ctl_socket" dev="tmpfs" ino=23377 scontext=u:r:init:s0 tcontext=u:object_r:socket_device:s0 tclass=sock_file permissive=1
01-03 22:41:12.492 24173 24173 I Zygote  : Accepting command socket connections
01-03 22:41:12.505  1155 24253 I chatty  : uid=1006(camera) mm-qcamera-daem expire 2 lines
01-03 22:41:12.507  1155 24257 I chatty  : uid=1006(camera) mm-qcamera-daem expire 1 line
01-03 22:41:12.510 24246 24246 I chatty  : uid=1000 system_server expire 158 lines
01-03 22:41:12.513  1155 24261 I chatty  : uid=1006(camera) mm-qcamera-daem expire 15 lines
01-03 22:41:12.515  1155 24262 I chatty  : uid=1006(camera) mm-qcamera-daem expire 2 lines
01-03 22:41:12.516  1155 24263 I chatty  : uid=1006(camera) mm-qcamera-daem expire 3 lines
01-03 22:41:12.517  1155 24264 I chatty  : uid=1006(camera) mm-qcamera-daem expire 4 lines
01-03 22:41:12.520  1155 24265 I chatty  : uid=1006(camera) mm-qcamera-daem expire 4 lines
01-03 22:41:12.521  1153  1153 E QMI_FW  : xport_send: Sendto failed for port 1792
01-03 22:41:12.521  1153  1153 E QMI_FW  : QCCI qmi_cci_flush_tx_q: Error sending TXN: svc_id: 256 txn_id: 2 msg_id: 0
01-03 22:41:12.521  1153  1153 E Sensors : sns_acm_mr.c(499):Transport error -16
01-03 22:41:12.522  1155 24266 I chatty  : uid=1006(camera) mm-qcamera-daem expire 3 lines
01-03 22:41:12.537 24246 24246 I chatty  : uid=1000 system_server expire 591 lines
01-03 22:41:12.561  1155  1155 I chatty  : uid=1006(camera) mm-qcamera-daem expire 252 lines
01-03 22:41:12.733 24246 24270 I chatty  : uid=1000 system_server expire 11 lines
01-03 22:41:12.735  1177  2761 D installd: Found storage mount /data/media at /mnt/runtime/default/emulated
01-03 22:41:12.770 24246 24272 I chatty  : uid=1000 system_server expire 2 lines
01-03 22:41:12.773 24246 24273 I chatty  : uid=1000 system_server expire 1 line
01-03 22:41:12.920 24246 24280 I chatty  : uid=1000 system_server expire 4 lines
01-03 22:41:12.935 24246 24282 I chatty  : uid=1000 system_server expire 2 lines
01-03 22:41:12.968  1278  1278 D SurfaceFlinger: Set power mode=2, type=0 flinger=0x7493c6d000
01-03 22:41:12.968  1278  1278 D SurfaceFlinger: Screen type=0 is already mode=2
01-03 22:41:12.978 24246 24280 I chatty  : uid=1000 system_server expire 8 lines
01-03 22:41:13.399 24246 24297 I chatty  : uid=1000 system_server expire 8 lines
01-03 22:41:13.409  1177 13729 W installd: Ignoring /data/data/com.android.webview/lib with unexpected GID 0 instead of 10058
01-03 22:41:13.579  1179  1179 I lowmemorykiller: ActivityManager connected
01-03 22:41:13.581 24246 24299 I chatty  : uid=1000 system_server expire 1 line
01-03 22:41:13.586 24246 24300 I chatty  : uid=1000 system_server expire 6 lines
01-03 22:41:13.601 24246 24301 I chatty  : uid=1000 system_server expire 9 lines
01-03 22:41:13.601 24246 24301 I chatty  : uid=1000 system_server expire 14 lines
01-03 22:41:13.616 24246 24267 I chatty  : uid=1000 system_server expire 1 line
01-03 22:41:13.654 24246 24270 I chatty  : uid=1000 system_server expire 2 lines
01-03 22:41:13.675 24301 24301 I system-server-i: type=1400 audit(0.0:7423): avc: denied { getattr } for path="/dev/sensors" dev="tmpfs" ino=1906 scontext=u:r:system_server:s0 tcontext=u:object_r:device:s0 tclass=chr_file permissive=1
01-03 22:41:13.675 24301 24301 I system-server-i: type=1400 audit(0.0:7424): avc: denied { write } for name="sensor_ctl_socket" dev="tmpfs" ino=23377 scontext=u:r:system_server:s0 tcontext=u:object_r:socket_device:s0 tclass=sock_file permissive=1
01-03 22:41:13.679  1153  1153 I sensors.qcom: type=1400 audit(0.0:7425): avc: denied { create } for scontext=u:r:init:s0 tcontext=u:r:init:s0 tclass=socket permissive=1
01-03 22:41:13.679  1153  1153 I sensors.qcom: type=1400 audit(0.0:7426): avc: denied { ioctl } for path="socket:[186091]" dev="sockfs" ino=186091 ioctlcmd=c304 scontext=u:r:init:s0 tcontext=u:r:init:s0 tclass=socket permissive=1
01-03 22:41:13.692 24246 24309 I chatty  : uid=1000 system_server expire 1 line
01-03 22:41:13.694  1153  1153 E QMI_FW  : xport_send: Sendto failed for port 1792
01-03 22:41:13.694  1153  1153 E QMI_FW  : QCCI qmi_cci_flush_tx_q: Error sending TXN: svc_id: 256 txn_id: 1 msg_id: 1
01-03 22:41:13.694  1153  1153 E Sensors : sns_acm_mr.c(499):Transport error -16
01-03 22:41:13.840  1158  1262 E ThermalEngine: TM Id 'LCD_management' Sensor 'xo_therm' - alarm raised 1 at 44.0 degC
01-03 22:41:14.109  1158  1263 E ThermalEngine: [BMHB_GOV] read failed VS_TEMP
01-03 22:41:14.359 24314 24314 I init    : type=1400 audit(0.0:7427): avc: denied { execute_no_trans } for path="/system/vendor/bin/perfd" dev="mmcblk0p47" ino=2265 scontext=u:r:init:s0 tcontext=u:object_r:vendor_file:s0 tclass=file permissive=1
01-03 22:41:14.376 24314 24314 E ANDR-PERF-MPCTL: Unable to create control service (stage=1, rc=0)
01-03 22:41:14.376 24314 24314 W libc    : invalid pthread_t (0) passed to libc
01-03 22:41:14.415 24313 24313 I cameraserver: ServiceManager: 0xf1417580
01-03 22:41:14.416 24313 24313 I CameraService: CameraService started (pid=24313)
01-03 22:41:14.416 24313 24313 I CameraService: CameraService process starting
01-03 22:41:14.695  1153  1153 E QMI_FW  : xport_send: Sendto failed for port 1792
01-03 22:41:14.695  1153  1153 E QMI_FW  : QCCI qmi_cci_flush_tx_q: Error sending TXN: svc_id: 256 txn_id: 2 msg_id: 5
01-03 22:41:14.695  1153  1153 E Sensors : sns_acm_mr.c(499):Transport error -16
01-03 22:41:15.075 24317 24317 I chatty  : uid=1006(camera) /system/bin/mm-qcamera-daemon expire 18 lines
01-03 22:41:15.076 24313 24313 D mm-camera-intf: index = 0 flag = 1 mount_angle = 90 facing = 0
01-03 22:41:15.076 24313 24313 D mm-camera-intf: index = 1 flag = 103 mount_angle = 270 facing = 1
01-03 22:41:15.079 24318 24318 W CAM_startiface: type=1400 audit(0.0:7438): avc: granted { read } for name="ion" dev="tmpfs" ino=1920 scontext=u:r:init:s0 tcontext=u:object_r:ion_device:s0 tclass=chr_file
01-03 22:41:15.079 24318 24318 W CAM_startiface: type=1400 audit(0.0:7439): avc: granted { read open } for path="/dev/ion" dev="tmpfs" ino=1920 scontext=u:r:init:s0 tcontext=u:object_r:ion_device:s0 tclass=chr_file
01-03 22:41:15.079 24318 24318 W CAM_startiface: type=1400 audit(0.0:7440): avc: granted { read } for name="ion" dev="tmpfs" ino=1920 scontext=u:r:init:s0 tcontext=u:object_r:ion_device:s0 tclass=chr_file
01-03 22:41:15.079 24318 24318 W CAM_startiface: type=1400 audit(0.0:7441): avc: granted { read open } for path="/dev/ion" dev="tmpfs" ino=1920 scontext=u:r:init:s0 tcontext=u:object_r:ion_device:s0 tclass=chr_file
01-03 22:41:15.080  1155 24317 I chatty  : uid=1006(camera) mm-qcamera-daem expire 19 lines
01-03 22:41:15.082  1155 24318 I chatty  : uid=1006(camera) mm-qcamera-daem expire 2 lines
01-03 22:41:15.086  1155 24320 I chatty  : uid=1006(camera) mm-qcamera-daem expire 4 lines
01-03 22:41:15.088  1155 24321 I chatty  : uid=1006(camera) mm-qcamera-daem expire 9 lines
01-03 22:41:15.091 24322 24322 I chatty  : uid=1006(camera) /system/bin/mm-qcamera-daemon expire 12 lines
01-03 22:41:15.092  1155 24322 I chatty  : uid=1006(camera) mm-qcamera-daem expire 4 lines
01-03 22:41:15.106  1155 24323 I chatty  : uid=1006(camera) mm-qcamera-daem expire 3 lines
01-03 22:41:15.121  1158  1267 E ThermalEngine: ACTION: CLUSTER - Setting CLUSTER[1] to 1248000
01-03 22:41:15.123 24321 24321 I chatty  : uid=1006(camera) /system/bin/mm-qcamera-daemon expire 1 line
01-03 22:41:15.141  1153  1153 E QMI_FW  : xport_send: Sendto failed for port 1792
01-03 22:41:15.142  1153  1153 E QMI_FW  : QCCI qmi_cci_flush_tx_q: Error sending TXN: svc_id: 256 txn_id: 1 msg_id: 2
01-03 22:41:15.142  1153  1153 E Sensors : sns_acm_mr.c(499):Transport error -16
01-03 22:41:15.201  1155 24337 I chatty  : uid=1006(camera) mm-qcamera-daem expire 2 lines
01-03 22:41:15.271  1153  1153 E QMI_FW  : xport_send: Sendto failed for port 13056
01-03 22:41:15.272  1153  1153 E QMI_FW  : QCCI qmi_cci_flush_tx_q: Error sending TXN: svc_id: 276 txn_id: 1 msg_id: 2
01-03 22:41:15.272  1153  1153 E Sensors : sns_acm_mr.c(499):Transport error -16
01-03 22:41:15.983  1172  1172 W /system/bin/hwservicemanager: getTransportFromManifest: Cannot find entry android.hardware.vr@1.0::IVr in either framework or device manifest, using default transport.
01-03 22:41:15.999 24246 24367 I chatty  : uid=1000 system_server expire 25 lines
01-03 22:41:16.065 24246 24271 I chatty  : uid=1000 system_server expire 3 lines
01-03 22:41:16.124 24246 24366 I chatty  : uid=1000 system_server expire 2 lines
01-03 22:41:16.153 24246 24368 I chatty  : uid=1000 system_server expire 17 lines
01-03 22:41:16.156 24246 24370 I chatty  : uid=1000 system_server expire 2 lines
01-03 22:41:16.158  1177 13729 D installd: Found storage mount /data/media at /mnt/runtime/default/emulated
01-03 22:41:16.160  1177 13728 D installd: Found storage mount /data/media at /mnt/runtime/default/emulated
01-03 22:41:16.160 24246 24369 I chatty  : uid=1000 system_server expire 15 lines
01-03 22:41:16.161 24246 24368 I chatty  : uid=1000 system_server expire 3 lines
01-03 22:41:16.255 24297 24297 I system-server-i: type=1400 audit(0.0:7473): avc: denied { read } for name="mmcblk0p35" dev="tmpfs" ino=9961 scontext=u:r:system_server:s0 tcontext=u:object_r:block_device:s0 tclass=blk_file permissive=1
01-03 22:41:16.255 24297 24297 I system-server-i: type=1400 audit(0.0:7474): avc: denied { open } for path="/dev/block/mmcblk0p35" dev="tmpfs" ino=9961 scontext=u:r:system_server:s0 tcontext=u:object_r:block_device:s0 tclass=blk_file permissive=1
01-03 22:41:16.255 24297 24297 I system-server-i: type=1400 audit(0.0:7475): avc: denied { getattr } for path="/dev/block/mmcblk0p35" dev="tmpfs" ino=9961 scontext=u:r:system_server:s0 tcontext=u:object_r:block_device:s0 tclass=blk_file permissive=1
01-03 22:41:16.273  1153  1153 E QMI_FW  : xport_send: Sendto failed for port 13056
01-03 22:41:16.273  1153  1153 E QMI_FW  : QCCI qmi_cci_flush_tx_q: Error sending TXN: svc_id: 276 txn_id: 2 msg_id: 3
01-03 22:41:16.273  1153  1153 E Sensors : sns_acm_mr.c(499):Transport error -16
01-03 22:41:16.303 24297 24297 I system-server-i: type=1400 audit(0.0:7476): avc: denied { ioctl } for path="/dev/block/mmcblk0p35" dev="tmpfs" ino=9961 ioctlcmd=1272 scontext=u:r:system_server:s0 tcontext=u:object_r:block_device:s0 tclass=blk_file permissive=1
01-03 22:41:16.310  1762  1762 W auditd  : type=2 
01-03 22:41:16.320 24246 24371 I chatty  : uid=1000 system_server expire 1 line
01-03 22:41:16.360 24246 24374 I chatty  : uid=1000 system_server expire 1 line
01-03 22:41:16.436 24176 24237 D CommandListener: Clearing all IP addresses on wlan0
01-03 22:41:16.437 24246 24376 I chatty  : uid=1000 system_server expire 7 lines
01-03 22:41:16.672 24174 24201 D PermissionCache: checking android.permission.MODIFY_AUDIO_SETTINGS for uid=1000 => granted (1349 us)
01-03 22:41:16.679 24174 24206 W AudioFlinger: no wake lock to update, system not ready yet
01-03 22:41:16.680 24174 24210 W AudioFlinger: no wake lock to update, system not ready yet
01-03 22:41:16.680 24174 24212 W AudioFlinger: no wake lock to update, system not ready yet
01-03 22:41:16.680 24174 24214 W AudioFlinger: no wake lock to update, system not ready yet
01-03 22:41:16.682 24174 24200 W DeviceHAL: Device 0xf35f3000 set_mic_mute: Function not implemented
01-03 22:41:16.682 24174 24200 W DeviceHAL: Device 0xf35e4c80 set_mic_mute: Function not implemented
01-03 22:41:16.682 24174 24200 W DeviceHAL: Device 0xf1dd44c0 set_mic_mute: Function not implemented
01-03 22:41:16.716 24246 24260 I chatty  : uid=1000 system_server expire 2 lines
01-03 22:41:16.769 24246 24364 I chatty  : uid=1000 system_server expire 1 line
01-03 22:41:16.775  1422  1422 E android.hardware.usb@1.0-service: Failed to open /sys/class/dual_role_usb
01-03 22:41:16.783  1172  1172 W /system/bin/hwservicemanager: getTransportFromManifest: Cannot find entry android.hardware.thermal@1.0::IThermal in either framework or device manifest, using default transport.
01-03 22:41:16.852  1172  1172 W /system/bin/hwservicemanager: getTransportFromManifest: Cannot find entry android.hardware.contexthub@1.0::IContexthub in either framework or device manifest, using default transport.
01-03 22:41:16.985 24246 24395 I chatty  : uid=1000 system_server expire 1 line
01-03 22:41:17.090 24246 24364 I chatty  : uid=1000 system_server expire 3 lines
01-03 22:41:17.108 24246 24381 I chatty  : uid=1000 system_server expire 1 line
01-03 22:41:17.110 24246 24397 I chatty  : uid=1000 system_server expire 3 lines
01-03 22:41:17.122 24174 24174 D PermissionCache: checking android.permission.CAPTURE_AUDIO_HOTWORD for uid=1000 => granted (603 us)
01-03 22:41:17.216 24246 24279 I chatty  : uid=1000 system_server expire 2 lines
01-03 22:41:17.271  1265  1265 I sensors.qcom: type=1400 audit(0.0:7479): avc: denied { read } for scontext=u:r:init:s0 tcontext=u:r:init:s0 tclass=socket permissive=1
01-03 22:41:17.271  1149  1149 I rfs_access: type=1400 audit(0.0:7478): avc: denied { read } for scontext=u:r:init:s0 tcontext=u:r:init:s0 tclass=socket permissive=1
01-03 22:41:17.271  1229  1229 I thermal-engine: type=1400 audit(0.0:7480): avc: denied { read } for scontext=u:r:init:s0 tcontext=u:r:init:s0 tclass=socket permissive=1
01-03 22:41:17.275 24313 24313 I cameraserver: type=1400 audit(0.0:7481): avc: denied { sendto } for path="/data/misc/camera/cam_socket1" scontext=u:r:cameraserver:s0 tcontext=u:r:init:s0 tclass=unix_dgram_socket permissive=1
01-03 22:41:17.283  1155 24415 I chatty  : uid=1006(camera) mm-qcamera-daem expire 4 lines
01-03 22:41:17.292 24313 24313 D QCamera3HWI: int qcamera::lookupFwkName(const mapType*, size_t, halType) [with halType = cam_effect_mode_type; mapType = qcamera::QCamera3HardwareInterface::QCameraMap<camera_metadata_enum_android_control_effect_mode, cam_effect_mode_type>; size_t = unsigned int]: Cannot find matching framework type
01-03 22:41:17.292 24313 24313 I chatty  : uid=1047(cameraserver) /system/bin/cameraserver identical 9 lines
01-03 22:41:17.292 24313 24313 D QCamera3HWI: int qcamera::lookupFwkName(const mapType*, size_t, halType) [with halType = cam_scene_mode_type; mapType = qcamera::QCamera3HardwareInterface::QCameraMap<camera_metadata_enum_android_control_scene_mode, cam_scene_mode_type>; size_t = unsigned int]: Cannot find matching framework type
01-03 22:41:17.292 24313 24313 D QCamera3HWI: int qcamera::lookupFwkName(const mapType*, size_t, halType) [with halType = cam_focus_mode_type; mapType = qcamera::QCamera3HardwareInterface::QCameraMap<camera_metadata_enum_android_control_af_mode, cam_focus_mode_type>; size_t = unsigned int]: Cannot find matching framework type
01-03 22:41:17.292 24313 24313 D QCamera3HWI: int qcamera::lookupFwkName(const mapType*, size_t, halType) [with halType = cam_focus_mode_type; mapType = qcamera::QCamera3HardwareInterface::QCameraMap<camera_metadata_enum_android_control_af_mode, cam_focus_mode_type>; size_t = unsigned int]: Cannot find matching framework type
01-03 22:41:17.292 24313 24313 D QCamera3HWI: int qcamera::lookupFwkName(const mapType*, size_t, halType) [with halType = cam_wb_mode_type; mapType = qcamera::QCamera3HardwareInterface::QCameraMap<camera_metadata_enum_android_control_awb_mode, cam_wb_mode_type>; size_t = unsigned int]: Cannot find matching framework type
01-03 22:41:17.293 24313 24313 E Camera2-Metadata: Update metadata entry: Unknown tag -2147352575
01-03 22:41:17.293 24313 24313 E Camera2-Metadata: Update metadata entry: Unknown tag -2147352576
01-03 22:41:17.293  1155 24418 I chatty  : uid=1006(camera) mm-qcamera-daem expire 1 line
01-03 22:41:17.300  1155 24421 I chatty  : uid=1006(camera) mm-qcamera-daem expire 15 lines
01-03 22:41:17.301  1155 24422 I chatty  : uid=1006(camera) mm-qcamera-daem expire 2 lines
01-03 22:41:17.301  1155 24423 I chatty  : uid=1006(camera) mm-qcamera-daem expire 3 lines
01-03 22:41:17.306  1155 24424 I chatty  : uid=1006(camera) mm-qcamera-daem expire 4 lines
01-03 22:41:17.317  1153  1153 E QMI_FW  : xport_send: Sendto failed for port 1792
01-03 22:41:17.317  1153  1153 E QMI_FW  : QCCI qmi_cci_flush_tx_q: Error sending TXN: svc_id: 256 txn_id: 2 msg_id: 0
01-03 22:41:17.317  1153  1153 E Sensors : sns_acm_mr.c(499):Transport error -16
01-03 22:41:17.318  1155 24425 I chatty  : uid=1006(camera) mm-qcamera-daem expire 4 lines
01-03 22:41:17.319  1155 24430 I chatty  : uid=1006(camera) mm-qcamera-daem expire 3 lines
01-03 22:41:17.324  1280  1575 D vold    : e4crypt_unlock_user_key 0 serial=0 token_present=0
01-03 22:41:17.370 24246 24388 I chatty  : uid=1000 system_server expire 1 line
01-03 22:41:17.381 24174 24200 I AudioFlinger: systemReady
01-03 22:41:17.383  1422  1422 E android.hardware.usb@1.0-service: Failed to open /sys/class/dual_role_usb
01-03 22:41:17.385 24246 24390 I chatty  : uid=1000 system_server expire 1 line
01-03 22:41:17.421  1155 24466 I chatty  : uid=1006(camera) mm-qcamera-daem expire 5 lines
01-03 22:41:17.429  1155 24467 I chatty  : uid=1006(camera) mm-qcamera-daem expire 2 lines
01-03 22:41:17.429  1155 24468 I chatty  : uid=1006(camera) mm-qcamera-daem expire 4 lines
01-03 22:41:17.442  1155 24470 I chatty  : uid=1006(camera) mm-qcamera-daem expire 9 lines
01-03 22:41:17.446 24401 24401 I chatty  : uid=1002(bluetooth) com.android.bluetooth expire 98 lines
01-03 22:41:17.451  1155 24474 I chatty  : uid=1006(camera) mm-qcamera-daem expire 4 lines
01-03 22:41:17.465  1155 24477 I chatty  : uid=1006(camera) mm-qcamera-daem expire 3 lines
01-03 22:41:17.497 24246 24275 I chatty  : uid=1000 system_server expire 3 lines
01-03 22:41:17.500 24246 24373 I chatty  : uid=1000 system_server expire 1 line
01-03 22:41:17.503 24246 24373 I chatty  : uid=1000 system_server expire 1 line
01-03 22:41:17.515 24490 24490 V WebViewFactory: RelroFileCreator (64bit = false),  32-bit lib: /system/app/webview/webview.apk!/lib/armeabi-v7a/libwebviewchromium.so, 64-bit lib: /system/app/webview/webview.apk!/lib/arm64-v8a/libwebviewchromium.so
01-03 22:41:17.530 24426 24426 E JniUtils: Could not load native library jni_latinimegoogle
01-03 22:41:17.530 24426 24426 E JniUtils: java.lang.UnsatisfiedLinkError: dalvik.system.PathClassLoader[DexPathList[[zip file "/system/app/LatinIME/LatinIME.apk"],nativeLibraryDirectories=[/system/app/LatinIME/lib/arm64, /system/fake-libs64, /system/app/LatinIME/LatinIME.apk!/lib/arm64-v8a, /system/lib64, /system/vendor/lib64, /system/lib64, /system/vendor/lib64]]] couldn't find "libjni_latinimegoogle.so"
01-03 22:41:17.530 24426 24426 E JniUtils: 	at java.lang.Runtime.loadLibrary0(Runtime.java:1011)
01-03 22:41:17.530 24426 24426 E JniUtils: 	at java.lang.System.loadLibrary(System.java:1657)
01-03 22:41:17.530 24426 24426 E JniUtils: 	at com.android.inputmethod.latin.utils.JniUtils.<clinit>(JniUtils.java:29)
01-03 22:41:17.530 24426 24426 E JniUtils: 	at com.android.inputmethod.latin.utils.JniUtils.loadNativeLibrary(JniUtils.java:47)
01-03 22:41:17.530 24426 24426 E JniUtils: 	at com.android.inputmethod.latin.LatinIME.<clinit>(LatinIME.java:546)
01-03 22:41:17.530 24426 24426 E JniUtils: 	at java.lang.Class.newInstance(Native Method)
01-03 22:41:17.530 24426 24426 E JniUtils: 	at android.app.ActivityThread.handleCreateService(ActivityThread.java:3386)
01-03 22:41:17.530 24426 24426 E JniUtils: 	at android.app.ActivityThread.-wrap4(Unknown Source:0)
01-03 22:41:17.530 24426 24426 E JniUtils: 	at android.app.ActivityThread$H.handleMessage(ActivityThread.java:1683)
01-03 22:41:17.530 24426 24426 E JniUtils: 	at android.os.Handler.dispatchMessage(Handler.java:105)
01-03 22:41:17.530 24426 24426 E JniUtils: 	at android.os.Looper.loop(Looper.java:164)
01-03 22:41:17.530 24426 24426 E JniUtils: 	at android.app.ActivityThread.main(ActivityThread.java:6541)
01-03 22:41:17.530 24426 24426 E JniUtils: 	at java.lang.reflect.Method.invoke(Native Method)
01-03 22:41:17.530 24426 24426 E JniUtils: 	at com.android.internal.os.Zygote$MethodAndArgsCaller.run(Zygote.java:240)
01-03 22:41:17.530 24426 24426 E JniUtils: 	at com.android.internal.os.ZygoteInit.main(ZygoteInit.java:767)
01-03 22:41:17.536 24438 24438 V SystemUIService: Starting SystemUI services for user 0.
01-03 22:41:17.546 24401 24523 I chatty  : uid=1002(bluetooth) com.android.bluetooth expire 33 lines
01-03 22:41:17.547 24401 24530 I chatty  : uid=1002(bluetooth) com.android.bluetooth expire 14 lines
01-03 22:41:17.548 24501 24501 V WebViewFactory: RelroFileCreator (64bit = true),  32-bit lib: /system/app/webview/webview.apk!/lib/armeabi-v7a/libwebviewchromium.so, 64-bit lib: /system/app/webview/webview.apk!/lib/arm64-v8a/libwebviewchromium.so
01-03 22:41:17.549  1153  1153 E QMI_FW  : xport_send: Sendto failed for port 1792
01-03 22:41:17.549  1153  1153 E QMI_FW  : QCCI qmi_cci_flush_tx_q: Error sending TXN: svc_id: 256 txn_id: 1 msg_id: 2
01-03 22:41:17.549  1153  1153 E Sensors : sns_acm_mr.c(499):Transport error -16
01-03 22:41:17.549 24426 24426 I LatinIME: Hardware accelerated drawing: true
01-03 22:41:17.556 24401 24542 I chatty  : uid=1002(bluetooth) com.android.bluetooth expire 1 line
01-03 22:41:17.558 24401 24543 I chatty  : uid=1002(bluetooth) com.android.bluetooth expire 1 line
01-03 22:41:17.565 24401 24544 I chatty  : uid=1002(bluetooth) com.android.bluetooth expire 30 lines
01-03 22:41:17.574 24438 24438 V MediaRouter: Adding route: RouteInfo{ name=Phone, description=null, status=null, category=RouteCategory{ name=System types=ROUTE_TYPE_LIVE_AUDIO ROUTE_TYPE_LIVE_VIDEO  groupable=false }, supportedTypes=ROUTE_TYPE_LIVE_AUDIO ROUTE_TYPE_LIVE_VIDEO , presentationDisplay=null }
01-03 22:41:17.593 24438 24438 V MediaRouter: Selecting route: RouteInfo{ name=Phone, description=null, status=null, category=RouteCategory{ name=System types=ROUTE_TYPE_LIVE_AUDIO ROUTE_TYPE_LIVE_VIDEO  groupable=false }, supportedTypes=ROUTE_TYPE_LIVE_AUDIO ROUTE_TYPE_LIVE_VIDEO , presentationDisplay=null }
01-03 22:41:17.595 24490 24490 I WebViewLoader-armeabi-v7a: System.exit called, status: 0
01-03 22:41:17.595 24490 24490 I AndroidRuntime: VM exiting with result code 0, cleanup skipped.
01-03 22:41:17.623 24501 24501 I WebViewLoader-arm64-v8a: System.exit called, status: 0
01-03 22:41:17.623 24426 24426 W InputAttributes: No editor info for this field. Bug?
01-03 22:41:17.624 24501 24501 I AndroidRuntime: VM exiting with result code 0, cleanup skipped.
01-03 22:41:17.630 24175 24175 W OMXUtils: do not know color format 0x7fa30c04 = 2141391876
01-03 22:41:17.631 24175 24175 W OMXUtils: do not know color format 0x7f000789 = 2130708361
01-03 22:41:17.634 24438 24438 W SoundPool: Use of stream types is deprecated for operations other than volume control
01-03 22:41:17.634 24438 24438 W SoundPool: See the documentation of SoundPool() for what to use instead with android.media.AudioAttributes to qualify your playback use case
01-03 22:41:17.639 24426 24576 I LatinIME:LogUtils: Dictionary info: dictionary = UserHistoryDictionary.en_US ; version = 1420324877 ; date = ?
01-03 22:41:17.641 24426 24576 I LatinIME:LogUtils: Dictionary info: dictionary = userunigram.en_US ; version = 1420324877 ; date = ?
01-03 22:41:17.652 24175 24175 W OMXUtils: do not know color format 0x7fa30c04 = 2141391876
01-03 22:41:17.653 24175 24175 W OMXUtils: do not know color format 0x7f000789 = 2130708361
01-03 22:41:17.668 24175 24175 W OMXUtils: do not know color format 0x7fa30c04 = 2141391876
01-03 22:41:17.669 24175 24175 W OMXUtils: do not know color format 0x7f000789 = 2130708361
01-03 22:41:17.671  1153  1153 E QMI_FW  : xport_send: Sendto failed for port 13056
01-03 22:41:17.671  1153  1153 E QMI_FW  : QCCI qmi_cci_flush_tx_q: Error sending TXN: svc_id: 276 txn_id: 1 msg_id: 2
01-03 22:41:17.671  1153  1153 E Sensors : sns_acm_mr.c(499):Transport error -16
01-03 22:41:17.671  1421  1638 I chatty  : uid=1046(mediacodec) Binder:1421_1 expire 20 lines
01-03 22:41:17.672 24426 24576 I LatinIME:LogUtils: Dictionary info: dictionary = main:en ; version = 54 ; date = 1414726273
01-03 22:41:17.684 24175 24175 W OMXUtils: do not know color format 0x7fa30c04 = 2141391876
01-03 22:41:17.685 24175 24175 W OMXUtils: do not know color format 0x7f000789 = 2130708361
01-03 22:41:17.687  1421  6473 I chatty  : uid=1046(mediacodec) Binder:1421_5 expire 21 lines
01-03 22:41:17.725  1421  3270 I chatty  : uid=1046(mediacodec) Binder:1421_2 expire 8 lines
01-03 22:41:17.726  1421  1421 I chatty  : uid=1046(mediacodec) android.hardwar expire 5 lines
01-03 22:41:17.731  1421  3533 I chatty  : uid=1046(mediacodec) Binder:1421_4 expire 6 lines
01-03 22:41:17.738 24246 24478 I chatty  : uid=1000 system_server expire 1 line
01-03 22:41:17.746  1421  3271 I chatty  : uid=1046(mediacodec) Binder:1421_3 expire 7 lines
01-03 22:41:17.753 24438 24438 I vol.Events: writeEvent collection_started
01-03 22:41:17.766 24438 24612 I vol.Events: writeEvent external_ringer_mode_changed normal
01-03 22:41:17.766 24438 24612 I vol.Events: writeEvent internal_ringer_mode_changed normal
01-03 22:41:17.780  1421  3270 I OMX-VDEC-1080P: omx_vdec::component_deinit() complete
01-03 22:41:17.781  1421  3270 I OMX-VDEC-1080P: Exit OMX vdec Destructor: fd=6
01-03 22:41:17.781  1421  3270 I OMX-VDEC-1080P: Video slvp perflock released
01-03 22:41:17.785  1421  3271 I OMXMaster: makeComponentInstance(OMX.qcom.video.decoder.h263) in android.hardwar process
01-03 22:41:17.786  1421  3271 I OMX-VDEC-1080P: Video slvp perflock acquired
01-03 22:41:17.787  1421  3271 I OMX-VDEC-1080P: component_init: OMX.qcom.video.decoder.h263 : fd=6
01-03 22:41:17.788  1421  3271 I OMX-VDEC-1080P: Capabilities: driver_name = msm_vidc_driver, card = msm_vdec_8974, bus_info = , version = 1, capabilities = 4003000
01-03 22:41:17.796  1421  3271 I OMX-VDEC-1080P: omx_vdec::component_init() success : fd=6
01-03 22:41:17.798  1421  3271 E OMX-VDEC-1080P: Extension: OMX.google.android.index.storeANWBufferInMetadata not implemented
01-03 22:41:17.798  1421  3271 E OMX-VDEC-1080P: Extension: OMX.google.android.index.configureVideoTunnelMode not implemented
01-03 22:41:17.798  1421  3271 E OMX-VDEC-1080P: Extension: OMX.google.android.index.useAndroidNativeBuffer is supported
01-03 22:41:17.798  1421  1421 E OMXNodeInstance: getParameter(0xf383fec4:qcom.decoder.h263, ??(0x7f000044)) ERROR: UnsupportedSetting(0x80001019)
01-03 22:41:17.799  1421  3271 E OMXNodeInstance: getParameter(0xf383fec4:qcom.decoder.h263, ??(0x7f000044)) ERROR: UnsupportedSetting(0x80001019)
01-03 22:41:17.800  1421  3271 E OMX-VDEC-1080P: Extension: OMX.google.android.index.configureVideoTunnelMode not implemented
01-03 22:41:17.800  1421  3271 E OMXNodeInstance: getExtensionIndex(0xf383fec4:qcom.decoder.h263, OMX.google.android.index.configureVideoTunnelMode) ERROR: NotImplemented(0x80001006)
01-03 22:41:17.800  1421  3271 E OMX-VDEC-1080P: Extension: OMX.google.android.index.storeANWBufferInMetadata not implemented
01-03 22:41:17.801  1421  3271 I OMX-VDEC-1080P: omx_vdec::component_deinit() complete
01-03 22:41:17.803  1421  3271 I OMX-VDEC-1080P: Exit OMX vdec Destructor: fd=6
01-03 22:41:17.803  1421  3271 I OMX-VDEC-1080P: Video slvp perflock released
01-03 22:41:17.809  1421  1421 I OMXMaster: makeComponentInstance(OMX.qcom.video.decoder.vp8) in android.hardwar process
01-03 22:41:17.811  1421  1421 I OMX-VDEC-1080P: Video slvp perflock acquired
01-03 22:41:17.811  1421  1421 I OMX-VDEC-1080P: component_init: OMX.qcom.video.decoder.vp8 : fd=6
01-03 22:41:17.812  1421  1421 I OMX-VDEC-1080P: Capabilities: driver_name = msm_vidc_driver, card = msm_vdec_8974, bus_info = , version = 1, capabilities = 4003000
01-03 22:41:17.816  1421  1421 I OMX-VDEC-1080P: omx_vdec::component_init() success : fd=6
01-03 22:41:17.817  1421  3271 E OMX-VDEC-1080P: Extension: OMX.google.android.index.storeANWBufferInMetadata not implemented
01-03 22:41:17.818  1421  3271 E OMX-VDEC-1080P: Extension: OMX.google.android.index.configureVideoTunnelMode not implemented
01-03 22:41:17.818  1421  3271 E OMX-VDEC-1080P: Extension: OMX.google.android.index.useAndroidNativeBuffer is supported
01-03 22:41:17.818  1421  3533 E OMXNodeInstance: getParameter(0xf36aa844:qcom.decoder.vp8, ??(0x7f000044)) ERROR: UnsupportedSetting(0x80001019)
01-03 22:41:17.819  1421  3271 E OMXNodeInstance: getParameter(0xf36aa844:qcom.decoder.vp8, ??(0x7f000044)) ERROR: UnsupportedSetting(0x80001019)
01-03 22:41:17.820  1421  3271 E OMX-VDEC-1080P: Extension: OMX.google.android.index.configureVideoTunnelMode not implemented
01-03 22:41:17.821  1421  3271 E OMXNodeInstance: getExtensionIndex(0xf36aa844:qcom.decoder.vp8, OMX.google.android.index.configureVideoTunnelMode) ERROR: NotImplemented(0x80001006)
01-03 22:41:17.821  1421  6473 E OMX-VDEC-1080P: Extension: OMX.google.android.index.storeANWBufferInMetadata not implemented
01-03 22:41:17.822  1421  1638 I OMX-VDEC-1080P: omx_vdec::component_deinit() complete
01-03 22:41:17.824  1421  1638 I OMX-VDEC-1080P: Exit OMX vdec Destructor: fd=6
01-03 22:41:17.824  1421  1638 I OMX-VDEC-1080P: Video slvp perflock released
01-03 22:41:17.826  1421  3270 I OMXMaster: makeComponentInstance(OMX.qcom.video.decoder.hevc) in android.hardwar process
01-03 22:41:17.828  1421  3270 I OMX-VDEC-1080P: Video slvp perflock acquired
01-03 22:41:17.828  1421  3270 I OMX-VDEC-1080P: component_init: OMX.qcom.video.decoder.hevc : fd=6
01-03 22:41:17.829  1421  3270 I OMX-VDEC-1080P: Capabilities: driver_name = msm_vidc_driver, card = msm_vdec_8974, bus_info = , version = 1, capabilities = 4003000
01-03 22:41:17.839  1421  3270 I OMX-VDEC-1080P: omx_vdec::component_init() success : fd=6
01-03 22:41:17.842  1421  3271 E OMX-VDEC-1080P: Extension: OMX.google.android.index.storeANWBufferInMetadata not implemented
01-03 22:41:17.842  1421  3271 E OMX-VDEC-1080P: Extension: OMX.google.android.index.configureVideoTunnelMode not implemented
01-03 22:41:17.842  1421  3271 E OMX-VDEC-1080P: Extension: OMX.google.android.index.useAndroidNativeBuffer is supported
01-03 22:41:17.843  1421  3533 E OMXNodeInstance: getParameter(0xf3832dc4:qcom.decoder.hevc, ??(0x7f000044)) ERROR: UnsupportedSetting(0x80001019)
01-03 22:41:17.843  1421  3271 E OMXNodeInstance: getParameter(0xf3832dc4:qcom.decoder.hevc, ??(0x7f000044)) ERROR: UnsupportedSetting(0x80001019)
01-03 22:41:17.844  1421  3270 E OMX-VDEC-1080P: Extension: OMX.google.android.index.configureVideoTunnelMode not implemented
01-03 22:41:17.845  1421  3270 E OMXNodeInstance: getExtensionIndex(0xf3832dc4:qcom.decoder.hevc, OMX.google.android.index.configureVideoTunnelMode) ERROR: NotImplemented(0x80001006)
01-03 22:41:17.845  1421  3271 E OMX-VDEC-1080P: Extension: OMX.google.android.index.storeANWBufferInMetadata not implemented
01-03 22:41:17.845  1421  6473 I OMX-VDEC-1080P: omx_vdec::component_deinit() complete
01-03 22:41:17.847  1421  6473 I OMX-VDEC-1080P: Exit OMX vdec Destructor: fd=6
01-03 22:41:17.847  1421  6473 I OMX-VDEC-1080P: Video slvp perflock released
01-03 22:41:17.851  1421  1421 I OMXMaster: makeComponentInstance(OMX.qcom.video.decoder.hevc.secure) in android.hardwar process
01-03 22:41:17.853  1421  1421 I OMX-VDEC-1080P: Video slvp perflock acquired
01-03 22:41:17.853  1421  1421 I OMX-VDEC-1080P: component_init: OMX.qcom.video.decoder.hevc : fd=6
01-03 22:41:17.854  1421  1421 I OMX-VDEC-1080P: Capabilities: driver_name = msm_vidc_driver, card = msm_vdec_8974, bus_info = , version = 1, capabilities = 4003000
01-03 22:41:17.854 24246 24594 I chatty  : uid=1000 system_server expire 3 lines
01-03 22:41:17.860  1421  1421 I OMX-VDEC-1080P: omx_vdec::component_init() success : fd=6
01-03 22:41:17.862  1421  3270 E OMX-VDEC-1080P: Extension: OMX.google.android.index.storeANWBufferInMetadata not implemented
01-03 22:41:17.862  1421  3270 E OMX-VDEC-1080P: Extension: OMX.google.android.index.configureVideoTunnelMode not implemented
01-03 22:41:17.862  1421  3270 E OMX-VDEC-1080P: Extension: OMX.google.android.index.useAndroidNativeBuffer is supported
01-03 22:41:17.863  1421  1638 E OMXNodeInstance: getParameter(0xf373e004:qcom.decoder.hevc.secure, ??(0x7f000044)) ERROR: UnsupportedSetting(0x80001019)
01-03 22:41:17.864  1421  3270 E OMXNodeInstance: getParameter(0xf373e004:qcom.decoder.hevc.secure, ??(0x7f000044)) ERROR: UnsupportedSetting(0x80001019)
01-03 22:41:17.865  1421  1421 E OMX-VDEC-1080P: Extension: OMX.google.android.index.configureVideoTunnelMode not implemented
01-03 22:41:17.865  1421  1421 E OMXNodeInstance: getExtensionIndex(0xf373e004:qcom.decoder.hevc.secure, OMX.google.android.index.configureVideoTunnelMode) ERROR: NotImplemented(0x80001006)
01-03 22:41:17.866  1421  3270 E OMX-VDEC-1080P: Extension: OMX.google.android.index.storeANWBufferInMetadata not implemented
01-03 22:41:17.866  1421  3271 I OMX-VDEC-1080P: omx_vdec::component_deinit() complete
01-03 22:41:17.868  1421  3271 I OMX-VDEC-1080P: Exit OMX vdec Destructor: fd=6
01-03 22:41:17.868  1421  3271 I OMX-VDEC-1080P: Video slvp perflock released
01-03 22:41:17.871 24246 24271 I GnssLocationProvider: WakeLock released by handleMessage(INITIALIZE_HANDLER, 0, null)
01-03 22:41:17.871 24246 24271 I GnssLocationProvider: WakeLock released by handleMessage(INJECT_NTP_TIME, 0, null)
01-03 22:41:17.872 24246 24271 W GnssHAL_GnssInterface: setCallback called more than once. Unexpected unless test.
01-03 22:41:17.872 24246 24271 D GnssLocationProvider: gnssSetCapabilitesCb: 51u
01-03 22:41:17.872 24246 24271 I GnssLocationProvider: WakeLock acquired by sendMessage(INJECT_NTP_TIME, 0, null)
01-03 22:41:17.872 24246 24271 D GnssLocationProvider: gnssSetSystemInfoCb: yearOfHw=2015
01-03 22:41:17.873 24246 24271 E GnssLocationProvider: Unable to initialize GNSS Geofencing interface
01-03 22:41:17.873 24246 24271 E GnssLocationProvider: Failed to initialize GNSS batching
01-03 22:41:17.873 24246 24271 I GnssLocationProvider: WakeLock released by handleMessage(ENABLE, 1, null)
01-03 22:41:17.874 24246 24271 I GnssLocationProvider: WakeLock released by handleMessage(INJECT_NTP_TIME, 0, null)
01-03 22:41:17.875  1421  3533 I OMXMaster: makeComponentInstance(OMX.qti.audio.decoder.flac) in android.hardwar process
01-03 22:41:17.875  1421  3533 E OMX     : FAILED to allocate omx component 'OMX.qti.audio.decoder.flac' err=??(0x80001002)
01-03 22:41:17.877  1421  3270 I OMXMaster: makeComponentInstance(OMX.google.mpeg4.decoder) in android.hardwar process
01-03 22:41:17.878 24246 24246 I CommonTimeManagementService: No common time service detected on this platform.  Common time services will be unavailable.
01-03 22:41:17.886 24246 24367 I InputReader: Reconfiguring input devices.  changes=0x00000030
01-03 22:41:17.889  1421  3271 E OMXNodeInstance: getExtensionIndex(0xf511a7e0:google.mpeg4.decoder, OMX.google.android.index.configureVideoTunnelMode) ERROR: UnsupportedIndex(0x8000101a)
01-03 22:41:17.889  1421  6473 E OMXNodeInstance: getExtensionIndex(0xf511a7e0:google.mpeg4.decoder, OMX.google.android.index.enableAndroidNativeBuffers) ERROR: UnsupportedIndex(0x8000101a)
01-03 22:41:17.895  1421  3271 I OMXMaster: makeComponentInstance(OMX.google.h263.decoder) in android.hardwar process
01-03 22:41:17.896 24246 24278 I chatty  : uid=1000 system_server expire 1 line
01-03 22:41:17.903  1421  1421 E OMXNodeInstance: getExtensionIndex(0xf511a060:google.h263.decoder, OMX.google.android.index.configureVideoTunnelMode) ERROR: UnsupportedIndex(0x8000101a)
01-03 22:41:17.904  1421  3270 E OMXNodeInstance: getExtensionIndex(0xf511a060:google.h263.decoder, OMX.google.android.index.enableAndroidNativeBuffers) ERROR: UnsupportedIndex(0x8000101a)
01-03 22:41:17.908  1421  1421 I OMXMaster: makeComponentInstance(OMX.google.h264.decoder) in android.hardwar process
01-03 22:41:17.913  1421  3533 E OMXNodeInstance: getExtensionIndex(0xf54a2f60:google.h264.decoder, OMX.google.android.index.configureVideoTunnelMode) ERROR: UnsupportedIndex(0x8000101a)
01-03 22:41:17.913  1421  1421 E OMXNodeInstance: getExtensionIndex(0xf54a2f60:google.h264.decoder, OMX.google.android.index.enableAndroidNativeBuffers) ERROR: UnsupportedIndex(0x8000101a)
01-03 22:41:17.917  1421  3533 I OMXMaster: makeComponentInstance(OMX.google.hevc.decoder) in android.hardwar process
01-03 22:41:17.924  1421  3271 E OMXNodeInstance: getExtensionIndex(0xf511a7e0:google.hevc.decoder, OMX.google.android.index.configureVideoTunnelMode) ERROR: UnsupportedIndex(0x8000101a)
01-03 22:41:17.924  1421  6473 E OMXNodeInstance: getExtensionIndex(0xf511a7e0:google.hevc.decoder, OMX.google.android.index.enableAndroidNativeBuffers) ERROR: UnsupportedIndex(0x8000101a)
01-03 22:41:17.928  1421  3271 I OMXMaster: makeComponentInstance(OMX.google.vp8.decoder) in android.hardwar process
01-03 22:41:17.933  1421  1638 E OMXNodeInstance: getExtensionIndex(0xf54a2f60:google.vp8.decoder, OMX.google.android.index.configureVideoTunnelMode) ERROR: UnsupportedIndex(0x8000101a)
01-03 22:41:17.933  1421  3533 E OMXNodeInstance: getExtensionIndex(0xf54a2f60:google.vp8.decoder, OMX.google.android.index.enableAndroidNativeBuffers) ERROR: UnsupportedIndex(0x8000101a)
01-03 22:41:17.938  1421  1638 I OMXMaster: makeComponentInstance(OMX.google.vp9.decoder) in android.hardwar process
01-03 22:41:17.942  1421  1421 E OMXNodeInstance: getExtensionIndex(0xf511a900:google.vp9.decoder, OMX.google.android.index.configureVideoTunnelMode) ERROR: UnsupportedIndex(0x8000101a)
