01-06 00:27:46.528  1036  1036 E mm-camera-img: frameproc_comp_load_fn_ptrs:887] Warning linking img_algo_meta_ind
01-06 00:27:46.528  1036  1036 E mm-camera-img: img_dsp_dlopen:127] NOT FOUND llvd 
01-06 00:27:46.534  1036  1036 E mm-camera-img: frameproc_comp_load_fn_ptrs:880] Warning linking img_algo_frame_ind
01-06 00:27:46.534  1036  1036 E mm-camera-img: frameproc_comp_load_fn_ptrs:887] Warning linking img_algo_meta_ind
01-06 00:27:46.534  1036  1036 E mm-camera-img: img_dsp_dlopen:127] NOT FOUND llvd 
01-06 00:27:46.536  1036  1036 E mm-camera-img: frameproc_comp_reload_lib:1049] Error opening frameproc library libmmcamera_stillmore_lib.so error dlopen failed: library "libblurbuster.so" not found
01-06 00:27:46.536  1036  1036 E mm-camera-img: frameproc_comp_load:937] cannot load libmmcamera_stillmore_lib.so
01-06 00:27:46.536  1036  1036 E mm-camera: module_imgbase_init_imglib_stillmore:2209] Error rc -6
01-06 00:27:46.536  1036  1036 E mm-camera-img: module_imglib_create_topology:742] Can not init the module imglib_stillmore
01-06 00:27:46.531  1036  1036 I mm-qcamera-daem: type=1400 audit(0.0:220): avc: denied { ioctl } for path="/dev/video0" dev="tmpfs" ino=10369 ioctlcmd=565a scontext=u:r:init:s0 tcontext=u:object_r:video_device:s0 tclass=chr_file permissive=1
01-06 00:27:46.579   502   640 D audio_hw_primary: adev_set_parameters: enter: A2dpSuspended=false
01-06 00:27:46.580   502   502 D audio_hw_primary: adev_set_parameters: enter: BT_SCO=off
01-06 00:27:46.679  1027  1027 I StatusBar: isKeyguardShowing() called before startKeyguard(), returning true
01-06 00:27:46.679  1027  1027 W StatusBar: isKeyguardSecure() called before startKeyguard(), returning false
01-06 00:27:46.679  1027  1027 W StatusBar: java.lang.Throwable
01-06 00:27:46.679  1027  1027 W StatusBar: 	at com.android.systemui.statusbar.phone.StatusBar.isKeyguardSecure(StatusBar.java:7727)
01-06 00:27:46.679  1027  1027 W StatusBar: 	at com.android.systemui.statusbar.phone.StatusBar.isCameraAllowedByAdmin(StatusBar.java:5583)
01-06 00:27:46.679  1027  1027 W StatusBar: 	at com.android.systemui.statusbar.phone.KeyguardBottomAreaView$DefaultRightButton.getIcon(KeyguardBottomAreaView.java:856)
01-06 00:27:46.679  1027  1027 W StatusBar: 	at com.android.systemui.statusbar.phone.KeyguardBottomAreaView.updateCameraVisibility(KeyguardBottomAreaView.java:382)
01-06 00:27:46.679  1027  1027 W StatusBar: 	at com.android.systemui.statusbar.phone.KeyguardBottomAreaView.setUserSetupComplete(KeyguardBottomAreaView.java:360)
01-06 00:27:46.679  1027  1027 W StatusBar: 	at com.android.systemui.statusbar.phone.NotificationPanelView.setUserSetupComplete(NotificationPanelView.java:2761)
01-06 00:27:46.679  1027  1027 W StatusBar: 	at com.android.systemui.statusbar.phone.StatusBar.makeStatusBarView(StatusBar.java:1218)
01-06 00:27:46.679  1027  1027 W StatusBar: 	at com.android.systemui.statusbar.phone.StatusBar.addStatusBarWindow(StatusBar.java:3771)
01-06 00:27:46.679  1027  1027 W StatusBar: 	at com.android.systemui.statusbar.phone.StatusBar.createAndAddWindows(StatusBar.java:3767)
01-06 00:27:46.679  1027  1027 W StatusBar: 	at com.android.systemui.statusbar.phone.StatusBar.start(StatusBar.java:931)
01-06 00:27:46.679  1027  1027 W StatusBar: 	at com.android.systemui.SystemBars.createStatusBarFromConfig(SystemBars.java:71)
01-06 00:27:46.679  1027  1027 W StatusBar: 	at com.android.systemui.SystemBars.start(SystemBars.java:42)
01-06 00:27:46.679  1027  1027 W StatusBar: 	at com.android.systemui.SystemUIApplication.startServicesIfNeeded(SystemUIApplication.java:215)
01-06 00:27:46.679  1027  1027 W StatusBar: 	at com.android.systemui.SystemUIApplication.startServicesIfNeeded(SystemUIApplication.java:164)
01-06 00:27:46.679  1027  1027 W StatusBar: 	at com.android.systemui.SystemUIService.onCreate(SystemUIService.java:33)
01-06 00:27:46.679  1027  1027 W StatusBar: 	at android.app.ActivityThread.handleCreateService(ActivityThread.java:3339)
01-06 00:27:46.679  1027  1027 W StatusBar: 	at android.app.ActivityThread.-wrap4(Unknown Source:0)
01-06 00:27:46.679  1027  1027 W StatusBar: 	at android.app.ActivityThread$H.handleMessage(ActivityThread.java:1677)
01-06 00:27:46.679  1027  1027 W StatusBar: 	at android.os.Handler.dispatchMessage(Handler.java:106)
01-06 00:27:46.679  1027  1027 W StatusBar: 	at android.os.Looper.loop(Looper.java:164)
01-06 00:27:46.679  1027  1027 W StatusBar: 	at android.app.ActivityThread.main(ActivityThread.java:6494)
01-06 00:27:46.679  1027  1027 W StatusBar: 	at java.lang.reflect.Method.invoke(Native Method)
01-06 00:27:46.679  1027  1027 W StatusBar: 	at com.android.internal.os.RuntimeInit$MethodAndArgsCaller.run(RuntimeInit.java:440)
01-06 00:27:46.679  1027  1027 W StatusBar: 	at com.android.internal.os.ZygoteInit.main(ZygoteInit.java:807)
01-06 00:27:46.697  1027  1196 W Tile.WifiTile: Error in handleSetListening
01-06 00:27:46.697  1027  1196 W Tile.WifiTile: java.lang.NullPointerException: Attempt to invoke interface method 'void com.android.systemui.statusbar.policy.NetworkController.addCallback(com.android.systemui.statusbar.policy.NetworkController$SignalCallback)' on a null object reference
01-06 00:27:46.697  1027  1196 W Tile.WifiTile: 	at com.android.systemui.qs.tiles.WifiTile.handleSetListening(WifiTile.java:80)
01-06 00:27:46.697  1027  1196 W Tile.WifiTile: 	at com.android.systemui.qs.tileimpl.QSTileImpl$H.handleMessage(QSTileImpl.java:461)
01-06 00:27:46.697  1027  1196 W Tile.WifiTile: 	at android.os.Handler.dispatchMessage(Handler.java:106)
01-06 00:27:46.697  1027  1196 W Tile.WifiTile: 	at android.os.Looper.loop(Looper.java:164)
01-06 00:27:46.697  1027  1196 W Tile.WifiTile: 	at android.os.HandlerThread.run(HandlerThread.java:65)
01-06 00:27:46.706  1027  1196 W Tile.BluetoothTile: Error in handleSetListening
01-06 00:27:46.706  1027  1196 W Tile.BluetoothTile: java.lang.NullPointerException: Attempt to invoke interface method 'void com.android.systemui.statusbar.policy.BluetoothController.addCallback(java.lang.Object)' on a null object reference
01-06 00:27:46.706  1027  1196 W Tile.BluetoothTile: 	at com.android.systemui.qs.tiles.BluetoothTile.handleSetListening(BluetoothTile.java:80)
01-06 00:27:46.706  1027  1196 W Tile.BluetoothTile: 	at com.android.systemui.qs.tileimpl.QSTileImpl$H.handleMessage(QSTileImpl.java:461)
01-06 00:27:46.706  1027  1196 W Tile.BluetoothTile: 	at android.os.Handler.dispatchMessage(Handler.java:106)
01-06 00:27:46.706  1027  1196 W Tile.BluetoothTile: 	at android.os.Looper.loop(Looper.java:164)
01-06 00:27:46.706  1027  1196 W Tile.BluetoothTile: 	at android.os.HandlerThread.run(HandlerThread.java:65)
01-06 00:27:46.706  1027  1196 W Tile.BluetoothTile: Error in handleRefreshState
01-06 00:27:46.706  1027  1196 W Tile.BluetoothTile: java.lang.NullPointerException: Attempt to invoke interface method 'boolean com.android.systemui.statusbar.policy.BluetoothController.isBluetoothEnabled()' on a null object reference
01-06 00:27:46.706  1027  1196 W Tile.BluetoothTile: 	at com.android.systemui.qs.tiles.BluetoothTile.handleUpdateState(BluetoothTile.java:118)
01-06 00:27:46.706  1027  1196 W Tile.BluetoothTile: 	at com.android.systemui.qs.tiles.BluetoothTile.handleUpdateState(BluetoothTile.java:116)
01-06 00:27:46.706  1027  1196 W Tile.BluetoothTile: 	at com.android.systemui.qs.tileimpl.QSTileImpl.handleRefreshState(QSTileImpl.java:287)
01-06 00:27:46.706  1027  1196 W Tile.BluetoothTile: 	at com.android.systemui.qs.tileimpl.QSTileImpl$H.handleMessage(QSTileImpl.java:440)
01-06 00:27:46.706  1027  1196 W Tile.BluetoothTile: 	at android.os.Handler.dispatchMessage(Handler.java:106)
01-06 00:27:46.706  1027  1196 W Tile.BluetoothTile: 	at android.os.Looper.loop(Looper.java:164)
01-06 00:27:46.706  1027  1196 W Tile.BluetoothTile: 	at android.os.HandlerThread.run(HandlerThread.java:65)
01-06 00:27:46.712  1027  1027 D LocalBluetoothProfileManager: Adding local MAP profile
01-06 00:27:46.714  1027  1027 D BluetoothMap: Create BluetoothMap proxy object
01-06 00:27:46.720  1027  1027 D LocalBluetoothProfileManager: LocalBluetoothProfileManager construction complete
01-06 00:27:46.724  1027  1196 W Tile.DndTile: Error in handleSetListening
01-06 00:27:46.724  1027  1196 W Tile.DndTile: java.lang.NullPointerException: Attempt to invoke interface method 'void com.android.systemui.statusbar.policy.ZenModeController.addCallback(java.lang.Object)' on a null object reference
01-06 00:27:46.724  1027  1196 W Tile.DndTile: 	at com.android.systemui.qs.tiles.DndTile.handleSetListening(DndTile.java:239)
01-06 00:27:46.724  1027  1196 W Tile.DndTile: 	at com.android.systemui.qs.tileimpl.QSTileImpl$H.handleMessage(QSTileImpl.java:461)
01-06 00:27:46.724  1027  1196 W Tile.DndTile: 	at android.os.Handler.dispatchMessage(Handler.java:106)
01-06 00:27:46.724  1027  1196 W Tile.DndTile: 	at android.os.Looper.loop(Looper.java:164)
01-06 00:27:46.724  1027  1196 W Tile.DndTile: 	at android.os.HandlerThread.run(HandlerThread.java:65)
01-06 00:27:46.746  1027  1027 I StatusBar: isKeyguardShowing() called before startKeyguard(), returning true
01-06 00:27:46.746  1027  1027 W StatusBar: isKeyguardSecure() called before startKeyguard(), returning false
01-06 00:27:46.746  1027  1027 W StatusBar: java.lang.Throwable
01-06 00:27:46.746  1027  1027 W StatusBar: 	at com.android.systemui.statusbar.phone.StatusBar.isKeyguardSecure(StatusBar.java:7727)
01-06 00:27:46.746  1027  1027 W StatusBar: 	at com.android.systemui.statusbar.phone.StatusBar.isCameraAllowedByAdmin(StatusBar.java:5583)
01-06 00:27:46.746  1027  1027 W StatusBar: 	at com.android.systemui.statusbar.phone.KeyguardBottomAreaView$DefaultRightButton.getIcon(KeyguardBottomAreaView.java:856)
01-06 00:27:46.746  1027  1027 W StatusBar: 	at com.android.systemui.statusbar.phone.KeyguardBottomAreaView.updateCameraVisibility(KeyguardBottomAreaView.java:382)
01-06 00:27:46.746  1027  1027 W StatusBar: 	at com.android.systemui.statusbar.phone.KeyguardBottomAreaView.setUserSetupComplete(KeyguardBottomAreaView.java:360)
01-06 00:27:46.746  1027  1027 W StatusBar: 	at com.android.systemui.statusbar.phone.NotificationPanelView.setUserSetupComplete(NotificationPanelView.java:2761)
01-06 00:27:46.746  1027  1027 W StatusBar: 	at com.android.systemui.statusbar.phone.StatusBar$1.onUserSetupChanged(StatusBar.java:530)
01-06 00:27:46.746  1027  1027 W StatusBar: 	at com.android.systemui.statusbar.policy.DeviceProvisionedControllerImpl.addCallback(DeviceProvisionedControllerImpl.java:69)
01-06 00:27:46.746  1027  1027 W StatusBar: 	at com.android.systemui.statusbar.policy.DeviceProvisionedControllerImpl.addCallback(DeviceProvisionedControllerImpl.java:63)
01-06 00:27:46.746  1027  1027 W StatusBar: 	at com.android.systemui.statusbar.phone.StatusBar.makeStatusBarView(StatusBar.java:1308)
01-06 00:27:46.746  1027  1027 W StatusBar: 	at com.android.systemui.statusbar.phone.StatusBar.addStatusBarWindow(StatusBar.java:3771)
01-06 00:27:46.746  1027  1027 W StatusBar: 	at com.android.systemui.statusbar.phone.StatusBar.createAndAddWindows(StatusBar.java:3767)
01-06 00:27:46.746  1027  1027 W StatusBar: 	at com.android.systemui.statusbar.phone.StatusBar.start(StatusBar.java:931)
01-06 00:27:46.746  1027  1027 W StatusBar: 	at com.android.systemui.SystemBars.createStatusBarFromConfig(SystemBars.java:71)
01-06 00:27:46.746  1027  1027 W StatusBar: 	at com.android.systemui.SystemBars.start(SystemBars.java:42)
01-06 00:27:46.746  1027  1027 W StatusBar: 	at com.android.systemui.SystemUIApplication.startServicesIfNeeded(SystemUIApplication.java:215)
01-06 00:27:46.746  1027  1027 W StatusBar: 	at com.android.systemui.SystemUIApplication.startServicesIfNeeded(SystemUIApplication.java:164)
01-06 00:27:46.746  1027  1027 W StatusBar: 	at com.android.systemui.SystemUIService.onCreate(SystemUIService.java:33)
01-06 00:27:46.746  1027  1027 W StatusBar: 	at android.app.ActivityThread.handleCreateService(ActivityThread.java:3339)
01-06 00:27:46.746  1027  1027 W StatusBar: 	at android.app.ActivityThread.-wrap4(Unknown Source:0)
01-06 00:27:46.746  1027  1027 W StatusBar: 	at android.app.ActivityThread$H.handleMessage(ActivityThread.java:1677)
01-06 00:27:46.746  1027  1027 W StatusBar: 	at android.os.Handler.dispatchMessage(Handler.java:106)
01-06 00:27:46.746  1027  1027 W StatusBar: 	at android.os.Looper.loop(Looper.java:164)
01-06 00:27:46.746  1027  1027 W StatusBar: 	at android.app.ActivityThread.main(ActivityThread.java:6494)
01-06 00:27:46.746  1027  1027 W StatusBar: 	at java.lang.reflect.Method.invoke(Native Method)
01-06 00:27:46.746  1027  1027 W StatusBar: 	at com.android.internal.os.RuntimeInit$MethodAndArgsCaller.run(RuntimeInit.java:440)
01-06 00:27:46.746  1027  1027 W StatusBar: 	at com.android.internal.os.ZygoteInit.main(ZygoteInit.java:807)
01-06 00:27:46.749  1027  1285 D OpenGLRenderer: profile bars disabled
01-06 00:27:46.749  1027  1285 D OpenGLRenderer: ambientRatio = 1.50
01-06 00:27:46.751  1027  1027 D StatusBar: navbar is enabled
01-06 00:27:46.753  1027  1027 D StatusBar: navbar is regular
01-06 00:27:46.766  1027  1027 D StatusBar: disable<e i a s b h r c s q >
01-06 00:27:46.803  1027  1027 D StatusBar: heads up is disabled
01-06 00:27:46.809  1027  1027 D StatusBar: navbar is regular
01-06 00:27:46.822   778   823 W WindowManager: App freeze timeout expired.
01-06 00:27:46.833  1027  1027 D SystemUIBootTiming: StartServicesSystemBars took to complete: 996ms
01-06 00:27:46.841  1027  1027 D StorageNotification: Notifying about private volume: VolumeInfo{private}:
01-06 00:27:46.841  1027  1027 D StorageNotification:     type=PRIVATE diskId=null partGuid=null mountFlags=0 mountUserId=-1 
01-06 00:27:46.841  1027  1027 D StorageNotification:     state=MOUNTED 
01-06 00:27:46.841  1027  1027 D StorageNotification:     fsType=null fsUuid=null fsLabel=null 
01-06 00:27:46.841  1027  1027 D StorageNotification:     path=/data internalPath=null 
01-06 00:27:46.845  1027  1027 D SystemUIBootTiming: StartServicesStorageNotification took to complete: 13ms
01-06 00:27:46.867  1027  1027 D SystemUIBootTiming: StartServicesPowerUI took to complete: 21ms
01-06 00:27:46.869  1027  1027 D SystemUIBootTiming: StartServicesRingtonePlayer took to complete: 2ms
01-06 00:27:46.870  1027  1027 D SystemUIBootTiming: StartServicesKeyboardUI took to complete: 2ms
01-06 00:27:46.890  1027  1027 D SystemUIBootTiming: StartServicesPipUI took to complete: 19ms
01-06 00:27:46.893  1027  1027 D SystemUIBootTiming: StartServicesShortcutKeyDispatcher took to complete: 2ms
01-06 00:27:46.893  1027  1027 D SystemUIBootTiming: StartServicesVendorServices took to complete: 0ms
01-06 00:27:46.894  1027  1027 D SystemUIBootTiming: StartServicesService took to complete: 2ms
01-06 00:27:46.896  1027  1027 D SystemUIBootTiming: StartServicesLatencyTester took to complete: 1ms
01-06 00:27:46.898  1027  1027 D SystemUIBootTiming: StartServicesGlobalActionsComponent took to complete: 3ms
01-06 00:27:46.902  1027  1027 D SystemUIBootTiming: StartServicesRoundedCorners took to complete: 3ms
01-06 00:27:46.902  1027  1027 D SystemUIBootTiming: StartServices took to complete: 2560ms
01-06 00:27:46.919   778  1146 D CryptdConnector: SND -> {3 cryptfs getpw}
01-06 00:27:46.920   408   413 D VoldCryptCmdListener: cryptfs getpw
01-06 00:27:46.920  1027  1027 I Choreographer: Skipped 76 frames!  The application may be doing too much work on its main thread.
01-06 00:27:46.920   778   925 D CryptdConnector: RCV <- {200 3 -1}
01-06 00:27:46.921   778  1146 D CryptdConnector: SND -> {4 cryptfs clearpw}
01-06 00:27:46.921   408   413 D VoldCryptCmdListener: cryptfs clearpw
01-06 00:27:46.922   778   925 D CryptdConnector: RCV <- {200 4 0}
01-06 00:27:46.949  1027  1285 I Adreno  : QUALCOMM build                   : d3015e9, I25dc76dc3f
01-06 00:27:46.949  1027  1285 I Adreno  : Build Date                       : 01/26/17
01-06 00:27:46.949  1027  1285 I Adreno  : OpenGL ES Shader Compiler Version: XE031.09.00.03
01-06 00:27:46.949  1027  1285 I Adreno  : Local Branch                     : 
01-06 00:27:46.949  1027  1285 I Adreno  : Remote Branch                    : refs/tags/AU_LINUX_ANDROID_LA.BF64.1.2.3_RB1.07.00.00.258.011
01-06 00:27:46.949  1027  1285 I Adreno  : Remote Branch                    : NONE
01-06 00:27:46.949  1027  1285 I Adreno  : Reconstruct Branch               : NOTHING
01-06 00:27:46.956  1027  1027 D ViewRootImpl[StatusBar]: changeCanvasOpacity: opaque=true
01-06 00:27:46.964  1027  1285 I com.android.systemui: android::hardware::configstore::V1_0::ISurfaceFlingerConfigs::hasWideColorDisplay retrieved: 0
01-06 00:27:46.968  1027  1285 I OpenGLRenderer: Initialized EGL, version 1.4
01-06 00:27:46.968  1027  1285 D OpenGLRenderer: Swap behavior 2
01-06 00:27:47.105  1124  1134 I zygote64: Do partial code cache collection, code=29KB, data=22KB
01-06 00:27:47.105  1124  1134 I zygote64: After code cache collection, code=29KB, data=22KB
01-06 00:27:47.105  1124  1134 I zygote64: Increasing code cache capacity to 128KB
01-06 00:27:47.139  1027  1027 D StatusBar: disable<e i a s b H!R!c s q >
01-06 00:27:47.176   778   936 D WifiService: New client listening to asynchronous messages
01-06 00:27:47.255  1027  1040 I zygote64: Do partial code cache collection, code=28KB, data=25KB
01-06 00:27:47.255  1027  1040 I zygote64: After code cache collection, code=28KB, data=25KB
01-06 00:27:47.256  1027  1040 I zygote64: Increasing code cache capacity to 128KB
01-06 00:27:47.787  1027  1027 D StatusBar: disable<e i a s b H R c s q >
01-06 00:27:47.795  1027  1027 I chatty  : uid=10029(com.android.systemui) identical 1 line
01-06 00:27:47.802  1027  1027 D StatusBar: disable<e i a s b H R c s q >
01-06 00:27:47.811  1027  1027 I Choreographer: Skipped 53 frames!  The application may be doing too much work on its main thread.
01-06 00:27:47.822   778   922 I InputReader: Reconfiguring input devices.  changes=0x00000004
01-06 00:27:47.897  1027  1040 I zygote64: Do partial code cache collection, code=61KB, data=45KB
01-06 00:27:47.897  1027  1040 I zygote64: After code cache collection, code=61KB, data=45KB
01-06 00:27:47.897  1027  1040 I zygote64: Increasing code cache capacity to 256KB
01-06 00:27:47.918  1027  1027 D StatusBar: disable<e i a s b H R c s q >
01-06 00:27:47.966  1027  1285 D vndksupport: Loading /vendor/lib64/hw/android.hardware.graphics.mapper@2.0-impl.so from current namespace instead of sphal namespace.
01-06 00:27:48.037  1027  1027 D StatusBar: disable<e i a s b H R c s q >
01-06 00:27:48.038  1027  1027 D StatusBar: disable<e i a s b H R c s q >
01-06 00:27:48.185  1027  1027 W StatusBar/NavBarView: *** Invalid layout in navigation bar (sizeChanged this=1440x151 cur=1390x151)
01-06 00:27:48.205   473   473 E qdhwcomposer: processBootAnimCompleted: Not able to load libmm-qdcm.so
01-06 00:27:48.340   502   650 D audio_hw_primary: out_standby: enter: stream (0xea825180) usecase(0: deep-buffer-playback)
01-06 00:27:48.483  1027  1027 W StaticLayout: maxLineHeight should not be -1.  maxLines:1 lineCount:1
01-06 00:27:48.517   502   650 D audio_hw_primary: disable_audio_route: reset and update mixer path: deep-buffer-playback
01-06 00:27:48.518   502   650 D hardware_info: hw_info_append_hw_type : device_name = handset
01-06 00:27:48.518   502   650 D audio_hw_primary: disable_snd_device: snd_device(1: handset)
01-06 00:27:48.526  1027  1040 I zygote64: Do full code cache collection, code=121KB, data=84KB
01-06 00:27:48.527  1027  1040 I zygote64: After code cache collection, code=83KB, data=49KB
01-06 00:27:48.862  1027  1027 I zygote64: Deoptimizing void com.android.systemui.statusbar.stack.ViewState.applyToView(android.view.View) due to JIT inline cache
01-06 00:27:48.865  1027  1027 I zygote64: Deoptimizing void com.android.systemui.statusbar.stack.NotificationStackScrollLayout.updateViewShadows() due to JIT inline cache
01-06 00:27:49.691  1379  1379 I init    : type=1400 audit(0.0:221): avc: denied { execute_no_trans } for path="/system/bin/sh" dev="mmcblk0p47" ino=411 scontext=u:r:init:s0 tcontext=u:object_r:shell_exec:s0 tclass=file permissive=1
01-06 00:27:49.703   401   401 E hw-IPCThreadState: attemptIncStrongHandle(12): Not supported
01-06 00:27:49.703   400   400 I ServiceManager: service 'media.camera' died
01-06 00:27:49.703   401   401 E hw-IPCThreadState: attemptIncStrongHandle(12): Not supported
01-06 00:27:49.728   778   823 I WindowManager: ******* TELLING SURFACE FLINGER WE ARE BOOTED!
01-06 00:27:49.703   401   401 E hw-IPCThreadState: attemptIncStrongHandle(12): Not supported
01-06 00:27:49.728   473   606 I SurfaceFlinger: Boot is finished (18776 ms)
01-06 00:27:49.733   778   823 I SystemServiceManager: Starting phase 1000
01-06 00:27:49.734   778   825 E SensorManager: sensor or listener is null
01-06 00:27:49.735   457   457 D lights  : Using onoff pattern: 0xffff00
01-06 00:27:49.738   778   823 D NightDisplayService: setUp: currentUser=0
01-06 00:27:49.742   778   823 D NightDisplayService: onAutoModeChanged: autoMode=0
01-06 00:27:49.742   778   823 I NightDisplayService: Turning off night display
01-06 00:27:49.746   473  1249 D PermissionCache: checking android.permission.HARDWARE_TEST for uid=1000 => granted (696 us)
01-06 00:27:49.750   778   823 D ActivityManager: Finishing user boot 0
01-06 00:27:49.750   778   823 I ActivityManager: User 0 state changed from BOOTING to RUNNING_LOCKED
01-06 00:27:49.751   778   823 D StorageManagerService: Setting property: sys.user.0.ce_available=true
01-06 00:27:49.752   778   823 I ActivityManager: User 0 state changed from RUNNING_LOCKED to RUNNING_UNLOCKING
01-06 00:27:49.753   778   823 D CryptdConnector: SND -> {5 cryptfs prepare_user_storage ! 0 0 2}
01-06 00:27:49.754   408   413 D vold    : e4crypt_prepare_user_storage for volume null, user 0, serial 0, flags 2
01-06 00:27:49.754   408   413 D vold    : Preparing: /data/system_ce/0
01-06 00:27:49.754   408   413 D vold    : Preparing: /data/misc_ce/0
01-06 00:27:49.754   408   413 D vold    : Preparing: /data/media/0
01-06 00:27:49.754   408   413 D vold    : Preparing: /data/data
01-06 00:27:49.754   778   925 D CryptdConnector: RCV <- {200 5 Command succeeded}
01-06 00:27:49.756   778   823 V UserDataPreparer: Found /data/user/0 with serial number 0
01-06 00:27:49.757   778   823 V UserDataPreparer: Found /data/system_ce/0 with serial number 0
01-06 00:27:49.758   778   823 V PackageManager: reconcileAppsData for null u0 0x2 migrateAppData=false
01-06 00:27:49.784  1382  1382 I bootstat: Service started: /system/bin/bootstat --record_boot_complete 
01-06 00:27:49.785  1382  1382 E bootstat: Failed to read /data/misc/bootstat/post_decrypt_time_elapsed: No such file or directory
01-06 00:27:49.785  1382  1382 E bootstat: Failed to parse boot time record: /data/misc/bootstat/post_decrypt_time_elapsed
01-06 00:27:49.807  1383  1383 I bootstat: Service started: /system/bin/bootstat --record_boot_reason 
01-06 00:27:49.809  1383  1383 I bootstat: Unknown boot reason: 
01-06 00:27:49.828  1385  1385 I bootstat: Service started: /system/bin/bootstat --record_time_since_factory_reset 
01-06 00:27:49.851  1387  1387 I bootstat: Service started: /system/bin/bootstat -l 
01-06 00:27:49.918   497   600 E ThermalEngine: ACTION: CLUSTER - Setting CLUSTER[1] to 1689600
01-06 00:27:49.948   497   600 E ThermalEngine: ACTION: CLUSTER - Setting CLUSTER[1] to 1632000
01-06 00:27:49.954  1380  1380 I cameraserver: ServiceManager: 0xeb498500
01-06 00:27:49.954  1380  1380 I CameraService: CameraService started (pid=1380)
01-06 00:27:49.954  1380  1380 I CameraService: CameraService process starting
01-06 00:27:49.954   497   600 E ThermalEngine: ACTION: CLUSTER - Setting CLUSTER[1] to 1536000
01-06 00:27:49.957  1380  1380 D vndksupport: Loading /vendor/lib/hw/android.hardware.camera.provider@2.4-impl.so from current namespace instead of sphal namespace.
01-06 00:27:49.962  1380  1380 D vndksupport: Loading /vendor/lib/hw/camera.msm8992.so from current namespace instead of sphal namespace.
01-06 00:27:49.973   778   823 V PackageManager: reconcileAppsData finished 124 packages
01-06 00:27:49.973   778   814 I SystemServiceManager: Calling onUnlockUser u0
01-06 00:27:49.976   778   814 D BluetoothManagerService: User 0 unlocked
01-06 00:27:49.976   778   814 D StorageManagerService: onUnlockUser 0
01-06 00:27:49.976   778   814 D VoldConnector: SND -> {7 volume user_started 0}
01-06 00:27:49.976   778   937 D WifiConfigStore: Reading from stores completed in 2 ms.
01-06 00:27:49.977   778   822 D BluetoothManagerService: MESSAGE_USER_UNLOCKED
01-06 00:27:49.980   408   411 D vold    : Linking /storage/emulated/0 to /mnt/user/0/primary
01-06 00:27:49.980   778   924 D VoldConnector: RCV <- {200 7 Command succeeded}
01-06 00:27:49.983   778   923 D StorageManagerService: Volume emulated broadcasting mounted to UserHandle{0}
01-06 00:27:49.985   497   600 E ThermalEngine: ACTION: CLUSTER - Setting CLUSTER[1] to 1440000
01-06 00:27:49.994   778   814 I BackupManagerService: Instantiating BackupManagerService
01-06 00:27:50.001   778   778 I ActivityManager: Start proc 1405:com.android.deskclock/u0a51 for broadcast com.android.deskclock/.AlarmInitReceiver
01-06 00:27:50.005   778   937 D WIFI    : Registering NetworkFactory
01-06 00:27:50.005   778   937 D WIFI_UT : Registering NetworkFactory
01-06 00:27:50.006   778   959 D ConnectivityService: Got NetworkFactory Messenger for WIFI
01-06 00:27:50.009   778   937 D WifiConfigStore: Reading from user store completed in 2 ms.
01-06 00:27:50.010   778   959 D ConnectivityService: Got NetworkFactory Messenger for WIFI_UT
01-06 00:27:50.014   778   814 I SELinux : SELinux: Loaded file_contexts
01-06 00:27:50.016   497   600 E ThermalEngine: ACTION: CLUSTER - Setting CLUSTER[1] to 1344000
01-06 00:27:50.031  1404  1404 W libc    : Unable to set property "ro.min_freq_0" to "384000": error code: 0xb
01-06 00:27:50.032   778   937 D WifiConfigStore: Writing to stores completed in 19 ms.
01-06 00:27:50.032   778   937 D WIFI    : got request NetworkRequest [ TRACK_DEFAULT id=3, [ Capabilities: INTERNET&NOT_RESTRICTED&TRUSTED&NOT_VPN] ] with score 0
01-06 00:27:50.034   461   461 E WifiHAL : Failed to register debug response; result = -95
01-06 00:27:50.035   778   937 E WifiVendorHal: getSupportedFeatureSet(l.891) failed {.code = ERROR_UNKNOWN, .description = errno: -95 (Unknown error -95)}
01-06 00:27:50.035   461   461 E WifiHAL : Failed to register debug response; result = -95
01-06 00:27:50.037   418   433 W CommandListener: Failed to retrieve HW addr for p2p0 (No such device)
01-06 00:27:50.042   418   433 D CommandListener: Setting iface cfg
01-06 00:27:50.046   497   600 E ThermalEngine: ACTION: CLUSTER - Setting CLUSTER[1] to 1248000
01-06 00:27:50.048   778   814 V BackupManagerService: Starting with transport android/com.android.internal.backup.LocalTransport
01-06 00:27:50.050   778   814 D BackupTransportManager: Binding to transport: android/com.android.internal.backup.LocalTransportService
01-06 00:27:50.050   778   937 D WifiConnectivityHelper: Firmware supported feature set: 141f
01-06 00:27:50.050   778   937 D WifiConnectivityHelper: Firmware roaming is not supported
01-06 00:27:50.051   778   814 D BackupTransportManager: Binding to transport: com.google.android.gms/.backup.BackupTransportService
01-06 00:27:50.062   778   958 E WifiP2pService: Unable to change interface settings: java.lang.IllegalStateException: command '26 interface setcfg p2p0 0.0.0.0 0 up' failed with '400 26 Failed to clear address (No such device)'
01-06 00:27:50.063   778   958 I SupplicantP2pIfaceHal: Registering ISupplicant service ready callback.
01-06 00:27:50.063   778   958 I system_server: Looking for service android.hidl.manager@1.0::IServiceManager/default
01-06 00:27:50.065   778   958 I system_server: Starting thread pool.
01-06 00:27:50.065  1422  1422 W libc    : Unable to set property "ro.min_freq_4" to "384000": error code: 0xb
01-06 00:27:50.067   778   919 I SupplicantP2pIfaceHal: IServiceNotification.onRegistration for: android.hardware.wifi.supplicant@1.0::ISupplicant, default preexisting=true
01-06 00:27:50.067   778   919 I system_server: Looking for service android.hardware.wifi.supplicant@1.0::ISupplicant/default
01-06 00:27:50.068   778   919 I system_server: Starting thread pool.
01-06 00:27:50.070   778   919 D SupplicantP2pIfaceHal: entering getInterface()
01-06 00:27:50.070   778   919 E SupplicantP2pIfaceHal: initSupplicantP2pIface got null iface
01-06 00:27:50.070   778   919 E SupplicantP2pIfaceHal: initalizing ISupplicantIfaces failed.
01-06 00:27:50.076   497   600 E ThermalEngine: ACTION: CLUSTER - Setting CLUSTER[1] to 960000
01-06 00:27:50.082   778   814 I ActivityManager: Start proc 1445:com.google.android.gms.persistent/u0a31 for service com.google.android.gms/.backup.BackupTransportService
01-06 00:27:50.082   778   814 D BackupTransportManager: Binding to transport: com.google.android.gms/.backup.component.D2dTransportService
01-06 00:27:50.084   778   937 D WIFI    : got request NetworkRequest [ BACKGROUND_REQUEST id=2, [ Transports: CELLULAR Capabilities: INTERNET&NOT_RESTRICTED&TRUSTED&NOT_VPN] ] with score 0
01-06 00:27:50.084   778   937 D WIFI    : got request NetworkRequest [ TRACK_DEFAULT id=5, [ Capabilities: INTERNET&NOT_RESTRICTED&TRUSTED&NOT_VPN] ] with score 0
01-06 00:27:50.084   778   937 D WIFI    : got request NetworkRequest [ REQUEST id=1, [ Capabilities: INTERNET&NOT_RESTRICTED&TRUSTED&NOT_VPN] ] with score 0
01-06 00:27:50.084   778   937 D WIFI_UT : got request NetworkRequest [ TRACK_DEFAULT id=3, [ Capabilities: INTERNET&NOT_RESTRICTED&TRUSTED&NOT_VPN] ] with score 0
01-06 00:27:50.084   778   937 D WIFI_UT : got request NetworkRequest [ BACKGROUND_REQUEST id=2, [ Transports: CELLULAR Capabilities: INTERNET&NOT_RESTRICTED&TRUSTED&NOT_VPN] ] with score 0
01-06 00:27:50.084   778   937 D WIFI_UT : got request NetworkRequest [ TRACK_DEFAULT id=5, [ Capabilities: INTERNET&NOT_RESTRICTED&TRUSTED&NOT_VPN] ] with score 0
01-06 00:27:50.084   778   937 D WIFI_UT : got request NetworkRequest [ REQUEST id=1, [ Capabilities: INTERNET&NOT_RESTRICTED&TRUSTED&NOT_VPN] ] with score 0
01-06 00:27:50.083  1459  1459 I init    : type=1400 audit(0.0:222): avc: denied { execute_no_trans } for path="/system/vendor/bin/perfd" dev="mmcblk0p47" ino=2394 scontext=u:r:init:s0 tcontext=u:object_r:vendor_file:s0 tclass=file permissive=1
01-06 00:27:50.092   778   814 I BackupManagerService: Backup enabled => true
01-06 00:27:50.094   778  1403 V KeyValueBackupJob: Scheduling k/v pass in 246 minutes
01-06 00:27:50.096   778   814 W SystemServiceManager: Service com.android.server.backup.BackupManagerService$Lifecycle took 105 ms in onUnlockUser 
01-06 00:27:50.106  1459  1459 E ANDR-PERF-MPCTL: Unable to create control service (stage=1, rc=0)
01-06 00:27:50.106  1459  1459 W libc    : invalid pthread_t (0) passed to libc
01-06 00:27:50.125   778   814 D AutofillManagerServiceImpl: Set component for user 0 as ServiceInfo{9e8c064 com.google.android.gms.autofill.service.AutofillService}
01-06 00:27:50.126   778   815 D AutofillUI: destroySaveUiUiThread(): already destroyed
01-06 00:27:50.126   778   814 D AutofillManagerServiceImpl: Set component for user 0 as ServiceInfo{41092cd com.google.android.gms.autofill.service.AutofillService}
01-06 00:27:50.126   778   814 I ActivityManager: Loading recents for user 0 into memory.
01-06 00:27:50.151   778   814 I ActivityManager: Start proc 1464:com.android.nfc/1027 for added application com.android.nfc
01-06 00:27:50.153   778   814 V ActivityManager: Skipping ContentProviderInfo{name=com.google.android.inputmethod.latin.dvrnn.trainingservice.provider className=com.google.android.apps.inputmethod.libs.dvrnn.trainingservice.ProcessNameInitializerContentProvider}
01-06 00:27:50.153   778   814 V ActivityManager: Installing ContentProviderInfo{name=com.google.android.inputmethod.latin.inputcontent className=com.google.android.apps.inputmethod.libs.search.InputContentProvider}
01-06 00:27:50.153   778   814 I ActivityManager: User 0 state changed from RUNNING_UNLOCKING to RUNNING_UNLOCKED
01-06 00:27:50.154   778   814 I ActivityManager: Sending BOOT_COMPLETE user #0
01-06 00:27:50.155   986   986 I InputContentProvider: Created InputContentProvider: exported=[false]
01-06 00:27:50.192  1124  1124 D CarrierSvcBindHelper: Received android.intent.action.USER_UNLOCKED
01-06 00:27:50.195  1124  1124 E PhoneInterfaceManager: [PhoneIntfMgr] getCarrierPackageNamesForIntent: No UICC
01-06 00:27:50.195  1124  1124 D CarrierSvcBindHelper: No carrier app for: 0
01-06 00:27:50.199  1162  1162 D FallbackHome: User unlocked and real home found; let's go!
01-06 00:27:50.207   778   929 I WifiService: getConfiguredNetworks uid=1000
01-06 00:27:50.222   778  1146 I ActivityManager: Start proc 1497:com.android.smspush/u0a65 for service com.android.smspush/.WapPushManager
01-06 00:27:50.266   778  1461 W ResourceType: No known package when getting value for resource number 0x7f0200f9
01-06 00:27:50.267   778  1461 W ResourceType: No known package when getting value for resource number 0x7f1102fd
01-06 00:27:50.267   778  1461 W ResourceType: No known package when getting value for resource number 0x7f1102fc
01-06 00:27:50.267   778  1461 W ResourceType: No known package when getting value for resource number 0x7f020108
01-06 00:27:50.267   778  1461 W ResourceType: No known package when getting value for resource number 0x7f1102ff
01-06 00:27:50.267   778  1461 W ResourceType: No known package when getting value for resource number 0x7f1102fe
01-06 00:27:50.271   778  1154 I ActivityManager: START u0 {act=android.intent.action.MAIN cat=[android.intent.category.HOME] flg=0x10000100 cmp=com.android.launcher3/.Launcher} from uid 0
01-06 00:27:50.309   986   986 I zygote64: Deoptimizing java.lang.Object fhi.get(java.lang.Object) due to JIT inline cache
01-06 00:27:50.328   986   986 I TransientFileCleaner: Deleting 0 files
01-06 00:27:50.336   986   986 I LauncherIconVisibility: doUpdate() : Visible = false
01-06 00:27:50.368   778   788 I zygote64: Background concurrent copying GC freed 33668(2MB) AllocSpace objects, 17(728KB) LOS objects, 42% free, 10MB/18MB, paused 707us total 136.277ms
01-06 00:27:50.369   778  1145 W zygote64: Long monitor contention with owner Binder:778_6 (1154) at void com.android.server.am.ActivityManagerService.activityDestroyed(android.os.IBinder)(ActivityManagerService.java:7477) waiters=0 in android.content.Intent com.android.server.am.ActivityManagerService.registerReceiver(android.app.IApplicationThread, java.lang.String, android.content.IIntentReceiver, android.content.IntentFilter, java.lang.String, int, int) for 104ms
01-06 00:27:50.373   778   785 W JHwRemoteBinder: BinderProxy is being destroyed but the application did not call unlinkToDeath to unlink all of its death recipients beforehand.  Releasing leaked death recipient: com.android.server.wifi.p2p.-$Lambda$gT4KmMIiMXRpxldJVwXfElmESAo$19
01-06 00:27:50.394  1464  1464 I NfcService: Starting NFC service
01-06 00:27:50.404   778   854 W System  : ClassLoader referenced unknown path: 
01-06 00:27:50.405   778   814 I ActivityManager: Start proc 1520:com.android.launcher3/u0a15 for activity com.android.launcher3/.Launcher
01-06 00:27:50.417   778  1403 I BackupManagerService: Found stale backup journal, scheduling
01-06 00:27:50.421   778   778 I AccountManagerService: User 0 is unlocked - opening CE database
01-06 00:27:50.434  1464  1464 I BrcmNfcJni: NFC Service: loading nci JNI
01-06 00:27:50.436  1464  1464 D NfcAdaptation: readConfig Opened base config /vendor/etc/libnfc-brcm.conf
01-06 00:27:50.438  1445  1445 I LoadedApk: No resource references to update in package FFFFFFFFFFFFFFFFFFFFFF
01-06 00:27:50.441   778  1145 I ActivityManager: Start proc 1536:com.google.process.gapps/u0a31 for content provider com.google.android.gsf/.gservices.GservicesProvider
01-06 00:27:50.442  1380  1380 D mm-camera-intf: index = 0 flag = 1 mount_angle = 90 facing = 0
01-06 00:27:50.442  1380  1380 D mm-camera-intf: index = 1 flag = 103 mount_angle = 270 facing = 1
01-06 00:27:50.435  1380  1380 I cameraserver: type=1400 audit(0.0:223): avc: denied { read write } for name="media0" dev="tmpfs" ino=9942 scontext=u:r:cameraserver:s0 tcontext=u:object_r:device:s0 tclass=chr_file permissive=1
01-06 00:27:50.443  1036  1036 D mm-camera: mct: mct_controller_new: Creating new mct_controller with session-id 1
01-06 00:27:50.435  1380  1380 I cameraserver: type=1400 audit(0.0:224): avc: denied { open } for path="/dev/media0" dev="tmpfs" ino=9942 scontext=u:r:cameraserver:s0 tcontext=u:object_r:device:s0 tclass=chr_file permissive=1
01-06 00:27:50.435  1036  1036 I mm-qcamera-daem: type=1400 audit(0.0:225): avc: denied { ioctl } for path="/dev/video0" dev="tmpfs" ino=10369 ioctlcmd=5659 scontext=u:r:init:s0 tcontext=u:object_r:video_device:s0 tclass=chr_file permissive=1
01-06 00:27:50.439  1541  1541 I CAM_startsensor: type=1400 audit(0.0:226): avc: denied { read write } for name="v4l-subdev15" dev="tmpfs" ino=10320 scontext=u:r:init:s0 tcontext=u:object_r:device:s0 tclass=chr_file permissive=1
01-06 00:27:50.439  1541  1541 I CAM_startsensor: type=1400 audit(0.0:227): avc: denied { open } for path="/dev/v4l-subdev15" dev="tmpfs" ino=10320 scontext=u:r:init:s0 tcontext=u:object_r:device:s0 tclass=chr_file permissive=1
01-06 00:27:50.445  1464  1464 D NfcAdaptation: find found SCREEN_OFF_POWER_STATE=(0x1)
01-06 00:27:50.446  1036  1541 D mm-camera: mct: mct_pipeline_start_session_thread: E sensor
01-06 00:27:50.446  1464  1464 D NfcAdaptation: find found AID_MATCHING_MODE=(0x1)
01-06 00:27:50.449  1464  1464 W Settings: Setting device_provisioned has moved from android.provider.Settings.Secure to android.provider.Settings.Global.
01-06 00:27:50.449  1036  1543 D mm-camera: mct: mct_pipeline_start_session_thread: E iface
01-06 00:27:50.453  1036  1544 D mm-camera: mct: mct_pipeline_start_session_thread: E isp
01-06 00:27:50.447  1543  1543 W CAM_startiface: type=1400 audit(0.0:228): avc: granted { read } for name="ion" dev="tmpfs" ino=11549 scontext=u:r:init:s0 tcontext=u:object_r:ion_device:s0 tclass=chr_file
01-06 00:27:50.447  1543  1543 W CAM_startiface: type=1400 audit(0.0:229): avc: granted { read open } for path="/dev/ion" dev="tmpfs" ino=11549 scontext=u:r:init:s0 tcontext=u:object_r:ion_device:s0 tclass=chr_file
01-06 00:27:50.447  1543  1543 W CAM_startiface: type=1400 audit(0.0:230): avc: granted { read } for name="ion" dev="tmpfs" ino=11549 scontext=u:r:init:s0 tcontext=u:object_r:ion_device:s0 tclass=chr_file
01-06 00:27:50.458  1036  1544 E mm-camera-isp2: isp_module_start_session:178 session id 1
01-06 00:27:50.458  1036  1547 D mm-camera: mct: mct_pipeline_start_session_thread: E stats
01-06 00:27:50.467  1036  1543 D mm-camera: mct: mct_pipeline_start_session_thread: X pproc
01-06 00:27:50.467  1036  1549 D mm-camera: mct: mct_pipeline_start_session_thread: E pproc
01-06 00:27:50.468   778  1461 W ResourceType: No known package when getting value for resource number 0x7f020671
01-06 00:27:50.468   778  1461 W ResourceType: No known package when getting value for resource number 0x7f1103ec
01-06 00:27:50.468   778  1461 W ResourceType: No known package when getting value for resource number 0x7f020672
01-06 00:27:50.468   778  1461 W ResourceType: No known package when getting value for resource number 0x7f110b88
01-06 00:27:50.468   778  1461 W ResourceType: No known package when getting value for resource number 0x7f020670
01-06 00:27:50.468   778  1461 W ResourceType: No known package when getting value for resource number 0x7f110067
01-06 00:27:50.475  1405  1405 I AlarmClock: AlarmInitReceiver android.intent.action.LOCKED_BOOT_COMPLETED
01-06 00:27:50.487  1036  1555 D mm-camera: mct: mct_pipeline_start_session_thread: E imglib
01-06 00:27:50.489  1036  1555 E mm-camera: module_faceproc_start_session:1844] session cnt 1
01-06 00:27:50.493  1405  1558 I AlarmClock: Fixing alarm instances
01-06 00:27:50.509  1036  1555 D mm-camera: mct: mct_pipeline_start_session_thread: X imglib
01-06 00:27:50.510   778   821 I AppWidgetServiceImpl: Async processing of onUserUnlocked u0 took 414 ms
01-06 00:27:50.512   778   854 D vndksupport: Loading /vendor/lib64/hw/android.hardware.graphics.mapper@2.0-impl.so from current namespace instead of sphal namespace.
01-06 00:27:50.524  1464  1464 W NfceeAccess: could not find /etc/nfcee_access.xml, no NFCEE access allowed
01-06 00:27:50.525  1464  1464 I NfceeAccess: read 0 signature(s) for NFCEE access
01-06 00:27:50.538  1036  1547 E mm-camera: tcc_init: TCC ver.150418a
01-06 00:27:50.539  1036  1547 E mm-camera: q3a_port_init aecawb data: 0xedef7028 hal_version 3
01-06 00:27:50.539  1036  1544 E mm-camera-isp2: isp_module_start_session:347 num_session_opened 1
01-06 00:27:50.540  1036  1544 D mm-camera: mct: mct_pipeline_start_session_thread: X imglib
01-06 00:27:50.547  1036  1547 I libsensor1: sensor1_init_once: Setting log level to 5
01-06 00:27:50.549  1036  1541 E mm-camera: module_sensor_init_session:1245eeprom_name = imx234_eeprom
01-06 00:27:50.539  1549  1549 I CAM_startpproc: type=1400 audit(0.0:232): avc: denied { write } for name="ion" dev="tmpfs" ino=11549 scontext=u:r:init:s0 tcontext=u:object_r:ion_device:s0 tclass=chr_file permissive=1
01-06 00:27:50.553  1036  1549 E mm-camera-pp: [INFO] base_module_start_session:91, E, session=1
01-06 00:27:50.554  1036  1549 E mm-camera-pp: [INFO] base_module_start_session:91, E, session=1
01-06 00:27:50.554  1036  1549 D mm-camera: mct: mct_pipeline_start_session_thread: X imglib
01-06 00:27:50.539  1549  1549 W CAM_startpproc: type=1400 audit(0.0:233): avc: granted { read open } for path="/dev/ion" dev="tmpfs" ino=11549 scontext=u:r:init:s0 tcontext=u:object_r:ion_device:s0 tclass=chr_file
01-06 00:27:50.543  1549  1549 I CAM_startpproc: type=1400 audit(0.0:234): avc: denied { read write } for name="media0" dev="tmpfs" ino=9942 scontext=u:r:init:s0 tcontext=u:object_r:device:s0 tclass=chr_file permissive=1
01-06 00:27:50.543  1549  1549 I CAM_startpproc: type=1400 audit(0.0:235): avc: denied { open } for path="/dev/media0" dev="tmpfs" ino=9942 scontext=u:r:init:s0 tcontext=u:object_r:device:s0 tclass=chr_file permissive=1
01-06 00:27:50.543  1549  1549 W CAM_startpproc: type=1400 audit(0.0:236): avc: granted { read } for name="ion" dev="tmpfs" ino=11549 scontext=u:r:init:s0 tcontext=u:object_r:ion_device:s0 tclass=chr_file
01-06 00:27:50.543  1549  1549 W CAM_startpproc: type=1400 audit(0.0:237): avc: granted { read open } for path="/dev/ion" dev="tmpfs" ino=11549 scontext=u:r:init:s0 tcontext=u:object_r:ion_device:s0 tclass=chr_file
01-06 00:27:50.558   778  1461 W ResourceType: No known package when getting value for resource number 0x7f02024e
01-06 00:27:50.558   778  1461 W ResourceType: No known package when getting value for resource number 0x7f0c031b
01-06 00:27:50.558   778  1461 W ResourceType: No known package when getting value for resource number 0x7f02024d
01-06 00:27:50.558   778  1461 W ResourceType: No known package when getting value for resource number 0x7f0c0371
01-06 00:27:50.558   778  1461 W ResourceType: No known package when getting value for resource number 0x7f0c031c
01-06 00:27:50.558   778  1461 W ResourceType: No known package when getting value for resource number 0x7f0c03eb
01-06 00:27:50.559   778  1461 E ShortcutService: Ignoring excessive intent tag.
01-06 00:27:50.575  1464  1464 D RegisteredT3tIdentifiersCache: RegisteredT3tIdentifiersCache
01-06 00:27:50.578   778  1154 I ActivityManager: Start proc 1581:android.process.media/u0a8 for broadcast com.android.providers.downloads/.DownloadReceiver
01-06 00:27:50.590   778  1461 W ResourceType: No known package when getting value for resource number 0x7f0203cb
01-06 00:27:50.590   778  1461 W ResourceType: No known package when getting value for resource number 0x7e110002
01-06 00:27:50.590   778  1461 W ResourceType: No known package when getting value for resource number 0x7f02046a
01-06 00:27:50.591   778  1461 W ResourceType: No known package when getting value for resource number 0x7e11000b
01-06 00:27:50.591   465   465 I MSM-irqbalance: Discovered a new IRQ: 215
01-06 00:27:50.595   465   465 I MSM-irqbalance: Decided to move IRQ65 from CPU0 to CPU2
01-06 00:27:50.595   778  1496 W ActivityManager: Unable to start service Intent { act=android.nfc.cardemulation.action.HOST_APDU_SERVICE cmp=com.google.android.gms/.tapandpay.hce.service.TpHceService } U=0: not found
01-06 00:27:50.595  1464  1464 E HostEmulationManager: Could not bind (persistent) payment service.
01-06 00:27:50.598  1464  1464 D RegisteredServicesCache: Dynamic AIDs file does not exist.
01-06 00:27:50.598  1036  1541 E mm-camera: module_sensor_init_session:1277flash subdev id = 0
01-06 00:27:50.598  1536  1536 I GservicesProvider: Gservices pushing to system: true; secure/global: true
01-06 00:27:50.604  1036  1541 E mm-camera-sensor: sensor_sdk_util_get_kernel_i2c_addr_type:26Invalid addr_type = 0
01-06 00:27:50.604  1036  1541 E mm-camera-sensor: sensor_sdk_util_get_kernel_i2c_data_type:40Invalid addr_type = 0
01-06 00:27:50.604  1036  1541 E mm-camera-sensor: actuator_load_lib:491name=lc898122_claf, mode=camera
01-06 00:27:50.608  1464  1464 D RegisteredNfcFServicesCache: Dynamic System Code, NFCID2 file does not exist.
01-06 00:27:50.609  1036  1541 E mm-camera-sensor: actuator_load_lib:491name=lc898122_claf, mode=camcorder
01-06 00:27:50.612  1464  1464 D RegisteredNfcFServicesCache: Service unchanged, not updating
01-06 00:27:50.612   778  1461 W ResourceType: No known package when getting value for resource number 0x7f020193
01-06 00:27:50.612   778  1461 W ResourceType: No known package when getting value for resource number 0x7f120392
01-06 00:27:50.612   778  1461 W ResourceType: No known package when getting value for resource number 0x7f120392
01-06 00:27:50.612   778  1461 W ResourceType: No known package when getting value for resource number 0x7f02018f
01-06 00:27:50.612   778  1461 W ResourceType: No known package when getting value for resource number 0x7f120390
01-06 00:27:50.612   778  1461 W ResourceType: No known package when getting value for resource number 0x7f120390
01-06 00:27:50.612   778  1461 W ResourceType: No known package when getting value for resource number 0x7f020191
01-06 00:27:50.612  1036  1541 E mm-camera-sensor: eeprom_do_af_calibration:197turn on Cal af(1)
01-06 00:27:50.612   778  1461 W ResourceType: No known package when getting value for resource number 0x7f120391
01-06 00:27:50.612   778  1461 W ResourceType: No known package when getting value for resource number 0x7f120391
01-06 00:27:50.612  1036  1541 E mm-camera-sdk: eeprom_autofocus_calibration_claf:173 KSY Kernel original macro hall : 9600, inf hall : -12800, macro_mecha 16800, vcm_type 66
01-06 00:27:50.612  1036  1541 E mm-camera-sdk: eeprom_autofocus_calibration_claf:178 KSY AF_algorithm convert macro hall : 350, inf hall : 0, total_rangetomacro : 0, offset_value_pplus_mtm : 0
01-06 00:27:50.612  1036  1541 E mm-camera: ois_init:305start: ois_init
01-06 00:27:50.616  1464  1602 D NfcService: checking on firmware download
01-06 00:27:50.617  1464  1602 D NfcService: NFC is off.  Checking firmware version
01-06 00:27:50.617  1464  1602 D NfcAdaptation: NfcAdaptation::Initialize: enter
01-06 00:27:50.617  1464  1602 E NfcAdaptation: NfcAdaptation::Initialize: ver=NFCDROID-AOSP_M_00.01 nfa=NFA_PI_1.03.66+
01-06 00:27:50.617  1464  1602 D NfcAdaptation: find found NFA_STORAGE=/data/nfc
01-06 00:27:50.617  1464  1602 D NfcAdaptation: find found PROTOCOL_TRACE_LEVEL=(0xFFFFFFFF)
01-06 00:27:50.617  1464  1602 D NfcAdaptation: find found NFA_MAX_EE_SUPPORTED=(0x2)
01-06 00:27:50.617  1464  1602 D NfcAdaptation: NfcAdaptation::Initialize: Overriding NFA_EE_MAX_EE_SUPPORTED to use 2
01-06 00:27:50.617  1464  1602 D NfcAdaptation: find found APPL_TRACE_LEVEL=(0xFF)
01-06 00:27:50.617  1464  1602 D BrcmNfcJni: initializeGlobalAppLogLevel: level=5
01-06 00:27:50.617  1464  1602 D         : verify_stack_non_volatile_store
01-06 00:27:50.617  1464  1602 D NfcNciHal: crcChecksumVerifyIntegrity: filename=/data/nfc/nfaStorage.bin1
01-06 00:27:50.618  1464  1602 D NfcNciHal: crcChecksumVerifyIntegrity: data size=228
01-06 00:27:50.618  1464  1602 D NfcNciHal: crcChecksumVerifyIntegrity: filename=/data/nfc/nfaStorage.bin2
01-06 00:27:50.618  1464  1602 D NfcNciHal: crcChecksumVerifyIntegrity: filename=/data/nfc/nfaStorage.bin3
01-06 00:27:50.618  1464  1602 D NfcNciHal: crcChecksumVerifyIntegrity: filename=/data/nfc/nfaStorage.bin4
01-06 00:27:50.618  1464  1602 D NfcNciHal: crcChecksumVerifyIntegrity: filename=/data/nfc/nfaStorage.bin5
01-06 00:27:50.618  1464  1602 D NfcAdaptation: find found PRESERVE_STORAGE=(0x1)
01-06 00:27:50.619  1464  1602 D NfcAdaptation: Initialize: preserve stack NV store
01-06 00:27:50.620  1464  1604 D NfcAdaptation: NfcAdaptation::NFCA_TASK: enter
01-06 00:27:50.620  1464  1604 I BrcmNfcNfa: GKI_run(): Start/Stop GKI_timer_update_registered!
01-06 00:27:50.620  1036  1541 E mm-camera: ois_init:372done: ois_init
01-06 00:27:50.621  1036  1541 E mm-camera-sensor: proxy_init:71name = LD_AF
01-06 00:27:50.621  1464  1605 D NfcAdaptation: NfcAdaptation::Thread: enter
01-06 00:27:50.621  1464  1607 I BrcmNfcNfa: NFC_TASK started.
01-06 00:27:50.621  1464  1605 D NfcAdaptation: NfcAdaptation::Thread: exit
01-06 00:27:50.621  1464  1602 D NfcAdaptation: NfcAdaptation::InitializeHalDeviceContext: enter
01-06 00:27:50.621  1464  1605 E BrcmNfcNfa: gki_task task_id=0 terminating
01-06 00:27:50.621  1464  1602 I NfcAdaptation: NfcAdaptation::InitializeHalDeviceContext: INfc::getService()
01-06 00:27:50.621  1036  1541 E mm-camera-sensor: sensor_proxy_on:151enter
