01-07 06:08:06.347  1251  1290 V StorageManagerService:     state=UNMOUNTED 
01-07 06:08:06.347  1251  1290 V StorageManagerService:     fsType=null fsUuid=null fsLabel=null 
01-07 06:08:06.347  1251  1290 V StorageManagerService:     path=null internalPath=null 
01-07 06:08:06.347  1251  1983 D VoldConnector: SND -> {4 volume user_added 0 0}
01-07 06:08:06.348  1251  1984 D VoldConnector: RCV <- {200 4 Command succeeded}
01-07 06:08:06.359  1251  1251 I ActivityManager: Start proc 2091:com.android.systemui/u0a25 for service com.android.systemui/.ImageWallpaper
01-07 06:08:06.359  1251  1983 D VoldConnector: SND -> {5 volume mount emulated 3 -1}
01-07 06:08:06.361  1263  1270 V vold    : Waiting for FUSE to spin up...
01-07 06:08:06.362  1251  1984 D VoldConnector: RCV <- {651 emulated 1}
01-07 06:08:06.362  1251  1984 D VoldConnector: RCV <- {656 emulated /data/media}
01-07 06:08:06.363  1251  2066 D BluetoothManagerService: Trying to bind to profile: 1, while Bluetooth was disabled
01-07 06:08:06.364  1251  1251 D UsbAlsaManager: Adding ALSA device AlsaDevice: [card: 0, device: 0, type: 2]
01-07 06:08:06.364  1251  1251 D UsbAlsaManager: Adding ALSA device AlsaDevice: [card: 0, device: 0, type: 1]
01-07 06:08:06.364  1251  1251 D UsbAlsaManager: Adding ALSA device AlsaDevice: [card: 0, device: 1, type: 2]
01-07 06:08:06.364  1251  1251 D UsbAlsaManager: Adding ALSA device AlsaDevice: [card: 0, device: 1, type: 1]
01-07 06:08:06.364  1251  1251 D UsbAlsaManager: Adding ALSA device AlsaDevice: [card: 0, device: 2, type: 2]
01-07 06:08:06.364  1251  1251 D UsbAlsaManager: Adding ALSA device AlsaDevice: [card: 0, device: 2, type: 1]
01-07 06:08:06.364  1251  1251 D UsbAlsaManager: Adding ALSA device AlsaDevice: [card: 0, device: 3, type: 2]
01-07 06:08:06.364  1251  1251 D UsbAlsaManager: Adding ALSA device AlsaDevice: [card: 0, device: 3, type: 1]
01-07 06:08:06.364  1251  1251 D UsbAlsaManager: Adding ALSA device AlsaDevice: [card: 0, device: 4, type: 2]
01-07 06:08:06.364  1251  1251 D UsbAlsaManager: Adding ALSA device AlsaDevice: [card: 0, device: 4, type: 1]
01-07 06:08:06.364  1251  1251 D UsbAlsaManager: Adding ALSA device AlsaDevice: [card: 0, device: 5, type: 2]
01-07 06:08:06.364  1251  1251 D UsbAlsaManager: Adding ALSA device AlsaDevice: [card: 0, device: 5, type: 1]
01-07 06:08:06.364  1251  1251 D UsbAlsaManager: Adding ALSA device AlsaDevice: [card: 0, device: 6, type: 2]
01-07 06:08:06.364  1251  1251 D UsbAlsaManager: Adding ALSA device AlsaDevice: [card: 0, device: 7, type: 1]
01-07 06:08:06.364  1251  1251 D UsbAlsaManager: Adding ALSA device AlsaDevice: [card: 0, device: 8, type: 2]
01-07 06:08:06.364  1251  1251 D UsbAlsaManager: Adding ALSA device AlsaDevice: [card: 0, device: 10, type: 2]
01-07 06:08:06.364  1251  1251 D UsbAlsaManager: Adding ALSA device AlsaDevice: [card: 0, device: 10, type: 1]
01-07 06:08:06.364  1251  1251 D UsbAlsaManager: Adding ALSA device AlsaDevice: [card: 0, device: 11, type: 2]
01-07 06:08:06.364  1251  1251 D UsbAlsaManager: Adding ALSA device AlsaDevice: [card: 0, device: 11, type: 1]
01-07 06:08:06.364  1251  1251 D UsbAlsaManager: Adding ALSA device AlsaDevice: [card: 0, device: 12, type: 2]
01-07 06:08:06.364  1251  1251 D UsbAlsaManager: Adding ALSA device AlsaDevice: [card: 0, device: 12, type: 1]
01-07 06:08:06.364  1251  1251 D UsbAlsaManager: Adding ALSA device AlsaDevice: [card: 0, device: 13, type: 2]
01-07 06:08:06.364  1251  1251 D UsbAlsaManager: Adding ALSA device AlsaDevice: [card: 0, device: 13, type: 1]
01-07 06:08:06.364  1251  1251 D UsbAlsaManager: Adding ALSA device AlsaDevice: [card: 0, device: 14, type: 2]
01-07 06:08:06.364  1251  1251 D UsbAlsaManager: Adding ALSA device AlsaDevice: [card: 0, device: 14, type: 1]
01-07 06:08:06.364  1251  1251 D UsbAlsaManager: Adding ALSA device AlsaDevice: [card: 0, device: 15, type: 2]
01-07 06:08:06.364  1251  1251 D UsbAlsaManager: Adding ALSA device AlsaDevice: [card: 0, device: 15, type: 1]
01-07 06:08:06.364  1251  1251 D UsbAlsaManager: Adding ALSA device AlsaDevice: [card: 0, device: 16, type: 2]
01-07 06:08:06.364  1251  1251 D UsbAlsaManager: Adding ALSA device AlsaDevice: [card: 0, device: 19, type: 2]
01-07 06:08:06.364  1251  1251 D UsbAlsaManager: Adding ALSA device AlsaDevice: [card: 0, device: 19, type: 1]
01-07 06:08:06.364  1251  1251 D UsbAlsaManager: Adding ALSA device AlsaDevice: [card: 0, device: 20, type: 2]
01-07 06:08:06.364  1251  1251 D UsbAlsaManager: Adding ALSA device AlsaDevice: [card: 0, device: 20, type: 1]
01-07 06:08:06.364  1251  1251 D UsbAlsaManager: Adding ALSA device AlsaDevice: [card: 0, device: 21, type: 1]
01-07 06:08:06.364  1251  1251 D UsbAlsaManager: Adding ALSA device AlsaDevice: [card: 0, device: 22, type: 2]
01-07 06:08:06.365  1251  1251 D UsbAlsaManager: Adding ALSA device AlsaDevice: [card: 0, device: 22, type: 1]
01-07 06:08:06.365  1251  1251 D UsbAlsaManager: Adding ALSA device AlsaDevice: [card: 0, device: 23, type: 2]
01-07 06:08:06.365  1251  1251 D UsbAlsaManager: Adding ALSA device AlsaDevice: [card: 0, device: 23, type: 1]
01-07 06:08:06.365  1251  1251 D UsbAlsaManager: Adding ALSA device AlsaDevice: [card: 0, device: 24, type: 2]
01-07 06:08:06.365  1251  1251 D UsbAlsaManager: Adding ALSA device AlsaDevice: [card: 0, device: 24, type: 1]
01-07 06:08:06.365  1251  1251 D UsbAlsaManager: Adding ALSA device AlsaDevice: [card: 0, device: 25, type: 2]
01-07 06:08:06.365  1251  1251 D UsbAlsaManager: Adding ALSA device AlsaDevice: [card: 0, device: 26, type: 1]
01-07 06:08:06.365  1251  1251 D UsbAlsaManager: Adding ALSA device AlsaDevice: [card: 0, device: 27, type: 2]
01-07 06:08:06.365  1251  1251 D UsbAlsaManager: Adding ALSA device AlsaDevice: [card: 0, device: 28, type: 2]
01-07 06:08:06.365  1251  1251 D UsbAlsaManager: Adding ALSA device AlsaDevice: [card: 0, device: 29, type: 2]
01-07 06:08:06.365  1251  1251 D UsbAlsaManager: Adding ALSA device AlsaDevice: [card: 0, device: 30, type: 2]
01-07 06:08:06.365  1251  1251 D UsbAlsaManager: Adding ALSA device AlsaDevice: [card: 0, device: 31, type: 2]
01-07 06:08:06.365  1251  1251 D UsbAlsaManager: Adding ALSA device AlsaDevice: [card: 0, device: 32, type: 2]
01-07 06:08:06.365  1251  1251 D UsbAlsaManager: Adding ALSA device AlsaDevice: [card: 0, device: 33, type: 2]
01-07 06:08:06.365  1251  1251 D UsbAlsaManager: Adding ALSA device AlsaDevice: [card: 0, device: 34, type: 2]
01-07 06:08:06.365  1251  1251 D UsbAlsaManager: Adding ALSA device AlsaDevice: [card: 0, device: 35, type: 2]
01-07 06:08:06.365  1251  1251 D UsbAlsaManager: Adding ALSA device AlsaDevice: [card: 0, device: 35, type: 1]
01-07 06:08:06.365  1251  1251 D UsbAlsaManager: Adding ALSA device AlsaDevice: [card: 0, device: 36, type: 2]
01-07 06:08:06.365  1251  1251 D UsbAlsaManager: Adding ALSA device AlsaDevice: [card: 0, device: 36, type: 1]
01-07 06:08:06.365  1251  1251 D UsbAlsaManager: Adding ALSA device AlsaDevice: [card: 0, device: 43, type: 2]
01-07 06:08:06.365  1251  1251 D UsbAlsaManager: Adding ALSA device AlsaDevice: [card: 0, device: 44, type: 2]
01-07 06:08:06.365  1251  1251 D UsbAlsaManager: Adding ALSA device AlsaDevice: [card: 0, device: 44, type: 1]
01-07 06:08:06.365  1251  1251 D UsbAlsaManager: Adding ALSA device AlsaDevice: [card: 0, device: 67, type: 2]
01-07 06:08:06.365  1251  1251 D UsbAlsaManager: Adding ALSA device AlsaDevice: [card: 0, device: 67, type: 1]
01-07 06:08:06.365  1251  1251 D UsbAlsaManager: Adding ALSA device AlsaDevice: [card: 0, device: 68, type: 2]
01-07 06:08:06.365  1251  1251 D UsbAlsaManager: Adding ALSA device AlsaDevice: [card: 0, device: 68, type: 1]
01-07 06:08:06.365  1251  1251 D UsbAlsaManager: Adding ALSA device AlsaDevice: [card: 0, device: 69, type: 2]
01-07 06:08:06.365  1251  1251 D UsbAlsaManager: Adding ALSA device AlsaDevice: [card: 0, device: 69, type: 1]
01-07 06:08:06.365  1251  1251 D UsbAlsaManager: Adding ALSA device AlsaDevice: [card: 0, device: 70, type: 2]
01-07 06:08:06.365  1251  1251 D UsbAlsaManager: Adding ALSA device AlsaDevice: [card: 0, device: 70, type: 1]
01-07 06:08:06.365  1251  1251 D UsbAlsaManager: Adding ALSA device AlsaDevice: [card: 0, device: 71, type: 2]
01-07 06:08:06.365  1251  1251 D UsbAlsaManager: Adding ALSA device AlsaDevice: [card: 0, device: 71, type: 1]
01-07 06:08:06.365  1251  1251 D UsbAlsaManager: Adding ALSA device AlsaDevice: [card: 0, device: 72, type: 2]
01-07 06:08:06.365  1251  1251 D UsbAlsaManager: Adding ALSA device AlsaDevice: [card: 0, device: 72, type: 1]
01-07 06:08:06.365  1251  1251 D UsbAlsaManager: Adding ALSA device AlsaDevice: [card: 0, device: 73, type: 2]
01-07 06:08:06.365  1251  1251 D UsbAlsaManager: Adding ALSA device AlsaDevice: [card: 0, device: 73, type: 1]
01-07 06:08:06.365  1251  1251 D UsbAlsaManager: Adding ALSA device AlsaDevice: [card: 0, device: 74, type: 2]
01-07 06:08:06.365  1251  1251 D UsbAlsaManager: Adding ALSA device AlsaDevice: [card: 0, device: 74, type: 1]
01-07 06:08:06.365  1251  1251 D UsbAlsaManager: Adding ALSA device AlsaDevice: [card: 0, device: 75, type: 2]
01-07 06:08:06.365  1251  1251 D UsbAlsaManager: Adding ALSA device AlsaDevice: [card: 0, device: 75, type: 1]
01-07 06:08:06.365  1251  1251 D UsbAlsaManager: Adding ALSA device AlsaDevice: [card: 0, device: 76, type: 2]
01-07 06:08:06.365  1251  1251 D UsbAlsaManager: Adding ALSA device AlsaDevice: [card: 0, device: 76, type: 1]
01-07 06:08:06.365  1251  1251 D UsbAlsaManager: Adding ALSA device AlsaDevice: [card: 0, device: 77, type: 2]
01-07 06:08:06.365  1251  1251 D UsbAlsaManager: Adding ALSA device AlsaDevice: [card: 0, device: 77, type: 1]
01-07 06:08:06.365  1251  1251 D UsbAlsaManager: Adding ALSA device AlsaDevice: [card: 0, device: 78, type: 2]
01-07 06:08:06.365  1251  1251 D UsbAlsaManager: Adding ALSA device AlsaDevice: [card: 0, device: 78, type: 1]
01-07 06:08:06.365  1251  1251 D UsbAlsaManager: Adding ALSA device AlsaDevice: [card: 0, device: 79, type: 2]
01-07 06:08:06.365  1251  1251 D UsbAlsaManager: Adding ALSA device AlsaDevice: [card: 0, device: 79, type: 1]
01-07 06:08:06.365  1251  1251 D UsbAlsaManager: Adding ALSA device AlsaDevice: [card: 0, device: 81, type: 2]
01-07 06:08:06.365  1251  1251 D UsbAlsaManager: Adding ALSA device AlsaDevice: [card: 0, device: 81, type: 1]
01-07 06:08:06.366  1251  1251 D UsbAlsaManager: Adding ALSA device AlsaDevice: [card: 0, device: 82, type: 2]
01-07 06:08:06.366  1251  1251 D UsbAlsaManager: Adding ALSA device AlsaDevice: [card: 0, device: 82, type: 1]
01-07 06:08:06.366  1251  1251 D UsbAlsaManager: Adding ALSA device AlsaDevice: [card: 0, device: 83, type: 1]
01-07 06:08:06.366  1251  1251 D UsbAlsaManager: Adding ALSA device AlsaDevice: [card: 0, device: 84, type: 2]
01-07 06:08:06.366  1251  1251 D UsbAlsaManager: Adding ALSA device AlsaDevice: [card: 0, device: 84, type: 1]
01-07 06:08:06.367  1002  1002 I AudioFlinger: systemReady
01-07 06:08:06.369  1337  1337 E android.hardware.usb@1.0-service: Failed to open /sys/class/dual_role_usb
01-07 06:08:06.370  1251  1932 E UsbPortManager: port status enquiry failed
01-07 06:08:06.371  1251  1251 W PocketService: Un-handled boot phase:550
01-07 06:08:06.371  1251  1251 D SystemServerTiming: StartActivityManagerReadyPhase took to complete: 80ms
01-07 06:08:06.371  1251  1251 I SystemServer: StartObservingNativeCrashes
01-07 06:08:06.374  1251  1251 D SystemServerTiming: StartObservingNativeCrashes took to complete: 3ms
01-07 06:08:06.375  1251  1251 I SystemServer: StartSystemUI
01-07 06:08:06.375  1251  1432 D SystemServerInitThreadPool: Started executing WebViewFactoryPreparation
01-07 06:08:06.375  1251  1432 I SystemServer: WebViewFactoryPreparation
01-07 06:08:06.385  2100  2100 W /system/bin/sdcard: Device explicitly enabled sdcardfs
01-07 06:08:06.391  1251  1251 D SystemServerTiming: StartSystemUI took to complete: 16ms
01-07 06:08:06.391  1251  1251 I SystemServer: MakeNetworkScoreReady
01-07 06:08:06.391  1251  1251 D SystemServerTiming: MakeNetworkScoreReady took to complete: 0ms
01-07 06:08:06.391  1251  1251 I SystemServer: MakeNetworkManagementServiceReady
01-07 06:08:06.392  1251  1251 D NetworkManagement: enabling bandwidth control
01-07 06:08:06.405  1251  1432 D WebViewFactory: Setting new address space to 124372560
01-07 06:08:06.409  1251  2052 E HalDeviceManager: Should have at least 1 chip!
01-07 06:08:06.409  1251  2052 E HalDeviceManager: getSupportedIfaceTypesInternal: no chip info found
01-07 06:08:06.412  1251  1279 E BatteryStatsService: no controller energy info supplied
01-07 06:08:06.412  1251  1279 E BatteryStatsService: no controller energy info supplied
01-07 06:08:06.412  1251  1984 D VoldConnector: RCV <- {651 emulated 2}
01-07 06:08:06.413  1251  1984 D VoldConnector: RCV <- {200 5 Command succeeded}
01-07 06:08:06.418  1251  1279 W KernelMemoryBandwidthStats: No kernel memory bandwidth stats available
01-07 06:08:06.432  1251  1251 W NetworkManagement: setDataSaverMode(): already false
01-07 06:08:06.437  1251  1251 D SystemServerTiming: MakeNetworkManagementServiceReady took to complete: 46ms
01-07 06:08:06.437  1251  1251 I SystemServer: MakeNetworkStatsServiceReady
01-07 06:08:06.441  1251  2049 D NetworkPolicy: setRestrictBackgroundUL(): false
01-07 06:08:06.447  1251  2049 W NetworkManagement: setDataSaverMode(): already false
01-07 06:08:06.472   978   978 W MediaCodecsXmlParser: unable to open media codecs configuration xml file: /data/misc/media/media_codecs_profiling_results.xml
01-07 06:08:06.475   978   978 I OMXMaster: makeComponentInstance(OMX.google.mp3.decoder) in android.hardwar process
01-07 06:08:06.482   978   978 I OMXMaster: makeComponentInstance(OMX.google.amrnb.decoder) in android.hardwar process
01-07 06:08:06.486  1251  1432 W ActivityManager: Slow operation: 67ms so far, now at startProcess: returned from zygote!
01-07 06:08:06.486  1251  1432 W ActivityManager: Slow operation: 67ms so far, now at startProcess: done updating battery stats
01-07 06:08:06.486  1251  1432 W ActivityManager: Slow operation: 67ms so far, now at startProcess: building log message
01-07 06:08:06.486  1251  1432 I ActivityManager: Start proc 2126:WebViewLoader-armeabi-v7a/1037 [android.webkit.WebViewFactory$RelroFileCreator] for 
01-07 06:08:06.486  1251  1432 W ActivityManager: Slow operation: 67ms so far, now at startProcess: starting to update pids map
01-07 06:08:06.486  1251  1432 W ActivityManager: Slow operation: 67ms so far, now at startProcess: done updating pids map
01-07 06:08:06.486  1251  1432 W ActivityManager: Slow operation: 70ms so far, now at startProcess: done starting proc!
01-07 06:08:06.499   978   978 I OMXMaster: makeComponentInstance(OMX.google.amrwb.decoder) in android.hardwar process
01-07 06:08:06.502  1251  1432 I ActivityManager: Start proc 2134:WebViewLoader-arm64-v8a/1037 [android.webkit.WebViewFactory$RelroFileCreator] for 
01-07 06:08:06.508  1251  1432 D SystemServerTimingAsync: WebViewFactoryPreparation took to complete: 133ms
01-07 06:08:06.508  1251  1432 D SystemServerInitThreadPool: Finished executing WebViewFactoryPreparation
01-07 06:08:06.513   978   978 I OMXMaster: makeComponentInstance(OMX.google.aac.decoder) in android.hardwar process
01-07 06:08:06.519  1251  1251 D SystemServerTiming: MakeNetworkStatsServiceReady took to complete: 82ms
01-07 06:08:06.519  1251  1251 I SystemServer: MakeConnectivityServiceReady
01-07 06:08:06.523  1251  1251 D PermissionMonitor: Monitoring
01-07 06:08:06.527  1251  1251 D PermissionMonitor: Users: 1, Apps: 64
01-07 06:08:06.527  1251  2075 D Ethernet: got request NetworkRequest [ BACKGROUND_REQUEST id=2, [ Transports: CELLULAR Capabilities: INTERNET&NOT_RESTRICTED&TRUSTED&NOT_VPN] ] with score 0
01-07 06:08:06.528  2134  2134 V WebViewFactory: RelroFileCreator (64bit = true),  32-bit lib: /system/app/webview/webview.apk!/lib/armeabi-v7a/libwebviewchromium.so, 64-bit lib: /system/app/webview/webview.apk!/lib/arm64-v8a/libwebviewchromium.so
01-07 06:08:06.533   978  2133 I OMXMaster: makeComponentInstance(OMX.google.g711.alaw.decoder) in android.hardwar process
01-07 06:08:06.535  2126  2126 V WebViewFactory: RelroFileCreator (64bit = false),  32-bit lib: /system/app/webview/webview.apk!/lib/armeabi-v7a/libwebviewchromium.so, 64-bit lib: /system/app/webview/webview.apk!/lib/arm64-v8a/libwebviewchromium.so
01-07 06:08:06.542  1251  1251 D SystemServerTiming: MakeConnectivityServiceReady took to complete: 23ms
01-07 06:08:06.542  1251  1251 I SystemServer: MakeNetworkPolicyServiceReady
01-07 06:08:06.542  1251  1251 D SystemServerTiming: MakeNetworkPolicyServiceReady took to complete: 0ms
01-07 06:08:06.542  1251  1251 I SystemServer: StartWatchdog
01-07 06:08:06.542  1251  1251 D SystemServerTiming: StartWatchdog took to complete: 0ms
01-07 06:08:06.543  1251  1251 I SystemServer: PhaseThirdPartyAppsCanStart
01-07 06:08:06.543  1251  1251 I SystemServiceManager: Starting phase 600
01-07 06:08:06.544  2091  2091 V SystemUIService: Starting SystemUI services for user 0.
01-07 06:08:06.547  1251  1251 D lights  : Using onoff pattern: 0x000000
01-07 06:08:06.548   978  2133 I OMXMaster: makeComponentInstance(OMX.google.g711.mlaw.decoder) in android.hardwar process
01-07 06:08:06.553  2081  2081 E JniUtils: Could not load native library jni_latinimegoogle
01-07 06:08:06.553  2081  2081 E JniUtils: java.lang.UnsatisfiedLinkError: dalvik.system.PathClassLoader[DexPathList[[zip file "/system/app/LatinIME/LatinIME.apk"],nativeLibraryDirectories=[/system/app/LatinIME/lib/arm64, /system/fake-libs64, /system/app/LatinIME/LatinIME.apk!/lib/arm64-v8a, /system/lib64, /system/vendor/lib64, /system/lib64, /system/vendor/lib64]]] couldn't find "libjni_latinimegoogle.so"
01-07 06:08:06.553  2081  2081 E JniUtils: 	at java.lang.Runtime.loadLibrary0(Runtime.java:1011)
01-07 06:08:06.553  2081  2081 E JniUtils: 	at java.lang.System.loadLibrary(System.java:1657)
01-07 06:08:06.553  2081  2081 E JniUtils: 	at com.android.inputmethod.latin.utils.JniUtils.<clinit>(JniUtils.java:29)
01-07 06:08:06.553  2081  2081 E JniUtils: 	at com.android.inputmethod.latin.utils.JniUtils.loadNativeLibrary(JniUtils.java:47)
01-07 06:08:06.553  2081  2081 E JniUtils: 	at com.android.inputmethod.latin.LatinIME.<clinit>(LatinIME.java:546)
01-07 06:08:06.553  2081  2081 E JniUtils: 	at java.lang.Class.newInstance(Native Method)
01-07 06:08:06.553  2081  2081 E JniUtils: 	at android.app.ActivityThread.handleCreateService(ActivityThread.java:3386)
01-07 06:08:06.553  2081  2081 E JniUtils: 	at android.app.ActivityThread.-wrap4(Unknown Source:0)
01-07 06:08:06.553  2081  2081 E JniUtils: 	at android.app.ActivityThread$H.handleMessage(ActivityThread.java:1683)
01-07 06:08:06.553  2081  2081 E JniUtils: 	at android.os.Handler.dispatchMessage(Handler.java:105)
01-07 06:08:06.553  2081  2081 E JniUtils: 	at android.os.Looper.loop(Looper.java:164)
01-07 06:08:06.553  2081  2081 E JniUtils: 	at android.app.ActivityThread.main(ActivityThread.java:6541)
01-07 06:08:06.553  2081  2081 E JniUtils: 	at java.lang.reflect.Method.invoke(Native Method)
01-07 06:08:06.553  2081  2081 E JniUtils: 	at com.android.internal.os.Zygote$MethodAndArgsCaller.run(Zygote.java:240)
01-07 06:08:06.553  2081  2081 E JniUtils: 	at com.android.internal.os.ZygoteInit.main(ZygoteInit.java:767)
01-07 06:08:06.556   978  2133 I OMXMaster: makeComponentInstance(OMX.google.vorbis.decoder) in android.hardwar process
01-07 06:08:06.559  1251  1251 V WallpaperManagerService: bindWallpaperComponentLocked: componentName=ComponentInfo{com.android.systemui/com.android.systemui.ImageWallpaper}
01-07 06:08:06.572  1251  1251 W PocketService: Un-handled boot phase:600
01-07 06:08:06.574  1251  1251 D SystemServerTiming: PhaseThirdPartyAppsCanStart took to complete: 31ms
01-07 06:08:06.574  1251  1251 I SystemServer: MakeLocationServiceReady
01-07 06:08:06.579   978  2133 I OMXMaster: makeComponentInstance(OMX.google.opus.decoder) in android.hardwar process
01-07 06:08:06.606   978  2133 I OMXMaster: makeComponentInstance(OMX.google.raw.decoder) in android.hardwar process
01-07 06:08:06.627   978  2133 I OMXMaster: makeComponentInstance(OMX.google.aac.encoder) in android.hardwar process
01-07 06:08:06.635  2091  2091 V MediaRouter: Adding route: RouteInfo{ name=Phone, description=null, status=null, category=RouteCategory{ name=System types=ROUTE_TYPE_LIVE_AUDIO ROUTE_TYPE_LIVE_VIDEO  groupable=false }, supportedTypes=ROUTE_TYPE_LIVE_AUDIO ROUTE_TYPE_LIVE_VIDEO , presentationDisplay=null }
01-07 06:08:06.640  1251  1251 E LocSvc_eng: I/===> loc_eng_read_config line 2986 
01-07 06:08:06.643  1251  1251 D GnssLocationProvider: Link to death notification successful
01-07 06:08:06.644  1251  1251 E GnssHAL_GnssInterface: getExtensionAGnssRil GnssRil interface not implemented by GNSS HAL
01-07 06:08:06.644  1251  1251 E GnssHAL_GnssInterface: getExtensionGnssNavigationMessage GnssNavigationMessage interface not implemented by GNSS HAL
01-07 06:08:06.644  1251  1251 E GnssHAL_GnssInterface: getExtensionGnssDebug: GnssDebug interface is not implemented by HAL
01-07 06:08:06.647  2081  2081 I LatinIME: Hardware accelerated drawing: true
01-07 06:08:06.648  2091  2091 V MediaRouter: Selecting route: RouteInfo{ name=Phone, description=null, status=null, category=RouteCategory{ name=System types=ROUTE_TYPE_LIVE_AUDIO ROUTE_TYPE_LIVE_VIDEO  groupable=false }, supportedTypes=ROUTE_TYPE_LIVE_AUDIO ROUTE_TYPE_LIVE_VIDEO , presentationDisplay=null }
01-07 06:08:06.656   978  2133 I OMXMaster: makeComponentInstance(OMX.google.amrnb.encoder) in android.hardwar process
01-07 06:08:06.661  2126  2126 I WebViewLoader-armeabi-v7a: System.exit called, status: 0
01-07 06:08:06.661  2126  2126 I AndroidRuntime: VM exiting with result code 0, cleanup skipped.
01-07 06:08:06.665   978  2133 I OMXMaster: makeComponentInstance(OMX.google.amrwb.encoder) in android.hardwar process
01-07 06:08:06.676   978  2133 I OMXMaster: makeComponentInstance(OMX.google.flac.encoder) in android.hardwar process
01-07 06:08:06.686  2134  2134 I WebViewLoader-arm64-v8a: System.exit called, status: 0
01-07 06:08:06.686  2134  2134 I AndroidRuntime: VM exiting with result code 0, cleanup skipped.
01-07 06:08:06.689   978  2133 I OMXMaster: makeComponentInstance(OMX.google.gsm.decoder) in android.hardwar process
01-07 06:08:06.689  1251  1251 D LocSvc_LBSProxy: static bool lbs_core::LBSProxy::checkIfLocationExtendedClientExists()] File Exists
01-07 06:08:06.690  1251  1251 D LocSvc_LBSProxy: static bool lbs_core::LBSProxy::checkIfNativeXtraClientExists()] XTRA Client 2.0 Exist
01-07 06:08:06.690  1251  1251 E GnssHAL_GnssInterface: getExtensionGnssGeofencing GnssGeofencing interface not implemented by GNSS HAL
01-07 06:08:06.690  1251  1251 I vndksupport: sphal namespace is not configured for this process. Loading /vendor/lib64/hw/flp.default.so from the current namespace instead.
01-07 06:08:06.700  1251  1251 E LocSvc_flp: I/===> const FlpLocationInterface *get_flp_interface() line 54 
01-07 06:08:06.706  1251  1251 I GnssLocationProvider: WakeLock acquired by sendMessage(INITIALIZE_HANDLER, 0, null)
01-07 06:08:06.711  2091  2091 W SoundPool: Use of stream types is deprecated for operations other than volume control
01-07 06:08:06.711  2091  2091 W SoundPool: See the documentation of SoundPool() for what to use instead with android.media.AudioAttributes to qualify your playback use case
01-07 06:08:06.717   978  2133 I OMXMaster: makeComponentInstance(OMX.qcom.video.encoder.avc) in android.hardwar process
01-07 06:08:06.720  1251  2051 D WifiController: DEFERRED_TOGGLE handled
01-07 06:08:06.722  1338  1338 I android.hardware.wifi@1.0-service: Wifi HAL started
01-07 06:08:06.727   978  2133 I OMX-VENC: Video encode perflock acquired,handle=-1
01-07 06:08:06.731  1251  1251 I libmdmdetect: ESOC framework not supported
01-07 06:08:06.731  1251  1251 I libmdmdetect: Found internal modem: modem
01-07 06:08:06.732  1244  1244 E SELinux : avc:  denied  { find } for service=vendor.qcom.PeripheralManager pid=1251 uid=1000 scontext=u:r:system_server:s0 tcontext=u:object_r:default_android_service:s0 tclass=service_manager
01-07 06:08:06.734  1342  1355 D PerMgrSrv: modem state: is on-line, add client GPS
01-07 06:08:06.734  1342  1355 D PerMgrSrv: GPS registered
01-07 06:08:06.735  1251  1251 D PerMgrLib: GPS successfully registered for modem
01-07 06:08:06.735  1251  1251 D PerMgrLib: GPS voting for modem
01-07 06:08:06.735  1342  1356 D PerMgrSrv: GPS voting for modem
01-07 06:08:06.735  1342  1356 D PerMgrSrv: modem num voters is 2
01-07 06:08:06.727  1251  1251 I system_server: type=1400 audit(0.0:886): avc: denied { call } for scontext=u:r:system_server:s0 tcontext=u:r:init:s0 tclass=binder permissive=1
01-07 06:08:06.727  1251  1251 I system_server: type=1400 audit(0.0:887): avc: denied { transfer } for scontext=u:r:system_server:s0 tcontext=u:r:init:s0 tclass=binder permissive=1
01-07 06:08:06.735  1251  1251 E GnssLocationProvider: SetCallback for Gnss Xtra Interface fails
01-07 06:08:06.735  1251  1251 E GnssLocationProvider: Unable to initialize GNSS Geofencing interface
01-07 06:08:06.735  1251  1251 D PerMgrLib: GPS unvoting for modem
01-07 06:08:06.735  1342  1355 D PerMgrSrv: GPS removing vote for modem
01-07 06:08:06.735  1342  1355 D PerMgrSrv: modem num voters is 2
01-07 06:08:06.736  1251  2196 E LocSvc_api_v02: I/locClientOpen:1902]: Service instance id is -1
01-07 06:08:06.736  1251  2196 E LocSvc_api_v02: I/---> locClientOpenInstance line 1782 loc client open
01-07 06:08:06.738  1251  1251 W LocationProviderProxy-network: Odd, no component found for service com.android.location.service.v3.NetworkLocationProvider
01-07 06:08:06.740  1251  2196 E Diag_Lib:  Diag_LSM_Init: Failed to open handle to diag driver, error = 2
01-07 06:08:06.770  2081  2081 W InputAttributes: No editor info for this field. Bug?
01-07 06:08:06.785  1251  1251 E LocationManagerService: no geocoder provider found
01-07 06:08:06.785  1251  1251 D LocationManagerService: FLP HAL not supported
01-07 06:08:06.787  1251  1251 D LocationManagerService: Unable to bind FLP Geofence proxy.
01-07 06:08:06.788  1251  1251 E ActivityRecognitionHardware: activity_recognition HAL is deprecated. is_supported is effectively a no-op
01-07 06:08:06.788  1251  1251 D LocationManagerService: Hardware Activity-Recognition not supported.
01-07 06:08:06.788  1251  1251 E ActivityRecognitionProxy: ServiceWatcher could not start.
01-07 06:08:06.788  1251  1251 D LocationManagerService: Unable to bind ActivityRecognitionProxy.
01-07 06:08:06.789  1251  1251 I GnssLocationProvider: WakeLock acquired by sendMessage(ENABLE, 1, null)
01-07 06:08:06.793  1251  1251 D SystemServerTiming: MakeLocationServiceReady took to complete: 219ms
01-07 06:08:06.793  1251  1251 I SystemServer: MakeCountryDetectionServiceReady
01-07 06:08:06.793  1251  1251 D SystemServerTiming: MakeCountryDetectionServiceReady took to complete: 0ms
01-07 06:08:06.793  1251  1251 I SystemServer: MakeNetworkTimeUpdateReady
01-07 06:08:06.798  1251  2196 E LocSvc_api_v02: I/---> locClientSendReq line 2059 QMI_LOC_REG_EVENTS_REQ_V02
01-07 06:08:06.802  1251  2196 E LocSvc_api_v02: I/---> locClientSupportMsgCheck line 2177 QMI_LOC_GET_SUPPORTED_MSGS_REQ_V02
01-07 06:08:06.805  1251  2196 E LocSvc_api_v02: I/---> locClientSendReq line 2059 QMI_LOC_QUERY_AON_CONFIG_REQ_V02
01-07 06:08:06.815  1251  1251 D SystemServerTiming: MakeNetworkTimeUpdateReady took to complete: 21ms
01-07 06:08:06.815  1251  1251 I SystemServer: MakeCommonTimeManagementServiceReady
01-07 06:08:06.811  1251  2196 I chatty  : uid=1000(system) Loc_hal_worker identical 2 lines
01-07 06:08:06.815  1251  2196 E LocSvc_api_v02: I/---> locClientSendReq line 2059 QMI_LOC_QUERY_AON_CONFIG_REQ_V02
01-07 06:08:06.816  1251  1251 I CommonTimeManagementService: No common time service detected on this platform.  Common time services will be unavailable.
01-07 06:08:06.816  1251  1251 D SystemServerTiming: MakeCommonTimeManagementServiceReady took to complete: 1ms
01-07 06:08:06.816  1251  1251 I SystemServer: MakeInputManagerServiceReady
01-07 06:08:06.817  1251  2196 E LocSvc_api_v02: I/---> locClientSendReq line 2059 QMI_LOC_QUERY_AON_CONFIG_REQ_V02
01-07 06:08:06.817  1251  1251 D SystemServerTiming: MakeInputManagerServiceReady took to complete: 2ms
01-07 06:08:06.818  1251  1251 I SystemServer: MakeTelephonyRegistryReady
01-07 06:08:06.818  1251  1251 D SystemServerTiming: MakeTelephonyRegistryReady took to complete: 0ms
01-07 06:08:06.818  1251  1251 I SystemServer: MakeMediaRouterServiceReady
01-07 06:08:06.819  1251  1251 D SystemServerTiming: MakeMediaRouterServiceReady took to complete: 1ms
01-07 06:08:06.819  1251  1251 I SystemServer: MakeMmsServiceReady
01-07 06:08:06.819  1251  1251 I MmsServiceBroker: Delay connecting to MmsService until an API is called
01-07 06:08:06.819  1251  1251 D SystemServerTiming: MakeMmsServiceReady took to complete: 0ms
01-07 06:08:06.819  1251  1251 I SystemServer: MakeNetworkScoreServiceReady
01-07 06:08:06.819  1251  1251 D SystemServerTiming: MakeNetworkScoreServiceReady took to complete: 0ms
01-07 06:08:06.819  1251  1251 I SystemServer: IncidentDaemonReady
01-07 06:08:06.820  1251  1251 D SystemServerTiming: IncidentDaemonReady took to complete: 1ms
01-07 06:08:06.820  1251  1251 I SystemServiceManager: Calling onStartUser u0
01-07 06:08:06.820  1251  1251 W CameraService_proxy: Could not notify mediaserver, camera service not available.
01-07 06:08:06.821  1251  1275 I GnssLocationProvider: WakeLock released by handleMessage(INITIALIZE_HANDLER, 0, null)
01-07 06:08:06.821  1251  1251 W VoiceInteractionManagerService: no available voice interaction services found for user 0
01-07 06:08:06.821  1251  1251 W VoiceInteractionManagerService: no available voice recognition services found for user 0
01-07 06:08:06.821  1251  2196 E LocSvc_api_v02: I/---> locClientSendReq line 2059 QMI_LOC_QUERY_AON_CONFIG_REQ_V02
01-07 06:08:06.825  1251  1939 I InputReader: Reconfiguring input devices.  changes=0x00000020
01-07 06:08:06.825  1251  2196 E LocSvc_ApiV02: E/virtual enum loc_api_adapter_err LocApiV02::open(LOC_API_ADAPTER_EVENT_MASK_T):311]: Query AON config failed. status: eLOC_CLIENT_FAILURE_INTERNAL, ind status:eQMI_LOC_SUCCESS_V02
01-07 06:08:06.825  1251  2196 E LocSvc_api_v02: I/---> locClientSendReq line 2059 QMI_LOC_GET_SUPPORTED_FEATURE_REQ_V02
01-07 06:08:06.826  1251  1939 I InputReader: Reconfiguring input devices.  changes=0x00000010
01-07 06:08:06.827  1251  2196 E LocSvc_api_v02: I/---> locClientSendReq line 2059 QMI_LOC_GET_SUPPORTED_FEATURE_REQ_V02
01-07 06:08:06.831  1251  2196 I chatty  : uid=1000(system) Loc_hal_worker identical 3 lines
01-07 06:08:06.832  1251  2196 E LocSvc_api_v02: I/---> locClientSendReq line 2059 QMI_LOC_GET_SUPPORTED_FEATURE_REQ_V02
01-07 06:08:06.833  1251  2196 E LocSvc_ApiV02: E/virtual enum loc_api_adapter_err LocApiV02::open(LOC_API_ADAPTER_EVENT_MASK_T):374:11]: Failed to get features supported from QMI_LOC_GET_SUPPORTED_FEATURE_REQ_V02. 
01-07 06:08:06.836  1251  1275 W GnssHAL_GnssInterface: setCallback called more than once. Unexpected unless test.
01-07 06:08:06.837  2081  2238 I LatinIME:LogUtils: Dictionary info: dictionary = UserHistoryDictionary.en_US ; version = 1420610886 ; date = ?
01-07 06:08:06.838  2081  2238 I LatinIME:LogUtils: Dictionary info: dictionary = userunigram.en_US ; version = 1420610886 ; date = ?
01-07 06:08:06.839  1251  1251 I ActivityManager: Start proc 2239:com.android.phone/1001 for added application com.android.phone
01-07 06:08:06.839  1251  2196 E LocSvc_api_v02: I/---> locClientSendReq line 2059 QMI_LOC_SET_PREMIUM_SERVICES_CONFIG_REQ_V02
01-07 06:08:06.839  1251  1275 D PerMgrLib: GPS voting for modem
01-07 06:08:06.840  1342  1356 D PerMgrSrv: GPS voting for modem
01-07 06:08:06.840  1342  1356 D PerMgrSrv: modem num voters is 2
01-07 06:08:06.840  1251  1251 I ActivityManager: START u0 {act=android.intent.action.MAIN cat=[android.intent.category.HOME] flg=0x10000100 cmp=com.android.settings/.FallbackHome} from uid 0
01-07 06:08:06.841  1251  2218 E LocSvc_ApiV02: I/<--- void globalRespCb(locClientHandleType, uint32_t, const locClientRespIndUnionType, uint32_t, void *) line 133 QMI_LOC_SET_PREMIUM_SERVICES_CONFIG_REQ_V02
01-07 06:08:06.841  1251  2196 E LocSvc_api_v02: I/---> locClientSendReq line 2059 QMI_LOC_SET_PREMIUM_SERVICES_CONFIG_REQ_V02
01-07 06:08:06.841  1251  1275 E GnssLocationProvider: Unable to initialize GNSS Xtra interface
01-07 06:08:06.841  1251  1275 E GnssLocationProvider: Unable to initialize GNSS Geofencing interface
01-07 06:08:06.842  1251  1275 E LocSvc_flp: I/===> int flp_init(FlpCallbacks *) line 147 
01-07 06:08:06.842  1251  1275 I         : ===> flp_init line 57 
01-07 06:08:06.843  1251  2218 E QMI_FW  : QCCI qmi_cci_xport_recv: txn not found. svc_id: 16
01-07 06:08:06.845  1251  2196 E LocSvc_LBSApiV02: E/virtual void lbs_core::LBSApiV02::injectFeatureConfig(e_premium_mode, e_premium_mode, e_premium_mode):706]: Error : st = 3, ind.status = 0
01-07 06:08:06.845  1251  2196 E LocSvc_api_v02: I/---> locClientSendReq line 2059 QMI_LOC_SET_PREMIUM_SERVICES_CONFIG_REQ_V02
01-07 06:08:06.848  1251  2218 E LocSvc_ApiV02: I/<--- void globalRespCb(locClientHandleType, uint32_t, const locClientRespIndUnionType, uint32_t, void *) line 133 QMI_LOC_SET_PREMIUM_SERVICES_CONFIG_REQ_V02
01-07 06:08:06.848  1251  2196 E LocSvc_api_v02: I/---> locClientSendReq line 2059 QMI_LOC_REG_EVENTS_REQ_V02
01-07 06:08:06.849  1251  2196 E LocSvc_api_v02: I/---> locClientSendReq line 2059 QMI_LOC_SET_GNSS_CONSTELL_REPORT_CONFIG_V02
01-07 06:08:06.851  1251  2218 E LocSvc_ApiV02: I/<--- void globalRespCb(locClientHandleType, uint32_t, const locClientRespIndUnionType, uint32_t, void *) line 133 QMI_LOC_SET_GNSS_CONSTELL_REPORT_CONFIG_V02
01-07 06:08:06.853  1251  2196 E LocSvc_api_v02: I/---> locClientSendReq line 2059 QMI_LOC_SET_ENGINE_LOCK_REQ_V02
01-07 06:08:06.855  1251  2218 E LocSvc_ApiV02: I/<--- void globalRespCb(locClientHandleType, uint32_t, const locClientRespIndUnionType, uint32_t, void *) line 133 QMI_LOC_SET_ENGINE_LOCK_REQ_V02
01-07 06:08:06.859  1251  2196 E LocSvc_api_v02: I/---> locClientSendReq line 2059 QMI_LOC_SET_ENGINE_LOCK_REQ_V02
01-07 06:08:06.860  1251  2218 E LocSvc_ApiV02: I/<--- void globalRespCb(locClientHandleType, uint32_t, const locClientRespIndUnionType, uint32_t, void *) line 133 QMI_LOC_SET_ENGINE_LOCK_REQ_V02
01-07 06:08:06.861  1251  2196 E LocSvc_api_v02: I/---> locClientSendReq line 2059 QMI_LOC_SET_ENGINE_LOCK_REQ_V02
01-07 06:08:06.862  1251  2218 E LocSvc_ApiV02: I/<--- void globalRespCb(locClientHandleType, uint32_t, const locClientRespIndUnionType, uint32_t, void *) line 133 QMI_LOC_SET_ENGINE_LOCK_REQ_V02
01-07 06:08:06.862  1251  2196 E LocSvc_api_v02: I/---> locClientSendReq line 2059 QMI_LOC_SET_ENGINE_LOCK_REQ_V02
01-07 06:08:06.865  1251  2218 E LocSvc_ApiV02: I/<--- void globalRespCb(locClientHandleType, uint32_t, const locClientRespIndUnionType, uint32_t, void *) line 133 QMI_LOC_SET_ENGINE_LOCK_REQ_V02
01-07 06:08:06.865  1251  2196 E LocSvc_api_v02: I/---> locClientSendReq line 2059 QMI_LOC_SET_ENGINE_LOCK_REQ_V02
01-07 06:08:06.867  1251  2218 E LocSvc_ApiV02: I/<--- void globalRespCb(locClientHandleType, uint32_t, const locClientRespIndUnionType, uint32_t, void *) line 133 QMI_LOC_SET_ENGINE_LOCK_REQ_V02
01-07 06:08:06.875  1251  2196 E LocSvc_api_v02: I/---> locClientSendReq line 2059 QMI_LOC_SET_SERVER_REQ_V02
01-07 06:08:06.876  2091  2091 I vol.Events: writeEvent collection_started
01-07 06:08:06.880  1251  2218 E LocSvc_ApiV02: I/<--- void globalRespCb(locClientHandleType, uint32_t, const locClientRespIndUnionType, uint32_t, void *) line 133 QMI_LOC_SET_SERVER_REQ_V02
01-07 06:08:06.881  1251  2196 E LocSvc_api_v02: I/---> locClientSendReq line 2059 QMI_LOC_SET_PROTOCOL_CONFIG_PARAMETERS_REQ_V02
01-07 06:08:06.883  1251  2218 E LocSvc_ApiV02: I/<--- void globalRespCb(locClientHandleType, uint32_t, const locClientRespIndUnionType, uint32_t, void *) line 133 QMI_LOC_SET_PROTOCOL_CONFIG_PARAMETERS_REQ_V02
01-07 06:08:06.883  1251  2196 E LocSvc_api_v02: I/---> locClientSendReq line 2059 QMI_LOC_SET_PROTOCOL_CONFIG_PARAMETERS_REQ_V02
01-07 06:08:06.885  1251  2218 E LocSvc_ApiV02: I/<--- void globalRespCb(locClientHandleType, uint32_t, const locClientRespIndUnionType, uint32_t, void *) line 133 QMI_LOC_SET_PROTOCOL_CONFIG_PARAMETERS_REQ_V02
01-07 06:08:06.885  1251  2196 E LocSvc_api_v02: I/---> locClientSendReq line 2059 QMI_LOC_SET_SENSOR_CONTROL_CONFIG_REQ_V02
01-07 06:08:06.888  1251  2218 E LocSvc_ApiV02: I/<--- void globalRespCb(locClientHandleType, uint32_t, const locClientRespIndUnionType, uint32_t, void *) line 133 QMI_LOC_SET_SENSOR_CONTROL_CONFIG_REQ_V02
01-07 06:08:06.888  1251  2196 E LocSvc_api_v02: I/---> locClientSendReq line 2059 QMI_LOC_SET_PROTOCOL_CONFIG_PARAMETERS_REQ_V02
01-07 06:08:06.889  1251  2218 E LocSvc_ApiV02: I/<--- void globalRespCb(locClientHandleType, uint32_t, const locClientRespIndUnionType, uint32_t, void *) line 133 QMI_LOC_SET_PROTOCOL_CONFIG_PARAMETERS_REQ_V02
01-07 06:08:06.889  1251  2196 E LocSvc_api_v02: I/---> locClientSendReq line 2059 QMI_LOC_SET_PROTOCOL_CONFIG_PARAMETERS_REQ_V02
01-07 06:08:06.891  1251  2218 E LocSvc_ApiV02: I/<--- void globalRespCb(locClientHandleType, uint32_t, const locClientRespIndUnionType, uint32_t, void *) line 133 QMI_LOC_SET_PROTOCOL_CONFIG_PARAMETERS_REQ_V02
01-07 06:08:06.891  1251  2196 E LocSvc_api_v02: I/---> locClientSendReq line 2059 QMI_LOC_SET_PROTOCOL_CONFIG_PARAMETERS_REQ_V02
01-07 06:08:06.892  1251  2218 E LocSvc_ApiV02: I/<--- void globalRespCb(locClientHandleType, uint32_t, const locClientRespIndUnionType, uint32_t, void *) line 133 QMI_LOC_SET_PROTOCOL_CONFIG_PARAMETERS_REQ_V02
01-07 06:08:06.892  1251  2196 E LocSvc_api_v02: I/---> locClientSendReq line 2059 QMI_LOC_SET_SENSOR_PERFORMANCE_CONTROL_CONFIGURATION_REQ_V02
01-07 06:08:06.894  1251  2218 E LocSvc_ApiV02: I/<--- void globalRespCb(locClientHandleType, uint32_t, const locClientRespIndUnionType, uint32_t, void *) line 133 QMI_LOC_SET_SENSOR_PERFORMANCE_CONTROL_CONFIGURATION_REQ_V02
01-07 06:08:06.894  1251  2196 E LocSvc_api_v02: I/---> locClientSendReq line 2059 QMI_LOC_SET_XTRA_VERSION_CHECK_REQ_V02
01-07 06:08:06.896  1251  2218 E LocSvc_ApiV02: I/<--- void globalRespCb(locClientHandleType, uint32_t, const locClientRespIndUnionType, uint32_t, void *) line 133 QMI_LOC_SET_XTRA_VERSION_CHECK_REQ_V02
01-07 06:08:06.909  1251  2196 D GnssLocationProvider: gnssSetCapabilitesCb: 51u
01-07 06:08:06.909  1251  1251 I ActivityManager: Loaded persisted task ids for user 0
01-07 06:08:06.922  1251  2196 I GnssLocationProvider: WakeLock acquired by sendMessage(INJECT_NTP_TIME, 0, null)
01-07 06:08:06.922  1251  2196 D GnssLocationProvider: gnssSetSystemInfoCb: yearOfHw=2015
01-07 06:08:06.931  1251  1275 I GnssLocationProvider: WakeLock released by handleMessage(ENABLE, 1, null)
01-07 06:08:06.931  1251  2196 E LocSvc_api_v02: I/locClientOpen:1902]: Service instance id is -1
01-07 06:08:06.931  1251  2196 E LocSvc_api_v02: I/---> locClientOpenInstance line 1782 loc client open
01-07 06:08:06.927   989   989 I qmuxd   : type=1400 audit(0.0:897): avc: denied { getattr } for path=2F6465762F736F636B65742F716D75785F726164696F2F716D75785F636C69656E745F736F636B657420202032313936 dev="tmpfs" ino=28924 scontext=u:r:init:s0 tcontext=u:object_r:socket_device:s0 tclass=sock_file permissive=1
01-07 06:08:06.927   989   989 I qmuxd   : type=1400 audit(0.0:898): avc: denied { unlink } for name=716D75785F636C69656E745F736F636B657420202032313936 dev="tmpfs" ino=28924 scontext=u:r:init:s0 tcontext=u:object_r:socket_device:s0 tclass=sock_file permissive=1
01-07 06:08:06.931  1251  1275 I GnssLocationProvider: WakeLock released by handleMessage(ENABLE, 1, null)
01-07 06:08:06.931  1251  2196 E LocSvc_api_v02: I/locClientOpen:1902]: Service instance id is -1
01-07 06:08:06.931  1251  2196 E LocSvc_api_v02: I/---> locClientOpenInstance line 1782 loc client open
01-07 06:08:06.935   978  2133 E OMX-VENC: Setting session priority failed
01-07 06:08:06.937   978  2133 I OMX-VENC: Component_init : OMX.qcom.video.encoder.avc : return = 0x0
01-07 06:08:06.939  1012  1012 W OMXUtils: do not know color format 0x7fa30c04 = 2141391876
01-07 06:08:06.939  1012  1012 W OMXUtils: do not know color format 0x7f000789 = 2130708361
01-07 06:08:06.941  1251  1275 I GnssLocationProvider: WakeLock released by handleMessage(INJECT_NTP_TIME, 0, null)
01-07 06:08:06.946  1251  1251 I ActivityManager: Start proc 2268:com.android.settings/1000 for activity com.android.settings/.FallbackHome
01-07 06:08:06.946   978  1265 I OMX-VENC: Component Deinit
01-07 06:08:06.947   978  1265 I OMX-VENC: Video encode perflock released
01-07 06:08:06.950  1251  1251 D SystemServerTiming: ActivityManagerStartApps took to complete: 130ms
01-07 06:08:06.951  1251  1251 D SystemServerTiming: PhaseActivityManagerReady took to complete: 666ms
01-07 06:08:06.955   978  1265 I OMXMaster: makeComponentInstance(OMX.qcom.video.encoder.mpeg4) in android.hardwar process
01-07 06:08:06.955  1251  1251 D SystemServerInitThreadPool: Shutdown successful
01-07 06:08:06.955  1251  1251 D SystemServerTiming: StartServices took to complete: 7339ms
01-07 06:08:06.956  1251  1251 I SystemServer: Enabled StrictMode for system server main thread.
01-07 06:08:06.957   978  1265 I OMX-VENC: Video encode perflock acquired,handle=-1
01-07 06:08:06.959   978  1265 E OMX-VENC: Setting session priority failed
01-07 06:08:06.964  1251  1275 W LocationProviderProxy-network: Odd, no component found for service com.android.location.service.v3.NetworkLocationProvider
01-07 06:08:06.965   978  1265 I OMX-VENC: Component_init : OMX.qcom.video.encoder.mpeg4 : return = 0x0
01-07 06:08:06.966  1251  1277 W Looper  : Dispatch took 141ms on android.ui, h=Handler (com.android.server.am.ActivityManagerService$UiHandler) {173dab9} cb=null msg=53
01-07 06:08:06.969   978  2133 E OMX-VENC: get_parameter: OMX_IndexParamVideoProfileLevelQuerySupported nProfileIndex ret NoMore 2
01-07 06:08:06.969  1251  1251 D ConditionProviders.SCP: onConnected
01-07 06:08:06.969  1251  1251 D ZenLog  : set_zen_mode: off,readXml
01-07 06:08:06.975  1012  1012 W OMXUtils: do not know color format 0x7fa30c04 = 2141391876
01-07 06:08:06.975  1012  1012 W OMXUtils: do not know color format 0x7f000789 = 2130708361
01-07 06:08:06.976  1251  1261 I zygote64: Background concurrent copying GC freed 32458(2MB) AllocSpace objects, 11(232KB) LOS objects, 42% free, 5MB/9MB, paused 273us total 280.073ms
01-07 06:08:06.976  2091  2257 I vol.Events: writeEvent external_ringer_mode_changed normal
01-07 06:08:06.976  2091  2257 I vol.Events: writeEvent internal_ringer_mode_changed normal
01-07 06:08:06.981   978  2133 I OMX-VENC: Component Deinit
01-07 06:08:06.981   978  2133 I OMX-VENC: Video encode perflock released
01-07 06:08:06.985   978  2133 I OMXMaster: makeComponentInstance(OMX.qcom.video.encoder.h263) in android.hardwar process
01-07 06:08:06.987   978  2133 I OMX-VENC: Video encode perflock acquired,handle=-1
01-07 06:08:06.991   978  2133 E OMX-VENC: Setting session priority failed
01-07 06:08:06.993   978  2133 I OMX-VENC: Component_init : OMX.qcom.video.encoder.h263 : return = 0x0
01-07 06:08:06.995   978  1265 E OMX-VENC: get_parameter: OMX_IndexParamVideoProfileLevelQuerySupported nProfileIndex ret NoMore 1
01-07 06:08:06.995  1012  1012 W OMXUtils: do not know color format 0x7fa30c04 = 2141391876
01-07 06:08:06.996  1012  1012 W OMXUtils: do not know color format 0x7f000789 = 2130708361
01-07 06:08:07.001  1251  1251 D ConditionProviders: Subscribing to condition://android/schedule?days=1.2.3.4.5&start=22.0&end=7.0&exitAtAlarm=false with ComponentInfo{android/com.android.server.notification.ScheduleConditionProvider}
01-07 06:08:07.001  1251  1251 D ZenLog  : subscribe: condition://android/schedule?days=1.2.3.4.5&start=22.0&end=7.0&exitAtAlarm=false,ok
01-07 06:08:07.001  1251  1251 D ConditionProviders: Subscribing to condition://android/event?userId=-10000&calendar=&reply=1 with ComponentInfo{android/com.android.server.notification.EventConditionProvider}
01-07 06:08:07.001  1251  1251 D ZenLog  : subscribe: condition://android/event?userId=-10000&calendar=&reply=1,ok
01-07 06:08:07.001  1251  1251 D ConditionProviders: Subscribing to condition://android/schedule?days=6.7&start=23.30&end=10.0&exitAtAlarm=false with ComponentInfo{android/com.android.server.notification.ScheduleConditionProvider}
01-07 06:08:07.001  1251  1251 D ZenLog  : subscribe: condition://android/schedule?days=6.7&start=23.30&end=10.0&exitAtAlarm=false,ok
01-07 06:08:07.003  1251  1251 D RttService: SCAN_AVAILABLE : 1
01-07 06:08:07.003  1251  2054 I WifiScanningService: wifi driver unloaded
01-07 06:08:07.003   978  1265 I OMX-VENC: Component Deinit
01-07 06:08:07.003   978  1265 I OMX-VENC: Video encode perflock released
01-07 06:08:07.004  1251  1251 D ZenLog  : set_zen_mode: off,cleanUpZenRules
01-07 06:08:07.004  1251  2055 D RttService: DefaultState got{ when=-2ms what=160513 target=com.android.internal.util.StateMachine$SmHandler }
01-07 06:08:07.009  1251  1251 W ContextImpl: Calling a method in the system process without a qualified user: android.app.ContextImpl.startService:1460 com.android.server.content.SyncManager$13.run:659 android.os.Handler.handleCallback:789 android.os.Handler.dispatchMessage:98 android.os.Looper.loop:164 
01-07 06:08:07.011   978  1265 I OMXMaster: makeComponentInstance(OMX.qcom.video.encoder.vp8) in android.hardwar process
01-07 06:08:07.013   978  1265 I OMX-VENC: Video encode perflock acquired,handle=-1
01-07 06:08:07.014  1251  2196 E LocSvc_api_v02: I/---> locClientSendReq line 2059 QMI_LOC_REG_EVENTS_REQ_V02
01-07 06:08:07.016   978  1265 E OMX-VENC: Setting session priority failed
01-07 06:08:07.017   978  1265 I OMX-VENC: Component_init : OMX.qcom.video.encoder.vp8 : return = 0x0
01-07 06:08:07.018  1251  2196 E LocSvc_api_v02: I/---> locClientSendReq line 2059 QMI_LOC_QUERY_AON_CONFIG_REQ_V02
01-07 06:08:07.020  1251  2196 I chatty  : uid=1000(system) Thread-4 identical 1 line
01-07 06:08:07.022  1251  2196 E LocSvc_api_v02: I/---> locClientSendReq line 2059 QMI_LOC_QUERY_AON_CONFIG_REQ_V02
01-07 06:08:07.022  1012  1012 W OMXUtils: do not know color format 0x7fa30c04 = 2141391876
01-07 06:08:07.022  1012  1012 W OMXUtils: do not know color format 0x7f000789 = 2130708361
01-07 06:08:07.025  1251  2196 E LocSvc_api_v02: I/---> locClientSendReq line 2059 QMI_LOC_QUERY_AON_CONFIG_REQ_V02
01-07 06:08:07.026  1251  2196 E LocSvc_api_v02: I/---> locClientSendReq line 2059 QMI_LOC_QUERY_AON_CONFIG_REQ_V02
01-07 06:08:07.027   978  2133 I OMX-VENC: Component Deinit
01-07 06:08:07.027   978  2133 I OMX-VENC: Video encode perflock released
01-07 06:08:07.028  1251  2196 E LocSvc_api_v02: I/---> locClientSendReq line 2059 QMI_LOC_QUERY_AON_CONFIG_REQ_V02
01-07 06:08:07.029  1251  2196 E LocSvc_ApiV02: E/virtual enum loc_api_adapter_err LocApiV02::open(LOC_API_ADAPTER_EVENT_MASK_T):311]: Query AON config failed. status: eLOC_CLIENT_FAILURE_INTERNAL, ind status:eQMI_LOC_SUCCESS_V02
01-07 06:08:07.030  1251  2196 E LocSvc_api_v02: I/---> locClientSendReq line 2059 QMI_LOC_GET_SUPPORTED_FEATURE_REQ_V02
01-07 06:08:07.031   978  2133 I OMXMaster: makeComponentInstance(OMX.qcom.video.decoder.avc) in android.hardwar process
01-07 06:08:07.032  1251  2196 E LocSvc_api_v02: I/---> locClientSendReq line 2059 QMI_LOC_GET_SUPPORTED_FEATURE_REQ_V02
01-07 06:08:07.036  1251  2196 I chatty  : uid=1000(system) Thread-4 identical 2 lines
01-07 06:08:07.036  1251  2196 E LocSvc_api_v02: I/---> locClientSendReq line 2059 QMI_LOC_GET_SUPPORTED_FEATURE_REQ_V02
01-07 06:08:07.038   978  2133 I OMX-VDEC-1080P: Video slvp perflock acquired
01-07 06:08:07.038   978  2133 I OMX-VDEC-1080P: component_init: OMX.qcom.video.decoder.avc : fd=6
01-07 06:08:07.038   978  2133 I OMX-VDEC-1080P: Capabilities: driver_name = msm_vidc_driver, card = msm_vdec_8974, bus_info = , version = 1, capabilities = 4003000
01-07 06:08:07.038  1251  2196 E LocSvc_api_v02: I/---> locClientSendReq line 2059 QMI_LOC_GET_SUPPORTED_FEATURE_REQ_V02
01-07 06:08:07.040  1251  2196 E LocSvc_ApiV02: E/virtual enum loc_api_adapter_err LocApiV02::open(LOC_API_ADAPTER_EVENT_MASK_T):374:11]: Failed to get features supported from QMI_LOC_GET_SUPPORTED_FEATURE_REQ_V02. 
01-07 06:08:07.040  1251  2196 E LocSvc_xtra2: void izat_xtra::createLocXtraFolderIfNot():186]: make LOC_XTRA_FOLDER failed
01-07 06:08:07.040  1251  2196 E SQLiteLog: (14) cannot open file at line 35652 of [8201f4e1c5]
01-07 06:08:07.040  1251  2196 E SQLiteLog: (14) os_unix.c:35652: (2) open(/data/misc/location/xtra/xtra.sqlite) - 
01-07 06:08:07.040  1251  2196 E LocSvc_xtra2: open:207] reason:unable to open database file
01-07 06:08:07.040  1251  2196 E SQLiteLog: (21) API call with unopened database connection pointer
01-07 06:08:07.040  1251  2196 E SQLiteLog: (21) misuse at line 116090 of [8201f4e1c5]
01-07 06:08:07.040  1251  2196 E LocSvc_xtra2: readNvItem:239] reason:unable to open database file
01-07 06:08:07.041  2081  2238 I LatinIME:LogUtils: Dictionary info: dictionary = main:en ; version = 54 ; date = 1414726273
01-07 06:08:07.042  1251  2196 E SQLiteLog: (21) API call with unopened database connection pointer
01-07 06:08:07.042  1251  2196 E SQLiteLog: (21) misuse at line 116090 of [8201f4e1c5]
01-07 06:08:07.042  1251  2196 E LocSvc_xtra2: readNvItem:239] reason:unable to open database file
01-07 06:08:07.044  1251  2196 E LocSvc_api_v02: I/---> locClientSendReq line 2059 QMI_LOC_SET_XTRA_VERSION_CHECK_REQ_V02
01-07 06:08:07.047  1251  2218 E LocSvc_ApiV02: I/<--- void globalRespCb(locClientHandleType, uint32_t, const locClientRespIndUnionType, uint32_t, void *) line 133 QMI_LOC_SET_XTRA_VERSION_CHECK_REQ_V02
