01-01 01:12:42.633   565   565 E patchoat: Unable to open relocated image file  /data/dalvik-cache/arm/system@framework@boot.art
01-01 01:12:42.636     0     0 I         : [    6.107135 / 01-01 01:12:42.631][0] IPA BEFORE_POWERUP handling is complete
01-01 01:12:42.637   443   443 W zygote  : Failed execv(/system/bin/patchoat --input-image-location=/system/framework/boot.art --output-image-directory=/data/dalvik-cache/arm --instruction-set=arm --verify) because non-0 exit status Preemptively pruning the dalvik cache.
01-01 01:12:42.637     0     0 I [    6.108033 / 01-01 01:12:42.631][0] ueventd: firmware: loading 'modem.mdt' for '/devices/soc.0/fc880000.qcom,mss/firmware/modem.mdt'
01-01 01:12:42.637     0     0 E         : [    6.108847 / 01-01 01:12:42.631][1] msm_pcm_volume_ctl_get substream runtime not found
01-01 01:12:42.637     0     0 E         : [    6.109056 / 01-01 01:12:42.631][1] msm_pcm_volume_ctl_get substream runtime not found
01-01 01:12:42.637     0     0 E         : [    6.109269 / 01-01 01:12:42.631][1] msm_pcm_volume_ctl_get substream runtime not found
01-01 01:12:42.637     0     0 E         : [    6.109470 / 01-01 01:12:42.631][1] msm_pcm_volume_ctl_get substream runtime not found
01-01 01:12:42.637     0     0 E         : [    6.109745 / 01-01 01:12:42.635][1] msm_pcm_volume_ctl_get substream runtime not found
01-01 01:12:42.637     0     0 E         : [    6.109984 / 01-01 01:12:42.635][1] msm_pcm_volume_ctl_get substream runtime not found
01-01 01:12:42.637     0     0 E         : [    6.110185 / 01-01 01:12:42.635][1] msm_pcm_volume_ctl_get substream runtime not found
01-01 01:12:42.637   443   443 I zygote  : Pruning dalvik-cache since we are relocating an image and will need to recompile
01-01 01:12:42.638   443   443 I zygote  : RelocateImage: /system/bin/patchoat --input-image-location=/system/framework/boot.art --output-image-directory=/data/dalvik-cache/arm --instruction-set=arm --base-offset-delta=14295040
01-01 01:12:42.639   596   596 I wificond: wificond is starting up...
01-01 01:12:42.640     0     0 E         : [    6.110398 / 01-01 01:12:42.635][1] msm_pcm_volume_ctl_get substream runtime not found
01-01 01:12:42.640     0     0 E         : [    6.110611 / 01-01 01:12:42.635][1] msm_pcm_volume_ctl_get substream runtime not found
01-01 01:12:42.640     0     0 E         : [    6.110812 / 01-01 01:12:42.635][1] msm_pcm_volume_ctl_get substream runtime not found
01-01 01:12:42.640     0     0 E         : [    6.111024 / 01-01 01:12:42.635][1] msm_pcm_volume_ctl_get substream runtime not found
01-01 01:12:42.640     0     0 E         : [    6.111229 / 01-01 01:12:42.635][1] msm_pcm_volume_ctl_get substream runtime not found
01-01 01:12:42.640     0     0 E         : [    6.111445 / 01-01 01:12:42.635][1] msm_pcm_volume_ctl_get substream runtime not found
01-01 01:12:42.640     0     0 E         : [    6.111661 / 01-01 01:12:42.635][1] msm_pcm_volume_ctl_get substream runtime not found
01-01 01:12:42.649   509   509 E audio_route: unknown enum value string KHZ_192 for ctl SLIM_0_RX SampleRate
01-01 01:12:42.665   509   509 D msm8974_platform: platform_init: Opened sound card:0
01-01 01:12:42.686   509   509 D ACDB-LOADER: [AUDIO_SBP] Load ACDB files from System
01-01 01:12:42.686   509   509 D ACDB-LOADER: ACDB -> Load file: /etc/acdbdata//Headset_cal.acdb
01-01 01:12:42.686   509   509 D ACDB-LOADER: ACDB -> Load file: /etc/acdbdata//Global_cal.acdb
01-01 01:12:42.686   509   509 D ACDB-LOADER: ACDB -> Load file: /etc/acdbdata//Handset_cal.acdb
01-01 01:12:42.686   509   509 D ACDB-LOADER: ACDB -> Load file: /etc/acdbdata//Speaker_cal.acdb
01-01 01:12:42.686   509   509 D ACDB-LOADER: ACDB -> Load file: /etc/acdbdata//Bluetooth_cal.acdb
01-01 01:12:42.687   509   509 D ACDB-LOADER: ACDB -> Load file: /etc/acdbdata//General_cal.acdb
01-01 01:12:42.687   509   509 D ACDB-LOADER: ACDB -> Load file: /etc/acdbdata//Hdmi_cal.acdb
01-01 01:12:42.687   509   509 D ACDB-LOADER: ACDB -> ACDB_CMD_INITIALIZE_V2
01-01 01:12:42.688   594   594 W statsd  : statscompanion service unavailable!
01-01 01:12:42.688   594   594 I statsd  : using statsd socket
01-01 01:12:42.689   509   509 D         : [ACDB Command]->SW Minor/Major/Revision version info for /etc/acdbdata//Headset_cal.acdb
01-01 01:12:42.689   509   509 D         : [ACDB Command]->ACDB Sw Major = 5, ACDB Sw Minor = 0, ACDB Sw Revision = 4
01-01 01:12:42.689   509   509 D         : [ACDB Command]->ACDB File Major = 5, ACDB File Minor = 1, ACDB File Revision = 0
01-01 01:12:42.689   509   509 D         : [AcdbIsDeltaFileAvailable] failed to open delta file /data/misc/audio/acdbdata/delta/Headset_cal.acdbdelta
01-01 01:12:42.689   509   509 D         : [ACDB Command]->SW Minor/Major/Revision version info for /etc/acdbdata//Global_cal.acdb
01-01 01:12:42.689   509   509 D         : [ACDB Command]->ACDB Sw Major = 5, ACDB Sw Minor = 0, ACDB Sw Revision = 4
01-01 01:12:42.689   509   509 D         : [ACDB Command]->ACDB File Major = 5, ACDB File Minor = 1, ACDB File Revision = 0
01-01 01:12:42.689   509   509 D         : [AcdbIsDeltaFileAvailable] failed to open delta file /data/misc/audio/acdbdata/delta/Global_cal.acdbdelta
01-01 01:12:42.689     0     0 I [    6.894041 / 01-01 01:12:42.679][1] ueventd: loading /devices/soc.0/fe12f000.slim/tomtom-slim-pgd/tomtom_codec/firmware/cpe.b20 took 71ms
01-01 01:12:42.689     0     0 I [    6.900030 / 01-01 01:12:42.683][0] ueventd: firmware: loading 'cpe.b21' for '/devices/soc.0/fe12f000.slim/tomtom-slim-pgd/tomtom_codec/firmware/cpe.b21'
01-01 01:12:42.692     0     0 I [    6.162825 / 01-01 01:12:42.687][0] msm_thermal: freq_mitigation_notify Mitigating CPU4 frequency to 960000
01-01 01:12:42.693   509   509 D         : [ACDB Command]->SW Minor/Major/Revision version info for /etc/acdbdata//Handset_cal.acdb
01-01 01:12:42.693   509   509 D         : [ACDB Command]->ACDB Sw Major = 5, ACDB Sw Minor = 0, ACDB Sw Revision = 4
01-01 01:12:42.693   509   509 D         : [ACDB Command]->ACDB File Major = 5, ACDB File Minor = 1, ACDB File Revision = 0
01-01 01:12:42.693   509   509 D         : [AcdbIsDeltaFileAvailable] failed to open delta file /data/misc/audio/acdbdata/delta/Handset_cal.acdbdelta
01-01 01:12:42.696   509   509 D         : [ACDB Command]->SW Minor/Major/Revision version info for /etc/acdbdata//Speaker_cal.acdb
01-01 01:12:42.696   509   509 D         : [ACDB Command]->ACDB Sw Major = 5, ACDB Sw Minor = 0, ACDB Sw Revision = 4
01-01 01:12:42.696   509   509 D         : [ACDB Command]->ACDB File Major = 5, ACDB File Minor = 1, ACDB File Revision = 0
01-01 01:12:42.696   509   509 D         : [AcdbIsDeltaFileAvailable] failed to open delta file /data/misc/audio/acdbdata/delta/Speaker_cal.acdbdelta
01-01 01:12:42.697     0     0 I [    6.904746 / 01-01 01:12:42.687][0] ueventd: loading /devices/soc.0/fc880000.qcom,mss/firmware/modem.b05 took 85ms
01-01 01:12:42.697     0     0 I [    6.906223 / 01-01 01:12:42.691][0] ueventd: loading /devices/soc.0/fe12f000.slim/tomtom-slim-pgd/tomtom_codec/firmware/cpe.b21 took 6ms
01-01 01:12:42.697     0     0 I [    6.907008 / 01-01 01:12:42.691][0] ueventd: firmware: loading 'modem.b06' for '/devices/soc.0/fc880000.qcom,mss/firmware/modem.b06'
01-01 01:12:42.697   509   509 D         : [ACDB Command]->SW Minor/Major/Revision version info for /etc/acdbdata//Bluetooth_cal.acdb
01-01 01:12:42.697   509   509 D         : [ACDB Command]->ACDB Sw Major = 5, ACDB Sw Minor = 0, ACDB Sw Revision = 4
01-01 01:12:42.697   509   509 D         : [ACDB Command]->ACDB File Major = 5, ACDB File Minor = 1, ACDB File Revision = 0
01-01 01:12:42.697   509   509 D         : [AcdbIsDeltaFileAvailable] failed to open delta file /data/misc/audio/acdbdata/delta/Bluetooth_cal.acdbdelta
01-01 01:12:42.698   509   509 D         : [ACDB Command]->SW Minor/Major/Revision version info for /etc/acdbdata//General_cal.acdb
01-01 01:12:42.698   509   509 D         : [ACDB Command]->ACDB Sw Major = 5, ACDB Sw Minor = 0, ACDB Sw Revision = 4
01-01 01:12:42.698   509   509 D         : [ACDB Command]->ACDB File Major = 5, ACDB File Minor = 1, ACDB File Revision = 0
01-01 01:12:42.698   509   509 D         : [AcdbIsDeltaFileAvailable] failed to open delta file /data/misc/audio/acdbdata/delta/General_cal.acdbdelta
01-01 01:12:42.698   509   509 D         : [ACDB Command]->SW Minor/Major/Revision version info for /etc/acdbdata//Hdmi_cal.acdb
01-01 01:12:42.698   509   509 D         : [ACDB Command]->ACDB Sw Major = 5, ACDB Sw Minor = 0, ACDB Sw Revision = 4
01-01 01:12:42.698   509   509 D         : [ACDB Command]->ACDB File Major = 5, ACDB File Minor = 1, ACDB File Revision = 0
01-01 01:12:42.698   509   509 D         : [AcdbIsDeltaFileAvailable] failed to open delta file /data/misc/audio/acdbdata/delta/Hdmi_cal.acdbdelta
01-01 01:12:42.698   509   509 D ACDB-LOADER: ACDB -> ACPH INIT
01-01 01:12:42.699   509   509 D         : [ACPH]->Online service registered with ACPH
01-01 01:12:42.699   509   509 E Diag_Lib:  Diag_LSM_Init: Failed to open handle to diag driver, error = 13
01-01 01:12:42.699   509   509 E Diag_Lib:  diagpkt_tbl_reg: Registration failed.
01-01 01:12:42.699   509   509 D         : [ACPH]->ACPH init success
01-01 01:12:42.699   509   509 D ACDB-LOADER: ACDB -> RTAC INIT
01-01 01:12:42.699   509   509 D         : [ACPH]->DSP RTC service registered with ACPH
01-01 01:12:42.699   509   509 D ACDB-LOADER: ACDB -> MCS, FTS INIT
01-01 01:12:42.699   509   509 D         : [ACPH]->MCS RTC service registered with ACPH
01-01 01:12:42.699   509   509 D         : [ACPH]->FTS RTC service registered with ACPH
01-01 01:12:42.699   509   509 D ACDB-LOADER: ACDB -> ADIE RTAC INIT
01-01 01:12:42.699   509   509 D         : [ACPH]->ADIE RTC service registered with ACPH
01-01 01:12:42.699   509   509 D ACDB-LOADER: ACDB -> ACDB_CMD_GET_VOC_PROC_DYNAMIC_TABLE_SIZE
01-01 01:12:42.700   509   509 D ACDB-LOADER: ACDB -> send_meta_info, lic 0
01-01 01:12:42.700   509   509 D         : Couldnt find the key 00000000 
01-01 01:12:42.700   509   509 D         : Output from GetMetaInfoSize command : 0
01-01 01:12:42.703   604   604 I gatekeeperd: Starting gatekeeperd...
01-01 01:12:42.704   509   509 D ACDB-LOADER: ACDB -> send_adm_custom_topology
01-01 01:12:42.704   509   509 D ACDB-LOADER: ACDB -> ACDB_CMD_GET_AUDIO_COPP_TOPOLOGIES
01-01 01:12:42.704   509   509 D ACDB-LOADER: ACDB -> AUDIO_SET_ADM_CUSTOM_TOPOLOGY
01-01 01:12:42.704   509   509 D ACDB-LOADER: ACDB -> send_asm_custom_topology
01-01 01:12:42.704   509   509 D ACDB-LOADER: ACDB -> ACDB_CMD_GET_AUDIO_POPP_TOPOLOGIES
01-01 01:12:42.704   509   509 D ACDB-LOADER: ACDB -> AUDIO_SET_ASM_CUSTOM_TOPOLOGY
01-01 01:12:42.704   509   509 D ACDB-LOADER: ACDB -> send_meta_info Enter
01-01 01:12:42.704   509   509 E ACDB-LOADER: Fail to allocate memory for metainfo
01-01 01:12:42.704   509   509 D ACDB-LOADER: ACDB -> send_meta_info failed
01-01 01:12:42.704   509   509 D ACDB-LOADER: ACDB -> init done!
01-01 01:12:42.706   604   604 D vndksupport: Loading /vendor/lib64/hw/android.hardware.gatekeeper@1.0-impl.so from current namespace instead of sphal namespace.
01-01 01:12:42.713   576   576 I irsc_util: Num of entries:290
01-01 01:12:42.714   576   576 I irsc_util: Ending irsc tool
01-01 01:12:42.720   509   509 D msm8974_platform: platform_init: Fluence_Type(3) max_mic_count(2) mic_type(0x3) fluence_in_voice_call(1) fluence_in_voice_rec(0) fluence_in_spkr_mode(1) 
01-01 01:12:42.722     0     0 I [    6.930959 / 01-01 01:12:42.715][3] ueventd: loading /devices/soc.0/fc880000.qcom,mss/firmware/modem.b06 took 24ms
01-01 01:12:42.722     0     0 I [    6.931877 / 01-01 01:12:42.715][0] ueventd: firmware: loading 'modem.b07' for '/devices/soc.0/fc880000.qcom,mss/firmware/modem.b07'
01-01 01:12:42.725   503   557 E Sensors : mag_cal.c(1609):mag_cal_sam_init: Unknown UUID(1) cb8db385-b92b-a4a7
01-01 01:12:42.725   503   557 E Sensors : mag_cal.c(1614):mag_cal_sam_init: Unknown UUID(2) 67e7-81216a1bd0f0
01-01 01:12:42.725   503   557 E Sensors : sns_sam.c(4463):Failed to register algorithm service 16 with SAM
01-01 01:12:42.726     0     0 I [    6.934950 / 01-01 01:12:42.719][3] ueventd: loading /devices/soc.0/fc880000.qcom,mss/firmware/modem.b07 took 3ms
01-01 01:12:42.726     0     0 I [    6.935856 / 01-01 01:12:42.719][0] ueventd: firmware: loading 'modem.b08' for '/devices/soc.0/fc880000.qcom,mss/firmware/modem.b08'
01-01 01:12:42.735   571   571 E Diag_Lib: qpLogDiagInit <== result : 1
01-01 01:12:42.735   584   584 D ImsWmsProxy: ImsWmsProxy :: IMS WMS Proxy is started
01-01 01:12:42.736   571   571 E Diag_Lib: QMID : gIsQXDMDisabled 0, gIsADBDisabled 1, gIsDebugDisabled 0, gIsIMSLogsDisabled 0
01-01 01:12:42.736   584   584 D ImsWmsProxy: ImsWmsProxy :: local socket (4)
01-01 01:12:42.736   584   584 D ImsWmsProxy: ImsWmsProxy :: IMS WMS Proxy is ready
01-01 01:12:42.736   571   571 E Diag_Lib: [IMS_QMID] |imsqmiserver.c | 538 | QMID#$$#0#QMI DAEMON STARTED
01-01 01:12:42.736   603   603 D QC-time-services: Daemon:genoff_pre_init::Base = 0
01-01 01:12:42.736   603   603 D QC-time-services: Daemon:ats_rtc_init: Time read from RTC -- year = 115, month = 0,day = 1
01-01 01:12:42.736   603   603 D QC-time-services: Daemon:Value read from RTC seconds = 1420074762000
01-01 01:12:42.736   603   603 D QC-time-services: Daemon:genoff_init_config: ATS_RTC initialized with rc: 0
01-01 01:12:42.736   603   603 D QC-time-services: Daemon:genoff_pre_init::Base = 1
01-01 01:12:42.736   603   603 D QC-time-services: Daemon: Storage Name: ats_1 
01-01 01:12:42.736   603   603 D QC-time-services: Daemon:Opening File: /data/time/ats_1
01-01 01:12:42.736   603   603 D QC-time-services: Daemon:time_persistent_memory_opr:Genoff Read operation 
01-01 01:12:42.736   603   603 D QC-time-services: Daemon:Unable to open filefor read
01-01 01:12:42.736   603   603 D QC-time-services: Daemon:genoff_post_init:Error in accessing storage
01-01 01:12:42.736   603   603 D QC-time-services: Daemon:genoff_pre_init::Base = 2
01-01 01:12:42.736   603   603 D QC-time-services: Daemon: Storage Name: ats_2 
01-01 01:12:42.736   603   603 D QC-time-services: Daemon:Opening File: /data/time/ats_2
01-01 01:12:42.736   603   603 D QC-time-services: Daemon:time_persistent_memory_opr:Genoff Read operation 
01-01 01:12:42.737   603   603 D QC-time-services: Daemon:Unable to open filefor read
01-01 01:12:42.737   603   603 D QC-time-services: Daemon:genoff_post_init:Error in accessing storage
01-01 01:12:42.737   603   603 D QC-time-services: Daemon:genoff_pre_init::Base = 3
01-01 01:12:42.737   603   603 D QC-time-services: Daemon: Storage Name: ats_3 
01-01 01:12:42.737   603   603 D QC-time-services: Daemon:Opening File: /data/time/ats_3
01-01 01:12:42.737   603   603 D QC-time-services: Daemon:time_persistent_memory_opr:Genoff Read operation 
01-01 01:12:42.737   603   603 D QC-time-services: Daemon:Unable to open filefor read
01-01 01:12:42.737   603   603 D QC-time-services: Daemon:genoff_post_init:Error in accessing storage
01-01 01:12:42.737   603   603 D QC-time-services: Daemon:genoff_pre_init::Base = 4
01-01 01:12:42.737   603   603 D QC-time-services: Daemon: Storage Name: ats_4 
01-01 01:12:42.737   603   603 D QC-time-services: Daemon:Opening File: /data/time/ats_4
01-01 01:12:42.737   603   603 D QC-time-services: Daemon:time_persistent_memory_opr:Genoff Read operation 
01-01 01:12:42.737   603   603 D QC-time-services: Daemon:Unable to open filefor read
01-01 01:12:42.737   603   603 D QC-time-services: Daemon:genoff_post_init:Error in accessing storage
01-01 01:12:42.737   603   603 D QC-time-services: Daemon:genoff_pre_init::Base = 5
01-01 01:12:42.737   603   603 D QC-time-services: Daemon: Storage Name: ats_5 
01-01 01:12:42.737   603   603 D QC-time-services: Daemon:Opening File: /data/time/ats_5
01-01 01:12:42.737   603   603 D QC-time-services: Daemon:time_persistent_memory_opr:Genoff Read operation 
01-01 01:12:42.737   603   603 D QC-time-services: Daemon:Unable to open filefor read
01-01 01:12:42.737   603   603 D QC-time-services: Daemon:genoff_post_init:Error in accessing storage
01-01 01:12:42.737   603   603 D QC-time-services: Daemon:genoff_pre_init::Base = 6
01-01 01:12:42.737   603   603 D QC-time-services: Daemon: Storage Name: ats_6 
01-01 01:12:42.737   603   603 D QC-time-services: Daemon:Opening File: /data/time/ats_6
01-01 01:12:42.737   603   603 D QC-time-services: Daemon:time_persistent_memory_opr:Genoff Read operation 
01-01 01:12:42.737   603   603 D QC-time-services: Daemon:Unable to open filefor read
01-01 01:12:42.737   603   603 D QC-time-services: Daemon:genoff_post_init:Error in accessing storage
01-01 01:12:42.737   603   603 D QC-time-services: Daemon:genoff_pre_init::Base = 7
01-01 01:12:42.737   603   603 D QC-time-services: Daemon: Storage Name: ats_7 
01-01 01:12:42.737   603   603 D QC-time-services: Daemon:Opening File: /data/time/ats_7
01-01 01:12:42.737   603   603 D QC-time-services: Daemon:time_persistent_memory_opr:Genoff Read operation 
01-01 01:12:42.737   603   603 D QC-time-services: Daemon:Unable to open filefor read
01-01 01:12:42.737   603   603 D QC-time-services: Daemon:genoff_post_init:Error in accessing storage
01-01 01:12:42.737   603   603 D QC-time-services: Daemon:genoff_pre_init::Base = 8
01-01 01:12:42.737   603   603 D QC-time-services: Daemon: Storage Name: ats_8 
01-01 01:12:42.737   603   603 D QC-time-services: Daemon:Opening File: /data/time/ats_8
01-01 01:12:42.737   603   603 D QC-time-services: Daemon:time_persistent_memory_opr:Genoff Read operation 
01-01 01:12:42.737   603   603 D QC-time-services: Daemon:Unable to open filefor read
01-01 01:12:42.737   603   603 D QC-time-services: Daemon:genoff_post_init:Error in accessing storage
01-01 01:12:42.737   603   603 D QC-time-services: Daemon:genoff_pre_init::Base = 9
01-01 01:12:42.737   603   603 D QC-time-services: Daemon: Storage Name: ats_9 
01-01 01:12:42.737   603   603 D QC-time-services: Daemon:Opening File: /data/time/ats_9
01-01 01:12:42.737   603   603 D QC-time-services: Daemon:time_persistent_memory_opr:Genoff Read operation 
01-01 01:12:42.737   603   603 D QC-time-services: Daemon:Unable to open filefor read
01-01 01:12:42.737   603   603 D QC-time-services: Daemon:genoff_post_init:Error in accessing storage
01-01 01:12:42.737   603   603 D QC-time-services: Daemon:genoff_pre_init::Base = 10
01-01 01:12:42.737   603   603 D QC-time-services: Daemon: Storage Name: ats_10 
01-01 01:12:42.737   603   603 D QC-time-services: Daemon:Opening File: /data/time/ats_10
01-01 01:12:42.737   603   603 D QC-time-services: Daemon:time_persistent_memory_opr:Genoff Read operation 
01-01 01:12:42.737   603   603 D QC-time-services: Daemon:Unable to open filefor read
01-01 01:12:42.737   603   603 D QC-time-services: Daemon:genoff_post_init:Error in accessing storage
01-01 01:12:42.737   603   603 D QC-time-services: Daemon:genoff_pre_init::Base = 11
01-01 01:12:42.737   603   603 D QC-time-services: Daemon: Storage Name: ats_11 
01-01 01:12:42.737   603   603 D QC-time-services: Daemon:Opening File: /data/time/ats_11
01-01 01:12:42.737   603   603 D QC-time-services: Daemon:time_persistent_memory_opr:Genoff Read operation 
01-01 01:12:42.737   603   603 D QC-time-services: Daemon:Unable to open filefor read
01-01 01:12:42.737   603   603 D QC-time-services: Daemon:genoff_post_init:Error in accessing storage
01-01 01:12:42.737   603   603 D QC-time-services: Daemon:genoff_pre_init::Base = 12
01-01 01:12:42.737   603   603 D QC-time-services: Daemon: Storage Name: ats_12 
01-01 01:12:42.737   603   603 D QC-time-services: Daemon:Opening File: /data/time/ats_12
01-01 01:12:42.737   603   603 D QC-time-services: Daemon:time_persistent_memory_opr:Genoff Read operation 
01-01 01:12:42.737   603   603 D QC-time-services: Daemon:Unable to open filefor read
01-01 01:12:42.737   603   603 D QC-time-services: Daemon:genoff_post_init:Error in accessing storage
01-01 01:12:42.737   603   603 D QC-time-services: Daemon:genoff_pre_init::Base = 13
01-01 01:12:42.737   603   603 D QC-time-services: Daemon: Storage Name: ats_13 
01-01 01:12:42.737   603   603 D QC-time-services: Daemon:Opening File: /data/time/ats_13
01-01 01:12:42.737   603   603 D QC-time-services: Daemon:time_persistent_memory_opr:Genoff Read operation 
01-01 01:12:42.737   603   603 D QC-time-services: Daemon:Unable to open filefor read
01-01 01:12:42.737   603   603 D QC-time-services: Daemon:genoff_post_init:Error in accessing storage
01-01 01:12:42.737   603   603 D QC-time-services: Daemon:genoff_pre_init::Base = 14
01-01 01:12:42.737   603   603 D QC-time-services: Daemon: Storage Name: ats_14 
01-01 01:12:42.737   603   603 D QC-time-services: Daemon:Opening File: /data/time/ats_14
01-01 01:12:42.737   603   603 D QC-time-services: Daemon:time_persistent_memory_opr:Genoff Read operation 
01-01 01:12:42.737   603   603 D QC-time-services: Daemon:Unable to open filefor read
01-01 01:12:42.737   603   603 D QC-time-services: Daemon:genoff_post_init:Error in accessing storage
01-01 01:12:42.737   603   603 D QC-time-services: Daemon:genoff_init_config: Other bases initilized, exiting genoff_init
01-01 01:12:42.737   603   603 D QC-time-services: Daemon:rtc_get: Time read from RTC -- MM/DD/YY HH:MM:SS0/1/115 1:12:42
01-01 01:12:42.737   603   603 D QC-time-services: Daemon:genoff_opr: Base = 1, val = 0, operation = 1
01-01 01:12:42.737   603   603 D QC-time-services: Daemon: genoff get for 1
01-01 01:12:42.738   603   603 D QC-time-services: Daemon:rtc_get: Time read from RTC -- MM/DD/YY HH:MM:SS0/1/115 1:12:42
01-01 01:12:42.738   603   603 D QC-time-services: Daemon:Value read from RTC seconds = 1420074762000
01-01 01:12:42.738   603   603 D QC-time-services: Daemon:Value read from generic offset = 0
01-01 01:12:42.738   603   603 D QC-time-services: Daemon:Final Time = 1420074762000
01-01 01:12:42.738   603   603 D QC-time-services: Daemon:genoff_boot_tod_init: Setting system time to sec =1420074762, nsec =0
01-01 01:12:42.745     0     0 I [    6.952681 / 01-01 01:12:42.735][0] ueventd: loading /devices/soc.0/fc880000.qcom,mss/firmware/modem.b08 took 16ms
01-01 01:12:42.745     0     0 I [    6.954049 / 01-01 01:12:42.739][0] ueventd: firmware: loading 'modem.b09' for '/devices/soc.0/fc880000.qcom,mss/firmware/modem.b09'
01-01 01:12:42.756   511   511 D vndksupport: Loading /vendor/lib64/egl/libGLESv1_CM_adreno.so from current namespace instead of sphal namespace.
01-01 01:12:42.759   511   511 D libEGL  : loaded /vendor/lib64/egl/libGLESv1_CM_adreno.so
01-01 01:12:42.782   511   511 D vndksupport: Loading /vendor/lib64/egl/libGLESv2_adreno.so from current namespace instead of sphal namespace.
01-01 01:12:42.783   511   511 D libEGL  : loaded /vendor/lib64/egl/libGLESv2_adreno.so
01-01 01:12:42.847     0     0 I [    7.055975 / 01-01 01:12:42.839][3] ueventd: loading /devices/soc.0/fc880000.qcom,mss/firmware/modem.b09 took 102ms
01-01 01:12:42.847     0     0 I [    7.056740 / 01-01 01:12:42.839][0] ueventd: firmware: loading 'modem.b10' for '/devices/soc.0/fc880000.qcom,mss/firmware/modem.b10'
01-01 01:12:42.900   896   896 E patchoat: Unable to open relocated image file  /data/dalvik-cache/arm64/system@framework@boot.art
01-01 01:12:42.903   442   442 W zygote64: Failed execv(/system/bin/patchoat --input-image-location=/system/framework/boot.art --output-image-directory=/data/dalvik-cache/arm64 --instruction-set=arm64 --verify) because non-0 exit status Preemptively pruning the dalvik cache.
01-01 01:12:42.903   442   442 I zygote64: Pruning dalvik-cache since we are relocating an image and will need to recompile
01-01 01:12:42.904   442   442 I zygote64: RelocateImage: /system/bin/patchoat --input-image-location=/system/framework/boot.art --output-image-directory=/data/dalvik-cache/arm64 --instruction-set=arm64 --base-offset-delta=-9814016
01-01 01:12:42.908   601   601 I mm-camera: server_process_module_init:59, int mods
01-01 01:12:42.909   601   601 E mm-camera-sensor: eebin_read:387failed!
01-01 01:12:42.909   601   601 E mm-camera-sensor: eebin_read:387failed!
01-01 01:12:42.909   601   601 E mm-camera-sensor: sensor_init_probe:475failed: to oribe eeprom bin sensors
01-01 01:12:42.909   601   601 E mm-camera-sensor: add_external_sensor:109NO external sensor lib: no external path
01-01 01:12:42.910   601   601 E mm-camera-sensor: sensor_probe:270failed: to load 
01-01 01:12:42.910   601   601 E mm-camera-sensor: sensor_util_match_sensor_lib_name:1965s_bundle sensor_lib_name imx234 sensor_name t4ka3
01-01 01:12:42.910   585   585 D mm-camera-intf: index = 0 flag = 1 mount_angle = 90 facing = 0
01-01 01:12:42.910   585   585 D mm-camera-intf: index = 1 flag = 103 mount_angle = 270 facing = 1
01-01 01:12:42.910   601   601 E mm-camera: module_sensor_find_other_subdev:7773subdev_name /dev/v4l-subdev0 subdev id 0
01-01 01:12:42.910   601   601 E mm-camera: module_sensor_find_other_subdev:7773subdev_name /dev/v4l-subdev1 subdev id 1
01-01 01:12:42.910   601   601 E mm-camera: module_sensor_find_other_subdev:7773subdev_name /dev/v4l-subdev2 subdev id 2
01-01 01:12:42.910   601   601 E mm-camera: module_sensor_find_other_subdev:7773subdev_name /dev/v4l-subdev3 subdev id 0
01-01 01:12:42.910   601   601 E mm-camera: module_sensor_find_other_subdev:7773subdev_name /dev/v4l-subdev4 subdev id 1
01-01 01:12:42.910   601   601 E mm-camera: module_sensor_find_other_subdev:7773subdev_name /dev/v4l-subdev5 subdev id 2
01-01 01:12:42.910   601   601 E mm-camera: module_sensor_find_other_subdev:7773subdev_name /dev/v4l-subdev6 subdev id 3
01-01 01:12:42.910   601   601 E mm-camera: module_sensor_find_other_subdev:7773subdev_name /dev/v4l-subdev7 subdev id 1
01-01 01:12:42.910   601   601 E mm-camera: module_sensor_find_other_subdev:7773subdev_name /dev/v4l-subdev8 subdev id 0
01-01 01:12:42.910   601   601 E mm-camera: module_sensor_find_other_subdev:7799SUB_MODULE_LED_FLASH subdev_name /dev/v4l-subdev8 subdev_id 0
01-01 01:12:42.910   601   601 E mm-camera: module_sensor_find_other_subdev:7773subdev_name /dev/v4l-subdev9 subdev id 0
01-01 01:12:42.910   601   601 E mm-camera: module_sensor_find_other_subdev:7773subdev_name /dev/v4l-subdev10 subdev id 2
01-01 01:12:42.911   601   601 E mm-camera: module_sensor_find_other_subdev:7773subdev_name /dev/v4l-subdev11 subdev id 0
01-01 01:12:42.911   601   601 E mm-camera: module_sensor_find_other_subdev:7773subdev_name /dev/v4l-subdev12 subdev id 998
01-01 01:12:42.911   601   601 E mm-camera: module_sensor_find_other_subdev:7773subdev_name /dev/v4l-subdev13 subdev id 997
01-01 01:12:42.914     0     0 E [    7.121686 / 01-01 01:12:42.907][3] camera_v4l2_open: msm_create_session id=1
01-01 01:12:42.914     0     0 E [    7.121706 / 01-01 01:12:42.907][3] msm_create_command_ack_q: session_id = 1, stream_id = 0
01-01 01:12:42.914     0     0 E [    7.121719 / 01-01 01:12:42.907][3] msm_post_event: 762 v4l2 events not subscribed yet! type(0x8002000) id(0x1)
01-01 01:12:42.914     0     0 E [    7.121729 / 01-01 01:12:42.907][3] camera_v4l2_open: posting of NEW_SESSION event failed
01-01 01:12:42.914     0     0 E [    7.121737 / 01-01 01:12:42.907][3] camera_v4l2_open: Line 599 rc -5
01-01 01:12:42.914     0     0 E [    7.121745 / 01-01 01:12:42.907][3] msm_delete_command_ack_q: session_id = 1, stream_id = 0
01-01 01:12:42.914     0     0 E [    7.121756 / 01-01 01:12:42.907][3] msm_destroy_session: session_id = 1
01-01 01:12:42.914     0     0 E [    7.121967 / 01-01 01:12:42.907][2] msm_ois_subdev_ioctl: 553 Enter
01-01 01:12:42.914     0     0 E [    7.121980 / 01-01 01:12:42.907][2] msm_ois_subdev_ioctl: 554 msm_ois_subdev_ioctl:554 o_ctrl 0000000000000000 argp 0000000000000000
01-01 01:12:42.914     0     0 E [    7.121989 / 01-01 01:12:42.907][2] msm_ois_get_subdev_id: 479 Enter
01-01 01:12:42.914     0     0 E [    7.121998 / 01-01 01:12:42.907][2] msm_ois_get_subdev_id: 489 subdev_id 0
01-01 01:12:42.914     0     0 E [    7.122006 / 01-01 01:12:42.907][2] msm_ois_get_subdev_id: 490 Exit
01-01 01:12:42.914     0     0 E [    7.122042 / 01-01 01:12:42.907][2] msm_ois_close: 523 Enter
01-01 01:12:42.914     0     0 E [    7.122051 / 01-01 01:12:42.907][2] msm_ois_close: 539 Exit
01-01 01:12:42.914     0     0 E [    7.122081 / 01-01 01:12:42.907][2] msm_proxy_get_subdev_id: 145 Enter
01-01 01:12:42.914     0     0 I [    7.122333 / 01-01 01:12:42.907][2] msm_csid_init: CSID_VERSION = 0x30010000
01-01 01:12:42.941   908   908 W patchoat: Could not reserve sentinel fault page
01-01 01:12:42.961     0     0 E [    7.171961 / 01-01 01:12:42.955][0] camera_v4l2_open: msm_create_session id=1
01-01 01:12:42.961     0     0 E [    7.171983 / 01-01 01:12:42.955][0] msm_create_command_ack_q: session_id = 1, stream_id = 0
01-01 01:12:42.961     0     0 E [    7.171995 / 01-01 01:12:42.955][0] msm_post_event: 762 v4l2 events not subscribed yet! type(0x8002000) id(0x1)
01-01 01:12:42.961     0     0 E [    7.172004 / 01-01 01:12:42.955][0] camera_v4l2_open: posting of NEW_SESSION event failed
01-01 01:12:42.961     0     0 E [    7.172013 / 01-01 01:12:42.955][0] camera_v4l2_open: Line 599 rc -5
01-01 01:12:42.961     0     0 E [    7.172021 / 01-01 01:12:42.955][0] msm_delete_command_ack_q: session_id = 1, stream_id = 0
01-01 01:12:42.961     0     0 E [    7.172032 / 01-01 01:12:42.955][0] msm_destroy_session: session_id = 1
01-01 01:12:43.011     0     0 E [    7.222218 / 01-01 01:12:43.007][0] camera_v4l2_open: msm_create_session id=1
01-01 01:12:43.011     0     0 E [    7.222240 / 01-01 01:12:43.007][0] msm_create_command_ack_q: session_id = 1, stream_id = 0
01-01 01:12:43.011     0     0 E [    7.222254 / 01-01 01:12:43.007][0] msm_post_event: 762 v4l2 events not subscribed yet! type(0x8002000) id(0x1)
01-01 01:12:43.011     0     0 E [    7.222263 / 01-01 01:12:43.007][0] camera_v4l2_open: posting of NEW_SESSION event failed
01-01 01:12:43.011     0     0 E [    7.222271 / 01-01 01:12:43.007][0] camera_v4l2_open: Line 599 rc -5
01-01 01:12:43.011     0     0 E [    7.222279 / 01-01 01:12:43.007][0] msm_delete_command_ack_q: session_id = 1, stream_id = 0
01-01 01:12:43.011     0     0 E [    7.222290 / 01-01 01:12:43.007][0] msm_destroy_session: session_id = 1
01-01 01:12:43.033     0     0 I [    7.243846 / 01-01 01:12:43.027][2] msm_csid_init: CSID_VERSION = 0x30010000
01-01 01:12:43.047     0     0 I [    7.257981 / 01-01 01:12:43.043][0] msm_cci_init: 879: hw_version = 0x10020001
01-01 01:12:43.062     0     0 E [    7.272521 / 01-01 01:12:43.055][0] camera_v4l2_open: msm_create_session id=1
01-01 01:12:43.062     0     0 E [    7.272545 / 01-01 01:12:43.055][0] msm_create_command_ack_q: session_id = 1, stream_id = 0
01-01 01:12:43.063     0     0 E [    7.272559 / 01-01 01:12:43.055][0] msm_post_event: 762 v4l2 events not subscribed yet! type(0x8002000) id(0x1)
01-01 01:12:43.063     0     0 E [    7.272568 / 01-01 01:12:43.055][0] camera_v4l2_open: posting of NEW_SESSION event failed
01-01 01:12:43.063     0     0 E [    7.272577 / 01-01 01:12:43.055][0] camera_v4l2_open: Line 599 rc -5
01-01 01:12:43.063     0     0 E [    7.272585 / 01-01 01:12:43.055][0] msm_delete_command_ack_q: session_id = 1, stream_id = 0
01-01 01:12:43.063     0     0 E [    7.272598 / 01-01 01:12:43.055][0] msm_destroy_session: session_id = 1
01-01 01:12:43.103   575   575 E         : ServiceManager: 0x76b84dfbc0
01-01 01:12:43.103   575   575 I ConnectionManagerService: ConnectionManagerService::instantiate()
01-01 01:12:43.104   575   575 I ConnectionManagerService: ConnectionManagerService started: pid = 575
01-01 01:12:43.114     0     0 E [    7.322806 / 01-01 01:12:43.107][0] camera_v4l2_open: msm_create_session id=1
01-01 01:12:43.114     0     0 E [    7.322831 / 01-01 01:12:43.107][0] msm_create_command_ack_q: session_id = 1, stream_id = 0
01-01 01:12:43.115     0     0 E [    7.322845 / 01-01 01:12:43.107][0] msm_post_event: 762 v4l2 events not subscribed yet! type(0x8002000) id(0x1)
01-01 01:12:43.115     0     0 E [    7.322872 / 01-01 01:12:43.107][0] camera_v4l2_open: posting of NEW_SESSION event failed
01-01 01:12:43.115     0     0 E [    7.322880 / 01-01 01:12:43.107][0] camera_v4l2_open: Line 599 rc -5
01-01 01:12:43.115     0     0 E [    7.322889 / 01-01 01:12:43.107][0] msm_delete_command_ack_q: session_id = 1, stream_id = 0
01-01 01:12:43.115     0     0 E [    7.322900 / 01-01 01:12:43.107][0] msm_destroy_session: session_id = 1
01-01 01:12:43.149   511   511 D vndksupport: Loading /vendor/lib64/hw/gralloc.msm8992.so from current namespace instead of sphal namespace.
01-01 01:12:43.153   511   511 I Adreno  : QUALCOMM build                   : d3015e9, I25dc76dc3f
01-01 01:12:43.153   511   511 I Adreno  : Build Date                       : 01/26/17
01-01 01:12:43.153   511   511 I Adreno  : OpenGL ES Shader Compiler Version: XE031.09.00.03
01-01 01:12:43.153   511   511 I Adreno  : Local Branch                     : 
01-01 01:12:43.153   511   511 I Adreno  : Remote Branch                    : refs/tags/AU_LINUX_ANDROID_LA.BF64.1.2.3_RB1.07.00.00.258.011
01-01 01:12:43.153   511   511 I Adreno  : Remote Branch                    : NONE
01-01 01:12:43.153   511   511 I Adreno  : Reconstruct Branch               : NOTHING
01-01 01:12:43.158     0     0 I [    7.366601 / 01-01 01:12:43.151][0] ueventd: firmware: loading 'a420_pm4.fw' for '/devices/soc.0/fdb00000.qcom,kgsl-3d0/kgsl/kgsl-3d0/a420_pm4.fw'
01-01 01:12:43.162     0     0 E [    7.373367 / 01-01 01:12:43.155][0] camera_v4l2_open: msm_create_session id=1
01-01 01:12:43.162     0     0 E [    7.373392 / 01-01 01:12:43.155][0] msm_create_command_ack_q: session_id = 1, stream_id = 0
01-01 01:12:43.162     0     0 E [    7.373406 / 01-01 01:12:43.155][0] msm_post_event: 762 v4l2 events not subscribed yet! type(0x8002000) id(0x1)
01-01 01:12:43.162     0     0 E [    7.373416 / 01-01 01:12:43.155][0] camera_v4l2_open: posting of NEW_SESSION event failed
01-01 01:12:43.162     0     0 E [    7.373425 / 01-01 01:12:43.155][0] camera_v4l2_open: Line 599 rc -5
01-01 01:12:43.162     0     0 E [    7.373434 / 01-01 01:12:43.155][0] msm_delete_command_ack_q: session_id = 1, stream_id = 0
01-01 01:12:43.162     0     0 E [    7.373445 / 01-01 01:12:43.155][0] msm_destroy_session: session_id = 1
01-01 01:12:43.190     0     0 I [    7.398737 / 01-01 01:12:43.183][0] msm_cci_init: 879: hw_version = 0x10020001
01-01 01:12:43.213     0     0 E [    7.424107 / 01-01 01:12:43.207][0] camera_v4l2_open: msm_create_session id=1
01-01 01:12:43.213     0     0 E [    7.424127 / 01-01 01:12:43.207][0] msm_create_command_ack_q: session_id = 1, stream_id = 0
01-01 01:12:43.213     0     0 E [    7.424140 / 01-01 01:12:43.207][0] msm_post_event: 762 v4l2 events not subscribed yet! type(0x8002000) id(0x1)
01-01 01:12:43.213     0     0 E [    7.424150 / 01-01 01:12:43.207][0] camera_v4l2_open: posting of NEW_SESSION event failed
01-01 01:12:43.213     0     0 E [    7.424158 / 01-01 01:12:43.207][0] camera_v4l2_open: Line 599 rc -5
01-01 01:12:43.213     0     0 E [    7.424167 / 01-01 01:12:43.207][0] msm_delete_command_ack_q: session_id = 1, stream_id = 0
01-01 01:12:43.213     0     0 E [    7.424178 / 01-01 01:12:43.207][0] msm_destroy_session: session_id = 1
01-01 01:12:43.246     0     0 I [    7.454989 / 01-01 01:12:43.239][2] ueventd: loading /devices/soc.0/fdb00000.qcom,kgsl-3d0/kgsl/kgsl-3d0/a420_pm4.fw took 88ms
01-01 01:12:43.246     0     0 I [    7.456486 / 01-01 01:12:43.239][3] ueventd: firmware: loading 'a420_pfp.fw' for '/devices/soc.0/fdb00000.qcom,kgsl-3d0/kgsl/kgsl-3d0/a420_pfp.fw'
01-01 01:12:43.266     0     0 E [    7.474396 / 01-01 01:12:43.259][0] camera_v4l2_open: msm_create_session id=1
01-01 01:12:43.266     0     0 E [    7.474421 / 01-01 01:12:43.259][0] msm_create_command_ack_q: session_id = 1, stream_id = 0
01-01 01:12:43.266     0     0 E [    7.474434 / 01-01 01:12:43.259][0] msm_post_event: 762 v4l2 events not subscribed yet! type(0x8002000) id(0x1)
01-01 01:12:43.266     0     0 E [    7.474443 / 01-01 01:12:43.259][0] camera_v4l2_open: posting of NEW_SESSION event failed
01-01 01:12:43.266     0     0 E [    7.474451 / 01-01 01:12:43.259][0] camera_v4l2_open: Line 599 rc -5
01-01 01:12:43.266     0     0 E [    7.474603 / 01-01 01:12:43.259][0] msm_delete_command_ack_q: session_id = 1, stream_id = 0
01-01 01:12:43.266     0     0 E [    7.474616 / 01-01 01:12:43.259][0] msm_destroy_session: session_id = 1
01-01 01:12:43.278     0     0 I [    7.487958 / 01-01 01:12:43.271][2] ueventd: loading /devices/soc.0/fc880000.qcom,mss/firmware/modem.b10 took 431ms
01-01 01:12:43.278     0     0 I [    7.488641 / 01-01 01:12:43.271][0] ueventd: firmware: loading 'modem.b11' for '/devices/soc.0/fc880000.qcom,mss/firmware/modem.b11'
01-01 01:12:43.282     0     0 I [    7.492672 / 01-01 01:12:43.275][1] ueventd: loading /devices/soc.0/fc880000.qcom,mss/firmware/modem.b11 took 4ms
01-01 01:12:43.282     0     0 I [    7.493286 / 01-01 01:12:43.275][1] ueventd: firmware: loading 'modem.b12' for '/devices/soc.0/fc880000.qcom,mss/firmware/modem.b12'
01-01 01:12:43.300     0     0 I [    7.510710 / 01-01 01:12:43.295][3] ueventd: loading /devices/soc.0/fdb00000.qcom,kgsl-3d0/kgsl/kgsl-3d0/a420_pfp.fw took 54ms
01-01 01:12:43.310     0     0 E         : [    7.518623 / 01-01 01:12:43.303][1] devfreq fdb00000.qcom,kgsl-3d0: Couldn't update frequency transition information.
01-01 01:12:43.310     0     0 E         : [    7.519134 / 01-01 01:12:43.303][1] devfreq qcom,kgsl-busmon.18: Couldn't update frequency transition information.
01-01 01:12:43.314     0     0 E [    7.524792 / 01-01 01:12:43.307][0] camera_v4l2_open: msm_create_session id=1
01-01 01:12:43.314     0     0 E [    7.524807 / 01-01 01:12:43.307][0] msm_create_command_ack_q: session_id = 1, stream_id = 0
01-01 01:12:43.314     0     0 E [    7.524820 / 01-01 01:12:43.307][0] msm_post_event: 762 v4l2 events not subscribed yet! type(0x8002000) id(0x1)
01-01 01:12:43.314     0     0 E [    7.524829 / 01-01 01:12:43.307][0] camera_v4l2_open: posting of NEW_SESSION event failed
01-01 01:12:43.314     0     0 E [    7.524838 / 01-01 01:12:43.307][0] camera_v4l2_open: Line 599 rc -5
01-01 01:12:43.314     0     0 E [    7.524847 / 01-01 01:12:43.307][0] msm_delete_command_ack_q: session_id = 1, stream_id = 0
01-01 01:12:43.314     0     0 E [    7.524857 / 01-01 01:12:43.307][0] msm_destroy_session: session_id = 1
01-01 01:12:43.342     0     0 I [    7.549650 / 01-01 01:12:43.335][1] ueventd: loading /devices/soc.0/fc880000.qcom,mss/firmware/modem.b12 took 56ms
01-01 01:12:43.342     0     0 I [    7.550641 / 01-01 01:12:43.335][1] ueventd: firmware: loading 'modem.b13' for '/devices/soc.0/fc880000.qcom,mss/firmware/modem.b13'
01-01 01:12:43.358   601   601 E mm-camera-isp2: module_chroma_enhan40_init:90 name chroma_enhan40
01-01 01:12:43.364   601   601 E mm-camera-isp2: module_color_correct40_init:104 name color_correct40
01-01 01:12:43.364     0     0 E [    7.575203 / 01-01 01:12:43.359][0] camera_v4l2_open: msm_create_session id=1
01-01 01:12:43.364     0     0 E [    7.575225 / 01-01 01:12:43.359][0] msm_create_command_ack_q: session_id = 1, stream_id = 0
01-01 01:12:43.364     0     0 E [    7.575238 / 01-01 01:12:43.359][0] msm_post_event: 762 v4l2 events not subscribed yet! type(0x8002000) id(0x1)
01-01 01:12:43.364     0     0 E [    7.575248 / 01-01 01:12:43.359][0] camera_v4l2_open: posting of NEW_SESSION event failed
01-01 01:12:43.364     0     0 E [    7.575256 / 01-01 01:12:43.359][0] camera_v4l2_open: Line 599 rc -5
01-01 01:12:43.364     0     0 E [    7.575265 / 01-01 01:12:43.359][0] msm_delete_command_ack_q: session_id = 1, stream_id = 0
01-01 01:12:43.364     0     0 E [    7.575275 / 01-01 01:12:43.359][0] msm_destroy_session: session_id = 1
01-01 01:12:43.393   601   601 E mm-camera-isp2: module_chroma_enhan40_init:90 name chroma_enhan40
01-01 01:12:43.394   601   601 E mm-camera-isp2: module_color_correct40_init:104 name color_correct40
01-01 01:12:43.396   601   601 E mm-camera-isp2: isp_resource_gen_hws_caps:3687 i 0 isp id 0
01-01 01:12:43.396   601   601 E mm-camera-isp2: isp_resource_gen_hws_caps:3687 i 1 isp id 1
01-01 01:12:43.396   601   601 E mm-camera-isp2: module_isp_init:678 module 0xeb930080
01-01 01:12:43.414     0     0 I         : [    7.623356 / 01-01 01:12:43.407][1] MSM-CPP cpp_init_hardware:1106 CPP HW Version: 0x50010000
01-01 01:12:43.414     0     0 E         : [    7.623384 / 01-01 01:12:43.407][1] MSM-CPP cpp_init_hardware:1127 stream_cnt:0
01-01 01:12:43.414     0     0 E [    7.625446 / 01-01 01:12:43.407][0] camera_v4l2_open: msm_create_session id=1
01-01 01:12:43.414     0     0 E [    7.625461 / 01-01 01:12:43.407][0] msm_create_command_ack_q: session_id = 1, stream_id = 0
01-01 01:12:43.414     0     0 E [    7.625475 / 01-01 01:12:43.407][0] msm_post_event: 762 v4l2 events not subscribed yet! type(0x8002000) id(0x1)
01-01 01:12:43.414     0     0 E [    7.625485 / 01-01 01:12:43.407][0] camera_v4l2_open: posting of NEW_SESSION event failed
01-01 01:12:43.414     0     0 E [    7.625493 / 01-01 01:12:43.407][0] camera_v4l2_open: Line 599 rc -5
01-01 01:12:43.414     0     0 E [    7.625502 / 01-01 01:12:43.407][0] msm_delete_command_ack_q: session_id = 1, stream_id = 0
01-01 01:12:43.414     0     0 E [    7.625513 / 01-01 01:12:43.407][0] msm_destroy_session: session_id = 1
01-01 01:12:43.418     0     0 I [    7.626646 / 01-01 01:12:43.411][2] ueventd: firmware: loading 'cpp_firmware_v1_8_0.fw' for '/devices/soc.0/fda04000.qcom,cpp/firmware/cpp_firmware_v1_8_0.fw'
01-01 01:12:43.420   538   538 E         : bt_qmi_dms_init: Not able to get dms service handle
01-01 01:12:43.420   502   502 E         : bt_qmi_dms_init: Not able to get dms service handle
01-01 01:12:43.420   538   538 E         : QMI initialization failed in 2 try...
01-01 01:12:43.420   502   502 E         : QMI initialization failed in 2 try...
01-01 01:12:43.466     0     0 I [    7.673696 / 01-01 01:12:43.459][2] ueventd: loading /devices/soc.0/fda04000.qcom,cpp/firmware/cpp_firmware_v1_8_0.fw took 47ms
01-01 01:12:43.466     0     0 E [    7.676404 / 01-01 01:12:43.459][1] camera_v4l2_open: msm_create_session id=1
01-01 01:12:43.466     0     0 E [    7.676427 / 01-01 01:12:43.459][1] msm_create_command_ack_q: session_id = 1, stream_id = 0
01-01 01:12:43.466     0     0 E [    7.676441 / 01-01 01:12:43.459][1] msm_post_event: 762 v4l2 events not subscribed yet! type(0x8002000) id(0x1)
01-01 01:12:43.466     0     0 E [    7.676451 / 01-01 01:12:43.459][1] camera_v4l2_open: posting of NEW_SESSION event failed
01-01 01:12:43.466     0     0 E [    7.676460 / 01-01 01:12:43.459][1] camera_v4l2_open: Line 599 rc -5
01-01 01:12:43.466     0     0 E [    7.676469 / 01-01 01:12:43.459][1] msm_delete_command_ack_q: session_id = 1, stream_id = 0
01-01 01:12:43.466     0     0 E [    7.676480 / 01-01 01:12:43.459][1] msm_destroy_session: session_id = 1
01-01 01:12:43.486     0     0 I         : [    7.693691 / 01-01 01:12:43.479][1] MSM-CPP cpp_load_fw:1264 MC Bootloader Version: 0x312e3176
01-01 01:12:43.490     0     0 I         : [    7.699577 / 01-01 01:12:43.483][1] MSM-CPP cpp_load_fw:1277 CPP FW Version: 0x1008001e
01-01 01:12:43.491   601   601 E mm-camera: vpe_module_init:26 name=vpe
01-01 01:12:43.492   601   601 E mm-camera: vpe_hardware_find_subdev:719: entity.name=video0 entity.revision=0
01-01 01:12:43.492   601   601 E mm-camera: vpe_hardware_find_subdev:719: entity.name=msm_cci entity.revision=0
01-01 01:12:43.492   601   601 E mm-camera: vpe_hardware_find_subdev:719: entity.name=v4l-subdev0 entity.revision=0
01-01 01:12:43.492   601   601 E mm-camera: vpe_hardware_find_subdev:719: entity.name=v4l-subdev1 entity.revision=0
01-01 01:12:43.492   601   601 E mm-camera: vpe_hardware_find_subdev:719: entity.name=v4l-subdev2 entity.revision=0
01-01 01:12:43.492   601   601 E mm-camera: vpe_hardware_find_subdev:719: entity.name=v4l-subdev3 entity.revision=0
01-01 01:12:43.492   601   601 E mm-camera: vpe_hardware_find_subdev:719: entity.name=v4l-subdev4 entity.revision=0
01-01 01:12:43.492   601   601 E mm-camera: vpe_hardware_find_subdev:719: entity.name=v4l-subdev5 entity.revision=0
01-01 01:12:43.492   601   601 E mm-camera: vpe_hardware_find_subdev:719: entity.name=v4l-subdev6 entity.revision=0
01-01 01:12:43.492   601   601 E mm-camera: vpe_hardware_find_subdev:719: entity.name=v4l-subdev7 entity.revision=0
01-01 01:12:43.492   601   601 E mm-camera: vpe_hardware_find_subdev:719: entity.name=v4l-subdev8 entity.revision=0
01-01 01:12:43.492   601   601 E mm-camera: vpe_hardware_find_subdev:719: entity.name=v4l-subdev9 entity.revision=0
01-01 01:12:43.492   601   601 E mm-camera: vpe_hardware_find_subdev:719: entity.name=v4l-subdev10 entity.revision=0
01-01 01:12:43.492   601   601 E mm-camera: vpe_hardware_find_subdev:719: entity.name=v4l-subdev11 entity.revision=0
01-01 01:12:43.492   601   601 E mm-camera: vpe_hardware_find_subdev:719: entity.name=v4l-subdev12 entity.revision=0
01-01 01:12:43.492   601   601 E mm-camera: vpe_hardware_find_subdev:719: entity.name=v4l-subdev13 entity.revision=0
01-01 01:12:43.492   601   601 E mm-camera: vpe_hardware_find_subdev:719: entity.name=v4l-subdev14 entity.revision=0
01-01 01:12:43.492   601   601 E mm-camera: vpe_hardware_find_subdev:719: entity.name=v4l-subdev15 entity.revision=0
01-01 01:12:43.492   601   601 E mm-camera: vpe_hardware_find_subdev:719: entity.name=v4l-subdev16 entity.revision=0
01-01 01:12:43.492   601   601 E mm-camera: vpe_hardware_find_subdev:719: entity.name=v4l-subdev17 entity.revision=17
01-01 01:12:43.492   601   601 E mm-camera: vpe_hardware_find_subdev:719: entity.name=v4l-subdev18 entity.revision=0
01-01 01:12:43.492   601   601 E mm-camera: vpe_hardware_find_subdev:719: entity.name=v4l-subdev19 entity.revision=0
01-01 01:12:43.492   601   601 E mm-camera: vpe_hardware_find_subdev:719: entity.name=v4l-subdev20 entity.revision=0
01-01 01:12:43.492   601   601 E mm-camera: vpe_hardware_find_subdev:719: entity.name=v4l-subdev21 entity.revision=0
01-01 01:12:43.492   601   601 E mm-camera: vpe_hardware_find_subdev:714: done enumerating media entities
01-01 01:12:43.492   601   601 E mm-camera: vpe_hardware_find_subdev:719: entity.name=video1 entity.revision=0
01-01 01:12:43.492   601   601 E mm-camera: vpe_hardware_find_subdev:714: done enumerating media entities
01-01 01:12:43.492   601   601 E mm-camera: vpe_hardware_find_subdev:719: entity.name=video2 entity.revision=0
01-01 01:12:43.492   601   601 E mm-camera: vpe_hardware_find_subdev:714: done enumerating media entities
01-01 01:12:43.492   601   601 E mm-camera: vpe_hardware_find_subdev:686: no more media devices
01-01 01:12:43.492   601   601 E mm-camera: vpe_hardware_find_subdev:731: no vpe device found.
01-01 01:12:43.492   601   601 E mm-camera: vpe_hardware_create:31: error: cannot find vpe subdev
01-01 01:12:43.492   601   601 E mm-camera: vpe_module_create_vpe_ctrl:141, failed, cannnot create vpe hardware instance
01-01 01:12:43.492   601   601 E mm-camera: vpe_module_init:34 failed
01-01 01:12:43.492   601   601 E mm-camera-vpu: vpu_module_init:54, INFO name=vpu
01-01 01:12:43.492   601   601 E mm-camera-pp: [INFO] base_module_init:142, name=tmod
01-01 01:12:43.494     0     0 E         : [    7.702662 / 01-01 01:12:43.487][2] MSM-CPP cpp_release_ion_client:695 Calling ion_client_destroy
01-01 01:12:43.515   403   403 W hwservicemanager: getTransport: Cannot find entry vendor.display.config@1.7::IDisplayConfig/default in either framework or device manifest.
01-01 01:12:43.516   511   511 I ConfigStore: android::hardware::configstore::V1_0::ISurfaceFlingerConfigs::hasWideColorDisplay retrieved: 0
01-01 01:12:43.517   403   403 W hwservicemanager: getTransport: Cannot find entry vendor.display.config@1.7::IDisplayConfig/default in either framework or device manifest.
01-01 01:12:43.518     0     0 E [    7.726692 / 01-01 01:12:43.511][1] camera_v4l2_open: msm_create_session id=1
01-01 01:12:43.518     0     0 E [    7.726724 / 01-01 01:12:43.511][1] msm_create_command_ack_q: session_id = 1, stream_id = 0
01-01 01:12:43.518     0     0 E [    7.726738 / 01-01 01:12:43.511][1] msm_post_event: 762 v4l2 events not subscribed yet! type(0x8002000) id(0x1)
01-01 01:12:43.518     0     0 E [    7.726748 / 01-01 01:12:43.511][1] camera_v4l2_open: posting of NEW_SESSION event failed
01-01 01:12:43.518     0     0 E [    7.726756 / 01-01 01:12:43.511][1] camera_v4l2_open: Line 599 rc -5
01-01 01:12:43.518     0     0 E [    7.726765 / 01-01 01:12:43.511][1] msm_delete_command_ack_q: session_id = 1, stream_id = 0
01-01 01:12:43.518     0     0 E [    7.726776 / 01-01 01:12:43.511][1] msm_destroy_session: session_id = 1
01-01 01:12:43.518     0     0 I [    7.728362 / 01-01 01:12:43.511][0] init: Received control message 'interface_start' for 'vendor.display.config@1.7::IDisplayConfig/default' from pid: 403 (/system/bin/hwservicemanager)
01-01 01:12:43.518     0     0 E [    7.728457 / 01-01 01:12:43.511][0] init: Could not find service hosting interface vendor.display.config@1.7::IDisplayConfig/default
01-01 01:12:43.519   511   511 I ConfigStore: android::hardware::configstore::V1_0::ISurfaceFlingerConfigs::hasHDRDisplay retrieved: 0
01-01 01:12:43.521   511   511 I SurfaceFlinger: EGL information:
01-01 01:12:43.521   511   511 I SurfaceFlinger: vendor    : Android
01-01 01:12:43.521   511   511 I SurfaceFlinger: version   : 1.4 Android META-EGL
