12-19 21:14:50.966  2734  2734 I Netd    : Setting up FirewallController hooks: 8.1ms
12-19 21:14:50.970  2734  2734 I Netd    : Setting up NatController hooks: 4.4ms
12-19 21:14:50.975  2734  2734 I Netd    : Setting up BandwidthController hooks: 4.8ms
12-19 21:14:50.975  2734  2734 I Netd    : Setting up IdletimerController hooks: 0.1ms
12-19 21:14:50.982  2734  2734 I Netd    : Disabling bandwidth control: 7.2ms
12-19 21:14:50.984  2734  2734 E Netd    : Error adding route 0.0.0.0/0 -> (null) dummy0 to table 1002: File exists
12-19 21:14:50.985  2734  2734 I Netd    : Initializing RouteController: 2.1ms
12-19 21:14:50.986  2734  2734 D MDnsDS  : MDnsSdListener::Hander starting up
12-19 21:14:50.986  2734  2790 D MDnsDS  : MDnsSdListener starting to monitor
12-19 21:14:50.986  2734  2790 D MDnsDS  : Going to poll with pollCount 1
12-19 21:14:50.989  2734  2734 I Netd    : Registering NetdNativeService: 2.1ms
12-19 21:14:50.990  2734  2734 I Netd    : Starting CommandListener: 1.1ms
12-19 21:14:50.992  2734  2734 I Netd    : Registering NetdHwService: 2.5ms
12-19 21:14:50.992  2734  2734 I Netd    : Netd started in 277ms
12-19 21:14:51.248  2731  2731 D AndroidRuntime: >>>>>> START com.android.internal.os.ZygoteInit uid 0 <<<<<<
12-19 21:14:51.256  2731  2731 I zygote64: option[0]=-Xzygote
12-19 21:14:51.256  2731  2731 I zygote64: option[1]=-Xstacktracefile:/data/anr/traces.txt
12-19 21:14:51.256  2731  2731 I zygote64: option[2]=exit
12-19 21:14:51.256  2731  2731 I zygote64: option[3]=vfprintf
12-19 21:14:51.256  2731  2731 I zygote64: option[4]=sensitiveThread
12-19 21:14:51.256  2731  2731 I zygote64: option[5]=-verbose:gc
12-19 21:14:51.256  2731  2731 I zygote64: option[6]=-Xms8m
12-19 21:14:51.256  2731  2731 I zygote64: option[7]=-Xmx768m
12-19 21:14:51.256  2731  2731 I zygote64: option[8]=-XX:HeapGrowthLimit=288m
12-19 21:14:51.256  2731  2731 I zygote64: option[9]=-XX:HeapMinFree=512k
12-19 21:14:51.256  2731  2731 I zygote64: option[10]=-XX:HeapMaxFree=8m
12-19 21:14:51.256  2731  2731 I zygote64: option[11]=-XX:HeapTargetUtilization=0.75
12-19 21:14:51.256  2731  2731 I zygote64: option[12]=-Xusejit:true
12-19 21:14:51.256  2731  2731 I zygote64: option[13]=-Xjitsaveprofilinginfo
12-19 21:14:51.256  2731  2731 I zygote64: option[14]=-agentlib:jdwp=transport=dt_android_adb,suspend=n,server=y
12-19 21:14:51.256  2731  2731 I zygote64: option[15]=-Xlockprofthreshold:500
12-19 21:14:51.256  2731  2731 I zygote64: option[16]=-Ximage-compiler-option
12-19 21:14:51.256  2731  2731 I zygote64: option[17]=--runtime-arg
12-19 21:14:51.256  2731  2731 I zygote64: option[18]=-Ximage-compiler-option
12-19 21:14:51.256  2731  2731 I zygote64: option[19]=-Xms64m
12-19 21:14:51.256  2731  2731 I zygote64: option[20]=-Ximage-compiler-option
12-19 21:14:51.256  2731  2731 I zygote64: option[21]=--runtime-arg
12-19 21:14:51.256  2731  2731 I zygote64: option[22]=-Ximage-compiler-option
12-19 21:14:51.256  2731  2731 I zygote64: option[23]=-Xmx64m
12-19 21:14:51.256  2731  2731 I zygote64: option[24]=-Ximage-compiler-option
12-19 21:14:51.256  2731  2731 I zygote64: option[25]=--image-classes=/system/etc/preloaded-classes
12-19 21:14:51.256  2731  2731 I zygote64: option[26]=-Ximage-compiler-option
12-19 21:14:51.256  2731  2731 I zygote64: option[27]=--compiled-classes=/system/etc/compiled-classes
12-19 21:14:51.256  2731  2731 I zygote64: option[28]=-Xcompiler-option
12-19 21:14:51.256  2731  2731 I zygote64: option[29]=--runtime-arg
12-19 21:14:51.256  2731  2731 I zygote64: option[30]=-Xcompiler-option
12-19 21:14:51.256  2731  2731 I zygote64: option[31]=-Xms64m
12-19 21:14:51.256  2731  2731 I zygote64: option[32]=-Xcompiler-option
12-19 21:14:51.256  2731  2731 I zygote64: option[33]=--runtime-arg
12-19 21:14:51.256  2731  2731 I zygote64: option[34]=-Xcompiler-option
12-19 21:14:51.256  2731  2731 I zygote64: option[35]=-Xmx512m
12-19 21:14:51.256  2731  2731 I zygote64: option[36]=-Xcompiler-option
12-19 21:14:51.256  2731  2731 I zygote64: option[37]=-j2
12-19 21:14:51.256  2731  2731 I zygote64: option[38]=-Ximage-compiler-option
12-19 21:14:51.256  2731  2731 I zygote64: option[39]=-j4
12-19 21:14:51.256  2731  2731 I zygote64: option[40]=-Ximage-compiler-option
12-19 21:14:51.256  2731  2731 I zygote64: option[41]=--instruction-set-variant=generic
12-19 21:14:51.256  2731  2731 I zygote64: option[42]=-Xcompiler-option
12-19 21:14:51.256  2731  2731 I zygote64: option[43]=--instruction-set-variant=generic
12-19 21:14:51.256  2731  2731 I zygote64: option[44]=-Ximage-compiler-option
12-19 21:14:51.256  2731  2731 I zygote64: option[45]=--instruction-set-features=default
12-19 21:14:51.257  2731  2731 I zygote64: option[46]=-Xcompiler-option
12-19 21:14:51.257  2731  2731 I zygote64: option[47]=--instruction-set-features=default
12-19 21:14:51.257  2731  2731 I zygote64: option[48]=-Duser.locale=en-US
12-19 21:14:51.257  2731  2731 I zygote64: option[49]=--cpu-abilist=arm64-v8a
12-19 21:14:51.257  2731  2731 I zygote64: option[50]=-Xfingerprint:lge/p1_global_com/p1:8.0/NRD90U/171931902b165:user/release-keys
12-19 21:14:51.298   940  1019 E ThermalEngine: ACTION: CLUSTER - Setting CLUSTER[1] to 1248000
12-19 21:14:51.328   940  1019 E ThermalEngine: ACTION: CLUSTER - Setting CLUSTER[1] to 1344000
12-19 21:14:51.359   940  1019 E ThermalEngine: ACTION: CLUSTER - Setting CLUSTER[1] to 1440000
12-19 21:14:51.390   940  1019 E ThermalEngine: ACTION: CLUSTER - Setting CLUSTER[1] to 1344000
12-19 21:14:51.420   940  1019 E ThermalEngine: ACTION: CLUSTER - Setting CLUSTER[1] to 1248000
12-19 21:14:51.436  2731  2731 I SamplingProfilerIntegration: Profiling disabled.
12-19 21:14:51.436  2731  2731 D Zygote  : begin preload
12-19 21:14:51.436  2731  2731 I Zygote  : Installing ICU cache reference pinning...
12-19 21:14:51.436  2731  2731 I Zygote  : Preloading ICU data...
12-19 21:14:51.451   940  1019 E ThermalEngine: ACTION: CLUSTER - Setting CLUSTER[1] to 960000
12-19 21:14:51.451  2731  2731 D Zygote64Timing: BeginIcuCachePinning took to complete: 15ms
12-19 21:14:51.452  2731  2731 I Zygote  : Preloading classes...
12-19 21:14:51.634  2731  2731 E ActivityRecognitionHardware: activity_recognition HAL is deprecated. class_init is effectively a no-op
12-19 21:14:51.646  2731  2731 I zygote64: Thread[1,tid=2731,Native,Thread*=0x748debea00,peer=0x801ca8,"main"] recursive attempt to load library "/system/lib64/libmedia_jni.so"
12-19 21:14:51.646  2731  2731 D MtpDeviceJNI: register_android_mtp_MtpDevice
12-19 21:14:51.646  2731  2731 I zygote64: Thread[1,tid=2731,Native,Thread*=0x748debea00,peer=0x801ca8,"main"] recursive attempt to load library "/system/lib64/libmedia_jni.so"
12-19 21:14:51.647  2731  2731 I zygote64: Thread[1,tid=2731,Native,Thread*=0x748debea00,peer=0x801ca8,"main"] recursive attempt to load library "/system/lib64/libmedia_jni.so"
12-19 21:14:51.663  2731  2731 W main    : type=1400 audit(0.0:990): avc: granted { read } for name="cmdline" dev="proc" ino=4026535438 scontext=u:r:zygote:s0 tcontext=u:object_r:proc:s0 tclass=file
12-19 21:14:51.667  2731  2731 W main    : type=1400 audit(0.0:991): avc: granted { read open } for path="/proc/cmdline" dev="proc" ino=4026535438 scontext=u:r:zygote:s0 tcontext=u:object_r:proc:s0 tclass=file
12-19 21:14:51.667  2731  2731 W main    : type=1400 audit(0.0:992): avc: granted { getattr } for path="/proc/cmdline" dev="proc" ino=4026535438 scontext=u:r:zygote:s0 tcontext=u:object_r:proc:s0 tclass=file
12-19 21:14:51.749  2731  2731 I System  : Loaded time zone names for "" in 36ms (35ms in ICU)
12-19 21:14:51.768  2731  2731 I System  : Loaded time zone names for "en_US" in 19ms (18ms in ICU)
12-19 21:14:51.776  2731  2731 I Zygote  : ...preloaded 4570 classes in 324ms.
12-19 21:14:51.776  2731  2731 I zygote64: VMRuntime.preloadDexCaches starting
12-19 21:14:51.847  2731  2731 I zygote64: VMRuntime.preloadDexCaches strings total=307197 before=2830 after=2830
12-19 21:14:51.847  2731  2731 I zygote64: VMRuntime.preloadDexCaches types total=26199 before=2662 after=3315
12-19 21:14:51.848  2731  2731 I zygote64: VMRuntime.preloadDexCaches fields total=124185 before=2149 after=1211
12-19 21:14:51.848  2731  2731 I zygote64: VMRuntime.preloadDexCaches methods total=220089 before=87675 after=87767
12-19 21:14:51.848  2731  2731 I zygote64: VMRuntime.preloadDexCaches finished
12-19 21:14:51.848  2731  2731 D Zygote64Timing: PreloadClasses took to complete: 396ms
12-19 21:14:51.897   940  1019 E ThermalEngine: ACTION: CLUSTER - Setting CLUSTER[1] to 1248000
12-19 21:14:51.910  2731  2731 I Zygote  : Preloading resources...
12-19 21:14:51.928   940  1019 E ThermalEngine: ACTION: CLUSTER - Setting CLUSTER[1] to 1344000
12-19 21:14:51.959   940  1019 E ThermalEngine: ACTION: CLUSTER - Setting CLUSTER[1] to 1248000
12-19 21:14:51.969  2731  2731 W Resources: Preloaded drawable resource #0x1080264 (android:drawable/dialog_background_material) that varies with configuration!!
12-19 21:14:51.982  2731  2731 W Resources: Preloaded color resource #0x10600de (android:color/material_grey_800) that varies with configuration!!
12-19 21:14:51.982  2731  2731 W Resources: Preloaded drawable resource #0x10802d1 (android:drawable/floating_popup_background_dark) that varies with configuration!!
12-19 21:14:51.989   940  1019 E ThermalEngine: ACTION: CLUSTER - Setting CLUSTER[1] to 960000
12-19 21:14:52.155  2731  2731 I Zygote  : ...preloaded 114 resources in 245ms.
12-19 21:14:52.161  2731  2731 W Resources: Preloaded color resource #0x1060036 (android:color/background_cache_hint_selector_material_dark) that varies with configuration!!
12-19 21:14:52.162  2731  2731 W Resources: Preloaded color resource #0x1060053 (android:color/btn_default_material_dark) that varies with configuration!!
12-19 21:14:52.163  2731  2731 I Zygote  : ...preloaded 41 resources in 7ms.
12-19 21:14:52.163  2731  2731 D Zygote64Timing: PreloadResources took to complete: 315ms
12-19 21:14:52.163  2731  2731 I vndksupport: sphal namespace is not configured for this process. Loading /vendor/lib64/egl/libEGL_adreno.so from the current namespace instead.
12-19 21:14:52.166  2731  2731 D libEGL  : loaded /vendor/lib64/egl/libEGL_adreno.so
12-19 21:14:52.178  2731  2731 I vndksupport: sphal namespace is not configured for this process. Loading /vendor/lib64/egl/libGLESv1_CM_adreno.so from the current namespace instead.
12-19 21:14:52.180  2731  2731 D libEGL  : loaded /vendor/lib64/egl/libGLESv1_CM_adreno.so
12-19 21:14:52.209  2731  2731 I vndksupport: sphal namespace is not configured for this process. Loading /vendor/lib64/egl/libGLESv2_adreno.so from the current namespace instead.
12-19 21:14:52.209  2731  2731 D libEGL  : loaded /vendor/lib64/egl/libGLESv2_adreno.so
12-19 21:14:52.243  2731  2731 I Zygote  : Preloading shared libraries...
12-19 21:14:52.258  2731  2731 I Zygote  : Uninstalled ICU cache reference pinning...
12-19 21:14:52.260  2731  2731 I Zygote  : Installed AndroidKeyStoreProvider in 2ms.
12-19 21:14:52.267  2731  2731 I Zygote  : Warmed up JCA providers in 7ms.
12-19 21:14:52.267  2731  2731 D Zygote  : end preload
12-19 21:14:52.268  2731  2731 D Zygote64Timing: ZygotePreload took to complete: 832ms
12-19 21:14:52.292  2731  2731 I zygote64: Explicit concurrent copying GC freed 32062(1759KB) AllocSpace objects, 4(104KB) LOS objects, 58% free, 1067KB/2MB, paused 465us total 24.587ms
12-19 21:14:52.369  2731  2731 I zygote64: Explicit concurrent copying GC freed 6059(221KB) AllocSpace objects, 0(0B) LOS objects, 63% free, 878KB/2MB, paused 284us total 58.803ms
12-19 21:14:52.369  2731  2731 D Zygote64Timing: PostZygoteInitGC took to complete: 101ms
12-19 21:14:52.370  2731  2731 D Zygote64Timing: ZygoteInit took to complete: 935ms
12-19 21:14:52.372  2731  2731 I         : seccomp disabled by setenforce 0
12-19 21:14:52.480  2731  2731 I Zygote  : System server process 2804 has been created
12-19 21:14:52.484  2731  2731 I Zygote  : Accepting command socket connections
12-19 21:14:52.500  2804  2804 I Zygote  : Process: zygote socket zygote_secondary opened, supported ABIS: armeabi-v7a,armeabi
12-19 21:14:52.507  2804  2804 W system_server: type=1400 audit(0.0:993): avc: granted { execute } for path="/data/dalvik-cache/arm64/system@framework@services.jar@classes.dex" dev="mmcblk0p50" ino=1013834 scontext=u:r:system_server:s0 tcontext=u:object_r:dalvikcache_data_file:s0 tclass=file
12-19 21:14:52.511  2804  2804 W system_server: type=1400 audit(0.0:994): avc: granted { execute } for path="/data/dalvik-cache/arm64/system@framework@ethernet-service.jar@classes.dex" dev="mmcblk0p50" ino=1013836 scontext=u:r:system_server:s0 tcontext=u:object_r:dalvikcache_data_file:s0 tclass=file
12-19 21:14:52.515  2804  2804 W system_server: type=1400 audit(0.0:995): avc: granted { execute } for path="/data/dalvik-cache/arm64/system@framework@wifi-service.jar@classes.dex" dev="mmcblk0p50" ino=1013838 scontext=u:r:system_server:s0 tcontext=u:object_r:dalvikcache_data_file:s0 tclass=file
12-19 21:14:52.530  2804  2804 I SystemServer: InitBeforeStartServices
12-19 21:14:52.530  2804  2804 I SystemServer: Entered the Android system server!
12-19 21:14:52.698  2804  2804 D SystemServerTiming: InitBeforeStartServices took to complete: 168ms
12-19 21:14:52.698  2804  2804 I SystemServer: StartServices
12-19 21:14:52.698  2804  2804 I SystemServer: Reading configuration...
12-19 21:14:52.698  2804  2804 I SystemServer: ReadingSystemConfig
12-19 21:14:52.700  2804  2804 D SystemServerTiming: ReadingSystemConfig took to complete: 2ms
12-19 21:14:52.700  2804  2804 I SystemServer: StartInstaller
12-19 21:14:52.700  2804  2817 D SystemServerInitThreadPool: Started executing ReadingSystemConfig
12-19 21:14:52.700  2804  2804 I SystemServiceManager: Starting com.android.server.pm.Installer
12-19 21:14:52.703   948   948 D installd: Found storage mount /data/media at /mnt/runtime/default/emulated
12-19 21:14:52.703  2804  2804 D SystemServerTiming: StartInstaller took to complete: 3ms
12-19 21:14:52.703  2804  2804 I SystemServer: DeviceIdentifiersPolicyService
12-19 21:14:52.704  2804  2804 I SystemServiceManager: Starting com.android.server.os.DeviceIdentifiersPolicyService
12-19 21:14:52.705  2804  2804 D SystemServerTiming: DeviceIdentifiersPolicyService took to complete: 2ms
12-19 21:14:52.705  2804  2804 I SystemServer: StartActivityManager
12-19 21:14:52.705  2804  2804 I SystemServiceManager: Starting com.android.server.am.ActivityManagerService$Lifecycle
12-19 21:14:52.713   940  1017 E ThermalEngine: [GPU_MON] ACTION: GPU - [GPU_MON] Setting GPU[0] to 600000000
12-19 21:14:52.713   940  1016 E ThermalEngine: [BMHB_GOV] read failed VS_TEMP
12-19 21:14:52.724  2804  2817 D SystemServerInitThreadPool: Finished executing ReadingSystemConfig
12-19 21:14:52.728  2804  2804 I ActivityManager: Memory class: 288
12-19 21:14:52.730  2804  2819 I ServiceThread: Enabled StrictMode logging for ActivityManager looper.
12-19 21:14:52.733  2804  2820 I ServiceThread: Enabled StrictMode logging for android.ui looper.
12-19 21:14:52.761  2804  2804 D BatteryStatsImpl: Reading daily items from /data/system/batterystats-daily.xml
12-19 21:14:52.846  2804  2804 I AppOps  : No existing app ops /data/system/appops.xml; starting empty
12-19 21:14:52.851  2804  2804 I IntentFirewall: Read new rules (A:0 B:0 S:0)
12-19 21:14:52.859  2804  2827 I ServiceThread: Enabled StrictMode logging for android.display looper.
12-19 21:14:52.860  2804  2804 W system_server: failed to remove /acct/uid_1041/pid_2732: Device or resource busy
12-19 21:14:52.860  2804  2804 W system_server: failed to remove /acct/uid_1041: Permission denied
12-19 21:14:52.860  2804  2804 W system_server: failed to remove /acct/uid_10015: Permission denied
12-19 21:14:52.860  2804  2804 W system_server: failed to remove /acct/uid_10018: Permission denied
12-19 21:14:52.860  2804  2804 W system_server: failed to remove /acct/uid_10007: Permission denied
12-19 21:14:52.861  2804  2804 W system_server: failed to remove /acct/uid_10055: Permission denied
12-19 21:14:52.861  2804  2804 W system_server: failed to remove /acct/uid_10052: Permission denied
12-19 21:14:52.861  2804  2804 W system_server: failed to remove /acct/uid_1027: Permission denied
12-19 21:14:52.861  2804  2804 W system_server: failed to remove /acct/uid_10011: Permission denied
12-19 21:14:52.861  2804  2804 W system_server: failed to remove /acct/uid_10041: Permission denied
12-19 21:14:52.862  2804  2804 W system_server: failed to remove /acct/uid_1001: Permission denied
12-19 21:14:52.862  2804  2804 W system_server: failed to remove /acct/uid_1047/pid_2168: Device or resource busy
12-19 21:14:52.862  2804  2804 W system_server: failed to remove /acct/uid_1047: Permission denied
12-19 21:14:52.862  2804  2804 W system_server: failed to remove /acct/uid_1053/pid_2102: Device or resource busy
12-19 21:14:52.862  2804  2804 W system_server: failed to remove /acct/uid_1053: Permission denied
12-19 21:14:52.862  2804  2804 W system_server: failed to remove /acct/uid_1037: Permission denied
12-19 21:14:52.862  2804  2804 W system_server: failed to remove /acct/uid_10024: Permission denied
12-19 21:14:52.863  2804  2804 W system_server: failed to remove /acct/uid_10053: Permission denied
12-19 21:14:52.863  2804  2804 W system_server: failed to remove /acct/uid_1002: Permission denied
12-19 21:14:52.863  2804  2804 W system_server: failed to remove /acct/uid_1003/pid_2722: Device or resource busy
12-19 21:14:52.863  2804  2804 W system_server: failed to remove /acct/uid_1003: Permission denied
12-19 21:14:52.863  2804  2804 W system_server: failed to remove /acct/uid_1019/pid_1236: Device or resource busy
12-19 21:14:52.863  2804  2804 W system_server: failed to remove /acct/uid_1019: Permission denied
12-19 21:14:52.863  2804  2804 W system_server: failed to remove /acct/uid_1010/pid_2735: Device or resource busy
12-19 21:14:52.863  2804  2804 W system_server: failed to remove /acct/uid_1010/pid_1224: Device or resource busy
12-19 21:14:52.863  2804  2804 W system_server: failed to remove /acct/uid_1010: Permission denied
12-19 21:14:52.863  2804  2804 W system_server: failed to remove /acct/uid_1046/pid_957: Device or resource busy
12-19 21:14:52.863  2804  2804 W system_server: failed to remove /acct/uid_1046: Permission denied
12-19 21:14:52.863  2804  2804 W system_server: failed to remove /acct/uid_1058/pid_956: Device or resource busy
12-19 21:14:52.863  2804  2804 W system_server: failed to remove /acct/uid_1058: Permission denied
12-19 21:14:52.863  2804  2804 W system_server: failed to remove /acct/uid_1040/pid_952: Device or resource busy
12-19 21:14:52.863  2804  2804 W system_server: failed to remove /acct/uid_1040: Permission denied
12-19 21:14:52.864  2804  2804 W system_server: failed to remove /acct/uid_1017/pid_949: Device or resource busy
12-19 21:14:52.864  2804  2804 W system_server: failed to remove /acct/uid_1017: Permission denied
12-19 21:14:52.864  2804  2804 W system_server: failed to remove /acct/uid_1013/pid_2733: Device or resource busy
12-19 21:14:52.864  2804  2804 W system_server: failed to remove /acct/uid_1013/pid_953: Device or resource busy
12-19 21:14:52.864  2804  2804 W system_server: failed to remove /acct/uid_1013/pid_951: Device or resource busy
12-19 21:14:52.864  2804  2804 W system_server: failed to remove /acct/uid_1013/pid_944: Device or resource busy
12-19 21:14:52.864  2804  2804 W system_server: failed to remove /acct/uid_1013: Permission denied
12-19 21:14:52.864  2804  2804 W system_server: failed to remove /acct/uid_2000/pid_931: Device or resource busy
12-19 21:14:52.864  2804  2804 W system_server: failed to remove /acct/uid_2000: Permission denied
12-19 21:14:52.864  2804  2804 W system_server: failed to remove /acct/uid_0/pid_2734: Device or resource busy
12-19 21:14:52.864  2804  2804 W system_server: failed to remove /acct/uid_0/pid_2731: Device or resource busy
12-19 21:14:52.864  2804  2804 W system_server: failed to remove /acct/uid_0/pid_1227: Device or resource busy
12-19 21:14:52.864  2804  2804 W system_server: failed to remove /acct/uid_0/pid_1226: Device or resource busy
12-19 21:14:52.864  2804  2804 W system_server: failed to remove /acct/uid_0/pid_1225: Device or resource busy
12-19 21:14:52.864  2804  2804 W system_server: failed to remove /acct/uid_0/pid_1173: Device or resource busy
12-19 21:14:52.864  2804  2804 W system_server: failed to remove /acct/uid_0/pid_1165: Device or resource busy
12-19 21:14:52.864  2804  2804 W system_server: failed to remove /acct/uid_0/pid_955: Device or resource busy
12-19 21:14:52.865  2804  2804 W system_server: failed to remove /acct/uid_0/pid_950: Device or resource busy
12-19 21:14:52.865  2804  2804 W system_server: failed to remove /acct/uid_0/pid_948: Device or resource busy
12-19 21:14:52.865  2804  2804 W system_server: failed to remove /acct/uid_0/pid_943: Device or resource busy
12-19 21:14:52.865  2804  2804 W system_server: failed to remove /acct/uid_0/pid_940: Device or resource busy
12-19 21:14:52.865  2804  2804 W system_server: failed to remove /acct/uid_0/pid_939: Device or resource busy
12-19 21:14:52.865  2804  2804 W system_server: failed to remove /acct/uid_0/pid_938: Device or resource busy
12-19 21:14:52.865  2804  2804 W system_server: failed to remove /acct/uid_0/pid_937: Device or resource busy
12-19 21:14:52.865  2804  2804 W system_server: failed to remove /acct/uid_0/pid_936: Device or resource busy
12-19 21:14:52.865  2804  2804 W system_server: failed to remove /acct/uid_0/pid_935: Device or resource busy
12-19 21:14:52.865  2804  2804 W system_server: failed to remove /acct/uid_0/pid_932: Device or resource busy
12-19 21:14:52.865  2804  2804 W system_server: failed to remove /acct/uid_0/pid_930: Device or resource busy
12-19 21:14:52.865  2804  2804 W system_server: failed to remove /acct/uid_0: Permission denied
12-19 21:14:52.865  2804  2804 W system_server: failed to remove /acct/uid_1000/pid_1229: Device or resource busy
12-19 21:14:52.865  2804  2804 W system_server: failed to remove /acct/uid_1000/pid_1228: Device or resource busy
12-19 21:14:52.865  2804  2804 W system_server: failed to remove /acct/uid_1000/pid_1223: Device or resource busy
12-19 21:14:52.865  2804  2804 W system_server: failed to remove /acct/uid_1000/pid_1222: Device or resource busy
12-19 21:14:52.865  2804  2804 W system_server: failed to remove /acct/uid_1000/pid_1221: Device or resource busy
12-19 21:14:52.865  2804  2804 W system_server: failed to remove /acct/uid_1000/pid_1220: Device or resource busy
12-19 21:14:52.866  2804  2804 W system_server: failed to remove /acct/uid_1000/pid_1219: Device or resource busy
12-19 21:14:52.866  2804  2804 W system_server: failed to remove /acct/uid_1000/pid_1158: Device or resource busy
12-19 21:14:52.866  2804  2804 W system_server: failed to remove /acct/uid_1000/pid_1157: Device or resource busy
12-19 21:14:52.866  2804  2804 W system_server: failed to remove /acct/uid_1000/pid_1156: Device or resource busy
12-19 21:14:52.866  2804  2804 W system_server: failed to remove /acct/uid_1000/pid_947: Device or resource busy
12-19 21:14:52.866  2804  2804 W system_server: failed to remove /acct/uid_1000/pid_946: Device or resource busy
12-19 21:14:52.866  2804  2804 W system_server: failed to remove /acct/uid_1000/pid_941: Device or resource busy
12-19 21:14:52.866  2804  2804 W system_server: failed to remove /acct/uid_1000/pid_934: Device or resource busy
12-19 21:14:52.866  2804  2804 W system_server: failed to remove /acct/uid_1000/pid_933: Device or resource busy
12-19 21:14:52.866  2804  2804 W system_server: failed to remove /acct/uid_1000: Permission denied
12-19 21:14:52.866  2804  2804 W system_server: failed to remove /acct/uid_1036/pid_1155: Device or resource busy
12-19 21:14:52.866  2804  2804 W system_server: failed to remove /acct/uid_1036: Permission denied
12-19 21:14:52.869  2804  2804 D AppOps  : AppOpsService published
12-19 21:14:52.870  2804  2804 D SystemServerTiming: StartActivityManager took to complete: 165ms
12-19 21:14:52.870  2804  2804 I SystemServer: StartPowerManager
12-19 21:14:52.870  2804  2804 I SystemServiceManager: Starting com.android.server.power.PowerManagerService
12-19 21:14:52.873  2804  2829 I ServiceThread: Enabled StrictMode logging for PowerManagerService looper.
12-19 21:14:52.879  2804  2804 I vndksupport: sphal namespace is not configured for this process. Loading /vendor/lib64/hw/power.msm8992.so from the current namespace instead.
12-19 21:14:52.881  2804  2804 I QCOM PowerHAL: QCOM power HAL initing.
12-19 21:14:52.883  2804  2804 I PowerManagerService-JNI: Loaded power HAL service
12-19 21:14:52.883  2804  2804 I libsuspend: Selected wakeup count
12-19 21:14:52.883  2804  2804 I QCOM PowerHAL: Got set_interactive hint
12-19 21:14:52.885  2804  2804 D SystemServerTiming: StartPowerManager took to complete: 15ms
12-19 21:14:52.885  2804  2804 I SystemServer: InitPowerManagement
12-19 21:14:52.887  2804  2804 D SystemServerTiming: InitPowerManagement took to complete: 2ms
12-19 21:14:52.887  2804  2804 I SystemServer: StartRecoverySystemService
12-19 21:14:52.888  2804  2804 I SystemServiceManager: Starting com.android.server.RecoverySystemService
12-19 21:14:52.889  2804  2804 D SystemServerTiming: StartRecoverySystemService took to complete: 2ms
12-19 21:14:52.889  2804  2804 V RescueParty: Disabled because of active USB connection
12-19 21:14:52.889  2804  2804 I SystemServer: StartLightsService
12-19 21:14:52.890  2804  2804 I SystemServiceManager: Starting com.android.server.lights.LightsService
12-19 21:14:52.890  2804  2804 D SystemServerTiming: StartLightsService took to complete: 0ms
12-19 21:14:52.890  2804  2804 I SystemServer: StartDisplayManager
12-19 21:14:52.891  2804  2804 I SystemServiceManager: Starting com.android.server.display.DisplayManagerService
12-19 21:14:52.893  2804  2804 D SystemServerTiming: StartDisplayManager took to complete: 3ms
12-19 21:14:52.893  2804  2804 I SystemServer: WaitForDisplay
12-19 21:14:52.893  2804  2804 I SystemServiceManager: Starting phase 100
12-19 21:14:52.908  2804  2827 I DisplayManagerService: Display device added: DisplayDeviceInfo{"Built-in Screen": uniqueId="local:0", 1440 x 2560, modeId 1, defaultModeId 1, supportedModes [{id=1, width=1440, height=2560, fps=60.0}], colorMode 0, supportedColorModes [0], HdrCapabilities android.view.Display$HdrCapabilities@a69d6308, density 560, 537.882 x 537.388 dpi, appVsyncOff 1000000, presDeadline 16666667, touch INTERNAL, rotation 0, type BUILT_IN, state UNKNOWN, FLAG_DEFAULT_DISPLAY, FLAG_ROTATES_WITH_CONTENT, FLAG_SECURE, FLAG_SUPPORTS_PROTECTED_BUFFERS}
12-19 21:14:52.910  1229  1229 D SurfaceFlinger: Set power mode=2, type=0 flinger=0x781ee6d000
12-19 21:14:52.911  1229  1229 D SurfaceFlinger: Screen type=0 is already mode=2
12-19 21:14:52.928  2804  2827 E light   : light_open lights keyboard failed: -22
12-19 21:14:52.928  2804  2827 E light   : Light passthrough failed to load legacy HAL.
12-19 21:14:52.930  2804  2827 E light   : light_open lights buttons failed: -22
12-19 21:14:52.930  2804  2827 E light   : Light passthrough failed to load legacy HAL.
12-19 21:14:52.936  2804  2827 E light   : light_open lights bluetooth failed: -22
12-19 21:14:52.936  2804  2827 E light   : Light passthrough failed to load legacy HAL.
12-19 21:14:52.937  2804  2827 E light   : light_open lights wifi failed: -22
12-19 21:14:52.937  2804  2827 E light   : Light passthrough failed to load legacy HAL.
12-19 21:14:52.940  2804  2804 D SystemServerTiming: WaitForDisplay took to complete: 47ms
12-19 21:14:52.941  2804  2827 I DisplayManagerService: Display device changed state: "Built-in Screen", ON
12-19 21:14:52.941  2804  2804 I SystemServer: StartPackageManagerService
12-19 21:14:53.006  2804  2804 D SELinuxMMAC: Using policy file /system/etc/selinux/plat_mac_permissions.xml
12-19 21:14:53.012  2804  2804 D SELinuxMMAC: Using policy file /vendor/etc/selinux/nonplat_mac_permissions.xml
12-19 21:14:53.167  2804  2804 W PackageManager: Wiping cache directory because the system partition changed.
12-19 21:14:53.167  2804  2804 D PackageManager: No files in app dir /vendor/overlay
12-19 21:14:53.302  2804  2804 D PackageManager: No files in app dir /system/vendor/app
12-19 21:14:53.302  2804  2804 D PackageManager: No files in app dir /oem/app
12-19 21:14:53.304  2804  2804 D PackageManager: No files in app dir /data/app
12-19 21:14:53.304  2804  2804 D PackageManager: No files in app dir /data/app-private
12-19 21:14:53.304   940  1019 E ThermalEngine: ACTION: CLUSTER - Setting CLUSTER[1] to 1248000
12-19 21:14:53.308  2804  2804 I PackageManager: Time to scan packages: 0.141 seconds
12-19 21:14:53.314  2804  2804 V PackageManager: reconcileAppsData for null u0 0x3 migrateAppData=true
12-19 21:14:53.334   940  1019 E ThermalEngine: ACTION: CLUSTER - Setting CLUSTER[1] to 1344000
12-19 21:14:53.395   940  1019 E ThermalEngine: ACTION: CLUSTER - Setting CLUSTER[1] to 1248000
12-19 21:14:53.426   940  1019 E ThermalEngine: ACTION: CLUSTER - Setting CLUSTER[1] to 960000
12-19 21:14:53.575  2804  2804 V PackageManager: reconcileAppsData finished 21 packages
12-19 21:14:53.577  2804  2804 V PackageManager: Disabling com.google.android.gsf/com.google.android.gsf.update.SystemUpdateActivity
12-19 21:14:53.577  2804  2845 D SystemServerInitThreadPool: Started executing prepareAppData
12-19 21:14:53.577  2804  2804 W PackageManager: Unable to disable com.google.android.gsf/com.google.android.gsf.update.SystemUpdateActivity
12-19 21:14:53.577  2804  2804 V PackageManager: Disabling com.google.android.gsf/com.google.android.gsf.update.SystemUpdateService$Receiver
12-19 21:14:53.577  2804  2804 W PackageManager: Unable to disable com.google.android.gsf/com.google.android.gsf.update.SystemUpdateService$Receiver
12-19 21:14:53.578  2804  2804 V PackageManager: Disabling com.google.android.gsf/com.google.android.gsf.update.SystemUpdateService$SecretCodeReceiver
12-19 21:14:53.578  2804  2804 W PackageManager: Unable to disable com.google.android.gsf/com.google.android.gsf.update.SystemUpdateService$SecretCodeReceiver
12-19 21:14:53.578  2804  2804 V PackageManager: Disabling com.google.android.gsf/com.google.android.gsf.update.SystemUpdateServiceReceiver
12-19 21:14:53.578  2804  2804 W PackageManager: Unable to disable com.google.android.gsf/com.google.android.gsf.update.SystemUpdateServiceReceiver
12-19 21:14:53.578  2804  2804 V PackageManager: Disabling com.google.android.gms/com.google.android.gms.update.SystemUpdateActivity
12-19 21:14:53.578  2804  2804 W PackageManager: Unable to disable com.google.android.gms/com.google.android.gms.update.SystemUpdateActivity
12-19 21:14:53.578  2804  2804 V PackageManager: Disabling com.google.android.gms/com.google.android.gms.update.SystemUpdateService$Receiver
12-19 21:14:53.578  2804  2804 W PackageManager: Unable to disable com.google.android.gms/com.google.android.gms.update.SystemUpdateService$Receiver
12-19 21:14:53.578  2804  2804 V PackageManager: Disabling com.google.android.gms/com.google.android.gms.update.SystemUpdateService$ActiveReceiver
12-19 21:14:53.578  2804  2804 W PackageManager: Unable to disable com.google.android.gms/com.google.android.gms.update.SystemUpdateService$ActiveReceiver
12-19 21:14:53.578  2804  2804 V PackageManager: Disabling com.google.android.gms/com.google.android.gms.update.SystemUpdateService$SecretCodeReceiver
12-19 21:14:53.578  2804  2804 W PackageManager: Unable to disable com.google.android.gms/com.google.android.gms.update.SystemUpdateService$SecretCodeReceiver
12-19 21:14:53.578  2804  2804 V PackageManager: Disabling com.google.android.gms/com.google.android.gms.update.SystemUpdateServiceReceiver
12-19 21:14:53.578  2804  2804 W PackageManager: Unable to disable com.google.android.gms/com.google.android.gms.update.SystemUpdateServiceReceiver
12-19 21:14:53.579  2804  2804 V PackageManager: Enabling com.google.android.gsf/com.google.android.gsf.update.SystemUpdateService
12-19 21:14:53.579  2804  2804 W PackageManager: Unable to enable com.google.android.gsf/com.google.android.gsf.update.SystemUpdateService
12-19 21:14:53.579  2804  2804 V PackageManager: Enabling com.google.android.gms/com.google.android.gms.update.SystemUpdateService
12-19 21:14:53.579  2804  2804 W PackageManager: Unable to enable com.google.android.gms/com.google.android.gms.update.SystemUpdateService
12-19 21:14:53.597   948   948 W installd: Ignoring /data/data/com.android.webview/lib with unexpected GID 0 instead of 10057
12-19 21:14:53.617  2804  2845 D SystemServerTimingAsync: AppDataFixup took to complete: 40ms
12-19 21:14:53.667  2804  2804 E PackageManager: There should probably be a verifier, but, none were found
12-19 21:14:53.673  2804  2804 D PackageManager: Ephemeral resolver not found with new action; try old one
12-19 21:14:53.673  2804  2804 D PackageManager: Ephemeral resolver NOT found; no matching intent filters
12-19 21:14:53.673  2804  2804 D PackageManager: Ephemeral installer not found with new action; try old one
12-19 21:14:53.674  2804  2804 D PackageManager: Clear ephemeral installer activity
12-19 21:14:53.745  2804  2804 I zygote64: Explicit concurrent copying GC freed 45319(2MB) AllocSpace objects, 24(928KB) LOS objects, 42% free, 2MB/4MB, paused 237us total 63.774ms
12-19 21:14:53.747  2804  2804 D FallbackCategoryProvider: Found 1 fallback categories
12-19 21:14:53.748   940  1015 E ThermalEngine: TM Id 'wlchg_monitor' Sensor 'xo_therm' - alarm raised 1 at 42.0 degC
12-19 21:14:53.748   940  1015 I ThermalEngine: ACTION: wireless_chg - Setting battery charging mitigation to 900 (default 0)
12-19 21:14:53.750  2804  2804 D SystemServerTiming: StartPackageManagerService took to complete: 809ms
12-19 21:14:53.750  2804  2804 I SystemServer: StartOtaDexOptService
12-19 21:14:53.751  2804  2804 D OTADexopt: No upgrade, skipping A/B artifacts check.
12-19 21:14:53.751  2804  2804 D SystemServerTiming: StartOtaDexOptService took to complete: 1ms
12-19 21:14:53.751  2804  2804 I SystemServer: StartUserManagerService
12-19 21:14:53.752  2804  2804 I SystemServiceManager: Starting com.android.server.pm.UserManagerService$LifeCycle
12-19 21:14:53.752  2804  2804 D SystemServerTiming: StartUserManagerService took to complete: 0ms
12-19 21:14:53.752  2804  2804 I SystemServer: InitAttributerCache
12-19 21:14:53.753  2804  2804 D SystemServerTiming: InitAttributerCache took to complete: 1ms
12-19 21:14:53.753  2804  2804 I SystemServer: SetSystemProcess
12-19 21:14:53.766   950   950 I lowmemorykiller: ActivityManager connected
12-19 21:14:53.767  2804  2804 D SystemServerTiming: SetSystemProcess took to complete: 14ms
12-19 21:14:53.771  2804  2847 I ServiceThread: Enabled StrictMode logging for android.anim looper.
12-19 21:14:53.778  2804  2804 I SystemServer: StartOverlayManagerService
12-19 21:14:53.780  2804  2804 D SystemServerTiming: StartOverlayManagerService took to complete: 2ms
12-19 21:14:53.781  2804  2848 D SystemServerInitThreadPool: Started executing Init OverlayManagerService
12-19 21:14:53.784  2804  2804 I SystemServer: StartDropBoxManager
12-19 21:14:53.784  2804  2804 I SystemServiceManager: Starting com.android.server.DropBoxManagerService
12-19 21:14:53.786  2804  2804 D SystemServerTiming: StartDropBoxManager took to complete: 2ms
12-19 21:14:53.786  2804  2804 I SystemServer: StartBatteryService
12-19 21:14:53.786  2804  2804 I SystemServiceManager: Starting com.android.server.BatteryService
12-19 21:14:53.787  2804  2849 D SystemServerInitThreadPool: Started executing StartSensorService
12-19 21:14:53.787  2804  2849 D SensorService: nuSensorService starting...
12-19 21:14:53.792  2804  2804 D SystemServerTiming: StartBatteryService took to complete: 6ms
12-19 21:14:53.792  2804  2804 I SystemServer: StartUsageService
12-19 21:14:53.792  2804  2815 D lights  : Using onoff pattern: 0x000000
12-19 21:14:53.793  2804  2804 I SystemServiceManager: Starting com.android.server.usage.UsageStatsService
12-19 21:14:53.800  2804  2804 D SystemServerTiming: StartUsageService took to complete: 8ms
12-19 21:14:53.800  2804  2804 I SystemServer: StartWebViewUpdateService
12-19 21:14:53.801  2804  2804 I SystemServiceManager: Starting com.android.server.webkit.WebViewUpdateService
12-19 21:14:53.812  2804  2804 D SystemServerTiming: StartWebViewUpdateService took to complete: 12ms
12-19 21:14:53.822  2804  2804 I SystemServer: StartKeyAttestationApplicationIdProviderService
12-19 21:14:53.822  2804  2817 D SystemServerInitThreadPool: Started executing SecondaryZygotePreload
12-19 21:14:53.822  2804  2817 I SystemServer: SecondaryZygotePreload
12-19 21:14:53.825  2804  2817 I Zygote  : Process: zygote socket zygote opened, supported ABIS: arm64-v8a
12-19 21:14:53.829  2804  2804 D SystemServerTiming: StartKeyAttestationApplicationIdProviderService took to complete: 7ms
12-19 21:14:53.829  2804  2804 I SystemServer: StartKeyChainSystemService
12-19 21:14:53.829  2804  2804 I SystemServiceManager: Starting com.android.server.security.KeyChainSystemService
12-19 21:14:53.830  2804  2804 D SystemServerTiming: StartKeyChainSystemService took to complete: 1ms
12-19 21:14:53.830  2804  2804 I SystemServer: StartSchedulingPolicyService
12-19 21:14:53.832  2804  2804 D SystemServerTiming: StartSchedulingPolicyService took to complete: 2ms
12-19 21:14:53.832  2804  2804 I SystemServer: StartTelecomLoaderService
12-19 21:14:53.836  2804  2804 I SystemServiceManager: Starting com.android.server.telecom.TelecomLoaderService
12-19 21:14:53.838  2804  2804 D SystemServerTiming: StartTelecomLoaderService took to complete: 6ms
12-19 21:14:53.838  2804  2804 I SystemServer: StartTelephonyRegistry
12-19 21:14:53.839  2804  2817 I Zygote  : Process: zygote socket zygote_secondary opened, supported ABIS: armeabi-v7a,armeabi
12-19 21:14:53.850  2804  2817 E SystemServer: Unable to preload default resources
12-19 21:14:53.850  2804  2817 D SystemServerTimingAsync: SecondaryZygotePreload took to complete: 28ms
12-19 21:14:53.850  2804  2817 D SystemServerInitThreadPool: Finished executing SecondaryZygotePreload
12-19 21:14:53.861  2804  2848 D SystemServerInitThreadPool: Finished executing Init OverlayManagerService
12-19 21:14:53.865  2804  2804 D SystemServerTiming: StartTelephonyRegistry took to complete: 27ms
12-19 21:14:53.867  2849  2849 I system-server-i: type=1400 audit(0.0:996): avc: denied { getattr } for path="/dev/sensors" dev="tmpfs" ino=9734 scontext=u:r:system_server:s0 tcontext=u:object_r:device:s0 tclass=chr_file permissive=1
12-19 21:14:53.865  2804  2804 I SystemServer: StartEntropyMixer
12-19 21:14:53.867  2849  2849 I system-server-i: type=1400 audit(0.0:997): avc: denied { write } for name="sensor_ctl_socket" dev="tmpfs" ino=22852 scontext=u:r:system_server:s0 tcontext=u:object_r:socket_device:s0 tclass=sock_file permissive=1
12-19 21:14:53.867   939   939 I sensors.qcom: type=1400 audit(0.0:998): avc: denied { create } for scontext=u:r:init:s0 tcontext=u:r:init:s0 tclass=socket permissive=1
12-19 21:14:53.867   939   939 I sensors.qcom: type=1400 audit(0.0:999): avc: denied { ioctl } for path="socket:[35964]" dev="sockfs" ino=35964 ioctlcmd=c304 scontext=u:r:init:s0 tcontext=u:r:init:s0 tclass=socket permissive=1
12-19 21:14:53.867   939   939 I sensors.qcom: type=1400 audit(0.0:1000): avc: denied { write } for scontext=u:r:init:s0 tcontext=u:r:init:s0 tclass=socket permissive=1
12-19 21:14:53.871   960   960 I sensors.qcom: type=1400 audit(0.0:1001): avc: denied { read } for scontext=u:r:init:s0 tcontext=u:r:init:s0 tclass=socket permissive=1
12-19 21:14:53.871  2804  2804 I EntropyMixer: Writing entropy...
12-19 21:14:53.872  2804  2804 D SystemServerTiming: StartEntropyMixer took to complete: 7ms
12-19 21:14:53.872  2804  2804 I SystemServer: Camera Service Proxy
12-19 21:14:53.872  2804  2804 I SystemServer: StartCameraServiceProxy
12-19 21:14:53.873  2804  2804 I SystemServiceManager: Starting com.android.server.camera.CameraServiceProxy
12-19 21:14:53.875  2804  2857 I ServiceThread: Enabled StrictMode logging for CameraService_proxy looper.
12-19 21:14:53.877  2804  2804 D SystemServerTiming: StartCameraServiceProxy took to complete: 5ms
12-19 21:14:53.877  2804  2804 I SystemServer: StartAccountManagerService
12-19 21:14:53.877  2804  2849 V sensors_hal_Time: Sensor1 opened for time_service
12-19 21:14:53.877  2804  2849 D sensors_hal_Ctx: SensorsContext: Wake Up Sensors are enabled!
12-19 21:14:53.877  2804  2804 I SystemServiceManager: Starting com.android.server.accounts.AccountManagerService$Lifecycle
12-19 21:14:53.877   939   939 E QMI_FW  : xport_send: Sendto failed for port 1792
12-19 21:14:53.877   939   939 E QMI_FW  : QCCI qmi_cci_flush_tx_q: Error sending TXN: svc_id: 256 txn_id: 1 msg_id: 1
12-19 21:14:53.877   939   939 E Sensors : sns_acm_mr.c(499):Transport error -16
12-19 21:14:53.889  2804  2804 D SystemServerTiming: StartAccountManagerService took to complete: 12ms
12-19 21:14:53.890  2804  2804 I SystemServer: StartContentService
12-19 21:14:53.890  2804  2804 I SystemServiceManager: Starting com.android.server.content.ContentService$Lifecycle
12-19 21:14:53.894  2804  2804 D SystemServerTiming: StartContentService took to complete: 4ms
12-19 21:14:53.894  2804  2804 I SystemServer: InstallSystemProviders
12-19 21:14:53.928  2844  2844 I cameraserver: ServiceManager: 0xeb997580
12-19 21:14:53.928  2844  2844 I CameraService: CameraService started (pid=2844)
12-19 21:14:53.928  2844  2844 I CameraService: CameraService process starting
12-19 21:14:53.941  2844  2844 I vndksupport: sphal namespace is not configured for this process. Loading /vendor/lib/hw/camera.msm8992.so from the current namespace instead.
12-19 21:14:54.071  2804  2845 D SystemServerTimingAsync: AppDataPrepare took to complete: 454ms
12-19 21:14:54.071  2804  2845 I PackageManager: Deferred reconcileAppsData finished 64 packages
12-19 21:14:54.071  2804  2845 D SystemServerInitThreadPool: Finished executing prepareAppData
12-19 21:14:54.323  2863  2863 I init    : type=1400 audit(0.0:1002): avc: denied { execute_no_trans } for path="/system/vendor/bin/perfd" dev="mmcblk0p47" ino=2263 scontext=u:r:init:s0 tcontext=u:object_r:vendor_file:s0 tclass=file permissive=1
12-19 21:14:54.337  2863  2863 E ANDR-PERF-MPCTL: Unable to create control service (stage=1, rc=0)
12-19 21:14:54.337  2863  2863 W libc    : invalid pthread_t (0) passed to libc
12-19 21:14:54.673   940  1019 E ThermalEngine: ACTION: CLUSTER - Setting CLUSTER[1] to 1248000
12-19 21:14:54.704   940  1019 E ThermalEngine: ACTION: CLUSTER - Setting CLUSTER[1] to 1344000
12-19 21:14:54.734   940  1019 E ThermalEngine: ACTION: CLUSTER - Setting CLUSTER[1] to 1440000
12-19 21:14:54.765   940  1019 E ThermalEngine: ACTION: CLUSTER - Setting CLUSTER[1] to 1536000
12-19 21:14:54.796   940  1019 E ThermalEngine: ACTION: CLUSTER - Setting CLUSTER[1] to 1632000
12-19 21:14:54.826   940  1019 E ThermalEngine: ACTION: CLUSTER - Setting CLUSTER[1] to 1689600
12-19 21:14:54.858   940  1019 E ThermalEngine: ACTION: CLUSTER - Setting CLUSTER[1] to 1824000
12-19 21:14:54.877  2804  2849 E sensors_hal_Util: waitForResponse: pthread_cond_timedwait() rc=110 (cond: 0)
12-19 21:14:54.877  2804  2849 E sensors_hal_Ctx: sendSMGRVersionReq: SMGR version request timed out
12-19 21:14:54.878  2804  2849 E sensors_hal_Ctx: SensorsContext: SMGR version request failed!
12-19 21:14:54.878   939   939 E QMI_FW  : xport_send: Sendto failed for port 1792
12-19 21:14:54.879   939   939 E QMI_FW  : QCCI qmi_cci_flush_tx_q: Error sending TXN: svc_id: 256 txn_id: 2 msg_id: 5
12-19 21:14:54.879   939   939 E Sensors : sns_acm_mr.c(499):Transport error -16
