01-07 03:53:32.512  1144  1144 W qdcopybit: open_copybit i = 20 surface_id=-1026555882
01-07 03:53:32.512  1144  1144 W qdcopybit: open_copybit i = 21 surface_id=-1026555881
01-07 03:53:32.512  1144  1144 W qdcopybit: open_copybit i = 22 surface_id=-1026555880
01-07 03:53:32.512  1144  1144 W qdcopybit: open_copybit i = 23 surface_id=-1026555879
01-07 03:53:32.512  1144  1144 W qdcopybit: open_copybit i = 24 surface_id=-1026555878
01-07 03:53:32.512  1144  1144 W qdcopybit: open_copybit i = 25 surface_id=-1026555877
01-07 03:53:32.512  1144  1144 W qdcopybit: open_copybit i = 26 surface_id=-1026555876
01-07 03:53:32.512  1144  1144 W qdcopybit: open_copybit i = 27 surface_id=-1026555875
01-07 03:53:32.512  1144  1144 W qdcopybit: open_copybit i = 28 surface_id=-1026555874
01-07 03:53:32.512  1144  1144 W qdcopybit: open_copybit i = 29 surface_id=-1026555873
01-07 03:53:32.512  1144  1144 W qdcopybit: open_copybit i = 30 surface_id=-1026555872
01-07 03:53:32.512  1144  1144 W qdcopybit: open_copybit i = 31 surface_id=-1026555871
01-07 03:53:32.512  1144  1144 W qdcopybit: open_copybit: 2 Plane YUV i=0 surface_id=-1026555869
01-07 03:53:32.512  1144  1144 W qdcopybit: open_copybit: 2 Plane YUV i=1 surface_id=-1026555868
01-07 03:53:32.512  1144  1144 W qdcopybit: open_copybit: 2 Plane YUV i=2 surface_id=-1026555867
01-07 03:53:32.512  1144  1144 W qdcopybit: open_copybit: 2 Plane YUV i=3 surface_id=-1026555866
01-07 03:53:32.512  1144  1144 W qdcopybit: open_copybit: 3 Plane YUV i=0 surface_id=-1026555864
01-07 03:53:32.513  1144  1144 I qdhwcomposer: Successfully Loaded perf hint API's
01-07 03:53:32.513  1144  1144 I qdhwcomposer: PerfHintWindow = 50
01-07 03:53:32.513  1144  1144 I qdhwcomposer: Initializing Qualcomm Hardware Composer
01-07 03:53:32.513  1144  1144 I qdhwcomposer: MDP version: 500
01-07 03:53:32.513  1144  1144 I SurfaceFlinger: Using composer version 1.5
01-07 03:53:32.513  1144  1144 I qdhwcomposer: hwc_registerProcs
01-07 03:53:32.513  1144  1144 I qdhwcomposer: Initializing UEVENT Thread
01-07 03:53:32.513  1144  1144 I qdhwcomposer: Initializing VSYNC Thread
01-07 03:53:32.513  1144  1144 D qdhwcomposer: hwc_getDisplayAttributes disp = 0, width = 1440
01-07 03:53:32.513  1144  1144 D qdhwcomposer: hwc_getDisplayAttributes disp = 0, height = 2560
01-07 03:53:32.513  1144  1144 W qdhwcomposer: hwc_getDisplayConfigs display (1) is not connected anymore
01-07 03:53:32.514  1144  1144 I SurfaceFlinger: EGL information:
01-07 03:53:32.514  1144  1144 I SurfaceFlinger: vendor    : Android
01-07 03:53:32.515  1144  1144 I SurfaceFlinger: version   : 1.4 Android META-EGL
01-07 03:53:32.515  1144  1144 I SurfaceFlinger: extensions: EGL_KHR_get_all_proc_addresses EGL_ANDROID_presentation_time EGL_KHR_swap_buffers_with_damage EGL_ANDROID_get_native_client_buffer EGL_ANDROID_front_buffer_auto_refresh EGL_ANDROID_get_frame_timestamps EGL_KHR_image EGL_KHR_image_base EGL_KHR_lock_surface EGL_KHR_gl_colorspace EGL_KHR_gl_texture_2D_image EGL_KHR_gl_texture_3D_image EGL_KHR_gl_texture_cubemap_image EGL_KHR_gl_renderbuffer_image EGL_KHR_reusable_sync EGL_KHR_fence_sync EGL_KHR_create_context EGL_KHR_surfaceless_context EGL_EXT_create_context_robustness EGL_ANDROID_image_native_buffer EGL_KHR_wait_sync EGL_ANDROID_recordable EGL_KHR_partial_update EGL_KHR_create_context_no_error EGL_KHR_mutable_render_buffer EGL_EXT_yuv_surface EGL_IMG_context_priority 
01-07 03:53:32.515  1144  1144 I SurfaceFlinger: Client API: OpenGL_ES
01-07 03:53:32.515  1144  1144 I SurfaceFlinger: EGLSurface: 8-8-8-8, config=0x7410fc9bc0
01-07 03:53:32.519  1144  1144 I SurfaceFlinger: OpenGL ES informations:
01-07 03:53:32.519  1144  1144 I SurfaceFlinger: vendor    : Qualcomm
01-07 03:53:32.519  1144  1144 I SurfaceFlinger: renderer  : Adreno (TM) 418
01-07 03:53:32.519  1144  1144 I SurfaceFlinger: version   : OpenGL ES 3.2 V@145.0 (GIT@I25dc76dc3f)
01-07 03:53:32.519  1144  1144 I SurfaceFlinger: extensions: GL_OES_EGL_image GL_OES_EGL_image_external GL_OES_EGL_sync GL_OES_vertex_half_float GL_OES_framebuffer_object GL_OES_rgb8_rgba8 GL_OES_compressed_ETC1_RGB8_texture GL_AMD_compressed_ATC_texture GL_KHR_texture_compression_astc_ldr GL_OES_texture_npot GL_EXT_texture_filter_anisotropic GL_EXT_texture_format_BGRA8888 GL_OES_texture_3D GL_EXT_color_buffer_float GL_EXT_color_buffer_half_float GL_QCOM_alpha_test GL_OES_depth24 GL_OES_packed_depth_stencil GL_OES_depth_texture GL_OES_depth_texture_cube_map GL_EXT_sRGB GL_OES_texture_float GL_OES_texture_float_linear GL_OES_texture_half_float GL_OES_texture_half_float_linear GL_EXT_texture_type_2_10_10_10_REV GL_EXT_texture_sRGB_decode GL_OES_element_index_uint GL_EXT_copy_image GL_EXT_geometry_shader GL_EXT_tessellation_shader GL_OES_texture_stencil8 GL_EXT_shader_io_blocks GL_OES_shader_image_atomic GL_OES_sample_variables GL_EXT_texture_border_clamp GL_EXT_multisampled_render_to_texture GL_OES_shader_multisample_interpolation GL_EXT_texture_cube_map_arr
01-07 03:53:32.519  1144  1144 I SurfaceFlinger: GL_MAX_TEXTURE_SIZE = 16384
01-07 03:53:32.519  1144  1144 I SurfaceFlinger: GL_MAX_VIEWPORT_DIMS = 16384
01-07 03:53:32.521  1095  1095 I FastMixerState: sMaxFastTracks = 8
01-07 03:53:32.530  1144  1405 I qdhwcomposer: vsync_loop: Reading event 0 for dpy 0 from /sys/class/graphics/fb0/vsync_event
01-07 03:53:32.531  1144  1405 I qdhwcomposer: vsync_loop: Reading event 1 for dpy 0 from /sys/class/graphics/fb0/show_blank_event
01-07 03:53:32.531  1144  1405 I qdhwcomposer: vsync_loop: Reading event 2 for dpy 0 from /sys/class/graphics/fb0/msm_fb_thermal_level
01-07 03:53:32.531  1144  1405 I qdhwcomposer: vsync_loop: Reading event 0 for dpy 1 from /sys/class/graphics/fb1/vsync_event
01-07 03:53:32.531  1144  1405 I qdhwcomposer: vsync_loop: Reading event 1 for dpy 1 from /sys/class/graphics/fb1/show_blank_event
01-07 03:53:32.531  1144  1405 I qdhwcomposer: vsync_loop: Reading event 2 for dpy 1 from /sys/class/graphics/fb1/msm_fb_thermal_level
01-07 03:53:32.531  1144  1405 I qdhwcomposer: vsync_loop: Reading event 0 for dpy 2 from /sys/class/graphics/fb1/vsync_event
01-07 03:53:32.531  1144  1405 I qdhwcomposer: vsync_loop: Reading event 1 for dpy 2 from /sys/class/graphics/fb1/show_blank_event
01-07 03:53:32.531  1144  1405 I qdhwcomposer: vsync_loop: Reading event 2 for dpy 2 from /sys/class/graphics/fb1/msm_fb_thermal_level
01-07 03:53:32.531  1095  1095 I audioserver: ServiceManager: 0xf0c174a0
01-07 03:53:32.531  1095  1095 W BatteryNotifier: batterystats service unavailable!
01-07 03:53:32.608  1095  1095 I AudioFlinger: Using default 3000 mSec as standby time.
01-07 03:53:32.613  1095  1095 E APM::Serializer: deserialize: Could not parse /odm/etc/audio_policy_configuration.xml document.
01-07 03:53:32.613  1095  1095 E APM::Serializer: deserialize: Could not parse /vendor/etc/audio_policy_configuration.xml document.
01-07 03:53:32.705  1095  1095 I vndksupport: sphal namespace is not configured for this process. Loading /vendor/lib/hw/audio.primary.default.so from the current namespace instead.
01-07 03:53:32.706  1095  1095 W DeviceHAL: Device 0xf0c73000 get_master_volume: Function not implemented
01-07 03:53:32.706  1095  1095 W DeviceHAL: Device 0xf0c73000 get_master_mute: Function not implemented
01-07 03:53:32.706  1095  1095 W DeviceHAL: Device 0xf0c73000 set_master_volume: Function not implemented
01-07 03:53:32.706  1095  1095 W DeviceHAL: Device 0xf0c73000 set_master_mute: Function not implemented
01-07 03:53:32.706  1095  1095 I AudioFlinger: loadHwModule() Loaded primary audio interface, handle 10
01-07 03:53:32.706  1095  1095 I AudioFlinger: openOutput() this 0xf0c3d000, module 10 Device 2, SamplingRate 48000, Format 0x000001, Channels 3, flags 2
01-07 03:53:32.707  1095  1095 I AudioFlinger: HAL output buffer size 1024 frames, normal sink buffer size 1024 frames
01-07 03:53:32.748  1095  1095 W EffectsFactory: checkLibraryPath() corrected library path /system/lib/soundfx/libbundlewrapper.so to /vendor/lib/soundfx/libbundlewrapper.so
01-07 03:53:32.749  1095  1095 W EffectsFactory: checkLibraryPath() corrected library path /system/lib/soundfx/libreverbwrapper.so to /vendor/lib/soundfx/libreverbwrapper.so
01-07 03:53:32.772  1095  1095 W EffectsFactory: checkLibraryPath() corrected library path /system/lib/soundfx/libvisualizer.so to /vendor/lib/soundfx/libvisualizer.so
01-07 03:53:32.773  1095  1095 W EffectsFactory: loadLibrary() could not find library /system/lib/soundfx/libqcomvisualizer.so
01-07 03:53:32.773  1095  1095 W EffectsFactory: checkLibraryPath() corrected library path /system/lib/soundfx/libdownmix.so to /vendor/lib/soundfx/libdownmix.so
01-07 03:53:32.774  1095  1095 W EffectsFactory: checkLibraryPath() corrected library path /system/lib/soundfx/libldnhncr.so to /vendor/lib/soundfx/libldnhncr.so
01-07 03:53:32.775  1095  1095 W EffectsFactory: checkLibraryPath() corrected library path /system/lib/soundfx/libeffectproxy.so to /vendor/lib/soundfx/libeffectproxy.so
01-07 03:53:32.776  1095  1095 W EffectsFactory: loadLibrary() could not find library /system/lib/soundfx/libqcompostprocbundle.so
01-07 03:53:32.776  1095  1095 W EffectsFactory: loadLibrary() could not find library /system/lib/soundfx/libqcomvoiceprocessing.so
01-07 03:53:32.789  1095  1095 W EffectsFactory: addSubEffect() could not get library offload_bundle
01-07 03:53:32.789  1095  1095 W EffectsFactory: loadEffect() could not add subEffect 
01-07 03:53:32.789  1095  1095 W EffectsFactory: addSubEffect() could not get library offload_bundle
01-07 03:53:32.789  1095  1095 W EffectsFactory: loadEffect() could not add subEffect 
01-07 03:53:32.789  1095  1095 W EffectsFactory: addSubEffect() could not get library offload_bundle
01-07 03:53:32.789  1095  1095 W EffectsFactory: loadEffect() could not add subEffect 
01-07 03:53:32.790  1095  1095 W EffectsFactory: addSubEffect() could not get library offload_bundle
01-07 03:53:32.790  1095  1095 W EffectsFactory: loadEffect() could not add subEffect 
01-07 03:53:32.790  1095  1095 W EffectsFactory: addSubEffect() could not get library offload_bundle
01-07 03:53:32.790  1095  1095 W EffectsFactory: loadEffect() could not add subEffect 
01-07 03:53:32.790  1095  1095 W EffectsFactory: addSubEffect() could not get library offload_bundle
01-07 03:53:32.790  1095  1095 W EffectsFactory: loadEffect() could not add subEffect 
01-07 03:53:32.790  1095  1095 W EffectsFactory: addSubEffect() could not get library offload_bundle
01-07 03:53:32.790  1095  1095 W EffectsFactory: loadEffect() could not add subEffect 
01-07 03:53:32.790  1095  1095 W EffectsFactory: addSubEffect() could not get library visualizer_hw
01-07 03:53:32.790  1095  1095 W EffectsFactory: loadEffect() could not add subEffect 
01-07 03:53:32.790  1095  1095 W EffectsFactory: loadEffect() could not get library offload_bundle
01-07 03:53:32.790  1095  1095 W EffectsFactory: loadEffect() could not get library audio_pre_processing
01-07 03:53:32.790  1095  1095 W EffectsFactory: loadEffect() could not get library audio_pre_processing
01-07 03:53:32.790  1095  1095 I BufferProvider: found effect "Multichannel Downmix To Stereo" from The Android Open Source Project
01-07 03:53:32.808  1095  1095 I AudioFlinger: Using module 10 as the primary audio interface
01-07 03:53:32.808  1095  1095 W AudioFlinger: moveEffects() bad srcOutput 0
01-07 03:53:32.820  1095  1428 I AudioFlinger: AudioFlinger's thread 0xeff83780 tid=1428 ready to run
01-07 03:53:32.820  1095  1428 W AudioFlinger: no wake lock to update, system not ready yet
01-07 03:53:32.821  1095  1417 W DeviceHAL: Device 0xf0c73000 set_voice_volume: Function not implemented
01-07 03:53:32.821  1095  1095 W APM_AudioPolicyManager: Output profile contains no device on module primary
01-07 03:53:32.821  1095  1095 I AudioFlinger: openOutput() this 0xf0c3d000, module 10 Device 2, SamplingRate 48000, Format 0x000001, Channels 3, flags 8
01-07 03:53:32.822  1095  1095 I AudioFlinger: HAL output buffer size 1024 frames, normal sink buffer size 1024 frames
01-07 03:53:32.822  1095  1428 W AudioFlinger: no wake lock to update, system not ready yet
01-07 03:53:32.828  1095  1430 I AudioFlinger: AudioFlinger's thread 0xef9033c0 tid=1430 ready to run
01-07 03:53:32.828  1095  1430 W AudioFlinger: no wake lock to update, system not ready yet
01-07 03:53:32.829  1095  1095 I AudioFlinger: openOutput() this 0xf0c3d000, module 10 Device 2, SamplingRate 48000, Format 0x000001, Channels 3, flags 4
01-07 03:53:32.829  1095  1095 I AudioFlinger: HAL output buffer size 1024 frames, normal sink buffer size 1024 frames
01-07 03:53:32.830  1095  1430 W AudioFlinger: no wake lock to update, system not ready yet
01-07 03:53:32.832  1095  1432 I AudioFlinger: AudioFlinger's thread 0xef6830c0 tid=1432 ready to run
01-07 03:53:32.832  1095  1432 W AudioFlinger: no wake lock to update, system not ready yet
01-07 03:53:32.833  1095  1095 W APM_AudioPolicyManager: Output profile contains no device on module primary
01-07 03:53:32.833  1095  1095 W APM_AudioPolicyManager: Output profile contains no device on module primary
01-07 03:53:32.833  1095  1095 I AudioFlinger: openOutput() this 0xf0c3d000, module 10 Device 10000, SamplingRate 48000, Format 0x000001, Channels 3, flags 0
01-07 03:53:32.834  1095  1095 I AudioFlinger: HAL output buffer size 1024 frames, normal sink buffer size 1024 frames
01-07 03:53:32.834  1095  1432 W AudioFlinger: no wake lock to update, system not ready yet
01-07 03:53:32.836  1302  1302 I /vendor/bin/hw/android.hardware.media.omx@1.0-service: mediacodecservice starting
01-07 03:53:32.836  1302  1302 W /vendor/bin/hw/android.hardware.media.omx@1.0-service: Could not read additional policy file '/vendor/etc/seccomp_policy/mediacodec.policy'
01-07 03:53:32.837  1302  1302 W /vendor/bin/hw/android.hardware.media.omx@1.0-service: libminijail[1302]: allowing syscall: clock_gettime
01-07 03:53:32.837  1302  1302 W /vendor/bin/hw/android.hardware.media.omx@1.0-service: libminijail[1302]: allowing syscall: connect
01-07 03:53:32.837  1302  1302 W /vendor/bin/hw/android.hardware.media.omx@1.0-service: libminijail[1302]: allowing syscall: fcntl64
01-07 03:53:32.837  1302  1302 W /vendor/bin/hw/android.hardware.media.omx@1.0-service: libminijail[1302]: allowing syscall: socket
01-07 03:53:32.837  1302  1302 W /vendor/bin/hw/android.hardware.media.omx@1.0-service: libminijail[1302]: allowing syscall: writev
01-07 03:53:32.837  1302  1302 W /vendor/bin/hw/android.hardware.media.omx@1.0-service: libminijail[1302]: logging seccomp filter failures
01-07 03:53:32.838  1095  1434 I AudioFlinger: AudioFlinger's thread 0xef403f80 tid=1434 ready to run
01-07 03:53:32.838  1095  1434 W AudioFlinger: no wake lock to update, system not ready yet
01-07 03:53:32.839  1095  1095 W APM_AudioPolicyManager: Output profile contains no device on module primary
01-07 03:53:32.839  1095  1095 W APM_AudioPolicyManager: Output profile contains no device on module primary
01-07 03:53:32.840  1095  1434 W AudioFlinger: no wake lock to update, system not ready yet
01-07 03:53:32.840  1095  1436 I AudioFlinger: AudioFlinger's thread 0xef183540 tid=1436 ready to run
01-07 03:53:32.841  1095  1438 I AudioFlinger: AudioFlinger's thread 0xef183980 tid=1438 ready to run
01-07 03:53:32.849  1095  1095 I bt_a2dp_hw: adev_open:  adev_open in A2dp_hw module
01-07 03:53:32.849  1095  1095 I AudioFlinger: loadHwModule() Loaded a2dp audio interface, handle 18
01-07 03:53:32.849  1095  1095 I vndksupport: sphal namespace is not configured for this process. Loading /vendor/lib/hw/audio.usb.default.so from the current namespace instead.
01-07 03:53:32.851  1095  1095 I AudioFlinger: loadHwModule() Loaded usb audio interface, handle 26
01-07 03:53:32.851  1095  1095 I vndksupport: sphal namespace is not configured for this process. Loading /vendor/lib/hw/audio.r_submix.default.so from the current namespace instead.
01-07 03:53:32.852  1095  1095 I r_submix: adev_open(name=audio_hw_if)
01-07 03:53:32.853  1095  1095 I r_submix: adev_init_check()
01-07 03:53:32.853  1095  1095 W DeviceHAL: Device 0xef4541c0 set_master_mute: Function not implemented
01-07 03:53:32.853  1095  1095 I AudioFlinger: loadHwModule() Loaded r_submix audio interface, handle 34
01-07 03:53:32.853  1095  1095 D r_submix: adev_open_input_stream(addr=0)
01-07 03:53:32.853  1095  1095 D r_submix: submix_audio_device_create_pipe_l(addr=0, idx=9)
01-07 03:53:32.853  1095  1095 D r_submix:   now using address 0 for route 9
01-07 03:53:32.853  1095  1442 I AudioFlinger: AudioFlinger's thread 0xef183700 tid=1442 ready to run
01-07 03:53:32.854  1095  1442 D r_submix: adev_close_input_stream()
01-07 03:53:32.854  1095  1442 D r_submix: submix_audio_device_release_pipe_l(idx=9) addr=0
01-07 03:53:32.854  1095  1442 D r_submix: submix_audio_device_destroy_pipe_l(): pipe destroyed
01-07 03:53:32.855  1095  1095 I RadioService: RadioService
01-07 03:53:32.855  1095  1095 I RadioService: onFirstRef
01-07 03:53:32.858  1095  1095 I BroadcastRadio: onFirstRef mClassId 0
01-07 03:53:32.858  1095  1095 I BroadcastRadio: onFirstRef RADIO_HARDWARE_MODULE_ID radio fm
01-07 03:53:32.858  1095  1095 E BroadcastRadio: couldn't load radio module radio.fm (No such file or directory)
01-07 03:53:32.858  1095  1095 E RadioService: could not read implementation properties
01-07 03:53:32.862  1095  1095 E SoundTriggerHalImpl: couldn't load sound trigger module sound_trigger.primary (No such file or directory)
01-07 03:53:32.862  1095  1095 I SoundTriggerHalHidl: getProperties res implementor 
01-07 03:53:32.862  1095  1095 I SoundTriggerHalHidl: getProperties ret -19
01-07 03:53:32.862  1095  1095 E SoundTriggerHwService: could not read implementation properties
01-07 03:53:32.877  1302  1302 I /vendor/bin/hw/android.hardware.media.omx@1.0-service: Non-Treble OMX service created.
01-07 03:53:32.887  1144  1144 D SurfaceFlinger: shader cache generated - 24 shaders in 344.622742 ms
01-07 03:53:32.893  1144  1144 D SurfaceFlinger: Set power mode=2, type=0 flinger=0x7410e6d000
01-07 03:53:32.893  1144  1144 D qdhwcomposer: hwc_setPowerMode: Setting mode 2 on display: 0
01-07 03:53:32.893  1144  1405 I qdhwcomposer: handle_blank_event: dpy:0 panel power state: 1
01-07 03:53:32.894  1144  1144 E qdhdmi  : writeHPDOption: file write failed 'hpd'
01-07 03:53:32.894  1144  1144 D qdhwcomposer: hwc_setPowerMode: Done setting mode 2 on display 0
01-07 03:53:32.903  1452  1452 W iptables: type=1400 audit(0.0:854): avc: granted { getattr } for path="/vendor" dev="rootfs" ino=8858 scontext=u:r:netd:s0 tcontext=u:object_r:rootfs:s0 tclass=lnk_file
01-07 03:53:32.904  1107  1107 V MediaUtils: physMem: 2948435968
01-07 03:53:32.905  1107  1107 V MediaUtils: requested limit: 589687180
01-07 03:53:32.905  1107  1107 V MediaUtils: actual limit: 589687180
01-07 03:53:32.905  1107  1107 V MediaUtils: original limits: -1/-1
01-07 03:53:32.905  1107  1107 V MediaUtils: new limits: 589687180/-1
01-07 03:53:32.905  1107  1107 I vndksupport: sphal namespace is not configured for this process. Loading libutils.so from the current namespace instead.
01-07 03:53:32.905  1107  1107 W /system/bin/mediaextractor: Could not read additional policy file '/vendor/etc/seccomp_policy/mediaextractor.policy'
01-07 03:53:32.905  1107  1107 W /system/bin/mediaextractor: libminijail[1107]: allowing syscall: connect
01-07 03:53:32.905  1107  1107 W /system/bin/mediaextractor: libminijail[1107]: allowing syscall: fcntl
01-07 03:53:32.905  1107  1107 W /system/bin/mediaextractor: libminijail[1107]: allowing syscall: sendto
01-07 03:53:32.905  1107  1107 W /system/bin/mediaextractor: libminijail[1107]: allowing syscall: socket
01-07 03:53:32.905  1107  1107 W /system/bin/mediaextractor: libminijail[1107]: allowing syscall: writev
01-07 03:53:32.906  1107  1107 W /system/bin/mediaextractor: libminijail[1107]: compile_file: nonexistent syscall '_llseek'
01-07 03:53:32.906  1107  1107 W /system/bin/mediaextractor: libminijail[1107]: logging seccomp filter failures
01-07 03:53:32.918  1144  1144 D qdutils : DEBUG_CALC_FPS: 0
01-07 03:53:32.919  1144  1144 D qdutils : period: 10
01-07 03:53:32.919  1144  1144 D qdutils : ignorethresh_us: 500000
01-07 03:53:32.959  1456  1456 W ip6tables: type=1400 audit(0.0:855): avc: granted { getattr } for path="/vendor" dev="rootfs" ino=8858 scontext=u:r:netd:s0 tcontext=u:object_r:rootfs:s0 tclass=lnk_file
01-07 03:53:33.003  1137  1137 I Netd    : Creating child chains: 1337.1ms
01-07 03:53:33.003  1137  1137 I Netd    : Setting up OEM hooks: 0.2ms
01-07 03:53:33.010  1137  1137 I Netd    : Setting up FirewallController hooks: 7.3ms
01-07 03:53:33.014  1137  1137 I Netd    : Setting up NatController hooks: 4.1ms
01-07 03:53:33.017  1137  1137 I Netd    : Setting up BandwidthController hooks: 3.0ms
01-07 03:53:33.017  1137  1137 I Netd    : Setting up IdletimerController hooks: 0.1ms
01-07 03:53:33.024  1137  1137 I Netd    : Disabling bandwidth control: 7.2ms
01-07 03:53:33.026  1137  1137 E Netd    : Error adding route 0.0.0.0/0 -> (null) dummy0 to table 1002: File exists
01-07 03:53:33.026  1137  1137 I Netd    : Initializing RouteController: 1.8ms
01-07 03:53:33.027  1137  1137 D MDnsDS  : MDnsSdListener::Hander starting up
01-07 03:53:33.029  1137  1137 I Netd    : Registering NetdNativeService: 1.3ms
01-07 03:53:33.029  1137  1137 I Netd    : Starting CommandListener: 0.2ms
01-07 03:53:33.031  1137  1137 I Netd    : Registering NetdHwService: 2.5ms
01-07 03:53:33.031  1137  1137 I Netd    : Netd started in 1396ms
01-07 03:53:33.036  1137  1462 D MDnsDS  : MDnsSdListener starting to monitor
01-07 03:53:33.036  1137  1462 D MDnsDS  : Going to poll with pollCount 1
01-07 03:53:33.039  1091  1091 I imswmsproxy: type=1400 audit(0.0:856): avc: denied { write } for name="qmux_connect_socket" dev="tmpfs" ino=18719 scontext=u:r:init:s0 tcontext=u:object_r:socket_device:s0 tclass=sock_file permissive=1
01-07 03:53:33.073  1136  1136 I mediaserver: ServiceManager: 0xeab17540
01-07 03:53:33.074  1136  1136 W BatteryNotifier: batterystats service unavailable!
01-07 03:53:33.725  1453  1477 I vndksupport: sphal namespace is not configured for this process. Loading /vendor/lib64/egl/libEGL_adreno.so from the current namespace instead.
01-07 03:53:33.727  1453  1477 D libEGL  : loaded /vendor/lib64/egl/libEGL_adreno.so
01-07 03:53:33.740  1453  1477 I vndksupport: sphal namespace is not configured for this process. Loading /vendor/lib64/egl/libGLESv1_CM_adreno.so from the current namespace instead.
01-07 03:53:33.741  1453  1477 D libEGL  : loaded /vendor/lib64/egl/libGLESv1_CM_adreno.so
01-07 03:53:33.769  1453  1477 I vndksupport: sphal namespace is not configured for this process. Loading /vendor/lib64/egl/libGLESv2_adreno.so from the current namespace instead.
01-07 03:53:33.769  1453  1477 D libEGL  : loaded /vendor/lib64/egl/libGLESv2_adreno.so
01-07 03:53:33.803  1477  1477 I BootAnimation: type=1400 audit(0.0:857): avc: denied { read write } for name="kgsl-3d0" dev="tmpfs" ino=11185 scontext=u:r:bootanim:s0 tcontext=u:object_r:device:s0 tclass=chr_file permissive=1
01-07 03:53:33.803  1477  1477 I BootAnimation: type=1400 audit(0.0:858): avc: denied { open } for path="/dev/kgsl-3d0" dev="tmpfs" ino=11185 scontext=u:r:bootanim:s0 tcontext=u:object_r:device:s0 tclass=chr_file permissive=1
01-07 03:53:33.803  1477  1477 I BootAnimation: type=1400 audit(0.0:859): avc: denied { ioctl } for path="/dev/kgsl-3d0" dev="tmpfs" ino=11185 ioctlcmd=940 scontext=u:r:bootanim:s0 tcontext=u:object_r:device:s0 tclass=chr_file permissive=1
01-07 03:53:33.803  1453  1477 I Adreno  : QUALCOMM build                   : d3015e9, I25dc76dc3f
01-07 03:53:33.803  1453  1477 I Adreno  : Build Date                       : 01/26/17
01-07 03:53:33.803  1453  1477 I Adreno  : OpenGL ES Shader Compiler Version: XE031.09.00.03
01-07 03:53:33.803  1453  1477 I Adreno  : Local Branch                     : 
01-07 03:53:33.803  1453  1477 I Adreno  : Remote Branch                    : refs/tags/AU_LINUX_ANDROID_LA.BF64.1.2.3_RB1.07.00.00.258.011
01-07 03:53:33.803  1453  1477 I Adreno  : Remote Branch                    : NONE
01-07 03:53:33.803  1453  1477 I Adreno  : Reconstruct Branch               : NOTHING
01-07 03:53:33.881  1453  1477 D BootAnimation: BootAnimationShownTiming start time: 19257ms
01-07 03:53:33.976  1144  1144 D MDP_SCALE: Debug enabled = 0, Max mixer width= 4096
01-07 03:53:34.039  1078  1078 I rmt_storage: type=1400 audit(0.0:860): avc: denied { read } for scontext=u:r:init:s0 tcontext=u:r:init:s0 tclass=socket permissive=1
01-07 03:53:34.047  1349  1349 I /system/bin/pm-service: type=1400 audit(0.0:861): avc: denied { call } for comm=504F5349582074696D65722030 scontext=u:r:init:s0 tcontext=u:r:init:s0 tclass=binder permissive=1
01-07 03:53:34.048  1335  1349 D PerMgrSrv: modem new state: is on-line
01-07 03:53:34.103  1078  1078 I rmt_storage: type=1400 audit(0.0:862): avc: denied { write } for scontext=u:r:init:s0 tcontext=u:r:init:s0 tclass=socket permissive=1
01-07 03:53:34.106  1078  1078 I rmt_storage: rmt_storage_connect_cb: clnt_h=0x6 conn_h=0x76e482c1d0
01-07 03:53:34.106  1078  1078 I rmt_storage: rmt_storage_open_cb: /boot/modem_fs1: clnt_h=0x6: req_h=0x6 msg_id=1: Client found
01-07 03:53:34.106  1078  1078 I rmt_storage: rmt_storage_open_cb: /boot/modem_fs1: clnt_h=0x6: req_h=0x6 msg_id=1: Send response: res=0 err=0
01-07 03:53:34.106  1078  1078 I rmt_storage: rmt_storage_disconnect_cb: clnt_h=0x6 conn_h=0x76e482c1d0
01-07 03:53:34.107  1078  1078 I rmt_storage: type=1400 audit(0.0:863): avc: denied { block_suspend } for capability=36 scontext=u:r:init:s0 tcontext=u:r:init:s0 tclass=capability2 permissive=1
01-07 03:53:34.107  1078  1078 I rmt_storage: rmt_storage_connect_cb: clnt_h=0x7 conn_h=0x76e482c1d0
01-07 03:53:34.107  1078  1078 I rmt_storage: rmt_storage_open_cb: /boot/modem_fs2: clnt_h=0x7: req_h=0x7 msg_id=1: Client found
01-07 03:53:34.107  1078  1078 I rmt_storage: rmt_storage_open_cb: /boot/modem_fs2: clnt_h=0x7: req_h=0x7 msg_id=1: Send response: res=0 err=0
01-07 03:53:34.108  1078  1078 I rmt_storage: rmt_storage_disconnect_cb: clnt_h=0x7 conn_h=0x76e482c1d0
01-07 03:53:34.108  1078  1078 I rmt_storage: rmt_storage_connect_cb: clnt_h=0x8 conn_h=0x76e482c1d0
01-07 03:53:34.108  1078  1078 I rmt_storage: rmt_storage_open_cb: /boot/modem_fsg: clnt_h=0x8: req_h=0x8 msg_id=1: Client found
01-07 03:53:34.108  1078  1078 I rmt_storage: rmt_storage_open_cb: /boot/modem_fsg: clnt_h=0x8: req_h=0x8 msg_id=1: Send response: res=0 err=0
01-07 03:53:34.109  1078  1078 I rmt_storage: rmt_storage_disconnect_cb: clnt_h=0x8 conn_h=0x76e482c1d0
01-07 03:53:34.109  1078  1078 I rmt_storage: rmt_storage_connect_cb: clnt_h=0x9 conn_h=0x76e482c1d0
01-07 03:53:34.109  1078  1078 I rmt_storage: rmt_storage_open_cb: /boot/modem_fsc: clnt_h=0x9: req_h=0x9 msg_id=1: Client found
01-07 03:53:34.109  1078  1078 I rmt_storage: rmt_storage_open_cb: /boot/modem_fsc: clnt_h=0x9: req_h=0x9 msg_id=1: Send response: res=0 err=0
01-07 03:53:34.109  1078  1078 I rmt_storage: rmt_storage_disconnect_cb: clnt_h=0x9 conn_h=0x76e482c1d0
01-07 03:53:34.110  1078  1078 I rmt_storage: rmt_storage_connect_cb: clnt_h=0xa conn_h=0x76e482c1d0
01-07 03:53:34.110  1078  1078 I rmt_storage: rmt_storage_alloc_buff_cb: /boot/modem_fs1: clnt_h=0xa: req_h=0xa msg_id=4: Alloc request received: Size: 0
01-07 03:53:34.110  1078  1078 I rmt_storage: rmt_storage_alloc_buff_cb: /boot/modem_fs1: clnt_h=0xa: req_h=0xa msg_id=4: New client making a dummy request with buffer req size 0
01-07 03:53:34.110  1078  1078 I rmt_storage: rmt_storage_alloc_buff_cb: /boot/modem_fs1: clnt_h=0xa: req_h=0xa msg_id=4: Send response: res=0 err=0
01-07 03:53:34.110  1078  1078 I rmt_storage: rmt_storage_disconnect_cb: clnt_h=0xa conn_h=0x76e482c1d0
01-07 03:53:34.110  1078  1078 I rmt_storage: rmt_storage_connect_cb: clnt_h=0xb conn_h=0x76e482c1d0
01-07 03:53:34.110  1078  1078 I rmt_storage: rmt_storage_rw_iovec_cb: /boot/modem_fs1: clnt_h=0xb: req_h=0xb msg_id=3: R/W request received
01-07 03:53:34.111  1078  1078 I rmt_storage: wakelock acquired: 1, error no: 42
01-07 03:53:34.111  1078  1109 I rmt_storage: rmt_storage_client_thread: /boot/modem_fs1: clnt_h=0xb Unblock worker thread (th_id: 510638159088)
01-07 03:53:34.112  1078  1109 I rmt_storage: rmt_storage_client_thread: /boot/modem_fs1: clnt_h=0xb: req_h=0xb msg_id=3: Bytes read = 512
01-07 03:53:34.112  1078  1109 I rmt_storage: rmt_storage_client_thread: /boot/modem_fs1: clnt_h=0xb: req_h=0xb msg_id=3: Send response: res=0 err=0
01-07 03:53:34.112  1078  1109 I rmt_storage: rmt_storage_client_thread: /boot/modem_fs1: clnt_h=0xb About to block rmt_storage client thread (th_id: 510638159088) wakelock released: 1, error no: 0
01-07 03:53:34.112  1078  1109 I rmt_storage: 
01-07 03:53:34.112  1078  1078 I rmt_storage: rmt_storage_connect_cb: clnt_h=0xc conn_h=0x76e482c1e0
01-07 03:53:34.113  1078  1078 I rmt_storage: rmt_storage_rw_iovec_cb: /boot/modem_fs2: clnt_h=0xb: req_h=0xc msg_id=3: R/W request received
01-07 03:53:34.113  1078  1078 I rmt_storage: wakelock acquired: 1, error no: 42
01-07 03:53:34.113  1078  1078 I rmt_storage: rmt_storage_disconnect_cb: clnt_h=0xb conn_h=0x76e482c1d0
01-07 03:53:34.113  1078  1110 I rmt_storage: rmt_storage_client_thread: /boot/modem_fs2: clnt_h=0xb Unblock worker thread (th_id: 510637122800)
01-07 03:53:34.113  1078  1110 I rmt_storage: rmt_storage_client_thread: /boot/modem_fs2: clnt_h=0xb: req_h=0xc msg_id=3: Bytes read = 512
01-07 03:53:34.113  1078  1110 I rmt_storage: rmt_storage_client_thread: /boot/modem_fs2: clnt_h=0xb: req_h=0xc msg_id=3: Send response: res=0 err=0
01-07 03:53:34.113  1078  1110 I rmt_storage: rmt_storage_client_thread: /boot/modem_fs2: clnt_h=0xb About to block rmt_storage client thread (th_id: 510637122800) wakelock released: 1, error no: 22
01-07 03:53:34.113  1078  1110 I rmt_storage: 
01-07 03:53:34.114  1078  1078 I rmt_storage: rmt_storage_disconnect_cb: clnt_h=0xc conn_h=0x76e482c1e0
01-07 03:53:34.114  1078  1078 I rmt_storage: rmt_storage_connect_cb: clnt_h=0xd conn_h=0x76e482c1e0
01-07 03:53:34.114  1078  1078 I rmt_storage: rmt_storage_rw_iovec_cb: /boot/modem_fs1: clnt_h=0xb: req_h=0xd msg_id=3: R/W request received
01-07 03:53:34.114  1078  1078 I rmt_storage: wakelock acquired: 1, error no: 42
01-07 03:53:34.114  1078  1109 I rmt_storage: rmt_storage_client_thread: /boot/modem_fs1: clnt_h=0xb Unblock worker thread (th_id: 510638159088)
01-07 03:53:34.121  1078  1109 I rmt_storage: rmt_storage_client_thread: /boot/modem_fs1: clnt_h=0xb: req_h=0xd msg_id=3: Bytes read = 1571840
01-07 03:53:34.121  1078  1109 I rmt_storage: rmt_storage_client_thread: /boot/modem_fs1: clnt_h=0xb: req_h=0xd msg_id=3: Send response: res=0 err=0
01-07 03:53:34.122  1078  1078 I rmt_storage: rmt_storage_disconnect_cb: clnt_h=0xd conn_h=0x76e482c1e0
01-07 03:53:34.122  1078  1109 I rmt_storage: rmt_storage_client_thread: /boot/modem_fs1: clnt_h=0xb About to block rmt_storage client thread (th_id: 510638159088) wakelock released: 1, error no: 0
01-07 03:53:34.122  1078  1109 I rmt_storage: 
01-07 03:53:34.262  1487  1487 E android.hardware.nfc@1.0-impl: hw_get_module nfc_nci failed: -2
01-07 03:53:34.262  1487  1487 E android.hardware.nfc@1.0-impl: Passthrough failed to load legacy HAL.
01-07 03:53:34.262  1487  1487 E android.hardware.nfc@1.0-service: Could not get passthrough implementation for android.hardware.nfc@1.0::INfc/default.
01-07 03:53:34.527  1494  1494 I init    : type=1400 audit(0.0:864): avc: denied { execute_no_trans } for path="/system/vendor/bin/perfd" dev="mmcblk0p47" ino=2269 scontext=u:r:init:s0 tcontext=u:object_r:vendor_file:s0 tclass=file permissive=1
01-07 03:53:34.540  1494  1494 E ANDR-PERF-MPCTL: Unable to create control service (stage=1, rc=0)
01-07 03:53:34.540  1494  1494 W libc    : invalid pthread_t (0) passed to libc
01-07 03:53:35.509  1354  1354 W dex2oat : Skipping class android.hidl.base.V1_0.DebugInfo$Architecture from /system/framework/android.hidl.base-V1.0-java.jar previously found in /system/framework/telephony-common.jar
01-07 03:53:35.509  1354  1492 W dex2oat : Skipping class android.hidl.base.V1_0.DebugInfo from /system/framework/android.hidl.base-V1.0-java.jar previously found in /system/framework/telephony-common.jar
01-07 03:53:35.509  1354  1493 W dex2oat : Skipping class android.hidl.base.V1_0.IBase from /system/framework/android.hidl.base-V1.0-java.jar previously found in /system/framework/telephony-common.jar
01-07 03:53:35.509  1354  1491 W dex2oat : Skipping class android.hidl.base.V1_0.IBase$Proxy from /system/framework/android.hidl.base-V1.0-java.jar previously found in /system/framework/telephony-common.jar
01-07 03:53:35.509  1354  1354 W dex2oat : Skipping class android.hidl.base.V1_0.IBase$Stub from /system/framework/android.hidl.base-V1.0-java.jar previously found in /system/framework/telephony-common.jar
01-07 03:53:35.777  1353  1353 W dex2oat : Skipping class android.hidl.base.V1_0.DebugInfo$Architecture from /system/framework/android.hidl.base-V1.0-java.jar previously found in /system/framework/telephony-common.jar
01-07 03:53:35.777  1353  1489 W dex2oat : Skipping class android.hidl.base.V1_0.DebugInfo from /system/framework/android.hidl.base-V1.0-java.jar previously found in /system/framework/telephony-common.jar
01-07 03:53:35.777  1353  1490 W dex2oat : Skipping class android.hidl.base.V1_0.IBase from /system/framework/android.hidl.base-V1.0-java.jar previously found in /system/framework/telephony-common.jar
01-07 03:53:35.777  1353  1488 W dex2oat : Skipping class android.hidl.base.V1_0.IBase$Proxy from /system/framework/android.hidl.base-V1.0-java.jar previously found in /system/framework/telephony-common.jar
01-07 03:53:35.777  1353  1353 W dex2oat : Skipping class android.hidl.base.V1_0.IBase$Stub from /system/framework/android.hidl.base-V1.0-java.jar previously found in /system/framework/telephony-common.jar
01-07 03:53:36.224  1086  1196 E ThermalEngine: [BMHB_GOV] read failed VS_TEMP
01-07 03:53:36.237  1081  1081 E Diag_Lib:  Diag_LSM_Init: Failed to open handle to diag driver, error = 2
01-07 03:53:36.237  1081  1081 E Diag_Lib:  Diag_LSM_Init: Failed to open handle to diag driver, error = 2
01-07 03:53:37.083  1081  1081 I netmgrd : type=1400 audit(0.0:865): avc: denied { ioctl } for path="socket:[25733]" dev="sockfs" ino=25733 ioctlcmd=89fd scontext=u:r:init:s0 tcontext=u:r:init:s0 tclass=udp_socket permissive=1
01-07 03:53:37.083  1081  1081 I netmgrd : type=1400 audit(0.0:866): avc: denied { create } for scontext=u:r:init:s0 tcontext=u:r:init:s0 tclass=socket permissive=1
01-07 03:53:37.083  1081  1081 I netmgrd : type=1400 audit(0.0:867): avc: denied { ioctl } for path="socket:[25735]" dev="sockfs" ino=25735 ioctlcmd=c302 scontext=u:r:init:s0 tcontext=u:r:init:s0 tclass=socket permissive=1
01-07 03:53:37.419  1080  1080 I qmuxd   : type=1400 audit(0.0:868): avc: denied { ioctl } for path="/dev/smdcntl0" dev="tmpfs" ino=2000 ioctlcmd=c200 scontext=u:r:init:s0 tcontext=u:object_r:device:s0 tclass=chr_file permissive=1
01-07 03:53:37.452  1353  1489 W dex2oat : Verification of void android.app.FragmentManagerState.<clinit>() took 135.375ms
01-07 03:53:37.471  1080  1080 I qmuxd   : type=1400 audit(0.0:869): avc: denied { unlink } for name="qmux_connect_socket" dev="tmpfs" ino=18719 scontext=u:r:init:s0 tcontext=u:object_r:socket_device:s0 tclass=sock_file permissive=1
01-07 03:53:37.471  1080  1080 I qmuxd   : type=1400 audit(0.0:870): avc: denied { create } for name="qmux_connect_socket" scontext=u:r:init:s0 tcontext=u:object_r:socket_device:s0 tclass=sock_file permissive=1
01-07 03:53:37.471  1080  1080 I qmuxd   : type=1400 audit(0.0:871): avc: denied { setattr } for name="qmux_connect_socket" dev="tmpfs" ino=25003 scontext=u:r:init:s0 tcontext=u:object_r:socket_device:s0 tclass=sock_file permissive=1
01-07 03:53:37.475  1081  1081 I netmgrd : type=1400 audit(0.0:872): avc: denied { ioctl } for path="socket:[23420]" dev="sockfs" ino=23420 ioctlcmd=89f2 scontext=u:r:init:s0 tcontext=u:r:init:s0 tclass=udp_socket permissive=1
01-07 03:53:37.475  1081  1081 I netmgrd : type=1400 audit(0.0:873): avc: denied { ioctl } for path="socket:[23422]" dev="sockfs" ino=23422 ioctlcmd=89f8 scontext=u:r:init:s0 tcontext=u:r:init:s0 tclass=udp_socket permissive=1
01-07 03:53:37.475  1500  1500 I netmgrd : type=1400 audit(0.0:874): avc: denied { execute_no_trans } for path="/system/bin/sh" dev="mmcblk0p47" ino=392 scontext=u:r:init:s0 tcontext=u:object_r:shell_exec:s0 tclass=file permissive=1
01-07 03:53:37.509  1353  1353 W dex2oat : Verification of java.util.List android.app.ApplicationPackageManager.getPreferredPackages(int) took 110.023ms
01-07 03:53:37.791  1498  1498 I qmuxd   : type=1400 audit(0.0:875): avc: denied { block_suspend } for capability=36 scontext=u:r:init:s0 tcontext=u:r:init:s0 tclass=capability2 permissive=1
01-07 03:53:38.033  1353  1490 W dex2oat : Verification of void android.database.sqlite.SQLiteSession.setTransactionSuccessful() took 104.411ms
01-07 03:53:38.059  1080  1080 I qmuxd   : type=1400 audit(0.0:876): avc: denied { getattr } for path=2F6465762F736F636B65742F716D75785F726164696F2F716D75785F636C69656E745F736F636B657420202031303931 dev="tmpfs" ino=23563 scontext=u:r:init:s0 tcontext=u:object_r:socket_device:s0 tclass=sock_file permissive=1
01-07 03:53:38.188  1353  1489 W dex2oat : Verification of android.database.Cursor android.database.sqlite.SQLiteQueryBuilder.query(android.database.sqlite.SQLiteDatabase, java.lang.String[], java.lang.String, java.lang.String[], java.lang.String, java.lang.String, java.lang.String) took 274.292ms
01-07 03:53:38.259  1091  1091 D ImsWmsClient: ImsWmsClient :: Modem is initialized; handle=255
01-07 03:53:38.279  1152  1152 I thermal-engine: type=1400 audit(0.0:877): avc: denied { create } for scontext=u:r:init:s0 tcontext=u:r:init:s0 tclass=socket permissive=1
01-07 03:53:38.279  1152  1152 I thermal-engine: type=1400 audit(0.0:878): avc: denied { ioctl } for path="socket:[25023]" dev="sockfs" ino=25023 ioctlcmd=c304 scontext=u:r:init:s0 tcontext=u:r:init:s0 tclass=socket permissive=1
01-07 03:53:38.420  1353  1489 W dex2oat : Verification of void android.hardware.display.WifiDisplay.writeToParcel(android.os.Parcel, int) took 135.876ms
01-07 03:53:38.808  1353  1353 W dex2oat : Verification of void android.media.tv.TvInputService$ServiceHandler.handleMessage(android.os.Message) took 134.632ms
01-07 03:53:39.715  1354  1492 W dex2oat : Verification of void org.apache.xalan.xslt.EnvironmentCheck.checkDOMVersion(java.util.Hashtable) took 103.496ms
01-07 03:53:39.742  1353  1353 W dex2oat : Verification of android.widget.Filter$FilterResults android.widget.ArrayAdapter$ArrayFilter.performFiltering(java.lang.CharSequence) took 153.112ms
01-07 03:53:39.908  1354  1493 W dex2oat : Skipping class android.hidl.base.V1_0.DebugInfo from /system/framework/android.hidl.base-V1.0-java.jar previously found in /system/framework/telephony-common.jar
01-07 03:53:39.908  1354  1491 W dex2oat : Skipping class android.hidl.base.V1_0.DebugInfo$Architecture from /system/framework/android.hidl.base-V1.0-java.jar previously found in /system/framework/telephony-common.jar
01-07 03:53:39.908  1354  1354 W dex2oat : Skipping class android.hidl.base.V1_0.IBase$Stub from /system/framework/android.hidl.base-V1.0-java.jar previously found in /system/framework/telephony-common.jar
01-07 03:53:39.908  1354  1493 W dex2oat : Skipping class android.hidl.base.V1_0.IBase$Proxy from /system/framework/android.hidl.base-V1.0-java.jar previously found in /system/framework/telephony-common.jar
01-07 03:53:39.908  1354  1492 W dex2oat : Skipping class android.hidl.base.V1_0.IBase from /system/framework/android.hidl.base-V1.0-java.jar previously found in /system/framework/telephony-common.jar
01-07 03:53:40.039  1151  1151 I thermal-engine: type=1400 audit(0.0:879): avc: denied { write } for scontext=u:r:init:s0 tcontext=u:r:init:s0 tclass=socket permissive=1
01-07 03:53:40.055  1573  1573 I thermal-engine: type=1400 audit(0.0:880): avc: denied { read } for scontext=u:r:init:s0 tcontext=u:r:init:s0 tclass=socket permissive=1
01-07 03:53:40.056  1086  1151 I ThermalEngine: MODEM thermal mitigation available.
01-07 03:53:40.058  1086  1151 I ThermalEngine: ACTION: MODEM - Pending request: pa mitigation succeeded for level 0.
01-07 03:53:40.059  1086  1151 I ThermalEngine: ACTION: MODEM - Pending request: cpuv_restriction_cold mitigation succeeded for level 0.
01-07 03:53:40.226  1567  1567 E ANDR-PERF-MPCTL: Unable to create control service (stage=1, rc=0)
01-07 03:53:40.226  1567  1567 W libc    : invalid pthread_t (0) passed to libc
01-07 03:53:40.227  1477  1477 I BootAnimation: type=1400 audit(0.0:881): avc: denied { ioctl } for path="/dev/kgsl-3d0" dev="tmpfs" ino=11185 ioctlcmd=93d scontext=u:r:bootanim:s0 tcontext=u:object_r:device:s0 tclass=chr_file permissive=1
01-07 03:53:40.286  1086  1154 I ThermalEngine: qmi: Instance id 157 for fusion TS
01-07 03:53:40.327  1568  1568 I ifconfig: type=1400 audit(0.0:882): avc: denied { read } for path="pipe:[23505]" dev="pipefs" ino=23505 scontext=u:r:toolbox:s0 tcontext=u:r:init:s0 tclass=fifo_file permissive=1
01-07 03:53:40.327  1568  1568 I ifconfig: type=1400 audit(0.0:883): avc: denied { read write } for path="/dev/smem_log" dev="tmpfs" ino=1920 scontext=u:r:toolbox:s0 tcontext=u:object_r:device:s0 tclass=chr_file permissive=1
01-07 03:53:40.336  1086  1153 I ThermalEngine: ADSP thermal mitigation available.
01-07 03:53:40.345  1086  1153 I ThermalEngine: ACTION: ADSP - Pending request: cpuv_restriction_cold mitigation succeeded for level 0.
01-07 03:53:40.415  1353  1353 W dex2oat : Skipping class android.hidl.base.V1_0.DebugInfo$Architecture from /system/framework/android.hidl.base-V1.0-java.jar previously found in /system/framework/telephony-common.jar
01-07 03:53:40.415  1353  1489 W dex2oat : Skipping class android.hidl.base.V1_0.IBase$Proxy from /system/framework/android.hidl.base-V1.0-java.jar previously found in /system/framework/telephony-common.jar
01-07 03:53:40.415  1353  1488 W dex2oat : Skipping class android.hidl.base.V1_0.DebugInfo from /system/framework/android.hidl.base-V1.0-java.jar previously found in /system/framework/telephony-common.jar
01-07 03:53:40.415  1353  1353 W dex2oat : Skipping class android.hidl.base.V1_0.IBase$Stub from /system/framework/android.hidl.base-V1.0-java.jar previously found in /system/framework/telephony-common.jar
01-07 03:53:40.415  1353  1490 W dex2oat : Skipping class android.hidl.base.V1_0.IBase from /system/framework/android.hidl.base-V1.0-java.jar previously found in /system/framework/telephony-common.jar
01-07 03:53:40.435  1562  1562 E android.hardware.nfc@1.0-impl: hw_get_module nfc_nci failed: -2
01-07 03:53:40.435  1562  1562 E android.hardware.nfc@1.0-impl: Passthrough failed to load legacy HAL.
01-07 03:53:40.435  1562  1562 E android.hardware.nfc@1.0-service: Could not get passthrough implementation for android.hardware.nfc@1.0::INfc/default.
01-07 03:53:40.451  1568  1568 I ifconfig: type=1400 audit(0.0:884): avc: denied { create } for scontext=u:r:toolbox:s0 tcontext=u:r:toolbox:s0 tclass=udp_socket permissive=1
01-07 03:53:40.451  1568  1568 I ifconfig: type=1400 audit(0.0:885): avc: denied { ioctl } for path="socket:[25864]" dev="sockfs" ino=25864 ioctlcmd=8913 scontext=u:r:toolbox:s0 tcontext=u:r:toolbox:s0 tclass=udp_socket permissive=1
01-07 03:53:40.451  1568  1568 I ifconfig: type=1400 audit(0.0:886): avc: denied { ioctl } for path="socket:[25864]" dev="sockfs" ino=25864 ioctlcmd=8914 scontext=u:r:toolbox:s0 tcontext=u:r:toolbox:s0 tclass=udp_socket permissive=1
01-07 03:53:40.451  1568  1568 I ifconfig: type=1400 audit(0.0:887): avc: denied { net_admin } for capability=12 scontext=u:r:toolbox:s0 tcontext=u:r:toolbox:s0 tclass=capability permissive=1
01-07 03:53:40.451  1081  1081 I netmgrd : type=1400 audit(0.0:888): avc: denied { create } for scontext=u:r:init:s0 tcontext=u:r:init:s0 tclass=netlink_socket permissive=1
01-07 03:53:40.451  1081  1081 I netmgrd : type=1400 audit(0.0:889): avc: denied { bind } for scontext=u:r:init:s0 tcontext=u:r:init:s0 tclass=netlink_socket permissive=1
01-07 03:53:40.451  1081  1081 I netmgrd : type=1400 audit(0.0:890): avc: denied { write } for scontext=u:r:init:s0 tcontext=u:r:init:s0 tclass=netlink_socket permissive=1
01-07 03:53:40.451  1081  1081 I netmgrd : type=1400 audit(0.0:891): avc: denied { read } for scontext=u:r:init:s0 tcontext=u:r:init:s0 tclass=netlink_socket permissive=1
01-07 03:53:40.543  1620  1620 I rm      : type=1400 audit(0.0:892): avc: denied { read write } for path="/dev/smem_log" dev="tmpfs" ino=1920 scontext=u:r:toolbox:s0 tcontext=u:object_r:device:s0 tclass=chr_file permissive=1
01-07 03:53:40.627  1081  1081 I netmgrd : type=1400 audit(0.0:893): avc: denied { ioctl } for path="socket:[25891]" dev="sockfs" ino=25891 ioctlcmd=89f3 scontext=u:r:init:s0 tcontext=u:r:init:s0 tclass=udp_socket permissive=1
01-07 03:53:40.879  1577  1577 I cameraserver: ServiceManager: 0xed5174e0
01-07 03:53:40.879  1577  1577 I CameraService: CameraService started (pid=1577)
01-07 03:53:40.879  1577  1577 I CameraService: CameraService process starting
01-07 03:53:40.879  1577  1577 W BatteryNotifier: batterystats service unavailable!
01-07 03:53:40.880  1577  1577 W BatteryNotifier: batterystats service unavailable!
01-07 03:53:40.891  1577  1577 I vndksupport: sphal namespace is not configured for this process. Loading /vendor/lib/hw/camera.msm8992.so from the current namespace instead.
01-07 03:53:41.027  1082  1082 I qti     : type=1400 audit(0.0:894): avc: denied { read write } for name="dpl_ctrl" dev="tmpfs" ino=1899 scontext=u:r:init:s0 tcontext=u:object_r:device:s0 tclass=chr_file permissive=1
01-07 03:53:41.027  1082  1082 I qti     : type=1400 audit(0.0:895): avc: denied { open } for path="/dev/dpl_ctrl" dev="tmpfs" ino=1899 scontext=u:r:init:s0 tcontext=u:object_r:device:s0 tclass=chr_file permissive=1
01-07 03:53:41.147  1081  1081 I netmgrd : type=1400 audit(0.0:896): avc: denied { ioctl } for path="socket:[25901]" dev="sockfs" ino=25901 ioctlcmd=89f4 scontext=u:r:init:s0 tcontext=u:r:init:s0 tclass=udp_socket permissive=1
01-07 03:53:41.175  1631  1631 I sh      : type=1400 audit(0.0:901): avc: denied { execute_no_trans } for path="/system/bin/tc" dev="mmcblk0p47" ino=423 scontext=u:r:init:s0 tcontext=u:object_r:system_file:s0 tclass=file permissive=1
01-07 03:53:41.207  1631  1631 I tc      : type=1400 audit(0.0:902): avc: denied { setopt } for scontext=u:r:init:s0 tcontext=u:r:init:s0 tclass=netlink_route_socket permissive=1
01-07 03:53:41.207  1631  1631 I tc      : type=1400 audit(0.0:903): avc: denied { getattr } for scontext=u:r:init:s0 tcontext=u:r:init:s0 tclass=netlink_route_socket permissive=1
01-07 03:53:41.207  1631  1631 I tc      : type=1400 audit(0.0:904): avc: denied { write } for scontext=u:r:init:s0 tcontext=u:r:init:s0 tclass=netlink_route_socket permissive=1
01-07 03:53:41.207  1631  1631 I tc      : type=1400 audit(0.0:905): avc: denied { nlmsg_read } for scontext=u:r:init:s0 tcontext=u:r:init:s0 tclass=netlink_route_socket permissive=1
01-07 03:53:41.207  1631  1631 I tc      : type=1400 audit(0.0:906): avc: denied { read } for scontext=u:r:init:s0 tcontext=u:r:init:s0 tclass=netlink_route_socket permissive=1
01-07 03:53:41.207  1631  1631 I tc      : type=1400 audit(0.0:907): avc: denied { nlmsg_write } for scontext=u:r:init:s0 tcontext=u:r:init:s0 tclass=netlink_route_socket permissive=1
01-07 03:53:41.225  1086  1196 E ThermalEngine: [BMHB_GOV] read failed VS_TEMP
01-07 03:53:41.231  1477  1477 I BootAnimation: type=1400 audit(0.0:908): avc: denied { read write } for path="/dev/kgsl-3d0" dev="tmpfs" ino=11185 scontext=u:r:bootanim:s0 tcontext=u:object_r:device:s0 tclass=chr_file permissive=1
01-07 03:53:41.627  1639  1639 I iptables: type=1400 audit(0.0:909): avc: denied { create } for scontext=u:r:init:s0 tcontext=u:r:init:s0 tclass=rawip_socket permissive=1
01-07 03:53:42.155  1649  1649 I iptables: type=1400 audit(0.0:911): avc: denied { setopt } for lport=255 scontext=u:r:init:s0 tcontext=u:r:init:s0 tclass=rawip_socket permissive=1
01-07 03:53:42.259  1577  1577 I cameraserver: type=1400 audit(0.0:912): avc: denied { read write } for name="media0" dev="tmpfs" ino=11160 scontext=u:r:cameraserver:s0 tcontext=u:object_r:device:s0 tclass=chr_file permissive=1
01-07 03:53:42.259  1577  1577 I cameraserver: type=1400 audit(0.0:913): avc: denied { open } for path="/dev/media0" dev="tmpfs" ino=11160 scontext=u:r:cameraserver:s0 tcontext=u:object_r:device:s0 tclass=chr_file permissive=1
01-07 03:53:42.259  1577  1577 I cameraserver: type=1400 audit(0.0:914): avc: denied { ioctl } for path="/dev/media0" dev="tmpfs" ino=11160 ioctlcmd=7c00 scontext=u:r:cameraserver:s0 tcontext=u:object_r:device:s0 tclass=chr_file permissive=1
01-07 03:53:42.390  1081  1619 E Diag_Lib:  Diag_LSM_Init: Failed to open handle to diag driver, error = 2
01-07 03:53:42.471  1670  1670 I ndc     : type=1400 audit(0.0:915): avc: denied { write } for name="netd" dev="tmpfs" ino=23579 scontext=u:r:init:s0 tcontext=u:object_r:netd_socket:s0 tclass=sock_file permissive=1
01-07 03:53:42.471  1670  1670 I ndc     : type=1400 audit(0.0:916): avc: denied { connectto } for path="/dev/socket/netd" scontext=u:r:init:s0 tcontext=u:r:netd:s0 tclass=unix_stream_socket permissive=1
01-07 03:53:42.547  1619  1619 I netmgrd : type=1400 audit(0.0:917): avc: denied { ioctl } for path="socket:[25431]" dev="sockfs" ino=25431 ioctlcmd=8946 scontext=u:r:init:s0 tcontext=u:r:init:s0 tclass=udp_socket permissive=1
01-07 03:53:44.316  2080  2080 E android.hardware.nfc@1.0-impl: hw_get_module nfc_nci failed: -2
