01-07 03:53:26.195   918   918 I lsof    : type=1400 audit(0.0:261): avc: denied { open } for path="/proc/2/stat" dev="proc" ino=17007 scontext=u:r:toolbox:s0 tcontext=u:r:kernel:s0 tclass=file permissive=1
01-07 03:53:26.195   918   918 I lsof    : type=1400 audit(0.0:262): avc: denied { read } for name="cwd" dev="proc" ino=17008 scontext=u:r:toolbox:s0 tcontext=u:r:kernel:s0 tclass=lnk_file permissive=1
01-07 03:53:26.195   918   918 I lsof    : type=1400 audit(0.0:262): avc: denied { read } for name="cwd" dev="proc" ino=17008 scontext=u:r:toolbox:s0 tcontext=u:r:kernel:s0 tclass=lnk_file permissive=1
01-07 03:53:27.927   499   499 I surfaceflinger: type=1400 audit(0.0:286): avc: denied { read write } for name="kgsl-3d0" dev="tmpfs" ino=11185 scontext=u:r:surfaceflinger:s0 tcontext=u:object_r:device:s0 tclass=chr_file permissive=1
01-07 03:53:27.927   499   499 I surfaceflinger: type=1400 audit(0.0:286): avc: denied { read write } for name="kgsl-3d0" dev="tmpfs" ino=11185 scontext=u:r:surfaceflinger:s0 tcontext=u:object_r:device:s0 tclass=chr_file permissive=1
01-07 03:53:27.927   499   499 I surfaceflinger: type=1400 audit(0.0:287): avc: denied { open } for path="/dev/kgsl-3d0" dev="tmpfs" ino=11185 scontext=u:r:surfaceflinger:s0 tcontext=u:object_r:device:s0 tclass=chr_file permissive=1
01-07 03:53:27.927   499   499 I surfaceflinger: type=1400 audit(0.0:287): avc: denied { open } for path="/dev/kgsl-3d0" dev="tmpfs" ino=11185 scontext=u:r:surfaceflinger:s0 tcontext=u:object_r:device:s0 tclass=chr_file permissive=1
01-07 03:53:28.435   499   499 I surfaceflinger: type=1400 audit(0.0:288): avc: denied { ioctl } for path="/dev/kgsl-3d0" dev="tmpfs" ino=11185 ioctlcmd=940 scontext=u:r:surfaceflinger:s0 tcontext=u:object_r:device:s0 tclass=chr_file permissive=1
01-07 03:53:28.435   499   499 I surfaceflinger: type=1400 audit(0.0:288): avc: denied { ioctl } for path="/dev/kgsl-3d0" dev="tmpfs" ino=11185 ioctlcmd=940 scontext=u:r:surfaceflinger:s0 tcontext=u:object_r:device:s0 tclass=chr_file permissive=1
01-07 03:53:28.983   918   918 I lsof    : type=1400 audit(0.0:289): avc: denied { read } for scontext=u:r:toolbox:s0 tcontext=u:r:ueventd:s0 tclass=file permissive=1
01-07 03:53:28.983   918   918 I lsof    : type=1400 audit(0.0:289): avc: denied { read } for scontext=u:r:toolbox:s0 tcontext=u:r:ueventd:s0 tclass=file permissive=1
01-07 03:53:28.983   918   918 I lsof    : type=1400 audit(0.0:290): avc: denied { read } for scontext=u:r:toolbox:s0 tcontext=u:r:lmkd:s0 tclass=file permissive=1
01-07 03:53:28.983   918   918 I lsof    : type=1400 audit(0.0:290): avc: denied { read } for scontext=u:r:toolbox:s0 tcontext=u:r:lmkd:s0 tclass=file permissive=1
01-07 03:53:28.983   918   918 I lsof    : type=1400 audit(0.0:291): avc: denied { read } for scontext=u:r:toolbox:s0 tcontext=u:r:drmserver:s0 tclass=file permissive=1
01-07 03:53:28.983   918   918 I lsof    : type=1400 audit(0.0:291): avc: denied { read } for scontext=u:r:toolbox:s0 tcontext=u:r:drmserver:s0 tclass=file permissive=1
01-07 03:53:28.983   918   918 I lsof    : type=1400 audit(0.0:292): avc: denied { read } for scontext=u:r:toolbox:s0 tcontext=u:r:wificond:s0 tclass=file permissive=1
01-07 03:53:28.983   918   918 I lsof    : type=1400 audit(0.0:292): avc: denied { read } for scontext=u:r:toolbox:s0 tcontext=u:r:wificond:s0 tclass=file permissive=1
01-07 03:53:28.983   918   918 I lsof    : type=1400 audit(0.0:293): avc: denied { read } for scontext=u:r:toolbox:s0 tcontext=u:r:healthd:s0 tclass=file permissive=1
01-07 03:53:28.983   918   918 I lsof    : type=1400 audit(0.0:293): avc: denied { read } for scontext=u:r:toolbox:s0 tcontext=u:r:healthd:s0 tclass=file permissive=1
01-07 03:53:28.983   918   918 I lsof    : type=1400 audit(0.0:294): avc: denied { read } for scontext=u:r:toolbox:s0 tcontext=u:r:servicemanager:s0 tclass=file permissive=1
01-07 03:53:28.983   918   918 I lsof    : type=1400 audit(0.0:294): avc: denied { read } for scontext=u:r:toolbox:s0 tcontext=u:r:servicemanager:s0 tclass=file permissive=1
01-07 03:53:29.267   918   918 I lsof    : type=1400 audit(0.0:295): avc: denied { read } for scontext=u:r:toolbox:s0 tcontext=u:r:surfaceflinger:s0 tclass=file permissive=1
01-07 03:53:29.267   918   918 I lsof    : type=1400 audit(0.0:295): avc: denied { read } for scontext=u:r:toolbox:s0 tcontext=u:r:surfaceflinger:s0 tclass=file permissive=1
01-07 03:53:29.267   918   918 I lsof    : type=1400 audit(0.0:296): avc: denied { read } for scontext=u:r:toolbox:s0 tcontext=u:r:vndservicemanager:s0 tclass=file permissive=1
01-07 03:53:29.267   918   918 I lsof    : type=1400 audit(0.0:296): avc: denied { read } for scontext=u:r:toolbox:s0 tcontext=u:r:vndservicemanager:s0 tclass=file permissive=1
01-07 03:53:29.267   918   918 I lsof    : type=1400 audit(0.0:297): avc: denied { read } for scontext=u:r:toolbox:s0 tcontext=u:r:shell:s0 tclass=file permissive=1
01-07 03:53:29.267   918   918 I lsof    : type=1400 audit(0.0:297): avc: denied { read } for scontext=u:r:toolbox:s0 tcontext=u:r:shell:s0 tclass=file permissive=1
01-07 03:53:29.587  1031  1031 I ifconfig: type=1400 audit(0.0:298): avc: denied { read } for path="pipe:[16294]" dev="pipefs" ino=16294 scontext=u:r:toolbox:s0 tcontext=u:r:init:s0 tclass=fifo_file permissive=1
01-07 03:53:29.587  1031  1031 I ifconfig: type=1400 audit(0.0:298): avc: denied { read } for path="pipe:[16294]" dev="pipefs" ino=16294 scontext=u:r:toolbox:s0 tcontext=u:r:init:s0 tclass=fifo_file permissive=1
01-07 03:53:29.587  1031  1031 I ifconfig: type=1400 audit(0.0:299): avc: denied { read write } for path="/dev/smem_log" dev="tmpfs" ino=1920 scontext=u:r:toolbox:s0 tcontext=u:object_r:device:s0 tclass=chr_file permissive=1
01-07 03:53:29.587  1031  1031 I ifconfig: type=1400 audit(0.0:299): avc: denied { read write } for path="/dev/smem_log" dev="tmpfs" ino=1920 scontext=u:r:toolbox:s0 tcontext=u:object_r:device:s0 tclass=chr_file permissive=1
01-07 03:53:29.651  1031  1031 I ifconfig: type=1400 audit(0.0:300): avc: denied { create } for scontext=u:r:toolbox:s0 tcontext=u:r:toolbox:s0 tclass=udp_socket permissive=1
01-07 03:53:29.651  1031  1031 I ifconfig: type=1400 audit(0.0:300): avc: denied { create } for scontext=u:r:toolbox:s0 tcontext=u:r:toolbox:s0 tclass=udp_socket permissive=1
01-07 03:53:29.651  1031  1031 I ifconfig: type=1400 audit(0.0:301): avc: denied { ioctl } for path="socket:[20926]" dev="sockfs" ino=20926 ioctlcmd=8913 scontext=u:r:toolbox:s0 tcontext=u:r:toolbox:s0 tclass=udp_socket permissive=1
01-07 03:53:29.651  1031  1031 I ifconfig: type=1400 audit(0.0:301): avc: denied { ioctl } for path="socket:[20926]" dev="sockfs" ino=20926 ioctlcmd=8913 scontext=u:r:toolbox:s0 tcontext=u:r:toolbox:s0 tclass=udp_socket permissive=1
01-07 03:53:29.651  1031  1031 I ifconfig: type=1400 audit(0.0:302): avc: denied { ioctl } for path="socket:[20926]" dev="sockfs" ino=20926 ioctlcmd=8914 scontext=u:r:toolbox:s0 tcontext=u:r:toolbox:s0 tclass=udp_socket permissive=1
01-07 03:53:29.651  1031  1031 I ifconfig: type=1400 audit(0.0:302): avc: denied { ioctl } for path="socket:[20926]" dev="sockfs" ino=20926 ioctlcmd=8914 scontext=u:r:toolbox:s0 tcontext=u:r:toolbox:s0 tclass=udp_socket permissive=1
01-07 03:53:29.651  1031  1031 I ifconfig: type=1400 audit(0.0:303): avc: denied { net_admin } for capability=12 scontext=u:r:toolbox:s0 tcontext=u:r:toolbox:s0 tclass=capability permissive=1
01-07 03:53:29.651  1031  1031 I ifconfig: type=1400 audit(0.0:303): avc: denied { net_admin } for capability=12 scontext=u:r:toolbox:s0 tcontext=u:r:toolbox:s0 tclass=capability permissive=1
01-07 03:53:29.659   918   918 I lsof    : type=1400 audit(0.0:304): avc: denied { getattr } for path="/proc/338" dev="proc" ino=10933 scontext=u:r:toolbox:s0 tcontext=u:r:ueventd:s0 tclass=dir permissive=1
01-07 03:53:29.659   918   918 I lsof    : type=1400 audit(0.0:304): avc: denied { getattr } for path="/proc/338" dev="proc" ino=10933 scontext=u:r:toolbox:s0 tcontext=u:r:ueventd:s0 tclass=dir permissive=1
01-07 03:53:29.659   918   918 I lsof    : type=1400 audit(0.0:305): avc: denied { search } for name="338" dev="proc" ino=10933 scontext=u:r:toolbox:s0 tcontext=u:r:ueventd:s0 tclass=dir permissive=1
01-07 03:53:29.659   918   918 I lsof    : type=1400 audit(0.0:305): avc: denied { search } for name="338" dev="proc" ino=10933 scontext=u:r:toolbox:s0 tcontext=u:r:ueventd:s0 tclass=dir permissive=1
01-07 03:53:29.659   918   918 I lsof    : type=1400 audit(0.0:306): avc: denied { open } for path="/proc/338/stat" dev="proc" ino=20989 scontext=u:r:toolbox:s0 tcontext=u:r:ueventd:s0 tclass=file permissive=1
01-07 03:53:29.659   918   918 I lsof    : type=1400 audit(0.0:306): avc: denied { open } for path="/proc/338/stat" dev="proc" ino=20989 scontext=u:r:toolbox:s0 tcontext=u:r:ueventd:s0 tclass=file permissive=1
01-07 03:53:29.659   918   918 I lsof    : type=1400 audit(0.0:307): avc: denied { read } for name="cwd" dev="proc" ino=20990 scontext=u:r:toolbox:s0 tcontext=u:r:ueventd:s0 tclass=lnk_file permissive=1
01-07 03:53:29.659   918   918 I lsof    : type=1400 audit(0.0:307): avc: denied { read } for name="cwd" dev="proc" ino=20990 scontext=u:r:toolbox:s0 tcontext=u:r:ueventd:s0 tclass=lnk_file permissive=1
01-07 03:53:29.659   918   918 I lsof    : type=1400 audit(0.0:308): avc: denied { getattr } for path="/init" dev="rootfs" ino=8813 scontext=u:r:toolbox:s0 tcontext=u:object_r:init_exec:s0 tclass=file permissive=1
01-07 03:53:29.659   918   918 I lsof    : type=1400 audit(0.0:308): avc: denied { getattr } for path="/init" dev="rootfs" ino=8813 scontext=u:r:toolbox:s0 tcontext=u:object_r:init_exec:s0 tclass=file permissive=1
01-07 03:53:29.659   918   918 I lsof    : type=1400 audit(0.0:309): avc: denied { getattr } for path="/proc/338/maps" dev="proc" ino=20993 scontext=u:r:toolbox:s0 tcontext=u:r:ueventd:s0 tclass=file permissive=1
01-07 03:53:29.659   918   918 I lsof    : type=1400 audit(0.0:309): avc: denied { getattr } for path="/proc/338/maps" dev="proc" ino=20993 scontext=u:r:toolbox:s0 tcontext=u:r:ueventd:s0 tclass=file permissive=1
01-07 03:53:29.659   918   918 I lsof    : type=1400 audit(0.0:310): avc: denied { read } for name="fd" dev="proc" ino=20994 scontext=u:r:toolbox:s0 tcontext=u:r:ueventd:s0 tclass=dir permissive=1
01-07 03:53:29.659   918   918 I lsof    : type=1400 audit(0.0:310): avc: denied { read } for name="fd" dev="proc" ino=20994 scontext=u:r:toolbox:s0 tcontext=u:r:ueventd:s0 tclass=dir permissive=1
01-07 03:53:29.659   918   918 I lsof    : type=1400 audit(0.0:311): avc: denied { open } for path="/proc/338/fd" dev="proc" ino=20994 scontext=u:r:toolbox:s0 tcontext=u:r:ueventd:s0 tclass=dir permissive=1
01-07 03:53:29.659   918   918 I lsof    : type=1400 audit(0.0:311): avc: denied { open } for path="/proc/338/fd" dev="proc" ino=20994 scontext=u:r:toolbox:s0 tcontext=u:r:ueventd:s0 tclass=dir permissive=1
01-07 03:53:29.659   918   918 I lsof    : type=1400 audit(0.0:312): avc: denied { getattr } for path="socket:[10938]" dev="sockfs" ino=10938 scontext=u:r:toolbox:s0 tcontext=u:r:ueventd:s0 tclass=netlink_kobject_uevent_socket permissive=1
01-07 03:53:29.659   918   918 I lsof    : type=1400 audit(0.0:312): avc: denied { getattr } for path="socket:[10938]" dev="sockfs" ino=10938 scontext=u:r:toolbox:s0 tcontext=u:r:ueventd:s0 tclass=netlink_kobject_uevent_socket permissive=1
01-07 03:53:29.667   511   511 I netmgrd : type=1400 audit(0.0:313): avc: denied { ioctl } for path="socket:[21017]" dev="sockfs" ino=21017 ioctlcmd=89fd scontext=u:r:init:s0 tcontext=u:r:init:s0 tclass=udp_socket permissive=1
01-07 03:53:29.667   511   511 I netmgrd : type=1400 audit(0.0:313): avc: denied { ioctl } for path="socket:[21017]" dev="sockfs" ino=21017 ioctlcmd=89fd scontext=u:r:init:s0 tcontext=u:r:init:s0 tclass=udp_socket permissive=1
01-07 03:53:29.667   511   511 I netmgrd : type=1400 audit(0.0:314): avc: denied { create } for scontext=u:r:init:s0 tcontext=u:r:init:s0 tclass=netlink_socket permissive=1
01-07 03:53:29.667   511   511 I netmgrd : type=1400 audit(0.0:314): avc: denied { create } for scontext=u:r:init:s0 tcontext=u:r:init:s0 tclass=netlink_socket permissive=1
01-07 03:53:29.667   511   511 I netmgrd : type=1400 audit(0.0:315): avc: denied { bind } for scontext=u:r:init:s0 tcontext=u:r:init:s0 tclass=netlink_socket permissive=1
01-07 03:53:29.667   511   511 I netmgrd : type=1400 audit(0.0:315): avc: denied { bind } for scontext=u:r:init:s0 tcontext=u:r:init:s0 tclass=netlink_socket permissive=1
01-07 03:53:29.667   511   511 I netmgrd : type=1400 audit(0.0:316): avc: denied { write } for scontext=u:r:init:s0 tcontext=u:r:init:s0 tclass=netlink_socket permissive=1
01-07 03:53:29.667   511   511 I netmgrd : type=1400 audit(0.0:316): avc: denied { write } for scontext=u:r:init:s0 tcontext=u:r:init:s0 tclass=netlink_socket permissive=1
01-07 03:53:29.667   511   511 I netmgrd : type=1400 audit(0.0:317): avc: denied { read } for scontext=u:r:init:s0 tcontext=u:r:init:s0 tclass=netlink_socket permissive=1
01-07 03:53:29.667   511   511 I netmgrd : type=1400 audit(0.0:317): avc: denied { read } for scontext=u:r:init:s0 tcontext=u:r:init:s0 tclass=netlink_socket permissive=1
01-07 03:53:29.695   918   918 I lsof    : type=1400 audit(0.0:318): avc: denied { getattr } for path="/proc/479" dev="proc" ino=12996 scontext=u:r:toolbox:s0 tcontext=u:r:init:s0 tclass=dir permissive=1
01-07 03:53:29.695   918   918 I lsof    : type=1400 audit(0.0:318): avc: denied { getattr } for path="/proc/479" dev="proc" ino=12996 scontext=u:r:toolbox:s0 tcontext=u:r:init:s0 tclass=dir permissive=1
01-07 03:53:29.695   918   918 I lsof    : type=1400 audit(0.0:319): avc: denied { search } for name="479" dev="proc" ino=12996 scontext=u:r:toolbox:s0 tcontext=u:r:init:s0 tclass=dir permissive=1
01-07 03:53:29.695   918   918 I lsof    : type=1400 audit(0.0:319): avc: denied { search } for name="479" dev="proc" ino=12996 scontext=u:r:toolbox:s0 tcontext=u:r:init:s0 tclass=dir permissive=1
01-07 03:53:29.695   918   918 I lsof    : type=1400 audit(0.0:320): avc: denied { open } for path="/proc/479/stat" dev="proc" ino=21139 scontext=u:r:toolbox:s0 tcontext=u:r:init:s0 tclass=file permissive=1
01-07 03:53:29.695   918   918 I lsof    : type=1400 audit(0.0:320): avc: denied { open } for path="/proc/479/stat" dev="proc" ino=21139 scontext=u:r:toolbox:s0 tcontext=u:r:init:s0 tclass=file permissive=1
01-07 03:53:29.695   918   918 I lsof    : type=1400 audit(0.0:321): avc: denied { getattr } for path="/proc/479/maps" dev="proc" ino=21143 scontext=u:r:toolbox:s0 tcontext=u:r:init:s0 tclass=file permissive=1
01-07 03:53:29.695   918   918 I lsof    : type=1400 audit(0.0:321): avc: denied { getattr } for path="/proc/479/maps" dev="proc" ino=21143 scontext=u:r:toolbox:s0 tcontext=u:r:init:s0 tclass=file permissive=1
01-07 03:53:29.695   918   918 I lsof    : type=1400 audit(0.0:322): avc: denied { getattr } for path="/dev/__properties__/u:object_r:asan_reboot_prop:s0" dev="tmpfs" ino=1831 scontext=u:r:toolbox:s0 tcontext=u:object_r:asan_reboot_prop:s0 tclass=file permissive=1
01-07 03:53:29.695   918   918 I lsof    : type=1400 audit(0.0:322): avc: denied { getattr } for path="/dev/__properties__/u:object_r:asan_reboot_prop:s0" dev="tmpfs" ino=1831 scontext=u:r:toolbox:s0 tcontext=u:object_r:asan_reboot_prop:s0 tclass=file permissive=1
01-07 03:53:29.695   918   918 I lsof    : type=1400 audit(0.0:323): avc: denied { getattr } for path="/dev/__properties__/u:object_r:bluetooth_prop:s0" dev="tmpfs" ino=1830 scontext=u:r:toolbox:s0 tcontext=u:object_r:bluetooth_prop:s0 tclass=file permissive=1
01-07 03:53:29.695   918   918 I lsof    : type=1400 audit(0.0:323): avc: denied { getattr } for path="/dev/__properties__/u:object_r:bluetooth_prop:s0" dev="tmpfs" ino=1830 scontext=u:r:toolbox:s0 tcontext=u:object_r:bluetooth_prop:s0 tclass=file permissive=1
01-07 03:53:29.695   918   918 I lsof    : type=1400 audit(0.0:324): avc: denied { getattr } for path="/dev/__properties__/u:object_r:hwservicemanager_prop:s0" dev="tmpfs" ino=1819 scontext=u:r:toolbox:s0 tcontext=u:object_r:hwservicemanager_prop:s0 tclass=file permissive=1
01-07 03:53:29.695   918   918 I lsof    : type=1400 audit(0.0:324): avc: denied { getattr } for path="/dev/__properties__/u:object_r:hwservicemanager_prop:s0" dev="tmpfs" ino=1819 scontext=u:r:toolbox:s0 tcontext=u:object_r:hwservicemanager_prop:s0 tclass=file permissive=1
01-07 03:53:29.695   918   918 I lsof    : type=1400 audit(0.0:325): avc: denied { getattr } for path="/dev/__properties__/u:object_r:logpersistd_logging_prop:s0" dev="tmpfs" ino=1818 scontext=u:r:toolbox:s0 tcontext=u:object_r:logpersistd_logging_prop:s0 tclass=file permissive=1
01-07 03:53:30.879     1     1 I init    : type=1400 audit(0.0:732): avc: denied { open } for path="/dev/ttyHSL0" dev="tmpfs" ino=1857 scontext=u:r:init:s0 tcontext=u:object_r:device:s0 tclass=chr_file permissive=1
01-07 03:53:30.883  1074  1074 I init    : type=1400 audit(0.0:733): avc: denied { ioctl } for path="/dev/ttyHSL0" dev="tmpfs" ino=1857 ioctlcmd=540e scontext=u:r:init:s0 tcontext=u:object_r:device:s0 tclass=chr_file permissive=1
01-07 03:53:30.883  1074  1074 I sh      : type=1400 audit(0.0:734): avc: denied { read write } for path="/dev/ttyHSL0" dev="tmpfs" ino=1857 scontext=u:r:shell:s0 tcontext=u:object_r:device:s0 tclass=chr_file permissive=1
01-07 03:53:30.891  1080  1080 I init    : type=1400 audit(0.0:735): avc: denied { execute_no_trans } for path="/system/bin/qmuxd" dev="mmcblk0p47" ino=354 scontext=u:r:init:s0 tcontext=u:object_r:system_file:s0 tclass=file permissive=1
01-07 03:53:31.000     0  1078 I rmt_storage: rmt_storage_connect_cb: clnt_h=0x1 conn_h=0x76e482c1d0
01-07 03:53:31.000     0  1078 I rmt_storage: rmt_storage_open_cb: /boot/modem_fs1: clnt_h=0x1: req_h=0x1 msg_id=1: Client found
01-07 03:53:31.000     0  1078 I rmt_storage: rmt_storage_open_cb: /boot/modem_fs1: clnt_h=0x1: req_h=0x1 msg_id=1: Send response: res=0 err=0
01-07 03:53:31.001     0  1082 E Diag_Lib:  Diag_LSM_Init: Failed to open handle to diag driver, error = 2
01-07 03:53:31.001     0  1084 E DrmLibRpmb: rpmb_init succeeded! with ret = 0
01-07 03:53:31.001     0  1084 D QSEECOMD: : Init rpmb_init_service ret = 0
01-07 03:53:31.001     0  1084 D QSEECOMD: : RPMB system services: init (Listener ID = 8192)
01-07 03:53:31.001     0  1084 E QSEECOMD: : Listener: index = 1, hierarchy = 0
01-07 03:53:31.001     0  1083 E Diag_Lib:  Diag_LSM_Init: Failed to open handle to diag driver, error = 2
01-07 03:53:31.001     0  1084 D QSEECOMD: : Init dlopen(libssd.so, RTLD_NOW) succeeds
01-07 03:53:31.001     0  1084 D QSEECOMD: : Init::Init dlsym(g_FSHandle ssd_init_service) succeeds
01-07 03:53:31.001     0  1084 E SSD     : ssd_init_service succeeded!
01-07 03:53:31.001     0  1084 D QSEECOMD: : Init ssd_init_service ret = 0
01-07 03:53:31.001     0  1084 D QSEECOMD: : SSD system services: init (Listener ID = 12288)
01-07 03:53:31.001     0  1084 E QSEECOMD: : Listener: index = 2, hierarchy = 0
01-07 03:53:31.003     0  1078 I rmt_storage: rmt_storage_connect_cb: clnt_h=0x2 conn_h=0x76e482c1e0
01-07 03:53:31.003     0  1078 I rmt_storage: rmt_storage_open_cb: /boot/modem_fs2: clnt_h=0x2: req_h=0x2 msg_id=1: Client found
01-07 03:53:31.003     0  1078 I rmt_storage: rmt_storage_open_cb: /boot/modem_fs2: clnt_h=0x2: req_h=0x2 msg_id=1: Send response: res=0 err=0
01-07 03:53:31.003     0  1078 I rmt_storage: rmt_storage_disconnect_cb: clnt_h=0x1 conn_h=0x76e482c1d0
01-07 03:53:31.008     0  1078 I rmt_storage: rmt_storage_connect_cb: clnt_h=0x3 conn_h=0x76e482c1d0
01-07 03:53:31.008     0  1078 I rmt_storage: rmt_storage_open_cb: /boot/modem_fsg: clnt_h=0x3: req_h=0x3 msg_id=1: Client found
01-07 03:53:31.008     0  1078 I rmt_storage: rmt_storage_open_cb: /boot/modem_fsg: clnt_h=0x3: req_h=0x3 msg_id=1: Send response: res=0 err=0
01-07 03:53:31.008     0  1078 I rmt_storage: rmt_storage_disconnect_cb: clnt_h=0x2 conn_h=0x76e482c1e0
01-07 03:53:31.012     0  1084 E QSEECOMD: : Init dlopen(libsecureui.so, RLTD_NOW) is failed....
01-07 03:53:31.012     0  1084 D QSEECOMD: : SEC_UI_INIT failed, shall not start secure ui listener
01-07 03:53:31.012     0  1084 E QSEECOMD: : Listener: index = 5, hierarchy = 0
01-07 03:53:31.012     0  1078 I rmt_storage: rmt_storage_connect_cb: clnt_h=0x4 conn_h=0x76e482c1e0
01-07 03:53:31.012     0  1084 E QSEECOMD: : Init dlopen(libmdtp.so, RLTD_NOW) is failed....
01-07 03:53:31.012     0  1084 D QSEECOMD: : ERROR: MDTP_INIT failed, shall not start MDTP listener
01-07 03:53:31.012     0  1078 I rmt_storage: rmt_storage_open_cb: /boot/modem_fsc: clnt_h=0x4: req_h=0x4 msg_id=1: Client found
01-07 03:53:31.012     0  1078 I rmt_storage: rmt_storage_open_cb: /boot/modem_fsc: clnt_h=0x4: req_h=0x4 msg_id=1: Send response: res=0 err=0
01-07 03:53:31.012     0  1078 I rmt_storage: rmt_storage_disconnect_cb: clnt_h=0x3 conn_h=0x76e482c1d0
01-07 03:53:31.013     0  1084 D QSEECOMD: : Parent qseecom daemon process paused!! 
01-07 03:53:31.014     0  1078 I rmt_storage: rmt_storage_connect_cb: clnt_h=0x5 conn_h=0x76e482c1d0
01-07 03:53:31.014     0  1078 I rmt_storage: rmt_storage_rw_iovec_cb: /boot/modem_fs2: clnt_h=0x4: req_h=0x5 msg_id=3: R/W request received
01-07 03:53:31.014     0  1078 E rmt_storage: IOVEC gave bad buff addr 0, 1572864, -895483904, -893911040
01-07 03:53:31.014     0  1078 E rmt_storage: Invalid iovec_request by client 0x4
01-07 03:53:31.014     0  1078 I rmt_storage: rmt_storage_rw_iovec_cb: /boot/modem_fs2: clnt_h=0x4: req_h=0x5 msg_id=3: Send response: res=1 err=3
01-07 03:53:31.014     0  1078 I rmt_storage: rmt_storage_disconnect_cb: clnt_h=0x4 conn_h=0x76e482c1e0
01-07 03:53:31.015     0  1078 I rmt_storage: rmt_storage_disconnect_cb: clnt_h=0x5 conn_h=0x76e482c1d0
01-07 03:53:31.022     0  1110 I rmt_storage: rmt_storage_client_thread: /boot/modem_fs2: clnt_h=0x4 Worker thread started
01-07 03:53:31.022     0  1110 I rmt_storage: wake lock name: rmt_storage_510637122800, name creation success: 24
01-07 03:53:31.022     0  1110 I rmt_storage: rmt_storage_client_thread: /boot/modem_fs2: clnt_h=0x4: req_h=0x0 msg_id=0: Write failed errno = 14 error_string = Bad address
01-07 03:53:31.023     0  1110 I rmt_storage: rmt_storage_client_thread: /boot/modem_fs2: clnt_h=0x4: req_h=0x0 msg_id=0: Send response: res=1 err=3
01-07 03:53:31.023     0  1110 I rmt_storage: rmt_storage_client_thread: /boot/modem_fs2: clnt_h=0x4: req_h=0x0 msg_id=0: qmi_csi_send_resp returned error 3
01-07 03:53:31.023     0  1110 I rmt_storage: rmt_storage_client_thread: /boot/modem_fs2: clnt_h=0x4 About to block rmt_storage client thread (th_id: 510637122800) wakelock released: 0, error no: 22
01-07 03:53:31.023     0  1110 I rmt_storage: 
01-07 03:53:31.023     0  1109 I rmt_storage: rmt_storage_client_thread: /boot/modem_fs1: clnt_h=0x5 Worker thread started
01-07 03:53:31.023     0  1109 I rmt_storage: wake lock name: rmt_storage_510638159088, name creation success: 24
01-07 03:53:31.023     0  1111 I rmt_storage: rmt_storage_client_thread: /boot/modem_fsg: clnt_h=0x5 Worker thread started
01-07 03:53:31.023     0  1111 I rmt_storage: wake lock name: rmt_storage_510636086512, name creation success: 24
01-07 03:53:31.024     0  1112 I rmt_storage: rmt_storage_client_thread: /boot/modem_fsc: clnt_h=0x4 Worker thread started
01-07 03:53:31.024     0  1112 I rmt_storage: wake lock name: rmt_storage_510635050224, name creation success: 24
01-07 03:53:31.027     0  1113 D QSEECOMD: : qseecom listener service threads starting!!! 
01-07 03:53:31.027     0  1113 D QSEECOMD: : Total listener services to start = 7
01-07 03:53:31.027     0  1113 E QSEECOMD: : Listener: index = 0, hierarchy = 1
01-07 03:53:31.027     0  1113 D QSEECOMD: : Init dlopen(librpmb.so, RTLD_NOW) succeeds
01-07 03:53:31.027     0  1113 D QSEECOMD: : Init::Init dlsym(g_FSHandle rpmb_start) succeeds
01-07 03:53:31.027     0  1113 D QSEECOMAPI: : QSEECom_register_listener 8192 sb_length = 0x5000
01-07 03:53:31.028     0  1113 D QSEECOMD: : Init rpmb_start ret = 0
01-07 03:53:31.028     0  1113 D QSEECOMD: : RPMB system services: Started (Listener ID = 8192)
01-07 03:53:31.028     0  1113 E QSEECOMD: : Listener: index = 1, hierarchy = 1
01-07 03:53:31.029     0  1113 D QSEECOMD: : Init dlopen(libssd.so, RTLD_NOW) succeeds
01-07 03:53:31.029     0  1113 D QSEECOMD: : Init::Init dlsym(g_FSHandle ssd_start) succeeds
01-07 03:53:31.029     0  1113 D QSEECOMAPI: : QSEECom_register_listener 12288 sb_length = 0x5000
01-07 03:53:31.029     0  1113 D QSEECOMD: : Init ssd_start ret = 0
01-07 03:53:31.029     0  1113 D QSEECOMD: : SSD system services: Started (Listener ID = 12288)
01-07 03:53:31.029     0  1113 E QSEECOMD: : Listener: index = 2, hierarchy = 1
01-07 03:53:31.035     0  1078 I rmt_storage: Registering modemst1: 0x4a /boot/modem_fs1
01-07 03:53:31.035     0  1076 E Diag_Lib: qpLogDiagInit <== result : 0
01-07 03:53:31.035     0  1076 E Diag_Lib: QMID : gIsQXDMDisabled 0, gIsADBDisabled 1, gIsDebugDisabled 0, gIsIMSLogsDisabled 0
01-07 03:53:31.035     0  1078 I rmt_storage: Registering modemst2: 0x4b /boot/modem_fs2
01-07 03:53:31.035     0  1078 I rmt_storage: Registering fsc: 0xff /boot/modem_fsc
01-07 03:53:31.035     0  1076 E Diag_Lib:  Diag_LSM_Init: Failed to open handle to diag driver, error = 2
01-07 03:53:31.035     0  1076 E Diag_Lib: qpLogDiagInit <== result : 0
01-07 03:53:31.035     0  1078 I rmt_storage: Registering fsg: 0x58 /boot/modem_fsg
01-07 03:53:31.035     0  1078 I rmt_storage: 4 GPT partitions found
01-07 03:53:31.035     0  1076 E Diag_Lib: QMID : gIsQXDMDisabled 0, gIsADBDisabled 1, gIsDebugDisabled 0, gIsIMSLogsDisabled 0
01-07 03:53:31.035     0  1076 E Diag_Lib:  Diag_LSM_Init: Failed to open handle to diag driver, error = 2
01-07 03:53:31.035     0  1076 E Diag_Lib: qpLogDiagInit <== result : 0
01-07 03:53:31.035     0  1076 E Diag_Lib: QMID : gIsQXDMDisabled 0, gIsADBDisabled 1, gIsDebugDisabled 0, gIsIMSLogsDisabled 0
01-07 03:53:31.035     0  1076 E Diag_Lib:  Diag_LSM_Init: Failed to open handle to diag driver, error = 2
01-07 03:53:31.035     0  1076 E Diag_Lib: qpLogDiagInit <== result : 0
01-07 03:53:31.035     0  1078 I rmt_storage: Capset success!
01-07 03:53:31.035     0  1076 E Diag_Lib: QMID : gIsQXDMDisabled 0, gIsADBDisabled 1, gIsDebugDisabled 0, gIsIMSLogsDisabled 0
01-07 03:53:31.035     0  1076 E Diag_Lib:  Diag_LSM_Init: Failed to open handle to diag driver, error = 2
01-07 03:53:31.035     0  1076 E Diag_Lib: qpLogDiagInit <== result : 0
01-07 03:53:31.035     0  1076 E Diag_Lib: QMID : gIsQXDMDisabled 0, gIsADBDisabled 1, gIsDebugDisabled 0, gIsIMSLogsDisabled 0
01-07 03:53:31.037     0  1091 D ImsWmsProxy: ImsWmsProxy :: IMS WMS Proxy is started
01-07 03:53:31.038     0  1091 D ImsWmsProxy: ImsWmsProxy :: local socket (4)
01-07 03:53:31.038     0  1091 D ImsWmsProxy: ImsWmsProxy :: IMS WMS Proxy is ready
01-07 03:53:31.040     0  1113 E QSEECOMD: : Init dlopen(libsecureui.so, RLTD_NOW) is failed....
01-07 03:53:31.040     0  1113 E QSEECOMD: : Listener: index = 3, hierarchy = 1
01-07 03:53:31.041     0  1091 E Diag_Lib:  Diag_LSM_Init: Failed to open handle to diag driver, error = 2
01-07 03:53:31.041     0  1080 E Diag_Lib:  Diag_LSM_Init: Failed to open handle to diag driver, error = 2
01-07 03:53:31.042     0  1080 I chatty  : uid=65534(u0_a55534) /system/bin/qmuxd identical 1 line
01-07 03:53:31.042     0  1113 D QSEECOMD: : Init dlopen(libdrmtime.so, RTLD_NOW) succeeds
01-07 03:53:31.042     0  1113 D QSEECOMD: : Init::Init dlsym(g_FSHandle atime_start) succeeds
01-07 03:53:31.042     0  1113 D DrmLibTime: QSEE Time Listener: atime_start
01-07 03:53:31.042     0  1113 D QSEECOMAPI: : QSEECom_register_listener 11 sb_length = 0x5000
01-07 03:53:31.042     0  1080 E Diag_Lib:  Diag_LSM_Init: Failed to open handle to diag driver, error = 2
01-07 03:53:31.043     0  1113 D DrmLibTime: registering fs service to QSEECom is done!
01-07 03:53:31.043     0  1113 D DrmLibTime: begin to create a thread!
01-07 03:53:31.043     0  1113 D DrmLibTime: Creating a pthread in atime_start is done! return 0
01-07 03:53:31.043     0  1113 D QSEECOMD: : Init atime_start ret = 0
01-07 03:53:31.043     0  1113 D QSEECOMD: : time services: Started (Listener ID = 11)
01-07 03:53:31.043     0  1113 E QSEECOMD: : Listener: index = 4, hierarchy = 1
01-07 03:53:31.043     0  1113 D QSEECOMD: : Init dlopen(libdrmfs.so, RTLD_NOW) succeeds
01-07 03:53:31.043     0  1113 D QSEECOMD: : Init::Init dlsym(g_FSHandle fs_start) succeeds
01-07 03:53:31.043     0  1113 D QSEECOMAPI: : QSEECom_register_listener 10 sb_length = 0x5000
01-07 03:53:31.044     0  1113 D QSEECOMD: : Init fs_start ret = 0
01-07 03:53:31.044     0  1113 D QSEECOMD: : file system services: Started (Listener ID = 10)
01-07 03:53:31.044     0  1113 E QSEECOMD: : Listener: index = 5, hierarchy = 1
01-07 03:53:31.044     0  1113 E QSEECOMD: : Init dlopen(libmdtp.so, RLTD_NOW) is failed....
01-07 03:53:31.044     0  1113 E QSEECOMD: : Listener: index = 6, hierarchy = 1
01-07 03:53:31.044     0  1113 D QSEECOMD: : Init dlopen(libdrmfs.so, RTLD_NOW) succeeds
01-07 03:53:31.044     0  1113 D QSEECOMD: : Init::Init dlsym(g_FSHandle gpfs_start) succeeds
01-07 03:53:31.044     0  1113 D QSEECOMAPI: : QSEECom_register_listener 28672 sb_length = 0x7e000
01-07 03:53:31.044     0  1088 D QC-time-services: Daemon:genoff_pre_init::Base = 0
01-07 03:53:31.045     0  1088 D QC-time-services: Daemon:ats_rtc_init: Time read from RTC -- year = 115, month = 0,day = 7
01-07 03:53:31.045     0  1088 D QC-time-services: Daemon:Value read from RTC seconds = 1420602811000
01-07 03:53:31.045     0  1088 D QC-time-services: Daemon:genoff_init_config: ATS_RTC initialized with rc: 0
01-07 03:53:31.045     0  1088 D QC-time-services: Daemon:genoff_pre_init::Base = 1
01-07 03:53:31.045     0  1088 D QC-time-services: Daemon: Storage Name: ats_1 
01-07 03:53:31.045     0  1088 D QC-time-services: Daemon:Opening File: /data/time/ats_1
01-07 03:53:31.045     0  1088 D QC-time-services: Daemon:time_persistent_memory_opr:Genoff Read operation 
01-07 03:53:31.045     0  1088 D QC-time-services: Daemon:Unable to open filefor read
01-07 03:53:31.045     0  1088 D QC-time-services: Daemon:genoff_post_init:Error in accessing storage
01-07 03:53:31.045     0  1088 D QC-time-services: Daemon:genoff_pre_init::Base = 2
01-07 03:53:31.045     0  1088 D QC-time-services: Daemon: Storage Name: ats_2 
01-07 03:53:31.045     0  1088 D QC-time-services: Daemon:Opening File: /data/time/ats_2
01-07 03:53:31.045     0  1088 D QC-time-services: Daemon:time_persistent_memory_opr:Genoff Read operation 
01-07 03:53:31.045     0  1113 D QSEECOMD: : Init gpfs_start ret = 0
01-07 03:53:31.045     0  1088 D QC-time-services: Daemon:Unable to open filefor read
01-07 03:53:31.045     0  1088 D QC-time-services: Daemon:genoff_post_init:Error in accessing storage
01-07 03:53:31.045     0  1088 D QC-time-services: Daemon:genoff_pre_init::Base = 3
01-07 03:53:31.045     0  1088 D QC-time-services: Daemon: Storage Name: ats_3 
01-07 03:53:31.045     0  1113 D QSEECOMD: : gpfile system services: Started (Listener ID = 28672)
01-07 03:53:31.045     0  1088 D QC-time-services: Daemon:Opening File: /data/time/ats_3
01-07 03:53:31.045     0  1088 D QC-time-services: Daemon:time_persistent_memory_opr:Genoff Read operation 
01-07 03:53:31.045     0  1088 D QC-time-services: Daemon:Unable to open filefor read
01-07 03:53:31.045     0  1088 D QC-time-services: Daemon:genoff_post_init:Error in accessing storage
01-07 03:53:31.045     0  1088 D QC-time-services: Daemon:genoff_pre_init::Base = 4
01-07 03:53:31.045     0  1088 D QC-time-services: Daemon: Storage Name: ats_4 
01-07 03:53:31.045     0  1088 D QC-time-services: Daemon:Opening File: /data/time/ats_4
01-07 03:53:31.045     0  1088 D QC-time-services: Daemon:time_persistent_memory_opr:Genoff Read operation 
01-07 03:53:31.045     0  1088 D QC-time-services: Daemon:Unable to open filefor read
01-07 03:53:31.045     0  1088 D QC-time-services: Daemon:genoff_post_init:Error in accessing storage
01-07 03:53:31.045     0  1088 D QC-time-services: Daemon:genoff_pre_init::Base = 5
01-07 03:53:31.045     0  1088 D QC-time-services: Daemon: Storage Name: ats_5 
01-07 03:53:31.045     0  1088 D QC-time-services: Daemon:Opening File: /data/time/ats_5
01-07 03:53:31.045     0  1088 D QC-time-services: Daemon:time_persistent_memory_opr:Genoff Read operation 
01-07 03:53:31.045     0  1088 D QC-time-services: Daemon:Unable to open filefor read
01-07 03:53:31.045     0  1088 D QC-time-services: Daemon:genoff_post_init:Error in accessing storage
01-07 03:53:31.045     0  1088 D QC-time-services: Daemon:genoff_pre_init::Base = 6
01-07 03:53:31.045     0  1088 D QC-time-services: Daemon: Storage Name: ats_6 
01-07 03:53:31.045     0  1088 D QC-time-services: Daemon:Opening File: /data/time/ats_6
01-07 03:53:31.045     0  1088 D QC-time-services: Daemon:time_persistent_memory_opr:Genoff Read operation 
01-07 03:53:31.045     0  1088 D QC-time-services: Daemon:Unable to open filefor read
01-07 03:53:31.045     0  1088 D QC-time-services: Daemon:genoff_post_init:Error in accessing storage
01-07 03:53:31.045     0  1088 D QC-time-services: Daemon:genoff_pre_init::Base = 7
01-07 03:53:31.045     0  1088 D QC-time-services: Daemon: Storage Name: ats_7 
01-07 03:53:31.045     0  1088 D QC-time-services: Daemon:Opening File: /data/time/ats_7
01-07 03:53:31.045     0  1088 D QC-time-services: Daemon:time_persistent_memory_opr:Genoff Read operation 
01-07 03:53:31.045     0  1088 D QC-time-services: Daemon:Unable to open filefor read
01-07 03:53:31.045     0  1088 D QC-time-services: Daemon:genoff_post_init:Error in accessing storage
01-07 03:53:31.045     0  1088 D QC-time-services: Daemon:genoff_pre_init::Base = 8
01-07 03:53:31.045     0  1088 D QC-time-services: Daemon: Storage Name: ats_8 
01-07 03:53:31.045     0  1133 D DrmLibTime: QSEE Time Listener: dispatch
01-07 03:53:31.046     0  1088 D QC-time-services: Daemon:Opening File: /data/time/ats_8
01-07 03:53:31.046     0  1088 D QC-time-services: Daemon:time_persistent_memory_opr:Genoff Read operation 
01-07 03:53:31.046     0  1133 D DrmLibTime: before calling ioctl to read the next time_cmd
01-07 03:53:31.046     0  1088 D QC-time-services: Daemon:Unable to open filefor read
01-07 03:53:31.046     0  1088 D QC-time-services: Daemon:genoff_post_init:Error in accessing storage
01-07 03:53:31.046     0  1088 D QC-time-services: Daemon:genoff_pre_init::Base = 9
01-07 03:53:31.046     0  1088 D QC-time-services: Daemon: Storage Name: ats_9 
01-07 03:53:31.046     0  1088 D QC-time-services: Daemon:Opening File: /data/time/ats_9
01-07 03:53:31.046     0  1088 D QC-time-services: Daemon:time_persistent_memory_opr:Genoff Read operation 
01-07 03:53:31.046     0  1088 D QC-time-services: Daemon:Unable to open filefor read
01-07 03:53:31.046     0  1088 D QC-time-services: Daemon:genoff_post_init:Error in accessing storage
01-07 03:53:31.046     0  1088 D QC-time-services: Daemon:genoff_pre_init::Base = 10
01-07 03:53:31.046     0  1088 D QC-time-services: Daemon: Storage Name: ats_10 
01-07 03:53:31.046     0  1088 D QC-time-services: Daemon:Opening File: /data/time/ats_10
01-07 03:53:31.046     0  1088 D QC-time-services: Daemon:time_persistent_memory_opr:Genoff Read operation 
01-07 03:53:31.046     0  1088 D QC-time-services: Daemon:Unable to open filefor read
01-07 03:53:31.046     0  1088 D QC-time-services: Daemon:genoff_post_init:Error in accessing storage
01-07 03:53:31.046     0  1088 D QC-time-services: Daemon:genoff_pre_init::Base = 11
01-07 03:53:31.046     0  1088 D QC-time-services: Daemon: Storage Name: ats_11 
01-07 03:53:31.046     0  1088 D QC-time-services: Daemon:Opening File: /data/time/ats_11
01-07 03:53:31.046     0  1088 D QC-time-services: Daemon:time_persistent_memory_opr:Genoff Read operation 
01-07 03:53:31.046     0  1088 D QC-time-services: Daemon:Unable to open filefor read
01-07 03:53:31.046     0  1088 D QC-time-services: Daemon:genoff_post_init:Error in accessing storage
01-07 03:53:31.046     0  1088 D QC-time-services: Daemon:genoff_pre_init::Base = 12
01-07 03:53:31.046     0  1088 D QC-time-services: Daemon: Storage Name: ats_12 
01-07 03:53:31.046     0  1088 D QC-time-services: Daemon:Opening File: /data/time/ats_12
01-07 03:53:31.046     0  1088 D QC-time-services: Daemon:time_persistent_memory_opr:Genoff Read operation 
01-07 03:53:31.046     0  1088 D QC-time-services: Daemon:Unable to open filefor read
01-07 03:53:31.046     0  1088 D QC-time-services: Daemon:genoff_post_init:Error in accessing storage
01-07 03:53:31.046     0  1088 D QC-time-services: Daemon:genoff_pre_init::Base = 13
01-07 03:53:31.046     0  1088 D QC-time-services: Daemon: Storage Name: ats_13 
01-07 03:53:31.046     0  1088 D QC-time-services: Daemon:Opening File: /data/time/ats_13
01-07 03:53:31.046     0  1088 D QC-time-services: Daemon:time_persistent_memory_opr:Genoff Read operation 
01-07 03:53:31.046     0  1088 D QC-time-services: Daemon:Unable to open filefor read
01-07 03:53:31.046     0  1088 D QC-time-services: Daemon:genoff_post_init:Error in accessing storage
01-07 03:53:31.046     0  1088 D QC-time-services: Daemon:genoff_pre_init::Base = 14
01-07 03:53:31.046     0  1088 D QC-time-services: Daemon: Storage Name: ats_14 
01-07 03:53:31.046     0  1088 D QC-time-services: Daemon:Opening File: /data/time/ats_14
01-07 03:53:31.046     0  1088 D QC-time-services: Daemon:time_persistent_memory_opr:Genoff Read operation 
01-07 03:53:31.046     0  1088 D QC-time-services: Daemon:Unable to open filefor read
01-07 03:53:31.046     0  1088 D QC-time-services: Daemon:genoff_post_init:Error in accessing storage
01-07 03:53:31.046     0  1088 D QC-time-services: Daemon:genoff_init_config: Other bases initilized, exiting genoff_init
01-07 03:53:31.046     0  1088 D QC-time-services: Daemon:rtc_get: Time read from RTC -- MM/DD/YY HH:MM:SS0/7/115 3:53:31
01-07 03:53:31.046     0  1088 D QC-time-services: Daemon:genoff_opr: Base = 1, val = 0, operation = 1
01-07 03:53:31.046     0  1088 D QC-time-services: Daemon: genoff get for 1
01-07 03:53:31.046     0  1088 D QC-time-services: Daemon:rtc_get: Time read from RTC -- MM/DD/YY HH:MM:SS0/7/115 3:53:31
01-07 03:53:31.046     0  1088 D QC-time-services: Daemon:Value read from RTC seconds = 1420602811000
01-07 03:53:31.046     0  1088 D QC-time-services: Daemon:Value read from generic offset = 0
01-07 03:53:31.046     0  1088 D QC-time-services: Daemon:Final Time = 1420602811000
01-07 03:53:31.046     0  1088 D QC-time-services: Daemon:genoff_boot_tod_init: Setting system time to sec =1420602811, nsec =0
01-07 03:53:31.063     0  1087 E PerMgrProxy: Starting pm-proxy service
01-07 03:53:31.063     0  1087 I libmdmdetect: ESOC framework not supported
01-07 03:53:31.064     0  1087 I libmdmdetect: Found internal modem: modem
01-07 03:53:31.064     0  1087 I PerMgrProxy: Found internal modem
01-07 03:53:31.068     0  1088 E QC-time-services: Daemon:genoff_boot_tod_init: Unable to set TOD at boot up
01-07 03:53:31.068     0  1088 E QC-time-services: Daemon: Unable to set TOD at boot up
01-07 03:53:31.107     0  1140 D QC-time-services: Daemon:genoff_modem_qmi_service_request: Initiallizing QMI 
01-07 03:53:31.107     0  1104 I lowmemorykiller: Using in-kernel low memory killer interface
01-07 03:53:31.108     0  1140 E Diag_Lib:  Diag_LSM_Init: Failed to open handle to diag driver, error = 2
01-07 03:53:31.108     0  1140 E QMI_FW  : QMUXD: WARNING qmi_qmux_if_pwr_up_init failed! rc=-1
01-07 03:53:31.110     0  1140 I chatty  : uid=65534(u0_a55534) logd identical 6 lines
01-07 03:53:31.110     0  1140 E QMI_FW  : QMUXD: WARNING qmi_qmux_if_pwr_up_init failed! rc=-1
01-07 03:53:31.110     0  1140 E QC-time-services: Daemon:genoff_modem_qmi_service_request: qmi_client_get_service_list returned 0num_services 1
01-07 03:53:31.110     0  1140 E QMI_FW  : QMUXD: WARNING qmi_qmux_if_pwr_up_init failed! rc=-1
01-07 03:53:31.111     0  1140 I chatty  : uid=65534(u0_a55534) logd identical 2 lines
01-07 03:53:31.111     0  1140 E QMI_FW  : QMUXD: WARNING qmi_qmux_if_pwr_up_init failed! rc=-1
01-07 03:53:31.119     0  1142 D QC-time-services: Daemon: Time-services: All initializations done
01-07 03:53:31.119     0  1142 E QC-time-services: Daemon: Time-services: Waiting to acceptconnection
01-07 03:53:31.139     0  1077 E Diag_Lib:  Diag_LSM_Init: Failed to open handle to diag driver, error = 2
01-07 03:53:31.139     0  1077 E Diag_Lib: qpLogDiagInit <== result : 0
01-07 03:53:31.139     0  1077 E Diag_Lib: DATAD : gIsQXDMDisabled 0, gIsADBDisabled 1, gIsDebugDisabled 0, gIsIMSLogsDisabled 0
01-07 03:53:31.139     0  1077 E Diag_Lib:  Diag_LSM_Init: Failed to open handle to diag driver, error = 2
01-07 03:53:31.139     0  1077 E Diag_Lib: qpLogDiagInit <== result : 0
01-07 03:53:31.139     0  1077 E Diag_Lib: DATAD : gIsQXDMDisabled 0, gIsADBDisabled 1, gIsDebugDisabled 0, gIsIMSLogsDisabled 0
01-07 03:53:31.139     0  1077 E Diag_Lib: [IMS_DataD] imsdatad.c | 5236 | | 1077 |DATAD#$$#0#DATAD STARTED
01-07 03:53:31.139     0  1077 E Diag_Lib:  Diag_LSM_Init: Failed to open handle to diag driver, error = 2
01-07 03:53:31.139     0  1094 I ServiceManagement: Removing namespace from process name android.hidl.allocator@1.0-service to allocator@1.0-s.
01-07 03:53:31.139     0  1077 E Diag_Lib: qpLogDiagInit <== result : 0
01-07 03:53:31.139     0  1077 E Diag_Lib: DATAD : gIsQXDMDisabled 0, gIsADBDisabled 1, gIsDebugDisabled 0, gIsIMSLogsDisabled 0
01-07 03:53:31.139     0  1077 E Diag_Lib:  Diag_LSM_Init: Failed to open handle to diag driver, error = 2
01-07 03:53:31.139     0  1077 E Diag_Lib: qpLogDiagInit <== result : 0
01-07 03:53:31.139     0  1077 E Diag_Lib: DATAD : gIsQXDMDisabled 0, gIsADBDisabled 1, gIsDebugDisabled 0, gIsIMSLogsDisabled 0
01-07 03:53:31.139     0  1077 E Diag_Lib:  Diag_LSM_Init: Failed to open handle to diag driver, error = 2
01-07 03:53:31.139     0  1077 E Diag_Lib: qpLogDiagInit <== result : 0
01-07 03:53:31.140     0  1077 E Diag_Lib: DATAD : gIsQXDMDisabled 0, gIsADBDisabled 1, gIsDebugDisabled 0, gIsIMSLogsDisabled 0
01-07 03:53:31.140     0  1077 E Diag_Lib:  Diag_LSM_Init: Failed to open handle to diag driver, error = 2
01-07 03:53:31.140     0  1077 E Diag_Lib: qpLogDiagInit <== result : 0
01-07 03:53:31.140     0  1077 E Diag_Lib: DATAD : gIsQXDMDisabled 0, gIsADBDisabled 1, gIsDebugDisabled 0, gIsIMSLogsDisabled 0
01-07 03:53:31.141     0  1077 E Diag_Lib:  Diag_LSM_Init: Failed to open handle to diag driver, error = 2
01-07 03:53:31.141     0  1077 E Diag_Lib: qpLogDiagInit <== result : 0
01-07 03:53:31.141     0  1077 E Diag_Lib: DATAD : gIsQXDMDisabled 0, gIsADBDisabled 1, gIsDebugDisabled 0, gIsIMSLogsDisabled 0
01-07 03:53:31.142     0  1077 E Diag_Lib:  Diag_LSM_Init: Failed to open handle to diag driver, error = 2
01-07 03:53:31.142     0  1077 E Diag_Lib: qpLogDiagInit <== result : 0
01-07 03:53:31.142     0  1077 E Diag_Lib: DATAD : gIsQXDMDisabled 0, gIsADBDisabled 1, gIsDebugDisabled 0, gIsIMSLogsDisabled 0
01-07 03:53:31.142     0  1077 E Diag_Lib:  Diag_LSM_Init: Failed to open handle to diag driver, error = 2
01-07 03:53:31.142     0  1077 E Diag_Lib: qpLogDiagInit <== result : 0
01-07 03:53:31.142     0  1077 E Diag_Lib: DATAD : gIsQXDMDisabled 0, gIsADBDisabled 1, gIsDebugDisabled 0, gIsIMSLogsDisabled 0
01-07 03:53:31.142     0  1077 E Diag_Lib:  Diag_LSM_Init: Failed to open handle to diag driver, error = 2
01-07 03:53:31.142     0  1077 E Diag_Lib: qpLogDiagInit <== result : 0
01-07 03:53:31.142     0  1077 E Diag_Lib: DATAD : gIsQXDMDisabled 0, gIsADBDisabled 1, gIsDebugDisabled 0, gIsIMSLogsDisabled 0
01-07 03:53:31.142     0  1077 E Diag_Lib:  Diag_LSM_Init: Failed to open handle to diag driver, error = 2
01-07 03:53:31.142     0  1077 E Diag_Lib: qpLogDiagInit <== result : 0
01-07 03:53:31.142     0  1077 E Diag_Lib: DATAD : gIsQXDMDisabled 0, gIsADBDisabled 1, gIsDebugDisabled 0, gIsIMSLogsDisabled 0
01-07 03:53:31.142     0  1077 E Diag_Lib:  Diag_LSM_Init: Failed to open handle to diag driver, error = 2
01-07 03:53:31.142     0  1077 E Diag_Lib: qpLogDiagInit <== result : 0
01-07 03:53:31.142     0  1077 E Diag_Lib: DATAD : gIsQXDMDisabled 0, gIsADBDisabled 1, gIsDebugDisabled 0, gIsIMSLogsDisabled 0
01-07 03:53:31.142     0  1077 E Diag_Lib:  Diag_LSM_Init: Failed to open handle to diag driver, error = 2
01-07 03:53:31.142     0  1077 E Diag_Lib: qpLogDiagInit <== result : 0
01-07 03:53:31.142     0  1077 E Diag_Lib: DATAD : gIsQXDMDisabled 0, gIsADBDisabled 1, gIsDebugDisabled 0, gIsIMSLogsDisabled 0
01-07 03:53:31.142     0  1077 E Diag_Lib:  Diag_LSM_Init: Failed to open handle to diag driver, error = 2
01-07 03:53:31.142     0  1077 E Diag_Lib: qpLogDiagInit <== result : 0
01-07 03:53:31.142     0  1077 E Diag_Lib: DATAD : gIsQXDMDisabled 0, gIsADBDisabled 1, gIsDebugDisabled 0, gIsIMSLogsDisabled 0
01-07 03:53:31.142     0  1077 E Diag_Lib:  Diag_LSM_Init: Failed to open handle to diag driver, error = 2
01-07 03:53:31.142     0  1077 E Diag_Lib: qpLogDiagInit <== result : 0
01-07 03:53:31.143     0  1077 E Diag_Lib: DATAD : gIsQXDMDisabled 0, gIsADBDisabled 1, gIsDebugDisabled 0, gIsIMSLogsDisabled 0
01-07 03:53:31.143     0  1077 E Diag_Lib:  Diag_LSM_Init: Failed to open handle to diag driver, error = 2
01-07 03:53:31.143     0  1077 E Diag_Lib: qpLogDiagInit <== result : 0
01-07 03:53:31.143     0  1077 E Diag_Lib: DATAD : gIsQXDMDisabled 0, gIsADBDisabled 1, gIsDebugDisabled 0, gIsIMSLogsDisabled 0
01-07 03:53:31.143     0  1077 E Diag_Lib:  Diag_LSM_Init: Failed to open handle to diag driver, error = 2
01-07 03:53:31.143     0  1077 E Diag_Lib: qpLogDiagInit <== result : 0
01-07 03:53:31.143     0  1077 E Diag_Lib: DATAD : gIsQXDMDisabled 0, gIsADBDisabled 1, gIsDebugDisabled 0, gIsIMSLogsDisabled 0
01-07 03:53:31.150     0  1140 E QMI_FW  : QMUXD: WARNING qmi_qmux_if_pwr_up_init failed! rc=-1
01-07 03:53:31.151     0  1140 I chatty  : uid=65534(u0_a55534) logd identical 6 lines
01-07 03:53:31.151     0  1140 E QMI_FW  : QMUXD: WARNING qmi_qmux_if_pwr_up_init failed! rc=-1
01-07 03:53:31.178     0  1086 I ThermalEngine: Thermal daemon started
01-07 03:53:31.184     0  1086 I ThermalEngine: Using target config file '/system/etc/thermal-engine-8992.conf'
01-07 03:53:31.184     0  1086 E ThermalEngine: Daemon : persist.sys.thermald_miti_off = true
01-07 03:53:31.184     0  1086 E ThermalEngine: Daemon : ro.lge.panel_type = 0
01-07 03:53:31.184     0  1086 I ThermalEngine: devices_manager_init: Init
01-07 03:53:31.184     0  1086 I ThermalEngine: Number of gpus :1
01-07 03:53:31.184     0  1086 I Thermal-IOCTL: KTM IOCTL interface "/dev/msm_thermal_query" opened
01-07 03:53:31.184     0  1086 E ThermalEngine: update_cpu_topology: Cluster Info[0]. Cluster Id: 0 cpu_bits:0xf sync:1
01-07 03:53:31.184     0  1086 E ThermalEngine: update_cpu_topology: Cluster Info[1]. Cluster Id: 1 cpu_bits:0x30 sync:1
01-07 03:53:31.185     0  1086 I ThermalEngine: vdd_rstr_init: Init KTM VDD RSTR enabled: 0
01-07 03:53:31.185     0  1086 I ThermalEngine: sensors_manager_init: Init
01-07 03:53:31.199     0  1153 E Diag_Lib:  Diag_LSM_Init: Failed to open handle to diag driver, error = 2
01-07 03:53:31.206     0  1086 I ThermalEngine: Loading config file for virtual sensor
01-07 03:53:31.206     0  1086 I ThermalEngine: Loading configuration file /system/etc/thermal-engine-8992.conf
01-07 03:53:31.206     0  1086 I ThermalEngine: Parsing section global
01-07 03:53:31.206     0  1086 I ThermalEngine: Found field 'sampling'
01-07 03:53:31.206     0  1086 I ThermalEngine: Found field 'c_mode'
01-07 03:53:31.206     0  1086 I ThermalEngine: Found field 'lcd_adjust_thresh'
01-07 03:53:31.206     0  1086 I ThermalEngine: Found field 'lcd_adjust_max_level'
01-07 03:53:31.208     0  1086 E ThermalEngine: virtual_sensors_init: Error getting virtual sensors set
01-07 03:53:31.208     0  1086 I ThermalEngine: Loading configuration file /system/etc/thermal-engine-8992.conf
01-07 03:53:31.208     0  1086 I ThermalEngine: Parsing section global
01-07 03:53:31.208     0  1086 I ThermalEngine: Found field 'sampling'
01-07 03:53:31.208     0  1086 I ThermalEngine: Found field 'c_mode'
01-07 03:53:31.208     0  1086 I ThermalEngine: Found field 'lcd_adjust_thresh'
01-07 03:53:31.208     0  1086 I ThermalEngine: Found field 'lcd_adjust_max_level'
01-07 03:53:31.208     0  1086 I ThermalEngine: Created section 'LITTLE_CLUSTER_management'
01-07 03:53:31.208     0  1086 I ThermalEngine: Algo Type 'monitor'
01-07 03:53:31.208     0  1086 I ThermalEngine: Parsing section LITTLE_CLUSTER_management
01-07 03:53:31.208     0  1086 I ThermalEngine: Found field 'sensor'
01-07 03:53:31.208     0  1086 I ThermalEngine: Found field 'sampling'
01-07 03:53:31.208     0  1086 I ThermalEngine: Found field 'thresholds'
01-07 03:53:31.208     0  1086 I ThermalEngine: Found field 'thresholds_clr'
01-07 03:53:31.208     0  1086 I ThermalEngine: Found field 'actions'
01-07 03:53:31.208     0  1086 I ThermalEngine: Found field 'action_info'
01-07 03:53:31.208     0  1086 E ThermalEngine: get_max_action_info: can't read CLUSTER0_MAX max val
01-07 03:53:31.208     0  1086 E ThermalEngine: parse_action_info: Found CLUSTER0_MAX: 1248000
01-07 03:53:31.208     0  1086 I ThermalEngine: Found field 'action_type'
01-07 03:53:31.208     0  1086 I ThermalEngine: Created section 'SS-BIG_CLUSTER_management'
01-07 03:53:31.208     0  1086 I ThermalEngine: Algo Type 'monitor'
01-07 03:53:31.208     0  1086 I ThermalEngine: Parsing section SS-BIG_CLUSTER_management
01-07 03:53:31.208     0  1086 I ThermalEngine: Found field 'sampling'
01-07 03:53:31.208     0  1086 I ThermalEngine: Found field 'sensor'
01-07 03:53:31.208     0  1086 I ThermalEngine: Found field 'thresholds'
