12-25 21:28:49.068   871   871 D SystemServerTiming: StartWindowManagerService took to complete: 61ms
12-25 21:28:49.068   871   871 I SystemServer: StartVrManagerService
12-25 21:28:49.068   871   927 D SystemServerInitThreadPool: Started executing StartHidlServices
12-25 21:28:49.068   871   871 I SystemServiceManager: Starting com.android.server.vr.VrManagerService
12-25 21:28:49.071   397   397 W /system/bin/hwservicemanager: getTransport: Cannot find entry android.hardware.vr@1.0::IVr/default in either framework or device manifest.
12-25 21:28:49.072   871   927 D SystemServerTimingAsync: StartHidlServices took to complete: 4ms
12-25 21:28:49.072   871   927 D SystemServerInitThreadPool: Finished executing StartHidlServices
12-25 21:28:49.073   871   871 W VrManagerService: init_native: Could not open IVr interface
12-25 21:28:49.074   871   871 D SystemServerTiming: StartVrManagerService took to complete: 6ms
12-25 21:28:49.074   871   871 I SystemServer: SetWindowManagerService
12-25 21:28:49.077   871   871 D SystemServerTiming: SetWindowManagerService took to complete: 3ms
12-25 21:28:49.077   871   871 I SystemServer: StartInputManager
12-25 21:28:49.077   871   871 I InputManager: Starting input manager
12-25 21:28:49.085   871  1525 D EventHub: No input device configuration file found for device 'msm8994-tomtom-snd-card Headset Jack'.
12-25 21:28:49.086   871  1525 I EventHub: wakeMechanism=EPOLLWAKEUP, usingClockIoctl=true
12-25 21:28:49.086   871  1525 I EventHub: New device: id=1, fd=104, path='/dev/input/event4', name='msm8994-tomtom-snd-card Headset Jack', classes=0x80, configuration='', keyLayout='', keyCharacterMap='', builtinKeyboard=false, 
12-25 21:28:49.086   871  1525 D EventHub: No input device configuration file found for device 'msm8994-tomtom-snd-card Button Jack'.
12-25 21:28:49.091   871  1525 W EventHub: Unable to disable kernel key repeat for /dev/input/event3: Function not implemented
12-25 21:28:49.091   871  1525 I EventHub: wakeMechanism=EPOLLWAKEUP, usingClockIoctl=true
12-25 21:28:49.091   871  1525 I EventHub: New device: id=2, fd=105, path='/dev/input/event3', name='msm8994-tomtom-snd-card Button Jack', classes=0x1, configuration='', keyLayout='/system/usr/keylayout/Generic.kl', keyCharacterMap='/system/usr/keychars/Generic.kcm', builtinKeyboard=false, 
12-25 21:28:49.091   871  1525 D EventHub: No input device configuration file found for device 'qpnp_pon'.
12-25 21:28:49.094   871  1525 W EventHub: Unable to disable kernel key repeat for /dev/input/event1: Function not implemented
12-25 21:28:49.094   871  1525 I EventHub: wakeMechanism=EPOLLWAKEUP, usingClockIoctl=true
12-25 21:28:49.094   871  1525 I EventHub: New device: id=3, fd=106, path='/dev/input/event1', name='qpnp_pon', classes=0x1, configuration='', keyLayout='/system/usr/keylayout/Generic.kl', keyCharacterMap='/system/usr/keychars/Generic.kcm', builtinKeyboard=false, 
12-25 21:28:49.094   871  1525 E EventHub: could not get driver version for /dev/input/mice, Not a typewriter
12-25 21:28:49.114   871   871 D SystemServerTiming: StartInputManager took to complete: 37ms
12-25 21:28:49.114   871   871 I SystemServer: DisplayManagerWindowManagerAndInputReady
12-25 21:28:49.114   871   871 D SystemServerTiming: DisplayManagerWindowManagerAndInputReady took to complete: 0ms
12-25 21:28:49.114   871   871 I SystemServer: StartBluetoothService
12-25 21:28:49.115   871   871 I SystemServiceManager: Starting com.android.server.BluetoothService
12-25 21:28:49.118   871   871 D BluetoothManagerService: Loading stored name and address
12-25 21:28:49.118   871   871 D BluetoothManagerService: Stored bluetooth Name=LG G4,Address=00:34:DA:A5:F8:06
12-25 21:28:49.119   871   871 D BluetoothManagerService: Bluetooth persisted state: 0
12-25 21:28:49.119   871   871 D SystemServerTiming: StartBluetoothService took to complete: 5ms
12-25 21:28:49.119   871   871 I SystemServer: IpConnectivityMetrics
12-25 21:28:49.119   871   871 I SystemServiceManager: Starting com.android.server.connectivity.IpConnectivityMetrics
12-25 21:28:49.122   871   871 D SystemServerTiming: IpConnectivityMetrics took to complete: 3ms
12-25 21:28:49.123   871   871 I SystemServer: PinnerService
12-25 21:28:49.123   871   871 I SystemServiceManager: Starting com.android.server.PinnerService
12-25 21:28:49.124   871   871 D SystemServerTiming: PinnerService took to complete: 1ms
12-25 21:28:49.124   871   871 I SystemServer: StartInputMethodManagerLifecycle
12-25 21:28:49.125   871   871 I SystemServiceManager: Starting com.android.server.InputMethodManagerService$Lifecycle
12-25 21:28:49.135   871   871 D SystemServerTiming: StartInputMethodManagerLifecycle took to complete: 10ms
12-25 21:28:49.136   871   871 I SystemServer: StartAccessibilityManagerService
12-25 21:28:49.137   871  1525 D EventHub: No input device configuration file found for device 'touch_dev'.
12-25 21:28:49.141   871  1525 W EventHub: Unable to disable kernel key repeat for /dev/input/event0: Function not implemented
12-25 21:28:49.141   871  1525 I EventHub: wakeMechanism=EPOLLWAKEUP, usingClockIoctl=true
12-25 21:28:49.141   871  1525 I EventHub: New device: id=4, fd=107, path='/dev/input/event0', name='touch_dev', classes=0x15, configuration='', keyLayout='/system/usr/keylayout/Generic.kl', keyCharacterMap='/system/usr/keychars/Generic.kcm', builtinKeyboard=false, 
12-25 21:28:49.141   871   871 D SystemServerTiming: StartAccessibilityManagerService took to complete: 5ms
12-25 21:28:49.141   871   871 I SystemServer: MakeDisplayReady
12-25 21:28:49.141   871  1525 D EventHub: No input device configuration file found for device 'gpio-keys'.
12-25 21:28:49.143   871   871 I ActivityManager: Config changes=5df8 {1.0 ?mcc?mnc [en_US] ldltr sw411dp w411dp h731dp 560dpi nrml long port ?uimode ?night -touch -keyb/v/h -nav/h appBounds=Rect(0, 0 - 1440, 2560) s.2}
12-25 21:28:49.145   871  1525 W EventHub: Unable to disable kernel key repeat for /dev/input/event2: Function not implemented
12-25 21:28:49.145   871   885 I UsageStatsService: Time changed in UsageStats by 93284817 seconds
12-25 21:28:49.145   871  1525 I EventHub: wakeMechanism=EPOLLWAKEUP, usingClockIoctl=true
12-25 21:28:49.145   871  1525 I EventHub: New device: id=5, fd=108, path='/dev/input/event2', name='gpio-keys', classes=0x81, configuration='', keyLayout='/system/usr/keylayout/Generic.kl', keyCharacterMap='/system/usr/keychars/Generic.kcm', builtinKeyboard=false, 
12-25 21:28:49.149   871  1525 I InputReader: Device added: id=-1, name='Virtual', sources=0x00000301
12-25 21:28:49.150   871  1525 I InputReader: Device added: id=5, name='gpio-keys', sources=0x80000101
12-25 21:28:49.150   871  1525 I InputReader:   Touch device 'touch_dev' could not query the properties of its associated display.  The device will be inoperable until the display size becomes available.
12-25 21:28:49.151   871  1525 I InputReader: Device added: id=4, name='touch_dev', sources=0x00001103
12-25 21:28:49.151   871  1525 I InputReader: Device added: id=3, name='qpnp_pon', sources=0x00000101
12-25 21:28:49.151   871  1525 I InputReader: Device added: id=2, name='msm8994-tomtom-snd-card Button Jack', sources=0x00000101
12-25 21:28:49.151   871  1525 I InputReader: Device added: id=1, name='msm8994-tomtom-snd-card Headset Jack', sources=0x80000000
12-25 21:28:49.152   871   871 I ActivityManager: Override config changes=40007dfc {1.0 ?mcc?mnc [en_US] ldltr sw411dp w411dp h731dp 560dpi nrml long port ?uimode ?night -touch -keyb/v/h -nav/h appBounds=Rect(0, 0 - 1440, 2560) s.2} for displayId=0
12-25 21:28:49.171   871  1524 I ActivityManager: Config changes=508 {1.0 ?mcc?mnc [en_US] ldltr sw411dp w411dp h659dp 560dpi nrml port ?uimode ?night finger -keyb/v/h -nav/h appBounds=Rect(0, 0 - 1440, 2392) s.3}
12-25 21:28:49.172   871   885 I UsageStatsService: User[0] Rollover scheduled @ 2017-12-26 21:28:49(1514323729145)
12-25 21:28:49.173   871   885 E AppIdleHistory: Unable to read app idle file for user 0
12-25 21:28:49.177   871  1525 I InputReader: Reconfiguring input devices.  changes=0x00000004
12-25 21:28:49.177   871  1524 I ActivityManager: Override config changes=508 {1.0 ?mcc?mnc [en_US] ldltr sw411dp w411dp h659dp 560dpi nrml port ?uimode ?night finger -keyb/v/h -nav/h appBounds=Rect(0, 0 - 1440, 2392) s.3} for displayId=0
12-25 21:28:49.177   871  1525 I InputReader: Device reconfigured: id=4, name='touch_dev', size 1440x2560, orientation 0, mode 1, display id 0
12-25 21:28:49.178   871  1525 I InputReader: Reconfiguring input devices.  changes=0x00000004
12-25 21:28:49.185   871   871 D SystemServerTiming: MakeDisplayReady took to complete: 44ms
12-25 21:28:49.185   871   871 I SystemServer: StartStorageManagerService
12-25 21:28:49.185   871   871 I SystemServiceManager: Starting com.android.server.StorageManagerService$Lifecycle
12-25 21:28:49.192   871   871 D SystemServerTiming: StartStorageManagerService took to complete: 7ms
12-25 21:28:49.192   871   871 I SystemServer: StartStorageStatsService
12-25 21:28:49.192   871  1526 D StorageManagerService: Thinking about init, mSystemReady=false, mDaemonConnected=true
12-25 21:28:49.192   871   871 I SystemServiceManager: Starting com.android.server.usage.StorageStatsService$Lifecycle
12-25 21:28:49.192   871  1526 D StorageManagerService: Thinking about reset, mSystemReady=false, mDaemonConnected=true
12-25 21:28:49.192   871  1526 D StorageManagerService: Thinking about init, mSystemReady=false, mDaemonConnected=true
12-25 21:28:49.192   871  1526 D StorageManagerService: Thinking about reset, mSystemReady=false, mDaemonConnected=true
12-25 21:28:49.192   871  1526 D CryptdConnector: SND -> {1 cryptfs getfield SystemLocale}
12-25 21:28:49.199   871  1528 D CryptdConnector: RCV <- {200 1 -1}
12-25 21:28:49.200   871  1526 W StorageManagerService: No primary storage mounted!
12-25 21:28:49.201   871  1526 D VoldConnector: SND -> {1 asec list}
12-25 21:28:49.218   871  1527 D VoldConnector: RCV <- {200 1 asec operation succeeded}
12-25 21:28:49.184   871  1525 I InputReader: Reconfiguring input devices.  changes=0x00000004
12-25 21:28:49.218   871  1526 I PackageManager: No secure containers found
12-25 21:28:49.266   871  1526 W StorageManagerService: No primary storage defined yet; hacking together a stub
12-25 21:28:49.267   871   871 W SystemServiceManager: Service com.android.server.usage.StorageStatsService$Lifecycle took 75 ms in onStart
12-25 21:28:49.267   871   871 D SystemServerTiming: StartStorageStatsService took to complete: 75ms
12-25 21:28:49.267   871   871 I SystemServer: StartUiModeManager
12-25 21:28:49.267   871   871 I SystemServiceManager: Starting com.android.server.UiModeManagerService
12-25 21:28:49.268   871  1526 W StorageManagerService: No primary storage mounted!
12-25 21:28:49.268   871  1526 D VoldConnector: SND -> {2 asec list}
12-25 21:28:49.269   871  1527 D VoldConnector: RCV <- {200 2 asec operation succeeded}
12-25 21:28:49.270   871   920 D SystemServerInitThreadPool: Started executing UiModeManager.onStart
12-25 21:28:49.271   871   871 D SystemServerTiming: StartUiModeManager took to complete: 4ms
12-25 21:28:49.271   871   920 I ActivityManager: Config changes=200 {1.0 ?mcc?mnc [en_US] ldltr sw411dp w411dp h659dp 560dpi nrml port finger -keyb/v/h -nav/h appBounds=Rect(0, 0 - 1440, 2392) s.4}
12-25 21:28:49.271   871   871 I SystemServer: UpdatePackagesIfNeeded
12-25 21:28:49.271   871   871 D SystemServerTiming: UpdatePackagesIfNeeded took to complete: 0ms
12-25 21:28:49.271   871   871 I SystemServer: PerformFstrimIfNeeded
12-25 21:28:49.271   871   871 D SystemServerTiming: PerformFstrimIfNeeded took to complete: 0ms
12-25 21:28:49.271   871   871 I SystemServer: StartLockSettingsService
12-25 21:28:49.272   871   871 I SystemServiceManager: Starting com.android.server.locksettings.LockSettingsService$Lifecycle
12-25 21:28:49.280   871   920 I ActivityManager: Override config changes=200 {1.0 ?mcc?mnc [en_US] ldltr sw411dp w411dp h659dp 560dpi nrml port finger -keyb/v/h -nav/h appBounds=Rect(0, 0 - 1440, 2392) s.4} for displayId=0
12-25 21:28:49.285   871   920 D SystemServerInitThreadPool: Finished executing UiModeManager.onStart
12-25 21:28:49.288   871   871 D SystemServerTiming: StartLockSettingsService took to complete: 17ms
12-25 21:28:49.289   871   871 I SystemServer: StartPersistentDataBlock
12-25 21:28:49.289   871   871 I SystemServiceManager: Starting com.android.server.PersistentDataBlockService
12-25 21:28:49.291   871   884 D SystemServerInitThreadPool: Started executing PersistentDataBlockService.onStart
12-25 21:28:49.291   871   871 D SystemServerTiming: StartPersistentDataBlock took to complete: 3ms
12-25 21:28:49.292   871   871 I SystemServer: StartOemLockService
12-25 21:28:49.292   871   871 I SystemServiceManager: Starting com.android.server.oemlock.OemLockService
12-25 21:28:49.293   871   884 E PersistentDataBlockService: not able to find package com.google.android.gms
12-25 21:28:49.293   871   884 E PersistentDataBlockService: android.content.pm.PackageManager$NameNotFoundException: com.google.android.gms
12-25 21:28:49.293   871   884 E PersistentDataBlockService: 	at android.app.ApplicationPackageManager.getPackageUidAsUser(ApplicationPackageManager.java:282)
12-25 21:28:49.293   871   884 E PersistentDataBlockService: 	at com.android.server.PersistentDataBlockService.getAllowedUid(PersistentDataBlockService.java:112)
12-25 21:28:49.293   871   884 E PersistentDataBlockService: 	at com.android.server.PersistentDataBlockService.lambda$-com_android_server_PersistentDataBlockService_5033(PersistentDataBlockService.java:125)
12-25 21:28:49.293   871   884 E PersistentDataBlockService: 	at com.android.server.-$Lambda$VaVGUZuNs2jqHMhhxPzwNl4zK-M.$m$3(Unknown Source:4)
12-25 21:28:49.293   871   884 E PersistentDataBlockService: 	at com.android.server.-$Lambda$VaVGUZuNs2jqHMhhxPzwNl4zK-M.run(Unknown Source:23)
12-25 21:28:49.293   871   884 E PersistentDataBlockService: 	at com.android.server.SystemServerInitThreadPool.lambda$-com_android_server_SystemServerInitThreadPool_2249(SystemServerInitThreadPool.java:64)
12-25 21:28:49.293   871   884 E PersistentDataBlockService: 	at com.android.server.-$Lambda$Ganck_s9Kl5o2K6eVDoQTKLc-6g.$m$2(Unknown Source:8)
12-25 21:28:49.293   871   884 E PersistentDataBlockService: 	at com.android.server.-$Lambda$Ganck_s9Kl5o2K6eVDoQTKLc-6g.run(Unknown Source:19)
12-25 21:28:49.293   871   884 E PersistentDataBlockService: 	at java.util.concurrent.Executors$RunnableAdapter.call(Executors.java:457)
12-25 21:28:49.293   871   884 E PersistentDataBlockService: 	at java.util.concurrent.FutureTask.run(FutureTask.java:266)
12-25 21:28:49.293   871   884 E PersistentDataBlockService: 	at java.util.concurrent.ThreadPoolExecutor.runWorker(ThreadPoolExecutor.java:1162)
12-25 21:28:49.293   871   884 E PersistentDataBlockService: 	at java.util.concurrent.ThreadPoolExecutor$Worker.run(ThreadPoolExecutor.java:636)
12-25 21:28:49.293   871   884 E PersistentDataBlockService: 	at com.android.internal.util.ConcurrentUtils$1$1.run(ConcurrentUtils.java:59)
12-25 21:28:49.345   871   884 D SystemServerInitThreadPool: Finished executing PersistentDataBlockService.onStart
12-25 21:28:49.267   871  1526 W StorageManagerService: No primary storage defined yet; hacking together a stub
12-25 21:28:49.366   871   871 I system_server: Looking for service android.hardware.oemlock@1.0::IOemLock/default
12-25 21:28:49.368   871   871 I OemLock : OemLock HAL not present on device
12-25 21:28:49.368   871   871 I OemLock : Using persistent data block based lock
12-25 21:28:49.369   871   871 D SystemServerTiming: StartOemLockService took to complete: 77ms
12-25 21:28:49.369   871   871 I SystemServer: StartDeviceIdleController
12-25 21:28:49.370   871   871 I SystemServiceManager: Starting com.android.server.DeviceIdleController
12-25 21:28:49.374   871   871 D SystemServerTiming: StartDeviceIdleController took to complete: 5ms
12-25 21:28:49.374   871   871 I SystemServer: StartDevicePolicyManager
12-25 21:28:49.375   871   871 I SystemServiceManager: Starting com.android.server.devicepolicy.DevicePolicyManagerService$Lifecycle
12-25 21:28:49.387   871   871 D SystemServerTiming: StartDevicePolicyManager took to complete: 13ms
12-25 21:28:49.387   871   871 I SystemServer: StartStatusBarManagerService
12-25 21:28:49.389   871   871 D SystemServerTiming: StartStatusBarManagerService took to complete: 2ms
12-25 21:28:49.389   871   871 I SystemServer: StartClipboardService
12-25 21:28:49.390   871   871 I SystemServiceManager: Starting com.android.server.clipboard.ClipboardService
12-25 21:28:49.391   871   871 D SystemServerTiming: StartClipboardService took to complete: 2ms
12-25 21:28:49.392   871   871 I SystemServer: StartNetworkManagementService
12-25 21:28:49.395   871  1529 I NetworkManagement: onDaemonConnected()
12-25 21:28:49.397   871   871 D SystemServerTiming: StartNetworkManagementService took to complete: 5ms
12-25 21:28:49.397   871   871 I SystemServer: StartTextServicesManager
12-25 21:28:49.397   871   871 I SystemServiceManager: Starting com.android.server.TextServicesManagerService$Lifecycle
12-25 21:28:49.437   871   871 D SystemServerTiming: StartTextServicesManager took to complete: 40ms
12-25 21:28:49.437   871   871 I SystemServer: StartNetworkScoreService
12-25 21:28:49.440   871   871 D SystemServerTiming: StartNetworkScoreService took to complete: 3ms
12-25 21:28:49.440   871   871 I SystemServer: StartNetworkStatsService
12-25 21:28:49.445   871   871 D SystemServerTiming: StartNetworkStatsService took to complete: 5ms
12-25 21:28:49.445   871   871 I SystemServer: StartNetworkPolicyManagerService
12-25 21:28:49.451   871  1532 I ServiceThread: Enabled StrictMode logging for NetworkPolicy.uid looper.
12-25 21:28:49.452   871   871 D SystemServerTiming: StartNetworkPolicyManagerService took to complete: 7ms
12-25 21:28:49.452   871   871 I SystemServer: StartWifi
12-25 21:28:49.457   871   871 I SystemServiceManager: Starting com.android.server.wifi.WifiService
12-25 21:28:49.506   871   871 D WifiApConfigStore: 2G band allowed channels are:1,6,11
12-25 21:28:49.534   414   436 D CommandListener: Clearing all IP addresses on wlan0
12-25 21:28:49.535   871  1534 E HalDeviceManager: isSupported: called but mServiceManager is null!?
12-25 21:28:49.535   871  1534 I WifiNative-wlan0: Vendor HAL not supported, Ignore stop...
12-25 21:28:49.536   871  1534 D WificondControl: tearing down interfaces in wificond
12-25 21:28:49.540   871   871 D WifiController: isAirplaneModeOn = false, isWifiEnabled = true, isScanningAvailable = false
12-25 21:28:49.543   871   871 I WifiService: getVerboseLoggingLevel uid=1000
12-25 21:28:49.544   871   871 E SupplicantStaIfaceHal: Can't call setDebugParams, ISupplicant is null
12-25 21:28:49.544   871   871 W WifiDiags: no ring buffers found
12-25 21:28:49.544   871   871 W WifiDiags: Failed to start packet fate monitoring
12-25 21:28:49.544   871   871 I WifiService: Registering wifi
12-25 21:28:49.545   871   871 D SystemServerTiming: StartWifi took to complete: 93ms
12-25 21:28:49.545   871   871 I SystemServer: StartWifiScanning
12-25 21:28:49.546   871   871 I SystemServiceManager: Starting com.android.server.wifi.scanner.WifiScanningService
12-25 21:28:49.546   871   871 I WifiScanningService: Creating wifiscanner
12-25 21:28:49.548   871   871 I WifiScanningService: Publishing wifiscanner
12-25 21:28:49.549   871   871 D SystemServerTiming: StartWifiScanning took to complete: 4ms
12-25 21:28:49.549   871   871 I SystemServer: StartWifiRtt
12-25 21:28:49.549   871   871 I SystemServiceManager: Starting com.android.server.wifi.RttService
12-25 21:28:49.550   871   871 I RttService: Creating rttmanager
12-25 21:28:49.552   871   871 I RttService: Starting rttmanager
12-25 21:28:49.553   871   871 D SystemServerTiming: StartWifiRtt took to complete: 4ms
12-25 21:28:49.553   871   871 I SystemServer: No Wi-Fi Aware Service (Aware support Not Present)
12-25 21:28:49.553   871   871 I SystemServer: StartWifiP2P
12-25 21:28:49.553   871   871 I SystemServiceManager: Starting com.android.server.wifi.p2p.WifiP2pService
12-25 21:28:49.559   871   871 I WifiP2pService: Registering wifip2p
12-25 21:28:49.560   871   871 D SystemServerTiming: StartWifiP2P took to complete: 7ms
12-25 21:28:49.560   871   871 I SystemServer: StartEthernet
12-25 21:28:49.561   871   871 I SystemServiceManager: Starting com.android.server.ethernet.EthernetService
12-25 21:28:49.561   871   871 I EthernetServiceImpl: Creating EthernetConfigStore
12-25 21:28:49.562   871   871 E IpConfigStore: Error opening configuration file: java.io.FileNotFoundException: /data/misc/ethernet/ipconfig.txt (No such file or directory)
12-25 21:28:49.562   871   871 W EthernetConfigStore: No Ethernet configuration found. Using default.
12-25 21:28:49.562   871   871 I EthernetServiceImpl: Read stored IP configuration: IP assignment: DHCP
12-25 21:28:49.562   871   871 I EthernetServiceImpl: Proxy settings: NONE
12-25 21:28:49.563   871   871 I EthernetService: Registering service ethernet
12-25 21:28:49.564   871   871 D SystemServerTiming: StartEthernet took to complete: 4ms
12-25 21:28:49.564   871   871 I SystemServer: StartConnectivityService
12-25 21:28:49.570   871   871 D ConnectivityService: ConnectivityService starting up
12-25 21:28:49.572   871   871 D ConnectivityService: wifiOnly=false
12-25 21:28:49.573   871   871 E ConnectivityService: Ignoring protectedNetwork 15
12-25 21:28:49.588   871   871 D SystemServerTiming: StartConnectivityService took to complete: 24ms
12-25 21:28:49.588   871   871 I SystemServer: StartNsdService
12-25 21:28:49.591   871   871 D NsdService: Network service discovery is enabled
12-25 21:28:49.593   871   871 D SystemServerTiming: StartNsdService took to complete: 5ms
12-25 21:28:49.593   871   871 I SystemServer: StartUpdateLockService
12-25 21:28:49.595   871   871 D SystemServerTiming: StartUpdateLockService took to complete: 2ms
12-25 21:28:49.595   871   871 I SystemServer: WaitForAsecScan
12-25 21:28:49.595   871   871 D SystemServerTiming: WaitForAsecScan took to complete: 0ms
12-25 21:28:49.595   871   871 I SystemServer: StartNotificationManager
12-25 21:28:49.596   871   871 I SystemServiceManager: Starting com.android.server.notification.NotificationManagerService
12-25 21:28:49.616   871   871 D ConditionProviders.SCP: new ScheduleConditionProvider()
12-25 21:28:49.622   871   871 D ZenLog  : config: readXml,ZenModeConfig[user=0,allowCalls=true,allowRepeatCallers=false,allowMessages=false,allowCallsFrom=contacts,allowMessagesFrom=contacts,allowReminders=true,allowEvents=true,allowWhenScreenOff=true,allowWhenScreenOn=true,automaticRules={EVENTS_DEFAULT_RULE=ZenRule[enabled=false,snoozing=false,name=Event,zenMode=ZEN_MODE_ALARMS,conditionId=condition://android/event?userId=-10000&calendar=&reply=1,condition=Condition[id=condition://android/event?userId=-10000&calendar=&reply=1,summary=...,line1=...,line2=...,icon=0,state=STATE_FALSE,flags=2],component=ComponentInfo{android/com.android.server.notification.EventConditionProvider},id=EVENTS_DEFAULT_RULE,creationTime=1514237365069,enabler=null], SCHEDULED_DEFAULT_RULE_1=ZenRule[enabled=false,snoozing=false,name=Weeknight,zenMode=ZEN_MODE_ALARMS,conditionId=condition://android/schedule?days=1.2.3.4.5&start=22.0&end=7.0&exitAtAlarm=false,condition=Condition[id=condition://android/schedule?days=1.2.3.4.5&start=22.0&end=7.0&exitAtAlarm=false,summary=...,line1=...,line2=...,icon=0,state=STATE_FALSE,flags=2],component=ComponentInfo{android/com.android.server.notification.ScheduleConditionProvider},id=SCHEDULED_DEFAULT_RULE_1,creationTime=1514237365068,enabler=null], SCHEDULED_DEFAULT_RULE_2=ZenRule[enabled=false,snoozing=false,name=Weekend,zenMode=ZEN_MODE_ALARMS,conditionId=condition://android/schedule?days=6.7&start=23.30&end=10.0&exitAtAlarm=false,condition=Condition[id=condition://android/schedule?days=6.7&start=23.30&end=10.0&exitAtAlarm=false,summary=...,line1=...,line2=...,icon=0,state=STATE_FALSE,flags=2],component=ComponentInfo{android/com.android.server.notification.ScheduleConditionProvider},id=SCHEDULED_DEFAULT_RULE_2,creationTime=1514237365068,enabler=null]},manualRule=null],Diff[automaticRule[EVENTS_DEFAULT_RULE].condition:null->Condition[id=condition://android/event?userId=-10000&calendar=&reply=1,summary=...,line1=...,line2=...,icon=0,state=STATE_FALSE,flags=2],automaticRule[EVENTS_DEFAULT_RULE].creationTime:1514237329614->1514237365069,automaticRule[SCHEDULED_DEFAULT_RULE_1].condition:null->Condition[id=condition://android/schedule?days=1.2.3.4.5&start=22.0&end=7.0&exitAtAlarm=false,summary=...,line1=...,line2=...,icon=0,state=STATE_FALSE,flags=2],automaticRule[SCHEDULED_DEFAULT_RULE_1].creationTime:1514237329613->1514237365068,automaticRule[SCHEDULED_DEFAULT_RULE_2].condition:null->Condition[id=condition://android/schedule?days=6.7&start=23.30&end=10.0&exitAtAlarm=false,summary=...,line1=...,line2=...,icon=0,state=STATE_FALSE,flags=2],automaticRule[SCHEDULED_DEFAULT_RULE_2].creationTime:1514237329613->1514237365068]
12-25 21:28:49.624   871   871 I NotificationListeners: Read notification listener permissions from xml
12-25 21:28:49.624   871   871 I ConditionProviders: Read condition provider permissions from xml
12-25 21:28:49.624   871   871 I ConditionProviders: Read condition provider permissions from xml
12-25 21:28:49.625   871   871 D ZenLog  : set_zen_mode: off,init
12-25 21:28:49.629   871   871 D SystemServerTiming: StartNotificationManager took to complete: 34ms
12-25 21:28:49.629   871   871 I SystemServer: StartDeviceMonitor
12-25 21:28:49.630   871   871 I SystemServiceManager: Starting com.android.server.storage.DeviceStorageMonitorService
12-25 21:28:49.632   871   871 D SystemServerTiming: StartDeviceMonitor took to complete: 2ms
12-25 21:28:49.632   871   871 I SystemServer: StartLocationManagerService
12-25 21:28:49.637   871   871 D SystemServerTiming: StartLocationManagerService took to complete: 5ms
12-25 21:28:49.637   871   871 I SystemServer: StartCountryDetectorService
12-25 21:28:49.639   871   871 D SystemServerTiming: StartCountryDetectorService took to complete: 2ms
12-25 21:28:49.639   871   871 I SystemServer: StartSearchManagerService
12-25 21:28:49.639   871   871 I SystemServiceManager: Starting com.android.server.search.SearchManagerService$Lifecycle
12-25 21:28:49.641   871   871 D SystemServerTiming: StartSearchManagerService took to complete: 2ms
12-25 21:28:49.641   871   871 I SystemServer: StartWallpaperManagerService
12-25 21:28:49.642   871   871 I SystemServiceManager: Starting com.android.server.wallpaper.WallpaperManagerService$Lifecycle
12-25 21:28:49.644   871   871 I WallpaperManagerService: No static wallpaper imagery; defaults will be shown
12-25 21:28:49.647   871   871 D SystemServerTiming: StartWallpaperManagerService took to complete: 6ms
12-25 21:28:49.647   871   871 I SystemServer: StartAudioService
12-25 21:28:49.647   871   871 I SystemServiceManager: Starting com.android.server.audio.AudioService$Lifecycle
12-25 21:28:49.656   491   614 D PermissionCache: checking android.permission.MODIFY_AUDIO_SETTINGS for uid=1000 => granted (736 us)
12-25 21:28:49.656   871   871 W TelecomManager: Telecom Service not found.
12-25 21:28:49.659   491   783 W AudioFlinger: no wake lock to update, system not ready yet
12-25 21:28:49.659   491   786 W AudioFlinger: no wake lock to update, system not ready yet
12-25 21:28:49.659   491   789 W AudioFlinger: no wake lock to update, system not ready yet
12-25 21:28:49.659   491   614 D audio_hw_primary: adev_set_mic_mute state 0
12-25 21:28:49.659   491   614 W DeviceHAL: Device 0xf315da00 set_mic_mute: Function not implemented
12-25 21:28:49.659   491   614 W DeviceHAL: Device 0xf12d4000 set_mic_mute: Function not implemented
12-25 21:28:49.681   871   871 D SystemServerTiming: StartAudioService took to complete: 34ms
12-25 21:28:49.681   871   871 I SystemServer: StartDockObserver
12-25 21:28:49.681   871   871 I SystemServiceManager: Starting com.android.server.DockObserver
12-25 21:28:49.682   871   871 W DockObserver: This kernel does not have dock station support
12-25 21:28:49.683   871   871 D SystemServerTiming: StartDockObserver took to complete: 2ms
12-25 21:28:49.683   871   871 I SystemServer: StartWiredAccessoryManager
12-25 21:28:49.684   871   871 W WiredAccessoryManager: This kernel does not have usb audio support
12-25 21:28:49.684   871   871 D SystemServerTiming: StartWiredAccessoryManager took to complete: 1ms
12-25 21:28:49.684   871   871 I SystemServer: StartUsbService
12-25 21:28:49.685   871   871 I SystemServiceManager: Starting com.android.server.usb.UsbService$Lifecycle
12-25 21:28:49.695   871   871 I system_server: Looking for service android.hidl.manager@1.0::IServiceManager/default
12-25 21:28:49.697   871   871 I system_server: Starting thread pool.
12-25 21:28:49.699   871  1522 I UsbPortManager: Usb hal service started android.hardware.usb@1.0::IUsb default
12-25 21:28:49.699   871   871 I system_server: Looking for service android.hardware.usb@1.0::IUsb/default
12-25 21:28:49.700   871   871 I system_server: Starting thread pool.
12-25 21:28:49.701   458   458 I android.hardware.usb@1.0-service: registering callback
12-25 21:28:49.702   458  1549 E android.hardware.usb@1.0-service: creating thread
12-25 21:28:49.702   458   458 E android.hardware.usb@1.0-service: Failed to open /sys/class/dual_role_usb
12-25 21:28:49.705   871   871 D SystemServerTiming: StartUsbService took to complete: 21ms
12-25 21:28:49.705   871   871 I SystemServer: StartSerialService
12-25 21:28:49.706   871   871 D SystemServerTiming: StartSerialService took to complete: 1ms
12-25 21:28:49.706   871   871 I SystemServer: StartHardwarePropertiesManagerService
12-25 21:28:49.707   397   397 W /system/bin/hwservicemanager: getTransport: Cannot find entry android.hardware.thermal@1.0::IThermal/default in either framework or device manifest.
12-25 21:28:49.708   871   871 D HardwarePropertiesManagerService-JNI: Link to death notification successful
12-25 21:28:49.709   871   871 D SystemServerTiming: StartHardwarePropertiesManagerService took to complete: 3ms
12-25 21:28:49.709   871   871 I SystemServer: StartTwilightService
12-25 21:28:49.709   871   871 I SystemServiceManager: Starting com.android.server.twilight.TwilightService
12-25 21:28:49.710   871   871 D SystemServerTiming: StartTwilightService took to complete: 1ms
12-25 21:28:49.710   871   871 I SystemServer: StartNightDisplay
12-25 21:28:49.710   871   871 I SystemServiceManager: Starting com.android.server.display.NightDisplayService
12-25 21:28:49.711   871   871 D SystemServerTiming: StartNightDisplay took to complete: 1ms
12-25 21:28:49.711   871   871 I SystemServer: StartJobScheduler
12-25 21:28:49.711   871   871 I SystemServiceManager: Starting com.android.server.job.JobSchedulerService
12-25 21:28:49.715   871   871 I JobStore: Read 0 jobs
12-25 21:28:49.718   871   871 D ConnectivityService: requestNetwork for uid/pid:1000/871 NetworkRequest [ TRACK_DEFAULT id=3, [ Capabilities: INTERNET&NOT_RESTRICTED&TRUSTED&NOT_VPN] ]
12-25 21:28:49.722   871   871 D SystemServerTiming: StartJobScheduler took to complete: 11ms
12-25 21:28:49.722   871   871 I SystemServer: StartSoundTrigger
12-25 21:28:49.722   871   871 I SystemServiceManager: Starting com.android.server.soundtrigger.SoundTriggerService
12-25 21:28:49.726   871   871 D SystemServerTiming: StartSoundTrigger took to complete: 4ms
12-25 21:28:49.726   871   871 I SystemServer: StartTrustManager
12-25 21:28:49.726   871   871 I SystemServiceManager: Starting com.android.server.trust.TrustManagerService
12-25 21:28:49.728   871   871 D SystemServerTiming: StartTrustManager took to complete: 2ms
12-25 21:28:49.728   871   871 I SystemServer: StartBackupManager
12-25 21:28:49.729   871   871 I SystemServiceManager: Starting com.android.server.backup.BackupManagerService$Lifecycle
12-25 21:28:49.733   871   871 D SystemServerTiming: StartBackupManager took to complete: 5ms
12-25 21:28:49.733   871   871 I SystemServer: StartAppWidgerService
12-25 21:28:49.733   871   871 I SystemServiceManager: Starting com.android.server.appwidget.AppWidgetService
12-25 21:28:49.740   871   871 D SystemServerTiming: StartAppWidgerService took to complete: 7ms
12-25 21:28:49.741   871   871 I SystemServer: StartVoiceRecognitionManager
12-25 21:28:49.741   871   871 I SystemServiceManager: Starting com.android.server.voiceinteraction.VoiceInteractionManagerService
12-25 21:28:49.742   871   871 D SystemServerTiming: StartVoiceRecognitionManager took to complete: 1ms
12-25 21:28:49.743   871   871 I SystemServer: StartGestureLauncher
12-25 21:28:49.743   871   871 I SystemServiceManager: Starting com.android.server.GestureLauncherService
12-25 21:28:49.744   871   871 D SystemServerTiming: StartGestureLauncher took to complete: 1ms
12-25 21:28:49.744   871   871 I SystemServer: StartSensorNotification
12-25 21:28:49.744   871   871 I SystemServiceManager: Starting com.android.server.SensorNotificationService
12-25 21:28:49.744   871   871 D SystemServerTiming: StartSensorNotification took to complete: 0ms
12-25 21:28:49.744   871   871 I SystemServer: StartContextHubSystemService
12-25 21:28:49.744   871   871 I SystemServiceManager: Starting com.android.server.ContextHubSystemService
12-25 21:28:49.744   871   871 D SystemServerTiming: StartContextHubSystemService took to complete: 0ms
12-25 21:28:49.744   871   928 D SystemServerInitThreadPool: Started executing Init ContextHubSystemService
12-25 21:28:49.744   871   871 I SystemServer: StartDiskStatsService
12-25 21:28:49.746   397   397 W /system/bin/hwservicemanager: getTransport: Cannot find entry android.hardware.contexthub@1.0::IContexthub/default in either framework or device manifest.
12-25 21:28:49.747   871   928 E ContextHubService: Could not load context hub hal
12-25 21:28:49.747   871   928 W ContextHubService: No Context Hub Module present
12-25 21:28:49.747   871   928 D SystemServerInitThreadPool: Finished executing Init ContextHubSystemService
12-25 21:28:49.748   871   871 D SystemServerTiming: StartDiskStatsService took to complete: 4ms
12-25 21:28:49.748   871   871 I SystemServer: StartNetworkTimeUpdateService
12-25 21:28:49.750   871   871 D SystemServerTiming: StartNetworkTimeUpdateService took to complete: 2ms
12-25 21:28:49.750   871   871 I SystemServer: StartCommonTimeManagementService
12-25 21:28:49.752   871   871 D SystemServerTiming: StartCommonTimeManagementService took to complete: 2ms
12-25 21:28:49.752   871   871 I SystemServer: CertBlacklister
12-25 21:28:49.753   871   871 D SystemServerTiming: CertBlacklister took to complete: 1ms
12-25 21:28:49.753   871   871 I SystemServer: StartEmergencyAffordanceService
12-25 21:28:49.753   871   871 I SystemServiceManager: Starting com.android.server.emergency.EmergencyAffordanceService
12-25 21:28:49.754   871   871 D SystemServerTiming: StartEmergencyAffordanceService took to complete: 1ms
12-25 21:28:49.754   871   871 I SystemServer: StartDreamManager
12-25 21:28:49.754   871   871 I SystemServiceManager: Starting com.android.server.dreams.DreamManagerService
12-25 21:28:49.758   871   871 D SystemServerTiming: StartDreamManager took to complete: 4ms
12-25 21:28:49.758   871   871 I SystemServer: AddGraphicsStatsService
12-25 21:28:49.760   871   871 D SystemServerTiming: AddGraphicsStatsService took to complete: 2ms
12-25 21:28:49.761   871   871 I SystemServer: StartPrintManager
12-25 21:28:49.762   871   871 I SystemServiceManager: Starting com.android.server.print.PrintManagerService
12-25 21:28:49.765   871   871 D SystemServerTiming: StartPrintManager took to complete: 4ms
12-25 21:28:49.765   871   871 I SystemServer: StartCompanionDeviceManager
12-25 21:28:49.766   871   871 I SystemServiceManager: Starting com.android.server.companion.CompanionDeviceManagerService
12-25 21:28:49.768   871   871 D SystemServerTiming: StartCompanionDeviceManager took to complete: 3ms
12-25 21:28:49.768   871   871 I SystemServer: StartRestrictionManager
12-25 21:28:49.769   871   871 I SystemServiceManager: Starting com.android.server.restrictions.RestrictionsManagerService
12-25 21:28:49.770   871   871 D SystemServerTiming: StartRestrictionManager took to complete: 2ms
12-25 21:28:49.770   871   871 I SystemServer: StartMediaSessionService
12-25 21:28:49.771   871   871 I SystemServiceManager: Starting com.android.server.media.MediaSessionService
12-25 21:28:49.774   871   871 D SystemServerTiming: StartMediaSessionService took to complete: 4ms
12-25 21:28:49.775   871   871 I SystemServer: StartMediaResourceMonitor
12-25 21:28:49.775   871   871 I SystemServiceManager: Starting com.android.server.media.MediaResourceMonitorService
12-25 21:28:49.777   871   871 D SystemServerTiming: StartMediaResourceMonitor took to complete: 2ms
12-25 21:28:49.777   871   871 I SystemServer: StartMediaRouterService
12-25 21:28:49.780   871   871 D SystemServerTiming: StartMediaRouterService took to complete: 3ms
12-25 21:28:49.780   871   871 I SystemServer: StartBackgroundDexOptService
12-25 21:28:49.781   871   871 W BackgroundDexOptService: SysProp pm.dexopt.downgrade_after_inactive_days not set
12-25 21:28:49.781   871   871 D SystemServerTiming: StartBackgroundDexOptService took to complete: 1ms
12-25 21:28:49.781   871   871 I SystemServer: StartPruneInstantAppsJobService
12-25 21:28:49.782   871   871 D SystemServerTiming: StartPruneInstantAppsJobService took to complete: 1ms
12-25 21:28:49.782   871   871 I SystemServer: StartShortcutServiceLifecycle
12-25 21:28:49.782   871   871 I SystemServiceManager: Starting com.android.server.pm.ShortcutService$Lifecycle
12-25 21:28:49.788   871   871 D SystemServerTiming: StartShortcutServiceLifecycle took to complete: 6ms
12-25 21:28:49.789   871   871 I SystemServer: StartLauncherAppsService
12-25 21:28:49.789   871   871 I SystemServiceManager: Starting com.android.server.pm.LauncherAppsService
12-25 21:28:49.792   871   871 D SystemServerTiming: StartLauncherAppsService took to complete: 3ms
12-25 21:28:49.792   871   871 I SystemServer: Starting PocketService
12-25 21:28:49.792   871   871 I SystemServiceManager: Starting com.android.server.pocket.PocketService
12-25 21:28:49.793   871   871 D PocketService: Cannot detect proximity sensor, sensor is NULL
12-25 21:28:49.794   871   871 D PocketService: Cannot detect light sensor, sensor is NULL
12-25 21:28:49.795   871   871 I SystemServer: StartMediaProjectionManager
12-25 21:28:49.796   871   871 I SystemServiceManager: Starting com.android.server.media.projection.MediaProjectionManagerService
12-25 21:28:49.799   871   871 V MediaRouter: Adding route: RouteInfo{ name=Phone, description=null, status=null, category=RouteCategory{ name=System types=ROUTE_TYPE_LIVE_AUDIO ROUTE_TYPE_LIVE_VIDEO  groupable=false }, supportedTypes=ROUTE_TYPE_LIVE_AUDIO ROUTE_TYPE_LIVE_VIDEO , presentationDisplay=null }
12-25 21:28:49.801   871   871 V MediaRouter: Selecting route: RouteInfo{ name=Phone, description=null, status=null, category=RouteCategory{ name=System types=ROUTE_TYPE_LIVE_AUDIO ROUTE_TYPE_LIVE_VIDEO  groupable=false }, supportedTypes=ROUTE_TYPE_LIVE_AUDIO ROUTE_TYPE_LIVE_VIDEO , presentationDisplay=null }
12-25 21:28:49.803   871   871 D SystemServerTiming: StartMediaProjectionManager took to complete: 8ms
12-25 21:28:49.803   871   871 I SystemServer: StartCameraServiceProxy
12-25 21:28:49.803   871   871 I SystemServiceManager: Starting com.android.server.camera.CameraServiceProxy
12-25 21:28:49.806   871  1553 I ServiceThread: Enabled StrictMode logging for CameraService_proxy looper.
12-25 21:28:49.808   871   871 D SystemServerTiming: StartCameraServiceProxy took to complete: 5ms
12-25 21:28:49.808   871   871 I WindowManager: SAFE MODE not enabled
12-25 21:28:49.809   871   871 I SystemServer: StartJitCompilation
12-25 21:28:49.809   871   871 D SystemServerTiming: StartJitCompilation took to complete: 0ms
12-25 21:28:49.809   871   871 I SystemServer: StartMmsService
12-25 21:28:49.809   871   871 I SystemServiceManager: Starting com.android.server.MmsServiceBroker
12-25 21:28:49.811   871   871 D SystemServerTiming: StartMmsService took to complete: 2ms
12-25 21:28:49.811   871   871 I SystemServer: StartAutoFillService
12-25 21:28:49.811   871   871 I SystemServiceManager: Starting com.android.server.autofill.AutofillManagerService
12-25 21:28:49.812   871   871 I AutofillManagerService: Setting debug to true
12-25 21:28:49.815   871   871 D SystemServerTiming: StartAutoFillService took to complete: 4ms
12-25 21:28:49.815   871   871 I SystemServer: MakeVibratorServiceReady
12-25 21:28:49.817   871   871 D SystemServerTiming: MakeVibratorServiceReady took to complete: 2ms
12-25 21:28:49.817   871   871 I SystemServer: MakeLockSettingsServiceReady
12-25 21:28:49.833   871   871 I system_server: Looking for service android.hardware.weaver@1.0::IWeaver/default
12-25 21:28:49.834   397   397 W /system/bin/hwservicemanager: getTransport: Cannot find entry android.hardware.weaver@1.0::IWeaver/default in either framework or device manifest.
12-25 21:28:49.835   871   871 I SyntheticPasswordManager: Device does not support weaver
12-25 21:28:49.837   871   871 E LockSettingsStorage: Cannot read file java.io.FileNotFoundException: /data/system/gatekeeper.password.key: open failed: ENOENT (No such file or directory)
12-25 21:28:49.838   871   871 E LockSettingsStorage: Cannot read file java.io.FileNotFoundException: /data/system/password.key: open failed: ENOENT (No such file or directory)
12-25 21:28:49.838   871   871 E LockSettingsStorage: Cannot read file java.io.FileNotFoundException: /data/system/gatekeeper.pattern.key: open failed: ENOENT (No such file or directory)
12-25 21:28:49.838   871   871 E LockSettingsStorage: Cannot read file java.io.FileNotFoundException: /data/system/gatekeeper.gesture.key: open failed: ENOENT (No such file or directory)
12-25 21:28:49.839   871   871 E LockSettingsStorage: Cannot read file java.io.FileNotFoundException: /data/system/gesture.key: open failed: ENOENT (No such file or directory)
12-25 21:28:49.839   871   871 D SystemServerTiming: MakeLockSettingsServiceReady took to complete: 22ms
12-25 21:28:49.839   871   871 I SystemServer: StartBootPhaseLockSettingsReady
12-25 21:28:49.839   871   871 I SystemServiceManager: Starting phase 480
12-25 21:28:49.862   871   871 I DevicePolicyManager: Set ro.device_owner property to false
12-25 21:28:49.865   871   871 W PocketService: Un-handled boot phase:480
12-25 21:28:49.865   871   871 D SystemServerTiming: StartBootPhaseLockSettingsReady took to complete: 26ms
12-25 21:28:49.865   871   871 I SystemServer: StartBootPhaseSystemServicesReady
12-25 21:28:49.865   871   871 I SystemServiceManager: Starting phase 500
12-25 21:28:49.867   871   871 W UsageStatsService: Missing procfs interface: /proc/uid_procstat/set
12-25 21:28:49.873   871   871 I VrManagerService: No default vr listener service found.
12-25 21:28:49.880   871   871 I WifiService: WifiService starting up with Wi-Fi enabled
12-25 21:28:49.884   871  1534 I system_server: Looking for service android.hidl.manager@1.0::IServiceManager/default
12-25 21:28:49.885   871  1534 I system_server: Starting thread pool.
12-25 21:28:49.887   871  1522 D HalDeviceManager: IWifi registration notification: fqName=android.hardware.wifi@1.0::IWifi, name=default, preexisting=true
12-25 21:28:49.887   871  1522 I system_server: Looking for service android.hardware.wifi@1.0::IWifi/default
12-25 21:28:49.888   871  1522 I system_server: Starting thread pool.
12-25 21:28:49.893   871   871 D WifiService: setWifiEnabled: true pid=871, uid=1000, package=android
12-25 21:28:49.893   871   871 I WifiService: setWifiEnabled package=android uid=1000 enable=true
12-25 21:28:49.893   871   871 I WifiScanningService: Starting wifiscanner
12-25 21:28:49.893   871  1533 D WifiController: WifiController msg { when=0 what=155656 target=com.android.internal.util.StateMachine$SmHandler } deferred for 500ms
12-25 21:28:49.898   871   871 I RttService: Registering rttmanager
12-25 21:28:49.900   871   871 I EthernetServiceImpl: Starting Ethernet service
12-25 21:28:49.902   871   871 D Ethernet: Registering NetworkFactory
12-25 21:28:49.902   871  1539 D ConnectivityService: Got NetworkFactory Messenger for Ethernet
12-25 21:28:49.904   871   871 D ZenLog  : config: cleanUpZenRules,ZenModeConfig[user=0,allowCalls=true,allowRepeatCallers=false,allowMessages=false,allowCallsFrom=contacts,allowMessagesFrom=contacts,allowReminders=true,allowEvents=true,allowWhenScreenOff=true,allowWhenScreenOn=true,automaticRules={EVENTS_DEFAULT_RULE=ZenRule[enabled=false,snoozing=false,name=Event,zenMode=ZEN_MODE_ALARMS,conditionId=condition://android/event?userId=-10000&calendar=&reply=1,condition=Condition[id=condition://android/event?userId=-10000&calendar=&reply=1,summary=...,line1=...,line2=...,icon=0,state=STATE_FALSE,flags=2],component=ComponentInfo{android/com.android.server.notification.EventConditionProvider},id=EVENTS_DEFAULT_RULE,creationTime=1514237365069,enabler=null], SCHEDULED_DEFAULT_RULE_1=ZenRule[enabled=false,snoozing=false,name=Weeknight,zenMode=ZEN_MODE_ALARMS,conditionId=condition://android/schedule?days=1.2.3.4.5&start=22.0&end=7.0&exitAtAlarm=false,condition=Condition[id=condition://android/schedule?days=1.2.3.4.5&start=22.0&end=7.0&exitAtAlarm=false,summary=...,line1=...,line2=...,icon=0,state=STATE_FALSE,flags=2],component=ComponentInfo{android/com.android.server.notification.ScheduleConditionProvider},id=SCHEDULED_DEFAULT_RULE_1,creationTime=1514237365068,enabler=null], SCHEDULED_DEFAULT_RULE_2=ZenRule[enabled=false,snoozing=false,name=Weekend,zenMode=ZEN_MODE_ALARMS,conditionId=condition://android/schedule?days=6.7&start=23.30&end=10.0&exitAtAlarm=false,condition=Condition[id=condition://android/schedule?days=6.7&start=23.30&end=10.0&exitAtAlarm=false,summary=...,line1=...,line2=...,icon=0,state=STATE_FALSE,flags=2],component=ComponentInfo{android/com.android.server.notification.ScheduleConditionProvider},id=SCHEDULED_DEFAULT_RULE_2,creationTime=1514237365068,enabler=null]},manualRule=null],Diff[]
12-25 21:28:49.904   871   871 D ZenLog  : set_zen_mode: off,onSystemReady
12-25 21:28:49.908   491   607 D PermissionCache: checking android.permission.CAPTURE_AUDIO_HOTWORD for uid=1000 => granted (97 us)
12-25 21:28:49.908   871   871 W SoundTriggerHelper: listModules status=0, # of modules=0
12-25 21:28:49.910   871   871 D ContextHubSystemService: onBootPhase: PHASE_SYSTEM_SERVICES_READY
12-25 21:28:49.910   871   871 D SystemServerTiming: StartBootPhaseSystemServicesReady took to complete: 45ms
12-25 21:28:49.910   871   871 I SystemServer: MakeWindowManagerServiceReady
12-25 21:28:49.914   871  1555 D Ethernet: got request NetworkRequest [ REQUEST id=1, [ Capabilities: INTERNET&NOT_RESTRICTED&TRUSTED&NOT_VPN] ] with score 0
12-25 21:28:49.914   871  1555 D Ethernet: got request NetworkRequest [ TRACK_DEFAULT id=3, [ Capabilities: INTERNET&NOT_RESTRICTED&TRUSTED&NOT_VPN] ] with score 0
12-25 21:28:49.948   871   871 I system_server: Looking for service android.hardware.configstore@1.0::ISurfaceFlingerConfigs/default
12-25 21:28:49.949   871   871 I system_server: Starting thread pool.
12-25 21:28:49.950   871   871 D SystemServerTiming: MakeWindowManagerServiceReady took to complete: 39ms
12-25 21:28:49.953   871   871 I SystemServer: MakePowerManagerServiceReady
12-25 21:28:49.966   871   871 D SystemServerTiming: MakePowerManagerServiceReady took to complete: 13ms
12-25 21:28:49.966   871   871 I SystemServer: MakePackageManagerServiceReady
12-25 21:28:49.969   871   886 E KernelCpuSpeedReader: Failed to read cpu-freq: /sys/devices/system/cpu/cpu4/cpufreq/stats/time_in_state (No such file or directory)
12-25 21:28:49.969   871   897 W KeyguardServiceDelegate: onScreenTurningOn(): no keyguard service!
12-25 21:28:49.990   871   871 V UserDataPreparer: Found /data/user_de/0 with serial number 0
12-25 21:28:49.990   871   871 V UserDataPreparer: Found /data/user/0 with serial number 0
12-25 21:28:49.990   871   871 V UserDataPreparer: Found /data/system_de/0 with serial number 0
12-25 21:28:49.990   871   871 V UserDataPreparer: Found /data/system_ce/0 with serial number 0
12-25 21:28:49.990   871   871 V UserDataPreparer: Found /data/misc_ce/0 with serial number 0
12-25 21:28:49.991   871   871 D SystemServerTiming: MakePackageManagerServiceReady took to complete: 25ms
12-25 21:28:49.991   871   871 I SystemServer: MakeDisplayManagerServiceReady
12-25 21:28:49.991   871   871 D SystemServerTiming: MakeDisplayManagerServiceReady took to complete: 0ms
12-25 21:28:49.995   871   871 I ActivityManager: System now ready
12-25 21:28:49.997   871   895 E HalDeviceManager: Should have at least 1 chip!
12-25 21:28:49.997   871   895 E HalDeviceManager: createIface: no chip info found
12-25 21:28:49.997   871   871 I SystemServer: Making services ready
12-25 21:28:49.998   871   871 I SystemServer: StartActivityManagerReadyPhase
12-25 21:28:49.998   871   871 I SystemServiceManager: Starting phase 550
12-25 21:28:50.029   871   871 D BluetoothManagerService: Bluetooth boot completed
12-25 21:28:50.071   871   871 I ActivityManager: Start proc 1559:com.android.inputmethod.latin/u0a58 for service com.android.inputmethod.latin/.LatinIME
12-25 21:28:50.074   871  1526 D StorageManagerService: Thinking about init, mSystemReady=true, mDaemonConnected=true
12-25 21:28:50.074   871  1526 D StorageManagerService: Setting up emulation state, initlocked=false
12-25 21:28:50.074   871  1526 D CryptdConnector: SND -> {2 cryptfs unlock_user_key 0 0 ! !}
