07-04 08:40:48.703   511  3145 D QCamera2HWI: virtual int qcamera::QCamera2HardwareInterface::thermalEvtHandle(qcamera::qcamera_thermal_level_enum_t*, void*, void*): level = 0, userdata = 0x0, data = 0x0
07-04 08:40:48.703   511  3145 I Thermal-Lib: Thermal-Lib-Client: Client received msg camcorder 0
07-04 08:40:48.703   511  2384 E QCameraStateMachine: int32_t qcamera::QCameraStateMachine::procEvtPreviewStoppedState(qcamera::qcamera_sm_evt_enum_t, void*): cannot handle evt(31) in state(0)
07-04 08:40:48.703   511  3145 D QCamera2HWI: virtual int qcamera::QCamera2HardwareInterface::thermalEvtHandle(qcamera::qcamera_thermal_level_enum_t*, void*, void*): level = 0, userdata = 0x0, data = 0x0
07-04 08:40:48.703   511  2384 E QCameraStateMachine: int32_t qcamera::QCameraStateMachine::procEvtPreviewStoppedState(qcamera::qcamera_sm_evt_enum_t, void*): cannot handle evt(31) in state(0)
07-04 08:40:48.713   511  2384 D QCameraParameters: int32_t qcamera::QCameraParameters::setPreviewFpsRange(const qcamera::QCameraParameters&): FpsRange Values:(2000, 30000)
07-04 08:40:48.713   511  2384 D QCameraParameters: int32_t qcamera::QCameraParameters::setPreviewFpsRange(const qcamera::QCameraParameters&): Requested FpsRange Values:(2000, 30000)
07-04 08:40:48.713   511  2384 D QCameraParameters: HFR mode is OFF
07-04 08:40:48.713   511  2384 D QCameraParameters: void qcamera::QCameraParameters::setBufBatchCount(int8_t) : Buffer batch count = 0
07-04 08:40:48.713   511  2384 D QCameraParameters: int32_t qcamera::QCameraParameters::setPreviewFpsRange(const qcamera::QCameraParameters&): UpdateHFRFrameRate 0
07-04 08:40:48.713   511  2384 D QCameraParameters: int32_t qcamera::QCameraParameters::setPreviewFpsRange(const qcamera::QCameraParameters&): No change in FpsRange
07-04 08:40:48.713   511  2384 I QCameraParameters: Requested preview size 1280 x 720
07-04 08:40:48.713   511  2384 I QCameraParameters: Requested picture size 1280 x 720
07-04 08:40:48.713   511  2384 D LGCameraParameters: park void qcamera::QCameraParameters::setHorViewAngle(int, int) E, horViewAngle = 69.500000
07-04 08:40:48.713   511  2384 D QCameraParameters: int32_t qcamera::QCameraParameters::setPreviewFormat(const qcamera::QCameraParameters&): format 2
07-04 08:40:48.713   511  2384 D QCameraParameters: int32_t qcamera::QCameraParameters::setPictureFormat(const qcamera::QCameraParameters&): format 0
07-04 08:40:48.713   511  2384 D QCameraParameters: Param m_bNoDisplayMode = 0
07-04 08:40:48.713   511  2384 I QCameraParameters: int32_t qcamera::QCameraParameters::setZslMode(const qcamera::QCameraParameters&): enabled: 0
07-04 08:40:48.713   511  2384 D QCameraParameters: int32_t qcamera::QCameraParameters::setSceneMode(const qcamera::QCameraParameters&): str - auto, prev_str - auto
07-04 08:40:48.714   511  2384 D QCameraParameters: int32_t qcamera::QCameraParameters::setAutoHDR(const qcamera::QCameraParameters&) : Auto HDR set to: disable
07-04 08:40:48.714   511  2384 D QCameraParameters: int32_t qcamera::QCameraParameters::setAFBracket(const qcamera::QCameraParameters&): str =af-bracket-off & prev_str =af-bracket-off
07-04 08:40:48.714   511  2384 D QCameraParameters: int32_t qcamera::QCameraParameters::setTruePortrait(const qcamera::QCameraParameters&): str =(null) & prev_str =(null)
07-04 08:40:48.714   511  2384 D QCameraParameters: int32_t qcamera::QCameraParameters::setBurstNum(const qcamera::QCameraParameters&): [ZSL Retro] m_nBurstNum = 1
07-04 08:40:48.714   511  2384 D QCameraParameters: int32_t qcamera::QCameraParameters::setBurstLEDOnPeriod(const qcamera::QCameraParameters&): Burst LED on period  300
07-04 08:40:48.714   511  2384 D QCameraParameters: int32_t qcamera::QCameraParameters::setLiveSnapshotSize(const qcamera::QCameraParameters&): live snapshot size 1280 x 720
07-04 08:40:48.714   511  2384 D QCameraParameters: int32_t qcamera::QCameraParameters::setPAAF(): PAAF is: ON
07-04 08:40:48.714   511  2384 D QCameraParameters: int32_t qcamera::QCameraParameters::setSeeMore(const qcamera::QCameraParameters&): str =off & prev_str =off
07-04 08:40:48.714   511  2384 E LGCameraParameters: [ManualAF] android::status_t qcamera::QCameraParameters::setManualFocusLength(const qcamera::QCameraParameters&): current_normal_focus =0 / curr_mode = auto
07-04 08:40:48.714   511  2384 E LGCameraParameters: int32_t qcamera::QCameraParameters::setHighDynamicRange(const qcamera::QCameraParameters&) EasyHDR KEY_HDR_MODE = (null), value = -2
07-04 08:40:48.714   511  2384 E LGCameraParameters: int32_t qcamera::QCameraParameters::setHighDynamicRange(const qcamera::QCameraParameters&) string is null
07-04 08:40:48.714   511  2384 E LGCameraParameters: int32_t qcamera::QCameraParameters::setBeautyShot(const qcamera::QCameraParameters&):m_bBeautyShotEnabled=0
07-04 08:40:48.714   511  2384 D LGCameraParameters: int32_t qcamera::QCameraParameters::setDNGCapture(const qcamera::QCameraParameters&) : value = 0(0) 
07-04 08:40:48.714   511  2384 E LGCameraParameters: int32_t qcamera::QCameraParameters::setLG_ShutterSpeed(const qcamera::QCameraParameters&): error to support!
07-04 08:40:48.714   511  2384 E LGCameraParameters: int32_t qcamera::QCameraParameters::setLG_EVcontrol(const qcamera::QCameraParameters&): error to support!
07-04 08:40:48.714   511  2384 E LGCameraParameters: int32_t qcamera::QCameraParameters::setLG_ColorAdjust(const qcamera::QCameraParameters&): error to support!
07-04 08:40:48.714   511  2384 E LGCameraParameters: int32_t qcamera::QCameraParameters::setLG_WBcontrol(const qcamera::QCameraParameters&): error to support!
07-04 08:40:48.715   511  2384 D QCameraParameters: int32_t qcamera::QCameraParameters::setNumOfSnapshot(): nBurstNum = 1, nExpnum = 1
07-04 08:40:48.716   511   511 I QCamera2HWI: [KPI Perf] static void qcamera::QCamera2HardwareInterface::stop_preview(camera_device*): E PROFILE_STOP_PREVIEW
07-04 08:40:48.716   511   511 I QCamera2HWI: [KPI Perf] static void qcamera::QCamera2HardwareInterface::stop_preview(camera_device*): X
07-04 08:40:48.716   511   511 I CamDev@1.0-impl: Closing camera 0
07-04 08:40:48.716   511   511 I QCamera2HWI: [KPI Perf] static int qcamera::QCamera2HardwareInterface::close_camera_device(hw_device_t*): E
07-04 08:40:48.719   511  2386 D QCamera2HWI: static void* qcamera::QCamera2HardwareInterface::defferedWorkRoutine(void*): stop data proc
07-04 08:40:48.721   511   511 I QCamera2HWI: [KPI Perf] int qcamera::QCamera2HardwareInterface::closeCamera(): E PROFILE_CLOSE_CAMERA camera id 0
07-04 08:40:48.721   511   511 D QCameraParameters: bool qcamera::QCameraParameters::setStreamConfigure(bool, bool, bool): Done Resetting stream config!!
07-04 08:40:48.726   511   511 I qomx_image_core: OMX_Deinit:119] Complete
07-04 08:40:48.730   511   511 I Thermal-Lib: Thermal-Lib-Client: Unregisteration is successfull for handle:1
07-04 08:40:48.732   507   628 I ThermalEngine: Thermal-Server: removing client on fd 69
07-04 08:40:48.732   511   511 I Thermal-Lib: Thermal-Lib-Client: Unregisteration is successfull for handle:2
07-04 08:40:48.736   523  3078 D mm-camera: mct: mct_pipeline_process_set:command=800000b
07-04 08:40:48.736   523  3078 E mm-camera: mct: mct_pipeline_process_set:2966: Couldn't find stream id: 0
07-04 08:40:48.736   523   523 D mm-camera: mct: mct_controller_destroy: Initiating destroy sequence
07-04 08:40:48.736   511   511 I QCamera2HWI: [KPI Perf] int qcamera::QCamera2HardwareInterface::closeCamera(): X PROFILE_CLOSE_CAMERA camera id 0, rc: 0
07-04 08:40:48.736   511   511 E QCamera2HWI: int qcamera::QCamera2HardwareInterface::closeCamera():[PREVIEW_COUNT] preview_count(0)
07-04 08:40:48.736   523  3085 D mm-camera: mct: mct_bus_handler_thread_run: Force Exit
07-04 08:40:48.736   523   523 D mm-camera: mct: mct_controller_destroy: bus_handler thread closed
07-04 08:40:48.736   523   523 D mm-camera: mct: mct_pipeline_stop_session - E
07-04 08:40:48.736   523   523 D mm-camera: mct: mct_pipeline_process_set:command=800000b
07-04 08:40:48.736   523   523 D mm-camera: mct: mct_pipeline_process_set: Issuing DEL_STREAM on stream 0x1000f and stream type=10
07-04 08:40:48.736   523   523 E mm-camera: port_iface_ext_unlink_func: E, identity = 0x1000f, port = 0xf2923620, direction = 2
07-04 08:40:48.736   523   523 E mm-camera: port_iface_check_caps_unreserve_func:  E, identity = 0x1000f, port = 0xf2923620, direction = 2
07-04 08:40:48.736   523   523 E mm-camera: iface_unreserve_sink_port: stream_id f mode 0 
07-04 08:40:48.736   523   523 E mm-camera: port_iface_ext_unlink_func: E, identity = 0x1000f, port = 0xf2923920, direction = 1
07-04 08:40:48.736   523   523 E mm-camera: iface_ext_unlink_src_port: mct stream already removed from hw stream
07-04 08:40:48.736   523   523 E mm-camera: port_iface_check_caps_unreserve_func:  E, identity = 0x1000f, port = 0xf2923920, direction = 1
07-04 08:40:48.736   523   523 E mm-camera: isp_port_check_caps_unreserve:826 ide 1000f port 0xf2661ac0
07-04 08:40:48.738   523   523 E mm-camera: module_afs_port_check_caps_unreserve:1524] 
07-04 08:40:48.738   523   523 E mm-camera: module_afs_port_check_caps_unreserve:1532] destroy client
07-04 08:40:48.738   523   523 E mm-camera: module_imgbase_port_release_client_llvd:1553] 
07-04 08:40:48.739   523   523 E mm-camera: q3a_thread_af_stop:1019  q3a_thread_af_stop:1019 MSG_STOP_THREAD
07-04 08:40:48.743   523   523 E mm-camera: stats_port_delete_reserved_stream:2602  stats_port_delete_reserved_stream:2602: going to NULL peer
07-04 08:40:48.743   523   523 D mm-camera: mct: mct_pipeline_process_set: Stream 0x1000f and stream type=10, successfully deleted
07-04 08:40:48.746   511   511 E QCamera2HWI: int qcamera::QCamera2HardwareInterface::closeCamera():[PREVIEW_COUNT][LOAD] preview_count(0) // MultiView(0)
07-04 08:40:48.746   511   511 I QCamera2HWI: [KPI Perf] static int qcamera::QCamera2HardwareInterface::close_camera_device(hw_device_t*): X
07-04 08:40:48.746   511   511 I CameraHardwareInterface: Opening camera 1
07-04 08:40:48.747   511   511 I CamDev@1.0-impl: Opening camera 1
07-04 08:40:48.747   511   511 I QCamera2Factory: :static int qcamera::QCamera2Factory::openLegacy(int32_t, uint32_t, hw_device_t**) openLegacy halVersion: 256
07-04 08:40:48.747   511   511 D vndksupport: Loading /odm/lib/hw/power.msm8992.so from current namespace instead of sphal namespace.
07-04 08:40:48.749   523  3209 D mm-camera: mct: mct_pipeline_stop_session_thread: Stop module name: sensor - E
07-04 08:40:48.750   523  3209 E mm-camera: module_sensor_deinit_session:1545trying to delete thread
07-04 08:40:48.750   523  3209 E mm-camera-sensor: proxy_thread_delete:259p_thread,trying to delete thread
07-04 08:40:48.750   523  3209 E mm-camera-sensor: send_thread_exit_msg:219p_thread, exit_thread 0
07-04 08:40:48.750   523  3209 E mm-camera-sensor: send_thread_exit_msg:223p_thread, exit_thread 1
07-04 08:40:48.750   511  3215 D QCamera2HWI: static void* qcamera::QCamera2HardwareInterface::defferedWorkRoutine(void*): start data proc
07-04 08:40:48.750   523  3209 E mm-camera: module_sensor_deinit_session:1547proxy_thread_deleted!
07-04 08:40:48.750   523  3209 E mm-camera: module_sensor_deinit_session:1551try to stop proxy kernel workqueue!
07-04 08:40:48.750   523  3209 E mm-camera-sensor: sensor_proxy_thread_off:215enter
07-04 08:40:48.754   511   511 I QCamera2HWI: [KPI Perf] int qcamera::QCamera2HardwareInterface::openCamera(hw_device_t**): E PROFILE_OPEN_CAMERA camera id 1
07-04 08:40:48.755   523  3217 D mm-camera: mct: mct_pipeline_stop_session_thread: Stop module name: iface - E
07-04 08:40:48.755   523  3217 D mm-camera: mct: mct_pipeline_stop_session_thread: Stop module name: iface - X
07-04 08:40:48.756   523  3221 D mm-camera: mct: mct_pipeline_stop_session_thread: Stop module name: isp - E
07-04 08:40:48.756   523  3221 E mm-camera-isp2: isp_module_stop_session:414 session id 1
07-04 08:40:48.761   523  3221 D mm-camera: mct: mct_pipeline_stop_session_thread: Stop module name: isp - X
07-04 08:40:48.762   523  3226 D mm-camera: mct: mct_pipeline_stop_session_thread: Stop module name: stats - E
07-04 08:40:48.763   523  3226 E mm-camera: gyro_port_deinit:1446  gyro_port_deinit: Error in android Deinit
07-04 08:40:48.763   523  3226 I CAMERA_SENSOR: stop_accel_sensor
07-04 08:40:48.764   523  3235 D mm-camera: mct: mct_pipeline_stop_session_thread: Stop module name: pproc - E
07-04 08:40:48.765   523   523 D mm-camera: mct: mct_pipeline_stop_session: left modules: 5
07-04 08:40:48.765   523   523 D mm-camera: mct: mct_pipeline_stop_session: left modules: 4
07-04 08:40:48.766   523  3033 I CAMERA_SENSOR: accel_data_cb received RESP - SNS_SMGR_CANCEL_RESP_V01
07-04 08:40:48.766   523  3226 D mm-camera: mct: mct_pipeline_stop_session_thread: Stop module name: stats - X
07-04 08:40:48.767   523   523 D mm-camera: mct: mct_pipeline_stop_session: left modules: 3
07-04 08:40:48.767   523  3235 E mm-camera-pp: [INFO] base_module_stop_session:98, E, session=1
07-04 08:40:48.767   523  3236 D mm-camera: mct: mct_pipeline_stop_session_thread: Stop module name: imglib - E
07-04 08:40:48.768   523  3236 E mm-camera: module_faceproc_stop_session:1885] session cnt 1
07-04 08:40:48.768   523  3235 E mm-camera-pp: [INFO] base_module_stop_session:98, E, session=1
07-04 08:40:48.768   523  3235 D mm-camera: mct: mct_pipeline_stop_session_thread: Stop module name: pproc - X
07-04 08:40:48.768   523   523 D mm-camera: mct: mct_pipeline_stop_session: left modules: 2
07-04 08:40:48.772   523  3236 D mm-camera: mct: mct_pipeline_stop_session_thread: Stop module name: imglib - X
07-04 08:40:48.772   523   523 D mm-camera: mct: mct_pipeline_stop_session: left modules: 1
07-04 08:40:48.779   523  3209 E mm-camera: module_sensor_deinit_session:1567trying to delete thread
07-04 08:40:48.780   523  3209 E mm-camera-sensor: tcs_thread_delete:303tcs_thread, trying to delete thread
07-04 08:40:48.780   523  3209 E mm-camera: module_sensor_deinit_session:1569tcs_thread_deleted!
07-04 08:40:48.780   523  3209 E mm-camera: module_sensor_deinit_session:1571try to stop tcs kernel workqueue!
07-04 08:40:48.792   523  3209 E mm-camera-sensor: proxy_power_down:47enter
07-04 08:40:48.820   523  3209 E mm-camera: sensor_close:4609ctrl->isStreaming make false
07-04 08:40:48.821   523  3209 D mm-camera: mct: mct_pipeline_stop_session_thread: Stop module name: sensor - X
07-04 08:40:48.821   523   523 D mm-camera: mct: mct_pipeline_stop_session: left modules: 0
07-04 08:40:48.821   523   523 D mm-camera: mct: mct_pipeline_stop_session - X
07-04 08:40:48.821   523   523 D mm-camera: mct: mct_pipeline_destroy E: session:1 
07-04 08:40:48.821   523   523 D mm-camera: mct: mct_pipeline_destroy X: Pipeline destroyed successfully
07-04 08:40:48.821   523   523 D mm-camera: mct: mct_controller_destroy: X Successfully closed mct_controller
07-04 08:40:48.822   523   523 D mm-camera: mct: mct_controller_new: Creating new mct_controller with session-id 2
07-04 08:40:48.822   523  3334 D mm-camera: mct: mct_pipeline_start_session_thread: E sensor
07-04 08:40:48.823   523  3337 D mm-camera: mct: mct_pipeline_start_session_thread: E iface
07-04 08:40:48.825   523  3343 D mm-camera: mct: mct_pipeline_start_session_thread: E isp
07-04 08:40:48.826   523  3343 E mm-camera-isp2: isp_module_start_session:178 session id 2
07-04 08:40:48.829   523  3346 D mm-camera: mct: mct_pipeline_start_session_thread: E stats
07-04 08:40:48.829   523  3337 D mm-camera: mct: mct_pipeline_start_session_thread: X stats
07-04 08:40:48.831   523  3346 E mm-camera: tcc_init: TCC ver.150418a
07-04 08:40:48.833   523  3355 D mm-camera: mct: mct_pipeline_start_session_thread: E pproc
07-04 08:40:48.838   523  3372 D mm-camera: mct: mct_pipeline_start_session_thread: E imglib
07-04 08:40:48.844   523  3372 E mm-camera: module_faceproc_start_session:1844] session cnt 1
07-04 08:40:48.845   523  3343 E mm-camera-isp2: isp_module_start_session:347 num_session_opened 1
07-04 08:40:48.845   523  3343 D mm-camera: mct: mct_pipeline_start_session_thread: X imglib
07-04 08:40:48.848   523  3372 D mm-camera: mct: mct_pipeline_start_session_thread: X imglib
07-04 08:40:48.854   523  3334 E mm-camera: module_sensor_init_session:1245eeprom_name = t4ka3_eeprom
07-04 08:40:48.857   523  3346 E mm-camera: sensor_laser_init:144  HW module: id: sensors name: STMicroelectronics VL53L0 sensor module
07-04 08:40:48.857   523  3346 E Sensors : openInput
07-04 08:40:48.857   523  3346 E Sensors : devname: /dev/input/event4
07-04 08:40:48.868   523  3346 E Sensors : devname: /dev/input/event3
07-04 08:40:48.885   523  3334 E mm-camera: module_sensor_init_session:1277flash subdev id = -1
07-04 08:40:48.888   523  3355 E mm-camera-pp: [INFO] base_module_start_session:91, E, session=2
07-04 08:40:48.889   523  3355 E mm-camera-pp: [INFO] base_module_start_session:91, E, session=2
07-04 08:40:48.889   523  3355 D mm-camera: mct: mct_pipeline_start_session_thread: X imglib
07-04 08:40:48.889   523  3334 E mm-camera: module_sensor_start_session:1684SUCCESS
07-04 08:40:48.889   523  3334 D mm-camera: mct: mct_pipeline_start_session_thread: X imglib
07-04 08:40:48.894   637   826 W libc    : Unable to set property "ro.ril.svlte1x" to "false": error code: 0xb
07-04 08:40:48.895   637   826 W libc    : Unable to set property "ro.ril.svdo" to "false": error code: 0xb
07-04 08:40:48.900   523  3346 E Sensors : devname: /dev/input/event1
07-04 08:40:48.937   523  3346 E Sensors : devname: /dev/input/mice
07-04 08:40:48.968   523  3346 E Sensors : devname: /dev/input/event0
07-04 08:40:48.988   523  3346 E Sensors : devname: /dev/input/event2
07-04 08:40:49.007   523  3346 E Sensors : couldn't find 'STM VL53L0 proximity sensor' input device
07-04 08:40:49.007   523  3346 E Sensors : ProximitySensor::ProximitySensor gets called!
07-04 08:40:49.007   523  3346 E Sensors : ProximitySensor: input_name:, input_sysfs_path:/sys/class/input/input
07-04 08:40:49.008   523  3346 E Sensors : ProximitySensor::enable function called for stmvl53L0!
07-04 08:40:49.008   523  3346 E Sensors : ProximitySensor::enable filename:/sys/class/input/input/enable_ps_sensor
07-04 08:40:49.008   523  3346 E Sensors : ProximitySensor::enable: Failed to open file descriptor for enabling VL53L0
07-04 08:40:49.008   523  3346 E Sensors : ProximitySensor::enable: Attempted to open file /sys/class/input/input/enable_ps_sensor. Error: -1
07-04 08:40:49.008   523  3346 E Sensors : open_sensors gets called!
07-04 08:40:49.008   523  3346 E Sensors : is_tof_sensor_available() called
07-04 08:40:49.008   523  3346 E Sensors : devname: /dev/input/event4
07-04 08:40:49.028   523  3346 E Sensors : devname: /dev/input/event3
07-04 08:40:49.052   523  3346 E Sensors : devname: /dev/input/event1
07-04 08:40:49.095   523  3346 E Sensors : devname: /dev/input/mice
07-04 08:40:49.127   523  3346 E Sensors : devname: /dev/input/event0
07-04 08:40:49.172   523  3346 E Sensors : devname: /dev/input/event2
07-04 08:40:49.197   523  3346 E Sensors : No Tof sensor found!!!
07-04 08:40:49.197   523  3346 E mm-camera: sensor_laser_init:164  0 sensor supported
07-04 08:40:49.198   523  3346 E mm-camera: gyro_port_init:1404  Failure initializing laser sensor. Error: 4
07-04 08:40:49.198   523  3346 I CAMERA_SENSOR: start_accel_sensor
07-04 08:40:49.198   523  3346 E mm-camera: start_accel_sensor: sensor1_open E
07-04 08:40:49.199   523  3346 E mm-camera: start_accel_sensor: sensor1_open X, res = 0
07-04 08:40:49.201   523  4019 I CAMERA_SENSOR: accel_data_cb received RESP - SNS_SMGR_REPORT_RESP_V01
07-04 08:40:49.202   523  3346 D mm-camera: mct: mct_pipeline_start_session_thread: X imglib
07-04 08:40:49.202   523   523 E mm-camera: module_sensor_query_mod:7021led flash is not supported for this sensor.
07-04 08:40:49.202   523   523 E mm-camera: sensor_get_cur_chromatix_name:2577Error: Load default preview chroamtix
07-04 08:40:49.202   523   523 E mm-camera-sensor: chromatix_load_library_ex : chromatix = libchromatix_t4ka3_snapshot_open.so , lib name = /system/vendor/lib/libchromatix_t4ka3_snapshot_open.so
07-04 08:40:49.202   523   523 E mm-camera-sensor: chromatix_load_library_ex : chromatix = libchromatix_t4ka3_snapshot_open.so , lib name = /system/vendor/lib/libchromatix_t4ka3_snapshot_open.so
07-04 08:40:49.202   523   523 E mm-camera-sensor: chromatix_load_library_ex : chromatix = libchromatix_t4ka3_common_open.so , lib name = /system/vendor/lib/libchromatix_t4ka3_common_open.so
07-04 08:40:49.202   523   523 E mm-camera-sensor: chromatix_load_library_ex : chromatix = libchromatix_t4ka3_cpp_snapshot_open.so , lib name = /system/vendor/lib/libchromatix_t4ka3_cpp_snapshot_open.so
07-04 08:40:49.202   523   523 E mm-camera-sensor: chromatix_load_library_ex : chromatix = libchromatix_t4ka3_cpp_snapshot_open.so , lib name = /system/vendor/lib/libchromatix_t4ka3_cpp_snapshot_open.so
07-04 08:40:49.202   523   523 E mm-camera-sensor: chromatix_load_library_ex : chromatix = libchromatix_t4ka3_cpp_video_open.so , lib name = /system/vendor/lib/libchromatix_t4ka3_cpp_video_open.so
07-04 08:40:49.203   523   523 E mm-camera-sensor: chromatix_load_library_ex : chromatix = libchromatix_t4ka3_postproc_open.so , lib name = /system/vendor/lib/libchromatix_t4ka3_postproc_open.so
07-04 08:40:49.203   523   523 E mm-camera-isp2: isp_resource_query_mod:145 num_isp_preallocate 1 num_session_opened 1 dual_vfe_enabled 0
07-04 08:40:49.203   523   523 E mm-camera: module_faceproc_query_mod:1996] Caps ROI 5 scene_mode_cnt 1 HW analysis supported 0
07-04 08:40:49.203   523   523 E hdr     : module_hdr_lib_query_mod:181] Supported scenemode cnt 2
07-04 08:40:49.203   523   523 D mm-camera: mct: mct_pipeline_process_set:command=800000a
07-04 08:40:49.203   523   523 D mm-camera: mct: mct_pipeline_process_set: Adding new stream: id [0f]
07-04 08:40:49.203   523   523 D mm-camera: mct: mct_pipeline_process_set:command=8000012
07-04 08:40:49.203   523   523 D mm-camera: mct: mct_stream_start_link: Start linking Session-stream 0x2000f
07-04 08:40:49.203   523   523 I mm-camera: module_iface_set_mod_func: set module type = 8, identity 2000f
07-04 08:40:49.203   523   523 E mm-camera-sensor: port_sensor_caps_reserve:86session id doesn't match
07-04 08:40:49.204   523   523 E mm-camera: isp_port_check_caps_reserve:737 port 0xf2661ac0 ide 2000f type 10 dim 0 0
07-04 08:40:49.204   523   523 E mm-camera: int_link = 0xf26680e0
07-04 08:40:49.204   523   523 I mm-camera: pproc_port_add_modules_to_stream:433, linking mods tmod and c2d
07-04 08:40:49.206   523   523 I mm-camera: pproc_port_add_modules_to_stream:433, linking mods c2d and cpp
07-04 08:40:49.206   523   523 E mm-camera: Interleaved flag is 0, identity 131087 port type 0
07-04 08:40:49.207   523   523 I mm-camera: pproc_port_add_modules_to_stream:433, linking mods cpp and afs
07-04 08:40:49.207   523   523 I mm-camera: pproc_port_add_modules_to_stream:433, linking mods afs and llvd
07-04 08:40:49.207   523   523 I mm-camera: pproc_port_add_modules_to_stream:433, linking mods llvd and ezt
07-04 08:40:49.207   523   523 E mm-camera: pproc_port_add_modules_to_stream:454] X rc: 1
07-04 08:40:49.226   523   523 D mm-camera: mct: mct_pipeline_process_set: Linking successful for stream 0x2000f stream type=10
07-04 08:40:49.252   511   511 D mm-jpeg-intf: Max picture size 3264 x 2448, WorkBufSize = 12220416
07-04 08:40:49.255   511   511 I qomx_image_core: OMX_Init:95] Complete 3
07-04 08:40:49.256   511   511 E QCameraHWI_Mem: void qcamera::QCameraMemory::traceLogAllocStart(size_t, int, const char*):HeapMemsize 659104
07-04 08:40:49.256   511   511 E QCameraHWI_Mem: void qcamera::QCameraMemory::traceLogAllocStart(size_t, int, const char*):Memsize 659104
07-04 08:40:49.256   511   511 E QCameraHWI_Mem: void qcamera::QCameraMemory::traceLogAllocEnd(size_t) 659104
07-04 08:40:49.256   511   511 E QCameraHWI_Mem: void qcamera::QCameraMemory::traceLogAllocEnd(size_t) 659104
07-04 08:40:49.257   511   511 D QCameraParameters: int32_t qcamera::QCameraParameters::initDefaultParameters(): supported preview sizes: 2560x1440,1920x1440,2048x1536,2048x1080,1920x1080,1776x1080,1440x1080,1280x960,1280x720,960x720,864x480,880x720,848x480,800x480,768x432,720x480,640x640,640x480,640x360,576x432,480x320,384x288,352x288,320x240,240x160,176x144
07-04 08:40:49.258   511   511 D QCameraParameters: int32_t qcamera::QCameraParameters::initDefaultParameters(): supported video sizes: 1920x1080,1280x960,1280x720,864x480,848x480,800x480,720x480,640x480,640x360,480x320,352x288,320x240,176x144,144x176
07-04 08:40:49.258   511   511 D QCameraParameters: int32_t qcamera::QCameraParameters::initDefaultParameters(): supported pic sizes: 3264x2448,3264x1836,2560x1920,2592x1944,2688x1512,2048x1536,1920x1080,1600x1200,1536x864,1280x960,1280x768,1280x720,1024x768,880x720,800x600,864x480,800x480,720x480,640x480,640x360,352x288,320x240,176x144
07-04 08:40:49.258   511   511 D QCameraParameters: int32_t qcamera::QCameraParameters::setPreviewFpsRange(int, int, int, int): Setting preview fps range 2000,30000
07-04 08:40:49.258   511   511 D QCameraParameters: int32_t qcamera::QCameraParameters::setPreviewFpsRange(int, int, int, int): Updated: minFps = 2000, maxFps = 30000 , vid minFps = 2000, vid maxFps = 30000
07-04 08:40:49.258   511   511 D QCamera2HWI: int qcamera::QCamera2HardwareInterface::calcThermalLevel(qcamera::qcamera_thermal_level_enum_t, int, int, cam_fps_range_t&, msm_vfe_frame_skip_pattern&): level: 0, preview minfps 2000.000000, preview maxfpS 30000.000000, video minfps 2000.000000, video maxfpS 30000.000000
07-04 08:40:49.258   511   511 D QCamera2HWI: int qcamera::QCamera2HardwareInterface::calcThermalLevel(qcamera::qcamera_thermal_level_enum_t, int, int, cam_fps_range_t&, msm_vfe_frame_skip_pattern&): Thermal level 0, FPS [2.00,30.00, 2.00,30.00], frameskip 0
07-04 08:40:49.258   511   511 D QCameraParameters: int32_t qcamera::QCameraParameters::setPreviewFpsRange(int, int, int, int): Thermal adjusted Preview fps range 2.00,30.00, 2.00, 30.00
07-04 08:40:49.258   511   511 D QCameraParameters: int32_t qcamera::QCameraParameters::initDefaultParameters(): supported fps rates: 2,3,4,5,6,7,8,9,10,11,12,13,14,15,16,17,18,19,20,21,22,23,24,25,26,27,28,29,30
07-04 08:40:49.258   511   511 D QCameraParameters: int32_t qcamera::QCameraParameters::setFocusMode(const char*): Setting focus mode fixed
07-04 08:40:49.258   511   511 D QCameraParameters: initDefaultParameters: setting KEY_FOCUS_DISTANCES as 0.100000,0.150000,0.170000
07-04 08:40:49.259   511   511 D QCameraParameters: int32_t qcamera::QCameraParameters::setAutoExposure(const char*): Setting auto exposure center-weighted
07-04 08:40:49.259   511   511 D QCameraParameters: int32_t qcamera::QCameraParameters::setAntibanding(const char*): Setting AntiBanding value auto
07-04 08:40:49.259   511   511 D QCameraParameters: int32_t qcamera::QCameraParameters::setFlash(const char*): Setting Flash value off
07-04 08:40:49.259   511   511 D QCameraParameters: int32_t qcamera::QCameraParameters::setISOValue(const char*): Setting ISO value auto
07-04 08:40:49.259   511   511 D QCameraParameters: int32_t qcamera::QCameraParameters::initDefaultParameters(), Exposure time min 0.013272 ms, max 869.661901 ms
07-04 08:40:49.259   511   511 D QCameraParameters: int32_t qcamera::QCameraParameters::initDefaultParameters(), ISO min 100, max 3000
07-04 08:40:49.260   511   511 D QCameraParameters: int32_t qcamera::QCameraParameters::setZoom(int): zoom level: 0
07-04 08:40:49.260   511   511 I QCameraParameters: int32_t qcamera::QCameraParameters::initDefaultParameters(): setting Exposure Bracketing value of 0,10,-9
07-04 08:40:49.260   511   511 D QCameraParameters: int32_t qcamera::QCameraParameters::setAEBracket(const char*), EXP_BRACKETING_OFF
07-04 08:40:49.260   511   511 D QCameraParameters: int32_t qcamera::QCameraParameters::setChromaFlash(const char*): chromaFlashStr =chroma-flash-off
07-04 08:40:49.260   511   511 D QCameraParameters: int32_t qcamera::QCameraParameters::setOptiZoom(const char*): optiZoomStr =opti-zoom-off
07-04 08:40:49.260   511   511 D QCameraParameters: int32_t qcamera::QCameraParameters::setSeeMore(const char*): seeMoreStr =off
07-04 08:40:49.260   511   511 D QCameraParameters: int32_t qcamera::QCameraParameters::setToneMapMode(uint32_t, bool): tone map mode 1 
07-04 08:40:49.261   511   511 D QCameraParameters: int32_t qcamera::QCameraParameters::setAecLock(const char*): Setting AECLock value false
07-04 08:40:49.261   511   511 D QCameraParameters: int32_t qcamera::QCameraParameters::setAwbLock(const char*): Setting AWBLock value false
07-04 08:40:49.261   511   511 D QCameraParameters: int32_t qcamera::QCameraParameters::initDefaultParameters(): totalram = -1334202368, freeram = 1988431872 
07-04 08:40:49.261   511   511 D QCameraParameters: void qcamera::QCameraParameters::setOfflineRAW(): Offline Raw  0
07-04 08:40:49.261   511   511 E LGCameraParameters: void qcamera::QCameraParameters::initDefaultParametersEx(): multi_window_af_supported = 1
07-04 08:40:49.261   511   511 E LGCameraParameters: createMultiWindowString: (-280,-280,0,0,1),(-140,-420,140,-140,1),(0,-280,280,0,1),(-420,-140,-140,140,1),(-140,-140,140,140,1),(140,-140,420,140,1),(-280,0,0,280,1),(-140,140,140,420,1),(0,0,280,280,1),(-220,-220,220,220,1)
07-04 08:40:49.261   511   511 E LGCameraParameters: createMultiWindowString: (720,720,1000,1000,1),(860,580,1140,860,1),(1000,720,1280,1000,1),(580,860,860,1140,1),(860,860,1140,1140,1),(1140,860,1420,1140,1),(720,1000,1000,1420,1),(860,1140,1140,1420,1),(1000,1000,1280,1280,1)
07-04 08:40:49.261   511   511 D LGCameraParameters: int32_t qcamera::QCameraParameters::setLG_ISOcontrol(const char*): Setting ISO value auto
07-04 08:40:49.261   511   511 E LGCameraParameters: int32_t qcamera::QCameraParameters::setBeautyLevel(int) : [ARC_BEAUTY] beautylevel = 0
07-04 08:40:49.262   523  4048 E mm-camera: iface_util_set_hfr: can't find hw stream, only save hfr mode
07-04 08:40:49.263   511   511 D QCameraParameters: int32_t qcamera::QCameraParameters::setNumOfSnapshot(): nBurstNum = 1, nExpnum = 1
07-04 08:40:49.264   511   511 I Thermal-Lib: Thermal-Lib-Client: Registraion successful for camera with handle:1
07-04 08:40:49.264   511   511 I Thermal-Lib: Thermal-Lib-Client: Registraion successful for camcorder with handle:2
07-04 08:40:49.264   511   511 I QCamera2HWI: [KPI Perf] int qcamera::QCamera2HardwareInterface::openCamera(hw_device_t**): X PROFILE_OPEN_CAMERA camera id 1, rc: 0
07-04 08:40:49.264   511   511 E QCamera2HWI: int qcamera::QCamera2HardwareInterface::openCamera(hw_device_t**):[PREVIEW_COUNT] preview_count(1)
07-04 08:40:49.274   507   628 I ThermalEngine: Thermal-Server: Adding thermal event listener on fd 69
07-04 08:40:49.274   511  4072 I Thermal-Lib: Thermal-Lib-Client: Client received msg camera 0
07-04 08:40:49.274   511  4072 D QCamera2HWI: virtual int qcamera::QCamera2HardwareInterface::thermalEvtHandle(qcamera::qcamera_thermal_level_enum_t*, void*, void*): level = 0, userdata = 0x0, data = 0x0
07-04 08:40:49.275   511  4072 I Thermal-Lib: Thermal-Lib-Client: Client received msg camcorder 0
07-04 08:40:49.275   511  4072 D QCamera2HWI: virtual int qcamera::QCamera2HardwareInterface::thermalEvtHandle(qcamera::qcamera_thermal_level_enum_t*, void*, void*): level = 0, userdata = 0x0, data = 0x0
07-04 08:40:49.276   511  3214 E QCameraStateMachine: int32_t qcamera::QCameraStateMachine::procEvtPreviewStoppedState(qcamera::qcamera_sm_evt_enum_t, void*): cannot handle evt(31) in state(0)
07-04 08:40:49.276   511  3214 E QCameraStateMachine: int32_t qcamera::QCameraStateMachine::procEvtPreviewStoppedState(qcamera::qcamera_sm_evt_enum_t, void*): cannot handle evt(31) in state(0)
07-04 08:40:49.279   511  3214 D QCameraParameters: int32_t qcamera::QCameraParameters::setPreviewFpsRange(const qcamera::QCameraParameters&): FpsRange Values:(2000, 30000)
07-04 08:40:49.280   511  3214 D QCameraParameters: int32_t qcamera::QCameraParameters::setPreviewFpsRange(const qcamera::QCameraParameters&): Requested FpsRange Values:(2000, 30000)
07-04 08:40:49.280   511  3214 D QCameraParameters: HFR mode is OFF
07-04 08:40:49.280   511  3214 D QCameraParameters: void qcamera::QCameraParameters::setBufBatchCount(int8_t) : Buffer batch count = 0
07-04 08:40:49.280   511  3214 D QCameraParameters: int32_t qcamera::QCameraParameters::setPreviewFpsRange(const qcamera::QCameraParameters&): UpdateHFRFrameRate 0
07-04 08:40:49.280   511  3214 D QCameraParameters: int32_t qcamera::QCameraParameters::setPreviewFpsRange(const qcamera::QCameraParameters&): No change in FpsRange
07-04 08:40:49.280   511  3214 I QCameraParameters: Requested preview size 1280 x 720
07-04 08:40:49.280   511  3214 I QCameraParameters: Requested picture size 1280 x 720
07-04 08:40:49.280   511  3214 D LGCameraParameters: park void qcamera::QCameraParameters::setHorViewAngle(int, int) E, horViewAngle = 69.300003
07-04 08:40:49.280   511  3214 D QCameraParameters: int32_t qcamera::QCameraParameters::setPreviewFormat(const qcamera::QCameraParameters&): format 2
07-04 08:40:49.280   511  3214 D QCameraParameters: int32_t qcamera::QCameraParameters::setPictureFormat(const qcamera::QCameraParameters&): format 0
07-04 08:40:49.280   511  3214 D QCameraParameters: Param m_bNoDisplayMode = 0
07-04 08:40:49.280   511  3214 I QCameraParameters: int32_t qcamera::QCameraParameters::setZslMode(const qcamera::QCameraParameters&): enabled: 0
07-04 08:40:49.280   511  3214 D QCameraParameters: int32_t qcamera::QCameraParameters::setSceneMode(const qcamera::QCameraParameters&): str - auto, prev_str - auto
07-04 08:40:49.280   511  3214 D QCameraParameters: int32_t qcamera::QCameraParameters::setAutoHDR(const qcamera::QCameraParameters&) : Auto HDR set to: disable
07-04 08:40:49.280   511  3214 D QCameraParameters: int32_t qcamera::QCameraParameters::setAFBracket(const qcamera::QCameraParameters&): str =(null) & prev_str =(null)
07-04 08:40:49.280   511  3214 D QCameraParameters: int32_t qcamera::QCameraParameters::setTruePortrait(const qcamera::QCameraParameters&): str =(null) & prev_str =(null)
07-04 08:40:49.280   511  3214 D QCameraParameters: int32_t qcamera::QCameraParameters::setBurstNum(const qcamera::QCameraParameters&): [ZSL Retro] m_nBurstNum = 1
07-04 08:40:49.280   511  3214 D QCameraParameters: int32_t qcamera::QCameraParameters::setBurstLEDOnPeriod(const qcamera::QCameraParameters&): Burst LED on period  300
07-04 08:40:49.281   511  3214 D QCameraParameters: int32_t qcamera::QCameraParameters::setLiveSnapshotSize(const qcamera::QCameraParameters&): live snapshot size 1280 x 720
07-04 08:40:49.281   511  3214 D QCameraParameters: int32_t qcamera::QCameraParameters::setPAAF(): PAAF is: ON
07-04 08:40:49.281   511  3214 D QCameraParameters: int32_t qcamera::QCameraParameters::setSeeMore(const qcamera::QCameraParameters&): str =off & prev_str =off
07-04 08:40:49.281   511  3214 E LGCameraParameters: [ManualAF] android::status_t qcamera::QCameraParameters::setManualFocusLength(const qcamera::QCameraParameters&): current_normal_focus =0 / curr_mode = fixed
07-04 08:40:49.281   511  3214 E LGCameraParameters: int32_t qcamera::QCameraParameters::setHighDynamicRange(const qcamera::QCameraParameters&) EasyHDR KEY_HDR_MODE = (null), value = -2
07-04 08:40:49.281   511  3214 E LGCameraParameters: int32_t qcamera::QCameraParameters::setHighDynamicRange(const qcamera::QCameraParameters&) string is null
07-04 08:40:49.281   511  3214 E LGCameraParameters: int32_t qcamera::QCameraParameters::setBeautyShot(const qcamera::QCameraParameters&):m_bBeautyShotEnabled=0
07-04 08:40:49.281   511  3214 D LGCameraParameters: int32_t qcamera::QCameraParameters::setDNGCapture(const qcamera::QCameraParameters&) : value = 0(0) 
07-04 08:40:49.281   511  3214 E LGCameraParameters: int32_t qcamera::QCameraParameters::setLG_ShutterSpeed(const qcamera::QCameraParameters&): error to support!
07-04 08:40:49.281   511  3214 E LGCameraParameters: int32_t qcamera::QCameraParameters::setLG_EVcontrol(const qcamera::QCameraParameters&): error to support!
07-04 08:40:49.281   511  3214 E LGCameraParameters: int32_t qcamera::QCameraParameters::setLG_ColorAdjust(const qcamera::QCameraParameters&): error to support!
07-04 08:40:49.281   511  3214 E LGCameraParameters: int32_t qcamera::QCameraParameters::setLG_WBcontrol(const qcamera::QCameraParameters&): error to support!
07-04 08:40:49.282   511  3214 D QCameraParameters: int32_t qcamera::QCameraParameters::setNumOfSnapshot(): nBurstNum = 1, nExpnum = 1
07-04 08:40:49.282   511   511 I QCamera2HWI: [KPI Perf] static void qcamera::QCamera2HardwareInterface::stop_preview(camera_device*): E PROFILE_STOP_PREVIEW
07-04 08:40:49.283   511   511 I QCamera2HWI: [KPI Perf] static void qcamera::QCamera2HardwareInterface::stop_preview(camera_device*): X
07-04 08:40:49.283   511   511 I CamDev@1.0-impl: Closing camera 1
07-04 08:40:49.283   511   511 I QCamera2HWI: [KPI Perf] static int qcamera::QCamera2HardwareInterface::close_camera_device(hw_device_t*): E
07-04 08:40:49.283   511  3215 D QCamera2HWI: static void* qcamera::QCamera2HardwareInterface::defferedWorkRoutine(void*): stop data proc
07-04 08:40:49.285   511   511 I QCamera2HWI: [KPI Perf] int qcamera::QCamera2HardwareInterface::closeCamera(): E PROFILE_CLOSE_CAMERA camera id 1
07-04 08:40:49.285   511   511 D QCameraParameters: bool qcamera::QCameraParameters::setStreamConfigure(bool, bool, bool): Done Resetting stream config!!
07-04 08:40:49.287   511   511 I qomx_image_core: OMX_Deinit:119] Complete
07-04 08:40:49.292   511   511 I Thermal-Lib: Thermal-Lib-Client: Unregisteration is successfull for handle:1
07-04 08:40:49.292   507   628 I ThermalEngine: Thermal-Server: removing client on fd 69
07-04 08:40:49.295   511   511 I Thermal-Lib: Thermal-Lib-Client: Unregisteration is successfull for handle:2
07-04 08:40:49.298   523  4048 D mm-camera: mct: mct_pipeline_process_set:command=800000b
07-04 08:40:49.298   523  4048 E mm-camera: mct: mct_pipeline_process_set:2966: Couldn't find stream id: 0
07-04 08:40:49.298   523   523 D mm-camera: mct: mct_controller_destroy: Initiating destroy sequence
07-04 08:40:49.298   511   511 I QCamera2HWI: [KPI Perf] int qcamera::QCamera2HardwareInterface::closeCamera(): X PROFILE_CLOSE_CAMERA camera id 1, rc: 0
07-04 08:40:49.298   511   511 E QCamera2HWI: int qcamera::QCamera2HardwareInterface::closeCamera():[PREVIEW_COUNT] preview_count(0)
07-04 08:40:49.298   523  4049 D mm-camera: mct: mct_bus_handler_thread_run: Force Exit
07-04 08:40:49.298   523   523 D mm-camera: mct: mct_controller_destroy: bus_handler thread closed
07-04 08:40:49.298   523   523 D mm-camera: mct: mct_pipeline_stop_session - E
07-04 08:40:49.299   523   523 D mm-camera: mct: mct_pipeline_process_set:command=800000b
07-04 08:40:49.299   523   523 D mm-camera: mct: mct_pipeline_process_set: Issuing DEL_STREAM on stream 0x2000f and stream type=10
07-04 08:40:49.299   523   523 E mm-camera: port_iface_ext_unlink_func: E, identity = 0x2000f, port = 0xf2923620, direction = 2
07-04 08:40:49.299   523   523 E mm-camera: port_iface_check_caps_unreserve_func:  E, identity = 0x2000f, port = 0xf2923620, direction = 2
07-04 08:40:49.299   523   523 E mm-camera: iface_unreserve_sink_port: stream_id f mode 0 
07-04 08:40:49.299   523   523 E mm-camera: port_iface_ext_unlink_func: E, identity = 0x2000f, port = 0xf2923920, direction = 1
07-04 08:40:49.299   523   523 E mm-camera: iface_ext_unlink_src_port: mct stream already removed from hw stream
07-04 08:40:49.299   523   523 E mm-camera: port_iface_check_caps_unreserve_func:  E, identity = 0x2000f, port = 0xf2923920, direction = 1
07-04 08:40:49.299   523   523 E mm-camera: isp_port_check_caps_unreserve:826 ide 2000f port 0xf2661ac0
07-04 08:40:49.305   523   523 E mm-camera: module_afs_port_check_caps_unreserve:1524] 
07-04 08:40:49.305   523   523 E mm-camera: module_afs_port_check_caps_unreserve:1532] destroy client
07-04 08:40:49.305   523   523 E mm-camera: module_imgbase_port_release_client_llvd:1553] 
07-04 08:40:49.305   523   523 E mm-camera: q3a_thread_af_stop:1019  q3a_thread_af_stop:1019 MSG_STOP_THREAD
07-04 08:40:49.308   511   511 E QCamera2HWI: int qcamera::QCamera2HardwareInterface::closeCamera():[PREVIEW_COUNT][LOAD] preview_count(0) // MultiView(0)
07-04 08:40:49.308   511   511 I QCamera2HWI: [KPI Perf] static int qcamera::QCamera2HardwareInterface::close_camera_device(hw_device_t*): X
07-04 08:40:49.309   511   511 I CameraService: onDeviceStatusChanged: Status changed for cameraId=0, newStatus=1
07-04 08:40:49.309   511   511 E CameraService: onDeviceStatusChanged: State transition to the same status 0x1 not allowed
07-04 08:40:49.309   511   511 I CameraService: onDeviceStatusChanged: Status changed for cameraId=1, newStatus=1
07-04 08:40:49.309   511   511 E CameraService: onDeviceStatusChanged: State transition to the same status 0x1 not allowed
07-04 08:40:49.311   523   523 E mm-camera: stats_port_delete_reserved_stream:2602  stats_port_delete_reserved_stream:2602: going to NULL peer
07-04 08:40:49.311   523   523 D mm-camera: mct: mct_pipeline_process_set: Stream 0x2000f and stream type=10, successfully deleted
07-04 08:40:49.313   523  4107 D mm-camera: mct: mct_pipeline_stop_session_thread: Stop module name: sensor - E
07-04 08:40:49.315   523  4111 D mm-camera: mct: mct_pipeline_stop_session_thread: Stop module name: iface - E
07-04 08:40:49.316   523  4111 D mm-camera: mct: mct_pipeline_stop_session_thread: Stop module name: iface - X
07-04 08:40:49.316   523  4112 D mm-camera: mct: mct_pipeline_stop_session_thread: Stop module name: isp - E
07-04 08:40:49.316   523  4112 E mm-camera-isp2: isp_module_stop_session:414 session id 2
07-04 08:40:49.320   523  4112 D mm-camera: mct: mct_pipeline_stop_session_thread: Stop module name: isp - X
07-04 08:40:49.321   523  4113 D mm-camera: mct: mct_pipeline_stop_session_thread: Stop module name: stats - E
07-04 08:40:49.325   523  4107 E mm-camera: sensor_close:4609ctrl->isStreaming make false
07-04 08:40:49.326   523  4107 D mm-camera: mct: mct_pipeline_stop_session_thread: Stop module name: sensor - X
07-04 08:40:49.332   523  4119 D mm-camera: mct: mct_pipeline_stop_session_thread: Stop module name: pproc - E
07-04 08:40:49.332   523  4113 E mm-camera: gyro_port_deinit:1446  gyro_port_deinit: Error in android Deinit
07-04 08:40:49.332   523  4113 I CAMERA_SENSOR: stop_accel_sensor
07-04 08:40:49.332   523   523 D mm-camera: mct: mct_pipeline_stop_session: left modules: 5
07-04 08:40:49.332   523   523 D mm-camera: mct: mct_pipeline_stop_session: left modules: 4
07-04 08:40:49.332   523   523 D mm-camera: mct: mct_pipeline_stop_session: left modules: 3
07-04 08:40:49.333   523  4123 D mm-camera: mct: mct_pipeline_stop_session_thread: Stop module name: imglib - E
07-04 08:40:49.333   523  4123 E mm-camera: module_faceproc_stop_session:1885] session cnt 1
07-04 08:40:49.334   523  4019 I CAMERA_SENSOR: accel_data_cb received RESP - SNS_SMGR_CANCEL_RESP_V01
07-04 08:40:49.334   523  4113 D mm-camera: mct: mct_pipeline_stop_session_thread: Stop module name: stats - X
07-04 08:40:49.334   523   523 D mm-camera: mct: mct_pipeline_stop_session: left modules: 2
07-04 08:40:49.340   523  4119 E mm-camera-pp: [INFO] base_module_stop_session:98, E, session=2
07-04 08:40:49.340   523  4123 D mm-camera: mct: mct_pipeline_stop_session_thread: Stop module name: imglib - X
07-04 08:40:49.340   523   523 D mm-camera: mct: mct_pipeline_stop_session: left modules: 1
07-04 08:40:49.341   523  4119 E mm-camera-pp: [INFO] base_module_stop_session:98, E, session=2
07-04 08:40:49.341   523  4119 D mm-camera: mct: mct_pipeline_stop_session_thread: Stop module name: pproc - X
07-04 08:40:49.342   523   523 D mm-camera: mct: mct_pipeline_stop_session: left modules: 0
07-04 08:40:49.342   523   523 D mm-camera: mct: mct_pipeline_stop_session - X
07-04 08:40:49.342   523   523 D mm-camera: mct: mct_pipeline_destroy E: session:2 
07-04 08:40:49.342   523   523 D mm-camera: mct: mct_pipeline_destroy X: Pipeline destroyed successfully
07-04 08:40:49.342   523   523 D mm-camera: mct: mct_controller_destroy: X Successfully closed mct_controller
07-04 08:40:49.733   943  1181 D SystemServerInitThreadPool: Finished executing Init OverlayManagerService
07-04 08:40:50.201   513  1219 W cutils  : Expected path /data/data/com.google.android.gms with mode 700 but found 751
07-04 08:40:50.204   513  1219 W cutils  : Expected path /data/user_de/0/com.google.android.gms with mode 700 but found 751
07-04 08:40:50.208   513   513 W cutils  : Expected path /data/data/com.google.android.gms with mode 700 but found 751
07-04 08:40:50.210   513   513 W cutils  : Expected path /data/user_de/0/com.google.android.gms with mode 700 but found 751
07-04 08:40:50.601   943  1147 D SystemServerTimingAsync: AppDataPrepare took to complete: 4496ms
07-04 08:40:50.601   943  1147 I PackageManager: Deferred reconcileAppsData finished 108 packages
07-04 08:40:50.601   943  1147 D SystemServerInitThreadPool: Finished executing prepareAppData
07-04 08:40:50.745   943   943 I system_server: Looking for service android.hidl.manager@1.0::IServiceManager/default
07-04 08:40:50.747   943   943 I system_server: Starting thread pool.
07-04 08:40:50.749   943  1404 I UsbPortManager: Usb hal service started android.hardware.usb@1.0::IUsb default
07-04 08:40:50.749   943   943 I system_server: Looking for service android.hardware.usb@1.0::IUsb/default
07-04 08:40:50.750   943   943 I system_server: Starting thread pool.
07-04 08:40:50.751   476   476 I android.hardware.usb@1.0-service: registering callback
07-04 08:40:50.752   476  4580 E android.hardware.usb@1.0-service: creating thread
07-04 08:40:50.752   476   476 E android.hardware.usb@1.0-service: Failed to open /sys/class/dual_role_usb
07-04 08:40:50.754   943   943 W SystemServiceManager: Service com.android.server.usb.UsbService$Lifecycle took 2707 ms in onStart
07-04 08:40:50.755   943   943 D SystemServerTiming: StartUsbService took to complete: 2708ms
07-04 08:40:50.755   943   943 I SystemServer: StartSerialService
07-04 08:40:50.756   943   943 D SystemServerTiming: StartSerialService took to complete: 1ms
07-04 08:40:50.756   943   943 I SystemServer: StartHardwarePropertiesManagerService
07-04 08:40:50.758   943   943 D HardwarePropertiesManagerService-JNI: Link to death notification successful
07-04 08:40:50.759   943   943 D SystemServerTiming: StartHardwarePropertiesManagerService took to complete: 3ms
07-04 08:40:50.759   943   943 I SystemServer: StartTwilightService
07-04 08:40:50.759   943   943 I SystemServiceManager: Starting com.android.server.twilight.TwilightService
07-04 08:40:50.760   943   943 D SystemServerTiming: StartTwilightService took to complete: 1ms
07-04 08:40:50.760   943   943 I SystemServer: StartNightDisplay
07-04 08:40:50.760   943   943 I SystemServiceManager: Starting com.android.server.display.NightDisplayService
07-04 08:40:50.761   943   943 D SystemServerTiming: StartNightDisplay took to complete: 1ms
07-04 08:40:50.761   943   943 I SystemServer: StartJobScheduler
07-04 08:40:50.761   943   943 I SystemServiceManager: Starting com.android.server.job.JobSchedulerService
07-04 08:40:50.766   943   943 D JobStore: Start tag: job-info
07-04 08:40:50.776   943   943 I JobStore: Read 59 jobs
07-04 08:40:50.781   943   943 D ConnectivityService: requestNetwork for uid/pid:1000/943 NetworkRequest [ TRACK_DEFAULT id=3, [ Capabilities: INTERNET&NOT_RESTRICTED&TRUSTED&NOT_VPN] ]
07-04 08:40:50.786   943   943 D SystemServerTiming: StartJobScheduler took to complete: 25ms
07-04 08:40:50.786   943   943 I SystemServer: StartSoundTrigger
07-04 08:40:50.786   943   943 I SystemServiceManager: Starting com.android.server.soundtrigger.SoundTriggerService
07-04 08:40:50.788   943   943 D SystemServerTiming: StartSoundTrigger took to complete: 2ms
07-04 08:40:50.788   943   943 I SystemServer: StartTrustManager
07-04 08:40:50.789   943   943 I SystemServiceManager: Starting com.android.server.trust.TrustManagerService
07-04 08:40:50.791   943   943 D SystemServerTiming: StartTrustManager took to complete: 2ms
07-04 08:40:50.791   943   943 I SystemServer: StartBackupManager
07-04 08:40:50.791   943   943 I SystemServiceManager: Starting com.android.server.backup.BackupManagerService$Lifecycle
07-04 08:40:50.796   943   943 D SystemServerTiming: StartBackupManager took to complete: 5ms
07-04 08:40:50.796   943   943 I SystemServer: StartAppWidgerService
07-04 08:40:50.796   943   943 I SystemServiceManager: Starting com.android.server.appwidget.AppWidgetService
07-04 08:40:50.797   507   630 E ThermalEngine: [BMHB_GOV] read failed VS_TEMP
07-04 08:40:50.801   943   943 D SystemServerTiming: StartAppWidgerService took to complete: 5ms
07-04 08:40:50.801   943   943 I SystemServer: StartVoiceRecognitionManager
07-04 08:40:50.802   943   943 I SystemServiceManager: Starting com.android.server.voiceinteraction.VoiceInteractionManagerService
07-04 08:40:50.804   943   943 D SystemServerTiming: StartVoiceRecognitionManager took to complete: 2ms
07-04 08:40:50.804   943   943 I SystemServer: StartGestureLauncher
07-04 08:40:50.804   943   943 I SystemServiceManager: Starting com.android.server.GestureLauncherService
07-04 08:40:50.805   943   943 D SystemServerTiming: StartGestureLauncher took to complete: 0ms
07-04 08:40:50.805   943   943 I SystemServer: StartSensorNotification
07-04 08:40:50.805   943   943 I SystemServiceManager: Starting com.android.server.SensorNotificationService
07-04 08:40:50.805   943   943 D SystemServerTiming: StartSensorNotification took to complete: 0ms
07-04 08:40:50.805   943   943 I SystemServer: StartContextHubSystemService
07-04 08:40:50.805   943   943 I SystemServiceManager: Starting com.android.server.ContextHubSystemService
