01-07 08:14:10.627     0     0 E         : [    0.949769 / 01-01 00:00:00.943][2] [Touch] ts->f12_reg.ctrl[10]=0x15 (0x13+2)
01-07 08:14:10.627     0     0 E         : [    0.949778 / 01-01 00:00:00.943][2] [Touch] ts->f12_reg.ctrl[11]=0x16 (0x13+3)
01-07 08:14:10.627     0     0 E         : [    0.949786 / 01-01 00:00:00.943][2] [Touch] ts->f12_reg.ctrl[15]=0x17 (0x13+4)
01-07 08:14:10.627     0     0 E         : [    0.949795 / 01-01 00:00:00.943][2] [Touch] ts->f12_reg.ctrl[18]=0x18 (0x13+5)
01-07 08:14:10.627     0     0 E         : [    0.949804 / 01-01 00:00:00.943][2] [Touch] ts->f12_reg.ctrl[20]=0x19 (0x13+6)
01-07 08:14:10.627     0     0 E         : [    0.949813 / 01-01 00:00:00.943][2] [Touch] ts->f12_reg.ctrl[22]=0x1A (0x13+7)
01-07 08:14:10.627     0     0 E         : [    0.949821 / 01-01 00:00:00.943][2] [Touch] ts->f12_reg.ctrl[23]=0x1B (0x13+8)
01-07 08:14:10.627     0     0 E         : [    0.949830 / 01-01 00:00:00.943][2] [Touch] ts->f12_reg.ctrl[24]=0x1C (0x13+9)
01-07 08:14:10.627     0     0 E         : [    0.949838 / 01-01 00:00:00.943][2] [Touch] ts->f12_reg.ctrl[26]=0x1D (0x13+10)
01-07 08:14:10.627     0     0 E         : [    0.949847 / 01-01 00:00:00.943][2] [Touch] ts->f12_reg.ctrl[27]=0x1E (0x13+11)
01-07 08:14:10.627     0     0 E         : [    0.949856 / 01-01 00:00:00.943][2] [Touch] ts->f12_reg.ctrl[28]=0x1F (0x13+12)
01-07 08:14:10.627     0     0 E         : [    0.950091 / 01-01 00:00:00.943][2] [Touch] qeury_8_present=0x00008012 [07 12 80]
01-07 08:14:10.627     0     0 E         : [    0.950100 / 01-01 00:00:00.943][2] [Touch] ts->f12_reg.data[1]=0x08 (0x08+0)
01-07 08:14:10.627     0     0 E         : [    0.950108 / 01-01 00:00:00.943][2] [Touch] ts->f12_reg.data[4]=0x09 (0x08+1)
01-07 08:14:10.627     0     0 E         : [    0.950117 / 01-01 00:00:00.943][2] [Touch] ts->f12_reg.data[15]=0x0A (0x08+2)
01-07 08:14:10.627     0     0 E         : [    0.950325 / 01-01 00:00:00.943][2] [Touch] ts->object_report[0x05], ts->num_of_fingers[10]
01-07 08:14:10.627     0     0 E         : [    0.950829 / 01-01 00:00:00.943][2] [Touch] ctrl_8 - sensor_max_x[1439], sensor_max_y[2559]
01-07 08:14:10.627     0     0 I         : [    0.953962 / 01-01 00:00:00.947][2] [Touch] common[0P:0x01] finger_f12[0P:0x12] flash[0P:0x34] analog[1P:0x54] lpwg[4P:0x51]
01-07 08:14:10.627     0     0 E         : [    0.954300 / 01-01 00:00:00.947][2] [Touch] default_finger_amplitude = 0x33, default_small_finger_amplitude = 0x33
01-07 08:14:10.628     0     0 E         : [    0.954505 / 01-01 00:00:00.947][2] [Touch] min_peak_amplitude = 0x28
01-07 08:14:10.628     0     0 E         : [    0.955369 / 01-01 00:00:00.947][2] [Touch] saturation_cap = 0x00D2
01-07 08:14:10.628     0     0 E         : [    0.955377 / 01-01 00:00:00.947][2] [Touch] min_finger_amplitude = 0x33
01-07 08:14:10.628     0     0 E         : [    0.956136 / 01-01 00:00:00.951][2] [Touch] [get_type_bootloader]IC_product_id: S3320T
01-07 08:14:10.628     0     0 E         : [    0.956532 / 01-01 00:00:00.951][2] [Touch] [get_type_bootloader] Product_ID_Reset ! , addr = 0xb, P_ID = PLG446
01-07 08:14:10.628     0     0 I         : [    0.957125 / 01-01 00:00:00.951][2] [Touch] CUSTOMER_FAMILY_REG = 0
01-07 08:14:10.628     0     0 I         : [    0.957133 / 01-01 00:00:00.951][2] [Touch] FW_REVISION_REG = 0
01-07 08:14:10.628     0     0 I         : [    0.957577 / 01-01 00:00:00.951][2] [Touch] addr[0x97] buf[0x1f] has_d_module[1]
01-07 08:14:10.628     0     0 E         : [    0.957587 / 01-01 00:00:00.951][2] [Touch] get_swipe_info: is_official_fw=1, fw_ver=27
01-07 08:14:10.628     0     0 E         : [    0.958026 / 01-01 00:00:00.951][2] [Touch] get_swipe_info: lpwg_properties_reg [addr:0x97,value:0x1F)
01-07 08:14:10.628     0     0 E         : [    0.958035 / 01-01 00:00:00.951][2] [Touch] get_swipe_info: support_swipe:0x03
01-07 08:14:10.628     0     0 I         : [    0.958047 / 01-01 00:00:00.951][2] [Touch-RMI] rmidev_init_device:
01-07 08:14:10.628     0     0 I         : [    0.958057 / 01-01 00:00:00.951][2] [Touch-RMI] rmidev_create_device_class:
01-07 08:14:10.628     0     0 I         : [    0.958091 / 01-01 00:00:00.951][2] [Touch-RMI] rmidev_init_device: Major number of rmidev = 226
01-07 08:14:10.628     0     0 I         : [    0.958153 / 01-01 00:00:00.951][2] [Touch-RMI] rmi_char_devnode:
01-07 08:14:10.628     0     0 I         : [    0.958226 / 01-01 00:00:00.951][2] [Touch-RMI] rmidev_init_device: Exported attention gpio 900
01-07 08:14:10.628     0     0 E         : [    0.958249 / 01-01 00:00:00.951][2] [Touch] [synaptics_ts_init] DEVICE_CONTROL_NORMAL_OP
01-07 08:14:10.628     0     0 I         : [    0.960266 / 01-01 00:00:00.955][2] [Touch] set_rebase_param : Set for Normal
01-07 08:14:10.628     0     0 E         : [    0.960867 / 01-01 00:00:00.955][2] [Touch] palm_ctrl_mode:0
01-07 08:14:10.628     0     0 I         : [    0.961051 / 01-01 00:00:00.955][2] [Touch] Sensor Status: 1
01-07 08:14:10.628     0     0 I         : [    0.961060 / 01-01 00:00:00.955][2] [Touch] lpwg_is_enabled: 0
01-07 08:14:10.628     0     0 E [    0.961074 / 01-01 00:00:00.955][2] lcd_notifier_callback: TOUCH_EVENT_PROXY_STATUS received : PROXY_NEAR
01-07 08:14:10.628     0     0 I         : [    0.961084 / 01-01 00:00:00.955][2] [Touch] [lpwg_update_all] LPWG Disable !
01-07 08:14:10.628     0     0 E         : [    0.961094 / 01-01 00:00:00.955][2] [Touch] synaptics_toggle_swipe: [S/Q/P/L] = [1/0/1/0]
01-07 08:14:10.628     0     0 E         : [    0.961104 / 01-01 00:00:00.955][2] [Touch] swipe_down_disable: (swipe_mode:0x01)
01-07 08:14:10.628     0     0 E         : [    0.961680 / 01-01 00:00:00.955][2] [Touch] swipe_up_disable: (swipe_mode:0x01)
01-07 08:14:10.628   405   405 I vold    : [libfs_mgr]fs_mgr_read_fstab_dt(): failed to read fstab from dt
01-07 08:14:10.628     0     0 E         : [    0.964315 / 01-01 00:00:00.959][2] [Touch] lpwg_control : lpwg_mode[0]
01-07 08:14:10.628     0     0 E         : [    0.964325 / 01-01 00:00:00.959][2] [Touch] Start [matchUp_f51_regMap]
01-07 08:14:10.628     0     0 E         : [    0.964333 / 01-01 00:00:00.959][2] [Touch] [matchUp_f51_regMap] This is P1
01-07 08:14:10.628     0     0 E         : [    0.964342 / 01-01 00:00:00.959][2] [Touch] [matchUp_f51_regMap] Complete to match-up regmap.
01-07 08:14:10.628     0     0 E         : [    0.964351 / 01-01 00:00:00.959][2] [Touch] [matchUp_f54_regMap] This is P1
01-07 08:14:10.628     0     0 E         : [    0.964358 / 01-01 00:00:00.959][2] [Touch] [matchUp_f54_regMap] Complete to match-up regmap.
01-07 08:14:10.628     0     0 E         : [    0.964546 / 01-01 00:00:00.959][2] [Touch] current_thermal_mode = LOW
01-07 08:14:10.628     0     0 I         : [    0.964823 / 01-01 00:00:00.959][2] [Touch] interrupt_state[0 -> 1]
01-07 08:14:10.628     0     0 E         : [    0.964833 / 01-01 00:00:00.959][2] [Touch] interrupt_control : enable_irq_wake once
01-07 08:14:10.628     0     0 I         : [    0.964843 / 01-01 00:00:00.959][2] [Touch] interrupt_state[1]
01-07 08:14:10.628     0     0 E         : [    0.964876 / 01-01 00:00:00.959][1] [Touch] firmware_upgrade_func : firmware upgrade start
01-07 08:14:10.628     0     0 I         : [    0.964885 / 01-01 00:00:00.959][1] [Touch] interrupt_state[1 -> 0]
01-07 08:14:10.628     0     0 E         : [    0.964893 / 01-01 00:00:00.959][1] [Touch] interrupt_control : disable irq nosync
01-07 08:14:10.628     0     0 E         : [    0.964902 / 01-01 00:00:00.959][1] [Touch] interrupt_control : enable_irq_wake once
01-07 08:14:10.628     0     0 I         : [    0.964910 / 01-01 00:00:00.959][1] [Touch] interrupt_state[0]
01-07 08:14:10.628     0     0 I         : [    0.964919 / 01-01 00:00:00.959][1] [Touch] maker_id_pin : 890
01-07 08:14:10.628     0     0 I         : [    0.964945 / 01-01 00:00:00.959][1] [Touch] MAKER_ID : Low
01-07 08:14:10.628     0     0 I         : [    0.964952 / 01-01 00:00:00.959][1] [Touch] Touch panel id : 0
01-07 08:14:10.628     0     0 I         : [    0.964957 / 01-01 00:00:00.959][1] [Touch] Success to get panel id
01-07 08:14:10.628     0     0 I         : [    0.964967 / 01-01 00:00:00.959][1] [Touch] fw_image : synaptics/p1/PLG446-V1.27-PR1981623-DS5.2.18.1.1006_4005519B_v7_2.img
01-07 08:14:10.628     0     0 I         : [    0.964975 / 01-01 00:00:00.959][1] [Touch] fw_ver_addr : 0x4f0
01-07 08:14:10.628     0     0 I         : [    0.964983 / 01-01 00:00:00.959][1] [Touch] fw_PID_addr : 0x4f4
01-07 08:14:10.628     0     0 I         : [    0.964992 / 01-01 00:00:00.959][1] [Touch] IC_product_id: PLG446
01-07 08:14:10.628     0     0 E         : [    0.965006 / 01-01 00:00:00.959][1] [Touch] [synaptics_ts_fw_upgrade] img_product_id : PLG446
01-07 08:14:10.628     0     0 I         : [    0.965016 / 01-01 00:00:00.959][1] [Touch] product_id[PLG446(ic):PLG446(fw)]
01-07 08:14:10.628     0     0 I         : [    0.965025 / 01-01 00:00:00.959][1] [Touch] ic_version[V1.27(0x40 0x05 0x51 0x9B)]
01-07 08:14:10.628     0     0 I         : [    0.965025 / 01-01 00:00:00.959][1]
01-07 08:14:10.628     0     0 I         : [    0.965032 / 01-01 00:00:00.959][1] [Touch] version[V1.27(0x40 0x05 0x51 0x9B)]
01-07 08:14:10.628     0     0 I         : [    0.965039 / 01-01 00:00:00.959][1] [Touch] need not fw version upgrade.
01-07 08:14:10.628     0     0 E         : [    0.965047 / 01-01 00:00:00.959][2] [Touch] factory boot check: 0
01-07 08:14:10.628     0     0 E         : [    0.965054 / 01-01 00:00:00.959][2] [Touch] touch_probe done
01-07 08:14:10.628     0     0 E [    0.965062 / 01-01 00:00:00.959][2] lcd_notifier_callback: TOUCH_EVENT_REGISTER_DONE received ndx: 0 [1]
01-07 08:14:10.628     0     0 E [    0.965070 / 01-01 00:00:00.959][2] lcd_notifier_callback: TOUCH_EVENT_REGISTER_DONE received ndx: 1 [1]
01-07 08:14:10.628     0     0 F         : [    0.965078 / 01-01 00:00:00.959][2] bus probe : 860 lge_touch 100
01-07 08:14:10.628     0     0 E         : [    0.965086 / 01-01 00:00:00.959][1] [Touch] ts_need_upgrade = 1, need_upgrade = 0
01-07 08:14:10.628     0     0 I         : [    0.965095 / 01-01 00:00:00.959][1] [Touch] interrupt_state[0 -> 1]
01-07 08:14:10.628     0     0 I         : [    0.965105 / 01-01 00:00:00.959][1] [Touch] interrupt_state[1]
01-07 08:14:10.628     0     0 E         : [    0.965113 / 01-01 00:00:00.959][1] [Touch] firmware_upgrade_func : firmware upgrade end
01-07 08:14:10.628     0     0 I [    1.014783 / 01-01 00:00:01.007][0] msm_eeprom_platform_probe: imx234_eeprom : eeprom data checksum success!
01-07 08:14:10.628     0     0 E [    1.014794 / 01-01 00:00:01.007][0] msm_eeprom_platform_probe: main_sensor_id 0x1
01-07 08:14:10.628     0     0 F         : [    1.014892 / 01-01 00:00:01.007][0] drv probe : 878 qcom,eeprom 132
01-07 08:14:10.628     0     0 E         : [    1.015685 / 01-01 00:00:01.007][0] msm_eeprom_platform_probe qcom,eeprom-name t4ka3_eeprom, rc 0
01-07 08:14:10.628     0     0 I [    1.022946 / 01-01 00:00:01.015][0] msm_cci_init: 879: hw_version = 0x10020001
01-07 08:14:10.628     0     0 I [    1.144984 / 01-01 00:00:01.139][1] msm_eeprom_platform_probe: t4ka3_eeprom : eeprom data checksum success!
01-07 08:14:10.628     0     0 F         : [    1.145117 / 01-01 00:00:01.139][1] drv probe : 1011 qcom,eeprom 129
01-07 08:14:10.628     0     0 E [    1.145267 / 01-01 00:00:01.139][1] msm_ois_init_module: 1042 Enter
01-07 08:14:10.628     0     0 E [    1.146504 / 01-01 00:00:01.139][1] msm_ois_platform_probe: 901 Enter
01-07 08:14:10.628     0     0 E [    1.146521 / 01-01 00:00:01.139][1] msm_ois_platform_probe: 916 cell-index 0, rc 0
01-07 08:14:10.628     0     0 E [    1.146532 / 01-01 00:00:01.139][1] msm_ois_platform_probe: 925 qcom,cci-master 0, rc 0
01-07 08:14:10.628     0     0 E [    1.146620 / 01-01 00:00:01.139][1] msm_ois_platform_probe: 1001 Exit
01-07 08:14:10.628     0     0 E [    1.148833 / 01-01 00:00:01.143][1] imx234_init_module: HW rev = 11
01-07 08:14:10.628     0     0 E [    1.150107 / 01-01 00:00:01.143][1] imx234_platform_probe: E
01-07 08:14:10.628     0     0 E         : [    1.150216 / 01-01 00:00:01.143][1] msm_sensor_get_sub_module_index qcom,tcs cell index 997, rc 0
01-07 08:14:10.628     0     0 E [    1.150226 / 01-01 00:00:01.143][1] msm_sensor_get_sub_module_index: 325 src_node NULL
01-07 08:14:10.629     0     0 E         : [    1.150820 / 01-01 00:00:01.143][1] msm_sensor_platform_probe sensor name imx234
01-07 08:14:10.629     0     0 I [    1.185874 / 01-01 00:00:01.179][0] msm_cci_init: 879: hw_version = 0x10020001
01-07 08:14:10.629     0     0 E [    1.186103 / 01-01 00:00:01.179][0] msm_sensor_match_id: read id: 0x240 expected id 0x240:
01-07 08:14:10.629     0     0 E         : [    1.186114 / 01-01 00:00:01.179][0] msm_sensor_power_up for imx234
01-07 08:14:10.629     0     0 E         : [    1.186123 / 01-01 00:00:01.179][0] msm_sensor_platform_probe imx234 probe succeeded
01-07 08:14:10.629     0     0 E         : [    1.186381 / 01-01 00:00:01.179][0] msm_sensor_power_down for imx234
01-07 08:14:10.629     0     0 E [    1.207040 / 01-01 00:00:01.199][0] imx234_platform_probe: X
01-07 08:14:10.629     0     0 F         : [    1.207052 / 01-01 00:00:01.199][0] drv probe : 1146 qcom,imx234 56
01-07 08:14:10.629     0     0 E [    1.207095 / 01-01 00:00:01.199][0] t4ka3_init_module: E
01-07 08:14:10.629     0     0 E [    1.209022 / 01-01 00:00:01.203][0] t4ka3_platform_probe: E
01-07 08:14:10.629     0     0 E [    1.209052 / 01-01 00:00:01.203][0] msm_sensor_get_sub_module_index: 309 src_node NULL
01-07 08:14:10.629     0     0 E [    1.209062 / 01-01 00:00:01.203][0] msm_sensor_get_sub_module_index: 325 src_node NULL
01-07 08:14:10.629     0     0 E         : [    1.209317 / 01-01 00:00:01.203][0] msm_sensor_platform_probe sensor name t4ka3
01-07 08:14:10.629     0     0 I [    1.227818 / 01-01 00:00:01.223][0] msm_cci_init: 879: hw_version = 0x10020001
01-07 08:14:10.629     0     0 E [    1.228043 / 01-01 00:00:01.223][0] msm_sensor_match_id: read id: 0x1490 expected id 0x1490:
01-07 08:14:10.629     0     0 E         : [    1.228054 / 01-01 00:00:01.223][0] msm_sensor_power_up for t4ka3
01-07 08:14:10.629     0     0 E         : [    1.228063 / 01-01 00:00:01.223][0] msm_sensor_platform_probe t4ka3 probe succeeded
01-07 08:14:10.629     0     0 E         : [    1.228315 / 01-01 00:00:01.223][0] msm_sensor_power_down for t4ka3
01-07 08:14:10.629     0     0 E [    1.236517 / 01-01 00:00:01.231][0] t4ka3_platform_probe: X
01-07 08:14:10.629     0     0 I         : [    1.237509 / 01-01 00:00:01.231][0] MSM-CPP msm_cpp_get_clk_info:3459 clk_rate[0] = -1
01-07 08:14:10.629     0     0 I         : [    1.237519 / 01-01 00:00:01.231][0] MSM-CPP msm_cpp_get_clk_info:3459 clk_rate[1] = 465000000
01-07 08:14:10.629     0     0 I         : [    1.237528 / 01-01 00:00:01.231][0] MSM-CPP msm_cpp_get_clk_info:3459 clk_rate[2] = -1
01-07 08:14:10.629     0     0 I         : [    1.237537 / 01-01 00:00:01.231][0] MSM-CPP msm_cpp_get_clk_info:3459 clk_rate[3] = -1
01-07 08:14:10.629     0     0 I         : [    1.237545 / 01-01 00:00:01.231][0] MSM-CPP msm_cpp_get_clk_info:3459 clk_rate[4] = 465000000
01-07 08:14:10.629     0     0 I         : [    1.237554 / 01-01 00:00:01.231][0] MSM-CPP msm_cpp_get_clk_info:3459 clk_rate[5] = -1
01-07 08:14:10.629     0     0 I         : [    1.237563 / 01-01 00:00:01.231][0] MSM-CPP msm_cpp_get_clk_info:3459 clk_rate[6] = -1
01-07 08:14:10.629     0     0 E         : [    1.237575 / 01-01 00:00:01.231][0] MSM-CPP cpp_probe:3581 Bus master 0
01-07 08:14:10.629     0     0 I         : [    1.252031 / 01-01 00:00:01.247][0] MSM-CPP cpp_init_hardware:1106 CPP HW Version: 0x50010000
01-07 08:14:10.629     0     0 E         : [    1.252048 / 01-01 00:00:01.247][0] MSM-CPP cpp_init_hardware:1127 stream_cnt:0
01-07 08:14:10.629     0     0 E [    1.257321 / 01-01 00:00:01.251][0] __msm_jpeg_init: 1525] Jpeg Device id 0
01-07 08:14:10.629     0     0 E [    1.257514 / 01-01 00:00:01.251][0] __msm_jpeg_init: 1525] Jpeg Device id 3
01-07 08:14:10.629     0     0 I [    1.258585 / 01-01 00:00:01.251][0] usbcore: registered new interface driver uvcvideo
01-07 08:14:10.629     0     0 I         : [    1.258595 / 01-01 00:00:01.251][0] USB Video Class driver (1.1.1)
01-07 08:14:10.629     0     0 I         : [    1.259033 / 01-01 00:00:01.251][0] lge_battery_id lge,battery-id.92: LGE Battery ID Checker started
01-07 08:14:10.629     0     0 I         : [    1.259067 / 01-01 00:00:01.251][0] Battery was read in sbl is = 94
01-07 08:14:10.629     0     0 I [    1.259764 / 01-01 00:00:01.251][0] FG: fg_of_init: Using external sense
01-07 08:14:10.629     0     0 I [    1.261736 / 01-01 00:00:01.255][0] FG: fg_probe: probe success
01-07 08:14:10.629     0     0 I [    1.261759 / 01-01 00:00:01.255][0] FG: update_iterm: current = -400, converted_raw = f5c3, data = c3 f5
01-07 08:14:10.629     0     0 I [    1.261905 / 01-01 00:00:01.255][0] FG: update_cutoff_voltage: voltage = 3200, converted_raw = 51eb, data = eb 51
01-07 08:14:10.629     0     0 I [    1.262037 / 01-01 00:00:01.255][0] FG: update_irq_volt_empty: voltage = 2500, converted_raw = 0000
01-07 08:14:10.629     0     0 I [    1.262496 / 01-01 00:00:01.255][0] FG: fg_set_resume_soc: setting resume-soc to f2
01-07 08:14:10.629     0     0 I [    1.263614 / 01-01 00:00:01.255][0] FG: bcl_trim_workaround: workaround not applied, tp_rev = 21
01-07 08:14:10.629     0     0 E         : [    1.264198 / 01-01 00:00:01.259][1] qpnp-smbcharger qpnp-smbcharger-17: node /soc/qcom,spmi@fc4c0000/qcom,pmi8994@2/qcom,qpnp-smbcharger IO resource absent!
01-07 08:14:10.629     0     0 I [    1.264360 / 01-01 00:00:01.259][1] SMBCHG: smb_parse_dt: parallel usb thr: 1000, 9v thr: 1000
01-07 08:14:10.629     0     0 I [    1.264495 / 01-01 00:00:01.259][1] smbcharger_charger_otg: no parameters
01-07 08:14:10.629     0     0 I [    1.264640 / 01-01 00:00:01.259][1] smbcharger_external_otg: no parameters
01-07 08:14:10.629     0     0 I [    1.264655 / 01-01 00:00:01.259][0] FG: fg_8994_hw_init: set default value to esr filter
01-07 08:14:10.629     0     0 I [    1.264778 / 01-01 00:00:01.259][1] smbcharger_external_otg: supplied by pmi8994_boost_5v
01-07 08:14:10.629     0     0 I [    1.264895 / 01-01 00:00:01.259][1] SMBCHG: smbchg_hw_init: Charger Revision DIG: 2.0; ANA: 1.1
01-07 08:14:10.629     0     0 I [    1.265398 / 01-01 00:00:01.259][1] SMBCHG: smbchg_hw_init: set vfloat to 4400
01-07 08:14:10.629     0     0 I [    1.265451 / 01-01 00:00:01.259][1] SMBCHG: smbchg_hw_init: set tcc (100) to 0x02
01-07 08:14:10.629     0     0 I [    1.265633 / 01-01 00:00:01.259][1] SMBCHG: smbchg_stay_awake: staying awake: 0x02 (bit 2)
01-07 08:14:10.629     0     0 I [    1.265650 / 01-01 00:00:01.259][1] SMBCHG: smbchg_vfloat_adjust_check: Starting vfloat adjustments
01-07 08:14:10.629     0     0 I [    1.265709 / 01-01 00:00:01.259][1] SMBCHG: smbchg_relax: relaxing: 0x00 (bit 2)
01-07 08:14:10.629     0     0 I [    1.287805 / 01-01 00:00:01.283][1] SMBCHG: smbchg_primary_usb_en: usb enabled, susp = 00, en? = 1, reason = 01
01-07 08:14:10.629     0     0 I [    1.287817 / 01-01 00:00:01.283][1] SMBCHG: smbchg_dc_en: dc enabled, susp = 00, en? = 1, reason = 01
01-07 08:14:10.629     0     0 I [    1.287916 / 01-01 00:00:01.283][1] SMBCHG: smbchg_set_dc_current_max: dc current set to 900 mA
01-07 08:14:10.629     0     0 I [    1.288013 / 01-01 00:00:01.283][1] SMBCHG: smbchg_set_fastchg_current_raw: fastcharge current requested 1600, set to 1600
01-07 08:14:10.629     0     0 I [    1.288291 / 01-01 00:00:01.283][1] SMBCHG: batt_pres_handler: triggered: 0x00
01-07 08:14:10.629     0     0 I [    1.288301 / 01-01 00:00:01.283][1] SMBCHG: smbchg_stay_awake: staying awake: 0x02 (bit 2)
01-07 08:14:10.629     0     0 I [    1.288313 / 01-01 00:00:01.283][1] SMBCHG: smbchg_vfloat_adjust_check: Starting vfloat adjustments
01-07 08:14:10.629     0     0 I [    1.288356 / 01-01 00:00:01.283][1] SMBCHG: smbchg_relax: relaxing: 0x00 (bit 2)
01-07 08:14:10.629     0     0 I [    1.288468 / 01-01 00:00:01.283][1] SMBCHG: batt_hot_handler: triggered: 0x00
01-07 08:14:10.629     0     0 I [    1.288478 / 01-01 00:00:01.283][1] SMBCHG: smbchg_stay_awake: staying awake: 0x02 (bit 2)
01-07 08:14:10.629     0     0 I [    1.288489 / 01-01 00:00:01.283][1] SMBCHG: smbchg_vfloat_adjust_check: Starting vfloat adjustments
01-07 08:14:10.629     0     0 I [    1.288528 / 01-01 00:00:01.283][1] SMBCHG: smbchg_relax: relaxing: 0x00 (bit 2)
01-07 08:14:10.629     0     0 I [    1.288627 / 01-01 00:00:01.283][1] SMBCHG: batt_warm_handler: triggered: 0x00
01-07 08:14:10.629     0     0 I [    1.288665 / 01-01 00:00:01.283][1] SMBCHG: batt_cool_handler: triggered: 0x00
01-07 08:14:10.629     0     0 I [    1.288702 / 01-01 00:00:01.283][1] SMBCHG: batt_cold_handler: triggered: 0x00
01-07 08:14:10.629     0     0 I [    1.288712 / 01-01 00:00:01.283][1] SMBCHG: smbchg_stay_awake: staying awake: 0x02 (bit 2)
01-07 08:14:10.629     0     0 I [    1.288723 / 01-01 00:00:01.283][1] SMBCHG: smbchg_vfloat_adjust_check: Starting vfloat adjustments
01-07 08:14:10.629     0     0 I [    1.288762 / 01-01 00:00:01.283][1] SMBCHG: smbchg_relax: relaxing: 0x00 (bit 2)
01-07 08:14:10.629     0     0 I [    1.288859 / 01-01 00:00:01.283][1] SMBCHG: chg_term_handler: triggered: 0x10
01-07 08:14:10.629   405   405 D vold    : VoldNativeService::start() completed OK
01-07 08:14:10.630     0     0 I [    1.288869 / 01-01 00:00:01.283][1] SMBCHG: usbid_change_handler: triggered
01-07 08:14:10.630     0     0 I [    1.311824 / 01-01 00:00:01.307][1] SMBCHG: is_otg_present_schg: USBID = 0x0fff, too high to be ground
01-07 08:14:10.630     0     0 I [    1.312078 / 01-01 00:00:01.307][1] SMBCHG: src_detect_handler: chip->usb_present = 0 usb_present = 1 src_detect = 1
01-07 08:14:10.630     0     0 I [    1.312087 / 01-01 00:00:01.307][1] SMBCHG: smbchg_primary_usb_en: usb enabled, susp = 00, en? = 1, reason = 40
01-07 08:14:10.630     0     0 I [    1.312097 / 01-01 00:00:01.307][1] SMBCHG: handle_usb_insertion: triggered
01-07 08:14:10.630     0     0 I [    1.312120 / 01-01 00:00:01.307][1] SMBCHG: handle_usb_insertion: inserted type = 4 (SDP)
01-07 08:14:10.630     0     0 I [    1.312379 / 01-01 00:00:01.307][1] SMBCHG: handle_usb_insertion: SDP detected setting mA = 100
01-07 08:14:10.630     0     0 I [    1.312404 / 01-01 00:00:01.307][1] SMBCHG: smbchg_set_usb_current_max: USB current_ma = 100
01-07 08:14:10.630     0     0 I [    1.312414 / 01-01 00:00:01.307][1] SMBCHG: smbchg_primary_usb_en: usb enabled, susp = 00, en? = 1, reason = 04
01-07 08:14:10.630     0     0 I [    1.312500 / 01-01 00:00:01.307][1] SMBCHG: smbchg_set_usb_current_max: usb type = SDP current set to 100 mA
01-07 08:14:10.630     0     0 I [    1.312511 / 01-01 00:00:01.307][1] SMBCHG: smbchg_set_thermal_limited_usb_current_max: AICL = 1500, ICL = 100
01-07 08:14:10.630     0     0 I [    1.312543 / 01-01 00:00:01.307][1] SMBCHG: smbchg_update_bmd_work: smbchg_update_bmd_work = 1
01-07 08:14:10.630     0     0 I [    1.312694 / 01-01 00:00:01.307][1] SMBCHG: handle_usb_insertion: triggered
01-07 08:14:10.630     0     0 I [    1.312715 / 01-01 00:00:01.307][1] SMBCHG: handle_usb_insertion: inserted type = 4 (SDP)
01-07 08:14:10.630     0     0 I [    1.312908 / 01-01 00:00:01.307][1] SMBCHG: handle_usb_insertion: SDP detected setting mA = 100
01-07 08:14:10.630     0     0 I [    1.312929 / 01-01 00:00:01.307][1] SMBCHG: smbchg_set_usb_current_max: USB current_ma = 100
01-07 08:14:10.630     0     0 I [    1.312938 / 01-01 00:00:01.307][1] SMBCHG: smbchg_primary_usb_en: usb enabled, susp = 00, en? = 1, reason = 04
01-07 08:14:10.630     0     0 I [    1.313023 / 01-01 00:00:01.307][1] SMBCHG: smbchg_set_usb_current_max: usb type = SDP current set to 100 mA
01-07 08:14:10.630     0     0 I [    1.313032 / 01-01 00:00:01.307][1] SMBCHG: smbchg_set_thermal_limited_usb_current_max: AICL = 1500, ICL = 100
01-07 08:14:10.630     0     0 I [    1.313049 / 01-01 00:00:01.307][1] SMBCHG: smbchg_update_bmd_work: smbchg_update_bmd_work = 1
01-07 08:14:10.630     0     0 E         : [    1.317301 / 01-01 00:00:01.311][0] qpnp-smbcharger qpnp-smbcharger-17: node /soc/qcom,spmi@fc4c0000/qcom,pmi8994@2/qcom,qpnp-smbcharger IO resource absent!
01-07 08:14:10.630     0     0 I         : [    1.318354 / 01-01 00:00:01.311][0] qpnp-smbcharger qpnp-smbcharger-17: SMBCHG successfully probe Charger version=SCHG Revision DIG:2.0 ANA:1.1 batt=1 dc=0 usb=1
01-07 08:14:10.630     0     0 F         : [    1.318368 / 01-01 00:00:01.311][0] drv probe : 1260 qpnp-smbcharger 54
01-07 08:14:10.630     0     0 I         : [    1.318544 / 01-01 00:00:01.311][0] [MAX17048] probe : START
01-07 08:14:10.630     0     0 I [    1.318796 / 01-01 00:00:01.311][0] max17048_parse_dt: Get alert_gpio 954
01-07 08:14:10.630     0     0 I         : [    1.318811 / 01-01 00:00:01.311][0] [MAX17048] platform data : rcomp = 56, temp_co_hot = 425,temp_co_cold = 5388, alert_threshold = 0x2, full_design = 3000,empty = 0, batt_profile = 0
01-07 08:14:10.630     0     0 E         : [    1.319120 / 01-01 00:00:01.311][0] i2c-msm-v2 f9928000.i2c: msm_bus_scale_register_client(mstr-id:86):0x13 (ok)
01-07 08:14:10.630     0     0 I         : [    1.319601 / 01-01 00:00:01.311][0] MAX17048 Fuel-Gauge Ver 0x12
01-07 08:14:10.630     0     0 I [    1.320508 / 01-01 00:00:01.315][0] max17048_set_rcomp_by_temperature: temp = 20, pre_rcomp = 0xA3 -> new_rcomp = 0x38
01-07 08:14:10.630     0     0 I         : [    1.320663 / 01-01 00:00:01.315][0] max17048_set_athd_alert.
01-07 08:14:10.630     0     0 I         : [    1.320673 / 01-01 00:00:01.315][0] max17048_set_alsc_alert. with 1
01-07 08:14:10.630     0     0 I         : [    1.321062 / 01-01 00:00:01.315][0] max17048_work config : 0x387e /status : 0x20ff.
01-07 08:14:10.630     0     0 I [    1.321921 / 01-01 00:00:01.315][0] max17048_work: Capacity : 70,  Voltage : 3983, raw soc : 66.3, bms soc : 50, ocv : 3958
01-07 08:14:10.630     0     0 I         : [    1.322773 / 01-01 00:00:01.315][0] [MAX17048] probe : DONE
01-07 08:14:10.630     0     0 I [    1.322812 / 01-01 00:00:01.315][0] SMBCHG: smbchg_external_power_changed: changed current_limit = 0
01-07 08:14:10.630     0     0 I [    1.322835 / 01-01 00:00:01.315][0] SMBCHG: smbchg_set_usb_current_max: USB current_ma = 0
01-07 08:14:10.630     0     0 I [    1.322846 / 01-01 00:00:01.315][0] SMBCHG: smbchg_primary_usb_en: usb enabled, susp = 00, en? = 1, reason = 04
01-07 08:14:10.630     0     0 I [    1.322939 / 01-01 00:00:01.315][0] SMBCHG: smbchg_set_usb_current_max: usb type = SDP current set to 100 mA
01-07 08:14:10.630     0     0 I [    1.322950 / 01-01 00:00:01.315][0] SMBCHG: smbchg_set_thermal_limited_usb_current_max: AICL = 1500, ICL = 100
01-07 08:14:10.630     0     0 I [    1.322962 / 01-01 00:00:01.315][0] SMBCHG: smbchg_stay_awake: staying awake: 0x02 (bit 2)
01-07 08:14:10.630     0     0 I [    1.322977 / 01-01 00:00:01.315][0] SMBCHG: smbchg_vfloat_adjust_check: Starting vfloat adjustments
01-07 08:14:10.630     0     0 I [    1.323025 / 01-01 00:00:01.315][0] SMBCHG: smbchg_relax: relaxing: 0x00 (bit 2)
01-07 08:14:10.630     0     0 W [    1.323279 / 01-01 00:00:01.315][0] i2c-core: driver [max17048] using legacy suspend method
01-07 08:14:10.630     0     0 W [    1.323288 / 01-01 00:00:01.315][0] i2c-core: driver [max17048] using legacy resume method
01-07 08:14:10.630     0     0 I [    1.324178 / 01-01 00:00:01.319][0] Wireless: unified_wlc_probe: [WLC] probe start
01-07 08:14:10.630     0     0 I [    1.324490 / 01-01 00:00:01.319][0] SMBCHG: smbchg_stay_awake: staying awake: 0x02 (bit 2)
01-07 08:14:10.630     0     0 I [    1.324505 / 01-01 00:00:01.319][0] SMBCHG: smbchg_vfloat_adjust_check: Starting vfloat adjustments
01-07 08:14:10.630     0     0 I [    1.324624 / 01-01 00:00:01.319][0] SMBCHG: smbchg_relax: relaxing: 0x00 (bit 2)
01-07 08:14:10.630   405   412 D vold    : e4crypt_init_user0
01-07 08:14:10.630     0     0 I [    1.324866 / 01-01 00:00:01.319][0] Wireless: unified_wlc_hw_init: [WLC] unified_wlc_hw_init
01-07 08:14:10.630     0     0 I [    1.324928 / 01-01 00:00:01.319][0] Wireless: unified_wlc_probe: [WLC] probe done
01-07 08:14:10.630     0     0 I         : [    1.327701 / 01-01 00:00:01.319][0] [CC] charger_contr_probe start
01-07 08:14:10.630     0     0 I         : [    1.327741 / 01-01 00:00:01.319][0] [ChargerController] Present wireless current =900
01-07 08:14:10.630     0     0 I         : [    1.328268 / 01-01 00:00:01.323][0] cable_type = 8, batt_present = 1, pseudo_batt_info.mode = 0
01-07 08:14:10.630     0     0 I         : [    1.328289 / 01-01 00:00:01.323][0] [CC] change batt_temp[20], batt_temp_state[0], change batt_volt[3999], batt_volt_state[0]
01-07 08:14:10.630     0     0 I         : [    1.328298 / 01-01 00:00:01.323][0] [CC] charger_contr_probe done
01-07 08:14:10.630     0     0 I [    1.352679 / 01-01 00:00:01.347][0] device-mapper: ioctl: 4.24.0-ioctl (2013-01-15) initialised: dm-devel@redhat.com
01-07 08:14:10.630     0     0 I [    1.352754 / 01-01 00:00:01.347][0] device-mapper: req-crypt: dm-req-crypt successfully initalized.
01-07 08:14:10.630     0     0 I         : [    1.352754 / 01-01 00:00:01.347][0]
01-07 08:14:10.631     0     0 E [    1.354400 / 01-01 00:00:01.347][0] Bluetooth: bluesleep_init: BlueSleep Mode Driver Ver 1.2
01-07 08:14:10.631     0     0 I [    1.355130 / 01-01 00:00:01.347][0] Bluetooth: ffffffc0c568fb80Bluetooth: ffffffc0c568fb80
01-07 08:14:10.631     0     0 I [    1.356170 / 01-01 00:00:01.351][0] cpuidle: using governor ladder
01-07 08:14:10.631     0     0 I [    1.356182 / 01-01 00:00:01.351][0] cpuidle: using governor menu
01-07 08:14:10.631   405   412 D vold    : e4crypt_prepare_user_storage for volume null, user 0, serial 0, flags 1
01-07 08:14:10.631     0     0 I [    1.356216 / 01-01 00:00:01.351][0] sdhci: Secure Digital Host Controller Interface driver
01-07 08:14:10.631     0     0 I [    1.356225 / 01-01 00:00:01.351][0] sdhci: Copyright(c) Pierre Ossman
01-07 08:14:10.631     0     0 I [    1.356234 / 01-01 00:00:01.351][0] sdhci-pltfm: SDHCI platform and OF driver helper
01-07 08:14:10.631     0     0 I         : [    1.359897 / 01-01 00:00:01.355][1] msm-dwc3 f9200000.ssusb:  charger type: USB_SDP_CHARGER
01-07 08:14:10.631   405   412 D vold    : Preparing: /data/system/users/0
01-07 08:14:10.631     0     0 I [    1.361387 / 01-01 00:00:01.355][1] lge_pm_get_cable_info: adc_read-1800000
01-07 08:14:10.631     0     0 E         : [    1.361403 / 01-01 00:00:01.355][1]
01-07 08:14:10.631     0     0 E         : [    1.361403 / 01-01 00:00:01.355][1]
01-07 08:14:10.631     0     0 E         : [    1.361403 / 01-01 00:00:01.355][1] [PM]Cable detected: 1800000(OPEN)(1800, 500)
01-07 08:14:10.631     0     0 E         : [    1.361403 / 01-01 00:00:01.355][1]
01-07 08:14:10.631     0     0 I         : [    1.361467 / 01-01 00:00:01.355][1] [Touch] TA Type : 1
01-07 08:14:10.631     0     0 E         : [    1.361493 / 01-01 00:00:01.355][1] [Touch] update_status : code[1] value[1]
01-07 08:14:10.631     0     0 I         : [    1.361509 / 01-01 00:00:01.355][1] dwc3 f9200000.dwc3: Avail curr from USB = 500
01-07 08:14:10.631     0     0 I         : [    1.361576 / 01-01 00:00:01.355][1] [CC] update usb online. cc->online = 0, online = 1.
01-07 08:14:10.631     0     0 I         : [    1.361584 / 01-01 00:00:01.355][1] [CC] Present iusb current =500
01-07 08:14:10.631     0     0 I         : [    1.361593 / 01-01 00:00:01.355][1] [CC] After update_pm_psy_status (iusb=500)(CC=0)(org=0)(wlc=900)
01-07 08:14:10.631     0     0 I         : [    1.361602 / 01-01 00:00:01.355][1] [CC] USB PSY changed by original dwc (500)
01-07 08:14:10.631     0     0 I         : [    1.361621 / 01-01 00:00:01.355][1] [CC] OTP scenario enabled
01-07 08:14:10.631     0     0 I         : [    1.361633 / 01-01 00:00:01.355][1] [CC] USB Current Set!
01-07 08:14:10.631     0     0 I         : [    1.361650 / 01-01 00:00:01.355][1] [CC] Set iUSB usb current value = 500
01-07 08:14:10.631     0     0 I         : [    1.361660 / 01-01 00:00:01.355][1] [CC] Ibat max = 2000, OTP = -1, thermal = -1, set current = (0) -> (2000)
01-07 08:14:10.631     0     0 I [    1.361675 / 01-01 00:00:01.355][1] SMBCHG: smbchg_set_fastchg_current_user: User setting FCC to 2000
01-07 08:14:10.631     0     0 I [    1.361685 / 01-01 00:00:01.355][1] SMBCHG: smbchg_is_parallel_usb_ok: Parallel charging not enabled
01-07 08:14:10.631     0     0 I [    1.361739 / 01-01 00:00:01.355][1] SMBCHG: smbchg_set_fastchg_current_raw: fastcharge current requested 2000, set to 2000
01-07 08:14:10.631     0     0 I         : [    1.361771 / 01-01 00:00:01.355][1] [CC] After update_pm_psy_status (iusb=500)(CC=500)(org=500)(wlc=900)
01-07 08:14:10.631     0     0 I         : [    1.361790 / 01-01 00:00:01.355][1] [CC] USB Current Set!
01-07 08:14:10.631     0     0 I [    1.362200 / 01-01 00:00:01.355][0] mmc0: no vqmmc regulator found
01-07 08:14:10.631     0     0 I [    1.362220 / 01-01 00:00:01.355][0] mmc0: no vmmc regulator found
01-07 08:14:10.631     0     0 I [    1.362428 / 01-01 00:00:01.355][0] mmc0: SDHCI controller on f9824900.sdhci [f9824900.sdhci] using 32-bit ADMA
01-07 08:14:10.631     0     0 I         : [    1.405337 / 01-01 00:00:01.399][2] [LGE][MMC][mmc_rescan        ( ) START!] mmc0
01-07 08:14:10.631     0     0 F         : [    1.405349 / 01-01 00:00:01.399][1] drv probe : 1353 sdhci_msm 48
01-07 08:14:10.631     0     0 I [    1.422519 / 01-01 00:00:01.415][0] mmc1: no vqmmc regulator found
01-07 08:14:10.631     0     0 I [    1.422547 / 01-01 00:00:01.415][0] mmc1: no vmmc regulator found
01-07 08:14:10.631     0     0 I [    1.422748 / 01-01 00:00:01.415][0] mmc1: SDHCI controller on f98a4900.sdhci [f98a4900.sdhci] using 32-bit ADMA
01-07 08:14:10.631     0     0 F         : [    1.469356 / 01-01 00:00:01.463][1] drv probe : 1402 sdhci_msm 63
01-07 08:14:10.631     0     0 I         : [    1.470200 / 01-01 00:00:01.463][1] sdhci_msm f9864900.sdhci: No vreg data found for vdd
01-07 08:14:10.631     0     0 I [    1.484608 / 01-01 00:00:01.479][0] mmc2: no vqmmc regulator found
01-07 08:14:10.631     0     0 I [    1.484632 / 01-01 00:00:01.479][0] mmc2: no vmmc regulator found
01-07 08:14:10.631     0     0 I [    1.484819 / 01-01 00:00:01.479][0] mmc2: SDHCI controller on f9864900.sdhci [f9864900.sdhci] using 32-bit ADMA
01-07 08:14:10.631     0     0 E [    1.484908 / 01-01 00:00:01.479][0] mmc2: mmc_add_host: device_disable_async_suspend
01-07 08:14:10.631     0     0 E [    1.529351 / 01-01 00:00:01.523][0] mmc2: sdhci_msm_probe: device_disable_async_suspend
01-07 08:14:10.631     0     0 F         : [    1.529364 / 01-01 00:00:01.523][0] drv probe : 1466 sdhci_msm 59
01-07 08:14:10.631     0     0 I [    1.532763 / 01-01 00:00:01.527][0] hidraw: raw HID events driver (C) Jiri Kosina
01-07 08:14:10.631     0     0 I [    1.534372 / 01-01 00:00:01.527][0] usbcore: registered new interface driver usbhid
01-07 08:14:10.631     0     0 I [    1.534381 / 01-01 00:00:01.527][0] usbhid: USB HID core driver
01-07 08:14:10.631     0     0 I [    1.534927 / 01-01 00:00:01.527][0] ashmem: initialized
01-07 08:14:10.631     0     0 I [    1.535702 / 01-01 00:00:01.531][0] sps: BAM 0x00000000f9304000 is registered.
01-07 08:14:10.631     0     0 I         : [    1.536643 / 01-01 00:00:01.531][0] qcom,qpnp-power-on qpnp-power-on-2: PMIC@SID0 Power-on reason: Triggered from PON1 (secondary PMIC) and 'warm' boot
01-07 08:14:10.631     0     0 I         : [    1.536666 / 01-01 00:00:01.531][0] qcom,qpnp-power-on qpnp-power-on-2: PMIC@SID0: Unknown power-off reason
01-07 08:14:10.631     0     0 I [    1.536887 / 01-01 00:00:01.531][0] input: qpnp_pon as /devices/virtual/input/input1
01-07 08:14:10.631     0     0 I [    1.537663 / 01-01 00:00:01.531][0] pon_spare_reg: no parameters
01-07 08:14:10.631     0     0 I         : [    1.537758 / 01-01 00:00:01.531][0] qcom,qpnp-power-on qpnp-power-on-12: No PON config. specified
01-07 08:14:10.631     0     0 I         : [    1.537800 / 01-01 00:00:01.531][0] qcom,qpnp-power-on qpnp-power-on-12: PMIC@SID2 Power-on reason: Triggered from PON1 (secondary PMIC) and 'warm' boot
01-07 08:14:10.631     0     0 I         : [    1.537823 / 01-01 00:00:01.531][0] qcom,qpnp-power-on qpnp-power-on-12: PMIC@SID2: Power-off reason: Triggered from UVLO (Under Voltage Lock Out)
01-07 08:14:10.631     0     0 I [    1.538025 / 01-01 00:00:01.531][0] qpnp_coincell_charger_show_state: enabled=Y, voltage=3200 mV, resistance=2100 ohm
01-07 08:14:10.631     0     0 I [    1.540994 / 01-01 00:00:01.535][2] mmc0: BKOPS_EN bit = 1
01-07 08:14:10.631     0     0 I [    1.541783 / 01-01 00:00:01.535][0] clock-cpu-8994: OPP tables populated (cpu 3 and 5)
01-07 08:14:10.631     0     0 I [    1.541795 / 01-01 00:00:01.535][0] clock_cpu: a53: OPP voltage for 384000000: 800000
01-07 08:14:10.631     0     0 I [    1.541803 / 01-01 00:00:01.535][0] clock_cpu: a53: OPP voltage for 1440000000: 1120000
01-07 08:14:10.631     0     0 I [    1.541813 / 01-01 00:00:01.535][0] clock_cpu: a57: OPP voltage for 384000000: 870000
01-07 08:14:10.631     0     0 I [    1.541822 / 01-01 00:00:01.535][0] clock_cpu: a57: OPP voltage for 1824000000: 1090000
01-07 08:14:10.631     0     0 I         : [    1.543288 / 01-01 00:00:01.535][0] bimc-bwmon fc390000.qcom,gpu-bwmon: BW HWmon governor registered.
01-07 08:14:10.632     0     0 I         : [    1.543434 / 01-01 00:00:01.535][0] bimc-bwmon fc388000.qcom,cpu-bwmon: BW HWmon governor registered.
01-07 08:14:10.632     0     0 E         : [    1.545349 / 01-01 00:00:01.539][0] devfreq qcom,cpubw.26: Couldn't update frequency transition information.
01-07 08:14:10.632     0     0 E         : [    1.545563 / 01-01 00:00:01.539][0] devfreq qcom,mincpubw.27: Couldn't update frequency transition information.
01-07 08:14:10.632     0     0 I [    1.547671 / 01-01 00:00:01.539][0] mckernelapi: Mobicore API module initialized!
01-07 08:14:10.632     0     0 I         : [    1.547715 / 01-01 00:00:01.539][0] MobiCore mcd: MobiCore Driver, Build: Tue Aug  7 10:52:44 2018
01-07 08:14:10.632     0     0 I         : [    1.547724 / 01-01 00:00:01.539][0] MobiCore mcd: MobiCore mcDrvModuleApi version is 1.1
01-07 08:14:10.632     0     0 I         : [    1.547732 / 01-01 00:00:01.539][0] MobiCore mcd: MobiCore t-base-QC-MSM8994-Android-301D-V001-17160_17160
01-07 08:14:10.632     0     0 I [    1.548736 / 01-01 00:00:01.543][0] usbcore: registered new interface driver snd-usb-audio
01-07 08:14:10.632     0     0 I [    1.548784 / 01-01 00:00:01.543][0] usbcore: registered new interface driver snd-ua101
01-07 08:14:10.632     0     0 I [    1.548819 / 01-01 00:00:01.543][0] usbcore: registered new interface driver snd-usb-caiaq
01-07 08:14:10.632     0     0 I [    1.548887 / 01-01 00:00:01.543][0] usbcore: registered new interface driver snd-usb-6fire
01-07 08:14:10.632     0     0 I         : [    1.549435 / 01-01 00:00:01.543][2] [FS] mmc0: sdhci_msm_execute_tuning: finally setting the tuning phase to 11
01-07 08:14:10.632     0     0 I [    1.554977 / 01-01 00:00:01.547][2] mmc0: new HS400 MMC card at address 0001
01-07 08:14:10.632     0     0 I         : [    1.554992 / 01-01 00:00:01.547][2] [LGE][MMC][mmc_add_card      ( )] mmc_hostname:mmc0, type:MMC
01-07 08:14:10.632     0     0 I [    1.555328 / 01-01 00:00:01.547][2] mmcblk0: mmc0:0001 032G74 29.1 GiB
01-07 08:14:10.632     0     0 I [    1.555421 / 01-01 00:00:01.547][2] mmcblk0rpmb: mmc0:0001 032G74 partition 3 4.00 MiB
01-07 08:14:10.632     0     0 I [    1.557191 / 01-01 00:00:01.551][2]  mmcblk0: p1 p2 p3 p4 p5 p6 p7 p8 p9 p10 p11 p12 p13 p14 p15 p16 p17 p18 p19 p20 p21 p22 p23 p24 p25 p26 p27 p28 p29 p30 p31 p32 p33 p34 p35 p36 p37 p38 p39 p40 p41 p42 p43 p44 p45 p46 p47 p48 p49 p50 p51
01-07 08:14:10.632     0     0 I         : [    1.559706 / 01-01 00:00:01.551][2] [LGE][MMC][mmc_add_card      ( )] device_add & uevent posting complete!
01-07 08:14:10.632     0     0 I         : [    1.565121 / 01-01 00:00:01.559][0] msm-pcm-lpa qcom,msm-pcm-lpa.36: msm_pcm_probe: dev name qcom,msm-pcm-lpa.36
01-07 08:14:10.632     0     0 I         : [    1.566045 / 01-01 00:00:01.559][0] platform qcom,msm-voip-dsp.42: Driver msm-voip-dsp requests probe deferral
01-07 08:14:10.632     0     0 I         : [    1.566507 / 01-01 00:00:01.559][0] platform qcom,msm-pcm-voice.43: Driver msm-pcm-voice requests probe deferral
01-07 08:14:10.632     0     0 I         : [    1.576193 / 01-01 00:00:01.571][0] msm8994-asoc-snd fe034000.sound: msm8994_asoc_machine_probe: hdmi audio support present
01-07 08:14:10.632     0     0 E         : [    1.577991 / 01-01 00:00:01.571][0] msm8994-asoc-snd fe034000.sound: ASoC: platform (null) not registered
01-07 08:14:10.632   405   412 D vold    : Preparing: /data/misc/profiles/cur/0
01-07 08:14:10.632     0     0 I         : [    1.578043 / 01-01 00:00:01.571][0] platform fe034000.sound: Driver msm8994-asoc-snd requests probe deferral
01-07 08:14:10.632     0     0 I [    1.578978 / 01-01 00:00:01.571][0] netem: version 1.3
01-07 08:14:10.632     0     0 I         : [    1.578993 / 01-01 00:00:01.571][0] u32 classifier
01-07 08:14:10.632     0     0 I         : [    1.579000 / 01-01 00:00:01.571][0]     Actions configured
01-07 08:14:10.632     0     0 I         : [    1.579011 / 01-01 00:00:01.571][0] Netfilter messages via NETLINK v0.30.
01-07 08:14:10.632     0     0 I         : [    1.579099 / 01-01 00:00:01.571][0] nf_conntrack version 0.5.0 (16384 buckets, 65536 max)
01-07 08:14:10.632     0     0 I         : [    1.579367 / 01-01 00:00:01.571][0] ctnetlink v0.93: registering with nfnetlink.
01-07 08:14:10.632     0     0 I [    1.579428 / 01-01 00:00:01.571][0] NF_TPROXY: Transparent proxy support initialized, version 4.1.0
01-07 08:14:10.632     0     0 I [    1.579436 / 01-01 00:00:01.571][0] NF_TPROXY: Copyright (c) 2006-2007 BalaBit IT Ltd.
01-07 08:14:10.632     0     0 I [    1.579632 / 01-01 00:00:01.571][0] xt_time: kernel timezone is -0000
01-07 08:14:10.632     0     0 I [    1.579875 / 01-01 00:00:01.575][0] ip_tables: (C) 2000-2006 Netfilter Core Team
01-07 08:14:10.632     0     0 I [    1.579964 / 01-01 00:00:01.575][0] arp_tables: (C) 2002 David S. Miller
01-07 08:14:10.632     0     0 I [    1.579994 / 01-01 00:00:01.575][0] TCP: bic registered
01-07 08:14:10.632     0     0 I [    1.580003 / 01-01 00:00:01.575][0] TCP: cubic registered
01-07 08:14:10.632     0     0 I [    1.580010 / 01-01 00:00:01.575][0] TCP: westwood registered
01-07 08:14:10.632     0     0 I         : [    1.580019 / 01-01 00:00:01.575][0] Initializing XFRM netlink socket
01-07 08:14:10.632     0     0 I [    1.580227 / 01-01 00:00:01.575][0] NET: Registered protocol family 10
01-07 08:14:10.632     0     0 D         : [    1.580736 / 01-01 00:00:01.575][0] now = 4294892691, schedule = 4294922750, rounded schedule = 4294923000 => 4294922750
01-07 08:14:10.632     0     0 I [    1.580819 / 01-01 00:00:01.575][0] mip6: Mobile IPv6
01-07 08:14:10.632     0     0 I [    1.580843 / 01-01 00:00:01.575][0] ip6_tables: (C) 2000-2006 Netfilter Core Team
01-07 08:14:10.632     0     0 I [    1.580941 / 01-01 00:00:01.575][0] sit: IPv6 over IPv4 tunneling driver
01-07 08:14:10.632     0     0 I [    1.581227 / 01-01 00:00:01.575][0] NET: Registered protocol family 17
01-07 08:14:10.632     0     0 I [    1.581249 / 01-01 00:00:01.575][0] NET: Registered protocol family 15
01-07 08:14:10.632     0     0 I         : [    1.581300 / 01-01 00:00:01.575][0] Bridge firewalling registered
01-07 08:14:10.632     0     0 I         : [    1.581312 / 01-01 00:00:01.575][0] Ebtables v2.0 registered
01-07 08:14:10.632     0     0 I [    1.581469 / 01-01 00:00:01.575][0] Bluetooth: ffffffc0c568fd20
01-07 08:14:10.632     0     0 I [    1.581486 / 01-01 00:00:01.575][0] Bluetooth: ffffffc0c568fd10Bluetooth: ffffffc0c568fd50
01-07 08:14:10.632     0     0 I [    1.581497 / 01-01 00:00:01.575][0] Bluetooth: ffffffc0c568fd40Bluetooth: ffffffc0c568fd40
01-07 08:14:10.632     0     0 I [    1.581512 / 01-01 00:00:01.575][0] Bluetooth: ffffffc0c568fd20Bluetooth: ffffffc0c568fd80
01-07 08:14:10.632     0     0 I [    1.581526 / 01-01 00:00:01.575][0] Bluetooth: ffffffc0c568fd60
01-07 08:14:10.632     0     0 I [    1.581557 / 01-01 00:00:01.575][0] l2tp_core: L2TP core driver, V2.0
01-07 08:14:10.632     0     0 I [    1.581571 / 01-01 00:00:01.575][0] l2tp_ppp: PPPoL2TP kernel driver, V2.0
01-07 08:14:10.632     0     0 I         : [    1.591993 / 01-01 00:00:01.587][0] msm8994-asoc-snd fe034000.sound: msm8994_asoc_machine_probe: hdmi audio support present
01-07 08:14:10.632     0     0 E         : [    1.593905 / 01-01 00:00:01.587][0] msm8994-asoc-snd fe034000.sound: ASoC: CODEC tomtom_codec not registered
01-07 08:14:10.632     0     0 I         : [    1.593961 / 01-01 00:00:01.587][0] platform fe034000.sound: Driver msm8994-asoc-snd requests probe deferral
01-07 08:14:10.632     0     0 I         : [    1.595328 / 01-01 00:00:01.587][1] Registering SWP/SWPB emulation handler
01-07 08:14:10.632     0     0 I         : [    1.595566 / 01-01 00:00:01.587][1] Loading compiled-in X.509 certificates
01-07 08:14:10.632     0     0 I         : [    1.597770 / 01-01 00:00:01.591][1] Loaded X.509 cert 'Magrathea: Glacier signing key: 99f99b6532eb6f9339fd43659f7074c07ea7502a'
01-07 08:14:10.632     0     0 I         : [    1.598878 / 01-01 00:00:01.591][2] Key type encrypted registered
01-07 08:14:10.632     0     0 I         : [    1.602293 / 01-01 00:00:01.595][2] monitor-thermal lge,monitor-thermal.81: LGE monitor thermal Initialized
01-07 08:14:10.632     0     0 I [    1.603046 / 01-01 00:00:01.595][2] power_sysfs_parse_dt: Total sysfs node is 51
01-07 08:14:10.632     0     0 I [    1.603065 / 01-01 00:00:01.595][2] power_sysfs_parse_dt: xo_therm path is mandatory
01-07 08:14:10.632     0     0 I [    1.603075 / 01-01 00:00:01.595][2] power_sysfs_parse_dt: batt_therm path is mandatory
01-07 08:14:10.632     0     0 I [    1.603123 / 01-01 00:00:01.595][2] power_sysfs_parse_dt: health path is mandatory
01-07 08:14:10.632     0     0 I [    1.603152 / 01-01 00:00:01.595][2] power_sysfs_parse_dt: status path is mandatory
01-07 08:14:10.632     0     0 I [    1.603759 / 01-01 00:00:01.595][2] power_sysfs_make_path: pa_therm1 user node didn't have kernel node
01-07 08:14:10.632     0     0 I [    1.603842 / 01-01 00:00:01.599][2] power_sysfs_make_path: ac_online user node didn't have kernel node
01-07 08:14:10.632     0     0 I [    1.603854 / 01-01 00:00:01.599][2] power_sysfs_make_path: wlc_online user node didn't have kernel node
01-07 08:14:10.632   405   412 D vold    : Preparing: /data/system_de/0
01-07 08:14:10.632     0     0 I [    1.603865 / 01-01 00:00:01.599][2] power_sysfs_make_path: time_out user node didn't have kernel node
01-07 08:14:10.632     0     0 I [    1.603882 / 01-01 00:00:01.599][2] power_sysfs_make_path: iusb_control user node didn't have kernel node
01-07 08:14:10.633     0     0 I [    1.603892 / 01-01 00:00:01.599][2] power_sysfs_make_path: wlc_thermal_mitigation user node didn't have kernel node
01-07 08:14:10.633     0     0 I [    1.603901 / 01-01 00:00:01.599][2] power_sysfs_make_path: usb_parallel_chg_status user node didn't have kernel node
01-07 08:14:10.633     0     0 I [    1.603910 / 01-01 00:00:01.599][2] power_sysfs_make_path: usb_parallel_charging_enabled user node didn't have kernel node
01-07 08:14:10.633     0     0 I [    1.603932 / 01-01 00:00:01.599][2] power_sysfs_make_path: speed_bin user node didn't have kernel node
01-07 08:14:10.633     0     0 I [    1.603940 / 01-01 00:00:01.599][2] power_sysfs_make_path: pvs_bin user node didn't have kernel node
01-07 08:14:10.633     0     0 I [    1.603970 / 01-01 00:00:01.599][2] power_sysfs_probe: Success Power sysfs Init
01-07 08:14:10.633     0     0 I [    1.604329 / 01-01 00:00:01.599][2] regulator-dummy: disabling
01-07 08:14:10.633     0     0 I         : [    1.610233 / 01-01 00:00:01.603][0] msm8994-asoc-snd fe034000.sound: msm8994_asoc_machine_probe: hdmi audio support present
01-07 08:14:10.633     0     0 E         : [    1.612187 / 01-01 00:00:01.607][0] msm8994-asoc-snd fe034000.sound: ASoC: CODEC tomtom_codec not registered
01-07 08:14:10.633     0     0 I         : [    1.612242 / 01-01 00:00:01.607][0] platform fe034000.sound: Driver msm8994-asoc-snd requests probe deferral
01-07 08:14:10.633     0     0 I         : [    1.614426 / 01-01 00:00:01.607][2] RNDIS_IPA module is loaded.dhd_module_init in
01-07 08:14:10.633     0     0 W         : [    1.614665 / 01-01 00:00:01.607][2] found wifi platform device bcmdhd_wlan
01-07 08:14:10.633     0     0 W         : [    1.615088 / 01-01 00:00:01.607][2] Power-up adapter 'DHD generic adapter'
01-07 08:14:10.633     0     0 W         : [    1.615119 / 01-01 00:00:01.607][2] wifi_platform_set_power = 1
01-07 08:14:10.633     0     0 I [    1.615205 / 01-01 00:00:01.607][0] mmc2: slot status change detected (0 -> 1), GPIO_ACTIVE_HIGH
01-07 08:14:10.633     0     0 I         : [    1.617953 / 01-01 00:00:01.611][0] msm8994-asoc-snd fe034000.sound: msm8994_asoc_machine_probe: hdmi audio support present
01-07 08:14:10.633     0     0 E         : [    1.619899 / 01-01 00:00:01.615][0] msm8994-asoc-snd fe034000.sound: ASoC: CODEC tomtom_codec not registered
01-07 08:14:10.633     0     0 I         : [    1.619952 / 01-01 00:00:01.615][0] platform fe034000.sound: Driver msm8994-asoc-snd requests probe deferral
