12-25 21:28:56.213   491   783 E AudioFlinger: no wake lock to update, but system ready!
12-25 21:28:56.215  1559  1559 I InputAttributes: InputType.TYPE_NULL is specified
12-25 21:28:56.218   871   886 V BackupManagerService: No ancestral data
12-25 21:28:56.227   871   886 V BackupManagerService: Starting with transport android/com.android.internal.backup.LocalTransport
12-25 21:28:56.227   871   886 D BackupTransportManager: Binding to transport: android/com.android.internal.backup.LocalTransportService
12-25 21:28:56.229   871   886 I BackupManagerService: Backup enabled => false
12-25 21:28:56.231   871  2030 V KeyValueBackupJob: Scheduling k/v pass in 243 minutes
12-25 21:28:56.231   871   886 W VoiceInteractionManagerService: no available voice interaction services found for user 0
12-25 21:28:56.231   871   886 W VoiceInteractionManagerService: no available voice recognition services found for user 0
12-25 21:28:56.234   871   886 D AutofillManagerServiceImpl: Reset component for user 0
12-25 21:28:56.234   871   886 D AutofillManagerServiceImpl: Reset component for user 0
12-25 21:28:56.234   871   886 I ActivityManager: Loading recents for user 0 into memory.
12-25 21:28:56.237   871   887 D AutofillUI: destroySaveUiUiThread(): already destroyed
12-25 21:28:56.237   871  2030 I BackupManagerService: Found stale backup journal, scheduling
12-25 21:28:56.238  2047  2047 W libc    : Unable to set property "ro.min_freq_0" to "384000": error code: 0xb
12-25 21:28:56.250   871   886 I ActivityManager: Start proc 2051:com.android.nfc/1027 for added application com.android.nfc
12-25 21:28:56.253   871   886 I ActivityManager: User 0 state changed from RUNNING_UNLOCKING to RUNNING_UNLOCKED
12-25 21:28:56.254   871   886 I ActivityManager: Sending BOOT_COMPLETE user #0
12-25 21:28:56.259  2050  2050 W libc    : Unable to set property "ro.min_freq_4" to "384000": error code: 0xb
12-25 21:28:56.269   871   871 D BackupTransportManager: Bound to transport: android/com.android.internal.backup.LocalTransportService
12-25 21:28:56.275  2076  2076 I init    : type=1400 audit(0.0:194): avc: denied { execute_no_trans } for path="/system/vendor/bin/perfd" dev="mmcblk0p47" ino=2414 scontext=u:r:init:s0 tcontext=u:object_r:vendor_file:s0 tclass=file permissive=1
12-25 21:28:56.286   487   594 E ThermalEngine: ACTION: CLUSTER - Setting CLUSTER[1] to 1689600
12-25 21:28:56.292  2076  2076 E ANDR-PERF-MPCTL: Unable to create control service (stage=1, rc=0)
12-25 21:28:56.292  2076  2076 W libc    : invalid pthread_t (0) passed to libc
12-25 21:28:56.293   487   594 E ThermalEngine: ACTION: CLUSTER - Setting CLUSTER[1] to 1824000
12-25 21:28:56.305  1731  1731 D CarrierSvcBindHelper: Received android.intent.action.USER_UNLOCKED
12-25 21:28:56.306  1731  1731 E PhoneInterfaceManager: [PhoneIntfMgr] getCarrierPackageNamesForIntent: No UICC
12-25 21:28:56.306  1731  1731 D CarrierSvcBindHelper: No carrier app for: 0
12-25 21:28:56.308   487   594 E ThermalEngine: ACTION: CLUSTER - Setting CLUSTER[1] to 1689600
12-25 21:28:56.316   487   594 E ThermalEngine: ACTION: CLUSTER - Setting CLUSTER[1] to 1824000
12-25 21:28:56.316  1800  1800 D FallbackHome: User unlocked and real home found; let's go!
12-25 21:28:56.317   871   871 V NotificationListeners: enabling notification listener for 0: ComponentInfo{com.android.launcher3/com.android.launcher3.notification.NotificationListener}
12-25 21:28:56.317   871   871 V NotificationListeners: binding: Intent { act=android.service.notification.NotificationListenerService cmp=com.android.launcher3/.notification.NotificationListener (has extras) }
12-25 21:28:56.326   487   594 E ThermalEngine: ACTION: CLUSTER - Setting CLUSTER[1] to 1689600
12-25 21:28:56.327   871  2093 E QCOM PowerHAL: Failed to acquire lock.
12-25 21:28:56.334   871  2048 W ResourceType: No known package when getting value for resource number 0x7f080131
12-25 21:28:56.334   871  2048 W ResourceType: No known package when getting value for resource number 0x7f120e8b
12-25 21:28:56.334   871  2048 W ResourceType: No known package when getting value for resource number 0x7f080130
12-25 21:28:56.334   871  2048 W ResourceType: No known package when getting value for resource number 0x7f12040c
12-25 21:28:56.334   871  2048 W ResourceType: No known package when getting value for resource number 0x7f08012f
12-25 21:28:56.334   871  2048 W ResourceType: No known package when getting value for resource number 0x7f1208e8
12-25 21:28:56.338   871   871 I ActivityManager: Start proc 2095:com.android.launcher3/u0a14 for service com.android.launcher3/.notification.NotificationListener
12-25 21:28:56.356   487   594 E ThermalEngine: ACTION: CLUSTER - Setting CLUSTER[1] to 1632000
12-25 21:28:56.359   871   871 I AccountManagerService: User 0 is unlocked - opening CE database
12-25 21:28:56.372   871  2090 I ActivityManager: Start proc 2109:com.android.smspush/u0a56 for service com.android.smspush/.WapPushManager
12-25 21:28:56.372   487   594 E ThermalEngine: ACTION: CLUSTER - Setting CLUSTER[1] to 1536000
12-25 21:28:56.374   871  2048 W ResourceType: No known package when getting value for resource number 0x7f020068
12-25 21:28:56.374   871  2048 W ResourceType: No known package when getting value for resource number 0x7f0e0065
12-25 21:28:56.395  2051  2051 I NfcService: Starting NFC service
12-25 21:28:56.401   871  1534 E WifiMonitor: startMonitoring(wlan0) failed!
12-25 21:28:56.401   871  1534 E SupplicantStaIfaceHal: Can't call setDebugParams, ISupplicant is null
12-25 21:28:56.403   871  1534 D WifiConfigStore: Reading from stores completed in 0 ms.
12-25 21:28:56.403   487   594 E ThermalEngine: ACTION: CLUSTER - Setting CLUSTER[1] to 1440000
12-25 21:28:56.405   871  2093 I ActivityManager: START u0 {act=android.intent.action.MAIN cat=[android.intent.category.HOME] flg=0x10000100 cmp=com.android.launcher3/.Launcher} from uid 0
12-25 21:28:56.408   871  1534 W WifiConfigManager: No stored networks found.
12-25 21:28:56.418   871  2093 E QCOM PowerHAL: Failed to acquire lock.
12-25 21:28:56.421   871  2093 E QCOM PowerHAL: Failed to acquire lock.
12-25 21:28:56.431   871  2048 W ResourceType: No known package when getting value for resource number 0x7f020071
12-25 21:28:56.431   871  2048 W ResourceType: No known package when getting value for resource number 0x7f0e006f
12-25 21:28:56.431   871  2048 W ResourceType: No known package when getting value for resource number 0x7f0e006f
12-25 21:28:56.433   487   594 E ThermalEngine: ACTION: CLUSTER - Setting CLUSTER[1] to 1344000
12-25 21:28:56.434   871  1534 D WIFI    : Registering NetworkFactory
12-25 21:28:56.434   871  1534 D WIFI_UT : Registering NetworkFactory
12-25 21:28:56.434   871  1539 D ConnectivityService: Got NetworkFactory Messenger for WIFI
12-25 21:28:56.434   871  1539 D ConnectivityService: Got NetworkFactory Messenger for WIFI_UT
12-25 21:28:56.436   871  1531 I WifiService: getConfiguredNetworks uid=1000
12-25 21:28:56.437   871  1534 D WifiConfigStore: Reading from user store completed in 2 ms.
12-25 21:28:56.437  2051  2051 I BrcmNfcJni: NFC Service: loading nci JNI
12-25 21:28:56.438  2051  2051 D NfcAdaptation: readConfig Opened base config /vendor/etc/libnfc-brcm.conf
12-25 21:28:56.438   871  2048 W ResourceType: No known package when getting value for resource number 0x7f0200e9
12-25 21:28:56.438   871  2048 W ResourceType: No known package when getting value for resource number 0x7f0f003b
12-25 21:28:56.438   871  2048 I chatty  : uid=1000(system) Thread-5 identical 1 line
12-25 21:28:56.438   871  2048 W ResourceType: No known package when getting value for resource number 0x7f0f003b
12-25 21:28:56.441   871  1534 D WifiConfigStore: Writing to stores completed in 3 ms.
12-25 21:28:56.441   871  1534 E WifiStateMachine: Failed to setup control channel, restart supplicant
12-25 21:28:56.442   871   893 I AppWidgetServiceImpl: Async processing of onUserUnlocked u0 took 211 ms
12-25 21:28:56.443   459  1825 E WifiHAL : wifi_event_loop: Read after POLL returned 4, error no = 0 (Success)
12-25 21:28:56.444   459  1825 D WifiHAL : Got a signal to exit!!!
12-25 21:28:56.444   459  1825 I WifiHAL : Exit wifi_event_loop
12-25 21:28:56.444   459   459 E WifiHAL : wifi_cleanup: Read after POLL returned 4, error no = 0 (Success)
12-25 21:28:56.444   459   459 E WifiHAL : Event processing terminated
12-25 21:28:56.444  2051  2051 D NfcAdaptation: find found SCREEN_OFF_POWER_STATE=(0x1)
12-25 21:28:56.444   459   459 I android.hardware.wifi@1.0-service: Legacy HAL stop complete callback received
12-25 21:28:56.445  2051  2051 D NfcAdaptation: find found AID_MATCHING_MODE=(0x1)
12-25 21:28:56.447  2051  2051 W Settings: Setting device_provisioned has moved from android.provider.Settings.Secure to android.provider.Settings.Global.
12-25 21:28:56.454   487   594 E ThermalEngine: ACTION: CLUSTER - Setting CLUSTER[1] to 1689600
12-25 21:28:56.455   487   594 E ThermalEngine: ACTION: CLUSTER - Setting CLUSTER[1] to 1824000
12-25 21:28:56.460   459   459 I WifiHAL : Internal cleanup completed
12-25 21:28:56.462  2020  2020 I AlarmClock: AlarmInitReceiver android.intent.action.LOCKED_BOOT_COMPLETED
12-25 21:28:56.464   871  2048 W ResourceType: No known package when getting value for resource number 0x7f07008c
12-25 21:28:56.464   871  2048 W ResourceType: No known package when getting value for resource number 0x7f0f0061
12-25 21:28:56.479  2020  2140 I AlarmClock: Fixing alarm instances
12-25 21:28:56.487   487   594 E ThermalEngine: ACTION: CLUSTER - Setting CLUSTER[1] to 1689600
12-25 21:28:56.490   871   885 I ActivityManager: Start proc 2142:com.android.printspooler/u0a54 for service com.android.printspooler/.model.PrintSpoolerService
12-25 21:28:56.498  2051  2051 W NfceeAccess: could not find /etc/nfcee_access.xml, no NFCEE access allowed
12-25 21:28:56.499  2051  2051 I NfceeAccess: read 0 signature(s) for NFCEE access
12-25 21:28:56.508   487   594 E ThermalEngine: ACTION: CLUSTER - Setting CLUSTER[1] to 1824000
12-25 21:28:56.508   487   594 E ThermalEngine: ACTION: CLUSTER - Setting CLUSTER[1] to 1689600
12-25 21:28:56.516   871  2092 I ActivityManager: Start proc 2158:android.process.media/u0a8 for broadcast com.android.providers.downloads/.DownloadReceiver
12-25 21:28:56.520   487   594 E ThermalEngine: ACTION: CLUSTER - Setting CLUSTER[1] to 1824000
12-25 21:28:56.520   487   594 E ThermalEngine: ACTION: CLUSTER - Setting CLUSTER[1] to 1689600
12-25 21:28:56.522   871  1588 W WallpaperManagerService: Cannot extract colors because wallpaper could not be read.
12-25 21:28:56.524  2095  2095 V Launcher: LauncherAppState initiated
12-25 21:28:56.526   487   594 E ThermalEngine: ACTION: CLUSTER - Setting CLUSTER[1] to 1824000
12-25 21:28:56.526   487   594 E ThermalEngine: ACTION: CLUSTER - Setting CLUSTER[1] to 1689600
12-25 21:28:56.540   487   594 E ThermalEngine: ACTION: CLUSTER - Setting CLUSTER[1] to 1824000
12-25 21:28:56.541   487   594 E ThermalEngine: ACTION: CLUSTER - Setting CLUSTER[1] to 1689600
12-25 21:28:56.543  2002  2002 I cameraserver: type=1400 audit(0.0:195): avc: denied { read write } for name="media0" dev="tmpfs" ino=9866 scontext=u:r:cameraserver:s0 tcontext=u:object_r:device:s0 tclass=chr_file permissive=1
12-25 21:28:56.543  2002  2002 I cameraserver: type=1400 audit(0.0:196): avc: denied { open } for path="/dev/media0" dev="tmpfs" ino=9866 scontext=u:r:cameraserver:s0 tcontext=u:object_r:device:s0 tclass=chr_file permissive=1
12-25 21:28:56.548  2051  2051 D RegisteredT3tIdentifiersCache: RegisteredT3tIdentifiersCache
12-25 21:28:56.550   487   594 E ThermalEngine: ACTION: CLUSTER - Setting CLUSTER[1] to 1824000
12-25 21:28:56.563  2051  2051 D RegisteredServicesCache: Dynamic AIDs file does not exist.
12-25 21:28:56.566  2051  2051 D RegisteredNfcFServicesCache: Dynamic System Code, NFCID2 file does not exist.
12-25 21:28:56.568  2051  2051 D RegisteredNfcFServicesCache: Service unchanged, not updating
12-25 21:28:56.569  2051  2174 D NfcService: checking on firmware download
12-25 21:28:56.569  2051  2174 D NfcService: NFC is on. Doing normal stuff
12-25 21:28:56.569  2051  2174 I NfcService: Enabling NFC
12-25 21:28:56.571  2051  2174 D NfcAdaptation: find found SCREEN_OFF_POWER_STATE=(0x1)
12-25 21:28:56.571  2051  2174 D NfcAdaptation: NfcAdaptation::Initialize: enter
12-25 21:28:56.571  2051  2174 E NfcAdaptation: NfcAdaptation::Initialize: ver=NFCDROID-AOSP_M_00.01 nfa=NFA_PI_1.03.66+
12-25 21:28:56.571  2051  2174 D NfcAdaptation: find found NFA_STORAGE=/data/nfc
12-25 21:28:56.571  2051  2174 D NfcAdaptation: find found PROTOCOL_TRACE_LEVEL=(0xFFFFFFFF)
12-25 21:28:56.571  2051  2174 D NfcAdaptation: find found NFA_MAX_EE_SUPPORTED=(0x2)
12-25 21:28:56.571  2051  2174 D NfcAdaptation: NfcAdaptation::Initialize: Overriding NFA_EE_MAX_EE_SUPPORTED to use 2
12-25 21:28:56.571  2051  2174 D NfcAdaptation: find found APPL_TRACE_LEVEL=(0xFF)
12-25 21:28:56.571  2051  2174 D BrcmNfcJni: initializeGlobalAppLogLevel: level=5
12-25 21:28:56.571  2051  2174 D         : verify_stack_non_volatile_store
12-25 21:28:56.571  2051  2174 D NfcNciHal: crcChecksumVerifyIntegrity: filename=/data/nfc/nfaStorage.bin1
12-25 21:28:56.571  2051  2174 D NfcNciHal: crcChecksumVerifyIntegrity: filename=/data/nfc/nfaStorage.bin2
12-25 21:28:56.571  2051  2174 D NfcNciHal: crcChecksumVerifyIntegrity: filename=/data/nfc/nfaStorage.bin3
12-25 21:28:56.571  2051  2174 D NfcNciHal: crcChecksumVerifyIntegrity: filename=/data/nfc/nfaStorage.bin4
12-25 21:28:56.571  2051  2174 D NfcNciHal: crcChecksumVerifyIntegrity: filename=/data/nfc/nfaStorage.bin5
12-25 21:28:56.571  2051  2174 D NfcAdaptation: find found PRESERVE_STORAGE=(0x1)
12-25 21:28:56.571  2051  2174 D NfcAdaptation: Initialize: preserve stack NV store
12-25 21:28:56.573  2051  2177 D NfcAdaptation: NfcAdaptation::Thread: enter
12-25 21:28:56.573  2051  2178 I BrcmNfcNfa: NFC_TASK started.
12-25 21:28:56.574  2051  2177 D NfcAdaptation: NfcAdaptation::Thread: exit
12-25 21:28:56.574  2051  2177 E BrcmNfcNfa: gki_task task_id=0 terminating
12-25 21:28:56.574  2051  2174 D NfcAdaptation: NfcAdaptation::InitializeHalDeviceContext: enter
12-25 21:28:56.574  2051  2174 I NfcAdaptation: NfcAdaptation::InitializeHalDeviceContext: INfc::getService()
12-25 21:28:56.576  2051  2174 D vndksupport: Loading /vendor/lib64/hw/android.hardware.nfc@1.0-impl.so from current namespace instead of sphal namespace.
12-25 21:28:56.577  2051  2176 D NfcAdaptation: NfcAdaptation::NFCA_TASK: enter
12-25 21:28:56.577  2051  2176 I BrcmNfcNfa: GKI_run(): Start/Stop GKI_timer_update_registered!
12-25 21:28:56.584  2051  2174 E android.hardware.nfc@1.0-impl: hw_get_module nfc_nci failed: -2
12-25 21:28:56.584  2051  2174 E android.hardware.nfc@1.0-impl: Passthrough failed to load legacy HAL.
--------- beginning of crash
12-25 21:28:56.585  2051  2174 F libc    : Fatal signal 11 (SIGSEGV), code 1, fault addr 0x0 in tid 2174 (AsyncTask #1), pid 2051 (com.android.nfc)
12-25 21:28:56.589  1731  1731 I com.android.phone: Looking for service android.hardware.radio@1.0::IRadio/slot1
12-25 21:28:56.591  1731  1731 I com.android.phone: Looking for service android.hardware.radio.deprecated@1.0::IOemHook/slot1
12-25 21:28:56.597   871   885 I ActivityManager: Start proc 2181:com.android.keychain/1000 for service com.android.keychain/.KeyChainService
12-25 21:28:56.639  2197  2197 I crash_dump64: obtaining output fd from tombstoned, type: kDebuggerdTombstone
12-25 21:28:56.639   522   522 I /system/bin/tombstoned: received crash request for pid 2051
12-25 21:28:56.642  2197  2197 I crash_dump64: performing dump of process 2051 (target tid = 2174)
12-25 21:28:56.642  2197  2197 F DEBUG   : *** *** *** *** *** *** *** *** *** *** *** *** *** *** *** ***
12-25 21:28:56.642  2197  2197 F DEBUG   : Build fingerprint: 'lge/p1_global_com/p1:8.0/NRD90U/171931902b165:user/release-keys'
12-25 21:28:56.642  2197  2197 F DEBUG   : Revision: '11'
12-25 21:28:56.642  2197  2197 F DEBUG   : ABI: 'arm64'
12-25 21:28:56.642  2197  2197 F DEBUG   : pid: 2051, tid: 2174, name: AsyncTask #1  >>> com.android.nfc <<<
12-25 21:28:56.642  2197  2197 F DEBUG   : signal 11 (SIGSEGV), code 1 (SEGV_MAPERR), fault addr 0x0
12-25 21:28:56.642  2197  2197 F DEBUG   : Cause: null pointer dereference
12-25 21:28:56.642  2197  2197 F DEBUG   :     x0   0000007b2080d380  x1   0000007b12182ba8  x2   0000007b20800000  x3   0000000000000002
12-25 21:28:56.642  2197  2197 F DEBUG   :     x4   000000000000000d  x5   0000007b29bdda88  x6   0000007b2080d4a0  x7   0000007b2080d480
12-25 21:28:56.642  2197  2197 F DEBUG   :     x8   000000000000000e  x9   aa2cfd08aae1da15  x10  0000000000000001  x11  0000000000000000
12-25 21:28:56.642  2197  2197 F DEBUG   :     x12  0000007b2080d4c0  x13  0000007b29bdfe60  x14  0000000000000000  x15  0000007bae12d000
12-25 21:28:56.642  2197  2197 F DEBUG   :     x16  0000007b121fc898  x17  0000007bab29b580  x18  000000000000001e  x19  0000000000000000
12-25 21:28:56.642  2197  2197 F DEBUG   :     x20  0000007b12184588  x21  0000007b1239716c  x22  0000007b12397820  x23  0000007b1282eb4e
12-25 21:28:56.642  2197  2197 F DEBUG   :     x24  0000000000000004  x25  0000007b12184588  x26  0000007b12184588  x27  0000007b122d8000
12-25 21:28:56.642  2197  2197 F DEBUG   :     x28  0000000000000001  x29  0000007b12182d10  x30  0000007b1236c268
12-25 21:28:56.642  2197  2197 F DEBUG   :     sp   0000007b12182cc0  pc   0000007b1236c2c0  pstate 0000000060000000
12-25 21:28:56.650  2197  2197 F DEBUG   : 
12-25 21:28:56.650  2197  2197 F DEBUG   : backtrace:
12-25 21:28:56.650  2197  2197 F DEBUG   :     #00 pc 00000000000692c0  /system/lib64/libnfc-nci.so (NfcAdaptation::InitializeHalDeviceContext()+368)
12-25 21:28:56.650  2197  2197 F DEBUG   :     #01 pc 0000000000068de8  /system/lib64/libnfc-nci.so (NfcAdaptation::Initialize()+760)
12-25 21:28:56.650  2197  2197 F DEBUG   :     #02 pc 000000000001326c  /system/lib64/libnfc_nci_jni.so (android::nfcManager_doInitialize(_JNIEnv*, _jobject*)+88)
12-25 21:28:56.650  2197  2197 F DEBUG   :     #03 pc 000000000000819c  /data/dalvik-cache/arm64/system@app@NfcNci@NfcNci.apk@classes.dex (offset 0x8000)
12-25 21:28:56.654   487   594 E ThermalEngine: ACTION: CLUSTER - Setting CLUSTER[1] to 1689600
12-25 21:28:56.662   459   459 I android.hardware.wifi@1.0-service: Wifi HAL stopped
12-25 21:28:56.662   871  1534 I WifiVendorHal: Vendor Hal stopped
12-25 21:28:56.662   871  1534 D WificondControl: tearing down interfaces in wificond
12-25 21:28:56.663   502   502 I wificond: Unsubscribe scan result for interface with index: 5
12-25 21:28:56.659   871   871 W system_server: type=1400 audit(0.0:197): avc: granted { execute } for path="/data/dalvik-cache/arm64/system@framework@com.android.location.provider.jar@classes.dex" dev="mmcblk0p50" ino=1013840 scontext=u:r:system_server:s0 tcontext=u:object_r:dalvikcache_data_file:s0 tclass=file
12-25 21:28:56.664   871   871 W zygote64: ClassLoaderContext classpath size mismatch for position 0. expected=3, found=1 (PCL[services.jar*2979089102:ethernet-service.jar*1898347024:wifi-service.jar*2485829114] | PCL[/system/framework/izat.xt.srv.jar*780553333])
12-25 21:28:56.666   871   885 I SyncManager: Loaded persisted syncs: 0 periodic syncs, 0 oneshot syncs, 7 total system server jobs, JobStats: FirstLoad: 0/0/0 LastSave: -1/-1/-1
12-25 21:28:56.666   459   459 I android.hardware.wifi@1.0-service: Wifi HAL started
12-25 21:28:56.663   871   871 W system_server: type=1400 audit(0.0:198): avc: granted { execute } for path="/data/dalvik-cache/arm64/system@priv-app@com.qualcomm.location@com.qualcomm.location.apk@classes.dex" dev="mmcblk0p50" ino=1013982 scontext=u:r:system_server:s0 tcontext=u:object_r:dalvikcache_data_file:s0 tclass=file
12-25 21:28:56.698   487   593 E ThermalEngine: [GPU_MON] ACTION: GPU - [GPU_MON] Setting GPU[0] to 600000000
12-25 21:28:56.699   487   592 E ThermalEngine: [BMHB_GOV] read failed VS_TEMP
12-25 21:28:56.703  2158  2158 D MediaScannerReceiver: action: android.intent.action.MEDIA_MOUNTED path: /storage/emulated/0
12-25 21:28:56.703   487   594 E ThermalEngine: ACTION: CLUSTER - Setting CLUSTER[1] to 1632000
12-25 21:28:56.709  2095  2141 D LoaderTask: loadWorkspace: loading default favorites
12-25 21:28:56.719   871   871 D LocSvc_jni: LocationService_jni: JNI_OnLoad
12-25 21:28:56.721  2095  2207 D OpenGLRenderer: HWUI GL Pipeline
12-25 21:28:56.724   871   871 D IzatProviderEngine_jni: register_IzatProviderEngine
12-25 21:28:56.724   871   871 D FlpSvcProvider_jni: register_FlpServiceProvider
12-25 21:28:56.724   871   871 D GeofenceSvcProvider_jni: register_GeofenceServiceProvider
12-25 21:28:56.731   871   871 W ActivityManager: Unable to start service Intent { act=android.intent.action.BOOT_COMPLETED cmp=com.qualcomm.location.XT/.XTSrv } U=0: not found
12-25 21:28:56.733   487   594 E ThermalEngine: ACTION: CLUSTER - Setting CLUSTER[1] to 1536000
12-25 21:28:56.738   871   871 D IzatProviderEngine_jni: Entering  : void onJavaClassLoad(JNIEnv *, jclass)
12-25 21:28:56.739   871   871 D IzatProviderEngine_jni: Entering  : void onJavaInstanceInit(JNIEnv *, jobject)
12-25 21:28:56.742   871   871 V OSNPGlue_jni: Entering  : void onJavaClassLoad(JNIEnv *, jclass)
12-25 21:28:56.749   871  2209 V IzatServiceBase: handleGNPProxyInit
12-25 21:28:56.751   871  1819 D AutofillManagerServiceImpl: Reset component for user 0
12-25 21:28:56.756   871  2209 V OSNPGlue_jni: Entering  : void onJavaInstanceInit(JNIEnv *, jobject)
12-25 21:28:56.764   487   594 E ThermalEngine: ACTION: CLUSTER - Setting CLUSTER[1] to 1440000
12-25 21:28:56.767   871   871 D LBSSystemMonitorService: SUPL_ES is: 0
12-25 21:28:56.767   871   871 D LBSSystemMonitorService: nonSGLTE device without ES SUPL
12-25 21:28:56.770  2095  2207 I Adreno  : QUALCOMM build                   : d3015e9, I25dc76dc3f
12-25 21:28:56.770  2095  2207 I Adreno  : Build Date                       : 01/26/17
12-25 21:28:56.770  2095  2207 I Adreno  : OpenGL ES Shader Compiler Version: XE031.09.00.03
12-25 21:28:56.770  2095  2207 I Adreno  : Local Branch                     : 
12-25 21:28:56.770  2095  2207 I Adreno  : Remote Branch                    : refs/tags/AU_LINUX_ANDROID_LA.BF64.1.2.3_RB1.07.00.00.258.011
12-25 21:28:56.770  2095  2207 I Adreno  : Remote Branch                    : NONE
12-25 21:28:56.770  2095  2207 I Adreno  : Reconstruct Branch               : NOTHING
12-25 21:28:56.767  2207  2207 I RenderThread: type=1400 audit(0.0:199): avc: denied { read write } for name="kgsl-3d0" dev="tmpfs" ino=10408 scontext=u:r:platform_app:s0:c512,c768 tcontext=u:object_r:device:s0 tclass=chr_file permissive=1
12-25 21:28:56.767  2207  2207 I RenderThread: type=1400 audit(0.0:200): avc: denied { open } for path="/dev/kgsl-3d0" dev="tmpfs" ino=10408 scontext=u:r:platform_app:s0:c512,c768 tcontext=u:object_r:device:s0 tclass=chr_file permissive=1
12-25 21:28:56.780  2095  2207 I com.android.launcher3: android::hardware::configstore::V1_0::ISurfaceFlingerConfigs::hasWideColorDisplay retrieved: 0
12-25 21:28:56.783  2095  2207 I OpenGLRenderer: Initialized EGL, version 1.4
12-25 21:28:56.783  2095  2207 D OpenGLRenderer: Swap behavior 2
12-25 21:28:56.795   487   594 E ThermalEngine: ACTION: CLUSTER - Setting CLUSTER[1] to 1344000
12-25 21:28:56.819  2095  2095 W View    : requestLayout() improperly called by com.android.launcher3.graphics.GradientView{43af3ec V.ED..... ......I. 0,0-0,0 #7f0b0033 app:id/gradient_bg} during layout: running second layout pass
12-25 21:28:56.825   487   594 E ThermalEngine: ACTION: CLUSTER - Setting CLUSTER[1] to 1248000
12-25 21:28:56.829   871   871 W LocSvc_NiH: Vendor from gps property : GLOBAL
12-25 21:28:56.849   871   871 D IzatService: register Izat service on entry
12-25 21:28:56.849   396   396 E SELinux : avc:  denied  { add } for service=com.qualcomm.location.izat.IzatService pid=871 uid=1000 scontext=u:r:system_server:s0 tcontext=u:object_r:default_android_service:s0 tclass=service_manager permissive=1
12-25 21:28:56.850   871   871 I FusedLocation: engine stopped (com.android.location.fused)
12-25 21:28:56.855   487   594 E ThermalEngine: ACTION: CLUSTER - Setting CLUSTER[1] to 960000
12-25 21:28:56.885   487   594 E ThermalEngine: ACTION: CLUSTER - Setting CLUSTER[1] to 1248000
12-25 21:28:56.893   871  2234 I RecoverySystem: No recovery log file
12-25 21:28:56.901   871  2234 I BootReceiver: Copying /sys/fs/pstore/console-ramoops-0 to DropBox (SYSTEM_LAST_KMSG)
12-25 21:28:56.913   871  1687 E Diag_Lib:  Diag_LSM_Init: Failed to open handle to diag driver, error = 2
12-25 21:28:56.913   871  1687 I chatty  : uid=1000(system) Thread-3 identical 1 line
12-25 21:28:56.915   871  1687 E Diag_Lib:  Diag_LSM_Init: Failed to open handle to diag driver, error = 2
12-25 21:28:56.916   487   594 E ThermalEngine: ACTION: CLUSTER - Setting CLUSTER[1] to 1344000
12-25 21:28:56.919   871   871 I ActivityManager: Start proc 2235:com.android.dialer/u0a20 for broadcast com.android.dialer/.app.calllog.CallLogReceiver
12-25 21:28:56.930  2158  2206 F MediaProfiles: frameworks/av/media/libmedia/MediaProfiles.cpp:329 CHECK(quality != -1) failed.
12-25 21:28:56.930  2158  2206 F libc    : Fatal signal 6 (SIGABRT), code -6 in tid 2206 (MediaScannerSer), pid 2158 (d.process.media)
12-25 21:28:56.933   871   881 I zygote64: Background concurrent copying GC freed 55566(4MB) AllocSpace objects, 20(800KB) LOS objects, 42% free, 8MB/15MB, paused 121us total 116.544ms
12-25 21:28:56.934   871  2234 I BootReceiver: Copying audit failures to DropBox
12-25 21:28:56.942   522   522 E /system/bin/tombstoned: Tombstone written to: /data/tombstones/tombstone_48
12-25 21:28:56.942   871  2234 I BootReceiver: Copied 4392 worth of audits to DropBox
12-25 21:28:56.944   487   594 E ThermalEngine: ACTION: CLUSTER - Setting CLUSTER[1] to 1440000
12-25 21:28:56.945   487   594 E ThermalEngine: ACTION: CLUSTER - Setting CLUSTER[1] to 1536000
12-25 21:28:56.945   871  2234 I BootReceiver: Checking for fsck errors
12-25 21:28:56.946   871  2234 I BootReceiver: fs_stat, partition:system stat:0x1
12-25 21:28:56.946   871  2234 I BootReceiver: fs_stat, partition:userdata stat:0x1
12-25 21:28:56.946   871  2234 I BootReceiver: fs_stat, partition:cache stat:0x1
12-25 21:28:56.946   871  2234 I BootReceiver: fs_stat, partition:persist stat:0x3
12-25 21:28:56.946   871  2234 I BootReceiver: fs_stat, partition:sns stat:0x3
12-25 21:28:56.946   871  2234 I BootReceiver: fs_stat, partition:drm stat:0x3
12-25 21:28:56.946   871  2234 I BootReceiver: fs_stat, partition:mpt stat:0x3
12-25 21:28:56.947   871  2234 I BootReceiver: fs_stat, partition:cust stat:0x3
12-25 21:28:56.947   871  2234 I BootReceiver: fs_stat, partition:system stat:0x541
12-25 21:28:56.947   871  2234 I BootReceiver: fs_stat, partition:userdata stat:0x549
12-25 21:28:56.948   871  2234 I BootReceiver: fs_stat, partition:cache stat:0x549
12-25 21:28:56.949   871  2234 I BootReceiver: fs_stat, partition:persist stat:0x54b
12-25 21:28:56.950   871  2234 I BootReceiver: fs_stat, partition:sns stat:0x54b
12-25 21:28:56.951   871  2234 I BootReceiver: fs_stat, partition:drm stat:0x54b
12-25 21:28:56.951   871  2234 I BootReceiver: fs_stat, partition:mpt stat:0x54b
12-25 21:28:56.956   871  2234 I BootReceiver: Copying /data/tombstones/tombstone_47 to DropBox (SYSTEM_TOMBSTONE)
12-25 21:28:56.975   487   594 E ThermalEngine: ACTION: CLUSTER - Setting CLUSTER[1] to 1632000
12-25 21:28:56.979   871  2234 I BootReceiver: Copying /data/tombstones/tombstone_48 to DropBox (SYSTEM_TOMBSTONE)
12-25 21:28:57.005   487   594 E ThermalEngine: ACTION: CLUSTER - Setting CLUSTER[1] to 1824000
12-25 21:28:57.008  2256  2256 I crash_dump64: obtaining output fd from tombstoned, type: kDebuggerdTombstone
12-25 21:28:57.009   522   522 I /system/bin/tombstoned: received crash request for pid 2158
12-25 21:28:57.011  2256  2256 I crash_dump64: performing dump of process 2158 (target tid = 2206)
12-25 21:28:57.013  2256  2256 F DEBUG   : *** *** *** *** *** *** *** *** *** *** *** *** *** *** *** ***
12-25 21:28:57.013  2256  2256 F DEBUG   : Build fingerprint: 'lge/p1_global_com/p1:8.0/NRD90U/171931902b165:user/release-keys'
12-25 21:28:57.013  2256  2256 F DEBUG   : Revision: '11'
12-25 21:28:57.013  2256  2256 F DEBUG   : ABI: 'arm64'
12-25 21:28:57.013  2256  2256 F DEBUG   : pid: 2158, tid: 2206, name: MediaScannerSer  >>> android.process.media <<<
12-25 21:28:57.013  2256  2256 F DEBUG   : signal 6 (SIGABRT), code -6 (SI_TKILL), fault addr --------
12-25 21:28:57.016  2256  2256 F DEBUG   : Abort message: 'frameworks/av/media/libmedia/MediaProfiles.cpp:329 CHECK(quality != -1) failed.'
12-25 21:28:57.016  2256  2256 F DEBUG   :     x0   0000000000000000  x1   000000000000089e  x2   0000000000000006  x3   0000000000000008
12-25 21:28:57.016  2256  2256 F DEBUG   :     x4   0000000000000000  x5   0000000000000000  x6   0000000000000000  x7   7f7f7f7f7f7f7f7f
12-25 21:28:57.016  2256  2256 F DEBUG   :     x8   0000000000000083  x9   aa2cfd08aae1da15  x10  0000000000000000  x11  0000000000000001
12-25 21:28:57.016  2256  2256 F DEBUG   :     x12  ffffffffffffffff  x13  ffffffffffffffff  x14  ff00000000000000  x15  ffffffffffffffff
12-25 21:28:57.016  2256  2256 F DEBUG   :     x16  0000005569b51fa8  x17  0000007baacf7e64  x18  0000000000000000  x19  000000000000086e
12-25 21:28:57.016  2256  2256 F DEBUG   :     x20  000000000000089e  x21  0000000000000000  x22  0000007b2088590c  x23  0000007b1247b588
12-25 21:28:57.016  2256  2256 F DEBUG   :     x24  0000000000000018  x25  0000007baa5bf9a8  x26  0000007b1247b588  x27  0000007b1247b588
12-25 21:28:57.016  2256  2256 F DEBUG   :     x28  0000007b208a4030  x29  0000007b124767c0  x30  0000007baacad978
12-25 21:28:57.016  2256  2256 F DEBUG   :     sp   0000007b12476780  pc   0000007baacad994  pstate 0000000060000000
12-25 21:28:57.016   396   396 I ServiceManager: service 'nfc' died
12-25 21:28:57.017   871  2092 I ActivityManager: Process com.android.nfc (pid 2051) has died: pers PER 
12-25 21:28:57.018   871  2092 W ActivityManager: Re-adding persistent process ProcessRecord{8529511 2051:com.android.nfc/1027}
12-25 21:28:57.018   871   888 W system_server: kill(-2051, 9) failed: No such process
12-25 21:28:57.021   415   415 I Zygote  : Process 2051 exited due to signal (11)
12-25 21:28:57.022   487   594 E ThermalEngine: ACTION: CLUSTER - Setting CLUSTER[1] to 1689600
12-25 21:28:57.033   487   594 E ThermalEngine: ACTION: CLUSTER - Setting CLUSTER[1] to 1824000
12-25 21:28:57.036  2256  2256 F DEBUG   : 
12-25 21:28:57.036  2256  2256 F DEBUG   : backtrace:
12-25 21:28:57.036  2256  2256 F DEBUG   :     #00 pc 000000000001d994  /system/lib64/libc.so (abort+104)
12-25 21:28:57.036  2256  2256 F DEBUG   :     #01 pc 0000000000007f20  /system/lib64/liblog.so (__android_log_assert+304)
12-25 21:28:57.036  2256  2256 F DEBUG   :     #02 pc 00000000000b9d7c  /system/lib64/libmedia.so (_ZN7android13MediaProfiles22createCamcorderProfileEiPPKcRNS_6VectorIiEE.cfi+200)
12-25 21:28:57.036  2256  2256 F DEBUG   :     #03 pc 00000000000baa24  /system/lib64/libmedia.so (_ZN7android13MediaProfiles19startElementHandlerEPvPKcPS3_.cfi+940)
12-25 21:28:57.036  2256  2256 F DEBUG   :     #04 pc 000000000000b598  /system/lib64/libexpat.so (doContent+3028)
12-25 21:28:57.036  2256  2256 F DEBUG   :     #05 pc 00000000000095b4  /system/lib64/libexpat.so (contentProcessor+60)
12-25 21:28:57.036  2256  2256 F DEBUG   :     #06 pc 0000000000005df8  /system/lib64/libexpat.so (XML_ParseBuffer+148)
12-25 21:28:57.036  2256  2256 F DEBUG   :     #07 pc 00000000000bc4e0  /system/lib64/libmedia.so (_ZN7android13MediaProfiles25createInstanceFromXmlFileEPKc.cfi+212)
12-25 21:28:57.036  2256  2256 F DEBUG   :     #08 pc 00000000000bc070  /system/lib64/libmedia.so (_ZN7android13MediaProfiles11getInstanceEv.cfi+104)
12-25 21:28:57.036  2256  2256 F DEBUG   :     #09 pc 0000000000045968  /system/lib64/libmedia_jni.so (android_media_MediaProfiles_native_init(_JNIEnv*)+40)
12-25 21:28:57.036  2256  2256 F DEBUG   :     #10 pc 0000000071938500  /data/dalvik-cache/arm64/system@framework@boot.oat (offset 0x9ec000)
12-25 21:28:57.038   871  2092 I ActivityManager: Start proc 2257:com.android.nfc/1027 for restart com.android.nfc
12-25 21:28:57.049  2235  2235 I Dialer  : NonUiTaskBuilder.newThread - creating parallel thread
12-25 21:28:57.055  2235  2235 I Dialer  : CallLogFramework.registerContentObservers - enter
12-25 21:28:57.058  2235  2235 I Dialer  : CallLogFramework.registerContentObservers - new call log not enabled
12-25 21:28:57.061   871   888 W system_server: kill(-2051, 9) failed: No such process
12-25 21:28:57.061   871   888 I system_server: Successfully killed process cgroup uid 1027 pid 2051 in 42ms
12-25 21:28:57.077  2235  2235 I Dialer  : NonUiTaskBuilder.newThread - creating parallel thread
12-25 21:28:57.091   871  2090 I ActivityManager: Start proc 2279:android.process.acore/u0a3 for content provider com.android.providers.contacts/.CallLogProvider
12-25 21:28:57.096  2257  2257 I NfcService: Starting NFC service
12-25 21:28:57.107  2257  2257 I BrcmNfcJni: NFC Service: loading nci JNI
12-25 21:28:57.107  2257  2257 D NfcAdaptation: readConfig Opened base config /vendor/etc/libnfc-brcm.conf
12-25 21:28:57.113  2257  2257 D NfcAdaptation: find found SCREEN_OFF_POWER_STATE=(0x1)
12-25 21:28:57.114  2257  2257 D NfcAdaptation: find found AID_MATCHING_MODE=(0x1)
12-25 21:28:57.116  2257  2257 W Settings: Setting device_provisioned has moved from android.provider.Settings.Secure to android.provider.Settings.Global.
12-25 21:28:57.119   487   594 E ThermalEngine: ACTION: CLUSTER - Setting CLUSTER[1] to 1689600
12-25 21:28:57.144  2257  2257 W NfceeAccess: could not find /etc/nfcee_access.xml, no NFCEE access allowed
12-25 21:28:57.146  2257  2257 I NfceeAccess: read 0 signature(s) for NFCEE access
12-25 21:28:57.149   487   594 E ThermalEngine: ACTION: CLUSTER - Setting CLUSTER[1] to 1824000
12-25 21:28:57.159   487   594 E ThermalEngine: ACTION: CLUSTER - Setting CLUSTER[1] to 1689600
12-25 21:28:57.171  2257  2257 D RegisteredT3tIdentifiersCache: RegisteredT3tIdentifiersCache
12-25 21:28:57.172   487   594 E ThermalEngine: ACTION: CLUSTER - Setting CLUSTER[1] to 1824000
12-25 21:28:57.175  2279  2279 I ContactsPerf: VoicemailContentProvider.onCreate start
12-25 21:28:57.179  2279  2279 I ContactsPerf: VoicemailContentProvider.onCreate finish
12-25 21:28:57.183   487   594 E ThermalEngine: ACTION: CLUSTER - Setting CLUSTER[1] to 1689600
12-25 21:28:57.199  2257  2257 D RegisteredServicesCache: Dynamic AIDs file does not exist.
12-25 21:28:57.202  2257  2257 D RegisteredNfcFServicesCache: Dynamic System Code, NFCID2 file does not exist.
12-25 21:28:57.203  2257  2257 D RegisteredNfcFServicesCache: Service unchanged, not updating
12-25 21:28:57.205  2257  2302 D NfcService: checking on firmware download
12-25 21:28:57.205  2257  2302 D NfcService: NFC is on. Doing normal stuff
12-25 21:28:57.205  2257  2302 I NfcService: Enabling NFC
12-25 21:28:57.209   487   594 E ThermalEngine: ACTION: CLUSTER - Setting CLUSTER[1] to 1824000
12-25 21:28:57.209  2279  2298 D ContactsDatabaseHelper: WAL enabled for contacts2.db: true
12-25 21:28:57.210   487   594 E ThermalEngine: ACTION: CLUSTER - Setting CLUSTER[1] to 1689600
12-25 21:28:57.211  2257  2302 D NfcAdaptation: find found SCREEN_OFF_POWER_STATE=(0x1)
12-25 21:28:57.212  2257  2302 D NfcAdaptation: NfcAdaptation::Initialize: enter
12-25 21:28:57.212  2257  2302 E NfcAdaptation: NfcAdaptation::Initialize: ver=NFCDROID-AOSP_M_00.01 nfa=NFA_PI_1.03.66+
12-25 21:28:57.212  2257  2302 D NfcAdaptation: find found NFA_STORAGE=/data/nfc
12-25 21:28:57.212  2257  2302 D NfcAdaptation: find found PROTOCOL_TRACE_LEVEL=(0xFFFFFFFF)
12-25 21:28:57.212  2257  2302 D NfcAdaptation: find found NFA_MAX_EE_SUPPORTED=(0x2)
12-25 21:28:57.212  2257  2302 D NfcAdaptation: NfcAdaptation::Initialize: Overriding NFA_EE_MAX_EE_SUPPORTED to use 2
12-25 21:28:57.213  2257  2302 D NfcAdaptation: find found APPL_TRACE_LEVEL=(0xFF)
12-25 21:28:57.213  2257  2302 D BrcmNfcJni: initializeGlobalAppLogLevel: level=5
12-25 21:28:57.213  2257  2302 D         : verify_stack_non_volatile_store
12-25 21:28:57.213  2257  2302 D NfcNciHal: crcChecksumVerifyIntegrity: filename=/data/nfc/nfaStorage.bin1
12-25 21:28:57.213  2257  2302 D NfcNciHal: crcChecksumVerifyIntegrity: filename=/data/nfc/nfaStorage.bin2
12-25 21:28:57.213  2257  2302 D NfcNciHal: crcChecksumVerifyIntegrity: filename=/data/nfc/nfaStorage.bin3
12-25 21:28:57.213  2257  2302 D NfcNciHal: crcChecksumVerifyIntegrity: filename=/data/nfc/nfaStorage.bin4
12-25 21:28:57.213  2257  2302 D NfcNciHal: crcChecksumVerifyIntegrity: filename=/data/nfc/nfaStorage.bin5
12-25 21:28:57.213  2257  2302 D NfcAdaptation: find found PRESERVE_STORAGE=(0x1)
12-25 21:28:57.213  2257  2302 D NfcAdaptation: Initialize: preserve stack NV store
12-25 21:28:57.216  2257  2304 D NfcAdaptation: NfcAdaptation::NFCA_TASK: enter
12-25 21:28:57.216  2257  2304 I BrcmNfcNfa: GKI_run(): Start/Stop GKI_timer_update_registered!
12-25 21:28:57.216  2257  2305 D NfcAdaptation: NfcAdaptation::Thread: enter
12-25 21:28:57.218  2257  2306 I BrcmNfcNfa: NFC_TASK started.
12-25 21:28:57.218  2257  2305 D NfcAdaptation: NfcAdaptation::Thread: exit
12-25 21:28:57.218  2257  2302 D NfcAdaptation: NfcAdaptation::InitializeHalDeviceContext: enter
12-25 21:28:57.218  2257  2305 E BrcmNfcNfa: gki_task task_id=0 terminating
12-25 21:28:57.218  2257  2302 I NfcAdaptation: NfcAdaptation::InitializeHalDeviceContext: INfc::getService()
12-25 21:28:57.219  2257  2302 D vndksupport: Loading /vendor/lib64/hw/android.hardware.nfc@1.0-impl.so from current namespace instead of sphal namespace.
12-25 21:28:57.228  2257  2302 E android.hardware.nfc@1.0-impl: hw_get_module nfc_nci failed: -2
12-25 21:28:57.228  2257  2302 E android.hardware.nfc@1.0-impl: Passthrough failed to load legacy HAL.
12-25 21:28:57.230  2257  2302 F libc    : Fatal signal 11 (SIGSEGV), code 1, fault addr 0x0 in tid 2302 (AsyncTask #1), pid 2257 (com.android.nfc)
12-25 21:28:57.238   522   522 E /system/bin/tombstoned: Tombstone written to: /data/tombstones/tombstone_49
12-25 21:28:57.239  2235  2235 I Dialer  : VisualVoicemailUpdateTask.scheduleTask - update successful
12-25 21:28:57.241   871   892 I BootReceiver: Copying /data/tombstones/tombstone_49 to DropBox (SYSTEM_TOMBSTONE)
12-25 21:28:57.249   871   871 I Telecom : DefaultDialerCache: Refreshing default dialer for user 0: now com.android.dialer: DDC.oR@AA4
12-25 21:28:57.258  2279  2298 I ContactLocale: AddressBook Labels [[en_US]]: [, A, B, C, D, E, F, G, H, I, J, K, L, M, N, O, P, Q, R, S, T, U, V, W, X, Y, Z, , , , , , , , , , , , , , , , , , , , , , , , , , , , , , , , , , , , , , , , , , , , , , , , , , , , , , , , , , , , , , , , , , , , , , , , , , , , , , , , , , , , , , , , , , , , , , , , , , , , , , , , , , , , , , , , , , , , , , , , , , , , , , , , , , , , , , , , , , , , , , , , , , , , , , , , , , , , , , , , , , , , , , , , , , , , , , , , , , , , , , , , , , , #, ]
12-25 21:28:57.261   487   594 E ThermalEngine: ACTION: CLUSTER - Setting CLUSTER[1] to 1824000
12-25 21:28:57.262  1731  1731 D CarrierConfigLoader: mHandler: 13 phoneId: 0
12-25 21:28:57.269   487   594 E ThermalEngine: ACTION: CLUSTER - Setting CLUSTER[1] to 1689600
12-25 21:28:57.273  2279  2298 D ContactsDatabaseHelper: WAL enabled for profile.db: false
12-25 21:28:57.276   871  1588 I ActivityManager: Process android.process.media (pid 2158) has died: fore BFGS
12-25 21:28:57.276   871  1588 W ActivityManager: Scheduling restart of crashed service com.android.providers.media/.MediaScannerService in 1140ms
12-25 21:28:57.278   415   415 I Zygote  : Process 2158 exited due to signal (6)
12-25 21:28:57.278   871   888 W system_server: kill(-2158, 9) failed: No such process
12-25 21:28:57.278   871   888 I system_server: Successfully killed process cgroup uid 10008 pid 2158 in 1ms
12-25 21:28:57.284  2315  2315 I crash_dump64: obtaining output fd from tombstoned, type: kDebuggerdTombstone
12-25 21:28:57.284   522   522 I /system/bin/tombstoned: received crash request for pid 2257
12-25 21:28:57.285  2315  2315 I crash_dump64: performing dump of process 2257 (target tid = 2302)
12-25 21:28:57.285  2315  2315 F DEBUG   : *** *** *** *** *** *** *** *** *** *** *** *** *** *** *** ***
12-25 21:28:57.285  2315  2315 F DEBUG   : Build fingerprint: 'lge/p1_global_com/p1:8.0/NRD90U/171931902b165:user/release-keys'
12-25 21:28:57.286  2315  2315 F DEBUG   : Revision: '11'
12-25 21:28:57.286  2315  2315 F DEBUG   : ABI: 'arm64'
12-25 21:28:57.286  2315  2315 F DEBUG   : pid: 2257, tid: 2302, name: AsyncTask #1  >>> com.android.nfc <<<
12-25 21:28:57.286  2315  2315 F DEBUG   : signal 11 (SIGSEGV), code 1 (SEGV_MAPERR), fault addr 0x0
12-25 21:28:57.286  2315  2315 F DEBUG   : Cause: null pointer dereference
12-25 21:28:57.286  2315  2315 F DEBUG   :     x0   0000007b2080d380  x1   0000007b12187ba8  x2   0000007b20800000  x3   0000000000000002
12-25 21:28:57.286  2315  2315 F DEBUG   :     x4   000000000000000d  x5   0000007b29b82a88  x6   0000007b2080d4a0  x7   0000007b2080d480
12-25 21:28:57.286  2315  2315 F DEBUG   :     x8   000000000000000e  x9   aa2cfd08aae1da15  x10  0000000000000001  x11  0000000000000000
12-25 21:28:57.286  2315  2315 F DEBUG   :     x12  0000007b2080d4c0  x13  0000007b26ce4e80  x14  0000000000000000  x15  0000007bae12d000
12-25 21:28:57.286  2315  2315 F DEBUG   :     x16  0000007b121b7898  x17  0000007bab29b580  x18  000000000000001e  x19  0000000000000000
12-25 21:28:57.286  2315  2315 F DEBUG   :     x20  0000007b12189588  x21  0000007b122bd16c  x22  0000007b122bd820  x23  0000007b1282eb4e
12-25 21:28:57.286  2315  2315 F DEBUG   :     x24  0000000000000004  x25  0000007b12189588  x26  0000007b12189588  x27  0000007b125b5000
12-25 21:28:57.286  2315  2315 F DEBUG   :     x28  0000000000000001  x29  0000007b12187d10  x30  0000007b12292268
12-25 21:28:57.286  2315  2315 F DEBUG   :     sp   0000007b12187cc0  pc   0000007b122922c0  pstate 0000000060000000
12-25 21:28:57.290   487   594 E ThermalEngine: ACTION: CLUSTER - Setting CLUSTER[1] to 1824000
12-25 21:28:57.290   487   594 E ThermalEngine: ACTION: CLUSTER - Setting CLUSTER[1] to 1689600
12-25 21:28:57.293  2315  2315 F DEBUG   : 
12-25 21:28:57.293  2315  2315 F DEBUG   : backtrace:
12-25 21:28:57.293  2315  2315 F DEBUG   :     #00 pc 00000000000692c0  /system/lib64/libnfc-nci.so (NfcAdaptation::InitializeHalDeviceContext()+368)
12-25 21:28:57.293  2315  2315 F DEBUG   :     #01 pc 0000000000068de8  /system/lib64/libnfc-nci.so (NfcAdaptation::Initialize()+760)
12-25 21:28:57.293  2315  2315 F DEBUG   :     #02 pc 000000000001326c  /system/lib64/libnfc_nci_jni.so (android::nfcManager_doInitialize(_JNIEnv*, _jobject*)+88)
12-25 21:28:57.293  2315  2315 F DEBUG   :     #03 pc 000000000000819c  /data/dalvik-cache/arm64/system@app@NfcNci@NfcNci.apk@classes.dex (offset 0x8000)
12-25 21:28:57.303   871   883 I ActivityManager: Start proc 2318:co.aoscp.musicx/u0a49 for broadcast co.aoscp.musicx/.appwidgets.BootReceiver
12-25 21:28:57.322   487   594 E ThermalEngine: ACTION: CLUSTER - Setting CLUSTER[1] to 1632000
12-25 21:28:57.327  1731  2332 D SIP     : [SipPreferences] isReceivingCallsEnabled, option not set; use default value, exception: android.provider.Settings$SettingNotFoundException: sip_receive_calls
12-25 21:28:57.353   487   594 E ThermalEngine: ACTION: CLUSTER - Setting CLUSTER[1] to 1536000
12-25 21:28:57.384   487   594 E ThermalEngine: ACTION: CLUSTER - Setting CLUSTER[1] to 1632000
12-25 21:28:57.384   487   594 E ThermalEngine: ACTION: CLUSTER - Setting CLUSTER[1] to 1536000
12-25 21:28:57.384   871  2090 I ActivityManager: Start proc 2336:com.android.calendar/u0a40 for broadcast com.android.calendar/.alerts.AlertReceiver
12-25 21:28:57.407  1687  1687 I Thread-3: type=1400 audit(0.0:201): avc: denied { ioctl } for path="socket:[18307]" dev="sockfs" ino=18307 ioctlcmd=c302 scontext=u:r:system_server:s0 tcontext=u:r:system_server:s0 tclass=socket permissive=1
12-25 21:28:57.412   459   459 E android.hardware.wifi@1.0-service: Failed to set DFS flag; DFS channels may be unavailable.
12-25 21:28:57.414   487   594 E ThermalEngine: ACTION: CLUSTER - Setting CLUSTER[1] to 1440000
12-25 21:28:57.420   871  1534 I WifiVendorHal: Vendor Hal started successfully
12-25 21:28:57.420   871  1534 D WificondControl: Setting up driver for client mode
12-25 21:28:57.421   502   502 I wificond: create scanner for interface with index: 5
12-25 21:28:57.421   502   502 I wificond: subscribe scan result for interface with index: 5
12-25 21:28:57.422   502   502 E wificond: No Offload Service available
12-25 21:28:57.422   502   502 I wificond: Offload HAL not supported 
12-25 21:28:57.425   414   436 D CommandListener: Clearing all IP addresses on wlan0
12-25 21:28:57.426   487   594 E ThermalEngine: ACTION: CLUSTER - Setting CLUSTER[1] to 1689600
12-25 21:28:57.426   487   594 E ThermalEngine: ACTION: CLUSTER - Setting CLUSTER[1] to 1824000
12-25 21:28:57.450   871  1687 E LocSvc_api_v02: I/---> locClientSendReq line 2059 QMI_LOC_SET_PROTOCOL_CONFIG_PARAMETERS_REQ_V02
12-25 21:28:57.454  2336  2336 D ExtensionsFactory: No custom extensions.
12-25 21:28:57.456   487   594 E ThermalEngine: ACTION: CLUSTER - Setting CLUSTER[1] to 1689600
12-25 21:28:57.457   871  1709 E LocSvc_ApiV02: I/<--- void globalRespCb(locClientHandleType, uint32_t, const locClientRespIndUnionType, uint32_t, void *) line 133 QMI_LOC_SET_PROTOCOL_CONFIG_PARAMETERS_REQ_V02
12-25 21:28:57.457   871  1687 E LocSvc_api_v02: I/---> locClientSendReq line 2059 QMI_LOC_SET_PROTOCOL_CONFIG_PARAMETERS_REQ_V02
12-25 21:28:57.459  2336  2336 D AlertReceiver: onReceive: a=android.intent.action.BOOT_COMPLETED Intent { act=android.intent.action.BOOT_COMPLETED flg=0x9000010 cmp=com.android.calendar/.alerts.AlertReceiver (has extras) }
12-25 21:28:57.465   871  1709 E LocSvc_ApiV02: I/<--- void globalRespCb(locClientHandleType, uint32_t, const locClientRespIndUnionType, uint32_t, void *) line 133 QMI_LOC_SET_PROTOCOL_CONFIG_PARAMETERS_REQ_V02
12-25 21:28:57.465   871  1687 E LocSvc_api_v02: I/---> locClientSendReq line 2059 QMI_LOC_SET_SENSOR_CONTROL_CONFIG_REQ_V02
12-25 21:28:57.467  2363  2363 I wpa_supplicant: Processing hidl events on FD 4
12-25 21:28:57.468  2363  2363 I wpa_supplicant: Successfully initialized wpa_supplicant
12-25 21:28:57.469   871  1522 I system_server: Looking for service android.hardware.wifi.supplicant@1.0::ISupplicant/default
12-25 21:28:57.470   522   522 E /system/bin/tombstoned: Tombstone written to: /data/tombstones/tombstone_00
12-25 21:28:57.470  2363  2363 E wpa_supplicant: Could not read interface p2p0 flags: No such device
12-25 21:28:57.470  2363  2363 I wpa_supplicant: nl80211: Driver does not support authentication/association or connect commands
12-25 21:28:57.470  2363  2363 I wpa_supplicant: nl80211: deinit ifname=p2p0 disabled_11b_rates=0
12-25 21:28:57.471  2363  2363 E wpa_supplicant: Could not read interface p2p0 flags: No such device
12-25 21:28:57.471  2363  2363 E wpa_supplicant: p2p0: Failed to initialize driver interface
12-25 21:28:57.472   871   892 I BootReceiver: Copying /data/tombstones/tombstone_00 to DropBox (SYSTEM_TOMBSTONE)
12-25 21:28:57.472  2363  2363 W hw-IPCThreadState: Calling IPCThreadState::self() during shutdown is dangerous, expect a crash.
12-25 21:28:57.472  2363  2363 W hw-IPCThreadState: Calling IPCThreadState::self() during shutdown is dangerous, expect a crash.
12-25 21:28:57.473   871  1709 E LocSvc_ApiV02: I/<--- void globalRespCb(locClientHandleType, uint32_t, const locClientRespIndUnionType, uint32_t, void *) line 133 QMI_LOC_SET_SENSOR_CONTROL_CONFIG_REQ_V02
12-25 21:28:57.473   871  1687 E LocSvc_api_v02: I/---> locClientSendReq line 2059 QMI_LOC_SET_PROTOCOL_CONFIG_PARAMETERS_REQ_V02
12-25 21:28:57.477   871  1522 I system_server: Starting thread pool.
12-25 21:28:57.478   871  1522 E SupplicantStaIfaceHal: Got null ISupplicant service. Stopping supplicant HIDL startup
12-25 21:28:57.478   871  1522 E SupplicantStaIfaceHal: initalizing ISupplicantIfaces failed.
12-25 21:28:57.478   397   397 E hw-IPCThreadState: attemptIncStrongHandle(18): Not supported
12-25 21:28:57.480   871  1588 I ActivityManager: Start proc 2388:com.android.cellbroadcastreceiver/u0a7 for broadcast com.android.cellbroadcastreceiver/.CellBroadcastReceiver
12-25 21:28:57.478   397   397 I chatty  : uid=1000(system) hwservicemanage identical 3 lines
12-25 21:28:57.478   397   397 E hw-IPCThreadState: attemptIncStrongHandle(18): Not supported
12-25 21:28:57.481   871  1709 E LocSvc_ApiV02: I/<--- void globalRespCb(locClientHandleType, uint32_t, const locClientRespIndUnionType, uint32_t, void *) line 133 QMI_LOC_SET_PROTOCOL_CONFIG_PARAMETERS_REQ_V02
12-25 21:28:57.481   871  1687 E LocSvc_api_v02: I/---> locClientSendReq line 2059 QMI_LOC_SET_PROTOCOL_CONFIG_PARAMETERS_REQ_V02
12-25 21:28:57.482  2336  2380 D AlertService: 0 Action = android.intent.action.BOOT_COMPLETED
12-25 21:28:57.483   487   594 E ThermalEngine: ACTION: CLUSTER - Setting CLUSTER[1] to 1824000
12-25 21:28:57.485  2336  2380 D AlertService: Scheduling next alarm with AlarmScheduler. sEventReminderReceived: null
12-25 21:28:57.489   871  1709 E LocSvc_ApiV02: I/<--- void globalRespCb(locClientHandleType, uint32_t, const locClientRespIndUnionType, uint32_t, void *) line 133 QMI_LOC_SET_PROTOCOL_CONFIG_PARAMETERS_REQ_V02
12-25 21:28:57.489   871  1687 E LocSvc_api_v02: I/---> locClientSendReq line 2059 QMI_LOC_SET_PROTOCOL_CONFIG_PARAMETERS_REQ_V02
