01-11 23:19:39.287   864   864 I rild    : type=1400 audit(0.0:162): avc: denied { write } for name="qmux_connect_socket" dev="tmpfs" ino=15223 scontext=u:r:rild:s0 tcontext=u:object_r:socket_device:s0 tclass=sock_file permissive=1
01-11 23:19:39.415   860   860 I rild    : type=1400 audit(0.0:163): avc: denied { write } for name="radio" dev="mmcblk0p50" ino=874844 scontext=u:r:rild:s0 tcontext=u:object_r:system_data_file:s0 tclass=dir permissive=1
01-11 23:19:39.415   860   860 I rild    : type=1400 audit(0.0:164): avc: denied { add_name } for name="dummy_file" scontext=u:r:rild:s0 tcontext=u:object_r:system_data_file:s0 tclass=dir permissive=1
01-11 23:19:39.415   860   860 I rild    : type=1400 audit(0.0:165): avc: denied { create } for name="dummy_file" scontext=u:r:rild:s0 tcontext=u:object_r:system_data_file:s0 tclass=file permissive=1
01-11 23:19:39.415   860   860 I rild    : type=1400 audit(0.0:166): avc: denied { read write open } for path="/data/misc/radio/dummy_file" dev="mmcblk0p50" ino=874900 scontext=u:r:rild:s0 tcontext=u:object_r:system_data_file:s0 tclass=file permissive=1
01-11 23:19:39.415   860   860 I rild    : type=1400 audit(0.0:167): avc: denied { getattr } for path="/data/misc/radio/dummy_file" dev="mmcblk0p50" ino=874900 scontext=u:r:rild:s0 tcontext=u:object_r:system_data_file:s0 tclass=file permissive=1
01-11 23:19:39.695   959   959 I rild    : type=1400 audit(0.0:168): avc: denied { remove_name } for name="uim_remote_server_socket" dev="tmpfs" ino=16202 scontext=u:r:rild:s0 tcontext=u:object_r:socket_device:s0 tclass=dir permissive=1
01-11 23:19:39.695   959   959 I rild    : type=1400 audit(0.0:169): avc: denied { unlink } for name="uim_remote_server_socket" dev="tmpfs" ino=16202 scontext=u:r:rild:s0 tcontext=u:object_r:socket_device:s0 tclass=sock_file permissive=1
01-11 23:19:39.695   489   489 D ImsWmsClient: ImsWmsClient :: Modem is initialized; handle=255
01-11 23:19:39.723   896   896 I chatty  : uid=0(root) ifconfig expire 2 lines
01-11 23:19:39.723   826   826 I rild    : type=1400 audit(0.0:171): avc: denied { call } for scontext=u:r:rild:s0 tcontext=u:r:init:s0 tclass=binder permissive=1
01-11 23:19:39.728   504   826 D PerMgrLib: QCRIL voting for modem
01-11 23:19:39.740   467   530 D PerMgrSrv: QCRIL voting for modem
01-11 23:19:39.741   467   530 D PerMgrSrv: modem num voters is 2
01-11 23:19:39.961   489   946 D ImsWmsClient: ImsWmsClient :: event_id=4
01-11 23:19:40.228   484   587 I chatty  : uid=0(root) /system/vendor/bin/thermal-engine expire 2 lines
01-11 23:19:40.472   484   585 I chatty  : uid=0(root) /system/vendor/bin/thermal-engine expire 3 lines
01-11 23:19:41.144   541   880 I chatty  : uid=0(root) /system/bin/dex2oat expire 1 line
01-11 23:19:43.049  1168  1168 I chatty  : uid=0(root) expire 2 lines
01-11 23:19:43.135   464   464 I MSM-irqbalance: Decided to move IRQ115 from CPU0 to CPU3
01-11 23:19:43.984   779   779 W dex2oat : Verification of com.android.internal.telephony.Connection com.android.internal.telephony.CallManager.dial(com.android.internal.telephony.Phone, java.lang.String, int) took 209.208ms
01-11 23:19:44.081   484   782 E ThermalEngine: [BMHB_GOV] read failed VS_TEMP
01-11 23:19:44.114   541   878 W dex2oat : Skipping class android.hidl.base.V1_0.DebugInfo from /system/framework/android.hidl.base-V1.0-java.jar previously found in /system/framework/framework.jar
01-11 23:19:44.114   541   541 W dex2oat : Skipping class android.hidl.base.V1_0.DebugInfo$Architecture from /system/framework/android.hidl.base-V1.0-java.jar previously found in /system/framework/framework.jar
01-11 23:19:44.114   541   877 W dex2oat : Skipping class android.hidl.base.V1_0.IBase from /system/framework/android.hidl.base-V1.0-java.jar previously found in /system/framework/framework.jar
01-11 23:19:44.114   541   878 W dex2oat : Skipping class android.hidl.base.V1_0.IBase$Proxy from /system/framework/android.hidl.base-V1.0-java.jar previously found in /system/framework/framework.jar
01-11 23:19:44.114   541   880 W dex2oat : Skipping class android.hidl.base.V1_0.IBase$Stub from /system/framework/android.hidl.base-V1.0-java.jar previously found in /system/framework/framework.jar
01-11 23:19:44.163   482   482 I netmgrd : type=1400 audit(0.0:173): avc: denied { ioctl } for path="socket:[17021]" dev="sockfs" ino=17021 ioctlcmd=89f3 scontext=u:r:init:s0 tcontext=u:r:init:s0 tclass=udp_socket permissive=1
01-11 23:19:44.163   482   482 I netmgrd : type=1400 audit(0.0:174): avc: denied { ioctl } for path="socket:[17022]" dev="sockfs" ino=17022 ioctlcmd=89f8 scontext=u:r:init:s0 tcontext=u:r:init:s0 tclass=udp_socket permissive=1
01-11 23:19:44.219   779   779 W dex2oat : Skipping class android.hidl.base.V1_0.DebugInfo$Architecture from /system/framework/android.hidl.base-V1.0-java.jar previously found in /system/framework/framework.jar
01-11 23:19:44.219   779   881 W dex2oat : Skipping class android.hidl.base.V1_0.DebugInfo from /system/framework/android.hidl.base-V1.0-java.jar previously found in /system/framework/framework.jar
01-11 23:19:44.219   779   876 W dex2oat : Skipping class android.hidl.base.V1_0.IBase$Stub from /system/framework/android.hidl.base-V1.0-java.jar previously found in /system/framework/framework.jar
01-11 23:19:44.219   779   779 W dex2oat : Skipping class android.hidl.base.V1_0.IBase$Proxy from /system/framework/android.hidl.base-V1.0-java.jar previously found in /system/framework/framework.jar
01-11 23:19:44.220   779   879 W dex2oat : Skipping class android.hidl.base.V1_0.IBase from /system/framework/android.hidl.base-V1.0-java.jar previously found in /system/framework/framework.jar
01-11 23:19:44.307   491   491 I cameraserver: type=1400 audit(0.0:175): avc: denied { read write } for name="media0" dev="tmpfs" ino=9909 scontext=u:r:cameraserver:s0 tcontext=u:object_r:device:s0 tclass=chr_file permissive=1
01-11 23:19:44.307   491   491 I cameraserver: type=1400 audit(0.0:176): avc: denied { open } for path="/dev/media0" dev="tmpfs" ino=9909 scontext=u:r:cameraserver:s0 tcontext=u:object_r:device:s0 tclass=chr_file permissive=1
01-11 23:19:44.309   491   491 D mm-camera-intf: index = 0 flag = 1 mount_angle = 90 facing = 0
01-11 23:19:44.309   491   491 D mm-camera-intf: index = 1 flag = 103 mount_angle = 270 facing = 1
01-11 23:19:44.309   491   491 E mm-camera-intf: mm_camera_open: cannot open control fd of '/dev/video1' (No such device)
01-11 23:19:44.309   491   491 E mm-camera-intf: camera_open: mm_camera_open err = -1
01-11 23:19:44.309   491   491 E QCamera3HWI: static int qcamera::QCamera3HardwareInterface::initCapabilities(uint32_t): camera_open failed. rc = -1, cameraHandle = 0x0
01-11 23:19:44.309   491   491 E mm-camera-intf: mm_camera_open: cannot open control fd of '/dev/video2' (No such device)
01-11 23:19:44.309   491   491 E mm-camera-intf: camera_open: mm_camera_open err = -1
01-11 23:19:44.309   491   491 E QCamera3HWI: static int qcamera::QCamera3HardwareInterface::initCapabilities(uint32_t): camera_open failed. rc = -1, cameraHandle = 0x0
01-11 23:19:44.310   491   491 E LGCamera2HWI: void qcamera::n2pmInit() : Failed to load libn2pm.so
01-11 23:19:44.312   491   491 I CamProvider@2.4-impl: Loaded "QCamera Module" camera module
01-11 23:19:44.313   491   491 E mm-camera-intf: mm_camera_open: cannot open control fd of '/dev/video1' (No such device)
01-11 23:19:44.313   491   491 E mm-camera-intf: camera_open: mm_camera_open err = -1
01-11 23:19:44.313   491   491 E QCamera3HWI: static int qcamera::QCamera3HardwareInterface::initCapabilities(uint32_t): camera_open failed. rc = -1, cameraHandle = 0x0
01-11 23:19:44.313   491   491 E CamProvider@2.4-impl: initialize: Camera info query failed!
01-11 23:19:44.313   491   491 E CamProvider@2.4-impl: HIDL_FETCH_ICameraProvider: camera provider init failed!
01-11 23:19:44.683   482   482 I netmgrd : type=1400 audit(0.0:177): avc: denied { ioctl } for path="socket:[17082]" dev="sockfs" ino=17082 ioctlcmd=89f4 scontext=u:r:init:s0 tcontext=u:r:init:s0 tclass=udp_socket permissive=1
01-11 23:19:44.683   482   482 I netmgrd : type=1400 audit(0.0:178): avc: denied { ioctl } for path="socket:[17084]" dev="sockfs" ino=17084 ioctlcmd=89fd scontext=u:r:init:s0 tcontext=u:r:init:s0 tclass=udp_socket permissive=1
01-11 23:19:44.683   482   482 I netmgrd : type=1400 audit(0.0:179): avc: denied { create } for scontext=u:r:init:s0 tcontext=u:r:init:s0 tclass=netlink_route_socket permissive=1
01-11 23:19:44.683   482   482 I netmgrd : type=1400 audit(0.0:180): avc: denied { bind } for scontext=u:r:init:s0 tcontext=u:r:init:s0 tclass=netlink_route_socket permissive=1
01-11 23:19:44.703  1871  1871 I sh      : type=1400 audit(0.0:181): avc: denied { execute_no_trans } for path="/system/bin/tc" dev="mmcblk0p47" ino=443 scontext=u:r:init:s0 tcontext=u:object_r:system_file:s0 tclass=file permissive=1
01-11 23:19:45.031  2151  2151 I iptables: type=1400 audit(0.0:182): avc: denied { getopt } for lport=255 scontext=u:r:init:s0 tcontext=u:r:init:s0 tclass=rawip_socket permissive=1
01-11 23:19:45.763   482  1127 E Diag_Lib:  Diag_LSM_Init: Failed to open handle to diag driver, error = 2
01-11 23:19:46.043  1127  1127 I netmgrd : type=1400 audit(0.0:183): avc: denied { ioctl } for path="socket:[23074]" dev="sockfs" ino=23074 ioctlcmd=8946 scontext=u:r:init:s0 tcontext=u:r:init:s0 tclass=udp_socket permissive=1
01-11 23:19:46.095  1127  1127 I netmgrd : type=1400 audit(0.0:184): avc: denied { ioctl } for path="socket:[23178]" dev="sockfs" ino=23178 ioctlcmd=89f2 scontext=u:r:init:s0 tcontext=u:r:init:s0 tclass=udp_socket permissive=1
01-11 23:19:47.722  4454  4454 E ANDR-PERF-MPCTL: Unable to create control service (stage=1, rc=0)
01-11 23:19:47.722  4454  4454 W libc    : invalid pthread_t (0) passed to libc
01-11 23:19:48.123   464   464 I MSM-irqbalance: Decided to move IRQ65 from CPU0 to CPU3
01-11 23:19:49.081   484   782 E ThermalEngine: [BMHB_GOV] read failed VS_TEMP
01-11 23:19:52.161   504   826 E Diag_Lib:  Diag_LSM_Init: Failed to open handle to diag driver, error = 2
01-11 23:19:52.162   504   826 I chatty  : uid=1001(radio) /vendor/bin/hw/rild identical 2 lines
01-11 23:19:52.258   504   826 E Diag_Lib:  Diag_LSM_Init: Failed to open handle to diag driver, error = 2
01-11 23:19:52.287   907   907 I rild    : type=1400 audit(0.0:185): avc: denied { read } for name="iccid_0" dev="mmcblk0p50" ino=874901 scontext=u:r:rild:s0 tcontext=u:object_r:system_data_file:s0 tclass=file permissive=1
01-11 23:19:52.287   907   907 I rild    : type=1400 audit(0.0:186): avc: denied { open } for path="/data/misc/radio/iccid_0" dev="mmcblk0p50" ino=874901 scontext=u:r:rild:s0 tcontext=u:object_r:system_data_file:s0 tclass=file permissive=1
01-11 23:19:52.287   907   907 I rild    : type=1400 audit(0.0:187): avc: denied { getattr } for path="/data/misc/radio/iccid_0" dev="mmcblk0p50" ino=874901 scontext=u:r:rild:s0 tcontext=u:object_r:system_data_file:s0 tclass=file permissive=1
01-11 23:19:52.727  4651  4651 E ANDR-PERF-MPCTL: Unable to create control service (stage=1, rc=0)
01-11 23:19:52.727  4651  4651 W libc    : invalid pthread_t (0) passed to libc
01-11 23:19:53.123   464   464 I MSM-irqbalance: Decided to move IRQ57 from CPU0 to CPU2
01-11 23:19:54.082   484   782 E ThermalEngine: [BMHB_GOV] read failed VS_TEMP
01-11 23:19:55.305   504   826 E SHM     : check_system_health: Failed to open /dev/system_health_monitor - errno 13
01-11 23:19:55.307   504  3871 E SHM     : check_system_health: Failed to open /dev/system_health_monitor - errno 13
01-11 23:19:55.307   504  3871 E QMI_FW  : QCCI qmi_cci_xport_recv: txn not found. svc_id: 5
01-11 23:19:55.307   504  3871 E QMI_FW  : QCCI qmi_cci_xport_recv: txn not found. svc_id: 5
01-11 23:19:55.399   907   907 I rild    : type=1400 audit(0.0:188): avc: denied { write } for name="iccid_0" dev="mmcblk0p50" ino=874901 scontext=u:r:rild:s0 tcontext=u:object_r:system_data_file:s0 tclass=file permissive=1
01-11 23:19:57.724  4711  4711 E ANDR-PERF-MPCTL: Unable to create control service (stage=1, rc=0)
01-11 23:19:57.725  4711  4711 W libc    : invalid pthread_t (0) passed to libc
01-11 23:19:59.082   484   782 E ThermalEngine: [BMHB_GOV] read failed VS_TEMP
01-11 23:20:02.726  4790  4790 E ANDR-PERF-MPCTL: Unable to create control service (stage=1, rc=0)
01-11 23:20:02.726  4790  4790 W libc    : invalid pthread_t (0) passed to libc
01-11 23:20:04.082   484   782 E ThermalEngine: [BMHB_GOV] read failed VS_TEMP
01-11 23:20:04.399   541   541 W dex2oat : Skipping class android.hidl.base.V1_0.IBase from /system/framework/telephony-common.jar previously found in /system/framework/framework.jar
01-11 23:20:04.400   541   541 W dex2oat : Skipping class android.hidl.base.V1_0.DebugInfo$Architecture from /system/framework/telephony-common.jar previously found in /system/framework/framework.jar
01-11 23:20:04.400   541   541 W dex2oat : Skipping class android.hidl.base.V1_0.DebugInfo from /system/framework/telephony-common.jar previously found in /system/framework/framework.jar
01-11 23:20:04.400   541   541 W dex2oat : Skipping class android.hidl.base.V1_0.IBase$Proxy from /system/framework/telephony-common.jar previously found in /system/framework/framework.jar
01-11 23:20:04.400   541   541 W dex2oat : Skipping class android.hidl.base.V1_0.IBase$Stub from /system/framework/telephony-common.jar previously found in /system/framework/framework.jar
01-11 23:20:04.409   541   541 W dex2oat : Skipping class android.hidl.base.V1_0.DebugInfo$Architecture from /system/framework/android.hidl.base-V1.0-java.jar previously found in /system/framework/framework.jar
01-11 23:20:04.409   541   541 W dex2oat : Skipping class android.hidl.base.V1_0.DebugInfo from /system/framework/android.hidl.base-V1.0-java.jar previously found in /system/framework/framework.jar
01-11 23:20:04.409   541   541 W dex2oat : Skipping class android.hidl.base.V1_0.IBase from /system/framework/android.hidl.base-V1.0-java.jar previously found in /system/framework/framework.jar
01-11 23:20:04.409   541   541 W dex2oat : Skipping class android.hidl.base.V1_0.IBase$Proxy from /system/framework/android.hidl.base-V1.0-java.jar previously found in /system/framework/framework.jar
01-11 23:20:04.409   541   541 W dex2oat : Skipping class android.hidl.base.V1_0.IBase$Stub from /system/framework/android.hidl.base-V1.0-java.jar previously found in /system/framework/framework.jar
01-11 23:20:04.791   541   541 I dex2oat : Explicit concurrent copying GC freed 58191(7MB) AllocSpace objects, 0(0B) LOS objects, 45% free, 7MB/13MB, paused 3.028ms total 166.035ms
01-11 23:20:05.004   779   779 W dex2oat : Skipping class android.hidl.base.V1_0.IBase from /system/framework/telephony-common.jar previously found in /system/framework/framework.jar
01-11 23:20:05.005   779   779 W dex2oat : Skipping class android.hidl.base.V1_0.DebugInfo$Architecture from /system/framework/telephony-common.jar previously found in /system/framework/framework.jar
01-11 23:20:05.005   779   779 W dex2oat : Skipping class android.hidl.base.V1_0.DebugInfo from /system/framework/telephony-common.jar previously found in /system/framework/framework.jar
01-11 23:20:05.005   779   779 W dex2oat : Skipping class android.hidl.base.V1_0.IBase$Proxy from /system/framework/telephony-common.jar previously found in /system/framework/framework.jar
01-11 23:20:05.005   779   779 W dex2oat : Skipping class android.hidl.base.V1_0.IBase$Stub from /system/framework/telephony-common.jar previously found in /system/framework/framework.jar
01-11 23:20:05.014   779   779 W dex2oat : Skipping class android.hidl.base.V1_0.DebugInfo$Architecture from /system/framework/android.hidl.base-V1.0-java.jar previously found in /system/framework/framework.jar
01-11 23:20:05.014   779   779 W dex2oat : Skipping class android.hidl.base.V1_0.DebugInfo from /system/framework/android.hidl.base-V1.0-java.jar previously found in /system/framework/framework.jar
01-11 23:20:05.015   779   779 W dex2oat : Skipping class android.hidl.base.V1_0.IBase from /system/framework/android.hidl.base-V1.0-java.jar previously found in /system/framework/framework.jar
01-11 23:20:05.015   779   779 W dex2oat : Skipping class android.hidl.base.V1_0.IBase$Proxy from /system/framework/android.hidl.base-V1.0-java.jar previously found in /system/framework/framework.jar
01-11 23:20:05.015   779   779 W dex2oat : Skipping class android.hidl.base.V1_0.IBase$Stub from /system/framework/android.hidl.base-V1.0-java.jar previously found in /system/framework/framework.jar
01-11 23:20:05.077   541   541 W dex2oat : Compilation of int java.io.InputStream.read(byte[], int, int) took 102.668ms
01-11 23:20:05.678   541   541 W dex2oat : Compilation of void java.util.Hashtable.writeObject(java.io.ObjectOutputStream) took 113.645ms
01-11 23:20:05.751   779   779 I dex2oat : Explicit concurrent copying GC freed 58197(11MB) AllocSpace objects, 0(0B) LOS objects, 37% free, 10MB/16MB, paused 63us total 229.444ms
01-11 23:20:06.707   779   779 W dex2oat : Compilation of void java.lang.Object.notifyAll() took 295.782ms
01-11 23:20:06.709   541   878 W dex2oat : Compilation of java.util.List java.net.InMemoryCookieStore.getURIs() took 716.340ms
01-11 23:20:06.710   541   880 W dex2oat : Compilation of boolean java.net.Inet4Address.isLoopbackAddress() took 603.557ms
01-11 23:20:06.825   541   878 W dex2oat : Compilation of boolean java.net.InMemoryCookieStore.removeAll() took 113.798ms
01-11 23:20:06.829   541   880 W dex2oat : Compilation of boolean java.net.Inet4Address.isMCLinkLocal() took 117.780ms
01-11 23:20:06.833   779   779 W dex2oat : Compilation of java.lang.String java.lang.Object.toString() took 125.557ms
01-11 23:20:08.127   464   464 I MSM-irqbalance: Decided to move IRQ65 from CPU3 to CPU2
01-11 23:20:08.325   541   877 W dex2oat : Compilation of int java.util.Arrays.binarySearch0(java.lang.Object[], int, int, java.lang.Object) took 317.888ms
01-11 23:20:08.506   541   877 W dex2oat : Compilation of short[] java.util.Arrays.copyOf(short[], int) took 174.300ms
01-11 23:20:08.824   541   541 W dex2oat : Compilation of void java.util.ArraysParallelSortHelpers$FJDouble$Sorter.compute() took 832.236ms
01-11 23:20:08.838   541   877 W dex2oat : Compilation of byte[] java.util.Arrays.copyOfRange(byte[], int, int) took 331.623ms
01-11 23:20:09.082   484   782 E ThermalEngine: [BMHB_GOV] read failed VS_TEMP
01-11 23:20:09.083   484   783 E ThermalEngine: [GPU_MON] ACTION: GPU - [GPU_MON] Setting GPU[0] to 600000000
01-11 23:20:09.590   779   779 W dex2oat : Compilation of void java.util.JumboEnumSet.addRange(java.lang.Enum, java.lang.Enum) took 153.581ms
01-11 23:20:09.605   779   881 W dex2oat : Compilation of void java.util.Formatter$FormatSpecifier.print(java.math.BigInteger, java.util.Locale) took 122.426ms
01-11 23:20:09.846  4856  4856 E ANDR-PERF-MPCTL: Unable to create control service (stage=1, rc=0)
01-11 23:20:09.846  4856  4856 W libc    : invalid pthread_t (0) passed to libc
01-11 23:20:10.189   541   880 W dex2oat : Compilation of void java.util.concurrent.ConcurrentLinkedQueue$Itr.remove() took 104.837ms
01-11 23:20:10.191   541   541 W dex2oat : Compilation of boolean java.util.concurrent.CompletableFuture.completeExceptionally(java.lang.Throwable) took 102.965ms
01-11 23:20:10.193   541   877 W dex2oat : Compilation of void java.util.concurrent.ConcurrentHashMap.fullAddCount(long, boolean) took 110.251ms
01-11 23:20:12.824   541   880 W dex2oat : Compilation of byte[] sun.nio.fs.UnixNativeDispatcher.readlink(sun.nio.fs.UnixPath) took 240.742ms
01-11 23:20:12.859   779   779 W dex2oat : Compilation of void sun.nio.ch.SharedFileLockTable.add(java.nio.channels.FileLock) took 263.748ms
01-11 23:20:13.550  4896  4896 E ANDR-PERF-MPCTL: Unable to create control service (stage=1, rc=0)
01-11 23:20:13.550  4896  4896 W libc    : invalid pthread_t (0) passed to libc
01-11 23:20:14.009   541   877 W dex2oat : Compilation of java.lang.String sun.util.calendar.Era.toString() took 273.783ms
01-11 23:20:14.037   541   541 W dex2oat : Compilation of boolean sun.util.locale.LanguageTag.isExtensionSubtag(java.lang.String) took 217.183ms
01-11 23:20:14.083   484   782 E ThermalEngine: [BMHB_GOV] read failed VS_TEMP
01-11 23:20:14.449   541   878 W dex2oat : Compilation of void android.icu.impl.ICURWLock.acquireRead() took 136.926ms
01-11 23:20:14.961   541   877 W dex2oat : Compilation of java.util.List android.icu.impl.TextTrieMap$Node.addValue(java.util.List, java.lang.Object) took 108.644ms
01-11 23:20:15.033   779   881 W dex2oat : Compilation of android.icu.text.UnicodeSet android.icu.impl.UCharacterProperty.addPropertyStarts(android.icu.text.UnicodeSet) took 100.699ms
01-11 23:20:15.239   779   876 W dex2oat : Compilation of void android.icu.impl.coll.CollationKeys.writeSortKeyUpToQuaternary(android.icu.impl.coll.CollationIterator, boolean[], android.icu.impl.coll.CollationSettings, android.icu.impl.coll.CollationKeys$SortKeyByteSink, int, android.icu.impl.coll.CollationKeys$LevelCallback, boolean) took 142.403ms
01-11 23:20:15.758   779   779 W dex2oat : Compilation of int android.icu.text.SimpleDateFormat.subParse(java.lang.String, int, char, int, boolean, boolean, boolean[], android.icu.util.Calendar, android.icu.text.MessageFormat, android.icu.util.Output, android.icu.util.Output) took 127.307ms
01-11 23:20:15.780   779   879 W dex2oat : Compilation of void android.icu.text.DecimalFormat.applyPatternWithoutExpandAffix(java.lang.String, boolean) took 116.465ms
01-11 23:20:15.873   541   541 W dex2oat : Compilation of int android.icu.text.SimpleDateFormat.subParse(java.lang.String, int, char, int, boolean, boolean, boolean[], android.icu.util.Calendar, android.icu.text.MessageFormat, android.icu.util.Output, android.icu.util.Output) took 102.557ms
01-11 23:20:18.001  4910  4910 E ANDR-PERF-MPCTL: Unable to create control service (stage=1, rc=0)
01-11 23:20:18.001  4910  4910 W libc    : invalid pthread_t (0) passed to libc
01-11 23:20:18.123   464   464 I MSM-irqbalance: Decided to move IRQ170 from CPU0 to CPU2
01-11 23:20:18.243   541   880 W dex2oat : Compilation of int com.android.org.conscrypt.CertificatePriorityComparator.compareKeyAlgorithm(java.security.PublicKey, java.security.PublicKey) took 164.195ms
01-11 23:20:18.519   541   541 W dex2oat : Compilation of javax.net.ssl.SSLSessionContext com.android.org.conscrypt.ActiveSession.getSessionContext() took 440.560ms
01-11 23:20:18.706   541   877 W dex2oat : Compilation of void com.android.okhttp.Cache$Entry.writeCertList(com.android.okhttp.okio.BufferedSink, java.util.List) took 118.026ms
01-11 23:20:19.083   484   782 E ThermalEngine: [BMHB_GOV] read failed VS_TEMP
01-11 23:20:19.108   541   880 W dex2oat : Compilation of void com.android.okhttp.AndroidShimResponseCache.close() took 536.718ms
01-11 23:20:19.904   779   881 I dex2oat : Method exceeds compiler instruction limit: 25337 in void org.ccil.cowan.tagsoup.HTMLSchema.<init>()
01-11 23:20:19.918   541   880 W dex2oat : Compilation of java.lang.String com.android.i18n.phonenumbers.AsYouTypeFormatter.appendNationalNumber(java.lang.String) took 147.110ms
01-11 23:20:19.991   541   880 I dex2oat : Method exceeds compiler instruction limit: 25337 in void org.ccil.cowan.tagsoup.HTMLSchema.<init>()
01-11 23:20:20.220   779   876 W dex2oat : Compilation of void android.accounts.AbstractAccountAuthenticator$Transport.getAuthTokenLabel(android.accounts.IAccountAuthenticatorResponse, java.lang.String) took 128.533ms
01-11 23:20:20.431   779   779 W dex2oat : Compilation of boolean android.accounts.IAccountManager$Stub.onTransact(int, android.os.Parcel, android.os.Parcel, int) took 106.129ms
01-11 23:20:20.873   541   877 W dex2oat : Compilation of boolean android.app.IApplicationThread$Stub.onTransact(int, android.os.Parcel, android.os.Parcel, int) took 111.366ms
01-11 23:20:20.999   779   879 W dex2oat : Compilation of boolean android.app.IApplicationThread$Stub.onTransact(int, android.os.Parcel, android.os.Parcel, int) took 117.652ms
01-11 23:20:22.123   541   541 W dex2oat : Compilation of boolean android.app.INotificationManager$Stub.onTransact(int, android.os.Parcel, android.os.Parcel, int) took 129.940ms
01-11 23:20:22.273   779   881 W dex2oat : Compilation of boolean android.app.INotificationManager$Stub.onTransact(int, android.os.Parcel, android.os.Parcel, int) took 138.494ms
01-11 23:20:23.049   541   880 W dex2oat : Compilation of int android.app.IActivityManager$Stub$Proxy.startActivityFromRecents(int, android.os.Bundle) took 458.057ms
01-11 23:20:23.066   779   779 W dex2oat : Compilation of android.app.Activity android.app.Instrumentation.startActivitySync(android.content.Intent) took 487.509ms
01-11 23:20:23.602   541   878 W dex2oat : Compilation of void android.app.SystemServiceRegistry$61.<init>() took 543.707ms
01-11 23:20:23.705   541   541 W dex2oat : Compilation of android.hardware.radio.RadioManager android.app.SystemServiceRegistry$77.createService(android.app.ContextImpl) took 569.073ms
01-11 23:20:23.872   779   876 W dex2oat : Compilation of void android.app.admin.DevicePolicyManager.setMaximumTimeToLock(android.content.ComponentName, long) took 153.377ms
01-11 23:20:23.889   541   878 W dex2oat : Compilation of android.app.admin.SystemUpdateInfo android.app.admin.SystemUpdateInfo$1.createFromParcel(android.os.Parcel) took 118.813ms
01-11 23:20:24.083   484   782 E ThermalEngine: [BMHB_GOV] read failed VS_TEMP
01-11 23:20:24.085   779   879 W dex2oat : Compilation of boolean android.bluetooth.BluetoothGatt.requestMtu(int) took 197.281ms
01-11 23:20:24.097   541   880 W dex2oat : Compilation of void android.app.admin.DevicePolicyManager.setPasswordMinimumUpperCase(android.content.ComponentName, int) took 200.591ms
01-11 23:20:24.924   779   876 W dex2oat : Compilation of java.lang.String android.content.ISyncContext$Stub$Proxy.getInterfaceDescriptor() took 180.253ms
01-11 23:20:25.005   541   878 W dex2oat : Compilation of boolean android.bluetooth.IBluetoothGatt$Stub.onTransact(int, android.os.Parcel, android.os.Parcel, int) took 249.484ms
01-11 23:20:25.085  4924  4924 E ANDR-PERF-MPCTL: Unable to create control service (stage=1, rc=0)
01-11 23:20:25.085  4924  4924 W libc    : invalid pthread_t (0) passed to libc
01-11 23:20:25.345   779   879 W dex2oat : Compilation of android.content.pm.ApplicationInfo android.content.pm.ApplicationInfo.getApplicationInfo() took 180.974ms
01-11 23:20:25.601   541   880 W dex2oat : Compilation of android.content.Intent android.content.Intent.parseCommandArgs(android.os.ShellCommand, android.content.Intent$CommandOptionHandler) took 122.373ms
01-11 23:20:25.703   779   876 W dex2oat : Compilation of boolean android.content.pm.IPackageManager$Stub.onTransact(int, android.os.Parcel, android.os.Parcel, int) took 353.443ms
01-11 23:20:26.229   779   881 W dex2oat : Compilation of android.content.pm.PackageParser$Package android.content.pm.PackageParser.parseBaseApkCommon(android.content.pm.PackageParser$Package, java.util.Set, android.content.res.Resources, android.content.res.XmlResourceParser, int, java.lang.String[]) took 100.980ms
01-11 23:20:26.232   541   541 W dex2oat : Compilation of boolean android.content.pm.IPackageManager$Stub.onTransact(int, android.os.Parcel, android.os.Parcel, int) took 294.985ms
01-11 23:20:26.396   779   879 W dex2oat : Compilation of java.lang.String android.content.res.Configuration.resourceQualifierString(android.content.res.Configuration) took 115.797ms
01-11 23:20:26.773   541   541 W dex2oat : Compilation of android.content.pm.PackageParser$Package android.content.pm.PackageParser.parseBaseApkCommon(android.content.pm.PackageParser$Package, java.util.Set, android.content.res.Resources, android.content.res.XmlResourceParser, int, java.lang.String[]) took 131.270ms
01-11 23:20:26.925   541   878 W dex2oat : Compilation of java.lang.String android.content.res.Configuration.resourceQualifierString(android.content.res.Configuration) took 129.186ms
01-11 23:20:27.576   779   779 W dex2oat : Compilation of boolean android.graphics.Paint.isDither() took 220.287ms
01-11 23:20:27.581   541   541 W dex2oat : Compilation of void android.database.sqlite.SQLiteDatabase.setLocale(java.util.Locale) took 213.438ms
01-11 23:20:29.076   541   880 W dex2oat : Compilation of int android.hardware.camera2.marshal.impl.MarshalQueryableRange$MarshalerRange.calculateMarshalSize(java.lang.Object) took 135.715ms
01-11 23:20:29.084   484   782 E ThermalEngine: [BMHB_GOV] read failed VS_TEMP
01-11 23:20:29.377   779   881 W dex2oat : Compilation of void android.inputmethodservice.InputMethodService.initViews() took 111.194ms
01-11 23:20:29.673   541   880 W dex2oat : Compilation of int android.hardware.location.GeofenceHardware.getStatusOfMonitoringType(int) took 388.842ms
01-11 23:20:29.674   541   877 W dex2oat : Compilation of int[] android.hardware.location.IGeofenceHardware$Stub$Proxy.getMonitoringTypes() took 238.572ms
01-11 23:20:29.750  4938  4938 E ANDR-PERF-MPCTL: Unable to create control service (stage=1, rc=0)
01-11 23:20:29.750  4938  4938 W libc    : invalid pthread_t (0) passed to libc
01-11 23:20:30.081   779   876 W dex2oat : Compilation of void android.media.MediaCodecInfo$VideoCapabilities.applyLevelLimits() took 122.171ms
01-11 23:20:30.777   541   541 W dex2oat : Compilation of void android.media.MediaCodecInfo$VideoCapabilities.applyLevelLimits() took 118.297ms
01-11 23:20:31.150   779   881 W dex2oat : Compilation of boolean android.net.IConnectivityManager$Stub.onTransact(int, android.os.Parcel, android.os.Parcel, int) took 110.639ms
01-11 23:20:31.746   541   880 W dex2oat : Compilation of boolean android.net.IConnectivityManager$Stub.onTransact(int, android.os.Parcel, android.os.Parcel, int) took 104.121ms
01-11 23:20:31.952   779   881 W dex2oat : Compilation of java.lang.String android.net.metrics.DefaultNetworkEvent.toString() took 104.106ms
01-11 23:20:32.204   541   877 W dex2oat : Compilation of android.net.NetworkStats android.net.NetworkStats.addIfaceValues(java.lang.String, long, long, long, long) took 100.362ms
01-11 23:20:33.315   779   879 W dex2oat : Compilation of void android.os.BatteryStats.dumpCheckinLocked(android.content.Context, java.io.PrintWriter, int, int, boolean) took 529.500ms
01-11 23:20:33.496   541   541 W dex2oat : Compilation of boolean android.os.INetworkManagementService$Stub.onTransact(int, android.os.Parcel, android.os.Parcel, int) took 100.806ms
01-11 23:20:33.691   541   877 W dex2oat : Compilation of void android.os.BatteryStats.dumpCheckinLocked(android.content.Context, java.io.PrintWriter, int, int, boolean) took 509.656ms
01-11 23:20:33.924   779   876 W dex2oat : Compilation of void android.os.StrictMode$AndroidBlockGuardPolicy.handleViolationWithTimingAttempt(android.os.StrictMode$ViolationInfo) took 153.021ms
01-11 23:20:33.992   505   520 E Sensors : sns_debug_main.c(420):Debug Timer Callback called
01-11 23:20:34.084   484   782 E ThermalEngine: [BMHB_GOV] read failed VS_TEMP
01-11 23:20:34.215   779   779 W dex2oat : Compilation of boolean android.os.storage.IStorageManager$Stub.onTransact(int, android.os.Parcel, android.os.Parcel, int) took 140.703ms
01-11 23:20:34.385   779   879 W dex2oat : Compilation of void android.os.BatteryStats.dumpLocked(android.content.Context, java.io.PrintWriter, java.lang.String, int, int, boolean) took 1.021s
01-11 23:20:34.470  4952  4952 E ANDR-PERF-MPCTL: Unable to create control service (stage=1, rc=0)
01-11 23:20:34.471  4952  4952 W libc    : invalid pthread_t (0) passed to libc
01-11 23:20:34.511   541   541 W dex2oat : Compilation of boolean android.os.storage.IStorageManager$Stub.onTransact(int, android.os.Parcel, android.os.Parcel, int) took 182.049ms
01-11 23:20:34.845   779   881 W dex2oat : Compilation of void android.view.View.<init>(android.content.Context, android.util.AttributeSet, int, int) took 165.710ms
01-11 23:20:34.924   541   877 W dex2oat : Compilation of void android.os.BatteryStats.dumpLocked(android.content.Context, java.io.PrintWriter, java.lang.String, int, int, boolean) took 1.170s
01-11 23:20:34.997   541   541 W dex2oat : Compilation of android.content.Intent android.os.storage.VolumeInfo.buildBrowseIntent() took 473.344ms
01-11 23:20:35.341   541   541 W dex2oat : Compilation of void android.view.View.<init>(android.content.Context, android.util.AttributeSet, int, int) took 130.849ms
01-11 23:20:35.441   541   880 W dex2oat : Compilation of void android.view.SurfaceView.updateSurface() took 150.729ms
01-11 23:20:38.123   464   464 I MSM-irqbalance: Decided to move IRQ222 from CPU0 to CPU2
01-11 23:20:38.542   779   876 W dex2oat : Compilation of boolean android.view.IWindowManager$Stub.onTransact(int, android.os.Parcel, android.os.Parcel, int) took 118.827ms
01-11 23:20:38.979   541   880 W dex2oat : Compilation of boolean android.view.IWindowManager$Stub.onTransact(int, android.os.Parcel, android.os.Parcel, int) took 110.230ms
01-11 23:20:39.084   484   782 E ThermalEngine: [BMHB_GOV] read failed VS_TEMP
01-11 23:20:39.516   779   879 W dex2oat : Compilation of void android.view.ViewTreeObserver.removeOnEnterAnimationCompleteListener(android.view.ViewTreeObserver$OnEnterAnimationCompleteListener) took 228.363ms
01-11 23:20:39.529   541   877 W dex2oat : Compilation of void android.view.RenderNodeAnimator.setStartValue(float) took 233.565ms
01-11 23:20:40.038   541   877 W dex2oat : Compilation of void android.view.ViewRootImpl.performTraversals() took 184.296ms
01-11 23:20:40.239  4966  4966 E ANDR-PERF-MPCTL: Unable to create control service (stage=1, rc=0)
01-11 23:20:40.240  4966  4966 W libc    : invalid pthread_t (0) passed to libc
01-11 23:20:40.682   779   881 W dex2oat : Compilation of void android.widget.TextView.<init>(android.content.Context, android.util.AttributeSet, int, int) took 138.912ms
01-11 23:20:40.720   779   779 W dex2oat : Compilation of void android.widget.ImageView.resolveUri() took 126.693ms
01-11 23:20:40.722   541   878 W dex2oat : Compilation of android.view.textclassifier.TextSelection android.view.textclassifier.TextClassifier$1.suggestSelection(java.lang.CharSequence, int, int, android.os.LocaleList) took 302.148ms
01-11 23:20:41.350   541   878 W dex2oat : Compilation of void android.widget.TextView.<init>(android.content.Context, android.util.AttributeSet, int, int) took 262.933ms
01-11 23:20:43.292   779   876 W dex2oat : Compilation of void com.android.internal.os.BatteryStatsImpl$Uid$Proc.addForegroundTimeLocked(long) took 112.293ms
01-11 23:20:43.297   541   878 W dex2oat : Compilation of int com.android.internal.backup.LocalTransport.initializeDevice() took 111.974ms
01-11 23:20:43.725   779   879 W dex2oat : Compilation of int com.android.internal.os.BatteryStatsImpl.getDischargeCurrentLevel() took 193.385ms
01-11 23:20:43.729   779   779 W dex2oat : Compilation of java.lang.Runnable com.android.internal.os.ZygoteInit.handleSystemServerProcess(com.android.internal.os.ZygoteConnection$Arguments) took 202.115ms
01-11 23:20:44.085   484   782 E ThermalEngine: [BMHB_GOV] read failed VS_TEMP
01-11 23:20:44.122   541   878 W dex2oat : Compilation of void com.android.internal.os.BatteryStatsImpl.readSummaryFromParcel(android.os.Parcel) took 123.740ms
01-11 23:20:44.168   779   879 W dex2oat : Compilation of void com.android.internal.os.BatteryStatsImpl.readSummaryFromParcel(android.os.Parcel) took 123.238ms
01-11 23:20:44.453   541   878 W dex2oat : Compilation of void com.android.internal.os.BatteryStatsImpl.writeSummaryToParcel(android.os.Parcel, boolean) took 116.087ms
01-11 23:20:44.492   779   881 W dex2oat : Compilation of boolean com.android.internal.telephony.ITelephony$Stub.onTransact(int, android.os.Parcel, android.os.Parcel, int) took 211.308ms
01-11 23:20:44.493   779   879 W dex2oat : Compilation of void com.android.internal.os.BatteryStatsImpl.writeSummaryToParcel(android.os.Parcel, boolean) took 112.505ms
01-11 23:20:44.829   541   877 W dex2oat : Compilation of boolean com.android.internal.telephony.ITelephony$Stub.onTransact(int, android.os.Parcel, android.os.Parcel, int) took 192.785ms
01-11 23:20:44.905   541   878 W dex2oat : Compilation of java.lang.String com.android.internal.telephony.IPhoneSubInfo$Stub$Proxy.getVoiceMailAlphaTagForSubscriber(int, java.lang.String) took 345.441ms
01-11 23:20:45.456   541   877 W dex2oat : Compilation of boolean[] com.android.internal.util.XmlUtils.readThisBooleanArrayXml(org.xmlpull.v1.XmlPullParser, java.lang.String, java.lang.String[]) took 252.364ms
01-11 23:20:45.469   779   876 W dex2oat : Compilation of boolean com.android.internal.widget.LockPatternUtils.checkPasswordHistory(java.lang.String, int) took 274.957ms
01-11 23:20:45.618  4980  4980 E ANDR-PERF-MPCTL: Unable to create control service (stage=1, rc=0)
01-11 23:20:45.618  4980  4980 W libc    : invalid pthread_t (0) passed to libc
01-11 23:20:45.625   779   881 W dex2oat : Compilation of com.android.server.wifi.nano.WifiMetricsProto$WifiLog com.android.server.wifi.nano.WifiMetricsProto$WifiLog.mergeFrom(com.android.framework.protobuf.nano.CodedInputByteBufferNano) took 135.235ms
01-11 23:20:45.726   779   879 W dex2oat : Skipping class android.hidl.base.V1_0.IBase from /system/framework/telephony-common.jar previously found in /system/framework/framework.jar
01-11 23:20:45.756   541   880 W dex2oat : Compilation of void com.android.server.SystemConfig.readPermissionsFromXml(java.io.File, int) took 113.772ms
01-11 23:20:45.810   779   876 W dex2oat : Skipping class android.hidl.base.V1_0.DebugInfo$Architecture from /system/framework/telephony-common.jar previously found in /system/framework/framework.jar
01-11 23:20:45.810   779   876 W dex2oat : Skipping class android.hidl.base.V1_0.DebugInfo from /system/framework/telephony-common.jar previously found in /system/framework/framework.jar
01-11 23:20:45.810   779   876 W dex2oat : Skipping class android.hidl.base.V1_0.IBase$Proxy from /system/framework/telephony-common.jar previously found in /system/framework/framework.jar
01-11 23:20:45.810   779   876 W dex2oat : Skipping class android.hidl.base.V1_0.IBase$Stub from /system/framework/telephony-common.jar previously found in /system/framework/framework.jar
01-11 23:20:45.921   779   881 W dex2oat : Compilation of void android.hardware.radio.V1_0.IRadioResponse$Stub.onTransact(int, android.os.HwParcel, android.os.HwParcel, int) took 179.536ms
01-11 23:20:46.005   541   541 W dex2oat : Compilation of void com.android.internal.widget.LockPatternUtils.setCredentialRequiredToDecrypt(boolean) took 326.004ms
01-11 23:20:46.013   541   877 W dex2oat : Compilation of void com.android.server.BootReceiver.logFsShutdownTime() took 357.144ms
01-11 23:20:46.269   541   878 W dex2oat : Compilation of com.android.server.wifi.nano.WifiMetricsProto$WifiLog com.android.server.wifi.nano.WifiMetricsProto$WifiLog.mergeFrom(com.android.framework.protobuf.nano.CodedInputByteBufferNano) took 120.098ms
01-11 23:20:46.388   541   877 W dex2oat : Skipping class android.hidl.base.V1_0.IBase from /system/framework/telephony-common.jar previously found in /system/framework/framework.jar
01-11 23:20:46.460   541   541 W dex2oat : Skipping class android.hidl.base.V1_0.DebugInfo$Architecture from /system/framework/telephony-common.jar previously found in /system/framework/framework.jar
01-11 23:20:46.461   541   541 W dex2oat : Skipping class android.hidl.base.V1_0.DebugInfo from /system/framework/telephony-common.jar previously found in /system/framework/framework.jar
01-11 23:20:46.461   541   541 W dex2oat : Skipping class android.hidl.base.V1_0.IBase$Proxy from /system/framework/telephony-common.jar previously found in /system/framework/framework.jar
01-11 23:20:46.461   541   541 W dex2oat : Skipping class android.hidl.base.V1_0.IBase$Stub from /system/framework/telephony-common.jar previously found in /system/framework/framework.jar
01-11 23:20:46.478   779   881 W dex2oat : Compilation of void com.android.internal.telephony.GsmCdmaPhone.handleMessage(android.os.Message) took 174.487ms
01-11 23:20:46.511   779   876 W dex2oat : Compilation of void com.android.internal.telephony.InboundSmsHandler$DeliveringState.enter() took 153.443ms
01-11 23:20:46.527   779   779 W dex2oat : Compilation of void com.android.internal.telephony.IccSmsInterfaceManager.sendStoredMultipartText(java.lang.String, android.net.Uri, java.lang.String, java.util.List, java.util.List) took 196.626ms
01-11 23:20:49.085   484   782 E ThermalEngine: [BMHB_GOV] read failed VS_TEMP
01-11 23:20:49.265   541   880 W dex2oat : Compilation of void com.android.internal.telephony.uicc.IccCardProxy.processLockedState() took 232.486ms
01-11 23:20:49.395   541   878 W dex2oat : Compilation of void com.android.internal.telephony.protobuf.nano.InternalNano.serializeMapField(com.android.internal.telephony.protobuf.nano.CodedOutputByteBufferNano, java.util.Map, int, int, int) took 366.203ms
01-11 23:20:49.397   541   877 W dex2oat : Compilation of int com.android.internal.telephony.protobuf.nano.CodedOutputByteBufferNano.computeFieldSize(int, int, java.lang.Object) took 400.017ms
01-11 23:20:49.400   541   541 W dex2oat : Compilation of com.android.internal.telephony.uicc.IccCardStatus$PinState[] com.android.internal.telephony.uicc.IccCardStatus$PinState.values() took 290.544ms
01-11 23:20:49.402   779   876 W dex2oat : Skipping class android.hidl.base.V1_0.DebugInfo from /system/framework/android.hidl.base-V1.0-java.jar previously found in /system/framework/framework.jar
01-11 23:20:49.402   779   779 W dex2oat : Skipping class android.hidl.base.V1_0.DebugInfo$Architecture from /system/framework/android.hidl.base-V1.0-java.jar previously found in /system/framework/framework.jar
01-11 23:20:49.402   779   881 W dex2oat : Skipping class android.hidl.base.V1_0.IBase from /system/framework/android.hidl.base-V1.0-java.jar previously found in /system/framework/framework.jar
01-11 23:20:49.402   779   876 W dex2oat : Skipping class android.hidl.base.V1_0.IBase$Proxy from /system/framework/android.hidl.base-V1.0-java.jar previously found in /system/framework/framework.jar
01-11 23:20:49.402   779   779 W dex2oat : Skipping class android.hidl.base.V1_0.IBase$Stub from /system/framework/android.hidl.base-V1.0-java.jar previously found in /system/framework/framework.jar
01-11 23:20:49.760  4994  4994 E ANDR-PERF-MPCTL: Unable to create control service (stage=1, rc=0)
01-11 23:20:49.760  4994  4994 W libc    : invalid pthread_t (0) passed to libc
01-11 23:20:49.881   779   876 W dex2oat : Skipping class android.hidl.base.V1_0.IBase from /system/framework/telephony-common.jar previously found in /system/framework/framework.jar
01-11 23:20:49.894   779   881 W dex2oat : Skipping class android.hidl.base.V1_0.DebugInfo$Architecture from /system/framework/telephony-common.jar previously found in /system/framework/framework.jar
01-11 23:20:49.894   779   881 W dex2oat : Skipping class android.hidl.base.V1_0.DebugInfo from /system/framework/telephony-common.jar previously found in /system/framework/framework.jar
01-11 23:20:49.894   779   876 W dex2oat : Skipping class android.hidl.base.V1_0.IBase$Proxy from /system/framework/telephony-common.jar previously found in /system/framework/framework.jar
01-11 23:20:49.894   779   881 W dex2oat : Skipping class android.hidl.base.V1_0.IBase$Stub from /system/framework/telephony-common.jar previously found in /system/framework/framework.jar
01-11 23:20:50.461   541   541 W dex2oat : Skipping class android.hidl.base.V1_0.DebugInfo$Architecture from /system/framework/android.hidl.base-V1.0-java.jar previously found in /system/framework/framework.jar
01-11 23:20:50.461   541   877 W dex2oat : Skipping class android.hidl.base.V1_0.DebugInfo from /system/framework/android.hidl.base-V1.0-java.jar previously found in /system/framework/framework.jar
01-11 23:20:50.461   541   880 W dex2oat : Skipping class android.hidl.base.V1_0.IBase$Proxy from /system/framework/android.hidl.base-V1.0-java.jar previously found in /system/framework/framework.jar
01-11 23:20:50.461   541   877 W dex2oat : Skipping class android.hidl.base.V1_0.IBase$Stub from /system/framework/android.hidl.base-V1.0-java.jar previously found in /system/framework/framework.jar
01-11 23:20:50.462   541   541 W dex2oat : Skipping class android.hidl.base.V1_0.IBase from /system/framework/android.hidl.base-V1.0-java.jar previously found in /system/framework/framework.jar
01-11 23:20:50.784   779   779 I dex2oat : Explicit concurrent copying GC freed 40044(7MB) AllocSpace objects, 0(0B) LOS objects, 57% free, 4MB/10MB, paused 42us total 141.965ms
01-11 23:20:50.866   541   878 W dex2oat : Skipping class android.hidl.base.V1_0.IBase from /system/framework/telephony-common.jar previously found in /system/framework/framework.jar
01-11 23:20:50.874   541   541 W dex2oat : Skipping class android.hidl.base.V1_0.DebugInfo$Architecture from /system/framework/telephony-common.jar previously found in /system/framework/framework.jar
01-11 23:20:50.874   541   541 W dex2oat : Skipping class android.hidl.base.V1_0.DebugInfo from /system/framework/telephony-common.jar previously found in /system/framework/framework.jar
01-11 23:20:50.874   541   878 W dex2oat : Skipping class android.hidl.base.V1_0.IBase$Proxy from /system/framework/telephony-common.jar previously found in /system/framework/framework.jar
01-11 23:20:50.874   541   541 W dex2oat : Skipping class android.hidl.base.V1_0.IBase$Stub from /system/framework/telephony-common.jar previously found in /system/framework/framework.jar
01-11 23:20:51.437   541   541 I dex2oat : Explicit concurrent copying GC freed 40044(4MB) AllocSpace objects, 0(0B) LOS objects, 61% free, 3MB/9MB, paused 38us total 90.859ms
01-11 23:20:53.123   464   464 I MSM-irqbalance: Decided to move IRQ57 from CPU2 to CPU1
01-11 23:20:54.085   484   782 E ThermalEngine: [BMHB_GOV] read failed VS_TEMP
01-11 23:20:54.693  4995  4995 E ANDR-PERF-MPCTL: Unable to create control service (stage=1, rc=0)
01-11 23:20:54.693  4995  4995 W libc    : invalid pthread_t (0) passed to libc
01-11 23:20:56.138   779   779 I dex2oat : dex2oat took 82.005s (132.002s cpu) (threads: 4) arena alloc=25MB (26245560B) java alloc=4MB (4616872B) native alloc=93MB (98251824B) free=10MB (11324368B)
01-11 23:20:56.479   417   417 D Zygote  : begin preload
01-11 23:20:56.479   417   417 I Zygote  : Installing ICU cache reference pinning...
01-11 23:20:56.479   417   417 I Zygote  : Preloading ICU data...
01-11 23:20:56.502   541   541 I dex2oat : dex2oat took 82.720s (125.278s cpu) (threads: 4) arena alloc=25MB (26248624B) java alloc=3MB (3930248B) native alloc=79MB (83125024B) free=12MB (12819680B)
01-11 23:20:56.508   417   417 D Zygote64Timing: BeginIcuCachePinning took to complete: 30ms
01-11 23:20:56.508   417   417 I Zygote  : Preloading classes...
01-11 23:20:57.054   418   418 I zygote  : Explicit concurrent copying GC freed 186(8KB) AllocSpace objects, 0(0B) LOS objects, 99% free, 23KB/6MB, paused 35us total 7.397ms
01-11 23:20:57.063   418   418 I zygote  : Explicit concurrent copying GC freed 9(32KB) AllocSpace objects, 0(0B) LOS objects, 99% free, 22KB/6MB, paused 29us total 7.145ms
01-11 23:20:57.063   418   418 D Zygote32Timing: PostZygoteInitGC took to complete: 16ms
01-11 23:20:57.063   418   418 D Zygote32Timing: ZygoteInit took to complete: 17ms
01-11 23:20:57.064   418   418 I         : seccomp disabled by setenforce 0
01-11 23:20:57.064   418   418 I Zygote  : Accepting command socket connections
01-11 23:20:57.097   417   417 E ActivityRecognitionHardware: activity_recognition HAL is deprecated. class_init is effectively a no-op
01-11 23:20:57.131   417   417 W Zygote  : Class not found for preloading: android.icu.impl.number.Parse
01-11 23:20:57.139   417   417 I zygote64: Thread[1,tid=417,Native,Thread*=0x7d416bea00,peer=0x4841d28,"main"] recursive attempt to load library "/system/lib64/libmedia_jni.so"
01-11 23:20:57.139   417   417 D MtpDeviceJNI: register_android_mtp_MtpDevice
01-11 23:20:57.140   417   417 I zygote64: Thread[1,tid=417,Native,Thread*=0x7d416bea00,peer=0x4841d28,"main"] recursive attempt to load library "/system/lib64/libmedia_jni.so"
01-11 23:20:57.140   417   417 I zygote64: Thread[1,tid=417,Native,Thread*=0x7d416bea00,peer=0x4841d28,"main"] recursive attempt to load library "/system/lib64/libmedia_jni.so"
01-11 23:20:57.243   417   417 I Zygote  : ...preloaded 4715 classes in 735ms.
01-11 23:20:57.243   417   417 I zygote64: VMRuntime.preloadDexCaches starting
01-11 23:20:57.305   417   417 I zygote64: VMRuntime.preloadDexCaches strings total=313666 before=10231 after=10231
01-11 23:20:57.305   417   417 I zygote64: VMRuntime.preloadDexCaches types total=26690 before=5490 after=5492
01-11 23:20:57.305   417   417 I zygote64: VMRuntime.preloadDexCaches fields total=127107 before=5507 after=5537
01-11 23:20:57.305   417   417 I zygote64: VMRuntime.preloadDexCaches methods total=225605 before=9941 after=9941
01-11 23:20:57.305   417   417 I zygote64: VMRuntime.preloadDexCaches finished
01-11 23:20:57.305   417   417 D Zygote64Timing: PreloadClasses took to complete: 796ms
01-11 23:20:57.588   417   417 I Zygote  : Preloading resources...
01-11 23:20:57.606   417   417 W Resources: Preloaded drawable resource #0x1080264 (android:drawable/dialog_background_material) that varies with configuration!!
01-11 23:20:57.629   417   417 I Zygote  : ...preloaded 64 resources in 42ms.
01-11 23:20:57.635   417   417 W Resources: Preloaded color resource #0x1060053 (android:color/btn_default_material_dark) that varies with configuration!!
01-11 23:20:57.636   417   417 I Zygote  : ...preloaded 41 resources in 6ms.
01-11 23:20:57.636   417   417 D Zygote64Timing: PreloadResources took to complete: 331ms
