02-23 16:48:00.359 21679 21679 D QCameraParameters: int32_t qcamera::QCameraParameters::setOptiZoom(const char*): optiZoomStr =opti-zoom-off
02-23 16:48:00.359 21679 21679 D QCameraParameters: int32_t qcamera::QCameraParameters::setSeeMore(const char*): seeMoreStr =off
02-23 16:48:00.360 21679 21679 D QCameraParameters: int32_t qcamera::QCameraParameters::setToneMapMode(uint32_t, bool): tone map mode 1 
02-23 16:48:00.360 21679 21679 D QCameraParameters: int32_t qcamera::QCameraParameters::setAecLock(const char*): Setting AECLock value false
02-23 16:48:00.360 21679 21679 D QCameraParameters: int32_t qcamera::QCameraParameters::setAwbLock(const char*): Setting AWBLock value false
02-23 16:48:00.360 21679 21679 D QCameraParameters: int32_t qcamera::QCameraParameters::initDefaultParameters(): totalram = -1334108160, freeram = 368992256 
02-23 16:48:00.360 21679 21679 D QCameraParameters: void qcamera::QCameraParameters::setOfflineRAW(): Offline Raw  0
02-23 16:48:00.360 21679 21679 E LGCameraParameters: void qcamera::QCameraParameters::initDefaultParametersEx(): multi_window_af_supported = 1
02-23 16:48:00.360 21679 21679 E LGCameraParameters: createMultiWindowString: (-280,-280,0,0,1),(-140,-420,140,-140,1),(0,-280,280,0,1),(-420,-140,-140,140,1),(-140,-140,140,140,1),(140,-140,420,140,1),(-280,0,0,280,1),(-140,140,140,420,1),(0,0,280,280,1),(-220,-220,220,220,1)
02-23 16:48:00.360 21679 21679 E LGCameraParameters: createMultiWindowString: (720,720,1000,1000,1),(860,580,1140,860,1),(1000,720,1280,1000,1),(580,860,860,1140,1),(860,860,1140,1140,1),(1140,860,1420,1140,1),(720,1000,1000,1420,1),(860,1140,1140,1420,1),(1000,1000,1280,1280,1)
02-23 16:48:00.360 21679 21679 D LGCameraParameters: int32_t qcamera::QCameraParameters::setLG_ISOcontrol(const char*): Setting ISO value auto
02-23 16:48:00.360 21679 21679 E LGCameraParameters: int32_t qcamera::QCameraParameters::setBeautyLevel(int) : [ARC_BEAUTY] beautylevel = 0
02-23 16:48:00.361   532 21883 E mm-camera: sensor_set_frame_rate:1176max fps 30.000000 min fps 2.000000,fixed_frame_rate=0 
02-23 16:48:00.361   532 21883 E mm-camera: iface_util_set_hfr: can't find hw stream, only save hfr mode
02-23 16:48:00.362 21679 21679 D QCameraParameters: int32_t qcamera::QCameraParameters::setNumOfSnapshot(): nBurstNum = 1, nExpnum = 1
02-23 16:48:00.363 21679 21679 I Thermal-Lib: Thermal-Lib-Client: Registraion successful for camera with handle:1
02-23 16:48:00.363 21679 21679 I Thermal-Lib: Thermal-Lib-Client: Registraion successful for camcorder with handle:2
02-23 16:48:00.363 21679 21679 I QCamera2HWI: [KPI Perf] int qcamera::QCamera2HardwareInterface::openCamera(hw_device_t**): X PROFILE_OPEN_CAMERA camera id 0, rc: 0
02-23 16:48:00.363 21679 21679 E QCamera2HWI: int qcamera::QCamera2HardwareInterface::openCamera(hw_device_t**):[PREVIEW_COUNT] preview_count(1)
02-23 16:48:00.364   510   643 I ThermalEngine: Thermal-Server: Adding thermal event listener on fd 65
02-23 16:48:00.364 21679 21891 I Thermal-Lib: Thermal-Lib-Client: Client received msg camera 0
02-23 16:48:00.364 21679 21891 D QCamera2HWI: virtual int qcamera::QCamera2HardwareInterface::thermalEvtHandle(qcamera::qcamera_thermal_level_enum_t*, void*, void*): level = 0, userdata = 0x0, data = 0x0
02-23 16:48:00.364 21679 21891 I Thermal-Lib: Thermal-Lib-Client: Client received msg camcorder 0
02-23 16:48:00.364 21679 21891 D QCamera2HWI: virtual int qcamera::QCamera2HardwareInterface::thermalEvtHandle(qcamera::qcamera_thermal_level_enum_t*, void*, void*): level = 0, userdata = 0x0, data = 0x0
02-23 16:48:00.364 21679 21828 E QCameraStateMachine: int32_t qcamera::QCameraStateMachine::procEvtPreviewStoppedState(qcamera::qcamera_sm_evt_enum_t, void*): cannot handle evt(31) in state(0)
02-23 16:48:00.364 21679 21828 E QCameraStateMachine: int32_t qcamera::QCameraStateMachine::procEvtPreviewStoppedState(qcamera::qcamera_sm_evt_enum_t, void*): cannot handle evt(31) in state(0)
02-23 16:48:00.367 21679 21679 I QCamera2HWI: [KPI Perf] static int qcamera::QCamera2HardwareInterface::close_camera_device(hw_device_t*): E
02-23 16:48:00.367 21679 21829 D QCamera2HWI: static void* qcamera::QCamera2HardwareInterface::defferedWorkRoutine(void*): stop data proc
02-23 16:48:00.367 21679 21679 I QCamera2HWI: [KPI Perf] int qcamera::QCamera2HardwareInterface::closeCamera(): E PROFILE_CLOSE_CAMERA camera id 0
02-23 16:48:00.367 21679 21679 D QCameraParameters: bool qcamera::QCameraParameters::setStreamConfigure(bool, bool, bool): Done Resetting stream config!!
02-23 16:48:00.369 21679 21679 I qomx_image_core: OMX_Deinit:119] Complete
02-23 16:48:00.375 21679 21679 I Thermal-Lib: Thermal-Lib-Client: Unregisteration is successfull for handle:1
02-23 16:48:00.375   510   643 I ThermalEngine: Thermal-Server: removing client on fd 65
02-23 16:48:00.375 21679 21679 I Thermal-Lib: Thermal-Lib-Client: Unregisteration is successfull for handle:2
02-23 16:48:00.376   532 21883 D mm-camera: mct: mct_pipeline_process_set:command=800000b
02-23 16:48:00.376   532 21883 E mm-camera: mct: mct_pipeline_process_set:2966: Couldn't find stream id: 0
02-23 16:48:00.377   532   532 D mm-camera: mct: mct_controller_destroy: Initiating destroy sequence
02-23 16:48:00.377 21679 21679 I QCamera2HWI: [KPI Perf] int qcamera::QCamera2HardwareInterface::closeCamera(): X PROFILE_CLOSE_CAMERA camera id 0, rc: 0
02-23 16:48:00.377 21679 21679 E QCamera2HWI: int qcamera::QCamera2HardwareInterface::closeCamera():[PREVIEW_COUNT] preview_count(0)
02-23 16:48:00.377   532 21884 D mm-camera: mct: mct_bus_handler_thread_run: Force Exit
02-23 16:48:00.378   532   532 D mm-camera: mct: mct_controller_destroy: bus_handler thread closed
02-23 16:48:00.378   532   532 D mm-camera: mct: mct_pipeline_stop_session - E
02-23 16:48:00.378   532   532 D mm-camera: mct: mct_pipeline_process_set:command=800000b
02-23 16:48:00.378   532   532 D mm-camera: mct: mct_pipeline_process_set: Issuing DEL_STREAM on stream 0x1000f and stream type=10
02-23 16:48:00.378   532   532 E mm-camera: port_iface_ext_unlink_func: E, identity = 0x1000f, port = 0xe68a3620, direction = 2
02-23 16:48:00.378   532   532 E mm-camera: port_iface_check_caps_unreserve_func:  E, identity = 0x1000f, port = 0xe68a3620, direction = 2
02-23 16:48:00.378   532   532 E mm-camera: iface_unreserve_sink_port: stream_id f mode 0 
02-23 16:48:00.378   532   532 E mm-camera: port_iface_ext_unlink_func: E, identity = 0x1000f, port = 0xe68a3920, direction = 1
02-23 16:48:00.378   532   532 E mm-camera: iface_ext_unlink_src_port: mct stream already removed from hw stream
02-23 16:48:00.378   532   532 E mm-camera: port_iface_check_caps_unreserve_func:  E, identity = 0x1000f, port = 0xe68a3920, direction = 1
02-23 16:48:00.378   532   532 E mm-camera: isp_port_check_caps_unreserve:826 ide 1000f port 0xe65e1ac0
02-23 16:48:00.380 21679 21679 E QCamera2HWI: int qcamera::QCamera2HardwareInterface::closeCamera():[PREVIEW_COUNT][LOAD] preview_count(0) // MultiView(0)
02-23 16:48:00.380 21679 21679 I QCamera2HWI: [KPI Perf] static int qcamera::QCamera2HardwareInterface::close_camera_device(hw_device_t*): X
02-23 16:48:00.380 21679 21679 I QCamera2Factory: :static int qcamera::QCamera2Factory::openLegacy(int32_t, uint32_t, hw_device_t**) openLegacy halVersion: 256
02-23 16:48:00.381   532   532 E mm-camera: module_afs_port_check_caps_unreserve:1524] 
02-23 16:48:00.381   532   532 E mm-camera: module_afs_port_check_caps_unreserve:1532] destroy client
02-23 16:48:00.381   532   532 E mm-camera: module_imgbase_port_release_client_llvd:1553] 
02-23 16:48:00.381 21679 21679 D vndksupport: Loading /odm/lib/hw/power.msm8992.so from current namespace instead of sphal namespace.
02-23 16:48:00.381   532   532 E mm-camera: q3a_thread_af_stop:1019  q3a_thread_af_stop:1019 MSG_STOP_THREAD
02-23 16:48:00.382 21717 21781 V NuMediaExtractor: setDataSource fd=76 (/data/app/com.viber.voip-aF96T6M9HeN56gU0lYP4qA==/base.apk), offset=33007192, length=70112
02-23 16:48:00.382 21679 21893 D QCamera2HWI: static void* qcamera::QCamera2HardwareInterface::defferedWorkRoutine(void*): start data proc
02-23 16:48:00.385   532   532 E mm-camera: stats_port_delete_reserved_stream:2602  stats_port_delete_reserved_stream:2602: going to NULL peer
02-23 16:48:00.385 21679 21679 I QCamera2HWI: [KPI Perf] int qcamera::QCamera2HardwareInterface::openCamera(hw_device_t**): E PROFILE_OPEN_CAMERA camera id 1
02-23 16:48:00.385   532   532 D mm-camera: mct: mct_pipeline_process_set: Stream 0x1000f and stream type=10, successfully deleted
02-23 16:48:00.387   532 21896 D mm-camera: mct: mct_pipeline_stop_session_thread: Stop module name: sensor - E
02-23 16:48:00.387   532 21896 E mm-camera: module_sensor_deinit_session:1545trying to delete thread
02-23 16:48:00.387   532 21896 E mm-camera-sensor: proxy_thread_delete:259p_thread,trying to delete thread
02-23 16:48:00.387   532 21896 E mm-camera-sensor: send_thread_exit_msg:219p_thread, exit_thread 0
02-23 16:48:00.387   532 21896 E mm-camera-sensor: send_thread_exit_msg:223p_thread, exit_thread 1
02-23 16:48:00.387   532 21898 D mm-camera: mct: mct_pipeline_stop_session_thread: Stop module name: iface - E
02-23 16:48:00.388   532 21899 D mm-camera: mct: mct_pipeline_stop_session_thread: Stop module name: isp - E
02-23 16:48:00.388   532 21900 D mm-camera: mct: mct_pipeline_stop_session_thread: Stop module name: stats - E
02-23 16:48:00.388   532 21898 D mm-camera: mct: mct_pipeline_stop_session_thread: Stop module name: iface - X
02-23 16:48:00.388   532 21896 E mm-camera: module_sensor_deinit_session:1547proxy_thread_deleted!
02-23 16:48:00.388   532 21896 E mm-camera: module_sensor_deinit_session:1551try to stop proxy kernel workqueue!
02-23 16:48:00.388   532 21896 E mm-camera-sensor: sensor_proxy_thread_off:215enter
02-23 16:48:00.388   532 21899 E mm-camera-isp2: isp_module_stop_session:414 session id 1
02-23 16:48:00.389   532 21901 D mm-camera: mct: mct_pipeline_stop_session_thread: Stop module name: pproc - E
02-23 16:48:00.390   532 21899 D mm-camera: mct: mct_pipeline_stop_session_thread: Stop module name: isp - X
02-23 16:48:00.390   532   532 D mm-camera: mct: mct_pipeline_stop_session: left modules: 5
02-23 16:48:00.390   532   532 D mm-camera: mct: mct_pipeline_stop_session: left modules: 4
02-23 16:48:00.390   532 21902 D mm-camera: mct: mct_pipeline_stop_session_thread: Stop module name: imglib - E
02-23 16:48:00.390   532 21902 E mm-camera: module_faceproc_stop_session:1885] session cnt 1
02-23 16:48:00.392   532 21900 E mm-camera: gyro_port_deinit:1446  gyro_port_deinit: Error in android Deinit
02-23 16:48:00.393   532 21900 I CAMERA_SENSOR: stop_accel_sensor
02-23 16:48:00.393   532 21902 D mm-camera: mct: mct_pipeline_stop_session_thread: Stop module name: imglib - X
02-23 16:48:00.393   532   532 D mm-camera: mct: mct_pipeline_stop_session: left modules: 3
02-23 16:48:00.394   532 21901 E mm-camera-pp: [INFO] base_module_stop_session:98, E, session=1
02-23 16:48:00.394   532 21901 E mm-camera-pp: [INFO] base_module_stop_session:98, E, session=1
02-23 16:48:00.394   532 21901 D mm-camera: mct: mct_pipeline_stop_session_thread: Stop module name: pproc - X
02-23 16:48:00.395   532   532 D mm-camera: mct: mct_pipeline_stop_session: left modules: 2
02-23 16:48:00.395   528  6216 I OMXMaster: makeComponentInstance(OMX.google.mp3.decoder) in android.hardwar process
02-23 16:48:00.397   528  5969 E OMXNodeInstance: getConfig(0xefd876c0:google.mp3.decoder, ConfigAndroidVendorExtension(0x6f100004)) ERROR: Undefined(0x80001001)
02-23 16:48:00.401  6907  6907 I WearableService: Wearable Services not starting - Wear is not available on this device.
02-23 16:48:00.409  6907  6930 D WearableService: onGetService - Wear is not available on this device.
02-23 16:48:00.420   532 21896 E mm-camera: module_sensor_deinit_session:1567trying to delete thread
02-23 16:48:00.420   532 21874 I CAMERA_SENSOR: accel_data_cb received RESP - SNS_SMGR_CANCEL_RESP_V01
02-23 16:48:00.420   532 21896 E mm-camera-sensor: tcs_thread_delete:303tcs_thread, trying to delete thread
02-23 16:48:00.420   532 21896 E mm-camera: module_sensor_deinit_session:1569tcs_thread_deleted!
02-23 16:48:00.420   532 21896 E mm-camera: module_sensor_deinit_session:1571try to stop tcs kernel workqueue!
02-23 16:48:00.420   532 21900 D mm-camera: mct: mct_pipeline_stop_session_thread: Stop module name: stats - X
02-23 16:48:00.421   532   532 D mm-camera: mct: mct_pipeline_stop_session: left modules: 1
02-23 16:48:00.424   532 21896 E mm-camera-sensor: proxy_power_down:47enter
02-23 16:48:00.441  1057  1073 D BluetoothManagerService: Trying to bind to profile: 1, while Bluetooth was disabled
02-23 16:48:00.448 21717 21749 D NetworkSecurityConfig: No Network Security Config specified, using platform default
02-23 16:48:00.451   532 21896 E mm-camera: sensor_close:4609ctrl->isStreaming make false
02-23 16:48:00.452   532 21896 D mm-camera: mct: mct_pipeline_stop_session_thread: Stop module name: sensor - X
02-23 16:48:00.452   532   532 D mm-camera: mct: mct_pipeline_stop_session: left modules: 0
02-23 16:48:00.452   532   532 D mm-camera: mct: mct_pipeline_stop_session - X
02-23 16:48:00.452   532   532 D mm-camera: mct: mct_pipeline_destroy E: session:1 
02-23 16:48:00.452   532   532 D mm-camera: mct: mct_pipeline_destroy X: Pipeline destroyed successfully
02-23 16:48:00.452   532   532 D mm-camera: mct: mct_controller_destroy: X Successfully closed mct_controller
02-23 16:48:00.453   532   532 D mm-camera: mct: mct_controller_new: Creating new mct_controller with session-id 2
02-23 16:48:00.456   532 21909 D mm-camera: mct: mct_pipeline_start_session_thread: E sensor
02-23 16:48:00.457   532 21910 D mm-camera: mct: mct_pipeline_start_session_thread: E iface
02-23 16:48:00.457   532 21911 D mm-camera: mct: mct_pipeline_start_session_thread: E isp
02-23 16:48:00.457   532 21911 E mm-camera-isp2: isp_module_start_session:178 session id 2
02-23 16:48:00.457   532 21910 D mm-camera: mct: mct_pipeline_start_session_thread: X stats
02-23 16:48:00.459   532 21913 D mm-camera: mct: mct_pipeline_start_session_thread: E stats
02-23 16:48:00.459   532 21913 E mm-camera: tcc_init: TCC ver.150418a
02-23 16:48:00.462   532 21915 D mm-camera: mct: mct_pipeline_start_session_thread: E pproc
02-23 16:48:00.476   532 21917 D mm-camera: mct: mct_pipeline_start_session_thread: E imglib
02-23 16:48:00.478   532 21917 E mm-camera: module_faceproc_start_session:1844] session cnt 1
02-23 16:48:00.485   532 21917 D mm-camera: mct: mct_pipeline_start_session_thread: X imglib
02-23 16:48:00.495   532 21913 E mm-camera: sensor_laser_init:144  HW module: id: sensors name: STMicroelectronics VL53L0 sensor module
02-23 16:48:00.496   532 21909 E mm-camera: module_sensor_init_session:1245eeprom_name = t4ka3_eeprom
02-23 16:48:00.496   532 21913 E Sensors : openInput
02-23 16:48:00.496   532 21913 E Sensors : devname: /dev/input/event4
02-23 16:48:00.498 21717 21746 D AppDetails: getApps: null
02-23 16:48:00.501   532 21911 E mm-camera-isp2: isp_module_start_session:347 num_session_opened 1
02-23 16:48:00.501   532 21911 D mm-camera: mct: mct_pipeline_start_session_thread: X imglib
02-23 16:48:00.522   532 21915 E mm-camera-pp: [INFO] base_module_start_session:91, E, session=2
02-23 16:48:00.522   532 21915 E mm-camera-pp: [INFO] base_module_start_session:91, E, session=2
02-23 16:48:00.522   532 21915 D mm-camera: mct: mct_pipeline_start_session_thread: X imglib
02-23 16:48:00.525   532 21909 E mm-camera: module_sensor_init_session:1277flash subdev id = -1
02-23 16:48:00.526   532 21909 E mm-camera: module_sensor_start_session:1684SUCCESS
02-23 16:48:00.526   532 21909 D mm-camera: mct: mct_pipeline_start_session_thread: X imglib
02-23 16:48:00.528   532 21913 E Sensors : devname: /dev/input/event3
02-23 16:48:00.576   532 21913 E Sensors : devname: /dev/input/event1
02-23 16:48:00.589 21717 21781 V NuMediaExtractor: setDataSource fd=79 (/data/app/com.viber.voip-aF96T6M9HeN56gU0lYP4qA==/base.apk), offset=33165124, length=153750
02-23 16:48:00.595   528   551 I OMXMaster: makeComponentInstance(OMX.google.mp3.decoder) in android.hardwar process
02-23 16:48:00.597   528   551 E OMXNodeInstance: getConfig(0xefd879c0:google.mp3.decoder, ConfigAndroidVendorExtension(0x6f100004)) ERROR: Undefined(0x80001001)
02-23 16:48:00.600   532 21913 E Sensors : devname: /dev/input/mice
02-23 16:48:00.628   532 21913 E Sensors : devname: /dev/input/event0
02-23 16:48:00.644   532 21913 E Sensors : devname: /dev/input/event2
02-23 16:48:00.672   532 21913 E Sensors : couldn't find 'STM VL53L0 proximity sensor' input device
02-23 16:48:00.672   532 21913 E Sensors : ProximitySensor::ProximitySensor gets called!
02-23 16:48:00.672   532 21913 E Sensors : ProximitySensor: input_name:, input_sysfs_path:/sys/class/input/input
02-23 16:48:00.672   532 21913 E Sensors : ProximitySensor::enable function called for stmvl53L0!
02-23 16:48:00.672   532 21913 E Sensors : ProximitySensor::enable filename:/sys/class/input/input/enable_ps_sensor
02-23 16:48:00.672   532 21913 E Sensors : ProximitySensor::enable: Failed to open file descriptor for enabling VL53L0
02-23 16:48:00.672   532 21913 E Sensors : ProximitySensor::enable: Attempted to open file /sys/class/input/input/enable_ps_sensor. Error: -1
02-23 16:48:00.672   532 21913 E Sensors : open_sensors gets called!
02-23 16:48:00.672   532 21913 E Sensors : is_tof_sensor_available() called
02-23 16:48:00.672   532 21913 E Sensors : devname: /dev/input/event4
02-23 16:48:00.700   532 21913 E Sensors : devname: /dev/input/event3
02-23 16:48:00.731  1057  8390 D WifiPermissionsUtil: Denied: no location permission
02-23 16:48:00.731  1057  8390 D WifiPermissionsUtil: Denied: The current config is not for an open network.
02-23 16:48:00.744   532 21913 E Sensors : devname: /dev/input/event1
02-23 16:48:00.776   532 21913 E Sensors : devname: /dev/input/mice
02-23 16:48:00.792   532 21913 E Sensors : devname: /dev/input/event0
02-23 16:48:00.824   532 21913 E Sensors : devname: /dev/input/event2
02-23 16:48:00.844   532 21913 E Sensors : No Tof sensor found!!!
02-23 16:48:00.844   532 21913 E mm-camera: sensor_laser_init:164  0 sensor supported
02-23 16:48:00.844   532 21913 E mm-camera: gyro_port_init:1404  Failure initializing laser sensor. Error: 4
02-23 16:48:00.844   532 21913 I CAMERA_SENSOR: start_accel_sensor
02-23 16:48:00.845   532 21913 E mm-camera: start_accel_sensor: sensor1_open E
02-23 16:48:00.846   532 21913 E mm-camera: start_accel_sensor: sensor1_open X, res = 0
02-23 16:48:00.848   532 21941 I CAMERA_SENSOR: accel_data_cb received RESP - SNS_SMGR_REPORT_RESP_V01
02-23 16:48:00.849   532 21913 D mm-camera: mct: mct_pipeline_start_session_thread: X imglib
02-23 16:48:00.849   532   532 E mm-camera: module_sensor_query_mod:7021led flash is not supported for this sensor.
02-23 16:48:00.849   532   532 E mm-camera: sensor_get_cur_chromatix_name:2577Error: Load default preview chroamtix
02-23 16:48:00.849   532   532 E mm-camera-sensor: chromatix_load_library_ex : chromatix = libchromatix_t4ka3_snapshot_open.so , lib name = /system/vendor/lib/libchromatix_t4ka3_snapshot_open.so
02-23 16:48:00.850   532   532 E mm-camera-sensor: chromatix_load_library_ex : chromatix = libchromatix_t4ka3_snapshot_open.so , lib name = /system/vendor/lib/libchromatix_t4ka3_snapshot_open.so
02-23 16:48:00.850   532   532 E mm-camera-sensor: chromatix_load_library_ex : chromatix = libchromatix_t4ka3_common_open.so , lib name = /system/vendor/lib/libchromatix_t4ka3_common_open.so
02-23 16:48:00.851   532   532 E mm-camera-sensor: chromatix_load_library_ex : chromatix = libchromatix_t4ka3_cpp_snapshot_open.so , lib name = /system/vendor/lib/libchromatix_t4ka3_cpp_snapshot_open.so
02-23 16:48:00.851   532   532 E mm-camera-sensor: chromatix_load_library_ex : chromatix = libchromatix_t4ka3_cpp_snapshot_open.so , lib name = /system/vendor/lib/libchromatix_t4ka3_cpp_snapshot_open.so
02-23 16:48:00.851   532   532 E mm-camera-sensor: chromatix_load_library_ex : chromatix = libchromatix_t4ka3_cpp_video_open.so , lib name = /system/vendor/lib/libchromatix_t4ka3_cpp_video_open.so
02-23 16:48:00.851   532   532 E mm-camera-sensor: chromatix_load_library_ex : chromatix = libchromatix_t4ka3_postproc_open.so , lib name = /system/vendor/lib/libchromatix_t4ka3_postproc_open.so
02-23 16:48:00.852   532   532 E mm-camera-isp2: isp_resource_query_mod:145 num_isp_preallocate 1 num_session_opened 1 dual_vfe_enabled 0
02-23 16:48:00.852   532   532 E mm-camera: module_faceproc_query_mod:1996] Caps ROI 5 scene_mode_cnt 1 HW analysis supported 0
02-23 16:48:00.852   532   532 E hdr     : module_hdr_lib_query_mod:181] Supported scenemode cnt 2
02-23 16:48:00.852   532   532 D mm-camera: mct: mct_pipeline_process_set:command=800000a
02-23 16:48:00.852   532   532 D mm-camera: mct: mct_pipeline_process_set: Adding new stream: id [0f]
02-23 16:48:00.852   532   532 D mm-camera: mct: mct_pipeline_process_set:command=8000012
02-23 16:48:00.852   532   532 D mm-camera: mct: mct_stream_start_link: Start linking Session-stream 0x2000f
02-23 16:48:00.852   532   532 I mm-camera: module_iface_set_mod_func: set module type = 8, identity 2000f
02-23 16:48:00.852   532   532 E mm-camera-sensor: port_sensor_caps_reserve:86session id doesn't match
02-23 16:48:00.852   532   532 E mm-camera: iface_util_find_primary_cid:84 error cannot find primary sensor format cids 2
02-23 16:48:00.852   532   532 E mm-camera: isp_port_check_caps_reserve:737 port 0xe65e1ac0 ide 2000f type 10 dim 0 0
02-23 16:48:00.853   532   532 E mm-camera: int_link = 0xe65e80e0
02-23 16:48:00.853   532   532 I mm-camera: pproc_port_add_modules_to_stream:433, linking mods tmod and c2d
02-23 16:48:00.855   532   532 I mm-camera: pproc_port_add_modules_to_stream:433, linking mods c2d and cpp
02-23 16:48:00.856   532   532 E mm-camera: Interleaved flag is 0, identity 131087 port type 0
02-23 16:48:00.856   532   532 I mm-camera: pproc_port_add_modules_to_stream:433, linking mods cpp and afs
02-23 16:48:00.856   532   532 I mm-camera: pproc_port_add_modules_to_stream:433, linking mods afs and llvd
02-23 16:48:00.857   532   532 I mm-camera: pproc_port_add_modules_to_stream:433, linking mods llvd and ezt
02-23 16:48:00.857   532   532 E mm-camera: pproc_port_add_modules_to_stream:454] X rc: 1
02-23 16:48:00.866   532   532 D mm-camera: mct: mct_pipeline_process_set: Linking successful for stream 0x2000f stream type=10
02-23 16:48:00.870   532 21950 E mm-camera: mct: mct_pipeline_populate_query_cap_buffer: 3A VERSION:: 4.1.0.r2
02-23 16:48:00.870   532 21950 D mm-camera: mct: Cam 1: FPS range selection complete. Publishing 4 ranges.
02-23 16:48:00.894 21679 21679 D mm-jpeg-intf: Max picture size 3264 x 2448, WorkBufSize = 12220416
02-23 16:48:00.898 21679 21679 I qomx_image_core: OMX_Init:95] Complete 3
02-23 16:48:00.899 21679 21679 E QCameraHWI_Mem: void qcamera::QCameraMemory::traceLogAllocStart(size_t, int, const char*):HeapMemsize 659104
02-23 16:48:00.899 21679 21679 E QCameraHWI_Mem: void qcamera::QCameraMemory::traceLogAllocStart(size_t, int, const char*):Memsize 659104
02-23 16:48:00.900 21679 21679 E QCameraHWI_Mem: void qcamera::QCameraMemory::traceLogAllocEnd(size_t) 659104
02-23 16:48:00.900 21679 21679 E QCameraHWI_Mem: void qcamera::QCameraMemory::traceLogAllocEnd(size_t) 659104
02-23 16:48:00.901 21679 21679 D QCameraParameters: int32_t qcamera::QCameraParameters::initDefaultParameters(): supported preview sizes: 2560x1440,1920x1440,2048x1536,2048x1080,1920x1080,1776x1080,1440x1080,1280x960,1280x720,960x720,864x480,880x720,848x480,800x480,768x432,720x480,640x640,640x480,640x360,576x432,480x320,384x288,352x288,320x240,240x160,176x144
02-23 16:48:00.901 21679 21679 D QCameraParameters: int32_t qcamera::QCameraParameters::initDefaultParameters(): supported video sizes: 1920x1080,1280x960,1280x720,864x480,848x480,800x480,720x480,640x480,640x360,480x320,352x288,320x240,176x144,144x176
02-23 16:48:00.901 21679 21679 D QCameraParameters: int32_t qcamera::QCameraParameters::initDefaultParameters(): supported pic sizes: 3264x2448,3264x1836,2560x1920,2592x1944,2688x1512,2048x1536,1920x1080,1600x1200,1536x864,1280x960,1280x768,1280x720,1024x768,880x720,800x600,864x480,800x480,720x480,640x480,640x360,352x288,320x240,176x144
02-23 16:48:00.902 21679 21679 D QCameraParameters: int32_t qcamera::QCameraParameters::setPreviewFpsRange(int, int, int, int): Setting preview fps range 2000,30000
02-23 16:48:00.902 21679 21679 D QCameraParameters: int32_t qcamera::QCameraParameters::setPreviewFpsRange(int, int, int, int): Updated: minFps = 2000, maxFps = 30000 , vid minFps = 2000, vid maxFps = 30000
02-23 16:48:00.902 21679 21679 D QCamera2HWI: int qcamera::QCamera2HardwareInterface::calcThermalLevel(qcamera::qcamera_thermal_level_enum_t, int, int, cam_fps_range_t&, msm_vfe_frame_skip_pattern&): level: 0, preview minfps 2000.000000, preview maxfpS 30000.000000, video minfps 2000.000000, video maxfpS 30000.000000
02-23 16:48:00.902 21679 21679 D QCamera2HWI: int qcamera::QCamera2HardwareInterface::calcThermalLevel(qcamera::qcamera_thermal_level_enum_t, int, int, cam_fps_range_t&, msm_vfe_frame_skip_pattern&): Thermal level 0, FPS [2.00,30.00, 2.00,30.00], frameskip 0
02-23 16:48:00.902 21679 21679 D QCameraParameters: int32_t qcamera::QCameraParameters::setPreviewFpsRange(int, int, int, int): Thermal adjusted Preview fps range 2.00,30.00, 2.00, 30.00
02-23 16:48:00.902 21679 21679 D QCameraParameters: int32_t qcamera::QCameraParameters::initDefaultParameters(): supported fps rates: 2,3,4,5,6,7,8,9,10,11,12,13,14,15,16,17,18,19,20,21,22,23,24,25,26,27,28,29,30
02-23 16:48:00.902 21679 21679 D QCameraParameters: int32_t qcamera::QCameraParameters::setFocusMode(const char*): Setting focus mode fixed
02-23 16:48:00.902 21679 21679 D QCameraParameters: initDefaultParameters: setting KEY_FOCUS_DISTANCES as 0.100000,0.150000,0.170000
02-23 16:48:00.903 21679 21679 D QCameraParameters: int32_t qcamera::QCameraParameters::setAutoExposure(const char*): Setting auto exposure center-weighted
02-23 16:48:00.903 21679 21679 D QCameraParameters: int32_t qcamera::QCameraParameters::setAntibanding(const char*): Setting AntiBanding value auto
02-23 16:48:00.903 21679 21679 D QCameraParameters: int32_t qcamera::QCameraParameters::setFlash(const char*): Setting Flash value off
02-23 16:48:00.903 21679 21679 D QCameraParameters: int32_t qcamera::QCameraParameters::setISOValue(const char*): Setting ISO value auto
02-23 16:48:00.903 21679 21679 D QCameraParameters: int32_t qcamera::QCameraParameters::initDefaultParameters(), Exposure time min 0.013272 ms, max 869.661901 ms
02-23 16:48:00.903 21679 21679 D QCameraParameters: int32_t qcamera::QCameraParameters::initDefaultParameters(), ISO min 100, max 3000
02-23 16:48:00.905 21679 21679 D QCameraParameters: int32_t qcamera::QCameraParameters::setZoom(int): zoom level: 0
02-23 16:48:00.905 21679 21679 I QCameraParameters: int32_t qcamera::QCameraParameters::initDefaultParameters(): setting Exposure Bracketing value of 0,10,-9
02-23 16:48:00.905 21679 21679 D QCameraParameters: int32_t qcamera::QCameraParameters::setAEBracket(const char*), EXP_BRACKETING_OFF
02-23 16:48:00.905 21679 21679 D QCameraParameters: int32_t qcamera::QCameraParameters::setChromaFlash(const char*): chromaFlashStr =chroma-flash-off
02-23 16:48:00.905 21679 21679 D QCameraParameters: int32_t qcamera::QCameraParameters::setOptiZoom(const char*): optiZoomStr =opti-zoom-off
02-23 16:48:00.906 21679 21679 D QCameraParameters: int32_t qcamera::QCameraParameters::setSeeMore(const char*): seeMoreStr =off
02-23 16:48:00.906 21679 21679 D QCameraParameters: int32_t qcamera::QCameraParameters::setToneMapMode(uint32_t, bool): tone map mode 1 
02-23 16:48:00.906 21679 21679 D QCameraParameters: int32_t qcamera::QCameraParameters::setAecLock(const char*): Setting AECLock value false
02-23 16:48:00.906 21679 21679 D QCameraParameters: int32_t qcamera::QCameraParameters::setAwbLock(const char*): Setting AWBLock value false
02-23 16:48:00.906 21679 21679 D QCameraParameters: int32_t qcamera::QCameraParameters::initDefaultParameters(): totalram = -1334108160, freeram = 366878720 
02-23 16:48:00.906 21679 21679 D QCameraParameters: void qcamera::QCameraParameters::setOfflineRAW(): Offline Raw  0
02-23 16:48:00.906 21679 21679 E LGCameraParameters: void qcamera::QCameraParameters::initDefaultParametersEx(): multi_window_af_supported = 1
02-23 16:48:00.906 21679 21679 E LGCameraParameters: createMultiWindowString: (-280,-280,0,0,1),(-140,-420,140,-140,1),(0,-280,280,0,1),(-420,-140,-140,140,1),(-140,-140,140,140,1),(140,-140,420,140,1),(-280,0,0,280,1),(-140,140,140,420,1),(0,0,280,280,1),(-220,-220,220,220,1)
02-23 16:48:00.907 21679 21679 E LGCameraParameters: createMultiWindowString: (720,720,1000,1000,1),(860,580,1140,860,1),(1000,720,1280,1000,1),(580,860,860,1140,1),(860,860,1140,1140,1),(1140,860,1420,1140,1),(720,1000,1000,1420,1),(860,1140,1140,1420,1),(1000,1000,1280,1280,1)
02-23 16:48:00.907 21679 21679 D LGCameraParameters: int32_t qcamera::QCameraParameters::setLG_ISOcontrol(const char*): Setting ISO value auto
02-23 16:48:00.907 21679 21679 E LGCameraParameters: int32_t qcamera::QCameraParameters::setBeautyLevel(int) : [ARC_BEAUTY] beautylevel = 0
02-23 16:48:00.909   532 21950 E mm-camera: iface_util_set_hfr: can't find hw stream, only save hfr mode
02-23 16:48:00.910 21679 21679 D QCameraParameters: int32_t qcamera::QCameraParameters::setNumOfSnapshot(): nBurstNum = 1, nExpnum = 1
02-23 16:48:00.911 21679 21679 I Thermal-Lib: Thermal-Lib-Client: Registraion successful for camera with handle:1
02-23 16:48:00.911 21679 21679 I Thermal-Lib: Thermal-Lib-Client: Registraion successful for camcorder with handle:2
02-23 16:48:00.911 21679 21679 I QCamera2HWI: [KPI Perf] int qcamera::QCamera2HardwareInterface::openCamera(hw_device_t**): X PROFILE_OPEN_CAMERA camera id 1, rc: 0
02-23 16:48:00.911 21679 21679 E QCamera2HWI: int qcamera::QCamera2HardwareInterface::openCamera(hw_device_t**):[PREVIEW_COUNT] preview_count(1)
02-23 16:48:00.912   510   643 I ThermalEngine: Thermal-Server: Adding thermal event listener on fd 65
02-23 16:48:00.913 21679 21957 I Thermal-Lib: Thermal-Lib-Client: Client received msg camera 0
02-23 16:48:00.913 21679 21957 D QCamera2HWI: virtual int qcamera::QCamera2HardwareInterface::thermalEvtHandle(qcamera::qcamera_thermal_level_enum_t*, void*, void*): level = 0, userdata = 0x0, data = 0x0
02-23 16:48:00.913 21679 21957 I Thermal-Lib: Thermal-Lib-Client: Client received msg camcorder 0
02-23 16:48:00.913 21679 21892 E QCameraStateMachine: int32_t qcamera::QCameraStateMachine::procEvtPreviewStoppedState(qcamera::qcamera_sm_evt_enum_t, void*): cannot handle evt(31) in state(0)
02-23 16:48:00.913 21679 21957 D QCamera2HWI: virtual int qcamera::QCamera2HardwareInterface::thermalEvtHandle(qcamera::qcamera_thermal_level_enum_t*, void*, void*): level = 0, userdata = 0x0, data = 0x0
02-23 16:48:00.913 21679 21892 E QCameraStateMachine: int32_t qcamera::QCameraStateMachine::procEvtPreviewStoppedState(qcamera::qcamera_sm_evt_enum_t, void*): cannot handle evt(31) in state(0)
02-23 16:48:00.918 21679 21679 I QCamera2HWI: [KPI Perf] static int qcamera::QCamera2HardwareInterface::close_camera_device(hw_device_t*): E
02-23 16:48:00.918 21679 21893 D QCamera2HWI: static void* qcamera::QCamera2HardwareInterface::defferedWorkRoutine(void*): stop data proc
02-23 16:48:00.920 21679 21679 I QCamera2HWI: [KPI Perf] int qcamera::QCamera2HardwareInterface::closeCamera(): E PROFILE_CLOSE_CAMERA camera id 1
02-23 16:48:00.920 21679 21679 D QCameraParameters: bool qcamera::QCameraParameters::setStreamConfigure(bool, bool, bool): Done Resetting stream config!!
02-23 16:48:00.922 21679 21679 I qomx_image_core: OMX_Deinit:119] Complete
02-23 16:48:00.927  1057 17051 D WifiPermissionsUtil: Denied: no location permission
02-23 16:48:00.927  1057 17051 D WifiPermissionsUtil: Denied: The current config is not for an open network.
02-23 16:48:00.929 21679 21679 I Thermal-Lib: Thermal-Lib-Client: Unregisteration is successfull for handle:1
02-23 16:48:00.930   510   643 I ThermalEngine: Thermal-Server: removing client on fd 65
02-23 16:48:00.930 21679 21679 I Thermal-Lib: Thermal-Lib-Client: Unregisteration is successfull for handle:2
02-23 16:48:00.931   532 21950 D mm-camera: mct: mct_pipeline_process_set:command=800000b
02-23 16:48:00.931   532 21950 E mm-camera: mct: mct_pipeline_process_set:2966: Couldn't find stream id: 0
02-23 16:48:00.932   532   532 D mm-camera: mct: mct_controller_destroy: Initiating destroy sequence
02-23 16:48:00.932 21679 21679 I QCamera2HWI: [KPI Perf] int qcamera::QCamera2HardwareInterface::closeCamera(): X PROFILE_CLOSE_CAMERA camera id 1, rc: 0
02-23 16:48:00.932 21679 21679 E QCamera2HWI: int qcamera::QCamera2HardwareInterface::closeCamera():[PREVIEW_COUNT] preview_count(0)
02-23 16:48:00.932   532 21951 D mm-camera: mct: mct_bus_handler_thread_run: Force Exit
02-23 16:48:00.932   532   532 D mm-camera: mct: mct_controller_destroy: bus_handler thread closed
02-23 16:48:00.932   532   532 D mm-camera: mct: mct_pipeline_stop_session - E
02-23 16:48:00.932   532   532 D mm-camera: mct: mct_pipeline_process_set:command=800000b
02-23 16:48:00.932   532   532 D mm-camera: mct: mct_pipeline_process_set: Issuing DEL_STREAM on stream 0x2000f and stream type=10
02-23 16:48:00.932   532   532 E mm-camera: port_iface_ext_unlink_func: E, identity = 0x2000f, port = 0xe68a3620, direction = 2
02-23 16:48:00.933   532   532 E mm-camera: port_iface_check_caps_unreserve_func:  E, identity = 0x2000f, port = 0xe68a3620, direction = 2
02-23 16:48:00.933   532   532 E mm-camera: iface_unreserve_sink_port: stream_id f mode 0 
02-23 16:48:00.933   532   532 E mm-camera: port_iface_ext_unlink_func: E, identity = 0x2000f, port = 0xe68a3920, direction = 1
02-23 16:48:00.933   532   532 E mm-camera: iface_ext_unlink_src_port: mct stream already removed from hw stream
02-23 16:48:00.933   532   532 E mm-camera: port_iface_check_caps_unreserve_func:  E, identity = 0x2000f, port = 0xe68a3920, direction = 1
02-23 16:48:00.933   532   532 E mm-camera: isp_port_check_caps_unreserve:826 ide 2000f port 0xe65e1ac0
02-23 16:48:00.935   532   532 E mm-camera: module_afs_port_check_caps_unreserve:1524] 
02-23 16:48:00.935   532   532 E mm-camera: module_afs_port_check_caps_unreserve:1532] destroy client
02-23 16:48:00.935   532   532 E mm-camera: module_imgbase_port_release_client_llvd:1553] 
02-23 16:48:00.935   532   532 E mm-camera: q3a_thread_af_stop:1019  q3a_thread_af_stop:1019 MSG_STOP_THREAD
02-23 16:48:00.937 21679 21679 E QCamera2HWI: int qcamera::QCamera2HardwareInterface::closeCamera():[PREVIEW_COUNT][LOAD] preview_count(0) // MultiView(0)
02-23 16:48:00.937 21679 21679 I QCamera2HWI: [KPI Perf] static int qcamera::QCamera2HardwareInterface::close_camera_device(hw_device_t*): X
02-23 16:48:00.938 21679 21679 I CameraProviderManager: Connecting to new camera provider: legacy/0, isRemote? 0
02-23 16:48:00.939 21679 21679 I CameraProviderManager: Enumerating new camera device: device@1.0/legacy/0
02-23 16:48:00.940   532   532 E mm-camera: stats_port_delete_reserved_stream:2602  stats_port_delete_reserved_stream:2602: going to NULL peer
02-23 16:48:00.940   532   532 D mm-camera: mct: mct_pipeline_process_set: Stream 0x2000f and stream type=10, successfully deleted
02-23 16:48:00.941 21679 21679 I CamDev@1.0-impl: Opening camera 0
02-23 16:48:00.941 21679 21679 I QCamera2Factory: :static int qcamera::QCamera2Factory::openLegacy(int32_t, uint32_t, hw_device_t**) openLegacy halVersion: 256
02-23 16:48:00.942 21679 21679 D vndksupport: Loading /odm/lib/hw/power.msm8992.so from current namespace instead of sphal namespace.
02-23 16:48:00.943   532 21965 D mm-camera: mct: mct_pipeline_stop_session_thread: Stop module name: iface - E
02-23 16:48:00.943 21679 21966 D QCamera2HWI: static void* qcamera::QCamera2HardwareInterface::defferedWorkRoutine(void*): start data proc
02-23 16:48:00.944   532 21967 D mm-camera: mct: mct_pipeline_stop_session_thread: Stop module name: isp - E
02-23 16:48:00.944   532 21967 E mm-camera-isp2: isp_module_stop_session:414 session id 2
02-23 16:48:00.944   532 21965 D mm-camera: mct: mct_pipeline_stop_session_thread: Stop module name: iface - X
02-23 16:48:00.944   532 21962 D mm-camera: mct: mct_pipeline_stop_session_thread: Stop module name: sensor - E
02-23 16:48:00.946   532 21967 D mm-camera: mct: mct_pipeline_stop_session_thread: Stop module name: isp - X
02-23 16:48:00.947 21679 21679 I QCamera2HWI: [KPI Perf] int qcamera::QCamera2HardwareInterface::openCamera(hw_device_t**): E PROFILE_OPEN_CAMERA camera id 0
02-23 16:48:00.947   532 21968 D mm-camera: mct: mct_pipeline_stop_session_thread: Stop module name: stats - E
02-23 16:48:00.949   532 21969 D mm-camera: mct: mct_pipeline_stop_session_thread: Stop module name: pproc - E
02-23 16:48:00.949   532   532 D mm-camera: mct: mct_pipeline_stop_session: left modules: 5
02-23 16:48:00.949   532   532 D mm-camera: mct: mct_pipeline_stop_session: left modules: 4
02-23 16:48:00.950   532 21970 D mm-camera: mct: mct_pipeline_stop_session_thread: Stop module name: imglib - E
02-23 16:48:00.950   532 21970 E mm-camera: module_faceproc_stop_session:1885] session cnt 1
02-23 16:48:00.953   532 21968 E mm-camera: gyro_port_deinit:1446  gyro_port_deinit: Error in android Deinit
02-23 16:48:00.953   532 21968 I CAMERA_SENSOR: stop_accel_sensor
02-23 16:48:00.953   532 21968 D mm-camera: mct: mct_pipeline_stop_session_thread: Stop module name: stats - X
02-23 16:48:00.954   530 21971 E Sensors : sns_acm_mr.c(499):Transport error -1
02-23 16:48:00.954   532   532 D mm-camera: mct: mct_pipeline_stop_session: left modules: 3
02-23 16:48:00.956   532 21970 D mm-camera: mct: mct_pipeline_stop_session_thread: Stop module name: imglib - X
02-23 16:48:00.956   532   532 D mm-camera: mct: mct_pipeline_stop_session: left modules: 2
02-23 16:48:00.958   532 21962 E mm-camera: sensor_close:4609ctrl->isStreaming make false
02-23 16:48:00.959   532 21969 E mm-camera-pp: [INFO] base_module_stop_session:98, E, session=2
02-23 16:48:00.960   532 21962 D mm-camera: mct: mct_pipeline_stop_session_thread: Stop module name: sensor - X
02-23 16:48:00.960   532   532 D mm-camera: mct: mct_pipeline_stop_session: left modules: 1
02-23 16:48:00.960   532 21969 E mm-camera-pp: [INFO] base_module_stop_session:98, E, session=2
02-23 16:48:00.960   532 21969 D mm-camera: mct: mct_pipeline_stop_session_thread: Stop module name: pproc - X
02-23 16:48:00.960   522   522 E MP3Extractor: Unable to resync. Signalling end of stream.
02-23 16:48:00.960   532   532 D mm-camera: mct: mct_pipeline_stop_session: left modules: 0
02-23 16:48:00.960   532   532 D mm-camera: mct: mct_pipeline_stop_session - X
02-23 16:48:00.961   532   532 D mm-camera: mct: mct_pipeline_destroy E: session:2 
02-23 16:48:00.961   532   532 D mm-camera: mct: mct_pipeline_destroy X: Pipeline destroyed successfully
02-23 16:48:00.961   532   532 D mm-camera: mct: mct_controller_destroy: X Successfully closed mct_controller
02-23 16:48:00.962   532   532 D mm-camera: mct: mct_controller_new: Creating new mct_controller with session-id 1
02-23 16:48:00.962   532 21972 D mm-camera: mct: mct_pipeline_start_session_thread: E sensor
02-23 16:48:00.962   532 21973 D mm-camera: mct: mct_pipeline_start_session_thread: E iface
02-23 16:48:00.963   532 21974 D mm-camera: mct: mct_pipeline_start_session_thread: E isp
02-23 16:48:00.963   532 21974 E mm-camera-isp2: isp_module_start_session:178 session id 1
02-23 16:48:00.964 17052 17104 I CameraManagerGlobal: Connecting to camera service
02-23 16:48:00.964 17052 17104 E CameraManagerGlobal: Camera service is unavailable
02-23 16:48:00.965   532 21975 D mm-camera: mct: mct_pipeline_start_session_thread: E stats
02-23 16:48:00.966   532 21973 D mm-camera: mct: mct_pipeline_start_session_thread: X pproc
02-23 16:48:00.967   532 21977 D mm-camera: mct: mct_pipeline_start_session_thread: E pproc
02-23 16:48:00.969   532 21975 E mm-camera: tcc_init: TCC ver.150418a
02-23 16:48:00.969   532 21979 D mm-camera: mct: mct_pipeline_start_session_thread: E imglib
02-23 16:48:00.970 21717 21781 V NuMediaExtractor: setDataSource fd=81 (/data/app/com.viber.voip-aF96T6M9HeN56gU0lYP4qA==/base.apk), offset=33077368, length=15650
02-23 16:48:00.970   532 21979 E mm-camera: module_faceproc_start_session:1844] session cnt 1
02-23 16:48:00.972   532 21974 E mm-camera-isp2: isp_module_start_session:347 num_session_opened 1
02-23 16:48:00.972   532 21974 D mm-camera: mct: mct_pipeline_start_session_thread: X imglib
02-23 16:48:00.973   532 21979 D mm-camera: mct: mct_pipeline_start_session_thread: X imglib
02-23 16:48:00.977   528  5969 I OMXMaster: makeComponentInstance(OMX.google.mp3.decoder) in android.hardwar process
02-23 16:48:00.979   528   551 E OMXNodeInstance: getConfig(0xefd878a0:google.mp3.decoder, ConfigAndroidVendorExtension(0x6f100004)) ERROR: Undefined(0x80001001)
02-23 16:48:00.981   532 21975 E mm-camera: sensor_laser_init:144  HW module: id: sensors name: STMicroelectronics VL53L0 sensor module
02-23 16:48:00.981   532 21972 E mm-camera: module_sensor_init_session:1245eeprom_name = imx234_eeprom
02-23 16:48:00.981   532 21975 E Sensors : openInput
02-23 16:48:00.981   532 21975 E Sensors : devname: /dev/input/event4
02-23 16:48:01.008   532 21975 E Sensors : devname: /dev/input/event3
02-23 16:48:01.014   532 21977 E mm-camera-pp: [INFO] base_module_start_session:91, E, session=1
02-23 16:48:01.014   532 21977 E mm-camera-pp: [INFO] base_module_start_session:91, E, session=1
02-23 16:48:01.014   532 21977 D mm-camera: mct: mct_pipeline_start_session_thread: X imglib
02-23 16:48:01.022 21717 21781 V NuMediaExtractor: setDataSource fd=83 (/data/app/com.viber.voip-aF96T6M9HeN56gU0lYP4qA==/base.apk), offset=33093076, length=71990
02-23 16:48:01.024   532 21972 E mm-camera: module_sensor_init_session:1277flash subdev id = 0
02-23 16:48:01.025   532 21972 E mm-camera-sensor: sensor_sdk_util_get_kernel_i2c_addr_type:26Invalid addr_type = 0
02-23 16:48:01.025   532 21972 E mm-camera-sensor: sensor_sdk_util_get_kernel_i2c_data_type:40Invalid addr_type = 0
02-23 16:48:01.025   532 21972 E mm-camera-sensor: actuator_load_lib:491name=lc898122_claf, mode=camera
02-23 16:48:01.027   532 21972 E mm-camera-sensor: actuator_load_lib:491name=lc898122_claf, mode=camcorder
02-23 16:48:01.028   528   551 I OMXMaster: makeComponentInstance(OMX.google.mp3.decoder) in android.hardwar process
02-23 16:48:01.028   532 21972 E mm-camera-sensor: eeprom_do_af_calibration:197turn on Cal af(1)
02-23 16:48:01.028   532 21972 E mm-camera-sdk: eeprom_autofocus_calibration_claf:173 KSY Kernel original macro hall : 9600, inf hall : -12800, macro_mecha 16800, vcm_type 66
02-23 16:48:01.028   532 21972 E mm-camera-sdk: eeprom_autofocus_calibration_claf:178 KSY AF_algorithm convert macro hall : 350, inf hall : 0, total_rangetomacro : 0, offset_value_pplus_mtm : 0
02-23 16:48:01.028   532 21972 E mm-camera: ois_init:305start: ois_init
02-23 16:48:01.029   532 21972 E mm-camera: ois_init:372done: ois_init
02-23 16:48:01.030   532 21972 E mm-camera-sensor: proxy_init:71name = LD_AF
02-23 16:48:01.030   532 22002 E mm-camera: ois_thread:201ois thread is running
02-23 16:48:01.030   532 21972 E mm-camera-sensor: sensor_proxy_on:151enter
02-23 16:48:01.031   528 21296 E OMXNodeInstance: getConfig(0xefd87480:google.mp3.decoder, ConfigAndroidVendorExtension(0x6f100004)) ERROR: Undefined(0x80001001)
02-23 16:48:01.039   532 21975 E Sensors : devname: /dev/input/event1
02-23 16:48:01.072   532 21975 E Sensors : devname: /dev/input/mice
02-23 16:48:01.081   532 21972 E mm-camera-sensor: sensor_proxy_thread_on:198enter
02-23 16:48:01.082   532 21972 E mm-camera: module_sensor_init_session:1412tcs_sensor init Enter **
02-23 16:48:01.096   532 21975 E Sensors : devname: /dev/input/event0
02-23 16:48:01.097   532 21972 E mm-camera-sensor: tcs_thread_create:291tcs_thread, thread_id 0
02-23 16:48:01.098   532 21972 E mm-camera: module_sensor_start_session:1684SUCCESS
02-23 16:48:01.098   532 21972 D mm-camera: mct: mct_pipeline_start_session_thread: X imglib
02-23 16:48:01.128   532 21975 E Sensors : devname: /dev/input/event2
02-23 16:48:01.148   532 21975 E Sensors : couldn't find 'STM VL53L0 proximity sensor' input device
02-23 16:48:01.148   532 21975 E Sensors : ProximitySensor::ProximitySensor gets called!
02-23 16:48:01.148   532 21975 E Sensors : ProximitySensor: input_name:, input_sysfs_path:/sys/class/input/input
02-23 16:48:01.148   532 21975 E Sensors : ProximitySensor::enable function called for stmvl53L0!
02-23 16:48:01.148   532 21975 E Sensors : ProximitySensor::enable filename:/sys/class/input/input/enable_ps_sensor
02-23 16:48:01.148   532 21975 E Sensors : ProximitySensor::enable: Failed to open file descriptor for enabling VL53L0
02-23 16:48:01.148   532 21975 E Sensors : ProximitySensor::enable: Attempted to open file /sys/class/input/input/enable_ps_sensor. Error: -1
02-23 16:48:01.148   532 21975 E Sensors : open_sensors gets called!
02-23 16:48:01.148   532 21975 E Sensors : is_tof_sensor_available() called
02-23 16:48:01.148   532 21975 E Sensors : devname: /dev/input/event4
02-23 16:48:01.159  1057  8392 D WifiPermissionsUtil: Denied: no location permission
02-23 16:48:01.159  1057  8392 D WifiPermissionsUtil: Denied: The current config is not for an open network.
02-23 16:48:01.165   532 22002 E mm-camera: ois_thread:239done : ois initialization
02-23 16:48:01.192   532 21975 E Sensors : devname: /dev/input/event3
02-23 16:48:01.224   532 21975 E Sensors : devname: /dev/input/event1
02-23 16:48:01.241 21717 21781 V NuMediaExtractor: setDataSource fd=85 (/data/app/com.viber.voip-aF96T6M9HeN56gU0lYP4qA==/base.apk), offset=33093076, length=71990
02-23 16:48:01.248   532 21975 E Sensors : devname: /dev/input/mice
02-23 16:48:01.249   528  6216 I OMXMaster: makeComponentInstance(OMX.google.mp3.decoder) in android.hardwar process
02-23 16:48:01.251   528   528 E OMXNodeInstance: getConfig(0xefd87840:google.mp3.decoder, ConfigAndroidVendorExtension(0x6f100004)) ERROR: Undefined(0x80001001)
02-23 16:48:01.284   532 21975 E Sensors : devname: /dev/input/event0
02-23 16:48:01.324   532 21975 E Sensors : devname: /dev/input/event2
02-23 16:48:01.360   532 21975 E Sensors : No Tof sensor found!!!
02-23 16:48:01.360   532 21975 E mm-camera: sensor_laser_init:164  0 sensor supported
02-23 16:48:01.361   532 21975 E mm-camera: gyro_port_init:1404  Failure initializing laser sensor. Error: 4
02-23 16:48:01.361   532 21975 I CAMERA_SENSOR: start_accel_sensor
02-23 16:48:01.361   532 21975 E mm-camera: start_accel_sensor: sensor1_open E
02-23 16:48:01.362   532 21975 E mm-camera: start_accel_sensor: sensor1_open X, res = 0
02-23 16:48:01.364   532 22014 I CAMERA_SENSOR: accel_data_cb received RESP - SNS_SMGR_REPORT_RESP_V01
02-23 16:48:01.364   532 21975 D mm-camera: mct: mct_pipeline_start_session_thread: X imglib
02-23 16:48:01.364   532   532 E mm-camera: sensor_get_cur_chromatix_name:2577Error: Load default preview chroamtix
02-23 16:48:01.364   532   532 E mm-camera-sensor: chromatix_load_library_ex : chromatix = libchromatix_imx234_snapshot_open.so , lib name = /system/vendor/lib/libchromatix_imx234_snapshot_open.so
02-23 16:48:01.364   532   532 E mm-camera-sensor: chromatix_load_library_ex : chromatix = libchromatix_imx234_snapshot_open.so , lib name = /system/vendor/lib/libchromatix_imx234_snapshot_open.so
02-23 16:48:01.364   532   532 E mm-camera-sensor: chromatix_load_library_ex : chromatix = libchromatix_imx234_common_open.so , lib name = /system/vendor/lib/libchromatix_imx234_common_open.so
02-23 16:48:01.365   532   532 E mm-camera-sensor: chromatix_load_library_ex : chromatix = libchromatix_imx234_cpp_snapshot_open.so , lib name = /system/vendor/lib/libchromatix_imx234_cpp_snapshot_open.so
02-23 16:48:01.365   532   532 E mm-camera-sensor: chromatix_load_library_ex : chromatix = libchromatix_imx234_cpp_snapshot_open.so , lib name = /system/vendor/lib/libchromatix_imx234_cpp_snapshot_open.so
02-23 16:48:01.365   532   532 E mm-camera-sensor: chromatix_load_library_ex : chromatix = libchromatix_imx234_cpp_flash_snapshot_open.so , lib name = /system/vendor/lib/libchromatix_imx234_cpp_flash_snapshot_open.so
02-23 16:48:01.365   532   532 E mm-camera-sensor: chromatix_load_library_ex : chromatix = libchromatix_imx234_cpp_video_open.so , lib name = /system/vendor/lib/libchromatix_imx234_cpp_video_open.so
02-23 16:48:01.365   532   532 E mm-camera-sensor: chromatix_load_library_ex : chromatix = libchromatix_imx234_postproc_open.so , lib name = /system/vendor/lib/libchromatix_imx234_postproc_open.so
02-23 16:48:01.365   532   532 E mm-camera-isp2: isp_resource_query_mod:145 num_isp_preallocate 1 num_session_opened 1 dual_vfe_enabled 0
02-23 16:48:01.366   532   532 E mm-camera: module_faceproc_query_mod:1996] Caps ROI 5 scene_mode_cnt 1 HW analysis supported 0
02-23 16:48:01.366   532   532 E hdr     : module_hdr_lib_query_mod:181] Supported scenemode cnt 2
02-23 16:48:01.366   532   532 D mm-camera: mct: mct_pipeline_process_set:command=800000a
02-23 16:48:01.366   532   532 D mm-camera: mct: mct_pipeline_process_set: Adding new stream: id [0f]
02-23 16:48:01.366   532   532 D mm-camera: mct: mct_pipeline_process_set:command=8000012
02-23 16:48:01.366   532   532 D mm-camera: mct: mct_stream_start_link: Start linking Session-stream 0x1000f
02-23 16:48:01.366   532   532 I mm-camera: module_iface_set_mod_func: set module type = 8, identity 1000f
02-23 16:48:01.366   532   532 E mm-camera: isp_port_check_caps_reserve:737 port 0xe65e1ac0 ide 1000f type 10 dim 0 0
02-23 16:48:01.366   532   532 E mm-camera: int_link = 0xe65e80e0
