01-06 00:27:43.792   513   533 E MediaCodecsXmlParser: Cannot find the role for a decoder of type video/x-ms-wmv
01-06 00:27:43.796   513   533 I OMXMaster: makeComponentInstance(OMX.google.aac.decoder) in android.hardwar process
01-06 00:27:43.799   985   985 I crash_dump32: type=1400 audit(0.0:202): avc: denied { signal } for scontext=u:r:crash_dump:s0 tcontext=u:r:init:s0 tclass=process permissive=1
01-06 00:27:43.804   985   985 E crash_dump32: unable to connect to activity manager: Connection refused
01-06 00:27:43.804   521   521 E /system/bin/tombstoned: Tombstone written to: /data/tombstones/tombstone_10
01-06 00:27:43.814   513   513 I OMXMaster: makeComponentInstance(OMX.google.amrnb.decoder) in android.hardwar process
01-06 00:27:43.821   513   533 I OMXMaster: makeComponentInstance(OMX.google.amrwb.decoder) in android.hardwar process
01-06 00:27:43.823   513   533 I OMXMaster: makeComponentInstance(OMX.google.flac.decoder) in android.hardwar process
01-06 00:27:43.829   461   461 I WifiHAL : Initializing wifi
01-06 00:27:43.829   461   461 I WifiHAL : Creating socket
01-06 00:27:43.830   461   461 I WifiHAL : Initialized Wifi HAL Successfully; vendor cmd = 103
01-06 00:27:43.831   461   461 E android.hardware.wifi@1.0-service: Failed to set DFS flag; DFS channels may be unavailable.
01-06 00:27:43.838   778   778 W SystemServiceManager: Service com.android.server.trust.TrustManagerService took 243 ms in onBootPhase
01-06 00:27:43.838   778   778 W PocketService: Un-handled boot phase:550
01-06 00:27:43.838   778   778 D SystemServerTiming: StartActivityManagerReadyPhase took to complete: 616ms
01-06 00:27:43.839   778   823 W zygote64: Long monitor contention with owner WifiStateMachine (937) at android.hardware.wifi.V1_0.IWifiIface com.android.server.wifi.HalDeviceManager.createIface(int, com.android.server.wifi.HalDeviceManager$InterfaceDestroyedListener, android.os.Looper)(HalDeviceManager.java:1271) waiters=0 in android.hardware.wifi.V1_0.IWifiIface com.android.server.wifi.HalDeviceManager.createIface(int, com.android.server.wifi.HalDeviceManager$InterfaceDestroyedListener, android.os.Looper) for 632ms
01-06 00:27:43.842   778   778 I SystemServer: StartObservingNativeCrashes
01-06 00:27:43.850   778   778 D SystemServerTiming: StartObservingNativeCrashes took to complete: 8ms
01-06 00:27:43.850   778   778 I SystemServer: StartSystemUI
01-06 00:27:43.850   778   811 D SystemServerInitThreadPool: Started executing WebViewFactoryPreparation
01-06 00:27:43.850   778   811 I SystemServer: WebViewFactoryPreparation
01-06 00:27:43.861   513   533 I OMXMaster: makeComponentInstance(OMX.qti.audio.decoder.flac) in android.hardwar process
01-06 00:27:43.861   513   533 E OMX     : FAILED to allocate omx component 'OMX.qti.audio.decoder.flac' err=??(0x80001002)
01-06 00:27:43.861   510   510 W OmxInfoBuilder: Fail to add mime audio/flac to codec OMX.qti.audio.decoder.flac after software codecs
01-06 00:27:43.863   513   533 I OMXMaster: makeComponentInstance(OMX.google.g711.alaw.decoder) in android.hardwar process
01-06 00:27:43.865   986   986 I TransientFileCleaner: Deleting 0 files
01-06 00:27:43.869   778   778 I ActivityManager: Start proc 1027:com.android.systemui/u0a29 for service com.android.systemui/.SystemUIService
01-06 00:27:43.870   778   778 D SystemServerTiming: StartSystemUI took to complete: 21ms
01-06 00:27:43.871   778   778 I SystemServer: MakeNetworkScoreReady
01-06 00:27:43.871   778   778 D SystemServerTiming: MakeNetworkScoreReady took to complete: 0ms
01-06 00:27:43.871   778   778 I SystemServer: MakeNetworkManagementServiceReady
01-06 00:27:43.872   778   778 D NetworkManagement: enabling bandwidth control
01-06 00:27:43.874   986   986 I TransientFileCleaner: Deleting 0 files
01-06 00:27:43.880   513   533 I OMXMaster: makeComponentInstance(OMX.google.g711.mlaw.decoder) in android.hardwar process
01-06 00:27:43.880   778   823 I ActivityManager: Config changes=100 {1.15 ?mcc?mnc [el_GR] ldltr sw457dp w457dp h740dp 504dpi nrml long port finger -keyb/v/h -nav/h appBounds=Rect(0, 0 - 1440, 2409) s.7}
01-06 00:27:43.888   778   937 I WifiVendorHal: Vendor Hal started successfully
01-06 00:27:43.888   778   937 D WificondControl: Setting up driver for client mode
01-06 00:27:43.890   512   512 I wificond: create scanner for interface with index: 5
01-06 00:27:43.890   512   512 I wificond: subscribe scan result for interface with index: 5
01-06 00:27:43.893   512   512 E wificond: No Offload Service available
01-06 00:27:43.893   512   512 I wificond: Offload HAL not supported 
01-06 00:27:43.901   778   823 I ActivityManager: Override config changes=100 {1.15 ?mcc?mnc [el_GR] ldltr sw457dp w457dp h740dp 504dpi nrml long port finger -keyb/v/h -nav/h appBounds=Rect(0, 0 - 1440, 2409) s.7} for displayId=0
01-06 00:27:43.901   986   986 I LatinApp: onCreate()
01-06 00:27:43.904   513   533 I OMXMaster: makeComponentInstance(OMX.google.gsm.decoder) in android.hardwar process
01-06 00:27:43.908   778   778 W NetworkManagement: setDataSaverMode(): already false
01-06 00:27:43.912   778   778 D SystemServerTiming: MakeNetworkManagementServiceReady took to complete: 40ms
01-06 00:27:43.912   778   778 I SystemServer: MakeNetworkStatsServiceReady
01-06 00:27:43.914   778   811 D WebViewLibraryLoader: Setting new address space to 113195568
01-06 00:27:43.914   778   817 I WifiService: requestActivityInfo uid=1000
01-06 00:27:43.914   778   817 I WifiService: reportActivityInfo uid=1000
01-06 00:27:43.914   778   817 I WifiService: getSupportedFeatures uid=1000
01-06 00:27:43.921   418   433 D CommandListener: Clearing all IP addresses on wlan0
01-06 00:27:43.932   513   533 I OMXMaster: makeComponentInstance(OMX.google.mp3.decoder) in android.hardwar process
01-06 00:27:43.939   778   937 I system_server: Looking for service android.hidl.manager@1.0::IServiceManager/default
01-06 00:27:43.941   778   937 I system_server: Starting thread pool.
01-06 00:27:43.969   513   533 I OMXMaster: makeComponentInstance(OMX.google.opus.decoder) in android.hardwar process
01-06 00:27:43.993   513   533 I OMXMaster: makeComponentInstance(OMX.google.raw.decoder) in android.hardwar process
01-06 00:27:44.005   513   533 I OMXMaster: makeComponentInstance(OMX.google.vorbis.decoder) in android.hardwar process
01-06 00:27:44.036   513   533 I OMXMaster: makeComponentInstance(OMX.google.aac.encoder) in android.hardwar process
01-06 00:27:44.061   513   533 I OMXMaster: makeComponentInstance(OMX.google.amrnb.encoder) in android.hardwar process
01-06 00:27:44.077   513   533 I OMXMaster: makeComponentInstance(OMX.google.amrwb.encoder) in android.hardwar process
01-06 00:27:44.079   778   929 D NetworkPolicy: setRestrictBackgroundUL(): false
01-06 00:27:44.083   778   929 W NetworkManagement: setDataSaverMode(): already false
01-06 00:27:44.106   778   811 W ActivityManager: Slow operation: 156ms so far, now at startProcess: returned from zygote!
01-06 00:27:44.106   778   811 W ActivityManager: Slow operation: 156ms so far, now at startProcess: done updating battery stats
01-06 00:27:44.106   778   811 W ActivityManager: Slow operation: 156ms so far, now at startProcess: building log message
01-06 00:27:44.106   778   811 I ActivityManager: Start proc 1065:WebViewLoader-armeabi-v7a/1037 [android.webkit.WebViewLibraryLoader$RelroFileCreator] for 
01-06 00:27:44.106   778   811 W ActivityManager: Slow operation: 156ms so far, now at startProcess: starting to update pids map
01-06 00:27:44.106   778   811 W ActivityManager: Slow operation: 156ms so far, now at startProcess: done updating pids map
01-06 00:27:44.106   778   811 W ActivityManager: Slow operation: 157ms so far, now at startProcess: done starting proc!
01-06 00:27:44.107   778   823 W zygote64: Long monitor contention with owner system-server-init-thread1 (811) at int com.android.server.am.ActivityManagerService.startIsolatedProcess(java.lang.String, java.lang.String[], java.lang.String, java.lang.String, int, java.lang.Runnable)(ActivityManagerService.java:3625) waiters=0 in int com.android.server.am.ActivityManagerService.broadcastIntent(android.app.IApplicationThread, android.content.Intent, java.lang.String, android.content.IIntentReceiver, int, java.lang.String, android.os.Bundle, java.lang.String[], int, android.os.Bundle, boolean, boolean, int) for 154ms
01-06 00:27:44.110   513   533 I OMXMaster: makeComponentInstance(OMX.google.flac.encoder) in android.hardwar process
01-06 00:27:44.115  1041  1041 I wpa_supplicant: Processing hidl events on FD 4
01-06 00:27:44.126  1041  1041 I wpa_supplicant: Successfully initialized wpa_supplicant
01-06 00:27:44.126   778   811 I ActivityManager: Start proc 1071:WebViewLoader-arm64-v8a/1037 [android.webkit.WebViewLibraryLoader$RelroFileCreator] for 
01-06 00:27:44.126   778   920 I system_server: Looking for service android.hardware.wifi.supplicant@1.0::ISupplicant/default
01-06 00:27:44.131   778   920 I system_server: Starting thread pool.
01-06 00:27:44.133   778   811 D SystemServerTimingAsync: WebViewFactoryPreparation took to complete: 283ms
01-06 00:27:44.133   778   811 D SystemServerInitThreadPool: Finished executing WebViewFactoryPreparation
01-06 00:27:44.136   778   778 D SystemServerTiming: MakeNetworkStatsServiceReady took to complete: 224ms
01-06 00:27:44.136   778   778 I SystemServer: MakeConnectivityServiceReady
01-06 00:27:44.140   778   778 D PermissionMonitor: Monitoring
01-06 00:27:44.142   778   978 D Ethernet: got request NetworkRequest [ BACKGROUND_REQUEST id=2, [ Transports: CELLULAR Capabilities: INTERNET&NOT_RESTRICTED&TRUSTED&NOT_VPN] ] with score 0
01-06 00:27:44.139  1041  1041 I wpa_supplicant: type=1400 audit(0.0:203): avc: denied { read } for name="rfkill" dev="tmpfs" ino=9967 scontext=u:r:hal_wifi_supplicant_default:s0 tcontext=u:object_r:rfkill_device:s0 tclass=chr_file permissive=1
01-06 00:27:44.139  1041  1041 I wpa_supplicant: type=1400 audit(0.0:204): avc: denied { open } for path="/dev/rfkill" dev="tmpfs" ino=9967 scontext=u:r:hal_wifi_supplicant_default:s0 tcontext=u:object_r:rfkill_device:s0 tclass=chr_file permissive=1
01-06 00:27:44.150   778   778 D PermissionMonitor: Users: 1, Apps: 92
01-06 00:27:44.161  1065  1065 V WebViewLibraryLoader: RelroFileCreator (64bit = false),  32-bit lib: /data/app/com.android.chrome-7WQq02naXQCW7nmGy6u-nw==/base.apk!/lib/armeabi-v7a/libmonochrome.so, 64-bit lib: /data/app/com.android.chrome-7WQq02naXQCW7nmGy6u-nw==/base.apk!/lib/arm64-v8a/libmonochrome.so
01-06 00:27:44.166   513   533 I OMXMaster: makeComponentInstance(OMX.qcom.video.decoder.avc) in android.hardwar process
01-06 00:27:44.193   778   778 D SystemServerTiming: MakeConnectivityServiceReady took to complete: 58ms
01-06 00:27:44.193   778   778 I SystemServer: MakeNetworkPolicyServiceReady
01-06 00:27:44.198   778   778 D SystemServerTiming: MakeNetworkPolicyServiceReady took to complete: 4ms
01-06 00:27:44.198   778   778 I SystemServer: StartWatchdog
01-06 00:27:44.198   778   778 D SystemServerTiming: StartWatchdog took to complete: 0ms
01-06 00:27:44.198   778   778 I SystemServer: PhaseThirdPartyAppsCanStart
01-06 00:27:44.198   778   778 I SystemServiceManager: Starting phase 600
01-06 00:27:44.202   457   457 D lights  : Using onoff pattern: 0x000000
01-06 00:27:44.202  1071  1071 V WebViewLibraryLoader: RelroFileCreator (64bit = true),  32-bit lib: /data/app/com.android.chrome-7WQq02naXQCW7nmGy6u-nw==/base.apk!/lib/armeabi-v7a/libmonochrome.so, 64-bit lib: /data/app/com.android.chrome-7WQq02naXQCW7nmGy6u-nw==/base.apk!/lib/arm64-v8a/libmonochrome.so
01-06 00:27:44.206   778   778 V WallpaperManagerService: bindWallpaperComponentLocked: componentName=ComponentInfo{com.android.systemui/com.android.systemui.ImageWallpaper}
01-06 00:27:44.210   513   533 I OMX-VDEC-1080P: Video slvp perflock acquired
01-06 00:27:44.233   778   920 I SupplicantStaIfaceHal: Completed initialization of ISupplicant interfaces.
01-06 00:27:44.235   461   461 E WifiHAL : Failed to register debug response; result = -95
01-06 00:27:44.236   778   937 E WifiVendorHal: getSupportedFeatureSet(l.891) failed {.code = ERROR_UNKNOWN, .description = errno: -95 (Unknown error -95)}
01-06 00:27:44.237   461   461 E WifiHAL : Failed to register debug response; result = -95
01-06 00:27:44.246   778   817 E BatteryExternalStatsWorker: no controller energy info supplied for wifi
01-06 00:27:44.246   778   817 E BatteryExternalStatsWorker: no controller energy info supplied for telephony
01-06 00:27:44.258   778   778 W PocketService: Un-handled boot phase:600
01-06 00:27:44.264   778   778 D SystemServerTiming: PhaseThirdPartyAppsCanStart took to complete: 65ms
01-06 00:27:44.264   778   778 I SystemServer: MakeLocationServiceReady
01-06 00:27:44.265   778   937 D WifiStateMachine: Setting OUI to DA-A1-19
01-06 00:27:44.266   461   461 D WifiHAL : Sending mac address OUI
01-06 00:27:44.279   461   461 E WifiHAL : Failed to register debug response; result = -95
01-06 00:27:44.279   461   461 E android.hardware.wifi@1.0-service: Failed to get driver version: SUCCESS
01-06 00:27:44.280   778   937 E WifiVendorHal: requestChipDebugInfo(l.1727) failed {.code = ERROR_UNKNOWN, .description = errno: -95 (Unknown error -95)}
01-06 00:27:44.280   778   937 I WifiVendorHal: Driver: null Firmware: null
01-06 00:27:44.283   778   778 D vndksupport: Loading /vendor/lib64/hw/android.hardware.gnss@1.0-impl.so from current namespace instead of sphal namespace.
01-06 00:27:44.283   461   461 E WifiHAL : Failed to register debug response; result = -95
01-06 00:27:44.298   778   937 E WifiVendorHal: requestChipDebugInfo(l.1727) failed {.code = ERROR_UNKNOWN, .description = errno: -95 (Unknown error -95)}
01-06 00:27:44.298   778   937 I WifiVendorHal: Driver: null Firmware: null
01-06 00:27:44.308   461   461 E WifiHAL : Failed to register debug response; result = -95
01-06 00:27:44.312   778   937 E WifiVendorHal: getRingBufferStatus(l.1804) failed {.code = ERROR_UNKNOWN, .description = errno: -95 (Unknown error -95)}
01-06 00:27:44.312   778   937 W WifiDiags: no ring buffers found
01-06 00:27:44.313   461   461 D WifiHAL : Start get packet fate command
01-06 00:27:44.313   461   461 D WifiHAL : createRequest Monitor packet fate request
01-06 00:27:44.313   461   461 E WifiHAL : Failed to register get pkt fate response; result = -95
01-06 00:27:44.313   778   937 E WifiVendorHal: startPktFateMonitoring(l.1890) failed {.code = ERROR_UNKNOWN, .description = errno: -95 (Unknown error -95)}
01-06 00:27:44.313   778   937 W WifiDiags: Failed to start packet fate monitoring
01-06 00:27:44.314   778   817 I WifiService: requestActivityInfo uid=1000
01-06 00:27:44.314   778   817 I WifiService: reportActivityInfo uid=1000
01-06 00:27:44.314   778   817 I WifiService: getSupportedFeatures uid=1000
01-06 00:27:44.334  1041  1041 E wpa_supplicant: nl80211: Failed to open /proc/sys/net/ipv4/conf/wlan0/drop_unicast_in_l2_multicast: No such file or directory
01-06 00:27:44.334  1041  1041 E wpa_supplicant: nl80211: Failed to set IPv4 unicast in multicast filter
01-06 00:27:44.342  1027  1027 V SystemUIService: Starting SystemUI services for user 0.
01-06 00:27:44.283   461   461 E android.hardware.wifi@1.0-service: Failed to get driver version: SUCCESS
01-06 00:27:44.352  1027  1027 D SystemUIBootTiming: StartServicesDependency took to complete: 5ms
01-06 00:27:44.353   778   778 D GnssLocationProvider: Link to death notification successful
01-06 00:27:44.353   778   778 E GnssHAL_GnssInterface: getExtensionAGnssRil GnssRil interface not implemented by GNSS HAL
01-06 00:27:44.353   778   778 E LocSvc_afw: E/get_extension: Invalid interface passed in
01-06 00:27:44.353   778   778 E GnssHAL_GnssInterface: getExtensionGnssNavigationMessage GnssNavigationMessage interface not implemented by GNSS HAL
01-06 00:27:44.353   778   778 E LocSvc_afw: E/get_extension: Invalid interface passed in
01-06 00:27:44.353   778   778 E GnssHAL_GnssInterface: getExtensionGnssDebug: GnssDebug interface is not implemented by HAL
01-06 00:27:44.355   778   937 I WifiStateMachine: disconnectedstate enter
01-06 00:27:44.358   461   461 E WifiHAL : Failed to register debug response; result = -95
01-06 00:27:44.358   778   937 E WifiVendorHal: getSupportedFeatureSet(l.891) failed {.code = ERROR_UNKNOWN, .description = errno: -95 (Unknown error -95)}
01-06 00:27:44.363   461   461 E WifiHAL : Failed to register debug response; result = -95
01-06 00:27:44.369  1027  1027 D SystemUIBootTiming: StartServicesNotificationChannels took to complete: 16ms
01-06 00:27:44.376   778   817 E BatteryExternalStatsWorker: no controller energy info supplied for wifi
01-06 00:27:44.377   778   817 I WifiService: requestActivityInfo uid=1000
01-06 00:27:44.377   778   817 I WifiService: reportActivityInfo uid=1000
01-06 00:27:44.377   778   817 I WifiService: getSupportedFeatures uid=1000
01-06 00:27:44.379   461   461 E WifiHAL : Failed to register debug response; result = -95
01-06 00:27:44.380   778   937 E WifiVendorHal: getSupportedFeatureSet(l.891) failed {.code = ERROR_UNKNOWN, .description = errno: -95 (Unknown error -95)}
01-06 00:27:44.381   461   461 E WifiHAL : Failed to register debug response; result = -95
01-06 00:27:44.396   778   778 D LocSvc_LBSProxy: static bool lbs_core::LBSProxy::checkIfLocationExtendedClientExists()] File Exists
01-06 00:27:44.396   778   778 D LocSvc_LBSProxy: static bool lbs_core::LBSProxy::checkIfNativeXtraClientExists()] XTRA Client 2.0 Exist
01-06 00:27:44.398   778   778 E LocSvc_afw: E/get_geofence_interface, dlsym for get_gps_geofence_interface failed, error = undefined symbol: gps_geofence_get_interface
01-06 00:27:44.398   778   778 E GnssHAL_GnssInterface: getExtensionGnssGeofencing GnssGeofencing interface not implemented by GNSS HAL
01-06 00:27:44.398   778   778 D vndksupport: Loading /vendor/lib64/hw/flp.default.so from current namespace instead of sphal namespace.
01-06 00:27:44.404  1065  1065 I WebViewLoader-armeabi-v7a: System.exit called, status: 0
01-06 00:27:44.404  1065  1065 I AndroidRuntime: VM exiting with result code 0, cleanup skipped.
01-06 00:27:44.414   778   778 E LocSvc_flp: I/===> const FlpLocationInterface *get_flp_interface() line 54 
01-06 00:27:44.420   778   778 I GnssLocationProvider: WakeLock acquired by sendMessage(INITIALIZE_HANDLER, 0, null)
01-06 00:27:44.390   778   817 E BatteryExternalStatsWorker: no controller energy info supplied for wifi
01-06 00:27:44.423  1027  1027 D SystemUIBootTiming: StartServicesCommandQueueStart took to complete: 53ms
01-06 00:27:44.424   778   778 E LocSvc_eng: I/===> loc_eng_init line 1775 
01-06 00:27:44.448  1027  1027 V MediaRouter: Adding route: RouteInfo{ name=, description=null, status=null, category=RouteCategory{ name= types=ROUTE_TYPE_LIVE_AUDIO ROUTE_TYPE_LIVE_VIDEO  groupable=false }, supportedTypes=ROUTE_TYPE_LIVE_AUDIO ROUTE_TYPE_LIVE_VIDEO , presentationDisplay=null }
01-06 00:27:44.454   778   778 I libmdmdetect: ESOC framework not supported
01-06 00:27:44.455   778   778 I libmdmdetect: Found internal modem: modem
01-06 00:27:44.455   778  1106 E LocSvc_api_v02: I/locClientOpen:1902]: Service instance id is -1
01-06 00:27:44.455   778  1106 E LocSvc_api_v02: I/---> locClientOpenInstance line 1782 loc client open
01-06 00:27:44.456  1071  1071 I WebViewLoader-arm64-v8a: System.exit called, status: 0
01-06 00:27:44.456  1071  1071 I AndroidRuntime: VM exiting with result code 0, cleanup skipped.
01-06 00:27:44.451  1106  1106 I Loc_hal_worker: type=1400 audit(0.0:205): avc: denied { ioctl } for path="socket:[21585]" dev="sockfs" ino=21585 ioctlcmd=c304 scontext=u:r:system_server:s0 tcontext=u:r:system_server:s0 tclass=socket permissive=1
01-06 00:27:44.451   778   778 I system_server: type=1400 audit(0.0:206): avc: denied { call } for scontext=u:r:system_server:s0 tcontext=u:r:init:s0 tclass=binder permissive=1
01-06 00:27:44.451   778   778 I system_server: type=1400 audit(0.0:207): avc: denied { transfer } for scontext=u:r:system_server:s0 tcontext=u:r:init:s0 tclass=binder permissive=1
01-06 00:27:44.456   778   788 I zygote64: Background concurrent copying GC freed 88518(4MB) AllocSpace objects, 15(404KB) LOS objects, 42% free, 10MB/18MB, paused 806us total 873.514ms
01-06 00:27:44.459   468   485 D PerMgrSrv: modem state: is on-line, add client GPS
01-06 00:27:44.460   468   485 D PerMgrSrv: GPS registered
01-06 00:27:44.460   778   778 D PerMgrLib: GPS successfully registered for modem
01-06 00:27:44.460   778   778 D PerMgrLib: GPS voting for modem
01-06 00:27:44.460   468   486 D PerMgrSrv: GPS voting for modem
01-06 00:27:44.460   468   486 D PerMgrSrv: modem num voters is 3
01-06 00:27:44.460  1027  1027 V MediaRouter: Selecting route: RouteInfo{ name=, description=null, status=null, category=RouteCategory{ name= types=ROUTE_TYPE_LIVE_AUDIO ROUTE_TYPE_LIVE_VIDEO  groupable=false }, supportedTypes=ROUTE_TYPE_LIVE_AUDIO ROUTE_TYPE_LIVE_VIDEO , presentationDisplay=null }
01-06 00:27:44.476   778   778 E GnssLocationProvider: SetCallback for Gnss Xtra Interface fails
01-06 00:27:44.477   778   778 E LocSvc_eng: I/===> loc_eng_agps_init line 2346 
01-06 00:27:44.482   778   778 E GnssLocationProvider: Unable to initialize GNSS Geofencing interface
01-06 00:27:44.492   778   778 E LocSvc_eng: I/===> loc_eng_ni_init line 327 
01-06 00:27:44.496   778   778 D PerMgrLib: GPS unvoting for modem
01-06 00:27:44.497   778  1106 E Diag_Lib:  Diag_LSM_Init: Failed to open handle to diag driver, error = 2
01-06 00:27:44.498   468   485 D PerMgrSrv: GPS removing vote for modem
01-06 00:27:44.498   468   485 D PerMgrSrv: modem num voters is 3
01-06 00:27:44.498   778   778 E LocSvc_eng: I/===> loc_eng_cleanup line 1913 
01-06 00:27:44.508   778   778 W LocationProviderProxy-network: Odd, no component found for service com.android.location.service.v3.NetworkLocationProvider
01-06 00:27:44.513   778   778 W GeocoderProxy: Odd, no component found for service com.android.location.service.GeocodeProvider
01-06 00:27:44.519   778   778 D LocationManagerService: FLP HAL not supported
01-06 00:27:44.521   778   778 W GeofenceProxy: Odd, no component found for service com.android.location.service.GeofenceProvider
01-06 00:27:44.522   778   778 E ActivityRecognitionHardware: activity_recognition HAL is deprecated. is_supported is effectively a no-op
01-06 00:27:44.522   778   778 D LocationManagerService: Hardware Activity-Recognition not supported.
01-06 00:27:44.523   778   778 W ActivityRecognitionProxy: Odd, no component found for service com.android.location.service.ActivityRecognitionProvider
01-06 00:27:44.525   778   778 I GnssLocationProvider: WakeLock acquired by sendMessage(ENABLE, 1, null)
01-06 00:27:44.529   778   778 D SystemServerTiming: MakeLocationServiceReady took to complete: 265ms
01-06 00:27:44.529   778   778 I SystemServer: MakeCountryDetectionServiceReady
01-06 00:27:44.529   778   778 D SystemServerTiming: MakeCountryDetectionServiceReady took to complete: 0ms
01-06 00:27:44.529   778   778 I SystemServer: MakeNetworkTimeUpdateReady
01-06 00:27:44.541   778   778 D ConnectivityService: requestNetwork for uid/pid:1000/778 NetworkRequest [ TRACK_DEFAULT id=5, [ Capabilities: INTERNET&NOT_RESTRICTED&TRUSTED&NOT_VPN] ]
01-06 00:27:44.542   778   778 D SystemServerTiming: MakeNetworkTimeUpdateReady took to complete: 13ms
01-06 00:27:44.542   778   778 I SystemServer: MakeCommonTimeManagementServiceReady
01-06 00:27:44.543   778   978 D Ethernet: got request NetworkRequest [ TRACK_DEFAULT id=5, [ Capabilities: INTERNET&NOT_RESTRICTED&TRUSTED&NOT_VPN] ] with score 0
01-06 00:27:44.543   778   778 I CommonTimeManagementService: No common time service detected on this platform.  Common time services will be unavailable.
01-06 00:27:44.543   778   778 D SystemServerTiming: MakeCommonTimeManagementServiceReady took to complete: 0ms
01-06 00:27:44.543   778   778 I SystemServer: MakeInputManagerServiceReady
01-06 00:27:44.545   778   778 D SystemServerTiming: MakeInputManagerServiceReady took to complete: 2ms
01-06 00:27:44.545   778   778 I SystemServer: MakeTelephonyRegistryReady
01-06 00:27:44.549   513   533 I OMX-VDEC-1080P: component_init: OMX.qcom.video.decoder.avc : fd=6
01-06 00:27:44.549   513   533 I OMX-VDEC-1080P: Capabilities: driver_name = msm_vidc_driver, card = msm_vdec_8974, bus_info = , version = 1, capabilities = 4003000
01-06 00:27:44.558   513   533 I OMX-VDEC-1080P: omx_vdec::component_init() success : fd=6
01-06 00:27:44.562   513  1011 E OMX-VDEC-1080P: Extension: OMX.google.android.index.storeANWBufferInMetadata not implemented
01-06 00:27:44.562   513  1011 E OMX-VDEC-1080P: Extension: OMX.google.android.index.configureVideoTunnelMode not implemented
01-06 00:27:44.562   513  1011 E OMX-VDEC-1080P: Extension: OMX.google.android.index.useAndroidNativeBuffer is supported
01-06 00:27:44.562   513  1011 E OMXNodeInstance: getParameter(0xf4e83704:qcom.decoder.avc, ??(0x7f000044)) ERROR: UnsupportedSetting(0x80001019)
01-06 00:27:44.563   513  1011 E OMXNodeInstance: getParameter(0xf4e83704:qcom.decoder.avc, ??(0x7f000044)) ERROR: UnsupportedSetting(0x80001019)
01-06 00:27:44.563   513   513 E OMX-VDEC-1080P: Extension: OMX.google.android.index.configureVideoTunnelMode not implemented
01-06 00:27:44.564   513   513 E OMXNodeInstance: getExtensionIndex(0xf4e83704:qcom.decoder.avc, OMX.google.android.index.configureVideoTunnelMode) ERROR: NotImplemented(0x80001006)
01-06 00:27:44.564   513  1011 E OMX-VDEC-1080P: Extension: OMX.google.android.index.storeANWBufferInMetadata not implemented
01-06 00:27:44.565   513   533 I OMX-VDEC-1080P: omx_vdec::component_deinit() complete
01-06 00:27:44.567   513   533 I OMX-VDEC-1080P: Exit OMX vdec Destructor: fd=6
01-06 00:27:44.567   513   533 I OMX-VDEC-1080P: Video slvp perflock released
01-06 00:27:44.569   513   533 I OMXMaster: makeComponentInstance(OMX.qcom.video.decoder.avc.secure) in android.hardwar process
01-06 00:27:44.571   513   533 I OMX-VDEC-1080P: Video slvp perflock acquired
01-06 00:27:44.571   513   533 I OMX-VDEC-1080P: component_init: OMX.qcom.video.decoder.avc : fd=6
01-06 00:27:44.571   513   533 I OMX-VDEC-1080P: Capabilities: driver_name = msm_vidc_driver, card = msm_vdec_8974, bus_info = , version = 1, capabilities = 4003000
01-06 00:27:44.576   778   778 D SystemServerTiming: MakeTelephonyRegistryReady took to complete: 31ms
01-06 00:27:44.576   778   778 I SystemServer: MakeMediaRouterServiceReady
01-06 00:27:44.576   778   922 I InputReader: Reconfiguring input devices.  changes=0x00000020
01-06 00:27:44.578   778   778 D SystemServerTiming: MakeMediaRouterServiceReady took to complete: 2ms
01-06 00:27:44.578   778   778 I SystemServer: MakeMmsServiceReady
01-06 00:27:44.578   778   778 I MmsServiceBroker: Delay connecting to MmsService until an API is called
01-06 00:27:44.578   778   778 D SystemServerTiming: MakeMmsServiceReady took to complete: 0ms
01-06 00:27:44.579   778   778 I SystemServer: MakeNetworkScoreServiceReady
01-06 00:27:44.579   778   778 D SystemServerTiming: MakeNetworkScoreServiceReady took to complete: 0ms
01-06 00:27:44.579   778   778 I SystemServer: IncidentDaemonReady
01-06 00:27:44.582   778   778 D SystemServerTiming: IncidentDaemonReady took to complete: 3ms
01-06 00:27:44.582   778   778 I SystemServiceManager: Calling onStartUser u0
01-06 00:27:44.582   513   533 I OMX-VDEC-1080P: omx_vdec::component_init() success : fd=6
01-06 00:27:44.584   778   922 I InputReader: Reconfiguring input devices.  changes=0x00000010
01-06 00:27:44.585   513   533 E OMX-VDEC-1080P: Extension: OMX.google.android.index.storeANWBufferInMetadata not implemented
01-06 00:27:44.585   513   533 E OMX-VDEC-1080P: Extension: OMX.google.android.index.configureVideoTunnelMode not implemented
01-06 00:27:44.585   513   533 E OMX-VDEC-1080P: Extension: OMX.google.android.index.useAndroidNativeBuffer is supported
01-06 00:27:44.590  1027  1027 W SoundPool: Use of stream types is deprecated for operations other than volume control
01-06 00:27:44.590  1027  1027 W SoundPool: See the documentation of SoundPool() for what to use instead with android.media.AudioAttributes to qualify your playback use case
01-06 00:27:44.590   513   533 E OMXNodeInstance: getParameter(0xf4e83704:qcom.decoder.avc.secure, ??(0x7f000044)) ERROR: UnsupportedSetting(0x80001019)
01-06 00:27:44.592  1027  1027 W KeyguardViewMediator: failed to load lock sound from null
01-06 00:27:44.593  1027  1027 W KeyguardViewMediator: failed to load unlock sound from null
01-06 00:27:44.594   513   533 E OMXNodeInstance: getParameter(0xf4e83704:qcom.decoder.avc.secure, ??(0x7f000044)) ERROR: UnsupportedSetting(0x80001019)
01-06 00:27:44.594  1027  1027 W KeyguardViewMediator: failed to load trusted sound from null
01-06 00:27:44.596  1027  1027 D SystemUIBootTiming: StartServicesKeyguardViewMediator took to complete: 173ms
01-06 00:27:44.600   513  1011 E OMX-VDEC-1080P: Extension: OMX.google.android.index.configureVideoTunnelMode not implemented
01-06 00:27:44.600   513  1011 E OMXNodeInstance: getExtensionIndex(0xf4e83704:qcom.decoder.avc.secure, OMX.google.android.index.configureVideoTunnelMode) ERROR: NotImplemented(0x80001006)
01-06 00:27:44.600   513   533 E OMX-VDEC-1080P: Extension: OMX.google.android.index.storeANWBufferInMetadata not implemented
01-06 00:27:44.600   513   513 I OMX-VDEC-1080P: omx_vdec::component_deinit() complete
01-06 00:27:44.608   513   513 I OMX-VDEC-1080P: Exit OMX vdec Destructor: fd=6
01-06 00:27:44.608   513   513 I OMX-VDEC-1080P: Video slvp perflock released
01-06 00:27:44.610   513   513 I OMXMaster: makeComponentInstance(OMX.google.h264.decoder) in android.hardwar process
01-06 00:27:44.613   778   778 I ActivityManager: Start proc 1124:com.android.phone/1001 for added application com.android.phone
01-06 00:27:44.618   778   778 I ActivityManager: START u0 {act=android.intent.action.MAIN cat=[android.intent.category.HOME] flg=0x10000100 cmp=com.android.settings/.FallbackHome} from uid 0
01-06 00:27:44.621   513  1011 E OMXNodeInstance: getExtensionIndex(0xf5787060:google.h264.decoder, OMX.google.android.index.configureVideoTunnelMode) ERROR: UnsupportedIndex(0x8000101a)
01-06 00:27:44.622   513   533 E OMXNodeInstance: getExtensionIndex(0xf5787060:google.h264.decoder, OMX.google.android.index.enableAndroidNativeBuffers) ERROR: UnsupportedIndex(0x8000101a)
01-06 00:27:44.625   513  1011 I OMXMaster: makeComponentInstance(OMX.qcom.video.decoder.h263) in android.hardwar process
01-06 00:27:44.626   513  1011 I OMX-VDEC-1080P: Video slvp perflock acquired
01-06 00:27:44.627   513  1011 I OMX-VDEC-1080P: component_init: OMX.qcom.video.decoder.h263 : fd=6
01-06 00:27:44.627   513  1011 I OMX-VDEC-1080P: Capabilities: driver_name = msm_vidc_driver, card = msm_vdec_8974, bus_info = , version = 1, capabilities = 4003000
01-06 00:27:44.637   513  1011 I OMX-VDEC-1080P: omx_vdec::component_init() success : fd=6
01-06 00:27:44.638   513   533 E OMX-VDEC-1080P: Extension: OMX.google.android.index.storeANWBufferInMetadata not implemented
01-06 00:27:44.638   513   533 E OMX-VDEC-1080P: Extension: OMX.google.android.index.configureVideoTunnelMode not implemented
01-06 00:27:44.638   513   533 E OMX-VDEC-1080P: Extension: OMX.google.android.index.useAndroidNativeBuffer is supported
01-06 00:27:44.639   513   533 E OMXNodeInstance: getParameter(0xf5723584:qcom.decoder.h263, ??(0x7f000044)) ERROR: UnsupportedSetting(0x80001019)
01-06 00:27:44.639   513   533 E OMXNodeInstance: getParameter(0xf5723584:qcom.decoder.h263, ??(0x7f000044)) ERROR: UnsupportedSetting(0x80001019)
01-06 00:27:44.641   513  1011 E OMX-VDEC-1080P: Extension: OMX.google.android.index.configureVideoTunnelMode not implemented
01-06 00:27:44.642   513  1011 E OMXNodeInstance: getExtensionIndex(0xf5723584:qcom.decoder.h263, OMX.google.android.index.configureVideoTunnelMode) ERROR: NotImplemented(0x80001006)
01-06 00:27:44.642   513   533 E OMX-VDEC-1080P: Extension: OMX.google.android.index.storeANWBufferInMetadata not implemented
01-06 00:27:44.642   513   513 I OMX-VDEC-1080P: omx_vdec::component_deinit() complete
01-06 00:27:44.647   513   513 I OMX-VDEC-1080P: Exit OMX vdec Destructor: fd=6
01-06 00:27:44.648   513   513 I OMX-VDEC-1080P: Video slvp perflock released
01-06 00:27:44.652   513   513 I OMXMaster: makeComponentInstance(OMX.google.h263.decoder) in android.hardwar process
01-06 00:27:44.660   513   513 E OMXNodeInstance: getExtensionIndex(0xf5ba27e0:google.h263.decoder, OMX.google.android.index.configureVideoTunnelMode) ERROR: UnsupportedIndex(0x8000101a)
01-06 00:27:44.661   513  1011 E OMXNodeInstance: getExtensionIndex(0xf5ba27e0:google.h263.decoder, OMX.google.android.index.enableAndroidNativeBuffers) ERROR: UnsupportedIndex(0x8000101a)
01-06 00:27:44.665   513   513 I OMXMaster: makeComponentInstance(OMX.qcom.video.decoder.hevc) in android.hardwar process
01-06 00:27:44.667   513   513 I OMX-VDEC-1080P: Video slvp perflock acquired
01-06 00:27:44.667   513   513 I OMX-VDEC-1080P: component_init: OMX.qcom.video.decoder.hevc : fd=6
01-06 00:27:44.668   513   513 I OMX-VDEC-1080P: Capabilities: driver_name = msm_vidc_driver, card = msm_vdec_8974, bus_info = , version = 1, capabilities = 4003000
01-06 00:27:44.673   513   513 I OMX-VDEC-1080P: omx_vdec::component_init() success : fd=6
01-06 00:27:44.675   513   513 E OMX-VDEC-1080P: Extension: OMX.google.android.index.storeANWBufferInMetadata not implemented
01-06 00:27:44.676   513   513 E OMX-VDEC-1080P: Extension: OMX.google.android.index.configureVideoTunnelMode not implemented
01-06 00:27:44.676   513   513 E OMX-VDEC-1080P: Extension: OMX.google.android.index.useAndroidNativeBuffer is supported
01-06 00:27:44.677   513   513 E OMXNodeInstance: getParameter(0xf5723584:qcom.decoder.hevc, ??(0x7f000044)) ERROR: UnsupportedSetting(0x80001019)
01-06 00:27:44.678   513   513 E OMXNodeInstance: getParameter(0xf5723584:qcom.decoder.hevc, ??(0x7f000044)) ERROR: UnsupportedSetting(0x80001019)
01-06 00:27:44.680   513  1011 E OMX-VDEC-1080P: Extension: OMX.google.android.index.configureVideoTunnelMode not implemented
01-06 00:27:44.680   513  1011 E OMXNodeInstance: getExtensionIndex(0xf5723584:qcom.decoder.hevc, OMX.google.android.index.configureVideoTunnelMode) ERROR: NotImplemented(0x80001006)
01-06 00:27:44.680   513   513 E OMX-VDEC-1080P: Extension: OMX.google.android.index.storeANWBufferInMetadata not implemented
01-06 00:27:44.680   513   533 I OMX-VDEC-1080P: omx_vdec::component_deinit() complete
01-06 00:27:44.685   513   533 I OMX-VDEC-1080P: Exit OMX vdec Destructor: fd=6
01-06 00:27:44.685   513   533 I OMX-VDEC-1080P: Video slvp perflock released
01-06 00:27:44.694   513   533 I OMXMaster: makeComponentInstance(OMX.qcom.video.decoder.hevc.secure) in android.hardwar process
01-06 00:27:44.696   513   533 I OMX-VDEC-1080P: Video slvp perflock acquired
01-06 00:27:44.697   513   533 I OMX-VDEC-1080P: component_init: OMX.qcom.video.decoder.hevc : fd=6
01-06 00:27:44.698   513   533 I OMX-VDEC-1080P: Capabilities: driver_name = msm_vidc_driver, card = msm_vdec_8974, bus_info = , version = 1, capabilities = 4003000
01-06 00:27:44.705   513   533 I OMX-VDEC-1080P: omx_vdec::component_init() success : fd=6
01-06 00:27:44.708   513  1011 E OMX-VDEC-1080P: Extension: OMX.google.android.index.storeANWBufferInMetadata not implemented
01-06 00:27:44.708   513  1011 E OMX-VDEC-1080P: Extension: OMX.google.android.index.configureVideoTunnelMode not implemented
01-06 00:27:44.708   513  1011 E OMX-VDEC-1080P: Extension: OMX.google.android.index.useAndroidNativeBuffer is supported
01-06 00:27:44.709   513  1011 E OMXNodeInstance: getParameter(0xf5723584:qcom.decoder.hevc.secure, ??(0x7f000044)) ERROR: UnsupportedSetting(0x80001019)
01-06 00:27:44.710   513  1011 E OMXNodeInstance: getParameter(0xf5723584:qcom.decoder.hevc.secure, ??(0x7f000044)) ERROR: UnsupportedSetting(0x80001019)
01-06 00:27:44.711   513   533 E OMX-VDEC-1080P: Extension: OMX.google.android.index.configureVideoTunnelMode not implemented
01-06 00:27:44.711   513   533 E OMXNodeInstance: getExtensionIndex(0xf5723584:qcom.decoder.hevc.secure, OMX.google.android.index.configureVideoTunnelMode) ERROR: NotImplemented(0x80001006)
01-06 00:27:44.716   513  1011 E OMX-VDEC-1080P: Extension: OMX.google.android.index.storeANWBufferInMetadata not implemented
01-06 00:27:44.716   513   513 I OMX-VDEC-1080P: omx_vdec::component_deinit() complete
01-06 00:27:44.723   513   513 I OMX-VDEC-1080P: Exit OMX vdec Destructor: fd=6
01-06 00:27:44.723   513   513 I OMX-VDEC-1080P: Video slvp perflock released
01-06 00:27:44.726   513   513 I OMXMaster: makeComponentInstance(OMX.google.hevc.decoder) in android.hardwar process
01-06 00:27:44.728   778   778 I ActivityManager: Loaded persisted task ids for user 0
01-06 00:27:44.735   513   513 E OMXNodeInstance: getExtensionIndex(0xf5ba27e0:google.hevc.decoder, OMX.google.android.index.configureVideoTunnelMode) ERROR: UnsupportedIndex(0x8000101a)
01-06 00:27:44.735   513   533 E OMXNodeInstance: getExtensionIndex(0xf5ba27e0:google.hevc.decoder, OMX.google.android.index.enableAndroidNativeBuffers) ERROR: UnsupportedIndex(0x8000101a)
01-06 00:27:44.738   513   513 I OMXMaster: makeComponentInstance(OMX.qcom.video.decoder.mpeg2) in android.hardwar process
01-06 00:27:44.745   513   513 I OMX-VDEC-1080P: Video slvp perflock acquired
01-06 00:27:44.745   513   513 I OMX-VDEC-1080P: component_init: OMX.qcom.video.decoder.mpeg2 : fd=6
01-06 00:27:44.745   513   513 I OMX-VDEC-1080P: Capabilities: driver_name = msm_vidc_driver, card = msm_vdec_8974, bus_info = , version = 1, capabilities = 4003000
01-06 00:27:44.749   513   513 I OMX-VDEC-1080P: omx_vdec::component_init() success : fd=6
01-06 00:27:44.752   778   778 I ActivityManager: Start proc 1162:com.android.settings/1000 for activity com.android.settings/.FallbackHome
01-06 00:27:44.754   513  1011 E OMX-VDEC-1080P: Extension: OMX.google.android.index.storeANWBufferInMetadata not implemented
01-06 00:27:44.754   513  1011 E OMX-VDEC-1080P: Extension: OMX.google.android.index.configureVideoTunnelMode not implemented
01-06 00:27:44.754   513  1011 E OMX-VDEC-1080P: Extension: OMX.google.android.index.useAndroidNativeBuffer is supported
01-06 00:27:44.761   778   778 D SystemServerTiming: ActivityManagerStartApps took to complete: 179ms
01-06 00:27:44.761   778   778 D SystemServerTiming: PhaseActivityManagerReady took to complete: 1560ms
01-06 00:27:44.762   778   815 W Looper  : Dispatch took 164ms on android.ui, h=Handler (com.android.server.am.ActivityManagerService$UiHandler) {bd21b62} cb=null msg=53
01-06 00:27:44.770   513   533 E OMXNodeInstance: getParameter(0xf5723004:qcom.decoder.mpeg2, ??(0x7f000044)) ERROR: UnsupportedSetting(0x80001019)
01-06 00:27:44.771   778   778 D SystemServerInitThreadPool: Shutdown successful
01-06 00:27:44.771   778   778 D SystemServerTiming: StartServices took to complete: 10069ms
01-06 00:27:44.772   778   778 I SystemServer: Enabled StrictMode for system server main thread.
01-06 00:27:44.771   513   533 E OMXNodeInstance: getParameter(0xf5723004:qcom.decoder.mpeg2, ??(0x7f000044)) ERROR: UnsupportedSetting(0x80001019)
01-06 00:27:44.776   513   533 E OMX-VDEC-1080P: Extension: OMX.google.android.index.configureVideoTunnelMode not implemented
01-06 00:27:44.776   513   533 E OMXNodeInstance: getExtensionIndex(0xf5723004:qcom.decoder.mpeg2, OMX.google.android.index.configureVideoTunnelMode) ERROR: NotImplemented(0x80001006)
01-06 00:27:44.776   513   513 E OMX-VDEC-1080P: Extension: OMX.google.android.index.storeANWBufferInMetadata not implemented
01-06 00:27:44.777   513  1011 I OMX-VDEC-1080P: omx_vdec::component_deinit() complete
01-06 00:27:44.778   513  1011 I OMX-VDEC-1080P: Exit OMX vdec Destructor: fd=6
01-06 00:27:44.778   513  1011 I OMX-VDEC-1080P: Video slvp perflock released
01-06 00:27:44.783   513  1011 I OMXMaster: makeComponentInstance(OMX.qcom.video.decoder.mpeg2.secure) in android.hardwar process
01-06 00:27:44.784   513  1011 I OMX-VDEC-1080P: Video slvp perflock acquired
01-06 00:27:44.785   513  1011 I OMX-VDEC-1080P: component_init: OMX.qcom.video.decoder.mpeg2 : fd=6
01-06 00:27:44.785   513  1011 I OMX-VDEC-1080P: Capabilities: driver_name = msm_vidc_driver, card = msm_vdec_8974, bus_info = , version = 1, capabilities = 4003000
01-06 00:27:44.793   513  1011 I OMX-VDEC-1080P: omx_vdec::component_init() success : fd=6
01-06 00:27:44.797   513   513 E OMX-VDEC-1080P: Extension: OMX.google.android.index.storeANWBufferInMetadata not implemented
01-06 00:27:44.797   513   513 E OMX-VDEC-1080P: Extension: OMX.google.android.index.configureVideoTunnelMode not implemented
01-06 00:27:44.797   513   513 E OMX-VDEC-1080P: Extension: OMX.google.android.index.useAndroidNativeBuffer is supported
01-06 00:27:44.798   513   513 E OMXNodeInstance: getParameter(0xf5723004:qcom.decoder.mpeg2.secure, ??(0x7f000044)) ERROR: UnsupportedSetting(0x80001019)
01-06 00:27:44.798   513   513 E OMXNodeInstance: getParameter(0xf5723004:qcom.decoder.mpeg2.secure, ??(0x7f000044)) ERROR: UnsupportedSetting(0x80001019)
01-06 00:27:44.799   513   533 E OMX-VDEC-1080P: Extension: OMX.google.android.index.configureVideoTunnelMode not implemented
01-06 00:27:44.799   513   533 E OMXNodeInstance: getExtensionIndex(0xf5723004:qcom.decoder.mpeg2.secure, OMX.google.android.index.configureVideoTunnelMode) ERROR: NotImplemented(0x80001006)
01-06 00:27:44.799   513   513 E OMX-VDEC-1080P: Extension: OMX.google.android.index.storeANWBufferInMetadata not implemented
01-06 00:27:44.800   513  1011 I OMX-VDEC-1080P: omx_vdec::component_deinit() complete
01-06 00:27:44.810   513  1011 I OMX-VDEC-1080P: Exit OMX vdec Destructor: fd=6
01-06 00:27:44.810   513  1011 I OMX-VDEC-1080P: Video slvp perflock released
01-06 00:27:44.813   513  1011 I OMXMaster: makeComponentInstance(OMX.qcom.video.decoder.mpeg4) in android.hardwar process
01-06 00:27:44.815   513  1011 I OMX-VDEC-1080P: Video slvp perflock acquired
01-06 00:27:44.815   513  1011 I OMX-VDEC-1080P: component_init: OMX.qcom.video.decoder.mpeg4 : fd=6
01-06 00:27:44.815   513  1011 I OMX-VDEC-1080P: Capabilities: driver_name = msm_vidc_driver, card = msm_vdec_8974, bus_info = , version = 1, capabilities = 4003000
01-06 00:27:44.819   513  1011 I OMX-VDEC-1080P: omx_vdec::component_init() success : fd=6
01-06 00:27:44.826   513   513 E OMX-VDEC-1080P: Extension: OMX.google.android.index.storeANWBufferInMetadata not implemented
01-06 00:27:44.826   513   513 E OMX-VDEC-1080P: Extension: OMX.google.android.index.configureVideoTunnelMode not implemented
01-06 00:27:44.826   513   513 E OMX-VDEC-1080P: Extension: OMX.google.android.index.useAndroidNativeBuffer is supported
01-06 00:27:44.827   513   513 E OMXNodeInstance: getParameter(0xf5723004:qcom.decoder.mpeg4, ??(0x7f000044)) ERROR: UnsupportedSetting(0x80001019)
01-06 00:27:44.828   513   513 E OMXNodeInstance: getParameter(0xf5723004:qcom.decoder.mpeg4, ??(0x7f000044)) ERROR: UnsupportedSetting(0x80001019)
01-06 00:27:44.829   513   533 E OMX-VDEC-1080P: Extension: OMX.google.android.index.configureVideoTunnelMode not implemented
01-06 00:27:44.829   513   533 E OMXNodeInstance: getExtensionIndex(0xf5723004:qcom.decoder.mpeg4, OMX.google.android.index.configureVideoTunnelMode) ERROR: NotImplemented(0x80001006)
01-06 00:27:44.829   513   513 E OMX-VDEC-1080P: Extension: OMX.google.android.index.storeANWBufferInMetadata not implemented
01-06 00:27:44.829   513  1011 I OMX-VDEC-1080P: omx_vdec::component_deinit() complete
01-06 00:27:44.845   513  1011 I OMX-VDEC-1080P: Exit OMX vdec Destructor: fd=6
01-06 00:27:44.845   513  1011 I OMX-VDEC-1080P: Video slvp perflock released
01-06 00:27:44.848   513  1011 I OMXMaster: makeComponentInstance(OMX.google.mpeg4.decoder) in android.hardwar process
01-06 00:27:44.851   513  1011 E OMXNodeInstance: getExtensionIndex(0xf5787060:google.mpeg4.decoder, OMX.google.android.index.configureVideoTunnelMode) ERROR: UnsupportedIndex(0x8000101a)
01-06 00:27:44.855   513   533 E OMXNodeInstance: getExtensionIndex(0xf5787060:google.mpeg4.decoder, OMX.google.android.index.enableAndroidNativeBuffers) ERROR: UnsupportedIndex(0x8000101a)
01-06 00:27:44.861   513  1011 I OMXMaster: makeComponentInstance(OMX.qcom.video.decoder.vp8) in android.hardwar process
01-06 00:27:44.861  1027  1027 D SystemUIBootTiming: StartServicesRecents took to complete: 266ms
01-06 00:27:44.867   513  1011 I OMX-VDEC-1080P: Video slvp perflock acquired
01-06 00:27:44.867   513  1011 I OMX-VDEC-1080P: component_init: OMX.qcom.video.decoder.vp8 : fd=6
01-06 00:27:44.867   513  1011 I OMX-VDEC-1080P: Capabilities: driver_name = msm_vidc_driver, card = msm_vdec_8974, bus_info = , version = 1, capabilities = 4003000
01-06 00:27:44.884   513  1011 I OMX-VDEC-1080P: omx_vdec::component_init() success : fd=6
01-06 00:27:44.885   513  1011 E OMX-VDEC-1080P: Extension: OMX.google.android.index.storeANWBufferInMetadata not implemented
01-06 00:27:44.885   513  1011 E OMX-VDEC-1080P: Extension: OMX.google.android.index.configureVideoTunnelMode not implemented
01-06 00:27:44.885   513  1011 E OMX-VDEC-1080P: Extension: OMX.google.android.index.useAndroidNativeBuffer is supported
01-06 00:27:44.886   513  1011 E OMXNodeInstance: getParameter(0xf5723004:qcom.decoder.vp8, ??(0x7f000044)) ERROR: UnsupportedSetting(0x80001019)
01-06 00:27:44.886   513  1011 E OMXNodeInstance: getParameter(0xf5723004:qcom.decoder.vp8, ??(0x7f000044)) ERROR: UnsupportedSetting(0x80001019)
01-06 00:27:44.887   513   513 E OMX-VDEC-1080P: Extension: OMX.google.android.index.configureVideoTunnelMode not implemented
01-06 00:27:44.887   513   513 E OMXNodeInstance: getExtensionIndex(0xf5723004:qcom.decoder.vp8, OMX.google.android.index.configureVideoTunnelMode) ERROR: NotImplemented(0x80001006)
01-06 00:27:44.887   513  1011 E OMX-VDEC-1080P: Extension: OMX.google.android.index.storeANWBufferInMetadata not implemented
01-06 00:27:44.887   513   533 I OMX-VDEC-1080P: omx_vdec::component_deinit() complete
01-06 00:27:44.902  1027  1027 I vol.Events: writeEvent collection_started
01-06 00:27:44.906   513   533 I OMX-VDEC-1080P: Exit OMX vdec Destructor: fd=6
01-06 00:27:44.906   513   533 I OMX-VDEC-1080P: Video slvp perflock released
01-06 00:27:44.911   513   533 I OMXMaster: makeComponentInstance(OMX.google.vp8.decoder) in android.hardwar process
01-06 00:27:44.923   513  1011 E OMXNodeInstance: getExtensionIndex(0xf5787240:google.vp8.decoder, OMX.google.android.index.configureVideoTunnelMode) ERROR: UnsupportedIndex(0x8000101a)
01-06 00:27:44.924   513   533 E OMXNodeInstance: getExtensionIndex(0xf5787240:google.vp8.decoder, OMX.google.android.index.enableAndroidNativeBuffers) ERROR: UnsupportedIndex(0x8000101a)
01-06 00:27:44.942   778   778 D ConditionProviders.SCP: onConnected
01-06 00:27:44.943   778   778 D ZenLog  : set_zen_mode: alarms,readXml
01-06 00:27:44.950   513  1011 I OMXMaster: makeComponentInstance(OMX.google.vp9.decoder) in android.hardwar process
01-06 00:27:44.951   778   778 D ConditionProviders: Subscribing to condition://android/event?userId=-10000&calendar=&reply=1 with ComponentInfo{android/com.android.server.notification.EventConditionProvider}
01-06 00:27:44.951   778   778 D ZenLog  : subscribe: condition://android/event?userId=-10000&calendar=&reply=1,ok
01-06 00:27:44.951   778   778 D ConditionProviders: Subscribing to condition://android/schedule?days=1.2.3.4.5&start=22.0&end=7.0&exitAtAlarm=false with ComponentInfo{android/com.android.server.notification.ScheduleConditionProvider}
01-06 00:27:44.951   778   778 D ZenLog  : subscribe: condition://android/schedule?days=1.2.3.4.5&start=22.0&end=7.0&exitAtAlarm=false,ok
01-06 00:27:44.951   778   778 D ConditionProviders: Subscribing to condition://android/schedule?days=6.7&start=23.30&end=10.0&exitAtAlarm=false with ComponentInfo{android/com.android.server.notification.ScheduleConditionProvider}
01-06 00:27:44.951   778   778 D ZenLog  : subscribe: condition://android/schedule?days=6.7&start=23.30&end=10.0&exitAtAlarm=false,ok
01-06 00:27:44.953   778   778 D RttService: SCAN_AVAILABLE : 1
01-06 00:27:44.954   778   956 I WifiScanningService: wifi driver unloaded
01-06 00:27:44.954   778   957 D RttService: DefaultState got{ when=0 what=160513 target=com.android.internal.util.StateMachine$SmHandler }
01-06 00:27:44.954   778   778 D ZenLog  : set_zen_mode: alarms,cleanUpZenRules
01-06 00:27:44.956   513  1011 E OMXNodeInstance: getExtensionIndex(0xf5787240:google.vp9.decoder, OMX.google.android.index.configureVideoTunnelMode) ERROR: UnsupportedIndex(0x8000101a)
01-06 00:27:44.956   513   533 E OMXNodeInstance: getExtensionIndex(0xf5787240:google.vp9.decoder, OMX.google.android.index.enableAndroidNativeBuffers) ERROR: UnsupportedIndex(0x8000101a)
01-06 00:27:44.964   502   502 W AudioFlinger: createTrack_l(): mismatch between requested flags (00000004) and output flags (00000002)
01-06 00:27:44.970  1027  1190 W AudioTrack: AUDIO_OUTPUT_FLAG_FAST denied by server; frameCount 4810 -> 4810
01-06 00:27:44.970  1027  1190 D AudioTrack: Client defaulted notificationFrames to 2405 for frameCount 4810
01-06 00:27:44.971   513  1011 I OMXMaster: makeComponentInstance(OMX.qcom.video.encoder.avc) in android.hardwar process
01-06 00:27:44.986   513  1011 I OMX-VENC: Video encode perflock acquired,handle=-1
01-06 00:27:44.989   513  1011 E OMX-VENC: Setting session priority failed
01-06 00:27:44.990   513  1011 I OMX-VENC: Component_init : OMX.qcom.video.encoder.avc : return = 0x0
01-06 00:27:44.991   510   510 W OMXUtils: do not know color format 0x7fa30c04 = 2141391876
01-06 00:27:44.992   510   510 W OMXUtils: do not know color format 0x7f000789 = 2130708361
01-06 00:27:45.000   513   533 I OMX-VENC: Component Deinit
