01-03 14:42:05.293   931   931 D SystemServerTiming: ActivityManagerStartApps took to complete: 227ms
01-03 14:42:05.293   931   931 D SystemServerTiming: PhaseActivityManagerReady took to complete: 1223ms
01-03 14:42:05.297   931  1024 W Looper  : Dispatch took 223ms on android.ui, h=Handler (com.android.server.am.ActivityManagerService$UiHandler) {8e63c20} cb=null msg=53
01-03 14:42:05.299   931   931 D SystemServerInitThreadPool: Shutdown successful
01-03 14:42:05.299   931   931 D SystemServerTiming: StartServices took to complete: 6585ms
01-03 14:42:05.304   931   931 I SystemServer: Enabled StrictMode for system server main thread.
01-03 14:42:05.321   931   931 D ConditionProviders.SCP: onConnected
01-03 14:42:05.322  4229  4229 D SystemUIBootTiming: StartServicesNotificationChannels took to complete: 281ms
01-03 14:42:05.322   931   931 D ZenLog  : set_zen_mode: off,readXml
01-03 14:42:05.325   931   931 D ConditionProviders: Subscribing to condition://android/event?userId=-10000&calendar=&reply=1 with ComponentInfo{android/com.android.server.notification.EventConditionProvider}
01-03 14:42:05.325   931   931 D ZenLog  : subscribe: condition://android/event?userId=-10000&calendar=&reply=1,ok
01-03 14:42:05.325   931   931 D ConditionProviders: Subscribing to condition://android/schedule?days=1.2.3.4.5&start=22.0&end=7.0&exitAtAlarm=false with ComponentInfo{android/com.android.server.notification.ScheduleConditionProvider}
01-03 14:42:05.325   931   931 D ZenLog  : subscribe: condition://android/schedule?days=1.2.3.4.5&start=22.0&end=7.0&exitAtAlarm=false,ok
01-03 14:42:05.326   931   931 D ConditionProviders: Subscribing to condition://android/schedule?days=6.7&start=23.30&end=10.0&exitAtAlarm=false with ComponentInfo{android/com.android.server.notification.ScheduleConditionProvider}
01-03 14:42:05.326   931   931 D ZenLog  : subscribe: condition://android/schedule?days=6.7&start=23.30&end=10.0&exitAtAlarm=false,ok
01-03 14:42:05.332  4229  4229 D SystemUIBootTiming: StartServicesCommandQueueStart took to complete: 8ms
01-03 14:42:05.393   931   931 D ZenLog  : set_zen_mode: off,cleanUpZenRules
01-03 14:42:05.491  4229  4229 D SystemUIBootTiming: StartServicesKeyguardViewMediator took to complete: 159ms
01-03 14:42:05.620  4229  4229 D SystemUIBootTiming: StartServicesRecents took to complete: 128ms
01-03 14:42:05.749   931  5311 I Telecom : BluetoothRouteManager: getBluetoothAudioConnectedDevice: no headset service available.
01-03 14:42:05.781   931  1022 W LocationProviderProxy-network: Odd, no component found for service com.android.location.service.v3.NetworkLocationProvider
01-03 14:42:05.788   931  1023 W KeyguardServiceDelegate: onScreenTurningOn(): no keyguard service!
01-03 14:42:05.876   931   931 I Telecom : SystemStateProvider: Registering car mode receiver: android.content.IntentFilter@26ca691: TS.init@AAA
01-03 14:42:05.898   931  5424 I Telecom : Logging.Events: Non-call EVENT: AUDIO_ROUTE, Entering state QuiescentEarpieceRoute
01-03 14:42:05.909   931   931 I Telecom : MissedCallNotifierImpl: Boot not yet complete -- call log db may not be available. Deferring loading until boot complete.: TS.init@AAA
01-03 14:42:05.913   931  5449 I Telecom : CallAudioModeStateMachine: Message received: null.: TS.init->CAMSM.pM_1@AAA
01-03 14:42:05.921   931   931 I Telecom : Class: TelecomSystem.INSTANCE being set
01-03 14:42:05.921   931   931 W ContextImpl: Calling a method in the system process without a qualified user: android.app.ContextImpl.startService:1476 android.content.ContextWrapper.startService:650 com.android.server.telecom.components.TelecomService.initializeTelecomSystem:180 com.android.server.telecom.components.TelecomService.onBind:64 android.app.ActivityThread.handleBindService:3366 
01-03 14:42:05.924   931   931 W ContextImpl: Calling a method in the system process without a qualified user: android.app.ContextImpl.startService:1476 com.android.server.content.SyncManager$13.run:722 android.os.Handler.handleCallback:790 android.os.Handler.dispatchMessage:99 android.os.Looper.loop:164 
01-03 14:42:06.001   931   931 V WiredAccessoryManager: notifyWiredAccessoryChanged: when=0 bits= mask=54
01-03 14:42:06.001   931   931 V WiredAccessoryManager: newName=h2w newState=0 headsetState=0 prev headsetState=0
01-03 14:42:06.001   931   931 V WiredAccessoryManager: init()
01-03 14:42:06.011  4229  4229 D SystemUIBootTiming: StartServicesVolumeUI took to complete: 392ms
01-03 14:42:06.026   931   931 V NotificationListeners: enabling notification listener for 0: ComponentInfo{com.android.launcher3/com.android.launcher3.notification.NotificationListener}
01-03 14:42:06.026   931   931 V NotificationListeners: binding: Intent { act=android.service.notification.NotificationListenerService cmp=com.android.launcher3/.notification.NotificationListener (has extras) }
01-03 14:42:06.027   931   931 W ActivityManager: Unable to start service Intent { act=android.service.notification.NotificationListenerService cmp=com.android.launcher3/.notification.NotificationListener } U=0: not found
01-03 14:42:06.027   931   931 W NotificationListeners: Unable to bind notification listener service: Intent { act=android.service.notification.NotificationListenerService cmp=com.android.launcher3/.notification.NotificationListener (has extras) }
01-03 14:42:06.055  4229  4229 D SystemUIBootTiming: StartServicesDivider took to complete: 43ms
01-03 14:42:06.061   931   931 D BluetoothManagerService: BluetoothServiceConnection: com.android.bluetooth.btservice.AdapterService
01-03 14:42:06.062   931   931 D ConditionProviders.SCP: onSubscribe condition://android/schedule?days=1.2.3.4.5&start=22.0&end=7.0&exitAtAlarm=false
01-03 14:42:06.068   931  1031 D BluetoothManagerService: MESSAGE_BLUETOOTH_SERVICE_CONNECTED: 1
01-03 14:42:06.069   931   931 D ConditionProviders.SCP: setRegistered true
01-03 14:42:06.070   931   931 D ConditionProviders.SCP: notifyCondition condition://android/schedule?days=1.2.3.4.5&start=22.0&end=7.0&exitAtAlarm=false STATE_FALSE reason=!meetsSchedule
01-03 14:42:06.070   931  1031 D BluetoothManagerService: Broadcasting onBluetoothServiceUp() to 2 receivers.
01-03 14:42:06.075   931  1031 D BluetoothManagerService: MESSAGE_BLUETOOTH_STATE_CHANGE: OFF > BLE_TURNING_ON
01-03 14:42:06.075   931  1031 D BluetoothManagerService: Sending BLE State Change: OFF > BLE_TURNING_ON
01-03 14:42:06.082   931   931 D ConditionProviders.SCP: Scheduling evaluate for Sat Jan 03 22:00:00 GMT+02:00 2015 (1420315200000), in +7h17m53s931ms, now=Sat Jan 03 14:42:06 GMT+02:00 2015 (1420288926069)
01-03 14:42:06.083   931   931 D ConditionProviders.SCP: onSubscribe condition://android/schedule?days=6.7&start=23.30&end=10.0&exitAtAlarm=false
01-03 14:42:06.083   931   931 D ConditionProviders.SCP: notifyCondition condition://android/schedule?days=6.7&start=23.30&end=10.0&exitAtAlarm=false STATE_FALSE reason=!meetsSchedule
01-03 14:42:06.084   931   931 D ConditionProviders.SCP: notifyCondition condition://android/schedule?days=1.2.3.4.5&start=22.0&end=7.0&exitAtAlarm=false STATE_FALSE reason=!meetsSchedule
01-03 14:42:06.087   931   931 D ConditionProviders.SCP: Scheduling evaluate for Sat Jan 03 22:00:00 GMT+02:00 2015 (1420315200000), in +7h17m53s917ms, now=Sat Jan 03 14:42:06 GMT+02:00 2015 (1420288926083)
01-03 14:42:06.129   931   931 I Telecom : WiredHeadsetManager: ACTION_HEADSET_PLUG event, plugged in: false, : WHC.oADA@AAE
01-03 14:42:06.146   931   931 D AutofillManagerService: Autofill restriction did not change for user 0: null
01-03 14:42:06.211   931  1022 I SyncManager: Got SyncJobService instance.
01-03 14:42:06.250   931  5085 W WallpaperManagerService: Cannot extract colors because wallpaper could not be read.
01-03 14:42:06.252   931  5157 W WallpaperManagerService: Cannot extract colors because wallpaper could not be read.
01-03 14:42:06.269   931   953 I StatusBarManagerService: registerStatusBar bar=com.android.internal.statusbar.IStatusBar$Stub$Proxy@ed9a4e6
01-03 14:42:06.333   931  2198 D ConnectivityService: Got NetworkFactory Messenger for PhoneSwitcherNetworkRequstListener
01-03 14:42:06.356   931  2198 D ConnectivityService: Got NetworkFactory Messenger for TelephonyNetworkFactory[0]
01-03 14:42:06.408  5066  5066 I TelecomFramework: TtyManager: updateUiTtyMode -1 -> 0
01-03 14:42:06.546  4229  4229 I StatusBar: isKeyguardShowing() called before startKeyguard(), returning true
01-03 14:42:06.548  4229  4229 W StatusBar: isKeyguardSecure() called before startKeyguard(), returning false
01-03 14:42:06.548  4229  4229 W StatusBar: java.lang.Throwable
01-03 14:42:06.548  4229  4229 W StatusBar: 	at com.android.systemui.statusbar.phone.StatusBar.isKeyguardSecure(StatusBar.java:7859)
01-03 14:42:06.548  4229  4229 W StatusBar: 	at com.android.systemui.statusbar.phone.StatusBar.isCameraAllowedByAdmin(StatusBar.java:5711)
01-03 14:42:06.548  4229  4229 W StatusBar: 	at com.android.systemui.statusbar.phone.KeyguardBottomAreaView$DefaultRightButton.getIcon(KeyguardBottomAreaView.java:856)
01-03 14:42:06.548  4229  4229 W StatusBar: 	at com.android.systemui.statusbar.phone.KeyguardBottomAreaView.updateCameraVisibility(KeyguardBottomAreaView.java:382)
01-03 14:42:06.548  4229  4229 W StatusBar: 	at com.android.systemui.statusbar.phone.KeyguardBottomAreaView.setStatusBar(KeyguardBottomAreaView.java:351)
01-03 14:42:06.548  4229  4229 W StatusBar: 	at com.android.systemui.statusbar.phone.NotificationPanelView.setStatusBar(NotificationPanelView.java:278)
01-03 14:42:06.548  4229  4229 W StatusBar: 	at com.android.systemui.statusbar.phone.StatusBar.makeStatusBarView(StatusBar.java:1093)
01-03 14:42:06.548  4229  4229 W StatusBar: 	at com.android.systemui.statusbar.phone.StatusBar.addStatusBarWindow(StatusBar.java:3799)
01-03 14:42:06.548  4229  4229 W StatusBar: 	at com.android.systemui.statusbar.phone.StatusBar.createAndAddWindows(StatusBar.java:3795)
01-03 14:42:06.548  4229  4229 W StatusBar: 	at com.android.systemui.statusbar.phone.StatusBar.start(StatusBar.java:946)
01-03 14:42:06.548  4229  4229 W StatusBar: 	at com.android.systemui.SystemBars.createStatusBarFromConfig(SystemBars.java:71)
01-03 14:42:06.548  4229  4229 W StatusBar: 	at com.android.systemui.SystemBars.start(SystemBars.java:42)
01-03 14:42:06.548  4229  4229 W StatusBar: 	at com.android.systemui.SystemUIApplication.startServicesIfNeeded(SystemUIApplication.java:215)
01-03 14:42:06.548  4229  4229 W StatusBar: 	at com.android.systemui.SystemUIApplication.startServicesIfNeeded(SystemUIApplication.java:164)
01-03 14:42:06.548  4229  4229 W StatusBar: 	at com.android.systemui.SystemUIService.onCreate(SystemUIService.java:33)
01-03 14:42:06.548  4229  4229 W StatusBar: 	at android.app.ActivityThread.handleCreateService(ActivityThread.java:3339)
01-03 14:42:06.548  4229  4229 W StatusBar: 	at android.app.ActivityThread.-wrap4(Unknown Source:0)
01-03 14:42:06.548  4229  4229 W StatusBar: 	at android.app.ActivityThread$H.handleMessage(ActivityThread.java:1677)
01-03 14:42:06.548  4229  4229 W StatusBar: 	at android.os.Handler.dispatchMessage(Handler.java:106)
01-03 14:42:06.548  4229  4229 W StatusBar: 	at android.os.Looper.loop(Looper.java:164)
01-03 14:42:06.548  4229  4229 W StatusBar: 	at android.app.ActivityThread.main(ActivityThread.java:6494)
01-03 14:42:06.548  4229  4229 W StatusBar: 	at java.lang.reflect.Method.invoke(Native Method)
01-03 14:42:06.548  4229  4229 W StatusBar: 	at com.android.internal.os.RuntimeInit$MethodAndArgsCaller.run(RuntimeInit.java:440)
01-03 14:42:06.548  4229  4229 W StatusBar: 	at com.android.internal.os.ZygoteInit.main(ZygoteInit.java:807)
01-03 14:42:06.621  4229  4229 I StatusBar: isKeyguardShowing() called before startKeyguard(), returning true
01-03 14:42:06.622  4229  4229 W StatusBar: isKeyguardSecure() called before startKeyguard(), returning false
01-03 14:42:06.622  4229  4229 W StatusBar: java.lang.Throwable
01-03 14:42:06.622  4229  4229 W StatusBar: 	at com.android.systemui.statusbar.phone.StatusBar.isKeyguardSecure(StatusBar.java:7859)
01-03 14:42:06.622  4229  4229 W StatusBar: 	at com.android.systemui.statusbar.phone.StatusBar.isCameraAllowedByAdmin(StatusBar.java:5711)
01-03 14:42:06.622  4229  4229 W StatusBar: 	at com.android.systemui.statusbar.phone.KeyguardBottomAreaView$DefaultRightButton.getIcon(KeyguardBottomAreaView.java:856)
01-03 14:42:06.622  4229  4229 W StatusBar: 	at com.android.systemui.statusbar.phone.KeyguardBottomAreaView.updateCameraVisibility(KeyguardBottomAreaView.java:382)
01-03 14:42:06.622  4229  4229 W StatusBar: 	at com.android.systemui.statusbar.phone.KeyguardBottomAreaView.setUserSetupComplete(KeyguardBottomAreaView.java:360)
01-03 14:42:06.622  4229  4229 W StatusBar: 	at com.android.systemui.statusbar.phone.NotificationPanelView.setUserSetupComplete(NotificationPanelView.java:2761)
01-03 14:42:06.622  4229  4229 W StatusBar: 	at com.android.systemui.statusbar.phone.StatusBar.makeStatusBarView(StatusBar.java:1236)
01-03 14:42:06.622  4229  4229 W StatusBar: 	at com.android.systemui.statusbar.phone.StatusBar.addStatusBarWindow(StatusBar.java:3799)
01-03 14:42:06.622  4229  4229 W StatusBar: 	at com.android.systemui.statusbar.phone.StatusBar.createAndAddWindows(StatusBar.java:3795)
01-03 14:42:06.622  4229  4229 W StatusBar: 	at com.android.systemui.statusbar.phone.StatusBar.start(StatusBar.java:946)
01-03 14:42:06.622  4229  4229 W StatusBar: 	at com.android.systemui.SystemBars.createStatusBarFromConfig(SystemBars.java:71)
01-03 14:42:06.622  4229  4229 W StatusBar: 	at com.android.systemui.SystemBars.start(SystemBars.java:42)
01-03 14:42:06.622  4229  4229 W StatusBar: 	at com.android.systemui.SystemUIApplication.startServicesIfNeeded(SystemUIApplication.java:215)
01-03 14:42:06.622  4229  4229 W StatusBar: 	at com.android.systemui.SystemUIApplication.startServicesIfNeeded(SystemUIApplication.java:164)
01-03 14:42:06.622  4229  4229 W StatusBar: 	at com.android.systemui.SystemUIService.onCreate(SystemUIService.java:33)
01-03 14:42:06.622  4229  4229 W StatusBar: 	at android.app.ActivityThread.handleCreateService(ActivityThread.java:3339)
01-03 14:42:06.622  4229  4229 W StatusBar: 	at android.app.ActivityThread.-wrap4(Unknown Source:0)
01-03 14:42:06.622  4229  4229 W StatusBar: 	at android.app.ActivityThread$H.handleMessage(ActivityThread.java:1677)
01-03 14:42:06.622  4229  4229 W StatusBar: 	at android.os.Handler.dispatchMessage(Handler.java:106)
01-03 14:42:06.622  4229  4229 W StatusBar: 	at android.os.Looper.loop(Looper.java:164)
01-03 14:42:06.622  4229  4229 W StatusBar: 	at android.app.ActivityThread.main(ActivityThread.java:6494)
01-03 14:42:06.622  4229  4229 W StatusBar: 	at java.lang.reflect.Method.invoke(Native Method)
01-03 14:42:06.622  4229  4229 W StatusBar: 	at com.android.internal.os.RuntimeInit$MethodAndArgsCaller.run(RuntimeInit.java:440)
01-03 14:42:06.622  4229  4229 W StatusBar: 	at com.android.internal.os.ZygoteInit.main(ZygoteInit.java:807)
01-03 14:42:06.670   931  5157 I Telecom : PhoneAccountRegistrar: New phone account registered: [[ ] PhoneAccount: ComponentInfo{com.android.phone/com.android.services.telephony.TelephonyConnectionService}, [e0184adedf913b076626646d3f52c3b49c39ad6d], UserHandle{0} Capabilities: CallProvider MultiUser PlaceEmerg SimSub  Audio Routes: BESW Schemes: tel voicemail  Extras: Bundle[mParcelledData.dataSize=124] GroupId: [da39a3ee5e6b4b0d3255bfef95601890afd80709]]: TSI.rPA@AAU
01-03 14:42:06.684   931  5157 I Telecom : CallsManager: Sending phone-account ComponentInfo{com.android.phone/com.android.services.telephony.TelephonyConnectionService}, [e0184adedf913b076626646d3f52c3b49c39ad6d], UserHandle{0} registered intent as user: TSI.rPA@AAU
01-03 14:42:06.684   931  5157 I Telecom : CallsManager: Sending phone-account registered intent to default dialer: TSI.rPA@AAU
01-03 14:42:06.686  5066  5066 I TelecomFramework: AccountEntry: Registered phoneAccount: [[ ] PhoneAccount: ComponentInfo{com.android.phone/com.android.services.telephony.TelephonyConnectionService}, [e0184adedf913b076626646d3f52c3b49c39ad6d], UserHandle{0} Capabilities: CallProvider MultiUser PlaceEmerg SimSub  Audio Routes: BESW Schemes: tel voicemail  Extras: Bundle[{android.telecom.extra.SUPPORTS_VIDEO_CALLING_FALLBACK=false}] GroupId: [da39a3ee5e6b4b0d3255bfef95601890afd80709]] with handle: ComponentInfo{com.android.phone/com.android.services.telephony.TelephonyConnectionService}, [e0184adedf913b076626646d3f52c3b49c39ad6d], UserHandle{0}
01-03 14:42:06.686  5066  5066 I TelecomFramework: PstnIncomingCallNotifier: Registering: Handler (com.android.internal.telephony.GsmCdmaPhone) {56e47fc}
01-03 14:42:06.690  5066  5066 I TelecomFramework: TelecomAccountRegistry: Unregistering phone account ComponentInfo{com.android.phone/com.android.services.telephony.TelephonyConnectionService}, [5d76fdb08b9af24aa18299fef4e0e805dac3ee08], UserHandle{0}.
01-03 14:42:06.698   931   953 I Telecom : CallsManager: Sending phone-account ComponentInfo{com.android.phone/com.android.services.telephony.TelephonyConnectionService}, [5d76fdb08b9af24aa18299fef4e0e805dac3ee08], UserHandle{0} unregistered intent as user: TSI.uPA@AAc
01-03 14:42:06.699   931   953 I Telecom : CallsManager: Sending phone-account unregistered intent to default dialer: TSI.uPA@AAc
01-03 14:42:06.702  5066  5066 I TelecomFramework: PstnPhoneCapabilitiesNotifier: handleVideoCapabilitesChanged. Video capability - false
01-03 14:42:06.713   931  5085 I Telecom : PhoneAccountRegistrar: Modify account: [ComponentInfo{com.android.phone/com.android.services.telephony.TelephonyConnectionService}, [e0184adedf913b076626646d3f52c3b49c39ad6d], UserHandle{0}]: TSI.rPA@AAk
01-03 14:42:06.812  4229  4229 D SystemUIBootTiming: StartServicesSystemBars took to complete: 757ms
01-03 14:42:06.826  4229  4229 D SystemUIBootTiming: StartServicesStorageNotification took to complete: 13ms
01-03 14:42:06.839  4229  4229 D SystemUIBootTiming: StartServicesPowerUI took to complete: 13ms
01-03 14:42:06.842  4229  4229 D SystemUIBootTiming: StartServicesRingtonePlayer took to complete: 3ms
01-03 14:42:06.845  4229  4229 D SystemUIBootTiming: StartServicesKeyboardUI took to complete: 3ms
01-03 14:42:06.868  4229  4229 D SystemUIBootTiming: StartServicesPipUI took to complete: 24ms
01-03 14:42:06.871  4229  4229 D SystemUIBootTiming: StartServicesShortcutKeyDispatcher took to complete: 2ms
01-03 14:42:06.871  4229  4229 D SystemUIBootTiming: StartServicesVendorServices took to complete: 0ms
01-03 14:42:06.872  4229  4229 D SystemUIBootTiming: StartServicesService took to complete: 1ms
01-03 14:42:06.874  4229  4229 D SystemUIBootTiming: StartServicesLatencyTester took to complete: 2ms
01-03 14:42:06.876  4229  4229 D SystemUIBootTiming: StartServicesGlobalActionsComponent took to complete: 2ms
01-03 14:42:06.880  4229  4229 D SystemUIBootTiming: StartServicesRoundedCorners took to complete: 3ms
01-03 14:42:06.880  4229  4229 D SystemUIBootTiming: StartServices took to complete: 1865ms
01-03 14:42:07.109   931   931 D BluetoothManagerService: Bluetooth Adapter address changed to 00:34:DA:A5:F8:06
01-03 14:42:07.110   931   931 D BluetoothManagerService: Stored Bluetoothaddress: 00:34:DA:A5:F8:06
01-03 14:42:07.115   931   931 D BluetoothManagerService: Bluetooth Adapter name changed to LG G4
01-03 14:42:07.116   931   931 D BluetoothManagerService: Stored Bluetooth name: LG G4
01-03 14:42:07.126   931  1031 D BluetoothManagerService: MESSAGE_BLUETOOTH_STATE_CHANGE: BLE_TURNING_ON > BLE_ON
01-03 14:42:07.126   931  1031 D BluetoothManagerService: Bluetooth is in LE only mode
01-03 14:42:07.126   931  1031 D BluetoothManagerService: Binding Bluetooth GATT service
01-03 14:42:07.127   931  1031 D BluetoothManagerService: Sending BLE State Change: BLE_TURNING_ON > BLE_ON
01-03 14:42:07.128   931   931 D BluetoothManagerService: BluetoothServiceConnection: com.android.bluetooth.gatt.GattService
01-03 14:42:07.128   931  1031 D BluetoothManagerService: MESSAGE_BLUETOOTH_SERVICE_CONNECTED: 2
01-03 14:42:07.129   931  1031 D BluetoothManagerService: BluetoothGatt Service is Up
01-03 14:42:07.130   931  1031 D BluetoothManagerService: Persisting Bluetooth Setting: 1
01-03 14:42:07.131   931  1031 D BluetoothManagerService: MESSAGE_BLUETOOTH_STATE_CHANGE: BLE_ON > TURNING_ON
01-03 14:42:07.131   931  1031 D BluetoothManagerService: Sending BLE State Change: BLE_ON > TURNING_ON
01-03 14:42:07.144   931   931 I Telecom : : - Got BluetoothHeadset: com.android.server.telecom.BluetoothHeadsetProxy@7c1738b: BMSL.oSC@AAw
01-03 14:42:07.283   931  1031 D BluetoothManagerService: MESSAGE_BLUETOOTH_STATE_CHANGE: TURNING_ON > ON
01-03 14:42:07.283   931  1031 D BluetoothManagerService: Broadcasting onBluetoothStateChange(true) to 9 receivers.
01-03 14:42:07.284   931  1031 D BluetoothManagerService: Sending BLE State Change: TURNING_ON > ON
01-03 14:42:07.289   931   931 I Telecom : BluetoothPhoneService: queryPhoneState: BPSI.qPS@AA0
01-03 14:42:07.291   931   931 I Telecom : BluetoothPhoneService: updateHeadsetWithCallState numActive 0, numHeld 0, callState 6, ringing number [da39a3ee5e6b4b0d3255bfef95601890afd80709], ringing type 128: BPSI.qPS@AA0
01-03 14:42:07.359   931  1032 W WindowManager: App freeze timeout expired.
01-03 14:42:09.864   931   953 V MediaRouterService: restoreBluetoothA2dp(false)
01-03 14:42:11.300  5066  5066 I TelecomFramework: PstnIncomingCallNotifier: Unregistering: Handler (com.android.internal.telephony.GsmCdmaPhone) {56e47fc}
01-03 14:42:11.324   931   950 I Telecom : PhoneAccountRegistrar: Modify account: [ComponentInfo{com.android.phone/com.android.services.telephony.TelephonyConnectionService}, [e0184adedf913b076626646d3f52c3b49c39ad6d], UserHandle{0}]: TSI.rPA@AA4
01-03 14:42:11.332  5066  5066 I TelecomFramework: AccountEntry: Registered phoneAccount: [[ ] PhoneAccount: ComponentInfo{com.android.phone/com.android.services.telephony.TelephonyConnectionService}, [e0184adedf913b076626646d3f52c3b49c39ad6d], UserHandle{0} Capabilities: CallProvider MultiUser PlaceEmerg SimSub  Audio Routes: BESW Schemes: tel voicemail  Extras: Bundle[{android.telecom.extra.SUPPORTS_VIDEO_CALLING_FALLBACK=false}] GroupId: [da39a3ee5e6b4b0d3255bfef95601890afd80709]] with handle: ComponentInfo{com.android.phone/com.android.services.telephony.TelephonyConnectionService}, [e0184adedf913b076626646d3f52c3b49c39ad6d], UserHandle{0}
01-03 14:42:11.332  5066  5066 I TelecomFramework: PstnIncomingCallNotifier: Registering: Handler (com.android.internal.telephony.GsmCdmaPhone) {56e47fc}
01-03 14:42:11.350  5066  5066 I TelecomFramework: PstnPhoneCapabilitiesNotifier: handleVideoCapabilitesChanged. Video capability - false
01-03 14:42:11.365   931  5085 I Telecom : PhoneAccountRegistrar: Modify account: [ComponentInfo{com.android.phone/com.android.services.telephony.TelephonyConnectionService}, [e0184adedf913b076626646d3f52c3b49c39ad6d], UserHandle{0}]: TSI.rPA@ABE
01-03 14:42:11.380  5066  5066 D MccTable: updateMccMncConfiguration mccmnc='20201' fromServiceState=false
01-03 14:42:11.383  5066  5066 D MccTable: updateMccMncConfiguration defaultMccMnc=
01-03 14:42:11.383  5066  5066 D MccTable: updateMccMncConfiguration: mcc=202, mnc=1
01-03 14:42:11.383  5066  5066 D MccTable: updateMccMncConfiguration updateConfig config={0.0 202mcc1mnc ?localeList ?layoutDir ?swdp ?wdp ?hdp ?density ?lsize ?long ?ldr ?wideColorGamut ?orien ?uimode ?night ?touch ?keyb/?/? ?nav/?}
01-03 14:42:11.384   931   953 I ActivityManager: Config changes=3 {1.0 202mcc1mnc [en_US] ldltr sw411dp w411dp h659dp 560dpi nrml port finger -keyb/v/h -nav/h appBounds=Rect(0, 0 - 1440, 2392) s.8}
01-03 14:42:11.416   931   953 I ActivityManager: Override config changes=3 {1.0 202mcc1mnc [en_US] ldltr sw411dp w411dp h659dp 560dpi nrml port finger -keyb/v/h -nav/h appBounds=Rect(0, 0 - 1440, 2392) s.8} for displayId=0
01-03 14:42:11.609  5066  5557 D MccTable: updateMccMncConfiguration mccmnc='20201' fromServiceState=false
01-03 14:42:11.611  5066  5557 D MccTable: updateMccMncConfiguration defaultMccMnc=20201
01-03 14:42:11.611  5066  5557 D MccTable: updateMccMncConfiguration: mcc=202, mnc=1
01-03 14:42:11.611  5066  5557 D MccTable: updateMccMncConfiguration updateConfig config={0.0 202mcc1mnc ?localeList ?layoutDir ?swdp ?wdp ?hdp ?density ?lsize ?long ?ldr ?wideColorGamut ?orien ?uimode ?night ?touch ?keyb/?/? ?nav/?}
01-03 14:42:11.811   931  1023 I ActivityManager: Start proc 6093:com.android.cellbroadcastreceiver/u0a18 for broadcast com.android.cellbroadcastreceiver/.CellBroadcastReceiver
01-03 14:42:12.207  5066  5557 D MccTable: updateMccMncConfiguration mccmnc='20201' fromServiceState=false
01-03 14:42:12.208  5066  5557 D MccTable: updateMccMncConfiguration defaultMccMnc=20201
01-03 14:42:12.208  5066  5557 D MccTable: updateMccMncConfiguration: mcc=202, mnc=1
01-03 14:42:12.208  5066  5557 D MccTable: updateMccMncConfiguration updateConfig config={0.0 202mcc1mnc ?localeList ?layoutDir ?swdp ?wdp ?hdp ?density ?lsize ?long ?ldr ?wideColorGamut ?orien ?uimode ?night ?touch ?keyb/?/? ?nav/?}
01-03 14:42:12.670  5066  5066 I TelecomFramework: PstnIncomingCallNotifier: Unregistering: Handler (com.android.internal.telephony.GsmCdmaPhone) {56e47fc}
01-03 14:42:12.690   931  5665 I Telecom : PhoneAccountRegistrar: New phone account registered: [[ ] PhoneAccount: ComponentInfo{com.android.phone/com.android.services.telephony.TelephonyConnectionService}, [5d76fdb08b9af24aa18299fef4e0e805dac3ee08], UserHandle{0} Capabilities: CallProvider MultiUser PlaceEmerg SimSub  Audio Routes: BESW Schemes: tel voicemail  Extras: Bundle[mParcelledData.dataSize=124] GroupId: [da39a3ee5e6b4b0d3255bfef95601890afd80709]]: TSI.rPA@ABI
01-03 14:42:12.699   931  5665 I Telecom : CallsManager: Sending phone-account ComponentInfo{com.android.phone/com.android.services.telephony.TelephonyConnectionService}, [5d76fdb08b9af24aa18299fef4e0e805dac3ee08], UserHandle{0} registered intent as user: TSI.rPA@ABI
01-03 14:42:12.699   931  5665 I Telecom : CallsManager: Sending phone-account registered intent to default dialer: TSI.rPA@ABI
01-03 14:42:12.701  5066  5066 I TelecomFramework: AccountEntry: Registered phoneAccount: [[ ] PhoneAccount: ComponentInfo{com.android.phone/com.android.services.telephony.TelephonyConnectionService}, [5d76fdb08b9af24aa18299fef4e0e805dac3ee08], UserHandle{0} Capabilities: CallProvider MultiUser PlaceEmerg SimSub  Audio Routes: BESW Schemes: tel voicemail  Extras: Bundle[{android.telecom.extra.SUPPORTS_VIDEO_CALLING_FALLBACK=false}] GroupId: [da39a3ee5e6b4b0d3255bfef95601890afd80709]] with handle: ComponentInfo{com.android.phone/com.android.services.telephony.TelephonyConnectionService}, [5d76fdb08b9af24aa18299fef4e0e805dac3ee08], UserHandle{0}
01-03 14:42:12.702  5066  5066 I TelecomFramework: PstnIncomingCallNotifier: Registering: Handler (com.android.internal.telephony.GsmCdmaPhone) {56e47fc}
01-03 14:42:12.705  5066  5066 I TelecomFramework: TelecomAccountRegistry: Unregistering phone account ComponentInfo{com.android.phone/com.android.services.telephony.TelephonyConnectionService}, [e0184adedf913b076626646d3f52c3b49c39ad6d], UserHandle{0}.
01-03 14:42:12.710   931  5085 I Telecom : CallsManager: Sending phone-account ComponentInfo{com.android.phone/com.android.services.telephony.TelephonyConnectionService}, [e0184adedf913b076626646d3f52c3b49c39ad6d], UserHandle{0} unregistered intent as user: TSI.uPA@ABQ
01-03 14:42:12.711   931  5085 I Telecom : CallsManager: Sending phone-account unregistered intent to default dialer: TSI.uPA@ABQ
02-12 21:43:51.266   931   931 D ConditionProviders.SCP: onReceive android.intent.action.TIME_SET
02-12 21:43:51.268   931   931 D ConditionProviders.SCP: notifyCondition condition://android/schedule?days=6.7&start=23.30&end=10.0&exitAtAlarm=false STATE_FALSE reason=!meetsSchedule
02-12 21:43:51.269   931   931 D ConditionProviders.SCP: notifyCondition condition://android/schedule?days=1.2.3.4.5&start=22.0&end=7.0&exitAtAlarm=false STATE_FALSE reason=!meetsSchedule
02-12 21:43:51.270   931   931 D ConditionProviders.SCP: Scheduling evaluate for Mon Feb 12 22:00:00 GMT+02:00 2018 (1518465600000), in +16m8s734ms, now=Mon Feb 12 21:43:51 GMT+02:00 2018 (1518464631266)
02-12 21:43:51.270   931   931 D ConditionProviders.SCP: onReceive ScheduleConditionProvider.EVALUATE
02-12 21:43:51.270   931   931 D ConditionProviders.SCP: notifyCondition condition://android/schedule?days=6.7&start=23.30&end=10.0&exitAtAlarm=false STATE_FALSE reason=!meetsSchedule
02-12 21:43:51.273   931   931 D ConditionProviders.SCP: notifyCondition condition://android/schedule?days=1.2.3.4.5&start=22.0&end=7.0&exitAtAlarm=false STATE_FALSE reason=!meetsSchedule
02-12 21:43:51.274   931   931 D ConditionProviders.SCP: Scheduling evaluate for Mon Feb 12 22:00:00 GMT+02:00 2018 (1518465600000), in +16m8s730ms, now=Mon Feb 12 21:43:51 GMT+02:00 2018 (1518464631270)
02-12 21:43:51.282  5066  5066 I TelecomFramework: PstnIncomingCallNotifier: Unregistering: Handler (com.android.internal.telephony.GsmCdmaPhone) {56e47fc}
02-12 21:43:51.303   931  1284 I Telecom : PhoneAccountRegistrar: Modify account: [ComponentInfo{com.android.phone/com.android.services.telephony.TelephonyConnectionService}, [5d76fdb08b9af24aa18299fef4e0e805dac3ee08], UserHandle{0}]: TSI.rPA@ABY
02-12 21:43:51.309  5066  5066 I TelecomFramework: AccountEntry: Registered phoneAccount: [[ ] PhoneAccount: ComponentInfo{com.android.phone/com.android.services.telephony.TelephonyConnectionService}, [5d76fdb08b9af24aa18299fef4e0e805dac3ee08], UserHandle{0} Capabilities: CallProvider MultiUser PlaceEmerg SimSub  Audio Routes: BESW Schemes: tel voicemail  Extras: Bundle[{android.telecom.extra.SUPPORTS_VIDEO_CALLING_FALLBACK=false}] GroupId: [da39a3ee5e6b4b0d3255bfef95601890afd80709]] with handle: ComponentInfo{com.android.phone/com.android.services.telephony.TelephonyConnectionService}, [5d76fdb08b9af24aa18299fef4e0e805dac3ee08], UserHandle{0}
02-12 21:43:51.309  5066  5066 I TelecomFramework: PstnIncomingCallNotifier: Registering: Handler (com.android.internal.telephony.GsmCdmaPhone) {56e47fc}
02-12 21:43:51.320  5066  5066 I TelecomFramework: PstnIncomingCallNotifier: Unregistering: Handler (com.android.internal.telephony.GsmCdmaPhone) {56e47fc}
02-12 21:43:51.339   931  5665 I Telecom : PhoneAccountRegistrar: Modify account: [ComponentInfo{com.android.phone/com.android.services.telephony.TelephonyConnectionService}, [5d76fdb08b9af24aa18299fef4e0e805dac3ee08], UserHandle{0}]: TSI.rPA@ABk
02-12 21:43:51.344  5066  5066 I TelecomFramework: AccountEntry: Registered phoneAccount: [[ ] PhoneAccount: ComponentInfo{com.android.phone/com.android.services.telephony.TelephonyConnectionService}, [5d76fdb08b9af24aa18299fef4e0e805dac3ee08], UserHandle{0} Capabilities: CallProvider MultiUser PlaceEmerg SimSub  Audio Routes: BESW Schemes: tel voicemail  Extras: Bundle[{android.telecom.extra.SUPPORTS_VIDEO_CALLING_FALLBACK=false}] GroupId: [da39a3ee5e6b4b0d3255bfef95601890afd80709]] with handle: ComponentInfo{com.android.phone/com.android.services.telephony.TelephonyConnectionService}, [5d76fdb08b9af24aa18299fef4e0e805dac3ee08], UserHandle{0}
02-12 21:43:51.344  5066  5066 I TelecomFramework: PstnIncomingCallNotifier: Registering: Handler (com.android.internal.telephony.GsmCdmaPhone) {56e47fc}
02-12 21:43:51.371   931   953 I ActivityManager: Start proc 6249:com.android.deskclock/u0a62 for broadcast com.android.deskclock/.AlarmInitReceiver
02-12 21:43:51.394   931  5085 I ActivityManager: Start proc 6261:com.android.carrierconfig/u0a16 for service com.android.carrierconfig/.DefaultCarrierConfigService
02-12 21:43:51.417   931  1022 I UsageStatsService: Time changed in UsageStats by 98175698 seconds
02-12 21:43:51.417   931  1022 I UsageStatsService: User[0] Flushing usage stats to disk
02-12 21:43:51.421  5066  5066 I TelecomFramework: PstnIncomingCallNotifier: Unregistering: Handler (com.android.internal.telephony.GsmCdmaPhone) {56e47fc}
02-12 21:43:51.438   931  5157 I Telecom : PhoneAccountRegistrar: Modify account: [ComponentInfo{com.android.phone/com.android.services.telephony.TelephonyConnectionService}, [5d76fdb08b9af24aa18299fef4e0e805dac3ee08], UserHandle{0}]: TSI.rPA@ABw
02-12 21:43:51.443  5066  5066 I TelecomFramework: AccountEntry: Registered phoneAccount: [[ ] PhoneAccount: ComponentInfo{com.android.phone/com.android.services.telephony.TelephonyConnectionService}, [5d76fdb08b9af24aa18299fef4e0e805dac3ee08], UserHandle{0} Capabilities: CallProvider MultiUser PlaceEmerg SimSub  Audio Routes: BESW Schemes: tel voicemail  Extras: Bundle[{android.telecom.extra.SUPPORTS_VIDEO_CALLING_FALLBACK=false}] GroupId: [da39a3ee5e6b4b0d3255bfef95601890afd80709]] with handle: ComponentInfo{com.android.phone/com.android.services.telephony.TelephonyConnectionService}, [5d76fdb08b9af24aa18299fef4e0e805dac3ee08], UserHandle{0}
02-12 21:43:51.443  5066  5066 I TelecomFramework: PstnIncomingCallNotifier: Registering: Handler (com.android.internal.telephony.GsmCdmaPhone) {56e47fc}
02-12 21:43:51.443   931  1022 I UsageStatsDatabase: Time changed by +1136d7h1m38s511ms. files deleted: 0 files moved: 4
02-12 21:43:51.460  5066  5066 I TelecomFramework: PstnPhoneCapabilitiesNotifier: handleVideoCapabilitesChanged. Video capability - false
02-12 21:43:51.471   931  1022 I UsageStatsService: User[0] Rollover scheduled @ 2018-02-13 21:43:40(1518551020096)
02-12 21:43:51.474   931  1023 I ActivityManager: Start proc 6279:com.android.dialer/u0a24 for broadcast com.android.dialer/.app.voicemail.LegacyVoicemailNotificationReceiver
02-12 21:43:51.759  5066  5066 I TelecomFramework: PstnPhoneCapabilitiesNotifier: handleVideoCapabilitesChanged. Video capability - false
02-12 21:43:51.759  5066  5066 I chatty  : uid=1001(radio) com.android.phone identical 1 line
02-12 21:43:51.762  5066  5066 I TelecomFramework: PstnPhoneCapabilitiesNotifier: handleVideoCapabilitesChanged. Video capability - false
02-12 21:43:51.790   931  5665 I Telecom : PhoneAccountRegistrar: Modify account: [ComponentInfo{com.android.phone/com.android.services.telephony.TelephonyConnectionService}, [5d76fdb08b9af24aa18299fef4e0e805dac3ee08], UserHandle{0}]: TSI.rPA@ACE
02-12 21:43:51.809  5066  5066 I TelecomFramework: PstnIncomingCallNotifier: Unregistering: Handler (com.android.internal.telephony.GsmCdmaPhone) {56e47fc}
02-12 21:43:51.826   931   950 I Telecom : PhoneAccountRegistrar: Modify account: [ComponentInfo{com.android.phone/com.android.services.telephony.TelephonyConnectionService}, [5d76fdb08b9af24aa18299fef4e0e805dac3ee08], UserHandle{0}]: TSI.rPA@ACI
02-12 21:43:51.831  5066  5066 I TelecomFramework: AccountEntry: Registered phoneAccount: [[ ] PhoneAccount: ComponentInfo{com.android.phone/com.android.services.telephony.TelephonyConnectionService}, [5d76fdb08b9af24aa18299fef4e0e805dac3ee08], UserHandle{0} Capabilities: CallProvider MultiUser PlaceEmerg SimSub  Audio Routes: BESW Schemes: tel voicemail  Extras: Bundle[{android.telecom.extra.SUPPORTS_VIDEO_CALLING_FALLBACK=false}] GroupId: [da39a3ee5e6b4b0d3255bfef95601890afd80709]] with handle: ComponentInfo{com.android.phone/com.android.services.telephony.TelephonyConnectionService}, [5d76fdb08b9af24aa18299fef4e0e805dac3ee08], UserHandle{0}
02-12 21:43:51.832  5066  5066 I TelecomFramework: PstnIncomingCallNotifier: Registering: Handler (com.android.internal.telephony.GsmCdmaPhone) {56e47fc}
02-12 21:43:51.837  5066  5066 I TelecomFramework: PstnIncomingCallNotifier: Unregistering: Handler (com.android.internal.telephony.GsmCdmaPhone) {56e47fc}
02-12 21:43:51.854   931   953 I Telecom : PhoneAccountRegistrar: Modify account: [ComponentInfo{com.android.phone/com.android.services.telephony.TelephonyConnectionService}, [5d76fdb08b9af24aa18299fef4e0e805dac3ee08], UserHandle{0}]: TSI.rPA@ACU
02-12 21:43:51.859  5066  5066 I TelecomFramework: AccountEntry: Registered phoneAccount: [[ ] PhoneAccount: ComponentInfo{com.android.phone/com.android.services.telephony.TelephonyConnectionService}, [5d76fdb08b9af24aa18299fef4e0e805dac3ee08], UserHandle{0} Capabilities: CallProvider MultiUser PlaceEmerg SimSub  Audio Routes: BESW Schemes: tel voicemail  Extras: Bundle[{android.telecom.extra.SUPPORTS_VIDEO_CALLING_FALLBACK=false}] GroupId: [da39a3ee5e6b4b0d3255bfef95601890afd80709]] with handle: ComponentInfo{com.android.phone/com.android.services.telephony.TelephonyConnectionService}, [5d76fdb08b9af24aa18299fef4e0e805dac3ee08], UserHandle{0}
02-12 21:43:51.860  5066  5066 I TelecomFramework: PstnIncomingCallNotifier: Registering: Handler (com.android.internal.telephony.GsmCdmaPhone) {56e47fc}
02-12 21:43:52.057  5066  5066 I TelecomFramework: PstnPhoneCapabilitiesNotifier: handleVideoCapabilitesChanged. Video capability - false
02-12 21:43:52.058  5066  5066 I TelecomFramework: PstnPhoneCapabilitiesNotifier: handleVideoCapabilitesChanged. Video capability - false
02-12 21:43:52.076   931  5157 I Telecom : PhoneAccountRegistrar: Modify account: [ComponentInfo{com.android.phone/com.android.services.telephony.TelephonyConnectionService}, [5d76fdb08b9af24aa18299fef4e0e805dac3ee08], UserHandle{0}]: TSI.rPA@ACg
02-12 21:43:52.180   931   931 I Telecom : PhoneAccountRegistrar: SimCallManager queried, returning: null: TSI.gSCMFU@ACk
02-12 21:43:52.264  5066  5066 I TelecomFramework: PstnIncomingCallNotifier: Unregistering: Handler (com.android.internal.telephony.GsmCdmaPhone) {56e47fc}
02-12 21:43:52.301   931  5665 I Telecom : PhoneAccountRegistrar: Modify account: [ComponentInfo{com.android.phone/com.android.services.telephony.TelephonyConnectionService}, [5d76fdb08b9af24aa18299fef4e0e805dac3ee08], UserHandle{0}]: TSI.rPA@ACo
02-12 21:43:52.301   931  5157 D ConnectivityService: registerNetworkAgent NetworkAgentInfo{ ni{[type: MOBILE[LTE], state: CONNECTED/CONNECTED, reason: connected, extra: internet, failover: false, available: true, roaming: false]}  network{100}  nethandle{429513165534}  lp{{InterfaceName: rmnet_data0 LinkAddresses: [10.150.2.0/22,]  Routes: [0.0.0.0/0 -> 10.150.2.1 rmnet_data0,10.150.0.0/22 -> 0.0.0.0 rmnet_data0,] DnsAddresses: [94.143.182.1,94.143.182.2,] Domains: null MTU: 1500 TcpBufferSizes: 4094,87380,2560000,4096,16384,1220608}}  nc{[ Transports: CELLULAR Capabilities: SUPL&INTERNET&NOT_RESTRICTED&TRUSTED&NOT_VPN LinkUpBandwidth>=51200Kbps LinkDnBandwidth>=102400Kbps Specifier: <1>]}  Score{10}  everValidated{false}  lastValidated{false}  created{false} lingering{false} explicitlySelected{false} acceptUnvalidated{false} everCaptivePortalDetected{false} lastCaptivePortalDetected{false} clat{null} }
02-12 21:43:52.303   931  2198 D ConnectivityService: NetworkAgentInfo [MOBILE (LTE) - 100] EVENT_NETWORK_INFO_CHANGED, going from null to CONNECTED
02-12 21:43:52.305   931  2198 D ConnectivityService: Adding iface rmnet_data0 to network 100
02-12 21:43:52.309  5066  5066 I TelecomFramework: AccountEntry: Registered phoneAccount: [[ ] PhoneAccount: ComponentInfo{com.android.phone/com.android.services.telephony.TelephonyConnectionService}, [5d76fdb08b9af24aa18299fef4e0e805dac3ee08], UserHandle{0} Capabilities: CallProvider MultiUser PlaceEmerg SimSub  Audio Routes: BESW Schemes: tel voicemail  Extras: Bundle[{android.telecom.extra.SUPPORTS_VIDEO_CALLING_FALLBACK=false}] GroupId: [da39a3ee5e6b4b0d3255bfef95601890afd80709]] with handle: ComponentInfo{com.android.phone/com.android.services.telephony.TelephonyConnectionService}, [5d76fdb08b9af24aa18299fef4e0e805dac3ee08], UserHandle{0}
02-12 21:43:52.309  5066  5066 I TelecomFramework: PstnIncomingCallNotifier: Registering: Handler (com.android.internal.telephony.GsmCdmaPhone) {56e47fc}
02-12 21:43:52.316   931  2198 D ConnectivityService: Setting DNS servers for network 100 to [/94.143.182.1, /94.143.182.2]
02-12 21:43:52.357   931  2198 D ConnectivityService: Switching to new default network: NetworkAgentInfo{ ni{[type: MOBILE[LTE], state: CONNECTED/CONNECTED, reason: connected, extra: internet, failover: false, available: true, roaming: false]}  network{100}  nethandle{429513165534}  lp{{InterfaceName: rmnet_data0 LinkAddresses: [10.150.2.0/22,]  Routes: [0.0.0.0/0 -> 10.150.2.1 rmnet_data0,10.150.0.0/22 -> 0.0.0.0 rmnet_data0,] DnsAddresses: [94.143.182.1,94.143.182.2,] Domains: null MTU: 1500 TcpBufferSizes: 4094,87380,2560000,4096,16384,1220608}}  nc{[ Transports: CELLULAR Capabilities: SUPL&INTERNET&NOT_RESTRICTED&TRUSTED&NOT_VPN&FOREGROUND LinkUpBandwidth>=51200Kbps LinkDnBandwidth>=102400Kbps Specifier: <1>]}  Score{10}  everValidated{false}  lastValidated{false}  created{true} lingering{false} explicitlySelected{false} acceptUnvalidated{false} everCaptivePortalDetected{false} lastCaptivePortalDetected{false} clat{null} }
02-12 21:43:52.360  5066  5066 I TelecomFramework: PstnPhoneCapabilitiesNotifier: handleVideoCapabilitesChanged. Video capability - false
02-12 21:43:52.380   931  1864 D NetworkStats: Resolving plan for NetworkTemplate: matchRule=MOBILE_ALL, subscriberId=202010..., matchSubscriberIds=[202010...]
02-12 21:43:52.383   931  2198 D ConnectivityService: Sending CONNECTED broadcast for type 0 NetworkAgentInfo [MOBILE (LTE) - 100] isDefaultNetwork=true
02-12 21:43:52.387   931  1864 D NetworkStats: Found active matching subId 1
02-12 21:43:52.396   931  1284 I Telecom : PhoneAccountRegistrar: Modify account: [ComponentInfo{com.android.phone/com.android.services.telephony.TelephonyConnectionService}, [5d76fdb08b9af24aa18299fef4e0e805dac3ee08], UserHandle{0}]: TSI.rPA@AC0
02-12 21:43:52.398   931   931 I SyncManager: Loaded persisted syncs: 0 periodic syncs, 0 oneshot syncs, 6 total system server jobs, JobStats: FirstLoad: 0/0/0 LastSave: -1/-1/-1
02-12 21:43:52.403   931  1864 D NetworkStats: Resolved to plan null
02-12 21:43:56.743   931  1032 I WindowManager: ******* TELLING SURFACE FLINGER WE ARE BOOTED!
02-12 21:43:56.749   931  1032 I SystemServiceManager: Starting phase 1000
02-12 21:43:56.760   931  1032 D ActivityManager: Finishing user boot 0
02-12 21:43:56.760   931  1032 I ActivityManager: User 0 state changed from BOOTING to RUNNING_LOCKED
02-12 21:43:56.761   931  1032 D StorageManagerService: Setting property: sys.user.0.ce_available=true
02-12 21:43:56.763   931  1032 I ActivityManager: User 0 state changed from RUNNING_LOCKED to RUNNING_UNLOCKING
02-12 21:43:56.763   931  1032 D CryptdConnector: SND -> {3 cryptfs prepare_user_storage ! 0 0 2}
02-12 21:43:56.764   408   413 D vold    : e4crypt_prepare_user_storage for volume null, user 0, serial 0, flags 2
02-12 21:43:56.764   408   413 D vold    : Preparing: /data/system_ce/0
02-12 21:43:56.764   408   413 D vold    : Preparing: /data/misc_ce/0
02-12 21:43:56.764   408   413 D vold    : Preparing: /data/media/0
02-12 21:43:56.764   408   413 D vold    : Preparing: /data/data
02-12 21:43:56.765   931  1627 D CryptdConnector: RCV <- {200 3 Command succeeded}
02-12 21:43:56.766  5189  5189 W ContextImpl: Calling a method in the system process without a qualified user: android.app.ContextImpl.startActivity:854 android.content.ContextWrapper.startActivity:372 android.content.ContextWrapper.startActivity:372 com.android.settings.deviceinfo.UsbModeChooserReceiver.onReceive:69 android.app.ActivityThread.handleReceiver:3187 
02-12 21:43:56.767  5189  5189 W ContextImpl: Calling a method in the system process without a qualified user: android.app.ContextImpl.startActivity:866 android.app.ContextImpl.startActivity:855 android.content.ContextWrapper.startActivity:372 android.content.ContextWrapper.startActivity:372 com.android.settings.deviceinfo.UsbModeChooserReceiver.onReceive:69 
02-12 21:43:56.767   931  1032 V UserDataPreparer: Found /data/user/0 with serial number 0
02-12 21:43:56.768   931  1032 V UserDataPreparer: Found /data/system_ce/0 with serial number 0
02-12 21:43:56.768   931  1032 V PackageManager: reconcileAppsData for null u0 0x2 migrateAppData=true
02-12 21:43:57.332   931  1032 V PackageManager: reconcileAppsData finished 102 packages
02-12 21:43:57.333   931  1023 I SystemServiceManager: Calling onUnlockUser u0
02-12 21:43:57.336   931  5157 I ActivityManager: START u0 {act=android.intent.action.MAIN cat=[android.intent.category.LAUNCHER] flg=0x10008000 cmp=com.android.settings/.deviceinfo.UsbModeChooserActivity} from uid 1000
02-12 21:43:57.336   931  1023 D BluetoothManagerService: User 0 unlocked
02-12 21:43:57.336   931  1023 D StorageManagerService: onUnlockUser 0
02-12 21:43:57.336   931  1023 D VoldConnector: SND -> {6 volume user_started 0}
02-12 21:43:57.336   931  1031 D BluetoothManagerService: MESSAGE_USER_UNLOCKED
02-12 21:43:57.339   408   412 D vold    : Linking /storage/emulated/0 to /mnt/user/0/primary
02-12 21:43:57.340   931  1626 D VoldConnector: RCV <- {200 6 Command succeeded}
02-12 21:43:57.347   931  1609 D StorageManagerService: Volume emulated broadcasting mounted to UserHandle{0}
02-12 21:43:57.351   931  1023 I BackupManagerService: Instantiating BackupManagerService
02-12 21:43:57.365   931  2198 D ConnectivityService: Got NetworkFactory Messenger for WIFI
02-12 21:43:57.365   931  2198 D ConnectivityService: Got NetworkFactory Messenger for WIFI_UT
02-12 21:43:57.405   931  1023 V BackupManagerService: No ancestral data
02-12 21:43:57.414   931  1023 I BackupManagerService: Package com.google.android.ext.services not installed; dropping from full backup
02-12 21:43:57.414   931  1023 I BackupManagerService: Package com.google.android.onetimeinitializer not installed; dropping from full backup
02-12 21:43:57.415   931  1023 I BackupManagerService: Package com.google.android.gms.policy_sidecar_o not installed; dropping from full backup
02-12 21:43:57.416   931  1023 I BackupManagerService: Package com.google.android.feedback not installed; dropping from full backup
02-12 21:43:57.417   931  1023 I BackupManagerService: Package com.google.android.backuptransport not installed; dropping from full backup
02-12 21:43:57.418   931  1023 I BackupManagerService: Package com.google.android.gms.setup not installed; dropping from full backup
02-12 21:43:57.430   931  1284 I ActivityManager: Start proc 6559:android.process.media/u0a22 for broadcast com.android.providers.downloads/.DownloadReceiver
02-12 21:43:57.436   931  1023 V BackupManagerService: Starting with transport android/com.android.internal.backup.LocalTransport
02-12 21:43:57.437   931  1023 D BackupTransportManager: Binding to transport: android/com.android.internal.backup.LocalTransportService
02-12 21:43:57.440   931  1023 I BackupManagerService: Backup enabled => false
02-12 21:43:57.451   931  1023 W SystemServiceManager: Service com.android.server.backup.BackupManagerService$Lifecycle took 102 ms in onUnlockUser 
02-12 21:43:57.452   931   931 D BackupTransportManager: Bound to transport: android/com.android.internal.backup.LocalTransportService
02-12 21:43:57.453   931  1023 W VoiceInteractionManagerService: no available voice interaction services found for user 0
02-12 21:43:57.453   931  1023 W VoiceInteractionManagerService: no available voice recognition services found for user 0
02-12 21:43:57.454   931  6552 V KeyValueBackupJob: Scheduling k/v pass in 240 minutes
02-12 21:43:57.460   931  1023 D AutofillManagerServiceImpl: Reset component for user 0
02-12 21:43:57.461   931  1023 D AutofillManagerServiceImpl: Reset component for user 0
02-12 21:43:57.461   931  1023 I ActivityManager: Loading recents for user 0 into memory.
02-12 21:43:57.466   931  1024 D AutofillUI: destroySaveUiUiThread(): already destroyed
02-12 21:43:57.482   931  1023 I ActivityManager: Start proc 6581:com.android.nfc/1027 for added application com.android.nfc
02-12 21:43:57.518   931  1023 I ActivityManager: User 0 state changed from RUNNING_UNLOCKING to RUNNING_UNLOCKED
02-12 21:43:57.523   931  1023 I PreBootBroadcaster: Pre-boot of {com.android.managedprovisioning/com.android.managedprovisioning.ota.PreBootListener} for user 0
02-12 21:43:57.555   931  6552 I BackupManagerService: Found stale backup journal, scheduling
02-12 21:43:57.559   931  5157 D PackageManager: Ephemeral installer not found with new action; try old one
02-12 21:43:57.559   931  5157 D PackageManager: Clear ephemeral installer activity
02-12 21:43:57.672   931   931 V NotificationListeners: enabling notification listener for 0: ComponentInfo{com.android.launcher3/com.android.launcher3.notification.NotificationListener}
02-12 21:43:57.737   931   950 I ActivityManager: Start proc 6629:com.android.smspush/u0a79 for service com.android.smspush/.WapPushManager
02-12 21:43:57.742   931   931 V NotificationListeners: binding: Intent { act=android.service.notification.NotificationListenerService cmp=com.android.launcher3/.notification.NotificationListener (has extras) }
02-12 21:43:57.759   931  1030 W AppWidgetServiceImpl: Failed to read state: java.io.FileNotFoundException: /data/system/users/0/appwidgets.xml (No such file or directory)
02-12 21:43:57.759   931  1030 V AppWidgetServiceImpl: Upgrading widget database from 0 to 1
02-12 21:43:57.760   931  1030 I AppWidgetServiceImpl: Async processing of onUserUnlocked u0 took 309 ms
--------- beginning of main
02-12 21:43:57.770  5189  5189 D FallbackHome: User unlocked and real home found; let's go!
02-12 21:43:57.773   931  6572 W ResourceType: No known package when getting value for resource number 0x7f020068
02-12 21:43:57.773   931  6572 W ResourceType: No known package when getting value for resource number 0x7f0e0065
02-12 21:43:57.776   931  6572 W ResourceType: No known package when getting value for resource number 0x7f0200e9
02-12 21:43:57.776   931  6572 W ResourceType: No known package when getting value for resource number 0x7f0f003b
02-12 21:43:57.776   931  6572 I chatty  : uid=1000 system_server identical 1 line
02-12 21:43:57.777   931  6572 W ResourceType: No known package when getting value for resource number 0x7f0f003b
02-12 21:43:57.779  4229  5594 I CameraManagerGlobal: Connecting to camera service
