01-07 07:22:36.808     0     0 I [    0.740221 / 01-01 00:00:00.735][1] [FOTA]: --------------------------------------------------------
01-07 07:22:36.808     0     0 I [    0.740260 / 01-01 00:00:00.735][1] [FOTA]: _SetUAPartitionTable(0 pt) : 3, sbl1, 7080000, 100000
01-07 07:22:36.808   406   406 W vold    : Failed to LOOP_GET_STATUS64 /dev/block/loop6: No such device or address
01-07 07:22:36.808     0     0 I [    0.740300 / 01-01 00:00:00.735][1] [FOTA]: --------------------------------------------------------
01-07 07:22:36.808     0     0 I [    0.740340 / 01-01 00:00:00.735][1] [FOTA]: --------------------------------------------------------
01-07 07:22:36.808     0     0 I [    0.740379 / 01-01 00:00:00.735][1] [FOTA]: _SetUAPartitionTable(0 pt) : 4, sdi, 7280000, 80000
01-07 07:22:36.808     0     0 I [    0.740419 / 01-01 00:00:00.735][1] [FOTA]: --------------------------------------------------------
01-07 07:22:36.808   406   406 W vold    : Failed to LOOP_GET_STATUS64 /dev/block/loop2: No such device or address
01-07 07:22:36.808     0     0 I [    0.740459 / 01-01 00:00:00.735][1] [FOTA]: --------------------------------------------------------
01-07 07:22:36.808     0     0 I [    0.740496 / 01-01 00:00:00.735][1] [FOTA]: _SetUAPartitionTable(0 pt) : 5, hyp, 7300000, 80000
01-07 07:22:36.808   406   406 W vold    : Failed to LOOP_GET_STATUS64 /dev/block/loop4: No such device or address
01-07 07:22:36.808     0     0 I [    0.740536 / 01-01 00:00:00.735][1] [FOTA]: --------------------------------------------------------
01-07 07:22:36.808     0     0 I [    0.740576 / 01-01 00:00:00.735][1] [FOTA]: --------------------------------------------------------
01-07 07:22:36.808     0     0 I [    0.740614 / 01-01 00:00:00.735][1] [FOTA]: _SetUAPartitionTable(0 pt) : 6, pmic, 7000000, 80000
01-07 07:22:36.808   406   406 W vold    : Failed to LOOP_GET_STATUS64 /dev/block/loop0: No such device or address
01-07 07:22:36.808     0     0 I [    0.740655 / 01-01 00:00:00.735][1] [FOTA]: --------------------------------------------------------
01-07 07:22:36.808     0     0 I [    0.740695 / 01-01 00:00:00.735][1] [FOTA]: --------------------------------------------------------
01-07 07:22:36.808   406   406 W vold    : Failed to LOOP_GET_STATUS64 /dev/block/loop5: No such device or address
01-07 07:22:36.808     0     0 I [    0.740739 / 01-01 00:00:00.735][1] [FOTA]: _SetUAPartitionTable(0 pt) : 7, raw_resources, 1a800000, 400000
01-07 07:22:36.808     0     0 I [    0.740779 / 01-01 00:00:00.735][1] [FOTA]: --------------------------------------------------------
01-07 07:22:36.808     0     0 I [    0.740820 / 01-01 00:00:00.735][1] [FOTA]: --------------------------------------------------------
01-07 07:22:36.808   406   406 W vold    : Failed to LOOP_GET_STATUS64 /dev/block/loop7: No such device or address
01-07 07:22:36.808     0     0 I [    0.740859 / 01-01 00:00:00.735][1] [FOTA]: _SetUAPartitionTable(0 pt) : 8, aboot, 7400000, 200000
01-07 07:22:36.808     0     0 I [    0.740900 / 01-01 00:00:00.735][1] [FOTA]: --------------------------------------------------------
01-07 07:22:36.808   406   406 W vold    : Failed to LOOP_GET_STATUS64 /dev/block/loop1: No such device or address
01-07 07:22:36.808     0     0 I [    0.740940 / 01-01 00:00:00.735][1] [FOTA]: --------------------------------------------------------
01-07 07:22:36.808     0     0 I [    0.740980 / 01-01 00:00:00.735][1] [FOTA]: _SetUAPartitionTable(0 pt) : 9, boot, f000000, 2800000
01-07 07:22:36.808     0     0 I [    0.741021 / 01-01 00:00:00.735][1] [FOTA]: --------------------------------------------------------
01-07 07:22:36.808   406   406 W vold    : Failed to LOOP_GET_STATUS64 /dev/block/loop3: No such device or address
01-07 07:22:36.808     0     0 I [    0.741061 / 01-01 00:00:00.735][1] [FOTA]: --------------------------------------------------------
01-07 07:22:36.808     0     0 I [    0.741104 / 01-01 00:00:00.735][1] [FOTA]: _SetUAPartitionTable(0 pt) : 10, recovery, 11800000, 2800000
01-07 07:22:36.808     0     0 I [    0.741144 / 01-01 00:00:00.735][1] [FOTA]: --------------------------------------------------------
01-07 07:22:36.808     0     0 I [    0.741184 / 01-01 00:00:00.735][1] [FOTA]: --------------------------------------------------------
01-07 07:22:36.808     0     0 I [    0.741223 / 01-01 00:00:00.735][1] [FOTA]: _SetUAPartitionTable(0 pt) : 11, laf, c000000, 3000000
01-07 07:22:36.808     0     0 I [    0.741263 / 01-01 00:00:00.735][1] [FOTA]: --------------------------------------------------------
01-07 07:22:36.808     0     0 I [    0.741303 / 01-01 00:00:00.735][1] [FOTA]: --------------------------------------------------------
01-07 07:22:36.808     0     0 I [    0.741345 / 01-01 00:00:00.735][1] [FOTA]: _SetUAPartitionTable(0 pt) : 12, factory, 17000000, 2e00000
01-07 07:22:36.808     0     0 I [    0.741385 / 01-01 00:00:00.735][1] [FOTA]: --------------------------------------------------------
01-07 07:22:36.808     0     0 I [    0.741425 / 01-01 00:00:00.735][1] [FOTA]: --------------------------------------------------------
01-07 07:22:36.808     0     0 I [    0.741465 / 01-01 00:00:00.735][1] [FOTA]: _SetUAPartitionTable(0 pt) : 16, fota, 19e00000, a00000
01-07 07:22:36.808     0     0 I [    0.741505 / 01-01 00:00:00.735][1] [FOTA]: --------------------------------------------------------
01-07 07:22:36.808     0     0 I [    0.741545 / 01-01 00:00:00.735][1] [FOTA]: --------------------------------------------------------
01-07 07:22:36.808     0     0 I [    0.741586 / 01-01 00:00:00.735][1] [FOTA]: _SetUAPartitionTable(0 pt) : 17, pmicbak, 7700000, 80000
01-07 07:22:36.808     0     0 I [    0.741628 / 01-01 00:00:00.735][1] [FOTA]: --------------------------------------------------------
01-07 07:22:36.808     0     0 I [    0.741668 / 01-01 00:00:00.735][1] [FOTA]: --------------------------------------------------------
01-07 07:22:36.808     0     0 I [    0.741708 / 01-01 00:00:00.735][1] [FOTA]: _SetUAPartitionTable(0 pt) : 18, tzbak, 7780000, 100000
01-07 07:22:36.808     0     0 I [    0.741749 / 01-01 00:00:00.735][1] [FOTA]: --------------------------------------------------------
01-07 07:22:36.808     0     0 I [    0.741789 / 01-01 00:00:00.735][1] [FOTA]: --------------------------------------------------------
01-07 07:22:36.808     0     0 I [    0.741828 / 01-01 00:00:00.735][1] [FOTA]: _SetUAPartitionTable(0 pt) : 19, rpmbak, 7900000, 80000
01-07 07:22:36.808     0     0 I [    0.741869 / 01-01 00:00:00.735][1] [FOTA]: --------------------------------------------------------
01-07 07:22:36.808     0     0 I [    0.741909 / 01-01 00:00:00.735][1] [FOTA]: --------------------------------------------------------
01-07 07:22:36.808     0     0 I [    0.741951 / 01-01 00:00:00.735][1] [FOTA]: _SetUAPartitionTable(0 pt) : 20, sbl1bak, 7600000, 100000
01-07 07:22:36.808     0     0 I [    0.741991 / 01-01 00:00:00.735][1] [FOTA]: --------------------------------------------------------
01-07 07:22:36.808     0     0 I [    0.742031 / 01-01 00:00:00.735][1] [FOTA]: --------------------------------------------------------
01-07 07:22:36.808     0     0 I [    0.742070 / 01-01 00:00:00.735][1] [FOTA]: _SetUAPartitionTable(0 pt) : 21, hypbak, 7880000, 80000
01-07 07:22:36.808     0     0 I [    0.742110 / 01-01 00:00:00.735][1] [FOTA]: --------------------------------------------------------
01-07 07:22:36.808     0     0 I [    0.742149 / 01-01 00:00:00.735][1] [FOTA]: --------------------------------------------------------
01-07 07:22:36.808     0     0 I [    0.742189 / 01-01 00:00:00.735][1] [FOTA]: _SetUAPartitionTable(0 pt) : 22, sdibak, 7b80000, 80000
01-07 07:22:36.808     0     0 I [    0.742230 / 01-01 00:00:00.735][1] [FOTA]: --------------------------------------------------------
01-07 07:22:36.808     0     0 I [    0.742270 / 01-01 00:00:00.735][1] [FOTA]: --------------------------------------------------------
01-07 07:22:36.808     0     0 I [    0.742315 / 01-01 00:00:00.735][1] [FOTA]: _SetUAPartitionTable(0 pt) : 23, raw_resourcesbak, 1ac00000, 400000
01-07 07:22:36.808     0     0 I [    0.742355 / 01-01 00:00:00.735][1] [FOTA]: --------------------------------------------------------
01-07 07:22:36.808     0     0 I [    0.742395 / 01-01 00:00:00.735][1] [FOTA]: --------------------------------------------------------
01-07 07:22:36.808     0     0 I [    0.742436 / 01-01 00:00:00.735][1] [FOTA]: _SetUAPartitionTable(0 pt) : 24, abootbak, 7980000, 200000
01-07 07:22:36.808     0     0 I [    0.742476 / 01-01 00:00:00.735][1] [FOTA]: --------------------------------------------------------
01-07 07:22:36.808     0     0 I [    0.742507 / 01-01 00:00:00.735][1] [FOTA]: _InitUSDAddress : 10f00000, 10f60000
01-07 07:22:36.808     0     0 I [    0.742532 / 01-01 00:00:00.735][1] [FOTA]: _CheckUSDMagic : no match
01-07 07:22:36.808     0     0 I [    0.742557 / 01-01 00:00:00.735][1] [FOTA]: _CheckUSDMagic : no match
01-07 07:22:36.809     0     0 I         : [    0.742574 / 01-01 00:00:00.735][1] [560] get_qem = 0
01-07 07:22:36.809     0     0 I         : [    0.742594 / 01-01 00:00:00.735][1] [560] Enter normal mode
01-07 07:22:36.809     0     0 I         : [    0.742617 / 01-01 00:00:00.735][1] [560] boot from boot partition
01-07 07:22:36.809     0     0 I         : [    0.742638 / 01-01 00:00:00.735][1] [560] Device is unlocked!
01-07 07:22:36.809     0     0 I         : [    0.742667 / 01-01 00:00:00.735][1] [560] Loading boot image (25923584): start
01-07 07:22:36.809     0     0 I         : [    0.742696 / 01-01 00:00:00.735][1] [660] Loading boot image (25923584): done
01-07 07:22:36.809     0     0 I         : [    0.742731 / 01-01 00:00:00.735][1] [660] use_signed_kernel=1, is_unlocked=1, is_tampered=0.
01-07 07:22:36.809     0     0 I         : [    0.742758 / 01-01 00:00:00.735][1] [660] gpt_integrity :   34-persistent
01-07 07:22:36.809     0     0 I         : [    0.742781 / 01-01 00:00:00.735][1] [660] gpt_integrity :   21-misc
01-07 07:22:36.809     0     0 I         : [    0.742814 / 01-01 00:00:00.735][1] [660] Authenticating /boot image (25923584): start
01-07 07:22:36.809     0     0 I         : [    0.742847 / 01-01 00:00:00.735][1] [660] boot_verifier: Device is in ORANGE boot state.
01-07 07:22:36.809     0     0 I         : [    0.742878 / 01-01 00:00:00.735][1] [660] boot_verifier: Skipping boot verification.
01-07 07:22:36.809     0     0 I         : [    0.742913 / 01-01 00:00:00.735][1] [660] boot_verifier: Device is in ORANGE boot state.
01-07 07:22:36.809     0     0 I         : [    0.742948 / 01-01 00:00:00.735][1] [660] Authenticating boot image: done return value = 0
01-07 07:22:36.809     0     0 I         : [    0.742981 / 01-01 00:00:00.735][1] [660] [CCAudit] Authenticating boot image: Success
01-07 07:22:36.809     0     0 I         : [    0.743077 / 01-01 00:00:00.739][1] [660] partition size, image size, round size : 4194304, 3995420, 3995648
01-07 07:22:36.809     0     0 I         : [    0.743100 / 01-01 00:00:00.739][1] [800] Raw resources verified.
01-07 07:22:36.809     0     0 I         : [    0.743144 / 01-01 00:00:00.739][1] [800] display_boot_state : verifiedboot_orange_01, verifiedboot_orange_02,
01-07 07:22:36.809   406   406 I vold    : [libfs_mgr]fs_mgr_read_fstab_dt(): failed to read fstab from dt
01-07 07:22:36.809     0     0 I         : [    0.743179 / 01-01 00:00:00.739][1] [890] read_image_info_from_emmc: total_image_num (41)
01-07 07:22:36.809     0     0 I         : [    0.743215 / 01-01 00:00:00.739][1] [900] get_image_info: Finding image verifiedboot_orange_01
01-07 07:22:36.809     0     0 I         : [    0.743249 / 01-01 00:00:00.739][1] [900] get_image_info: img_info[0].name lglogo_image
01-07 07:22:36.809     0     0 I         : [    0.743287 / 01-01 00:00:00.739][1] [900] get_image_info: img_info[1].name powered_android_image
01-07 07:22:36.809     0     0 I         : [    0.743324 / 01-01 00:00:00.739][1] [900] get_image_info: img_info[2].name quick_lglogo_image
01-07 07:22:36.809     0     0 I         : [    0.743361 / 01-01 00:00:00.739][1] [900] get_image_info: img_info[3].name load_charger_image
01-07 07:22:36.809     0     0 I         : [    0.743392 / 01-01 00:00:00.739][1] [900] get_image_info: img_info[4].name recovery
01-07 07:22:36.809     0     0 I         : [    0.743427 / 01-01 00:00:00.739][1] [900] get_image_info: img_info[5].name backup_restore
01-07 07:22:36.809     0     0 I         : [    0.743458 / 01-01 00:00:00.739][1] [900] get_image_info: img_info[6].name loading
01-07 07:22:36.809     0     0 I         : [    0.743491 / 01-01 00:00:00.739][1] [900] get_image_info: img_info[7].name downloadmode
01-07 07:22:36.809     0     0 I         : [    0.743527 / 01-01 00:00:00.739][1] [900] get_image_info: img_info[8].name factory_reset_image
01-07 07:22:36.809     0     0 I         : [    0.743568 / 01-01 00:00:00.739][1] [900] get_image_info: img_info[9].name factory_reset_1st_line_image
01-07 07:22:36.809     0     0 I         : [    0.743611 / 01-01 00:00:00.739][1] [900] get_image_info: img_info[10].name factory_reset_2nd_line_image
01-07 07:22:36.809     0     0 I         : [    0.743652 / 01-01 00:00:00.739][1] [900] get_image_info: img_info[11].name factory_reset_no_1st_image
01-07 07:22:36.809     0     0 I         : [    0.743693 / 01-01 00:00:00.739][1] [900] get_image_info: img_info[12].name factory_reset_yes_1st_image
01-07 07:22:36.809     0     0 I         : [    0.743734 / 01-01 00:00:00.739][1] [900] get_image_info: img_info[13].name factory_reset_no_2nd_image
01-07 07:22:36.809     0     0 I         : [    0.743775 / 01-01 00:00:00.739][1] [900] get_image_info: img_info[14].name factory_reset_yes_2nd_image
01-07 07:22:36.809     0     0 I         : [    0.743814 / 01-01 00:00:00.739][1] [900] get_image_info: img_info[15].name factory_reset_1_1_image
01-07 07:22:36.809     0     0 I         : [    0.743853 / 01-01 00:00:00.739][1] [900] get_image_info: img_info[16].name factory_reset_1_2_image
01-07 07:22:36.809     0     0 I         : [    0.743888 / 01-01 00:00:00.739][1] [900] get_image_info: img_info[17].name kswitch_factory
01-07 07:22:36.809     0     0 I         : [    0.743923 / 01-01 00:00:00.739][1] [900] get_image_info: img_info[18].name kswitch_dload
01-07 07:22:36.809     0     0 I         : [    0.743961 / 01-01 00:00:00.739][1] [900] get_image_info: img_info[19].name system_recovery_image
01-07 07:22:36.809     0     0 I         : [    0.744001 / 01-01 00:00:00.739][1] [900] get_image_info: img_info[20].name system_recovery_menu_image
01-07 07:22:36.809     0     0 I         : [    0.744045 / 01-01 00:00:00.739][1] [900] get_image_info: img_info[21].name system_recovery_continue_image
01-07 07:22:36.809     0     0 I         : [    0.744088 / 01-01 00:00:00.739][1] [900] get_image_info: img_info[22].name system_recovery_wipecache_image
01-07 07:22:36.809     0     0 I         : [    0.744134 / 01-01 00:00:00.739][1] [900] get_image_info: img_info[23].name system_recovery_factoryreset_image
01-07 07:22:36.809     0     0 I         : [    0.744177 / 01-01 00:00:00.739][1] [900] get_image_info: img_info[24].name system_recovery_powerdown_image
01-07 07:22:36.809     0     0 I         : [    0.744221 / 01-01 00:00:00.739][1] [900] get_image_info: img_info[25].name system_recovery_safemode_image
01-07 07:22:36.809     0     0 I         : [    0.744263 / 01-01 00:00:00.739][1] [900] get_image_info: img_info[26].name system_recovery_usbmode_image
01-07 07:22:36.809     0     0 I         : [    0.744307 / 01-01 00:00:00.739][1] [900] get_image_info: img_info[27].name system_recovery_safemode_image
01-07 07:22:36.809     0     0 I         : [    0.744346 / 01-01 00:00:00.739][1] [900] get_image_info: img_info[28].name LGE_PM_NO_BATTERY_ANI_01
01-07 07:22:36.809     0     0 I         : [    0.744386 / 01-01 00:00:00.739][1] [900] get_image_info: img_info[29].name LGE_PM_NO_BATTERY_ANI_02
01-07 07:22:36.809     0     0 I         : [    0.744422 / 01-01 00:00:00.739][1] [900] get_image_info: img_info[30].name LGE_PM_NO_BATTERY
01-07 07:22:36.809     0     0 I         : [    0.744459 / 01-01 00:00:00.739][1] [900] get_image_info: img_info[31].name LGE_PM_NO_CHARGER
01-07 07:22:36.809     0     0 I         : [    0.744499 / 01-01 00:00:00.739][1] [900] get_image_info: img_info[32].name LGE_PM_WEAK_CHARGING_OFF
01-07 07:22:36.809     0     0 I         : [    0.744538 / 01-01 00:00:00.739][1] [900] get_image_info: img_info[33].name LGE_PM_WEAK_CHARGING_ON
01-07 07:22:36.809     0     0 I         : [    0.744573 / 01-01 00:00:00.739][1] [900] get_image_info: img_info[34].name imei_main_image
01-07 07:22:36.809     0     0 I         : [    0.744609 / 01-01 00:00:00.739][1] [900] get_image_info: img_info[35].name imei_guide_image
01-07 07:22:36.809     0     0 I         : [    0.744644 / 01-01 00:00:00.739][1] [900] get_image_info: img_info[36].name system_errlogo
01-07 07:22:36.809     0     0 I         : [    0.744681 / 01-01 00:00:00.739][1] [900] get_image_info: img_info[37].name verifiedboot_red_01
01-07 07:22:36.809     0     0 I         : [    0.744718 / 01-01 00:00:00.739][1] [900] get_image_info: img_info[38].name verifiedboot_red_02
01-07 07:22:36.809     0     0 I         : [    0.744756 / 01-01 00:00:00.739][1] [900] get_image_info: img_info[39].name verifiedboot_orange_01
01-07 07:22:36.809     0     0 I         : [    0.744795 / 01-01 00:00:00.739][1] [980] display_boot_state: decompress time:0 key rel:0 paused:0
01-07 07:22:36.809     0     0 I         : [    0.744814 / 01-01 00:00:00.739][1] [6130] Not a gzip file
01-07 07:22:36.809     0     0 I         : [    0.744843 / 01-01 00:00:00.739][1] [6150] DTB Total entry: 10, DTB version: 3
01-07 07:22:36.809     0     0 I         : [    0.744901 / 01-01 00:00:00.739][1] [6150] Using DTB entry 0x000000fb/00000000/0x00000b64/0 for device 0x000000fb/00010000/0x00000b64/0
01-07 07:22:36.809     0     0 I         : [    0.744949 / 01-01 00:00:00.739][1] [6150] Using pmic info 0x10009/0x1000a/0x0/0x0 for device 0x20009/0x2000a/0x0/0x0
01-07 07:22:36.809     0     0 I         : [    0.744975 / 01-01 00:00:00.739][1] [6150] ksut_global_msm8992 is loaded
01-07 07:22:36.809     0     0 I         : [    0.744993 / 01-01 00:00:00.739][1] [6150] No unlock key!
01-07 07:22:36.809     0     0 I         : [    0.745029 / 01-01 00:00:00.739][1] [6150] [CCAudit] Enter the boot_linux for kernel startup,,,
01-07 07:22:36.809     0     0 I         : [    0.745053 / 01-01 00:00:00.739][1] [6150] bootcmd: lge.rev=rev_10
01-07 07:22:36.809     0     0 I         : [    0.745077 / 01-01 00:00:00.739][1] [6150] bootcmd: model.name=LG-H815
01-07 07:22:36.809     0     0 I         : [    0.745100 / 01-01 00:00:00.739][1] [6150] bootcmd: lge.sim_num=1
01-07 07:22:36.809     0     0 I         : [    0.745126 / 01-01 00:00:00.739][1] [6150] bootcmd: lge.battid=ISL6296_L
01-07 07:22:36.809     0     0 I         : [    0.745158 / 01-01 00:00:00.739][1] [6150] bootcmd: lge.bootreason=Reboot_by_PowerKey
01-07 07:22:36.809     0     0 I         : [    0.745178 / 01-01 00:00:00.739][1] [6150] bootcmd: maxcpus
01-07 07:22:36.809     0     0 I         : [    0.745201 / 01-01 00:00:00.739][1] [6150] bootcmd: boot_cpus=0-3
01-07 07:22:36.809     0     0 I         : [    0.745221 / 01-01 00:00:00.739][1] [6150] bootcmd: kswitch
01-07 07:22:36.809     0     0 I         : [    0.745241 / 01-01 00:00:00.739][1] [6150] bootcmd: cc_mode=0
01-07 07:22:36.809     0     0 I         : [    0.745274 / 01-01 00:00:00.739][1] [6150] bootcmd: androidboot.bl_unlock_complete=true
01-07 07:22:36.809     0     0 I         : [    0.745302 / 01-01 00:00:00.739][1] [6150] bootcmd: androidboot.dlcomplete=0
01-07 07:22:36.810     0     0 I         : [    0.745319 / 01-01 00:00:00.739][1] [6150] bootcmd: gpt
01-07 07:22:36.810     0     0 I         : [    0.745345 / 01-01 00:00:00.739][1] [6150] bootcmd: bootcable.type=400MA
01-07 07:22:36.810     0     0 I         : [    0.745375 / 01-01 00:00:00.739][1] [6150] bootcmd: androidboot.ddr_size=3221225472
01-07 07:22:36.810     0     0 I         : [    0.745406 / 01-01 00:00:00.739][1] [6150] bootcmd: androidboot.ddr_info=0x3b000206
01-07 07:22:36.810     0     0 I         : [    0.745431 / 01-01 00:00:00.739][1] [6150] bootcmd: fakebattery=disable
01-07 07:22:36.810     0     0 I         : [    0.745462 / 01-01 00:00:00.739][1] [6150] bootcmd: lge.bootreasoncode=0x77665501
01-07 07:22:36.810     0     0 I         : [    0.745485 / 01-01 00:00:00.739][1] [6150] bootcmd: lge.hreset=off
01-07 07:22:36.810     0     0 I         : [    0.745508 / 01-01 00:00:00.739][1] [6150] bootcmd: lge.dsds=none
01-07 07:22:36.810     0     0 I         : [    0.745535 / 01-01 00:00:00.739][1] [6150] bootcmd: androidboot.revision=11
01-07 07:22:36.810     0     0 I         : [    0.745562 / 01-01 00:00:00.739][1] [6150] bootcmd: fips_allow_others=1
01-07 07:22:36.810     0     0 I         : [    0.745583 / 01-01 00:00:00.739][1] [6150] bootcmd: fips_panic=0
01-07 07:22:36.810     0     0 I         : [    0.745602 / 01-01 00:00:00.739][1] [6150] bootcmd: fips=0
01-07 07:22:36.810     0     0 I         : [    0.745628 / 01-01 00:00:00.739][1] [6150] bootcmd: lge.signed_image=false
01-07 07:22:36.810     0     0 I         : [    0.745662 / 01-01 00:00:00.739][1] [6150] bootcmd: androidboot.verifiedbootstate=orange
01-07 07:22:36.810     0     0 I         : [    0.745691 / 01-01 00:00:00.739][1] [6150] pm8x41_get_is_cold_boot: Warm boot
01-07 07:22:36.810     0     0 I         : [    0.745733 / 01-01 00:00:00.739][1] [6150] target_pause_for_battery_charge : pon_reason is 32 cold_boot:0
01-07 07:22:36.810     0     0 I         : [    0.745756 / 01-01 00:00:00.739][1] [6150] PON_PON_PBL_STATUS:0xc0
01-07 07:22:36.810     0     0 I         : [    0.745778 / 01-01 00:00:00.739][1] [6150] PON_PON_REASON1:0x20
01-07 07:22:36.810     0     0 I         : [    0.745803 / 01-01 00:00:00.739][1] [6150] PON_WARM_RESET_REASON1:0x2
01-07 07:22:36.810     0     0 I         : [    0.745827 / 01-01 00:00:00.739][1] [6150] PON_WARM_RESET_REASON2:0x0
01-07 07:22:36.810     0     0 I         : [    0.745849 / 01-01 00:00:00.739][1] [6150] PON_POFF_REASON1:0x0
01-07 07:22:36.810     0     0 I         : [    0.745870 / 01-01 00:00:00.739][1] [6150] PON_POFF_REASON2:0x0
01-07 07:22:36.810     0     0 I         : [    0.745894 / 01-01 00:00:00.739][1] [6150] PON_SOFT_RESET_REASON1:0x0
01-07 07:22:36.810     0     0 I         : [    0.745918 / 01-01 00:00:00.739][1] [6150] PON_SOFT_RESET_REASON2:0x0
01-07 07:22:36.810     0     0 I         : [    0.745941 / 01-01 00:00:00.739][1] [6150] TEMP_ALARM_STATUS1:0x80
01-07 07:22:36.810     0     0 I         : [    0.745968 / 01-01 00:00:00.739][1] [6150] SMBCHG_USB_CHGPTH_INT_RT_STS:0x4
01-07 07:22:36.810     0     0 I         : [    0.746130 / 01-01 00:00:00.739][1] [6150] cmdline: console=ttyHSL0,115200,n8 androidboot.console=ttyHSL0 androidboot.hardware=qcom user_debug=31 ehci-hcd.park=3 lpm_levels.sleep_disabled=1 msm_rtb.filter=0x37 boot_cpus=0-5 buildvariant=userdebug lge.rev=rev_10 model.name=LG-H815 lge.sim_num=1 lge[6150] bootcmd_list_deinit : remove all bootcmd_arg
01-07 07:22:36.810     0     0 I         : [    0.746156 / 01-01 00:00:00.739][1] [6150] Updating device tree: start
01-07 07:22:36.810     0     0 I         : [    0.746180 / 01-01 00:00:00.739][1] [6170] Updating device tree: done
01-07 07:22:36.810     0     0 I         : [    0.746201 / 01-01 00:00:00.739][1] [6170] Channel alloc freed
01-07 07:22:36.810     0     0 I         : [    0.746226 / 01-01 00:00:00.739][1] [6180] Turn off MIPI_CMD_PANEL.
01-07 07:22:36.810     0     0 I         : [    0.746260 / 01-01 00:00:00.739][1] [6180] Continuous splash enabled, keeping panel alive.
01-07 07:22:36.810     0     0 I         : [    0.746314 / 01-01 00:00:00.739][1] [6180] booting linux @ 0x80000, ramdisk @ 0x2200000 (2066124), tags/device tree @ 0x2000000
01-07 07:22:36.810     0     0 I         : [    0.746339 / 01-01 00:00:00.739][1] [6180] Jumping to kernel via monitor
01-07 07:22:36.810     0     0 I         : [    0.746347 / 01-01 00:00:00.739][1]
01-07 07:22:36.810     0     0 I [    0.746356 / 01-01 00:00:00.739][1] bootlog_probe: token           (null)
01-07 07:22:36.810     0     0 I         : [    0.746364 / 01-01 00:00:00.739][1] -------------------------------------------------
01-07 07:22:36.810     0     0 W         : [    0.746378 / 01-01 00:00:00.739][1] Trying to free nonexistent resource <000000000ffc0000-000000000ffdffff>
01-07 07:22:36.810     0     0 I [    0.749789 / 01-01 00:00:00.743][1] [QFUSE]lge_qfprom_probe: qfprom init
01-07 07:22:36.810     0     0 E [    0.752199 / 01-01 00:00:00.747][0] sps: BAM device 0x00000000f9944000 is not registered yet.
01-07 07:22:36.810     0     0 I [    0.752230 / 01-01 00:00:00.747][0] sps: BAM 0x00000000f9944000 is registered.
01-07 07:22:36.810     0     0 I [    0.754498 / 01-01 00:00:00.747][0] f995e000.uart: ttyHS0 at MMIO 0xf995e000 (irq = 146) is a MSM HS UART
01-07 07:22:36.810     0     0 I [    0.757735 / 01-01 00:00:00.751][1] msm_serial_hsl_probe: detected port #0 (ttyHSL0)
01-07 07:22:36.810     0     0 E [    0.757791 / 01-01 00:00:00.751][1] AXI: get_pdata(): Error: Client name not found
01-07 07:22:36.810     0     0 E [    0.757801 / 01-01 00:00:00.751][1] AXI: msm_bus_cl_get_pdata(): client has to provide missing entry for successful registration
01-07 07:22:36.810     0     0 E [    0.757810 / 01-01 00:00:00.751][1] msm_serial_hsl_probe: Bus scaling is disabled
01-07 07:22:36.810     0     0 I [    0.757903 / 01-01 00:00:00.751][1] f991e000.serial: ttyHSL0 at MMIO 0xf991e000 (irq = 140) is a MSM
01-07 07:22:36.810     0     0 I [    0.758773 / 01-01 00:00:00.751][1] msm_serial_hsl_probe: detected port #1 (ttyHSL1)
01-07 07:22:36.810     0     0 E [    0.758810 / 01-01 00:00:00.751][1] AXI: get_pdata(): Error: Client name not found
01-07 07:22:36.810     0     0 E [    0.758819 / 01-01 00:00:00.751][1] AXI: msm_bus_cl_get_pdata(): client has to provide missing entry for successful registration
01-07 07:22:36.810     0     0 E [    0.758827 / 01-01 00:00:00.751][1] msm_serial_hsl_probe: Bus scaling is disabled
01-07 07:22:36.810     0     0 I [    0.758879 / 01-01 00:00:00.751][1] f9961000.serial: ttyHSL1 at MMIO 0xf9961000 (irq = 149) is a MSM
01-07 07:22:36.810     0     0 I [    0.759494 / 01-01 00:00:00.755][1] msm_serial_hsl_init: driver initialized
01-07 07:22:36.810     0     0 I         : [    0.765132 / 01-01 00:00:00.759][0] lge_bypass_init
01-07 07:22:36.810     0     0 I [    0.765208 / 01-01 00:00:00.759][0] lge_bypass_init: success
01-07 07:22:36.810     0     0 I [    0.765217 / 01-01 00:00:00.759][0] DM_APP: lge_dm_tty_init
01-07 07:22:36.810   406   406 D vold    : VoldNativeService::start() completed OK
01-07 07:22:36.810     0     0 I         : [    0.771922 / 01-01 00:00:00.767][0] kgsl kgsl-3d0: Initialized kgsl-3d0: mmu=on
01-07 07:22:36.810     0     0 W         : [    0.774147 / 01-01 00:00:00.767][0] Boeffla WL blocker: driver version 1.1.0 started
01-07 07:22:36.810     0     0 I [    0.777365 / 01-01 00:00:00.771][0] brd: module loaded
01-07 07:22:36.810     0     0 I [    0.779013 / 01-01 00:00:00.775][0] loop: module loaded
01-07 07:22:36.810     0     0 I [    0.779325 / 01-01 00:00:00.775][0] zram: Created 1 device(s)
01-07 07:22:36.810     0     0 E [    0.779973 / 01-01 00:00:00.775][0] QSEECOM: qseecom_probe: qseecom.qsee_version = 0x800000
01-07 07:22:36.810     0     0 W [    0.780004 / 01-01 00:00:00.775][0] QSEECOM: qseecom_probe: disk-encrypt-pipe-pair=0x2
01-07 07:22:36.810     0     0 W [    0.780012 / 01-01 00:00:00.775][0] QSEECOM: qseecom_probe: Device does not support PFEQSEECOM: qseecom_probe: qsee-ce-hw-instance=0x0
01-07 07:22:36.810     0     0 I [    0.780028 / 01-01 00:00:00.775][0] QSEECOM: qseecom_probe: qseecom.appsbl_qseecom_support = 0x0QSEECOM: qseecom_probe: no-clock-support=0x1
01-07 07:22:36.810     0     0 W [    0.780056 / 01-01 00:00:00.775][0] QSEECOM: qseecom_probe: secure app region addr=0x6500000 size=0x500000
01-07 07:22:36.810     0     0 W [    0.781861 / 01-01 00:00:00.775][0] QSEECOM: qseecom_probe: qseecom.whitelist_support = 1
01-07 07:22:36.810     0     0 I [    0.785230 / 01-01 00:00:00.779][0] IrRC: uei,reset-gpio: 889
01-07 07:22:36.810     0     0 I         : [    0.786488 / 01-01 00:00:00.779][0] appsport_probe
01-07 07:22:36.810     0     0 W [    0.787181 / 01-01 00:00:00.783][0] i2c-core: driver [tabla-i2c-core] using legacy suspend method
01-07 07:22:36.810     0     0 W [    0.787192 / 01-01 00:00:00.783][0] i2c-core: driver [tabla-i2c-core] using legacy resume method
01-07 07:22:36.810     0     0 W [    0.787256 / 01-01 00:00:00.783][0] i2c-core: driver [wcd9xxx-i2c-core] using legacy suspend method
01-07 07:22:36.811     0     0 W [    0.787264 / 01-01 00:00:00.783][0] i2c-core: driver [wcd9xxx-i2c-core] using legacy resume method
01-07 07:22:36.811     0     0 I         : [    0.787335 / 01-01 00:00:00.783][0] p1_dsv_probe start
01-07 07:22:36.811     0     0 I         : [    0.787660 / 01-01 00:00:00.783][0] Loading PN547 driver
01-07 07:22:36.811     0     0 I [    0.787725 / 01-01 00:00:00.783][2] pn547: Start async init
01-07 07:22:36.811     0     0 I [    0.788313 / 01-01 00:00:00.783][2] pn547: pn547_probe() start
01-07 07:22:36.811     0     0 I [    0.788394 / 01-01 00:00:00.783][2] pn547: IRQ : 907
01-07 07:22:36.811     0     0 I [    0.788394 / 01-01 00:00:00.783][2] VEN: 908
01-07 07:22:36.811     0     0 I [    0.788394 / 01-01 00:00:00.783][2] FIRM: 917
01-07 07:22:36.811     0     0 I [    0.788510 / 01-01 00:00:00.783][2] pn547_probe: requesting IRQ 504
01-07 07:22:36.811     0     0 I [    0.788700 / 01-01 00:00:00.783][2] pn547: pn547_probe() end
01-07 07:22:36.811     0     0 I [    0.788738 / 01-01 00:00:00.783][2] pn547: Loading PN547 driver Success!
01-07 07:22:36.811     0     0 I         : [    0.789146 / 01-01 00:00:00.783][0] qce fd440000.qcedev: Qualcomm Crypto 5.3.0 device found @0xfd440000
01-07 07:22:36.811     0     0 I         : [    0.789163 / 01-01 00:00:00.783][0] qce fd440000.qcedev: CE device = 0x0
01-07 07:22:36.811     0     0 I         : [    0.789163 / 01-01 00:00:00.783][0] , IO base, CE = 0xffffff80017c0000
01-07 07:22:36.811     0     0 I         : [    0.789163 / 01-01 00:00:00.783][0] , Consumer (IN) PIPE 2,    Producer (OUT) PIPE 3
01-07 07:22:36.811     0     0 I         : [    0.789163 / 01-01 00:00:00.783][0] IO base BAM = 0x          (null)
01-07 07:22:36.811     0     0 I         : [    0.789163 / 01-01 00:00:00.783][0] BAM IRQ 268
01-07 07:22:36.811     0     0 I         : [    0.789163 / 01-01 00:00:00.783][0] Engines Availability = 0x2010853
01-07 07:22:36.811     0     0 I [    0.789220 / 01-01 00:00:00.783][0] sps: BAM 0x00000000fd444000 is registered.
01-07 07:22:36.811     0     0 I [    0.789495 / 01-01 00:00:00.783][0] sps: BAM 0x00000000fd444000 (va:0xffffff8000910000) enabled: ver:0x24, number of pipes:8
01-07 07:22:36.811     0     0 I [    0.789768 / 01-01 00:00:00.783][0] QCE50: qce_sps_init:  Qualcomm MSM CE-BAM at 0x00000000fd444000 irq 268
01-07 07:22:36.811     0     0 I [    0.790347 / 01-01 00:00:00.783][0] qcedev: FIPS140-2 Known Answer Tests : Skipped
01-07 07:22:36.811     0     0 I         : [    0.792032 / 01-01 00:00:00.787][0] qcrypto fd440000.qcrypto: Qualcomm Crypto 5.3.0 device found @0xfd440000
01-07 07:22:36.811     0     0 I         : [    0.792049 / 01-01 00:00:00.787][0] qcrypto fd440000.qcrypto: CE device = 0x0
01-07 07:22:36.811     0     0 I         : [    0.792049 / 01-01 00:00:00.787][0] , IO base, CE = 0xffffff80018c0000
01-07 07:22:36.811     0     0 I         : [    0.792049 / 01-01 00:00:00.787][0] , Consumer (IN) PIPE 4,    Producer (OUT) PIPE 5
01-07 07:22:36.811     0     0 I         : [    0.792049 / 01-01 00:00:00.787][0] IO base BAM = 0x          (null)
01-07 07:22:36.811     0     0 I         : [    0.792049 / 01-01 00:00:00.787][0] BAM IRQ 268
01-07 07:22:36.811     0     0 I         : [    0.792049 / 01-01 00:00:00.787][0] Engines Availability = 0x2010853
01-07 07:22:36.811     0     0 I [    0.792478 / 01-01 00:00:00.787][0] QCE50: qce_sps_init:  Qualcomm MSM CE-BAM at 0x00000000fd444000 irq 268
01-07 07:22:36.811     0     0 I         : [    0.793180 / 01-01 00:00:00.787][0] qcrypto fd440000.qcrypto: qcrypto-ecb-aes
01-07 07:22:36.811     0     0 I         : [    0.793282 / 01-01 00:00:00.787][0] qcrypto fd440000.qcrypto: qcrypto-cbc-aes
01-07 07:22:36.811     0     0 I         : [    0.793371 / 01-01 00:00:00.787][0] qcrypto fd440000.qcrypto: qcrypto-ctr-aes
01-07 07:22:36.811     0     0 I         : [    0.793455 / 01-01 00:00:00.787][0] qcrypto fd440000.qcrypto: qcrypto-ecb-des
01-07 07:22:36.811     0     0 I         : [    0.793546 / 01-01 00:00:00.787][0] qcrypto fd440000.qcrypto: qcrypto-cbc-des
01-07 07:22:36.811     0     0 I         : [    0.793629 / 01-01 00:00:00.787][0] qcrypto fd440000.qcrypto: qcrypto-ecb-3des
01-07 07:22:36.811     0     0 I         : [    0.793716 / 01-01 00:00:00.787][0] qcrypto fd440000.qcrypto: qcrypto-cbc-3des
01-07 07:22:36.811     0     0 I         : [    0.793806 / 01-01 00:00:00.787][0] qcrypto fd440000.qcrypto: qcrypto-xts-aes
01-07 07:22:36.811     0     0 I         : [    0.793894 / 01-01 00:00:00.787][0] qcrypto fd440000.qcrypto: qcrypto-sha1
01-07 07:22:36.811     0     0 I         : [    0.793979 / 01-01 00:00:00.787][0] qcrypto fd440000.qcrypto: qcrypto-sha256
01-07 07:22:36.811     0     0 I         : [    0.794062 / 01-01 00:00:00.787][0] qcrypto fd440000.qcrypto: qcrypto-aead-hmac-sha1-cbc-aes
01-07 07:22:36.811     0     0 I         : [    0.794147 / 01-01 00:00:00.787][0] qcrypto fd440000.qcrypto: qcrypto-aead-hmac-sha1-cbc-des
01-07 07:22:36.811     0     0 I         : [    0.794231 / 01-01 00:00:00.787][0] qcrypto fd440000.qcrypto: qcrypto-aead-hmac-sha1-cbc-3des
01-07 07:22:36.811     0     0 I         : [    0.794317 / 01-01 00:00:00.787][0] qcrypto fd440000.qcrypto: qcrypto-aead-hmac-sha256-cbc-aes
01-07 07:22:36.811     0     0 I         : [    0.794402 / 01-01 00:00:00.787][0] qcrypto fd440000.qcrypto: qcrypto-aead-hmac-sha256-cbc-des
01-07 07:22:36.811     0     0 I         : [    0.794497 / 01-01 00:00:00.787][0] qcrypto fd440000.qcrypto: qcrypto-aead-hmac-sha256-cbc-3des
01-07 07:22:36.811     0     0 I         : [    0.794584 / 01-01 00:00:00.787][0] qcrypto fd440000.qcrypto: qcrypto-hmac-sha1
01-07 07:22:36.811     0     0 I         : [    0.794666 / 01-01 00:00:00.787][0] qcrypto fd440000.qcrypto: qcrypto-hmac-sha256
01-07 07:22:36.811     0     0 I         : [    0.794751 / 01-01 00:00:00.787][0] qcrypto fd440000.qcrypto: qcrypto-aes-ccm
01-07 07:22:36.811     0     0 I         : [    0.794836 / 01-01 00:00:00.787][0] qcrypto fd440000.qcrypto: qcrypto-rfc4309-aes-ccm
01-07 07:22:36.811     0     0 I [    0.794846 / 01-01 00:00:00.787][0] qcrypto: FIPS140-2 Known Answer Tests: Skipped
01-07 07:22:36.811     0     0 I         : [    0.797785 / 01-01 00:00:00.791][0] SCSI Media Changer driver v0.25
01-07 07:22:36.811     0     0 I [    0.798736 / 01-01 00:00:00.791][0] tun: Universal TUN/TAP device driver, 1.6
01-07 07:22:36.811     0     0 I [    0.798748 / 01-01 00:00:00.791][0] tun: (C) 1999-2004 Max Krasnyansky <maxk@qualcomm.com>
01-07 07:22:36.811     0     0 I [    0.798809 / 01-01 00:00:00.791][0] e1000e: Intel(R) PRO/1000 Network Driver - 2.3.2-k
01-07 07:22:36.811     0     0 I [    0.798816 / 01-01 00:00:00.791][0] e1000e: Copyright(c) 1999 - 2013 Intel Corporation.
01-07 07:22:36.811     0     0 I         : [    0.798883 / 01-01 00:00:00.791][0] PPP generic driver version 2.4.2
01-07 07:22:36.811     0     0 I         : [    0.798970 / 01-01 00:00:00.791][0] PPP BSD Compression module registered
01-07 07:22:36.811     0     0 I         : [    0.799038 / 01-01 00:00:00.795][0] PPP Deflate Compression module registered
01-07 07:22:36.811     0     0 I         : [    0.799075 / 01-01 00:00:00.795][0] PPP MPPE Compression module registered
01-07 07:22:36.811     0     0 I [    0.799086 / 01-01 00:00:00.795][0] NET: Registered protocol family 24
01-07 07:22:36.811     0     0 I [    0.799195 / 01-01 00:00:00.795][0] usbcore: registered new interface driver catc
01-07 07:22:36.811     0     0 I [    0.799205 / 01-01 00:00:00.795][0] pegasus: v0.9.3 (2013/04/25), Pegasus/Pegasus II USB Ethernet driver
01-07 07:22:36.811     0     0 I [    0.799236 / 01-01 00:00:00.795][0] usbcore: registered new interface driver pegasus
01-07 07:22:36.811     0     0 I [    0.799270 / 01-01 00:00:00.795][0] usbcore: registered new interface driver rtl8150
01-07 07:22:36.811     0     0 I [    0.799298 / 01-01 00:00:00.795][0] usbcore: registered new interface driver r8152
01-07 07:22:36.811     0     0 I [    0.799307 / 01-01 00:00:00.795][0] hso: ../../../../../../kernel/lge/msm8992/drivers/net/usb/hso.c: Option Wireless
01-07 07:22:36.811     0     0 I [    0.799375 / 01-01 00:00:00.795][0] usbcore: registered new interface driver hso
01-07 07:22:36.811     0     0 I [    0.799407 / 01-01 00:00:00.795][0] usbcore: registered new interface driver asix
01-07 07:22:36.811     0     0 I [    0.799435 / 01-01 00:00:00.795][0] usbcore: registered new interface driver ax88179_178a
01-07 07:22:36.811     0     0 I [    0.799467 / 01-01 00:00:00.795][0] usbcore: registered new interface driver cdc_ether
01-07 07:22:36.811     0     0 I [    0.799498 / 01-01 00:00:00.795][0] usbcore: registered new interface driver cdc_eem
01-07 07:22:36.811     0     0 I [    0.799526 / 01-01 00:00:00.795][0] usbcore: registered new interface driver dm9601
01-07 07:22:36.811     0     0 I [    0.799561 / 01-01 00:00:00.795][0] usbcore: registered new interface driver smsc75xx
01-07 07:22:36.811     0     0 I [    0.799594 / 01-01 00:00:00.795][0] usbcore: registered new interface driver smsc95xx
01-07 07:22:36.811     0     0 I [    0.799624 / 01-01 00:00:00.795][0] usbcore: registered new interface driver gl620a
01-07 07:22:36.811     0     0 I [    0.799652 / 01-01 00:00:00.795][0] usbcore: registered new interface driver net1080
01-07 07:22:36.811     0     0 I [    0.799680 / 01-01 00:00:00.795][0] usbcore: registered new interface driver plusb
01-07 07:22:36.812     0     0 I [    0.799709 / 01-01 00:00:00.795][0] usbcore: registered new interface driver rndis_host
01-07 07:22:36.812     0     0 I [    0.799737 / 01-01 00:00:00.795][0] usbcore: registered new interface driver cdc_subset
01-07 07:22:36.812     0     0 I [    0.799765 / 01-01 00:00:00.795][0] usbcore: registered new interface driver zaurus
01-07 07:22:36.812     0     0 I [    0.799799 / 01-01 00:00:00.795][0] usbcore: registered new interface driver MOSCHIP usb-ethernet driver
01-07 07:22:36.812     0     0 I [    0.800029 / 01-01 00:00:00.795][0] usbcore: registered new interface driver int51x1
01-07 07:22:36.812     0     0 I [    0.800058 / 01-01 00:00:00.795][0] usbcore: registered new interface driver kalmia
01-07 07:22:36.812     0     0 I [    0.800116 / 01-01 00:00:00.795][0] usbcore: registered new interface driver ipheth
01-07 07:22:36.812     0     0 I [    0.800148 / 01-01 00:00:00.795][0] usbcore: registered new interface driver sierra_net
01-07 07:22:36.812     0     0 I [    0.800181 / 01-01 00:00:00.795][0] usbcore: registered new interface driver cx82310_eth
01-07 07:22:36.812     0     0 I [    0.800214 / 01-01 00:00:00.795][0] usbcore: registered new interface driver cdc_ncm
01-07 07:22:36.812     0     0 I [    0.800243 / 01-01 00:00:00.795][0] usbcore: registered new interface driver lg-vl600
01-07 07:22:36.812     0     0 I [    0.800270 / 01-01 00:00:00.795][0] usbcore: registered new interface driver qmi_wwan
01-07 07:22:36.812     0     0 I [    0.800298 / 01-01 00:00:00.795][0] usbcore: registered new interface driver cdc_mbim
01-07 07:22:36.812     0     0 I [    0.800741 / 01-01 00:00:00.795][0] NET: Registered protocol family 27
01-07 07:22:36.812     0     0 I [    0.801160 / 01-01 00:00:00.795][0] msm_sharedmem: sharedmem_register_qmi: qmi init successful
01-07 07:22:36.812     0     0 I [    0.803167 / 01-01 00:00:00.799][0] msm_sharedmem: msm_sharedmem_probe: Device created for client 'rmtfs'
01-07 07:22:36.812     0     0 I [    0.803908 / 01-01 00:00:00.799][0] msm_sharedmem: msm_sharedmem_probe: Device created for client 'rfsa_dsp'
01-07 07:22:36.812     0     0 I [    0.804155 / 01-01 00:00:00.799][0] msm_sharedmem: msm_sharedmem_probe: Device created for client 'rfsa_mdm'
01-07 07:22:36.812     0     0 I [    0.804383 / 01-01 00:00:00.799][0] msm_sharedmem: msm_sharedmem_probe: Device created for client 'rfsa_sensor'
01-07 07:22:36.812     0     0 E         : [    0.807606 / 01-01 00:00:00.803][0] msm-usb-hsphy f92f8800.hsphy: set notify_set_hostmode
01-07 07:22:36.812     0     0 F         : [    0.852002 / 01-01 00:00:00.847][0] drv probe : 809 msm-dwc3 39
01-07 07:22:36.812     0     0 I [    0.852881 / 01-01 00:00:00.847][0] ehci_hcd: USB 2.0 'Enhanced' Host Controller (EHCI) Driver
01-07 07:22:36.812     0     0 I [    0.852893 / 01-01 00:00:00.847][0] ehci-pci: EHCI PCI platform driver
01-07 07:22:36.812     0     0 I [    0.852926 / 01-01 00:00:00.847][0] ehci-msm: Qualcomm On-Chip EHCI Host Controller
01-07 07:22:36.812     0     0 I [    0.853357 / 01-01 00:00:00.847][0] ehci-msm2: Qualcomm EHCI Host Controller
01-07 07:22:36.812     0     0 I [    0.854360 / 01-01 00:00:00.847][0] usbcore: registered new interface driver cdc_acm
01-07 07:22:36.812     0     0 I [    0.854369 / 01-01 00:00:00.847][0] cdc_acm: USB Abstract Control Model driver for USB modems and ISDN adapters
01-07 07:22:36.812     0     0 I [    0.854399 / 01-01 00:00:00.847][0] usbcore: registered new interface driver cdc_wdm
01-07 07:22:36.812     0     0 I [    0.854438 / 01-01 00:00:00.847][0] usbcore: registered new interface driver ccid_bridge
01-07 07:22:36.812     0     0 I [    0.854523 / 01-01 00:00:00.847][0] ccid_bridge_init: success
01-07 07:22:36.812     0     0 I [    0.854567 / 01-01 00:00:00.847][0] usbcore: registered new interface driver usb-storage
01-07 07:22:36.812     0     0 I [    0.854597 / 01-01 00:00:00.847][0] usbcore: registered new interface driver ums-alauda
01-07 07:22:36.812     0     0 I [    0.854622 / 01-01 00:00:00.847][0] usbcore: registered new interface driver ums-cypress
01-07 07:22:36.812     0     0 I [    0.854656 / 01-01 00:00:00.847][0] usbcore: registered new interface driver ums-datafab
01-07 07:22:36.812     0     0 I [    0.854684 / 01-01 00:00:00.847][0] usbcore: registered new interface driver ums-freecom
01-07 07:22:36.812     0     0 I [    0.854713 / 01-01 00:00:00.847][0] usbcore: registered new interface driver ums-isd200
01-07 07:22:36.812     0     0 I [    0.854741 / 01-01 00:00:00.847][0] usbcore: registered new interface driver ums-jumpshot
01-07 07:22:36.812     0     0 I [    0.854768 / 01-01 00:00:00.847][0] usbcore: registered new interface driver ums-karma
01-07 07:22:36.812     0     0 I [    0.854798 / 01-01 00:00:00.847][0] usbcore: registered new interface driver ums-onetouch
01-07 07:22:36.812     0     0 I [    0.854831 / 01-01 00:00:00.847][0] usbcore: registered new interface driver ums-realtek
01-07 07:22:36.812     0     0 I [    0.854858 / 01-01 00:00:00.847][0] usbcore: registered new interface driver ums-sddr09
01-07 07:22:36.812     0     0 I [    0.854887 / 01-01 00:00:00.847][0] usbcore: registered new interface driver ums-sddr55
01-07 07:22:36.812     0     0 I [    0.854913 / 01-01 00:00:00.847][0] usbcore: registered new interface driver ums-usbat
01-07 07:22:36.812     0     0 I [    0.855094 / 01-01 00:00:00.851][0] usbcore: registered new interface driver usbserial
01-07 07:22:36.812     0     0 I [    0.855126 / 01-01 00:00:00.851][0] usbcore: registered new interface driver usbserial_generic
01-07 07:22:36.812     0     0 I [    0.855156 / 01-01 00:00:00.851][0] usbserial: USB Serial support registered for generic
01-07 07:22:36.812     0     0 I [    0.855185 / 01-01 00:00:00.851][0] usbcore: registered new interface driver qc_csvt
01-07 07:22:36.812     0     0 I [    0.855206 / 01-01 00:00:00.851][0] usbserial: USB Serial support registered for qc_csvt
01-07 07:22:36.812     0     0 I [    0.855238 / 01-01 00:00:00.851][0] usbcore: registered new interface driver ftdi_sio
01-07 07:22:36.812     0     0 I [    0.855261 / 01-01 00:00:00.851][0] usbserial: USB Serial support registered for FTDI USB Serial Device
01-07 07:22:36.812     0     0 I [    0.855290 / 01-01 00:00:00.851][0] usbcore: registered new interface driver pl2303
01-07 07:22:36.812     0     0 I [    0.855311 / 01-01 00:00:00.851][0] usbserial: USB Serial support registered for pl2303
01-07 07:22:36.812     0     0 I [    0.855345 / 01-01 00:00:00.851][0] usbcore: registered new interface driver usb_ehset_test
01-07 07:22:36.812     0     0 I         : [    0.855546 / 01-01 00:00:00.851][0] u_lgeusb init
01-07 07:22:36.812     0     0 I [    0.856666 / 01-01 00:00:00.851][0] mousedev: PS/2 mouse device common for all mice
01-07 07:22:36.812     0     0 I [    0.857135 / 01-01 00:00:00.851][0] usbcore: registered new interface driver iforce
01-07 07:22:36.812     0     0 I [    0.857511 / 01-01 00:00:00.851][0] usbcore: registered new interface driver xpad
01-07 07:22:36.812     0     0 I [    0.857577 / 01-01 00:00:00.851][0] usbcore: registered new interface driver usb_acecad
01-07 07:22:36.812     0     0 I [    0.857609 / 01-01 00:00:00.851][0] usbcore: registered new interface driver aiptek
01-07 07:22:36.812     0     0 I [    0.857641 / 01-01 00:00:00.851][0] usbcore: registered new interface driver gtco
01-07 07:22:36.812     0     0 I [    0.857674 / 01-01 00:00:00.851][0] usbcore: registered new interface driver hanwang
01-07 07:22:36.812     0     0 I [    0.857703 / 01-01 00:00:00.851][0] usbcore: registered new interface driver kbtab
01-07 07:22:36.812     0     0 I [    0.857734 / 01-01 00:00:00.851][0] usbcore: registered new interface driver wacom
01-07 07:22:36.812     0     0 I         : [    0.858735 / 01-01 00:00:00.851][0] [Touch-PRX] touch_proximity_module_init:
01-07 07:22:36.812     0     0 I         : [    0.858744 / 01-01 00:00:00.851][2] [Touch] panel type is 0
01-07 07:22:36.812     0     0 I         : [    0.858752 / 01-01 00:00:00.851][0] [Touch-RMI] rmidev_module_init:
01-07 07:22:36.812     0     0 I         : [    0.858774 / 01-01 00:00:00.851][1] [Touch] panel type is 0
01-07 07:22:36.812     0     0 E         : [    0.859759 / 01-01 00:00:00.855][2] [Touch] touch_probe start
01-07 07:22:36.812     0     0 E         : [    0.859804 / 01-01 00:00:00.855][2] [Touch] firmware path count = 5
01-07 07:22:36.812     0     0 E         : [    0.859817 / 01-01 00:00:00.855][2] [Touch] fw_image [0]: synaptics/p1/PLG446-V1.14-PR1860478-DS5.2.13.1014_4005518E.img
01-07 07:22:36.812     0     0 E         : [    0.859829 / 01-01 00:00:00.855][2] [Touch] fw_image [1]: synaptics/p1/PLG468-V1.05-PR1801483-DS5.2.100.0.1005_50055185.img
01-07 07:22:36.812     0     0 E         : [    0.859842 / 01-01 00:00:00.855][2] [Touch] fw_image [2]: synaptics/p1/PLG446-V1.27-PR1981623-DS5.2.18.1.1006_4005519B_v7_2.img
01-07 07:22:36.813     0     0 E         : [    0.859854 / 01-01 00:00:00.855][2] [Touch] fw_image [3]: synaptics/p1/PLG468-V1.23-PR1999550-DS5.2.200.1.1002_50055197504C47343638.img
01-07 07:22:36.813     0     0 E         : [    0.859867 / 01-01 00:00:00.855][2] [Touch] fw_image [4]: synaptics/p1/PLG468-V1.24-PR2016601-DS5.2.200.1.1002_50055198504C47343638_Official.img
01-07 07:22:36.813     0     0 E         : [    0.860444 / 01-01 00:00:00.855][2] [Touch] Start pinctrl
01-07 07:22:36.813     0     0 E         : [    0.860781 / 01-01 00:00:00.855][2] [Touch] End pinctrl
01-07 07:22:36.813     0     0 E         : [    0.860809 / 01-01 00:00:00.855][2] [Touch] synaptics_ts_power : power_state[1]
01-07 07:22:36.813     0     0 I         : [    0.861217 / 01-01 00:00:00.855][0] qcom,qpnp-rtc qpnp-rtc-8: rtc core: registered qpnp_rtc as rtc0
01-07 07:22:36.813     0     0 I         : [    0.861485 / 01-01 00:00:00.855][0] i2c /dev entries driver
01-07 07:22:36.813     0     0 I         : [    0.864859 / 01-01 00:00:00.859][0] platform fdc00000.qcom,vidc: Driver msm_vidc_v4l2 requests probe deferral
01-07 07:22:36.813     0     0 E         : [    0.875065 / 01-01 00:00:00.871][0] adp1660 i2c_add_driver success
01-07 07:22:36.813     0     0 E         : [    0.876398 / 01-01 00:00:00.871][0] msm_flash_lm3642_init entry
01-07 07:22:36.813     0     0 E         : [    0.877596 / 01-01 00:00:00.871][0] msm_eeprom_platform_probe qcom,eeprom-name imx234_eeprom, rc 0
01-07 07:22:36.813     0     0 I [    0.887139 / 01-01 00:00:00.883][0] msm_cci_init: 879: hw_version = 0x10020001
01-07 07:22:36.813     0     0 I [    0.903846 / 01-01 00:00:00.899][0] frandom: Seeded global generator now (used by erandom)
01-07 07:22:36.813     0     0 I [    0.903860 / 01-01 00:00:00.899][0] random: nonblocking pool is initialized
01-07 07:22:36.813     0     0 I [    0.943172 / 01-01 00:00:00.939][2] input: touch_dev as /devices/virtual/input/input0
01-07 07:22:36.813     0     0 E         : [    0.943250 / 01-01 00:00:00.939][2] [Touch] touch_ic_init : value = 0, panel_id = 0
01-07 07:22:36.813     0     0 E         : [    0.943438 / 01-01 00:00:00.939][2] i2c-msm-v2 f9924000.i2c: msm_bus_scale_register_client(mstr-id:86):0x12 (ok)
01-07 07:22:36.813     0     0 E         : [    0.944930 / 01-01 00:00:00.939][2] [Touch] qeury_5_present=0x1DD48F00 [1E 00 8F D4 1D]
01-07 07:22:36.813     0     0 E         : [    0.944940 / 01-01 00:00:00.939][2] [Touch] ts->f12_reg.ctrl[8]=0x13 (0x13+0)
