01-01 00:31:44.862   540   540 D QC-time-services: Daemon:genoff_pre_init::Base = 9
01-01 00:31:44.862   540   540 D QC-time-services: Daemon: Storage Name: ats_9 
01-01 00:31:44.862   540   540 D QC-time-services: Daemon:Opening File: /data/time/ats_9
01-01 00:31:44.862   540   540 D QC-time-services: Daemon:time_persistent_memory_opr:Genoff Read operation 
01-01 00:31:44.862   540   540 D QC-time-services: Daemon:Unable to open filefor read
01-01 00:31:44.862   540   540 D QC-time-services: Daemon:genoff_post_init:Error in accessing storage
01-01 00:31:44.862   540   540 D QC-time-services: Daemon:genoff_pre_init::Base = 10
01-01 00:31:44.862   540   540 D QC-time-services: Daemon: Storage Name: ats_10 
01-01 00:31:44.862   540   540 D QC-time-services: Daemon:Opening File: /data/time/ats_10
01-01 00:31:44.862   540   540 D QC-time-services: Daemon:time_persistent_memory_opr:Genoff Read operation 
01-01 00:31:44.862   540   540 D QC-time-services: Daemon:Unable to open filefor read
01-01 00:31:44.862   540   540 D QC-time-services: Daemon:genoff_post_init:Error in accessing storage
01-01 00:31:44.862   540   540 D QC-time-services: Daemon:genoff_pre_init::Base = 11
01-01 00:31:44.862   540   540 D QC-time-services: Daemon: Storage Name: ats_11 
01-01 00:31:44.862   540   540 D QC-time-services: Daemon:Opening File: /data/time/ats_11
01-01 00:31:44.862   540   540 D QC-time-services: Daemon:time_persistent_memory_opr:Genoff Read operation 
01-01 00:31:44.862   540   540 D QC-time-services: Daemon:Unable to open filefor read
01-01 00:31:44.862   540   540 D QC-time-services: Daemon:genoff_post_init:Error in accessing storage
01-01 00:31:44.862   540   540 D QC-time-services: Daemon:genoff_pre_init::Base = 12
01-01 00:31:44.862   540   540 D QC-time-services: Daemon: Storage Name: ats_12 
01-01 00:31:44.862   540   540 D QC-time-services: Daemon:Opening File: /data/time/ats_12
01-01 00:31:44.862   540   540 D QC-time-services: Daemon:time_persistent_memory_opr:Genoff Read operation 
01-01 00:31:44.862   540   540 D QC-time-services: Daemon:Unable to open filefor read
01-01 00:31:44.862   540   540 D QC-time-services: Daemon:genoff_post_init:Error in accessing storage
01-01 00:31:44.862   540   540 D QC-time-services: Daemon:genoff_pre_init::Base = 13
01-01 00:31:44.862   540   540 D QC-time-services: Daemon: Storage Name: ats_13 
01-01 00:31:44.862   540   540 D QC-time-services: Daemon:Opening File: /data/time/ats_13
01-01 00:31:44.862   540   540 D QC-time-services: Daemon:time_persistent_memory_opr:Genoff Read operation 
01-01 00:31:44.862   540   540 D QC-time-services: Daemon:Unable to open filefor read
01-01 00:31:44.862   540   540 D QC-time-services: Daemon:genoff_post_init:Error in accessing storage
01-01 00:31:44.862   540   540 D QC-time-services: Daemon:genoff_pre_init::Base = 14
01-01 00:31:44.862   540   540 D QC-time-services: Daemon: Storage Name: ats_14 
01-01 00:31:44.862   540   540 D QC-time-services: Daemon:Opening File: /data/time/ats_14
01-01 00:31:44.862   540   540 D QC-time-services: Daemon:time_persistent_memory_opr:Genoff Read operation 
01-01 00:31:44.862   540   540 D QC-time-services: Daemon:Unable to open filefor read
01-01 00:31:44.862   540   540 D QC-time-services: Daemon:genoff_post_init:Error in accessing storage
01-01 00:31:44.862   540   540 D QC-time-services: Daemon:genoff_init_config: Other bases initilized, exiting genoff_init
01-01 00:31:44.862   540   540 D QC-time-services: Daemon:rtc_get: Time read from RTC -- MM/DD/YY HH:MM:SS0/1/115 0:31:44
01-01 00:31:44.862   540   540 D QC-time-services: Daemon:genoff_opr: Base = 1, val = 0, operation = 1
01-01 00:31:44.862   540   540 D QC-time-services: Daemon: genoff get for 1
01-01 00:31:44.862   540   540 D QC-time-services: Daemon:rtc_get: Time read from RTC -- MM/DD/YY HH:MM:SS0/1/115 0:31:44
01-01 00:31:44.862   540   540 D QC-time-services: Daemon:Value read from RTC seconds = 1420072304000
01-01 00:31:44.862   540   540 D QC-time-services: Daemon:Value read from generic offset = 0
01-01 00:31:44.862   540   540 D QC-time-services: Daemon:Final Time = 1420072304000
01-01 00:31:44.862   540   540 D QC-time-services: Daemon:genoff_boot_tod_init: Setting system time to sec =1420072304, nsec =0
01-01 00:31:44.878   520   697 E ThermalEngine: ACTION: CLUSTER - Setting CLUSTER[1] to 1248000
01-01 00:31:44.909   520   697 E ThermalEngine: ACTION: CLUSTER - Setting CLUSTER[1] to 960000
01-01 00:31:44.971   520   697 E ThermalEngine: ACTION: CLUSTER - Setting CLUSTER[1] to 1248000
01-01 00:31:45.002   520   697 E ThermalEngine: ACTION: CLUSTER - Setting CLUSTER[1] to 960000
01-01 00:31:45.079   505   505 I vndksupport: sphal namespace is not configured for this process. Loading /vendor/lib64/egl/libGLESv1_CM_adreno.so from the current namespace instead.
01-01 00:31:45.080   505   505 D libEGL  : loaded /vendor/lib64/egl/libGLESv1_CM_adreno.so
01-01 00:31:45.093   520   697 E ThermalEngine: ACTION: CLUSTER - Setting CLUSTER[1] to 1248000
01-01 00:31:45.099   505   505 I vndksupport: sphal namespace is not configured for this process. Loading /vendor/lib64/egl/libGLESv2_adreno.so from the current namespace instead.
01-01 00:31:45.100   505   505 D libEGL  : loaded /vendor/lib64/egl/libGLESv2_adreno.so
01-01 00:31:45.115   539   539 I mm-qcamera-daem: type=1400 audit(0.0:231): avc: denied { write } for name="media0" dev="tmpfs" ino=12867 scontext=u:r:init:s0 tcontext=u:object_r:camera_device:s0 tclass=chr_file permissive=1
01-01 00:31:45.115   539   539 W mm-qcamera-daem: type=1400 audit(0.0:232): avc: granted { read open } for path="/dev/media0" dev="tmpfs" ino=12867 scontext=u:r:init:s0 tcontext=u:object_r:camera_device:s0 tclass=chr_file
01-01 00:31:45.115   539   539 I mm-qcamera-daem: type=1400 audit(0.0:233): avc: denied { ioctl } for path="/dev/media0" dev="tmpfs" ino=12867 ioctlcmd=7c00 scontext=u:r:init:s0 tcontext=u:object_r:camera_device:s0 tclass=chr_file permissive=1
01-01 00:31:45.115   539   539 I mm-qcamera-daem: type=1400 audit(0.0:234): avc: denied { write } for name="video0" dev="tmpfs" ino=12890 scontext=u:r:init:s0 tcontext=u:object_r:video_device:s0 tclass=chr_file permissive=1
01-01 00:31:45.115   539   539 W mm-qcamera-daem: type=1400 audit(0.0:235): avc: granted { read open } for path="/dev/video0" dev="tmpfs" ino=12890 scontext=u:r:init:s0 tcontext=u:object_r:video_device:s0 tclass=chr_file
01-01 00:31:45.119   539   539 W mm-qcamera-daem: type=1400 audit(0.0:236): avc: granted { read } for name="media0" dev="tmpfs" ino=12867 scontext=u:r:init:s0 tcontext=u:object_r:camera_device:s0 tclass=chr_file
01-01 00:31:45.119   539   539 W mm-qcamera-daem: type=1400 audit(0.0:237): avc: granted { read open } for path="/dev/media0" dev="tmpfs" ino=12867 scontext=u:r:init:s0 tcontext=u:object_r:camera_device:s0 tclass=chr_file
01-01 00:31:45.119   539   539 W mm-qcamera-daem: type=1400 audit(0.0:238): avc: granted { read } for name="v4l-subdev9" dev="tmpfs" ino=12889 scontext=u:r:init:s0 tcontext=u:object_r:video_device:s0 tclass=chr_file
01-01 00:31:45.119   539   539 W mm-qcamera-daem: type=1400 audit(0.0:239): avc: granted { read open } for path="/dev/v4l-subdev9" dev="tmpfs" ino=12889 scontext=u:r:init:s0 tcontext=u:object_r:video_device:s0 tclass=chr_file
01-01 00:31:45.119   539   539 I mm-qcamera-daem: type=1400 audit(0.0:240): avc: denied { ioctl } for path="/dev/v4l-subdev9" dev="tmpfs" ino=12889 ioctlcmd=56c8 scontext=u:r:init:s0 tcontext=u:object_r:video_device:s0 tclass=chr_file permissive=1
01-01 00:31:45.119   539   539 W mm-qcamera-daem: type=1400 audit(0.0:241): avc: granted { read } for name="v4l-subdev10" dev="tmpfs" ino=12868 scontext=u:r:init:s0 tcontext=u:object_r:video_device:s0 tclass=chr_file
01-01 00:31:45.119   539   539 W mm-qcamera-daem: type=1400 audit(0.0:242): avc: granted { read open } for path="/dev/v4l-subdev10" dev="tmpfs" ino=12868 scontext=u:r:init:s0 tcontext=u:object_r:video_device:s0 tclass=chr_file
01-01 00:31:45.119   539   539 W mm-qcamera-daem: type=1400 audit(0.0:243): avc: granted { read } for name="media1" dev="tmpfs" ino=12898 scontext=u:r:init:s0 tcontext=u:object_r:camera_device:s0 tclass=chr_file
01-01 00:31:45.119   539   539 W mm-qcamera-daem: type=1400 audit(0.0:244): avc: granted { read open } for path="/dev/media1" dev="tmpfs" ino=12898 scontext=u:r:init:s0 tcontext=u:object_r:camera_device:s0 tclass=chr_file
01-01 00:31:45.119   539   539 W mm-qcamera-daem: type=1400 audit(0.0:245): avc: granted { read } for name="media2" dev="tmpfs" ino=12900 scontext=u:r:init:s0 tcontext=u:object_r:camera_device:s0 tclass=chr_file
01-01 00:31:45.119   539   539 W mm-qcamera-daem: type=1400 audit(0.0:246): avc: granted { read open } for path="/dev/media2" dev="tmpfs" ino=12900 scontext=u:r:init:s0 tcontext=u:object_r:camera_device:s0 tclass=chr_file
01-01 00:31:45.119   539   539 W mm-qcamera-daem: type=1400 audit(0.0:247): avc: granted { read } for name="media0" dev="tmpfs" ino=12867 scontext=u:r:init:s0 tcontext=u:object_r:camera_device:s0 tclass=chr_file
01-01 00:31:45.119   539   539 W mm-qcamera-daem: type=1400 audit(0.0:248): avc: granted { read open } for path="/dev/media0" dev="tmpfs" ino=12867 scontext=u:r:init:s0 tcontext=u:object_r:camera_device:s0 tclass=chr_file
01-01 00:31:45.119   539   539 W mm-qcamera-daem: type=1400 audit(0.0:249): avc: granted { read } for name="media1" dev="tmpfs" ino=12898 scontext=u:r:init:s0 tcontext=u:object_r:camera_device:s0 tclass=chr_file
01-01 00:31:45.119   539   539 W mm-qcamera-daem: type=1400 audit(0.0:250): avc: granted { read open } for path="/dev/media1" dev="tmpfs" ino=12898 scontext=u:r:init:s0 tcontext=u:object_r:camera_device:s0 tclass=chr_file
01-01 00:31:45.120   539   539 I mm-camera: server_process_module_init:59, int mods
01-01 00:31:45.121   539   539 E mm-camera-sensor: eebin_read:387failed!
01-01 00:31:45.121   539   539 E mm-camera-sensor: eebin_read:387failed!
01-01 00:31:45.122   539   539 E mm-camera-sensor: sensor_init_probe:475failed: to oribe eeprom bin sensors
01-01 00:31:45.122   539   539 E mm-camera-sensor: add_external_sensor:109NO external sensor lib: no external path
01-01 00:31:45.122   539   539 E mm-camera-sensor: sensor_probe:270failed: to load 
01-01 00:31:45.122   539   539 E mm-camera-sensor: sensor_util_match_sensor_lib_name:1965s_bundle sensor_lib_name imx234 sensor_name t4ka3
01-01 00:31:45.123   539   539 E mm-camera: module_sensor_find_other_subdev:7773subdev_name /dev/v4l-subdev0 subdev id 0
01-01 00:31:45.123   539   539 E mm-camera: module_sensor_find_other_subdev:7773subdev_name /dev/v4l-subdev1 subdev id 1
01-01 00:31:45.123   539   539 E mm-camera: module_sensor_find_other_subdev:7773subdev_name /dev/v4l-subdev2 subdev id 2
01-01 00:31:45.123   539   539 E mm-camera: module_sensor_find_other_subdev:7773subdev_name /dev/v4l-subdev3 subdev id 0
01-01 00:31:45.123   539   539 E mm-camera: module_sensor_find_other_subdev:7773subdev_name /dev/v4l-subdev4 subdev id 1
01-01 00:31:45.123   539   539 E mm-camera: module_sensor_find_other_subdev:7773subdev_name /dev/v4l-subdev5 subdev id 2
01-01 00:31:45.123   539   539 E mm-camera: module_sensor_find_other_subdev:7773subdev_name /dev/v4l-subdev6 subdev id 3
01-01 00:31:45.123   539   539 E mm-camera: module_sensor_find_other_subdev:7773subdev_name /dev/v4l-subdev7 subdev id 1
01-01 00:31:45.123   539   539 E mm-camera: module_sensor_find_other_subdev:7773subdev_name /dev/v4l-subdev8 subdev id 0
01-01 00:31:45.123   520   697 E ThermalEngine: ACTION: CLUSTER - Setting CLUSTER[1] to 960000
01-01 00:31:45.123   539   539 E mm-camera: module_sensor_find_other_subdev:7799SUB_MODULE_LED_FLASH subdev_name /dev/v4l-subdev8 subdev_id 0
01-01 00:31:45.123   539   539 E mm-camera: module_sensor_find_other_subdev:7773subdev_name /dev/v4l-subdev9 subdev id 0
01-01 00:31:45.123   539   539 E mm-camera: module_sensor_find_other_subdev:7773subdev_name /dev/v4l-subdev10 subdev id 2
01-01 00:31:45.124   539   539 E mm-camera: module_sensor_find_other_subdev:7773subdev_name /dev/v4l-subdev11 subdev id 0
01-01 00:31:45.124   539   539 E mm-camera: module_sensor_find_other_subdev:7773subdev_name /dev/v4l-subdev12 subdev id 998
01-01 00:31:45.124   539   539 E mm-camera: module_sensor_find_other_subdev:7773subdev_name /dev/v4l-subdev13 subdev id 997
01-01 00:31:45.141   505   505 I Adreno  : QUALCOMM build                   : d3015e9, I25dc76dc3f
01-01 00:31:45.141   505   505 I Adreno  : Build Date                       : 01/26/17
01-01 00:31:45.141   505   505 I Adreno  : OpenGL ES Shader Compiler Version: XE031.09.00.03
01-01 00:31:45.141   505   505 I Adreno  : Local Branch                     : 
01-01 00:31:45.141   505   505 I Adreno  : Remote Branch                    : refs/tags/AU_LINUX_ANDROID_LA.BF64.1.2.3_RB1.07.00.00.258.011
01-01 00:31:45.141   505   505 I Adreno  : Remote Branch                    : NONE
01-01 00:31:45.141   505   505 I Adreno  : Reconstruct Branch               : NOTHING
01-01 00:31:45.154   520   697 E ThermalEngine: ACTION: CLUSTER - Setting CLUSTER[1] to 1248000
01-01 00:31:45.176   853   853 I recovery: Installing new recovery image: failed
01-01 00:31:45.184   520   697 E ThermalEngine: ACTION: CLUSTER - Setting CLUSTER[1] to 960000
01-01 00:31:45.244   520   697 E ThermalEngine: ACTION: CLUSTER - Setting CLUSTER[1] to 1248000
01-01 00:31:45.275   520   697 E ThermalEngine: ACTION: CLUSTER - Setting CLUSTER[1] to 960000
01-01 00:31:45.305   520   697 E ThermalEngine: ACTION: CLUSTER - Setting CLUSTER[1] to 1248000
01-01 00:31:45.335   520   697 E ThermalEngine: ACTION: CLUSTER - Setting CLUSTER[1] to 960000
01-01 00:31:45.396   520   697 E ThermalEngine: ACTION: CLUSTER - Setting CLUSTER[1] to 1248000
01-01 00:31:45.402   520   697 E ThermalEngine: ACTION: CLUSTER - Setting CLUSTER[1] to 1344000
01-01 00:31:45.432   520   697 E ThermalEngine: ACTION: CLUSTER - Setting CLUSTER[1] to 1248000
01-01 00:31:45.450   505   505 I qdutils : PartialUpdate status: Disabled
01-01 00:31:45.450   505   505 I qdutils : Left Align: 0
01-01 00:31:45.450   505   505 I qdutils : Width Align: 0
01-01 00:31:45.450   505   505 I qdutils : Top Align: 0
01-01 00:31:45.450   505   505 I qdutils : Height Align: 0
01-01 00:31:45.450   505   505 I qdutils : Min ROI Width: 0
01-01 00:31:45.450   505   505 I qdutils : Min ROI Height: 0
01-01 00:31:45.450   505   505 I qdutils : Needs ROI Merge: 0
01-01 00:31:45.450   505   505 I qdutils : Dynamic Fps: Disabled
01-01 00:31:45.450   505   505 I qdutils : Min Panel fps: 0
01-01 00:31:45.450   505   505 I qdutils : Max Panel fps: 0
01-01 00:31:45.450   505   505 I qdutils : Left Split=720
01-01 00:31:45.451   505   505 I qdutils : Right Split=720
01-01 00:31:45.451   505   505 D qdutils : getHDMINode: HDMI is at fb1
01-01 00:31:45.463   520   697 E ThermalEngine: ACTION: CLUSTER - Setting CLUSTER[1] to 960000
01-01 00:31:45.464   539   539 E mm-camera-isp2: module_chroma_enhan40_init:90 name chroma_enhan40
01-01 00:31:45.470   539   539 E mm-camera-isp2: module_color_correct40_init:104 name color_correct40
01-01 00:31:45.496   539   539 E mm-camera-isp2: module_chroma_enhan40_init:90 name chroma_enhan40
01-01 00:31:45.497   539   539 E mm-camera-isp2: module_color_correct40_init:104 name color_correct40
01-01 00:31:45.500   505   505 W qdcopybit: open_copybit i = 0 surface_id=-1026555902
01-01 00:31:45.500   505   505 W qdcopybit: open_copybit i = 1 surface_id=-1026555901
01-01 00:31:45.500   505   505 W qdcopybit: open_copybit i = 2 surface_id=-1026555900
01-01 00:31:45.500   505   505 W qdcopybit: open_copybit i = 3 surface_id=-1026555899
01-01 00:31:45.500   505   505 W qdcopybit: open_copybit i = 4 surface_id=-1026555898
01-01 00:31:45.500   505   505 W qdcopybit: open_copybit i = 5 surface_id=-1026555897
01-01 00:31:45.500   505   505 W qdcopybit: open_copybit i = 6 surface_id=-1026555896
01-01 00:31:45.500   505   505 W qdcopybit: open_copybit i = 7 surface_id=-1026555895
01-01 00:31:45.500   505   505 W qdcopybit: open_copybit i = 8 surface_id=-1026555894
01-01 00:31:45.500   505   505 W qdcopybit: open_copybit i = 9 surface_id=-1026555893
01-01 00:31:45.500   505   505 W qdcopybit: open_copybit i = 10 surface_id=-1026555892
01-01 00:31:45.500   505   505 W qdcopybit: open_copybit i = 11 surface_id=-1026555891
01-01 00:31:45.500   505   505 W qdcopybit: open_copybit i = 12 surface_id=-1026555890
01-01 00:31:45.500   505   505 W qdcopybit: open_copybit i = 13 surface_id=-1026555889
01-01 00:31:45.500   505   505 W qdcopybit: open_copybit i = 14 surface_id=-1026555888
01-01 00:31:45.500   505   505 W qdcopybit: open_copybit i = 15 surface_id=-1026555887
01-01 00:31:45.500   505   505 W qdcopybit: open_copybit i = 16 surface_id=-1026555886
01-01 00:31:45.500   505   505 W qdcopybit: open_copybit i = 17 surface_id=-1026555885
01-01 00:31:45.500   505   505 W qdcopybit: open_copybit i = 18 surface_id=-1026555884
01-01 00:31:45.500   505   505 W qdcopybit: open_copybit i = 19 surface_id=-1026555883
01-01 00:31:45.500   505   505 W qdcopybit: open_copybit i = 20 surface_id=-1026555882
01-01 00:31:45.500   505   505 W qdcopybit: open_copybit i = 21 surface_id=-1026555881
01-01 00:31:45.500   505   505 W qdcopybit: open_copybit i = 22 surface_id=-1026555880
01-01 00:31:45.500   505   505 W qdcopybit: open_copybit i = 23 surface_id=-1026555879
01-01 00:31:45.500   505   505 W qdcopybit: open_copybit i = 24 surface_id=-1026555878
01-01 00:31:45.500   505   505 W qdcopybit: open_copybit i = 25 surface_id=-1026555877
01-01 00:31:45.500   505   505 W qdcopybit: open_copybit i = 26 surface_id=-1026555876
01-01 00:31:45.500   505   505 W qdcopybit: open_copybit i = 27 surface_id=-1026555875
01-01 00:31:45.500   505   505 W qdcopybit: open_copybit i = 28 surface_id=-1026555874
01-01 00:31:45.500   505   505 W qdcopybit: open_copybit i = 29 surface_id=-1026555873
01-01 00:31:45.501   505   505 W qdcopybit: open_copybit i = 30 surface_id=-1026555872
01-01 00:31:45.501   505   505 W qdcopybit: open_copybit i = 31 surface_id=-1026555871
01-01 00:31:45.501   505   505 W qdcopybit: open_copybit: 2 Plane YUV i=0 surface_id=-1026555869
01-01 00:31:45.501   505   505 W qdcopybit: open_copybit: 2 Plane YUV i=1 surface_id=-1026555868
01-01 00:31:45.501   505   505 W qdcopybit: open_copybit: 2 Plane YUV i=2 surface_id=-1026555867
01-01 00:31:45.501   505   505 W qdcopybit: open_copybit: 2 Plane YUV i=3 surface_id=-1026555866
01-01 00:31:45.501   505   505 W qdcopybit: open_copybit: 3 Plane YUV i=0 surface_id=-1026555864
01-01 00:31:45.501   539   539 E mm-camera-isp2: isp_resource_gen_hws_caps:3687 i 0 isp id 0
01-01 00:31:45.501   539   539 E mm-camera-isp2: isp_resource_gen_hws_caps:3687 i 1 isp id 1
01-01 00:31:45.501   539   539 E mm-camera-isp2: module_isp_init:678 module 0xed323860
01-01 00:31:45.506   505   505 I qdhwcomposer: Successfully Loaded perf hint API's
01-01 00:31:45.506   505   505 I qdhwcomposer: PerfHintWindow = 50
01-01 00:31:45.506   505   505 I qdhwcomposer: Initializing Qualcomm Hardware Composer
01-01 00:31:45.506   505   505 I qdhwcomposer: MDP version: 500
01-01 00:31:45.506   505   505 I SurfaceFlinger: Using composer version 1.5
01-01 00:31:45.506   505   505 I qdhwcomposer: hwc_registerProcs
01-01 00:31:45.506   505   505 I qdhwcomposer: Initializing UEVENT Thread
01-01 00:31:45.506   505   505 I qdhwcomposer: Initializing VSYNC Thread
01-01 00:31:45.506   505   505 D qdhwcomposer: hwc_getDisplayAttributes disp = 0, width = 1440
01-01 00:31:45.506   505   505 D qdhwcomposer: hwc_getDisplayAttributes disp = 0, height = 2560
01-01 00:31:45.506   505   505 W qdhwcomposer: hwc_getDisplayConfigs display (1) is not connected anymore
01-01 00:31:45.507   505   863 I qdhwcomposer: vsync_loop: Reading event 0 for dpy 0 from /sys/class/graphics/fb0/vsync_event
01-01 00:31:45.507   505   863 I qdhwcomposer: vsync_loop: Reading event 1 for dpy 0 from /sys/class/graphics/fb0/show_blank_event
01-01 00:31:45.507   505   863 I qdhwcomposer: vsync_loop: Reading event 2 for dpy 0 from /sys/class/graphics/fb0/msm_fb_thermal_level
01-01 00:31:45.507   505   863 I qdhwcomposer: vsync_loop: Reading event 0 for dpy 1 from /sys/class/graphics/fb1/vsync_event
01-01 00:31:45.507   505   863 I qdhwcomposer: vsync_loop: Reading event 1 for dpy 1 from /sys/class/graphics/fb1/show_blank_event
01-01 00:31:45.507   505   863 I qdhwcomposer: vsync_loop: Reading event 2 for dpy 1 from /sys/class/graphics/fb1/msm_fb_thermal_level
01-01 00:31:45.507   505   863 I qdhwcomposer: vsync_loop: Reading event 0 for dpy 2 from /sys/class/graphics/fb1/vsync_event
01-01 00:31:45.507   505   863 I qdhwcomposer: vsync_loop: Reading event 1 for dpy 2 from /sys/class/graphics/fb1/show_blank_event
01-01 00:31:45.507   505   863 I qdhwcomposer: vsync_loop: Reading event 2 for dpy 2 from /sys/class/graphics/fb1/msm_fb_thermal_level
01-01 00:31:45.508   505   505 I SurfaceFlinger: EGL information:
01-01 00:31:45.508   505   505 I SurfaceFlinger: vendor    : Android
01-01 00:31:45.508   505   505 I SurfaceFlinger: version   : 1.4 Android META-EGL
01-01 00:31:45.508   505   505 I SurfaceFlinger: extensions: EGL_KHR_get_all_proc_addresses EGL_ANDROID_presentation_time EGL_KHR_swap_buffers_with_damage EGL_ANDROID_get_native_client_buffer EGL_ANDROID_front_buffer_auto_refresh EGL_ANDROID_get_frame_timestamps EGL_KHR_image EGL_KHR_image_base EGL_KHR_lock_surface EGL_KHR_gl_colorspace EGL_KHR_gl_texture_2D_image EGL_KHR_gl_texture_3D_image EGL_KHR_gl_texture_cubemap_image EGL_KHR_gl_renderbuffer_image EGL_KHR_reusable_sync EGL_KHR_fence_sync EGL_KHR_create_context EGL_KHR_surfaceless_context EGL_EXT_create_context_robustness EGL_ANDROID_image_native_buffer EGL_KHR_wait_sync EGL_ANDROID_recordable EGL_KHR_partial_update EGL_KHR_create_context_no_error EGL_KHR_mutable_render_buffer EGL_EXT_yuv_surface EGL_IMG_context_priority 
01-01 00:31:45.508   505   505 I SurfaceFlinger: Client API: OpenGL_ES
01-01 00:31:45.508   505   505 I SurfaceFlinger: EGLSurface: 8-8-8-8, config=0x75cf3c9fe0
01-01 00:31:45.513   505   505 I SurfaceFlinger: OpenGL ES informations:
01-01 00:31:45.513   505   505 I SurfaceFlinger: vendor    : Qualcomm
01-01 00:31:45.513   505   505 I SurfaceFlinger: renderer  : Adreno (TM) 418
01-01 00:31:45.513   505   505 I SurfaceFlinger: version   : OpenGL ES 3.2 V@145.0 (GIT@I25dc76dc3f)
01-01 00:31:45.513   505   505 I SurfaceFlinger: extensions: GL_OES_EGL_image GL_OES_EGL_image_external GL_OES_EGL_sync GL_OES_vertex_half_float GL_OES_framebuffer_object GL_OES_rgb8_rgba8 GL_OES_compressed_ETC1_RGB8_texture GL_AMD_compressed_ATC_texture GL_KHR_texture_compression_astc_ldr GL_OES_texture_npot GL_EXT_texture_filter_anisotropic GL_EXT_texture_format_BGRA8888 GL_OES_texture_3D GL_EXT_color_buffer_float GL_EXT_color_buffer_half_float GL_QCOM_alpha_test GL_OES_depth24 GL_OES_packed_depth_stencil GL_OES_depth_texture GL_OES_depth_texture_cube_map GL_EXT_sRGB GL_OES_texture_float GL_OES_texture_float_linear GL_OES_texture_half_float GL_OES_texture_half_float_linear GL_EXT_texture_type_2_10_10_10_REV GL_EXT_texture_sRGB_decode GL_OES_element_index_uint GL_EXT_copy_image GL_EXT_geometry_shader GL_EXT_tessellation_shader GL_OES_texture_stencil8 GL_EXT_shader_io_blocks GL_OES_shader_image_atomic GL_OES_sample_variables GL_EXT_texture_border_clamp GL_EXT_multisampled_render_to_texture GL_OES_shader_multisample_interpolation GL_EXT_texture_cube_map_arr
01-01 00:31:45.513   505   505 I SurfaceFlinger: GL_MAX_TEXTURE_SIZE = 16384
01-01 00:31:45.513   505   505 I SurfaceFlinger: GL_MAX_VIEWPORT_DIMS = 16384
01-01 00:31:45.524   520   697 E ThermalEngine: ACTION: CLUSTER - Setting CLUSTER[1] to 1248000
01-01 00:31:45.549   539   539 E mm-camera: vpe_module_init:26 name=vpe
01-01 00:31:45.549   539   539 E mm-camera: vpe_hardware_find_subdev:719: entity.name=video0 entity.revision=0
01-01 00:31:45.549   539   539 E mm-camera: vpe_hardware_find_subdev:719: entity.name=msm_cci entity.revision=0
01-01 00:31:45.549   539   539 E mm-camera: vpe_hardware_find_subdev:719: entity.name=v4l-subdev0 entity.revision=0
01-01 00:31:45.549   539   539 E mm-camera: vpe_hardware_find_subdev:719: entity.name=v4l-subdev1 entity.revision=0
01-01 00:31:45.549   539   539 E mm-camera: vpe_hardware_find_subdev:719: entity.name=v4l-subdev2 entity.revision=0
01-01 00:31:45.549   539   539 E mm-camera: vpe_hardware_find_subdev:719: entity.name=v4l-subdev3 entity.revision=0
01-01 00:31:45.549   539   539 E mm-camera: vpe_hardware_find_subdev:719: entity.name=v4l-subdev4 entity.revision=0
01-01 00:31:45.549   539   539 E mm-camera: vpe_hardware_find_subdev:719: entity.name=v4l-subdev5 entity.revision=0
01-01 00:31:45.549   539   539 E mm-camera: vpe_hardware_find_subdev:719: entity.name=v4l-subdev6 entity.revision=0
01-01 00:31:45.549   539   539 E mm-camera: vpe_hardware_find_subdev:719: entity.name=v4l-subdev7 entity.revision=0
01-01 00:31:45.549   539   539 E mm-camera: vpe_hardware_find_subdev:719: entity.name=v4l-subdev8 entity.revision=0
01-01 00:31:45.549   539   539 E mm-camera: vpe_hardware_find_subdev:719: entity.name=v4l-subdev9 entity.revision=0
01-01 00:31:45.549   539   539 E mm-camera: vpe_hardware_find_subdev:719: entity.name=v4l-subdev10 entity.revision=0
01-01 00:31:45.549   539   539 E mm-camera: vpe_hardware_find_subdev:719: entity.name=v4l-subdev11 entity.revision=0
01-01 00:31:45.549   539   539 E mm-camera: vpe_hardware_find_subdev:719: entity.name=v4l-subdev12 entity.revision=0
01-01 00:31:45.549   539   539 E mm-camera: vpe_hardware_find_subdev:719: entity.name=v4l-subdev13 entity.revision=0
01-01 00:31:45.549   539   539 E mm-camera: vpe_hardware_find_subdev:719: entity.name=v4l-subdev14 entity.revision=0
01-01 00:31:45.549   539   539 E mm-camera: vpe_hardware_find_subdev:719: entity.name=v4l-subdev15 entity.revision=0
01-01 00:31:45.549   539   539 E mm-camera: vpe_hardware_find_subdev:719: entity.name=v4l-subdev16 entity.revision=0
01-01 00:31:45.550   539   539 E mm-camera: vpe_hardware_find_subdev:719: entity.name=v4l-subdev17 entity.revision=17
01-01 00:31:45.550   539   539 E mm-camera: vpe_hardware_find_subdev:719: entity.name=v4l-subdev18 entity.revision=0
01-01 00:31:45.550   539   539 E mm-camera: vpe_hardware_find_subdev:719: entity.name=v4l-subdev19 entity.revision=0
01-01 00:31:45.550   539   539 E mm-camera: vpe_hardware_find_subdev:719: entity.name=v4l-subdev20 entity.revision=0
01-01 00:31:45.550   539   539 E mm-camera: vpe_hardware_find_subdev:719: entity.name=v4l-subdev21 entity.revision=0
01-01 00:31:45.550   539   539 E mm-camera: vpe_hardware_find_subdev:714: done enumerating media entities
01-01 00:31:45.550   539   539 E mm-camera: vpe_hardware_find_subdev:719: entity.name=video1 entity.revision=0
01-01 00:31:45.550   539   539 E mm-camera: vpe_hardware_find_subdev:714: done enumerating media entities
01-01 00:31:45.550   539   539 E mm-camera: vpe_hardware_find_subdev:719: entity.name=video2 entity.revision=0
01-01 00:31:45.550   539   539 E mm-camera: vpe_hardware_find_subdev:714: done enumerating media entities
01-01 00:31:45.550   539   539 E mm-camera: vpe_hardware_find_subdev:686: no more media devices
01-01 00:31:45.550   539   539 E mm-camera: vpe_hardware_find_subdev:731: no vpe device found.
01-01 00:31:45.550   539   539 E mm-camera: vpe_hardware_create:31: error: cannot find vpe subdev
01-01 00:31:45.550   539   539 E mm-camera: vpe_module_create_vpe_ctrl:141, failed, cannnot create vpe hardware instance
01-01 00:31:45.550   539   539 E mm-camera: vpe_module_init:34 failed
01-01 00:31:45.550   539   539 E mm-camera-vpu: vpu_module_init:54, INFO name=vpu
01-01 00:31:45.550   539   539 E mm-camera-pp: [INFO] base_module_init:142, name=tmod
01-01 00:31:45.553   539   539 E mm-camera-pp: [INFO] base_module_init:142, name=ezt
01-01 00:31:45.553   539   539 E mm-camera-eztune: Tuning lib open failed: dlopen failed: library "libmmcamera_tuning.so" not found
01-01 00:31:45.554   520   697 E ThermalEngine: ACTION: CLUSTER - Setting CLUSTER[1] to 960000
01-01 00:31:45.557   539   539 E mm-camera-img: frameproc_comp_reload_lib:1049] Error opening frameproc library libmmcamera_llvd.so error dlopen failed: library "libseemore.so" not found
01-01 00:31:45.557   539   539 E mm-camera-img: frameproc_comp_load:937] cannot load libmmcamera_llvd.so
01-01 00:31:45.557   539   539 E mm-camera: module_imgbase_init_llvd:2209] Error rc -6
01-01 00:31:45.558   539   539 E mm-camera: module_cac_init:1961] CAC disabled rc 0
01-01 00:31:45.558   539   539 E mm-camera: pproc_module_init:2812 num_sub_mods:5
01-01 00:31:45.558   539   539 E mm-camera-img: Can not discover face-detect device
01-01 00:31:45.558   539   539 E mm-camera-img: Can not find device name
01-01 00:31:45.558   539   539 E mm-camera-img: faceproc_dsp_comp_load:1225] E 
01-01 00:31:45.558   539   539 E mm-camera: module_faceproc_init:2392] HW or DSP FD not available switch to SW
01-01 00:31:45.569   539   539 E mm-camera-img: hdr_comp_reload_lib:1315] Error linking hdrSingleFrameCore
01-01 00:31:45.569   539   539 E hdr     : module_hdr_lib_query_mod:181] Supported scenemode cnt 1
01-01 00:31:45.584   520   697 E ThermalEngine: ACTION: CLUSTER - Setting CLUSTER[1] to 1248000
01-01 00:31:45.598   539   539 E mm-camera-img: frameproc_comp_load_fn_ptrs:880] Warning linking img_algo_frame_ind
01-01 00:31:45.599   539   539 E mm-camera-img: frameproc_comp_load_fn_ptrs:887] Warning linking img_algo_meta_ind
01-01 00:31:45.599   539   539 E mm-camera-img: img_dsp_dlopen:127] NOT FOUND llvd 
01-01 00:31:45.600   539   539 E mm-camera-img: frameproc_comp_reload_lib:1049] Error opening frameproc library libmmcamera_optizoom_lib.so error dlopen failed: library "liboptizoom.so" not found
01-01 00:31:45.600   539   539 E mm-camera-img: frameproc_comp_load:937] cannot load libmmcamera_optizoom_lib.so
01-01 00:31:45.600   539   539 E mm-camera: module_imgbase_init_imglib_optizoom:2209] Error rc -6
01-01 00:31:45.600   539   539 E mm-camera-img: module_imglib_create_topology:742] Can not init the module imglib_optizoom
01-01 00:31:45.602   539   539 E mm-camera-img: frameproc_comp_reload_lib:1049] Error opening frameproc library libmmcamera_ubifocus_lib.so error dlopen failed: library "libubifocus.so" not found
01-01 00:31:45.602   539   539 E mm-camera-img: frameproc_comp_load:937] cannot load libmmcamera_ubifocus_lib.so
01-01 00:31:45.602   539   539 E mm-camera: module_imgbase_init_imglib_ubifocus:2209] Error rc -6
01-01 00:31:45.602   539   539 E mm-camera-img: module_imglib_create_topology:742] Can not init the module imglib_ubifocus
01-01 00:31:45.603   539   539 E mm-camera-img: frameproc_comp_reload_lib:1049] Error opening frameproc library libmmcamera_ubifocus_lib.so error dlopen failed: library "libubifocus.so" not found
01-01 00:31:45.603   539   539 E mm-camera-img: frameproc_comp_load:937] cannot load libmmcamera_ubifocus_lib.so
01-01 00:31:45.603   539   539 E mm-camera: module_imgbase_init_imglib_refocus:2209] Error rc -6
01-01 00:31:45.603   539   539 E mm-camera-img: module_imglib_create_topology:742] Can not init the module imglib_refocus
01-01 00:31:45.608   539   539 E mm-camera-img: frameproc_comp_reload_lib:1049] Error opening frameproc library libmmcamera_trueportrait_lib.so error dlopen failed: library "libtrueportrait.so" not found
01-01 00:31:45.608   539   539 E mm-camera-img: frameproc_comp_load:937] cannot load libmmcamera_trueportrait_lib.so
01-01 00:31:45.608   539   539 E mm-camera: module_imgbase_init_imglib_trueportrait:2209] Error rc -6
01-01 00:31:45.608   539   539 E mm-camera-img: module_imglib_create_topology:742] Can not init the module imglib_trueportrait
01-01 00:31:45.611   539   539 E mm-camera-img: frameproc_comp_reload_lib:1049] Error opening frameproc library libmmcamera_stillmore_lib.so error dlopen failed: library "libseemore.so" not found
01-01 00:31:45.611   539   539 E mm-camera-img: frameproc_comp_load:937] cannot load libmmcamera_stillmore_lib.so
01-01 00:31:45.611   539   539 E mm-camera: module_imgbase_init_imglib_stillmore:2209] Error rc -6
01-01 00:31:45.611   539   539 E mm-camera-img: module_imglib_create_topology:742] Can not init the module imglib_stillmore
01-01 00:31:45.614   520   697 E ThermalEngine: ACTION: CLUSTER - Setting CLUSTER[1] to 960000
01-01 00:31:45.645   520   697 E ThermalEngine: ACTION: CLUSTER - Setting CLUSTER[1] to 1248000
01-01 00:31:45.675   520   697 E ThermalEngine: ACTION: CLUSTER - Setting CLUSTER[1] to 960000
01-01 00:31:45.705   520   697 E ThermalEngine: ACTION: CLUSTER - Setting CLUSTER[1] to 1248000
01-01 00:31:45.735   520   697 E ThermalEngine: ACTION: CLUSTER - Setting CLUSTER[1] to 960000
01-01 00:31:45.796   520   697 E ThermalEngine: ACTION: CLUSTER - Setting CLUSTER[1] to 1248000
01-01 00:31:45.802   520   697 E ThermalEngine: ACTION: CLUSTER - Setting CLUSTER[1] to 1344000
01-01 00:31:45.832   520   697 E ThermalEngine: ACTION: CLUSTER - Setting CLUSTER[1] to 1248000
01-01 00:31:45.862   520   697 E ThermalEngine: ACTION: CLUSTER - Setting CLUSTER[1] to 960000
01-01 00:31:45.878   505   505 D SurfaceFlinger: shader cache generated - 24 shaders in 309.532196 ms
01-01 00:31:45.879   505   505 D SurfaceFlinger: Set power mode=2, type=0 flinger=0x75cf26d000
01-01 00:31:45.879   505   505 D qdhwcomposer: hwc_setPowerMode: Setting mode 2 on display: 0
01-01 00:31:45.879   505   863 I qdhwcomposer: handle_blank_event: dpy:0 panel power state: 1
01-01 00:31:45.880   505   505 E qdhdmi  : writeHPDOption: file write failed 'hpd'
01-01 00:31:45.880   505   505 D qdhwcomposer: hwc_setPowerMode: Done setting mode 2 on display 0
01-01 00:31:45.892   520   697 E ThermalEngine: ACTION: CLUSTER - Setting CLUSTER[1] to 1248000
01-01 00:31:45.915   505   505 D qdutils : DEBUG_CALC_FPS: 0
01-01 00:31:45.915   505   505 D qdutils : period: 10
01-01 00:31:45.915   505   505 D qdutils : ignorethresh_us: 500000
01-01 00:31:45.923   520   697 E ThermalEngine: ACTION: CLUSTER - Setting CLUSTER[1] to 960000
01-01 00:31:45.953   520   697 E ThermalEngine: ACTION: CLUSTER - Setting CLUSTER[1] to 1248000
01-01 00:31:45.983   520   697 E ThermalEngine: ACTION: CLUSTER - Setting CLUSTER[1] to 960000
01-01 00:31:46.013   520   697 E ThermalEngine: ACTION: CLUSTER - Setting CLUSTER[1] to 1248000
01-01 00:31:46.044   520   697 E ThermalEngine: ACTION: CLUSTER - Setting CLUSTER[1] to 960000
01-01 00:31:46.104   520   697 E ThermalEngine: ACTION: CLUSTER - Setting CLUSTER[1] to 1248000
01-01 00:31:46.134   520   697 E ThermalEngine: ACTION: CLUSTER - Setting CLUSTER[1] to 960000
01-01 00:31:46.136   501   656 D PerMgrSrv: modem new state: is on-line
01-01 00:31:46.165   520   697 E ThermalEngine: ACTION: CLUSTER - Setting CLUSTER[1] to 1248000
01-01 00:31:46.195   520   697 E ThermalEngine: ACTION: CLUSTER - Setting CLUSTER[1] to 960000
01-01 00:31:46.199   506   506 I rmt_storage: rmt_storage_connect_cb: clnt_h=0x1 conn_h=0x7ac602c230
01-01 00:31:46.199   506   506 I rmt_storage: rmt_storage_open_cb: /boot/modem_fs1: clnt_h=0x1: req_h=0x1 msg_id=1: Client found
01-01 00:31:46.199   506   506 I rmt_storage: rmt_storage_open_cb: /boot/modem_fs1: clnt_h=0x1: req_h=0x1 msg_id=1: Send response: res=0 err=0
01-01 00:31:46.199   506   882 I rmt_storage: rmt_storage_client_thread: /boot/modem_fs1: clnt_h=0x1 Worker thread started
01-01 00:31:46.199   506   882 I rmt_storage: wake lock name: rmt_storage_527306253552, name creation success: 24
01-01 00:31:46.199   506   506 I rmt_storage: rmt_storage_disconnect_cb: clnt_h=0x1 conn_h=0x7ac602c230
01-01 00:31:46.200   506   506 I rmt_storage: rmt_storage_connect_cb: clnt_h=0x2 conn_h=0x7ac602c230
01-01 00:31:46.200   506   506 I rmt_storage: rmt_storage_open_cb: /boot/modem_fs2: clnt_h=0x2: req_h=0x2 msg_id=1: Client found
01-01 00:31:46.200   506   883 I rmt_storage: rmt_storage_client_thread: /boot/modem_fs2: clnt_h=0x2 Worker thread started
01-01 00:31:46.200   506   506 I rmt_storage: rmt_storage_open_cb: /boot/modem_fs2: clnt_h=0x2: req_h=0x2 msg_id=1: Send response: res=0 err=0
01-01 00:31:46.200   506   883 I rmt_storage: wake lock name: rmt_storage_527305217264, name creation success: 24
01-01 00:31:46.200   506   506 I rmt_storage: rmt_storage_disconnect_cb: clnt_h=0x2 conn_h=0x7ac602c230
01-01 00:31:46.201   506   506 I rmt_storage: rmt_storage_connect_cb: clnt_h=0x3 conn_h=0x7ac602c230
01-01 00:31:46.201   506   506 I rmt_storage: rmt_storage_open_cb: /boot/modem_fsg: clnt_h=0x3: req_h=0x3 msg_id=1: Client found
01-01 00:31:46.201   506   506 I rmt_storage: rmt_storage_open_cb: /boot/modem_fsg: clnt_h=0x3: req_h=0x3 msg_id=1: Send response: res=0 err=0
01-01 00:31:46.201   506   884 I rmt_storage: rmt_storage_client_thread: /boot/modem_fsg: clnt_h=0x3 Worker thread started
01-01 00:31:46.201   506   884 I rmt_storage: wake lock name: rmt_storage_527304180976, name creation success: 24
01-01 00:31:46.201   506   506 I rmt_storage: rmt_storage_disconnect_cb: clnt_h=0x3 conn_h=0x7ac602c230
01-01 00:31:46.202   506   506 I rmt_storage: rmt_storage_connect_cb: clnt_h=0x4 conn_h=0x7ac602c230
01-01 00:31:46.202   506   506 I rmt_storage: rmt_storage_open_cb: /boot/modem_fsc: clnt_h=0x4: req_h=0x4 msg_id=1: Client found
01-01 00:31:46.202   506   506 I rmt_storage: rmt_storage_open_cb: /boot/modem_fsc: clnt_h=0x4: req_h=0x4 msg_id=1: Send response: res=0 err=0
01-01 00:31:46.202   506   885 I rmt_storage: rmt_storage_client_thread: /boot/modem_fsc: clnt_h=0x4 Worker thread started
01-01 00:31:46.202   506   885 I rmt_storage: wake lock name: rmt_storage_527303144688, name creation success: 24
01-01 00:31:46.202   506   506 I rmt_storage: rmt_storage_disconnect_cb: clnt_h=0x4 conn_h=0x7ac602c230
01-01 00:31:46.203   506   506 I rmt_storage: rmt_storage_connect_cb: clnt_h=0x5 conn_h=0x7ac602c230
01-01 00:31:46.203   506   506 I rmt_storage: rmt_storage_alloc_buff_cb: /boot/modem_fs1: clnt_h=0x5: req_h=0x5 msg_id=4: Alloc request received: Size: 0
01-01 00:31:46.203   506   506 I rmt_storage: rmt_storage_alloc_buff_cb: /boot/modem_fs1: clnt_h=0x5: req_h=0x5 msg_id=4: New client making a dummy request with buffer req size 0
01-01 00:31:46.203   506   506 I rmt_storage: rmt_storage_alloc_buff_cb: /boot/modem_fs1: clnt_h=0x5: req_h=0x5 msg_id=4: Send response: res=0 err=0
01-01 00:31:46.203   506   506 I rmt_storage: rmt_storage_disconnect_cb: clnt_h=0x5 conn_h=0x7ac602c230
01-01 00:31:46.203   506   506 I rmt_storage: rmt_storage_connect_cb: clnt_h=0x6 conn_h=0x7ac602c230
01-01 00:31:46.203   506   506 I rmt_storage: rmt_storage_rw_iovec_cb: /boot/modem_fs1: clnt_h=0x6: req_h=0x6 msg_id=3: R/W request received
01-01 00:31:46.203   506   506 I rmt_storage: wakelock acquired: 1, error no: 42
01-01 00:31:46.203   506   882 I rmt_storage: rmt_storage_client_thread: /boot/modem_fs1: clnt_h=0x6 Unblock worker thread (th_id: 527306253552)
01-01 00:31:46.204   506   882 I rmt_storage: rmt_storage_client_thread: /boot/modem_fs1: clnt_h=0x6: req_h=0x6 msg_id=3: Bytes read = 512
01-01 00:31:46.204   506   882 I rmt_storage: rmt_storage_client_thread: /boot/modem_fs1: clnt_h=0x6: req_h=0x6 msg_id=3: Send response: res=0 err=0
01-01 00:31:46.205   506   882 I rmt_storage: rmt_storage_client_thread: /boot/modem_fs1: clnt_h=0x6 About to block rmt_storage client thread (th_id: 527306253552) wakelock released: 1, error no: 0
01-01 00:31:46.205   506   882 I rmt_storage: 
01-01 00:31:46.205   506   506 I rmt_storage: rmt_storage_disconnect_cb: clnt_h=0x6 conn_h=0x7ac602c230
01-01 00:31:46.205   506   506 I rmt_storage: rmt_storage_connect_cb: clnt_h=0x7 conn_h=0x7ac602c230
01-01 00:31:46.205   506   506 I rmt_storage: rmt_storage_rw_iovec_cb: /boot/modem_fs2: clnt_h=0x7: req_h=0x7 msg_id=3: R/W request received
01-01 00:31:46.205   506   506 I rmt_storage: wakelock acquired: 1, error no: 42
01-01 00:31:46.205   506   883 I rmt_storage: rmt_storage_client_thread: /boot/modem_fs2: clnt_h=0x7 Unblock worker thread (th_id: 527305217264)
01-01 00:31:46.206   506   883 I rmt_storage: rmt_storage_client_thread: /boot/modem_fs2: clnt_h=0x7: req_h=0x7 msg_id=3: Bytes read = 512
01-01 00:31:46.206   506   883 I rmt_storage: rmt_storage_client_thread: /boot/modem_fs2: clnt_h=0x7: req_h=0x7 msg_id=3: Send response: res=0 err=0
01-01 00:31:46.206   506   883 I rmt_storage: rmt_storage_client_thread: /boot/modem_fs2: clnt_h=0x7 About to block rmt_storage client thread (th_id: 527305217264) wakelock released: 1, error no: 0
01-01 00:31:46.206   506   883 I rmt_storage: 
01-01 00:31:46.206   506   506 I rmt_storage: rmt_storage_disconnect_cb: clnt_h=0x7 conn_h=0x7ac602c230
01-01 00:31:46.207   506   506 I rmt_storage: rmt_storage_connect_cb: clnt_h=0x8 conn_h=0x7ac602c230
01-01 00:31:46.207   506   506 I rmt_storage: rmt_storage_rw_iovec_cb: /boot/modem_fs1: clnt_h=0x8: req_h=0x8 msg_id=3: R/W request received
01-01 00:31:46.207   506   506 I rmt_storage: wakelock acquired: 1, error no: 42
01-01 00:31:46.207   506   882 I rmt_storage: rmt_storage_client_thread: /boot/modem_fs1: clnt_h=0x8 Unblock worker thread (th_id: 527306253552)
01-01 00:31:46.214   506   882 I rmt_storage: rmt_storage_client_thread: /boot/modem_fs1: clnt_h=0x8: req_h=0x8 msg_id=3: Bytes read = 1571840
01-01 00:31:46.214   506   882 I rmt_storage: rmt_storage_client_thread: /boot/modem_fs1: clnt_h=0x8: req_h=0x8 msg_id=3: Send response: res=0 err=0
01-01 00:31:46.214   506   882 I rmt_storage: rmt_storage_client_thread: /boot/modem_fs1: clnt_h=0x8 About to block rmt_storage client thread (th_id: 527306253552) wakelock released: 1, error no: 0
01-01 00:31:46.214   506   882 I rmt_storage: 
01-01 00:31:46.214   506   506 I rmt_storage: rmt_storage_disconnect_cb: clnt_h=0x8 conn_h=0x7ac602c230
01-01 00:31:46.225   520   697 E ThermalEngine: ACTION: CLUSTER - Setting CLUSTER[1] to 1248000
01-01 00:31:46.256   520   697 E ThermalEngine: ACTION: CLUSTER - Setting CLUSTER[1] to 960000
01-01 00:31:46.295   540   633 E QMI_FW  : QMUXD: WARNING qmi_qmux_if_pwr_up_init failed! rc=-1
01-01 00:31:46.296   540   633 I chatty  : uid=1000(system) /system/bin/time_daemon identical 2 lines
01-01 00:31:46.296   540   633 E QMI_FW  : QMUXD: WARNING qmi_qmux_if_pwr_up_init failed! rc=-1
01-01 00:31:46.296   540   633 E QC-time-services: Daemon:genoff_modem_qmi_service_request: qmi_client_get_service_list returned 0num_services 1
01-01 00:31:46.296   540   633 E QMI_FW  : QMUXD: WARNING qmi_qmux_if_pwr_up_init failed! rc=-1
01-01 00:31:46.299   540   633 I chatty  : uid=1000(system) /system/bin/time_daemon identical 10 lines
01-01 00:31:46.299   540   633 E QMI_FW  : QMUXD: WARNING qmi_qmux_if_pwr_up_init failed! rc=-1
01-01 00:31:46.300   540   633 D QC-time-services: Daemon:genoff_modem_qmi_service_request: Initial transaction successfull
01-01 00:31:46.316   520   697 E ThermalEngine: ACTION: CLUSTER - Setting CLUSTER[1] to 1248000
01-01 00:31:46.347   520   697 E ThermalEngine: ACTION: CLUSTER - Setting CLUSTER[1] to 960000
01-01 00:31:46.407   520   697 E ThermalEngine: ACTION: CLUSTER - Setting CLUSTER[1] to 1248000
01-01 00:31:46.437   520   697 E ThermalEngine: ACTION: CLUSTER - Setting CLUSTER[1] to 960000
01-01 00:31:46.468   520   697 E ThermalEngine: ACTION: CLUSTER - Setting CLUSTER[1] to 1248000
01-01 00:31:46.478   878   890 I vndksupport: sphal namespace is not configured for this process. Loading /vendor/lib64/egl/libEGL_adreno.so from the current namespace instead.
01-01 00:31:46.480   878   890 D libEGL  : loaded /vendor/lib64/egl/libEGL_adreno.so
01-01 00:31:46.490   538   819 E Sensors : sns_smr_util.c(106):Unable to initialize service 337 with QCCI, timed out (2000 ms)
01-01 00:31:46.490   538   819 E Sensors : sns_acm_mr.c(546):Error getting info for service 81
01-01 00:31:46.490   538   820 E Sensors : sns_smr_util.c(106):Unable to initialize service 338 with QCCI, timed out (2000 ms)
01-01 00:31:46.491   538   538 I sensors.qcom: type=1400 audit(0.0:352): avc: denied { getattr } for path="/dev/socket/sensor_ctl_socket" dev="tmpfs" ino=16583 scontext=u:r:init:s0 tcontext=u:object_r:socket_device:s0 tclass=sock_file permissive=1
01-01 00:31:46.491   538   820 E Sensors : sns_acm_mr.c(546):Error getting info for service 82
01-01 00:31:46.491   538   826 E Sensors : sns_smr_util.c(106):Unable to initialize service 342 with QCCI, timed out (2000 ms)
01-01 00:31:46.492   538   826 E Sensors : sns_acm_mr.c(546):Error getting info for service 86
01-01 00:31:46.494   538   894 E Sensors : sns_debug_main.c(544):Debug Config File missing in EFS!
01-01 00:31:46.494   878   890 I vndksupport: sphal namespace is not configured for this process. Loading /vendor/lib64/egl/libGLESv1_CM_adreno.so from the current namespace instead.
01-01 00:31:46.495   538   538 I sensors.qcom: type=1400 audit(0.0:353): avc: denied { write } for name="sensor_ctl_socket" dev="tmpfs" ino=16583 scontext=u:r:init:s0 tcontext=u:object_r:socket_device:s0 tclass=sock_file permissive=1
01-01 00:31:46.495   878   890 D libEGL  : loaded /vendor/lib64/egl/libGLESv1_CM_adreno.so
01-01 00:31:46.498   520   697 E ThermalEngine: ACTION: CLUSTER - Setting CLUSTER[1] to 960000
01-01 00:31:46.523   878   890 I vndksupport: sphal namespace is not configured for this process. Loading /vendor/lib64/egl/libGLESv2_adreno.so from the current namespace instead.
01-01 00:31:46.524   878   890 D libEGL  : loaded /vendor/lib64/egl/libGLESv2_adreno.so
01-01 00:31:46.528   520   697 E ThermalEngine: ACTION: CLUSTER - Setting CLUSTER[1] to 1248000
01-01 00:31:46.555   878   890 I Adreno  : QUALCOMM build                   : d3015e9, I25dc76dc3f
01-01 00:31:46.555   878   890 I Adreno  : Build Date                       : 01/26/17
01-01 00:31:46.555   878   890 I Adreno  : OpenGL ES Shader Compiler Version: XE031.09.00.03
01-01 00:31:46.555   878   890 I Adreno  : Local Branch                     : 
01-01 00:31:46.555   878   890 I Adreno  : Remote Branch                    : refs/tags/AU_LINUX_ANDROID_LA.BF64.1.2.3_RB1.07.00.00.258.011
01-01 00:31:46.555   878   890 I Adreno  : Remote Branch                    : NONE
01-01 00:31:46.555   878   890 I Adreno  : Reconstruct Branch               : NOTHING
01-01 00:31:46.558   520   697 E ThermalEngine: ACTION: CLUSTER - Setting CLUSTER[1] to 960000
01-01 00:31:46.619   520   697 E ThermalEngine: ACTION: CLUSTER - Setting CLUSTER[1] to 1248000
01-01 00:31:46.624   878   890 D BootAnimation: BootAnimationShownTiming start time: 7703ms
01-01 00:31:46.650   520   697 E ThermalEngine: ACTION: CLUSTER - Setting CLUSTER[1] to 960000
01-01 00:31:46.711   520   697 E ThermalEngine: ACTION: CLUSTER - Setting CLUSTER[1] to 1248000
01-01 00:31:46.723   505   505 D MDP_SCALE: Debug enabled = 0, Max mixer width= 4096
01-01 00:31:46.741   520   697 E ThermalEngine: ACTION: CLUSTER - Setting CLUSTER[1] to 960000
01-01 00:31:46.772   520   697 E ThermalEngine: ACTION: CLUSTER - Setting CLUSTER[1] to 1248000
01-01 00:31:46.802   520   697 E ThermalEngine: ACTION: CLUSTER - Setting CLUSTER[1] to 960000
01-01 00:31:46.832   520   697 E ThermalEngine: ACTION: CLUSTER - Setting CLUSTER[1] to 1248000
01-01 00:31:46.862   520   697 E ThermalEngine: ACTION: CLUSTER - Setting CLUSTER[1] to 960000
01-01 00:31:46.892   520   697 E ThermalEngine: ACTION: CLUSTER - Setting CLUSTER[1] to 1248000
01-01 00:31:46.923   520   697 E ThermalEngine: ACTION: CLUSTER - Setting CLUSTER[1] to 960000
01-01 00:31:46.953   520   697 E ThermalEngine: ACTION: CLUSTER - Setting CLUSTER[1] to 1248000
01-01 00:31:46.983   520   697 E ThermalEngine: ACTION: CLUSTER - Setting CLUSTER[1] to 960000
01-01 00:31:47.013   520   697 E ThermalEngine: ACTION: CLUSTER - Setting CLUSTER[1] to 1248000
01-01 00:31:47.043   520   697 E ThermalEngine: ACTION: CLUSTER - Setting CLUSTER[1] to 960000
01-01 00:31:47.073   520   697 E ThermalEngine: ACTION: CLUSTER - Setting CLUSTER[1] to 1248000
01-01 00:31:47.104   520   697 E ThermalEngine: ACTION: CLUSTER - Setting CLUSTER[1] to 960000
01-01 00:31:47.134   520   697 E ThermalEngine: ACTION: CLUSTER - Setting CLUSTER[1] to 1248000
01-01 00:31:47.164   520   697 E ThermalEngine: ACTION: CLUSTER - Setting CLUSTER[1] to 960000
01-01 00:31:47.194   520   697 E ThermalEngine: ACTION: CLUSTER - Setting CLUSTER[1] to 1248000
01-01 00:31:47.224   520   697 E ThermalEngine: ACTION: CLUSTER - Setting CLUSTER[1] to 960000
01-01 00:31:47.255   520   697 E ThermalEngine: ACTION: CLUSTER - Setting CLUSTER[1] to 1248000
01-01 00:31:47.265   520   697 E ThermalEngine: ACTION: CLUSTER - Setting CLUSTER[1] to 1344000
01-01 00:31:47.295   520   697 E ThermalEngine: ACTION: CLUSTER - Setting CLUSTER[1] to 1248000
01-01 00:31:47.326   520   697 E ThermalEngine: ACTION: CLUSTER - Setting CLUSTER[1] to 960000
01-01 00:31:47.356   520   697 E ThermalEngine: ACTION: CLUSTER - Setting CLUSTER[1] to 1248000
01-01 00:31:47.386   520   697 E ThermalEngine: ACTION: CLUSTER - Setting CLUSTER[1] to 960000
01-01 00:31:47.416   520   697 E ThermalEngine: ACTION: CLUSTER - Setting CLUSTER[1] to 1248000
01-01 00:31:47.446   520   697 E ThermalEngine: ACTION: CLUSTER - Setting CLUSTER[1] to 960000
01-01 00:31:47.476   520   697 E ThermalEngine: ACTION: CLUSTER - Setting CLUSTER[1] to 1248000
01-01 00:31:47.507   520   697 E ThermalEngine: ACTION: CLUSTER - Setting CLUSTER[1] to 960000
01-01 00:31:47.537   520   697 E ThermalEngine: ACTION: CLUSTER - Setting CLUSTER[1] to 1248000
01-01 00:31:47.567   520   697 E ThermalEngine: ACTION: CLUSTER - Setting CLUSTER[1] to 960000
01-01 00:31:47.568   610   610 I dex2oat : Explicit concurrent copying GC freed 8642(1381KB) AllocSpace objects, 0(0B) LOS objects, 75% free, 1642KB/6MB, paused 67us total 24.250ms
01-01 00:31:47.598   520   697 E ThermalEngine: ACTION: CLUSTER - Setting CLUSTER[1] to 1248000
01-01 00:31:47.608   665   665 I dex2oat : Explicit concurrent copying GC freed 8642(2MB) AllocSpace objects, 0(0B) LOS objects, 73% free, 2MB/8MB, paused 60us total 28.510ms
