02-23 16:48:01.366   532   532 I mm-camera: pproc_port_add_modules_to_stream:433, linking mods tmod and c2d
02-23 16:48:01.368   532   532 I mm-camera: pproc_port_add_modules_to_stream:433, linking mods c2d and cpp
02-23 16:48:01.368   532   532 E mm-camera: Interleaved flag is 0, identity 65551 port type 0
02-23 16:48:01.368   532   532 I mm-camera: pproc_port_add_modules_to_stream:433, linking mods cpp and afs
02-23 16:48:01.368   532   532 I mm-camera: pproc_port_add_modules_to_stream:433, linking mods afs and llvd
02-23 16:48:01.368   532   532 I mm-camera: pproc_port_add_modules_to_stream:433, linking mods llvd and ezt
02-23 16:48:01.368   532   532 E mm-camera: pproc_port_add_modules_to_stream:454] X rc: 1
02-23 16:48:01.374   532   532 D mm-camera: mct: mct_pipeline_process_set: Linking successful for stream 0x1000f stream type=10
02-23 16:48:01.393 21679 21679 D mm-jpeg-intf: Max picture size 5312 x 2988, WorkBufSize = 23967744
02-23 16:48:01.398 21679 21679 I qomx_image_core: OMX_Init:95] Complete 3
02-23 16:48:01.398 21679 21679 E QCameraHWI_Mem: void qcamera::QCameraMemory::traceLogAllocStart(size_t, int, const char*):HeapMemsize 659104
02-23 16:48:01.398 21679 21679 E QCameraHWI_Mem: void qcamera::QCameraMemory::traceLogAllocStart(size_t, int, const char*):Memsize 659104
02-23 16:48:01.399 21679 21679 E QCameraHWI_Mem: void qcamera::QCameraMemory::traceLogAllocEnd(size_t) 659104
02-23 16:48:01.399 21679 21679 E QCameraHWI_Mem: void qcamera::QCameraMemory::traceLogAllocEnd(size_t) 659104
02-23 16:48:01.399 21679 21679 D QCameraParameters: int32_t qcamera::QCameraParameters::initDefaultParameters(): supported preview sizes: 2560x1440,1920x1440,2048x1536,2048x1080,1920x1080,1776x1080,1440x1080,1280x960,1280x720,960x720,864x480,880x720,848x480,800x480,768x432,720x480,640x640,640x480,640x360,576x432,480x320,384x288,352x288,320x240,240x160,176x144
02-23 16:48:01.400 21679 21679 D QCameraParameters: int32_t qcamera::QCameraParameters::initDefaultParameters(): supported video sizes: 1920x1080,1280x960,1280x720,864x480,848x480,800x480,720x480,640x480,640x360,480x320,352x288,320x240,176x144,144x176
02-23 16:48:01.400 21679 21679 D QCameraParameters: int32_t qcamera::QCameraParameters::initDefaultParameters(): supported pic sizes: 5312x2988,3984x2988,3840x2160,3264x2448,3264x1836,2560x1920,2592x1944,2688x1512,2048x1536,1920x1080,1600x1200,1536x864,1280x960,1280x768,1280x720,1024x768,880x720,800x600,864x480,800x480,720x480,640x480,640x360,352x288,320x240,176x144
02-23 16:48:01.400 21679 21679 D QCameraParameters: int32_t qcamera::QCameraParameters::setPreviewFpsRange(int, int, int, int): Setting preview fps range 2000,30000
02-23 16:48:01.400 21679 21679 D QCameraParameters: int32_t qcamera::QCameraParameters::setPreviewFpsRange(int, int, int, int): Updated: minFps = 2000, maxFps = 30000 , vid minFps = 2000, vid maxFps = 30000
02-23 16:48:01.400 21679 21679 D QCamera2HWI: int qcamera::QCamera2HardwareInterface::calcThermalLevel(qcamera::qcamera_thermal_level_enum_t, int, int, cam_fps_range_t&, msm_vfe_frame_skip_pattern&): level: 0, preview minfps 2000.000000, preview maxfpS 30000.000000, video minfps 2000.000000, video maxfpS 30000.000000
02-23 16:48:01.400 21679 21679 D QCamera2HWI: int qcamera::QCamera2HardwareInterface::calcThermalLevel(qcamera::qcamera_thermal_level_enum_t, int, int, cam_fps_range_t&, msm_vfe_frame_skip_pattern&): Thermal level 0, FPS [2.00,30.00, 2.00,30.00], frameskip 0
02-23 16:48:01.400 21679 21679 D QCameraParameters: int32_t qcamera::QCameraParameters::setPreviewFpsRange(int, int, int, int): Thermal adjusted Preview fps range 2.00,30.00, 2.00, 30.00
02-23 16:48:01.400 21679 21679 D QCameraParameters: int32_t qcamera::QCameraParameters::initDefaultParameters(): supported fps rates: 2,3,4,5,6,7,8,9,10,11,12,13,14,15,16,17,18,19,20,21,22,23,24,25,26,27,28,29,30
02-23 16:48:01.400 21679 21679 D QCameraParameters: int32_t qcamera::QCameraParameters::setFocusMode(const char*): Setting focus mode auto
02-23 16:48:01.400 21679 21679 D QCameraParameters: initDefaultParameters: setting KEY_FOCUS_DISTANCES as 0.100000,0.150000,0.170000
02-23 16:48:01.401 21679 21679 D QCameraParameters: int32_t qcamera::QCameraParameters::setAutoExposure(const char*): Setting auto exposure center-weighted
02-23 16:48:01.401 21679 21679 D QCameraParameters: int32_t qcamera::QCameraParameters::setAntibanding(const char*): Setting AntiBanding value auto
02-23 16:48:01.401 21679 21679 D QCameraParameters: int32_t qcamera::QCameraParameters::setFlash(const char*): Setting Flash value off
02-23 16:48:01.401 21679 21679 D QCameraParameters: int32_t qcamera::QCameraParameters::setISOValue(const char*): Setting ISO value auto
02-23 16:48:01.401 21679 21679 D QCameraParameters: int32_t qcamera::QCameraParameters::initDefaultParameters(), Exposure time min 0.034133 ms, max 29377.348000 ms
02-23 16:48:01.401 21679 21679 D QCameraParameters: int32_t qcamera::QCameraParameters::initDefaultParameters(), ISO min 50, max 800
02-23 16:48:01.403 21679 21679 D QCameraParameters: int32_t qcamera::QCameraParameters::setZoom(int): zoom level: 0
02-23 16:48:01.403 21679 21679 I QCameraParameters: int32_t qcamera::QCameraParameters::initDefaultParameters(): setting Exposure Bracketing value of 0,10,-9
02-23 16:48:01.404 21679 21679 D QCameraParameters: int32_t qcamera::QCameraParameters::setAEBracket(const char*), EXP_BRACKETING_OFF
02-23 16:48:01.404 21679 21679 D QCameraParameters: int32_t qcamera::QCameraParameters::setAFBracket(const char*): afBracketStr =af-bracket-off
02-23 16:48:01.404 21679 21679 D QCameraParameters: int32_t qcamera::QCameraParameters::setReFocus(const char*): reFocusStr =re-focus-off
02-23 16:48:01.404 21679 21679 D QCameraParameters: int32_t qcamera::QCameraParameters::setChromaFlash(const char*): chromaFlashStr =chroma-flash-off
02-23 16:48:01.404 21679 21679 D QCameraParameters: int32_t qcamera::QCameraParameters::setOptiZoom(const char*): optiZoomStr =opti-zoom-off
02-23 16:48:01.404 21679 21679 D QCameraParameters: int32_t qcamera::QCameraParameters::setSeeMore(const char*): seeMoreStr =off
02-23 16:48:01.404 21679 21679 D QCameraParameters: int32_t qcamera::QCameraParameters::setToneMapMode(uint32_t, bool): tone map mode 1 
02-23 16:48:01.404 21679 21679 D QCameraParameters: int32_t qcamera::QCameraParameters::setAecLock(const char*): Setting AECLock value false
02-23 16:48:01.404 21679 21679 D QCameraParameters: int32_t qcamera::QCameraParameters::setAwbLock(const char*): Setting AWBLock value false
02-23 16:48:01.404 21679 21679 D QCameraParameters: int32_t qcamera::QCameraParameters::initDefaultParameters(): totalram = -1334108160, freeram = 365998080 
02-23 16:48:01.404 21679 21679 D QCameraParameters: void qcamera::QCameraParameters::setOfflineRAW(): Offline Raw  0
02-23 16:48:01.404 21679 21679 E LGCameraParameters: void qcamera::QCameraParameters::initDefaultParametersEx(): multi_window_af_supported = 1
02-23 16:48:01.404 21679 21679 E LGCameraParameters: createMultiWindowString: (-280,-280,0,0,1),(-140,-420,140,-140,1),(0,-280,280,0,1),(-420,-140,-140,140,1),(-140,-140,140,140,1),(140,-140,420,140,1),(-280,0,0,280,1),(-140,140,140,420,1),(0,0,280,280,1),(-220,-220,220,220,1)
02-23 16:48:01.404 21679 21679 E LGCameraParameters: createMultiWindowString: (720,720,1000,1000,1),(860,580,1140,860,1),(1000,720,1280,1000,1),(580,860,860,1140,1),(860,860,1140,1140,1),(1140,860,1420,1140,1),(720,1000,1000,1420,1),(860,1140,1140,1420,1),(1000,1000,1280,1280,1)
02-23 16:48:01.405 21679 21679 D LGCameraParameters: int32_t qcamera::QCameraParameters::setLG_ISOcontrol(const char*): Setting ISO value auto
02-23 16:48:01.405 21679 21679 E LGCameraParameters: int32_t qcamera::QCameraParameters::setBeautyLevel(int) : [ARC_BEAUTY] beautylevel = 0
02-23 16:48:01.405   532 22023 E mm-camera: sensor_set_frame_rate:1176max fps 30.000000 min fps 2.000000,fixed_frame_rate=0 
02-23 16:48:01.406   532 22023 E mm-camera: iface_util_set_hfr: can't find hw stream, only save hfr mode
02-23 16:48:01.406 21679 21679 D QCameraParameters: int32_t qcamera::QCameraParameters::setNumOfSnapshot(): nBurstNum = 1, nExpnum = 1
02-23 16:48:01.407 21679 21679 I Thermal-Lib: Thermal-Lib-Client: Registraion successful for camera with handle:1
02-23 16:48:01.407 21679 21679 I Thermal-Lib: Thermal-Lib-Client: Registraion successful for camcorder with handle:2
02-23 16:48:01.407 21679 21679 I QCamera2HWI: [KPI Perf] int qcamera::QCamera2HardwareInterface::openCamera(hw_device_t**): X PROFILE_OPEN_CAMERA camera id 0, rc: 0
02-23 16:48:01.407 21679 21679 E QCamera2HWI: int qcamera::QCamera2HardwareInterface::openCamera(hw_device_t**):[PREVIEW_COUNT] preview_count(1)
02-23 16:48:01.408   510   643 I ThermalEngine: Thermal-Server: Adding thermal event listener on fd 65
02-23 16:48:01.409 21679 22030 I Thermal-Lib: Thermal-Lib-Client: Client received msg camera 0
02-23 16:48:01.409 21679 22030 D QCamera2HWI: virtual int qcamera::QCamera2HardwareInterface::thermalEvtHandle(qcamera::qcamera_thermal_level_enum_t*, void*, void*): level = 0, userdata = 0x0, data = 0x0
02-23 16:48:01.409 21679 22030 I Thermal-Lib: Thermal-Lib-Client: Client received msg camcorder 0
02-23 16:48:01.409 21679 21964 E QCameraStateMachine: int32_t qcamera::QCameraStateMachine::procEvtPreviewStoppedState(qcamera::qcamera_sm_evt_enum_t, void*): cannot handle evt(31) in state(0)
02-23 16:48:01.409 21679 22030 D QCamera2HWI: virtual int qcamera::QCamera2HardwareInterface::thermalEvtHandle(qcamera::qcamera_thermal_level_enum_t*, void*, void*): level = 0, userdata = 0x0, data = 0x0
02-23 16:48:01.409 21679 21964 E QCameraStateMachine: int32_t qcamera::QCameraStateMachine::procEvtPreviewStoppedState(qcamera::qcamera_sm_evt_enum_t, void*): cannot handle evt(31) in state(0)
02-23 16:48:01.413 21679 21679 I CamDev@1.0-impl: Closing camera 0
02-23 16:48:01.413 21679 21679 I QCamera2HWI: [KPI Perf] static int qcamera::QCamera2HardwareInterface::close_camera_device(hw_device_t*): E
02-23 16:48:01.413 21679 21966 D QCamera2HWI: static void* qcamera::QCamera2HardwareInterface::defferedWorkRoutine(void*): stop data proc
02-23 16:48:01.414 21679 21679 I QCamera2HWI: [KPI Perf] int qcamera::QCamera2HardwareInterface::closeCamera(): E PROFILE_CLOSE_CAMERA camera id 0
02-23 16:48:01.414 21679 21679 D QCameraParameters: bool qcamera::QCameraParameters::setStreamConfigure(bool, bool, bool): Done Resetting stream config!!
02-23 16:48:01.416 21679 21679 I qomx_image_core: OMX_Deinit:119] Complete
02-23 16:48:01.422 21679 21679 I Thermal-Lib: Thermal-Lib-Client: Unregisteration is successfull for handle:1
02-23 16:48:01.422   510   643 I ThermalEngine: Thermal-Server: removing client on fd 65
02-23 16:48:01.422 21679 21679 I Thermal-Lib: Thermal-Lib-Client: Unregisteration is successfull for handle:2
02-23 16:48:01.423   532 22023 D mm-camera: mct: mct_pipeline_process_set:command=800000b
02-23 16:48:01.423   532 22023 E mm-camera: mct: mct_pipeline_process_set:2966: Couldn't find stream id: 0
02-23 16:48:01.424   532   532 D mm-camera: mct: mct_controller_destroy: Initiating destroy sequence
02-23 16:48:01.424 21679 21679 I QCamera2HWI: [KPI Perf] int qcamera::QCamera2HardwareInterface::closeCamera(): X PROFILE_CLOSE_CAMERA camera id 0, rc: 0
02-23 16:48:01.424 21679 21679 E QCamera2HWI: int qcamera::QCamera2HardwareInterface::closeCamera():[PREVIEW_COUNT] preview_count(0)
02-23 16:48:01.424   532 22024 D mm-camera: mct: mct_bus_handler_thread_run: Force Exit
02-23 16:48:01.424   532   532 D mm-camera: mct: mct_controller_destroy: bus_handler thread closed
02-23 16:48:01.424   532   532 D mm-camera: mct: mct_pipeline_stop_session - E
02-23 16:48:01.424   532   532 D mm-camera: mct: mct_pipeline_process_set:command=800000b
02-23 16:48:01.424   532   532 D mm-camera: mct: mct_pipeline_process_set: Issuing DEL_STREAM on stream 0x1000f and stream type=10
02-23 16:48:01.424   532   532 E mm-camera: port_iface_ext_unlink_func: E, identity = 0x1000f, port = 0xe68a3620, direction = 2
02-23 16:48:01.424   532   532 E mm-camera: port_iface_check_caps_unreserve_func:  E, identity = 0x1000f, port = 0xe68a3620, direction = 2
02-23 16:48:01.424   532   532 E mm-camera: iface_unreserve_sink_port: stream_id f mode 0 
02-23 16:48:01.424   532   532 E mm-camera: port_iface_ext_unlink_func: E, identity = 0x1000f, port = 0xe68a3920, direction = 1
02-23 16:48:01.424   532   532 E mm-camera: iface_ext_unlink_src_port: mct stream already removed from hw stream
02-23 16:48:01.424   532   532 E mm-camera: port_iface_check_caps_unreserve_func:  E, identity = 0x1000f, port = 0xe68a3920, direction = 1
02-23 16:48:01.424   532   532 E mm-camera: isp_port_check_caps_unreserve:826 ide 1000f port 0xe65e1ac0
02-23 16:48:01.426   532   532 E mm-camera: module_afs_port_check_caps_unreserve:1524] 
02-23 16:48:01.426   532   532 E mm-camera: module_afs_port_check_caps_unreserve:1532] destroy client
02-23 16:48:01.426   532   532 E mm-camera: module_imgbase_port_release_client_llvd:1553] 
02-23 16:48:01.426   532   532 E mm-camera: q3a_thread_af_stop:1019  q3a_thread_af_stop:1019 MSG_STOP_THREAD
02-23 16:48:01.427 21679 21679 E QCamera2HWI: int qcamera::QCamera2HardwareInterface::closeCamera():[PREVIEW_COUNT][LOAD] preview_count(0) // MultiView(0)
02-23 16:48:01.427 21679 21679 I QCamera2HWI: [KPI Perf] static int qcamera::QCamera2HardwareInterface::close_camera_device(hw_device_t*): X
02-23 16:48:01.427 21679 21679 I CameraProviderManager: Enumerating new camera device: device@3.3/legacy/0
02-23 16:48:01.428 21679 21679 I CameraProviderManager: Enumerating new camera device: device@1.0/legacy/1
02-23 16:48:01.429 21679 21679 I CamDev@1.0-impl: Opening camera 1
02-23 16:48:01.429 21679 21679 I QCamera2Factory: :static int qcamera::QCamera2Factory::openLegacy(int32_t, uint32_t, hw_device_t**) openLegacy halVersion: 256
02-23 16:48:01.430 21679 21679 D vndksupport: Loading /odm/lib/hw/power.msm8992.so from current namespace instead of sphal namespace.
02-23 16:48:01.430 21679 22035 D QCamera2HWI: static void* qcamera::QCamera2HardwareInterface::defferedWorkRoutine(void*): start data proc
02-23 16:48:01.430   532   532 E mm-camera: stats_port_delete_reserved_stream:2602  stats_port_delete_reserved_stream:2602: going to NULL peer
02-23 16:48:01.430   532   532 D mm-camera: mct: mct_pipeline_process_set: Stream 0x1000f and stream type=10, successfully deleted
02-23 16:48:01.431   532 22036 D mm-camera: mct: mct_pipeline_stop_session_thread: Stop module name: sensor - E
02-23 16:48:01.431   532 22036 E mm-camera: module_sensor_deinit_session:1545trying to delete thread
02-23 16:48:01.431   532 22036 E mm-camera-sensor: proxy_thread_delete:259p_thread,trying to delete thread
02-23 16:48:01.431   532 22036 E mm-camera-sensor: send_thread_exit_msg:219p_thread, exit_thread 0
02-23 16:48:01.431   532 22036 E mm-camera-sensor: send_thread_exit_msg:223p_thread, exit_thread 1
02-23 16:48:01.431   532 22036 E mm-camera: module_sensor_deinit_session:1547proxy_thread_deleted!
02-23 16:48:01.432   532 22036 E mm-camera: module_sensor_deinit_session:1551try to stop proxy kernel workqueue!
02-23 16:48:01.432   532 22036 E mm-camera-sensor: sensor_proxy_thread_off:215enter
02-23 16:48:01.433   532 22039 D mm-camera: mct: mct_pipeline_stop_session_thread: Stop module name: iface - E
02-23 16:48:01.433   532 22039 D mm-camera: mct: mct_pipeline_stop_session_thread: Stop module name: iface - X
02-23 16:48:01.433   532 22040 D mm-camera: mct: mct_pipeline_stop_session_thread: Stop module name: isp - E
02-23 16:48:01.433   532 22040 E mm-camera-isp2: isp_module_stop_session:414 session id 1
02-23 16:48:01.434   532 22041 D mm-camera: mct: mct_pipeline_stop_session_thread: Stop module name: stats - E
02-23 16:48:01.434   532 22040 D mm-camera: mct: mct_pipeline_stop_session_thread: Stop module name: isp - X
02-23 16:48:01.435   532 22042 D mm-camera: mct: mct_pipeline_stop_session_thread: Stop module name: pproc - E
02-23 16:48:01.436   532 22043 D mm-camera: mct: mct_pipeline_stop_session_thread: Stop module name: imglib - E
02-23 16:48:01.436   532 22043 E mm-camera: module_faceproc_stop_session:1885] session cnt 1
02-23 16:48:01.436   532   532 D mm-camera: mct: mct_pipeline_stop_session: left modules: 5
02-23 16:48:01.436   532   532 D mm-camera: mct: mct_pipeline_stop_session: left modules: 4
02-23 16:48:01.437 21679 21679 I QCamera2HWI: [KPI Perf] int qcamera::QCamera2HardwareInterface::openCamera(hw_device_t**): E PROFILE_OPEN_CAMERA camera id 1
02-23 16:48:01.437   532 22041 E mm-camera: gyro_port_deinit:1446  gyro_port_deinit: Error in android Deinit
02-23 16:48:01.437   532 22041 I CAMERA_SENSOR: stop_accel_sensor
02-23 16:48:01.438   532 22043 D mm-camera: mct: mct_pipeline_stop_session_thread: Stop module name: imglib - X
02-23 16:48:01.438   532   532 D mm-camera: mct: mct_pipeline_stop_session: left modules: 3
02-23 16:48:01.438   532 22042 E mm-camera-pp: [INFO] base_module_stop_session:98, E, session=1
02-23 16:48:01.439   532 22042 E mm-camera-pp: [INFO] base_module_stop_session:98, E, session=1
02-23 16:48:01.439   532 22042 D mm-camera: mct: mct_pipeline_stop_session_thread: Stop module name: pproc - X
02-23 16:48:01.439   532   532 D mm-camera: mct: mct_pipeline_stop_session: left modules: 2
02-23 16:48:01.440   532 22036 E mm-camera: module_sensor_deinit_session:1567trying to delete thread
02-23 16:48:01.440   532 22036 E mm-camera-sensor: tcs_thread_delete:303tcs_thread, trying to delete thread
02-23 16:48:01.440   532 22036 E mm-camera: module_sensor_deinit_session:1569tcs_thread_deleted!
02-23 16:48:01.440   532 22036 E mm-camera: module_sensor_deinit_session:1571try to stop tcs kernel workqueue!
02-23 16:48:01.444   532 22036 E mm-camera-sensor: proxy_power_down:47enter
02-23 16:48:01.468   532 22036 E mm-camera: sensor_close:4609ctrl->isStreaming make false
02-23 16:48:01.468   532 22036 D mm-camera: mct: mct_pipeline_stop_session_thread: Stop module name: sensor - X
02-23 16:48:01.468   532   532 D mm-camera: mct: mct_pipeline_stop_session: left modules: 1
02-23 16:48:01.470   532 22014 I CAMERA_SENSOR: accel_data_cb received RESP - SNS_SMGR_CANCEL_RESP_V01
02-23 16:48:01.471   532 22041 D mm-camera: mct: mct_pipeline_stop_session_thread: Stop module name: stats - X
02-23 16:48:01.471   532   532 D mm-camera: mct: mct_pipeline_stop_session: left modules: 0
02-23 16:48:01.471   532   532 D mm-camera: mct: mct_pipeline_stop_session - X
02-23 16:48:01.471   532   532 D mm-camera: mct: mct_pipeline_destroy E: session:1 
02-23 16:48:01.471   532   532 D mm-camera: mct: mct_pipeline_destroy X: Pipeline destroyed successfully
02-23 16:48:01.471   532   532 D mm-camera: mct: mct_controller_destroy: X Successfully closed mct_controller
02-23 16:48:01.473   532   532 D mm-camera: mct: mct_controller_new: Creating new mct_controller with session-id 2
02-23 16:48:01.473   532 22048 D mm-camera: mct: mct_pipeline_start_session_thread: E sensor
02-23 16:48:01.474   532 22049 D mm-camera: mct: mct_pipeline_start_session_thread: E iface
02-23 16:48:01.474   532 22049 D mm-camera: mct: mct_pipeline_start_session_thread: X iface
02-23 16:48:01.476   532 22051 D mm-camera: mct: mct_pipeline_start_session_thread: E isp
02-23 16:48:01.476   532 22051 E mm-camera-isp2: isp_module_start_session:178 session id 2
02-23 16:48:01.476   532 22052 D mm-camera: mct: mct_pipeline_start_session_thread: E stats
02-23 16:48:01.477   532 22052 E mm-camera: tcc_init: TCC ver.150418a
02-23 16:48:01.477   532 22053 D mm-camera: mct: mct_pipeline_start_session_thread: E pproc
02-23 16:48:01.479   532 22055 D mm-camera: mct: mct_pipeline_start_session_thread: E imglib
02-23 16:48:01.480   532 22055 E mm-camera: module_faceproc_start_session:1844] session cnt 1
02-23 16:48:01.482   532 22055 D mm-camera: mct: mct_pipeline_start_session_thread: X imglib
02-23 16:48:01.482   532 22051 E mm-camera-isp2: isp_module_start_session:347 num_session_opened 1
02-23 16:48:01.482   532 22051 D mm-camera: mct: mct_pipeline_start_session_thread: X imglib
02-23 16:48:01.484   532 22052 E mm-camera: sensor_laser_init:144  HW module: id: sensors name: STMicroelectronics VL53L0 sensor module
02-23 16:48:01.484   532 22052 E Sensors : openInput
02-23 16:48:01.484   532 22052 E Sensors : devname: /dev/input/event4
02-23 16:48:01.486   532 22048 E mm-camera: module_sensor_init_session:1245eeprom_name = t4ka3_eeprom
02-23 16:48:01.508   532 22052 E Sensors : devname: /dev/input/event3
02-23 16:48:01.516   532 22048 E mm-camera: module_sensor_init_session:1277flash subdev id = -1
02-23 16:48:01.517   532 22048 E mm-camera: module_sensor_start_session:1684SUCCESS
02-23 16:48:01.517   532 22048 D mm-camera: mct: mct_pipeline_start_session_thread: X imglib
02-23 16:48:01.523   532 22053 E mm-camera-pp: [INFO] base_module_start_session:91, E, session=2
02-23 16:48:01.523   532 22053 E mm-camera-pp: [INFO] base_module_start_session:91, E, session=2
02-23 16:48:01.524   532 22053 D mm-camera: mct: mct_pipeline_start_session_thread: X imglib
02-23 16:48:01.532   532 22052 E Sensors : devname: /dev/input/event1
02-23 16:48:01.556   532 22052 E Sensors : devname: /dev/input/mice
02-23 16:48:01.608   532 22052 E Sensors : devname: /dev/input/event0
02-23 16:48:01.644   532 22052 E Sensors : devname: /dev/input/event2
02-23 16:48:01.676   532 22052 E Sensors : couldn't find 'STM VL53L0 proximity sensor' input device
02-23 16:48:01.676   532 22052 E Sensors : ProximitySensor::ProximitySensor gets called!
02-23 16:48:01.676   532 22052 E Sensors : ProximitySensor: input_name:, input_sysfs_path:/sys/class/input/input
02-23 16:48:01.676   532 22052 E Sensors : ProximitySensor::enable function called for stmvl53L0!
02-23 16:48:01.676   532 22052 E Sensors : ProximitySensor::enable filename:/sys/class/input/input/enable_ps_sensor
02-23 16:48:01.676   532 22052 E Sensors : ProximitySensor::enable: Failed to open file descriptor for enabling VL53L0
02-23 16:48:01.677   532 22052 E Sensors : ProximitySensor::enable: Attempted to open file /sys/class/input/input/enable_ps_sensor. Error: -1
02-23 16:48:01.677   532 22052 E Sensors : open_sensors gets called!
02-23 16:48:01.677   532 22052 E Sensors : is_tof_sensor_available() called
02-23 16:48:01.677   532 22052 E Sensors : devname: /dev/input/event4
02-23 16:48:01.708   532 22052 E Sensors : devname: /dev/input/event3
02-23 16:48:01.724   532 22052 E Sensors : devname: /dev/input/event1
02-23 16:48:01.756   532 22052 E Sensors : devname: /dev/input/mice
02-23 16:48:01.788   532 22052 E Sensors : devname: /dev/input/event0
02-23 16:48:01.832   532 22052 E Sensors : devname: /dev/input/event2
02-23 16:48:01.868   532 22052 E Sensors : No Tof sensor found!!!
02-23 16:48:01.868   532 22052 E mm-camera: sensor_laser_init:164  0 sensor supported
02-23 16:48:01.870   532 22052 E mm-camera: gyro_port_init:1404  Failure initializing laser sensor. Error: 4
02-23 16:48:01.870   532 22052 I CAMERA_SENSOR: start_accel_sensor
02-23 16:48:01.870   532 22052 E mm-camera: start_accel_sensor: sensor1_open E
02-23 16:48:01.874   532 22052 E mm-camera: start_accel_sensor: sensor1_open X, res = 0
02-23 16:48:01.882   532 22072 I CAMERA_SENSOR: accel_data_cb received RESP - SNS_SMGR_REPORT_RESP_V01
02-23 16:48:01.883   532   532 E mm-camera: module_sensor_query_mod:7021led flash is not supported for this sensor.
02-23 16:48:01.884   532   532 E mm-camera: sensor_get_cur_chromatix_name:2577Error: Load default preview chroamtix
02-23 16:48:01.884   532   532 E mm-camera-sensor: chromatix_load_library_ex : chromatix = libchromatix_t4ka3_snapshot_open.so , lib name = /system/vendor/lib/libchromatix_t4ka3_snapshot_open.so
02-23 16:48:01.884   532   532 E mm-camera-sensor: chromatix_load_library_ex : chromatix = libchromatix_t4ka3_snapshot_open.so , lib name = /system/vendor/lib/libchromatix_t4ka3_snapshot_open.so
02-23 16:48:01.884   532   532 E mm-camera-sensor: chromatix_load_library_ex : chromatix = libchromatix_t4ka3_common_open.so , lib name = /system/vendor/lib/libchromatix_t4ka3_common_open.so
02-23 16:48:01.885   532   532 E mm-camera-sensor: chromatix_load_library_ex : chromatix = libchromatix_t4ka3_cpp_snapshot_open.so , lib name = /system/vendor/lib/libchromatix_t4ka3_cpp_snapshot_open.so
02-23 16:48:01.885   532   532 E mm-camera-sensor: chromatix_load_library_ex : chromatix = libchromatix_t4ka3_cpp_snapshot_open.so , lib name = /system/vendor/lib/libchromatix_t4ka3_cpp_snapshot_open.so
02-23 16:48:01.883   532 22052 D mm-camera: mct: mct_pipeline_start_session_thread: X imglib
02-23 16:48:01.885   532   532 E mm-camera-sensor: chromatix_load_library_ex : chromatix = libchromatix_t4ka3_cpp_video_open.so , lib name = /system/vendor/lib/libchromatix_t4ka3_cpp_video_open.so
02-23 16:48:01.886   532   532 E mm-camera-sensor: chromatix_load_library_ex : chromatix = libchromatix_t4ka3_postproc_open.so , lib name = /system/vendor/lib/libchromatix_t4ka3_postproc_open.so
02-23 16:48:01.887   532   532 E mm-camera-isp2: isp_resource_query_mod:145 num_isp_preallocate 1 num_session_opened 1 dual_vfe_enabled 0
02-23 16:48:01.888   532   532 E mm-camera: module_faceproc_query_mod:1996] Caps ROI 5 scene_mode_cnt 1 HW analysis supported 0
02-23 16:48:01.888   532   532 E hdr     : module_hdr_lib_query_mod:181] Supported scenemode cnt 2
02-23 16:48:01.888   532   532 D mm-camera: mct: mct_pipeline_process_set:command=800000a
02-23 16:48:01.888   532   532 D mm-camera: mct: mct_pipeline_process_set: Adding new stream: id [0f]
02-23 16:48:01.888   532   532 D mm-camera: mct: mct_pipeline_process_set:command=8000012
02-23 16:48:01.888   532   532 D mm-camera: mct: mct_stream_start_link: Start linking Session-stream 0x2000f
02-23 16:48:01.888   532   532 I mm-camera: module_iface_set_mod_func: set module type = 8, identity 2000f
02-23 16:48:01.888   532   532 E mm-camera-sensor: port_sensor_caps_reserve:86session id doesn't match
02-23 16:48:01.889   532   532 E mm-camera: iface_util_find_primary_cid:84 error cannot find primary sensor format cids 2
02-23 16:48:01.889   532   532 E mm-camera: isp_port_check_caps_reserve:737 port 0xe65e1ac0 ide 2000f type 10 dim 0 0
02-23 16:48:01.889   532   532 E mm-camera: int_link = 0xe65e80e0
02-23 16:48:01.889   532   532 I mm-camera: pproc_port_add_modules_to_stream:433, linking mods tmod and c2d
02-23 16:48:01.895   532   532 I mm-camera: pproc_port_add_modules_to_stream:433, linking mods c2d and cpp
02-23 16:48:01.895   532   532 E mm-camera: Interleaved flag is 0, identity 131087 port type 0
02-23 16:48:01.897   532   532 I mm-camera: pproc_port_add_modules_to_stream:433, linking mods cpp and afs
02-23 16:48:01.898   532   532 I mm-camera: pproc_port_add_modules_to_stream:433, linking mods afs and llvd
02-23 16:48:01.899   532   532 I mm-camera: pproc_port_add_modules_to_stream:433, linking mods llvd and ezt
02-23 16:48:01.899   532   532 E mm-camera: pproc_port_add_modules_to_stream:454] X rc: 1
02-23 16:48:01.911   532   532 D mm-camera: mct: mct_pipeline_process_set: Linking successful for stream 0x2000f stream type=10
02-23 16:48:01.957 21679 21679 D mm-jpeg-intf: Max picture size 3264 x 2448, WorkBufSize = 12220416
02-23 16:48:01.964 21679 21679 I qomx_image_core: OMX_Init:95] Complete 3
02-23 16:48:01.966 21679 21679 E QCameraHWI_Mem: void qcamera::QCameraMemory::traceLogAllocStart(size_t, int, const char*):HeapMemsize 659104
02-23 16:48:01.966 21679 21679 E QCameraHWI_Mem: void qcamera::QCameraMemory::traceLogAllocStart(size_t, int, const char*):Memsize 659104
02-23 16:48:01.967 21679 21679 E QCameraHWI_Mem: void qcamera::QCameraMemory::traceLogAllocEnd(size_t) 659104
02-23 16:48:01.967 21679 21679 E QCameraHWI_Mem: void qcamera::QCameraMemory::traceLogAllocEnd(size_t) 659104
02-23 16:48:01.969 21679 21679 D QCameraParameters: int32_t qcamera::QCameraParameters::initDefaultParameters(): supported preview sizes: 2560x1440,1920x1440,2048x1536,2048x1080,1920x1080,1776x1080,1440x1080,1280x960,1280x720,960x720,864x480,880x720,848x480,800x480,768x432,720x480,640x640,640x480,640x360,576x432,480x320,384x288,352x288,320x240,240x160,176x144
02-23 16:48:01.969 21679 21679 D QCameraParameters: int32_t qcamera::QCameraParameters::initDefaultParameters(): supported video sizes: 1920x1080,1280x960,1280x720,864x480,848x480,800x480,720x480,640x480,640x360,480x320,352x288,320x240,176x144,144x176
02-23 16:48:01.970 21679 21679 D QCameraParameters: int32_t qcamera::QCameraParameters::initDefaultParameters(): supported pic sizes: 3264x2448,3264x1836,2560x1920,2592x1944,2688x1512,2048x1536,1920x1080,1600x1200,1536x864,1280x960,1280x768,1280x720,1024x768,880x720,800x600,864x480,800x480,720x480,640x480,640x360,352x288,320x240,176x144
02-23 16:48:01.970 21679 21679 D QCameraParameters: int32_t qcamera::QCameraParameters::setPreviewFpsRange(int, int, int, int): Setting preview fps range 2000,30000
02-23 16:48:01.971 21679 21679 D QCameraParameters: int32_t qcamera::QCameraParameters::setPreviewFpsRange(int, int, int, int): Updated: minFps = 2000, maxFps = 30000 , vid minFps = 2000, vid maxFps = 30000
02-23 16:48:01.971 21679 21679 D QCamera2HWI: int qcamera::QCamera2HardwareInterface::calcThermalLevel(qcamera::qcamera_thermal_level_enum_t, int, int, cam_fps_range_t&, msm_vfe_frame_skip_pattern&): level: 0, preview minfps 2000.000000, preview maxfpS 30000.000000, video minfps 2000.000000, video maxfpS 30000.000000
02-23 16:48:01.971 21679 21679 D QCamera2HWI: int qcamera::QCamera2HardwareInterface::calcThermalLevel(qcamera::qcamera_thermal_level_enum_t, int, int, cam_fps_range_t&, msm_vfe_frame_skip_pattern&): Thermal level 0, FPS [2.00,30.00, 2.00,30.00], frameskip 0
02-23 16:48:01.971 21679 21679 D QCameraParameters: int32_t qcamera::QCameraParameters::setPreviewFpsRange(int, int, int, int): Thermal adjusted Preview fps range 2.00,30.00, 2.00, 30.00
02-23 16:48:01.971 21679 21679 D QCameraParameters: int32_t qcamera::QCameraParameters::initDefaultParameters(): supported fps rates: 2,3,4,5,6,7,8,9,10,11,12,13,14,15,16,17,18,19,20,21,22,23,24,25,26,27,28,29,30
02-23 16:48:01.971 21679 21679 D QCameraParameters: int32_t qcamera::QCameraParameters::setFocusMode(const char*): Setting focus mode fixed
02-23 16:48:01.972 21679 21679 D QCameraParameters: initDefaultParameters: setting KEY_FOCUS_DISTANCES as 0.100000,0.150000,0.170000
02-23 16:48:01.972 21679 21679 D QCameraParameters: int32_t qcamera::QCameraParameters::setAutoExposure(const char*): Setting auto exposure center-weighted
02-23 16:48:01.973 21679 21679 D QCameraParameters: int32_t qcamera::QCameraParameters::setAntibanding(const char*): Setting AntiBanding value auto
02-23 16:48:01.973 21679 21679 D QCameraParameters: int32_t qcamera::QCameraParameters::setFlash(const char*): Setting Flash value off
02-23 16:48:01.973 21679 21679 D QCameraParameters: int32_t qcamera::QCameraParameters::setISOValue(const char*): Setting ISO value auto
02-23 16:48:01.973 21679 21679 D QCameraParameters: int32_t qcamera::QCameraParameters::initDefaultParameters(), Exposure time min 0.013272 ms, max 869.661901 ms
02-23 16:48:01.974 21679 21679 D QCameraParameters: int32_t qcamera::QCameraParameters::initDefaultParameters(), ISO min 100, max 3000
02-23 16:48:01.977 17052 22088 D AmbientPlayRecognition: Not sending, data already sending
02-23 16:48:01.978 21679 21679 D QCameraParameters: int32_t qcamera::QCameraParameters::setZoom(int): zoom level: 0
02-23 16:48:01.978 21679 21679 I QCameraParameters: int32_t qcamera::QCameraParameters::initDefaultParameters(): setting Exposure Bracketing value of 0,10,-9
02-23 16:48:01.978 21679 21679 D QCameraParameters: int32_t qcamera::QCameraParameters::setAEBracket(const char*), EXP_BRACKETING_OFF
02-23 16:48:01.978 21679 21679 D QCameraParameters: int32_t qcamera::QCameraParameters::setChromaFlash(const char*): chromaFlashStr =chroma-flash-off
02-23 16:48:01.978 21679 21679 D QCameraParameters: int32_t qcamera::QCameraParameters::setOptiZoom(const char*): optiZoomStr =opti-zoom-off
02-23 16:48:01.979 21679 21679 D QCameraParameters: int32_t qcamera::QCameraParameters::setSeeMore(const char*): seeMoreStr =off
02-23 16:48:01.979 21679 21679 D QCameraParameters: int32_t qcamera::QCameraParameters::setToneMapMode(uint32_t, bool): tone map mode 1 
02-23 16:48:01.979 21679 21679 D QCameraParameters: int32_t qcamera::QCameraParameters::setAecLock(const char*): Setting AECLock value false
02-23 16:48:01.979 21679 21679 D QCameraParameters: int32_t qcamera::QCameraParameters::setAwbLock(const char*): Setting AWBLock value false
02-23 16:48:01.980 21679 21679 D QCameraParameters: int32_t qcamera::QCameraParameters::initDefaultParameters(): totalram = -1334108160, freeram = 365223936 
02-23 16:48:01.980 21679 21679 D QCameraParameters: void qcamera::QCameraParameters::setOfflineRAW(): Offline Raw  0
02-23 16:48:01.980 21679 21679 E LGCameraParameters: void qcamera::QCameraParameters::initDefaultParametersEx(): multi_window_af_supported = 1
02-23 16:48:01.980 21679 21679 E LGCameraParameters: createMultiWindowString: (-280,-280,0,0,1),(-140,-420,140,-140,1),(0,-280,280,0,1),(-420,-140,-140,140,1),(-140,-140,140,140,1),(140,-140,420,140,1),(-280,0,0,280,1),(-140,140,140,420,1),(0,0,280,280,1),(-220,-220,220,220,1)
02-23 16:48:01.980 21679 21679 E LGCameraParameters: createMultiWindowString: (720,720,1000,1000,1),(860,580,1140,860,1),(1000,720,1280,1000,1),(580,860,860,1140,1),(860,860,1140,1140,1),(1140,860,1420,1140,1),(720,1000,1000,1420,1),(860,1140,1140,1420,1),(1000,1000,1280,1280,1)
02-23 16:48:01.981 21679 21679 D LGCameraParameters: int32_t qcamera::QCameraParameters::setLG_ISOcontrol(const char*): Setting ISO value auto
02-23 16:48:01.981 21679 21679 E LGCameraParameters: int32_t qcamera::QCameraParameters::setBeautyLevel(int) : [ARC_BEAUTY] beautylevel = 0
02-23 16:48:01.984   532 22081 E mm-camera: iface_util_set_hfr: can't find hw stream, only save hfr mode
02-23 16:48:01.986 21679 21679 D QCameraParameters: int32_t qcamera::QCameraParameters::setNumOfSnapshot(): nBurstNum = 1, nExpnum = 1
02-23 16:48:01.990 21679 21679 I Thermal-Lib: Thermal-Lib-Client: Registraion successful for camera with handle:1
02-23 16:48:01.990 21679 21679 I Thermal-Lib: Thermal-Lib-Client: Registraion successful for camcorder with handle:2
02-23 16:48:01.990 21679 21679 I QCamera2HWI: [KPI Perf] int qcamera::QCamera2HardwareInterface::openCamera(hw_device_t**): X PROFILE_OPEN_CAMERA camera id 1, rc: 0
02-23 16:48:01.990 21679 21679 E QCamera2HWI: int qcamera::QCamera2HardwareInterface::openCamera(hw_device_t**):[PREVIEW_COUNT] preview_count(1)
02-23 16:48:01.992 17052 21617 D AmbientPlayRecognition: Got a match! Deejay Dm - Coco Jambo [feat. Mr. President] (Coco Jambo [feat. Mr. President]); http://static.midomi.com/a/pop/cov200/drc900/c952/c95244t3328.jpg
02-23 16:48:01.992   510   643 I ThermalEngine: Thermal-Server: Adding thermal event listener on fd 65
02-23 16:48:01.992 17052 21617 D AmbientPlayRecognition: Reporting result
02-23 16:48:01.992 17052 21617 D AmbientPlayRecognition: Interrupting recorder thread
02-23 16:48:01.992 17052 21617 D AmbientPlayRecognition: Stopping recorder
02-23 16:48:01.992 17052 21610 D AmbientPlayRecognition: Broke out of recording loop, mResultGiven=true
02-23 16:48:01.992 21679 22089 I Thermal-Lib: Thermal-Lib-Client: Client received msg camera 0
02-23 16:48:01.993 21679 22089 D QCamera2HWI: virtual int qcamera::QCamera2HardwareInterface::thermalEvtHandle(qcamera::qcamera_thermal_level_enum_t*, void*, void*): level = 0, userdata = 0x0, data = 0x0
02-23 16:48:01.993 21679 22089 I Thermal-Lib: Thermal-Lib-Client: Client received msg camcorder 0
02-23 16:48:01.993 21679 22089 D QCamera2HWI: virtual int qcamera::QCamera2HardwareInterface::thermalEvtHandle(qcamera::qcamera_thermal_level_enum_t*, void*, void*): level = 0, userdata = 0x0, data = 0x0
02-23 16:48:01.993 21679 22034 E QCameraStateMachine: int32_t qcamera::QCameraStateMachine::procEvtPreviewStoppedState(qcamera::qcamera_sm_evt_enum_t, void*): cannot handle evt(31) in state(0)
02-23 16:48:01.993 21679 22034 E QCameraStateMachine: int32_t qcamera::QCameraStateMachine::procEvtPreviewStoppedState(qcamera::qcamera_sm_evt_enum_t, void*): cannot handle evt(31) in state(0)
02-23 16:48:01.999   513 21609 D audio_hw_primary: in_standby: enter: stream (0xe9103840) usecase(16: audio-record)
02-23 16:48:02.003 21679 21679 I CamDev@1.0-impl: Closing camera 1
02-23 16:48:02.004 21679 21679 I QCamera2HWI: [KPI Perf] static int qcamera::QCamera2HardwareInterface::close_camera_device(hw_device_t*): E
02-23 16:48:02.004 17052 17104 I CameraManagerGlobal: Connecting to camera service
02-23 16:48:02.004 21679 22035 D QCamera2HWI: static void* qcamera::QCamera2HardwareInterface::defferedWorkRoutine(void*): stop data proc
02-23 16:48:02.005 17052 17104 E CameraManagerGlobal: Camera service is unavailable
02-23 16:48:02.006 21679 21679 I QCamera2HWI: [KPI Perf] int qcamera::QCamera2HardwareInterface::closeCamera(): E PROFILE_CLOSE_CAMERA camera id 1
02-23 16:48:02.006 21679 21679 D QCameraParameters: bool qcamera::QCameraParameters::setStreamConfigure(bool, bool, bool): Done Resetting stream config!!
02-23 16:48:02.011 21679 21679 I qomx_image_core: OMX_Deinit:119] Complete
02-23 16:48:02.022 21679 21679 I Thermal-Lib: Thermal-Lib-Client: Unregisteration is successfull for handle:1
02-23 16:48:02.022   510   643 I ThermalEngine: Thermal-Server: removing client on fd 65
02-23 16:48:02.023 21679 21679 I Thermal-Lib: Thermal-Lib-Client: Unregisteration is successfull for handle:2
02-23 16:48:02.026   532 22081 D mm-camera: mct: mct_pipeline_process_set:command=800000b
02-23 16:48:02.026   532 22081 E mm-camera: mct: mct_pipeline_process_set:2966: Couldn't find stream id: 0
02-23 16:48:02.027   532   532 D mm-camera: mct: mct_controller_destroy: Initiating destroy sequence
02-23 16:48:02.027 21679 21679 I QCamera2HWI: [KPI Perf] int qcamera::QCamera2HardwareInterface::closeCamera(): X PROFILE_CLOSE_CAMERA camera id 1, rc: 0
02-23 16:48:02.027 21679 21679 E QCamera2HWI: int qcamera::QCamera2HardwareInterface::closeCamera():[PREVIEW_COUNT] preview_count(0)
02-23 16:48:02.028   532 22082 D mm-camera: mct: mct_bus_handler_thread_run: Force Exit
02-23 16:48:02.028   532   532 D mm-camera: mct: mct_controller_destroy: bus_handler thread closed
02-23 16:48:02.028   532   532 D mm-camera: mct: mct_pipeline_stop_session - E
02-23 16:48:02.028   532   532 D mm-camera: mct: mct_pipeline_process_set:command=800000b
02-23 16:48:02.029   532   532 D mm-camera: mct: mct_pipeline_process_set: Issuing DEL_STREAM on stream 0x2000f and stream type=10
02-23 16:48:02.029   532   532 E mm-camera: port_iface_ext_unlink_func: E, identity = 0x2000f, port = 0xe68a3620, direction = 2
02-23 16:48:02.029   532   532 E mm-camera: port_iface_check_caps_unreserve_func:  E, identity = 0x2000f, port = 0xe68a3620, direction = 2
02-23 16:48:02.029   532   532 E mm-camera: iface_unreserve_sink_port: stream_id f mode 0 
02-23 16:48:02.029   532   532 E mm-camera: port_iface_ext_unlink_func: E, identity = 0x2000f, port = 0xe68a3920, direction = 1
02-23 16:48:02.029   532   532 E mm-camera: iface_ext_unlink_src_port: mct stream already removed from hw stream
02-23 16:48:02.029   532   532 E mm-camera: port_iface_check_caps_unreserve_func:  E, identity = 0x2000f, port = 0xe68a3920, direction = 1
02-23 16:48:02.029   532   532 E mm-camera: isp_port_check_caps_unreserve:826 ide 2000f port 0xe65e1ac0
02-23 16:48:02.031 21679 21679 E QCamera2HWI: int qcamera::QCamera2HardwareInterface::closeCamera():[PREVIEW_COUNT][LOAD] preview_count(0) // MultiView(0)
02-23 16:48:02.032 21679 21679 I QCamera2HWI: [KPI Perf] static int qcamera::QCamera2HardwareInterface::close_camera_device(hw_device_t*): X
02-23 16:48:02.032 21679 21679 I CameraProviderManager: Enumerating new camera device: device@3.3/legacy/1
02-23 16:48:02.033   532   532 E mm-camera: module_afs_port_check_caps_unreserve:1524] 
02-23 16:48:02.033   532   532 E mm-camera: module_afs_port_check_caps_unreserve:1532] destroy client
02-23 16:48:02.033   532   532 E mm-camera: module_imgbase_port_release_client_llvd:1553] 
02-23 16:48:02.033 21679 21679 I CameraProviderManager: Camera provider legacy/0 ready with 4 camera devices
02-23 16:48:02.033   532   532 E mm-camera: q3a_thread_af_stop:1019  q3a_thread_af_stop:1019 MSG_STOP_THREAD
02-23 16:48:02.033 21679 21679 I CameraHardwareInterface: Opening camera 0
02-23 16:48:02.034 21679 21679 I CamDev@1.0-impl: Opening camera 0
02-23 16:48:02.034 21679 21679 I QCamera2Factory: :static int qcamera::QCamera2Factory::openLegacy(int32_t, uint32_t, hw_device_t**) openLegacy halVersion: 256
02-23 16:48:02.037 21679 21679 D vndksupport: Loading /odm/lib/hw/power.msm8992.so from current namespace instead of sphal namespace.
02-23 16:48:02.038 21679 22094 D QCamera2HWI: static void* qcamera::QCamera2HardwareInterface::defferedWorkRoutine(void*): start data proc
02-23 16:48:02.039   532   532 E mm-camera: stats_port_delete_reserved_stream:2602  stats_port_delete_reserved_stream:2602: going to NULL peer
02-23 16:48:02.039   532   532 D mm-camera: mct: mct_pipeline_process_set: Stream 0x2000f and stream type=10, successfully deleted
02-23 16:48:02.040   513 21609 D audio_hw_primary: disable_audio_route: reset and update mixer path: audio-record
02-23 16:48:02.041   513 21609 D hardware_info: hw_info_append_hw_type : device_name = camcorder-mic
02-23 16:48:02.041   513 21609 D audio_hw_primary: disable_snd_device: snd_device(62: camcorder-mic)
02-23 16:48:02.044   532 22095 D mm-camera: mct: mct_pipeline_stop_session_thread: Stop module name: sensor - E
02-23 16:48:02.045 21679 21679 I QCamera2HWI: [KPI Perf] int qcamera::QCamera2HardwareInterface::openCamera(hw_device_t**): E PROFILE_OPEN_CAMERA camera id 0
02-23 16:48:02.047   513 21609 D audio_hw_primary: in_set_parameters: enter: kvpairs=routing=0
02-23 16:48:02.050   532 22098 D mm-camera: mct: mct_pipeline_stop_session_thread: Stop module name: iface - E
02-23 16:48:02.057   532 22098 D mm-camera: mct: mct_pipeline_stop_session_thread: Stop module name: iface - X
02-23 16:48:02.060   532 22099 D mm-camera: mct: mct_pipeline_stop_session_thread: Stop module name: isp - E
02-23 16:48:02.060   532 22099 E mm-camera-isp2: isp_module_stop_session:414 session id 2
02-23 16:48:02.069   532 22095 E mm-camera: sensor_close:4609ctrl->isStreaming make false
02-23 16:48:02.070   532 22099 D mm-camera: mct: mct_pipeline_stop_session_thread: Stop module name: isp - X
02-23 16:48:02.072   532 22095 D mm-camera: mct: mct_pipeline_stop_session_thread: Stop module name: sensor - X
02-23 16:48:02.073   532 22100 D mm-camera: mct: mct_pipeline_stop_session_thread: Stop module name: stats - E
02-23 16:48:02.074   532 22100 E mm-camera: gyro_port_deinit:1446  gyro_port_deinit: Error in android Deinit
02-23 16:48:02.074   532 22100 I CAMERA_SENSOR: stop_accel_sensor
02-23 16:48:02.076   532 22072 I CAMERA_SENSOR: accel_data_cb received RESP - SNS_SMGR_CANCEL_RESP_V01
02-23 16:48:02.076   532 22100 D mm-camera: mct: mct_pipeline_stop_session_thread: Stop module name: stats - X
02-23 16:48:02.076   532 22101 D mm-camera: mct: mct_pipeline_stop_session_thread: Stop module name: pproc - E
02-23 16:48:02.078   532 22103 D mm-camera: mct: mct_pipeline_stop_session_thread: Stop module name: imglib - E
02-23 16:48:02.078   532   532 D mm-camera: mct: mct_pipeline_stop_session: left modules: 5
02-23 16:48:02.078   532 22103 E mm-camera: module_faceproc_stop_session:1885] session cnt 1
02-23 16:48:02.078   532   532 D mm-camera: mct: mct_pipeline_stop_session: left modules: 4
02-23 16:48:02.078   532   532 D mm-camera: mct: mct_pipeline_stop_session: left modules: 3
02-23 16:48:02.078   532   532 D mm-camera: mct: mct_pipeline_stop_session: left modules: 2
02-23 16:48:02.080   532 22103 D mm-camera: mct: mct_pipeline_stop_session_thread: Stop module name: imglib - X
02-23 16:48:02.081   532 22101 E mm-camera-pp: [INFO] base_module_stop_session:98, E, session=2
02-23 16:48:02.081   532 22101 E mm-camera-pp: [INFO] base_module_stop_session:98, E, session=2
02-23 16:48:02.081   532 22101 D mm-camera: mct: mct_pipeline_stop_session_thread: Stop module name: pproc - X
02-23 16:48:02.082   532   532 D mm-camera: mct: mct_pipeline_stop_session: left modules: 1
02-23 16:48:02.082   532   532 D mm-camera: mct: mct_pipeline_stop_session: left modules: 0
02-23 16:48:02.082   532   532 D mm-camera: mct: mct_pipeline_stop_session - X
02-23 16:48:02.082   532   532 D mm-camera: mct: mct_pipeline_destroy E: session:2 
02-23 16:48:02.082   532   532 D mm-camera: mct: mct_pipeline_destroy X: Pipeline destroyed successfully
02-23 16:48:02.082   532   532 D mm-camera: mct: mct_controller_destroy: X Successfully closed mct_controller
02-23 16:48:02.084   532   532 D mm-camera: mct: mct_controller_new: Creating new mct_controller with session-id 1
02-23 16:48:02.084   532 22104 D mm-camera: mct: mct_pipeline_start_session_thread: E sensor
02-23 16:48:02.085   532 22105 D mm-camera: mct: mct_pipeline_start_session_thread: E iface
02-23 16:48:02.086   532 22105 D mm-camera: mct: mct_pipeline_start_session_thread: X iface
02-23 16:48:02.087   532 22107 D mm-camera: mct: mct_pipeline_start_session_thread: E isp
02-23 16:48:02.087   532 22107 E mm-camera-isp2: isp_module_start_session:178 session id 1
02-23 16:48:02.094   532 22107 E mm-camera-isp2: isp_module_start_session:347 num_session_opened 1
02-23 16:48:02.094   532 22107 D mm-camera: mct: mct_pipeline_start_session_thread: X stats
02-23 16:48:02.096   532 22108 D mm-camera: mct: mct_pipeline_start_session_thread: E stats
02-23 16:48:02.096   532 22112 D mm-camera: mct: mct_pipeline_start_session_thread: E pproc
02-23 16:48:02.102   532 22113 D mm-camera: mct: mct_pipeline_start_session_thread: E imglib
02-23 16:48:02.103   532 22104 E mm-camera: module_sensor_init_session:1245eeprom_name = imx234_eeprom
02-23 16:48:02.105   532 22108 E mm-camera: tcc_init: TCC ver.150418a
02-23 16:48:02.107   532 22113 E mm-camera: module_faceproc_start_session:1844] session cnt 1
02-23 16:48:02.115   532 22113 D mm-camera: mct: mct_pipeline_start_session_thread: X imglib
02-23 16:48:02.124   532 22108 E mm-camera: sensor_laser_init:144  HW module: id: sensors name: STMicroelectronics VL53L0 sensor module
02-23 16:48:02.124   532 22108 E Sensors : openInput
02-23 16:48:02.124   532 22108 E Sensors : devname: /dev/input/event4
02-23 16:48:02.147   532 22104 E mm-camera: module_sensor_init_session:1277flash subdev id = 0
02-23 16:48:02.148   532 22112 E mm-camera-pp: [INFO] base_module_start_session:91, E, session=1
02-23 16:48:02.148   532 22112 E mm-camera-pp: [INFO] base_module_start_session:91, E, session=1
02-23 16:48:02.149   532 22112 D mm-camera: mct: mct_pipeline_start_session_thread: X imglib
02-23 16:48:02.150   532 22104 E mm-camera-sensor: sensor_sdk_util_get_kernel_i2c_addr_type:26Invalid addr_type = 0
02-23 16:48:02.150   532 22104 E mm-camera-sensor: sensor_sdk_util_get_kernel_i2c_data_type:40Invalid addr_type = 0
02-23 16:48:02.151   532 22104 E mm-camera-sensor: actuator_load_lib:491name=lc898122_claf, mode=camera
02-23 16:48:02.152   532 22108 E Sensors : devname: /dev/input/event3
02-23 16:48:02.154   532 22104 E mm-camera-sensor: actuator_load_lib:491name=lc898122_claf, mode=camcorder
02-23 16:48:02.156   532 22104 E mm-camera-sensor: eeprom_do_af_calibration:197turn on Cal af(1)
02-23 16:48:02.156   532 22104 E mm-camera-sdk: eeprom_autofocus_calibration_claf:173 KSY Kernel original macro hall : 9600, inf hall : -12800, macro_mecha 16800, vcm_type 66
02-23 16:48:02.156   532 22104 E mm-camera-sdk: eeprom_autofocus_calibration_claf:178 KSY AF_algorithm convert macro hall : 350, inf hall : 0, total_rangetomacro : 0, offset_value_pplus_mtm : 0
02-23 16:48:02.156   532 22104 E mm-camera: ois_init:305start: ois_init
02-23 16:48:02.157   532 22104 E mm-camera: ois_init:372done: ois_init
02-23 16:48:02.157   532 22132 E mm-camera: ois_thread:201ois thread is running
02-23 16:48:02.157   532 22104 E mm-camera-sensor: proxy_init:71name = LD_AF
02-23 16:48:02.157   532 22104 E mm-camera-sensor: sensor_proxy_on:151enter
02-23 16:48:02.174   532 22104 E mm-camera-sensor: sensor_proxy_thread_on:198enter
02-23 16:48:02.175   532 22104 E mm-camera: module_sensor_init_session:1412tcs_sensor init Enter **
02-23 16:48:02.176   532 22108 E Sensors : devname: /dev/input/event1
02-23 16:48:02.183   532 22104 E mm-camera-sensor: tcs_thread_create:291tcs_thread, thread_id 0
02-23 16:48:02.184   532 22104 E mm-camera: module_sensor_start_session:1684SUCCESS
02-23 16:48:02.184   532 22104 D mm-camera: mct: mct_pipeline_start_session_thread: X imglib
02-23 16:48:02.200   532 22108 E Sensors : devname: /dev/input/mice
02-23 16:48:02.248   532 22108 E Sensors : devname: /dev/input/event0
02-23 16:48:02.272   532 22108 E Sensors : devname: /dev/input/event2
02-23 16:48:02.295   532 22132 E mm-camera: ois_thread:239done : ois initialization
02-23 16:48:02.312   532 22108 E Sensors : couldn't find 'STM VL53L0 proximity sensor' input device
02-23 16:48:02.312   532 22108 E Sensors : ProximitySensor::ProximitySensor gets called!
02-23 16:48:02.312   532 22108 E Sensors : ProximitySensor: input_name:, input_sysfs_path:/sys/class/input/input
02-23 16:48:02.312   532 22108 E Sensors : ProximitySensor::enable function called for stmvl53L0!
02-23 16:48:02.313   532 22108 E Sensors : ProximitySensor::enable filename:/sys/class/input/input/enable_ps_sensor
02-23 16:48:02.313   532 22108 E Sensors : ProximitySensor::enable: Failed to open file descriptor for enabling VL53L0
02-23 16:48:02.313   532 22108 E Sensors : ProximitySensor::enable: Attempted to open file /sys/class/input/input/enable_ps_sensor. Error: -1
02-23 16:48:02.313   532 22108 E Sensors : open_sensors gets called!
02-23 16:48:02.313   532 22108 E Sensors : is_tof_sensor_available() called
