01-11 04:49:06.201   496   809 W installd: Requested default storage /data/user_de/0/com.android.proxyhandler is not active; migrating from /data/data/com.android.proxyhandler
01-11 04:49:06.210   496   809 W installd: Requested default storage /data/user_de/0/com.android.inputmethod.latin is not active; migrating from /data/data/com.android.inputmethod.latin
01-11 04:49:06.222   496   496 W installd: Requested default storage /data/user_de/0/com.android.settings is not active; migrating from /data/data/com.android.settings
01-11 04:49:06.232   496   496 W installd: Requested default storage /data/user_de/0/com.android.phone is not active; migrating from /data/data/com.android.phone
01-11 04:49:06.242   496  1489 W installd: Requested default storage /data/user_de/0/com.android.shell is not active; migrating from /data/data/com.android.shell
01-11 04:49:06.251   496  1489 W installd: Requested default storage /data/user_de/0/com.android.location.fused is not active; migrating from /data/data/com.android.location.fused
01-11 04:49:06.261   496   496 W installd: Requested default storage /data/user_de/0/com.android.systemui is not active; migrating from /data/data/com.android.systemui
01-11 04:49:06.265  1477  1477 V PackageManager: reconcileAppsData finished 20 packages
01-11 04:49:06.265  1477  1477 V PackageManager: Disabling com.google.android.gsf/com.google.android.gsf.update.SystemUpdateActivity
01-11 04:49:06.266  1477  1549 D SystemServerInitThreadPool: Started executing prepareAppData
01-11 04:49:06.266  1477  1477 W PackageManager: Unable to disable com.google.android.gsf/com.google.android.gsf.update.SystemUpdateActivity
01-11 04:49:06.266  1477  1477 V PackageManager: Disabling com.google.android.gsf/com.google.android.gsf.update.SystemUpdateService$Receiver
01-11 04:49:06.266  1477  1477 W PackageManager: Unable to disable com.google.android.gsf/com.google.android.gsf.update.SystemUpdateService$Receiver
01-11 04:49:06.266  1477  1477 V PackageManager: Disabling com.google.android.gsf/com.google.android.gsf.update.SystemUpdateService$SecretCodeReceiver
01-11 04:49:06.266  1477  1477 W PackageManager: Unable to disable com.google.android.gsf/com.google.android.gsf.update.SystemUpdateService$SecretCodeReceiver
01-11 04:49:06.266  1477  1477 V PackageManager: Disabling com.google.android.gsf/com.google.android.gsf.update.SystemUpdateServiceReceiver
01-11 04:49:06.266  1477  1477 W PackageManager: Unable to disable com.google.android.gsf/com.google.android.gsf.update.SystemUpdateServiceReceiver
01-11 04:49:06.266  1477  1477 V PackageManager: Disabling com.google.android.gms/com.google.android.gms.update.SystemUpdateActivity
01-11 04:49:06.266  1477  1477 W PackageManager: Unable to disable com.google.android.gms/com.google.android.gms.update.SystemUpdateActivity
01-11 04:49:06.266  1477  1477 V PackageManager: Disabling com.google.android.gms/com.google.android.gms.update.SystemUpdateService$Receiver
01-11 04:49:06.266  1477  1477 W PackageManager: Unable to disable com.google.android.gms/com.google.android.gms.update.SystemUpdateService$Receiver
01-11 04:49:06.266  1477  1477 V PackageManager: Disabling com.google.android.gms/com.google.android.gms.update.SystemUpdateService$ActiveReceiver
01-11 04:49:06.266  1477  1477 W PackageManager: Unable to disable com.google.android.gms/com.google.android.gms.update.SystemUpdateService$ActiveReceiver
01-11 04:49:06.266  1477  1477 V PackageManager: Disabling com.google.android.gms/com.google.android.gms.update.SystemUpdateService$SecretCodeReceiver
01-11 04:49:06.266  1477  1477 W PackageManager: Unable to disable com.google.android.gms/com.google.android.gms.update.SystemUpdateService$SecretCodeReceiver
01-11 04:49:06.266  1477  1477 V PackageManager: Disabling com.google.android.gms/com.google.android.gms.update.SystemUpdateServiceReceiver
01-11 04:49:06.266  1477  1477 W PackageManager: Unable to disable com.google.android.gms/com.google.android.gms.update.SystemUpdateServiceReceiver
01-11 04:49:06.266  1477  1477 V PackageManager: Enabling com.google.android.gsf/com.google.android.gsf.update.SystemUpdateService
01-11 04:49:06.266  1477  1477 W PackageManager: Unable to enable com.google.android.gsf/com.google.android.gsf.update.SystemUpdateService
01-11 04:49:06.266  1477  1477 V PackageManager: Enabling com.google.android.gms/com.google.android.gms.update.SystemUpdateService
01-11 04:49:06.266  1477  1477 W PackageManager: Unable to enable com.google.android.gms/com.google.android.gms.update.SystemUpdateService
01-11 04:49:06.269  1477  1549 D SystemServerTimingAsync: AppDataFixup took to complete: 3ms
01-11 04:49:06.299  1477  1477 E PackageManager: There should probably be a verifier, but, none were found
01-11 04:49:06.302  1477  1477 D PackageManager: Ephemeral resolver not found with new action; try old one
01-11 04:49:06.302  1477  1477 D PackageManager: Ephemeral resolver NOT found; no matching intent filters
01-11 04:49:06.303  1477  1477 D PackageManager: Ephemeral installer not found with new action; try old one
01-11 04:49:06.303  1477  1477 D PackageManager: Clear ephemeral installer activity
01-11 04:49:06.352  1477  1477 I zygote64: Explicit concurrent copying GC freed 59362(3MB) AllocSpace objects, 33(920KB) LOS objects, 66% free, 3MB/9MB, paused 35us total 44.598ms
01-11 04:49:06.354  1477  1477 D FallbackCategoryProvider: Found 1 fallback categories
01-11 04:49:06.357  1477  1477 D SystemServerTiming: StartPackageManagerService took to complete: 2802ms
01-11 04:49:06.358  1477  1477 I SystemServer: StartOtaDexOptService
01-11 04:49:06.359  1477  1477 D OTADexopt: No upgrade, skipping A/B artifacts check.
01-11 04:49:06.359  1477  1477 D SystemServerTiming: StartOtaDexOptService took to complete: 1ms
01-11 04:49:06.359  1477  1477 I SystemServer: StartUserManagerService
01-11 04:49:06.359  1477  1477 I SystemServiceManager: Starting com.android.server.pm.UserManagerService$LifeCycle
01-11 04:49:06.360  1477  1477 D SystemServerTiming: StartUserManagerService took to complete: 1ms
01-11 04:49:06.360  1477  1477 I SystemServer: InitAttributerCache
01-11 04:49:06.361  1477  1477 D SystemServerTiming: InitAttributerCache took to complete: 0ms
01-11 04:49:06.361  1477  1477 I SystemServer: SetSystemProcess
01-11 04:49:06.370   472   472 I lowmemorykiller: ActivityManager connected
01-11 04:49:06.371  1477  1477 D SystemServerTiming: SetSystemProcess took to complete: 11ms
01-11 04:49:06.373  1477  1551 I ServiceThread: Enabled StrictMode logging for android.anim looper.
01-11 04:49:06.373  1477  1477 I SystemServer: StartOverlayManagerService
01-11 04:49:06.375  1477  1477 D SystemServerTiming: StartOverlayManagerService took to complete: 3ms
01-11 04:49:06.375  1477  1552 D SystemServerInitThreadPool: Started executing Init OverlayManagerService
01-11 04:49:06.376  1477  1477 I SystemServer: StartDropBoxManager
01-11 04:49:06.376  1477  1553 D SystemServerInitThreadPool: Started executing StartSensorService
01-11 04:49:06.376  1477  1477 I SystemServiceManager: Starting com.android.server.DropBoxManagerService
01-11 04:49:06.376  1477  1553 D SensorService: nuSensorService starting...
01-11 04:49:06.378  1477  1477 D SystemServerTiming: StartDropBoxManager took to complete: 2ms
01-11 04:49:06.378  1477  1553 D vndksupport: Loading /vendor/lib64/hw/android.hardware.sensors@1.0-impl.so from current namespace instead of sphal namespace.
01-11 04:49:06.378  1477  1477 I SystemServer: StartBatteryService
01-11 04:49:06.379  1477  1477 I SystemServiceManager: Starting com.android.server.BatteryService
01-11 04:49:06.385  1477  1514 D lights  : Using onoff pattern: 0x000000
01-11 04:49:06.386  1477  1477 D SystemServerTiming: StartBatteryService took to complete: 8ms
01-11 04:49:06.386  1477  1477 I SystemServer: StartUsageService
01-11 04:49:06.386  1477  1477 I SystemServiceManager: Starting com.android.server.usage.UsageStatsService
01-11 04:49:06.390  1477  1518 E KernelCpuSpeedReader: Failed to read cpu-freq: /sys/devices/system/cpu/cpu4/cpufreq/stats/time_in_state (No such file or directory)
01-11 04:49:06.393  1477  1477 D SystemServerTiming: StartUsageService took to complete: 7ms
01-11 04:49:06.393  1477  1477 I SystemServer: StartWebViewUpdateService
01-11 04:49:06.394  1477  1477 I SystemServiceManager: Starting com.android.server.webkit.WebViewUpdateService
01-11 04:49:06.398  1477  1477 D SystemServerTiming: StartWebViewUpdateService took to complete: 4ms
01-11 04:49:06.398  1477  1477 I SystemServer: StartKeyAttestationApplicationIdProviderService
01-11 04:49:06.398  1477  1516 D SystemServerInitThreadPool: Started executing SecondaryZygotePreload
01-11 04:49:06.398  1477  1516 I SystemServer: SecondaryZygotePreload
01-11 04:49:06.401  1477  1477 D SystemServerTiming: StartKeyAttestationApplicationIdProviderService took to complete: 2ms
01-11 04:49:06.401  1477  1477 I SystemServer: StartKeyChainSystemService
01-11 04:49:06.401  1477  1477 I SystemServiceManager: Starting com.android.server.security.KeyChainSystemService
01-11 04:49:06.402  1477  1477 D SystemServerTiming: StartKeyChainSystemService took to complete: 1ms
01-11 04:49:06.402  1477  1477 I SystemServer: StartSchedulingPolicyService
01-11 04:49:06.403  1477  1477 D SystemServerTiming: StartSchedulingPolicyService took to complete: 1ms
01-11 04:49:06.403  1477  1477 I SystemServer: StartTelecomLoaderService
01-11 04:49:06.403  1477  1477 I SystemServiceManager: Starting com.android.server.telecom.TelecomLoaderService
01-11 04:49:06.405  1477  1477 D SystemServerTiming: StartTelecomLoaderService took to complete: 2ms
01-11 04:49:06.406  1477  1477 I SystemServer: StartTelephonyRegistry
01-11 04:49:06.409  1477  1516 I Zygote  : Process: zygote socket zygote opened, supported ABIS: arm64-v8a
01-11 04:49:06.411  1477  1553 I sensors_hal_Ctx: enableLogging: Setting log level to 5
01-11 04:49:06.411  1477  1553 E sensors_hal_Ctx: enableLogging: Mag filter level is 1
01-11 04:49:06.411  1477  1553 I libsensor1: sensor1_init_once: Setting log level to 5
01-11 04:49:06.412  1477  1477 D SystemServerTiming: StartTelephonyRegistry took to complete: 6ms
01-11 04:49:06.412  1477  1477 I SystemServer: StartEntropyMixer
01-11 04:49:06.413  1477  1477 W EntropyMixer: No existing entropy file -- first boot?
01-11 04:49:06.414  1477  1477 I EntropyMixer: Writing entropy...
01-11 04:49:06.415  1477  1477 D SystemServerTiming: StartEntropyMixer took to complete: 3ms
01-11 04:49:06.415  1477  1477 I SystemServer: StartAccountManagerService
01-11 04:49:06.415  1477  1477 I SystemServiceManager: Starting com.android.server.accounts.AccountManagerService$Lifecycle
01-11 04:49:06.417  1477  1553 V sensors_hal_Time: Sensor1 opened for time_service
01-11 04:49:06.417  1477  1553 D sensors_hal_Ctx: SensorsContext: Wake Up Sensors are enabled!
01-11 04:49:06.417   506   506 E QMI_FW  : xport_send: Sendto failed for port 1792
01-11 04:49:06.417   506   506 E QMI_FW  : QCCI qmi_cci_flush_tx_q: Error sending TXN: svc_id: 256 txn_id: 1 msg_id: 1
01-11 04:49:06.417   506   506 E Sensors : sns_acm_mr.c(499):Transport error -16
01-11 04:49:06.421  1477  1516 I Zygote  : Process: zygote socket zygote_secondary opened, supported ABIS: armeabi-v7a,armeabi
01-11 04:49:06.422   418   418 I Zygote  : Lazily preloading resources.
01-11 04:49:06.422   418   418 D Zygote  : begin preload
01-11 04:49:06.422   418   418 I Zygote  : Installing ICU cache reference pinning...
01-11 04:49:06.422   418   418 I Zygote  : Preloading ICU data...
01-11 04:49:06.426  1477  1477 D SystemServerTiming: StartAccountManagerService took to complete: 11ms
01-11 04:49:06.426  1477  1477 I SystemServer: StartContentService
01-11 04:49:06.426  1477  1477 I SystemServiceManager: Starting com.android.server.content.ContentService$Lifecycle
01-11 04:49:06.429  1477  1477 D SystemServerTiming: StartContentService took to complete: 3ms
01-11 04:49:06.429  1477  1477 I SystemServer: InstallSystemProviders
01-11 04:49:06.434   418   418 D ZygoteInitTiming_lazy: BeginIcuCachePinning took to complete: 13ms
01-11 04:49:06.435   418   418 I Zygote  : Preloading classes...
01-11 04:49:06.500  1562  1562 W ResourceType: CREATING STRING CACHE OF 47240 bytes
01-11 04:49:06.549  1477  1552 D SystemServerInitThreadPool: Finished executing Init OverlayManagerService
01-11 04:49:06.677   418   418 E ActivityRecognitionHardware: activity_recognition HAL is deprecated. class_init is effectively a no-op
01-11 04:49:06.686   496  1489 W installd: Requested default storage /data/user_de/0/com.android.stk is not active; migrating from /data/data/com.android.stk
01-11 04:49:06.698   418   418 W Zygote  : Class not found for preloading: android.icu.impl.number.Parse
01-11 04:49:06.709   418   418 I zygote  : Thread[1,tid=418,Native,Thread*=0xe40da000,peer=0x10580228,"main"] recursive attempt to load library "/system/lib/libmedia_jni.so"
01-11 04:49:06.709   418   418 D MtpDeviceJNI: register_android_mtp_MtpDevice
01-11 04:49:06.710   418   418 I zygote  : Thread[1,tid=418,Native,Thread*=0xe40da000,peer=0x10580228,"main"] recursive attempt to load library "/system/lib/libmedia_jni.so"
01-11 04:49:06.711   418   418 I zygote  : Thread[1,tid=418,Native,Thread*=0xe40da000,peer=0x10580228,"main"] recursive attempt to load library "/system/lib/libmedia_jni.so"
01-11 04:49:06.807   496  1489 W installd: Requested default storage /data/user_de/0/com.android.cellbroadcastreceiver is not active; migrating from /data/data/com.android.cellbroadcastreceiver
01-11 04:49:06.821   418   418 I Zygote  : ...preloaded 4715 classes in 386ms.
01-11 04:49:06.821   418   418 I zygote  : VMRuntime.preloadDexCaches starting
01-11 04:49:06.887   418   418 I zygote  : VMRuntime.preloadDexCaches strings total=313666 before=10231 after=10231
01-11 04:49:06.888   418   418 I zygote  : VMRuntime.preloadDexCaches types total=26690 before=5490 after=5492
01-11 04:49:06.888   418   418 I zygote  : VMRuntime.preloadDexCaches fields total=127107 before=5507 after=5537
01-11 04:49:06.888   418   418 I zygote  : VMRuntime.preloadDexCaches methods total=225605 before=9941 after=9941
01-11 04:49:06.888   418   418 I zygote  : VMRuntime.preloadDexCaches finished
01-11 04:49:06.888   418   418 D ZygoteInitTiming_lazy: PreloadClasses took to complete: 453ms
01-11 04:49:06.975   418   418 I Zygote  : Preloading resources...
01-11 04:49:06.989   418   418 W Resources: Preloaded drawable resource #0x1080264 (android:drawable/dialog_background_material) that varies with configuration!!
01-11 04:49:07.015   418   418 I Zygote  : ...preloaded 64 resources in 40ms.
01-11 04:49:07.020   418   418 W Resources: Preloaded color resource #0x1060053 (android:color/btn_default_material_dark) that varies with configuration!!
01-11 04:49:07.021   418   418 I Zygote  : ...preloaded 41 resources in 6ms.
01-11 04:49:07.021   418   418 D ZygoteInitTiming_lazy: PreloadResources took to complete: 133ms
01-11 04:49:07.021   418   418 D vndksupport: Loading /vendor/lib/hw/android.hardware.graphics.mapper@2.0-impl.so from current namespace instead of sphal namespace.
01-11 04:49:07.026   418   418 D vndksupport: Loading /vendor/lib/egl/libEGL_adreno.so from current namespace instead of sphal namespace.
01-11 04:49:07.031   418   418 D libEGL  : loaded /vendor/lib/egl/libEGL_adreno.so
01-11 04:49:07.042   496   496 W installd: Requested default storage /data/user_de/0/com.android.providers.blockednumber is not active; migrating from /data/data/com.android.providers.blockednumber
01-11 04:49:07.066   496  1554 W installd: Requested default storage /data/user_de/0/com.android.emergency is not active; migrating from /data/data/com.android.emergency
01-11 04:49:07.101   418   418 D vndksupport: Loading /vendor/lib/egl/libGLESv1_CM_adreno.so from current namespace instead of sphal namespace.
01-11 04:49:07.102   496  1489 W installd: Requested default storage /data/user_de/0/com.android.bluetooth is not active; migrating from /data/data/com.android.bluetooth
01-11 04:49:07.105   418   418 D libEGL  : loaded /vendor/lib/egl/libGLESv1_CM_adreno.so
01-11 04:49:07.131  1477  1549 D SystemServerTimingAsync: AppDataPrepare took to complete: 862ms
01-11 04:49:07.131  1477  1549 I PackageManager: Deferred reconcileAppsData finished 67 packages
01-11 04:49:07.131  1477  1549 D SystemServerInitThreadPool: Finished executing prepareAppData
01-11 04:49:07.142   418   418 D vndksupport: Loading /vendor/lib/egl/libGLESv2_adreno.so from current namespace instead of sphal namespace.
01-11 04:49:07.143   418   418 D libEGL  : loaded /vendor/lib/egl/libGLESv2_adreno.so
01-11 04:49:07.192   418   418 I Zygote  : Preloading shared libraries...
01-11 04:49:07.209   418   418 I Zygote  : Uninstalled ICU cache reference pinning...
01-11 04:49:07.210   418   418 I Zygote  : Installed AndroidKeyStoreProvider in 2ms.
01-11 04:49:07.220   418   418 I Zygote  : Warmed up JCA providers in 9ms.
01-11 04:49:07.220   418   418 D Zygote  : end preload
01-11 04:49:07.220  1477  1516 D SystemServerTimingAsync: SecondaryZygotePreload took to complete: 822ms
01-11 04:49:07.220  1477  1516 D SystemServerInitThreadPool: Finished executing SecondaryZygotePreload
01-11 04:49:07.417  1477  1553 E sensors_hal_Util: waitForResponse: pthread_cond_timedwait() rc=110 (cond: 0)
01-11 04:49:07.417  1477  1553 E sensors_hal_Ctx: sendSMGRVersionReq: SMGR version request timed out
01-11 04:49:07.417  1477  1553 E sensors_hal_Ctx: SensorsContext: SMGR version request failed!
01-11 04:49:07.417   506   506 E QMI_FW  : xport_send: Sendto failed for port 1792
01-11 04:49:07.417   506   506 E QMI_FW  : QCCI qmi_cci_flush_tx_q: Error sending TXN: svc_id: 256 txn_id: 2 msg_id: 5
01-11 04:49:07.417   506   506 E Sensors : sns_acm_mr.c(499):Transport error -16
01-11 04:49:08.417  1477  1553 E sensors_hal_Util: waitForResponse: pthread_cond_timedwait() rc=110 (cond: 0)
01-11 04:49:08.417  1477  1553 E sensors_hal_Ctx: getSensorList: Request timed out
01-11 04:49:08.417  1477  1553 E sensors_hal_Ctx: SensorsContext: get sensor list failed!
01-11 04:49:08.420  1477  1553 I MultiHal: Loaded library from sensors.ssc.so
01-11 04:49:08.423  1477  1553 I SensorService: Generated new HMAC key.
01-11 04:49:08.424  1477  1553 D SystemServerTimingAsync: StartSensorService took to complete: 2048ms
01-11 04:49:08.424  1477  1553 D SystemServerInitThreadPool: Finished executing StartSensorService
01-11 04:49:08.483  1477  1477 I SettingsState: No settings state /data/system/users/0/settings_system.xml
01-11 04:49:08.489  1477  1477 I SettingsState: No settings state /data/system/users/0/settings_secure.xml
01-11 04:49:08.493  1477  1477 D SettingsProvider: Generated and saved new ANDROID_ID [58b509688e283dca] for user 0
01-11 04:49:08.496  1477  1477 I SettingsState: No settings state /data/system/users/0/settings_global.xml
01-11 04:49:08.508  1477  1477 D SettingsProvider: Setting [] as Autofill Service for user 0
01-11 04:49:08.527  1477  1477 I SettingsState: No settings state /data/system/users/0/settings_ssaid.xml
01-11 04:49:08.533  1477  1477 D SystemServerTiming: InstallSystemProviders took to complete: 2105ms
01-11 04:49:08.533  1477  1477 I SystemServer: StartVibratorService
01-11 04:49:08.535  1477  1477 D vndksupport: Loading /vendor/lib64/hw/android.hardware.vibrator@1.0-impl.so from current namespace instead of sphal namespace.
01-11 04:49:08.540  1477  1477 D vndksupport: Loading /vendor/lib64/hw/vibrator.default.so from current namespace instead of sphal namespace.
01-11 04:49:08.542  1477  1477 D         : Vibrator using timed_output
01-11 04:49:08.543  1477  1477 D vndksupport: Loading /vendor/lib64/hw/android.hardware.vibrator@1.0-impl.so from current namespace instead of sphal namespace.
01-11 04:49:08.544  1477  1477 D vndksupport: Loading /vendor/lib64/hw/vibrator.default.so from current namespace instead of sphal namespace.
01-11 04:49:08.545  1477  1477 D         : Vibrator using timed_output
01-11 04:49:08.546  1477  1477 D vndksupport: Loading /vendor/lib64/hw/android.hardware.vibrator@1.0-impl.so from current namespace instead of sphal namespace.
01-11 04:49:08.547  1477  1477 D vndksupport: Loading /vendor/lib64/hw/vibrator.default.so from current namespace instead of sphal namespace.
01-11 04:49:08.548  1477  1477 D         : Vibrator using timed_output
01-11 04:49:08.551  1477  1477 D SystemServerTiming: StartVibratorService took to complete: 17ms
01-11 04:49:08.551  1477  1477 I SystemServer: StartConsumerIrService
01-11 04:49:08.552  1477  1477 D vndksupport: Loading /vendor/lib64/hw/android.hardware.ir@1.0-impl.so from current namespace instead of sphal namespace.
01-11 04:49:08.561  1477  1477 D SystemServerTiming: StartConsumerIrService took to complete: 10ms
01-11 04:49:08.561  1477  1477 I SystemServer: StartAlarmManagerService
01-11 04:49:08.561  1477  1477 I SystemServiceManager: Starting com.android.server.AlarmManagerService
01-11 04:49:08.565  1477  1477 D AlarmManagerService: Kernel timezone updated to 0 minutes west of GMT
01-11 04:49:08.565  1477  1477 I AlarmManager: Current time only 1420951748565, advancing to build time 1514237329000
01-11 04:49:08.565  1477  1477 D AlarmManagerService: Setting time of day to sec=1514237329
12-25 21:28:49.000  1477  1477 W AlarmManagerService: Unable to set rtc to 1514237329: Invalid argument
12-25 21:28:49.005  1477  1477 D SystemServerTiming: StartAlarmManagerService took to complete: 9ms
12-25 21:28:49.005  1477  1477 I SystemServer: InitWatchdog
12-25 21:28:49.005  1477  1477 D SystemServerTiming: InitWatchdog took to complete: 0ms
12-25 21:28:49.005  1477  1477 I SystemServer: StartInputManagerService
12-25 21:28:49.006  1477  1477 I InputManager: Initializing input manager, mUseDevInputEventForAudioJack=true
12-25 21:28:49.007  1477  1477 D SystemServerTiming: StartInputManagerService took to complete: 2ms
12-25 21:28:49.007  1477  1477 I SystemServer: StartWindowManagerService
12-25 21:28:49.023  1477  1527 I WindowManager: No existing display settings /data/system/display_settings.xml; starting empty
12-25 21:28:49.060  1477  1477 D SystemServerTiming: StartWindowManagerService took to complete: 52ms
12-25 21:28:49.060  1477  1477 I SystemServer: StartVrManagerService
12-25 21:28:49.060  1477  1552 D SystemServerInitThreadPool: Started executing StartHidlServices
12-25 21:28:49.060  1477  1477 I SystemServiceManager: Starting com.android.server.vr.VrManagerService
12-25 21:28:49.063   399   399 W /system/bin/hwservicemanager: getTransport: Cannot find entry android.hardware.vr@1.0::IVr/default in either framework or device manifest.
12-25 21:28:49.064  1477  1552 D SystemServerTimingAsync: StartHidlServices took to complete: 4ms
12-25 21:28:49.064  1477  1552 D SystemServerInitThreadPool: Finished executing StartHidlServices
12-25 21:28:49.065  1477  1477 W VrManagerService: init_native: Could not open IVr interface
12-25 21:28:49.066  1477  1477 D SystemServerTiming: StartVrManagerService took to complete: 6ms
12-25 21:28:49.066  1477  1477 I SystemServer: SetWindowManagerService
12-25 21:28:49.070  1477  1477 D SystemServerTiming: SetWindowManagerService took to complete: 3ms
12-25 21:28:49.070  1477  1477 I SystemServer: StartInputManager
12-25 21:28:49.070  1477  1477 I InputManager: Starting input manager
12-25 21:28:49.072  1477  1586 D EventHub: No input device configuration file found for device 'msm8994-tomtom-snd-card Headset Jack'.
12-25 21:28:49.072  1477  1586 I EventHub: wakeMechanism=EPOLLWAKEUP, usingClockIoctl=true
12-25 21:28:49.072  1477  1586 I EventHub: New device: id=1, fd=104, path='/dev/input/event4', name='msm8994-tomtom-snd-card Headset Jack', classes=0x80, configuration='', keyLayout='', keyCharacterMap='', builtinKeyboard=false, 
12-25 21:28:49.072  1477  1586 D EventHub: No input device configuration file found for device 'msm8994-tomtom-snd-card Button Jack'.
12-25 21:28:49.073  1477  1477 D SystemServerTiming: StartInputManager took to complete: 3ms
12-25 21:28:49.073  1477  1477 I SystemServer: DisplayManagerWindowManagerAndInputReady
12-25 21:28:49.073  1477  1477 D SystemServerTiming: DisplayManagerWindowManagerAndInputReady took to complete: 1ms
12-25 21:28:49.073  1477  1477 I SystemServer: StartBluetoothService
12-25 21:28:49.073  1477  1477 I SystemServiceManager: Starting com.android.server.BluetoothService
12-25 21:28:49.076  1477  1477 D BluetoothManagerService: Loading stored name and address
12-25 21:28:49.076  1477  1477 D BluetoothManagerService: Stored bluetooth Name=null,Address=null
12-25 21:28:49.076  1477  1477 D BluetoothManagerService: Bluetooth persisted state: 1
12-25 21:28:49.076  1477  1477 D BluetoothManagerService: Startup: Bluetooth persisted state is ON.
12-25 21:28:49.077  1477  1477 D SystemServerTiming: StartBluetoothService took to complete: 4ms
12-25 21:28:49.077  1477  1477 I SystemServer: IpConnectivityMetrics
12-25 21:28:49.077  1477  1477 I SystemServiceManager: Starting com.android.server.connectivity.IpConnectivityMetrics
12-25 21:28:49.078  1477  1586 W EventHub: Unable to disable kernel key repeat for /dev/input/event3: Function not implemented
12-25 21:28:49.078  1477  1586 I EventHub: wakeMechanism=EPOLLWAKEUP, usingClockIoctl=true
12-25 21:28:49.078  1477  1586 I EventHub: New device: id=2, fd=105, path='/dev/input/event3', name='msm8994-tomtom-snd-card Button Jack', classes=0x1, configuration='', keyLayout='/system/usr/keylayout/Generic.kl', keyCharacterMap='/system/usr/keychars/Generic.kcm', builtinKeyboard=false, 
12-25 21:28:49.078  1477  1477 D SystemServerTiming: IpConnectivityMetrics took to complete: 1ms
12-25 21:28:49.079  1477  1586 D EventHub: No input device configuration file found for device 'touch_dev'.
12-25 21:28:49.079  1477  1477 I SystemServer: PinnerService
12-25 21:28:49.079  1477  1477 I SystemServiceManager: Starting com.android.server.PinnerService
12-25 21:28:49.080  1477  1477 D SystemServerTiming: PinnerService took to complete: 2ms
12-25 21:28:49.080  1477  1477 I SystemServer: StartInputMethodManagerLifecycle
12-25 21:28:49.081  1477  1477 I SystemServiceManager: Starting com.android.server.InputMethodManagerService$Lifecycle
12-25 21:28:49.082  1477  1586 W EventHub: Unable to disable kernel key repeat for /dev/input/event0: Function not implemented
12-25 21:28:49.082  1477  1586 I EventHub: wakeMechanism=EPOLLWAKEUP, usingClockIoctl=true
12-25 21:28:49.082  1477  1586 I EventHub: New device: id=3, fd=106, path='/dev/input/event0', name='touch_dev', classes=0x15, configuration='', keyLayout='/system/usr/keylayout/Generic.kl', keyCharacterMap='/system/usr/keychars/Generic.kcm', builtinKeyboard=false, 
12-25 21:28:49.082  1477  1586 D EventHub: No input device configuration file found for device 'qpnp_pon'.
12-25 21:28:49.085   488   583 E ThermalEngine: [BMHB_GOV] read failed VS_TEMP
12-25 21:28:49.086  1477  1586 W EventHub: Unable to disable kernel key repeat for /dev/input/event1: Function not implemented
12-25 21:28:49.086  1477  1586 I EventHub: wakeMechanism=EPOLLWAKEUP, usingClockIoctl=true
12-25 21:28:49.086  1477  1586 I EventHub: New device: id=4, fd=107, path='/dev/input/event1', name='qpnp_pon', classes=0x1, configuration='', keyLayout='/system/usr/keylayout/Generic.kl', keyCharacterMap='/system/usr/keychars/Generic.kcm', builtinKeyboard=false, 
12-25 21:28:49.086  1477  1586 E EventHub: could not get driver version for /dev/input/mice, Not a typewriter
12-25 21:28:49.088  1477  1477 D SystemServerTiming: StartInputMethodManagerLifecycle took to complete: 8ms
12-25 21:28:49.088  1477  1477 I SystemServer: StartAccessibilityManagerService
12-25 21:28:49.093  1477  1477 D SystemServerTiming: StartAccessibilityManagerService took to complete: 4ms
12-25 21:28:49.093  1477  1477 I SystemServer: MakeDisplayReady
12-25 21:28:49.096  1477  1477 I ActivityManager: Config changes=5df8 {1.0 ?mcc?mnc [en_US] ldltr sw411dp w411dp h731dp 560dpi nrml long port ?uimode ?night -touch -keyb/h/h -nav/h appBounds=Rect(0, 0 - 1440, 2560) s.2}
12-25 21:28:49.096  1477  1517 I UsageStatsService: Time changed in UsageStats by 93285580 seconds
12-25 21:28:49.100  1477  1517 I UsageStatsDatabase: Upgrading from version 0 to 3
12-25 21:28:49.100  1477  1517 I UsageStatsDatabase: Deleting all usage stats files
12-25 21:28:49.103  1477  1517 I UsageStatsService: User[0] Rollover scheduled @ 2017-12-26 21:28:49(1514323729096)
12-25 21:28:49.103  1477  1517 D UsageStatsService: Initializing defaults for system apps on user 0
12-25 21:28:49.104  1477  1477 I ActivityManager: Override config changes=40007dfc {1.0 ?mcc?mnc [en_US] ldltr sw411dp w411dp h731dp 560dpi nrml long port ?uimode ?night -touch -keyb/h/h -nav/h appBounds=Rect(0, 0 - 1440, 2560) s.2} for displayId=0
12-25 21:28:49.106  1477  1517 E AppIdleHistory: Unable to read app idle file for user 0
12-25 21:28:49.118  1477  1477 I ActivityManager: Config changes=500 {1.0 ?mcc?mnc [en_US] ldltr sw411dp w411dp h659dp 560dpi nrml port ?uimode ?night -touch -keyb/h/h -nav/h appBounds=Rect(0, 0 - 1440, 2392) s.3}
12-25 21:28:49.125  1477  1477 I ActivityManager: Override config changes=500 {1.0 ?mcc?mnc [en_US] ldltr sw411dp w411dp h659dp 560dpi nrml port ?uimode ?night -touch -keyb/h/h -nav/h appBounds=Rect(0, 0 - 1440, 2392) s.3} for displayId=0
12-25 21:28:49.126  1477  1586 D EventHub: No input device configuration file found for device 'gpio-keys'.
12-25 21:28:49.130  1477  1586 W EventHub: Unable to disable kernel key repeat for /dev/input/event2: Function not implemented
12-25 21:28:49.130  1477  1586 I EventHub: wakeMechanism=EPOLLWAKEUP, usingClockIoctl=true
12-25 21:28:49.130  1477  1586 I EventHub: New device: id=5, fd=109, path='/dev/input/event2', name='gpio-keys', classes=0x81, configuration='', keyLayout='/system/usr/keylayout/Generic.kl', keyCharacterMap='/system/usr/keychars/Generic.kcm', builtinKeyboard=false, 
12-25 21:28:49.131  1477  1477 D SystemServerTiming: MakeDisplayReady took to complete: 38ms
12-25 21:28:49.131  1477  1477 I SystemServer: StartStorageManagerService
12-25 21:28:49.132  1477  1477 I SystemServiceManager: Starting com.android.server.StorageManagerService$Lifecycle
12-25 21:28:49.135  1477  1586 I InputReader: Device added: id=-1, name='Virtual', sources=0x00000301
12-25 21:28:49.135  1477  1586 I InputReader: Device added: id=5, name='gpio-keys', sources=0x80000101
12-25 21:28:49.135  1477  1586 I InputReader: Device added: id=4, name='qpnp_pon', sources=0x00000101
12-25 21:28:49.136  1477  1586 I InputReader:   Touch device 'touch_dev' could not query the properties of its associated display.  The device will be inoperable until the display size becomes available.
12-25 21:28:49.136  1477  1586 I InputReader: Device added: id=3, name='touch_dev', sources=0x00001103
12-25 21:28:49.136  1477  1586 I InputReader: Device added: id=2, name='msm8994-tomtom-snd-card Button Jack', sources=0x00000101
12-25 21:28:49.136  1477  1586 I InputReader: Device added: id=1, name='msm8994-tomtom-snd-card Headset Jack', sources=0x80000000
12-25 21:28:49.137  1477  1586 I InputReader: Reconfiguring input devices.  changes=0x00000004
12-25 21:28:49.137  1477  1586 I InputReader: Device reconfigured: id=3, name='touch_dev', size 1440x2560, orientation 0, mode 1, display id 0
12-25 21:28:49.137  1477  1585 I ActivityManager: Config changes=8 {1.0 ?mcc?mnc [en_US] ldltr sw411dp w411dp h659dp 560dpi nrml port ?uimode ?night finger -keyb/h/h -nav/h appBounds=Rect(0, 0 - 1440, 2392) s.4}
12-25 21:28:49.146  1477  1585 I ActivityManager: Override config changes=8 {1.0 ?mcc?mnc [en_US] ldltr sw411dp w411dp h659dp 560dpi nrml port ?uimode ?night finger -keyb/h/h -nav/h appBounds=Rect(0, 0 - 1440, 2392) s.4} for displayId=0
12-25 21:28:49.153  1477  1477 D SystemServerTiming: StartStorageManagerService took to complete: 22ms
12-25 21:28:49.154  1477  1477 I SystemServer: StartStorageStatsService
12-25 21:28:49.154  1477  1587 D StorageManagerService: Thinking about init, mSystemReady=false, mDaemonConnected=true
12-25 21:28:49.154  1477  1477 I SystemServiceManager: Starting com.android.server.usage.StorageStatsService$Lifecycle
12-25 21:28:49.154  1477  1587 D StorageManagerService: Thinking about reset, mSystemReady=false, mDaemonConnected=true
12-25 21:28:49.154  1477  1587 D StorageManagerService: Thinking about init, mSystemReady=false, mDaemonConnected=true
12-25 21:28:49.154  1477  1587 D StorageManagerService: Thinking about reset, mSystemReady=false, mDaemonConnected=true
12-25 21:28:49.154  1477  1587 D CryptdConnector: SND -> {1 cryptfs getfield SystemLocale}
12-25 21:28:49.158  1477  1477 D SystemServerTiming: StartStorageStatsService took to complete: 5ms
12-25 21:28:49.158  1477  1477 I SystemServer: StartUiModeManager
12-25 21:28:49.159  1477  1477 I SystemServiceManager: Starting com.android.server.UiModeManagerService
12-25 21:28:49.162  1477  1549 D SystemServerInitThreadPool: Started executing UiModeManager.onStart
12-25 21:28:49.163  1477  1549 I ActivityManager: Config changes=200 {1.0 ?mcc?mnc [en_US] ldltr sw411dp w411dp h659dp 560dpi nrml port finger -keyb/h/h -nav/h appBounds=Rect(0, 0 - 1440, 2392) s.5}
12-25 21:28:49.163  1477  1477 D SystemServerTiming: StartUiModeManager took to complete: 5ms
12-25 21:28:49.163  1477  1477 I SystemServer: UpdatePackagesIfNeeded
12-25 21:28:49.164  1477  1589 D CryptdConnector: RCV <- {200 1 -1}
12-25 21:28:49.166  1477  1587 W StorageManagerService: No primary storage mounted!
12-25 21:28:49.166  1477  1587 D VoldConnector: SND -> {1 asec list}
12-25 21:28:49.166  1477  1477 I PackageManager.DexOptimizer: Running dexopt (dexoptNeeded=1) on: /system/priv-app/TelephonyProvider/TelephonyProvider.apk pkg=com.android.providers.telephony isa=arm64 dexoptFlags=public target-filter=quicken oatDir=null sharedLibraries=PCL[]
12-25 21:28:49.167  1477  1588 D VoldConnector: RCV <- {200 1 asec operation succeeded}
12-25 21:28:49.168  1477  1587 I PackageManager: No secure containers found
12-25 21:28:49.175  1477  1549 I ActivityManager: Override config changes=200 {1.0 ?mcc?mnc [en_US] ldltr sw411dp w411dp h659dp 560dpi nrml port finger -keyb/h/h -nav/h appBounds=Rect(0, 0 - 1440, 2392) s.5} for displayId=0
12-25 21:28:49.181  1477  1549 D SystemServerInitThreadPool: Finished executing UiModeManager.onStart
12-25 21:28:49.209  1590  1590 I dex2oat : /system/bin/dex2oat --input-vdex-fd=-1 --output-vdex-fd=9 --compiler-filter=quicken -j4 --classpath-dir=/system/priv-app/TelephonyProvider --class-loader-context=PCL[]
12-25 21:28:49.210  1477  1587 W StorageManagerService: No primary storage defined yet; hacking together a stub
12-25 21:28:49.212  1477  1587 W StorageManagerService: No primary storage mounted!
12-25 21:28:49.212  1477  1587 D VoldConnector: SND -> {2 asec list}
12-25 21:28:49.213  1477  1588 D VoldConnector: RCV <- {200 2 asec operation succeeded}
12-25 21:28:49.212  1477  1587 W StorageManagerService: No primary storage defined yet; hacking together a stub
12-25 21:28:49.296  1590  1590 I dex2oat : dex2oat took 87.601ms (157.663ms cpu) (threads: 4) arena alloc=60KB (62056B) java alloc=133KB (136952B) native alloc=1367KB (1400240B) free=2MB (2269776B)
12-25 21:28:49.303  1477  1477 I PackageManager.DexOptimizer: Running dexopt (dexoptNeeded=1) on: /system/priv-app/MmsService/MmsService.apk pkg=com.android.mms.service isa=arm64 dexoptFlags=public target-filter=quicken oatDir=null sharedLibraries=PCL[]
12-25 21:28:49.345  1595  1595 I dex2oat : /system/bin/dex2oat --input-vdex-fd=-1 --output-vdex-fd=9 --compiler-filter=quicken -j4 --classpath-dir=/system/priv-app/MmsService --class-loader-context=PCL[]
12-25 21:28:49.406  1595  1595 I dex2oat : dex2oat took 63.340ms (90.473ms cpu) (threads: 4) arena alloc=17KB (17704B) java alloc=85KB (87232B) native alloc=1435KB (1470328B) free=1636KB (1675400B)
12-25 21:28:49.413  1477  1477 I PackageManager.DexOptimizer: Running dexopt (dexoptNeeded=1) on: /system/priv-app/DefaultContainerService/DefaultContainerService.apk pkg=com.android.defcontainer isa=arm64 dexoptFlags=public target-filter=quicken oatDir=null sharedLibraries=PCL[]
12-25 21:28:49.457  1601  1601 I dex2oat : /system/bin/dex2oat --input-vdex-fd=-1 --output-vdex-fd=9 --compiler-filter=quicken -j4 --classpath-dir=/system/priv-app/DefaultContainerService --class-loader-context=PCL[]
12-25 21:28:49.509  1601  1601 I dex2oat : dex2oat took 52.103ms (51.365ms cpu) (threads: 4) arena alloc=4KB (4960B) java alloc=51KB (52896B) native alloc=1210KB (1239232B) free=1349KB (1382208B)
12-25 21:28:49.515  1477  1477 I PackageManager.DexOptimizer: Running dexopt (dexoptNeeded=1) on: /system/priv-app/TimeKeep/TimeKeep.apk pkg=com.sony.timekeep isa=arm64 dexoptFlags=public target-filter=quicken oatDir=null sharedLibraries=PCL[]
12-25 21:28:49.555  1606  1606 I dex2oat : /system/bin/dex2oat --input-vdex-fd=-1 --output-vdex-fd=9 --compiler-filter=quicken -j4 --classpath-dir=/system/priv-app/TimeKeep --class-loader-context=PCL[]
12-25 21:28:49.599  1606  1606 I dex2oat : dex2oat took 44.592ms (45.166ms cpu) (threads: 4) arena alloc=3KB (3504B) java alloc=16KB (16984B) native alloc=1010KB (1034304B) free=1549KB (1587136B)
12-25 21:28:49.605  1477  1477 I PackageManager.DexOptimizer: Running dexopt (dexoptNeeded=1) on: /system/priv-app/qcrilmsgtunnel/qcrilmsgtunnel.apk pkg=com.qualcomm.qcrilmsgtunnel isa=arm64 dexoptFlags=public target-filter=quicken oatDir=null sharedLibraries=PCL[]
12-25 21:28:49.645  1611  1611 I dex2oat : /system/bin/dex2oat --input-vdex-fd=-1 --output-vdex-fd=9 --compiler-filter=quicken -j4 --classpath-dir=/system/priv-app/qcrilmsgtunnel --class-loader-context=PCL[]
12-25 21:28:49.701  1611  1611 I dex2oat : dex2oat took 56.194ms (66.906ms cpu) (threads: 4) arena alloc=19KB (20184B) java alloc=68KB (70032B) native alloc=1376KB (1410040B) free=2MB (2259976B)
12-25 21:28:49.707  1477  1477 I PackageManager.DexOptimizer: Running dexopt (dexoptNeeded=1) on: /system/priv-app/SettingsProvider/SettingsProvider.apk pkg=com.android.providers.settings isa=arm64 dexoptFlags=public target-filter=quicken oatDir=null sharedLibraries=PCL[]
12-25 21:28:49.747  1616  1616 I dex2oat : /system/bin/dex2oat --input-vdex-fd=-1 --output-vdex-fd=9 --compiler-filter=quicken -j4 --classpath-dir=/system/priv-app/SettingsProvider --class-loader-context=PCL[]
12-25 21:28:49.825  1616  1616 I dex2oat : dex2oat took 78.972ms (130.515ms cpu) (threads: 4) arena alloc=152KB (156600B) java alloc=84KB (86904B) native alloc=1469KB (1504368B) free=2MB (2165648B)
12-25 21:28:49.833  1477  1477 I PackageManager.DexOptimizer: Running dexopt (dexoptNeeded=1) on: /system/priv-app/InputDevices/InputDevices.apk pkg=com.android.inputdevices isa=arm64 dexoptFlags=public target-filter=quicken oatDir=null sharedLibraries=PCL[]
12-25 21:28:49.873  1621  1621 I dex2oat : /system/bin/dex2oat --input-vdex-fd=-1 --output-vdex-fd=9 --compiler-filter=quicken -j4 --classpath-dir=/system/priv-app/InputDevices --class-loader-context=PCL[]
12-25 21:28:49.915  1621  1621 I dex2oat : dex2oat took 43.431ms (44.099ms cpu) (threads: 4) arena alloc=736B (736B) java alloc=16KB (16984B) native alloc=1008KB (1032416B) free=1551KB (1589024B)
12-25 21:28:49.921  1477  1477 I PackageManager.DexOptimizer: Running dexopt (dexoptNeeded=1) on: /system/app/ExtShared/ExtShared.apk pkg=android.ext.shared isa=arm64 dexoptFlags=public target-filter=quicken oatDir=null sharedLibraries=PCL[]
12-25 21:28:49.962  1626  1626 I dex2oat : /system/bin/dex2oat --input-vdex-fd=-1 --output-vdex-fd=9 --compiler-filter=quicken -j4 --classpath-dir=/system/app/ExtShared --class-loader-context=PCL[]
12-25 21:28:50.006  1626  1626 I dex2oat : dex2oat took 44.609ms (45.392ms cpu) (threads: 4) arena alloc=3KB (3072B) java alloc=64KB (65552B) native alloc=1008KB (1032816B) free=1551KB (1588624B)
12-25 21:28:50.011  1477  1477 I PackageManager.DexOptimizer: Running dexopt (dexoptNeeded=1) on: /system/priv-app/Telecom/Telecom.apk pkg=com.android.server.telecom isa=arm64 dexoptFlags=public target-filter=quicken oatDir=null sharedLibraries=PCL[]
12-25 21:28:50.052  1631  1631 I dex2oat : /system/bin/dex2oat --input-vdex-fd=-1 --output-vdex-fd=9 --compiler-filter=quicken -j4 --classpath-dir=/system/priv-app/Telecom --class-loader-context=PCL[]
12-25 21:28:50.531  1631  1631 I dex2oat : dex2oat took 479.840ms (1.192s cpu) (threads: 4) arena alloc=5KB (5136B) java alloc=1798KB (1841208B) native alloc=2MB (2634408B) free=2035KB (2084184B)
12-25 21:28:50.542  1477  1477 I PackageManager.DexOptimizer: Running dexopt (dexoptNeeded=1) on: /system/priv-app/Dialer/Dialer.apk pkg=com.android.dialer isa=arm64 dexoptFlags=public target-filter=quicken oatDir=null sharedLibraries=PCL[]
12-25 21:28:50.583  1636  1636 I dex2oat : /system/bin/dex2oat --input-vdex-fd=-1 --output-vdex-fd=9 --compiler-filter=quicken -j4 --classpath-dir=/system/priv-app/Dialer --class-loader-context=PCL[]
12-25 21:28:50.589  1636  1636 W dex2oat : Could not reserve sentinel fault page
12-25 21:28:51.211  1641  1641 I init    : type=1400 audit(0.0:176): avc: denied { execute_no_trans } for path="/system/vendor/bin/perfd" dev="mmcblk0p47" ino=2414 scontext=u:r:init:s0 tcontext=u:object_r:vendor_file:s0 tclass=file permissive=1
12-25 21:28:51.226  1641  1641 E ANDR-PERF-MPCTL: Unable to create control service (stage=1, rc=0)
12-25 21:28:51.226  1641  1641 W libc    : invalid pthread_t (0) passed to libc
12-25 21:28:51.416  1636  1636 W dex2oat : Class android.support.v4.content.ModernAsyncTask failed lock verification and will run slower.
12-25 21:28:51.416  1636  1636 W dex2oat : Common causes for lock verification issues are non-optimized dex code
12-25 21:28:51.416  1636  1636 W dex2oat : and incorrect proguard optimizations.
12-25 21:28:51.444  1636  1639 W dex2oat : Class android.support.v4.util.SimpleArrayMap failed lock verification and will run slower.
12-25 21:28:51.445  1636  1638 W dex2oat : Class android.support.v4.util.ArraySet failed lock verification and will run slower.
12-25 21:28:51.649  1636  1638 W dex2oat : Class com.android.dialer.DialerPhoneNumber$RawInput failed lock verification and will run slower.
12-25 21:28:51.649  1636  1640 W dex2oat : Class com.android.dialer.DialerPhoneNumber failed lock verification and will run slower.
12-25 21:28:51.650  1636  1636 W dex2oat : Class com.android.dialer.DialerInternalPhoneNumber failed lock verification and will run slower.
12-25 21:28:51.741  1636  1638 W dex2oat : Class com.android.dialer.calldetails.CallDetailsEntries failed lock verification and will run slower.
12-25 21:28:51.742  1636  1640 W dex2oat : Class com.android.dialer.calldetails.CallDetailsEntries$CallDetailsEntry failed lock verification and will run slower.
12-25 21:28:51.748  1636  1638 W dex2oat : Class com.android.dialer.callintent.CallSpecificAppData failed lock verification and will run slower.
12-25 21:28:51.751  1636  1638 W dex2oat : Class com.android.dialer.common.concurrent.AsyncTaskExecutors failed lock verification and will run slower.
12-25 21:28:51.757  1636  1640 W dex2oat : Class com.android.dialer.dialercontact.SimDetails failed lock verification and will run slower.
12-25 21:28:51.758  1636  1639 W dex2oat : Class com.android.dialer.dialercontact.DialerContact failed lock verification and will run slower.
12-25 21:28:51.764  1636  1638 W dex2oat : Class com.android.dialer.enrichedcall.historyquery.proto.HistoryResult failed lock verification and will run slower.
12-25 21:28:51.916  1636  1638 W dex2oat : Class com.bumptech.glide.Glide failed lock verification and will run slower.
12-25 21:28:51.989  1636  1638 W dex2oat : Class com.google.internal.communications.voicemailtranscription.v1.TranscribeVoicemailResponse failed lock verification and will run slower.
12-25 21:28:51.989  1636  1640 W dex2oat : Class com.google.internal.communications.voicemailtranscription.v1.TranscribeVoicemailRequest failed lock verification and will run slower.
12-25 21:28:52.459  1636  1636 I dex2oat : dex2oat took 1.876s (4.442s cpu) (threads: 4) arena alloc=8KB (9208B) java alloc=6MB (6534016B) native alloc=6MB (6881984B) free=1983KB (2030912B)
12-25 21:28:52.474  1477  1477 I PackageManager.DexOptimizer: Running dexopt (dexoptNeeded=1) on: /system/priv-app/ExtServices/ExtServices.apk pkg=android.ext.services isa=arm64 dexoptFlags=public target-filter=quicken oatDir=null sharedLibraries=PCL[]
12-25 21:28:52.515  1642  1642 I dex2oat : /system/bin/dex2oat --input-vdex-fd=-1 --output-vdex-fd=9 --compiler-filter=quicken -j4 --classpath-dir=/system/priv-app/ExtServices --class-loader-context=PCL[]
12-25 21:28:52.563  1642  1642 I dex2oat : dex2oat took 48.591ms (53.299ms cpu) (threads: 4) arena alloc=8KB (9104B) java alloc=77KB (79072B) native alloc=1352KB (1384856B) free=2MB (2285160B)
12-25 21:28:52.570  1477  1477 I PackageManager.DexOptimizer: Running dexopt (dexoptNeeded=1) on: /system/priv-app/PackageInstaller/PackageInstaller.apk pkg=com.android.packageinstaller isa=arm64 dexoptFlags=public target-filter=quicken oatDir=null sharedLibraries=PCL[]
12-25 21:28:52.611  1647  1647 I dex2oat : /system/bin/dex2oat --input-vdex-fd=-1 --output-vdex-fd=9 --compiler-filter=quicken -j4 --classpath-dir=/system/priv-app/PackageInstaller --class-loader-context=PCL[]
12-25 21:28:53.379  1647  1647 I dex2oat : dex2oat took 768.488ms (1.889s cpu) (threads: 4) arena alloc=12KB (12544B) java alloc=3MB (3839888B) native alloc=2MB (3039904B) free=2MB (2202976B)
12-25 21:28:53.392  1477  1477 I PackageManager.DexOptimizer: Running dexopt (dexoptNeeded=1) on: /system/priv-app/ProxyHandler/ProxyHandler.apk pkg=com.android.proxyhandler isa=arm64 dexoptFlags=public target-filter=quicken oatDir=null sharedLibraries=PCL[]
12-25 21:28:53.436  1652  1652 I dex2oat : /system/bin/dex2oat --input-vdex-fd=-1 --output-vdex-fd=9 --compiler-filter=quicken -j4 --classpath-dir=/system/priv-app/ProxyHandler --class-loader-context=PCL[]
12-25 21:28:53.487  1652  1652 I dex2oat : dex2oat took 51.271ms (51.742ms cpu) (threads: 4) arena alloc=23KB (24096B) java alloc=67KB (69288B) native alloc=1308KB (1339816B) free=1763KB (1805912B)
12-25 21:28:53.495  1477  1477 I PackageManager.DexOptimizer: Running dexopt (dexoptNeeded=1) on: /system/app/LatinIME/LatinIME.apk pkg=com.android.inputmethod.latin isa=arm64 dexoptFlags=public target-filter=quicken oatDir=null sharedLibraries=PCL[]
12-25 21:28:53.539  1657  1657 I dex2oat : /system/bin/dex2oat --input-vdex-fd=-1 --output-vdex-fd=9 --compiler-filter=quicken -j4 --classpath-dir=/system/app/LatinIME --class-loader-context=PCL[]
12-25 21:28:53.870  1657  1657 I dex2oat : dex2oat took 332.333ms (793.861ms cpu) (threads: 4) arena alloc=309KB (316688B) java alloc=1289KB (1320456B) native alloc=1860KB (1905072B) free=3MB (3337808B)
12-25 21:28:53.879  1477  1477 I PackageManager.DexOptimizer: Running dexopt (dexoptNeeded=1) on: /system/priv-app/Settings/Settings.apk pkg=com.android.settings isa=arm64 dexoptFlags=public target-filter=quicken oatDir=null sharedLibraries=PCL[]
12-25 21:28:53.922  1662  1662 I dex2oat : /system/bin/dex2oat --input-vdex-fd=-1 --output-vdex-fd=9 --compiler-filter=quicken -j4 --classpath-dir=/system/priv-app/Settings --class-loader-context=PCL[]
12-25 21:28:54.085   488   583 E ThermalEngine: [BMHB_GOV] read failed VS_TEMP
12-25 21:28:55.894  1662  1662 I dex2oat : dex2oat took 1.972s (4.730s cpu) (threads: 4) arena alloc=6KB (6360B) java alloc=10MB (10934288B) native alloc=6MB (7023416B) free=2MB (2413768B)
12-25 21:28:55.913  1477  1477 I PackageManager.DexOptimizer: Running dexopt (dexoptNeeded=1) on: /system/priv-app/TeleService/TeleService.apk pkg=com.android.phone isa=arm64 dexoptFlags=public target-filter=quicken oatDir=null sharedLibraries=PCL[]
12-25 21:28:55.956  1667  1667 I dex2oat : /system/bin/dex2oat --input-vdex-fd=-1 --output-vdex-fd=9 --compiler-filter=quicken -j4 --classpath-dir=/system/priv-app/TeleService --class-loader-context=PCL[]
12-25 21:28:56.231  1672  1672 E ANDR-PERF-MPCTL: Unable to create control service (stage=1, rc=0)
12-25 21:28:56.231  1672  1672 W libc    : invalid pthread_t (0) passed to libc
12-25 21:28:56.665  1667  1667 I dex2oat : dex2oat took 710.472ms (1.711s cpu) (threads: 4) arena alloc=3KB (3288B) java alloc=2MB (2949336B) native alloc=3MB (3233544B) free=1962KB (2009336B)
12-25 21:28:56.678  1477  1477 I PackageManager.DexOptimizer: Running dexopt (dexoptNeeded=1) on: /system/priv-app/Shell/Shell.apk pkg=com.android.shell isa=arm64 dexoptFlags=public target-filter=quicken oatDir=null sharedLibraries=PCL[]
12-25 21:28:56.720  1673  1673 I dex2oat : /system/bin/dex2oat --input-vdex-fd=-1 --output-vdex-fd=9 --compiler-filter=quicken -j4 --classpath-dir=/system/priv-app/Shell --class-loader-context=PCL[]
12-25 21:28:56.825  1673  1673 I dex2oat : dex2oat took 105.519ms (164.012ms cpu) (threads: 4) arena alloc=14KB (14344B) java alloc=189KB (194392B) native alloc=1327KB (1359248B) free=2MB (2310768B)
12-25 21:28:56.832  1477  1477 I PackageManager.DexOptimizer: Running dexopt (dexoptNeeded=1) on: /system/priv-app/FusedLocation/FusedLocation.apk pkg=com.android.location.fused isa=arm64 dexoptFlags=public target-filter=quicken oatDir=null sharedLibraries=PCL[/system/framework/com.android.location.provider.jar]
12-25 21:28:56.875  1678  1678 I dex2oat : /system/bin/dex2oat --input-vdex-fd=-1 --output-vdex-fd=9 --compiler-filter=quicken -j4 --classpath-dir=/system/priv-app/FusedLocation --class-loader-context=PCL[/system/framework/com.android.location.provider.jar]
12-25 21:28:56.933  1678  1678 I dex2oat : dex2oat took 58.833ms (65.942ms cpu) (threads: 4) arena alloc=3KB (4080B) java alloc=68KB (69704B) native alloc=1516KB (1552928B) free=2MB (2117088B)
