02-14 17:11:07.530   539   539 I /system/bin/surfaceflinger: android::hardware::configstore::V1_0::ISurfaceFlingerConfigs::vsyncEventPhaseOffsetNs retrieved: 2000000
02-14 17:11:07.530   539   539 I /system/bin/surfaceflinger: android::hardware::configstore::V1_0::ISurfaceFlingerConfigs::vsyncSfEventPhaseOffsetNs retrieved: 6000000
02-14 17:11:07.531   539   539 I /system/bin/surfaceflinger: android::hardware::configstore::V1_0::ISurfaceFlingerConfigs::hasSyncFramework retrieved: 1
02-14 17:11:07.531   539   539 I /system/bin/surfaceflinger: android::hardware::configstore::V1_0::ISurfaceFlingerConfigs::useContextPriority retrieved: 0 (default)
02-14 17:11:07.536   539   539 I /system/bin/surfaceflinger: android::hardware::configstore::V1_0::ISurfaceFlingerConfigs::presentTimeOffsetFromVSyncNs retrieved: 0
02-14 17:11:07.536   539   539 I /system/bin/surfaceflinger: android::hardware::configstore::V1_0::ISurfaceFlingerConfigs::useHwcForRGBtoYUV retrieved: 1
02-14 17:11:07.536   539   539 I /system/bin/surfaceflinger: android::hardware::configstore::V1_0::ISurfaceFlingerConfigs::maxVirtualDisplaySize retrieved: 4096
02-14 17:11:07.536   539   539 I /system/bin/surfaceflinger: android::hardware::configstore::V1_0::ISurfaceFlingerConfigs::useVrFlinger retrieved: 0 (default)
02-14 17:11:07.536   539   539 I /system/bin/surfaceflinger: android::hardware::configstore::V1_0::ISurfaceFlingerConfigs::maxFrameBufferAcquiredBuffers retrieved: 2 (default)
02-14 17:11:07.536   539   539 I /system/bin/surfaceflinger: android::hardware::configstore::V1_0::ISurfaceFlingerConfigs::hasWideColorDisplay retrieved: 0
02-14 17:11:07.537   539   539 I SurfaceFlinger: Disabling Triple Buffering
02-14 17:11:07.537   539   539 I SurfaceFlinger: SurfaceFlinger's main thread ready to run. Initializing graphics H/W...
02-14 17:11:07.537   539   539 I SurfaceFlinger: Phase offest NS: 2000000
02-14 17:11:07.539   539   539 D vndksupport: Loading /vendor/lib64/egl/libEGL_adreno.so from current namespace instead of sphal namespace.
02-14 17:11:07.548   539   539 D libEGL  : loaded /vendor/lib64/egl/libEGL_adreno.so
02-14 17:11:07.568   589   589 E PerMgrProxy: Starting pm-proxy service
02-14 17:11:07.569   589   589 I PerMgrProxy: Found internal modem
02-14 17:11:07.573   587   587 E Diag_Lib: diag diag_get_max_file_size size=200,max_file_size=209715200,min_file_size=167772160
02-14 17:11:07.576   588   600 I adbd    : initializing functionfs
02-14 17:11:07.577   588   600 I adbd    : opening control endpoint /dev/usb-ffs/adb/ep0
02-14 17:11:07.596   530   565 D PerMgrSrv: modem state: is off-line, add client PM-PROXY-THREAD
02-14 17:11:07.596   530   565 D PerMgrSrv: PM-PROXY-THREAD registered
02-14 17:11:07.596   589   589 D PerMgrLib: PM-PROXY-THREAD successfully registered for modem
02-14 17:11:07.596   589   589 I PerMgrProxy: pm-proxy-thread Voting for internal modem
02-14 17:11:07.596   589   589 D PerMgrLib: PM-PROXY-THREAD voting for modem
02-14 17:11:07.596   530   565 D PerMgrSrv: PM-PROXY-THREAD voting for modem
02-14 17:11:07.596   530   565 D PerMgrSrv: modem new state: going on-line
02-14 17:11:07.596   530   565 D PerMgrSrv: modem num voters is 1
02-14 17:11:07.601   539   539 D vndksupport: Loading /vendor/lib64/egl/libGLESv1_CM_adreno.so from current namespace instead of sphal namespace.
02-14 17:11:07.604   539   539 D libEGL  : loaded /vendor/lib64/egl/libGLESv1_CM_adreno.so
02-14 17:11:07.616   539   539 D vndksupport: Loading /vendor/lib64/egl/libGLESv2_adreno.so from current namespace instead of sphal namespace.
02-14 17:11:07.616   539   539 D libEGL  : loaded /vendor/lib64/egl/libGLESv2_adreno.so
02-14 17:11:07.643   539   539 I Adreno  : QUALCOMM build                   : 94aeef9, Ie8d0be8cd4
02-14 17:11:07.643   539   539 I Adreno  : Build Date                       : 11/09/17
02-14 17:11:07.643   539   539 I Adreno  : OpenGL ES Shader Compiler Version: EV031.22.00.01
02-14 17:11:07.643   539   539 I Adreno  : Local Branch                     : 
02-14 17:11:07.643   539   539 I Adreno  : Remote Branch                    : 
02-14 17:11:07.643   539   539 I Adreno  : Remote Branch                    : 
02-14 17:11:07.643   539   539 I Adreno  : Reconstruct Branch               : 
02-14 17:11:07.648   602   602 D         : DpmComH::addComEventHandler fd 4, ComEventCallback 0x576a4c5450, void* 0x0, ComCloseCallback 0x0, events 17
02-14 17:11:07.648   602   602 D         : DpmComH is ready. epollFd:3
02-14 17:11:07.648   602   602 D         : DPMDpmQmiHal 0x7ffbd0ec80
02-14 17:11:07.663   618   618 E /system/vendor/bin/adsprpcd: vendor/qcom/proprietary/adsprpc/src/adsprpcd.c:29:adsp daemon starting
02-14 17:11:07.668   587   625 E Sensors : sns_reg_la.c(86):reg read: offset 4864, num bytes: 52
02-14 17:11:07.697   587   625 E Sensors : sns_reg_la.c(194):reg write: offset 4864, num bytes: 52
02-14 17:11:07.698   619   619 E Diag_Lib: diag diag_get_max_file_size size=200,max_file_size=209715200,min_file_size=167772160
02-14 17:11:07.700   601   601 E QCNEA   : Cne Version 4.9
02-14 17:11:07.701   601   601 E Diag_Lib: diag diag_get_max_file_size size=200,max_file_size=209715200,min_file_size=167772160
02-14 17:11:07.702   587   625 E Sensors : sns_reg_la.c(194):reg write: offset 4864, num bytes: 52
02-14 17:11:07.709   616   616 I ThermalEngine: Thermal daemon started
02-14 17:11:07.711   619   619 E Diag_Lib: qpLogDiagInit <== result : 1
02-14 17:11:07.711   619   619 E Diag_Lib: QMID : gIsQXDMDisabled 0, gIsADBDisabled 1, gIsDebugDisabled 0, gIsIMSLogsDisabled 0
02-14 17:11:07.711   619   619 E Diag_Lib: [IMS_QMID] |imsqmiserver.c | 541 | QMID#$$#0#QMI DAEMON STARTED
02-14 17:11:07.712   616   616 I ThermalEngine: Using config file '/vendor/etc/thermal-engine.conf'
02-14 17:11:07.712   616   616 I ThermalEngine: devices_manager_init: Init
02-14 17:11:07.712   616   616 I ThermalEngine: Number of gpus :1
02-14 17:11:07.712   616   616 I Thermal-IOCTL: KTM IOCTL interface "/dev/msm_thermal_query" opened
02-14 17:11:07.712   616   616 E ThermalEngine: update_cpu_topology: Cluster Info[0]. Cluster Id: 0 cpu_bits:0x3 sync:1
02-14 17:11:07.712   616   616 E ThermalEngine: update_cpu_topology: Cluster Info[1]. Cluster Id: 1 cpu_bits:0xc sync:1
02-14 17:11:07.712   616   616 I ThermalEngine: adding voltage device
02-14 17:11:07.713   616   616 I ThermalEngine: vdd_rstr_init: Init KTM VDD RSTR enabled: 0
02-14 17:11:07.716   616   616 I ThermalEngine: cpr_band_init: Could not read /sys/module/msm_thermal/cpr_band/curr_cpr_band
02-14 17:11:07.717   616   616 I ThermalEngine: sensors_manager_init: Init
02-14 17:11:07.720   616   644 E QMI_FW  : QMUXD: WARNING qmi_qmux_if_pwr_up_init failed! rc=-6
02-14 17:11:07.729   616   645 I ThermalEngine: qmi: Instance id 157 for fusion TS
02-14 17:11:07.743   468   468 D Zygote  : begin preload
02-14 17:11:07.744   468   468 I Zygote  : Installing ICU cache reference pinning...
02-14 17:11:07.744   468   468 I Zygote  : Preloading ICU data...
02-14 17:11:07.754   608   608 D QC-time-services: Daemon:genoff_pre_init::Base = 0
02-14 17:11:07.754   608   608 D QC-time-services: Daemon:ats_rtc_init: Time read from RTC -- year = 71, month = 1,day = 14
02-14 17:11:07.757   608   608 D QC-time-services: Daemon ats_rtc_init: seconds = 35392267
02-14 17:11:07.757   608   608 D QC-time-services: Daemon:Value read from RTC seconds = 35392267000
02-14 17:11:07.757   608   608 D QC-time-services: Daemon:genoff_init_config: ATS_RTC initialized with rc: 0
02-14 17:11:07.757   608   608 D QC-time-services: Daemon:genoff_pre_init::Base = 1
02-14 17:11:07.757   608   608 D QC-time-services: Daemon: Storage Name: ats_1 
02-14 17:11:07.757   608   608 D QC-time-services: Daemon:Opening File: /persist/time/ats_1 /data/time/ats_1
02-14 17:11:07.757   608   608 D QC-time-services: Daemon:time_persistent_memory_opr:Genoff Read operation 
02-14 17:11:07.763   606   606 E Diag_Lib: diag diag_get_max_file_size size=200,max_file_size=209715200,min_file_size=167772160
02-14 17:11:07.767   616   616 E ThermalEngine: bcl_setup: Error opening /sys/devices/soc/soc:qcom,bcl/iavail
02-14 17:11:07.768   616   616 E ThermalEngine: add_tgt_sensor: bcl sensor setup failed failed.
02-14 17:11:07.768   616   616 E ThermalEngine: add_tgt_sensors_set: Error adding bcl
02-14 17:11:07.768   616   616 E ThermalEngine: sensors_init: Error adding BCL TS
02-14 17:11:07.773   608   608 D QC-time-services: Daemon:Open File: /data/time/ats_1
02-14 17:11:07.775   608   608 D QC-time-services: Daemon:genoff_pre_init::Base = 2
02-14 17:11:07.775   608   608 D QC-time-services: Daemon: Storage Name: ats_2 
02-14 17:11:07.775   608   608 D QC-time-services: Daemon:Opening File: /persist/time/ats_2 /data/time/ats_2
02-14 17:11:07.775   608   608 D QC-time-services: Daemon:time_persistent_memory_opr:Genoff Read operation 
02-14 17:11:07.775   608   608 D QC-time-services: Daemon:Open File: /data/time/ats_2
02-14 17:11:07.776   608   608 D QC-time-services: Daemon:genoff_pre_init::Base = 3
02-14 17:11:07.776   608   608 D QC-time-services: Daemon: Storage Name: ats_3 
02-14 17:11:07.776   608   608 D QC-time-services: Daemon:Opening File: /persist/time/ats_3 /data/time/ats_3
02-14 17:11:07.776   608   608 D QC-time-services: Daemon:time_persistent_memory_opr:Genoff Read operation 
02-14 17:11:07.777   608   608 D QC-time-services: Daemon:Open File: /data/time/ats_3
02-14 17:11:07.777   608   608 D QC-time-services: Daemon:Unable to open filefor read
02-14 17:11:07.777   608   608 D QC-time-services: Daemon:genoff_post_init:Error in accessing storage
02-14 17:11:07.777   608   608 D QC-time-services: Daemon:genoff_pre_init::Base = 4
02-14 17:11:07.777   608   608 D QC-time-services: Daemon: Storage Name: ats_4 
02-14 17:11:07.777   608   608 D QC-time-services: Daemon:Opening File: /persist/time/ats_4 /data/time/ats_4
02-14 17:11:07.777   608   608 D QC-time-services: Daemon:time_persistent_memory_opr:Genoff Read operation 
02-14 17:11:07.777   608   608 D QC-time-services: Daemon:Open File: /data/time/ats_4
02-14 17:11:07.777   608   608 D QC-time-services: Daemon:Unable to open filefor read
02-14 17:11:07.777   608   608 D QC-time-services: Daemon:genoff_post_init:Error in accessing storage
02-14 17:11:07.777   608   608 D QC-time-services: Daemon:genoff_pre_init::Base = 5
02-14 17:11:07.777   608   608 D QC-time-services: Daemon: Storage Name: ats_5 
02-14 17:11:07.777   608   608 D QC-time-services: Daemon:Opening File: /persist/time/ats_5 /data/time/ats_5
02-14 17:11:07.777   608   608 D QC-time-services: Daemon:time_persistent_memory_opr:Genoff Read operation 
02-14 17:11:07.777   608   608 D QC-time-services: Daemon:Open File: /data/time/ats_5
02-14 17:11:07.777   608   608 D QC-time-services: Daemon:Unable to open filefor read
02-14 17:11:07.777   608   608 D QC-time-services: Daemon:genoff_post_init:Error in accessing storage
02-14 17:11:07.777   608   608 D QC-time-services: Daemon:genoff_pre_init::Base = 6
02-14 17:11:07.777   608   608 D QC-time-services: Daemon: Storage Name: ats_6 
02-14 17:11:07.777   608   608 D QC-time-services: Daemon:Opening File: /persist/time/ats_6 /data/time/ats_6
02-14 17:11:07.777   608   608 D QC-time-services: Daemon:time_persistent_memory_opr:Genoff Read operation 
02-14 17:11:07.777   608   608 D QC-time-services: Daemon:Open File: /data/time/ats_6
02-14 17:11:07.777   608   608 D QC-time-services: Daemon:Unable to open filefor read
02-14 17:11:07.777   608   608 D QC-time-services: Daemon:genoff_post_init:Error in accessing storage
02-14 17:11:07.777   608   608 D QC-time-services: Daemon:genoff_pre_init::Base = 7
02-14 17:11:07.777   608   608 D QC-time-services: Daemon: Storage Name: ats_7 
02-14 17:11:07.777   608   608 D QC-time-services: Daemon:Opening File: /persist/time/ats_7 /data/time/ats_7
02-14 17:11:07.777   608   608 D QC-time-services: Daemon:time_persistent_memory_opr:Genoff Read operation 
02-14 17:11:07.777   608   608 D QC-time-services: Daemon:Open File: /data/time/ats_7
02-14 17:11:07.777   608   608 D QC-time-services: Daemon:Unable to open filefor read
02-14 17:11:07.777   608   608 D QC-time-services: Daemon:genoff_post_init:Error in accessing storage
02-14 17:11:07.777   616   616 I ThermalEngine: Loading config file for virtual sensor
02-14 17:11:07.777   608   608 D QC-time-services: Daemon:genoff_pre_init::Base = 8
02-14 17:11:07.777   608   608 D QC-time-services: Daemon: Storage Name: ats_8 
02-14 17:11:07.777   608   608 D QC-time-services: Daemon:Opening File: /persist/time/ats_8 /data/time/ats_8
02-14 17:11:07.777   608   608 D QC-time-services: Daemon:time_persistent_memory_opr:Genoff Read operation 
02-14 17:11:07.777   616   616 I ThermalEngine: Loading configuration file /vendor/etc/thermal-engine.conf
02-14 17:11:07.777   608   608 D QC-time-services: Daemon:Open File: /data/time/ats_8
02-14 17:11:07.778   616   616 I ThermalEngine: Parsing section global
02-14 17:11:07.778   608   608 D QC-time-services: Daemon:Unable to open filefor read
02-14 17:11:07.778   608   608 D QC-time-services: Daemon:genoff_post_init:Error in accessing storage
02-14 17:11:07.778   608   608 D QC-time-services: Daemon:genoff_pre_init::Base = 9
02-14 17:11:07.778   608   608 D QC-time-services: Daemon: Storage Name: ats_9 
02-14 17:11:07.778   616   616 I ThermalEngine: Created section 'HOT-SKIN-VIRTUAL'
02-14 17:11:07.778   616   616 I ThermalEngine: Algo Type 'virtual'
02-14 17:11:07.778   616   616 I ThermalEngine: Parsing section HOT-SKIN-VIRTUAL
02-14 17:11:07.778   616   616 I ThermalEngine: Found field 'trip_sensor'
02-14 17:11:07.778   616   616 I ThermalEngine: Found field 'sensors'
02-14 17:11:07.778   608   608 D QC-time-services: Daemon:Opening File: /persist/time/ats_9 /data/time/ats_9
02-14 17:11:07.778   616   616 I ThermalEngine: Found field 'weights'
02-14 17:11:07.778   608   608 D QC-time-services: Daemon:time_persistent_memory_opr:Genoff Read operation 
02-14 17:11:07.778   616   616 I ThermalEngine: Found field 'set_point'
02-14 17:11:07.778   616   616 I ThermalEngine: Found field 'set_point_clr'
02-14 17:11:07.778   616   616 I ThermalEngine: Found field 'sampling'
02-14 17:11:07.778   616   616 I ThermalEngine: Found field 'math'
02-14 17:11:07.778   616   616 I ThermalEngine: [VIRTUAL-CPUS]
02-14 17:11:07.779   616   616 I ThermalEngine: #algo_type virtual
02-14 17:11:07.779   616   616 I ThermalEngine: trip_sensor tsens_tz_sensor11
02-14 17:11:07.779   616   616 I ThermalEngine: set_point 75000
02-14 17:11:07.779   616   616 I ThermalEngine: set_point_clr 65000
02-14 17:11:07.779   616   616 I ThermalEngine: sensors tsens_tz_sensor4 tsens_tz_sensor6 tsens_tz_sensor9 tsens_tz_sensor11
02-14 17:11:07.779   616   616 I ThermalEngine: weights
02-14 17:11:07.779   616   616 I ThermalEngine: sampling 10
02-14 17:11:07.779   616   616 I ThermalEngine: math 2
02-14 17:11:07.779   616   616 I ThermalEngine: [HOT-SKIN-VIRTUAL]
02-14 17:11:07.779   616   616 I ThermalEngine: algo_type virtual
02-14 17:11:07.779   616   616 I ThermalEngine: trip_sensor emmc_therm
02-14 17:11:07.779   616   616 I ThermalEngine: set_point 47000
02-14 17:11:07.779   616   616 I ThermalEngine: set_point_clr 44000
02-14 17:11:07.779   616   616 I ThermalEngine: sensors tsens_tz_sensor15 tsens_tz_sensor0
02-14 17:11:07.779   616   616 I ThermalEngine: weights 1 -1
02-14 17:11:07.779   616   616 I ThermalEngine: sampling 1000
02-14 17:11:07.779   616   616 I ThermalEngine: math 0
02-14 17:11:07.779   608   608 D QC-time-services: Daemon:Open File: /data/time/ats_9
02-14 17:11:07.779   608   608 D QC-time-services: Daemon:Unable to open filefor read
02-14 17:11:07.779   608   608 D QC-time-services: Daemon:genoff_post_init:Error in accessing storage
02-14 17:11:07.779   608   608 D QC-time-services: Daemon:genoff_pre_init::Base = 10
02-14 17:11:07.779   608   608 D QC-time-services: Daemon: Storage Name: ats_10 
02-14 17:11:07.779   608   608 D QC-time-services: Daemon:Opening File: /persist/time/ats_10 /data/time/ats_10
02-14 17:11:07.779   608   608 D QC-time-services: Daemon:time_persistent_memory_opr:Genoff Read operation 
02-14 17:11:07.780   608   608 D QC-time-services: Daemon:Open File: /data/time/ats_10
02-14 17:11:07.780   608   608 D QC-time-services: Daemon:Unable to open filefor read
02-14 17:11:07.780   608   608 D QC-time-services: Daemon:genoff_post_init:Error in accessing storage
02-14 17:11:07.781   608   608 D QC-time-services: Daemon:genoff_pre_init::Base = 11
02-14 17:11:07.781   608   608 D QC-time-services: Daemon: Storage Name: ats_11 
02-14 17:11:07.781   608   608 D QC-time-services: Daemon:Opening File: /persist/time/ats_11 /data/time/ats_11
02-14 17:11:07.781   616   616 I ThermalEngine: Loading configuration file /vendor/etc/thermal-engine.conf
02-14 17:11:07.781   608   608 D QC-time-services: Daemon:time_persistent_memory_opr:Genoff Read operation 
02-14 17:11:07.781   616   616 I ThermalEngine: Parsing section global
02-14 17:11:07.781   616   616 I ThermalEngine: Created section 'SKIN_SHUTDOWN'
02-14 17:11:07.781   616   616 I ThermalEngine: Algo Type 'monitor'
02-14 17:11:07.781   616   616 I ThermalEngine: Parsing section SKIN_SHUTDOWN
02-14 17:11:07.781   616   616 I ThermalEngine: Found field 'sampling'
02-14 17:11:07.781   616   616 I ThermalEngine: Found field 'sensor'
02-14 17:11:07.781   616   616 I ThermalEngine: Found field 'thresholds'
02-14 17:11:07.781   616   616 I ThermalEngine: Found field 'thresholds_clr'
02-14 17:11:07.781   616   616 I ThermalEngine: Found field 'actions'
02-14 17:11:07.781   616   616 I ThermalEngine: Found field 'action_info'
02-14 17:11:07.781   616   616 I ThermalEngine: Created section 'SKIN-HIGH-FLOOR'
02-14 17:11:07.781   616   616 I ThermalEngine: Algo Type 'ss'
02-14 17:11:07.781   616   616 I ThermalEngine: Parsing section SKIN-HIGH-FLOOR
02-14 17:11:07.781   616   616 I ThermalEngine: Found field 'sampling'
02-14 17:11:07.781   616   616 I ThermalEngine: Found field 'sensor'
02-14 17:11:07.781   616   616 I ThermalEngine: Found field 'device'
02-14 17:11:07.781   616   616 I ThermalEngine: Found field 'set_point'
02-14 17:11:07.781   616   616 I ThermalEngine: Found field 'set_point_clr'
02-14 17:11:07.781   616   616 I ThermalEngine: Found field 'device_perf_floor'
02-14 17:11:07.781   616   616 I ThermalEngine: Found field 'time_constant'
02-14 17:11:07.781   616   616 I ThermalEngine: Created section 'SKIN-MID-FLOOR'
02-14 17:11:07.781   616   616 I ThermalEngine: Algo Type 'ss'
02-14 17:11:07.781   616   616 I ThermalEngine: Parsing section SKIN-MID-FLOOR
02-14 17:11:07.781   616   616 I ThermalEngine: Found field 'sampling'
02-14 17:11:07.781   616   616 I ThermalEngine: Found field 'sensor'
02-14 17:11:07.781   616   616 I ThermalEngine: Found field 'device'
02-14 17:11:07.781   616   616 I ThermalEngine: Found field 'set_point'
02-14 17:11:07.781   616   616 I ThermalEngine: Found field 'set_point_clr'
02-14 17:11:07.781   616   616 I ThermalEngine: Found field 'device_perf_floor'
02-14 17:11:07.781   616   616 I ThermalEngine: Found field 'time_constant'
02-14 17:11:07.781   616   616 I ThermalEngine: Created section 'SKIN-LOW-FLOOR'
02-14 17:11:07.781   616   616 I ThermalEngine: Algo Type 'ss'
02-14 17:11:07.781   616   616 I ThermalEngine: Parsing section SKIN-LOW-FLOOR
02-14 17:11:07.781   616   616 I ThermalEngine: Found field 'sampling'
02-14 17:11:07.781   616   616 I ThermalEngine: Found field 'sensor'
02-14 17:11:07.781   616   616 I ThermalEngine: Found field 'device'
02-14 17:11:07.781   616   616 I ThermalEngine: Found field 'set_point'
02-14 17:11:07.781   616   616 I ThermalEngine: Found field 'set_point_clr'
02-14 17:11:07.781   616   616 I ThermalEngine: Found field 'device_perf_floor'
02-14 17:11:07.781   616   616 I ThermalEngine: Found field 'time_constant'
02-14 17:11:07.781   616   616 I ThermalEngine: Created section 'SKIN-RESTRICT-FLOOR'
02-14 17:11:07.781   608   608 D QC-time-services: Daemon:Open File: /data/time/ats_11
02-14 17:11:07.781   616   616 I ThermalEngine: Algo Type 'ss'
02-14 17:11:07.781   616   616 I ThermalEngine: Parsing section SKIN-RESTRICT-FLOOR
02-14 17:11:07.781   616   616 I ThermalEngine: Found field 'sampling'
02-14 17:11:07.781   616   616 I ThermalEngine: Found field 'sensor'
02-14 17:11:07.781   616   616 I ThermalEngine: Found field 'device'
02-14 17:11:07.781   616   616 I ThermalEngine: Found field 'set_point'
02-14 17:11:07.781   616   616 I ThermalEngine: Found field 'set_point_clr'
02-14 17:11:07.781   616   616 I ThermalEngine: Found field 'device_perf_floor'
02-14 17:11:07.781   616   616 I ThermalEngine: Found field 'time_constant'
02-14 17:11:07.781   616   616 I ThermalEngine: Created section 'SKIN-CRITICAL'
02-14 17:11:07.781   616   616 I ThermalEngine: Algo Type 'monitor'
02-14 17:11:07.781   616   616 I ThermalEngine: Parsing section SKIN-CRITICAL
02-14 17:11:07.781   616   616 I ThermalEngine: Found field 'sensor'
02-14 17:11:07.781   616   616 I ThermalEngine: Found field 'sampling'
02-14 17:11:07.782   616   616 I ThermalEngine: Found field 'thresholds'
02-14 17:11:07.782   616   616 I ThermalEngine: Found field 'thresholds_clr'
02-14 17:11:07.782   616   616 I ThermalEngine: Found field 'actions'
02-14 17:11:07.782   616   616 I ThermalEngine: Found field 'action_info'
02-14 17:11:07.782   616   616 I ThermalEngine: Created section 'VIRTUAL-SS-GPU-SKIN'
02-14 17:11:07.782   616   616 I ThermalEngine: Algo Type 'ss'
02-14 17:11:07.782   616   616 I ThermalEngine: Parsing section VIRTUAL-SS-GPU-SKIN
02-14 17:11:07.782   616   616 I ThermalEngine: Found field 'sensor'
02-14 17:11:07.782   616   616 I ThermalEngine: Found field 'device'
02-14 17:11:07.782   616   616 I ThermalEngine: Found field 'sampling'
02-14 17:11:07.782   616   616 I ThermalEngine: Found field 'set_point'
02-14 17:11:07.782   616   616 I ThermalEngine: Found field 'set_point_clr'
02-14 17:11:07.782   608   608 D QC-time-services: Daemon:Unable to open filefor read
02-14 17:11:07.782   616   616 I ThermalEngine: Found field 'device_max_limit'
02-14 17:11:07.782   608   608 D QC-time-services: Daemon:genoff_post_init:Error in accessing storage
02-14 17:11:07.782   608   608 D QC-time-services: Daemon:genoff_pre_init::Base = 12
02-14 17:11:07.782   608   608 D QC-time-services: Daemon: Storage Name: ats_12 
02-14 17:11:07.782   608   608 D QC-time-services: Daemon:Opening File: /persist/time/ats_12 /data/time/ats_12
02-14 17:11:07.782   608   608 D QC-time-services: Daemon:time_persistent_memory_opr:Genoff Read operation 
02-14 17:11:07.782   616   616 I ThermalEngine: [SKIN-CRITICAL]
02-14 17:11:07.782   616   616 I ThermalEngine: algo_type monitor
02-14 17:11:07.782   616   616 I ThermalEngine: sampling 1000
02-14 17:11:07.782   616   616 I ThermalEngine: sensor emmc_therm
02-14 17:11:07.782   616   616 I ThermalEngine: thresholds 56000 58000
02-14 17:11:07.782   616   616 I ThermalEngine: thresholds_clr 55000 57000
02-14 17:11:07.782   616   616 I ThermalEngine: actions cluster0+cluster1+gpu cluster0+cluster1+gpu
02-14 17:11:07.782   616   616 I ThermalEngine: action_info 691200+691200+133000000 307200+307200+133000000
02-14 17:11:07.782   616   616 I ThermalEngine: [SKIN_SHUTDOWN]
02-14 17:11:07.782   616   616 I ThermalEngine: algo_type monitor
02-14 17:11:07.782   616   616 I ThermalEngine: sampling 1000
02-14 17:11:07.782   616   616 I ThermalEngine: sensor emmc_therm
02-14 17:11:07.782   616   616 I ThermalEngine: thresholds 60000
02-14 17:11:07.782   616   616 I ThermalEngine: thresholds_clr 59000
02-14 17:11:07.782   616   616 I ThermalEngine: actions shutdown
02-14 17:11:07.782   616   616 I ThermalEngine: action_info 1
02-14 17:11:07.782   616   616 I ThermalEngine: [AFFINITY_MONITOR]
02-14 17:11:07.782   616   616 I ThermalEngine: #algo_type monitor
02-14 17:11:07.782   616   616 I ThermalEngine: sampling 1000
02-14 17:11:07.782   616   616 I ThermalEngine: sensor msm_therm
02-14 17:11:07.782   616   616 I ThermalEngine: thresholds 40000 45000 50000 70000
02-14 17:11:07.782   616   616 I ThermalEngine: thresholds_clr 35000 40000 45000 50000
02-14 17:11:07.782   616   616 I ThermalEngine: actions affinity_switch+affinity_core affinity_switch+affinity_core affinity_switch+affinity_core affinity_switch+affinity_core
02-14 17:11:07.782   616   616 I ThermalEngine: action_info 0+4 1+2 2+1 3+1
02-14 17:11:07.782   616   616 I ThermalEngine: [EMMC_THERM_GPU_SKIN_MANAGEMENT]
02-14 17:11:07.782   616   616 I ThermalEngine: #algo_type monitor
02-14 17:11:07.782   616   616 I ThermalEngine: sampling 1000
02-14 17:11:07.782   616   616 I ThermalEngine: sensor emmc_therm
02-14 17:11:07.782   616   616 I ThermalEngine: thresholds 44000 46000 48000 51000 54000
02-14 17:11:07.782   606   606 E CLD80211: /system/vendor/bin/cnss_diag: Could not resolve cld80211 familty id
02-14 17:11:07.782   616   616 I ThermalEngine: thresholds_clr 42000 44000 46000 48000 51000
02-14 17:11:07.782   616   616 I ThermalEngine: actions gpu gpu gpu gpu gpu
02-14 17:11:07.782   616   616 I ThermalEngine: action_info 560000000 510000000 401800000 315000000 214000000
02-14 17:11:07.782   616   616 I ThermalEngine: override 18000
02-14 17:11:07.782   616   616 I ThermalEngine: [EMMC_THERM_BATTERY_MITIGATION]
02-14 17:11:07.782   616   616 I ThermalEngine: #algo_type monitor
02-14 17:11:07.782   616   616 I ThermalEngine: sampling 1000
02-14 17:11:07.782   616   616 I ThermalEngine: sensor emmc_therm
02-14 17:11:07.783   616   616 I ThermalEngine: thresholds 42000 46000 56000 58000
02-14 17:11:07.783   616   616 I ThermalEngine: thresholds_clr 37000 42000 46000 56000
02-14 17:11:07.783   616   616 I ThermalEngine: actions battery battery battery battery
02-14 17:11:07.783   616   616 I ThermalEngine: action_info 0 1 2 3
02-14 17:11:07.783   616   616 I ThermalEngine: [PMIC-ALARM-MONITOR]
02-14 17:11:07.783   616   616 I ThermalEngine: #algo_type monitor
02-14 17:11:07.783   616   616 I ThermalEngine: sampling 1000
02-14 17:11:07.783   616   616 I ThermalEngine: sensor pm8994_tz
02-14 17:11:07.783   616   616 I ThermalEngine: thresholds 107000 127000
02-14 17:11:07.783   616   616 I ThermalEngine: thresholds_clr 103000 123000
02-14 17:11:07.783   616   616 I ThermalEngine: actions hotplug_3+hotplug_2+hotplug_1+cluster1+cluster0 hotplug_3+hotplug_2+hotplug_1
02-14 17:11:07.783   608   608 D QC-time-services: Daemon:Open File: /data/time/ats_12
02-14 17:11:07.783   616   616 I ThermalEngine: action_info 0+0+0+302400+302400 1+1+1
02-14 17:11:07.783   616   616 I ThermalEngine: [VDD_RSTR_MONITOR-TSENS20]
02-14 17:11:07.783   616   616 I ThermalEngine: #algo_type monitor
02-14 17:11:07.783   616   616 I ThermalEngine: sampling 1000
02-14 17:11:07.783   616   616 I ThermalEngine: sensor tsens_tz_sensor20
02-14 17:11:07.783   616   616 I ThermalEngine: thresholds 5000
02-14 17:11:07.783   616   616 I ThermalEngine: thresholds_clr 10000
02-14 17:11:07.783   616   616 I ThermalEngine: actions vdd_restriction
02-14 17:11:07.783   616   616 I ThermalEngine: action_info 1
02-14 17:11:07.783   616   616 I ThermalEngine: descending
02-14 17:11:07.783   616   616 I ThermalEngine: [VDD_RSTR_MONITOR-TSENS19]
02-14 17:11:07.783   616   616 I ThermalEngine: #algo_type monitor
02-14 17:11:07.783   616   616 I ThermalEngine: sampling 1000
02-14 17:11:07.783   616   616 I ThermalEngine: sensor tsens_tz_sensor19
02-14 17:11:07.783   616   616 I ThermalEngine: thresholds 5000
02-14 17:11:07.783   616   616 I ThermalEngine: thresholds_clr 10000
02-14 17:11:07.783   616   616 I ThermalEngine: actions vdd_restriction
02-14 17:11:07.783   616   616 I ThermalEngine: action_info 1
02-14 17:11:07.783   616   616 I ThermalEngine: descending
02-14 17:11:07.783   616   616 I ThermalEngine: [VDD_RSTR_MONITOR-TSENS18]
02-14 17:11:07.783   616   616 I ThermalEngine: #algo_type monitor
02-14 17:11:07.783   616   616 I ThermalEngine: sampling 1000
02-14 17:11:07.783   616   616 I ThermalEngine: sensor tsens_tz_sensor18
02-14 17:11:07.783   616   616 I ThermalEngine: thresholds 5000
02-14 17:11:07.783   616   616 I ThermalEngine: thresholds_clr 10000
02-14 17:11:07.783   616   616 I ThermalEngine: actions vdd_restriction
02-14 17:11:07.783   616   616 I ThermalEngine: action_info 1
02-14 17:11:07.783   616   616 I ThermalEngine: descending
02-14 17:11:07.783   616   616 I ThermalEngine: [VDD_RSTR_MONITOR-TSENS17]
02-14 17:11:07.783   616   616 I ThermalEngine: #algo_type monitor
02-14 17:11:07.783   616   616 I ThermalEngine: sampling 1000
02-14 17:11:07.783   616   616 I ThermalEngine: sensor tsens_tz_sensor17
02-14 17:11:07.783   616   616 I ThermalEngine: thresholds 5000
02-14 17:11:07.783   616   616 I ThermalEngine: thresholds_clr 10000
02-14 17:11:07.783   616   616 I ThermalEngine: actions vdd_restriction
02-14 17:11:07.783   616   616 I ThermalEngine: action_info 1
02-14 17:11:07.783   616   616 I ThermalEngine: descending
02-14 17:11:07.783   616   616 I ThermalEngine: [VDD_RSTR_MONITOR-TSENS16]
02-14 17:11:07.783   616   616 I ThermalEngine: #algo_type monitor
02-14 17:11:07.783   616   616 I ThermalEngine: sampling 1000
02-14 17:11:07.783   616   616 I ThermalEngine: sensor tsens_tz_sensor16
02-14 17:11:07.783   616   616 I ThermalEngine: thresholds 5000
02-14 17:11:07.783   616   616 I ThermalEngine: thresholds_clr 10000
02-14 17:11:07.783   616   616 I ThermalEngine: actions vdd_restriction
02-14 17:11:07.783   616   616 I ThermalEngine: action_info 1
02-14 17:11:07.783   616   616 I ThermalEngine: descending
02-14 17:11:07.783   616   616 I ThermalEngine: [VDD_RSTR_MONITOR-TSENS15]
02-14 17:11:07.783   616   616 I ThermalEngine: #algo_type monitor
02-14 17:11:07.783   616   616 I ThermalEngine: sampling 1000
02-14 17:11:07.783   616   616 I ThermalEngine: sensor tsens_tz_sensor15
02-14 17:11:07.783   616   616 I ThermalEngine: thresholds 5000
02-14 17:11:07.783   616   616 I ThermalEngine: thresholds_clr 10000
02-14 17:11:07.783   616   616 I ThermalEngine: actions vdd_restriction
02-14 17:11:07.783   616   616 I ThermalEngine: action_info 1
02-14 17:11:07.783   616   616 I ThermalEngine: descending
02-14 17:11:07.783   616   616 I ThermalEngine: [VDD_RSTR_MONITOR-TSENS14]
02-14 17:11:07.783   616   616 I ThermalEngine: #algo_type monitor
02-14 17:11:07.783   616   616 I ThermalEngine: sampling 1000
02-14 17:11:07.783   616   616 I ThermalEngine: sensor tsens_tz_sensor14
02-14 17:11:07.783   616   616 I ThermalEngine: thresholds 5000
02-14 17:11:07.783   616   616 I ThermalEngine: thresholds_clr 10000
02-14 17:11:07.783   616   616 I ThermalEngine: actions vdd_restriction
02-14 17:11:07.783   616   616 I ThermalEngine: action_info 1
02-14 17:11:07.783   616   616 I ThermalEngine: descending
02-14 17:11:07.783   616   616 I ThermalEngine: [VDD_RSTR_MONITOR-TSENS13]
02-14 17:11:07.783   616   616 I ThermalEngine: #algo_type monitor
02-14 17:11:07.783   616   616 I ThermalEngine: sampling 1000
02-14 17:11:07.783   616   616 I ThermalEngine: sensor tsens_tz_sensor13
02-14 17:11:07.783   616   616 I ThermalEngine: thresholds 5000
02-14 17:11:07.783   616   616 I ThermalEngine: thresholds_clr 10000
02-14 17:11:07.783   616   616 I ThermalEngine: actions vdd_restriction
02-14 17:11:07.783   616   616 I ThermalEngine: action_info 1
02-14 17:11:07.783   616   616 I ThermalEngine: descending
02-14 17:11:07.783   616   616 I ThermalEngine: [VDD_RSTR_MONITOR-TSENS12]
02-14 17:11:07.783   616   616 I ThermalEngine: #algo_type monitor
02-14 17:11:07.783   616   616 I ThermalEngine: sampling 1000
02-14 17:11:07.783   616   616 I ThermalEngine: sensor tsens_tz_sensor12
02-14 17:11:07.783   616   616 I ThermalEngine: thresholds 5000
02-14 17:11:07.783   616   616 I ThermalEngine: thresholds_clr 10000
02-14 17:11:07.783   616   616 I ThermalEngine: actions vdd_restriction
02-14 17:11:07.783   616   616 I ThermalEngine: action_info 1
02-14 17:11:07.783   616   616 I ThermalEngine: descending
02-14 17:11:07.784   616   616 I ThermalEngine: [VDD_RSTR_MONITOR-TSENS11]
02-14 17:11:07.784   616   616 I ThermalEngine: #algo_type monitor
02-14 17:11:07.784   616   616 I ThermalEngine: sampling 1000
02-14 17:11:07.784   616   616 I ThermalEngine: sensor tsens_tz_sensor11
02-14 17:11:07.784   616   616 I ThermalEngine: thresholds 5000
02-14 17:11:07.784   616   616 I ThermalEngine: thresholds_clr 10000
02-14 17:11:07.784   616   616 I ThermalEngine: actions vdd_restriction
02-14 17:11:07.784   616   616 I ThermalEngine: action_info 1
02-14 17:11:07.784   616   616 I ThermalEngine: descending
02-14 17:11:07.784   616   616 I ThermalEngine: [VDD_RSTR_MONITOR-TSENS10]
02-14 17:11:07.784   616   616 I ThermalEngine: #algo_type monitor
02-14 17:11:07.784   616   616 I ThermalEngine: sampling 1000
02-14 17:11:07.784   616   616 I ThermalEngine: sensor tsens_tz_sensor10
02-14 17:11:07.784   616   616 I ThermalEngine: thresholds 5000
02-14 17:11:07.784   616   616 I ThermalEngine: thresholds_clr 10000
02-14 17:11:07.784   616   616 I ThermalEngine: actions vdd_restriction
02-14 17:11:07.784   616   616 I ThermalEngine: action_info 1
02-14 17:11:07.784   616   616 I ThermalEngine: descending
02-14 17:11:07.784   616   616 I ThermalEngine: [VDD_RSTR_MONITOR-TSENS9]
02-14 17:11:07.784   616   616 I ThermalEngine: #algo_type monitor
02-14 17:11:07.784   616   616 I ThermalEngine: sampling 1000
02-14 17:11:07.784   616   616 I ThermalEngine: sensor tsens_tz_sensor9
02-14 17:11:07.784   616   616 I ThermalEngine: thresholds 5000
02-14 17:11:07.784   616   616 I ThermalEngine: thresholds_clr 10000
02-14 17:11:07.784   616   616 I ThermalEngine: actions vdd_restriction
02-14 17:11:07.784   616   616 I ThermalEngine: action_info 1
02-14 17:11:07.784   616   616 I ThermalEngine: descending
02-14 17:11:07.784   616   616 I ThermalEngine: [VDD_RSTR_MONITOR-TSENS8]
02-14 17:11:07.784   616   616 I ThermalEngine: #algo_type monitor
02-14 17:11:07.784   616   616 I ThermalEngine: sampling 1000
02-14 17:11:07.784   616   616 I ThermalEngine: sensor tsens_tz_sensor8
02-14 17:11:07.784   616   616 I ThermalEngine: thresholds 5000
02-14 17:11:07.784   616   616 I ThermalEngine: thresholds_clr 10000
02-14 17:11:07.784   616   616 I ThermalEngine: actions vdd_restriction
02-14 17:11:07.784   616   616 I ThermalEngine: action_info 1
02-14 17:11:07.784   616   616 I ThermalEngine: descending
02-14 17:11:07.784   616   616 I ThermalEngine: [VDD_RSTR_MONITOR-TSENS7]
02-14 17:11:07.784   616   616 I ThermalEngine: #algo_type monitor
02-14 17:11:07.784   616   616 I ThermalEngine: sampling 1000
02-14 17:11:07.784   616   616 I ThermalEngine: sensor tsens_tz_sensor7
02-14 17:11:07.784   616   616 I ThermalEngine: thresholds 5000
02-14 17:11:07.784   616   616 I ThermalEngine: thresholds_clr 10000
02-14 17:11:07.784   616   616 I ThermalEngine: actions vdd_restriction
02-14 17:11:07.784   616   616 I ThermalEngine: action_info 1
02-14 17:11:07.784   616   616 I ThermalEngine: descending
02-14 17:11:07.784   616   616 I ThermalEngine: [VDD_RSTR_MONITOR-TSENS6]
02-14 17:11:07.784   616   616 I ThermalEngine: #algo_type monitor
02-14 17:11:07.784   616   616 I ThermalEngine: sampling 1000
02-14 17:11:07.784   616   616 I ThermalEngine: sensor tsens_tz_sensor6
02-14 17:11:07.784   616   616 I ThermalEngine: thresholds 5000
02-14 17:11:07.784   616   616 I ThermalEngine: thresholds_clr 10000
02-14 17:11:07.784   616   616 I ThermalEngine: actions vdd_restriction
02-14 17:11:07.784   616   616 I ThermalEngine: action_info 1
02-14 17:11:07.784   616   616 I ThermalEngine: descending
02-14 17:11:07.784   616   616 I ThermalEngine: [VDD_RSTR_MONITOR-TSENS5]
02-14 17:11:07.784   616   616 I ThermalEngine: #algo_type monitor
02-14 17:11:07.784   616   616 I ThermalEngine: sampling 1000
02-14 17:11:07.784   616   616 I ThermalEngine: sensor tsens_tz_sensor5
02-14 17:11:07.784   616   616 I ThermalEngine: thresholds 5000
02-14 17:11:07.784   616   616 I ThermalEngine: thresholds_clr 10000
02-14 17:11:07.784   616   616 I ThermalEngine: actions vdd_restriction
02-14 17:11:07.784   616   616 I ThermalEngine: action_info 1
02-14 17:11:07.784   616   616 I ThermalEngine: descending
02-14 17:11:07.784   616   616 I ThermalEngine: [VDD_RSTR_MONITOR-TSENS4]
02-14 17:11:07.784   616   616 I ThermalEngine: #algo_type monitor
02-14 17:11:07.784   616   616 I ThermalEngine: sampling 1000
02-14 17:11:07.784   616   616 I ThermalEngine: sensor tsens_tz_sensor4
02-14 17:11:07.784   616   616 I ThermalEngine: thresholds 5000
02-14 17:11:07.784   616   616 I ThermalEngine: thresholds_clr 10000
02-14 17:11:07.784   616   616 I ThermalEngine: actions vdd_restriction
02-14 17:11:07.784   616   616 I ThermalEngine: action_info 1
02-14 17:11:07.784   616   616 I ThermalEngine: descending
02-14 17:11:07.784   616   616 I ThermalEngine: [VDD_RSTR_MONITOR-TSENS3]
02-14 17:11:07.784   616   616 I ThermalEngine: #algo_type monitor
02-14 17:11:07.784   616   616 I ThermalEngine: sampling 1000
02-14 17:11:07.784   616   616 I ThermalEngine: sensor tsens_tz_sensor3
02-14 17:11:07.784   608   608 D QC-time-services: Daemon:genoff_pre_init::Base = 13
02-14 17:11:07.785   608   608 D QC-time-services: Daemon: Storage Name: ats_13 
02-14 17:11:07.793   468   468 D Zygote64Timing: BeginIcuCachePinning took to complete: 50ms
02-14 17:11:07.794   468   468 I Zygote  : Preloading classes...
02-14 17:11:07.802   608   608 D QC-time-services: Daemon:Opening File: /persist/time/ats_13 /data/time/ats_13
02-14 17:11:07.802   608   608 D QC-time-services: Daemon:time_persistent_memory_opr:Genoff Read operation 
02-14 17:11:07.807   608   608 D QC-time-services: Daemon:Open File: /data/time/ats_13
02-14 17:11:07.809   606   606 I CNSS    : Failed to initialize cld80211 library, proceed with legacy procedure
02-14 17:11:07.812   608   608 D QC-time-services: Daemon:genoff_pre_init::Base = 14
02-14 17:11:07.812   608   608 D QC-time-services: Daemon: Storage Name: ats_14 
02-14 17:11:07.824   608   608 D QC-time-services: Daemon:Opening File: /persist/time/ats_14 /data/time/ats_14
02-14 17:11:07.824   608   608 D QC-time-services: Daemon:time_persistent_memory_opr:Genoff Read operation 
02-14 17:11:07.824   608   608 D QC-time-services: Daemon:Open File: /data/time/ats_14
02-14 17:11:07.824   608   608 D QC-time-services: Daemon:Unable to open filefor read
02-14 17:11:07.824   608   608 D QC-time-services: Daemon:genoff_post_init:Error in accessing storage
02-14 17:11:07.824   608   608 D QC-time-services: Daemon:genoff_pre_init::Base = 15
02-14 17:11:07.824   608   608 D QC-time-services: Daemon: Storage Name: ats_15 
02-14 17:11:07.824   608   608 D QC-time-services: Daemon:Opening File: /persist/time/ats_15 /data/time/ats_15
02-14 17:11:07.824   608   608 D QC-time-services: Daemon:time_persistent_memory_opr:Genoff Read operation 
02-14 17:11:07.825   608   608 D QC-time-services: Daemon:Open File: /data/time/ats_15
02-14 17:11:07.831   608   608 D QC-time-services: Daemon:genoff_pre_init::Base = 16
02-14 17:11:07.831   608   608 D QC-time-services: Daemon: Storage Name: ats_16 
02-14 17:11:07.831   608   608 D QC-time-services: Daemon:Opening File: /persist/time/ats_16 /data/time/ats_16
02-14 17:11:07.831   608   608 D QC-time-services: Daemon:time_persistent_memory_opr:Genoff Read operation 
02-14 17:11:07.831   608   608 D QC-time-services: Daemon:Open File: /data/time/ats_16
02-14 17:11:07.832   608   608 D QC-time-services: Daemon:genoff_init_config: Other bases initilized, exiting genoff_init
02-14 17:11:07.832   608   608 D QC-time-services: Daemon:rtc_get: Time read from RTC -- MM/DD/YY HH:MM:SS1/14/71 15:11:7
02-14 17:11:07.832   608   608 D QC-time-services: Daemon rtc_get: seconds = 35392267
02-14 17:11:07.832   608   608 D QC-time-services: Daemon:Value read from RTC mseconds = 35392267000
02-14 17:11:07.832   608   608 D QC-time-services: Daemon:Value read from QTimer mseconds = 12667
02-14 17:11:07.832   608   608 D QC-time-services: Daemon:genoff_opr: Base = 1, val = 0, operation = 1
02-14 17:11:07.832   608   608 D QC-time-services: Daemon: genoff get for 1
02-14 17:11:07.832   608   608 D QC-time-services: Daemon:Value read from QTimer mseconds = 12667
02-14 17:11:07.832   608   608 D QC-time-services: Daemon:Value read from RTC mseconds on boot = 35392267000
02-14 17:11:07.832   608   608 D QC-time-services: Daemon:Value read from QTimer mseconds = 12667
02-14 17:11:07.832   608   608 D QC-time-services: Daemon:Value read from generic offset = 1483947861816
02-14 17:11:07.832   608   608 D QC-time-services: Daemon:Delta read on boot mseconds = 35392254333
02-14 17:11:07.832   608   608 D QC-time-services: Daemon:Final Time = 1519340128816
02-14 17:11:07.833   608   608 E QC-time-services: Daemon:genoff_boot_tod_init: Updating system time to sec=1519340128, usec=816000
02-23 00:55:28.817   587   625 E Sensors : sns_reg_la.c(86):reg read: offset 16896, num bytes: 14
02-23 00:55:28.818   587   625 E Sensors : sns_reg_la.c(86):reg read: offset 17152, num bytes: 14
02-23 00:55:28.819   587   625 E Sensors : sns_reg_la.c(86):reg read: offset 17408, num bytes: 14
02-23 00:55:28.819   587   625 E Sensors : sns_reg_la.c(86):reg read: offset 17664, num bytes: 14
02-23 00:55:28.819   587   625 E Sensors : sns_reg_la.c(86):reg read: offset 17920, num bytes: 14
02-23 00:55:28.819   587   625 E Sensors : sns_reg_la.c(86):reg read: offset 18176, num bytes: 14
02-23 00:55:28.819   587   625 E Sensors : sns_reg_la.c(86):reg read: offset 18432, num bytes: 14
02-23 00:55:28.819   587   625 E Sensors : sns_reg_la.c(86):reg read: offset 18688, num bytes: 14
02-23 00:55:28.819   587   625 E Sensors : sns_reg_la.c(86):reg read: offset 18944, num bytes: 14
02-23 00:55:28.819   587   625 E Sensors : sns_reg_la.c(86):reg read: offset 19200, num bytes: 14
02-23 00:55:28.821   587   625 E Sensors : sns_reg_la.c(86):reg read: offset 19456, num bytes: 14
02-23 00:55:28.821   587   625 E Sensors : sns_reg_la.c(86):reg read: offset 19712, num bytes: 14
02-23 00:55:28.821   587   625 E Sensors : sns_reg_la.c(86):reg read: offset 19968, num bytes: 14
02-23 00:55:28.821   587   625 E Sensors : sns_reg_la.c(86):reg read: offset 20224, num bytes: 14
02-23 00:55:28.822   587   625 E Sensors : sns_reg_la.c(86):reg read: offset 20480, num bytes: 14
02-23 00:55:28.822   587   625 E Sensors : sns_reg_la.c(86):reg read: offset 20736, num bytes: 14
02-23 00:55:28.822   587   625 E Sensors : sns_reg_la.c(86):reg read: offset 20992, num bytes: 14
02-23 00:55:28.822   587   625 E Sensors : sns_reg_la.c(86):reg read: offset 21248, num bytes: 14
02-23 00:55:28.822   587   625 E Sensors : sns_reg_la.c(86):reg read: offset 21504, num bytes: 14
02-23 00:55:28.822   587   625 E Sensors : sns_reg_la.c(86):reg read: offset 21760, num bytes: 14
02-23 00:55:28.825   587   625 E Sensors : sns_reg_la.c(86):reg read: offset 22016, num bytes: 14
02-23 00:55:28.825   587   625 E Sensors : sns_reg_la.c(86):reg read: offset 22272, num bytes: 14
02-23 00:55:28.825   587   625 E Sensors : sns_reg_la.c(86):reg read: offset 22528, num bytes: 14
02-23 00:55:28.825   587   625 E Sensors : sns_reg_la.c(86):reg read: offset 22784, num bytes: 14
02-23 00:55:28.825   587   625 E Sensors : sns_reg_la.c(86):reg read: offset 23040, num bytes: 14
02-23 00:55:28.827   587   625 E Sensors : sns_reg_la.c(86):reg read: offset 23296, num bytes: 14
02-23 00:55:28.827   587   625 E Sensors : sns_reg_la.c(86):reg read: offset 23552, num bytes: 14
02-23 00:55:28.827   587   625 E Sensors : sns_reg_la.c(86):reg read: offset 23808, num bytes: 14
02-23 00:55:28.827   587   625 E Sensors : sns_reg_la.c(86):reg read: offset 24064, num bytes: 14
02-23 00:55:28.827   587   625 E Sensors : sns_reg_la.c(86):reg read: offset 24320, num bytes: 14
02-23 00:55:28.827   587   625 E Sensors : sns_reg_la.c(86):reg read: offset 7936, num bytes: 34
02-23 00:55:28.830   632   632 I installd: installd firing up
02-23 00:55:28.830   587   625 E Sensors : sns_reg_la.c(86):reg read: offset 5888, num bytes: 256
02-23 00:55:28.833   587   625 E Sensors : sns_reg_la.c(86):reg read: offset 6144, num bytes: 256
02-23 00:55:28.833   587   625 E Sensors : sns_reg_la.c(86):reg read: offset 6400, num bytes: 256
02-23 00:55:28.833   587   625 E Sensors : sns_reg_la.c(86):reg read: offset 6656, num bytes: 256
02-23 00:55:28.834   587   625 E Sensors : sns_reg_la.c(86):reg read: offset 6912, num bytes: 256
02-23 00:55:28.834   587   625 E Sensors : sns_reg_la.c(86):reg read: offset 7168, num bytes: 256
02-23 00:55:28.834   587   625 E Sensors : sns_reg_la.c(86):reg read: offset 9984, num bytes: 256
02-23 00:55:28.835   587   625 E Sensors : sns_reg_la.c(86):reg read: offset 11520, num bytes: 256
02-23 00:55:28.835   587   625 E Sensors : sns_reg_la.c(86):reg read: offset 11776, num bytes: 256
02-23 00:55:28.835   587   625 E Sensors : sns_reg_la.c(86):reg read: offset 12544, num bytes: 256
02-23 00:55:28.835   587   625 E Sensors : sns_reg_la.c(86):reg read: offset 13568, num bytes: 256
02-23 00:55:28.876   608   736 D QC-time-services: Daemon: Time-services: All initializations done
02-23 00:55:28.876   608   736 E QC-time-services: Daemon: Time-services: Waiting to acceptconnection
02-23 00:55:28.877   608   733 D QC-time-services: Daemon:genoff_wlan_qmi_service_request: Initiallizing QMI 
02-23 00:55:28.877   608   733 E QC-time-services: Daemon:genoff_wlan_qmi_service_request: qmi_client_get_service_list returned -2num_services 0
02-23 00:55:28.877   608   734 D QC-time-services: Daemon:genoff_modem_qmi_service_request: Initiallizing QMI 
02-23 00:55:28.878   608   734 E QMI_FW  : QMUXD: WARNING qmi_qmux_if_pwr_up_init failed! rc=-6
02-23 00:55:28.879   608   734 E QC-time-services: Daemon:genoff_modem_qmi_service_request: qmi_client_get_service_list returned -2num_services 0
02-23 00:55:28.906   616   725 I ThermalEngine: vdd_restrict_qmi_request: MODEM req level(0) is recorded and waiting for completing QMI registration
02-23 00:55:28.906   616   725 I ThermalEngine: vdd_restrict_qmi_request: ADSP req level(0) is recorded and waiting for completing QMI registration
02-23 00:55:28.906   616   725 I ThermalEngine: hotplug_ktm_disable_cb: write out 0
02-23 00:55:28.962   750   750 I init    : type=1400 audit(0.0:28): avc: denied { execute_no_trans } for path="/system/bin/ifaadaemon" dev="sde20" ino=263 scontext=u:r:init:s0 tcontext=u:object_r:system_file:s0 tclass=file permissive=1
02-23 00:55:28.976   558   558 I init.qcom.usb.s: type=1400 audit(0.0:29): avc: denied { write } for name="nofua" dev="sysfs" ino=41675 scontext=u:r:qti_init_shell:s0 tcontext=u:object_r:sysfs:s0 tclass=file permissive=1
02-23 00:55:28.985   587   625 E Sensors : sns_reg_la.c(194):reg write: offset 5888, num bytes: 256
02-23 00:55:28.987   587   625 E Sensors : sns_reg_la.c(194):reg write: offset 9728, num bytes: 256
02-23 00:55:28.989   587   625 E Sensors : sns_reg_la.c(194):reg write: offset 14592, num bytes: 256
02-23 00:55:28.990   587   625 E Sensors : sns_reg_la.c(86):reg read: offset 7424, num bytes: 224
02-23 00:55:28.992   737   737 I wificond: wificond is starting up...
02-23 00:55:28.993   587   625 E Sensors : sns_reg_la.c(86):reg read: offset 0, num bytes: 24
02-23 00:55:28.993   587   625 E Sensors : sns_reg_la.c(86):reg read: offset 2048, num bytes: 24
02-23 00:55:29.019   742   742 E CLD80211: /system/vendor/bin/cnss-daemon: Could not resolve cld80211 familty id
02-23 00:55:29.042   742   742 I cnss-daemon: Failed to initialize cld80211 family, proceed with legacy USERSOCK reception
02-23 00:55:29.046   743   757 D QCALOG  : [location-mq] SRV Socket-Opend
02-23 00:55:29.061   742   758 E QMI_FW  : QMUXD: WARNING qmi_qmux_if_pwr_up_init failed! rc=-6
02-23 00:55:29.061   588   600 I adbd    : functionfs successfully initialized
02-23 00:55:29.061   588   600 I adbd    : registering usb transport
02-23 00:55:29.066   750   750 W ifaadaemon: type=1400 audit(0.0:30): avc: granted { open } for path="/dev/pmsg0" dev="tmpfs" ino=6957 scontext=u:r:init:s0 tcontext=u:object_r:pmsg_device:s0 tclass=chr_file
02-23 00:55:29.069   750   750 I ifaadaemon: Starting ifaadaemon
02-23 00:55:29.092   539   539 D vndksupport: Loading /odm/lib64/hw/gralloc.msm8996.so from current namespace instead of sphal namespace.
02-23 00:55:29.092   577   577 D QSEECOMD: : Init rpmb_start ret = 0
02-23 00:55:29.092   577   577 D QSEECOMD: : RPMB system services: Started (Listener ID = 8192)
02-23 00:55:29.093   577   577 E QSEECOMD: : Listener: index = 1, hierarchy = 1
02-23 00:55:29.093   577   577 D QSEECOMD: : Init dlopen(libssd.so, RTLD_NOW) succeeds
02-23 00:55:29.093   577   577 D QSEECOMD: : Init::Init dlsym(g_FSHandle ssd_start) succeeds
02-23 00:55:29.093   577   577 D QSEECOMAPI: QSEECom_register_listener 12288 sb_length = 0x5000
02-23 00:55:29.094   587   625 E Sensors : sns_reg_la.c(86):reg read: offset 2560, num bytes: 3
02-23 00:55:29.095   587   625 E Sensors : sns_reg_la.c(86):reg read: offset 3072, num bytes: 3
02-23 00:55:29.095   587   625 E Sensors : sns_reg_la.c(86):reg read: offset 3328, num bytes: 3
02-23 00:55:29.095   587   625 E Sensors : sns_reg_la.c(86):reg read: offset 256, num bytes: 128
02-23 00:55:29.118   577   577 D QSEECOMD: : Init ssd_start ret = 0
02-23 00:55:29.118   577   577 D QSEECOMD: : SSD system services: Started (Listener ID = 12288)
02-23 00:55:29.119   750   750 I ifaadaemon: type=1400 audit(0.0:31): avc: denied { call } for scontext=u:r:init:s0 tcontext=u:r:servicemanager:s0 tclass=binder permissive=1
02-23 00:55:29.119   750   750 I ifaadaemon: type=1400 audit(0.0:32): avc: denied { transfer } for scontext=u:r:init:s0 tcontext=u:r:servicemanager:s0 tclass=binder permissive=1
02-23 00:55:29.119   448   448 I servicemanager: type=1400 audit(0.0:33): avc: denied { search } for name="750" dev="proc" ino=16225 scontext=u:r:servicemanager:s0 tcontext=u:r:init:s0 tclass=dir permissive=1
