02-12 21:43:59.987   526  7174 E Sensors : devname: /dev/input/event3
02-12 21:43:59.989   520   520 E MediaPlayerService: Couldn't open fd for content://settings/system/notification_sound
02-12 21:43:59.989  7112  7112 E MediaPlayerNative: Unable to create media player
02-12 21:43:59.990  7112  7112 V MediaPlayer: resetDrmState:  mDrmInfo=null mDrmProvisioningThread=null mPrepareDrmInProgress=false mActiveDrmScheme=false
02-12 21:43:59.990  7112  7112 V MediaPlayer: cleanDrmObj: mDrmObj=null mDrmSessionId=null
02-12 21:43:59.991  7112  7112 V MediaPlayer: resetDrmState:  mDrmInfo=null mDrmProvisioningThread=null mPrepareDrmInProgress=false mActiveDrmScheme=false
02-12 21:43:59.991  7112  7112 V MediaPlayer: cleanDrmObj: mDrmObj=null mDrmSessionId=null
02-12 21:43:59.992  7112  7112 D Ringtone: Problem opening; delegating to remote player
02-12 21:43:59.992  7112  7112 W Ringtone: Use of stream types is deprecated for operations other than volume control
02-12 21:43:59.992  7112  7112 W Ringtone: See the documentation of setStreamType() for what to use instead with android.media.AudioAttributes to qualify your playback use case
02-12 21:44:00.003  7112  7112 W MediaPlayer: Couldn't open content://0@settings/system/notification_sound_cache: java.io.FileNotFoundException: open failed: ENOENT (No such file or directory)
02-12 21:44:00.003  7112  7112 W MediaPlayer: Couldn't open null: java.lang.NullPointerException: uri
02-12 21:44:00.010   520  5317 E MediaPlayerService: Couldn't open fd for content://settings/system/notification_sound
02-12 21:44:00.010  7112  7112 E MediaPlayerNative: Unable to create media player
02-12 21:44:00.011  7112  7112 V MediaPlayer: resetDrmState:  mDrmInfo=null mDrmProvisioningThread=null mPrepareDrmInProgress=false mActiveDrmScheme=false
02-12 21:44:00.011  7112  7112 V MediaPlayer: cleanDrmObj: mDrmObj=null mDrmSessionId=null
02-12 21:44:00.011  7112  7112 V MediaPlayer: resetDrmState:  mDrmInfo=null mDrmProvisioningThread=null mPrepareDrmInProgress=false mActiveDrmScheme=false
02-12 21:44:00.012  7112  7112 V MediaPlayer: cleanDrmObj: mDrmObj=null mDrmSessionId=null
02-12 21:44:00.012  7112  7112 D Ringtone: Problem opening; delegating to remote player
02-12 21:44:00.018   526  7174 E Sensors : devname: /dev/input/event0
02-12 21:44:00.029  7112  7222 D OpenGLRenderer: HWUI GL Pipeline
02-12 21:44:00.059   526  7174 E Sensors : devname: /dev/input/event1
02-12 21:44:00.063  7112  7222 I Adreno  : QUALCOMM build                   : d3015e9, I25dc76dc3f
02-12 21:44:00.063  7112  7222 I Adreno  : Build Date                       : 01/26/17
02-12 21:44:00.063  7112  7222 I Adreno  : OpenGL ES Shader Compiler Version: XE031.09.00.03
02-12 21:44:00.063  7112  7222 I Adreno  : Local Branch                     : 
02-12 21:44:00.063  7112  7222 I Adreno  : Remote Branch                    : refs/tags/AU_LINUX_ANDROID_LA.BF64.1.2.3_RB1.07.00.00.258.011
02-12 21:44:00.063  7112  7222 I Adreno  : Remote Branch                    : NONE
02-12 21:44:00.063  7112  7222 I Adreno  : Reconstruct Branch               : NOTHING
02-12 21:44:00.079  7112  7222 I co.aoscp.setupwizard: android::hardware::configstore::V1_0::ISurfaceFlingerConfigs::hasWideColorDisplay retrieved: 0
02-12 21:44:00.081  7112  7222 I OpenGLRenderer: Initialized EGL, version 1.4
02-12 21:44:00.081  7112  7222 D OpenGLRenderer: Swap behavior 2
02-12 21:44:00.091   526  7174 E Sensors : devname: /dev/input/mice
02-12 21:44:00.101  7208  7208 V SynthProxy: About to load libttspico.so, applyFilter=true
02-12 21:44:00.103  7112  7222 D vndksupport: Loading /odm/lib64/hw/android.hardware.graphics.mapper@2.0-impl.so from current namespace instead of sphal namespace.
02-12 21:44:00.122   526  7198 E mm-camera: ois_thread:239done : ois initialization
02-12 21:44:00.126   526  7174 E Sensors : devname: /dev/input/event2
02-12 21:44:00.151   526  7174 E Sensors : No Tof sensor found!!!
02-12 21:44:00.151   526  7174 E mm-camera: sensor_laser_init:164  0 sensor supported
02-12 21:44:00.152   526  7174 E mm-camera: gyro_port_init:1404  Failure initializing laser sensor. Error: 4
02-12 21:44:00.152   526  7174 I CAMERA_SENSOR: start_accel_sensor
02-12 21:44:00.153   526  7174 E mm-camera: start_accel_sensor: sensor1_open E
02-12 21:44:00.154   526  7174 E mm-camera: start_accel_sensor: sensor1_open X, res = 0
02-12 21:44:00.157   526  7228 I CAMERA_SENSOR: accel_data_cb received RESP - SNS_SMGR_REPORT_RESP_V01
02-12 21:44:00.157   526  7174 D mm-camera: mct: mct_pipeline_start_session_thread: X imglib
02-12 21:44:00.158   526   526 E mm-camera: sensor_get_cur_chromatix_name:2577Error: Load default preview chroamtix
02-12 21:44:00.158   526   526 E mm-camera-sensor: chromatix_load_library_ex : chromatix = libchromatix_imx234_snapshot_open.so , lib name = /system/vendor/lib/libchromatix_imx234_snapshot_open.so
02-12 21:44:00.158   526   526 E mm-camera-sensor: chromatix_load_library_ex : chromatix = libchromatix_imx234_snapshot_open.so , lib name = /system/vendor/lib/libchromatix_imx234_snapshot_open.so
02-12 21:44:00.158   526   526 E mm-camera-sensor: chromatix_load_library_ex : chromatix = libchromatix_imx234_common_open.so , lib name = /system/vendor/lib/libchromatix_imx234_common_open.so
02-12 21:44:00.158   526   526 E mm-camera-sensor: chromatix_load_library_ex : chromatix = libchromatix_imx234_cpp_snapshot_open.so , lib name = /system/vendor/lib/libchromatix_imx234_cpp_snapshot_open.so
02-12 21:44:00.158   526   526 E mm-camera-sensor: chromatix_load_library_ex : chromatix = libchromatix_imx234_cpp_snapshot_open.so , lib name = /system/vendor/lib/libchromatix_imx234_cpp_snapshot_open.so
02-12 21:44:00.158   526   526 E mm-camera-sensor: chromatix_load_library_ex : chromatix = libchromatix_imx234_cpp_flash_snapshot_open.so , lib name = /system/vendor/lib/libchromatix_imx234_cpp_flash_snapshot_open.so
02-12 21:44:00.158   526   526 E mm-camera-sensor: chromatix_load_library_ex : chromatix = libchromatix_imx234_cpp_video_open.so , lib name = /system/vendor/lib/libchromatix_imx234_cpp_video_open.so
02-12 21:44:00.158   526   526 E mm-camera-sensor: chromatix_load_library_ex : chromatix = libchromatix_imx234_postproc_open.so , lib name = /system/vendor/lib/libchromatix_imx234_postproc_open.so
02-12 21:44:00.159   526   526 E mm-camera-isp2: isp_resource_query_mod:145 num_isp_preallocate 1 num_session_opened 1 dual_vfe_enabled 0
02-12 21:44:00.159   526   526 E mm-camera: module_faceproc_query_mod:1996] Caps ROI 5 scene_mode_cnt 1 HW analysis supported 0
02-12 21:44:00.159   526   526 E hdr     : module_hdr_lib_query_mod:181] Supported scenemode cnt 2
02-12 21:44:00.159   526   526 D mm-camera: mct: mct_pipeline_process_set:command=800000a
02-12 21:44:00.159   526   526 D mm-camera: mct: mct_pipeline_process_set: Adding new stream: id [0f]
02-12 21:44:00.159   526   526 D mm-camera: mct: mct_pipeline_process_set:command=8000012
02-12 21:44:00.159   526   526 D mm-camera: mct: mct_stream_start_link: Start linking Session-stream 0x1000f
02-12 21:44:00.159   526   526 I mm-camera: module_iface_set_mod_func: set module type = 8, identity 1000f
02-12 21:44:00.159   526   526 E mm-camera: isp_port_check_caps_reserve:737 port 0xe86e1ac0 ide 1000f type 10 dim 0 0
02-12 21:44:00.159   526   526 E mm-camera: int_link = 0xe86e80e0
02-12 21:44:00.159   526   526 I mm-camera: pproc_port_add_modules_to_stream:433, linking mods tmod and c2d
02-12 21:44:00.162   526   526 I mm-camera: pproc_port_add_modules_to_stream:433, linking mods c2d and cpp
02-12 21:44:00.162   526   526 E mm-camera: Interleaved flag is 0, identity 65551 port type 0
02-12 21:44:00.162   526   526 I mm-camera: pproc_port_add_modules_to_stream:433, linking mods cpp and afs
02-12 21:44:00.162   526   526 I mm-camera: pproc_port_add_modules_to_stream:433, linking mods afs and llvd
02-12 21:44:00.162   526   526 I mm-camera: pproc_port_add_modules_to_stream:433, linking mods llvd and ezt
02-12 21:44:00.162   526   526 E mm-camera: pproc_port_add_modules_to_stream:454] X rc: 1
02-12 21:44:00.171  7208  7208 I SVOX Pico Engine: loaded en-US successfully
02-12 21:44:00.177   526   526 D mm-camera: mct: mct_pipeline_process_set: Linking successful for stream 0x1000f stream type=10
02-12 21:44:00.201  6542  6542 I chatty  : uid=1047(cameraserver) /system/bin/cameraserver expire 12 lines
02-12 21:44:00.203  6542  6542 D QCameraParameters: int32_t qcamera::QCameraParameters::setPreviewFpsRange(int, int, int, int): Thermal adjusted Preview fps range 2.00,30.00, 2.00, 30.00
02-12 21:44:00.204  6542  6542 D QCameraParameters: int32_t qcamera::QCameraParameters::initDefaultParameters(): supported fps rates: 2,3,4,5,6,7,8,9,10,11,12,13,14,15,16,17,18,19,20,21,22,23,24,25,26,27,28,29,30
02-12 21:44:00.204  6542  6542 D QCameraParameters: int32_t qcamera::QCameraParameters::setFocusMode(const char*): Setting focus mode auto
02-12 21:44:00.204  6542  6542 D QCameraParameters: initDefaultParameters: setting KEY_FOCUS_DISTANCES as 0.100000,0.150000,0.170000
02-12 21:44:00.204  6542  6542 D QCameraParameters: int32_t qcamera::QCameraParameters::setAutoExposure(const char*): Setting auto exposure center-weighted
02-12 21:44:00.204  6542  6542 D QCameraParameters: int32_t qcamera::QCameraParameters::setAntibanding(const char*): Setting AntiBanding value auto
02-12 21:44:00.204  6542  6542 D QCameraParameters: int32_t qcamera::QCameraParameters::setFlash(const char*): Setting Flash value off
02-12 21:44:00.204  6542  6542 D QCameraParameters: int32_t qcamera::QCameraParameters::setISOValue(const char*): Setting ISO value auto
02-12 21:44:00.204  6542  6542 D QCameraParameters: int32_t qcamera::QCameraParameters::initDefaultParameters(), Exposure time min 0.034133 ms, max 29377.348000 ms
02-12 21:44:00.204  6542  6542 D QCameraParameters: int32_t qcamera::QCameraParameters::initDefaultParameters(), ISO min 50, max 800
02-12 21:44:00.206  6542  6542 D QCameraParameters: int32_t qcamera::QCameraParameters::setZoom(int): zoom level: 0
02-12 21:44:00.206  6542  6542 I QCameraParameters: int32_t qcamera::QCameraParameters::initDefaultParameters(): setting Exposure Bracketing value of 0,10,-9
02-12 21:44:00.207  6542  6542 D QCameraParameters: int32_t qcamera::QCameraParameters::setAEBracket(const char*), EXP_BRACKETING_OFF
02-12 21:44:00.207  6542  6542 D QCameraParameters: int32_t qcamera::QCameraParameters::setAFBracket(const char*): afBracketStr =af-bracket-off
02-12 21:44:00.207  6542  6542 D QCameraParameters: int32_t qcamera::QCameraParameters::setReFocus(const char*): reFocusStr =re-focus-off
02-12 21:44:00.207  6542  6542 D QCameraParameters: int32_t qcamera::QCameraParameters::setChromaFlash(const char*): chromaFlashStr =chroma-flash-off
02-12 21:44:00.207  6542  6542 D QCameraParameters: int32_t qcamera::QCameraParameters::setOptiZoom(const char*): optiZoomStr =opti-zoom-off
02-12 21:44:00.207  6542  6542 D QCameraParameters: int32_t qcamera::QCameraParameters::setSeeMore(const char*): seeMoreStr =off
02-12 21:44:00.207  6542  6542 D QCameraParameters: int32_t qcamera::QCameraParameters::setToneMapMode(uint32_t, bool): tone map mode 1 
02-12 21:44:00.207  6542  6542 D QCameraParameters: int32_t qcamera::QCameraParameters::setAecLock(const char*): Setting AECLock value false
02-12 21:44:00.207  6542  6542 D QCameraParameters: int32_t qcamera::QCameraParameters::setAwbLock(const char*): Setting AWBLock value false
02-12 21:44:00.207  6542  6542 D QCameraParameters: int32_t qcamera::QCameraParameters::initDefaultParameters(): totalram = -1334108160, freeram = 1508261888 
02-12 21:44:00.207  6542  6542 D QCameraParameters: void qcamera::QCameraParameters::setOfflineRAW(): Offline Raw  0
02-12 21:44:00.207  6542  6542 E LGCameraParameters: void qcamera::QCameraParameters::initDefaultParametersEx(): multi_window_af_supported = 1
02-12 21:44:00.207  6542  6542 E LGCameraParameters: createMultiWindowString: (-280,-280,0,0,1),(-140,-420,140,-140,1),(0,-280,280,0,1),(-420,-140,-140,140,1),(-140,-140,140,140,1),(140,-140,420,140,1),(-280,0,0,280,1),(-140,140,140,420,1),(0,0,280,280,1),(-220,-220,220,220,1)
02-12 21:44:00.207  6542  6542 E LGCameraParameters: createMultiWindowString: (720,720,1000,1000,1),(860,580,1140,860,1),(1000,720,1280,1000,1),(580,860,860,1140,1),(860,860,1140,1140,1),(1140,860,1420,1140,1),(720,1000,1000,1420,1),(860,1140,1140,1420,1),(1000,1000,1280,1280,1)
02-12 21:44:00.208  6542  6542 D LGCameraParameters: int32_t qcamera::QCameraParameters::setLG_ISOcontrol(const char*): Setting ISO value auto
02-12 21:44:00.208  6542  6542 E LGCameraParameters: int32_t qcamera::QCameraParameters::setBeautyLevel(int) : [ARC_BEAUTY] beautylevel = 0
02-12 21:44:00.208   526  7237 E mm-camera: sensor_set_frame_rate:1176max fps 30.000000 min fps 2.000000,fixed_frame_rate=0 
02-12 21:44:00.209   526  7237 E mm-camera: iface_util_set_hfr: can't find hw stream, only save hfr mode
02-12 21:44:00.209  6542  6542 D QCameraParameters: int32_t qcamera::QCameraParameters::setNumOfSnapshot(): nBurstNum = 1, nExpnum = 1
02-12 21:44:00.211  6542  6542 I Thermal-Lib: Thermal-Lib-Client: Registraion successful for camera with handle:1
02-12 21:44:00.211  6542  6542 I Thermal-Lib: Thermal-Lib-Client: Registraion successful for camcorder with handle:2
02-12 21:44:00.211  6542  6542 I QCamera2HWI: [KPI Perf] int qcamera::QCamera2HardwareInterface::openCamera(hw_device_t**): X PROFILE_OPEN_CAMERA camera id 0, rc: 0
02-12 21:44:00.211  6542  6542 E QCamera2HWI: int qcamera::QCamera2HardwareInterface::openCamera(hw_device_t**):[PREVIEW_COUNT] preview_count(1)
02-12 21:44:00.214   509   605 I ThermalEngine: Thermal-Server: Adding thermal event listener on fd 62
02-12 21:44:00.218  6542  7244 I Thermal-Lib: Thermal-Lib-Client: Client received msg camera 0
02-12 21:44:00.219  6542  7244 D QCamera2HWI: virtual int qcamera::QCamera2HardwareInterface::thermalEvtHandle(qcamera::qcamera_thermal_level_enum_t*, void*, void*): level = 0, userdata = 0x0, data = 0x0
02-12 21:44:00.219  6542  7244 I Thermal-Lib: Thermal-Lib-Client: Client received msg camcorder 0
02-12 21:44:00.219  6542  7244 D QCamera2HWI: virtual int qcamera::QCamera2HardwareInterface::thermalEvtHandle(qcamera::qcamera_thermal_level_enum_t*, void*, void*): level = 0, userdata = 0x0, data = 0x0
02-12 21:44:00.221  6542  7157 E QCameraStateMachine: int32_t qcamera::QCameraStateMachine::procEvtPreviewStoppedState(qcamera::qcamera_sm_evt_enum_t, void*): cannot handle evt(31) in state(0)
02-12 21:44:00.221  6542  7157 E QCameraStateMachine: int32_t qcamera::QCameraStateMachine::procEvtPreviewStoppedState(qcamera::qcamera_sm_evt_enum_t, void*): cannot handle evt(31) in state(0)
02-12 21:44:00.222  6542  6542 I CamDev@1.0-impl: Closing camera 0
02-12 21:44:00.222  6542  6542 I QCamera2HWI: [KPI Perf] static int qcamera::QCamera2HardwareInterface::close_camera_device(hw_device_t*): E
02-12 21:44:00.222  6542  7158 D QCamera2HWI: static void* qcamera::QCamera2HardwareInterface::defferedWorkRoutine(void*): stop data proc
02-12 21:44:00.223  6542  6542 I QCamera2HWI: [KPI Perf] int qcamera::QCamera2HardwareInterface::closeCamera(): E PROFILE_CLOSE_CAMERA camera id 0
02-12 21:44:00.223  6542  6542 D QCameraParameters: bool qcamera::QCameraParameters::setStreamConfigure(bool, bool, bool): Done Resetting stream config!!
02-12 21:44:00.227  7112  7112 I TextToSpeech: Connected to ComponentInfo{com.svox.pico/com.svox.pico.PicoService}
02-12 21:44:00.228  6542  6542 I qomx_image_core: OMX_Deinit:119] Complete
02-12 21:44:00.234  6542  6542 I Thermal-Lib: Thermal-Lib-Client: Unregisteration is successfull for handle:1
02-12 21:44:00.234   509   605 I ThermalEngine: Thermal-Server: removing client on fd 62
02-12 21:44:00.234  6542  6542 I Thermal-Lib: Thermal-Lib-Client: Unregisteration is successfull for handle:2
02-12 21:44:00.243   931  1032 I ActivityManager: Displayed co.aoscp.setupwizard/.WelcomeActivity: +352ms (total +393ms)
02-12 21:44:00.245   526  7237 D mm-camera: mct: mct_pipeline_process_set:command=800000b
02-12 21:44:00.245   526  7237 E mm-camera: mct: mct_pipeline_process_set:2966: Couldn't find stream id: 0
02-12 21:44:00.245   526   526 D mm-camera: mct: mct_controller_destroy: Initiating destroy sequence
02-12 21:44:00.245  6542  6542 I QCamera2HWI: [KPI Perf] int qcamera::QCamera2HardwareInterface::closeCamera(): X PROFILE_CLOSE_CAMERA camera id 0, rc: 0
02-12 21:44:00.245  6542  6542 E QCamera2HWI: int qcamera::QCamera2HardwareInterface::closeCamera():[PREVIEW_COUNT] preview_count(0)
02-12 21:44:00.245  7112  7246 I TextToSpeech: Set up connection to ComponentInfo{com.svox.pico/com.svox.pico.PicoService}
02-12 21:44:00.245   526  7238 D mm-camera: mct: mct_bus_handler_thread_run: Force Exit
02-12 21:44:00.246   526   526 D mm-camera: mct: mct_controller_destroy: bus_handler thread closed
02-12 21:44:00.246   526   526 D mm-camera: mct: mct_pipeline_stop_session - E
02-12 21:44:00.247   526   526 D mm-camera: mct: mct_pipeline_process_set:command=800000b
02-12 21:44:00.247   526   526 D mm-camera: mct: mct_pipeline_process_set: Issuing DEL_STREAM on stream 0x1000f and stream type=10
02-12 21:44:00.247   526   526 E mm-camera: port_iface_ext_unlink_func: E, identity = 0x1000f, port = 0xe89a3620, direction = 2
02-12 21:44:00.247   526   526 E mm-camera: port_iface_check_caps_unreserve_func:  E, identity = 0x1000f, port = 0xe89a3620, direction = 2
02-12 21:44:00.247   526   526 E mm-camera: iface_unreserve_sink_port: stream_id f mode 0 
02-12 21:44:00.247   526   526 E mm-camera: port_iface_ext_unlink_func: E, identity = 0x1000f, port = 0xe89a3920, direction = 1
02-12 21:44:00.247   526   526 E mm-camera: iface_ext_unlink_src_port: mct stream already removed from hw stream
02-12 21:44:00.247   526   526 E mm-camera: port_iface_check_caps_unreserve_func:  E, identity = 0x1000f, port = 0xe89a3920, direction = 1
02-12 21:44:00.247   526   526 E mm-camera: isp_port_check_caps_unreserve:826 ide 1000f port 0xe86e1ac0
02-12 21:44:00.251   526   526 E mm-camera: module_afs_port_check_caps_unreserve:1524] 
02-12 21:44:00.251   526   526 E mm-camera: module_afs_port_check_caps_unreserve:1532] destroy client
02-12 21:44:00.251   526   526 E mm-camera: module_imgbase_port_release_client_llvd:1553] 
02-12 21:44:00.251   526   526 E mm-camera: q3a_thread_af_stop:1019  q3a_thread_af_stop:1019 MSG_STOP_THREAD
02-12 21:44:00.252  6542  6542 E QCamera2HWI: int qcamera::QCamera2HardwareInterface::closeCamera():[PREVIEW_COUNT][LOAD] preview_count(0) // MultiView(0)
02-12 21:44:00.252  6542  6542 I QCamera2HWI: [KPI Perf] static int qcamera::QCamera2HardwareInterface::close_camera_device(hw_device_t*): X
02-12 21:44:00.252  6542  6542 I CameraProviderManager: Enumerating new camera device: device@3.3/legacy/0
02-12 21:44:00.252  6542  6542 I CameraProviderManager: Enumerating new camera device: device@1.0/legacy/1
02-12 21:44:00.257  6542  6542 I CamDev@1.0-impl: Opening camera 1
02-12 21:44:00.257  6542  6542 I QCamera2Factory: :static int qcamera::QCamera2Factory::openLegacy(int32_t, uint32_t, hw_device_t**) openLegacy halVersion: 256
02-12 21:44:00.259  6542  6542 D vndksupport: Loading /odm/lib/hw/power.msm8992.so from current namespace instead of sphal namespace.
02-12 21:44:00.259  6542  7250 D QCamera2HWI: static void* qcamera::QCamera2HardwareInterface::defferedWorkRoutine(void*): start data proc
02-12 21:44:00.262   526   526 E mm-camera: stats_port_delete_reserved_stream:2602  stats_port_delete_reserved_stream:2602: going to NULL peer
02-12 21:44:00.262   526   526 D mm-camera: mct: mct_pipeline_process_set: Stream 0x1000f and stream type=10, successfully deleted
02-12 21:44:00.264  6542  6542 I QCamera2HWI: [KPI Perf] int qcamera::QCamera2HardwareInterface::openCamera(hw_device_t**): E PROFILE_OPEN_CAMERA camera id 1
02-12 21:44:00.269   526  7251 D mm-camera: mct: mct_pipeline_stop_session_thread: Stop module name: sensor - E
02-12 21:44:00.269   526  7251 E mm-camera: module_sensor_deinit_session:1545trying to delete thread
02-12 21:44:00.269   526  7251 E mm-camera-sensor: proxy_thread_delete:259p_thread,trying to delete thread
02-12 21:44:00.269   526  7251 E mm-camera-sensor: send_thread_exit_msg:219p_thread, exit_thread 0
02-12 21:44:00.269   526  7251 E mm-camera-sensor: send_thread_exit_msg:223p_thread, exit_thread 1
02-12 21:44:00.269   526  7251 E mm-camera: module_sensor_deinit_session:1547proxy_thread_deleted!
02-12 21:44:00.269   526  7251 E mm-camera: module_sensor_deinit_session:1551try to stop proxy kernel workqueue!
02-12 21:44:00.269   526  7251 E mm-camera-sensor: sensor_proxy_thread_off:215enter
02-12 21:44:00.271   526  7254 D mm-camera: mct: mct_pipeline_stop_session_thread: Stop module name: iface - E
02-12 21:44:00.271   526  7254 D mm-camera: mct: mct_pipeline_stop_session_thread: Stop module name: iface - X
02-12 21:44:00.272   526  7255 D mm-camera: mct: mct_pipeline_stop_session_thread: Stop module name: isp - E
02-12 21:44:00.272   526  7255 E mm-camera-isp2: isp_module_stop_session:414 session id 1
02-12 21:44:00.273   526  7256 D mm-camera: mct: mct_pipeline_stop_session_thread: Stop module name: stats - E
02-12 21:44:00.273   526  7257 D mm-camera: mct: mct_pipeline_stop_session_thread: Stop module name: pproc - E
02-12 21:44:00.274   526  7255 D mm-camera: mct: mct_pipeline_stop_session_thread: Stop module name: isp - X
02-12 21:44:00.274   526   526 D mm-camera: mct: mct_pipeline_stop_session: left modules: 5
02-12 21:44:00.274   526   526 D mm-camera: mct: mct_pipeline_stop_session: left modules: 4
02-12 21:44:00.274   526  7258 D mm-camera: mct: mct_pipeline_stop_session_thread: Stop module name: imglib - E
02-12 21:44:00.274   526  7258 E mm-camera: module_faceproc_stop_session:1885] session cnt 1
02-12 21:44:00.275   526  7256 E mm-camera: gyro_port_deinit:1446  gyro_port_deinit: Error in android Deinit
02-12 21:44:00.275   526  7256 I CAMERA_SENSOR: stop_accel_sensor
02-12 21:44:00.276   526  7258 D mm-camera: mct: mct_pipeline_stop_session_thread: Stop module name: imglib - X
02-12 21:44:00.276   526   526 D mm-camera: mct: mct_pipeline_stop_session: left modules: 3
02-12 21:44:00.277   526  7257 E mm-camera-pp: [INFO] base_module_stop_session:98, E, session=1
02-12 21:44:00.277   526  7257 E mm-camera-pp: [INFO] base_module_stop_session:98, E, session=1
02-12 21:44:00.277   526  7257 D mm-camera: mct: mct_pipeline_stop_session_thread: Stop module name: pproc - X
02-12 21:44:00.277   526   526 D mm-camera: mct: mct_pipeline_stop_session: left modules: 2
02-12 21:44:00.278   526  7251 E mm-camera: module_sensor_deinit_session:1567trying to delete thread
02-12 21:44:00.279   526  7251 E mm-camera-sensor: tcs_thread_delete:303tcs_thread, trying to delete thread
02-12 21:44:00.279   526  7251 E mm-camera: module_sensor_deinit_session:1569tcs_thread_deleted!
02-12 21:44:00.279   526  7251 E mm-camera: module_sensor_deinit_session:1571try to stop tcs kernel workqueue!
02-12 21:44:00.287   526  7251 E mm-camera-sensor: proxy_power_down:47enter
02-12 21:44:00.287   526  7228 I CAMERA_SENSOR: accel_data_cb received RESP - SNS_SMGR_CANCEL_RESP_V01
02-12 21:44:00.288   526  7256 D mm-camera: mct: mct_pipeline_stop_session_thread: Stop module name: stats - X
02-12 21:44:00.288   526   526 D mm-camera: mct: mct_pipeline_stop_session: left modules: 1
02-12 21:44:00.314   526  7251 E mm-camera: sensor_close:4609ctrl->isStreaming make false
02-12 21:44:00.314   526  7251 D mm-camera: mct: mct_pipeline_stop_session_thread: Stop module name: sensor - X
02-12 21:44:00.315   526   526 D mm-camera: mct: mct_pipeline_stop_session: left modules: 0
02-12 21:44:00.315   526   526 D mm-camera: mct: mct_pipeline_stop_session - X
02-12 21:44:00.315   526   526 D mm-camera: mct: mct_pipeline_destroy E: session:1 
02-12 21:44:00.315   526   526 D mm-camera: mct: mct_pipeline_destroy X: Pipeline destroyed successfully
02-12 21:44:00.315   526   526 D mm-camera: mct: mct_controller_destroy: X Successfully closed mct_controller
02-12 21:44:00.316   526   526 D mm-camera: mct: mct_controller_new: Creating new mct_controller with session-id 2
02-12 21:44:00.316   526  7260 D mm-camera: mct: mct_pipeline_start_session_thread: E sensor
02-12 21:44:00.319   526  7261 D mm-camera: mct: mct_pipeline_start_session_thread: E iface
02-12 21:44:00.319   526  7263 D mm-camera: mct: mct_pipeline_start_session_thread: E isp
02-12 21:44:00.319   526  7263 E mm-camera-isp2: isp_module_start_session:178 session id 2
02-12 21:44:00.327   526  7261 D mm-camera: mct: mct_pipeline_start_session_thread: X stats
02-12 21:44:00.327   526  7265 D mm-camera: mct: mct_pipeline_start_session_thread: E stats
02-12 21:44:00.327   526  7265 E mm-camera: tcc_init: TCC ver.150418a
02-12 21:44:00.328   526  7263 E mm-camera-isp2: isp_module_start_session:347 num_session_opened 1
02-12 21:44:00.328   526  7263 D mm-camera: mct: mct_pipeline_start_session_thread: X pproc
02-12 21:44:00.328   526  7267 D mm-camera: mct: mct_pipeline_start_session_thread: E pproc
02-12 21:44:00.330   526  7269 D mm-camera: mct: mct_pipeline_start_session_thread: E imglib
02-12 21:44:00.330   526  7269 E mm-camera: module_faceproc_start_session:1844] session cnt 1
02-12 21:44:00.332   526  7269 D mm-camera: mct: mct_pipeline_start_session_thread: X imglib
02-12 21:44:00.341   526  7265 E mm-camera: sensor_laser_init:144  HW module: id: sensors name: STMicroelectronics VL53L0 sensor module
02-12 21:44:00.341   526  7265 E Sensors : openInput
02-12 21:44:00.341   526  7265 E Sensors : devname: /dev/input/event4
02-12 21:44:00.343   526  7260 E mm-camera: module_sensor_init_session:1245eeprom_name = t4ka3_eeprom
02-12 21:44:00.368   526  7265 E Sensors : devname: /dev/input/event3
02-12 21:44:00.373   526  7260 E mm-camera: module_sensor_init_session:1277flash subdev id = -1
02-12 21:44:00.373   526  7260 E mm-camera: module_sensor_start_session:1684SUCCESS
02-12 21:44:00.373   526  7260 D mm-camera: mct: mct_pipeline_start_session_thread: X imglib
02-12 21:44:00.378   526  7267 E mm-camera-pp: [INFO] base_module_start_session:91, E, session=2
02-12 21:44:00.379   526  7267 E mm-camera-pp: [INFO] base_module_start_session:91, E, session=2
02-12 21:44:00.379   526  7267 D mm-camera: mct: mct_pipeline_start_session_thread: X imglib
02-12 21:44:00.388   526  7265 E Sensors : devname: /dev/input/event0
02-12 21:44:00.422   526  7265 E Sensors : devname: /dev/input/event1
02-12 21:44:00.448   526  7265 E Sensors : devname: /dev/input/mice
02-12 21:44:00.473   526  7265 E Sensors : devname: /dev/input/event2
02-12 21:44:00.482   479   479 I android.hardwar: type=1400 audit(0.0:90): avc: denied { read } for name="config" dev="mmcblk0p50" ino=858542 scontext=u:r:hal_wifi_default:s0 tcontext=u:object_r:wifi_data_file:s0 tclass=file permissive=1
02-12 21:44:00.482   479   479 I android.hardwar: type=1400 audit(0.0:91): avc: denied { open } for path="/data/misc/wifi/config" dev="mmcblk0p50" ino=858542 scontext=u:r:hal_wifi_default:s0 tcontext=u:object_r:wifi_data_file:s0 tclass=file permissive=1
02-12 21:44:00.514   526  7265 E Sensors : couldn't find 'STM VL53L0 proximity sensor' input device
02-12 21:44:00.514   526  7265 E Sensors : ProximitySensor::ProximitySensor gets called!
02-12 21:44:00.514   526  7265 E Sensors : ProximitySensor: input_name:, input_sysfs_path:/sys/class/input/input
02-12 21:44:00.514   526  7265 E Sensors : ProximitySensor::enable function called for stmvl53L0!
02-12 21:44:00.515   526  7265 E Sensors : ProximitySensor::enable filename:/sys/class/input/input/enable_ps_sensor
02-12 21:44:00.515   526  7265 E Sensors : ProximitySensor::enable: Failed to open file descriptor for enabling VL53L0
02-12 21:44:00.515   526  7265 E Sensors : ProximitySensor::enable: Attempted to open file /sys/class/input/input/enable_ps_sensor. Error: -1
02-12 21:44:00.515   526  7265 E Sensors : open_sensors gets called!
02-12 21:44:00.515   526  7265 E Sensors : is_tof_sensor_available() called
02-12 21:44:00.515   526  7265 E Sensors : devname: /dev/input/event4
02-12 21:44:00.531   526  7265 E Sensors : devname: /dev/input/event3
02-12 21:44:00.582   526  7265 E Sensors : devname: /dev/input/event0
02-12 21:44:00.604   479   479 I WifiHAL : Initializing wifi
02-12 21:44:00.604   479   479 I WifiHAL : Creating socket
02-12 21:44:00.605   479   479 I WifiHAL : Initialized Wifi HAL Successfully; vendor cmd = 103
02-12 21:44:00.606   479   479 E android.hardware.wifi@1.0-service: Failed to set DFS flag; DFS channels may be unavailable.
02-12 21:44:00.616   931  1916 I WifiVendorHal: Vendor Hal started successfully
02-12 21:44:00.616   931  1916 D WificondControl: Setting up driver for client mode
02-12 21:44:00.617   522   522 I wificond: create scanner for interface with index: 5
02-12 21:44:00.617   522   522 I wificond: subscribe scan result for interface with index: 5
02-12 21:44:00.620   522   522 E wificond: No Offload Service available
02-12 21:44:00.620   522   522 I wificond: Offload HAL not supported 
02-12 21:44:00.624   418   440 D CommandListener: Clearing all IP addresses on wlan0
02-12 21:44:00.635   931  1916 I system_server: Looking for service android.hidl.manager@1.0::IServiceManager/default
02-12 21:44:00.636   931  1916 I system_server: Starting thread pool.
02-12 21:44:00.638   526  7265 E Sensors : devname: /dev/input/event1
02-12 21:44:00.662   526  7265 E Sensors : devname: /dev/input/mice
02-12 21:44:00.694   526  7265 E Sensors : devname: /dev/input/event2
02-12 21:44:00.703  7299  7299 I wpa_supplicant: Processing hidl events on FD 4
02-12 21:44:00.706  7299  7299 I wpa_supplicant: Successfully initialized wpa_supplicant
02-12 21:44:00.706   931  1501 I system_server: Looking for service android.hardware.wifi.supplicant@1.0::ISupplicant/default
02-12 21:44:00.708   931  1501 I system_server: Starting thread pool.
02-12 21:44:00.715   526  7265 E Sensors : No Tof sensor found!!!
02-12 21:44:00.715   526  7265 E mm-camera: sensor_laser_init:164  0 sensor supported
02-12 21:44:00.715   526  7265 E mm-camera: gyro_port_init:1404  Failure initializing laser sensor. Error: 4
02-12 21:44:00.715   526  7265 I CAMERA_SENSOR: start_accel_sensor
02-12 21:44:00.715   526  7265 E mm-camera: start_accel_sensor: sensor1_open E
02-12 21:44:00.717   526  7265 E mm-camera: start_accel_sensor: sensor1_open X, res = 0
02-12 21:44:00.720   526  7300 I CAMERA_SENSOR: accel_data_cb received RESP - SNS_SMGR_REPORT_RESP_V01
02-12 21:44:00.720   526  7265 D mm-camera: mct: mct_pipeline_start_session_thread: X imglib
02-12 21:44:00.720   526   526 E mm-camera: module_sensor_query_mod:7021led flash is not supported for this sensor.
02-12 21:44:00.720   526   526 E mm-camera: sensor_get_cur_chromatix_name:2577Error: Load default preview chroamtix
02-12 21:44:00.720   526   526 E mm-camera-sensor: chromatix_load_library_ex : chromatix = libchromatix_t4ka3_snapshot_open.so , lib name = /system/vendor/lib/libchromatix_t4ka3_snapshot_open.so
02-12 21:44:00.721   526   526 E mm-camera-sensor: chromatix_load_library_ex : chromatix = libchromatix_t4ka3_snapshot_open.so , lib name = /system/vendor/lib/libchromatix_t4ka3_snapshot_open.so
02-12 21:44:00.721   526   526 E mm-camera-sensor: chromatix_load_library_ex : chromatix = libchromatix_t4ka3_common_open.so , lib name = /system/vendor/lib/libchromatix_t4ka3_common_open.so
02-12 21:44:00.721   526   526 E mm-camera-sensor: chromatix_load_library_ex : chromatix = libchromatix_t4ka3_cpp_snapshot_open.so , lib name = /system/vendor/lib/libchromatix_t4ka3_cpp_snapshot_open.so
02-12 21:44:00.721   526   526 E mm-camera-sensor: chromatix_load_library_ex : chromatix = libchromatix_t4ka3_cpp_snapshot_open.so , lib name = /system/vendor/lib/libchromatix_t4ka3_cpp_snapshot_open.so
02-12 21:44:00.721   526   526 E mm-camera-sensor: chromatix_load_library_ex : chromatix = libchromatix_t4ka3_cpp_video_open.so , lib name = /system/vendor/lib/libchromatix_t4ka3_cpp_video_open.so
02-12 21:44:00.721   526   526 E mm-camera-sensor: chromatix_load_library_ex : chromatix = libchromatix_t4ka3_postproc_open.so , lib name = /system/vendor/lib/libchromatix_t4ka3_postproc_open.so
02-12 21:44:00.721   526   526 E mm-camera-isp2: isp_resource_query_mod:145 num_isp_preallocate 1 num_session_opened 1 dual_vfe_enabled 0
02-12 21:44:00.722   526   526 E mm-camera: module_faceproc_query_mod:1996] Caps ROI 5 scene_mode_cnt 1 HW analysis supported 0
02-12 21:44:00.722   526   526 E hdr     : module_hdr_lib_query_mod:181] Supported scenemode cnt 2
02-12 21:44:00.722   526   526 D mm-camera: mct: mct_pipeline_process_set:command=800000a
02-12 21:44:00.722   526   526 D mm-camera: mct: mct_pipeline_process_set: Adding new stream: id [0f]
02-12 21:44:00.722   526   526 D mm-camera: mct: mct_pipeline_process_set:command=8000012
02-12 21:44:00.722   526   526 D mm-camera: mct: mct_stream_start_link: Start linking Session-stream 0x2000f
02-12 21:44:00.722   526   526 I mm-camera: module_iface_set_mod_func: set module type = 8, identity 2000f
02-12 21:44:00.722   526   526 E mm-camera-sensor: port_sensor_caps_reserve:86session id doesn't match
02-12 21:44:00.722   526   526 E mm-camera: isp_port_check_caps_reserve:737 port 0xe86e1ac0 ide 2000f type 10 dim 0 0
02-12 21:44:00.722   526   526 E mm-camera: int_link = 0xe86e80e0
02-12 21:44:00.722   526   526 I mm-camera: pproc_port_add_modules_to_stream:433, linking mods tmod and c2d
02-12 21:44:00.724   526   526 I mm-camera: pproc_port_add_modules_to_stream:433, linking mods c2d and cpp
02-12 21:44:00.724   526   526 E mm-camera: Interleaved flag is 0, identity 131087 port type 0
02-12 21:44:00.724   526   526 I mm-camera: pproc_port_add_modules_to_stream:433, linking mods cpp and afs
02-12 21:44:00.724   526   526 I mm-camera: pproc_port_add_modules_to_stream:433, linking mods afs and llvd
02-12 21:44:00.724   526   526 I mm-camera: pproc_port_add_modules_to_stream:433, linking mods llvd and ezt
02-12 21:44:00.724   526   526 E mm-camera: pproc_port_add_modules_to_stream:454] X rc: 1
02-12 21:44:00.732   526   526 D mm-camera: mct: mct_pipeline_process_set: Linking successful for stream 0x2000f stream type=10
02-12 21:44:00.747  6542  6542 D mm-jpeg-intf: Max picture size 3264 x 2448, WorkBufSize = 12220416
02-12 21:44:00.749  6542  6542 I qomx_image_core: OMX_Init:95] Complete 3
02-12 21:44:00.750  6542  6542 E QCameraHWI_Mem: void qcamera::QCameraMemory::traceLogAllocStart(size_t, int, const char*):HeapMemsize 659104
02-12 21:44:00.750  6542  6542 E QCameraHWI_Mem: void qcamera::QCameraMemory::traceLogAllocStart(size_t, int, const char*):Memsize 659104
02-12 21:44:00.750   931  1858 D SntpClient: round trip: 135ms, clock offset: 486ms
02-12 21:44:00.751  6542  6542 E QCameraHWI_Mem: void qcamera::QCameraMemory::traceLogAllocEnd(size_t) 659104
02-12 21:44:00.751  6542  6542 E QCameraHWI_Mem: void qcamera::QCameraMemory::traceLogAllocEnd(size_t) 659104
02-12 21:44:00.754  6542  6542 D QCameraParameters: int32_t qcamera::QCameraParameters::initDefaultParameters(): supported preview sizes: 2560x1440,1920x1440,2048x1536,2048x1080,1920x1080,1776x1080,1440x1080,1280x960,1280x720,960x720,864x480,880x720,848x480,800x480,768x432,720x480,640x640,640x480,640x360,576x432,480x320,384x288,352x288,320x240,240x160,176x144
02-12 21:44:00.755  6542  6542 D QCameraParameters: int32_t qcamera::QCameraParameters::initDefaultParameters(): supported video sizes: 1920x1080,1280x960,1280x720,864x480,848x480,800x480,720x480,640x480,640x360,480x320,352x288,320x240,176x144,144x176
02-12 21:44:00.755  6542  6542 D QCameraParameters: int32_t qcamera::QCameraParameters::initDefaultParameters(): supported pic sizes: 3264x2448,3264x1836,2560x1920,2592x1944,2688x1512,2048x1536,1920x1080,1600x1200,1536x864,1280x960,1280x768,1280x720,1024x768,880x720,800x600,864x480,800x480,720x480,640x480,640x360,352x288,320x240,176x144
02-12 21:44:00.756  6542  6542 D QCameraParameters: int32_t qcamera::QCameraParameters::setPreviewFpsRange(int, int, int, int): Setting preview fps range 2000,30000
02-12 21:44:00.756  6542  6542 D QCameraParameters: int32_t qcamera::QCameraParameters::setPreviewFpsRange(int, int, int, int): Updated: minFps = 2000, maxFps = 30000 , vid minFps = 2000, vid maxFps = 30000
02-12 21:44:00.756  6542  6542 D QCamera2HWI: int qcamera::QCamera2HardwareInterface::calcThermalLevel(qcamera::qcamera_thermal_level_enum_t, int, int, cam_fps_range_t&, msm_vfe_frame_skip_pattern&): level: 0, preview minfps 2000.000000, preview maxfpS 30000.000000, video minfps 2000.000000, video maxfpS 30000.000000
02-12 21:44:00.756  6542  6542 D QCamera2HWI: int qcamera::QCamera2HardwareInterface::calcThermalLevel(qcamera::qcamera_thermal_level_enum_t, int, int, cam_fps_range_t&, msm_vfe_frame_skip_pattern&): Thermal level 0, FPS [2.00,30.00, 2.00,30.00], frameskip 0
02-12 21:44:00.756  6542  6542 D QCameraParameters: int32_t qcamera::QCameraParameters::setPreviewFpsRange(int, int, int, int): Thermal adjusted Preview fps range 2.00,30.00, 2.00, 30.00
02-12 21:44:00.756  6542  6542 D QCameraParameters: int32_t qcamera::QCameraParameters::initDefaultParameters(): supported fps rates: 2,3,4,5,6,7,8,9,10,11,12,13,14,15,16,17,18,19,20,21,22,23,24,25,26,27,28,29,30
02-12 21:44:00.756  6542  6542 D QCameraParameters: int32_t qcamera::QCameraParameters::setFocusMode(const char*): Setting focus mode fixed
02-12 21:44:00.756  6542  6542 D QCameraParameters: initDefaultParameters: setting KEY_FOCUS_DISTANCES as 0.100000,0.150000,0.170000
02-12 21:44:00.756  6542  6542 D QCameraParameters: int32_t qcamera::QCameraParameters::setAutoExposure(const char*): Setting auto exposure center-weighted
02-12 21:44:00.756  6542  6542 D QCameraParameters: int32_t qcamera::QCameraParameters::setAntibanding(const char*): Setting AntiBanding value auto
02-12 21:44:00.756  6542  6542 D QCameraParameters: int32_t qcamera::QCameraParameters::setFlash(const char*): Setting Flash value off
02-12 21:44:00.757  6542  6542 D QCameraParameters: int32_t qcamera::QCameraParameters::setISOValue(const char*): Setting ISO value auto
02-12 21:44:00.757  6542  6542 D QCameraParameters: int32_t qcamera::QCameraParameters::initDefaultParameters(), Exposure time min 0.013272 ms, max 869.661901 ms
02-12 21:44:00.757  6542  6542 D QCameraParameters: int32_t qcamera::QCameraParameters::initDefaultParameters(), ISO min 100, max 3000
02-12 21:44:00.758  6542  6542 D QCameraParameters: int32_t qcamera::QCameraParameters::setZoom(int): zoom level: 0
02-12 21:44:00.758  6542  6542 I QCameraParameters: int32_t qcamera::QCameraParameters::initDefaultParameters(): setting Exposure Bracketing value of 0,10,-9
02-12 21:44:00.758  6542  6542 D QCameraParameters: int32_t qcamera::QCameraParameters::setAEBracket(const char*), EXP_BRACKETING_OFF
02-12 21:44:00.758  6542  6542 D QCameraParameters: int32_t qcamera::QCameraParameters::setChromaFlash(const char*): chromaFlashStr =chroma-flash-off
02-12 21:44:00.758  6542  6542 D QCameraParameters: int32_t qcamera::QCameraParameters::setOptiZoom(const char*): optiZoomStr =opti-zoom-off
02-12 21:44:00.758  6542  6542 D QCameraParameters: int32_t qcamera::QCameraParameters::setSeeMore(const char*): seeMoreStr =off
02-12 21:44:00.758  6542  6542 D QCameraParameters: int32_t qcamera::QCameraParameters::setToneMapMode(uint32_t, bool): tone map mode 1 
02-12 21:44:00.758  6542  6542 D QCameraParameters: int32_t qcamera::QCameraParameters::setAecLock(const char*): Setting AECLock value false
02-12 21:44:00.758  6542  6542 D QCameraParameters: int32_t qcamera::QCameraParameters::setAwbLock(const char*): Setting AWBLock value false
02-12 21:44:00.758  6542  6542 D QCameraParameters: int32_t qcamera::QCameraParameters::initDefaultParameters(): totalram = -1334108160, freeram = 1501433856 
02-12 21:44:00.759  6542  6542 D QCameraParameters: void qcamera::QCameraParameters::setOfflineRAW(): Offline Raw  0
02-12 21:44:00.759  6542  6542 E LGCameraParameters: void qcamera::QCameraParameters::initDefaultParametersEx(): multi_window_af_supported = 1
02-12 21:44:00.759  6542  6542 E LGCameraParameters: createMultiWindowString: (-280,-280,0,0,1),(-140,-420,140,-140,1),(0,-280,280,0,1),(-420,-140,-140,140,1),(-140,-140,140,140,1),(140,-140,420,140,1),(-280,0,0,280,1),(-140,140,140,420,1),(0,0,280,280,1),(-220,-220,220,220,1)
02-12 21:44:00.759   931  1501 I SupplicantStaIfaceHal: Completed initialization of ISupplicant interfaces.
02-12 21:44:00.759  6542  6542 E LGCameraParameters: createMultiWindowString: (720,720,1000,1000,1),(860,580,1140,860,1),(1000,720,1280,1000,1),(580,860,860,1140,1),(860,860,1140,1140,1),(1140,860,1420,1140,1),(720,1000,1000,1420,1),(860,1140,1140,1420,1),(1000,1000,1280,1280,1)
02-12 21:44:00.759  6542  6542 D LGCameraParameters: int32_t qcamera::QCameraParameters::setLG_ISOcontrol(const char*): Setting ISO value auto
02-12 21:44:00.759  6542  6542 E LGCameraParameters: int32_t qcamera::QCameraParameters::setBeautyLevel(int) : [ARC_BEAUTY] beautylevel = 0
02-12 21:44:00.761   526  7309 E mm-camera: iface_util_set_hfr: can't find hw stream, only save hfr mode
02-12 21:44:00.762  6542  6542 D QCameraParameters: int32_t qcamera::QCameraParameters::setNumOfSnapshot(): nBurstNum = 1, nExpnum = 1
02-12 21:44:00.763  6542  6542 I Thermal-Lib: Thermal-Lib-Client: Registraion successful for camera with handle:1
02-12 21:44:00.763  6542  6542 I Thermal-Lib: Thermal-Lib-Client: Registraion successful for camcorder with handle:2
02-12 21:44:00.763  6542  6542 I QCamera2HWI: [KPI Perf] int qcamera::QCamera2HardwareInterface::openCamera(hw_device_t**): X PROFILE_OPEN_CAMERA camera id 1, rc: 0
02-12 21:44:00.763  6542  6542 E QCamera2HWI: int qcamera::QCamera2HardwareInterface::openCamera(hw_device_t**):[PREVIEW_COUNT] preview_count(1)
02-12 21:44:00.763   509   605 I ThermalEngine: Thermal-Server: Adding thermal event listener on fd 62
02-12 21:44:00.764  6542  7316 I Thermal-Lib: Thermal-Lib-Client: Client received msg camera 0
02-12 21:44:00.764  6542  7316 D QCamera2HWI: virtual int qcamera::QCamera2HardwareInterface::thermalEvtHandle(qcamera::qcamera_thermal_level_enum_t*, void*, void*): level = 0, userdata = 0x0, data = 0x0
02-12 21:44:00.764  6542  7316 I Thermal-Lib: Thermal-Lib-Client: Client received msg camcorder 0
02-12 21:44:00.764  6542  7316 D QCamera2HWI: virtual int qcamera::QCamera2HardwareInterface::thermalEvtHandle(qcamera::qcamera_thermal_level_enum_t*, void*, void*): level = 0, userdata = 0x0, data = 0x0
02-12 21:44:00.764  6542  7249 E QCameraStateMachine: int32_t qcamera::QCameraStateMachine::procEvtPreviewStoppedState(qcamera::qcamera_sm_evt_enum_t, void*): cannot handle evt(31) in state(0)
02-12 21:44:00.764  6542  7249 E QCameraStateMachine: int32_t qcamera::QCameraStateMachine::procEvtPreviewStoppedState(qcamera::qcamera_sm_evt_enum_t, void*): cannot handle evt(31) in state(0)
02-12 21:44:00.768   931  1916 D WifiStateMachine: Setting OUI to DA-A1-19
02-12 21:44:00.768   479   479 D WifiHAL : Sending mac address OUI
02-12 21:44:00.772  6542  6542 I CamDev@1.0-impl: Closing camera 1
02-12 21:44:00.772  6542  6542 I QCamera2HWI: [KPI Perf] static int qcamera::QCamera2HardwareInterface::close_camera_device(hw_device_t*): E
02-12 21:44:00.772  6542  7250 D QCamera2HWI: static void* qcamera::QCamera2HardwareInterface::defferedWorkRoutine(void*): stop data proc
02-12 21:44:00.773  6542  6542 I QCamera2HWI: [KPI Perf] int qcamera::QCamera2HardwareInterface::closeCamera(): E PROFILE_CLOSE_CAMERA camera id 1
02-12 21:44:00.773  6542  6542 D QCameraParameters: bool qcamera::QCameraParameters::setStreamConfigure(bool, bool, bool): Done Resetting stream config!!
02-12 21:44:00.773   479   479 E WifiHAL : Failed to register debug response; result = -95
02-12 21:44:00.773   479   479 E android.hardware.wifi@1.0-service: Failed to get driver version: SUCCESS
02-12 21:44:00.774   931  1916 E WifiVendorHal: requestChipDebugInfo(l.1727) failed {.code = ERROR_UNKNOWN, .description = errno: -95 (Unknown error -95)}
02-12 21:44:00.775   931  1916 I WifiVendorHal: Driver: null Firmware: null
02-12 21:44:00.775   479   479 E WifiHAL : Failed to register debug response; result = -95
02-12 21:44:00.775   479   479 E android.hardware.wifi@1.0-service: Failed to get driver version: SUCCESS
02-12 21:44:00.775  6542  6542 I qomx_image_core: OMX_Deinit:119] Complete
02-12 21:44:00.776   931  1916 E WifiVendorHal: requestChipDebugInfo(l.1727) failed {.code = ERROR_UNKNOWN, .description = errno: -95 (Unknown error -95)}
02-12 21:44:00.776   931  1916 I WifiVendorHal: Driver: null Firmware: null
02-12 21:44:00.777   479   479 E WifiHAL : Failed to register debug response; result = -95
02-12 21:44:00.778   931  1916 E WifiVendorHal: getRingBufferStatus(l.1804) failed {.code = ERROR_UNKNOWN, .description = errno: -95 (Unknown error -95)}
02-12 21:44:00.778   931  1916 W WifiDiags: no ring buffers found
02-12 21:44:00.778   479   479 D WifiHAL : Start get packet fate command
02-12 21:44:00.778   479   479 D WifiHAL : createRequest Monitor packet fate request
02-12 21:44:00.778   479   479 E WifiHAL : Failed to register get pkt fate response; result = -95
02-12 21:44:00.779   931  1916 E WifiVendorHal: startPktFateMonitoring(l.1890) failed {.code = ERROR_UNKNOWN, .description = errno: -95 (Unknown error -95)}
02-12 21:44:00.779  6542  6542 I Thermal-Lib: Thermal-Lib-Client: Unregisteration is successfull for handle:1
02-12 21:44:00.779   931  1916 W WifiDiags: Failed to start packet fate monitoring
02-12 21:44:00.779   509   605 I ThermalEngine: Thermal-Server: removing client on fd 62
02-12 21:44:00.779  6542  6542 I Thermal-Lib: Thermal-Lib-Client: Unregisteration is successfull for handle:2
02-12 21:44:00.781   526  7309 D mm-camera: mct: mct_pipeline_process_set:command=800000b
02-12 21:44:00.781   526  7309 E mm-camera: mct: mct_pipeline_process_set:2966: Couldn't find stream id: 0
02-12 21:44:00.782  6542  6542 I QCamera2HWI: [KPI Perf] int qcamera::QCamera2HardwareInterface::closeCamera(): X PROFILE_CLOSE_CAMERA camera id 1, rc: 0
02-12 21:44:00.782  6542  6542 E QCamera2HWI: int qcamera::QCamera2HardwareInterface::closeCamera():[PREVIEW_COUNT] preview_count(0)
02-12 21:44:00.782   526   526 D mm-camera: mct: mct_controller_destroy: Initiating destroy sequence
02-12 21:44:00.783   526  7310 D mm-camera: mct: mct_bus_handler_thread_run: Force Exit
02-12 21:44:00.783   526   526 D mm-camera: mct: mct_controller_destroy: bus_handler thread closed
02-12 21:44:00.783   526   526 D mm-camera: mct: mct_pipeline_stop_session - E
02-12 21:44:00.783   526   526 D mm-camera: mct: mct_pipeline_process_set:command=800000b
02-12 21:44:00.783   526   526 D mm-camera: mct: mct_pipeline_process_set: Issuing DEL_STREAM on stream 0x2000f and stream type=10
02-12 21:44:00.783   526   526 E mm-camera: port_iface_ext_unlink_func: E, identity = 0x2000f, port = 0xe89a3620, direction = 2
02-12 21:44:00.783   526   526 E mm-camera: port_iface_check_caps_unreserve_func:  E, identity = 0x2000f, port = 0xe89a3620, direction = 2
02-12 21:44:00.783   526   526 E mm-camera: iface_unreserve_sink_port: stream_id f mode 0 
02-12 21:44:00.783   526   526 E mm-camera: port_iface_ext_unlink_func: E, identity = 0x2000f, port = 0xe89a3920, direction = 1
02-12 21:44:00.783   526   526 E mm-camera: iface_ext_unlink_src_port: mct stream already removed from hw stream
02-12 21:44:00.783   526   526 E mm-camera: port_iface_check_caps_unreserve_func:  E, identity = 0x2000f, port = 0xe89a3920, direction = 1
02-12 21:44:00.783   526   526 E mm-camera: isp_port_check_caps_unreserve:826 ide 2000f port 0xe86e1ac0
02-12 21:44:00.785   526   526 E mm-camera: module_afs_port_check_caps_unreserve:1524] 
02-12 21:44:00.786   526   526 E mm-camera: module_afs_port_check_caps_unreserve:1532] destroy client
02-12 21:44:00.786   526   526 E mm-camera: module_imgbase_port_release_client_llvd:1553] 
02-12 21:44:00.786   526   526 E mm-camera: q3a_thread_af_stop:1019  q3a_thread_af_stop:1019 MSG_STOP_THREAD
02-12 21:44:00.786  6542  6542 E QCamera2HWI: int qcamera::QCamera2HardwareInterface::closeCamera():[PREVIEW_COUNT][LOAD] preview_count(0) // MultiView(0)
02-12 21:44:00.787  6542  6542 I QCamera2HWI: [KPI Perf] static int qcamera::QCamera2HardwareInterface::close_camera_device(hw_device_t*): X
02-12 21:44:00.787  6542  6542 I CameraProviderManager: Enumerating new camera device: device@3.3/legacy/1
02-12 21:44:00.787  6542  6542 I CameraProviderManager: Camera provider legacy/0 ready with 4 camera devices
02-12 21:44:00.788  6542  6542 I CameraHardwareInterface: Opening camera 0
02-12 21:44:00.788  6542  6542 I CamDev@1.0-impl: Opening camera 0
02-12 21:44:00.788  6542  6542 I QCamera2Factory: :static int qcamera::QCamera2Factory::openLegacy(int32_t, uint32_t, hw_device_t**) openLegacy halVersion: 256
02-12 21:44:00.789  6542  6542 D vndksupport: Loading /odm/lib/hw/power.msm8992.so from current namespace instead of sphal namespace.
02-12 21:44:00.790   526   526 E mm-camera: stats_port_delete_reserved_stream:2602  stats_port_delete_reserved_stream:2602: going to NULL peer
02-12 21:44:00.790   526   526 D mm-camera: mct: mct_pipeline_process_set: Stream 0x2000f and stream type=10, successfully deleted
02-12 21:44:00.792  6542  7324 D QCamera2HWI: static void* qcamera::QCamera2HardwareInterface::defferedWorkRoutine(void*): start data proc
02-12 21:44:00.792   526  7321 D mm-camera: mct: mct_pipeline_stop_session_thread: Stop module name: sensor - E
02-12 21:44:00.793   526  7325 D mm-camera: mct: mct_pipeline_stop_session_thread: Stop module name: iface - E
02-12 21:44:00.793   526  7325 D mm-camera: mct: mct_pipeline_stop_session_thread: Stop module name: iface - X
02-12 21:44:00.795   526  7326 D mm-camera: mct: mct_pipeline_stop_session_thread: Stop module name: isp - E
02-12 21:44:00.796   526  7326 E mm-camera-isp2: isp_module_stop_session:414 session id 2
