01-07 08:14:10.633     0     0 I         : [    1.674492 / 01-01 00:00:01.667][1] [LGE][MMC][mmc_rescan        ( ) START!] mmc1
01-07 08:14:10.633     0     0 E [    1.765144 / 01-01 00:00:01.759][2] bcm_wifi_set_power: wifi power successed to pull up
01-07 08:14:10.633     0     0 W         : [    1.765156 / 01-01 00:00:01.759][2] wifi_platform_bus_enumerate device present 1
01-07 08:14:10.633     0     0 W [    1.765165 / 01-01 00:00:01.759][2] bcm_wifi_carddetect: There is no callback for notify
01-07 08:14:10.633     0     0 I [    1.876024 / 01-01 00:00:01.871][1] mmc1: new ultra high speed DDR50 SDHC card at address aaaa
01-07 08:14:10.633     0     0 I         : [    1.876034 / 01-01 00:00:01.871][1] [LGE][MMC][mmc_add_card      ( )] mmc_hostname:mmc1, type:SDHC
01-07 08:14:10.633     0     0 I [    1.876363 / 01-01 00:00:01.871][0] mmcblk1: mmc1:aaaa SS16G 14.8 GiB
01-07 08:14:10.633     0     0 I [    1.889884 / 01-01 00:00:01.883][1]  mmcblk1: p1
01-07 08:14:10.633     0     0 I         : [    1.891856 / 01-01 00:00:01.887][2] [LGE][MMC][mmc_add_card      ( )] device_add & uevent posting complete!
01-07 08:14:10.633     0     0 I         : [    1.895114 / 01-01 00:00:01.887][1] msm8994-asoc-snd fe034000.sound: msm8994_asoc_machine_probe: hdmi audio support present
01-07 08:14:10.633     0     0 I         : [    1.895344 / 01-01 00:00:01.887][2] [LGE][MMC][mmc_rescan        ( ) START!] mmc2
01-07 08:14:10.633     0     0 E [    1.895358 / 01-01 00:00:01.887][2] mmc2: mmc_suspend_host: enter
01-07 08:14:10.633   405   412 D vold    : Preparing: /data/misc_de/0
01-07 08:14:10.633     0     0 E         : [    1.897119 / 01-01 00:00:01.891][1] msm8994-asoc-snd fe034000.sound: ASoC: CODEC tomtom_codec not registered
01-07 08:14:10.633     0     0 I         : [    1.897178 / 01-01 00:00:01.891][1] platform fe034000.sound: Driver msm8994-asoc-snd requests probe deferral
01-07 08:14:10.633     0     0 E [    1.899408 / 01-01 00:00:01.891][2] mmc2: mmc_suspend_host: exit
01-07 08:14:10.633     0     0 E [    1.899461 / 01-01 00:00:01.891][2] mmc2: mmc_resume_host: enter
01-07 08:14:10.633     0     0 E [    1.899472 / 01-01 00:00:01.891][2] mmc2: mmc_resume_host: exit
01-07 08:14:10.633     0     0 I         : [    1.978035 / 01-01 00:00:01.971][2] [FS] mmc2: sdhci_msm_execute_tuning: finally setting the tuning phase to 12
01-07 08:14:10.633     0     0 W [    1.981801 / 01-01 00:00:01.975][2] mmc2: queuing unknown CIS tuple 0x91 (3 bytes)
01-07 08:14:10.633     0     0 I [    1.981841 / 01-01 00:00:01.975][2] mmc2: new ultra high speed SDR104 SDIO card at address 0001
01-07 08:14:10.633     0     0 I         : [    1.981850 / 01-01 00:00:01.975][2] [LGE][MMC][mmc_add_card      ( )] mmc_hostname:mmc2, type:SDIO
01-07 08:14:10.633     0     0 I         : [    1.982008 / 01-01 00:00:01.975][2] [LGE][MMC][mmc_add_card      ( )] device_add & uevent posting complete!
01-07 08:14:10.633     0     0 E [    1.982018 / 01-01 00:00:01.975][2] mmc2: mmc_add_card: device_disable_async_suspend
01-07 08:14:10.633     0     0 I         : [    1.986943 / 01-01 00:00:01.979][0] msm8994-asoc-snd fe034000.sound: msm8994_asoc_machine_probe: hdmi audio support present
01-07 08:14:10.633     0     0 E         : [    1.988883 / 01-01 00:00:01.983][0] msm8994-asoc-snd fe034000.sound: ASoC: CODEC tomtom_codec not registered
01-07 08:14:10.633     0     0 I         : [    1.988935 / 01-01 00:00:01.983][0] platform fe034000.sound: Driver msm8994-asoc-snd requests probe deferral
01-07 08:14:10.633     0     0 W [    1.998448 / 01-01 00:00:01.991][1] bcmsdh_sdmmc: bcmsdh_sdmmc_probe Enter
01-07 08:14:10.633     0     0 W [    1.998531 / 01-01 00:00:01.991][1] bcmsdh_sdmmc: bcmsdh_sdmmc_probe Enter
01-07 08:14:10.633     0     0 W         : [    1.998540 / 01-01 00:00:01.991][1] bus num (host idx)=2, slot num (rca)=1
01-07 08:14:10.633     0     0 W         : [    1.998548 / 01-01 00:00:01.991][1] found adapter info 'DHD generic adapter'
01-07 08:14:10.633     0     0 W         : [    1.998576 / 01-01 00:00:01.991][1] alloc static buf at ffffffc0c4b40000!
01-07 08:14:10.633     0     0 W         : [    2.004586 / 01-01 00:00:01.999][1] F1 signature OK, socitype:0x1 chip:0x4339 rev:0x1 pkg:0x2
01-07 08:14:10.633     0     0 W [    2.005268 / 01-01 00:00:01.999][1] DHD: dongle ram size is set to 786432(orig 786432) at 0x180000
01-07 08:14:10.633     0     0 W         : [    2.005358 / 01-01 00:00:01.999][1] wifi_platform_get_mac_addr
01-07 08:14:10.633     0     0 I         : [    2.005373 / 01-01 00:00:01.999][1] [bcm_wifi_get_mac_addr] Exiting. MyMac :  0 : 90 : 4c : b2 : a2 : de
01-07 08:14:10.633     0     0 I         : [    2.005463 / 01-01 00:00:01.999][1] CFG80211-INFO2) wl_setup_wiphy : Registering Vendor80211
01-07 08:14:10.633     0     0 W [    2.005820 / 01-01 00:00:01.999][2] wl_create_event_handler(): thread:wl_event_handler:13a started
01-07 08:14:10.633     0     0 I         : [    2.005831 / 01-01 00:00:01.999][1] CFG80211-INFO2) wl_event_handler : tsk Enter, tsk = 0xffffffc0c28dec10
01-07 08:14:10.633     0     0 W [    2.006006 / 01-01 00:00:01.999][2] dhd_attach(): thread:dhd_watchdog_thread:13b started
01-07 08:14:10.633     0     0 W [    2.006060 / 01-01 00:00:01.999][2] dhd_attach(): thread:dhd_dpc:13c started
01-07 08:14:10.633     0     0 I         : [    2.006133 / 01-01 00:00:01.999][0] msm8994-asoc-snd fe034000.sound: msm8994_asoc_machine_probe: hdmi audio support present
01-07 08:14:10.633     0     0 W [    2.006168 / 01-01 00:00:01.999][2] dhd_attach(): thread:dhd_rxf:13d started
01-07 08:14:10.633     0     0 W [    2.006182 / 01-01 00:00:01.999][2] dhd_deferred_work_init: work queue initialized
01-07 08:14:10.633     0     0 W         : [    2.006538 / 01-01 00:00:01.999][2] Dongle Host Driver, version 1.201.54.16 (r)
01-07 08:14:10.633     0     0 W         : [    2.006538 / 01-01 00:00:01.999][2] Compiled in drivers/net/wireless/bcmdhd on Sep  5 2018 at 05:30:44
01-07 08:14:10.633     0     0 W         : [    2.006940 / 01-01 00:00:01.999][2] Register interface [wlan0]  MAC: 00:90:4c:70:94:8e
01-07 08:14:10.633     0     0 W         : [    2.006940 / 01-01 00:00:01.999][2]
01-07 08:14:10.633     0     0 W [    2.006957 / 01-01 00:00:01.999][2] dhd_prot_ioctl: bus is down. we have nothing to do
01-07 08:14:10.633   405   412 D vold    : Preparing: /data/vendor_de/0
01-07 08:14:10.634     0     0 W [    2.006967 / 01-01 00:00:01.999][2] dhd_wl_ioctl: WLC_IOCTL: cmd: 3, ret = -1
01-07 08:14:10.634     0     0 W         : [    2.007080 / 01-01 00:00:01.999][2] wifi_platform_set_power = 0
01-07 08:14:10.634     0     0 E [    2.007094 / 01-01 00:00:01.999][2] bcm_wifi_set_power: wifi power successed to pull down
01-07 08:14:10.634     0     0 I [    2.007128 / 01-01 00:00:01.999][0] mmc2: slot status change detected (1 -> 0), GPIO_ACTIVE_HIGH
01-07 08:14:10.634     0     0 F         : [    2.007145 / 01-01 00:00:01.999][2] drv probe : 1611 bcmdhd_wlan 392
01-07 08:14:10.634     0     0 I         : [    2.007154 / 01-01 00:00:01.999][1] [LGE][MMC][mmc_rescan        ( ) START!] mmc2
01-07 08:14:10.634     0     0 W         : [    2.007238 / 01-01 00:00:01.999][2] dhd_module_init out
01-07 08:14:10.634     0     0 I         : [    2.008114 / 01-01 00:00:02.003][2] android_usb fe80f0c8.android_usb: device tree enabled
01-07 08:14:10.634     0     0 I         : [    2.008345 / 01-01 00:00:02.003][2] file system registered
01-07 08:14:10.634     0     0 I [    2.008377 / 01-01 00:00:02.003][2] mbim_init: initialize 1 instances
01-07 08:14:10.634     0     0 I [    2.008423 / 01-01 00:00:02.003][2] mbim_init: Initialized 1 ports
01-07 08:14:10.634     0     0 I [    2.008431 / 01-01 00:00:02.003][2] mbim_bam_setup: no_ports:1
01-07 08:14:10.634     0     0 I [    2.008567 / 01-01 00:00:02.003][2] mbim_bam_setup: Initialized 1 ports
01-07 08:14:10.634     0     0 E         : [    2.008838 / 01-01 00:00:02.003][0] msm8994-asoc-snd fe034000.sound: ASoC: CODEC tomtom_codec not registered
01-07 08:14:10.634     0     0 I         : [    2.008896 / 01-01 00:00:02.003][0] platform fe034000.sound: Driver msm8994-asoc-snd requests probe deferral
01-07 08:14:10.634     0     0 I [    2.009184 / 01-01 00:00:02.003][2] rndis_qc_init: initialize rndis QC instance
01-07 08:14:10.634     0     0 I         : [    2.009513 / 01-01 00:00:02.003][2] android_usb gadget: Mass Storage Function, version: 2009/09/11
01-07 08:14:10.634     0     0 I         : [    2.009522 / 01-01 00:00:02.003][2] android_usb gadget: Number of LUNs=1
01-07 08:14:10.634     0     0 I [    2.009532 / 01-01 00:00:02.003][2]  lun0: LUN: removable file: (no medium)
01-07 08:14:10.634     0     0 I         : [    2.009657 / 01-01 00:00:02.003][2] android_usb gadget: Mass Storage Function, version: 2009/09/11
01-07 08:14:10.634     0     0 I         : [    2.009666 / 01-01 00:00:02.003][2] android_usb gadget: Number of LUNs=1
01-07 08:14:10.634     0     0 I [    2.009675 / 01-01 00:00:02.003][2]  clun0: LUN: removable read only CD-ROM file: (no medium)
01-07 08:14:10.634     0     0 I [    2.009925 / 01-01 00:00:02.003][2] evp_setup: evp_setup:
01-07 08:14:10.634     0     0 I [    2.009939 / 01-01 00:00:02.003][2] evp_get_product_string: evp_get_product_string: evp convert string, maxV=07E, minV=03C, feature=08
01-07 08:14:10.634     0     0 I [    2.009950 / 01-01 00:00:02.003][2] evp_get_product_string: evp_get_product_string: strings_evp = Maxim EVP    gr8rFiV8US07E03C08
01-07 08:14:10.634     0     0 I         : [    2.009963 / 01-01 00:00:02.003][2] android_usb gadget: android_usb ready
01-07 08:14:10.634     0     0 I         : [    2.014260 / 01-01 00:00:02.007][0] msm8994-asoc-snd fe034000.sound: msm8994_asoc_machine_probe: hdmi audio support present
01-07 08:14:10.634     0     0 E         : [    2.014710 / 01-01 00:00:02.007][2] hallic_dev switch registration success
01-07 08:14:10.634     0     0 I [    2.014900 / 01-01 00:00:02.007][2] input: gpio-keys as /devices/soc.0/gpio_keys.90/input/input2
01-07 08:14:10.634     0     0 I         : [    2.016001 / 01-07 08:14:08.500][2] qcom,qpnp-rtc qpnp-rtc-8: setting system clock to 2015-01-07 08:14:08 UTC (1420618448)
01-07 08:14:10.634     0     0 E         : [    2.016410 / 01-07 08:14:08.500][0] msm8994-asoc-snd fe034000.sound: ASoC: CODEC tomtom_codec not registered
01-07 08:14:10.634     0     0 I         : [    2.016464 / 01-07 08:14:08.500][0] platform fe034000.sound: Driver msm8994-asoc-snd requests probe deferral
01-07 08:14:10.634     0     0 I         : [    2.019096 / 01-07 08:14:08.500][2] [BOOT_CAUSE] 131104, warm_reset = 1
01-07 08:14:10.634     0     0 I         : [    2.019110 / 01-07 08:14:08.500][2] [SMPL_CNT] ===> not smpl boot!!!!!
01-07 08:14:10.634     0     0 I         : [    2.021699 / 01-07 08:14:08.500][0] msm8994-asoc-snd fe034000.sound: msm8994_asoc_machine_probe: hdmi audio support present
01-07 08:14:10.634     0     0 I [    2.024012 / 01-07 08:14:08.503][2] msm_thermal: interrupt_mode_init Interrupt mode init
01-07 08:14:10.634     0     0 E         : [    2.024032 / 01-07 08:14:08.503][0] msm8994-asoc-snd fe034000.sound: ASoC: CODEC tomtom_codec not registered
01-07 08:14:10.634     0     0 I         : [    2.024091 / 01-07 08:14:08.503][0] platform fe034000.sound: Driver msm8994-asoc-snd requests probe deferral
01-07 08:14:10.634   405   412 D vold    : Preparing: /data/user_de/0
01-07 08:14:10.634     0     0 I [    2.026233 / 01-07 08:14:08.503][2] lmh_lite: lmh_parse_sensor Registering sensor:[THRM_57-0]
01-07 08:14:10.634     0     0 I [    2.026526 / 01-07 08:14:08.503][2] lmh_lite: lmh_parse_sensor Registering sensor:[THRM_57-1]
01-07 08:14:10.634     0     0 I [    2.026682 / 01-07 08:14:08.503][2] lmh_lite: lmh_parse_sensor Registering sensor:[THRM_53-0]
01-07 08:14:10.634     0     0 I [    2.026819 / 01-07 08:14:08.503][2] lmh_lite: lmh_parse_sensor Registering sensor:[THRM_53-1]
01-07 08:14:10.634     0     0 I [    2.026959 / 01-07 08:14:08.503][2] lmh_lite: lmh_parse_sensor Registering sensor:[THRM_53-2]
01-07 08:14:10.634     0     0 I [    2.027096 / 01-07 08:14:08.503][2] lmh_lite: lmh_parse_sensor Registering sensor:[THRM_53-3]
01-07 08:14:10.634     0     0 I         : [    2.029931 / 01-07 08:14:08.507][0] msm8994-asoc-snd fe034000.sound: msm8994_asoc_machine_probe: hdmi audio support present
01-07 08:14:10.634     0     0 E         : [    2.032035 / 01-07 08:14:08.511][0] msm8994-asoc-snd fe034000.sound: ASoC: CODEC tomtom_codec not registered
01-07 08:14:10.634     0     0 I         : [    2.032097 / 01-07 08:14:08.511][0] platform fe034000.sound: Driver msm8994-asoc-snd requests probe deferral
01-07 08:14:10.634     0     0 E         : [    2.034667 / 01-07 08:14:08.511][2] qcom,qpnp-flash-led qpnp-flash-led-26: Unable to quire pinctrl
01-07 08:14:10.634     0     0 I         : [    2.036307 / 01-07 08:14:08.515][2] rmnet_ipa started initialization
01-07 08:14:10.634     0     0 I         : [    2.036320 / 01-07 08:14:08.515][2] IPA SSR support = True
01-07 08:14:10.634     0     0 I         : [    2.036328 / 01-07 08:14:08.515][2] IPA ipa-loaduC = True
01-07 08:14:10.634     0     0 I         : [    2.037697 / 01-07 08:14:08.515][0] msm8994-asoc-snd fe034000.sound: msm8994_asoc_machine_probe: hdmi audio support present
01-07 08:14:10.634     0     0 I         : [    2.038647 / 01-07 08:14:08.515][2] rmnet_ipa completed initialization
01-07 08:14:10.634     0     0 E         : [    2.040078 / 01-07 08:14:08.519][0] msm8994-asoc-snd fe034000.sound: ASoC: CODEC tomtom_codec not registered
01-07 08:14:10.634     0     0 I         : [    2.040137 / 01-07 08:14:08.519][0] platform fe034000.sound: Driver msm8994-asoc-snd requests probe deferral
01-07 08:14:10.634     0     0 I         : [    2.045375 / 01-07 08:14:08.523][0] msm8994-asoc-snd fe034000.sound: msm8994_asoc_machine_probe: hdmi audio support present
01-07 08:14:10.634     0     0 I         : [    2.047128 / 01-07 08:14:08.523][2] qcom,cc-debug-8992 fc401880.qcom,cc-debug: Registered debug mux.
01-07 08:14:10.634     0     0 E         : [    2.047273 / 01-07 08:14:08.523][0] msm8994-asoc-snd fe034000.sound: ASoC: CODEC tomtom_codec not registered
01-07 08:14:10.634     0     0 I         : [    2.047328 / 01-07 08:14:08.523][0] platform fe034000.sound: Driver msm8994-asoc-snd requests probe deferral
01-07 08:14:10.634     0     0 I [    2.048273 / 01-07 08:14:08.527][2] regulator_proxy_consumer_remove_all: removing regulator proxy consumer requests
01-07 08:14:10.634     0     0 I [    2.049265 / 01-07 08:14:08.527][2] clock_late_init: Removing enables held for handed-off clocks
01-07 08:14:10.634     0     0 I         : [    2.053347 / 01-07 08:14:08.531][0] msm8994-asoc-snd fe034000.sound: msm8994_asoc_machine_probe: hdmi audio support present
01-07 08:14:10.634     0     0 E         : [    2.055992 / 01-07 08:14:08.535][0] msm8994-asoc-snd fe034000.sound: ASoC: CODEC tomtom_codec not registered
01-07 08:14:10.634     0     0 I         : [    2.056045 / 01-07 08:14:08.535][0] platform fe034000.sound: Driver msm8994-asoc-snd requests probe deferral
01-07 08:14:10.634     0     0 I         : [    2.057197 / 01-07 08:14:08.535][0] ALSA device list:
01-07 08:14:10.634     0     0 I         : [    2.057207 / 01-07 08:14:08.535][0]   No soundcards found.
01-07 08:14:10.634     0     0 E [    2.057339 / 01-07 08:14:08.535][0] Warning: unable to open an initial console.
01-07 08:14:10.634     0     0 I         : [    2.057475 / 01-07 08:14:08.535][0] Freeing unused kernel memory: 480K (ffffffc001395000 - ffffffc00140d000)
01-07 08:14:10.634     0     0 I         : [    2.057484 / 01-07 08:14:08.535][0] [CCAudit] Run init process for OS startup
01-07 08:14:10.634     0     0 I [    2.060797 / 01-07 08:14:08.539][0] init: init first stage started!
01-07 08:14:10.634     0     0 I [    2.061015 / 01-07 08:14:08.539][0] init: Using Android DT directory /proc/device-tree/firmware/android/
01-07 08:14:10.635     0     0 I [    2.061061 / 01-07 08:14:08.539][0] init: First stage mount skipped (missing/incompatible fstab in device tree)
01-07 08:14:10.635     0     0 I [    2.061087 / 01-07 08:14:08.539][0] init: Skipped setting INIT_AVB_VERSION (not in recovery mode)
01-07 08:14:10.635     0     0 I [    2.061211 / 01-07 08:14:08.539][0] init: Loading SELinux policy
01-07 08:14:10.635     0     0 D [    2.065509 / 01-07 08:14:08.543][0] SELinux: 2048 avtab hash slots, 16834 rules.
01-07 08:14:10.635     0     0 D [    2.072939 / 01-07 08:14:08.551][0] SELinux: 2048 avtab hash slots, 16834 rules.
01-07 08:14:10.635     0     0 D [    2.072967 / 01-07 08:14:08.551][0] SELinux: 1 users, 4 roles, 1232 types, 0 bools, 1 sens, 1024 cats
01-07 08:14:10.635     0     0 D [    2.072977 / 01-07 08:14:08.551][0] SELinux: 93 classes, 16834 rules
01-07 08:14:10.635     0     0 I [    2.074790 / 01-07 08:14:08.551][0] SELinux: Permission transition in class filesystem not defined in policy.
01-07 08:14:10.635   405   412 V vold    : /system/bin/vold_prepare_subdirs
01-07 08:14:10.635     0     0 I [    2.074820 / 01-07 08:14:08.551][0] SELinux: Permission swapon in class file not defined in policy.
01-07 08:14:10.635     0     0 I [    2.074842 / 01-07 08:14:08.551][0] SELinux: Permission swapon in class dir not defined in policy.
01-07 08:14:10.635     0     0 I [    2.074865 / 01-07 08:14:08.551][0] SELinux: Permission swapon in class lnk_file not defined in policy.
01-07 08:14:10.635   405   412 V vold    :     prepare
01-07 08:14:10.635     0     0 I [    2.074881 / 01-07 08:14:08.551][0] SELinux: Permission swapon in class chr_file not defined in policy.
01-07 08:14:10.635   405   412 V vold    :     
01-07 08:14:10.635     0     0 I [    2.074899 / 01-07 08:14:08.551][0] SELinux: Permission swapon in class blk_file not defined in policy.
01-07 08:14:10.635   405   412 V vold    :     0
01-07 08:14:10.635     0     0 I [    2.074918 / 01-07 08:14:08.551][0] SELinux: Permission swapon in class sock_file not defined in policy.
01-07 08:14:10.635   405   412 V vold    :     1
01-07 08:14:10.635     0     0 I [    2.074936 / 01-07 08:14:08.551][0] SELinux: Permission swapon in class fifo_file not defined in policy.
01-07 08:14:10.635     0     0 I [    2.074965 / 01-07 08:14:08.551][0] SELinux: Permission recv_msg in class socket not defined in policy.
01-07 08:14:10.635     0     0 I [    2.074975 / 01-07 08:14:08.551][0] SELinux: Permission send_msg in class socket not defined in policy.
01-07 08:14:10.635     0     0 I [    2.074991 / 01-07 08:14:08.551][0] SELinux: Permission recv_msg in class tcp_socket not defined in policy.
01-07 08:14:10.635     0     0 I [    2.075000 / 01-07 08:14:08.551][0] SELinux: Permission send_msg in class tcp_socket not defined in policy.
01-07 08:14:10.635     0     0 I [    2.075010 / 01-07 08:14:08.551][0] SELinux: Permission connectto in class tcp_socket not defined in policy.
01-07 08:14:10.635     0     0 I [    2.075019 / 01-07 08:14:08.551][0] SELinux: Permission newconn in class tcp_socket not defined in policy.
01-07 08:14:10.635     0     0 I [    2.075027 / 01-07 08:14:08.551][0] SELinux: Permission acceptfrom in class tcp_socket not defined in policy.
01-07 08:14:10.635     0     0 I [    2.075045 / 01-07 08:14:08.551][0] SELinux: Permission recv_msg in class udp_socket not defined in policy.
01-07 08:14:10.635     0     0 I [    2.075054 / 01-07 08:14:08.551][0] SELinux: Permission send_msg in class udp_socket not defined in policy.
01-07 08:14:10.635     0     0 I [    2.075071 / 01-07 08:14:08.551][0] SELinux: Permission recv_msg in class rawip_socket not defined in policy.
01-07 08:14:10.635     0     0 I [    2.075079 / 01-07 08:14:08.551][0] SELinux: Permission send_msg in class rawip_socket not defined in policy.
01-07 08:14:10.635     0     0 I [    2.075092 / 01-07 08:14:08.551][0] SELinux: Permission tcp_recv in class node not defined in policy.
01-07 08:14:10.635     0     0 I [    2.075100 / 01-07 08:14:08.551][0] SELinux: Permission tcp_send in class node not defined in policy.
01-07 08:14:10.635     0     0 I [    2.075108 / 01-07 08:14:08.551][0] SELinux: Permission udp_recv in class node not defined in policy.
01-07 08:14:10.635     0     0 I [    2.075117 / 01-07 08:14:08.551][0] SELinux: Permission udp_send in class node not defined in policy.
01-07 08:14:10.635     0     0 I [    2.075126 / 01-07 08:14:08.551][0] SELinux: Permission rawip_recv in class node not defined in policy.
01-07 08:14:10.635     0     0 I [    2.075134 / 01-07 08:14:08.551][0] SELinux: Permission rawip_send in class node not defined in policy.
01-07 08:14:10.635     0     0 I [    2.075143 / 01-07 08:14:08.551][0] SELinux: Permission enforce_dest in class node not defined in policy.
01-07 08:14:10.635     0     0 I [    2.075152 / 01-07 08:14:08.551][0] SELinux: Permission dccp_recv in class node not defined in policy.
01-07 08:14:10.635     0     0 I [    2.075160 / 01-07 08:14:08.551][0] SELinux: Permission dccp_send in class node not defined in policy.
01-07 08:14:10.635     0     0 I [    2.075172 / 01-07 08:14:08.551][0] SELinux: Permission tcp_recv in class netif not defined in policy.
01-07 08:14:10.635     0     0 I [    2.075181 / 01-07 08:14:08.551][0] SELinux: Permission tcp_send in class netif not defined in policy.
01-07 08:14:10.635     0     0 I [    2.075190 / 01-07 08:14:08.551][0] SELinux: Permission udp_recv in class netif not defined in policy.
01-07 08:14:10.635     0     0 I [    2.075198 / 01-07 08:14:08.551][0] SELinux: Permission udp_send in class netif not defined in policy.
01-07 08:14:10.635     0     0 I [    2.075207 / 01-07 08:14:08.551][0] SELinux: Permission rawip_recv in class netif not defined in policy.
01-07 08:14:10.635     0     0 I [    2.075216 / 01-07 08:14:08.551][0] SELinux: Permission rawip_send in class netif not defined in policy.
01-07 08:14:10.635     0     0 I [    2.075225 / 01-07 08:14:08.551][0] SELinux: Permission dccp_recv in class netif not defined in policy.
01-07 08:14:10.635     0     0 I [    2.075233 / 01-07 08:14:08.551][0] SELinux: Permission dccp_send in class netif not defined in policy.
01-07 08:14:10.635     0     0 I [    2.075250 / 01-07 08:14:08.551][0] SELinux: Permission recv_msg in class netlink_socket not defined in policy.
01-07 08:14:10.635     0     0 I [    2.075258 / 01-07 08:14:08.551][0] SELinux: Permission send_msg in class netlink_socket not defined in policy.
01-07 08:14:10.635     0     0 I [    2.075275 / 01-07 08:14:08.551][0] SELinux: Permission recv_msg in class packet_socket not defined in policy.
01-07 08:14:10.635     0     0 I [    2.075284 / 01-07 08:14:08.551][0] SELinux: Permission send_msg in class packet_socket not defined in policy.
01-07 08:14:10.635     0     0 I [    2.075299 / 01-07 08:14:08.551][0] SELinux: Permission recv_msg in class key_socket not defined in policy.
01-07 08:14:10.635     0     0 I [    2.075307 / 01-07 08:14:08.551][0] SELinux: Permission send_msg in class key_socket not defined in policy.
01-07 08:14:10.635     0     0 I [    2.075324 / 01-07 08:14:08.551][0] SELinux: Permission recv_msg in class unix_stream_socket not defined in policy.
01-07 08:14:10.635     0     0 I [    2.075333 / 01-07 08:14:08.551][0] SELinux: Permission send_msg in class unix_stream_socket not defined in policy.
01-07 08:14:10.635     0     0 I [    2.075344 / 01-07 08:14:08.551][0] SELinux: Permission newconn in class unix_stream_socket not defined in policy.
01-07 08:14:10.635     0     0 I [    2.075353 / 01-07 08:14:08.551][0] SELinux: Permission acceptfrom in class unix_stream_socket not defined in policy.
01-07 08:14:10.635     0     0 I [    2.075368 / 01-07 08:14:08.551][0] SELinux: Permission recv_msg in class unix_dgram_socket not defined in policy.
01-07 08:14:10.635     0     0 I [    2.075377 / 01-07 08:14:08.551][0] SELinux: Permission send_msg in class unix_dgram_socket not defined in policy.
01-07 08:14:10.635     0     0 I [    2.075416 / 01-07 08:14:08.551][0] SELinux: Permission recv_msg in class netlink_route_socket not defined in policy.
01-07 08:14:10.635     0     0 I [    2.075424 / 01-07 08:14:08.551][0] SELinux: Permission send_msg in class netlink_route_socket not defined in policy.
01-07 08:14:10.635     0     0 I [    2.075435 / 01-07 08:14:08.551][0] SELinux: Class netlink_firewall_socket not defined in policy.
01-07 08:14:10.635     0     0 I [    2.075451 / 01-07 08:14:08.551][0] SELinux: Permission recv_msg in class netlink_tcpdiag_socket not defined in policy.
01-07 08:14:10.636     0     0 I [    2.075459 / 01-07 08:14:08.551][0] SELinux: Permission send_msg in class netlink_tcpdiag_socket not defined in policy.
01-07 08:14:10.636     0     0 I [    2.075477 / 01-07 08:14:08.551][0] SELinux: Permission recv_msg in class netlink_nflog_socket not defined in policy.
01-07 08:14:10.636     0     0 I [    2.075485 / 01-07 08:14:08.551][0] SELinux: Permission send_msg in class netlink_nflog_socket not defined in policy.
01-07 08:14:10.636     0     0 I [    2.075501 / 01-07 08:14:08.551][0] SELinux: Permission recv_msg in class netlink_xfrm_socket not defined in policy.
01-07 08:14:10.636     0     0 I [    2.075509 / 01-07 08:14:08.551][0] SELinux: Permission send_msg in class netlink_xfrm_socket not defined in policy.
01-07 08:14:10.636     0     0 I [    2.075528 / 01-07 08:14:08.551][0] SELinux: Permission recv_msg in class netlink_selinux_socket not defined in policy.
01-07 08:14:10.636     0     0 I [    2.075536 / 01-07 08:14:08.551][0] SELinux: Permission send_msg in class netlink_selinux_socket not defined in policy.
01-07 08:14:10.636     0     0 I [    2.075552 / 01-07 08:14:08.551][0] SELinux: Permission recv_msg in class netlink_audit_socket not defined in policy.
01-07 08:14:10.636     0     0 I [    2.075561 / 01-07 08:14:08.551][0] SELinux: Permission send_msg in class netlink_audit_socket not defined in policy.
01-07 08:14:10.636     0     0 I [    2.075576 / 01-07 08:14:08.551][0] SELinux: Class netlink_ip6fw_socket not defined in policy.
01-07 08:14:10.636     0     0 I [    2.075592 / 01-07 08:14:08.551][0] SELinux: Permission recv_msg in class netlink_dnrt_socket not defined in policy.
01-07 08:14:10.636     0     0 I [    2.075600 / 01-07 08:14:08.551][0] SELinux: Permission send_msg in class netlink_dnrt_socket not defined in policy.
01-07 08:14:10.636     0     0 I [    2.075620 / 01-07 08:14:08.551][0] SELinux: Permission recv_msg in class netlink_kobject_uevent_socket not defined in policy.
01-07 08:14:10.636     0     0 I [    2.075629 / 01-07 08:14:08.551][0] SELinux: Permission send_msg in class netlink_kobject_uevent_socket not defined in policy.
01-07 08:14:10.636     0     0 I [    2.075646 / 01-07 08:14:08.551][0] SELinux: Permission recv_msg in class appletalk_socket not defined in policy.
01-07 08:14:10.636     0     0 I [    2.075654 / 01-07 08:14:08.551][0] SELinux: Permission send_msg in class appletalk_socket not defined in policy.
01-07 08:14:10.636     0     0 I [    2.075680 / 01-07 08:14:08.551][0] SELinux: Permission recv_msg in class dccp_socket not defined in policy.
01-07 08:14:10.636     0     0 I [    2.075688 / 01-07 08:14:08.551][0] SELinux: Permission send_msg in class dccp_socket not defined in policy.
01-07 08:14:10.636     0     0 I [    2.075717 / 01-07 08:14:08.551][0] SELinux: Permission recv_msg in class tun_socket not defined in policy.
01-07 08:14:10.636     0     0 I [    2.075726 / 01-07 08:14:08.551][0] SELinux: Permission send_msg in class tun_socket not defined in policy.
01-07 08:14:10.636     0     0 I [    2.075740 / 01-07 08:14:08.551][0] SELinux: the above unknown classes and permissions will be denied
01-07 08:14:10.636     0     0 D [    2.075853 / 01-07 08:14:08.555][0] SELinux: Completing initialization.
01-07 08:14:10.636     0     0 D [    2.075866 / 01-07 08:14:08.555][0] SELinux: Setting up existing superblocks.
01-07 08:14:10.636     0     0 D [    2.075900 / 01-07 08:14:08.555][0] SELinux: initialized (dev sysfs, type sysfs), uses genfs_contexts
01-07 08:14:10.636     0     0 D [    2.075929 / 01-07 08:14:08.555][0] SELinux: initialized (dev rootfs, type rootfs), uses genfs_contexts
01-07 08:14:10.636     0     0 D [    2.076011 / 01-07 08:14:08.555][0] SELinux: initialized (dev bdev, type bdev), not configured for labeling
01-07 08:14:10.636     0     0 D [    2.076047 / 01-07 08:14:08.555][0] SELinux: initialized (dev proc, type proc), uses genfs_contexts
01-07 08:14:10.636     0     0 D [    2.076072 / 01-07 08:14:08.555][0] SELinux: initialized (dev tmpfs, type tmpfs), uses transition SIDs
01-07 08:14:10.636     0     0 D [    2.076113 / 01-07 08:14:08.555][0] SELinux: initialized (dev debugfs, type debugfs), uses genfs_contexts
01-07 08:14:10.636     0     0 E         : [    2.135831 / 01-07 08:14:08.615][1] ipa ipa_uc_state_check:246 uC is not loaded
01-07 08:14:10.637     0     0 D [    2.142132 / 01-07 08:14:08.619][0] SELinux: initialized (dev sockfs, type sockfs), uses task SIDs
01-07 08:14:10.637     0     0 D [    2.142154 / 01-07 08:14:08.619][0] SELinux: initialized (dev pipefs, type pipefs), uses task SIDs
01-07 08:14:10.637     0     0 D [    2.142169 / 01-07 08:14:08.619][0] SELinux: initialized (dev anon_inodefs, type anon_inodefs), not configured for labeling
01-07 08:14:10.637     0     0 D [    2.142186 / 01-07 08:14:08.619][0] SELinux: initialized (dev devpts, type devpts), uses transition SIDs
01-07 08:14:10.637     0     0 D [    2.142215 / 01-07 08:14:08.619][0] SELinux: initialized (dev configfs, type configfs), uses genfs_contexts
01-07 08:14:10.637     0     0 D [    2.142236 / 01-07 08:14:08.619][0] SELinux: initialized (dev selinuxfs, type selinuxfs), uses genfs_contexts
01-07 08:14:10.637     0     0 D [    2.142299 / 01-07 08:14:08.619][0] SELinux: initialized (dev tmpfs, type tmpfs), uses transition SIDs
01-07 08:14:10.637     0     0 D [    2.142348 / 01-07 08:14:08.619][0] SELinux: initialized (dev sysfs, type sysfs), uses genfs_contexts
01-07 08:14:10.637     0     0 D [    2.142375 / 01-07 08:14:08.619][0] SELinux: initialized (dev tmpfs, type tmpfs), uses transition SIDs
01-07 08:14:10.637     0     0 I [    2.178077 / 01-07 08:14:08.655][1] selinux: SELinux: Loaded policy from /sepolicy
01-07 08:14:10.637     0     0 I         : [    2.178077 / 01-07 08:14:08.655][1]
01-07 08:14:10.637     0     0 I [    2.180960 / 01-07 08:14:08.659][1] selinux: SELinux: Loaded file_contexts
01-07 08:14:10.637     0     0 I         : [    2.180960 / 01-07 08:14:08.659][1]
01-07 08:14:10.637     0     0 I [    2.184571 / 01-07 08:14:08.663][1] init: init second stage started!
01-07 08:14:10.637     0     0 I [    2.193360 / 01-07 08:14:08.671][1] init: Using Android DT directory /proc/device-tree/firmware/android/
01-07 08:14:10.637     0     0 I [    2.196500 / 01-07 08:14:08.675][1] selinux: SELinux: Loaded file_contexts
01-07 08:14:10.637     0     0 I         : [    2.196500 / 01-07 08:14:08.675][1]
01-07 08:14:10.637     0     0 I [    2.196544 / 01-07 08:14:08.675][1] init: Running restorecon...
01-07 08:14:10.637     0     0 E [    2.200162 / 01-07 08:14:08.679][1] selinux: SELinux:  Could not stat /dev/block: No such file or directory.
01-07 08:14:10.637     0     0 E         : [    2.200162 / 01-07 08:14:08.679][1]
01-07 08:14:10.637     0     0 E [    2.200357 / 01-07 08:14:08.679][1] init: waitid failed: No child processes
01-07 08:14:10.637     0     0 W [    2.200433 / 01-07 08:14:08.679][1] init: Couldn't load property file '/system/etc/prop.default': open() failed: No such file or directory: No such file or directory
01-07 08:14:10.637     0     0 W [    2.200471 / 01-07 08:14:08.679][1] init: Couldn't load property file '/prop.default': open() failed: No such file or directory: No such file or directory
01-07 08:14:10.637     0     0 W [    2.201745 / 01-07 08:14:08.679][1] init: Couldn't load property file '/product/build.prop': open() failed: No such file or directory: No such file or directory
01-07 08:14:10.637     0     0 W [    2.201781 / 01-07 08:14:08.679][1] init: Couldn't load property file '/odm/default.prop': open() failed: No such file or directory: No such file or directory
01-07 08:14:10.637     0     0 W [    2.201816 / 01-07 08:14:08.679][1] init: Couldn't load property file '/vendor/default.prop': open() failed: No such file or directory: No such file or directory
01-07 08:14:10.637     0     0 I [    2.202240 / 01-07 08:14:08.679][1] init: Created socket '/dev/socket/property_service', mode 666, user 0, group 0
01-07 08:14:10.637     0     0 I [    2.202870 / 01-07 08:14:08.679][1] init: Forked subcontext for 'u:r:vendor_init:s0' with pid 343
01-07 08:14:10.637     0     0 I [    2.203385 / 01-07 08:14:08.679][1] init: Forked subcontext for 'u:r:vendor_init:s0' with pid 344
01-07 08:14:10.637     0     0 I [    2.203491 / 01-07 08:14:08.679][1] init: Parsing file /init.rc...
01-07 08:14:10.637     0     0 I [    2.203914 / 01-07 08:14:08.683][1] init: Added '/init.environ.rc' to import list
01-07 08:14:10.637     0     0 I [    2.203947 / 01-07 08:14:08.683][1] init: Added '/init.usb.rc' to import list
01-07 08:14:10.637     0     0 I [    2.203980 / 01-07 08:14:08.683][1] init: Added '/init.qcom.rc' to import list
01-07 08:14:10.637     0     0 I [    2.204009 / 01-07 08:14:08.683][1] init: Added '/vendor/etc/init/hw/init.qcom.rc' to import list
01-07 08:14:10.637     0     0 I [    2.204027 / 01-07 08:14:08.683][1] init: Added '/init.usb.configfs.rc' to import list
01-07 08:14:10.637     0     0 I [    2.204050 / 01-07 08:14:08.683][1] init: Added '/init.zygote64_32.rc' to import list
01-07 08:14:10.637     0     0 I [    2.205530 / 01-07 08:14:08.683][1] init: Parsing file /init.environ.rc...
01-07 08:14:10.637     0     0 I [    2.205659 / 01-07 08:14:08.683][1] init: Parsing file /init.usb.rc...
01-07 08:14:10.637     0     0 I [    2.206078 / 01-07 08:14:08.683][1] init: Parsing file /init.qcom.rc...
01-07 08:14:10.637     0     0 I [    2.206527 / 01-07 08:14:08.683][1] init: Added 'init.qcom.usb.rc' to import list
01-07 08:14:10.637     0     0 I [    2.206550 / 01-07 08:14:08.683][1] init: Added 'init.qcom.power.rc' to import list
01-07 08:14:10.637     0     0 I [    2.206567 / 01-07 08:14:08.683][1] init: Added 'init.device.rc' to import list
01-07 08:14:10.637     0     0 E [    2.206753 / 01-07 08:14:08.683][1] init: /init.qcom.rc: 127: Invalid keyword 'chcon'
01-07 08:14:10.637     0     0 E [    2.206778 / 01-07 08:14:08.683][1] init: /init.qcom.rc: 128: Invalid keyword 'chcon'
01-07 08:14:10.637     0     0 I [    2.210278 / 01-07 08:14:08.687][1] init: Parsing file init.qcom.usb.rc...
01-07 08:14:10.637     0     0 I [    2.210719 / 01-07 08:14:08.687][1] init: Parsing file init.qcom.power.rc...
01-07 08:14:10.637     0     0 I [    2.210863 / 01-07 08:14:08.687][1] init: Parsing file init.device.rc...
01-07 08:14:10.637     0     0 I [    2.210928 / 01-07 08:14:08.687][1] init: Parsing file /vendor/etc/init/hw/init.qcom.rc...
01-07 08:14:10.637     0     0 E [    2.210969 / 01-07 08:14:08.687][1] init: Unable to read config file '/vendor/etc/init/hw/init.qcom.rc': open() failed: No such file or directory
01-07 08:14:10.637     0     0 E [    2.210999 / 01-07 08:14:08.687][1] init: /init.rc: 10: Could not import file '/vendor/etc/init/hw/init.qcom.rc': No such file or directory
01-07 08:14:10.637     0     0 I [    2.211021 / 01-07 08:14:08.687][1] init: Parsing file /init.usb.configfs.rc...
01-07 08:14:10.637     0     0 I [    2.211648 / 01-07 08:14:08.687][1] init: Parsing file /init.zygote64_32.rc...
01-07 08:14:10.638     0     0 I [    2.211874 / 01-07 08:14:08.691][1] init: Parsing file /system/etc/init...
01-07 08:14:10.638     0     0 E [    2.211904 / 01-07 08:14:08.691][1] init: Unable to read config file '/system/etc/init': open() failed: No such file or directory
01-07 08:14:10.638     0     0 I [    2.211937 / 01-07 08:14:08.691][1] init: Parsing file /product/etc/init...
01-07 08:14:10.638     0     0 E [    2.211967 / 01-07 08:14:08.691][1] init: Unable to read config file '/product/etc/init': open() failed: No such file or directory
01-07 08:14:10.638     0     0 I [    2.212000 / 01-07 08:14:08.691][1] init: Parsing file /odm/etc/init...
01-07 08:14:10.638     0     0 E [    2.212032 / 01-07 08:14:08.691][1] init: Unable to read config file '/odm/etc/init': open() failed: No such file or directory
01-07 08:14:10.638     0     0 I [    2.212059 / 01-07 08:14:08.691][1] init: Parsing file /vendor/etc/init...
01-07 08:14:10.638     0     0 E [    2.212089 / 01-07 08:14:08.691][1] init: Unable to read config file '/vendor/etc/init': open() failed: No such file or directory
01-07 08:14:10.638     0     0 I [    2.212195 / 01-07 08:14:08.691][1] init: processing action (early-init) from (/init.rc:14)
01-07 08:14:10.638     0     0 D [    2.213534 / 01-07 08:14:08.691][1] SELinux: initialized (dev cgroup, type cgroup), uses genfs_contexts
01-07 08:14:10.638     0     0 I [    2.214743 / 01-07 08:14:08.691][1] init: starting service 'ueventd'...
01-07 08:14:10.638     0     0 I [    2.215707 / 01-07 08:14:08.691][1] init: processing action (early-init) from (/init.qcom.rc:32)
01-07 08:14:10.638     0     0 D [    2.217618 / 01-07 08:14:08.695][1] SELinux: initialized (dev pstore, type pstore), uses genfs_contexts
01-07 08:14:10.638     0     0 I [    2.218688 / 01-07 08:14:08.695][0] ueventd: ueventd started!
01-07 08:14:10.638     0     0 I [    2.218760 / 01-07 08:14:08.695][1] init: processing action (wait_for_coldboot_done) from (<Builtin Action>:0)
01-07 08:14:10.638     0     0 I [    2.220855 / 01-07 08:14:08.699][0] selinux: SELinux: Loaded file_contexts
01-07 08:14:10.638     0     0 I         : [    2.220855 / 01-07 08:14:08.699][0]
01-07 08:14:10.638     0     0 I [    2.220952 / 01-07 08:14:08.699][0] ueventd: Parsing file /ueventd.rc...
01-07 08:14:10.638     0     0 I [    2.221625 / 01-07 08:14:08.699][0] ueventd: Parsing file /vendor/ueventd.rc...
01-07 08:14:10.638     0     0 E [    2.221663 / 01-07 08:14:08.699][0] ueventd: Unable to read config file '/vendor/ueventd.rc': open() failed: No such file or directory
01-07 08:14:10.638     0     0 I [    2.221689 / 01-07 08:14:08.699][0] ueventd: Parsing file /odm/ueventd.rc...
01-07 08:14:10.638     0     0 E [    2.221718 / 01-07 08:14:08.699][0] ueventd: Unable to read config file '/odm/ueventd.rc': open() failed: No such file or directory
01-07 08:14:10.638     0     0 I [    2.221810 / 01-07 08:14:08.699][0] ueventd: Parsing file /ueventd.qcom.rc...
01-07 08:14:10.638     0     0 I [    2.223364 / 01-07 08:14:08.699][0] ueventd: [libfs_mgr]fs_mgr_read_fstab_dt(): failed to read fstab from dt
01-07 08:14:10.638     0     0 I         : [    2.246683 / 01-07 08:14:08.723][0] [CC] changed battery_status_charger = (0) -> (1)
01-07 08:14:10.638     0     0 E         : [    2.246698 / 01-07 08:14:08.723][0]
01-07 08:14:10.638     0     0 E [    2.246698 / 01-07 08:14:08.723][0] get_prop_fuelgauge_capacity: fg_psy == NULL
01-07 08:14:10.638     0     0 I         : [    2.246761 / 01-07 08:14:08.723][0] [CC] charge_type = 3
01-07 08:14:10.638     0     0 I         : [    2.373490 / 01-07 08:14:08.851][1] [Touch-RMI] rmi_char_devnode:
01-07 08:14:10.638     0     0 I [    2.450270 / 01-07 08:14:08.927][1] ueventd: Coldboot took 0.226 seconds
01-07 08:14:10.638     0     0 I [    2.451547 / 01-07 08:14:08.927][1] init: wait for '/dev/.coldboot_done' took 232ms
01-07 08:14:10.638     0     0 I [    2.451656 / 01-07 08:14:08.927][1] init: Command 'wait_for_coldboot_done' action=wait_for_coldboot_done (<Builtin Action>:0) took 232ms and succeeded
01-07 08:14:10.638     0     0 I [    2.451715 / 01-07 08:14:08.927][1] init: processing action (MixHwrngIntoLinuxRng) from (<Builtin Action>:0)
01-07 08:14:10.638     0     0 I [    2.453673 / 01-07 08:14:08.931][1] init: Mixed 512 bytes from /dev/hw_random into /dev/urandom
01-07 08:14:10.638     0     0 I [    2.453723 / 01-07 08:14:08.931][1] init: processing action (SetMmapRndBits) from (<Builtin Action>:0)
01-07 08:14:10.638     0     0 I [    2.454331 / 01-07 08:14:08.931][1] init: processing action (SetKptrRestrict) from (<Builtin Action>:0)
01-07 08:14:10.638     0     0 I [    2.454525 / 01-07 08:14:08.931][1] init: processing action (keychord_init) from (<Builtin Action>:0)
01-07 08:14:10.638     0     0 I [    2.454575 / 01-07 08:14:08.931][1] init: processing action (console_init) from (<Builtin Action>:0)
01-07 08:14:10.638     0     0 I [    2.454627 / 01-07 08:14:08.931][1] init: processing action (init) from (/init.rc:41)
01-07 08:14:10.639     0     0 D [    2.465120 / 01-07 08:14:08.943][1] SELinux: initialized (dev cgroup, type cgroup), uses genfs_contexts
01-07 08:14:10.639     0     0 D [    2.466115 / 01-07 08:14:08.943][1] SELinux: initialized (dev cgroup, type cgroup), uses genfs_contexts
01-07 08:14:10.639     0     0 I [    2.471972 / 01-07 08:14:08.951][1] init: Command 'mount cgroup2 cg2_bpf /dev/cg2_bpf nodev noexec nosuid' action=init (/init.rc:225) took 0ms and failed: mount() failed: No such device
01-07 08:14:10.639     0     0 I [    2.473467 / 01-07 08:14:08.951][1] init: processing action (init) from (/init.environ.rc:2)
01-07 08:14:10.639     0     0 I [    2.473571 / 01-07 08:14:08.951][1] init: processing action (init) from (/init.qcom.rc:79)
01-07 08:14:10.639     0     0 W [    2.474558 / 01-07 08:14:08.951][1] LED: BLUE, COLOR : 200
01-07 08:14:10.639     0     0 I [    2.477389 / 01-07 08:14:08.955][1] init: processing action (init) from (init.qcom.usb.rc:15)
01-07 08:14:10.639     0     0 I [    2.477964 / 01-07 08:14:08.955][1] init: processing action (MixHwrngIntoLinuxRng) from (<Builtin Action>:0)
01-07 08:14:10.639     0     0 I [    2.479900 / 01-07 08:14:08.959][1] init: Mixed 512 bytes from /dev/hw_random into /dev/urandom
01-07 08:14:10.639     0     0 I [    2.479999 / 01-07 08:14:08.959][1] init: processing action (late-init) from (/init.rc:278)
01-07 08:14:10.639     0     0 I [    2.480073 / 01-07 08:14:08.959][1] init: processing action (queue_property_triggers) from (<Builtin Action>:0)
01-07 08:14:10.639     0     0 I [    2.480120 / 01-07 08:14:08.959][1] init: processing action (early-fs) from (/init.qcom.rc:52)
01-07 08:14:10.639     0     0 I [    2.626976 / 01-07 08:14:09.103][1] init: [libfs_mgr]superblock s_max_mnt_count:65535,/dev/block/bootdevice/by-name/system
01-07 08:14:10.639     0     0 I [    2.627091 / 01-07 08:14:09.103][1] init: [libfs_mgr]Filesystem on /dev/block/bootdevice/by-name/system was not cleanly shutdown; state flags: 0x0, incompat feature flags: 0x242
01-07 08:14:10.639     0     0 W         : [    2.627534 / 01-07 08:14:09.103][1] EXT4-fs (mmcblk0p47): Ignoring removed nomblk_io_submit option
01-07 08:14:10.639     0     0 W         : [    2.629546 / 01-07 08:14:09.107][1] EXT4-fs (mmcblk0p47): warning: mounting unchecked fs, running e2fsck is recommended
01-07 08:14:10.639     0     0 I         : [    2.630034 / 01-07 08:14:09.107][1] EXT4-fs (mmcblk0p47): mounted filesystem without journal. Opts: errors=remount-ro,nomblk_io_submit
01-07 08:14:10.639     0     0 D [    2.630060 / 01-07 08:14:09.107][1] SELinux: initialized (dev mmcblk0p47, type ext4), uses xattr
01-07 08:14:10.639     0     0 I [    2.630201 / 01-07 08:14:09.107][1] init: [libfs_mgr]check_fs(): mount(/dev/block/bootdevice/by-name/system,/system,ext4)=0: Success
01-07 08:14:10.639     0     0 I [    2.630792 / 01-07 08:14:09.107][1] init: [libfs_mgr]check_fs(): unmount(/system) succeeded
01-07 08:14:10.639     0     0 I [    2.630836 / 01-07 08:14:09.107][1] init: [libfs_mgr]Not running /system/bin/e2fsck on /dev/block/bootdevice/by-name/system (executable not in system image)
01-07 08:14:10.639     0     0 I         : [    2.633110 / 01-07 08:14:09.111][1] EXT4-fs (mmcblk0p47): mounted filesystem without journal. Opts: barrier=1,user_xattr,discard
01-07 08:14:10.639     0     0 D [    2.633134 / 01-07 08:14:09.111][1] SELinux: initialized (dev mmcblk0p47, type ext4), uses xattr
01-07 08:14:10.639     0     0 I [    2.633246 / 01-07 08:14:09.111][1] init: [libfs_mgr]__mount(source=/dev/block/bootdevice/by-name/system,target=/system,type=ext4)=0: Success
01-07 08:14:10.639     0     0 I [    2.633540 / 01-07 08:14:09.111][1] init: [libfs_mgr]Running /system/bin/fsck.f2fs -a /dev/block/bootdevice/by-name/userdata
01-07 08:14:10.640     0     0 I [    2.704920 / 01-07 08:14:09.183][1] fsck.f2fs: Info: Fix the reported corruption.
01-07 08:14:10.640     0     0 I         : [    2.704920 / 01-07 08:14:09.183][1]
01-07 08:14:10.640     0     0 I [    2.704959 / 01-07 08:14:09.183][1] fsck.f2fs: Info: No support kernel version!
01-07 08:14:10.640     0     0 I         : [    2.704959 / 01-07 08:14:09.183][1]
01-07 08:14:10.640     0     0 I [    2.704977 / 01-07 08:14:09.183][1] fsck.f2fs: Info: Segments per section = 1
01-07 08:14:10.641     0     0 I         : [    2.704977 / 01-07 08:14:09.183][1]
01-07 08:14:10.641     0     0 I [    2.704994 / 01-07 08:14:09.183][1] fsck.f2fs: Info: Sections per zone = 1
01-07 08:14:10.641     0     0 I         : [    2.704994 / 01-07 08:14:09.183][1]
01-07 08:14:10.641     0     0 I [    2.705011 / 01-07 08:14:09.183][1] fsck.f2fs: Info: sector size = 512
01-07 08:14:10.641     0     0 I         : [    2.705011 / 01-07 08:14:09.183][1]
01-07 08:14:10.641     0     0 I [    2.705028 / 01-07 08:14:09.183][1] fsck.f2fs: Info: total sectors = 48627712 (23744 MB)
01-07 08:14:10.641     0     0 I         : [    2.705028 / 01-07 08:14:09.183][1]
01-07 08:14:10.641     0     0 I [    2.705045 / 01-07 08:14:09.183][1] fsck.f2fs: Can't find a valid F2FS superblock at 0x0
01-07 08:14:10.641     0     0 I         : [    2.705045 / 01-07 08:14:09.183][1]
01-07 08:14:10.641     0     0 I [    2.705062 / 01-07 08:14:09.183][1] fsck.f2fs: Can't find a valid F2FS superblock at 0x1
01-07 08:14:10.641     0     0 I         : [    2.705062 / 01-07 08:14:09.183][1]
01-07 08:14:10.641     0     0 I [    2.705082 / 01-07 08:14:09.183][1] fsck.f2fs: fsck.f2fs terminated by exit(255)
01-07 08:14:10.641     0     0 I         : [    2.705082 / 01-07 08:14:09.183][1]
01-07 08:14:10.641     0     0 I         : [    2.705620 / 01-07 08:14:09.183][1] F2FS-fs (mmcblk0p50): Magic Mismatch, valid(0xf2f52010) - read(0x173460)
01-07 08:14:10.641     0     0 E         : [    2.705632 / 01-07 08:14:09.183][1] F2FS-fs (mmcblk0p50): Can't find valid F2FS filesystem in 1th superblock
01-07 08:14:10.641     0     0 I         : [    2.705809 / 01-07 08:14:09.183][1] F2FS-fs (mmcblk0p50): Magic Mismatch, valid(0xf2f52010) - read(0x100000)
01-07 08:14:10.641     0     0 E         : [    2.705821 / 01-07 08:14:09.183][1] F2FS-fs (mmcblk0p50): Can't find valid F2FS filesystem in 2th superblock
01-07 08:14:10.641     0     0 I         : [    2.705840 / 01-07 08:14:09.183][1] F2FS-fs (mmcblk0p50): Magic Mismatch, valid(0xf2f52010) - read(0x173460)
01-07 08:14:10.641     0     0 E         : [    2.705849 / 01-07 08:14:09.183][1] F2FS-fs (mmcblk0p50): Can't find valid F2FS filesystem in 1th superblock
01-07 08:14:10.641     0     0 I         : [    2.705859 / 01-07 08:14:09.183][1] F2FS-fs (mmcblk0p50): Magic Mismatch, valid(0xf2f52010) - read(0x100000)
01-07 08:14:10.641     0     0 E         : [    2.705868 / 01-07 08:14:09.183][1] F2FS-fs (mmcblk0p50): Can't find valid F2FS filesystem in 2th superblock
01-07 08:14:10.641     0     0 I [    2.705979 / 01-07 08:14:09.183][1] init: [libfs_mgr]__mount(source=/dev/block/bootdevice/by-name/userdata,target=/data,type=f2fs)=-1: Invalid argument
01-07 08:14:10.641     0     0 I [    2.706003 / 01-07 08:14:09.183][1] init: [libfs_mgr]Running /system/bin/fsck.f2fs -a /dev/block/bootdevice/by-name/userdata
01-07 08:14:10.641     0     0 I [    2.719402 / 01-07 08:14:09.195][2] fsck.f2fs: Info: Fix the reported corruption.
01-07 08:14:10.641     0     0 I         : [    2.719402 / 01-07 08:14:09.195][2]
01-07 08:14:10.641     0     0 I [    2.719445 / 01-07 08:14:09.195][2] fsck.f2fs: Info: No support kernel version!
01-07 08:14:10.641     0     0 I         : [    2.719445 / 01-07 08:14:09.195][2]
01-07 08:14:10.641     0     0 I [    2.719463 / 01-07 08:14:09.195][2] fsck.f2fs: Info: Segments per section = 1
01-07 08:14:10.641     0     0 I         : [    2.719463 / 01-07 08:14:09.195][2]
01-07 08:14:10.641     0     0 I [    2.719480 / 01-07 08:14:09.195][2] fsck.f2fs: Info: Sections per zone = 1
01-07 08:14:10.641     0     0 I         : [    2.719480 / 01-07 08:14:09.195][2]
01-07 08:14:10.641     0     0 I [    2.719496 / 01-07 08:14:09.195][2] fsck.f2fs: Info: sector size = 512
01-07 08:14:10.641     0     0 I         : [    2.719496 / 01-07 08:14:09.195][2]
01-07 08:14:10.641     0     0 I [    2.719512 / 01-07 08:14:09.195][2] fsck.f2fs: Info: total sectors = 48627712 (23744 MB)
01-07 08:14:10.641     0     0 I         : [    2.719512 / 01-07 08:14:09.195][2]
01-07 08:14:10.641     0     0 I [    2.719529 / 01-07 08:14:09.195][2] fsck.f2fs: Can't find a valid F2FS superblock at 0x0
01-07 08:14:10.641     0     0 I         : [    2.719529 / 01-07 08:14:09.195][2]
01-07 08:14:10.641     0     0 I [    2.719545 / 01-07 08:14:09.195][2] fsck.f2fs: Can't find a valid F2FS superblock at 0x1
01-07 08:14:10.641     0     0 I         : [    2.719545 / 01-07 08:14:09.195][2]
01-07 08:14:10.641     0     0 I [    2.719566 / 01-07 08:14:09.195][2] fsck.f2fs: fsck.f2fs terminated by exit(255)
01-07 08:14:10.641     0     0 I         : [    2.719566 / 01-07 08:14:09.195][2]
01-07 08:14:10.641     0     0 I         : [    2.720228 / 01-07 08:14:09.199][2] F2FS-fs (mmcblk0p50): Magic Mismatch, valid(0xf2f52010) - read(0x173460)
