01-07 07:22:39.653   473   473 W qdcopybit: open_copybit i = 15 surface_id=-1026555887
01-07 07:22:39.653   473   473 W qdcopybit: open_copybit i = 16 surface_id=-1026555886
01-07 07:22:39.653   473   473 W qdcopybit: open_copybit i = 17 surface_id=-1026555885
01-07 07:22:39.653   473   473 W qdcopybit: open_copybit i = 18 surface_id=-1026555884
01-07 07:22:39.653   473   473 W qdcopybit: open_copybit i = 19 surface_id=-1026555883
01-07 07:22:39.653   473   473 W qdcopybit: open_copybit i = 20 surface_id=-1026555882
01-07 07:22:39.653   473   473 W qdcopybit: open_copybit i = 21 surface_id=-1026555881
01-07 07:22:39.653   473   473 W qdcopybit: open_copybit i = 22 surface_id=-1026555880
01-07 07:22:39.653   473   473 W qdcopybit: open_copybit i = 23 surface_id=-1026555879
01-07 07:22:39.653   473   473 W qdcopybit: open_copybit i = 24 surface_id=-1026555878
01-07 07:22:39.653   473   473 W qdcopybit: open_copybit i = 25 surface_id=-1026555877
01-07 07:22:39.653   473   473 W qdcopybit: open_copybit i = 26 surface_id=-1026555876
01-07 07:22:39.653   473   473 W qdcopybit: open_copybit i = 27 surface_id=-1026555875
01-07 07:22:39.653   473   473 W qdcopybit: open_copybit i = 28 surface_id=-1026555874
01-07 07:22:39.653   473   473 W qdcopybit: open_copybit i = 29 surface_id=-1026555873
01-07 07:22:39.653   473   473 W qdcopybit: open_copybit i = 30 surface_id=-1026555872
01-07 07:22:39.653   473   473 W qdcopybit: open_copybit i = 31 surface_id=-1026555871
01-07 07:22:39.653   473   473 W qdcopybit: open_copybit: 2 Plane YUV i=0 surface_id=-1026555869
01-07 07:22:39.653   473   473 W qdcopybit: open_copybit: 2 Plane YUV i=1 surface_id=-1026555868
01-07 07:22:39.653   473   473 W qdcopybit: open_copybit: 2 Plane YUV i=2 surface_id=-1026555867
01-07 07:22:39.653   473   473 W qdcopybit: open_copybit: 2 Plane YUV i=3 surface_id=-1026555866
01-07 07:22:39.653   473   473 W qdcopybit: open_copybit: 3 Plane YUV i=0 surface_id=-1026555864
01-07 07:22:39.658     0     0 E         : [    6.152103 / 01-07 07:22:39.651][0] [Touch E] [synaptics_ts_get_data 6726] synaptics_ts_get_data, 6726 : ts->is_init == 0, IGNORE_EVENT!!, s:
01-07 07:22:39.666     0     0 E         : [    6.159853 / 01-07 07:22:39.659][0] [Touch E] [synaptics_ts_get_data 6726] synaptics_ts_get_data, 6726 : ts->is_init == 0, IGNORE_EVENT!!, s:
01-07 07:22:39.726     0     0 E         : [    6.219036 / 01-07 07:22:39.719][0] [Touch] touch_ic_init : value = 0, panel_id = 0
01-07 07:22:39.726     0     0 E         : [    6.219056 / 01-07 07:22:39.719][0] [Touch] [synaptics_ts_init] DEVICE_CONTROL_NORMAL_OP
01-07 07:22:39.726     0     0 I         : [    6.221030 / 01-07 07:22:39.719][0] [Touch] set_rebase_param : Set for Normal
01-07 07:22:39.726     0     0 E         : [    6.221665 / 01-07 07:22:39.719][0] [Touch] palm_ctrl_mode:0
01-07 07:22:39.726     0     0 I         : [    6.221840 / 01-07 07:22:39.719][0] [Touch] Sensor Status: 1
01-07 07:22:39.726     0     0 I         : [    6.221848 / 01-07 07:22:39.719][0] [Touch] lpwg_is_enabled: 0
01-07 07:22:39.726     0     0 E [    6.221860 / 01-07 07:22:39.719][0] lcd_notifier_callback: TOUCH_EVENT_PROXY_STATUS received : PROXY_NEAR
01-07 07:22:39.726     0     0 I         : [    6.221871 / 01-07 07:22:39.719][0] [Touch] [lpwg_update_all] LPWG Disable !
01-07 07:22:39.726     0     0 E         : [    6.221881 / 01-07 07:22:39.719][0] [Touch] synaptics_toggle_swipe: [S/Q/P/L] = [1/0/1/0]
01-07 07:22:39.726     0     0 E         : [    6.221890 / 01-07 07:22:39.719][0] [Touch] swipe_down_disable: (swipe_mode:0x01)
01-07 07:22:39.726     0     0 E         : [    6.222459 / 01-07 07:22:39.719][0] [Touch] swipe_up_disable: (swipe_mode:0x01)
01-07 07:22:39.730     0     0 E         : [    6.225139 / 01-07 07:22:39.723][0] [Touch] lpwg_control : lpwg_mode[0]
01-07 07:22:39.730     0     0 E         : [    6.225154 / 01-07 07:22:39.723][0] [Touch] Start [matchUp_f51_regMap]
01-07 07:22:39.730     0     0 E         : [    6.225163 / 01-07 07:22:39.723][0] [Touch] [matchUp_f51_regMap] This is P1
01-07 07:22:39.730     0     0 E         : [    6.225172 / 01-07 07:22:39.723][0] [Touch] [matchUp_f51_regMap] Complete to match-up regmap.
01-07 07:22:39.730     0     0 E         : [    6.225181 / 01-07 07:22:39.723][0] [Touch] [matchUp_f54_regMap] This is P1
01-07 07:22:39.730     0     0 E         : [    6.225189 / 01-07 07:22:39.723][0] [Touch] [matchUp_f54_regMap] Complete to match-up regmap.
01-07 07:22:39.730     0     0 E         : [    6.225384 / 01-07 07:22:39.723][0] [Touch] current_thermal_mode = LOW
01-07 07:22:39.775   473   473 I qdhwcomposer: Successfully Loaded perf hint API's
01-07 07:22:39.775   473   473 I qdhwcomposer: PerfHintWindow = 50
01-07 07:22:39.776   473   473 I qdhwcomposer: Initializing Qualcomm Hardware Composer
01-07 07:22:39.776   473   473 I qdhwcomposer: MDP version: 500
01-07 07:22:39.776   473   473 I HWC2On1Adapter: Found support for HWC virtual displays
01-07 07:22:39.776   473   473 D qdhwcomposer: hwc_getDisplayAttributes disp = 0, width = 1440
01-07 07:22:39.776   473   473 D qdhwcomposer: hwc_getDisplayAttributes disp = 0, height = 2560
01-07 07:22:39.776   473   473 E HWC2On1Adapter: Setting active config to 0 for HWC1 config 0
01-07 07:22:39.776   473   473 I qdhwcomposer: hwc_registerProcs
01-07 07:22:39.776   473   473 I qdhwcomposer: Initializing UEVENT Thread
01-07 07:22:39.776   473   473 I qdhwcomposer: Initializing VSYNC Thread
01-07 07:22:39.776   473   587 I qdhwcomposer: vsync_loop: Reading event 0 for dpy 0 from /sys/class/graphics/fb0/vsync_event
01-07 07:22:39.776   473   587 I qdhwcomposer: vsync_loop: Reading event 1 for dpy 0 from /sys/class/graphics/fb0/show_blank_event
01-07 07:22:39.776   473   587 I qdhwcomposer: vsync_loop: Reading event 2 for dpy 0 from /sys/class/graphics/fb0/msm_fb_thermal_level
01-07 07:22:39.776   473   587 I qdhwcomposer: vsync_loop: Reading event 0 for dpy 1 from /sys/class/graphics/fb1/vsync_event
01-07 07:22:39.776   473   587 I qdhwcomposer: vsync_loop: Reading event 1 for dpy 1 from /sys/class/graphics/fb1/show_blank_event
01-07 07:22:39.776   473   587 I qdhwcomposer: vsync_loop: Reading event 2 for dpy 1 from /sys/class/graphics/fb1/msm_fb_thermal_level
01-07 07:22:39.778   473   473 D vndksupport: Loading /vendor/lib64/hw/android.hardware.graphics.mapper@2.0-impl.so from current namespace instead of sphal namespace.
01-07 07:22:39.780   473   473 D vndksupport: Loading /vendor/lib64/hw/gralloc.msm8992.so from current namespace instead of sphal namespace.
01-07 07:22:39.782   473   473 E HWComposer: getSupportedPerFrameMetadata: getSupportedPerFrameMetadata failed for display 0: Unsupported (8)
01-07 07:22:39.783   473   473 D vndksupport: Loading /vendor/lib64/hw/android.hardware.graphics.mapper@2.0-impl.so from current namespace instead of sphal namespace.
01-07 07:22:39.783   473   473 D vndksupport: Loading /vendor/lib64/hw/gralloc.msm8992.so from current namespace instead of sphal namespace.
01-07 07:22:39.788   462   462 I qdutils : PartialUpdate status: Disabled
01-07 07:22:39.788   462   462 I qdutils : Left Align: 0
01-07 07:22:39.788   462   462 I qdutils : Width Align: 0
01-07 07:22:39.788   462   462 I qdutils : Top Align: 0
01-07 07:22:39.788   462   462 I qdutils : Height Align: 0
01-07 07:22:39.788   462   462 I qdutils : Min ROI Width: 0
01-07 07:22:39.788   462   462 I qdutils : Min ROI Height: 0
01-07 07:22:39.788   462   462 I qdutils : Needs ROI Merge: 0
01-07 07:22:39.788   462   462 I qdutils : Dynamic Fps: Disabled
01-07 07:22:39.788   462   462 I qdutils : Min Panel fps: 0
01-07 07:22:39.788   462   462 I qdutils : Max Panel fps: 0
01-07 07:22:39.968   422   422 I sysui_histogram: [boot_zygote_init,6461]
01-07 07:22:39.974   423   423 I sysui_histogram: [boot_zygote_init,6467]
01-07 07:22:39.974   422   422 I sysui_multi_action: [757,804,799,boot_zygote_init,801,6461,802,1]
01-07 07:22:39.981   422   422 I boot_progress_preload_start: 6474
01-07 07:22:39.981   422   422 D Zygote  : begin preload
01-07 07:22:39.981   422   422 I Zygote  : Installing ICU cache reference pinning...
01-07 07:22:39.981   422   422 I Zygote  : Preloading ICU data...
01-07 07:22:39.983   423   423 I sysui_multi_action: [757,804,799,boot_zygote_init,801,6467,802,1]
01-07 07:22:39.999   423   423 I zygote  : Explicit concurrent copying GC freed 192(9KB) AllocSpace objects, 0(0B) LOS objects, 99% free, 23KB/6MB, paused 79us total 8.087ms
01-07 07:22:40.007   423   423 I zygote  : Explicit concurrent copying GC freed 9(32KB) AllocSpace objects, 0(0B) LOS objects, 99% free, 22KB/6MB, paused 57us total 7.585ms
01-07 07:22:40.007   423   423 D Zygote32Timing: PostZygoteInitGC took to complete: 16ms
01-07 07:22:40.007   423   423 D Zygote32Timing: ZygoteInit took to complete: 18ms
01-07 07:22:40.008   423   423 I Zygote  : Accepting command socket connections
01-07 07:22:40.022     0     0 D [    6.517893 / 01-07 07:22:40.015][2] logd: logdr: UID=0 GID=0 PID=600 b tail=0 logMask=ff pid=0 start=0ns timeout=0ns
01-07 07:22:40.045   422   422 D Zygote64Timing: BeginIcuCachePinning took to complete: 63ms
01-07 07:22:40.045   422   422 I Zygote  : Preloading classes...
01-07 07:22:40.079   422   422 I PackageBackwardCompatibility: Loaded android.content.pm.OrgApacheHttpLegacyUpdater
01-07 07:22:40.079   422   422 I PackageBackwardCompatibility: Could not find android.content.pm.AndroidTestBaseUpdater, ignoring
01-07 07:22:40.183   473   473 D SurfaceFlinger: shader cache generated - 24 shaders in 354.078278 ms
01-07 07:22:40.187   473   473 D SurfaceFlinger: Set power mode=2, type=0 flinger=0x7a56655000
01-07 07:22:40.187   473   473 D qdhwcomposer: hwc_setPowerMode: Setting mode 2 on display: 0
01-07 07:22:40.187   473   587 I qdhwcomposer: handle_blank_event: dpy:0 panel power state: 1
01-07 07:22:40.187   473   473 E qdhdmi  : writeHPDOption: file write failed 'hpd'
01-07 07:22:40.187   473   473 D qdhwcomposer: hwc_setPowerMode: Done setting mode 2 on display 0
01-07 07:22:40.188   473   473 D SurfaceFlinger: Finished set power mode=2, type=0
01-07 07:22:40.191     0     0 I [    6.683595 / 01-07 07:22:40.183][2] init: Received control message 'start' for 'bootanim' from pid: 473 (/system/bin/surfaceflinger)
01-07 07:22:40.191     0     0 I [    6.683739 / 01-07 07:22:40.183][0] mdss_fb_blank_sub: + mdss_fb_blank+0x130/0x144 fb0 mode:0
01-07 07:22:40.191     0     0 I [    6.683769 / 01-07 07:22:40.183][0] mdss_fb_blank_sub: -
01-07 07:22:40.191     0     0 E         : [    6.683772 / 01-07 07:22:40.183][0] [Touch] fb_notifier_callback : event = 0
01-07 07:22:40.191     0     0 E         : [    6.683774 / 01-07 07:22:40.183][0] [Touch] touch_resume : touch_resume start
01-07 07:22:40.191     0     0 E         : [    6.683775 / 01-07 07:22:40.183][0] [Touch] touch_resume : Normal mode
01-07 07:22:40.191     0     0 E         : [    6.683781 / 01-07 07:22:40.183][0] [Touch E] [print_swipe_fail_reason 501] print_swipe_fail_reason, 501 : swipe fail reason
01-07 07:22:40.191     0     0 I [    6.684154 / 01-07 07:22:40.183][2] init: starting service 'bootanim'...
01-07 07:22:40.191     0     0 E         : [    6.684286 / 01-07 07:22:40.183][1] [Touch] last swipe_down fail reason:0(SUCCESS)
01-07 07:22:40.191     0     0 E         : [    6.684296 / 01-07 07:22:40.183][1] [Touch] synaptics_ts_power : power_state[0]
01-07 07:22:40.191     0     0 E         : [    6.684305 / 01-07 07:22:40.183][1] [Touch] synaptics_ts_power : power_state[1]
01-07 07:22:40.191     0     0 E         : [    6.684308 / 01-07 07:22:40.183][1] [Touch] touch_resume : touch_resume done
01-07 07:22:40.191     0     0 E [    6.684447 / 01-07 07:22:40.183][1] hdmi_tx_sysfs_wta_hpd:  
01-07 07:22:40.191     0     0 I [    6.685497 / 01-07 07:22:40.183][2] init: processing action (init.svc.bootanim=running) from (/init.qcom.rc:1083)
01-07 07:22:40.191     0     0 W [    6.686116 / 01-07 07:22:40.183][2] audit_log_lost: 66 callbacks suppressed
01-07 07:22:40.191     0     0 W [    6.686131 / 01-07 07:22:40.183][2] audit: audit_lost=60 audit_rate_limit=5 audit_backlog_limit=64
01-07 07:22:40.191     0     0 E [    6.686140 / 01-07 07:22:40.183][2] audit: rate limit exceeded
01-07 07:22:40.198     0     0 E         : [    6.694535 / 01-07 07:22:40.191][0] [Touch E] [synaptics_ts_get_data 6726] synaptics_ts_get_data, 6726 : ts->is_init == 0, IGNORE_EVENT!!, s:
01-07 07:22:40.206     0     0 E         : [    6.702264 / 01-07 07:22:40.199][1] [Touch E] [synaptics_ts_get_data 6726] synaptics_ts_get_data, 6726 : ts->is_init == 0, IGNORE_EVENT!!, s:
01-07 07:22:40.270     0     0 E         : [    6.763033 / 01-07 07:22:40.263][0] [Touch] touch_ic_init : value = 0, panel_id = 0
01-07 07:22:40.270     0     0 E         : [    6.763052 / 01-07 07:22:40.263][0] [Touch] [synaptics_ts_init] DEVICE_CONTROL_NORMAL_OP
01-07 07:22:40.270     0     0 I         : [    6.765247 / 01-07 07:22:40.263][0] [Touch] set_rebase_param : Set for Normal
01-07 07:22:40.270     0     0 E         : [    6.765858 / 01-07 07:22:40.263][0] [Touch] palm_ctrl_mode:0
01-07 07:22:40.270     0     0 I         : [    6.766035 / 01-07 07:22:40.263][0] [Touch] Sensor Status: 1
01-07 07:22:40.270     0     0 I         : [    6.766044 / 01-07 07:22:40.263][0] [Touch] lpwg_is_enabled: 0
01-07 07:22:40.270     0     0 E [    6.766055 / 01-07 07:22:40.263][0] lcd_notifier_callback: TOUCH_EVENT_PROXY_STATUS received : PROXY_NEAR
01-07 07:22:40.270     0     0 I         : [    6.766065 / 01-07 07:22:40.263][0] [Touch] [lpwg_update_all] LPWG Disable !
01-07 07:22:40.270     0     0 E         : [    6.766075 / 01-07 07:22:40.263][0] [Touch] synaptics_toggle_swipe: [S/Q/P/L] = [1/0/1/0]
01-07 07:22:40.270     0     0 E         : [    6.766084 / 01-07 07:22:40.263][0] [Touch] swipe_down_disable: (swipe_mode:0x01)
01-07 07:22:40.270     0     0 E         : [    6.766718 / 01-07 07:22:40.263][0] [Touch] swipe_up_disable: (swipe_mode:0x01)
01-07 07:22:40.274     0     0 E         : [    6.770633 / 01-07 07:22:40.267][0] [Touch] lpwg_control : lpwg_mode[0]
01-07 07:22:40.274     0     0 E         : [    6.770722 / 01-07 07:22:40.267][0] [Touch] Start [matchUp_f51_regMap]
01-07 07:22:40.274     0     0 E         : [    6.770731 / 01-07 07:22:40.267][0] [Touch] [matchUp_f51_regMap] This is P1
01-07 07:22:40.274     0     0 E         : [    6.770740 / 01-07 07:22:40.267][0] [Touch] [matchUp_f51_regMap] Complete to match-up regmap.
01-07 07:22:40.274     0     0 E         : [    6.770748 / 01-07 07:22:40.267][0] [Touch] [matchUp_f54_regMap] This is P1
01-07 07:22:40.274     0     0 E         : [    6.770756 / 01-07 07:22:40.267][0] [Touch] [matchUp_f54_regMap] Complete to match-up regmap.
01-07 07:22:40.274     0     0 E         : [    6.770939 / 01-07 07:22:40.267][0] [Touch] current_thermal_mode = LOW
01-07 07:22:40.622   422   422 E ActivityRecognitionHardware: activity_recognition HAL is deprecated. class_init is effectively a no-op
01-07 07:22:40.696   473   473 D qdutils : DEBUG_CALC_FPS: 0
01-07 07:22:40.696   473   473 D qdutils : period: 10
01-07 07:22:40.696   473   473 D qdutils : ignorethresh_us: 500000
01-07 07:22:40.697   605   608 E cutils-trace: Error opening trace file: Permission denied (13)
01-07 07:22:40.698   605   608 D vndksupport: Loading /vendor/lib64/egl/libEGL_adreno.so from current namespace instead of sphal namespace.
01-07 07:22:40.700   605   608 D libEGL  : loaded /vendor/lib64/egl/libEGL_adreno.so
01-07 07:22:40.713   605   608 D vndksupport: Loading /vendor/lib64/egl/libGLESv1_CM_adreno.so from current namespace instead of sphal namespace.
01-07 07:22:40.714   605   608 D libEGL  : loaded /vendor/lib64/egl/libGLESv1_CM_adreno.so
01-07 07:22:40.720   422   422 I zygote64: Thread[1,tid=422,Native,Thread*=0x7253c14c00,peer=0x79880088,"main"] recursive attempt to load library "/system/lib64/libmedia_jni.so"
01-07 07:22:40.720   422   422 D MtpDeviceJNI: register_android_mtp_MtpDevice
01-07 07:22:40.720   422   422 I zygote64: Thread[1,tid=422,Native,Thread*=0x7253c14c00,peer=0x79880088,"main"] recursive attempt to load library "/system/lib64/libmedia_jni.so"
01-07 07:22:40.721   422   422 I zygote64: Thread[1,tid=422,Native,Thread*=0x7253c14c00,peer=0x79880088,"main"] recursive attempt to load library "/system/lib64/libmedia_jni.so"
01-07 07:22:40.748   605   608 D vndksupport: Loading /vendor/lib64/egl/libGLESv2_adreno.so from current namespace instead of sphal namespace.
01-07 07:22:40.749   605   608 D libEGL  : loaded /vendor/lib64/egl/libGLESv2_adreno.so
01-07 07:22:40.783   605   608 D vndksupport: Loading /vendor/lib64/hw/gralloc.msm8992.so from current namespace instead of sphal namespace.
01-07 07:22:40.783   608   608 I auditd  : type=1400 audit(0.0:91): avc: denied { read write } for comm="BootAnimation" name="kgsl-3d0" dev="tmpfs" ino=11473 scontext=u:r:bootanim:s0 tcontext=u:object_r:device:s0 tclass=chr_file permissive=1
01-07 07:22:40.783   608   608 I BootAnimation: type=1400 audit(0.0:91): avc: denied { read write } for name="kgsl-3d0" dev="tmpfs" ino=11473 scontext=u:r:bootanim:s0 tcontext=u:object_r:device:s0 tclass=chr_file permissive=1
01-07 07:22:40.783   608   608 I auditd  : type=1400 audit(0.0:92): avc: denied { open } for comm="BootAnimation" path="/dev/kgsl-3d0" dev="tmpfs" ino=11473 scontext=u:r:bootanim:s0 tcontext=u:object_r:device:s0 tclass=chr_file permissive=1
01-07 07:22:40.783   608   608 I BootAnimation: type=1400 audit(0.0:92): avc: denied { open } for path="/dev/kgsl-3d0" dev="tmpfs" ino=11473 scontext=u:r:bootanim:s0 tcontext=u:object_r:device:s0 tclass=chr_file permissive=1
01-07 07:22:40.783   608   608 I auditd  : type=1400 audit(0.0:93): avc: denied { ioctl } for comm="BootAnimation" path="/dev/kgsl-3d0" dev="tmpfs" ino=11473 ioctlcmd=940 scontext=u:r:bootanim:s0 tcontext=u:object_r:device:s0 tclass=chr_file permissive=1
01-07 07:22:40.783   608   608 I BootAnimation: type=1400 audit(0.0:93): avc: denied { ioctl } for path="/dev/kgsl-3d0" dev="tmpfs" ino=11473 ioctlcmd=940 scontext=u:r:bootanim:s0 tcontext=u:object_r:device:s0 tclass=chr_file permissive=1
01-07 07:22:40.787   605   608 I Adreno  : QUALCOMM build                   : d3015e9, I25dc76dc3f
01-07 07:22:40.787   605   608 I Adreno  : Build Date                       : 01/26/17
01-07 07:22:40.787   605   608 I Adreno  : OpenGL ES Shader Compiler Version: XE031.09.00.03
01-07 07:22:40.787   605   608 I Adreno  : Local Branch                     : 
01-07 07:22:40.787   605   608 I Adreno  : Remote Branch                    : refs/tags/AU_LINUX_ANDROID_LA.BF64.1.2.3_RB1.07.00.00.258.011
01-07 07:22:40.787   605   608 I Adreno  : Remote Branch                    : NONE
01-07 07:22:40.787   605   608 I Adreno  : Reconstruct Branch               : NOTHING
01-07 07:22:40.796   605   608 I ConfigStore: android::hardware::configstore::V1_0::ISurfaceFlingerConfigs::hasWideColorDisplay retrieved: 0
01-07 07:22:40.796   605   608 I ConfigStore: android::hardware::configstore::V1_0::ISurfaceFlingerConfigs::hasHDRDisplay retrieved: 0
01-07 07:22:40.917   605   608 D BootAnimation: BootAnimationShownTiming start time: 7411ms
01-07 07:22:40.946   605   608 D vndksupport: Loading /vendor/lib64/hw/android.hardware.graphics.mapper@2.0-impl.so from current namespace instead of sphal namespace.
01-07 07:22:40.948   605   608 D vndksupport: Loading /vendor/lib64/hw/gralloc.msm8992.so from current namespace instead of sphal namespace.
01-07 07:22:40.951   422   422 I auditd  : type=1400 audit(0.0:94): avc: denied { read } for comm="main" name="cmdline" dev="proc" ino=4026535438 scontext=u:r:zygote:s0 tcontext=u:object_r:proc_cmdline:s0 tclass=file permissive=1
01-07 07:22:40.951   422   422 I main    : type=1400 audit(0.0:94): avc: denied { read } for name="cmdline" dev="proc" ino=4026535438 scontext=u:r:zygote:s0 tcontext=u:object_r:proc_cmdline:s0 tclass=file permissive=1
01-07 07:22:40.951   422   422 I auditd  : type=1400 audit(0.0:95): avc: denied { open } for comm="main" path="/proc/cmdline" dev="proc" ino=4026535438 scontext=u:r:zygote:s0 tcontext=u:object_r:proc_cmdline:s0 tclass=file permissive=1
01-07 07:22:40.951   422   422 I main    : type=1400 audit(0.0:95): avc: denied { open } for path="/proc/cmdline" dev="proc" ino=4026535438 scontext=u:r:zygote:s0 tcontext=u:object_r:proc_cmdline:s0 tclass=file permissive=1
--------- beginning of radio
01-07 07:22:40.959   422   422 D TelephonyManager: /proc/cmdline=sched_enable_hmp=1 sched_enable_power_aware=1 console=ttyHSL0,115200,n8 androidboot.console=ttyHSL0 androidboot.hardware=qcom user_debug=31 ehci-hcd.park=3 lpm_levels.sleep_disabled=1 msm_rtb.filter=0x37 boot_cpus=0-5 buildvariant=userdebug lge.rev=rev_10 model.name=LG-H815 lge.sim_num=1 lge.battid=ISL6296_L lge.bootreason=Reboot_by_PowerKey maxcpus boot_cpus=0-3 kswitch cc_mode=0 androidboot.bl_unlock_complete=true androidboot.dlcomplete=0 gpt bootcable.type=400MA androidboot.ddr_size=3221225472 androidboot.ddr_info=0x3b000206 fakebattery=disable lge.bootreasoncode=0x77665501 lge.hreset=off lge.dsds=none androidboot.revision=11 fips_allow_others=1 fips_panic=0 fips=0 lge.signed_image=false androidboot.verifiedbootstate=orange androidboot.bootdevice=f9824900.sdhci androidboot.serialno=LGH81510a0c098 androidboot.authorized_kernel=true lge.signed_image=true lge.dsv_id=DW androidboot.baseband=msm mdss_mdp.panel=1:dsi:0:qcom,mdss_dsi_jdi_nt36850_1440p_mipi0_cmd:1:qcom,mdss_dsi_jdi_nt36850_1440p_mipi1_cmd
01-07 07:22:40.992   473   473 D MDP_SCALE: Debug enabled = 0, Max mixer width= 4096
01-07 07:22:41.006     0     0 E [    7.499725 / 01-07 07:22:40.999][0] mdss_mdp_config_cx_voltage: mdss_mdp_config_cx_voltage: Initialized rpm_kvp structure
01-07 07:22:41.006     0     0 I [    7.500485 / 01-07 07:22:40.999][0] mdss_dsi_on-:  
01-07 07:22:41.006     0     0 I [    7.500508 / 01-07 07:22:40.999][0] mdss_dsi_on-:  
01-07 07:22:41.022     0     0 I [    7.516987 / 01-07 07:22:41.015][0] mdss_dsi_unblank-:  
01-07 07:22:41.046     0     0 I [    7.542140 / 01-07 07:22:41.039][0] mdss_dsi_unblank-:  
01-07 07:22:41.068   422   422 I Zygote  : ...preloaded 6535 classes in 1022ms.
01-07 07:22:41.068   422   422 I zygote64: VMRuntime.preloadDexCaches starting
01-07 07:22:41.132   422   422 I zygote64: VMRuntime.preloadDexCaches strings total=338926 before=12314 after=12314
01-07 07:22:41.132   422   422 I zygote64: VMRuntime.preloadDexCaches types total=31345 before=7821 after=7822
01-07 07:22:41.132   422   422 I zygote64: VMRuntime.preloadDexCaches fields total=140712 before=9178 after=9178
01-07 07:22:41.132   422   422 I zygote64: VMRuntime.preloadDexCaches methods total=247710 before=12780 after=12780
01-07 07:22:41.132   422   422 I zygote64: VMRuntime.preloadDexCaches finished
01-07 07:22:41.133   422   422 D Zygote64Timing: PreloadClasses took to complete: 1088ms
01-07 07:22:41.142     0     0 I [    7.636269 / 01-07 07:22:41.135][0] warning: `main' uses 32-bit capabilities (legacy support in use)
01-07 07:22:41.247   422   422 I AssetManager: no overlays.list file found
01-07 07:22:41.250   422   422 I Zygote  : Preloading resources...
01-07 07:22:41.268   422   422 W Resources: Preloaded drawable resource #0x1080265 (android:drawable/dialog_background_material) that varies with configuration!!
01-07 07:22:41.292   422   422 I Zygote  : ...preloaded 64 resources in 41ms.
01-07 07:22:41.297   422   422 I Zygote  : ...preloaded 41 resources in 6ms.
01-07 07:22:41.297   422   422 D Zygote64Timing: PreloadResources took to complete: 165ms
01-07 07:22:41.297   422   422 D vndksupport: Loading /vendor/lib64/hw/android.hardware.graphics.mapper@2.0-impl.so from current namespace instead of sphal namespace.
01-07 07:22:41.299   422   422 D vndksupport: Loading /vendor/lib64/egl/libEGL_adreno.so from current namespace instead of sphal namespace.
01-07 07:22:41.301   422   422 D libEGL  : loaded /vendor/lib64/egl/libEGL_adreno.so
01-07 07:22:41.312   422   422 D vndksupport: Loading /vendor/lib64/egl/libGLESv1_CM_adreno.so from current namespace instead of sphal namespace.
01-07 07:22:41.313   422   422 D libEGL  : loaded /vendor/lib64/egl/libGLESv1_CM_adreno.so
01-07 07:22:41.340   422   422 D vndksupport: Loading /vendor/lib64/egl/libGLESv2_adreno.so from current namespace instead of sphal namespace.
01-07 07:22:41.340   422   422 D libEGL  : loaded /vendor/lib64/egl/libGLESv2_adreno.so
01-07 07:22:41.368   422   422 D vndksupport: Loading /vendor/lib64/hw/gralloc.msm8992.so from current namespace instead of sphal namespace.
01-07 07:22:41.372   422   422 I Zygote  : Preloading shared libraries...
01-07 07:22:41.383   422   422 I Zygote  : Uninstalled ICU cache reference pinning...
01-07 07:22:41.384   422   422 I Zygote  : Installed AndroidKeyStoreProvider in 0ms.
01-07 07:22:41.397   422   422 I Zygote  : Warmed up JCA providers in 12ms.
01-07 07:22:41.397   422   422 D Zygote  : end preload
01-07 07:22:41.397   422   422 I boot_progress_preload_end: 7890
01-07 07:22:41.397   422   422 D Zygote64Timing: ZygotePreload took to complete: 1417ms
01-07 07:22:41.434   422   422 I zygote64: Explicit concurrent copying GC freed 42682(2MB) AllocSpace objects, 0(0B) LOS objects, 72% free, 2MB/8MB, paused 47us total 37.129ms
01-07 07:22:41.467   422   422 I zygote64: Explicit concurrent copying GC freed 1667(97KB) AllocSpace objects, 0(0B) LOS objects, 73% free, 2MB/8MB, paused 33us total 30.460ms
01-07 07:22:41.467   422   422 D Zygote64Timing: PostZygoteInitGC took to complete: 70ms
01-07 07:22:41.467   422   422 D Zygote64Timing: ZygoteInit took to complete: 1487ms
01-07 07:22:41.549   422   422 I Zygote  : System server process 612 has been created
01-07 07:22:41.551   422   422 I Zygote  : Accepting command socket connections
01-07 07:22:41.551   612   612 I Zygote  : seccomp disabled by setenforce 0
01-07 07:22:41.562   612   612 I Zygote  : Process: zygote socket RESERVED/zygote_secondary opened, supported ABIS: armeabi-v7a,armeabi
01-07 07:22:41.598   612   612 I system_server: The ClassLoaderContext is a special shared library.
01-07 07:22:41.659   612   612 I SystemServer: InitBeforeStartServices
01-07 07:22:41.659   612   612 I SystemServer: Entered the Android system server!
01-07 07:22:41.659   612   612 I boot_progress_system_run: 8153
01-07 07:22:41.661   612   612 I sysui_histogram: [boot_system_server_init,8153]
01-07 07:22:41.661   612   612 I sysui_multi_action: [757,804,799,boot_system_server_init,801,8153,802,1]
01-07 07:22:41.622   612   612 I chatty  : uid=1000 system_server identical 2 lines
01-07 07:22:41.626   612   612 I system_server: The ClassLoaderContext is a special shared library.
01-07 07:22:41.953   612   612 E UsbAlsaJackDetectorJNI: Can't register UsbAlsaJackDetector native methods
01-07 07:22:41.973   612   612 D SystemServerTiming: InitBeforeStartServices took to complete: 314ms
01-07 07:22:41.973   612   612 I SystemServer: StartServices
01-07 07:22:41.973   612   612 I SystemServer: Reading configuration...
01-07 07:22:41.973   612   612 I SystemServer: ReadingSystemConfig
01-07 07:22:41.973   612   612 D SystemServerTiming: ReadingSystemConfig took to complete: 1ms
01-07 07:22:41.973   612   612 I SystemServer: StartInstaller
01-07 07:22:41.974   612   612 I SystemServiceManager: Starting com.android.server.pm.Installer
01-07 07:22:41.974   612   625 D SystemServerInitThreadPool: Started executing ReadingSystemConfig
01-07 07:22:41.984   612   612 D SystemServerTiming: StartInstaller took to complete: 10ms
01-07 07:22:41.984   612   612 I SystemServer: DeviceIdentifiersPolicyService
01-07 07:22:41.984   612   612 I SystemServiceManager: Starting com.android.server.os.DeviceIdentifiersPolicyService
01-07 07:22:41.985   612   612 D SystemServerTiming: DeviceIdentifiersPolicyService took to complete: 1ms
01-07 07:22:41.985   612   612 I SystemServer: StartActivityManager
01-07 07:22:41.985   612   612 I SystemServiceManager: Starting com.android.server.am.ActivityManagerService$Lifecycle
01-07 07:22:42.041   612   625 D SystemServerInitThreadPool: Finished executing ReadingSystemConfig
01-07 07:22:42.087   612   612 I ActivityManager: Memory class: 288
01-07 07:22:42.100   612   612 D BatteryStatsImpl: Reading daily items from /data/system/batterystats-daily.xml
01-07 07:22:42.104   612   631 E BluetoothAdapter: Bluetooth binder is null
01-07 07:22:42.105   612   631 E BatteryExternalStatsWorker: no controller energy info supplied for telephony
01-07 07:22:42.108   612   631 E KernelUidCpuFreqTimeReader: Failed to read /proc/uid_time_in_state: java.io.FileNotFoundException: /proc/uid_time_in_state (No such file or directory)
01-07 07:22:42.116   612   631 W KernelCpuProcReader: File not exist: /proc/uid_cpupower/concurrent_active_time
01-07 07:22:42.116   612   631 W KernelCpuProcReader: File not exist: /proc/uid_cpupower/concurrent_policy_time
01-07 07:22:42.117   612   631 E KernelCpuSpeedReader: Failed to read cpu-freq: /sys/devices/system/cpu/cpu4/cpufreq/stats/time_in_state (No such file or directory)
01-07 07:22:42.120   612   631 W KernelMemoryBandwidthStats: No kernel memory bandwidth stats available
01-07 07:22:42.122   612   631 D vndksupport: Loading /vendor/lib64/hw/android.hardware.power@1.0-impl.so from current namespace instead of sphal namespace.
01-07 07:22:42.127   612   631 D vndksupport: Loading /vendor/lib64/hw/power.default.so from current namespace instead of sphal namespace.
01-07 07:22:42.131   612   631 I PowerManagerService-JNI: Loaded power HAL 1.0 service
01-07 07:22:42.132   612   631 E KernelUidCpuFreqTimeReader: Failed to read /proc/uid_time_in_state: java.io.FileNotFoundException: /proc/uid_time_in_state (No such file or directory)
01-07 07:22:42.198   612   612 D vndksupport: Loading /vendor/lib64/hw/android.hardware.memtrack@1.0-impl.so from current namespace instead of sphal namespace.
01-07 07:22:42.202   612   626 I commit_sys_config_file: [batterystats,68]
01-07 07:22:42.203   612   612 D vndksupport: Loading /vendor/lib64/hw/memtrack.msm8992.so from current namespace instead of sphal namespace.
01-07 07:22:42.209   612   612 I AppOps  : No existing app ops /data/system/appops.xml; starting empty
01-07 07:22:42.230   612   612 I IntentFirewall: Read new rules (A:0 B:0 S:0)
01-07 07:22:42.237   612   612 W libprocessgroup: Failed to remove /acct/uid_1003/pid_605: Device or resource busy
01-07 07:22:42.237   612   612 W libprocessgroup: Failed to remove /acct/uid_1003: Permission denied
01-07 07:22:42.237   612   612 W libprocessgroup: Failed to remove /acct/uid_1058/pid_501: Device or resource busy
01-07 07:22:42.237   612   612 W libprocessgroup: Failed to remove /acct/uid_1058: Permission denied
01-07 07:22:42.237   612   612 W libprocessgroup: Failed to remove /acct/uid_1046/pid_497: Device or resource busy
01-07 07:22:42.237   612   612 W libprocessgroup: Failed to remove /acct/uid_1046: Permission denied
01-07 07:22:42.237   612   612 W libprocessgroup: Failed to remove /acct/uid_1066/pid_494: Device or resource busy
01-07 07:22:42.237   612   612 W libprocessgroup: Failed to remove /acct/uid_1066: Permission denied
01-07 07:22:42.237   612   612 W libprocessgroup: Failed to remove /acct/uid_1040/pid_491: Device or resource busy
01-07 07:22:42.237   612   612 W libprocessgroup: Failed to remove /acct/uid_1040: Permission denied
01-07 07:22:42.237   612   612 W libprocessgroup: Failed to remove /acct/uid_1067/pid_488: Device or resource busy
01-07 07:22:42.237   612   612 W libprocessgroup: Failed to remove /acct/uid_1067: Permission denied
01-07 07:22:42.237   612   612 W libprocessgroup: Failed to remove /acct/uid_1019/pid_487: Device or resource busy
01-07 07:22:42.237   612   612 W libprocessgroup: Failed to remove /acct/uid_1019: Permission denied
01-07 07:22:42.238   612   612 W libprocessgroup: Failed to remove /acct/uid_1047/pid_485: Device or resource busy
01-07 07:22:42.238   612   612 W libprocessgroup: Failed to remove /acct/uid_1047: Permission denied
01-07 07:22:42.238   612   612 W libprocessgroup: Failed to remove /acct/uid_1017/pid_484: Device or resource busy
01-07 07:22:42.238   612   612 W libprocessgroup: Failed to remove /acct/uid_1017: Permission denied
01-07 07:22:42.238   612   612 W libprocessgroup: Failed to remove /acct/uid_2000/pid_481: Device or resource busy
01-07 07:22:42.238   612   612 W libprocessgroup: Failed to remove /acct/uid_2000: Permission denied
01-07 07:22:42.238   612   612 W libprocessgroup: Failed to remove /acct/uid_1041/pid_471: Device or resource busy
01-07 07:22:42.238   612   612 W libprocessgroup: Failed to remove /acct/uid_1041: Permission denied
01-07 07:22:42.238   612   612 W libprocessgroup: Failed to remove /acct/uid_1010/pid_496: Device or resource busy
01-07 07:22:42.238   612   612 W libprocessgroup: Failed to remove /acct/uid_1010/pid_468: Device or resource busy
01-07 07:22:42.238   612   612 W libprocessgroup: Failed to remove /acct/uid_1010: Permission denied
01-07 07:22:42.238   612   612 W libprocessgroup: Failed to remove /acct/uid_1013/pid_493: Device or resource busy
01-07 07:22:42.238   612   612 W libprocessgroup: Failed to remove /acct/uid_1013/pid_492: Device or resource busy
01-07 07:22:42.238   612   612 W libprocessgroup: Failed to remove /acct/uid_1013/pid_490: Device or resource busy
01-07 07:22:42.238   612   612 W libprocessgroup: Failed to remove /acct/uid_1013/pid_460: Device or resource busy
01-07 07:22:42.238   612   612 W libprocessgroup: Failed to remove /acct/uid_1013: Permission denied
01-07 07:22:42.238   612   612 W libprocessgroup: Failed to remove /acct/uid_1000/pid_499: Device or resource busy
01-07 07:22:42.238   612   612 W libprocessgroup: Failed to remove /acct/uid_1000/pid_474: Device or resource busy
01-07 07:22:42.238   612   612 W libprocessgroup: Failed to remove /acct/uid_1000/pid_473: Device or resource busy
01-07 07:22:42.238   612   612 W libprocessgroup: Failed to remove /acct/uid_1000/pid_467: Device or resource busy
01-07 07:22:42.238   612   612 W libprocessgroup: Failed to remove /acct/uid_1000/pid_466: Device or resource busy
01-07 07:22:42.238   612   612 W libprocessgroup: Failed to remove /acct/uid_1000/pid_464: Device or resource busy
01-07 07:22:42.238   612   612 W libprocessgroup: Failed to remove /acct/uid_1000/pid_463: Device or resource busy
01-07 07:22:42.238   612   612 W libprocessgroup: Failed to remove /acct/uid_1000/pid_462: Device or resource busy
01-07 07:22:42.238   612   612 W libprocessgroup: Failed to remove /acct/uid_1000/pid_461: Device or resource busy
01-07 07:22:42.238   612   612 W libprocessgroup: Failed to remove /acct/uid_1000/pid_458: Device or resource busy
01-07 07:22:42.238   612   612 W libprocessgroup: Failed to remove /acct/uid_1000/pid_405: Device or resource busy
01-07 07:22:42.238   612   612 W libprocessgroup: Failed to remove /acct/uid_1000/pid_404: Device or resource busy
01-07 07:22:42.238   612   612 W libprocessgroup: Failed to remove /acct/uid_1000/pid_403: Device or resource busy
01-07 07:22:42.239   612   612 W libprocessgroup: Failed to remove /acct/uid_1000: Permission denied
01-07 07:22:42.239   612   612 W libprocessgroup: Failed to remove /acct/uid_1036/pid_402: Device or resource busy
01-07 07:22:42.239   612   612 W libprocessgroup: Failed to remove /acct/uid_1036: Permission denied
01-07 07:22:42.239   612   612 W libprocessgroup: Failed to remove /acct/uid_0/pid_500: Device or resource busy
01-07 07:22:42.239   612   612 W libprocessgroup: Failed to remove /acct/uid_0/pid_495: Device or resource busy
01-07 07:22:42.239   612   612 W libprocessgroup: Failed to remove /acct/uid_0/pid_489: Device or resource busy
01-07 07:22:42.239   612   612 W libprocessgroup: Failed to remove /acct/uid_0/pid_482: Device or resource busy
01-07 07:22:42.239   612   612 W libprocessgroup: Failed to remove /acct/uid_0/pid_472: Device or resource busy
01-07 07:22:42.239   612   612 W libprocessgroup: Failed to remove /acct/uid_0/pid_459: Device or resource busy
01-07 07:22:42.239   612   612 W libprocessgroup: Failed to remove /acct/uid_0/pid_423: Device or resource busy
01-07 07:22:42.239   612   612 W libprocessgroup: Failed to remove /acct/uid_0/pid_422: Device or resource busy
01-07 07:22:42.239   612   612 W libprocessgroup: Failed to remove /acct/uid_0/pid_421: Device or resource busy
01-07 07:22:42.239   612   612 W libprocessgroup: Failed to remove /acct/uid_0/pid_406: Device or resource busy
01-07 07:22:42.240   612   612 W libprocessgroup: Failed to remove /acct/uid_0/pid_345: Device or resource busy
01-07 07:22:42.240   612   612 W libprocessgroup: Failed to remove /acct/uid_0: Permission denied
01-07 07:22:42.242   612   612 D AppOps  : AppOpsService published
01-07 07:22:42.242   612   612 D SystemServerTiming: StartActivityManager took to complete: 257ms
01-07 07:22:42.242   612   612 I SystemServer: StartPowerManager
01-07 07:22:42.242   612   612 I SystemServiceManager: Starting com.android.server.power.PowerManagerService
01-07 07:22:42.247   608   608 I auditd  : type=1400 audit(0.0:99): avc: denied { ioctl } for comm="BootAnimation" path="/dev/kgsl-3d0" dev="tmpfs" ino=11473 ioctlcmd=934 scontext=u:r:bootanim:s0 tcontext=u:object_r:device:s0 tclass=chr_file permissive=1
01-07 07:22:42.247   608   608 I BootAnimation: type=1400 audit(0.0:99): avc: denied { ioctl } for path="/dev/kgsl-3d0" dev="tmpfs" ino=11473 ioctlcmd=934 scontext=u:r:bootanim:s0 tcontext=u:object_r:device:s0 tclass=chr_file permissive=1
01-07 07:22:42.255   612   612 D SystemServerTiming: StartPowerManager took to complete: 13ms
01-07 07:22:42.255   612   612 I SystemServer: InitPowerManagement
01-07 07:22:42.256   612   612 D SystemServerTiming: InitPowerManagement took to complete: 1ms
01-07 07:22:42.257   612   612 I SystemServer: StartRecoverySystemService
01-07 07:22:42.257   612   612 I SystemServiceManager: Starting com.android.server.RecoverySystemService
01-07 07:22:42.259   612   612 D SystemServerTiming: StartRecoverySystemService took to complete: 3ms
01-07 07:22:42.260   612   612 V RescueParty: Disabled because of active USB connection
01-07 07:22:42.260   612   612 I SystemServer: StartLightsService
01-07 07:22:42.260   612   612 I SystemServiceManager: Starting com.android.server.lights.LightsService
01-07 07:22:42.261   612   612 D SystemServerTiming: StartLightsService took to complete: 0ms
01-07 07:22:42.261   612   612 I SystemServer: StartSidekickService
01-07 07:22:42.261   612   612 D SystemServerTiming: StartSidekickService took to complete: 0ms
01-07 07:22:42.261   612   612 I SystemServer: StartDisplayManager
01-07 07:22:42.261   612   612 I SystemServiceManager: Starting com.android.server.display.DisplayManagerService
01-07 07:22:42.265   612   612 D SystemServerTiming: StartDisplayManager took to complete: 5ms
01-07 07:22:42.265   612   612 I SystemServer: WaitForDisplay
01-07 07:22:42.265   612   612 I SystemServiceManager: Starting phase 100
01-07 07:22:42.276   612   635 I DisplayManagerService: Display device added: DisplayDeviceInfo{"Built-in Screen": uniqueId="local:0", 1440 x 2560, modeId 1, defaultModeId 1, supportedModes [{id=1, width=1440, height=2560, fps=60.0}], colorMode 0, supportedColorModes [0], HdrCapabilities android.view.Display$HdrCapabilities@40f16308, density 560, 537.882 x 537.388 dpi, appVsyncOff 1000000, presDeadline 16666667, touch INTERNAL, rotation 0, type BUILT_IN, state UNKNOWN, FLAG_DEFAULT_DISPLAY, FLAG_ROTATES_WITH_CONTENT, FLAG_SECURE, FLAG_SUPPORTS_PROTECTED_BUFFERS}
01-07 07:22:42.277   473   473 D SurfaceFlinger: Set power mode=2, type=0 flinger=0x7a56655000
01-07 07:22:42.275   464   464 I auditd  : type=1400 audit(0.0:101): avc: denied { read write } for comm="light@2.0-servi" name="brightness" dev="sysfs" ino=12651 scontext=u:r:hal_light_default:s0 tcontext=u:object_r:sysfs:s0 tclass=file permissive=1
01-07 07:22:42.275   464   464 I light@2.0-servi: type=1400 audit(0.0:101): avc: denied { read write } for name="brightness" dev="sysfs" ino=12651 scontext=u:r:hal_light_default:s0 tcontext=u:object_r:sysfs:s0 tclass=file permissive=1
01-07 07:22:42.275   464   464 I auditd  : type=1400 audit(0.0:102): avc: denied { open } for comm="light@2.0-servi" path="/sys/devices/soc.0/fd900000.qcom,mdss_mdp/qcom,mdss_fb_primary.188/leds/lcd-backlight/brightness" dev="sysfs" ino=12651 scontext=u:r:hal_light_default:s0 tcontext=u:object_r:sysfs:s0 tclass=file permissive=1
01-07 07:22:42.275   464   464 I light@2.0-servi: type=1400 audit(0.0:102): avc: denied { open } for path="/sys/devices/soc.0/fd900000.qcom,mdss_mdp/qcom,mdss_fb_primary.188/leds/lcd-backlight/brightness" dev="sysfs" ino=12651 scontext=u:r:hal_light_default:s0 tcontext=u:object_r:sysfs:s0 tclass=file permissive=1
01-07 07:22:42.279   612   612 D SystemServerTiming: WaitForDisplay took to complete: 14ms
01-07 07:22:42.279   612   612 I sysui_histogram: [boot_package_manager_init_start,8773]
01-07 07:22:42.280   612   612 I sysui_multi_action: [757,804,799,boot_package_manager_init_start,801,8773,802,1]
01-07 07:22:42.280   612   635 I DisplayManagerService: Display device changed state: "Built-in Screen", ON
01-07 07:22:42.280   612   612 I SystemServer: StartPackageManagerService
01-07 07:22:42.282     0     0 I [    8.775912 / 01-07 07:22:42.275][3] mdss_fb_set_bl_brightness: [LCD][WLED] backlight level=82, cal_value=251
01-07 07:22:42.378   612   612 I boot_progress_pms_start: 8872
01-07 07:22:42.392   612   612 D SELinuxMMAC: Using policy file /system/etc/selinux/plat_mac_permissions.xml
01-07 07:22:42.395   612   612 D SELinuxMMAC: Using policy file /vendor/etc/selinux/vendor_mac_permissions.xml
01-07 07:22:42.399   612   612 D FallbackCategoryProvider: Found 1 fallback categories
01-07 07:22:42.550   612   612 I boot_progress_pms_system_scan_start: 9044
01-07 07:22:42.553   612   612 D PackageManager: No files in app dir /vendor/overlay
01-07 07:22:42.553   612   612 D PackageManager: No files in app dir /product/overlay
01-07 07:22:42.572   612   612 W PackageManager: Failed to parse /system/framework/arm: Missing base APK in /system/framework/arm
01-07 07:22:42.572   612   612 W PackageManager: Failed to parse /system/framework/oat: Missing base APK in /system/framework/oat
01-07 07:22:42.572   612   612 W PackageManager: Failed to parse /system/framework/arm64: Missing base APK in /system/framework/arm64
01-07 07:22:42.726     0     0 I [    9.220859 / 01-07 07:22:42.719][2] init: starting service 'vendor.nfc_hal_service'...
01-07 07:22:42.757   654   654 E cutils-trace: Error opening trace file: Permission denied (13)
01-07 07:22:42.758   654   654 D vndksupport: Loading /vendor/lib64/hw/android.hardware.nfc@1.0-impl.so from current namespace instead of sphal namespace.
01-07 07:22:42.759   654   654 E android.hardware.nfc@1.0-impl: hw_get_module nfc_nci failed: -2
01-07 07:22:42.759   654   654 E android.hardware.nfc@1.0-impl: Passthrough failed to load legacy HAL.
01-07 07:22:42.759   654   654 E android.hardware.nfc@1.0-service: Could not get passthrough implementation for android.hardware.nfc@1.0::INfc/default.
01-07 07:22:42.762     0     0 I [    9.258180 / 01-07 07:22:42.755][2] init: Service 'vendor.nfc_hal_service' (pid 654) exited with status 1
01-07 07:22:42.762     0     0 I [    9.258217 / 01-07 07:22:42.755][2] init: Sending signal 9 to service 'vendor.nfc_hal_service' (pid 654) process group...
01-07 07:22:42.762     0     0 I [    9.258340 / 01-07 07:22:42.755][2] libprocessgroup: Successfully killed process cgroup uid 1027 pid 654 in 0ms
01-07 07:22:42.796   612   612 W PackageManager: Failed to parse /system/app/ims: Missing base APK in /system/app/ims
01-07 07:22:42.834   612   612 D PackageManager: No files in app dir /system/vendor/priv-app
01-07 07:22:42.835   612   612 D PackageManager: No files in app dir /system/vendor/app
01-07 07:22:42.835   612   612 D PackageManager: No files in app dir /odm/priv-app
01-07 07:22:42.835   612   612 D PackageManager: No files in app dir /odm/app
01-07 07:22:42.835   612   612 D PackageManager: No files in app dir /oem/app
01-07 07:22:42.835   612   612 D PackageManager: No files in app dir /system/product/priv-app
01-07 07:22:42.836   612   612 D PackageManager: No files in app dir /system/product/app
01-07 07:22:42.839   612   612 I PackageManager: Finished scanning system apps. Time: 288 ms, packageCount: 86 , timePerPackage: 3 , cached: 86
01-07 07:22:42.839   612   612 I boot_progress_pms_data_scan_start: 9332
01-07 07:22:42.840   612   612 W PackageManager: Failed to parse /data/app/mcRegistry: No packages found in split
01-07 07:22:42.841   612   612 W PackageManager: Deleting invalid package at /data/app/mcRegistry
01-07 07:22:42.841   612   612 I pm_critical_info: Deleting invalid package at /data/app/mcRegistry
01-07 07:22:42.844   612   612 D PackageManager: No files in app dir /data/app-private
01-07 07:22:42.844   612   612 I PackageManager: Finished scanning non-system apps. Time: 6 ms, packageCount: 0 , timePerPackage: 0 , cached: 0
01-07 07:22:42.846     0     0 I [    9.339079 / 01-07 07:22:42.839][0] FG: fg_do_restart: waiting for est, tries = 0
01-07 07:22:42.847   612   612 I boot_progress_pms_scan_end: 9341
01-07 07:22:42.847   612   612 I PackageManager: Time to scan packages: 0.297 seconds
01-07 07:22:42.854   612   612 V PackageManager: reconcileAppsData for null u0 0x3 migrateAppData=true
01-07 07:22:42.856   612   612 W PackageManager: Destroying /data/user/0/media due to: com.android.server.pm.PackageManagerException: Package media is unknown
01-07 07:22:42.856   612   612 I pm_critical_info: Destroying /data/user/0/media due to: com.android.server.pm.PackageManagerException: Package media is unknown
01-07 07:22:42.862   489   520 I SELinux : SELinux: Loaded file_contexts
01-07 07:22:42.978     0     0 I [    9.472477 / 01-07 07:22:42.971][2] init: starting service 'ppd'...
01-07 07:22:42.979     0     0 E [    9.473467 / 01-07 07:22:42.971][0] init: setsockcreatecon("u:r:camera:s0") failed: Invalid argument
01-07 07:22:42.979     0     0 F [    9.473808 / 01-07 07:22:42.971][0] init: cannot setexeccon('u:r:camera:s0') for ppd: Invalid argument
01-07 07:22:42.979     0     0 I [    9.474491 / 01-07 07:22:42.971][2] init: Service 'ppd' (pid 661) exited with status 6
01-07 07:22:42.979     0     0 I [    9.474529 / 01-07 07:22:42.971][2] init: Sending signal 9 to service 'ppd' (pid 661) process group...
01-07 07:22:42.979     0     0 I [    9.474621 / 01-07 07:22:42.971][2] libprocessgroup: Successfully killed process cgroup uid 1000 pid 661 in 0ms
01-07 07:22:43.002     0     0 I [    9.496057 / 01-07 07:22:42.995][0] SMBCHG: smbchg_stay_awake: staying awake: 0x02 (bit 2)
01-07 07:22:43.002     0     0 I [    9.496077 / 01-07 07:22:42.995][0] SMBCHG: smbchg_vfloat_adjust_check: Starting vfloat adjustments
01-07 07:22:43.002     0     0 I [    9.496431 / 01-07 07:22:42.995][0] SMBCHG: smbchg_relax: relaxing: 0x00 (bit 2)
01-07 07:22:43.002     0     0 I         : [    9.497030 / 01-07 07:22:42.995][0] [CC] charge_type = 3
01-07 07:22:43.002     0     0 W [    9.497735 / 01-07 07:22:42.995][2] healthd: battery l=68 v=3931 t=0.0 h=2 st=2 c=421 chg=u
01-07 07:22:43.002     0     0 W [    9.498924 / 01-07 07:22:42.995][2] healthd: battery l=68 v=3931 t=0.0 h=2 st=2 c=421 chg=u
01-07 07:22:43.013   612   612 V PackageManager: reconcileAppsData finished 19 packages
01-07 07:22:43.014   612   662 D SystemServerInitThreadPool: Started executing prepareAppData
01-07 07:22:43.014   612   612 V PackageManager: Disabling com.google.android.gsf/com.google.android.gsf.update.SystemUpdateActivity
01-07 07:22:43.014   612   612 W PackageManager: Unable to disable com.google.android.gsf/com.google.android.gsf.update.SystemUpdateActivity
01-07 07:22:43.014   612   612 V PackageManager: Disabling com.google.android.gsf/com.google.android.gsf.update.SystemUpdateService$Receiver
01-07 07:22:43.014   612   612 W PackageManager: Unable to disable com.google.android.gsf/com.google.android.gsf.update.SystemUpdateService$Receiver
01-07 07:22:43.014   612   612 V PackageManager: Disabling com.google.android.gsf/com.google.android.gsf.update.SystemUpdateService$SecretCodeReceiver
01-07 07:22:43.014   612   612 W PackageManager: Unable to disable com.google.android.gsf/com.google.android.gsf.update.SystemUpdateService$SecretCodeReceiver
01-07 07:22:43.014   612   612 V PackageManager: Disabling com.google.android.gsf/com.google.android.gsf.update.SystemUpdateServiceReceiver
01-07 07:22:43.014   612   612 W PackageManager: Unable to disable com.google.android.gsf/com.google.android.gsf.update.SystemUpdateServiceReceiver
01-07 07:22:43.014   612   612 V PackageManager: Disabling com.google.android.gms/com.google.android.gms.update.SystemUpdateActivity
01-07 07:22:43.014   612   612 W PackageManager: Unable to disable com.google.android.gms/com.google.android.gms.update.SystemUpdateActivity
01-07 07:22:43.014   612   612 V PackageManager: Disabling com.google.android.gms/com.google.android.gms.update.SystemUpdateService$Receiver
01-07 07:22:43.014   612   612 W PackageManager: Unable to disable com.google.android.gms/com.google.android.gms.update.SystemUpdateService$Receiver
01-07 07:22:43.014   612   612 V PackageManager: Disabling com.google.android.gms/com.google.android.gms.update.SystemUpdateService$ActiveReceiver
01-07 07:22:43.014   612   612 W PackageManager: Unable to disable com.google.android.gms/com.google.android.gms.update.SystemUpdateService$ActiveReceiver
01-07 07:22:43.014   612   612 V PackageManager: Disabling com.google.android.gms/com.google.android.gms.update.SystemUpdateService$SecretCodeReceiver
01-07 07:22:43.015   612   612 W PackageManager: Unable to disable com.google.android.gms/com.google.android.gms.update.SystemUpdateService$SecretCodeReceiver
