01-12 17:04:43.136   460   460 D vndksupport: Loading /vendor/lib64/egl/libEGL_adreno.so from current namespace instead of sphal namespace.
01-12 17:04:43.137   460   460 D libEGL  : loaded /vendor/lib64/egl/libEGL_adreno.so
01-12 17:04:43.145   460   460 D vndksupport: Loading /vendor/lib64/egl/libGLESv1_CM_adreno.so from current namespace instead of sphal namespace.
01-12 17:04:43.146   460   460 D libEGL  : loaded /vendor/lib64/egl/libGLESv1_CM_adreno.so
01-12 17:04:43.158   460   460 D vndksupport: Loading /vendor/lib64/egl/libGLESv2_adreno.so from current namespace instead of sphal namespace.
01-12 17:04:43.158   460   460 D libEGL  : loaded /vendor/lib64/egl/libGLESv2_adreno.so
01-12 17:04:43.169   460   460 I Zygote  : Preloading shared libraries...
01-12 17:04:43.185   460   460 I Zygote  : Uninstalled ICU cache reference pinning...
01-12 17:04:43.186   460   460 I Zygote  : Installed AndroidKeyStoreProvider in 1ms.
01-12 17:04:43.191   460   460 I Zygote  : Warmed up JCA providers in 5ms.
01-12 17:04:43.191   460   460 D Zygote  : end preload
01-12 17:04:43.191   460   460 D Zygote64Timing: ZygotePreload took to complete: 786ms
01-12 17:04:43.209   460   460 I zygote64: Explicit concurrent copying GC freed 29931(2MB) AllocSpace objects, 23(432KB) LOS objects, 88% free, 1551KB/13MB, paused 33us total 17.957ms
01-12 17:04:43.222   460   460 I zygote64: Explicit concurrent copying GC freed 5439(198KB) AllocSpace objects, 0(0B) LOS objects, 89% free, 1384KB/13MB, paused 13us total 9.260ms
01-12 17:04:43.222   460   460 D Zygote64Timing: PostZygoteInitGC took to complete: 30ms
01-12 17:04:43.222   460   460 D Zygote64Timing: ZygoteInit took to complete: 819ms
01-12 17:04:43.223   460   460 I zygote64: Global filter of size 170 installed
01-12 17:04:43.234   579   579 I mm-camera: <ISP   >< INFO> 893: module_isp_init: module 0xf1323500
01-12 17:04:43.252   460   460 W main    : type=1400 audit(0.0:6): avc: denied { create } for name="tasks" scontext=u:r:zygote:s0 tcontext=u:object_r:cgroup:s0 tclass=file permissive=0
01-12 17:04:43.257   460   460 I Zygote  : System server process 967 has been created
01-12 17:04:43.257   460   460 E Zygote  : couldn't write 967 to /dev/memcg/system/tasks
01-12 17:04:43.278   460   460 I Zygote  : Accepting command socket connections
01-12 17:04:43.283   967   967 I Zygote  : Process: zygote socket zygote_secondary opened, supported ABIS: armeabi-v7a,armeabi
01-12 17:04:43.309   579   579 I mm-camera: <CPP   >< INFO> 145: cpp_module_init: info: CPP module_init successful
01-12 17:04:43.343   579   579 E mm-camera: <IMGLIB><ERROR> 1168: frameproc_comp_reload_lib: frameproc_comp_reload_lib:1168] Error opening frameproc library libmmcamera_ppeiscore.so error dlopen failed: library "libmmcamera_ppeiscore.so" not found
01-12 17:04:43.343   579   579 E mm-camera: <IMGLIB><ERROR> 1037: frameproc_comp_load: frameproc_comp_load:1037] cannot load libmmcamera_ppeiscore.so
01-12 17:04:43.343   579   579 E mm-camera: <IMGLIB><ERROR> 3115: module_imgbase_init: module_imgbase_init_ppeiscore:3115] Error rc -7
01-12 17:04:43.348   967   967 W system_server: type=1400 audit(0.0:7): avc: granted { execute } for path="/data/dalvik-cache/arm64/system@framework@services.jar@classes.dex" dev="sda15" ino=2894314 scontext=u:r:system_server:s0 tcontext=u:object_r:dalvikcache_data_file:s0 tclass=file
01-12 17:04:43.356   967   967 W zygote64: ClassLoaderContext size mismatch. expected=1, actual=2 (PCL[] | PCL[];PCL[])
01-12 17:04:43.357   579   579 E mm-camera: <IMGLIB><ERROR> 957: frameproc_comp_load_fn_ptrs: img_algo_post_process can be NULL for few AOST features
01-12 17:04:43.362   967   967 W system_server: type=1400 audit(0.0:8): avc: granted { execute } for path="/data/dalvik-cache/arm64/system@framework@ethernet-service.jar@classes.dex" dev="sda15" ino=2894316 scontext=u:r:system_server:s0 tcontext=u:object_r:dalvikcache_data_file:s0 tclass=file
01-12 17:04:43.365   967   967 W system_server: type=1400 audit(0.0:9): avc: granted { execute } for path="/data/dalvik-cache/arm64/system@framework@wifi-service.jar@classes.dex" dev="sda15" ino=2894318 scontext=u:r:system_server:s0 tcontext=u:object_r:dalvikcache_data_file:s0 tclass=file
01-12 17:04:43.367   579   579 E mm-camera: <IMGLIB><ERROR> 1168: frameproc_comp_reload_lib: frameproc_comp_reload_lib:1168] Error opening frameproc library libmmcamera_llvd.so error dlopen failed: library "libllvd_smore.so" not found
01-12 17:04:43.367   579   579 E mm-camera: <IMGLIB><ERROR> 1037: frameproc_comp_load: frameproc_comp_load:1037] cannot load libmmcamera_llvd.so
01-12 17:04:43.367   579   579 E mm-camera: <IMGLIB><ERROR> 3115: module_imgbase_init: module_imgbase_init_llvd:3115] Error rc -7
01-12 17:04:43.368   967   967 W system_server: type=1400 audit(0.0:10): avc: granted { execute } for path="/data/dalvik-cache/arm64/system@framework@com.android.location.provider.jar@classes.dex" dev="sda15" ino=2894320 scontext=u:r:system_server:s0 tcontext=u:object_r:dalvikcache_data_file:s0 tclass=file
01-12 17:04:43.368   967   967 W zygote64: ClassLoaderContext size mismatch. expected=1, actual=2 (PCL[services.jar*3735774383] | PCL[/system/framework/services.jar*3735774383];PCL[])
01-12 17:04:43.371   967   967 W zygote64: ClassLoaderContext size mismatch. expected=1, actual=2 (PCL[services.jar*3735774383:ethernet-service.jar*1898347024] | PCL[/system/framework/services.jar*3735774383:/system/framework/ethernet-service.jar*1898347024];PCL[])
01-12 17:04:43.373   579   579 E mm-camera: <IMGLIB><ERROR> 957: frameproc_comp_load_fn_ptrs: img_algo_post_process can be NULL for few AOST features
01-12 17:04:43.375   967   967 W zygote64: ClassLoaderContext size mismatch. expected=1, actual=2 (PCL[services.jar*3735774383:ethernet-service.jar*1898347024:wifi-service.jar*1295322884] | PCL[/system/framework/services.jar*3735774383:/system/framework/ethernet-service.jar*1898347024:/system/framework/wifi-service.jar*1295322884];PCL[])
01-12 17:04:43.389   967   967 I SystemServer: InitBeforeStartServices
01-12 17:04:43.389   967   967 I SystemServer: Entered the Android system server!
01-12 17:04:43.412   579   579 E mm-camera: <IMGLIB><ERROR> 957: frameproc_comp_load_fn_ptrs: img_algo_post_process can be NULL for few AOST features
01-12 17:04:43.423   579   579 E mm-camera: <IMGLIB><ERROR> 957: frameproc_comp_load_fn_ptrs: img_algo_post_process can be NULL for few AOST features
01-12 17:04:43.436   579   579 E mm-camera: <IMGLIB><ERROR> 1168: frameproc_comp_reload_lib: frameproc_comp_reload_lib:1168] Error opening frameproc library libmmcamera_trueportrait_lib.so error dlopen failed: library "libtrueportrait.so" not found
01-12 17:04:43.436   579   579 E mm-camera: <IMGLIB><ERROR> 1037: frameproc_comp_load: frameproc_comp_load:1037] cannot load libmmcamera_trueportrait_lib.so
01-12 17:04:43.436   579   579 E mm-camera: <IMGLIB><ERROR> 3115: module_imgbase_init: module_imgbase_init_imglib_trueportrait:3115] Error rc -7
01-12 17:04:43.436   579   579 E mm-camera: <IMGLIB><ERROR> 744: module_imglib_create_topology: module_imglib_create_topology:744] Can not init the module imglib_trueportrait
01-12 17:04:43.445   579   579 E mm-camera: <IMGLIB><ERROR> 957: frameproc_comp_load_fn_ptrs: img_algo_post_process can be NULL for few AOST features
01-12 17:04:43.445   579   579 E mm-camera: <IMGLIB><ERROR> 744: module_imglib_create_topology: module_imglib_create_topology:744] Can not init the module imglib_oem1
01-12 17:04:43.445   579   579 I mm-camera: <MCT   >< INFO> 135: server_process_module_init: CAMERA_DAEMON: init mods done
01-12 17:04:43.472   507   507 I tftp_server: pid=507 tid=507 tftp-server : INF :[tftp_server.c, 524] rcvd request [2] [73] [2] [5] [7]
01-12 17:04:43.472   507  1053 I tftp_server: pid=507 tid=1053 tftp-server : INF :[tftp_server_utils.c, 113] file [readwrite/server_check.txt] : [/vendor/rfs/msm/adsp/readwrite/server_check.txt]
01-12 17:04:43.475   507  1053 I tftp_server: pid=507 tid=1053 tftp-server : INF :[tftp_server.c, 1044] OACK options : [7680, 1500, 10, 0, 0, 0, 0, 0]
01-12 17:04:43.475   507  1053 I tftp_server: pid=507 tid=1053 tftp-server : INF :[tftp_os_la.c, 184] unlink failed: [2] [/vendor/rfs/msm/adsp/readwrite/server_check.txt.rfs_tmp] [No such file or directo
01-12 17:04:43.475   507  1053 I tftp_server: pid=507 tid=1053 tftp-server : INF :[tftp_server.c, 722] Using temp file[/vendor/rfs/msm/adsp/readwrite/server_check.txt.rfs_tmp] for atomic put
01-12 17:04:43.475   507  1053 I tftp_server: pid=507 tid=1053 tftp-server : INF :[tftp_os_la.c, 59] open : [-1] [-1] [384] [577] [/vendor/rfs/msm/adsp/readwrite/server_check.txt.rfs_tmp]
01-12 17:04:43.529   967   967 D SystemServerTiming: InitBeforeStartServices took to complete: 140ms
01-12 17:04:43.529   967   967 I SystemServer: StartServices
01-12 17:04:43.529   967   967 I SystemServer: Reading configuration...
01-12 17:04:43.529   967   967 I SystemServer: ReadingSystemConfig
01-12 17:04:43.530   967   967 D SystemServerTiming: ReadingSystemConfig took to complete: 1ms
01-12 17:04:43.530   967   967 I SystemServer: StartInstaller
01-12 17:04:43.530   967  1054 D SystemServerInitThreadPool: Started executing ReadingSystemConfig
01-12 17:04:43.531   967   967 I SystemServiceManager: Starting com.android.server.pm.Installer
01-12 17:04:43.535   507   507 I tftp_server: pid=507 tid=507 tftp-server : INF :[tftp_server.c, 524] rcvd request [2] [73] [2] [5] [11]
01-12 17:04:43.535   507  1055 I tftp_server: pid=507 tid=1055 tftp-server : INF :[tftp_server_utils.c, 113] file [readwrite/server_check.txt] : [/vendor/rfs/msm/adsp/readwrite/server_check.txt]
01-12 17:04:43.536   507  1055 I tftp_server: pid=507 tid=1055 tftp-server : INF :[tftp_server.c, 1044] OACK options : [7680, 1500, 10, 0, 0, 0, 0, 0]
01-12 17:04:43.536   507  1055 I tftp_server: pid=507 tid=1055 tftp-server : INF :[tftp_os_la.c, 184] unlink failed: [2] [/vendor/rfs/msm/adsp/readwrite/server_check.txt.rfs_tmp] [No such file or directo
01-12 17:04:43.536   507  1055 I tftp_server: pid=507 tid=1055 tftp-server : INF :[tftp_server.c, 722] Using temp file[/vendor/rfs/msm/adsp/readwrite/server_check.txt.rfs_tmp] for atomic put
01-12 17:04:43.536   507  1055 I tftp_server: pid=507 tid=1055 tftp-server : INF :[tftp_os_la.c, 59] open : [-1] [-1] [384] [577] [/vendor/rfs/msm/adsp/readwrite/server_check.txt.rfs_tmp]
01-12 17:04:43.539   967   967 D SystemServerTiming: StartInstaller took to complete: 8ms
01-12 17:04:43.539   967   967 I SystemServer: DeviceIdentifiersPolicyService
01-12 17:04:43.539   967   967 I SystemServiceManager: Starting com.android.server.os.DeviceIdentifiersPolicyService
01-12 17:04:43.542   967   967 D SystemServerTiming: DeviceIdentifiersPolicyService took to complete: 3ms
01-12 17:04:43.542   967   967 I SystemServer: StartActivityManager
01-12 17:04:43.542   967   967 I SystemServiceManager: Starting com.android.server.am.ActivityManagerService$Lifecycle
01-12 17:04:43.558   967   967 I ActivityManager: Memory class: 256
01-12 17:04:43.559   967  1059 I ServiceThread: Enabled StrictMode logging for ActivityManager looper.
01-12 17:04:43.561   967  1060 I ServiceThread: Enabled StrictMode logging for android.ui looper.
01-12 17:04:43.583   581   682 E QC-time-services: Daemon:genoff_modem_qmi_service_request: qmi_client_get_service_list returned -2num_services 0
01-12 17:04:43.583   581   681 E QC-time-services: Daemon:genoff_wlan_qmi_service_request: qmi_client_get_service_list returned -2num_services 0
01-12 17:04:43.589   967   967 D BatteryStatsImpl: Reading daily items from /data/system/batterystats-daily.xml
01-12 17:04:43.602   967  1063 E BluetoothAdapter: Bluetooth binder is null
01-12 17:04:43.605   967  1063 E BatteryExternalStatsWorker: no controller energy info supplied for telephony
01-12 17:04:43.607   967  1063 E KernelUidCpuFreqTimeReader: Failed to read /proc/uid_time_in_state: java.io.FileNotFoundException: /proc/uid_time_in_state (No such file or directory)
01-12 17:04:43.625   967  1063 I PowerManagerService-JNI: Loaded power HAL service
01-12 17:04:43.659   967   967 I IntentFirewall: Read new rules (A:0 B:0 S:0)
01-12 17:04:43.665   967  1067 I ServiceThread: Enabled StrictMode logging for android.display looper.
01-12 17:04:43.666   967   967 W zygote64: Failed to remove /acct/uid_0/pid_413: Device or resource busy
01-12 17:04:43.666   967   967 W zygote64: Failed to remove /acct/uid_0/pid_449: Device or resource busy
01-12 17:04:43.666   967   967 W zygote64: Failed to remove /acct/uid_0/pid_459: Device or resource busy
01-12 17:04:43.666   967   967 W zygote64: Failed to remove /acct/uid_0/pid_460: Device or resource busy
01-12 17:04:43.666   967   967 W zygote64: Failed to remove /acct/uid_0/pid_461: Device or resource busy
01-12 17:04:43.666   967   967 W zygote64: Failed to remove /acct/uid_0/pid_500: Device or resource busy
01-12 17:04:43.666   967   967 W zygote64: Failed to remove /acct/uid_0/pid_501: Device or resource busy
01-12 17:04:43.666   967   967 W zygote64: Failed to remove /acct/uid_0/pid_502: Device or resource busy
01-12 17:04:43.666   967   967 W zygote64: Failed to remove /acct/uid_0/pid_506: Device or resource busy
01-12 17:04:43.667   967   967 W zygote64: Failed to remove /acct/uid_0/pid_507: Device or resource busy
01-12 17:04:43.667   967   967 W zygote64: Failed to remove /acct/uid_0/pid_509: Device or resource busy
01-12 17:04:43.667   967   967 W zygote64: Failed to remove /acct/uid_0/pid_510: Device or resource busy
01-12 17:04:43.667   967   967 W zygote64: Failed to remove /acct/uid_0/pid_512: Device or resource busy
01-12 17:04:43.667   967   967 W zygote64: Failed to remove /acct/uid_0/pid_538: Device or resource busy
01-12 17:04:43.667   967   967 W zygote64: Failed to remove /acct/uid_0/pid_542: Device or resource busy
01-12 17:04:43.667   967   967 W zygote64: Failed to remove /acct/uid_0/pid_550: Device or resource busy
01-12 17:04:43.667   967   967 W zygote64: Failed to remove /acct/uid_0/pid_557: Device or resource busy
01-12 17:04:43.667   967   967 W zygote64: Failed to remove /acct/uid_0/pid_568: Device or resource busy
01-12 17:04:43.667   967   967 W zygote64: Failed to remove /acct/uid_0/pid_581: Device or resource busy
01-12 17:04:43.667   967   967 W zygote64: Failed to remove /acct/uid_0/pid_608: Device or resource busy
01-12 17:04:43.667   967   967 W zygote64: Failed to remove /acct/uid_0/pid_707: Device or resource busy
01-12 17:04:43.667   967   967 W zygote64: Failed to remove /acct/uid_0: Permission denied
01-12 17:04:43.667   967   967 W zygote64: Failed to remove /acct/uid_1000/pid_440: Device or resource busy
01-12 17:04:43.667   967   967 W zygote64: Failed to remove /acct/uid_1000/pid_441: Device or resource busy
01-12 17:04:43.667   967   967 W zygote64: Failed to remove /acct/uid_1000/pid_442: Device or resource busy
01-12 17:04:43.667   967   967 W zygote64: Failed to remove /acct/uid_1000/pid_448: Device or resource busy
01-12 17:04:43.667   967   967 W zygote64: Failed to remove /acct/uid_1000/pid_480: Device or resource busy
01-12 17:04:43.667   967   967 W zygote64: Failed to remove /acct/uid_1000/pid_484: Device or resource busy
01-12 17:04:43.668   967   967 W zygote64: Failed to remove /acct/uid_1000/pid_486: Device or resource busy
01-12 17:04:43.668   967   967 W zygote64: Failed to remove /acct/uid_1000/pid_487: Device or resource busy
01-12 17:04:43.668   967   967 W zygote64: Failed to remove /acct/uid_1000/pid_488: Device or resource busy
01-12 17:04:43.668   967   967 W zygote64: Failed to remove /acct/uid_1000/pid_489: Device or resource busy
01-12 17:04:43.668   967   967 W zygote64: Failed to remove /acct/uid_1000/pid_490: Device or resource busy
01-12 17:04:43.668   967   967 W zygote64: Failed to remove /acct/uid_1000/pid_491: Device or resource busy
01-12 17:04:43.668   967   967 W zygote64: Failed to remove /acct/uid_1000/pid_492: Device or resource busy
01-12 17:04:43.668   967   967 W zygote64: Failed to remove /acct/uid_1000/pid_493: Device or resource busy
01-12 17:04:43.668   967   967 W zygote64: Failed to remove /acct/uid_1000/pid_494: Device or resource busy
01-12 17:04:43.668   967   967 W zygote64: Failed to remove /acct/uid_1000/pid_495: Device or resource busy
01-12 17:04:43.668   967   967 W zygote64: Failed to remove /acct/uid_1000/pid_496: Device or resource busy
01-12 17:04:43.668   967   967 W zygote64: Failed to remove /acct/uid_1000/pid_497: Device or resource busy
01-12 17:04:43.668   967   967 W zygote64: Failed to remove /acct/uid_1000/pid_511: Device or resource busy
01-12 17:04:43.668   967   967 W zygote64: Failed to remove /acct/uid_1000/pid_540: Device or resource busy
01-12 17:04:43.668   967   967 W zygote64: Failed to remove /acct/uid_1000/pid_545: Device or resource busy
01-12 17:04:43.668   967   967 W zygote64: Failed to remove /acct/uid_1000/pid_549: Device or resource busy
01-12 17:04:43.668   967   967 W zygote64: Failed to remove /acct/uid_1000/pid_580: Device or resource busy
01-12 17:04:43.668   967   967 W zygote64: Failed to remove /acct/uid_1000/pid_638: Device or resource busy
01-12 17:04:43.668   967   967 W zygote64: Failed to remove /acct/uid_1000/pid_643: Device or resource busy
01-12 17:04:43.668   967   967 W zygote64: Failed to remove /acct/uid_1000/pid_690: Device or resource busy
01-12 17:04:43.669   967   967 W zygote64: Failed to remove /acct/uid_1000/pid_693: Device or resource busy
01-12 17:04:43.669   967   967 W zygote64: Failed to remove /acct/uid_1000: Permission denied
01-12 17:04:43.669   967   967 W zygote64: Failed to remove /acct/uid_1001/pid_551: Device or resource busy
01-12 17:04:43.669   967   967 W zygote64: Failed to remove /acct/uid_1001/pid_553: Device or resource busy
01-12 17:04:43.669   967   967 W zygote64: Failed to remove /acct/uid_1001: Permission denied
01-12 17:04:43.669   967   967 W zygote64: Failed to remove /acct/uid_1002/pid_482: Device or resource busy
01-12 17:04:43.669   967   967 W zygote64: Failed to remove /acct/uid_1002: Permission denied
01-12 17:04:43.669   967   967 W zygote64: Failed to remove /acct/uid_1003/pid_819: Device or resource busy
01-12 17:04:43.669   967   967 W zygote64: Failed to remove /acct/uid_1003: Permission denied
01-12 17:04:43.669   967   967 W zygote64: Failed to remove /acct/uid_1006/pid_579: Device or resource busy
01-12 17:04:43.669   967   967 W zygote64: Failed to remove /acct/uid_1006: Permission denied
01-12 17:04:43.669   967   967 W zygote64: Failed to remove /acct/uid_1010/pid_499: Device or resource busy
01-12 17:04:43.669   967   967 W zygote64: Failed to remove /acct/uid_1010/pid_569: Device or resource busy
01-12 17:04:43.669   967   967 W zygote64: Failed to remove /acct/uid_1010: Permission denied
01-12 17:04:43.669   967   967 W zygote64: Failed to remove /acct/uid_1013/pid_483: Device or resource busy
01-12 17:04:43.669   967   967 W zygote64: Failed to remove /acct/uid_1013/pid_485: Device or resource busy
01-12 17:04:43.669   967   967 W zygote64: Failed to remove /acct/uid_1013/pid_544: Device or resource busy
01-12 17:04:43.669   967   967 W zygote64: Failed to remove /acct/uid_1013/pid_560: Device or resource busy
01-12 17:04:43.669   967   967 W zygote64: Failed to remove /acct/uid_1013/pid_562: Device or resource busy
01-12 17:04:43.669   967   967 W zygote64: Failed to remove /acct/uid_1013/pid_567: Device or resource busy
01-12 17:04:43.669   967   967 W zygote64: Failed to remove /acct/uid_1013: Permission denied
01-12 17:04:43.670   967   967 W zygote64: Failed to remove /acct/uid_1017/pid_559: Device or resource busy
01-12 17:04:43.670   967   967 W zygote64: Failed to remove /acct/uid_1017: Permission denied
01-12 17:04:43.670   967   967 W zygote64: Failed to remove /acct/uid_1019/pid_556: Device or resource busy
01-12 17:04:43.670   967   967 W zygote64: Failed to remove /acct/uid_1019: Permission denied
01-12 17:04:43.670   967   967 W zygote64: Failed to remove /acct/uid_1021/pid_578: Device or resource busy
01-12 17:04:43.670   967   967 W zygote64: Failed to remove /acct/uid_1021: Permission denied
01-12 17:04:43.670   967   967 W zygote64: Failed to remove /acct/uid_1036/pid_439: Device or resource busy
01-12 17:04:43.670   967   967 W zygote64: Failed to remove /acct/uid_1036: Permission denied
01-12 17:04:43.670   967   967 W zygote64: Failed to remove /acct/uid_1040/pid_561: Device or resource busy
01-12 17:04:43.670   967   967 W zygote64: Failed to remove /acct/uid_1040: Permission denied
01-12 17:04:43.670   967   967 W zygote64: Failed to remove /acct/uid_1041/pid_481: Device or resource busy
01-12 17:04:43.670   967   967 W zygote64: Failed to remove /acct/uid_1041/pid_554: Device or resource busy
01-12 17:04:43.670   967   967 W zygote64: Failed to remove /acct/uid_1041: Permission denied
01-12 17:04:43.670   967   967 W zygote64: Failed to remove /acct/uid_1046/pid_577: Device or resource busy
01-12 17:04:43.670   967   967 W zygote64: Failed to remove /acct/uid_1046: Permission denied
01-12 17:04:43.670   967   967 W zygote64: Failed to remove /acct/uid_1047/pid_555: Device or resource busy
01-12 17:04:43.670   967   967 W zygote64: Failed to remove /acct/uid_1047: Permission denied
01-12 17:04:43.670   967   967 W zygote64: Failed to remove /acct/uid_1058/pid_639: Device or resource busy
01-12 17:04:43.670   967   967 W zygote64: Failed to remove /acct/uid_1058: Permission denied
01-12 17:04:43.672   967   967 D AppOps  : AppOpsService published
01-12 17:04:43.672   967   967 D SystemServerTiming: StartActivityManager took to complete: 130ms
01-12 17:04:43.672   967   967 I SystemServer: StartPowerManager
01-12 17:04:43.672   967   967 I SystemServiceManager: Starting com.android.server.power.PowerManagerService
01-12 17:04:43.675   967  1069 I ServiceThread: Enabled StrictMode logging for PowerManagerService looper.
01-12 17:04:43.677   967   967 I libsuspend: Selected wakeup count
01-12 17:04:43.678   492   492 I QCOM PowerHAL: set_feature POWER_FEATURE_DOUBLE_TAP_TO_WAKE OFF
01-12 17:04:43.680   967   967 D SystemServerTiming: StartPowerManager took to complete: 7ms
01-12 17:04:43.680   967   967 I SystemServer: InitPowerManagement
01-12 17:04:43.681   967   967 D SystemServerTiming: InitPowerManagement took to complete: 1ms
01-12 17:04:43.681   967   967 I SystemServer: StartRecoverySystemService
01-12 17:04:43.681   967   967 I SystemServiceManager: Starting com.android.server.RecoverySystemService
01-12 17:04:43.683   967   967 D SystemServerTiming: StartRecoverySystemService took to complete: 1ms
01-12 17:04:43.684   967   967 V RescueParty: Disabled because of active USB connection
01-12 17:04:43.684   967   967 I SystemServer: StartLightsService
01-12 17:04:43.684   967   967 I SystemServiceManager: Starting com.android.server.lights.LightsService
01-12 17:04:43.684   967   967 D SystemServerTiming: StartLightsService took to complete: 0ms
01-12 17:04:43.684   967   967 I SystemServer: StartDisplayManager
01-12 17:04:43.686   967   967 I SystemServiceManager: Starting com.android.server.display.DisplayManagerService
01-12 17:04:43.688   967  1054 D SystemServerInitThreadPool: Finished executing ReadingSystemConfig
01-12 17:04:43.690   967   967 D SystemServerTiming: StartDisplayManager took to complete: 6ms
01-12 17:04:43.690   967   967 I SystemServer: WaitForDisplay
01-12 17:04:43.690   967   967 I SystemServiceManager: Starting phase 100
01-12 17:04:43.693   488   818 I SDM     : HWCDisplay::GetColorModeCount: Supported color mode count = 0
01-12 17:04:43.694   488   818 I SDM     : HWCDisplay::GetHdrCapabilities: HDR is not supported
01-12 17:04:43.702   967  1067 I DisplayManagerService: Display device added: DisplayDeviceInfo{" ": uniqueId="local:0", 1080 x 1920, modeId 1, defaultModeId 1, supportedModes [{id=1, width=1080, height=1920, fps=60.000004}], colorMode 0, supportedColorModes [0], HdrCapabilities android.view.Display$HdrCapabilities@1d6308, density 480, 403.411 x 399.737 dpi, appVsyncOff 2000000, presDeadline 11666666, touch INTERNAL, rotation 0, type BUILT_IN, state UNKNOWN, FLAG_DEFAULT_DISPLAY, FLAG_ROTATES_WITH_CONTENT, FLAG_SECURE, FLAG_SUPPORTS_PROTECTED_BUFFERS}
01-12 17:04:43.694   488   818 I SDM     : HWCDisplay::GetHdrCapabilities: HDR is not supported
01-12 17:04:43.703   511   511 D SurfaceFlinger: Set power mode=2, type=0 flinger=0x7c7d45f000
01-12 17:04:43.705   967   967 D SystemServerTiming: WaitForDisplay took to complete: 15ms
01-12 17:04:43.706   967  1067 I DisplayManagerService: Display device changed state: " ", ON
01-12 17:04:43.706   967   967 I SystemServer: StartPackageManagerService
01-12 17:04:43.722   967   967 D SELinuxMMAC: Using policy file /system/etc/selinux/plat_mac_permissions.xml
01-12 17:04:43.724   967   967 D SELinuxMMAC: Using policy file /vendor/etc/selinux/nonplat_mac_permissions.xml
01-12 17:04:43.797   967   967 W PackageManager: Wiping cache directory because the system partition changed.
01-12 17:04:43.844   481   481 D audio_hw_utils: audio_extn_utils_get_snd_card_num: snd_card_name: msm8996-tasha-mtp-snd-card
01-12 17:04:43.845   481   481 W hardware_info: update_hardware_info_8996: Not a 8996 device
01-12 17:04:43.845   481   481 D audio_hw_utils: audio_extn_utils_get_snd_card_num: Opened sound card:0
01-12 17:04:43.908   580   747 D PerMgrSrv: modem new state: is on-line
01-12 17:04:43.909   580   743 D PerMgrSrv: QCRIL voting for modem
01-12 17:04:43.909   580   743 D PerMgrSrv: modem num voters is 2
01-12 17:04:43.909   580   863 D PerMgrSrv: modem state: is on-line, add client PM-PROXY-THREAD
01-12 17:04:43.909   580   863 D PerMgrSrv: PM-PROXY-THREAD registered
01-12 17:04:43.909   690   690 D PerMgrLib: PM-PROXY-THREAD successfully registered for modem
01-12 17:04:43.909   690   690 I PerMgrProxy: pm-proxy-thread Voting for internal modem
01-12 17:04:43.909   690   690 D PerMgrLib: PM-PROXY-THREAD voting for modem
01-12 17:04:43.909   580   863 D PerMgrSrv: PM-PROXY-THREAD voting for modem
01-12 17:04:43.909   580   863 D PerMgrSrv: modem num voters is 3
01-12 17:04:43.910   551   715 E QMI_FW  : QMUXD: WARNING qmi_qmux_if_pwr_up_init failed! rc=-6
01-12 17:04:43.927   967  1082 W PackageParser: No actions in intent filter at /system/priv-app/Contacts/Contacts.apk Binary XML file line #443
01-12 17:04:44.008   506   506 I rmt_storage: rmt_storage_connect_cb: clnt_h=0x1 conn_h=0x7e31a2b380
01-12 17:04:44.009   506   506 I rmt_storage: rmt_storage_open_cb: /boot/modem_fs1: req_h=0x1 msg_id=1: Client found
01-12 17:04:44.009   506  1091 I rmt_storage: rmt_storage_client_thread: /boot/modem_fs1: Worker thread started
01-12 17:04:44.009   506   506 I rmt_storage: rmt_storage_open_cb: /boot/modem_fs1: req_h=0x1 msg_id=1: Send response: res=0 err=0
01-12 17:04:44.009   506  1091 I rmt_storage: wake lock name: rmt_storage_541996086512, name creation success: 24
01-12 17:04:44.009   506   506 I rmt_storage: rmt_storage_connect_cb: clnt_h=0x2 conn_h=0x7e31a2b390
01-12 17:04:44.010   506   506 I rmt_storage: rmt_storage_open_cb: /boot/modem_fs2: req_h=0x2 msg_id=1: Client found
01-12 17:04:44.010   506   506 I rmt_storage: rmt_storage_open_cb: /boot/modem_fs2: req_h=0x2 msg_id=1: Send response: res=0 err=0
01-12 17:04:44.010   506   506 I rmt_storage: rmt_storage_disconnect_cb: clnt_h=0x1 conn_h=0x7e31a2b380
01-12 17:04:44.010   506  1092 I rmt_storage: rmt_storage_client_thread: /boot/modem_fs2: Worker thread started
01-12 17:04:44.010   506  1092 I rmt_storage: wake lock name: rmt_storage_541995050224, name creation success: 24
01-12 17:04:44.010   506   506 I rmt_storage: rmt_storage_connect_cb: clnt_h=0x3 conn_h=0x7e31a2b380
01-12 17:04:44.011   506   506 I rmt_storage: rmt_storage_open_cb: /boot/modem_fsg: req_h=0x3 msg_id=1: Client found
01-12 17:04:44.011   506   506 I rmt_storage: rmt_storage_open_cb: /boot/modem_fsg: req_h=0x3 msg_id=1: Send response: res=0 err=0
01-12 17:04:44.011   506   506 I rmt_storage: rmt_storage_disconnect_cb: clnt_h=0x2 conn_h=0x7e31a2b390
01-12 17:04:44.011   506  1093 I rmt_storage: rmt_storage_client_thread: /boot/modem_fsg: Worker thread started
01-12 17:04:44.011   506  1093 I rmt_storage: wake lock name: rmt_storage_541994013936, name creation success: 24
01-12 17:04:44.012   506   506 I rmt_storage: rmt_storage_connect_cb: clnt_h=0x4 conn_h=0x7e31a2b390
01-12 17:04:44.012   506   506 I rmt_storage: rmt_storage_open_cb: /boot/modem_fsc: req_h=0x4 msg_id=1: Client found
01-12 17:04:44.012   506   506 I rmt_storage: rmt_storage_open_cb: /boot/modem_fsc: req_h=0x4 msg_id=1: Send response: res=0 err=0
01-12 17:04:44.012   506   506 I rmt_storage: rmt_storage_disconnect_cb: clnt_h=0x3 conn_h=0x7e31a2b380
01-12 17:04:44.012   506  1094 I rmt_storage: rmt_storage_client_thread: /boot/modem_fsc: Worker thread started
01-12 17:04:44.012   506  1094 I rmt_storage: wake lock name: rmt_storage_541992977648, name creation success: 24
01-12 17:04:44.013   506   506 I rmt_storage: rmt_storage_connect_cb: clnt_h=0x5 conn_h=0x7e31a2b380
01-12 17:04:44.013   506   506 I oem_rmts: oem_remote_storage_should_create_client: init a new client for path:/oem/nvbk/static
01-12 17:04:44.013   506   506 I rmt_storage: rmt_storage_open_cb: /oem/nvbk/static: req_h=0x5 msg_id=1: Client found
01-12 17:04:44.013   506   506 I rmt_storage: rmt_storage_open_cb: /oem/nvbk/static: req_h=0x5 msg_id=1: Send response: res=0 err=0
01-12 17:04:44.013   506  1095 I rmt_storage: rmt_storage_client_thread: /oem/nvbk/static: Worker thread started
01-12 17:04:44.013   506  1095 I rmt_storage: wake lock name: rmt_storage_541991941360, name creation success: 24
01-12 17:04:44.013   506   506 I rmt_storage: rmt_storage_disconnect_cb: clnt_h=0x4 conn_h=0x7e31a2b390
01-12 17:04:44.013   506   506 I rmt_storage: rmt_storage_disconnect_cb: clnt_h=0x5 conn_h=0x7e31a2b380
01-12 17:04:44.014   506   506 I rmt_storage: rmt_storage_connect_cb: clnt_h=0x6 conn_h=0x7e31a2b380
01-12 17:04:44.014   506   506 I oem_rmts: oem_remote_storage_should_create_client: init a new client for path:/oem/nvbk/dynamic
01-12 17:04:44.014   506   506 I rmt_storage: rmt_storage_open_cb: /oem/nvbk/dynamic: req_h=0x6 msg_id=1: Client found
01-12 17:04:44.014   506   506 I rmt_storage: rmt_storage_open_cb: /oem/nvbk/dynamic: req_h=0x6 msg_id=1: Send response: res=0 err=0
01-12 17:04:44.014   506  1096 I rmt_storage: rmt_storage_client_thread: /oem/nvbk/dynamic: Worker thread started
01-12 17:04:44.014   506  1096 I rmt_storage: wake lock name: rmt_storage_541990905072, name creation success: 24
01-12 17:04:44.016   506   506 I rmt_storage: rmt_storage_connect_cb: clnt_h=0x7 conn_h=0x7e31a2b390
01-12 17:04:44.016   506   506 I rmt_storage: rmt_storage_alloc_buff_cb: /boot/modem_fs1: req_h=0x7 msg_id=4: Alloc request received: Size: 0
01-12 17:04:44.016   506   506 I rmt_storage: rmt_storage_alloc_buff_cb: /boot/modem_fs1: req_h=0x7 msg_id=4: New client making a dummy request with buffer req size 0
01-12 17:04:44.016   506   506 I rmt_storage: rmt_storage_alloc_buff_cb: /boot/modem_fs1: req_h=0x7 msg_id=4: Send response: res=0 err=0
01-12 17:04:44.016   506   506 I rmt_storage: rmt_storage_disconnect_cb: clnt_h=0x6 conn_h=0x7e31a2b380
01-12 17:04:44.017   506   506 I rmt_storage: rmt_storage_disconnect_cb: clnt_h=0x7 conn_h=0x7e31a2b390
01-12 17:04:44.017   506   506 I rmt_storage: rmt_storage_connect_cb: clnt_h=0x8 conn_h=0x7e31a2b390
01-12 17:04:44.018   506   506 I rmt_storage: rmt_storage_get_client: No client found for hndl=10
01-12 17:04:44.018   506   506 I rmt_storage: rmt_storage_rw_iovec_cb: /oem/nvbk/static: req_h=0x8 msg_id=3: R/W request received
01-12 17:04:44.018   506   506 I oem_rmts: oem_remote_storage_is_oem_client: It's an oem storage client.
01-12 17:04:44.018   506   506 I rmt_storage: wakelock acquired: 1, error no: 42
01-12 17:04:44.019   506  1095 I rmt_storage: rmt_storage_client_thread: /oem/nvbk/static: Unblock worker thread (th_id: 541991941360)
01-12 17:04:44.019   506  1095 I rmt_storage: rmt_storage_client_thread: /oem/nvbk/static: req_h=0x8 msg_id=3: Bytes read = 512
01-12 17:04:44.019   506  1095 I rmt_storage: rmt_storage_client_thread: /oem/nvbk/static: req_h=0x8 msg_id=3: Send response: res=0 err=0
01-12 17:04:44.020   506  1095 I rmt_storage: rmt_storage_client_thread: /oem/nvbk/static: About to block rmt_storage client thread (th_id: 541991941360) wakelock released: 1, error no: 0
01-12 17:04:44.020   506  1095 I rmt_storage: 
01-12 17:04:44.020   506   506 I rmt_storage: rmt_storage_disconnect_cb: clnt_h=0x8 conn_h=0x7e31a2b390
01-12 17:04:44.020   506   506 I rmt_storage: rmt_storage_connect_cb: clnt_h=0x9 conn_h=0x7e31a2b390
01-12 17:04:44.020   506   506 I rmt_storage: rmt_storage_get_client: No client found for hndl=10
01-12 17:04:44.020   506   506 I rmt_storage: rmt_storage_rw_iovec_cb: /oem/nvbk/static: req_h=0x9 msg_id=3: R/W request received
01-12 17:04:44.020   506   506 I oem_rmts: oem_remote_storage_is_oem_client: It's an oem storage client.
01-12 17:04:44.020   506   506 I rmt_storage: wakelock acquired: 1, error no: 42
01-12 17:04:44.020   506  1095 I rmt_storage: rmt_storage_client_thread: /oem/nvbk/static: Unblock worker thread (th_id: 541991941360)
01-12 17:04:44.024   506  1095 I rmt_storage: rmt_storage_client_thread: /oem/nvbk/static: req_h=0x9 msg_id=3: Bytes read = 503296
01-12 17:04:44.024   506  1095 I rmt_storage: rmt_storage_client_thread: /oem/nvbk/static: req_h=0x9 msg_id=3: Send response: res=0 err=0
01-12 17:04:44.024   506  1095 I rmt_storage: rmt_storage_client_thread: /oem/nvbk/static: About to block rmt_storage client thread (th_id: 541991941360) wakelock released: 1, error no: 0
01-12 17:04:44.024   506  1095 I rmt_storage: 
01-12 17:04:44.025   506   506 I rmt_storage: rmt_storage_disconnect_cb: clnt_h=0x9 conn_h=0x7e31a2b390
01-12 17:04:44.033   506   506 I rmt_storage: rmt_storage_connect_cb: clnt_h=0xa conn_h=0x7e31a2b390
01-12 17:04:44.033   506   506 I rmt_storage: rmt_storage_get_client: No client found for hndl=9
01-12 17:04:44.033   506   506 I rmt_storage: rmt_storage_rw_iovec_cb: /oem/nvbk/dynamic: req_h=0xa msg_id=3: R/W request received
01-12 17:04:44.033   506   506 I oem_rmts: oem_remote_storage_is_oem_client: It's an oem storage client.
01-12 17:04:44.033   506   506 I rmt_storage: wakelock acquired: 1, error no: 42
01-12 17:04:44.033   506  1096 I rmt_storage: rmt_storage_client_thread: /oem/nvbk/dynamic: Unblock worker thread (th_id: 541990905072)
01-12 17:04:44.034   506  1096 I rmt_storage: rmt_storage_client_thread: /oem/nvbk/dynamic: req_h=0xa msg_id=3: Bytes read = 512
01-12 17:04:44.034   506  1096 I rmt_storage: rmt_storage_client_thread: /oem/nvbk/dynamic: req_h=0xa msg_id=3: Send response: res=0 err=0
01-12 17:04:44.034   506  1096 I rmt_storage: rmt_storage_client_thread: /oem/nvbk/dynamic: About to block rmt_storage client thread (th_id: 541990905072) wakelock released: 1, error no: 0
01-12 17:04:44.034   506  1096 I rmt_storage: 
01-12 17:04:44.035   506   506 I rmt_storage: rmt_storage_disconnect_cb: clnt_h=0xa conn_h=0x7e31a2b390
01-12 17:04:44.035   506   506 I rmt_storage: rmt_storage_connect_cb: clnt_h=0xb conn_h=0x7e31a2b390
01-12 17:04:44.035   506   506 I rmt_storage: rmt_storage_get_client: No client found for hndl=9
01-12 17:04:44.035   506   506 I rmt_storage: rmt_storage_rw_iovec_cb: /oem/nvbk/dynamic: req_h=0xb msg_id=3: R/W request received
01-12 17:04:44.035   506   506 I oem_rmts: oem_remote_storage_is_oem_client: It's an oem storage client.
01-12 17:04:44.035   506   506 I rmt_storage: wakelock acquired: 1, error no: 42
01-12 17:04:44.035   506  1096 I rmt_storage: rmt_storage_client_thread: /oem/nvbk/dynamic: Unblock worker thread (th_id: 541990905072)
01-12 17:04:44.036   506  1096 I rmt_storage: rmt_storage_client_thread: /oem/nvbk/dynamic: req_h=0xb msg_id=3: Bytes read = 148992
01-12 17:04:44.036   506  1096 I rmt_storage: rmt_storage_client_thread: /oem/nvbk/dynamic: req_h=0xb msg_id=3: Send response: res=0 err=0
01-12 17:04:44.036   506  1096 I rmt_storage: rmt_storage_client_thread: /oem/nvbk/dynamic: About to block rmt_storage client thread (th_id: 541990905072) wakelock released: 1, error no: 0
01-12 17:04:44.036   506  1096 I rmt_storage: 
01-12 17:04:44.037   506   506 I rmt_storage: rmt_storage_disconnect_cb: clnt_h=0xb conn_h=0x7e31a2b390
01-12 17:04:44.037   568   719 I ServiceManager: Waiting for service package_native...
01-12 17:04:44.040   506   506 I rmt_storage: rmt_storage_connect_cb: clnt_h=0xc conn_h=0x7e31a2b390
01-12 17:04:44.040   506   506 I rmt_storage: rmt_storage_get_client: No client found for hndl=9
01-12 17:04:44.040   506   506 I rmt_storage: rmt_storage_rw_iovec_cb: /oem/nvbk/dynamic: req_h=0xc msg_id=3: R/W request received
01-12 17:04:44.040   506   506 I oem_rmts: oem_remote_storage_is_oem_client: It's an oem storage client.
01-12 17:04:44.040   506   506 I rmt_storage: wakelock acquired: 1, error no: 42
01-12 17:04:44.041   506  1096 I rmt_storage: rmt_storage_client_thread: /oem/nvbk/dynamic: Unblock worker thread (th_id: 541990905072)
01-12 17:04:44.046   506  1096 I rmt_storage: rmt_storage_client_thread: /oem/nvbk/dynamic: req_h=0xc msg_id=3: Bytes read = 200704
01-12 17:04:44.046   506  1096 I rmt_storage: rmt_storage_client_thread: /oem/nvbk/dynamic: req_h=0xc msg_id=3: Send response: res=0 err=0
01-12 17:04:44.046   506  1096 I rmt_storage: rmt_storage_client_thread: /oem/nvbk/dynamic: About to block rmt_storage client thread (th_id: 541990905072) wakelock released: 1, error no: 0
01-12 17:04:44.046   506  1096 I rmt_storage: 
01-12 17:04:44.047   506   506 I rmt_storage: rmt_storage_disconnect_cb: clnt_h=0xc conn_h=0x7e31a2b390
01-12 17:04:44.050   506   506 I rmt_storage: rmt_storage_connect_cb: clnt_h=0xd conn_h=0x7e31a2b390
01-12 17:04:44.050   506   506 I rmt_storage: rmt_storage_rw_iovec_cb: /boot/modem_fs1: req_h=0xd msg_id=3: R/W request received
01-12 17:04:44.050   506   506 I rmt_storage: wakelock acquired: 1, error no: 42
01-12 17:04:44.050   506  1091 I rmt_storage: rmt_storage_client_thread: /boot/modem_fs1: Unblock worker thread (th_id: 541996086512)
01-12 17:04:44.056   506  1091 I rmt_storage: rmt_storage_client_thread: /boot/modem_fs1: req_h=0xd msg_id=3: Bytes read = 512
01-12 17:04:44.056   506  1091 I rmt_storage: rmt_storage_client_thread: /boot/modem_fs1: req_h=0xd msg_id=3: Send response: res=0 err=0
01-12 17:04:44.056   506  1091 I rmt_storage: rmt_storage_client_thread: /boot/modem_fs1: About to block rmt_storage client thread (th_id: 541996086512) wakelock released: 1, error no: 0
01-12 17:04:44.056   506  1091 I rmt_storage: 
01-12 17:04:44.056   506   506 I rmt_storage: rmt_storage_disconnect_cb: clnt_h=0xd conn_h=0x7e31a2b390
01-12 17:04:44.057   506   506 I rmt_storage: rmt_storage_connect_cb: clnt_h=0xe conn_h=0x7e31a2b390
01-12 17:04:44.057   506   506 I rmt_storage: rmt_storage_rw_iovec_cb: /boot/modem_fs2: req_h=0xe msg_id=3: R/W request received
01-12 17:04:44.057   506   506 I rmt_storage: wakelock acquired: 1, error no: 42
01-12 17:04:44.057   506  1092 I rmt_storage: rmt_storage_client_thread: /boot/modem_fs2: Unblock worker thread (th_id: 541995050224)
01-12 17:04:44.059   506  1092 I rmt_storage: rmt_storage_client_thread: /boot/modem_fs2: req_h=0xe msg_id=3: Bytes read = 512
01-12 17:04:44.059   506  1092 I rmt_storage: rmt_storage_client_thread: /boot/modem_fs2: req_h=0xe msg_id=3: Send response: res=0 err=0
01-12 17:04:44.059   506  1092 I rmt_storage: rmt_storage_client_thread: /boot/modem_fs2: About to block rmt_storage client thread (th_id: 541995050224) wakelock released: 1, error no: 0
01-12 17:04:44.059   506  1092 I rmt_storage: 
01-12 17:04:44.060   506   506 I rmt_storage: rmt_storage_disconnect_cb: clnt_h=0xe conn_h=0x7e31a2b390
01-12 17:04:44.061   506   506 I rmt_storage: rmt_storage_connect_cb: clnt_h=0xf conn_h=0x7e31a2b390
01-12 17:04:44.061   506   506 I rmt_storage: rmt_storage_rw_iovec_cb: /boot/modem_fs1: req_h=0xf msg_id=3: R/W request received
01-12 17:04:44.061   506   506 I rmt_storage: wakelock acquired: 1, error no: 42
01-12 17:04:44.061   506  1091 I rmt_storage: rmt_storage_client_thread: /boot/modem_fs1: Unblock worker thread (th_id: 541996086512)
01-12 17:04:44.066   967  1081 W PackageParser: Ignoring duplicate uses-permissions/uses-permissions-sdk-m: android.permission.INSTALL_GRANT_RUNTIME_PERMISSIONS in package: com.android.shell at: Binary XML file line #106
01-12 17:04:44.072   506  1091 I rmt_storage: rmt_storage_client_thread: /boot/modem_fs1: req_h=0xf msg_id=3: Bytes read = 2096128
01-12 17:04:44.072   506  1091 I rmt_storage: rmt_storage_client_thread: /boot/modem_fs1: req_h=0xf msg_id=3: Send response: res=0 err=0
01-12 17:04:44.072   506  1091 I rmt_storage: rmt_storage_client_thread: /boot/modem_fs1: About to block rmt_storage client thread (th_id: 541996086512) wakelock released: 1, error no: 0
01-12 17:04:44.072   506  1091 I rmt_storage: 
01-12 17:04:44.073   506   506 I rmt_storage: rmt_storage_disconnect_cb: clnt_h=0xf conn_h=0x7e31a2b390
01-12 17:04:44.118   967  1079 W PackageParser: Ignoring duplicate uses-permissions/uses-permissions-sdk-m: android.permission.CONFIGURE_WIFI_DISPLAY in package: com.android.systemui at: Binary XML file line #131
01-12 17:04:44.188   507   507 I tftp_server: pid=507 tid=507 tftp-server : INF :[tftp_server.c, 524] rcvd request [1] [73] [2] [0] [26]
01-12 17:04:44.191   507  1098 I tftp_server: pid=507 tid=1098 tftp-server : INF :[tftp_server_utils.c, 113] file [readwrite/server_check.txt] : [/vendor/rfs/msm/mpss/readwrite/server_check.txt]
01-12 17:04:44.191   507  1098 I tftp_server: pid=507 tid=1098 tftp-server : INF :[tftp_server.c, 1044] OACK options : [7680, 1500, 10, 0, 0, 0, 0, 0]
01-12 17:04:44.191   507  1098 I tftp_server: pid=507 tid=1098 tftp-server : INF :[tftp_os_la.c, 184] unlink failed: [2] [/vendor/rfs/msm/mpss/readwrite/server_check.txt.rfs_tmp] [No such file or directo
01-12 17:04:44.191   507  1098 I tftp_server: pid=507 tid=1098 tftp-server : INF :[tftp_server.c, 722] Using temp file[/vendor/rfs/msm/mpss/readwrite/server_check.txt.rfs_tmp] for atomic put
01-12 17:04:44.191   507  1098 I tftp_server: pid=507 tid=1098 tftp-server : INF :[tftp_os_la.c, 59] open : [-1] [-1] [384] [577] [/vendor/rfs/msm/mpss/readwrite/server_check.txt.rfs_tmp]
01-12 17:04:44.193   542   584 I ThermalEngine: MODEM thermal mitigation available.
01-12 17:04:44.193   542   584 I ThermalEngine: ACTION: MODEM - Pending request: pa mitigation succeeded for level 0.
01-12 17:04:44.195   542   584 I ThermalEngine: ACTION: MODEM - Pending request: cpuv_restriction_cold mitigation succeeded for level 0.
01-12 17:04:44.195   542   584 I ThermalEngine: ACTION: MODEM - Pending request: modem mitigation succeeded for level 0.
01-12 17:04:44.196   542   584 I ThermalEngine: ACTION: MODEM - Pending request: modem_current mitigation succeeded for level 0.
01-12 17:04:44.211   967  1080 I PackageParser: Parse times for '/system/priv-app/Settings': parse=178ms, update_cache=15 ms
01-12 17:04:44.230   967  1103 W PackageParser: Ignoring duplicate uses-permissions/uses-permissions-sdk-m: android.permission.READ_CONTACTS in package: com.android.bluetooth at: Binary XML file line #61
01-12 17:04:44.231   967  1103 W PackageParser: No actions in intent filter at /system/app/Bluetooth/Bluetooth.apk Binary XML file line #225
01-12 17:04:44.258   967  1104 W PackageParser: No actions in intent filter at /system/app/CarrierDefaultApp/CarrierDefaultApp.apk Binary XML file line #50
01-12 17:04:44.296   967  1102 W PackageParser: Ignoring duplicate uses-permissions/uses-permissions-sdk-m: android.permission.WRITE_CONTACTS in package: com.android.email at: Binary XML file line #40
01-12 17:04:44.307   967   967 I PackageManager: /system/app/Gallery2 changed; collecting certs
01-12 17:04:44.335   967   967 W PackageManager: Failed to scan /system/app/Gallery2: Application package com.android.gallery3d already installed.  Skipping duplicate.
01-12 17:04:44.337   967  1102 W PackageParser: Ignoring duplicate uses-permissions/uses-permissions-sdk-m: android.permission.CHANGE_WIFI_STATE in package: com.android.nfc at: Binary XML file line #47
01-12 17:04:44.337   967  1102 W PackageParser: Ignoring duplicate uses-permissions/uses-permissions-sdk-m: android.permission.ACCESS_WIFI_STATE in package: com.android.nfc at: Binary XML file line #48
01-12 17:04:44.375   967   967 W PackageManager: Package com.google.android.ext.shared library android.ext.shared already exists; skipping
01-12 17:04:44.430   967  1108 W PackageParser: Service exported request ignored due to singleUser: org.codeaurora.ims.ImsService at /system/vendor/app/ims/ims.apk Binary XML file line #30
01-12 17:04:44.436   967   967 D PackageManager: No files in app dir /oem/app
01-12 17:04:44.437   967   967 I PackageManager: Finished scanning system apps. Time: 641 ms, packageCount: 118 , timePerPackage: 5 , cached: 17
01-12 17:04:44.437   967   967 D PackageManager: No files in app dir /data/app
01-12 17:04:44.438   967   967 D PackageManager: No files in app dir /data/app-private
01-12 17:04:44.438   967   967 I PackageManager: Finished scanning non-system apps. Time: 1 ms, packageCount: 0 , timePerPackage: 0 , cached: 0
01-12 17:04:44.440   967   967 E PackageManager: updateAllSharedLibrariesLPw failed: Package com.qualcomm.qcrilmsgtunnel requires unavailable shared library android.hidl.manager@1.0-java; failing!
01-12 17:04:44.441   967   967 I PackageManager: Time to scan packages: 0.646 seconds
01-12 17:04:44.442   967   967 I PackageManager: Un-granting permission android.permission.INSTALL_GRANT_RUNTIME_PERMISSIONS from package com.android.vending (protectionLevel=770 flags=0x384abe45)
01-12 17:04:44.442   967   967 I PackageManager: Un-granting permission android.permission.GRANT_RUNTIME_PERMISSIONS from package com.android.vending (protectionLevel=770 flags=0x384abe45)
01-12 17:04:44.442   967   967 I PackageManager: Un-granting permission android.permission.REVOKE_RUNTIME_PERMISSIONS from package com.android.vending (protectionLevel=770 flags=0x384abe45)
01-12 17:04:44.442   967   967 I PackageManager: Un-granting permission android.permission.SET_PREFERRED_APPLICATIONS from package com.android.vending (protectionLevel=514 flags=0x384abe45)
01-12 17:04:44.442   967   967 I PackageManager: Un-granting permission android.permission.ACCESS_INSTANT_APPS from package com.android.vending (protectionLevel=770 flags=0x384abe45)
01-12 17:04:44.445   967   967 V PackageManager: reconcileAppsData for null u0 0x3 migrateAppData=true
01-12 17:04:44.451   557   627 I SELinux : SELinux: Loaded file_contexts
01-12 17:04:44.571   481   481 D sound_trigger_platform: call audio_hw_acdb_init 
01-12 17:04:44.583   581   682 E QC-time-services: Daemon:genoff_modem_qmi_service_request: qmi_client_get_service_list returned 0num_services 1
01-12 17:04:44.585   581  1111 E QC-time-services: Daemon:tod_update_ind_cb: Got Update from modem msg_id 40
01-12 17:04:44.585   581   682 D QC-time-services: Daemon:genoff_modem_qmi_service_request: Initial transaction successfull
01-12 17:04:44.640   967   967 V PackageManager: reconcileAppsData finished 24 packages
01-12 17:04:44.641   967   967 V PackageManager: Disabling com.google.android.gsf/com.google.android.gsf.update.SystemUpdateActivity
01-12 17:04:44.641   967  1112 D SystemServerInitThreadPool: Started executing prepareAppData
01-12 17:04:44.641   967   967 W PackageManager: Unable to disable com.google.android.gsf/com.google.android.gsf.update.SystemUpdateActivity
01-12 17:04:44.641   967   967 V PackageManager: Disabling com.google.android.gsf/com.google.android.gsf.update.SystemUpdateService$Receiver
01-12 17:04:44.641   967   967 W PackageManager: Unable to disable com.google.android.gsf/com.google.android.gsf.update.SystemUpdateService$Receiver
01-12 17:04:44.641   967   967 V PackageManager: Disabling com.google.android.gsf/com.google.android.gsf.update.SystemUpdateService$SecretCodeReceiver
01-12 17:04:44.641   967   967 W PackageManager: Unable to disable com.google.android.gsf/com.google.android.gsf.update.SystemUpdateService$SecretCodeReceiver
01-12 17:04:44.641   967   967 V PackageManager: Disabling com.google.android.gsf/com.google.android.gsf.update.SystemUpdateServiceReceiver
01-12 17:04:44.641   967   967 W PackageManager: Unable to disable com.google.android.gsf/com.google.android.gsf.update.SystemUpdateServiceReceiver
01-12 17:04:44.641   967   967 V PackageManager: Disabling com.google.android.gms/com.google.android.gms.update.SystemUpdateActivity
01-12 17:04:44.641   967   967 V PackageManager: Disabling com.google.android.gms/com.google.android.gms.update.SystemUpdateService$Receiver
01-12 17:04:44.642   967   967 W PackageManager: Unable to disable com.google.android.gms/com.google.android.gms.update.SystemUpdateService$Receiver
01-12 17:04:44.642   967   967 V PackageManager: Disabling com.google.android.gms/com.google.android.gms.update.SystemUpdateService$ActiveReceiver
01-12 17:04:44.642   967   967 W PackageManager: Unable to disable com.google.android.gms/com.google.android.gms.update.SystemUpdateService$ActiveReceiver
01-12 17:04:44.642   967   967 V PackageManager: Disabling com.google.android.gms/com.google.android.gms.update.SystemUpdateService$SecretCodeReceiver
01-12 17:04:44.642   967   967 W PackageManager: Unable to disable com.google.android.gms/com.google.android.gms.update.SystemUpdateService$SecretCodeReceiver
01-12 17:04:44.642   967   967 V PackageManager: Disabling com.google.android.gms/com.google.android.gms.update.SystemUpdateServiceReceiver
01-12 17:04:44.642   967   967 W PackageManager: Unable to disable com.google.android.gms/com.google.android.gms.update.SystemUpdateServiceReceiver
01-12 17:04:44.643   967   967 V PackageManager: Enabling com.google.android.gsf/com.google.android.gsf.update.SystemUpdateService
