01-11 23:19:33.940   490   490 E DAP_HAL :  key 00x
01-11 23:19:33.940   490   490 D msm8974_platform: hw_util_open Opening device /dev/snd/hwC0D1000
01-11 23:19:33.940   490   490 D msm8974_platform: hw_util_open success
01-11 23:19:33.940   490   490 D ACDB-LOADER: ACDB -> ACDB_CMD_GET_ANC_SETTING
01-11 23:19:33.940   490   490 D         : Failed to fetch the lookup information of the device 0000001A 
01-11 23:19:33.940   490   490 E ACDB-LOADER: Error: ACDB ANC returned = -1
01-11 23:19:33.940   490   490 D ACDB-LOADER: ACDB -> ACDB_CMD_GET_ANC_SETTING
01-11 23:19:33.940   490   490 D         : Failed to fetch the lookup information of the device 0000001B 
01-11 23:19:33.940   490   490 E ACDB-LOADER: Error: ACDB ANC returned = -1
01-11 23:19:33.940   490   490 D ACDB-LOADER: ACDB -> ACDB_CMD_GET_ANC_SETTING
01-11 23:19:33.940   490   490 D         : Failed to fetch the lookup information of the device 0000001C 
01-11 23:19:33.940   490   490 E ACDB-LOADER: Error: ACDB ANC returned = -1
01-11 23:19:33.940   490   490 D ACDB-LOADER: ACDB -> ACDB_CMD_GET_ANC_SETTING
01-11 23:19:33.940   490   490 D         : Failed to fetch the lookup information of the device 0000001D 
01-11 23:19:33.940   490   490 E ACDB-LOADER: Error: ACDB ANC returned = -1
01-11 23:19:33.940   490   490 D ACDB-LOADER: ACDB -> ACDB_CMD_GET_ANC_SETTING
01-11 23:19:33.940   490   490 D         : Failed to fetch the lookup information of the device 0000001E 
01-11 23:19:33.940   490   490 E ACDB-LOADER: Error: ACDB ANC returned = -1
01-11 23:19:33.940   490   490 D ACDB-LOADER: ACDB -> ACDB_CMD_GET_ANC_SETTING
01-11 23:19:33.940   490   490 D         : Failed to fetch the lookup information of the device 0000001F 
01-11 23:19:33.940   490   490 E ACDB-LOADER: Error: ACDB ANC returned = -1
01-11 23:19:33.940   490   490 D ACDB-LOADER: ACDB -> ACDB_CMD_GET_ANC_SETTING
01-11 23:19:33.940   490   490 D         : Failed to fetch the lookup information of the device 00000067 
01-11 23:19:33.940   490   490 E ACDB-LOADER: Error: ACDB ANC returned = -1
01-11 23:19:33.940   490   490 D ACDB-LOADER: ACDB -> ACDB_CMD_GET_ANC_SETTING
01-11 23:19:33.940   490   490 D         : Failed to fetch the lookup information of the device 00000056 
01-11 23:19:33.940   490   490 E ACDB-LOADER: Error: ACDB ANC returned = -1
01-11 23:19:33.940   490   490 D ACDB-LOADER: ACDB -> ACDB_CMD_GET_ANC_SETTING
01-11 23:19:33.940   490   490 D         : Failed to fetch the lookup information of the device 00000059 
01-11 23:19:33.940   490   490 E ACDB-LOADER: Error: ACDB ANC returned = -1
01-11 23:19:33.941   490   490 D msm8974_platform: send_codec_cal cal sent for anc_cal
01-11 23:19:33.941   490   490 E ACDB-LOADER: ACDB -> send_codec_cal
01-11 23:19:33.941   490   490 E ACDB-LOADER: ACDB -> ACDB_CMD_GET_CODEC_CAL_DATA
01-11 23:19:33.941   490   490 D msm8974_platform: send_codec_cal cal sent for mad_cal
01-11 23:19:33.941   490   490 D ACDB-LOADER: send mbhc data
01-11 23:19:33.941   490   490 D ACDB-LOADER: ACDB -> MBHC ACDB_PID_GENERAL_CONFIG
01-11 23:19:33.941   490   490 D ACDB-LOADER: ACDB -> MBHC ACDB_PID_PLUG_REMOVAL_DETECTION
01-11 23:19:33.941   490   490 D ACDB-LOADER: ACDB -> MBHC ACDB_PID_PLUG_TYPE_DETECTION
01-11 23:19:33.941   490   490 D ACDB-LOADER: ACDB -> MBHC ACDB_PID_BUTTON_PRESS_DETECTION
01-11 23:19:33.941   490   490 D ACDB-LOADER: ACDB -> MBHC ACDB_PID_IMPEDANCE_DETECTION
01-11 23:19:33.941   490   490 D msm8974_platform: send_codec_cal cal sent for mbhc_cal
01-11 23:19:33.945   490   490 E audio_hw_primary: Amplifier initialization failed
01-11 23:19:33.948   490   490 E audio_hw_extn: audio_extn_perf_lock_init: Perf lock handles Success 
01-11 23:19:33.948   490   490 W DeviceHAL: Device 0xe97ddc80 get_master_volume: Function not implemented
01-11 23:19:33.948   490   490 W DeviceHAL: Device 0xe97ddc80 get_master_mute: Function not implemented
01-11 23:19:33.948   490   490 W DeviceHAL: Device 0xe97ddc80 set_master_volume: Function not implemented
01-11 23:19:33.948   490   490 W DeviceHAL: Device 0xe97ddc80 set_master_mute: Function not implemented
01-11 23:19:33.948   490   490 I AudioFlinger: loadHwModule() Loaded primary audio interface, handle 10
01-11 23:19:33.948   490   490 I AudioFlinger: openOutput() this 0xe97bd000, module 10 Device 2, SamplingRate 48000, Format 0x000001, Channels 3, flags 2
01-11 23:19:33.948   490   490 D audio_hw_primary: adev_open_output_stream: enter: sample_rate(48000) channel_mask(0x3) devices(0x2) flags(0x2)        stream_handle(0xe8e25180)
01-11 23:19:33.948   490   490 D audio_hw_primary: adev_open_output_stream: Stream (0xe8e25180) picks up usecase (deep-buffer-playback)
01-11 23:19:33.949   490   490 I AudioFlinger: HAL output buffer size 960 frames, normal sink buffer size 960 frames
01-11 23:19:33.950   490   490 D vndksupport: Loading /vendor/lib/hw/android.hardware.audio.effect@2.0-impl.so from current namespace instead of sphal namespace.
01-11 23:19:33.952   490   490 E EffectsConfig: Failed to parse /vendor/etc/audio_effects.xml: Tinyxml2 error (3): /vendor/etc/audio_effects.xml (null)
01-11 23:19:33.952   490   490 E EffectsFactoryConfigLoader: Failed to parse XML configuration file
01-11 23:19:33.952   490   490 W EffectsFactory: Failed to load XML effect configuration, fallback to .conf
01-11 23:19:33.954   490   490 W EffectsFactoryConfigLoader: checkLibraryPath() corrected library path /system/lib/soundfx/libbundlewrapper.so to /vendor/lib/soundfx/libbundlewrapper.so
01-11 23:19:33.956   490   490 W EffectsFactoryConfigLoader: checkLibraryPath() corrected library path /system/lib/soundfx/libreverbwrapper.so to /vendor/lib/soundfx/libreverbwrapper.so
01-11 23:19:33.963   490   490 W EffectsFactoryConfigLoader: checkLibraryPath() corrected library path /system/lib/soundfx/libvisualizer.so to /vendor/lib/soundfx/libvisualizer.so
01-11 23:19:33.965   490   490 W EffectsFactoryConfigLoader: checkLibraryPath() corrected library path /system/lib/soundfx/libdownmix.so to /vendor/lib/soundfx/libdownmix.so
01-11 23:19:33.967   490   490 W EffectsFactoryConfigLoader: checkLibraryPath() corrected library path /system/lib/soundfx/libldnhncr.so to /vendor/lib/soundfx/libldnhncr.so
01-11 23:19:33.969   490   490 W EffectsFactoryConfigLoader: checkLibraryPath() corrected library path /system/lib/soundfx/libeffectproxy.so to /vendor/lib/soundfx/libeffectproxy.so
01-11 23:19:33.973   490   490 W EffectsFactoryConfigLoader: Error querying effect 7d1580bd-297f-4683-9239-e475b6d1d69f on lib offload_bundle
01-11 23:19:33.973   490   490 I BufferProvider: found effect "Multichannel Downmix To Stereo" from The Android Open Source Project
01-11 23:19:33.974   490   490 I AudioFlinger: Using module 10 as the primary audio interface
01-11 23:19:33.974   490   490 W AudioFlinger: moveEffects() bad srcOutput 0
01-11 23:19:33.975   490   752 I AudioFlinger: AudioFlinger's thread 0xe8203d40 tid=752 ready to run
01-11 23:19:33.975   490   752 W AudioFlinger: no wake lock to update, system not ready yet
01-11 23:19:33.975   490   752 D audio_hw_primary: out_set_parameters: enter: usecase(0: deep-buffer-playback) kvpairs: routing=2
01-11 23:19:33.975   490   752 D audio_hw_primary: out_standby: enter: stream (0xe8e25180) usecase(0: deep-buffer-playback)
01-11 23:19:33.976   490   752 W AudioFlinger: no wake lock to update, system not ready yet
01-11 23:19:33.977   490   490 W APM_AudioPolicyManager: Output profile contains no device on module primary
01-11 23:19:33.977   490   490 I AudioFlinger: openOutput() this 0xe97bd000, module 10 Device 2, SamplingRate 48000, Format 0x000001, Channels 3, flags 8
01-11 23:19:33.977   490   490 D audio_hw_primary: adev_open_output_stream: enter: sample_rate(48000) channel_mask(0x3) devices(0x2) flags(0x8)        stream_handle(0xe8e25000)
01-11 23:19:33.977   490   490 E audio_hw_primary: adev_open_output_stream: Primary output is already opened
01-11 23:19:33.977   490   490 D audio_hw_primary: adev_open_output_stream: exit: ret -17
01-11 23:19:33.977   490   490 W DeviceHAL: Device 0xe97ddc80 open_output_stream: File exists
01-11 23:19:33.977   490   490 I AudioHwDevice: openOutputStream(), HAL returned sampleRate 48000, Format 0x1, channelMask 0x3, status -61
01-11 23:19:33.977   490   490 W APM_AudioPolicyManager: Cannot open output stream for device 00000002 on hw module primary
01-11 23:19:33.978   490   490 I AudioFlinger: openOutput() this 0xe97bd000, module 10 Device 2, SamplingRate 48000, Format 0x000001, Channels 3, flags 4
01-11 23:19:33.978   490   490 D audio_hw_primary: adev_open_output_stream: enter: sample_rate(48000) channel_mask(0x3) devices(0x2) flags(0x4)        stream_handle(0xe8e25000)
01-11 23:19:33.978   490   490 D audio_hw_primary: adev_open_output_stream: Stream (0xe8e25000) picks up usecase (low-latency-playback)
01-11 23:19:33.978   490   490 I AudioFlinger: HAL output buffer size 240 frames, normal sink buffer size 960 frames
01-11 23:19:33.979   490   755 I AudioFlinger: AudioFlinger's thread 0xe7d03b80 tid=755 ready to run
01-11 23:19:33.979   490   755 W AudioFlinger: no wake lock to update, system not ready yet
01-11 23:19:33.979   490   755 D audio_hw_primary: out_set_parameters: enter: usecase(1: low-latency-playback) kvpairs: routing=2
01-11 23:19:33.979   490   755 D audio_hw_primary: out_standby: enter: stream (0xe8e25000) usecase(1: low-latency-playback)
01-11 23:19:33.979   490   755 W AudioFlinger: no wake lock to update, system not ready yet
01-11 23:19:33.981   490   490 W APM_AudioPolicyManager: Output profile contains no device on module primary
01-11 23:19:33.981   490   490 W APM_AudioPolicyManager: Output profile contains no device on module primary
01-11 23:19:33.981   490   490 I AudioFlinger: openOutput() this 0xe97bd000, module 10 Device 10000, SamplingRate 48000, Format 0x000001, Channels 3, flags 0
01-11 23:19:33.981   490   490 D audio_hw_primary: adev_open_output_stream: enter: sample_rate(48000) channel_mask(0x3) devices(0x10000) flags(0)        stream_handle(0xe8e25300)
01-11 23:19:33.981   490   490 D audio_hw_primary: adev_open_output_stream: Stream (0xe8e25300) picks up usecase (afe-proxy-playback)
01-11 23:19:33.981   490   490 I AudioFlinger: HAL output buffer size 768 frames, normal sink buffer size 1152 frames
01-11 23:19:33.982   490   758 I AudioFlinger: AudioFlinger's thread 0xe7903840 tid=758 ready to run
01-11 23:19:33.982   490   758 W AudioFlinger: no wake lock to update, system not ready yet
01-11 23:19:33.982   490   758 D audio_hw_primary: out_set_parameters: enter: usecase(37: afe-proxy-playback) kvpairs: routing=65536
01-11 23:19:33.982   490   758 D audio_hw_primary: out_standby: enter: stream (0xe8e25300) usecase(37: afe-proxy-playback)
01-11 23:19:33.983   490   758 W AudioFlinger: no wake lock to update, system not ready yet
01-11 23:19:33.983   490   490 W APM_AudioPolicyManager: Output profile contains no device on module primary
01-11 23:19:33.983   490   490 W APM_AudioPolicyManager: Output profile contains no device on module primary
01-11 23:19:33.983   490   490 D audio_hw_primary: adev_open_input_stream: enter: sample_rate(48000) channel_mask(0xc) devices(0x80000004)        stream_handle(0xe97bae00) io_handle(14) source(1)
01-11 23:19:33.985   490   760 I AudioFlinger: AudioFlinger's thread 0xe7503280 tid=760 ready to run
01-11 23:19:33.985   490   490 D audio_hw_primary: adev_open_input_stream: enter: sample_rate(48000) channel_mask(0xc) devices(0x80000040)        stream_handle(0xe97baec0) io_handle(22) source(1)
01-11 23:19:33.985   490   490 W DeviceHAL: Device 0xe97ddc80 open_input_stream: Invalid argument
01-11 23:19:33.985   490   490 D audio_hw_primary: adev_open_input_stream: enter: sample_rate(48000) channel_mask(0xc) devices(0x80000040)        stream_handle(0xe97baec0) io_handle(22) source(1)
01-11 23:19:33.985   490   490 W DeviceHAL: Device 0xe97ddc80 open_input_stream: Invalid argument
01-11 23:19:33.985   490   490 W APM_AudioPolicyManager: Cannot open input stream for device 80000040 on hw module primary
01-11 23:19:33.986   490   760 D audio_hw_primary: adev_close_input_stream: enter:stream_handle(0xe97bae00)
01-11 23:19:33.986   490   760 D audio_hw_primary: in_standby: enter: stream (0xe97bae00) usecase(16: audio-record)
01-11 23:19:33.992   505   765 I chatty  : uid=0(root) /system/bin/sensors.qcom expire 1 line
01-11 23:19:33.995   398   398 I servicemanager: type=1400 audit(0.0:116): avc: denied { transfer } for scontext=u:r:servicemanager:s0 tcontext=u:r:init:s0 tclass=binder permissive=1
01-11 23:19:33.995   477   477 I pm-proxy: type=1400 audit(0.0:117): avc: denied { call } for scontext=u:r:init:s0 tcontext=u:r:init:s0 tclass=binder permissive=1
01-11 23:19:33.995   477   477 I pm-proxy: type=1400 audit(0.0:118): avc: denied { transfer } for scontext=u:r:init:s0 tcontext=u:r:init:s0 tclass=binder permissive=1
01-11 23:19:33.998   398   398 E SELinux : avc:  denied  { find } for service=vendor.qcom.PeripheralManager pid=477 uid=1000 scontext=u:r:init:s0 tcontext=u:object_r:default_android_service:s0 tclass=service_manager permissive=1
01-11 23:19:33.999   467   529 D PerMgrSrv: modem state: is off-line, add client PM-PROXY-THREAD
01-11 23:19:33.999   467   529 D PerMgrSrv: PM-PROXY-THREAD registered
01-11 23:19:34.000   477   477 D PerMgrLib: PM-PROXY-THREAD successfully registered for modem
01-11 23:19:34.000   477   477 I PerMgrProxy: pm-proxy-thread Voting for internal modem
01-11 23:19:34.000   477   477 D PerMgrLib: PM-PROXY-THREAD voting for modem
01-11 23:19:34.000   467   530 D PerMgrSrv: PM-PROXY-THREAD voting for modem
01-11 23:19:34.000   467   530 D PerMgrSrv: modem new state: going on-line
01-11 23:19:34.000   467   530 D PerMgrSrv: modem num voters is 1
01-11 23:19:34.006   490   490 I bt_a2dp_hw: adev_open:  adev_open in A2dp_hw module
01-11 23:19:34.006   490   490 I AudioFlinger: loadHwModule() Loaded a2dp audio interface, handle 18
01-11 23:19:34.006   490   490 D vndksupport: Loading /vendor/lib/hw/audio.usb.default.so from current namespace instead of sphal namespace.
01-11 23:19:34.009   490   490 I AudioFlinger: loadHwModule() Loaded usb audio interface, handle 26
01-11 23:19:34.010   490   490 D vndksupport: Loading /vendor/lib/hw/audio.r_submix.default.so from current namespace instead of sphal namespace.
01-11 23:19:34.013   490   490 I r_submix: adev_open(name=audio_hw_if)
01-11 23:19:34.013   490   490 I r_submix: adev_init_check()
01-11 23:19:34.013   490   490 W DeviceHAL: Device 0xe7cd4540 set_master_mute: Function not implemented
01-11 23:19:34.013   490   490 I AudioFlinger: loadHwModule() Loaded r_submix audio interface, handle 34
01-11 23:19:34.013   490   490 D r_submix: adev_open_input_stream(addr=0)
01-11 23:19:34.013   490   490 D r_submix: submix_audio_device_create_pipe_l(addr=0, idx=9)
01-11 23:19:34.013   490   490 D r_submix:   now using address 0 for route 9
01-11 23:19:34.014   490   771 I AudioFlinger: AudioFlinger's thread 0xe75038c0 tid=771 ready to run
01-11 23:19:34.014   490   490 D r_submix: adev_close_input_stream()
01-11 23:19:34.014   490   490 D r_submix: submix_audio_device_release_pipe_l(idx=9) addr=0
01-11 23:19:34.014   490   490 D r_submix: submix_audio_device_destroy_pipe_l(): pipe destroyed
01-11 23:19:34.015   490   490 W APM_AudioPolicyManager: Input device 80000040 unreachable
01-11 23:19:34.015   490   490 E EffectsConfig: Failed to parse /vendor/etc/audio_effects.xml: Tinyxml2 error (3): /vendor/etc/audio_effects.xml (null)
01-11 23:19:34.015   490   490 W AudioPolicyEffects: Failed to load XML effect configuration, fallback to .conf
01-11 23:19:34.015   546   546 E Diag_Lib:  Diag_LSM_Init: Failed to open handle to diag driver, error = 2
01-11 23:19:34.015   546   546 E Diag_Lib: qpLogDiagInit <== result : 0
01-11 23:19:34.016   546   546 E Diag_Lib: DATAD : gIsQXDMDisabled 0, gIsADBDisabled 1, gIsDebugDisabled 0, gIsIMSLogsDisabled 0
01-11 23:19:34.016   546   546 E Diag_Lib:  Diag_LSM_Init: Failed to open handle to diag driver, error = 2
01-11 23:19:34.016   546   546 E Diag_Lib: qpLogDiagInit <== result : 0
01-11 23:19:34.016   546   546 E Diag_Lib: DATAD : gIsQXDMDisabled 0, gIsADBDisabled 1, gIsDebugDisabled 0, gIsIMSLogsDisabled 0
01-11 23:19:34.016   546   546 E Diag_Lib: [IMS_DataD] imsdatad.c | 5236 | | 546 |DATAD#$$#0#DATAD STARTED
01-11 23:19:34.016   546   546 E Diag_Lib:  Diag_LSM_Init: Failed to open handle to diag driver, error = 2
01-11 23:19:34.016   546   546 E Diag_Lib: qpLogDiagInit <== result : 0
01-11 23:19:34.016   546   546 E Diag_Lib: DATAD : gIsQXDMDisabled 0, gIsADBDisabled 1, gIsDebugDisabled 0, gIsIMSLogsDisabled 0
01-11 23:19:34.016   546   546 E Diag_Lib:  Diag_LSM_Init: Failed to open handle to diag driver, error = 2
01-11 23:19:34.016   546   546 E Diag_Lib: qpLogDiagInit <== result : 0
01-11 23:19:34.016   546   546 E Diag_Lib: DATAD : gIsQXDMDisabled 0, gIsADBDisabled 1, gIsDebugDisabled 0, gIsIMSLogsDisabled 0
01-11 23:19:34.016   546   546 E Diag_Lib:  Diag_LSM_Init: Failed to open handle to diag driver, error = 2
01-11 23:19:34.016   546   546 E Diag_Lib: qpLogDiagInit <== result : 0
01-11 23:19:34.016   546   546 E Diag_Lib: DATAD : gIsQXDMDisabled 0, gIsADBDisabled 1, gIsDebugDisabled 0, gIsIMSLogsDisabled 0
01-11 23:19:34.016   546   546 E Diag_Lib:  Diag_LSM_Init: Failed to open handle to diag driver, error = 2
01-11 23:19:34.016   546   546 E Diag_Lib: qpLogDiagInit <== result : 0
01-11 23:19:34.016   546   546 E Diag_Lib: DATAD : gIsQXDMDisabled 0, gIsADBDisabled 1, gIsDebugDisabled 0, gIsIMSLogsDisabled 0
01-11 23:19:34.017   490   490 D vndksupport: Loading /vendor/lib/hw/android.hardware.soundtrigger@2.0-impl.so from current namespace instead of sphal namespace.
01-11 23:19:34.017   546   546 E Diag_Lib:  Diag_LSM_Init: Failed to open handle to diag driver, error = 2
01-11 23:19:34.018   546   546 E Diag_Lib: qpLogDiagInit <== result : 0
01-11 23:19:34.018   546   546 E Diag_Lib: DATAD : gIsQXDMDisabled 0, gIsADBDisabled 1, gIsDebugDisabled 0, gIsIMSLogsDisabled 0
01-11 23:19:34.018   546   546 E Diag_Lib:  Diag_LSM_Init: Failed to open handle to diag driver, error = 2
01-11 23:19:34.018   546   546 E Diag_Lib: qpLogDiagInit <== result : 0
01-11 23:19:34.018   546   546 E Diag_Lib: DATAD : gIsQXDMDisabled 0, gIsADBDisabled 1, gIsDebugDisabled 0, gIsIMSLogsDisabled 0
01-11 23:19:34.018   546   546 E Diag_Lib:  Diag_LSM_Init: Failed to open handle to diag driver, error = 2
01-11 23:19:34.018   546   546 E Diag_Lib: qpLogDiagInit <== result : 0
01-11 23:19:34.018   546   546 E Diag_Lib: DATAD : gIsQXDMDisabled 0, gIsADBDisabled 1, gIsDebugDisabled 0, gIsIMSLogsDisabled 0
01-11 23:19:34.018   546   546 E Diag_Lib:  Diag_LSM_Init: Failed to open handle to diag driver, error = 2
01-11 23:19:34.018   546   546 E Diag_Lib: qpLogDiagInit <== result : 0
01-11 23:19:34.018   546   546 E Diag_Lib: DATAD : gIsQXDMDisabled 0, gIsADBDisabled 1, gIsDebugDisabled 0, gIsIMSLogsDisabled 0
01-11 23:19:34.018   546   546 E Diag_Lib:  Diag_LSM_Init: Failed to open handle to diag driver, error = 2
01-11 23:19:34.018   546   546 E Diag_Lib: qpLogDiagInit <== result : 0
01-11 23:19:34.018   546   546 E Diag_Lib: DATAD : gIsQXDMDisabled 0, gIsADBDisabled 1, gIsDebugDisabled 0, gIsIMSLogsDisabled 0
01-11 23:19:34.018   546   546 E Diag_Lib:  Diag_LSM_Init: Failed to open handle to diag driver, error = 2
01-11 23:19:34.018   546   546 E Diag_Lib: qpLogDiagInit <== result : 0
01-11 23:19:34.018   546   546 E Diag_Lib: DATAD : gIsQXDMDisabled 0, gIsADBDisabled 1, gIsDebugDisabled 0, gIsIMSLogsDisabled 0
01-11 23:19:34.018   546   546 E Diag_Lib:  Diag_LSM_Init: Failed to open handle to diag driver, error = 2
01-11 23:19:34.018   546   546 E Diag_Lib: qpLogDiagInit <== result : 0
01-11 23:19:34.018   546   546 E Diag_Lib: DATAD : gIsQXDMDisabled 0, gIsADBDisabled 1, gIsDebugDisabled 0, gIsIMSLogsDisabled 0
01-11 23:19:34.018   546   546 E Diag_Lib:  Diag_LSM_Init: Failed to open handle to diag driver, error = 2
01-11 23:19:34.018   546   546 E Diag_Lib: qpLogDiagInit <== result : 0
01-11 23:19:34.018   546   546 E Diag_Lib: DATAD : gIsQXDMDisabled 0, gIsADBDisabled 1, gIsDebugDisabled 0, gIsIMSLogsDisabled 0
01-11 23:19:34.018   546   546 E Diag_Lib:  Diag_LSM_Init: Failed to open handle to diag driver, error = 2
01-11 23:19:34.018   546   546 E Diag_Lib: qpLogDiagInit <== result : 0
01-11 23:19:34.018   546   546 E Diag_Lib: DATAD : gIsQXDMDisabled 0, gIsADBDisabled 1, gIsDebugDisabled 0, gIsIMSLogsDisabled 0
01-11 23:19:34.018   546   546 E Diag_Lib:  Diag_LSM_Init: Failed to open handle to diag driver, error = 2
01-11 23:19:34.018   546   546 E Diag_Lib: qpLogDiagInit <== result : 0
01-11 23:19:34.018   546   546 E Diag_Lib: DATAD : gIsQXDMDisabled 0, gIsADBDisabled 1, gIsDebugDisabled 0, gIsIMSLogsDisabled 0
01-11 23:19:34.018   546   546 E Diag_Lib:  Diag_LSM_Init: Failed to open handle to diag driver, error = 2
01-11 23:19:34.018   546   546 E Diag_Lib: qpLogDiagInit <== result : 0
01-11 23:19:34.018   546   546 E Diag_Lib: DATAD : gIsQXDMDisabled 0, gIsADBDisabled 1, gIsDebugDisabled 0, gIsIMSLogsDisabled 0
01-11 23:19:34.026   490   490 E SoundTriggerHalImpl: couldn't load sound trigger module sound_trigger.primary (No such file or directory)
01-11 23:19:34.027   490   490 I SoundTriggerHalHidl: getProperties res implementor 
01-11 23:19:34.028   490   490 I SoundTriggerHalHidl: getProperties ret -19
01-11 23:19:34.028   490   490 E SoundTriggerHwService: could not read implementation properties
01-11 23:19:34.086   556   556 E Diag_Lib:  Diag_LSM_Init: Failed to open handle to diag driver, error = 2
01-11 23:19:34.096   569   569 I chatty  : uid=0(root) /system/vendor/bin/qti expire 1 line
01-11 23:19:34.098   484   781 I chatty  : uid=0(root) /system/vendor/bin/thermal-engine expire 3 lines
01-11 23:19:34.134   779   779 I chatty  : uid=0(root) /system/bin/dex2oat expire 6 lines
01-11 23:19:34.136   501   792 I /system/bin/storaged: storaged: Start
01-11 23:19:34.199   527   527 I pm-service: type=1400 audit(0.0:119): avc: denied { read } for name="subsys_modem" dev="tmpfs" ino=9915 scontext=u:r:init:s0 tcontext=u:object_r:device:s0 tclass=chr_file permissive=1
01-11 23:19:34.199   527   527 I pm-service: type=1400 audit(0.0:120): avc: denied { open } for path="/dev/subsys_modem" dev="tmpfs" ino=9915 scontext=u:r:init:s0 tcontext=u:object_r:device:s0 tclass=chr_file permissive=1
01-11 23:19:34.235   521   521 I qseecomd: type=1400 audit(0.0:121): avc: denied { write } for name="qseecom" dev="tmpfs" ino=10410 scontext=u:r:init:s0 tcontext=u:object_r:device:s0 tclass=chr_file permissive=1
01-11 23:19:34.239   521   521 E QSEECOMAPI: : Error::Load image request failed ret = -1, errno = 22
01-11 23:19:34.239   521   521 E QSEECOMAPI: : Error::Loading image failed with ret = -1
01-11 23:19:34.239   521   521 E QSEECOMD: : Loading keymaster app failied
01-11 23:19:34.239   521   521 D QSEECOMAPI: : QSEECom_get_handle sb_length = 0x400
01-11 23:19:34.239   521   521 D QSEECOMAPI: : App is not loaded in QSEE
01-11 23:19:34.259   521   521 W qseecomd: type=1400 audit(0.0:122): avc: granted { read } for name="ion" dev="tmpfs" ino=11348 scontext=u:r:init:s0 tcontext=u:object_r:ion_device:s0 tclass=chr_file
01-11 23:19:34.259   521   521 W qseecomd: type=1400 audit(0.0:123): avc: granted { read open } for path="/dev/ion" dev="tmpfs" ino=11348 scontext=u:r:init:s0 tcontext=u:object_r:ion_device:s0 tclass=chr_file
01-11 23:19:34.304   460   460 I android.hardware.wifi@1.0-service: Wifi Hal is booting up...
01-11 23:19:34.307   491   491 I cameraserver: type=1400 audit(0.0:124): avc: denied { read write } for name="media0" dev="tmpfs" ino=9909 scontext=u:r:cameraserver:s0 tcontext=u:object_r:device:s0 tclass=chr_file permissive=1
01-11 23:19:34.307   491   491 I cameraserver: type=1400 audit(0.0:125): avc: denied { open } for path="/dev/media0" dev="tmpfs" ino=9909 scontext=u:r:cameraserver:s0 tcontext=u:object_r:device:s0 tclass=chr_file permissive=1
01-11 23:19:34.335   521   521 W qseecomd: type=1400 audit(0.0:126): avc: granted { read } for name="ion" dev="tmpfs" ino=11348 scontext=u:r:init:s0 tcontext=u:object_r:ion_device:s0 tclass=chr_file
01-11 23:19:34.335   521   521 W qseecomd: type=1400 audit(0.0:127): avc: granted { read open } for path="/dev/ion" dev="tmpfs" ino=11348 scontext=u:r:init:s0 tcontext=u:object_r:ion_device:s0 tclass=chr_file
01-11 23:19:34.337   521   521 D QSEECOMAPI: : Loaded image: APP id = 3
01-11 23:19:34.357   521   521 D QSEECOMD: :  Keymaster/ kmota loaded
01-11 23:19:34.358   521   521 D QSEECOMD: : QSEECOM DAEMON RUNNING 
01-11 23:19:34.427   516   516 I gatekeeperd: type=1400 audit(0.0:128): avc: denied { read write } for name="qseecom" dev="tmpfs" ino=10410 scontext=u:r:gatekeeperd:s0 tcontext=u:object_r:device:s0 tclass=chr_file permissive=1
01-11 23:19:34.427   516   516 I gatekeeperd: type=1400 audit(0.0:129): avc: denied { open } for path="/dev/qseecom" dev="tmpfs" ino=10410 scontext=u:r:gatekeeperd:s0 tcontext=u:object_r:device:s0 tclass=chr_file permissive=1
01-11 23:19:34.431   494   494 I keystore: type=1400 audit(0.0:130): avc: denied { read write } for name="qseecom" dev="tmpfs" ino=10410 scontext=u:r:keystore:s0 tcontext=u:object_r:device:s0 tclass=chr_file permissive=1
01-11 23:19:34.431   494   494 I keystore: type=1400 audit(0.0:131): avc: denied { open } for path="/dev/qseecom" dev="tmpfs" ino=10410 scontext=u:r:keystore:s0 tcontext=u:object_r:device:s0 tclass=chr_file permissive=1
01-11 23:19:34.432   516   516 E gatekeeper_device: Gatekeeper (Keymaster TA) loaded/ queried from Qseecomd
01-11 23:19:34.432   516   516 D QSEECOMAPI: : QSEECom_get_handle sb_length = 0xa000
01-11 23:19:34.432   516   516 D QSEECOMAPI: : App is already loaded QSEE and app id = 3
01-11 23:19:34.432   494   494 E keymaster1_device: Keymaster loaded/ queried from Qseecomd
01-11 23:19:34.432   494   494 D QSEECOMAPI: : QSEECom_get_handle sb_length = 0xa000
01-11 23:19:34.433   494   494 D QSEECOMAPI: : App is already loaded QSEE and app id = 3
01-11 23:19:34.437   494   494 E keymaster1_device: TA API Major Verion: 1
01-11 23:19:34.438   494   494 E keymaster1_device: TA API Minor Verion: 0
01-11 23:19:34.438   494   494 E keymaster1_device: TA Major Verion: 1
01-11 23:19:34.438   494   494 E keymaster1_device: TA Minor Verion: 10
01-11 23:19:34.438   494   494 E keymaster1_device: set_version_req->flags: 1
01-11 23:19:34.438   494   494 D android.hardware.keymaster@3.0-impl: Wrapping keymaster1 module Keymaster QTI HAL with SofKeymasterDevice
01-11 23:19:34.620   507   563 D AudioDaemon: out of poll() for sound card state change, SNDCARD size=2
01-11 23:19:34.621   507   563 D AudioDaemon: CPE boot up completed
01-11 23:19:34.621   507   563 D AudioDaemon: poll() for sound card state change 
01-11 23:19:34.865   504   504 E Diag_Lib:  Diag_LSM_Init: Failed to open handle to diag driver, error = 2
01-11 23:19:34.908   471   471 W qdcopybit: open_copybit i = 3 surface_id=-1026555899
01-11 23:19:34.908   471   471 W qdcopybit: open_copybit i = 4 surface_id=-1026555898
01-11 23:19:34.908   471   471 W qdcopybit: open_copybit i = 5 surface_id=-1026555897
01-11 23:19:34.908   471   471 W qdcopybit: open_copybit i = 6 surface_id=-1026555896
01-11 23:19:34.908   471   471 W qdcopybit: open_copybit i = 7 surface_id=-1026555895
01-11 23:19:34.908   471   471 W qdcopybit: open_copybit i = 8 surface_id=-1026555894
01-11 23:19:34.908   471   471 W qdcopybit: open_copybit i = 9 surface_id=-1026555893
01-11 23:19:34.908   471   471 W qdcopybit: open_copybit i = 10 surface_id=-1026555892
01-11 23:19:34.908   471   471 W qdcopybit: open_copybit i = 11 surface_id=-1026555891
01-11 23:19:34.908   471   471 W qdcopybit: open_copybit i = 12 surface_id=-1026555890
01-11 23:19:34.908   471   471 W qdcopybit: open_copybit i = 13 surface_id=-1026555889
01-11 23:19:34.908   471   471 W qdcopybit: open_copybit i = 14 surface_id=-1026555888
01-11 23:19:34.908   471   471 W qdcopybit: open_copybit i = 15 surface_id=-1026555887
01-11 23:19:34.908   471   471 W qdcopybit: open_copybit i = 16 surface_id=-1026555886
01-11 23:19:34.908   471   471 W qdcopybit: open_copybit i = 17 surface_id=-1026555885
01-11 23:19:34.908   471   471 W qdcopybit: open_copybit i = 18 surface_id=-1026555884
01-11 23:19:34.908   471   471 W qdcopybit: open_copybit i = 19 surface_id=-1026555883
01-11 23:19:34.908   471   471 W qdcopybit: open_copybit i = 20 surface_id=-1026555882
01-11 23:19:34.908   471   471 W qdcopybit: open_copybit i = 21 surface_id=-1026555881
01-11 23:19:34.908   471   471 W qdcopybit: open_copybit i = 22 surface_id=-1026555880
01-11 23:19:34.908   471   471 W qdcopybit: open_copybit i = 23 surface_id=-1026555879
01-11 23:19:34.908   471   471 W qdcopybit: open_copybit i = 24 surface_id=-1026555878
01-11 23:19:34.908   471   471 W qdcopybit: open_copybit i = 25 surface_id=-1026555877
01-11 23:19:34.908   471   471 W qdcopybit: open_copybit i = 26 surface_id=-1026555876
01-11 23:19:34.908   471   471 W qdcopybit: open_copybit i = 27 surface_id=-1026555875
01-11 23:19:34.908   471   471 W qdcopybit: open_copybit i = 28 surface_id=-1026555874
01-11 23:19:34.908   471   471 W qdcopybit: open_copybit i = 29 surface_id=-1026555873
01-11 23:19:34.908   471   471 W qdcopybit: open_copybit i = 30 surface_id=-1026555872
01-11 23:19:34.908   471   471 W qdcopybit: open_copybit i = 31 surface_id=-1026555871
01-11 23:19:34.908   471   471 W qdcopybit: open_copybit: 2 Plane YUV i=0 surface_id=-1026555869
01-11 23:19:34.908   471   471 W qdcopybit: open_copybit: 2 Plane YUV i=1 surface_id=-1026555868
01-11 23:19:34.908   471   471 W qdcopybit: open_copybit: 2 Plane YUV i=2 surface_id=-1026555867
01-11 23:19:34.908   471   471 W qdcopybit: open_copybit: 2 Plane YUV i=3 surface_id=-1026555866
01-11 23:19:34.908   471   471 W qdcopybit: open_copybit: 3 Plane YUV i=0 surface_id=-1026555864
01-11 23:19:34.910   471   471 I qdhwcomposer: Successfully Loaded perf hint API's
01-11 23:19:34.910   471   471 I qdhwcomposer: PerfHintWindow = 50
01-11 23:19:34.910   471   471 I qdhwcomposer: Initializing Qualcomm Hardware Composer
01-11 23:19:34.910   471   471 I qdhwcomposer: MDP version: 500
01-11 23:19:34.910   471   471 I SurfaceFlinger: Using composer version 1.5
01-11 23:19:34.910   471   471 I qdhwcomposer: hwc_registerProcs
01-11 23:19:34.910   471   471 I qdhwcomposer: Initializing UEVENT Thread
01-11 23:19:34.910   471   471 I qdhwcomposer: Initializing VSYNC Thread
01-11 23:19:34.910   471   471 D qdhwcomposer: hwc_getDisplayAttributes disp = 0, width = 1440
01-11 23:19:34.910   471   471 D qdhwcomposer: hwc_getDisplayAttributes disp = 0, height = 2560
01-11 23:19:34.910   471   471 W qdhwcomposer: hwc_getDisplayConfigs display (1) is not connected anymore
01-11 23:19:34.912   471   471 I SurfaceFlinger: EGL information:
01-11 23:19:34.912   471   471 I SurfaceFlinger: vendor    : Android
01-11 23:19:34.912   471   471 I SurfaceFlinger: version   : 1.4 Android META-EGL
01-11 23:19:34.912   471   471 I SurfaceFlinger: extensions: EGL_KHR_get_all_proc_addresses EGL_ANDROID_presentation_time EGL_KHR_swap_buffers_with_damage EGL_ANDROID_get_native_client_buffer EGL_ANDROID_front_buffer_auto_refresh EGL_ANDROID_get_frame_timestamps EGL_KHR_image EGL_KHR_image_base EGL_KHR_lock_surface EGL_KHR_gl_colorspace EGL_KHR_gl_texture_2D_image EGL_KHR_gl_texture_3D_image EGL_KHR_gl_texture_cubemap_image EGL_KHR_gl_renderbuffer_image EGL_KHR_reusable_sync EGL_KHR_fence_sync EGL_KHR_create_context EGL_KHR_surfaceless_context EGL_EXT_create_context_robustness EGL_ANDROID_image_native_buffer EGL_KHR_wait_sync EGL_ANDROID_recordable EGL_KHR_partial_update EGL_KHR_create_context_no_error EGL_KHR_mutable_render_buffer EGL_EXT_yuv_surface EGL_IMG_context_priority 
01-11 23:19:34.912   471   471 I SurfaceFlinger: Client API: OpenGL_ES
01-11 23:19:34.912   471   471 I SurfaceFlinger: EGLSurface: 8-8-8-8, config=0x79047c9b00
01-11 23:19:34.913   471   831 I qdhwcomposer: vsync_loop: Reading event 0 for dpy 0 from /sys/class/graphics/fb0/vsync_event
01-11 23:19:34.913   471   831 I qdhwcomposer: vsync_loop: Reading event 1 for dpy 0 from /sys/class/graphics/fb0/show_blank_event
01-11 23:19:34.913   471   831 I qdhwcomposer: vsync_loop: Reading event 2 for dpy 0 from /sys/class/graphics/fb0/msm_fb_thermal_level
01-11 23:19:34.913   471   831 I qdhwcomposer: vsync_loop: Reading event 0 for dpy 1 from /sys/class/graphics/fb1/vsync_event
01-11 23:19:34.913   471   831 I qdhwcomposer: vsync_loop: Reading event 1 for dpy 1 from /sys/class/graphics/fb1/show_blank_event
01-11 23:19:34.913   471   831 I qdhwcomposer: vsync_loop: Reading event 2 for dpy 1 from /sys/class/graphics/fb1/msm_fb_thermal_level
01-11 23:19:34.913   471   831 I qdhwcomposer: vsync_loop: Reading event 0 for dpy 2 from /sys/class/graphics/fb1/vsync_event
01-11 23:19:34.914   471   831 I qdhwcomposer: vsync_loop: Reading event 1 for dpy 2 from /sys/class/graphics/fb1/show_blank_event
01-11 23:19:34.914   471   831 I qdhwcomposer: vsync_loop: Reading event 2 for dpy 2 from /sys/class/graphics/fb1/msm_fb_thermal_level
01-11 23:19:34.918   471   471 I SurfaceFlinger: OpenGL ES informations:
01-11 23:19:34.918   471   471 I SurfaceFlinger: vendor    : Qualcomm
01-11 23:19:34.918   471   471 I SurfaceFlinger: renderer  : Adreno (TM) 418
01-11 23:19:34.918   471   471 I SurfaceFlinger: version   : OpenGL ES 3.2 V@145.0 (GIT@I25dc76dc3f)
01-11 23:19:34.918   471   471 I SurfaceFlinger: extensions: GL_OES_EGL_image GL_OES_EGL_image_external GL_OES_EGL_sync GL_OES_vertex_half_float GL_OES_framebuffer_object GL_OES_rgb8_rgba8 GL_OES_compressed_ETC1_RGB8_texture GL_AMD_compressed_ATC_texture GL_KHR_texture_compression_astc_ldr GL_OES_texture_npot GL_EXT_texture_filter_anisotropic GL_EXT_texture_format_BGRA8888 GL_OES_texture_3D GL_EXT_color_buffer_float GL_EXT_color_buffer_half_float GL_QCOM_alpha_test GL_OES_depth24 GL_OES_packed_depth_stencil GL_OES_depth_texture GL_OES_depth_texture_cube_map GL_EXT_sRGB GL_OES_texture_float GL_OES_texture_float_linear GL_OES_texture_half_float GL_OES_texture_half_float_linear GL_EXT_texture_type_2_10_10_10_REV GL_EXT_texture_sRGB_decode GL_OES_element_index_uint GL_EXT_copy_image GL_EXT_geometry_shader GL_EXT_tessellation_shader GL_OES_texture_stencil8 GL_EXT_shader_io_blocks GL_OES_shader_image_atomic GL_OES_sample_variables GL_EXT_texture_border_clamp GL_EXT_multisampled_render_to_texture GL_OES_shader_multisample_interpolation GL_EXT_texture_cube_map_arr
01-11 23:19:34.918   471   471 I SurfaceFlinger: GL_MAX_TEXTURE_SIZE = 16384
01-11 23:19:34.918   471   471 I SurfaceFlinger: GL_MAX_VIEWPORT_DIMS = 16384
01-11 23:19:34.921   471   471 D vndksupport: Loading /vendor/lib64/hw/android.hardware.graphics.mapper@2.0-impl.so from current namespace instead of sphal namespace.
01-11 23:19:34.923   504   504 I rild    : type=1400 audit(0.0:135): avc: denied { call } for scontext=u:r:rild:s0 tcontext=u:r:servicemanager:s0 tclass=binder permissive=1
01-11 23:19:34.923   504   504 I libmdmdetect: ESOC framework not supported
01-11 23:19:34.923   504   504 I libmdmdetect: Found internal modem: modem
01-11 23:19:34.926   398   398 E SELinux : avc:  denied  { find } for service=vendor.qcom.PeripheralManager pid=504 uid=1001 scontext=u:r:rild:s0 tcontext=u:object_r:default_android_service:s0 tclass=service_manager permissive=1
01-11 23:19:34.966   455   455 I qdutils : PartialUpdate status: Disabled
01-11 23:19:34.966   455   455 I qdutils : Left Align: 0
01-11 23:19:34.966   455   455 I qdutils : Width Align: 0
01-11 23:19:34.966   455   455 I qdutils : Top Align: 0
01-11 23:19:34.966   455   455 I qdutils : Height Align: 0
01-11 23:19:34.966   455   455 I qdutils : Min ROI Width: 0
01-11 23:19:34.966   455   455 I qdutils : Min ROI Height: 0
01-11 23:19:34.966   455   455 I qdutils : Needs ROI Merge: 0
01-11 23:19:34.966   455   455 I qdutils : Dynamic Fps: Disabled
01-11 23:19:34.966   455   455 I qdutils : Min Panel fps: 0
01-11 23:19:34.966   455   455 I qdutils : Max Panel fps: 0
01-11 23:19:35.036   506   513 E QMI_FW  : QMUXD: WARNING qmi_qmux_if_pwr_up_init failed! rc=-1
01-11 23:19:35.036   506   513 E QMI_FW  : QMUXD: WARNING qmi_qmux_if_pwr_up_init failed! rc=-1
01-11 23:19:35.036   506   513 E QC-time-services: Daemon:genoff_modem_qmi_service_request: qmi_client_get_service_list returned -2num_services 0
01-11 23:19:35.203   841   841 I chatty  : uid=0(root) expire 1 line
01-11 23:19:35.463   471   471 D SurfaceFlinger: shader cache generated - 24 shaders in 449.638397 ms
01-11 23:19:35.464   471   471 D SurfaceFlinger: Set power mode=2, type=0 flinger=0x790465e000
01-11 23:19:35.464   471   471 D qdhwcomposer: hwc_setPowerMode: Setting mode 2 on display: 0
01-11 23:19:35.464   471   831 I qdhwcomposer: handle_blank_event: dpy:0 panel power state: 1
01-11 23:19:35.465   471   471 E qdhdmi  : writeHPDOption: file write failed 'hpd'
01-11 23:19:35.465   471   471 D qdhwcomposer: hwc_setPowerMode: Done setting mode 2 on display 0
01-11 23:19:35.493   471   471 D qdutils : DEBUG_CALC_FPS: 0
01-11 23:19:35.493   471   471 D qdutils : period: 10
01-11 23:19:35.493   471   471 D qdutils : ignorethresh_us: 500000
01-11 23:19:36.046   848   851 D vndksupport: Loading /vendor/lib64/egl/libEGL_adreno.so from current namespace instead of sphal namespace.
01-11 23:19:36.048   848   851 D libEGL  : loaded /vendor/lib64/egl/libEGL_adreno.so
01-11 23:19:36.060   848   851 D vndksupport: Loading /vendor/lib64/egl/libGLESv1_CM_adreno.so from current namespace instead of sphal namespace.
01-11 23:19:36.061   848   851 D libEGL  : loaded /vendor/lib64/egl/libGLESv1_CM_adreno.so
01-11 23:19:36.096   848   851 D vndksupport: Loading /vendor/lib64/egl/libGLESv2_adreno.so from current namespace instead of sphal namespace.
01-11 23:19:36.096   848   851 D libEGL  : loaded /vendor/lib64/egl/libGLESv2_adreno.so
01-11 23:19:36.127   851   851 I BootAnimation: type=1400 audit(0.0:148): avc: denied { read write } for name="kgsl-3d0" dev="tmpfs" ino=1948 scontext=u:r:bootanim:s0 tcontext=u:object_r:device:s0 tclass=chr_file permissive=1
01-11 23:19:36.127   851   851 I BootAnimation: type=1400 audit(0.0:149): avc: denied { open } for path="/dev/kgsl-3d0" dev="tmpfs" ino=1948 scontext=u:r:bootanim:s0 tcontext=u:object_r:device:s0 tclass=chr_file permissive=1
01-11 23:19:36.129   848   851 I Adreno  : QUALCOMM build                   : d3015e9, I25dc76dc3f
01-11 23:19:36.129   848   851 I Adreno  : Build Date                       : 01/26/17
01-11 23:19:36.129   848   851 I Adreno  : OpenGL ES Shader Compiler Version: XE031.09.00.03
01-11 23:19:36.129   848   851 I Adreno  : Local Branch                     : 
01-11 23:19:36.129   848   851 I Adreno  : Remote Branch                    : refs/tags/AU_LINUX_ANDROID_LA.BF64.1.2.3_RB1.07.00.00.258.011
01-11 23:19:36.129   848   851 I Adreno  : Remote Branch                    : NONE
01-11 23:19:36.129   848   851 I Adreno  : Reconstruct Branch               : NOTHING
01-11 23:19:36.139   848   851 I /system/bin/bootanimation: android::hardware::configstore::V1_0::ISurfaceFlingerConfigs::hasWideColorDisplay retrieved: 0
01-11 23:19:36.250   848   851 D BootAnimation: BootAnimationShownTiming start time: 7705ms
01-11 23:19:36.266   467   527 D PerMgrSrv: modem new state: is on-line
01-11 23:19:36.266   467   529 D PerMgrSrv: modem state: is on-line, add client QCRIL
01-11 23:19:36.266   467   529 D PerMgrSrv: QCRIL registered
01-11 23:19:36.267   504   504 D PerMgrLib: QCRIL successfully registered for modem
01-11 23:19:36.270   473   473 I rmt_storage: rmt_storage_connect_cb: clnt_h=0x1 conn_h=0x7c2402b1d0
01-11 23:19:36.270   473   473 I rmt_storage: rmt_storage_open_cb: /boot/modem_fs1: clnt_h=0x1: req_h=0x1 msg_id=1: Client found
01-11 23:19:36.270   473   473 I rmt_storage: rmt_storage_open_cb: /boot/modem_fs1: clnt_h=0x1: req_h=0x1 msg_id=1: Send response: res=0 err=0
01-11 23:19:36.271   473   473 I rmt_storage: rmt_storage_connect_cb: clnt_h=0x2 conn_h=0x7c2402b1e0
01-11 23:19:36.271   473   473 I rmt_storage: rmt_storage_open_cb: /boot/modem_fs2: clnt_h=0x2: req_h=0x2 msg_id=1: Client found
01-11 23:19:36.271   473   473 I rmt_storage: rmt_storage_open_cb: /boot/modem_fs2: clnt_h=0x2: req_h=0x2 msg_id=1: Send response: res=0 err=0
01-11 23:19:36.272   473   856 I rmt_storage: rmt_storage_client_thread: /boot/modem_fs1: clnt_h=0x1 Worker thread started
01-11 23:19:36.272   473   856 I rmt_storage: wake lock name: rmt_storage_533179921648, name creation success: 24
01-11 23:19:36.272   473   473 I rmt_storage: rmt_storage_disconnect_cb: clnt_h=0x1 conn_h=0x7c2402b1d0
01-11 23:19:36.273   473   473 I rmt_storage: rmt_storage_connect_cb: clnt_h=0x3 conn_h=0x7c2402b1d0
01-11 23:19:36.273   473   473 I rmt_storage: rmt_storage_open_cb: /boot/modem_fsg: clnt_h=0x3: req_h=0x3 msg_id=1: Client found
01-11 23:19:36.273   473   473 I rmt_storage: rmt_storage_open_cb: /boot/modem_fsg: clnt_h=0x3: req_h=0x3 msg_id=1: Send response: res=0 err=0
01-11 23:19:36.274   473   473 I rmt_storage: rmt_storage_disconnect_cb: clnt_h=0x2 conn_h=0x7c2402b1e0
01-11 23:19:36.274   473   473 I rmt_storage: rmt_storage_connect_cb: clnt_h=0x4 conn_h=0x7c2402b1e0
01-11 23:19:36.275   864   864 I rild    : type=1400 audit(0.0:150): avc: denied { ioctl } for path="socket:[16044]" dev="sockfs" ino=16044 ioctlcmd=c302 scontext=u:r:rild:s0 tcontext=u:r:rild:s0 tclass=socket permissive=1
01-11 23:19:36.275   864   864 I rild    : type=1400 audit(0.0:151): avc: denied { write } for name="qmux_radio" dev="tmpfs" ino=10809 scontext=u:r:rild:s0 tcontext=u:object_r:socket_device:s0 tclass=dir permissive=1
01-11 23:19:36.275   864   864 I rild    : type=1400 audit(0.0:152): avc: denied { add_name } for name=716D75785F636C69656E745F736F636B657420202020383634 scontext=u:r:rild:s0 tcontext=u:object_r:socket_device:s0 tclass=dir permissive=1
01-11 23:19:36.275   864   864 I rild    : type=1400 audit(0.0:153): avc: denied { create } for name=716D75785F636C69656E745F736F636B657420202020383634 scontext=u:r:rild:s0 tcontext=u:object_r:socket_device:s0 tclass=sock_file permissive=1
01-11 23:19:36.275   473   473 I rmt_storage: rmt_storage_open_cb: /boot/modem_fsc: clnt_h=0x4: req_h=0x4 msg_id=1: Client found
01-11 23:19:36.275   473   473 I rmt_storage: rmt_storage_open_cb: /boot/modem_fsc: clnt_h=0x4: req_h=0x4 msg_id=1: Send response: res=0 err=0
01-11 23:19:36.275   473   473 I rmt_storage: rmt_storage_disconnect_cb: clnt_h=0x3 conn_h=0x7c2402b1d0
01-11 23:19:36.275   473   473 I rmt_storage: rmt_storage_disconnect_cb: clnt_h=0x4 conn_h=0x7c2402b1e0
01-11 23:19:36.276   473   473 I rmt_storage: rmt_storage_connect_cb: clnt_h=0x5 conn_h=0x7c2402b1e0
01-11 23:19:36.276   473   473 I rmt_storage: rmt_storage_alloc_buff_cb: /boot/modem_fs1: clnt_h=0x3: req_h=0x5 msg_id=4: Alloc request received: Size: 0
01-11 23:19:36.276   473   473 I rmt_storage: rmt_storage_alloc_buff_cb: /boot/modem_fs1: clnt_h=0x3: req_h=0x5 msg_id=4: New client making a dummy request with buffer req size 0
01-11 23:19:36.276   473   473 I rmt_storage: rmt_storage_alloc_buff_cb: /boot/modem_fs1: clnt_h=0x3: req_h=0x5 msg_id=4: Send response: res=0 err=0
01-11 23:19:36.278   473   473 I rmt_storage: rmt_storage_connect_cb: clnt_h=0x6 conn_h=0x7c2402b1d0
01-11 23:19:36.278   473   473 I rmt_storage: rmt_storage_rw_iovec_cb: /boot/modem_fs1: clnt_h=0x6: req_h=0x6 msg_id=3: R/W request received
01-11 23:19:36.278   473   473 I rmt_storage: wakelock acquired: 1, error no: 42
01-11 23:19:36.278   473   473 I rmt_storage: rmt_storage_disconnect_cb: clnt_h=0x5 conn_h=0x7c2402b1e0
01-11 23:19:36.279   864   864 I rild    : type=1400 audit(0.0:154): avc: denied { setattr } for name=716D75785F636C69656E745F736F636B657420202020383634 dev="tmpfs" ino=16046 scontext=u:r:rild:s0 tcontext=u:object_r:socket_device:s0 tclass=sock_file permissive=1
01-11 23:19:36.279   473   856 I rmt_storage: rmt_storage_client_thread: /boot/modem_fs1: clnt_h=0x6 Unblock worker thread (th_id: 533179921648)
01-11 23:19:36.279   504   864 E Diag_Lib:  Diag_LSM_Init: Failed to open handle to diag driver, error = 2
01-11 23:19:36.282   473   857 I rmt_storage: rmt_storage_client_thread: /boot/modem_fs2: clnt_h=0x5 Worker thread started
01-11 23:19:36.282   473   857 I rmt_storage: wake lock name: rmt_storage_533178885360, name creation success: 24
01-11 23:19:36.285   860   868 E Diag_Lib:  Diag_LSM_Init: Failed to open handle to diag driver, error = 2
01-11 23:19:36.287   473   863 I rmt_storage: rmt_storage_client_thread: /boot/modem_fsc: clnt_h=0x5 Worker thread started
01-11 23:19:36.287   473   863 I rmt_storage: wake lock name: rmt_storage_533176812784, name creation success: 24
01-11 23:19:36.287   473   859 I rmt_storage: rmt_storage_client_thread: /boot/modem_fsg: clnt_h=0x6 Worker thread started
01-11 23:19:36.288   473   859 I rmt_storage: wake lock name: rmt_storage_533177849072, name creation success: 24
01-11 23:19:36.289   473   856 I rmt_storage: rmt_storage_client_thread: /boot/modem_fs1: clnt_h=0x6: req_h=0x6 msg_id=3: Bytes read = 512
01-11 23:19:36.289   473   856 I rmt_storage: rmt_storage_client_thread: /boot/modem_fs1: clnt_h=0x6: req_h=0x6 msg_id=3: Send response: res=0 err=0
01-11 23:19:36.290   473   856 I rmt_storage: rmt_storage_client_thread: /boot/modem_fs1: clnt_h=0x6 About to block rmt_storage client thread (th_id: 533179921648) wakelock released: 1, error no: 0
01-11 23:19:36.290   473   856 I rmt_storage: 
01-11 23:19:36.290   473   473 I rmt_storage: rmt_storage_disconnect_cb: clnt_h=0x6 conn_h=0x7c2402b1d0
01-11 23:19:36.290   473   473 I rmt_storage: rmt_storage_connect_cb: clnt_h=0x7 conn_h=0x7c2402b1d0
01-11 23:19:36.290   473   473 I rmt_storage: rmt_storage_rw_iovec_cb: /boot/modem_fs2: clnt_h=0x5: req_h=0x7 msg_id=3: R/W request received
01-11 23:19:36.291   473   473 I rmt_storage: wakelock acquired: 1, error no: 42
01-11 23:19:36.291   473   857 I rmt_storage: rmt_storage_client_thread: /boot/modem_fs2: clnt_h=0x5 Unblock worker thread (th_id: 533178885360)
01-11 23:19:36.291   473   857 I rmt_storage: rmt_storage_client_thread: /boot/modem_fs2: clnt_h=0x5: req_h=0x7 msg_id=3: Bytes read = 512
01-11 23:19:36.291   473   857 I rmt_storage: rmt_storage_client_thread: /boot/modem_fs2: clnt_h=0x5: req_h=0x7 msg_id=3: Send response: res=0 err=0
01-11 23:19:36.291   473   857 I rmt_storage: rmt_storage_client_thread: /boot/modem_fs2: clnt_h=0x5 About to block rmt_storage client thread (th_id: 533178885360) wakelock released: 1, error no: 0
01-11 23:19:36.291   473   857 I rmt_storage: 
01-11 23:19:36.292   473   473 I rmt_storage: rmt_storage_disconnect_cb: clnt_h=0x7 conn_h=0x7c2402b1d0
01-11 23:19:36.293   473   473 I rmt_storage: rmt_storage_connect_cb: clnt_h=0x8 conn_h=0x7c2402b1d0
01-11 23:19:36.293   473   473 I rmt_storage: rmt_storage_rw_iovec_cb: /boot/modem_fs1: clnt_h=0x8: req_h=0x8 msg_id=3: R/W request received
01-11 23:19:36.293   473   473 I rmt_storage: wakelock acquired: 1, error no: 42
01-11 23:19:36.293   473   856 I rmt_storage: rmt_storage_client_thread: /boot/modem_fs1: clnt_h=0x8 Unblock worker thread (th_id: 533179921648)
01-11 23:19:36.300   473   856 I rmt_storage: rmt_storage_client_thread: /boot/modem_fs1: clnt_h=0x8: req_h=0x8 msg_id=3: Bytes read = 1571840
01-11 23:19:36.300   473   856 I rmt_storage: rmt_storage_client_thread: /boot/modem_fs1: clnt_h=0x8: req_h=0x8 msg_id=3: Send response: res=0 err=0
01-11 23:19:36.300   473   856 I rmt_storage: rmt_storage_client_thread: /boot/modem_fs1: clnt_h=0x8 About to block rmt_storage client thread (th_id: 533179921648) wakelock released: 1, error no: 0
01-11 23:19:36.300   473   856 I rmt_storage: 
01-11 23:19:36.301   473   473 I rmt_storage: rmt_storage_disconnect_cb: clnt_h=0x8 conn_h=0x7c2402b1d0
01-11 23:19:36.321   848   851 D vndksupport: Loading /vendor/lib64/hw/android.hardware.graphics.mapper@2.0-impl.so from current namespace instead of sphal namespace.
01-11 23:19:36.363   471   471 I surfaceflinger: type=1400 audit(0.0:155): avc: denied { read write } for path="/dev/kgsl-3d0" dev="tmpfs" ino=1948 scontext=u:r:surfaceflinger:s0 tcontext=u:object_r:device:s0 tclass=chr_file permissive=1
01-11 23:19:36.363   471   471 D MDP_SCALE: Debug enabled = 0, Max mixer width= 4096
01-11 23:19:36.379   513   513 I time_daemon: type=1400 audit(0.0:156): avc: denied { ioctl } for path="socket:[13772]" dev="sockfs" ino=13772 ioctlcmd=c302 scontext=u:r:init:s0 tcontext=u:r:init:s0 tclass=socket permissive=1
01-11 23:19:36.384   506   513 E QMI_FW  : QMUXD: WARNING qmi_qmux_if_pwr_up_init failed! rc=-1
01-11 23:19:36.385   506   513 E QMI_FW  : QMUXD: WARNING qmi_qmux_if_pwr_up_init failed! rc=-1
01-11 23:19:36.385   506   513 E QC-time-services: Daemon:genoff_modem_qmi_service_request: qmi_client_get_service_list returned 0num_services 1
01-11 23:19:36.385   506   513 E QMI_FW  : QMUXD: WARNING qmi_qmux_if_pwr_up_init failed! rc=-1
01-11 23:19:36.386   506   513 E QMI_FW  : QMUXD: WARNING qmi_qmux_if_pwr_up_init failed! rc=-1
01-11 23:19:36.395   506   513 D QC-time-services: Daemon:genoff_modem_qmi_service_request: Initial transaction successfull
01-11 23:19:37.647   882   882 I chatty  : uid=0(root) /init expire 3 lines
01-11 23:19:38.635   541   878 I chatty  : uid=0(root) /system/bin/dex2oat expire 11 lines
01-11 23:19:38.638   541   877 I chatty  : uid=0(root) /system/bin/dex2oat expire 5 lines
01-11 23:19:38.731   885   885 I chatty  : uid=0(root) sh expire 1 line
01-11 23:19:38.797   779   881 I chatty  : uid=0(root) /system/bin/dex2oat expire 6 lines
01-11 23:19:38.801   779   876 I chatty  : uid=0(root) /system/bin/dex2oat expire 5 lines
01-11 23:19:38.814   779   879 I chatty  : uid=0(root) /system/bin/dex2oat expire 4 lines
01-11 23:19:39.081   484   782 I chatty  : uid=0(root) /system/vendor/bin/thermal-engine expire 1 line
