01-01 00:31:47.628   520   697 E ThermalEngine: ACTION: CLUSTER - Setting CLUSTER[1] to 960000
01-01 00:31:47.688   520   697 E ThermalEngine: ACTION: CLUSTER - Setting CLUSTER[1] to 1248000
01-01 00:31:47.719   520   697 E ThermalEngine: ACTION: CLUSTER - Setting CLUSTER[1] to 960000
01-01 00:31:47.749   520   697 E ThermalEngine: ACTION: CLUSTER - Setting CLUSTER[1] to 1248000
01-01 00:31:47.779   520   697 E ThermalEngine: ACTION: CLUSTER - Setting CLUSTER[1] to 1344000
01-01 00:31:47.809   520   697 E ThermalEngine: ACTION: CLUSTER - Setting CLUSTER[1] to 1440000
01-01 00:31:47.840   520   697 E ThermalEngine: ACTION: CLUSTER - Setting CLUSTER[1] to 1344000
01-01 00:31:47.870   520   697 E ThermalEngine: ACTION: CLUSTER - Setting CLUSTER[1] to 1248000
01-01 00:31:47.901   520   697 E ThermalEngine: ACTION: CLUSTER - Setting CLUSTER[1] to 960000
01-01 00:31:47.931   520   697 E ThermalEngine: ACTION: CLUSTER - Setting CLUSTER[1] to 1248000
01-01 00:31:47.961   520   697 E ThermalEngine: ACTION: CLUSTER - Setting CLUSTER[1] to 1344000
01-01 00:31:47.961   520   697 E ThermalEngine: ACTION: CLUSTER - Setting CLUSTER[1] to 1248000
01-01 00:31:47.992   520   697 E ThermalEngine: ACTION: CLUSTER - Setting CLUSTER[1] to 960000
01-01 00:31:48.022   520   697 E ThermalEngine: ACTION: CLUSTER - Setting CLUSTER[1] to 1248000
01-01 00:31:48.052   520   697 E ThermalEngine: ACTION: CLUSTER - Setting CLUSTER[1] to 1344000
01-01 00:31:48.082   520   697 E ThermalEngine: ACTION: CLUSTER - Setting CLUSTER[1] to 1248000
01-01 00:31:48.113   520   697 E ThermalEngine: ACTION: CLUSTER - Setting CLUSTER[1] to 960000
01-01 00:31:48.143   520   697 E ThermalEngine: ACTION: CLUSTER - Setting CLUSTER[1] to 1248000
01-01 00:31:48.173   520   697 E ThermalEngine: ACTION: CLUSTER - Setting CLUSTER[1] to 960000
01-01 00:31:48.188   610   610 I dex2oat : dex2oat took 3.977s (3.511s cpu) (threads: 4) arena alloc=0B (0B) java alloc=1658KB (1698688B) native alloc=9MB (10191352B) free=4MB (4226568B)
01-01 00:31:48.204   520   697 E ThermalEngine: ACTION: CLUSTER - Setting CLUSTER[1] to 1248000
01-01 00:31:48.234   520   697 E ThermalEngine: ACTION: CLUSTER - Setting CLUSTER[1] to 960000
01-01 00:31:48.249   665   665 I dex2oat : dex2oat took 4.040s (3.552s cpu) (threads: 4) arena alloc=0B (0B) java alloc=2MB (2332432B) native alloc=14MB (14681264B) free=3MB (3930960B)
01-01 00:31:48.356   520   697 E ThermalEngine: ACTION: CLUSTER - Setting CLUSTER[1] to 1248000
01-01 00:31:48.387   906   906 I init    : type=1400 audit(0.0:354): avc: denied { execute_no_trans } for path="/system/vendor/bin/perfd" dev="mmcblk0p53" ino=2272 scontext=u:r:init:s0 tcontext=u:object_r:vendor_file:s0 tclass=file permissive=1
01-01 00:31:48.387   520   697 E ThermalEngine: ACTION: CLUSTER - Setting CLUSTER[1] to 960000
01-01 00:31:48.401   906   906 E ANDR-PERF-MPCTL: Unable to create control service (stage=1, rc=0)
01-01 00:31:48.401   906   906 W libc    : invalid pthread_t (0) passed to libc
01-01 00:31:48.447   520   697 E ThermalEngine: ACTION: CLUSTER - Setting CLUSTER[1] to 1248000
01-01 00:31:48.453   520   697 E ThermalEngine: ACTION: CLUSTER - Setting CLUSTER[1] to 1824000
01-01 00:31:48.457   520   697 E ThermalEngine: ACTION: CLUSTER - Setting CLUSTER[1] to 1689600
01-01 00:31:48.471   520   697 E ThermalEngine: ACTION: CLUSTER - Setting CLUSTER[1] to 1824000
01-01 00:31:48.472   520   697 E ThermalEngine: ACTION: CLUSTER - Setting CLUSTER[1] to 1689600
01-01 00:31:48.507   520   697 E ThermalEngine: ACTION: CLUSTER - Setting CLUSTER[1] to 1824000
01-01 00:31:48.515   520   697 E ThermalEngine: ACTION: CLUSTER - Setting CLUSTER[1] to 1689600
01-01 00:31:48.522   520   697 E ThermalEngine: ACTION: CLUSTER - Setting CLUSTER[1] to 1824000
01-01 00:31:48.523   520   697 E ThermalEngine: ACTION: CLUSTER - Setting CLUSTER[1] to 1689600
01-01 00:31:48.560   520   697 E ThermalEngine: ACTION: CLUSTER - Setting CLUSTER[1] to 1632000
01-01 00:31:48.587   520   697 E ThermalEngine: ACTION: CLUSTER - Setting CLUSTER[1] to 1536000
01-01 00:31:48.618   520   697 E ThermalEngine: ACTION: CLUSTER - Setting CLUSTER[1] to 1440000
01-01 00:31:48.648   520   697 E ThermalEngine: ACTION: CLUSTER - Setting CLUSTER[1] to 1344000
01-01 00:31:48.679   520   697 E ThermalEngine: ACTION: CLUSTER - Setting CLUSTER[1] to 1248000
01-01 00:31:48.709   520   697 E ThermalEngine: ACTION: CLUSTER - Setting CLUSTER[1] to 960000
01-01 00:31:48.770   520   697 E ThermalEngine: ACTION: CLUSTER - Setting CLUSTER[1] to 1248000
01-01 00:31:48.800   520   697 E ThermalEngine: ACTION: CLUSTER - Setting CLUSTER[1] to 960000
01-01 00:31:48.831   520   697 E ThermalEngine: ACTION: CLUSTER - Setting CLUSTER[1] to 1248000
01-01 00:31:48.861   520   697 E ThermalEngine: ACTION: CLUSTER - Setting CLUSTER[1] to 960000
01-01 00:31:48.892   520   697 E ThermalEngine: ACTION: CLUSTER - Setting CLUSTER[1] to 1248000
01-01 00:31:48.922   520   697 E ThermalEngine: ACTION: CLUSTER - Setting CLUSTER[1] to 960000
01-01 00:31:48.953   520   697 E ThermalEngine: ACTION: CLUSTER - Setting CLUSTER[1] to 1248000
01-01 00:31:48.983   520   697 E ThermalEngine: ACTION: CLUSTER - Setting CLUSTER[1] to 960000
01-01 00:31:48.998   439   439 I SamplingProfilerIntegration: Profiling disabled.
01-01 00:31:48.998   439   439 D Zygote  : begin preload
01-01 00:31:48.999   439   439 I Zygote  : Installing ICU cache reference pinning...
01-01 00:31:48.999   439   439 I Zygote  : Preloading ICU data...
01-01 00:31:49.015   520   697 E ThermalEngine: ACTION: CLUSTER - Setting CLUSTER[1] to 1248000
01-01 00:31:49.045   520   697 E ThermalEngine: ACTION: CLUSTER - Setting CLUSTER[1] to 960000
01-01 00:31:49.075   440   440 I SamplingProfilerIntegration: Profiling disabled.
01-01 00:31:49.076   520   697 E ThermalEngine: ACTION: CLUSTER - Setting CLUSTER[1] to 1248000
01-01 00:31:49.082   440   440 I zygote  : Explicit concurrent copying GC freed 2473(169KB) AllocSpace objects, 0(0B) LOS objects, 86% free, 245KB/1781KB, paused 435us total 6.350ms
01-01 00:31:49.092   440   440 I zygote  : Explicit concurrent copying GC freed 8(32KB) AllocSpace objects, 0(0B) LOS objects, 86% free, 245KB/1781KB, paused 133us total 7.908ms
01-01 00:31:49.093   440   440 D Zygote32Timing: PostZygoteInitGC took to complete: 17ms
01-01 00:31:49.093   440   440 D Zygote32Timing: ZygoteInit took to complete: 30ms
01-01 00:31:49.094   440   440 I         : seccomp disabled by setenforce 0
01-01 00:31:49.094   440   440 I Zygote  : Accepting command socket connections
01-01 00:31:49.106   520   697 E ThermalEngine: ACTION: CLUSTER - Setting CLUSTER[1] to 960000
01-01 00:31:49.136   520   697 E ThermalEngine: ACTION: CLUSTER - Setting CLUSTER[1] to 1248000
01-01 00:31:49.167   520   697 E ThermalEngine: ACTION: CLUSTER - Setting CLUSTER[1] to 960000
01-01 00:31:49.197   520   697 E ThermalEngine: ACTION: CLUSTER - Setting CLUSTER[1] to 1248000
01-01 00:31:49.228   520   697 E ThermalEngine: ACTION: CLUSTER - Setting CLUSTER[1] to 960000
01-01 00:31:49.258   520   697 E ThermalEngine: ACTION: CLUSTER - Setting CLUSTER[1] to 1248000
01-01 00:31:49.288   520   697 E ThermalEngine: ACTION: CLUSTER - Setting CLUSTER[1] to 1344000
01-01 00:31:49.296   439   439 D Zygote64Timing: BeginIcuCachePinning took to complete: 297ms
01-01 00:31:49.297   439   439 I Zygote  : Preloading classes...
01-01 00:31:49.319   520   697 E ThermalEngine: ACTION: CLUSTER - Setting CLUSTER[1] to 1248000
01-01 00:31:49.349   520   697 E ThermalEngine: ACTION: CLUSTER - Setting CLUSTER[1] to 960000
01-01 00:31:49.380   520   697 E ThermalEngine: ACTION: CLUSTER - Setting CLUSTER[1] to 1248000
01-01 00:31:49.405   518   518 E Diag_Lib:  Diag_LSM_Init: Failed to open handle to diag driver, error = 2
01-01 00:31:49.407   518   518 E Diag_Lib:  Diag_LSM_Init: Failed to open handle to diag driver, error = 2
01-01 00:31:49.410   520   697 E ThermalEngine: ACTION: CLUSTER - Setting CLUSTER[1] to 960000
01-01 00:31:49.416   520   695 E ThermalEngine: [BMHB_GOV] read failed VS_TEMP
01-01 00:31:49.441   520   697 E ThermalEngine: ACTION: CLUSTER - Setting CLUSTER[1] to 1248000
01-01 00:31:49.441   520   697 E ThermalEngine: ACTION: CLUSTER - Setting CLUSTER[1] to 960000
01-01 00:31:49.473   520   697 E ThermalEngine: ACTION: CLUSTER - Setting CLUSTER[1] to 1248000
01-01 00:31:49.487   675   675 I qmuxd   : type=1400 audit(0.0:355): avc: denied { write } for name="qmux_nfc" dev="tmpfs" ino=13272 scontext=u:r:qmux:s0 tcontext=u:object_r:socket_device:s0 tclass=dir permissive=1
01-01 00:31:49.487   675   675 I qmuxd   : type=1400 audit(0.0:356): avc: denied { add_name } for name="qmux_connect_socket" scontext=u:r:qmux:s0 tcontext=u:object_r:socket_device:s0 tclass=dir permissive=1
01-01 00:31:49.487   675   675 I qmuxd   : type=1400 audit(0.0:357): avc: denied { create } for name="qmux_connect_socket" scontext=u:r:qmux:s0 tcontext=u:object_r:socket_device:s0 tclass=sock_file permissive=1
01-01 00:31:49.487   675   675 I qmuxd   : type=1400 audit(0.0:358): avc: denied { setattr } for name="qmux_connect_socket" dev="tmpfs" ino=12160 scontext=u:r:qmux:s0 tcontext=u:object_r:socket_device:s0 tclass=sock_file permissive=1
01-01 00:31:49.504   520   697 E ThermalEngine: ACTION: CLUSTER - Setting CLUSTER[1] to 960000
01-01 00:31:49.534   520   697 E ThermalEngine: ACTION: CLUSTER - Setting CLUSTER[1] to 1248000
01-01 00:31:49.565   520   697 E ThermalEngine: ACTION: CLUSTER - Setting CLUSTER[1] to 960000
01-01 00:31:49.627   520   697 E ThermalEngine: ACTION: CLUSTER - Setting CLUSTER[1] to 1248000
01-01 00:31:49.658   520   697 E ThermalEngine: ACTION: CLUSTER - Setting CLUSTER[1] to 960000
01-01 00:31:49.688   520   697 E ThermalEngine: ACTION: CLUSTER - Setting CLUSTER[1] to 1248000
01-01 00:31:49.720   520   697 E ThermalEngine: ACTION: CLUSTER - Setting CLUSTER[1] to 960000
01-01 00:31:49.751   520   697 E ThermalEngine: ACTION: CLUSTER - Setting CLUSTER[1] to 1248000
01-01 00:31:49.782   520   697 E ThermalEngine: ACTION: CLUSTER - Setting CLUSTER[1] to 960000
01-01 00:31:49.812   520   697 E ThermalEngine: ACTION: CLUSTER - Setting CLUSTER[1] to 1248000
01-01 00:31:49.843   520   697 E ThermalEngine: ACTION: CLUSTER - Setting CLUSTER[1] to 960000
01-01 00:31:49.873   520   697 E ThermalEngine: ACTION: CLUSTER - Setting CLUSTER[1] to 1248000
01-01 00:31:49.903   520   697 E ThermalEngine: ACTION: CLUSTER - Setting CLUSTER[1] to 960000
01-01 00:31:49.934   520   697 E ThermalEngine: ACTION: CLUSTER - Setting CLUSTER[1] to 1248000
01-01 00:31:49.964   520   697 E ThermalEngine: ACTION: CLUSTER - Setting CLUSTER[1] to 960000
01-01 00:31:49.995   520   697 E ThermalEngine: ACTION: CLUSTER - Setting CLUSTER[1] to 1248000
01-01 00:31:50.025   520   697 E ThermalEngine: ACTION: CLUSTER - Setting CLUSTER[1] to 960000
01-01 00:31:50.055   520   697 E ThermalEngine: ACTION: CLUSTER - Setting CLUSTER[1] to 1248000
01-01 00:31:50.086   520   697 E ThermalEngine: ACTION: CLUSTER - Setting CLUSTER[1] to 960000
01-01 00:31:50.116   520   697 E ThermalEngine: ACTION: CLUSTER - Setting CLUSTER[1] to 1248000
01-01 00:31:50.146   520   697 E ThermalEngine: ACTION: CLUSTER - Setting CLUSTER[1] to 960000
01-01 00:31:50.208   520   697 E ThermalEngine: ACTION: CLUSTER - Setting CLUSTER[1] to 1248000
01-01 00:31:50.239   520   697 E ThermalEngine: ACTION: CLUSTER - Setting CLUSTER[1] to 960000
01-01 00:31:50.300   520   697 E ThermalEngine: ACTION: CLUSTER - Setting CLUSTER[1] to 1248000
01-01 00:31:50.331   520   697 E ThermalEngine: ACTION: CLUSTER - Setting CLUSTER[1] to 1344000
01-01 00:31:50.331   520   697 E ThermalEngine: ACTION: CLUSTER - Setting CLUSTER[1] to 1248000
01-01 00:31:50.361   520   697 E ThermalEngine: ACTION: CLUSTER - Setting CLUSTER[1] to 1344000
01-01 00:31:50.403   523   523 I imswmsproxy: type=1400 audit(0.0:359): avc: denied { write } for name="qmux_connect_socket" dev="tmpfs" ino=12152 scontext=u:r:init:s0 tcontext=u:object_r:qmuxd_socket:s0 tclass=sock_file permissive=1
01-01 00:31:50.403   553   553 I thermal-engine: type=1400 audit(0.0:360): avc: denied { write } for name="qmux_connect_socket" dev="tmpfs" ino=12152 scontext=u:r:init:s0 tcontext=u:object_r:qmuxd_socket:s0 tclass=sock_file permissive=1
01-01 00:31:50.403   553   553 I thermal-engine: type=1400 audit(0.0:361): avc: denied { connectto } for path="/dev/socket/qmux_radio/qmux_connect_socket" scontext=u:r:init:s0 tcontext=u:r:qmux:s0 tclass=unix_stream_socket permissive=1
01-01 00:31:50.411   523   523 D ImsWmsClient: ImsWmsClient :: Modem is initialized; handle=255
01-01 00:31:50.423   520   697 E ThermalEngine: ACTION: CLUSTER - Setting CLUSTER[1] to 1248000
01-01 00:31:50.454   520   697 E ThermalEngine: ACTION: CLUSTER - Setting CLUSTER[1] to 960000
01-01 00:31:50.460   520   552 I ThermalEngine: MODEM thermal mitigation available.
01-01 00:31:50.462   520   552 I ThermalEngine: ACTION: MODEM - Pending request: pa mitigation succeeded for level 0.
01-01 00:31:50.464   520   552 I ThermalEngine: ACTION: MODEM - Pending request: cpuv_restriction_cold mitigation succeeded for level 0.
01-01 00:31:50.468   520   555 I ThermalEngine: qmi: Instance id 157 for fusion TS
01-01 00:31:50.484   520   697 E ThermalEngine: ACTION: CLUSTER - Setting CLUSTER[1] to 1248000
01-01 00:31:50.490   520   554 I ThermalEngine: ADSP thermal mitigation available.
01-01 00:31:50.492   520   554 I ThermalEngine: ACTION: ADSP - Pending request: cpuv_restriction_cold mitigation succeeded for level 0.
01-01 00:31:50.514   520   697 E ThermalEngine: ACTION: CLUSTER - Setting CLUSTER[1] to 1344000
01-01 00:31:50.528   520   697 E ThermalEngine: ACTION: CLUSTER - Setting CLUSTER[1] to 1440000
01-01 00:31:50.553   520   697 E ThermalEngine: ACTION: CLUSTER - Setting CLUSTER[1] to 1824000
01-01 00:31:50.596   520   697 E ThermalEngine: ACTION: CLUSTER - Setting CLUSTER[1] to 1689600
01-01 00:31:50.638   520   697 E ThermalEngine: ACTION: CLUSTER - Setting CLUSTER[1] to 1632000
01-01 00:31:50.644   520   697 E ThermalEngine: ACTION: CLUSTER - Setting CLUSTER[1] to 1536000
01-01 00:31:50.665   518   922 E Diag_Lib:  Diag_LSM_Init: Failed to open handle to diag driver, error = 2
01-01 00:31:50.674   520   697 E ThermalEngine: ACTION: CLUSTER - Setting CLUSTER[1] to 1440000
01-01 00:31:50.676   520   697 E ThermalEngine: ACTION: CLUSTER - Setting CLUSTER[1] to 1344000
01-01 00:31:50.687   518   518 I netmgrd : type=1400 audit(0.0:362): avc: denied { write } for name="netmgr" dev="tmpfs" ino=10528 scontext=u:r:netmgrd:s0 tcontext=u:object_r:socket_device:s0 tclass=dir permissive=1
01-01 00:31:50.687   518   518 I netmgrd : type=1400 audit(0.0:363): avc: denied { add_name } for name="netmgr_connect_socket" scontext=u:r:netmgrd:s0 tcontext=u:object_r:socket_device:s0 tclass=dir permissive=1
01-01 00:31:50.687   518   518 I netmgrd : type=1400 audit(0.0:364): avc: denied { create } for name="netmgr_connect_socket" scontext=u:r:netmgrd:s0 tcontext=u:object_r:socket_device:s0 tclass=sock_file permissive=1
01-01 00:31:50.687   518   518 I netmgrd : type=1400 audit(0.0:365): avc: denied { setattr } for name="netmgr_connect_socket" dev="tmpfs" ino=12279 scontext=u:r:netmgrd:s0 tcontext=u:object_r:socket_device:s0 tclass=sock_file permissive=1
01-01 00:31:50.691   520   697 E ThermalEngine: ACTION: CLUSTER - Setting CLUSTER[1] to 1689600
01-01 00:31:50.691   520   697 E ThermalEngine: ACTION: CLUSTER - Setting CLUSTER[1] to 1824000
01-01 00:31:50.706   520   697 E ThermalEngine: ACTION: CLUSTER - Setting CLUSTER[1] to 1689600
01-01 00:31:50.735   520   697 E ThermalEngine: ACTION: CLUSTER - Setting CLUSTER[1] to 1824000
01-01 00:31:50.735   520   697 E ThermalEngine: ACTION: CLUSTER - Setting CLUSTER[1] to 1689600
01-01 00:31:50.753   520   697 E ThermalEngine: ACTION: CLUSTER - Setting CLUSTER[1] to 1824000
01-01 00:31:50.754   520   697 E ThermalEngine: ACTION: CLUSTER - Setting CLUSTER[1] to 1689600
01-01 00:31:50.791   520   697 E ThermalEngine: ACTION: CLUSTER - Setting CLUSTER[1] to 1824000
01-01 00:31:50.791   520   697 E ThermalEngine: ACTION: CLUSTER - Setting CLUSTER[1] to 1689600
01-01 00:31:50.800   520   697 E ThermalEngine: ACTION: CLUSTER - Setting CLUSTER[1] to 1632000
01-01 00:31:50.861   520   697 E ThermalEngine: ACTION: CLUSTER - Setting CLUSTER[1] to 1689600
01-01 00:31:50.892   520   697 E ThermalEngine: ACTION: CLUSTER - Setting CLUSTER[1] to 1632000
01-01 00:31:50.895   520   697 E ThermalEngine: ACTION: CLUSTER - Setting CLUSTER[1] to 1536000
01-01 00:31:50.925   520   697 E ThermalEngine: ACTION: CLUSTER - Setting CLUSTER[1] to 1440000
01-01 00:31:50.931   520   697 E ThermalEngine: ACTION: CLUSTER - Setting CLUSTER[1] to 1344000
01-01 00:31:50.949   520   697 E ThermalEngine: ACTION: CLUSTER - Setting CLUSTER[1] to 1689600
01-01 00:31:50.949   520   697 E ThermalEngine: ACTION: CLUSTER - Setting CLUSTER[1] to 1824000
01-01 00:31:50.959   439   439 E ActivityRecognitionHardware: activity_recognition HAL is deprecated. class_init is effectively a no-op
01-01 00:31:50.964   520   697 E ThermalEngine: ACTION: CLUSTER - Setting CLUSTER[1] to 1689600
01-01 00:31:50.994   520   697 E ThermalEngine: ACTION: CLUSTER - Setting CLUSTER[1] to 1632000
01-01 00:31:50.996   520   697 E ThermalEngine: ACTION: CLUSTER - Setting CLUSTER[1] to 1536000
01-01 00:31:51.027   520   697 E ThermalEngine: ACTION: CLUSTER - Setting CLUSTER[1] to 1632000
01-01 00:31:51.058   520   697 E ThermalEngine: ACTION: CLUSTER - Setting CLUSTER[1] to 1536000
01-01 00:31:51.089   520   697 E ThermalEngine: ACTION: CLUSTER - Setting CLUSTER[1] to 1440000
01-01 00:31:51.120   520   697 E ThermalEngine: ACTION: CLUSTER - Setting CLUSTER[1] to 1344000
01-01 00:31:51.148   439   439 I zygote64: Thread[1,tid=439,Native,Thread*=0x7641ebea00,peer=0x8308d30,"main"] recursive attempt to load library "/system/lib64/libmedia_jni.so"
01-01 00:31:51.148   439   439 D MtpDeviceJNI: register_android_mtp_MtpDevice
01-01 00:31:51.150   520   697 E ThermalEngine: ACTION: CLUSTER - Setting CLUSTER[1] to 1440000
01-01 00:31:51.151   439   439 I zygote64: Thread[1,tid=439,Native,Thread*=0x7641ebea00,peer=0x8308d30,"main"] recursive attempt to load library "/system/lib64/libmedia_jni.so"
01-01 00:31:51.153   439   439 I zygote64: Thread[1,tid=439,Native,Thread*=0x7641ebea00,peer=0x8308d30,"main"] recursive attempt to load library "/system/lib64/libmedia_jni.so"
01-01 00:31:51.163   520   697 E ThermalEngine: ACTION: CLUSTER - Setting CLUSTER[1] to 1536000
01-01 00:31:51.182   520   697 E ThermalEngine: ACTION: CLUSTER - Setting CLUSTER[1] to 1632000
01-01 00:31:51.189   520   697 E ThermalEngine: ACTION: CLUSTER - Setting CLUSTER[1] to 1689600
01-01 00:31:51.219   520   697 E ThermalEngine: ACTION: CLUSTER - Setting CLUSTER[1] to 1824000
01-01 00:31:51.250   520   697 E ThermalEngine: ACTION: CLUSTER - Setting CLUSTER[1] to 1689600
01-01 00:31:51.254   520   697 E ThermalEngine: ACTION: CLUSTER - Setting CLUSTER[1] to 1632000
01-01 00:31:51.287   520   697 E ThermalEngine: ACTION: CLUSTER - Setting CLUSTER[1] to 1536000
01-01 00:31:51.317   520   697 E ThermalEngine: ACTION: CLUSTER - Setting CLUSTER[1] to 1632000
01-01 00:31:51.319   520   697 E ThermalEngine: ACTION: CLUSTER - Setting CLUSTER[1] to 1689600
01-01 00:31:51.350   520   697 E ThermalEngine: ACTION: CLUSTER - Setting CLUSTER[1] to 1632000
01-01 00:31:51.352   520   697 E ThermalEngine: ACTION: CLUSTER - Setting CLUSTER[1] to 1536000
01-01 00:31:51.370   520   697 E ThermalEngine: ACTION: CLUSTER - Setting CLUSTER[1] to 1689600
01-01 00:31:51.370   520   697 E ThermalEngine: ACTION: CLUSTER - Setting CLUSTER[1] to 1824000
01-01 00:31:51.401   520   697 E ThermalEngine: ACTION: CLUSTER - Setting CLUSTER[1] to 1689600
01-01 00:31:51.410   520   697 E ThermalEngine: ACTION: CLUSTER - Setting CLUSTER[1] to 1632000
01-01 00:31:51.440   520   697 E ThermalEngine: ACTION: CLUSTER - Setting CLUSTER[1] to 1536000
01-01 00:31:51.450   520   697 E ThermalEngine: ACTION: CLUSTER - Setting CLUSTER[1] to 1440000
01-01 00:31:51.472   520   697 E ThermalEngine: ACTION: CLUSTER - Setting CLUSTER[1] to 1344000
01-01 00:31:51.487   520   697 E ThermalEngine: ACTION: CLUSTER - Setting CLUSTER[1] to 1248000
01-01 00:31:51.501   520   697 E ThermalEngine: ACTION: CLUSTER - Setting CLUSTER[1] to 960000
01-01 00:31:51.531   520   697 E ThermalEngine: ACTION: CLUSTER - Setting CLUSTER[1] to 1248000
01-01 00:31:51.548   520   697 E ThermalEngine: ACTION: CLUSTER - Setting CLUSTER[1] to 1824000
01-01 00:31:51.552   520   697 E ThermalEngine: ACTION: CLUSTER - Setting CLUSTER[1] to 1689600
01-01 00:31:51.577   520   697 E ThermalEngine: ACTION: CLUSTER - Setting CLUSTER[1] to 1824000
01-01 00:31:51.578   520   697 E ThermalEngine: ACTION: CLUSTER - Setting CLUSTER[1] to 1689600
01-01 00:31:51.592   520   697 E ThermalEngine: ACTION: CLUSTER - Setting CLUSTER[1] to 1824000
01-01 00:31:51.593   520   697 E ThermalEngine: ACTION: CLUSTER - Setting CLUSTER[1] to 1689600
01-01 00:31:51.629   520   697 E ThermalEngine: ACTION: CLUSTER - Setting CLUSTER[1] to 1824000
01-01 00:31:51.630   520   697 E ThermalEngine: ACTION: CLUSTER - Setting CLUSTER[1] to 1689600
01-01 00:31:51.635   439   439 W main    : type=1400 audit(0.0:366): avc: granted { read } for name="cmdline" dev="proc" ino=4026535438 scontext=u:r:zygote:s0 tcontext=u:object_r:proc:s0 tclass=file
01-01 00:31:51.635   439   439 W main    : type=1400 audit(0.0:367): avc: granted { read open } for path="/proc/cmdline" dev="proc" ino=4026535438 scontext=u:r:zygote:s0 tcontext=u:object_r:proc:s0 tclass=file
01-01 00:31:51.635   439   439 W main    : type=1400 audit(0.0:368): avc: granted { getattr } for path="/proc/cmdline" dev="proc" ino=4026535438 scontext=u:r:zygote:s0 tcontext=u:object_r:proc:s0 tclass=file
01-01 00:31:51.654   520   697 E ThermalEngine: ACTION: CLUSTER - Setting CLUSTER[1] to 1824000
01-01 00:31:51.654   520   697 E ThermalEngine: ACTION: CLUSTER - Setting CLUSTER[1] to 1689600
01-01 00:31:51.672   520   697 E ThermalEngine: ACTION: CLUSTER - Setting CLUSTER[1] to 1824000
01-01 00:31:51.672   520   697 E ThermalEngine: ACTION: CLUSTER - Setting CLUSTER[1] to 1689600
01-01 00:31:51.693   520   697 E ThermalEngine: ACTION: CLUSTER - Setting CLUSTER[1] to 1824000
01-01 00:31:51.694   520   697 E ThermalEngine: ACTION: CLUSTER - Setting CLUSTER[1] to 1689600
01-01 00:31:51.708   520   697 E ThermalEngine: ACTION: CLUSTER - Setting CLUSTER[1] to 1824000
01-01 00:31:51.708   520   697 E ThermalEngine: ACTION: CLUSTER - Setting CLUSTER[1] to 1689600
01-01 00:31:51.730   520   697 E ThermalEngine: ACTION: CLUSTER - Setting CLUSTER[1] to 1824000
01-01 00:31:51.730   520   697 E ThermalEngine: ACTION: CLUSTER - Setting CLUSTER[1] to 1689600
01-01 00:31:51.744   520   697 E ThermalEngine: ACTION: CLUSTER - Setting CLUSTER[1] to 1824000
01-01 00:31:51.745   520   697 E ThermalEngine: ACTION: CLUSTER - Setting CLUSTER[1] to 1689600
01-01 00:31:51.762   520   697 E ThermalEngine: ACTION: CLUSTER - Setting CLUSTER[1] to 1824000
01-01 00:31:51.763   520   697 E ThermalEngine: ACTION: CLUSTER - Setting CLUSTER[1] to 1689600
01-01 00:31:51.781   520   697 E ThermalEngine: ACTION: CLUSTER - Setting CLUSTER[1] to 1824000
01-01 00:31:51.781   520   697 E ThermalEngine: ACTION: CLUSTER - Setting CLUSTER[1] to 1689600
01-01 00:31:51.802   520   697 E ThermalEngine: ACTION: CLUSTER - Setting CLUSTER[1] to 1824000
01-01 00:31:51.803   520   697 E ThermalEngine: ACTION: CLUSTER - Setting CLUSTER[1] to 1689600
01-01 00:31:51.821   520   697 E ThermalEngine: ACTION: CLUSTER - Setting CLUSTER[1] to 1824000
01-01 00:31:51.821   520   697 E ThermalEngine: ACTION: CLUSTER - Setting CLUSTER[1] to 1689600
01-01 00:31:51.843   520   697 E ThermalEngine: ACTION: CLUSTER - Setting CLUSTER[1] to 1824000
01-01 00:31:51.843   520   697 E ThermalEngine: ACTION: CLUSTER - Setting CLUSTER[1] to 1689600
01-01 00:31:51.864   520   697 E ThermalEngine: ACTION: CLUSTER - Setting CLUSTER[1] to 1824000
01-01 00:31:51.865   520   697 E ThermalEngine: ACTION: CLUSTER - Setting CLUSTER[1] to 1689600
01-01 00:31:51.879   520   697 E ThermalEngine: ACTION: CLUSTER - Setting CLUSTER[1] to 1824000
01-01 00:31:51.879   520   697 E ThermalEngine: ACTION: CLUSTER - Setting CLUSTER[1] to 1689600
01-01 00:31:51.897   520   697 E ThermalEngine: ACTION: CLUSTER - Setting CLUSTER[1] to 1824000
01-01 00:31:51.898   520   697 E ThermalEngine: ACTION: CLUSTER - Setting CLUSTER[1] to 1689600
01-01 00:31:51.919   520   697 E ThermalEngine: ACTION: CLUSTER - Setting CLUSTER[1] to 1824000
01-01 00:31:51.919   520   697 E ThermalEngine: ACTION: CLUSTER - Setting CLUSTER[1] to 1689600
01-01 00:31:51.937   520   697 E ThermalEngine: ACTION: CLUSTER - Setting CLUSTER[1] to 1824000
01-01 00:31:51.937   520   697 E ThermalEngine: ACTION: CLUSTER - Setting CLUSTER[1] to 1689600
01-01 00:31:51.955   520   697 E ThermalEngine: ACTION: CLUSTER - Setting CLUSTER[1] to 1824000
01-01 00:31:51.955   520   697 E ThermalEngine: ACTION: CLUSTER - Setting CLUSTER[1] to 1689600
01-01 00:31:51.974   520   697 E ThermalEngine: ACTION: CLUSTER - Setting CLUSTER[1] to 1824000
01-01 00:31:51.974   520   697 E ThermalEngine: ACTION: CLUSTER - Setting CLUSTER[1] to 1689600
01-01 00:31:51.988   520   697 E ThermalEngine: ACTION: CLUSTER - Setting CLUSTER[1] to 1824000
01-01 00:31:51.988   520   697 E ThermalEngine: ACTION: CLUSTER - Setting CLUSTER[1] to 1689600
01-01 00:31:52.009   520   697 E ThermalEngine: ACTION: CLUSTER - Setting CLUSTER[1] to 1824000
01-01 00:31:52.010   520   697 E ThermalEngine: ACTION: CLUSTER - Setting CLUSTER[1] to 1689600
01-01 00:31:52.024   520   697 E ThermalEngine: ACTION: CLUSTER - Setting CLUSTER[1] to 1824000
01-01 00:31:52.024   520   697 E ThermalEngine: ACTION: CLUSTER - Setting CLUSTER[1] to 1689600
01-01 00:31:52.042   520   697 E ThermalEngine: ACTION: CLUSTER - Setting CLUSTER[1] to 1824000
01-01 00:31:52.042   520   697 E ThermalEngine: ACTION: CLUSTER - Setting CLUSTER[1] to 1689600
01-01 00:31:52.060   520   697 E ThermalEngine: ACTION: CLUSTER - Setting CLUSTER[1] to 1824000
01-01 00:31:52.060   520   697 E ThermalEngine: ACTION: CLUSTER - Setting CLUSTER[1] to 1689600
01-01 00:31:52.079   520   697 E ThermalEngine: ACTION: CLUSTER - Setting CLUSTER[1] to 1824000
01-01 00:31:52.079   520   697 E ThermalEngine: ACTION: CLUSTER - Setting CLUSTER[1] to 1689600
01-01 00:31:52.096   520   697 E ThermalEngine: ACTION: CLUSTER - Setting CLUSTER[1] to 1824000
01-01 00:31:52.097   520   697 E ThermalEngine: ACTION: CLUSTER - Setting CLUSTER[1] to 1689600
01-01 00:31:52.115   520   697 E ThermalEngine: ACTION: CLUSTER - Setting CLUSTER[1] to 1824000
01-01 00:31:52.115   520   697 E ThermalEngine: ACTION: CLUSTER - Setting CLUSTER[1] to 1689600
01-01 00:31:52.133   520   697 E ThermalEngine: ACTION: CLUSTER - Setting CLUSTER[1] to 1824000
01-01 00:31:52.133   520   697 E ThermalEngine: ACTION: CLUSTER - Setting CLUSTER[1] to 1689600
01-01 00:31:52.155   520   697 E ThermalEngine: ACTION: CLUSTER - Setting CLUSTER[1] to 1824000
01-01 00:31:52.155   520   697 E ThermalEngine: ACTION: CLUSTER - Setting CLUSTER[1] to 1689600
01-01 00:31:52.169   520   697 E ThermalEngine: ACTION: CLUSTER - Setting CLUSTER[1] to 1824000
01-01 00:31:52.170   520   697 E ThermalEngine: ACTION: CLUSTER - Setting CLUSTER[1] to 1689600
01-01 00:31:52.188   520   697 E ThermalEngine: ACTION: CLUSTER - Setting CLUSTER[1] to 1824000
01-01 00:31:52.188   520   697 E ThermalEngine: ACTION: CLUSTER - Setting CLUSTER[1] to 1689600
01-01 00:31:52.202   520   697 E ThermalEngine: ACTION: CLUSTER - Setting CLUSTER[1] to 1824000
01-01 00:31:52.209   520   697 E ThermalEngine: ACTION: CLUSTER - Setting CLUSTER[1] to 1689600
01-01 00:31:52.220   520   697 E ThermalEngine: ACTION: CLUSTER - Setting CLUSTER[1] to 1824000
01-01 00:31:52.221   520   697 E ThermalEngine: ACTION: CLUSTER - Setting CLUSTER[1] to 1689600
01-01 00:31:52.238   520   697 E ThermalEngine: ACTION: CLUSTER - Setting CLUSTER[1] to 1824000
01-01 00:31:52.238   520   697 E ThermalEngine: ACTION: CLUSTER - Setting CLUSTER[1] to 1689600
01-01 00:31:52.253   520   697 E ThermalEngine: ACTION: CLUSTER - Setting CLUSTER[1] to 1824000
01-01 00:31:52.253   520   697 E ThermalEngine: ACTION: CLUSTER - Setting CLUSTER[1] to 1689600
01-01 00:31:52.271   520   697 E ThermalEngine: ACTION: CLUSTER - Setting CLUSTER[1] to 1824000
01-01 00:31:52.271   520   697 E ThermalEngine: ACTION: CLUSTER - Setting CLUSTER[1] to 1689600
01-01 00:31:52.285   520   697 E ThermalEngine: ACTION: CLUSTER - Setting CLUSTER[1] to 1824000
01-01 00:31:52.285   520   697 E ThermalEngine: ACTION: CLUSTER - Setting CLUSTER[1] to 1689600
01-01 00:31:52.304   520   697 E ThermalEngine: ACTION: CLUSTER - Setting CLUSTER[1] to 1824000
01-01 00:31:52.304   520   697 E ThermalEngine: ACTION: CLUSTER - Setting CLUSTER[1] to 1689600
01-01 00:31:52.321   520   697 E ThermalEngine: ACTION: CLUSTER - Setting CLUSTER[1] to 1824000
01-01 00:31:52.322   520   697 E ThermalEngine: ACTION: CLUSTER - Setting CLUSTER[1] to 1689600
01-01 00:31:52.340   520   697 E ThermalEngine: ACTION: CLUSTER - Setting CLUSTER[1] to 1824000
01-01 00:31:52.340   520   697 E ThermalEngine: ACTION: CLUSTER - Setting CLUSTER[1] to 1689600
01-01 00:31:52.358   520   697 E ThermalEngine: ACTION: CLUSTER - Setting CLUSTER[1] to 1824000
01-01 00:31:52.358   520   697 E ThermalEngine: ACTION: CLUSTER - Setting CLUSTER[1] to 1689600
01-01 00:31:52.372   520   697 E ThermalEngine: ACTION: CLUSTER - Setting CLUSTER[1] to 1824000
01-01 00:31:52.373   520   697 E ThermalEngine: ACTION: CLUSTER - Setting CLUSTER[1] to 1689600
01-01 00:31:52.391   520   697 E ThermalEngine: ACTION: CLUSTER - Setting CLUSTER[1] to 1824000
01-01 00:31:52.392   520   697 E ThermalEngine: ACTION: CLUSTER - Setting CLUSTER[1] to 1689600
01-01 00:31:52.405   520   697 E ThermalEngine: ACTION: CLUSTER - Setting CLUSTER[1] to 1824000
01-01 00:31:52.406   520   697 E ThermalEngine: ACTION: CLUSTER - Setting CLUSTER[1] to 1689600
01-01 00:31:52.439   520   697 E ThermalEngine: ACTION: CLUSTER - Setting CLUSTER[1] to 1632000
01-01 00:31:52.470   520   697 E ThermalEngine: ACTION: CLUSTER - Setting CLUSTER[1] to 1536000
01-01 00:31:52.501   520   697 E ThermalEngine: ACTION: CLUSTER - Setting CLUSTER[1] to 1440000
01-01 00:31:52.531   520   697 E ThermalEngine: ACTION: CLUSTER - Setting CLUSTER[1] to 1344000
01-01 00:31:52.561   520   697 E ThermalEngine: ACTION: CLUSTER - Setting CLUSTER[1] to 1248000
01-01 00:31:52.592   520   697 E ThermalEngine: ACTION: CLUSTER - Setting CLUSTER[1] to 960000
01-01 00:31:52.622   520   697 E ThermalEngine: ACTION: CLUSTER - Setting CLUSTER[1] to 1248000
01-01 00:31:52.639   439   439 I System  : Loaded time zone names for "" in 101ms (78ms in ICU)
01-01 00:31:52.652   520   697 E ThermalEngine: ACTION: CLUSTER - Setting CLUSTER[1] to 960000
01-01 00:31:52.687   439   439 I System  : Loaded time zone names for "en_US" in 47ms (20ms in ICU)
01-01 00:31:52.712   520   697 E ThermalEngine: ACTION: CLUSTER - Setting CLUSTER[1] to 1248000
01-01 00:31:52.743   520   697 E ThermalEngine: ACTION: CLUSTER - Setting CLUSTER[1] to 960000
01-01 00:31:52.773   520   697 E ThermalEngine: ACTION: CLUSTER - Setting CLUSTER[1] to 1248000
01-01 00:31:52.803   520   697 E ThermalEngine: ACTION: CLUSTER - Setting CLUSTER[1] to 960000
01-01 00:31:52.833   520   697 E ThermalEngine: ACTION: CLUSTER - Setting CLUSTER[1] to 1248000
01-01 00:31:52.864   520   697 E ThermalEngine: ACTION: CLUSTER - Setting CLUSTER[1] to 960000
01-01 00:31:52.894   520   697 E ThermalEngine: ACTION: CLUSTER - Setting CLUSTER[1] to 1248000
01-01 00:31:52.924   520   697 E ThermalEngine: ACTION: CLUSTER - Setting CLUSTER[1] to 960000
01-01 00:31:52.955   520   697 E ThermalEngine: ACTION: CLUSTER - Setting CLUSTER[1] to 1248000
01-01 00:31:52.985   520   697 E ThermalEngine: ACTION: CLUSTER - Setting CLUSTER[1] to 960000
01-01 00:31:53.015   520   697 E ThermalEngine: ACTION: CLUSTER - Setting CLUSTER[1] to 1248000
01-01 00:31:53.045   520   697 E ThermalEngine: ACTION: CLUSTER - Setting CLUSTER[1] to 960000
01-01 00:31:53.076   520   697 E ThermalEngine: ACTION: CLUSTER - Setting CLUSTER[1] to 1248000
01-01 00:31:53.106   520   697 E ThermalEngine: ACTION: CLUSTER - Setting CLUSTER[1] to 960000
01-01 00:31:53.136   520   697 E ThermalEngine: ACTION: CLUSTER - Setting CLUSTER[1] to 1248000
01-01 00:31:53.147   439   439 I Zygote  : ...preloaded 4570 classes in 3850ms.
01-01 00:31:53.147   439   439 I zygote64: VMRuntime.preloadDexCaches starting
01-01 00:31:53.166   520   697 E ThermalEngine: ACTION: CLUSTER - Setting CLUSTER[1] to 960000
01-01 00:31:53.197   520   697 E ThermalEngine: ACTION: CLUSTER - Setting CLUSTER[1] to 1248000
01-01 00:31:53.211   439   439 I zygote64: VMRuntime.preloadDexCaches strings total=307197 before=697 after=697
01-01 00:31:53.211   439   439 I zygote64: VMRuntime.preloadDexCaches types total=26199 before=2865 after=4350
01-01 00:31:53.211   439   439 I zygote64: VMRuntime.preloadDexCaches fields total=124185 before=1329 after=1637
01-01 00:31:53.211   439   439 I zygote64: VMRuntime.preloadDexCaches methods total=220089 before=82952 after=90776
01-01 00:31:53.211   439   439 I zygote64: VMRuntime.preloadDexCaches finished
01-01 00:31:53.211   439   439 D Zygote64Timing: PreloadClasses took to complete: 3914ms
01-01 00:31:53.227   520   697 E ThermalEngine: ACTION: CLUSTER - Setting CLUSTER[1] to 960000
01-01 00:31:53.268   520   697 E ThermalEngine: ACTION: CLUSTER - Setting CLUSTER[1] to 1248000
01-01 00:31:53.269   520   697 E ThermalEngine: ACTION: CLUSTER - Setting CLUSTER[1] to 1824000
01-01 00:31:53.273   520   697 E ThermalEngine: ACTION: CLUSTER - Setting CLUSTER[1] to 1689600
01-01 00:31:53.284   520   697 E ThermalEngine: ACTION: CLUSTER - Setting CLUSTER[1] to 1824000
01-01 00:31:53.285   520   697 E ThermalEngine: ACTION: CLUSTER - Setting CLUSTER[1] to 1689600
01-01 00:31:53.302   520   697 E ThermalEngine: ACTION: CLUSTER - Setting CLUSTER[1] to 1824000
01-01 00:31:53.302   520   697 E ThermalEngine: ACTION: CLUSTER - Setting CLUSTER[1] to 1689600
01-01 00:31:53.317   520   697 E ThermalEngine: ACTION: CLUSTER - Setting CLUSTER[1] to 1824000
01-01 00:31:53.317   520   697 E ThermalEngine: ACTION: CLUSTER - Setting CLUSTER[1] to 1689600
01-01 00:31:53.335   520   697 E ThermalEngine: ACTION: CLUSTER - Setting CLUSTER[1] to 1824000
01-01 00:31:53.335   520   697 E ThermalEngine: ACTION: CLUSTER - Setting CLUSTER[1] to 1689600
01-01 00:31:53.350   520   697 E ThermalEngine: ACTION: CLUSTER - Setting CLUSTER[1] to 1824000
01-01 00:31:53.350   520   697 E ThermalEngine: ACTION: CLUSTER - Setting CLUSTER[1] to 1689600
01-01 00:31:53.364   520   697 E ThermalEngine: ACTION: CLUSTER - Setting CLUSTER[1] to 1824000
01-01 00:31:53.365   520   697 E ThermalEngine: ACTION: CLUSTER - Setting CLUSTER[1] to 1689600
01-01 00:31:53.383   520   697 E ThermalEngine: ACTION: CLUSTER - Setting CLUSTER[1] to 1824000
01-01 00:31:53.383   520   697 E ThermalEngine: ACTION: CLUSTER - Setting CLUSTER[1] to 1689600
01-01 00:31:53.401  1489  1489 E ANDR-PERF-MPCTL: Unable to create control service (stage=1, rc=0)
01-01 00:31:53.401   520   697 E ThermalEngine: ACTION: CLUSTER - Setting CLUSTER[1] to 1824000
01-01 00:31:53.401  1489  1489 W libc    : invalid pthread_t (0) passed to libc
01-01 00:31:53.414   439   439 I Zygote  : Preloading resources...
01-01 00:31:53.452   520   697 E ThermalEngine: ACTION: CLUSTER - Setting CLUSTER[1] to 1689600
01-01 00:31:53.458   520   697 E ThermalEngine: ACTION: CLUSTER - Setting CLUSTER[1] to 1824000
01-01 00:31:53.470   520   697 E ThermalEngine: ACTION: CLUSTER - Setting CLUSTER[1] to 1689600
01-01 00:31:53.500   520   697 E ThermalEngine: ACTION: CLUSTER - Setting CLUSTER[1] to 1824000
01-01 00:31:53.502   439   439 W Resources: Preloaded drawable resource #0x1080264 (android:drawable/dialog_background_material) that varies with configuration!!
01-01 00:31:53.513   520   697 E ThermalEngine: ACTION: CLUSTER - Setting CLUSTER[1] to 1689600
01-01 00:31:53.527   439   439 W Resources: Preloaded color resource #0x10600de (android:color/material_grey_800) that varies with configuration!!
01-01 00:31:53.528   439   439 W Resources: Preloaded drawable resource #0x10802d1 (android:drawable/floating_popup_background_dark) that varies with configuration!!
01-01 00:31:53.544   520   697 E ThermalEngine: ACTION: CLUSTER - Setting CLUSTER[1] to 1632000
01-01 00:31:53.575   520   697 E ThermalEngine: ACTION: CLUSTER - Setting CLUSTER[1] to 1536000
01-01 00:31:53.607   520   697 E ThermalEngine: ACTION: CLUSTER - Setting CLUSTER[1] to 1440000
01-01 00:31:53.637   520   697 E ThermalEngine: ACTION: CLUSTER - Setting CLUSTER[1] to 1344000
01-01 00:31:53.668   520   697 E ThermalEngine: ACTION: CLUSTER - Setting CLUSTER[1] to 1248000
01-01 00:31:53.698   520   697 E ThermalEngine: ACTION: CLUSTER - Setting CLUSTER[1] to 960000
01-01 00:31:53.728   520   697 E ThermalEngine: ACTION: CLUSTER - Setting CLUSTER[1] to 1248000
01-01 00:31:53.759   520   697 E ThermalEngine: ACTION: CLUSTER - Setting CLUSTER[1] to 1344000
01-01 00:31:53.789   520   697 E ThermalEngine: ACTION: CLUSTER - Setting CLUSTER[1] to 1248000
01-01 00:31:53.819   520   697 E ThermalEngine: ACTION: CLUSTER - Setting CLUSTER[1] to 960000
01-01 00:31:53.850   520   697 E ThermalEngine: ACTION: CLUSTER - Setting CLUSTER[1] to 1248000
01-01 00:31:53.880   520   697 E ThermalEngine: ACTION: CLUSTER - Setting CLUSTER[1] to 960000
01-01 00:31:53.911   520   697 E ThermalEngine: ACTION: CLUSTER - Setting CLUSTER[1] to 1248000
01-01 00:31:53.926   439   439 I Zygote  : ...preloaded 114 resources in 512ms.
01-01 00:31:53.941   520   697 E ThermalEngine: ACTION: CLUSTER - Setting CLUSTER[1] to 1344000
01-01 00:31:53.951   439   439 W Resources: Preloaded color resource #0x1060036 (android:color/background_cache_hint_selector_material_dark) that varies with configuration!!
01-01 00:31:53.952   439   439 W Resources: Preloaded color resource #0x1060053 (android:color/btn_default_material_dark) that varies with configuration!!
01-01 00:31:53.958   439   439 I Zygote  : ...preloaded 41 resources in 31ms.
01-01 00:31:53.958   439   439 D Zygote64Timing: PreloadResources took to complete: 747ms
01-01 00:31:53.959   439   439 I vndksupport: sphal namespace is not configured for this process. Loading /vendor/lib64/egl/libEGL_adreno.so from the current namespace instead.
01-01 00:31:53.961   439   439 D libEGL  : loaded /vendor/lib64/egl/libEGL_adreno.so
01-01 00:31:53.971   520   697 E ThermalEngine: ACTION: CLUSTER - Setting CLUSTER[1] to 1248000
01-01 00:31:53.972   439   439 I vndksupport: sphal namespace is not configured for this process. Loading /vendor/lib64/egl/libGLESv1_CM_adreno.so from the current namespace instead.
01-01 00:31:53.973   439   439 D libEGL  : loaded /vendor/lib64/egl/libGLESv1_CM_adreno.so
01-01 00:31:53.995   439   439 I vndksupport: sphal namespace is not configured for this process. Loading /vendor/lib64/egl/libGLESv2_adreno.so from the current namespace instead.
01-01 00:31:53.995   439   439 D libEGL  : loaded /vendor/lib64/egl/libGLESv2_adreno.so
01-01 00:31:54.002   520   697 E ThermalEngine: ACTION: CLUSTER - Setting CLUSTER[1] to 960000
01-01 00:31:54.027   439   439 I Zygote  : Preloading shared libraries...
01-01 00:31:54.032   520   697 E ThermalEngine: ACTION: CLUSTER - Setting CLUSTER[1] to 1248000
01-01 00:31:54.063   520   697 E ThermalEngine: ACTION: CLUSTER - Setting CLUSTER[1] to 960000
01-01 00:31:54.093   520   697 E ThermalEngine: ACTION: CLUSTER - Setting CLUSTER[1] to 1248000
01-01 00:31:54.115   439   439 I Zygote  : Uninstalled ICU cache reference pinning...
01-01 00:31:54.123   520   697 E ThermalEngine: ACTION: CLUSTER - Setting CLUSTER[1] to 960000
01-01 00:31:54.131   439   439 I Zygote  : Installed AndroidKeyStoreProvider in 16ms.
01-01 00:31:54.154   520   697 E ThermalEngine: ACTION: CLUSTER - Setting CLUSTER[1] to 1248000
01-01 00:31:54.156   520   697 E ThermalEngine: ACTION: CLUSTER - Setting CLUSTER[1] to 1344000
01-01 00:31:54.186   520   697 E ThermalEngine: ACTION: CLUSTER - Setting CLUSTER[1] to 1248000
01-01 00:31:54.217   520   697 E ThermalEngine: ACTION: CLUSTER - Setting CLUSTER[1] to 960000
01-01 00:31:54.277   520   697 E ThermalEngine: ACTION: CLUSTER - Setting CLUSTER[1] to 1248000
01-01 00:31:54.308   520   697 E ThermalEngine: ACTION: CLUSTER - Setting CLUSTER[1] to 960000
01-01 00:31:54.328   439   439 I Zygote  : Warmed up JCA providers in 197ms.
01-01 00:31:54.328   439   439 D Zygote  : end preload
01-01 00:31:54.328   439   439 D Zygote64Timing: ZygotePreload took to complete: 5329ms
01-01 00:31:54.338   520   697 E ThermalEngine: ACTION: CLUSTER - Setting CLUSTER[1] to 1248000
01-01 00:31:54.368   520   697 E ThermalEngine: ACTION: CLUSTER - Setting CLUSTER[1] to 960000
01-01 00:31:54.386   439   439 I zygote64: Explicit concurrent copying GC freed 59788(3MB) AllocSpace objects, 4(104KB) LOS objects, 49% free, 3MB/6MB, paused 1.653ms total 57.181ms
01-01 00:31:54.399   520   697 E ThermalEngine: ACTION: CLUSTER - Setting CLUSTER[1] to 1248000
01-01 00:31:54.403   678   678 W qti     : type=1400 audit(0.0:369): avc: granted { read } for name="dpl_ctrl" dev="tmpfs" ino=12951 scontext=u:r:init:s0 tcontext=u:object_r:rmnet_device:s0 tclass=chr_file
01-01 00:31:54.403   678   678 W qti     : type=1400 audit(0.0:370): avc: granted { read open } for path="/dev/dpl_ctrl" dev="tmpfs" ino=12951 scontext=u:r:init:s0 tcontext=u:object_r:rmnet_device:s0 tclass=chr_file
01-01 00:31:54.403   678   678 I qti     : type=1400 audit(0.0:371): avc: denied { ioctl } for path="/dev/dpl_ctrl" dev="tmpfs" ino=12951 ioctlcmd=7202 scontext=u:r:init:s0 tcontext=u:object_r:rmnet_device:s0 tclass=chr_file permissive=1
01-01 00:31:54.407   520   697 E ThermalEngine: ACTION: CLUSTER - Setting CLUSTER[1] to 1344000
01-01 00:31:54.416   520   695 E ThermalEngine: [BMHB_GOV] read failed VS_TEMP
01-01 00:31:54.417   520   697 E ThermalEngine: ACTION: CLUSTER - Setting CLUSTER[1] to 1440000
01-01 00:31:54.448   520   697 E ThermalEngine: ACTION: CLUSTER - Setting CLUSTER[1] to 1344000
01-01 00:31:54.457   439   439 I zygote64: Explicit concurrent copying GC freed 6080(228KB) AllocSpace objects, 0(0B) LOS objects, 50% free, 2MB/5MB, paused 536us total 34.584ms
01-01 00:31:54.457   439   439 D Zygote64Timing: PostZygoteInitGC took to complete: 129ms
01-01 00:31:54.458   439   439 D Zygote64Timing: ZygoteInit took to complete: 5471ms
01-01 00:31:54.458   439   439 I         : seccomp disabled by setenforce 0
01-01 00:31:54.479   520   697 E ThermalEngine: ACTION: CLUSTER - Setting CLUSTER[1] to 1248000
01-01 00:31:54.509   520   697 E ThermalEngine: ACTION: CLUSTER - Setting CLUSTER[1] to 960000
01-01 00:31:54.540   520   697 E ThermalEngine: ACTION: CLUSTER - Setting CLUSTER[1] to 1248000
01-01 00:31:54.558   439   439 I Zygote  : System server process 1492 has been created
01-01 00:31:54.567   439   439 I Zygote  : Accepting command socket connections
01-01 00:31:54.570   520   697 E ThermalEngine: ACTION: CLUSTER - Setting CLUSTER[1] to 1344000
01-01 00:31:54.601   520   697 E ThermalEngine: ACTION: CLUSTER - Setting CLUSTER[1] to 1248000
01-01 00:31:54.603  1492  1492 I Zygote  : Process: zygote socket zygote_secondary opened, supported ABIS: armeabi-v7a,armeabi
01-01 00:31:54.619  1503  1503 W dex2oat : type=1400 audit(0.0:372): avc: granted { getattr } for path="/vendor" dev="rootfs" ino=9766 scontext=u:r:dex2oat:s0 tcontext=u:object_r:rootfs:s0 tclass=lnk_file
01-01 00:31:54.632   520   697 E ThermalEngine: ACTION: CLUSTER - Setting CLUSTER[1] to 1344000
01-01 00:31:54.651  1503  1503 I dex2oat : /system/bin/dex2oat --input-vdex-fd=-1 --output-vdex-fd=8 --compiler-filter=speed -j4 --classpath-dir=/system/framework
01-01 00:31:54.662   520   697 E ThermalEngine: ACTION: CLUSTER - Setting CLUSTER[1] to 1248000
01-01 00:31:54.693   520   697 E ThermalEngine: ACTION: CLUSTER - Setting CLUSTER[1] to 960000
01-01 00:31:54.754   520   697 E ThermalEngine: ACTION: CLUSTER - Setting CLUSTER[1] to 1248000
01-01 00:31:54.784   520   697 E ThermalEngine: ACTION: CLUSTER - Setting CLUSTER[1] to 960000
01-01 00:31:54.815   520   697 E ThermalEngine: ACTION: CLUSTER - Setting CLUSTER[1] to 1248000
01-01 00:31:54.845   520   697 E ThermalEngine: ACTION: CLUSTER - Setting CLUSTER[1] to 960000
01-01 00:31:54.875   520   697 E ThermalEngine: ACTION: CLUSTER - Setting CLUSTER[1] to 1248000
01-01 00:31:54.906   520   697 E ThermalEngine: ACTION: CLUSTER - Setting CLUSTER[1] to 960000
01-01 00:31:54.936   520   697 E ThermalEngine: ACTION: CLUSTER - Setting CLUSTER[1] to 1248000
01-01 00:31:54.967   520   697 E ThermalEngine: ACTION: CLUSTER - Setting CLUSTER[1] to 960000
01-01 00:31:54.998   520   697 E ThermalEngine: ACTION: CLUSTER - Setting CLUSTER[1] to 1248000
01-01 00:31:55.028   520   697 E ThermalEngine: ACTION: CLUSTER - Setting CLUSTER[1] to 960000
01-01 00:31:55.059   520   697 E ThermalEngine: ACTION: CLUSTER - Setting CLUSTER[1] to 1248000
01-01 00:31:55.089   520   697 E ThermalEngine: ACTION: CLUSTER - Setting CLUSTER[1] to 960000
01-01 00:31:55.119   520   697 E ThermalEngine: ACTION: CLUSTER - Setting CLUSTER[1] to 1248000
01-01 00:31:55.150   520   697 E ThermalEngine: ACTION: CLUSTER - Setting CLUSTER[1] to 960000
01-01 00:31:55.180   520   697 E ThermalEngine: ACTION: CLUSTER - Setting CLUSTER[1] to 1248000
01-01 00:31:55.210   520   697 E ThermalEngine: ACTION: CLUSTER - Setting CLUSTER[1] to 1344000
01-01 00:31:55.241   520   697 E ThermalEngine: ACTION: CLUSTER - Setting CLUSTER[1] to 1248000
01-01 00:31:55.271   520   697 E ThermalEngine: ACTION: CLUSTER - Setting CLUSTER[1] to 960000
01-01 00:31:55.302   520   697 E ThermalEngine: ACTION: CLUSTER - Setting CLUSTER[1] to 1248000
01-01 00:31:55.332   520   697 E ThermalEngine: ACTION: CLUSTER - Setting CLUSTER[1] to 960000
01-01 00:31:55.363   520   697 E ThermalEngine: ACTION: CLUSTER - Setting CLUSTER[1] to 1248000
01-01 00:31:55.393   520   697 E ThermalEngine: ACTION: CLUSTER - Setting CLUSTER[1] to 960000
01-01 00:31:55.423   520   697 E ThermalEngine: ACTION: CLUSTER - Setting CLUSTER[1] to 1248000
01-01 00:31:55.454   520   697 E ThermalEngine: ACTION: CLUSTER - Setting CLUSTER[1] to 960000
01-01 00:31:55.485   520   697 E ThermalEngine: ACTION: CLUSTER - Setting CLUSTER[1] to 1248000
01-01 00:31:55.515   520   697 E ThermalEngine: ACTION: CLUSTER - Setting CLUSTER[1] to 960000
01-01 00:31:55.576   520   697 E ThermalEngine: ACTION: CLUSTER - Setting CLUSTER[1] to 1248000
01-01 00:31:55.606   520   697 E ThermalEngine: ACTION: CLUSTER - Setting CLUSTER[1] to 960000
01-01 00:31:55.698   520   697 E ThermalEngine: ACTION: CLUSTER - Setting CLUSTER[1] to 1248000
01-01 00:31:55.728   520   697 E ThermalEngine: ACTION: CLUSTER - Setting CLUSTER[1] to 960000
01-01 00:31:55.819   520   697 E ThermalEngine: ACTION: CLUSTER - Setting CLUSTER[1] to 1248000
01-01 00:31:55.850   520   697 E ThermalEngine: ACTION: CLUSTER - Setting CLUSTER[1] to 960000
01-01 00:31:55.881   520   697 E ThermalEngine: ACTION: CLUSTER - Setting CLUSTER[1] to 1248000
01-01 00:31:55.912   520   697 E ThermalEngine: ACTION: CLUSTER - Setting CLUSTER[1] to 960000
01-01 00:31:56.458   520   697 E ThermalEngine: ACTION: CLUSTER - Setting CLUSTER[1] to 1248000
01-01 00:31:56.488   520   697 E ThermalEngine: ACTION: CLUSTER - Setting CLUSTER[1] to 960000
01-01 00:31:56.503  1503  1503 I dex2oat : Integer.valueOf will not be optimized
01-01 00:31:56.503  1503  1503 I dex2oat : Integer.valueOf will not be optimized
01-01 00:31:56.505  1503  1506 I dex2oat : Integer.valueOf will not be optimized
01-01 00:31:56.505  1503  1506 I chatty  : uid=1000(system) Compiler driver identical 2 lines
01-01 00:31:56.505  1503  1506 I dex2oat : Integer.valueOf will not be optimized
01-01 00:31:56.510  1503  1507 I dex2oat : Integer.valueOf will not be optimized
01-01 00:31:56.511  1503  1508 I dex2oat : Integer.valueOf will not be optimized
01-01 00:31:56.511  1503  1508 I dex2oat : Integer.valueOf will not be optimized
01-01 00:31:56.511  1503  1507 I dex2oat : Integer.valueOf will not be optimized
01-01 00:31:56.511  1503  1507 I chatty  : uid=1000(system) Compiler driver identical 1 line
01-01 00:31:56.511  1503  1507 I dex2oat : Integer.valueOf will not be optimized
01-01 00:31:56.513  1503  1506 I dex2oat : Integer.valueOf will not be optimized
01-01 00:31:56.554  1503  1506 I chatty  : uid=1000(system) Compiler driver identical 5 lines
01-01 00:31:56.554  1503  1506 I dex2oat : Integer.valueOf will not be optimized
01-01 00:31:56.557  1503  1507 I dex2oat : Integer.valueOf will not be optimized
01-01 00:31:56.558  1503  1507 I chatty  : uid=1000(system) Compiler driver identical 10 lines
01-01 00:31:56.558  1503  1507 I dex2oat : Integer.valueOf will not be optimized
01-01 00:31:56.558  1503  1506 I dex2oat : Integer.valueOf will not be optimized
01-01 00:31:56.558  1503  1506 I chatty  : uid=1000(system) Compiler driver identical 1 line
01-01 00:31:56.558  1503  1506 I dex2oat : Integer.valueOf will not be optimized
01-01 00:31:56.566  1503  1503 I dex2oat : Integer.valueOf will not be optimized
01-01 00:31:56.574  1503  1503 I chatty  : uid=1000(system) /system/bin/dex2oat identical 23 lines
01-01 00:31:56.576  1503  1503 I dex2oat : Integer.valueOf will not be optimized
01-01 00:31:56.580   520   697 E ThermalEngine: ACTION: CLUSTER - Setting CLUSTER[1] to 1248000
01-01 00:31:56.589  1503  1508 I dex2oat : Integer.valueOf will not be optimized
01-01 00:31:56.589  1503  1508 I dex2oat : Integer.valueOf will not be optimized
01-01 00:31:56.590  1503  1503 I dex2oat : Integer.valueOf will not be optimized
01-01 00:31:56.593  1503  1503 I dex2oat : Integer.valueOf will not be optimized
