05-01 18:32:20.475  7671  7671 I am_on_resume_called: [0,com.android.settings.Settings$FaceSettingsActivity,RESUME_ACTIVITY]
05-01 18:32:20.476  7671  7671 I sysui_multi_action: [757,1511,758,1,833,0]
05-01 18:32:20.477  1352  1377 I sysui_multi_action: [757,803,799,window_time_0,802,4]
05-01 18:32:20.485  7671  7671 I am_on_top_resumed_gained_called: [0,com.android.settings.Settings$FaceSettingsActivity,topWhenResuming]
05-01 18:32:20.857  1352  1377 I am_destroy_activity: [0,120131513,6,com.android.settings/.password.ConfirmLockPassword$InternalActivity,finish-imm:activityIdleInternalLocked]
05-01 18:32:20.872  7671  7671 I am_on_stop_called: [0,com.android.settings.password.ConfirmLockPassword$InternalActivity,LIFECYCLER_STOP_ACTIVITY]
05-01 18:32:20.874  7671  7671 I am_on_destroy_called: [0,com.android.settings.password.ConfirmLockPassword$InternalActivity,performDestroy]
05-01 18:32:21.267  2380  2716 D SubscriptionController: [getActiveSubscriptionInfo]+ subId=2 subInfo={id=2, iccId=893005002[****] simSlotIndex=1 carrierId=18 displayName=vodafone GR carrierName=vodafone GR nameSource=1 iconTint=-13408298 mNumber=[****] dataRoaming=0 iconBitmap=android.graphics.Bitmap@842fdac mcc 202 mnc 05mCountryIso=gr isEmbedded false nativeAccessRules null cardString=893005002[****] cardId=1 isOpportunistic false mGroupUUID=null mIsGroupDisabled=false profileClass=-1 ehplmns = [] hplmns = [20205] subscriptionType=0 mGroupOwner=null carrierConfigAccessRules=null}
05-01 18:32:22.505  1352  1383 I am_pss  : [7763,10187,com.google.android.apps.wellbeing,14630912,12189696,0,118042624,0,20,11]
05-01 18:32:22.515  1352  1383 I am_pss  : [7853,10165,com.qualcomm.timeservice,4192256,2764800,0,85946368,0,20,9]
05-01 18:32:22.524  1352  1383 I am_pss  : [7817,10200,com.google.android.deskclock,11747328,9728000,0,111734784,0,20,9]
05-01 18:32:23.506  2380  2700 D SubscriptionController: [getActiveSubscriptionInfo]+ subId=2 subInfo={id=2, iccId=893005002[****] simSlotIndex=1 carrierId=18 displayName=vodafone GR carrierName=vodafone GR nameSource=1 iconTint=-13408298 mNumber=[****] dataRoaming=0 iconBitmap=android.graphics.Bitmap@842fdac mcc 202 mnc 05mCountryIso=gr isEmbedded false nativeAccessRules null cardString=893005002[****] cardId=1 isOpportunistic false mGroupUUID=null mIsGroupDisabled=false profileClass=-1 ehplmns = [] hplmns = [20205] subscriptionType=0 mGroupOwner=null carrierConfigAccessRules=null}
05-01 18:32:24.642  7671  7671 I sysui_multi_action: [757,1693,758,1,833,0]
05-01 18:32:25.266  1352  1383 I am_pss  : [3517,10195,com.google.process.gservices,8627200,6266880,0,108281856,0,20,10]
05-01 18:32:25.489  7671  7671 I sysui_multi_action: [757,1693,758,2]
05-01 18:32:25.743  2380  2716 D SubscriptionController: [getActiveSubscriptionInfo]+ subId=2 subInfo={id=2, iccId=893005002[****] simSlotIndex=1 carrierId=18 displayName=vodafone GR carrierName=vodafone GR nameSource=1 iconTint=-13408298 mNumber=[****] dataRoaming=0 iconBitmap=android.graphics.Bitmap@842fdac mcc 202 mnc 05mCountryIso=gr isEmbedded false nativeAccessRules null cardString=893005002[****] cardId=1 isOpportunistic false mGroupUUID=null mIsGroupDisabled=false profileClass=-1 ehplmns = [] hplmns = [20205] subscriptionType=0 mGroupOwner=null carrierConfigAccessRules=null}
05-01 18:32:27.042  1352  1957 I am_create_activity: [0,144038852,6,com.android.settings/.biometrics.face.FaceEnrollIntroduction,NULL,NULL,NULL,0]
05-01 18:32:27.043  1352  1957 I am_pause_activity: [0,112241242,com.android.settings/.Settings$FaceSettingsActivity,userLeaving=true]
05-01 18:32:27.045  7671  7671 I am_on_top_resumed_lost_called: [0,com.android.settings.Settings$FaceSettingsActivity,topStateChangedWhenResumed]
05-01 18:32:27.046  7671  7671 I sysui_multi_action: [757,1511,758,2]
05-01 18:32:27.046  7671  7671 I am_on_paused_called: [0,com.android.settings.Settings$FaceSettingsActivity,performPause]
05-01 18:32:27.047  1352  7667 I am_add_to_stopping: [0,112241242,com.android.settings/.Settings$FaceSettingsActivity,makeInvisible]
05-01 18:32:27.047  1352  7667 I am_restart_activity: [0,144038852,6,com.android.settings/.biometrics.face.FaceEnrollIntroduction]
05-01 18:32:27.047  1352  7667 I am_set_resumed_activity: [0,com.android.settings/.biometrics.face.FaceEnrollIntroduction,minimalResumeActivityLocked]
05-01 18:32:27.049  1352  1377 I sysui_multi_action: [757,803,799,window_time_0,802,6]
05-01 18:32:27.055  7671  7671 I am_on_create_called: [0,com.android.settings.biometrics.face.FaceEnrollIntroduction,performCreate]
05-01 18:32:27.056  7671  7671 I am_on_start_called: [0,com.android.settings.biometrics.face.FaceEnrollIntroduction,handleStartActivity]
05-01 18:32:27.056  7671  7671 I sysui_multi_action: [757,1506,758,1,833,0]
05-01 18:32:27.056  7671  7671 I am_on_resume_called: [0,com.android.settings.biometrics.face.FaceEnrollIntroduction,RESUME_ACTIVITY]
05-01 18:32:27.058  7671  7671 I am_on_top_resumed_gained_called: [0,com.android.settings.biometrics.face.FaceEnrollIntroduction,topStateChangedWhenResumed]
05-01 18:32:27.059  1352  1383 I am_pss  : [3647,10177,com.google.android.googlequicksearchbox:search,91280384,67821568,0,245305344,0,18,9]
05-01 18:32:27.075  1352  1383 I sysui_multi_action: [319,37,322,36,325,233,757,761,758,8,759,2,806,com.android.settings,871,com.android.settings.biometrics.face.FaceEnrollIntroduction,904,com.android.settings,905,0,1320,11,1321,1]
05-01 18:32:27.077  1352  1383 I am_activity_launch_time: [0,144038852,com.android.settings/.biometrics.face.FaceEnrollIntroduction,36]
05-01 18:32:27.360  1352  1377 I am_stop_activity: [0,112241242,com.android.settings/.Settings$FaceSettingsActivity]
05-01 18:32:27.376  7671  7671 I am_on_stop_called: [0,com.android.settings.Settings$FaceSettingsActivity,STOP_ACTIVITY_ITEM]
05-01 18:32:28.459  1352  7667 I am_create_activity: [0,17474915,6,com.android.settings/.biometrics.face.FaceEnrollEducation,NULL,NULL,NULL,0]
05-01 18:32:28.460  1352  7667 I am_pause_activity: [0,144038852,com.android.settings/.biometrics.face.FaceEnrollIntroduction,userLeaving=true]
05-01 18:32:28.462  7671  7671 I am_on_top_resumed_lost_called: [0,com.android.settings.biometrics.face.FaceEnrollIntroduction,topStateChangedWhenResumed]
05-01 18:32:28.462  7671  7671 I sysui_multi_action: [757,1506,758,2]
05-01 18:32:28.462  7671  7671 I am_on_paused_called: [0,com.android.settings.biometrics.face.FaceEnrollIntroduction,performPause]
05-01 18:32:28.463  1352  7667 I am_add_to_stopping: [0,144038852,com.android.settings/.biometrics.face.FaceEnrollIntroduction,makeInvisible]
05-01 18:32:28.463  1352  7667 I am_restart_activity: [0,17474915,6,com.android.settings/.biometrics.face.FaceEnrollEducation]
05-01 18:32:28.464  1352  7667 I am_set_resumed_activity: [0,com.android.settings/.biometrics.face.FaceEnrollEducation,minimalResumeActivityLocked]
05-01 18:32:28.467  1352  1377 I sysui_multi_action: [757,803,799,window_time_0,802,2]
05-01 18:32:28.476  7671  7671 I am_on_create_called: [0,com.android.settings.biometrics.face.FaceEnrollEducation,performCreate]
05-01 18:32:28.477  7671  7671 I am_on_start_called: [0,com.android.settings.biometrics.face.FaceEnrollEducation,handleStartActivity]
05-01 18:32:28.477  7671  7671 I sysui_multi_action: [757,1506,758,1,833,0]
05-01 18:32:28.477  7671  7671 I am_on_resume_called: [0,com.android.settings.biometrics.face.FaceEnrollEducation,RESUME_ACTIVITY]
05-01 18:32:28.479  7671  7671 I am_on_top_resumed_gained_called: [0,com.android.settings.biometrics.face.FaceEnrollEducation,topStateChangedWhenResumed]
05-01 18:32:28.494  1352  1383 I sysui_multi_action: [319,37,322,37,325,234,757,761,758,8,759,2,806,com.android.settings,871,com.android.settings.biometrics.face.FaceEnrollEducation,904,com.android.settings,905,0,1320,11,1321,1]
05-01 18:32:28.495  1352  1383 I am_activity_launch_time: [0,17474915,com.android.settings/.biometrics.face.FaceEnrollEducation,37]
05-01 18:32:28.786  1352  1377 I am_stop_activity: [0,144038852,com.android.settings/.biometrics.face.FaceEnrollIntroduction]
05-01 18:32:28.796  7671  7671 I am_on_stop_called: [0,com.android.settings.biometrics.face.FaceEnrollIntroduction,STOP_ACTIVITY_ITEM]
05-01 18:32:30.346  1352  1383 I am_pss  : [8098,10129,android.process.media,8161280,6406144,0,98217984,0,11,8]
05-01 18:32:31.515  1352  7186 I am_kill : [0,3839,com.google.android.partnersetup,995,empty #31]
05-01 18:32:31.548  1352  5722 I am_proc_died: [0,3839,com.google.android.partnersetup,995,20]
05-01 18:32:31.549  1352  5722 I am_uid_stopped: 10175
05-01 18:32:32.460  1352  7667 I am_create_activity: [0,78199740,6,co.aospa.facesense/.FaceEnrollEnrolling,NULL,NULL,NULL,8388608]
05-01 18:32:32.462  1352  7667 I am_pause_activity: [0,17474915,com.android.settings/.biometrics.face.FaceEnrollEducation,userLeaving=true]
05-01 18:32:32.463  2380  2700 D SubscriptionController: [getActiveSubscriptionInfo]+ subId=2 subInfo={id=2, iccId=893005002[****] simSlotIndex=1 carrierId=18 displayName=vodafone GR carrierName=vodafone GR nameSource=1 iconTint=-13408298 mNumber=[****] dataRoaming=0 iconBitmap=android.graphics.Bitmap@842fdac mcc 202 mnc 05mCountryIso=gr isEmbedded false nativeAccessRules null cardString=893005002[****] cardId=1 isOpportunistic false mGroupUUID=null mIsGroupDisabled=false profileClass=-1 ehplmns = [] hplmns = [20205] subscriptionType=0 mGroupOwner=null carrierConfigAccessRules=null}
05-01 18:32:32.463  7671  7671 I am_on_top_resumed_lost_called: [0,com.android.settings.biometrics.face.FaceEnrollEducation,topStateChangedWhenResumed]
05-01 18:32:32.464  7671  7671 I sysui_multi_action: [757,1506,758,2]
05-01 18:32:32.464  7671  7671 I am_on_paused_called: [0,com.android.settings.biometrics.face.FaceEnrollEducation,performPause]
05-01 18:32:32.464  1352  7667 I am_add_to_stopping: [0,17474915,com.android.settings/.biometrics.face.FaceEnrollEducation,makeInvisible]
05-01 18:32:32.465  1352  7667 I am_restart_activity: [0,78199740,6,co.aospa.facesense/.FaceEnrollEnrolling]
05-01 18:32:32.465  1352  7667 I am_set_resumed_activity: [0,co.aospa.facesense/.FaceEnrollEnrolling,minimalResumeActivityLocked]
05-01 18:32:32.469  1352  1377 I sysui_multi_action: [757,803,799,window_time_0,802,4]
05-01 18:32:32.470  3598  3598 I am_on_create_called: [0,co.aospa.facesense.FaceEnrollEnrolling,performCreate]
05-01 18:32:32.471  3598  3598 I am_on_start_called: [0,co.aospa.facesense.FaceEnrollEnrolling,handleStartActivity]
05-01 18:32:32.473  3598  3598 I am_on_resume_called: [0,co.aospa.facesense.FaceEnrollEnrolling,RESUME_ACTIVITY]
05-01 18:32:32.475  3598  3598 I am_on_top_resumed_gained_called: [0,co.aospa.facesense.FaceEnrollEnrolling,topStateChangedWhenResumed]
05-01 18:32:32.495  1352  1383 I sysui_multi_action: [319,36,322,36,325,238,757,761,758,8,759,2,806,co.aospa.facesense,871,co.aospa.facesense.FaceEnrollEnrolling,904,com.android.settings,905,0,1320,11,1321,1]
05-01 18:32:32.497  1352  1383 I am_activity_launch_time: [0,78199740,co.aospa.facesense/.FaceEnrollEnrolling,36]
05-01 18:32:34.469  1352  1352 I sysui_multi_action: [757,1505,758,4]
05-01 18:32:34.524  1352  1352 I sysui_multi_action: [757,1505,758,4]
05-01 18:32:34.756  1352  1383 I am_pss  : [3552,10191,com.android.vending,61041664,34635776,0,169242624,0,4,12]
05-01 18:32:34.799  1352  1650 I commit_sys_config_file: [settings-1-0,9]
05-01 18:32:35.518  1352  1352 I sysui_multi_action: [757,1505,758,4]
05-01 18:32:35.670  1352  1352 I chatty  : uid=1000 system_server identical 3 lines
05-01 18:32:35.877  1352  1352 I sysui_multi_action: [757,1505,758,4]
05-01 18:32:36.940  2380  2700 D SubscriptionController: [getActiveSubscriptionInfo]+ subId=2 subInfo={id=2, iccId=893005002[****] simSlotIndex=1 carrierId=18 displayName=vodafone GR carrierName=vodafone GR nameSource=1 iconTint=-13408298 mNumber=[****] dataRoaming=0 iconBitmap=android.graphics.Bitmap@842fdac mcc 202 mnc 05mCountryIso=gr isEmbedded false nativeAccessRules null cardString=893005002[****] cardId=1 isOpportunistic false mGroupUUID=null mIsGroupDisabled=false profileClass=-1 ehplmns = [] hplmns = [20205] subscriptionType=0 mGroupOwner=null carrierConfigAccessRules=null}
05-01 18:32:37.432  1352  1383 I am_pss  : [8056,10191,com.android.vending:instant_app_installer,25870336,4927488,0,112001024,0,20,7]
05-01 18:32:37.440  1352  1383 I am_pss  : [8026,10188,com.google.android.as:nonpersistent,8081408,4308992,0,102862848,0,20,6]
05-01 18:32:37.448  1352  1383 I am_pss  : [7973,10169,com.google.android.dialer,14760960,11988992,0,120274944,0,20,7]
05-01 18:32:37.899  1352  5722 I am_create_activity: [0,146846635,6,com.android.settings/.biometrics.face.FaceEnrollFinish,NULL,NULL,NULL,0]
05-01 18:32:37.901  1352  5722 I am_pause_activity: [0,78199740,co.aospa.facesense/.FaceEnrollEnrolling,userLeaving=true]
05-01 18:32:37.902  3598  3598 I am_on_top_resumed_lost_called: [0,co.aospa.facesense.FaceEnrollEnrolling,topStateChangedWhenResumed]
05-01 18:32:37.903  3598  3598 I am_on_paused_called: [0,co.aospa.facesense.FaceEnrollEnrolling,performPause]
05-01 18:32:37.903  1352  1943 I am_add_to_stopping: [0,78199740,co.aospa.facesense/.FaceEnrollEnrolling,makeInvisible]
05-01 18:32:37.904  1352  1943 I am_restart_activity: [0,146846635,6,com.android.settings/.biometrics.face.FaceEnrollFinish]
05-01 18:32:37.904  1352  1943 I am_set_resumed_activity: [0,com.android.settings/.biometrics.face.FaceEnrollFinish,minimalResumeActivityLocked]
05-01 18:32:37.907  1352  1377 I am_stop_activity: [0,17474915,com.android.settings/.biometrics.face.FaceEnrollEducation]
05-01 18:32:37.907  1352  1377 I sysui_multi_action: [757,803,799,window_time_0,802,5]
05-01 18:32:37.909  7671  7671 I am_on_create_called: [0,com.android.settings.biometrics.face.FaceEnrollFinish,performCreate]
05-01 18:32:37.909  7671  7671 I am_on_start_called: [0,com.android.settings.biometrics.face.FaceEnrollFinish,handleStartActivity]
05-01 18:32:37.910  7671  7671 I sysui_multi_action: [757,1508,758,1,833,0]
05-01 18:32:37.910  7671  7671 I am_on_resume_called: [0,com.android.settings.biometrics.face.FaceEnrollFinish,RESUME_ACTIVITY]
05-01 18:32:37.912  7671  7671 I am_on_top_resumed_gained_called: [0,com.android.settings.biometrics.face.FaceEnrollFinish,topStateChangedWhenResumed]
05-01 18:32:37.912  7671  7671 I am_on_stop_called: [0,com.android.settings.biometrics.face.FaceEnrollEducation,STOP_ACTIVITY_ITEM]
05-01 18:32:37.914  1352  1383 I am_pss  : [8203,10195,com.google.android.gms:car,42421248,30969856,0,173346816,0,20,7]
05-01 18:32:37.920  1352  1383 I am_pss  : [8118,10259,com.google.android.projection.gearhead:shared,14802944,7098368,0,123588608,0,20,6]
05-01 18:32:37.926  1352  1383 I am_pss  : [8162,10259,com.google.android.projection.gearhead:car,12851200,5341184,0,117276672,0,20,5]
05-01 18:32:37.929  1352  1383 I sysui_multi_action: [319,29,322,29,325,243,757,761,758,8,759,2,806,com.android.settings,871,com.android.settings.biometrics.face.FaceEnrollFinish,904,co.aospa.facesense,905,0,1320,11,1321,1]
05-01 18:32:37.930  1352  1383 I am_activity_launch_time: [0,146846635,com.android.settings/.biometrics.face.FaceEnrollFinish,29]
05-01 18:32:38.220  1352  1377 I am_stop_activity: [0,78199740,co.aospa.facesense/.FaceEnrollEnrolling]
05-01 18:32:38.238  3598  3598 I am_on_stop_called: [0,co.aospa.facesense.FaceEnrollEnrolling,STOP_ACTIVITY_ITEM]
05-01 18:32:38.975  1352  5502 I am_finish_activity: [0,146846635,6,com.android.settings/.biometrics.face.FaceEnrollFinish,app-request]
05-01 18:32:38.987  1352  5502 I am_pause_activity: [0,146846635,com.android.settings/.biometrics.face.FaceEnrollFinish,userLeaving=false]
05-01 18:32:38.992  7671  7671 I am_on_top_resumed_lost_called: [0,com.android.settings.biometrics.face.FaceEnrollFinish,topStateChangedWhenResumed]
05-01 18:32:38.994  7671  7671 I sysui_multi_action: [757,1508,758,2]
05-01 18:32:38.994  7671  7671 I am_on_paused_called: [0,com.android.settings.biometrics.face.FaceEnrollFinish,performPause]
05-01 18:32:38.995  1352  5502 I am_add_to_stopping: [0,146846635,com.android.settings/.biometrics.face.FaceEnrollFinish,finishCurrentActivityLocked]
05-01 18:32:38.996  1352  5502 I am_set_resumed_activity: [0,co.aospa.facesense/.FaceEnrollEnrolling,resumeTopActivityInnerLocked]
05-01 18:32:38.997  1352  5502 I am_resume_activity: [0,78199740,6,co.aospa.facesense/.FaceEnrollEnrolling]
05-01 18:32:39.007  1352  5502 I am_finish_activity: [0,78199740,6,co.aospa.facesense/.FaceEnrollEnrolling,app-request]
05-01 18:32:39.017  1352  5502 I am_pause_activity: [0,78199740,co.aospa.facesense/.FaceEnrollEnrolling,userLeaving=false]
05-01 18:32:39.021  3598  3598 I am_on_activity_result_called: [0,co.aospa.facesense.FaceEnrollEnrolling,ACTIVITY_RESULT]
05-01 18:32:39.021  3598  3598 I am_on_restart_called: [0,co.aospa.facesense.FaceEnrollEnrolling,performRestartActivity]
05-01 18:32:39.022  1352  1377 I sysui_multi_action: [757,803,799,window_time_0,802,1]
05-01 18:32:39.023  1352  5722 I am_add_to_stopping: [0,78199740,co.aospa.facesense/.FaceEnrollEnrolling,finishCurrentActivityLocked]
05-01 18:32:39.024  1352  5722 I am_set_resumed_activity: [0,com.android.settings/.biometrics.face.FaceEnrollEducation,resumeTopActivityInnerLocked]
05-01 18:32:39.024  1352  5722 I am_resume_activity: [0,17474915,6,com.android.settings/.biometrics.face.FaceEnrollEducation]
05-01 18:32:39.031  1352  1377 I sysui_multi_action: [757,803,799,window_time_0,802,0]
05-01 18:32:39.037  1352  5502 I am_finish_activity: [0,17474915,6,com.android.settings/.biometrics.face.FaceEnrollEducation,app-request]
05-01 18:32:39.045  1352  5502 I am_pause_activity: [0,17474915,com.android.settings/.biometrics.face.FaceEnrollEducation,userLeaving=false]
05-01 18:32:39.047  7671  7671 I am_on_activity_result_called: [0,com.android.settings.biometrics.face.FaceEnrollEducation,ACTIVITY_RESULT]
05-01 18:32:39.047  7671  7671 I am_on_restart_called: [0,com.android.settings.biometrics.face.FaceEnrollEducation,performRestartActivity]
05-01 18:32:39.048  1352  2183 I am_add_to_stopping: [0,17474915,com.android.settings/.biometrics.face.FaceEnrollEducation,finishCurrentActivityLocked]
05-01 18:32:39.052  1352  2183 I am_set_resumed_activity: [0,com.android.settings/.biometrics.face.FaceEnrollIntroduction,resumeTopActivityInnerLocked]
05-01 18:32:39.053  1352  2183 I am_resume_activity: [0,144038852,6,com.android.settings/.biometrics.face.FaceEnrollIntroduction]
05-01 18:32:39.056  1352  5502 I am_finish_activity: [0,144038852,6,com.android.settings/.biometrics.face.FaceEnrollIntroduction,app-request]
05-01 18:32:39.063  1352  5502 I am_pause_activity: [0,144038852,com.android.settings/.biometrics.face.FaceEnrollIntroduction,userLeaving=false]
05-01 18:32:39.064  7671  7671 I am_on_activity_result_called: [0,com.android.settings.biometrics.face.FaceEnrollIntroduction,ACTIVITY_RESULT]
05-01 18:32:39.065  1352  1377 I sysui_multi_action: [757,803,799,window_time_0,802,0]
05-01 18:32:39.065  7671  7671 I am_on_restart_called: [0,com.android.settings.biometrics.face.FaceEnrollIntroduction,performRestartActivity]
05-01 18:32:39.069  1352  7667 I am_add_to_stopping: [0,144038852,com.android.settings/.biometrics.face.FaceEnrollIntroduction,finishCurrentActivityLocked]
05-01 18:32:39.070  1352  7667 I am_set_resumed_activity: [0,com.android.settings/.Settings$FaceSettingsActivity,resumeTopActivityInnerLocked]
05-01 18:32:39.070  1352  7667 I am_resume_activity: [0,112241242,6,com.android.settings/.Settings$FaceSettingsActivity]
05-01 18:32:39.072  7671  7671 I am_on_restart_called: [0,com.android.settings.Settings$FaceSettingsActivity,performRestartActivity]
05-01 18:32:39.073  7671  7671 I am_on_start_called: [0,com.android.settings.Settings$FaceSettingsActivity,handleStartActivity]
05-01 18:32:39.073  7671  7671 I snet_event_log: [120484087,-1,]
05-01 18:32:39.074  7671  7671 I am_on_resume_called: [0,com.android.settings.Settings$FaceSettingsActivity,RESUME_ACTIVITY]
05-01 18:32:39.074  7671  7671 I sysui_multi_action: [757,1511,758,1,833,0]
05-01 18:32:39.077  1352  1377 I sysui_multi_action: [757,803,799,window_time_0,802,0]
05-01 18:32:39.082  7671  7671 I am_on_top_resumed_gained_called: [0,com.android.settings.Settings$FaceSettingsActivity,topWhenResuming]
05-01 18:32:39.121  1352  5722 I am_destroy_activity: [0,144038852,6,com.android.settings/.biometrics.face.FaceEnrollIntroduction,finish-imm:activityIdleInternalLocked]
05-01 18:32:39.121  1352  5722 I am_destroy_activity: [0,17474915,6,com.android.settings/.biometrics.face.FaceEnrollEducation,finish-imm:activityIdleInternalLocked]
05-01 18:32:39.122  1352  5722 I am_destroy_activity: [0,78199740,6,co.aospa.facesense/.FaceEnrollEnrolling,finish-imm:activityIdleInternalLocked]
05-01 18:32:39.122  7671  7671 I am_on_destroy_called: [0,com.android.settings.biometrics.face.FaceEnrollIntroduction,performDestroy]
05-01 18:32:39.123  3598  3598 I am_on_destroy_called: [0,co.aospa.facesense.FaceEnrollEnrolling,performDestroy]
05-01 18:32:39.124  7671  7671 I am_on_destroy_called: [0,com.android.settings.biometrics.face.FaceEnrollEducation,performDestroy]
05-01 18:32:39.391  1352  1377 I am_destroy_activity: [0,146846635,6,com.android.settings/.biometrics.face.FaceEnrollFinish,finish-imm:activityIdleInternalLocked]
05-01 18:32:39.402  7671  7671 I am_on_stop_called: [0,com.android.settings.biometrics.face.FaceEnrollFinish,LIFECYCLER_STOP_ACTIVITY]
05-01 18:32:39.402  7671  7671 I am_on_destroy_called: [0,com.android.settings.biometrics.face.FaceEnrollFinish,performDestroy]
05-01 18:32:40.512  7671  7671 I sysui_multi_action: [757,1693,758,1,833,0]
05-01 18:32:41.295  7671  7671 I sysui_multi_action: [757,1693,758,2]
05-01 18:32:41.422  2164  2252 I service_manager_stats: [200,94,86782]
05-01 18:32:41.425  2380  2716 D SubscriptionController: [getActiveSubscriptionInfo]+ subId=2 subInfo={id=2, iccId=893005002[****] simSlotIndex=1 carrierId=18 displayName=vodafone GR carrierName=vodafone GR nameSource=1 iconTint=-13408298 mNumber=[****] dataRoaming=0 iconBitmap=android.graphics.Bitmap@842fdac mcc 202 mnc 05mCountryIso=gr isEmbedded false nativeAccessRules null cardString=893005002[****] cardId=1 isOpportunistic false mGroupUUID=null mIsGroupDisabled=false profileClass=-1 ehplmns = [] hplmns = [20205] subscriptionType=0 mGroupOwner=null carrierConfigAccessRules=null}
05-01 18:32:42.610  1352  7667 I am_create_activity: [0,121170759,6,com.android.settings/.biometrics.face.FaceEnrollIntroduction,NULL,NULL,NULL,0]
05-01 18:32:42.611  1352  7667 I am_pause_activity: [0,112241242,com.android.settings/.Settings$FaceSettingsActivity,userLeaving=true]
05-01 18:32:42.613  7671  7671 I am_on_top_resumed_lost_called: [0,com.android.settings.Settings$FaceSettingsActivity,topStateChangedWhenResumed]
05-01 18:32:42.613  7671  7671 I sysui_multi_action: [757,1511,758,2]
05-01 18:32:42.613  7671  7671 I am_on_paused_called: [0,com.android.settings.Settings$FaceSettingsActivity,performPause]
05-01 18:32:42.614  1352  7667 I am_add_to_stopping: [0,112241242,com.android.settings/.Settings$FaceSettingsActivity,makeInvisible]
05-01 18:32:42.614  1352  7667 I am_restart_activity: [0,121170759,6,com.android.settings/.biometrics.face.FaceEnrollIntroduction]
05-01 18:32:42.615  1352  7667 I am_set_resumed_activity: [0,com.android.settings/.biometrics.face.FaceEnrollIntroduction,minimalResumeActivityLocked]
05-01 18:32:42.617  1352  1377 I sysui_multi_action: [757,803,799,window_time_0,802,4]
05-01 18:32:42.622  7671  7671 I am_on_create_called: [0,com.android.settings.biometrics.face.FaceEnrollIntroduction,performCreate]
05-01 18:32:42.622  1352  1383 I am_pss  : [5482,10185,com.google.android.setupwizard,10591232,7675904,0,114802688,0,20,4]
05-01 18:32:42.623  7671  7671 I am_on_start_called: [0,com.android.settings.biometrics.face.FaceEnrollIntroduction,handleStartActivity]
05-01 18:32:42.623  7671  7671 I sysui_multi_action: [757,1506,758,1,833,0]
05-01 18:32:42.623  7671  7671 I am_on_resume_called: [0,com.android.settings.biometrics.face.FaceEnrollIntroduction,RESUME_ACTIVITY]
05-01 18:32:42.625  7671  7671 I am_on_top_resumed_gained_called: [0,com.android.settings.biometrics.face.FaceEnrollIntroduction,topStateChangedWhenResumed]
05-01 18:32:42.628  1352  1383 I am_pss  : [8377,10178,com.google.android.configupdater,8391680,6705152,0,101715968,0,20,4]
05-01 18:32:42.644  1352  1383 I sysui_multi_action: [319,34,322,34,325,248,757,761,758,8,759,2,806,com.android.settings,871,com.android.settings.biometrics.face.FaceEnrollIntroduction,904,com.android.settings,905,0,1320,11,1321,1]
05-01 18:32:42.645  1352  1383 I am_activity_launch_time: [0,121170759,com.android.settings/.biometrics.face.FaceEnrollIntroduction,34]
05-01 18:32:42.938  1352  1377 I am_stop_activity: [0,112241242,com.android.settings/.Settings$FaceSettingsActivity]
05-01 18:32:42.946  7671  7671 I am_on_stop_called: [0,com.android.settings.Settings$FaceSettingsActivity,STOP_ACTIVITY_ITEM]
05-01 18:32:43.502  1352  5722 I am_create_activity: [0,187528898,6,com.android.settings/.biometrics.face.FaceEnrollEducation,NULL,NULL,NULL,0]
05-01 18:32:43.503  1352  5722 I am_pause_activity: [0,121170759,com.android.settings/.biometrics.face.FaceEnrollIntroduction,userLeaving=true]
05-01 18:32:43.505  7671  7671 I am_on_top_resumed_lost_called: [0,com.android.settings.biometrics.face.FaceEnrollIntroduction,topStateChangedWhenResumed]
05-01 18:32:43.505  7671  7671 I sysui_multi_action: [757,1506,758,2]
05-01 18:32:43.505  7671  7671 I am_on_paused_called: [0,com.android.settings.biometrics.face.FaceEnrollIntroduction,performPause]
05-01 18:32:43.506  1352  2183 I am_add_to_stopping: [0,121170759,com.android.settings/.biometrics.face.FaceEnrollIntroduction,makeInvisible]
05-01 18:32:43.506  1352  2183 I am_restart_activity: [0,187528898,6,com.android.settings/.biometrics.face.FaceEnrollEducation]
05-01 18:32:43.506  1352  2183 I am_set_resumed_activity: [0,com.android.settings/.biometrics.face.FaceEnrollEducation,minimalResumeActivityLocked]
05-01 18:32:43.508  1352  1377 I sysui_multi_action: [757,803,799,window_time_0,802,1]
05-01 18:32:43.513  7671  7671 I am_on_create_called: [0,com.android.settings.biometrics.face.FaceEnrollEducation,performCreate]
05-01 18:32:43.514  7671  7671 I am_on_start_called: [0,com.android.settings.biometrics.face.FaceEnrollEducation,handleStartActivity]
05-01 18:32:43.514  7671  7671 I sysui_multi_action: [757,1506,758,1,833,0]
05-01 18:32:43.514  7671  7671 I am_on_resume_called: [0,com.android.settings.biometrics.face.FaceEnrollEducation,RESUME_ACTIVITY]
05-01 18:32:43.516  7671  7671 I am_on_top_resumed_gained_called: [0,com.android.settings.biometrics.face.FaceEnrollEducation,topStateChangedWhenResumed]
05-01 18:32:43.531  1352  1383 I sysui_multi_action: [319,30,322,29,325,249,757,761,758,8,759,2,806,com.android.settings,871,com.android.settings.biometrics.face.FaceEnrollEducation,904,com.android.settings,905,0,1320,11,1321,1]
05-01 18:32:43.532  1352  1383 I am_activity_launch_time: [0,187528898,com.android.settings/.biometrics.face.FaceEnrollEducation,29]
05-01 18:32:43.664  2380  2716 D SubscriptionController: [getActiveSubscriptionInfo]+ subId=1 subInfo={id=1, iccId=893001001[****] simSlotIndex=0 carrierId=747 displayName=COSMOTE carrierName=COSMOTE #ApoToSpiti nameSource=1 iconTint=-16746133 mNumber=[****] dataRoaming=0 iconBitmap=android.graphics.Bitmap@8a96062 mcc 202 mnc 01mCountryIso=gr isEmbedded false nativeAccessRules null cardString=893001001[****] cardId=0 isOpportunistic false mGroupUUID=null mIsGroupDisabled=false profileClass=-1 ehplmns = [] hplmns = [20201, 20201, 20201] subscriptionType=0 mGroupOwner=null carrierConfigAccessRules=null}
05-01 18:32:43.827  1352  1377 I am_stop_activity: [0,121170759,com.android.settings/.biometrics.face.FaceEnrollIntroduction]
05-01 18:32:43.834  7671  7671 I am_on_stop_called: [0,com.android.settings.biometrics.face.FaceEnrollIntroduction,STOP_ACTIVITY_ITEM]
05-01 18:32:44.871  1352  7667 I am_create_activity: [0,203464899,6,co.aospa.facesense/.FaceEnrollEnrolling,NULL,NULL,NULL,8388608]
05-01 18:32:44.873  1352  7667 I am_pause_activity: [0,187528898,com.android.settings/.biometrics.face.FaceEnrollEducation,userLeaving=true]
05-01 18:32:44.875  7671  7671 I am_on_top_resumed_lost_called: [0,com.android.settings.biometrics.face.FaceEnrollEducation,topStateChangedWhenResumed]
05-01 18:32:44.875  7671  7671 I sysui_multi_action: [757,1506,758,2]
05-01 18:32:44.875  7671  7671 I am_on_paused_called: [0,com.android.settings.biometrics.face.FaceEnrollEducation,performPause]
05-01 18:32:44.876  1352  7667 I am_add_to_stopping: [0,187528898,com.android.settings/.biometrics.face.FaceEnrollEducation,makeInvisible]
05-01 18:32:44.876  1352  7667 I am_restart_activity: [0,203464899,6,co.aospa.facesense/.FaceEnrollEnrolling]
05-01 18:32:44.876  1352  7667 I am_set_resumed_activity: [0,co.aospa.facesense/.FaceEnrollEnrolling,minimalResumeActivityLocked]
05-01 18:32:44.879  1352  1377 I sysui_multi_action: [757,803,799,window_time_0,802,1]
05-01 18:32:44.880  3598  3598 I am_on_create_called: [0,co.aospa.facesense.FaceEnrollEnrolling,performCreate]
05-01 18:32:44.881  3598  3598 I am_on_start_called: [0,co.aospa.facesense.FaceEnrollEnrolling,handleStartActivity]
05-01 18:32:44.884  3598  3598 I am_on_resume_called: [0,co.aospa.facesense.FaceEnrollEnrolling,RESUME_ACTIVITY]
05-01 18:32:44.886  3598  3598 I am_on_top_resumed_gained_called: [0,co.aospa.facesense.FaceEnrollEnrolling,topStateChangedWhenResumed]
05-01 18:32:44.907  1352  1383 I sysui_multi_action: [319,38,322,37,325,250,757,761,758,8,759,2,806,co.aospa.facesense,871,co.aospa.facesense.FaceEnrollEnrolling,904,com.android.settings,905,0,1320,11,1321,1]
05-01 18:32:44.908  1352  1383 I am_activity_launch_time: [0,203464899,co.aospa.facesense/.FaceEnrollEnrolling,37]
05-01 18:32:45.636  1352  1927 I service_manager_stats: [100,30,43371]
05-01 18:32:47.360  1352  1352 I sysui_multi_action: [757,1505,758,4]
05-01 18:32:48.629  1352  1352 I chatty  : uid=1000 system_server identical 4 lines
05-01 18:32:48.822  1352  1352 I sysui_multi_action: [757,1505,758,4]
05-01 18:32:50.389  2380  2700 D SubscriptionController: [getActiveSubscriptionInfo]+ subId=2 subInfo={id=2, iccId=893005002[****] simSlotIndex=1 carrierId=18 displayName=vodafone GR carrierName=vodafone GR nameSource=1 iconTint=-13408298 mNumber=[****] dataRoaming=0 iconBitmap=android.graphics.Bitmap@842fdac mcc 202 mnc 05mCountryIso=gr isEmbedded false nativeAccessRules null cardString=893005002[****] cardId=1 isOpportunistic false mGroupUUID=null mIsGroupDisabled=false profileClass=-1 ehplmns = [] hplmns = [20205] subscriptionType=0 mGroupOwner=null carrierConfigAccessRules=null}
05-01 18:32:50.395  2380  2700 D SubscriptionController: [getActiveSubscriptionInfo]+ subId=1 subInfo={id=1, iccId=893001001[****] simSlotIndex=0 carrierId=747 displayName=COSMOTE carrierName=COSMOTE #ApoToSpiti nameSource=1 iconTint=-16746133 mNumber=[****] dataRoaming=0 iconBitmap=android.graphics.Bitmap@8a96062 mcc 202 mnc 01mCountryIso=gr isEmbedded false nativeAccessRules null cardString=893001001[****] cardId=0 isOpportunistic false mGroupUUID=null mIsGroupDisabled=false profileClass=-1 ehplmns = [] hplmns = [20201, 20201, 20201] subscriptionType=0 mGroupOwner=null carrierConfigAccessRules=null}
05-01 18:32:50.848  1352  1943 I am_create_activity: [0,20298915,6,com.android.settings/.biometrics.face.FaceEnrollFinish,NULL,NULL,NULL,0]
05-01 18:32:50.850  1352  1943 I am_pause_activity: [0,203464899,co.aospa.facesense/.FaceEnrollEnrolling,userLeaving=true]
05-01 18:32:50.851  3598  3598 I am_on_top_resumed_lost_called: [0,co.aospa.facesense.FaceEnrollEnrolling,topStateChangedWhenResumed]
05-01 18:32:50.851  3598  3598 I am_on_paused_called: [0,co.aospa.facesense.FaceEnrollEnrolling,performPause]
05-01 18:32:50.852  1352  1943 I am_add_to_stopping: [0,203464899,co.aospa.facesense/.FaceEnrollEnrolling,makeInvisible]
05-01 18:32:50.852  1352  1943 I am_restart_activity: [0,20298915,6,com.android.settings/.biometrics.face.FaceEnrollFinish]
05-01 18:32:50.853  1352  1943 I am_set_resumed_activity: [0,com.android.settings/.biometrics.face.FaceEnrollFinish,minimalResumeActivityLocked]
05-01 18:32:50.855  1352  1377 I am_stop_activity: [0,187528898,com.android.settings/.biometrics.face.FaceEnrollEducation]
05-01 18:32:50.856  1352  1377 I sysui_multi_action: [757,803,799,window_time_0,802,6]
05-01 18:32:50.857  7671  7671 I am_on_create_called: [0,com.android.settings.biometrics.face.FaceEnrollFinish,performCreate]
05-01 18:32:50.858  7671  7671 I am_on_start_called: [0,com.android.settings.biometrics.face.FaceEnrollFinish,handleStartActivity]
05-01 18:32:50.858  7671  7671 I sysui_multi_action: [757,1508,758,1,833,0]
05-01 18:32:50.858  7671  7671 I am_on_resume_called: [0,com.android.settings.biometrics.face.FaceEnrollFinish,RESUME_ACTIVITY]
05-01 18:32:50.860  7671  7671 I am_on_top_resumed_gained_called: [0,com.android.settings.biometrics.face.FaceEnrollFinish,topStateChangedWhenResumed]
05-01 18:32:50.860  1352  1383 I am_pss  : [3517,10195,com.google.process.gservices,8655872,6266880,0,108281856,0,20,5]
05-01 18:32:50.860  7671  7671 I am_on_stop_called: [0,com.android.settings.biometrics.face.FaceEnrollEducation,STOP_ACTIVITY_ITEM]
05-01 18:32:50.870  1352  1383 I sysui_multi_action: [319,25,322,24,325,256,757,761,758,8,759,2,806,com.android.settings,871,com.android.settings.biometrics.face.FaceEnrollFinish,904,co.aospa.facesense,905,0,1320,11,1321,1]
05-01 18:32:50.872  1352  1383 I am_activity_launch_time: [0,20298915,com.android.settings/.biometrics.face.FaceEnrollFinish,24]
05-01 18:32:51.172  1352  1377 I am_stop_activity: [0,203464899,co.aospa.facesense/.FaceEnrollEnrolling]
05-01 18:32:51.183  3598  3598 I am_on_stop_called: [0,co.aospa.facesense.FaceEnrollEnrolling,STOP_ACTIVITY_ITEM]
05-01 18:32:52.164  1352  2916 I am_finish_activity: [0,20298915,6,com.android.settings/.biometrics.face.FaceEnrollFinish,app-request]
05-01 18:32:52.173  1352  2916 I am_pause_activity: [0,20298915,com.android.settings/.biometrics.face.FaceEnrollFinish,userLeaving=false]
05-01 18:32:52.180  7671  7671 I am_on_top_resumed_lost_called: [0,com.android.settings.biometrics.face.FaceEnrollFinish,topStateChangedWhenResumed]
05-01 18:32:52.180  7671  7671 I sysui_multi_action: [757,1508,758,2]
05-01 18:32:52.181  7671  7671 I am_on_paused_called: [0,com.android.settings.biometrics.face.FaceEnrollFinish,performPause]
05-01 18:32:52.181  1352  2916 I am_add_to_stopping: [0,20298915,com.android.settings/.biometrics.face.FaceEnrollFinish,finishCurrentActivityLocked]
05-01 18:32:52.183  1352  2916 I am_set_resumed_activity: [0,co.aospa.facesense/.FaceEnrollEnrolling,resumeTopActivityInnerLocked]
05-01 18:32:52.186  1352  2916 I am_resume_activity: [0,203464899,6,co.aospa.facesense/.FaceEnrollEnrolling]
05-01 18:32:52.197  1352  1943 I am_finish_activity: [0,203464899,6,co.aospa.facesense/.FaceEnrollEnrolling,app-request]
05-01 18:32:52.204  1352  1943 I am_pause_activity: [0,203464899,co.aospa.facesense/.FaceEnrollEnrolling,userLeaving=false]
05-01 18:32:52.206  3598  3598 I am_on_activity_result_called: [0,co.aospa.facesense.FaceEnrollEnrolling,ACTIVITY_RESULT]
05-01 18:32:52.206  3598  3598 I am_on_restart_called: [0,co.aospa.facesense.FaceEnrollEnrolling,performRestartActivity]
05-01 18:32:52.211  1352  1377 I sysui_multi_action: [757,803,799,window_time_0,802,2]
05-01 18:32:52.212  1352  1943 I am_add_to_stopping: [0,203464899,co.aospa.facesense/.FaceEnrollEnrolling,finishCurrentActivityLocked]
05-01 18:32:52.213  1352  1943 I am_set_resumed_activity: [0,com.android.settings/.biometrics.face.FaceEnrollEducation,resumeTopActivityInnerLocked]
05-01 18:32:52.214  1352  1943 I am_resume_activity: [0,187528898,6,com.android.settings/.biometrics.face.FaceEnrollEducation]
05-01 18:32:52.224  1352  1377 I sysui_multi_action: [757,803,799,window_time_0,802,0]
05-01 18:32:52.226  1352  2916 I am_finish_activity: [0,187528898,6,com.android.settings/.biometrics.face.FaceEnrollEducation,app-request]
05-01 18:32:52.233  1352  1383 I am_pss  : [2940,10195,com.google.android.gms,93423616,66347008,0,268939264,0,20,9]
05-01 18:32:52.235  1352  2916 I am_pause_activity: [0,187528898,com.android.settings/.biometrics.face.FaceEnrollEducation,userLeaving=false]
05-01 18:32:52.237  7671  7671 I am_on_activity_result_called: [0,com.android.settings.biometrics.face.FaceEnrollEducation,ACTIVITY_RESULT]
05-01 18:32:52.237  7671  7671 I am_on_restart_called: [0,com.android.settings.biometrics.face.FaceEnrollEducation,performRestartActivity]
05-01 18:32:52.241  1352  1943 I am_add_to_stopping: [0,187528898,com.android.settings/.biometrics.face.FaceEnrollEducation,finishCurrentActivityLocked]
05-01 18:32:52.241  1352  1943 I am_set_resumed_activity: [0,com.android.settings/.biometrics.face.FaceEnrollIntroduction,resumeTopActivityInnerLocked]
05-01 18:32:52.241  1352  1943 I am_resume_activity: [0,121170759,6,com.android.settings/.biometrics.face.FaceEnrollIntroduction]
05-01 18:32:52.246  1352  1943 I am_finish_activity: [0,121170759,6,com.android.settings/.biometrics.face.FaceEnrollIntroduction,app-request]
05-01 18:32:52.252  1352  1943 I am_pause_activity: [0,121170759,com.android.settings/.biometrics.face.FaceEnrollIntroduction,userLeaving=false]
05-01 18:32:52.255  1352  1377 I sysui_multi_action: [757,803,799,window_time_0,802,0]
05-01 18:32:52.256  7671  7671 I am_on_activity_result_called: [0,com.android.settings.biometrics.face.FaceEnrollIntroduction,ACTIVITY_RESULT]
05-01 18:32:52.256  7671  7671 I am_on_restart_called: [0,com.android.settings.biometrics.face.FaceEnrollIntroduction,performRestartActivity]
05-01 18:32:52.258  1352  3643 I am_add_to_stopping: [0,121170759,com.android.settings/.biometrics.face.FaceEnrollIntroduction,finishCurrentActivityLocked]
05-01 18:32:52.259  1352  3643 I am_set_resumed_activity: [0,com.android.settings/.Settings$FaceSettingsActivity,resumeTopActivityInnerLocked]
05-01 18:32:52.259  1352  3643 I am_resume_activity: [0,112241242,6,com.android.settings/.Settings$FaceSettingsActivity]
05-01 18:32:52.260  7671  7671 I am_on_restart_called: [0,com.android.settings.Settings$FaceSettingsActivity,performRestartActivity]
05-01 18:32:52.261  7671  7671 I am_on_start_called: [0,com.android.settings.Settings$FaceSettingsActivity,handleStartActivity]
05-01 18:32:52.261  7671  7671 I snet_event_log: [120484087,-1,]
05-01 18:32:52.262  1352  1377 I sysui_multi_action: [757,803,799,window_time_0,802,0]
05-01 18:32:52.263  7671  7671 I am_on_resume_called: [0,com.android.settings.Settings$FaceSettingsActivity,RESUME_ACTIVITY]
05-01 18:32:52.263  7671  7671 I sysui_multi_action: [757,1511,758,1,833,0]
05-01 18:32:52.268  7671  7671 I am_on_top_resumed_gained_called: [0,com.android.settings.Settings$FaceSettingsActivity,topWhenResuming]
05-01 18:32:52.301  1352  3643 I am_destroy_activity: [0,121170759,6,com.android.settings/.biometrics.face.FaceEnrollIntroduction,finish-imm:activityIdleInternalLocked]
05-01 18:32:52.301  1352  3643 I am_destroy_activity: [0,187528898,6,com.android.settings/.biometrics.face.FaceEnrollEducation,finish-imm:activityIdleInternalLocked]
05-01 18:32:52.301  1352  3643 I am_destroy_activity: [0,203464899,6,co.aospa.facesense/.FaceEnrollEnrolling,finish-imm:activityIdleInternalLocked]
05-01 18:32:52.302  7671  7671 I am_on_destroy_called: [0,com.android.settings.biometrics.face.FaceEnrollIntroduction,performDestroy]
05-01 18:32:52.304  7671  7671 I am_on_destroy_called: [0,com.android.settings.biometrics.face.FaceEnrollEducation,performDestroy]
05-01 18:32:52.304  3598  3598 I am_on_destroy_called: [0,co.aospa.facesense.FaceEnrollEnrolling,performDestroy]
05-01 18:32:52.573  1352  1377 I am_destroy_activity: [0,20298915,6,com.android.settings/.biometrics.face.FaceEnrollFinish,finish-imm:activityIdleInternalLocked]
05-01 18:32:52.590  7671  7671 I am_on_stop_called: [0,com.android.settings.biometrics.face.FaceEnrollFinish,LIFECYCLER_STOP_ACTIVITY]
05-01 18:32:52.591  7671  7671 I am_on_destroy_called: [0,com.android.settings.biometrics.face.FaceEnrollFinish,performDestroy]
05-01 18:32:52.859  1352  1384 I am_uid_idle: 10190
05-01 18:32:53.437  7671  7671 I sysui_multi_action: [757,1693,758,1,833,0]
05-01 18:32:53.704  2380  2716 D SubscriptionController: [getActiveSubscriptionInfo]+ subId=2 subInfo={id=2, iccId=893005002[****] simSlotIndex=1 carrierId=18 displayName=vodafone GR carrierName=vodafone GR nameSource=1 iconTint=-13408298 mNumber=[****] dataRoaming=0 iconBitmap=android.graphics.Bitmap@842fdac mcc 202 mnc 05mCountryIso=gr isEmbedded false nativeAccessRules null cardString=893005002[****] cardId=1 isOpportunistic false mGroupUUID=null mIsGroupDisabled=false profileClass=-1 ehplmns = [] hplmns = [20205] subscriptionType=0 mGroupOwner=null carrierConfigAccessRules=null}
05-01 18:32:54.320  7671  7671 I sysui_multi_action: [757,1693,758,2]
05-01 18:32:55.613  1352  3643 I am_create_activity: [0,43398622,6,com.android.settings/.biometrics.face.FaceEnrollIntroduction,NULL,NULL,NULL,0]
05-01 18:32:55.615  1352  3643 I am_pause_activity: [0,112241242,com.android.settings/.Settings$FaceSettingsActivity,userLeaving=true]
05-01 18:32:55.616  7671  7671 I am_on_top_resumed_lost_called: [0,com.android.settings.Settings$FaceSettingsActivity,topStateChangedWhenResumed]
05-01 18:32:55.616  7671  7671 I sysui_multi_action: [757,1511,758,2]
05-01 18:32:55.617  7671  7671 I am_on_paused_called: [0,com.android.settings.Settings$FaceSettingsActivity,performPause]
05-01 18:32:55.617  1352  3643 I am_add_to_stopping: [0,112241242,com.android.settings/.Settings$FaceSettingsActivity,makeInvisible]
05-01 18:32:55.618  1352  3643 I am_restart_activity: [0,43398622,6,com.android.settings/.biometrics.face.FaceEnrollIntroduction]
05-01 18:32:55.618  1352  3643 I am_set_resumed_activity: [0,com.android.settings/.biometrics.face.FaceEnrollIntroduction,minimalResumeActivityLocked]
05-01 18:32:55.621  1352  1377 I sysui_multi_action: [757,803,799,window_time_0,802,3]
05-01 18:32:55.627  7671  7671 I am_on_create_called: [0,com.android.settings.biometrics.face.FaceEnrollIntroduction,performCreate]
05-01 18:32:55.627  7671  7671 I am_on_start_called: [0,com.android.settings.biometrics.face.FaceEnrollIntroduction,handleStartActivity]
05-01 18:32:55.628  7671  7671 I sysui_multi_action: [757,1506,758,1,833,0]
05-01 18:32:55.628  7671  7671 I am_on_resume_called: [0,com.android.settings.biometrics.face.FaceEnrollIntroduction,RESUME_ACTIVITY]
05-01 18:32:55.630  7671  7671 I am_on_top_resumed_gained_called: [0,com.android.settings.biometrics.face.FaceEnrollIntroduction,topStateChangedWhenResumed]
05-01 18:32:55.648  1352  1383 I sysui_multi_action: [319,35,322,35,325,261,757,761,758,8,759,2,806,com.android.settings,871,com.android.settings.biometrics.face.FaceEnrollIntroduction,904,com.android.settings,905,0,1320,11,1321,1]
05-01 18:32:55.649  1352  1383 I am_activity_launch_time: [0,43398622,com.android.settings/.biometrics.face.FaceEnrollIntroduction,35]
05-01 18:32:55.920  1352  1384 I am_uid_idle: 10131
05-01 18:32:55.940  1352  1377 I am_stop_activity: [0,112241242,com.android.settings/.Settings$FaceSettingsActivity]
05-01 18:32:55.956  7671  7671 I am_on_stop_called: [0,com.android.settings.Settings$FaceSettingsActivity,STOP_ACTIVITY_ITEM]
05-01 18:32:56.544  1352  1930 I am_create_activity: [0,93081157,6,com.android.settings/.biometrics.face.FaceEnrollEducation,NULL,NULL,NULL,0]
05-01 18:32:56.546  1352  1930 I am_pause_activity: [0,43398622,com.android.settings/.biometrics.face.FaceEnrollIntroduction,userLeaving=true]
05-01 18:32:56.548  7671  7671 I am_on_top_resumed_lost_called: [0,com.android.settings.biometrics.face.FaceEnrollIntroduction,topStateChangedWhenResumed]
05-01 18:32:56.548  7671  7671 I sysui_multi_action: [757,1506,758,2]
05-01 18:32:56.548  7671  7671 I am_on_paused_called: [0,com.android.settings.biometrics.face.FaceEnrollIntroduction,performPause]
05-01 18:32:56.549  1352  3643 I am_add_to_stopping: [0,43398622,com.android.settings/.biometrics.face.FaceEnrollIntroduction,makeInvisible]
05-01 18:32:56.549  1352  3643 I am_restart_activity: [0,93081157,6,com.android.settings/.biometrics.face.FaceEnrollEducation]
05-01 18:32:56.549  1352  3643 I am_set_resumed_activity: [0,com.android.settings/.biometrics.face.FaceEnrollEducation,minimalResumeActivityLocked]
05-01 18:32:56.551  1352  1377 I sysui_multi_action: [757,803,799,window_time_0,802,1]
05-01 18:32:56.562  7671  7671 I am_on_create_called: [0,com.android.settings.biometrics.face.FaceEnrollEducation,performCreate]
05-01 18:32:56.563  7671  7671 I am_on_start_called: [0,com.android.settings.biometrics.face.FaceEnrollEducation,handleStartActivity]
05-01 18:32:56.563  7671  7671 I sysui_multi_action: [757,1506,758,1,833,0]
05-01 18:32:56.564  7671  7671 I am_on_resume_called: [0,com.android.settings.biometrics.face.FaceEnrollEducation,RESUME_ACTIVITY]
05-01 18:32:56.565  7671  7671 I am_on_top_resumed_gained_called: [0,com.android.settings.biometrics.face.FaceEnrollEducation,topStateChangedWhenResumed]
05-01 18:32:56.581  1352  1383 I sysui_multi_action: [319,37,322,37,325,262,757,761,758,8,759,2,806,com.android.settings,871,com.android.settings.biometrics.face.FaceEnrollEducation,904,com.android.settings,905,0,1320,11,1321,1]
05-01 18:32:56.582  1352  1383 I am_activity_launch_time: [0,93081157,com.android.settings/.biometrics.face.FaceEnrollEducation,37]
05-01 18:32:56.705  2380  2700 D SubscriptionController: [getActiveSubscriptionInfo]+ subId=1 subInfo={id=1, iccId=893001001[****] simSlotIndex=0 carrierId=747 displayName=COSMOTE carrierName=COSMOTE #ApoToSpiti nameSource=1 iconTint=-16746133 mNumber=[****] dataRoaming=0 iconBitmap=android.graphics.Bitmap@8a96062 mcc 202 mnc 01mCountryIso=gr isEmbedded false nativeAccessRules null cardString=893001001[****] cardId=0 isOpportunistic false mGroupUUID=null mIsGroupDisabled=false profileClass=-1 ehplmns = [] hplmns = [20201, 20201, 20201] subscriptionType=0 mGroupOwner=null carrierConfigAccessRules=null}
05-01 18:32:56.710  2380  2716 D SubscriptionController: [getActiveSubscriptionInfo]+ subId=2 subInfo={id=2, iccId=893005002[****] simSlotIndex=1 carrierId=18 displayName=vodafone GR carrierName=vodafone GR nameSource=1 iconTint=-13408298 mNumber=[****] dataRoaming=0 iconBitmap=android.graphics.Bitmap@842fdac mcc 202 mnc 05mCountryIso=gr isEmbedded false nativeAccessRules null cardString=893005002[****] cardId=1 isOpportunistic false mGroupUUID=null mIsGroupDisabled=false profileClass=-1 ehplmns = [] hplmns = [20205] subscriptionType=0 mGroupOwner=null carrierConfigAccessRules=null}
05-01 18:32:56.875  1352  1377 I am_stop_activity: [0,43398622,com.android.settings/.biometrics.face.FaceEnrollIntroduction]
05-01 18:32:56.880  7671  7671 I am_on_stop_called: [0,com.android.settings.biometrics.face.FaceEnrollIntroduction,STOP_ACTIVITY_ITEM]
05-01 18:32:57.626  1352  2916 I am_create_activity: [0,65987771,6,co.aospa.facesense/.FaceEnrollEnrolling,NULL,NULL,NULL,8388608]
05-01 18:32:57.627  1352  2916 I am_pause_activity: [0,93081157,com.android.settings/.biometrics.face.FaceEnrollEducation,userLeaving=true]
05-01 18:32:57.629  7671  7671 I am_on_top_resumed_lost_called: [0,com.android.settings.biometrics.face.FaceEnrollEducation,topStateChangedWhenResumed]
05-01 18:32:57.629  7671  7671 I sysui_multi_action: [757,1506,758,2]
05-01 18:32:57.629  7671  7671 I am_on_paused_called: [0,com.android.settings.biometrics.face.FaceEnrollEducation,performPause]
05-01 18:32:57.629  1352  2916 I am_add_to_stopping: [0,93081157,com.android.settings/.biometrics.face.FaceEnrollEducation,makeInvisible]
05-01 18:32:57.630  1352  2916 I am_restart_activity: [0,65987771,6,co.aospa.facesense/.FaceEnrollEnrolling]
05-01 18:32:57.630  1352  2916 I am_set_resumed_activity: [0,co.aospa.facesense/.FaceEnrollEnrolling,minimalResumeActivityLocked]
05-01 18:32:57.634  1352  1377 I sysui_multi_action: [757,803,799,window_time_0,802,1]
05-01 18:32:57.636  3598  3598 I am_on_create_called: [0,co.aospa.facesense.FaceEnrollEnrolling,performCreate]
05-01 18:32:57.637  3598  3598 I am_on_start_called: [0,co.aospa.facesense.FaceEnrollEnrolling,handleStartActivity]
05-01 18:32:57.639  3598  3598 I am_on_resume_called: [0,co.aospa.facesense.FaceEnrollEnrolling,RESUME_ACTIVITY]
05-01 18:32:57.640  1352  1383 I am_pss  : [8056,10191,com.android.vending:instant_app_installer,25882624,4939776,0,112013312,0,20,4]
05-01 18:32:57.641  3598  3598 I am_on_top_resumed_gained_called: [0,co.aospa.facesense.FaceEnrollEnrolling,topStateChangedWhenResumed]
05-01 18:32:57.647  1352  1383 I am_pss  : [8026,10188,com.google.android.as:nonpersistent,8080384,4308992,0,102862848,0,20,5]
05-01 18:32:57.656  1352  1383 I am_pss  : [7973,10169,com.google.android.dialer,14769152,11997184,0,120283136,0,20,6]
05-01 18:32:57.658  1352  1383 I sysui_multi_action: [319,34,322,33,325,263,757,761,758,8,759,2,806,co.aospa.facesense,871,co.aospa.facesense.FaceEnrollEnrolling,904,com.android.settings,905,0,1320,11,1321,1]
05-01 18:32:57.659  1352  1383 I am_activity_launch_time: [0,65987771,co.aospa.facesense/.FaceEnrollEnrolling,33]
05-01 18:32:59.167  1352  1384 I am_uid_idle: 10185
05-01 18:32:59.344  2380  2700 D SubscriptionController: [getActiveSubscriptionInfo]+ subId=1 subInfo={id=1, iccId=893001001[****] simSlotIndex=0 carrierId=747 displayName=COSMOTE carrierName=COSMOTE #ApoToSpiti nameSource=1 iconTint=-16746133 mNumber=[****] dataRoaming=0 iconBitmap=android.graphics.Bitmap@8a96062 mcc 202 mnc 01mCountryIso=gr isEmbedded false nativeAccessRules null cardString=893001001[****] cardId=0 isOpportunistic false mGroupUUID=null mIsGroupDisabled=false profileClass=-1 ehplmns = [] hplmns = [20201, 20201, 20201] subscriptionType=0 mGroupOwner=null carrierConfigAccessRules=null}
05-01 18:33:00.184  1352  1352 I sysui_multi_action: [757,1505,758,4]
