02-12 21:44:01.912  6542  6542 D QCamera2HWI: int qcamera::QCamera2HardwareInterface::calcThermalLevel(qcamera::qcamera_thermal_level_enum_t, int, int, cam_fps_range_t&, msm_vfe_frame_skip_pattern&): Thermal level 0, FPS [2.00,30.00, 2.00,30.00], frameskip 0
02-12 21:44:01.913  6542  6542 D QCameraParameters: int32_t qcamera::QCameraParameters::setPreviewFpsRange(int, int, int, int): Thermal adjusted Preview fps range 2.00,30.00, 2.00, 30.00
02-12 21:44:01.913  6542  6542 D QCameraParameters: int32_t qcamera::QCameraParameters::initDefaultParameters(): supported fps rates: 2,3,4,5,6,7,8,9,10,11,12,13,14,15,16,17,18,19,20,21,22,23,24,25,26,27,28,29,30
02-12 21:44:01.913  6542  6542 D QCameraParameters: int32_t qcamera::QCameraParameters::setFocusMode(const char*): Setting focus mode fixed
02-12 21:44:01.913  6542  6542 D QCameraParameters: initDefaultParameters: setting KEY_FOCUS_DISTANCES as 0.100000,0.150000,0.170000
02-12 21:44:01.913  6542  6542 D QCameraParameters: int32_t qcamera::QCameraParameters::setAutoExposure(const char*): Setting auto exposure center-weighted
02-12 21:44:01.913  6542  6542 D QCameraParameters: int32_t qcamera::QCameraParameters::setAntibanding(const char*): Setting AntiBanding value auto
02-12 21:44:01.913  6542  6542 D QCameraParameters: int32_t qcamera::QCameraParameters::setFlash(const char*): Setting Flash value off
02-12 21:44:01.913  6542  6542 D QCameraParameters: int32_t qcamera::QCameraParameters::setISOValue(const char*): Setting ISO value auto
02-12 21:44:01.913  6542  6542 D QCameraParameters: int32_t qcamera::QCameraParameters::initDefaultParameters(), Exposure time min 0.013272 ms, max 869.661901 ms
02-12 21:44:01.913  6542  6542 D QCameraParameters: int32_t qcamera::QCameraParameters::initDefaultParameters(), ISO min 100, max 3000
02-12 21:44:01.915  6542  6542 D QCameraParameters: int32_t qcamera::QCameraParameters::setZoom(int): zoom level: 0
02-12 21:44:01.915  6542  6542 I QCameraParameters: int32_t qcamera::QCameraParameters::initDefaultParameters(): setting Exposure Bracketing value of 0,10,-9
02-12 21:44:01.915  6542  6542 D QCameraParameters: int32_t qcamera::QCameraParameters::setAEBracket(const char*), EXP_BRACKETING_OFF
02-12 21:44:01.915  6542  6542 D QCameraParameters: int32_t qcamera::QCameraParameters::setChromaFlash(const char*): chromaFlashStr =chroma-flash-off
02-12 21:44:01.915  6542  6542 D QCameraParameters: int32_t qcamera::QCameraParameters::setOptiZoom(const char*): optiZoomStr =opti-zoom-off
02-12 21:44:01.915  6542  6542 D QCameraParameters: int32_t qcamera::QCameraParameters::setSeeMore(const char*): seeMoreStr =off
02-12 21:44:01.915  6542  6542 D QCameraParameters: int32_t qcamera::QCameraParameters::setToneMapMode(uint32_t, bool): tone map mode 1 
02-12 21:44:01.915  6542  6542 D QCameraParameters: int32_t qcamera::QCameraParameters::setAecLock(const char*): Setting AECLock value false
02-12 21:44:01.915  6542  6542 D QCameraParameters: int32_t qcamera::QCameraParameters::setAwbLock(const char*): Setting AWBLock value false
02-12 21:44:01.915  6542  6542 D QCameraParameters: int32_t qcamera::QCameraParameters::initDefaultParameters(): totalram = -1334108160, freeram = 1501376512 
02-12 21:44:01.915  6542  6542 D QCameraParameters: void qcamera::QCameraParameters::setOfflineRAW(): Offline Raw  0
02-12 21:44:01.915  6542  6542 E LGCameraParameters: void qcamera::QCameraParameters::initDefaultParametersEx(): multi_window_af_supported = 1
02-12 21:44:01.916  6542  6542 E LGCameraParameters: createMultiWindowString: (-280,-280,0,0,1),(-140,-420,140,-140,1),(0,-280,280,0,1),(-420,-140,-140,140,1),(-140,-140,140,140,1),(140,-140,420,140,1),(-280,0,0,280,1),(-140,140,140,420,1),(0,0,280,280,1),(-220,-220,220,220,1)
02-12 21:44:01.916  6542  6542 E LGCameraParameters: createMultiWindowString: (720,720,1000,1000,1),(860,580,1140,860,1),(1000,720,1280,1000,1),(580,860,860,1140,1),(860,860,1140,1140,1),(1140,860,1420,1140,1),(720,1000,1000,1420,1),(860,1140,1140,1420,1),(1000,1000,1280,1280,1)
02-12 21:44:01.916  6542  6542 D LGCameraParameters: int32_t qcamera::QCameraParameters::setLG_ISOcontrol(const char*): Setting ISO value auto
02-12 21:44:01.916  6542  6542 E LGCameraParameters: int32_t qcamera::QCameraParameters::setBeautyLevel(int) : [ARC_BEAUTY] beautylevel = 0
02-12 21:44:01.917   526  7458 E mm-camera: iface_util_set_hfr: can't find hw stream, only save hfr mode
02-12 21:44:01.918  6542  6542 D QCameraParameters: int32_t qcamera::QCameraParameters::setNumOfSnapshot(): nBurstNum = 1, nExpnum = 1
02-12 21:44:01.919  6542  6542 I Thermal-Lib: Thermal-Lib-Client: Registraion successful for camera with handle:1
02-12 21:44:01.919  6542  6542 I Thermal-Lib: Thermal-Lib-Client: Registraion successful for camcorder with handle:2
02-12 21:44:01.919  6542  6542 I QCamera2HWI: [KPI Perf] int qcamera::QCamera2HardwareInterface::openCamera(hw_device_t**): X PROFILE_OPEN_CAMERA camera id 1, rc: 0
02-12 21:44:01.919  6542  6542 E QCamera2HWI: int qcamera::QCamera2HardwareInterface::openCamera(hw_device_t**):[PREVIEW_COUNT] preview_count(1)
02-12 21:44:01.920   509   605 I ThermalEngine: Thermal-Server: Adding thermal event listener on fd 62
02-12 21:44:01.920  6542  7465 I Thermal-Lib: Thermal-Lib-Client: Client received msg camera 0
02-12 21:44:01.920  6542  7465 D QCamera2HWI: virtual int qcamera::QCamera2HardwareInterface::thermalEvtHandle(qcamera::qcamera_thermal_level_enum_t*, void*, void*): level = 0, userdata = 0x0, data = 0x0
02-12 21:44:01.920  6542  7465 I Thermal-Lib: Thermal-Lib-Client: Client received msg camcorder 0
02-12 21:44:01.920  6542  7465 D QCamera2HWI: virtual int qcamera::QCamera2HardwareInterface::thermalEvtHandle(qcamera::qcamera_thermal_level_enum_t*, void*, void*): level = 0, userdata = 0x0, data = 0x0
02-12 21:44:01.920  6542  7402 E QCameraStateMachine: int32_t qcamera::QCameraStateMachine::procEvtPreviewStoppedState(qcamera::qcamera_sm_evt_enum_t, void*): cannot handle evt(31) in state(0)
02-12 21:44:01.920  6542  7402 E QCameraStateMachine: int32_t qcamera::QCameraStateMachine::procEvtPreviewStoppedState(qcamera::qcamera_sm_evt_enum_t, void*): cannot handle evt(31) in state(0)
02-12 21:44:01.926  4229  5594 I CameraManagerGlobal: Connecting to camera service
02-12 21:44:01.927  4229  5594 E CameraManagerGlobal: Camera service is unavailable
02-12 21:44:01.934  6542  7402 D QCameraParameters: int32_t qcamera::QCameraParameters::setPreviewFpsRange(const qcamera::QCameraParameters&): FpsRange Values:(2000, 30000)
02-12 21:44:01.935  6542  7402 D QCameraParameters: int32_t qcamera::QCameraParameters::setPreviewFpsRange(const qcamera::QCameraParameters&): Requested FpsRange Values:(2000, 30000)
02-12 21:44:01.935  6542  7402 D QCameraParameters: HFR mode is OFF
02-12 21:44:01.935  6542  7402 D QCameraParameters: void qcamera::QCameraParameters::setBufBatchCount(int8_t) : Buffer batch count = 0
02-12 21:44:01.935  6542  7402 D QCameraParameters: int32_t qcamera::QCameraParameters::setPreviewFpsRange(const qcamera::QCameraParameters&): UpdateHFRFrameRate 0
02-12 21:44:01.935  6542  7402 D QCameraParameters: int32_t qcamera::QCameraParameters::setPreviewFpsRange(const qcamera::QCameraParameters&): No change in FpsRange
02-12 21:44:01.935  6542  7402 I QCameraParameters: Requested preview size 1280 x 720
02-12 21:44:01.935  6542  7402 I QCameraParameters: Requested picture size 1280 x 720
02-12 21:44:01.935  6542  7402 D LGCameraParameters: park void qcamera::QCameraParameters::setHorViewAngle(int, int) E, horViewAngle = 69.300003
02-12 21:44:01.935  6542  7402 D QCameraParameters: int32_t qcamera::QCameraParameters::setPreviewFormat(const qcamera::QCameraParameters&): format 2
02-12 21:44:01.935  6542  7402 D QCameraParameters: int32_t qcamera::QCameraParameters::setPictureFormat(const qcamera::QCameraParameters&): format 0
02-12 21:44:01.935  6542  7402 D QCameraParameters: Param m_bNoDisplayMode = 0
02-12 21:44:01.935  6542  7402 I QCameraParameters: int32_t qcamera::QCameraParameters::setZslMode(const qcamera::QCameraParameters&): enabled: 0
02-12 21:44:01.935  6542  7402 D QCameraParameters: int32_t qcamera::QCameraParameters::setSceneMode(const qcamera::QCameraParameters&): str - auto, prev_str - auto
02-12 21:44:01.935  6542  7402 D QCameraParameters: int32_t qcamera::QCameraParameters::setAutoHDR(const qcamera::QCameraParameters&) : Auto HDR set to: disable
02-12 21:44:01.935  6542  7402 D QCameraParameters: int32_t qcamera::QCameraParameters::setAFBracket(const qcamera::QCameraParameters&): str =(null) & prev_str =(null)
02-12 21:44:01.935  6542  7402 D QCameraParameters: int32_t qcamera::QCameraParameters::setTruePortrait(const qcamera::QCameraParameters&): str =(null) & prev_str =(null)
02-12 21:44:01.936  6542  7402 D QCameraParameters: int32_t qcamera::QCameraParameters::setBurstNum(const qcamera::QCameraParameters&): [ZSL Retro] m_nBurstNum = 1
02-12 21:44:01.936  6542  7402 D QCameraParameters: int32_t qcamera::QCameraParameters::setBurstLEDOnPeriod(const qcamera::QCameraParameters&): Burst LED on period  300
02-12 21:44:01.936  6542  7402 D QCameraParameters: int32_t qcamera::QCameraParameters::setLiveSnapshotSize(const qcamera::QCameraParameters&): live snapshot size 1280 x 720
02-12 21:44:01.936  6542  7402 D QCameraParameters: int32_t qcamera::QCameraParameters::setPAAF(): PAAF is: ON
02-12 21:44:01.936  6542  7402 D QCameraParameters: int32_t qcamera::QCameraParameters::setSeeMore(const qcamera::QCameraParameters&): str =off & prev_str =off
02-12 21:44:01.936  6542  7402 E LGCameraParameters: [ManualAF] android::status_t qcamera::QCameraParameters::setManualFocusLength(const qcamera::QCameraParameters&): current_normal_focus =0 / curr_mode = fixed
02-12 21:44:01.936  6542  7402 E LGCameraParameters: int32_t qcamera::QCameraParameters::setHighDynamicRange(const qcamera::QCameraParameters&) EasyHDR KEY_HDR_MODE = (null), value = -2
02-12 21:44:01.936  6542  7402 E LGCameraParameters: int32_t qcamera::QCameraParameters::setHighDynamicRange(const qcamera::QCameraParameters&) string is null
02-12 21:44:01.936  6542  7402 E LGCameraParameters: int32_t qcamera::QCameraParameters::setBeautyShot(const qcamera::QCameraParameters&):m_bBeautyShotEnabled=0
02-12 21:44:01.936  6542  7402 D LGCameraParameters: int32_t qcamera::QCameraParameters::setDNGCapture(const qcamera::QCameraParameters&) : value = 0(0) 
02-12 21:44:01.936  6542  7402 E LGCameraParameters: int32_t qcamera::QCameraParameters::setLG_ShutterSpeed(const qcamera::QCameraParameters&): error to support!
02-12 21:44:01.936  6542  7402 E LGCameraParameters: int32_t qcamera::QCameraParameters::setLG_EVcontrol(const qcamera::QCameraParameters&): error to support!
02-12 21:44:01.936  6542  7402 E LGCameraParameters: int32_t qcamera::QCameraParameters::setLG_ColorAdjust(const qcamera::QCameraParameters&): error to support!
02-12 21:44:01.936  6542  7402 E LGCameraParameters: int32_t qcamera::QCameraParameters::setLG_WBcontrol(const qcamera::QCameraParameters&): error to support!
02-12 21:44:01.937  6542  7402 D QCameraParameters: int32_t qcamera::QCameraParameters::setNumOfSnapshot(): nBurstNum = 1, nExpnum = 1
02-12 21:44:01.938  6542  6542 I QCamera2HWI: [KPI Perf] static void qcamera::QCamera2HardwareInterface::stop_preview(camera_device*): E PROFILE_STOP_PREVIEW
02-12 21:44:01.938  6542  6542 I QCamera2HWI: [KPI Perf] static void qcamera::QCamera2HardwareInterface::stop_preview(camera_device*): X
02-12 21:44:01.939  6542  6542 I CamDev@1.0-impl: Closing camera 1
02-12 21:44:01.939  6542  6542 I QCamera2HWI: [KPI Perf] static int qcamera::QCamera2HardwareInterface::close_camera_device(hw_device_t*): E
02-12 21:44:01.939  6542  7407 D QCamera2HWI: static void* qcamera::QCamera2HardwareInterface::defferedWorkRoutine(void*): stop data proc
02-12 21:44:01.940  6542  6542 I QCamera2HWI: [KPI Perf] int qcamera::QCamera2HardwareInterface::closeCamera(): E PROFILE_CLOSE_CAMERA camera id 1
02-12 21:44:01.940  6542  6542 D QCameraParameters: bool qcamera::QCameraParameters::setStreamConfigure(bool, bool, bool): Done Resetting stream config!!
02-12 21:44:01.942  6542  6542 I qomx_image_core: OMX_Deinit:119] Complete
02-12 21:44:01.946  6542  6542 I Thermal-Lib: Thermal-Lib-Client: Unregisteration is successfull for handle:1
02-12 21:44:01.947   509   605 I ThermalEngine: Thermal-Server: removing client on fd 62
02-12 21:44:01.947  6542  6542 I Thermal-Lib: Thermal-Lib-Client: Unregisteration is successfull for handle:2
02-12 21:44:01.949   526  7458 D mm-camera: mct: mct_pipeline_process_set:command=800000b
02-12 21:44:01.949   526  7458 E mm-camera: mct: mct_pipeline_process_set:2966: Couldn't find stream id: 0
02-12 21:44:01.949   526   526 D mm-camera: mct: mct_controller_destroy: Initiating destroy sequence
02-12 21:44:01.949  6542  6542 I QCamera2HWI: [KPI Perf] int qcamera::QCamera2HardwareInterface::closeCamera(): X PROFILE_CLOSE_CAMERA camera id 1, rc: 0
02-12 21:44:01.949  6542  6542 E QCamera2HWI: int qcamera::QCamera2HardwareInterface::closeCamera():[PREVIEW_COUNT] preview_count(0)
02-12 21:44:01.949   526  7459 D mm-camera: mct: mct_bus_handler_thread_run: Force Exit
02-12 21:44:01.949   526   526 D mm-camera: mct: mct_controller_destroy: bus_handler thread closed
02-12 21:44:01.949   526   526 D mm-camera: mct: mct_pipeline_stop_session - E
02-12 21:44:01.949   526   526 D mm-camera: mct: mct_pipeline_process_set:command=800000b
02-12 21:44:01.950   526   526 D mm-camera: mct: mct_pipeline_process_set: Issuing DEL_STREAM on stream 0x2000f and stream type=10
02-12 21:44:01.950   526   526 E mm-camera: port_iface_ext_unlink_func: E, identity = 0x2000f, port = 0xe89a3620, direction = 2
02-12 21:44:01.950   526   526 E mm-camera: port_iface_check_caps_unreserve_func:  E, identity = 0x2000f, port = 0xe89a3620, direction = 2
02-12 21:44:01.950   526   526 E mm-camera: iface_unreserve_sink_port: stream_id f mode 0 
02-12 21:44:01.950   526   526 E mm-camera: port_iface_ext_unlink_func: E, identity = 0x2000f, port = 0xe89a3920, direction = 1
02-12 21:44:01.950   526   526 E mm-camera: iface_ext_unlink_src_port: mct stream already removed from hw stream
02-12 21:44:01.950   526   526 E mm-camera: port_iface_check_caps_unreserve_func:  E, identity = 0x2000f, port = 0xe89a3920, direction = 1
02-12 21:44:01.950   526   526 E mm-camera: isp_port_check_caps_unreserve:826 ide 2000f port 0xe86e1ac0
02-12 21:44:01.952   526   526 E mm-camera: module_afs_port_check_caps_unreserve:1524] 
02-12 21:44:01.952   526   526 E mm-camera: module_afs_port_check_caps_unreserve:1532] destroy client
02-12 21:44:01.952   526   526 E mm-camera: module_imgbase_port_release_client_llvd:1553] 
02-12 21:44:01.952   526   526 E mm-camera: q3a_thread_af_stop:1019  q3a_thread_af_stop:1019 MSG_STOP_THREAD
02-12 21:44:01.953  6542  6542 E QCamera2HWI: int qcamera::QCamera2HardwareInterface::closeCamera():[PREVIEW_COUNT][LOAD] preview_count(0) // MultiView(0)
02-12 21:44:01.953  6542  6542 I QCamera2HWI: [KPI Perf] static int qcamera::QCamera2HardwareInterface::close_camera_device(hw_device_t*): X
02-12 21:44:01.954  6542  6542 I CameraService: onDeviceStatusChanged: Status changed for cameraId=0, newStatus=1
02-12 21:44:01.954  6542  6542 E CameraService: onDeviceStatusChanged: State transition to the same status 0x1 not allowed
02-12 21:44:01.954  6542  6542 I CameraService: onDeviceStatusChanged: Status changed for cameraId=1, newStatus=1
02-12 21:44:01.954  6542  6542 E CameraService: onDeviceStatusChanged: State transition to the same status 0x1 not allowed
02-12 21:44:01.957   526   526 E mm-camera: stats_port_delete_reserved_stream:2602  stats_port_delete_reserved_stream:2602: going to NULL peer
02-12 21:44:01.957   526   526 D mm-camera: mct: mct_pipeline_process_set: Stream 0x2000f and stream type=10, successfully deleted
02-12 21:44:01.958   526  7469 D mm-camera: mct: mct_pipeline_stop_session_thread: Stop module name: sensor - E
02-12 21:44:01.958   526  7472 D mm-camera: mct: mct_pipeline_stop_session_thread: Stop module name: iface - E
02-12 21:44:01.959   526  7473 D mm-camera: mct: mct_pipeline_stop_session_thread: Stop module name: isp - E
02-12 21:44:01.959   526  7473 E mm-camera-isp2: isp_module_stop_session:414 session id 2
02-12 21:44:01.960   526  7472 D mm-camera: mct: mct_pipeline_stop_session_thread: Stop module name: iface - X
02-12 21:44:01.960   526  7474 D mm-camera: mct: mct_pipeline_stop_session_thread: Stop module name: stats - E
02-12 21:44:01.961   526  7475 D mm-camera: mct: mct_pipeline_stop_session_thread: Stop module name: pproc - E
02-12 21:44:01.962   526  7473 D mm-camera: mct: mct_pipeline_stop_session_thread: Stop module name: isp - X
02-12 21:44:01.963   526   526 D mm-camera: mct: mct_pipeline_stop_session: left modules: 5
02-12 21:44:01.963   526   526 D mm-camera: mct: mct_pipeline_stop_session: left modules: 4
02-12 21:44:01.964   526  7476 D mm-camera: mct: mct_pipeline_stop_session_thread: Stop module name: imglib - E
02-12 21:44:01.964   526  7476 E mm-camera: module_faceproc_stop_session:1885] session cnt 1
02-12 21:44:01.968   526  7474 E mm-camera: gyro_port_deinit:1446  gyro_port_deinit: Error in android Deinit
02-12 21:44:01.968   526  7476 D mm-camera: mct: mct_pipeline_stop_session_thread: Stop module name: imglib - X
02-12 21:44:01.968   526  7474 I CAMERA_SENSOR: stop_accel_sensor
02-12 21:44:01.968   526   526 D mm-camera: mct: mct_pipeline_stop_session: left modules: 3
02-12 21:44:01.969   525  7477 E Sensors : sns_acm_mr.c(499):Transport error -1
02-12 21:44:01.969   526  7474 D mm-camera: mct: mct_pipeline_stop_session_thread: Stop module name: stats - X
02-12 21:44:01.969   526  7475 E mm-camera-pp: [INFO] base_module_stop_session:98, E, session=2
02-12 21:44:01.969   526   526 D mm-camera: mct: mct_pipeline_stop_session: left modules: 2
02-12 21:44:01.970   526  7475 E mm-camera-pp: [INFO] base_module_stop_session:98, E, session=2
02-12 21:44:01.971   526  7475 D mm-camera: mct: mct_pipeline_stop_session_thread: Stop module name: pproc - X
02-12 21:44:01.971   526   526 D mm-camera: mct: mct_pipeline_stop_session: left modules: 1
02-12 21:44:01.981   526  7469 E mm-camera: sensor_close:4609ctrl->isStreaming make false
02-12 21:44:01.982   526  7469 D mm-camera: mct: mct_pipeline_stop_session_thread: Stop module name: sensor - X
02-12 21:44:01.982   526   526 D mm-camera: mct: mct_pipeline_stop_session: left modules: 0
02-12 21:44:01.982   526   526 D mm-camera: mct: mct_pipeline_stop_session - X
02-12 21:44:01.982   526   526 D mm-camera: mct: mct_pipeline_destroy E: session:2 
02-12 21:44:01.982   526   526 D mm-camera: mct: mct_pipeline_destroy X: Pipeline destroyed successfully
02-12 21:44:01.982   526   526 D mm-camera: mct: mct_controller_destroy: X Successfully closed mct_controller
02-12 21:44:02.164   520   520 E MetadataRetrieverClient: failed to extract an album art
02-12 21:44:02.173   520  5317 E MetadataRetrieverClient: failed to extract an album art
02-12 21:44:02.191   520   650 E MetadataRetrieverClient: failed to extract an album art
02-12 21:44:02.495   931  1864 D SntpClient: request time failed: java.net.SocketTimeoutException: Poll timed out
02-12 21:44:02.501   931  1864 D RecurrenceRule: Resolving using anchor 2018-02-12T21:44:02.501+02:00[Europe/Athens]
02-12 21:44:02.505   931  1864 D RecurrenceRule: Resolving using anchor 2018-02-12T21:44:02.504+02:00[Europe/Athens]
02-12 21:44:02.508   931  1864 D RecurrenceRule: Cycle 13 from 2018-02-12T00:00+02:00[Europe/Athens] to 2018-03-12T00:00+02:00[Europe/Athens]
02-12 21:44:02.508   931  1864 D NetworkStats: Resolving plan for NetworkTemplate: matchRule=MOBILE_ALL, subscriberId=202010..., matchSubscriberIds=[202010...]
02-12 21:44:02.511   931  1864 D NetworkStats: Found active matching subId 1
02-12 21:44:02.516  4070  4070 D HeadsetPhoneState: sendDeviceStateChanged. mService=1 mIsSimStateLoaded=true mSignal=3 mRoam=0 mBatteryCharge=0
02-12 21:44:02.518   931  1864 D NetworkStats: Resolved to plan null
02-12 21:44:02.530   931  1864 D RecurrenceRule: Resolving using anchor 2018-02-12T21:44:02.529+02:00[Europe/Athens]
02-12 21:44:02.532   931  5447 D SntpClient: request time failed: java.net.SocketTimeoutException: Poll timed out
02-12 21:44:02.533   931  5447 I GnssLocationProvider: WakeLock acquired by sendMessage(INJECT_NTP_TIME_FINISHED, 0, null)
02-12 21:44:02.533   931  5447 I GnssLocationProvider: WakeLock released by handleInjectNtpTime()
02-12 21:44:02.533   931  1864 D RecurrenceRule: Resolving using anchor 2018-02-12T21:44:02.533+02:00[Europe/Athens]
02-12 21:44:02.533   931  1022 I GnssLocationProvider: WakeLock released by handleMessage(INJECT_NTP_TIME_FINISHED, 0, null)
02-12 21:44:02.537   931  1864 D RecurrenceRule: Cycle 13 from 2018-02-12T00:00+02:00[Europe/Athens] to 2018-03-12T00:00+02:00[Europe/Athens]
02-12 21:44:02.537   931  1864 D NetworkStats: Resolving plan for NetworkTemplate: matchRule=MOBILE_ALL, subscriberId=202010..., matchSubscriberIds=[202010...]
02-12 21:44:02.539   931  1864 D NetworkStats: Found active matching subId 1
02-12 21:44:02.545   931  1864 D NetworkStats: Resolved to plan null
02-12 21:44:02.566   931  1864 D RecurrenceRule: Resolving using anchor 2018-02-12T21:44:02.566+02:00[Europe/Athens]
02-12 21:44:02.570   931  1864 D RecurrenceRule: Resolving using anchor 2018-02-12T21:44:02.569+02:00[Europe/Athens]
02-12 21:44:02.573   931  1864 D RecurrenceRule: Cycle 13 from 2018-02-12T00:00+02:00[Europe/Athens] to 2018-03-12T00:00+02:00[Europe/Athens]
02-12 21:44:02.573   931  1864 D NetworkStats: Resolving plan for NetworkTemplate: matchRule=MOBILE_ALL, subscriberId=202010..., matchSubscriberIds=[202010...]
02-12 21:44:02.575   931  1864 D NetworkStats: Found active matching subId 1
02-12 21:44:02.580   931  1864 D NetworkStats: Resolved to plan null
02-12 21:44:02.736   512   812 D audio_hw_primary: out_standby: enter: stream (0xe6526000) usecase(1: low-latency-playback)
02-12 21:44:02.797   512   812 D audio_hw_primary: disable_audio_route: reset and update mixer path: low-latency-playback speaker
02-12 21:44:02.799   512   812 D hardware_info: hw_info_append_hw_type : device_name = speaker
02-12 21:44:02.799   512   812 D audio_hw_primary: disable_snd_device: snd_device(2: speaker)
02-12 21:44:02.823  7135  7135 I CAM_DisableCamRcver: number of camera: 2
02-12 21:44:02.824   931  4786 D PackageManager: Ephemeral installer not found with new action; try old one
02-12 21:44:02.824   931  4786 D PackageManager: Clear ephemeral installer activity
02-12 21:44:02.827  6093  6093 D CellBroadcastReceiver: onReceive Intent { act=android.intent.action.BOOT_COMPLETED flg=0x9000010 cmp=com.android.cellbroadcastreceiver/.CellBroadcastReceiver (has extras) }
02-12 21:44:02.827  6093  6093 D CellBroadcastReceiver: Start Cell Broadcast configuration.
02-12 21:44:02.829  6093  6093 D CellBroadcastReceiver: Default interval 0 did not change.
02-12 21:44:02.833  6093  7492 D CellBroadcastConfigService: Enable CellBroadcast on sub 1
02-12 21:44:02.839  5066  6207 D IccSmsInterfaceManager: [IccSmsInterfaceManager] Added cdma broadcast subscription for MID range 4096 to 4096 from client com.android.cellbroadcastreceiver
02-12 21:44:02.839  5066  6207 D IccSmsInterfaceManager: [IccSmsInterfaceManager] Calling setCdmaBroadcastActivation(true)
02-12 21:44:02.843   931   950 I ActivityManager: Start proc 7493:com.android.contacts/u0a20 for broadcast com.android.contacts/.interactions.OnBootOrUpgradeReceiver
02-12 21:44:02.847  5066  5607 D IccSmsInterfaceManager: [IccSmsInterfaceManager] Added cdma broadcast subscription for MID range 4097 to 4097 from client com.android.cellbroadcastreceiver
02-12 21:44:02.847  5066  5607 D IccSmsInterfaceManager: [IccSmsInterfaceManager] Calling setCdmaBroadcastActivation(true)
02-12 21:44:02.855  5066  5139 D IccSmsInterfaceManager: [IccSmsInterfaceManager] Added cdma broadcast subscription for MID range 4098 to 4098 from client com.android.cellbroadcastreceiver
02-12 21:44:02.855  5066  5139 D IccSmsInterfaceManager: [IccSmsInterfaceManager] Calling setCdmaBroadcastActivation(true)
02-12 21:44:02.865  5066  6207 D IccSmsInterfaceManager: [IccSmsInterfaceManager] Added cdma broadcast subscription for MID range 4099 to 4099 from client com.android.cellbroadcastreceiver
02-12 21:44:02.865  5066  6207 D IccSmsInterfaceManager: [IccSmsInterfaceManager] Calling setCdmaBroadcastActivation(true)
02-12 21:44:02.874  5066  5607 D IccSmsInterfaceManager: [IccSmsInterfaceManager] Failed to remove cdma broadcast subscription for MID range 4100 to 4100 from client com.android.cellbroadcastreceiver
02-12 21:44:02.877  5066  5139 D IccSmsInterfaceManager: [IccSmsInterfaceManager] Added GSM cell broadcast subscription for MID range 4352 to 4354 from client com.android.cellbroadcastreceiver
02-12 21:44:02.877  5066  5139 D IccSmsInterfaceManager: [IccSmsInterfaceManager] Calling setCellBroadcastActivation(true)
02-12 21:44:02.884  5066  6207 D IccSmsInterfaceManager: [IccSmsInterfaceManager] Added GSM cell broadcast subscription for MID range 4356 to 4356 from client com.android.cellbroadcastreceiver
02-12 21:44:02.884  5066  6207 D IccSmsInterfaceManager: [IccSmsInterfaceManager] Calling setCellBroadcastActivation(true)
02-12 21:44:02.893  5066  5607 D IccSmsInterfaceManager: [IccSmsInterfaceManager] Failed to remove GSM cell broadcast subscription for MID range 4355 to 4355 from client com.android.cellbroadcastreceiver
02-12 21:44:02.896  5066  5139 D IccSmsInterfaceManager: [IccSmsInterfaceManager] Added GSM cell broadcast subscription for MID range 4370 to 4370 from client com.android.cellbroadcastreceiver
02-12 21:44:02.896  5066  5139 D IccSmsInterfaceManager: [IccSmsInterfaceManager] Calling setCellBroadcastActivation(true)
02-12 21:44:02.902  5066  6207 D IccSmsInterfaceManager: [IccSmsInterfaceManager] Added GSM cell broadcast subscription for MID range 4371 to 4372 from client com.android.cellbroadcastreceiver
02-12 21:44:02.902  5066  6207 D IccSmsInterfaceManager: [IccSmsInterfaceManager] Calling setCellBroadcastActivation(true)
02-12 21:44:02.910  5066  5607 D IccSmsInterfaceManager: [IccSmsInterfaceManager] Added GSM cell broadcast subscription for MID range 4373 to 4378 from client com.android.cellbroadcastreceiver
02-12 21:44:02.910  5066  5607 D IccSmsInterfaceManager: [IccSmsInterfaceManager] Calling setCellBroadcastActivation(true)
02-12 21:44:02.916  5066  5139 D IccSmsInterfaceManager: [IccSmsInterfaceManager] Added GSM cell broadcast subscription for MID range 4379 to 4379 from client com.android.cellbroadcastreceiver
02-12 21:44:02.916  5066  5139 D IccSmsInterfaceManager: [IccSmsInterfaceManager] Calling setCellBroadcastActivation(true)
02-12 21:44:02.925  5066  6207 D IccSmsInterfaceManager: [IccSmsInterfaceManager] Failed to remove GSM cell broadcast subscription for MID range 4380 to 4382 from client com.android.cellbroadcastreceiver
02-12 21:44:02.927  5066  5607 D IccSmsInterfaceManager: [IccSmsInterfaceManager] Added GSM cell broadcast subscription for MID range 4383 to 4383 from client com.android.cellbroadcastreceiver
02-12 21:44:02.927  5066  5607 D IccSmsInterfaceManager: [IccSmsInterfaceManager] Calling setCellBroadcastActivation(true)
02-12 21:44:02.933   931  1284 W Binder  : Outgoing transactions from this process must be FLAG_ONEWAY
02-12 21:44:02.933   931  1284 W Binder  : java.lang.Throwable
02-12 21:44:02.933   931  1284 W Binder  : 	at android.os.BinderProxy.transact(Binder.java:752)
02-12 21:44:02.933   931  1284 W Binder  : 	at android.content.ContentProviderProxy.getType(ContentProviderNative.java:451)
02-12 21:44:02.933   931  1284 W Binder  : 	at com.android.server.am.ActivityManagerService.getProviderMimeType(ActivityManagerService.java:12259)
02-12 21:44:02.933   931  1284 W Binder  : 	at android.app.IActivityManager$Stub.onTransact(IActivityManager.java:1799)
02-12 21:44:02.933   931  1284 W Binder  : 	at com.android.server.am.ActivityManagerService.onTransact(ActivityManagerService.java:2922)
02-12 21:44:02.933   931  1284 W Binder  : 	at android.os.Binder.execTransact(Binder.java:697)
02-12 21:44:02.938  5066  5139 D IccSmsInterfaceManager: [IccSmsInterfaceManager] Added GSM cell broadcast subscription for MID range 4384 to 4385 from client com.android.cellbroadcastreceiver
02-12 21:44:02.938  5066  5139 D IccSmsInterfaceManager: [IccSmsInterfaceManager] Calling setCellBroadcastActivation(true)
02-12 21:44:02.942  6249  6249 I AlarmClock: AlarmInitReceiver android.intent.action.BOOT_COMPLETED
02-12 21:44:02.951  5066  6207 D IccSmsInterfaceManager: [IccSmsInterfaceManager] Added GSM cell broadcast subscription for MID range 4386 to 4391 from client com.android.cellbroadcastreceiver
02-12 21:44:02.952  5066  6207 D IccSmsInterfaceManager: [IccSmsInterfaceManager] Calling setCellBroadcastActivation(true)
02-12 21:44:02.960  6249  6296 I AlarmClock: Fixing alarm instances
02-12 21:44:02.961  5066  5607 D IccSmsInterfaceManager: [IccSmsInterfaceManager] Added GSM cell broadcast subscription for MID range 4392 to 4392 from client com.android.cellbroadcastreceiver
02-12 21:44:02.961  5066  5607 D IccSmsInterfaceManager: [IccSmsInterfaceManager] Calling setCellBroadcastActivation(true)
02-12 21:44:02.966  4229  5594 I CameraManagerGlobal: Connecting to camera service
02-12 21:44:02.971  5066  5139 D IccSmsInterfaceManager: [IccSmsInterfaceManager] Failed to remove GSM cell broadcast subscription for MID range 4393 to 4395 from client com.android.cellbroadcastreceiver
02-12 21:44:02.981  6279  6279 I Dialer  : VoicemailModule.provideVoicemailClient - providing VoicemailClientImpl
02-12 21:44:02.982  6279  6279 I Dialer  : VvmOmtpService - onBoot
02-12 21:44:03.014   931  6624 I ActivityManager: Start proc 7541:com.android.email/u0a64 for broadcast com.android.email/.service.EmailUpgradeBroadcastReceiver
02-12 21:44:03.119   931  6626 W ActivityManager: Unable to start service Intent { act=com.android.email.EXCHANGE_INTENT pkg=com.android.exchange } U=0: not found
02-12 21:44:03.126  7541  7557 D ActivityThread: Loading provider com.android.email.provider;com.android.email.notifier: com.android.email.provider.EmailProvider
02-12 21:44:03.127  7541  7558 D ActivityThread: Loading provider com.android.email.provider;com.android.email.notifier: com.android.email.provider.EmailProvider
02-12 21:44:03.128   931   953 W ActivityManager: Unable to start service Intent { act=com.android.email.EXCHANGE_INTENT pkg=com.android.exchange } U=0: not found
02-12 21:44:03.129   931  5665 W ActivityManager: Unable to start service Intent { act=com.android.email.EXCHANGE_INTENT pkg=com.android.exchange } U=0: not found
02-12 21:44:03.133  7541  7560 D ActivityThread: Loading provider com.android.email.provider;com.android.email.notifier: com.android.email.provider.EmailProvider
02-12 21:44:03.135   931  5665 W ActivityManager: Unable to start service Intent { act=com.android.email.EXCHANGE_INTENT pkg=com.android.exchange } U=0: not found
02-12 21:44:03.137  7541  7541 D ActivityThread: Loading provider com.android.email.provider;com.android.email.notifier: com.android.email.provider.EmailProvider
02-12 21:44:03.139   931   953 W ActivityManager: Unable to start service Intent { act=com.android.email.EXCHANGE_INTENT pkg=com.android.exchange } U=0: not found
02-12 21:44:03.264  6559  6713 V MediaScanner: pruneDeadThumbnailFiles... android.content.ContentProviderClient$CursorWrapperInner@daf36d3
02-12 21:44:03.266  6559  6713 V MediaScanner: /pruneDeadThumbnailFiles... android.content.ContentProviderClient$CursorWrapperInner@daf36d3
02-12 21:44:03.292   931   953 W ActivityManager: Unable to start service Intent { act=com.android.mail.action.BACKUP_DATA_CHANGED pkg=com.android.email } U=0: not found
02-12 21:44:03.294   931  4786 W ActivityManager: Unable to start service Intent { act=com.android.mail.action.BACKUP_DATA_CHANGED pkg=com.android.email } U=0: not found
02-12 21:44:03.295   931  6637 W ActivityManager: Unable to start service Intent { act=com.android.mail.action.BACKUP_DATA_CHANGED pkg=com.android.email } U=0: not found
02-12 21:44:03.297   931  1284 W ActivityManager: Unable to start service Intent { act=com.android.mail.action.BACKUP_DATA_CHANGED pkg=com.android.email } U=0: not found
02-12 21:44:03.299   931  5085 W ActivityManager: Unable to start service Intent { act=com.android.mail.action.BACKUP_DATA_CHANGED pkg=com.android.email } U=0: not found
02-12 21:44:03.300   931   953 W ActivityManager: Unable to start service Intent { act=com.android.mail.action.BACKUP_DATA_CHANGED pkg=com.android.email } U=0: not found
02-12 21:44:03.301   931  4786 W ActivityManager: Unable to start service Intent { act=com.android.mail.action.BACKUP_DATA_CHANGED pkg=com.android.email } U=0: not found
02-12 21:44:03.321   931  5085 D PackageManager: Ephemeral installer not found with new action; try old one
02-12 21:44:03.321   931  5085 D PackageManager: Clear ephemeral installer activity
02-12 21:44:03.321   931   950 W ActivityManager: Unable to start service Intent { act=com.android.email.EXCHANGE_INTENT pkg=com.android.exchange } U=0: not found
02-12 21:44:03.322   931   953 W ActivityManager: Unable to start service Intent { cmp=com.android.email/.service.AttachmentService } U=0: not found
02-12 21:44:03.323   931  5157 D PackageManager: Ephemeral installer not found with new action; try old one
02-12 21:44:03.323   931  5157 D PackageManager: Clear ephemeral installer activity
02-12 21:44:03.324   931  5085 D PackageManager: Ephemeral installer not found with new action; try old one
02-12 21:44:03.324   931  5085 D PackageManager: Clear ephemeral installer activity
02-12 21:44:03.325   931  6624 W ActivityManager: Unable to start service Intent { cmp=com.android.email/.service.AttachmentService } U=0: not found
02-12 21:44:03.325   931  4786 D PackageManager: Ephemeral installer not found with new action; try old one
02-12 21:44:03.325   931  4786 D PackageManager: Clear ephemeral installer activity
02-12 21:44:03.327  7541  7561 W zygote64: Long monitor contention with owner AsyncTask #2 (7558) at com.android.mail.preferences.MailPrefs com.android.mail.preferences.MailPrefs.get(android.content.Context)(MailPrefs.java:-1) waiters=0 in void com.android.email.provider.AccountReconciler.reconcileAccounts(android.content.Context) for 194ms
02-12 21:44:03.329  7541  7564 I Email   : Observing account changes for notifications
02-12 21:44:03.331   931  6626 W ActivityManager: Unable to start service Intent { cmp=com.android.email/.service.AttachmentService } U=0: not found
02-12 21:44:03.333   931  5157 W ActivityManager: Unable to start service Intent { cmp=com.android.email/.service.AttachmentService } U=0: not found
02-12 21:44:03.335   509   607 E ThermalEngine: [BMHB_GOV] read failed VS_TEMP
02-12 21:44:03.337   931   953 W ActivityManager: Unable to start service Intent { act=com.android.email.EXCHANGE_INTENT pkg=com.android.exchange } U=0: not found
02-12 21:44:03.338   931  5665 W ActivityManager: Unable to start service Intent { cmp=com.android.email/.service.AttachmentService } U=0: not found
02-12 21:44:03.342   931  4786 D PackageManager: Ephemeral installer not found with new action; try old one
02-12 21:44:03.343   931  4786 D PackageManager: Clear ephemeral installer activity
02-12 21:44:03.344   931  5085 D PackageManager: Ephemeral installer not found with new action; try old one
02-12 21:44:03.344   931  5085 D PackageManager: Clear ephemeral installer activity
02-12 21:44:03.357   931  6626 I ActivityManager: Start proc 7566:com.android.gallery3d/u0a26 for broadcast com.android.gallery3d/com.android.camera.DisableCameraReceiver
02-12 21:44:03.363   931   953 W ActivityManager: Unable to start service Intent { act=com.android.email.EXCHANGE_INTENT pkg=com.android.exchange } U=0: not found
02-12 21:44:03.365   931  6626 D PackageManager: Ephemeral installer not found with new action; try old one
02-12 21:44:03.365   931  6626 D PackageManager: Clear ephemeral installer activity
02-12 21:44:03.366  7541  7565 I Email   : Onetime initialization: 1
02-12 21:44:03.368   931  5665 D PackageManager: Ephemeral installer not found with new action; try old one
02-12 21:44:03.368   931  5665 D PackageManager: Clear ephemeral installer activity
02-12 21:44:03.369  7541  7565 I Email   : Onetime initialization: 2
02-12 21:44:03.372   931   950 W ActivityManager: Unable to start service Intent { act=com.android.email.EXCHANGE_INTENT pkg=com.android.exchange } U=0: not found
02-12 21:44:03.373  7541  7565 I Email   : Onetime initialization: completed.
02-12 21:44:03.374   931  5157 D PackageManager: Ephemeral installer not found with new action; try old one
02-12 21:44:03.374   931  5157 D PackageManager: Clear ephemeral installer activity
02-12 21:44:03.381   931   953 W ActivityManager: Unable to start service Intent { act=com.android.email.EXCHANGE_INTENT pkg=com.android.exchange } U=0: not found
02-12 21:44:03.388   931  1284 W ActivityManager: Unable to start service Intent { act=com.android.email.EXCHANGE_INTENT pkg=com.android.exchange } U=0: not found
02-12 21:44:03.390   931   950 W ActivityManager: Unable to start service Intent { act=com.android.email.EXCHANGE_INTENT pkg=com.android.exchange } U=0: not found
02-12 21:44:03.402  7541  7541 E ActivityThread: Service com.android.email.service.EmailBroadcastProcessorService has leaked ServiceConnection com.android.emailcommon.service.ServiceProxy$ProxyConnection@788be79 that was originally bound here
02-12 21:44:03.402  7541  7541 E ActivityThread: android.app.ServiceConnectionLeaked: Service com.android.email.service.EmailBroadcastProcessorService has leaked ServiceConnection com.android.emailcommon.service.ServiceProxy$ProxyConnection@788be79 that was originally bound here
02-12 21:44:03.402  7541  7541 E ActivityThread: 	at android.app.LoadedApk$ServiceDispatcher.<init>(LoadedApk.java:1532)
02-12 21:44:03.402  7541  7541 E ActivityThread: 	at android.app.LoadedApk.getServiceDispatcher(LoadedApk.java:1424)
02-12 21:44:03.402  7541  7541 E ActivityThread: 	at android.app.ContextImpl.bindServiceCommon(ContextImpl.java:1605)
02-12 21:44:03.402  7541  7541 E ActivityThread: 	at android.app.ContextImpl.bindService(ContextImpl.java:1557)
02-12 21:44:03.402  7541  7541 E ActivityThread: 	at android.content.ContextWrapper.bindService(ContextWrapper.java:684)
02-12 21:44:03.402  7541  7541 E ActivityThread: 	at com.android.emailcommon.service.ServiceProxy.setTask(ServiceProxy.java:181)
02-12 21:44:03.402  7541  7541 E ActivityThread: 	at com.android.emailcommon.service.ServiceProxy.test(ServiceProxy.java:224)
02-12 21:44:03.402  7541  7541 E ActivityThread: 	at com.android.email.service.EmailServiceUtils.isServiceAvailable(EmailServiceUtils.java:160)
02-12 21:44:03.402  7541  7541 E ActivityThread: 	at com.android.email.provider.AccountReconciler.reconcileAccountsInternal(AccountReconciler.java:171)
02-12 21:44:03.402  7541  7541 E ActivityThread: 	at com.android.email.provider.AccountReconciler.reconcileAccounts(AccountReconciler.java:115)
02-12 21:44:03.402  7541  7541 E ActivityThread: 	at com.android.email.service.EmailBroadcastProcessorService.reconcileAndStartServices(EmailBroadcastProcessorService.java:305)
02-12 21:44:03.402  7541  7541 E ActivityThread: 	at com.android.email.service.EmailBroadcastProcessorService.onBootCompleted(EmailBroadcastProcessorService.java:295)
02-12 21:44:03.402  7541  7541 E ActivityThread: 	at com.android.email.service.EmailBroadcastProcessorService.onHandleIntent(EmailBroadcastProcessorService.java:130)
02-12 21:44:03.402  7541  7541 E ActivityThread: 	at android.app.IntentService$ServiceHandler.handleMessage(IntentService.java:76)
02-12 21:44:03.402  7541  7541 E ActivityThread: 	at android.os.Handler.dispatchMessage(Handler.java:106)
02-12 21:44:03.402  7541  7541 E ActivityThread: 	at android.os.Looper.loop(Looper.java:164)
02-12 21:44:03.402  7541  7541 E ActivityThread: 	at android.os.HandlerThread.run(HandlerThread.java:65)
02-12 21:44:03.403   931  5157 W ActivityManager: Unbind failed: could not find connection for android.os.BinderProxy@cb3ded
02-12 21:44:03.405  7566  7566 W zygote64: ClassLoaderContext classpath size mismatch for position 0. expected=1, found=0 (PCL[/system/framework/com.google.android.media.effects.jar*1747647973] | PCL[])
02-12 21:44:03.449  7566  7566 I G:DisableCameraReceiver: back camera found: 0
02-12 21:44:03.450   931  6624 D PackageManager: Ephemeral installer not found with new action; try old one
02-12 21:44:03.450   931  6624 D PackageManager: Clear ephemeral installer activity
02-12 21:44:03.454  4184  4184 I SystemBroadcastReceiver: Boot has been completed
02-12 21:44:03.454  4184  4184 I SystemBroadcastReceiver: toggleAppIcon() : FLAG_SYSTEM = true
02-12 21:44:03.456   931   953 D PackageManager: Ephemeral installer not found with new action; try old one
02-12 21:44:03.457   931   953 D PackageManager: Clear ephemeral installer activity
02-12 21:44:03.482   931   950 I ActivityManager: Start proc 7582:com.android.messaging/u0a81 for broadcast com.android.messaging/.receiver.BootAndPackageReplacedReceiver
02-12 21:44:03.580   931  5157 D PackageManager: Ephemeral installer not found with new action; try old one
02-12 21:44:03.580   931  5157 D PackageManager: Clear ephemeral installer activity
02-12 21:44:03.581   931  1284 D PackageManager: Ephemeral installer not found with new action; try old one
02-12 21:44:03.581   931  1284 D PackageManager: Clear ephemeral installer activity
02-12 21:44:03.582   931  4786 D PackageManager: Ephemeral installer not found with new action; try old one
02-12 21:44:03.582   931  4786 D PackageManager: Clear ephemeral installer activity
02-12 21:44:03.583   931  5085 D PackageManager: Ephemeral installer not found with new action; try old one
02-12 21:44:03.583   931  5085 D PackageManager: Clear ephemeral installer activity
02-12 21:44:03.585   931  5665 D PackageManager: Ephemeral installer not found with new action; try old one
02-12 21:44:03.585   931  5665 D PackageManager: Clear ephemeral installer activity
02-12 21:44:03.607  7582  7612 I MessagingApp: Upgrading shared prefs from -1 to 1
02-12 21:44:03.630  7582  7582 I MessagingApp: Carrier config changed. Reloading MMS config.
02-12 21:44:03.634  7582  7612 W MessagingApp: canonicalizeMccMnc: invalid mccmnc:null ,null
02-12 21:44:03.639   931  4786 D MmsServiceBroker: getCarrierConfigValues() by com.android.messaging
02-12 21:44:03.639   931  4786 W MmsServiceBroker: MmsService not connected. Try connecting...
02-12 21:44:03.639   931   931 I MmsServiceBroker: Connecting to MmsService
02-12 21:44:03.640   931   931 W ContextImpl: Calling a method in the system process without a qualified user: android.app.ContextImpl.bindService:1556 com.android.server.MmsServiceBroker.tryConnecting:241 com.android.server.MmsServiceBroker.-wrap3:0 com.android.server.MmsServiceBroker$1.handleMessage:83 android.os.Handler.dispatchMessage:106 
02-12 21:44:03.641   931  5157 I ActivityManager: Start proc 7618:com.android.onetimeinitializer/u0a87 for broadcast com.android.onetimeinitializer/.OneTimeInitializerReceiver
02-12 21:44:03.666  5066  5066 D MmsService: onCreate
02-12 21:44:03.671   931   931 I MmsServiceBroker: MmsService connected
02-12 21:44:03.671  5066  5066 I MmsService: MmsConfigManager receiver action: android.intent.action.SIM_STATE_CHANGED
02-12 21:44:03.672  5066  5139 D MmsService: getCarrierConfigValues
02-12 21:44:03.672  5066  5066 I MmsService: MmsConfigManager receiver action: android.telephony.action.CARRIER_CONFIG_CHANGED
02-12 21:44:03.672  5066  5139 I MmsService: mms config for sub 1: null
02-12 21:44:03.673  5066  7634 I MmsService: MmsConfigManager loads in background mcc/mnc: 202/1
02-12 21:44:03.673  5066  7633 I MmsService: MmsConfigManager loads in background mcc/mnc: 202/1
02-12 21:44:03.674  5066  7635 I MmsService: MmsConfigManager loads in background mcc/mnc: 202/1
02-12 21:44:03.678  7582  7612 I MessagingApp: Carrier configs loaded: Bundle[{smsToMmsTextThreshold=-1, maxMessageTextSize=-1, recipientLimit=-1, maxImageHeight=480, maxMessageSize=307200, maxImageWidth=640, enabledMMS=true, enableMultipartSMS=true}] from resources+system for subId=1
02-12 21:44:03.681  7582  7613 W MessagingApp: Rebuilt databases: reseting related state
02-12 21:44:03.688  7582  7614 W MessagingApp: canonicalizeMccMnc: invalid mccmnc:null ,null
02-12 21:44:03.690   931  5085 D MmsServiceBroker: getCarrierConfigValues() by com.android.messaging
02-12 21:44:03.690  5066  5139 D MmsService: getCarrierConfigValues
02-12 21:44:03.691  5066  5139 I MmsService: mms config for sub 1: Bundle[{httpSocketTimeout=60000, aliasMinChars=2, smsToMmsTextThreshold=-1, enableSMSDeliveryReports=true, maxMessageTextSize=-1, supportMmsContentDisposition=true, enabledTransID=false, aliasEnabled=false, supportHttpCharsetHeader=false, allowAttachAudio=true, smsToMmsTextLengthThreshold=-1, recipientLimit=2147483647, uaProfTagName=x-wap-profile, aliasMaxChars=48, maxImageHeight=480, enableMMSDeliveryReports=false, userAgent=, mmsCloseConnection=false, config_cellBroadcastAppLinks=true, maxSubjectLength=40, httpParams=, enableGroupMms=true, emailGatewayNumber=, maxMessageSize=307200, naiSuffix=, enableMMSReadReports=false, maxImageWidth=640, uaProfUrl=, enabledMMS=true, enabledNotifyWapMMSC=false, sendMultipartSmsAsSeparateMessages=false, enableMultipartSMS=true}]
02-12 21:44:03.692  7582  7614 I MessagingApp: Carrier configs loaded: Bundle[{httpSocketTimeout=60000, aliasMinChars=2, smsToMmsTextThreshold=-1, enableSMSDeliveryReports=true, maxMessageTextSize=-1, supportMmsContentDisposition=true, enabledTransID=false, aliasEnabled=false, supportHttpCharsetHeader=false, allowAttachAudio=true, smsToMmsTextLengthThreshold=-1, recipientLimit=2147483647, uaProfTagName=x-wap-profile, aliasMaxChars=48, maxImageHeight=480, enableMMSDeliveryReports=false, userAgent=, mmsCloseConnection=false, config_cellBroadcastAppLinks=true, maxSubjectLength=40, httpParams=, enableGroupMms=true, emailGatewayNumber=, maxMessageSize=307200, naiSuffix=, enableMMSReadReports=false, maxImageWidth=640, uaProfUrl=, enabledMMS=true, enabledNotifyWapMMSC=false, sendMultipartSmsAsSeparateMessages=false, enableMultipartSMS=true}] from resources+system for subId=1
02-12 21:44:03.695  7618  7618 V OneTimeInitializerReceiver: OneTimeInitializerReceiver.onReceive
02-12 21:44:03.696  7582  7613 I MessagingAppDataModel: Fixup: Send failed - 0 Download failed - 0
02-12 21:44:03.701  7618  7637 I OneTimeInitializer: Updating to version 1.
02-12 21:44:03.702  7582  7616 W MessagingApp: canonicalizeMccMnc: invalid mccmnc:null ,null
02-12 21:44:03.704   931  5665 D MmsServiceBroker: getCarrierConfigValues() by com.android.messaging
02-12 21:44:03.704  5066  6207 D MmsService: getCarrierConfigValues
02-12 21:44:03.704  5066  6207 I MmsService: mms config for sub 1: Bundle[{httpSocketTimeout=60000, aliasMinChars=2, smsToMmsTextThreshold=-1, enableSMSDeliveryReports=true, maxMessageTextSize=-1, supportMmsContentDisposition=true, enabledTransID=false, aliasEnabled=false, supportHttpCharsetHeader=false, allowAttachAudio=true, smsToMmsTextLengthThreshold=-1, recipientLimit=2147483647, uaProfTagName=x-wap-profile, aliasMaxChars=48, maxImageHeight=480, enableMMSDeliveryReports=false, userAgent=, mmsCloseConnection=false, config_cellBroadcastAppLinks=true, maxSubjectLength=40, httpParams=, enableGroupMms=true, emailGatewayNumber=, maxMessageSize=307200, naiSuffix=, enableMMSReadReports=false, maxImageWidth=640, uaProfUrl=, enabledMMS=true, enabledNotifyWapMMSC=false, sendMultipartSmsAsSeparateMessages=false, enableMultipartSMS=true}]
02-12 21:44:03.705  7582  7616 I MessagingApp: Carrier configs loaded: Bundle[{httpSocketTimeout=60000, aliasMinChars=2, smsToMmsTextThreshold=-1, enableSMSDeliveryReports=true, maxMessageTextSize=-1, supportMmsContentDisposition=true, enabledTransID=false, aliasEnabled=false, supportHttpCharsetHeader=false, allowAttachAudio=true, smsToMmsTextLengthThreshold=-1, recipientLimit=2147483647, uaProfTagName=x-wap-profile, aliasMaxChars=48, maxImageHeight=480, enableMMSDeliveryReports=false, userAgent=, mmsCloseConnection=false, config_cellBroadcastAppLinks=true, maxSubjectLength=40, httpParams=, enableGroupMms=true, emailGatewayNumber=, maxMessageSize=307200, naiSuffix=, enableMMSReadReports=false, maxImageWidth=640, uaProfUrl=, enabledMMS=true, enabledNotifyWapMMSC=false, sendMultipartSmsAsSeparateMessages=false, enableMultipartSMS=true}] from resources+system for subId=1
02-12 21:44:03.707   931  4786 D WificondControl: Scan result ready event
02-12 21:44:03.716   931  1916 W WifiConfigManager: Looking up network with invalid networkId -1
02-12 21:44:03.723   931   950 I ActivityManager: Start proc 7639:com.android.packageinstaller/u0a32 for broadcast com.android.packageinstaller/.TemporaryFileManager
02-12 21:44:03.729  7582  7613 I MessagingAppDataModel: ProcessPendingMessagesAction: Scheduling pending messages(message failed)
02-12 21:44:03.756  7582  7654 I MessagingAppDataModel: SyncMessagesAction: Starting batch for messages from -1 to 1518464643598 (message update limit = 80, message scan limit = 4000)
02-12 21:44:03.811  5066  5066 I VvmSimStateTracker: android.intent.action.BOOT_COMPLETED
02-12 21:44:03.816  5066  5066 I VvmSimStateTracker: Service connected on ComponentInfo{com.android.phone/com.android.services.telephony.TelephonyConnectionService}, [5d76fdb08b9af24aa18299fef4e0e805dac3ee08], UserHandle{0}
02-12 21:44:03.830  5066  5066 I RemoteVvmTaskManager: Binding to ComponentInfo{com.android.dialer/com.android.voicemail.impl.OmtpService}
02-12 21:44:03.843  6279  6279 I Dialer  : VvmOmtpService - onCellServiceConnected
