01-07 08:38:59.882     0     0 F         : [    4.388367 / 01-07 08:38:59.875][1] drv probe : 4326 tomtom-slim 58
01-07 08:38:59.887     0     0 I         : [    4.394749 / 01-07 08:38:59.879][1] msm8994-asoc-snd fe034000.sound: msm8994_asoc_machine_probe: hdmi audio support present
01-07 08:38:59.893     0     0 I         : [    4.398125 / 01-07 08:38:59.883][1] tomtom codec probe...
01-07 08:38:59.893     0     0 I         : [    4.398150 / 01-07 08:38:59.883][1] tomtom_codec tomtom_codec: tomtom_codec_probe()
01-07 08:38:59.894   421   421 D AndroidRuntime: >>>>>> START com.android.internal.os.ZygoteInit uid 0 <<<<<<
01-07 08:38:59.894   421   421 I boot_progress_start: 4398
01-07 08:38:59.896     0     0 E [    4.401518 / 01-07 08:38:59.887][1] init: Could not start service 'rmt_storage' as part of class 'core': File /system/vendor/bin/rmt_storage(labeled "u:object_r:vendor_file:s0") has incorrect label or no domain transition from u:r:init:s0 to another SELinux domain defined. Have you configured your service correctly? https://source.android.com/security/selinux/device-policy#label_new_services_and_address_denials
01-07 08:38:59.896     0     0 E [    4.401689 / 01-07 08:38:59.887][1] init: Could not start service 'rfs_access' as part of class 'core': File /system/vendor/bin/rfs_access(labeled "u:object_r:vendor_file:s0") has incorrect label or no domain transition from u:r:init:s0 to another SELinux domain defined. Have you configured your service correctly? https://source.android.com/security/selinux/device-policy#label_new_services_and_address_denials
01-07 08:38:59.896     0     0 E [    4.401834 / 01-07 08:38:59.887][1] init: Could not start service 'config_bt_addr' as part of class 'core': File /system/vendor/bin/btnvtool(labeled "u:object_r:vendor_file:s0") has incorrect label or no domain transition from u:r:init:s0 to another SELinux domain defined. Have you configured your service correctly? https://source.android.com/security/selinux/device-policy#label_new_services_and_address_denials
01-07 08:38:59.896     0     0 E [    4.401992 / 01-07 08:38:59.887][1] init: Could not start service 'qseecomd' as part of class 'core': File /system/vendor/bin/qseecomd(labeled "u:object_r:vendor_file:s0") has incorrect label or no domain transition from u:r:init:s0 to another SELinux domain defined. Have you configured your service correctly? https://source.android.com/security/selinux/device-policy#label_new_services_and_address_denials
01-07 08:38:59.896     0     0 E [    4.402110 / 01-07 08:38:59.887][1] init: Could not start service 'per_mgr' as part of class 'core': File /system/vendor/bin/pm-service(labeled "u:object_r:vendor_file:s0") has incorrect label or no domain transition from u:r:init:s0 to another SELinux domain defined. Have you configured your service correctly? https://source.android.com/security/selinux/device-policy#label_new_services_and_address_denials
01-07 08:38:59.896     0     0 E [    4.402264 / 01-07 08:38:59.887][1] init: Could not start service 'hwaddrs' as part of class 'core': File /system/bin/hwaddrs(labeled "u:object_r:system_file:s0") has incorrect label or no domain transition from u:r:init:s0 to another SELinux domain defined. Have you configured your service correctly? https://source.android.com/security/selinux/device-policy#label_new_services_and_address_denials
01-07 08:38:59.907   465   465 E cutils-trace: Error opening trace file: Permission denied (13)
01-07 08:38:59.914   459   459 I health@2.0/: health@2.0/backup: Hal starting main loop...
01-07 08:38:59.914   459   459 I health@2.0/: health@2.0/backup Hal is starting up...
01-07 08:38:59.915   462   462 E cutils-trace: Error opening trace file: Permission denied (13)
01-07 08:38:59.915   464   464 E cutils-trace: Error opening trace file: Permission denied (13)
01-07 08:38:59.916     0     0 W         : [    4.420039 / 01-07 08:38:59.907][2] [RGB LED] Play pattern 0, (PATTERN_SCENARIO_DEFAULT_OFF)
01-07 08:38:59.916     0     0 I [    4.422961 / 01-07 08:38:59.907][2] init: processing action (boot) from (init.qcom.usb.rc:32)
01-07 08:38:59.918   463   463 E cutils-trace: Error opening trace file: Permission denied (13)
01-07 08:38:59.924     0     0 I [    4.429369 / 01-07 08:38:59.915][2] init: processing action (boot) from (init.qcom.power.rc:1)
01-07 08:38:59.924     0     0 I [    4.431804 / 01-07 08:38:59.915][2] init: Command 'write /dev/cpuset/foreground/cpus 0-5' action=boot (init.qcom.power.rc:3) took 2ms and failed: Unable to write to file '/dev/cpuset/foreground/cpus': Unable to write file contents: Invalid argument
01-07 08:38:59.928   467   467 I ServiceManagement: Removing namespace from process name android.hardware.usb@1.0-service to usb@1.0-service.
01-07 08:38:59.928   466   466 E cutils-trace: Error opening trace file: Permission denied (13)
01-07 08:38:59.929   467   467 E cutils-trace: Error opening trace file: Permission denied (13)
01-07 08:38:59.932     0     0 I [    4.437702 / 01-07 08:38:59.923][2] init: Command 'write /dev/cpuset/background/cpus 0-5' action=boot (init.qcom.power.rc:4) took 5ms and failed: Unable to write to file '/dev/cpuset/background/cpus': Unable to write file contents: Invalid argument
01-07 08:38:59.942   460   460 D android.hardware.cas@1.0-service: android.hardware.cas@1.0-service starting...
01-07 08:38:59.942   460   460 I ServiceManagement: Removing namespace from process name android.hardware.cas@1.0-service to cas@1.0-service.
01-07 08:38:59.943   460   460 E cutils-trace: Error opening trace file: Permission denied (13)
01-07 08:38:59.943     0     0 I [    4.438361 / 01-07 08:38:59.923][2] init: Command 'write /dev/cpuset/system-background/cpus 0-5' action=boot (init.qcom.power.rc:5) took 0ms and failed: Unable to write to file '/dev/cpuset/system-background/cpus': Unable to write file contents: Invalid argument
01-07 08:38:59.943     0     0 I [    4.438964 / 01-07 08:38:59.923][2] init: Command 'write /dev/cpuset/top-app/cpus 0-5' action=boot (init.qcom.power.rc:6) took 0ms and failed: Unable to write to file '/dev/cpuset/top-app/cpus': Unable to write file contents: Invalid argument
01-07 08:38:59.943     0     0 I [    4.439806 / 01-07 08:38:59.923][3] ueventd: firmware: loading 'cpe.mdt' for '/devices/soc.0/fe12f000.slim/tomtom-slim-pgd/tomtom_codec/firmware/cpe.mdt'
01-07 08:38:59.943     0     0 I [    4.441343 / 01-07 08:38:59.927][2] init: Command 'write /dev/cpuset/camera-daemon/cpus 0-5' action=boot (init.qcom.power.rc:11) took 1ms and failed: Unable to write to file '/dev/cpuset/camera-daemon/cpus': Unable to write file contents: Invalid argument
01-07 08:38:59.943     0     0 I [    4.442254 / 01-07 08:38:59.927][2] init: processing action (boot) from (/system/etc/init/bootstat.rc:61)
01-07 08:38:59.943     0     0 I [    4.442374 / 01-07 08:38:59.927][2] init: processing action (boot) from (/system/etc/init/dumpstate.rc:1)
01-07 08:38:59.943     0     0 I [    4.442574 / 01-07 08:38:59.927][2] init: processing action (enable_property_trigger) from (<Builtin Action>:0)
01-07 08:38:59.944     0     0 I [    4.442876 / 01-07 08:38:59.927][2] init: processing action (security.perf_harden=1) from (/init.rc:735)
01-07 08:38:59.944     0     0 I [    4.443358 / 01-07 08:38:59.927][2] init: processing action (ro.debuggable=1) from (/init.rc:759)
01-07 08:38:59.944     0     0 I [    4.443998 / 01-07 08:38:59.931][2] init: starting service 'console'...
01-07 08:38:59.944     0     0 I [    4.445065 / 01-07 08:38:59.931][2] init: processing action (sys.usb.config=adb && sys.usb.configfs=0) from (/init.usb.rc:34)
01-07 08:38:59.944     0     0 I         : [    4.445538 / 01-07 08:38:59.931][2] android_usb android0: gadget enable(0)
01-07 08:38:59.944     0     0 E [    4.445557 / 01-07 08:38:59.931][2] enable_store: android_usb: already disabled
01-07 08:38:59.944     0     0 I         : [    4.446351 / 01-07 08:38:59.931][2] android_usb android0: LGE-USB request function list: adb
01-07 08:38:59.944     0     0 I         : [    4.446551 / 01-07 08:38:59.931][2] android_usb android0: gadget enable(1)
01-07 08:38:59.944     0     0 I [    4.446823 / 01-07 08:38:59.931][2] init: starting service 'adbd'...
01-07 08:38:59.944     0     0 I [    4.448029 / 01-07 08:38:59.935][2] init: processing action (init.svc.surfaceflinger=running) from (/init.qcom.rc:748)
01-07 08:38:59.944     0     0 I [    4.448172 / 01-07 08:38:59.935][2] init: starting service 'ppd'...
01-07 08:38:59.944     0     0 E [    4.448187 / 01-07 08:38:59.935][0] init: setpgid failed for console: Operation not permitted
01-07 08:38:59.944     0     0 I [    4.449242 / 01-07 08:38:59.935][2] init: processing action (ro.data.large_tcp_window_size=true) from (/init.qcom.rc:881)
01-07 08:38:59.944     0     0 I [    4.449875 / 01-07 08:38:59.935][2] init: processing action (ro.data.large_tcp_window_size=true) from (/init.qcom.rc:957)
01-07 08:38:59.944     0     0 I [    4.450274 / 01-07 08:38:59.935][2] init: processing action (nonencrypted) from (/init.rc:680)
01-07 08:38:59.944     0     0 I [    4.450820 / 01-07 08:38:59.935][2] init: starting service 'keystore'...
01-07 08:38:59.944     0     0 E [    4.452295 / 01-07 08:38:59.939][2] init: Could not start service 'imsqmidaemon' as part of class 'main': File /system/vendor/bin/imsqmidaemon(labeled "u:object_r:vendor_file:s0") has incorrect label or no domain transition from u:r:init:s0 to another SELinux domain defined. Have you configured your service correctly? https://source.android.com/security/selinux/device-policy#label_new_services_and_address_denials
01-07 08:38:59.944     0     0 E [    4.452550 / 01-07 08:38:59.939][2] init: Could not start service 'imscmservice' as part of class 'main': File /system/vendor/bin/imscmservice(labeled "u:object_r:vendor_file:s0") has incorrect label or no domain transition from u:r:init:s0 to another SELinux domain defined. Have you configured your service correctly? https://source.android.com/security/selinux/device-policy#label_new_services_and_address_denials
01-07 08:38:59.956     0     0 E [    4.452736 / 01-07 08:38:59.939][2] init: Could not start service 'irsc_util' as part of class 'main': File /system/vendor/bin/irsc_util(labeled "u:object_r:vendor_file:s0") has incorrect label or no domain transition from u:r:init:s0 to another SELinux domain defined. Have you configured your service correctly? https://source.android.com/security/selinux/device-policy#label_new_services_and_address_denials
01-07 08:38:59.956     0     0 E [    4.452964 / 01-07 08:38:59.939][2] init: Could not start service 'qcom-c_main-sh' as part of class 'main': File /system/bin/init.class_main.sh(labeled "u:object_r:system_file:s0") has incorrect label or no domain transition from u:r:init:s0 to another SELinux domain defined. Have you configured your service correctly? https://source.android.com/security/selinux/device-policy#label_new_services_and_address_denials
01-07 08:38:59.956     0     0 E [    4.453205 / 01-07 08:38:59.939][2] init: Could not start service 'thermal-engine' as part of class 'main': File /system/vendor/bin/thermal-engine(labeled "u:object_r:vendor_file:s0") has incorrect label or no domain transition from u:r:init:s0 to another SELinux domain defined. Have you configured your service correctly? https://source.android.com/security/selinux/device-policy#label_new_services_and_address_denials
01-07 08:38:59.956     0     0 E [    4.453381 / 01-07 08:38:59.939][2] init: Could not start service 'adsprpcd' as part of class 'main': File /system/vendor/bin/adsprpcd(labeled "u:object_r:vendor_file:s0") has incorrect label or no domain transition from u:r:init:s0 to another SELinux domain defined. Have you configured your service correctly? https://source.android.com/security/selinux/device-policy#label_new_services_and_address_denials
01-07 08:38:59.956     0     0 E [    4.453406 / 01-07 08:38:59.939][3] init: setsockcreatecon("u:r:camera:s0") failed: Invalid argument
01-07 08:38:59.956     0     0 E [    4.453553 / 01-07 08:38:59.939][2] init: Could not start service 'energy-awareness' as part of class 'main': File /system/vendor/bin/energy-awareness(labeled "u:object_r:vendor_file:s0") has incorrect label or no domain transition from u:r:init:s0 to another SELinux domain defined. Have you configured your service correctly? https://source.android.com/security/selinux/device-policy#label_new_services_and_address_denials
01-07 08:38:59.956     0     0 F [    4.453585 / 01-07 08:38:59.939][3] init: cannot setexeccon('u:r:camera:s0') for ppd: Invalid argument
01-07 08:38:59.956     0     0 E [    4.453624 / 01-07 08:38:59.939][2] init: Could not start service 'imswmsproxy' as part of class 'main': Cannot find '/system/bin/imswmsproxy': No such file or directory
01-07 08:38:59.956     0     0 I [    4.454000 / 01-07 08:38:59.939][2] init: starting service 'cameraserver'...
01-07 08:38:59.956     0     0 W         : [    4.454081 / 01-07 08:38:59.939][1] msm-pcm-routing qcom,msm-pcm-routing.39: ASoC: no dapm match for VOICE2_STUB_DL --> Voice2 Stub --> INTERNAL_BT_SCO_RX_Voice Mixer
01-07 08:38:59.956     0     0 E         : [    4.454095 / 01-07 08:38:59.939][1] msm-pcm-routing qcom,msm-pcm-routing.39: ASoC: Failed to add route VOICE2_STUB_DL -> Voice2 Stub -> INTERNAL_BT_SCO_RX_Voice Mixer
01-07 08:38:59.956     0     0 E         : [    4.454434 / 01-07 08:38:59.939][1] msm-pcm-routing qcom,msm-pcm-routing.39: ASoC: no source widget found for SLIM_0_TX
01-07 08:38:59.956     0     0 E         : [    4.454446 / 01-07 08:38:59.939][1] msm-pcm-routing qcom,msm-pcm-routing.39: ASoC: Failed to add route SLIM_0_TX -> SLIM_0_TX -> QUAT_MI2S_RX Port Mixer
01-07 08:38:59.956     0     0 I [    4.455331 / 01-07 08:38:59.939][2] init: Created socket '/dev/socket/adbd', mode 660, user 1000, group 1000
01-07 08:38:59.956     0     0 I [    4.456263 / 01-07 08:38:59.943][3] init: starting service 'drm'...
01-07 08:38:59.956     0     0 E [    4.457153 / 01-07 08:38:59.943][2] init: couldn't write 487 to /dev/cpuset/camera-daemon/tasks: No space left on device
01-07 08:38:59.956     0     0 I [    4.457645 / 01-07 08:38:59.943][3] init: starting service 'incidentd'...
01-07 08:38:59.956     0     0 I [    4.459122 / 01-07 08:38:59.943][3] init: starting service 'installd'...
01-07 08:38:59.956     0     0 I [    4.460564 / 01-07 08:38:59.947][3] init: starting service 'mediadrm'...
01-07 08:38:59.956     0     0 I [    4.462057 / 01-07 08:38:59.947][3] init: starting service 'mediaextractor'...
01-07 08:38:59.956     0     0 I [    4.463559 / 01-07 08:38:59.947][3] init: starting service 'mediametrics'...
01-07 08:38:59.959     0     0 I [    4.465131 / 01-07 08:38:59.951][3] init: starting service 'media'...
01-07 08:38:59.960     0     0 I [    4.466602 / 01-07 08:38:59.951][3] init: starting service 'statsd'...
01-07 08:38:59.965     0     0 I [    4.468223 / 01-07 08:38:59.955][3] init: starting service 'storaged'...
01-07 08:38:59.965     0     0 I [    4.468701 / 01-07 08:38:59.955][0] init: Created socket '/dev/socket/statsdw', mode 222, user 1066, group 1066
01-07 08:38:59.965     0     0 I [    4.469333 / 01-07 08:38:59.955][2] init: Opened file '/d/mmc0/mmc0:0001/ext_csd', flags 0
01-07 08:38:59.965     0     0 I [    4.469650 / 01-07 08:38:59.955][3] init: starting service 'wificond'...
01-07 08:38:59.965     0     0 I [    4.471174 / 01-07 08:38:59.955][3] init: starting service 'vendor.media.omx'...
01-07 08:38:59.965     0     0 I [    4.472643 / 01-07 08:38:59.959][3] init: Service 'ppd' (pid 484) exited with status 6
01-07 08:38:59.965     0     0 I [    4.472695 / 01-07 08:38:59.959][3] init: Sending signal 9 to service 'ppd' (pid 484) process group...
01-07 08:38:59.965     0     0 I [    4.472823 / 01-07 08:38:59.959][3] libprocessgroup: Successfully killed process cgroup uid 1000 pid 484 in 0ms
01-07 08:38:59.967     0     0 E [    4.473386 / 01-07 08:38:59.959][3] init: Could not start service 'cnd' as part of class 'late_start': Cannot find '/system/bin/cnd': No such file or directory
01-07 08:38:59.968     0     0 I [    4.473429 / 01-07 08:38:59.959][3] init: starting service 'ppd'...
01-07 08:38:59.968     0     0 E [    4.474525 / 01-07 08:38:59.959][0] init: setsockcreatecon("u:r:camera:s0") failed: Invalid argument
01-07 08:38:59.968     0     0 E [    4.474651 / 01-07 08:38:59.959][3] init: Could not start service 'bdaddr_loader' as part of class 'late_start': File /system/vendor/bin/bdaddr_loader(labeled "u:object_r:vendor_file:s0") has incorrect label or no domain transition from u:r:init:s0 to another SELinux domain defined. Have you configured your service correctly? https://source.android.com/security/selinux/device-policy#label_new_services_and_address_denials
01-07 08:38:59.968     0     0 F [    4.474730 / 01-07 08:38:59.959][0] init: cannot setexeccon('u:r:camera:s0') for ppd: Invalid argument
01-07 08:38:59.968     0     0 E [    4.474904 / 01-07 08:38:59.959][3] init: Could not start service 'qcamerasvr' as part of class 'late_start': File /system/vendor/bin/mm-qcamera-daemon(labeled "u:object_r:vendor_file:s0") has incorrect label or no domain transition from u:r:init:s0 to another SELinux domain defined. Have you configured your service correctly? https://source.android.com/security/selinux/device-policy#label_new_services_and_address_denials
01-07 08:38:59.968     0     0 E [    4.475098 / 01-07 08:38:59.959][3] init: Could not start service 'time_daemon' as part of class 'late_start': File /system/vendor/bin/time_daemon(labeled "u:object_r:vendor_file:s0") has incorrect label or no domain transition from u:r:init:s0 to another SELinux domain defined. Have you configured your service correctly? https://source.android.com/security/selinux/device-policy#label_new_services_and_address_denials
01-07 08:38:59.968     0     0 I [    4.475565 / 01-07 08:38:59.959][3] init: starting service 'gatekeeperd'...
01-07 08:38:59.972     0     0 I [    4.477108 / 01-07 08:38:59.963][3] init: starting service 'perfprofd'...
01-07 08:38:59.972     0     0 I [    4.478581 / 01-07 08:38:59.963][3] init: starting service 'tombstoned'...
01-07 08:38:59.972     0     0 I [    4.480253 / 01-07 08:38:59.967][3] init: starting service 'usbd'...
01-07 08:38:59.976     0     0 E         : [    4.480575 / 01-07 08:38:59.967][1] msm-pcm-routing qcom,msm-pcm-routing.39: ASoC: mux SLIM_0_RX AANC MUX has no paths
01-07 08:38:59.976     0     0 I [    4.481368 / 01-07 08:38:59.967][3] init: Service 'ppd' (pid 499) exited with status 6
01-07 08:38:59.976     0     0 I [    4.481372 / 01-07 08:38:59.967][0] init: Created socket '/dev/socket/tombstoned_crash', mode 666, user 1000, group 1000
01-07 08:38:59.976     0     0 I [    4.481423 / 01-07 08:38:59.967][3] init: Sending signal 9 to service 'ppd' (pid 499) process group...
01-07 08:38:59.976     0     0 I [    4.481527 / 01-07 08:38:59.967][3] libprocessgroup: Successfully killed process cgroup uid 1000 pid 499 in 0ms
01-07 08:38:59.976     0     0 I [    4.482034 / 01-07 08:38:59.967][3] init: processing action (nonencrypted) from (/init.rc:680)
01-07 08:38:59.976     0     0 I [    4.482303 / 01-07 08:38:59.967][0] init: Created socket '/dev/socket/tombstoned_intercept', mode 666, user 1000, group 1000
01-07 08:38:59.976     0     0 E [    4.482399 / 01-07 08:38:59.967][3] init: Could not start service 'imsqmidaemon' as part of class 'main': File /system/vendor/bin/imsqmidaemon(labeled "u:object_r:vendor_file:s0") has incorrect label or no domain transition from u:r:init:s0 to another SELinux domain defined. Have you configured your service correctly? https://source.android.com/security/selinux/device-policy#label_new_services_and_address_denials
01-07 08:38:59.976     0     0 E [    4.482544 / 01-07 08:38:59.967][3] init: Could not start service 'imscmservice' as part of class 'main': File /system/vendor/bin/imscmservice(labeled "u:object_r:vendor_file:s0") has incorrect label or no domain transition from u:r:init:s0 to another SELinux domain defined. Have you configured your service correctly? https://source.android.com/security/selinux/device-policy#label_new_services_and_address_denials
01-07 08:38:59.976     0     0 E [    4.482670 / 01-07 08:38:59.967][3] init: Could not start service 'irsc_util' as part of class 'main': File /system/vendor/bin/irsc_util(labeled "u:object_r:vendor_file:s0") has incorrect label or no domain transition from u:r:init:s0 to another SELinux domain defined. Have you configured your service correctly? https://source.android.com/security/selinux/device-policy#label_new_services_and_address_denials
01-07 08:38:59.976     0     0 E [    4.482817 / 01-07 08:38:59.967][3] init: Could not start service 'qcom-c_main-sh' as part of class 'main': File /system/bin/init.class_main.sh(labeled "u:object_r:system_file:s0") has incorrect label or no domain transition from u:r:init:s0 to another SELinux domain defined. Have you configured your service correctly? https://source.android.com/security/selinux/device-policy#label_new_services_and_address_denials
01-07 08:38:59.976     0     0 I [    4.483028 / 01-07 08:38:59.967][0] init: Created socket '/dev/socket/tombstoned_java_trace', mode 666, user 1000, group 1000
01-07 08:38:59.976     0     0 E [    4.483047 / 01-07 08:38:59.967][3] init: Could not start service 'thermal-engine' as part of class 'main': File /system/vendor/bin/thermal-engine(labeled "u:object_r:vendor_file:s0") has incorrect label or no domain transition from u:r:init:s0 to another SELinux domain defined. Have you configured your service correctly? https://source.android.com/security/selinux/device-policy#label_new_services_and_address_denials
01-07 08:38:59.976     0     0 E [    4.483175 / 01-07 08:38:59.967][3] init: Could not start service 'adsprpcd' as part of class 'main': File /system/vendor/bin/adsprpcd(labeled "u:object_r:vendor_file:s0") has incorrect label or no domain transition from u:r:init:s0 to another SELinux domain defined. Have you configured your service correctly? https://source.android.com/security/selinux/device-policy#label_new_services_and_address_denials
01-07 08:38:59.976     0     0 E [    4.483310 / 01-07 08:38:59.967][3] init: Could not start service 'energy-awareness' as part of class 'main': File /system/vendor/bin/energy-awareness(labeled "u:object_r:vendor_file:s0") has incorrect label or no domain transition from u:r:init:s0 to another SELinux domain defined. Have you configured your service correctly? https://source.android.com/security/selinux/device-policy#label_new_services_and_address_denials
01-07 08:38:59.976     0     0 I [    4.483471 / 01-07 08:38:59.967][3] init: starting service 'ppd'...
01-07 08:38:59.980     0     0 E [    4.484812 / 01-07 08:38:59.971][3] init: Could not start service 'bdaddr_loader' as part of class 'late_start': File /system/vendor/bin/bdaddr_loader(labeled "u:object_r:vendor_file:s0") has incorrect label or no domain transition from u:r:init:s0 to another SELinux domain defined. Have you configured your service correctly? https://source.android.com/security/selinux/device-policy#label_new_services_and_address_denials
01-07 08:38:59.980     0     0 E [    4.484913 / 01-07 08:38:59.971][2] init: setsockcreatecon("u:r:camera:s0") failed: Invalid argument
01-07 08:38:59.980     0     0 F [    4.485118 / 01-07 08:38:59.971][2] init: cannot setexeccon('u:r:camera:s0') for ppd: Invalid argument
01-07 08:38:59.980     0     0 E [    4.485131 / 01-07 08:38:59.971][3] init: Could not start service 'qcamerasvr' as part of class 'late_start': File /system/vendor/bin/mm-qcamera-daemon(labeled "u:object_r:vendor_file:s0") has incorrect label or no domain transition from u:r:init:s0 to another SELinux domain defined. Have you configured your service correctly? https://source.android.com/security/selinux/device-policy#label_new_services_and_address_denials
01-07 08:38:59.980     0     0 E [    4.485302 / 01-07 08:38:59.971][3] init: Could not start service 'time_daemon' as part of class 'late_start': File /system/vendor/bin/time_daemon(labeled "u:object_r:vendor_file:s0") has incorrect label or no domain transition from u:r:init:s0 to another SELinux domain defined. Have you configured your service correctly? https://source.android.com/security/selinux/device-policy#label_new_services_and_address_denials
01-07 08:38:59.987     0     0 I [    4.493122 / 01-07 08:38:59.979][3] init: Service 'ppd' (pid 505) exited with status 6
01-07 08:38:59.988     0     0 I [    4.493162 / 01-07 08:38:59.979][3] init: Sending signal 9 to service 'ppd' (pid 505) process group...
01-07 08:38:59.988     0     0 I [    4.493269 / 01-07 08:38:59.979][3] libprocessgroup: Successfully killed process cgroup uid 1000 pid 505 in 0ms
01-07 08:38:59.991     0     0 E         : [    4.499762 / 01-07 08:38:59.983][0] i2c-msm-v2 f9967000.i2c: msm_bus_scale_register_client(mstr-id:84):0x23 (ok)
01-07 08:39:00.000     0     0 E         : [    4.503952 / 01-07 08:38:59.991][0] msm-dai-q6-dev qcom,msm-dai-q6-sb-2-rx.196: ASoC: no source widget found for SLIMBUS_2_RX
01-07 08:39:00.000     0     0 E         : [    4.503972 / 01-07 08:38:59.991][0] msm-dai-q6-dev qcom,msm-dai-q6-sb-2-rx.196: ASoC: Failed to add route SLIMBUS_2_RX -> direct -> Slimbus2 Playback
01-07 08:39:00.000     0     0 E         : [    4.504005 / 01-07 08:38:59.991][0] msm-dai-q6-dev qcom,msm-dai-q6-sb-2-tx.197: ASoC: no sink widget found for SLIMBUS_2_TX
01-07 08:39:00.000     0     0 E         : [    4.504016 / 01-07 08:38:59.991][0] msm-dai-q6-dev qcom,msm-dai-q6-sb-2-tx.197: ASoC: Failed to add route Slimbus2 Capture -> direct -> SLIMBUS_2_TX
01-07 08:39:00.000     0     0 I         : [    4.507032 / 01-07 08:38:59.991][0] msm8994-asoc-snd fe034000.sound:  snd-soc-dummy-dai <-> MultiMedia1 mapping ok
01-07 08:39:00.000     0     0 I         : [    4.507655 / 01-07 08:38:59.991][0] msm8994-asoc-snd fe034000.sound:  snd-soc-dummy-dai <-> MultiMedia2 mapping ok
01-07 08:39:00.000     0     0 I         : [    4.508157 / 01-07 08:38:59.995][0] msm8994-asoc-snd fe034000.sound:  snd-soc-dummy-dai <-> CS-VOICE mapping ok
01-07 08:39:00.003     0     0 I         : [    4.508951 / 01-07 08:38:59.995][0] msm8994-asoc-snd fe034000.sound:  snd-soc-dummy-dai <-> VoIP mapping ok
01-07 08:39:00.004     0     0 I         : [    4.509690 / 01-07 08:38:59.995][0] msm8994-asoc-snd fe034000.sound:  snd-soc-dummy-dai <-> MultiMedia3 mapping ok
01-07 08:39:00.004     0     0 I         : [    4.510173 / 01-07 08:38:59.995][0] msm8994-asoc-snd fe034000.sound:  snd-soc-dummy-dai <-> SLIMBUS0_HOSTLESS mapping ok
01-07 08:39:00.004     0     0 I         : [    4.510499 / 01-07 08:38:59.995][0] msm8994-asoc-snd fe034000.sound:  snd-soc-dummy-dai <-> PRI_MI2S_TX_HOSTLESS mapping ok
01-07 08:39:00.004     0     0 I         : [    4.510886 / 01-07 08:38:59.995][0] msm8994-asoc-snd fe034000.sound:  msm-stub-rx <-> com,msm-dai-q6-afe-proxy-rx.209 mapping ok
01-07 08:39:00.004     0     0 I         : [    4.511115 / 01-07 08:38:59.995][0] msm8994-asoc-snd fe034000.sound:  msm-stub-tx <-> qcom,msm-dai-q6-afe-proxy-tx.21 mapping ok
01-07 08:39:00.004     0     0 I         : [    4.512060 / 01-07 08:38:59.999][0] compress asoc: snd-soc-dummy-dai <-> MultiMedia4 mapping ok
01-07 08:39:00.007     0     0 I         : [    4.512540 / 01-07 08:38:59.999][0] msm8994-asoc-snd fe034000.sound:  snd-soc-dummy-dai <-> AUXPCM_HOSTLESS mapping ok
01-07 08:39:00.008     0     0 I         : [    4.512876 / 01-07 08:38:59.999][0] msm8994-asoc-snd fe034000.sound:  snd-soc-dummy-dai <-> SLIMBUS1_HOSTLESS mapping ok
01-07 08:39:00.008     0     0 I         : [    4.513200 / 01-07 08:38:59.999][0] msm8994-asoc-snd fe034000.sound:  snd-soc-dummy-dai <-> SLIMBUS3_HOSTLESS mapping ok
01-07 08:39:00.008     0     0 I         : [    4.513483 / 01-07 08:38:59.999][0] msm8994-asoc-snd fe034000.sound:  snd-soc-dummy-dai <-> SLIMBUS4_HOSTLESS mapping ok
01-07 08:39:00.008     0     0 I         : [    4.513776 / 01-07 08:38:59.999][0] msm8994-asoc-snd fe034000.sound:  snd-soc-dummy-dai <-> VoLTE mapping ok
01-07 08:39:00.008     0     0 I         : [    4.514401 / 01-07 08:38:59.999][0] msm8994-asoc-snd fe034000.sound:  snd-soc-dummy-dai <-> MultiMedia5 mapping ok
01-07 08:39:00.008     0     0 I         : [    4.514838 / 01-07 08:38:59.999][0] msm8994-asoc-snd fe034000.sound:  snd-soc-dummy-dai <-> LSM1 mapping ok
01-07 08:39:00.008     0     0 I         : [    4.515582 / 01-07 08:38:59.999][0] compress asoc: snd-soc-dummy-dai <-> MultiMedia7 mapping ok
01-07 08:39:00.011     0     0 I         : [    4.516616 / 01-07 08:39:00.003][0] compress asoc: snd-soc-dummy-dai <-> MultiMedia10 mapping ok
01-07 08:39:00.015     0     0 I         : [    4.523749 / 01-07 08:39:00.007][1] msm8994-asoc-snd fe034000.sound:  snd-soc-dummy-dai <-> MultiMedia8 mapping ok
01-07 08:39:00.028     0     0 I         : [    4.524326 / 01-07 08:39:00.011][1] msm8994-asoc-snd fe034000.sound:  snd-soc-dummy-dai <-> QCHAT mapping ok
01-07 08:39:00.028     0     0 I         : [    4.524647 / 01-07 08:39:00.011][1] msm8994-asoc-snd fe034000.sound:  snd-soc-dummy-dai <-> HDMI_HOSTLESS mapping ok
01-07 08:39:00.028     0     0 I         : [    4.528411 / 01-07 08:39:00.015][1] msm8994-asoc-snd fe034000.sound:  snd-soc-dummy-dai <-> Voice2 mapping ok
01-07 08:39:00.028     0     0 I         : [    4.529084 / 01-07 08:39:00.015][1] msm8994-asoc-snd fe034000.sound:  snd-soc-dummy-dai <-> INT_HFP_BT_HOSTLESS mapping ok
01-07 08:39:00.028     0     0 I         : [    4.529618 / 01-07 08:39:00.015][1] msm8994-asoc-snd fe034000.sound:  snd-soc-dummy-dai <-> MultiMedia6 mapping ok
01-07 08:39:00.028     0     0 I         : [    4.536165 / 01-07 08:39:00.023][1] msm8994-asoc-snd fe034000.sound:  tomtom_vifeedback <-> qcom,msm-dai-q6-sb-4-tx.201 mapping ok
01-07 08:39:00.048     0     0 I         : [    4.536527 / 01-07 08:39:00.023][1] msm8994-asoc-snd fe034000.sound:  tomtom_rx2 <-> qcom,msm-dai-q6-sb-2-rx.196 mapping ok
01-07 08:39:00.048     0     0 I         : [    4.536756 / 01-07 08:39:00.023][1] msm8994-asoc-snd fe034000.sound:  tomtom_tx2 <-> qcom,msm-dai-q6-sb-2-tx.197 mapping ok
01-07 08:39:00.048     0     0 I         : [    4.548635 / 01-07 08:39:00.035][2] msm8994-asoc-snd fe034000.sound:  snd-soc-dummy-dai <-> LSM2 mapping ok
01-07 08:39:00.048     0     0 I         : [    4.552366 / 01-07 08:39:00.039][2] msm8994-asoc-snd fe034000.sound:  snd-soc-dummy-dai <-> LSM3 mapping ok
01-07 08:39:00.048     0     0 I         : [    4.552823 / 01-07 08:39:00.039][2] msm8994-asoc-snd fe034000.sound:  snd-soc-dummy-dai <-> LSM4 mapping ok
01-07 08:39:00.056     0     0 I         : [    4.556283 / 01-07 08:39:00.043][2] msm8994-asoc-snd fe034000.sound:  snd-soc-dummy-dai <-> LSM5 mapping ok
01-07 08:39:00.056     0     0 I         : [    4.557275 / 01-07 08:39:00.043][2] msm8994-asoc-snd fe034000.sound:  snd-soc-dummy-dai <-> LSM6 mapping ok
01-07 08:39:00.056     0     0 I         : [    4.557632 / 01-07 08:39:00.043][2] msm8994-asoc-snd fe034000.sound:  snd-soc-dummy-dai <-> LSM7 mapping ok
01-07 08:39:00.056     0     0 I         : [    4.558025 / 01-07 08:39:00.043][2] msm8994-asoc-snd fe034000.sound:  snd-soc-dummy-dai <-> LSM8 mapping ok
01-07 08:39:00.056     0     0 I         : [    4.558759 / 01-07 08:39:00.043][2] msm8994-asoc-snd fe034000.sound:  snd-soc-dummy-dai <-> MultiMedia9 mapping ok
01-07 08:39:00.056     0     0 I         : [    4.559270 / 01-07 08:39:00.043][2] msm8994-asoc-snd fe034000.sound:  snd-soc-dummy-dai <-> VoWLAN mapping ok
01-07 08:39:00.056     0     0 I         : [    4.560276 / 01-07 08:39:00.047][2] compress asoc: snd-soc-dummy-dai <-> MultiMedia11 mapping ok
01-07 08:39:00.056     0     0 I         : [    4.561123 / 01-07 08:39:00.047][2] compress asoc: snd-soc-dummy-dai <-> MultiMedia12 mapping ok
01-07 08:39:00.056     0     0 I         : [    4.561989 / 01-07 08:39:00.047][2] compress asoc: snd-soc-dummy-dai <-> MultiMedia13 mapping ok
01-07 08:39:00.068     0     0 I         : [    4.572726 / 01-07 08:39:00.059][2] compress asoc: snd-soc-dummy-dai <-> MultiMedia14 mapping ok
01-07 08:39:00.068     0     0 I         : [    4.573692 / 01-07 08:39:00.059][2] compress asoc: snd-soc-dummy-dai <-> MultiMedia15 mapping ok
01-07 08:39:00.068     0     0 I         : [    4.574647 / 01-07 08:39:00.059][2] compress asoc: snd-soc-dummy-dai <-> MultiMedia16 mapping ok
01-07 08:39:00.068     0     0 I         : [    4.575099 / 01-07 08:39:00.059][2] msm8994-asoc-snd fe034000.sound:  tomtom_mad1 <-> CPE_LSM_NOHOST mapping ok
01-07 08:39:00.068     0     0 I         : [    4.575800 / 01-07 08:39:00.059][2] msm8994-asoc-snd fe034000.sound:  snd-soc-dummy-dai <-> MultiMedia3 mapping ok
01-07 08:39:00.070   491   491 I mediaserver: ServiceManager: 0xee61c120
01-07 08:39:00.076     0     0 I         : [    4.576315 / 01-07 08:39:00.063][2] msm8994-asoc-snd fe034000.sound:  msm-stub-rx <-> qcom,msm-dai-q6-int-fm-rx.205 mapping ok
01-07 08:39:00.076     0     0 I         : [    4.576516 / 01-07 08:39:00.063][2] msm8994-asoc-snd fe034000.sound:  msm-stub-tx <-> qcom,msm-dai-q6-int-fm-tx.206 mapping ok
01-07 08:39:00.076     0     0 I         : [    4.576700 / 01-07 08:39:00.063][2] msm8994-asoc-snd fe034000.sound:  msm-stub-rx <-> qcom,msm-dai-q6-be-afe-pcm-rx.2 mapping ok
01-07 08:39:00.076     0     0 I         : [    4.576896 / 01-07 08:39:00.063][2] msm8994-asoc-snd fe034000.sound:  msm-stub-tx <-> qcom,msm-dai-q6-be-afe-pcm-tx.2 mapping ok
01-07 08:39:00.076     0     0 I         : [    4.577085 / 01-07 08:39:00.063][2] msm8994-asoc-snd fe034000.sound:  msm-stub-rx <-> qcom,msm-pri-auxpcm.53 mapping ok
01-07 08:39:00.076     0     0 I         : [    4.577265 / 01-07 08:39:00.063][2] msm8994-asoc-snd fe034000.sound:  msm-stub-tx <-> qcom,msm-pri-auxpcm.53 mapping ok
01-07 08:39:00.076     0     0 I         : [    4.577438 / 01-07 08:39:00.063][2] msm8994-asoc-snd fe034000.sound:  msm-stub-rx <-> qcom,msm-sec-auxpcm.54 mapping ok
01-07 08:39:00.076     0     0 I         : [    4.577613 / 01-07 08:39:00.063][2] msm8994-asoc-snd fe034000.sound:  msm-stub-tx <-> qcom,msm-sec-auxpcm.54 mapping ok
01-07 08:39:00.076     0     0 I [    4.577807 / 01-07 08:39:00.063][2] msm_audrx_init: dev_nameqcom,msm-dai-q6-sb-0-rx.192
01-07 08:39:00.114   422   422 D AndroidRuntime: >>>>>> START com.android.internal.os.ZygoteInit uid 0 <<<<<<
01-07 08:39:00.162   473   473 I lowmemorykiller: Using in-kernel low memory killer interface
01-07 08:39:00.165   461   461 W /vendor/bin/hw/android.hardware.configstore@1.1-service: libminijail[461]: allowing syscall: connect
01-07 08:39:00.165   461   461 W /vendor/bin/hw/android.hardware.configstore@1.1-service: libminijail[461]: allowing syscall: fcntl
01-07 08:39:00.165   461   461 W /vendor/bin/hw/android.hardware.configstore@1.1-service: libminijail[461]: allowing syscall: sendto
01-07 08:39:00.165   461   461 W /vendor/bin/hw/android.hardware.configstore@1.1-service: libminijail[461]: allowing syscall: socket
01-07 08:39:00.165   461   461 W /vendor/bin/hw/android.hardware.configstore@1.1-service: libminijail[461]: allowing syscall: writev
01-07 08:39:00.166   461   461 W /vendor/bin/hw/android.hardware.configstore@1.1-service: libminijail[461]: logging seccomp filter failures
01-07 08:39:00.166   461   461 I ServiceManagement: Removing namespace from process name android.hardware.configstore@1.1-service to configstore@1.1-service.
01-07 08:39:00.167   461   461 E cutils-trace: Error opening trace file: Permission denied (13)
01-07 08:39:00.186   468   468 I android.hardware.wifi@1.0-service: Wifi Hal is booting up...
01-07 08:39:00.186   468   468 I ServiceManagement: Removing namespace from process name android.hardware.wifi@1.0-service to wifi@1.0-service.
01-07 08:39:00.187   468   468 E cutils-trace: Error opening trace file: Permission denied (13)
01-07 08:39:00.202   465   465 D vndksupport: Loading /vendor/lib64/hw/android.hardware.nfc@1.0-impl.so from current namespace instead of sphal namespace.
01-07 08:39:00.202   462   462 D vndksupport: Loading /vendor/lib64/hw/android.hardware.graphics.allocator@2.0-impl.so from current namespace instead of sphal namespace.
01-07 08:39:00.203   459   459 D vndksupport: Loading /vendor/lib64/hw/android.hardware.health@1.0-impl.so from current namespace instead of sphal namespace.
01-07 08:39:00.204     0     0 I [    4.709242 / 01-07 08:39:00.195][3] ueventd: loading /devices/soc.0/fe12f000.slim/tomtom-slim-pgd/tomtom_codec/firmware/cpe.mdt took 269ms
01-07 08:39:00.204   464   464 D vndksupport: Loading /vendor/lib64/hw/android.hardware.light@2.0-impl.so from current namespace instead of sphal namespace.
01-07 08:39:00.205   465   465 E android.hardware.nfc@1.0-impl: hw_get_module nfc_nci failed: -2
01-07 08:39:00.206   465   465 E android.hardware.nfc@1.0-impl: Passthrough failed to load legacy HAL.
01-07 08:39:00.206   462   462 D vndksupport: Loading /vendor/lib64/hw/gralloc.msm8992.so from current namespace instead of sphal namespace.
01-07 08:39:00.206   465   465 E android.hardware.nfc@1.0-service: Could not get passthrough implementation for android.hardware.nfc@1.0::INfc/default.
01-07 08:39:00.207   507   507 I auditd  : type=1400 audit(0.0:51): avc: denied { search } for comm="ueventd" name="/" dev="mmcblk0p1" ino=1 scontext=u:r:ueventd:s0 tcontext=u:object_r:vfat:s0 tclass=dir permissive=1
01-07 08:39:00.207   507   507 I ueventd : type=1400 audit(0.0:51): avc: denied { search } for name="/" dev="mmcblk0p1" ino=1 scontext=u:r:ueventd:s0 tcontext=u:object_r:vfat:s0 tclass=dir permissive=1
01-07 08:39:00.207   507   507 I auditd  : type=1400 audit(0.0:52): avc: denied { read } for comm="ueventd" name="cpe.b06" dev="mmcblk0p1" ino=18 scontext=u:r:ueventd:s0 tcontext=u:object_r:vfat:s0 tclass=file permissive=1
01-07 08:39:00.207   507   507 I ueventd : type=1400 audit(0.0:52): avc: denied { read } for name="cpe.b06" dev="mmcblk0p1" ino=18 scontext=u:r:ueventd:s0 tcontext=u:object_r:vfat:s0 tclass=file permissive=1
01-07 08:39:00.207   507   507 I auditd  : type=1400 audit(0.0:53): avc: denied { open } for comm="ueventd" path="/firmware/image/cpe.b06" dev="mmcblk0p1" ino=18 scontext=u:r:ueventd:s0 tcontext=u:object_r:vfat:s0 tclass=file permissive=1
01-07 08:39:00.207   507   507 I ueventd : type=1400 audit(0.0:53): avc: denied { open } for path="/firmware/image/cpe.b06" dev="mmcblk0p1" ino=18 scontext=u:r:ueventd:s0 tcontext=u:object_r:vfat:s0 tclass=file permissive=1
01-07 08:39:00.207   507   507 I auditd  : type=1400 audit(0.0:54): avc: denied { getattr } for comm="ueventd" path="/firmware/image/cpe.b06" dev="mmcblk0p1" ino=18 scontext=u:r:ueventd:s0 tcontext=u:object_r:vfat:s0 tclass=file permissive=1
01-07 08:39:00.207   507   507 I ueventd : type=1400 audit(0.0:54): avc: denied { getattr } for path="/firmware/image/cpe.b06" dev="mmcblk0p1" ino=18 scontext=u:r:ueventd:s0 tcontext=u:object_r:vfat:s0 tclass=file permissive=1
01-07 08:39:00.209   464   464 D vndksupport: Loading /vendor/lib64/hw/lights.msm8992.so from current namespace instead of sphal namespace.
01-07 08:39:00.209   463   463 D vndksupport: Loading /vendor/lib64/hw/android.hardware.health@1.0-impl.so from current namespace instead of sphal namespace.
01-07 08:39:00.211   464   464 D vndksupport: Loading /vendor/lib64/hw/lights.msm8992.so from current namespace instead of sphal namespace.
01-07 08:39:00.211   464   464 E light   : light_open lights keyboard failed: -22
01-07 08:39:00.211   464   464 E light   : Light passthrough failed to load legacy HAL.
01-07 08:39:00.211   464   464 D vndksupport: Loading /vendor/lib64/hw/lights.msm8992.so from current namespace instead of sphal namespace.
01-07 08:39:00.211   464   464 E light   : light_open lights buttons failed: -22
01-07 08:39:00.211   464   464 E light   : Light passthrough failed to load legacy HAL.
01-07 08:39:00.211     0     0 I [    4.715796 / 01-07 08:39:00.199][3] init: Service 'vendor.nfc_hal_service' (pid 465) exited with status 1
01-07 08:39:00.212     0     0 I [    4.715846 / 01-07 08:39:00.199][3] init: Sending signal 9 to service 'vendor.nfc_hal_service' (pid 465) process group...
01-07 08:39:00.212     0     0 I [    4.716064 / 01-07 08:39:00.203][3] libprocessgroup: Successfully killed process cgroup uid 1027 pid 465 in 0ms
01-07 08:39:00.212   464   464 D vndksupport: Loading /vendor/lib64/hw/lights.msm8992.so from current namespace instead of sphal namespace.
01-07 08:39:00.212   464   464 I chatty  : uid=1000(system) light@2.0-servi identical 2 lines
01-07 08:39:00.213   464   464 D vndksupport: Loading /vendor/lib64/hw/lights.msm8992.so from current namespace instead of sphal namespace.
01-07 08:39:00.214   464   464 E light   : light_open lights bluetooth failed: -22
01-07 08:39:00.214   464   464 E light   : Light passthrough failed to load legacy HAL.
01-07 08:39:00.214   464   464 D vndksupport: Loading /vendor/lib64/hw/lights.msm8992.so from current namespace instead of sphal namespace.
01-07 08:39:00.214   464   464 E light   : light_open lights wifi failed: -22
01-07 08:39:00.214   464   464 E light   : Light passthrough failed to load legacy HAL.
01-07 08:39:00.216     0     0 I [    4.720418 / 01-07 08:39:00.207][2] ueventd: firmware: loading 'cpe.b06' for '/devices/soc.0/fe12f000.slim/tomtom-slim-pgd/tomtom_codec/firmware/cpe.b06'
01-07 08:39:00.216   466   466 D vndksupport: Loading /vendor/lib64/hw/android.hardware.thermal@1.0-impl.so from current namespace instead of sphal namespace.
01-07 08:39:00.219   459   459 I auditd  : type=1400 audit(0.0:55): avc: denied { read } for comm="healthd" name="type" dev="sysfs" ino=18369 scontext=u:r:healthd:s0 tcontext=u:object_r:sysfs:s0 tclass=file permissive=1
01-07 08:39:00.219   459   459 I healthd : type=1400 audit(0.0:55): avc: denied { read } for name="type" dev="sysfs" ino=18369 scontext=u:r:healthd:s0 tcontext=u:object_r:sysfs:s0 tclass=file permissive=1
01-07 08:39:00.221   467   467 I android.hardware.usb@1.0-service: USB HAL Ready.
01-07 08:39:00.222   475   475 E cutils-trace: Error opening trace file: Permission denied (13)
01-07 08:39:00.226   459   459 I healthd : healthd: redirecting calls to 1.0 health HAL
01-07 08:39:00.229   463   463 I ServiceManagement: Removing namespace from process name android.hardware.health@1.0-service to health@1.0-service.
01-07 08:39:00.229     0     0 W [    4.735681 / 01-07 08:39:00.219][0] healthd: BatteryFullChargePath not found
01-07 08:39:00.230   464   464 I ServiceManagement: Removing namespace from process name android.hardware.light@2.0-service to light@2.0-service.
01-07 08:39:00.231   466   466 I ServiceManagement: Removing namespace from process name android.hardware.thermal@1.0-service to thermal@1.0-service.
01-07 08:39:00.231     0     0 W [    4.735702 / 01-07 08:39:00.219][0] healthd: BatteryCycleCountPath not found
01-07 08:39:00.233   403   403 W hwservicemanager: getTransport: Cannot find entry android.hardware.thermal@1.1::IThermal/default in either framework or device manifest.
01-07 08:39:00.234   459   459 I health@2.0/: health@2.0/backup: Hal init done
01-07 08:39:00.238   463   463 I android.hardware.health@1.0-service: Registration complete for android.hardware.health@1.0::IHealth/default.
01-07 08:39:00.240     0     0 W [    4.744193 / 01-07 08:39:00.231][0] healthd: battery l=69 v=3957 t=20.0 h=2 st=2 c=569 chg=u
01-07 08:39:00.242   464   464 I android.hardware.light@2.0-service: Registration complete for android.hardware.light@2.0::ILight/default.
01-07 08:39:00.247   466   466 I android.hardware.thermal@1.0-service: Registration complete for android.hardware.thermal@1.0::IThermal/default.
01-07 08:39:00.259   475   475 W thermalserviced: Unable to get Thermal HAL V1.1, vendor thermal event notification not available
01-07 08:39:00.278     0     0 I [    4.780732 / 01-07 08:39:00.267][3] init: Received control message 'interface_start' for 'android.hardware.thermal@1.1::IThermal/default' from pid: 403 (/system/bin/hwservicemanager)
01-07 08:39:00.278     0     0 E [    4.780798 / 01-07 08:39:00.267][3] init: Could not find service hosting interface android.hardware.thermal@1.1::IThermal/default
01-07 08:39:00.284   421   421 I zygote64: option[0]=-Xzygote
01-07 08:39:00.285   421   421 I zygote64: option[1]=-Xusetombstonedtraces
01-07 08:39:00.285   421   421 I zygote64: option[2]=exit
01-07 08:39:00.285   421   421 I zygote64: option[3]=vfprintf
01-07 08:39:00.285   421   421 I zygote64: option[4]=sensitiveThread
01-07 08:39:00.285   421   421 I zygote64: option[5]=-verbose:gc
01-07 08:39:00.285   421   421 I zygote64: option[6]=-Xms8m
01-07 08:39:00.285   421   421 I zygote64: option[7]=-Xmx768m
01-07 08:39:00.285   421   421 I zygote64: option[8]=-XX:HeapGrowthLimit=288m
01-07 08:39:00.285   421   421 I zygote64: option[9]=-XX:HeapMinFree=2m
01-07 08:39:00.285   421   421 I zygote64: option[10]=-XX:HeapMaxFree=8m
01-07 08:39:00.285   421   421 I zygote64: option[11]=-XX:HeapTargetUtilization=0.75
01-07 08:39:00.285   421   421 I zygote64: option[12]=-Xusejit:true
01-07 08:39:00.285   421   421 I zygote64: option[13]=-Xjitsaveprofilinginfo
01-07 08:39:00.285   421   421 I zygote64: option[14]=-XjdwpOptions:suspend=n,server=y
01-07 08:39:00.285   421   421 I zygote64: option[15]=-XjdwpProvider:default
01-07 08:39:00.285   421   421 I zygote64: option[16]=-Xlockprofthreshold:500
01-07 08:39:00.285   421   421 I zygote64: option[17]=-Ximage-compiler-option
01-07 08:39:00.285   421   421 I zygote64: option[18]=--runtime-arg
01-07 08:39:00.285   421   421 I zygote64: option[19]=-Ximage-compiler-option
01-07 08:39:00.285   421   421 I zygote64: option[20]=-Xms64m
01-07 08:39:00.285   421   421 I zygote64: option[21]=-Ximage-compiler-option
01-07 08:39:00.285   421   421 I zygote64: option[22]=--runtime-arg
01-07 08:39:00.285   421   421 I zygote64: option[23]=-Ximage-compiler-option
01-07 08:39:00.285   421   421 I zygote64: option[24]=-Xmx64m
01-07 08:39:00.285   421   421 I zygote64: option[25]=-Ximage-compiler-option
01-07 08:39:00.285   421   421 I zygote64: option[26]=--profile-file=/system/etc/boot-image.prof
01-07 08:39:00.285   421   421 I zygote64: option[27]=-Ximage-compiler-option
01-07 08:39:00.285   421   421 I zygote64: option[28]=--compiler-filter=speed-profile
01-07 08:39:00.285   421   421 I zygote64: option[29]=-Xcompiler-option
01-07 08:39:00.285   421   421 I zygote64: option[30]=--runtime-arg
01-07 08:39:00.285   421   421 I zygote64: option[31]=-Xcompiler-option
01-07 08:39:00.285   421   421 I zygote64: option[32]=-Xms64m
01-07 08:39:00.285   421   421 I zygote64: option[33]=-Xcompiler-option
01-07 08:39:00.285   421   421 I zygote64: option[34]=--runtime-arg
01-07 08:39:00.285   421   421 I zygote64: option[35]=-Xcompiler-option
01-07 08:39:00.285   421   421 I zygote64: option[36]=-Xmx512m
01-07 08:39:00.285   421   421 I zygote64: option[37]=-Xcompiler-option
01-07 08:39:00.285   421   421 I zygote64: option[38]=-j2
01-07 08:39:00.285   421   421 I zygote64: option[39]=-Ximage-compiler-option
01-07 08:39:00.285   421   421 I zygote64: option[40]=-j4
01-07 08:39:00.285   421   421 I zygote64: option[41]=-Ximage-compiler-option
01-07 08:39:00.285   421   421 I zygote64: option[42]=--instruction-set-variant=generic
01-07 08:39:00.285   421   421 I zygote64: option[43]=-Xcompiler-option
01-07 08:39:00.285   421   421 I zygote64: option[44]=--instruction-set-variant=generic
01-07 08:39:00.285   421   421 I zygote64: option[45]=-Ximage-compiler-option
01-07 08:39:00.285   421   421 I zygote64: option[46]=--instruction-set-features=default
01-07 08:39:00.285   421   421 I zygote64: option[47]=-Xcompiler-option
01-07 08:39:00.285   421   421 I zygote64: option[48]=--instruction-set-features=default
01-07 08:39:00.285   421   421 I zygote64: option[49]=-Duser.locale=en-US
01-07 08:39:00.285   421   421 I zygote64: option[50]=--cpu-abilist=arm64-v8a
01-07 08:39:00.285   421   421 I zygote64: option[51]=-Xfingerprint:lge/p1_global_com/p1:8.1.0/OPM4.171019.016.A1/4720815:user/release-keys
01-07 08:39:00.312     0     0 I         : [    4.816907 / 01-07 08:39:00.303][2] msm8994-asoc-snd fe034000.sound:  tomtom_rx1 <-> qcom,msm-dai-q6-sb-0-rx.192 mapping ok
01-07 08:39:00.325   498   498 I media.codec: mediacodecservice starting
01-07 08:39:00.329     0     0 I         : [    4.817560 / 01-07 08:39:00.303][2] msm8994-asoc-snd fe034000.sound:  tomtom_tx1 <-> qcom,msm-dai-q6-sb-0-tx.193 mapping ok
01-07 08:39:00.329     0     0 I         : [    4.817816 / 01-07 08:39:00.303][2] msm8994-asoc-snd fe034000.sound:  tomtom_rx1 <-> qcom,msm-dai-q6-sb-1-rx.194 mapping ok
01-07 08:39:00.330   498   498 W media.codec: libminijail[498]: failed to get path of fd 4: No such file or directory
01-07 08:39:00.330   498   498 W media.codec: libminijail[498]: allowing syscall: clock_gettime
01-07 08:39:00.330   498   498 W media.codec: libminijail[498]: allowing syscall: connect
01-07 08:39:00.330   498   498 W media.codec: libminijail[498]: allowing syscall: fcntl64
01-07 08:39:00.330   498   498 W media.codec: libminijail[498]: allowing syscall: socket
01-07 08:39:00.330   498   498 W media.codec: libminijail[498]: allowing syscall: writev
01-07 08:39:00.337   495   495 W statsd  : statscompanion service unavailable!
01-07 08:39:00.338   498   498 W media.codec: libminijail[498]: logging seccomp filter failures
01-07 08:39:00.345   495   495 I statsd  : using statsd socket
01-07 08:39:00.347     0     0 I         : [    4.818015 / 01-07 08:39:00.303][2] msm8994-asoc-snd fe034000.sound:  tomtom_tx1 <-> qcom,msm-dai-q6-sb-1-tx.195 mapping ok
01-07 08:39:00.347     0     0 I         : [    4.818210 / 01-07 08:39:00.303][2] msm8994-asoc-snd fe034000.sound:  tomtom_rx1 <-> qcom,msm-dai-q6-sb-3-rx.198 mapping ok
