01-10 15:14:50.639   834   859 D vndksupport: Loading /vendor/lib64/hw/lights.msm8992.so from current namespace instead of sphal namespace.
01-10 15:14:50.639   834   859 E light   : light_open lights wifi failed: -22
01-10 15:14:50.639   834   859 E light   : Light passthrough failed to load legacy HAL.
01-10 15:14:50.641   834   834 D SystemServerTiming: WaitForDisplay took to complete: 32ms
01-10 15:14:50.642   834   834 I SystemServer: StartPackageManagerService
01-10 15:14:50.643   834   866 D StrictMode: No activity manager; failed to Dropbox violation.
01-10 15:14:50.644   834   867 D StrictMode: No activity manager; failed to Dropbox violation.
01-10 15:14:50.644   834   859 I DisplayManagerService: Display device changed state: "Built-in Screen", ON
01-10 15:14:50.675   834   834 W FileUtils: Failed to chmod(/data/system/packages.list): android.system.ErrnoException: chmod failed: ENOENT (No such file or directory)
01-10 15:14:50.695   834   834 D SELinuxMMAC: Using policy file /system/etc/selinux/plat_mac_permissions.xml
01-10 15:14:50.698   834   834 D SELinuxMMAC: Using policy file /vendor/etc/selinux/nonplat_mac_permissions.xml
01-10 15:14:50.704   834   834 I PackageManager: No settings file; creating initial state
01-10 15:14:50.708   834   834 W PackageManager: Wiping cache directory because the system partition changed.
01-10 15:14:50.735   834   868 D StrictMode: No activity manager; failed to Dropbox violation.
01-10 15:14:50.735   834   869 D StrictMode: No activity manager; failed to Dropbox violation.
01-10 15:14:50.755   834   834 I PackageManager: /vendor/overlay/SysuiDarkTheme changed; collecting certs
01-10 15:14:50.843   834   834 I PackageManager: /system/framework/framework-res.apk changed; collecting certs
01-10 15:14:51.043   834   834 E PackageManager: Adding duplicate shared id: 1000 name=android
01-10 15:14:51.068   834   834 I PackageManager: /system/priv-app/BackupRestoreConfirmation changed; collecting certs
01-10 15:14:51.074   834   834 I PackageManager: /system/priv-app/BlockedNumberProvider changed; collecting certs
01-10 15:14:51.079   834   834 I PackageManager: New shared user android.uid.shared: id=10002
01-10 15:14:51.080   834   834 E PackageManager: Adding duplicate user id: 10002 name=com.android.providers.blockednumber
01-10 15:14:51.083   834   834 I PackageManager: /system/priv-app/CallLogBackup changed; collecting certs
01-10 15:14:51.086   834   834 E PackageManager: Adding duplicate user id: 10002 name=com.android.calllogbackup
01-10 15:14:51.088   834   834 I PackageManager: /system/priv-app/CalendarProvider changed; collecting certs
01-10 15:14:51.093   834   834 I PackageManager: New shared user android.uid.calendar: id=10003
01-10 15:14:51.094   834   834 E PackageManager: Adding duplicate user id: 10003 name=com.android.providers.calendar
01-10 15:14:51.097   834   834 I PackageManager: /system/priv-app/CarrierConfig changed; collecting certs
01-10 15:14:51.128   834   834 I PackageManager: /system/priv-app/ContactsProvider changed; collecting certs
01-10 15:14:51.135   834   834 E PackageManager: Adding duplicate user id: 10002 name=com.android.providers.contacts
01-10 15:14:51.137   834   834 I PackageManager: /system/priv-app/CellBroadcastReceiver changed; collecting certs
01-10 15:14:51.176   834   834 I PackageManager: /system/priv-app/DefaultContainerService changed; collecting certs
01-10 15:14:51.232   834   876 W PackageParser: No actions in intent filter at /system/priv-app/Contacts/Contacts.apk Binary XML file line #443
01-10 15:14:51.239   834   875 I PackageParser: Parse times for '/system/priv-app/DocumentsUI': parse=106ms, update_cache=2 ms
01-10 15:14:51.295   834   834 I PackageManager: /system/priv-app/CtsShimPrivPrebuilt changed; collecting certs
01-10 15:14:51.295   834   876 I PackageParser: Parse times for '/system/priv-app/Contacts': parse=162ms, update_cache=61 ms
01-10 15:14:51.295   834   874 I PackageParser: Parse times for '/system/priv-app/Dialer': parse=107ms, update_cache=68 ms
01-10 15:14:51.316   834   834 I PackageManager: /system/priv-app/DownloadProvider changed; collecting certs
01-10 15:14:51.322   834   834 I PackageManager: New shared user android.media: id=10008
01-10 15:14:51.322   834   834 E PackageManager: Adding duplicate user id: 10008 name=com.android.providers.downloads
01-10 15:14:51.325   834   834 I PackageManager: /system/priv-app/EmergencyInfo changed; collecting certs
01-10 15:14:51.352   834   834 I PackageManager: New shared user com.android.emergency.uid: id=10009
01-10 15:14:51.353   834   834 E PackageManager: Adding duplicate user id: 10009 name=com.android.emergency
01-10 15:14:51.355   834   834 I PackageManager: /system/priv-app/ExtServices changed; collecting certs
01-10 15:14:51.359   834   834 I PackageManager: /system/priv-app/DocumentsUI changed; collecting certs
01-10 15:14:51.379   834   834 I PackageManager: /system/priv-app/ExternalStorageProvider changed; collecting certs
01-10 15:14:51.383   834   834 I PackageManager: /system/priv-app/FusedLocation changed; collecting certs
01-10 15:14:51.386   834   834 E PackageManager: Adding duplicate shared id: 1000 name=com.android.location.fused
01-10 15:14:51.388   834   834 I PackageManager: /system/priv-app/InputDevices changed; collecting certs
01-10 15:14:51.408   834   834 E PackageManager: Adding duplicate shared id: 1000 name=com.android.inputdevices
01-10 15:14:51.410   834   834 I PackageManager: /system/priv-app/Luna changed; collecting certs
01-10 15:14:51.518   834   834 I PackageManager: /system/priv-app/GalleryX changed; collecting certs
01-10 15:14:51.589   834   875 I PackageParser: Parse times for '/system/priv-app/Settings': parse=141ms, update_cache=38 ms
01-10 15:14:51.611   834   834 I PackageManager: /system/priv-app/Dialer changed; collecting certs
01-10 15:14:51.670   834   834 I PackageManager: /system/priv-app/ManagedProvisioning changed; collecting certs
01-10 15:14:51.682   834   834 I PackageManager: /system/priv-app/MediaProvider changed; collecting certs
01-10 15:14:51.682   834   874 W PackageParser: Ignoring duplicate uses-permissions/uses-permissions-sdk-m: android.permission.INSTALL_GRANT_RUNTIME_PERMISSIONS in package: com.android.shell at: Binary XML file line #106
01-10 15:14:51.686   834   834 E PackageManager: Adding duplicate user id: 10008 name=com.android.providers.media
01-10 15:14:51.688   834   834 I PackageManager: /system/priv-app/Contacts changed; collecting certs
01-10 15:14:51.736   834   834 I PackageManager: /system/priv-app/MmsService changed; collecting certs
01-10 15:14:51.740   834   834 E PackageManager: Adding duplicate shared id: 1001 name=com.android.mms.service
01-10 15:14:51.742   834   834 I PackageManager: /system/priv-app/MtpDocumentsProvider changed; collecting certs
01-10 15:14:51.747   834   834 E PackageManager: Adding duplicate user id: 10008 name=com.android.mtp
01-10 15:14:51.749   834   834 I PackageManager: /system/priv-app/MusicFX changed; collecting certs
01-10 15:14:51.755   834   834 I PackageManager: /system/priv-app/OneTimeInitializer changed; collecting certs
01-10 15:14:51.760   834   834 I PackageManager: /system/priv-app/Provision changed; collecting certs
01-10 15:14:51.765   834   834 I PackageManager: /system/priv-app/ProxyHandler changed; collecting certs
01-10 15:14:51.769   834   834 I PackageManager: /system/priv-app/Recorder changed; collecting certs
01-10 15:14:51.795   834   834 I PackageManager: /system/priv-app/PackageInstaller changed; collecting certs
01-10 15:14:51.823   834   876 W PackageParser: Ignoring duplicate uses-permissions/uses-permissions-sdk-m: android.permission.CONFIGURE_WIFI_DISPLAY in package: com.android.systemui at: Binary XML file line #131
01-10 15:14:51.828   834   834 I PackageManager: /system/priv-app/SettingsProvider changed; collecting certs
01-10 15:14:51.835   834   834 E PackageManager: Adding duplicate shared id: 1000 name=com.android.providers.settings
01-10 15:14:51.838   834   834 I PackageManager: /system/priv-app/Settings changed; collecting certs
01-10 15:14:51.850   834   876 I PackageParser: Parse times for '/system/priv-app/SystemUI': parse=106ms, update_cache=8 ms
01-10 15:14:51.865   834   873 I PackageParser: Parse times for '/system/priv-app/TeleService': parse=108ms, update_cache=7 ms
01-10 15:14:51.927   809   809 I BootAnimation: type=1400 audit(0.0:160): avc: denied { read write } for path="/dev/kgsl-3d0" dev="tmpfs" ino=10765 scontext=u:r:bootanim:s0 tcontext=u:object_r:device:s0 tclass=chr_file permissive=1
01-10 15:14:52.018   834   834 E PackageManager: Adding duplicate shared id: 1000 name=com.android.settings
01-10 15:14:52.024   834   834 I PackageManager: /system/priv-app/SharedStorageBackup changed; collecting certs
01-10 15:14:52.028   834   834 I PackageManager: /system/priv-app/Shell changed; collecting certs
01-10 15:14:52.032   834   834 E PackageManager: Adding duplicate shared id: 2000 name=com.android.shell
01-10 15:14:52.034   834   834 I PackageManager: /system/priv-app/StatementService changed; collecting certs
01-10 15:14:52.039   834   834 I PackageManager: /system/priv-app/Tag changed; collecting certs
01-10 15:14:52.045   834   834 I PackageManager: /system/priv-app/StorageManager changed; collecting certs
01-10 15:14:52.072   834   834 I PackageManager: /system/priv-app/TelephonyProvider changed; collecting certs
01-10 15:14:52.078   834   834 E PackageManager: Adding duplicate shared id: 1001 name=com.android.providers.telephony
01-10 15:14:52.080   834   834 I PackageManager: /system/priv-app/VpnDialogs changed; collecting certs
01-10 15:14:52.085   834   834 I PackageManager: /system/priv-app/WallpaperCropper changed; collecting certs
01-10 15:14:52.089   834   834 I PackageManager: /system/priv-app/Telecom changed; collecting certs
01-10 15:14:52.114   834   834 E PackageManager: Adding duplicate shared id: 1000 name=com.android.server.telecom
01-10 15:14:52.116   485   485 E Diag_Lib:  Diag_LSM_Init: Failed to open handle to diag driver, error = 2
01-10 15:14:52.116   834   834 I PackageManager: /system/priv-app/qcrilmsgtunnel changed; collecting certs
01-10 15:14:52.119   834   834 E PackageManager: Adding duplicate shared id: 1001 name=com.qualcomm.qcrilmsgtunnel
01-10 15:14:52.121   834   834 I PackageManager: /system/priv-app/com.qualcomm.location changed; collecting certs
01-10 15:14:52.130   834   834 E PackageManager: Adding duplicate shared id: 1000 name=com.qualcomm.location
01-10 15:14:52.132   834   834 I PackageManager: /system/priv-app/SystemUI changed; collecting certs
01-10 15:14:52.118   485   485 E Diag_Lib:  Diag_LSM_Init: Failed to open handle to diag driver, error = 2
01-10 15:14:52.139   485   485 I netmgrd : type=1400 audit(0.0:161): avc: denied { ioctl } for path="socket:[18090]" dev="sockfs" ino=18090 ioctlcmd=89fd scontext=u:r:init:s0 tcontext=u:r:init:s0 tclass=udp_socket permissive=1
01-10 15:14:52.143   485   485 I netmgrd : type=1400 audit(0.0:162): avc: denied { ioctl } for path="socket:[15146]" dev="sockfs" ino=15146 ioctlcmd=89f2 scontext=u:r:init:s0 tcontext=u:r:init:s0 tclass=udp_socket permissive=1
01-10 15:14:52.143   485   485 I netmgrd : type=1400 audit(0.0:163): avc: denied { ioctl } for path="socket:[15148]" dev="sockfs" ino=15148 ioctlcmd=89f8 scontext=u:r:init:s0 tcontext=u:r:init:s0 tclass=udp_socket permissive=1
01-10 15:14:52.143   879   879 I netmgrd : type=1400 audit(0.0:164): avc: denied { execute_no_trans } for path="/system/bin/sh" dev="mmcblk0p47" ino=411 scontext=u:r:init:s0 tcontext=u:object_r:shell_exec:s0 tclass=file permissive=1
01-10 15:14:52.171   883   883 I ifconfig: type=1400 audit(0.0:165): avc: denied { read write } for path="/dev/smem_log" dev="tmpfs" ino=1964 scontext=u:r:toolbox:s0 tcontext=u:object_r:device:s0 tclass=chr_file permissive=1
01-10 15:14:52.192   834   834 I PackageManager: New shared user android.uid.systemui: id=10030
01-10 15:14:52.192   834   834 E PackageManager: Adding duplicate user id: 10030 name=com.android.systemui
01-10 15:14:52.195   883   883 I ifconfig: type=1400 audit(0.0:166): avc: denied { ioctl } for path="socket:[15171]" dev="sockfs" ino=15171 ioctlcmd=8914 scontext=u:r:toolbox:s0 tcontext=u:r:toolbox:s0 tclass=udp_socket permissive=1
01-10 15:14:52.196   834   834 I PackageManager: /system/priv-app/TeleService changed; collecting certs
01-10 15:14:52.231   888   888 I netmgrd : type=1400 audit(0.0:167): avc: denied { execute_no_trans } for path="/system/bin/sh" dev="mmcblk0p47" ino=411 scontext=u:r:init:s0 tcontext=u:object_r:shell_exec:s0 tclass=file permissive=1
01-10 15:14:52.234   489   489 D ImsWmsClient: ImsWmsClient :: Modem is initialized; handle=255
01-10 15:14:52.238   834   834 E PackageManager: Adding duplicate shared id: 1001 name=com.android.phone
01-10 15:14:52.255   834   834 I PackageManager: /system/app/BasicDreams changed; collecting certs
01-10 15:14:52.271   834   834 I PackageManager: /system/app/BluetoothMidiService changed; collecting certs
01-10 15:14:52.279   834   890 W PackageParser: Ignoring duplicate uses-permissions/uses-permissions-sdk-m: android.permission.READ_CONTACTS in package: com.android.bluetooth at: Binary XML file line #61
01-10 15:14:52.279   834   834 I PackageManager: /system/app/Bolt changed; collecting certs
01-10 15:14:52.283   834   890 W PackageParser: No actions in intent filter at /system/app/Bluetooth/Bluetooth.apk Binary XML file line #225
01-10 15:14:52.291   485   485 I netmgrd : type=1400 audit(0.0:168): avc: denied { ioctl } for path="socket:[18116]" dev="sockfs" ino=18116 ioctlcmd=89f3 scontext=u:r:init:s0 tcontext=u:r:init:s0 tclass=udp_socket permissive=1
01-10 15:14:52.295   834   834 I PackageManager: /system/app/BookmarkProvider changed; collecting certs
01-10 15:14:52.303   834   834 I PackageManager: /system/app/BuiltInPrintService changed; collecting certs
01-10 15:14:52.315   834   834 I PackageManager: /system/app/Bluetooth changed; collecting certs
01-10 15:14:52.319   834   890 W PackageParser: No actions in intent filter at /system/app/CarrierDefaultApp/CarrierDefaultApp.apk Binary XML file line #50
01-10 15:14:52.334   834   834 E PackageManager: Adding duplicate shared id: 1002 name=com.android.bluetooth
01-10 15:14:52.387   834   890 W PackageParser: Ignoring duplicate uses-permissions/uses-permissions-sdk-m: android.permission.WRITE_CONTACTS in package: com.android.email at: Binary XML file line #40
01-10 15:14:52.399   834   834 I PackageManager: /system/app/Calendar changed; collecting certs
01-10 15:14:52.424   834   834 I PackageManager: /system/app/CaptivePortalLogin changed; collecting certs
01-10 15:14:52.430   834   834 I PackageManager: /system/app/CarrierDefaultApp changed; collecting certs
01-10 15:14:52.437   834   834 I PackageManager: /system/app/Camera2 changed; collecting certs
01-10 15:14:52.529   834   834 I PackageManager: /system/app/CertInstaller changed; collecting certs
01-10 15:14:52.554   834   834 I PackageManager: /system/app/CompanionDeviceManager changed; collecting certs
01-10 15:14:52.558   834   834 I PackageManager: /system/app/CtsShimPrebuilt changed; collecting certs
01-10 15:14:52.562   834   834 I PackageManager: /system/app/EasterEgg changed; collecting certs
01-10 15:14:52.565   834   892 W PackageParser: Ignoring duplicate uses-permissions/uses-permissions-sdk-m: android.permission.CHANGE_WIFI_STATE in package: com.android.nfc at: Binary XML file line #47
01-10 15:14:52.566   834   892 W PackageParser: Ignoring duplicate uses-permissions/uses-permissions-sdk-m: android.permission.ACCESS_WIFI_STATE in package: com.android.nfc at: Binary XML file line #48
01-10 15:14:52.582   834   834 I PackageManager: /system/app/DownloadProviderUi changed; collecting certs
01-10 15:14:52.588   834   834 E PackageManager: Adding duplicate user id: 10008 name=com.android.providers.downloads.ui
01-10 15:14:52.590   834   834 I PackageManager: /system/app/ExtShared changed; collecting certs
01-10 15:14:52.594   834   834 I PackageManager: /system/app/ExactCalculator changed; collecting certs
01-10 15:14:52.601   834   834 I PackageManager: /system/app/DeskClock changed; collecting certs
01-10 15:14:52.627   834   834 I PackageManager: /system/app/Gallery2 changed; collecting certs
01-10 15:14:52.655   834   834 W PackageManager: Failed to scan /system/app/Gallery2: Application package com.android.gallery3d already installed.  Skipping duplicate.
01-10 15:14:52.655   834   834 I PackageManager: /system/app/Email changed; collecting certs
01-10 15:14:52.688   834   834 I PackageManager: /system/app/HTMLViewer changed; collecting certs
01-10 15:14:52.693   834   834 I PackageManager: /system/app/KeyChain changed; collecting certs
01-10 15:14:52.697   834   834 E PackageManager: Adding duplicate shared id: 1000 name=com.android.keychain
01-10 15:14:52.699   834   834 I PackageManager: /system/app/LatinImeDictionaryPack changed; collecting certs
01-10 15:14:52.708   834   834 I PackageManager: /system/app/LatinIME changed; collecting certs
01-10 15:14:52.767   817   817 I rild    : type=1400 audit(0.0:169): avc: denied { write } for name="qmux_connect_socket" dev="tmpfs" ino=18865 scontext=u:r:rild:s0 tcontext=u:object_r:socket_device:s0 tclass=sock_file permissive=1
01-10 15:14:52.771   813   813 I rild    : type=1400 audit(0.0:170): avc: denied { read write } for name="dummy_file" dev="mmcblk0p50" ino=874900 scontext=u:r:rild:s0 tcontext=u:object_r:system_data_file:s0 tclass=file permissive=1
01-10 15:14:52.775   503   503 I rild    : type=1400 audit(0.0:175): avc: denied { getattr } for path="/data/misc/radio/dummy_file" dev="mmcblk0p50" ino=874900 scontext=u:r:rild:s0 tcontext=u:object_r:system_data_file:s0 tclass=file permissive=1
01-10 15:14:52.780   489   885 D ImsWmsClient: ImsWmsClient :: event_id=4
01-10 15:14:52.781   489   885 D ImsWmsClient: ImsWmsClient :: event_id=4
01-10 15:14:52.779   821   821 I rild    : type=1400 audit(0.0:176): avc: denied { write } for name="qmux_radio" dev="tmpfs" ino=11806 scontext=u:r:rild:s0 tcontext=u:object_r:socket_device:s0 tclass=dir permissive=1
01-10 15:14:52.783   927   927 I rild    : type=1400 audit(0.0:178): avc: denied { remove_name } for name="uim_remote_client_socket" dev="tmpfs" ino=16598 scontext=u:r:rild:s0 tcontext=u:object_r:socket_device:s0 tclass=dir permissive=1
01-10 15:14:52.783   927   927 I rild    : type=1400 audit(0.0:179): avc: denied { unlink } for name="uim_remote_client_socket" dev="tmpfs" ino=16598 scontext=u:r:rild:s0 tcontext=u:object_r:socket_device:s0 tclass=sock_file permissive=1
01-10 15:14:52.802   503   763 D PerMgrLib: QCRIL voting for modem
01-10 15:14:52.802   468   524 D PerMgrSrv: QCRIL voting for modem
01-10 15:14:52.802   468   524 D PerMgrSrv: modem num voters is 2
01-10 15:14:52.799   763   763 I rild    : type=1400 audit(0.0:180): avc: denied { call } for scontext=u:r:rild:s0 tcontext=u:r:init:s0 tclass=binder permissive=1
01-10 15:14:52.803   485   485 I netmgrd : type=1400 audit(0.0:181): avc: denied { ioctl } for path="socket:[16619]" dev="sockfs" ino=16619 ioctlcmd=89f4 scontext=u:r:init:s0 tcontext=u:r:init:s0 tclass=udp_socket permissive=1
01-10 15:14:52.815   975   975 I sh      : type=1400 audit(0.0:184): avc: denied { execute_no_trans } for path="/system/bin/tc" dev="mmcblk0p47" ino=443 scontext=u:r:init:s0 tcontext=u:object_r:system_file:s0 tclass=file permissive=1
01-10 15:14:52.871   834   834 I PackageManager: /system/app/MusicX changed; collecting certs
01-10 15:14:52.923   834   834 I PackageManager: /system/app/PacProcessor changed; collecting certs
01-10 15:14:52.933   834   834 I PackageManager: /system/app/NfcNci changed; collecting certs
01-10 15:14:52.947   834   834 E PackageManager: Adding duplicate shared id: 1027 name=com.android.nfc
01-10 15:14:52.950   834   834 I PackageManager: /system/app/PhotoTable changed; collecting certs
01-10 15:14:52.959   834   834 I PackageManager: /system/app/PrintRecommendationService changed; collecting certs
01-10 15:14:52.963   834   834 I PackageManager: /system/app/PrintSpooler changed; collecting certs
01-10 15:14:52.974   834   834 I PackageManager: /system/app/QuickSearchBox changed; collecting certs
01-10 15:14:52.982   834   834 I PackageManager: /system/app/Stk changed; collecting certs
01-10 15:14:52.987   834   834 E PackageManager: Adding duplicate shared id: 1001 name=com.android.stk
01-10 15:14:52.989   834   834 I PackageManager: /system/app/Terminal changed; collecting certs
01-10 15:14:52.999   834   834 I PackageManager: /system/app/TimeService changed; collecting certs
01-10 15:14:53.002   834   834 E PackageManager: Adding duplicate shared id: 1000 name=com.qualcomm.timeservice
01-10 15:14:53.004   834   834 I PackageManager: /system/app/UserDictionaryProvider changed; collecting certs
01-10 15:14:53.008   834   834 E PackageManager: Adding duplicate user id: 10002 name=com.android.providers.userdictionary
01-10 15:14:53.010   834   834 I PackageManager: /system/app/WAPPushManager changed; collecting certs
01-10 15:14:53.014   834   834 I PackageManager: /system/app/WallpaperBackup changed; collecting certs
01-10 15:14:53.018   834   834 E PackageManager: Adding duplicate shared id: 1000 name=com.android.wallpaperbackup
01-10 15:14:53.019   834   834 I PackageManager: /system/app/Wallpapers changed; collecting certs
01-10 15:14:53.039   834   834 I PackageManager: /system/app/messaging changed; collecting certs
01-10 15:14:53.067  1255  1255 I iptables: type=1400 audit(0.0:185): avc: denied { getopt } for lport=255 scontext=u:r:init:s0 tcontext=u:r:init:s0 tclass=rawip_socket permissive=1
01-10 15:14:53.090   834   834 I PackageManager: /system/app/webview changed; collecting certs
01-10 15:14:53.553   485   887 E Diag_Lib:  Diag_LSM_Init: Failed to open handle to diag driver, error = 2
01-10 15:14:53.551   887   887 I netmgrd : type=1400 audit(0.0:186): avc: denied { ioctl } for path="socket:[18092]" dev="sockfs" ino=18092 ioctlcmd=c302 scontext=u:r:init:s0 tcontext=u:r:init:s0 tclass=socket permissive=1
01-10 15:14:53.692   834   834 D PackageManager: No files in app dir /system/vendor/app
01-10 15:14:53.692   834   834 D PackageManager: No files in app dir /oem/app
01-10 15:14:53.695   834   834 I PackageManager: Finished scanning system apps. Time: 2988 ms, packageCount: 86 , timePerPackage: 34 , cached: 0
01-10 15:14:53.697   834   834 W PackageManager: Failed to parse /data/app/mcRegistry: Missing base APK in /data/app/mcRegistry
01-10 15:14:53.698   834   834 D PackageManager: No files in app dir /data/app-private
01-10 15:14:53.698   834   834 I PackageManager: Finished scanning non-system apps. Time: 3 ms, packageCount: 0 , timePerPackage: 0 , cached: 0
01-10 15:14:53.704   834   834 I PackageManager: Time to scan packages: 2.997 seconds
01-10 15:14:53.729   834   834 V PackageManager: reconcileAppsData for null u0 0x3 migrateAppData=true
01-10 15:14:53.730   834   834 W PackageManager: Destroying /data/user/0/media due to: com.android.server.pm.PackageManagerException: Package media is unknown
01-10 15:14:53.767   493   493 I SELinux : SELinux: Loaded file_contexts
01-10 15:14:53.778   493   532 W installd: Requested default storage /data/user_de/0/com.android.providers.telephony is not active; migrating from /data/data/com.android.providers.telephony
01-10 15:14:53.779   887   887 I netmgrd : type=1400 audit(0.0:187): avc: denied { ioctl } for path="socket:[20311]" dev="sockfs" ino=20311 ioctlcmd=8946 scontext=u:r:init:s0 tcontext=u:r:init:s0 tclass=udp_socket permissive=1
01-10 15:14:53.819   493   532 W installd: Requested default storage /data/user_de/0/com.android.defcontainer is not active; migrating from /data/data/com.android.defcontainer
01-10 15:14:53.833   493   532 W installd: Requested default storage /data/user_de/0/android is not active; migrating from /data/data/android
01-10 15:14:53.861   493   493 W installd: Requested default storage /data/user_de/0/com.android.providers.settings is not active; migrating from /data/data/com.android.providers.settings
01-10 15:14:53.875   493  2213 W installd: Requested default storage /data/user_de/0/com.android.inputdevices is not active; migrating from /data/data/com.android.inputdevices
01-10 15:14:53.886   493   532 W installd: Requested default storage /data/user_de/0/android.ext.shared is not active; migrating from /data/data/android.ext.shared
01-10 15:14:53.899   493  2209 W installd: Requested default storage /data/user_de/0/com.android.server.telecom is not active; migrating from /data/data/com.android.server.telecom
01-10 15:14:53.922   493   532 W installd: Requested default storage /data/user_de/0/android.ext.services is not active; migrating from /data/data/android.ext.services
01-10 15:14:53.933   493  2213 W installd: Requested default storage /data/user_de/0/com.android.packageinstaller is not active; migrating from /data/data/com.android.packageinstaller
01-10 15:14:53.948   493   532 W installd: Requested default storage /data/user_de/0/com.android.proxyhandler is not active; migrating from /data/data/com.android.proxyhandler
01-10 15:14:53.962   493  2209 W installd: Requested default storage /data/user_de/0/com.android.inputmethod.latin is not active; migrating from /data/data/com.android.inputmethod.latin
01-10 15:14:53.974   493   493 W installd: Requested default storage /data/user_de/0/com.android.settings is not active; migrating from /data/data/com.android.settings
01-10 15:14:53.988   493  2213 W installd: Requested default storage /data/user_de/0/com.android.phone is not active; migrating from /data/data/com.android.phone
01-10 15:14:54.003   493  2213 W installd: Requested default storage /data/user_de/0/com.android.shell is not active; migrating from /data/data/com.android.shell
01-10 15:14:54.015   493   493 W installd: Requested default storage /data/user_de/0/com.android.location.fused is not active; migrating from /data/data/com.android.location.fused
01-10 15:14:54.027   493  2213 W installd: Requested default storage /data/user_de/0/com.android.systemui is not active; migrating from /data/data/com.android.systemui
01-10 15:14:54.032   834   834 V PackageManager: reconcileAppsData finished 19 packages
01-10 15:14:54.032   834   834 V PackageManager: Disabling com.google.android.gsf/com.google.android.gsf.update.SystemUpdateActivity
01-10 15:14:54.032   834   834 W PackageManager: Unable to disable com.google.android.gsf/com.google.android.gsf.update.SystemUpdateActivity
01-10 15:14:54.032   834   834 V PackageManager: Disabling com.google.android.gsf/com.google.android.gsf.update.SystemUpdateService$Receiver
01-10 15:14:54.032   834   834 W PackageManager: Unable to disable com.google.android.gsf/com.google.android.gsf.update.SystemUpdateService$Receiver
01-10 15:14:54.032   834   834 V PackageManager: Disabling com.google.android.gsf/com.google.android.gsf.update.SystemUpdateService$SecretCodeReceiver
01-10 15:14:54.032   834   834 W PackageManager: Unable to disable com.google.android.gsf/com.google.android.gsf.update.SystemUpdateService$SecretCodeReceiver
01-10 15:14:54.032   834  2655 D SystemServerInitThreadPool: Started executing prepareAppData
01-10 15:14:54.032   834   834 V PackageManager: Disabling com.google.android.gsf/com.google.android.gsf.update.SystemUpdateServiceReceiver
01-10 15:14:54.032   834   834 W PackageManager: Unable to disable com.google.android.gsf/com.google.android.gsf.update.SystemUpdateServiceReceiver
01-10 15:14:54.033   834   834 V PackageManager: Disabling com.google.android.gms/com.google.android.gms.update.SystemUpdateActivity
01-10 15:14:54.033   834   834 W PackageManager: Unable to disable com.google.android.gms/com.google.android.gms.update.SystemUpdateActivity
01-10 15:14:54.033   834   834 V PackageManager: Disabling com.google.android.gms/com.google.android.gms.update.SystemUpdateService$Receiver
01-10 15:14:54.033   834   834 W PackageManager: Unable to disable com.google.android.gms/com.google.android.gms.update.SystemUpdateService$Receiver
01-10 15:14:54.033   834   834 V PackageManager: Disabling com.google.android.gms/com.google.android.gms.update.SystemUpdateService$ActiveReceiver
01-10 15:14:54.033   834   834 W PackageManager: Unable to disable com.google.android.gms/com.google.android.gms.update.SystemUpdateService$ActiveReceiver
01-10 15:14:54.033   834   834 V PackageManager: Disabling com.google.android.gms/com.google.android.gms.update.SystemUpdateService$SecretCodeReceiver
01-10 15:14:54.033   834   834 W PackageManager: Unable to disable com.google.android.gms/com.google.android.gms.update.SystemUpdateService$SecretCodeReceiver
01-10 15:14:54.033   834   834 V PackageManager: Disabling com.google.android.gms/com.google.android.gms.update.SystemUpdateServiceReceiver
01-10 15:14:54.033   834   834 W PackageManager: Unable to disable com.google.android.gms/com.google.android.gms.update.SystemUpdateServiceReceiver
01-10 15:14:54.033   834   834 V PackageManager: Enabling com.google.android.gsf/com.google.android.gsf.update.SystemUpdateService
01-10 15:14:54.033   834   834 W PackageManager: Unable to enable com.google.android.gsf/com.google.android.gsf.update.SystemUpdateService
01-10 15:14:54.033   834   834 V PackageManager: Enabling com.google.android.gms/com.google.android.gms.update.SystemUpdateService
01-10 15:14:54.033   834   834 W PackageManager: Unable to enable com.google.android.gms/com.google.android.gms.update.SystemUpdateService
01-10 15:14:54.036   834  2655 D SystemServerTimingAsync: AppDataFixup took to complete: 4ms
01-10 15:14:54.070   834   834 E PackageManager: There should probably be a verifier, but, none were found
01-10 15:14:54.074   834   834 D PackageManager: Ephemeral resolver not found with new action; try old one
01-10 15:14:54.074   834   834 D PackageManager: Ephemeral resolver NOT found; no matching intent filters
01-10 15:14:54.075   834   834 D PackageManager: Ephemeral installer not found with new action; try old one
01-10 15:14:54.075   834   834 D PackageManager: Clear ephemeral installer activity
01-10 15:14:54.124   834   834 I zygote64: Explicit concurrent copying GC freed 61585(3MB) AllocSpace objects, 36(976KB) LOS objects, 66% free, 3MB/9MB, paused 37us total 44.362ms
01-10 15:14:54.126   834   834 D FallbackCategoryProvider: Found 1 fallback categories
01-10 15:14:54.131   834   834 D SystemServerTiming: StartPackageManagerService took to complete: 3489ms
01-10 15:14:54.131   834   834 I SystemServer: StartOtaDexOptService
01-10 15:14:54.134   834   834 D OTADexopt: No upgrade, skipping A/B artifacts check.
01-10 15:14:54.135   834   834 D SystemServerTiming: StartOtaDexOptService took to complete: 4ms
01-10 15:14:54.135   834   834 I SystemServer: StartUserManagerService
01-10 15:14:54.135   834   834 I SystemServiceManager: Starting com.android.server.pm.UserManagerService$LifeCycle
01-10 15:14:54.136   834   834 D SystemServerTiming: StartUserManagerService took to complete: 1ms
01-10 15:14:54.136   834   834 I SystemServer: InitAttributerCache
01-10 15:14:54.136   834   834 D SystemServerTiming: InitAttributerCache took to complete: 0ms
01-10 15:14:54.136   834   834 I SystemServer: SetSystemProcess
01-10 15:14:54.155  2868  2868 I sh      : type=1400 audit(0.0:188): avc: denied { execute_no_trans } for path="/system/bin/iptables" dev="mmcblk0p47" ino=270 scontext=u:r:init:s0 tcontext=u:object_r:system_file:s0 tclass=file permissive=1
01-10 15:14:54.162   471   471 I lowmemorykiller: ActivityManager connected
01-10 15:14:54.162   834   834 D SystemServerTiming: SetSystemProcess took to complete: 26ms
01-10 15:14:54.164   834  2872 I ServiceThread: Enabled StrictMode logging for android.anim looper.
01-10 15:14:54.164   834   834 I SystemServer: StartOverlayManagerService
01-10 15:14:54.169   834   834 D SystemServerTiming: StartOverlayManagerService took to complete: 5ms
01-10 15:14:54.170   834   834 I SystemServer: StartDropBoxManager
01-10 15:14:54.170   834   834 I SystemServiceManager: Starting com.android.server.DropBoxManagerService
01-10 15:14:54.171   834  2882 D SystemServerInitThreadPool: Started executing Init OverlayManagerService
01-10 15:14:54.172   834   834 D SystemServerTiming: StartDropBoxManager took to complete: 1ms
01-10 15:14:54.172   834   834 I SystemServer: StartBatteryService
01-10 15:14:54.172   834   834 I SystemServiceManager: Starting com.android.server.BatteryService
01-10 15:14:54.172   834  2883 D SystemServerInitThreadPool: Started executing StartSensorService
01-10 15:14:54.172   834  2883 D SensorService: nuSensorService starting...
01-10 15:14:54.174   400   400 W /system/bin/hwservicemanager: getTransport: Cannot find entry android.hardware.sensors@1.0::ISensors/default in either framework or device manifest.
01-10 15:14:54.177   834  2883 D vndksupport: Loading /vendor/lib64/hw/android.hardware.sensors@1.0-impl.so from current namespace instead of sphal namespace.
01-10 15:14:54.204   834   834 D SystemServerTiming: StartBatteryService took to complete: 32ms
01-10 15:14:54.204   834   834 I SystemServer: StartUsageService
01-10 15:14:54.205   834   834 I SystemServiceManager: Starting com.android.server.usage.UsageStatsService
01-10 15:14:54.216   834  2883 I sensors_hal_Ctx: enableLogging: Setting log level to 5
01-10 15:14:54.216   834  2883 E sensors_hal_Ctx: enableLogging: Mag filter level is 1
01-10 15:14:54.216   834  2883 I libsensor1: sensor1_init_once: Setting log level to 5
01-10 15:14:54.218   504   504 E QMI_FW  : xport_send: Sendto failed for port 3072
01-10 15:14:54.218   504   504 E QMI_FW  : QCCI qmi_cci_flush_tx_q: Error sending TXN: svc_id: 271 txn_id: 1 msg_id: 2
01-10 15:14:54.218   504   504 E Sensors : sns_acm_mr.c(499):Transport error -16
01-10 15:14:54.247  2960  2960 I rild    : type=1400 audit(0.0:189): avc: denied { ioctl } for path="socket:[15079]" dev="sockfs" ino=15079 ioctlcmd=c302 scontext=u:r:rild:s0 tcontext=u:r:rild:s0 tclass=socket permissive=1
01-10 15:14:54.259   834   834 W SystemServiceManager: Service com.android.server.usage.UsageStatsService took 54 ms in onStart
01-10 15:14:54.259   834   834 D SystemServerTiming: StartUsageService took to complete: 55ms
01-10 15:14:54.259   834   834 I SystemServer: StartWebViewUpdateService
01-10 15:14:54.260   834   834 I SystemServiceManager: Starting com.android.server.webkit.WebViewUpdateService
01-10 15:14:54.265   834   834 D SystemServerTiming: StartWebViewUpdateService took to complete: 6ms
01-10 15:14:54.266   834   834 I SystemServer: StartKeyAttestationApplicationIdProviderService
01-10 15:14:54.266   834   847 D SystemServerInitThreadPool: Started executing SecondaryZygotePreload
01-10 15:14:54.266   834   847 I SystemServer: SecondaryZygotePreload
01-10 15:14:54.268   834   834 D SystemServerTiming: StartKeyAttestationApplicationIdProviderService took to complete: 1ms
01-10 15:14:54.268   834   834 I SystemServer: StartKeyChainSystemService
01-10 15:14:54.268   834   834 I SystemServiceManager: Starting com.android.server.security.KeyChainSystemService
01-10 15:14:54.269   834   834 D SystemServerTiming: StartKeyChainSystemService took to complete: 1ms
01-10 15:14:54.269   834   834 I SystemServer: StartSchedulingPolicyService
01-10 15:14:54.271   834   834 D SystemServerTiming: StartSchedulingPolicyService took to complete: 1ms
01-10 15:14:54.271   834   834 I SystemServer: StartTelecomLoaderService
01-10 15:14:54.271   834   834 I SystemServiceManager: Starting com.android.server.telecom.TelecomLoaderService
01-10 15:14:54.271   834   834 D SystemServerTiming: StartTelecomLoaderService took to complete: 1ms
01-10 15:14:54.272   834   834 I SystemServer: StartTelephonyRegistry
01-10 15:14:54.277   834   847 I Zygote  : Process: zygote socket zygote opened, supported ABIS: arm64-v8a
01-10 15:14:54.279   834   845 D lights  : Using onoff pattern: 0x000000
01-10 15:14:54.288   834   847 I Zygote  : Process: zygote socket zygote_secondary opened, supported ABIS: armeabi-v7a,armeabi
01-10 15:14:54.288   418   418 I Zygote  : Lazily preloading resources.
01-10 15:14:54.288   418   418 D Zygote  : begin preload
01-10 15:14:54.288   418   418 I Zygote  : Installing ICU cache reference pinning...
01-10 15:14:54.288   418   418 I Zygote  : Preloading ICU data...
01-10 15:14:54.290   834   834 D SystemServerTiming: StartTelephonyRegistry took to complete: 19ms
01-10 15:14:54.290   834   834 I SystemServer: StartEntropyMixer
01-10 15:14:54.291   834   834 W EntropyMixer: No existing entropy file -- first boot?
01-10 15:14:54.292   834   834 I EntropyMixer: Writing entropy...
01-10 15:14:54.293   834   834 D SystemServerTiming: StartEntropyMixer took to complete: 3ms
01-10 15:14:54.293   834   834 I SystemServer: StartAccountManagerService
01-10 15:14:54.294   834   834 I SystemServiceManager: Starting com.android.server.accounts.AccountManagerService$Lifecycle
01-10 15:14:54.327   418   418 D ZygoteInitTiming_lazy: BeginIcuCachePinning took to complete: 39ms
01-10 15:14:54.327   418   418 I Zygote  : Preloading classes...
01-10 15:14:54.339  3014  3014 W ResourceType: CREATING STRING CACHE OF 47240 bytes
01-10 15:14:54.380   834  2882 D SystemServerInitThreadPool: Finished executing Init OverlayManagerService
01-10 15:14:54.390   834   834 W SystemServiceManager: Service com.android.server.accounts.AccountManagerService$Lifecycle took 95 ms in onStart
01-10 15:14:54.390   834   834 D SystemServerTiming: StartAccountManagerService took to complete: 96ms
01-10 15:14:54.390   834   834 I SystemServer: StartContentService
01-10 15:14:54.390   834   834 I SystemServiceManager: Starting com.android.server.content.ContentService$Lifecycle
01-10 15:14:54.394   834   834 D SystemServerTiming: StartContentService took to complete: 3ms
01-10 15:14:54.394   834   834 I SystemServer: InstallSystemProviders
01-10 15:14:54.512   493  2209 W installd: Requested default storage /data/user_de/0/com.android.stk is not active; migrating from /data/data/com.android.stk
01-10 15:14:54.622   493   493 W installd: Requested default storage /data/user_de/0/com.android.cellbroadcastreceiver is not active; migrating from /data/data/com.android.cellbroadcastreceiver
01-10 15:14:54.813   493   532 W installd: Requested default storage /data/user_de/0/com.android.providers.blockednumber is not active; migrating from /data/data/com.android.providers.blockednumber
01-10 15:14:54.833   493   532 W installd: Requested default storage /data/user_de/0/com.android.emergency is not active; migrating from /data/data/com.android.emergency
01-10 15:14:54.860   493  2213 W installd: Requested default storage /data/user_de/0/com.android.bluetooth is not active; migrating from /data/data/com.android.bluetooth
01-10 15:14:54.891   834  2655 D SystemServerTimingAsync: AppDataPrepare took to complete: 854ms
01-10 15:14:54.891   834  2655 I PackageManager: Deferred reconcileAppsData finished 67 packages
01-10 15:14:54.891   834  2655 D SystemServerInitThreadPool: Finished executing prepareAppData
01-10 15:14:54.898   418   418 E ActivityRecognitionHardware: activity_recognition HAL is deprecated. class_init is effectively a no-op
01-10 15:14:54.930   418   418 W Zygote  : Class not found for preloading: android.icu.impl.number.Parse
01-10 15:14:54.950   418   418 I zygote  : Thread[1,tid=418,Native,Thread*=0xef25a000,peer=0xf100228,"main"] recursive attempt to load library "/system/lib/libmedia_jni.so"
01-10 15:14:54.951   418   418 D MtpDeviceJNI: register_android_mtp_MtpDevice
01-10 15:14:54.952   418   418 I zygote  : Thread[1,tid=418,Native,Thread*=0xef25a000,peer=0xf100228,"main"] recursive attempt to load library "/system/lib/libmedia_jni.so"
01-10 15:14:54.953   418   418 I zygote  : Thread[1,tid=418,Native,Thread*=0xef25a000,peer=0xf100228,"main"] recursive attempt to load library "/system/lib/libmedia_jni.so"
01-10 15:14:55.100   418   418 I Zygote  : ...preloaded 4715 classes in 772ms.
01-10 15:14:55.100   418   418 I zygote  : VMRuntime.preloadDexCaches starting
01-10 15:14:55.169   418   418 I zygote  : VMRuntime.preloadDexCaches strings total=313666 before=10231 after=10231
01-10 15:14:55.169   418   418 I zygote  : VMRuntime.preloadDexCaches types total=26690 before=5490 after=5492
01-10 15:14:55.169   418   418 I zygote  : VMRuntime.preloadDexCaches fields total=127107 before=5507 after=5537
01-10 15:14:55.169   418   418 I zygote  : VMRuntime.preloadDexCaches methods total=225605 before=9941 after=9941
01-10 15:14:55.169   418   418 I zygote  : VMRuntime.preloadDexCaches finished
01-10 15:14:55.169   418   418 D ZygoteInitTiming_lazy: PreloadClasses took to complete: 842ms
01-10 15:14:55.219   834  2883 E sensor_reg: sensor_reg_wait_for_response: Registry request timeout
01-10 15:14:55.219   834  2883 E sensor_reg: sensor_reg_read: sensor_reg_wait_for_response failed
01-10 15:14:55.219   834  2883 E sensors_hal_Ctx: checkMagCalSource: Error in sensor_reg_read(): -2
01-10 15:14:55.219   504   504 E QMI_FW  : xport_send: Sendto failed for port 3072
01-10 15:14:55.219   504   504 E QMI_FW  : QCCI qmi_cci_flush_tx_q: Error sending TXN: svc_id: 271 txn_id: 2 msg_id: 2
01-10 15:14:55.219   504   504 E Sensors : sns_acm_mr.c(499):Transport error -16
01-10 15:14:55.321   418   418 I Zygote  : Preloading resources...
01-10 15:14:55.342   418   418 W Resources: Preloaded drawable resource #0x1080264 (android:drawable/dialog_background_material) that varies with configuration!!
01-10 15:14:55.367   418   418 I Zygote  : ...preloaded 64 resources in 45ms.
01-10 15:14:55.371   418   418 W Resources: Preloaded color resource #0x1060053 (android:color/btn_default_material_dark) that varies with configuration!!
01-10 15:14:55.372   418   418 I Zygote  : ...preloaded 41 resources in 6ms.
01-10 15:14:55.372   418   418 D ZygoteInitTiming_lazy: PreloadResources took to complete: 203ms
01-10 15:14:55.373   418   418 D vndksupport: Loading /vendor/lib/hw/android.hardware.graphics.mapper@2.0-impl.so from current namespace instead of sphal namespace.
01-10 15:14:55.377   418   418 D vndksupport: Loading /vendor/lib/egl/libEGL_adreno.so from current namespace instead of sphal namespace.
01-10 15:14:55.382   418   418 D libEGL  : loaded /vendor/lib/egl/libEGL_adreno.so
01-10 15:14:55.443   418   418 D vndksupport: Loading /vendor/lib/egl/libGLESv1_CM_adreno.so from current namespace instead of sphal namespace.
01-10 15:14:55.446   418   418 D libEGL  : loaded /vendor/lib/egl/libGLESv1_CM_adreno.so
01-10 15:14:55.482   418   418 D vndksupport: Loading /vendor/lib/egl/libGLESv2_adreno.so from current namespace instead of sphal namespace.
01-10 15:14:55.483   418   418 D libEGL  : loaded /vendor/lib/egl/libGLESv2_adreno.so
01-10 15:14:55.514   400   400 W /system/bin/hwservicemanager: getTransport: Cannot find entry android.hardware.nfc@1.0::INfc/default in either framework or device manifest.
01-10 15:14:55.514  3279  3279 D vndksupport: Loading /vendor/lib64/hw/android.hardware.nfc@1.0-impl.so from current namespace instead of sphal namespace.
01-10 15:14:55.515  3279  3279 E android.hardware.nfc@1.0-impl: hw_get_module nfc_nci failed: -2
01-10 15:14:55.515  3279  3279 E android.hardware.nfc@1.0-impl: Passthrough failed to load legacy HAL.
01-10 15:14:55.516  3279  3279 E android.hardware.nfc@1.0-service: Could not get passthrough implementation for android.hardware.nfc@1.0::INfc/default.
01-10 15:14:55.531   418   418 I Zygote  : Preloading shared libraries...
01-10 15:14:55.550   418   418 I Zygote  : Uninstalled ICU cache reference pinning...
01-10 15:14:55.552   418   418 I Zygote  : Installed AndroidKeyStoreProvider in 2ms.
01-10 15:14:55.562   418   418 I Zygote  : Warmed up JCA providers in 10ms.
01-10 15:14:55.562   418   418 D Zygote  : end preload
01-10 15:14:55.563   834   847 D SystemServerTimingAsync: SecondaryZygotePreload took to complete: 1296ms
01-10 15:14:55.563   834   847 D SystemServerInitThreadPool: Finished executing SecondaryZygotePreload
01-10 15:14:55.599  3280  3280 I init    : type=1400 audit(0.0:190): avc: denied { execute_no_trans } for path="/system/vendor/bin/perfd" dev="mmcblk0p47" ino=2408 scontext=u:r:init:s0 tcontext=u:object_r:vendor_file:s0 tclass=file permissive=1
01-10 15:14:55.613  3280  3280 E ANDR-PERF-MPCTL: Unable to create control service (stage=1, rc=0)
01-10 15:14:55.613  3280  3280 W libc    : invalid pthread_t (0) passed to libc
01-10 15:14:56.219   834  2883 E sensor_reg: sensor_reg_wait_for_response: Registry request timeout
01-10 15:14:56.219   834  2883 E sensor_reg: sensor_reg_read: sensor_reg_wait_for_response failed
01-10 15:14:56.219   834  2883 E sensors_hal_Ctx: checkPRXThreshold: Error in sensor_reg_read(): -2
01-10 15:14:56.219   504   504 E QMI_FW  : xport_send: Sendto failed for port 3072
01-10 15:14:56.219   504   504 E QMI_FW  : QCCI qmi_cci_flush_tx_q: Error sending TXN: svc_id: 271 txn_id: 3 msg_id: 2
01-10 15:14:56.219   504   504 E Sensors : sns_acm_mr.c(499):Transport error -16
01-10 15:14:56.235   465   465 I MSM-irqbalance: Decided to move IRQ57 from CPU0 to CPU3
01-10 15:14:56.987   726   726 I qti     : type=1400 audit(0.0:191): avc: denied { read write } for name="dpl_ctrl" dev="tmpfs" ino=10782 scontext=u:r:init:s0 tcontext=u:object_r:device:s0 tclass=chr_file permissive=1
01-10 15:14:56.987   726   726 I qti     : type=1400 audit(0.0:192): avc: denied { open } for path="/dev/dpl_ctrl" dev="tmpfs" ino=10782 scontext=u:r:init:s0 tcontext=u:object_r:device:s0 tclass=chr_file permissive=1
01-10 15:14:57.179   491   491 I cameraserver: type=1400 audit(0.0:193): avc: denied { read write } for name="media0" dev="tmpfs" ino=9560 scontext=u:r:cameraserver:s0 tcontext=u:object_r:device:s0 tclass=chr_file permissive=1
01-10 15:14:57.181   491   491 D mm-camera-intf: index = 0 flag = 1 mount_angle = 90 facing = 0
01-10 15:14:57.181   491   491 D mm-camera-intf: index = 1 flag = 103 mount_angle = 270 facing = 1
01-10 15:14:57.179   491   491 I cameraserver: type=1400 audit(0.0:194): avc: denied { open } for path="/dev/media0" dev="tmpfs" ino=9560 scontext=u:r:cameraserver:s0 tcontext=u:object_r:device:s0 tclass=chr_file permissive=1
01-10 15:14:57.182   491   491 E mm-camera-intf: mm_camera_open: cannot open control fd of '/dev/video1' (No such device)
01-10 15:14:57.182   491   491 E mm-camera-intf: camera_open: mm_camera_open err = -1
01-10 15:14:57.182   491   491 E QCamera3HWI: static int qcamera::QCamera3HardwareInterface::initCapabilities(uint32_t): camera_open failed. rc = -1, cameraHandle = 0x0
01-10 15:14:57.182   491   491 E mm-camera-intf: mm_camera_open: cannot open control fd of '/dev/video2' (No such device)
01-10 15:14:57.182   491   491 E mm-camera-intf: camera_open: mm_camera_open err = -1
01-10 15:14:57.182   491   491 E QCamera3HWI: static int qcamera::QCamera3HardwareInterface::initCapabilities(uint32_t): camera_open failed. rc = -1, cameraHandle = 0x0
01-10 15:14:57.183   491   491 E LGCamera2HWI: void qcamera::n2pmInit() : Failed to load libn2pm.so
01-10 15:14:57.185   491   491 I CamProvider@2.4-impl: Loaded "QCamera Module" camera module
01-10 15:14:57.185   491   491 E mm-camera-intf: mm_camera_open: cannot open control fd of '/dev/video1' (No such device)
01-10 15:14:57.185   491   491 E mm-camera-intf: camera_open: mm_camera_open err = -1
01-10 15:14:57.185   491   491 E QCamera3HWI: static int qcamera::QCamera3HardwareInterface::initCapabilities(uint32_t): camera_open failed. rc = -1, cameraHandle = 0x0
01-10 15:14:57.185   491   491 E CamProvider@2.4-impl: initialize: Camera info query failed!
01-10 15:14:57.185   491   491 E CamProvider@2.4-impl: HIDL_FETCH_ICameraProvider: camera provider init failed!
01-10 15:14:57.219   834  2883 E sensor_reg: sensor_reg_wait_for_response: Registry request timeout
01-10 15:14:57.219   834  2883 E sensor_reg: sensor_reg_read: sensor_reg_wait_for_response failed
01-10 15:14:57.219   834  2883 E sensors_hal_Ctx: checkPRXThreshold: Error in sensor_reg_read(): -2
01-10 15:14:57.220   834  2883 V sensors_hal_Time: Sensor1 opened for time_service
01-10 15:14:57.220   834  2883 D sensors_hal_Ctx: SensorsContext: Wake Up Sensors are enabled!
01-10 15:14:57.221   504   504 E QMI_FW  : xport_send: Sendto failed for port 1792
01-10 15:14:57.221   504   504 E QMI_FW  : QCCI qmi_cci_flush_tx_q: Error sending TXN: svc_id: 256 txn_id: 1 msg_id: 1
01-10 15:14:57.221   504   504 E Sensors : sns_acm_mr.c(499):Transport error -16
01-10 15:14:58.220   834  2883 E sensors_hal_Util: waitForResponse: pthread_cond_timedwait() rc=110 (cond: 0)
01-10 15:14:58.220   834  2883 E sensors_hal_Ctx: sendSMGRVersionReq: SMGR version request timed out
01-10 15:14:58.220   834  2883 E sensors_hal_Ctx: SensorsContext: SMGR version request failed!
01-10 15:14:58.221   504   504 E QMI_FW  : xport_send: Sendto failed for port 1792
01-10 15:14:58.221   504   504 E QMI_FW  : QCCI qmi_cci_flush_tx_q: Error sending TXN: svc_id: 256 txn_id: 2 msg_id: 5
01-10 15:14:58.221   504   504 E Sensors : sns_acm_mr.c(499):Transport error -16
01-10 15:14:59.221   834  2883 E sensors_hal_Util: waitForResponse: pthread_cond_timedwait() rc=110 (cond: 0)
01-10 15:14:59.221   834  2883 E sensors_hal_Ctx: getSensorList: Request timed out
01-10 15:14:59.221   834  2883 E sensors_hal_Ctx: SensorsContext: get sensor list failed!
01-10 15:14:59.221   504   504 E QMI_FW  : xport_send: Sendto failed for port 3072
01-10 15:14:59.221   504   504 E QMI_FW  : QCCI qmi_cci_flush_tx_q: Error sending TXN: svc_id: 271 txn_id: 4 msg_id: 2
01-10 15:14:59.221   504   504 E Sensors : sns_acm_mr.c(499):Transport error -16
01-10 15:14:59.531   503   763 E Diag_Lib:  Diag_LSM_Init: Failed to open handle to diag driver, error = 2
01-10 15:14:59.531   503   763 I chatty  : uid=1001(radio) /vendor/bin/hw/rild identical 1 line
