02-23 16:48:02.313   532 22108 E Sensors : devname: /dev/input/event4
02-23 16:48:02.332   532 22108 E Sensors : devname: /dev/input/event3
02-23 16:48:02.356   532 22108 E Sensors : devname: /dev/input/event1
02-23 16:48:02.380   532 22108 E Sensors : devname: /dev/input/mice
02-23 16:48:02.416   532 22108 E Sensors : devname: /dev/input/event0
02-23 16:48:02.452   532 22108 E Sensors : devname: /dev/input/event2
02-23 16:48:02.476   532 22108 E Sensors : No Tof sensor found!!!
02-23 16:48:02.476   532 22108 E mm-camera: sensor_laser_init:164  0 sensor supported
02-23 16:48:02.478   532 22108 E mm-camera: gyro_port_init:1404  Failure initializing laser sensor. Error: 4
02-23 16:48:02.478   532 22108 I CAMERA_SENSOR: start_accel_sensor
02-23 16:48:02.478   532 22108 E mm-camera: start_accel_sensor: sensor1_open E
02-23 16:48:02.481   532 22108 E mm-camera: start_accel_sensor: sensor1_open X, res = 0
02-23 16:48:02.485   532 22138 I CAMERA_SENSOR: accel_data_cb received RESP - SNS_SMGR_REPORT_RESP_V01
02-23 16:48:02.486   532 22108 D mm-camera: mct: mct_pipeline_start_session_thread: X imglib
02-23 16:48:02.487   532   532 E mm-camera: sensor_get_cur_chromatix_name:2577Error: Load default preview chroamtix
02-23 16:48:02.487   532   532 E mm-camera-sensor: chromatix_load_library_ex : chromatix = libchromatix_imx234_snapshot_open.so , lib name = /system/vendor/lib/libchromatix_imx234_snapshot_open.so
02-23 16:48:02.487   532   532 E mm-camera-sensor: chromatix_load_library_ex : chromatix = libchromatix_imx234_snapshot_open.so , lib name = /system/vendor/lib/libchromatix_imx234_snapshot_open.so
02-23 16:48:02.488   532   532 E mm-camera-sensor: chromatix_load_library_ex : chromatix = libchromatix_imx234_common_open.so , lib name = /system/vendor/lib/libchromatix_imx234_common_open.so
02-23 16:48:02.488   532   532 E mm-camera-sensor: chromatix_load_library_ex : chromatix = libchromatix_imx234_cpp_snapshot_open.so , lib name = /system/vendor/lib/libchromatix_imx234_cpp_snapshot_open.so
02-23 16:48:02.488   532   532 E mm-camera-sensor: chromatix_load_library_ex : chromatix = libchromatix_imx234_cpp_snapshot_open.so , lib name = /system/vendor/lib/libchromatix_imx234_cpp_snapshot_open.so
02-23 16:48:02.488   532   532 E mm-camera-sensor: chromatix_load_library_ex : chromatix = libchromatix_imx234_cpp_flash_snapshot_open.so , lib name = /system/vendor/lib/libchromatix_imx234_cpp_flash_snapshot_open.so
02-23 16:48:02.489   532   532 E mm-camera-sensor: chromatix_load_library_ex : chromatix = libchromatix_imx234_cpp_video_open.so , lib name = /system/vendor/lib/libchromatix_imx234_cpp_video_open.so
02-23 16:48:02.489   532   532 E mm-camera-sensor: chromatix_load_library_ex : chromatix = libchromatix_imx234_postproc_open.so , lib name = /system/vendor/lib/libchromatix_imx234_postproc_open.so
02-23 16:48:02.491   532   532 E mm-camera-isp2: isp_resource_query_mod:145 num_isp_preallocate 1 num_session_opened 1 dual_vfe_enabled 0
02-23 16:48:02.491   532   532 E mm-camera: module_faceproc_query_mod:1996] Caps ROI 5 scene_mode_cnt 1 HW analysis supported 0
02-23 16:48:02.491   532   532 E hdr     : module_hdr_lib_query_mod:181] Supported scenemode cnt 2
02-23 16:48:02.491   532   532 D mm-camera: mct: mct_pipeline_process_set:command=800000a
02-23 16:48:02.491   532   532 D mm-camera: mct: mct_pipeline_process_set: Adding new stream: id [0f]
02-23 16:48:02.491   532   532 D mm-camera: mct: mct_pipeline_process_set:command=8000012
02-23 16:48:02.491   532   532 D mm-camera: mct: mct_stream_start_link: Start linking Session-stream 0x1000f
02-23 16:48:02.492   532   532 I mm-camera: module_iface_set_mod_func: set module type = 8, identity 1000f
02-23 16:48:02.492   532   532 E mm-camera: isp_port_check_caps_reserve:737 port 0xe65e1ac0 ide 1000f type 10 dim 0 0
02-23 16:48:02.492   532   532 E mm-camera: int_link = 0xe65e80e0
02-23 16:48:02.492   532   532 I mm-camera: pproc_port_add_modules_to_stream:433, linking mods tmod and c2d
02-23 16:48:02.496   532   532 I mm-camera: pproc_port_add_modules_to_stream:433, linking mods c2d and cpp
02-23 16:48:02.497   532   532 E mm-camera: Interleaved flag is 0, identity 65551 port type 0
02-23 16:48:02.497   532   532 I mm-camera: pproc_port_add_modules_to_stream:433, linking mods cpp and afs
02-23 16:48:02.497   532   532 I mm-camera: pproc_port_add_modules_to_stream:433, linking mods afs and llvd
02-23 16:48:02.498   532   532 I mm-camera: pproc_port_add_modules_to_stream:433, linking mods llvd and ezt
02-23 16:48:02.498   532   532 E mm-camera: pproc_port_add_modules_to_stream:454] X rc: 1
02-23 16:48:02.514   532   532 D mm-camera: mct: mct_pipeline_process_set: Linking successful for stream 0x1000f stream type=10
02-23 16:48:02.562 21679 21679 D mm-jpeg-intf: Max picture size 5312 x 2988, WorkBufSize = 23967744
02-23 16:48:02.576 21679 21679 I qomx_image_core: OMX_Init:95] Complete 3
02-23 16:48:02.578 21679 21679 E QCameraHWI_Mem: void qcamera::QCameraMemory::traceLogAllocStart(size_t, int, const char*):HeapMemsize 659104
02-23 16:48:02.578 21679 21679 E QCameraHWI_Mem: void qcamera::QCameraMemory::traceLogAllocStart(size_t, int, const char*):Memsize 659104
02-23 16:48:02.579 21679 21679 E QCameraHWI_Mem: void qcamera::QCameraMemory::traceLogAllocEnd(size_t) 659104
02-23 16:48:02.579 21679 21679 E QCameraHWI_Mem: void qcamera::QCameraMemory::traceLogAllocEnd(size_t) 659104
02-23 16:48:02.580 21679 21679 D QCameraParameters: int32_t qcamera::QCameraParameters::initDefaultParameters(): supported preview sizes: 2560x1440,1920x1440,2048x1536,2048x1080,1920x1080,1776x1080,1440x1080,1280x960,1280x720,960x720,864x480,880x720,848x480,800x480,768x432,720x480,640x640,640x480,640x360,576x432,480x320,384x288,352x288,320x240,240x160,176x144
02-23 16:48:02.580 21679 21679 D QCameraParameters: int32_t qcamera::QCameraParameters::initDefaultParameters(): supported video sizes: 1920x1080,1280x960,1280x720,864x480,848x480,800x480,720x480,640x480,640x360,480x320,352x288,320x240,176x144,144x176
02-23 16:48:02.581 21679 21679 D QCameraParameters: int32_t qcamera::QCameraParameters::initDefaultParameters(): supported pic sizes: 5312x2988,3984x2988,3840x2160,3264x2448,3264x1836,2560x1920,2592x1944,2688x1512,2048x1536,1920x1080,1600x1200,1536x864,1280x960,1280x768,1280x720,1024x768,880x720,800x600,864x480,800x480,720x480,640x480,640x360,352x288,320x240,176x144
02-23 16:48:02.581 21679 21679 D QCameraParameters: int32_t qcamera::QCameraParameters::setPreviewFpsRange(int, int, int, int): Setting preview fps range 2000,30000
02-23 16:48:02.581 21679 21679 D QCameraParameters: int32_t qcamera::QCameraParameters::setPreviewFpsRange(int, int, int, int): Updated: minFps = 2000, maxFps = 30000 , vid minFps = 2000, vid maxFps = 30000
02-23 16:48:02.581 21679 21679 D QCamera2HWI: int qcamera::QCamera2HardwareInterface::calcThermalLevel(qcamera::qcamera_thermal_level_enum_t, int, int, cam_fps_range_t&, msm_vfe_frame_skip_pattern&): level: 0, preview minfps 2000.000000, preview maxfpS 30000.000000, video minfps 2000.000000, video maxfpS 30000.000000
02-23 16:48:02.581 21679 21679 D QCamera2HWI: int qcamera::QCamera2HardwareInterface::calcThermalLevel(qcamera::qcamera_thermal_level_enum_t, int, int, cam_fps_range_t&, msm_vfe_frame_skip_pattern&): Thermal level 0, FPS [2.00,30.00, 2.00,30.00], frameskip 0
02-23 16:48:02.581 21679 21679 D QCameraParameters: int32_t qcamera::QCameraParameters::setPreviewFpsRange(int, int, int, int): Thermal adjusted Preview fps range 2.00,30.00, 2.00, 30.00
02-23 16:48:02.582 21679 21679 D QCameraParameters: int32_t qcamera::QCameraParameters::initDefaultParameters(): supported fps rates: 2,3,4,5,6,7,8,9,10,11,12,13,14,15,16,17,18,19,20,21,22,23,24,25,26,27,28,29,30
02-23 16:48:02.582 21679 21679 D QCameraParameters: int32_t qcamera::QCameraParameters::setFocusMode(const char*): Setting focus mode auto
02-23 16:48:02.582 21679 21679 D QCameraParameters: initDefaultParameters: setting KEY_FOCUS_DISTANCES as 0.100000,0.150000,0.170000
02-23 16:48:02.582 21679 21679 D QCameraParameters: int32_t qcamera::QCameraParameters::setAutoExposure(const char*): Setting auto exposure center-weighted
02-23 16:48:02.582 21679 21679 D QCameraParameters: int32_t qcamera::QCameraParameters::setAntibanding(const char*): Setting AntiBanding value auto
02-23 16:48:02.582 21679 21679 D QCameraParameters: int32_t qcamera::QCameraParameters::setFlash(const char*): Setting Flash value off
02-23 16:48:02.583 21679 21679 D QCameraParameters: int32_t qcamera::QCameraParameters::setISOValue(const char*): Setting ISO value auto
02-23 16:48:02.583 21679 21679 D QCameraParameters: int32_t qcamera::QCameraParameters::initDefaultParameters(), Exposure time min 0.034133 ms, max 29377.348000 ms
02-23 16:48:02.583 21679 21679 D QCameraParameters: int32_t qcamera::QCameraParameters::initDefaultParameters(), ISO min 50, max 800
02-23 16:48:02.586 21679 21679 D QCameraParameters: int32_t qcamera::QCameraParameters::setZoom(int): zoom level: 0
02-23 16:48:02.586 21679 21679 I QCameraParameters: int32_t qcamera::QCameraParameters::initDefaultParameters(): setting Exposure Bracketing value of 0,10,-9
02-23 16:48:02.586 21679 21679 D QCameraParameters: int32_t qcamera::QCameraParameters::setAEBracket(const char*), EXP_BRACKETING_OFF
02-23 16:48:02.586 21679 21679 D QCameraParameters: int32_t qcamera::QCameraParameters::setAFBracket(const char*): afBracketStr =af-bracket-off
02-23 16:48:02.586 21679 21679 D QCameraParameters: int32_t qcamera::QCameraParameters::setReFocus(const char*): reFocusStr =re-focus-off
02-23 16:48:02.586 21679 21679 D QCameraParameters: int32_t qcamera::QCameraParameters::setChromaFlash(const char*): chromaFlashStr =chroma-flash-off
02-23 16:48:02.586 21679 21679 D QCameraParameters: int32_t qcamera::QCameraParameters::setOptiZoom(const char*): optiZoomStr =opti-zoom-off
02-23 16:48:02.586 21679 21679 D QCameraParameters: int32_t qcamera::QCameraParameters::setSeeMore(const char*): seeMoreStr =off
02-23 16:48:02.586 21679 21679 D QCameraParameters: int32_t qcamera::QCameraParameters::setToneMapMode(uint32_t, bool): tone map mode 1 
02-23 16:48:02.586 21679 21679 D QCameraParameters: int32_t qcamera::QCameraParameters::setAecLock(const char*): Setting AECLock value false
02-23 16:48:02.586 21679 21679 D QCameraParameters: int32_t qcamera::QCameraParameters::setAwbLock(const char*): Setting AWBLock value false
02-23 16:48:02.586 21679 21679 D QCameraParameters: int32_t qcamera::QCameraParameters::initDefaultParameters(): totalram = -1334108160, freeram = 367960064 
02-23 16:48:02.587 21679 21679 D QCameraParameters: void qcamera::QCameraParameters::setOfflineRAW(): Offline Raw  0
02-23 16:48:02.587 21679 21679 E LGCameraParameters: void qcamera::QCameraParameters::initDefaultParametersEx(): multi_window_af_supported = 1
02-23 16:48:02.587 21679 21679 E LGCameraParameters: createMultiWindowString: (-280,-280,0,0,1),(-140,-420,140,-140,1),(0,-280,280,0,1),(-420,-140,-140,140,1),(-140,-140,140,140,1),(140,-140,420,140,1),(-280,0,0,280,1),(-140,140,140,420,1),(0,0,280,280,1),(-220,-220,220,220,1)
02-23 16:48:02.587 21679 21679 E LGCameraParameters: createMultiWindowString: (720,720,1000,1000,1),(860,580,1140,860,1),(1000,720,1280,1000,1),(580,860,860,1140,1),(860,860,1140,1140,1),(1140,860,1420,1140,1),(720,1000,1000,1420,1),(860,1140,1140,1420,1),(1000,1000,1280,1280,1)
02-23 16:48:02.587 21679 21679 D LGCameraParameters: int32_t qcamera::QCameraParameters::setLG_ISOcontrol(const char*): Setting ISO value auto
02-23 16:48:02.587 21679 21679 E LGCameraParameters: int32_t qcamera::QCameraParameters::setBeautyLevel(int) : [ARC_BEAUTY] beautylevel = 0
02-23 16:48:02.588   532 22147 E mm-camera: sensor_set_frame_rate:1176max fps 30.000000 min fps 2.000000,fixed_frame_rate=0 
02-23 16:48:02.588 21717 21742 I zygote  : Deoptimizing java.lang.String com.viber.voip.util.cg.b(java.lang.String) due to JIT inline cache
02-23 16:48:02.589   532 22147 E mm-camera: iface_util_set_hfr: can't find hw stream, only save hfr mode
02-23 16:48:02.590 21679 21679 D QCameraParameters: int32_t qcamera::QCameraParameters::setNumOfSnapshot(): nBurstNum = 1, nExpnum = 1
02-23 16:48:02.591 21679 21679 I Thermal-Lib: Thermal-Lib-Client: Registraion successful for camera with handle:1
02-23 16:48:02.592 21679 21679 I Thermal-Lib: Thermal-Lib-Client: Registraion successful for camcorder with handle:2
02-23 16:48:02.592 21679 21679 I QCamera2HWI: [KPI Perf] int qcamera::QCamera2HardwareInterface::openCamera(hw_device_t**): X PROFILE_OPEN_CAMERA camera id 0, rc: 0
02-23 16:48:02.592 21679 21679 E QCamera2HWI: int qcamera::QCamera2HardwareInterface::openCamera(hw_device_t**):[PREVIEW_COUNT] preview_count(1)
02-23 16:48:02.592   510   643 I ThermalEngine: Thermal-Server: Adding thermal event listener on fd 65
02-23 16:48:02.592 21679 22154 I Thermal-Lib: Thermal-Lib-Client: Client received msg camera 0
02-23 16:48:02.592 21679 22154 D QCamera2HWI: virtual int qcamera::QCamera2HardwareInterface::thermalEvtHandle(qcamera::qcamera_thermal_level_enum_t*, void*, void*): level = 0, userdata = 0x0, data = 0x0
02-23 16:48:02.592 21679 22154 I Thermal-Lib: Thermal-Lib-Client: Client received msg camcorder 0
02-23 16:48:02.593 21679 22093 E QCameraStateMachine: int32_t qcamera::QCameraStateMachine::procEvtPreviewStoppedState(qcamera::qcamera_sm_evt_enum_t, void*): cannot handle evt(31) in state(0)
02-23 16:48:02.592 21679 22154 D QCamera2HWI: virtual int qcamera::QCamera2HardwareInterface::thermalEvtHandle(qcamera::qcamera_thermal_level_enum_t*, void*, void*): level = 0, userdata = 0x0, data = 0x0
02-23 16:48:02.594 21679 22093 E QCameraStateMachine: int32_t qcamera::QCameraStateMachine::procEvtPreviewStoppedState(qcamera::qcamera_sm_evt_enum_t, void*): cannot handle evt(31) in state(0)
02-23 16:48:02.602 21679 22093 D QCameraParameters: int32_t qcamera::QCameraParameters::setPreviewFpsRange(const qcamera::QCameraParameters&): FpsRange Values:(2000, 30000)
02-23 16:48:02.602 21679 22093 D QCameraParameters: int32_t qcamera::QCameraParameters::setPreviewFpsRange(const qcamera::QCameraParameters&): Requested FpsRange Values:(2000, 30000)
02-23 16:48:02.603 21679 22093 D QCameraParameters: HFR mode is OFF
02-23 16:48:02.603 21679 22093 D QCameraParameters: void qcamera::QCameraParameters::setBufBatchCount(int8_t) : Buffer batch count = 0
02-23 16:48:02.603 21679 22093 D QCameraParameters: int32_t qcamera::QCameraParameters::setPreviewFpsRange(const qcamera::QCameraParameters&): UpdateHFRFrameRate 0
02-23 16:48:02.603 21679 22093 D QCameraParameters: int32_t qcamera::QCameraParameters::setPreviewFpsRange(const qcamera::QCameraParameters&): No change in FpsRange
02-23 16:48:02.603 21679 22093 I QCameraParameters: Requested preview size 1280 x 720
02-23 16:48:02.603 21679 22093 I QCameraParameters: Requested picture size 1280 x 720
02-23 16:48:02.603 21679 22093 D LGCameraParameters: park void qcamera::QCameraParameters::setHorViewAngle(int, int) E, horViewAngle = 69.500000
02-23 16:48:02.603 21679 22093 D QCameraParameters: int32_t qcamera::QCameraParameters::setPreviewFormat(const qcamera::QCameraParameters&): format 2
02-23 16:48:02.603 21679 22093 D QCameraParameters: int32_t qcamera::QCameraParameters::setPictureFormat(const qcamera::QCameraParameters&): format 0
02-23 16:48:02.603 21679 22093 D QCameraParameters: Param m_bNoDisplayMode = 0
02-23 16:48:02.603 21679 22093 I QCameraParameters: int32_t qcamera::QCameraParameters::setZslMode(const qcamera::QCameraParameters&): enabled: 0
02-23 16:48:02.604 21679 22093 D QCameraParameters: int32_t qcamera::QCameraParameters::setSceneMode(const qcamera::QCameraParameters&): str - auto, prev_str - auto
02-23 16:48:02.604 21679 22093 D QCameraParameters: int32_t qcamera::QCameraParameters::setAutoHDR(const qcamera::QCameraParameters&) : Auto HDR set to: disable
02-23 16:48:02.604 21679 22093 D QCameraParameters: int32_t qcamera::QCameraParameters::setAFBracket(const qcamera::QCameraParameters&): str =af-bracket-off & prev_str =af-bracket-off
02-23 16:48:02.604 21679 22093 D QCameraParameters: int32_t qcamera::QCameraParameters::setTruePortrait(const qcamera::QCameraParameters&): str =(null) & prev_str =(null)
02-23 16:48:02.604 21679 22093 D QCameraParameters: int32_t qcamera::QCameraParameters::setBurstNum(const qcamera::QCameraParameters&): [ZSL Retro] m_nBurstNum = 1
02-23 16:48:02.604 21679 22093 D QCameraParameters: int32_t qcamera::QCameraParameters::setBurstLEDOnPeriod(const qcamera::QCameraParameters&): Burst LED on period  300
02-23 16:48:02.604 21679 22093 D QCameraParameters: int32_t qcamera::QCameraParameters::setLiveSnapshotSize(const qcamera::QCameraParameters&): live snapshot size 1280 x 720
02-23 16:48:02.604 21679 22093 D QCameraParameters: int32_t qcamera::QCameraParameters::setPAAF(): PAAF is: ON
02-23 16:48:02.604 21679 22093 D QCameraParameters: int32_t qcamera::QCameraParameters::setSeeMore(const qcamera::QCameraParameters&): str =off & prev_str =off
02-23 16:48:02.604 21679 22093 E LGCameraParameters: [ManualAF] android::status_t qcamera::QCameraParameters::setManualFocusLength(const qcamera::QCameraParameters&): current_normal_focus =0 / curr_mode = auto
02-23 16:48:02.604 21679 22093 E LGCameraParameters: int32_t qcamera::QCameraParameters::setHighDynamicRange(const qcamera::QCameraParameters&) EasyHDR KEY_HDR_MODE = (null), value = -2
02-23 16:48:02.604 21679 22093 E LGCameraParameters: int32_t qcamera::QCameraParameters::setHighDynamicRange(const qcamera::QCameraParameters&) string is null
02-23 16:48:02.604 21679 22093 E LGCameraParameters: int32_t qcamera::QCameraParameters::setBeautyShot(const qcamera::QCameraParameters&):m_bBeautyShotEnabled=0
02-23 16:48:02.604 21679 22093 D LGCameraParameters: int32_t qcamera::QCameraParameters::setDNGCapture(const qcamera::QCameraParameters&) : value = 0(0) 
02-23 16:48:02.604 21679 22093 E LGCameraParameters: int32_t qcamera::QCameraParameters::setLG_ShutterSpeed(const qcamera::QCameraParameters&): error to support!
02-23 16:48:02.605 21679 22093 E LGCameraParameters: int32_t qcamera::QCameraParameters::setLG_EVcontrol(const qcamera::QCameraParameters&): error to support!
02-23 16:48:02.605 21679 22093 E LGCameraParameters: int32_t qcamera::QCameraParameters::setLG_ColorAdjust(const qcamera::QCameraParameters&): error to support!
02-23 16:48:02.605 21679 22093 E LGCameraParameters: int32_t qcamera::QCameraParameters::setLG_WBcontrol(const qcamera::QCameraParameters&): error to support!
02-23 16:48:02.606 21679 22093 D QCameraParameters: int32_t qcamera::QCameraParameters::setNumOfSnapshot(): nBurstNum = 1, nExpnum = 1
02-23 16:48:02.606 21679 21679 I QCamera2HWI: [KPI Perf] static void qcamera::QCamera2HardwareInterface::stop_preview(camera_device*): E PROFILE_STOP_PREVIEW
02-23 16:48:02.606 21679 21679 I QCamera2HWI: [KPI Perf] static void qcamera::QCamera2HardwareInterface::stop_preview(camera_device*): X
02-23 16:48:02.606 21679 21679 I CamDev@1.0-impl: Closing camera 0
02-23 16:48:02.606 21679 21679 I QCamera2HWI: [KPI Perf] static int qcamera::QCamera2HardwareInterface::close_camera_device(hw_device_t*): E
02-23 16:48:02.606 21679 22094 D QCamera2HWI: static void* qcamera::QCamera2HardwareInterface::defferedWorkRoutine(void*): stop data proc
02-23 16:48:02.608 21679 21679 I QCamera2HWI: [KPI Perf] int qcamera::QCamera2HardwareInterface::closeCamera(): E PROFILE_CLOSE_CAMERA camera id 0
02-23 16:48:02.608 21679 21679 D QCameraParameters: bool qcamera::QCameraParameters::setStreamConfigure(bool, bool, bool): Done Resetting stream config!!
02-23 16:48:02.611 21679 21679 I qomx_image_core: OMX_Deinit:119] Complete
02-23 16:48:02.617 21717 21742 D OpenGLRenderer: HWUI GL Pipeline
02-23 16:48:02.620 21679 21679 I Thermal-Lib: Thermal-Lib-Client: Unregisteration is successfull for handle:1
02-23 16:48:02.621   510   643 I ThermalEngine: Thermal-Server: removing client on fd 65
02-23 16:48:02.621 21679 21679 I Thermal-Lib: Thermal-Lib-Client: Unregisteration is successfull for handle:2
02-23 16:48:02.623   532 22147 D mm-camera: mct: mct_pipeline_process_set:command=800000b
02-23 16:48:02.623   532 22147 E mm-camera: mct: mct_pipeline_process_set:2966: Couldn't find stream id: 0
02-23 16:48:02.623   532   532 D mm-camera: mct: mct_controller_destroy: Initiating destroy sequence
02-23 16:48:02.623 21679 21679 I QCamera2HWI: [KPI Perf] int qcamera::QCamera2HardwareInterface::closeCamera(): X PROFILE_CLOSE_CAMERA camera id 0, rc: 0
02-23 16:48:02.623 21679 21679 E QCamera2HWI: int qcamera::QCamera2HardwareInterface::closeCamera():[PREVIEW_COUNT] preview_count(0)
02-23 16:48:02.623   532 22148 D mm-camera: mct: mct_bus_handler_thread_run: Force Exit
02-23 16:48:02.623   532   532 D mm-camera: mct: mct_controller_destroy: bus_handler thread closed
02-23 16:48:02.623   532   532 D mm-camera: mct: mct_pipeline_stop_session - E
02-23 16:48:02.623   532   532 D mm-camera: mct: mct_pipeline_process_set:command=800000b
02-23 16:48:02.623   532   532 D mm-camera: mct: mct_pipeline_process_set: Issuing DEL_STREAM on stream 0x1000f and stream type=10
02-23 16:48:02.624   532   532 E mm-camera: port_iface_ext_unlink_func: E, identity = 0x1000f, port = 0xe68a3620, direction = 2
02-23 16:48:02.624   532   532 E mm-camera: port_iface_check_caps_unreserve_func:  E, identity = 0x1000f, port = 0xe68a3620, direction = 2
02-23 16:48:02.624   532   532 E mm-camera: iface_unreserve_sink_port: stream_id f mode 0 
02-23 16:48:02.624   532   532 E mm-camera: port_iface_ext_unlink_func: E, identity = 0x1000f, port = 0xe68a3920, direction = 1
02-23 16:48:02.624   532   532 E mm-camera: iface_ext_unlink_src_port: mct stream already removed from hw stream
02-23 16:48:02.624   532   532 E mm-camera: port_iface_check_caps_unreserve_func:  E, identity = 0x1000f, port = 0xe68a3920, direction = 1
02-23 16:48:02.624   532   532 E mm-camera: isp_port_check_caps_unreserve:826 ide 1000f port 0xe65e1ac0
02-23 16:48:02.627   532   532 E mm-camera: module_afs_port_check_caps_unreserve:1524] 
02-23 16:48:02.627   532   532 E mm-camera: module_afs_port_check_caps_unreserve:1532] destroy client
02-23 16:48:02.627   532   532 E mm-camera: module_imgbase_port_release_client_llvd:1553] 
02-23 16:48:02.627   532   532 E mm-camera: q3a_thread_af_stop:1019  q3a_thread_af_stop:1019 MSG_STOP_THREAD
02-23 16:48:02.629 21679 21679 E QCamera2HWI: int qcamera::QCamera2HardwareInterface::closeCamera():[PREVIEW_COUNT][LOAD] preview_count(0) // MultiView(0)
02-23 16:48:02.629 21679 21679 I QCamera2HWI: [KPI Perf] static int qcamera::QCamera2HardwareInterface::close_camera_device(hw_device_t*): X
02-23 16:48:02.630 21679 21679 I CameraHardwareInterface: Opening camera 1
02-23 16:48:02.630 21679 21679 I CamDev@1.0-impl: Opening camera 1
02-23 16:48:02.630 21679 21679 I QCamera2Factory: :static int qcamera::QCamera2Factory::openLegacy(int32_t, uint32_t, hw_device_t**) openLegacy halVersion: 256
02-23 16:48:02.631 21679 21679 D vndksupport: Loading /odm/lib/hw/power.msm8992.so from current namespace instead of sphal namespace.
02-23 16:48:02.631   532   532 E mm-camera: stats_port_delete_reserved_stream:2602  stats_port_delete_reserved_stream:2602: going to NULL peer
02-23 16:48:02.631   532   532 D mm-camera: mct: mct_pipeline_process_set: Stream 0x1000f and stream type=10, successfully deleted
02-23 16:48:02.631   532 22159 D mm-camera: mct: mct_pipeline_stop_session_thread: Stop module name: sensor - E
02-23 16:48:02.631   532 22159 E mm-camera: module_sensor_deinit_session:1545trying to delete thread
02-23 16:48:02.631   532 22159 E mm-camera-sensor: proxy_thread_delete:259p_thread,trying to delete thread
02-23 16:48:02.631   532 22159 E mm-camera-sensor: send_thread_exit_msg:219p_thread, exit_thread 0
02-23 16:48:02.631   532 22159 E mm-camera-sensor: send_thread_exit_msg:223p_thread, exit_thread 1
02-23 16:48:02.632   532 22159 E mm-camera: module_sensor_deinit_session:1547proxy_thread_deleted!
02-23 16:48:02.633   532 22159 E mm-camera: module_sensor_deinit_session:1551try to stop proxy kernel workqueue!
02-23 16:48:02.633   532 22162 D mm-camera: mct: mct_pipeline_stop_session_thread: Stop module name: iface - E
02-23 16:48:02.633   532 22159 E mm-camera-sensor: sensor_proxy_thread_off:215enter
02-23 16:48:02.633   532 22163 D mm-camera: mct: mct_pipeline_stop_session_thread: Stop module name: isp - E
02-23 16:48:02.633   532 22163 E mm-camera-isp2: isp_module_stop_session:414 session id 1
02-23 16:48:02.633   532 22162 D mm-camera: mct: mct_pipeline_stop_session_thread: Stop module name: iface - X
02-23 16:48:02.633 21679 22161 D QCamera2HWI: static void* qcamera::QCamera2HardwareInterface::defferedWorkRoutine(void*): start data proc
02-23 16:48:02.636   532 22163 D mm-camera: mct: mct_pipeline_stop_session_thread: Stop module name: isp - X
02-23 16:48:02.636   532 22164 D mm-camera: mct: mct_pipeline_stop_session_thread: Stop module name: stats - E
02-23 16:48:02.637   532 22166 D mm-camera: mct: mct_pipeline_stop_session_thread: Stop module name: pproc - E
02-23 16:48:02.637 21679 21679 I QCamera2HWI: [KPI Perf] int qcamera::QCamera2HardwareInterface::openCamera(hw_device_t**): E PROFILE_OPEN_CAMERA camera id 1
02-23 16:48:02.638   532   532 D mm-camera: mct: mct_pipeline_stop_session: left modules: 5
02-23 16:48:02.638   532   532 D mm-camera: mct: mct_pipeline_stop_session: left modules: 4
02-23 16:48:02.638   532 22167 D mm-camera: mct: mct_pipeline_stop_session_thread: Stop module name: imglib - E
02-23 16:48:02.638   532 22167 E mm-camera: module_faceproc_stop_session:1885] session cnt 1
02-23 16:48:02.640   532 22164 E mm-camera: gyro_port_deinit:1446  gyro_port_deinit: Error in android Deinit
02-23 16:48:02.640   532 22164 I CAMERA_SENSOR: stop_accel_sensor
02-23 16:48:02.642   532 22138 I CAMERA_SENSOR: accel_data_cb received RESP - SNS_SMGR_CANCEL_RESP_V01
02-23 16:48:02.642   532 22164 D mm-camera: mct: mct_pipeline_stop_session_thread: Stop module name: stats - X
02-23 16:48:02.642   532   532 D mm-camera: mct: mct_pipeline_stop_session: left modules: 3
02-23 16:48:02.644   532 22167 D mm-camera: mct: mct_pipeline_stop_session_thread: Stop module name: imglib - X
02-23 16:48:02.644   532   532 D mm-camera: mct: mct_pipeline_stop_session: left modules: 2
02-23 16:48:02.644   532 22166 E mm-camera-pp: [INFO] base_module_stop_session:98, E, session=1
02-23 16:48:02.645   532 22166 E mm-camera-pp: [INFO] base_module_stop_session:98, E, session=1
02-23 16:48:02.645   532 22166 D mm-camera: mct: mct_pipeline_stop_session_thread: Stop module name: pproc - X
02-23 16:48:02.645   532   532 D mm-camera: mct: mct_pipeline_stop_session: left modules: 1
02-23 16:48:02.652   532 22159 E mm-camera: module_sensor_deinit_session:1567trying to delete thread
02-23 16:48:02.652   532 22159 E mm-camera-sensor: tcs_thread_delete:303tcs_thread, trying to delete thread
02-23 16:48:02.652   532 22159 E mm-camera: module_sensor_deinit_session:1569tcs_thread_deleted!
02-23 16:48:02.652   532 22159 E mm-camera: module_sensor_deinit_session:1571try to stop tcs kernel workqueue!
02-23 16:48:02.656   532 22159 E mm-camera-sensor: proxy_power_down:47enter
02-23 16:48:02.678   532 22159 E mm-camera: sensor_close:4609ctrl->isStreaming make false
02-23 16:48:02.679   532 22159 D mm-camera: mct: mct_pipeline_stop_session_thread: Stop module name: sensor - X
02-23 16:48:02.679   532   532 D mm-camera: mct: mct_pipeline_stop_session: left modules: 0
02-23 16:48:02.679   532   532 D mm-camera: mct: mct_pipeline_stop_session - X
02-23 16:48:02.679   532   532 D mm-camera: mct: mct_pipeline_destroy E: session:1 
02-23 16:48:02.680   532   532 D mm-camera: mct: mct_pipeline_destroy X: Pipeline destroyed successfully
02-23 16:48:02.680   532   532 D mm-camera: mct: mct_controller_destroy: X Successfully closed mct_controller
02-23 16:48:02.680   532   532 D mm-camera: mct: mct_controller_new: Creating new mct_controller with session-id 2
02-23 16:48:02.680   532 22169 D mm-camera: mct: mct_pipeline_start_session_thread: E sensor
02-23 16:48:02.681   532 22170 D mm-camera: mct: mct_pipeline_start_session_thread: E iface
02-23 16:48:02.682 21717 21742 W Notification: Use of stream types is deprecated for operations other than volume control
02-23 16:48:02.682   532 22170 D mm-camera: mct: mct_pipeline_start_session_thread: X isp
02-23 16:48:02.682 21717 21742 W Notification: See the documentation of setSound() for what to use instead with android.media.AudioAttributes to qualify your playback use case
02-23 16:48:02.682   532 22172 D mm-camera: mct: mct_pipeline_start_session_thread: E isp
02-23 16:48:02.682   532 22172 E mm-camera-isp2: isp_module_start_session:178 session id 2
02-23 16:48:02.683   532 22173 D mm-camera: mct: mct_pipeline_start_session_thread: E stats
02-23 16:48:02.684   532 22173 E mm-camera: tcc_init: TCC ver.150418a
02-23 16:48:02.684   532 22174 D mm-camera: mct: mct_pipeline_start_session_thread: E pproc
02-23 16:48:02.685   532 22175 D mm-camera: mct: mct_pipeline_start_session_thread: E imglib
02-23 16:48:02.687   532 22175 E mm-camera: module_faceproc_start_session:1844] session cnt 1
02-23 16:48:02.688   532 22172 E mm-camera-isp2: isp_module_start_session:347 num_session_opened 1
02-23 16:48:02.688   532 22172 D mm-camera: mct: mct_pipeline_start_session_thread: X imglib
02-23 16:48:02.690   532 22173 E mm-camera: sensor_laser_init:144  HW module: id: sensors name: STMicroelectronics VL53L0 sensor module
02-23 16:48:02.690   532 22173 E Sensors : openInput
02-23 16:48:02.690   532 22173 E Sensors : devname: /dev/input/event4
02-23 16:48:02.691   532 22175 D mm-camera: mct: mct_pipeline_start_session_thread: X imglib
02-23 16:48:02.694  1057  1057 D ZenLog  : intercepted: 0|com.viber.voip|-100|message|10076,!allowMessages
02-23 16:48:02.694   532 22169 E mm-camera: module_sensor_init_session:1245eeprom_name = t4ka3_eeprom
02-23 16:48:02.716   532 22173 E Sensors : devname: /dev/input/event3
02-23 16:48:02.725   532 22169 E mm-camera: module_sensor_init_session:1277flash subdev id = -1
02-23 16:48:02.725   532 22169 E mm-camera: module_sensor_start_session:1684SUCCESS
02-23 16:48:02.725   532 22169 D mm-camera: mct: mct_pipeline_start_session_thread: X imglib
02-23 16:48:02.733   532 22173 E Sensors : devname: /dev/input/event1
02-23 16:48:02.738   532 22174 E mm-camera-pp: [INFO] base_module_start_session:91, E, session=2
02-23 16:48:02.738   532 22174 E mm-camera-pp: [INFO] base_module_start_session:91, E, session=2
02-23 16:48:02.738   532 22174 D mm-camera: mct: mct_pipeline_start_session_thread: X imglib
02-23 16:48:02.780   532 22173 E Sensors : devname: /dev/input/mice
02-23 16:48:02.811   532 22173 E Sensors : devname: /dev/input/event0
02-23 16:48:02.840   532 22173 E Sensors : devname: /dev/input/event2
02-23 16:48:02.864   532 22173 E Sensors : couldn't find 'STM VL53L0 proximity sensor' input device
02-23 16:48:02.864   532 22173 E Sensors : ProximitySensor::ProximitySensor gets called!
02-23 16:48:02.864   532 22173 E Sensors : ProximitySensor: input_name:, input_sysfs_path:/sys/class/input/input
02-23 16:48:02.864   532 22173 E Sensors : ProximitySensor::enable function called for stmvl53L0!
02-23 16:48:02.864   532 22173 E Sensors : ProximitySensor::enable filename:/sys/class/input/input/enable_ps_sensor
02-23 16:48:02.864   532 22173 E Sensors : ProximitySensor::enable: Failed to open file descriptor for enabling VL53L0
02-23 16:48:02.864   532 22173 E Sensors : ProximitySensor::enable: Attempted to open file /sys/class/input/input/enable_ps_sensor. Error: -1
02-23 16:48:02.864   532 22173 E Sensors : open_sensors gets called!
02-23 16:48:02.864   532 22173 E Sensors : is_tof_sensor_available() called
02-23 16:48:02.864   532 22173 E Sensors : devname: /dev/input/event4
02-23 16:48:02.900   532 22173 E Sensors : devname: /dev/input/event3
02-23 16:48:02.948   532 22173 E Sensors : devname: /dev/input/event1
02-23 16:48:02.988   532 22173 E Sensors : devname: /dev/input/mice
02-23 16:48:03.013   532 22173 E Sensors : devname: /dev/input/event0
02-23 16:48:03.044 17052 17104 I CameraManagerGlobal: Connecting to camera service
02-23 16:48:03.044 17052 17104 E CameraManagerGlobal: Camera service is unavailable
02-23 16:48:03.061   532 22173 E Sensors : devname: /dev/input/event2
02-23 16:48:03.104   532 22173 E Sensors : No Tof sensor found!!!
02-23 16:48:03.104   532 22173 E mm-camera: sensor_laser_init:164  0 sensor supported
02-23 16:48:03.105   532 22173 E mm-camera: gyro_port_init:1404  Failure initializing laser sensor. Error: 4
02-23 16:48:03.105   532 22173 I CAMERA_SENSOR: start_accel_sensor
02-23 16:48:03.105   532 22173 E mm-camera: start_accel_sensor: sensor1_open E
02-23 16:48:03.106   532 22173 E mm-camera: start_accel_sensor: sensor1_open X, res = 0
02-23 16:48:03.110   532 22195 I CAMERA_SENSOR: accel_data_cb received RESP - SNS_SMGR_REPORT_RESP_V01
02-23 16:48:03.112   532 22173 D mm-camera: mct: mct_pipeline_start_session_thread: X imglib
02-23 16:48:03.112   532   532 E mm-camera: module_sensor_query_mod:7021led flash is not supported for this sensor.
02-23 16:48:03.112   532   532 E mm-camera: sensor_get_cur_chromatix_name:2577Error: Load default preview chroamtix
02-23 16:48:03.113   532   532 E mm-camera-sensor: chromatix_load_library_ex : chromatix = libchromatix_t4ka3_snapshot_open.so , lib name = /system/vendor/lib/libchromatix_t4ka3_snapshot_open.so
02-23 16:48:03.115   532   532 E mm-camera-sensor: chromatix_load_library_ex : chromatix = libchromatix_t4ka3_snapshot_open.so , lib name = /system/vendor/lib/libchromatix_t4ka3_snapshot_open.so
02-23 16:48:03.115   532   532 E mm-camera-sensor: chromatix_load_library_ex : chromatix = libchromatix_t4ka3_common_open.so , lib name = /system/vendor/lib/libchromatix_t4ka3_common_open.so
02-23 16:48:03.115   532   532 E mm-camera-sensor: chromatix_load_library_ex : chromatix = libchromatix_t4ka3_cpp_snapshot_open.so , lib name = /system/vendor/lib/libchromatix_t4ka3_cpp_snapshot_open.so
02-23 16:48:03.116   532   532 E mm-camera-sensor: chromatix_load_library_ex : chromatix = libchromatix_t4ka3_cpp_snapshot_open.so , lib name = /system/vendor/lib/libchromatix_t4ka3_cpp_snapshot_open.so
02-23 16:48:03.116   532   532 E mm-camera-sensor: chromatix_load_library_ex : chromatix = libchromatix_t4ka3_cpp_video_open.so , lib name = /system/vendor/lib/libchromatix_t4ka3_cpp_video_open.so
02-23 16:48:03.116   532   532 E mm-camera-sensor: chromatix_load_library_ex : chromatix = libchromatix_t4ka3_postproc_open.so , lib name = /system/vendor/lib/libchromatix_t4ka3_postproc_open.so
02-23 16:48:03.117   532   532 E mm-camera-isp2: isp_resource_query_mod:145 num_isp_preallocate 1 num_session_opened 1 dual_vfe_enabled 0
02-23 16:48:03.117   532   532 E mm-camera: module_faceproc_query_mod:1996] Caps ROI 5 scene_mode_cnt 1 HW analysis supported 0
02-23 16:48:03.117   532   532 E hdr     : module_hdr_lib_query_mod:181] Supported scenemode cnt 2
02-23 16:48:03.118   532   532 D mm-camera: mct: mct_pipeline_process_set:command=800000a
02-23 16:48:03.118   532   532 D mm-camera: mct: mct_pipeline_process_set: Adding new stream: id [0f]
02-23 16:48:03.118   532   532 D mm-camera: mct: mct_pipeline_process_set:command=8000012
02-23 16:48:03.118   532   532 D mm-camera: mct: mct_stream_start_link: Start linking Session-stream 0x2000f
02-23 16:48:03.118   532   532 I mm-camera: module_iface_set_mod_func: set module type = 8, identity 2000f
02-23 16:48:03.118   532   532 E mm-camera-sensor: port_sensor_caps_reserve:86session id doesn't match
02-23 16:48:03.118   532   532 E mm-camera: iface_util_find_primary_cid:84 error cannot find primary sensor format cids 2
02-23 16:48:03.118   532   532 E mm-camera: isp_port_check_caps_reserve:737 port 0xe65e1ac0 ide 2000f type 10 dim 0 0
02-23 16:48:03.118   532   532 E mm-camera: int_link = 0xe65e80e0
02-23 16:48:03.119   532   532 I mm-camera: pproc_port_add_modules_to_stream:433, linking mods tmod and c2d
02-23 16:48:03.123   532   532 I mm-camera: pproc_port_add_modules_to_stream:433, linking mods c2d and cpp
02-23 16:48:03.123   532   532 E mm-camera: Interleaved flag is 0, identity 131087 port type 0
02-23 16:48:03.123   532   532 I mm-camera: pproc_port_add_modules_to_stream:433, linking mods cpp and afs
02-23 16:48:03.123   532   532 I mm-camera: pproc_port_add_modules_to_stream:433, linking mods afs and llvd
02-23 16:48:03.124   532   532 I mm-camera: pproc_port_add_modules_to_stream:433, linking mods llvd and ezt
02-23 16:48:03.124   532   532 E mm-camera: pproc_port_add_modules_to_stream:454] X rc: 1
02-23 16:48:03.138   532   532 D mm-camera: mct: mct_pipeline_process_set: Linking successful for stream 0x2000f stream type=10
02-23 16:48:03.170 21679 21679 D mm-jpeg-intf: Max picture size 3264 x 2448, WorkBufSize = 12220416
02-23 16:48:03.175 21679 21679 I qomx_image_core: OMX_Init:95] Complete 3
02-23 16:48:03.176 21679 21679 E QCameraHWI_Mem: void qcamera::QCameraMemory::traceLogAllocStart(size_t, int, const char*):HeapMemsize 659104
02-23 16:48:03.176 21679 21679 E QCameraHWI_Mem: void qcamera::QCameraMemory::traceLogAllocStart(size_t, int, const char*):Memsize 659104
02-23 16:48:03.177 21679 21679 E QCameraHWI_Mem: void qcamera::QCameraMemory::traceLogAllocEnd(size_t) 659104
02-23 16:48:03.177 21679 21679 E QCameraHWI_Mem: void qcamera::QCameraMemory::traceLogAllocEnd(size_t) 659104
02-23 16:48:03.178 21679 21679 D QCameraParameters: int32_t qcamera::QCameraParameters::initDefaultParameters(): supported preview sizes: 2560x1440,1920x1440,2048x1536,2048x1080,1920x1080,1776x1080,1440x1080,1280x960,1280x720,960x720,864x480,880x720,848x480,800x480,768x432,720x480,640x640,640x480,640x360,576x432,480x320,384x288,352x288,320x240,240x160,176x144
02-23 16:48:03.178 21679 21679 D QCameraParameters: int32_t qcamera::QCameraParameters::initDefaultParameters(): supported video sizes: 1920x1080,1280x960,1280x720,864x480,848x480,800x480,720x480,640x480,640x360,480x320,352x288,320x240,176x144,144x176
02-23 16:48:03.178 21679 21679 D QCameraParameters: int32_t qcamera::QCameraParameters::initDefaultParameters(): supported pic sizes: 3264x2448,3264x1836,2560x1920,2592x1944,2688x1512,2048x1536,1920x1080,1600x1200,1536x864,1280x960,1280x768,1280x720,1024x768,880x720,800x600,864x480,800x480,720x480,640x480,640x360,352x288,320x240,176x144
02-23 16:48:03.179 21679 21679 D QCameraParameters: int32_t qcamera::QCameraParameters::setPreviewFpsRange(int, int, int, int): Setting preview fps range 2000,30000
02-23 16:48:03.179 21679 21679 D QCameraParameters: int32_t qcamera::QCameraParameters::setPreviewFpsRange(int, int, int, int): Updated: minFps = 2000, maxFps = 30000 , vid minFps = 2000, vid maxFps = 30000
02-23 16:48:03.179 21679 21679 D QCamera2HWI: int qcamera::QCamera2HardwareInterface::calcThermalLevel(qcamera::qcamera_thermal_level_enum_t, int, int, cam_fps_range_t&, msm_vfe_frame_skip_pattern&): level: 0, preview minfps 2000.000000, preview maxfpS 30000.000000, video minfps 2000.000000, video maxfpS 30000.000000
02-23 16:48:03.179 21679 21679 D QCamera2HWI: int qcamera::QCamera2HardwareInterface::calcThermalLevel(qcamera::qcamera_thermal_level_enum_t, int, int, cam_fps_range_t&, msm_vfe_frame_skip_pattern&): Thermal level 0, FPS [2.00,30.00, 2.00,30.00], frameskip 0
02-23 16:48:03.179 21679 21679 D QCameraParameters: int32_t qcamera::QCameraParameters::setPreviewFpsRange(int, int, int, int): Thermal adjusted Preview fps range 2.00,30.00, 2.00, 30.00
02-23 16:48:03.179 21679 21679 D QCameraParameters: int32_t qcamera::QCameraParameters::initDefaultParameters(): supported fps rates: 2,3,4,5,6,7,8,9,10,11,12,13,14,15,16,17,18,19,20,21,22,23,24,25,26,27,28,29,30
02-23 16:48:03.179 21679 21679 D QCameraParameters: int32_t qcamera::QCameraParameters::setFocusMode(const char*): Setting focus mode fixed
02-23 16:48:03.179 21679 21679 D QCameraParameters: initDefaultParameters: setting KEY_FOCUS_DISTANCES as 0.100000,0.150000,0.170000
02-23 16:48:03.180 21679 21679 D QCameraParameters: int32_t qcamera::QCameraParameters::setAutoExposure(const char*): Setting auto exposure center-weighted
02-23 16:48:03.180 21679 21679 D QCameraParameters: int32_t qcamera::QCameraParameters::setAntibanding(const char*): Setting AntiBanding value auto
02-23 16:48:03.180 21679 21679 D QCameraParameters: int32_t qcamera::QCameraParameters::setFlash(const char*): Setting Flash value off
02-23 16:48:03.180 21679 21679 D QCameraParameters: int32_t qcamera::QCameraParameters::setISOValue(const char*): Setting ISO value auto
02-23 16:48:03.180 21679 21679 D QCameraParameters: int32_t qcamera::QCameraParameters::initDefaultParameters(), Exposure time min 0.013272 ms, max 869.661901 ms
02-23 16:48:03.181 21679 21679 D QCameraParameters: int32_t qcamera::QCameraParameters::initDefaultParameters(), ISO min 100, max 3000
02-23 16:48:03.182 21679 21679 D QCameraParameters: int32_t qcamera::QCameraParameters::setZoom(int): zoom level: 0
02-23 16:48:03.182 21679 21679 I QCameraParameters: int32_t qcamera::QCameraParameters::initDefaultParameters(): setting Exposure Bracketing value of 0,10,-9
02-23 16:48:03.182 21679 21679 D QCameraParameters: int32_t qcamera::QCameraParameters::setAEBracket(const char*), EXP_BRACKETING_OFF
02-23 16:48:03.182 21679 21679 D QCameraParameters: int32_t qcamera::QCameraParameters::setChromaFlash(const char*): chromaFlashStr =chroma-flash-off
02-23 16:48:03.182 21679 21679 D QCameraParameters: int32_t qcamera::QCameraParameters::setOptiZoom(const char*): optiZoomStr =opti-zoom-off
02-23 16:48:03.183 21679 21679 D QCameraParameters: int32_t qcamera::QCameraParameters::setSeeMore(const char*): seeMoreStr =off
02-23 16:48:03.183 21679 21679 D QCameraParameters: int32_t qcamera::QCameraParameters::setToneMapMode(uint32_t, bool): tone map mode 1 
02-23 16:48:03.183 21679 21679 D QCameraParameters: int32_t qcamera::QCameraParameters::setAecLock(const char*): Setting AECLock value false
02-23 16:48:03.183 21679 21679 D QCameraParameters: int32_t qcamera::QCameraParameters::setAwbLock(const char*): Setting AWBLock value false
02-23 16:48:03.183 21679 21679 D QCameraParameters: int32_t qcamera::QCameraParameters::initDefaultParameters(): totalram = -1334108160, freeram = 361439232 
02-23 16:48:03.183 21679 21679 D QCameraParameters: void qcamera::QCameraParameters::setOfflineRAW(): Offline Raw  0
02-23 16:48:03.183 21679 21679 E LGCameraParameters: void qcamera::QCameraParameters::initDefaultParametersEx(): multi_window_af_supported = 1
02-23 16:48:03.183 21679 21679 E LGCameraParameters: createMultiWindowString: (-280,-280,0,0,1),(-140,-420,140,-140,1),(0,-280,280,0,1),(-420,-140,-140,140,1),(-140,-140,140,140,1),(140,-140,420,140,1),(-280,0,0,280,1),(-140,140,140,420,1),(0,0,280,280,1),(-220,-220,220,220,1)
02-23 16:48:03.184 21679 21679 E LGCameraParameters: createMultiWindowString: (720,720,1000,1000,1),(860,580,1140,860,1),(1000,720,1280,1000,1),(580,860,860,1140,1),(860,860,1140,1140,1),(1140,860,1420,1140,1),(720,1000,1000,1420,1),(860,1140,1140,1420,1),(1000,1000,1280,1280,1)
02-23 16:48:03.184 21679 21679 D LGCameraParameters: int32_t qcamera::QCameraParameters::setLG_ISOcontrol(const char*): Setting ISO value auto
02-23 16:48:03.184 21679 21679 E LGCameraParameters: int32_t qcamera::QCameraParameters::setBeautyLevel(int) : [ARC_BEAUTY] beautylevel = 0
02-23 16:48:03.187   532 22204 E mm-camera: iface_util_set_hfr: can't find hw stream, only save hfr mode
02-23 16:48:03.188 21679 21679 D QCameraParameters: int32_t qcamera::QCameraParameters::setNumOfSnapshot(): nBurstNum = 1, nExpnum = 1
02-23 16:48:03.190 21679 21679 I Thermal-Lib: Thermal-Lib-Client: Registraion successful for camera with handle:1
02-23 16:48:03.190 21679 21679 I Thermal-Lib: Thermal-Lib-Client: Registraion successful for camcorder with handle:2
02-23 16:48:03.190 21679 21679 I QCamera2HWI: [KPI Perf] int qcamera::QCamera2HardwareInterface::openCamera(hw_device_t**): X PROFILE_OPEN_CAMERA camera id 1, rc: 0
02-23 16:48:03.190 21679 21679 E QCamera2HWI: int qcamera::QCamera2HardwareInterface::openCamera(hw_device_t**):[PREVIEW_COUNT] preview_count(1)
02-23 16:48:03.190   510   643 I ThermalEngine: Thermal-Server: Adding thermal event listener on fd 65
02-23 16:48:03.191 21679 22211 I Thermal-Lib: Thermal-Lib-Client: Client received msg camera 0
02-23 16:48:03.192 21679 22211 D QCamera2HWI: virtual int qcamera::QCamera2HardwareInterface::thermalEvtHandle(qcamera::qcamera_thermal_level_enum_t*, void*, void*): level = 0, userdata = 0x0, data = 0x0
02-23 16:48:03.194 21679 22158 E QCameraStateMachine: int32_t qcamera::QCameraStateMachine::procEvtPreviewStoppedState(qcamera::qcamera_sm_evt_enum_t, void*): cannot handle evt(31) in state(0)
02-23 16:48:03.194 21679 22211 I Thermal-Lib: Thermal-Lib-Client: Client received msg camcorder 0
02-23 16:48:03.194 21679 22211 D QCamera2HWI: virtual int qcamera::QCamera2HardwareInterface::thermalEvtHandle(qcamera::qcamera_thermal_level_enum_t*, void*, void*): level = 0, userdata = 0x0, data = 0x0
02-23 16:48:03.194 21679 22158 E QCameraStateMachine: int32_t qcamera::QCameraStateMachine::procEvtPreviewStoppedState(qcamera::qcamera_sm_evt_enum_t, void*): cannot handle evt(31) in state(0)
02-23 16:48:03.202 21679 22158 D QCameraParameters: int32_t qcamera::QCameraParameters::setPreviewFpsRange(const qcamera::QCameraParameters&): FpsRange Values:(2000, 30000)
02-23 16:48:03.203 21679 22158 D QCameraParameters: int32_t qcamera::QCameraParameters::setPreviewFpsRange(const qcamera::QCameraParameters&): Requested FpsRange Values:(2000, 30000)
02-23 16:48:03.203 21679 22158 D QCameraParameters: HFR mode is OFF
02-23 16:48:03.203 21679 22158 D QCameraParameters: void qcamera::QCameraParameters::setBufBatchCount(int8_t) : Buffer batch count = 0
02-23 16:48:03.203 21679 22158 D QCameraParameters: int32_t qcamera::QCameraParameters::setPreviewFpsRange(const qcamera::QCameraParameters&): UpdateHFRFrameRate 0
02-23 16:48:03.203 21679 22158 D QCameraParameters: int32_t qcamera::QCameraParameters::setPreviewFpsRange(const qcamera::QCameraParameters&): No change in FpsRange
02-23 16:48:03.203 21679 22158 I QCameraParameters: Requested preview size 1280 x 720
02-23 16:48:03.203 21679 22158 I QCameraParameters: Requested picture size 1280 x 720
02-23 16:48:03.203 21679 22158 D LGCameraParameters: park void qcamera::QCameraParameters::setHorViewAngle(int, int) E, horViewAngle = 69.300003
02-23 16:48:03.203 21679 22158 D QCameraParameters: int32_t qcamera::QCameraParameters::setPreviewFormat(const qcamera::QCameraParameters&): format 2
02-23 16:48:03.203 21679 22158 D QCameraParameters: int32_t qcamera::QCameraParameters::setPictureFormat(const qcamera::QCameraParameters&): format 0
02-23 16:48:03.203 21679 22158 D QCameraParameters: Param m_bNoDisplayMode = 0
02-23 16:48:03.203 21679 22158 I QCameraParameters: int32_t qcamera::QCameraParameters::setZslMode(const qcamera::QCameraParameters&): enabled: 0
02-23 16:48:03.204 21679 22158 D QCameraParameters: int32_t qcamera::QCameraParameters::setSceneMode(const qcamera::QCameraParameters&): str - auto, prev_str - auto
02-23 16:48:03.204 21679 22158 D QCameraParameters: int32_t qcamera::QCameraParameters::setAutoHDR(const qcamera::QCameraParameters&) : Auto HDR set to: disable
02-23 16:48:03.206 21679 22158 D QCameraParameters: int32_t qcamera::QCameraParameters::setAFBracket(const qcamera::QCameraParameters&): str =(null) & prev_str =(null)
02-23 16:48:03.206 21679 22158 D QCameraParameters: int32_t qcamera::QCameraParameters::setTruePortrait(const qcamera::QCameraParameters&): str =(null) & prev_str =(null)
02-23 16:48:03.206 21679 22158 D QCameraParameters: int32_t qcamera::QCameraParameters::setBurstNum(const qcamera::QCameraParameters&): [ZSL Retro] m_nBurstNum = 1
02-23 16:48:03.206 21679 22158 D QCameraParameters: int32_t qcamera::QCameraParameters::setBurstLEDOnPeriod(const qcamera::QCameraParameters&): Burst LED on period  300
02-23 16:48:03.206 21679 22158 D QCameraParameters: int32_t qcamera::QCameraParameters::setLiveSnapshotSize(const qcamera::QCameraParameters&): live snapshot size 1280 x 720
02-23 16:48:03.206 21679 22158 D QCameraParameters: int32_t qcamera::QCameraParameters::setPAAF(): PAAF is: ON
02-23 16:48:03.206 21679 22158 D QCameraParameters: int32_t qcamera::QCameraParameters::setSeeMore(const qcamera::QCameraParameters&): str =off & prev_str =off
02-23 16:48:03.206 21679 22158 E LGCameraParameters: [ManualAF] android::status_t qcamera::QCameraParameters::setManualFocusLength(const qcamera::QCameraParameters&): current_normal_focus =0 / curr_mode = fixed
02-23 16:48:03.206 21679 22158 E LGCameraParameters: int32_t qcamera::QCameraParameters::setHighDynamicRange(const qcamera::QCameraParameters&) EasyHDR KEY_HDR_MODE = (null), value = -2
02-23 16:48:03.206 21679 22158 E LGCameraParameters: int32_t qcamera::QCameraParameters::setHighDynamicRange(const qcamera::QCameraParameters&) string is null
02-23 16:48:03.206 21679 22158 E LGCameraParameters: int32_t qcamera::QCameraParameters::setBeautyShot(const qcamera::QCameraParameters&):m_bBeautyShotEnabled=0
02-23 16:48:03.206 21679 22158 D LGCameraParameters: int32_t qcamera::QCameraParameters::setDNGCapture(const qcamera::QCameraParameters&) : value = 0(0) 
02-23 16:48:03.206 21679 22158 E LGCameraParameters: int32_t qcamera::QCameraParameters::setLG_ShutterSpeed(const qcamera::QCameraParameters&): error to support!
02-23 16:48:03.206 21679 22158 E LGCameraParameters: int32_t qcamera::QCameraParameters::setLG_EVcontrol(const qcamera::QCameraParameters&): error to support!
02-23 16:48:03.206 21679 22158 E LGCameraParameters: int32_t qcamera::QCameraParameters::setLG_ColorAdjust(const qcamera::QCameraParameters&): error to support!
02-23 16:48:03.206 21679 22158 E LGCameraParameters: int32_t qcamera::QCameraParameters::setLG_WBcontrol(const qcamera::QCameraParameters&): error to support!
