01-07 08:39:05.089   490   535 W installd: Ignoring /data/data/com.android.webview/lib with unexpected GID 0 instead of 10049
01-07 08:39:05.134   616   667 D SystemServerTimingAsync: AppDataFixup took to complete: 85ms
01-07 08:39:05.150   616   616 I commit_sys_config_file: [package-user-0,5]
01-07 08:39:05.151   616   616 I commit_sys_config_file: [package,102]
01-07 08:39:05.151   616   616 I boot_progress_pms_ready: 9655
01-07 08:39:05.151   616   616 E PackageManager: There should probably be a verifier, but, none were found
01-07 08:39:05.154   616   616 D PackageManager: Ephemeral resolver NOT found; no matching intent filters
01-07 08:39:05.154   616   616 D PackageManager: Instant App installer not found with android.intent.action.INSTALL_INSTANT_APP_PACKAGE
01-07 08:39:05.154   616   616 D PackageManager: Clear ephemeral installer activity
01-07 08:39:05.170   616   630 I commit_sys_config_file: [package-perms-0,8]
01-07 08:39:05.208   616   616 I system_server: Explicit concurrent copying GC freed 27835(1419KB) AllocSpace objects, 9(312KB) LOS objects, 67% free, 2MB/8MB, paused 65us total 46.350ms
01-07 08:39:05.210   616   616 D SystemServerTiming: StartPackageManagerService took to complete: 911ms
01-07 08:39:05.210   616   616 I sysui_histogram: [boot_package_manager_init_ready,9714]
01-07 08:39:05.210   616   616 I sysui_multi_action: [757,804,799,boot_package_manager_init_ready,801,9714,802,1]
01-07 08:39:05.210   616   616 I SystemServer: StartOtaDexOptService
01-07 08:39:05.211   616   616 D OTADexopt: No upgrade, skipping A/B artifacts check.
01-07 08:39:05.212   616   616 D SystemServerTiming: StartOtaDexOptService took to complete: 2ms
01-07 08:39:05.212   616   616 I SystemServer: StartUserManagerService
01-07 08:39:05.212   616   616 I SystemServiceManager: Starting com.android.server.pm.UserManagerService$LifeCycle
01-07 08:39:05.213   616   616 D SystemServerTiming: StartUserManagerService took to complete: 1ms
01-07 08:39:05.213   616   616 I SystemServer: InitAttributerCache
01-07 08:39:05.213   616   616 D SystemServerTiming: InitAttributerCache took to complete: 0ms
01-07 08:39:05.213   616   616 I SystemServer: SetSystemProcess
01-07 08:39:05.221   616   616 I am_uid_running: 1000
01-07 08:39:05.222   473   473 I lowmemorykiller: lmkd data connection established
01-07 08:39:05.224   616   616 I am_uid_active: 1000
01-07 08:39:05.225   616   616 D SystemServerTiming: SetSystemProcess took to complete: 12ms
01-07 08:39:05.231   616   616 I SystemServer: StartOverlayManagerService
01-07 08:39:05.232   616   616 D SystemServerTiming: StartOverlayManagerService took to complete: 1ms
01-07 08:39:05.232   616   671 D SystemServerInitThreadPool: Started executing Init OverlayManagerService
01-07 08:39:05.233   616   616 I SystemServer: StartBatteryService
01-07 08:39:05.233   616   616 I SystemServiceManager: Starting com.android.server.BatteryService
01-07 08:39:05.233   616   672 D SystemServerInitThreadPool: Started executing StartSensorService
01-07 08:39:05.234   616   672 D SensorService: nuSensorService starting...
01-07 08:39:05.238   616   672 D vndksupport: Loading /vendor/lib64/hw/android.hardware.sensors@1.0-impl.so from current namespace instead of sphal namespace.
01-07 08:39:05.243   472   472 D vndksupport: Loading /vendor/lib/hw/android.hardware.soundtrigger@2.0-impl.so from current namespace instead of sphal namespace.
01-07 08:39:05.247   472   472 D vndksupport: Loading /vendor/lib/hw/sound_trigger.primary.default.so from current namespace instead of sphal namespace.
01-07 08:39:05.250   472   472 I soundtrigger_hw: stdev_open soundtrigger open.
01-07 08:39:05.250   472   472 E soundtrigger_hw: driver [/dev/soundtrigger_dma_drv] open fail .
01-07 08:39:05.250   472   472 E soundtrigger_hw: Error driver init
01-07 08:39:05.250   472   472 I soundtrigger_hw: [stdev_open]soundtrigger open ret[-1]
01-07 08:39:05.250   472   472 E SoundTriggerHalImpl: couldn't open sound trigger hw device in sound_trigger.primary (Operation not permitted)
01-07 08:39:05.251   472   472 I SoundTriggerHalHidl: getProperties res implementor 
01-07 08:39:05.251   472   472 I SoundTriggerHalHidl: getProperties ret -19
01-07 08:39:05.251   472   472 E SoundTriggerHwService: could not read implementation properties
01-07 08:39:05.271   616   672 I sensors_hal_Ctx: enableLogging: Setting log level to 5
01-07 08:39:05.271   616   672 E sensors_hal_Ctx: enableLogging: Mag filter level is 1
01-07 08:39:05.271   616   672 I libsensor1: sensor1_init_once: Setting log level to 5
01-07 08:39:05.267   672   672 I auditd  : type=1400 audit(0.0:99): avc: denied { getattr } for comm="system-server-i" path="/dev/sensors" dev="tmpfs" ino=10031 scontext=u:r:system_server:s0 tcontext=u:object_r:device:s0 tclass=chr_file permissive=1
01-07 08:39:05.267   672   672 I system-server-i: type=1400 audit(0.0:99): avc: denied { getattr } for path="/dev/sensors" dev="tmpfs" ino=10031 scontext=u:r:system_server:s0 tcontext=u:object_r:device:s0 tclass=chr_file permissive=1
01-07 08:39:05.292   616   616 I android_os_HwBinder: HwBinder: Starting thread pool for backup::android.hardware.health@2.0::IHealth
01-07 08:39:05.287   459   459 I auditd  : type=1400 audit(0.0:100): avc: denied { read } for comm="healthd" name="present" dev="sysfs" ino=18306 scontext=u:r:healthd:s0 tcontext=u:object_r:sysfs:s0 tclass=file permissive=1
01-07 08:39:05.287   459   459 I healthd : type=1400 audit(0.0:100): avc: denied { read } for name="present" dev="sysfs" ino=18306 scontext=u:r:healthd:s0 tcontext=u:object_r:sysfs:s0 tclass=file permissive=1
01-07 08:39:05.287   459   459 I auditd  : type=1400 audit(0.0:101): avc: denied { open } for comm="healthd" path="/sys/devices/soc.0/qpnp-smbcharger-17/power_supply/battery/present" dev="sysfs" ino=18306 scontext=u:r:healthd:s0 tcontext=u:object_r:sysfs:s0 tclass=file permissive=1
01-07 08:39:05.287   459   459 I healthd : type=1400 audit(0.0:101): avc: denied { open } for path="/sys/devices/soc.0/qpnp-smbcharger-17/power_supply/battery/present" dev="sysfs" ino=18306 scontext=u:r:healthd:s0 tcontext=u:object_r:sysfs:s0 tclass=file permissive=1
01-07 08:39:05.299   616   673 I battery_status: [2,2,1,2,Li-ion]
01-07 08:39:05.299   616   673 I battery_level: [69,3957,0]
01-07 08:39:05.300   616   635 E KernelUidCpuFreqTimeReader: Failed to read /proc/uid_time_in_state: java.io.FileNotFoundException: /proc/uid_time_in_state (No such file or directory)
01-07 08:39:05.300     0     0 W [    9.806643 / 01-07 08:39:05.291][0] healthd: battery l=69 v=3957 t=0.0 h=2 st=2 c=569 chg=u
01-07 08:39:05.300     0     0 W [    9.808490 / 01-07 08:39:05.295][1] healthd: battery l=69 v=3957 t=0.0 h=2 st=2 c=569 chg=u
01-07 08:39:05.300   464   464 D lights  : Using onoff pattern: 0xffff00
01-07 08:39:05.300   616   635 E KernelCpuSpeedReader: Failed to read cpu-freq: /sys/devices/system/cpu/cpu4/cpufreq/stats/time_in_state (No such file or directory)
01-07 08:39:05.295   464   464 I auditd  : type=1400 audit(0.0:103): avc: denied { read write } for comm="light@2.0-servi" name="onoff_patterns" dev="sysfs" ino=7745 scontext=u:r:hal_light_default:s0 tcontext=u:object_r:sysfs:s0 tclass=file permissive=1
01-07 08:39:05.295   464   464 I light@2.0-servi: type=1400 audit(0.0:103): avc: denied { read write } for name="onoff_patterns" dev="sysfs" ino=7745 scontext=u:r:hal_light_default:s0 tcontext=u:object_r:sysfs:s0 tclass=file permissive=1
01-07 08:39:05.304   616   616 I android_os_HwBinder: HwBinder: Starting thread pool for default::android.hidl.manager@1.0::IServiceManager
01-07 08:39:05.304   616   635 E KernelUidCpuFreqTimeReader: Failed to read /proc/uid_time_in_state: java.io.FileNotFoundException: /proc/uid_time_in_state (No such file or directory)
01-07 08:39:05.305   616   616 I HealthServiceWrapper: health: HealthServiceWrapper listening to instance backup
01-07 08:39:05.305   616   635 E KernelUidCpuFreqTimeReader: Failed to read /proc/uid_time_in_state: java.io.FileNotFoundException: /proc/uid_time_in_state (No such file or directory)
01-07 08:39:05.305   616   616 I BatteryService: health: Waited 0ms and received the update.
01-07 08:39:05.305   616   635 E KernelCpuSpeedReader: Failed to read cpu-freq: /sys/devices/system/cpu/cpu4/cpufreq/stats/time_in_state (No such file or directory)
01-07 08:39:05.307   616   616 W SystemServiceManager: Service com.android.server.BatteryService took 72 ms in onStart
01-07 08:39:05.307   616   616 D SystemServerTiming: StartBatteryService took to complete: 74ms
01-07 08:39:05.307   616   616 I SystemServer: StartUsageService
01-07 08:39:05.307   616   616 I SystemServiceManager: Starting com.android.server.usage.UsageStatsService
01-07 08:39:05.318   616   677 I android_os_HwBinder: HwBinder: Starting thread pool for backup::android.hardware.health@2.0::IHealth
01-07 08:39:05.327   616   616 I UsageStatsService: User[0] Rollover scheduled @ 2015-01-08 08:39:05(1420706345317)
01-07 08:39:05.327   616   616 D SystemServerTiming: StartUsageService took to complete: 21ms
01-07 08:39:05.328   616   616 I SystemServer: StartWebViewUpdateService
01-07 08:39:05.328   616   616 I SystemServiceManager: Starting com.android.server.webkit.WebViewUpdateService
01-07 08:39:05.332   616   616 D SystemServerTiming: StartWebViewUpdateService took to complete: 4ms
01-07 08:39:05.332   616   616 I SystemServer: StartBinderCallsStatsService
01-07 08:39:05.332   616   616 D SystemServerTiming: StartBinderCallsStatsService took to complete: 1ms
01-07 08:39:05.333   616   616 I SystemServer: StartKeyAttestationApplicationIdProviderService
01-07 08:39:05.333   616   629 D SystemServerInitThreadPool: Started executing SecondaryZygotePreload
01-07 08:39:05.333   616   629 I SystemServer: SecondaryZygotePreload
01-07 08:39:05.335   616   616 D SystemServerTiming: StartKeyAttestationApplicationIdProviderService took to complete: 2ms
01-07 08:39:05.335   616   616 I SystemServer: StartKeyChainSystemService
01-07 08:39:05.335   616   616 I SystemServiceManager: Starting com.android.server.security.KeyChainSystemService
01-07 08:39:05.335   616   616 D SystemServerTiming: StartKeyChainSystemService took to complete: 0ms
01-07 08:39:05.335   616   616 I SystemServer: StartSchedulingPolicyService
01-07 08:39:05.337   616   616 D SystemServerTiming: StartSchedulingPolicyService took to complete: 1ms
01-07 08:39:05.337   616   616 I SystemServer: StartTelecomLoaderService
01-07 08:39:05.337   616   616 I SystemServiceManager: Starting com.android.server.telecom.TelecomLoaderService
01-07 08:39:05.337   616   616 D SystemServerTiming: StartTelecomLoaderService took to complete: 1ms
01-07 08:39:05.338   616   616 I SystemServer: StartTelephonyRegistry
01-07 08:39:05.339   616   616 D SystemServerTiming: StartTelephonyRegistry took to complete: 1ms
01-07 08:39:05.340   616   616 I SystemServer: StartEntropyMixer
01-07 08:39:05.343   616   616 W EntropyMixer: Failed to add HW RNG output to entropy pool
01-07 08:39:05.343   616   616 W EntropyMixer: java.io.FileNotFoundException: /dev/hw_random (Permission denied)
01-07 08:39:05.343   616   616 W EntropyMixer: 	at java.io.FileInputStream.open0(Native Method)
01-07 08:39:05.343   616   616 W EntropyMixer: 	at java.io.FileInputStream.open(FileInputStream.java:231)
01-07 08:39:05.343   616   616 W EntropyMixer: 	at java.io.FileInputStream.<init>(FileInputStream.java:165)
01-07 08:39:05.343   616   616 W EntropyMixer: 	at java.io.FileInputStream.<init>(FileInputStream.java:112)
01-07 08:39:05.343   616   616 W EntropyMixer: 	at com.android.server.RandomBlock.fromFile(RandomBlock.java:45)
01-07 08:39:05.343   616   616 W EntropyMixer: 	at com.android.server.EntropyMixer.addHwRandomEntropy(EntropyMixer.java:205)
01-07 08:39:05.343   616   616 W EntropyMixer: 	at com.android.server.EntropyMixer.<init>(EntropyMixer.java:115)
01-07 08:39:05.343   616   616 W EntropyMixer: 	at com.android.server.EntropyMixer.<init>(EntropyMixer.java:97)
01-07 08:39:05.343   616   616 W EntropyMixer: 	at com.android.server.SystemServer.startOtherServices(SystemServer.java:805)
01-07 08:39:05.343   616   616 W EntropyMixer: 	at com.android.server.SystemServer.run(SystemServer.java:431)
01-07 08:39:05.343   616   616 W EntropyMixer: 	at com.android.server.SystemServer.main(SystemServer.java:294)
01-07 08:39:05.343   616   616 W EntropyMixer: 	at java.lang.reflect.Method.invoke(Native Method)
01-07 08:39:05.343   616   616 W EntropyMixer: 	at com.android.internal.os.RuntimeInit$MethodAndArgsCaller.run(RuntimeInit.java:495)
01-07 08:39:05.343   616   616 W EntropyMixer: 	at com.android.internal.os.ZygoteInit.main(ZygoteInit.java:838)
01-07 08:39:05.343   616   616 I EntropyMixer: Writing entropy...
01-07 08:39:05.344   616   629 I Zygote  : Process: zygote socket RESERVED/zygote opened, supported ABIS: arm64-v8a
01-07 08:39:05.351   616   616 D SystemServerTiming: StartEntropyMixer took to complete: 11ms
01-07 08:39:05.351   616   616 I SystemServer: StartAccountManagerService
01-07 08:39:05.351   616   616 I SystemServiceManager: Starting com.android.server.accounts.AccountManagerService$Lifecycle
01-07 08:39:05.355   616   616 D SystemServerTiming: StartAccountManagerService took to complete: 4ms
01-07 08:39:05.355   616   616 I SystemServer: StartContentService
01-07 08:39:05.355   616   616 I SystemServiceManager: Starting com.android.server.content.ContentService$Lifecycle
01-07 08:39:05.364   616   616 D SystemServerTiming: StartContentService took to complete: 9ms
01-07 08:39:05.364   616   616 I SystemServer: InstallSystemProviders
01-07 08:39:05.365   616   629 I Zygote  : Process: zygote socket RESERVED/zygote_secondary opened, supported ABIS: armeabi-v7a,armeabi
01-07 08:39:05.376   422   422 I Zygote  : Lazily preloading resources.
01-07 08:39:05.376   422   422 D Zygote  : begin preload
01-07 08:39:05.376   422   422 I Zygote  : Installing ICU cache reference pinning...
01-07 08:39:05.376   422   422 I Zygote  : Preloading ICU data...
01-07 08:39:05.395   422   422 D ZygoteInitTiming_lazy: BeginIcuCachePinning took to complete: 19ms
01-07 08:39:05.395   422   422 I Zygote  : Preloading classes...
01-07 08:39:05.410   616   630 I commit_sys_config_file: [package-perms-0,22]
01-07 08:39:05.423   422   422 I PackageBackwardCompatibility: Loaded android.content.pm.OrgApacheHttpLegacyUpdater
01-07 08:39:05.423   422   422 I PackageBackwardCompatibility: Could not find android.content.pm.AndroidTestBaseUpdater, ignoring
01-07 08:39:05.480     0     0 I [    9.984050 / 01-07 08:39:05.471][3] main[422]: syscall 384
01-07 08:39:05.480     0     0 W [    9.984069 / 01-07 08:39:05.471][3] Code: ea00e6a0 e1a0c007 e3a07d06 ef000000 (e1a0700c)
01-07 08:39:05.480     0     0 W [    9.984081 / 01-07 08:39:05.471][3] CPU: 3 PID: 422 Comm: main Not tainted 3.10.108-g9e2f6dc #3
01-07 08:39:05.480     0     0 W         : [    9.984089 / 01-07 08:39:05.471][3] Hardware name: Qualcomm Technologies, Inc. MSM8992 P1 GLOBAL COM (DT)
01-07 08:39:05.480     0     0 W [    9.984100 / 01-07 08:39:05.471][3] task: ffffffc0c1934000 ti: ffffffc0c19f4000 task.ti: ffffffc0c19f4000
01-07 08:39:05.480     0     0 W         : [    9.984110 / 01-07 08:39:05.471][3] PC is at 0xf6922048
01-07 08:39:05.480     0     0 W         : [    9.984118 / 01-07 08:39:05.471][3] LR is at 0xf68ed387
01-07 08:39:05.480     0     0 W [    9.984126 / 01-07 08:39:05.471][3] pc: [<00000000f6922048>] lr : [<00000000f68ed387>] pstate: 200d0010
01-07 08:39:05.480     0     0 W [    9.984134 / 01-07 08:39:05.471][3] sp: 00000000ffa5c2e0
01-07 08:39:05.480     0     0 W [    9.984143 / 01-07 08:39:05.471][3] x12: 0000000000000028
01-07 08:39:05.480     0     0 W [    9.984150 / 01-07 08:39:05.471][3] x11: 0000000000000000 x10: 0000000000000058
01-07 08:39:05.480     0     0 W [    9.984158 / 01-07 08:39:05.471][3] x9: 0000000000000028 x8 : 00000000ffa5c308
01-07 08:39:05.480     0     0 W [    9.984166 / 01-07 08:39:05.471][3] x7: 0000000000000180 x6 : 00000000ffa5c308
01-07 08:39:05.480     0     0 W [    9.984173 / 01-07 08:39:05.471][3] x5: 0000000000000000 x4 : 00000000f738a4ec
01-07 08:39:05.480     0     0 W [    9.984181 / 01-07 08:39:05.471][3] x3: 0000000000000000 x2 : 0000000000000001
01-07 08:39:05.480     0     0 W [    9.984189 / 01-07 08:39:05.471][3] x1: 0000000000000028 x0 : 00000000ffa5c308
01-07 08:39:05.480     0     0 W         : [    9.984196 / 01-07 08:39:05.471][3]
01-07 08:39:05.639     0     0 I         : [   10.143986 / 01-07 08:39:05.631][0] pet_watchdog
01-07 08:39:05.664   616   671 D SystemServerInitThreadPool: Finished executing Init OverlayManagerService
01-07 08:39:05.665   616   671 D SystemServerInitThreadPool: Started executing SchedulingPolicyService.<init>
01-07 08:39:05.673   616   671 I SchedulingPolicyService: Moving 498 back to group default
01-07 08:39:05.673   616   671 W SchedPolicy: add_tid_to_cgroup failed to write '498' (Permission denied); fd=26
01-07 08:39:05.673   616   671 W SchedulingPolicyService: Couldn't move pid 498 back to group default
01-07 08:39:05.673   616   671 D SystemServerInitThreadPool: Finished executing SchedulingPolicyService.<init>
01-07 08:39:05.677   616   640 I commit_sys_config_file: [overlays,13]
01-07 08:39:05.777   422   422 E ActivityRecognitionHardware: activity_recognition HAL is deprecated. class_init is effectively a no-op
01-07 08:39:05.885   422   422 I zygote  : Thread[1,tid=422,Native,Thread*=0xf37d9000,peer=0x104c0088,"main"] recursive attempt to load library "/system/lib/libmedia_jni.so"
01-07 08:39:05.886   422   422 D MtpDeviceJNI: register_android_mtp_MtpDevice
01-07 08:39:05.886   422   422 I zygote  : Thread[1,tid=422,Native,Thread*=0xf37d9000,peer=0x104c0088,"main"] recursive attempt to load library "/system/lib/libmedia_jni.so"
01-07 08:39:06.019     0     0 W [   10.527175 / 01-07 08:39:06.011][1] audit: audit_lost=61 audit_rate_limit=5 audit_backlog_limit=64
01-07 08:39:06.020     0     0 E [   10.527191 / 01-07 08:39:06.011][1] audit: rate limit exceeded
01-07 08:39:06.021   422   422 D TelephonyManager: /proc/cmdline=sched_enable_hmp=1 sched_enable_power_aware=1 console=ttyHSL0,115200,n8 androidboot.console=ttyHSL0 androidboot.hardware=qcom user_debug=31 ehci-hcd.park=3 lpm_levels.sleep_disabled=1 msm_rtb.filter=0x37 boot_cpus=0-5 buildvariant=userdebug lge.rev=rev_10 model.name=LG-H815 lge.sim_num=1 lge.battid=ISL6296_L lge.bootreason=Reboot_by_PowerKey maxcpus boot_cpus=0-3 kswitch cc_mode=0 androidboot.bl_unlock_complete=true androidboot.dlcomplete=0 gpt bootcable.type=400MA androidboot.ddr_size=3221225472 androidboot.ddr_info=0x3b000206 fakebattery=disable lge.bootreasoncode=0x77665501 lge.hreset=off lge.dsds=none androidboot.revision=11 fips_allow_others=1 fips_panic=0 fips=0 lge.signed_image=false androidboot.verifiedbootstate=orange androidboot.bootdevice=f9824900.sdhci androidboot.serialno=LGH81510a0c098 androidboot.authorized_kernel=true lge.signed_image=true lge.dsv_id=DW androidboot.baseband=msm mdss_mdp.panel=1:dsi:0:qcom,mdss_dsi_jdi_nt36850_1440p_mipi0_cmd:1:qcom,mdss_dsi_jdi_nt36850_1440p_mipi1_cmd
01-07 08:39:06.030   616   667 D SystemServerTimingAsync: AppDataPrepare took to complete: 895ms
01-07 08:39:06.030   616   667 I PackageManager: Deferred reconcileAppsData finished 67 packages
01-07 08:39:06.030   616   667 D SystemServerInitThreadPool: Finished executing prepareAppData
01-07 08:39:05.886   422   422 I zygote  : Thread[1,tid=422,Native,Thread*=0xf37d9000,peer=0x104c0088,"main"] recursive attempt to load library "/system/lib/libmedia_jni.so"
01-07 08:39:06.147   422   422 I Zygote  : ...preloaded 6535 classes in 752ms.
01-07 08:39:06.147   422   422 I zygote  : VMRuntime.preloadDexCaches starting
01-07 08:39:06.222   422   422 I zygote  : VMRuntime.preloadDexCaches strings total=338926 before=12314 after=12314
01-07 08:39:06.222   422   422 I zygote  : VMRuntime.preloadDexCaches types total=31345 before=7821 after=7822
01-07 08:39:06.222   422   422 I zygote  : VMRuntime.preloadDexCaches fields total=140712 before=9178 after=9178
01-07 08:39:06.222   422   422 I zygote  : VMRuntime.preloadDexCaches methods total=247710 before=12780 after=12780
01-07 08:39:06.222   422   422 I zygote  : VMRuntime.preloadDexCaches finished
01-07 08:39:06.222   422   422 D ZygoteInitTiming_lazy: PreloadClasses took to complete: 827ms
01-07 08:39:06.251   422   422 I AssetManager: no overlays.list file found
01-07 08:39:06.256   422   422 I Zygote  : Preloading resources...
01-07 08:39:06.269   422   422 W Resources: Preloaded drawable resource #0x1080265 (android:drawable/dialog_background_material) that varies with configuration!!
01-07 08:39:06.296   422   422 I Zygote  : ...preloaded 64 resources in 40ms.
01-07 08:39:06.302   422   422 I Zygote  : ...preloaded 41 resources in 7ms.
01-07 08:39:06.303   422   422 D ZygoteInitTiming_lazy: PreloadResources took to complete: 81ms
01-07 08:39:06.304   422   422 D vndksupport: Loading /vendor/lib/hw/android.hardware.graphics.mapper@2.0-impl.so from current namespace instead of sphal namespace.
01-07 08:39:06.308   422   422 D vndksupport: Loading /vendor/lib/egl/libEGL_adreno.so from current namespace instead of sphal namespace.
01-07 08:39:06.314   422   422 D libEGL  : loaded /vendor/lib/egl/libEGL_adreno.so
01-07 08:39:06.388   422   422 D vndksupport: Loading /vendor/lib/egl/libGLESv1_CM_adreno.so from current namespace instead of sphal namespace.
01-07 08:39:06.391   422   422 D libEGL  : loaded /vendor/lib/egl/libGLESv1_CM_adreno.so
01-07 08:39:06.430   422   422 D vndksupport: Loading /vendor/lib/egl/libGLESv2_adreno.so from current namespace instead of sphal namespace.
01-07 08:39:06.431   422   422 D libEGL  : loaded /vendor/lib/egl/libGLESv2_adreno.so
01-07 08:39:06.476   422   422 D vndksupport: Loading /vendor/lib/hw/gralloc.msm8992.so from current namespace instead of sphal namespace.
01-07 08:39:06.485   422   422 I Zygote  : Preloading shared libraries...
01-07 08:39:06.496   422   422 I Zygote  : Uninstalled ICU cache reference pinning...
01-07 08:39:06.497   422   422 I Zygote  : Installed AndroidKeyStoreProvider in 1ms.
01-07 08:39:06.511   422   422 I Zygote  : Warmed up JCA providers in 14ms.
01-07 08:39:06.511   422   422 D Zygote  : end preload
01-07 08:39:06.511   616   629 D SystemServerTimingAsync: SecondaryZygotePreload took to complete: 1178ms
01-07 08:39:06.511   616   629 D SystemServerInitThreadPool: Finished executing SecondaryZygotePreload
01-07 08:39:08.281   616   672 E libsensor1: sensor1_open: Error in connect() errno=2 No such file or directory
01-07 08:39:08.281   616   672 E sensors_hal_Ctx: sensor1 open failed!
01-07 08:39:08.281   616   672 I         : Loaded library from sensors.ssc.so
01-07 08:39:08.284   616   672 E system_server: HAL specifies version 1.4, but does not implement set_operation_mode()
01-07 08:39:08.285   616   672 E         : IGNORED register_direct_channel(mem=0x0, handle=-1) call to non-API-compliant sensor
01-07 08:39:08.313   616   616 I SettingsState: No settings state /data/system/users/0/settings_ssaid.xml
01-07 08:39:08.322   616   616 D SystemServerTiming: InstallSystemProviders took to complete: 2958ms
01-07 08:39:08.322   616   616 I SystemServer: StartDropBoxManager
01-07 08:39:08.322   616   616 I SystemServiceManager: Starting com.android.server.DropBoxManagerService
01-07 08:39:08.323   616   616 D SystemServerTiming: StartDropBoxManager took to complete: 1ms
01-07 08:39:08.323   616   616 I SystemServer: StartVibratorService
01-07 08:39:08.325   616   616 D vndksupport: Loading /vendor/lib64/hw/android.hardware.vibrator@1.0-impl.so from current namespace instead of sphal namespace.
01-07 08:39:08.330   616   616 D vndksupport: Loading /vendor/lib64/hw/vibrator.default.so from current namespace instead of sphal namespace.
01-07 08:39:08.333   616   616 D         : Vibrator using timed_output
01-07 08:39:08.335   616   616 D vndksupport: Loading /vendor/lib64/hw/android.hardware.vibrator@1.0-impl.so from current namespace instead of sphal namespace.
01-07 08:39:08.336   616   616 D vndksupport: Loading /vendor/lib64/hw/vibrator.default.so from current namespace instead of sphal namespace.
01-07 08:39:08.337   616   616 D         : Vibrator using timed_output
01-07 08:39:08.339   616   616 D vndksupport: Loading /vendor/lib64/hw/android.hardware.vibrator@1.0-impl.so from current namespace instead of sphal namespace.
01-07 08:39:08.340   616   616 D vndksupport: Loading /vendor/lib64/hw/vibrator.default.so from current namespace instead of sphal namespace.
01-07 08:39:08.340   616   616 D         : Vibrator using timed_output
01-07 08:39:08.343   616   616 D SystemServerTiming: StartVibratorService took to complete: 20ms
01-07 08:39:08.343   616   616 I SystemServer: StartConsumerIrService
01-07 08:39:08.345   616   616 D vndksupport: Loading /vendor/lib64/hw/android.hardware.ir@1.0-impl.so from current namespace instead of sphal namespace.
01-07 08:39:08.354   616   616 D SystemServerTiming: StartConsumerIrService took to complete: 12ms
01-07 08:39:08.355   616   616 I SystemServer: StartAlarmManagerService
01-07 08:39:08.355   616   616 I SystemServiceManager: Starting com.android.server.AlarmManagerService
01-07 08:39:08.356   616   616 D AlarmManagerService: Kernel timezone updated to 0 minutes west of GMT
01-07 08:39:08.356   616   616 I AlarmManager: Current time only 1420619948356, advancing to build time 1536573875000
01-07 08:39:08.356   616   616 D AlarmManagerService: Setting time of day to sec=1536573875
09-10 10:04:35.000   616   616 W AlarmManagerService: Unable to set rtc to 1536573875: Invalid argument
09-10 10:04:35.005   616   616 D SystemServerTiming: StartAlarmManagerService took to complete: 6ms
09-10 10:04:35.005   616   616 I SystemServer: InitWatchdog
09-10 10:04:35.005   616   616 D SystemServerTiming: InitWatchdog took to complete: 0ms
09-10 10:04:35.005   616   616 I SystemServer: StartInputManagerService
09-10 10:04:35.005   616   616 I InputManager: Initializing input manager, mUseDevInputEventForAudioJack=true
09-10 10:04:35.006   616   616 D SystemServerTiming: StartInputManagerService took to complete: 1ms
09-10 10:04:35.006   616   616 I SystemServer: StartWindowManagerService
09-10 10:04:35.020   616   672 D SystemServerTimingAsync: StartSensorService took to complete: 3143ms
09-10 10:04:35.020   616   672 D SystemServerInitThreadPool: Finished executing StartSensorService
09-10 10:04:35.046   616   641 I WindowManager: No existing display settings /data/system/display_settings.xml; starting empty
09-10 10:04:35.058   616   616 D SystemServerTiming: StartWindowManagerService took to complete: 52ms
09-10 10:04:35.058   616   616 I SystemServer: SetWindowManagerService
09-10 10:04:35.096   616   616 I wm_stack_created: 0
09-10 10:04:35.099   616   616 D SystemServerTiming: SetWindowManagerService took to complete: 40ms
09-10 10:04:35.099   616   616 I SystemServer: WindowManagerServiceOnInitReady
09-10 10:04:35.107     0     0 I [   12.970563 / 09-10 10:04:35.099][1] init: processing action (sys.sysctl.extra_free_kbytes=*) from (/init.rc:725)
09-10 10:04:35.115   616   616 D SystemServerTiming: WindowManagerServiceOnInitReady took to complete: 16ms
09-10 10:04:35.115   616   671 D SystemServerInitThreadPool: Started executing StartHidlServices
09-10 10:04:35.115   616   616 I SystemServer: StartVrManagerService
09-10 10:04:35.115   616   616 I SystemServiceManager: Starting com.android.server.vr.VrManagerService
09-10 10:04:35.119   616   616 W VrManagerService: init_native: Could not open IVr interface
09-10 10:04:35.119   616   671 D SystemServerTimingAsync: StartHidlServices took to complete: 4ms
09-10 10:04:35.120   616   671 D SystemServerInitThreadPool: Finished executing StartHidlServices
09-10 10:04:35.120   616   616 D SystemServerTiming: StartVrManagerService took to complete: 5ms
09-10 10:04:35.120   616   616 I SystemServer: StartInputManager
09-10 10:04:35.120   616   616 I InputManager: Starting input manager
09-10 10:04:35.123   616   616 D SystemServerTiming: StartInputManager took to complete: 3ms
09-10 10:04:35.123   616   616 I SystemServer: DisplayManagerWindowManagerAndInputReady
09-10 10:04:35.123   616   616 D SystemServerTiming: DisplayManagerWindowManagerAndInputReady took to complete: 0ms
09-10 10:04:35.123   616   616 I SystemServer: StartBluetoothService
09-10 10:04:35.124   616   616 I SystemServiceManager: Starting com.android.server.BluetoothService
09-10 10:04:35.125   616   616 D BluetoothManagerService: Loading stored name and address
09-10 10:04:35.126   616   616 D BluetoothManagerService: Stored bluetooth Name=null,Address=null
09-10 10:04:35.127   616   616 D BluetoothManagerService: Bluetooth persisted state: 0
09-10 10:04:35.127   616   616 D BluetoothManagerService: Detected SystemUiUid: 10020
09-10 10:04:35.128   616   616 D SystemServerTiming: StartBluetoothService took to complete: 4ms
09-10 10:04:35.128   616   616 I SystemServer: IpConnectivityMetrics
09-10 10:04:35.128   616   616 I SystemServiceManager: Starting com.android.server.connectivity.IpConnectivityMetrics
09-10 10:04:35.129   616   616 D SystemServerTiming: IpConnectivityMetrics took to complete: 1ms
09-10 10:04:35.129   616   616 I SystemServer: NetworkWatchlistService
09-10 10:04:35.129   616   616 I SystemServiceManager: Starting com.android.server.net.watchlist.NetworkWatchlistService$Lifecycle
09-10 10:04:35.144   616   692 D EventHub: No input device configuration file found for device 'msm8994-tomtom-snd-card Headset Jack'.
09-10 10:04:35.144   616   692 I EventHub: wakeMechanism=EPOLLWAKEUP, usingClockIoctl=true
09-10 10:04:35.144   616   692 I EventHub: New device: id=1, fd=116, path='/dev/input/event4', name='msm8994-tomtom-snd-card Headset Jack', classes=0x80, configuration='', keyLayout='', keyCharacterMap='', builtinKeyboard=false, 
09-10 10:04:35.144   616   692 D EventHub: No input device configuration file found for device 'msm8994-tomtom-snd-card Button Jack'.
09-10 10:04:35.150   616   692 W EventHub: Unable to disable kernel key repeat for /dev/input/event3: Function not implemented
09-10 10:04:35.150   616   692 I EventHub: wakeMechanism=EPOLLWAKEUP, usingClockIoctl=true
09-10 10:04:35.150   616   692 I EventHub: New device: id=2, fd=117, path='/dev/input/event3', name='msm8994-tomtom-snd-card Button Jack', classes=0x1, configuration='', keyLayout='/system/usr/keylayout/Generic.kl', keyCharacterMap='/system/usr/keychars/Generic.kcm', builtinKeyboard=false, 
09-10 10:04:35.150   616   692 D EventHub: No input device configuration file found for device 'qpnp_pon'.
09-10 10:04:35.153   616   692 W EventHub: Unable to disable kernel key repeat for /dev/input/event1: Function not implemented
09-10 10:04:35.153   616   692 I EventHub: wakeMechanism=EPOLLWAKEUP, usingClockIoctl=true
09-10 10:04:35.153   616   692 I EventHub: New device: id=3, fd=118, path='/dev/input/event1', name='qpnp_pon', classes=0x1, configuration='', keyLayout='/system/usr/keylayout/Generic.kl', keyCharacterMap='/system/usr/keychars/Generic.kcm', builtinKeyboard=false, 
09-10 10:04:35.153   616   692 E EventHub: could not get driver version for /dev/input/mice, Not a typewriter
09-10 10:04:35.179   616   692 D EventHub: No input device configuration file found for device 'touch_dev'.
09-10 10:04:35.183   616   692 W EventHub: Unable to disable kernel key repeat for /dev/input/event0: Function not implemented
09-10 10:04:35.183   616   692 I EventHub: wakeMechanism=EPOLLWAKEUP, usingClockIoctl=true
09-10 10:04:35.183   616   692 I EventHub: New device: id=4, fd=119, path='/dev/input/event0', name='touch_dev', classes=0x15, configuration='', keyLayout='/system/usr/keylayout/Generic.kl', keyCharacterMap='/system/usr/keychars/Generic.kcm', builtinKeyboard=false, 
09-10 10:04:35.183   616   692 D EventHub: No input device configuration file found for device 'gpio-keys'.
09-10 10:04:35.187   616   692 W EventHub: Unable to disable kernel key repeat for /dev/input/event2: Function not implemented
09-10 10:04:35.187   616   692 I EventHub: wakeMechanism=EPOLLWAKEUP, usingClockIoctl=true
09-10 10:04:35.187   616   692 I EventHub: New device: id=5, fd=120, path='/dev/input/event2', name='gpio-keys', classes=0x81, configuration='', keyLayout='/system/usr/keylayout/Generic.kl', keyCharacterMap='/system/usr/keychars/Generic.kcm', builtinKeyboard=false, 
09-10 10:04:35.203   616   692 I InputReader: Device added: id=-1, name='Virtual', sources=0x00000301
09-10 10:04:35.203   616   692 I InputReader: Device added: id=5, name='gpio-keys', sources=0x80000101
09-10 10:04:35.204   616   692 I InputReader:   Touch device 'touch_dev' could not query the properties of its associated display.  The device will be inoperable until the display size becomes available.
09-10 10:04:35.204   616   692 I InputReader: Device added: id=4, name='touch_dev', sources=0x00001103
09-10 10:04:35.204   616   692 I InputReader: Device added: id=3, name='qpnp_pon', sources=0x00000101
09-10 10:04:35.204   616   692 I InputReader: Device added: id=2, name='msm8994-tomtom-snd-card Button Jack', sources=0x00000101
09-10 10:04:35.204   616   692 I InputReader: Device added: id=1, name='msm8994-tomtom-snd-card Headset Jack', sources=0x80000000
09-10 10:04:35.250   616   616 I WatchlistSettings: Reload watchlist settings done
09-10 10:04:35.250   616   693 I WatchlistLoggingHandler: No need to aggregate record yet.
09-10 10:04:35.251   616   693 I WatchlistLoggingHandler: Milliseconds spent on tryAggregateRecords(): 0
09-10 10:04:35.251   616   616 W SystemServiceManager: Service com.android.server.net.watchlist.NetworkWatchlistService$Lifecycle took 122 ms in onStart
09-10 10:04:35.251   616   616 D SystemServerTiming: NetworkWatchlistService took to complete: 122ms
09-10 10:04:35.251   616   616 I SystemServer: PinnerService
09-10 10:04:35.251   616   616 I SystemServiceManager: Starting com.android.server.PinnerService
09-10 10:04:35.253   616   616 D SystemServerTiming: PinnerService took to complete: 1ms
09-10 10:04:35.253   616   616 I SystemServer: StartInputMethodManagerLifecycle
09-10 10:04:35.253   616   616 I SystemServiceManager: Starting com.android.server.InputMethodManagerService$Lifecycle
09-10 10:04:35.261   616   616 D SystemServerTiming: StartInputMethodManagerLifecycle took to complete: 8ms
09-10 10:04:35.262   616   616 I SystemServer: StartAccessibilityManagerService
09-10 10:04:35.265   616   616 D SystemServerTiming: StartAccessibilityManagerService took to complete: 4ms
09-10 10:04:35.265   616   616 I SystemServer: MakeDisplayReady
09-10 10:04:35.266   616   616 I configuration_changed: 536894968
09-10 10:04:35.267   616   616 I ActivityManager: Config changes=20005df8 {1.0 ?mcc?mnc [en_US] ldltr sw411dp w411dp h731dp 560dpi nrml long port ?uimode ?night -touch -keyb/h/h -nav/h winConfig={ mBounds=Rect(0, 0 - 0, 0) mAppBounds=Rect(0, 0 - 1440, 2560) mWindowingMode=fullscreen mActivityType=undefined} s.2}
09-10 10:04:35.267   616   630 I UsageStatsService: Time changed in UsageStats by 115953926 seconds
09-10 10:04:35.267   616   630 I UsageStatsDatabase: Time changed by +1342d1h25m26s643ms. files deleted: 0 files moved: 0
09-10 10:04:35.268   616   630 I UsageStatsService: User[0] Rollover scheduled @ 2018-09-11 10:04:35(1536660275267)
09-10 10:04:35.275   616   616 I ActivityManager: Override config changes=60007dfc {1.0 ?mcc?mnc [en_US] ldltr sw411dp w411dp h731dp 560dpi nrml long port ?uimode ?night -touch -keyb/h/h -nav/h winConfig={ mBounds=Rect(0, 0 - 1440, 2560) mAppBounds=Rect(0, 0 - 1440, 2560) mWindowingMode=fullscreen mActivityType=undefined} s.2} for displayId=0
09-10 10:04:35.280   616   616 I configuration_changed: 536872200
09-10 10:04:35.280   616   616 I ActivityManager: Config changes=20000508 {1.0 ?mcc?mnc [en_US] ldltr sw411dp w411dp h659dp 560dpi nrml port ?uimode ?night finger -keyb/h/h -nav/h winConfig={ mBounds=Rect(0, 0 - 0, 0) mAppBounds=Rect(0, 0 - 1440, 2392) mWindowingMode=fullscreen mActivityType=undefined} s.3}
09-10 10:04:35.280   616   692 I InputReader: Reconfiguring input devices.  changes=0x00000004
09-10 10:04:35.280   616   692 I InputReader: Device reconfigured: id=4, name='touch_dev', size 1440x2560, orientation 0, mode 1, display id 0
09-10 10:04:35.288   616   692 I InputReader: Reconfiguring input devices.  changes=0x00000004
09-10 10:04:35.288   616   616 I ActivityManager: Override config changes=20000508 {1.0 ?mcc?mnc [en_US] ldltr sw411dp w411dp h659dp 560dpi nrml port ?uimode ?night finger -keyb/h/h -nav/h winConfig={ mBounds=Rect(0, 0 - 1440, 2560) mAppBounds=Rect(0, 0 - 1440, 2392) mWindowingMode=fullscreen mActivityType=undefined} s.3} for displayId=0
09-10 10:04:35.301   616   616 D SystemServerTiming: MakeDisplayReady took to complete: 36ms
09-10 10:04:35.302   616   616 I SystemServer: StartStorageManagerService
09-10 10:04:35.302   616   616 I SystemServiceManager: Starting com.android.server.StorageManagerService$Lifecycle
09-10 10:04:35.312   616   694 D StorageManagerService: Thinking about init, mSystemReady=false, mDaemonConnected=true
09-10 10:04:35.312   616   616 D SystemServerTiming: StartStorageManagerService took to complete: 11ms
09-10 10:04:35.312   616   694 D StorageManagerService: Thinking about reset, mSystemReady=false, mDaemonConnected=true
09-10 10:04:35.312   616   616 I SystemServer: StartStorageStatsService
09-10 10:04:35.312   616   616 I SystemServiceManager: Starting com.android.server.usage.StorageStatsService$Lifecycle
09-10 10:04:35.312   405   405 E vold    : Failed to read field SystemLocale: Success
09-10 10:04:35.313   616   694 E StorageManagerService: Failed to read field SystemLocale
09-10 10:04:35.313   616   694 E StorageManagerService: android.os.ServiceSpecificException: Failed to read field SystemLocale (code 0)
09-10 10:04:35.313   616   694 E StorageManagerService: 	at android.os.Parcel.createException(Parcel.java:1956)
09-10 10:04:35.313   616   694 E StorageManagerService: 	at android.os.Parcel.readException(Parcel.java:1910)
09-10 10:04:35.313   616   694 E StorageManagerService: 	at android.os.Parcel.readException(Parcel.java:1860)
09-10 10:04:35.313   616   694 E StorageManagerService: 	at android.os.IVold$Stub$Proxy.fdeGetField(IVold.java:1094)
09-10 10:04:35.313   616   694 E StorageManagerService: 	at com.android.server.StorageManagerService.getField(StorageManagerService.java:2408)
09-10 10:04:35.313   616   694 E StorageManagerService: 	at com.android.server.StorageManagerService.copyLocaleFromMountService(StorageManagerService.java:982)
09-10 10:04:35.313   616   694 E StorageManagerService: 	at com.android.server.StorageManagerService.handleDaemonConnected(StorageManagerService.java:975)
09-10 10:04:35.313   616   694 E StorageManagerService: 	at com.android.server.StorageManagerService.access$900(StorageManagerService.java:171)
09-10 10:04:35.313   616   694 E StorageManagerService: 	at com.android.server.StorageManagerService$StorageManagerServiceHandler.handleMessage(StorageManagerService.java:572)
09-10 10:04:35.313   616   694 E StorageManagerService: 	at android.os.Handler.dispatchMessage(Handler.java:106)
09-10 10:04:35.313   616   694 E StorageManagerService: 	at android.os.Looper.loop(Looper.java:193)
09-10 10:04:35.313   616   694 E StorageManagerService: 	at android.os.HandlerThread.run(HandlerThread.java:65)
09-10 10:04:35.314   616   631 I am_wtf  : [0,616,system_server,-1,StorageManagerService,Failed to read field SystemLocale]
09-10 10:04:35.317   616   616 D SystemServerTiming: StartStorageStatsService took to complete: 5ms
09-10 10:04:35.317   616   616 I SystemServer: StartUiModeManager
09-10 10:04:35.317   616   616 I SystemServiceManager: Starting com.android.server.UiModeManagerService
09-10 10:04:35.320   616   667 D SystemServerInitThreadPool: Started executing UiModeManager.onStart
09-10 10:04:35.320   616   667 I configuration_changed: 512
09-10 10:04:35.320   616   667 I ActivityManager: Config changes=200 {1.0 ?mcc?mnc [en_US] ldltr sw411dp w411dp h659dp 560dpi nrml port finger -keyb/h/h -nav/h winConfig={ mBounds=Rect(0, 0 - 0, 0) mAppBounds=Rect(0, 0 - 1440, 2392) mWindowingMode=fullscreen mActivityType=undefined} s.4}
09-10 10:04:35.321   616   616 D SystemServerTiming: StartUiModeManager took to complete: 3ms
09-10 10:04:35.321   616   616 I SystemServer: UpdatePackagesIfNeeded
09-10 10:04:35.321   616   616 D SystemServerTiming: UpdatePackagesIfNeeded took to complete: 0ms
09-10 10:04:35.321   616   616 I SystemServer: PerformFstrimIfNeeded
09-10 10:04:35.322   616   616 D SystemServerTiming: PerformFstrimIfNeeded took to complete: 0ms
09-10 10:04:35.322   616   616 I SystemServer: StartLockSettingsService
09-10 10:04:35.322   616   616 I SystemServiceManager: Starting com.android.server.locksettings.LockSettingsService$Lifecycle
09-10 10:04:35.333   616   667 I ActivityManager: Override config changes=200 {1.0 ?mcc?mnc [en_US] ldltr sw411dp w411dp h659dp 560dpi nrml port finger -keyb/h/h -nav/h winConfig={ mBounds=Rect(0, 0 - 1440, 2560) mAppBounds=Rect(0, 0 - 1440, 2392) mWindowingMode=fullscreen mActivityType=undefined} s.4} for displayId=0
09-10 10:04:35.335   616   667 D SystemServerInitThreadPool: Finished executing UiModeManager.onStart
09-10 10:04:35.338   616   616 D SystemServerTiming: StartLockSettingsService took to complete: 15ms
09-10 10:04:35.338   616   616 I SystemServer: StartPersistentDataBlock
09-10 10:04:35.338   616   616 I SystemServiceManager: Starting com.android.server.PersistentDataBlockService
09-10 10:04:35.338   616   616 D SystemServerTiming: StartPersistentDataBlock took to complete: 0ms
09-10 10:04:35.338   616   629 D SystemServerInitThreadPool: Started executing PersistentDataBlockService.onStart
09-10 10:04:35.339   616   616 I SystemServer: StartOemLockService
09-10 10:04:35.339   616   616 I SystemServiceManager: Starting com.android.server.oemlock.OemLockService
09-10 10:04:35.342   616   616 I OemLock : OemLock HAL not present on device
09-10 10:04:35.342   616   616 I OemLock : Using persistent data block based lock
09-10 10:04:35.343     0     0 I [   13.207367 / 09-10 10:04:35.335][2] init: Received control message 'interface_start' for 'android.hardware.oemlock@1.0::IOemLock/default' from pid: 403 (/system/bin/hwservicemanager)
09-10 10:04:35.343     0     0 E [   13.207440 / 09-10 10:04:35.335][2] init: Could not find service hosting interface android.hardware.oemlock@1.0::IOemLock/default
09-10 10:04:35.343   616   616 D SystemServerTiming: StartOemLockService took to complete: 5ms
09-10 10:04:35.343   616   616 I SystemServer: StartDeviceIdleController
09-10 10:04:35.343   616   616 I SystemServiceManager: Starting com.android.server.DeviceIdleController
09-10 10:04:35.347   616   616 D SystemServerTiming: StartDeviceIdleController took to complete: 4ms
09-10 10:04:35.347   616   616 I SystemServer: StartDevicePolicyManager
09-10 10:04:35.347   616   616 I SystemServiceManager: Starting com.android.server.devicepolicy.DevicePolicyManagerService$Lifecycle
09-10 10:04:35.352   616   616 D SystemServerTiming: StartDevicePolicyManager took to complete: 5ms
09-10 10:04:35.353   616   616 I SystemServer: StartStatusBarManagerService
09-10 10:04:35.353   616   616 D SystemServerTiming: StartStatusBarManagerService took to complete: 1ms
09-10 10:04:35.354   616   616 I SystemServer: StartClipboardService
09-10 10:04:35.354   616   616 I SystemServiceManager: Starting com.android.server.clipboard.ClipboardService
09-10 10:04:35.355   616   616 D SystemServerTiming: StartClipboardService took to complete: 2ms
09-10 10:04:35.356   616   616 I SystemServer: StartNetworkManagementService
09-10 10:04:35.358   616   696 I NetworkManagement: onDaemonConnected()
09-10 10:04:35.360   616   616 D SystemServerTiming: StartNetworkManagementService took to complete: 5ms
09-10 10:04:35.360   616   616 I SystemServer: StartIpSecService
09-10 10:04:35.362   616   616 D SystemServerTiming: StartIpSecService took to complete: 2ms
09-10 10:04:35.362   616   616 I SystemServer: StartTextServicesManager
09-10 10:04:35.362   616   616 I SystemServiceManager: Starting com.android.server.TextServicesManagerService$Lifecycle
09-10 10:04:35.364   616   616 D SystemServerTiming: StartTextServicesManager took to complete: 2ms
09-10 10:04:35.364   616   616 I SystemServer: StartTextClassificationManagerService
09-10 10:04:35.364   616   616 I SystemServiceManager: Starting com.android.server.textclassifier.TextClassificationManagerService$Lifecycle
09-10 10:04:35.365   616   616 D SystemServerTiming: StartTextClassificationManagerService took to complete: 1ms
09-10 10:04:35.366   616   616 I SystemServer: StartNetworkScoreService
09-10 10:04:35.366   616   616 I SystemServiceManager: Starting com.android.server.NetworkScoreService$Lifecycle
09-10 10:04:35.302   616   692 I InputReader: Reconfiguring input devices.  changes=0x00000004
09-10 10:04:35.367   616   616 I NetworkScoreService: Registering network_score
09-10 10:04:35.368   616   616 D SystemServerTiming: StartNetworkScoreService took to complete: 3ms
09-10 10:04:35.368   616   616 I SystemServer: StartNetworkStatsService
09-10 10:04:35.371   616   616 D SystemServerTiming: StartNetworkStatsService took to complete: 2ms
09-10 10:04:35.371   616   616 I SystemServer: StartNetworkPolicyManagerService
09-10 10:04:35.371   629   629 I auditd  : type=1400 audit(0.0:108): avc: denied { read } for comm="system-server-i" name="mmcblk0p35" dev="tmpfs" ino=11350 scontext=u:r:system_server:s0 tcontext=u:object_r:block_device:s0 tclass=blk_file permissive=1
09-10 10:04:35.371   629   629 I system-server-i: type=1400 audit(0.0:108): avc: denied { read } for name="mmcblk0p35" dev="tmpfs" ino=11350 scontext=u:r:system_server:s0 tcontext=u:object_r:block_device:s0 tclass=blk_file permissive=1
09-10 10:04:35.375   616   629 E PersistentDataBlockService: not able to find package com.google.android.gms
09-10 10:04:35.375   616   629 E PersistentDataBlockService: android.content.pm.PackageManager$NameNotFoundException: com.google.android.gms
09-10 10:04:35.375   616   629 E PersistentDataBlockService: 	at android.app.ApplicationPackageManager.getPackageUidAsUser(ApplicationPackageManager.java:299)
09-10 10:04:35.375   616   629 E PersistentDataBlockService: 	at com.android.server.PersistentDataBlockService.getAllowedUid(PersistentDataBlockService.java:113)
09-10 10:04:35.375   616   629 E PersistentDataBlockService: 	at com.android.server.PersistentDataBlockService.lambda$onStart$0(PersistentDataBlockService.java:126)
09-10 10:04:35.375   616   629 E PersistentDataBlockService: 	at com.android.server.-$$Lambda$PersistentDataBlockService$EZl9OYaT2eNL7kfSr2nKUBjxidk.run(Unknown Source:2)
09-10 10:04:35.375   616   629 E PersistentDataBlockService: 	at com.android.server.SystemServerInitThreadPool.lambda$submit$0(SystemServerInitThreadPool.java:64)
09-10 10:04:35.375   616   629 E PersistentDataBlockService: 	at com.android.server.-$$Lambda$SystemServerInitThreadPool$7wfLGkZF7FvYZv7xj3ghvuiJJGk.run(Unknown Source:4)
09-10 10:04:35.375   616   629 E PersistentDataBlockService: 	at java.util.concurrent.Executors$RunnableAdapter.call(Executors.java:458)
09-10 10:04:35.375   616   629 E PersistentDataBlockService: 	at java.util.concurrent.FutureTask.run(FutureTask.java:266)
09-10 10:04:35.375   616   629 E PersistentDataBlockService: 	at java.util.concurrent.ThreadPoolExecutor.runWorker(ThreadPoolExecutor.java:1167)
09-10 10:04:35.375   616   629 E PersistentDataBlockService: 	at java.util.concurrent.ThreadPoolExecutor$Worker.run(ThreadPoolExecutor.java:641)
09-10 10:04:35.375   616   629 E PersistentDataBlockService: 	at com.android.internal.util.ConcurrentUtils$1$1.run(ConcurrentUtils.java:62)
09-10 10:04:35.375   616   616 D SystemServerTiming: StartNetworkPolicyManagerService took to complete: 4ms
09-10 10:04:35.376   616   616 I SystemServer: StartWifi
09-10 10:04:35.395   629   629 I auditd  : type=1400 audit(0.0:111): avc: denied { ioctl } for comm="system-server-i" path="/dev/block/mmcblk0p35" dev="tmpfs" ino=11350 ioctlcmd=1272 scontext=u:r:system_server:s0 tcontext=u:object_r:block_device:s0 tclass=blk_file permissive=1
09-10 10:04:35.395   629   629 I system-server-i: type=1400 audit(0.0:111): avc: denied { ioctl } for path="/dev/block/mmcblk0p35" dev="tmpfs" ino=11350 ioctlcmd=1272 scontext=u:r:system_server:s0 tcontext=u:object_r:block_device:s0 tclass=blk_file permissive=1
09-10 10:04:35.404   616   629 D SystemServerInitThreadPool: Finished executing PersistentDataBlockService.onStart
09-10 10:04:35.440   616   616 I SystemServiceManager: Starting com.android.server.wifi.WifiService
09-10 10:04:35.477   616   640 I am_uid_running: 10006
09-10 10:04:35.518   616   616 E TelephonyManager: IMSI error: Subscriber Info is null
09-10 10:04:35.557   616   616 D WifiApConfigStore: 2G band allowed channels are:1,6,11
09-10 10:04:35.570   616   616 I WifiScoringParams: rssi2=-85:-85:-73:-60,rssi5=-82:-82:-70:-57,pps=0:1:100,horizon=15,nud=8,expid=0
09-10 10:04:35.618   616   616 D WifiStateMachine: EnableConnectedMacRandomization Setting changed to false
09-10 10:04:35.619   616   616 E WifiStateMachine: getWifiLinkLayerStats called without an interface
09-10 10:04:35.619   616   616 D WifiStateMachinePrime: Starting Wifi in WifiDisabledState
09-10 10:04:35.620   616   702 D WifiStateMachinePrime: Entering WifiDisabledState
09-10 10:04:35.620   616   702 D ActiveModeManager: sending scan available broadcast: false
09-10 10:04:35.621   616   616 D WifiOpenNetworkNotifier: Settings toggle enabled=true
09-10 10:04:35.622   616   616 D WifiCarrierNetworkNotifier: Settings toggle enabled=true
09-10 10:04:35.624   616   616 D WakeupController: WifiWake enabled
