--------- beginning of main
01-10 18:41:26.380   399   399 W auditd  : type=2000 audit(0.0:1): initialized
01-10 18:41:27.639   399   399 I auditd  : type=1403 audit(0.0:2): policy loaded auid=4294967295 ses=4294967295
01-10 18:41:28.143   353   353 I fsck.f2fs: type=1400 audit(0.0:3): avc: denied { read } for name="mmcblk0p50" dev="tmpfs" ino=9937 scontext=u:r:fsck:s0 tcontext=u:object_r:block_device:s0 tclass=blk_file permissive=1
01-10 18:41:28.143   353   353 I fsck.f2fs: type=1400 audit(0.0:4): avc: denied { open } for path="/dev/block/mmcblk0p50" dev="tmpfs" ino=9937 scontext=u:r:fsck:s0 tcontext=u:object_r:block_device:s0 tclass=blk_file permissive=1
01-10 18:41:28.143   353   353 I fsck.f2fs: type=1400 audit(0.0:5): avc: denied { write } for name="mmcblk0p50" dev="tmpfs" ino=9937 scontext=u:r:fsck:s0 tcontext=u:object_r:block_device:s0 tclass=blk_file permissive=1
01-10 18:41:28.143   353   353 I fsck.f2fs: type=1400 audit(0.0:6): avc: denied { ioctl } for path="/dev/block/mmcblk0p50" dev="tmpfs" ino=9937 ioctlcmd=1268 scontext=u:r:fsck:s0 tcontext=u:object_r:block_device:s0 tclass=blk_file permissive=1
01-10 18:41:29.470   400   400 I SELinux : SELinux: Loaded service_contexts from:
01-10 18:41:29.509   400   400 I SELinux :     /plat_service_contexts
01-10 18:41:29.509   400   400 I SELinux :     /nonplat_service_contexts
01-10 18:41:29.527   402   402 I SELinux : SELinux: Loaded service_contexts from:
01-10 18:41:29.528   402   402 I SELinux :     /vndservice_contexts
--------- beginning of system
01-10 18:41:29.611   408   408 I vold    : Vold 3.0 (the awakening) firing up
01-10 18:41:29.611   408   408 V vold    : Detected support for: exfat ext4 f2fs ntfs vfat
01-10 18:41:29.614   408   408 I vold    : [libfs_mgr]fs_mgr_read_fstab_dt(): failed to read fstab from dt
01-10 18:41:29.645   408   413 D vold    : e4crypt_init_user0
01-10 18:41:29.645   408   413 D vold    : e4crypt_prepare_user_storage for volume null, user 0, serial 0, flags 1
01-10 18:41:29.645   408   413 D vold    : Preparing: /data/system/users/0
01-10 18:41:29.646   408   413 D vold    : Preparing: /data/misc/profiles/cur/0
01-10 18:41:29.647   408   413 D vold    : Preparing: /data/system_de/0
01-10 18:41:29.647   408   413 D vold    : Preparing: /data/misc_de/0
01-10 18:41:29.648   408   413 D vold    : Preparing: /data/user_de/0
01-10 18:41:29.648   408   413 D vold    : e4crypt_unlock_user_key 0 serial=0 token_present=0
01-10 18:41:29.671   415   415 I /system/bin/tzdatacheck: timezone distro dir /data/misc/zoneinfo/current does not exist. No action required.
01-10 18:41:29.703   416   416 I init    : type=1400 audit(0.0:24): avc: denied { execute_no_trans } for path="/system/bin/sysinit" dev="mmcblk0p47" ino=438 scontext=u:r:init:s0 tcontext=u:object_r:system_file:s0 tclass=file permissive=1
01-10 18:41:29.994   418   418 I Netd    : Netd 1.0 starting
01-10 18:41:30.002   418   418 D TetherController: Setting IP forward enable = 0
01-10 18:41:30.028   418   418 I Netd    : Creating child chains: 21.2ms
01-10 18:41:30.028   418   418 I Netd    : Setting up OEM hooks: 0.1ms
01-10 18:41:30.033   418   418 I Netd    : Setting up FirewallController hooks: 5.6ms
01-10 18:41:30.037   418   418 I Netd    : Setting up NatController hooks: 3.3ms
01-10 18:41:30.039   418   418 I Netd    : Setting up BandwidthController hooks: 2.8ms
01-10 18:41:30.039   418   418 I Netd    : Setting up IdletimerController hooks: 0.1ms
01-10 18:41:30.045   418   418 I Netd    : Disabling bandwidth control: 5.4ms
01-10 18:41:30.047   418   418 I Netd    : Initializing RouteController: 1.8ms
01-10 18:41:30.048   418   418 D MDnsDS  : MDnsSdListener::Hander starting up
01-10 18:41:30.048   418   429 D MDnsDS  : MDnsSdListener starting to monitor
01-10 18:41:30.048   418   429 D MDnsDS  : Going to poll with pollCount 1
01-10 18:41:30.050   418   418 I Netd    : Registering NetdNativeService: 1.6ms
01-10 18:41:30.050   418   418 I Netd    : Starting CommandListener: 0.2ms
01-10 18:41:30.052   418   418 I Netd    : Registering NetdHwService: 2.2ms
01-10 18:41:30.052   418   418 I Netd    : Netd started in 58ms
01-10 18:41:30.715   463   463 I init    : type=1400 audit(0.0:25): avc: denied { execute_no_trans } for path="/system/bin/sh" dev="mmcblk0p47" ino=411 scontext=u:r:init:s0 tcontext=u:object_r:shell_exec:s0 tclass=file permissive=1
01-10 18:41:30.719     1     1 I init    : type=1400 audit(0.0:26): avc: denied { getattr } for path="/system/bin/hwaddrs" dev="mmcblk0p47" ino=243 scontext=u:r:init:s0 tcontext=u:object_r:hwaddrs_exec:s0 tclass=file permissive=1
01-10 18:41:30.727   469   469 I init    : type=1400 audit(0.0:27): avc: denied { execute } for name="hwaddrs" dev="mmcblk0p47" ino=243 scontext=u:r:init:s0 tcontext=u:object_r:hwaddrs_exec:s0 tclass=file permissive=1
01-10 18:41:30.727   469   469 I init    : type=1400 audit(0.0:28): avc: denied { read open } for path="/system/bin/hwaddrs" dev="mmcblk0p47" ino=243 scontext=u:r:init:s0 tcontext=u:object_r:hwaddrs_exec:s0 tclass=file permissive=1
01-10 18:41:30.727   469   469 I init    : type=1400 audit(0.0:29): avc: denied { execute_no_trans } for path="/system/bin/hwaddrs" dev="mmcblk0p47" ino=243 scontext=u:r:init:s0 tcontext=u:object_r:hwaddrs_exec:s0 tclass=file permissive=1
01-10 18:41:30.894   453   453 I ServiceManagement: Removing namespace from process name android.hidl.allocator@1.0-service to allocator@1.0-s.
01-10 18:41:30.895   464   464 I rfs_access: type=1400 audit(0.0:30): avc: denied { write } for name="rfsa" dev="debugfs" ino=9432 scontext=u:r:init:s0 tcontext=u:object_r:rmt_debugfs:s0 tclass=file permissive=1
01-10 18:41:30.895   464   464 W rfs_access: type=1400 audit(0.0:31): avc: granted { read } for name="uio1" dev="tmpfs" ino=10371 scontext=u:r:init:s0 tcontext=u:object_r:uio_device:s0 tclass=chr_file
01-10 18:41:30.895   464   464 W rfs_access: type=1400 audit(0.0:32): avc: granted { read open } for path="/dev/uio1" dev="tmpfs" ino=10371 scontext=u:r:init:s0 tcontext=u:object_r:uio_device:s0 tclass=chr_file
01-10 18:41:30.895   464   464 W rfs_access: type=1400 audit(0.0:33): avc: granted { read } for path="/dev/uio1" dev="tmpfs" ino=10371 scontext=u:r:init:s0 tcontext=u:object_r:uio_device:s0 tclass=chr_file
01-10 18:41:30.895   464   464 W rfs_access: type=1400 audit(0.0:34): avc: granted { read } for name="uio2" dev="tmpfs" ino=9892 scontext=u:r:init:s0 tcontext=u:object_r:uio_device:s0 tclass=chr_file
01-10 18:41:30.895   464   464 W rfs_access: type=1400 audit(0.0:35): avc: granted { read open } for path="/dev/uio2" dev="tmpfs" ino=9892 scontext=u:r:init:s0 tcontext=u:object_r:uio_device:s0 tclass=chr_file
01-10 18:41:30.895   464   464 W rfs_access: type=1400 audit(0.0:36): avc: granted { read } for path="/dev/uio2" dev="tmpfs" ino=9892 scontext=u:r:init:s0 tcontext=u:object_r:uio_device:s0 tclass=chr_file
01-10 18:41:30.907   464   464 W rfs_access: type=1400 audit(0.0:37): avc: granted { read } for name="uio3" dev="tmpfs" ino=9950 scontext=u:r:init:s0 tcontext=u:object_r:uio_device:s0 tclass=chr_file
01-10 18:41:30.907   464   464 W rfs_access: type=1400 audit(0.0:38): avc: granted { read open } for path="/dev/uio3" dev="tmpfs" ino=9950 scontext=u:r:init:s0 tcontext=u:object_r:uio_device:s0 tclass=chr_file
01-10 18:41:30.907   464   464 W rfs_access: type=1400 audit(0.0:39): avc: granted { read } for path="/dev/uio3" dev="tmpfs" ino=9950 scontext=u:r:init:s0 tcontext=u:object_r:uio_device:s0 tclass=chr_file
01-10 18:41:30.909   467   467 D QSEECOMD: : qseecom listener services process entry PPID = 1
01-10 18:41:30.909   467   467 E QSEECOMD: : Listener: index = 0, hierarchy = 0
01-10 18:41:30.910   464   464 I rfs_access: All clients successfully initialized.
01-10 18:41:30.910   464   464 I rfs_access: Capset success!
01-10 18:41:30.925   419   419 D AndroidRuntime: >>>>>> START com.android.internal.os.ZygoteInit uid 0 <<<<<<
01-10 18:41:30.943     1     1 I init    : type=1400 audit(0.0:40): avc: denied { read write } for name="ttyHSL0" dev="tmpfs" ino=10331 scontext=u:r:init:s0 tcontext=u:object_r:device:s0 tclass=chr_file permissive=1
01-10 18:41:30.943     1     1 I init    : type=1400 audit(0.0:41): avc: denied { open } for path="/dev/ttyHSL0" dev="tmpfs" ino=10331 scontext=u:r:init:s0 tcontext=u:object_r:device:s0 tclass=chr_file permissive=1
01-10 18:41:30.945   467   467 D QSEECOMD: : Init dlopen(librpmb.so, RTLD_NOW) succeeds
01-10 18:41:30.945   467   467 D QSEECOMD: : Init::Init dlsym(g_FSHandle rpmb_init_service) succeeds
01-10 18:41:30.946   467   467 I rpmb_emmc: RPMB Mult = 16384, Rel_sec_cnt = 1
01-10 18:41:30.946   467   467 E DrmLibRpmb: rpmb_init succeeded! with ret = 0
01-10 18:41:30.946   467   467 D QSEECOMD: : Init rpmb_init_service ret = 0
01-10 18:41:30.946   467   467 D QSEECOMD: : RPMB system services: init (Listener ID = 8192)
01-10 18:41:30.946   467   467 E QSEECOMD: : Listener: index = 1, hierarchy = 0
01-10 18:41:30.946   468   468 I libmdmdetect: ESOC framework not supported
01-10 18:41:30.946   468   468 I libmdmdetect: Found internal modem: modem
01-10 18:41:30.947   484   484 I pm-service: type=1400 audit(0.0:42): avc: denied { ioctl } for path="socket:[10667]" dev="sockfs" ino=10667 ioctlcmd=c304 scontext=u:r:init:s0 tcontext=u:r:init:s0 tclass=socket permissive=1
01-10 18:41:30.947   467   467 D QSEECOMD: : Init dlopen(libssd.so, RTLD_NOW) succeeds
01-10 18:41:30.947   467   467 D QSEECOMD: : Init::Init dlsym(g_FSHandle ssd_init_service) succeeds
01-10 18:41:30.947   467   467 E SSD     : ssd_init_service succeeded!
01-10 18:41:30.947   467   467 D QSEECOMD: : Init ssd_init_service ret = 0
01-10 18:41:30.947   467   467 D QSEECOMD: : SSD system services: init (Listener ID = 12288)
01-10 18:41:30.947   467   467 E QSEECOMD: : Listener: index = 2, hierarchy = 0
01-10 18:41:30.949   400   400 E SELinux : avc:  denied  { add } for service=vendor.qcom.PeripheralManager pid=468 uid=1000 scontext=u:r:init:s0 tcontext=u:object_r:default_android_service:s0 tclass=service_manager permissive=1
01-10 18:41:30.950   468   468 I PerMgrSrv: Peripheral Mananager service start
01-10 18:41:30.950   468   468 I PerMgrSrv: power-off timeout 500,ms; event-ack timeout 200,ms; debug-mode false
01-10 18:41:30.950   468   468 I PerMgrSrv: Statistics for : modem
01-10 18:41:30.950   468   468 I PerMgrSrv: modem: Current State : is off-line
01-10 18:41:30.950   468   468 I PerMgrSrv: modem: Voter/Listener count : 0/0
01-10 18:41:30.950   468   468 I PerMgrSrv: modem: Power on count : 0
01-10 18:41:30.950   468   468 I PerMgrSrv: modem: Power off count: 0
01-10 18:41:30.950   468   468 I PerMgrSrv: modem: Client list:
01-10 18:41:30.951   483   483 I sh      : type=1400 audit(0.0:43): avc: denied { read write } for path="/dev/ttyHSL0" dev="tmpfs" ino=10331 scontext=u:r:shell:s0 tcontext=u:object_r:device:s0 tclass=chr_file permissive=1
01-10 18:41:30.952   468   484 I PerMgrSrv: QMI service start
01-10 18:41:30.954   454   454 D android.hardware.cas@1.0-service: android.hardware.cas@1.0-service starting...
01-10 18:41:30.954   454   454 I ServiceManagement: Removing namespace from process name android.hardware.cas@1.0-service to cas@1.0-service.
01-10 18:41:30.955   460   460 I ServiceManagement: Removing namespace from process name android.hardware.usb@1.0-service to usb@1.0-service.
01-10 18:41:30.958   459   459 D vndksupport: Loading /vendor/lib64/hw/android.hardware.thermal@1.0-impl.so from current namespace instead of sphal namespace.
01-10 18:41:30.959   458   458 D vndksupport: Loading /vendor/lib64/hw/android.hardware.nfc@1.0-impl.so from current namespace instead of sphal namespace.
01-10 18:41:30.959   457   457 D vndksupport: Loading /vendor/lib64/hw/android.hardware.light@2.0-impl.so from current namespace instead of sphal namespace.
01-10 18:41:30.960   456   456 D vndksupport: Loading /vendor/lib64/hw/android.hardware.graphics.allocator@2.0-impl.so from current namespace instead of sphal namespace.
01-10 18:41:30.962   467   467 E QSEECOMD: : Init dlopen(libsecureui.so, RLTD_NOW) is failed....
01-10 18:41:30.962   467   467 D QSEECOMD: : SEC_UI_INIT failed, shall not start secure ui listener
01-10 18:41:30.962   467   467 E QSEECOMD: : Listener: index = 5, hierarchy = 0
01-10 18:41:30.962   467   467 E QSEECOMD: : Init dlopen(libmdtp.so, RLTD_NOW) is failed....
01-10 18:41:30.962   467   467 D QSEECOMD: : ERROR: MDTP_INIT failed, shall not start MDTP listener
01-10 18:41:30.962   460   460 I android.hardware.usb@1.0-service: USB HAL Ready.
01-10 18:41:30.963   467   467 D QSEECOMD: : Parent qseecom daemon process paused!! 
01-10 18:41:30.967   488   488 I init    : type=1400 audit(0.0:44): avc: denied { execute_no_trans } for path="/system/bin/pm-proxy" dev="mmcblk0p47" ino=360 scontext=u:r:init:s0 tcontext=u:object_r:system_file:s0 tclass=file permissive=1
01-10 18:41:30.970   458   458 D vndksupport: Loading /vendor/lib64/hw/nfc_nci.msm8992.so from current namespace instead of sphal namespace.
01-10 18:41:30.971   489   489 W qseecomd: type=1400 audit(0.0:45): avc: granted { read } for name="ion" dev="tmpfs" ino=11549 scontext=u:r:init:s0 tcontext=u:object_r:ion_device:s0 tclass=chr_file
01-10 18:41:30.971   489   489 W qseecomd: type=1400 audit(0.0:46): avc: granted { read open } for path="/dev/ion" dev="tmpfs" ino=11549 scontext=u:r:init:s0 tcontext=u:object_r:ion_device:s0 tclass=chr_file
01-10 18:41:30.971   489   489 W qseecomd: type=1400 audit(0.0:47): avc: granted { read } for name="ion" dev="tmpfs" ino=11549 scontext=u:r:init:s0 tcontext=u:object_r:ion_device:s0 tclass=chr_file
01-10 18:41:30.971   489   489 W qseecomd: type=1400 audit(0.0:48): avc: granted { read open } for path="/dev/ion" dev="tmpfs" ino=11549 scontext=u:r:init:s0 tcontext=u:object_r:ion_device:s0 tclass=chr_file
01-10 18:41:30.971   457   457 D vndksupport: Loading /vendor/lib64/hw/lights.msm8992.so from current namespace instead of sphal namespace.
01-10 18:41:30.972   459   459 I ServiceManagement: Removing namespace from process name android.hardware.thermal@1.0-service to thermal@1.0-ser.
01-10 18:41:30.973   489   489 D QSEECOMD: : qseecom listener service threads starting!!! 
01-10 18:41:30.973   489   489 D QSEECOMD: : Total listener services to start = 7
01-10 18:41:30.973   489   489 E QSEECOMD: : Listener: index = 0, hierarchy = 1
01-10 18:41:30.973   489   489 D QSEECOMD: : Init dlopen(librpmb.so, RTLD_NOW) succeeds
01-10 18:41:30.973   489   489 D QSEECOMD: : Init::Init dlsym(g_FSHandle rpmb_start) succeeds
01-10 18:41:30.974   489   489 D QSEECOMAPI: : QSEECom_register_listener 8192 sb_length = 0x5000
01-10 18:41:30.975   459   459 I android.hardware.thermal@1.0-service: Registration complete for android.hardware.thermal@1.0::IThermal/default.
01-10 18:41:30.976   489   489 D QSEECOMD: : Init rpmb_start ret = 0
01-10 18:41:30.976   489   489 D QSEECOMD: : RPMB system services: Started (Listener ID = 8192)
01-10 18:41:30.976   489   489 E QSEECOMD: : Listener: index = 1, hierarchy = 1
01-10 18:41:30.976   489   489 D QSEECOMD: : Init dlopen(libssd.so, RTLD_NOW) succeeds
01-10 18:41:30.976   489   489 D QSEECOMD: : Init::Init dlsym(g_FSHandle ssd_start) succeeds
01-10 18:41:30.976   489   489 D QSEECOMAPI: : QSEECom_register_listener 12288 sb_length = 0x5000
01-10 18:41:30.977   489   489 D QSEECOMD: : Init ssd_start ret = 0
01-10 18:41:30.977   489   489 D QSEECOMD: : SSD system services: Started (Listener ID = 12288)
01-10 18:41:30.977   489   489 E QSEECOMD: : Listener: index = 2, hierarchy = 1
01-10 18:41:30.979   457   457 D vndksupport: Loading /vendor/lib64/hw/lights.msm8992.so from current namespace instead of sphal namespace.
01-10 18:41:30.979   457   457 E light   : light_open lights keyboard failed: -22
01-10 18:41:30.979   457   457 E light   : Light passthrough failed to load legacy HAL.
01-10 18:41:30.980   458   458 D NxpNfcNciHal: nfc_open: enter; name=nci
01-10 18:41:30.980   458   458 D NxpNfcNciHal: nfc_open: exit 0
01-10 18:41:30.981   457   457 D vndksupport: Loading /vendor/lib64/hw/lights.msm8992.so from current namespace instead of sphal namespace.
01-10 18:41:30.981   457   457 E light   : light_open lights buttons failed: -22
01-10 18:41:30.981   457   457 E light   : Light passthrough failed to load legacy HAL.
01-10 18:41:30.982   458   458 I ServiceManagement: Removing namespace from process name android.hardware.nfc@1.0-service to nfc@1.0-service.
01-10 18:41:30.982   457   457 D vndksupport: Loading /vendor/lib64/hw/lights.msm8992.so from current namespace instead of sphal namespace.
01-10 18:41:30.983   492   492 I init    : type=1400 audit(0.0:49): avc: denied { execute_no_trans } for path="/system/bin/sh" dev="mmcblk0p47" ino=411 scontext=u:r:init:s0 tcontext=u:object_r:shell_exec:s0 tclass=file permissive=1
01-10 18:41:30.983   457   457 I chatty  : uid=1000(system) light@2.0-servi expire 2 lines
01-10 18:41:30.983   457   457 D vndksupport: Loading /vendor/lib64/hw/lights.msm8992.so from current namespace instead of sphal namespace.
01-10 18:41:30.983   457   457 E light   : light_open lights bluetooth failed: -22
01-10 18:41:30.983   457   457 E light   : Light passthrough failed to load legacy HAL.
01-10 18:41:30.983   457   457 D vndksupport: Loading /vendor/lib64/hw/lights.msm8992.so from current namespace instead of sphal namespace.
01-10 18:41:30.984   457   457 E light   : light_open lights wifi failed: -22
01-10 18:41:30.984   457   457 E light   : Light passthrough failed to load legacy HAL.
01-10 18:41:30.984   458   458 I android.hardware.nfc@1.0-service: Registration complete for android.hardware.nfc@1.0::INfc/default.
01-10 18:41:30.985   457   457 I ServiceManagement: Removing namespace from process name android.hardware.light@2.0-service to light@2.0-servi.
01-10 18:41:30.986   401   401 W /system/bin/hwservicemanager: getTransport: Cannot find entry android.hardware.thermal@1.1::IThermal/default in either framework or device manifest.
01-10 18:41:30.987     1     1 I init    : type=1400 audit(0.0:50): avc: denied { getattr } for path="/system/bin/imswmsproxy" dev="mmcblk0p47" ino=254 scontext=u:r:init:s0 tcontext=u:object_r:imswmsproxy_exec:s0 tclass=file permissive=1
01-10 18:41:30.991   496   496 I init    : type=1400 audit(0.0:51): avc: denied { execute_no_trans } for path="/system/vendor/bin/perfd" dev="mmcblk0p47" ino=2394 scontext=u:r:init:s0 tcontext=u:object_r:vendor_file:s0 tclass=file permissive=1
01-10 18:41:30.993   489   489 E QSEECOMD: : Init dlopen(libsecureui.so, RLTD_NOW) is failed....
01-10 18:41:30.993   489   489 E QSEECOMD: : Listener: index = 3, hierarchy = 1
01-10 18:41:30.994   457   457 I android.hardware.light@2.0-service: Registration complete for android.hardware.light@2.0::ILight/default.
01-10 18:41:30.994   474   474 W thermalserviced: Unable to get Thermal HAL V1.1, vendor thermal event notification not available
01-10 18:41:31.003   501   501 I init    : type=1400 audit(0.0:52): avc: denied { execute } for name="imswmsproxy" dev="mmcblk0p47" ino=254 scontext=u:r:init:s0 tcontext=u:object_r:imswmsproxy_exec:s0 tclass=file permissive=1
01-10 18:41:31.003   501   501 I init    : type=1400 audit(0.0:53): avc: denied { read open } for path="/system/bin/imswmsproxy" dev="mmcblk0p47" ino=254 scontext=u:r:init:s0 tcontext=u:object_r:imswmsproxy_exec:s0 tclass=file permissive=1
01-10 18:41:31.003   501   501 I init    : type=1400 audit(0.0:54): avc: denied { execute_no_trans } for path="/system/bin/imswmsproxy" dev="mmcblk0p47" ino=254 scontext=u:r:init:s0 tcontext=u:object_r:imswmsproxy_exec:s0 tclass=file permissive=1
01-10 18:41:31.008   420   420 D AndroidRuntime: >>>>>> START com.android.internal.os.ZygoteInit uid 0 <<<<<<
01-10 18:41:31.016   456   456 I ServiceManagement: Removing namespace from process name android.hardware.graphics.allocator@2.0-service to allocator@2.0-s.
01-10 18:41:31.017   456   456 I android.hardware.graphics.allocator@2.0-service: Registration complete for android.hardware.graphics.allocator@2.0::IAllocator/default.
01-10 18:41:31.145   507   507 I mediaserver: ServiceManager: 0xf3018500
01-10 18:41:31.171   464   464 I rfs_access: All Data dirs exist or were created successfully.
01-10 18:41:31.198   472   472 I lowmemorykiller: Using in-kernel low memory killer interface
01-10 18:41:31.200   464   464 I rfs_access: Initialized RFS server
01-10 18:41:31.219   465   465 I msm_irqbalance: type=1400 audit(0.0:55): avc: denied { getattr } for path="/proc/interrupts" dev="proc" ino=4026535442 scontext=u:r:init:s0 tcontext=u:object_r:proc_interrupts:s0 tclass=file permissive=1
01-10 18:41:31.222   465   465 I MSM-irqbalance: msm-irq_balance (1.3) initialized
01-10 18:41:31.222   455   455 W /vendor/bin/hw/android.hardware.configstore@1.0-service: libminijail[455]: allowing syscall: connect
01-10 18:41:31.222   465   465 I MSM-irqbalance: Configuration
01-10 18:41:31.223   465   465 I MSM-irqbalance: Rate: 0.2 Hz
01-10 18:41:31.223   465   465 I MSM-irqbalance: Decay Factor: 75.0
01-10 18:41:31.223   465   465 I MSM-irqbalance: Balancing Factor: 0.1
01-10 18:41:31.223   465   465 I MSM-irqbalance: Debug Log: OFF
01-10 18:41:31.223   465   465 I MSM-irqbalance: Cfg file: /vendor/etc/msm_irqbalance.conf
01-10 18:41:31.223   465   465 I MSM-irqbalance: CPU PRIO: CPU0: 1 CPU1: 1 CPU2: 1 CPU3: 1 CPU4: 0 CPU5: 0 
01-10 18:41:31.223   465   465 I MSM-irqbalance: Ignored IRQs: 20 40 200 203 155 157 159 
01-10 18:41:31.224   455   455 W /vendor/bin/hw/android.hardware.configstore@1.0-service: libminijail[455]: allowing syscall: fcntl
01-10 18:41:31.224   455   455 W /vendor/bin/hw/android.hardware.configstore@1.0-service: libminijail[455]: allowing syscall: sendto
01-10 18:41:31.224   455   455 W /vendor/bin/hw/android.hardware.configstore@1.0-service: libminijail[455]: allowing syscall: socket
01-10 18:41:31.224   455   455 W /vendor/bin/hw/android.hardware.configstore@1.0-service: libminijail[455]: allowing syscall: writev
01-10 18:41:31.225   455   455 W /vendor/bin/hw/android.hardware.configstore@1.0-service: libminijail[455]: logging seccomp filter failures
01-10 18:41:31.226   455   455 I ServiceManagement: Removing namespace from process name android.hardware.configstore@1.0-service to configstore@1.0.
01-10 18:41:31.235   477   477 W rmt_storage: type=1400 audit(0.0:56): avc: granted { read } for name="uio0" dev="tmpfs" ino=11545 scontext=u:r:init:s0 tcontext=u:object_r:uio_device:s0 tclass=chr_file
01-10 18:41:31.235   477   477 W rmt_storage: type=1400 audit(0.0:57): avc: granted { read open } for path="/dev/uio0" dev="tmpfs" ino=11545 scontext=u:r:init:s0 tcontext=u:object_r:uio_device:s0 tclass=chr_file
01-10 18:41:31.235   477   477 W rmt_storage: type=1400 audit(0.0:58): avc: granted { read } for path="/dev/uio0" dev="tmpfs" ino=11545 scontext=u:r:init:s0 tcontext=u:object_r:uio_device:s0 tclass=chr_file
01-10 18:41:31.235   477   477 I rmt_storage: type=1400 audit(0.0:59): avc: denied { write } for name="rmts" dev="debugfs" ino=9433 scontext=u:r:init:s0 tcontext=u:object_r:rmt_debugfs:s0 tclass=file permissive=1
01-10 18:41:31.235   477   477 I rmt_storage: type=1400 audit(0.0:60): avc: denied { ioctl } for path="socket:[13235]" dev="sockfs" ino=13235 ioctlcmd=c304 scontext=u:r:init:s0 tcontext=u:r:init:s0 tclass=socket permissive=1
01-10 18:41:31.239   500   500 I rm      : type=1400 audit(0.0:61): avc: denied { write } for name="radio" dev="mmcblk0p50" ino=842160 scontext=u:r:toolbox:s0 tcontext=u:object_r:system_data_file:s0 tclass=dir permissive=1
01-10 18:41:31.239   500   500 I rm      : type=1400 audit(0.0:62): avc: denied { read } for name="modem_config" dev="mmcblk0p50" ino=858481 scontext=u:r:toolbox:s0 tcontext=u:object_r:system_data_file:s0 tclass=dir permissive=1
01-10 18:41:31.239   477   477 I rmt_storage: Shared memory initialised successfully.
01-10 18:41:31.239   477   477 I rmt_storage: Registering modemst1: 0x4a /boot/modem_fs1
01-10 18:41:31.240   477   477 I rmt_storage: Registering modemst2: 0x4b /boot/modem_fs2
01-10 18:41:31.240   477   477 I rmt_storage: Registering fsc: 0xff /boot/modem_fsc
01-10 18:41:31.240   477   477 I rmt_storage: Registering fsg: 0x58 /boot/modem_fsg
01-10 18:41:31.240   477   477 I rmt_storage: 4 GPT partitions found
01-10 18:41:31.240   477   477 I rmt_storage: Capset success!
01-10 18:41:31.248   488   488 E PerMgrProxy: Starting pm-proxy service
01-10 18:41:31.248   488   488 I libmdmdetect: ESOC framework not supported
01-10 18:41:31.248   488   488 I libmdmdetect: Found internal modem: modem
01-10 18:41:31.248   488   488 I PerMgrProxy: Found internal modem
01-10 18:41:31.250   517   517 D QC-time-services: Daemon:genoff_pre_init::Base = 0
01-10 18:41:31.250   517   517 D QC-time-services: Daemon:ats_rtc_init: Time read from RTC -- year = 115, month = 0,day = 10
01-10 18:41:31.253   521   521 I /system/bin/tombstoned: tombstoned successfully initialized
01-10 18:41:31.262   517   517 D QC-time-services: Daemon:Value read from RTC seconds = 1420908091000
01-10 18:41:31.262   517   517 D QC-time-services: Daemon:genoff_init_config: ATS_RTC initialized with rc: 0
01-10 18:41:31.262   517   517 D QC-time-services: Daemon:genoff_pre_init::Base = 1
01-10 18:41:31.262   517   517 D QC-time-services: Daemon: Storage Name: ats_1 
01-10 18:41:31.262   517   517 D QC-time-services: Daemon:Opening File: /data/time/ats_1
01-10 18:41:31.262   517   517 D QC-time-services: Daemon:time_persistent_memory_opr:Genoff Read operation 
01-10 18:41:31.263   517   517 D QC-time-services: Daemon:genoff_pre_init::Base = 2
01-10 18:41:31.263   517   517 D QC-time-services: Daemon: Storage Name: ats_2 
01-10 18:41:31.263   517   517 D QC-time-services: Daemon:Opening File: /data/time/ats_2
01-10 18:41:31.263   517   517 D QC-time-services: Daemon:time_persistent_memory_opr:Genoff Read operation 
01-10 18:41:31.264   517   517 D QC-time-services: Daemon:genoff_pre_init::Base = 3
01-10 18:41:31.264   517   517 D QC-time-services: Daemon: Storage Name: ats_3 
01-10 18:41:31.264   517   517 D QC-time-services: Daemon:Opening File: /data/time/ats_3
01-10 18:41:31.264   517   517 D QC-time-services: Daemon:time_persistent_memory_opr:Genoff Read operation 
01-10 18:41:31.264   517   517 D QC-time-services: Daemon:Unable to open filefor read
01-10 18:41:31.264   517   517 D QC-time-services: Daemon:genoff_post_init:Error in accessing storage
01-10 18:41:31.264   517   517 D QC-time-services: Daemon:genoff_pre_init::Base = 4
01-10 18:41:31.264   517   517 D QC-time-services: Daemon: Storage Name: ats_4 
01-10 18:41:31.264   517   517 D QC-time-services: Daemon:Opening File: /data/time/ats_4
01-10 18:41:31.264   517   517 D QC-time-services: Daemon:time_persistent_memory_opr:Genoff Read operation 
01-10 18:41:31.264   517   517 D QC-time-services: Daemon:Unable to open filefor read
01-10 18:41:31.264   517   517 D QC-time-services: Daemon:genoff_post_init:Error in accessing storage
01-10 18:41:31.264   517   517 D QC-time-services: Daemon:genoff_pre_init::Base = 5
01-10 18:41:31.264   517   517 D QC-time-services: Daemon: Storage Name: ats_5 
01-10 18:41:31.264   517   517 D QC-time-services: Daemon:Opening File: /data/time/ats_5
01-10 18:41:31.264   517   517 D QC-time-services: Daemon:time_persistent_memory_opr:Genoff Read operation 
01-10 18:41:31.264   517   517 D QC-time-services: Daemon:Unable to open filefor read
01-10 18:41:31.264   517   517 D QC-time-services: Daemon:genoff_post_init:Error in accessing storage
01-10 18:41:31.264   517   517 D QC-time-services: Daemon:genoff_pre_init::Base = 6
01-10 18:41:31.264   517   517 D QC-time-services: Daemon: Storage Name: ats_6 
01-10 18:41:31.264   517   517 D QC-time-services: Daemon:Opening File: /data/time/ats_6
01-10 18:41:31.264   517   517 D QC-time-services: Daemon:time_persistent_memory_opr:Genoff Read operation 
01-10 18:41:31.264   517   517 D QC-time-services: Daemon:Unable to open filefor read
01-10 18:41:31.264   517   517 D QC-time-services: Daemon:genoff_post_init:Error in accessing storage
01-10 18:41:31.264   517   517 D QC-time-services: Daemon:genoff_pre_init::Base = 7
01-10 18:41:31.264   517   517 D QC-time-services: Daemon: Storage Name: ats_7 
01-10 18:41:31.264   517   517 D QC-time-services: Daemon:Opening File: /data/time/ats_7
01-10 18:41:31.264   517   517 D QC-time-services: Daemon:time_persistent_memory_opr:Genoff Read operation 
01-10 18:41:31.264   517   517 D QC-time-services: Daemon:Unable to open filefor read
01-10 18:41:31.264   517   517 D QC-time-services: Daemon:genoff_post_init:Error in accessing storage
01-10 18:41:31.264   517   517 D QC-time-services: Daemon:genoff_pre_init::Base = 8
01-10 18:41:31.264   517   517 D QC-time-services: Daemon: Storage Name: ats_8 
01-10 18:41:31.264   517   517 D QC-time-services: Daemon:Opening File: /data/time/ats_8
01-10 18:41:31.264   517   517 D QC-time-services: Daemon:time_persistent_memory_opr:Genoff Read operation 
01-10 18:41:31.264   517   517 D QC-time-services: Daemon:Unable to open filefor read
01-10 18:41:31.264   517   517 D QC-time-services: Daemon:genoff_post_init:Error in accessing storage
01-10 18:41:31.264   517   517 D QC-time-services: Daemon:genoff_pre_init::Base = 9
01-10 18:41:31.264   517   517 D QC-time-services: Daemon: Storage Name: ats_9 
01-10 18:41:31.264   517   517 D QC-time-services: Daemon:Opening File: /data/time/ats_9
01-10 18:41:31.264   517   517 D QC-time-services: Daemon:time_persistent_memory_opr:Genoff Read operation 
01-10 18:41:31.264   517   517 D QC-time-services: Daemon:Unable to open filefor read
01-10 18:41:31.264   517   517 D QC-time-services: Daemon:genoff_post_init:Error in accessing storage
01-10 18:41:31.264   517   517 D QC-time-services: Daemon:genoff_pre_init::Base = 10
01-10 18:41:31.264   517   517 D QC-time-services: Daemon: Storage Name: ats_10 
01-10 18:41:31.264   517   517 D QC-time-services: Daemon:Opening File: /data/time/ats_10
01-10 18:41:31.264   517   517 D QC-time-services: Daemon:time_persistent_memory_opr:Genoff Read operation 
01-10 18:41:31.264   517   517 D QC-time-services: Daemon:Unable to open filefor read
01-10 18:41:31.264   517   517 D QC-time-services: Daemon:genoff_post_init:Error in accessing storage
01-10 18:41:31.264   517   517 D QC-time-services: Daemon:genoff_pre_init::Base = 11
01-10 18:41:31.264   517   517 D QC-time-services: Daemon: Storage Name: ats_11 
01-10 18:41:31.264   517   517 D QC-time-services: Daemon:Opening File: /data/time/ats_11
01-10 18:41:31.264   517   517 D QC-time-services: Daemon:time_persistent_memory_opr:Genoff Read operation 
01-10 18:41:31.264   517   517 D QC-time-services: Daemon:Unable to open filefor read
01-10 18:41:31.264   517   517 D QC-time-services: Daemon:genoff_post_init:Error in accessing storage
01-10 18:41:31.264   517   517 D QC-time-services: Daemon:genoff_pre_init::Base = 12
01-10 18:41:31.264   517   517 D QC-time-services: Daemon: Storage Name: ats_12 
01-10 18:41:31.264   517   517 D QC-time-services: Daemon:Opening File: /data/time/ats_12
01-10 18:41:31.264   517   517 D QC-time-services: Daemon:time_persistent_memory_opr:Genoff Read operation 
01-10 18:41:31.264   517   517 D QC-time-services: Daemon:Unable to open filefor read
01-10 18:41:31.265   517   517 D QC-time-services: Daemon:genoff_post_init:Error in accessing storage
01-10 18:41:31.265   517   517 D QC-time-services: Daemon:genoff_pre_init::Base = 13
01-10 18:41:31.265   517   517 D QC-time-services: Daemon: Storage Name: ats_13 
01-10 18:41:31.265   517   517 D QC-time-services: Daemon:Opening File: /data/time/ats_13
01-10 18:41:31.265   517   517 D QC-time-services: Daemon:time_persistent_memory_opr:Genoff Read operation 
01-10 18:41:31.265   517   517 D QC-time-services: Daemon:Unable to open filefor read
01-10 18:41:31.265   517   517 D QC-time-services: Daemon:genoff_post_init:Error in accessing storage
01-10 18:41:31.265   517   517 D QC-time-services: Daemon:genoff_pre_init::Base = 14
01-10 18:41:31.265   517   517 D QC-time-services: Daemon: Storage Name: ats_14 
01-10 18:41:31.265   517   517 D QC-time-services: Daemon:Opening File: /data/time/ats_14
01-10 18:41:31.265   517   517 D QC-time-services: Daemon:time_persistent_memory_opr:Genoff Read operation 
01-10 18:41:31.265   517   517 D QC-time-services: Daemon:Unable to open filefor read
01-10 18:41:31.265   517   517 D QC-time-services: Daemon:genoff_post_init:Error in accessing storage
01-10 18:41:31.265   517   517 D QC-time-services: Daemon:genoff_init_config: Other bases initilized, exiting genoff_init
01-10 18:41:31.265   517   517 D QC-time-services: Daemon:rtc_get: Time read from RTC -- MM/DD/YY HH:MM:SS0/10/115 16:41:31
01-10 18:41:31.265   517   517 D QC-time-services: Daemon:genoff_opr: Base = 1, val = 0, operation = 1
01-10 18:41:31.265   517   517 D QC-time-services: Daemon: genoff get for 1
01-10 18:41:31.265   517   517 D QC-time-services: Daemon:rtc_get: Time read from RTC -- MM/DD/YY HH:MM:SS0/10/115 16:41:31
01-10 18:41:31.265   517   517 D QC-time-services: Daemon:Value read from RTC seconds = 1420908091000
01-10 18:41:31.265   517   517 D QC-time-services: Daemon:Value read from generic offset = 94283159640
01-10 18:41:31.265   517   517 D QC-time-services: Daemon:Final Time = 1515191250640
01-10 18:41:31.265   517   517 D QC-time-services: Daemon:genoff_boot_tod_init: Setting system time to sec =1515191250, nsec =640000000
01-06 00:27:30.640   517   517 E QC-time-services: Daemon:genoff_boot_tod_init: Unable to set TOD at boot up
01-06 00:27:30.640   517   517 E QC-time-services: Daemon: Unable to set TOD at boot up
01-06 00:27:30.642   515   515 E Sensors : sns_debug_set_dbg_str_mask: Setting log level to 5
01-06 00:27:30.642   515   515 E Diag_Lib:  Diag_LSM_Init: Failed to open handle to diag driver, error = 2
01-06 00:27:30.647   517   524 D QC-time-services: Daemon:genoff_modem_qmi_service_request: Initiallizing QMI 
01-06 00:27:30.648   400   400 E SELinux : avc:  denied  { find } for service=vendor.qcom.PeripheralManager pid=488 uid=1000 scontext=u:r:init:s0 tcontext=u:object_r:default_android_service:s0 tclass=service_manager permissive=1
01-06 00:27:30.648   517   524 E Diag_Lib:  Diag_LSM_Init: Failed to open handle to diag driver, error = 2
01-06 00:27:30.648   468   485 D PerMgrSrv: modem state: is off-line, add client PM-PROXY-THREAD
01-06 00:27:30.648   468   485 D PerMgrSrv: PM-PROXY-THREAD registered
01-06 00:27:30.648   488   488 D PerMgrLib: PM-PROXY-THREAD successfully registered for modem
01-06 00:27:30.648   517   524 E QMI_FW  : QMUXD: WARNING qmi_qmux_if_pwr_up_init failed! rc=-1
01-06 00:27:30.648   488   488 I PerMgrProxy: pm-proxy-thread Voting for internal modem
01-06 00:27:30.648   488   488 D PerMgrLib: PM-PROXY-THREAD voting for modem
01-06 00:27:30.648   468   486 D PerMgrSrv: PM-PROXY-THREAD voting for modem
01-06 00:27:30.649   468   486 D PerMgrSrv: modem new state: going on-line
01-06 00:27:30.649   517   524 E QMI_FW  : QMUXD: WARNING qmi_qmux_if_pwr_up_init failed! rc=-1
01-06 00:27:30.649   468   486 D PerMgrSrv: modem num voters is 1
01-06 00:27:30.649   517   524 E QMI_FW  : QMUXD: WARNING qmi_qmux_if_pwr_up_init failed! rc=-1
01-06 00:27:30.649   517   524 I chatty  : uid=1000(system) /system/bin/time_daemon identical 4 lines
01-06 00:27:30.649   517   524 E QMI_FW  : QMUXD: WARNING qmi_qmux_if_pwr_up_init failed! rc=-1
01-06 00:27:30.649   517   524 E QC-time-services: Daemon:genoff_modem_qmi_service_request: qmi_client_get_service_list returned -2num_services 0
01-06 00:27:30.652   517   526 D QC-time-services: Daemon: Time-services: All initializations done
01-06 00:27:30.652   517   526 E QC-time-services: Daemon: Time-services: Waiting to acceptconnection
01-06 00:27:30.666   512   512 I wificond: wificond is starting up...
01-06 00:27:30.666   419   419 I zygote64: option[0]=-Xzygote
01-06 00:27:30.666   419   419 I zygote64: option[1]=-Xusetombstonedtraces
01-06 00:27:30.666   419   419 I zygote64: option[2]=exit
01-06 00:27:30.666   419   419 I zygote64: option[3]=vfprintf
01-06 00:27:30.666   419   419 I zygote64: option[4]=sensitiveThread
01-06 00:27:30.666   419   419 I zygote64: option[5]=-verbose:gc
01-06 00:27:30.666   419   419 I zygote64: option[6]=-Xms8m
01-06 00:27:30.666   419   419 I zygote64: option[7]=-Xmx768m
01-06 00:27:30.666   419   419 I zygote64: option[8]=-XX:HeapGrowthLimit=288m
01-06 00:27:30.666   419   419 I zygote64: option[9]=-XX:HeapMinFree=2m
01-06 00:27:30.666   419   419 I zygote64: option[10]=-XX:HeapMaxFree=8m
01-06 00:27:30.666   419   419 I zygote64: option[11]=-XX:HeapTargetUtilization=0.75
01-06 00:27:30.666   419   419 I zygote64: option[12]=-Xusejit:true
01-06 00:27:30.666   419   419 I zygote64: option[13]=-Xjitsaveprofilinginfo
01-06 00:27:30.666   419   419 I zygote64: option[14]=-agentlib:jdwp=transport=dt_android_adb,suspend=n,server=y
01-06 00:27:30.666   419   419 I zygote64: option[15]=-Xlockprofthreshold:500
01-06 00:27:30.666   419   419 I zygote64: option[16]=-Ximage-compiler-option
01-06 00:27:30.666   419   419 I zygote64: option[17]=--runtime-arg
01-06 00:27:30.666   419   419 I zygote64: option[18]=-Ximage-compiler-option
01-06 00:27:30.666   419   419 I zygote64: option[19]=-Xms64m
01-06 00:27:30.666   419   419 I zygote64: option[20]=-Ximage-compiler-option
01-06 00:27:30.666   419   419 I zygote64: option[21]=--runtime-arg
01-06 00:27:30.666   419   419 I zygote64: option[22]=-Ximage-compiler-option
01-06 00:27:30.666   419   419 I zygote64: option[23]=-Xmx64m
01-06 00:27:30.667   419   419 I zygote64: option[24]=-Ximage-compiler-option
01-06 00:27:30.667   419   419 I zygote64: option[25]=--image-classes=/system/etc/preloaded-classes
01-06 00:27:30.667   419   419 I zygote64: option[26]=-Ximage-compiler-option
01-06 00:27:30.667   419   419 I zygote64: option[27]=--compiled-classes=/system/etc/compiled-classes
01-06 00:27:30.667   419   419 I zygote64: option[28]=-Ximage-compiler-option
01-06 00:27:30.667   419   419 I zygote64: option[29]=--dirty-image-objects=/system/etc/dirty-image-objects
01-06 00:27:30.667   419   419 I zygote64: option[30]=-Xcompiler-option
01-06 00:27:30.667   419   419 I zygote64: option[31]=--runtime-arg
01-06 00:27:30.667   419   419 I zygote64: option[32]=-Xcompiler-option
01-06 00:27:30.667   419   419 I zygote64: option[33]=-Xms64m
01-06 00:27:30.667   419   419 I zygote64: option[34]=-Xcompiler-option
01-06 00:27:30.667   419   419 I zygote64: option[35]=--runtime-arg
01-06 00:27:30.667   419   419 I zygote64: option[36]=-Xcompiler-option
01-06 00:27:30.667   419   419 I zygote64: option[37]=-Xmx512m
01-06 00:27:30.667   419   419 I zygote64: option[38]=-Xcompiler-option
01-06 00:27:30.667   419   419 I zygote64: option[39]=-j2
01-06 00:27:30.667   419   419 I zygote64: option[40]=-Ximage-compiler-option
01-06 00:27:30.667   419   419 I zygote64: option[41]=-j4
01-06 00:27:30.667   419   419 I zygote64: option[42]=-Ximage-compiler-option
01-06 00:27:30.667   419   419 I zygote64: option[43]=--instruction-set-variant=generic
01-06 00:27:30.667   419   419 I zygote64: option[44]=-Xcompiler-option
01-06 00:27:30.667   419   419 I zygote64: option[45]=--instruction-set-variant=generic
01-06 00:27:30.667   419   419 I zygote64: option[46]=-Ximage-compiler-option
01-06 00:27:30.667   419   419 I zygote64: option[47]=--instruction-set-features=default
01-06 00:27:30.667   419   419 I zygote64: option[48]=-Xcompiler-option
01-06 00:27:30.667   419   419 I zygote64: option[49]=--instruction-set-features=default
01-06 00:27:30.667   419   419 I zygote64: option[50]=-Duser.locale=el-GR
01-06 00:27:30.667   419   419 I zygote64: option[51]=--cpu-abilist=arm64-v8a
01-06 00:27:30.667   419   419 I zygote64: option[52]=-Xfingerprint:lge/p1_global_com/p1:8.0/NRD90U/171931902b165:user/release-keys
01-06 00:27:30.686   513   513 I /vendor/bin/hw/android.hardware.media.omx@1.0-service: mediacodecservice starting
01-06 00:27:30.709   513   513 W /vendor/bin/hw/android.hardware.media.omx@1.0-service: libminijail[513]: allowing syscall: clock_gettime
01-06 00:27:30.709   513   513 W /vendor/bin/hw/android.hardware.media.omx@1.0-service: libminijail[513]: allowing syscall: connect
01-06 00:27:30.709   513   513 W /vendor/bin/hw/android.hardware.media.omx@1.0-service: libminijail[513]: allowing syscall: fcntl64
01-06 00:27:30.709   513   513 W /vendor/bin/hw/android.hardware.media.omx@1.0-service: libminijail[513]: allowing syscall: socket
01-06 00:27:30.709   513   513 W /vendor/bin/hw/android.hardware.media.omx@1.0-service: libminijail[513]: allowing syscall: writev
01-06 00:27:30.710   513   513 W /vendor/bin/hw/android.hardware.media.omx@1.0-service: libminijail[513]: logging seccomp filter failures
01-06 00:27:30.711   513   513 I /vendor/bin/hw/android.hardware.media.omx@1.0-service: Non-Treble OMX service created.
01-06 00:27:30.760   489   489 D QSEECOMD: : Init dlopen(libdrmtime.so, RTLD_NOW) succeeds
01-06 00:27:30.760   489   489 D QSEECOMD: : Init::Init dlsym(g_FSHandle atime_start) succeeds
01-06 00:27:30.760   489   489 D DrmLibTime: QSEE Time Listener: atime_start
01-06 00:27:30.760   489   489 D QSEECOMAPI: : QSEECom_register_listener 11 sb_length = 0x5000
01-06 00:27:30.768   489   489 D DrmLibTime: registering fs service to QSEECom is done!
01-06 00:27:30.768   489   489 D DrmLibTime: begin to create a thread!
01-06 00:27:30.768   489   489 D DrmLibTime: Creating a pthread in atime_start is done! return 0
01-06 00:27:30.768   489   489 D QSEECOMD: : Init atime_start ret = 0
01-06 00:27:30.768   489   489 D QSEECOMD: : time services: Started (Listener ID = 11)
01-06 00:27:30.768   489   489 E QSEECOMD: : Listener: index = 4, hierarchy = 1
01-06 00:27:30.768   489   489 D QSEECOMD: : Init dlopen(libdrmfs.so, RTLD_NOW) succeeds
01-06 00:27:30.768   489   489 D QSEECOMD: : Init::Init dlsym(g_FSHandle fs_start) succeeds
01-06 00:27:30.768   489   489 D QSEECOMAPI: : QSEECom_register_listener 10 sb_length = 0x5000
01-06 00:27:30.769   489   489 D QSEECOMD: : Init fs_start ret = 0
01-06 00:27:30.769   489   489 D QSEECOMD: : file system services: Started (Listener ID = 10)
01-06 00:27:30.769   489   489 E QSEECOMD: : Listener: index = 5, hierarchy = 1
01-06 00:27:30.770   489   489 E QSEECOMD: : Init dlopen(libmdtp.so, RLTD_NOW) is failed....
01-06 00:27:30.770   489   489 E QSEECOMD: : Listener: index = 6, hierarchy = 1
01-06 00:27:30.770   489   489 D QSEECOMD: : Init dlopen(libdrmfs.so, RTLD_NOW) succeeds
01-06 00:27:30.770   489   489 D QSEECOMD: : Init::Init dlsym(g_FSHandle gpfs_start) succeeds
01-06 00:27:30.770   489   489 D QSEECOMAPI: : QSEECom_register_listener 28672 sb_length = 0x7e000
01-06 00:27:30.772   489   489 D QSEECOMD: : Init gpfs_start ret = 0
01-06 00:27:30.772   489   489 D QSEECOMD: : gpfile system services: Started (Listener ID = 28672)
01-06 00:27:30.773   489   489 D QSEECOMAPI: : QSEECom_get_handle sb_length = 0x400
01-06 00:27:30.773   489   489 D QSEECOMAPI: : App is not loaded in QSEE
01-06 00:27:30.774   489   489 E QSEECOMAPI: : Error::Error while trying to allocate data
01-06 00:27:30.774   489   489 E QSEECOMAPI: : Error::ION_memalloc failed
01-06 00:27:30.774   489   489 E QSEECOMAPI: : Error::Loading image failed with ret = -12
01-06 00:27:30.774   489   489 E QSEECOMD: : Loading keymaste app failied
01-06 00:27:30.774   489   489 D QSEECOMAPI: : QSEECom_get_handle sb_length = 0x400
01-06 00:27:30.774   489   489 D QSEECOMAPI: : App is not loaded in QSEE
01-06 00:27:30.790   487   539 I adbd    : initializing functionfs
01-06 00:27:30.790   487   539 I adbd    : opening control endpoint /dev/usb-ffs/adb/ep0
01-06 00:27:30.792   499   499 E Energy-Aware: Voltage plan not received for cpu4
01-06 00:27:30.792   499   499 E Energy-Aware: Failed to transfer voltage values for cpu4 err:-1
01-06 00:27:30.792   499   499 E Energy-Aware: Voltage plan not received for cpu5
01-06 00:27:30.792   499   499 E Energy-Aware: Failed to transfer voltage values for cpu5 err:-1
01-06 00:27:30.793   489   540 D DrmLibTime: QSEE Time Listener: dispatch
01-06 00:27:30.793   489   540 D DrmLibTime: before calling ioctl to read the next time_cmd
01-06 00:27:30.799   461   461 I android.hardware.wifi@1.0-service: Wifi Hal is booting up...
01-06 00:27:30.808   491   491 E Diag_Lib:  Diag_LSM_Init: Failed to open handle to diag driver, error = 2
01-06 00:27:30.808   491   491 E Diag_Lib: qpLogDiagInit <== result : 0
01-06 00:27:30.808   491   491 E Diag_Lib: QMID : gIsQXDMDisabled 0, gIsADBDisabled 1, gIsDebugDisabled 0, gIsIMSLogsDisabled 0
01-06 00:27:30.808   491   491 E Diag_Lib:  Diag_LSM_Init: Failed to open handle to diag driver, error = 2
01-06 00:27:30.808   491   491 E Diag_Lib: qpLogDiagInit <== result : 0
01-06 00:27:30.808   491   491 E Diag_Lib: QMID : gIsQXDMDisabled 0, gIsADBDisabled 1, gIsDebugDisabled 0, gIsIMSLogsDisabled 0
01-06 00:27:30.808   491   491 E Diag_Lib: [IMS_QMID] |imsqmiserver.c | 538 | QMID#$$#0#QMI DAEMON STARTED
01-06 00:27:30.808   491   491 E Diag_Lib:  Diag_LSM_Init: Failed to open handle to diag driver, error = 2
01-06 00:27:30.808   491   491 E Diag_Lib: qpLogDiagInit <== result : 0
01-06 00:27:30.808   491   491 E Diag_Lib: QMID : gIsQXDMDisabled 0, gIsADBDisabled 1, gIsDebugDisabled 0, gIsIMSLogsDisabled 0
01-06 00:27:30.808   491   491 E Diag_Lib:  Diag_LSM_Init: Failed to open handle to diag driver, error = 2
01-06 00:27:30.808   491   491 E Diag_Lib: qpLogDiagInit <== result : 0
01-06 00:27:30.808   491   491 E Diag_Lib: QMID : gIsQXDMDisabled 0, gIsADBDisabled 1, gIsDebugDisabled 0, gIsIMSLogsDisabled 0
01-06 00:27:30.808   491   491 E Diag_Lib:  Diag_LSM_Init: Failed to open handle to diag driver, error = 2
01-06 00:27:30.808   491   491 E Diag_Lib: qpLogDiagInit <== result : 0
01-06 00:27:30.808   491   491 E Diag_Lib: QMID : gIsQXDMDisabled 0, gIsADBDisabled 1, gIsDebugDisabled 0, gIsIMSLogsDisabled 0
01-06 00:27:30.808   491   491 E Diag_Lib:  Diag_LSM_Init: Failed to open handle to diag driver, error = 2
01-06 00:27:30.808   491   491 E Diag_Lib: qpLogDiagInit <== result : 0
01-06 00:27:30.808   491   491 E Diag_Lib: QMID : gIsQXDMDisabled 0, gIsADBDisabled 1, gIsDebugDisabled 0, gIsIMSLogsDisabled 0
01-06 00:27:30.808   491   491 E Diag_Lib:  Diag_LSM_Init: Failed to open handle to diag driver, error = 2
01-06 00:27:30.808   491   491 E Diag_Lib: qpLogDiagInit <== result : 0
01-06 00:27:30.808   491   491 E Diag_Lib: QMID : gIsQXDMDisabled 0, gIsADBDisabled 1, gIsDebugDisabled 0, gIsIMSLogsDisabled 0
01-06 00:27:30.812   491   491 E Diag_Lib:  Diag_LSM_Init: Failed to open handle to diag driver, error = 2
01-06 00:27:30.812   491   491 E Diag_Lib: qpLogDiagInit <== result : 0
01-06 00:27:30.812   491   491 E Diag_Lib: QMID : gIsQXDMDisabled 0, gIsADBDisabled 1, gIsDebugDisabled 0, gIsIMSLogsDisabled 0
01-06 00:27:30.812   491   491 E Diag_Lib:  Diag_LSM_Init: Failed to open handle to diag driver, error = 2
01-06 00:27:30.812   491   491 E Diag_Lib: qpLogDiagInit <== result : 0
01-06 00:27:30.812   491   491 E Diag_Lib: QMID : gIsQXDMDisabled 0, gIsADBDisabled 1, gIsDebugDisabled 0, gIsIMSLogsDisabled 0
01-06 00:27:30.812   491   491 E Diag_Lib:  Diag_LSM_Init: Failed to open handle to diag driver, error = 2
01-06 00:27:30.813   491   491 E Diag_Lib: qpLogDiagInit <== result : 0
01-06 00:27:30.817   491   491 E Diag_Lib: QMID : gIsQXDMDisabled 0, gIsADBDisabled 1, gIsDebugDisabled 0, gIsIMSLogsDisabled 0
01-06 00:27:30.835   496   496 E ANDR-PERF-MPCTL: Unable to create control service (stage=1, rc=0)
01-06 00:27:30.835   496   496 W libc    : invalid pthread_t (0) passed to libc
01-06 00:27:30.838   501   501 D ImsWmsProxy: ImsWmsProxy :: IMS WMS Proxy is started
01-06 00:27:30.838   501   501 D ImsWmsProxy: ImsWmsProxy :: local socket (4)
01-06 00:27:30.838   501   501 D ImsWmsProxy: ImsWmsProxy :: IMS WMS Proxy is ready
01-06 00:27:30.838   501   501 E Diag_Lib:  Diag_LSM_Init: Failed to open handle to diag driver, error = 2
01-06 00:27:30.849   420   420 I zygote  : option[0]=-Xzygote
01-06 00:27:30.849   420   420 I zygote  : option[1]=-Xusetombstonedtraces
01-06 00:27:30.849   420   420 I zygote  : option[2]=exit
01-06 00:27:30.849   420   420 I zygote  : option[3]=vfprintf
01-06 00:27:30.849   420   420 I zygote  : option[4]=sensitiveThread
01-06 00:27:30.849   420   420 I zygote  : option[5]=-verbose:gc
01-06 00:27:30.849   420   420 I zygote  : option[6]=-Xms8m
01-06 00:27:30.849   420   420 I zygote  : option[7]=-Xmx768m
01-06 00:27:30.849   420   420 I zygote  : option[8]=-XX:HeapGrowthLimit=288m
01-06 00:27:30.849   420   420 I zygote  : option[9]=-XX:HeapMinFree=2m
01-06 00:27:30.849   420   420 I zygote  : option[10]=-XX:HeapMaxFree=8m
01-06 00:27:30.849   420   420 I zygote  : option[11]=-XX:HeapTargetUtilization=0.75
01-06 00:27:30.849   420   420 I zygote  : option[12]=-Xusejit:true
01-06 00:27:30.849   420   420 I zygote  : option[13]=-Xjitsaveprofilinginfo
01-06 00:27:30.849   420   420 I zygote  : option[14]=-agentlib:jdwp=transport=dt_android_adb,suspend=n,server=y
01-06 00:27:30.849   420   420 I zygote  : option[15]=-Xlockprofthreshold:500
01-06 00:27:30.849   420   420 I zygote  : option[16]=-Ximage-compiler-option
01-06 00:27:30.849   420   420 I zygote  : option[17]=--runtime-arg
01-06 00:27:30.849   420   420 I zygote  : option[18]=-Ximage-compiler-option
01-06 00:27:30.849   420   420 I zygote  : option[19]=-Xms64m
01-06 00:27:30.849   420   420 I zygote  : option[20]=-Ximage-compiler-option
01-06 00:27:30.849   420   420 I zygote  : option[21]=--runtime-arg
01-06 00:27:30.849   420   420 I zygote  : option[22]=-Ximage-compiler-option
01-06 00:27:30.849   420   420 I zygote  : option[23]=-Xmx64m
01-06 00:27:30.849   420   420 I zygote  : option[24]=-Ximage-compiler-option
01-06 00:27:30.850   420   420 I zygote  : option[25]=--image-classes=/system/etc/preloaded-classes
