02-23 16:47:56.630 14823 15363 I CameraHardwareInterface: Opening camera 0
02-23 16:47:56.632 14823 15363 I CamDev@1.0-impl: Opening camera 0
02-23 16:47:56.632 14823 15363 I QCamera2Factory: :static int qcamera::QCamera2Factory::openLegacy(int32_t, uint32_t, hw_device_t**) openLegacy halVersion: 256
02-23 16:47:56.638 14823 15363 D vndksupport: Loading /odm/lib/hw/power.msm8992.so from current namespace instead of sphal namespace.
02-23 16:47:56.642 14823 21620 D QCamera2HWI: static void* qcamera::QCamera2HardwareInterface::defferedWorkRoutine(void*): start data proc
02-23 16:47:56.648 14823 15363 I QCamera2HWI: [KPI Perf] int qcamera::QCamera2HardwareInterface::openCamera(hw_device_t**): E PROFILE_OPEN_CAMERA camera id 0
02-23 16:47:56.650   532   532 D mm-camera: mct: mct_controller_new: Creating new mct_controller with session-id 1
02-23 16:47:56.650   532 21621 D mm-camera: mct: mct_pipeline_start_session_thread: E sensor
02-23 16:47:56.652   532 21622 D mm-camera: mct: mct_pipeline_start_session_thread: E iface
02-23 16:47:56.654   532 21624 D mm-camera: mct: mct_pipeline_start_session_thread: E isp
02-23 16:47:56.654   532 21624 E mm-camera-isp2: isp_module_start_session:178 session id 1
02-23 16:47:56.655   532 21622 D mm-camera: mct: mct_pipeline_start_session_thread: X stats
02-23 16:47:56.658   532 21625 D mm-camera: mct: mct_pipeline_start_session_thread: E stats
02-23 16:47:56.667   532 21625 E mm-camera: tcc_init: TCC ver.150418a
02-23 16:47:56.667   532 21626 D mm-camera: mct: mct_pipeline_start_session_thread: E pproc
02-23 16:47:56.672   532 21628 D mm-camera: mct: mct_pipeline_start_session_thread: E imglib
02-23 16:47:56.678   532 21628 E mm-camera: module_faceproc_start_session:1844] session cnt 1
02-23 16:47:56.680   532 21624 E mm-camera-isp2: isp_module_start_session:347 num_session_opened 1
02-23 16:47:56.680   532 21624 D mm-camera: mct: mct_pipeline_start_session_thread: X imglib
02-23 16:47:56.684   532 21628 D mm-camera: mct: mct_pipeline_start_session_thread: X imglib
02-23 16:47:56.691   532 21621 E mm-camera: module_sensor_init_session:1245eeprom_name = imx234_eeprom
02-23 16:47:56.691   532 21625 E mm-camera: sensor_laser_init:144  HW module: id: sensors name: STMicroelectronics VL53L0 sensor module
02-23 16:47:56.692   532 21625 E Sensors : openInput
02-23 16:47:56.692   532 21625 E Sensors : devname: /dev/input/event4
02-23 16:47:56.724   532 21625 E Sensors : devname: /dev/input/event3
02-23 16:47:56.731   532 21626 E mm-camera-pp: [INFO] base_module_start_session:91, E, session=1
02-23 16:47:56.734   532 21626 E mm-camera-pp: [INFO] base_module_start_session:91, E, session=1
02-23 16:47:56.735   532 21626 D mm-camera: mct: mct_pipeline_start_session_thread: X imglib
02-23 16:47:56.742   532 21621 E mm-camera: module_sensor_init_session:1277flash subdev id = 0
02-23 16:47:56.744   532 21621 E mm-camera-sensor: sensor_sdk_util_get_kernel_i2c_addr_type:26Invalid addr_type = 0
02-23 16:47:56.744   532 21621 E mm-camera-sensor: sensor_sdk_util_get_kernel_i2c_data_type:40Invalid addr_type = 0
02-23 16:47:56.745   532 21621 E mm-camera-sensor: actuator_load_lib:491name=lc898122_claf, mode=camera
02-23 16:47:56.752   532 21621 E mm-camera-sensor: actuator_load_lib:491name=lc898122_claf, mode=camcorder
02-23 16:47:56.757   532 21621 E mm-camera-sensor: eeprom_do_af_calibration:197turn on Cal af(1)
02-23 16:47:56.757   532 21621 E mm-camera-sdk: eeprom_autofocus_calibration_claf:173 KSY Kernel original macro hall : 9600, inf hall : -12800, macro_mecha 16800, vcm_type 66
02-23 16:47:56.757   532 21621 E mm-camera-sdk: eeprom_autofocus_calibration_claf:178 KSY AF_algorithm convert macro hall : 350, inf hall : 0, total_rangetomacro : 0, offset_value_pplus_mtm : 0
02-23 16:47:56.757   532 21621 E mm-camera: ois_init:305start: ois_init
02-23 16:47:56.759   532 21621 E mm-camera: ois_init:372done: ois_init
02-23 16:47:56.759   532 21644 E mm-camera: ois_thread:201ois thread is running
02-23 16:47:56.759   532 21621 E mm-camera-sensor: proxy_init:71name = LD_AF
02-23 16:47:56.759   532 21621 E mm-camera-sensor: sensor_proxy_on:151enter
02-23 16:47:56.784   532 21625 E Sensors : devname: /dev/input/event1
02-23 16:47:56.796   532 21621 E mm-camera-sensor: sensor_proxy_thread_on:198enter
02-23 16:47:56.797   532 21621 E mm-camera: module_sensor_init_session:1412tcs_sensor init Enter **
02-23 16:47:56.820   532 21625 E Sensors : devname: /dev/input/mice
02-23 16:47:56.839   532 21621 E mm-camera-sensor: tcs_thread_create:291tcs_thread, thread_id 0
02-23 16:47:56.840   532 21621 E mm-camera: module_sensor_start_session:1684SUCCESS
02-23 16:47:56.840   532 21621 D mm-camera: mct: mct_pipeline_start_session_thread: X imglib
02-23 16:47:56.852   532 21625 E Sensors : devname: /dev/input/event0
02-23 16:47:56.876   532 21625 E Sensors : devname: /dev/input/event2
02-23 16:47:56.904   532 21625 E Sensors : couldn't find 'STM VL53L0 proximity sensor' input device
02-23 16:47:56.904   532 21625 E Sensors : ProximitySensor::ProximitySensor gets called!
02-23 16:47:56.904   532 21625 E Sensors : ProximitySensor: input_name:, input_sysfs_path:/sys/class/input/input
02-23 16:47:56.904   532 21625 E Sensors : ProximitySensor::enable function called for stmvl53L0!
02-23 16:47:56.904   532 21625 E Sensors : ProximitySensor::enable filename:/sys/class/input/input/enable_ps_sensor
02-23 16:47:56.904   532 21625 E Sensors : ProximitySensor::enable: Failed to open file descriptor for enabling VL53L0
02-23 16:47:56.904   532 21625 E Sensors : ProximitySensor::enable: Attempted to open file /sys/class/input/input/enable_ps_sensor. Error: -1
02-23 16:47:56.904   532 21625 E Sensors : open_sensors gets called!
02-23 16:47:56.904   532 21625 E Sensors : is_tof_sensor_available() called
02-23 16:47:56.904   532 21625 E Sensors : devname: /dev/input/event4
02-23 16:47:56.920   532 21625 E Sensors : devname: /dev/input/event3
02-23 16:47:56.937   532 21644 E mm-camera: ois_thread:239done : ois initialization
02-23 16:47:56.940   532 21625 E Sensors : devname: /dev/input/event1
02-23 16:47:56.975   532 21625 E Sensors : devname: /dev/input/mice
02-23 16:47:56.996 17052 21617 D AmbientPlayRecognition: Preparing to send audio data: 153600 bytes
02-23 16:47:56.996 17052 21617 D AmbientPlayRecognition: Sending mic data, 153600 bytes...
02-23 16:47:57.012   532 21625 E Sensors : devname: /dev/input/event0
02-23 16:47:57.052   532 21625 E Sensors : devname: /dev/input/event2
02-23 16:47:57.076   532 21625 E Sensors : No Tof sensor found!!!
02-23 16:47:57.076   532 21625 E mm-camera: sensor_laser_init:164  0 sensor supported
02-23 16:47:57.077   532 21625 E mm-camera: gyro_port_init:1404  Failure initializing laser sensor. Error: 4
02-23 16:47:57.077   532 21625 I CAMERA_SENSOR: start_accel_sensor
02-23 16:47:57.077   532 21625 E mm-camera: start_accel_sensor: sensor1_open E
02-23 16:47:57.078   532 21625 E mm-camera: start_accel_sensor: sensor1_open X, res = 0
02-23 16:47:57.081   532 21651 I CAMERA_SENSOR: accel_data_cb received RESP - SNS_SMGR_REPORT_RESP_V01
02-23 16:47:57.081   532 21625 D mm-camera: mct: mct_pipeline_start_session_thread: X imglib
02-23 16:47:57.081   532   532 E mm-camera: sensor_get_cur_chromatix_name:2577Error: Load default preview chroamtix
02-23 16:47:57.082   532   532 E mm-camera-sensor: chromatix_load_library_ex : chromatix = libchromatix_imx234_snapshot_open.so , lib name = /system/vendor/lib/libchromatix_imx234_snapshot_open.so
02-23 16:47:57.083   532   532 E mm-camera-sensor: chromatix_load_library_ex : chromatix = libchromatix_imx234_snapshot_open.so , lib name = /system/vendor/lib/libchromatix_imx234_snapshot_open.so
02-23 16:47:57.084   532   532 E mm-camera-sensor: chromatix_load_library_ex : chromatix = libchromatix_imx234_common_open.so , lib name = /system/vendor/lib/libchromatix_imx234_common_open.so
02-23 16:47:57.084   532   532 E mm-camera-sensor: chromatix_load_library_ex : chromatix = libchromatix_imx234_cpp_snapshot_open.so , lib name = /system/vendor/lib/libchromatix_imx234_cpp_snapshot_open.so
02-23 16:47:57.084   532   532 E mm-camera-sensor: chromatix_load_library_ex : chromatix = libchromatix_imx234_cpp_snapshot_open.so , lib name = /system/vendor/lib/libchromatix_imx234_cpp_snapshot_open.so
02-23 16:47:57.084   532   532 E mm-camera-sensor: chromatix_load_library_ex : chromatix = libchromatix_imx234_cpp_flash_snapshot_open.so , lib name = /system/vendor/lib/libchromatix_imx234_cpp_flash_snapshot_open.so
02-23 16:47:57.084   532   532 E mm-camera-sensor: chromatix_load_library_ex : chromatix = libchromatix_imx234_cpp_video_open.so , lib name = /system/vendor/lib/libchromatix_imx234_cpp_video_open.so
02-23 16:47:57.085   532   532 E mm-camera-sensor: chromatix_load_library_ex : chromatix = libchromatix_imx234_postproc_open.so , lib name = /system/vendor/lib/libchromatix_imx234_postproc_open.so
02-23 16:47:57.086   532   532 E mm-camera-isp2: isp_resource_query_mod:145 num_isp_preallocate 1 num_session_opened 1 dual_vfe_enabled 0
02-23 16:47:57.086   532   532 E mm-camera: module_faceproc_query_mod:1996] Caps ROI 5 scene_mode_cnt 1 HW analysis supported 0
02-23 16:47:57.086   532   532 E hdr     : module_hdr_lib_query_mod:181] Supported scenemode cnt 2
02-23 16:47:57.086   532   532 D mm-camera: mct: mct_pipeline_process_set:command=800000a
02-23 16:47:57.086   532   532 D mm-camera: mct: mct_pipeline_process_set: Adding new stream: id [0f]
02-23 16:47:57.086   532   532 D mm-camera: mct: mct_pipeline_process_set:command=8000012
02-23 16:47:57.086   532   532 D mm-camera: mct: mct_stream_start_link: Start linking Session-stream 0x1000f
02-23 16:47:57.086   532   532 I mm-camera: module_iface_set_mod_func: set module type = 8, identity 1000f
02-23 16:47:57.087   532   532 E mm-camera: isp_port_check_caps_reserve:737 port 0xe65e1ac0 ide 1000f type 10 dim 0 0
02-23 16:47:57.087   532   532 E mm-camera: int_link = 0xe65e80e0
02-23 16:47:57.087   532   532 I mm-camera: pproc_port_add_modules_to_stream:433, linking mods tmod and c2d
02-23 16:47:57.091   532   532 I mm-camera: pproc_port_add_modules_to_stream:433, linking mods c2d and cpp
02-23 16:47:57.091   532   532 E mm-camera: Interleaved flag is 0, identity 65551 port type 0
02-23 16:47:57.092   532   532 I mm-camera: pproc_port_add_modules_to_stream:433, linking mods cpp and afs
02-23 16:47:57.092   532   532 I mm-camera: pproc_port_add_modules_to_stream:433, linking mods afs and llvd
02-23 16:47:57.092   532   532 I mm-camera: pproc_port_add_modules_to_stream:433, linking mods llvd and ezt
02-23 16:47:57.092   532   532 E mm-camera: pproc_port_add_modules_to_stream:454] X rc: 1
02-23 16:47:57.102   532   532 D mm-camera: mct: mct_pipeline_process_set: Linking successful for stream 0x1000f stream type=10
02-23 16:47:57.145 14823 15363 D mm-jpeg-intf: Max picture size 5312 x 2988, WorkBufSize = 23967744
02-23 16:47:57.156 14823 15363 I qomx_image_core: OMX_Init:95] Complete 3
02-23 16:47:57.157 14823 15363 E QCameraHWI_Mem: void qcamera::QCameraMemory::traceLogAllocStart(size_t, int, const char*):HeapMemsize 659104
02-23 16:47:57.158 14823 15363 E QCameraHWI_Mem: void qcamera::QCameraMemory::traceLogAllocStart(size_t, int, const char*):Memsize 659104
02-23 16:47:57.158 14823 15363 E QCameraHWI_Mem: void qcamera::QCameraMemory::traceLogAllocEnd(size_t) 659104
02-23 16:47:57.158 14823 15363 E QCameraHWI_Mem: void qcamera::QCameraMemory::traceLogAllocEnd(size_t) 659104
02-23 16:47:57.160 14823 15363 D QCameraParameters: int32_t qcamera::QCameraParameters::initDefaultParameters(): supported preview sizes: 2560x1440,1920x1440,2048x1536,2048x1080,1920x1080,1776x1080,1440x1080,1280x960,1280x720,960x720,864x480,880x720,848x480,800x480,768x432,720x480,640x640,640x480,640x360,576x432,480x320,384x288,352x288,320x240,240x160,176x144
02-23 16:47:57.160 14823 15363 D QCameraParameters: int32_t qcamera::QCameraParameters::initDefaultParameters(): supported video sizes: 1920x1080,1280x960,1280x720,864x480,848x480,800x480,720x480,640x480,640x360,480x320,352x288,320x240,176x144,144x176
02-23 16:47:57.160 14823 15363 D QCameraParameters: int32_t qcamera::QCameraParameters::initDefaultParameters(): supported pic sizes: 5312x2988,3984x2988,3840x2160,3264x2448,3264x1836,2560x1920,2592x1944,2688x1512,2048x1536,1920x1080,1600x1200,1536x864,1280x960,1280x768,1280x720,1024x768,880x720,800x600,864x480,800x480,720x480,640x480,640x360,352x288,320x240,176x144
02-23 16:47:57.161 14823 15363 D QCameraParameters: int32_t qcamera::QCameraParameters::setPreviewFpsRange(int, int, int, int): Setting preview fps range 2000,30000
02-23 16:47:57.161 14823 15363 D QCameraParameters: int32_t qcamera::QCameraParameters::setPreviewFpsRange(int, int, int, int): Updated: minFps = 2000, maxFps = 30000 , vid minFps = 2000, vid maxFps = 30000
02-23 16:47:57.161 14823 15363 D QCamera2HWI: int qcamera::QCamera2HardwareInterface::calcThermalLevel(qcamera::qcamera_thermal_level_enum_t, int, int, cam_fps_range_t&, msm_vfe_frame_skip_pattern&): level: 0, preview minfps 2000.000000, preview maxfpS 30000.000000, video minfps 2000.000000, video maxfpS 30000.000000
02-23 16:47:57.161 14823 15363 D QCamera2HWI: int qcamera::QCamera2HardwareInterface::calcThermalLevel(qcamera::qcamera_thermal_level_enum_t, int, int, cam_fps_range_t&, msm_vfe_frame_skip_pattern&): Thermal level 0, FPS [2.00,30.00, 2.00,30.00], frameskip 0
02-23 16:47:57.161 14823 15363 D QCameraParameters: int32_t qcamera::QCameraParameters::setPreviewFpsRange(int, int, int, int): Thermal adjusted Preview fps range 2.00,30.00, 2.00, 30.00
02-23 16:47:57.162 14823 15363 D QCameraParameters: int32_t qcamera::QCameraParameters::initDefaultParameters(): supported fps rates: 2,3,4,5,6,7,8,9,10,11,12,13,14,15,16,17,18,19,20,21,22,23,24,25,26,27,28,29,30
02-23 16:47:57.162 14823 15363 D QCameraParameters: int32_t qcamera::QCameraParameters::setFocusMode(const char*): Setting focus mode auto
02-23 16:47:57.162 14823 15363 D QCameraParameters: initDefaultParameters: setting KEY_FOCUS_DISTANCES as 0.100000,0.150000,0.170000
02-23 16:47:57.162 14823 15363 D QCameraParameters: int32_t qcamera::QCameraParameters::setAutoExposure(const char*): Setting auto exposure center-weighted
02-23 16:47:57.162 14823 15363 D QCameraParameters: int32_t qcamera::QCameraParameters::setAntibanding(const char*): Setting AntiBanding value auto
02-23 16:47:57.163 14823 15363 D QCameraParameters: int32_t qcamera::QCameraParameters::setFlash(const char*): Setting Flash value off
02-23 16:47:57.163 14823 15363 D QCameraParameters: int32_t qcamera::QCameraParameters::setISOValue(const char*): Setting ISO value auto
02-23 16:47:57.163 14823 15363 D QCameraParameters: int32_t qcamera::QCameraParameters::initDefaultParameters(), Exposure time min 0.034133 ms, max 29377.348000 ms
02-23 16:47:57.163 14823 15363 D QCameraParameters: int32_t qcamera::QCameraParameters::initDefaultParameters(), ISO min 50, max 800
02-23 16:47:57.169 14823 15363 D QCameraParameters: int32_t qcamera::QCameraParameters::setZoom(int): zoom level: 0
02-23 16:47:57.169 14823 15363 I QCameraParameters: int32_t qcamera::QCameraParameters::initDefaultParameters(): setting Exposure Bracketing value of 0,10,-9
02-23 16:47:57.169 14823 15363 D QCameraParameters: int32_t qcamera::QCameraParameters::setAEBracket(const char*), EXP_BRACKETING_OFF
02-23 16:47:57.169 14823 15363 D QCameraParameters: int32_t qcamera::QCameraParameters::setAFBracket(const char*): afBracketStr =af-bracket-off
02-23 16:47:57.169 14823 15363 D QCameraParameters: int32_t qcamera::QCameraParameters::setReFocus(const char*): reFocusStr =re-focus-off
02-23 16:47:57.169 14823 15363 D QCameraParameters: int32_t qcamera::QCameraParameters::setChromaFlash(const char*): chromaFlashStr =chroma-flash-off
02-23 16:47:57.169 14823 15363 D QCameraParameters: int32_t qcamera::QCameraParameters::setOptiZoom(const char*): optiZoomStr =opti-zoom-off
02-23 16:47:57.169 14823 15363 D QCameraParameters: int32_t qcamera::QCameraParameters::setSeeMore(const char*): seeMoreStr =off
02-23 16:47:57.170 14823 15363 D QCameraParameters: int32_t qcamera::QCameraParameters::setToneMapMode(uint32_t, bool): tone map mode 1 
02-23 16:47:57.170 14823 15363 D QCameraParameters: int32_t qcamera::QCameraParameters::setAecLock(const char*): Setting AECLock value false
02-23 16:47:57.170 14823 15363 D QCameraParameters: int32_t qcamera::QCameraParameters::setAwbLock(const char*): Setting AWBLock value false
02-23 16:47:57.170 14823 15363 D QCameraParameters: int32_t qcamera::QCameraParameters::initDefaultParameters(): totalram = -1334108160, freeram = 398315520 
02-23 16:47:57.170 14823 15363 D QCameraParameters: void qcamera::QCameraParameters::setOfflineRAW(): Offline Raw  0
02-23 16:47:57.170 14823 15363 E LGCameraParameters: void qcamera::QCameraParameters::initDefaultParametersEx(): multi_window_af_supported = 1
02-23 16:47:57.170 14823 15363 E LGCameraParameters: createMultiWindowString: (-280,-280,0,0,1),(-140,-420,140,-140,1),(0,-280,280,0,1),(-420,-140,-140,140,1),(-140,-140,140,140,1),(140,-140,420,140,1),(-280,0,0,280,1),(-140,140,140,420,1),(0,0,280,280,1),(-220,-220,220,220,1)
02-23 16:47:57.171 14823 15363 E LGCameraParameters: createMultiWindowString: (720,720,1000,1000,1),(860,580,1140,860,1),(1000,720,1280,1000,1),(580,860,860,1140,1),(860,860,1140,1140,1),(1140,860,1420,1140,1),(720,1000,1000,1420,1),(860,1140,1140,1420,1),(1000,1000,1280,1280,1)
02-23 16:47:57.171 14823 15363 D LGCameraParameters: int32_t qcamera::QCameraParameters::setLG_ISOcontrol(const char*): Setting ISO value auto
02-23 16:47:57.171 14823 15363 E LGCameraParameters: int32_t qcamera::QCameraParameters::setBeautyLevel(int) : [ARC_BEAUTY] beautylevel = 0
02-23 16:47:57.172   532 21660 E mm-camera: sensor_set_frame_rate:1176max fps 30.000000 min fps 2.000000,fixed_frame_rate=0 
02-23 16:47:57.173   532 21660 E mm-camera: iface_util_set_hfr: can't find hw stream, only save hfr mode
02-23 16:47:57.175 14823 15363 D QCameraParameters: int32_t qcamera::QCameraParameters::setNumOfSnapshot(): nBurstNum = 1, nExpnum = 1
02-23 16:47:57.179 14823 15363 I Thermal-Lib: Thermal-Lib-Client: Registraion successful for camera with handle:1
02-23 16:47:57.179 14823 15363 I Thermal-Lib: Thermal-Lib-Client: Registraion successful for camcorder with handle:2
02-23 16:47:57.179 14823 15363 I QCamera2HWI: [KPI Perf] int qcamera::QCamera2HardwareInterface::openCamera(hw_device_t**): X PROFILE_OPEN_CAMERA camera id 0, rc: 0
02-23 16:47:57.179 14823 15363 E QCamera2HWI: int qcamera::QCamera2HardwareInterface::openCamera(hw_device_t**):[PREVIEW_COUNT] preview_count(1)
02-23 16:47:57.181   510   643 I ThermalEngine: Thermal-Server: Adding thermal event listener on fd 65
02-23 16:47:57.182 14823 21667 I Thermal-Lib: Thermal-Lib-Client: Client received msg camera 0
02-23 16:47:57.182 14823 21667 D QCamera2HWI: virtual int qcamera::QCamera2HardwareInterface::thermalEvtHandle(qcamera::qcamera_thermal_level_enum_t*, void*, void*): level = 0, userdata = 0x0, data = 0x0
02-23 16:47:57.182 14823 21667 I Thermal-Lib: Thermal-Lib-Client: Client received msg camcorder 0
02-23 16:47:57.182 14823 21667 D QCamera2HWI: virtual int qcamera::QCamera2HardwareInterface::thermalEvtHandle(qcamera::qcamera_thermal_level_enum_t*, void*, void*): level = 0, userdata = 0x0, data = 0x0
02-23 16:47:57.182 14823 21619 E QCameraStateMachine: int32_t qcamera::QCameraStateMachine::procEvtPreviewStoppedState(qcamera::qcamera_sm_evt_enum_t, void*): cannot handle evt(31) in state(0)
02-23 16:47:57.183 14823 21619 E QCameraStateMachine: int32_t qcamera::QCameraStateMachine::procEvtPreviewStoppedState(qcamera::qcamera_sm_evt_enum_t, void*): cannot handle evt(31) in state(0)
02-23 16:47:57.186 14823 15363 I CameraHardwareInterface: Destroying camera 0
02-23 16:47:57.196 14823 15363 I QCamera2HWI: [KPI Perf] static int qcamera::QCamera2HardwareInterface::start_preview(camera_device*): E PROFILE_START_PREVIEW
02-23 16:47:57.197 14823 21619 D QCameraParameters: int32_t qcamera::QCameraParameters::updatePpFeatureMask(cam_stream_type_t): stream type: 11, pp_mask: 0x882
02-23 16:47:57.197 14823 21619 D QCameraParameters: int32_t qcamera::QCameraParameters::updatePpFeatureMask(cam_stream_type_t): stream type: 1, pp_mask: 0x882
02-23 16:47:57.197 14823 21619 I QCameraParameters: bool qcamera::QCameraParameters::setStreamConfigure(bool, bool, bool): stream type 11, w x h: 1280 x 720, pp_mask: 0x882
02-23 16:47:57.197 14823 21619 I QCameraParameters: bool qcamera::QCameraParameters::setStreamConfigure(bool, bool, bool): stream type 1, w x h: 1280 x 720, pp_mask: 0x882
02-23 16:47:57.198   532 21660 E mm-camera-sensor: sensor_pick_fill_expected_data:410ex_w:1280, ex_h:720,ex_mode:1, ex_fps:30.000000, ex_clk:0, ex_ar: 177
02-23 16:47:57.198   532 21660 E mm-camera-sensor: sensor_pick_resolution:722 res_idx: 5
02-23 16:47:57.198   532 21660 E mm-camera: isp_util_print_meta_stream_info:5521 Stream type 11 Resolution: 1280x720 pp_mask: 0x882
02-23 16:47:57.198   532 21660 E mm-camera: isp_util_print_meta_stream_info:5521 Stream type 1 Resolution: 1280x720 pp_mask: 0x882
02-23 16:47:57.198   532 21660 E mm-camera-isp2: __debug__ stream_num =2
02-23 16:47:57.198   532 21660 E mm-camera-isp2: __debug__ stream_type=11
02-23 16:47:57.198   532 21660 E mm-camera-isp2: __debug__ stream_type=1
02-23 16:47:57.198   532 21660 E mm-camera-isp2: __debug__ use_snapshot=0, use_preview=1
02-23 16:47:57.199   532 21660 E mm-camera: isp_util_decide_stream_mapping:5483 stream_port_map num streams 2
02-23 16:47:57.199   532 21660 E mm-camera: isp_util_decide_stream_mapping:5493 INFO: type 11 resolution 1280x720 hw_stream 0 need_native_buff 1 controllable_output 0 shared_output 0
02-23 16:47:57.199   532 21660 E mm-camera: isp_util_decide_stream_mapping:5493 INFO: type 1 resolution 1280x720 hw_stream 0 need_native_buff 1 controllable_output 0 shared_output 0
02-23 16:47:57.200   532 21660 E mm-camera-isp2: isp_stream_resource_allocate:2485 ide 1000f type 10 hw stream 0
02-23 16:47:57.204 14823 21619 D QCameraParameters: int32_t qcamera::QCameraParameters::updatePpFeatureMask(cam_stream_type_t): stream type: 7, pp_mask: 0x882
02-23 16:47:57.204 14823 21619 D QCamera2HWI: bool qcamera::QCamera2HardwareInterface::needReprocess(): Need CPP in non-ZSL mode
02-23 16:47:57.204 14823 21619 D QCamera2HWI: virtual qcamera::QCameraHeapMemory* qcamera::QCamera2HardwareInterface::allocateStreamInfoBuf(cam_stream_type_t): allocateStreamInfoBuf: stream type: 7, pp_mask: 0xc86
02-23 16:47:57.204   532 21660 D mm-camera: mct: mct_pipeline_process_set:command=800000a
02-23 16:47:57.204   532 21660 D mm-camera: mct: mct_pipeline_process_set: Adding new stream: id [01]
02-23 16:47:57.205 14823 21620 D QCamera2HWI: static void* qcamera::QCamera2HardwareInterface::defferedWorkRoutine(void*): Deffered buffer allocation started for stream type: 7
02-23 16:47:57.205 14823 21620 E QCameraHWI_Mem: void qcamera::QCameraMemory::traceLogAllocStart(size_t, int, const char*):StreamMemsize 659136
02-23 16:47:57.205 14823 21620 E QCameraHWI_Mem: void qcamera::QCameraMemory::traceLogAllocStart(size_t, int, const char*):Memsize 659136
02-23 16:47:57.206 14823 21619 D QCameraParameters: int32_t qcamera::QCameraParameters::updatePpFeatureMask(cam_stream_type_t): stream type: 11, pp_mask: 0x882
02-23 16:47:57.206 14823 21619 D QCamera2HWI: bool qcamera::QCamera2HardwareInterface::needReprocess(): Need CPP in non-ZSL mode
02-23 16:47:57.206 14823 21619 D QCamera2HWI: virtual qcamera::QCameraHeapMemory* qcamera::QCamera2HardwareInterface::allocateStreamInfoBuf(cam_stream_type_t): allocateStreamInfoBuf: stream type: 11, pp_mask: 0xc86
02-23 16:47:57.206   532 21660 D mm-camera: mct: mct_pipeline_process_set:command=800000a
02-23 16:47:57.206   532 21660 D mm-camera: mct: mct_pipeline_process_set: Adding new stream: id [02]
02-23 16:47:57.207   532 21660 D mm-camera: mct: mct_pipeline_process_set:command=8000012
02-23 16:47:57.207   532 21660 D mm-camera: mct: mct_stream_start_link: Starting Analysis stream linking
02-23 16:47:57.208   532 21660 I mm-camera: module_iface_set_mod_func: set module type = 8, identity 10002
02-23 16:47:57.208   532 21660 E mm-camera: isp_port_check_caps_reserve:737 port 0xe65e1ac0 ide 10002 type 11 dim 1280 720
02-23 16:47:57.208   532 21660 E mm-camera-isp2: isp_stream_resource_allocate:2389 i 0 hw_stream 1
02-23 16:47:57.208   532 21660 E mm-camera-isp2: isp_stream_resource_allocate:2485 ide 10002 type 11 hw stream 0
02-23 16:47:57.210   532 21660 E mm-camera: int_link = 0xe65e81a0
02-23 16:47:57.210   532 21660 E mm-camera: pproc_port_add_modules_to_stream:454] X rc: 1
02-23 16:47:57.210 14823 21620 E QCameraHWI_Mem: void qcamera::QCameraMemory::traceLogAllocEnd(size_t) 9227904
02-23 16:47:57.210   532 21660 D mm-camera: mct: mct_pipeline_process_set: Linking successful for stream 0x10002 stream type=11
02-23 16:47:57.211   532 21660 D mm-camera: mct: mct_pipeline_process_set:command=8000004
02-23 16:47:57.211 14823 21619 D QCameraParameters: int32_t qcamera::QCameraParameters::updatePpFeatureMask(cam_stream_type_t): stream type: 1, pp_mask: 0x882
02-23 16:47:57.211 14823 21619 D QCamera2HWI: bool qcamera::QCamera2HardwareInterface::needReprocess(): Need CPP in non-ZSL mode
02-23 16:47:57.212 14823 21619 D QCamera2HWI: virtual qcamera::QCameraHeapMemory* qcamera::QCamera2HardwareInterface::allocateStreamInfoBuf(cam_stream_type_t): allocateStreamInfoBuf: stream type: 1, pp_mask: 0xc86
02-23 16:47:57.212   532 21660 D mm-camera: mct: mct_pipeline_process_set:command=800000a
02-23 16:47:57.212   532 21660 D mm-camera: mct: mct_pipeline_process_set: Adding new stream: id [03]
02-23 16:47:57.215   532 21660 D mm-camera: mct: mct_pipeline_process_set:command=8000012
02-23 16:47:57.215   532 21660 D mm-camera: mct: mct_stream_start_link: Start linking preview stream 0x10003
02-23 16:47:57.215   532 21660 D mm-camera: mct: mct_stream_start_link: non secure stream linking 
02-23 16:47:57.215   532 21660 I mm-camera: module_iface_set_mod_func: set module type = 8, identity 10003
02-23 16:47:57.216   532 21660 E mm-camera: isp_port_check_caps_reserve:737 port 0xe65e1ac0 ide 10003 type 1 dim 1280 720
02-23 16:47:57.216   532 21660 E mm-camera-isp2: isp_stream_resource_allocate:2389 i 0 hw_stream 1
02-23 16:47:57.216   532 21660 E mm-camera-isp2: isp_stream_resource_allocate:2485 ide 10003 type 1 hw stream 0
02-23 16:47:57.217   532 21660 E mm-camera: int_link = 0xe65e81a0
02-23 16:47:57.217   532 21660 I mm-camera: pproc_port_add_modules_to_stream:433, linking mods tmod and afs
02-23 16:47:57.217   532 21660 I mm-camera: pproc_port_add_modules_to_stream:433, linking mods afs and cpp
02-23 16:47:57.217   532 21660 E mm-camera: module_afs_acquire_port:582] Port already reserved
02-23 16:47:57.217   532 21660 E mm-camera: module_afs_port_check_caps_reserve:1452] Error acquiring port
02-23 16:47:57.217   532 21660 I mm-camera: pproc_port_add_modules_to_stream:433, linking mods cpp and ezt
02-23 16:47:57.217   532 21660 E mm-camera: pproc_port_add_modules_to_stream:454] X rc: 1
02-23 16:47:57.217 14823 21620 F libc    : Fatal signal 11 (SIGSEGV), code 1, fault addr 0xa1000 in tid 21620 (CAM_defrdWrk), pid 14823 (cameraserver)
02-23 16:47:57.219   532 21660 D mm-camera: mct: mct_pipeline_process_set: Linking successful for stream 0x10003 stream type=1
02-23 16:47:57.220   532 21660 D mm-camera: mct: mct_pipeline_process_set:command=8000004
02-23 16:47:57.226   532 21660 E mm-camera: sensor_set_max_dimension:3751raw w 5312 h 2988
02-23 16:47:57.227   532 21660 E mm-camera-sensor: sensor_pick_fill_expected_data:410ex_w:5312, ex_h:2988,ex_mode:1, ex_fps:30.000000, ex_clk:0, ex_ar: 177
02-23 16:47:57.227   532 21660 E mm-camera-sensor: sensor_pick_resolution:722 res_idx: 0
02-23 16:47:57.227   532 21660 E mm-camera: sensor_get_raw_dimension:3813pick res 0
02-23 16:47:57.227   532 21660 E mm-camera: sensor_get_raw_dimension:3828raw w 5312 h 2988
02-23 16:47:57.228 14823 21619 D QCameraParameters: int32_t qcamera::QCameraParameters::updateRAW(cam_dimension_t) : RAW Dimension = 5312 X 2988
02-23 16:47:57.313 21674 21674 I crash_dump32: obtaining output fd from tombstoned, type: kDebuggerdTombstone
02-23 16:47:57.314   541   541 I /system/bin/tombstoned: received crash request for pid 14823
02-23 16:47:57.317 21674 21674 I crash_dump32: performing dump of process 14823 (target tid = 21620)
02-23 16:47:57.319 21674 21674 F DEBUG   : *** *** *** *** *** *** *** *** *** *** *** *** *** *** *** ***
02-23 16:47:57.319 21674 21674 F DEBUG   : Build fingerprint: 'lge/p1_global_com/p1:8.0/NRD90U/171931902b165:user/release-keys'
02-23 16:47:57.319 21674 21674 F DEBUG   : Revision: '11'
02-23 16:47:57.319 21674 21674 F DEBUG   : ABI: 'arm'
02-23 16:47:57.319 21674 21674 F DEBUG   : pid: 14823, tid: 21620, name: CAM_defrdWrk  >>> /system/bin/cameraserver <<<
02-23 16:47:57.319 21674 21674 F DEBUG   : signal 11 (SIGSEGV), code 1 (SEGV_MAPERR), fault addr 0xa1000
02-23 16:47:57.319 21674 21674 F DEBUG   :     r0 df67f7b8  r1 000a1000  r2 df67f7b8  r3 000a1000
02-23 16:47:57.319 21674 21674 F DEBUG   :     r4 e027f000  r5 e5ba3860  r6 0000001a  r7 00000001
02-23 16:47:57.319 21674 21674 F DEBUG   :     r8 000a1000  r9 df67f7b8  sl 00000000  fp 00000000
02-23 16:47:57.320 21674 21674 F DEBUG   :     ip e5636b6c  sp df67f790  lr e562ac03  pc e562ac0a  cpsr 60000030
02-23 16:47:57.329 21674 21674 F DEBUG   : 
02-23 16:47:57.329 21674 21674 F DEBUG   : backtrace:
02-23 16:47:57.330 21674 21674 F DEBUG   :     #00 pc 0000ec0a  /system/vendor/lib/camera.device@1.0-impl.so (android::hardware::camera::device::V1_0::implementation::CameraDevice::sGetMemory(int, unsigned int, unsigned int, void*)+157)
02-23 16:47:57.330 21674 21674 F DEBUG   :     #01 pc 0005b58d  /system/vendor/lib/hw/camera.msm8992.so (qcamera::QCameraStreamMemory::allocate(unsigned char, unsigned int, unsigned int)+88)
02-23 16:47:57.330 21674 21674 F DEBUG   :     #02 pc 00055c41  /system/vendor/lib/hw/camera.msm8992.so (qcamera::QCamera2HardwareInterface::allocateStreamBuf(cam_stream_type_t, unsigned int, int, int, unsigned char&)+512)
02-23 16:47:57.330 21674 21674 F DEBUG   :     #03 pc 00061a4f  /system/vendor/lib/hw/camera.msm8992.so (qcamera::QCameraStream::allocateBuffers()+90)
02-23 16:47:57.330 21674 21674 F DEBUG   :     #04 pc 00054643  /system/vendor/lib/hw/camera.msm8992.so (qcamera::QCamera2HardwareInterface::defferedWorkRoutine(void*)+434)
02-23 16:47:57.330 21674 21674 F DEBUG   :     #05 pc 000474ff  /system/lib/libc.so (__pthread_start(void*)+22)
02-23 16:47:57.330 21674 21674 F DEBUG   :     #06 pc 0001af69  /system/lib/libc.so (__start_thread+32)
02-23 16:47:57.803  1057  5882 W NativeCrashListener: Couldn't find ProcessRecord for pid 14823
02-23 16:47:57.803 21674 21674 E crash_dump32: AM data write failed: Broken pipe
02-23 16:47:57.804   541   541 E /system/bin/tombstoned: Tombstone written to: /data/tombstones/tombstone_13
02-23 16:47:57.811  1057  1107 I BootReceiver: Copying /data/tombstones/tombstone_13 to DropBox (SYSTEM_TOMBSTONE)
02-23 16:47:57.839   399   399 E hw-IPCThreadState: attemptIncStrongHandle(12): Not supported
02-23 16:47:57.840   399   399 I chatty  : uid=1000(system) hwservicemanage identical 2 lines
02-23 16:47:57.840   399   399 E hw-IPCThreadState: attemptIncStrongHandle(12): Not supported
02-23 16:47:57.841  7259  7366 W CameraBase: Camera service died!
02-23 16:47:57.841   398   398 I ServiceManager: service 'media.camera' died
02-23 16:47:57.842   532 21660 D mm-camera: mct: mct_pipeline_process_set:command=800000b
02-23 16:47:57.842   532 21660 E mm-camera: mct: mct_pipeline_process_set:2966: Couldn't find stream id: 0
02-23 16:47:57.843   510   643 I ThermalEngine: Thermal-Server: removing client on fd 65
02-23 16:47:57.844   532 21660 D mm-camera: mct: mct_pipeline_process_set:command=800000b
02-23 16:47:57.844   532 21660 D mm-camera: mct: mct_pipeline_process_set: Issuing DEL_STREAM on stream 0x0 and stream type=0
02-23 16:47:57.844   532 21660 D mm-camera: mct: mct_pipeline_process_set: Stream 0x0 and stream type=0, successfully deleted
02-23 16:47:57.846   532 21660 D mm-camera: mct: mct_pipeline_process_set:command=800000b
02-23 16:47:57.847   532 21660 D mm-camera: mct: mct_pipeline_process_set: Issuing DEL_STREAM on stream 0x10002 and stream type=11
02-23 16:47:57.847 17052 17076 E FlashlightController: Couldn't set torch mode
02-23 16:47:57.847 17052 17076 E FlashlightController: android.hardware.camera2.CameraAccessException: CAMERA_DISCONNECTED (2): Camera service is currently unavailable
02-23 16:47:57.847 17052 17076 E FlashlightController: 	at android.hardware.camera2.CameraManager$CameraManagerGlobal.setTorchMode(CameraManager.java:880)
02-23 16:47:57.847 17052 17076 E FlashlightController: 	at android.hardware.camera2.CameraManager.setTorchMode(CameraManager.java:519)
02-23 16:47:57.847 17052 17076 E FlashlightController: 	at com.android.systemui.statusbar.policy.FlashlightControllerImpl.setFlashlight(FlashlightControllerImpl.java:91)
02-23 16:47:57.847 17052 17076 E FlashlightController: 	at com.android.systemui.qs.tiles.FlashlightTile.handleClick(FlashlightTile.java:86)
02-23 16:47:57.847 17052 17076 E FlashlightController: 	at com.android.systemui.qs.tileimpl.QSTileImpl$H.handleMessage(QSTileImpl.java:430)
02-23 16:47:57.847 17052 17076 E FlashlightController: 	at android.os.Handler.dispatchMessage(Handler.java:106)
02-23 16:47:57.847 17052 17076 E FlashlightController: 	at android.os.Looper.loop(Looper.java:164)
02-23 16:47:57.847 17052 17076 E FlashlightController: 	at android.os.HandlerThread.run(HandlerThread.java:65)
02-23 16:47:57.847   532 21660 E mm-camera: port_iface_ext_unlink_func: E, identity = 0x10002, port = 0xe68a3620, direction = 2
02-23 16:47:57.848   532 21660 E mm-camera: port_iface_check_caps_unreserve_func:  E, identity = 0x10002, port = 0xe68a3620, direction = 2
02-23 16:47:57.848   532 21660 E mm-camera: iface_unreserve_sink_port: stream_id 2 mode 0 
02-23 16:47:57.848   532 21660 E mm-camera: port_iface_ext_unlink_func: E, identity = 0x10002, port = 0xe68a3920, direction = 1
02-23 16:47:57.848   532 21660 E mm-camera: iface_ext_unlink_src_port: mct stream already removed from hw stream
02-23 16:47:57.848   532 21660 E mm-camera: port_iface_check_caps_unreserve_func:  E, identity = 0x10002, port = 0xe68a3920, direction = 1
02-23 16:47:57.848   532 21660 E mm-camera: isp_port_check_caps_unreserve:826 ide 10002 port 0xe65e1ac0
02-23 16:47:57.854   532 21660 D mm-camera: mct: mct_pipeline_process_set: Stream 0x10002 and stream type=11, successfully deleted
02-23 16:47:57.857   532 21660 D mm-camera: mct: mct_pipeline_process_set:command=800000b
02-23 16:47:57.857   532 21660 D mm-camera: mct: mct_pipeline_process_set: Issuing DEL_STREAM on stream 0x10003 and stream type=1
02-23 16:47:57.857   532 21660 E mm-camera: port_iface_ext_unlink_func: E, identity = 0x10003, port = 0xe68a3620, direction = 2
02-23 16:47:57.857   532 21660 E mm-camera: port_iface_check_caps_unreserve_func:  E, identity = 0x10003, port = 0xe68a3620, direction = 2
02-23 16:47:57.857   532 21660 E mm-camera: iface_unreserve_sink_port: stream_id 3 mode 0 
02-23 16:47:57.858   532 21660 E mm-camera: port_iface_ext_unlink_func: E, identity = 0x10003, port = 0xe68a3920, direction = 1
02-23 16:47:57.858   532 21660 E mm-camera: iface_ext_unlink_src_port: mct stream already removed from hw stream
02-23 16:47:57.858   532 21660 E mm-camera: port_iface_check_caps_unreserve_func:  E, identity = 0x10003, port = 0xe68a3920, direction = 1
02-23 16:47:57.858   532 21660 E mm-camera: isp_port_check_caps_unreserve:826 ide 10003 port 0xe65e1ac0
02-23 16:47:57.860   532 21660 E mm-camera: module_afs_port_check_caps_unreserve:1524] 
02-23 16:47:57.860   532 21660 E mm-camera: module_afs_port_check_caps_unreserve:1532] destroy client
02-23 16:47:57.861   532 21660 D mm-camera: mct: mct_pipeline_process_set: Stream 0x10003 and stream type=1, successfully deleted
02-23 16:47:57.861   532   532 D mm-camera: mct: mct_controller_destroy: Initiating destroy sequence
02-23 16:47:57.862   532 21661 D mm-camera: mct: mct_bus_handler_thread_run: Force Exit
02-23 16:47:57.862   532   532 D mm-camera: mct: mct_controller_destroy: bus_handler thread closed
02-23 16:47:57.862   532   532 D mm-camera: mct: mct_pipeline_stop_session - E
02-23 16:47:57.862   532   532 D mm-camera: mct: mct_pipeline_process_set:command=800000b
02-23 16:47:57.862   532   532 D mm-camera: mct: mct_pipeline_process_set: Issuing DEL_STREAM on stream 0x1000f and stream type=10
02-23 16:47:57.862   532   532 E mm-camera: port_iface_ext_unlink_func: E, identity = 0x1000f, port = 0xe68a3620, direction = 2
02-23 16:47:57.862   532   532 E mm-camera: port_iface_check_caps_unreserve_func:  E, identity = 0x1000f, port = 0xe68a3620, direction = 2
02-23 16:47:57.862   532   532 E mm-camera: iface_unreserve_sink_port: stream_id f mode 0 
02-23 16:47:57.862   532   532 E mm-camera: port_iface_ext_unlink_func: E, identity = 0x1000f, port = 0xe68a3920, direction = 1
02-23 16:47:57.862   532   532 E mm-camera: iface_ext_unlink_src_port: mct stream already removed from hw stream
02-23 16:47:57.862   532   532 E mm-camera: port_iface_check_caps_unreserve_func:  E, identity = 0x1000f, port = 0xe68a3920, direction = 1
02-23 16:47:57.862   532   532 E mm-camera: isp_port_check_caps_unreserve:826 ide 1000f port 0xe65e1ac0
02-23 16:47:57.862   532   532 E mm-camera: isp_port_check_caps_unreserve:852 ISP session resource not dellocated in time
02-23 16:47:57.865   532   532 E mm-camera: module_afs_port_check_caps_unreserve:1524] 
02-23 16:47:57.865   532   532 E mm-camera: module_afs_port_check_caps_unreserve:1532] destroy client
02-23 16:47:57.865   532   532 E mm-camera: module_imgbase_port_release_client_llvd:1553] 
02-23 16:47:57.866   532   532 E mm-camera: q3a_thread_af_stop:1019  q3a_thread_af_stop:1019 MSG_STOP_THREAD
02-23 16:47:57.870   532   532 E mm-camera: stats_port_delete_reserved_stream:2602  stats_port_delete_reserved_stream:2602: going to NULL peer
02-23 16:47:57.870   532   532 D mm-camera: mct: mct_pipeline_process_set: Stream 0x1000f and stream type=10, successfully deleted
02-23 16:47:57.879   532 21683 D mm-camera: mct: mct_pipeline_stop_session_thread: Stop module name: iface - E
02-23 16:47:57.880   532 21683 D mm-camera: mct: mct_pipeline_stop_session_thread: Stop module name: iface - X
02-23 16:47:57.880   532 21685 D mm-camera: mct: mct_pipeline_stop_session_thread: Stop module name: stats - E
02-23 16:47:57.882   532 21684 D mm-camera: mct: mct_pipeline_stop_session_thread: Stop module name: isp - E
02-23 16:47:57.882   532 21684 E mm-camera-isp2: isp_module_stop_session:414 session id 1
02-23 16:47:57.882   532 21684 E mm-camera-isp2: isp_module_stop_session:455 warning: ISP resource is not freed on time!
02-23 16:47:57.882   532 21685 E mm-camera: gyro_port_deinit:1446  gyro_port_deinit: Error in android Deinit
02-23 16:47:57.882   532 21685 I CAMERA_SENSOR: stop_accel_sensor
02-23 16:47:57.884   532 21680 D mm-camera: mct: mct_pipeline_stop_session_thread: Stop module name: sensor - E
02-23 16:47:57.884   532 21680 E mm-camera: module_sensor_deinit_session:1545trying to delete thread
02-23 16:47:57.884   532 21680 E mm-camera-sensor: proxy_thread_delete:259p_thread,trying to delete thread
02-23 16:47:57.884   532 21680 E mm-camera-sensor: send_thread_exit_msg:219p_thread, exit_thread 0
02-23 16:47:57.884   532 21680 E mm-camera-sensor: send_thread_exit_msg:223p_thread, exit_thread 1
02-23 16:47:57.885   532 21686 D mm-camera: mct: mct_pipeline_stop_session_thread: Stop module name: pproc - E
02-23 16:47:57.885   532 21684 D mm-camera: mct: mct_pipeline_stop_session_thread: Stop module name: isp - X
02-23 16:47:57.886   532 21651 I CAMERA_SENSOR: accel_data_cb received RESP - SNS_SMGR_CANCEL_RESP_V01
02-23 16:47:57.886   532 21685 D mm-camera: mct: mct_pipeline_stop_session_thread: Stop module name: stats - X
02-23 16:47:57.889   532 21680 E mm-camera: module_sensor_deinit_session:1547proxy_thread_deleted!
02-23 16:47:57.889   532 21680 E mm-camera: module_sensor_deinit_session:1551try to stop proxy kernel workqueue!
02-23 16:47:57.889   532 21680 E mm-camera-sensor: sensor_proxy_thread_off:215enter
02-23 16:47:57.890   532 21687 D mm-camera: mct: mct_pipeline_stop_session_thread: Stop module name: imglib - E
02-23 16:47:57.891   532 21687 E mm-camera: module_faceproc_stop_session:1885] session cnt 1
02-23 16:47:57.891   532   532 D mm-camera: mct: mct_pipeline_stop_session: left modules: 5
02-23 16:47:57.891   532   532 D mm-camera: mct: mct_pipeline_stop_session: left modules: 4
02-23 16:47:57.891   532   532 D mm-camera: mct: mct_pipeline_stop_session: left modules: 3
02-23 16:47:57.894   532 21686 E mm-camera-pp: [INFO] base_module_stop_session:98, E, session=1
02-23 16:47:57.896   532 21686 E mm-camera-pp: [INFO] base_module_stop_session:98, E, session=1
02-23 16:47:57.896   532 21686 D mm-camera: mct: mct_pipeline_stop_session_thread: Stop module name: pproc - X
02-23 16:47:57.896   532   532 D mm-camera: mct: mct_pipeline_stop_session: left modules: 2
02-23 16:47:57.901   532 21687 D mm-camera: mct: mct_pipeline_stop_session_thread: Stop module name: imglib - X
02-23 16:47:57.901   532   532 D mm-camera: mct: mct_pipeline_stop_session: left modules: 1
02-23 16:47:57.936   532 21680 E mm-camera: module_sensor_deinit_session:1567trying to delete thread
02-23 16:47:57.936   532 21680 E mm-camera-sensor: tcs_thread_delete:303tcs_thread, trying to delete thread
02-23 16:47:57.936   532 21680 E mm-camera: module_sensor_deinit_session:1569tcs_thread_deleted!
02-23 16:47:57.936   532 21680 E mm-camera: module_sensor_deinit_session:1571try to stop tcs kernel workqueue!
02-23 16:47:57.950   532 21680 E mm-camera-sensor: proxy_power_down:47enter
02-23 16:47:57.977   532 21680 E mm-camera: sensor_close:4609ctrl->isStreaming make false
02-23 16:47:57.978   532 21680 D mm-camera: mct: mct_pipeline_stop_session_thread: Stop module name: sensor - X
02-23 16:47:57.978   532   532 D mm-camera: mct: mct_pipeline_stop_session: left modules: 0
02-23 16:47:57.978   532   532 D mm-camera: mct: mct_pipeline_stop_session - X
02-23 16:47:57.978   532   532 D mm-camera: mct: mct_pipeline_destroy E: session:1 
02-23 16:47:57.979   532   532 D mm-camera: mct: mct_pipeline_destroy X: Pipeline destroyed successfully
02-23 16:47:57.979   532   532 D mm-camera: mct: mct_controller_destroy: X Successfully closed mct_controller
02-23 16:47:58.155 21679 21679 I cameraserver: ServiceManager: 0xeb798980
02-23 16:47:58.155 21679 21679 I CameraService: CameraService started (pid=21679)
02-23 16:47:58.155 21679 21679 I CameraService: CameraService process starting
02-23 16:47:58.161 21679 21679 D vndksupport: Loading /odm/lib/hw/android.hardware.camera.provider@2.4-impl.so from current namespace instead of sphal namespace.
02-23 16:47:58.171 21679 21679 D vndksupport: Loading /odm/lib/hw/camera.msm8992.so from current namespace instead of sphal namespace.
02-23 16:47:58.790 21679 21679 D mm-camera-intf: index = 0 flag = 1 mount_angle = 90 facing = 0
02-23 16:47:58.790 21679 21679 D mm-camera-intf: index = 1 flag = 103 mount_angle = 270 facing = 1
02-23 16:47:58.793   532   532 D mm-camera: mct: mct_controller_new: Creating new mct_controller with session-id 1
02-23 16:47:58.794   532 21694 D mm-camera: mct: mct_pipeline_start_session_thread: E sensor
02-23 16:47:58.795   532 21695 D mm-camera: mct: mct_pipeline_start_session_thread: E iface
02-23 16:47:58.797   532 21695 D mm-camera: mct: mct_pipeline_start_session_thread: X isp
02-23 16:47:58.797   532 21696 D mm-camera: mct: mct_pipeline_start_session_thread: E isp
02-23 16:47:58.797   532 21696 E mm-camera-isp2: isp_module_start_session:178 session id 1
02-23 16:47:58.801   532 21698 D mm-camera: mct: mct_pipeline_start_session_thread: E stats
02-23 16:47:58.805   532 21698 E mm-camera: tcc_init: TCC ver.150418a
02-23 16:47:58.806   532 21699 D mm-camera: mct: mct_pipeline_start_session_thread: E pproc
02-23 16:47:58.817   532 21700 D mm-camera: mct: mct_pipeline_start_session_thread: E imglib
02-23 16:47:58.821   532 21700 E mm-camera: module_faceproc_start_session:1844] session cnt 1
02-23 16:47:58.850   532 21700 D mm-camera: mct: mct_pipeline_start_session_thread: X imglib
02-23 16:47:58.852   532 21696 E mm-camera-isp2: isp_module_start_session:347 num_session_opened 1
02-23 16:47:58.852   532 21696 D mm-camera: mct: mct_pipeline_start_session_thread: X imglib
02-23 16:47:58.862   532 21694 E mm-camera: module_sensor_init_session:1245eeprom_name = imx234_eeprom
02-23 16:47:58.875   532 21699 E mm-camera-pp: [INFO] base_module_start_session:91, E, session=1
02-23 16:47:58.878   532 21699 E mm-camera-pp: [INFO] base_module_start_session:91, E, session=1
02-23 16:47:58.879   532 21699 D mm-camera: mct: mct_pipeline_start_session_thread: X imglib
02-23 16:47:58.880 17052 17104 I CameraManagerGlobal: Connecting to camera service
02-23 16:47:58.881   532 21698 E mm-camera: sensor_laser_init:144  HW module: id: sensors name: STMicroelectronics VL53L0 sensor module
02-23 16:47:58.882 17052 17104 E CameraManagerGlobal: Camera service is unavailable
02-23 16:47:58.882   532 21698 E Sensors : openInput
02-23 16:47:58.882   532 21698 E Sensors : devname: /dev/input/event4
02-23 16:47:58.896  1057  1077 I ActivityManager: Start proc 21717:com.viber.voip/u0a76 for broadcast com.viber.voip/com.google.android.gms.gcm.GcmReceiver
02-23 16:47:58.908   532 21698 E Sensors : devname: /dev/input/event3
02-23 16:47:58.913   532 21694 E mm-camera: module_sensor_init_session:1277flash subdev id = 0
02-23 16:47:58.915   532 21694 E mm-camera-sensor: sensor_sdk_util_get_kernel_i2c_addr_type:26Invalid addr_type = 0
02-23 16:47:58.916   532 21694 E mm-camera-sensor: sensor_sdk_util_get_kernel_i2c_data_type:40Invalid addr_type = 0
02-23 16:47:58.918   532 21694 E mm-camera-sensor: actuator_load_lib:491name=lc898122_claf, mode=camera
02-23 16:47:58.923   532 21694 E mm-camera-sensor: actuator_load_lib:491name=lc898122_claf, mode=camcorder
02-23 16:47:58.925   532 21694 E mm-camera-sensor: eeprom_do_af_calibration:197turn on Cal af(1)
02-23 16:47:58.926   532 21694 E mm-camera-sdk: eeprom_autofocus_calibration_claf:173 KSY Kernel original macro hall : 9600, inf hall : -12800, macro_mecha 16800, vcm_type 66
02-23 16:47:58.926   532 21694 E mm-camera-sdk: eeprom_autofocus_calibration_claf:178 KSY AF_algorithm convert macro hall : 350, inf hall : 0, total_rangetomacro : 0, offset_value_pplus_mtm : 0
02-23 16:47:58.926   532 21694 E mm-camera: ois_init:305start: ois_init
02-23 16:47:58.927   532 21694 E mm-camera: ois_init:372done: ois_init
02-23 16:47:58.927   532 21694 E mm-camera-sensor: proxy_init:71name = LD_AF
02-23 16:47:58.928   532 21694 E mm-camera-sensor: sensor_proxy_on:151enter
02-23 16:47:58.930   532 21728 E mm-camera: ois_thread:201ois thread is running
02-23 16:47:58.932   532 21698 E Sensors : devname: /dev/input/event1
02-23 16:47:58.961 17052 21732 D AmbientPlayRecognition: Not sending, data already sending
02-23 16:47:58.968   532 21698 E Sensors : devname: /dev/input/mice
02-23 16:47:58.978   532 21694 E mm-camera-sensor: sensor_proxy_thread_on:198enter
02-23 16:47:58.979   532 21694 E mm-camera: module_sensor_init_session:1412tcs_sensor init Enter **
02-23 16:47:58.986   532 21694 E mm-camera-sensor: tcs_thread_create:291tcs_thread, thread_id 0
02-23 16:47:58.987   532 21694 E mm-camera: module_sensor_start_session:1684SUCCESS
02-23 16:47:58.987   532 21694 D mm-camera: mct: mct_pipeline_start_session_thread: X imglib
02-23 16:47:59.008   532 21698 E Sensors : devname: /dev/input/event0
02-23 16:47:59.064   532 21698 E Sensors : devname: /dev/input/event2
02-23 16:47:59.081 21717 21717 I MultiDex: VM with version 2.1.0 has multidex support
02-23 16:47:59.082 21717 21717 I MultiDex: Installing application
02-23 16:47:59.082 21717 21717 I MultiDex: VM has multidex support, MultiDex support library is disabled.
02-23 16:47:59.084   532 21728 E mm-camera: ois_thread:239done : ois initialization
02-23 16:47:59.088   532 21698 E Sensors : couldn't find 'STM VL53L0 proximity sensor' input device
02-23 16:47:59.088   532 21698 E Sensors : ProximitySensor::ProximitySensor gets called!
02-23 16:47:59.088   532 21698 E Sensors : ProximitySensor: input_name:, input_sysfs_path:/sys/class/input/input
02-23 16:47:59.088   532 21698 E Sensors : ProximitySensor::enable function called for stmvl53L0!
02-23 16:47:59.088   532 21698 E Sensors : ProximitySensor::enable filename:/sys/class/input/input/enable_ps_sensor
02-23 16:47:59.088   532 21698 E Sensors : ProximitySensor::enable: Failed to open file descriptor for enabling VL53L0
02-23 16:47:59.088   532 21698 E Sensors : ProximitySensor::enable: Attempted to open file /sys/class/input/input/enable_ps_sensor. Error: -1
02-23 16:47:59.088   532 21698 E Sensors : open_sensors gets called!
02-23 16:47:59.088   532 21698 E Sensors : is_tof_sensor_available() called
02-23 16:47:59.088   532 21698 E Sensors : devname: /dev/input/event4
02-23 16:47:59.116   532 21698 E Sensors : devname: /dev/input/event3
02-23 16:47:59.131 21717 21717 D FirebaseApp: com.google.firebase.auth.FirebaseAuth is not linked. Skipping initialization.
02-23 16:47:59.138 21717 21717 D FirebaseApp: com.google.firebase.crash.FirebaseCrash is not linked. Skipping initialization.
02-23 16:47:59.141   532 21698 E Sensors : devname: /dev/input/event1
02-23 16:47:59.143   510   645 E ThermalEngine: [BMHB_GOV] read failed VS_TEMP
02-23 16:47:59.149 21717 21717 I FA      : App measurement is starting up, version: 11020
02-23 16:47:59.149 21717 21717 I FA      : To enable debug logging run: adb shell setprop log.tag.FA VERBOSE
02-23 16:47:59.180   532 21698 E Sensors : devname: /dev/input/mice
