01-01 06:27:34.840   405   414 D vold    : e4crypt_init_user0
01-01 06:27:34.840   405   414 D vold    : e4crypt_prepare_user_storage for volume null, user 0, serial 0, flags 1
01-01 06:27:34.840   405   414 D vold    : Preparing: /data/system/users/0
01-01 06:27:34.841   405   414 D vold    : Preparing: /data/misc/profiles/cur/0
01-01 06:27:34.842   405   414 D vold    : Preparing: /data/system_de/0
01-01 06:27:34.842   405   414 D vold    : Preparing: /data/misc_de/0
01-01 06:27:34.842   405   415 I vold    : Found disk at /devices/soc.0/f98a4900.sdhci/mmc_host/mmc1/mmc1:aaaa/block/mmcblk1 but delaying scan due to secure keyguard
01-01 06:27:34.843   405   414 D vold    : Preparing: /data/vendor_de/0
01-01 06:27:34.843   405   414 D vold    : Preparing: /data/user_de/0
01-01 06:27:34.843     0     0 D [    3.351519 / 01-01 06:27:34.835][2] vdc: Waited 0ms for vold
01-01 06:27:34.844   405   414 V vold    : /system/bin/vold_prepare_subdirs
01-01 06:27:34.844   405   414 V vold    :     prepare
01-01 06:27:34.844   405   414 V vold    :     
01-01 06:27:34.844   405   414 V vold    :     0
01-01 06:27:34.844   405   414 V vold    :     1
01-01 06:27:34.866   405   414 I vold_prepare_subdirs: SELinux: Loaded file_contexts
01-01 06:27:34.869   417   417 D vold_prepare_subdirs: Setting up mode 700 uid 0 gid 0 context u:object_r:vold_data_file:s0 on path: /data/misc_de/0/vold
01-01 06:27:34.871   417   417 D vold_prepare_subdirs: Setting up mode 700 uid 0 gid 0 context u:object_r:storaged_data_file:s0 on path: /data/misc_de/0/storaged
01-01 06:27:34.871   417   417 D vold_prepare_subdirs: Setting up mode 700 uid 1000 gid 1000 context u:object_r:fingerprint_vendor_data_file:s0 on path: /data/vendor_de/0/fpdata
01-01 06:27:34.873   405   414 D vold    : e4crypt_unlock_user_key 0 serial=0 token_present=0
01-01 06:27:34.874   405   414 E vold    : Failed to chmod /data/system_ce/0: No such file or directory
01-01 06:27:34.874   405   414 E vold    : Failed to chmod /data/misc_ce/0: No such file or directory
01-01 06:27:34.879     0     0 I [    3.387492 / 01-01 06:27:34.871][3] init: Service 'exec 1 (/system/bin/vdc --wait cryptfs init_user0)' (pid 413) exited with status 0 waiting took 0.060000 seconds
01-01 06:27:34.880     0     0 I [    3.388222 / 01-01 06:27:34.871][1] selinux: SELinux: Skipping restorecon_recursive(/data)
01-01 06:27:34.880     0     0 I         : [    3.388222 / 01-01 06:27:34.871][1]
01-01 06:27:34.880     0     0 I [    3.388786 / 01-01 06:27:34.871][1] init: starting service 'exec 2 (/system/bin/tzdatacheck /system/usr/share/zoneinfo /data/misc/zoneinfo)'...
01-01 06:27:34.880     0     0 I [    3.389571 / 01-01 06:27:34.871][1] init: SVC_EXEC pid 419 (uid 1000 gid 1000+0 context default) started; waiting...
01-01 06:27:34.887     1     1 I auditd  : type=1400 audit(0.0:25): avc: denied { setattr } for comm="init" name="file" dev="sysfs" ino=23473 scontext=u:r:init:s0 tcontext=u:object_r:sysfs:s0 tclass=file permissive=1
01-01 06:27:34.887     1     1 I init    : type=1400 audit(0.0:25): avc: denied { setattr } for name="file" dev="sysfs" ino=23473 scontext=u:r:init:s0 tcontext=u:object_r:sysfs:s0 tclass=file permissive=1
01-01 06:27:34.890   419   419 I /system/bin/tzdatacheck: timezone distro dir /data/misc/zoneinfo/current does not exist. No action required.
01-01 06:27:34.891     0     0 I [    3.402915 / 01-01 06:27:34.883][1] init: Service 'exec 2 (/system/bin/tzdatacheck /system/usr/share/zoneinfo /data/misc/zoneinfo)' (pid 419) exited with status 0 waiting took 0.013000 seconds
01-01 06:27:34.892     0     0 I [    3.403154 / 01-01 06:27:34.887][1] init: processing action (post-fs-data) from (/init.usb.rc:6)
01-01 06:27:34.895     0     0 I [    3.405737 / 01-01 06:27:34.887][1] init: processing action (post-fs-data) from (/init.qcom.rc:469)
01-01 06:27:34.896     0     0 I [    3.406074 / 01-01 06:27:34.887][1] init: Command 'start qseecomd' action=post-fs-data (/init.qcom.rc:470) took 0ms and failed: Could not start service: File /system/vendor/bin/qseecomd(labeled "u:object_r:vendor_file:s0") has incorrect label or no domain transition from u:r:init:s0 to another SELinux domain defined. Have you configured your service correctly? https://source.android.com/security/selinux/device-policy#label_new_services_and_address_denials
01-01 06:27:34.903     1     1 I auditd  : type=1400 audit(0.0:26): avc: denied { write } for comm="init" name="firmware_path" dev="sysfs" ino=6843 scontext=u:r:init:s0 tcontext=u:object_r:sysfs:s0 tclass=file permissive=1
01-01 06:27:34.903     1     1 I init    : type=1400 audit(0.0:26): avc: denied { write } for name="firmware_path" dev="sysfs" ino=6843 scontext=u:r:init:s0 tcontext=u:object_r:sysfs:s0 tclass=file permissive=1
01-01 06:27:34.903     1     1 I auditd  : type=1400 audit(0.0:27): avc: denied { open } for comm="init" path="/sys/module/bcmdhd/parameters/firmware_path" dev="sysfs" ino=6843 scontext=u:r:init:s0 tcontext=u:object_r:sysfs:s0 tclass=file permissive=1
01-01 06:27:34.903     1     1 I init    : type=1400 audit(0.0:27): avc: denied { open } for path="/sys/module/bcmdhd/parameters/firmware_path" dev="sysfs" ino=6843 scontext=u:r:init:s0 tcontext=u:object_r:sysfs:s0 tclass=file permissive=1
01-01 06:27:34.907     0     0 I [    3.417340 / 01-01 06:27:34.899][2] SELinux: Context u:object_r:persist_display_file:s0 is not valid (left unmapped).
01-01 06:27:34.919     0     0 I [    3.428321 / 01-01 06:27:34.911][2] init: Command 'chown 13:13 /system/etc/motorola' action=post-fs-data (/init.qcom.rc:578) took 0ms and failed: lchown() failed: Read-only file system
01-01 06:27:34.920     0     0 I [    3.428916 / 01-01 06:27:34.911][2] init: Command 'chmod 2777 /system/etc/motorola' action=post-fs-data (/init.qcom.rc:581) took 0ms and failed: fchmodat() failed: Read-only file system
01-01 06:27:34.920     0     0 I [    3.430691 / 01-01 06:27:34.911][2] SELinux: Context u:object_r:sensors_persist_file:s0 is not valid (left unmapped).
01-01 06:27:34.923     0     0 I [    3.432018 / 01-01 06:27:34.915][1] selinux: SELinux: Skipping restorecon_recursive(/data/misc/sensors)
01-01 06:27:34.924     0     0 I         : [    3.432018 / 01-01 06:27:34.915][1]
01-01 06:27:34.924     0     0 I [    3.434034 / 01-01 06:27:34.915][1] SELinux: Context u:object_r:persist_drm_file:s0 is not valid (left unmapped).
01-01 06:27:34.928     0     0 I [    3.436192 / 01-01 06:27:34.919][1] init: Command 'chmod 0771 /cota' action=post-fs-data (/init.qcom.rc:611) took 0ms and failed: fchmodat() failed: Read-only file system
01-01 06:27:34.928     0     0 I [    3.436251 / 01-01 06:27:34.919][1] init: Command 'chown system system /preload' action=post-fs-data (/init.qcom.rc:612) took 0ms and failed: lchown() failed: Read-only file system
01-01 06:27:34.928     0     0 I [    3.436308 / 01-01 06:27:34.919][1] init: Command 'chmod 0771 /preload' action=post-fs-data (/init.qcom.rc:613) took 0ms and failed: fchmodat() failed: Read-only file system
01-01 06:27:34.928     0     0 I [    3.438738 / 01-01 06:27:34.919][1] selinux: SELinux: Skipping restorecon_recursive(/sns)
01-01 06:27:34.928     0     0 I         : [    3.438738 / 01-01 06:27:34.919][1]
01-01 06:27:34.928     0     0 I [    3.438814 / 01-01 06:27:34.919][1] init: processing action (post-fs-data) from (init.qcom.usb.rc:26)
01-01 06:27:34.928     0     0 I [    3.439140 / 01-01 06:27:34.923][1] init: processing action (post-fs-data) from (/system/etc/init/bootstat.rc:7)
01-01 06:27:34.931     0     0 I [    3.440737 / 01-01 06:27:34.923][1] init: processing action (post-fs-data) from (/system/etc/init/incidentd.rc:21)
01-01 06:27:34.932     0     0 I [    3.441254 / 01-01 06:27:34.923][1] init: processing action (post-fs-data) from (/system/etc/init/logtagd.rc:4)
01-01 06:27:34.932     0     0 I [    3.442374 / 01-01 06:27:34.923][1] init: processing action (post-fs-data) from (/system/etc/init/statsd.rc:25)
01-01 06:27:34.932     0     0 I [    3.443192 / 01-01 06:27:34.927][1] init: processing action (post-fs-data) from (/vendor/etc/init/hostapd.android.rc:9)
01-01 06:27:34.940     0     0 I [    3.448922 / 01-01 06:27:34.931][3] init: processing action (ro.crypto.state=unsupported && zygote-start) from (/init.rc:567)
01-01 06:27:34.940     0     0 I [    3.449009 / 01-01 06:27:34.931][3] init: Command 'exec_start update_verifier_nonencrypted' action=ro.crypto.state=unsupported && zygote-start (/init.rc:569) took 0ms and failed: Service not found
01-01 06:27:34.940     0     0 I [    3.449352 / 01-01 06:27:34.931][3] init: starting service 'netd'...
01-01 06:27:34.940     0     0 I [    3.450537 / 01-01 06:27:34.931][3] init: starting service 'zygote'...
01-01 06:27:34.941     0     0 I [    3.450637 / 01-01 06:27:34.931][1] init: Created socket '/dev/socket/netd', mode 660, user 0, group 1000
01-01 06:27:34.941     0     0 I [    3.451222 / 01-01 06:27:34.935][1] init: Created socket '/dev/socket/dnsproxyd', mode 660, user 0, group 3003
01-01 06:27:34.941     0     0 I [    3.451739 / 01-01 06:27:34.935][3] init: starting service 'zygote_secondary'...
01-01 06:27:34.941     0     0 I [    3.451786 / 01-01 06:27:34.935][1] init: Created socket '/dev/socket/mdns', mode 660, user 0, group 1000
01-01 06:27:34.941     0     0 I [    3.451799 / 01-01 06:27:34.935][2] init: Created socket '/dev/socket/zygote', mode 660, user 0, group 1000
01-01 06:27:34.941     0     0 I [    3.452256 / 01-01 06:27:34.935][1] init: Created socket '/dev/socket/fwmarkd', mode 660, user 0, group 3003
01-01 06:27:34.946     0     0 I [    3.452761 / 01-01 06:27:34.935][3] init: processing action (load_persist_props_action) from (/init.rc:268)
01-01 06:27:34.946     0     0 W [    3.452853 / 01-01 06:27:34.935][3] init: Couldn't load property file '/data/local.prop': open() failed: No such file or directory: No such file or directory
01-01 06:27:34.946     0     0 I [    3.453269 / 01-01 06:27:34.935][1] init: Created socket '/dev/socket/zygote_secondary', mode 660, user 0, group 1000
01-01 06:27:34.946     0     0 I [    3.455621 / 01-01 06:27:34.939][1] init: starting service 'logd-reinit'...
01-01 06:27:34.946     0     0 I [    3.456610 / 01-01 06:27:34.939][1] init: processing action (load_persist_props_action) from (/system/etc/init/logcatd.rc:31)
01-01 06:27:34.946     0     0 I [    3.456931 / 01-01 06:27:34.939][1] init: processing action (firmware_mounts_complete) from (/init.rc:274)
01-01 06:27:34.946     0     0 I [    3.457052 / 01-01 06:27:34.939][1] init: processing action (early-boot) from (/init.qcom.rc:120)
01-01 06:27:34.959     0     0 I [    3.469693 / 01-01 06:27:34.951][1] logd.daemon: reinit
01-01 06:27:35.007     0     0 I [    3.515776 / 01-01 06:27:34.999][1] ueventd: firmware: loading 'adsp.mdt' for '/devices/soc.0/fe200000.qcom,lpass/firmware/adsp.mdt'
01-01 06:27:35.033   420   420 I Netd    : Netd 1.0 starting
01-01 06:27:35.136     0     0 E [    3.644287 / 01-01 06:27:35.127][1] ueventd: firmware: could not find firmware for adsp.mdt
01-01 06:27:35.136     0     0 I [    3.644404 / 01-01 06:27:35.127][1] ueventd: loading /devices/soc.0/fe200000.qcom,lpass/firmware/adsp.mdt took 128ms
01-01 06:27:35.136     0     0 E         : [    3.644456 / 01-01 06:27:35.127][0] subsys-pil-tz fe200000.qcom,lpass: adsp: Failed to locate adsp.mdt
01-01 06:27:35.136     0     0 E         : [    3.644482 / 01-01 06:27:35.127][0] adsp-loader qcom,msm-adsp-loader.33: adsp_loader_do: pil get failed,
01-01 06:27:35.136     0     0 E         : [    3.644493 / 01-01 06:27:35.127][0] adsp-loader qcom,msm-adsp-loader.33: adsp_loader_do: Q6 image loading failed
01-01 06:27:35.136     0     0 I [    3.644596 / 01-01 06:27:35.127][0] init: Command 'write /sys/kernel/boot_adsp/boot 1' action=early-boot (/init.qcom.rc:124) took 187ms and succeeded
01-01 06:27:35.136     0     0 I [    3.644800 / 01-01 06:27:35.127][0] init: Service 'logd-reinit' (pid 423) exited with status 0
01-01 06:27:35.136     0     0 I [    3.645248 / 01-01 06:27:35.127][0] init: processing action (early-boot) from (/system/etc/init/installd.rc:5)
01-01 06:27:35.151     0     0 I [    3.660351 / 01-01 06:27:35.143][0] init: processing action (boot) from (/init.rc:581)
01-01 06:27:35.200   420   420 D TetherController: Setting IP forward enable = 0
01-01 06:27:35.202   420   420 E         : Cannot determine initial API level of the device
01-01 06:27:35.212     0     0 I [    3.720381 / 01-01 06:27:35.203][1] init: starting service 'hidl_memory'...
01-01 06:27:35.212     0     0 I [    3.721506 / 01-01 06:27:35.203][1] init: starting service 'healthd'...
01-01 06:27:35.215     0     0 I [    3.723332 / 01-01 06:27:35.207][3] init: starting service 'vendor.cas-hal-1-0'...
01-01 06:27:35.216     0     0 I [    3.724582 / 01-01 06:27:35.207][3] init: starting service 'vendor.configstore-hal'...
01-01 06:27:35.216     0     0 I [    3.725789 / 01-01 06:27:35.207][3] init: starting service 'vendor.gralloc-2-0'...
01-01 06:27:35.216     0     0 I [    3.726998 / 01-01 06:27:35.207][3] init: starting service 'vendor.health-hal-1-0'...
01-01 06:27:35.219   441   441 I auditd  : type=1400 audit(0.0:28): avc: denied { transition } for comm="init" path="/system/bin/init.qcom.bt.sh" dev="mmcblk0p47" ino=3404 scontext=u:r:init:s0 tcontext=u:r:bluetooth:s0 tclass=process permissive=1
01-01 06:27:35.219   441   441 I init    : type=1400 audit(0.0:28): avc: denied { transition } for path="/system/bin/init.qcom.bt.sh" dev="mmcblk0p47" ino=3404 scontext=u:r:init:s0 tcontext=u:r:bluetooth:s0 tclass=process permissive=1
01-01 06:27:35.219   441   441 I auditd  : type=1400 audit(0.0:29): avc: denied { entrypoint } for comm="init" path="/system/bin/init.qcom.bt.sh" dev="mmcblk0p47" ino=3404 scontext=u:r:bluetooth:s0 tcontext=u:object_r:system_file:s0 tclass=file permissive=1
01-01 06:27:35.219   441   441 I init    : type=1400 audit(0.0:29): avc: denied { entrypoint } for path="/system/bin/init.qcom.bt.sh" dev="mmcblk0p47" ino=3404 scontext=u:r:bluetooth:s0 tcontext=u:object_r:system_file:s0 tclass=file permissive=1
01-01 06:27:35.220     0     0 I [    3.728307 / 01-01 06:27:35.211][3] init: starting service 'vendor.light-hal-2-0'...
01-01 06:27:35.220     0     0 I [    3.729518 / 01-01 06:27:35.211][3] init: starting service 'vendor.nfc_hal_service'...
01-01 06:27:35.220     0     0 I [    3.730792 / 01-01 06:27:35.211][3] init: starting service 'vendor.thermal-hal-1-0'...
01-01 06:27:35.223     0     0 I [    3.732114 / 01-01 06:27:35.215][3] init: starting service 'vendor.usb-hal-1-0'...
01-01 06:27:35.223     0     0 I [    3.733362 / 01-01 06:27:35.215][3] init: starting service 'vendor.wifi_hal_legacy'...
01-01 06:27:35.224     0     0 I [    3.734355 / 01-01 06:27:35.215][3] init: Command 'class_start hal' action=boot (/init.rc:676) took 67ms and succeeded
01-01 06:27:35.224     0     0 I [    3.734568 / 01-01 06:27:35.215][3] init: starting service 'config_bluetooth'...
01-01 06:27:35.227     1     1 I auditd  : type=1400 audit(0.0:30): avc: denied { write } for comm="init" name="online" dev="sysfs" ino=6344 scontext=u:r:init:s0 tcontext=u:object_r:sysfs_devices_system_cpu:s0 tclass=file permissive=1
01-01 06:27:35.227     1     1 I init    : type=1400 audit(0.0:30): avc: denied { write } for name="online" dev="sysfs" ino=6344 scontext=u:r:init:s0 tcontext=u:object_r:sysfs_devices_system_cpu:s0 tclass=file permissive=1
01-01 06:27:35.228     0     0 E [    3.735811 / 01-01 06:27:35.219][3] init: Could not start service 'rfs_access' as part of class 'core': File /system/vendor/bin/rfs_access(labeled "u:object_r:vendor_file:s0") has incorrect label or no domain transition from u:r:init:s0 to another SELinux domain defined. Have you configured your service correctly? https://source.android.com/security/selinux/device-policy#label_new_services_and_address_denials
01-01 06:27:35.228     0     0 E [    3.736044 / 01-01 06:27:35.219][3] init: Could not start service 'config_bt_addr' as part of class 'core': File /system/vendor/bin/btnvtool(labeled "u:object_r:vendor_file:s0") has incorrect label or no domain transition from u:r:init:s0 to another SELinux domain defined. Have you configured your service correctly? https://source.android.com/security/selinux/device-policy#label_new_services_and_address_denials
01-01 06:27:35.228     0     0 E [    3.736206 / 01-01 06:27:35.219][3] init: Could not start service 'qcom-usb-sh' as part of class 'core': Cannot find '/system/bin/init.qcom.usb.sh': No such file or directory
01-01 06:27:35.228     0     0 E [    3.736383 / 01-01 06:27:35.219][3] init: Could not start service 'qseecomd' as part of class 'core': File /system/vendor/bin/qseecomd(labeled "u:object_r:vendor_file:s0") has incorrect label or no domain transition from u:r:init:s0 to another SELinux domain defined. Have you configured your service correctly? https://source.android.com/security/selinux/device-policy#label_new_services_and_address_denials
01-01 06:27:35.228     0     0 E [    3.736573 / 01-01 06:27:35.219][3] init: Could not start service 'per_mgr' as part of class 'core': File /system/vendor/bin/pm-service(labeled "u:object_r:vendor_file:s0") has incorrect label or no domain transition from u:r:init:s0 to another SELinux domain defined. Have you configured your service correctly? https://source.android.com/security/selinux/device-policy#label_new_services_and_address_denials
01-01 06:27:35.228     0     0 E [    3.736753 / 01-01 06:27:35.219][3] init: Could not start service 'hwaddrs' as part of class 'core': File /system/bin/hwaddrs(labeled "u:object_r:system_file:s0") has incorrect label or no domain transition from u:r:init:s0 to another SELinux domain defined. Have you configured your service correctly? https://source.android.com/security/selinux/device-policy#label_new_services_and_address_denials
01-01 06:27:35.228     0     0 I [    3.736806 / 01-01 06:27:35.219][3] init: starting service 'lge-sensor-sh'...
01-01 06:27:35.228     0     0 F [    3.737874 / 01-01 06:27:35.219][0] init: cannot setexeccon('u:r:sensors:s0') for lge-sensor-sh: Invalid argument
01-01 06:27:35.228     0     0 I [    3.738106 / 01-01 06:27:35.219][3] init: starting service 'audioserver'...
01-01 06:27:35.228     0     0 I [    3.739503 / 01-01 06:27:35.223][3] init: starting service 'lmkd'...
01-01 06:27:35.231     1     1 I auditd  : type=1400 audit(0.0:31): avc: denied { setattr } for comm="init" name="lpm" dev="proc" ino=4026535863 scontext=u:r:init:s0 tcontext=u:object_r:proc:s0 tclass=file permissive=1
01-01 06:27:35.231     1     1 I init    : type=1400 audit(0.0:31): avc: denied { setattr } for name="lpm" dev="proc" ino=4026535863 scontext=u:r:init:s0 tcontext=u:object_r:proc:s0 tclass=file permissive=1
01-01 06:27:35.231   430   430 I ServiceManagement: Removing namespace from process name android.hidl.allocator@1.0-service to allocator@1.0-service.
01-01 06:27:35.232     0     0 I [    3.740829 / 01-01 06:27:35.223][3] init: starting service 'surfaceflinger'...
01-01 06:27:35.232     0     0 I [    3.741006 / 01-01 06:27:35.223][1] init: Created socket '/dev/socket/lmkd', mode 660, user 1000, group 1000
01-01 06:27:35.232     0     0 I [    3.742087 / 01-01 06:27:35.223][3] init: starting service 'thermalservice'...
01-01 06:27:35.232     0     0 E [    3.742150 / 01-01 06:27:35.223][1] init: Failed to bind socket 'pdx/system/vr/display/client': No such file or directory
01-01 06:27:35.232     0     0 E [    3.742567 / 01-01 06:27:35.223][1] init: Failed to bind socket 'pdx/system/vr/display/manager': No such file or directory
01-01 06:27:35.232   430   430 E cutils-trace: Error opening trace file: Permission denied (13)
01-01 06:27:35.232   403   403 E cutils-trace: Error opening trace file: Permission denied (13)
01-01 06:27:35.236     0     0 I [    3.743386 / 01-01 06:27:35.227][3] init: Service 'lge-sensor-sh' (pid 442) exited with status 6
01-01 06:27:35.236     0     0 E [    3.743467 / 01-01 06:27:35.227][1] init: Failed to bind socket 'pdx/system/vr/display/vsync': No such file or directory
01-01 06:27:35.236     0     0 I [    3.743586 / 01-01 06:27:35.227][3] init: processing action (boot) from (/init.usb.rc:21)
01-01 06:27:35.236     0     0 I [    3.744049 / 01-01 06:27:35.227][3] init: processing action (persist.sys.usb.config=* && boot) from (/init.usb.rc:102)
01-01 06:27:35.236     0     0 I [    3.744176 / 01-01 06:27:35.227][3] init: processing action (boot) from (/init.qcom.rc:135)
01-01 06:27:35.236     0     0 I [    3.744605 / 01-01 06:27:35.227][3] init: Command 'start rmt_storage' action=boot (/init.qcom.rc:136) took 0ms and failed: Could not start service: File /system/vendor/bin/rmt_storage(labeled "u:object_r:vendor_file:s0") has incorrect label or no domain transition from u:r:init:s0 to another SELinux domain defined. Have you configured your service correctly? https://source.android.com/security/selinux/device-policy#label_new_services_and_address_denials
01-01 06:27:35.236     0     0 I [    3.744922 / 01-01 06:27:35.227][3] init: Command 'start rfs_access' action=boot (/init.qcom.rc:137) took 0ms and failed: Could not start service: File /system/vendor/bin/rfs_access(labeled "u:object_r:vendor_file:s0") has incorrect label or no domain transition from u:r:init:s0 to another SELinux domain defined. Have you configured your service correctly? https://source.android.com/security/selinux/device-policy#label_new_services_and_address_denials
01-01 06:27:35.236     0     0 I [    3.745415 / 01-01 06:27:35.227][3] msm_thermal: store_cc_enabled Core control disabled
01-01 06:27:35.236     0     0 I [    3.745880 / 01-01 06:27:35.227][3] init: Command 'write /sys/devices/system/cpu/cpu0/online 1' action=boot (/init.qcom.rc:141) took 0ms and failed: Unable to write to file '/sys/devices/system/cpu/cpu0/online': Unable to write file contents: Invalid argument
01-01 06:27:35.236     0     0 I [    3.746226 / 01-01 06:27:35.227][3] init: Command 'write /sys/devices/system/cpu/cpu1/online 1' action=boot (/init.qcom.rc:142) took 0ms and failed: Unable to write to file '/sys/devices/system/cpu/cpu1/online': Unable to write file contents: Invalid argument
01-01 06:27:35.236     0     0 I [    3.746443 / 01-01 06:27:35.227][3] msm_thermal: store_cc_enabled Core control enabled
01-01 06:27:35.243     1     1 I auditd  : type=1400 audit(0.0:32): avc: denied { write } for comm="init" name="printk" dev="proc" ino=11773 scontext=u:r:init:s0 tcontext=u:object_r:proc:s0 tclass=file permissive=1
01-01 06:27:35.243     1     1 I init    : type=1400 audit(0.0:32): avc: denied { write } for name="printk" dev="proc" ino=11773 scontext=u:r:init:s0 tcontext=u:object_r:proc:s0 tclass=file permissive=1
01-01 06:27:35.243     0     0 E [    3.751144 / 01-01 06:27:35.235][3] init: Init cannot set 'ro.telephony.call_ring.multiple' to 'false': Read-only property was already set
01-01 06:27:35.244     0     0 I [    3.751297 / 01-01 06:27:35.235][3] init: Command 'chmod 0755 /system/bin/ip' action=boot (/init.qcom.rc:208) took 0ms and failed: fchmodat() failed: Read-only file system
01-01 06:27:35.247     0     0 E [    3.755880 / 01-01 06:27:35.239][3] init: Could not start service 'rmt_storage' as part of class 'core': File /system/vendor/bin/rmt_storage(labeled "u:object_r:vendor_file:s0") has incorrect label or no domain transition from u:r:init:s0 to another SELinux domain defined. Have you configured your service correctly? https://source.android.com/security/selinux/device-policy#label_new_services_and_address_denials
01-01 06:27:35.248     0     0 E [    3.756044 / 01-01 06:27:35.239][3] init: Could not start service 'rfs_access' as part of class 'core': File /system/vendor/bin/rfs_access(labeled "u:object_r:vendor_file:s0") has incorrect label or no domain transition from u:r:init:s0 to another SELinux domain defined. Have you configured your service correctly? https://source.android.com/security/selinux/device-policy#label_new_services_and_address_denials
01-01 06:27:35.248     0     0 E [    3.756181 / 01-01 06:27:35.239][3] init: Could not start service 'config_bt_addr' as part of class 'core': File /system/vendor/bin/btnvtool(labeled "u:object_r:vendor_file:s0") has incorrect label or no domain transition from u:r:init:s0 to another SELinux domain defined. Have you configured your service correctly? https://source.android.com/security/selinux/device-policy#label_new_services_and_address_denials
01-01 06:27:35.248     0     0 E [    3.756351 / 01-01 06:27:35.239][3] init: Could not start service 'qseecomd' as part of class 'core': File /system/vendor/bin/qseecomd(labeled "u:object_r:vendor_file:s0") has incorrect label or no domain transition from u:r:init:s0 to another SELinux domain defined. Have you configured your service correctly? https://source.android.com/security/selinux/device-policy#label_new_services_and_address_denials
01-01 06:27:35.248     0     0 E [    3.756479 / 01-01 06:27:35.239][3] init: Could not start service 'per_mgr' as part of class 'core': File /system/vendor/bin/pm-service(labeled "u:object_r:vendor_file:s0") has incorrect label or no domain transition from u:r:init:s0 to another SELinux domain defined. Have you configured your service correctly? https://source.android.com/security/selinux/device-policy#label_new_services_and_address_denials
01-01 06:27:35.248     0     0 E [    3.756622 / 01-01 06:27:35.239][3] init: Could not start service 'hwaddrs' as part of class 'core': File /system/bin/hwaddrs(labeled "u:object_r:system_file:s0") has incorrect label or no domain transition from u:r:init:s0 to another SELinux domain defined. Have you configured your service correctly? https://source.android.com/security/selinux/device-policy#label_new_services_and_address_denials
01-01 06:27:35.252     0     0 W         : [    3.760764 / 01-01 06:27:35.243][2] [RGB LED] Play pattern 0, (PATTERN_SCENARIO_DEFAULT_OFF)
01-01 06:27:35.252     0     0 I [    3.761271 / 01-01 06:27:35.243][2] init: processing action (boot) from (init.qcom.usb.rc:32)
01-01 06:27:35.252     0     0 I [    3.761900 / 01-01 06:27:35.243][2] init: processing action (boot) from (init.qcom.power.rc:1)
01-01 06:27:35.252     0     0 I [    3.762317 / 01-01 06:27:35.243][2] init: Command 'write /dev/cpuset/foreground/cpus 0-5' action=boot (init.qcom.power.rc:3) took 0ms and failed: Unable to write to file '/dev/cpuset/foreground/cpus': Unable to write file contents: Invalid argument
01-01 06:27:35.252     0     0 I [    3.762609 / 01-01 06:27:35.243][2] init: Command 'write /dev/cpuset/background/cpus 0-5' action=boot (init.qcom.power.rc:4) took 0ms and failed: Unable to write to file '/dev/cpuset/background/cpus': Unable to write file contents: Invalid argument
01-01 06:27:35.252     0     0 I [    3.762884 / 01-01 06:27:35.243][2] init: Command 'write /dev/cpuset/system-background/cpus 0-5' action=boot (init.qcom.power.rc:5) took 0ms and failed: Unable to write to file '/dev/cpuset/system-background/cpus': Unable to write file contents: Invalid argument
01-01 06:27:35.252     0     0 I [    3.763252 / 01-01 06:27:35.247][2] init: Command 'write /dev/cpuset/top-app/cpus 0-5' action=boot (init.qcom.power.rc:6) took 0ms and failed: Unable to write to file '/dev/cpuset/top-app/cpus': Unable to write file contents: Invalid argument
01-01 06:27:35.255     0     0 I [    3.764044 / 01-01 06:27:35.247][2] init: Command 'write /dev/cpuset/camera-daemon/cpus 0-5' action=boot (init.qcom.power.rc:11) took 0ms and failed: Unable to write to file '/dev/cpuset/camera-daemon/cpus': Unable to write file contents: Invalid argument
01-01 06:27:35.256     0     0 I [    3.764541 / 01-01 06:27:35.247][2] init: processing action (boot) from (/system/etc/init/bootstat.rc:61)
01-01 06:27:35.256     0     0 I [    3.764638 / 01-01 06:27:35.247][2] init: processing action (boot) from (/system/etc/init/dumpstate.rc:1)
01-01 06:27:35.256     0     0 I [    3.764820 / 01-01 06:27:35.247][2] init: processing action (enable_property_trigger) from (<Builtin Action>:0)
01-01 06:27:35.256     0     0 I [    3.765134 / 01-01 06:27:35.247][2] init: processing action (security.perf_harden=1) from (/init.rc:735)
01-01 06:27:35.256     0     0 I [    3.765607 / 01-01 06:27:35.247][2] init: processing action (ro.debuggable=1) from (/init.rc:759)
01-01 06:27:35.256     0     0 I [    3.766265 / 01-01 06:27:35.247][2] init: starting service 'console'...
01-01 06:27:35.256     0     0 E [    3.767295 / 01-01 06:27:35.251][0] init: setpgid failed for console: Operation not permitted
01-01 06:27:35.256     0     0 I [    3.767333 / 01-01 06:27:35.251][2] init: processing action (sys.usb.config=adb && sys.usb.configfs=0) from (/init.usb.rc:34)
01-01 06:27:35.260     0     0 I         : [    3.767792 / 01-01 06:27:35.251][2] android_usb android0: gadget enable(0)
01-01 06:27:35.260     0     0 E [    3.767813 / 01-01 06:27:35.251][2] enable_store: android_usb: already disabled
01-01 06:27:35.260     0     0 I         : [    3.768641 / 01-01 06:27:35.251][2] android_usb android0: LGE-USB request function list: adb
01-01 06:27:35.260     0     0 I         : [    3.768824 / 01-01 06:27:35.251][2] android_usb android0: gadget enable(1)
01-01 06:27:35.260     0     0 I [    3.769076 / 01-01 06:27:35.251][2] init: starting service 'adbd'...
01-01 06:27:35.260     0     0 I [    3.770118 / 01-01 06:27:35.251][2] init: processing action (init.svc.surfaceflinger=running) from (/init.qcom.rc:734)
01-01 06:27:35.260     0     0 I [    3.770271 / 01-01 06:27:35.251][2] init: starting service 'ppd'...
01-01 06:27:35.260     0     0 I [    3.771099 / 01-01 06:27:35.255][0] init: Created socket '/dev/socket/adbd', mode 660, user 1000, group 1000
01-01 06:27:35.260     0     0 E [    3.771104 / 01-01 06:27:35.255][3] init: setsockcreatecon("u:r:camera:s0") failed: Invalid argument
01-01 06:27:35.260     0     0 I [    3.771254 / 01-01 06:27:35.255][2] init: processing action (ro.data.large_tcp_window_size=true) from (/init.qcom.rc:867)
01-01 06:27:35.260     0     0 F [    3.771283 / 01-01 06:27:35.255][3] init: cannot setexeccon('u:r:camera:s0') for ppd: Invalid argument
01-01 06:27:35.260     0     0 I [    3.771828 / 01-01 06:27:35.255][2] init: processing action (ro.data.large_tcp_window_size=true) from (/init.qcom.rc:943)
01-01 06:27:35.264     0     0 I [    3.772220 / 01-01 06:27:35.255][2] init: processing action (nonencrypted) from (/init.rc:680)
01-01 06:27:35.264     0     0 E [    3.772624 / 01-01 06:27:35.255][2] init: Could not start service 'imsqmidaemon' as part of class 'main': File /system/vendor/bin/imsqmidaemon(labeled "u:object_r:vendor_file:s0") has incorrect label or no domain transition from u:r:init:s0 to another SELinux domain defined. Have you configured your service correctly? https://source.android.com/security/selinux/device-policy#label_new_services_and_address_denials
01-01 06:27:35.264     0     0 E [    3.772851 / 01-01 06:27:35.255][2] init: Could not start service 'imscmservice' as part of class 'main': File /system/vendor/bin/imscmservice(labeled "u:object_r:vendor_file:s0") has incorrect label or no domain transition from u:r:init:s0 to another SELinux domain defined. Have you configured your service correctly? https://source.android.com/security/selinux/device-policy#label_new_services_and_address_denials
01-01 06:27:35.264     0     0 E [    3.773026 / 01-01 06:27:35.255][2] init: Could not start service 'irsc_util' as part of class 'main': File /system/vendor/bin/irsc_util(labeled "u:object_r:vendor_file:s0") has incorrect label or no domain transition from u:r:init:s0 to another SELinux domain defined. Have you configured your service correctly? https://source.android.com/security/selinux/device-policy#label_new_services_and_address_denials
01-01 06:27:35.264     0     0 E [    3.773227 / 01-01 06:27:35.255][2] init: Could not start service 'qcom-c_main-sh' as part of class 'main': File /system/bin/init.class_main.sh(labeled "u:object_r:system_file:s0") has incorrect label or no domain transition from u:r:init:s0 to another SELinux domain defined. Have you configured your service correctly? https://source.android.com/security/selinux/device-policy#label_new_services_and_address_denials
01-01 06:27:35.264     0     0 E [    3.773416 / 01-01 06:27:35.255][2] init: Could not start service 'thermal-engine' as part of class 'main': File /system/vendor/bin/thermal-engine(labeled "u:object_r:vendor_file:s0") has incorrect label or no domain transition from u:r:init:s0 to another SELinux domain defined. Have you configured your service correctly? https://source.android.com/security/selinux/device-policy#label_new_services_and_address_denials
01-01 06:27:35.264     0     0 E [    3.773554 / 01-01 06:27:35.255][2] init: Could not start service 'adsprpcd' as part of class 'main': File /system/vendor/bin/adsprpcd(labeled "u:object_r:vendor_file:s0") has incorrect label or no domain transition from u:r:init:s0 to another SELinux domain defined. Have you configured your service correctly? https://source.android.com/security/selinux/device-policy#label_new_services_and_address_denials
01-01 06:27:35.264     0     0 E [    3.773737 / 01-01 06:27:35.255][2] init: Could not start service 'energy-awareness' as part of class 'main': File /system/vendor/bin/energy-awareness(labeled "u:object_r:vendor_file:s0") has incorrect label or no domain transition from u:r:init:s0 to another SELinux domain defined. Have you configured your service correctly? https://source.android.com/security/selinux/device-policy#label_new_services_and_address_denials
01-01 06:27:35.264     0     0 E [    3.773785 / 01-01 06:27:35.255][2] init: Could not start service 'imswmsproxy' as part of class 'main': Cannot find '/system/bin/imswmsproxy': No such file or directory
01-01 06:27:35.264     0     0 I [    3.774140 / 01-01 06:27:35.255][2] init: starting service 'cameraserver'...
01-01 06:27:35.264     0     0 E [    3.774957 / 01-01 06:27:35.255][0] init: couldn't write 451 to /dev/cpuset/camera-daemon/tasks: No space left on device
01-01 06:27:35.264     0     0 I [    3.775605 / 01-01 06:27:35.259][2] init: starting service 'drm'...
01-01 06:27:35.267     0     0 I [    3.777067 / 01-01 06:27:35.259][2] init: starting service 'incidentd'...
01-01 06:27:35.268     0     0 I [    3.778375 / 01-01 06:27:35.259][2] init: starting service 'installd'...
01-01 06:27:35.271     0     0 I [    3.779835 / 01-01 06:27:35.263][2] init: starting service 'keystore'...
01-01 06:27:35.271     0     0 I [    3.781229 / 01-01 06:27:35.263][2] init: starting service 'mediadrm'...
01-01 06:27:35.271     0     0 I [    3.782619 / 01-01 06:27:35.263][2] init: starting service 'mediaextractor'...
01-01 06:27:35.275     0     0 I [    3.784055 / 01-01 06:27:35.267][2] init: starting service 'mediametrics'...
01-01 06:27:35.276     0     0 I [    3.785478 / 01-01 06:27:35.267][2] init: starting service 'media'...
01-01 06:27:35.276     0     0 I [    3.786804 / 01-01 06:27:35.267][2] init: starting service 'statsd'...
01-01 06:27:35.279     0     0 I [    3.788327 / 01-01 06:27:35.271][2] init: starting service 'storaged'...
01-01 06:27:35.280     0     0 I [    3.788796 / 01-01 06:27:35.271][0] init: Created socket '/dev/socket/statsdw', mode 222, user 1066, group 1066
01-01 06:27:35.280     0     0 I [    3.789519 / 01-01 06:27:35.271][3] init: Opened file '/d/mmc0/mmc0:0001/ext_csd', flags 0
01-01 06:27:35.280     0     0 I [    3.789579 / 01-01 06:27:35.271][2] init: starting service 'wificond'...
01-01 06:27:35.280     0     0 I [    3.791137 / 01-01 06:27:35.275][2] init: starting service 'vendor.media.omx'...
01-01 06:27:35.284     0     0 I [    3.792317 / 01-01 06:27:35.275][2] init: Service 'ppd' (pid 450) exited with status 6
01-01 06:27:35.284     0     0 I [    3.792369 / 01-01 06:27:35.275][2] init: Sending signal 9 to service 'ppd' (pid 450) process group...
01-01 06:27:35.284     0     0 I [    3.792489 / 01-01 06:27:35.275][2] libprocessgroup: Successfully killed process cgroup uid 1000 pid 450 in 0ms
01-01 06:27:35.284     0     0 E [    3.793038 / 01-01 06:27:35.275][2] init: Could not start service 'cnd' as part of class 'late_start': Cannot find '/system/bin/cnd': No such file or directory
01-01 06:27:35.284     0     0 I [    3.793101 / 01-01 06:27:35.275][2] init: starting service 'ppd'...
01-01 06:27:35.284     0     0 E [    3.794047 / 01-01 06:27:35.275][3] init: setsockcreatecon("u:r:camera:s0") failed: Invalid argument
01-01 06:27:35.284     0     0 F [    3.794273 / 01-01 06:27:35.275][3] init: cannot setexeccon('u:r:camera:s0') for ppd: Invalid argument
01-01 06:27:35.284     0     0 E [    3.794390 / 01-01 06:27:35.275][2] init: Could not start service 'bdaddr_loader' as part of class 'late_start': File /system/vendor/bin/bdaddr_loader(labeled "u:object_r:vendor_file:s0") has incorrect label or no domain transition from u:r:init:s0 to another SELinux domain defined. Have you configured your service correctly? https://source.android.com/security/selinux/device-policy#label_new_services_and_address_denials
01-01 06:27:35.284     0     0 E [    3.794677 / 01-01 06:27:35.275][2] init: Could not start service 'qcamerasvr' as part of class 'late_start': File /system/vendor/bin/mm-qcamera-daemon(labeled "u:object_r:vendor_file:s0") has incorrect label or no domain transition from u:r:init:s0 to another SELinux domain defined. Have you configured your service correctly? https://source.android.com/security/selinux/device-policy#label_new_services_and_address_denials
01-01 06:27:35.284     0     0 E [    3.794875 / 01-01 06:27:35.275][2] init: Could not start service 'time_daemon' as part of class 'late_start': File /system/vendor/bin/time_daemon(labeled "u:object_r:vendor_file:s0") has incorrect label or no domain transition from u:r:init:s0 to another SELinux domain defined. Have you configured your service correctly? https://source.android.com/security/selinux/device-policy#label_new_services_and_address_denials
01-01 06:27:35.284     0     0 I [    3.795551 / 01-01 06:27:35.279][2] init: starting service 'gatekeeperd'...
01-01 06:27:35.285   432   432 D android.hardware.cas@1.0-service: android.hardware.cas@1.0-service starting...
01-01 06:27:35.285   432   432 I ServiceManagement: Removing namespace from process name android.hardware.cas@1.0-service to cas@1.0-service.
01-01 06:27:35.286   432   432 E cutils-trace: Error opening trace file: Permission denied (13)
01-01 06:27:35.287     0     0 I [    3.797039 / 01-01 06:27:35.279][2] init: starting service 'perfprofd'...
01-01 06:27:35.287     0     0 I [    3.798510 / 01-01 06:27:35.279][2] init: starting service 'tombstoned'...
01-01 06:27:35.291     0     0 I [    3.799971 / 01-01 06:27:35.283][2] init: starting service 'usbd'...
01-01 06:27:35.292     0     0 I [    3.799998 / 01-01 06:27:35.283][0] init: Created socket '/dev/socket/tombstoned_crash', mode 666, user 1000, group 1000
01-01 06:27:35.292     0     0 I [    3.800401 / 01-01 06:27:35.283][0] init: Created socket '/dev/socket/tombstoned_intercept', mode 666, user 1000, group 1000
01-01 06:27:35.292     0     0 I [    3.800816 / 01-01 06:27:35.283][0] init: Created socket '/dev/socket/tombstoned_java_trace', mode 666, user 1000, group 1000
01-01 06:27:35.292     0     0 I [    3.800967 / 01-01 06:27:35.283][2] init: Service 'ppd' (pid 464) exited with status 6
01-01 06:27:35.292     0     0 I [    3.801009 / 01-01 06:27:35.283][2] init: Sending signal 9 to service 'ppd' (pid 464) process group...
01-01 06:27:35.292     0     0 I [    3.801105 / 01-01 06:27:35.283][2] libprocessgroup: Successfully killed process cgroup uid 1000 pid 464 in 0ms
01-01 06:27:35.391   456   456 I mediaserver: ServiceManager: 0xe861c120
01-01 06:27:35.412     0     0 I [    3.922538 / 01-01 06:27:35.403][0] SMBCHG: smbchg_cc_esr_wa_check: ESR count is not zero, skipping
01-01 06:27:35.412     0     0 I [    3.922579 / 01-01 06:27:35.403][0] SMBCHG: smbchg_external_power_changed: changed current_limit = 500
01-01 06:27:35.412     0     0 I [    3.922602 / 01-01 06:27:35.403][0] SMBCHG: smbchg_set_usb_current_max: USB current_ma = 500
01-01 06:27:35.412     0     0 I [    3.922613 / 01-01 06:27:35.403][0] SMBCHG: smbchg_primary_usb_en: usb enabled, susp = 00, en? = 1, reason = 04
01-01 06:27:35.412     0     0 I [    3.922709 / 01-01 06:27:35.403][0] SMBCHG: smbchg_set_usb_current_max: usb type = SDP current set to 500 mA
01-01 06:27:35.412     0     0 I [    3.922718 / 01-01 06:27:35.403][0] SMBCHG: smbchg_set_thermal_limited_usb_current_max: AICL = 1500, ICL = 500
01-01 06:27:35.412     0     0 I [    3.922740 / 01-01 06:27:35.403][0] SMBCHG: get_parallel_psy: parallel charger not found
01-01 06:27:35.412     0     0 I [    3.922750 / 01-01 06:27:35.403][0] SMBCHG: smbchg_stay_awake: staying awake: 0x02 (bit 2)
01-01 06:27:35.412     0     0 I [    3.922766 / 01-01 06:27:35.403][0] SMBCHG: smbchg_vfloat_adjust_check: Starting vfloat adjustments
01-01 06:27:35.412     0     0 I         : [    3.922862 / 01-01 06:27:35.403][0] [CC] changed batt_status_cc = (0) -> (1)
01-01 06:27:35.412     0     0 I         : [    3.922871 / 01-01 06:27:35.403][0] [CC] chg_wake_locked
01-01 06:27:35.412     0     0 I [    3.922886 / 01-01 06:27:35.403][0] SMBCHG: get_parallel_psy: parallel charger not found
01-01 06:27:35.416     0     0 I [    3.923529 / 01-01 06:27:35.407][0] SMBCHG: smbchg_relax: relaxing: 0x00 (bit 2)
01-01 06:27:35.416     0     0 I         : [    3.923735 / 01-01 06:27:35.407][0] [CC] charge_type = 3
01-01 06:27:35.416     0     0 I [    3.924475 / 01-01 06:27:35.407][0] SMBCHG: smbchg_stay_awake: staying awake: 0x02 (bit 2)
01-01 06:27:35.416     0     0 I [    3.924496 / 01-01 06:27:35.407][0] SMBCHG: smbchg_vfloat_adjust_check: Starting vfloat adjustments
01-01 06:27:35.416     0     0 I [    3.924599 / 01-01 06:27:35.407][0] SMBCHG: get_parallel_psy: parallel charger not found
01-01 06:27:35.416     0     0 I [    3.924921 / 01-01 06:27:35.407][0] SMBCHG: smbchg_relax: relaxing: 0x00 (bit 2)
01-01 06:27:35.416     0     0 I         : [    3.925101 / 01-01 06:27:35.407][0] [CC] charge_type = 3
01-01 06:27:35.531   463   463 I media.codec: mediacodecservice starting
01-01 06:27:35.541   463   463 W media.codec: libminijail[463]: failed to get path of fd 4: No such file or directory
01-01 06:27:35.541   463   463 W media.codec: libminijail[463]: allowing syscall: clock_gettime
01-01 06:27:35.541   463   463 W media.codec: libminijail[463]: allowing syscall: connect
01-01 06:27:35.541   463   463 W media.codec: libminijail[463]: allowing syscall: fcntl64
01-01 06:27:35.541   463   463 W media.codec: libminijail[463]: allowing syscall: socket
01-01 06:27:35.541   463   463 W media.codec: libminijail[463]: allowing syscall: writev
01-01 06:27:35.543   463   463 W media.codec: libminijail[463]: logging seccomp filter failures
01-01 06:27:35.552   463   463 W MediaCodecsXmlParser: unable to open media codecs configuration xml file: /data/misc/media/media_codecs_profiling_results.xml
01-01 06:27:35.552   463   463 W MediaCodecsXmlParser: parseTopLevelXMLFile(/data/misc/media/media_codecs_profiling_results.xml) failed
01-01 06:27:35.553   463   463 E MediaCodecsXmlParser: Cannot find the role for a decoder of type video/divx
01-01 06:27:35.553   463   463 E MediaCodecsXmlParser: Cannot find the role for a decoder of type video/divx311
01-01 06:27:35.553   463   463 E MediaCodecsXmlParser: Cannot find the role for a decoder of type video/divx4
01-01 06:27:35.553   463   463 E MediaCodecsXmlParser: Cannot find the role for a decoder of type video/x-ms-wmv
01-01 06:27:35.553   463   463 E MediaCodecsXmlParser: Cannot find the role for a decoder of type video/x-ms-wmv
01-01 06:27:35.555   463   463 I ServiceManagement: Removing namespace from process name android.hardware.media.omx@1.0-service to omx@1.0-service.
01-01 06:27:35.555   463   463 E cutils-trace: Error opening trace file: Permission denied (13)
01-01 06:27:35.557   463   463 D vndksupport: Loading libstagefrighthw.so from current namespace instead of sphal namespace.
01-01 06:27:35.563   463   463 W MediaCodecsXmlParser: unable to open media codecs configuration xml file: /data/misc/media/media_codecs_profiling_results.xml
01-01 06:27:35.563   463   463 W MediaCodecsXmlParser: parseTopLevelXMLFile(/data/misc/media/media_codecs_profiling_results.xml) failed
01-01 06:27:35.563   463   463 I ServiceManagement: Removing namespace from process name android.hardware.media.omx@1.0-service to omx@1.0-service.
01-01 06:27:35.564   463   463 I media.codec: IOmx HAL service created.
01-01 06:27:35.567   458   458 I mediametrics: ServiceManager: 0x7d1343d740
01-01 06:27:35.567   458   458 D MediaAnalyticsService: MediaAnalyticsService created
01-01 06:27:35.692   435   435 E cutils-trace: Error opening trace file: Permission denied (13)
01-01 06:27:35.702   436   436 E cutils-trace: Error opening trace file: Permission denied (13)
01-01 06:27:35.703   434   434 E cutils-trace: Error opening trace file: Permission denied (13)
01-01 06:27:35.730   444   444 I lowmemorykiller: Using in-kernel low memory killer interface
01-01 06:27:35.745   438   438 E cutils-trace: Error opening trace file: Permission denied (13)
01-01 06:27:35.760   439   439 I ServiceManagement: Removing namespace from process name android.hardware.usb@1.0-service to usb@1.0-service.
01-01 06:27:35.761   439   439 E cutils-trace: Error opening trace file: Permission denied (13)
01-01 06:27:35.766   437   437 E cutils-trace: Error opening trace file: Permission denied (13)
01-01 06:27:35.780   433   433 W /vendor/bin/hw/android.hardware.configstore@1.1-service: libminijail[433]: allowing syscall: connect
01-01 06:27:35.781   433   433 W /vendor/bin/hw/android.hardware.configstore@1.1-service: libminijail[433]: allowing syscall: fcntl
01-01 06:27:35.781   433   433 W /vendor/bin/hw/android.hardware.configstore@1.1-service: libminijail[433]: allowing syscall: sendto
01-01 06:27:35.781   433   433 W /vendor/bin/hw/android.hardware.configstore@1.1-service: libminijail[433]: allowing syscall: socket
01-01 06:27:35.781   433   433 W /vendor/bin/hw/android.hardware.configstore@1.1-service: libminijail[433]: allowing syscall: writev
01-01 06:27:35.789   446   446 E cutils-trace: Error opening trace file: Permission denied (13)
01-01 06:27:35.803   431   431 I health@2.0/: health@2.0/backup: Hal starting main loop...
01-01 06:27:35.803   431   431 I health@2.0/: health@2.0/backup Hal is starting up...
01-01 06:27:35.817   435   435 D vndksupport: Loading /vendor/lib64/hw/android.hardware.health@1.0-impl.so from current namespace instead of sphal namespace.
01-01 06:27:35.817   436   436 D vndksupport: Loading /vendor/lib64/hw/android.hardware.light@2.0-impl.so from current namespace instead of sphal namespace.
01-01 06:27:35.817   434   434 D vndksupport: Loading /vendor/lib64/hw/android.hardware.graphics.allocator@2.0-impl.so from current namespace instead of sphal namespace.
01-01 06:27:35.817   438   438 D vndksupport: Loading /vendor/lib64/hw/android.hardware.thermal@1.0-impl.so from current namespace instead of sphal namespace.
01-01 06:27:35.818   437   437 D vndksupport: Loading /vendor/lib64/hw/android.hardware.nfc@1.0-impl.so from current namespace instead of sphal namespace.
01-01 06:27:35.820   436   436 D vndksupport: Loading /vendor/lib64/hw/lights.msm8992.so from current namespace instead of sphal namespace.
01-01 06:27:35.821   434   434 D vndksupport: Loading /vendor/lib64/hw/gralloc.default.so from current namespace instead of sphal namespace.
01-01 06:27:35.821   437   437 E android.hardware.nfc@1.0-impl: hw_get_module nfc_nci failed: -2
01-01 06:27:35.821   437   437 E android.hardware.nfc@1.0-impl: Passthrough failed to load legacy HAL.
01-01 06:27:35.821   437   437 E android.hardware.nfc@1.0-service: Could not get passthrough implementation for android.hardware.nfc@1.0::INfc/default.
01-01 06:27:35.822   436   436 D vndksupport: Loading /vendor/lib64/hw/lights.msm8992.so from current namespace instead of sphal namespace.
01-01 06:27:35.822   436   436 E light   : light_open lights keyboard failed: -22
01-01 06:27:35.822   436   436 E light   : Light passthrough failed to load legacy HAL.
01-01 06:27:35.822   436   436 D vndksupport: Loading /vendor/lib64/hw/lights.msm8992.so from current namespace instead of sphal namespace.
01-01 06:27:35.823   436   436 E light   : light_open lights buttons failed: -22
01-01 06:27:35.823   436   436 E light   : Light passthrough failed to load legacy HAL.
01-01 06:27:35.823   436   436 D vndksupport: Loading /vendor/lib64/hw/lights.msm8992.so from current namespace instead of sphal namespace.
01-01 06:27:35.823   436   436 I chatty  : uid=1000(system) light@2.0-servi identical 2 lines
01-01 06:27:35.823     0     0 I [    4.334498 / 01-01 06:27:35.815][2] init: Service 'vendor.nfc_hal_service' (pid 437) exited with status 1
01-01 06:27:35.824     0     0 I [    4.334546 / 01-01 06:27:35.815][2] init: Sending signal 9 to service 'vendor.nfc_hal_service' (pid 437) process group...
01-01 06:27:35.824     0     0 I [    4.334688 / 01-01 06:27:35.815][2] libprocessgroup: Successfully killed process cgroup uid 1027 pid 437 in 0ms
01-01 06:27:35.824   436   436 D vndksupport: Loading /vendor/lib64/hw/lights.msm8992.so from current namespace instead of sphal namespace.
01-01 06:27:35.824   436   436 E light   : light_open lights bluetooth failed: -22
01-01 06:27:35.824   436   436 E light   : Light passthrough failed to load legacy HAL.
01-01 06:27:35.825   436   436 D vndksupport: Loading /vendor/lib64/hw/lights.msm8992.so from current namespace instead of sphal namespace.
01-01 06:27:35.825   436   436 E light   : light_open lights wifi failed: -22
