05-15 17:00:34.802     0     0 I         : [ 2716.616277 / 05-15 17:00:34.564][1] dw8768_mode_change mode = 1
05-15 17:00:34.802     0     0 I [ 2716.623520 / 05-15 17:00:34.572][1] mdss_dsi_on-:  
05-15 17:00:34.802     0     0 I [ 2716.628973 / 05-15 17:00:34.576][1] mdss_dsi_panel_on: -
05-15 17:00:34.802     0     0 I [ 2716.631850 / 05-15 17:00:34.580][3] mdss_dsi_unblank-:  
05-15 17:00:34.802     0     0 E [ 2716.698449 / 05-15 17:00:34.644][0] qpnp_pon_input_dispatch: code(114), value(0)
05-15 17:00:34.802     0     0 I [ 2716.816241 / 05-15 17:00:34.764][0] mdss_dsi_panel_on: -
05-15 17:00:34.802     0     0 I [ 2716.840422 / 05-15 17:00:34.788][1] mdss_dsi_unblank-:  
05-15 17:00:34.802     0     0 I [ 2716.848363 / 05-15 17:00:34.796][1] mdss_fb_blank_sub: -
05-15 17:00:34.804   866  4803 D SurfaceControl: Excessive delay in setPowerMode()
05-15 17:00:34.805   866   969 I sysui_multi_action: [757,198,758,1,759,0,793,351]
05-15 17:00:34.805   866   969 I power_screen_state: [1,0,0,0,351]
05-15 17:00:34.809   866   969 W PowerManagerService: Screen on took 351 ms
05-15 17:00:34.886     0     0 I         : [ 2716.930895 / 05-15 17:00:34.880][1] CFG80211-TRACE) wl_escan_handler : SCAN COMPLETED: scanned AP count=4
05-15 17:00:34.890   866  5968 D WificondControl: Scan result ready event
05-15 17:00:34.902  5923 14200 E ctxmgr  : [AppIntervalImpl]closeInterval: ongoing
05-15 17:00:35.616  4838  5127 I sysui_multi_action: [757,1093,758,4,793,34447,1094,604505089,1095,5]
05-15 17:00:35.810   866   879 W VibratorService: Failed to perform effect (2), insufficient HAL version
05-15 17:00:35.811   866   879 E VibratorService: Failed to perform haptic effect: effect=2, strength=1, error=3366619201).
05-15 17:00:35.830  4838  4838 I sysui_multi_action: [757,186,758,4,826,176,827,2334]
05-15 17:00:35.830  4838  4838 I sysui_lockscreen_gesture: [1,176,2334]
05-15 17:00:35.833  4838  4838 D StatusBar: disable<e i a s b H R c s q >
05-15 17:00:35.834  4838  4838 I sysui_multi_action: [757,197,758,1,759,1]
05-15 17:00:35.834  4838  4838 I sysui_status_bar_state: [1,1,0,1,1,0]
05-15 17:00:36.016   866  6289 I sysui_multi_action: [757,128,758,2,793,689774,794,1472,795,689774,796,26,798,0,806,android,857,DEVELOPER,858,2,947,0]
05-15 17:00:36.016   866  6289 I notification_visibility: [-1|android|26|null|1000,0,689774,689774,0,0]
05-15 17:00:36.017   866  5065 I sysui_view_visibility: [127,0]
05-15 17:00:36.018   866  5065 I sysui_multi_action: [757,127,758,2]
05-15 17:00:36.018   866  5065 I notification_panel_hidden: 
05-15 17:00:37.538  4838  5127 I sysui_multi_action: [757,1093,758,4,793,1922,1094,604505089,1095,5]
05-15 17:00:35.948  4838  4838 I chatty  : uid=10029(com.android.systemui) identical 1 line
05-15 17:00:36.019  4838  4838 D StatusBar: disable<e i a s b H R c s q >
05-15 17:00:37.653  5923 13756 I BeaconBle: Client requested scan, settings=BleSettings [scanMode=ZERO_POWER, callbackType=ALL_MATCHES, reportDelayMillis=0, 6 filters, 1 clients, callingClientName=Nearby]
05-15 17:00:37.664   516   516 D keystore: AddAuthenticationToken: timestamp = 6257954 (2485247022983020544), time_received = 2719
05-15 17:00:37.682  5923 13756 I BeaconBle: Stopping scan on delegate scanner. BT state: 12
05-15 17:00:37.690   422   426 D DrmLibTime: got the req here! ret=0
05-15 17:00:37.690   422   426 D DrmLibTime: command id, time_cmd_id = 770
05-15 17:00:37.690   422   426 D DrmLibTime: time_getutcsec starts!
05-15 17:00:37.690   422   426 D DrmLibTime: QSEE Time Listener: time_getutcsec
05-15 17:00:37.690   422   426 D DrmLibTime: QSEE Time Listener: get_utc_seconds
05-15 17:00:37.690   422   426 D DrmLibTime: QSEE Time Listener: time_get_modem_time
05-15 17:00:37.690   422   426 D DrmLibTime: QSEE Time Listener: Checking if ATS_MODEM is set or not.
05-15 17:00:37.692   422   426 D DrmLibTime: QSEE Time Listener: ATS_MODEM is set. Try to retrieve it.
05-15 17:00:37.694  5923 13756 I BeaconBle: Resetting - new scanner available: true
05-15 17:00:37.694  5923 13756 I BeaconBle: ZERO_POWER is disabled.
05-15 17:00:37.694   422   426 D DrmLibTime: QSEE Time Listener: Time GenOff - seconds: 1526392838
05-15 17:00:37.694   422   426 D DrmLibTime: time_getutcsec returns 0, sec = 1526392838; nsec = 0
05-15 17:00:37.694  5923 13756 I BeaconBle: 'L' hardware scan: scan stopped, no powered clients
05-15 17:00:37.695   422   426 D DrmLibTime: time_getutcsec finished! 
05-15 17:00:37.695   422   426 D DrmLibTime: iotcl_continue_command finished! and return 0 
05-15 17:00:37.695   422   426 D DrmLibTime: before calling ioctl to read the next time_cmd
05-15 17:00:37.758   516   516 D keystore: AddAuthenticationToken: timestamp = 6258051 (9474833644662030336), time_received = 2719
05-15 17:00:37.810   516   516 D keystore: AddAuthenticationToken: timestamp = 6258102 (13149770940596355072), time_received = 2719
05-15 17:00:37.812   516   516 I keystore: calling unlock when already unlocked, ignoring.
05-15 17:00:37.813   866  5107 I LockSettingsService: Unlocking user 0 with secret only, length 64
05-15 17:00:37.814   866  5107 D LockSettingsService: unlockUser finished
05-15 17:00:37.814   866  5107 W ActivityManager: Expected user 0 in state RUNNING_LOCKED but was in state RUNNING_UNLOCKED
05-15 17:00:37.814   866  5107 I LockSettingsService: Disabling escrow token on user 0
05-15 17:00:38.129   866  6282 I am_set_resumed_activity: [0,com.android.settings/.deviceinfo.UsbModeChooserActivity,resumeTopActivityInnerLocked]
05-15 17:00:38.140   866  6282 I am_resume_activity: [0,42880123,16,com.android.settings/.deviceinfo.UsbModeChooserActivity]
05-15 17:00:38.157   866  1067 I dvm_lock_sample: [system_server,1,android.anim,5,TaskSnapshotSurface.java,151,com.android.server.wm.TaskSnapshotSurface com.android.server.wm.TaskSnapshotSurface.create(com.android.server.wm.WindowManagerService, com.android.server.wm.AppWindowToken, android.app.ActivityManager$TaskSnapshot),WindowManagerService.java,2951,void com.android.server.wm.WindowManagerService.continueSurfaceLayout(),1]
05-15 17:00:38.158   866  1067 W WindowManager: TaskSnapshotSurface.create: Failed to find top fullscreen for task={taskId=16 appTokens=[AppWindowToken{61172f1 token=Token{4063a98 ActivityRecord{28e4c7b u0 com.android.settings/.deviceinfo.UsbModeChooserActivity t16}}}] mdr=false}
05-15 17:00:38.162  6012  6012 W ContextImpl: Calling a method in the system process without a qualified user: android.app.ContextImpl.bindService:1556 android.content.ContextWrapper.bindService:684 com.google.android.libraries.launcherclient.BaseOverlayServiceConnection.tryConnect:24 com.google.android.libraries.launcherclient.GoogleNow.tryConnect:241 com.google.android.libraries.launcherclient.GoogleNow.onStart:311 
05-15 17:00:38.171   866  5107 I am_uid_active: 10088
05-15 17:00:38.225   489   489 D SurfaceFlinger: duplicate layer name: changing com.google.android.apps.nexuslauncher/com.google.android.apps.nexuslauncher.NexusLauncherActivity to com.google.android.apps.nexuslauncher/com.google.android.apps.nexuslauncher.NexusLauncherActivity#1
05-15 17:00:38.264 14553 14553 I am_on_resume_called: [0,com.android.settings.deviceinfo.UsbModeChooserActivity,RESUME_ACTIVITY]
05-15 17:00:38.308   489   489 D SurfaceFlinger: duplicate layer name: changing com.android.settings/com.android.settings.deviceinfo.UsbModeChooserActivity to com.android.settings/com.android.settings.deviceinfo.UsbModeChooserActivity#1
05-15 17:00:38.371  4838  4838 D StatusBar: disable<e i a s b H R c s q >
05-15 17:00:38.377  4838  4838 I sysui_view_visibility: [111,0]
05-15 17:00:38.377  4838  4838 I sysui_multi_action: [757,111,758,2]
05-15 17:00:38.386  4838  4838 I sysui_multi_action: [757,196,758,2,759,1]
05-15 17:00:38.386  4838  4838 I sysui_status_bar_state: [0,0,0,0,1,0]
05-15 17:00:38.390   866   879 I notification_expansion: [-1|android|26|null|1000,0,1,692148,692148,3846]
05-15 17:00:38.409   866   958 W BroadcastQueue: Background execution not allowed: receiving Intent { act=android.intent.action.USER_PRESENT flg=0x24200010 } to com.facebook.katana/com.facebook.rti.orca.FbnsLiteBroadcastReceiver
05-15 17:00:38.409  5067  5599 D SubscriptionController: [getPhoneId] asked for default subId=1
05-15 17:00:38.372  4838  4838 I chatty  : uid=10029(com.android.systemui) identical 1 line
05-15 17:00:38.383  4838  4838 D StatusBar: disable<e i a s b H R c s q >
05-15 17:00:38.411  5923  5923 I TrustAgent: [HomeAddressChangeTracker] User Present. Maybe fetch home.
05-15 17:00:38.411  5941  5941 D BrcmNfcJni: nfcManager_doSetScreenState: state = 8 discovry_param = 1
05-15 17:00:38.414  5923  5923 I TrustAgent: [HomeAddressChangeTracker] fetch for account theodoroupaulos@gmail.com
05-15 17:00:38.414  5923  5923 I TrustAgent: [HomeFetcher] return existing home address!
05-15 17:00:38.414  5923  5923 I TrustAgent: [HomeAddressChangeTracker] home address is not changed.
05-15 17:00:38.427  4838  4838 D StatusBar: disable<e i a s b h!r!c s q >
05-15 17:00:38.444 14385 14385 I auditd  : type=1400 audit(0.0:326): avc: denied { sendto } for comm="lowpool[55]" path="/dev/socket/seempdw" scontext=u:r:priv_app:s0:c512,c768 tcontext=u:r:per_mgr:s0 tclass=unix_dgram_socket permissive=1
05-15 17:00:38.444 14385 14385 I lowpool[55]: type=1400 audit(0.0:326): avc: denied { sendto } for path="/dev/socket/seempdw" scontext=u:r:priv_app:s0:c512,c768 tcontext=u:r:per_mgr:s0 tclass=unix_dgram_socket permissive=1
05-15 17:00:38.503  6174  7374 I CastDatabase: Opening the database
05-15 17:00:38.526   866   880 I WifiService: startScan uid=10031
05-15 17:00:38.530     0     0 I         : [ 2720.578257 / 05-15 17:00:38.524][3] CFG80211-TRACE) __wl_cfg80211_scan : START SCAN
05-15 17:00:38.527  6174  7374 I SQLiteCastStore: 0 CastNetworkInfo instances loaded, 0 CastDeviceInfo instances loaded, 0 paired guest mode devices loaded.
05-15 17:00:38.531  6174  6174 I DiscoveryManager: WifiGuestModeDeviceScanner enabled.
05-15 17:00:38.535  6174  6342 I AsyncOpDispatcher: 122-GetRCNEnabledStatusOperation
05-15 17:00:38.780  4838  4838 I auditd  : type=1400 audit(0.0:327): avc: denied { sendto } for comm="ndroid.systemui" path="/dev/socket/seempdw" scontext=u:r:platform_app:s0:c512,c768 tcontext=u:r:per_mgr:s0 tclass=unix_dgram_socket permissive=1
05-15 17:00:38.780  4838  4838 I ndroid.systemui: type=1400 audit(0.0:327): avc: denied { sendto } for path="/dev/socket/seempdw" scontext=u:r:platform_app:s0:c512,c768 tcontext=u:r:per_mgr:s0 tclass=unix_dgram_socket permissive=1
05-15 17:00:38.806     0     0 I         : [ 2720.850829 / 05-15 17:00:38.800][0] [CC] current batt_temp[23], batt_temp_state[0], current batt_volt[4071], batt_volt_state[1]
05-15 17:00:38.870  6012  6201 W OpenGLRenderer: Incorrectly called buildLayer on View: ShortcutAndWidgetContainer, destroying layer...
05-15 17:00:38.923   866   957 I am_meminfo: [921837568,159965184,12288,137039872,253084672]
05-15 17:00:38.974   866   957 I am_pss  : [4830,10083,com.google.android.inputmethod.latin,67389440,62492672,0]
05-15 17:00:39.016   866   957 I am_pss  : [9366,10099,com.android.chrome,51869696,42713088,0]
05-15 17:00:39.074   866   957 I am_pss  : [5923,10031,com.google.android.gms.persistent,89916416,72257536,0]
05-15 17:00:39.121   866   957 I am_pss  : [13552,10014,com.android.vending,27297792,22380544,0]
05-15 17:00:39.157   866   957 I am_pss  : [6275,10031,com.google.process.gapps,6001664,3747840,0]
05-15 17:00:39.195   866   957 I am_pss  : [9814,10002,android.process.acore,15109120,12304384,0]
05-15 17:00:39.238   866   957 I am_pss  : [11645,10099,com.android.chrome:privileged_process1,11737088,6025216,0]
05-15 17:00:39.272   866   957 I am_pss  : [12238,99001,com.android.chrome:sandboxed_process1,15068160,6987776,0]
05-15 17:00:39.334   866   957 I am_pss  : [6557,10079,com.facebook.orca,86587392,77959168,0]
05-15 17:00:39.395   866   957 I am_pss  : [5973,10065,com.android.smspush,3585024,2240512,0]
05-15 17:00:39.426   866   957 I am_pss  : [5941,1027,com.android.nfc,10131456,8130560,0]
05-15 17:00:39.462   866   957 I am_pss  : [5067,1001,com.android.phone,29197312,24764416,0]
05-15 17:00:39.549   866  6286 I am_finish_activity: [0,42880123,16,com.android.settings/.deviceinfo.UsbModeChooserActivity,app-request]
05-15 17:00:39.555   866  6286 I am_focused_stack: [0,0,1,finishActivity adjustFocus]
05-15 17:00:39.556   866  6286 I wm_task_moved: [2,1,0]
05-15 17:00:39.564   866  6286 I am_pause_activity: [0,42880123,com.android.settings/.deviceinfo.UsbModeChooserActivity]
05-15 17:00:39.572  4830  4830 I auditd  : type=1400 audit(0.0:328): avc: denied { sendto } for comm="putmethod.latin" path="/dev/socket/seempdw" scontext=u:r:untrusted_app:s0:c512,c768 tcontext=u:r:per_mgr:s0 tclass=unix_dgram_socket permissive=1
05-15 17:00:39.572  4830  4830 I putmethod.latin: type=1400 audit(0.0:328): avc: denied { sendto } for path="/dev/socket/seempdw" scontext=u:r:untrusted_app:s0:c512,c768 tcontext=u:r:per_mgr:s0 tclass=unix_dgram_socket permissive=1
05-15 17:00:39.570   866   958 I sysui_count: [window_time_0,139]
05-15 17:00:39.570   866   958 I sysui_multi_action: [757,803,799,window_time_0,802,139]
05-15 17:00:39.573  4830  4830 I GoogleInputMethod: onFinishInput() : Dummy InputConnection bound
05-15 17:00:39.574  4830  4830 I GoogleInputMethod: onStartInput() : Dummy InputConnection bound
05-15 17:00:39.575   866   957 I am_pss  : [866,1000,system,166495232,152166400,0]
05-15 17:00:39.587 14553 14553 I am_on_paused_called: [0,com.android.settings.deviceinfo.UsbModeChooserActivity,handlePauseActivity]
05-15 17:00:39.589   866  6282 I am_destroy_activity: [0,42880123,16,com.android.settings/.deviceinfo.UsbModeChooserActivity,finish-imm]
05-15 17:00:39.595   866  6282 I am_set_resumed_activity: [0,com.google.android.apps.nexuslauncher/.NexusLauncherActivity,resumeTopActivityInnerLocked]
05-15 17:00:39.599   866  6282 I am_resume_activity: [0,70815698,2,com.google.android.apps.nexuslauncher/.NexusLauncherActivity]
05-15 17:00:39.655   866   958 I sysui_count: [window_time_0,0]
05-15 17:00:39.655   866   958 I sysui_multi_action: [757,803,799,window_time_0,802,0]
05-15 17:00:39.657   866   880 W ActivityManager: Finishing task with all activities already finished
05-15 17:00:39.658   866   880 W ActivityManager: Duplicate finish request for ActivityRecord{28e4c7b u0 com.android.settings/.deviceinfo.UsbModeChooserActivity t16 f}
05-15 17:00:39.659  6012  6012 I am_on_resume_called: [0,com.google.android.apps.nexuslauncher.NexusLauncherActivity,RESUME_ACTIVITY]
05-15 17:00:39.660  5991  5991 W SessionLifecycleManager: Handover failed. Creating new session controller.
05-15 17:00:39.662 14553 14553 I am_on_stop_called: [0,com.android.settings.deviceinfo.UsbModeChooserActivity,destroy]
05-15 17:00:39.693  5991  5991 I OptInState: There is a new client and it does not support opt-in. Dropping request.
05-15 17:00:39.715  5991  5991 I StreamController: registerScope: nowcards-9099013682601439833
05-15 17:00:39.787  4838  4938 I zygote64: NativeAlloc concurrent copying GC freed 24233(952KB) AllocSpace objects, 0(0B) LOS objects, 49% free, 7MB/15MB, paused 74us total 120.822ms
05-15 17:00:39.825  5991 14237 W LocationOracle: No location history returned by ContextManager
05-15 17:00:39.855   866  1067 I wm_task_removed: [16,removeTask]
05-15 17:00:39.855   866  1067 I wm_task_removed: [16,removeAppToken: last token]
05-15 17:00:39.856   866  1067 I wm_stack_removed: 1
05-15 17:00:39.862  5991  5991 I StreamRenderer: maybeRegisterNowCardsScope(nowcards-9099013682601439833, com.google.android.sidekick.shared.remoteapi.CardRenderingContext@d23ac36)
05-15 17:00:39.974  5923  6405 I AsyncOpDispatcher: 67-RequestPlaceUpdates
05-15 17:00:39.993  5991  5991 W StaticLayout: maxLineHeight should not be -1.  maxLines:2 lineCount:2
05-15 17:00:39.996  5991  5991 W StaticLayout: maxLineHeight should not be -1.  maxLines:2 lineCount:2
05-15 17:00:39.998  5991  6002 I zygote64: Background concurrent copying GC freed 56783(2MB) AllocSpace objects, 4(328KB) LOS objects, 49% free, 7MB/14MB, paused 694us total 138.464ms
05-15 17:00:39.998  5991  5991 W StaticLayout: maxLineHeight should not be -1.  maxLines:2 lineCount:2
05-15 17:00:40.017   866  5972 I force_gc: Binder
05-15 17:00:40.014  5991  5991 I chatty  : uid=10088 com.google.android.googlequicksearchbox:search identical 4 lines
05-15 17:00:40.016  5991  5991 W StaticLayout: maxLineHeight should not be -1.  maxLines:2 lineCount:2
05-15 17:00:40.018  5923  8269 I PlaceInferenceEngine: [anon] Changed inference mode: 0
05-15 17:00:40.031  5991  5991 W ServiceUpdateReceiver: Ignoring update for non-existing controller.
05-15 17:00:40.066  5991  5991 W StaticLayout: maxLineHeight should not be -1.  maxLines:2 lineCount:2
05-15 17:00:40.069  5991  5991 I chatty  : uid=10088 com.google.android.googlequicksearchbox:search identical 1 line
05-15 17:00:40.072  5991  5991 W StaticLayout: maxLineHeight should not be -1.  maxLines:2 lineCount:2
05-15 17:00:40.074  5923  6405 I AsyncOpDispatcher: 67-RequestPlaceUpdates
05-15 17:00:40.075  5991  5991 W StaticLayout: maxLineHeight should not be -1.  maxLines:2 lineCount:2
05-15 17:00:40.134  5923  8269 I Places  : ?: PlacesBleScanner start() with priority 2
05-15 17:00:40.135  5923  8269 I PlaceInferenceEngine: [anon] Changed inference mode: 1
05-15 17:00:40.158  5923  5923 I BeaconBle: Client requested scan, settings=BleSettings [scanMode=ZERO_POWER, callbackType=ALL_MATCHES, reportDelayMillis=0, 1 filters, 0 clients, callingClientName=Places]
05-15 17:00:40.175  5923  8269 I Places  : Converted 0 out of 11 WiFi scans
05-15 17:00:40.179  5923  5923 I BeaconBle: ZERO_POWER is disabled.
05-15 17:00:40.179  5923  5923 I BeaconBle: 'L' hardware scan: scan stopped, no powered clients
05-15 17:00:40.191  5923  8269 I PlaceInferenceEngine: [anon] Changed inference mode: 1
05-15 17:00:40.217  5923 14200 I PlaceInferenceEngine: No beacon scan available - ignoring candidates.
05-15 17:00:40.430  5923 14731 W ctxmgr  : [AclManager]No 2 for (accnt=account#-517948760#, com.google.android.gms(10031):PlacesProducer, vrsn=12673000, 0, 3pPkg = null ,  3pMdlId = null ,  pid = 5923). Was: 3 for 18, account#-517948760#
05-15 17:00:40.550   866  6286 I wm_stack_created: 1
05-15 17:00:40.550   866  6286 I wm_task_created: [17,1]
05-15 17:00:40.552   866  6286 I wm_task_moved: [17,1,0]
05-15 17:00:40.552   866  6286 I am_focused_stack: [0,1,0,reuseOrNewTask]
05-15 17:00:40.552   866  6286 I wm_task_moved: [17,1,0]
05-15 17:00:40.554   866  6286 I am_create_task: [0,17]
05-15 17:00:40.554   866  6286 I wm_task_moved: [17,1,0]
05-15 17:00:40.557   866  6286 I am_pause_activity: [0,70815698,com.google.android.apps.nexuslauncher/.NexusLauncherActivity]
05-15 17:00:40.569  6012  6012 I am_on_paused_called: [0,com.google.android.apps.nexuslauncher.NexusLauncherActivity,handlePauseActivity]
05-15 17:00:40.571   866  5065 I am_uid_running: 10018
05-15 17:00:40.630   866   880 I am_uid_active: 10018
05-15 17:00:40.759 14736 14736 W zygote64: Class android.support.v4.util.SimpleArrayMap failed lock verification and will run slower.
05-15 17:00:40.759 14736 14736 W zygote64: Common causes for lock verification issues are non-optimized dex code
05-15 17:00:40.759 14736 14736 W zygote64: and incorrect proguard optimizations.
05-15 17:00:41.366 14736 14741 I zygote64: Do partial code cache collection, code=29KB, data=19KB
05-15 17:00:41.367 14736 14741 I zygote64: After code cache collection, code=29KB, data=19KB
05-15 17:00:41.367 14736 14741 I zygote64: Increasing code cache capacity to 128KB
05-15 17:00:41.567  4838  5127 I sysui_multi_action: [757,1093,758,4,793,4029,1094,604505089,1095,5]
05-15 17:00:41.739   866  5968 I am_uid_active: 10002
05-15 17:00:41.791 14736 14762 D OpenGLRenderer: HWUI GL Pipeline
05-15 17:00:42.017 14736 14762 I Adreno  : QUALCOMM build                   : d3015e9, I25dc76dc3f
05-15 17:00:42.017 14736 14762 I Adreno  : Build Date                       : 01/26/17
05-15 17:00:42.017 14736 14762 I Adreno  : OpenGL ES Shader Compiler Version: XE031.09.00.03
05-15 17:00:42.017 14736 14762 I Adreno  : Local Branch                     : 
05-15 17:00:42.017 14736 14762 I Adreno  : Remote Branch                    : refs/tags/AU_LINUX_ANDROID_LA.BF64.1.2.3_RB1.07.00.00.258.011
05-15 17:00:42.017 14736 14762 I Adreno  : Remote Branch                    : NONE
05-15 17:00:42.017 14736 14762 I Adreno  : Reconstruct Branch               : NOTHING
05-15 17:00:42.032 14736 14762 I OpenGLRenderer: Initialized EGL, version 1.4
05-15 17:00:42.032 14736 14762 D OpenGLRenderer: Swap behavior 2
05-15 17:00:42.048 14736 14736 E RecyclerView: No adapter attached; skipping layout
05-15 17:00:42.084 14736 14762 D vndksupport: Loading /odm/lib64/hw/android.hardware.graphics.mapper@2.0-impl.so from current namespace instead of sphal namespace.
05-15 17:00:42.208  4830  4830 I GoogleInputMethod: onFinishInput() : Dummy InputConnection bound
05-15 17:00:42.209  4830  4830 I GoogleInputMethod: onStartInput() : Dummy InputConnection bound
05-15 17:00:42.218 14736 14741 I zygote64: Do partial code cache collection, code=58KB, data=43KB
05-15 17:00:42.219 14736 14741 I zygote64: After code cache collection, code=55KB, data=42KB
05-15 17:00:42.219 14736 14741 I zygote64: Increasing code cache capacity to 256KB
05-15 17:00:42.422     0     0 I         : [ 2724.467115 / 05-15 17:00:42.416][1] pet_watchdog
05-15 17:00:42.466 14736 14736 I zygote64: Deoptimizing void android.support.v7.widget.AppCompatImageHelper.loadFromAttributes(android.util.AttributeSet, int) due to JIT inline cache
05-15 17:00:42.507   866   958 I am_proc_start: [0,14770,10002,com.android.calllogbackup,broadcast,com.android.calllogbackup/.CallLogChangeReceiver]
05-15 17:00:42.507   866   958 I ActivityManager: Start proc 14770:com.android.calllogbackup/u0a2 for broadcast com.android.calllogbackup/.CallLogChangeReceiver
05-15 17:00:42.528   866  5107 I am_proc_bound: [0,14770,com.android.calllogbackup]
05-15 17:00:42.625     0     0 I         : [ 2724.672789 / 05-15 17:00:42.620][2] CFG80211-TRACE) wl_escan_handler : SCAN COMPLETED: scanned AP count=11
05-15 17:00:42.627   866  6286 D WificondControl: Scan result ready event
05-15 17:00:42.651  5923 14731 W ctxmgr  : [AclManager]No 2 for (accnt=account#-517948760#, com.google.android.gms(10031):IndoorOutdoorProducer, vrsn=12673000, 0, 3pPkg = null ,  3pMdlId = null ,  pid = 5923). Was: 3 for 57, account#-517948760#
05-15 17:00:42.696 14736 14741 I zygote64: Do full code cache collection, code=121KB, data=109KB
05-15 17:00:42.697 14736 14741 I zygote64: After code cache collection, code=71KB, data=50KB
05-15 17:00:42.824   866  6282 I am_stop_activity: [0,70815698,com.google.android.apps.nexuslauncher/.NexusLauncherActivity]
05-15 17:00:42.829  6012  6012 I am_on_stop_called: [0,com.google.android.apps.nexuslauncher.NexusLauncherActivity,handleStopActivity]
05-15 17:00:42.941  5991  5991 I StreamRenderer: cleanUpRendererScope(nowcards-9099013682601439833)
05-15 17:00:42.952  5991 12989 I PBSessionCacheImpl: Deleted sessionId[34512441249857] from persistence.
05-15 17:00:42.971  5991  5991 W SearchService: Abort, client detached.
05-15 17:00:42.974  5991  5991 I StreamController: cleanUpControllerScope(nowcards-9099013682601439833)
05-15 17:00:43.571  4838  5127 I sysui_multi_action: [757,1093,758,4,793,2004,1094,604505089,1095,5]
05-15 17:00:44.833 14736 14741 I zygote64: Do partial code cache collection, code=119KB, data=95KB
05-15 17:00:44.834 14736 14741 I zygote64: After code cache collection, code=119KB, data=95KB
05-15 17:00:44.834 14736 14741 I zygote64: Increasing code cache capacity to 512KB
05-15 17:00:44.864   866   957 I am_pss  : [6124,10031,com.google.process.gservices,5426176,3559424,0]
05-15 17:00:44.918  5991 14232 I EventLogSendingHelper: Sending log events.
05-15 17:00:45.021  5991 14232 I EventLogSendingHelper: Sending log events.
05-15 17:00:45.085   866  7964 W PhoneNumberUtils: getCountryIso Country {ISO=GR, source=2, time=1014193}
05-15 17:00:45.085   866  7964 W PhoneNumberUtils: isLocalEmergencyNumberInternalGR
05-15 17:00:45.086   866  7964 D PhoneNumberUtils: slotId:0 subId:1 country:GR emergencyNumbers: 112,911
05-15 17:00:45.093   866   866 W PhoneNumberUtils: getCountryIso Country {ISO=GR, source=2, time=1014193}
05-15 17:00:45.093   866   866 W PhoneNumberUtils: isLocalEmergencyNumberInternalGR
05-15 17:00:45.094   866   866 D PhoneNumberUtils: slotId:0 subId:1 country:GR emergencyNumbers: 112,911
05-15 17:00:45.108 14645 14655 D audio_hw_primary: adev_set_mode: mode 2
05-15 17:00:45.113 13667 13713 W HeadsetStateMachine: terminateScoUsingVirtualVoiceCall: No present call to terminate
05-15 17:00:45.113   866   866 W PhoneNumberUtils: getCountryIso Country {ISO=GR, source=2, time=1014193}
05-15 17:00:45.113   866   866 W PhoneNumberUtils: isLocalEmergencyNumberInternalGR
05-15 17:00:45.117   866   866 D PhoneNumberUtils: slotId:0 subId:1 country:GR emergencyNumbers: 112,911
05-15 17:00:45.123 13667 13713 W HeadsetStateMachine: terminateScoUsingVirtualVoiceCall: No present call to terminate
05-15 17:00:45.124 14645 14660 D audio_hw_primary: out_set_parameters: enter: usecase(0: deep-buffer-playback) kvpairs: routing=1
05-15 17:00:45.125 14645 14660 D voice_extn: update_calls: enter:
05-15 17:00:45.125 14645 14660 D voice_extn: update_calls: cur_state=1 new_state=1 vsid=10c01000
05-15 17:00:45.125 14645 14660 D voice_extn: update_calls: cur_state=1 new_state=1 vsid=10dc1000
05-15 17:00:45.125 14645 14660 D voice_extn: update_calls: cur_state=1 new_state=1 vsid=10c02000
05-15 17:00:45.125 14645 14660 D voice_extn: update_calls: cur_state=1 new_state=1 vsid=10803000
05-15 17:00:45.125 14645 14660 D voice_extn: update_calls: cur_state=1 new_state=1 vsid=10002000
05-15 17:00:45.128   866   866 W PhoneNumberUtils: getCountryIso Country {ISO=GR, source=2, time=1014193}
05-15 17:00:45.128   866   866 W PhoneNumberUtils: isLocalEmergencyNumberInternalGR
05-15 17:00:45.129   866   866 D PhoneNumberUtils: slotId:0 subId:1 country:GR emergencyNumbers: 112,911
05-15 17:00:45.146  5067  5106 D SubscriptionController: [getPhoneId] asked for default subId=1
05-15 17:00:45.146   866  6862 D CallerInfoAsyncQuery: Processing event: 1 token (arg1): 1 command: 0 query URI: content://com.android.contacts/phone_lookup_enterprise/xxxxxxx
05-15 17:00:45.148   866   866 D PhoneNumberUtils: slotId:0 subId:1 country:null emergencyNumbers: 112,911
05-15 17:00:45.152   866  5204 I stream_devices_changed: [3,2,1]
05-15 17:00:45.154 13667 13715 W Avrcp   : playState object null, sending STOPPED
05-15 17:00:45.155   866  5972 I wm_task_created: [18,1]
05-15 17:00:45.155   866  5204 I stream_devices_changed: [4,2,1]
05-15 17:00:45.156   866  5972 I wm_task_moved: [18,1,1]
05-15 17:00:45.157   866  5972 I wm_task_moved: [18,1,1]
05-15 17:00:45.157   866  5972 I am_create_task: [0,18]
05-15 17:00:45.158   866  5972 I wm_task_moved: [18,1,1]
05-15 17:00:45.163 13667 13715 V Avrcp   : No addressed player but active sessions, taking first.
05-15 17:00:45.165 13667 13715 V Avrcp   : updatePlaybackState (1): 0➡0(PlaybackState {state=0, position=-1, buffered position=0, speed=0.0, updated=6258282, actions=0, custom actions=[], active item id=-1, error=null})
05-15 17:00:45.165 13667 13715 I Avrcp   : Skipping update due to invalid playback state
05-15 17:00:45.165 13667 13715 E Avrcp   : play status change 0➡0 mPlayStatusChangedNT: 1
05-15 17:00:45.166 13667 13715 D Avrcp   : sendPlayPosNotificationRsp: Not registered or requesting.
05-15 17:00:45.215   866  5204 I dvm_lock_sample: [system_server,0,CallAudioModeStateMachine,35,ActivityManagerService.java,19846,int com.android.server.am.ActivityManagerService.broadcastIntent(android.app.IApplicationThread, android.content.Intent, java.lang.String, android.content.IIntentReceiver, int, java.lang.String, android.os.Bundle, java.lang.String[], int, android.os.Bundle, boolean, boolean, int),-,7444,void com.android.server.am.ActivityManagerService.activityPaused(android.os.IBinder),7]
05-15 17:00:45.215   866  5204 I stream_devices_changed: [2,2,1]
05-15 17:00:45.222   866   958 I sysui_count: [window_time_0,6]
05-15 17:00:45.222   866   958 I sysui_multi_action: [757,803,799,window_time_0,802,6]
05-15 17:00:45.224   866  5065 I dvm_lock_sample: [system_server,1,Binder:866_4,73,AudioService.java,4078,int com.android.server.audio.AudioService.getDevicesForStream(int, boolean),-,4078,int com.android.server.audio.AudioService.getDevicesForStream(int, boolean),14]
05-15 17:00:45.224   866   866 D CallerInfoAsyncQuery: ##### onQueryComplete() #####   query complete for token: 0
05-15 17:00:45.226 14736 14736 D PhoneNumberUtils: slotId:0 subId:1 country:null emergencyNumbers: 112,911
05-15 17:00:45.260   866  6862 D CallerInfoAsyncQuery: Processing event: 6 token (arg1): 1 command: 0 query URI: 
05-15 17:00:45.261   866   866 D LocSvc_NiH: OutgoingCallReceiver :: onReceive
05-15 17:00:45.262   866   866 D LocSvc_NiH: bundle != null
05-15 17:00:45.264   866   866 D PhoneNumberUtils: slotId:0 subId:1 country:null emergencyNumbers: 112,911
05-15 17:00:45.274   866   866 W PhoneNumberUtils: getCountryIso Country {ISO=GR, source=2, time=1014193}
05-15 17:00:45.274   866   866 W PhoneNumberUtils: isLocalEmergencyNumberInternalGR
05-15 17:00:45.276   866   866 D PhoneNumberUtils: slotId:0 subId:1 country:GR emergencyNumbers: 112,911
05-15 17:00:45.278  5067  5599 D SubscriptionController: [getActiveSubscriptionInfo]+ subId=1 subInfo={id=1, iccId=89300100160427481402 simSlotIndex=0 displayName=CARD 1 carrierName= nameSource=0 iconTint=-16746133 dataRoaming=0 iconBitmap=android.graphics.Bitmap@2472402 mcc 202 mnc 1 isEmbedded false accessRules null}
05-15 17:00:45.279  4838  5062 I vol.Events: writeEvent level_changed STREAM_SYSTEM 5
05-15 17:00:45.286  4838  5062 I vol.Events: writeEvent level_changed STREAM_MUSIC 5
05-15 17:00:45.288   866   866 D CallerInfoAsyncQuery: ##### onQueryComplete() #####   query complete for token: 0
05-15 17:00:45.289   866  6862 D CallerInfoAsyncQuery: Processing event: 3 token (arg1): 1 command: 0 query URI: 
05-15 17:00:45.289   866   866 D CallerInfoAsyncQuery: ##### onQueryComplete() #####   query complete for token: 0
05-15 17:00:45.292 13688 13688 I auditd  : type=1400 audit(0.0:329): avc: denied { sendto } for comm=425420536572766963652043616C6C path="/dev/socket/seempdw" scontext=u:r:bluetooth:s0 tcontext=u:r:per_mgr:s0 tclass=unix_dgram_socket permissive=1
05-15 17:00:45.292 13688 13688 I com.android.bluetooth: type=1400 audit(0.0:329): avc: denied { sendto } for comm=425420536572766963652043616C6C path="/dev/socket/seempdw" scontext=u:r:bluetooth:s0 tcontext=u:r:per_mgr:s0 tclass=unix_dgram_socket permissive=1
05-15 17:00:45.294 13667 13713 D HeadsetStateMachine: Connected: CONNECT_AUDIO, device=00:1D:82:CB:EC:87
05-15 17:00:45.295 13667 13702 W bt_btif : bta_ag_sco_event: BTA_AG_SCO_OPENING_ST: Ignoring event 1
05-15 17:00:45.308  5067  5067 I Telephony: TelephonyConnectionService: onCreateOutgoingConnection, request: ConnectionRequest xxxxxxxx Bundle[mParcelledData.dataSize=736]: (SBC.oSC)->CS.crCo->H.CS.crCo->H.CS.crCo.pICR@E-AnU
05-15 17:00:45.311  5067  5067 W PhoneNumberUtils: getCountryIso Country {ISO=GR, source=2, time=1014590}
05-15 17:00:45.311  4838  5062 I vol.Events: writeEvent level_changed STREAM_RING 5
05-15 17:00:45.311  5067  5067 W PhoneNumberUtils: isLocalEmergencyNumberInternalGR
05-15 17:00:45.315  5067  5067 D PhoneNumberUtils: slotId:0 subId:1 country:GR emergencyNumbers: 112,911
05-15 17:00:45.323  5067  5067 W PhoneNumberUtils: getCountryIso Country {ISO=GR, source=2, time=1014590}
05-15 17:00:45.323  5067  5067 W PhoneNumberUtils: isLocalEmergencyNumberInternalGR
05-15 17:00:45.324  5067  5067 D PhoneNumberUtils: slotId:0 subId:1 country:GR emergencyNumbers: 112,911
05-15 17:00:45.327  5067  5067 D PhoneNumberUtils: slotId:0 subId:1 country:null emergencyNumbers: 112,911
05-15 17:00:45.331  5067  5067 W PhoneNumberUtils: getCountryIso Country {ISO=GR, source=2, time=1014590}
05-15 17:00:45.331  5067  5067 W PhoneNumberUtils: isLocalEmergencyNumberInternalGR
05-15 17:00:45.332  5067  5067 D PhoneNumberUtils: slotId:0 subId:1 country:GR emergencyNumbers: 112,911
05-15 17:00:45.366   866  5107 I force_gc: Binder
05-15 17:00:45.367  5067  5067 W PhoneNumberUtils: getCountryIso Country {ISO=GR, source=2, time=1014590}
05-15 17:00:45.367  5067  5067 W PhoneNumberUtils: isLocalEmergencyNumberInternalGR
05-15 17:00:45.368  5067  5067 D PhoneNumberUtils: slotId:0 subId:1 country:GR emergencyNumbers: 112,911
05-15 17:00:45.389   866 10213 I OpenGLRenderer: Initialized EGL, version 1.4
05-15 17:00:45.389   866 10213 D OpenGLRenderer: Swap behavior 2
05-15 17:00:45.399 14645 14655 D audio_hw_extn: audio_extn_get_parameters: returns 
05-15 17:00:45.399 14645 14655 I hash_map_utils: key: 'all_call_states' value: ''
05-15 17:00:45.404 14736 14736 I zygote64: Deoptimizing java.lang.Object android.support.v4.util.SimpleArrayMap.get(java.lang.Object) due to JIT same target
05-15 17:00:45.406  5067  5067 D PhoneNumberUtils: slotId:0 subId:1 country:null emergencyNumbers: 112,911
05-15 17:00:45.406 14645 14654 D audio_hw_extn: audio_extn_get_parameters: returns 
05-15 17:00:45.406 14645 14654 I hash_map_utils: key: 'all_call_states' value: ''
05-15 17:00:45.407 14645 14653 D audio_hw_extn: audio_extn_get_parameters: returns 
05-15 17:00:45.407 14645 14653 I hash_map_utils: key: 'all_call_states' value: ''
05-15 17:00:45.409 14645 14645 D audio_hw_extn: audio_extn_get_parameters: returns 
05-15 17:00:45.409 14645 14645 I hash_map_utils: key: 'all_call_states' value: ''
05-15 17:00:45.410  5067  5067 D PhoneNumberUtils: slotId:0 subId:1 country:null emergencyNumbers: 112,911
05-15 17:00:45.411 14645 14656 D audio_hw_extn: audio_extn_get_parameters: returns 
05-15 17:00:45.411 14645 14656 I hash_map_utils: key: 'all_call_states' value: ''
05-15 17:00:45.414 14645 14655 D audio_hw_extn: audio_extn_get_parameters: returns 
05-15 17:00:45.414 14645 14655 I hash_map_utils: key: 'all_call_states' value: ''
05-15 17:00:45.418 14645 14654 D PermissionCache: checking android.permission.MODIFY_AUDIO_SETTINGS for uid=1001 => granted (2056 us)
05-15 17:00:45.418 14645 14654 D audio_hw_primary: adev_set_parameters: enter: call_state=2;call_type=LTE;vsid=281022464
05-15 17:00:45.418 14645 14654 D voice_extn: update_call_states is_call_active:0 in_call:1, mode:2
05-15 17:00:45.418 14645 14654 D voice_extn: update_calls: enter:
05-15 17:00:45.418 14645 14654 D voice_extn: update_calls: cur_state=1 new_state=2 vsid=10c01000
05-15 17:00:45.418 14645 14654 D voice_extn: update_calls: INACTIVE -> ACTIVE vsid:10c01000
05-15 17:00:45.418 14645 14654 D voice   : voice_start_usecase: enter usecase:voice-call
05-15 17:00:45.418 14645 14654 D audio_hw_primary: select_devices: out_snd_device(12: voice-handset) in_snd_device(64: voice-dmic-ef)
05-15 17:00:45.418 14645 14654 W msm8974_platform: Codec backend bitwidth 16, samplerate 48000
05-15 17:00:45.419 14645 14654 W msm8974_platform: platform_check_codec_backend_cfg:Use default bw and sr for voice/voip calls 
05-15 17:00:45.419 14645 14654 D hardware_info: hw_info_append_hw_type : device_name = voice-handset
05-15 17:00:45.419 14645 14654 D audio_hw_primary: enable_snd_device: snd_device(12: voice-handset)
05-15 17:00:45.419 14645 14654 D audio_route: Apply path: voice-handset
05-15 17:00:45.437 14645 14654 D hardware_info: hw_info_append_hw_type : device_name = voice-dmic-ef
05-15 17:00:45.437 14645 14654 D audio_hw_primary: enable_snd_device: snd_device(64: voice-dmic-ef)
05-15 17:00:45.437 14645 14654 D audio_route: Apply path: voice-dmic-ef
05-15 17:00:45.451 14645 14654 D ACDB-LOADER: ACDB -> send_voice_cal, acdb_rx = 7, acdb_tx = 10, feature_set = 0
05-15 17:00:45.452 14645 14654 D         : ACDBFILE_MGR: CmnDevinfo for the devid 0000000A not found
05-15 17:00:45.452 14645 14654 D         : ACDB_COMMAND: Failed to fetch the device pair info for devid 0000000A 
05-15 17:00:45.452 14645 14654 E ACDB-LOADER: Error: failure to vaildate the device pair = -1
05-15 17:00:45.452 14645 14654 E ACDB-LOADER: ACDB -> Error: invalid device pair!
05-15 17:00:45.452 14645 14654 D audio_hw_primary: enable_audio_route: apply mixer and update path: voice-call
05-15 17:00:45.452 14645 14654 D audio_route: Apply path: voice-call
05-15 17:00:45.459 14645 14654 D audio_hw_primary: select_devices: done
05-15 17:00:45.459 14645 14654 D voice   : voice_config.rate 8000
05-15 17:00:45.464   866   958 W BroadcastQueue: Permission Denial: receiving Intent { act=android.intent.action.PHONE_STATE flg=0x1000010 (has extras) } to ProcessRecord{6adb6be 4838:com.android.systemui/u0a29} (pid=4838, uid=10029) requires android.permission.READ_PHONE_STATE due to sender android (uid 1000)
05-15 17:00:45.464   866   958 W BroadcastQueue: Permission Denial: receiving Intent { act=android.intent.action.PHONE_STATE flg=0x1000010 (has extras) } to org.telegram.messenger/.CallReceiver requires android.permission.READ_PRIVILEGED_PHONE_STATE due to sender android (uid 1000)
05-15 17:00:45.465   866   958 I am_uid_running: 10077
05-15 17:00:45.480   866   958 I am_proc_start: [0,14806,10077,org.telegram.messenger,broadcast,org.telegram.messenger/.CallReceiver]
05-15 17:00:45.480   866   958 I ActivityManager: Start proc 14806:org.telegram.messenger/u0a77 for broadcast org.telegram.messenger/.CallReceiver
05-15 17:00:45.481   866   876 I zygote64: Background concurrent copying GC freed 29995(1724KB) AllocSpace objects, 4(208KB) LOS objects, 42% free, 15MB/26MB, paused 148us total 113.805ms
05-15 17:00:45.482  5067  5094 I zygote64: Do partial code cache collection, code=103KB, data=99KB
05-15 17:00:45.482  5067  5094 I zygote64: After code cache collection, code=102KB, data=98KB
05-15 17:00:45.482  5067  5094 I zygote64: Increasing code cache capacity to 512KB
05-15 17:00:45.487 14736 14736 W PhoneNumberUtils: getCountryIso null
05-15 17:00:45.508  5067  5067 I Telephony: TelephonyConnectionService: notifyCreateConnectionComplete TC@5_1: (...->CSW.hCCC)->CS.crCoC->H.CS.crCoC@E-E-E-AnU
05-15 17:00:45.509 14736 14736 W PhoneNumberUtils: isLocalEmergencyNumberInternalGR
05-15 17:00:45.510 14736 14736 D PhoneNumberUtils: slotId:0 subId:1 country:GR emergencyNumbers: 112,911
05-15 17:00:45.523   866  5986 I am_proc_bound: [0,14806,org.telegram.messenger]
05-15 17:00:45.534 14736 14736 W ResourceType: Failure getting entry for 0x7f100262 (t=15 e=610) (error -75)
05-15 17:00:45.558 14736 14736 I zygote64: Deoptimizing int android.support.v4.util.SimpleArrayMap.indexOfKey(java.lang.Object) due to JIT same target
05-15 17:00:45.574  4838  5127 I sysui_multi_action: [757,1093,758,4,793,2002,1094,604505089,1095,5]
05-15 17:00:45.577 14736 14736 W ResourceType: Failure getting entry for 0x7f100262 (t=15 e=610) (error -75)
05-15 17:00:45.592 14806 14806 W ComponentDiscovery: Application info not found.
05-15 17:00:45.592 14806 14806 W ComponentDiscovery: Could not retrieve metadata, returning empty list of registrars.
05-15 17:00:45.593 14806 14806 D FirebaseApp: com.google.firebase.auth.FirebaseAuth is not linked. Skipping initialization.
05-15 17:00:45.605     0     0 E [ 2727.654560 / 05-15 17:00:45.600][0] voice_get_cal: No cal data for cal 8!
05-15 17:00:45.606     0     0 E [ 2727.654581 / 05-15 17:00:45.600][0] voice_send_cvs_register_cal_cmd: Voice_get_cal failed for cal 7!
05-15 17:00:45.609     0     0 E [ 2727.655936 / 05-15 17:00:45.604][0] qdsp_cvp_callback: cmd = 0x11371 returned error = 0x2
05-15 17:00:45.609     0     0 E [ 2727.657511 / 05-15 17:00:45.604][2] voice_get_cal: No cal data for cal 5!
05-15 17:00:45.610     0     0 E [ 2727.657531 / 05-15 17:00:45.604][2] voice_send_cvp_register_cal_cmd: Voice_get_cal failed for cal 2!
05-15 17:00:45.610     0     0 E [ 2727.658534 / 05-15 17:00:45.604][2] voice_get_cal: No cal data for cal 6!
05-15 17:00:45.610     0     0 E [ 2727.658550 / 05-15 17:00:45.604][2] voice_send_cvp_register_vol_cal_cmd: Voice_get_cal failed for cal 3!
05-15 17:00:45.609 14806 14806 D FirebaseApp: com.google.firebase.crash.FirebaseCrash is not linked. Skipping initialization.
05-15 17:00:45.610 14736 14736 I am_on_resume_called: [0,com.android.incallui.InCallActivity,LAUNCH_ACTIVITY]
05-15 17:00:45.612 14806 14806 I FirebaseInitProvider: FirebaseApp initialization successful
05-15 17:00:45.613     0     0 I [ 2727.660164 / 05-15 17:00:45.608][1] set_start_call: LG audio bsp: set  1
05-15 17:00:45.614     0     0 I         : [ 2727.660184 / 05-15 17:00:45.608][1] LG audio bsp - stated voice call
05-15 17:00:45.614     0     0 E [ 2727.660430 / 05-15 17:00:45.608][0] qdsp_cvp_callback: cmd = 0x112c2 returned error = 0x1
05-15 17:00:45.614 14645 14654 D voice   : voice_set_sidetone: enable, out_snd_device: 12
05-15 17:00:45.614 14645 14654 D voice   : voice_set_sidetone: sidetone out device = sidetone-handset
05-15 17:00:45.614 14645 14654 D audio_route: Apply path: sidetone-handset
05-15 17:00:45.615 14645 14654 D voice   : voice_start_usecase: exit: status(0)
05-15 17:00:45.615 14645 14654 D voice_extn: update_calls: cur_state=1 new_state=1 vsid=10dc1000
05-15 17:00:45.615 14645 14654 D voice_extn: update_calls: cur_state=1 new_state=1 vsid=10c02000
05-15 17:00:45.615 14645 14654 D voice_extn: update_calls: cur_state=1 new_state=1 vsid=10803000
05-15 17:00:45.615 14645 14654 D voice_extn: update_calls: cur_state=1 new_state=1 vsid=10002000
05-15 17:00:45.618     0     0 E [ 2727.664073 / 05-15 17:00:45.612][0] qdsp_cvp_callback: cmd = 0x112c2 returned error = 0x1
05-15 17:00:45.638  5067  5067 D PhoneNumberUtils: slotId:0 subId:1 country:null emergencyNumbers: 112,911
05-15 17:00:45.649 14736 14736 I zygote64: Deoptimizing void android.support.v4.view.ViewPager.onMeasure(int, int) due to JIT inline cache
05-15 17:00:45.652 14736 14736 I zygote64: Deoptimizing int android.support.v4.view.ViewPager.getClientWidth() due to JIT inline cache
05-15 17:00:45.678 14806 14823 I FA      : App measurement is starting up, version: 12451
05-15 17:00:45.678 14806 14823 I FA      : To enable debug logging run: adb shell setprop log.tag.FA VERBOSE
05-15 17:00:45.679 14806 14823 I FA      : To enable faster debug mode event logging run:
05-15 17:00:45.679 14806 14823 I FA      :   adb shell setprop debug.firebase.analytics.app org.telegram.messenger
05-15 17:00:45.680 14736 14750 I zygote64: Waiting for a blocking GC ProfileSaver
05-15 17:00:45.684 14806 14823 E FA      : AppMeasurementReceiver not registered/enabled
05-15 17:00:45.685 14806 14823 E FA      : AppMeasurementService not registered/enabled
05-15 17:00:45.685 14806 14823 E FA      : Uploading is not possible. App measurement disabled
05-15 17:00:45.705   866   879 I ActivityManager: Killing 12238:com.android.chrome:sandboxed_process1/u0a99i1 (adj 900): empty #17
05-15 17:00:45.705   866   879 I am_kill : [0,12238,com.android.chrome:sandboxed_process1,900,empty #17]
05-15 17:00:45.705   866   960 W system_server: Failed to open process cgroup uid 99001 pid 12238: No such file or directory
05-15 17:00:45.705   866   960 E system_server: Error encountered killing process cgroup uid 99001 pid 12238: No such file or directory
05-15 17:00:45.723  9366  9404 W cr_ChildProcessConn: onServiceDisconnected (crash or killed by oom): pid=12238
05-15 17:00:45.723   866  5971 I am_proc_died: [0,12238,com.android.chrome:sandboxed_process1,900,17]
05-15 17:00:45.726   866  5971 W ActivityManager: Scheduling restart of crashed service com.android.chrome/org.chromium.content.app.SandboxedProcessService1 in 1000ms
05-15 17:00:45.726   866  5971 I am_schedule_service_restart: [0,com.android.chrome/org.chromium.content.app.SandboxedProcessService1,1000]
05-15 17:00:45.726   866  5971 I am_uid_stopped: 99001
05-15 17:00:45.746   866   961 D KernelUidCpuTimeReader: Removing uids 99001-99001
05-15 17:00:45.746 14736 14736 I zygote64: Deoptimizing void android.support.v4.view.ViewPager.onLayout(boolean, int, int, int, int) due to JIT inline cache
05-15 17:00:45.748   866  5065 W ActivityManager: Background start not allowed: service Intent { cmp=org.telegram.messenger/.NotificationsService } to org.telegram.messenger/.NotificationsService from pid=14806 uid=10077 pkg=org.telegram.messenger
05-15 17:00:45.770 14736 14736 I zygote64: Deoptimizing android.support.v7.widget.RecyclerView$ViewHolder android.support.v7.widget.RecyclerView$Recycler.tryGetViewHolderForPositionByDeadline(int, boolean, long) due to JIT inline cache
05-15 17:00:45.775 14736 14736 I zygote64: Deoptimizing void android.support.v7.widget.RecyclerView$LayoutManager.measureChildWithMargins(android.view.View, int, int) due to JIT inline cache
05-15 17:00:45.786 14736 14736 I zygote64: Deoptimizing java.lang.Object android.support.v4.util.SimpleArrayMap.put(java.lang.Object, java.lang.Object) due to JIT inline cache
05-15 17:00:45.787 14736 14736 I zygote64: Deoptimizing void android.support.v7.widget.LinearLayoutManager.layoutChunk(android.support.v7.widget.RecyclerView$Recycler, android.support.v7.widget.RecyclerView$State, android.support.v7.widget.LinearLayoutManager$LayoutState, android.support.v7.widget.LinearLayoutManager$LayoutChunkResult) due to JIT inline cache
05-15 17:00:45.788 14736 14736 I zygote64: Deoptimizing void android.support.v7.widget.RecyclerView$LayoutManager.addViewInt(android.view.View, int, boolean) due to JIT inline cache
05-15 17:00:45.788 14736 14736 I zygote64: Deoptimizing android.support.v7.widget.RecyclerView$ViewHolder android.support.v7.widget.RecyclerView.getChildViewHolderInt(android.view.View) due to JIT inline cache
05-15 17:00:45.788 14736 14736 I zygote64: Deoptimizing android.graphics.Rect android.support.v7.widget.RecyclerView.getItemDecorInsetsForChild(android.view.View) due to JIT inline cache
05-15 17:00:45.788 14736 14736 I zygote64: Deoptimizing boolean android.support.v7.widget.RecyclerView$LayoutManager.shouldMeasureChild(android.view.View, int, int, android.support.v7.widget.RecyclerView$LayoutParams) due to JIT inline cache
05-15 17:00:45.790 14736 14736 I zygote64: Deoptimizing int android.support.v7.widget.RecyclerView$LayoutManager.getDecoratedMeasuredHeight(android.view.View) due to JIT inline cache
05-15 17:00:45.790 14736 14736 I zygote64: Deoptimizing int android.support.v7.widget.RecyclerView$LayoutManager.getDecoratedMeasuredWidth(android.view.View) due to JIT inline cache
05-15 17:00:45.790 14736 14736 I zygote64: Deoptimizing void android.support.v7.widget.RecyclerView$LayoutManager.layoutDecoratedWithMargins(android.view.View, int, int, int, int) due to JIT inline cache
05-15 17:00:45.796 14846 14846 I auditd  : type=1400 audit(0.0:331): avc: denied { sendto } for comm="storageQueue" path="/dev/socket/seempdw" scontext=u:r:untrusted_app:s0:c512,c768 tcontext=u:r:per_mgr:s0 tclass=unix_dgram_socket permissive=1
05-15 17:00:45.796 14846 14846 I storageQueue: type=1400 audit(0.0:331): avc: denied { sendto } for path="/dev/socket/seempdw" scontext=u:r:untrusted_app:s0:c512,c768 tcontext=u:r:per_mgr:s0 tclass=unix_dgram_socket permissive=1
05-15 17:00:45.830 14736 14736 I zygote64: Deoptimizing void android.support.v7.widget.RecyclerView.findMinMaxChildLayoutPositions(int[]) due to JIT inline cache
05-15 17:00:45.833 14736 14736 D AccelerometerListener: enable(true)
05-15 17:00:45.886 13667 13713 D HeadsetStateMachine: Set NREC: 1 for device:00:1D:82:CB:EC:87
05-15 17:00:45.890 14645 14645 D PermissionCache: checking android.permission.MODIFY_AUDIO_SETTINGS for uid=1002 => granted (447 us)
05-15 17:00:45.890 14645 14645 D audio_hw_primary: adev_set_parameters: enter: bt_headset_nrec=on
05-15 17:00:45.890 14736 14736 W ResourceType: Failure getting entry for 0x7f100262 (t=15 e=610) (error -75)
05-15 17:00:45.894 14645 14656 D audio_hw_primary: adev_set_parameters: enter: bt_headset_name=Nokia BH-102
05-15 17:00:45.902 14645 14655 D audio_hw_primary: adev_set_parameters: enter: BT_SCO=on
05-15 17:00:45.912 14736 14736 I zygote64: Deoptimizing int android.support.v4.util.SimpleArrayMap.indexOf(java.lang.Object, int) due to JIT same target
05-15 17:00:45.926 14736 14736 W ResourceType: Failure getting entry for 0x7f100262 (t=15 e=610) (error -75)
05-15 17:00:45.970 14736 14736 W ResourceType: Failure getting entry for 0x7f100262 (t=15 e=610) (error -75)
05-15 17:00:45.990 14736 14736 W ResourceType: Failure getting entry for 0x7f100262 (t=15 e=610) (error -75)
05-15 17:00:45.999   866  6282 I notification_expansion: [-1|android|26|null|1000,0,0,699757,699757,11455]
05-15 17:00:46.004 14645 14660 D audio_hw_primary: out_set_parameters: enter: usecase(0: deep-buffer-playback) kvpairs: 00:1D:82:CB:EC:87=;routing=32
05-15 17:00:46.004 14645 14660 D audio_hw_primary: select_devices: out_snd_device(18: bt-sco-headset) in_snd_device(59: bt-sco-mic)
05-15 17:00:46.004 14645 14660 D voice   : voice_set_sidetone: disable, out_snd_device: 12
05-15 17:00:46.004 14645 14660 D voice   : voice_set_sidetone: sidetone out device = sidetone-handset
05-15 17:00:46.004 14645 14660 D audio_hw_primary: disable_audio_route: reset and update mixer path: voice-call
05-15 17:00:46.005     0     0 E [ 2728.054117 / 05-15 17:00:46.000][0] qdsp_cvp_callback: cmd = 0x1307c returned error = 0x9
05-15 17:00:46.005     0     0 E [ 2728.054295 / 05-15 17:00:46.000][0] qdsp_cvp_callback: cmd = 0x1307a returned error = 0x9
05-15 17:00:46.006     0     0 E [ 2728.054640 / 05-15 17:00:46.000][0] qdsp_cvp_callback: cmd = 0x11372 returned error = 0x9
05-15 17:00:46.015 14736 14736 W ResourceType: Failure getting entry for 0x7f100262 (t=15 e=610) (error -75)
05-15 17:00:46.029 14736 14736 W ResourceType: Failure getting entry for 0x7f100262 (t=15 e=610) (error -75)
05-15 17:00:46.055 14736 14736 W ResourceType: Failure getting entry for 0x7f100262 (t=15 e=610) (error -75)
