01-01 01:19:31.793     0     0 I [    3.221129 / 01-01 01:19:31.699][1] init: processing action (post-fs) from (/init.qcom.rc:451)
01-01 01:19:31.793     0     0 I [    3.221411 / 01-01 01:19:31.699][1] init: Command 'chmod 0771 /carrier' action=post-fs (/init.qcom.rc:460) took 0ms and failed: fchmodat() failed: Read-only file system
01-01 01:19:31.793     0     0 I [    3.221905 / 01-01 01:19:31.699][1] init: processing action (post-fs) from (/system/etc/init/atrace_userdebug.rc:7)
01-01 01:19:31.793     0     0 I [    3.222309 / 01-01 01:19:31.699][1] init: processing action (late-fs) from (/init.rc:376)
01-01 01:19:31.793     0     0 I [    3.222464 / 01-01 01:19:31.699][1] init: processing action (post-fs-data) from (/init.rc:384)
01-01 01:19:31.793     0     0 I [    3.223278 / 01-01 01:19:31.703][1] init: starting service 'vold'...
01-01 01:19:31.793     0     0 I [    3.241375 / 01-01 01:19:31.719][3] logd.auditd: start
01-01 01:19:31.822     0     0 I [    3.320647 / 01-01 01:19:31.799][3] init: starting service 'exec 1 (/system/bin/vdc --wait cryptfs init_user0)'...
01-01 01:19:31.822     0     0 I [    3.321448 / 01-01 01:19:31.799][3] init: SVC_EXEC pid 412 (uid 0 gid 0+0 context default) started; waiting...
01-01 01:19:31.823   404   404 I auditd  : type=1400 audit(0.0:24): avc: denied { unmount } for comm="vold" scontext=u:r:vold:s0 tcontext=u:object_r:pstorefs:s0 tclass=filesystem permissive=1
01-01 01:19:31.823   404   404 I vold    : type=1400 audit(0.0:24): avc: denied { unmount } for scontext=u:r:vold:s0 tcontext=u:object_r:pstorefs:s0 tclass=filesystem permissive=1
--------- beginning of system
01-01 01:19:31.824   404   404 I vold    : Vold 3.0 (the awakening) firing up
01-01 01:19:31.824   404   404 V vold    : Detected support for: ext4 f2fs vfat
01-01 01:19:31.827   404   404 D vold    : Tearing down stale mount /mnt/pstore
01-01 01:19:31.828   404   404 W vold    : Failed to LOOP_GET_STATUS64 /dev/block/loop4: No such device or address
01-01 01:19:31.828   404   404 W vold    : Failed to LOOP_GET_STATUS64 /dev/block/loop0: No such device or address
01-01 01:19:31.828   404   404 W vold    : Failed to LOOP_GET_STATUS64 /dev/block/loop6: No such device or address
01-01 01:19:31.828   404   404 W vold    : Failed to LOOP_GET_STATUS64 /dev/block/loop2: No such device or address
01-01 01:19:31.828   404   404 W vold    : Failed to LOOP_GET_STATUS64 /dev/block/loop7: No such device or address
01-01 01:19:31.828   404   404 W vold    : Failed to LOOP_GET_STATUS64 /dev/block/loop5: No such device or address
01-01 01:19:31.828   404   404 W vold    : Failed to LOOP_GET_STATUS64 /dev/block/loop3: No such device or address
01-01 01:19:31.828   404   404 W vold    : Failed to LOOP_GET_STATUS64 /dev/block/loop1: No such device or address
01-01 01:19:31.829   404   404 I vold    : [libfs_mgr]fs_mgr_read_fstab_dt(): failed to read fstab from dt
01-01 01:19:31.831   404   404 D vold    : VoldNativeService::start() completed OK
01-01 01:19:31.840   404   413 D vold    : e4crypt_init_user0
01-01 01:19:31.840   404   413 D vold    : e4crypt_prepare_user_storage for volume null, user 0, serial 0, flags 1
01-01 01:19:31.840   404   413 D vold    : Preparing: /data/system/users/0
01-01 01:19:31.841   404   413 D vold    : Preparing: /data/misc/profiles/cur/0
01-01 01:19:31.842   404   413 D vold    : Preparing: /data/system_de/0
01-01 01:19:31.842   404   413 D vold    : Preparing: /data/misc_de/0
01-01 01:19:31.843   404   413 D vold    : Preparing: /data/vendor_de/0
01-01 01:19:31.843   404   413 D vold    : Preparing: /data/user_de/0
01-01 01:19:31.844   404   413 V vold    : /system/bin/vold_prepare_subdirs
01-01 01:19:31.844   404   413 V vold    :     prepare
01-01 01:19:31.844   404   413 V vold    :     
01-01 01:19:31.844   404   413 V vold    :     0
01-01 01:19:31.844   404   413 V vold    :     1
01-01 01:19:31.846     0     0 D [    3.355326 / 01-01 01:19:31.835][1] vdc: Waited 10ms for vold
01-01 01:19:31.866   404   413 I vold_prepare_subdirs: SELinux: Loaded file_contexts
01-01 01:19:31.869   416   416 D vold_prepare_subdirs: Setting up mode 700 uid 0 gid 0 context u:object_r:vold_data_file:s0 on path: /data/misc_de/0/vold
01-01 01:19:31.871   416   416 D vold_prepare_subdirs: Setting up mode 700 uid 0 gid 0 context u:object_r:storaged_data_file:s0 on path: /data/misc_de/0/storaged
01-01 01:19:31.871   416   416 D vold_prepare_subdirs: Setting up mode 700 uid 1000 gid 1000 context u:object_r:fingerprint_vendor_data_file:s0 on path: /data/vendor_de/0/fpdata
01-01 01:19:31.873   404   413 D vold    : e4crypt_unlock_user_key 0 serial=0 token_present=0
01-01 01:19:31.874   404   413 E vold    : Failed to chmod /data/system_ce/0: No such file or directory
01-01 01:19:31.874   404   413 E vold    : Failed to chmod /data/misc_ce/0: No such file or directory
01-01 01:19:31.875   404   414 I vold    : Found disk at /devices/soc.0/f98a4900.sdhci/mmc_host/mmc1/mmc1:aaaa/block/mmcblk1 but delaying scan due to secure keyguard
01-01 01:19:31.880     0     0 I [    3.391049 / 01-01 01:19:31.871][3] init: Service 'exec 1 (/system/bin/vdc --wait cryptfs init_user0)' (pid 412) exited with status 0 waiting took 0.069000 seconds
01-01 01:19:31.880     0     0 I [    3.391753 / 01-01 01:19:31.871][3] selinux: SELinux: Skipping restorecon_recursive(/data)
01-01 01:19:31.880     0     0 I         : [    3.391753 / 01-01 01:19:31.871][3]
01-01 01:19:31.880     0     0 I [    3.392280 / 01-01 01:19:31.871][3] init: starting service 'exec 2 (/system/bin/tzdatacheck /system/usr/share/zoneinfo /data/misc/zoneinfo)'...
01-01 01:19:31.880     0     0 I [    3.393050 / 01-01 01:19:31.871][3] init: SVC_EXEC pid 418 (uid 1000 gid 1000+0 context default) started; waiting...
01-01 01:19:31.883     1     1 I auditd  : type=1400 audit(0.0:25): avc: denied { setattr } for comm="init" name="file" dev="sysfs" ino=23473 scontext=u:r:init:s0 tcontext=u:object_r:sysfs:s0 tclass=file permissive=1
01-01 01:19:31.883     1     1 I init    : type=1400 audit(0.0:25): avc: denied { setattr } for name="file" dev="sysfs" ino=23473 scontext=u:r:init:s0 tcontext=u:object_r:sysfs:s0 tclass=file permissive=1
01-01 01:19:31.890   418   418 I /system/bin/tzdatacheck: timezone distro dir /data/misc/zoneinfo/current does not exist. No action required.
01-01 01:19:31.892     0     0 I [    3.406329 / 01-01 01:19:31.883][3] init: Service 'exec 2 (/system/bin/tzdatacheck /system/usr/share/zoneinfo /data/misc/zoneinfo)' (pid 418) exited with status 0 waiting took 0.013000 seconds
01-01 01:19:31.892     0     0 I [    3.406501 / 01-01 01:19:31.883][3] init: processing action (post-fs-data) from (/init.usb.rc:6)
01-01 01:19:31.896     0     0 I [    3.409195 / 01-01 01:19:31.887][3] init: processing action (post-fs-data) from (/init.qcom.rc:469)
01-01 01:19:31.896     0     0 I [    3.409545 / 01-01 01:19:31.887][3] init: Command 'start qseecomd' action=post-fs-data (/init.qcom.rc:470) took 0ms and failed: Could not start service: File /system/vendor/bin/qseecomd(labeled "u:object_r:vendor_file:s0") has incorrect label or no domain transition from u:r:init:s0 to another SELinux domain defined. Have you configured your service correctly? https://source.android.com/security/selinux/device-policy#label_new_services_and_address_denials
01-01 01:19:31.903     1     1 I auditd  : type=1400 audit(0.0:26): avc: denied { write } for comm="init" name="firmware_path" dev="sysfs" ino=6843 scontext=u:r:init:s0 tcontext=u:object_r:sysfs:s0 tclass=file permissive=1
01-01 01:19:31.903     1     1 I init    : type=1400 audit(0.0:26): avc: denied { write } for name="firmware_path" dev="sysfs" ino=6843 scontext=u:r:init:s0 tcontext=u:object_r:sysfs:s0 tclass=file permissive=1
01-01 01:19:31.907     1     1 I auditd  : type=1400 audit(0.0:27): avc: denied { open } for comm="init" path="/sys/module/bcmdhd/parameters/firmware_path" dev="sysfs" ino=6843 scontext=u:r:init:s0 tcontext=u:object_r:sysfs:s0 tclass=file permissive=1
01-01 01:19:31.907     1     1 I init    : type=1400 audit(0.0:27): avc: denied { open } for path="/sys/module/bcmdhd/parameters/firmware_path" dev="sysfs" ino=6843 scontext=u:r:init:s0 tcontext=u:object_r:sysfs:s0 tclass=file permissive=1
01-01 01:19:31.908     0     0 I [    3.421376 / 01-01 01:19:31.899][3] SELinux: Context u:object_r:persist_display_file:s0 is not valid (left unmapped).
01-01 01:19:31.920     0     0 I [    3.432495 / 01-01 01:19:31.911][3] init: Command 'chown 13:13 /system/etc/motorola' action=post-fs-data (/init.qcom.rc:578) took 0ms and failed: lchown() failed: Read-only file system
01-01 01:19:31.920     0     0 I [    3.433113 / 01-01 01:19:31.911][3] init: Command 'chmod 2777 /system/etc/motorola' action=post-fs-data (/init.qcom.rc:581) took 0ms and failed: fchmodat() failed: Read-only file system
01-01 01:19:31.920     0     0 I [    3.434977 / 01-01 01:19:31.915][3] SELinux: Context u:object_r:sensors_persist_file:s0 is not valid (left unmapped).
01-01 01:19:31.924     0     0 I [    3.436279 / 01-01 01:19:31.915][3] selinux: SELinux: Skipping restorecon_recursive(/data/misc/sensors)
01-01 01:19:31.924     0     0 I         : [    3.436279 / 01-01 01:19:31.915][3]
01-01 01:19:31.924     0     0 I [    3.438274 / 01-01 01:19:31.915][3] SELinux: Context u:object_r:persist_drm_file:s0 is not valid (left unmapped).
01-01 01:19:31.928     0     0 I [    3.440515 / 01-01 01:19:31.919][3] init: Command 'chmod 0771 /cota' action=post-fs-data (/init.qcom.rc:611) took 0ms and failed: fchmodat() failed: Read-only file system
01-01 01:19:31.928     0     0 I [    3.440572 / 01-01 01:19:31.919][3] init: Command 'chown system system /preload' action=post-fs-data (/init.qcom.rc:612) took 0ms and failed: lchown() failed: Read-only file system
01-01 01:19:31.928     0     0 I [    3.440629 / 01-01 01:19:31.919][3] init: Command 'chmod 0771 /preload' action=post-fs-data (/init.qcom.rc:613) took 0ms and failed: fchmodat() failed: Read-only file system
01-01 01:19:31.928     0     0 I [    3.442948 / 01-01 01:19:31.923][3] selinux: SELinux: Skipping restorecon_recursive(/sns)
01-01 01:19:31.928     0     0 I         : [    3.442948 / 01-01 01:19:31.923][3]
01-01 01:19:31.928     0     0 I [    3.443047 / 01-01 01:19:31.923][3] init: processing action (post-fs-data) from (init.qcom.usb.rc:26)
01-01 01:19:31.929     0     0 I [    3.443321 / 01-01 01:19:31.923][3] init: processing action (post-fs-data) from (/system/etc/init/bootstat.rc:7)
01-01 01:19:31.932     0     0 I [    3.444950 / 01-01 01:19:31.923][3] init: processing action (post-fs-data) from (/system/etc/init/incidentd.rc:21)
01-01 01:19:31.932     0     0 I [    3.445506 / 01-01 01:19:31.923][3] init: processing action (post-fs-data) from (/system/etc/init/logtagd.rc:4)
01-01 01:19:31.932     0     0 I [    3.446593 / 01-01 01:19:31.923][3] init: processing action (post-fs-data) from (/system/etc/init/statsd.rc:25)
01-01 01:19:31.936     0     0 I [    3.447483 / 01-01 01:19:31.927][3] init: processing action (post-fs-data) from (/vendor/etc/init/hostapd.android.rc:9)
01-01 01:19:31.940     0     0 I [    3.453200 / 01-01 01:19:31.931][3] init: processing action (ro.crypto.state=unsupported && zygote-start) from (/init.rc:567)
01-01 01:19:31.940     0     0 I [    3.453286 / 01-01 01:19:31.931][3] init: Command 'exec_start update_verifier_nonencrypted' action=ro.crypto.state=unsupported && zygote-start (/init.rc:569) took 0ms and failed: Service not found
01-01 01:19:31.940     0     0 I [    3.453658 / 01-01 01:19:31.931][3] init: starting service 'netd'...
01-01 01:19:31.940     0     0 I [    3.454818 / 01-01 01:19:31.931][3] init: starting service 'zygote'...
01-01 01:19:31.940     0     0 I [    3.455006 / 01-01 01:19:31.935][0] init: Created socket '/dev/socket/netd', mode 660, user 0, group 1000
01-01 01:19:31.944     0     0 I [    3.455581 / 01-01 01:19:31.935][0] init: Created socket '/dev/socket/dnsproxyd', mode 660, user 0, group 3003
01-01 01:19:31.944     0     0 I [    3.455985 / 01-01 01:19:31.935][3] init: starting service 'zygote_secondary'...
01-01 01:19:31.944     0     0 I [    3.456089 / 01-01 01:19:31.935][2] init: Created socket '/dev/socket/zygote', mode 660, user 0, group 1000
01-01 01:19:31.944     0     0 I [    3.456102 / 01-01 01:19:31.935][0] init: Created socket '/dev/socket/mdns', mode 660, user 0, group 1000
01-01 01:19:31.944     0     0 I [    3.456726 / 01-01 01:19:31.935][0] init: Created socket '/dev/socket/fwmarkd', mode 660, user 0, group 3003
01-01 01:19:31.944     0     0 I [    3.456968 / 01-01 01:19:31.935][3] init: processing action (load_persist_props_action) from (/init.rc:268)
01-01 01:19:31.944     0     0 W [    3.457053 / 01-01 01:19:31.935][3] init: Couldn't load property file '/data/local.prop': open() failed: No such file or directory: No such file or directory
01-01 01:19:31.944     0     0 I [    3.457232 / 01-01 01:19:31.935][2] init: Created socket '/dev/socket/zygote_secondary', mode 660, user 0, group 1000
01-01 01:19:31.948     0     0 I [    3.459527 / 01-01 01:19:31.939][2] init: starting service 'logd-reinit'...
01-01 01:19:31.948     0     0 I [    3.460461 / 01-01 01:19:31.939][2] init: processing action (load_persist_props_action) from (/system/etc/init/logcatd.rc:31)
01-01 01:19:31.948     0     0 I [    3.460799 / 01-01 01:19:31.939][2] init: processing action (firmware_mounts_complete) from (/init.rc:274)
01-01 01:19:31.948     0     0 I [    3.461009 / 01-01 01:19:31.939][2] init: processing action (early-boot) from (/init.qcom.rc:120)
01-01 01:19:31.964     0     0 I [    3.477151 / 01-01 01:19:31.955][2] logd.daemon: reinit
01-01 01:19:31.988     0     0 I [    3.502487 / 01-01 01:19:31.979][0] ueventd: firmware: loading 'adsp.mdt' for '/devices/soc.0/fe200000.qcom,lpass/firmware/adsp.mdt'
01-01 01:19:31.992     0     0 E [    3.506785 / 01-01 01:19:31.983][1] ueventd: firmware: could not find firmware for adsp.mdt
01-01 01:19:31.992     0     0 I [    3.506947 / 01-01 01:19:31.987][1] ueventd: loading /devices/soc.0/fe200000.qcom,lpass/firmware/adsp.mdt took 4ms
01-01 01:19:31.992     0     0 E         : [    3.507030 / 01-01 01:19:31.987][2] subsys-pil-tz fe200000.qcom,lpass: adsp: Failed to locate adsp.mdt
01-01 01:19:31.992     0     0 E         : [    3.507053 / 01-01 01:19:31.987][2] adsp-loader qcom,msm-adsp-loader.33: adsp_loader_do: pil get failed,
01-01 01:19:31.992     0     0 E         : [    3.507064 / 01-01 01:19:31.987][2] adsp-loader qcom,msm-adsp-loader.33: adsp_loader_do: Q6 image loading failed
01-01 01:19:31.992     0     0 I [    3.507281 / 01-01 01:19:31.987][2] init: Service 'logd-reinit' (pid 422) exited with status 0
01-01 01:19:31.999     0     0 I [    3.507574 / 01-01 01:19:31.987][2] init: processing action (early-boot) from (/system/etc/init/installd.rc:5)
01-01 01:19:32.008     0     0 I [    3.520121 / 01-01 01:19:31.999][2] init: processing action (boot) from (/init.rc:581)
01-01 01:19:32.012     0     0 I [    3.525956 / 01-01 01:19:32.003][2] init: starting service 'hidl_memory'...
01-01 01:19:32.012     0     0 I [    3.527206 / 01-01 01:19:32.007][2] init: starting service 'healthd'...
01-01 01:19:32.016     0     0 I [    3.530328 / 01-01 01:19:32.007][1] init: starting service 'vendor.cas-hal-1-0'...
01-01 01:19:32.022     0     0 I [    3.531739 / 01-01 01:19:32.011][1] init: starting service 'vendor.configstore-hal'...
01-01 01:19:32.022     0     0 I [    3.532951 / 01-01 01:19:32.011][1] init: starting service 'vendor.gralloc-2-0'...
01-01 01:19:32.023   435   435 I auditd  : type=1400 audit(0.0:28): avc: denied { transition } for comm="init" path="/system/bin/init.qcom.bt.sh" dev="mmcblk0p47" ino=3404 scontext=u:r:init:s0 tcontext=u:r:bluetooth:s0 tclass=process permissive=1
01-01 01:19:32.023   435   435 I init    : type=1400 audit(0.0:28): avc: denied { transition } for path="/system/bin/init.qcom.bt.sh" dev="mmcblk0p47" ino=3404 scontext=u:r:init:s0 tcontext=u:r:bluetooth:s0 tclass=process permissive=1
01-01 01:19:32.023   435   435 I auditd  : type=1400 audit(0.0:29): avc: denied { entrypoint } for comm="init" path="/system/bin/init.qcom.bt.sh" dev="mmcblk0p47" ino=3404 scontext=u:r:bluetooth:s0 tcontext=u:object_r:system_file:s0 tclass=file permissive=1
01-01 01:19:32.023   435   435 I init    : type=1400 audit(0.0:29): avc: denied { entrypoint } for path="/system/bin/init.qcom.bt.sh" dev="mmcblk0p47" ino=3404 scontext=u:r:bluetooth:s0 tcontext=u:object_r:system_file:s0 tclass=file permissive=1
01-01 01:19:32.023     0     0 I [    3.534229 / 01-01 01:19:32.011][1] init: starting service 'vendor.health-hal-1-0'...
01-01 01:19:32.023     0     0 I [    3.535692 / 01-01 01:19:32.015][1] init: starting service 'vendor.light-hal-2-0'...
01-01 01:19:32.023     0     0 I [    3.537037 / 01-01 01:19:32.015][1] init: starting service 'vendor.nfc_hal_service'...
01-01 01:19:32.024     0     0 I [    3.538467 / 01-01 01:19:32.015][1] init: starting service 'vendor.thermal-hal-1-0'...
01-01 01:19:32.028     0     0 I [    3.539912 / 01-01 01:19:32.019][1] init: starting service 'vendor.usb-hal-1-0'...
01-01 01:19:32.028     0     0 I [    3.541271 / 01-01 01:19:32.019][1] init: starting service 'vendor.wifi_hal_legacy'...
01-01 01:19:32.028     0     0 I [    3.542391 / 01-01 01:19:32.019][1] init: starting service 'config_bluetooth'...
01-01 01:19:32.032     0     0 E [    3.543724 / 01-01 01:19:32.023][1] init: Could not start service 'rfs_access' as part of class 'core': File /system/vendor/bin/rfs_access(labeled "u:object_r:vendor_file:s0") has incorrect label or no domain transition from u:r:init:s0 to another SELinux domain defined. Have you configured your service correctly? https://source.android.com/security/selinux/device-policy#label_new_services_and_address_denials
01-01 01:19:32.032     0     0 E [    3.543989 / 01-01 01:19:32.023][1] init: Could not start service 'config_bt_addr' as part of class 'core': File /system/vendor/bin/btnvtool(labeled "u:object_r:vendor_file:s0") has incorrect label or no domain transition from u:r:init:s0 to another SELinux domain defined. Have you configured your service correctly? https://source.android.com/security/selinux/device-policy#label_new_services_and_address_denials
01-01 01:19:32.032     0     0 E [    3.544100 / 01-01 01:19:32.023][1] init: Could not start service 'qcom-usb-sh' as part of class 'core': Cannot find '/system/bin/init.qcom.usb.sh': No such file or directory
01-01 01:19:32.032     0     0 E [    3.544268 / 01-01 01:19:32.023][1] init: Could not start service 'qseecomd' as part of class 'core': File /system/vendor/bin/qseecomd(labeled "u:object_r:vendor_file:s0") has incorrect label or no domain transition from u:r:init:s0 to another SELinux domain defined. Have you configured your service correctly? https://source.android.com/security/selinux/device-policy#label_new_services_and_address_denials
01-01 01:19:32.032     0     0 E [    3.544467 / 01-01 01:19:32.023][1] init: Could not start service 'per_mgr' as part of class 'core': File /system/vendor/bin/pm-service(labeled "u:object_r:vendor_file:s0") has incorrect label or no domain transition from u:r:init:s0 to another SELinux domain defined. Have you configured your service correctly? https://source.android.com/security/selinux/device-policy#label_new_services_and_address_denials
01-01 01:19:32.032     0     0 E [    3.544636 / 01-01 01:19:32.023][1] init: Could not start service 'hwaddrs' as part of class 'core': File /system/bin/hwaddrs(labeled "u:object_r:system_file:s0") has incorrect label or no domain transition from u:r:init:s0 to another SELinux domain defined. Have you configured your service correctly? https://source.android.com/security/selinux/device-policy#label_new_services_and_address_denials
01-01 01:19:32.032     0     0 I [    3.544692 / 01-01 01:19:32.023][1] init: starting service 'lge-sensor-sh'...
01-01 01:19:32.032     0     0 I [    3.546173 / 01-01 01:19:32.023][1] init: starting service 'audioserver'...
01-01 01:19:32.032     0     0 F [    3.546197 / 01-01 01:19:32.023][2] init: cannot setexeccon('u:r:sensors:s0') for lge-sensor-sh: Invalid argument
01-01 01:19:32.035     1     1 I auditd  : type=1400 audit(0.0:30): avc: denied { write } for comm="init" name="online" dev="sysfs" ino=6344 scontext=u:r:init:s0 tcontext=u:object_r:sysfs_devices_system_cpu:s0 tclass=file permissive=1
01-01 01:19:32.035     1     1 I init    : type=1400 audit(0.0:30): avc: denied { write } for name="online" dev="sysfs" ino=6344 scontext=u:r:init:s0 tcontext=u:object_r:sysfs_devices_system_cpu:s0 tclass=file permissive=1
01-01 01:19:32.035     1     1 I auditd  : type=1400 audit(0.0:31): avc: denied { setattr } for comm="init" name="lpm" dev="proc" ino=4026535863 scontext=u:r:init:s0 tcontext=u:object_r:proc:s0 tclass=file permissive=1
01-01 01:19:32.035     1     1 I init    : type=1400 audit(0.0:31): avc: denied { setattr } for name="lpm" dev="proc" ino=4026535863 scontext=u:r:init:s0 tcontext=u:object_r:proc:s0 tclass=file permissive=1
01-01 01:19:32.036     0     0 I [    3.547832 / 01-01 01:19:32.027][1] init: starting service 'lmkd'...
01-01 01:19:32.036     0     0 I [    3.549095 / 01-01 01:19:32.027][1] init: starting service 'surfaceflinger'...
01-01 01:19:32.037   419   419 I Netd    : Netd 1.0 starting
01-01 01:19:32.040     0     0 I [    3.551724 / 01-01 01:19:32.031][1] init: starting service 'thermalservice'...
01-01 01:19:32.040     0     0 I [    3.552629 / 01-01 01:19:32.031][2] init: Created socket '/dev/socket/lmkd', mode 660, user 1000, group 1000
01-01 01:19:32.040     0     0 I [    3.552949 / 01-01 01:19:32.031][1] init: Service 'lge-sensor-sh' (pid 436) exited with status 6
01-01 01:19:32.040     0     0 I [    3.553260 / 01-01 01:19:32.031][1] init: processing action (boot) from (/init.usb.rc:21)
01-01 01:19:32.040     0     0 I [    3.553623 / 01-01 01:19:32.031][1] init: processing action (persist.sys.usb.config=* && boot) from (/init.usb.rc:102)
01-01 01:19:32.040     0     0 I [    3.553712 / 01-01 01:19:32.031][1] init: processing action (boot) from (/init.qcom.rc:135)
01-01 01:19:32.040     0     0 I [    3.554118 / 01-01 01:19:32.031][1] init: Command 'start rmt_storage' action=boot (/init.qcom.rc:136) took 0ms and failed: Could not start service: File /system/vendor/bin/rmt_storage(labeled "u:object_r:vendor_file:s0") has incorrect label or no domain transition from u:r:init:s0 to another SELinux domain defined. Have you configured your service correctly? https://source.android.com/security/selinux/device-policy#label_new_services_and_address_denials
01-01 01:19:32.040     0     0 I [    3.554388 / 01-01 01:19:32.031][1] init: Command 'start rfs_access' action=boot (/init.qcom.rc:137) took 0ms and failed: Could not start service: File /system/vendor/bin/rfs_access(labeled "u:object_r:vendor_file:s0") has incorrect label or no domain transition from u:r:init:s0 to another SELinux domain defined. Have you configured your service correctly? https://source.android.com/security/selinux/device-policy#label_new_services_and_address_denials
01-01 01:19:32.040     0     0 I [    3.554942 / 01-01 01:19:32.035][1] msm_thermal: store_cc_enabled Core control disabled
01-01 01:19:32.043     1     1 I auditd  : type=1400 audit(0.0:32): avc: denied { setattr } for comm="init" name="firmware_path" dev="sysfs" ino=6843 scontext=u:r:init:s0 tcontext=u:object_r:sysfs:s0 tclass=file permissive=1
01-01 01:19:32.043     1     1 I init    : type=1400 audit(0.0:32): avc: denied { setattr } for name="firmware_path" dev="sysfs" ino=6843 scontext=u:r:init:s0 tcontext=u:object_r:sysfs:s0 tclass=file permissive=1
01-01 01:19:32.044     0     0 I [    3.555462 / 01-01 01:19:32.035][1] init: Command 'write /sys/devices/system/cpu/cpu0/online 1' action=boot (/init.qcom.rc:141) took 0ms and failed: Unable to write to file '/sys/devices/system/cpu/cpu0/online': Unable to write file contents: Invalid argument
01-01 01:19:32.044     0     0 I [    3.555845 / 01-01 01:19:32.035][1] init: Command 'write /sys/devices/system/cpu/cpu1/online 1' action=boot (/init.qcom.rc:142) took 0ms and failed: Unable to write to file '/sys/devices/system/cpu/cpu1/online': Unable to write file contents: Invalid argument
01-01 01:19:32.044     0     0 I [    3.556101 / 01-01 01:19:32.035][1] msm_thermal: store_cc_enabled Core control enabled
01-01 01:19:32.045   424   424 I ServiceManagement: Removing namespace from process name android.hidl.allocator@1.0-service to allocator@1.0-service.
01-01 01:19:32.046   424   424 E cutils-trace: Error opening trace file: Permission denied (13)
01-01 01:19:32.046   402   402 E cutils-trace: Error opening trace file: Permission denied (13)
01-01 01:19:32.048     0     0 E [    3.559914 / 01-01 01:19:32.039][2] init: Failed to bind socket 'pdx/system/vr/display/client': No such file or directory
01-01 01:19:32.048     0     0 E [    3.560429 / 01-01 01:19:32.039][2] init: Failed to bind socket 'pdx/system/vr/display/manager': No such file or directory
01-01 01:19:32.048     0     0 E [    3.560778 / 01-01 01:19:32.039][2] init: Failed to bind socket 'pdx/system/vr/display/vsync': No such file or directory
01-01 01:19:32.048     0     0 E [    3.561728 / 01-01 01:19:32.039][1] init: Init cannot set 'ro.telephony.call_ring.multiple' to 'false': Read-only property was already set
01-01 01:19:32.048     0     0 I [    3.561914 / 01-01 01:19:32.039][1] init: Command 'chmod 0755 /system/bin/ip' action=boot (/init.qcom.rc:208) took 0ms and failed: fchmodat() failed: Read-only file system
01-01 01:19:32.052     0     0 E [    3.566717 / 01-01 01:19:32.043][1] init: Could not start service 'rmt_storage' as part of class 'core': File /system/vendor/bin/rmt_storage(labeled "u:object_r:vendor_file:s0") has incorrect label or no domain transition from u:r:init:s0 to another SELinux domain defined. Have you configured your service correctly? https://source.android.com/security/selinux/device-policy#label_new_services_and_address_denials
01-01 01:19:32.052     0     0 E [    3.566959 / 01-01 01:19:32.047][1] init: Could not start service 'rfs_access' as part of class 'core': File /system/vendor/bin/rfs_access(labeled "u:object_r:vendor_file:s0") has incorrect label or no domain transition from u:r:init:s0 to another SELinux domain defined. Have you configured your service correctly? https://source.android.com/security/selinux/device-policy#label_new_services_and_address_denials
01-01 01:19:32.056     0     0 E [    3.567088 / 01-01 01:19:32.047][1] init: Could not start service 'config_bt_addr' as part of class 'core': File /system/vendor/bin/btnvtool(labeled "u:object_r:vendor_file:s0") has incorrect label or no domain transition from u:r:init:s0 to another SELinux domain defined. Have you configured your service correctly? https://source.android.com/security/selinux/device-policy#label_new_services_and_address_denials
01-01 01:19:32.056     0     0 E [    3.567271 / 01-01 01:19:32.047][1] init: Could not start service 'qseecomd' as part of class 'core': File /system/vendor/bin/qseecomd(labeled "u:object_r:vendor_file:s0") has incorrect label or no domain transition from u:r:init:s0 to another SELinux domain defined. Have you configured your service correctly? https://source.android.com/security/selinux/device-policy#label_new_services_and_address_denials
01-01 01:19:32.056     0     0 E [    3.567418 / 01-01 01:19:32.047][1] init: Could not start service 'per_mgr' as part of class 'core': File /system/vendor/bin/pm-service(labeled "u:object_r:vendor_file:s0") has incorrect label or no domain transition from u:r:init:s0 to another SELinux domain defined. Have you configured your service correctly? https://source.android.com/security/selinux/device-policy#label_new_services_and_address_denials
01-01 01:19:32.056     0     0 E [    3.567559 / 01-01 01:19:32.047][1] init: Could not start service 'hwaddrs' as part of class 'core': File /system/bin/hwaddrs(labeled "u:object_r:system_file:s0") has incorrect label or no domain transition from u:r:init:s0 to another SELinux domain defined. Have you configured your service correctly? https://source.android.com/security/selinux/device-policy#label_new_services_and_address_denials
01-01 01:19:32.060     0     0 W         : [    3.571793 / 01-01 01:19:32.051][3] [RGB LED] Play pattern 0, (PATTERN_SCENARIO_DEFAULT_OFF)
01-01 01:19:32.060     0     0 I [    3.572390 / 01-01 01:19:32.051][0] init: processing action (boot) from (init.qcom.usb.rc:32)
01-01 01:19:32.060     0     0 I [    3.573034 / 01-01 01:19:32.051][0] init: processing action (boot) from (init.qcom.power.rc:1)
01-01 01:19:32.060     0     0 I [    3.573443 / 01-01 01:19:32.051][0] init: Command 'write /dev/cpuset/foreground/cpus 0-5' action=boot (init.qcom.power.rc:3) took 0ms and failed: Unable to write to file '/dev/cpuset/foreground/cpus': Unable to write file contents: Invalid argument
01-01 01:19:32.060     0     0 I [    3.573779 / 01-01 01:19:32.051][0] init: Command 'write /dev/cpuset/background/cpus 0-5' action=boot (init.qcom.power.rc:4) took 0ms and failed: Unable to write to file '/dev/cpuset/background/cpus': Unable to write file contents: Invalid argument
01-01 01:19:32.060     0     0 I [    3.574081 / 01-01 01:19:32.051][0] init: Command 'write /dev/cpuset/system-background/cpus 0-5' action=boot (init.qcom.power.rc:5) took 0ms and failed: Unable to write to file '/dev/cpuset/system-background/cpus': Unable to write file contents: Invalid argument
01-01 01:19:32.060     0     0 I [    3.574347 / 01-01 01:19:32.051][0] init: Command 'write /dev/cpuset/top-app/cpus 0-5' action=boot (init.qcom.power.rc:6) took 0ms and failed: Unable to write to file '/dev/cpuset/top-app/cpus': Unable to write file contents: Invalid argument
01-01 01:19:32.060     0     0 I [    3.575282 / 01-01 01:19:32.055][0] init: Command 'write /dev/cpuset/camera-daemon/cpus 0-5' action=boot (init.qcom.power.rc:11) took 0ms and failed: Unable to write to file '/dev/cpuset/camera-daemon/cpus': Unable to write file contents: Invalid argument
01-01 01:19:32.064     0     0 I [    3.575920 / 01-01 01:19:32.055][0] init: processing action (boot) from (/system/etc/init/bootstat.rc:61)
01-01 01:19:32.064     0     0 I [    3.576014 / 01-01 01:19:32.055][0] init: processing action (boot) from (/system/etc/init/dumpstate.rc:1)
01-01 01:19:32.064     0     0 I [    3.576227 / 01-01 01:19:32.055][0] init: processing action (enable_property_trigger) from (<Builtin Action>:0)
01-01 01:19:32.064     0     0 I [    3.576527 / 01-01 01:19:32.055][0] init: processing action (security.perf_harden=1) from (/init.rc:735)
01-01 01:19:32.064     0     0 I [    3.576985 / 01-01 01:19:32.055][0] init: processing action (ro.debuggable=1) from (/init.rc:759)
01-01 01:19:32.064     0     0 I [    3.577655 / 01-01 01:19:32.055][0] init: starting service 'console'...
01-01 01:19:32.064     0     0 E [    3.578630 / 01-01 01:19:32.055][3] init: setpgid failed for console: Operation not permitted
01-01 01:19:32.064     0     0 I [    3.578774 / 01-01 01:19:32.055][0] init: processing action (sys.usb.config=adb && sys.usb.configfs=0) from (/init.usb.rc:34)
01-01 01:19:32.068     0     0 I         : [    3.579473 / 01-01 01:19:32.059][0] android_usb android0: gadget enable(0)
01-01 01:19:32.068     0     0 E [    3.579494 / 01-01 01:19:32.059][0] enable_store: android_usb: already disabled
01-01 01:19:32.068     0     0 I         : [    3.580668 / 01-01 01:19:32.059][0] android_usb android0: LGE-USB request function list: adb
01-01 01:19:32.068     0     0 I         : [    3.580976 / 01-01 01:19:32.059][0] android_usb android0: gadget enable(1)
01-01 01:19:32.068     0     0 I [    3.581200 / 01-01 01:19:32.059][0] init: starting service 'adbd'...
01-01 01:19:32.068     0     0 I [    3.582590 / 01-01 01:19:32.059][0] init: processing action (init.svc.surfaceflinger=running) from (/init.qcom.rc:733)
01-01 01:19:32.072     0     0 I [    3.583176 / 01-01 01:19:32.063][0] init: Command 'start ppd' action=init.svc.surfaceflinger=running (/init.qcom.rc:734) took 0ms and failed: Could not start service: File /system/vendor/bin/mm-pp-daemon(labeled "u:object_r:vendor_file:s0") has incorrect label or no domain transition from u:r:init:s0 to another SELinux domain defined. Have you configured your service correctly? https://source.android.com/security/selinux/device-policy#label_new_services_and_address_denials
01-01 01:19:32.072     0     0 I [    3.583191 / 01-01 01:19:32.063][1] init: Created socket '/dev/socket/adbd', mode 660, user 1000, group 1000
01-01 01:19:32.072     0     0 I [    3.583258 / 01-01 01:19:32.063][0] init: processing action (ro.data.large_tcp_window_size=true) from (/init.qcom.rc:866)
01-01 01:19:32.072     0     0 I [    3.583909 / 01-01 01:19:32.063][0] init: processing action (ro.data.large_tcp_window_size=true) from (/init.qcom.rc:942)
01-01 01:19:32.072     0     0 I [    3.584421 / 01-01 01:19:32.063][0] init: processing action (nonencrypted) from (/init.rc:680)
01-01 01:19:32.072     0     0 E [    3.584843 / 01-01 01:19:32.063][0] init: Could not start service 'imsqmidaemon' as part of class 'main': File /system/vendor/bin/imsqmidaemon(labeled "u:object_r:vendor_file:s0") has incorrect label or no domain transition from u:r:init:s0 to another SELinux domain defined. Have you configured your service correctly? https://source.android.com/security/selinux/device-policy#label_new_services_and_address_denials
01-01 01:19:32.072     0     0 E [    3.585041 / 01-01 01:19:32.063][0] init: Could not start service 'imscmservice' as part of class 'main': File /system/vendor/bin/imscmservice(labeled "u:object_r:vendor_file:s0") has incorrect label or no domain transition from u:r:init:s0 to another SELinux domain defined. Have you configured your service correctly? https://source.android.com/security/selinux/device-policy#label_new_services_and_address_denials
01-01 01:19:32.072     0     0 E [    3.585186 / 01-01 01:19:32.063][0] init: Could not start service 'irsc_util' as part of class 'main': File /system/vendor/bin/irsc_util(labeled "u:object_r:vendor_file:s0") has incorrect label or no domain transition from u:r:init:s0 to another SELinux domain defined. Have you configured your service correctly? https://source.android.com/security/selinux/device-policy#label_new_services_and_address_denials
01-01 01:19:32.072     0     0 E [    3.585379 / 01-01 01:19:32.063][0] init: Could not start service 'qcom-c_main-sh' as part of class 'main': File /system/bin/init.class_main.sh(labeled "u:object_r:system_file:s0") has incorrect label or no domain transition from u:r:init:s0 to another SELinux domain defined. Have you configured your service correctly? https://source.android.com/security/selinux/device-policy#label_new_services_and_address_denials
01-01 01:19:32.072     0     0 E [    3.585844 / 01-01 01:19:32.063][0] init: Could not start service 'thermal-engine' as part of class 'main': File /system/vendor/bin/thermal-engine(labeled "u:object_r:vendor_file:s0") has incorrect label or no domain transition from u:r:init:s0 to another SELinux domain defined. Have you configured your service correctly? https://source.android.com/security/selinux/device-policy#label_new_services_and_address_denials
01-01 01:19:32.072     0     0 E [    3.586141 / 01-01 01:19:32.063][0] init: Could not start service 'adsprpcd' as part of class 'main': File /system/vendor/bin/adsprpcd(labeled "u:object_r:vendor_file:s0") has incorrect label or no domain transition from u:r:init:s0 to another SELinux domain defined. Have you configured your service correctly? https://source.android.com/security/selinux/device-policy#label_new_services_and_address_denials
01-01 01:19:32.072     0     0 E [    3.586311 / 01-01 01:19:32.063][0] init: Could not start service 'energy-awareness' as part of class 'main': File /system/vendor/bin/energy-awareness(labeled "u:object_r:vendor_file:s0") has incorrect label or no domain transition from u:r:init:s0 to another SELinux domain defined. Have you configured your service correctly? https://source.android.com/security/selinux/device-policy#label_new_services_and_address_denials
01-01 01:19:32.072     0     0 E [    3.586358 / 01-01 01:19:32.063][0] init: Could not start service 'imswmsproxy' as part of class 'main': Cannot find '/system/bin/imswmsproxy': No such file or directory
01-01 01:19:32.072     0     0 I [    3.586656 / 01-01 01:19:32.063][0] init: starting service 'cameraserver'...
01-01 01:19:32.076     0     0 E [    3.587795 / 01-01 01:19:32.067][3] init: couldn't write 444 to /dev/cpuset/camera-daemon/tasks: No space left on device
01-01 01:19:32.076     0     0 I [    3.588669 / 01-01 01:19:32.067][0] init: starting service 'drm'...
01-01 01:19:32.076     0     0 I [    3.590625 / 01-01 01:19:32.067][0] init: starting service 'incidentd'...
01-01 01:19:32.080     0     0 I [    3.592341 / 01-01 01:19:32.071][0] init: starting service 'installd'...
01-01 01:19:32.080     0     0 I [    3.594344 / 01-01 01:19:32.071][0] init: starting service 'keystore'...
01-01 01:19:32.084     0     0 I [    3.596133 / 01-01 01:19:32.075][0] init: starting service 'mediadrm'...
01-01 01:19:32.084     0     0 I [    3.598091 / 01-01 01:19:32.075][0] init: starting service 'mediaextractor'...
01-01 01:19:32.088     0     0 I [    3.600243 / 01-01 01:19:32.079][0] init: starting service 'mediametrics'...
01-01 01:19:32.088     0     0 I [    3.602167 / 01-01 01:19:32.079][0] init: starting service 'media'...
01-01 01:19:32.092     0     0 I [    3.604295 / 01-01 01:19:32.083][0] init: starting service 'statsd'...
01-01 01:19:32.092     0     0 I [    3.606156 / 01-01 01:19:32.083][1] init: Created socket '/dev/socket/statsdw', mode 222, user 1066, group 1066
01-01 01:19:32.092     0     0 I [    3.606231 / 01-01 01:19:32.083][0] init: starting service 'storaged'...
01-01 01:19:32.092     0     0 I [    3.607287 / 01-01 01:19:32.087][2] init: Opened file '/d/mmc0/mmc0:0001/ext_csd', flags 0
01-01 01:19:32.096     0     0 I [    3.608189 / 01-01 01:19:32.087][0] init: starting service 'wificond'...
01-01 01:19:32.096     0     0 I [    3.610130 / 01-01 01:19:32.087][0] init: starting service 'vendor.media.omx'...
01-01 01:19:32.100     0     0 E [    3.611724 / 01-01 01:19:32.091][0] init: Could not start service 'cnd' as part of class 'late_start': Cannot find '/system/bin/cnd': No such file or directory
01-01 01:19:32.100     0     0 E [    3.612106 / 01-01 01:19:32.091][0] init: Could not start service 'ppd' as part of class 'late_start': File /system/vendor/bin/mm-pp-daemon(labeled "u:object_r:vendor_file:s0") has incorrect label or no domain transition from u:r:init:s0 to another SELinux domain defined. Have you configured your service correctly? https://source.android.com/security/selinux/device-policy#label_new_services_and_address_denials
01-01 01:19:32.100     0     0 E [    3.612378 / 01-01 01:19:32.091][0] init: Could not start service 'bdaddr_loader' as part of class 'late_start': File /system/vendor/bin/bdaddr_loader(labeled "u:object_r:vendor_file:s0") has incorrect label or no domain transition from u:r:init:s0 to another SELinux domain defined. Have you configured your service correctly? https://source.android.com/security/selinux/device-policy#label_new_services_and_address_denials
01-01 01:19:32.100     0     0 E [    3.612807 / 01-01 01:19:32.091][0] init: Could not start service 'qcamerasvr' as part of class 'late_start': File /system/vendor/bin/mm-qcamera-daemon(labeled "u:object_r:vendor_file:s0") has incorrect label or no domain transition from u:r:init:s0 to another SELinux domain defined. Have you configured your service correctly? https://source.android.com/security/selinux/device-policy#label_new_services_and_address_denials
01-01 01:19:32.100     0     0 E [    3.612980 / 01-01 01:19:32.091][0] init: Could not start service 'time_daemon' as part of class 'late_start': File /system/vendor/bin/time_daemon(labeled "u:object_r:vendor_file:s0") has incorrect label or no domain transition from u:r:init:s0 to another SELinux domain defined. Have you configured your service correctly? https://source.android.com/security/selinux/device-policy#label_new_services_and_address_denials
01-01 01:19:32.100     0     0 I [    3.613319 / 01-01 01:19:32.091][0] init: starting service 'gatekeeperd'...
01-01 01:19:32.104     0     0 I [    3.615398 / 01-01 01:19:32.095][0] init: starting service 'perfprofd'...
01-01 01:19:32.104     0     0 I [    3.617127 / 01-01 01:19:32.095][0] init: starting service 'tombstoned'...
01-01 01:19:32.104     0     0 I [    3.618655 / 01-01 01:19:32.095][1] init: Created socket '/dev/socket/tombstoned_crash', mode 666, user 1000, group 1000
01-01 01:19:32.104     0     0 I [    3.618981 / 01-01 01:19:32.099][0] init: starting service 'usbd'...
01-01 01:19:32.108     0     0 I [    3.619351 / 01-01 01:19:32.099][1] init: Created socket '/dev/socket/tombstoned_intercept', mode 666, user 1000, group 1000
01-01 01:19:32.108     0     0 I [    3.619805 / 01-01 01:19:32.099][1] init: Created socket '/dev/socket/tombstoned_java_trace', mode 666, user 1000, group 1000
01-01 01:19:32.227   426   426 D android.hardware.cas@1.0-service: android.hardware.cas@1.0-service starting...
01-01 01:19:32.227   426   426 I ServiceManagement: Removing namespace from process name android.hardware.cas@1.0-service to cas@1.0-service.
01-01 01:19:32.228   449   449 I mediaserver: ServiceManager: 0xec11c120
01-01 01:19:32.228   426   426 E cutils-trace: Error opening trace file: Permission denied (13)
01-01 01:19:32.412   425   425 I health@2.0/: health@2.0/backup: Hal starting main loop...
01-01 01:19:32.412   425   425 I health@2.0/: health@2.0/backup Hal is starting up...
01-01 01:19:32.423   429   429 E cutils-trace: Error opening trace file: Permission denied (13)
01-01 01:19:32.428   456   456 I media.codec: mediacodecservice starting
01-01 01:19:32.430   432   432 E cutils-trace: Error opening trace file: Permission denied (13)
01-01 01:19:32.434   456   456 W media.codec: libminijail[456]: failed to get path of fd 4: No such file or directory
01-01 01:19:32.434   456   456 W media.codec: libminijail[456]: allowing syscall: clock_gettime
01-01 01:19:32.434   456   456 W media.codec: libminijail[456]: allowing syscall: connect
01-01 01:19:32.434   456   456 W media.codec: libminijail[456]: allowing syscall: fcntl64
01-01 01:19:32.434   456   456 W media.codec: libminijail[456]: allowing syscall: socket
01-01 01:19:32.434   456   456 W media.codec: libminijail[456]: allowing syscall: writev
01-01 01:19:32.437   456   456 W media.codec: libminijail[456]: logging seccomp filter failures
01-01 01:19:32.437   427   427 W /vendor/bin/hw/android.hardware.configstore@1.1-service: libminijail[427]: allowing syscall: connect
01-01 01:19:32.437   427   427 W /vendor/bin/hw/android.hardware.configstore@1.1-service: libminijail[427]: allowing syscall: fcntl
01-01 01:19:32.437   427   427 W /vendor/bin/hw/android.hardware.configstore@1.1-service: libminijail[427]: allowing syscall: sendto
01-01 01:19:32.438   427   427 W /vendor/bin/hw/android.hardware.configstore@1.1-service: libminijail[427]: allowing syscall: socket
01-01 01:19:32.438   427   427 W /vendor/bin/hw/android.hardware.configstore@1.1-service: libminijail[427]: allowing syscall: writev
01-01 01:19:32.439   428   428 E cutils-trace: Error opening trace file: Permission denied (13)
01-01 01:19:32.441   430   430 E cutils-trace: Error opening trace file: Permission denied (13)
01-01 01:19:32.442   431   431 E cutils-trace: Error opening trace file: Permission denied (13)
01-01 01:19:32.446   456   456 W MediaCodecsXmlParser: unable to open media codecs configuration xml file: /data/misc/media/media_codecs_profiling_results.xml
01-01 01:19:32.446   456   456 W MediaCodecsXmlParser: parseTopLevelXMLFile(/data/misc/media/media_codecs_profiling_results.xml) failed
01-01 01:19:32.447   456   456 E MediaCodecsXmlParser: Cannot find the role for a decoder of type video/divx
01-01 01:19:32.447   456   456 E MediaCodecsXmlParser: Cannot find the role for a decoder of type video/divx311
01-01 01:19:32.447   456   456 E MediaCodecsXmlParser: Cannot find the role for a decoder of type video/divx4
01-01 01:19:32.447   456   456 E MediaCodecsXmlParser: Cannot find the role for a decoder of type video/x-ms-wmv
01-01 01:19:32.447   456   456 E MediaCodecsXmlParser: Cannot find the role for a decoder of type video/x-ms-wmv
01-01 01:19:32.448   433   433 I ServiceManagement: Removing namespace from process name android.hardware.usb@1.0-service to usb@1.0-service.
01-01 01:19:32.448   433   433 E cutils-trace: Error opening trace file: Permission denied (13)
01-01 01:19:32.449   456   456 I ServiceManagement: Removing namespace from process name android.hardware.media.omx@1.0-service to omx@1.0-service.
01-01 01:19:32.449   456   456 E cutils-trace: Error opening trace file: Permission denied (13)
01-01 01:19:32.461   419   419 D TetherController: Setting IP forward enable = 0
01-01 01:19:32.463   419   419 E         : Cannot determine initial API level of the device
01-01 01:19:32.470   434   434 I android.hardware.wifi@1.0-service: Wifi Hal is booting up...
01-01 01:19:32.470   434   434 I ServiceManagement: Removing namespace from process name android.hardware.wifi@1.0-service to wifi@1.0-service.
01-01 01:19:32.471   434   434 E cutils-trace: Error opening trace file: Permission denied (13)
01-01 01:19:32.487   438   438 I lowmemorykiller: Using in-kernel low memory killer interface
01-01 01:19:32.541   440   440 E cutils-trace: Error opening trace file: Permission denied (13)
01-01 01:19:32.570   453   453 W statsd  : statscompanion service unavailable!
01-01 01:19:32.637   453   453 I statsd  : using statsd socket
01-01 01:19:32.692   448   448 E cutils-trace: Error opening trace file: Permission denied (13)
01-01 01:19:32.721   447   447 I installd: installd firing up
01-01 01:19:32.749   427   427 W /vendor/bin/hw/android.hardware.configstore@1.1-service: libminijail[427]: logging seccomp filter failures
01-01 01:19:32.750   427   427 I ServiceManagement: Removing namespace from process name android.hardware.configstore@1.1-service to configstore@1.1-service.
01-01 01:19:32.750   427   427 E cutils-trace: Error opening trace file: Permission denied (13)
01-01 01:19:32.769   433   433 I android.hardware.usb@1.0-service: USB HAL Ready.
01-01 01:19:32.772   456   456 D vndksupport: Loading libstagefrighthw.so from current namespace instead of sphal namespace.
01-01 01:19:32.778   456   456 W MediaCodecsXmlParser: unable to open media codecs configuration xml file: /data/misc/media/media_codecs_profiling_results.xml
01-01 01:19:32.778   456   456 W MediaCodecsXmlParser: parseTopLevelXMLFile(/data/misc/media/media_codecs_profiling_results.xml) failed
01-01 01:19:32.778   456   456 I ServiceManagement: Removing namespace from process name android.hardware.media.omx@1.0-service to omx@1.0-service.
01-01 01:19:32.784   456   456 I media.codec: IOmx HAL service created.
01-01 01:19:32.787   440   440 I ServiceManagement: getService: Trying again for android.hardware.thermal@1.1::IThermal/default...
01-01 01:19:32.796     0     0 I [    4.304847 / 01-01 01:19:32.783][1] init: Received control message 'interface_start' for 'android.hardware.thermal@1.1::IThermal/default' from pid: 402 (/system/bin/hwservicemanager)
01-01 01:19:32.796     0     0 E [    4.304913 / 01-01 01:19:32.783][1] init: Could not find service hosting interface android.hardware.thermal@1.1::IThermal/default
01-01 01:19:32.796     0     0 I [    4.305145 / 01-01 01:19:32.783][1] init: Received control message 'interface_start' for 'android.hardware.thermal@1.1::IThermal/default' from pid: 402 (/system/bin/hwservicemanager)
01-01 01:19:32.796     0     0 E [    4.305176 / 01-01 01:19:32.783][1] init: Could not find service hosting interface android.hardware.thermal@1.1::IThermal/default
01-01 01:19:32.797   459   459 I /system/bin/tombstoned: tombstoned successfully initialized
01-01 01:19:32.840   469   469 I qcom-bluetooth: /system/bin/init.qcom.bt.sh: init.qcom.bt.sh config = onboot
01-01 01:19:32.853   425   425 D vndksupport: Loading /vendor/lib64/hw/android.hardware.health@1.0-impl.so from current namespace instead of sphal namespace.
01-01 01:19:32.853   429   429 D vndksupport: Loading /vendor/lib64/hw/android.hardware.health@1.0-impl.so from current namespace instead of sphal namespace.
01-01 01:19:32.853   432   432 D vndksupport: Loading /vendor/lib64/hw/android.hardware.thermal@1.0-impl.so from current namespace instead of sphal namespace.
01-01 01:19:32.854   428   428 D vndksupport: Loading /vendor/lib64/hw/android.hardware.graphics.allocator@2.0-impl.so from current namespace instead of sphal namespace.
01-01 01:19:32.854   430   430 D vndksupport: Loading /vendor/lib64/hw/android.hardware.light@2.0-impl.so from current namespace instead of sphal namespace.
01-01 01:19:32.854   431   431 D vndksupport: Loading /vendor/lib64/hw/android.hardware.nfc@1.0-impl.so from current namespace instead of sphal namespace.
01-01 01:19:32.855   443   480 I adbd    : initializing functionfs
01-01 01:19:32.855   443   480 I adbd    : opening control endpoint /dev/usb-ffs/adb/ep0
01-01 01:19:32.856     0     0 I [    4.367984 / 01-01 01:19:32.847][0] FG: update_battery_type: use battery type : itech_3000mah
01-01 01:19:32.856     0     0 I [    4.368015 / 01-01 01:19:32.847][0] of_batterydata_get_best_profile: itech_3000mah found
01-01 01:19:32.856     0     0 I         : [    4.370825 / 01-01 01:19:32.847][2] read descriptors
01-01 01:19:32.856     0     0 I         : [    4.370930 / 01-01 01:19:32.851][2] read descriptors
