12-19 21:14:49.227  1321  1336 W VoiceInteractionManagerService: no available voice recognition services found for user 0
12-19 21:14:49.231  1321  1336 I ActivityManager: Loading recents for user 0 into memory.
12-19 21:14:49.243  1321  2521 W ResourceType: No known package when getting value for resource number 0x7f08012c
12-19 21:14:49.243  1321  2521 W ResourceType: No known package when getting value for resource number 0x7f120df1
12-19 21:14:49.243  1321  2521 W ResourceType: No known package when getting value for resource number 0x7f08012b
12-19 21:14:49.243  1321  2521 W ResourceType: No known package when getting value for resource number 0x7f1203e7
12-19 21:14:49.243  1321  2521 W ResourceType: No known package when getting value for resource number 0x7f08012a
12-19 21:14:49.243  1321  2521 W ResourceType: No known package when getting value for resource number 0x7f12086b
12-19 21:14:49.250  1321  1336 I ActivityManager: Start proc 2522:com.android.nfc/1027 for added application com.android.nfc
12-19 21:14:49.259  1321  2521 W ResourceType: No known package when getting value for resource number 0x7f020067
12-19 21:14:49.259  1321  2521 W ResourceType: No known package when getting value for resource number 0x7f0e0068
12-19 21:14:49.260  2505  2505 I Dialer  : NonUiTaskBuilder.newThread - creating parallel thread
12-19 21:14:49.265  2505  2505 I Dialer  : CallLogFramework.registerContentObservers - enter
12-19 21:14:49.268  2505  2505 I Dialer  : NonUiTaskBuilder.newThread - creating serial thread
12-19 21:14:49.269  2471  2471 W libc    : Unable to set property "ro.min_freq_0" to "384000": error code: 0xb
12-19 21:14:49.269  1321  2521 W ResourceType: No known package when getting value for resource number 0x7f02007b
12-19 21:14:49.269  1321  2521 W ResourceType: No known package when getting value for resource number 0x7f0e0072
12-19 21:14:49.269  1321  2521 W ResourceType: No known package when getting value for resource number 0x7f0e0072
12-19 21:14:49.273  1321  2521 W ResourceType: No known package when getting value for resource number 0x7f0200f3
12-19 21:14:49.273  1321  2521 W ResourceType: No known package when getting value for resource number 0x7f0f003e
12-19 21:14:49.276  1321  1335 I ActivityManager: Start proc 2541:com.android.printspooler/u0a52 for service com.android.printspooler/.model.PrintSpoolerService
12-19 21:14:49.277  1321  1336 I ActivityManager: User 0 state changed from RUNNING_UNLOCKING to RUNNING_UNLOCKED
12-19 21:14:49.278  1321  1336 I PreBootBroadcaster: Pre-boot of {com.android.managedprovisioning/com.android.managedprovisioning.ota.PreBootListener} for user 0
12-19 21:14:49.282  2505  2505 I Dialer  : NotificationChannelManager.initChannels - enter
12-19 21:14:49.283  2540  2540 I setprop : type=1400 audit(0.0:945): avc: denied { write } for name="property_service" dev="tmpfs" ino=1833 scontext=u:r:toolbox:s0 tcontext=u:object_r:property_socket:s0 tclass=sock_file permissive=1
12-19 21:14:49.294  2024  2024 D BluetoothOppFileProvider: Initialized
12-19 21:14:49.297  1321  2521 W ResourceType: No known package when getting value for resource number 0x7f070088
12-19 21:14:49.297  1321  2521 W ResourceType: No known package when getting value for resource number 0x7f0f0042
12-19 21:14:49.298  2540  2540 W libc    : Unable to set property "ro.min_freq_4" to "384000": error code: 0xb
12-19 21:14:49.301   940  1019 E ThermalEngine: ACTION: CLUSTER - Setting CLUSTER[1] to 1248000
12-19 21:14:49.305  2194  2194 D FallbackHome: User unlocked and real home found; let's go!
12-19 21:14:49.311  2170  2170 D CarrierSvcBindHelper: Received android.intent.action.USER_UNLOCKED
12-19 21:14:49.311  2170  2170 E PhoneInterfaceManager: [PhoneIntfMgr] getCarrierPackageNamesForIntent: No UICC
12-19 21:14:49.311  2170  2170 D CarrierSvcBindHelper: No carrier app for: 0
12-19 21:14:49.314   940  1019 E ThermalEngine: ACTION: CLUSTER - Setting CLUSTER[1] to 1344000
12-19 21:14:49.332  1321  1321 I AccountManagerService: User 0 is unlocked - opening CE database
12-19 21:14:49.344  2575  2575 E ANDR-PERF-MPCTL: Unable to create control service (stage=1, rc=0)
12-19 21:14:49.345  2575  2575 W libc    : invalid pthread_t (0) passed to libc
12-19 21:14:49.345   940  1019 E ThermalEngine: ACTION: CLUSTER - Setting CLUSTER[1] to 1248000
12-19 21:14:49.349  1321  2093 I ActivityManager: Start proc 2576:com.android.smspush/u0a55 for service com.android.smspush/.WapPushManager
12-19 21:14:49.352  2053  2053 W KeyguardUpdateMonitor: invalid subId in handleSimStateChange()
12-19 21:14:49.355  1321  1337 W Looper  : Dispatch took 119ms on android.ui, h=Handler (com.android.server.am.ActivityManagerService$UiHandler) {d98f996} cb=null msg=53
12-19 21:14:49.375   940  1019 E ThermalEngine: ACTION: CLUSTER - Setting CLUSTER[1] to 1344000
12-19 21:14:49.377  1321  1332 I ActivityManager: Start proc 2602:android.process.media/u0a7 for broadcast com.android.providers.downloads/.DownloadReceiver
12-19 21:14:49.394  2522  2522 I NfcService: Starting NFC service
12-19 21:14:49.400  1321  2564 I ActivityManager: START u0 {act=android.intent.action.MAIN cat=[android.intent.category.HOME] flg=0x10000100 cmp=com.android.provision/.DefaultActivity} from uid 0
12-19 21:14:49.406   940  1019 E ThermalEngine: ACTION: CLUSTER - Setting CLUSTER[1] to 1248000
12-19 21:14:49.414  1321  1391 W System  : ClassLoader referenced unknown path: 
12-19 21:14:49.415  2440  2440 I chatty  : uid=10024(u0_a24) InflaterThread expire 1 line
12-19 21:14:49.415  2440  2440 W com.android.systemui: type=1400 audit(0.0:952): avc: granted { getattr } for comm=496E666C6174657254687265616420 path="/" dev="rootfs" ino=1 scontext=u:r:platform_app:s0:c512,c768 tcontext=u:object_r:rootfs:s0 tclass=dir
12-19 21:14:49.415  2437  2437 W com.android.systemui: type=1400 audit(0.0:953): avc: granted { getattr } for comm=496E666C6174657254687265616420 path="/" dev="rootfs" ino=1 scontext=u:r:platform_app:s0:c512,c768 tcontext=u:object_r:rootfs:s0 tclass=dir
12-19 21:14:49.429  1321  1336 I ActivityManager: Start proc 2628:com.android.provision/u0a18 for activity com.android.provision/.DefaultActivity
12-19 21:14:49.434  2522  2522 I BrcmNfcJni: NFC Service: loading nci JNI
12-19 21:14:49.434  2522  2522 D NfcAdaptation: readConfig Opened base config /vendor/etc/libnfc-brcm.conf
12-19 21:14:49.419  2440  2440 W com.android.systemui: type=1400 audit(0.0:959): avc: granted { getattr } for comm=496E666C6174657254687265616420 path="/" dev="rootfs" ino=1 scontext=u:r:platform_app:s0:c512,c768 tcontext=u:object_r:rootfs:s0 tclass=dir
12-19 21:14:49.419  2440  2440 I chatty  : uid=10024(u0_a24) InflaterThread identical 1 line
12-19 21:14:49.419  2440  2440 W com.android.systemui: type=1400 audit(0.0:961): avc: granted { getattr } for comm=496E666C6174657254687265616420 path="/" dev="rootfs" ino=1 scontext=u:r:platform_app:s0:c512,c768 tcontext=u:object_r:rootfs:s0 tclass=dir
12-19 21:14:49.423  2437  2437 W com.android.systemui: type=1400 audit(0.0:962): avc: granted { getattr } for comm=496E666C6174657254687265616420 path="/" dev="rootfs" ino=1 scontext=u:r:platform_app:s0:c512,c768 tcontext=u:object_r:rootfs:s0 tclass=dir
12-19 21:14:49.423  2437  2437 I chatty  : uid=10024(u0_a24) InflaterThread identical 1 line
12-19 21:14:49.423  2437  2437 W com.android.systemui: type=1400 audit(0.0:964): avc: granted { getattr } for comm=496E666C6174657254687265616420 path="/" dev="rootfs" ino=1 scontext=u:r:platform_app:s0:c512,c768 tcontext=u:object_r:rootfs:s0 tclass=dir
12-19 21:14:49.431  2439  2439 W com.android.systemui: type=1400 audit(0.0:965): avc: granted { getattr } for comm=496E666C6174657254687265616420 path="/" dev="rootfs" ino=1 scontext=u:r:platform_app:s0:c512,c768 tcontext=u:object_r:rootfs:s0 tclass=dir
12-19 21:14:49.431  2439  2439 I chatty  : uid=10024(u0_a24) InflaterThread identical 1 line
12-19 21:14:49.431  2439  2439 W com.android.systemui: type=1400 audit(0.0:967): avc: granted { getattr } for comm=496E666C6174657254687265616420 path="/" dev="rootfs" ino=1 scontext=u:r:platform_app:s0:c512,c768 tcontext=u:object_r:rootfs:s0 tclass=dir
12-19 21:14:49.437   940  1019 E ThermalEngine: ACTION: CLUSTER - Setting CLUSTER[1] to 960000
12-19 21:14:49.444  2522  2522 D NfcAdaptation: find found SCREEN_OFF_POWER_STATE=(0x1)
12-19 21:14:49.446  2522  2522 D NfcAdaptation: find found AID_MATCHING_MODE=(0x1)
12-19 21:14:49.449  2522  2522 W Settings: Setting device_provisioned has moved from android.provider.Settings.Secure to android.provider.Settings.Global.
12-19 21:14:49.483  2053  2053 I zygote64: Deoptimizing void com.android.systemui.statusbar.ViewTransformationHelper.setVisible(boolean) due to JIT inline cache
12-19 21:14:49.523  1321  2058 D PackageManager: Ephemeral installer not found with new action; try old one
12-19 21:14:49.524  1321  2058 D PackageManager: Clear ephemeral installer activity
12-19 21:14:49.537  1321  1335 I ActivityManager: Start proc 2650:com.android.keychain/1000 for service com.android.keychain/.KeyChainService
12-19 21:14:49.550  2522  2522 I NfceeAccess: read 3 signature(s) for NFCEE access
12-19 21:14:49.554  1321  1333 D PackageManager: Ephemeral installer not found with new action; try old one
12-19 21:14:49.555  1321  1333 D PackageManager: Clear ephemeral installer activity
12-19 21:14:49.576  2522  2522 D RegisteredT3tIdentifiersCache: RegisteredT3tIdentifiersCache
12-19 21:14:49.593  1321  2187 I ActivityManager: START u0 {act=android.intent.action.MAIN cat=[android.intent.category.HOME] flg=0x10000100 cmp=com.android.launcher3/.Launcher} from uid 0
12-19 21:14:49.618  1321  2187 I ActivityManager: Start proc 2669:com.android.launcher3/1000 for activity com.android.launcher3/.Launcher
12-19 21:14:49.639  2522  2522 D RegisteredServicesCache: Dynamic AIDs file does not exist.
12-19 21:14:49.644  2522  2522 D RegisteredNfcFServicesCache: Dynamic System Code, NFCID2 file does not exist.
12-19 21:14:49.661  2522  2522 D RegisteredNfcFServicesCache: Service unchanged, not updating
12-19 21:14:49.671  2522  2685 D NfcService: checking on firmware download
12-19 21:14:49.671  2522  2685 D NfcService: NFC is on. Doing normal stuff
12-19 21:14:49.671  2522  2685 I NfcService: Enabling NFC
12-19 21:14:49.674  2602  2602 D MediaScannerReceiver: action: android.intent.action.MEDIA_MOUNTED path: /storage/emulated/0
12-19 21:14:49.677  2522  2685 D NfcAdaptation: find found SCREEN_OFF_POWER_STATE=(0x1)
12-19 21:14:49.677  2522  2685 D NfcAdaptation: NfcAdaptation::Initialize: enter
12-19 21:14:49.677  2522  2685 E NfcAdaptation: NfcAdaptation::Initialize: ver=NFCDROID-AOSP_M_00.01 nfa=NFA_PI_1.03.66+
12-19 21:14:49.677  2522  2685 D NfcAdaptation: find found NFA_STORAGE=/data/nfc
12-19 21:14:49.677  2522  2685 D NfcAdaptation: find found PROTOCOL_TRACE_LEVEL=(0xFFFFFFFF)
12-19 21:14:49.677  2522  2685 D NfcAdaptation: find found NFA_MAX_EE_SUPPORTED=(0x2)
12-19 21:14:49.678  2522  2685 D NfcAdaptation: NfcAdaptation::Initialize: Overriding NFA_EE_MAX_EE_SUPPORTED to use 2
12-19 21:14:49.678  2522  2685 D NfcAdaptation: find found APPL_TRACE_LEVEL=(0xFF)
12-19 21:14:49.680  2522  2685 D BrcmNfcJni: initializeGlobalAppLogLevel: level=5
12-19 21:14:49.680  2522  2685 D         : verify_stack_non_volatile_store
12-19 21:14:49.680  2522  2685 D NfcNciHal: crcChecksumVerifyIntegrity: filename=/data/nfc/nfaStorage.bin1
12-19 21:14:49.680  2522  2685 D NfcNciHal: crcChecksumVerifyIntegrity: filename=/data/nfc/nfaStorage.bin2
12-19 21:14:49.680  2522  2685 D NfcNciHal: crcChecksumVerifyIntegrity: filename=/data/nfc/nfaStorage.bin3
12-19 21:14:49.680  2522  2685 D NfcNciHal: crcChecksumVerifyIntegrity: filename=/data/nfc/nfaStorage.bin4
12-19 21:14:49.680  2522  2685 D NfcNciHal: crcChecksumVerifyIntegrity: filename=/data/nfc/nfaStorage.bin5
12-19 21:14:49.680  2522  2685 D NfcAdaptation: find found PRESERVE_STORAGE=(0x1)
12-19 21:14:49.680  2522  2685 D NfcAdaptation: Initialize: preserve stack NV store
12-19 21:14:49.681  2522  2688 D NfcAdaptation: NfcAdaptation::NFCA_TASK: enter
12-19 21:14:49.681  2522  2688 I BrcmNfcNfa: GKI_run(): Start/Stop GKI_timer_update_registered!
12-19 21:14:49.681  2522  2689 D NfcAdaptation: NfcAdaptation::Thread: enter
12-19 21:14:49.681  2522  2690 I BrcmNfcNfa: NFC_TASK started.
12-19 21:14:49.681  2522  2689 D NfcAdaptation: NfcAdaptation::Thread: exit
12-19 21:14:49.681  2522  2689 E BrcmNfcNfa: gki_task task_id=0 terminating
12-19 21:14:49.681  2522  2685 D NfcAdaptation: NfcAdaptation::InitializeHalDeviceContext: enter
12-19 21:14:49.681  2522  2685 I NfcAdaptation: NfcAdaptation::InitializeHalDeviceContext: INfc::getService()
12-19 21:14:49.684  1157  1157 W /system/bin/hwservicemanager: getTransportFromManifest: Cannot find entry android.hardware.nfc@1.0::INfc in either framework or device manifest, using default transport.
12-19 21:14:49.692  2522  2685 E android.hardware.nfc@1.0-impl: hw_get_module nfc_nci failed: -2
12-19 21:14:49.692  2522  2685 E android.hardware.nfc@1.0-impl: Passthrough failed to load legacy HAL.
--------- beginning of crash
12-19 21:14:49.693  2522  2685 F libc    : Fatal signal 11 (SIGSEGV), code 1, fault addr 0x0 in tid 2685 (AsyncTask #1)
12-19 21:14:49.708  1321  2093 I ActivityManager: Start proc 2695:com.android.managedprovisioning/u0a15 for broadcast com.android.managedprovisioning/.ota.PreBootListener
12-19 21:14:49.720  2669  2669 D LauncherProvider: Launcher process started
12-19 21:14:49.759  1321  1321 D AndroidRuntime: Shutting down VM
12-19 21:14:49.759  1321  1321 E AndroidRuntime: *** FATAL EXCEPTION IN SYSTEM PROCESS: main
12-19 21:14:49.759  1321  1321 E AndroidRuntime: java.lang.UnsatisfiedLinkError: dlopen failed: cannot locate symbol "_ZN9izat_core15IzatAdapterBase23onGdtDownloadBeginEventEijjPKhjS2_jPKcjjaja" referenced by "/system/vendor/lib64/libgeofence.so"...
12-19 21:14:49.759  1321  1321 E AndroidRuntime: 	at java.lang.Runtime.loadLibrary0(Runtime.java:1016)
12-19 21:14:49.759  1321  1321 E AndroidRuntime: 	at java.lang.System.loadLibrary(System.java:1657)
12-19 21:14:49.759  1321  1321 E AndroidRuntime: 	at com.qualcomm.location.izatserviceprovider.service.IzatServiceBase.<clinit>(IzatServiceBase.java:199)
12-19 21:14:49.759  1321  1321 E AndroidRuntime: 	at java.lang.Class.newInstance(Native Method)
12-19 21:14:49.759  1321  1321 E AndroidRuntime: 	at android.app.ActivityThread.handleCreateService(ActivityThread.java:3386)
12-19 21:14:49.759  1321  1321 E AndroidRuntime: 	at android.app.ActivityThread.-wrap4(Unknown Source:0)
12-19 21:14:49.759  1321  1321 E AndroidRuntime: 	at android.app.ActivityThread$H.handleMessage(ActivityThread.java:1683)
12-19 21:14:49.759  1321  1321 E AndroidRuntime: 	at android.os.Handler.dispatchMessage(Handler.java:105)
12-19 21:14:49.759  1321  1321 E AndroidRuntime: 	at android.os.Looper.loop(Looper.java:164)
12-19 21:14:49.759  1321  1321 E AndroidRuntime: 	at com.android.server.SystemServer.run(SystemServer.java:423)
12-19 21:14:49.759  1321  1321 E AndroidRuntime: 	at com.android.server.SystemServer.main(SystemServer.java:262)
12-19 21:14:49.759  1321  1321 E AndroidRuntime: 	at java.lang.reflect.Method.invoke(Native Method)
12-19 21:14:49.759  1321  1321 E AndroidRuntime: 	at com.android.internal.os.Zygote$MethodAndArgsCaller.run(Zygote.java:240)
12-19 21:14:49.759  1321  1321 E AndroidRuntime: 	at com.android.internal.os.ZygoteInit.main(ZygoteInit.java:767)
12-19 21:14:49.763  2709  2709 I crash_dump64: obtaining output fd from tombstoned
12-19 21:14:49.766  1321  1321 I Process : Sending signal. PID: 1321 SIG: 9
12-19 21:14:49.766   956   956 I /system/bin/tombstoned: received crash request for pid 2522
12-19 21:14:49.769  2709  2709 I crash_dump64: performing dump of process 2522 (target tid = 2685)
12-19 21:14:49.769  2709  2709 F DEBUG   : *** *** *** *** *** *** *** *** *** *** *** *** *** *** *** ***
12-19 21:14:49.769  2709  2709 F DEBUG   : Build fingerprint: 'lge/p1_global_com/p1:8.0/NRD90U/171931902b165:user/release-keys'
12-19 21:14:49.769  2709  2709 F DEBUG   : Revision: '11'
12-19 21:14:49.769  2709  2709 F DEBUG   : ABI: 'arm64'
12-19 21:14:49.769  2709  2709 F DEBUG   : pid: 2522, tid: 2685, name: AsyncTask #1  >>> com.android.nfc <<<
12-19 21:14:49.769  2709  2709 F DEBUG   : signal 11 (SIGSEGV), code 1 (SEGV_MAPERR), fault addr 0x0
12-19 21:14:49.769  2709  2709 F DEBUG   : Cause: null pointer dereference
12-19 21:14:49.770  2709  2709 F DEBUG   :     x0   00000076f040d4c0  x1   00000076e1cf0c40  x2   00000076f0400000  x3   0000000000000002
12-19 21:14:49.770  2709  2709 F DEBUG   :     x4   000000000000000d  x5   00000076e1cf08eb  x6   2e6c61685f636277  x7   2e746c7561666564
12-19 21:14:49.770  2709  2709 F DEBUG   :     x8   000000000000000e  x9   2850566f91a20df9  x10  0000000000000001  x11  0000000000000000
12-19 21:14:49.770  2709  2709 F DEBUG   :     x12  000000000000001d  x13  6f732e746c756166  x14  00000076fef79000  x15  00000076fef79000
12-19 21:14:49.770  2709  2709 F DEBUG   :     x16  00000076e1dfb9b0  x17  00000076fd05c6e8  x18  00000076fad22280  x19  0000000000000000
12-19 21:14:49.770  2709  2709 F DEBUG   :     x20  00000076e1d9216c  x21  00000076e1d927f8  x22  00000076e1cf10fc  x23  00000076e219c89e
12-19 21:14:49.770  2709  2709 F DEBUG   :     x24  0000000000000004  x25  00000076faf0e498  x26  00000076e1ebe000  x27  0000000000000001
12-19 21:14:49.770  2709  2709 F DEBUG   :     x28  0000000000000001  x29  00000076e1cf0da0  x30  00000076e1d69c98
12-19 21:14:49.770  2709  2709 F DEBUG   :     sp   00000076e1cf0d50  pc   00000076e1d69cf0  pstate 0000000060000000
12-19 21:14:49.779  2709  2709 F DEBUG   : 
12-19 21:14:49.779  2709  2709 F DEBUG   : backtrace:
12-19 21:14:49.779  2709  2709 F DEBUG   :     #00 pc 0000000000063cf0  /system/lib64/libnfc-nci.so (_ZN13NfcAdaptation26InitializeHalDeviceContextEv+368)
12-19 21:14:49.779  2709  2709 F DEBUG   :     #01 pc 0000000000063814  /system/lib64/libnfc-nci.so (_ZN13NfcAdaptation10InitializeEv+760)
12-19 21:14:49.780  2709  2709 F DEBUG   :     #02 pc 0000000000013358  /system/lib64/libnfc_nci_jni.so (_ZN7androidL23nfcManager_doInitializeEP7_JNIEnvP8_jobject+84)
12-19 21:14:49.780  2709  2709 F DEBUG   :     #03 pc 00000000000399bc  /data/dalvik-cache/arm64/system@app@NfcNci@NfcNci.apk@classes.dex (offset 0xf000)
12-19 21:14:49.812  2053  2075 W Sensors : sensorservice died [0x76faea7920]
12-19 21:14:49.812  1229  1229 D SurfaceFlinger: Set power mode=2, type=0 flinger=0x781ee6d000
12-19 21:14:49.812  1229  1229 D SurfaceFlinger: Screen type=0 is already mode=2
12-19 21:14:49.812  1156  1156 I ServiceManager: service 'telecom' died
12-19 21:14:49.813  1156  1156 I ServiceManager: service 'input_method' died
12-19 21:14:49.813  1156  1156 I ServiceManager: service 'uimode' died
12-19 21:14:49.813  1156  1156 I ServiceManager: service 'lock_settings' died
12-19 21:14:49.813  1156  1156 I ServiceManager: service 'oem_lock' died
12-19 21:14:49.813  1156  1156 I ServiceManager: service 'deviceidle' died
12-19 21:14:49.813  1156  1156 I ServiceManager: service 'device_policy' died
12-19 21:14:49.813  1156  1156 I ServiceManager: service 'statusbar' died
12-19 21:14:49.813  1156  1156 I ServiceManager: service 'clipboard' died
12-19 21:14:49.813  1235  1269 W AudioFlinger: power manager service died !!!
12-19 21:14:49.813  1235  1269 I chatty  : uid=1041(audioserver) Binder:1235_2 identical 2 lines
12-19 21:14:49.813  1235  1269 W AudioFlinger: power manager service died !!!
12-19 21:14:49.813  2669  2669 D AndroidRuntime: Shutting down VM
12-19 21:14:49.813  1156  1156 I ServiceManager: service 'network_management' died
12-19 21:14:49.814  1156  1156 I ServiceManager: service 'textservices' died
12-19 21:14:49.814  1156  1156 I ServiceManager: service 'network_score' died
12-19 21:14:49.814  1156  1156 I ServiceManager: service 'netstats' died
12-19 21:14:49.814  1156  1156 I ServiceManager: service 'netpolicy' died
12-19 21:14:49.814  1156  1156 I ServiceManager: service 'pinner' died
12-19 21:14:49.814  1156  1156 I ServiceManager: service 'accessibility' died
12-19 21:14:49.814  1156  1156 I ServiceManager: service 'wifi' died
12-19 21:14:49.814  1156  1156 I ServiceManager: service 'rttmanager' died
12-19 21:14:49.814  1156  1156 I ServiceManager: service 'wifiscanner' died
12-19 21:14:49.814  1156  1156 I ServiceManager: service 'wifip2p' died
12-19 21:14:49.814  2669  2669 E AndroidRuntime: FATAL EXCEPTION: main
12-19 21:14:49.814  2669  2669 E AndroidRuntime: Process: com.android.launcher3, PID: 2669
12-19 21:14:49.814  2669  2669 E AndroidRuntime: DeadSystemException: The system died; earlier logs will point to the root cause
12-19 21:14:49.814  1156  1156 I ServiceManager: service 'ethernet' died
12-19 21:14:49.814  1156  1156 I ServiceManager: service 'connectivity' died
12-19 21:14:49.814  1156  1156 I ServiceManager: service 'servicediscovery' died
12-19 21:14:49.814  1156  1156 I ServiceManager: service 'updatelock' died
12-19 21:14:49.814  1156  1156 I ServiceManager: service 'notification' died
12-19 21:14:49.814  1156  1156 I ServiceManager: service 'devicestoragemonitor' died
12-19 21:14:49.814  1156  1156 I ServiceManager: service 'location' died
12-19 21:14:49.814  1156  1156 I ServiceManager: service 'country_detector' died
12-19 21:14:49.814  1156  1156 I ServiceManager: service 'search' died
12-19 21:14:49.814  1156  1156 I ServiceManager: service 'wallpaper' died
12-19 21:14:49.814  1156  1156 I ServiceManager: service 'audio' died
12-19 21:14:49.814  1156  1156 I ServiceManager: service 'usb' died
12-19 21:14:49.814  1156  1156 I ServiceManager: service 'serial' died
12-19 21:14:49.814  1156  1156 I ServiceManager: service 'hardware_properties' died
12-19 21:14:49.814  1156  1156 I ServiceManager: service 'jobscheduler' died
12-19 21:14:49.814  1156  1156 I ServiceManager: service 'soundtrigger' died
12-19 21:14:49.814  1156  1156 I ServiceManager: service 'trust' died
12-19 21:14:49.814  1156  1156 I ServiceManager: service 'backup' died
12-19 21:14:49.814  1156  1156 I ServiceManager: service 'appwidget' died
12-19 21:14:49.814  1156  1156 I ServiceManager: service 'voiceinteraction' died
12-19 21:14:49.814  1156  1156 I ServiceManager: service 'diskstats' died
12-19 21:14:49.814  1156  1156 I ServiceManager: service 'samplingprofiler' died
12-19 21:14:49.814  1156  1156 I ServiceManager: service 'network_time_update_service' died
12-19 21:14:49.814  1156  1156 I ServiceManager: service 'commontime_management' died
12-19 21:14:49.814  1156  1156 I ServiceManager: service 'bluetooth_manager' died
12-19 21:14:49.814  1156  1156 I ServiceManager: service 'connmetrics' died
12-19 21:14:49.814  1156  1156 I ServiceManager: service 'netd_listener' died
12-19 21:14:49.814  1156  1156 I ServiceManager: service 'contexthub' died
12-19 21:14:49.814  1156  1156 I ServiceManager: service 'dbinfo' died
12-19 21:14:49.814  1156  1156 I ServiceManager: service 'cpuinfo' died
12-19 21:14:49.814  1156  1156 I ServiceManager: service 'permission' died
12-19 21:14:49.814  1156  1156 I ServiceManager: service 'processinfo' died
12-19 21:14:49.814  1156  1156 I ServiceManager: service 'meminfo' died
12-19 21:14:49.814  1156  1156 I ServiceManager: service 'procstats' died
12-19 21:14:49.814  1156  1156 I ServiceManager: service 'activity' died
12-19 21:14:49.814  1156  1156 I ServiceManager: service 'user' died
12-19 21:14:49.814  1156  1156 I ServiceManager: service 'otadexopt' died
12-19 21:14:49.814  1156  1156 I ServiceManager: service 'package' died
12-19 21:14:49.814  1156  1156 I ServiceManager: service 'dropbox' died
12-19 21:14:49.814  1156  1156 I ServiceManager: service 'usagestats' died
12-19 21:14:49.814  1156  1156 I ServiceManager: service 'dreams' died
12-19 21:14:49.815  1156  1156 I ServiceManager: service 'graphicsstats' died
12-19 21:14:49.815  1156  1156 I ServiceManager: service 'print' died
12-19 21:14:49.815  1156  1156 I ServiceManager: service 'companiondevice' died
12-19 21:14:49.815  1156  1156 I ServiceManager: service 'restrictions' died
12-19 21:14:49.815  1156  1156 I ServiceManager: service 'media_session' died
12-19 21:14:49.815  1156  1156 I ServiceManager: service 'media_resource_monitor' died
12-19 21:14:49.815  1156  1156 I ServiceManager: service 'media_router' died
12-19 21:14:49.815  2695  2695 D AndroidRuntime: Shutting down VM
12-19 21:14:49.815  1156  1156 I ServiceManager: service 'launcherapps' died
12-19 21:14:49.815  1156  1156 I ServiceManager: service 'shortcut' died
12-19 21:14:49.815  1156  1156 I ServiceManager: service 'pocket' died
12-19 21:14:49.815  1156  1156 I ServiceManager: service 'media_projection' died
12-19 21:14:49.815  1156  1156 I ServiceManager: service 'imms' died
12-19 21:14:49.815  1156  1156 I ServiceManager: service 'autofill' died
12-19 21:14:49.815  1156  1156 I ServiceManager: service 'battery' died
12-19 21:14:49.815  1156  1156 I ServiceManager: service 'webviewupdate' died
12-19 21:14:49.815  1156  1156 I ServiceManager: service 'overlay' died
12-19 21:14:49.815  1156  1156 I ServiceManager: service 'sec_key_att_app_id_provider' died
12-19 21:14:49.815  1156  1156 I ServiceManager: service 'persistent_data_block' died
12-19 21:14:49.815  1156  1156 I ServiceManager: service 'scheduling_policy' died
12-19 21:14:49.815  1156  1156 I ServiceManager: service 'telephony.registry' died
12-19 21:14:49.815  1156  1156 I ServiceManager: service 'media.camera.proxy' died
12-19 21:14:49.815  1156  1156 I ServiceManager: service 'account' died
12-19 21:14:49.815  1156  1156 I ServiceManager: service 'content' died
12-19 21:14:49.815  1156  1156 I ServiceManager: service 'settings' died
12-19 21:14:49.815  1156  1156 I ServiceManager: service 'vibrator' died
12-19 21:14:49.815  1156  1156 I ServiceManager: service 'consumer_ir' died
12-19 21:14:49.815  1156  1156 I ServiceManager: service 'alarm' died
12-19 21:14:49.815  1156  1156 I ServiceManager: service 'input' died
12-19 21:14:49.815  1156  1156 I ServiceManager: service 'window' died
12-19 21:14:49.815  1156  1156 I ServiceManager: service 'vrmanager' died
12-19 21:14:49.815  1156  1156 I ServiceManager: service 'storagestats' died
12-19 21:14:49.815  1156  1156 I ServiceManager: service 'sensorservice' died
12-19 21:14:49.815  2695  2695 E AndroidRuntime: FATAL EXCEPTION: main
12-19 21:14:49.815  2695  2695 E AndroidRuntime: Process: com.android.managedprovisioning, PID: 2695
12-19 21:14:49.815  2695  2695 E AndroidRuntime: DeadSystemException: The system died; earlier logs will point to the root cause
12-19 21:14:49.815  1156  1156 I ServiceManager: service 'mount' died
12-19 21:14:49.815  1156  1156 I ServiceManager: service 'device_identifiers' died
12-19 21:14:49.815  1156  1156 I ServiceManager: service 'DockObserver' died
12-19 21:14:49.815  1156  1156 I ServiceManager: service 'gfxinfo' died
12-19 21:14:49.815  1156  1156 I ServiceManager: service 'batterystats' died
12-19 21:14:49.815  1156  1156 I ServiceManager: service 'appops' died
12-19 21:14:49.815  1156  1156 I ServiceManager: service 'power' died
12-19 21:14:49.815  1156  1156 I ServiceManager: service 'recovery' died
12-19 21:14:49.815  1156  1156 I ServiceManager: service 'display' died
12-19 21:14:49.815  2669  2669 I Process : Sending signal. PID: 2669 SIG: 9
12-19 21:14:49.817  2695  2695 I Process : Sending signal. PID: 2695 SIG: 9
12-19 21:14:49.819   950   950 I lowmemorykiller: ActivityManager disconnected
12-19 21:14:49.819   950   950 I lowmemorykiller: Closing Activity Manager data connection
12-19 21:14:49.826  2602  2701 W SystemServiceRegistry: No service published for: user
12-19 21:14:49.828  2602  2701 E MediaScannerService: Exception in handleMessage
12-19 21:14:49.828  2602  2701 E MediaScannerService: java.lang.NullPointerException: Attempt to invoke virtual method 'boolean android.os.UserManager.isDemoUser()' on a null object reference
12-19 21:14:49.828  2602  2701 E MediaScannerService: 	at com.android.providers.media.MediaScannerService$ServiceHandler.handleMessage(MediaScannerService.java:240)
12-19 21:14:49.828  2602  2701 E MediaScannerService: 	at android.os.Handler.dispatchMessage(Handler.java:105)
12-19 21:14:49.828  2602  2701 E MediaScannerService: 	at android.os.Looper.loop(Looper.java:164)
12-19 21:14:49.828  2602  2701 E MediaScannerService: 	at com.android.providers.media.MediaScannerService.run(MediaScannerService.java:161)
12-19 21:14:49.828  2602  2701 E MediaScannerService: 	at java.lang.Thread.run(Thread.java:764)
12-19 21:14:49.830  2602  2602 D AndroidRuntime: Shutting down VM
12-19 21:14:49.830  2602  2602 E AndroidRuntime: FATAL EXCEPTION: main
12-19 21:14:49.830  2602  2602 E AndroidRuntime: Process: android.process.media, PID: 2602
12-19 21:14:49.830  2602  2602 E AndroidRuntime: DeadSystemException: The system died; earlier logs will point to the root cause
12-19 21:14:49.831  1229  1977 E BufferQueueProducer: [StatusBar#0] queueBuffer: BufferQueue has been abandoned
12-19 21:14:49.832  2602  2602 I Process : Sending signal. PID: 2602 SIG: 9
12-19 21:14:49.832  2053  2366 E Surface : queueBuffer: error queuing buffer to SurfaceTexture, -19
12-19 21:14:49.832  2053  2366 I Adreno  : QueueBuffer: queueBuffer failed
12-19 21:14:49.832  2053  2366 W OpenGLRenderer: swapBuffers encountered EGL error 12301 on 0x76d2c25800, halting rendering...
12-19 21:14:50.150  2053  2053 V         : Unable to contact notification manager
12-19 21:14:50.150  2053  2053 V         : android.os.DeadObjectException
12-19 21:14:50.150  2053  2053 V         : 	at android.os.BinderProxy.transactNative(Native Method)
12-19 21:14:50.150  2053  2053 V         : 	at android.os.BinderProxy.transact(Binder.java:748)
12-19 21:14:50.150  2053  2053 V         : 	at android.app.INotificationManager$Stub$Proxy.setNotificationsShownFromListener(INotificationManager.java:1959)
12-19 21:14:50.150  2053  2053 V         : 	at android.service.notification.NotificationListenerService.setNotificationsShown(NotificationListenerService.java:659)
12-19 21:14:50.150  2053  2053 V         : 	at com.android.systemui.statusbar.phone.StatusBar.setNotificationsShown(StatusBar.java:5947)
12-19 21:14:50.150  2053  2053 V         : 	at com.android.systemui.statusbar.phone.StatusBar.logNotificationVisibilityChanges(StatusBar.java:3956)
12-19 21:14:50.150  2053  2053 V         : 	at com.android.systemui.statusbar.phone.StatusBar.-wrap4(Unknown Source:0)
12-19 21:14:50.150  2053  2053 V         : 	at com.android.systemui.statusbar.phone.StatusBar$9.run(StatusBar.java:737)
12-19 21:14:50.150  2053  2053 V         : 	at android.os.Handler.handleCallback(Handler.java:789)
12-19 21:14:50.150  2053  2053 V         : 	at android.os.Handler.dispatchMessage(Handler.java:98)
12-19 21:14:50.150  2053  2053 V         : 	at android.os.Looper.loop(Looper.java:164)
12-19 21:14:50.150  2053  2053 V         : 	at android.app.ActivityThread.main(ActivityThread.java:6541)
12-19 21:14:50.150  2053  2053 V         : 	at java.lang.reflect.Method.invoke(Native Method)
12-19 21:14:50.150  2053  2053 V         : 	at com.android.internal.os.Zygote$MethodAndArgsCaller.run(Zygote.java:240)
12-19 21:14:50.150  2053  2053 V         : 	at com.android.internal.os.ZygoteInit.main(ZygoteInit.java:767)
12-19 21:14:50.256   956   956 E /system/bin/tombstoned: Tombstone written to: /data/tombstones//tombstone_03
12-19 21:14:50.260  1172  1172 E Zygote  : Exit zygote because system server (1321) has terminated
12-19 21:14:50.311  1156  1156 I ServiceManager: service 'nfc' died
12-19 21:14:50.323  1156  1156 I ServiceManager: service 'media.sound_trigger_hw' died
12-19 21:14:50.323  1156  1156 I ServiceManager: service 'media.radio' died
12-19 21:14:50.323  1156  1156 I ServiceManager: service 'media.aaudio' died
12-19 21:14:50.323  1156  1156 I ServiceManager: service 'media.audio_flinger' died
12-19 21:14:50.323  1156  1156 I ServiceManager: service 'media.audio_policy' died
12-19 21:14:50.323  1242  1280 W AudioSystem: AudioPolicyService server died!
12-19 21:14:50.323  1242  2083 W AudioSystem: AudioFlinger server died!
12-19 21:14:50.323  1156  1156 I ServiceManager: service 'media.aaudio' died
12-19 21:14:50.323  1156  1156 I ServiceManager: service 'media.audio_flinger' died
12-19 21:14:50.323  1156  1156 I ServiceManager: service 'media.audio_policy' died
12-19 21:14:50.323  1242  1280 W AudioSystem: AudioPolicyService server died!
12-19 21:14:50.392  1156  1156 I ServiceManager: service 'isub' died
12-19 21:14:50.392  1156  1156 I ServiceManager: service 'phone' died
12-19 21:14:50.392  1156  1156 I ServiceManager: service 'carrier_config' died
12-19 21:14:50.392  1156  1156 I ServiceManager: service 'simphonebook' died
12-19 21:14:50.392  1156  1156 I ServiceManager: service 'iphonesubinfo' died
12-19 21:14:50.392  1156  1156 I ServiceManager: service 'isms' died
12-19 21:14:50.421  1242  1280 D NuPlayerDriver: reset(0xf39321c0) at state 6
12-19 21:14:50.421  1242  1280 D NuPlayerDriver: notifyListener_l(0xf39321c0), (8, 0, 0, -1), loop setting(0, 0)
12-19 21:14:50.429  1242  2420 D NuPlayerDriver: notifyResetComplete(0xf39321c0)
12-19 21:14:50.430  1242  1280 I ServiceManager: Waiting for service media.audio_flinger...
12-19 21:14:50.475  2722  2730 I vndksupport: sphal namespace is not configured for this process. Loading /vendor/lib64/egl/libEGL_adreno.so from the current namespace instead.
12-19 21:14:50.487  2722  2730 D libEGL  : loaded /vendor/lib64/egl/libEGL_adreno.so
12-19 21:14:50.502   940  1019 E ThermalEngine: ACTION: CLUSTER - Setting CLUSTER[1] to 1248000
12-19 21:14:50.499  1019  1019 I thermal-engine: type=1400 audit(0.0:972): avc: denied { ioctl } for path="/dev/msm_thermal_query" dev="tmpfs" ino=9882 ioctlcmd=ca02 scontext=u:r:init:s0 tcontext=u:object_r:thermal_device:s0 tclass=chr_file permissive=1
12-19 21:14:50.502   940  1019 E ThermalEngine: ACTION: CLUSTER - Setting CLUSTER[1] to 1248000
12-19 21:14:50.529  2722  2730 I vndksupport: sphal namespace is not configured for this process. Loading /vendor/lib64/egl/libGLESv1_CM_adreno.so from the current namespace instead.
12-19 21:14:50.531  2722  2730 D libEGL  : loaded /vendor/lib64/egl/libGLESv1_CM_adreno.so
12-19 21:14:50.533   940  1019 E ThermalEngine: ACTION: CLUSTER - Setting CLUSTER[1] to 1344000
12-19 21:14:50.551  1156  1156 I ServiceManager: service 'media.player' died
12-19 21:14:50.551  1156  1156 I ServiceManager: service 'media.resource_manager' died
12-19 21:14:50.561  1156  1156 I ServiceManager: service 'netd' died
12-19 21:14:50.565   940  1019 E ThermalEngine: ACTION: CLUSTER - Setting CLUSTER[1] to 1440000
12-19 21:14:50.566  1156  1156 I ServiceManager: service 'wificond' died
12-19 21:14:50.596   940  1019 E ThermalEngine: ACTION: CLUSTER - Setting CLUSTER[1] to 1536000
12-19 21:14:50.626   940  1019 E ThermalEngine: ACTION: CLUSTER - Setting CLUSTER[1] to 1632000
12-19 21:14:50.647  2734  2734 W netd    : type=1400 audit(0.0:973): avc: granted { getattr } for path="/vendor" dev="rootfs" ino=8858 scontext=u:r:netd:s0 tcontext=u:object_r:rootfs:s0 tclass=lnk_file
12-19 21:14:50.657   940  1019 E ThermalEngine: ACTION: CLUSTER - Setting CLUSTER[1] to 1689600
12-19 21:14:50.686  2722  2730 I Adreno  : QUALCOMM build                   : d3015e9, I25dc76dc3f
12-19 21:14:50.686  2722  2730 I Adreno  : Build Date                       : 01/26/17
12-19 21:14:50.686  2722  2730 I Adreno  : OpenGL ES Shader Compiler Version: XE031.09.00.03
12-19 21:14:50.686  2722  2730 I Adreno  : Local Branch                     : 
12-19 21:14:50.686  2722  2730 I Adreno  : Remote Branch                    : refs/tags/AU_LINUX_ANDROID_LA.BF64.1.2.3_RB1.07.00.00.258.011
12-19 21:14:50.686  2722  2730 I Adreno  : Remote Branch                    : NONE
12-19 21:14:50.686  2722  2730 I Adreno  : Reconstruct Branch               : NOTHING
12-19 21:14:50.687   940  1019 E ThermalEngine: ACTION: CLUSTER - Setting CLUSTER[1] to 1824000
12-19 21:14:50.689   940  1019 E ThermalEngine: ACTION: CLUSTER - Setting CLUSTER[1] to 1689600
12-19 21:14:50.706  2722  2730 D BootAnimation: BootAnimationShownTiming start time: 30316ms
12-19 21:14:50.709  2735  2735 I wificond: wificond is starting up...
12-19 21:14:50.715  2734  2734 I Netd    : Netd 1.0 starting
12-19 21:14:50.715  2734  2734 D TetherController: Setting IP forward enable = 0
12-19 21:14:50.720   940  1019 E ThermalEngine: ACTION: CLUSTER - Setting CLUSTER[1] to 1632000
12-19 21:14:50.723  2736  2736 W iptables-restor: type=1400 audit(0.0:974): avc: granted { getattr } for path="/vendor" dev="rootfs" ino=8858 scontext=u:r:netd:s0 tcontext=u:object_r:rootfs:s0 tclass=lnk_file
12-19 21:14:50.743  2737  2737 W ip6tables-resto: type=1400 audit(0.0:975): avc: granted { getattr } for path="/vendor" dev="rootfs" ino=8858 scontext=u:r:netd:s0 tcontext=u:object_r:rootfs:s0 tclass=lnk_file
12-19 21:14:50.748   940  1019 E ThermalEngine: ACTION: CLUSTER - Setting CLUSTER[1] to 1536000
12-19 21:14:50.755  2740  2740 W iptables: type=1400 audit(0.0:976): avc: granted { getattr } for path="/vendor" dev="rootfs" ino=8858 scontext=u:r:netd:s0 tcontext=u:object_r:rootfs:s0 tclass=lnk_file
12-19 21:14:50.767  2741  2741 W ip6tables: type=1400 audit(0.0:977): avc: granted { getattr } for path="/vendor" dev="rootfs" ino=8858 scontext=u:r:netd:s0 tcontext=u:object_r:rootfs:s0 tclass=lnk_file
12-19 21:14:50.778   940  1019 E ThermalEngine: ACTION: CLUSTER - Setting CLUSTER[1] to 1440000
12-19 21:14:50.787  2742  2742 W iptables: type=1400 audit(0.0:978): avc: granted { getattr } for path="/vendor" dev="rootfs" ino=8858 scontext=u:r:netd:s0 tcontext=u:object_r:rootfs:s0 tclass=lnk_file
12-19 21:14:50.803  2743  2743 W ip6tables: type=1400 audit(0.0:979): avc: granted { getattr } for path="/vendor" dev="rootfs" ino=8858 scontext=u:r:netd:s0 tcontext=u:object_r:rootfs:s0 tclass=lnk_file
12-19 21:14:50.808   940  1019 E ThermalEngine: ACTION: CLUSTER - Setting CLUSTER[1] to 1344000
12-19 21:14:50.815  2744  2744 W iptables: type=1400 audit(0.0:980): avc: granted { getattr } for path="/vendor" dev="rootfs" ino=8858 scontext=u:r:netd:s0 tcontext=u:object_r:rootfs:s0 tclass=lnk_file
12-19 21:14:50.827  2745  2745 W ip6tables: type=1400 audit(0.0:981): avc: granted { getattr } for path="/vendor" dev="rootfs" ino=8858 scontext=u:r:netd:s0 tcontext=u:object_r:rootfs:s0 tclass=lnk_file
12-19 21:14:50.838   940  1019 E ThermalEngine: ACTION: CLUSTER - Setting CLUSTER[1] to 1248000
12-19 21:14:50.839  2746  2746 W iptables: type=1400 audit(0.0:982): avc: granted { getattr } for path="/vendor" dev="rootfs" ino=8858 scontext=u:r:netd:s0 tcontext=u:object_r:rootfs:s0 tclass=lnk_file
12-19 21:14:50.855  2732  2732 I FastMixerState: sMaxFastTracks = 8
12-19 21:14:50.856  2732  2732 I audioserver: ServiceManager: 0xec897540
12-19 21:14:50.856  2732  2732 W BatteryNotifier: batterystats service unavailable!
12-19 21:14:50.869   940  1019 E ThermalEngine: ACTION: CLUSTER - Setting CLUSTER[1] to 960000
12-19 21:14:50.869  2732  2732 I AudioFlinger: Using default 3000 mSec as standby time.
12-19 21:14:50.871  2732  2732 E APM::Serializer: deserialize: Could not parse /odm/etc/audio_policy_configuration.xml document.
12-19 21:14:50.871  2732  2732 E APM::Serializer: deserialize: Could not parse /vendor/etc/audio_policy_configuration.xml document.
12-19 21:14:50.879  2755  2755 W ip6tables: type=1400 audit(0.0:985): avc: granted { getattr } for path="/vendor" dev="rootfs" ino=8858 scontext=u:r:netd:s0 tcontext=u:object_r:rootfs:s0 tclass=lnk_file
12-19 21:14:50.884  2732  2732 I vndksupport: sphal namespace is not configured for this process. Loading /vendor/lib/hw/audio.primary.default.so from the current namespace instead.
12-19 21:14:50.885  2732  2732 W DeviceHAL: Device 0xec8f3000 get_master_volume: Function not implemented
12-19 21:14:50.885  2732  2732 W DeviceHAL: Device 0xec8f3000 get_master_mute: Function not implemented
12-19 21:14:50.885  2732  2732 W DeviceHAL: Device 0xec8f3000 set_master_volume: Function not implemented
12-19 21:14:50.885  2732  2732 W DeviceHAL: Device 0xec8f3000 set_master_mute: Function not implemented
12-19 21:14:50.885  2732  2732 I AudioFlinger: loadHwModule() Loaded primary audio interface, handle 10
12-19 21:14:50.885  2732  2732 I AudioFlinger: openOutput() this 0xec8bd000, module 10 Device 2, SamplingRate 48000, Format 0x000001, Channels 3, flags 2
12-19 21:14:50.885  2732  2732 I AudioFlinger: HAL output buffer size 1024 frames, normal sink buffer size 1024 frames
12-19 21:14:50.888  2732  2732 W EffectsFactory: checkLibraryPath() corrected library path /system/lib/soundfx/libbundlewrapper.so to /vendor/lib/soundfx/libbundlewrapper.so
12-19 21:14:50.888  2732  2732 W EffectsFactory: checkLibraryPath() corrected library path /system/lib/soundfx/libreverbwrapper.so to /vendor/lib/soundfx/libreverbwrapper.so
12-19 21:14:50.891  2732  2732 W EffectsFactory: checkLibraryPath() corrected library path /system/lib/soundfx/libvisualizer.so to /vendor/lib/soundfx/libvisualizer.so
12-19 21:14:50.892  2732  2732 W EffectsFactory: loadLibrary() could not find library /system/lib/soundfx/libqcomvisualizer.so
12-19 21:14:50.892  2732  2732 W EffectsFactory: checkLibraryPath() corrected library path /system/lib/soundfx/libdownmix.so to /vendor/lib/soundfx/libdownmix.so
12-19 21:14:50.892  2732  2732 W EffectsFactory: checkLibraryPath() corrected library path /system/lib/soundfx/libldnhncr.so to /vendor/lib/soundfx/libldnhncr.so
12-19 21:14:50.893  2732  2732 W EffectsFactory: checkLibraryPath() corrected library path /system/lib/soundfx/libeffectproxy.so to /vendor/lib/soundfx/libeffectproxy.so
12-19 21:14:50.893  2732  2732 W EffectsFactory: loadLibrary() could not find library /system/lib/soundfx/libqcompostprocbundle.so
12-19 21:14:50.894  2732  2732 W EffectsFactory: loadLibrary() could not find library /system/lib/soundfx/libqcomvoiceprocessing.so
12-19 21:14:50.894  2732  2732 W EffectsFactory: addSubEffect() could not get library offload_bundle
12-19 21:14:50.894  2732  2732 W EffectsFactory: loadEffect() could not add subEffect 
12-19 21:14:50.894  2732  2732 W EffectsFactory: addSubEffect() could not get library offload_bundle
12-19 21:14:50.894  2732  2732 W EffectsFactory: loadEffect() could not add subEffect 
12-19 21:14:50.894  2732  2732 W EffectsFactory: addSubEffect() could not get library offload_bundle
12-19 21:14:50.894  2732  2732 W EffectsFactory: loadEffect() could not add subEffect 
12-19 21:14:50.894  2732  2732 W EffectsFactory: addSubEffect() could not get library offload_bundle
12-19 21:14:50.894  2732  2732 W EffectsFactory: loadEffect() could not add subEffect 
12-19 21:14:50.894  2732  2732 W EffectsFactory: addSubEffect() could not get library offload_bundle
12-19 21:14:50.894  2732  2732 W EffectsFactory: loadEffect() could not add subEffect 
12-19 21:14:50.894  2732  2732 W EffectsFactory: addSubEffect() could not get library offload_bundle
12-19 21:14:50.894  2732  2732 W EffectsFactory: loadEffect() could not add subEffect 
12-19 21:14:50.894  2732  2732 W EffectsFactory: addSubEffect() could not get library offload_bundle
12-19 21:14:50.894  2732  2732 W EffectsFactory: loadEffect() could not add subEffect 
12-19 21:14:50.894  2732  2732 W EffectsFactory: addSubEffect() could not get library visualizer_hw
12-19 21:14:50.894  2732  2732 W EffectsFactory: loadEffect() could not add subEffect 
12-19 21:14:50.894  2732  2732 W EffectsFactory: loadEffect() could not get library offload_bundle
12-19 21:14:50.894  2732  2732 W EffectsFactory: loadEffect() could not get library audio_pre_processing
12-19 21:14:50.894  2732  2732 W EffectsFactory: loadEffect() could not get library audio_pre_processing
12-19 21:14:50.894  2732  2732 I BufferProvider: found effect "Multichannel Downmix To Stereo" from The Android Open Source Project
12-19 21:14:50.895  2732  2732 I AudioFlinger: Using module 10 as the primary audio interface
12-19 21:14:50.895  2732  2761 I AudioFlinger: AudioFlinger's thread 0xeba83ac0 tid=2761 ready to run
12-19 21:14:50.895  2732  2761 W AudioFlinger: no wake lock to update, system not ready yet
12-19 21:14:50.896  2732  2732 W AudioFlinger: moveEffects() bad srcOutput 0
12-19 21:14:50.896  2732  2761 W AudioFlinger: no wake lock to update, system not ready yet
12-19 21:14:50.897  2732  2753 W DeviceHAL: Device 0xec8f3000 set_voice_volume: Function not implemented
12-19 21:14:50.898  2732  2732 W APM_AudioPolicyManager: Output profile contains no device on module primary
12-19 21:14:50.898  2732  2732 I AudioFlinger: openOutput() this 0xec8bd000, module 10 Device 2, SamplingRate 48000, Format 0x000001, Channels 3, flags 8
12-19 21:14:50.898  2732  2732 I AudioFlinger: HAL output buffer size 1024 frames, normal sink buffer size 1024 frames
12-19 21:14:50.899  2732  2764 I AudioFlinger: AudioFlinger's thread 0xeb5836c0 tid=2764 ready to run
12-19 21:14:50.899  2732  2764 W AudioFlinger: no wake lock to update, system not ready yet
12-19 21:14:50.899  2732  2764 W AudioFlinger: no wake lock to update, system not ready yet
12-19 21:14:50.900  2732  2732 I AudioFlinger: openOutput() this 0xec8bd000, module 10 Device 2, SamplingRate 48000, Format 0x000001, Channels 3, flags 4
12-19 21:14:50.901  2732  2732 I AudioFlinger: HAL output buffer size 1024 frames, normal sink buffer size 1024 frames
12-19 21:14:50.901  2732  2766 I AudioFlinger: AudioFlinger's thread 0xeb303c80 tid=2766 ready to run
12-19 21:14:50.901  2732  2766 W AudioFlinger: no wake lock to update, system not ready yet
12-19 21:14:50.902  2732  2766 W AudioFlinger: no wake lock to update, system not ready yet
12-19 21:14:50.903  2732  2732 W APM_AudioPolicyManager: Output profile contains no device on module primary
12-19 21:14:50.903  2732  2732 W APM_AudioPolicyManager: Output profile contains no device on module primary
12-19 21:14:50.903  2732  2732 I AudioFlinger: openOutput() this 0xec8bd000, module 10 Device 10000, SamplingRate 48000, Format 0x000001, Channels 3, flags 0
12-19 21:14:50.903  2732  2732 I AudioFlinger: HAL output buffer size 1024 frames, normal sink buffer size 1024 frames
12-19 21:14:50.903  2732  2768 I AudioFlinger: AudioFlinger's thread 0xeb083280 tid=2768 ready to run
12-19 21:14:50.903  2732  2768 W AudioFlinger: no wake lock to update, system not ready yet
12-19 21:14:50.904  2732  2768 W AudioFlinger: no wake lock to update, system not ready yet
12-19 21:14:50.905  2732  2732 W APM_AudioPolicyManager: Output profile contains no device on module primary
12-19 21:14:50.905  2732  2732 W APM_AudioPolicyManager: Output profile contains no device on module primary
12-19 21:14:50.906  2732  2770 I AudioFlinger: AudioFlinger's thread 0xeae03a40 tid=2770 ready to run
12-19 21:14:50.907  2732  2772 I AudioFlinger: AudioFlinger's thread 0xeae03080 tid=2772 ready to run
12-19 21:14:50.914  2732  2732 I bt_a2dp_hw: adev_open:  adev_open in A2dp_hw module
12-19 21:14:50.914  2732  2732 I AudioFlinger: loadHwModule() Loaded a2dp audio interface, handle 18
12-19 21:14:50.915  2732  2732 I vndksupport: sphal namespace is not configured for this process. Loading /vendor/lib/hw/audio.usb.default.so from the current namespace instead.
12-19 21:14:50.917  2732  2732 I AudioFlinger: loadHwModule() Loaded usb audio interface, handle 26
12-19 21:14:50.917  2732  2732 I vndksupport: sphal namespace is not configured for this process. Loading /vendor/lib/hw/audio.r_submix.default.so from the current namespace instead.
12-19 21:14:50.918  2732  2732 I r_submix: adev_open(name=audio_hw_if)
12-19 21:14:50.919  2732  2732 I r_submix: adev_init_check()
12-19 21:14:50.919  2732  2732 W DeviceHAL: Device 0xeb0d4800 set_master_mute: Function not implemented
12-19 21:14:50.919  2732  2732 I AudioFlinger: loadHwModule() Loaded r_submix audio interface, handle 34
12-19 21:14:50.919  2732  2732 D r_submix: adev_open_input_stream(addr=0)
12-19 21:14:50.919  2732  2732 D r_submix: submix_audio_device_create_pipe_l(addr=0, idx=9)
12-19 21:14:50.919  2732  2732 D r_submix:   now using address 0 for route 9
12-19 21:14:50.919  2732  2777 I AudioFlinger: AudioFlinger's thread 0xeae03f40 tid=2777 ready to run
12-19 21:14:50.919  2732  2732 D r_submix: adev_close_input_stream()
12-19 21:14:50.919  2732  2732 D r_submix: submix_audio_device_release_pipe_l(idx=9) addr=0
12-19 21:14:50.919  2732  2732 D r_submix: submix_audio_device_destroy_pipe_l(): pipe destroyed
12-19 21:14:50.921  2732  2732 I RadioService: RadioService
12-19 21:14:50.921  2732  2732 I RadioService: onFirstRef
12-19 21:14:50.924  2732  2732 I BroadcastRadio: onFirstRef mClassId 0
12-19 21:14:50.924  2732  2732 I BroadcastRadio: onFirstRef RADIO_HARDWARE_MODULE_ID radio fm
12-19 21:14:50.924  2732  2732 E BroadcastRadio: couldn't load radio module radio.fm (No such file or directory)
12-19 21:14:50.924  2732  2732 E RadioService: could not read implementation properties
12-19 21:14:50.928  2732  2732 E SoundTriggerHalImpl: couldn't load sound trigger module sound_trigger.primary (No such file or directory)
12-19 21:14:50.928  2732  2732 I SoundTriggerHalHidl: getProperties res implementor 
12-19 21:14:50.928  2732  2732 I SoundTriggerHalHidl: getProperties ret -19
12-19 21:14:50.928  2732  2732 E SoundTriggerHwService: could not read implementation properties
12-19 21:14:50.931  2733  2733 I mediaserver: ServiceManager: 0xe60175e0
12-19 21:14:50.931  2733  2733 W BatteryNotifier: batterystats service unavailable!
12-19 21:14:50.939  2784  2784 W ip6tables: type=1400 audit(0.0:989): avc: granted { getattr } for path="/vendor" dev="rootfs" ino=8858 scontext=u:r:netd:s0 tcontext=u:object_r:rootfs:s0 tclass=lnk_file
12-19 21:14:50.958  2734  2734 I Netd    : Creating child chains: 233.6ms
12-19 21:14:50.958  2734  2734 I Netd    : Setting up OEM hooks: 0.1ms
