01-07 06:08:08.012  2091  2091 W StatusBar: 	at android.app.ActivityThread.main(ActivityThread.java:6541)
01-07 06:08:08.012  2091  2091 W StatusBar: 	at java.lang.reflect.Method.invoke(Native Method)
01-07 06:08:08.012  2091  2091 W StatusBar: 	at com.android.internal.os.Zygote$MethodAndArgsCaller.run(Zygote.java:240)
01-07 06:08:08.012  2091  2091 W StatusBar: 	at com.android.internal.os.ZygoteInit.main(ZygoteInit.java:767)
01-07 06:08:08.015  2091  2431 D OpenGLRenderer: profile bars disabled
01-07 06:08:08.015  2091  2431 D OpenGLRenderer: ambientRatio = 1.50
01-07 06:08:08.016  2091  2091 D StatusBar: navbar is enabled
01-07 06:08:08.018  2091  2091 D StatusBar: navbar is regular
01-07 06:08:08.019   978   978 I OMXMaster: makeComponentInstance(OMX.google.vorbis.decoder) in android.hardwar process
01-07 06:08:08.023   978  1265 E OMXNodeInstance: getConfig(0xeb607240:google.vorbis.decoder, ConfigAndroidVendorExtension(0x6f100004)) ERROR: Undefined(0x80001001)
01-07 06:08:08.024  2091  2091 D StatusBar: disable<e i a s b h r c s q >
01-07 06:08:08.032  2239  2239 D PhoneSwitcherNetworkRequstListener: got request NetworkRequest [ BACKGROUND_REQUEST id=2, [ Transports: CELLULAR Capabilities: INTERNET&NOT_RESTRICTED&TRUSTED&NOT_VPN] ] with score 0
01-07 06:08:08.032  2239  2239 D PhoneSwitcherNetworkRequstListener: got request NetworkRequest [ REQUEST id=1, [ Capabilities: INTERNET&NOT_RESTRICTED&TRUSTED&NOT_VPN] ] with score 0
01-07 06:08:08.032  2239  2239 D PhoneSwitcherNetworkRequstListener: got request NetworkRequest [ TRACK_DEFAULT id=3, [ Capabilities: INTERNET&NOT_RESTRICTED&TRUSTED&NOT_VPN] ] with score 0
01-07 06:08:08.034  2239  2239 D TelephonyDebugService: TelephonyDebugService()
01-07 06:08:08.034  2239  2239 D CarrierConfigLoader: mHandler: 12 phoneId: 0
01-07 06:08:08.036  2239  2239 I com.android.phone: Looking for service android.hardware.radio@1.0::IRadio/slot1
01-07 06:08:08.042  2239  2239 E PhoneInterfaceManager: [PhoneIntfMgr] getIccId: No UICC
01-07 06:08:08.056  1251  1264 I Telecom : PhoneAccountRegistrar: Modify account: [ComponentInfo{com.android.phone/com.android.services.telephony.TelephonyConnectionService}, [e0184adedf913b076626646d3f52c3b49c39ad6d], UserHandle{0}]: TSI.rPA@AAc
01-07 06:08:08.063  2239  2239 I TelecomFramework: AccountEntry: Registered phoneAccount: [[ ] PhoneAccount: ComponentInfo{com.android.phone/com.android.services.telephony.TelephonyConnectionService}, [e0184adedf913b076626646d3f52c3b49c39ad6d], UserHandle{0} Capabilities: CallProvider MultiUser PlaceEmerg SimSub  Audio Routes: BESW Schemes: tel voicemail  Extras: null GroupId: [da39a3ee5e6b4b0d3255bfef95601890afd80709]] with handle: ComponentInfo{com.android.phone/com.android.services.telephony.TelephonyConnectionService}, [e0184adedf913b076626646d3f52c3b49c39ad6d], UserHandle{0}
01-07 06:08:08.063  2239  2239 I TelecomFramework: PstnIncomingCallNotifier: Registering: Handler (com.android.internal.telephony.GsmCdmaPhone) {865d38e}
01-07 06:08:08.079  2239  2239 I TelecomFramework: PstnPhoneCapabilitiesNotifier: handleVideoCapabilitesChanged. Video capability - false
01-07 06:08:08.080  2091  2091 D StatusBar: heads up is enabled
01-07 06:08:08.080  2239  2239 E PhoneInterfaceManager: [PhoneIntfMgr] getIccId: No UICC
01-07 06:08:08.082  2091  2091 D StatusBar: navbar is regular
01-07 06:08:08.088  1251  2114 I Telecom : PhoneAccountRegistrar: Modify account: [ComponentInfo{com.android.phone/com.android.services.telephony.TelephonyConnectionService}, [e0184adedf913b076626646d3f52c3b49c39ad6d], UserHandle{0}]: TSI.rPA@AAo
01-07 06:08:08.108  2091  2091 D StorageNotification: Notifying about private volume: VolumeInfo{private}:
01-07 06:08:08.108  2091  2091 D StorageNotification:     type=PRIVATE diskId=null partGuid=null mountFlags=0 mountUserId=-1 
01-07 06:08:08.108  2091  2091 D StorageNotification:     state=MOUNTED 
01-07 06:08:08.108  2091  2091 D StorageNotification:     fsType=null fsUuid=null fsLabel=null 
01-07 06:08:08.108  2091  2091 D StorageNotification:     path=/data internalPath=null 
01-07 06:08:08.141   994  1071 E ThermalEngine: [BMHB_GOV] read failed VS_TEMP
01-07 06:08:08.153  1251  1262 D CryptdConnector: SND -> {3 cryptfs getpw}
01-07 06:08:08.154  1263  1271 D VoldCryptCmdListener: cryptfs getpw
01-07 06:08:08.154  1251  1985 D CryptdConnector: RCV <- {200 3 -1}
01-07 06:08:08.155  1251  1262 D CryptdConnector: SND -> {4 cryptfs clearpw}
01-07 06:08:08.155  1263  1271 D VoldCryptCmdListener: cryptfs clearpw
01-07 06:08:08.156  1251  1985 D CryptdConnector: RCV <- {200 4 0}
01-07 06:08:08.171  1251  1939 I InputReader: Reconfiguring input devices.  changes=0x00000004
01-07 06:08:08.193  2091  2091 I Choreographer: Skipped 39 frames!  The application may be doing too much work on its main thread.
01-07 06:08:08.212  2091  2431 I Adreno  : QUALCOMM build                   : d3015e9, I25dc76dc3f
01-07 06:08:08.212  2091  2431 I Adreno  : Build Date                       : 01/26/17
01-07 06:08:08.212  2091  2431 I Adreno  : OpenGL ES Shader Compiler Version: XE031.09.00.03
01-07 06:08:08.212  2091  2431 I Adreno  : Local Branch                     : 
01-07 06:08:08.212  2091  2431 I Adreno  : Remote Branch                    : refs/tags/AU_LINUX_ANDROID_LA.BF64.1.2.3_RB1.07.00.00.258.011
01-07 06:08:08.212  2091  2431 I Adreno  : Remote Branch                    : NONE
01-07 06:08:08.212  2091  2431 I Adreno  : Reconstruct Branch               : NOTHING
01-07 06:08:08.223  2091  2091 D ViewRootImpl[StatusBar]: changeCanvasOpacity: opaque=true
01-07 06:08:08.225  2091  2431 I OpenGLRenderer: Initialized EGL, version 1.4
01-07 06:08:08.226  2091  2431 D OpenGLRenderer: Swap behavior 2
01-07 06:08:08.352  2091  2091 D StatusBar: disable<e i a s b H!R!c s q >
01-07 06:08:08.354  1251  2051 D WifiService: New client listening to asynchronous messages
01-07 06:08:08.721  1012  1327 D NuPlayerDriver: NuPlayerDriver(0xea1aa000) created, clientPid(2091)
01-07 06:08:08.730  1012  2487 D GenericSource: FileSource remote
01-07 06:08:08.740  1012  2486 D NuPlayerDriver: notifyListener_l(0xea1aa000), (1, 0, 0, -1), loop setting(0, 0)
01-07 06:08:08.748  1251  2245 I MediaFocusControl:  AudioFocus  requestAudioFocus() from uid/pid 10025/2091 clientId=android.media.AudioManager@465a2de req=3 flags=0x0
01-07 06:08:08.753  2091  2091 D StatusBar: disable<e i a s b H R c s q >
01-07 06:08:08.759  2091  2289 I CameraManagerGlobal: Connecting to camera service
01-07 06:08:08.770  2091  2091 D StatusBar: disable<e i a s b H R c s q >
01-07 06:08:08.790  2091  2091 I Choreographer: Skipped 34 frames!  The application may be doing too much work on its main thread.
01-07 06:08:08.863  2091  2091 D StatusBar: disable<e i a s b H R c s q >
01-07 06:08:08.891  1404  1404 I BootAnimation: type=1400 audit(0.0:918): avc: denied { ioctl } for path="/dev/kgsl-3d0" dev="tmpfs" ino=10185 ioctlcmd=93d scontext=u:r:bootanim:s0 tcontext=u:object_r:device:s0 tclass=chr_file permissive=1
01-07 06:08:09.123  1404  1404 I BootAnimation: type=1400 audit(0.0:919): avc: denied { read write } for path="/dev/kgsl-3d0" dev="tmpfs" ino=10185 scontext=u:r:bootanim:s0 tcontext=u:object_r:device:s0 tclass=chr_file permissive=1
01-07 06:08:09.127  1343  1343 I surfaceflinger: type=1400 audit(0.0:920): avc: denied { ioctl } for path="/dev/kgsl-3d0" dev="tmpfs" ino=10185 ioctlcmd=915 scontext=u:r:surfaceflinger:s0 tcontext=u:object_r:device:s0 tclass=chr_file permissive=1
01-07 06:08:09.135  2091  2091 W KeyguardUpdateMonitor: invalid subId in handleSimStateChange()
01-07 06:08:09.141  2091  2091 W KeyguardUpdateMonitor: invalid subId in handleServiceStateChange()
01-07 06:08:09.252  1012  1012 D NuPlayerDriver: start(0xea1aa000), state is 4, eos is 0
01-07 06:08:09.252  1012  2486 I GenericSource: start
01-07 06:08:09.255  1012  2486 W Utils   : track of type 'audio/vorbis' does not publish channel mask, channel count 2
01-07 06:08:09.258  1012  2486 W Utils   : track of type 'audio/vorbis' does not publish channel mask, channel count 2
01-07 06:08:09.260   978  2439 I OMXMaster: makeComponentInstance(OMX.google.vorbis.decoder) in android.hardwar process
01-07 06:08:09.263   978  1265 E OMXNodeInstance: setConfig(0xeb607240:google.vorbis.decoder, ConfigPriority(0x6f800002)) ERROR: Undefined(0x80001001)
01-07 06:08:09.263  1012  2496 I ACodec  : codec does not support config priority (err -2147483648)
01-07 06:08:09.264   978   978 E OMXNodeInstance: getConfig(0xeb607240:google.vorbis.decoder, ConfigAndroidVendorExtension(0x6f100004)) ERROR: Undefined(0x80001001)
01-07 06:08:09.264  1012  2496 I MediaCodec: MediaCodec will operate in async mode
01-07 06:08:09.306  1012  2494 D AudioTrack: Client defaulted notificationFrames to 8169 for frameCount 24508
01-07 06:08:09.309  1012  2486 D NuPlayerDriver: notifyListener_l(0xea1aa000), (6, 0, 0, -1), loop setting(0, 0)
01-07 06:08:09.359  1251  1292 I zygote64: Explicit concurrent copying GC freed 15803(1290KB) AllocSpace objects, 7(220KB) LOS objects, 42% free, 5MB/8MB, paused 428us total 142.489ms
01-07 06:08:09.361  1251  1292 I WindowManager: ******* TELLING SURFACE FLINGER WE ARE BOOTED!
01-07 06:08:09.362  1343  1361 I SurfaceFlinger: Boot is finished (8700 ms)
01-07 06:08:09.369  1343  1343 E qdhwcomposer: processBootAnimCompleted: Not able to load libmm-qdcm.so
01-07 06:08:10.211  1012  2495 I NuPlayerDecoder: [audio] saw output EOS
01-07 06:08:10.212  1012  2494 D AudioTrack: stop() called with 56300 frames delivered
01-07 06:08:10.502  2511  2511 E android.hardware.nfc@1.0-impl: hw_get_module nfc_nci failed: -2
01-07 06:08:10.502  2511  2511 E android.hardware.nfc@1.0-impl: Passthrough failed to load legacy HAL.
01-07 06:08:10.503  2511  2511 E android.hardware.nfc@1.0-service: Could not get passthrough implementation for android.hardware.nfc@1.0::INfc/default.
01-07 06:08:10.558  1012  2486 D NuPlayerDriver: notifyListener_l(0xea1aa000), (2, 0, 0, -1), loop setting(0, 0)
01-07 06:08:10.560  1251  1262 I MediaFocusControl:  AudioFocus  abandonAudioFocus() from uid/pid 10025/2091 clientId=android.media.AudioManager@465a2de
01-07 06:08:10.923  2524  2524 I init    : type=1400 audit(0.0:921): avc: denied { execute_no_trans } for path="/system/vendor/bin/perfd" dev="mmcblk0p47" ino=2269 scontext=u:r:init:s0 tcontext=u:object_r:vendor_file:s0 tclass=file permissive=1
01-07 06:08:10.941  2524  2524 E ANDR-PERF-MPCTL: Unable to create control service (stage=1, rc=0)
01-07 06:08:10.941  2524  2524 W libc    : invalid pthread_t (0) passed to libc
01-07 06:08:12.039  2239  2239 I com.android.phone: Looking for service android.hardware.radio@1.0::IRadio/slot1
01-07 06:08:12.041  2239  2239 I com.android.phone: Looking for service android.hardware.radio.deprecated@1.0::IOemHook/slot1
01-07 06:08:12.843  2525  2525 I init    : type=1400 audit(0.0:922): avc: denied { execute_no_trans } for path="/system/bin/sh" dev="mmcblk0p47" ino=392 scontext=u:r:init:s0 tcontext=u:object_r:shell_exec:s0 tclass=file permissive=1
01-07 06:08:12.985  1251  1292 I SystemServiceManager: Starting phase 1000
01-07 06:08:12.986  1251  1299 E SensorManager: sensor or listener is null
01-07 06:08:12.989  1251  1292 D NightDisplayService: setUp: currentUser=0
01-07 06:08:12.991  1251  1292 D NightDisplayService: onAutoModeChanged: autoMode=0
01-07 06:08:12.991  1251  1292 I NightDisplayService: Turning off night display
01-07 06:08:13.022  1343  1362 D PermissionCache: checking android.permission.HARDWARE_TEST for uid=1000 => granted (124 us)
01-07 06:08:13.060  1251  1292 D ActivityManager: Finishing user boot 0
01-07 06:08:13.060  1251  1292 I ActivityManager: User 0 state changed from BOOTING to RUNNING_LOCKED
01-07 06:08:13.061  1251  1292 I ActivityManager: User 0 state changed from RUNNING_LOCKED to RUNNING_UNLOCKING
01-07 06:08:13.061  1251  1292 D CryptdConnector: SND -> {5 cryptfs prepare_user_storage ! 0 0 2}
01-07 06:08:13.062  1263  1271 D vold    : e4crypt_prepare_user_storage for volume null, user 0, serial 0, flags 2
01-07 06:08:13.062  1263  1271 D vold    : Preparing: /data/system_ce/0
01-07 06:08:13.062  1263  1271 D vold    : Preparing: /data/misc_ce/0
01-07 06:08:13.062  1263  1271 D vold    : Preparing: /data/media/0
01-07 06:08:13.062  1263  1271 D vold    : Preparing: /data/data
01-07 06:08:13.063  1251  1985 D CryptdConnector: RCV <- {200 5 Command succeeded}
01-07 06:08:13.064  1251  1292 V UserDataPreparer: Found /data/user/0 with serial number 0
01-07 06:08:13.065  1251  1292 V UserDataPreparer: Found /data/system_ce/0 with serial number 0
01-07 06:08:13.065  1251  1292 V PackageManager: reconcileAppsData for null u0 0x2 migrateAppData=false
01-07 06:08:13.119  2529  2529 I cat     : type=1400 audit(0.0:923): avc: denied { read } for name="hotplug_mask" dev="sysfs" ino=23508 scontext=u:r:toolbox:s0 tcontext=u:object_r:sysfs:s0 tclass=file permissive=1
01-07 06:08:13.119  2529  2529 I cat     : type=1400 audit(0.0:924): avc: denied { open } for path="/sys/devices/soc.0/qcom,bcl.65/hotplug_mask" dev="sysfs" ino=23508 scontext=u:r:toolbox:s0 tcontext=u:object_r:sysfs:s0 tclass=file permissive=1
01-07 06:08:13.142   994  1071 E ThermalEngine: [BMHB_GOV] read failed VS_TEMP
01-07 06:08:13.143   994  1072 E ThermalEngine: [GPU_MON] ACTION: GPU - [GPU_MON] Setting GPU[0] to 600000000
01-07 06:08:13.174  1251  1292 V PackageManager: reconcileAppsData finished 85 packages
01-07 06:08:13.174  1251  1276 I SystemServiceManager: Calling onUnlockUser u0
01-07 06:08:13.174  1251  1276 D BluetoothManagerService: User 0 unlocked
01-07 06:08:13.174  1251  1276 D StorageManagerService: onUnlockUser 0
01-07 06:08:13.174  1251  1291 D BluetoothManagerService: MESSAGE_USER_UNLOCKED
01-07 06:08:13.175  1251  1276 D VoldConnector: SND -> {6 volume user_started 0}
01-07 06:08:13.175  1263  1270 D vold    : Linking /storage/emulated/0 to /mnt/user/0/primary
01-07 06:08:13.176  1251  1984 D VoldConnector: RCV <- {200 6 Command succeeded}
01-07 06:08:13.180  1251  1983 D StorageManagerService: Volume emulated broadcasting mounted to UserHandle{0}
01-07 06:08:13.186  1251  1251 I ActivityManager: Start proc 2541:com.android.deskclock/u0a44 for broadcast com.android.deskclock/.AlarmInitReceiver
01-07 06:08:13.200  1251  1276 I SELinux : SELinux: Loaded file_contexts
01-07 06:08:13.207  2081  2081 W InputAttributes: No editor info for this field. Bug?
01-07 06:08:13.211  1251  1276 V BackupManagerService: No ancestral data
01-07 06:08:13.217  1251  1275 W Searchables: No global search activity found
01-07 06:08:13.297  1251  1276 V BackupManagerService: Starting with transport android/com.android.internal.backup.LocalTransport
01-07 06:08:13.297  1251  1276 D BackupTransportManager: Binding to transport: android/com.android.internal.backup.LocalTransportService
01-07 06:08:13.300  1251  1276 I BackupManagerService: Backup enabled => false
01-07 06:08:13.324  1251  1276 W SystemServiceManager: Service com.android.server.backup.BackupManagerService$Lifecycle took 140 ms in onUnlockUser 
01-07 06:08:13.324  1251  2546 V KeyValueBackupJob: Scheduling k/v pass in 245 minutes
01-07 06:08:13.326  1251  2546 I BackupManagerService: Found stale backup journal, scheduling
01-07 06:08:13.343  1251  1251 D BackupTransportManager: Bound to transport: android/com.android.internal.backup.LocalTransportService
01-07 06:08:13.358  1251  1276 W VoiceInteractionManagerService: no available voice interaction services found for user 0
01-07 06:08:13.358  1251  1276 W VoiceInteractionManagerService: no available voice recognition services found for user 0
01-07 06:08:13.360  2541  2541 I AlarmClock: AlarmInitReceiver android.intent.action.LOCKED_BOOT_COMPLETED
01-07 06:08:13.361  1251  1276 I ActivityManager: Loading recents for user 0 into memory.
01-07 06:08:13.373  2541  2576 I AlarmClock: Fixing alarm instances
01-07 06:08:13.380  1251  1276 I ActivityManager: Start proc 2577:com.android.nfc/1027 for added application com.android.nfc
01-07 06:08:13.392  1251  1275 I ActivityManager: Start proc 2591:com.android.printspooler/u0a53 for service com.android.printspooler/.model.PrintSpoolerService
01-07 06:08:13.393  1251  1276 I ActivityManager: User 0 state changed from RUNNING_UNLOCKING to RUNNING_UNLOCKED
01-07 06:08:13.393  1251  1276 I ActivityManager: Sending BOOT_COMPLETE user #0
01-07 06:08:13.415  1251  2194 I ActivityManager: Start proc 2615:com.android.dialer/u0a5 for broadcast com.android.dialer/.notification.PackageUpdatedReceiver
01-07 06:08:13.422  2268  2268 D FallbackHome: User unlocked and real home found; let's go!
01-07 06:08:13.427  2239  2239 D CarrierSvcBindHelper: Received android.intent.action.USER_UNLOCKED
01-07 06:08:13.427  2239  2239 E PhoneInterfaceManager: [PhoneIntfMgr] getCarrierPackageNamesForIntent: No UICC
01-07 06:08:13.428  2239  2239 D CarrierSvcBindHelper: No carrier app for: 0
01-07 06:08:13.435  2431  2431 I RenderThread: type=1400 audit(0.0:926): avc: denied { ioctl } for path="/dev/kgsl-3d0" dev="tmpfs" ino=10185 ioctlcmd=934 scontext=u:r:platform_app:s0:c512,c768 tcontext=u:object_r:device:s0 tclass=chr_file permissive=1
01-07 06:08:13.443  2091  2091 W KeyguardUpdateMonitor: invalid subId in handleSimStateChange()
01-07 06:08:13.450  1251  1251 I AccountManagerService: User 0 is unlocked - opening CE database
01-07 06:08:13.451  1343  1343 I surfaceflinger: type=1400 audit(0.0:928): avc: denied { ioctl } for path="/dev/kgsl-3d0" dev="tmpfs" ino=10185 ioctlcmd=933 scontext=u:r:surfaceflinger:s0 tcontext=u:object_r:device:s0 tclass=chr_file permissive=1
01-07 06:08:13.468  1251  2194 I ActivityManager: Start proc 2637:com.android.smspush/u0a55 for service com.android.smspush/.WapPushManager
01-07 06:08:13.473  1251  2260 I ActivityManager: START u0 {act=android.intent.action.MAIN cat=[android.intent.category.HOME] flg=0x10000100 cmp=com.android.launcher3/.Launcher} from uid 0
01-07 06:08:13.476   994  1073 E ThermalEngine: ACTION: CLUSTER - Setting CLUSTER[1] to 1689600
01-07 06:08:13.504  1251  1276 I ActivityManager: Start proc 2663:com.android.launcher3/1000 for activity com.android.launcher3/.Launcher
01-07 06:08:13.507   994  1073 E ThermalEngine: ACTION: CLUSTER - Setting CLUSTER[1] to 1632000
01-07 06:08:13.508  2577  2577 I NfcService: Starting NFC service
01-07 06:08:13.524  2615  2615 I Dialer  : NonUiTaskBuilder.newThread - creating parallel thread
01-07 06:08:13.531  2615  2615 I Dialer  : CallLogFramework.registerContentObservers - enter
01-07 06:08:13.533  2577  2577 I BrcmNfcJni: NFC Service: loading nci JNI
01-07 06:08:13.533  2577  2577 D NfcAdaptation: readConfig Opened base config /vendor/etc/libnfc-brcm.conf
01-07 06:08:13.536  2615  2615 I Dialer  : NonUiTaskBuilder.newThread - creating serial thread
01-07 06:08:13.537   994  1073 E ThermalEngine: ACTION: CLUSTER - Setting CLUSTER[1] to 1536000
01-07 06:08:13.539  2615  2615 I Dialer  : NotificationChannelManager.initChannels - enter
01-07 06:08:13.546  2577  2577 D NfcAdaptation: find found SCREEN_OFF_POWER_STATE=(0x1)
01-07 06:08:13.546  2577  2577 D NfcAdaptation: find found AID_MATCHING_MODE=(0x1)
01-07 06:08:13.549  2577  2577 W Settings: Setting device_provisioned has moved from android.provider.Settings.Secure to android.provider.Settings.Global.
01-07 06:08:13.557  1251  1275 I ActivityManager: Start proc 2688:com.android.keychain/1000 for service com.android.keychain/.KeyChainService
01-07 06:08:13.563  1073  1073 I thermal-engine: type=1400 audit(0.0:930): avc: denied { ioctl } for path="/dev/msm_thermal_query" dev="tmpfs" ino=2002 ioctlcmd=ca02 scontext=u:r:init:s0 tcontext=u:object_r:device:s0 tclass=chr_file permissive=1
01-07 06:08:13.567   994  1073 E ThermalEngine: ACTION: CLUSTER - Setting CLUSTER[1] to 1440000
01-07 06:08:13.574  2564  2564 W libc    : Unable to set property "ro.min_freq_0" to "384000": error code: 0xb
01-07 06:08:13.578  2663  2663 D LauncherProvider: Launcher process started
01-07 06:08:13.580   994  1073 E ThermalEngine: ACTION: CLUSTER - Setting CLUSTER[1] to 1824000
01-07 06:08:13.587  1251  2260 I ActivityManager: Start proc 2706:android.process.media/u0a7 for broadcast com.android.providers.downloads/.DownloadReceiver
01-07 06:08:13.594  2577  2577 I NfceeAccess: read 3 signature(s) for NFCEE access
01-07 06:08:13.597  2705  2705 W libc    : Unable to set property "ro.min_freq_4" to "384000": error code: 0xb
01-07 06:08:13.612  2663  2663 V Launcher: LauncherAppState initiated
01-07 06:08:13.615  2577  2577 D RegisteredT3tIdentifiersCache: RegisteredT3tIdentifiersCache
01-07 06:08:13.631  2577  2577 D RegisteredServicesCache: Dynamic AIDs file does not exist.
01-07 06:08:13.635  2725  2725 E ANDR-PERF-MPCTL: Unable to create control service (stage=1, rc=0)
01-07 06:08:13.635  2725  2725 W libc    : invalid pthread_t (0) passed to libc
01-07 06:08:13.643  2577  2577 D RegisteredNfcFServicesCache: Dynamic System Code, NFCID2 file does not exist.
01-07 06:08:13.644  2577  2577 D RegisteredNfcFServicesCache: Service unchanged, not updating
01-07 06:08:13.647  2577  2735 D NfcService: checking on firmware download
01-07 06:08:13.647  2577  2735 D NfcService: NFC is on. Doing normal stuff
01-07 06:08:13.647  2577  2735 I NfcService: Enabling NFC
01-07 06:08:13.649  2577  2735 D NfcAdaptation: find found SCREEN_OFF_POWER_STATE=(0x1)
01-07 06:08:13.649  2577  2735 D NfcAdaptation: NfcAdaptation::Initialize: enter
01-07 06:08:13.649  2577  2735 E NfcAdaptation: NfcAdaptation::Initialize: ver=NFCDROID-AOSP_M_00.01 nfa=NFA_PI_1.03.66+
01-07 06:08:13.649  2577  2735 D NfcAdaptation: find found NFA_STORAGE=/data/nfc
01-07 06:08:13.649  2577  2735 D NfcAdaptation: find found PROTOCOL_TRACE_LEVEL=(0xFFFFFFFF)
01-07 06:08:13.649  2577  2735 D NfcAdaptation: find found NFA_MAX_EE_SUPPORTED=(0x2)
01-07 06:08:13.649  2577  2735 D NfcAdaptation: NfcAdaptation::Initialize: Overriding NFA_EE_MAX_EE_SUPPORTED to use 2
01-07 06:08:13.649  2577  2735 D NfcAdaptation: find found APPL_TRACE_LEVEL=(0xFF)
01-07 06:08:13.649  2577  2735 D BrcmNfcJni: initializeGlobalAppLogLevel: level=5
01-07 06:08:13.649  2577  2735 D         : verify_stack_non_volatile_store
01-07 06:08:13.649  2577  2735 D NfcNciHal: crcChecksumVerifyIntegrity: filename=/data/nfc/nfaStorage.bin1
01-07 06:08:13.649  2577  2735 D NfcNciHal: crcChecksumVerifyIntegrity: filename=/data/nfc/nfaStorage.bin2
01-07 06:08:13.649  2577  2735 D NfcNciHal: crcChecksumVerifyIntegrity: filename=/data/nfc/nfaStorage.bin3
01-07 06:08:13.649  2577  2735 D NfcNciHal: crcChecksumVerifyIntegrity: filename=/data/nfc/nfaStorage.bin4
01-07 06:08:13.649  2577  2735 D NfcNciHal: crcChecksumVerifyIntegrity: filename=/data/nfc/nfaStorage.bin5
01-07 06:08:13.649  2577  2735 D NfcAdaptation: find found PRESERVE_STORAGE=(0x1)
01-07 06:08:13.649  2577  2735 D NfcAdaptation: Initialize: preserve stack NV store
01-07 06:08:13.650  2577  2738 D NfcAdaptation: NfcAdaptation::Thread: enter
01-07 06:08:13.650  2577  2740 I BrcmNfcNfa: NFC_TASK started.
01-07 06:08:13.651  2577  2735 D NfcAdaptation: NfcAdaptation::InitializeHalDeviceContext: enter
01-07 06:08:13.651  2577  2735 I NfcAdaptation: NfcAdaptation::InitializeHalDeviceContext: INfc::getService()
01-07 06:08:13.652  2577  2738 D NfcAdaptation: NfcAdaptation::Thread: exit
01-07 06:08:13.652  2577  2738 E BrcmNfcNfa: gki_task task_id=0 terminating
01-07 06:08:13.658  2577  2737 D NfcAdaptation: NfcAdaptation::NFCA_TASK: enter
01-07 06:08:13.659  2577  2737 I BrcmNfcNfa: GKI_run(): Start/Stop GKI_timer_update_registered!
01-07 06:08:13.678  1251  1275 W ProcessCpuTracker: Skipping unknown process pid 2733
01-07 06:08:13.696  1251  1251 D LocSvc_jni: LocationService_jni: JNI_OnLoad
01-07 06:08:13.700  1251  1251 D IzatProviderEngine_jni: register_IzatProviderEngine
01-07 06:08:13.700  1251  1251 D FlpSvcProvider_jni: register_FlpServiceProvider
01-07 06:08:13.700  1251  1251 D GeofenceSvcProvider_jni: register_GeofenceServiceProvider
01-07 06:08:13.706  1251  1251 W ActivityManager: Unable to start service Intent { act=android.intent.action.BOOT_COMPLETED cmp=com.qualcomm.location.XT/.XTSrv } U=0: not found
01-07 06:08:13.713  1251  2747 V IzatServiceBase: handleGNPProxyInit
01-07 06:08:13.714  1251  1251 D IzatProviderEngine_jni: Entering  : void onJavaClassLoad(JNIEnv *, jclass)
01-07 06:08:13.715  1251  1251 D IzatProviderEngine_jni: Entering  : void onJavaInstanceInit(JNIEnv *, jobject)
01-07 06:08:13.719  1251  2747 V OSNPGlue_jni: Entering  : void onJavaInstanceInit(JNIEnv *, jobject)
01-07 06:08:13.756  1251  1251 D LBSSystemMonitorService: SUPL_ES is: 0
01-07 06:08:13.756  1251  1251 D LBSSystemMonitorService: nonSGLTE device without ES SUPL
01-07 06:08:13.768  1251  1251 W LocSvc_NiH: Vendor from gps property : GLOBAL
01-07 06:08:13.776  1251  1251 D IzatService: register Izat service on entry
01-07 06:08:13.776  1244  1244 E SELinux : avc:  denied  { add } for service=com.qualcomm.location.izat.IzatService pid=1251 uid=1000 scontext=u:r:system_server:s0 tcontext=u:object_r:default_android_service:s0 tclass=service_manager
01-07 06:08:13.777  1251  1251 I FusedLocation: engine stopped (com.android.location.fused)
01-07 06:08:13.786  1251  2196 E LocSvc_api_v02: I/---> locClientSendReq line 2059 QMI_LOC_SET_PROTOCOL_CONFIG_PARAMETERS_REQ_V02
01-07 06:08:13.787   994  1073 E ThermalEngine: ACTION: CLUSTER - Setting CLUSTER[1] to 1689600
01-07 06:08:13.788  2706  2706 D MediaScannerReceiver: action: android.intent.action.MEDIA_MOUNTED path: /storage/emulated/0
01-07 06:08:13.789  1251  2218 E LocSvc_ApiV02: I/<--- void globalRespCb(locClientHandleType, uint32_t, const locClientRespIndUnionType, uint32_t, void *) line 133 QMI_LOC_SET_PROTOCOL_CONFIG_PARAMETERS_REQ_V02
01-07 06:08:13.789  1251  2196 E LocSvc_api_v02: I/---> locClientSendReq line 2059 QMI_LOC_SET_PROTOCOL_CONFIG_PARAMETERS_REQ_V02
01-07 06:08:13.791  1251  2218 E LocSvc_ApiV02: I/<--- void globalRespCb(locClientHandleType, uint32_t, const locClientRespIndUnionType, uint32_t, void *) line 133 QMI_LOC_SET_PROTOCOL_CONFIG_PARAMETERS_REQ_V02
01-07 06:08:13.791  1251  2196 E LocSvc_api_v02: I/---> locClientSendReq line 2059 QMI_LOC_SET_SENSOR_CONTROL_CONFIG_REQ_V02
01-07 06:08:13.793  1251  2218 E LocSvc_ApiV02: I/<--- void globalRespCb(locClientHandleType, uint32_t, const locClientRespIndUnionType, uint32_t, void *) line 133 QMI_LOC_SET_SENSOR_CONTROL_CONFIG_REQ_V02
01-07 06:08:13.793  1251  2196 E LocSvc_api_v02: I/---> locClientSendReq line 2059 QMI_LOC_SET_PROTOCOL_CONFIG_PARAMETERS_REQ_V02
01-07 06:08:13.796  1251  2218 E LocSvc_ApiV02: I/<--- void globalRespCb(locClientHandleType, uint32_t, const locClientRespIndUnionType, uint32_t, void *) line 133 QMI_LOC_SET_PROTOCOL_CONFIG_PARAMETERS_REQ_V02
01-07 06:08:13.796  1251  2196 E LocSvc_api_v02: I/---> locClientSendReq line 2059 QMI_LOC_SET_PROTOCOL_CONFIG_PARAMETERS_REQ_V02
01-07 06:08:13.798  1251  2218 E LocSvc_ApiV02: I/<--- void globalRespCb(locClientHandleType, uint32_t, const locClientRespIndUnionType, uint32_t, void *) line 133 QMI_LOC_SET_PROTOCOL_CONFIG_PARAMETERS_REQ_V02
01-07 06:08:13.798  1251  2196 E LocSvc_api_v02: I/---> locClientSendReq line 2059 QMI_LOC_SET_PROTOCOL_CONFIG_PARAMETERS_REQ_V02
01-07 06:08:13.800  1251  2218 E LocSvc_ApiV02: I/<--- void globalRespCb(locClientHandleType, uint32_t, const locClientRespIndUnionType, uint32_t, void *) line 133 QMI_LOC_SET_PROTOCOL_CONFIG_PARAMETERS_REQ_V02
01-07 06:08:13.800  1251  2196 E LocSvc_api_v02: I/---> locClientSendReq line 2059 QMI_LOC_SET_NMEA_TYPES_REQ_V02
01-07 06:08:13.801  1251  2218 E LocSvc_ApiV02: I/<--- void globalRespCb(locClientHandleType, uint32_t, const locClientRespIndUnionType, uint32_t, void *) line 133 QMI_LOC_SET_NMEA_TYPES_REQ_V02
01-07 06:08:13.801  1251  2196 E LocSvc_api_v02: I/---> locClientSendReq line 2059 QMI_LOC_SET_SENSOR_PERFORMANCE_CONTROL_CONFIGURATION_REQ_V02
01-07 06:08:13.803  1251  2218 E LocSvc_ApiV02: I/<--- void globalRespCb(locClientHandleType, uint32_t, const locClientRespIndUnionType, uint32_t, void *) line 133 QMI_LOC_SET_SENSOR_PERFORMANCE_CONTROL_CONFIGURATION_REQ_V02
01-07 06:08:13.803  1251  2196 E LocSvc_api_v02: I/---> locClientSendReq line 2059 QMI_LOC_SET_XTRA_VERSION_CHECK_REQ_V02
01-07 06:08:13.806  1251  2218 E LocSvc_ApiV02: I/<--- void globalRespCb(locClientHandleType, uint32_t, const locClientRespIndUnionType, uint32_t, void *) line 133 QMI_LOC_SET_XTRA_VERSION_CHECK_REQ_V02
01-07 06:08:13.806  1251  2196 D LocSvc_jni: set_capabilities_callback: 51
01-07 06:08:13.816  1251  2771 I RecoverySystem: No recovery log file
01-07 06:08:13.821  1251  2771 I BootReceiver: Copying audit failures to DropBox
01-07 06:08:13.822  1251  2771 I BootReceiver: Checking for fsck errors
01-07 06:08:13.823  1251  2771 I BootReceiver: fs_stat, partition:userdata stat:0x1
01-07 06:08:13.823  1251  2771 I BootReceiver: fs_stat, partition:cache stat:0x1
01-07 06:08:13.823  1251  2771 I BootReceiver: fs_stat, partition:persist stat:0x3
01-07 06:08:13.823  1251  2771 I BootReceiver: fs_stat, partition:sns stat:0x3
01-07 06:08:13.823  1251  2771 I BootReceiver: fs_stat, partition:drm stat:0x3
01-07 06:08:13.823  1251  2771 I BootReceiver: fs_stat, partition:mpt stat:0x3
01-07 06:08:13.824  1251  2771 I BootReceiver: fs_stat, partition:cust stat:0x3
01-07 06:08:13.825  1251  2771 I BootReceiver: fs_stat, partition:system stat:0x541
01-07 06:08:13.825  2663  2663 W ContextImpl: Calling a method in the system process without a qualified user: android.app.ContextImpl.bindService:1540 android.content.ContextWrapper.bindService:678 com.google.android.libraries.launcherclient.LauncherClient.connectSafely:98 com.google.android.libraries.launcherclient.LauncherClient.reconnect:255 com.google.android.libraries.launcherclient.LauncherClient.<init>:64 
01-07 06:08:13.825  1251  2771 I BootReceiver: fs_stat, partition:userdata stat:0x549
01-07 06:08:13.826  1251  2633 W ActivityManager: Unable to start service Intent { act=com.android.launcher3.WINDOW_OVERLAY dat=app://com.android.launcher3:1000?v=0 pkg=com.google.android.googlequicksearchbox } U=0: not found
01-07 06:08:13.826  1251  2771 I BootReceiver: fs_stat, partition:cache stat:0x549
01-07 06:08:13.826  1251  2771 I BootReceiver: fs_stat, partition:persist stat:0x54b
01-07 06:08:13.827  1251  2771 I BootReceiver: fs_stat, partition:sns stat:0x54b
01-07 06:08:13.827  1251  2771 I BootReceiver: fs_stat, partition:drm stat:0x54b
01-07 06:08:13.828  1251  2771 I BootReceiver: fs_stat, partition:mpt stat:0x54b
01-07 06:08:13.829   994  1073 E ThermalEngine: ACTION: CLUSTER - Setting CLUSTER[1] to 1824000
01-07 06:08:13.829   994  1073 E ThermalEngine: ACTION: CLUSTER - Setting CLUSTER[1] to 1689600
01-07 06:08:13.833  2663  2663 W ContextImpl: Calling a method in the system process without a qualified user: android.app.ContextImpl.bindService:1540 android.content.ContextWrapper.bindService:678 com.google.android.libraries.launcherclient.LauncherClient.connectSafely:98 com.google.android.libraries.launcherclient.LauncherClient.reconnect:255 com.google.android.libraries.launcherclient.LauncherClient.onResume:231 
01-07 06:08:13.833  2615  2615 I Dialer  : NonUiTaskBuilder.newThread - creating parallel thread
01-07 06:08:13.834  1251  1262 W ActivityManager: Unable to start service Intent { act=com.android.launcher3.WINDOW_OVERLAY dat=app://com.android.launcher3:1000?v=0 pkg=com.google.android.googlequicksearchbox } U=0: not found
01-07 06:08:13.837  2663  2729 D Launcher.Model: loadWorkspace: loading default favorites
01-07 06:08:13.838  2663  2774 D OpenGLRenderer: HWUI GL Pipeline
01-07 06:08:13.851  1251  2260 I ActivityManager: Start proc 2775:android.process.acore/u0a1 for content provider com.android.providers.contacts/.CallLogProvider
01-07 06:08:13.859   994  1073 E ThermalEngine: ACTION: CLUSTER - Setting CLUSTER[1] to 1632000
01-07 06:08:13.873  1251  2259 E AppWidgetServiceImpl: No widget provider ComponentInfo{com.android.launcher3/com.android.launcher3.Launcher} for profile 0
01-07 06:08:13.875  2663  2663 D SuperWeatherListener: onReceive
01-07 06:08:13.876  2663  2663 W ContextImpl: Calling a method in the system process without a qualified user: android.app.ContextImpl.sendBroadcast:950 android.content.ContextWrapper.sendBroadcast:431 com.android.launcher3.vendor.WeatherListener.onReceive:76 com.android.launcher3.vendor.WeatherListener.<init>:55 com.android.launcher3.vendor.WeatherListener.getInstance:44 
01-07 06:08:13.878  1251  1262 E ActivityManager: Sending non-protected broadcast com.google.android.apps.gsa.weatherwidget.ENABLE_UPDATE from system 2663:com.android.launcher3/1000 pkg com.android.launcher3
01-07 06:08:13.878  1251  1262 E ActivityManager: java.lang.Throwable
01-07 06:08:13.878  1251  1262 E ActivityManager: 	at com.android.server.am.ActivityManagerService.checkBroadcastFromSystem(ActivityManagerService.java:18959)
01-07 06:08:13.878  1251  1262 E ActivityManager: 	at com.android.server.am.ActivityManagerService.broadcastIntentLocked(ActivityManagerService.java:19564)
01-07 06:08:13.878  1251  1262 E ActivityManager: 	at com.android.server.am.ActivityManagerService.broadcastIntent(ActivityManagerService.java:19706)
01-07 06:08:13.878  1251  1262 E ActivityManager: 	at android.app.IActivityManager$Stub.onTransact(IActivityManager.java:240)
01-07 06:08:13.878  1251  1262 E ActivityManager: 	at com.android.server.am.ActivityManagerService.onTransact(ActivityManagerService.java:2938)
01-07 06:08:13.878  1251  1262 E ActivityManager: 	at android.os.Binder.execTransact(Binder.java:674)
01-07 06:08:13.889   994  1073 E ThermalEngine: ACTION: CLUSTER - Setting CLUSTER[1] to 1536000
01-07 06:08:13.917  2663  2774 I Adreno  : QUALCOMM build                   : d3015e9, I25dc76dc3f
01-07 06:08:13.917  2663  2774 I Adreno  : Build Date                       : 01/26/17
01-07 06:08:13.917  2663  2774 I Adreno  : OpenGL ES Shader Compiler Version: XE031.09.00.03
01-07 06:08:13.917  2663  2774 I Adreno  : Local Branch                     : 
01-07 06:08:13.917  2663  2774 I Adreno  : Remote Branch                    : refs/tags/AU_LINUX_ANDROID_LA.BF64.1.2.3_RB1.07.00.00.258.011
01-07 06:08:13.917  2663  2774 I Adreno  : Remote Branch                    : NONE
01-07 06:08:13.917  2663  2774 I Adreno  : Reconstruct Branch               : NOTHING
01-07 06:08:13.919  1343  1343 I surfaceflinger: type=1400 audit(0.0:936): avc: denied { ioctl } for path="/dev/kgsl-3d0" dev="tmpfs" ino=10185 ioctlcmd=93d scontext=u:r:surfaceflinger:s0 tcontext=u:object_r:device:s0 tclass=chr_file permissive=1
01-07 06:08:13.919   994  1073 E ThermalEngine: ACTION: CLUSTER - Setting CLUSTER[1] to 1824000
01-07 06:08:13.928  2663  2774 I OpenGLRenderer: Initialized EGL, version 1.4
01-07 06:08:13.928  2663  2774 D OpenGLRenderer: Swap behavior 2
01-07 06:08:13.940  2775  2775 I ContactsPerf: VoicemailContentProvider.onCreate start
01-07 06:08:13.944  2775  2775 I ContactsPerf: VoicemailContentProvider.onCreate finish
01-07 06:08:13.980  2775  2795 D ContactsDatabaseHelper: WAL enabled for contacts2.db: true
01-07 06:08:13.990  2615  2615 I Dialer  : DefaultVoicemailNotifier.updateVoicemailNotifications - update voicemail notifications successful
01-07 06:08:13.992  1251  1251 I Telecom : DefaultDialerCache: Refreshing default dialer for user 0: now com.android.dialer: DDC.oR@ABE
01-07 06:08:13.996  2239  2239 D CarrierConfigLoader: mHandler: 13 phoneId: 0
01-07 06:08:13.996  2239  2239 D CarrierConfigLoader: mHandler: 7 phoneId: 0
01-07 06:08:13.997  2239  2239 E CarrierConfigLoader: Cannot restore config with null packageName or iccid.
01-07 06:08:13.997  2239  2239 D CarrierConfigLoader: Binding to com.android.carrierconfig for phone 0
01-07 06:08:14.002   994  1073 E ThermalEngine: ACTION: CLUSTER - Setting CLUSTER[1] to 1689600
01-07 06:08:14.013  1251  1264 I ActivityManager: Start proc 2803:co.aoscp.musicx/u0a48 for broadcast co.aoscp.musicx/.appwidgets.BootReceiver
01-07 06:08:14.019   994  1073 E ThermalEngine: ACTION: CLUSTER - Setting CLUSTER[1] to 1824000
01-07 06:08:14.031  1251  2260 I ActivityManager: Start proc 2818:com.android.carrierconfig/u0a3 for service com.android.carrierconfig/.DefaultCarrierConfigService
01-07 06:08:14.034  2775  2795 I ContactLocale: AddressBook Labels [[en_US]]: [, A, B, C, D, E, F, G, H, I, J, K, L, M, N, O, P, Q, R, S, T, U, V, W, X, Y, Z, , , , , , , , , , , , , , , , , , , , , , , , , , , , , , , , , , , , , , , , , , , , , , , , , , , , , , , , , , , , , , , , , , , , , , , , , , , , , , , , , , , , , , , , , , , , , , , , , , , , , , , , , , , , , , , , , , , , , , , , , , , , , , , , , , , , , , , , , , , , , , , , , , , , , , , , , , , , , , , , , , , , , , , , , , , , , , , , , , , , , , , , , , , #, ]
01-07 06:08:14.048   994  1073 E ThermalEngine: ACTION: CLUSTER - Setting CLUSTER[1] to 1689600
01-07 06:08:14.060  2775  2795 D ContactsDatabaseHelper: WAL enabled for profile.db: true
01-07 06:08:14.078  2818  2818 D DefaultCarrierConfigService: Service created
01-07 06:08:14.079   994  1073 E ThermalEngine: ACTION: CLUSTER - Setting CLUSTER[1] to 1632000
01-07 06:08:14.080  2239  2239 D CarrierConfigLoader: Connected to config app: com.android.carrierconfig/com.android.carrierconfig.DefaultCarrierConfigService
01-07 06:08:14.081  2239  2239 D CarrierConfigLoader: mHandler: 3 phoneId: 0
01-07 06:08:14.082  2818  2830 D DefaultCarrierConfigService: Config being fetched
01-07 06:08:14.084  2818  2830 D DefaultCarrierConfigService: java.io.FileNotFoundException: carrier_config_.xml
01-07 06:08:14.085  2239  2239 E CarrierConfigLoader: Cannot save config with null packageName or iccid.
01-07 06:08:14.087  2239  2239 D CarrierConfigLoader: mHandler: 5 phoneId: 0
01-07 06:08:14.088  2239  2239 E PhoneInterfaceManager: [PhoneIntfMgr] getCarrierPackageNamesForIntent: No UICC
01-07 06:08:14.092  2239  2239 I ImsResolver: Received Carrier Config Changed for SubId: -2
01-07 06:08:14.098  1251  1251 I Telecom : PhoneAccountRegistrar: SimCallManager queried, returning: null: TSI.gSCMFU@ABM
01-07 06:08:14.109   994  1073 E ThermalEngine: ACTION: CLUSTER - Setting CLUSTER[1] to 1689600
01-07 06:08:14.103  1073  1073 I thermal-engine: type=1400 audit(0.0:937): avc: denied { ioctl } for path="/dev/msm_thermal_query" dev="tmpfs" ino=2002 ioctlcmd=ca02 scontext=u:r:init:s0 tcontext=u:object_r:device:s0 tclass=chr_file permissive=1
01-07 06:08:14.109   994  1073 E ThermalEngine: ACTION: CLUSTER - Setting CLUSTER[1] to 1689600
01-07 06:08:14.116  1251  2245 I ActivityManager: Start proc 2837:com.android.calendar/u0a35 for broadcast com.android.calendar/.alerts.AlertReceiver
01-07 06:08:14.135   994  1073 E ThermalEngine: ACTION: CLUSTER - Setting CLUSTER[1] to 1824000
01-07 06:08:14.135   994  1073 E ThermalEngine: ACTION: CLUSTER - Setting CLUSTER[1] to 1689600
01-07 06:08:14.165   994  1073 E ThermalEngine: ACTION: CLUSTER - Setting CLUSTER[1] to 1632000
01-07 06:08:14.177  2837  2837 D ExtensionsFactory: No custom extensions.
01-07 06:08:14.181  2837  2837 D AlertReceiver: onReceive: a=android.intent.action.BOOT_COMPLETED Intent { act=android.intent.action.BOOT_COMPLETED flg=0x9000010 cmp=com.android.calendar/.alerts.AlertReceiver (has extras) }
01-07 06:08:14.196   994  1073 E ThermalEngine: ACTION: CLUSTER - Setting CLUSTER[1] to 1536000
01-07 06:08:14.196  1251  2245 I ActivityManager: Start proc 2859:com.android.contacts/u0a12 for broadcast com.android.contacts/.interactions.OnBootOrUpgradeReceiver
01-07 06:08:14.199  2837  2857 D AlertService: 0 Action = android.intent.action.BOOT_COMPLETED
01-07 06:08:14.202  2837  2857 D AlertService: Scheduling next alarm with AlarmScheduler. sEventReminderReceived: null
01-07 06:08:14.220  1251  1262 I ActivityManager: Start proc 2874:com.android.providers.calendar/u0a2 for content provider com.android.providers.calendar/.CalendarProvider2
01-07 06:08:14.241   994  1073 E ThermalEngine: ACTION: CLUSTER - Setting CLUSTER[1] to 1440000
01-07 06:08:14.271   994  1073 E ThermalEngine: ACTION: CLUSTER - Setting CLUSTER[1] to 1536000
01-07 06:08:14.277  1251  2633 W Binder  : Outgoing transactions from this process must be FLAG_ONEWAY
01-07 06:08:14.277  1251  2633 W Binder  : java.lang.Throwable
01-07 06:08:14.277  1251  2633 W Binder  : 	at android.os.BinderProxy.transact(Binder.java:736)
01-07 06:08:14.277  1251  2633 W Binder  : 	at android.content.ContentProviderProxy.getType(ContentProviderNative.java:451)
01-07 06:08:14.277  1251  2633 W Binder  : 	at com.android.server.am.ActivityManagerService.getProviderMimeType(ActivityManagerService.java:12100)
01-07 06:08:14.277  1251  2633 W Binder  : 	at android.app.IActivityManager$Stub.onTransact(IActivityManager.java:1799)
01-07 06:08:14.277  1251  2633 W Binder  : 	at com.android.server.am.ActivityManagerService.onTransact(ActivityManagerService.java:2938)
01-07 06:08:14.277  1251  2633 W Binder  : 	at android.os.Binder.execTransact(Binder.java:674)
01-07 06:08:14.287  2541  2541 I AlarmClock: AlarmInitReceiver android.intent.action.BOOT_COMPLETED
01-07 06:08:14.293  2874  2874 I CalendarProvider2: Created com.android.providers.calendar.CalendarAlarmManager@ef77115(com.android.providers.calendar.CalendarProvider2@f0dbc2a)
01-07 06:08:14.299  2541  2576 I AlarmClock: Fixing alarm instances
01-07 06:08:14.302   994  1073 E ThermalEngine: ACTION: CLUSTER - Setting CLUSTER[1] to 1632000
01-07 06:08:14.311  2837  2857 D AlarmScheduler: No events found starting within 1 week.
01-07 06:08:14.312  2615  2615 I Dialer  : VoicemailModule.provideVoicemailClient - providing VoicemailClientImpl
01-07 06:08:14.327  1251  2633 I ActivityManager: Start proc 2895:com.android.email/u0a47 for broadcast com.android.email/.service.EmailBroadcastReceiver
01-07 06:08:14.332   994  1073 E ThermalEngine: ACTION: CLUSTER - Setting CLUSTER[1] to 1689600
01-07 06:08:14.362   994  1073 E ThermalEngine: ACTION: CLUSTER - Setting CLUSTER[1] to 1824000
01-07 06:08:14.412  1251  2194 W ActivityManager: Unable to start service Intent { act=com.android.email.EXCHANGE_INTENT pkg=com.android.exchange } U=0: not found
01-07 06:08:14.417  2895  2912 D ActivityThread: Loading provider com.android.email.provider;com.android.email.notifier: com.android.email.provider.EmailProvider
01-07 06:08:14.419  1251  2259 W ActivityManager: Unable to start service Intent { act=com.android.email.EXCHANGE_INTENT pkg=com.android.exchange } U=0: not found
01-07 06:08:14.420  2895  2913 D ActivityThread: Loading provider com.android.email.provider;com.android.email.notifier: com.android.email.provider.EmailProvider
01-07 06:08:14.421  1251  2260 W ActivityManager: Unable to start service Intent { act=com.android.email.EXCHANGE_INTENT pkg=com.android.exchange } U=0: not found
01-07 06:08:14.422  2895  2915 D ActivityThread: Loading provider com.android.email.provider;com.android.email.notifier: com.android.email.provider.EmailProvider
01-07 06:08:14.424  1251  1264 W ActivityManager: Unable to start service Intent { act=com.android.email.EXCHANGE_INTENT pkg=com.android.exchange } U=0: not found
01-07 06:08:14.441  2081  2081 I SystemBroadcastReceiver: Boot has been completed
01-07 06:08:14.441  2081  2081 I SystemBroadcastReceiver: toggleAppIcon() : FLAG_SYSTEM = true
01-07 06:08:14.449  1251  1264 W ActivityManager: Unable to start service Intent { cmp=com.android.email/.service.AttachmentService } U=0: not found
01-07 06:08:14.449  1251  2633 W ActivityManager: Unable to start service Intent { act=com.android.email.EXCHANGE_INTENT pkg=com.android.exchange } U=0: not found
01-07 06:08:14.462  1251  2259 I ActivityManager: Start proc 2921:com.android.managedprovisioning/u0a13 for broadcast com.android.managedprovisioning/.preprovisioning.BootReminder
01-07 06:08:14.463  1251  2260 W ActivityManager: Unable to start service Intent { cmp=com.android.email/.service.AttachmentService } U=0: not found
01-07 06:08:14.466  2895  2920 I Email   : Observing account changes for notifications
01-07 06:08:14.467  1251  2633 W ActivityManager: Unable to start service Intent { act=com.android.email.EXCHANGE_INTENT pkg=com.android.exchange } U=0: not found
01-07 06:08:14.468  1251  2245 W ActivityManager: Unable to start service Intent { cmp=com.android.email/.service.AttachmentService } U=0: not found
01-07 06:08:14.471  1251  2260 W ActivityManager: Unable to start service Intent { cmp=com.android.email/.service.AttachmentService } U=0: not found
01-07 06:08:14.476  1251  2114 W ActivityManager: Unable to start service Intent { act=com.android.email.EXCHANGE_INTENT pkg=com.android.exchange } U=0: not found
01-07 06:08:14.479  1251  2194 W ActivityManager: Unable to start service Intent { act=com.android.email.EXCHANGE_INTENT pkg=com.android.exchange } U=0: not found
01-07 06:08:14.481  2895  2895 E ActivityThread: Service com.android.email.service.EmailBroadcastProcessorService has leaked ServiceConnection com.android.emailcommon.service.ServiceProxy$ProxyConnection@300b432 that was originally bound here
01-07 06:08:14.481  2895  2895 E ActivityThread: android.app.ServiceConnectionLeaked: Service com.android.email.service.EmailBroadcastProcessorService has leaked ServiceConnection com.android.emailcommon.service.ServiceProxy$ProxyConnection@300b432 that was originally bound here
01-07 06:08:14.481  2895  2895 E ActivityThread: 	at android.app.LoadedApk$ServiceDispatcher.<init>(LoadedApk.java:1514)
01-07 06:08:14.481  2895  2895 E ActivityThread: 	at android.app.LoadedApk.getServiceDispatcher(LoadedApk.java:1406)
01-07 06:08:14.481  2895  2895 E ActivityThread: 	at android.app.ContextImpl.bindServiceCommon(ContextImpl.java:1589)
01-07 06:08:14.481  2895  2895 E ActivityThread: 	at android.app.ContextImpl.bindService(ContextImpl.java:1541)
01-07 06:08:14.481  2895  2895 E ActivityThread: 	at android.content.ContextWrapper.bindService(ContextWrapper.java:678)
01-07 06:08:14.481  2895  2895 E ActivityThread: 	at com.android.emailcommon.service.ServiceProxy.setTask(ServiceProxy.java:181)
01-07 06:08:14.481  2895  2895 E ActivityThread: 	at com.android.emailcommon.service.ServiceProxy.test(ServiceProxy.java:224)
01-07 06:08:14.481  2895  2895 E ActivityThread: 	at com.android.email.service.EmailServiceUtils.isServiceAvailable(EmailServiceUtils.java:160)
01-07 06:08:14.481  2895  2895 E ActivityThread: 	at com.android.email.provider.AccountReconciler.reconcileAccountsInternal(AccountReconciler.java:171)
01-07 06:08:14.481  2895  2895 E ActivityThread: 	at com.android.email.provider.AccountReconciler.reconcileAccounts(AccountReconciler.java:115)
01-07 06:08:14.481  2895  2895 E ActivityThread: 	at com.android.email.service.EmailBroadcastProcessorService.reconcileAndStartServices(EmailBroadcastProcessorService.java:305)
01-07 06:08:14.481  2895  2895 E ActivityThread: 	at com.android.email.service.EmailBroadcastProcessorService.onBootCompleted(EmailBroadcastProcessorService.java:295)
01-07 06:08:14.481  2895  2895 E ActivityThread: 	at com.android.email.service.EmailBroadcastProcessorService.onHandleIntent(EmailBroadcastProcessorService.java:130)
01-07 06:08:14.481  2895  2895 E ActivityThread: 	at android.app.IntentService$ServiceHandler.handleMessage(IntentService.java:68)
01-07 06:08:14.481  2895  2895 E ActivityThread: 	at android.os.Handler.dispatchMessage(Handler.java:105)
01-07 06:08:14.481  2895  2895 E ActivityThread: 	at android.os.Looper.loop(Looper.java:164)
01-07 06:08:14.481  2895  2895 E ActivityThread: 	at android.os.HandlerThread.run(HandlerThread.java:65)
01-07 06:08:14.482  1251  2114 W ActivityManager: Unbind failed: could not find connection for android.os.BinderProxy@d16d63b
01-07 06:08:14.485  1251  2259 W ActivityManager: Unable to start service Intent { act=com.android.email.EXCHANGE_INTENT pkg=com.android.exchange } U=0: not found
01-07 06:08:14.490  1251  1262 W ActivityManager: Unable to start service Intent { act=com.android.email.EXCHANGE_INTENT pkg=com.android.exchange } U=0: not found
01-07 06:08:14.529  1251  2633 I ActivityManager: Start proc 2937:com.android.messaging/u0a57 for broadcast com.android.messaging/.receiver.BootAndPackageReplacedReceiver
01-07 06:08:14.636  2937  2937 W MessagingApp: PhoneUtils.getForLMR1(): invalid subId = -1
01-07 06:08:14.644  2937  2955 W MessagingApp: PhoneUtils.getForLMR1(): invalid subId = -1
01-07 06:08:14.652  2937  2937 I MessagingApp: Carrier config changed. Reloading MMS config.
01-07 06:08:14.652  2937  2957 W MessagingApp: PhoneUtils.getForLMR1(): invalid subId = -1
01-07 06:08:14.655  2577  2735 W com.android.nfc: Waited one second for android.hardware.nfc@1.0::INfc/default. Waiting another...
01-07 06:08:14.662  1251  1264 I ActivityManager: Start proc 2959:com.android.onetimeinitializer/u0a16 for broadcast com.android.onetimeinitializer/.OneTimeInitializerReceiver
01-07 06:08:14.665  2937  2962 W MessagingApp: PhoneUtils.getForLMR1(): invalid subId = -1
01-07 06:08:14.668  2937  2958 W MessagingApp: PhoneUtils.getForLMR1(): invalid subId = -1
01-07 06:08:14.670  2937  2956 I MessagingAppDataModel: Fixup: Send failed - 0 Download failed - 0
01-07 06:08:14.673  2937  2956 W MessagingApp: PhoneUtils.getForLMR1(): invalid subId = -1
01-07 06:08:14.679  2937  2958 W MessagingApp: PhoneUtils.getForLMR1(): invalid subId = -1
01-07 06:08:14.680  2937  2958 W MessagingApp: PhoneUtils.getForLMR1(): invalid subId = -1
01-07 06:08:14.682  2937  2958 W MessagingApp: PhoneUtils.getSelfRawNumber: subInfo is null for -1
01-07 06:08:14.683  2937  2958 W MessagingApp: PhoneUtils.getForLMR1(): invalid subId = -1
01-07 06:08:14.683  2937  2956 W MessagingApp: PhoneUtils.getForLMR1(): invalid subId = -1
01-07 06:08:14.701  2959  2959 V OneTimeInitializerReceiver: OneTimeInitializerReceiver.onReceive
01-07 06:08:14.717  1251  2114 I ActivityManager: Start proc 2979:com.android.packageinstaller/u0a17 for broadcast com.android.packageinstaller/.TemporaryFileManager
