01-07 07:22:37.886     0     0 E [    4.380504 / 01-07 07:22:37.879][2] init: Could not start service 'rfs_access' as part of class 'core': File /system/vendor/bin/rfs_access(labeled "u:object_r:vendor_file:s0") has incorrect label or no domain transition from u:r:init:s0 to another SELinux domain defined. Have you configured your service correctly? https://source.android.com/security/selinux/device-policy#label_new_services_and_address_denials
01-07 07:22:37.886     0     0 E [    4.380656 / 01-07 07:22:37.879][2] init: Could not start service 'config_bt_addr' as part of class 'core': File /system/vendor/bin/btnvtool(labeled "u:object_r:vendor_file:s0") has incorrect label or no domain transition from u:r:init:s0 to another SELinux domain defined. Have you configured your service correctly? https://source.android.com/security/selinux/device-policy#label_new_services_and_address_denials
01-07 07:22:37.886     0     0 E [    4.380808 / 01-07 07:22:37.879][2] init: Could not start service 'qseecomd' as part of class 'core': File /system/vendor/bin/qseecomd(labeled "u:object_r:vendor_file:s0") has incorrect label or no domain transition from u:r:init:s0 to another SELinux domain defined. Have you configured your service correctly? https://source.android.com/security/selinux/device-policy#label_new_services_and_address_denials
01-07 07:22:37.886     0     0 E [    4.380938 / 01-07 07:22:37.879][2] init: Could not start service 'per_mgr' as part of class 'core': File /system/vendor/bin/pm-service(labeled "u:object_r:vendor_file:s0") has incorrect label or no domain transition from u:r:init:s0 to another SELinux domain defined. Have you configured your service correctly? https://source.android.com/security/selinux/device-policy#label_new_services_and_address_denials
01-07 07:22:37.886     0     0 E [    4.381091 / 01-07 07:22:37.879][2] init: Could not start service 'hwaddrs' as part of class 'core': File /system/bin/hwaddrs(labeled "u:object_r:system_file:s0") has incorrect label or no domain transition from u:r:init:s0 to another SELinux domain defined. Have you configured your service correctly? https://source.android.com/security/selinux/device-policy#label_new_services_and_address_denials
01-07 07:22:37.891   465   465 E cutils-trace: Error opening trace file: Permission denied (13)
01-07 07:22:37.892   464   464 E cutils-trace: Error opening trace file: Permission denied (13)
01-07 07:22:37.895   466   466 E cutils-trace: Error opening trace file: Permission denied (13)
01-07 07:22:37.910     0     0 W         : [    4.405448 / 01-07 07:22:37.903][0] [RGB LED] Play pattern 0, (PATTERN_SCENARIO_DEFAULT_OFF)
01-07 07:22:37.910     0     0 I [    4.406403 / 01-07 07:22:37.903][0] init: processing action (boot) from (init.qcom.usb.rc:32)
01-07 07:22:37.915     0     0 I [    4.407442 / 01-07 07:22:37.907][2] ueventd: firmware: loading 'cpe.mdt' for '/devices/soc.0/fe12f000.slim/tomtom-slim-pgd/tomtom_codec/firmware/cpe.mdt'
01-07 07:22:37.915     0     0 I [    4.407499 / 01-07 07:22:37.907][0] init: processing action (boot) from (init.qcom.power.rc:1)
01-07 07:22:37.916     0     0 I [    4.408032 / 01-07 07:22:37.907][0] init: Command 'write /dev/cpuset/foreground/cpus 0-5' action=boot (init.qcom.power.rc:3) took 0ms and failed: Unable to write to file '/dev/cpuset/foreground/cpus': Unable to write file contents: Invalid argument
01-07 07:22:37.916     0     0 I [    4.408620 / 01-07 07:22:37.907][0] init: Command 'write /dev/cpuset/background/cpus 0-5' action=boot (init.qcom.power.rc:4) took 0ms and failed: Unable to write to file '/dev/cpuset/background/cpus': Unable to write file contents: Invalid argument
01-07 07:22:37.916     0     0 I [    4.409320 / 01-07 07:22:37.907][0] init: Command 'write /dev/cpuset/system-background/cpus 0-5' action=boot (init.qcom.power.rc:5) took 0ms and failed: Unable to write to file '/dev/cpuset/system-background/cpus': Unable to write file contents: Invalid argument
01-07 07:22:37.916     0     0 I [    4.410024 / 01-07 07:22:37.907][0] init: Command 'write /dev/cpuset/top-app/cpus 0-5' action=boot (init.qcom.power.rc:6) took 0ms and failed: Unable to write to file '/dev/cpuset/top-app/cpus': Unable to write file contents: Invalid argument
01-07 07:22:37.916     0     0 I [    4.412437 / 01-07 07:22:37.911][0] init: Command 'write /dev/cpuset/camera-daemon/cpus 0-5' action=boot (init.qcom.power.rc:11) took 0ms and failed: Unable to write to file '/dev/cpuset/camera-daemon/cpus': Unable to write file contents: Invalid argument
01-07 07:22:37.918     0     0 I [    4.413398 / 01-07 07:22:37.911][0] init: processing action (boot) from (/system/etc/init/bootstat.rc:61)
01-07 07:22:37.918     0     0 I [    4.413522 / 01-07 07:22:37.911][0] init: processing action (boot) from (/system/etc/init/dumpstate.rc:1)
01-07 07:22:37.918     0     0 I [    4.413886 / 01-07 07:22:37.911][0] init: processing action (enable_property_trigger) from (<Builtin Action>:0)
01-07 07:22:37.918     0     0 I [    4.414295 / 01-07 07:22:37.911][0] init: processing action (security.perf_harden=1) from (/init.rc:735)
01-07 07:22:37.918     0     0 W         : [    4.414472 / 01-07 07:22:37.911][3] msm-pcm-routing qcom,msm-pcm-routing.39: ASoC: no dapm match for VOICE2_STUB_DL --> Voice2 Stub --> INTERNAL_BT_SCO_RX_Voice Mixer
01-07 07:22:37.918     0     0 E         : [    4.414487 / 01-07 07:22:37.911][3] msm-pcm-routing qcom,msm-pcm-routing.39: ASoC: Failed to add route VOICE2_STUB_DL -> Voice2 Stub -> INTERNAL_BT_SCO_RX_Voice Mixer
01-07 07:22:37.918     0     0 E         : [    4.414796 / 01-07 07:22:37.911][3] msm-pcm-routing qcom,msm-pcm-routing.39: ASoC: no source widget found for SLIM_0_TX
01-07 07:22:37.918     0     0 E         : [    4.414807 / 01-07 07:22:37.911][3] msm-pcm-routing qcom,msm-pcm-routing.39: ASoC: Failed to add route SLIM_0_TX -> SLIM_0_TX -> QUAT_MI2S_RX Port Mixer
01-07 07:22:37.918     0     0 I [    4.414895 / 01-07 07:22:37.911][0] init: processing action (ro.debuggable=1) from (/init.rc:759)
01-07 07:22:37.926     0     0 I [    4.415949 / 01-07 07:22:37.915][0] init: starting service 'console'...
01-07 07:22:37.926     0     0 I [    4.417077 / 01-07 07:22:37.915][0] FG: update_battery_type: use battery type : itech_3000mah
01-07 07:22:37.927     0     0 I [    4.417271 / 01-07 07:22:37.915][0] of_batterydata_get_best_profile: itech_3000mah found
01-07 07:22:37.927     0     0 I [    4.418457 / 01-07 07:22:37.915][0] init: processing action (sys.usb.config=adb && sys.usb.configfs=0) from (/init.usb.rc:34)
01-07 07:22:37.927     0     0 I         : [    4.418947 / 01-07 07:22:37.915][0] android_usb android0: gadget enable(0)
01-07 07:22:37.927     0     0 E [    4.418964 / 01-07 07:22:37.915][0] enable_store: android_usb: already disabled
01-07 07:22:37.927     0     0 I         : [    4.420217 / 01-07 07:22:37.919][0] android_usb android0: LGE-USB request function list: adb
01-07 07:22:37.927     0     0 I         : [    4.420598 / 01-07 07:22:37.919][0] android_usb android0: gadget enable(1)
01-07 07:22:37.927     0     0 I [    4.420974 / 01-07 07:22:37.919][0] init: starting service 'adbd'...
01-07 07:22:37.927     0     0 I [    4.422424 / 01-07 07:22:37.919][0] init: processing action (init.svc.surfaceflinger=running) from (/init.qcom.rc:748)
01-07 07:22:37.927     0     0 I [    4.422568 / 01-07 07:22:37.919][0] init: starting service 'ppd'...
01-07 07:22:37.927     0     0 I [    4.423700 / 01-07 07:22:37.923][0] init: processing action (ro.data.large_tcp_window_size=true) from (/init.qcom.rc:881)
01-07 07:22:37.934     0     0 I [    4.424524 / 01-07 07:22:37.923][0] init: processing action (ro.data.large_tcp_window_size=true) from (/init.qcom.rc:957)
01-07 07:22:37.934     0     0 I [    4.425049 / 01-07 07:22:37.923][0] init: processing action (nonencrypted) from (/init.rc:680)
01-07 07:22:37.934     0     0 I [    4.425888 / 01-07 07:22:37.923][0] init: starting service 'keystore'...
01-07 07:22:37.934     0     0 E [    4.427706 / 01-07 07:22:37.927][0] init: Could not start service 'imsqmidaemon' as part of class 'main': File /system/vendor/bin/imsqmidaemon(labeled "u:object_r:vendor_file:s0") has incorrect label or no domain transition from u:r:init:s0 to another SELinux domain defined. Have you configured your service correctly? https://source.android.com/security/selinux/device-policy#label_new_services_and_address_denials
01-07 07:22:37.934     0     0 E [    4.428226 / 01-07 07:22:37.927][0] init: Could not start service 'imscmservice' as part of class 'main': File /system/vendor/bin/imscmservice(labeled "u:object_r:vendor_file:s0") has incorrect label or no domain transition from u:r:init:s0 to another SELinux domain defined. Have you configured your service correctly? https://source.android.com/security/selinux/device-policy#label_new_services_and_address_denials
01-07 07:22:37.934     0     0 E [    4.428441 / 01-07 07:22:37.927][0] init: Could not start service 'irsc_util' as part of class 'main': File /system/vendor/bin/irsc_util(labeled "u:object_r:vendor_file:s0") has incorrect label or no domain transition from u:r:init:s0 to another SELinux domain defined. Have you configured your service correctly? https://source.android.com/security/selinux/device-policy#label_new_services_and_address_denials
01-07 07:22:37.934     0     0 E [    4.428627 / 01-07 07:22:37.927][0] init: Could not start service 'qcom-c_main-sh' as part of class 'main': File /system/bin/init.class_main.sh(labeled "u:object_r:system_file:s0") has incorrect label or no domain transition from u:r:init:s0 to another SELinux domain defined. Have you configured your service correctly? https://source.android.com/security/selinux/device-policy#label_new_services_and_address_denials
01-07 07:22:37.934     0     0 E [    4.428852 / 01-07 07:22:37.927][0] init: Could not start service 'thermal-engine' as part of class 'main': File /system/vendor/bin/thermal-engine(labeled "u:object_r:vendor_file:s0") has incorrect label or no domain transition from u:r:init:s0 to another SELinux domain defined. Have you configured your service correctly? https://source.android.com/security/selinux/device-policy#label_new_services_and_address_denials
01-07 07:22:37.934     0     0 E [    4.429023 / 01-07 07:22:37.927][0] init: Could not start service 'adsprpcd' as part of class 'main': File /system/vendor/bin/adsprpcd(labeled "u:object_r:vendor_file:s0") has incorrect label or no domain transition from u:r:init:s0 to another SELinux domain defined. Have you configured your service correctly? https://source.android.com/security/selinux/device-policy#label_new_services_and_address_denials
01-07 07:22:37.934     0     0 E [    4.429415 / 01-07 07:22:37.927][0] init: Could not start service 'energy-awareness' as part of class 'main': File /system/vendor/bin/energy-awareness(labeled "u:object_r:vendor_file:s0") has incorrect label or no domain transition from u:r:init:s0 to another SELinux domain defined. Have you configured your service correctly? https://source.android.com/security/selinux/device-policy#label_new_services_and_address_denials
01-07 07:22:37.934     0     0 E [    4.429505 / 01-07 07:22:37.927][0] init: Could not start service 'imswmsproxy' as part of class 'main': Cannot find '/system/bin/imswmsproxy': No such file or directory
01-07 07:22:37.934     0     0 I [    4.430079 / 01-07 07:22:37.927][0] init: starting service 'cameraserver'...
01-07 07:22:37.938     0     0 E [    4.431953 / 01-07 07:22:37.931][2] init: setsockcreatecon("u:r:camera:s0") failed: Invalid argument
01-07 07:22:37.938     0     0 I [    4.432090 / 01-07 07:22:37.931][0] init: starting service 'drm'...
01-07 07:22:37.938     0     0 E [    4.432134 / 01-07 07:22:37.931][3] init: setpgid failed for console: Operation not permitted
01-07 07:22:37.938     0     0 F [    4.432314 / 01-07 07:22:37.931][2] init: cannot setexeccon('u:r:camera:s0') for ppd: Invalid argument
01-07 07:22:37.938     0     0 I [    4.434862 / 01-07 07:22:37.931][0] init: starting service 'incidentd'...
01-07 07:22:37.945     0     0 I [    4.436852 / 01-07 07:22:37.935][0] init: starting service 'installd'...
01-07 07:22:37.945     0     0 I [    4.438660 / 01-07 07:22:37.935][0] init: starting service 'mediadrm'...
01-07 07:22:37.945     0     0 I [    4.439334 / 01-07 07:22:37.939][1] init: Created socket '/dev/socket/adbd', mode 660, user 1000, group 1000
01-07 07:22:37.945     0     0 E [    4.440138 / 01-07 07:22:37.939][1] init: couldn't write 485 to /dev/cpuset/camera-daemon/tasks: No space left on device
01-07 07:22:37.945     0     0 I [    4.440778 / 01-07 07:22:37.939][0] init: starting service 'mediaextractor'...
01-07 07:22:37.946     0     0 I [    4.442453 / 01-07 07:22:37.939][0] init: starting service 'mediametrics'...
01-07 07:22:37.950     0     0 I [    4.446517 / 01-07 07:22:37.943][0] init: starting service 'media'...
01-07 07:22:37.952   460   460 D android.hardware.cas@1.0-service: android.hardware.cas@1.0-service starting...
01-07 07:22:37.953   460   460 I ServiceManagement: Removing namespace from process name android.hardware.cas@1.0-service to cas@1.0-service.
01-07 07:22:37.954   460   460 E cutils-trace: Error opening trace file: Permission denied (13)
01-07 07:22:37.954     0     0 I [    4.448118 / 01-07 07:22:37.947][0] init: starting service 'statsd'...
01-07 07:22:37.954     0     0 I [    4.450194 / 01-07 07:22:37.947][0] init: starting service 'storaged'...
01-07 07:22:37.959     0     0 I [    4.451801 / 01-07 07:22:37.951][2] init: Opened file '/d/mmc0/mmc0:0001/ext_csd', flags 0
01-07 07:22:37.959     0     0 I [    4.452014 / 01-07 07:22:37.951][0] init: starting service 'wificond'...
01-07 07:22:37.959     0     0 I [    4.453497 / 01-07 07:22:37.951][2] init: Created socket '/dev/socket/statsdw', mode 222, user 1066, group 1066
01-07 07:22:37.959     0     0 I [    4.453906 / 01-07 07:22:37.951][0] init: starting service 'vendor.media.omx'...
01-07 07:22:37.959     0     0 E         : [    4.455173 / 01-07 07:22:37.955][3] msm-pcm-routing qcom,msm-pcm-routing.39: ASoC: mux SLIM_0_RX AANC MUX has no paths
01-07 07:22:37.962     0     0 I [    4.455986 / 01-07 07:22:37.955][0] init: Service 'ppd' (pid 483) exited with status 6
01-07 07:22:37.962     0     0 I [    4.456040 / 01-07 07:22:37.955][0] init: Sending signal 9 to service 'ppd' (pid 483) process group...
01-07 07:22:37.962     0     0 I [    4.456168 / 01-07 07:22:37.955][0] libprocessgroup: Successfully killed process cgroup uid 1000 pid 483 in 0ms
01-07 07:22:37.962     0     0 E [    4.457083 / 01-07 07:22:37.955][0] init: Could not start service 'cnd' as part of class 'late_start': Cannot find '/system/bin/cnd': No such file or directory
01-07 07:22:37.962     0     0 I [    4.457144 / 01-07 07:22:37.955][0] init: starting service 'ppd'...
01-07 07:22:37.962     0     0 E [    4.458021 / 01-07 07:22:37.955][2] init: setsockcreatecon("u:r:camera:s0") failed: Invalid argument
01-07 07:22:37.962     0     0 F [    4.458681 / 01-07 07:22:37.955][2] init: cannot setexeccon('u:r:camera:s0') for ppd: Invalid argument
01-07 07:22:37.962     0     0 E [    4.458773 / 01-07 07:22:37.955][0] init: Could not start service 'bdaddr_loader' as part of class 'late_start': File /system/vendor/bin/bdaddr_loader(labeled "u:object_r:vendor_file:s0") has incorrect label or no domain transition from u:r:init:s0 to another SELinux domain defined. Have you configured your service correctly? https://source.android.com/security/selinux/device-policy#label_new_services_and_address_denials
01-07 07:22:37.967     0     0 E [    4.459504 / 01-07 07:22:37.959][0] init: Could not start service 'qcamerasvr' as part of class 'late_start': File /system/vendor/bin/mm-qcamera-daemon(labeled "u:object_r:vendor_file:s0") has incorrect label or no domain transition from u:r:init:s0 to another SELinux domain defined. Have you configured your service correctly? https://source.android.com/security/selinux/device-policy#label_new_services_and_address_denials
01-07 07:22:37.968     0     0 E [    4.459800 / 01-07 07:22:37.959][0] init: Could not start service 'time_daemon' as part of class 'late_start': File /system/vendor/bin/time_daemon(labeled "u:object_r:vendor_file:s0") has incorrect label or no domain transition from u:r:init:s0 to another SELinux domain defined. Have you configured your service correctly? https://source.android.com/security/selinux/device-policy#label_new_services_and_address_denials
01-07 07:22:37.968     0     0 I [    4.460514 / 01-07 07:22:37.959][0] init: starting service 'gatekeeperd'...
01-07 07:22:37.968     0     0 I [    4.462181 / 01-07 07:22:37.959][0] init: starting service 'perfprofd'...
01-07 07:22:37.968     0     0 I [    4.464555 / 01-07 07:22:37.963][0] init: starting service 'tombstoned'...
01-07 07:22:37.972     0     0 I [    4.466735 / 01-07 07:22:37.963][2] init: Created socket '/dev/socket/tombstoned_crash', mode 666, user 1000, group 1000
01-07 07:22:37.972     0     0 I [    4.467072 / 01-07 07:22:37.967][0] init: starting service 'usbd'...
01-07 07:22:37.972     0     0 I [    4.468289 / 01-07 07:22:37.967][0] init: Service 'ppd' (pid 498) exited with status 6
01-07 07:22:37.972     0     0 I [    4.468345 / 01-07 07:22:37.967][0] init: Sending signal 9 to service 'ppd' (pid 498) process group...
01-07 07:22:37.972     0     0 I [    4.468486 / 01-07 07:22:37.967][0] libprocessgroup: Successfully killed process cgroup uid 1000 pid 498 in 0ms
01-07 07:22:37.974     0     0 I [    4.469288 / 01-07 07:22:37.967][0] init: processing action (nonencrypted) from (/init.rc:680)
01-07 07:22:37.974     0     0 E [    4.469674 / 01-07 07:22:37.967][0] init: Could not start service 'imsqmidaemon' as part of class 'main': File /system/vendor/bin/imsqmidaemon(labeled "u:object_r:vendor_file:s0") has incorrect label or no domain transition from u:r:init:s0 to another SELinux domain defined. Have you configured your service correctly? https://source.android.com/security/selinux/device-policy#label_new_services_and_address_denials
01-07 07:22:37.974     0     0 E [    4.469846 / 01-07 07:22:37.967][0] init: Could not start service 'imscmservice' as part of class 'main': File /system/vendor/bin/imscmservice(labeled "u:object_r:vendor_file:s0") has incorrect label or no domain transition from u:r:init:s0 to another SELinux domain defined. Have you configured your service correctly? https://source.android.com/security/selinux/device-policy#label_new_services_and_address_denials
01-07 07:22:37.974     0     0 E [    4.469968 / 01-07 07:22:37.967][0] init: Could not start service 'irsc_util' as part of class 'main': File /system/vendor/bin/irsc_util(labeled "u:object_r:vendor_file:s0") has incorrect label or no domain transition from u:r:init:s0 to another SELinux domain defined. Have you configured your service correctly? https://source.android.com/security/selinux/device-policy#label_new_services_and_address_denials
01-07 07:22:37.974     0     0 E [    4.470205 / 01-07 07:22:37.967][0] init: Could not start service 'qcom-c_main-sh' as part of class 'main': File /system/bin/init.class_main.sh(labeled "u:object_r:system_file:s0") has incorrect label or no domain transition from u:r:init:s0 to another SELinux domain defined. Have you configured your service correctly? https://source.android.com/security/selinux/device-policy#label_new_services_and_address_denials
01-07 07:22:37.974     0     0 E [    4.470384 / 01-07 07:22:37.967][0] init: Could not start service 'thermal-engine' as part of class 'main': File /system/vendor/bin/thermal-engine(labeled "u:object_r:vendor_file:s0") has incorrect label or no domain transition from u:r:init:s0 to another SELinux domain defined. Have you configured your service correctly? https://source.android.com/security/selinux/device-policy#label_new_services_and_address_denials
01-07 07:22:37.974     0     0 E [    4.470516 / 01-07 07:22:37.967][0] init: Could not start service 'adsprpcd' as part of class 'main': File /system/vendor/bin/adsprpcd(labeled "u:object_r:vendor_file:s0") has incorrect label or no domain transition from u:r:init:s0 to another SELinux domain defined. Have you configured your service correctly? https://source.android.com/security/selinux/device-policy#label_new_services_and_address_denials
01-07 07:22:37.974     0     0 E [    4.470649 / 01-07 07:22:37.967][0] init: Could not start service 'energy-awareness' as part of class 'main': File /system/vendor/bin/energy-awareness(labeled "u:object_r:vendor_file:s0") has incorrect label or no domain transition from u:r:init:s0 to another SELinux domain defined. Have you configured your service correctly? https://source.android.com/security/selinux/device-policy#label_new_services_and_address_denials
01-07 07:22:37.974     0     0 I [    4.470797 / 01-07 07:22:37.967][0] init: starting service 'ppd'...
01-07 07:22:37.978     0     0 E [    4.472621 / 01-07 07:22:37.971][0] init: Could not start service 'bdaddr_loader' as part of class 'late_start': File /system/vendor/bin/bdaddr_loader(labeled "u:object_r:vendor_file:s0") has incorrect label or no domain transition from u:r:init:s0 to another SELinux domain defined. Have you configured your service correctly? https://source.android.com/security/selinux/device-policy#label_new_services_and_address_denials
01-07 07:22:37.978     0     0 E [    4.472896 / 01-07 07:22:37.971][0] init: Could not start service 'qcamerasvr' as part of class 'late_start': File /system/vendor/bin/mm-qcamera-daemon(labeled "u:object_r:vendor_file:s0") has incorrect label or no domain transition from u:r:init:s0 to another SELinux domain defined. Have you configured your service correctly? https://source.android.com/security/selinux/device-policy#label_new_services_and_address_denials
01-07 07:22:37.978     0     0 E [    4.473094 / 01-07 07:22:37.971][0] init: Could not start service 'time_daemon' as part of class 'late_start': File /system/vendor/bin/time_daemon(labeled "u:object_r:vendor_file:s0") has incorrect label or no domain transition from u:r:init:s0 to another SELinux domain defined. Have you configured your service correctly? https://source.android.com/security/selinux/device-policy#label_new_services_and_address_denials
01-07 07:22:37.982     0     0 E [    4.477416 / 01-07 07:22:37.975][3] init: setsockcreatecon("u:r:camera:s0") failed: Invalid argument
01-07 07:22:37.982     0     0 F [    4.477659 / 01-07 07:22:37.975][3] init: cannot setexeccon('u:r:camera:s0') for ppd: Invalid argument
01-07 07:22:37.982     0     0 E         : [    4.479105 / 01-07 07:22:37.979][3] i2c-msm-v2 f9967000.i2c: msm_bus_scale_register_client(mstr-id:84):0x23 (ok)
01-07 07:22:37.990     0     0 I [    4.481944 / 01-07 07:22:37.979][3] init: Created socket '/dev/socket/tombstoned_intercept', mode 666, user 1000, group 1000
01-07 07:22:37.990     0     0 I [    4.482426 / 01-07 07:22:37.979][3] init: Created socket '/dev/socket/tombstoned_java_trace', mode 666, user 1000, group 1000
01-07 07:22:37.990     0     0 I [    4.482799 / 01-07 07:22:37.979][0] init: Service 'ppd' (pid 503) exited with status 6
01-07 07:22:37.990     0     0 I [    4.482833 / 01-07 07:22:37.979][0] init: Sending signal 9 to service 'ppd' (pid 503) process group...
01-07 07:22:37.990     0     0 I [    4.482925 / 01-07 07:22:37.979][0] libprocessgroup: Successfully killed process cgroup uid 1000 pid 503 in 0ms
01-07 07:22:37.996     0     0 E         : [    4.490068 / 01-07 07:22:37.987][0] msm-dai-q6-dev qcom,msm-dai-q6-sb-2-rx.196: ASoC: no source widget found for SLIMBUS_2_RX
01-07 07:22:37.996     0     0 E         : [    4.490089 / 01-07 07:22:37.987][0] msm-dai-q6-dev qcom,msm-dai-q6-sb-2-rx.196: ASoC: Failed to add route SLIMBUS_2_RX -> direct -> Slimbus2 Playback
01-07 07:22:37.996     0     0 E         : [    4.490118 / 01-07 07:22:37.987][0] msm-dai-q6-dev qcom,msm-dai-q6-sb-2-tx.197: ASoC: no sink widget found for SLIMBUS_2_TX
01-07 07:22:37.996     0     0 E         : [    4.490130 / 01-07 07:22:37.987][0] msm-dai-q6-dev qcom,msm-dai-q6-sb-2-tx.197: ASoC: Failed to add route Slimbus2 Capture -> direct -> SLIMBUS_2_TX
01-07 07:22:38.006     0     0 I         : [    4.493334 / 01-07 07:22:37.991][0] msm8994-asoc-snd fe034000.sound:  snd-soc-dummy-dai <-> MultiMedia1 mapping ok
01-07 07:22:38.006     0     0 I         : [    4.494045 / 01-07 07:22:37.991][0] msm8994-asoc-snd fe034000.sound:  snd-soc-dummy-dai <-> MultiMedia2 mapping ok
01-07 07:22:38.006     0     0 I         : [    4.494483 / 01-07 07:22:37.991][0] msm8994-asoc-snd fe034000.sound:  snd-soc-dummy-dai <-> CS-VOICE mapping ok
01-07 07:22:38.006     0     0 I         : [    4.494735 / 01-07 07:22:37.991][0] msm8994-asoc-snd fe034000.sound:  snd-soc-dummy-dai <-> VoIP mapping ok
01-07 07:22:38.006     0     0 I         : [    4.495539 / 01-07 07:22:37.995][0] msm8994-asoc-snd fe034000.sound:  snd-soc-dummy-dai <-> MultiMedia3 mapping ok
01-07 07:22:38.006     0     0 I         : [    4.496264 / 01-07 07:22:37.995][0] msm8994-asoc-snd fe034000.sound:  snd-soc-dummy-dai <-> SLIMBUS0_HOSTLESS mapping ok
01-07 07:22:38.006     0     0 I         : [    4.496846 / 01-07 07:22:37.995][0] msm8994-asoc-snd fe034000.sound:  snd-soc-dummy-dai <-> PRI_MI2S_TX_HOSTLESS mapping ok
01-07 07:22:38.006     0     0 I         : [    4.497390 / 01-07 07:22:37.995][0] msm8994-asoc-snd fe034000.sound:  msm-stub-rx <-> com,msm-dai-q6-afe-proxy-rx.209 mapping ok
01-07 07:22:38.006     0     0 I         : [    4.497883 / 01-07 07:22:37.995][0] msm8994-asoc-snd fe034000.sound:  msm-stub-tx <-> qcom,msm-dai-q6-afe-proxy-tx.21 mapping ok
01-07 07:22:38.006     0     0 I         : [    4.498964 / 01-07 07:22:37.995][0] compress asoc: snd-soc-dummy-dai <-> MultiMedia4 mapping ok
01-07 07:22:38.006     0     0 I         : [    4.499867 / 01-07 07:22:37.999][0] msm8994-asoc-snd fe034000.sound:  snd-soc-dummy-dai <-> AUXPCM_HOSTLESS mapping ok
01-07 07:22:38.006     0     0 I         : [    4.500615 / 01-07 07:22:37.999][0] msm8994-asoc-snd fe034000.sound:  snd-soc-dummy-dai <-> SLIMBUS1_HOSTLESS mapping ok
01-07 07:22:38.006     0     0 I         : [    4.502109 / 01-07 07:22:37.999][0] msm8994-asoc-snd fe034000.sound:  snd-soc-dummy-dai <-> SLIMBUS3_HOSTLESS mapping ok
01-07 07:22:38.006     0     0 I         : [    4.502845 / 01-07 07:22:37.999][0] msm8994-asoc-snd fe034000.sound:  snd-soc-dummy-dai <-> SLIMBUS4_HOSTLESS mapping ok
01-07 07:22:38.014     0     0 I         : [    4.503691 / 01-07 07:22:38.003][0] msm8994-asoc-snd fe034000.sound:  snd-soc-dummy-dai <-> VoLTE mapping ok
01-07 07:22:38.014     0     0 I         : [    4.504622 / 01-07 07:22:38.003][0] msm8994-asoc-snd fe034000.sound:  snd-soc-dummy-dai <-> MultiMedia5 mapping ok
01-07 07:22:38.014     0     0 I         : [    4.505346 / 01-07 07:22:38.003][0] msm8994-asoc-snd fe034000.sound:  snd-soc-dummy-dai <-> LSM1 mapping ok
01-07 07:22:38.014     0     0 I         : [    4.506454 / 01-07 07:22:38.003][0] compress asoc: snd-soc-dummy-dai <-> MultiMedia7 mapping ok
01-07 07:22:38.014     0     0 I         : [    4.507895 / 01-07 07:22:38.007][0] compress asoc: snd-soc-dummy-dai <-> MultiMedia10 mapping ok
01-07 07:22:38.014     0     0 I         : [    4.509930 / 01-07 07:22:38.007][0] msm8994-asoc-snd fe034000.sound:  snd-soc-dummy-dai <-> MultiMedia8 mapping ok
01-07 07:22:38.014     0     0 I         : [    4.510721 / 01-07 07:22:38.007][0] msm8994-asoc-snd fe034000.sound:  snd-soc-dummy-dai <-> QCHAT mapping ok
01-07 07:22:38.022     0     0 I         : [    4.511606 / 01-07 07:22:38.011][0] msm8994-asoc-snd fe034000.sound:  snd-soc-dummy-dai <-> HDMI_HOSTLESS mapping ok
01-07 07:22:38.022     0     0 I         : [    4.512484 / 01-07 07:22:38.011][0] msm8994-asoc-snd fe034000.sound:  snd-soc-dummy-dai <-> Voice2 mapping ok
01-07 07:22:38.022     0     0 I         : [    4.513196 / 01-07 07:22:38.011][0] msm8994-asoc-snd fe034000.sound:  snd-soc-dummy-dai <-> INT_HFP_BT_HOSTLESS mapping ok
01-07 07:22:38.022     0     0 I         : [    4.514330 / 01-07 07:22:38.011][0] msm8994-asoc-snd fe034000.sound:  snd-soc-dummy-dai <-> MultiMedia6 mapping ok
01-07 07:22:38.022     0     0 I         : [    4.514937 / 01-07 07:22:38.011][0] msm8994-asoc-snd fe034000.sound:  tomtom_vifeedback <-> qcom,msm-dai-q6-sb-4-tx.201 mapping ok
01-07 07:22:38.022     0     0 I         : [    4.515726 / 01-07 07:22:38.015][0] msm8994-asoc-snd fe034000.sound:  tomtom_rx2 <-> qcom,msm-dai-q6-sb-2-rx.196 mapping ok
01-07 07:22:38.022     0     0 I         : [    4.516295 / 01-07 07:22:38.015][0] msm8994-asoc-snd fe034000.sound:  tomtom_tx2 <-> qcom,msm-dai-q6-sb-2-tx.197 mapping ok
01-07 07:22:38.022     0     0 I         : [    4.516895 / 01-07 07:22:38.015][0] msm8994-asoc-snd fe034000.sound:  snd-soc-dummy-dai <-> LSM2 mapping ok
01-07 07:22:38.022     0     0 I         : [    4.517734 / 01-07 07:22:38.015][0] msm8994-asoc-snd fe034000.sound:  snd-soc-dummy-dai <-> LSM3 mapping ok
01-07 07:22:38.022     0     0 I         : [    4.518560 / 01-07 07:22:38.015][0] msm8994-asoc-snd fe034000.sound:  snd-soc-dummy-dai <-> LSM4 mapping ok
01-07 07:22:38.026     0     0 I         : [    4.519573 / 01-07 07:22:38.019][0] msm8994-asoc-snd fe034000.sound:  snd-soc-dummy-dai <-> LSM5 mapping ok
01-07 07:22:38.026     0     0 I         : [    4.520389 / 01-07 07:22:38.019][0] msm8994-asoc-snd fe034000.sound:  snd-soc-dummy-dai <-> LSM6 mapping ok
01-07 07:22:38.026     0     0 I         : [    4.521078 / 01-07 07:22:38.019][0] msm8994-asoc-snd fe034000.sound:  snd-soc-dummy-dai <-> LSM7 mapping ok
01-07 07:22:38.026     0     0 I         : [    4.521737 / 01-07 07:22:38.019][0] msm8994-asoc-snd fe034000.sound:  snd-soc-dummy-dai <-> LSM8 mapping ok
01-07 07:22:38.026     0     0 I         : [    4.522781 / 01-07 07:22:38.019][0] msm8994-asoc-snd fe034000.sound:  snd-soc-dummy-dai <-> MultiMedia9 mapping ok
01-07 07:22:38.032     0     0 I         : [    4.523757 / 01-07 07:22:38.023][0] msm8994-asoc-snd fe034000.sound:  snd-soc-dummy-dai <-> VoWLAN mapping ok
01-07 07:22:38.032     0     0 I         : [    4.525264 / 01-07 07:22:38.023][0] compress asoc: snd-soc-dummy-dai <-> MultiMedia11 mapping ok
01-07 07:22:38.032     0     0 I         : [    4.526939 / 01-07 07:22:38.023][0] compress asoc: snd-soc-dummy-dai <-> MultiMedia12 mapping ok
01-07 07:22:38.032     0     0 I         : [    4.528310 / 01-07 07:22:38.027][0] compress asoc: snd-soc-dummy-dai <-> MultiMedia13 mapping ok
01-07 07:22:38.038     0     0 I         : [    4.529560 / 01-07 07:22:38.027][1] compress asoc: snd-soc-dummy-dai <-> MultiMedia14 mapping ok
01-07 07:22:38.038     0     0 I         : [    4.530461 / 01-07 07:22:38.027][0] compress asoc: snd-soc-dummy-dai <-> MultiMedia15 mapping ok
01-07 07:22:38.038     0     0 I         : [    4.531645 / 01-07 07:22:38.031][0] compress asoc: snd-soc-dummy-dai <-> MultiMedia16 mapping ok
01-07 07:22:38.050     0     0 I         : [    4.539163 / 01-07 07:22:38.039][3] msm8994-asoc-snd fe034000.sound:  tomtom_mad1 <-> CPE_LSM_NOHOST mapping ok
01-07 07:22:38.050     0     0 I         : [    4.539998 / 01-07 07:22:38.039][3] msm8994-asoc-snd fe034000.sound:  snd-soc-dummy-dai <-> MultiMedia3 mapping ok
01-07 07:22:38.050     0     0 I         : [    4.543249 / 01-07 07:22:38.043][3] msm8994-asoc-snd fe034000.sound:  msm-stub-rx <-> qcom,msm-dai-q6-int-fm-rx.205 mapping ok
01-07 07:22:38.050     0     0 I         : [    4.543563 / 01-07 07:22:38.043][3] msm8994-asoc-snd fe034000.sound:  msm-stub-tx <-> qcom,msm-dai-q6-int-fm-tx.206 mapping ok
01-07 07:22:38.050     0     0 I         : [    4.543786 / 01-07 07:22:38.043][3] msm8994-asoc-snd fe034000.sound:  msm-stub-rx <-> qcom,msm-dai-q6-be-afe-pcm-rx.2 mapping ok
01-07 07:22:38.050     0     0 I         : [    4.544016 / 01-07 07:22:38.043][3] msm8994-asoc-snd fe034000.sound:  msm-stub-tx <-> qcom,msm-dai-q6-be-afe-pcm-tx.2 mapping ok
01-07 07:22:38.050     0     0 I         : [    4.544200 / 01-07 07:22:38.043][3] msm8994-asoc-snd fe034000.sound:  msm-stub-rx <-> qcom,msm-pri-auxpcm.53 mapping ok
01-07 07:22:38.050     0     0 I         : [    4.544414 / 01-07 07:22:38.043][3] msm8994-asoc-snd fe034000.sound:  msm-stub-tx <-> qcom,msm-pri-auxpcm.53 mapping ok
01-07 07:22:38.050     0     0 I         : [    4.544653 / 01-07 07:22:38.043][3] msm8994-asoc-snd fe034000.sound:  msm-stub-rx <-> qcom,msm-sec-auxpcm.54 mapping ok
01-07 07:22:38.050     0     0 I         : [    4.544858 / 01-07 07:22:38.043][3] msm8994-asoc-snd fe034000.sound:  msm-stub-tx <-> qcom,msm-sec-auxpcm.54 mapping ok
01-07 07:22:38.050     0     0 I [    4.545014 / 01-07 07:22:38.043][3] msm_audrx_init: dev_nameqcom,msm-dai-q6-sb-0-rx.192
01-07 07:22:38.091   490   490 I mediaserver: ServiceManager: 0xf679c120
01-07 07:22:38.125   423   423 D AndroidRuntime: >>>>>> START com.android.internal.os.ZygoteInit uid 0 <<<<<<
01-07 07:22:38.147   422   422 D AndroidRuntime: >>>>>> START com.android.internal.os.ZygoteInit uid 0 <<<<<<
01-07 07:22:38.147   422   422 I boot_progress_start: 4641
01-07 07:22:38.175   481   481 I auditd  : type=1400 audit(0.0:54): avc: denied { write } for comm="sh" path="/dev/ttyHSL0" dev="tmpfs" ino=10302 scontext=u:r:shell:s0 tcontext=u:object_r:device:s0 tclass=chr_file permissive=1
01-07 07:22:38.175   481   481 I sh      : type=1400 audit(0.0:54): avc: denied { write } for path="/dev/ttyHSL0" dev="tmpfs" ino=10302 scontext=u:r:shell:s0 tcontext=u:object_r:device:s0 tclass=chr_file permissive=1
01-07 07:22:38.175   481   481 I auditd  : type=1400 audit(0.0:55): avc: denied { read } for comm="sh" path="/dev/ttyHSL0" dev="tmpfs" ino=10302 scontext=u:r:shell:s0 tcontext=u:object_r:device:s0 tclass=chr_file permissive=1
01-07 07:22:38.175   481   481 I sh      : type=1400 audit(0.0:55): avc: denied { read } for path="/dev/ttyHSL0" dev="tmpfs" ino=10302 scontext=u:r:shell:s0 tcontext=u:object_r:device:s0 tclass=chr_file permissive=1
01-07 07:22:38.185   474   474 E cutils-trace: Error opening trace file: Permission denied (13)
01-07 07:22:38.186     0     0 I [    4.676364 / 01-07 07:22:38.175][2] ueventd: loading /devices/soc.0/fe12f000.slim/tomtom-slim-pgd/tomtom_codec/firmware/cpe.mdt took 270ms
01-07 07:22:38.195   505   505 I auditd  : type=1400 audit(0.0:56): avc: denied { search } for comm="ueventd" name="/" dev="mmcblk0p1" ino=1 scontext=u:r:ueventd:s0 tcontext=u:object_r:vfat:s0 tclass=dir permissive=1
01-07 07:22:38.195   505   505 I ueventd : type=1400 audit(0.0:56): avc: denied { search } for name="/" dev="mmcblk0p1" ino=1 scontext=u:r:ueventd:s0 tcontext=u:object_r:vfat:s0 tclass=dir permissive=1
01-07 07:22:38.197   459   459 I health@2.0/: health@2.0/backup: Hal starting main loop...
01-07 07:22:38.197   459   459 I health@2.0/: health@2.0/backup Hal is starting up...
01-07 07:22:38.206     0     0 I [    4.695327 / 01-07 07:22:38.195][2] ueventd: firmware: loading 'cpe.b06' for '/devices/soc.0/fe12f000.slim/tomtom-slim-pgd/tomtom_codec/firmware/cpe.b06'
01-07 07:22:38.216   467   467 I android.hardware.usb@1.0-service: USB HAL Ready.
01-07 07:22:38.228   404   404 W hwservicemanager: getTransport: Cannot find entry android.hardware.thermal@1.1::IThermal/default in either framework or device manifest.
01-07 07:22:38.248   497   497 I media.codec: mediacodecservice starting
01-07 07:22:38.250     0     0 I [    4.740048 / 01-07 07:22:38.239][0] init: Received control message 'interface_start' for 'android.hardware.thermal@1.1::IThermal/default' from pid: 404 (/system/bin/hwservicemanager)
01-07 07:22:38.250     0     0 E [    4.740112 / 01-07 07:22:38.239][0] init: Could not find service hosting interface android.hardware.thermal@1.1::IThermal/default
01-07 07:22:38.282   477   477 I qcom-bluetooth: /system/bin/init.qcom.bt.sh: init.qcom.bt.sh config = onboot
01-07 07:22:38.290     0     0 I         : [    4.783397 / 01-07 07:22:38.283][3] msm8994-asoc-snd fe034000.sound:  tomtom_rx1 <-> qcom,msm-dai-q6-sb-0-rx.192 mapping ok
01-07 07:22:38.290     0     0 I         : [    4.784111 / 01-07 07:22:38.283][3] msm8994-asoc-snd fe034000.sound:  tomtom_tx1 <-> qcom,msm-dai-q6-sb-0-tx.193 mapping ok
01-07 07:22:38.290     0     0 I         : [    4.784350 / 01-07 07:22:38.283][3] msm8994-asoc-snd fe034000.sound:  tomtom_rx1 <-> qcom,msm-dai-q6-sb-1-rx.194 mapping ok
01-07 07:22:38.290     0     0 I         : [    4.784714 / 01-07 07:22:38.283][3] msm8994-asoc-snd fe034000.sound:  tomtom_tx1 <-> qcom,msm-dai-q6-sb-1-tx.195 mapping ok
01-07 07:22:38.290     0     0 I         : [    4.784951 / 01-07 07:22:38.283][3] msm8994-asoc-snd fe034000.sound:  tomtom_rx1 <-> qcom,msm-dai-q6-sb-3-rx.198 mapping ok
01-07 07:22:38.290     0     0 I         : [    4.785164 / 01-07 07:22:38.283][3] msm8994-asoc-snd fe034000.sound:  tomtom_tx1 <-> qcom,msm-dai-q6-sb-3-tx.199 mapping ok
01-07 07:22:38.290     0     0 I         : [    4.785746 / 01-07 07:22:38.283][3] msm8994-asoc-snd fe034000.sound:  tomtom_rx1 <-> qcom,msm-dai-q6-sb-4-rx.200 mapping ok
01-07 07:22:38.290     0     0 I         : [    4.786105 / 01-07 07:22:38.283][3] msm8994-asoc-snd fe034000.sound:  msm-stub-tx <-> qcom,msm-dai-q6-incall-record-t mapping ok
01-07 07:22:38.290     0     0 I         : [    4.786333 / 01-07 07:22:38.283][3] msm8994-asoc-snd fe034000.sound:  msm-stub-tx <-> qcom,msm-dai-q6-incall-record-r mapping ok
01-07 07:22:38.290     0     0 I         : [    4.786691 / 01-07 07:22:38.283][3] msm8994-asoc-snd fe034000.sound:  tomtom_mad1 <-> qcom,msm-dai-q6-sb-5-tx.202 mapping ok
01-07 07:22:38.290     0     0 I         : [    4.787075 / 01-07 07:22:38.287][3] msm8994-asoc-snd fe034000.sound:  msm-stub-rx <-> qcom,msm-dai-q6-incall-music-rx mapping ok
01-07 07:22:38.290     0     0 I         : [    4.787342 / 01-07 07:22:38.287][3] msm8994-asoc-snd fe034000.sound:  msm-stub-rx <-> qcom,msm-dai-q6-incall-music-2- mapping ok
01-07 07:22:38.294     0     0 I         : [    4.787568 / 01-07 07:22:38.287][3] msm8994-asoc-snd fe034000.sound:  msm-stub-tx <-> qcom,msm-dai-q6-mi2s-prim.216 mapping ok
01-07 07:22:38.294     0     0 I         : [    4.787850 / 01-07 07:22:38.287][3] msm8994-asoc-snd fe034000.sound:  tomtom_rx3 <-> qcom,msm-dai-q6-sb-5-rx.215 mapping ok
01-07 07:22:38.294     0     0 I         : [    4.788012 / 01-07 07:22:38.287][3] msm8994-asoc-snd fe034000.sound:  msm_hdmi_audio_codec_rx_dai <-> qcom,msm-dai-q6-hdmi.47 mapping ok
01-07 07:22:38.294     0     0 I         : [    4.788647 / 01-07 07:22:38.287][3] msm8994-asoc-snd fe034000.sound:  snd-soc-dummy-dai <-> MultiMedia1 mapping ok
01-07 07:22:38.294     0     0 I         : [    4.789440 / 01-07 07:22:38.287][3] msm8994-asoc-snd fe034000.sound:  snd-soc-dummy-dai <-> MultiMedia1 mapping ok
01-07 07:22:38.294     0     0 I         : [    4.790255 / 01-07 07:22:38.287][3] msm8994-asoc-snd fe034000.sound:  snd-soc-dummy-dai <-> MultiMedia1 mapping ok
01-07 07:22:38.299     0     0 I         : [    4.792448 / 01-07 07:22:38.291][3] msm8994-asoc-snd fe034000.sound:  snd-soc-dummy-dai <-> MultiMedia1 mapping ok
01-07 07:22:38.307   482   507 I adbd    : initializing functionfs
01-07 07:22:38.307   482   507 I adbd    : opening control endpoint /dev/usb-ffs/adb/ep0
01-07 07:22:38.309   423   423 I zygote  : option[0]=-Xzygote
01-07 07:22:38.309   423   423 I zygote  : option[1]=-Xusetombstonedtraces
01-07 07:22:38.309   423   423 I zygote  : option[2]=exit
01-07 07:22:38.309   423   423 I zygote  : option[3]=vfprintf
01-07 07:22:38.309   423   423 I zygote  : option[4]=sensitiveThread
01-07 07:22:38.309   423   423 I zygote  : option[5]=-verbose:gc
01-07 07:22:38.309   423   423 I zygote  : option[6]=-Xms8m
01-07 07:22:38.309   423   423 I zygote  : option[7]=-Xmx768m
01-07 07:22:38.309   423   423 I zygote  : option[8]=-XX:HeapGrowthLimit=288m
01-07 07:22:38.309   423   423 I zygote  : option[9]=-XX:HeapMinFree=2m
01-07 07:22:38.309   423   423 I zygote  : option[10]=-XX:HeapMaxFree=8m
01-07 07:22:38.309   423   423 I zygote  : option[11]=-XX:HeapTargetUtilization=0.75
01-07 07:22:38.309   423   423 I zygote  : option[12]=-Xusejit:true
01-07 07:22:38.309   423   423 I zygote  : option[13]=-Xjitsaveprofilinginfo
01-07 07:22:38.309   423   423 I zygote  : option[14]=-XjdwpOptions:suspend=n,server=y
01-07 07:22:38.309   423   423 I zygote  : option[15]=-XjdwpProvider:default
01-07 07:22:38.309   423   423 I zygote  : option[16]=-Xlockprofthreshold:500
01-07 07:22:38.309   423   423 I zygote  : option[17]=-Ximage-compiler-option
01-07 07:22:38.309   423   423 I zygote  : option[18]=--runtime-arg
01-07 07:22:38.309   423   423 I zygote  : option[19]=-Ximage-compiler-option
01-07 07:22:38.309   423   423 I zygote  : option[20]=-Xms64m
01-07 07:22:38.309   423   423 I zygote  : option[21]=-Ximage-compiler-option
01-07 07:22:38.309   423   423 I zygote  : option[22]=--runtime-arg
01-07 07:22:38.309   423   423 I zygote  : option[23]=-Ximage-compiler-option
01-07 07:22:38.309   423   423 I zygote  : option[24]=-Xmx64m
01-07 07:22:38.309   423   423 I zygote  : option[25]=-Ximage-compiler-option
01-07 07:22:38.309   423   423 I zygote  : option[26]=--profile-file=/system/etc/boot-image.prof
01-07 07:22:38.309   423   423 I zygote  : option[27]=-Ximage-compiler-option
01-07 07:22:38.309   423   423 I zygote  : option[28]=--compiler-filter=speed-profile
01-07 07:22:38.309   423   423 I zygote  : option[29]=-Xcompiler-option
01-07 07:22:38.309   423   423 I zygote  : option[30]=--runtime-arg
01-07 07:22:38.309   423   423 I zygote  : option[31]=-Xcompiler-option
01-07 07:22:38.309   423   423 I zygote  : option[32]=-Xms64m
01-07 07:22:38.309   423   423 I zygote  : option[33]=-Xcompiler-option
01-07 07:22:38.309   423   423 I zygote  : option[34]=--runtime-arg
01-07 07:22:38.309   423   423 I zygote  : option[35]=-Xcompiler-option
01-07 07:22:38.309   423   423 I zygote  : option[36]=-Xmx512m
01-07 07:22:38.309   423   423 I zygote  : option[37]=-Xcompiler-option
01-07 07:22:38.309   423   423 I zygote  : option[38]=-j2
01-07 07:22:38.309   423   423 I zygote  : option[39]=-Ximage-compiler-option
01-07 07:22:38.309   423   423 I zygote  : option[40]=-j4
01-07 07:22:38.309   423   423 I zygote  : option[41]=-Ximage-compiler-option
01-07 07:22:38.309   423   423 I zygote  : option[42]=--instruction-set-variant=cortex-a53.a57
01-07 07:22:38.309   423   423 I zygote  : option[43]=-Xcompiler-option
01-07 07:22:38.309   423   423 I zygote  : option[44]=--instruction-set-variant=cortex-a53.a57
01-07 07:22:38.309   423   423 I zygote  : option[45]=-Ximage-compiler-option
01-07 07:22:38.310   423   423 I zygote  : option[46]=--instruction-set-features=default
01-07 07:22:38.310   423   423 I zygote  : option[47]=-Xcompiler-option
01-07 07:22:38.310   423   423 I zygote  : option[48]=--instruction-set-features=default
01-07 07:22:38.310   423   423 I zygote  : option[49]=-Duser.locale=en-US
01-07 07:22:38.310   423   423 I zygote  : option[50]=--cpu-abilist=armeabi-v7a,armeabi
01-07 07:22:38.310   423   423 I zygote  : option[51]=-Xfingerprint:lge/p1_global_com/p1:8.1.0/OPM4.171019.016.A1/4720815:user/release-keys
01-07 07:22:38.310     0     0 I         : [    4.803716 / 01-07 07:22:38.303][3] msm8994-asoc-snd fe034000.sound:  snd-soc-dummy-dai <-> MultiMedia1 mapping ok
01-07 07:22:38.314   482   507 I adbd    : functionfs successfully initialized
01-07 07:22:38.314   482   507 I adbd    : registering usb transport
01-07 07:22:38.324   489   489 I installd: installd firing up
01-07 07:22:38.342   494   494 W statsd  : statscompanion service unavailable!
01-07 07:22:38.344   509   509 I qcom-bluetooth: /system/bin/init.qcom.bt.sh: Bluetooth Address programmed successfully
01-07 07:22:38.351   422   422 I zygote64: option[0]=-Xzygote
01-07 07:22:38.351   422   422 I zygote64: option[1]=-Xusetombstonedtraces
01-07 07:22:38.351   422   422 I zygote64: option[2]=exit
01-07 07:22:38.351   422   422 I zygote64: option[3]=vfprintf
01-07 07:22:38.351   422   422 I zygote64: option[4]=sensitiveThread
01-07 07:22:38.351   422   422 I zygote64: option[5]=-verbose:gc
01-07 07:22:38.351   422   422 I zygote64: option[6]=-Xms8m
01-07 07:22:38.351   422   422 I zygote64: option[7]=-Xmx768m
01-07 07:22:38.351   422   422 I zygote64: option[8]=-XX:HeapGrowthLimit=288m
01-07 07:22:38.351   422   422 I zygote64: option[9]=-XX:HeapMinFree=2m
01-07 07:22:38.351   422   422 I zygote64: option[10]=-XX:HeapMaxFree=8m
01-07 07:22:38.351   422   422 I zygote64: option[11]=-XX:HeapTargetUtilization=0.75
01-07 07:22:38.351   422   422 I zygote64: option[12]=-Xusejit:true
01-07 07:22:38.351   422   422 I zygote64: option[13]=-Xjitsaveprofilinginfo
01-07 07:22:38.351   422   422 I zygote64: option[14]=-XjdwpOptions:suspend=n,server=y
01-07 07:22:38.351   422   422 I zygote64: option[15]=-XjdwpProvider:default
01-07 07:22:38.351   422   422 I zygote64: option[16]=-Xlockprofthreshold:500
01-07 07:22:38.351   422   422 I zygote64: option[17]=-Ximage-compiler-option
01-07 07:22:38.351   422   422 I zygote64: option[18]=--runtime-arg
01-07 07:22:38.351   422   422 I zygote64: option[19]=-Ximage-compiler-option
01-07 07:22:38.351   422   422 I zygote64: option[20]=-Xms64m
01-07 07:22:38.351   422   422 I zygote64: option[21]=-Ximage-compiler-option
01-07 07:22:38.351   422   422 I zygote64: option[22]=--runtime-arg
01-07 07:22:38.351   422   422 I zygote64: option[23]=-Ximage-compiler-option
01-07 07:22:38.351   422   422 I zygote64: option[24]=-Xmx64m
01-07 07:22:38.351   422   422 I zygote64: option[25]=-Ximage-compiler-option
01-07 07:22:38.351   422   422 I zygote64: option[26]=--profile-file=/system/etc/boot-image.prof
01-07 07:22:38.351   422   422 I zygote64: option[27]=-Ximage-compiler-option
01-07 07:22:38.351   422   422 I zygote64: option[28]=--compiler-filter=speed-profile
01-07 07:22:38.351   422   422 I zygote64: option[29]=-Xcompiler-option
01-07 07:22:38.351   422   422 I zygote64: option[30]=--runtime-arg
01-07 07:22:38.351   422   422 I zygote64: option[31]=-Xcompiler-option
01-07 07:22:38.351   422   422 I zygote64: option[32]=-Xms64m
01-07 07:22:38.351   422   422 I zygote64: option[33]=-Xcompiler-option
01-07 07:22:38.351   422   422 I zygote64: option[34]=--runtime-arg
01-07 07:22:38.351   422   422 I zygote64: option[35]=-Xcompiler-option
01-07 07:22:38.351   422   422 I zygote64: option[36]=-Xmx512m
01-07 07:22:38.351   422   422 I zygote64: option[37]=-Xcompiler-option
01-07 07:22:38.351   422   422 I zygote64: option[38]=-j2
01-07 07:22:38.351   422   422 I zygote64: option[39]=-Ximage-compiler-option
01-07 07:22:38.351   422   422 I zygote64: option[40]=-j4
01-07 07:22:38.351   422   422 I zygote64: option[41]=-Ximage-compiler-option
01-07 07:22:38.351   422   422 I zygote64: option[42]=--instruction-set-variant=generic
01-07 07:22:38.351   422   422 I zygote64: option[43]=-Xcompiler-option
01-07 07:22:38.351   422   422 I zygote64: option[44]=--instruction-set-variant=generic
01-07 07:22:38.351   422   422 I zygote64: option[45]=-Ximage-compiler-option
01-07 07:22:38.351   422   422 I zygote64: option[46]=--instruction-set-features=default
01-07 07:22:38.351   422   422 I zygote64: option[47]=-Xcompiler-option
01-07 07:22:38.351   422   422 I zygote64: option[48]=--instruction-set-features=default
01-07 07:22:38.351   422   422 I zygote64: option[49]=-Duser.locale=en-US
01-07 07:22:38.351   422   422 I zygote64: option[50]=--cpu-abilist=arm64-v8a
01-07 07:22:38.351   422   422 I zygote64: option[51]=-Xfingerprint:lge/p1_global_com/p1:8.1.0/OPM4.171019.016.A1/4720815:user/release-keys
01-07 07:22:38.379   494   494 I statsd  : using statsd socket
01-07 07:22:38.387   459   459 I auditd  : type=1400 audit(0.0:57): avc: denied { read } for comm="healthd" name="type" dev="sysfs" ino=18369 scontext=u:r:healthd:s0 tcontext=u:object_r:sysfs:s0 tclass=file permissive=1
01-07 07:22:38.387   459   459 I healthd : type=1400 audit(0.0:57): avc: denied { read } for name="type" dev="sysfs" ino=18369 scontext=u:r:healthd:s0 tcontext=u:object_r:sysfs:s0 tclass=file permissive=1
01-07 07:22:38.387   459   459 I auditd  : type=1400 audit(0.0:58): avc: denied { open } for comm="healthd" path="/sys/devices/soc.0/qpnp-smbcharger-17/power_supply/dc/type" dev="sysfs" ino=18369 scontext=u:r:healthd:s0 tcontext=u:object_r:sysfs:s0 tclass=file permissive=1
01-07 07:22:38.387   459   459 I healthd : type=1400 audit(0.0:58): avc: denied { open } for path="/sys/devices/soc.0/qpnp-smbcharger-17/power_supply/dc/type" dev="sysfs" ino=18369 scontext=u:r:healthd:s0 tcontext=u:object_r:sysfs:s0 tclass=file permissive=1
01-07 07:22:38.387   463   463 D vndksupport: Loading /vendor/lib64/hw/android.hardware.health@1.0-impl.so from current namespace instead of sphal namespace.
01-07 07:22:38.387   462   462 D vndksupport: Loading /vendor/lib64/hw/android.hardware.graphics.allocator@2.0-impl.so from current namespace instead of sphal namespace.
01-07 07:22:38.388   465   465 D vndksupport: Loading /vendor/lib64/hw/android.hardware.nfc@1.0-impl.so from current namespace instead of sphal namespace.
01-07 07:22:38.388   464   464 D vndksupport: Loading /vendor/lib64/hw/android.hardware.light@2.0-impl.so from current namespace instead of sphal namespace.
01-07 07:22:38.389   466   466 D vndksupport: Loading /vendor/lib64/hw/android.hardware.thermal@1.0-impl.so from current namespace instead of sphal namespace.
01-07 07:22:38.389   459   459 D vndksupport: Loading /vendor/lib64/hw/android.hardware.health@1.0-impl.so from current namespace instead of sphal namespace.
01-07 07:22:38.391   459   459 I healthd : healthd: redirecting calls to 1.0 health HAL
01-07 07:22:38.393   463   463 I ServiceManagement: Removing namespace from process name android.hardware.health@1.0-service to health@1.0-service.
01-07 07:22:38.394   459   459 I health@2.0/: health@2.0/backup: Hal init done
