12-26 12:23:15.656   873  4649 E LocSvc_ApiV02: I/<--- void globalRespCb(locClientHandleType, uint32_t, const locClientRespIndUnionType, uint32_t, void *) line 133 QMI_LOC_SET_ENGINE_LOCK_REQ_V02
12-26 12:23:15.656   873  4627 E LocSvc_api_v02: I/---> locClientSendReq line 2059 QMI_LOC_SET_SERVER_REQ_V02
12-26 12:23:15.654  4627  4627 I Loc_hal_worker: type=1400 audit(0.0:208): avc: denied { ioctl } for path="socket:[28747]" dev="sockfs" ino=28747 ioctlcmd=c304 scontext=u:r:system_server:s0 tcontext=u:r:system_server:s0 tclass=socket permissive=1
12-26 12:23:15.658   873  4649 E LocSvc_ApiV02: I/<--- void globalRespCb(locClientHandleType, uint32_t, const locClientRespIndUnionType, uint32_t, void *) line 133 QMI_LOC_SET_SERVER_REQ_V02
12-26 12:23:15.658   873  4627 E LocSvc_api_v02: I/locClientOpen:1902]: Service instance id is -1
12-26 12:23:15.658   873  4627 E LocSvc_api_v02: I/---> locClientOpenInstance line 1782 loc client open
12-26 12:23:15.690   873  4627 E LocSvc_api_v02: I/---> locClientSendReq line 2059 QMI_LOC_REG_EVENTS_REQ_V02
12-26 12:23:15.692   873  4627 E LocSvc_api_v02: I/---> locClientSendReq line 2059 QMI_LOC_QUERY_AON_CONFIG_REQ_V02
12-26 12:23:15.698   873  4627 I chatty  : uid=1000(system) Loc_hal_worker identical 4 lines
12-26 12:23:15.699   873  4627 E LocSvc_api_v02: I/---> locClientSendReq line 2059 QMI_LOC_QUERY_AON_CONFIG_REQ_V02
12-26 12:23:15.701   873  4627 E LocSvc_ApiV02: E/virtual enum loc_api_adapter_err LocApiV02::open(LOC_API_ADAPTER_EVENT_MASK_T):311]: Query AON config failed. status: eLOC_CLIENT_FAILURE_INTERNAL, ind status:eQMI_LOC_SUCCESS_V02
12-26 12:23:15.701   873  4627 E LocSvc_api_v02: I/---> locClientSendReq line 2059 QMI_LOC_GET_SUPPORTED_FEATURE_REQ_V02
12-26 12:23:15.707   873  4627 I chatty  : uid=1000(system) Loc_hal_worker identical 4 lines
12-26 12:23:15.708   873  4627 E LocSvc_api_v02: I/---> locClientSendReq line 2059 QMI_LOC_GET_SUPPORTED_FEATURE_REQ_V02
12-26 12:23:15.710   873  4627 E LocSvc_ApiV02: E/virtual enum loc_api_adapter_err LocApiV02::open(LOC_API_ADAPTER_EVENT_MASK_T):374:11]: Failed to get features supported from QMI_LOC_GET_SUPPORTED_FEATURE_REQ_V02. 
12-26 12:23:15.714  4568  4568 D AndroidRuntime: >>>>>> START com.android.internal.os.WebViewZygoteInit uid 1053 <<<<<<
12-26 12:23:15.717   873   873 I ActivityManager: Loaded persisted task ids for user 0
12-26 12:23:15.720   873   873 E QCOM PowerHAL: Failed to acquire lock.
12-26 12:23:15.720  4568  4568 I /system/bin/webview_zygote32: option[0]=-Xzygote
12-26 12:23:15.720  4568  4568 I /system/bin/webview_zygote32: option[1]=-Xusetombstonedtraces
12-26 12:23:15.720  4568  4568 I /system/bin/webview_zygote32: option[2]=exit
12-26 12:23:15.720  4568  4568 I /system/bin/webview_zygote32: option[3]=vfprintf
12-26 12:23:15.720  4568  4568 I /system/bin/webview_zygote32: option[4]=sensitiveThread
12-26 12:23:15.720  4568  4568 I /system/bin/webview_zygote32: option[5]=-verbose:gc
12-26 12:23:15.720  4568  4568 I /system/bin/webview_zygote32: option[6]=-Xms8m
12-26 12:23:15.720  4568  4568 I /system/bin/webview_zygote32: option[7]=-Xmx768m
12-26 12:23:15.720  4568  4568 I /system/bin/webview_zygote32: option[8]=-XX:HeapGrowthLimit=288m
12-26 12:23:15.720  4568  4568 I /system/bin/webview_zygote32: option[9]=-XX:HeapMinFree=2m
12-26 12:23:15.720  4568  4568 I /system/bin/webview_zygote32: option[10]=-XX:HeapMaxFree=8m
12-26 12:23:15.720  4568  4568 I /system/bin/webview_zygote32: option[11]=-XX:HeapTargetUtilization=0.75
12-26 12:23:15.720  4568  4568 I /system/bin/webview_zygote32: option[12]=-Xusejit:true
12-26 12:23:15.720  4568  4568 I /system/bin/webview_zygote32: option[13]=-Xjitsaveprofilinginfo
12-26 12:23:15.720  4568  4568 I /system/bin/webview_zygote32: option[14]=-agentlib:jdwp=transport=dt_android_adb,suspend=n,server=y
12-26 12:23:15.720  4568  4568 I /system/bin/webview_zygote32: option[15]=-Xlockprofthreshold:500
12-26 12:23:15.720  4568  4568 I /system/bin/webview_zygote32: option[16]=-Ximage-compiler-option
12-26 12:23:15.720  4568  4568 I /system/bin/webview_zygote32: option[17]=--runtime-arg
12-26 12:23:15.720  4568  4568 I /system/bin/webview_zygote32: option[18]=-Ximage-compiler-option
12-26 12:23:15.720  4568  4568 I /system/bin/webview_zygote32: option[19]=-Xms64m
12-26 12:23:15.720  4568  4568 I /system/bin/webview_zygote32: option[20]=-Ximage-compiler-option
12-26 12:23:15.720  4568  4568 I /system/bin/webview_zygote32: option[21]=--runtime-arg
12-26 12:23:15.720  4568  4568 I /system/bin/webview_zygote32: option[22]=-Ximage-compiler-option
12-26 12:23:15.720  4568  4568 I /system/bin/webview_zygote32: option[23]=-Xmx64m
12-26 12:23:15.720  4568  4568 I /system/bin/webview_zygote32: option[24]=-Ximage-compiler-option
12-26 12:23:15.720  4568  4568 I /system/bin/webview_zygote32: option[25]=--image-classes=/system/etc/preloaded-classes
12-26 12:23:15.720  4568  4568 I /system/bin/webview_zygote32: option[26]=-Ximage-compiler-option
12-26 12:23:15.720  4568  4568 I /system/bin/webview_zygote32: option[27]=--compiled-classes=/system/etc/compiled-classes
12-26 12:23:15.720  4568  4568 I /system/bin/webview_zygote32: option[28]=-Ximage-compiler-option
12-26 12:23:15.721  4568  4568 I /system/bin/webview_zygote32: option[29]=--dirty-image-objects=/system/etc/dirty-image-objects
12-26 12:23:15.721  4568  4568 I /system/bin/webview_zygote32: option[30]=-Xcompiler-option
12-26 12:23:15.721  4568  4568 I /system/bin/webview_zygote32: option[31]=--runtime-arg
12-26 12:23:15.721  4568  4568 I /system/bin/webview_zygote32: option[32]=-Xcompiler-option
12-26 12:23:15.721  4568  4568 I /system/bin/webview_zygote32: option[33]=-Xms64m
12-26 12:23:15.721  4568  4568 I /system/bin/webview_zygote32: option[34]=-Xcompiler-option
12-26 12:23:15.721  4568  4568 I /system/bin/webview_zygote32: option[35]=--runtime-arg
12-26 12:23:15.721  4568  4568 I /system/bin/webview_zygote32: option[36]=-Xcompiler-option
12-26 12:23:15.721  4568  4568 I /system/bin/webview_zygote32: option[37]=-Xmx512m
12-26 12:23:15.721  4568  4568 I /system/bin/webview_zygote32: option[38]=-Xcompiler-option
12-26 12:23:15.721  4568  4568 I /system/bin/webview_zygote32: option[39]=-j2
12-26 12:23:15.721  4568  4568 I /system/bin/webview_zygote32: option[40]=-Ximage-compiler-option
12-26 12:23:15.721  4568  4568 I /system/bin/webview_zygote32: option[41]=-j4
12-26 12:23:15.721  4568  4568 I /system/bin/webview_zygote32: option[42]=-Ximage-compiler-option
12-26 12:23:15.721  4568  4568 I /system/bin/webview_zygote32: option[43]=--instruction-set-variant=cortex-a53.a57
12-26 12:23:15.721  4568  4568 I /system/bin/webview_zygote32: option[44]=-Xcompiler-option
12-26 12:23:15.721  4568  4568 I /system/bin/webview_zygote32: option[45]=--instruction-set-variant=cortex-a53.a57
12-26 12:23:15.721  4568  4568 I /system/bin/webview_zygote32: option[46]=-Ximage-compiler-option
12-26 12:23:15.721  4568  4568 I /system/bin/webview_zygote32: option[47]=--instruction-set-features=default
12-26 12:23:15.721  4568  4568 I /system/bin/webview_zygote32: option[48]=-Xcompiler-option
12-26 12:23:15.721  4568  4568 I /system/bin/webview_zygote32: option[49]=--instruction-set-features=default
12-26 12:23:15.721  4568  4568 I /system/bin/webview_zygote32: option[50]=-Duser.locale=en-US
12-26 12:23:15.721  4568  4568 I /system/bin/webview_zygote32: option[51]=--cpu-abilist=armeabi-v7a,armeabi
12-26 12:23:15.721  4568  4568 I /system/bin/webview_zygote32: option[52]=-Xfingerprint:lge/p1_global_com/p1:8.0/NRD90U/171931902b165:user/release-keys
12-26 12:23:15.737   873   873 I ActivityManager: Start proc 4742:com.android.settings/1000 for activity com.android.settings/.FallbackHome
12-26 12:23:15.744   873   873 D SystemServerTiming: ActivityManagerStartApps took to complete: 212ms
12-26 12:23:15.745   873   873 D SystemServerTiming: PhaseActivityManagerReady took to complete: 789ms
12-26 12:23:15.747   873   900 W Looper  : Dispatch took 210ms on android.ui, h=Handler (com.android.server.am.ActivityManagerService$UiHandler) {4e65899} cb=null msg=53
12-26 12:23:15.747   873  4627 E LocSvc_api_v02: I/---> locClientSendReq line 2059 QMI_LOC_SET_PROTOCOL_CONFIG_PARAMETERS_REQ_V02
12-26 12:23:15.748   873   885 W zygote64: Long monitor contention with owner main (873) at void com.android.server.am.ActivityManagerService.systemReady(java.lang.Runnable, android.util.TimingsTraceLog)(ActivityManagerService.java:14263) waiters=1 in void com.android.server.am.ActivityManagerService.attachApplication(android.app.IApplicationThread) for 173ms
12-26 12:23:15.749   873  4649 E LocSvc_ApiV02: I/<--- void globalRespCb(locClientHandleType, uint32_t, const locClientRespIndUnionType, uint32_t, void *) line 133 QMI_LOC_SET_PROTOCOL_CONFIG_PARAMETERS_REQ_V02
12-26 12:23:15.750   873  4627 E LocSvc_api_v02: I/---> locClientSendReq line 2059 QMI_LOC_SET_PROTOCOL_CONFIG_PARAMETERS_REQ_V02
12-26 12:23:15.752   873  4649 E LocSvc_ApiV02: I/<--- void globalRespCb(locClientHandleType, uint32_t, const locClientRespIndUnionType, uint32_t, void *) line 133 QMI_LOC_SET_PROTOCOL_CONFIG_PARAMETERS_REQ_V02
12-26 12:23:15.752   873  4627 E LocSvc_api_v02: I/---> locClientSendReq line 2059 QMI_LOC_SET_SENSOR_CONTROL_CONFIG_REQ_V02
12-26 12:23:15.754   873  4649 E LocSvc_ApiV02: I/<--- void globalRespCb(locClientHandleType, uint32_t, const locClientRespIndUnionType, uint32_t, void *) line 133 QMI_LOC_SET_SENSOR_CONTROL_CONFIG_REQ_V02
12-26 12:23:15.754   873  4627 E LocSvc_api_v02: I/---> locClientSendReq line 2059 QMI_LOC_SET_PROTOCOL_CONFIG_PARAMETERS_REQ_V02
12-26 12:23:15.756   873  4649 E LocSvc_ApiV02: I/<--- void globalRespCb(locClientHandleType, uint32_t, const locClientRespIndUnionType, uint32_t, void *) line 133 QMI_LOC_SET_PROTOCOL_CONFIG_PARAMETERS_REQ_V02
12-26 12:23:15.756   873  4627 E LocSvc_api_v02: I/---> locClientSendReq line 2059 QMI_LOC_SET_PROTOCOL_CONFIG_PARAMETERS_REQ_V02
12-26 12:23:15.759   873  4649 E LocSvc_ApiV02: I/<--- void globalRespCb(locClientHandleType, uint32_t, const locClientRespIndUnionType, uint32_t, void *) line 133 QMI_LOC_SET_PROTOCOL_CONFIG_PARAMETERS_REQ_V02
12-26 12:23:15.759   873  4627 E LocSvc_api_v02: I/---> locClientSendReq line 2059 QMI_LOC_SET_PROTOCOL_CONFIG_PARAMETERS_REQ_V02
12-26 12:23:15.760   873   873 D SystemServerInitThreadPool: Shutdown successful
12-26 12:23:15.760   873   873 D SystemServerTiming: StartServices took to complete: 5214ms
12-26 12:23:15.762   873  4649 E LocSvc_ApiV02: I/<--- void globalRespCb(locClientHandleType, uint32_t, const locClientRespIndUnionType, uint32_t, void *) line 133 QMI_LOC_SET_PROTOCOL_CONFIG_PARAMETERS_REQ_V02
12-26 12:23:15.762   873  4627 E LocSvc_api_v02: I/---> locClientSendReq line 2059 QMI_LOC_SET_SENSOR_PERFORMANCE_CONTROL_CONFIGURATION_REQ_V02
12-26 12:23:15.763   873   873 I SystemServer: Enabled StrictMode for system server main thread.
12-26 12:23:15.766   873  4649 E LocSvc_ApiV02: I/<--- void globalRespCb(locClientHandleType, uint32_t, const locClientRespIndUnionType, uint32_t, void *) line 133 QMI_LOC_SET_SENSOR_PERFORMANCE_CONTROL_CONFIGURATION_REQ_V02
12-26 12:23:15.767   873  4627 E LocSvc_api_v02: I/---> locClientSendReq line 2059 QMI_LOC_SET_XTRA_VERSION_CHECK_REQ_V02
12-26 12:23:15.770   873  4649 E LocSvc_ApiV02: I/<--- void globalRespCb(locClientHandleType, uint32_t, const locClientRespIndUnionType, uint32_t, void *) line 133 QMI_LOC_SET_XTRA_VERSION_CHECK_REQ_V02
12-26 12:23:15.771   873  4627 D GnssLocationProvider: gnssSetCapabilitesCb: 51u
12-26 12:23:15.772   873   873 D ConditionProviders.SCP: onConnected
12-26 12:23:15.773   873   873 D ZenLog  : set_zen_mode: off,readXml
12-26 12:23:15.774   873  4627 I GnssLocationProvider: WakeLock acquired by sendMessage(INJECT_NTP_TIME, 0, null)
12-26 12:23:15.774   873  4627 D GnssLocationProvider: gnssSetSystemInfoCb: yearOfHw=2015
12-26 12:23:15.774   873  4627 E LocSvc_api_v02: I/---> locClientSendReq line 2059 QMI_LOC_SET_XTRA_VERSION_CHECK_REQ_V02
12-26 12:23:15.775   873   873 D ConditionProviders: Subscribing to condition://android/event?userId=-10000&calendar=&reply=1 with ComponentInfo{android/com.android.server.notification.EventConditionProvider}
12-26 12:23:15.775   873   873 D ZenLog  : subscribe: condition://android/event?userId=-10000&calendar=&reply=1,ok
12-26 12:23:15.776   873   873 D ConditionProviders: Subscribing to condition://android/schedule?days=1.2.3.4.5&start=22.0&end=7.0&exitAtAlarm=false with ComponentInfo{android/com.android.server.notification.ScheduleConditionProvider}
12-26 12:23:15.776   873   873 D ZenLog  : subscribe: condition://android/schedule?days=1.2.3.4.5&start=22.0&end=7.0&exitAtAlarm=false,ok
12-26 12:23:15.776   873   873 D ConditionProviders: Subscribing to condition://android/schedule?days=6.7&start=23.30&end=10.0&exitAtAlarm=false with ComponentInfo{android/com.android.server.notification.ScheduleConditionProvider}
12-26 12:23:15.776   873   873 D ZenLog  : subscribe: condition://android/schedule?days=6.7&start=23.30&end=10.0&exitAtAlarm=false,ok
12-26 12:23:15.776   873  4649 E LocSvc_ApiV02: I/<--- void globalRespCb(locClientHandleType, uint32_t, const locClientRespIndUnionType, uint32_t, void *) line 133 QMI_LOC_SET_XTRA_VERSION_CHECK_REQ_V02
12-26 12:23:15.813  4743  4743 D vndksupport: Loading /vendor/lib64/hw/android.hardware.nfc@1.0-impl-bcm.so from current namespace instead of sphal namespace.
12-26 12:23:15.814  4743  4743 E android.hardware.nfc@1.0-impl: hw_get_module nfc_nci.bcm2079x failed: -2
12-26 12:23:15.814  4743  4743 E android.hardware.nfc@1.0-impl: Passthrough failed to load legacy HAL.
12-26 12:23:15.815  4743  4743 E android.hardware.nfc@1.0-service: Could not get passthrough implementation for android.hardware.nfc@1.0::INfc/default.
12-26 12:23:15.815   873  4085 I WifiScanningService: wifi driver unloaded
12-26 12:23:15.818   873   873 D RttService: SCAN_AVAILABLE : 1
12-26 12:23:15.818   873  4096 D RttService: DefaultState got{ when=0 what=160513 target=com.android.internal.util.StateMachine$SmHandler }
12-26 12:23:15.818   873   873 D ZenLog  : set_zen_mode: off,cleanUpZenRules
12-26 12:23:15.818  4768  4768 I init    : type=1400 audit(0.0:209): avc: denied { execute_no_trans } for path="/system/vendor/bin/perfd" dev="mmcblk0p47" ino=2413 scontext=u:r:init:s0 tcontext=u:object_r:vendor_file:s0 tclass=file permissive=1
12-26 12:23:15.838  4768  4768 E ANDR-PERF-MPCTL: Unable to create control service (stage=1, rc=0)
12-26 12:23:15.838  4768  4768 W libc    : invalid pthread_t (0) passed to libc
12-26 12:23:15.906  4653  4653 D TelephonyProvider: dbh.onOpen: ok, queried table=siminfo
12-26 12:23:15.907  4653  4653 D TelephonyProvider: dbh.onOpen: ok, queried table=carriers
12-26 12:23:15.935  4519  4519 E JniUtils: Could not load native library jni_latinimegoogle
12-26 12:23:15.935  4519  4519 E JniUtils: java.lang.UnsatisfiedLinkError: dalvik.system.PathClassLoader[DexPathList[[zip file "/system/app/LatinIME/LatinIME.apk"],nativeLibraryDirectories=[/system/app/LatinIME/lib/arm64, /system/fake-libs64, /system/app/LatinIME/LatinIME.apk!/lib/arm64-v8a, /system/lib64, /system/vendor/lib64, /system/lib64, /system/vendor/lib64]]] couldn't find "libjni_latinimegoogle.so"
12-26 12:23:15.935  4519  4519 E JniUtils: 	at java.lang.Runtime.loadLibrary0(Runtime.java:1011)
12-26 12:23:15.935  4519  4519 E JniUtils: 	at java.lang.System.loadLibrary(System.java:1657)
12-26 12:23:15.935  4519  4519 E JniUtils: 	at com.android.inputmethod.latin.utils.JniUtils.<clinit>(JniUtils.java:29)
12-26 12:23:15.935  4519  4519 E JniUtils: 	at com.android.inputmethod.latin.utils.JniUtils.loadNativeLibrary(JniUtils.java:47)
12-26 12:23:15.935  4519  4519 E JniUtils: 	at com.android.inputmethod.latin.LatinIME.<clinit>(LatinIME.java:577)
12-26 12:23:15.935  4519  4519 E JniUtils: 	at java.lang.Class.newInstance(Native Method)
12-26 12:23:15.935  4519  4519 E JniUtils: 	at android.app.ActivityThread.handleCreateService(ActivityThread.java:3321)
12-26 12:23:15.935  4519  4519 E JniUtils: 	at android.app.ActivityThread.-wrap4(Unknown Source:0)
12-26 12:23:15.935  4519  4519 E JniUtils: 	at android.app.ActivityThread$H.handleMessage(ActivityThread.java:1677)
12-26 12:23:15.935  4519  4519 E JniUtils: 	at android.os.Handler.dispatchMessage(Handler.java:106)
12-26 12:23:15.935  4519  4519 E JniUtils: 	at android.os.Looper.loop(Looper.java:164)
12-26 12:23:15.935  4519  4519 E JniUtils: 	at android.app.ActivityThread.main(ActivityThread.java:6494)
12-26 12:23:15.935  4519  4519 E JniUtils: 	at java.lang.reflect.Method.invoke(Native Method)
12-26 12:23:15.935  4519  4519 E JniUtils: 	at com.android.internal.os.RuntimeInit$MethodAndArgsCaller.run(RuntimeInit.java:440)
12-26 12:23:15.935  4519  4519 E JniUtils: 	at com.android.internal.os.ZygoteInit.main(ZygoteInit.java:807)
12-26 12:23:15.949   502  4599 I OMX-VDEC-1080P: component_init: OMX.qcom.video.decoder.avc : fd=6
12-26 12:23:15.949   502  4599 I OMX-VDEC-1080P: Capabilities: driver_name = msm_vidc_driver, card = msm_vdec_8974, bus_info = , version = 1, capabilities = 4003000
12-26 12:23:15.958   502  4599 I OMX-VDEC-1080P: omx_vdec::component_init() success : fd=6
12-26 12:23:15.959   502   534 E OMX-VDEC-1080P: Extension: OMX.google.android.index.storeANWBufferInMetadata not implemented
12-26 12:23:15.959   502   534 E OMX-VDEC-1080P: Extension: OMX.google.android.index.configureVideoTunnelMode not implemented
12-26 12:23:15.959   502   534 E OMX-VDEC-1080P: Extension: OMX.google.android.index.useAndroidNativeBuffer is supported
12-26 12:23:15.960   502   502 E OMXNodeInstance: getParameter(0xe9dea9c4:qcom.decoder.avc, ??(0x7f000044)) ERROR: UnsupportedSetting(0x80001019)
12-26 12:23:15.961   502  4599 E OMXNodeInstance: getParameter(0xe9dea9c4:qcom.decoder.avc, ??(0x7f000044)) ERROR: UnsupportedSetting(0x80001019)
12-26 12:23:15.962   502   502 E OMX-VDEC-1080P: Extension: OMX.google.android.index.configureVideoTunnelMode not implemented
12-26 12:23:15.962   502   502 E OMXNodeInstance: getExtensionIndex(0xe9dea9c4:qcom.decoder.avc, OMX.google.android.index.configureVideoTunnelMode) ERROR: NotImplemented(0x80001006)
12-26 12:23:15.962   502  4593 E OMX-VDEC-1080P: Extension: OMX.google.android.index.storeANWBufferInMetadata not implemented
12-26 12:23:15.964   502  4599 I OMX-VDEC-1080P: omx_vdec::component_deinit() complete
12-26 12:23:15.966   502  4599 I OMX-VDEC-1080P: Exit OMX vdec Destructor: fd=6
12-26 12:23:15.966   502  4599 I OMX-VDEC-1080P: Video slvp perflock released
12-26 12:23:15.968   502   502 I OMXMaster: makeComponentInstance(OMX.qcom.video.decoder.avc.secure) in android.hardwar process
12-26 12:23:15.969   502   502 I OMX-VDEC-1080P: Video slvp perflock acquired
12-26 12:23:15.970   502   502 I OMX-VDEC-1080P: component_init: OMX.qcom.video.decoder.avc : fd=6
12-26 12:23:15.970   502   502 I OMX-VDEC-1080P: Capabilities: driver_name = msm_vidc_driver, card = msm_vdec_8974, bus_info = , version = 1, capabilities = 4003000
12-26 12:23:15.978   502   502 I OMX-VDEC-1080P: omx_vdec::component_init() success : fd=6
12-26 12:23:15.980   502  4599 E OMX-VDEC-1080P: Extension: OMX.google.android.index.storeANWBufferInMetadata not implemented
12-26 12:23:15.980   502  4599 E OMX-VDEC-1080P: Extension: OMX.google.android.index.configureVideoTunnelMode not implemented
12-26 12:23:15.980   502  4599 E OMX-VDEC-1080P: Extension: OMX.google.android.index.useAndroidNativeBuffer is supported
12-26 12:23:15.980   502   502 E OMXNodeInstance: getParameter(0xe9fda904:qcom.decoder.avc.secure, ??(0x7f000044)) ERROR: UnsupportedSetting(0x80001019)
12-26 12:23:15.981   502  4593 E OMXNodeInstance: getParameter(0xe9fda904:qcom.decoder.avc.secure, ??(0x7f000044)) ERROR: UnsupportedSetting(0x80001019)
12-26 12:23:15.981   502   502 E OMX-VDEC-1080P: Extension: OMX.google.android.index.configureVideoTunnelMode not implemented
12-26 12:23:15.981   502   502 E OMXNodeInstance: getExtensionIndex(0xe9fda904:qcom.decoder.avc.secure, OMX.google.android.index.configureVideoTunnelMode) ERROR: NotImplemented(0x80001006)
12-26 12:23:15.982   502  4599 E OMX-VDEC-1080P: Extension: OMX.google.android.index.storeANWBufferInMetadata not implemented
12-26 12:23:15.982   502   534 I OMX-VDEC-1080P: omx_vdec::component_deinit() complete
12-26 12:23:15.984   502   534 I OMX-VDEC-1080P: Exit OMX vdec Destructor: fd=6
12-26 12:23:15.984   502   534 I OMX-VDEC-1080P: Video slvp perflock released
12-26 12:23:15.985   502  4599 I OMXMaster: makeComponentInstance(OMX.google.h264.decoder) in android.hardwar process
12-26 12:23:15.986   873   898 W LocationProviderProxy-network: Odd, no component found for service com.android.location.service.v3.NetworkLocationProvider
12-26 12:23:15.987   873   898 I GnssLocationProvider: WakeLock released by handleMessage(INJECT_NTP_TIME, 0, null)
12-26 12:23:15.995   502   534 E OMXNodeInstance: getExtensionIndex(0xea1075a0:google.h264.decoder, OMX.google.android.index.configureVideoTunnelMode) ERROR: UnsupportedIndex(0x8000101a)
12-26 12:23:15.995   502  4593 E OMXNodeInstance: getExtensionIndex(0xea1075a0:google.h264.decoder, OMX.google.android.index.enableAndroidNativeBuffers) ERROR: UnsupportedIndex(0x8000101a)
12-26 12:23:15.997   502   502 I OMXMaster: makeComponentInstance(OMX.qcom.video.decoder.h263) in android.hardwar process
12-26 12:23:16.000   502   502 I OMX-VDEC-1080P: Video slvp perflock acquired
12-26 12:23:16.000   502   502 I OMX-VDEC-1080P: component_init: OMX.qcom.video.decoder.h263 : fd=6
12-26 12:23:16.000   502   502 I OMX-VDEC-1080P: Capabilities: driver_name = msm_vidc_driver, card = msm_vdec_8974, bus_info = , version = 1, capabilities = 4003000
12-26 12:23:16.004   502   502 I OMX-VDEC-1080P: omx_vdec::component_init() success : fd=6
12-26 12:23:16.006   502   534 E OMX-VDEC-1080P: Extension: OMX.google.android.index.storeANWBufferInMetadata not implemented
12-26 12:23:16.006   502   534 E OMX-VDEC-1080P: Extension: OMX.google.android.index.configureVideoTunnelMode not implemented
12-26 12:23:16.006   502   534 E OMX-VDEC-1080P: Extension: OMX.google.android.index.useAndroidNativeBuffer is supported
12-26 12:23:16.006   502  4593 E OMXNodeInstance: getParameter(0xe9dab7c4:qcom.decoder.h263, ??(0x7f000044)) ERROR: UnsupportedSetting(0x80001019)
12-26 12:23:16.007   502  4599 E OMXNodeInstance: getParameter(0xe9dab7c4:qcom.decoder.h263, ??(0x7f000044)) ERROR: UnsupportedSetting(0x80001019)
12-26 12:23:16.008   502  4593 E OMX-VDEC-1080P: Extension: OMX.google.android.index.configureVideoTunnelMode not implemented
12-26 12:23:16.008   502  4593 E OMXNodeInstance: getExtensionIndex(0xe9dab7c4:qcom.decoder.h263, OMX.google.android.index.configureVideoTunnelMode) ERROR: NotImplemented(0x80001006)
12-26 12:23:16.008   502   534 E OMX-VDEC-1080P: Extension: OMX.google.android.index.storeANWBufferInMetadata not implemented
12-26 12:23:16.009   502   502 I OMX-VDEC-1080P: omx_vdec::component_deinit() complete
12-26 12:23:16.010   502   502 I OMX-VDEC-1080P: Exit OMX vdec Destructor: fd=6
12-26 12:23:16.010   502   502 I OMX-VDEC-1080P: Video slvp perflock released
12-26 12:23:16.012   502   534 I OMXMaster: makeComponentInstance(OMX.google.h263.decoder) in android.hardwar process
12-26 12:23:16.017  4519  4519 I LatinIME: Hardware accelerated drawing: true
12-26 12:23:16.018   502   534 E OMXNodeInstance: getExtensionIndex(0xea522d80:google.h263.decoder, OMX.google.android.index.configureVideoTunnelMode) ERROR: UnsupportedIndex(0x8000101a)
12-26 12:23:16.018   502   502 E OMXNodeInstance: getExtensionIndex(0xea522d80:google.h263.decoder, OMX.google.android.index.enableAndroidNativeBuffers) ERROR: UnsupportedIndex(0x8000101a)
12-26 12:23:16.020   502  4599 I OMXMaster: makeComponentInstance(OMX.qcom.video.decoder.hevc) in android.hardwar process
12-26 12:23:16.021   502  4599 I OMX-VDEC-1080P: Video slvp perflock acquired
12-26 12:23:16.022   502  4599 I OMX-VDEC-1080P: component_init: OMX.qcom.video.decoder.hevc : fd=6
12-26 12:23:16.022   502  4599 I OMX-VDEC-1080P: Capabilities: driver_name = msm_vidc_driver, card = msm_vdec_8974, bus_info = , version = 1, capabilities = 4003000
12-26 12:23:16.028   502  4599 I OMX-VDEC-1080P: omx_vdec::component_init() success : fd=6
12-26 12:23:16.030   502   502 E OMX-VDEC-1080P: Extension: OMX.google.android.index.storeANWBufferInMetadata not implemented
12-26 12:23:16.030   502   502 E OMX-VDEC-1080P: Extension: OMX.google.android.index.configureVideoTunnelMode not implemented
12-26 12:23:16.030   502   502 E OMX-VDEC-1080P: Extension: OMX.google.android.index.useAndroidNativeBuffer is supported
12-26 12:23:16.030   502   534 E OMXNodeInstance: getParameter(0xe9dea9c4:qcom.decoder.hevc, ??(0x7f000044)) ERROR: UnsupportedSetting(0x80001019)
12-26 12:23:16.031   502  4593 E OMXNodeInstance: getParameter(0xe9dea9c4:qcom.decoder.hevc, ??(0x7f000044)) ERROR: UnsupportedSetting(0x80001019)
12-26 12:23:16.032   502   534 E OMX-VDEC-1080P: Extension: OMX.google.android.index.configureVideoTunnelMode not implemented
12-26 12:23:16.032   502   534 E OMXNodeInstance: getExtensionIndex(0xe9dea9c4:qcom.decoder.hevc, OMX.google.android.index.configureVideoTunnelMode) ERROR: NotImplemented(0x80001006)
12-26 12:23:16.032   502   502 E OMX-VDEC-1080P: Extension: OMX.google.android.index.storeANWBufferInMetadata not implemented
12-26 12:23:16.032   502  4599 I OMX-VDEC-1080P: omx_vdec::component_deinit() complete
12-26 12:23:16.034   502  4599 I OMX-VDEC-1080P: Exit OMX vdec Destructor: fd=6
12-26 12:23:16.034   502  4599 I OMX-VDEC-1080P: Video slvp perflock released
12-26 12:23:16.036   502   502 I OMXMaster: makeComponentInstance(OMX.qcom.video.decoder.hevc.secure) in android.hardwar process
12-26 12:23:16.037   502   502 I OMX-VDEC-1080P: Video slvp perflock acquired
12-26 12:23:16.037   502   502 I OMX-VDEC-1080P: component_init: OMX.qcom.video.decoder.hevc : fd=6
12-26 12:23:16.038   502   502 I OMX-VDEC-1080P: Capabilities: driver_name = msm_vidc_driver, card = msm_vdec_8974, bus_info = , version = 1, capabilities = 4003000
12-26 12:23:16.043   502   502 I OMX-VDEC-1080P: omx_vdec::component_init() success : fd=6
12-26 12:23:16.046   502   534 E OMX-VDEC-1080P: Extension: OMX.google.android.index.storeANWBufferInMetadata not implemented
12-26 12:23:16.047   502   534 E OMX-VDEC-1080P: Extension: OMX.google.android.index.configureVideoTunnelMode not implemented
12-26 12:23:16.047   502   534 E OMX-VDEC-1080P: Extension: OMX.google.android.index.useAndroidNativeBuffer is supported
12-26 12:23:16.047   502  4593 E OMXNodeInstance: getParameter(0xe9dab7c4:qcom.decoder.hevc.secure, ??(0x7f000044)) ERROR: UnsupportedSetting(0x80001019)
12-26 12:23:16.049   502  4599 E OMXNodeInstance: getParameter(0xe9dab7c4:qcom.decoder.hevc.secure, ??(0x7f000044)) ERROR: UnsupportedSetting(0x80001019)
12-26 12:23:16.050   502  4593 E OMX-VDEC-1080P: Extension: OMX.google.android.index.configureVideoTunnelMode not implemented
12-26 12:23:16.050   502  4593 E OMXNodeInstance: getExtensionIndex(0xe9dab7c4:qcom.decoder.hevc.secure, OMX.google.android.index.configureVideoTunnelMode) ERROR: NotImplemented(0x80001006)
12-26 12:23:16.050   502   502 E OMX-VDEC-1080P: Extension: OMX.google.android.index.storeANWBufferInMetadata not implemented
12-26 12:23:16.051   502   534 I OMX-VDEC-1080P: omx_vdec::component_deinit() complete
12-26 12:23:16.052   502   534 I OMX-VDEC-1080P: Exit OMX vdec Destructor: fd=6
12-26 12:23:16.053   502   534 I OMX-VDEC-1080P: Video slvp perflock released
12-26 12:23:16.056   502   502 I OMXMaster: makeComponentInstance(OMX.google.hevc.decoder) in android.hardwar process
12-26 12:23:16.058  4653  4653 D CarrierProvider: onCreate
12-26 12:23:16.074  4742  4798 D OpenGLRenderer: HWUI GL Pipeline
12-26 12:23:16.090   502   534 E OMXNodeInstance: getExtensionIndex(0xea5227e0:google.hevc.decoder, OMX.google.android.index.configureVideoTunnelMode) ERROR: UnsupportedIndex(0x8000101a)
12-26 12:23:16.090   502  4593 E OMXNodeInstance: getExtensionIndex(0xea5227e0:google.hevc.decoder, OMX.google.android.index.enableAndroidNativeBuffers) ERROR: UnsupportedIndex(0x8000101a)
12-26 12:23:16.092   502   534 I OMXMaster: makeComponentInstance(OMX.qcom.video.decoder.mpeg2) in android.hardwar process
12-26 12:23:16.094   502   534 I OMX-VDEC-1080P: Video slvp perflock acquired
12-26 12:23:16.094   502   534 I OMX-VDEC-1080P: component_init: OMX.qcom.video.decoder.mpeg2 : fd=6
12-26 12:23:16.094   502   534 I OMX-VDEC-1080P: Capabilities: driver_name = msm_vidc_driver, card = msm_vdec_8974, bus_info = , version = 1, capabilities = 4003000
12-26 12:23:16.090  4798  4798 I RenderThread: type=1400 audit(0.0:210): avc: denied { read write } for name="kgsl-3d0" dev="tmpfs" ino=11340 scontext=u:r:system_app:s0 tcontext=u:object_r:device:s0 tclass=chr_file permissive=1
12-26 12:23:16.096  4742  4798 I Adreno  : QUALCOMM build                   : d3015e9, I25dc76dc3f
12-26 12:23:16.096  4742  4798 I Adreno  : Build Date                       : 01/26/17
12-26 12:23:16.096  4742  4798 I Adreno  : OpenGL ES Shader Compiler Version: XE031.09.00.03
12-26 12:23:16.096  4742  4798 I Adreno  : Local Branch                     : 
12-26 12:23:16.096  4742  4798 I Adreno  : Remote Branch                    : refs/tags/AU_LINUX_ANDROID_LA.BF64.1.2.3_RB1.07.00.00.258.011
12-26 12:23:16.096  4742  4798 I Adreno  : Remote Branch                    : NONE
12-26 12:23:16.096  4742  4798 I Adreno  : Reconstruct Branch               : NOTHING
12-26 12:23:16.106  4742  4798 I com.android.settings: android::hardware::configstore::V1_0::ISurfaceFlingerConfigs::hasWideColorDisplay retrieved: 0
12-26 12:23:16.108  4742  4798 I OpenGLRenderer: Initialized EGL, version 1.4
12-26 12:23:16.108  4742  4798 D OpenGLRenderer: Swap behavior 2
12-26 12:23:16.090  4798  4798 I RenderThread: type=1400 audit(0.0:211): avc: denied { open } for path="/dev/kgsl-3d0" dev="tmpfs" ino=11340 scontext=u:r:system_app:s0 tcontext=u:object_r:device:s0 tclass=chr_file permissive=1
12-26 12:23:16.117   502   534 I OMX-VDEC-1080P: omx_vdec::component_init() success : fd=6
12-26 12:23:16.119  4653  4653 I ImsResolver: Initializing cache and binding.
12-26 12:23:16.122   502   534 E OMX-VDEC-1080P: Extension: OMX.google.android.index.storeANWBufferInMetadata not implemented
12-26 12:23:16.122   502   534 E OMX-VDEC-1080P: Extension: OMX.google.android.index.configureVideoTunnelMode not implemented
12-26 12:23:16.122   502   534 E OMX-VDEC-1080P: Extension: OMX.google.android.index.useAndroidNativeBuffer is supported
12-26 12:23:16.125   502   502 E OMXNodeInstance: getParameter(0xe9dab7c4:qcom.decoder.mpeg2, ??(0x7f000044)) ERROR: UnsupportedSetting(0x80001019)
12-26 12:23:16.125   502  4599 E OMXNodeInstance: getParameter(0xe9dab7c4:qcom.decoder.mpeg2, ??(0x7f000044)) ERROR: UnsupportedSetting(0x80001019)
12-26 12:23:16.126   502   502 E OMX-VDEC-1080P: Extension: OMX.google.android.index.configureVideoTunnelMode not implemented
12-26 12:23:16.127   502   502 E OMXNodeInstance: getExtensionIndex(0xe9dab7c4:qcom.decoder.mpeg2, OMX.google.android.index.configureVideoTunnelMode) ERROR: NotImplemented(0x80001006)
12-26 12:23:16.127   502   534 E OMX-VDEC-1080P: Extension: OMX.google.android.index.storeANWBufferInMetadata not implemented
12-26 12:23:16.127   502  4593 I OMX-VDEC-1080P: omx_vdec::component_deinit() complete
12-26 12:23:16.128   502  4593 I OMX-VDEC-1080P: Exit OMX vdec Destructor: fd=6
12-26 12:23:16.129   502  4593 I OMX-VDEC-1080P: Video slvp perflock released
12-26 12:23:16.131   502   502 I OMXMaster: makeComponentInstance(OMX.qcom.video.decoder.mpeg2.secure) in android.hardwar process
12-26 12:23:16.132   502   502 I OMX-VDEC-1080P: Video slvp perflock acquired
12-26 12:23:16.141   502   502 I OMX-VDEC-1080P: component_init: OMX.qcom.video.decoder.mpeg2 : fd=6
12-26 12:23:16.141   502   502 I OMX-VDEC-1080P: Capabilities: driver_name = msm_vidc_driver, card = msm_vdec_8974, bus_info = , version = 1, capabilities = 4003000
12-26 12:23:16.145   502   502 I OMX-VDEC-1080P: omx_vdec::component_init() success : fd=6
12-26 12:23:16.147   502   502 E OMX-VDEC-1080P: Extension: OMX.google.android.index.storeANWBufferInMetadata not implemented
12-26 12:23:16.147   502   502 E OMX-VDEC-1080P: Extension: OMX.google.android.index.configureVideoTunnelMode not implemented
12-26 12:23:16.147   502   502 E OMX-VDEC-1080P: Extension: OMX.google.android.index.useAndroidNativeBuffer is supported
12-26 12:23:16.147   502   534 E OMXNodeInstance: getParameter(0xe968a004:qcom.decoder.mpeg2.secure, ??(0x7f000044)) ERROR: UnsupportedSetting(0x80001019)
12-26 12:23:16.148   502  4599 E OMXNodeInstance: getParameter(0xe968a004:qcom.decoder.mpeg2.secure, ??(0x7f000044)) ERROR: UnsupportedSetting(0x80001019)
12-26 12:23:16.149   502   534 E OMX-VDEC-1080P: Extension: OMX.google.android.index.configureVideoTunnelMode not implemented
12-26 12:23:16.149   502   534 E OMXNodeInstance: getExtensionIndex(0xe968a004:qcom.decoder.mpeg2.secure, OMX.google.android.index.configureVideoTunnelMode) ERROR: NotImplemented(0x80001006)
12-26 12:23:16.149   502   502 E OMX-VDEC-1080P: Extension: OMX.google.android.index.storeANWBufferInMetadata not implemented
12-26 12:23:16.150   502  4593 I OMX-VDEC-1080P: omx_vdec::component_deinit() complete
12-26 12:23:16.151   502  4593 I OMX-VDEC-1080P: Exit OMX vdec Destructor: fd=6
12-26 12:23:16.152   502  4593 I OMX-VDEC-1080P: Video slvp perflock released
12-26 12:23:16.153   502   502 I OMXMaster: makeComponentInstance(OMX.qcom.video.decoder.mpeg4) in android.hardwar process
12-26 12:23:16.155   502   502 I OMX-VDEC-1080P: Video slvp perflock acquired
12-26 12:23:16.155   502   502 I OMX-VDEC-1080P: component_init: OMX.qcom.video.decoder.mpeg4 : fd=6
12-26 12:23:16.156   502   502 I OMX-VDEC-1080P: Capabilities: driver_name = msm_vidc_driver, card = msm_vdec_8974, bus_info = , version = 1, capabilities = 4003000
12-26 12:23:16.157  4742  4798 D vndksupport: Loading /vendor/lib64/hw/android.hardware.graphics.mapper@2.0-impl.so from current namespace instead of sphal namespace.
12-26 12:23:16.160  4530  4530 V SystemUIService: Starting SystemUI services for user 0.
12-26 12:23:16.163   502   502 I OMX-VDEC-1080P: omx_vdec::component_init() success : fd=6
12-26 12:23:16.166   502   502 E OMX-VDEC-1080P: Extension: OMX.google.android.index.storeANWBufferInMetadata not implemented
12-26 12:23:16.166   502   502 E OMX-VDEC-1080P: Extension: OMX.google.android.index.configureVideoTunnelMode not implemented
12-26 12:23:16.166   502   502 E OMX-VDEC-1080P: Extension: OMX.google.android.index.useAndroidNativeBuffer is supported
12-26 12:23:16.166   502   534 E OMXNodeInstance: getParameter(0xe96c91c4:qcom.decoder.mpeg4, ??(0x7f000044)) ERROR: UnsupportedSetting(0x80001019)
12-26 12:23:16.166  4519  4519 W InputAttributes: No editor info for this field. Bug?
12-26 12:23:16.167  4530  4530 D SystemUIBootTiming: StartServicesDependency took to complete: 5ms
12-26 12:23:16.167   502  4599 E OMXNodeInstance: getParameter(0xe96c91c4:qcom.decoder.mpeg4, ??(0x7f000044)) ERROR: UnsupportedSetting(0x80001019)
12-26 12:23:16.169   502   534 E OMX-VDEC-1080P: Extension: OMX.google.android.index.configureVideoTunnelMode not implemented
12-26 12:23:16.169   502   534 E OMXNodeInstance: getExtensionIndex(0xe96c91c4:qcom.decoder.mpeg4, OMX.google.android.index.configureVideoTunnelMode) ERROR: NotImplemented(0x80001006)
12-26 12:23:16.170   502   502 E OMX-VDEC-1080P: Extension: OMX.google.android.index.storeANWBufferInMetadata not implemented
12-26 12:23:16.170   873   885 E QCOM PowerHAL: Failed to acquire lock.
12-26 12:23:16.172   502  4593 I OMX-VDEC-1080P: omx_vdec::component_deinit() complete
12-26 12:23:16.173   502  4593 I OMX-VDEC-1080P: Exit OMX vdec Destructor: fd=6
12-26 12:23:16.174   502  4593 I OMX-VDEC-1080P: Video slvp perflock released
12-26 12:23:16.175   873   899 W KeyguardServiceDelegate: onScreenTurningOn(): no keyguard service!
12-26 12:23:16.176   873   909 I ActivityManager: Displayed com.android.settings/.FallbackHome: +446ms
12-26 12:23:16.176   873  3112 I InputReader: Reconfiguring input devices.  changes=0x00000004
12-26 12:23:16.178   502   502 I OMXMaster: makeComponentInstance(OMX.google.mpeg4.decoder) in android.hardwar process
12-26 12:23:16.180   502  4593 E OMXNodeInstance: getExtensionIndex(0xea5227e0:google.mpeg4.decoder, OMX.google.android.index.configureVideoTunnelMode) ERROR: UnsupportedIndex(0x8000101a)
12-26 12:23:16.180   502  4599 E OMXNodeInstance: getExtensionIndex(0xea5227e0:google.mpeg4.decoder, OMX.google.android.index.enableAndroidNativeBuffers) ERROR: UnsupportedIndex(0x8000101a)
12-26 12:23:16.181   502   534 I OMXMaster: makeComponentInstance(OMX.qcom.video.decoder.vp8) in android.hardwar process
12-26 12:23:16.183   502   534 I OMX-VDEC-1080P: Video slvp perflock acquired
12-26 12:23:16.183   502   534 I OMX-VDEC-1080P: component_init: OMX.qcom.video.decoder.vp8 : fd=6
12-26 12:23:16.183   502   534 I OMX-VDEC-1080P: Capabilities: driver_name = msm_vidc_driver, card = msm_vdec_8974, bus_info = , version = 1, capabilities = 4003000
12-26 12:23:16.187   502   534 I OMX-VDEC-1080P: omx_vdec::component_init() success : fd=6
12-26 12:23:16.189   502  4593 E OMX-VDEC-1080P: Extension: OMX.google.android.index.storeANWBufferInMetadata not implemented
12-26 12:23:16.189   502  4593 E OMX-VDEC-1080P: Extension: OMX.google.android.index.configureVideoTunnelMode not implemented
12-26 12:23:16.189   502  4593 E OMX-VDEC-1080P: Extension: OMX.google.android.index.useAndroidNativeBuffer is supported
12-26 12:23:16.191   502   502 E OMXNodeInstance: getParameter(0xe9fda904:qcom.decoder.vp8, ??(0x7f000044)) ERROR: UnsupportedSetting(0x80001019)
12-26 12:23:16.192   502   534 E OMXNodeInstance: getParameter(0xe9fda904:qcom.decoder.vp8, ??(0x7f000044)) ERROR: UnsupportedSetting(0x80001019)
12-26 12:23:16.193   502   502 E OMX-VDEC-1080P: Extension: OMX.google.android.index.configureVideoTunnelMode not implemented
12-26 12:23:16.193   502   502 E OMXNodeInstance: getExtensionIndex(0xe9fda904:qcom.decoder.vp8, OMX.google.android.index.configureVideoTunnelMode) ERROR: NotImplemented(0x80001006)
12-26 12:23:16.193   502  4593 E OMX-VDEC-1080P: Extension: OMX.google.android.index.storeANWBufferInMetadata not implemented
12-26 12:23:16.193   502  4599 I OMX-VDEC-1080P: omx_vdec::component_deinit() complete
12-26 12:23:16.195   502  4599 I OMX-VDEC-1080P: Exit OMX vdec Destructor: fd=6
12-26 12:23:16.195   502  4599 I OMX-VDEC-1080P: Video slvp perflock released
12-26 12:23:16.197   502  4593 I OMXMaster: makeComponentInstance(OMX.google.vp8.decoder) in android.hardwar process
12-26 12:23:16.207   502  4593 E OMXNodeInstance: getExtensionIndex(0xea522d80:google.vp8.decoder, OMX.google.android.index.configureVideoTunnelMode) ERROR: UnsupportedIndex(0x8000101a)
12-26 12:23:16.207   502  4599 E OMXNodeInstance: getExtensionIndex(0xea522d80:google.vp8.decoder, OMX.google.android.index.enableAndroidNativeBuffers) ERROR: UnsupportedIndex(0x8000101a)
12-26 12:23:16.209   502   534 I OMXMaster: makeComponentInstance(OMX.google.vp9.decoder) in android.hardwar process
12-26 12:23:16.211   502   502 E OMXNodeInstance: getExtensionIndex(0xea522960:google.vp9.decoder, OMX.google.android.index.configureVideoTunnelMode) ERROR: UnsupportedIndex(0x8000101a)
12-26 12:23:16.211   502  4593 E OMXNodeInstance: getExtensionIndex(0xea522960:google.vp9.decoder, OMX.google.android.index.enableAndroidNativeBuffers) ERROR: UnsupportedIndex(0x8000101a)
12-26 12:23:16.213   502  4599 I OMXMaster: makeComponentInstance(OMX.qcom.video.encoder.avc) in android.hardwar process
12-26 12:23:16.219   502  4599 I OMX-VENC: Video encode perflock acquired,handle=-1
12-26 12:23:16.221   502  4599 E OMX-VENC: Setting session priority failed
12-26 12:23:16.223   502  4599 I OMX-VENC: Component_init : OMX.qcom.video.encoder.avc : return = 0x0
12-26 12:23:16.227   499   499 W OMXUtils: do not know color format 0x7fa30c04 = 2141391876
12-26 12:23:16.227   499   499 W OMXUtils: do not know color format 0x7f000789 = 2130708361
12-26 12:23:16.231   502  4599 I OMX-VENC: Component Deinit
12-26 12:23:16.231   502  4599 I OMX-VENC: Video encode perflock released
12-26 12:23:16.231  4530  4530 D SystemUIBootTiming: StartServicesNotificationChannels took to complete: 64ms
12-26 12:23:16.232   502  4593 I OMXMaster: makeComponentInstance(OMX.google.h264.encoder) in android.hardwar process
12-26 12:23:16.241   499   499 W OMXUtils: do not know color format 0x7f000789 = 2130708361
12-26 12:23:16.242   502   534 I OMXMaster: makeComponentInstance(OMX.qcom.video.encoder.h263) in android.hardwar process
12-26 12:23:16.244   502   534 I OMX-VENC: Video encode perflock acquired,handle=-1
12-26 12:23:16.246   502   534 E OMX-VENC: Setting session priority failed
12-26 12:23:16.248  4519  4816 I LatinIME:LogUtils: Dictionary info: dictionary = UserHistoryDictionary.en_US ; version = 1514283796 ; date = ?
12-26 12:23:16.248   502   534 I OMX-VENC: Component_init : OMX.qcom.video.encoder.h263 : return = 0x0
12-26 12:23:16.249  4519  4816 I LatinIME:LogUtils: Dictionary info: dictionary = userunigram.en_US ; version = 1514283796 ; date = ?
12-26 12:23:16.250   502   534 E OMX-VENC: get_parameter: OMX_IndexParamVideoProfileLevelQuerySupported nProfileIndex ret NoMore 1
12-26 12:23:16.251   499   499 W OMXUtils: do not know color format 0x7fa30c04 = 2141391876
12-26 12:23:16.254   499   499 W OMXUtils: do not know color format 0x7f000789 = 2130708361
12-26 12:23:16.257   502   534 I OMX-VENC: Component Deinit
12-26 12:23:16.257   502   534 I OMX-VENC: Video encode perflock released
12-26 12:23:16.260   502   502 I OMXMaster: makeComponentInstance(OMX.google.h263.encoder) in android.hardwar process
12-26 12:23:16.276   502   502 I SoftMPEG4Encoder: Construct SoftMPEG4Encoder
12-26 12:23:16.280   499   499 W OMXUtils: do not know color format 0x7f000789 = 2130708361
12-26 12:23:16.280   502  4593 E OMXNodeInstance: getConfig(0xea107000:google.h263.encoder, ConfigAndroidIntraRefresh(0x6f60000a)) ERROR: Undefined(0x80001001)
12-26 12:23:16.284   502  4593 I OMXMaster: makeComponentInstance(OMX.qcom.video.encoder.mpeg4) in android.hardwar process
12-26 12:23:16.285   502  4593 I OMX-VENC: Video encode perflock acquired,handle=-1
12-26 12:23:16.288   502  4593 E OMX-VENC: Setting session priority failed
12-26 12:23:16.288  4519  4816 I LatinIME:LogUtils: Dictionary info: dictionary = main:en ; version = 54 ; date = 1414726273
12-26 12:23:16.289   502  4593 I OMX-VENC: Component_init : OMX.qcom.video.encoder.mpeg4 : return = 0x0
12-26 12:23:16.291   502   502 E OMX-VENC: get_parameter: OMX_IndexParamVideoProfileLevelQuerySupported nProfileIndex ret NoMore 2
12-26 12:23:16.291   499   499 W OMXUtils: do not know color format 0x7fa30c04 = 2141391876
12-26 12:23:16.292   499   499 W OMXUtils: do not know color format 0x7f000789 = 2130708361
12-26 12:23:16.293   502   502 I OMX-VENC: Component Deinit
12-26 12:23:16.293   502   502 I OMX-VENC: Video encode perflock released
12-26 12:23:16.295   502  4593 I OMXMaster: makeComponentInstance(OMX.google.mpeg4.encoder) in android.hardwar process
12-26 12:23:16.295  4530  4530 D SystemUIBootTiming: StartServicesCommandQueueStart took to complete: 61ms
12-26 12:23:16.295   502  4593 I SoftMPEG4Encoder: Construct SoftMPEG4Encoder
12-26 12:23:16.297   499   499 W OMXUtils: do not know color format 0x7f000789 = 2130708361
12-26 12:23:16.297   502  4599 E OMXNodeInstance: getConfig(0xea522840:google.mpeg4.encoder, ConfigAndroidIntraRefresh(0x6f60000a)) ERROR: Undefined(0x80001001)
12-26 12:23:16.299   502  4599 I OMXMaster: makeComponentInstance(OMX.qcom.video.encoder.vp8) in android.hardwar process
12-26 12:23:16.300   502  4599 I OMX-VENC: Video encode perflock acquired,handle=-1
12-26 12:23:16.303   502  4599 E OMX-VENC: Setting session priority failed
12-26 12:23:16.304   502  4599 I OMX-VENC: Component_init : OMX.qcom.video.encoder.vp8 : return = 0x0
12-26 12:23:16.305   499   499 W OMXUtils: do not know color format 0x7fa30c04 = 2141391876
12-26 12:23:16.307   499   499 W OMXUtils: do not know color format 0x7f000789 = 2130708361
12-26 12:23:16.308   502   502 I OMX-VENC: Component Deinit
12-26 12:23:16.308  4530  4530 V MediaRouter: Adding route: RouteInfo{ name=Phone, description=null, status=null, category=RouteCategory{ name=System types=ROUTE_TYPE_LIVE_AUDIO ROUTE_TYPE_LIVE_VIDEO  groupable=false }, supportedTypes=ROUTE_TYPE_LIVE_AUDIO ROUTE_TYPE_LIVE_VIDEO , presentationDisplay=null }
12-26 12:23:16.309   502   502 I OMX-VENC: Video encode perflock released
12-26 12:23:16.310   502  4599 I OMXMaster: makeComponentInstance(OMX.google.vp8.encoder) in android.hardwar process
12-26 12:23:16.331   873   873 D BluetoothManagerService: Trying to bind to profile: 1, while Bluetooth was disabled
12-26 12:23:16.334   873  4843 I Telecom : BluetoothRouteManager: getBluetoothAudioConnectedDevice: no headset service available.
12-26 12:23:16.336  4530  4530 V MediaRouter: Selecting route: RouteInfo{ name=Phone, description=null, status=null, category=RouteCategory{ name=System types=ROUTE_TYPE_LIVE_AUDIO ROUTE_TYPE_LIVE_VIDEO  groupable=false }, supportedTypes=ROUTE_TYPE_LIVE_AUDIO ROUTE_TYPE_LIVE_VIDEO , presentationDisplay=null }
12-26 12:23:16.343   873   873 I Telecom : SystemStateProvider: Registering car mode receiver: android.content.IntentFilter@12a5dc4: TS.init@AAA
12-26 12:23:16.349   873  4844 I Telecom : Logging.Events: Non-call EVENT: AUDIO_ROUTE, Entering state QuiescentEarpieceRoute
12-26 12:23:16.364   873  4846 I Telecom : CallAudioModeStateMachine: Message received: null.: TS.init->CAMSM.pM_1@AAA
12-26 12:23:16.364  4653  4653 I com.android.phone: Looking for service android.hardware.radio@1.0::IRadio/slot1
12-26 12:23:16.366  4653  4653 I com.android.phone: Starting thread pool.
12-26 12:23:16.369   873   873 I Telecom : MissedCallNotifierImpl: Boot not yet complete -- call log db may not be available. Deferring loading until boot complete.: TS.init@AAA
12-26 12:23:16.371   499   499 W OMXUtils: do not know color format 0x7f000789 = 2130708361
12-26 12:23:16.372   502  4599 E OMXNodeInstance: getConfig(0xea1075a0:google.vp8.encoder, ConfigAndroidIntraRefresh(0x6f60000a)) ERROR: Undefined(0x80001001)
12-26 12:23:16.373   502  4599 I OMXMaster: makeComponentInstance(OMX.google.vp9.encoder) in android.hardwar process
12-26 12:23:16.376   873   873 D BluetoothManagerService: Trying to bind to profile: 1, while Bluetooth was disabled
12-26 12:23:16.379   499   499 W OMXUtils: do not know color format 0x7f000789 = 2130708361
12-26 12:23:16.379   502  4599 E OMXNodeInstance: getConfig(0xea522d20:google.vp9.encoder, ConfigAndroidIntraRefresh(0x6f60000a)) ERROR: Undefined(0x80001001)
12-26 12:23:16.379   873   873 I Telecom : Class: TelecomSystem.INSTANCE being set
12-26 12:23:16.380   873   873 W ContextImpl: Calling a method in the system process without a qualified user: android.app.ContextImpl.startService:1476 android.content.ContextWrapper.startService:650 com.android.server.telecom.components.TelecomService.initializeTelecomSystem:180 com.android.server.telecom.components.TelecomService.onBind:64 android.app.ActivityThread.handleBindService:3366 
12-26 12:23:16.383   873   873 W ContextImpl: Calling a method in the system process without a qualified user: android.app.ContextImpl.startService:1476 com.android.server.content.SyncManager$13.run:722 android.os.Handler.handleCallback:790 android.os.Handler.dispatchMessage:99 android.os.Looper.loop:164 
12-26 12:23:16.386   502  4593 I OMXMaster: makeComponentInstance(OMX.google.vorbis.decoder) in android.hardwar process
12-26 12:23:16.386   494   512 D installd: Found storage mount /data/media at /mnt/runtime/default/emulated
12-26 12:23:16.388   502   534 E OMXNodeInstance: getConfig(0xea522d20:google.vorbis.decoder, ConfigAndroidVendorExtension(0x6f100004)) ERROR: Undefined(0x80001001)
12-26 12:23:16.382   873   873 W system_server: type=1400 audit(0.0:212): avc: granted { execute } for path="/data/dalvik-cache/arm64/system@framework@com.android.location.provider.jar@classes.dex" dev="mmcblk0p50" ino=1013840 scontext=u:r:system_server:s0 tcontext=u:object_r:dalvikcache_data_file:s0 tclass=file
12-26 12:23:16.390   873   873 W zygote64: ClassLoaderContext classpath size mismatch for position 0. expected=3, found=0 (PCL[services.jar*2979089102:ethernet-service.jar*1898347024:wifi-service.jar*2485829114] | PCL[])
12-26 12:23:16.405  4653  4653 I com.android.phone: Looking for service android.hardware.radio.deprecated@1.0::IOemHook/slot1
12-26 12:23:16.410  4653  4653 I com.android.phone: Starting thread pool.
12-26 12:23:16.427   498   498 D MediaAnalyticsService: MediaAnalyticsService::newSummarizerSet
12-26 12:23:16.428   873   873 D GpsNetInitiatedHandler: location enabled :true
12-26 12:23:16.428   873   873 V WiredAccessoryManager: notifyWiredAccessoryChanged: when=0 bits= mask=54
12-26 12:23:16.428   873   873 V WiredAccessoryManager: newName=h2w newState=0 headsetState=0 prev headsetState=0
12-26 12:23:16.428   873   873 E WiredAccessoryManager: No state change.
12-26 12:23:16.428   873   873 V WiredAccessoryManager: init()
12-26 12:23:16.428   873  4544 V NuMediaExtractor: setDataSource fd=180 (/system/media/audio/ui/KeypressStandard.ogg), offset=0, length=7780
12-26 12:23:16.437   873  4544 V NuMediaExtractor: track of type 'audio/vorbis' does not publish bitrate
12-26 12:23:16.443   502  4593 I OMXMaster: makeComponentInstance(OMX.google.vorbis.decoder) in android.hardwar process
12-26 12:23:16.446   873   873 V NotificationListeners: enabling notification listener for 0: ComponentInfo{com.android.launcher3/com.android.launcher3.notification.NotificationListener}
