12-19 21:14:52.810  2856  2870 E AppIdleHistory: Unable to read app idle file for user 0
12-19 21:14:52.931  2856  2898 E PersistentDataBlockService: not able to find package com.google.android.gms
12-19 21:14:52.931  2856  2898 E PersistentDataBlockService: android.content.pm.PackageManager$NameNotFoundException: com.google.android.gms
12-19 21:14:52.931  2856  2898 E PersistentDataBlockService: 	at android.app.ApplicationPackageManager.getPackageUidAsUser(ApplicationPackageManager.java:277)
12-19 21:14:52.931  2856  2898 E PersistentDataBlockService: 	at com.android.server.PersistentDataBlockService.getAllowedUid(PersistentDataBlockService.java:106)
12-19 21:14:52.931  2856  2898 E PersistentDataBlockService: 	at com.android.server.PersistentDataBlockService.lambda$-com_android_server_PersistentDataBlockService_4652(PersistentDataBlockService.java:119)
12-19 21:14:52.931  2856  2898 E PersistentDataBlockService: 	at com.android.server.-$Lambda$Vs1k-33pKk0_ZNh1UtgE1Q9ZrgU.$m$0(Unknown Source:4)
12-19 21:14:52.931  2856  2898 E PersistentDataBlockService: 	at com.android.server.-$Lambda$Vs1k-33pKk0_ZNh1UtgE1Q9ZrgU.run(Unknown Source:0)
12-19 21:14:52.931  2856  2898 E PersistentDataBlockService: 	at com.android.server.SystemServerInitThreadPool.lambda$-com_android_server_SystemServerInitThreadPool_2249(SystemServerInitThreadPool.java:64)
12-19 21:14:52.931  2856  2898 E PersistentDataBlockService: 	at com.android.server.-$Lambda$HTEfptnAsu3OjkqY28AzP7WiEyA.$m$0(Unknown Source:8)
12-19 21:14:52.931  2856  2898 E PersistentDataBlockService: 	at com.android.server.-$Lambda$HTEfptnAsu3OjkqY28AzP7WiEyA.run(Unknown Source:0)
12-19 21:14:52.931  2856  2898 E PersistentDataBlockService: 	at java.util.concurrent.Executors$RunnableAdapter.call(Executors.java:457)
12-19 21:14:52.931  2856  2898 E PersistentDataBlockService: 	at java.util.concurrent.FutureTask.run(FutureTask.java:266)
12-19 21:14:52.931  2856  2898 E PersistentDataBlockService: 	at java.util.concurrent.ThreadPoolExecutor.runWorker(ThreadPoolExecutor.java:1162)
12-19 21:14:52.931  2856  2898 E PersistentDataBlockService: 	at java.util.concurrent.ThreadPoolExecutor$Worker.run(ThreadPoolExecutor.java:636)
12-19 21:14:52.931  2856  2898 E PersistentDataBlockService: 	at com.android.internal.util.ConcurrentUtils$1$1.run(ConcurrentUtils.java:59)
12-19 21:14:53.069  2856  2941 E HalDeviceManager: isSupported: called but mServiceManager is null!?
12-19 21:14:53.077  2856  2856 E SupplicantStaIfaceHal: Can't call setDebugParams, ISupplicant is null
12-19 21:14:53.093  2856  2856 E IpConfigStore: Error opening configuration file: java.io.FileNotFoundException: /data/misc/ethernet/ipconfig.txt (No such file or directory)
12-19 21:14:53.104  2856  2856 E ConnectivityService: Ignoring protectedNetwork 15
12-19 21:14:53.261  1289  1289 E android.hardware.usb@1.0-service: Failed to open /sys/class/dual_role_usb
12-19 21:14:53.267  2856  2856 E HardwarePropertiesManagerService-JNI: Unable to get Thermal service.
12-19 21:14:53.305  2856  2856 E ContextHubService: Could not load context hub hal
12-19 21:14:53.430  2856  2856 E LockSettingsStorage: Cannot read file java.io.FileNotFoundException: /data/system/gatekeeper.password.key: open failed: ENOENT (No such file or directory)
12-19 21:14:53.431  2856  2856 E LockSettingsStorage: Cannot read file java.io.FileNotFoundException: /data/system/password.key: open failed: ENOENT (No such file or directory)
12-19 21:14:53.431  2856  2856 E LockSettingsStorage: Cannot read file java.io.FileNotFoundException: /data/system/gatekeeper.pattern.key: open failed: ENOENT (No such file or directory)
12-19 21:14:53.432  2856  2856 E LockSettingsStorage: Cannot read file java.io.FileNotFoundException: /data/system/gatekeeper.gesture.key: open failed: ENOENT (No such file or directory)
12-19 21:14:53.433  2856  2856 E LockSettingsStorage: Cannot read file java.io.FileNotFoundException: /data/system/gesture.key: open failed: ENOENT (No such file or directory)
12-19 21:14:53.710  2856  2856 E BitmapFactory: Unable to decode stream: java.io.FileNotFoundException: /data/system/users/0/wallpaper_orig (No such file or directory)
12-19 21:14:53.710  2856  2856 E WallpaperManagerService: Unable to apply new wallpaper
12-19 21:14:53.771  1289  1289 E android.hardware.usb@1.0-service: Failed to open /sys/class/dual_role_usb
12-19 21:14:53.771  2856  2930 E UsbPortManager: port status enquiry failed
12-19 21:14:53.835  2856  2941 E HalDeviceManager: Should have at least 1 chip!
12-19 21:14:53.835  2856  2941 E HalDeviceManager: getSupportedIfaceTypesInternal: no chip info found
12-19 21:14:53.839  2856  2876 E BatteryStatsService: no controller energy info supplied
12-19 21:14:53.839  2856  2876 E BatteryStatsService: no controller energy info supplied
12-19 21:14:53.851  2980  2980 E JniUtils: Could not load native library jni_latinimegoogle
12-19 21:14:53.851  2980  2980 E JniUtils: java.lang.UnsatisfiedLinkError: dalvik.system.PathClassLoader[DexPathList[[zip file "/system/app/LatinIME/LatinIME.apk"],nativeLibraryDirectories=[/system/app/LatinIME/lib/arm64, /system/fake-libs64, /system/app/LatinIME/LatinIME.apk!/lib/arm64-v8a, /system/lib64, /system/vendor/lib64, /system/lib64, /system/vendor/lib64]]] couldn't find "libjni_latinimegoogle.so"
12-19 21:14:53.851  2980  2980 E JniUtils: 	at java.lang.Runtime.loadLibrary0(Runtime.java:1011)
12-19 21:14:53.851  2980  2980 E JniUtils: 	at java.lang.System.loadLibrary(System.java:1657)
12-19 21:14:53.851  2980  2980 E JniUtils: 	at com.android.inputmethod.latin.utils.JniUtils.<clinit>(JniUtils.java:29)
12-19 21:14:53.851  2980  2980 E JniUtils: 	at com.android.inputmethod.latin.utils.JniUtils.loadNativeLibrary(JniUtils.java:47)
12-19 21:14:53.851  2980  2980 E JniUtils: 	at com.android.inputmethod.latin.LatinIME.<clinit>(LatinIME.java:546)
12-19 21:14:53.851  2980  2980 E JniUtils: 	at java.lang.Class.newInstance(Native Method)
12-19 21:14:53.851  2980  2980 E JniUtils: 	at android.app.ActivityThread.handleCreateService(ActivityThread.java:3386)
12-19 21:14:53.851  2980  2980 E JniUtils: 	at android.app.ActivityThread.-wrap4(Unknown Source:0)
12-19 21:14:53.851  2980  2980 E JniUtils: 	at android.app.ActivityThread$H.handleMessage(ActivityThread.java:1683)
12-19 21:14:53.851  2980  2980 E JniUtils: 	at android.os.Handler.dispatchMessage(Handler.java:105)
12-19 21:14:53.851  2980  2980 E JniUtils: 	at android.os.Looper.loop(Looper.java:164)
12-19 21:14:53.851  2980  2980 E JniUtils: 	at android.app.ActivityThread.main(ActivityThread.java:6541)
12-19 21:14:53.851  2980  2980 E JniUtils: 	at java.lang.reflect.Method.invoke(Native Method)
12-19 21:14:53.851  2980  2980 E JniUtils: 	at com.android.internal.os.Zygote$MethodAndArgsCaller.run(Zygote.java:240)
12-19 21:14:53.851  2980  2980 E JniUtils: 	at com.android.internal.os.ZygoteInit.main(ZygoteInit.java:767)
12-19 21:14:53.978  2856  2856 E LocSvc_eng: I/===> loc_eng_read_config line 2986 
12-19 21:14:53.981  2856  2856 E GnssHAL_GnssInterface: getExtensionAGnssRil GnssRil interface not implemented by GNSS HAL
12-19 21:14:53.981  2856  2856 E GnssHAL_GnssInterface: getExtensionGnssNavigationMessage GnssNavigationMessage interface not implemented by GNSS HAL
12-19 21:14:53.981  2856  2856 E GnssHAL_GnssInterface: getExtensionGnssDebug: GnssDebug interface is not implemented by HAL
12-19 21:14:53.986  1023  2436 E OMX-VENC: Setting session priority failed
12-19 21:14:53.991  2856  2856 E GnssHAL_GnssInterface: getExtensionGnssGeofencing GnssGeofencing interface not implemented by GNSS HAL
12-19 21:14:54.000  2856  2856 E HAL     : load: module=/vendor/lib64/hw/flp.default.so
12-19 21:14:54.000  2856  2856 E HAL     : dlopen failed: cannot locate symbol "get_process_name" referenced by "/system/vendor/lib64/libizat_core.so"...
12-19 21:14:54.000  2856  2856 E GnssHAL_GnssInterface: gnss flp hw_get_module failed: -22
12-19 21:14:54.000  2856  2856 E GnssHAL_GnssInterface: getExtensionGnssBatching: GnssBatching interface is not implemented by HAL
12-19 21:14:54.002   990  1074 E ThermalEngine: ACTION: CLUSTER - Setting CLUSTER[1] to 1689600
12-19 21:14:54.003  1023  1023 E OMX-VENC: Setting session priority failed
12-19 21:14:54.006  1023  1023 E OMX-VENC: get_parameter: OMX_IndexParamVideoProfileLevelQuerySupported nProfileIndex ret NoMore 2
12-19 21:14:54.015  1023  1023 E OMX-VENC: Setting session priority failed
12-19 21:14:54.017  1023  2436 E OMX-VENC: get_parameter: OMX_IndexParamVideoProfileLevelQuerySupported nProfileIndex ret NoMore 1
12-19 21:14:54.021  2856  2856 E LocSvc_ApiV02: E/static loc_core::LocApiBase *LocApiV02::createLocApiV02(const MsgTask *, LOC_API_ADAPTER_EVENT_MASK_T, loc_core::ContextBase *):217]: msgTask can not be NULL
12-19 21:14:54.022  2856  2856 E GnssLocationProvider: Unable to initialize GNSS Geofencing interface
12-19 21:14:54.025  1023  2436 E OMX-VENC: Setting session priority failed
12-19 21:14:54.027  2856  2856 E LocationManagerService: no geocoder provider found
12-19 21:14:54.030  2856  2856 E ActivityRecognitionHardware: activity_recognition HAL is deprecated. is_supported is effectively a no-op
12-19 21:14:54.031  2856  2856 E ActivityRecognitionProxy: ServiceWatcher could not start.
12-19 21:14:54.032   990  1074 E ThermalEngine: ACTION: CLUSTER - Setting CLUSTER[1] to 1824000
12-19 21:14:54.035  2856  2870 E GnssLocationProvider: Unable to initialize GNSS Geofencing interface
12-19 21:14:54.036  2856  2870 E GnssLocationProvider: Failed to initialize GNSS batching
12-19 21:14:54.049  1023  2188 E OMX-VDEC-1080P: Extension: OMX.google.android.index.storeANWBufferInMetadata not implemented
12-19 21:14:54.049  1023  2188 E OMX-VDEC-1080P: Extension: OMX.google.android.index.configureVideoTunnelMode not implemented
12-19 21:14:54.049  1023  2188 E OMX-VDEC-1080P: Extension: OMX.google.android.index.useAndroidNativeBuffer is supported
12-19 21:14:54.050  1023  2438 E OMXNodeInstance: getParameter(0xec355d04:qcom.decoder.avc, ??(0x7f000044)) ERROR: UnsupportedSetting(0x80001019)
12-19 21:14:54.054  1023  2436 E OMXNodeInstance: getParameter(0xec355d04:qcom.decoder.avc, ??(0x7f000044)) ERROR: UnsupportedSetting(0x80001019)
12-19 21:14:54.055  1023  2436 E OMX-VDEC-1080P: Extension: OMX.google.android.index.configureVideoTunnelMode not implemented
12-19 21:14:54.055  1023  2436 E OMXNodeInstance: getExtensionIndex(0xec355d04:qcom.decoder.avc, OMX.google.android.index.configureVideoTunnelMode) ERROR: NotImplemented(0x80001006)
12-19 21:14:54.055  1023  1023 E OMX-VDEC-1080P: Extension: OMX.google.android.index.storeANWBufferInMetadata not implemented
12-19 21:14:54.070  1023  2188 E OMX-VDEC-1080P: Extension: OMX.google.android.index.storeANWBufferInMetadata not implemented
12-19 21:14:54.070  1023  2188 E OMX-VDEC-1080P: Extension: OMX.google.android.index.configureVideoTunnelMode not implemented
12-19 21:14:54.070  1023  2188 E OMX-VDEC-1080P: Extension: OMX.google.android.index.useAndroidNativeBuffer is supported
12-19 21:14:54.070  1023  2438 E OMXNodeInstance: getParameter(0xec362084:qcom.decoder.avc.secure, ??(0x7f000044)) ERROR: UnsupportedSetting(0x80001019)
12-19 21:14:54.071  1023  2436 E OMXNodeInstance: getParameter(0xec362084:qcom.decoder.avc.secure, ??(0x7f000044)) ERROR: UnsupportedSetting(0x80001019)
12-19 21:14:54.073  1023  2436 E OMX-VDEC-1080P: Extension: OMX.google.android.index.configureVideoTunnelMode not implemented
12-19 21:14:54.073  1023  2436 E OMXNodeInstance: getExtensionIndex(0xec362084:qcom.decoder.avc.secure, OMX.google.android.index.configureVideoTunnelMode) ERROR: NotImplemented(0x80001006)
12-19 21:14:54.074  1023  1023 E OMX-VDEC-1080P: Extension: OMX.google.android.index.storeANWBufferInMetadata not implemented
12-19 21:14:54.077   990  1074 E ThermalEngine: ACTION: CLUSTER - Setting CLUSTER[1] to 1689600
12-19 21:14:54.085  1023  1276 E OMX-VDEC-1080P: Extension: OMX.google.android.index.storeANWBufferInMetadata not implemented
12-19 21:14:54.085  1023  1276 E OMX-VDEC-1080P: Extension: OMX.google.android.index.configureVideoTunnelMode not implemented
12-19 21:14:54.085  1023  1276 E OMX-VDEC-1080P: Extension: OMX.google.android.index.useAndroidNativeBuffer is supported
12-19 21:14:54.085  1023  1023 E OMXNodeInstance: getParameter(0xec36fc04:qcom.decoder.mpeg4, ??(0x7f000044)) ERROR: UnsupportedSetting(0x80001019)
12-19 21:14:54.086  1023  2188 E OMXNodeInstance: getParameter(0xec36fc04:qcom.decoder.mpeg4, ??(0x7f000044)) ERROR: UnsupportedSetting(0x80001019)
12-19 21:14:54.086  1023  2188 E OMX-VDEC-1080P: Extension: OMX.google.android.index.configureVideoTunnelMode not implemented
12-19 21:14:54.086  1023  2188 E OMXNodeInstance: getExtensionIndex(0xec36fc04:qcom.decoder.mpeg4, OMX.google.android.index.configureVideoTunnelMode) ERROR: NotImplemented(0x80001006)
12-19 21:14:54.086  1023  2436 E OMX-VDEC-1080P: Extension: OMX.google.android.index.storeANWBufferInMetadata not implemented
12-19 21:14:54.102  1023  2438 E OMX-VDEC-1080P: Extension: OMX.google.android.index.storeANWBufferInMetadata not implemented
12-19 21:14:54.103  1023  2438 E OMX-VDEC-1080P: Extension: OMX.google.android.index.configureVideoTunnelMode not implemented
12-19 21:14:54.103  1023  2438 E OMX-VDEC-1080P: Extension: OMX.google.android.index.useAndroidNativeBuffer is supported
12-19 21:14:54.103  1023  2436 E OMXNodeInstance: getParameter(0xed917cc4:qcom.decoder.mpeg2, ??(0x7f000044)) ERROR: UnsupportedSetting(0x80001019)
12-19 21:14:54.104  1023  1276 E OMXNodeInstance: getParameter(0xed917cc4:qcom.decoder.mpeg2, ??(0x7f000044)) ERROR: UnsupportedSetting(0x80001019)
12-19 21:14:54.104  1023  1276 E OMX-VDEC-1080P: Extension: OMX.google.android.index.configureVideoTunnelMode not implemented
12-19 21:14:54.104  1023  1276 E OMXNodeInstance: getExtensionIndex(0xed917cc4:qcom.decoder.mpeg2, OMX.google.android.index.configureVideoTunnelMode) ERROR: NotImplemented(0x80001006)
12-19 21:14:54.105  1023  2188 E OMX-VDEC-1080P: Extension: OMX.google.android.index.storeANWBufferInMetadata not implemented
12-19 21:14:54.108   990  1074 E ThermalEngine: ACTION: CLUSTER - Setting CLUSTER[1] to 1632000
12-19 21:14:54.122  1023  1023 E OMX-VDEC-1080P: Extension: OMX.google.android.index.storeANWBufferInMetadata not implemented
12-19 21:14:54.122  1023  1023 E OMX-VDEC-1080P: Extension: OMX.google.android.index.configureVideoTunnelMode not implemented
12-19 21:14:54.122  1023  1023 E OMX-VDEC-1080P: Extension: OMX.google.android.index.useAndroidNativeBuffer is supported
12-19 21:14:54.124   990  1074 E ThermalEngine: ACTION: CLUSTER - Setting CLUSTER[1] to 1536000
12-19 21:14:54.125  1023  2188 E OMXNodeInstance: getParameter(0xed965604:qcom.decoder.mpeg2.secure, ??(0x7f000044)) ERROR: UnsupportedSetting(0x80001019)
12-19 21:14:54.126  1023  2438 E OMXNodeInstance: getParameter(0xed965604:qcom.decoder.mpeg2.secure, ??(0x7f000044)) ERROR: UnsupportedSetting(0x80001019)
12-19 21:14:54.129  1023  2438 E OMX-VDEC-1080P: Extension: OMX.google.android.index.configureVideoTunnelMode not implemented
12-19 21:14:54.129  1023  2438 E OMXNodeInstance: getExtensionIndex(0xed965604:qcom.decoder.mpeg2.secure, OMX.google.android.index.configureVideoTunnelMode) ERROR: NotImplemented(0x80001006)
12-19 21:14:54.130  1023  1276 E OMX-VDEC-1080P: Extension: OMX.google.android.index.storeANWBufferInMetadata not implemented
12-19 21:14:54.150  1023  2188 E OMX-VDEC-1080P: Extension: OMX.google.android.index.storeANWBufferInMetadata not implemented
12-19 21:14:54.150  1023  2188 E OMX-VDEC-1080P: Extension: OMX.google.android.index.configureVideoTunnelMode not implemented
12-19 21:14:54.150  1023  2188 E OMX-VDEC-1080P: Extension: OMX.google.android.index.useAndroidNativeBuffer is supported
12-19 21:14:54.151  1023  2438 E OMXNodeInstance: getParameter(0xec362084:qcom.decoder.h263, ??(0x7f000044)) ERROR: UnsupportedSetting(0x80001019)
12-19 21:14:54.152  1023  2436 E OMXNodeInstance: getParameter(0xec362084:qcom.decoder.h263, ??(0x7f000044)) ERROR: UnsupportedSetting(0x80001019)
12-19 21:14:54.153  1023  2436 E OMX-VDEC-1080P: Extension: OMX.google.android.index.configureVideoTunnelMode not implemented
12-19 21:14:54.153  1023  2436 E OMXNodeInstance: getExtensionIndex(0xec362084:qcom.decoder.h263, OMX.google.android.index.configureVideoTunnelMode) ERROR: NotImplemented(0x80001006)
12-19 21:14:54.153  1023  1023 E OMX-VDEC-1080P: Extension: OMX.google.android.index.storeANWBufferInMetadata not implemented
12-19 21:14:54.155   990  1074 E ThermalEngine: ACTION: CLUSTER - Setting CLUSTER[1] to 1632000
12-19 21:14:54.176  1023  1023 E OMX-VDEC-1080P: Extension: OMX.google.android.index.storeANWBufferInMetadata not implemented
12-19 21:14:54.176  1023  1023 E OMX-VDEC-1080P: Extension: OMX.google.android.index.configureVideoTunnelMode not implemented
12-19 21:14:54.176  1023  1023 E OMX-VDEC-1080P: Extension: OMX.google.android.index.useAndroidNativeBuffer is supported
12-19 21:14:54.177  1023  2188 E OMXNodeInstance: getParameter(0xed917cc4:qcom.decoder.vp8, ??(0x7f000044)) ERROR: UnsupportedSetting(0x80001019)
12-19 21:14:54.177  1023  2438 E OMXNodeInstance: getParameter(0xed917cc4:qcom.decoder.vp8, ??(0x7f000044)) ERROR: UnsupportedSetting(0x80001019)
12-19 21:14:54.178  1023  2438 E OMX-VDEC-1080P: Extension: OMX.google.android.index.configureVideoTunnelMode not implemented
12-19 21:14:54.178  1023  2438 E OMXNodeInstance: getExtensionIndex(0xed917cc4:qcom.decoder.vp8, OMX.google.android.index.configureVideoTunnelMode) ERROR: NotImplemented(0x80001006)
12-19 21:14:54.178  1023  1276 E OMX-VDEC-1080P: Extension: OMX.google.android.index.storeANWBufferInMetadata not implemented
12-19 21:14:54.182   990  1074 E ThermalEngine: ACTION: CLUSTER - Setting CLUSTER[1] to 1689600
12-19 21:14:54.191  1023  2188 E OMX-VDEC-1080P: Extension: OMX.google.android.index.storeANWBufferInMetadata not implemented
12-19 21:14:54.191  1023  2188 E OMX-VDEC-1080P: Extension: OMX.google.android.index.configureVideoTunnelMode not implemented
12-19 21:14:54.191  1023  2188 E OMX-VDEC-1080P: Extension: OMX.google.android.index.useAndroidNativeBuffer is supported
12-19 21:14:54.192  1023  2438 E OMXNodeInstance: getParameter(0xec362084:qcom.decoder.hevc, ??(0x7f000044)) ERROR: UnsupportedSetting(0x80001019)
12-19 21:14:54.193  1023  2436 E OMXNodeInstance: getParameter(0xec362084:qcom.decoder.hevc, ??(0x7f000044)) ERROR: UnsupportedSetting(0x80001019)
12-19 21:14:54.194  1023  2436 E OMX-VDEC-1080P: Extension: OMX.google.android.index.configureVideoTunnelMode not implemented
12-19 21:14:54.194  1023  2436 E OMXNodeInstance: getExtensionIndex(0xec362084:qcom.decoder.hevc, OMX.google.android.index.configureVideoTunnelMode) ERROR: NotImplemented(0x80001006)
12-19 21:14:54.194  1023  1023 E OMX-VDEC-1080P: Extension: OMX.google.android.index.storeANWBufferInMetadata not implemented
12-19 21:14:54.207  1023  2438 E OMX-VDEC-1080P: Extension: OMX.google.android.index.storeANWBufferInMetadata not implemented
12-19 21:14:54.207  1023  2438 E OMX-VDEC-1080P: Extension: OMX.google.android.index.configureVideoTunnelMode not implemented
12-19 21:14:54.207  1023  2438 E OMX-VDEC-1080P: Extension: OMX.google.android.index.useAndroidNativeBuffer is supported
12-19 21:14:54.208  1023  2436 E OMXNodeInstance: getParameter(0xed783104:qcom.decoder.hevc.secure, ??(0x7f000044)) ERROR: UnsupportedSetting(0x80001019)
12-19 21:14:54.209  1023  1276 E OMXNodeInstance: getParameter(0xed783104:qcom.decoder.hevc.secure, ??(0x7f000044)) ERROR: UnsupportedSetting(0x80001019)
12-19 21:14:54.210  1023  1276 E OMX-VDEC-1080P: Extension: OMX.google.android.index.configureVideoTunnelMode not implemented
12-19 21:14:54.210  1023  1276 E OMXNodeInstance: getExtensionIndex(0xed783104:qcom.decoder.hevc.secure, OMX.google.android.index.configureVideoTunnelMode) ERROR: NotImplemented(0x80001006)
12-19 21:14:54.210  1023  2188 E OMX-VDEC-1080P: Extension: OMX.google.android.index.storeANWBufferInMetadata not implemented
12-19 21:14:54.213   990  1074 E ThermalEngine: ACTION: CLUSTER - Setting CLUSTER[1] to 1632000
12-19 21:14:54.220  1023  1276 E OMX     : FAILED to allocate omx component 'OMX.qti.audio.decoder.flac' err=??(0x80001002)
12-19 21:14:54.226  1023  1276 E OMXNodeInstance: getExtensionIndex(0xedc8c180:google.mpeg4.decoder, OMX.google.android.index.configureVideoTunnelMode) ERROR: UnsupportedIndex(0x8000101a)
12-19 21:14:54.226  1023  2188 E OMXNodeInstance: getExtensionIndex(0xedc8c180:google.mpeg4.decoder, OMX.google.android.index.enableAndroidNativeBuffers) ERROR: UnsupportedIndex(0x8000101a)
12-19 21:14:54.235  1023  2436 E OMXNodeInstance: getExtensionIndex(0xedc8c060:google.h263.decoder, OMX.google.android.index.configureVideoTunnelMode) ERROR: UnsupportedIndex(0x8000101a)
12-19 21:14:54.235  1023  1023 E OMXNodeInstance: getExtensionIndex(0xedc8c060:google.h263.decoder, OMX.google.android.index.enableAndroidNativeBuffers) ERROR: UnsupportedIndex(0x8000101a)
12-19 21:14:54.243   990  1074 E ThermalEngine: ACTION: CLUSTER - Setting CLUSTER[1] to 1536000
12-19 21:14:54.244  1023  2438 E OMXNodeInstance: getExtensionIndex(0xedc8c180:google.h264.decoder, OMX.google.android.index.configureVideoTunnelMode) ERROR: UnsupportedIndex(0x8000101a)
12-19 21:14:54.244  1023  1276 E OMXNodeInstance: getExtensionIndex(0xedc8c180:google.h264.decoder, OMX.google.android.index.enableAndroidNativeBuffers) ERROR: UnsupportedIndex(0x8000101a)
12-19 21:14:54.255  2856  2856 E WiredAccessoryManager: No state change.
12-19 21:14:54.257  1023  2188 E OMXNodeInstance: getExtensionIndex(0xedc8c060:google.hevc.decoder, OMX.google.android.index.configureVideoTunnelMode) ERROR: UnsupportedIndex(0x8000101a)
12-19 21:14:54.258  1023  1023 E OMXNodeInstance: getExtensionIndex(0xedc8c060:google.hevc.decoder, OMX.google.android.index.enableAndroidNativeBuffers) ERROR: UnsupportedIndex(0x8000101a)
12-19 21:14:54.272  1023  2436 E OMXNodeInstance: getExtensionIndex(0xedc8c1e0:google.vp8.decoder, OMX.google.android.index.configureVideoTunnelMode) ERROR: UnsupportedIndex(0x8000101a)
12-19 21:14:54.273  1023  2188 E OMXNodeInstance: getExtensionIndex(0xedc8c1e0:google.vp8.decoder, OMX.google.android.index.enableAndroidNativeBuffers) ERROR: UnsupportedIndex(0x8000101a)
12-19 21:14:54.273   990  1074 E ThermalEngine: ACTION: CLUSTER - Setting CLUSTER[1] to 1440000
12-19 21:14:54.280  1023  2436 E OMXNodeInstance: getExtensionIndex(0xee022ea0:google.vp9.decoder, OMX.google.android.index.configureVideoTunnelMode) ERROR: UnsupportedIndex(0x8000101a)
12-19 21:14:54.280  1023  2188 E OMXNodeInstance: getExtensionIndex(0xee022ea0:google.vp9.decoder, OMX.google.android.index.enableAndroidNativeBuffers) ERROR: UnsupportedIndex(0x8000101a)
12-19 21:14:54.293  1023  2188 E OMXNodeInstance: getConfig(0xedc8c000:google.h263.encoder, ConfigAndroidIntraRefresh(0x6f60000a)) ERROR: Undefined(0x80001001)
12-19 21:14:54.304   990  1074 E ThermalEngine: ACTION: CLUSTER - Setting CLUSTER[1] to 1344000
12-19 21:14:54.315  1023  1276 E OMXNodeInstance: getConfig(0xedc8c060:google.mpeg4.encoder, ConfigAndroidIntraRefresh(0x6f60000a)) ERROR: Undefined(0x80001001)
12-19 21:14:54.325  1023  2188 E OMXNodeInstance: getConfig(0xee022ea0:google.vp8.encoder, ConfigAndroidIntraRefresh(0x6f60000a)) ERROR: Undefined(0x80001001)
12-19 21:14:54.333  1023  2436 E OMXNodeInstance: getConfig(0xedc8c060:google.vp9.encoder, ConfigAndroidIntraRefresh(0x6f60000a)) ERROR: Undefined(0x80001001)
12-19 21:14:54.334   990  1074 E ThermalEngine: ACTION: CLUSTER - Setting CLUSTER[1] to 1248000
12-19 21:14:54.360  1023  1023 E OMXNodeInstance: getConfig(0xedc8c600:google.vorbis.decoder, ConfigAndroidVendorExtension(0x6f100004)) ERROR: Undefined(0x80001001)
12-19 21:14:54.360  1023  2188 E OMXNodeInstance: getConfig(0xedc8c060:google.vorbis.decoder, ConfigAndroidVendorExtension(0x6f100004)) ERROR: Undefined(0x80001001)
12-19 21:14:54.364   990  1074 E ThermalEngine: ACTION: CLUSTER - Setting CLUSTER[1] to 960000
12-19 21:14:54.439  1023  2436 E OMXNodeInstance: getConfig(0xedc8c060:google.vorbis.decoder, ConfigAndroidVendorExtension(0x6f100004)) ERROR: Undefined(0x80001001)
12-19 21:14:54.464  1023  1276 E OMXNodeInstance: getConfig(0xedc8c300:google.vorbis.decoder, ConfigAndroidVendorExtension(0x6f100004)) ERROR: Undefined(0x80001001)
12-19 21:14:54.510   990  1070 E ThermalEngine: TM Id 'wlchg_monitor' Sensor 'xo_therm' - alarm raised 1 at 42.0 degC
12-19 21:14:54.526  1023  2438 E OMXNodeInstance: getConfig(0xedc8c000:google.vorbis.decoder, ConfigAndroidVendorExtension(0x6f100004)) ERROR: Undefined(0x80001001)
12-19 21:14:54.554  1023  2188 E OMXNodeInstance: getConfig(0xedc8c060:google.vorbis.decoder, ConfigAndroidVendorExtension(0x6f100004)) ERROR: Undefined(0x80001001)
12-19 21:14:54.585  1023  1023 E OMXNodeInstance: getConfig(0xedc8c180:google.vorbis.decoder, ConfigAndroidVendorExtension(0x6f100004)) ERROR: Undefined(0x80001001)
12-19 21:14:54.636   990  1074 E ThermalEngine: ACTION: CLUSTER - Setting CLUSTER[1] to 1248000
12-19 21:14:54.646  1023  2438 E OMXNodeInstance: getConfig(0xee023020:google.vorbis.decoder, ConfigAndroidVendorExtension(0x6f100004)) ERROR: Undefined(0x80001001)
12-19 21:14:54.667   990  1074 E ThermalEngine: ACTION: CLUSTER - Setting CLUSTER[1] to 1344000
12-19 21:14:54.675  3130  3130 E PhoneInterfaceManager: [PhoneIntfMgr] getIccId: No UICC
12-19 21:14:54.697   990  1074 E ThermalEngine: ACTION: CLUSTER - Setting CLUSTER[1] to 1440000
12-19 21:14:54.705  3130  3130 E PhoneInterfaceManager: [PhoneIntfMgr] getIccId: No UICC
12-19 21:14:54.728   990  1074 E ThermalEngine: ACTION: CLUSTER - Setting CLUSTER[1] to 1536000
12-19 21:14:54.730  1023  2438 E OMXNodeInstance: getConfig(0xee0232c0:google.vorbis.decoder, ConfigAndroidVendorExtension(0x6f100004)) ERROR: Undefined(0x80001001)
12-19 21:14:54.758   990  1074 E ThermalEngine: ACTION: CLUSTER - Setting CLUSTER[1] to 1632000
12-19 21:14:54.788   990  1074 E ThermalEngine: ACTION: CLUSTER - Setting CLUSTER[1] to 1689600
12-19 21:14:54.816   990  1074 E ThermalEngine: ACTION: CLUSTER - Setting CLUSTER[1] to 1824000
12-19 21:14:54.816   990  1074 E ThermalEngine: ACTION: CLUSTER - Setting CLUSTER[1] to 1689600
12-19 21:14:54.846   990  1074 E ThermalEngine: ACTION: CLUSTER - Setting CLUSTER[1] to 1824000
12-19 21:14:54.863   990  1074 E ThermalEngine: ACTION: CLUSTER - Setting CLUSTER[1] to 1689600
12-19 21:14:54.912   990  1074 E ThermalEngine: ACTION: CLUSTER - Setting CLUSTER[1] to 1632000
12-19 21:14:54.942   990  1074 E ThermalEngine: ACTION: CLUSTER - Setting CLUSTER[1] to 1536000
12-19 21:14:54.973   990  1074 E ThermalEngine: ACTION: CLUSTER - Setting CLUSTER[1] to 1440000
12-19 21:14:55.003   990  1074 E ThermalEngine: ACTION: CLUSTER - Setting CLUSTER[1] to 1344000
12-19 21:14:55.033   990  1074 E ThermalEngine: ACTION: CLUSTER - Setting CLUSTER[1] to 1248000
12-19 21:14:55.048  2965  3309 E bt_att  : gatt_profile_db_init:  gatt_if=1
12-19 21:14:55.064   990  1074 E ThermalEngine: ACTION: CLUSTER - Setting CLUSTER[1] to 960000
12-19 21:14:55.339  2965  3054 E bt_btif_storage: btif_storage_get_adapter_property: Controller ready!
12-19 21:14:55.386  2965  3054 E bt_btif : btif_hf_upstreams_evt: Invalid index 44649
12-19 21:14:55.410  2965  3054 E bt_btif : btif_sm_dispatch : Invalid handle
12-19 21:14:55.410  2965  3054 E bt_btif : btif_sm_dispatch : Invalid handle
12-19 21:14:55.475   990  1071 E ThermalEngine: [BMHB_GOV] read failed VS_TEMP
12-19 21:14:56.187  1023  2188 E OMXNodeInstance: setConfig(0xedc8c000:google.vorbis.decoder, ConfigPriority(0x6f800002)) ERROR: Undefined(0x80001001)
12-19 21:14:56.188  1023  1276 E OMXNodeInstance: getConfig(0xedc8c000:google.vorbis.decoder, ConfigAndroidVendorExtension(0x6f100004)) ERROR: Undefined(0x80001001)
12-19 21:14:56.910  3362  3362 E ANDR-PERF-MPCTL: Unable to create control service (stage=1, rc=0)
