01-07 03:59:35.863  2783  2801 I ContactLocale: AddressBook Labels [[en_US]]: [, A, B, C, D, E, F, G, H, I, J, K, L, M, N, O, P, Q, R, S, T, U, V, W, X, Y, Z, , , , , , , , , , , , , , , , , , , , , , , , , , , , , , , , , , , , , , , , , , , , , , , , , , , , , , , , , , , , , , , , , , , , , , , , , , , , , , , , , , , , , , , , , , , , , , , , , , , , , , , , , , , , , , , , , , , , , , , , , , , , , , , , , , , , , , , , , , , , , , , , , , , , , , , , , , , , , , , , , , , , , , , , , , , , , , , , , , , , , , , , , , , #, ]
01-07 03:59:35.898  2821  2821 D DefaultCarrierConfigService: Service created
01-07 03:59:35.901  2247  2247 D CarrierConfigLoader: Connected to config app: com.android.carrierconfig/com.android.carrierconfig.DefaultCarrierConfigService
01-07 03:59:35.901  2247  2247 D CarrierConfigLoader: mHandler: 3 phoneId: 0
01-07 03:59:35.902  2821  2834 D DefaultCarrierConfigService: Config being fetched
01-07 03:59:35.903  2821  2834 D DefaultCarrierConfigService: java.io.FileNotFoundException: carrier_config_.xml
01-07 03:59:35.904  2783  2801 D ContactsDatabaseHelper: WAL enabled for profile.db: true
01-07 03:59:35.905  2247  2247 E CarrierConfigLoader: Cannot save config with null packageName or iccid.
01-07 03:59:35.907  2247  2247 D CarrierConfigLoader: mHandler: 5 phoneId: 0
01-07 03:59:35.908  2247  2247 E PhoneInterfaceManager: [PhoneIntfMgr] getCarrierPackageNamesForIntent: No UICC
01-07 03:59:35.912  2247  2247 I ImsResolver: Received Carrier Config Changed for SubId: -2
01-07 03:59:35.918  1384  1384 I Telecom : PhoneAccountRegistrar: SimCallManager queried, returning: null: TSI.gSCMFU@ABE
01-07 03:59:35.921  2733  2738 I zygote64: Compiler allocated 4MB to compile android.database.Cursor com.android.providers.media.MediaProvider.query(android.net.Uri, java.lang.String[], java.lang.String, java.lang.String[], java.lang.String)
01-07 03:59:35.930  1384  1395 I ActivityManager: Start proc 2840:com.android.calendar/u0a35 for broadcast com.android.calendar/.alerts.AlertReceiver
01-07 03:59:35.980  2840  2840 D ExtensionsFactory: No custom extensions.
01-07 03:59:35.984  2840  2840 D AlertReceiver: onReceive: a=android.intent.action.BOOT_COMPLETED Intent { act=android.intent.action.BOOT_COMPLETED flg=0x9000010 cmp=com.android.calendar/.alerts.AlertReceiver (has extras) }
01-07 03:59:36.001  1384  2314 I ActivityManager: Start proc 2862:com.android.contacts/u0a12 for broadcast com.android.contacts/.interactions.OnBootOrUpgradeReceiver
01-07 03:59:36.003  2840  2860 D AlertService: 0 Action = android.intent.action.BOOT_COMPLETED
01-07 03:59:36.007  2840  2860 D AlertService: Scheduling next alarm with AlarmScheduler. sEventReminderReceived: null
01-07 03:59:36.020  1384  2120 I ActivityManager: Start proc 2877:com.android.providers.calendar/u0a2 for content provider com.android.providers.calendar/.CalendarProvider2
01-07 03:59:36.078  1384  2183 W Binder  : Outgoing transactions from this process must be FLAG_ONEWAY
01-07 03:59:36.078  1384  2183 W Binder  : java.lang.Throwable
01-07 03:59:36.078  1384  2183 W Binder  : 	at android.os.BinderProxy.transact(Binder.java:736)
01-07 03:59:36.078  1384  2183 W Binder  : 	at android.content.ContentProviderProxy.getType(ContentProviderNative.java:451)
01-07 03:59:36.078  1384  2183 W Binder  : 	at com.android.server.am.ActivityManagerService.getProviderMimeType(ActivityManagerService.java:12100)
01-07 03:59:36.078  1384  2183 W Binder  : 	at android.app.IActivityManager$Stub.onTransact(IActivityManager.java:1799)
01-07 03:59:36.078  1384  2183 W Binder  : 	at com.android.server.am.ActivityManagerService.onTransact(ActivityManagerService.java:2938)
01-07 03:59:36.078  1384  2183 W Binder  : 	at android.os.Binder.execTransact(Binder.java:674)
01-07 03:59:36.085  2544  2544 I AlarmClock: AlarmInitReceiver android.intent.action.BOOT_COMPLETED
01-07 03:59:36.094  2877  2877 I CalendarProvider2: Created com.android.providers.calendar.CalendarAlarmManager@b22c551(com.android.providers.calendar.CalendarProvider2@392e1b6)
01-07 03:59:36.098  2544  2647 I AlarmClock: Fixing alarm instances
01-07 03:59:36.110  2840  2860 D AlarmScheduler: No events found starting within 1 week.
01-07 03:59:36.110  2667  2667 I Dialer  : VoicemailModule.provideVoicemailClient - providing VoicemailClientImpl
01-07 03:59:36.125  1384  2183 I ActivityManager: Start proc 2898:com.android.email/u0a47 for broadcast com.android.email/.service.EmailBroadcastReceiver
01-07 03:59:36.215  1384  2314 W ActivityManager: Unable to start service Intent { act=com.android.email.EXCHANGE_INTENT pkg=com.android.exchange } U=0: not found
01-07 03:59:36.220  2898  2915 D ActivityThread: Loading provider com.android.email.provider;com.android.email.notifier: com.android.email.provider.EmailProvider
01-07 03:59:36.222  2898  2916 D ActivityThread: Loading provider com.android.email.provider;com.android.email.notifier: com.android.email.provider.EmailProvider
01-07 03:59:36.223  1384  2616 W ActivityManager: Unable to start service Intent { act=com.android.email.EXCHANGE_INTENT pkg=com.android.exchange } U=0: not found
01-07 03:59:36.224  1384  2120 W ActivityManager: Unable to start service Intent { act=com.android.email.EXCHANGE_INTENT pkg=com.android.exchange } U=0: not found
01-07 03:59:36.227  2898  2918 D ActivityThread: Loading provider com.android.email.provider;com.android.email.notifier: com.android.email.provider.EmailProvider
01-07 03:59:36.229  1224  1224 W auditd  : type=2 
01-07 03:59:36.231  1384  2616 W ActivityManager: Unable to start service Intent { act=com.android.email.EXCHANGE_INTENT pkg=com.android.exchange } U=0: not found
01-07 03:59:36.261  2088  2088 I SystemBroadcastReceiver: Boot has been completed
01-07 03:59:36.262  2088  2088 I SystemBroadcastReceiver: toggleAppIcon() : FLAG_SYSTEM = true
01-07 03:59:36.274  1384  1395 W ActivityManager: Unable to start service Intent { cmp=com.android.email/.service.AttachmentService } U=0: not found
01-07 03:59:36.300  1384  2120 I ActivityManager: Start proc 2924:com.android.managedprovisioning/u0a13 for broadcast com.android.managedprovisioning/.preprovisioning.BootReminder
01-07 03:59:36.301  1384  2359 W ActivityManager: Unable to start service Intent { cmp=com.android.email/.service.AttachmentService } U=0: not found
01-07 03:59:36.302  1384  2314 W ActivityManager: Unable to start service Intent { act=com.android.email.EXCHANGE_INTENT pkg=com.android.exchange } U=0: not found
01-07 03:59:36.305  1384  2616 W ActivityManager: Unable to start service Intent { cmp=com.android.email/.service.AttachmentService } U=0: not found
01-07 03:59:36.309  2898  2923 I Email   : Observing account changes for notifications
01-07 03:59:36.311  1384  1396 W ActivityManager: Unable to start service Intent { cmp=com.android.email/.service.AttachmentService } U=0: not found
01-07 03:59:36.318  1384  1396 W ActivityManager: Unable to start service Intent { act=com.android.email.EXCHANGE_INTENT pkg=com.android.exchange } U=0: not found
01-07 03:59:36.338  1384  2616 W ActivityManager: Unable to start service Intent { act=com.android.email.EXCHANGE_INTENT pkg=com.android.exchange } U=0: not found
01-07 03:59:36.339  1066  1066 I thermal-engine: type=1400 audit(0.0:962): avc: denied { ioctl } for path="/dev/msm_thermal_query" dev="tmpfs" ino=12291 ioctlcmd=ca02 scontext=u:r:init:s0 tcontext=u:object_r:device:s0 tclass=chr_file permissive=1
01-07 03:59:36.343   991  1066 E ThermalEngine: ACTION: CLUSTER - Setting CLUSTER[1] to 1689600
01-07 03:59:36.343  1384  2120 W ActivityManager: Unable to start service Intent { act=com.android.email.EXCHANGE_INTENT pkg=com.android.exchange } U=0: not found
01-07 03:59:36.346  2898  2898 E ActivityThread: Service com.android.email.service.EmailBroadcastProcessorService has leaked ServiceConnection com.android.emailcommon.service.ServiceProxy$ProxyConnection@c0b809f that was originally bound here
01-07 03:59:36.346  2898  2898 E ActivityThread: android.app.ServiceConnectionLeaked: Service com.android.email.service.EmailBroadcastProcessorService has leaked ServiceConnection com.android.emailcommon.service.ServiceProxy$ProxyConnection@c0b809f that was originally bound here
01-07 03:59:36.346  2898  2898 E ActivityThread: 	at android.app.LoadedApk$ServiceDispatcher.<init>(LoadedApk.java:1514)
01-07 03:59:36.346  2898  2898 E ActivityThread: 	at android.app.LoadedApk.getServiceDispatcher(LoadedApk.java:1406)
01-07 03:59:36.346  2898  2898 E ActivityThread: 	at android.app.ContextImpl.bindServiceCommon(ContextImpl.java:1589)
01-07 03:59:36.346  2898  2898 E ActivityThread: 	at android.app.ContextImpl.bindService(ContextImpl.java:1541)
01-07 03:59:36.346  2898  2898 E ActivityThread: 	at android.content.ContextWrapper.bindService(ContextWrapper.java:678)
01-07 03:59:36.346  2898  2898 E ActivityThread: 	at com.android.emailcommon.service.ServiceProxy.setTask(ServiceProxy.java:181)
01-07 03:59:36.346  2898  2898 E ActivityThread: 	at com.android.emailcommon.service.ServiceProxy.test(ServiceProxy.java:224)
01-07 03:59:36.346  2898  2898 E ActivityThread: 	at com.android.email.service.EmailServiceUtils.isServiceAvailable(EmailServiceUtils.java:160)
01-07 03:59:36.346  2898  2898 E ActivityThread: 	at com.android.email.provider.AccountReconciler.reconcileAccountsInternal(AccountReconciler.java:171)
01-07 03:59:36.346  2898  2898 E ActivityThread: 	at com.android.email.provider.AccountReconciler.reconcileAccounts(AccountReconciler.java:115)
01-07 03:59:36.346  2898  2898 E ActivityThread: 	at com.android.email.service.EmailBroadcastProcessorService.reconcileAndStartServices(EmailBroadcastProcessorService.java:305)
01-07 03:59:36.346  2898  2898 E ActivityThread: 	at com.android.email.service.EmailBroadcastProcessorService.onBootCompleted(EmailBroadcastProcessorService.java:295)
01-07 03:59:36.346  2898  2898 E ActivityThread: 	at com.android.email.service.EmailBroadcastProcessorService.onHandleIntent(EmailBroadcastProcessorService.java:130)
01-07 03:59:36.346  2898  2898 E ActivityThread: 	at android.app.IntentService$ServiceHandler.handleMessage(IntentService.java:68)
01-07 03:59:36.346  2898  2898 E ActivityThread: 	at android.os.Handler.dispatchMessage(Handler.java:105)
01-07 03:59:36.346  2898  2898 E ActivityThread: 	at android.os.Looper.loop(Looper.java:164)
01-07 03:59:36.346  2898  2898 E ActivityThread: 	at android.os.HandlerThread.run(HandlerThread.java:65)
01-07 03:59:36.348  1384  1395 W ActivityManager: Unbind failed: could not find connection for android.os.BinderProxy@1626ec2
01-07 03:59:36.355  1384  2612 W ActivityManager: Unable to start service Intent { act=com.android.email.EXCHANGE_INTENT pkg=com.android.exchange } U=0: not found
01-07 03:59:36.375   991  1066 E ThermalEngine: ACTION: CLUSTER - Setting CLUSTER[1] to 1632000
01-07 03:59:36.389  2571  2713 W com.android.nfc: Waited one second for android.hardware.nfc@1.0::INfc/default. Waiting another...
01-07 03:59:36.405   991  1066 E ThermalEngine: ACTION: CLUSTER - Setting CLUSTER[1] to 1536000
01-07 03:59:36.406  1384  1395 I ActivityManager: Start proc 2940:com.android.messaging/u0a57 for broadcast com.android.messaging/.receiver.BootAndPackageReplacedReceiver
01-07 03:59:36.410   991  1066 E ThermalEngine: ACTION: CLUSTER - Setting CLUSTER[1] to 1440000
01-07 03:59:36.440   991  1066 E ThermalEngine: ACTION: CLUSTER - Setting CLUSTER[1] to 1344000
01-07 03:59:36.471   991  1066 E ThermalEngine: ACTION: CLUSTER - Setting CLUSTER[1] to 1248000
01-07 03:59:36.502   991  1066 E ThermalEngine: ACTION: CLUSTER - Setting CLUSTER[1] to 1344000
01-07 03:59:36.533   991  1066 E ThermalEngine: ACTION: CLUSTER - Setting CLUSTER[1] to 1440000
01-07 03:59:36.535  2940  2940 W MessagingApp: PhoneUtils.getForLMR1(): invalid subId = -1
01-07 03:59:36.537   991  1066 E ThermalEngine: ACTION: CLUSTER - Setting CLUSTER[1] to 1536000
01-07 03:59:36.548  2940  2958 W MessagingApp: PhoneUtils.getForLMR1(): invalid subId = -1
01-07 03:59:36.567   991  1066 E ThermalEngine: ACTION: CLUSTER - Setting CLUSTER[1] to 1632000
01-07 03:59:36.572  2940  2960 W MessagingApp: PhoneUtils.getForLMR1(): invalid subId = -1
01-07 03:59:36.572  2940  2940 I MessagingApp: Carrier config changed. Reloading MMS config.
01-07 03:59:36.575  2102  2102 D StatusBar: disable<e i a s b H R c s q >
01-07 03:59:36.579  1384  2120 I ActivityManager: Start proc 2963:com.android.onetimeinitializer/u0a16 for broadcast com.android.onetimeinitializer/.OneTimeInitializerReceiver
01-07 03:59:36.583  2940  2962 W MessagingApp: PhoneUtils.getForLMR1(): invalid subId = -1
01-07 03:59:36.585  2940  2961 W MessagingApp: PhoneUtils.getForLMR1(): invalid subId = -1
01-07 03:59:36.587  2940  2959 I MessagingAppDataModel: Fixup: Send failed - 0 Download failed - 0
01-07 03:59:36.592  2940  2959 W MessagingApp: PhoneUtils.getForLMR1(): invalid subId = -1
01-07 03:59:36.598   991  1066 E ThermalEngine: ACTION: CLUSTER - Setting CLUSTER[1] to 1689600
01-07 03:59:36.603  2940  2961 W MessagingApp: PhoneUtils.getForLMR1(): invalid subId = -1
01-07 03:59:36.603  2940  2959 W MessagingApp: PhoneUtils.getForLMR1(): invalid subId = -1
01-07 03:59:36.603  2940  2961 W MessagingApp: PhoneUtils.getForLMR1(): invalid subId = -1
01-07 03:59:36.606  2940  2961 W MessagingApp: PhoneUtils.getSelfRawNumber: subInfo is null for -1
01-07 03:59:36.607  2940  2961 W MessagingApp: PhoneUtils.getForLMR1(): invalid subId = -1
01-07 03:59:36.622   991  1066 E ThermalEngine: ACTION: CLUSTER - Setting CLUSTER[1] to 1824000
01-07 03:59:36.627  2446  2446 I RenderThread: type=1400 audit(0.0:964): avc: denied { ioctl } for path="/dev/kgsl-3d0" dev="tmpfs" ino=11864 ioctlcmd=93d scontext=u:r:platform_app:s0:c512,c768 tcontext=u:object_r:device:s0 tclass=chr_file permissive=1
01-07 03:59:36.638  2963  2963 V OneTimeInitializerReceiver: OneTimeInitializerReceiver.onReceive
01-07 03:59:36.658   991  1066 E ThermalEngine: ACTION: CLUSTER - Setting CLUSTER[1] to 1689600
01-07 03:59:36.670  1384  2183 I ActivityManager: Start proc 2982:com.android.packageinstaller/u0a17 for broadcast com.android.packageinstaller/.TemporaryFileManager
01-07 03:59:36.678  2102  2102 D StatusBar: disable<e i a s b H R c s q >
01-07 03:59:36.685  2940  2996 I MessagingAppDataModel: SyncMessagesAction: Starting batch for messages from 1420603070210 to 1420603176530 (message update limit = 80, message scan limit = 4000)
01-07 03:59:36.688   991  1066 E ThermalEngine: ACTION: CLUSTER - Setting CLUSTER[1] to 1632000
01-07 03:59:36.689  2940  2959 W MessagingApp: PhoneUtils.getForLMR1(): invalid subId = -1
01-07 03:59:36.709  2634  2634 W ContextImpl: Calling a method in the system process without a qualified user: android.app.ContextImpl.bindService:1540 android.content.ContextWrapper.bindService:678 com.google.android.libraries.launcherclient.LauncherClient.connectSafely:98 com.google.android.libraries.launcherclient.LauncherClient.reconnect:255 com.google.android.libraries.launcherclient.LauncherClient.onResume:231 
01-07 03:59:36.709   991  1066 E ThermalEngine: ACTION: CLUSTER - Setting CLUSTER[1] to 1536000
01-07 03:59:36.710  1384  2616 W ActivityManager: Unable to start service Intent { act=com.android.launcher3.WINDOW_OVERLAY dat=app://com.android.launcher3:1000?v=0 pkg=com.google.android.googlequicksearchbox } U=0: not found
01-07 03:59:36.724  2088  2088 I LatinIME: Timeout waiting for dictionary load
01-07 03:59:36.739   991  1066 E ThermalEngine: ACTION: CLUSTER - Setting CLUSTER[1] to 1440000
01-07 03:59:36.756   991  1066 E ThermalEngine: ACTION: CLUSTER - Setting CLUSTER[1] to 1344000
01-07 03:59:36.767  2763  2763 I RenderThread: type=1400 audit(0.0:965): avc: denied { ioctl } for path="/dev/kgsl-3d0" dev="tmpfs" ino=11864 ioctlcmd=934 scontext=u:r:system_app:s0 tcontext=u:object_r:device:s0 tclass=chr_file permissive=1
01-07 03:59:36.786   991  1066 E ThermalEngine: ACTION: CLUSTER - Setting CLUSTER[1] to 1248000
01-07 03:59:36.801  2247  2247 I VvmSimStateTracker: android.intent.action.BOOT_COMPLETED
01-07 03:59:36.816   991  1066 E ThermalEngine: ACTION: CLUSTER - Setting CLUSTER[1] to 960000
01-07 03:59:36.822  2940  2999 I MessagingAppDataModel: SyncMessagesAction: All messages now in sync
01-07 03:59:36.833  2102  2102 D StatusBar: disable<e i a s b H R c s q >
01-07 03:59:36.833  1384  1413 I ActivityManager: Displayed com.android.launcher3/.Launcher: +1s652ms (total +7s452ms)
01-07 03:59:36.833  2102  2102 D StatusBar: disable<e i a s b H R c s q >
01-07 03:59:36.839  2102  2201 W AudioTrack: AUDIO_OUTPUT_FLAG_FAST denied by client; transfer 4, track 48000 Hz, output 44100 Hz
01-07 03:59:36.877   991  1066 E ThermalEngine: ACTION: CLUSTER - Setting CLUSTER[1] to 1248000
01-07 03:59:36.887  2102  2102 D StatusBar: disable<e i a s b h!r!c s q >
01-07 03:59:36.895  3011  3011 E android.hardware.nfc@1.0-impl: hw_get_module nfc_nci failed: -2
01-07 03:59:36.896  3011  3011 E android.hardware.nfc@1.0-impl: Passthrough failed to load legacy HAL.
01-07 03:59:36.896  3011  3011 E android.hardware.nfc@1.0-service: Could not get passthrough implementation for android.hardware.nfc@1.0::INfc/default.
01-07 03:59:36.907   991  1066 E ThermalEngine: ACTION: CLUSTER - Setting CLUSTER[1] to 1344000
01-07 03:59:36.911  2446  2446 I RenderThread: type=1400 audit(0.0:967): avc: denied { read write } for path="/dev/kgsl-3d0" dev="tmpfs" ino=11864 scontext=u:r:platform_app:s0:c512,c768 tcontext=u:object_r:device:s0 tclass=chr_file permissive=1
01-07 03:59:36.921   991  1066 E ThermalEngine: ACTION: CLUSTER - Setting CLUSTER[1] to 1824000
01-07 03:59:36.935  2102  2107 I zygote64: Do partial code cache collection, code=125KB, data=86KB
01-07 03:59:36.936  2102  2107 I zygote64: After code cache collection, code=125KB, data=86KB
01-07 03:59:36.936  2102  2107 I zygote64: Increasing code cache capacity to 512KB
01-07 03:59:36.991  1252  1252 I surfaceflinger: type=1400 audit(0.0:968): avc: denied { read write } for path="/dev/kgsl-3d0" dev="tmpfs" ino=11864 scontext=u:r:surfaceflinger:s0 tcontext=u:object_r:device:s0 tclass=chr_file permissive=1
01-07 03:59:37.005  1384  1384 I ActivityManager: Start proc 3013:com.qualcomm.qcrilmsgtunnel/1001 for broadcast com.qualcomm.qcrilmsgtunnel/.QcrilMsgTunnelAutoboot
01-07 03:59:37.007  1252  1252 I surfaceflinger: type=1400 audit(0.0:969): avc: denied { ioctl } for path="/dev/kgsl-3d0" dev="tmpfs" ino=11864 ioctlcmd=933 scontext=u:r:surfaceflinger:s0 tcontext=u:object_r:device:s0 tclass=chr_file permissive=1
01-07 03:59:37.049  2733  3009 W MediaScanner: Error opening directory '/oem/media/', skipping: No such file or directory.
01-07 03:59:37.057  3013  3013 D QcrilMsgTunnelAutoboot: ComponentInfo{com.qualcomm.qcrilmsgtunnel/com.qualcomm.qcrilmsgtunnel.QcrilMsgTunnelService} started successfully
01-07 03:59:37.058  1384  2359 I ActivityManager: Finished processing BOOT_COMPLETED for u0
01-07 03:59:37.058  3013  3013 D QcrilMsgTunnelService: onCreate method
01-07 03:59:37.059  3013  3013 D QcrilMsgTunnelIfaceManager: :Instantiated
01-07 03:59:37.059  2247  2247 I VvmSimStateTracker: android.intent.action.SIM_STATE_CHANGED
01-07 03:59:37.061  3013  3013 V QcrilMsgTunnelSocket: Starting QcRil Sender & Receiver threads
01-07 03:59:37.064  3013  3013 D QcrilMsgTunnelIfaceManager: Registered SUB0 for UNSOL OEM HOOK to deliver external apps
01-07 03:59:37.080  1384  2359 I ActivityManager: Start proc 3033:com.android.cellbroadcastreceiver/u0a11 for broadcast com.android.cellbroadcastreceiver/.CellBroadcastReceiver
01-07 03:59:37.142  3033  3033 D CellBroadcastReceiver: onReceive Intent { act=android.telephony.action.CARRIER_CONFIG_CHANGED flg=0x5000010 cmp=com.android.cellbroadcastreceiver/.CellBroadcastReceiver (has extras) }
01-07 03:59:37.146  3033  3033 D CellBroadcastReceiver: Start Cell Broadcast configuration.
01-07 03:59:37.155  3033  3033 D CellBroadcastReceiver: Default interval 0 did not change.
01-07 03:59:37.158  2247  2247 D OtaspSimStateReceiver: Received intent: android.telephony.action.CARRIER_CONFIG_CHANGED
01-07 03:59:37.161  2247  2247 I VvmSimStateTracker: android.telephony.action.CARRIER_CONFIG_CHANGED
01-07 03:59:37.162  2247  2247 I VvmSimStateTracker: Received SIM change for invalid subscription id.
01-07 03:59:37.186  2247  3053 D SIP     : [SipPreferences] isReceivingCallsEnabled, option not set; use default value, exception: android.provider.Settings$SettingNotFoundException: sip_receive_calls
01-07 03:59:37.220  3033  3051 D CellBroadcastOtherChannelsManager: No additional channels configured. subId = -1
01-07 03:59:37.277  2634  2763 W OpenGLRenderer: Incorrectly called buildLayer on View: ShortcutAndWidgetContainer, destroying layer...
01-07 03:59:37.389  2571  2713 W com.android.nfc: Waited one second for android.hardware.nfc@1.0::INfc/default. Waiting another...
01-07 03:59:37.981  2102  2360 I CameraManagerGlobal: Connecting to camera service
01-07 03:59:38.003  2102  2102 D StatusBar: disable<e i a s b h r c s q >
01-07 03:59:38.080  1279  1341 D NuPlayerDriver: stop(0xe752a000)
01-07 03:59:38.081  1279  1341 D NuPlayerDriver: notifyListener_l(0xe752a000), (8, 0, 0, -1), loop setting(0, 0)
01-07 03:59:38.087  2102  2328 W MessageQueue: Handler (android.media.MediaPlayer$EventHandler) {cfcb6df} sending message to a Handler on a dead thread
01-07 03:59:38.087  2102  2328 W MessageQueue: java.lang.IllegalStateException: Handler (android.media.MediaPlayer$EventHandler) {cfcb6df} sending message to a Handler on a dead thread
01-07 03:59:38.087  2102  2328 W MessageQueue: 	at android.os.MessageQueue.enqueueMessage(MessageQueue.java:545)
01-07 03:59:38.087  2102  2328 W MessageQueue: 	at android.os.Handler.enqueueMessage(Handler.java:661)
01-07 03:59:38.087  2102  2328 W MessageQueue: 	at android.os.Handler.sendMessageAtTime(Handler.java:630)
01-07 03:59:38.087  2102  2328 W MessageQueue: 	at android.os.Handler.sendMessageDelayed(Handler.java:600)
01-07 03:59:38.087  2102  2328 W MessageQueue: 	at android.os.Handler.sendMessage(Handler.java:537)
01-07 03:59:38.087  2102  2328 W MessageQueue: 	at android.media.MediaPlayer.postEventFromNative(MediaPlayer.java:3436)
01-07 03:59:38.089  2102  3054 V MediaPlayer: resetDrmState:  mDrmInfo=null mDrmProvisioningThread=null mPrepareDrmInProgress=false mActiveDrmScheme=false
01-07 03:59:38.089  2102  3054 V MediaPlayer: cleanDrmObj: mDrmObj=null mDrmSessionId=null
01-07 03:59:38.089  1279  2134 D NuPlayerDriver: reset(0xe752a000) at state 8
01-07 03:59:38.108  1279  2482 D NuPlayerDriver: notifyResetComplete(0xe752a000)
01-07 03:59:38.138  2102  2102 D StatusBar: disable<e i a s b h r c s q >
01-07 03:59:38.332  2247  2247 I com.android.phone: Looking for service android.hardware.radio@1.0::IRadio/slot1
01-07 03:59:38.335  2247  2247 I com.android.phone: Looking for service android.hardware.radio.deprecated@1.0::IOemHook/slot1
01-07 03:59:38.390  2571  2713 W com.android.nfc: Waited one second for android.hardware.nfc@1.0::INfc/default. Waiting another...
01-07 03:59:39.036   991  1064 E ThermalEngine: [BMHB_GOV] read failed VS_TEMP
01-07 03:59:39.223  1384  2075 W AudioTrack: AUDIO_OUTPUT_FLAG_FAST denied by client; transfer 4, track 48000 Hz, output 44100 Hz
01-07 03:59:39.390  2571  2713 W com.android.nfc: Waited one second for android.hardware.nfc@1.0::INfc/default. Waiting another...
01-07 03:59:40.263  3057  3057 I init    : type=1400 audit(0.0:970): avc: denied { execute_no_trans } for path="/system/vendor/bin/perfd" dev="mmcblk0p47" ino=2269 scontext=u:r:init:s0 tcontext=u:object_r:vendor_file:s0 tclass=file permissive=1
01-07 03:59:40.301  3057  3057 E ANDR-PERF-MPCTL: Unable to create control service (stage=1, rc=0)
01-07 03:59:40.302  3057  3057 W libc    : invalid pthread_t (0) passed to libc
01-07 03:59:40.342  2667  2699 I zygote64: Waiting for a blocking GC ProfileSaver
01-07 03:59:40.349  2667  2699 I zygote64: WaitForGcToComplete blocked for 7.345ms for cause ProfileSaver
01-07 03:59:40.391  2571  2713 W com.android.nfc: Waited one second for android.hardware.nfc@1.0::INfc/default. Waiting another...
01-07 03:59:40.953  2840  2854 I zygote64: Waiting for a blocking GC ProfileSaver
01-07 03:59:40.961  2840  2854 I zygote64: WaitForGcToComplete blocked for 8.133ms for cause ProfileSaver
01-07 03:59:41.043  2862  2891 I zygote64: Waiting for a blocking GC ProfileSaver
01-07 03:59:41.068  3013  3030 E QcrilMsgTunnelSocket: IOException - java.io.IOException: No such file or directory Reason: No such file or directory
01-07 03:59:41.068  3013  3030 I QcrilMsgTunnelSocket: Couldn't find 'qmux_radio/rild_oem0' socket; retrying after timeout
01-07 03:59:41.157  2898  2912 I zygote64: Waiting for a blocking GC ProfileSaver
01-07 03:59:41.162  2898  2912 I zygote64: WaitForGcToComplete blocked for 5.385ms for cause ProfileSaver
01-07 03:59:41.391  2571  2713 W com.android.nfc: Waited one second for android.hardware.nfc@1.0::INfc/default. Waiting another...
01-07 03:59:41.909  3067  3067 E android.hardware.nfc@1.0-impl: hw_get_module nfc_nci failed: -2
01-07 03:59:41.909  3067  3067 E android.hardware.nfc@1.0-impl: Passthrough failed to load legacy HAL.
01-07 03:59:41.910  3067  3067 E android.hardware.nfc@1.0-service: Could not get passthrough implementation for android.hardware.nfc@1.0::INfc/default.
01-07 03:59:42.337  2247  2247 I com.android.phone: Looking for service android.hardware.radio@1.0::IRadio/slot1
01-07 03:59:42.341  2247  2247 I com.android.phone: Looking for service android.hardware.radio.deprecated@1.0::IOemHook/slot1
01-07 03:59:42.391  2571  2713 W com.android.nfc: Waited one second for android.hardware.nfc@1.0::INfc/default. Waiting another...
01-07 03:59:42.844  1384  2314 D BluetoothManagerService: enable(com.android.systemui):  mBluetooth =null mBinding = false mState = OFF
01-07 03:59:42.844  1384  1412 D BluetoothManagerService: MESSAGE_ENABLE(0): mBluetooth = null
01-07 03:59:42.844  1384  2314 D BluetoothManagerService: enable returning
01-07 03:59:42.869  1384  1412 I ActivityManager: Start proc 3068:com.android.bluetooth/1002 for service com.android.bluetooth/.btservice.AdapterService
01-07 03:59:43.063  3068  3068 D BluetoothOppFileProvider: Initialized
01-07 03:59:43.097  3068  3068 D AdapterServiceConfig: Adding HeadsetService
01-07 03:59:43.099  3068  3068 D AdapterServiceConfig: Adding A2dpService
01-07 03:59:43.100  3068  3068 D AdapterServiceConfig: Adding HidService
01-07 03:59:43.100  3068  3068 D AdapterServiceConfig: Adding HealthService
01-07 03:59:43.100  3068  3068 D AdapterServiceConfig: Adding PanService
01-07 03:59:43.100  3068  3068 D AdapterServiceConfig: Adding GattService
01-07 03:59:43.100  3068  3068 D AdapterServiceConfig: Adding BluetoothMapService
01-07 03:59:43.100  3068  3068 W AdapterServiceConfig: Could not find profile bit mask
01-07 03:59:43.100  3068  3068 D AdapterServiceConfig: Adding BluetoothOppService
01-07 03:59:43.100  3068  3068 W AdapterServiceConfig: Could not find profile bit mask
01-07 03:59:43.100  3068  3068 D AdapterServiceConfig: Adding BluetoothPbapService
01-07 03:59:43.153  3068  3068 D BluetoothAdapterService: onCreate()
01-07 03:59:43.157  3068  3068 D BluetoothAdapterState: make() - Creating AdapterState
01-07 03:59:43.159  3068  3084 I BluetoothAdapterState: Entering OffState
01-07 03:59:43.161  3068  3068 I bt_btif : init
01-07 03:59:43.162  3068  3068 D bt_osi_allocation_tracker: canary initialized
01-07 03:59:43.164  3068  3085 I bt_osi_thread: run_thread: thread id 3085, thread name stack_manager started
01-07 03:59:43.165  3068  3085 I bt_stack_manager: event_init_stack is initializing the stack
01-07 03:59:43.171  3068  3088 I bt_osi_thread: run_thread: thread id 3088, thread name alarm_default_ca started
01-07 03:59:43.172  3068  3089 I bt_osi_thread: run_thread: thread id 3089, thread name alarm_dispatcher started
01-07 03:59:43.176  3068  3085 I bt_stack_config: init attempt to load stack conf from /etc/bluetooth/bt_stack.conf
01-07 03:59:43.181  3068  3090 I bt_osi_thread: run_thread: thread id 3090, thread name bt_jni_workqueue started
01-07 03:59:43.181  3068  3085 I bt_stack_manager: event_init_stack finished
01-07 03:59:43.181  3068  3068 I bt_osi_wakelock: wakelock_set_os_callouts set to non-native
01-07 03:59:43.181  3068  3068 I bt_btif : get_profile_interface: id = socket
01-07 03:59:43.202  3068  3090 E bt_btif_storage: btif_storage_get_adapter_property: Controller not ready! Unable to return Bluetooth Address
01-07 03:59:43.202  3068  3090 E BluetoothServiceJni: adapter_properties_callback: Status 1 is incorrect
01-07 03:59:43.205  3068  3090 D BluetoothAdapterProperties: Name is: LG G4
01-07 03:59:43.205  1384  1384 D BluetoothManagerService: Bluetooth Adapter name changed to LG G4
01-07 03:59:43.206  1384  1384 D BluetoothManagerService: Stored Bluetooth name: LG G4
01-07 03:59:43.207  3068  3068 I bt_btif : get_profile_interface: id = sdp
01-07 03:59:43.213  3068  3068 I BluetoothAdapterService: Phone policy enabled
01-07 03:59:43.217  3068  3068 D BluetoothAdapterService: setAdapterService() - set to: null
01-07 03:59:43.220  3068  3068 D BluetoothAdapterService: onBind()
01-07 03:59:43.222  1384  1384 D BluetoothManagerService: BluetoothServiceConnection: com.android.bluetooth.btservice.AdapterService
01-07 03:59:43.222  1384  1412 D BluetoothManagerService: MESSAGE_BLUETOOTH_SERVICE_CONNECTED: 1
01-07 03:59:43.231  1384  1412 D BluetoothManagerService: Broadcasting onBluetoothServiceUp() to 5 receivers.
01-07 03:59:43.232  2571  2588 D BluetoothAdapter: onBluetoothServiceUp: android.bluetooth.IBluetooth$Stub$Proxy@3dbc3a7
01-07 03:59:43.232  2102  2119 D BluetoothAdapter: onBluetoothServiceUp: android.bluetooth.IBluetooth$Stub$Proxy@d79cac4
01-07 03:59:43.232  1384  1412 D BluetoothAdapter: onBluetoothServiceUp: android.bluetooth.IBluetooth$Stub$Proxy@b065ce7
01-07 03:59:43.233  3068  3080 D BluetoothAdapter: onBluetoothServiceUp: com.android.bluetooth.btservice.AdapterService$AdapterServiceBinder@4b4d1a8
01-07 03:59:43.233  2247  2461 D BluetoothAdapter: onBluetoothServiceUp: android.bluetooth.IBluetooth$Stub$Proxy@a497e3f
01-07 03:59:43.236  3068  3081 D BluetoothAdapterService: enable() - Enable called with quiet mode status =  false
01-07 03:59:43.237  3068  3084 D BluetoothAdapterState: Current state: OFF, message: 0
01-07 03:59:43.237  3068  3084 D BluetoothAdapterProperties: Setting state to 14
01-07 03:59:43.237  3068  3084 I BluetoothAdapterState: Bluetooth adapter state changed: 10-> 14
01-07 03:59:43.237  3068  3084 D BluetoothAdapterService: updateAdapterState() - Broadcasting state to 1 receivers.
01-07 03:59:43.238  3068  3084 D BluetoothAdapterService: BleOnProcessStart()
01-07 03:59:43.238  1384  1412 D BluetoothManagerService: MESSAGE_BLUETOOTH_STATE_CHANGE: OFF > BLE_TURNING_ON
01-07 03:59:43.238  1384  1412 D BluetoothManagerService: Sending BLE State Change: OFF > BLE_TURNING_ON
01-07 03:59:43.240  3068  3084 D BluetoothAdapterService: BleOnProcessStart() - Make Bond State Machine
01-07 03:59:43.241  3068  3084 D BluetoothBondStateMachine: make
01-07 03:59:43.242  3068  3095 I BluetoothBondStateMachine: StableState(): Entering Off State
01-07 03:59:43.243  3068  3084 D BluetoothAdapterService: setProfileServiceState() - Starting service com.android.bluetooth.gatt.GattService
01-07 03:59:43.247  3068  3068 I BtGatt.JNI: classInitNative(L893): classInitNative: Success!
01-07 03:59:43.248  3068  3084 I BluetoothAdapterState: Entering PendingCommandState
01-07 03:59:43.253  3068  3068 D BtGatt.DebugUtils: handleDebugAction() action=null
01-07 03:59:43.253  3068  3068 D BluetoothAdapterService: getAdapterService() - returning com.android.bluetooth.btservice.AdapterService@ec5cdaf
01-07 03:59:43.253  3068  3068 D BtGatt.GattService: Received start request. Starting profile...
01-07 03:59:43.253  3068  3068 I bt_btif : get_profile_interface: id = gatt
01-07 03:59:43.254  3068  3068 D BluetoothAdapterService: getAdapterService() - returning com.android.bluetooth.btservice.AdapterService@ec5cdaf
01-07 03:59:43.264  3068  3068 I chatty  : uid=1002(bluetooth) com.android.bluetooth identical 1 line
01-07 03:59:43.264  3068  3068 D BluetoothAdapterService: getAdapterService() - returning com.android.bluetooth.btservice.AdapterService@ec5cdaf
01-07 03:59:43.267  3068  3068 D BluetoothAdapterService: handleMessage() - Message: 1
01-07 03:59:43.267  3068  3068 D BluetoothAdapterService: handleMessage() - MESSAGE_PROFILE_SERVICE_STATE_CHANGED
01-07 03:59:43.267  3068  3068 D BluetoothAdapterService: processProfileServiceStateChanged() - serviceName=com.android.bluetooth.gatt.GattService isTurningOn=false isTurningOff=false isBleTurningOn=true isBleTurningOff=false
01-07 03:59:43.267  3068  3068 D BluetoothAdapterService: GattService is started
01-07 03:59:43.268  3068  3084 V BluetoothAdapterState: PendingCommand - transient state(s): isBleTurningOn
01-07 03:59:43.268  3068  3084 D BluetoothAdapterState: Current state: PENDING_COMMAND, message: 4
01-07 03:59:43.269  3068  3084 I bt_btif : enable: start restricted = 0
01-07 03:59:43.269  3068  3085 I bt_stack_manager: event_start_up_stack is bringing up the stack
01-07 03:59:43.269  3068  3085 I bt_core_module: module_start_up Starting module "btif_config_module"
01-07 03:59:43.270  3068  3085 I bt_core_module: module_start_up Started module "btif_config_module"
01-07 03:59:43.270  3068  3085 I bt_core_module: module_start_up Starting module "btsnoop_module"
01-07 03:59:43.271  3068  3085 I bt_core_module: module_start_up Started module "btsnoop_module"
01-07 03:59:43.271  3068  3085 I bt_core_module: module_start_up Starting module "hci_module"
01-07 03:59:43.271  3068  3085 I bt_hci  : hci_module_start_up
01-07 03:59:43.272  3068  3099 I bt_osi_thread: run_thread: thread id 3099, thread name hci_thread started
01-07 03:59:43.272  3068  3099 I bt_hci  : hci_initialize
01-07 03:59:43.274  3068  3085 D bt_hci  : hci_module_start_up starting async portion
01-07 03:59:43.298  3068  3099 I bt_hci  : hci_initialize: IBluetoothHci::getService() returned 0x7a3706b5a0 (local)
01-07 03:59:43.299  3068  3099 I android.hardware.bluetooth@1.0-impl: BluetoothHci::initialize()
01-07 03:59:43.302  3068  3099 D         : get_local_address: Trying /data/misc/bluetooth/bdaddr
01-07 03:59:43.302  3068  3099 I bt_vendor: init
01-07 03:59:43.303  3068  3099 I bt_vnd_conf: Attempt to load conf from /etc/bluetooth/bt_vendor.conf
01-07 03:59:43.303  3068  3099 I bt_vnd_conf: vnd_load_conf file >/etc/bluetooth/bt_vendor.conf< not found
01-07 03:59:43.303  3068  3099 D android.hardware.bluetooth@1.0-impl: Open vendor library loaded
01-07 03:59:43.303  3068  3099 D bt_vendor: op for 0
01-07 03:59:43.303  3068  3099 D bt_upio : is_emulator_context : 0
01-07 03:59:43.303  3068  3099 D bt_upio : is_rfkill_disabled ? [0]
01-07 03:59:43.303  3068  3099 D bt_upio : is_rfkill_disabled ? [0]
01-07 03:59:43.303  3068  3099 W bt_vendor: NOTE: BT_VND_PWR_ON now forces power-off first
01-07 03:59:43.303  3068  3099 D bt_upio : is_emulator_context : 0
01-07 03:59:43.303  3068  3099 D bt_upio : is_rfkill_disabled ? [0]
01-07 03:59:43.393  2571  2713 W com.android.nfc: Waited one second for android.hardware.nfc@1.0::INfc/default. Waiting another...
01-07 03:59:43.415  3099  3099 I hci_thread: type=1400 audit(0.0:973): avc: denied { read write } for name="ttyHS0" dev="tmpfs" ino=11838 scontext=u:r:bluetooth:s0 tcontext=u:object_r:device:s0 tclass=chr_file permissive=1
01-07 03:59:43.416  3068  3099 D bt_vendor: op for 3
01-07 03:59:43.416  3068  3099 I bt_userial_vendor: userial vendor open: opening /dev/ttyHS0
01-07 03:59:43.417  3068  3099 I bt_userial_vendor: device fd = 72 open
01-07 03:59:43.415  3099  3099 I hci_thread: type=1400 audit(0.0:974): avc: denied { open } for path="/dev/ttyHS0" dev="tmpfs" ino=11838 scontext=u:r:bluetooth:s0 tcontext=u:object_r:device:s0 tclass=chr_file permissive=1
01-07 03:59:43.415  3099  3099 I hci_thread: type=1400 audit(0.0:975): avc: denied { ioctl } for path="/dev/ttyHS0" dev="tmpfs" ino=11838 ioctlcmd=540b scontext=u:r:bluetooth:s0 tcontext=u:object_r:device:s0 tclass=chr_file permissive=1
01-07 03:59:43.415  3099  3099 I hci_thread: type=1400 audit(0.0:976): avc: denied { write } for name="btwrite" dev="proc" ino=4026535863 scontext=u:r:bluetooth:s0 tcontext=u:object_r:proc:s0 tclass=file permissive=1
01-07 03:59:43.415  3099  3099 W hci_thread: type=1400 audit(0.0:977): avc: granted { open } for path="/proc/bluetooth/sleep/btwrite" dev="proc" ino=4026535863 scontext=u:r:bluetooth:s0 tcontext=u:object_r:proc:s0 tclass=file
01-07 03:59:43.418  3068  3099 D bt_vendor: op for 1
01-07 03:59:43.418  3068  3099 D bt_vendor: op for 7
01-07 03:59:43.418  3068  3099 D bt_upio : upio_set : pio 0 action 2, polarity 0
01-07 03:59:43.419  3068  3099 D bt_upio : upio_set: proc btwrite assertion, buffer: 1, timer_armed 1 0
01-07 03:59:43.450  3068  3102 I bt_hwcfg: bt vendor lib: set UART baud 4000000
01-07 03:59:43.477  3068  3102 D bt_hwcfg: Chipset BCM4335C0
01-07 03:59:43.477  3068  3102 D bt_hwcfg: Target name = [BCM4335C0]
01-07 03:59:43.477  3068  3102 D bt_hwcfg: Target name = [BCM4335]
01-07 03:59:43.477  3068  3102 I bt_hwcfg: Found patchfile: /system/vendor/firmware//BCM4335_003.001.009.0117.0620_LGE_P1_EU.hcd
01-07 03:59:43.866  3068  3102 I bt_hwcfg: bt vendor lib: set UART baud 115200
01-07 03:59:43.867  3068  3102 D bt_hwcfg: Settlement delay -- 100 ms
01-07 03:59:43.867  3068  3102 I bt_hwcfg: Setting fw settlement delay to 100 
01-07 03:59:43.983  3068  3102 I bt_hwcfg: bt vendor lib: set UART baud 4000000
01-07 03:59:43.984  3068  3102 I bt_hwcfg: Setting local bd addr to 22:22:67:C6:69:73
01-07 03:59:44.006  3068  3102 I bt_hwcfg: vendor lib fwcfg completed
01-07 03:59:44.006  3068  3102 D android.hardware.bluetooth@1.0-impl: OnFirmwareConfigured result: 0
01-07 03:59:44.006  3068  3102 I android.hardware.bluetooth@1.0-impl: Firmware configured in 0.588s
01-07 03:59:44.006  3068  3102 D bt_vendor: op for 5
01-07 03:59:44.007  3068  3099 I bt_hci  : event_finish_startup
01-07 03:59:44.007  3068  3102 I android.hardware.bluetooth@1.0-impl: OnFirmwareConfigured: lpm_timeout_ms 36000
01-07 03:59:44.007  3068  3102 D bt_vendor: op for 6
01-07 03:59:44.007  3068  3102 D bt_upio : upio_set : pio 2 action 2, polarity 0
01-07 03:59:44.007  3068  3085 I bt_core_module: module_start_up Started module "hci_module"
01-07 03:59:44.007  3068  3102 D android.hardware.bluetooth@1.0-impl: OnFirmwareConfigured Calling StartLowPowerWatchdog()
01-07 03:59:44.008  3068  3103 I bt_osi_thread: run_thread: thread id 3103, thread name bt_workqueue started
01-07 03:59:44.009  3068  3103 I bt_btu  : btu_task pending for preload complete event
01-07 03:59:44.009  3068  3103 I bt_btu_task: Bluetooth chip preload is complete
01-07 03:59:44.009  3068  3103 I bt_btu  : btu_task received preload complete event
01-07 03:59:44.012  3068  3103 E bt_att  : gatt_profile_db_init:  gatt_if=1
01-07 03:59:44.013  3068  3102 D android.hardware.bluetooth@1.0-impl: low_power_mode_cb result: 0
01-07 03:59:44.020  3068  3104 I bt_osi_thread: run_thread: thread id 3104, thread name module_wrapper started
01-07 03:59:44.020  3068  3104 I bt_core_module: module_start_up Starting module "controller_module"
01-07 03:59:44.037   991  1064 E ThermalEngine: [BMHB_GOV] read failed VS_TEMP
01-07 03:59:44.040   991  1065 E ThermalEngine: [GPU_MON] ACTION: GPU - [GPU_MON] Setting GPU[0] to 600000000
01-07 03:59:44.340  3068  3104 I bt_core_module: module_start_up Started module "controller_module"
01-07 03:59:44.340  3068  3104 W bt_osi_thread: run_thread: thread id 3104, thread name module_wrapper exited
01-07 03:59:44.341  3068  3103 W bt_btm  : btm_decode_ext_features_page: feature page 1 ignored
01-07 03:59:44.341  3068  3103 W bt_btm  : btm_decode_ext_features_page: feature page 2 ignored
01-07 03:59:44.342  3068  3103 I bt_btm_sec: BTM_SecRegister p_cb_info->p_le_callback == 0x0x7a283b6118
01-07 03:59:44.342  3068  3103 I bt_btm_sec: BTM_SecRegister btm_cb.api.p_le_callback = 0x0x7a283b6118 
01-07 03:59:44.354  3068  3103 I bt_stack: [INFO:ble_advertiser_hci_interface.cc(693)] VSC advertising will be in use
01-07 03:59:44.354  3068  3103 I bt_stack: [INFO:ble_advertiser_hci_interface.cc(253)] QuirkAdvertiserZeroHandle in use
01-07 03:59:44.356  3068  3090 D BluetoothAdapterProperties: BT_PROPERTY_LOCAL_LE_FEATURES: update from BT controller mNumOfAdvertisementInstancesSupported = 5 mRpaOffloadSupported = true mNumOfOffloadedIrkSupported = 128 mNumOfOffloadedScanFilterSupported = 16 mOffloadedScanResultStorageBytes= 1024 mIsActivityAndEnergyReporting = true mVersSupported = 55 mTotNumOfTrackableAdv = 0 mIsExtendedScanSupported = false mIsDebugLogSupported = false mIsLe2MPhySupported = false mIsLeCodedPhySupported = false mIsLeExtendedAdvertisingSupported = false mIsLePeriodicAdvertisingSupported = false mLeMaximumAdvertisingDataLength = 31
01-07 03:59:44.356  3068  3090 E bt_btif_storage: btif_storage_get_adapter_property: Controller ready!
01-07 03:59:44.356  3068  3090 I bt_btif_storage: btif_storage_get_adapter_property service_mask:0x20000000
01-07 03:59:44.358  3068  3090 D BluetoothAdapterProperties: Address is:22:22:67:C6:69:73
01-07 03:59:44.362  1384  1384 D BluetoothManagerService: Bluetooth Adapter address changed to 22:22:67:C6:69:73
01-07 03:59:44.362  1384  1384 D BluetoothManagerService: Stored Bluetoothaddress: 22:22:67:C6:69:73
01-07 03:59:44.366  1384  1384 D BluetoothManagerService: Bluetooth Adapter name changed to LG G4
01-07 03:59:44.367  3068  3090 D BluetoothAdapterProperties: Name is: LG G4
01-07 03:59:44.367  1384  1384 D BluetoothManagerService: Stored Bluetooth name: LG G4
01-07 03:59:44.372  3068  3090 D BluetoothAdapterProperties: Scan Mode:20
01-07 03:59:44.372  3068  3090 D BluetoothAdapterProperties: Discoverable Timeout:120
01-07 03:59:44.375  3068  3106 I bt_osi_thread: run_thread: thread id 3106, thread name btif_sock started
01-07 03:59:44.378  3068  3090 D bt_bte_conf: Device ID record 1 : primary
01-07 03:59:44.378  3068  3090 D bt_bte_conf:   vendorId            = 000f
01-07 03:59:44.378  3068  3090 D bt_bte_conf:   vendorIdSource      = 0001
01-07 03:59:44.378  3068  3090 D bt_bte_conf:   product             = 1200
01-07 03:59:44.378  3068  3090 D bt_bte_conf:   version             = 1436
01-07 03:59:44.378  3068  3090 D bt_bte_conf:   clientExecutableURL = 
01-07 03:59:44.379  3068  3090 D bt_bte_conf:   serviceDescription  = 
01-07 03:59:44.379  3068  3090 D bt_bte_conf:   documentationURL    = 
01-07 03:59:44.379  3068  3090 D bt_bte_conf: bte_load_did_conf no section named DID2.
01-07 03:59:44.379  3068  3085 I bt_stack_manager: event_start_up_stack finished
01-07 03:59:44.381  3068  3084 V BluetoothAdapterState: PendingCommand - transient state(s): isBleTurningOn
01-07 03:59:44.381  3068  3084 D BluetoothAdapterState: Current state: PENDING_COMMAND, message: 3
01-07 03:59:44.382  3068  3084 D BluetoothAdapterProperties: Setting state to 15
01-07 03:59:44.382  3068  3084 I BluetoothAdapterState: Bluetooth adapter state changed: 14-> 15
01-07 03:59:44.382  3068  3084 D BluetoothAdapterService: updateAdapterState() - Broadcasting state to 1 receivers.
01-07 03:59:44.383  1384  1412 D BluetoothManagerService: MESSAGE_BLUETOOTH_STATE_CHANGE: BLE_TURNING_ON > BLE_ON
01-07 03:59:44.383  1384  1412 D BluetoothManagerService: Bluetooth is in LE only mode
01-07 03:59:44.383  1384  1412 D BluetoothManagerService: Binding Bluetooth GATT service
01-07 03:59:44.385  1384  1412 D BluetoothManagerService: Sending BLE State Change: BLE_TURNING_ON > BLE_ON
01-07 03:59:44.385  3068  3084 I BluetoothAdapterState: Entering BleOnState
01-07 03:59:44.388  1384  1384 D BluetoothManagerService: BluetoothServiceConnection: com.android.bluetooth.gatt.GattService
01-07 03:59:44.388  1384  1412 D BluetoothManagerService: MESSAGE_BLUETOOTH_SERVICE_CONNECTED: 2
01-07 03:59:44.390  1384  1412 D BluetoothManagerService: BluetoothGatt Service is Up
01-07 03:59:44.392  1384  1412 D BluetoothManagerService: isBleAppPresent() count: 0
01-07 03:59:44.393  3068  3084 D BluetoothAdapterState: Current state: BLE ON, message: 1
01-07 03:59:44.393  1384  1412 D BluetoothManagerService: Persisting Bluetooth Setting: 1
01-07 03:59:44.393  3068  3084 D BluetoothAdapterProperties: Setting state to 11
01-07 03:59:44.393  3068  3084 I BluetoothAdapterState: Bluetooth adapter state changed: 15-> 11
01-07 03:59:44.393  3068  3084 D BluetoothAdapterService: updateAdapterState() - Broadcasting state to 1 receivers.
01-07 03:59:44.394  2571  2713 W com.android.nfc: Waited one second for android.hardware.nfc@1.0::INfc/default. Waiting another...
01-07 03:59:44.394  3068  3084 D BluetoothAdapterService: startCoreServices()
01-07 03:59:44.394  1384  1412 D BluetoothManagerService: MESSAGE_BLUETOOTH_STATE_CHANGE: BLE_ON > TURNING_ON
01-07 03:59:44.394  1384  1412 D BluetoothManagerService: Sending BLE State Change: BLE_ON > TURNING_ON
01-07 03:59:44.394  3068  3084 D BluetoothAdapterService: setProfileServiceState() - Starting service com.android.bluetooth.hfp.HeadsetService
01-07 03:59:44.398  3068  3068 D BluetoothPhonePolicy: Received intent Intent { act=android.bluetooth.adapter.action.STATE_CHANGED flg=0x4000010 (has extras) }
01-07 03:59:44.401  3068  3084 D BluetoothAdapterService: setProfileServiceState() - Starting service com.android.bluetooth.a2dp.A2dpService
01-07 03:59:44.405  3068  3068 D BluetoothAdapterService: getAdapterService() - returning com.android.bluetooth.btservice.AdapterService@ec5cdaf
01-07 03:59:44.406  3068  3068 D HeadsetService: Received start request. Starting profile...
01-07 03:59:44.406  3068  3084 D BluetoothAdapterService: setProfileServiceState() - Starting service com.android.bluetooth.hid.HidService
01-07 03:59:44.410  3068  3068 I BluetoothHeadsetServiceJni: classInitNative: succeeds
01-07 03:59:44.410  3068  3084 D BluetoothAdapterService: setProfileServiceState() - Starting service com.android.bluetooth.hdp.HealthService
01-07 03:59:44.410  3068  3068 D HeadsetStateMachine: make
01-07 03:59:44.414  3068  3084 D BluetoothAdapterService: setProfileServiceState() - Starting service com.android.bluetooth.pan.PanService
01-07 03:59:44.418  3068  3084 D BluetoothAdapterService: setProfileServiceState() - Starting service com.android.bluetooth.map.BluetoothMapService
01-07 03:59:44.421  3068  3084 D BluetoothAdapterService: setProfileServiceState() - Starting service com.android.bluetooth.opp.BluetoothOppService
01-07 03:59:44.424  2102  2102 I zygote64: Deoptimizing void com.android.systemui.qs.tileimpl.QSIconViewImpl.updateIcon(android.widget.ImageView, com.android.systemui.plugins.qs.QSTile$State) due to JIT inline cache
01-07 03:59:44.432  3068  3084 D BluetoothAdapterService: setProfileServiceState() - Starting service com.android.bluetooth.pbap.BluetoothPbapService
01-07 03:59:44.434  3068  3068 D HeadsetStateMachine: max_hf_connections = 1
01-07 03:59:44.435  3068  3068 D HeadsetStateMachine: in-band_ringing_support = false
01-07 03:59:44.435  3068  3084 I BluetoothAdapterState: Entering PendingCommandState
01-07 03:59:44.435  3068  3068 I bt_btif : get_profile_interface: id = handsfree
01-07 03:59:44.435  3068  3090 I bt_btif_storage: btif_storage_get_adapter_property service_mask:0x20000040
01-07 03:59:44.436  3068  3090 E bt_btif : btif_hf_upstreams_evt: Invalid index 49184
01-07 03:59:44.449  3068  3068 D BluetoothAdapterService: getAdapterService() - returning com.android.bluetooth.btservice.AdapterService@ec5cdaf
01-07 03:59:44.455  1384  1384 D BluetoothA2dp: Proxy object connected
01-07 03:59:44.455  3068  3068 D BluetoothAdapterService: getAdapterService() - returning com.android.bluetooth.btservice.AdapterService@ec5cdaf
01-07 03:59:44.458  3068  3068 D A2dpService: Received start request. Starting profile...
01-07 03:59:44.459  3068  3068 I BluetoothAvrcpServiceJni: classInitNative: succeeds
01-07 03:59:44.459  3068  3068 V Avrcp   : make
01-07 03:59:44.462  3068  3068 I bt_btif : get_profile_interface: id = avrcp
01-07 03:59:44.471  2446  2446 I RenderThread: type=1400 audit(0.0:979): avc: denied { read write } for path="/dev/kgsl-3d0" dev="tmpfs" ino=11864 scontext=u:r:platform_app:s0:c512,c768 tcontext=u:object_r:device:s0 tclass=chr_file permissive=1
01-07 03:59:44.476  1384  2183 D MediaSessionService: The callback android.media.session.ICallback$Stub$Proxy@5caa048 is set by com.android.bluetooth
01-07 03:59:44.479  3068  3068 V Avrcp   : initMediaPlayerInfoList: 0 controllers
01-07 03:59:44.482  3068  3068 D Avrcp   : User already unlocked, initializing player lists
01-07 03:59:44.483  3068  3068 I BluetoothA2dpServiceJni: classInitNative: succeeds
01-07 03:59:44.484  3068  3068 D A2dpStateMachine: make
01-07 03:59:44.485  3068  3068 I bt_btif : get_profile_interface: id = a2dp
01-07 03:59:44.487  3068  3111 I bt_osi_thread: run_thread: thread id 3111, thread name btif_a2dp_source started
01-07 03:59:44.488  3068  3068 D a2dp_codec: init
01-07 03:59:44.488  3068  3068 D a2dp_codec: createCodec: codec SBC
01-07 03:59:44.488  3068  3068 I a2dp_codec: init: updated SBC codec priority to 1001
01-07 03:59:44.489  3068  3090 I bt_btif_storage: btif_storage_get_adapter_property service_mask:0x20000048
01-07 03:59:44.489  3068  3068 D a2dp_codec: createCodec: codec AAC
01-07 03:59:44.489  3068  3090 E bt_btif : btif_sm_dispatch : Invalid handle
01-07 03:59:44.489  3068  3068 I a2dp_codec: init: updated AAC codec priority to 2001
01-07 03:59:44.489  3068  3103 I bt_bta_av: AVRCP version used for sdp: "avrcp14"
01-07 03:59:44.490  3068  3068 D a2dp_codec: createCodec: codec aptX
01-07 03:59:44.491  3068  3090 E bt_btif : btif_sm_dispatch : Invalid handle
01-07 03:59:44.495  3068  3068 I a2dp_codec: init: updated aptX codec priority to 3001
01-07 03:59:44.495  3068  3068 D a2dp_codec: createCodec: codec aptX-HD
