01-03 22:41:09.910 23215 23215 E AndroidRuntime: 	at com.android.server.SystemServer.main(SystemServer.java:262)
01-03 22:41:09.910 23215 23215 E AndroidRuntime: 	at java.lang.reflect.Method.invoke(Native Method)
01-03 22:41:09.910 23215 23215 E AndroidRuntime: 	at com.android.internal.os.Zygote$MethodAndArgsCaller.run(Zygote.java:240)
01-03 22:41:09.910 23215 23215 E AndroidRuntime: 	at com.android.internal.os.ZygoteInit.main(ZygoteInit.java:767)
01-03 22:41:09.960 23989 23989 E AndroidRuntime: FATAL EXCEPTION: main
01-03 22:41:09.960 23989 23989 E AndroidRuntime: Process: com.android.nfc, PID: 23989
01-03 22:41:09.960 23989 23989 E AndroidRuntime: DeadSystemException: The system died; earlier logs will point to the root cause
01-03 22:41:09.968 24115 24115 E AndroidRuntime: FATAL EXCEPTION: main
01-03 22:41:09.968 24115 24115 E AndroidRuntime: Process: android.process.media, PID: 24115
01-03 22:41:09.968 24115 24115 E AndroidRuntime: DeadSystemException: The system died; earlier logs will point to the root cause
01-03 22:41:24.069 24246 24246 E AndroidRuntime: *** FATAL EXCEPTION IN SYSTEM PROCESS: main
01-03 22:41:24.069 24246 24246 E AndroidRuntime: java.lang.UnsatisfiedLinkError: dlopen failed: cannot locate symbol "get_process_name" referenced by "/system/vendor/lib64/libizat_core.so"...
01-03 22:41:24.069 24246 24246 E AndroidRuntime: 	at java.lang.Runtime.loadLibrary0(Runtime.java:1016)
01-03 22:41:24.069 24246 24246 E AndroidRuntime: 	at java.lang.System.loadLibrary(System.java:1657)
01-03 22:41:24.069 24246 24246 E AndroidRuntime: 	at com.qualcomm.location.izatserviceprovider.service.IzatServiceBase.<clinit>(IzatServiceBase.java:199)
01-03 22:41:24.069 24246 24246 E AndroidRuntime: 	at java.lang.Class.newInstance(Native Method)
01-03 22:41:24.069 24246 24246 E AndroidRuntime: 	at android.app.ActivityThread.handleCreateService(ActivityThread.java:3386)
01-03 22:41:24.069 24246 24246 E AndroidRuntime: 	at android.app.ActivityThread.-wrap4(Unknown Source:0)
01-03 22:41:24.069 24246 24246 E AndroidRuntime: 	at android.app.ActivityThread$H.handleMessage(ActivityThread.java:1683)
01-03 22:41:24.069 24246 24246 E AndroidRuntime: 	at android.os.Handler.dispatchMessage(Handler.java:105)
01-03 22:41:24.069 24246 24246 E AndroidRuntime: 	at android.os.Looper.loop(Looper.java:164)
01-03 22:41:24.069 24246 24246 E AndroidRuntime: 	at com.android.server.SystemServer.run(SystemServer.java:423)
01-03 22:41:24.069 24246 24246 E AndroidRuntime: 	at com.android.server.SystemServer.main(SystemServer.java:262)
01-03 22:41:24.069 24246 24246 E AndroidRuntime: 	at java.lang.reflect.Method.invoke(Native Method)
01-03 22:41:24.069 24246 24246 E AndroidRuntime: 	at com.android.internal.os.Zygote$MethodAndArgsCaller.run(Zygote.java:240)
01-03 22:41:24.069 24246 24246 E AndroidRuntime: 	at com.android.internal.os.ZygoteInit.main(ZygoteInit.java:767)
01-03 22:41:24.137 24997 24997 E AndroidRuntime: FATAL EXCEPTION: main
01-03 22:41:24.137 24997 24997 E AndroidRuntime: Process: com.android.nfc, PID: 24997
01-03 22:41:24.137 24997 24997 E AndroidRuntime: DeadSystemException: The system died; earlier logs will point to the root cause
01-03 22:41:24.138 24659 24659 E AndroidRuntime: FATAL EXCEPTION: main
01-03 22:41:24.138 24659 24659 E AndroidRuntime: Process: com.android.settings, PID: 24659
01-03 22:41:24.138 24659 24659 E AndroidRuntime: DeadSystemException: The system died; earlier logs will point to the root cause
01-03 22:41:24.142 25122 25122 E AndroidRuntime: FATAL EXCEPTION: main
01-03 22:41:24.142 25122 25122 E AndroidRuntime: PID: 25122
01-03 22:41:24.142 25122 25122 E AndroidRuntime: DeadSystemException: The system died; earlier logs will point to the root cause
01-03 22:41:38.146 25229 25229 E AndroidRuntime: *** FATAL EXCEPTION IN SYSTEM PROCESS: main
01-03 22:41:38.146 25229 25229 E AndroidRuntime: java.lang.UnsatisfiedLinkError: dlopen failed: cannot locate symbol "get_process_name" referenced by "/system/vendor/lib64/libizat_core.so"...
01-03 22:41:38.146 25229 25229 E AndroidRuntime: 	at java.lang.Runtime.loadLibrary0(Runtime.java:1016)
01-03 22:41:38.146 25229 25229 E AndroidRuntime: 	at java.lang.System.loadLibrary(System.java:1657)
01-03 22:41:38.146 25229 25229 E AndroidRuntime: 	at com.qualcomm.location.izatserviceprovider.service.IzatServiceBase.<clinit>(IzatServiceBase.java:199)
01-03 22:41:38.146 25229 25229 E AndroidRuntime: 	at java.lang.Class.newInstance(Native Method)
01-03 22:41:38.146 25229 25229 E AndroidRuntime: 	at android.app.ActivityThread.handleCreateService(ActivityThread.java:3386)
01-03 22:41:38.146 25229 25229 E AndroidRuntime: 	at android.app.ActivityThread.-wrap4(Unknown Source:0)
01-03 22:41:38.146 25229 25229 E AndroidRuntime: 	at android.app.ActivityThread$H.handleMessage(ActivityThread.java:1683)
01-03 22:41:38.146 25229 25229 E AndroidRuntime: 	at android.os.Handler.dispatchMessage(Handler.java:105)
01-03 22:41:38.146 25229 25229 E AndroidRuntime: 	at android.os.Looper.loop(Looper.java:164)
01-03 22:41:38.146 25229 25229 E AndroidRuntime: 	at com.android.server.SystemServer.run(SystemServer.java:423)
01-03 22:41:38.146 25229 25229 E AndroidRuntime: 	at com.android.server.SystemServer.main(SystemServer.java:262)
01-03 22:41:38.146 25229 25229 E AndroidRuntime: 	at java.lang.reflect.Method.invoke(Native Method)
01-03 22:41:38.146 25229 25229 E AndroidRuntime: 	at com.android.internal.os.Zygote$MethodAndArgsCaller.run(Zygote.java:240)
01-03 22:41:38.146 25229 25229 E AndroidRuntime: 	at com.android.internal.os.ZygoteInit.main(ZygoteInit.java:767)
01-03 22:41:38.198 25935 25935 E AndroidRuntime: FATAL EXCEPTION: main
01-03 22:41:38.198 25935 25935 E AndroidRuntime: Process: com.android.nfc, PID: 25935
01-03 22:41:38.198 25935 25935 E AndroidRuntime: DeadSystemException: The system died; earlier logs will point to the root cause
01-03 22:41:38.200 26058 26058 E AndroidRuntime: FATAL EXCEPTION: main
01-03 22:41:38.200 26058 26058 E AndroidRuntime: PID: 26058
01-03 22:41:38.200 26058 26058 E AndroidRuntime: DeadSystemException: The system died; earlier logs will point to the root cause
01-03 22:41:45.358 26195 26307 E UsbPortManager: port status enquiry failed
01-03 22:41:45.496 26195 26213 E BatteryStatsService: no controller energy info supplied
01-03 22:41:45.496 26195 26213 E BatteryStatsService: no controller energy info supplied
--------- beginning of main
01-03 22:41:45.712  1158  1267 E ThermalEngine: ACTION: CLUSTER - Setting CLUSTER[1] to 1248000
01-03 22:41:45.713 26195 26195 E LocationManagerService: no geocoder provider found
01-03 22:41:45.743  1158  1267 E ThermalEngine: ACTION: CLUSTER - Setting CLUSTER[1] to 960000
01-03 22:41:45.777  1153  1153 E QMI_FW  : xport_send: Sendto failed for port 1792
01-03 22:41:45.777  1153  1153 E QMI_FW  : QCCI qmi_cci_flush_tx_q: Error sending TXN: svc_id: 256 txn_id: 1 msg_id: 2
01-03 22:41:45.777  1153  1153 E Sensors : sns_acm_mr.c(499):Transport error -16
01-03 22:41:45.781  1421  1421 E OMX-VDEC-1080P: Extension: OMX.google.android.index.storeANWBufferInMetadata not implemented
01-03 22:41:45.781  1421  1421 E OMX-VDEC-1080P: Extension: OMX.google.android.index.configureVideoTunnelMode not implemented
01-03 22:41:45.781  1421  1421 E OMX-VDEC-1080P: Extension: OMX.google.android.index.useAndroidNativeBuffer is supported
01-03 22:41:45.782  1421  6473 E OMXNodeInstance: getParameter(0xf371b284:qcom.decoder.h263, ??(0x7f000044)) ERROR: UnsupportedSetting(0x80001019)
01-03 22:41:45.782  1421  1421 E OMXNodeInstance: getParameter(0xf371b284:qcom.decoder.h263, ??(0x7f000044)) ERROR: UnsupportedSetting(0x80001019)
01-03 22:41:45.784  1421  3270 E OMX-VDEC-1080P: Extension: OMX.google.android.index.configureVideoTunnelMode not implemented
01-03 22:41:45.784  1421  3270 E OMXNodeInstance: getExtensionIndex(0xf371b284:qcom.decoder.h263, OMX.google.android.index.configureVideoTunnelMode) ERROR: NotImplemented(0x80001006)
01-03 22:41:45.784  1421  1421 E OMX-VDEC-1080P: Extension: OMX.google.android.index.storeANWBufferInMetadata not implemented
01-03 22:41:45.803  1421  1638 E OMX-VDEC-1080P: Extension: OMX.google.android.index.storeANWBufferInMetadata not implemented
01-03 22:41:45.803  1421  1638 E OMX-VDEC-1080P: Extension: OMX.google.android.index.configureVideoTunnelMode not implemented
01-03 22:41:45.803  1421  1638 E OMX-VDEC-1080P: Extension: OMX.google.android.index.useAndroidNativeBuffer is supported
01-03 22:41:45.803  1158  1267 E ThermalEngine: ACTION: CLUSTER - Setting CLUSTER[1] to 1248000
01-03 22:41:45.804  1421  3533 E OMXNodeInstance: getParameter(0xf3859a44:qcom.decoder.vp8, ??(0x7f000044)) ERROR: UnsupportedSetting(0x80001019)
01-03 22:41:45.804  1421  1638 E OMXNodeInstance: getParameter(0xf3859a44:qcom.decoder.vp8, ??(0x7f000044)) ERROR: UnsupportedSetting(0x80001019)
01-03 22:41:45.805  1421  6473 E OMX-VDEC-1080P: Extension: OMX.google.android.index.configureVideoTunnelMode not implemented
01-03 22:41:45.805  1421  6473 E OMXNodeInstance: getExtensionIndex(0xf3859a44:qcom.decoder.vp8, OMX.google.android.index.configureVideoTunnelMode) ERROR: NotImplemented(0x80001006)
01-03 22:41:45.805  1421  1638 E OMX-VDEC-1080P: Extension: OMX.google.android.index.storeANWBufferInMetadata not implemented
01-03 22:41:45.829  1421  6473 E OMX-VDEC-1080P: Extension: OMX.google.android.index.storeANWBufferInMetadata not implemented
01-03 22:41:45.830  1421  6473 E OMX-VDEC-1080P: Extension: OMX.google.android.index.configureVideoTunnelMode not implemented
01-03 22:41:45.830  1421  6473 E OMX-VDEC-1080P: Extension: OMX.google.android.index.useAndroidNativeBuffer is supported
01-03 22:41:45.830  1421  1421 E OMXNodeInstance: getParameter(0xf373e004:qcom.decoder.hevc, ??(0x7f000044)) ERROR: UnsupportedSetting(0x80001019)
01-03 22:41:45.831  1421  6473 E OMXNodeInstance: getParameter(0xf373e004:qcom.decoder.hevc, ??(0x7f000044)) ERROR: UnsupportedSetting(0x80001019)
01-03 22:41:45.834  1158  1267 E ThermalEngine: ACTION: CLUSTER - Setting CLUSTER[1] to 960000
01-03 22:41:45.834  1421  3271 E OMX-VDEC-1080P: Extension: OMX.google.android.index.configureVideoTunnelMode not implemented
01-03 22:41:45.834  1421  3271 E OMXNodeInstance: getExtensionIndex(0xf373e004:qcom.decoder.hevc, OMX.google.android.index.configureVideoTunnelMode) ERROR: NotImplemented(0x80001006)
01-03 22:41:45.836  1421  6473 E OMX-VDEC-1080P: Extension: OMX.google.android.index.storeANWBufferInMetadata not implemented
01-03 22:41:45.857  1421  3271 E OMX-VDEC-1080P: Extension: OMX.google.android.index.storeANWBufferInMetadata not implemented
01-03 22:41:45.857  1421  3271 E OMX-VDEC-1080P: Extension: OMX.google.android.index.configureVideoTunnelMode not implemented
01-03 22:41:45.857  1421  3271 E OMX-VDEC-1080P: Extension: OMX.google.android.index.useAndroidNativeBuffer is supported
01-03 22:41:45.859  1421  1421 E OMXNodeInstance: getParameter(0xf371b284:qcom.decoder.hevc.secure, ??(0x7f000044)) ERROR: UnsupportedSetting(0x80001019)
01-03 22:41:45.859  1421  3271 E OMXNodeInstance: getParameter(0xf371b284:qcom.decoder.hevc.secure, ??(0x7f000044)) ERROR: UnsupportedSetting(0x80001019)
01-03 22:41:45.862  1421  3533 E OMX-VDEC-1080P: Extension: OMX.google.android.index.configureVideoTunnelMode not implemented
01-03 22:41:45.862  1421  3533 E OMXNodeInstance: getExtensionIndex(0xf371b284:qcom.decoder.hevc.secure, OMX.google.android.index.configureVideoTunnelMode) ERROR: NotImplemented(0x80001006)
01-03 22:41:45.863  1421  3271 E OMX-VDEC-1080P: Extension: OMX.google.android.index.storeANWBufferInMetadata not implemented
01-03 22:41:45.864  1158  1267 E ThermalEngine: ACTION: CLUSTER - Setting CLUSTER[1] to 1248000
01-03 22:41:45.869  1421  3270 E OMX     : FAILED to allocate omx component 'OMX.qti.audio.decoder.flac' err=??(0x80001002)
01-03 22:41:45.892  1421  6473 E OMXNodeInstance: getExtensionIndex(0xf511a1e0:google.mpeg4.decoder, OMX.google.android.index.configureVideoTunnelMode) ERROR: UnsupportedIndex(0x8000101a)
01-03 22:41:45.892  1421  1638 E OMXNodeInstance: getExtensionIndex(0xf511a1e0:google.mpeg4.decoder, OMX.google.android.index.enableAndroidNativeBuffers) ERROR: UnsupportedIndex(0x8000101a)
01-03 22:41:45.894  1158  1267 E ThermalEngine: ACTION: CLUSTER - Setting CLUSTER[1] to 960000
01-03 22:41:45.897  1153  1153 E QMI_FW  : xport_send: Sendto failed for port 13056
01-03 22:41:45.897  1153  1153 E QMI_FW  : QCCI qmi_cci_flush_tx_q: Error sending TXN: svc_id: 276 txn_id: 1 msg_id: 2
01-03 22:41:45.897  1153  1153 E Sensors : sns_acm_mr.c(499):Transport error -16
01-03 22:41:45.906  1421  3271 E OMXNodeInstance: getExtensionIndex(0xf511a180:google.h263.decoder, OMX.google.android.index.configureVideoTunnelMode) ERROR: UnsupportedIndex(0x8000101a)
01-03 22:41:45.907  1421  3533 E OMXNodeInstance: getExtensionIndex(0xf511a180:google.h263.decoder, OMX.google.android.index.enableAndroidNativeBuffers) ERROR: UnsupportedIndex(0x8000101a)
01-03 22:41:45.917  1421  3271 E OMXNodeInstance: getExtensionIndex(0xf511a1e0:google.h264.decoder, OMX.google.android.index.configureVideoTunnelMode) ERROR: UnsupportedIndex(0x8000101a)
01-03 22:41:45.918  1421  3270 E OMXNodeInstance: getExtensionIndex(0xf511a1e0:google.h264.decoder, OMX.google.android.index.enableAndroidNativeBuffers) ERROR: UnsupportedIndex(0x8000101a)
01-03 22:41:45.927  1421  6473 E OMXNodeInstance: getExtensionIndex(0xf54a30e0:google.hevc.decoder, OMX.google.android.index.configureVideoTunnelMode) ERROR: UnsupportedIndex(0x8000101a)
01-03 22:41:45.927  1421  1638 E OMXNodeInstance: getExtensionIndex(0xf54a30e0:google.hevc.decoder, OMX.google.android.index.enableAndroidNativeBuffers) ERROR: UnsupportedIndex(0x8000101a)
01-03 22:41:45.937  1421  1421 E OMXNodeInstance: getExtensionIndex(0xf511a1e0:google.vp8.decoder, OMX.google.android.index.configureVideoTunnelMode) ERROR: UnsupportedIndex(0x8000101a)
01-03 22:41:45.938  1421  3271 E OMXNodeInstance: getExtensionIndex(0xf511a1e0:google.vp8.decoder, OMX.google.android.index.enableAndroidNativeBuffers) ERROR: UnsupportedIndex(0x8000101a)
01-03 22:41:45.946  1421  3533 E OMXNodeInstance: getExtensionIndex(0xf511a480:google.vp9.decoder, OMX.google.android.index.configureVideoTunnelMode) ERROR: UnsupportedIndex(0x8000101a)
01-03 22:41:45.946  1421  1638 E OMXNodeInstance: getExtensionIndex(0xf511a480:google.vp9.decoder, OMX.google.android.index.enableAndroidNativeBuffers) ERROR: UnsupportedIndex(0x8000101a)
01-03 22:41:45.959  1421  1421 E OMXNodeInstance: getConfig(0xf511a1e0:google.h263.encoder, ConfigAndroidIntraRefresh(0x6f60000a)) ERROR: Undefined(0x80001001)
01-03 22:41:45.989  1421  3533 E OMXNodeInstance: getConfig(0xf511a2a0:google.mpeg4.encoder, ConfigAndroidIntraRefresh(0x6f60000a)) ERROR: Undefined(0x80001001)
01-03 22:41:45.998  1421  3271 E OMXNodeInstance: getConfig(0xf511a1e0:google.vp8.encoder, ConfigAndroidIntraRefresh(0x6f60000a)) ERROR: Undefined(0x80001001)
01-03 22:41:46.009 26195 26195 E WiredAccessoryManager: No state change.
01-03 22:41:46.009  1421  3270 E OMXNodeInstance: getConfig(0xf511a480:google.vp9.encoder, ConfigAndroidIntraRefresh(0x6f60000a)) ERROR: Undefined(0x80001001)
01-03 22:41:46.037  1421  3271 E OMXNodeInstance: getConfig(0xf54a36e0:google.vorbis.decoder, ConfigAndroidVendorExtension(0x6f100004)) ERROR: Undefined(0x80001001)
01-03 22:41:46.042  1421  1421 E OMXNodeInstance: getConfig(0xf54a2ea0:google.vorbis.decoder, ConfigAndroidVendorExtension(0x6f100004)) ERROR: Undefined(0x80001001)
01-03 22:41:46.226  1421  1638 E OMXNodeInstance: getConfig(0xf54a36e0:google.vorbis.decoder, ConfigAndroidVendorExtension(0x6f100004)) ERROR: Undefined(0x80001001)
01-03 22:41:46.239  1421  1638 E OMXNodeInstance: getConfig(0xf54a2ea0:google.vorbis.decoder, ConfigAndroidVendorExtension(0x6f100004)) ERROR: Undefined(0x80001001)
01-03 22:41:46.333  1421  3270 E OMXNodeInstance: getConfig(0xf511a660:google.vorbis.decoder, ConfigAndroidVendorExtension(0x6f100004)) ERROR: Undefined(0x80001001)
01-03 22:41:46.381  1421  6473 E OMXNodeInstance: getConfig(0xf511a420:google.vorbis.decoder, ConfigAndroidVendorExtension(0x6f100004)) ERROR: Undefined(0x80001001)
01-03 22:41:46.435  1421  3533 E OMXNodeInstance: getConfig(0xf54a2f00:google.vorbis.decoder, ConfigAndroidVendorExtension(0x6f100004)) ERROR: Undefined(0x80001001)
01-03 22:41:46.535  1421  1638 E OMXNodeInstance: getConfig(0xf511a360:google.vorbis.decoder, ConfigAndroidVendorExtension(0x6f100004)) ERROR: Undefined(0x80001001)
01-03 22:41:46.621 26543 26543 E PhoneInterfaceManager: [PhoneIntfMgr] getIccId: No UICC
01-03 22:41:46.661 26543 26543 E PhoneInterfaceManager: [PhoneIntfMgr] getIccId: No UICC
01-03 22:41:46.675  1421  1421 E OMXNodeInstance: getConfig(0xf511a6c0:google.vorbis.decoder, ConfigAndroidVendorExtension(0x6f100004)) ERROR: Undefined(0x80001001)
01-03 22:41:46.900  1153  1153 E QMI_FW  : xport_send: Sendto failed for port 13056
01-03 22:41:46.900  1153  1153 E QMI_FW  : QCCI qmi_cci_flush_tx_q: Error sending TXN: svc_id: 276 txn_id: 2 msg_id: 3
01-03 22:41:46.900  1153  1153 E Sensors : sns_acm_mr.c(499):Transport error -16
01-03 22:41:47.577 26753 26753 E ANDR-PERF-MPCTL: Unable to create control service (stage=1, rc=0)
01-03 22:41:47.909 26251 26251 E Camera2-Metadata: Update metadata entry: Unknown tag -2147352575
01-03 22:41:47.909 26251 26251 E Camera2-Metadata: Update metadata entry: Unknown tag -2147352576
01-03 22:41:47.910 26251 26251 E LGCamera2HWI: void qcamera::n2pmInit() : Failed to load libn2pm.so
01-03 22:41:47.948  1153  1153 E QMI_FW  : xport_send: Sendto failed for port 1792
01-03 22:41:47.948  1153  1153 E QMI_FW  : QCCI qmi_cci_flush_tx_q: Error sending TXN: svc_id: 256 txn_id: 2 msg_id: 0
01-03 22:41:47.948  1153  1153 E Sensors : sns_acm_mr.c(499):Transport error -16
01-03 22:41:47.989  1153  1153 E QMI_FW  : xport_send: Sendto failed for port 1792
01-03 22:41:47.989  1153  1153 E QMI_FW  : QCCI qmi_cci_flush_tx_q: Error sending TXN: svc_id: 256 txn_id: 1 msg_id: 2
01-03 22:41:47.989  1153  1153 E Sensors : sns_acm_mr.c(499):Transport error -16
01-03 22:41:48.090  1153  1153 E QMI_FW  : xport_send: Sendto failed for port 13056
01-03 22:41:48.090  1153  1153 E QMI_FW  : QCCI qmi_cci_flush_tx_q: Error sending TXN: svc_id: 276 txn_id: 1 msg_id: 2
01-03 22:41:48.090  1153  1153 E Sensors : sns_acm_mr.c(499):Transport error -16
01-03 22:41:48.371  1421  1638 E OMXNodeInstance: setConfig(0xf511a420:google.vorbis.decoder, ConfigPriority(0x6f800002)) ERROR: Undefined(0x80001001)
01-03 22:41:48.375  1421  1421 E OMXNodeInstance: getConfig(0xf511a420:google.vorbis.decoder, ConfigAndroidVendorExtension(0x6f100004)) ERROR: Undefined(0x80001001)
01-03 22:41:49.092  1153  1153 E QMI_FW  : xport_send: Sendto failed for port 13056
01-03 22:41:49.092  1153  1153 E QMI_FW  : QCCI qmi_cci_flush_tx_q: Error sending TXN: svc_id: 276 txn_id: 2 msg_id: 3
01-03 22:41:49.092  1153  1153 E Sensors : sns_acm_mr.c(499):Transport error -16
01-03 22:41:49.112  1158  1263 E ThermalEngine: [BMHB_GOV] read failed VS_TEMP
01-03 22:41:50.160 26251 26251 E QCameraHWI_Mem: void qcamera::QCameraMemory::traceLogAllocStart(size_t, int, const char*):HeapMemsize 659104
01-03 22:41:50.160 26251 26251 E QCameraHWI_Mem: void qcamera::QCameraMemory::traceLogAllocStart(size_t, int, const char*):Memsize 659104
01-03 22:41:50.160 26251 26251 E QCameraHWI_Mem: void qcamera::QCameraMemory::traceLogAllocEnd(size_t) 659104
01-03 22:41:50.160 26251 26251 E QCameraHWI_Mem: void qcamera::QCameraMemory::traceLogAllocEnd(size_t) 659104
01-03 22:41:50.168 26251 26251 E LGCameraParameters: void qcamera::QCameraParameters::initDefaultParametersEx(): multi_window_af_supported = 1
01-03 22:41:50.168 26251 26251 E LGCameraParameters: createMultiWindowString: (-280,-280,0,0,1),(-140,-420,140,-140,1),(0,-280,280,0,1),(-420,-140,-140,140,1),(-140,-140,140,140,1),(140,-140,420,140,1),(-280,0,0,280,1),(-140,140,140,420,1),(0,0,280,280,1),(-220,-220,220,220,1)
01-03 22:41:50.168 26251 26251 E LGCameraParameters: createMultiWindowString: (720,720,1000,1000,1),(860,580,1140,860,1),(1000,720,1280,1000,1),(580,860,860,1140,1),(860,860,1140,1140,1),(1140,860,1420,1140,1),(720,1000,1000,1420,1),(860,1140,1140,1420,1),(1000,1000,1280,1280,1)
01-03 22:41:50.169 26251 26251 E LGCameraParameters: int32_t qcamera::QCameraParameters::setBeautyLevel(int) : [ARC_BEAUTY] beautylevel = 0
01-03 22:41:50.173 26251 26251 E QCamera2HWI: int qcamera::QCamera2HardwareInterface::openCamera(hw_device_t**):[PREVIEW_COUNT] preview_count(1)
01-03 22:41:50.188 26251 26251 E QCamera2HWI: int qcamera::QCamera2HardwareInterface::closeCamera():[PREVIEW_COUNT] preview_count(0)
01-03 22:41:50.190 26251 26251 E QCamera2HWI: int qcamera::QCamera2HardwareInterface::closeCamera():[PREVIEW_COUNT][LOAD] preview_count(0) // MultiView(0)
01-03 22:41:50.201  1153  1153 E QMI_FW  : xport_send: Sendto failed for port 1792
01-03 22:41:50.201  1153  1153 E QMI_FW  : QCCI qmi_cci_flush_tx_q: Error sending TXN: svc_id: 256 txn_id: 2 msg_id: 0
01-03 22:41:50.201  1153  1153 E Sensors : sns_acm_mr.c(499):Transport error -16
01-03 22:41:50.350  1153  1153 E QMI_FW  : xport_send: Sendto failed for port 1792
01-03 22:41:50.351  1153  1153 E QMI_FW  : QCCI qmi_cci_flush_tx_q: Error sending TXN: svc_id: 256 txn_id: 1 msg_id: 2
01-03 22:41:50.351  1153  1153 E Sensors : sns_acm_mr.c(499):Transport error -16
01-03 22:41:50.486  1153  1153 E QMI_FW  : xport_send: Sendto failed for port 13056
01-03 22:41:50.486  1153  1153 E QMI_FW  : QCCI qmi_cci_flush_tx_q: Error sending TXN: svc_id: 276 txn_id: 1 msg_id: 2
01-03 22:41:50.486  1153  1153 E Sensors : sns_acm_mr.c(499):Transport error -16
01-03 22:41:50.947  1177  2761 E installd: Failed to unlink /data//dalvik-cache/arm/.booting: No such file or directory
01-03 22:41:50.953 26195 26220 E SensorManager: sensor or listener is null
01-03 22:41:50.963  1158  1267 E ThermalEngine: ACTION: CLUSTER - Setting CLUSTER[1] to 1248000
01-03 22:41:51.468 26899 26899 E ANDR-PERF-MPCTL: Unable to create control service (stage=1, rc=0)
01-03 22:41:51.488  1153  1153 E QMI_FW  : xport_send: Sendto failed for port 13056
01-03 22:41:51.488  1153  1153 E QMI_FW  : QCCI qmi_cci_flush_tx_q: Error sending TXN: svc_id: 276 txn_id: 2 msg_id: 3
01-03 22:41:51.488  1153  1153 E Sensors : sns_acm_mr.c(499):Transport error -16
01-03 22:41:51.727 26543 26543 E PhoneInterfaceManager: [PhoneIntfMgr] getCarrierPackageNamesForIntent: No UICC
01-03 22:41:51.837  1158  1267 E ThermalEngine: ACTION: CLUSTER - Setting CLUSTER[1] to 960000
01-03 22:41:51.982 26936 27058 E NfcAdaptation: NfcAdaptation::Initialize: ver=NFCDROID-AOSP_M_00.01 nfa=NFA_PI_1.03.66+
01-03 22:41:51.982 26195 26195 E AndroidRuntime: *** FATAL EXCEPTION IN SYSTEM PROCESS: main
01-03 22:41:51.982 26195 26195 E AndroidRuntime: java.lang.UnsatisfiedLinkError: dlopen failed: cannot locate symbol "get_process_name" referenced by "/system/vendor/lib64/libizat_core.so"...
01-03 22:41:51.982 26195 26195 E AndroidRuntime: 	at java.lang.Runtime.loadLibrary0(Runtime.java:1016)
01-03 22:41:51.982 26195 26195 E AndroidRuntime: 	at java.lang.System.loadLibrary(System.java:1657)
01-03 22:41:51.982 26195 26195 E AndroidRuntime: 	at com.qualcomm.location.izatserviceprovider.service.IzatServiceBase.<clinit>(IzatServiceBase.java:199)
01-03 22:41:51.982 26195 26195 E AndroidRuntime: 	at java.lang.Class.newInstance(Native Method)
01-03 22:41:51.982 26195 26195 E AndroidRuntime: 	at android.app.ActivityThread.handleCreateService(ActivityThread.java:3386)
01-03 22:41:51.982 26195 26195 E AndroidRuntime: 	at android.app.ActivityThread.-wrap4(Unknown Source:0)
01-03 22:41:51.982 26195 26195 E AndroidRuntime: 	at android.app.ActivityThread$H.handleMessage(ActivityThread.java:1683)
01-03 22:41:51.982 26195 26195 E AndroidRuntime: 	at android.os.Handler.dispatchMessage(Handler.java:105)
01-03 22:41:51.982 26195 26195 E AndroidRuntime: 	at android.os.Looper.loop(Looper.java:164)
01-03 22:41:51.982 26195 26195 E AndroidRuntime: 	at com.android.server.SystemServer.run(SystemServer.java:423)
01-03 22:41:51.982 26195 26195 E AndroidRuntime: 	at com.android.server.SystemServer.main(SystemServer.java:262)
01-03 22:41:51.982 26195 26195 E AndroidRuntime: 	at java.lang.reflect.Method.invoke(Native Method)
01-03 22:41:51.982 26195 26195 E AndroidRuntime: 	at com.android.internal.os.Zygote$MethodAndArgsCaller.run(Zygote.java:240)
01-03 22:41:51.982 26195 26195 E AndroidRuntime: 	at com.android.internal.os.ZygoteInit.main(ZygoteInit.java:767)
01-03 22:41:51.985 26936 27063 E BrcmNfcNfa: gki_task task_id=0 terminating
01-03 22:41:51.993 26936 27058 E android.hardware.nfc@1.0-impl: hw_get_module nfc_nci failed: -2
01-03 22:41:51.993 26936 27058 E android.hardware.nfc@1.0-impl: Passthrough failed to load legacy HAL.
01-03 22:41:51.996 26936 27058 F libc    : Fatal signal 11 (SIGSEGV), code 1, fault addr 0x0 in tid 27058 (AsyncTask #1)
01-03 22:41:52.048 27032 27032 E TelecomManager: RemoteException attempting to get the default dialer package name.
01-03 22:41:52.048 27032 27032 E TelecomManager: android.os.DeadObjectException
01-03 22:41:52.048 27032 27032 E TelecomManager: 	at android.os.BinderProxy.transactNative(Native Method)
01-03 22:41:52.048 27032 27032 E TelecomManager: 	at android.os.BinderProxy.transact(Binder.java:748)
01-03 22:41:52.048 27032 27032 E TelecomManager: 	at com.android.internal.telecom.ITelecomService$Stub$Proxy.getDefaultDialerPackage(ITelecomService.java:1179)
01-03 22:41:52.048 27032 27032 E TelecomManager: 	at android.telecom.TelecomManager.getDefaultDialerPackage(TelecomManager.java:1016)
01-03 22:41:52.048 27032 27032 E TelecomManager: 	at com.android.dialer.telecom.TelecomUtil.isDefaultDialer(TelecomUtil.java:205)
01-03 22:41:52.048 27032 27032 E TelecomManager: 	at com.android.dialer.telecom.TelecomUtil.hasReadPhoneStatePermission(TelecomUtil.java:184)
01-03 22:41:52.048 27032 27032 E TelecomManager: 	at com.android.dialer.telecom.TelecomUtil.getCallCapablePhoneAccounts(TelecomUtil.java:121)
01-03 22:41:52.048 27032 27032 E TelecomManager: 	at com.android.dialer.notification.NotificationChannelManager.initChannels(NotificationChannelManager.java:191)
01-03 22:41:52.048 27032 27032 E TelecomManager: 	at com.android.dialer.notification.PackageUpdatedReceiver.onReceive(PackageUpdatedReceiver.java:35)
01-03 22:41:52.048 27032 27032 E TelecomManager: 	at android.app.ActivityThread.handleReceiver(ActivityThread.java:3252)
01-03 22:41:52.048 27032 27032 E TelecomManager: 	at android.app.ActivityThread.-wrap17(Unknown Source:0)
01-03 22:41:52.048 27032 27032 E TelecomManager: 	at android.app.ActivityThread$H.handleMessage(ActivityThread.java:1677)
01-03 22:41:52.048 27032 27032 E TelecomManager: 	at android.os.Handler.dispatchMessage(Handler.java:105)
01-03 22:41:52.048 27032 27032 E TelecomManager: 	at android.os.Looper.loop(Looper.java:164)
01-03 22:41:52.048 27032 27032 E TelecomManager: 	at android.app.ActivityThread.main(ActivityThread.java:6541)
01-03 22:41:52.048 27032 27032 E TelecomManager: 	at java.lang.reflect.Method.invoke(Native Method)
01-03 22:41:52.048 27032 27032 E TelecomManager: 	at com.android.internal.os.Zygote$MethodAndArgsCaller.run(Zygote.java:240)
01-03 22:41:52.048 27032 27032 E TelecomManager: 	at com.android.internal.os.ZygoteInit.main(ZygoteInit.java:767)
01-03 22:41:52.050 27032 27032 E AndroidRuntime: FATAL EXCEPTION: main
01-03 22:41:52.050 27032 27032 E AndroidRuntime: Process: com.android.dialer, PID: 27032
01-03 22:41:52.050 27032 27032 E AndroidRuntime: DeadSystemException: The system died; earlier logs will point to the root cause
01-03 22:41:52.054 26569 26569 E AndroidRuntime: FATAL EXCEPTION: main
01-03 22:41:52.054 26569 26569 E AndroidRuntime: Process: com.android.settings, PID: 26569
01-03 22:41:52.054 26569 26569 E AndroidRuntime: DeadSystemException: The system died; earlier logs will point to the root cause
01-03 22:41:52.071  1278  3908 E BufferQueueProducer: [StatusBar#0] dequeueBuffer: BufferQueue has been abandoned
01-03 22:41:52.071  1278  3295 E BufferQueueProducer: [StatusBar#0] query: BufferQueue has been abandoned
01-03 22:41:52.072  1278  2713 E BufferQueueProducer: [StatusBar#0] dequeueBuffer: BufferQueue has been abandoned
01-03 22:41:52.077  1278  1590 E BufferQueueProducer: [StatusBar#0] dequeueBuffer: BufferQueue has been abandoned
01-03 22:41:52.077  1278  1589 E BufferQueueProducer: [StatusBar#0] dequeueBuffer: BufferQueue has been abandoned
01-03 22:41:52.078  1278  1589 E BufferQueueProducer: [StatusBar#0] dequeueBuffer: BufferQueue has been abandoned
01-03 22:41:52.089 27067 27067 F DEBUG   : *** *** *** *** *** *** *** *** *** *** *** *** *** *** *** ***
01-03 22:41:52.089 27067 27067 F DEBUG   : Build fingerprint: 'lge/p1_global_com/p1:8.0/NRD90U/171931902b165:user/release-keys'
01-03 22:41:52.089 27067 27067 F DEBUG   : Revision: '11'
01-03 22:41:52.089 27067 27067 F DEBUG   : ABI: 'arm64'
01-03 22:41:52.089 27067 27067 F DEBUG   : pid: 26936, tid: 27058, name: AsyncTask #1  >>> com.android.nfc <<<
01-03 22:41:52.089 27067 27067 F DEBUG   : signal 11 (SIGSEGV), code 1 (SEGV_MAPERR), fault addr 0x0
01-03 22:41:52.089 27067 27067 F DEBUG   : Cause: null pointer dereference
01-03 22:41:52.089 27067 27067 F DEBUG   :     x0   000000756b20d380  x1   000000755cb82c40  x2   000000756b200000  x3   0000000000000002
01-03 22:41:52.089 27067 27067 F DEBUG   :     x4   000000000000000d  x5   000000755cb828eb  x6   2e6c61685f636277  x7   2e746c7561666564
01-03 22:41:52.089 27067 27067 F DEBUG   :     x8   000000000000000e  x9   e8a64fc1a545e337  x10  0000000000000001  x11  0000000000000000
01-03 22:41:52.089 27067 27067 F DEBUG   :     x12  000000000000001d  x13  6f732e746c756166  x14  000000757a2a5000  x15  000000757a2a5000
01-03 22:41:52.089 27067 27067 F DEBUG   :     x16  000000755ccb89b0  x17  0000007578dac6e8  x18  0000007575aef280  x19  0000000000000000
01-03 22:41:52.089 27067 27067 F DEBUG   :     x20  000000755cd5516c  x21  000000755cd557f8  x22  000000755cb830fc  x23  000000755d06089e
01-03 22:41:52.089 27067 27067 F DEBUG   :     x24  0000000000000004  x25  0000007575c80698  x26  000000755cc15000  x27  0000000000000001
01-03 22:41:52.089 27067 27067 F DEBUG   :     x28  0000000000000001  x29  000000755cb82da0  x30  000000755cd2cc98
01-03 22:41:52.089 27067 27067 F DEBUG   :     sp   000000755cb82d50  pc   000000755cd2ccf0  pstate 0000000060000000
01-03 22:41:52.099 27067 27067 F DEBUG   : 
01-03 22:41:52.099 27067 27067 F DEBUG   : backtrace:
01-03 22:41:52.099 27067 27067 F DEBUG   :     #00 pc 0000000000063cf0  /system/lib64/libnfc-nci.so (_ZN13NfcAdaptation26InitializeHalDeviceContextEv+368)
01-03 22:41:52.099 27067 27067 F DEBUG   :     #01 pc 0000000000063814  /system/lib64/libnfc-nci.so (_ZN13NfcAdaptation10InitializeEv+760)
01-03 22:41:52.099 27067 27067 F DEBUG   :     #02 pc 0000000000013358  /system/lib64/libnfc_nci_jni.so (_ZN7androidL23nfcManager_doInitializeEP7_JNIEnvP8_jobject+84)
01-03 22:41:52.099 27067 27067 F DEBUG   :     #03 pc 00000000000399bc  /data/dalvik-cache/arm64/system@app@NfcNci@NfcNci.apk@classes.dex (offset 0xf000)
01-03 22:41:52.418 26108 26108 E Zygote  : Exit zygote because system server (26195) has terminated
01-03 22:41:52.500  1421  1638 E OMXNodeInstance: !!! Observer died. Quickly, do something, ... anything...
01-03 22:41:52.509  1153  1153 E QMI_FW  : xport_send: Sendto failed for port 1792
01-03 22:41:52.509  1153  1153 E QMI_FW  : QCCI qmi_cci_flush_tx_q: Error sending TXN: svc_id: 256 txn_id: 2 msg_id: 0
01-03 22:41:52.509  1153  1153 E Sensors : sns_acm_mr.c(499):Transport error -16
01-03 22:41:52.787 27084 27084 E APM::Serializer: deserialize: Could not parse /odm/etc/audio_policy_configuration.xml document.
01-03 22:41:52.788 27084 27084 E APM::Serializer: deserialize: Could not parse /vendor/etc/audio_policy_configuration.xml document.
01-03 22:41:52.848 27084 27084 E BroadcastRadio: couldn't load radio module radio.fm (No such file or directory)
01-03 22:41:52.849 27084 27084 E RadioService: could not read implementation properties
01-03 22:41:52.853 27084 27084 E SoundTriggerHalImpl: couldn't load sound trigger module sound_trigger.primary (No such file or directory)
01-03 22:41:52.853 27084 27084 E SoundTriggerHwService: could not read implementation properties
01-03 22:41:52.881 27087 27087 E Netd    : Error adding route 0.0.0.0/0 -> (null) dummy0 to table 1002: File exists
01-03 22:41:53.507 27083 27083 E ActivityRecognitionHardware: activity_recognition HAL is deprecated. class_init is effectively a no-op
01-03 22:41:53.528  1153  1153 E QMI_FW  : xport_send: Sendto failed for port 1792
01-03 22:41:53.528  1153  1153 E QMI_FW  : QCCI qmi_cci_flush_tx_q: Error sending TXN: svc_id: 256 txn_id: 1 msg_id: 2
01-03 22:41:53.529  1153  1153 E Sensors : sns_acm_mr.c(499):Transport error -16
01-03 22:41:53.690  1153  1153 E QMI_FW  : xport_send: Sendto failed for port 13056
01-03 22:41:53.690  1153  1153 E QMI_FW  : QCCI qmi_cci_flush_tx_q: Error sending TXN: svc_id: 276 txn_id: 1 msg_id: 2
01-03 22:41:53.690  1153  1153 E Sensors : sns_acm_mr.c(499):Transport error -16
01-03 22:41:53.804  1158  1267 E ThermalEngine: ACTION: CLUSTER - Setting CLUSTER[1] to 1248000
01-03 22:41:54.113  1158  1263 E ThermalEngine: [BMHB_GOV] read failed VS_TEMP
01-03 22:41:54.136  1158  1267 E ThermalEngine: ACTION: CLUSTER - Setting CLUSTER[1] to 960000
01-03 22:41:54.691  1153  1153 E QMI_FW  : xport_send: Sendto failed for port 13056
01-03 22:41:54.692  1153  1153 E QMI_FW  : QCCI qmi_cci_flush_tx_q: Error sending TXN: svc_id: 276 txn_id: 2 msg_id: 3
01-03 22:41:54.692  1153  1153 E Sensors : sns_acm_mr.c(499):Transport error -16
01-03 22:41:55.691  1153  1153 E QMI_FW  : xport_send: Sendto failed for port 1792
01-03 22:41:55.691  1153  1153 E QMI_FW  : QCCI qmi_cci_flush_tx_q: Error sending TXN: svc_id: 256 txn_id: 1 msg_id: 1
01-03 22:41:55.691  1153  1153 E Sensors : sns_acm_mr.c(499):Transport error -16
01-03 22:41:55.702 27085 27085 E Camera2-Metadata: Update metadata entry: Unknown tag -2147352575
01-03 22:41:55.702 27085 27085 E Camera2-Metadata: Update metadata entry: Unknown tag -2147352576
01-03 22:41:55.716  1153  1153 E QMI_FW  : xport_send: Sendto failed for port 1792
01-03 22:41:55.716  1153  1153 E QMI_FW  : QCCI qmi_cci_flush_tx_q: Error sending TXN: svc_id: 256 txn_id: 2 msg_id: 0
01-03 22:41:55.716  1153  1153 E Sensors : sns_acm_mr.c(499):Transport error -16
01-03 22:41:55.850  1153  1153 E QMI_FW  : xport_send: Sendto failed for port 1792
01-03 22:41:55.850  1153  1153 E QMI_FW  : QCCI qmi_cci_flush_tx_q: Error sending TXN: svc_id: 256 txn_id: 1 msg_id: 2
01-03 22:41:55.850  1153  1153 E Sensors : sns_acm_mr.c(499):Transport error -16
01-03 22:41:55.967  1153  1153 E QMI_FW  : xport_send: Sendto failed for port 13056
01-03 22:41:55.967  1153  1153 E QMI_FW  : QCCI qmi_cci_flush_tx_q: Error sending TXN: svc_id: 276 txn_id: 1 msg_id: 2
01-03 22:41:55.967  1153  1153 E Sensors : sns_acm_mr.c(499):Transport error -16
01-03 22:41:56.498 27293 27293 E ANDR-PERF-MPCTL: Unable to create control service (stage=1, rc=0)
01-03 22:41:56.692  1153  1153 E QMI_FW  : xport_send: Sendto failed for port 1792
01-03 22:41:56.692  1153  1153 E QMI_FW  : QCCI qmi_cci_flush_tx_q: Error sending TXN: svc_id: 256 txn_id: 2 msg_id: 5
01-03 22:41:56.692  1153  1153 E Sensors : sns_acm_mr.c(499):Transport error -16
01-03 22:41:56.930  1158  1267 E ThermalEngine: ACTION: CLUSTER - Setting CLUSTER[1] to 1248000
01-03 22:41:56.970  1153  1153 E QMI_FW  : xport_send: Sendto failed for port 13056
01-03 22:41:56.970  1153  1153 E QMI_FW  : QCCI qmi_cci_flush_tx_q: Error sending TXN: svc_id: 276 txn_id: 2 msg_id: 3
01-03 22:41:56.970  1153  1153 E Sensors : sns_acm_mr.c(499):Transport error -16
01-03 22:41:57.984 27085 27085 E Camera2-Metadata: Update metadata entry: Unknown tag -2147352575
01-03 22:41:57.984 27085 27085 E Camera2-Metadata: Update metadata entry: Unknown tag -2147352576
01-03 22:41:57.985 27085 27085 E LGCamera2HWI: void qcamera::n2pmInit() : Failed to load libn2pm.so
01-03 22:41:58.001  1153  1153 E QMI_FW  : xport_send: Sendto failed for port 1792
01-03 22:41:58.001  1153  1153 E QMI_FW  : QCCI qmi_cci_flush_tx_q: Error sending TXN: svc_id: 256 txn_id: 2 msg_id: 0
01-03 22:41:58.001  1153  1153 E Sensors : sns_acm_mr.c(499):Transport error -16
01-03 22:41:58.129  1153  1153 E QMI_FW  : xport_send: Sendto failed for port 1792
01-03 22:41:58.129  1153  1153 E QMI_FW  : QCCI qmi_cci_flush_tx_q: Error sending TXN: svc_id: 256 txn_id: 1 msg_id: 2
01-03 22:41:58.129  1153  1153 E Sensors : sns_acm_mr.c(499):Transport error -16
01-03 22:41:58.279  1153  1153 E QMI_FW  : xport_send: Sendto failed for port 13056
01-03 22:41:58.279  1153  1153 E QMI_FW  : QCCI qmi_cci_flush_tx_q: Error sending TXN: svc_id: 276 txn_id: 1 msg_id: 2
01-03 22:41:58.279  1153  1153 E Sensors : sns_acm_mr.c(499):Transport error -16
01-03 22:41:58.578  1422  1422 E android.hardware.usb@1.0-service: Failed to open /sys/class/dual_role_usb
01-03 22:41:59.075 27196 27196 E BitmapFactory: Unable to decode stream: java.io.FileNotFoundException: /data/system/users/0/wallpaper_orig (No such file or directory)
01-03 22:41:59.113  1158  1263 E ThermalEngine: [BMHB_GOV] read failed VS_TEMP
01-03 22:41:59.160  1422  1422 E android.hardware.usb@1.0-service: Failed to open /sys/class/dual_role_usb
01-03 22:41:59.162 27196 27382 E UsbPortManager: port status enquiry failed
01-03 22:41:59.258 27196 27368 E HalDeviceManager: Should have at least 1 chip!
01-03 22:41:59.258 27196 27368 E HalDeviceManager: getSupportedIfaceTypesInternal: no chip info found
01-03 22:41:59.262 27196 27214 E BatteryStatsService: no controller energy info supplied
01-03 22:41:59.262 27196 27214 E BatteryStatsService: no controller energy info supplied
01-03 22:41:59.282  1153  1153 E QMI_FW  : xport_send: Sendto failed for port 13056
01-03 22:41:59.282  1153  1153 E QMI_FW  : QCCI qmi_cci_flush_tx_q: Error sending TXN: svc_id: 276 txn_id: 2 msg_id: 3
01-03 22:41:59.282  1153  1153 E Sensors : sns_acm_mr.c(499):Transport error -16
01-03 22:41:59.303 27407 27407 E JniUtils: Could not load native library jni_latinimegoogle
01-03 22:41:59.303 27407 27407 E JniUtils: java.lang.UnsatisfiedLinkError: dalvik.system.PathClassLoader[DexPathList[[zip file "/system/app/LatinIME/LatinIME.apk"],nativeLibraryDirectories=[/system/app/LatinIME/lib/arm64, /system/fake-libs64, /system/app/LatinIME/LatinIME.apk!/lib/arm64-v8a, /system/lib64, /system/vendor/lib64, /system/lib64, /system/vendor/lib64]]] couldn't find "libjni_latinimegoogle.so"
01-03 22:41:59.303 27407 27407 E JniUtils: 	at java.lang.Runtime.loadLibrary0(Runtime.java:1011)
01-03 22:41:59.303 27407 27407 E JniUtils: 	at java.lang.System.loadLibrary(System.java:1657)
01-03 22:41:59.303 27407 27407 E JniUtils: 	at com.android.inputmethod.latin.utils.JniUtils.<clinit>(JniUtils.java:29)
01-03 22:41:59.303 27407 27407 E JniUtils: 	at com.android.inputmethod.latin.utils.JniUtils.loadNativeLibrary(JniUtils.java:47)
01-03 22:41:59.303 27407 27407 E JniUtils: 	at com.android.inputmethod.latin.LatinIME.<clinit>(LatinIME.java:546)
01-03 22:41:59.303 27407 27407 E JniUtils: 	at java.lang.Class.newInstance(Native Method)
01-03 22:41:59.303 27407 27407 E JniUtils: 	at android.app.ActivityThread.handleCreateService(ActivityThread.java:3386)
01-03 22:41:59.303 27407 27407 E JniUtils: 	at android.app.ActivityThread.-wrap4(Unknown Source:0)
01-03 22:41:59.303 27407 27407 E JniUtils: 	at android.app.ActivityThread$H.handleMessage(ActivityThread.java:1683)
01-03 22:41:59.303 27407 27407 E JniUtils: 	at android.os.Handler.dispatchMessage(Handler.java:105)
01-03 22:41:59.303 27407 27407 E JniUtils: 	at android.os.Looper.loop(Looper.java:164)
01-03 22:41:59.303 27407 27407 E JniUtils: 	at android.app.ActivityThread.main(ActivityThread.java:6541)
01-03 22:41:59.303 27407 27407 E JniUtils: 	at java.lang.reflect.Method.invoke(Native Method)
01-03 22:41:59.303 27407 27407 E JniUtils: 	at com.android.internal.os.Zygote$MethodAndArgsCaller.run(Zygote.java:240)
01-03 22:41:59.303 27407 27407 E JniUtils: 	at com.android.internal.os.ZygoteInit.main(ZygoteInit.java:767)
01-03 22:41:59.328 27393 27498 E bt_btif_storage: btif_storage_get_adapter_property: Controller not ready! Unable to return Bluetooth Address
01-03 22:41:59.328 27393 27498 E BluetoothServiceJni: adapter_properties_callback: Status 1 is incorrect
01-03 22:41:59.387 27196 27196 E LocSvc_eng: I/===> loc_eng_read_config line 2986 
01-03 22:41:59.389 27196 27196 E GnssHAL_GnssInterface: getExtensionAGnssRil GnssRil interface not implemented by GNSS HAL
01-03 22:41:59.389 27196 27196 E GnssHAL_GnssInterface: getExtensionGnssNavigationMessage GnssNavigationMessage interface not implemented by GNSS HAL
01-03 22:41:59.389 27196 27196 E GnssHAL_GnssInterface: getExtensionGnssDebug: GnssDebug interface is not implemented by HAL
01-03 22:41:59.399 27196 27196 E GnssHAL_GnssInterface: getExtensionGnssGeofencing GnssGeofencing interface not implemented by GNSS HAL
01-03 22:41:59.401  1421  6473 E OMX-VENC: Setting session priority failed
01-03 22:41:59.407 27196 27196 E HAL     : load: module=/vendor/lib64/hw/flp.default.so
01-03 22:41:59.407 27196 27196 E HAL     : dlopen failed: cannot locate symbol "get_process_name" referenced by "/system/vendor/lib64/libizat_core.so"...
01-03 22:41:59.407 27196 27196 E GnssHAL_GnssInterface: gnss flp hw_get_module failed: -22
01-03 22:41:59.407 27196 27196 E GnssHAL_GnssInterface: getExtensionGnssBatching: GnssBatching interface is not implemented by HAL
01-03 22:41:59.413  1421  3533 E OMX-VENC: Setting session priority failed
01-03 22:41:59.417  1421  3270 E OMX-VENC: get_parameter: OMX_IndexParamVideoProfileLevelQuerySupported nProfileIndex ret NoMore 2
01-03 22:41:59.426  1421  6473 E OMX-VENC: Setting session priority failed
01-03 22:41:59.428  1421  3533 E OMX-VENC: get_parameter: OMX_IndexParamVideoProfileLevelQuerySupported nProfileIndex ret NoMore 1
01-03 22:41:59.436  1421  3271 E OMX-VENC: Setting session priority failed
01-03 22:41:59.453  1421  6473 E OMX-VDEC-1080P: Extension: OMX.google.android.index.storeANWBufferInMetadata not implemented
01-03 22:41:59.453  1421  6473 E OMX-VDEC-1080P: Extension: OMX.google.android.index.configureVideoTunnelMode not implemented
01-03 22:41:59.453  1421  6473 E OMX-VDEC-1080P: Extension: OMX.google.android.index.useAndroidNativeBuffer is supported
01-03 22:41:59.453  1421  3270 E OMXNodeInstance: getParameter(0xf4e83884:qcom.decoder.avc, ??(0x7f000044)) ERROR: UnsupportedSetting(0x80001019)
01-03 22:41:59.453  1421  6473 E OMXNodeInstance: getParameter(0xf4e83884:qcom.decoder.avc, ??(0x7f000044)) ERROR: UnsupportedSetting(0x80001019)
01-03 22:41:59.454  1421  1421 E OMX-VDEC-1080P: Extension: OMX.google.android.index.configureVideoTunnelMode not implemented
01-03 22:41:59.454  1421  1421 E OMXNodeInstance: getExtensionIndex(0xf4e83884:qcom.decoder.avc, OMX.google.android.index.configureVideoTunnelMode) ERROR: NotImplemented(0x80001006)
01-03 22:41:59.454  1421  6473 E OMX-VDEC-1080P: Extension: OMX.google.android.index.storeANWBufferInMetadata not implemented
01-03 22:41:59.458 27196 27196 E LocSvc_ApiV02: E/static loc_core::LocApiBase *LocApiV02::createLocApiV02(const MsgTask *, LOC_API_ADAPTER_EVENT_MASK_T, loc_core::ContextBase *):217]: msgTask can not be NULL
01-03 22:41:59.459 27196 27196 E GnssLocationProvider: Unable to initialize GNSS Geofencing interface
01-03 22:41:59.462  1158  1267 E ThermalEngine: ACTION: CLUSTER - Setting CLUSTER[1] to 960000
01-03 22:41:59.464 27196 27196 E LocationManagerService: no geocoder provider found
01-03 22:41:59.467 27196 27196 E ActivityRecognitionHardware: activity_recognition HAL is deprecated. is_supported is effectively a no-op
01-03 22:41:59.467 27196 27196 E ActivityRecognitionProxy: ServiceWatcher could not start.
01-03 22:41:59.470  1421  3271 E OMX-VDEC-1080P: Extension: OMX.google.android.index.storeANWBufferInMetadata not implemented
01-03 22:41:59.470  1421  3271 E OMX-VDEC-1080P: Extension: OMX.google.android.index.configureVideoTunnelMode not implemented
01-03 22:41:59.470  1421  3271 E OMX-VDEC-1080P: Extension: OMX.google.android.index.useAndroidNativeBuffer is supported
01-03 22:41:59.471 27196 27210 E GnssLocationProvider: Unable to initialize GNSS Geofencing interface
01-03 22:41:59.472 27196 27210 E GnssLocationProvider: Failed to initialize GNSS batching
01-03 22:41:59.473  1421  3533 E OMXNodeInstance: getParameter(0xf3c88684:qcom.decoder.avc.secure, ??(0x7f000044)) ERROR: UnsupportedSetting(0x80001019)
01-03 22:41:59.474  1421  3271 E OMXNodeInstance: getParameter(0xf3c88684:qcom.decoder.avc.secure, ??(0x7f000044)) ERROR: UnsupportedSetting(0x80001019)
01-03 22:41:59.475  1421  6473 E OMX-VDEC-1080P: Extension: OMX.google.android.index.configureVideoTunnelMode not implemented
01-03 22:41:59.475  1421  6473 E OMXNodeInstance: getExtensionIndex(0xf3c88684:qcom.decoder.avc.secure, OMX.google.android.index.configureVideoTunnelMode) ERROR: NotImplemented(0x80001006)
01-03 22:41:59.475  1421  3271 E OMX-VDEC-1080P: Extension: OMX.google.android.index.storeANWBufferInMetadata not implemented
01-03 22:41:59.486  1421  3271 E OMX-VDEC-1080P: Extension: OMX.google.android.index.storeANWBufferInMetadata not implemented
01-03 22:41:59.486  1421  3271 E OMX-VDEC-1080P: Extension: OMX.google.android.index.configureVideoTunnelMode not implemented
01-03 22:41:59.486  1421  3271 E OMX-VDEC-1080P: Extension: OMX.google.android.index.useAndroidNativeBuffer is supported
01-03 22:41:59.487  1421  3533 E OMXNodeInstance: getParameter(0xf4f83004:qcom.decoder.mpeg4, ??(0x7f000044)) ERROR: UnsupportedSetting(0x80001019)
01-03 22:41:59.487  1421  3271 E OMXNodeInstance: getParameter(0xf4f83004:qcom.decoder.mpeg4, ??(0x7f000044)) ERROR: UnsupportedSetting(0x80001019)
01-03 22:41:59.488  1421  6473 E OMX-VDEC-1080P: Extension: OMX.google.android.index.configureVideoTunnelMode not implemented
01-03 22:41:59.488  1421  6473 E OMXNodeInstance: getExtensionIndex(0xf4f83004:qcom.decoder.mpeg4, OMX.google.android.index.configureVideoTunnelMode) ERROR: NotImplemented(0x80001006)
01-03 22:41:59.488  1421  3271 E OMX-VDEC-1080P: Extension: OMX.google.android.index.storeANWBufferInMetadata not implemented
01-03 22:41:59.498  1421  3271 E OMX-VDEC-1080P: Extension: OMX.google.android.index.storeANWBufferInMetadata not implemented
01-03 22:41:59.498  1421  3271 E OMX-VDEC-1080P: Extension: OMX.google.android.index.configureVideoTunnelMode not implemented
01-03 22:41:59.498  1421  3271 E OMX-VDEC-1080P: Extension: OMX.google.android.index.useAndroidNativeBuffer is supported
01-03 22:41:59.499  1421  3533 E OMXNodeInstance: getParameter(0xf4e03144:qcom.decoder.mpeg2, ??(0x7f000044)) ERROR: UnsupportedSetting(0x80001019)
01-03 22:41:59.499  1421  3271 E OMXNodeInstance: getParameter(0xf4e03144:qcom.decoder.mpeg2, ??(0x7f000044)) ERROR: UnsupportedSetting(0x80001019)
01-03 22:41:59.500  1421  6473 E OMX-VDEC-1080P: Extension: OMX.google.android.index.configureVideoTunnelMode not implemented
01-03 22:41:59.500  1421  6473 E OMXNodeInstance: getExtensionIndex(0xf4e03144:qcom.decoder.mpeg2, OMX.google.android.index.configureVideoTunnelMode) ERROR: NotImplemented(0x80001006)
01-03 22:41:59.500  1421  3271 E OMX-VDEC-1080P: Extension: OMX.google.android.index.storeANWBufferInMetadata not implemented
01-03 22:41:59.509  1421  3271 E OMX-VDEC-1080P: Extension: OMX.google.android.index.storeANWBufferInMetadata not implemented
01-03 22:41:59.509  1421  3271 E OMX-VDEC-1080P: Extension: OMX.google.android.index.configureVideoTunnelMode not implemented
01-03 22:41:59.509  1421  3271 E OMX-VDEC-1080P: Extension: OMX.google.android.index.useAndroidNativeBuffer is supported
01-03 22:41:59.509  1421  3533 E OMXNodeInstance: getParameter(0xf3ce6604:qcom.decoder.mpeg2.secure, ??(0x7f000044)) ERROR: UnsupportedSetting(0x80001019)
01-03 22:41:59.510  1421  3271 E OMXNodeInstance: getParameter(0xf3ce6604:qcom.decoder.mpeg2.secure, ??(0x7f000044)) ERROR: UnsupportedSetting(0x80001019)
01-03 22:41:59.510  1421  6473 E OMX-VDEC-1080P: Extension: OMX.google.android.index.configureVideoTunnelMode not implemented
01-03 22:41:59.510  1421  6473 E OMXNodeInstance: getExtensionIndex(0xf3ce6604:qcom.decoder.mpeg2.secure, OMX.google.android.index.configureVideoTunnelMode) ERROR: NotImplemented(0x80001006)
01-03 22:41:59.510  1421  3271 E OMX-VDEC-1080P: Extension: OMX.google.android.index.storeANWBufferInMetadata not implemented
01-03 22:41:59.523  1158  1267 E ThermalEngine: ACTION: CLUSTER - Setting CLUSTER[1] to 1248000
01-03 22:41:59.528  1421  3271 E OMX-VDEC-1080P: Extension: OMX.google.android.index.storeANWBufferInMetadata not implemented
01-03 22:41:59.528  1421  3271 E OMX-VDEC-1080P: Extension: OMX.google.android.index.configureVideoTunnelMode not implemented
01-03 22:41:59.528  1421  3271 E OMX-VDEC-1080P: Extension: OMX.google.android.index.useAndroidNativeBuffer is supported
01-03 22:41:59.529  1421  1421 E OMXNodeInstance: getParameter(0xf3cf36c4:qcom.decoder.h263, ??(0x7f000044)) ERROR: UnsupportedSetting(0x80001019)
01-03 22:41:59.530  1421  1638 E OMXNodeInstance: getParameter(0xf3cf36c4:qcom.decoder.h263, ??(0x7f000044)) ERROR: UnsupportedSetting(0x80001019)
01-03 22:41:59.530  1421  3270 E OMX-VDEC-1080P: Extension: OMX.google.android.index.configureVideoTunnelMode not implemented
01-03 22:41:59.530  1421  3270 E OMXNodeInstance: getExtensionIndex(0xf3cf36c4:qcom.decoder.h263, OMX.google.android.index.configureVideoTunnelMode) ERROR: NotImplemented(0x80001006)
01-03 22:41:59.531  1421  1421 E OMX-VDEC-1080P: Extension: OMX.google.android.index.storeANWBufferInMetadata not implemented
01-03 22:41:59.554  1158  1267 E ThermalEngine: ACTION: CLUSTER - Setting CLUSTER[1] to 960000
01-03 22:41:59.555  1421  6473 E OMX-VDEC-1080P: Extension: OMX.google.android.index.storeANWBufferInMetadata not implemented
