01-03 22:41:59.555  1421  6473 E OMX-VDEC-1080P: Extension: OMX.google.android.index.configureVideoTunnelMode not implemented
01-03 22:41:59.556  1421  6473 E OMX-VDEC-1080P: Extension: OMX.google.android.index.useAndroidNativeBuffer is supported
01-03 22:41:59.556  1421  1638 E OMXNodeInstance: getParameter(0xf371b284:qcom.decoder.vp8, ??(0x7f000044)) ERROR: UnsupportedSetting(0x80001019)
01-03 22:41:59.556  1421  6473 E OMXNodeInstance: getParameter(0xf371b284:qcom.decoder.vp8, ??(0x7f000044)) ERROR: UnsupportedSetting(0x80001019)
01-03 22:41:59.557  1421  3270 E OMX-VDEC-1080P: Extension: OMX.google.android.index.configureVideoTunnelMode not implemented
01-03 22:41:59.557  1421  3270 E OMXNodeInstance: getExtensionIndex(0xf371b284:qcom.decoder.vp8, OMX.google.android.index.configureVideoTunnelMode) ERROR: NotImplemented(0x80001006)
01-03 22:41:59.557  1421  3270 E OMX-VDEC-1080P: Extension: OMX.google.android.index.storeANWBufferInMetadata not implemented
01-03 22:41:59.577  1421  6473 E OMX-VDEC-1080P: Extension: OMX.google.android.index.storeANWBufferInMetadata not implemented
01-03 22:41:59.577  1421  6473 E OMX-VDEC-1080P: Extension: OMX.google.android.index.configureVideoTunnelMode not implemented
01-03 22:41:59.577  1421  6473 E OMX-VDEC-1080P: Extension: OMX.google.android.index.useAndroidNativeBuffer is supported
01-03 22:41:59.578  1421  1421 E OMXNodeInstance: getParameter(0xf4e83884:qcom.decoder.hevc, ??(0x7f000044)) ERROR: UnsupportedSetting(0x80001019)
01-03 22:41:59.584  1158  1267 E ThermalEngine: ACTION: CLUSTER - Setting CLUSTER[1] to 1248000
01-03 22:41:59.588  1421  6473 E OMXNodeInstance: getParameter(0xf4e83884:qcom.decoder.hevc, ??(0x7f000044)) ERROR: UnsupportedSetting(0x80001019)
01-03 22:41:59.589  1421  3271 E OMX-VDEC-1080P: Extension: OMX.google.android.index.configureVideoTunnelMode not implemented
01-03 22:41:59.589  1421  3271 E OMXNodeInstance: getExtensionIndex(0xf4e83884:qcom.decoder.hevc, OMX.google.android.index.configureVideoTunnelMode) ERROR: NotImplemented(0x80001006)
01-03 22:41:59.589  1421  6473 E OMX-VDEC-1080P: Extension: OMX.google.android.index.storeANWBufferInMetadata not implemented
01-03 22:41:59.602  1421  3270 E OMX-VDEC-1080P: Extension: OMX.google.android.index.storeANWBufferInMetadata not implemented
01-03 22:41:59.602  1421  3270 E OMX-VDEC-1080P: Extension: OMX.google.android.index.configureVideoTunnelMode not implemented
01-03 22:41:59.602  1421  3270 E OMX-VDEC-1080P: Extension: OMX.google.android.index.useAndroidNativeBuffer is supported
01-03 22:41:59.603  1421  1638 E OMXNodeInstance: getParameter(0xf3cf36c4:qcom.decoder.hevc.secure, ??(0x7f000044)) ERROR: UnsupportedSetting(0x80001019)
01-03 22:41:59.603  1421  3270 E OMXNodeInstance: getParameter(0xf3cf36c4:qcom.decoder.hevc.secure, ??(0x7f000044)) ERROR: UnsupportedSetting(0x80001019)
01-03 22:41:59.604  1421  6473 E OMX-VDEC-1080P: Extension: OMX.google.android.index.configureVideoTunnelMode not implemented
01-03 22:41:59.604  1421  6473 E OMXNodeInstance: getExtensionIndex(0xf3cf36c4:qcom.decoder.hevc.secure, OMX.google.android.index.configureVideoTunnelMode) ERROR: NotImplemented(0x80001006)
01-03 22:41:59.605  1421  3270 E OMX-VDEC-1080P: Extension: OMX.google.android.index.storeANWBufferInMetadata not implemented
01-03 22:41:59.610  1421  3271 E OMX     : FAILED to allocate omx component 'OMX.qti.audio.decoder.flac' err=??(0x80001002)
01-03 22:41:59.614  1158  1267 E ThermalEngine: ACTION: CLUSTER - Setting CLUSTER[1] to 960000
01-03 22:41:59.616  1421  3533 E OMXNodeInstance: getExtensionIndex(0xf511a240:google.mpeg4.decoder, OMX.google.android.index.configureVideoTunnelMode) ERROR: UnsupportedIndex(0x8000101a)
01-03 22:41:59.616  1421  1421 E OMXNodeInstance: getExtensionIndex(0xf511a240:google.mpeg4.decoder, OMX.google.android.index.enableAndroidNativeBuffers) ERROR: UnsupportedIndex(0x8000101a)
01-03 22:41:59.624  1421  6473 E OMXNodeInstance: getExtensionIndex(0xf54a3140:google.h263.decoder, OMX.google.android.index.configureVideoTunnelMode) ERROR: UnsupportedIndex(0x8000101a)
01-03 22:41:59.626  1421  3270 E OMXNodeInstance: getExtensionIndex(0xf54a3140:google.h263.decoder, OMX.google.android.index.enableAndroidNativeBuffers) ERROR: UnsupportedIndex(0x8000101a)
01-03 22:41:59.632  1421  3271 E OMXNodeInstance: getExtensionIndex(0xf511a4e0:google.h264.decoder, OMX.google.android.index.configureVideoTunnelMode) ERROR: UnsupportedIndex(0x8000101a)
01-03 22:41:59.632  1421  6473 E OMXNodeInstance: getExtensionIndex(0xf511a4e0:google.h264.decoder, OMX.google.android.index.enableAndroidNativeBuffers) ERROR: UnsupportedIndex(0x8000101a)
01-03 22:41:59.638  1421  3533 E OMXNodeInstance: getExtensionIndex(0xf511a240:google.hevc.decoder, OMX.google.android.index.configureVideoTunnelMode) ERROR: UnsupportedIndex(0x8000101a)
01-03 22:41:59.638  1421  1421 E OMXNodeInstance: getExtensionIndex(0xf511a240:google.hevc.decoder, OMX.google.android.index.enableAndroidNativeBuffers) ERROR: UnsupportedIndex(0x8000101a)
01-03 22:41:59.644  1421  1638 E OMXNodeInstance: getExtensionIndex(0xf511a4e0:google.vp8.decoder, OMX.google.android.index.configureVideoTunnelMode) ERROR: UnsupportedIndex(0x8000101a)
01-03 22:41:59.644  1421  3271 E OMXNodeInstance: getExtensionIndex(0xf511a4e0:google.vp8.decoder, OMX.google.android.index.enableAndroidNativeBuffers) ERROR: UnsupportedIndex(0x8000101a)
01-03 22:41:59.654  1421  3270 E OMXNodeInstance: getExtensionIndex(0xf54a30e0:google.vp9.decoder, OMX.google.android.index.configureVideoTunnelMode) ERROR: UnsupportedIndex(0x8000101a)
01-03 22:41:59.654  1421  3533 E OMXNodeInstance: getExtensionIndex(0xf54a30e0:google.vp9.decoder, OMX.google.android.index.enableAndroidNativeBuffers) ERROR: UnsupportedIndex(0x8000101a)
01-03 22:41:59.662  1421  1638 E OMXNodeInstance: getConfig(0xf511a4e0:google.h263.encoder, ConfigAndroidIntraRefresh(0x6f60000a)) ERROR: Undefined(0x80001001)
01-03 22:41:59.684  1421  3270 E OMXNodeInstance: getConfig(0xf54a30e0:google.mpeg4.encoder, ConfigAndroidIntraRefresh(0x6f60000a)) ERROR: Undefined(0x80001001)
01-03 22:41:59.692 27196 27196 E WiredAccessoryManager: No state change.
01-03 22:41:59.699  1421  3271 E OMXNodeInstance: getConfig(0xf511a4e0:google.vp8.encoder, ConfigAndroidIntraRefresh(0x6f60000a)) ERROR: Undefined(0x80001001)
01-03 22:41:59.707  1421  6473 E OMXNodeInstance: getConfig(0xf54a3200:google.vp9.encoder, ConfigAndroidIntraRefresh(0x6f60000a)) ERROR: Undefined(0x80001001)
01-03 22:41:59.727  1421  1421 E OMXNodeInstance: getConfig(0xf511aa20:google.vorbis.decoder, ConfigAndroidVendorExtension(0x6f100004)) ERROR: Undefined(0x80001001)
01-03 22:41:59.728  1421  1638 E OMXNodeInstance: getConfig(0xf511a480:google.vorbis.decoder, ConfigAndroidVendorExtension(0x6f100004)) ERROR: Undefined(0x80001001)
01-03 22:41:59.839  1421  3533 E OMXNodeInstance: getConfig(0xf511a780:google.vorbis.decoder, ConfigAndroidVendorExtension(0x6f100004)) ERROR: Undefined(0x80001001)
01-03 22:41:59.857  1421  3271 E OMXNodeInstance: getConfig(0xf54a31a0:google.vorbis.decoder, ConfigAndroidVendorExtension(0x6f100004)) ERROR: Undefined(0x80001001)
01-03 22:41:59.920  1421  3533 E OMXNodeInstance: getConfig(0xf511a600:google.vorbis.decoder, ConfigAndroidVendorExtension(0x6f100004)) ERROR: Undefined(0x80001001)
01-03 22:41:59.991  1421  3270 E OMXNodeInstance: getConfig(0xf54a31a0:google.vorbis.decoder, ConfigAndroidVendorExtension(0x6f100004)) ERROR: Undefined(0x80001001)
01-03 22:42:00.001  1421  3533 E OMXNodeInstance: getConfig(0xf511a420:google.vorbis.decoder, ConfigAndroidVendorExtension(0x6f100004)) ERROR: Undefined(0x80001001)
01-03 22:42:00.076  1421  1421 E OMXNodeInstance: getConfig(0xf511a6c0:google.vorbis.decoder, ConfigAndroidVendorExtension(0x6f100004)) ERROR: Undefined(0x80001001)
01-03 22:42:00.157  1421  6473 E OMXNodeInstance: getConfig(0xf511a840:google.vorbis.decoder, ConfigAndroidVendorExtension(0x6f100004)) ERROR: Undefined(0x80001001)
01-03 22:42:00.165 27567 27567 E PhoneInterfaceManager: [PhoneIntfMgr] getIccId: No UICC
01-03 22:42:00.195 27567 27567 E PhoneInterfaceManager: [PhoneIntfMgr] getIccId: No UICC
01-03 22:42:00.313 27085 27085 E QCameraHWI_Mem: void qcamera::QCameraMemory::traceLogAllocStart(size_t, int, const char*):HeapMemsize 659104
01-03 22:42:00.314 27085 27085 E QCameraHWI_Mem: void qcamera::QCameraMemory::traceLogAllocStart(size_t, int, const char*):Memsize 659104
01-03 22:42:00.314 27085 27085 E QCameraHWI_Mem: void qcamera::QCameraMemory::traceLogAllocEnd(size_t) 659104
01-03 22:42:00.315 27085 27085 E QCameraHWI_Mem: void qcamera::QCameraMemory::traceLogAllocEnd(size_t) 659104
01-03 22:42:00.320 27085 27085 E LGCameraParameters: void qcamera::QCameraParameters::initDefaultParametersEx(): multi_window_af_supported = 1
01-03 22:42:00.320 27085 27085 E LGCameraParameters: createMultiWindowString: (-280,-280,0,0,1),(-140,-420,140,-140,1),(0,-280,280,0,1),(-420,-140,-140,140,1),(-140,-140,140,140,1),(140,-140,420,140,1),(-280,0,0,280,1),(-140,140,140,420,1),(0,0,280,280,1),(-220,-220,220,220,1)
01-03 22:42:00.320 27085 27085 E LGCameraParameters: createMultiWindowString: (720,720,1000,1000,1),(860,580,1140,860,1),(1000,720,1280,1000,1),(580,860,860,1140,1),(860,860,1140,1140,1),(1140,860,1420,1140,1),(720,1000,1000,1420,1),(860,1140,1140,1420,1),(1000,1000,1280,1280,1)
01-03 22:42:00.320 27085 27085 E LGCameraParameters: int32_t qcamera::QCameraParameters::setBeautyLevel(int) : [ARC_BEAUTY] beautylevel = 0
01-03 22:42:00.323 27085 27085 E QCamera2HWI: int qcamera::QCamera2HardwareInterface::openCamera(hw_device_t**):[PREVIEW_COUNT] preview_count(1)
01-03 22:42:00.324 27085 27308 E QCameraStateMachine: int32_t qcamera::QCameraStateMachine::procEvtPreviewStoppedState(qcamera::qcamera_sm_evt_enum_t, void*): cannot handle evt(31) in state(0)
01-03 22:42:00.324 27085 27308 E QCameraStateMachine: int32_t qcamera::QCameraStateMachine::procEvtPreviewStoppedState(qcamera::qcamera_sm_evt_enum_t, void*): cannot handle evt(31) in state(0)
01-03 22:42:00.333 27085 27085 E QCamera2HWI: int qcamera::QCamera2HardwareInterface::closeCamera():[PREVIEW_COUNT] preview_count(0)
01-03 22:42:00.335 27085 27085 E QCamera2HWI: int qcamera::QCamera2HardwareInterface::closeCamera():[PREVIEW_COUNT][LOAD] preview_count(0) // MultiView(0)
01-03 22:42:00.343  1153  1153 E QMI_FW  : xport_send: Sendto failed for port 1792
01-03 22:42:00.343  1153  1153 E QMI_FW  : QCCI qmi_cci_flush_tx_q: Error sending TXN: svc_id: 256 txn_id: 2 msg_id: 0
01-03 22:42:00.343  1153  1153 E Sensors : sns_acm_mr.c(499):Transport error -16
01-03 22:42:00.470  1153  1153 E QMI_FW  : xport_send: Sendto failed for port 1792
01-03 22:42:00.470  1153  1153 E QMI_FW  : QCCI qmi_cci_flush_tx_q: Error sending TXN: svc_id: 256 txn_id: 1 msg_id: 2
01-03 22:42:00.470  1153  1153 E Sensors : sns_acm_mr.c(499):Transport error -16
01-03 22:42:00.472 27393 27769 E bt_att  : gatt_profile_db_init:  gatt_if=1
01-03 22:42:00.573  1155  1155 E mm-camera-sensor: chromatix_load_library_ex : chromatix = libchromatix_t4ka3_cpp_snapshot_open.so , lib name = /system/vendor/lib/libchromatix_t4ka3_cpp_snapshot_open.so
01-03 22:42:00.573  1155  1155 E mm-camera-sensor: chromatix_load_library_ex : chromatix = libchromatix_t4ka3_cpp_snapshot_open.so , lib name = /system/vendor/lib/libchromatix_t4ka3_cpp_snapshot_open.so
01-03 22:42:00.573  1155  1155 E mm-camera-sensor: chromatix_load_library_ex : chromatix = libchromatix_t4ka3_cpp_video_open.so , lib name = /system/vendor/lib/libchromatix_t4ka3_cpp_video_open.so
01-03 22:42:00.573  1155  1155 E mm-camera-sensor: chromatix_load_library_ex : chromatix = libchromatix_t4ka3_postproc_open.so , lib name = /system/vendor/lib/libchromatix_t4ka3_postproc_open.so
01-03 22:42:00.573  1155  1155 E mm-camera-isp2: isp_resource_query_mod:145 num_isp_preallocate 1 num_session_opened 1 dual_vfe_enabled 0
01-03 22:42:00.574  1155  1155 E mm-camera: module_faceproc_query_mod:1996] Caps ROI 5 scene_mode_cnt 1 HW analysis supported 0
01-03 22:42:00.574  1155  1155 E hdr     : module_hdr_lib_query_mod:181] Supported scenemode cnt 2
01-03 22:42:00.574  1155  1155 E mm-camera-sensor: port_sensor_caps_reserve:86session id doesn't match
01-03 22:42:00.574  1155  1155 E mm-camera: isp_port_check_caps_reserve:737 port 0xec2dc700 ide 2000f type 10 dim 0 0
01-03 22:42:00.574  1155  1155 E mm-camera: int_link = 0xec2f0d20
01-03 22:42:00.576  1155  1155 E mm-camera: Interleaved flag is 0, identity 131087 port type 0
01-03 22:42:00.576  1155  1155 E mm-camera: pproc_port_add_modules_to_stream:454] X rc: 1
01-03 22:42:00.583  1153  1153 E QMI_FW  : xport_send: Sendto failed for port 13056
01-03 22:42:00.583  1153  1153 E QMI_FW  : QCCI qmi_cci_flush_tx_q: Error sending TXN: svc_id: 276 txn_id: 1 msg_id: 2
01-03 22:42:00.583  1153  1153 E Sensors : sns_acm_mr.c(499):Transport error -16
01-03 22:42:00.749 27393 27498 E bt_btif_storage: btif_storage_get_adapter_property: Controller ready!
01-03 22:42:00.799 27393 27498 E bt_btif : btif_hf_upstreams_evt: Invalid index 31884
01-03 22:42:00.825 27393 27498 E bt_btif : btif_sm_dispatch : Invalid handle
01-03 22:42:00.826 27393 27498 E bt_btif : btif_sm_dispatch : Invalid handle
01-03 22:42:00.827 27393 27393 E a2dp_vendor_aptx_encoder: A2DP_VendorLoadEncoderAptx: cannot open aptX encoder library libaptX_encoder.so: dlopen failed: library "libaptX_encoder.so" not found
01-03 22:42:00.827 27393 27393 E a2dp_vendor_aptx: init: cannot load the encoder
01-03 22:42:00.828 27393 27393 E a2dp_vendor_aptx_hd_encoder: A2DP_VendorLoadEncoderAptxHd: cannot open aptX-HD encoder library libaptXHD_encoder.so: dlopen failed: library "libaptXHD_encoder.so" not found
01-03 22:42:00.828 27393 27393 E a2dp_vendor_aptx_hd: init: cannot load the encoder
01-03 22:42:01.468 27821 27821 E ANDR-PERF-MPCTL: Unable to create control service (stage=1, rc=0)
01-03 22:42:01.583  1155  1155 E mm-camera: dsps_send_request:531  dsps_send_request: Request response timed out
01-03 22:42:01.583  1155  1155 E mm-camera: 
01-03 22:42:01.583  1155  1155 E mm-camera: dsps_proc_set_params_gravity:179  dsps_proc_set_params_gravity Error sending request
01-03 22:42:01.583  1155  1155 E mm-camera: gyro_port_enable_disable_sensor_request:803  gyro_port_enable_disable_sensor_request: Gravity enable req failed
01-03 22:42:01.584  1153  1153 E QMI_FW  : xport_send: Sendto failed for port 13056
01-03 22:42:01.585  1153  1153 E QMI_FW  : QCCI qmi_cci_flush_tx_q: Error sending TXN: svc_id: 276 txn_id: 2 msg_id: 3
01-03 22:42:01.585  1153  1153 E Sensors : sns_acm_mr.c(499):Transport error -16
01-03 22:42:01.626  1421  3271 E OMXNodeInstance: setConfig(0xf54a31a0:google.vorbis.decoder, ConfigPriority(0x6f800002)) ERROR: Undefined(0x80001001)
01-03 22:42:01.627  1421  1638 E OMXNodeInstance: getConfig(0xf54a31a0:google.vorbis.decoder, ConfigAndroidVendorExtension(0x6f100004)) ERROR: Undefined(0x80001001)
01-03 22:42:02.585  1155  1155 E mm-camera: dsps_send_request:531  dsps_send_request: Request response timed out
01-03 22:42:02.585  1155  1155 E mm-camera: 
01-03 22:42:02.585  1155  1155 E mm-camera: dsps_proc_set_params_gravity:179  dsps_proc_set_params_gravity Error sending request
01-03 22:42:02.595  1155 27840 E mm-camera: mct: mct_pipeline_populate_query_cap_buffer: 3A VERSION:: 4.1.0.r2
01-03 22:42:02.656 27085 27085 E QCameraHWI_Mem: void qcamera::QCameraMemory::traceLogAllocStart(size_t, int, const char*):HeapMemsize 659104
01-03 22:42:02.656 27085 27085 E QCameraHWI_Mem: void qcamera::QCameraMemory::traceLogAllocStart(size_t, int, const char*):Memsize 659104
01-03 22:42:02.656 27085 27085 E QCameraHWI_Mem: void qcamera::QCameraMemory::traceLogAllocEnd(size_t) 659104
01-03 22:42:02.656 27085 27085 E QCameraHWI_Mem: void qcamera::QCameraMemory::traceLogAllocEnd(size_t) 659104
01-03 22:42:02.669 27085 27085 E LGCameraParameters: void qcamera::QCameraParameters::initDefaultParametersEx(): multi_window_af_supported = 1
01-03 22:42:02.669 27085 27085 E LGCameraParameters: createMultiWindowString: (-280,-280,0,0,1),(-140,-420,140,-140,1),(0,-280,280,0,1),(-420,-140,-140,140,1),(-140,-140,140,140,1),(140,-140,420,140,1),(-280,0,0,280,1),(-140,140,140,420,1),(0,0,280,280,1),(-220,-220,220,220,1)
01-03 22:42:02.669 27085 27085 E LGCameraParameters: createMultiWindowString: (720,720,1000,1000,1),(860,580,1140,860,1),(1000,720,1280,1000,1),(580,860,860,1140,1),(860,860,1140,1140,1),(1140,860,1420,1140,1),(720,1000,1000,1420,1),(860,1140,1140,1420,1),(1000,1000,1280,1280,1)
01-03 22:42:02.670 27085 27085 E LGCameraParameters: int32_t qcamera::QCameraParameters::setBeautyLevel(int) : [ARC_BEAUTY] beautylevel = 0
01-03 22:42:02.672  1155 27840 E mm-camera: iface_util_set_hfr: can't find hw stream, only save hfr mode
01-03 22:42:02.677 27085 27085 E QCamera2HWI: int qcamera::QCamera2HardwareInterface::openCamera(hw_device_t**):[PREVIEW_COUNT] preview_count(1)
01-03 22:42:02.678 27085 27746 E QCameraStateMachine: int32_t qcamera::QCameraStateMachine::procEvtPreviewStoppedState(qcamera::qcamera_sm_evt_enum_t, void*): cannot handle evt(31) in state(0)
01-03 22:42:02.678 27085 27746 E QCameraStateMachine: int32_t qcamera::QCameraStateMachine::procEvtPreviewStoppedState(qcamera::qcamera_sm_evt_enum_t, void*): cannot handle evt(31) in state(0)
01-03 22:42:02.704  1155 27840 E mm-camera: mct: mct_pipeline_process_set:2966: Couldn't find stream id: 0
01-03 22:42:02.705 27085 27085 E QCamera2HWI: int qcamera::QCamera2HardwareInterface::closeCamera():[PREVIEW_COUNT] preview_count(0)
01-03 22:42:02.706  1155  1155 E mm-camera: port_iface_ext_unlink_func: E, identity = 0x2000f, port = 0xec323260, direction = 2
01-03 22:42:02.706  1155  1155 E mm-camera: port_iface_check_caps_unreserve_func:  E, identity = 0x2000f, port = 0xec323260, direction = 2
01-03 22:42:02.706  1155  1155 E mm-camera: iface_unreserve_sink_port: stream_id f mode 0 
01-03 22:42:02.707  1155  1155 E mm-camera: port_iface_ext_unlink_func: E, identity = 0x2000f, port = 0xec323560, direction = 1
01-03 22:42:02.707  1155  1155 E mm-camera: iface_ext_unlink_src_port: mct stream already removed from hw stream
01-03 22:42:02.707  1155  1155 E mm-camera: port_iface_check_caps_unreserve_func:  E, identity = 0x2000f, port = 0xec323560, direction = 1
01-03 22:42:02.707  1155  1155 E mm-camera: isp_port_check_caps_unreserve:826 ide 2000f port 0xec2dc700
01-03 22:42:02.708 27085 27085 E QCamera2HWI: int qcamera::QCamera2HardwareInterface::closeCamera():[PREVIEW_COUNT][LOAD] preview_count(0) // MultiView(0)
01-03 22:42:02.720  1155  1155 E mm-camera: module_afs_port_check_caps_unreserve:1524] 
01-03 22:42:02.720  1155  1155 E mm-camera: module_afs_port_check_caps_unreserve:1532] destroy client
01-03 22:42:02.720  1155  1155 E mm-camera: q3a_thread_af_stop:1019  q3a_thread_af_stop:1019 MSG_STOP_THREAD
01-03 22:42:02.724  1155  1155 E mm-camera: stats_port_delete_reserved_stream:2602  stats_port_delete_reserved_stream:2602: going to NULL peer
01-03 22:42:02.733  1155 27857 E mm-camera-isp2: isp_module_stop_session:414 session id 2
01-03 22:42:02.738  1155 27858 E mm-camera: gyro_port_deinit:1446  gyro_port_deinit: Error in android Deinit
01-03 22:42:02.739  1153  1153 E QMI_FW  : xport_send: Sendto failed for port 1792
01-03 22:42:02.739  1153  1153 E QMI_FW  : QCCI qmi_cci_flush_tx_q: Error sending TXN: svc_id: 256 txn_id: 2 msg_id: 0
01-03 22:42:02.739  1153  1153 E Sensors : sns_acm_mr.c(499):Transport error -16
01-03 22:42:02.740  1155 27860 E mm-camera: module_faceproc_stop_session:1885] session cnt 1
01-03 22:42:02.742  1155 27855 E mm-camera: sensor_close:4609ctrl->isStreaming make false
01-03 22:42:02.751  1155 27859 E mm-camera-pp: [INFO] base_module_stop_session:98, E, session=2
01-03 22:42:02.751  1155 27859 E mm-camera-pp: [INFO] base_module_stop_session:98, E, session=2
01-03 22:42:02.847  1155 27870 E mm-camera-isp2: isp_module_start_session:178 session id 1
01-03 22:42:02.850  1155 27872 E mm-camera: tcc_init: TCC ver.150418a
01-03 22:42:02.857  1155 27870 E mm-camera-isp2: isp_module_start_session:347 num_session_opened 1
01-03 22:42:02.864  1155 27872 E mm-camera: sensor_laser_init:117  Failure opening sensor library! Error: dlopen failed: library "/system/lib/hw/sensors.hal.tof.so" not found
01-03 22:42:02.864  1155 27872 E mm-camera: gyro_port_init:1404  Failure initializing laser sensor. Error: 4
01-03 22:42:02.864  1155 27872 E mm-camera: start_accel_sensor: sensor1_open E
01-03 22:42:02.865  1155 27878 E mm-camera: module_faceproc_start_session:1844] session cnt 1
01-03 22:42:02.865  1155 27872 E mm-camera: start_accel_sensor: sensor1_open X, res = 0
01-03 22:42:02.866  1153  1153 E QMI_FW  : xport_send: Sendto failed for port 1792
01-03 22:42:02.866  1153  1153 E QMI_FW  : QCCI qmi_cci_flush_tx_q: Error sending TXN: svc_id: 256 txn_id: 1 msg_id: 2
01-03 22:42:02.866  1153  1153 E Sensors : sns_acm_mr.c(499):Transport error -16
01-03 22:42:02.869  1155 27868 E mm-camera: module_sensor_init_session:1245eeprom_name = imx234_eeprom
01-03 22:42:02.920  1155 27874 E mm-camera-pp: [INFO] base_module_start_session:91, E, session=1
01-03 22:42:02.921  1155 27874 E mm-camera-pp: [INFO] base_module_start_session:91, E, session=1
01-03 22:42:02.924  1155 27868 E mm-camera: module_sensor_init_session:1277flash subdev id = 0
01-03 22:42:02.926  1155 27868 E mm-camera-sensor: sensor_sdk_util_get_kernel_i2c_addr_type:26Invalid addr_type = 0
01-03 22:42:02.926  1155 27868 E mm-camera-sensor: sensor_sdk_util_get_kernel_i2c_data_type:40Invalid addr_type = 0
01-03 22:42:02.926  1155 27868 E mm-camera-sensor: actuator_load_lib:491name=lc898122_claf, mode=camera
01-03 22:42:02.929  1155 27868 E mm-camera-sensor: actuator_load_lib:491name=lc898122_claf, mode=camcorder
01-03 22:42:02.930  1155 27868 E mm-camera-sensor: eeprom_do_af_calibration:197turn on Cal af(1)
01-03 22:42:02.931  1155 27868 E mm-camera-sdk: eeprom_autofocus_calibration_claf:173 KSY Kernel original macro hall : 9600, inf hall : -12800, macro_mecha 16800, vcm_type 66
01-03 22:42:02.931  1155 27868 E mm-camera-sdk: eeprom_autofocus_calibration_claf:178 KSY AF_algorithm convert macro hall : 350, inf hall : 0, total_rangetomacro : 0, offset_value_pplus_mtm : 0
01-03 22:42:02.931  1155 27868 E mm-camera: ois_init:305start: ois_init
01-03 22:42:02.932  1155 27868 E mm-camera: ois_init:372done: ois_init
01-03 22:42:02.932  1155 27868 E mm-camera-sensor: proxy_init:71name = LD_AF
01-03 22:42:02.932  1155 27894 E mm-camera: ois_thread:201ois thread is running
01-03 22:42:02.932  1155 27868 E mm-camera-sensor: sensor_proxy_on:151enter
01-03 22:42:02.954  1155 27868 E mm-camera-sensor: sensor_proxy_thread_on:198enter
01-03 22:42:02.955  1155 27868 E mm-camera: module_sensor_init_session:1412tcs_sensor init Enter **
01-03 22:42:02.965  1155 27868 E mm-camera-sensor: tcs_thread_create:291tcs_thread, thread_id 0
01-03 22:42:02.966  1155 27868 E mm-camera: module_sensor_start_session:1684SUCCESS
01-03 22:42:02.966  1155  1155 E mm-camera: sensor_get_cur_chromatix_name:2577Error: Load default preview chroamtix
01-03 22:42:02.966  1155  1155 E mm-camera-sensor: chromatix_load_library_ex : chromatix = libchromatix_imx234_snapshot_open.so , lib name = /system/vendor/lib/libchromatix_imx234_snapshot_open.so
01-03 22:42:02.967  1155  1155 E mm-camera-sensor: chromatix_load_library_ex : chromatix = libchromatix_imx234_snapshot_open.so , lib name = /system/vendor/lib/libchromatix_imx234_snapshot_open.so
01-03 22:42:02.967  1155  1155 E mm-camera-sensor: chromatix_load_library_ex : chromatix = libchromatix_imx234_common_open.so , lib name = /system/vendor/lib/libchromatix_imx234_common_open.so
01-03 22:42:02.967  1155  1155 E mm-camera-sensor: chromatix_load_library_ex : chromatix = libchromatix_imx234_cpp_snapshot_open.so , lib name = /system/vendor/lib/libchromatix_imx234_cpp_snapshot_open.so
01-03 22:42:02.968  1155  1155 E mm-camera-sensor: chromatix_load_library_ex : chromatix = libchromatix_imx234_cpp_snapshot_open.so , lib name = /system/vendor/lib/libchromatix_imx234_cpp_snapshot_open.so
01-03 22:42:02.968  1155  1155 E mm-camera-sensor: chromatix_load_library_ex : chromatix = libchromatix_imx234_cpp_flash_snapshot_open.so , lib name = /system/vendor/lib/libchromatix_imx234_cpp_flash_snapshot_open.so
01-03 22:42:02.968  1155  1155 E mm-camera-sensor: chromatix_load_library_ex : chromatix = libchromatix_imx234_cpp_video_open.so , lib name = /system/vendor/lib/libchromatix_imx234_cpp_video_open.so
01-03 22:42:02.968  1155  1155 E mm-camera-sensor: chromatix_load_library_ex : chromatix = libchromatix_imx234_postproc_open.so , lib name = /system/vendor/lib/libchromatix_imx234_postproc_open.so
01-03 22:42:02.969  1155  1155 E mm-camera-isp2: isp_resource_query_mod:145 num_isp_preallocate 1 num_session_opened 1 dual_vfe_enabled 0
01-03 22:42:02.969  1155  1155 E mm-camera: module_faceproc_query_mod:1996] Caps ROI 5 scene_mode_cnt 1 HW analysis supported 0
01-03 22:42:02.969  1155  1155 E hdr     : module_hdr_lib_query_mod:181] Supported scenemode cnt 2
01-03 22:42:02.969  1155  1155 E mm-camera: isp_port_check_caps_reserve:737 port 0xec2dc700 ide 1000f type 10 dim 0 0
01-03 22:42:02.970  1155  1155 E mm-camera: int_link = 0xec2f0d20
01-03 22:42:02.973  1155  1155 E mm-camera: Interleaved flag is 0, identity 65551 port type 0
01-03 22:42:02.973  1155  1155 E mm-camera: pproc_port_add_modules_to_stream:454] X rc: 1
01-03 22:42:02.978  1153  1153 E QMI_FW  : xport_send: Sendto failed for port 13056
01-03 22:42:02.978  1153  1153 E QMI_FW  : QCCI qmi_cci_flush_tx_q: Error sending TXN: svc_id: 276 txn_id: 1 msg_id: 2
01-03 22:42:02.978  1153  1153 E Sensors : sns_acm_mr.c(499):Transport error -16
01-03 22:42:03.148  1155 27894 E mm-camera: ois_thread:239done : ois initialization
01-03 22:42:03.255  1158  1267 E ThermalEngine: ACTION: CLUSTER - Setting CLUSTER[1] to 1248000
01-03 22:42:03.722  1158  1267 E ThermalEngine: ACTION: CLUSTER - Setting CLUSTER[1] to 960000
01-03 22:42:03.978  1155  1155 E mm-camera: dsps_send_request:531  dsps_send_request: Request response timed out
01-03 22:42:03.978  1155  1155 E mm-camera: 
01-03 22:42:03.978  1155  1155 E mm-camera: dsps_proc_set_params_gravity:179  dsps_proc_set_params_gravity Error sending request
01-03 22:42:03.978  1155  1155 E mm-camera: gyro_port_enable_disable_sensor_request:803  gyro_port_enable_disable_sensor_request: Gravity enable req failed
01-03 22:42:03.981  1153  1153 E QMI_FW  : xport_send: Sendto failed for port 13056
01-03 22:42:03.981  1153  1153 E QMI_FW  : QCCI qmi_cci_flush_tx_q: Error sending TXN: svc_id: 276 txn_id: 2 msg_id: 3
01-03 22:42:03.981  1153  1153 E Sensors : sns_acm_mr.c(499):Transport error -16
01-03 22:42:04.113  1158  1263 E ThermalEngine: [BMHB_GOV] read failed VS_TEMP
01-03 22:42:04.485  1158  1267 E ThermalEngine: ACTION: CLUSTER - Setting CLUSTER[1] to 1248000
01-03 22:42:04.676  1177  2761 E installd: Failed to unlink /data//dalvik-cache/arm/.booting: No such file or directory
01-03 22:42:04.682 27196 27221 E SensorManager: sensor or listener is null
01-03 22:42:04.980  1155  1155 E mm-camera: dsps_send_request:531  dsps_send_request: Request response timed out
01-03 22:42:04.980  1155  1155 E mm-camera: 
01-03 22:42:04.981  1155  1155 E mm-camera: dsps_proc_set_params_gravity:179  dsps_proc_set_params_gravity Error sending request
01-03 22:42:04.993  1155 27912 E mm-camera: mct: mct_pipeline_process_set:2966: Couldn't find stream id: 0
01-03 22:42:04.995  1155  1155 E mm-camera: port_iface_ext_unlink_func: E, identity = 0x1000f, port = 0xec323260, direction = 2
01-03 22:42:04.995  1155  1155 E mm-camera: port_iface_check_caps_unreserve_func:  E, identity = 0x1000f, port = 0xec323260, direction = 2
01-03 22:42:04.995  1155  1155 E mm-camera: iface_unreserve_sink_port: stream_id f mode 0 
01-03 22:42:04.995  1155  1155 E mm-camera: port_iface_ext_unlink_func: E, identity = 0x1000f, port = 0xec323560, direction = 1
01-03 22:42:04.995  1155  1155 E mm-camera: iface_ext_unlink_src_port: mct stream already removed from hw stream
01-03 22:42:04.995  1155  1155 E mm-camera: port_iface_check_caps_unreserve_func:  E, identity = 0x1000f, port = 0xec323560, direction = 1
01-03 22:42:04.995  1155  1155 E mm-camera: isp_port_check_caps_unreserve:826 ide 1000f port 0xec2dc700
01-03 22:42:04.999  1155  1155 E mm-camera: module_afs_port_check_caps_unreserve:1524] 
01-03 22:42:04.999  1155  1155 E mm-camera: module_afs_port_check_caps_unreserve:1532] destroy client
01-03 22:42:04.999  1155  1155 E mm-camera: q3a_thread_af_stop:1019  q3a_thread_af_stop:1019 MSG_STOP_THREAD
01-03 22:42:05.003  1155  1155 E mm-camera: stats_port_delete_reserved_stream:2602  stats_port_delete_reserved_stream:2602: going to NULL peer
01-03 22:42:05.004  1155 27917 E mm-camera: module_sensor_deinit_session:1545trying to delete thread
01-03 22:42:05.004  1155 27917 E mm-camera-sensor: proxy_thread_delete:259p_thread,trying to delete thread
01-03 22:42:05.004  1155 27917 E mm-camera-sensor: send_thread_exit_msg:219p_thread, exit_thread 0
01-03 22:42:05.004  1155 27917 E mm-camera-sensor: send_thread_exit_msg:223p_thread, exit_thread 1
01-03 22:42:05.007  1155 27917 E mm-camera: module_sensor_deinit_session:1547proxy_thread_deleted!
01-03 22:42:05.007  1155 27917 E mm-camera: module_sensor_deinit_session:1551try to stop proxy kernel workqueue!
01-03 22:42:05.007  1155 27917 E mm-camera-sensor: sensor_proxy_thread_off:215enter
01-03 22:42:05.010  1155 27919 E mm-camera-isp2: isp_module_stop_session:414 session id 1
01-03 22:42:05.014  1155 27920 E mm-camera: gyro_port_deinit:1446  gyro_port_deinit: Error in android Deinit
01-03 22:42:05.015  1153  1153 E QMI_FW  : xport_send: Sendto failed for port 1792
01-03 22:42:05.015  1153  1153 E QMI_FW  : QCCI qmi_cci_flush_tx_q: Error sending TXN: svc_id: 256 txn_id: 2 msg_id: 0
01-03 22:42:05.015  1153  1153 E Sensors : sns_acm_mr.c(499):Transport error -16
01-03 22:42:05.017  1155 27923 E mm-camera: module_faceproc_stop_session:1885] session cnt 1
01-03 22:42:05.021  1155 27921 E mm-camera-pp: [INFO] base_module_stop_session:98, E, session=1
01-03 22:42:05.022  1155 27921 E mm-camera-pp: [INFO] base_module_stop_session:98, E, session=1
01-03 22:42:05.027  1155 27917 E mm-camera: module_sensor_deinit_session:1567trying to delete thread
01-03 22:42:05.027  1155 27917 E mm-camera-sensor: tcs_thread_delete:303tcs_thread, trying to delete thread
01-03 22:42:05.028  1155 27917 E mm-camera: module_sensor_deinit_session:1569tcs_thread_deleted!
01-03 22:42:05.028  1155 27917 E mm-camera: module_sensor_deinit_session:1571try to stop tcs kernel workqueue!
01-03 22:42:05.041  1155 27917 E mm-camera-sensor: proxy_power_down:47enter
01-03 22:42:05.075  1155 27917 E mm-camera: sensor_close:4609ctrl->isStreaming make false
01-03 22:42:05.254 27931 27931 E ANDR-PERF-MPCTL: Unable to create control service (stage=1, rc=0)
01-03 22:42:05.443  1158  1267 E ThermalEngine: ACTION: CLUSTER - Setting CLUSTER[1] to 960000
01-03 22:42:05.504  1158  1267 E ThermalEngine: ACTION: CLUSTER - Setting CLUSTER[1] to 1248000
01-03 22:42:05.521 27567 27567 E PhoneInterfaceManager: [PhoneIntfMgr] getCarrierPackageNamesForIntent: No UICC
01-03 22:42:05.535  1158  1267 E ThermalEngine: ACTION: CLUSTER - Setting CLUSTER[1] to 960000
01-03 22:42:05.769 27968 28086 E NfcAdaptation: NfcAdaptation::Initialize: ver=NFCDROID-AOSP_M_00.01 nfa=NFA_PI_1.03.66+
01-03 22:42:05.771 27968 28091 E BrcmNfcNfa: gki_task task_id=0 terminating
01-03 22:42:05.778 27968 28086 E android.hardware.nfc@1.0-impl: hw_get_module nfc_nci failed: -2
01-03 22:42:05.778 27968 28086 E android.hardware.nfc@1.0-impl: Passthrough failed to load legacy HAL.
01-03 22:42:05.781 27968 28086 F libc    : Fatal signal 11 (SIGSEGV), code 1, fault addr 0x0 in tid 28086 (AsyncTask #1)
01-03 22:42:05.865 28113 28113 F DEBUG   : *** *** *** *** *** *** *** *** *** *** *** *** *** *** *** ***
01-03 22:42:05.865 28113 28113 F DEBUG   : Build fingerprint: 'lge/p1_global_com/p1:8.0/NRD90U/171931902b165:user/release-keys'
01-03 22:42:05.865 28113 28113 F DEBUG   : Revision: '11'
01-03 22:42:05.865 28113 28113 F DEBUG   : ABI: 'arm64'
01-03 22:42:05.865 28113 28113 F DEBUG   : pid: 27968, tid: 28086, name: AsyncTask #1  >>> com.android.nfc <<<
01-03 22:42:05.865 28113 28113 F DEBUG   : signal 11 (SIGSEGV), code 1 (SEGV_MAPERR), fault addr 0x0
01-03 22:42:05.865 28113 28113 F DEBUG   : Cause: null pointer dereference
01-03 22:42:05.865 28113 28113 F DEBUG   :     x0   0000007eb440d360  x1   0000007ea5d46c40  x2   0000007eb4400000  x3   0000000000000002
01-03 22:42:05.865 28113 28113 F DEBUG   :     x4   000000000000000d  x5   0000007ea5d468eb  x6   2e6c61685f636277  x7   2e746c7561666564
01-03 22:42:05.865 28113 28113 F DEBUG   :     x8   000000000000000e  x9   f5cabb1e6b230c3c  x10  0000000000000001  x11  0000000000000000
01-03 22:42:05.865 28113 28113 F DEBUG   :     x12  000000000000001d  x13  6f732e746c756166  x14  0000007ec2f2c000  x15  0000007ec2f2c000
01-03 22:42:05.865 28113 28113 F DEBUG   :     x16  0000007ea5efa9b0  x17  0000007ec08db6e8  x18  0000007ebeb0f280  x19  0000000000000000
01-03 22:42:05.865 28113 28113 F DEBUG   :     x20  0000007ea5dd216c  x21  0000007ea5dd27f8  x22  0000007ea5d470fc  x23  0000007ea61ea89e
01-03 22:42:05.865 28113 28113 F DEBUG   :     x24  0000000000000004  x25  0000007ebed0da98  x26  0000007ea5e98000  x27  0000000000000001
01-03 22:42:05.865 28113 28113 F DEBUG   :     x28  0000000000000001  x29  0000007ea5d46da0  x30  0000007ea5da9c98
01-03 22:42:05.865 28113 28113 F DEBUG   :     sp   0000007ea5d46d50  pc   0000007ea5da9cf0  pstate 0000000060000000
01-03 22:42:05.874 28113 28113 F DEBUG   : 
01-03 22:42:05.874 28113 28113 F DEBUG   : backtrace:
01-03 22:42:05.874 28113 28113 F DEBUG   :     #00 pc 0000000000063cf0  /system/lib64/libnfc-nci.so (_ZN13NfcAdaptation26InitializeHalDeviceContextEv+368)
01-03 22:42:05.874 28113 28113 F DEBUG   :     #01 pc 0000000000063814  /system/lib64/libnfc-nci.so (_ZN13NfcAdaptation10InitializeEv+760)
01-03 22:42:05.874 28113 28113 F DEBUG   :     #02 pc 0000000000013358  /system/lib64/libnfc_nci_jni.so (_ZN7androidL23nfcManager_doInitializeEP7_JNIEnvP8_jobject+84)
01-03 22:42:05.874 28113 28113 F DEBUG   :     #03 pc 00000000000399bc  /data/dalvik-cache/arm64/system@app@NfcNci@NfcNci.apk@classes.dex (offset 0xf000)
01-03 22:42:05.875 27196 27196 E AndroidRuntime: *** FATAL EXCEPTION IN SYSTEM PROCESS: main
01-03 22:42:05.875 27196 27196 E AndroidRuntime: java.lang.UnsatisfiedLinkError: dlopen failed: cannot locate symbol "get_process_name" referenced by "/system/vendor/lib64/libizat_core.so"...
01-03 22:42:05.875 27196 27196 E AndroidRuntime: 	at java.lang.Runtime.loadLibrary0(Runtime.java:1016)
01-03 22:42:05.875 27196 27196 E AndroidRuntime: 	at java.lang.System.loadLibrary(System.java:1657)
01-03 22:42:05.875 27196 27196 E AndroidRuntime: 	at com.qualcomm.location.izatserviceprovider.service.IzatServiceBase.<clinit>(IzatServiceBase.java:199)
01-03 22:42:05.875 27196 27196 E AndroidRuntime: 	at java.lang.Class.newInstance(Native Method)
01-03 22:42:05.875 27196 27196 E AndroidRuntime: 	at android.app.ActivityThread.handleCreateService(ActivityThread.java:3386)
01-03 22:42:05.875 27196 27196 E AndroidRuntime: 	at android.app.ActivityThread.-wrap4(Unknown Source:0)
01-03 22:42:05.875 27196 27196 E AndroidRuntime: 	at android.app.ActivityThread$H.handleMessage(ActivityThread.java:1683)
01-03 22:42:05.875 27196 27196 E AndroidRuntime: 	at android.os.Handler.dispatchMessage(Handler.java:105)
01-03 22:42:05.875 27196 27196 E AndroidRuntime: 	at android.os.Looper.loop(Looper.java:164)
01-03 22:42:05.875 27196 27196 E AndroidRuntime: 	at com.android.server.SystemServer.run(SystemServer.java:423)
01-03 22:42:05.875 27196 27196 E AndroidRuntime: 	at com.android.server.SystemServer.main(SystemServer.java:262)
01-03 22:42:05.875 27196 27196 E AndroidRuntime: 	at java.lang.reflect.Method.invoke(Native Method)
01-03 22:42:05.875 27196 27196 E AndroidRuntime: 	at com.android.internal.os.Zygote$MethodAndArgsCaller.run(Zygote.java:240)
01-03 22:42:05.875 27196 27196 E AndroidRuntime: 	at com.android.internal.os.ZygoteInit.main(ZygoteInit.java:767)
01-03 22:42:05.951 28099 28099 E AndroidRuntime: FATAL EXCEPTION: main
01-03 22:42:05.951 28099 28099 E AndroidRuntime: Process: android.process.media, PID: 28099
01-03 22:42:05.951 28099 28099 E AndroidRuntime: DeadSystemException: The system died; earlier logs will point to the root cause
01-03 22:42:05.982  1278  2713 E BufferQueueProducer: [StatusBar#0] queueBuffer: BufferQueue has been abandoned
01-03 22:42:05.982 27422 27689 E Surface : queueBuffer: error queuing buffer to SurfaceTexture, -19
01-03 22:42:06.292  1155 28128 E mm-camera-isp2: isp_module_start_session:178 session id 1
01-03 22:42:06.315  1155 28130 E mm-camera: tcc_init: TCC ver.150418a
01-03 22:42:06.329  1155 28132 E mm-camera: module_faceproc_start_session:1844] session cnt 1
01-03 22:42:06.349  1155 28128 E mm-camera-isp2: isp_module_start_session:347 num_session_opened 1
01-03 22:42:06.352  1155 28126 E mm-camera: module_sensor_init_session:1245eeprom_name = imx234_eeprom
01-03 22:42:06.362  1155 28130 E mm-camera: sensor_laser_init:117  Failure opening sensor library! Error: dlopen failed: library "/system/lib/hw/sensors.hal.tof.so" not found
01-03 22:42:06.362  1155 28130 E mm-camera: gyro_port_init:1404  Failure initializing laser sensor. Error: 4
01-03 22:42:06.362  1155 28130 E mm-camera: start_accel_sensor: sensor1_open E
01-03 22:42:06.364  1155 28130 E mm-camera: start_accel_sensor: sensor1_open X, res = 0
01-03 22:42:06.366  1153  1153 E QMI_FW  : xport_send: Sendto failed for port 1792
01-03 22:42:06.366  1153  1153 E QMI_FW  : QCCI qmi_cci_flush_tx_q: Error sending TXN: svc_id: 256 txn_id: 1 msg_id: 2
01-03 22:42:06.366  1153  1153 E Sensors : sns_acm_mr.c(499):Transport error -16
01-03 22:42:06.366  1279  1279 E /system/bin/tombstoned: Tombstone written to: /data/tombstones//tombstone_08
01-03 22:42:06.370 27083 27083 E Zygote  : Exit zygote because system server (27196) has terminated
01-03 22:42:06.388  1155 28131 E mm-camera-pp: [INFO] base_module_start_session:91, E, session=1
01-03 22:42:06.389  1155 28131 E mm-camera-pp: [INFO] base_module_start_session:91, E, session=1
01-03 22:42:06.404  1155 28126 E mm-camera: module_sensor_init_session:1277flash subdev id = 0
01-03 22:42:06.407  1155 28126 E mm-camera-sensor: sensor_sdk_util_get_kernel_i2c_addr_type:26Invalid addr_type = 0
01-03 22:42:06.407  1155 28126 E mm-camera-sensor: sensor_sdk_util_get_kernel_i2c_data_type:40Invalid addr_type = 0
01-03 22:42:06.407  1155 28126 E mm-camera-sensor: actuator_load_lib:491name=lc898122_claf, mode=camera
01-03 22:42:06.412  1155 28126 E mm-camera-sensor: actuator_load_lib:491name=lc898122_claf, mode=camcorder
01-03 22:42:06.414  1155 28126 E mm-camera-sensor: eeprom_do_af_calibration:197turn on Cal af(1)
01-03 22:42:06.414  1155 28126 E mm-camera-sdk: eeprom_autofocus_calibration_claf:173 KSY Kernel original macro hall : 9600, inf hall : -12800, macro_mecha 16800, vcm_type 66
01-03 22:42:06.414  1155 28126 E mm-camera-sdk: eeprom_autofocus_calibration_claf:178 KSY AF_algorithm convert macro hall : 350, inf hall : 0, total_rangetomacro : 0, offset_value_pplus_mtm : 0
01-03 22:42:06.414  1155 28126 E mm-camera: ois_init:305start: ois_init
01-03 22:42:06.455  1155 28126 E mm-camera: ois_init:372done: ois_init
01-03 22:42:06.456  1155 28126 E mm-camera-sensor: proxy_init:71name = LD_AF
01-03 22:42:06.456  1155 28126 E mm-camera-sensor: sensor_proxy_on:151enter
01-03 22:42:06.467  1155 28146 E mm-camera: ois_thread:201ois thread is running
01-03 22:42:06.606  1155 28126 E mm-camera-sensor: sensor_proxy_thread_on:198enter
01-03 22:42:06.608  1155 28126 E mm-camera: module_sensor_init_session:1412tcs_sensor init Enter **
01-03 22:42:06.646  1155 28126 E mm-camera-sensor: tcs_thread_create:291tcs_thread, thread_id 0
01-03 22:42:06.647  1155 28126 E mm-camera: module_sensor_start_session:1684SUCCESS
01-03 22:42:06.647  1155  1155 E mm-camera: sensor_get_cur_chromatix_name:2577Error: Load default preview chroamtix
01-03 22:42:06.647  1155  1155 E mm-camera-sensor: chromatix_load_library_ex : chromatix = libchromatix_imx234_snapshot_open.so , lib name = /system/vendor/lib/libchromatix_imx234_snapshot_open.so
01-03 22:42:06.647  1155  1155 E mm-camera-sensor: chromatix_load_library_ex : chromatix = libchromatix_imx234_snapshot_open.so , lib name = /system/vendor/lib/libchromatix_imx234_snapshot_open.so
01-03 22:42:06.647  1155  1155 E mm-camera-sensor: chromatix_load_library_ex : chromatix = libchromatix_imx234_common_open.so , lib name = /system/vendor/lib/libchromatix_imx234_common_open.so
01-03 22:42:06.648  1155  1155 E mm-camera-sensor: chromatix_load_library_ex : chromatix = libchromatix_imx234_cpp_snapshot_open.so , lib name = /system/vendor/lib/libchromatix_imx234_cpp_snapshot_open.so
01-03 22:42:06.648  1155  1155 E mm-camera-sensor: chromatix_load_library_ex : chromatix = libchromatix_imx234_cpp_snapshot_open.so , lib name = /system/vendor/lib/libchromatix_imx234_cpp_snapshot_open.so
01-03 22:42:06.648  1155  1155 E mm-camera-sensor: chromatix_load_library_ex : chromatix = libchromatix_imx234_cpp_flash_snapshot_open.so , lib name = /system/vendor/lib/libchromatix_imx234_cpp_flash_snapshot_open.so
01-03 22:42:06.648  1155  1155 E mm-camera-sensor: chromatix_load_library_ex : chromatix = libchromatix_imx234_cpp_video_open.so , lib name = /system/vendor/lib/libchromatix_imx234_cpp_video_open.so
01-03 22:42:06.648  1155  1155 E mm-camera-sensor: chromatix_load_library_ex : chromatix = libchromatix_imx234_postproc_open.so , lib name = /system/vendor/lib/libchromatix_imx234_postproc_open.so
01-03 22:42:06.649  1155  1155 E mm-camera-isp2: isp_resource_query_mod:145 num_isp_preallocate 1 num_session_opened 1 dual_vfe_enabled 0
01-03 22:42:06.649  1155  1155 E mm-camera: module_faceproc_query_mod:1996] Caps ROI 5 scene_mode_cnt 1 HW analysis supported 0
01-03 22:42:06.649  1155  1155 E hdr     : module_hdr_lib_query_mod:181] Supported scenemode cnt 2
01-03 22:42:06.650  1155  1155 E mm-camera: isp_port_check_caps_reserve:737 port 0xec2dc700 ide 1000f type 10 dim 0 0
01-03 22:42:06.650  1155  1155 E mm-camera: int_link = 0xec2f0d20
01-03 22:42:06.653  1155  1155 E mm-camera: Interleaved flag is 0, identity 65551 port type 0
01-03 22:42:06.653  1155  1155 E mm-camera: pproc_port_add_modules_to_stream:454] X rc: 1
01-03 22:42:06.654  1155 28146 E mm-camera: ois_thread:239done : ois initialization
01-03 22:42:06.661  1158  1267 E ThermalEngine: ACTION: CLUSTER - Setting CLUSTER[1] to 1248000
01-03 22:42:06.668  1153  1153 E QMI_FW  : xport_send: Sendto failed for port 13056
01-03 22:42:06.668  1153  1153 E QMI_FW  : QCCI qmi_cci_flush_tx_q: Error sending TXN: svc_id: 276 txn_id: 1 msg_id: 2
01-03 22:42:06.668  1153  1153 E Sensors : sns_acm_mr.c(499):Transport error -16
01-03 22:42:06.753  1158  1267 E ThermalEngine: ACTION: CLUSTER - Setting CLUSTER[1] to 960000
01-03 22:42:06.956 28163 28163 E APM::Serializer: deserialize: Could not parse /odm/etc/audio_policy_configuration.xml document.
01-03 22:42:06.956 28163 28163 E APM::Serializer: deserialize: Could not parse /vendor/etc/audio_policy_configuration.xml document.
01-03 22:42:07.033 28163 28163 E BroadcastRadio: couldn't load radio module radio.fm (No such file or directory)
01-03 22:42:07.034 28163 28163 E RadioService: could not read implementation properties
01-03 22:42:07.037 28163 28163 E SoundTriggerHalImpl: couldn't load sound trigger module sound_trigger.primary (No such file or directory)
01-03 22:42:07.037 28163 28163 E SoundTriggerHwService: could not read implementation properties
01-03 22:42:07.038 28165 28165 E Netd    : Error adding route 0.0.0.0/0 -> (null) dummy0 to table 1002: File exists
01-03 22:42:07.513  1158  1267 E ThermalEngine: ACTION: CLUSTER - Setting CLUSTER[1] to 1248000
01-03 22:42:07.667  1155  1155 E mm-camera: dsps_send_request:531  dsps_send_request: Request response timed out
01-03 22:42:07.667  1155  1155 E mm-camera: 
01-03 22:42:07.667  1155  1155 E mm-camera: dsps_proc_set_params_gravity:179  dsps_proc_set_params_gravity Error sending request
01-03 22:42:07.667  1155  1155 E mm-camera: gyro_port_enable_disable_sensor_request:803  gyro_port_enable_disable_sensor_request: Gravity enable req failed
01-03 22:42:07.669  1153  1153 E QMI_FW  : xport_send: Sendto failed for port 13056
01-03 22:42:07.669  1153  1153 E QMI_FW  : QCCI qmi_cci_flush_tx_q: Error sending TXN: svc_id: 276 txn_id: 2 msg_id: 3
01-03 22:42:07.669  1153  1153 E Sensors : sns_acm_mr.c(499):Transport error -16
01-03 22:42:07.827 28162 28162 E ActivityRecognitionHardware: activity_recognition HAL is deprecated. class_init is effectively a no-op
01-03 22:42:07.876  1158  1267 E ThermalEngine: ACTION: CLUSTER - Setting CLUSTER[1] to 960000
01-03 22:42:08.669  1155  1155 E mm-camera: dsps_send_request:531  dsps_send_request: Request response timed out
01-03 22:42:08.669  1155  1155 E mm-camera: 
01-03 22:42:08.669  1155  1155 E mm-camera: dsps_proc_set_params_gravity:179  dsps_proc_set_params_gravity Error sending request
01-03 22:42:08.681  1155 28237 E mm-camera: mct: mct_pipeline_process_set:2966: Couldn't find stream id: 0
01-03 22:42:08.685  1155  1155 E mm-camera: port_iface_ext_unlink_func: E, identity = 0x1000f, port = 0xec323260, direction = 2
01-03 22:42:08.685  1155  1155 E mm-camera: port_iface_check_caps_unreserve_func:  E, identity = 0x1000f, port = 0xec323260, direction = 2
01-03 22:42:08.685  1155  1155 E mm-camera: iface_unreserve_sink_port: stream_id f mode 0 
01-03 22:42:08.685  1155  1155 E mm-camera: port_iface_ext_unlink_func: E, identity = 0x1000f, port = 0xec323560, direction = 1
01-03 22:42:08.685  1155  1155 E mm-camera: iface_ext_unlink_src_port: mct stream already removed from hw stream
01-03 22:42:08.685  1155  1155 E mm-camera: port_iface_check_caps_unreserve_func:  E, identity = 0x1000f, port = 0xec323560, direction = 1
01-03 22:42:08.685  1155  1155 E mm-camera: isp_port_check_caps_unreserve:826 ide 1000f port 0xec2dc700
01-03 22:42:08.689  1155  1155 E mm-camera: module_afs_port_check_caps_unreserve:1524] 
01-03 22:42:08.690  1155  1155 E mm-camera: module_afs_port_check_caps_unreserve:1532] destroy client
01-03 22:42:08.693  1155  1155 E mm-camera: q3a_thread_af_stop:1019  q3a_thread_af_stop:1019 MSG_STOP_THREAD
01-03 22:42:08.696  1155  1155 E mm-camera: stats_port_delete_reserved_stream:2602  stats_port_delete_reserved_stream:2602: going to NULL peer
01-03 22:42:08.697  1155 28241 E mm-camera: module_sensor_deinit_session:1545trying to delete thread
01-03 22:42:08.697  1155 28241 E mm-camera-sensor: proxy_thread_delete:259p_thread,trying to delete thread
01-03 22:42:08.697  1155 28241 E mm-camera-sensor: send_thread_exit_msg:219p_thread, exit_thread 0
01-03 22:42:08.697  1155 28241 E mm-camera-sensor: send_thread_exit_msg:223p_thread, exit_thread 1
01-03 22:42:08.697  1155 28241 E mm-camera: module_sensor_deinit_session:1547proxy_thread_deleted!
01-03 22:42:08.697  1155 28241 E mm-camera: module_sensor_deinit_session:1551try to stop proxy kernel workqueue!
01-03 22:42:08.697  1155 28241 E mm-camera-sensor: sensor_proxy_thread_off:215enter
01-03 22:42:08.700  1155 28243 E mm-camera-isp2: isp_module_stop_session:414 session id 1
01-03 22:42:08.706  1155 28244 E mm-camera: gyro_port_deinit:1446  gyro_port_deinit: Error in android Deinit
01-03 22:42:08.706  1153  1153 E QMI_FW  : xport_send: Sendto failed for port 1792
01-03 22:42:08.706  1153  1153 E QMI_FW  : QCCI qmi_cci_flush_tx_q: Error sending TXN: svc_id: 256 txn_id: 2 msg_id: 0
01-03 22:42:08.706  1153  1153 E Sensors : sns_acm_mr.c(499):Transport error -16
01-03 22:42:08.710  1155 28245 E mm-camera-pp: [INFO] base_module_stop_session:98, E, session=1
01-03 22:42:08.710  1155 28246 E mm-camera: module_faceproc_stop_session:1885] session cnt 1
01-03 22:42:08.711  1155 28245 E mm-camera-pp: [INFO] base_module_stop_session:98, E, session=1
01-03 22:42:08.735  1155 28241 E mm-camera: module_sensor_deinit_session:1567trying to delete thread
01-03 22:42:08.735  1155 28241 E mm-camera-sensor: tcs_thread_delete:303tcs_thread, trying to delete thread
01-03 22:42:08.735  1155 28241 E mm-camera: module_sensor_deinit_session:1569tcs_thread_deleted!
01-03 22:42:08.735  1155 28241 E mm-camera: module_sensor_deinit_session:1571try to stop tcs kernel workqueue!
01-03 22:42:08.739  1155 28241 E mm-camera-sensor: proxy_power_down:47enter
01-03 22:42:08.770  1155 28241 E mm-camera: sensor_close:4609ctrl->isStreaming make false
01-03 22:42:09.114  1158  1263 E ThermalEngine: [BMHB_GOV] read failed VS_TEMP
01-03 22:42:09.250 28248 28272 E light   : light_open lights keyboard failed: -22
01-03 22:42:09.250 28248 28272 E light   : Light passthrough failed to load legacy HAL.
01-03 22:42:09.251 28248 28272 E light   : light_open lights buttons failed: -22
01-03 22:42:09.251 28248 28272 E light   : Light passthrough failed to load legacy HAL.
01-03 22:42:09.255 28248 28272 E light   : light_open lights bluetooth failed: -22
01-03 22:42:09.255 28248 28272 E light   : Light passthrough failed to load legacy HAL.
01-03 22:42:09.256 28248 28272 E light   : light_open lights wifi failed: -22
01-03 22:42:09.256 28248 28272 E light   : Light passthrough failed to load legacy HAL.
01-03 22:42:09.822 28248 28248 E PackageManager: There should probably be a verifier, but, none were found
01-03 22:42:09.982 28248 28293 E sensors_hal_Ctx: enableLogging: Mag filter level is 1
01-03 22:42:09.983 28248 28262 E SystemServer: Unable to preload default resources
01-03 22:42:09.998  1153  1153 E QMI_FW  : xport_send: Sendto failed for port 1792
01-03 22:42:09.998  1153  1153 E QMI_FW  : QCCI qmi_cci_flush_tx_q: Error sending TXN: svc_id: 256 txn_id: 1 msg_id: 1
01-03 22:42:09.998  1153  1153 E Sensors : sns_acm_mr.c(499):Transport error -16
