--------- beginning of main
01-01 12:58:29.618   394   394 E hwservicemanager: BINDER_SET_INHERIT_FIFO_PRIO failed with error -1
01-01 12:58:29.680   403   403 E QSEECOMD: : Listener: index = 0, hierarchy = 0
01-01 12:58:29.682   403   403 E DrmLibRpmb: rpmb_init succeeded! with ret = 0
01-01 12:58:29.682   403   403 E QSEECOMD: : Listener: index = 1, hierarchy = 0
01-01 12:58:29.684   403   403 E SSD     : ssd_init_service succeeded!
01-01 12:58:29.684   403   403 E QSEECOMD: : Listener: index = 2, hierarchy = 0
01-01 12:58:29.728   403   403 E QSEECOMD: : Init dlopen(libsecureui.so, RLTD_NOW) is failed....
01-01 12:58:29.728   403   403 E QSEECOMD: : Listener: index = 5, hierarchy = 0
01-01 12:58:29.729   403   403 E QSEECOMD: : Init dlopen(libmdtp.so, RLTD_NOW) is failed....
01-01 12:58:29.729   405   405 E QSEECOMD: : Listener: index = 0, hierarchy = 1
01-01 12:58:29.731   405   405 E QSEECOMD: : Listener: index = 1, hierarchy = 1
01-01 12:58:29.733   405   405 E QSEECOMD: : Listener: index = 2, hierarchy = 1
01-01 12:58:29.740   405   405 E QSEECOMD: : Init dlopen(libsecureui.so, RLTD_NOW) is failed....
01-01 12:58:29.740   405   405 E QSEECOMD: : Listener: index = 3, hierarchy = 1
01-01 12:58:29.747   405   405 E QSEECOMD: : Listener: index = 4, hierarchy = 1
01-01 12:58:29.748   405   405 E QSEECOMD: : Listener: index = 5, hierarchy = 1
01-01 12:58:29.748   405   405 E QSEECOMD: : Init dlopen(libmdtp.so, RLTD_NOW) is failed....
01-01 12:58:29.748   405   405 E QSEECOMD: : Listener: index = 6, hierarchy = 1
01-01 12:58:29.755   405   405 E QSEECOMAPI: : Error::Cannot open the file /firmware/image/keymaste.mdt
01-01 12:58:29.755   405   405 E QSEECOMAPI: : Error::Loading image failed with ret = -1
01-01 12:58:29.755   405   405 E QSEECOMD: : Loading keymaste app failied
01-01 12:58:29.755   405   405 E QSEECOMAPI: : Error::Cannot open the file /firmware/image/keymaster.mdt
01-01 12:58:29.755   405   405 E QSEECOMAPI: : Error::Loading image failed with ret = -1
01-01 12:58:29.755   405   405 E QSEECOMD: : Loading keymaster app failied
--------- beginning of system
01-01 12:58:29.815   404   414 E vold    : Failed to chmod /data/system_ce/0: No such file or directory
01-01 12:58:29.816   404   414 E vold    : Failed to chmod /data/misc_ce/0: No such file or directory
01-01 12:58:30.873   515   515 E Energy-Aware: Voltage plan not received for cpu4
01-01 12:58:30.873   515   515 E Energy-Aware: Failed to transfer voltage values for cpu4 err:-1
01-01 12:58:30.873   515   515 E Energy-Aware: Voltage plan not received for cpu5
01-01 12:58:30.873   515   515 E Energy-Aware: Failed to transfer voltage values for cpu5 err:-1
01-01 12:58:30.883   505   505 E Diag_Lib:  Diag_LSM_Init: Failed to open handle to diag driver, error = 2
01-01 12:58:30.883   505   505 E Diag_Lib: qpLogDiagInit <== result : 0
01-01 12:58:30.883   505   505 E Diag_Lib: QMID : gIsQXDMDisabled 0, gIsADBDisabled 1, gIsDebugDisabled 0, gIsIMSLogsDisabled 0
01-01 12:58:30.883   505   505 E Diag_Lib:  Diag_LSM_Init: Failed to open handle to diag driver, error = 2
01-01 12:58:30.883   505   505 E Diag_Lib: qpLogDiagInit <== result : 0
01-01 12:58:30.883   505   505 E Diag_Lib: QMID : gIsQXDMDisabled 0, gIsADBDisabled 1, gIsDebugDisabled 0, gIsIMSLogsDisabled 0
01-01 12:58:30.883   505   505 E Diag_Lib: [IMS_QMID] |imsqmiserver.c | 538 | QMID#$$#0#QMI DAEMON STARTED
01-01 12:58:30.883   505   505 E Diag_Lib:  Diag_LSM_Init: Failed to open handle to diag driver, error = 2
01-01 12:58:30.883   505   505 E Diag_Lib: qpLogDiagInit <== result : 0
01-01 12:58:30.883   505   505 E Diag_Lib: QMID : gIsQXDMDisabled 0, gIsADBDisabled 1, gIsDebugDisabled 0, gIsIMSLogsDisabled 0
01-01 12:58:30.883   505   505 E Diag_Lib:  Diag_LSM_Init: Failed to open handle to diag driver, error = 2
01-01 12:58:30.883   505   505 E Diag_Lib: qpLogDiagInit <== result : 0
01-01 12:58:30.883   505   505 E Diag_Lib: QMID : gIsQXDMDisabled 0, gIsADBDisabled 1, gIsDebugDisabled 0, gIsIMSLogsDisabled 0
01-01 12:58:30.883   505   505 E Diag_Lib:  Diag_LSM_Init: Failed to open handle to diag driver, error = 2
01-01 12:58:30.883   505   505 E Diag_Lib: qpLogDiagInit <== result : 0
01-01 12:58:30.883   505   505 E Diag_Lib: QMID : gIsQXDMDisabled 0, gIsADBDisabled 1, gIsDebugDisabled 0, gIsIMSLogsDisabled 0
01-01 12:58:30.883   505   505 E Diag_Lib:  Diag_LSM_Init: Failed to open handle to diag driver, error = 2
01-01 12:58:30.883   505   505 E Diag_Lib: qpLogDiagInit <== result : 0
01-01 12:58:30.883   505   505 E Diag_Lib: QMID : gIsQXDMDisabled 0, gIsADBDisabled 1, gIsDebugDisabled 0, gIsIMSLogsDisabled 0
01-01 12:58:30.884   505   505 E Diag_Lib:  Diag_LSM_Init: Failed to open handle to diag driver, error = 2
01-01 12:58:30.884   505   505 E Diag_Lib: qpLogDiagInit <== result : 0
01-01 12:58:30.884   505   505 E Diag_Lib: QMID : gIsQXDMDisabled 0, gIsADBDisabled 1, gIsDebugDisabled 0, gIsIMSLogsDisabled 0
01-01 12:58:30.899   516   516 E Diag_Lib:  Diag_LSM_Init: Failed to open handle to diag driver, error = 2
01-01 12:58:31.048   532   532 E QC-time-services: Daemon:genoff_boot_tod_init: Unable to set TOD at boot up
01-01 12:58:31.048   532   532 E QC-time-services: Daemon: Unable to set TOD at boot up
01-01 12:58:31.054   529   529 E Sensors : sns_debug_set_dbg_str_mask: Setting log level to 5
01-01 12:58:31.054   529   529 E Diag_Lib:  Diag_LSM_Init: Failed to open handle to diag driver, error = 2
01-01 12:58:31.073   532   592 E Diag_Lib:  Diag_LSM_Init: Failed to open handle to diag driver, error = 2
01-01 12:58:31.075   532   592 E QMI_FW  : QMUXD: WARNING qmi_qmux_if_pwr_up_init failed! rc=-1
01-01 12:58:31.086   532   592 E QMI_FW  : QMUXD: WARNING qmi_qmux_if_pwr_up_init failed! rc=-1
01-01 12:58:31.086   532   592 E QC-time-services: Daemon:genoff_modem_qmi_service_request: qmi_client_get_service_list returned -2num_services 0
01-01 12:58:31.090   532   594 E QC-time-services: Daemon: Time-services: Waiting to acceptconnection
01-01 12:58:31.137   498   498 E PerMgrProxy: Starting pm-proxy service
01-01 12:58:31.155   513   513 E ThermalEngine: virtual_sensors_init: Error getting virtual sensors set
01-01 12:58:31.156   513   513 E ThermalEngine: get_max_action_info: can't read CLUSTER0_MAX max val
01-01 12:58:31.156   505   505 E Diag_Lib:  Diag_LSM_Init: Failed to open handle to diag driver, error = 2
01-01 12:58:31.156   513   513 E ThermalEngine: parse_action_info: Found CLUSTER0_MAX: 1248000
01-01 12:58:31.156   505   505 E Diag_Lib: qpLogDiagInit <== result : 0
01-01 12:58:31.156   505   505 E Diag_Lib: QMID : gIsQXDMDisabled 0, gIsADBDisabled 1, gIsDebugDisabled 0, gIsIMSLogsDisabled 0
01-01 12:58:31.156   505   505 E Diag_Lib:  Diag_LSM_Init: Failed to open handle to diag driver, error = 2
01-01 12:58:31.156   505   505 E Diag_Lib: qpLogDiagInit <== result : 0
01-01 12:58:31.156   505   505 E Diag_Lib: QMID : gIsQXDMDisabled 0, gIsADBDisabled 1, gIsDebugDisabled 0, gIsIMSLogsDisabled 0
01-01 12:58:31.156   505   505 E Diag_Lib:  Diag_LSM_Init: Failed to open handle to diag driver, error = 2
01-01 12:58:31.156   505   505 E Diag_Lib: qpLogDiagInit <== result : 0
01-01 12:58:31.156   513   513 E ThermalEngine: get_max_action_info: can't read CLUSTER1_MAX max val
01-01 12:58:31.156   513   513 E ThermalEngine: parse_action_info: Found CLUSTER1_MAX: 1248000
01-01 12:58:31.156   505   505 E Diag_Lib: QMID : gIsQXDMDisabled 0, gIsADBDisabled 1, gIsDebugDisabled 0, gIsIMSLogsDisabled 0
01-01 12:58:31.156   513   513 E ThermalEngine: get_max_action_info: can't read GPU_MAX max val
01-01 12:58:31.156   513   513 E ThermalEngine: parse_action_info: Found GPU_MAX: 600000000
01-01 12:58:31.179   511   511 E ANDR-PERF-MPCTL: Unable to create control service (stage=1, rc=0)
01-01 12:58:31.188   513   513 E ThermalEngine: Daemon : persist.sys.thermald_miti_off = true
01-01 12:58:31.188   513   513 E ThermalEngine: Daemon : ro.lge.panel_type = 0
01-01 12:58:31.188   513   513 E ThermalEngine: update_cpu_topology: Cluster Info[0]. Cluster Id: 0 cpu_bits:0xf sync:1
01-01 12:58:31.189   513   513 E ThermalEngine: update_cpu_topology: Cluster Info[1]. Cluster Id: 1 cpu_bits:0x30 sync:1
01-01 12:58:31.199   513   547 E Diag_Lib:  Diag_LSM_Init: Failed to open handle to diag driver, error = 2
01-01 12:58:31.261   510   510 E Diag_Lib:  Diag_LSM_Init: Failed to open handle to diag driver, error = 2
01-01 12:58:31.267   542   542 E Diag_Lib:  Diag_LSM_Init: Failed to open handle to diag driver, error = 2
01-01 12:58:31.267   542   542 E Diag_Lib: qpLogDiagInit <== result : 0
01-01 12:58:31.268   542   542 E Diag_Lib: DATAD : gIsQXDMDisabled 0, gIsADBDisabled 1, gIsDebugDisabled 0, gIsIMSLogsDisabled 0
01-01 12:58:31.268   542   542 E Diag_Lib:  Diag_LSM_Init: Failed to open handle to diag driver, error = 2
01-01 12:58:31.268   542   542 E Diag_Lib: qpLogDiagInit <== result : 0
01-01 12:58:31.268   542   542 E Diag_Lib: DATAD : gIsQXDMDisabled 0, gIsADBDisabled 1, gIsDebugDisabled 0, gIsIMSLogsDisabled 0
01-01 12:58:31.268   542   542 E Diag_Lib: [IMS_DataD] imsdatad.c | 5236 | | 542 |DATAD#$$#0#DATAD STARTED
01-01 12:58:31.268   542   542 E Diag_Lib:  Diag_LSM_Init: Failed to open handle to diag driver, error = 2
01-01 12:58:31.268   542   542 E Diag_Lib: qpLogDiagInit <== result : 0
01-01 12:58:31.268   542   542 E Diag_Lib: DATAD : gIsQXDMDisabled 0, gIsADBDisabled 1, gIsDebugDisabled 0, gIsIMSLogsDisabled 0
01-01 12:58:31.268   542   542 E Diag_Lib:  Diag_LSM_Init: Failed to open handle to diag driver, error = 2
01-01 12:58:31.268   542   542 E Diag_Lib: qpLogDiagInit <== result : 0
01-01 12:58:31.268   542   542 E Diag_Lib: DATAD : gIsQXDMDisabled 0, gIsADBDisabled 1, gIsDebugDisabled 0, gIsIMSLogsDisabled 0
01-01 12:58:31.268   542   542 E Diag_Lib:  Diag_LSM_Init: Failed to open handle to diag driver, error = 2
01-01 12:58:31.268   542   542 E Diag_Lib: qpLogDiagInit <== result : 0
01-01 12:58:31.268   542   542 E Diag_Lib: DATAD : gIsQXDMDisabled 0, gIsADBDisabled 1, gIsDebugDisabled 0, gIsIMSLogsDisabled 0
01-01 12:58:31.268   542   542 E Diag_Lib:  Diag_LSM_Init: Failed to open handle to diag driver, error = 2
01-01 12:58:31.268   542   542 E Diag_Lib: qpLogDiagInit <== result : 0
01-01 12:58:31.268   542   542 E Diag_Lib: DATAD : gIsQXDMDisabled 0, gIsADBDisabled 1, gIsDebugDisabled 0, gIsIMSLogsDisabled 0
01-01 12:58:31.269   542   542 E Diag_Lib:  Diag_LSM_Init: Failed to open handle to diag driver, error = 2
01-01 12:58:31.269   542   542 E Diag_Lib: qpLogDiagInit <== result : 0
01-01 12:58:31.269   542   542 E Diag_Lib: DATAD : gIsQXDMDisabled 0, gIsADBDisabled 1, gIsDebugDisabled 0, gIsIMSLogsDisabled 0
01-01 12:58:31.269   542   542 E Diag_Lib:  Diag_LSM_Init: Failed to open handle to diag driver, error = 2
01-01 12:58:31.269   542   542 E Diag_Lib: qpLogDiagInit <== result : 0
01-01 12:58:31.269   542   542 E Diag_Lib: DATAD : gIsQXDMDisabled 0, gIsADBDisabled 1, gIsDebugDisabled 0, gIsIMSLogsDisabled 0
01-01 12:58:31.269   542   542 E Diag_Lib:  Diag_LSM_Init: Failed to open handle to diag driver, error = 2
01-01 12:58:31.269   542   542 E Diag_Lib: qpLogDiagInit <== result : 0
01-01 12:58:31.269   542   542 E Diag_Lib: DATAD : gIsQXDMDisabled 0, gIsADBDisabled 1, gIsDebugDisabled 0, gIsIMSLogsDisabled 0
01-01 12:58:31.269   542   542 E Diag_Lib:  Diag_LSM_Init: Failed to open handle to diag driver, error = 2
01-01 12:58:31.269   542   542 E Diag_Lib: qpLogDiagInit <== result : 0
01-01 12:58:31.269   542   542 E Diag_Lib: DATAD : gIsQXDMDisabled 0, gIsADBDisabled 1, gIsDebugDisabled 0, gIsIMSLogsDisabled 0
01-01 12:58:31.269   542   542 E Diag_Lib:  Diag_LSM_Init: Failed to open handle to diag driver, error = 2
01-01 12:58:31.269   542   542 E Diag_Lib: qpLogDiagInit <== result : 0
01-01 12:58:31.269   542   542 E Diag_Lib: DATAD : gIsQXDMDisabled 0, gIsADBDisabled 1, gIsDebugDisabled 0, gIsIMSLogsDisabled 0
01-01 12:58:31.269   542   542 E Diag_Lib:  Diag_LSM_Init: Failed to open handle to diag driver, error = 2
01-01 12:58:31.269   542   542 E Diag_Lib: qpLogDiagInit <== result : 0
01-01 12:58:31.269   542   542 E Diag_Lib: DATAD : gIsQXDMDisabled 0, gIsADBDisabled 1, gIsDebugDisabled 0, gIsIMSLogsDisabled 0
01-01 12:58:31.269   542   542 E Diag_Lib:  Diag_LSM_Init: Failed to open handle to diag driver, error = 2
01-01 12:58:31.269   542   542 E Diag_Lib: qpLogDiagInit <== result : 0
01-01 12:58:31.269   542   542 E Diag_Lib: DATAD : gIsQXDMDisabled 0, gIsADBDisabled 1, gIsDebugDisabled 0, gIsIMSLogsDisabled 0
01-01 12:58:31.269   542   542 E Diag_Lib:  Diag_LSM_Init: Failed to open handle to diag driver, error = 2
01-01 12:58:31.270   542   542 E Diag_Lib: qpLogDiagInit <== result : 0
01-01 12:58:31.270   542   542 E Diag_Lib: DATAD : gIsQXDMDisabled 0, gIsADBDisabled 1, gIsDebugDisabled 0, gIsIMSLogsDisabled 0
01-01 12:58:31.270   542   542 E Diag_Lib:  Diag_LSM_Init: Failed to open handle to diag driver, error = 2
01-01 12:58:31.270   542   542 E Diag_Lib: qpLogDiagInit <== result : 0
01-01 12:58:31.270   542   542 E Diag_Lib: DATAD : gIsQXDMDisabled 0, gIsADBDisabled 1, gIsDebugDisabled 0, gIsIMSLogsDisabled 0
01-01 12:58:31.270   542   542 E Diag_Lib:  Diag_LSM_Init: Failed to open handle to diag driver, error = 2
01-01 12:58:31.270   542   542 E Diag_Lib: qpLogDiagInit <== result : 0
01-01 12:58:31.270   542   542 E Diag_Lib: DATAD : gIsQXDMDisabled 0, gIsADBDisabled 1, gIsDebugDisabled 0, gIsIMSLogsDisabled 0
01-01 12:58:31.270   542   542 E Diag_Lib:  Diag_LSM_Init: Failed to open handle to diag driver, error = 2
01-01 12:58:31.270   542   542 E Diag_Lib: qpLogDiagInit <== result : 0
01-01 12:58:31.270   542   542 E Diag_Lib: DATAD : gIsQXDMDisabled 0, gIsADBDisabled 1, gIsDebugDisabled 0, gIsIMSLogsDisabled 0
01-01 12:58:31.355   517   517 E APM::Serializer: deserialize: Could not parse /odm/etc/audio_policy_configuration.xml document.
01-01 12:58:31.355   517   517 E APM::Serializer: deserialize: Could not parse /vendor/etc/audio_policy_configuration.xml document.
01-01 12:58:31.426   528   528 E MediaCodecsXmlParser: addMediaCodecFromAttributes: updating non-existing codec or vice versa
01-01 12:58:31.441   529   616 E Sensors : mag_cal.c(1609):mag_cal_sam_init: Unknown UUID(1) cb8db385-b92b-a4a7
01-01 12:58:31.441   529   616 E Sensors : mag_cal.c(1614):mag_cal_sam_init: Unknown UUID(2) 67e7-81216a1bd0f0
01-01 12:58:31.441   529   616 E Sensors : sns_sam.c(4463):Failed to register algorithm service 16 with SAM
01-01 12:58:31.548   517   517 E RadioService: could not read implementation properties
01-01 12:58:31.555   517   517 E SoundTriggerHwService: could not read implementation properties
01-01 12:58:31.556   529   788 E Sensors : sns_debug_main.c(544):Debug Config File missing in EFS!
01-01 12:58:31.632   791   791 E Diag_Lib:  Diag_LSM_Init: Failed to open handle to diag driver, error = 2
01-01 12:58:31.634   791   791 E Diag_Lib:  Diag_LSM_Init: Failed to open handle to diag driver, error = 2
01-01 12:58:31.649   796   796 E Diag_Lib:  Diag_LSM_Init: Failed to open handle to diag driver, error = 2
01-01 12:58:31.683   791   791 E Diag_Lib:  Diag_LSM_Init: Failed to open handle to diag driver, error = 2
01-01 12:58:31.759   521   521 E keymaster1_device: Keymaster loaded/ queried from Qseecomd
01-01 12:58:31.763   521   521 E keymaster1_device: TA API Major Verion: 1
01-01 12:58:31.763   521   521 E keymaster1_device: TA API Minor Verion: 0
01-01 12:58:31.763   521   521 E keymaster1_device: TA Major Verion: 1
01-01 12:58:31.763   521   521 E keymaster1_device: TA Minor Verion: 10
01-01 12:58:31.763   521   521 E keymaster1_device: set_version_req->flags: 1
01-01 12:58:32.700   530   530 E mm-camera-sensor: eebin_read:387failed!
01-01 12:58:32.700   530   530 E mm-camera-sensor: eebin_read:387failed!
01-01 12:58:32.701   530   530 E mm-camera-sensor: sensor_init_probe:475failed: to oribe eeprom bin sensors
01-01 12:58:32.701   530   530 E mm-camera-sensor: add_external_sensor:109NO external sensor lib: no external path
01-01 12:58:32.702   530   530 E mm-camera-sensor: sensor_probe:270failed: to load 
01-01 12:58:32.702   530   530 E mm-camera-sensor: sensor_util_match_sensor_lib_name:1965s_bundle sensor_lib_name imx234 sensor_name t4ka3
01-01 12:58:32.702   530   530 E mm-camera: module_sensor_find_other_subdev:7773subdev_name /dev/v4l-subdev0 subdev id 0
01-01 12:58:32.703   530   530 E mm-camera: module_sensor_find_other_subdev:7773subdev_name /dev/v4l-subdev1 subdev id 1
01-01 12:58:32.703   530   530 E mm-camera: module_sensor_find_other_subdev:7773subdev_name /dev/v4l-subdev2 subdev id 2
01-01 12:58:32.703   530   530 E mm-camera: module_sensor_find_other_subdev:7773subdev_name /dev/v4l-subdev3 subdev id 0
01-01 12:58:32.703   530   530 E mm-camera: module_sensor_find_other_subdev:7773subdev_name /dev/v4l-subdev4 subdev id 1
01-01 12:58:32.703   530   530 E mm-camera: module_sensor_find_other_subdev:7773subdev_name /dev/v4l-subdev5 subdev id 2
01-01 12:58:32.703   530   530 E mm-camera: module_sensor_find_other_subdev:7773subdev_name /dev/v4l-subdev6 subdev id 3
01-01 12:58:32.703   530   530 E mm-camera: module_sensor_find_other_subdev:7773subdev_name /dev/v4l-subdev7 subdev id 1
01-01 12:58:32.703   530   530 E mm-camera: module_sensor_find_other_subdev:7773subdev_name /dev/v4l-subdev8 subdev id 0
01-01 12:58:32.703   530   530 E mm-camera: module_sensor_find_other_subdev:7799SUB_MODULE_LED_FLASH subdev_name /dev/v4l-subdev8 subdev_id 0
01-01 12:58:32.703   530   530 E mm-camera: module_sensor_find_other_subdev:7773subdev_name /dev/v4l-subdev9 subdev id 0
01-01 12:58:32.703   530   530 E mm-camera: module_sensor_find_other_subdev:7773subdev_name /dev/v4l-subdev10 subdev id 2
01-01 12:58:32.703   530   530 E mm-camera: module_sensor_find_other_subdev:7773subdev_name /dev/v4l-subdev11 subdev id 0
01-01 12:58:32.703   530   530 E mm-camera: module_sensor_find_other_subdev:7773subdev_name /dev/v4l-subdev12 subdev id 998
01-01 12:58:32.703   530   530 E mm-camera: module_sensor_find_other_subdev:7773subdev_name /dev/v4l-subdev13 subdev id 997
01-01 12:58:33.087   532   592 E QMI_FW  : QMUXD: WARNING qmi_qmux_if_pwr_up_init failed! rc=-1
01-01 12:58:33.088   532   592 E QMI_FW  : QMUXD: WARNING qmi_qmux_if_pwr_up_init failed! rc=-1
01-01 12:58:33.088   532   592 E QC-time-services: Daemon:genoff_modem_qmi_service_request: qmi_client_get_service_list returned -2num_services 0
01-01 12:58:33.094   530   530 E mm-camera-isp2: module_chroma_enhan40_init:90 name chroma_enhan40
01-01 12:58:33.100   530   530 E mm-camera-isp2: module_color_correct40_init:104 name color_correct40
01-01 12:58:33.249   530   530 E mm-camera-isp2: module_chroma_enhan40_init:90 name chroma_enhan40
01-01 12:58:33.250   530   530 E mm-camera-isp2: module_color_correct40_init:104 name color_correct40
01-01 12:58:33.253   530   530 E mm-camera-isp2: isp_resource_gen_hws_caps:3687 i 0 isp id 0
01-01 12:58:33.254   530   530 E mm-camera-isp2: isp_resource_gen_hws_caps:3687 i 1 isp id 1
01-01 12:58:33.254   530   530 E mm-camera-isp2: module_isp_init:678 module 0xeb7a3860
01-01 12:58:33.428   530   530 E mm-camera: vpe_module_init:26 name=vpe
01-01 12:58:33.428   530   530 E mm-camera: vpe_hardware_find_subdev:719: entity.name=video0 entity.revision=0
01-01 12:58:33.428   530   530 E mm-camera: vpe_hardware_find_subdev:719: entity.name=msm_cci entity.revision=0
01-01 12:58:33.428   530   530 E mm-camera: vpe_hardware_find_subdev:719: entity.name=v4l-subdev0 entity.revision=0
01-01 12:58:33.428   530   530 E mm-camera: vpe_hardware_find_subdev:719: entity.name=v4l-subdev1 entity.revision=0
01-01 12:58:33.428   530   530 E mm-camera: vpe_hardware_find_subdev:719: entity.name=v4l-subdev2 entity.revision=0
01-01 12:58:33.428   530   530 E mm-camera: vpe_hardware_find_subdev:719: entity.name=v4l-subdev3 entity.revision=0
01-01 12:58:33.429   530   530 E mm-camera: vpe_hardware_find_subdev:719: entity.name=v4l-subdev4 entity.revision=0
01-01 12:58:33.429   530   530 E mm-camera: vpe_hardware_find_subdev:719: entity.name=v4l-subdev5 entity.revision=0
01-01 12:58:33.429   530   530 E mm-camera: vpe_hardware_find_subdev:719: entity.name=v4l-subdev6 entity.revision=0
01-01 12:58:33.429   530   530 E mm-camera: vpe_hardware_find_subdev:719: entity.name=v4l-subdev7 entity.revision=0
01-01 12:58:33.429   530   530 E mm-camera: vpe_hardware_find_subdev:719: entity.name=v4l-subdev8 entity.revision=0
01-01 12:58:33.429   530   530 E mm-camera: vpe_hardware_find_subdev:719: entity.name=v4l-subdev9 entity.revision=0
01-01 12:58:33.429   530   530 E mm-camera: vpe_hardware_find_subdev:719: entity.name=v4l-subdev10 entity.revision=0
01-01 12:58:33.429   530   530 E mm-camera: vpe_hardware_find_subdev:719: entity.name=v4l-subdev11 entity.revision=0
01-01 12:58:33.429   530   530 E mm-camera: vpe_hardware_find_subdev:719: entity.name=v4l-subdev12 entity.revision=0
01-01 12:58:33.429   530   530 E mm-camera: vpe_hardware_find_subdev:719: entity.name=v4l-subdev13 entity.revision=0
01-01 12:58:33.429   530   530 E mm-camera: vpe_hardware_find_subdev:719: entity.name=v4l-subdev14 entity.revision=0
01-01 12:58:33.429   530   530 E mm-camera: vpe_hardware_find_subdev:719: entity.name=v4l-subdev15 entity.revision=0
01-01 12:58:33.429   530   530 E mm-camera: vpe_hardware_find_subdev:719: entity.name=v4l-subdev16 entity.revision=0
01-01 12:58:33.429   530   530 E mm-camera: vpe_hardware_find_subdev:719: entity.name=v4l-subdev17 entity.revision=17
01-01 12:58:33.429   530   530 E mm-camera: vpe_hardware_find_subdev:719: entity.name=v4l-subdev18 entity.revision=0
01-01 12:58:33.429   530   530 E mm-camera: vpe_hardware_find_subdev:719: entity.name=v4l-subdev19 entity.revision=0
01-01 12:58:33.429   530   530 E mm-camera: vpe_hardware_find_subdev:719: entity.name=v4l-subdev20 entity.revision=0
01-01 12:58:33.429   530   530 E mm-camera: vpe_hardware_find_subdev:719: entity.name=v4l-subdev21 entity.revision=0
01-01 12:58:33.429   530   530 E mm-camera: vpe_hardware_find_subdev:714: done enumerating media entities
01-01 12:58:33.430   530   530 E mm-camera: vpe_hardware_find_subdev:719: entity.name=video1 entity.revision=0
01-01 12:58:33.430   530   530 E mm-camera: vpe_hardware_find_subdev:714: done enumerating media entities
01-01 12:58:33.430   530   530 E mm-camera: vpe_hardware_find_subdev:719: entity.name=video2 entity.revision=0
01-01 12:58:33.430   530   530 E mm-camera: vpe_hardware_find_subdev:714: done enumerating media entities
01-01 12:58:33.430   530   530 E mm-camera: vpe_hardware_find_subdev:686: no more media devices
01-01 12:58:33.430   530   530 E mm-camera: vpe_hardware_find_subdev:731: no vpe device found.
01-01 12:58:33.430   530   530 E mm-camera: vpe_hardware_create:31: error: cannot find vpe subdev
01-01 12:58:33.430   530   530 E mm-camera: vpe_module_create_vpe_ctrl:141, failed, cannnot create vpe hardware instance
01-01 12:58:33.430   530   530 E mm-camera: vpe_module_init:34 failed
01-01 12:58:33.430   530   530 E mm-camera-vpu: vpu_module_init:54, INFO name=vpu
01-01 12:58:33.430   530   530 E mm-camera-pp: [INFO] base_module_init:142, name=tmod
01-01 12:58:33.449   530   530 E mm-camera-pp: [INFO] base_module_init:142, name=ezt
01-01 12:58:33.451   530   530 E mm-camera-eztune: Tuning lib open failed: dlopen failed: library "libmmcamera_tuning_lookup.so" not found
01-01 12:58:33.454   530   530 E mm-camera-img: frameproc_comp_reload_lib:1049] Error opening frameproc library libmmcamera_llvd.so error dlopen failed: library "libseemore.so" not found
01-01 12:58:33.455   530   530 E mm-camera-img: frameproc_comp_load:937] cannot load libmmcamera_llvd.so
01-01 12:58:33.455   530   530 E mm-camera: module_imgbase_init_llvd:2209] Error rc -6
01-01 12:58:33.455   530   530 E mm-camera: module_cac_init:1961] CAC disabled rc 0
01-01 12:58:33.455   530   530 E mm-camera: pproc_module_init:2812 num_sub_mods:5
01-01 12:58:33.455   530   530 E mm-camera-img: Can not discover face-detect device
01-01 12:58:33.455   530   530 E mm-camera-img: Can not find device name
01-01 12:58:33.455   530   530 E mm-camera-img: faceproc_dsp_comp_load:1225] E 
01-01 12:58:33.455   530   530 E mm-camera: module_faceproc_init:2392] HW or DSP FD not available switch to SW
01-01 12:58:33.474   530   530 E mm-camera-img: hdr_comp_reload_lib:1315] Error linking hdrSingleFrameCore
01-01 12:58:33.474   530   530 E hdr     : module_hdr_lib_query_mod:181] Supported scenemode cnt 1
01-01 12:58:33.530   530   530 E mm-camera-img: frameproc_comp_load_fn_ptrs:880] Warning linking img_algo_frame_ind
01-01 12:58:33.530   530   530 E mm-camera-img: frameproc_comp_load_fn_ptrs:887] Warning linking img_algo_meta_ind
01-01 12:58:33.530   530   530 E mm-camera-img: img_dsp_dlopen:127] NOT FOUND llvd 
01-01 12:58:33.532   530   530 E mm-camera-img: frameproc_comp_reload_lib:1049] Error opening frameproc library libmmcamera_optizoom_lib.so error dlopen failed: library "liboptizoom.so" not found
01-01 12:58:33.532   530   530 E mm-camera-img: frameproc_comp_load:937] cannot load libmmcamera_optizoom_lib.so
01-01 12:58:33.532   530   530 E mm-camera: module_imgbase_init_imglib_optizoom:2209] Error rc -6
01-01 12:58:33.532   530   530 E mm-camera-img: module_imglib_create_topology:742] Can not init the module imglib_optizoom
01-01 12:58:33.534   530   530 E mm-camera-img: frameproc_comp_reload_lib:1049] Error opening frameproc library libmmcamera_ubifocus_lib.so error dlopen failed: library "libubifocus.so" not found
01-01 12:58:33.534   530   530 E mm-camera-img: frameproc_comp_load:937] cannot load libmmcamera_ubifocus_lib.so
01-01 12:58:33.534   530   530 E mm-camera: module_imgbase_init_imglib_ubifocus:2209] Error rc -6
01-01 12:58:33.534   530   530 E mm-camera-img: module_imglib_create_topology:742] Can not init the module imglib_ubifocus
01-01 12:58:33.535   530   530 E mm-camera-img: frameproc_comp_reload_lib:1049] Error opening frameproc library libmmcamera_ubifocus_lib.so error dlopen failed: library "libubifocus.so" not found
01-01 12:58:33.535   530   530 E mm-camera-img: frameproc_comp_load:937] cannot load libmmcamera_ubifocus_lib.so
01-01 12:58:33.535   530   530 E mm-camera: module_imgbase_init_imglib_refocus:2209] Error rc -6
01-01 12:58:33.535   530   530 E mm-camera-img: module_imglib_create_topology:742] Can not init the module imglib_refocus
01-01 12:58:33.537   530   530 E mm-camera-img: frameproc_comp_reload_lib:1049] Error opening frameproc library libmmcamera_trueportrait_lib.so error dlopen failed: library "libtrueportrait.so" not found
01-01 12:58:33.537   530   530 E mm-camera-img: frameproc_comp_load:937] cannot load libmmcamera_trueportrait_lib.so
01-01 12:58:33.537   530   530 E mm-camera: module_imgbase_init_imglib_trueportrait:2209] Error rc -6
01-01 12:58:33.537   530   530 E mm-camera-img: module_imglib_create_topology:742] Can not init the module imglib_trueportrait
01-01 12:58:33.538   530   530 E mm-camera-img: frameproc_comp_reload_lib:1049] Error opening frameproc library libmmcamera_stillmore_lib.so error dlopen failed: library "libseemore.so" not found
01-01 12:58:33.538   530   530 E mm-camera-img: frameproc_comp_load:937] cannot load libmmcamera_stillmore_lib.so
01-01 12:58:33.538   530   530 E mm-camera: module_imgbase_init_imglib_stillmore:2209] Error rc -6
01-01 12:58:33.538   530   530 E mm-camera-img: module_imglib_create_topology:742] Can not init the module imglib_stillmore
01-01 12:58:33.733   423   423 E ActivityRecognitionHardware: activity_recognition HAL is deprecated. class_init is effectively a no-op
01-01 12:58:33.918   489   489 E qdhdmi  : writeHPDOption: file write failed 'hpd'
01-01 12:58:34.670   532   592 E QMI_FW  : QMUXD: WARNING qmi_qmux_if_pwr_up_init failed! rc=-1
01-01 12:58:34.672   532   592 E QMI_FW  : QMUXD: WARNING qmi_qmux_if_pwr_up_init failed! rc=-1
01-01 12:58:34.672   532   592 E QC-time-services: Daemon:genoff_modem_qmi_service_request: qmi_client_get_service_list returned 0num_services 1
01-01 12:58:34.672   532   592 E QMI_FW  : QMUXD: WARNING qmi_qmux_if_pwr_up_init failed! rc=-1
01-01 12:58:34.674   532   592 E QMI_FW  : QMUXD: WARNING qmi_qmux_if_pwr_up_init failed! rc=-1
01-01 12:58:34.675   532   592 E QMI_FW  : QMUXD: WARNING qmi_qmux_if_pwr_up_init failed! rc=-1
01-01 12:58:34.678   532   592 E QMI_FW  : QMUXD: WARNING qmi_qmux_if_pwr_up_init failed! rc=-1
01-01 12:58:35.459   901   901 E ANDR-PERF-MPCTL: Unable to create control service (stage=1, rc=0)
01-01 12:58:36.166   513   602 E ThermalEngine: [BMHB_GOV] read failed VS_TEMP
01-01 12:58:36.262   510   510 E Diag_Lib:  Diag_LSM_Init: Failed to open handle to diag driver, error = 2
01-01 12:58:36.264   510   510 E Diag_Lib:  Diag_LSM_Init: Failed to open handle to diag driver, error = 2
01-01 12:58:38.198   510   909 E Diag_Lib:  Diag_LSM_Init: Failed to open handle to diag driver, error = 2
01-01 12:58:40.460  1476  1476 E ANDR-PERF-MPCTL: Unable to create control service (stage=1, rc=0)
01-01 12:58:41.166   513   602 E ThermalEngine: [BMHB_GOV] read failed VS_TEMP
01-01 12:58:45.481  1479  1479 E ANDR-PERF-MPCTL: Unable to create control service (stage=1, rc=0)
01-01 12:58:46.167   513   603 E ThermalEngine: [GPU_MON] ACTION: GPU - [GPU_MON] Setting GPU[0] to 600000000
01-01 12:58:46.167   513   602 E ThermalEngine: [BMHB_GOV] read failed VS_TEMP
01-01 12:58:50.466  1488  1488 E ANDR-PERF-MPCTL: Unable to create control service (stage=1, rc=0)
01-01 12:58:51.167   513   602 E ThermalEngine: [BMHB_GOV] read failed VS_TEMP
01-01 12:58:53.737   880  1504 E light   : light_open lights keyboard failed: -22
01-01 12:58:53.737   880  1504 E light   : Light passthrough failed to load legacy HAL.
01-01 12:58:53.738   880  1504 E light   : light_open lights buttons failed: -22
01-01 12:58:53.738   880  1504 E light   : Light passthrough failed to load legacy HAL.
01-01 12:58:53.739   880  1504 E light   : light_open lights bluetooth failed: -22
01-01 12:58:53.739   880  1504 E light   : Light passthrough failed to load legacy HAL.
01-01 12:58:53.740   880  1504 E light   : light_open lights wifi failed: -22
01-01 12:58:53.740   880  1504 E light   : Light passthrough failed to load legacy HAL.
01-01 12:58:54.326   880   880 E PackageManager: There should probably be a verifier, but, none were found
01-01 12:58:54.466   880  1527 E sensors_hal_Ctx: enableLogging: Mag filter level is 1
01-01 12:58:54.486   880  1532 E sensors_hal_Ctx: processSingleSensorInfoResp: either handle is -1 or error is true or mSensors[handle] is NULL!
01-01 12:58:54.486   880  1532 E sensors_hal_Ctx: processSingleSensorInfoResp: either handle_wakeup is -1 or error is true or mSensors[handle_wakeup] is NULL!
01-01 12:58:54.610   880  1527 E SensorService: Reported power 0.000000 not deemed sane, clamping to 0.001000
01-01 12:58:54.692   880   880 E System  : ******************************************
01-01 12:58:54.692   880   880 E System  : ************ Failure starting core service
01-01 12:58:54.692   880   880 E System  : java.lang.RuntimeException: FEATURE_CONSUMER_IR present, but no IR HAL loaded!
01-01 12:58:54.692   880   880 E System  : 	at com.android.server.ConsumerIrService.<init>(ConsumerIrService.java:51)
01-01 12:58:54.692   880   880 E System  : 	at com.android.server.SystemServer.startOtherServices(SystemServer.java:800)
01-01 12:58:54.692   880   880 E System  : 	at com.android.server.SystemServer.run(SystemServer.java:398)
01-01 12:58:54.692   880   880 E System  : 	at com.android.server.SystemServer.main(SystemServer.java:262)
01-01 12:58:54.692   880   880 E System  : 	at java.lang.reflect.Method.invoke(Native Method)
01-01 12:58:54.692   880   880 E System  : 	at com.android.internal.os.Zygote$MethodAndArgsCaller.run(Zygote.java:240)
01-01 12:58:54.692   880   880 E System  : 	at com.android.internal.os.ZygoteInit.main(ZygoteInit.java:767)
01-01 12:58:54.714   880   880 E SystemServer: BOOT FAILURE making display ready
01-01 12:58:54.714   880   880 E SystemServer: java.lang.NullPointerException: Attempt to invoke virtual method 'void com.android.server.wm.WindowManagerService.displayReady()' on a null object reference
01-01 12:58:54.714   880   880 E SystemServer: 	at com.android.server.SystemServer.startOtherServices(SystemServer.java:913)
01-01 12:58:54.714   880   880 E SystemServer: 	at com.android.server.SystemServer.run(SystemServer.java:398)
01-01 12:58:54.714   880   880 E SystemServer: 	at com.android.server.SystemServer.main(SystemServer.java:262)
01-01 12:58:54.714   880   880 E SystemServer: 	at java.lang.reflect.Method.invoke(Native Method)
01-01 12:58:54.714   880   880 E SystemServer: 	at com.android.internal.os.Zygote$MethodAndArgsCaller.run(Zygote.java:240)
01-01 12:58:54.714   880   880 E SystemServer: 	at com.android.internal.os.ZygoteInit.main(ZygoteInit.java:767)
01-01 12:58:54.758   880   880 E SystemServiceRegistry: No service published for: alarm
01-01 12:58:54.758   880   880 E SystemServiceRegistry: android.os.ServiceManager$ServiceNotFoundException: No service published for: alarm
01-01 12:58:54.758   880   880 E SystemServiceRegistry: 	at android.os.ServiceManager.getServiceOrThrow(ServiceManager.java:75)
01-01 12:58:54.758   880   880 E SystemServiceRegistry: 	at android.app.SystemServiceRegistry$5.createService(SystemServiceRegistry.java:206)
01-01 12:58:54.758   880   880 E SystemServiceRegistry: 	at android.app.SystemServiceRegistry$5.createService(SystemServiceRegistry.java:204)
01-01 12:58:54.758   880   880 E SystemServiceRegistry: 	at android.app.SystemServiceRegistry$CachedServiceFetcher.getService(SystemServiceRegistry.java:939)
01-01 12:58:54.758   880   880 E SystemServiceRegistry: 	at android.app.SystemServiceRegistry.getSystemService(SystemServiceRegistry.java:891)
01-01 12:58:54.758   880   880 E SystemServiceRegistry: 	at android.app.ContextImpl.getSystemService(ContextImpl.java:1651)
01-01 12:58:54.758   880   880 E SystemServiceRegistry: 	at android.content.Context.getSystemService(Context.java:3123)
01-01 12:58:54.758   880   880 E SystemServiceRegistry: 	at com.android.server.LockSettingsStrongAuth.<init>(LockSettingsStrongAuth.java:71)
01-01 12:58:54.758   880   880 E SystemServiceRegistry: 	at com.android.server.LockSettingsService$Injector.getStrongAuth(LockSettingsService.java:317)
01-01 12:58:54.758   880   880 E SystemServiceRegistry: 	at com.android.server.LockSettingsService.<init>(LockSettingsService.java:375)
01-01 12:58:54.758   880   880 E SystemServiceRegistry: 	at com.android.server.LockSettingsService.<init>(LockSettingsService.java:366)
01-01 12:58:54.758   880   880 E SystemServiceRegistry: 	at com.android.server.LockSettingsService$Lifecycle.onStart(LockSettingsService.java:181)
01-01 12:58:54.758   880   880 E SystemServiceRegistry: 	at com.android.server.SystemServiceManager.startService(SystemServiceManager.java:123)
01-01 12:58:54.758   880   880 E SystemServiceRegistry: 	at com.android.server.SystemServiceManager.startService(SystemServiceManager.java:110)
01-01 12:58:54.758   880   880 E SystemServiceRegistry: 	at com.android.server.SystemServiceManager.startService(SystemServiceManager.java:69)
01-01 12:58:54.758   880   880 E SystemServiceRegistry: 	at com.android.server.SystemServer.startOtherServices(SystemServer.java:974)
01-01 12:58:54.758   880   880 E SystemServiceRegistry: 	at com.android.server.SystemServer.run(SystemServer.java:398)
01-01 12:58:54.758   880   880 E SystemServiceRegistry: 	at com.android.server.SystemServer.main(SystemServer.java:262)
01-01 12:58:54.758   880   880 E SystemServiceRegistry: 	at java.lang.reflect.Method.invoke(Native Method)
01-01 12:58:54.758   880   880 E SystemServiceRegistry: 	at com.android.internal.os.Zygote$MethodAndArgsCaller.run(Zygote.java:240)
01-01 12:58:54.758   880   880 E SystemServiceRegistry: 	at com.android.internal.os.ZygoteInit.main(ZygoteInit.java:767)
01-01 12:58:54.763   880  1495 E AppIdleHistory: Unable to read app idle file for user 0
01-01 12:58:54.791   880  1526 E SystemServerInitThreadPool: Failure in UiModeManager.onStart: java.lang.IllegalArgumentException: No display found with id: 0
01-01 12:58:54.791   880  1526 E SystemServerInitThreadPool: java.lang.IllegalArgumentException: No display found with id: 0
01-01 12:58:54.791   880  1526 E SystemServerInitThreadPool: 	at com.android.server.am.ActivityStackSupervisor.getDisplayOverrideConfiguration(ActivityStackSupervisor.java:478)
01-01 12:58:54.791   880  1526 E SystemServerInitThreadPool: 	at com.android.server.am.ActivityManagerService.performDisplayOverrideConfigUpdate(ActivityManagerService.java:20449)
01-01 12:58:54.791   880  1526 E SystemServerInitThreadPool: 	at com.android.server.am.ActivityManagerService.updateGlobalConfiguration(ActivityManagerService.java:20356)
01-01 12:58:54.791   880  1526 E SystemServerInitThreadPool: 	at com.android.server.am.ActivityManagerService.updateConfigurationLocked(ActivityManagerService.java:20234)
01-01 12:58:54.791   880  1526 E SystemServerInitThreadPool: 	at com.android.server.am.ActivityManagerService.updateConfiguration(ActivityManagerService.java:20173)
01-01 12:58:54.791   880  1526 E SystemServerInitThreadPool: 	at com.android.server.UiModeManagerService.sendConfigurationLocked(UiModeManagerService.java:478)
01-01 12:58:54.791   880  1526 E SystemServerInitThreadPool: 	at com.android.server.UiModeManagerService.lambda$-com_android_server_UiModeManagerService_9177(UiModeManagerService.java:236)
01-01 12:58:54.791   880  1526 E SystemServerInitThreadPool: 	at com.android.server.-$Lambda$K82oIOoLs4yzVXPcedaNtrZLQQI.$m$0(Unknown Source:4)
01-01 12:58:54.791   880  1526 E SystemServerInitThreadPool: 	at com.android.server.-$Lambda$K82oIOoLs4yzVXPcedaNtrZLQQI.run(Unknown Source:0)
01-01 12:58:54.791   880  1526 E SystemServerInitThreadPool: 	at com.android.server.SystemServerInitThreadPool.lambda$-com_android_server_SystemServerInitThreadPool_2249(SystemServerInitThreadPool.java:64)
01-01 12:58:54.791   880  1526 E SystemServerInitThreadPool: 	at com.android.server.-$Lambda$HTEfptnAsu3OjkqY28AzP7WiEyA.$m$0(Unknown Source:8)
01-01 12:58:54.791   880  1526 E SystemServerInitThreadPool: 	at com.android.server.-$Lambda$HTEfptnAsu3OjkqY28AzP7WiEyA.run(Unknown Source:0)
01-01 12:58:54.791   880  1526 E SystemServerInitThreadPool: 	at java.util.concurrent.Executors$RunnableAdapter.call(Executors.java:457)
01-01 12:58:54.791   880  1526 E SystemServerInitThreadPool: 	at java.util.concurrent.FutureTask.run(FutureTask.java:266)
01-01 12:58:54.791   880  1526 E SystemServerInitThreadPool: 	at java.util.concurrent.ThreadPoolExecutor.runWorker(ThreadPoolExecutor.java:1162)
01-01 12:58:54.791   880  1526 E SystemServerInitThreadPool: 	at java.util.concurrent.ThreadPoolExecutor$Worker.run(ThreadPoolExecutor.java:636)
01-01 12:58:54.791   880  1526 E SystemServerInitThreadPool: 	at com.android.internal.util.ConcurrentUtils$1$1.run(ConcurrentUtils.java:59)
01-01 12:58:54.795   880  1527 E PersistentDataBlockService: not able to find package 
01-01 12:58:54.795   880  1527 E PersistentDataBlockService: android.content.pm.PackageManager$NameNotFoundException: 
01-01 12:58:54.795   880  1527 E PersistentDataBlockService: 	at android.app.ApplicationPackageManager.getPackageUidAsUser(ApplicationPackageManager.java:277)
01-01 12:58:54.795   880  1527 E PersistentDataBlockService: 	at com.android.server.PersistentDataBlockService.getAllowedUid(PersistentDataBlockService.java:106)
01-01 12:58:54.795   880  1527 E PersistentDataBlockService: 	at com.android.server.PersistentDataBlockService.lambda$-com_android_server_PersistentDataBlockService_4652(PersistentDataBlockService.java:119)
01-01 12:58:54.795   880  1527 E PersistentDataBlockService: 	at com.android.server.-$Lambda$Vs1k-33pKk0_ZNh1UtgE1Q9ZrgU.$m$0(Unknown Source:4)
01-01 12:58:54.795   880  1527 E PersistentDataBlockService: 	at com.android.server.-$Lambda$Vs1k-33pKk0_ZNh1UtgE1Q9ZrgU.run(Unknown Source:0)
01-01 12:58:54.795   880  1527 E PersistentDataBlockService: 	at com.android.server.SystemServerInitThreadPool.lambda$-com_android_server_SystemServerInitThreadPool_2249(SystemServerInitThreadPool.java:64)
01-01 12:58:54.795   880  1527 E PersistentDataBlockService: 	at com.android.server.-$Lambda$HTEfptnAsu3OjkqY28AzP7WiEyA.$m$0(Unknown Source:8)
01-01 12:58:54.795   880  1527 E PersistentDataBlockService: 	at com.android.server.-$Lambda$HTEfptnAsu3OjkqY28AzP7WiEyA.run(Unknown Source:0)
01-01 12:58:54.795   880  1527 E PersistentDataBlockService: 	at java.util.concurrent.Executors$RunnableAdapter.call(Executors.java:457)
01-01 12:58:54.795   880  1527 E PersistentDataBlockService: 	at java.util.concurrent.FutureTask.run(FutureTask.java:266)
01-01 12:58:54.795   880  1527 E PersistentDataBlockService: 	at java.util.concurrent.ThreadPoolExecutor.runWorker(ThreadPoolExecutor.java:1162)
01-01 12:58:54.795   880  1527 E PersistentDataBlockService: 	at java.util.concurrent.ThreadPoolExecutor$Worker.run(ThreadPoolExecutor.java:636)
01-01 12:58:54.795   880  1527 E PersistentDataBlockService: 	at com.android.internal.util.ConcurrentUtils$1$1.run(ConcurrentUtils.java:59)
01-01 12:58:54.832   424   424 E ActivityRecognitionHardware: activity_recognition HAL is deprecated. class_init is effectively a no-op
01-01 12:58:54.929   880   880 E SystemServiceRegistry: No service published for: alarm
01-01 12:58:54.929   880   880 E SystemServiceRegistry: android.os.ServiceManager$ServiceNotFoundException: No service published for: alarm
01-01 12:58:54.929   880   880 E SystemServiceRegistry: 	at android.os.ServiceManager.getServiceOrThrow(ServiceManager.java:75)
01-01 12:58:54.929   880   880 E SystemServiceRegistry: 	at android.app.SystemServiceRegistry$5.createService(SystemServiceRegistry.java:206)
01-01 12:58:54.929   880   880 E SystemServiceRegistry: 	at android.app.SystemServiceRegistry$5.createService(SystemServiceRegistry.java:204)
01-01 12:58:54.929   880   880 E SystemServiceRegistry: 	at android.app.SystemServiceRegistry$CachedServiceFetcher.getService(SystemServiceRegistry.java:939)
01-01 12:58:54.929   880   880 E SystemServiceRegistry: 	at android.app.SystemServiceRegistry.getSystemService(SystemServiceRegistry.java:891)
01-01 12:58:54.929   880   880 E SystemServiceRegistry: 	at android.app.ContextImpl.getSystemService(ContextImpl.java:1651)
01-01 12:58:54.929   880   880 E SystemServiceRegistry: 	at com.android.server.net.NetworkStatsService.create(NetworkStatsService.java:272)
01-01 12:58:54.929   880   880 E SystemServiceRegistry: 	at com.android.server.SystemServer.startOtherServices(SystemServer.java:1050)
01-01 12:58:54.929   880   880 E SystemServiceRegistry: 	at com.android.server.SystemServer.run(SystemServer.java:398)
01-01 12:58:54.929   880   880 E SystemServiceRegistry: 	at com.android.server.SystemServer.main(SystemServer.java:262)
01-01 12:58:54.929   880   880 E SystemServiceRegistry: 	at java.lang.reflect.Method.invoke(Native Method)
01-01 12:58:54.929   880   880 E SystemServiceRegistry: 	at com.android.internal.os.Zygote$MethodAndArgsCaller.run(Zygote.java:240)
01-01 12:58:54.929   880   880 E SystemServiceRegistry: 	at com.android.internal.os.ZygoteInit.main(ZygoteInit.java:767)
01-01 12:58:54.936   880   880 E SystemServer: BOOT FAILURE starting NetworkStats Service
01-01 12:58:54.936   880   880 E SystemServer: java.lang.NullPointerException: missing AlarmManager
01-01 12:58:54.936   880   880 E SystemServer: 	at com.android.internal.util.Preconditions.checkNotNull(Preconditions.java:128)
01-01 12:58:54.936   880   880 E SystemServer: 	at com.android.server.net.NetworkStatsService.<init>(NetworkStatsService.java:297)
01-01 12:58:54.936   880   880 E SystemServer: 	at com.android.server.net.NetworkStatsService.create(NetworkStatsService.java:277)
01-01 12:58:54.936   880   880 E SystemServer: 	at com.android.server.SystemServer.startOtherServices(SystemServer.java:1050)
01-01 12:58:54.936   880   880 E SystemServer: 	at com.android.server.SystemServer.run(SystemServer.java:398)
01-01 12:58:54.936   880   880 E SystemServer: 	at com.android.server.SystemServer.main(SystemServer.java:262)
01-01 12:58:54.936   880   880 E SystemServer: 	at java.lang.reflect.Method.invoke(Native Method)
01-01 12:58:54.936   880   880 E SystemServer: 	at com.android.internal.os.Zygote$MethodAndArgsCaller.run(Zygote.java:240)
01-01 12:58:54.936   880   880 E SystemServer: 	at com.android.internal.os.ZygoteInit.main(ZygoteInit.java:767)
01-01 12:58:54.942   880   880 E SystemServer: BOOT FAILURE starting NetworkPolicy Service
01-01 12:58:54.942   880   880 E SystemServer: java.lang.NullPointerException: missing networkStats
01-01 12:58:54.942   880   880 E SystemServer: 	at com.android.internal.util.Preconditions.checkNotNull(Preconditions.java:128)
01-01 12:58:54.942   880   880 E SystemServer: 	at com.android.server.net.NetworkPolicyManagerService.<init>(NetworkPolicyManagerService.java:478)
01-01 12:58:54.942   880   880 E SystemServer: 	at com.android.server.net.NetworkPolicyManagerService.<init>(NetworkPolicyManagerService.java:464)
01-01 12:58:54.942   880   880 E SystemServer: 	at com.android.server.SystemServer.startOtherServices(SystemServer.java:1059)
01-01 12:58:54.942   880   880 E SystemServer: 	at com.android.server.SystemServer.run(SystemServer.java:398)
01-01 12:58:54.942   880   880 E SystemServer: 	at com.android.server.SystemServer.main(SystemServer.java:262)
01-01 12:58:54.942   880   880 E SystemServer: 	at java.lang.reflect.Method.invoke(Native Method)
01-01 12:58:54.942   880   880 E SystemServer: 	at com.android.internal.os.Zygote$MethodAndArgsCaller.run(Zygote.java:240)
01-01 12:58:54.942   880   880 E SystemServer: 	at com.android.internal.os.ZygoteInit.main(ZygoteInit.java:767)
01-01 12:58:54.998   880   880 E SystemServiceRegistry: No service published for: alarm
01-01 12:58:54.998   880   880 E SystemServiceRegistry: android.os.ServiceManager$ServiceNotFoundException: No service published for: alarm
01-01 12:58:54.998   880   880 E SystemServiceRegistry: 	at android.os.ServiceManager.getServiceOrThrow(ServiceManager.java:75)
01-01 12:58:54.998   880   880 E SystemServiceRegistry: 	at android.app.SystemServiceRegistry$5.createService(SystemServiceRegistry.java:206)
01-01 12:58:54.998   880   880 E SystemServiceRegistry: 	at android.app.SystemServiceRegistry$5.createService(SystemServiceRegistry.java:204)
01-01 12:58:54.998   880   880 E SystemServiceRegistry: 	at android.app.SystemServiceRegistry$CachedServiceFetcher.getService(SystemServiceRegistry.java:939)
01-01 12:58:54.998   880   880 E SystemServiceRegistry: 	at android.app.SystemServiceRegistry.getSystemService(SystemServiceRegistry.java:891)
01-01 12:58:54.998   880   880 E SystemServiceRegistry: 	at android.app.ContextImpl.getSystemService(ContextImpl.java:1651)
01-01 12:58:54.998   880   880 E SystemServiceRegistry: 	at com.android.server.wifi.WifiConfigStore.<init>(WifiConfigStore.java:147)
01-01 12:58:54.998   880   880 E SystemServiceRegistry: 	at com.android.server.wifi.WifiInjector.<init>(WifiInjector.java:190)
01-01 12:58:54.998   880   880 E SystemServiceRegistry: 	at com.android.server.wifi.WifiService.<init>(WifiService.java:32)
01-01 12:58:54.998   880   880 E SystemServiceRegistry: 	at java.lang.reflect.Constructor.newInstance0(Native Method)
01-01 12:58:54.998   880   880 E SystemServiceRegistry: 	at java.lang.reflect.Constructor.newInstance(Constructor.java:334)
01-01 12:58:54.998   880   880 E SystemServiceRegistry: 	at com.android.server.SystemServiceManager.startService(SystemServiceManager.java:95)
01-01 12:58:54.998   880   880 E SystemServiceRegistry: 	at com.android.server.SystemServiceManager.startService(SystemServiceManager.java:69)
01-01 12:58:54.998   880   880 E SystemServiceRegistry: 	at com.android.server.SystemServer.startOtherServices(SystemServer.java:1069)
01-01 12:58:54.998   880   880 E SystemServiceRegistry: 	at com.android.server.SystemServer.run(SystemServer.java:398)
01-01 12:58:54.998   880   880 E SystemServiceRegistry: 	at com.android.server.SystemServer.main(SystemServer.java:262)
01-01 12:58:54.998   880   880 E SystemServiceRegistry: 	at java.lang.reflect.Method.invoke(Native Method)
01-01 12:58:54.998   880   880 E SystemServiceRegistry: 	at com.android.internal.os.Zygote$MethodAndArgsCaller.run(Zygote.java:240)
01-01 12:58:54.998   880   880 E SystemServiceRegistry: 	at com.android.internal.os.ZygoteInit.main(ZygoteInit.java:767)
01-01 12:58:55.023   880   880 E SystemServiceRegistry: No service published for: alarm
01-01 12:58:55.023   880   880 E SystemServiceRegistry: android.os.ServiceManager$ServiceNotFoundException: No service published for: alarm
01-01 12:58:55.023   880   880 E SystemServiceRegistry: 	at android.os.ServiceManager.getServiceOrThrow(ServiceManager.java:75)
01-01 12:58:55.023   880   880 E SystemServiceRegistry: 	at android.app.SystemServiceRegistry$5.createService(SystemServiceRegistry.java:206)
01-01 12:58:55.023   880   880 E SystemServiceRegistry: 	at android.app.SystemServiceRegistry$5.createService(SystemServiceRegistry.java:204)
01-01 12:58:55.023   880   880 E SystemServiceRegistry: 	at android.app.SystemServiceRegistry$CachedServiceFetcher.getService(SystemServiceRegistry.java:939)
01-01 12:58:55.023   880   880 E SystemServiceRegistry: 	at android.app.SystemServiceRegistry.getSystemService(SystemServiceRegistry.java:891)
01-01 12:58:55.023   880   880 E SystemServiceRegistry: 	at android.app.ContextImpl.getSystemService(ContextImpl.java:1651)
01-01 12:58:55.023   880   880 E SystemServiceRegistry: 	at com.android.internal.util.WakeupMessage.<init>(WakeupMessage.java:54)
01-01 12:58:55.023   880   880 E SystemServiceRegistry: 	at com.android.internal.util.WakeupMessage.<init>(WakeupMessage.java:73)
01-01 12:58:55.023   880   880 E SystemServiceRegistry: 	at android.net.ip.IpManager.<init>(IpManager.java:498)
