01-07 03:59:45.893  3068  3085 I bt_core_module: module_shut_down Shutting down module "btif_config_module"
01-07 03:59:45.896  3068  3085 I bt_core_module: module_shut_down Shutdown of module "btif_config_module" completed
01-07 03:59:45.900  3068  3128 D ObexServerSockets2: AcceptThread ended for: ServerSocket: Type: TYPE_RFCOMM Channel: 6
01-07 03:59:46.345  2247  2247 I com.android.phone: Looking for service android.hardware.radio@1.0::IRadio/slot1
01-07 03:59:46.347  2247  2247 I com.android.phone: Looking for service android.hardware.radio.deprecated@1.0::IOemHook/slot1
01-07 03:59:46.395  2571  2713 W com.android.nfc: Waited one second for android.hardware.nfc@1.0::INfc/default. Waiting another...
01-07 03:59:46.759  1066  1066 I thermal-engine: type=1400 audit(0.0:986): avc: denied { ioctl } for path="/dev/msm_thermal_query" dev="tmpfs" ino=12291 ioctlcmd=ca02 scontext=u:r:init:s0 tcontext=u:object_r:device:s0 tclass=chr_file permissive=1
01-07 03:59:46.761   991  1066 E ThermalEngine: ACTION: CLUSTER - Setting CLUSTER[1] to 1689600
01-07 03:59:46.793   991  1066 E ThermalEngine: ACTION: CLUSTER - Setting CLUSTER[1] to 1632000
01-07 03:59:46.824   991  1066 E ThermalEngine: ACTION: CLUSTER - Setting CLUSTER[1] to 1536000
01-07 03:59:46.855   991  1066 E ThermalEngine: ACTION: CLUSTER - Setting CLUSTER[1] to 1440000
01-07 03:59:46.861   991  1066 E ThermalEngine: ACTION: CLUSTER - Setting CLUSTER[1] to 1824000
01-07 03:59:46.895  3090  3090 W com.android.bluetooth: type=1400 audit(0.0:987): avc: granted { open } for comm=425420536572766963652043616C6C path="/proc/bluetooth/sleep/lpm" dev="proc" ino=4026535862 scontext=u:r:bluetooth:s0 tcontext=u:object_r:proc:s0 tclass=file
01-07 03:59:46.897  3068  3090 I bt_core_module: module_shut_down Shutting down module "hci_module"
01-07 03:59:46.897  3068  3090 I bt_hci  : hci_module_shut_down
01-07 03:59:46.898  3068  3099 W bt_osi_thread: run_thread: thread id 3099, thread name hci_thread exited
01-07 03:59:46.898  3068  3090 I android.hardware.bluetooth@1.0-impl: BluetoothHci::close()
01-07 03:59:46.898  3068  3090 D bt_vendor: op for 6
01-07 03:59:46.899  3068  3090 D bt_upio : upio_set : pio 2 action 1, polarity 0
01-07 03:59:46.900  3068  3090 D bt_vendor: op for 4
01-07 03:59:46.900  3068  3090 I bt_userial_vendor: device fd = 72 close
01-07 03:59:46.900  3068  3090 D bt_vendor: op for 0
01-07 03:59:46.900  3068  3090 D bt_upio : is_emulator_context : 0
01-07 03:59:46.901  3068  3090 D bt_upio : is_rfkill_disabled ? [0]
01-07 03:59:46.913  3138  3138 E android.hardware.nfc@1.0-impl: hw_get_module nfc_nci failed: -2
01-07 03:59:46.913  3138  3138 E android.hardware.nfc@1.0-impl: Passthrough failed to load legacy HAL.
01-07 03:59:46.913  3138  3138 E android.hardware.nfc@1.0-service: Could not get passthrough implementation for android.hardware.nfc@1.0::INfc/default.
01-07 03:59:47.005  3068  3090 D bt_upio : upio_set : pio 0 action 1, polarity 0
01-07 03:59:47.005  3068  3090 D bt_upio : upio_set: proc btwrite assertion, buffer: 0, timer_armed 1 0
01-07 03:59:47.005  3068  3090 D bt_vendor: cleanup
01-07 03:59:47.008  3068  3090 I bt_core_module: module_shut_down Shutdown of module "hci_module" completed
01-07 03:59:47.009  3068  3090 I bt_core_module: module_shut_down Shutting down module "btsnoop_module"
01-07 03:59:47.009  3068  3090 I bt_core_module: module_shut_down Shutdown of module "btsnoop_module" completed
01-07 03:59:47.010  3068  3090 I bt_core_module: module_clean_up Cleaning up module "bte_logmsg_module"
01-07 03:59:47.010  3068  3090 I bt_core_module: module_clean_up Cleanup of module "bte_logmsg_module" completed
01-07 03:59:47.010  3068  3103 W bt_osi_thread: run_thread: thread id 3103, thread name bt_workqueue exited
01-07 03:59:47.013  3068  3085 I bt_core_module: module_shut_down Shutting down module "controller_module"
01-07 03:59:47.013  3068  3085 I bt_core_module: module_shut_down Shutdown of module "controller_module" completed
01-07 03:59:47.013  3068  3085 I bt_stack_manager: event_shut_down_stack finished
01-07 03:59:47.014  3068  3084 V BluetoothAdapterState: PendingCommand - transient state(s): isBleTurningOff
01-07 03:59:47.014  3068  3084 D BluetoothAdapterState: Current state: PENDING_COMMAND, message: 24
01-07 03:59:47.014  3068  3084 D BluetoothAdapterService: stopGattProfileService()
01-07 03:59:47.014  3068  3084 D BluetoothAdapterService: setProfileServiceState() - Stopping service com.android.bluetooth.gatt.GattService
01-07 03:59:47.016  3068  3068 D BtGatt.DebugUtils: handleDebugAction() action=null
01-07 03:59:47.016  3068  3084 D BluetoothAdapterState: Stopping Gatt profile services that were post enabled
01-07 03:59:47.016  3068  3068 D BluetoothAdapterService: getAdapterService() - returning com.android.bluetooth.btservice.AdapterService@ec5cdaf
01-07 03:59:47.017  3068  3068 D BtGatt.GattService: Received stop request...Stopping profile...
01-07 03:59:47.019  3068  3068 D BluetoothAdapterService: getAdapterService() - returning com.android.bluetooth.btservice.AdapterService@ec5cdaf
01-07 03:59:47.020  3068  3068 D BluetoothAdapterService: handleMessage() - Message: 1
01-07 03:59:47.020  3068  3068 D BluetoothAdapterService: handleMessage() - MESSAGE_PROFILE_SERVICE_STATE_CHANGED
01-07 03:59:47.020  3068  3068 D BluetoothAdapterService: processProfileServiceStateChanged() - serviceName=com.android.bluetooth.gatt.GattService isTurningOn=false isTurningOff=false isBleTurningOn=false isBleTurningOff=true
01-07 03:59:47.020  3068  3068 D BluetoothAdapterService: GattService stopped
01-07 03:59:47.020  3068  3084 V BluetoothAdapterState: PendingCommand - transient state(s): isBleTurningOff
01-07 03:59:47.020  3068  3084 D BluetoothAdapterState: Current state: PENDING_COMMAND, message: 25
01-07 03:59:47.020  3068  3084 D BluetoothAdapterProperties: Setting state to 10
01-07 03:59:47.020  3068  3084 I BluetoothAdapterState: Bluetooth adapter state changed: 16-> 10
01-07 03:59:47.020  3068  3084 D BluetoothAdapterService: updateAdapterState() - Broadcasting state to 1 receivers.
01-07 03:59:47.021  1384  1412 D BluetoothManagerService: MESSAGE_BLUETOOTH_STATE_CHANGE: BLE_TURNING_OFF > OFF
01-07 03:59:47.021  1384  1412 D BluetoothManagerService: Bluetooth is complete send Service Down
01-07 03:59:47.021  1384  1412 D BluetoothManagerService: Broadcasting onBluetoothServiceDown() to 5 receivers.
01-07 03:59:47.022  1384  1412 D BluetoothAdapter: onBluetoothServiceDown: android.bluetooth.IBluetooth$Stub$Proxy@b065ce7
01-07 03:59:47.022  3068  3084 I BluetoothAdapterState: Entering OffState
01-07 03:59:47.022  2102  2119 D BluetoothAdapter: onBluetoothServiceDown: android.bluetooth.IBluetooth$Stub$Proxy@d79cac4
01-07 03:59:47.022  2571  2589 D BluetoothAdapter: onBluetoothServiceDown: android.bluetooth.IBluetooth$Stub$Proxy@3dbc3a7
01-07 03:59:47.022  1384  1412 D BluetoothManagerService: unbindAndFinish(): android.bluetooth.IBluetooth$Stub$Proxy@b065ce7 mBinding = false mUnbinding = false
01-07 03:59:47.022  3068  3080 D BluetoothAdapter: onBluetoothServiceDown: com.android.bluetooth.btservice.AdapterService$AdapterServiceBinder@4b4d1a8
01-07 03:59:47.022  2247  2261 D BluetoothAdapter: onBluetoothServiceDown: android.bluetooth.IBluetooth$Stub$Proxy@a497e3f
01-07 03:59:47.024  3068  3068 D BluetoothAdapterService: onUnbind() - calling cleanup
01-07 03:59:47.025  3068  3068 D BluetoothAdapterService: cleanup()
01-07 03:59:47.026  1384  1412 D BluetoothManagerService: Sending BLE State Change: BLE_TURNING_OFF > OFF
01-07 03:59:47.026  3068  3068 W BluetoothSdpJni: Cleaning up Bluetooth SDP Interface...
01-07 03:59:47.027  3068  3068 W BluetoothSdpJni: Cleaning up Bluetooth SDP object
01-07 03:59:47.027  3068  3068 D BluetoothAdapterService: cleanup() - Cleaning up adapter native
01-07 03:59:47.027  3068  3085 I bt_stack_manager: event_clean_up_stack is cleaning up the stack
01-07 03:59:47.027  3068  3085 E BluetoothServiceJni: Callback: 'callback_thread_event' is not called on the correct thread
01-07 03:59:47.027  3068  3090 W bt_osi_thread: run_thread: thread id 3090, thread name bt_jni_workqueue exited
01-07 03:59:47.028  3068  3085 I bt_core_module: module_clean_up Cleaning up module "stack_config_module"
01-07 03:59:47.028  3068  3085 I bt_core_module: module_clean_up Cleanup of module "stack_config_module" completed
01-07 03:59:47.029  3068  3085 I bt_core_module: module_clean_up Cleaning up module "interop_module"
01-07 03:59:47.029  3068  3085 I bt_core_module: module_clean_up Cleanup of module "interop_module" completed
01-07 03:59:47.029  3068  3085 I bt_core_module: module_clean_up Cleaning up module "btif_config_module"
01-07 03:59:47.030  3068  3085 I bt_core_module: module_clean_up Cleanup of module "btif_config_module" completed
01-07 03:59:47.031  3068  3085 I bt_core_module: module_clean_up Cleaning up module "bt_utils_module"
01-07 03:59:47.031  3068  3085 I bt_core_module: module_clean_up Cleanup of module "bt_utils_module" completed
01-07 03:59:47.031  3068  3085 I bt_core_module: module_clean_up Cleaning up module "osi_module"
01-07 03:59:47.031  3068  3089 D bt_osi_alarm: callback_dispatch Callback thread exited
01-07 03:59:47.031  3068  3089 W bt_osi_thread: run_thread: thread id 3089, thread name alarm_dispatcher exited
01-07 03:59:47.033  3068  3088 W bt_osi_thread: run_thread: thread id 3088, thread name alarm_default_ca exited
01-07 03:59:47.034  3068  3085 I bt_core_module: module_clean_up Cleanup of module "osi_module" completed
01-07 03:59:47.034  3068  3085 I bt_stack_manager: event_clean_up_stack finished
01-07 03:59:47.034  3068  3068 I BluetoothServiceJni: cleanupNative: return from cleanup
01-07 03:59:47.037  3068  3068 D BluetoothAdapterService: onDestroy()
01-07 03:59:47.038  3068  3068 I BluetoothAdapterService: Force exit to cleanup internal state in Bluetooth stack
01-07 03:59:47.040  3068  3068 I com.android.bluetooth: System.exit called, status: 0
01-07 03:59:47.040  3068  3068 I AndroidRuntime: VM exiting with result code 0, cleanup skipped.
01-07 03:59:47.065  1384  2616 I ActivityManager: Process com.android.bluetooth (pid 3068) has died: fore SVC 
01-07 03:59:47.395  2571  2713 W com.android.nfc: Waited one second for android.hardware.nfc@1.0::INfc/default. Waiting another...
01-07 03:59:48.395  2571  2713 W com.android.nfc: Waited one second for android.hardware.nfc@1.0::INfc/default. Waiting another...
01-07 03:59:48.837  2102  2360 D DataUsageController: setMobileDataEnabled: enabled=true
01-07 03:59:48.839  2102  2360 D TelephonyManager: setDataEnabled: enabled=true
01-07 03:59:48.845  2247  2461 E PhoneInterfaceManager: [PhoneIntfMgr] setDataEnabled: no phone for subId=-1
01-07 03:59:49.037   991  1064 E ThermalEngine: [BMHB_GOV] read failed VS_TEMP
01-07 03:59:49.077  3013  3030 E QcrilMsgTunnelSocket: IOException - java.io.IOException: No such file or directory Reason: No such file or directory
01-07 03:59:49.077  3013  3030 I QcrilMsgTunnelSocket: Couldn't find 'qmux_radio/rild_oem0' socket; retrying after timeout
01-07 03:59:49.396  2571  2713 W com.android.nfc: Waited one second for android.hardware.nfc@1.0::INfc/default. Waiting another...
01-07 03:59:49.956  1384  1384 D BluetoothManagerService: Bluetooth persisted state: 0
01-07 03:59:49.956  1384  1384 D BluetoothManagerService: Airplane Mode change - current state:  OFF
01-07 03:59:49.961  1384  1384 D WifiService: resetting country code because Airplane mode is ON
01-07 03:59:49.970  2247  2247 I PhoneApp: Turning radio off - airplane
01-07 03:59:49.994  2102  2107 I zygote64: Do full code cache collection, code=252KB, data=164KB
01-07 03:59:49.997  2102  2107 I zygote64: After code cache collection, code=218KB, data=129KB
01-07 03:59:50.013  1384  1399 I ActivityManager: Start proc 3144:com.android.carrierdefaultapp/u0a34 for broadcast com.android.carrierdefaultapp/.CarrierDefaultBroadcastReceiver
01-07 03:59:50.065  3144  3144 D CarrierDefaultBroadcastReceiver: onReceive intent: com.android.internal.telephony.CARRIER_SIGNAL_RESET
01-07 03:59:50.079  3144  3144 D CarrierDefaultBroadcastReceiver: apply carrier action idx: 6
01-07 03:59:50.079  3144  3144 D CarrierActionUtils: onCancelAllNotifications
01-07 03:59:50.159  1252  1252 I surfaceflinger: type=1400 audit(0.0:989): avc: denied { ioctl } for path="/dev/kgsl-3d0" dev="tmpfs" ino=11864 ioctlcmd=933 scontext=u:r:surfaceflinger:s0 tcontext=u:object_r:device:s0 tclass=chr_file permissive=1
01-07 03:59:50.296  3160  3160 E ANDR-PERF-MPCTL: Unable to create control service (stage=1, rc=0)
01-07 03:59:50.296  3160  3160 W libc    : invalid pthread_t (0) passed to libc
01-07 03:59:50.350  2247  2247 I com.android.phone: Looking for service android.hardware.radio@1.0::IRadio/slot1
01-07 03:59:50.355  2247  2247 I com.android.phone: Looking for service android.hardware.radio.deprecated@1.0::IOemHook/slot1
01-07 03:59:50.396  2571  2713 W com.android.nfc: Waited one second for android.hardware.nfc@1.0::INfc/default. Waiting another...
01-07 03:59:51.007  1384  1399 I ActivityManager: Waited long enough for: ServiceRecord{5963774 u0 com.android.calendar/.alerts.InitAlarmsService}
01-07 03:59:51.373  1384  1384 D BluetoothManagerService: Bluetooth persisted state: 0
01-07 03:59:51.373  1384  1384 D BluetoothManagerService: Airplane Mode change - current state:  OFF
01-07 03:59:51.377  2247  2247 I PhoneApp: Turning radio on - airplane
01-07 03:59:51.396  2571  2713 W com.android.nfc: Waited one second for android.hardware.nfc@1.0::INfc/default. Waiting another...
01-07 03:59:51.487  1252  1252 I surfaceflinger: type=1400 audit(0.0:990): avc: denied { read write } for path="/dev/kgsl-3d0" dev="tmpfs" ino=11864 scontext=u:r:surfaceflinger:s0 tcontext=u:object_r:device:s0 tclass=chr_file permissive=1
01-07 03:59:51.917  3164  3164 E android.hardware.nfc@1.0-impl: hw_get_module nfc_nci failed: -2
01-07 03:59:51.917  3164  3164 E android.hardware.nfc@1.0-impl: Passthrough failed to load legacy HAL.
01-07 03:59:51.918  3164  3164 E android.hardware.nfc@1.0-service: Could not get passthrough implementation for android.hardware.nfc@1.0::INfc/default.
01-07 03:59:52.058  1384  1399 I ActivityManager: Waited long enough for: ServiceRecord{29bd26e u0 com.qualcomm.qcrilmsgtunnel/.QcrilMsgTunnelService}
01-07 03:59:52.397  2571  2713 W com.android.nfc: Waited one second for android.hardware.nfc@1.0::INfc/default. Waiting another...
01-07 03:59:52.721  1384  2183 I ActivityManager: START u0 {act=android.settings.SETTINGS flg=0x14000000 cmp=com.android.settings/.Settings} from uid 10025
01-07 03:59:52.740  1384  2359 E ActivityManager: applyOptionsLocked: Unknown animationType=0
01-07 03:59:52.742  1384  1455 W System  : ClassLoader referenced unknown path: 
01-07 03:59:52.959  2763  2763 I RenderThread: type=1400 audit(0.0:991): avc: denied { ioctl } for path="/dev/kgsl-3d0" dev="tmpfs" ino=11864 ioctlcmd=935 scontext=u:r:system_app:s0 tcontext=u:object_r:device:s0 tclass=chr_file permissive=1
01-07 03:59:52.992  2309  2309 W TileUtils: Found com.android.settings.backup.BackupSettingsActivity for intent Intent { act=com.android.settings.action.SETTINGS pkg=com.android.settings } missing metadata com.android.settings.category
01-07 03:59:53.036  2309  2309 D ConditionManager: conditions loading asychronously
01-07 03:59:53.040  2309  3169 D ConditionManager: loading conditions from xml
01-07 03:59:53.053  2309  2309 D DashboardSummary: adapter created
01-07 03:59:53.078  3013  3030 E QcrilMsgTunnelSocket: IOException - java.io.IOException: No such file or directory Reason: No such file or directory
01-07 03:59:53.078  3013  3030 I QcrilMsgTunnelSocket: Couldn't find 'qmux_radio/rild_oem0' socket; retrying after timeout
01-07 03:59:53.095  3174  3174 I RenderThread: type=1400 audit(0.0:992): avc: denied { read write } for name="kgsl-3d0" dev="tmpfs" ino=11864 scontext=u:r:system_server:s0 tcontext=u:object_r:device:s0 tclass=chr_file permissive=1
01-07 03:59:53.097  1384  3174 I Adreno  : QUALCOMM build                   : d3015e9, I25dc76dc3f
01-07 03:59:53.097  1384  3174 I Adreno  : Build Date                       : 01/26/17
01-07 03:59:53.097  1384  3174 I Adreno  : OpenGL ES Shader Compiler Version: XE031.09.00.03
01-07 03:59:53.097  1384  3174 I Adreno  : Local Branch                     : 
01-07 03:59:53.097  1384  3174 I Adreno  : Remote Branch                    : refs/tags/AU_LINUX_ANDROID_LA.BF64.1.2.3_RB1.07.00.00.258.011
01-07 03:59:53.097  1384  3174 I Adreno  : Remote Branch                    : NONE
01-07 03:59:53.097  1384  3174 I Adreno  : Reconstruct Branch               : NOTHING
01-07 03:59:53.105  1384  3174 I OpenGLRenderer: Initialized EGL, version 1.4
01-07 03:59:53.105  1384  3174 D OpenGLRenderer: HWUI GL Pipeline
01-07 03:59:53.105  1384  3174 D OpenGLRenderer: Swap behavior 2
01-07 03:59:53.110  2309  3173 I SuggestionParser: Use fingerprint requires unavailable feature android.hardware.fingerprint
01-07 03:59:53.123  2309  3173 W Bundle  : Key com.android.settings.dismiss expected String but value was a java.lang.Integer.  The default value <null> was returned.
01-07 03:59:53.125  2309  3173 W Bundle  : Attempt to cast generated internal exception:
01-07 03:59:53.125  2309  3173 W Bundle  : java.lang.ClassCastException: java.lang.Integer cannot be cast to java.lang.String
01-07 03:59:53.125  2309  3173 W Bundle  : 	at android.os.BaseBundle.getString(BaseBundle.java:1089)
01-07 03:59:53.125  2309  3173 W Bundle  : 	at com.android.settingslib.SuggestionParser.getDismissControl(SuggestionParser.java:362)
01-07 03:59:53.125  2309  3173 W Bundle  : 	at com.android.settingslib.SuggestionParser.isDismissed(SuggestionParser.java:315)
01-07 03:59:53.125  2309  3173 W Bundle  : 	at com.android.settingslib.SuggestionParser.filterSuggestions(SuggestionParser.java:172)
01-07 03:59:53.125  2309  3173 W Bundle  : 	at com.android.settingslib.SuggestionParser.readSuggestions(SuggestionParser.java:189)
01-07 03:59:53.125  2309  3173 W Bundle  : 	at com.android.settingslib.SuggestionParser.getSuggestions(SuggestionParser.java:137)
01-07 03:59:53.125  2309  3173 W Bundle  : 	at com.android.settings.dashboard.DashboardSummary$SuggestionLoader.doInBackground(DashboardSummary.java:245)
01-07 03:59:53.125  2309  3173 W Bundle  : 	at com.android.settings.dashboard.DashboardSummary$SuggestionLoader.doInBackground(DashboardSummary.java:240)
01-07 03:59:53.125  2309  3173 W Bundle  : 	at android.os.AsyncTask$2.call(AsyncTask.java:333)
01-07 03:59:53.125  2309  3173 W Bundle  : 	at java.util.concurrent.FutureTask.run(FutureTask.java:266)
01-07 03:59:53.125  2309  3173 W Bundle  : 	at android.os.AsyncTask$SerialExecutor$1.run(AsyncTask.java:245)
01-07 03:59:53.125  2309  3173 W Bundle  : 	at java.util.concurrent.ThreadPoolExecutor.runWorker(ThreadPoolExecutor.java:1162)
01-07 03:59:53.125  2309  3173 W Bundle  : 	at java.util.concurrent.ThreadPoolExecutor$Worker.run(ThreadPoolExecutor.java:636)
01-07 03:59:53.125  2309  3173 W Bundle  : 	at java.lang.Thread.run(Thread.java:764)
01-07 03:59:53.126  2309  3173 I SuggestionParser: Add another fingerprint requires unavailable feature android.hardware.fingerprint
01-07 03:59:53.131  2309  2309 D ConditionManager: conditions loaded from xml, refreshing conditions
01-07 03:59:53.131  2309  2309 D APM_Condition: APM condition refreshed
01-07 03:59:53.132  2309  2309 D APM_Condition: setActive was called with false
01-07 03:59:53.144  1384  2183 D PackageManager: Ephemeral installer not found with new action; try old one
01-07 03:59:53.144  1384  2183 D PackageManager: Clear ephemeral installer activity
01-07 03:59:53.159  2377  2377 I RenderThread: type=1400 audit(0.0:995): avc: denied { read write } for name="kgsl-3d0" dev="tmpfs" ino=11864 scontext=u:r:system_app:s0 tcontext=u:object_r:device:s0 tclass=chr_file permissive=1
01-07 03:59:53.160  2309  2377 I Adreno  : QUALCOMM build                   : d3015e9, I25dc76dc3f
01-07 03:59:53.160  2309  2377 I Adreno  : Build Date                       : 01/26/17
01-07 03:59:53.160  2309  2377 I Adreno  : OpenGL ES Shader Compiler Version: XE031.09.00.03
01-07 03:59:53.160  2309  2377 I Adreno  : Local Branch                     : 
01-07 03:59:53.160  2309  2377 I Adreno  : Remote Branch                    : refs/tags/AU_LINUX_ANDROID_LA.BF64.1.2.3_RB1.07.00.00.258.011
01-07 03:59:53.160  2309  2377 I Adreno  : Remote Branch                    : NONE
01-07 03:59:53.160  2309  2377 I Adreno  : Reconstruct Branch               : NOTHING
01-07 03:59:53.160  2309  3176 W TileUtils: Found com.android.settings.backup.BackupSettingsActivity for intent Intent { act=com.android.settings.action.SETTINGS pkg=com.android.settings } missing metadata com.android.settings.category
01-07 03:59:53.176  2309  2377 I OpenGLRenderer: Initialized EGL, version 1.4
01-07 03:59:53.176  2309  2377 D OpenGLRenderer: Swap behavior 2
01-07 03:59:53.185  2309  3177 I IndexDatabaseHelper: Using schema version: 117
01-07 03:59:53.188  2309  3177 I IndexDatabaseHelper: Index is fine
01-07 03:59:53.195  2102  2102 D StatusBar: disable<e i a s b h r c s q >
01-07 03:59:53.217  2309  3177 D DatabaseIndexingManager: Indexing locale 'en_US' took 28 millis
01-07 03:59:53.236  2309  3177 D DatabaseIndexingManager: Indexing locale 'en_US' took 12 millis
01-07 03:59:53.246  2309  3177 D DatabaseIndexingManager: Indexing locale 'en_US' took 4 millis
01-07 03:59:53.329  2102  2102 D StatusBar: disable<e i a s b h r c s q >
01-07 03:59:53.397  2571  2713 W com.android.nfc: Waited one second for android.hardware.nfc@1.0::INfc/default. Waiting another...
01-07 03:59:53.400  2309  3177 D DatabaseIndexingManager: Indexing locale 'en_US' took 151 millis
01-07 03:59:53.455  2309  2309 D DashboardSummary: Listening for condition changes
01-07 03:59:53.455  2309  2309 D DashboardSummary: onConditionsChanged
01-07 03:59:53.455  2309  2309 D DashboardAdapter: adapter setConditions called
01-07 03:59:53.457  2309  2309 D DashboardSummary: conditions refreshed
01-07 03:59:53.457  2309  2309 D APM_Condition: APM condition refreshed
01-07 03:59:53.458  2309  2309 D APM_Condition: setActive was called with false
01-07 03:59:53.460  1384  1413 I ActivityManager: Displayed com.android.settings/.Settings: +716ms
01-07 03:59:53.509  2309  3177 D DatabaseIndexingManager: Indexing locale 'en_US' took 102 millis
01-07 03:59:53.550  2309  3177 D DatabaseIndexingManager: Indexing locale 'en_US' took 35 millis
01-07 03:59:53.557  2309  3177 D DatabaseIndexingManager: Indexing locale 'en_US' took 3 millis
01-07 03:59:53.584  1384  2063 E HalDeviceManager: Should have at least 1 chip!
01-07 03:59:53.584  1384  2063 E HalDeviceManager: getSupportedIfaceTypesInternal: no chip info found
01-07 03:59:53.588  1384  2314 E BatteryStatsService: no controller energy info supplied
01-07 03:59:53.591  2247  2247 I com.android.phone: Looking for service android.hardware.radio@1.0::IRadio/slot1
01-07 03:59:53.595  2247  2247 E PhoneInterfaceManager: [PhoneIntfMgr] queryModemActivityInfo: Empty response
01-07 03:59:53.607  1384  2314 E KernelUidCpuFreqTimeReader: Failed to read /proc/uid_time_in_state: java.io.FileNotFoundException: /proc/uid_time_in_state (No such file or directory)
01-07 03:59:53.613  1384  2314 E BatteryStatsService: modem info is invalid: ModemActivityInfo{ mTimestamp=0 mSleepTimeMs=0 mIdleTimeMs=0 mTxTimeMs[]=[0, 0, 0, 0, 0] mRxTimeMs=0 mEnergyUsed=0}
01-07 03:59:53.657  2309  3177 W TileUtils: Found com.android.settings.backup.BackupSettingsActivity for intent Intent { act=com.android.settings.action.SETTINGS pkg=com.android.settings } missing metadata com.android.settings.category
01-07 03:59:53.667  2309  3169 I SuggestionParser: Use fingerprint requires unavailable feature android.hardware.fingerprint
01-07 03:59:53.676  2309  3169 W Bundle  : Key com.android.settings.dismiss expected String but value was a java.lang.Integer.  The default value <null> was returned.
01-07 03:59:53.676  2309  3169 W Bundle  : Attempt to cast generated internal exception:
01-07 03:59:53.676  2309  3169 W Bundle  : java.lang.ClassCastException: java.lang.Integer cannot be cast to java.lang.String
01-07 03:59:53.676  2309  3169 W Bundle  : 	at android.os.BaseBundle.getString(BaseBundle.java:1089)
01-07 03:59:53.676  2309  3169 W Bundle  : 	at com.android.settingslib.SuggestionParser.getDismissControl(SuggestionParser.java:362)
01-07 03:59:53.676  2309  3169 W Bundle  : 	at com.android.settingslib.SuggestionParser.isDismissed(SuggestionParser.java:315)
01-07 03:59:53.676  2309  3169 W Bundle  : 	at com.android.settingslib.SuggestionParser.filterSuggestions(SuggestionParser.java:172)
01-07 03:59:53.676  2309  3169 W Bundle  : 	at com.android.settingslib.SuggestionParser.readSuggestions(SuggestionParser.java:189)
01-07 03:59:53.676  2309  3169 W Bundle  : 	at com.android.settingslib.SuggestionParser.getSuggestions(SuggestionParser.java:137)
01-07 03:59:53.676  2309  3169 W Bundle  : 	at com.android.settings.dashboard.DashboardSummary$SuggestionLoader.doInBackground(DashboardSummary.java:245)
01-07 03:59:53.676  2309  3169 W Bundle  : 	at com.android.settings.dashboard.DashboardSummary$SuggestionLoader.doInBackground(DashboardSummary.java:240)
01-07 03:59:53.676  2309  3169 W Bundle  : 	at android.os.AsyncTask$2.call(AsyncTask.java:333)
01-07 03:59:53.676  2309  3169 W Bundle  : 	at java.util.concurrent.FutureTask.run(FutureTask.java:266)
01-07 03:59:53.676  2309  3169 W Bundle  : 	at android.os.AsyncTask$SerialExecutor$1.run(AsyncTask.java:245)
01-07 03:59:53.676  2309  3169 W Bundle  : 	at java.util.concurrent.ThreadPoolExecutor.runWorker(ThreadPoolExecutor.java:1162)
01-07 03:59:53.676  2309  3169 W Bundle  : 	at java.util.concurrent.ThreadPoolExecutor$Worker.run(ThreadPoolExecutor.java:636)
01-07 03:59:53.676  2309  3169 W Bundle  : 	at java.lang.Thread.run(Thread.java:764)
01-07 03:59:53.677  2309  3169 I SuggestionParser: Add another fingerprint requires unavailable feature android.hardware.fingerprint
01-07 03:59:53.705  2309  2318 I zygote64: Do partial code cache collection, code=30KB, data=27KB
01-07 03:59:53.709  2309  2318 I zygote64: After code cache collection, code=29KB, data=27KB
01-07 03:59:53.709  2309  2318 I zygote64: Increasing code cache capacity to 128KB
01-07 03:59:54.038   991  1064 E ThermalEngine: [BMHB_GOV] read failed VS_TEMP
01-07 03:59:54.397  2571  2713 W com.android.nfc: Waited one second for android.hardware.nfc@1.0::INfc/default. Waiting another...
01-07 03:59:55.052  3144  3158 I zygote64: Waiting for a blocking GC ProfileSaver
01-07 03:59:55.306  3183  3183 E ANDR-PERF-MPCTL: Unable to create control service (stage=1, rc=0)
01-07 03:59:55.306  3183  3183 W libc    : invalid pthread_t (0) passed to libc
01-07 03:59:55.398  2571  2713 W com.android.nfc: Waited one second for android.hardware.nfc@1.0::INfc/default. Waiting another...
01-07 03:59:55.752  1384  1405 D AutofillManagerService: onBackKeyPressed()
01-07 03:59:55.789  2309  2309 D DashboardSummary: Stopped listening for condition changes
01-07 03:59:55.805  2634  2634 W ContextImpl: Calling a method in the system process without a qualified user: android.app.ContextImpl.bindService:1540 android.content.ContextWrapper.bindService:678 com.google.android.libraries.launcherclient.LauncherClient.connectSafely:98 com.google.android.libraries.launcherclient.LauncherClient.reconnect:255 com.google.android.libraries.launcherclient.LauncherClient.onResume:231 
01-07 03:59:55.807  1384  2612 W ActivityManager: Unable to start service Intent { act=com.android.launcher3.WINDOW_OVERLAY dat=app://com.android.launcher3:1000?v=0 pkg=com.google.android.googlequicksearchbox } U=0: not found
01-07 03:59:56.158  1384  1399 I ActivityManager: Killing 2692:com.android.keychain/1000 (adj 906): empty #17
01-07 03:59:56.339  1384  3174 I Adreno  : QUALCOMM build                   : d3015e9, I25dc76dc3f
01-07 03:59:56.339  1384  3174 I Adreno  : Build Date                       : 01/26/17
01-07 03:59:56.339  1384  3174 I Adreno  : OpenGL ES Shader Compiler Version: XE031.09.00.03
01-07 03:59:56.339  1384  3174 I Adreno  : Local Branch                     : 
01-07 03:59:56.339  1384  3174 I Adreno  : Remote Branch                    : refs/tags/AU_LINUX_ANDROID_LA.BF64.1.2.3_RB1.07.00.00.258.011
01-07 03:59:56.339  1384  3174 I Adreno  : Remote Branch                    : NONE
01-07 03:59:56.339  1384  3174 I Adreno  : Reconstruct Branch               : NOTHING
01-07 03:59:56.354  1384  3174 I OpenGLRenderer: Initialized EGL, version 1.4
01-07 03:59:56.355  1384  3174 D OpenGLRenderer: Swap behavior 2
01-07 03:59:56.365  2634  2763 W OpenGLRenderer: Incorrectly called buildLayer on View: ShortcutAndWidgetContainer, destroying layer...
01-07 03:59:56.398  2571  2713 W com.android.nfc: Waited one second for android.hardware.nfc@1.0::INfc/default. Waiting another...
01-07 03:59:56.540   991  1066 E ThermalEngine: ACTION: CLUSTER - Setting CLUSTER[1] to 1689600
01-07 03:59:56.571   991  1066 E ThermalEngine: ACTION: CLUSTER - Setting CLUSTER[1] to 1632000
01-07 03:59:56.601   991  1066 E ThermalEngine: ACTION: CLUSTER - Setting CLUSTER[1] to 1536000
01-07 03:59:56.632   991  1066 E ThermalEngine: ACTION: CLUSTER - Setting CLUSTER[1] to 1632000
01-07 03:59:56.662   991  1066 E ThermalEngine: ACTION: CLUSTER - Setting CLUSTER[1] to 1689600
01-07 03:59:56.694   991  1066 E ThermalEngine: ACTION: CLUSTER - Setting CLUSTER[1] to 1632000
01-07 03:59:56.725   991  1066 E ThermalEngine: ACTION: CLUSTER - Setting CLUSTER[1] to 1536000
01-07 03:59:56.744   991  1066 E ThermalEngine: ACTION: CLUSTER - Setting CLUSTER[1] to 1440000
01-07 03:59:56.774   991  1066 E ThermalEngine: ACTION: CLUSTER - Setting CLUSTER[1] to 1344000
01-07 03:59:56.805   991  1066 E ThermalEngine: ACTION: CLUSTER - Setting CLUSTER[1] to 1440000
01-07 03:59:56.835   991  1066 E ThermalEngine: ACTION: CLUSTER - Setting CLUSTER[1] to 1536000
01-07 03:59:56.861   991  1066 E ThermalEngine: ACTION: CLUSTER - Setting CLUSTER[1] to 1824000
01-07 03:59:56.902  3186  3186 E android.hardware.nfc@1.0-impl: hw_get_module nfc_nci failed: -2
01-07 03:59:56.902  3186  3186 E android.hardware.nfc@1.0-impl: Passthrough failed to load legacy HAL.
01-07 03:59:56.902  3186  3186 E android.hardware.nfc@1.0-service: Could not get passthrough implementation for android.hardware.nfc@1.0::INfc/default.
01-07 03:59:57.080  3013  3030 E QcrilMsgTunnelSocket: IOException - java.io.IOException: No such file or directory Reason: No such file or directory
01-07 03:59:57.081  3013  3030 I QcrilMsgTunnelSocket: Couldn't find 'qmux_radio/rild_oem0' socket; retrying after timeout
01-07 03:59:57.213  2102  2360 I CameraManagerGlobal: Connecting to camera service
01-07 03:59:57.226  2102  2102 D StatusBar: disable<e i a s b h r c s q >
01-07 03:59:57.343  2102  2102 D StatusBar: disable<e i a s b h r c s q >
01-07 03:59:57.398  2571  2713 W com.android.nfc: Waited one second for android.hardware.nfc@1.0::INfc/default. Waiting another...
01-07 03:59:57.598  2247  2247 I com.android.phone: Looking for service android.hardware.radio@1.0::IRadio/slot1
01-07 03:59:57.605  2247  2247 I com.android.phone: Looking for service android.hardware.radio.deprecated@1.0::IOemHook/slot1
01-07 03:59:57.936  1384  1412 I ActivityManager: Start proc 3187:android.ext.services/u0a9 for service android.ext.services/.storage.CacheQuotaServiceImpl
01-07 03:59:58.070  1384  2314 I ActivityManager: Killing 2807:co.aoscp.musicx/u0a48 (adj 906): empty #17
01-07 03:59:58.251  1384  2314 I ActivityManager: START u0 {act=android.settings.SETTINGS flg=0x14000000 cmp=com.android.settings/.Settings} from uid 10025
01-07 03:59:58.283  1384  2183 E ActivityManager: applyOptionsLocked: Unknown animationType=0
01-07 03:59:58.399  2571  2713 W com.android.nfc: Waited one second for android.hardware.nfc@1.0::INfc/default. Waiting another...
01-07 03:59:58.413  2309  2309 D DashboardSummary: adapter created
01-07 03:59:58.430  2309  3173 I SuggestionParser: Use fingerprint requires unavailable feature android.hardware.fingerprint
01-07 03:59:58.447  2309  3173 W Bundle  : Key com.android.settings.dismiss expected String but value was a java.lang.Integer.  The default value <null> was returned.
01-07 03:59:58.447  2309  3173 W Bundle  : Attempt to cast generated internal exception:
01-07 03:59:58.447  2309  3173 W Bundle  : java.lang.ClassCastException: java.lang.Integer cannot be cast to java.lang.String
01-07 03:59:58.447  2309  3173 W Bundle  : 	at android.os.BaseBundle.getString(BaseBundle.java:1089)
01-07 03:59:58.447  2309  3173 W Bundle  : 	at com.android.settingslib.SuggestionParser.getDismissControl(SuggestionParser.java:362)
01-07 03:59:58.447  2309  3173 W Bundle  : 	at com.android.settingslib.SuggestionParser.isDismissed(SuggestionParser.java:315)
01-07 03:59:58.447  2309  3173 W Bundle  : 	at com.android.settingslib.SuggestionParser.filterSuggestions(SuggestionParser.java:172)
01-07 03:59:58.447  2309  3173 W Bundle  : 	at com.android.settingslib.SuggestionParser.readSuggestions(SuggestionParser.java:189)
01-07 03:59:58.447  2309  3173 W Bundle  : 	at com.android.settingslib.SuggestionParser.getSuggestions(SuggestionParser.java:137)
01-07 03:59:58.447  2309  3173 W Bundle  : 	at com.android.settings.dashboard.DashboardSummary$SuggestionLoader.doInBackground(DashboardSummary.java:245)
01-07 03:59:58.447  2309  3173 W Bundle  : 	at com.android.settings.dashboard.DashboardSummary$SuggestionLoader.doInBackground(DashboardSummary.java:240)
01-07 03:59:58.447  2309  3173 W Bundle  : 	at android.os.AsyncTask$2.call(AsyncTask.java:333)
01-07 03:59:58.447  2309  3173 W Bundle  : 	at java.util.concurrent.FutureTask.run(FutureTask.java:266)
01-07 03:59:58.447  2309  3173 W Bundle  : 	at android.os.AsyncTask$SerialExecutor$1.run(AsyncTask.java:245)
01-07 03:59:58.447  2309  3173 W Bundle  : 	at java.util.concurrent.ThreadPoolExecutor.runWorker(ThreadPoolExecutor.java:1162)
01-07 03:59:58.447  2309  3173 W Bundle  : 	at java.util.concurrent.ThreadPoolExecutor$Worker.run(ThreadPoolExecutor.java:636)
01-07 03:59:58.447  2309  3173 W Bundle  : 	at java.lang.Thread.run(Thread.java:764)
01-07 03:59:58.448  2309  3173 I SuggestionParser: Add another fingerprint requires unavailable feature android.hardware.fingerprint
01-07 03:59:58.468  2309  3173 W TileUtils: Found com.android.settings.backup.BackupSettingsActivity for intent Intent { act=com.android.settings.action.SETTINGS pkg=com.android.settings } missing metadata com.android.settings.category
01-07 03:59:58.519  2309  3173 D DatabaseIndexingManager: Indexing locale 'en_US' took 45 millis
01-07 03:59:58.541  2309  3173 D DatabaseIndexingManager: Indexing locale 'en_US' took 14 millis
01-07 03:59:58.559  1384  2063 E HalDeviceManager: Should have at least 1 chip!
01-07 03:59:58.559  1384  2063 E HalDeviceManager: getSupportedIfaceTypesInternal: no chip info found
01-07 03:59:58.561  1384  2183 E BatteryStatsService: no controller energy info supplied
01-07 03:59:58.562  2247  2247 I com.android.phone: Looking for service android.hardware.radio@1.0::IRadio/slot1
01-07 03:59:58.564  2247  2247 E PhoneInterfaceManager: [PhoneIntfMgr] queryModemActivityInfo: Empty response
01-07 03:59:58.569  1384  2183 E KernelUidCpuFreqTimeReader: Failed to read /proc/uid_time_in_state: java.io.FileNotFoundException: /proc/uid_time_in_state (No such file or directory)
01-07 03:59:58.573  2102  2102 D StatusBar: disable<e i a s b h r c s q >
01-07 03:59:58.575  1384  2183 E BatteryStatsService: modem info is invalid: ModemActivityInfo{ mTimestamp=0 mSleepTimeMs=0 mIdleTimeMs=0 mTxTimeMs[]=[0, 0, 0, 0, 0] mRxTimeMs=0 mEnergyUsed=0}
01-07 03:59:58.595  2309  3173 W TileUtils: Found com.android.settings.backup.BackupSettingsActivity for intent Intent { act=com.android.settings.action.SETTINGS pkg=com.android.settings } missing metadata com.android.settings.category
01-07 03:59:58.663  2309  2309 D DashboardSummary: Listening for condition changes
01-07 03:59:58.663  2309  2309 D DashboardSummary: onConditionsChanged
01-07 03:59:58.663  2309  2309 D DashboardAdapter: adapter setConditions called
01-07 03:59:58.664  2309  2309 D DashboardSummary: conditions refreshed
01-07 03:59:58.664  2309  2309 D APM_Condition: APM condition refreshed
01-07 03:59:58.664  2309  2309 D APM_Condition: setActive was called with false
01-07 03:59:58.669  1384  1413 I ActivityManager: Displayed com.android.settings/.Settings: +382ms
01-07 03:59:58.674  2309  2318 I zygote64: Do partial code cache collection, code=60KB, data=46KB
01-07 03:59:58.675  2309  2318 I zygote64: After code cache collection, code=60KB, data=46KB
01-07 03:59:58.675  2309  2318 I zygote64: Increasing code cache capacity to 256KB
01-07 03:59:58.685  2102  2102 D StatusBar: disable<e i a s b h r c s q >
01-07 03:59:58.714  2309  3176 I SuggestionParser: Use fingerprint requires unavailable feature android.hardware.fingerprint
01-07 03:59:58.730  2309  3176 W Bundle  : Key com.android.settings.dismiss expected String but value was a java.lang.Integer.  The default value <null> was returned.
01-07 03:59:58.730  2309  3176 W Bundle  : Attempt to cast generated internal exception:
01-07 03:59:58.730  2309  3176 W Bundle  : java.lang.ClassCastException: java.lang.Integer cannot be cast to java.lang.String
01-07 03:59:58.730  2309  3176 W Bundle  : 	at android.os.BaseBundle.getString(BaseBundle.java:1089)
01-07 03:59:58.730  2309  3176 W Bundle  : 	at com.android.settingslib.SuggestionParser.getDismissControl(SuggestionParser.java:362)
01-07 03:59:58.730  2309  3176 W Bundle  : 	at com.android.settingslib.SuggestionParser.isDismissed(SuggestionParser.java:315)
01-07 03:59:58.730  2309  3176 W Bundle  : 	at com.android.settingslib.SuggestionParser.filterSuggestions(SuggestionParser.java:172)
01-07 03:59:58.730  2309  3176 W Bundle  : 	at com.android.settingslib.SuggestionParser.readSuggestions(SuggestionParser.java:189)
01-07 03:59:58.730  2309  3176 W Bundle  : 	at com.android.settingslib.SuggestionParser.getSuggestions(SuggestionParser.java:137)
01-07 03:59:58.730  2309  3176 W Bundle  : 	at com.android.settings.dashboard.DashboardSummary$SuggestionLoader.doInBackground(DashboardSummary.java:245)
01-07 03:59:58.730  2309  3176 W Bundle  : 	at com.android.settings.dashboard.DashboardSummary$SuggestionLoader.doInBackground(DashboardSummary.java:240)
01-07 03:59:58.730  2309  3176 W Bundle  : 	at android.os.AsyncTask$2.call(AsyncTask.java:333)
01-07 03:59:58.730  2309  3176 W Bundle  : 	at java.util.concurrent.FutureTask.run(FutureTask.java:266)
01-07 03:59:58.730  2309  3176 W Bundle  : 	at android.os.AsyncTask$SerialExecutor$1.run(AsyncTask.java:245)
01-07 03:59:58.730  2309  3176 W Bundle  : 	at java.util.concurrent.ThreadPoolExecutor.runWorker(ThreadPoolExecutor.java:1162)
01-07 03:59:58.730  2309  3176 W Bundle  : 	at java.util.concurrent.ThreadPoolExecutor$Worker.run(ThreadPoolExecutor.java:636)
01-07 03:59:58.730  2309  3176 W Bundle  : 	at java.lang.Thread.run(Thread.java:764)
01-07 03:59:58.732  2309  3176 I SuggestionParser: Add another fingerprint requires unavailable feature android.hardware.fingerprint
01-07 03:59:59.039   991  1064 E ThermalEngine: [BMHB_GOV] read failed VS_TEMP
01-07 03:59:59.399  2571  2713 W com.android.nfc: Waited one second for android.hardware.nfc@1.0::INfc/default. Waiting another...
01-07 04:00:00.054  1384  2314 I ActivityManager: START u0 {flg=0x8000 cmp=com.android.settings/.Settings$DisplaySettingsActivity (has extras)} from uid 1000
01-07 04:00:00.237   991  1066 E ThermalEngine: ACTION: CLUSTER - Setting CLUSTER[1] to 1689600
01-07 04:00:00.245  2309  2309 I zygote64: Deoptimizing int android.support.v4.util.SimpleArrayMap.indexOfKey(java.lang.Object) due to JIT inline cache
01-07 04:00:00.259  1384  2120 E UserRestrictionsUtils: Unknown restriction: null
01-07 04:00:00.265  1384  2359 E UserRestrictionsUtils: Unknown restriction: null
01-07 04:00:00.267   991  1066 E ThermalEngine: ACTION: CLUSTER - Setting CLUSTER[1] to 1824000
01-07 04:00:00.287  3206  3206 E ANDR-PERF-MPCTL: Unable to create control service (stage=1, rc=0)
01-07 04:00:00.287  3206  3206 W libc    : invalid pthread_t (0) passed to libc
01-07 04:00:00.297  2309  2309 D DisplaySettings: NO dashboard tiles for DisplaySettings
01-07 04:00:00.298  1384  2612 I ActivityManager: Start proc 3207:com.android.keychain/1000 for service com.android.keychain/.KeyChainService
01-07 04:00:00.367  2309  3177 I zygote64: Deoptimizing java.util.List com.android.settingslib.drawer.TileUtils.getCategories(android.content.Context, java.util.Map, boolean, java.lang.String, java.lang.String) due to JIT inline cache
01-07 04:00:00.373  2309  3177 W TileUtils: Found com.android.settings.backup.BackupSettingsActivity for intent Intent { act=com.android.settings.action.SETTINGS pkg=com.android.settings } missing metadata com.android.settings.category
01-07 04:00:00.379  1384  1396 W DreamManagerService: Dream ComponentInfo{com.google.android.deskclock/com.android.deskclock.Screensaver} does not exist
01-07 04:00:00.379  1384  1396 W DreamManagerService: Falling back to default dream ComponentInfo{com.google.android.deskclock/com.android.deskclock.Screensaver}
01-07 04:00:00.389  2309  3177 D DatabaseIndexingManager: Indexing locale 'en_US' took 11 millis
01-07 04:00:00.397  2309  3177 D DatabaseIndexingManager: Indexing locale 'en_US' took 4 millis
01-07 04:00:00.400  2571  2713 W com.android.nfc: Waited one second for android.hardware.nfc@1.0::INfc/default. Waiting another...
01-07 04:00:00.413  2309  3177 W TileUtils: Found com.android.settings.backup.BackupSettingsActivity for intent Intent { act=com.android.settings.action.SETTINGS pkg=com.android.settings } missing metadata com.android.settings.category
01-07 04:00:00.426  2309  2309 D DashboardSummary: Stopped listening for condition changes
01-07 04:00:00.493  2309  2309 I zygote64: Deoptimizing void android.support.v7.widget.RecyclerView$LayoutManager.addViewInt(android.view.View, int, boolean) due to JIT inline cache
01-07 04:00:00.494  2309  2309 I zygote64: Deoptimizing android.graphics.Rect android.support.v7.widget.RecyclerView.getItemDecorInsetsForChild(android.view.View) due to JIT inline cache
01-07 04:00:00.559  2309  2309 W StaticLayout: maxLineHeight should not be -1.  maxLines:1 lineCount:1
01-07 04:00:00.560  2309  2309 I chatty  : uid=1000(system) com.android.settings identical 2 lines
01-07 04:00:00.560  2309  2309 W StaticLayout: maxLineHeight should not be -1.  maxLines:1 lineCount:1
01-07 04:00:00.563  2377  2377 I RenderThread: type=1400 audit(0.0:997): avc: denied { ioctl } for path="/dev/kgsl-3d0" dev="tmpfs" ino=11864 ioctlcmd=934 scontext=u:r:system_app:s0 tcontext=u:object_r:device:s0 tclass=chr_file permissive=1
01-07 04:00:00.636  1384  1413 I ActivityManager: Displayed com.android.settings/.Settings$DisplaySettingsActivity: +544ms
01-07 04:00:00.697  2309  2377 D OpenGLRenderer: endAllActiveAnimators on 0x7a25cec400 (RippleDrawable) with handle 0x7a371d2220
01-07 04:00:01.082  3013  3030 E QcrilMsgTunnelSocket: IOException - java.io.IOException: No such file or directory Reason: No such file or directory
01-07 04:00:01.082  3013  3030 I QcrilMsgTunnelSocket: Couldn't find 'qmux_radio/rild_oem0' socket; retrying after timeout
01-07 04:00:01.400  2571  2713 W com.android.nfc: Waited one second for android.hardware.nfc@1.0::INfc/default. Waiting another...
01-07 04:00:01.475  1066  1066 I thermal-engine: type=1400 audit(0.0:999): avc: denied { ioctl } for path="/dev/msm_thermal_query" dev="tmpfs" ino=12291 ioctlcmd=ca02 scontext=u:r:init:s0 tcontext=u:object_r:device:s0 tclass=chr_file permissive=1
01-07 04:00:01.480   991  1066 E ThermalEngine: ACTION: CLUSTER - Setting CLUSTER[1] to 1689600
01-07 04:00:01.510   991  1066 E ThermalEngine: ACTION: CLUSTER - Setting CLUSTER[1] to 1824000
01-07 04:00:01.542   991  1066 E ThermalEngine: ACTION: CLUSTER - Setting CLUSTER[1] to 1689600
01-07 04:00:01.572   991  1066 E ThermalEngine: ACTION: CLUSTER - Setting CLUSTER[1] to 1632000
01-07 04:00:01.603   991  1066 E ThermalEngine: ACTION: CLUSTER - Setting CLUSTER[1] to 1536000
01-07 04:00:01.633   991  1066 E ThermalEngine: ACTION: CLUSTER - Setting CLUSTER[1] to 1632000
01-07 04:00:01.664   991  1066 E ThermalEngine: ACTION: CLUSTER - Setting CLUSTER[1] to 1536000
01-07 04:00:01.695   991  1066 E ThermalEngine: ACTION: CLUSTER - Setting CLUSTER[1] to 1440000
01-07 04:00:01.725   991  1066 E ThermalEngine: ACTION: CLUSTER - Setting CLUSTER[1] to 1536000
01-07 04:00:01.756   991  1066 E ThermalEngine: ACTION: CLUSTER - Setting CLUSTER[1] to 1632000
01-07 04:00:01.786   991  1066 E ThermalEngine: ACTION: CLUSTER - Setting CLUSTER[1] to 1536000
01-07 04:00:01.817   991  1066 E ThermalEngine: ACTION: CLUSTER - Setting CLUSTER[1] to 1440000
01-07 04:00:01.848   991  1066 E ThermalEngine: ACTION: CLUSTER - Setting CLUSTER[1] to 1536000
01-07 04:00:01.866   991  1066 E ThermalEngine: ACTION: CLUSTER - Setting CLUSTER[1] to 1824000
01-07 04:00:01.918  3226  3226 E android.hardware.nfc@1.0-impl: hw_get_module nfc_nci failed: -2
01-07 04:00:01.918  3226  3226 E android.hardware.nfc@1.0-impl: Passthrough failed to load legacy HAL.
01-07 04:00:01.918  3226  3226 E android.hardware.nfc@1.0-service: Could not get passthrough implementation for android.hardware.nfc@1.0::INfc/default.
01-07 04:00:02.102  1384  1419 E SensorManager: sensor or listener is null
01-07 04:00:02.400  2571  2713 W com.android.nfc: Waited one second for android.hardware.nfc@1.0::INfc/default. Waiting another...
01-07 04:00:02.566  2247  2247 I com.android.phone: Looking for service android.hardware.radio@1.0::IRadio/slot1
01-07 04:00:02.570  2247  2247 I com.android.phone: Looking for service android.hardware.radio.deprecated@1.0::IOemHook/slot1
01-07 04:00:03.217  1384  2054 I InputReader: Reconfiguring input devices.  changes=0x00000010
01-07 04:00:03.225  1384  1398 W ResourceType: No known package when getting value for resource number 0x7f08012c
01-07 04:00:03.225  1384  1398 W ResourceType: No known package when getting value for resource number 0x7f120df1
01-07 04:00:03.226  1384  1398 W ResourceType: No known package when getting value for resource number 0x7f08012b
01-07 04:00:03.226  1384  1398 W ResourceType: No known package when getting value for resource number 0x7f1203e7
01-07 04:00:03.226  1384  1398 W ResourceType: No known package when getting value for resource number 0x7f08012a
01-07 04:00:03.226  1384  1398 W ResourceType: No known package when getting value for resource number 0x7f12086b
01-07 04:00:03.227  2571  2571 D RegisteredNfcFServicesCache: Service unchanged, not updating
01-07 04:00:03.229  1384  1384 I Telecom : DefaultDialerCache: Refreshing default dialer for user 0: now com.android.dialer: DDC.oR@ABY
01-07 04:00:03.232  2309  3169 W TileUtils: Found com.android.settings.backup.BackupSettingsActivity for intent Intent { act=com.android.settings.action.SETTINGS pkg=com.android.settings } missing metadata com.android.settings.category
01-07 04:00:03.251  1384  1398 W Searchables: No global search activity found
01-07 04:00:03.252  2247  2247 E PhoneInterfaceManager: [PhoneIntfMgr] getCarrierPackageNamesForIntent: No UICC
01-07 04:00:03.252  2247  2247 D CarrierSvcBindHelper: No carrier app for: 0
01-07 04:00:03.252  2247  2247 D ImsResolver: maybeAddedImsService, packageName: com.android.settings
01-07 04:00:03.276  1384  1398 W VoiceInteractionManagerService: no available voice interaction services found for user 0
01-07 04:00:03.401  2571  2713 W com.android.nfc: Waited one second for android.hardware.nfc@1.0::INfc/default. Waiting another...
01-07 04:00:03.960  1384  2183 I ActivityManager: START u0 {act=com.android.intent.action.SHOW_BRIGHTNESS_DIALOG cmp=com.android.systemui/.settings.BrightnessDialog} from uid 1000
01-07 04:00:04.040   991  1064 E ThermalEngine: [BMHB_GOV] read failed VS_TEMP
01-07 04:00:04.119  2446  2446 I RenderThread: type=1400 audit(0.0:1000): avc: denied { ioctl } for path="/dev/kgsl-3d0" dev="tmpfs" ino=11864 ioctlcmd=935 scontext=u:r:platform_app:s0:c512,c768 tcontext=u:object_r:device:s0 tclass=chr_file permissive=1
01-07 04:00:04.199  2446  2446 I RenderThread: type=1400 audit(0.0:1001): avc: denied { read write } for path="/dev/kgsl-3d0" dev="tmpfs" ino=11864 scontext=u:r:platform_app:s0:c512,c768 tcontext=u:object_r:device:s0 tclass=chr_file permissive=1
01-07 04:00:04.317  1384  1413 I ActivityManager: Displayed com.android.systemui/.settings.BrightnessDialog: +318ms
01-07 04:00:04.401  2571  2713 W com.android.nfc: Waited one second for android.hardware.nfc@1.0::INfc/default. Waiting another...
01-07 04:00:05.086  3013  3030 E QcrilMsgTunnelSocket: IOException - java.io.IOException: No such file or directory Reason: No such file or directory
01-07 04:00:05.086  3013  3030 I QcrilMsgTunnelSocket: Couldn't find 'qmux_radio/rild_oem0' socket; retrying after timeout
01-07 04:00:05.304  3229  3229 E ANDR-PERF-MPCTL: Unable to create control service (stage=1, rc=0)
01-07 04:00:05.305  3229  3229 W libc    : invalid pthread_t (0) passed to libc
01-07 04:00:05.401  2571  2713 W com.android.nfc: Waited one second for android.hardware.nfc@1.0::INfc/default. Waiting another...
01-07 04:00:06.009  2840  2874 D InitAlarmsService: Clearing and rescheduling alarms.
01-07 04:00:06.402  2571  2713 W com.android.nfc: Waited one second for android.hardware.nfc@1.0::INfc/default. Waiting another...
01-07 04:00:06.573  2247  2247 I com.android.phone: Looking for service android.hardware.radio@1.0::IRadio/slot1
01-07 04:00:06.577  2247  2247 I com.android.phone: Looking for service android.hardware.radio.deprecated@1.0::IOemHook/slot1
