01-07 03:59:44.501  3068  3068 I a2dp_codec: init: updated aptX-HD codec priority to 4001
01-07 03:59:44.501  3068  3068 D a2dp_codec: createCodec: codec LDAC
01-07 03:59:44.510  3068  3068 I a2dp_codec: init: updated LDAC codec priority to 5001
01-07 03:59:44.510  3068  3068 D a2dp_codec: createCodec: codec SBC SINK
01-07 03:59:44.510  3068  3068 I a2dp_codec: init: initialized Source codec LDAC
01-07 03:59:44.510  3068  3068 I a2dp_codec: init: initialized Source codec aptX-HD
01-07 03:59:44.510  3068  3068 I a2dp_codec: init: initialized Source codec aptX
01-07 03:59:44.510  3068  3068 I a2dp_codec: init: initialized Source codec AAC
01-07 03:59:44.510  3068  3068 I a2dp_codec: init: initialized Source codec SBC
01-07 03:59:44.510  3068  3068 I a2dp_codec: init: initialized Sink codec SBC(Sink)
01-07 03:59:44.510  3068  3090 I BluetoothA2dpServiceJni: bta2dp_audio_config_callback
01-07 03:59:44.511  3068  3090 D A2dpStateMachine: A2DP Codec Config: null->{codecName:SBC,mCodecType:0,mCodecPriority:0,mSampleRate:0x0(NONE),mBitsPerSample:0x0(NONE),mChannelMode:0x0(NONE),mCodecSpecific1:0,mCodecSpecific2:0,mCodecSpecific3:0,mCodecSpecific4:0}
01-07 03:59:44.511  3068  3090 D A2dpStateMachine: A2DP Codec Local Capability: {codecName:LDAC,mCodecType:4,mCodecPriority:5001,mSampleRate:0xf(44100|48000|88200|96000),mBitsPerSample:0x7(16|24|32),mChannelMode:0x2(STEREO),mCodecSpecific1:0,mCodecSpecific2:0,mCodecSpecific3:0,mCodecSpecific4:0}
01-07 03:59:44.511  3068  3090 D A2dpStateMachine: A2DP Codec Local Capability: {codecName:aptX HD,mCodecType:3,mCodecPriority:4001,mSampleRate:0x3(44100|48000),mBitsPerSample:0x2(24),mChannelMode:0x2(STEREO),mCodecSpecific1:0,mCodecSpecific2:0,mCodecSpecific3:0,mCodecSpecific4:0}
01-07 03:59:44.511  3068  3090 D A2dpStateMachine: A2DP Codec Local Capability: {codecName:aptX,mCodecType:2,mCodecPriority:3001,mSampleRate:0x3(44100|48000),mBitsPerSample:0x1(16),mChannelMode:0x2(STEREO),mCodecSpecific1:0,mCodecSpecific2:0,mCodecSpecific3:0,mCodecSpecific4:0}
01-07 03:59:44.511  3068  3090 D A2dpStateMachine: A2DP Codec Local Capability: {codecName:AAC,mCodecType:1,mCodecPriority:2001,mSampleRate:0x1(44100),mBitsPerSample:0x1(16),mChannelMode:0x2(STEREO),mCodecSpecific1:0,mCodecSpecific2:0,mCodecSpecific3:0,mCodecSpecific4:0}
01-07 03:59:44.512  3068  3090 D A2dpStateMachine: A2DP Codec Local Capability: {codecName:SBC,mCodecType:0,mCodecPriority:1001,mSampleRate:0x1(44100),mBitsPerSample:0x1(16),mChannelMode:0x2(STEREO),mCodecSpecific1:0,mCodecSpecific2:0,mCodecSpecific3:0,mCodecSpecific4:0}
01-07 03:59:44.513  3068  3110 D A2dpStateMachine: Enter Disconnected: -2
01-07 03:59:44.514  3068  3068 D BluetoothAdapterService: getAdapterService() - returning com.android.bluetooth.btservice.AdapterService@ec5cdaf
01-07 03:59:44.516  3068  3068 I BluetoothHidServiceJni: classInitNative: succeeds
01-07 03:59:44.520  3068  3068 D BluetoothAdapterService: getAdapterService() - returning com.android.bluetooth.btservice.AdapterService@ec5cdaf
01-07 03:59:44.521  3068  3068 D HidService: Received start request. Starting profile...
01-07 03:59:44.522  3068  3068 I bt_btif : get_profile_interface: id = hidhost
01-07 03:59:44.522  3068  3068 D HidService: setHidService(): set to: null
01-07 03:59:44.522  3068  3068 D BluetoothAdapterService: getAdapterService() - returning com.android.bluetooth.btservice.AdapterService@ec5cdaf
01-07 03:59:44.523  3068  3090 I bt_bta_hh: BTA_HhEnable sec_mask:0x36 p_cback:0x7a28419568
01-07 03:59:44.523  3068  3068 I BluetoothHealthServiceJni: classInitNative: succeeds
01-07 03:59:44.523  3068  3090 I bt_btif_storage: btif_storage_get_adapter_property service_mask:0x20100048
01-07 03:59:44.526  2102  2102 D BluetoothInputDevice: Proxy object connected
01-07 03:59:44.526  3068  3068 D BluetoothAdapterService: getAdapterService() - returning com.android.bluetooth.btservice.AdapterService@ec5cdaf
01-07 03:59:44.527  2102  2102 D HidProfile: Bluetooth service connected
01-07 03:59:44.527  3068  3068 D HealthService: Received start request. Starting profile...
01-07 03:59:44.529  3068  3068 I bt_btif : get_profile_interface: id = health
01-07 03:59:44.531  3068  3068 D BluetoothAdapterService: getAdapterService() - returning com.android.bluetooth.btservice.AdapterService@ec5cdaf
01-07 03:59:44.533  3068  3068 I BluetoothPanServiceJni: classInitNative(L111): succeeds
01-07 03:59:44.537  3068  3068 D BluetoothAdapterService: getAdapterService() - returning com.android.bluetooth.btservice.AdapterService@ec5cdaf
01-07 03:59:44.537  3068  3068 D PanService: Received start request. Starting profile...
01-07 03:59:44.538  3068  3068 D BluetoothPanServiceJni: initializeNative(L116): pan
01-07 03:59:44.538  3068  3068 I bt_btif : get_profile_interface: id = pan
01-07 03:59:44.540  3068  3068 D BluetoothAdapterService: getAdapterService() - returning com.android.bluetooth.btservice.AdapterService@ec5cdaf
01-07 03:59:44.540  3068  3090 D BluetoothPanServiceJni: control_state_callback(L63): state:0, local_role:3, ifname:bt-pan
01-07 03:59:44.544  2102  2102 D BluetoothPan: BluetoothPAN Proxy object connected
01-07 03:59:44.545  2102  2102 D PanProfile: Bluetooth service connected
01-07 03:59:44.555  2102  2102 D BluetoothMap: Proxy object connected
01-07 03:59:44.556  2102  2102 D MapProfile: Bluetooth service connected
01-07 03:59:44.556  3068  3068 D BluetoothAdapterService: getAdapterService() - returning com.android.bluetooth.btservice.AdapterService@ec5cdaf
01-07 03:59:44.556  2102  2102 D BluetoothMap: getConnectedDevices()
01-07 03:59:44.557  3068  3068 D BluetoothMapService: Received start request. Starting profile...
01-07 03:59:44.559  2102  2102 D BluetoothMap: Bluetooth is Not enabled
01-07 03:59:44.562  3068  3068 D BluetoothMapService: start()
01-07 03:59:44.576  3068  3068 D BluetoothMapAccountLoader: Found 0 application(s) with intent android.bluetooth.action.BLUETOOTH_MAP_PROVIDER
01-07 03:59:44.578  3068  3068 D BluetoothMapAccountLoader: Found 0 application(s) with intent android.bluetooth.action.BLUETOOTH_MAP_IM_PROVIDER
01-07 03:59:44.578  3068  3068 D BluetoothMapAppObserver: createReceiver()
01-07 03:59:44.580  3068  3068 D BluetoothMapAppObserver: initObservers()
01-07 03:59:44.580  3068  3068 D BluetoothMapAppObserver: getEnabledAccountItems()
01-07 03:59:44.581  3068  3068 D BluetoothAdapterService: getAdapterService() - returning com.android.bluetooth.btservice.AdapterService@ec5cdaf
01-07 03:59:44.596  3068  3068 D BluetoothAdapterService: getAdapterService() - returning com.android.bluetooth.btservice.AdapterService@ec5cdaf
01-07 03:59:44.597  3068  3068 D BluetoothOppService: Received start request. Starting profile...
01-07 03:59:44.597  3068  3068 D BluetoothAdapterService: getAdapterService() - returning com.android.bluetooth.btservice.AdapterService@ec5cdaf
01-07 03:59:44.605  3068  3068 V BluetoothPbapService: PbapBinder()
01-07 03:59:44.607  2102  2102 D BluetoothPbap: Proxy object connected
01-07 03:59:44.607  3068  3068 D BluetoothAdapterService: getAdapterService() - returning com.android.bluetooth.btservice.AdapterService@ec5cdaf
01-07 03:59:44.608  2102  2102 D PbapServerProfile: Bluetooth service connected
01-07 03:59:44.609  3068  3068 D BluetoothPbapService: Received start request. Starting profile...
01-07 03:59:44.609  3068  3068 V BluetoothPbapService: start()
01-07 03:59:44.611  3068  3068 D BluetoothPbapService: Registering observer
01-07 03:59:44.617  3068  3068 D BluetoothAdapterService: getAdapterService() - returning com.android.bluetooth.btservice.AdapterService@ec5cdaf
01-07 03:59:44.617  3068  3068 D BluetoothAdapterService: handleMessage() - Message: 1
01-07 03:59:44.617  3068  3068 D BluetoothAdapterService: handleMessage() - MESSAGE_PROFILE_SERVICE_STATE_CHANGED
01-07 03:59:44.617  3068  3068 D BluetoothAdapterService: processProfileServiceStateChanged() - serviceName=com.android.bluetooth.hfp.HeadsetService isTurningOn=true isTurningOff=false isBleTurningOn=false isBleTurningOff=false
01-07 03:59:44.618  3068  3108 D HeadsetPhoneState: sendDeviceStateChanged. mService=0 mSignal=0 mRoam=0 mBatteryCharge=4
01-07 03:59:44.619  3068  3068 D BluetoothAdapterService: onProfileServiceStateChange() - Profile still not running:com.android.bluetooth.a2dp.A2dpService
01-07 03:59:44.619  3068  3068 D BluetoothAdapterService: handleMessage() - Message: 1
01-07 03:59:44.619  3068  3068 D BluetoothAdapterService: handleMessage() - MESSAGE_PROFILE_SERVICE_STATE_CHANGED
01-07 03:59:44.619  3068  3068 D BluetoothAdapterService: processProfileServiceStateChanged() - serviceName=com.android.bluetooth.a2dp.A2dpService isTurningOn=true isTurningOff=false isBleTurningOn=false isBleTurningOff=false
01-07 03:59:44.619  3068  3068 D BluetoothAdapterService: onProfileServiceStateChange() - Profile still not running:com.android.bluetooth.map.BluetoothMapService
01-07 03:59:44.620  3068  3068 D BluetoothAdapterService: handleMessage() - Message: 1
01-07 03:59:44.620  3068  3068 D BluetoothAdapterService: handleMessage() - MESSAGE_PROFILE_SERVICE_STATE_CHANGED
01-07 03:59:44.620  3068  3068 D BluetoothAdapterService: processProfileServiceStateChanged() - serviceName=com.android.bluetooth.hid.HidService isTurningOn=true isTurningOff=false isBleTurningOn=false isBleTurningOff=false
01-07 03:59:44.620  3068  3068 D BluetoothAdapterService: onProfileServiceStateChange() - Profile still not running:com.android.bluetooth.map.BluetoothMapService
01-07 03:59:44.620  3068  3068 D BluetoothAdapterService: handleMessage() - Message: 1
01-07 03:59:44.620  3068  3068 D BluetoothAdapterService: handleMessage() - MESSAGE_PROFILE_SERVICE_STATE_CHANGED
01-07 03:59:44.620  3068  3068 D BluetoothAdapterService: processProfileServiceStateChanged() - serviceName=com.android.bluetooth.hdp.HealthService isTurningOn=true isTurningOff=false isBleTurningOn=false isBleTurningOff=false
01-07 03:59:44.620  3068  3068 D BluetoothAdapterService: onProfileServiceStateChange() - Profile still not running:com.android.bluetooth.map.BluetoothMapService
01-07 03:59:44.620  3068  3068 D BluetoothAdapterService: handleMessage() - Message: 1
01-07 03:59:44.620  3068  3068 D BluetoothAdapterService: handleMessage() - MESSAGE_PROFILE_SERVICE_STATE_CHANGED
01-07 03:59:44.621  3068  3068 D BluetoothAdapterService: processProfileServiceStateChanged() - serviceName=com.android.bluetooth.pan.PanService isTurningOn=true isTurningOff=false isBleTurningOn=false isBleTurningOff=false
01-07 03:59:44.621  3068  3068 D BluetoothAdapterService: onProfileServiceStateChange() - Profile still not running:com.android.bluetooth.map.BluetoothMapService
01-07 03:59:44.621  3068  3068 D BluetoothAdapterService: handleMessage() - Message: 1
01-07 03:59:44.621  3068  3068 D BluetoothAdapterService: handleMessage() - MESSAGE_PROFILE_SERVICE_STATE_CHANGED
01-07 03:59:44.621  3068  3068 D BluetoothAdapterService: processProfileServiceStateChanged() - serviceName=com.android.bluetooth.map.BluetoothMapService isTurningOn=true isTurningOff=false isBleTurningOn=false isBleTurningOff=false
01-07 03:59:44.621  3068  3068 D BluetoothAdapterService: onProfileServiceStateChange() - Profile still not running:com.android.bluetooth.pbap.BluetoothPbapService
01-07 03:59:44.622  3068  3068 D BluetoothAdapterService: handleMessage() - Message: 1
01-07 03:59:44.623  3068  3068 D BluetoothAdapterService: handleMessage() - MESSAGE_PROFILE_SERVICE_STATE_CHANGED
01-07 03:59:44.623  3068  3068 D BluetoothAdapterService: processProfileServiceStateChanged() - serviceName=com.android.bluetooth.opp.BluetoothOppService isTurningOn=true isTurningOff=false isBleTurningOn=false isBleTurningOff=false
01-07 03:59:44.623  3068  3068 D BluetoothAdapterService: onProfileServiceStateChange() - Profile still not running:com.android.bluetooth.pbap.BluetoothPbapService
01-07 03:59:44.626  3068  3068 D BluetoothAdapterService: handleMessage() - Message: 1
01-07 03:59:44.626  3068  3068 D BluetoothAdapterService: handleMessage() - MESSAGE_PROFILE_SERVICE_STATE_CHANGED
01-07 03:59:44.626  3068  3068 D BluetoothAdapterService: processProfileServiceStateChanged() - serviceName=com.android.bluetooth.pbap.BluetoothPbapService isTurningOn=true isTurningOff=false isBleTurningOn=false isBleTurningOff=false
01-07 03:59:44.626  3068  3068 D BluetoothAdapterService: onProfileServiceStateChange() - All profile services started.
01-07 03:59:44.627  3068  3084 V BluetoothAdapterState: PendingCommand - transient state(s): isTurningOn
01-07 03:59:44.627  3068  3084 D BluetoothAdapterState: Current state: PENDING_COMMAND, message: 2
01-07 03:59:44.627  3068  3084 D BluetoothAdapterProperties: ScanMode =  20
01-07 03:59:44.627  3068  3084 D BluetoothAdapterProperties: State =  11
01-07 03:59:44.627  3068  3084 D BluetoothAdapterProperties: Setting state to 12
01-07 03:59:44.627  3068  3084 I BluetoothAdapterState: Bluetooth adapter state changed: 11-> 12
01-07 03:59:44.627  3068  3084 D BluetoothAdapterService: updateAdapterState() - Broadcasting state to 1 receivers.
01-07 03:59:44.629  3068  3084 I BluetoothAdapterState: Entering OnState
01-07 03:59:44.629  3068  3084 D BluetoothAdapterService: updateUuids() - Updating UUIDs for bonded devices
01-07 03:59:44.630  1384  1412 D BluetoothManagerService: MESSAGE_BLUETOOTH_STATE_CHANGE: TURNING_ON > ON
01-07 03:59:44.630  1384  1412 D BluetoothManagerService: Broadcasting onBluetoothStateChange(true) to 9 receivers.
01-07 03:59:44.630  1384  1412 D BluetoothA2dp: onBluetoothStateChange: up=true
01-07 03:59:44.630  1384  1412 D BluetoothHeadset: onBluetoothStateChange: up=true
01-07 03:59:44.630  2102  2115 D BluetoothPan: onBluetoothStateChange on: true
01-07 03:59:44.630  2102  2119 D BluetoothInputDevice: onBluetoothStateChange: up=true
01-07 03:59:44.630  2247  2261 D BluetoothHeadset: onBluetoothStateChange: up=true
01-07 03:59:44.631  1384  1412 D BluetoothManagerService: Creating new ProfileServiceConnections object for profile: 1
01-07 03:59:44.632  3068  3090 D BluetoothAdapterProperties: Scan Mode:21
01-07 03:59:44.632  3068  3090 D BluetoothAdapterProperties: Discoverable Timeout:120
01-07 03:59:44.633  1384  1412 D BluetoothHeadset: onBluetoothStateChange: up=true
01-07 03:59:44.633  2102  2115 D BluetoothPbap: onBluetoothStateChange: up=true
01-07 03:59:44.633  1384  1412 D BluetoothHeadset: onBluetoothStateChange: up=true
01-07 03:59:44.633  1384  1412 D BluetoothManagerService: Sending BLE State Change: TURNING_ON > ON
01-07 03:59:44.634  2102  2119 D BluetoothMap: onBluetoothStateChange: up=true
01-07 03:59:44.642  1384  1384 I Telecom : BluetoothPhoneService: queryPhoneState: BPSI.qPS@ABM
01-07 03:59:44.643  3068  3068 D BluetoothPhonePolicy: Received intent Intent { act=android.bluetooth.adapter.action.STATE_CHANGED flg=0x4000010 (has extras) }
01-07 03:59:44.643  3068  3068 D BluetoothMapService: onReceive
01-07 03:59:44.643  3068  3068 D BluetoothMapService: onReceive: android.bluetooth.adapter.action.STATE_CHANGED
01-07 03:59:44.643  3068  3068 D BluetoothMapService: STATE_ON
01-07 03:59:44.649  2102  2360 D LocalBluetoothProfileManager: Adding local A2DP SRC profile
01-07 03:59:44.658  2102  2360 D LocalBluetoothProfileManager: Adding local HEADSET profile
01-07 03:59:44.658  2102  2102 D BluetoothA2dp: Proxy object connected
01-07 03:59:44.662  2102  2360 D LocalBluetoothProfileManager: Handsfree Uuid not found.
01-07 03:59:44.662  2102  2360 D LocalBluetoothProfileManager: MAP Client Uuid not found.
01-07 03:59:44.664  3068  3115 D BluetoothMapMasInstance0: Map Service startRfcommSocketListener
01-07 03:59:44.666  3068  3115 D ObexServerSockets: create(rfcomm = -2, l2capPsm = -2)
01-07 03:59:44.672  3068  3115 W BluetoothAdapter: getBluetoothService() called with no BluetoothManagerCallback
01-07 03:59:44.674  3068  3068 D BluetoothPbapService: action: android.bluetooth.adapter.action.STATE_CHANGED
01-07 03:59:44.674  3068  3068 D BluetoothPbapService: state: 12
01-07 03:59:44.675  3068  3068 D BluetoothAdapterService: isQuetModeEnabled() - Enabled = false
01-07 03:59:44.675  3068  3068 D BluetoothPhonePolicy: autoConnect() - Initiate auto connection on BT on...
01-07 03:59:44.676  3068  3068 D BluetoothPhonePolicy: autoConnectHeadset() - bondedDevices: [Landroid.bluetooth.BluetoothDevice;@d46ab11
01-07 03:59:44.677  3068  3068 D BtOppService: start Socket Listeners
01-07 03:59:44.677  3068  3115 W BluetoothAdapter: getBluetoothService() called with no BluetoothManagerCallback
01-07 03:59:44.677  3068  3068 D BtOppService: stopListeners   mServerSocket :null
01-07 03:59:44.677  3068  3068 D ObexServerSockets: create(rfcomm = -2, l2capPsm = -2)
01-07 03:59:44.678  3068  3068 W BluetoothAdapter: getBluetoothService() called with no BluetoothManagerCallback
01-07 03:59:44.681  3068  3068 W BluetoothAdapter: getBluetoothService() called with no BluetoothManagerCallback
01-07 03:59:44.682  3068  3115 D ObexServerSockets: Succeed to create listening sockets 
01-07 03:59:44.682  3068  3115 D ObexServerSockets0: startAccept()
01-07 03:59:44.682  3068  3115 D ObexServerSockets0: prepareForNewConnect()
01-07 03:59:44.683  3068  3115 D BluetoothSdpJni: sdpCreateMapMasRecordNative
01-07 03:59:44.683  3068  3115 D BluetoothSdpJni: SDP Create record success - handle: 0
01-07 03:59:44.689  3068  3068 D ObexServerSockets: Succeed to create listening sockets 
01-07 03:59:44.689  3068  3068 D ObexServerSockets1: startAccept()
01-07 03:59:44.689  3068  3068 D ObexServerSockets1: prepareForNewConnect()
01-07 03:59:44.693  3068  3124 D ObexServerSockets0: Accepting socket connection...
01-07 03:59:44.695  3068  3125 D ObexServerSockets0: Accepting socket connection...
01-07 03:59:44.696  3068  3068 D BluetoothSdpJni: sdpCreateOppOpsRecordNative
01-07 03:59:44.696  3068  3068 D BluetoothSdpJni: SDP Create record success - handle: 1
01-07 03:59:44.696  3068  3127 D ObexServerSockets1: Accepting socket connection...
01-07 03:59:44.698  3068  3068 D BluetoothPbapService: startsocketListener
01-07 03:59:44.698  3068  3068 D ObexServerSockets: create(rfcomm = -2, l2capPsm = -2)
01-07 03:59:44.698  3068  3068 W BluetoothAdapter: getBluetoothService() called with no BluetoothManagerCallback
01-07 03:59:44.700  3068  3126 D ObexServerSockets1: Accepting socket connection...
01-07 03:59:44.702  3068  3068 W BluetoothAdapter: getBluetoothService() called with no BluetoothManagerCallback
01-07 03:59:44.705  3068  3068 D ObexServerSockets: Succeed to create listening sockets 
01-07 03:59:44.705  3068  3068 D ObexServerSockets2: startAccept()
01-07 03:59:44.705  3068  3068 D ObexServerSockets2: prepareForNewConnect()
01-07 03:59:44.706  3068  3068 D BluetoothSdpJni: sdpCreatePbapPseRecordNative
01-07 03:59:44.706  3068  3068 D BluetoothSdpJni: SDP Create record success - handle: 2
01-07 03:59:44.707  3068  3128 D ObexServerSockets2: Accepting socket connection...
01-07 03:59:44.709  3068  3129 D ObexServerSockets2: Accepting socket connection...
01-07 03:59:44.715  3068  3068 D BluetoothPbapService: PBAP server with handle:2
01-07 03:59:44.733  1384  1412 D BluetoothHeadset: Proxy object connected
01-07 03:59:44.733  1384  1412 I chatty  : uid=1000(system) android.io identical 1 line
01-07 03:59:44.733  1384  1412 D BluetoothHeadset: Proxy object connected
01-07 03:59:44.733  2247  2461 D BluetoothHeadset: Proxy object connected
01-07 03:59:44.738  1384  1384 I Telecom : : - Got BluetoothHeadset: com.android.server.telecom.BluetoothHeadsetProxy@dd6d8fd: BMSL.oSC@ABQ
01-07 03:59:44.762  2102  2119 D BluetoothHeadset: Proxy object connected
01-07 03:59:44.763  2102  2102 D HeadsetProfile: Bluetooth service connected
01-07 03:59:45.070  3013  3030 E QcrilMsgTunnelSocket: IOException - java.io.IOException: No such file or directory Reason: No such file or directory
01-07 03:59:45.071  3013  3030 I QcrilMsgTunnelSocket: Couldn't find 'qmux_radio/rild_oem0' socket; retrying after timeout
01-07 03:59:45.163  2524  2524 I cameraserver: type=1400 audit(0.0:980): avc: denied { read write } for name="media0" dev="tmpfs" ino=11839 scontext=u:r:cameraserver:s0 tcontext=u:object_r:device:s0 tclass=chr_file permissive=1
01-07 03:59:45.163  2524  2524 I cameraserver: type=1400 audit(0.0:981): avc: denied { open } for path="/dev/media0" dev="tmpfs" ino=11839 scontext=u:r:cameraserver:s0 tcontext=u:object_r:device:s0 tclass=chr_file permissive=1
01-07 03:59:45.163  2524  2524 I cameraserver: type=1400 audit(0.0:982): avc: denied { ioctl } for path="/dev/media0" dev="tmpfs" ino=11839 ioctlcmd=7c00 scontext=u:r:cameraserver:s0 tcontext=u:object_r:device:s0 tclass=chr_file permissive=1
01-07 03:59:45.165  2524  2524 D mm-camera-intf: index = 0 flag = 1 mount_angle = 90 facing = 0
01-07 03:59:45.165  2524  2524 D mm-camera-intf: index = 1 flag = 103 mount_angle = 270 facing = 1
01-07 03:59:45.165  2524  2524 E mm-camera-intf: mm_camera_open: cannot open control fd of '/dev/video1' (No such device)
01-07 03:59:45.165  2524  2524 E mm-camera-intf: camera_open: mm_camera_open err = -1
01-07 03:59:45.165  2524  2524 E QCamera3HWI: static int qcamera::QCamera3HardwareInterface::initCapabilities(uint32_t): camera_open failed. rc = -1, cameraHandle = 0x0
01-07 03:59:45.166  2524  2524 E mm-camera-intf: mm_camera_open: cannot open control fd of '/dev/video2' (No such device)
01-07 03:59:45.166  2524  2524 E mm-camera-intf: camera_open: mm_camera_open err = -1
01-07 03:59:45.166  2524  2524 E QCamera3HWI: static int qcamera::QCamera3HardwareInterface::initCapabilities(uint32_t): camera_open failed. rc = -1, cameraHandle = 0x0
01-07 03:59:45.166  2524  2524 E LGCamera2HWI: void qcamera::n2pmInit() : Failed to load libn2pm.so
01-07 03:59:45.163  2524  2524 I cameraserver: type=1400 audit(0.0:983): avc: denied { write } for name="property_service" dev="tmpfs" ino=1879 scontext=u:r:cameraserver:s0 tcontext=u:object_r:property_socket:s0 tclass=sock_file permissive=1
01-07 03:59:45.163  2524  2524 I cameraserver: type=1400 audit(0.0:984): avc: denied { connectto } for path="/dev/socket/property_service" scontext=u:r:cameraserver:s0 tcontext=u:r:init:s0 tclass=unix_stream_socket permissive=1
01-07 03:59:45.169  2524  2524 I CamProvider@2.4-impl: Loaded "QCamera Module" camera module
01-07 03:59:45.169  2524  2524 E mm-camera-intf: mm_camera_open: cannot open control fd of '/dev/video1' (No such device)
01-07 03:59:45.169  2524  2524 E mm-camera-intf: camera_open: mm_camera_open err = -1
01-07 03:59:45.169  2524  2524 E QCamera3HWI: static int qcamera::QCamera3HardwareInterface::initCapabilities(uint32_t): camera_open failed. rc = -1, cameraHandle = 0x0
01-07 03:59:45.169  2524  2524 E CamProvider@2.4-impl: initialize: Camera info query failed!
01-07 03:59:45.169  2524  2524 E CamProvider@2.4-impl: HIDL_FETCH_ICameraProvider: camera provider init failed!
01-07 03:59:45.263  3132  3132 I init    : type=1400 audit(0.0:985): avc: denied { execute_no_trans } for path="/system/vendor/bin/perfd" dev="mmcblk0p47" ino=2269 scontext=u:r:init:s0 tcontext=u:object_r:vendor_file:s0 tclass=file permissive=1
01-07 03:59:45.304  3132  3132 E ANDR-PERF-MPCTL: Unable to create control service (stage=1, rc=0)
01-07 03:59:45.304  3132  3132 W libc    : invalid pthread_t (0) passed to libc
01-07 03:59:45.394  2571  2713 W com.android.nfc: Waited one second for android.hardware.nfc@1.0::INfc/default. Waiting another...
01-07 03:59:45.481  3068  3109 V Avrcp   : MSG_UPDATE_MEDIA
01-07 03:59:45.486  3068  3109 V Avrcp   : updatePlaybackState (1): -10(PlaybackState {state=0, position=-1, buffered position=0, speed=0.0, updated=38401, actions=0, custom actions=[], active item id=-1, error=null})
01-07 03:59:45.487  3068  3109 V Avrcp   : Media update: id -1-1? [MediaAttributes: none]
01-07 03:59:45.487  3068  3109 D Avrcp   : sendPlayPosNotificationRsp: Not registered or requesting.
01-07 03:59:45.727  1384  1395 D BluetoothManagerService: disable(): mBluetooth = android.bluetooth.IBluetooth$Stub$Proxy@b065ce7 mBinding = false
01-07 03:59:45.727  1384  1395 D BluetoothManagerService: Persisting Bluetooth Setting: 0
01-07 03:59:45.729  1384  1412 D BluetoothManagerService: MESSAGE_DISABLE: mBluetooth = android.bluetooth.IBluetooth$Stub$Proxy@b065ce7
01-07 03:59:45.735  1384  1412 D BluetoothManagerService: Sending off request.
01-07 03:59:45.736  3068  3121 D BluetoothAdapterService: disable() called...
01-07 03:59:45.736  3068  3084 D BluetoothAdapterState: Current state: ON, message: 23
01-07 03:59:45.736  3068  3084 D BluetoothAdapterProperties: Setting state to 13
01-07 03:59:45.736  3068  3084 I BluetoothAdapterState: Bluetooth adapter state changed: 12-> 13
01-07 03:59:45.737  3068  3084 D BluetoothAdapterService: updateAdapterState() - Broadcasting state to 1 receivers.
01-07 03:59:45.738  3068  3084 D BluetoothAdapterProperties: onBluetoothDisable()
01-07 03:59:45.738  1384  1412 D BluetoothManagerService: MESSAGE_BLUETOOTH_STATE_CHANGE: ON > TURNING_OFF
01-07 03:59:45.738  1384  1412 D BluetoothManagerService: Sending BLE State Change: ON > TURNING_OFF
01-07 03:59:45.740  3068  3084 I BluetoothAdapterState: Entering PendingCommandState
01-07 03:59:45.749  3068  3090 D BluetoothAdapterProperties: Scan Mode:20
01-07 03:59:45.751  3068  3084 V BluetoothAdapterState: PendingCommand - transient state(s): isTurningOff
01-07 03:59:45.751  3068  3084 D BluetoothAdapterState: Current state: PENDING_COMMAND, message: 21
01-07 03:59:45.751  3068  3084 D BluetoothAdapterService: setProfileServiceState() - Stopping service com.android.bluetooth.hfp.HeadsetService
01-07 03:59:45.753  3068  3068 D BluetoothPhonePolicy: Received intent Intent { act=android.bluetooth.adapter.action.STATE_CHANGED flg=0x4000010 (has extras) }
01-07 03:59:45.754  3068  3068 D BluetoothMapService: onReceive
01-07 03:59:45.754  3068  3068 D BluetoothMapService: onReceive: android.bluetooth.adapter.action.STATE_CHANGED
01-07 03:59:45.754  3068  3068 D BluetoothMapService: STATE_TURNING_OFF
01-07 03:59:45.754  3068  3068 E BluetoothMapService: mSessionStatusHandler.sendMessage() dispatched shutdown message
01-07 03:59:45.754  3068  3115 D BluetoothMapService: MAP Service closeService in
01-07 03:59:45.754  3068  3115 D BluetoothMapMasInstance0: MAP Service shutdown
01-07 03:59:45.754  3068  3115 D BluetoothSdpJni: sdpRemoveSdpRecordNative
01-07 03:59:45.754  3068  3115 D BluetoothSdpJni: SDP Remove record success - handle: 0
01-07 03:59:45.754  3068  3068 D BluetoothPbapService: action: android.bluetooth.adapter.action.STATE_CHANGED
01-07 03:59:45.754  3068  3115 D BluetoothMapMasInstance0: RemoveSDPrecord returns true
01-07 03:59:45.755  3068  3068 D BluetoothPbapService: state: 13
01-07 03:59:45.755  3068  3115 D ObexServerSockets0: shutdown(block = true)
01-07 03:59:45.755  3068  3115 D BluetoothSocket: close() this: android.bluetooth.BluetoothSocket@759e74d, channel: 4, mSocketIS: android.net.LocalSocketImpl$SocketInputStream@84f2202, mSocketOS: android.net.LocalSocketImpl$SocketOutputStream@59a4713mSocket: android.net.LocalSocket@a3d50 impl:android.net.LocalSocketImpl@eeaab49 fd:java.io.FileDescriptor@d915c4e, mSocketState: LISTENING
01-07 03:59:45.755  3068  3115 D ObexServerSockets0: shutdown called from another thread - interrupt().
01-07 03:59:45.755  3068  3124 D ObexServerSockets0: AcceptThread ended for: ServerSocket: Type: TYPE_RFCOMM Channel: 4
01-07 03:59:45.755  3068  3115 D BluetoothSocket: close() this: android.bluetooth.BluetoothSocket@358416f, channel: 4097, mSocketIS: android.net.LocalSocketImpl$SocketInputStream@b5dde7c, mSocketOS: android.net.LocalSocketImpl$SocketOutputStream@a9b305mSocket: android.net.LocalSocket@7aaef5a impl:android.net.LocalSocketImpl@251858b fd:java.io.FileDescriptor@7e86668, mSocketState: LISTENING
01-07 03:59:45.756  3068  3115 D ObexServerSockets0: shutdown called from another thread - interrupt().
01-07 03:59:45.756  3068  3125 D ObexServerSockets0: AcceptThread ended for: ServerSocket: Type: TYPE_L2CAP Channel: 4097
01-07 03:59:45.756  3068  3105 E bt_btif : SOCK_LIST: free(id = 1) - NO app_fd!
01-07 03:59:45.756  3068  3084 D BluetoothAdapterService: setProfileServiceState() - Stopping service com.android.bluetooth.a2dp.A2dpService
01-07 03:59:45.758  3068  3068 D ObexServerSockets1: shutdown(block = false)
01-07 03:59:45.759  3068  3084 D BluetoothAdapterService: setProfileServiceState() - Stopping service com.android.bluetooth.hid.HidService
01-07 03:59:45.759  3068  3068 D BluetoothSocket: close() this: android.bluetooth.BluetoothSocket@9977a81, channel: 5, mSocketIS: android.net.LocalSocketImpl$SocketInputStream@d98a726, mSocketOS: android.net.LocalSocketImpl$SocketOutputStream@a50ef67mSocket: android.net.LocalSocket@e118114 impl:android.net.LocalSocketImpl@c403dbd fd:java.io.FileDescriptor@7580fb2, mSocketState: LISTENING
01-07 03:59:45.759  3068  3126 D ObexServerSockets1: AcceptThread ended for: ServerSocket: Type: TYPE_RFCOMM Channel: 5
01-07 03:59:45.761  3068  3068 D ObexServerSockets1: shutdown called from another thread - interrupt().
01-07 03:59:45.761  3068  3068 D BluetoothSocket: close() this: android.bluetooth.BluetoothSocket@af31b03, channel: 4099, mSocketIS: android.net.LocalSocketImpl$SocketInputStream@30f9a80, mSocketOS: android.net.LocalSocketImpl$SocketOutputStream@db7f8b9mSocket: android.net.LocalSocket@d3374fe impl:android.net.LocalSocketImpl@702645f fd:java.io.FileDescriptor@713deac, mSocketState: LISTENING
01-07 03:59:45.762  3068  3105 E bt_btif : SOCK_LIST: free(id = 2) - NO app_fd!
01-07 03:59:45.762  3068  3068 D ObexServerSockets1: shutdown called from another thread - interrupt().
01-07 03:59:45.762  3068  3068 D BtOppService: stopListeners   mServerSocket :null
01-07 03:59:45.763  3068  3068 D BluetoothAdapterService: getAdapterService() - returning com.android.bluetooth.btservice.AdapterService@ec5cdaf
01-07 03:59:45.764  3068  3084 D BluetoothAdapterService: setProfileServiceState() - Stopping service com.android.bluetooth.hdp.HealthService
01-07 03:59:45.765  3068  3127 D ObexServerSockets1: AcceptThread ended for: ServerSocket: Type: TYPE_L2CAP Channel: 4099
01-07 03:59:45.767  3068  3084 D BluetoothAdapterService: setProfileServiceState() - Stopping service com.android.bluetooth.pan.PanService
01-07 03:59:45.767  3068  3068 D HeadsetService: Received stop request...Stopping profile...
01-07 03:59:45.771  3068  3084 D BluetoothAdapterService: setProfileServiceState() - Stopping service com.android.bluetooth.map.BluetoothMapService
01-07 03:59:45.774  3068  3068 D BluetoothAdapterService: getAdapterService() - returning com.android.bluetooth.btservice.AdapterService@ec5cdaf
01-07 03:59:45.778  3068  3084 D BluetoothAdapterService: setProfileServiceState() - Stopping service com.android.bluetooth.opp.BluetoothOppService
01-07 03:59:45.779  3068  3084 D BluetoothAdapterService: setProfileServiceState() - Stopping service com.android.bluetooth.pbap.BluetoothPbapService
01-07 03:59:45.780  1384  1384 D BluetoothHeadset: Proxy object disconnected
01-07 03:59:45.780  1384  1384 I chatty  : uid=1000 system_server identical 1 line
01-07 03:59:45.780  1384  1384 D BluetoothHeadset: Proxy object disconnected
01-07 03:59:45.780  2247  2461 D BluetoothHeadset: Proxy object disconnected
01-07 03:59:45.781  2102  2115 D BluetoothHeadset: Proxy object disconnected
01-07 03:59:45.781  1384  1384 I Telecom : BluetoothDeviceManager: Lost BluetoothHeadset service. Removing all tracked devices.: BMSL.oSD@ABU
01-07 03:59:45.781  2102  2102 D HeadsetProfile: Bluetooth service disconnected
01-07 03:59:45.786  3068  3068 D BluetoothAdapterService: getAdapterService() - returning com.android.bluetooth.btservice.AdapterService@ec5cdaf
01-07 03:59:45.787  3068  3068 D A2dpService: Received stop request...Stopping profile...
01-07 03:59:45.787  3068  3068 D Avrcp   : doQuit
01-07 03:59:45.787  1384  2616 D MediaSessionService: The callback null is set by com.android.bluetooth
01-07 03:59:45.790  3068  3068 D BluetoothAdapterService: getAdapterService() - returning com.android.bluetooth.btservice.AdapterService@ec5cdaf
01-07 03:59:45.792  1384  1384 D BluetoothA2dp: Proxy object disconnected
01-07 03:59:45.792  3068  3068 D BluetoothAdapterService: getAdapterService() - returning com.android.bluetooth.btservice.AdapterService@ec5cdaf
01-07 03:59:45.793  3068  3110 D A2dpStateMachine: Exit Disconnected: -1
01-07 03:59:45.793  3068  3068 D HidService: Received stop request...Stopping profile...
01-07 03:59:45.793  3068  3068 D HidService: Stopping Bluetooth HidService
01-07 03:59:45.793  3068  3068 D BluetoothAdapterService: getAdapterService() - returning com.android.bluetooth.btservice.AdapterService@ec5cdaf
01-07 03:59:45.794  2102  2102 D BluetoothA2dp: Proxy object disconnected
01-07 03:59:45.796  3068  3068 D BluetoothAdapterService: getAdapterService() - returning com.android.bluetooth.btservice.AdapterService@ec5cdaf
01-07 03:59:45.796  3068  3068 D HealthService: Received stop request...Stopping profile...
01-07 03:59:45.797  3068  3068 D BluetoothAdapterService: getAdapterService() - returning com.android.bluetooth.btservice.AdapterService@ec5cdaf
01-07 03:59:45.799  3068  3068 D BluetoothAdapterService: getAdapterService() - returning com.android.bluetooth.btservice.AdapterService@ec5cdaf
01-07 03:59:45.800  3068  3068 D PanService: Received stop request...Stopping profile...
01-07 03:59:45.800  3068  3068 D BluetoothAdapterService: getAdapterService() - returning com.android.bluetooth.btservice.AdapterService@ec5cdaf
01-07 03:59:45.802  3068  3068 D BluetoothAdapterService: handleMessage() - Message: 1
01-07 03:59:45.802  3068  3068 D BluetoothAdapterService: handleMessage() - MESSAGE_PROFILE_SERVICE_STATE_CHANGED
01-07 03:59:45.802  3068  3068 D BluetoothAdapterService: processProfileServiceStateChanged() - serviceName=com.android.bluetooth.hfp.HeadsetService isTurningOn=false isTurningOff=true isBleTurningOn=false isBleTurningOff=false
01-07 03:59:45.802  3068  3068 D BluetoothAdapterService: onProfileServiceStateChange() - Profile still running: com.android.bluetooth.a2dp.A2dpService
01-07 03:59:45.802  3068  3068 D BluetoothAdapterService: getAdapterService() - returning com.android.bluetooth.btservice.AdapterService@ec5cdaf
01-07 03:59:45.803  3068  3068 D BluetoothMapService: Received stop request...Stopping profile...
01-07 03:59:45.803  3068  3068 D BluetoothMapService: stop()
01-07 03:59:45.808  3068  3068 D BluetoothMapAppObserver: deinitObservers()
01-07 03:59:45.808  3068  3068 D BluetoothMapAppObserver: removeReceiver()
01-07 03:59:45.809  3068  3068 D BluetoothAdapterService: getAdapterService() - returning com.android.bluetooth.btservice.AdapterService@ec5cdaf
01-07 03:59:45.810  2102  2102 D BluetoothInputDevice: Proxy object disconnected
01-07 03:59:45.810  2102  2102 D HidProfile: Bluetooth service disconnected
01-07 03:59:45.810  2102  2102 D BluetoothPan: BluetoothPAN Proxy object disconnected
01-07 03:59:45.810  2102  2102 D PanProfile: Bluetooth service disconnected
01-07 03:59:45.810  2102  2102 D BluetoothMap: Proxy object disconnected
01-07 03:59:45.811  2102  2102 D MapProfile: Bluetooth service disconnected
01-07 03:59:45.811  3068  3068 D BluetoothAdapterService: getAdapterService() - returning com.android.bluetooth.btservice.AdapterService@ec5cdaf
01-07 03:59:45.816  3068  3068 W BluetoothHeadsetServiceJni: Cleaning up Bluetooth Handsfree Interface...
01-07 03:59:45.816  3068  3068 W BluetoothHeadsetServiceJni: Cleaning up Bluetooth Handsfree callback object
01-07 03:59:45.817  3068  3068 D BluetoothAdapterService: getAdapterService() - returning com.android.bluetooth.btservice.AdapterService@ec5cdaf
01-07 03:59:45.817  3068  3090 I bt_btif_storage: btif_storage_get_adapter_property service_mask:0x20100008
01-07 03:59:45.819  3068  3068 D BluetoothOppService: Received stop request...Stopping profile...
01-07 03:59:45.819  3068  3068 D BluetoothAdapterService: getAdapterService() - returning com.android.bluetooth.btservice.AdapterService@ec5cdaf
01-07 03:59:45.824  3068  3068 D BluetoothAdapterService: getAdapterService() - returning com.android.bluetooth.btservice.AdapterService@ec5cdaf
01-07 03:59:45.825  3068  3090 E bt_btif : btif_hf_upstreams_evt: Invalid index 49184
01-07 03:59:45.825  3068  3068 D BluetoothPbapService: Received stop request...Stopping profile...
01-07 03:59:45.825  3068  3068 V BluetoothPbapService: stop()
01-07 03:59:45.828  3068  3068 D BluetoothAdapterService: getAdapterService() - returning com.android.bluetooth.btservice.AdapterService@ec5cdaf
01-07 03:59:45.829  2102  2102 D BluetoothPbap: Proxy object disconnected
01-07 03:59:45.829  2102  2102 D PbapServerProfile: Bluetooth service disconnected
01-07 03:59:45.830  3068  3068 D BluetoothAdapterService: handleMessage() - Message: 1
01-07 03:59:45.830  3068  3068 D BluetoothAdapterService: handleMessage() - MESSAGE_PROFILE_SERVICE_STATE_CHANGED
01-07 03:59:45.830  3068  3068 D BluetoothAdapterService: processProfileServiceStateChanged() - serviceName=com.android.bluetooth.a2dp.A2dpService isTurningOn=false isTurningOff=true isBleTurningOn=false isBleTurningOff=false
01-07 03:59:45.830  3068  3068 D BluetoothAdapterService: onProfileServiceStateChange() - Profile still running: com.android.bluetooth.map.BluetoothMapService
01-07 03:59:45.830  3068  3068 D BluetoothAdapterService: getAdapterService() - returning com.android.bluetooth.btservice.AdapterService@ec5cdaf
01-07 03:59:45.831  3068  3068 D Avrcp   : cleanup
01-07 03:59:45.832  3068  3068 D BluetoothAdapterService: handleMessage() - Message: 1
01-07 03:59:45.833  3068  3068 D BluetoothAdapterService: handleMessage() - MESSAGE_PROFILE_SERVICE_STATE_CHANGED
01-07 03:59:45.833  3068  3068 D BluetoothAdapterService: processProfileServiceStateChanged() - serviceName=com.android.bluetooth.hid.HidService isTurningOn=false isTurningOff=true isBleTurningOn=false isBleTurningOff=false
01-07 03:59:45.833  3068  3068 D BluetoothAdapterService: onProfileServiceStateChange() - Profile still running: com.android.bluetooth.map.BluetoothMapService
01-07 03:59:45.836  3068  3068 D BluetoothAdapterService: getAdapterService() - returning com.android.bluetooth.btservice.AdapterService@ec5cdaf
01-07 03:59:45.836  3068  3068 W BluetoothHidServiceJni: Cleaning up Bluetooth HID Interface...
01-07 03:59:45.836  3068  3111 W bt_osi_thread: run_thread: thread id 3111, thread name btif_a2dp_source exited
01-07 03:59:45.836  3068  3068 W BluetoothHidServiceJni: Cleaning up Bluetooth GID callback object
01-07 03:59:45.837  3068  3068 D BluetoothAdapterService: handleMessage() - Message: 1
01-07 03:59:45.837  3068  3068 D BluetoothAdapterService: handleMessage() - MESSAGE_PROFILE_SERVICE_STATE_CHANGED
01-07 03:59:45.837  3068  3068 D BluetoothAdapterService: processProfileServiceStateChanged() - serviceName=com.android.bluetooth.hdp.HealthService isTurningOn=false isTurningOff=true isBleTurningOn=false isBleTurningOff=false
01-07 03:59:45.837  3068  3068 D BluetoothAdapterService: onProfileServiceStateChange() - Profile still running: com.android.bluetooth.map.BluetoothMapService
01-07 03:59:45.837  3068  3068 D BluetoothAdapterService: getAdapterService() - returning com.android.bluetooth.btservice.AdapterService@ec5cdaf
01-07 03:59:45.837  3068  3068 W BluetoothHealthServiceJni: Cleaning up Bluetooth Health Interface...
01-07 03:59:45.838  3068  3090 I bt_btif_storage: btif_storage_get_adapter_property service_mask:0x20000000
01-07 03:59:45.839  3068  3090 I bt_btif_storage: btif_storage_get_adapter_property service_mask:0x20000000
01-07 03:59:45.839  3068  3068 W BluetoothHealthServiceJni: Cleaning up Bluetooth Health object
01-07 03:59:45.839  3068  3090 E bt_btif : btif_in_execute_service_request: Unknown service 27 being disabled
01-07 03:59:45.840  3068  3068 D BluetoothAdapterService: handleMessage() - Message: 1
01-07 03:59:45.840  3068  3068 D BluetoothAdapterService: handleMessage() - MESSAGE_PROFILE_SERVICE_STATE_CHANGED
01-07 03:59:45.840  3068  3068 D BluetoothAdapterService: processProfileServiceStateChanged() - serviceName=com.android.bluetooth.pan.PanService isTurningOn=false isTurningOff=true isBleTurningOn=false isBleTurningOff=false
01-07 03:59:45.840  3068  3068 D BluetoothAdapterService: onProfileServiceStateChange() - Profile still running: com.android.bluetooth.map.BluetoothMapService
01-07 03:59:45.840  3068  3068 D BluetoothAdapterService: getAdapterService() - returning com.android.bluetooth.btservice.AdapterService@ec5cdaf
01-07 03:59:45.840  3068  3068 W BluetoothPanServiceJni: Cleaning up Bluetooth PAN Interface...
01-07 03:59:45.840  3068  3068 W BluetoothPanServiceJni: Cleaning up Bluetooth PAN callback object
01-07 03:59:45.849  3068  3068 D BluetoothAdapterService: handleMessage() - Message: 1
01-07 03:59:45.850  3068  3068 D BluetoothAdapterService: handleMessage() - MESSAGE_PROFILE_SERVICE_STATE_CHANGED
01-07 03:59:45.850  3068  3068 D BluetoothAdapterService: processProfileServiceStateChanged() - serviceName=com.android.bluetooth.map.BluetoothMapService isTurningOn=false isTurningOff=true isBleTurningOn=false isBleTurningOff=false
01-07 03:59:45.850  3068  3068 D BluetoothAdapterService: onProfileServiceStateChange() - Profile still running: com.android.bluetooth.pbap.BluetoothPbapService
01-07 03:59:45.850  3068  3068 D BluetoothAdapterService: getAdapterService() - returning com.android.bluetooth.btservice.AdapterService@ec5cdaf
01-07 03:59:45.856  3068  3068 D BluetoothMapService: cleanup()
01-07 03:59:45.858  3068  3068 D BtOppService: stopListeners   mServerSocket :null
01-07 03:59:45.859  3068  3068 D BluetoothAdapterService: handleMessage() - Message: 1
01-07 03:59:45.859  3068  3068 D BluetoothAdapterService: handleMessage() - MESSAGE_PROFILE_SERVICE_STATE_CHANGED
01-07 03:59:45.859  3068  3068 D BluetoothAdapterService: processProfileServiceStateChanged() - serviceName=com.android.bluetooth.opp.BluetoothOppService isTurningOn=false isTurningOff=true isBleTurningOn=false isBleTurningOff=false
01-07 03:59:45.859  3068  3068 D BluetoothAdapterService: onProfileServiceStateChange() - Profile still running: com.android.bluetooth.pbap.BluetoothPbapService
01-07 03:59:45.859  3068  3068 D BluetoothAdapterService: getAdapterService() - returning com.android.bluetooth.btservice.AdapterService@ec5cdaf
01-07 03:59:45.862  3068  3068 D BtOppService: stopListeners   mServerSocket :null
01-07 03:59:45.863  3068  3068 D BluetoothAdapterService: handleMessage() - Message: 1
01-07 03:59:45.863  3068  3068 D BluetoothAdapterService: handleMessage() - MESSAGE_PROFILE_SERVICE_STATE_CHANGED
01-07 03:59:45.863  3068  3068 D BluetoothAdapterService: processProfileServiceStateChanged() - serviceName=com.android.bluetooth.pbap.BluetoothPbapService isTurningOn=false isTurningOff=true isBleTurningOn=false isBleTurningOff=false
01-07 03:59:45.863  3068  3068 D BluetoothAdapterService: onProfileServiceStateChange() - All profile services stopped...
01-07 03:59:45.863  3068  3068 D BluetoothAdapterService: getAdapterService() - returning com.android.bluetooth.btservice.AdapterService@ec5cdaf
01-07 03:59:45.863  3068  3084 V BluetoothAdapterState: PendingCommand - transient state(s): isTurningOff
01-07 03:59:45.863  3068  3084 D BluetoothAdapterState: Current state: PENDING_COMMAND, message: 26
01-07 03:59:45.863  3068  3084 D BluetoothAdapterProperties: Setting state to 15
01-07 03:59:45.863  3068  3084 I BluetoothAdapterState: Bluetooth adapter state changed: 13-> 15
01-07 03:59:45.864  3068  3084 D BluetoothAdapterService: updateAdapterState() - Broadcasting state to 1 receivers.
01-07 03:59:45.864  1384  1412 D BluetoothManagerService: MESSAGE_BLUETOOTH_STATE_CHANGE: TURNING_OFF > BLE_ON
01-07 03:59:45.864  1384  1412 D BluetoothManagerService: Intermediate off, back to LE only mode
01-07 03:59:45.864  1384  1412 D BluetoothManagerService: Sending BLE State Change: TURNING_OFF > BLE_ON
01-07 03:59:45.864  3068  3084 I BluetoothAdapterState: Entering BleOnState
01-07 03:59:45.868  1384  1412 D BluetoothManagerService: Broadcasting onBluetoothStateChange(false) to 11 receivers.
01-07 03:59:45.868  2102  2115 D BluetoothPan: onBluetoothStateChange on: false
01-07 03:59:45.868  1384  1412 D BluetoothA2dp: onBluetoothStateChange: up=false
01-07 03:59:45.869  2102  2119 D BluetoothHeadset: onBluetoothStateChange: up=false
01-07 03:59:45.869  2102  2119 D BluetoothInputDevice: onBluetoothStateChange: up=false
01-07 03:59:45.869  1384  1412 D BluetoothHeadset: onBluetoothStateChange: up=false
01-07 03:59:45.870  1384  1412 D BluetoothManagerService: Calling sendBrEdrDownCallback callbacks
01-07 03:59:45.870  1384  1412 D BluetoothManagerService: isBleAppPresent() count: 0
01-07 03:59:45.870  1384  1412 I chatty  : uid=1000(system) android.io identical 1 line
01-07 03:59:45.870  1384  1412 D BluetoothHeadset: onBluetoothStateChange: up=false
01-07 03:59:45.870  2102  2328 D BluetoothA2dp: onBluetoothStateChange: up=false
01-07 03:59:45.870  2247  2263 D BluetoothHeadset: onBluetoothStateChange: up=false
01-07 03:59:45.871  3068  3084 D BluetoothAdapterState: Current state: BLE ON, message: 20
01-07 03:59:45.871  3068  3084 D BluetoothAdapterProperties: Setting state to 16
01-07 03:59:45.871  3068  3084 I BluetoothAdapterState: Bluetooth adapter state changed: 15-> 16
01-07 03:59:45.871  3068  3084 D BluetoothAdapterService: updateAdapterState() - Broadcasting state to 1 receivers.
01-07 03:59:45.874  2102  3135 D BluetoothPbap: onBluetoothStateChange: up=false
01-07 03:59:45.874  2102  2115 D BluetoothMap: onBluetoothStateChange: up=false
01-07 03:59:45.875  3068  3077 D BluetoothSocket: close() this: android.bluetooth.BluetoothSocket@759e74d, channel: 4, mSocketIS: android.net.LocalSocketImpl$SocketInputStream@84f2202, mSocketOS: android.net.LocalSocketImpl$SocketOutputStream@59a4713mSocket: null, mSocketState: CLOSED
01-07 03:59:45.876  3068  3077 D BluetoothSocket: close() this: android.bluetooth.BluetoothSocket@358416f, channel: 4097, mSocketIS: android.net.LocalSocketImpl$SocketInputStream@b5dde7c, mSocketOS: android.net.LocalSocketImpl$SocketOutputStream@a9b305mSocket: null, mSocketState: CLOSED
01-07 03:59:45.876  3068  3077 D BluetoothSocket: close() this: android.bluetooth.BluetoothSocket@9977a81, channel: 5, mSocketIS: android.net.LocalSocketImpl$SocketInputStream@d98a726, mSocketOS: android.net.LocalSocketImpl$SocketOutputStream@a50ef67mSocket: null, mSocketState: CLOSED
01-07 03:59:45.876  3068  3077 D BluetoothSocket: close() this: android.bluetooth.BluetoothSocket@af31b03, channel: 4099, mSocketIS: android.net.LocalSocketImpl$SocketInputStream@30f9a80, mSocketOS: android.net.LocalSocketImpl$SocketOutputStream@db7f8b9mSocket: null, mSocketState: CLOSED
01-07 03:59:45.878  3068  3084 D BluetoothAdapterProperties: onBleDisable
01-07 03:59:45.880  3068  3084 I BluetoothAdapterState: Entering PendingCommandState
01-07 03:59:45.880  3068  3085 I bt_stack_manager: event_shut_down_stack is bringing down the stack
01-07 03:59:45.884  1384  1412 D BluetoothManagerService: MESSAGE_BLUETOOTH_STATE_CHANGE: BLE_ON > BLE_TURNING_OFF
01-07 03:59:45.884  1384  1412 D BluetoothManagerService: Sending BLE State Change: BLE_ON > BLE_TURNING_OFF
01-07 03:59:45.885  3068  3068 D BluetoothPhonePolicy: Received intent Intent { act=android.bluetooth.adapter.action.STATE_CHANGED flg=0x4000010 (has extras) }
01-07 03:59:45.888  3068  3090 D BluetoothAdapterProperties: Scan Mode:20
01-07 03:59:45.889  3068  3103 E bt_btif : bta_jv_disable
01-07 03:59:45.891  3068  3128 W ObexServerSockets2: Accept exception for ServerSocket: Type: TYPE_RFCOMM Channel: 6
01-07 03:59:45.891  3068  3128 W ObexServerSockets2: java.io.IOException: read failed, socket might closed or timeout, read ret: -1
01-07 03:59:45.891  3068  3128 W ObexServerSockets2: 	at android.bluetooth.BluetoothSocket.readAll(BluetoothSocket.java:685)
01-07 03:59:45.891  3068  3128 W ObexServerSockets2: 	at android.bluetooth.BluetoothSocket.waitSocketSignal(BluetoothSocket.java:644)
01-07 03:59:45.891  3068  3128 W ObexServerSockets2: 	at android.bluetooth.BluetoothSocket.accept(BluetoothSocket.java:464)
01-07 03:59:45.891  3068  3128 W ObexServerSockets2: 	at android.bluetooth.BluetoothServerSocket.accept(BluetoothServerSocket.java:158)
01-07 03:59:45.891  3068  3128 W ObexServerSockets2: 	at android.bluetooth.BluetoothServerSocket.accept(BluetoothServerSocket.java:144)
01-07 03:59:45.891  3068  3128 W ObexServerSockets2: 	at com.android.bluetooth.ObexServerSockets$SocketAcceptThread.run(ObexServerSockets.java:324)
01-07 03:59:45.891  3068  3128 D ObexServerSockets2: shutdown(block = false)
01-07 03:59:45.891  3068  3128 D BluetoothSocket: close() this: android.bluetooth.BluetoothSocket@23305f1, channel: 6, mSocketIS: android.net.LocalSocketImpl$SocketInputStream@4ef25d6, mSocketOS: android.net.LocalSocketImpl$SocketOutputStream@de8057mSocket: android.net.LocalSocket@4215744 impl:android.net.LocalSocketImpl@d61102d fd:java.io.FileDescriptor@50fc962, mSocketState: LISTENING
01-07 03:59:45.891  3068  3128 D BluetoothSocket: close() this: android.bluetooth.BluetoothSocket@ae0caf3, channel: 4101, mSocketIS: android.net.LocalSocketImpl$SocketInputStream@a7ea3b0, mSocketOS: android.net.LocalSocketImpl$SocketOutputStream@7eb8229mSocket: android.net.LocalSocket@5a519ae impl:android.net.LocalSocketImpl@fb3234f fd:java.io.FileDescriptor@2224adc, mSocketState: LISTENING
01-07 03:59:45.892  3068  3085 E bt_btif : SOCK_LIST: free(id = 3) - NO app_fd!
01-07 03:59:45.892  3068  3128 D ObexServerSockets2: shutdown called from another thread - interrupt().
01-07 03:59:45.893  3068  3106 W bt_osi_thread: run_thread: thread id 3106, thread name btif_sock exited
01-07 03:59:45.893  3068  3129 D ObexServerSockets2: AcceptThread ended for: ServerSocket: Type: TYPE_L2CAP Channel: 4101
01-07 03:59:45.893  3068  3103 W bt_btif : bta_dm_disable BTA_DISABLE_DELAY set to 1000 ms
