01-03 22:42:10.257 28306 28306 E ANDR-PERF-MPCTL: Unable to create control service (stage=1, rc=0)
01-03 22:42:10.932  1155 28311 E mm-camera-isp2: isp_module_start_session:178 session id 1
01-03 22:42:10.948  1158  1267 E ThermalEngine: ACTION: CLUSTER - Setting CLUSTER[1] to 1248000
01-03 22:42:10.955  1155 28313 E mm-camera: tcc_init: TCC ver.150418a
01-03 22:42:10.964  1155 28315 E mm-camera: module_faceproc_start_session:1844] session cnt 1
01-03 22:42:10.981  1155 28311 E mm-camera-isp2: isp_module_start_session:347 num_session_opened 1
01-03 22:42:10.983  1155 28313 E mm-camera: sensor_laser_init:117  Failure opening sensor library! Error: dlopen failed: library "/system/lib/hw/sensors.hal.tof.so" not found
01-03 22:42:10.983  1155 28313 E mm-camera: gyro_port_init:1404  Failure initializing laser sensor. Error: 4
01-03 22:42:10.983  1155 28313 E mm-camera: start_accel_sensor: sensor1_open E
01-03 22:42:10.984  1155 28309 E mm-camera: module_sensor_init_session:1245eeprom_name = imx234_eeprom
01-03 22:42:10.991  1155 28313 E mm-camera: start_accel_sensor: sensor1_open X, res = 0
01-03 22:42:10.993  1153  1153 E QMI_FW  : xport_send: Sendto failed for port 1792
01-03 22:42:10.993  1153  1153 E QMI_FW  : QCCI qmi_cci_flush_tx_q: Error sending TXN: svc_id: 256 txn_id: 1 msg_id: 2
01-03 22:42:10.993  1153  1153 E Sensors : sns_acm_mr.c(499):Transport error -16
01-03 22:42:10.999 28248 28293 E sensors_hal_Util: waitForResponse: pthread_cond_timedwait() rc=110 (cond: 0)
01-03 22:42:10.999 28248 28293 E sensors_hal_Ctx: sendSMGRVersionReq: SMGR version request timed out
01-03 22:42:10.999 28248 28293 E sensors_hal_Ctx: SensorsContext: SMGR version request failed!
01-03 22:42:10.999  1153  1153 E QMI_FW  : xport_send: Sendto failed for port 1792
01-03 22:42:11.000  1153  1153 E QMI_FW  : QCCI qmi_cci_flush_tx_q: Error sending TXN: svc_id: 256 txn_id: 2 msg_id: 5
01-03 22:42:11.000  1153  1153 E Sensors : sns_acm_mr.c(499):Transport error -16
01-03 22:42:11.021  1155 28314 E mm-camera-pp: [INFO] base_module_start_session:91, E, session=1
01-03 22:42:11.021  1155 28314 E mm-camera-pp: [INFO] base_module_start_session:91, E, session=1
01-03 22:42:11.035  1155 28309 E mm-camera: module_sensor_init_session:1277flash subdev id = 0
01-03 22:42:11.038  1155 28309 E mm-camera-sensor: sensor_sdk_util_get_kernel_i2c_addr_type:26Invalid addr_type = 0
01-03 22:42:11.038  1155 28309 E mm-camera-sensor: sensor_sdk_util_get_kernel_i2c_data_type:40Invalid addr_type = 0
01-03 22:42:11.040  1155 28309 E mm-camera-sensor: actuator_load_lib:491name=lc898122_claf, mode=camera
01-03 22:42:11.046  1155 28309 E mm-camera-sensor: actuator_load_lib:491name=lc898122_claf, mode=camcorder
01-03 22:42:11.049  1155 28309 E mm-camera-sensor: eeprom_do_af_calibration:197turn on Cal af(1)
01-03 22:42:11.050  1155 28309 E mm-camera-sdk: eeprom_autofocus_calibration_claf:173 KSY Kernel original macro hall : 9600, inf hall : -12800, macro_mecha 16800, vcm_type 66
01-03 22:42:11.050  1155 28309 E mm-camera-sdk: eeprom_autofocus_calibration_claf:178 KSY AF_algorithm convert macro hall : 350, inf hall : 0, total_rangetomacro : 0, offset_value_pplus_mtm : 0
01-03 22:42:11.050  1155 28309 E mm-camera: ois_init:305start: ois_init
01-03 22:42:11.053  1155 28309 E mm-camera: ois_init:372done: ois_init
01-03 22:42:11.053  1155 28309 E mm-camera-sensor: proxy_init:71name = LD_AF
01-03 22:42:11.053  1155 28329 E mm-camera: ois_thread:201ois thread is running
01-03 22:42:11.054  1155 28309 E mm-camera-sensor: sensor_proxy_on:151enter
01-03 22:42:11.103  1155 28309 E mm-camera-sensor: sensor_proxy_thread_on:198enter
01-03 22:42:11.104  1155 28309 E mm-camera: module_sensor_init_session:1412tcs_sensor init Enter **
01-03 22:42:11.171  1155 28309 E mm-camera-sensor: tcs_thread_create:291tcs_thread, thread_id 0
01-03 22:42:11.173  1155 28309 E mm-camera: module_sensor_start_session:1684SUCCESS
01-03 22:42:11.173  1155  1155 E mm-camera: sensor_get_cur_chromatix_name:2577Error: Load default preview chroamtix
01-03 22:42:11.173  1155  1155 E mm-camera-sensor: chromatix_load_library_ex : chromatix = libchromatix_imx234_snapshot_open.so , lib name = /system/vendor/lib/libchromatix_imx234_snapshot_open.so
01-03 22:42:11.174  1155  1155 E mm-camera-sensor: chromatix_load_library_ex : chromatix = libchromatix_imx234_snapshot_open.so , lib name = /system/vendor/lib/libchromatix_imx234_snapshot_open.so
01-03 22:42:11.174  1155  1155 E mm-camera-sensor: chromatix_load_library_ex : chromatix = libchromatix_imx234_common_open.so , lib name = /system/vendor/lib/libchromatix_imx234_common_open.so
01-03 22:42:11.174  1155  1155 E mm-camera-sensor: chromatix_load_library_ex : chromatix = libchromatix_imx234_cpp_snapshot_open.so , lib name = /system/vendor/lib/libchromatix_imx234_cpp_snapshot_open.so
01-03 22:42:11.174  1155  1155 E mm-camera-sensor: chromatix_load_library_ex : chromatix = libchromatix_imx234_cpp_snapshot_open.so , lib name = /system/vendor/lib/libchromatix_imx234_cpp_snapshot_open.so
01-03 22:42:11.175  1155  1155 E mm-camera-sensor: chromatix_load_library_ex : chromatix = libchromatix_imx234_cpp_flash_snapshot_open.so , lib name = /system/vendor/lib/libchromatix_imx234_cpp_flash_snapshot_open.so
01-03 22:42:11.176  1155  1155 E mm-camera-sensor: chromatix_load_library_ex : chromatix = libchromatix_imx234_cpp_video_open.so , lib name = /system/vendor/lib/libchromatix_imx234_cpp_video_open.so
01-03 22:42:11.177  1155  1155 E mm-camera-sensor: chromatix_load_library_ex : chromatix = libchromatix_imx234_postproc_open.so , lib name = /system/vendor/lib/libchromatix_imx234_postproc_open.so
01-03 22:42:11.178  1155  1155 E mm-camera-isp2: isp_resource_query_mod:145 num_isp_preallocate 1 num_session_opened 1 dual_vfe_enabled 0
01-03 22:42:11.179  1155  1155 E mm-camera: module_faceproc_query_mod:1996] Caps ROI 5 scene_mode_cnt 1 HW analysis supported 0
01-03 22:42:11.179  1155  1155 E hdr     : module_hdr_lib_query_mod:181] Supported scenemode cnt 2
01-03 22:42:11.180  1155  1155 E mm-camera: isp_port_check_caps_reserve:737 port 0xec2dc700 ide 1000f type 10 dim 0 0
01-03 22:42:11.181  1155  1155 E mm-camera: int_link = 0xec2f0d20
01-03 22:42:11.187  1155  1155 E mm-camera: Interleaved flag is 0, identity 65551 port type 0
01-03 22:42:11.187  1155  1155 E mm-camera: pproc_port_add_modules_to_stream:454] X rc: 1
01-03 22:42:11.202  1153  1153 E QMI_FW  : xport_send: Sendto failed for port 13056
01-03 22:42:11.202  1153  1153 E QMI_FW  : QCCI qmi_cci_flush_tx_q: Error sending TXN: svc_id: 276 txn_id: 1 msg_id: 2
01-03 22:42:11.202  1153  1153 E Sensors : sns_acm_mr.c(499):Transport error -16
01-03 22:42:11.349  1155 28329 E mm-camera: ois_thread:239done : ois initialization
01-03 22:42:11.999 28248 28293 E sensors_hal_Util: waitForResponse: pthread_cond_timedwait() rc=110 (cond: 0)
01-03 22:42:12.000 28248 28293 E sensors_hal_Ctx: getSensorList: Request timed out
01-03 22:42:12.000 28248 28293 E sensors_hal_Ctx: SensorsContext: get sensor list failed!
01-03 22:42:12.201  1155  1155 E mm-camera: dsps_send_request:531  dsps_send_request: Request response timed out
01-03 22:42:12.201  1155  1155 E mm-camera: 
01-03 22:42:12.201  1155  1155 E mm-camera: dsps_proc_set_params_gravity:179  dsps_proc_set_params_gravity Error sending request
01-03 22:42:12.201  1155  1155 E mm-camera: gyro_port_enable_disable_sensor_request:803  gyro_port_enable_disable_sensor_request: Gravity enable req failed
01-03 22:42:12.205  1153  1153 E QMI_FW  : xport_send: Sendto failed for port 13056
01-03 22:42:12.205  1153  1153 E QMI_FW  : QCCI qmi_cci_flush_tx_q: Error sending TXN: svc_id: 276 txn_id: 2 msg_id: 3
01-03 22:42:12.205  1153  1153 E Sensors : sns_acm_mr.c(499):Transport error -16
01-03 22:42:12.380 28248 28359 E EventHub: could not get driver version for /dev/input/mice, Not a typewriter
01-03 22:42:12.413 28248 28263 E AppIdleHistory: Unable to read app idle file for user 0
01-03 22:42:12.534 28248 28289 E PersistentDataBlockService: not able to find package com.google.android.gms
01-03 22:42:12.534 28248 28289 E PersistentDataBlockService: android.content.pm.PackageManager$NameNotFoundException: com.google.android.gms
01-03 22:42:12.534 28248 28289 E PersistentDataBlockService: 	at android.app.ApplicationPackageManager.getPackageUidAsUser(ApplicationPackageManager.java:277)
01-03 22:42:12.534 28248 28289 E PersistentDataBlockService: 	at com.android.server.PersistentDataBlockService.getAllowedUid(PersistentDataBlockService.java:106)
01-03 22:42:12.534 28248 28289 E PersistentDataBlockService: 	at com.android.server.PersistentDataBlockService.lambda$-com_android_server_PersistentDataBlockService_4652(PersistentDataBlockService.java:119)
01-03 22:42:12.534 28248 28289 E PersistentDataBlockService: 	at com.android.server.-$Lambda$Vs1k-33pKk0_ZNh1UtgE1Q9ZrgU.$m$0(Unknown Source:4)
01-03 22:42:12.534 28248 28289 E PersistentDataBlockService: 	at com.android.server.-$Lambda$Vs1k-33pKk0_ZNh1UtgE1Q9ZrgU.run(Unknown Source:0)
01-03 22:42:12.534 28248 28289 E PersistentDataBlockService: 	at com.android.server.SystemServerInitThreadPool.lambda$-com_android_server_SystemServerInitThreadPool_2249(SystemServerInitThreadPool.java:64)
01-03 22:42:12.534 28248 28289 E PersistentDataBlockService: 	at com.android.server.-$Lambda$HTEfptnAsu3OjkqY28AzP7WiEyA.$m$0(Unknown Source:8)
01-03 22:42:12.534 28248 28289 E PersistentDataBlockService: 	at com.android.server.-$Lambda$HTEfptnAsu3OjkqY28AzP7WiEyA.run(Unknown Source:0)
01-03 22:42:12.534 28248 28289 E PersistentDataBlockService: 	at java.util.concurrent.Executors$RunnableAdapter.call(Executors.java:457)
01-03 22:42:12.534 28248 28289 E PersistentDataBlockService: 	at java.util.concurrent.FutureTask.run(FutureTask.java:266)
01-03 22:42:12.534 28248 28289 E PersistentDataBlockService: 	at java.util.concurrent.ThreadPoolExecutor.runWorker(ThreadPoolExecutor.java:1162)
01-03 22:42:12.534 28248 28289 E PersistentDataBlockService: 	at java.util.concurrent.ThreadPoolExecutor$Worker.run(ThreadPoolExecutor.java:636)
01-03 22:42:12.534 28248 28289 E PersistentDataBlockService: 	at com.android.internal.util.ConcurrentUtils$1$1.run(ConcurrentUtils.java:59)
01-03 22:42:12.658 28248 28368 E HalDeviceManager: isSupported: called but mServiceManager is null!?
01-03 22:42:12.667 28248 28248 E SupplicantStaIfaceHal: Can't call setDebugParams, ISupplicant is null
01-03 22:42:12.686 28248 28248 E IpConfigStore: Error opening configuration file: java.io.FileNotFoundException: /data/misc/ethernet/ipconfig.txt (No such file or directory)
01-03 22:42:12.701 28248 28248 E ConnectivityService: Ignoring protectedNetwork 15
01-03 22:42:12.926  1422  1422 E android.hardware.usb@1.0-service: Failed to open /sys/class/dual_role_usb
01-03 22:42:12.933 28248 28248 E HardwarePropertiesManagerService-JNI: Unable to get Thermal service.
01-03 22:42:12.978 28248 28248 E ContextHubService: Could not load context hub hal
01-03 22:42:13.115 28248 28248 E LockSettingsStorage: Cannot read file java.io.FileNotFoundException: /data/system/gatekeeper.password.key: open failed: ENOENT (No such file or directory)
01-03 22:42:13.115 28248 28248 E LockSettingsStorage: Cannot read file java.io.FileNotFoundException: /data/system/password.key: open failed: ENOENT (No such file or directory)
01-03 22:42:13.116 28248 28248 E LockSettingsStorage: Cannot read file java.io.FileNotFoundException: /data/system/gatekeeper.pattern.key: open failed: ENOENT (No such file or directory)
01-03 22:42:13.116 28248 28248 E LockSettingsStorage: Cannot read file java.io.FileNotFoundException: /data/system/gatekeeper.gesture.key: open failed: ENOENT (No such file or directory)
01-03 22:42:13.116 28248 28248 E LockSettingsStorage: Cannot read file java.io.FileNotFoundException: /data/system/gesture.key: open failed: ENOENT (No such file or directory)
01-03 22:42:13.205  1155  1155 E mm-camera: dsps_send_request:531  dsps_send_request: Request response timed out
01-03 22:42:13.205  1155  1155 E mm-camera: 
01-03 22:42:13.205  1155  1155 E mm-camera: dsps_proc_set_params_gravity:179  dsps_proc_set_params_gravity Error sending request
01-03 22:42:13.211  1155 28391 E mm-camera: mct: mct_pipeline_populate_query_cap_buffer: 3A VERSION:: 4.1.0.r2
01-03 22:42:13.214  1155 28391 E mm-camera: mct: mct_pipeline_process_set:2966: Couldn't find stream id: 0
01-03 22:42:13.215  1155  1155 E mm-camera: port_iface_ext_unlink_func: E, identity = 0x1000f, port = 0xec323260, direction = 2
01-03 22:42:13.215  1155  1155 E mm-camera: port_iface_check_caps_unreserve_func:  E, identity = 0x1000f, port = 0xec323260, direction = 2
01-03 22:42:13.215  1155  1155 E mm-camera: iface_unreserve_sink_port: stream_id f mode 0 
01-03 22:42:13.215  1155  1155 E mm-camera: port_iface_ext_unlink_func: E, identity = 0x1000f, port = 0xec323560, direction = 1
01-03 22:42:13.215  1155  1155 E mm-camera: iface_ext_unlink_src_port: mct stream already removed from hw stream
01-03 22:42:13.215  1155  1155 E mm-camera: port_iface_check_caps_unreserve_func:  E, identity = 0x1000f, port = 0xec323560, direction = 1
01-03 22:42:13.215  1155  1155 E mm-camera: isp_port_check_caps_unreserve:826 ide 1000f port 0xec2dc700
01-03 22:42:13.215 28305 28305 E Camera2-Metadata: Update metadata entry: Unknown tag -2147352575
01-03 22:42:13.215 28305 28305 E Camera2-Metadata: Update metadata entry: Unknown tag -2147352576
01-03 22:42:13.218  1155  1155 E mm-camera: module_afs_port_check_caps_unreserve:1524] 
01-03 22:42:13.219  1155  1155 E mm-camera: module_afs_port_check_caps_unreserve:1532] destroy client
01-03 22:42:13.220  1155  1155 E mm-camera: q3a_thread_af_stop:1019  q3a_thread_af_stop:1019 MSG_STOP_THREAD
01-03 22:42:13.222  1155  1155 E mm-camera: stats_port_delete_reserved_stream:2602  stats_port_delete_reserved_stream:2602: going to NULL peer
01-03 22:42:13.222  1155 28397 E mm-camera: module_sensor_deinit_session:1545trying to delete thread
01-03 22:42:13.222  1155 28397 E mm-camera-sensor: proxy_thread_delete:259p_thread,trying to delete thread
01-03 22:42:13.222  1155 28397 E mm-camera-sensor: send_thread_exit_msg:219p_thread, exit_thread 0
01-03 22:42:13.222  1155 28397 E mm-camera-sensor: send_thread_exit_msg:223p_thread, exit_thread 1
01-03 22:42:13.224  1155 28397 E mm-camera: module_sensor_deinit_session:1547proxy_thread_deleted!
01-03 22:42:13.225  1155 28397 E mm-camera: module_sensor_deinit_session:1551try to stop proxy kernel workqueue!
01-03 22:42:13.225  1155 28397 E mm-camera-sensor: sensor_proxy_thread_off:215enter
01-03 22:42:13.226  1155 28400 E mm-camera-isp2: isp_module_stop_session:414 session id 1
01-03 22:42:13.230  1155 28403 E mm-camera: module_faceproc_stop_session:1885] session cnt 1
01-03 22:42:13.231  1155 28397 E mm-camera: module_sensor_deinit_session:1567trying to delete thread
01-03 22:42:13.231  1155 28397 E mm-camera-sensor: tcs_thread_delete:303tcs_thread, trying to delete thread
01-03 22:42:13.232  1155 28397 E mm-camera: module_sensor_deinit_session:1569tcs_thread_deleted!
01-03 22:42:13.232  1155 28397 E mm-camera: module_sensor_deinit_session:1571try to stop tcs kernel workqueue!
01-03 22:42:13.233  1155 28401 E mm-camera: gyro_port_deinit:1446  gyro_port_deinit: Error in android Deinit
01-03 22:42:13.233  1153  1153 E QMI_FW  : xport_send: Sendto failed for port 1792
01-03 22:42:13.233  1153  1153 E QMI_FW  : QCCI qmi_cci_flush_tx_q: Error sending TXN: svc_id: 256 txn_id: 2 msg_id: 0
01-03 22:42:13.233  1153  1153 E Sensors : sns_acm_mr.c(499):Transport error -16
01-03 22:42:13.234  1155 28402 E mm-camera-pp: [INFO] base_module_stop_session:98, E, session=1
01-03 22:42:13.235  1155 28402 E mm-camera-pp: [INFO] base_module_stop_session:98, E, session=1
01-03 22:42:13.239  1155 28397 E mm-camera-sensor: proxy_power_down:47enter
01-03 22:42:13.269  1155 28397 E mm-camera: sensor_close:4609ctrl->isStreaming make false
01-03 22:42:13.339  1155 28423 E mm-camera-isp2: isp_module_start_session:178 session id 2
01-03 22:42:13.345  1155 28424 E mm-camera: tcc_init: TCC ver.150418a
01-03 22:42:13.356 28248 28248 E BitmapFactory: Unable to decode stream: java.io.FileNotFoundException: /data/system/users/0/wallpaper_orig (No such file or directory)
01-03 22:42:13.356 28248 28248 E WallpaperManagerService: Unable to apply new wallpaper
01-03 22:42:13.377  1155 28433 E mm-camera: module_faceproc_start_session:1844] session cnt 1
01-03 22:42:13.391  1422  1422 E android.hardware.usb@1.0-service: Failed to open /sys/class/dual_role_usb
01-03 22:42:13.396  1155 28423 E mm-camera-isp2: isp_module_start_session:347 num_session_opened 1
01-03 22:42:13.401  1155 28420 E mm-camera: module_sensor_init_session:1245eeprom_name = t4ka3_eeprom
01-03 22:42:13.402  1155 28424 E mm-camera: sensor_laser_init:117  Failure opening sensor library! Error: dlopen failed: library "/system/lib/hw/sensors.hal.tof.so" not found
01-03 22:42:13.402  1155 28424 E mm-camera: gyro_port_init:1404  Failure initializing laser sensor. Error: 4
01-03 22:42:13.402  1155 28424 E mm-camera: start_accel_sensor: sensor1_open E
01-03 22:42:13.403  1155 28424 E mm-camera: start_accel_sensor: sensor1_open X, res = 0
01-03 22:42:13.404  1153  1153 E QMI_FW  : xport_send: Sendto failed for port 1792
01-03 22:42:13.404  1153  1153 E QMI_FW  : QCCI qmi_cci_flush_tx_q: Error sending TXN: svc_id: 256 txn_id: 1 msg_id: 2
01-03 22:42:13.404  1153  1153 E Sensors : sns_acm_mr.c(499):Transport error -16
01-03 22:42:13.416  1155 28425 E mm-camera-pp: [INFO] base_module_start_session:91, E, session=2
01-03 22:42:13.416  1155 28425 E mm-camera-pp: [INFO] base_module_start_session:91, E, session=2
01-03 22:42:13.425 28248 28368 E HalDeviceManager: Should have at least 1 chip!
01-03 22:42:13.425 28248 28368 E HalDeviceManager: getSupportedIfaceTypesInternal: no chip info found
01-03 22:42:13.430 28248 28267 E BatteryStatsService: no controller energy info supplied
01-03 22:42:13.435  1155 28420 E mm-camera: module_sensor_init_session:1277flash subdev id = -1
01-03 22:42:13.436  1155 28420 E mm-camera: module_sensor_start_session:1684SUCCESS
01-03 22:42:13.505 28426 28426 E JniUtils: Could not load native library jni_latinimegoogle
01-03 22:42:13.505 28426 28426 E JniUtils: java.lang.UnsatisfiedLinkError: dalvik.system.PathClassLoader[DexPathList[[zip file "/system/app/LatinIME/LatinIME.apk"],nativeLibraryDirectories=[/system/app/LatinIME/lib/arm64, /system/fake-libs64, /system/app/LatinIME/LatinIME.apk!/lib/arm64-v8a, /system/lib64, /system/vendor/lib64, /system/lib64, /system/vendor/lib64]]] couldn't find "libjni_latinimegoogle.so"
01-03 22:42:13.505 28426 28426 E JniUtils: 	at java.lang.Runtime.loadLibrary0(Runtime.java:1011)
01-03 22:42:13.505 28426 28426 E JniUtils: 	at java.lang.System.loadLibrary(System.java:1657)
01-03 22:42:13.505 28426 28426 E JniUtils: 	at com.android.inputmethod.latin.utils.JniUtils.<clinit>(JniUtils.java:29)
01-03 22:42:13.505 28426 28426 E JniUtils: 	at com.android.inputmethod.latin.utils.JniUtils.loadNativeLibrary(JniUtils.java:47)
01-03 22:42:13.505 28426 28426 E JniUtils: 	at com.android.inputmethod.latin.LatinIME.<clinit>(LatinIME.java:546)
01-03 22:42:13.505 28426 28426 E JniUtils: 	at java.lang.Class.newInstance(Native Method)
01-03 22:42:13.505 28426 28426 E JniUtils: 	at android.app.ActivityThread.handleCreateService(ActivityThread.java:3386)
01-03 22:42:13.505 28426 28426 E JniUtils: 	at android.app.ActivityThread.-wrap4(Unknown Source:0)
01-03 22:42:13.505 28426 28426 E JniUtils: 	at android.app.ActivityThread$H.handleMessage(ActivityThread.java:1683)
01-03 22:42:13.505 28426 28426 E JniUtils: 	at android.os.Handler.dispatchMessage(Handler.java:105)
01-03 22:42:13.505 28426 28426 E JniUtils: 	at android.os.Looper.loop(Looper.java:164)
01-03 22:42:13.505 28426 28426 E JniUtils: 	at android.app.ActivityThread.main(ActivityThread.java:6541)
01-03 22:42:13.505 28426 28426 E JniUtils: 	at java.lang.reflect.Method.invoke(Native Method)
01-03 22:42:13.505 28426 28426 E JniUtils: 	at com.android.internal.os.Zygote$MethodAndArgsCaller.run(Zygote.java:240)
01-03 22:42:13.505 28426 28426 E JniUtils: 	at com.android.internal.os.ZygoteInit.main(ZygoteInit.java:767)
01-03 22:42:13.509  1155  1155 E mm-camera: module_sensor_query_mod:7021led flash is not supported for this sensor.
01-03 22:42:13.509  1155  1155 E mm-camera: sensor_get_cur_chromatix_name:2577Error: Load default preview chroamtix
01-03 22:42:13.509  1155  1155 E mm-camera-sensor: chromatix_load_library_ex : chromatix = libchromatix_t4ka3_snapshot_open.so , lib name = /system/vendor/lib/libchromatix_t4ka3_snapshot_open.so
01-03 22:42:13.509  1155  1155 E mm-camera-sensor: chromatix_load_library_ex : chromatix = libchromatix_t4ka3_snapshot_open.so , lib name = /system/vendor/lib/libchromatix_t4ka3_snapshot_open.so
01-03 22:42:13.509  1155  1155 E mm-camera-sensor: chromatix_load_library_ex : chromatix = libchromatix_t4ka3_common_open.so , lib name = /system/vendor/lib/libchromatix_t4ka3_common_open.so
01-03 22:42:13.509  1155  1155 E mm-camera-sensor: chromatix_load_library_ex : chromatix = libchromatix_t4ka3_cpp_snapshot_open.so , lib name = /system/vendor/lib/libchromatix_t4ka3_cpp_snapshot_open.so
01-03 22:42:13.509  1155  1155 E mm-camera-sensor: chromatix_load_library_ex : chromatix = libchromatix_t4ka3_cpp_snapshot_open.so , lib name = /system/vendor/lib/libchromatix_t4ka3_cpp_snapshot_open.so
01-03 22:42:13.509  1155  1155 E mm-camera-sensor: chromatix_load_library_ex : chromatix = libchromatix_t4ka3_cpp_video_open.so , lib name = /system/vendor/lib/libchromatix_t4ka3_cpp_video_open.so
01-03 22:42:13.510  1155  1155 E mm-camera-sensor: chromatix_load_library_ex : chromatix = libchromatix_t4ka3_postproc_open.so , lib name = /system/vendor/lib/libchromatix_t4ka3_postproc_open.so
01-03 22:42:13.510  1155  1155 E mm-camera-isp2: isp_resource_query_mod:145 num_isp_preallocate 1 num_session_opened 1 dual_vfe_enabled 0
01-03 22:42:13.510  1155  1155 E mm-camera: module_faceproc_query_mod:1996] Caps ROI 5 scene_mode_cnt 1 HW analysis supported 0
01-03 22:42:13.510  1155  1155 E hdr     : module_hdr_lib_query_mod:181] Supported scenemode cnt 2
01-03 22:42:13.510  1155  1155 E mm-camera-sensor: port_sensor_caps_reserve:86session id doesn't match
01-03 22:42:13.510  1155  1155 E mm-camera: isp_port_check_caps_reserve:737 port 0xec2dc700 ide 2000f type 10 dim 0 0
01-03 22:42:13.510  1155  1155 E mm-camera: int_link = 0xec2f0d20
01-03 22:42:13.513  1155  1155 E mm-camera: Interleaved flag is 0, identity 131087 port type 0
01-03 22:42:13.513  1155  1155 E mm-camera: pproc_port_add_modules_to_stream:454] X rc: 1
01-03 22:42:13.529  1153  1153 E QMI_FW  : xport_send: Sendto failed for port 13056
01-03 22:42:13.529  1153  1153 E QMI_FW  : QCCI qmi_cci_flush_tx_q: Error sending TXN: svc_id: 276 txn_id: 1 msg_id: 2
01-03 22:42:13.529  1153  1153 E Sensors : sns_acm_mr.c(499):Transport error -16
01-03 22:42:13.582 28248 28248 E LocSvc_eng: I/===> loc_eng_read_config line 2986 
01-03 22:42:13.586 28248 28248 E GnssHAL_GnssInterface: getExtensionAGnssRil GnssRil interface not implemented by GNSS HAL
01-03 22:42:13.586 28248 28248 E GnssHAL_GnssInterface: getExtensionGnssNavigationMessage GnssNavigationMessage interface not implemented by GNSS HAL
01-03 22:42:13.586 28248 28248 E GnssHAL_GnssInterface: getExtensionGnssDebug: GnssDebug interface is not implemented by HAL
01-03 22:42:13.594 28248 28248 E GnssHAL_GnssInterface: getExtensionGnssGeofencing GnssGeofencing interface not implemented by GNSS HAL
01-03 22:42:13.602  1421  6473 E OMX-VENC: Setting session priority failed
01-03 22:42:13.603 28248 28248 E HAL     : load: module=/vendor/lib64/hw/flp.default.so
01-03 22:42:13.603 28248 28248 E HAL     : dlopen failed: cannot locate symbol "get_process_name" referenced by "/system/vendor/lib64/libizat_core.so"...
01-03 22:42:13.603 28248 28248 E GnssHAL_GnssInterface: gnss flp hw_get_module failed: -22
01-03 22:42:13.603 28248 28248 E GnssHAL_GnssInterface: getExtensionGnssBatching: GnssBatching interface is not implemented by HAL
01-03 22:42:13.615  1421  3271 E OMX-VENC: Setting session priority failed
01-03 22:42:13.618  1421  1421 E OMX-VENC: get_parameter: OMX_IndexParamVideoProfileLevelQuerySupported nProfileIndex ret NoMore 2
01-03 22:42:13.627  1421  3533 E OMX-VENC: Setting session priority failed
01-03 22:42:13.630  1421  3271 E OMX-VENC: get_parameter: OMX_IndexParamVideoProfileLevelQuerySupported nProfileIndex ret NoMore 1
01-03 22:42:13.639  1421  1638 E OMX-VENC: Setting session priority failed
01-03 22:42:13.656  1421  3533 E OMX-VDEC-1080P: Extension: OMX.google.android.index.storeANWBufferInMetadata not implemented
01-03 22:42:13.656  1421  3533 E OMX-VDEC-1080P: Extension: OMX.google.android.index.configureVideoTunnelMode not implemented
01-03 22:42:13.656  1421  3533 E OMX-VDEC-1080P: Extension: OMX.google.android.index.useAndroidNativeBuffer is supported
01-03 22:42:13.657  1421  1421 E OMXNodeInstance: getParameter(0xf4fd5844:qcom.decoder.avc, ??(0x7f000044)) ERROR: UnsupportedSetting(0x80001019)
01-03 22:42:13.658  1421  3533 E OMXNodeInstance: getParameter(0xf4fd5844:qcom.decoder.avc, ??(0x7f000044)) ERROR: UnsupportedSetting(0x80001019)
01-03 22:42:13.659  1421  6473 E OMX-VDEC-1080P: Extension: OMX.google.android.index.configureVideoTunnelMode not implemented
01-03 22:42:13.659  1421  6473 E OMXNodeInstance: getExtensionIndex(0xf4fd5844:qcom.decoder.avc, OMX.google.android.index.configureVideoTunnelMode) ERROR: NotImplemented(0x80001006)
01-03 22:42:13.659  1421  3533 E OMX-VDEC-1080P: Extension: OMX.google.android.index.storeANWBufferInMetadata not implemented
01-03 22:42:13.665  1158  1267 E ThermalEngine: ACTION: CLUSTER - Setting CLUSTER[1] to 960000
01-03 22:42:13.668 28248 28248 E LocSvc_ApiV02: E/static loc_core::LocApiBase *LocApiV02::createLocApiV02(const MsgTask *, LOC_API_ADAPTER_EVENT_MASK_T, loc_core::ContextBase *):217]: msgTask can not be NULL
01-03 22:42:13.668 28248 28248 E GnssLocationProvider: Unable to initialize GNSS Geofencing interface
01-03 22:42:13.674  1421  1638 E OMX-VDEC-1080P: Extension: OMX.google.android.index.storeANWBufferInMetadata not implemented
01-03 22:42:13.674  1421  1638 E OMX-VDEC-1080P: Extension: OMX.google.android.index.configureVideoTunnelMode not implemented
01-03 22:42:13.674  1421  1638 E OMX-VDEC-1080P: Extension: OMX.google.android.index.useAndroidNativeBuffer is supported
01-03 22:42:13.674  1421  3271 E OMXNodeInstance: getParameter(0xf383f004:qcom.decoder.avc.secure, ??(0x7f000044)) ERROR: UnsupportedSetting(0x80001019)
01-03 22:42:13.674 28248 28248 E LocationManagerService: no geocoder provider found
01-03 22:42:13.675  1421  1638 E OMXNodeInstance: getParameter(0xf383f004:qcom.decoder.avc.secure, ??(0x7f000044)) ERROR: UnsupportedSetting(0x80001019)
01-03 22:42:13.676  1421  3533 E OMX-VDEC-1080P: Extension: OMX.google.android.index.configureVideoTunnelMode not implemented
01-03 22:42:13.676  1421  3533 E OMXNodeInstance: getExtensionIndex(0xf383f004:qcom.decoder.avc.secure, OMX.google.android.index.configureVideoTunnelMode) ERROR: NotImplemented(0x80001006)
01-03 22:42:13.676  1421  1638 E OMX-VDEC-1080P: Extension: OMX.google.android.index.storeANWBufferInMetadata not implemented
01-03 22:42:13.677 28248 28248 E ActivityRecognitionHardware: activity_recognition HAL is deprecated. is_supported is effectively a no-op
01-03 22:42:13.677 28248 28248 E ActivityRecognitionProxy: ServiceWatcher could not start.
01-03 22:42:13.680 28248 28263 E GnssLocationProvider: Unable to initialize GNSS Geofencing interface
01-03 22:42:13.681 28248 28263 E GnssLocationProvider: Failed to initialize GNSS batching
01-03 22:42:13.690  1421  1638 E OMX-VDEC-1080P: Extension: OMX.google.android.index.storeANWBufferInMetadata not implemented
01-03 22:42:13.690  1421  1638 E OMX-VDEC-1080P: Extension: OMX.google.android.index.configureVideoTunnelMode not implemented
01-03 22:42:13.690  1421  1638 E OMX-VDEC-1080P: Extension: OMX.google.android.index.useAndroidNativeBuffer is supported
01-03 22:42:13.691  1421  3271 E OMXNodeInstance: getParameter(0xf36c3084:qcom.decoder.mpeg4, ??(0x7f000044)) ERROR: UnsupportedSetting(0x80001019)
01-03 22:42:13.691  1421  1638 E OMXNodeInstance: getParameter(0xf36c3084:qcom.decoder.mpeg4, ??(0x7f000044)) ERROR: UnsupportedSetting(0x80001019)
01-03 22:42:13.692  1421  3533 E OMX-VDEC-1080P: Extension: OMX.google.android.index.configureVideoTunnelMode not implemented
01-03 22:42:13.692  1421  3533 E OMXNodeInstance: getExtensionIndex(0xf36c3084:qcom.decoder.mpeg4, OMX.google.android.index.configureVideoTunnelMode) ERROR: NotImplemented(0x80001006)
01-03 22:42:13.692  1421  1638 E OMX-VDEC-1080P: Extension: OMX.google.android.index.storeANWBufferInMetadata not implemented
01-03 22:42:13.702  1421  1638 E OMX-VDEC-1080P: Extension: OMX.google.android.index.storeANWBufferInMetadata not implemented
01-03 22:42:13.702  1421  1638 E OMX-VDEC-1080P: Extension: OMX.google.android.index.configureVideoTunnelMode not implemented
01-03 22:42:13.702  1421  1638 E OMX-VDEC-1080P: Extension: OMX.google.android.index.useAndroidNativeBuffer is supported
01-03 22:42:13.702  1421  3271 E OMXNodeInstance: getParameter(0xf380d904:qcom.decoder.mpeg2, ??(0x7f000044)) ERROR: UnsupportedSetting(0x80001019)
01-03 22:42:13.703  1421  1638 E OMXNodeInstance: getParameter(0xf380d904:qcom.decoder.mpeg2, ??(0x7f000044)) ERROR: UnsupportedSetting(0x80001019)
01-03 22:42:13.703  1421  3533 E OMX-VDEC-1080P: Extension: OMX.google.android.index.configureVideoTunnelMode not implemented
01-03 22:42:13.703  1421  3533 E OMXNodeInstance: getExtensionIndex(0xf380d904:qcom.decoder.mpeg2, OMX.google.android.index.configureVideoTunnelMode) ERROR: NotImplemented(0x80001006)
01-03 22:42:13.703  1421  1638 E OMX-VDEC-1080P: Extension: OMX.google.android.index.storeANWBufferInMetadata not implemented
01-03 22:42:13.713  1421  1638 E OMX-VDEC-1080P: Extension: OMX.google.android.index.storeANWBufferInMetadata not implemented
01-03 22:42:13.713  1421  1638 E OMX-VDEC-1080P: Extension: OMX.google.android.index.configureVideoTunnelMode not implemented
01-03 22:42:13.713  1421  1638 E OMX-VDEC-1080P: Extension: OMX.google.android.index.useAndroidNativeBuffer is supported
01-03 22:42:13.713  1421  3271 E OMXNodeInstance: getParameter(0xf374b744:qcom.decoder.mpeg2.secure, ??(0x7f000044)) ERROR: UnsupportedSetting(0x80001019)
01-03 22:42:13.715  1421  1638 E OMXNodeInstance: getParameter(0xf374b744:qcom.decoder.mpeg2.secure, ??(0x7f000044)) ERROR: UnsupportedSetting(0x80001019)
01-03 22:42:13.715  1421  3533 E OMX-VDEC-1080P: Extension: OMX.google.android.index.configureVideoTunnelMode not implemented
01-03 22:42:13.715  1421  3533 E OMXNodeInstance: getExtensionIndex(0xf374b744:qcom.decoder.mpeg2.secure, OMX.google.android.index.configureVideoTunnelMode) ERROR: NotImplemented(0x80001006)
01-03 22:42:13.716  1421  1638 E OMX-VDEC-1080P: Extension: OMX.google.android.index.storeANWBufferInMetadata not implemented
01-03 22:42:13.725  1421  3533 E OMX-VDEC-1080P: Extension: OMX.google.android.index.storeANWBufferInMetadata not implemented
01-03 22:42:13.725  1421  3533 E OMX-VDEC-1080P: Extension: OMX.google.android.index.configureVideoTunnelMode not implemented
01-03 22:42:13.725  1421  3533 E OMX-VDEC-1080P: Extension: OMX.google.android.index.useAndroidNativeBuffer is supported
01-03 22:42:13.726  1421  1421 E OMXNodeInstance: getParameter(0xf368fb84:qcom.decoder.h263, ??(0x7f000044)) ERROR: UnsupportedSetting(0x80001019)
01-03 22:42:13.727  1421  3533 E OMXNodeInstance: getParameter(0xf368fb84:qcom.decoder.h263, ??(0x7f000044)) ERROR: UnsupportedSetting(0x80001019)
01-03 22:42:13.728  1421  6473 E OMX-VDEC-1080P: Extension: OMX.google.android.index.configureVideoTunnelMode not implemented
01-03 22:42:13.729  1421  6473 E OMXNodeInstance: getExtensionIndex(0xf368fb84:qcom.decoder.h263, OMX.google.android.index.configureVideoTunnelMode) ERROR: NotImplemented(0x80001006)
01-03 22:42:13.729  1421  3533 E OMX-VDEC-1080P: Extension: OMX.google.android.index.storeANWBufferInMetadata not implemented
01-03 22:42:13.753  1421  3271 E OMX-VDEC-1080P: Extension: OMX.google.android.index.storeANWBufferInMetadata not implemented
01-03 22:42:13.753  1421  3271 E OMX-VDEC-1080P: Extension: OMX.google.android.index.configureVideoTunnelMode not implemented
01-03 22:42:13.753  1421  3271 E OMX-VDEC-1080P: Extension: OMX.google.android.index.useAndroidNativeBuffer is supported
01-03 22:42:13.754  1421  1638 E OMXNodeInstance: getParameter(0xf36aa844:qcom.decoder.vp8, ??(0x7f000044)) ERROR: UnsupportedSetting(0x80001019)
01-03 22:42:13.755  1421  3271 E OMXNodeInstance: getParameter(0xf36aa844:qcom.decoder.vp8, ??(0x7f000044)) ERROR: UnsupportedSetting(0x80001019)
01-03 22:42:13.757  1421  1421 E OMX-VDEC-1080P: Extension: OMX.google.android.index.configureVideoTunnelMode not implemented
01-03 22:42:13.757  1421  1421 E OMXNodeInstance: getExtensionIndex(0xf36aa844:qcom.decoder.vp8, OMX.google.android.index.configureVideoTunnelMode) ERROR: NotImplemented(0x80001006)
01-03 22:42:13.757  1421  3271 E OMX-VDEC-1080P: Extension: OMX.google.android.index.storeANWBufferInMetadata not implemented
01-03 22:42:13.774  1421  1421 E OMX-VDEC-1080P: Extension: OMX.google.android.index.storeANWBufferInMetadata not implemented
01-03 22:42:13.774  1421  1421 E OMX-VDEC-1080P: Extension: OMX.google.android.index.configureVideoTunnelMode not implemented
01-03 22:42:13.774  1421  1421 E OMX-VDEC-1080P: Extension: OMX.google.android.index.useAndroidNativeBuffer is supported
01-03 22:42:13.776  1421  3533 E OMXNodeInstance: getParameter(0xf374b744:qcom.decoder.hevc, ??(0x7f000044)) ERROR: UnsupportedSetting(0x80001019)
01-03 22:42:13.776  1421  1421 E OMXNodeInstance: getParameter(0xf374b744:qcom.decoder.hevc, ??(0x7f000044)) ERROR: UnsupportedSetting(0x80001019)
01-03 22:42:13.777  1421  3270 E OMX-VDEC-1080P: Extension: OMX.google.android.index.configureVideoTunnelMode not implemented
01-03 22:42:13.777  1421  3270 E OMXNodeInstance: getExtensionIndex(0xf374b744:qcom.decoder.hevc, OMX.google.android.index.configureVideoTunnelMode) ERROR: NotImplemented(0x80001006)
01-03 22:42:13.777  1421  1421 E OMX-VDEC-1080P: Extension: OMX.google.android.index.storeANWBufferInMetadata not implemented
01-03 22:42:13.795  1421  3270 E OMX-VDEC-1080P: Extension: OMX.google.android.index.storeANWBufferInMetadata not implemented
01-03 22:42:13.795  1421  3270 E OMX-VDEC-1080P: Extension: OMX.google.android.index.configureVideoTunnelMode not implemented
01-03 22:42:13.795  1421  3270 E OMX-VDEC-1080P: Extension: OMX.google.android.index.useAndroidNativeBuffer is supported
01-03 22:42:13.796  1421  6473 E OMXNodeInstance: getParameter(0xf368fb84:qcom.decoder.hevc.secure, ??(0x7f000044)) ERROR: UnsupportedSetting(0x80001019)
01-03 22:42:13.796  1421  3270 E OMXNodeInstance: getParameter(0xf368fb84:qcom.decoder.hevc.secure, ??(0x7f000044)) ERROR: UnsupportedSetting(0x80001019)
01-03 22:42:13.798  1421  1638 E OMX-VDEC-1080P: Extension: OMX.google.android.index.configureVideoTunnelMode not implemented
01-03 22:42:13.798  1421  1638 E OMXNodeInstance: getExtensionIndex(0xf368fb84:qcom.decoder.hevc.secure, OMX.google.android.index.configureVideoTunnelMode) ERROR: NotImplemented(0x80001006)
01-03 22:42:13.798  1421  3270 E OMX-VDEC-1080P: Extension: OMX.google.android.index.storeANWBufferInMetadata not implemented
01-03 22:42:13.809  1421  3533 E OMX     : FAILED to allocate omx component 'OMX.qti.audio.decoder.flac' err=??(0x80001002)
01-03 22:42:13.817  1421  1421 E OMXNodeInstance: getExtensionIndex(0xf511a840:google.mpeg4.decoder, OMX.google.android.index.configureVideoTunnelMode) ERROR: UnsupportedIndex(0x8000101a)
01-03 22:42:13.817  1421  3271 E OMXNodeInstance: getExtensionIndex(0xf511a840:google.mpeg4.decoder, OMX.google.android.index.enableAndroidNativeBuffers) ERROR: UnsupportedIndex(0x8000101a)
01-03 22:42:13.825  1421  1638 E OMXNodeInstance: getExtensionIndex(0xf511a360:google.h263.decoder, OMX.google.android.index.configureVideoTunnelMode) ERROR: UnsupportedIndex(0x8000101a)
01-03 22:42:13.825  1421  3270 E OMXNodeInstance: getExtensionIndex(0xf511a360:google.h263.decoder, OMX.google.android.index.enableAndroidNativeBuffers) ERROR: UnsupportedIndex(0x8000101a)
01-03 22:42:13.834  1421  3533 E OMXNodeInstance: getExtensionIndex(0xf511a8a0:google.h264.decoder, OMX.google.android.index.configureVideoTunnelMode) ERROR: UnsupportedIndex(0x8000101a)
01-03 22:42:13.834  1421  1638 E OMXNodeInstance: getExtensionIndex(0xf511a8a0:google.h264.decoder, OMX.google.android.index.enableAndroidNativeBuffers) ERROR: UnsupportedIndex(0x8000101a)
01-03 22:42:13.845  1421  1421 E OMXNodeInstance: getExtensionIndex(0xf511a840:google.hevc.decoder, OMX.google.android.index.configureVideoTunnelMode) ERROR: UnsupportedIndex(0x8000101a)
01-03 22:42:13.846  1421  3271 E OMXNodeInstance: getExtensionIndex(0xf511a840:google.hevc.decoder, OMX.google.android.index.enableAndroidNativeBuffers) ERROR: UnsupportedIndex(0x8000101a)
01-03 22:42:13.856  1421  6473 E OMXNodeInstance: getExtensionIndex(0xf511a8a0:google.vp8.decoder, OMX.google.android.index.configureVideoTunnelMode) ERROR: UnsupportedIndex(0x8000101a)
01-03 22:42:13.856  1421  3533 E OMXNodeInstance: getExtensionIndex(0xf511a8a0:google.vp8.decoder, OMX.google.android.index.enableAndroidNativeBuffers) ERROR: UnsupportedIndex(0x8000101a)
01-03 22:42:13.869  1421  3270 E OMXNodeInstance: getExtensionIndex(0xf511a480:google.vp9.decoder, OMX.google.android.index.configureVideoTunnelMode) ERROR: UnsupportedIndex(0x8000101a)
01-03 22:42:13.869  1421  1421 E OMXNodeInstance: getExtensionIndex(0xf511a480:google.vp9.decoder, OMX.google.android.index.enableAndroidNativeBuffers) ERROR: UnsupportedIndex(0x8000101a)
01-03 22:42:13.875  1421  6473 E OMXNodeInstance: getConfig(0xf511a8a0:google.h263.encoder, ConfigAndroidIntraRefresh(0x6f60000a)) ERROR: Undefined(0x80001001)
01-03 22:42:13.903  1421  3270 E OMXNodeInstance: getConfig(0xf511a8a0:google.mpeg4.encoder, ConfigAndroidIntraRefresh(0x6f60000a)) ERROR: Undefined(0x80001001)
01-03 22:42:13.914  1421  1638 E OMXNodeInstance: getConfig(0xf511a000:google.vp8.encoder, ConfigAndroidIntraRefresh(0x6f60000a)) ERROR: Undefined(0x80001001)
01-03 22:42:13.924  1421  1421 E OMXNodeInstance: getConfig(0xf511a480:google.vp9.encoder, ConfigAndroidIntraRefresh(0x6f60000a)) ERROR: Undefined(0x80001001)
01-03 22:42:13.942  1421  1638 E OMXNodeInstance: getConfig(0xf511a5a0:google.vorbis.decoder, ConfigAndroidVendorExtension(0x6f100004)) ERROR: Undefined(0x80001001)
01-03 22:42:13.946  1421  3271 E OMXNodeInstance: getConfig(0xf511a7e0:google.vorbis.decoder, ConfigAndroidVendorExtension(0x6f100004)) ERROR: Undefined(0x80001001)
01-03 22:42:13.959 28248 28248 E WiredAccessoryManager: No state change.
01-03 22:42:14.048  1421  1421 E OMXNodeInstance: getConfig(0xf511a000:google.vorbis.decoder, ConfigAndroidVendorExtension(0x6f100004)) ERROR: Undefined(0x80001001)
01-03 22:42:14.099  1421  1421 E OMXNodeInstance: getConfig(0xf511a360:google.vorbis.decoder, ConfigAndroidVendorExtension(0x6f100004)) ERROR: Undefined(0x80001001)
01-03 22:42:14.099  1421  1421 E OMXNodeInstance: getConfig(0xf511a360:google.vorbis.decoder, ConfigAndroidVendorExtension(0x6f100004)) ERROR: Undefined(0x80001001)
01-03 22:42:14.115  1158  1263 E ThermalEngine: [BMHB_GOV] read failed VS_TEMP
01-03 22:42:14.148  1421  3270 E OMXNodeInstance: getConfig(0xf511a7e0:google.vorbis.decoder, ConfigAndroidVendorExtension(0x6f100004)) ERROR: Undefined(0x80001001)
01-03 22:42:14.233  1421  3270 E OMXNodeInstance: getConfig(0xf511a5a0:google.vorbis.decoder, ConfigAndroidVendorExtension(0x6f100004)) ERROR: Undefined(0x80001001)
01-03 22:42:14.250  1421  3270 E OMXNodeInstance: getConfig(0xf511a720:google.vorbis.decoder, ConfigAndroidVendorExtension(0x6f100004)) ERROR: Undefined(0x80001001)
01-03 22:42:14.310  1421  3271 E OMXNodeInstance: getConfig(0xf511a000:google.vorbis.decoder, ConfigAndroidVendorExtension(0x6f100004)) ERROR: Undefined(0x80001001)
01-03 22:42:14.404  1421  1638 E OMXNodeInstance: getConfig(0xf511a7e0:google.vorbis.decoder, ConfigAndroidVendorExtension(0x6f100004)) ERROR: Undefined(0x80001001)
01-03 22:42:14.449 28610 28610 E PhoneInterfaceManager: [PhoneIntfMgr] getIccId: No UICC
01-03 22:42:14.480 28610 28610 E PhoneInterfaceManager: [PhoneIntfMgr] getIccId: No UICC
01-03 22:42:14.529  1155  1155 E mm-camera: dsps_send_request:531  dsps_send_request: Request response timed out
01-03 22:42:14.529  1155  1155 E mm-camera: 
01-03 22:42:14.529  1155  1155 E mm-camera: dsps_proc_set_params_gravity:179  dsps_proc_set_params_gravity Error sending request
01-03 22:42:14.529  1155  1155 E mm-camera: gyro_port_enable_disable_sensor_request:803  gyro_port_enable_disable_sensor_request: Gravity enable req failed
01-03 22:42:14.531  1153  1153 E QMI_FW  : xport_send: Sendto failed for port 13056
01-03 22:42:14.531  1153  1153 E QMI_FW  : QCCI qmi_cci_flush_tx_q: Error sending TXN: svc_id: 276 txn_id: 2 msg_id: 3
01-03 22:42:14.531  1153  1153 E Sensors : sns_acm_mr.c(499):Transport error -16
01-03 22:42:14.769 28405 28779 E bt_att  : gatt_profile_db_init:  gatt_if=1
01-03 22:42:15.057 28405 28544 E bt_btif_storage: btif_storage_get_adapter_property: Controller ready!
01-03 22:42:15.105 28405 28544 E bt_btif : btif_hf_upstreams_evt: Invalid index 40631
01-03 22:42:15.127 28405 28405 E a2dp_vendor_aptx_encoder: A2DP_VendorLoadEncoderAptx: cannot open aptX encoder library libaptX_encoder.so: dlopen failed: library "libaptX_encoder.so" not found
01-03 22:42:15.127 28405 28405 E a2dp_vendor_aptx: init: cannot load the encoder
01-03 22:42:15.128 28405 28405 E a2dp_vendor_aptx_hd_encoder: A2DP_VendorLoadEncoderAptxHd: cannot open aptX-HD encoder library libaptXHD_encoder.so: dlopen failed: library "libaptXHD_encoder.so" not found
01-03 22:42:15.128 28405 28405 E a2dp_vendor_aptx_hd: init: cannot load the encoder
01-03 22:42:15.129 28405 28544 E bt_btif : btif_sm_dispatch : Invalid handle
01-03 22:42:15.130 28405 28544 E bt_btif : btif_sm_dispatch : Invalid handle
01-03 22:42:15.132 28405 28544 E bt_btif : btif_sm_dispatch : Invalid handle
01-03 22:42:15.264 28796 28796 E ANDR-PERF-MPCTL: Unable to create control service (stage=1, rc=0)
01-03 22:42:15.531  1155  1155 E mm-camera: dsps_send_request:531  dsps_send_request: Request response timed out
01-03 22:42:15.531  1155  1155 E mm-camera: 
01-03 22:42:15.531  1155  1155 E mm-camera: dsps_proc_set_params_gravity:179  dsps_proc_set_params_gravity Error sending request
01-03 22:42:15.531  1155  1155 E mm-camera: dsps_send_request:531  dsps_send_request: Request response timed out
01-03 22:42:15.531  1155  1155 E mm-camera: 
01-03 22:42:15.531  1155  1155 E mm-camera: dsps_proc_set_params_gravity:179  dsps_proc_set_params_gravity Error sending request
01-03 22:42:15.541  1155 28809 E mm-camera: mct: mct_pipeline_populate_query_cap_buffer: 3A VERSION:: 4.1.0.r2
01-03 22:42:15.552  1155 28809 E mm-camera: mct: mct_pipeline_process_set:2966: Couldn't find stream id: 0
01-03 22:42:15.553 28305 28305 E Camera2-Metadata: Update metadata entry: Unknown tag -2147352575
01-03 22:42:15.553 28305 28305 E Camera2-Metadata: Update metadata entry: Unknown tag -2147352576
01-03 22:42:15.554 28305 28305 E LGCamera2HWI: void qcamera::n2pmInit() : Failed to load libn2pm.so
01-03 22:42:15.559  1155  1155 E mm-camera: port_iface_ext_unlink_func: E, identity = 0x2000f, port = 0xec323260, direction = 2
01-03 22:42:15.559  1155  1155 E mm-camera: port_iface_check_caps_unreserve_func:  E, identity = 0x2000f, port = 0xec323260, direction = 2
01-03 22:42:15.559  1155  1155 E mm-camera: iface_unreserve_sink_port: stream_id f mode 0 
01-03 22:42:15.559  1155  1155 E mm-camera: port_iface_ext_unlink_func: E, identity = 0x2000f, port = 0xec323560, direction = 1
01-03 22:42:15.559  1155  1155 E mm-camera: iface_ext_unlink_src_port: mct stream already removed from hw stream
01-03 22:42:15.559  1155  1155 E mm-camera: port_iface_check_caps_unreserve_func:  E, identity = 0x2000f, port = 0xec323560, direction = 1
01-03 22:42:15.559  1155  1155 E mm-camera: isp_port_check_caps_unreserve:826 ide 2000f port 0xec2dc700
01-03 22:42:15.561  1155  1155 E mm-camera: module_afs_port_check_caps_unreserve:1524] 
01-03 22:42:15.561  1155  1155 E mm-camera: module_afs_port_check_caps_unreserve:1532] destroy client
01-03 22:42:15.561  1155  1155 E mm-camera: q3a_thread_af_stop:1019  q3a_thread_af_stop:1019 MSG_STOP_THREAD
01-03 22:42:15.569  1155  1155 E mm-camera: stats_port_delete_reserved_stream:2602  stats_port_delete_reserved_stream:2602: going to NULL peer
01-03 22:42:15.575  1155 28819 E mm-camera-isp2: isp_module_stop_session:414 session id 2
01-03 22:42:15.582  1155 28820 E mm-camera: gyro_port_deinit:1446  gyro_port_deinit: Error in android Deinit
01-03 22:42:15.582  1153  1153 E QMI_FW  : xport_send: Sendto failed for port 1792
01-03 22:42:15.582  1153  1153 E QMI_FW  : QCCI qmi_cci_flush_tx_q: Error sending TXN: svc_id: 256 txn_id: 2 msg_id: 0
01-03 22:42:15.582  1153  1153 E Sensors : sns_acm_mr.c(499):Transport error -16
01-03 22:42:15.583  1155 28817 E mm-camera: sensor_close:4609ctrl->isStreaming make false
01-03 22:42:15.584  1155 28822 E mm-camera: module_faceproc_stop_session:1885] session cnt 1
01-03 22:42:15.591  1155 28821 E mm-camera-pp: [INFO] base_module_stop_session:98, E, session=2
01-03 22:42:15.591  1155 28821 E mm-camera-pp: [INFO] base_module_stop_session:98, E, session=2
01-03 22:42:15.685  1155 28829 E mm-camera-isp2: isp_module_start_session:178 session id 1
01-03 22:42:15.726  1155 28831 E mm-camera: tcc_init: TCC ver.150418a
01-03 22:42:15.726  1155 28833 E mm-camera: module_faceproc_start_session:1844] session cnt 1
01-03 22:42:15.750  1155 28827 E mm-camera: module_sensor_init_session:1245eeprom_name = imx234_eeprom
01-03 22:42:15.752  1155 28831 E mm-camera: sensor_laser_init:117  Failure opening sensor library! Error: dlopen failed: library "/system/lib/hw/sensors.hal.tof.so" not found
01-03 22:42:15.752  1155 28831 E mm-camera: gyro_port_init:1404  Failure initializing laser sensor. Error: 4
01-03 22:42:15.753  1155 28831 E mm-camera: start_accel_sensor: sensor1_open E
01-03 22:42:15.753  1155 28829 E mm-camera-isp2: isp_module_start_session:347 num_session_opened 1
01-03 22:42:15.755  1155 28831 E mm-camera: start_accel_sensor: sensor1_open X, res = 0
01-03 22:42:15.756  1153  1153 E QMI_FW  : xport_send: Sendto failed for port 1792
01-03 22:42:15.756  1153  1153 E QMI_FW  : QCCI qmi_cci_flush_tx_q: Error sending TXN: svc_id: 256 txn_id: 1 msg_id: 2
01-03 22:42:15.756  1153  1153 E Sensors : sns_acm_mr.c(499):Transport error -16
01-03 22:42:15.790  1155 28832 E mm-camera-pp: [INFO] base_module_start_session:91, E, session=1
01-03 22:42:15.790  1155 28832 E mm-camera-pp: [INFO] base_module_start_session:91, E, session=1
01-03 22:42:15.795  1155 28827 E mm-camera: module_sensor_init_session:1277flash subdev id = 0
01-03 22:42:15.796  1155 28827 E mm-camera-sensor: sensor_sdk_util_get_kernel_i2c_addr_type:26Invalid addr_type = 0
01-03 22:42:15.796  1155 28827 E mm-camera-sensor: sensor_sdk_util_get_kernel_i2c_data_type:40Invalid addr_type = 0
01-03 22:42:15.796  1155 28827 E mm-camera-sensor: actuator_load_lib:491name=lc898122_claf, mode=camera
01-03 22:42:15.798  1155 28827 E mm-camera-sensor: actuator_load_lib:491name=lc898122_claf, mode=camcorder
01-03 22:42:15.800  1155 28827 E mm-camera-sensor: eeprom_do_af_calibration:197turn on Cal af(1)
01-03 22:42:15.800  1155 28827 E mm-camera-sdk: eeprom_autofocus_calibration_claf:173 KSY Kernel original macro hall : 9600, inf hall : -12800, macro_mecha 16800, vcm_type 66
01-03 22:42:15.800  1155 28827 E mm-camera-sdk: eeprom_autofocus_calibration_claf:178 KSY AF_algorithm convert macro hall : 350, inf hall : 0, total_rangetomacro : 0, offset_value_pplus_mtm : 0
01-03 22:42:15.800  1155 28827 E mm-camera: ois_init:305start: ois_init
01-03 22:42:15.802  1155 28827 E mm-camera: ois_init:372done: ois_init
01-03 22:42:15.802  1155 28827 E mm-camera-sensor: proxy_init:71name = LD_AF
01-03 22:42:15.803  1155 28827 E mm-camera-sensor: sensor_proxy_on:151enter
01-03 22:42:15.803  1155 28848 E mm-camera: ois_thread:201ois thread is running
01-03 22:42:15.830  1155 28827 E mm-camera-sensor: sensor_proxy_thread_on:198enter
01-03 22:42:15.831  1155 28827 E mm-camera: module_sensor_init_session:1412tcs_sensor init Enter **
01-03 22:42:15.871  1155 28827 E mm-camera-sensor: tcs_thread_create:291tcs_thread, thread_id 0
01-03 22:42:15.879  1155 28827 E mm-camera: module_sensor_start_session:1684SUCCESS
01-03 22:42:15.879  1155  1155 E mm-camera: sensor_get_cur_chromatix_name:2577Error: Load default preview chroamtix
01-03 22:42:15.879  1155  1155 E mm-camera-sensor: chromatix_load_library_ex : chromatix = libchromatix_imx234_snapshot_open.so , lib name = /system/vendor/lib/libchromatix_imx234_snapshot_open.so
01-03 22:42:15.879  1155  1155 E mm-camera-sensor: chromatix_load_library_ex : chromatix = libchromatix_imx234_snapshot_open.so , lib name = /system/vendor/lib/libchromatix_imx234_snapshot_open.so
01-03 22:42:15.880  1155  1155 E mm-camera-sensor: chromatix_load_library_ex : chromatix = libchromatix_imx234_common_open.so , lib name = /system/vendor/lib/libchromatix_imx234_common_open.so
01-03 22:42:15.880  1155  1155 E mm-camera-sensor: chromatix_load_library_ex : chromatix = libchromatix_imx234_cpp_snapshot_open.so , lib name = /system/vendor/lib/libchromatix_imx234_cpp_snapshot_open.so
01-03 22:42:15.880  1155  1155 E mm-camera-sensor: chromatix_load_library_ex : chromatix = libchromatix_imx234_cpp_snapshot_open.so , lib name = /system/vendor/lib/libchromatix_imx234_cpp_snapshot_open.so
