01-03 22:42:15.880  1155  1155 E mm-camera-sensor: chromatix_load_library_ex : chromatix = libchromatix_imx234_cpp_flash_snapshot_open.so , lib name = /system/vendor/lib/libchromatix_imx234_cpp_flash_snapshot_open.so
01-03 22:42:15.880  1155  1155 E mm-camera-sensor: chromatix_load_library_ex : chromatix = libchromatix_imx234_cpp_video_open.so , lib name = /system/vendor/lib/libchromatix_imx234_cpp_video_open.so
01-03 22:42:15.880  1155  1155 E mm-camera-sensor: chromatix_load_library_ex : chromatix = libchromatix_imx234_postproc_open.so , lib name = /system/vendor/lib/libchromatix_imx234_postproc_open.so
01-03 22:42:15.880  1155  1155 E mm-camera-isp2: isp_resource_query_mod:145 num_isp_preallocate 1 num_session_opened 1 dual_vfe_enabled 0
01-03 22:42:15.880  1155  1155 E mm-camera: module_faceproc_query_mod:1996] Caps ROI 5 scene_mode_cnt 1 HW analysis supported 0
01-03 22:42:15.880  1155  1155 E hdr     : module_hdr_lib_query_mod:181] Supported scenemode cnt 2
01-03 22:42:15.881  1155  1155 E mm-camera: isp_port_check_caps_reserve:737 port 0xec2dc700 ide 1000f type 10 dim 0 0
01-03 22:42:15.882  1155  1155 E mm-camera: int_link = 0xec2f0d20
01-03 22:42:15.883  1155  1155 E mm-camera: Interleaved flag is 0, identity 65551 port type 0
01-03 22:42:15.883  1155  1155 E mm-camera: pproc_port_add_modules_to_stream:454] X rc: 1
01-03 22:42:15.890  1153  1153 E QMI_FW  : xport_send: Sendto failed for port 13056
01-03 22:42:15.890  1153  1153 E QMI_FW  : QCCI qmi_cci_flush_tx_q: Error sending TXN: svc_id: 276 txn_id: 1 msg_id: 2
01-03 22:42:15.890  1153  1153 E Sensors : sns_acm_mr.c(499):Transport error -16
01-03 22:42:15.990  1155 28848 E mm-camera: ois_thread:239done : ois initialization
01-03 22:42:16.036  1421  3533 E OMXNodeInstance: setConfig(0xf511a120:google.vorbis.decoder, ConfigPriority(0x6f800002)) ERROR: Undefined(0x80001001)
01-03 22:42:16.037  1421  1638 E OMXNodeInstance: getConfig(0xf511a120:google.vorbis.decoder, ConfigAndroidVendorExtension(0x6f100004)) ERROR: Undefined(0x80001001)
01-03 22:42:16.890  1155  1155 E mm-camera: dsps_send_request:531  dsps_send_request: Request response timed out
01-03 22:42:16.890  1155  1155 E mm-camera: 
01-03 22:42:16.890  1155  1155 E mm-camera: dsps_proc_set_params_gravity:179  dsps_proc_set_params_gravity Error sending request
01-03 22:42:16.890  1155  1155 E mm-camera: gyro_port_enable_disable_sensor_request:803  gyro_port_enable_disable_sensor_request: Gravity enable req failed
01-03 22:42:16.891  1153  1153 E QMI_FW  : xport_send: Sendto failed for port 13056
01-03 22:42:16.891  1153  1153 E QMI_FW  : QCCI qmi_cci_flush_tx_q: Error sending TXN: svc_id: 276 txn_id: 2 msg_id: 3
01-03 22:42:16.891  1153  1153 E Sensors : sns_acm_mr.c(499):Transport error -16
01-03 22:42:17.891  1155  1155 E mm-camera: dsps_send_request:531  dsps_send_request: Request response timed out
01-03 22:42:17.891  1155  1155 E mm-camera: 
01-03 22:42:17.891  1155  1155 E mm-camera: dsps_proc_set_params_gravity:179  dsps_proc_set_params_gravity Error sending request
01-03 22:42:17.899  1155 28891 E mm-camera: mct: mct_pipeline_populate_query_cap_buffer: 3A VERSION:: 4.1.0.r2
01-03 22:42:17.969 28305 28305 E QCameraHWI_Mem: void qcamera::QCameraMemory::traceLogAllocStart(size_t, int, const char*):HeapMemsize 659104
01-03 22:42:17.969 28305 28305 E QCameraHWI_Mem: void qcamera::QCameraMemory::traceLogAllocStart(size_t, int, const char*):Memsize 659104
01-03 22:42:17.970 28305 28305 E QCameraHWI_Mem: void qcamera::QCameraMemory::traceLogAllocEnd(size_t) 659104
01-03 22:42:17.970 28305 28305 E QCameraHWI_Mem: void qcamera::QCameraMemory::traceLogAllocEnd(size_t) 659104
01-03 22:42:17.988 28305 28305 E LGCameraParameters: void qcamera::QCameraParameters::initDefaultParametersEx(): multi_window_af_supported = 1
01-03 22:42:17.988 28305 28305 E LGCameraParameters: createMultiWindowString: (-280,-280,0,0,1),(-140,-420,140,-140,1),(0,-280,280,0,1),(-420,-140,-140,140,1),(-140,-140,140,140,1),(140,-140,420,140,1),(-280,0,0,280,1),(-140,140,140,420,1),(0,0,280,280,1),(-220,-220,220,220,1)
01-03 22:42:17.988 28305 28305 E LGCameraParameters: createMultiWindowString: (720,720,1000,1000,1),(860,580,1140,860,1),(1000,720,1280,1000,1),(580,860,860,1140,1),(860,860,1140,1140,1),(1140,860,1420,1140,1),(720,1000,1000,1420,1),(860,1140,1140,1420,1),(1000,1000,1280,1280,1)
01-03 22:42:17.989 28305 28305 E LGCameraParameters: int32_t qcamera::QCameraParameters::setBeautyLevel(int) : [ARC_BEAUTY] beautylevel = 0
01-03 22:42:17.990  1155 28891 E mm-camera: sensor_set_frame_rate:1176max fps 30.000000 min fps 2.000000,fixed_frame_rate=0 
01-03 22:42:17.991  1155 28891 E mm-camera: iface_util_set_hfr: can't find hw stream, only save hfr mode
01-03 22:42:17.996 28305 28305 E QCamera2HWI: int qcamera::QCamera2HardwareInterface::openCamera(hw_device_t**):[PREVIEW_COUNT] preview_count(1)
01-03 22:42:17.997 28305 28815 E QCameraStateMachine: int32_t qcamera::QCameraStateMachine::procEvtPreviewStoppedState(qcamera::qcamera_sm_evt_enum_t, void*): cannot handle evt(31) in state(0)
01-03 22:42:17.997 28305 28815 E QCameraStateMachine: int32_t qcamera::QCameraStateMachine::procEvtPreviewStoppedState(qcamera::qcamera_sm_evt_enum_t, void*): cannot handle evt(31) in state(0)
01-03 22:42:18.022  1155 28891 E mm-camera: mct: mct_pipeline_process_set:2966: Couldn't find stream id: 0
01-03 22:42:18.023 28305 28305 E QCamera2HWI: int qcamera::QCamera2HardwareInterface::closeCamera():[PREVIEW_COUNT] preview_count(0)
01-03 22:42:18.024  1155  1155 E mm-camera: port_iface_ext_unlink_func: E, identity = 0x1000f, port = 0xec323260, direction = 2
01-03 22:42:18.024  1155  1155 E mm-camera: port_iface_check_caps_unreserve_func:  E, identity = 0x1000f, port = 0xec323260, direction = 2
01-03 22:42:18.024  1155  1155 E mm-camera: iface_unreserve_sink_port: stream_id f mode 0 
01-03 22:42:18.024  1155  1155 E mm-camera: port_iface_ext_unlink_func: E, identity = 0x1000f, port = 0xec323560, direction = 1
01-03 22:42:18.024  1155  1155 E mm-camera: iface_ext_unlink_src_port: mct stream already removed from hw stream
01-03 22:42:18.024  1155  1155 E mm-camera: port_iface_check_caps_unreserve_func:  E, identity = 0x1000f, port = 0xec323560, direction = 1
01-03 22:42:18.024  1155  1155 E mm-camera: isp_port_check_caps_unreserve:826 ide 1000f port 0xec2dc700
01-03 22:42:18.026 28305 28305 E QCamera2HWI: int qcamera::QCamera2HardwareInterface::closeCamera():[PREVIEW_COUNT][LOAD] preview_count(0) // MultiView(0)
01-03 22:42:18.032  1155  1155 E mm-camera: module_afs_port_check_caps_unreserve:1524] 
01-03 22:42:18.032  1155  1155 E mm-camera: module_afs_port_check_caps_unreserve:1532] destroy client
01-03 22:42:18.032  1155  1155 E mm-camera: q3a_thread_af_stop:1019  q3a_thread_af_stop:1019 MSG_STOP_THREAD
01-03 22:42:18.033  1155  1155 E mm-camera: stats_port_delete_reserved_stream:2602  stats_port_delete_reserved_stream:2602: going to NULL peer
01-03 22:42:18.035  1155 28903 E mm-camera: module_sensor_deinit_session:1545trying to delete thread
01-03 22:42:18.035  1155 28903 E mm-camera-sensor: proxy_thread_delete:259p_thread,trying to delete thread
01-03 22:42:18.035  1155 28903 E mm-camera-sensor: send_thread_exit_msg:219p_thread, exit_thread 0
01-03 22:42:18.035  1155 28903 E mm-camera-sensor: send_thread_exit_msg:223p_thread, exit_thread 1
01-03 22:42:18.036  1155 28903 E mm-camera: module_sensor_deinit_session:1547proxy_thread_deleted!
01-03 22:42:18.036  1155 28903 E mm-camera: module_sensor_deinit_session:1551try to stop proxy kernel workqueue!
01-03 22:42:18.036  1155 28903 E mm-camera-sensor: sensor_proxy_thread_off:215enter
01-03 22:42:18.038  1155 28905 E mm-camera-isp2: isp_module_stop_session:414 session id 1
01-03 22:42:18.042  1155 28908 E mm-camera: module_faceproc_stop_session:1885] session cnt 1
01-03 22:42:18.042  1155 28906 E mm-camera: gyro_port_deinit:1446  gyro_port_deinit: Error in android Deinit
01-03 22:42:18.043  1153  1153 E QMI_FW  : xport_send: Sendto failed for port 1792
01-03 22:42:18.043  1153  1153 E QMI_FW  : QCCI qmi_cci_flush_tx_q: Error sending TXN: svc_id: 256 txn_id: 2 msg_id: 0
01-03 22:42:18.043  1153  1153 E Sensors : sns_acm_mr.c(499):Transport error -16
01-03 22:42:18.052  1155 28907 E mm-camera-pp: [INFO] base_module_stop_session:98, E, session=1
01-03 22:42:18.053  1155 28907 E mm-camera-pp: [INFO] base_module_stop_session:98, E, session=1
01-03 22:42:18.099  1155 28903 E mm-camera: module_sensor_deinit_session:1567trying to delete thread
01-03 22:42:18.099  1155 28903 E mm-camera-sensor: tcs_thread_delete:303tcs_thread, trying to delete thread
01-03 22:42:18.099  1155 28903 E mm-camera: module_sensor_deinit_session:1569tcs_thread_deleted!
01-03 22:42:18.099  1155 28903 E mm-camera: module_sensor_deinit_session:1571try to stop tcs kernel workqueue!
01-03 22:42:18.103  1155 28903 E mm-camera-sensor: proxy_power_down:47enter
01-03 22:42:18.137  1155 28903 E mm-camera: sensor_close:4609ctrl->isStreaming make false
01-03 22:42:18.149  1155 28912 E mm-camera-isp2: isp_module_start_session:178 session id 2
01-03 22:42:18.155  1155 28914 E mm-camera: tcc_init: TCC ver.150418a
01-03 22:42:18.168  1155 28912 E mm-camera-isp2: isp_module_start_session:347 num_session_opened 1
01-03 22:42:18.168  1155 28918 E mm-camera: module_faceproc_start_session:1844] session cnt 1
01-03 22:42:18.181  1155 28910 E mm-camera: module_sensor_init_session:1245eeprom_name = t4ka3_eeprom
01-03 22:42:18.184  1155 28914 E mm-camera: sensor_laser_init:117  Failure opening sensor library! Error: dlopen failed: library "/system/lib/hw/sensors.hal.tof.so" not found
01-03 22:42:18.184  1155 28914 E mm-camera: gyro_port_init:1404  Failure initializing laser sensor. Error: 4
01-03 22:42:18.184  1155 28914 E mm-camera: start_accel_sensor: sensor1_open E
01-03 22:42:18.186  1155 28914 E mm-camera: start_accel_sensor: sensor1_open X, res = 0
01-03 22:42:18.188  1153  1153 E QMI_FW  : xport_send: Sendto failed for port 1792
01-03 22:42:18.188  1153  1153 E QMI_FW  : QCCI qmi_cci_flush_tx_q: Error sending TXN: svc_id: 256 txn_id: 1 msg_id: 2
01-03 22:42:18.188  1153  1153 E Sensors : sns_acm_mr.c(499):Transport error -16
01-03 22:42:18.220  1155 28910 E mm-camera: module_sensor_init_session:1277flash subdev id = -1
01-03 22:42:18.221  1155 28910 E mm-camera: module_sensor_start_session:1684SUCCESS
01-03 22:42:18.223  1155 28915 E mm-camera-pp: [INFO] base_module_start_session:91, E, session=2
01-03 22:42:18.224  1155 28915 E mm-camera-pp: [INFO] base_module_start_session:91, E, session=2
01-03 22:42:18.288  1155  1155 E mm-camera: module_sensor_query_mod:7021led flash is not supported for this sensor.
01-03 22:42:18.288  1155  1155 E mm-camera: sensor_get_cur_chromatix_name:2577Error: Load default preview chroamtix
01-03 22:42:18.288  1155  1155 E mm-camera-sensor: chromatix_load_library_ex : chromatix = libchromatix_t4ka3_snapshot_open.so , lib name = /system/vendor/lib/libchromatix_t4ka3_snapshot_open.so
01-03 22:42:18.289  1155  1155 E mm-camera-sensor: chromatix_load_library_ex : chromatix = libchromatix_t4ka3_snapshot_open.so , lib name = /system/vendor/lib/libchromatix_t4ka3_snapshot_open.so
01-03 22:42:18.289  1155  1155 E mm-camera-sensor: chromatix_load_library_ex : chromatix = libchromatix_t4ka3_common_open.so , lib name = /system/vendor/lib/libchromatix_t4ka3_common_open.so
01-03 22:42:18.290  1155  1155 E mm-camera-sensor: chromatix_load_library_ex : chromatix = libchromatix_t4ka3_cpp_snapshot_open.so , lib name = /system/vendor/lib/libchromatix_t4ka3_cpp_snapshot_open.so
01-03 22:42:18.290  1155  1155 E mm-camera-sensor: chromatix_load_library_ex : chromatix = libchromatix_t4ka3_cpp_snapshot_open.so , lib name = /system/vendor/lib/libchromatix_t4ka3_cpp_snapshot_open.so
01-03 22:42:18.290  1155  1155 E mm-camera-sensor: chromatix_load_library_ex : chromatix = libchromatix_t4ka3_cpp_video_open.so , lib name = /system/vendor/lib/libchromatix_t4ka3_cpp_video_open.so
01-03 22:42:18.290  1155  1155 E mm-camera-sensor: chromatix_load_library_ex : chromatix = libchromatix_t4ka3_postproc_open.so , lib name = /system/vendor/lib/libchromatix_t4ka3_postproc_open.so
01-03 22:42:18.292  1155  1155 E mm-camera-isp2: isp_resource_query_mod:145 num_isp_preallocate 1 num_session_opened 1 dual_vfe_enabled 0
01-03 22:42:18.292  1155  1155 E mm-camera: module_faceproc_query_mod:1996] Caps ROI 5 scene_mode_cnt 1 HW analysis supported 0
01-03 22:42:18.292  1155  1155 E hdr     : module_hdr_lib_query_mod:181] Supported scenemode cnt 2
01-03 22:42:18.293  1155  1155 E mm-camera-sensor: port_sensor_caps_reserve:86session id doesn't match
01-03 22:42:18.293  1155  1155 E mm-camera: isp_port_check_caps_reserve:737 port 0xec2dc700 ide 2000f type 10 dim 0 0
01-03 22:42:18.293  1155  1155 E mm-camera: int_link = 0xec2f0d20
01-03 22:42:18.298  1155  1155 E mm-camera: Interleaved flag is 0, identity 131087 port type 0
01-03 22:42:18.298  1155  1155 E mm-camera: pproc_port_add_modules_to_stream:454] X rc: 1
01-03 22:42:18.310  1153  1153 E QMI_FW  : xport_send: Sendto failed for port 13056
01-03 22:42:18.310  1153  1153 E QMI_FW  : QCCI qmi_cci_flush_tx_q: Error sending TXN: svc_id: 276 txn_id: 1 msg_id: 2
01-03 22:42:18.310  1153  1153 E Sensors : sns_acm_mr.c(499):Transport error -16
01-03 22:42:18.432  1177 13728 E installd: Failed to unlink /data//dalvik-cache/arm/.booting: No such file or directory
01-03 22:42:18.438 28248 28274 E SensorManager: sensor or listener is null
01-03 22:42:18.576  1158  1267 E ThermalEngine: ACTION: CLUSTER - Setting CLUSTER[1] to 1248000
01-03 22:42:18.938 28950 28950 E ANDR-PERF-MPCTL: Unable to create control service (stage=1, rc=0)
01-03 22:42:19.115  1158  1263 E ThermalEngine: [BMHB_GOV] read failed VS_TEMP
01-03 22:42:19.189 28610 28610 E PhoneInterfaceManager: [PhoneIntfMgr] getCarrierPackageNamesForIntent: No UICC
01-03 22:42:19.311  1155  1155 E mm-camera: dsps_send_request:531  dsps_send_request: Request response timed out
01-03 22:42:19.311  1155  1155 E mm-camera: 
01-03 22:42:19.311  1155  1155 E mm-camera: dsps_proc_set_params_gravity:179  dsps_proc_set_params_gravity Error sending request
01-03 22:42:19.311  1155  1155 E mm-camera: gyro_port_enable_disable_sensor_request:803  gyro_port_enable_disable_sensor_request: Gravity enable req failed
01-03 22:42:19.320  1153  1153 E QMI_FW  : xport_send: Sendto failed for port 13056
01-03 22:42:19.320  1153  1153 E QMI_FW  : QCCI qmi_cci_flush_tx_q: Error sending TXN: svc_id: 276 txn_id: 2 msg_id: 3
01-03 22:42:19.320  1153  1153 E Sensors : sns_acm_mr.c(499):Transport error -16
01-03 22:42:19.321  1158  1267 E ThermalEngine: ACTION: CLUSTER - Setting CLUSTER[1] to 960000
01-03 22:42:19.372 28987 29105 E NfcAdaptation: NfcAdaptation::Initialize: ver=NFCDROID-AOSP_M_00.01 nfa=NFA_PI_1.03.66+
01-03 22:42:19.376 28987 29110 E BrcmNfcNfa: gki_task task_id=0 terminating
01-03 22:42:19.388 28987 29105 E android.hardware.nfc@1.0-impl: hw_get_module nfc_nci failed: -2
01-03 22:42:19.388 28987 29105 E android.hardware.nfc@1.0-impl: Passthrough failed to load legacy HAL.
01-03 22:42:19.390 28987 29105 F libc    : Fatal signal 11 (SIGSEGV), code 1, fault addr 0x0 in tid 29105 (AsyncTask #1)
01-03 22:42:19.438 28248 28248 E AndroidRuntime: *** FATAL EXCEPTION IN SYSTEM PROCESS: main
01-03 22:42:19.438 28248 28248 E AndroidRuntime: java.lang.UnsatisfiedLinkError: dlopen failed: cannot locate symbol "get_process_name" referenced by "/system/vendor/lib64/libizat_core.so"...
01-03 22:42:19.438 28248 28248 E AndroidRuntime: 	at java.lang.Runtime.loadLibrary0(Runtime.java:1016)
01-03 22:42:19.438 28248 28248 E AndroidRuntime: 	at java.lang.System.loadLibrary(System.java:1657)
01-03 22:42:19.438 28248 28248 E AndroidRuntime: 	at com.qualcomm.location.izatserviceprovider.service.IzatServiceBase.<clinit>(IzatServiceBase.java:199)
01-03 22:42:19.438 28248 28248 E AndroidRuntime: 	at java.lang.Class.newInstance(Native Method)
01-03 22:42:19.438 28248 28248 E AndroidRuntime: 	at android.app.ActivityThread.handleCreateService(ActivityThread.java:3386)
01-03 22:42:19.438 28248 28248 E AndroidRuntime: 	at android.app.ActivityThread.-wrap4(Unknown Source:0)
01-03 22:42:19.438 28248 28248 E AndroidRuntime: 	at android.app.ActivityThread$H.handleMessage(ActivityThread.java:1683)
01-03 22:42:19.438 28248 28248 E AndroidRuntime: 	at android.os.Handler.dispatchMessage(Handler.java:105)
01-03 22:42:19.438 28248 28248 E AndroidRuntime: 	at android.os.Looper.loop(Looper.java:164)
01-03 22:42:19.438 28248 28248 E AndroidRuntime: 	at com.android.server.SystemServer.run(SystemServer.java:423)
01-03 22:42:19.438 28248 28248 E AndroidRuntime: 	at com.android.server.SystemServer.main(SystemServer.java:262)
01-03 22:42:19.438 28248 28248 E AndroidRuntime: 	at java.lang.reflect.Method.invoke(Native Method)
01-03 22:42:19.438 28248 28248 E AndroidRuntime: 	at com.android.internal.os.Zygote$MethodAndArgsCaller.run(Zygote.java:240)
01-03 22:42:19.438 28248 28248 E AndroidRuntime: 	at com.android.internal.os.ZygoteInit.main(ZygoteInit.java:767)
01-03 22:42:19.484 29127 29127 F DEBUG   : *** *** *** *** *** *** *** *** *** *** *** *** *** *** *** ***
01-03 22:42:19.484 29127 29127 F DEBUG   : Build fingerprint: 'lge/p1_global_com/p1:8.0/NRD90U/171931902b165:user/release-keys'
01-03 22:42:19.484 29127 29127 F DEBUG   : Revision: '11'
01-03 22:42:19.484 29127 29127 F DEBUG   : ABI: 'arm64'
01-03 22:42:19.484 29127 29127 F DEBUG   : pid: 28987, tid: 29105, name: AsyncTask #1  >>> com.android.nfc <<<
01-03 22:42:19.484 29127 29127 F DEBUG   : signal 11 (SIGSEGV), code 1 (SEGV_MAPERR), fault addr 0x0
01-03 22:42:19.484 29127 29127 F DEBUG   : Cause: null pointer dereference
01-03 22:42:19.484 29127 29127 F DEBUG   :     x0   000000792440d3a0  x1   0000007915d96c40  x2   0000007924400000  x3   0000000000000002
01-03 22:42:19.484 29127 29127 F DEBUG   :     x4   000000000000000d  x5   0000007915d968eb  x6   2e6c61685f636277  x7   2e746c7561666564
01-03 22:42:19.484 29127 29127 F DEBUG   :     x8   000000000000000e  x9   38a0272f84ff32fb  x10  0000000000000001  x11  0000000000000000
01-03 22:42:19.484 29127 29127 F DEBUG   :     x12  000000000000001d  x13  6f732e746c756166  x14  0000007932e50000  x15  0000007932e50000
01-03 22:42:19.484 29127 29127 F DEBUG   :     x16  0000007915f379b0  x17  00000079307e66e8  x18  000000792ed03280  x19  0000000000000000
01-03 22:42:19.484 29127 29127 F DEBUG   :     x20  0000007915ecd16c  x21  0000007915ecd7f8  x22  0000007915d970fc  x23  000000791625889e
01-03 22:42:19.485 29127 29127 F DEBUG   :     x24  0000000000000004  x25  000000792ef0da98  x26  0000007915e29000  x27  0000000000000001
01-03 22:42:19.485 29127 29127 F DEBUG   :     x28  0000000000000001  x29  0000007915d96da0  x30  0000007915ea4c98
01-03 22:42:19.485 29127 29127 F DEBUG   :     sp   0000007915d96d50  pc   0000007915ea4cf0  pstate 0000000060000000
01-03 22:42:19.504 29127 29127 F DEBUG   : 
01-03 22:42:19.504 29127 29127 F DEBUG   : backtrace:
01-03 22:42:19.504 29127 29127 F DEBUG   :     #00 pc 0000000000063cf0  /system/lib64/libnfc-nci.so (_ZN13NfcAdaptation26InitializeHalDeviceContextEv+368)
01-03 22:42:19.504 29127 29127 F DEBUG   :     #01 pc 0000000000063814  /system/lib64/libnfc-nci.so (_ZN13NfcAdaptation10InitializeEv+760)
01-03 22:42:19.505 29127 29127 F DEBUG   :     #02 pc 0000000000013358  /system/lib64/libnfc_nci_jni.so (_ZN7androidL23nfcManager_doInitializeEP7_JNIEnvP8_jobject+84)
01-03 22:42:19.505 29127 29127 F DEBUG   :     #03 pc 00000000000399bc  /data/dalvik-cache/arm64/system@app@NfcNci@NfcNci.apk@classes.dex (offset 0xf000)
01-03 22:42:19.514 28630 28630 E AndroidRuntime: FATAL EXCEPTION: main
01-03 22:42:19.514 28630 28630 E AndroidRuntime: Process: com.android.settings, PID: 28630
01-03 22:42:19.514 28630 28630 E AndroidRuntime: DeadSystemException: The system died; earlier logs will point to the root cause
01-03 22:42:19.515 29121 29121 E AndroidRuntime: FATAL EXCEPTION: main
01-03 22:42:19.515 29121 29121 E AndroidRuntime: PID: 29121
01-03 22:42:19.515 29121 29121 E AndroidRuntime: DeadSystemException: The system died; earlier logs will point to the root cause
01-03 22:42:19.519  1278  3295 E BufferQueueProducer: [StatusBar#0] dequeueBuffer: BufferQueue has been abandoned
01-03 22:42:19.520  1278  1589 E BufferQueueProducer: [StatusBar#0] query: BufferQueue has been abandoned
01-03 22:42:19.522  1278  2713 E BufferQueueProducer: [StatusBar#0] dequeueBuffer: BufferQueue has been abandoned
01-03 22:42:19.522  1278  3908 E BufferQueueProducer: [StatusBar#0] dequeueBuffer: BufferQueue has been abandoned
01-03 22:42:19.522  1278  3295 E BufferQueueProducer: [StatusBar#0] dequeueBuffer: BufferQueue has been abandoned
01-03 22:42:19.522  1278  1589 E BufferQueueProducer: [StatusBar#0] dequeueBuffer: BufferQueue has been abandoned
01-03 22:42:19.818 28162 28162 E Zygote  : Exit zygote because system server (28248) has terminated
01-03 22:42:20.320  1155  1155 E mm-camera: dsps_send_request:531  dsps_send_request: Request response timed out
01-03 22:42:20.320  1155  1155 E mm-camera: 
01-03 22:42:20.320  1155  1155 E mm-camera: dsps_proc_set_params_gravity:179  dsps_proc_set_params_gravity Error sending request
01-03 22:42:20.329  1155 29149 E mm-camera: mct: mct_pipeline_process_set:2966: Couldn't find stream id: 0
01-03 22:42:20.330  1155  1155 E mm-camera: port_iface_ext_unlink_func: E, identity = 0x2000f, port = 0xec323260, direction = 2
01-03 22:42:20.330  1155  1155 E mm-camera: port_iface_check_caps_unreserve_func:  E, identity = 0x2000f, port = 0xec323260, direction = 2
01-03 22:42:20.330  1155  1155 E mm-camera: iface_unreserve_sink_port: stream_id f mode 0 
01-03 22:42:20.330  1155  1155 E mm-camera: port_iface_ext_unlink_func: E, identity = 0x2000f, port = 0xec323560, direction = 1
01-03 22:42:20.330  1155  1155 E mm-camera: iface_ext_unlink_src_port: mct stream already removed from hw stream
01-03 22:42:20.330  1155  1155 E mm-camera: port_iface_check_caps_unreserve_func:  E, identity = 0x2000f, port = 0xec323560, direction = 1
01-03 22:42:20.330  1155  1155 E mm-camera: isp_port_check_caps_unreserve:826 ide 2000f port 0xec2dc700
01-03 22:42:20.333  1155  1155 E mm-camera: module_afs_port_check_caps_unreserve:1524] 
01-03 22:42:20.333  1155  1155 E mm-camera: module_afs_port_check_caps_unreserve:1532] destroy client
01-03 22:42:20.333  1155  1155 E mm-camera: q3a_thread_af_stop:1019  q3a_thread_af_stop:1019 MSG_STOP_THREAD
01-03 22:42:20.334  1155  1155 E mm-camera: stats_port_delete_reserved_stream:2602  stats_port_delete_reserved_stream:2602: going to NULL peer
01-03 22:42:20.337  1155 29153 E mm-camera-isp2: isp_module_stop_session:414 session id 2
01-03 22:42:20.339  1155 29154 E mm-camera: gyro_port_deinit:1446  gyro_port_deinit: Error in android Deinit
01-03 22:42:20.339  1153  1153 E QMI_FW  : xport_send: Sendto failed for port 1792
01-03 22:42:20.339  1153  1153 E QMI_FW  : QCCI qmi_cci_flush_tx_q: Error sending TXN: svc_id: 256 txn_id: 2 msg_id: 0
01-03 22:42:20.339  1153  1153 E Sensors : sns_acm_mr.c(499):Transport error -16
01-03 22:42:20.337  1155 29153 E mm-camera-isp2: isp_module_stop_session:414 session id 2
01-03 22:42:20.339  1155 29154 E mm-camera: gyro_port_deinit:1446  gyro_port_deinit: Error in android Deinit
01-03 22:42:20.339  1153  1153 E QMI_FW  : xport_send: Sendto failed for port 1792
01-03 22:42:20.339  1153  1153 E QMI_FW  : QCCI qmi_cci_flush_tx_q: Error sending TXN: svc_id: 256 txn_id: 2 msg_id: 0
01-03 22:42:20.339  1153  1153 E Sensors : sns_acm_mr.c(499):Transport error -16
01-03 22:42:20.553 29143 29143 E APM::Serializer: deserialize: Could not parse /odm/etc/audio_policy_configuration.xml document.
01-03 22:42:20.553 29143 29143 E APM::Serializer: deserialize: Could not parse /vendor/etc/audio_policy_configuration.xml document.
01-03 22:42:20.612 29143 29143 E BroadcastRadio: couldn't load radio module radio.fm (No such file or directory)
01-03 22:42:20.612 29143 29143 E RadioService: could not read implementation properties
01-03 22:42:20.615 29143 29143 E SoundTriggerHalImpl: couldn't load sound trigger module sound_trigger.primary (No such file or directory)
01-03 22:42:20.616 29143 29143 E SoundTriggerHwService: could not read implementation properties
01-03 22:42:20.634 29145 29145 E Netd    : Error adding route 0.0.0.0/0 -> (null) dummy0 to table 1002: File exists
01-03 22:42:21.278  1155 29233 E mm-camera-isp2: isp_module_start_session:178 session id 1
01-03 22:42:21.286  1155 29235 E mm-camera: tcc_init: TCC ver.150418a
01-03 22:42:21.293  1155 29237 E mm-camera: module_faceproc_start_session:1844] session cnt 1
01-03 22:42:21.299  1155 29233 E mm-camera-isp2: isp_module_start_session:347 num_session_opened 1
01-03 22:42:21.300 29142 29142 E ActivityRecognitionHardware: activity_recognition HAL is deprecated. class_init is effectively a no-op
01-03 22:42:21.307  1155 29235 E mm-camera: sensor_laser_init:117  Failure opening sensor library! Error: dlopen failed: library "/system/lib/hw/sensors.hal.tof.so" not found
01-03 22:42:21.307  1155 29235 E mm-camera: gyro_port_init:1404  Failure initializing laser sensor. Error: 4
01-03 22:42:21.308  1155 29235 E mm-camera: start_accel_sensor: sensor1_open E
01-03 22:42:21.308  1155 29231 E mm-camera: module_sensor_init_session:1245eeprom_name = imx234_eeprom
01-03 22:42:21.309  1155 29235 E mm-camera: start_accel_sensor: sensor1_open X, res = 0
01-03 22:42:21.310  1153  1153 E QMI_FW  : xport_send: Sendto failed for port 1792
01-03 22:42:21.311  1153  1153 E QMI_FW  : QCCI qmi_cci_flush_tx_q: Error sending TXN: svc_id: 256 txn_id: 1 msg_id: 2
01-03 22:42:21.311  1153  1153 E Sensors : sns_acm_mr.c(499):Transport error -16
01-03 22:42:21.350  1155 29236 E mm-camera-pp: [INFO] base_module_start_session:91, E, session=1
01-03 22:42:21.351  1155 29236 E mm-camera-pp: [INFO] base_module_start_session:91, E, session=1
01-03 22:42:21.356  1155 29231 E mm-camera: module_sensor_init_session:1277flash subdev id = 0
01-03 22:42:21.358  1155 29231 E mm-camera-sensor: sensor_sdk_util_get_kernel_i2c_addr_type:26Invalid addr_type = 0
01-03 22:42:21.358  1155 29231 E mm-camera-sensor: sensor_sdk_util_get_kernel_i2c_data_type:40Invalid addr_type = 0
01-03 22:42:21.359  1155 29231 E mm-camera-sensor: actuator_load_lib:491name=lc898122_claf, mode=camera
01-03 22:42:21.364  1155 29231 E mm-camera-sensor: actuator_load_lib:491name=lc898122_claf, mode=camcorder
01-03 22:42:21.367  1155 29231 E mm-camera-sensor: eeprom_do_af_calibration:197turn on Cal af(1)
01-03 22:42:21.368  1155 29231 E mm-camera-sdk: eeprom_autofocus_calibration_claf:173 KSY Kernel original macro hall : 9600, inf hall : -12800, macro_mecha 16800, vcm_type 66
01-03 22:42:21.368  1155 29231 E mm-camera-sdk: eeprom_autofocus_calibration_claf:178 KSY AF_algorithm convert macro hall : 350, inf hall : 0, total_rangetomacro : 0, offset_value_pplus_mtm : 0
01-03 22:42:21.368  1155 29231 E mm-camera: ois_init:305start: ois_init
01-03 22:42:21.372  1155 29231 E mm-camera: ois_init:372done: ois_init
01-03 22:42:21.372  1155 29231 E mm-camera-sensor: proxy_init:71name = LD_AF
01-03 22:42:21.372  1155 29231 E mm-camera-sensor: sensor_proxy_on:151enter
01-03 22:42:21.372  1155 29251 E mm-camera: ois_thread:201ois thread is running
01-03 22:42:21.401  1155 29231 E mm-camera-sensor: sensor_proxy_thread_on:198enter
01-03 22:42:21.401  1155 29231 E mm-camera: module_sensor_init_session:1412tcs_sensor init Enter **
01-03 22:42:21.418  1155 29231 E mm-camera-sensor: tcs_thread_create:291tcs_thread, thread_id 0
01-03 22:42:21.418  1155 29231 E mm-camera: module_sensor_start_session:1684SUCCESS
01-03 22:42:21.418  1155  1155 E mm-camera: sensor_get_cur_chromatix_name:2577Error: Load default preview chroamtix
01-03 22:42:21.418  1155  1155 E mm-camera-sensor: chromatix_load_library_ex : chromatix = libchromatix_imx234_snapshot_open.so , lib name = /system/vendor/lib/libchromatix_imx234_snapshot_open.so
01-03 22:42:21.419  1155  1155 E mm-camera-sensor: chromatix_load_library_ex : chromatix = libchromatix_imx234_snapshot_open.so , lib name = /system/vendor/lib/libchromatix_imx234_snapshot_open.so
01-03 22:42:21.419  1155  1155 E mm-camera-sensor: chromatix_load_library_ex : chromatix = libchromatix_imx234_common_open.so , lib name = /system/vendor/lib/libchromatix_imx234_common_open.so
01-03 22:42:21.420  1155  1155 E mm-camera-sensor: chromatix_load_library_ex : chromatix = libchromatix_imx234_cpp_snapshot_open.so , lib name = /system/vendor/lib/libchromatix_imx234_cpp_snapshot_open.so
01-03 22:42:21.420  1155  1155 E mm-camera-sensor: chromatix_load_library_ex : chromatix = libchromatix_imx234_cpp_snapshot_open.so , lib name = /system/vendor/lib/libchromatix_imx234_cpp_snapshot_open.so
01-03 22:42:21.420  1155  1155 E mm-camera-sensor: chromatix_load_library_ex : chromatix = libchromatix_imx234_cpp_flash_snapshot_open.so , lib name = /system/vendor/lib/libchromatix_imx234_cpp_flash_snapshot_open.so
01-03 22:42:21.420  1155  1155 E mm-camera-sensor: chromatix_load_library_ex : chromatix = libchromatix_imx234_cpp_video_open.so , lib name = /system/vendor/lib/libchromatix_imx234_cpp_video_open.so
01-03 22:42:21.420  1155  1155 E mm-camera-sensor: chromatix_load_library_ex : chromatix = libchromatix_imx234_postproc_open.so , lib name = /system/vendor/lib/libchromatix_imx234_postproc_open.so
01-03 22:42:21.421  1155  1155 E mm-camera-isp2: isp_resource_query_mod:145 num_isp_preallocate 1 num_session_opened 1 dual_vfe_enabled 0
01-03 22:42:21.421  1155  1155 E mm-camera: module_faceproc_query_mod:1996] Caps ROI 5 scene_mode_cnt 1 HW analysis supported 0
01-03 22:42:21.421  1155  1155 E hdr     : module_hdr_lib_query_mod:181] Supported scenemode cnt 2
01-03 22:42:21.421  1155  1155 E mm-camera: isp_port_check_caps_reserve:737 port 0xec2dc700 ide 1000f type 10 dim 0 0
01-03 22:42:21.421  1155  1155 E mm-camera: int_link = 0xec2f0d20
01-03 22:42:21.424  1155  1155 E mm-camera: Interleaved flag is 0, identity 65551 port type 0
01-03 22:42:21.424  1155  1155 E mm-camera: pproc_port_add_modules_to_stream:454] X rc: 1
01-03 22:42:21.432  1153  1153 E QMI_FW  : xport_send: Sendto failed for port 13056
01-03 22:42:21.432  1153  1153 E QMI_FW  : QCCI qmi_cci_flush_tx_q: Error sending TXN: svc_id: 276 txn_id: 1 msg_id: 2
01-03 22:42:21.432  1153  1153 E Sensors : sns_acm_mr.c(499):Transport error -16
01-03 22:42:21.528  1155 29251 E mm-camera: ois_thread:239done : ois initialization
