01-07 03:59:18.711   971   971 I lsof    : type=1400 audit(0.0:274): avc: denied { getattr } for path="/dev/__properties__/u:object_r:device_logging_prop:s0" dev="tmpfs" ino=1847 scontext=u:r:toolbox:s0 tcontext=u:object_r:device_logging_prop:s0 tclass=file permissive=1
01-07 03:59:18.711   971   971 I lsof    : type=1400 audit(0.0:274): avc: denied { getattr } for path="/dev/__properties__/u:object_r:device_logging_prop:s0" dev="tmpfs" ino=1847 scontext=u:r:toolbox:s0 tcontext=u:object_r:device_logging_prop:s0 tclass=file permissive=1
01-07 03:59:18.711   971   971 I lsof    : type=1400 audit(0.0:275): avc: denied { getattr } for path="/dev/__properties__/u:object_r:mmc_prop:s0" dev="tmpfs" ino=1845 scontext=u:r:toolbox:s0 tcontext=u:object_r:mmc_prop:s0 tclass=file permissive=1
01-07 03:59:18.711   971   971 I lsof    : type=1400 audit(0.0:275): avc: denied { getattr } for path="/dev/__properties__/u:object_r:mmc_prop:s0" dev="tmpfs" ino=1845 scontext=u:r:toolbox:s0 tcontext=u:object_r:mmc_prop:s0 tclass=file permissive=1
01-07 03:59:18.711   971   971 I lsof    : type=1400 audit(0.0:276): avc: denied { getattr } for path="/dev/__properties__/u:object_r:safemode_prop:s0" dev="tmpfs" ino=1844 scontext=u:r:toolbox:s0 tcontext=u:object_r:safemode_prop:s0 tclass=file permissive=1
01-07 03:59:18.711   971   971 I lsof    : type=1400 audit(0.0:276): avc: denied { getattr } for path="/dev/__properties__/u:object_r:safemode_prop:s0" dev="tmpfs" ino=1844 scontext=u:r:toolbox:s0 tcontext=u:object_r:safemode_prop:s0 tclass=file permissive=1
01-07 03:59:18.711   971   971 I lsof    : type=1400 audit(0.0:277): avc: denied { getattr } for path="/dev/__properties__/u:object_r:overlay_prop:s0" dev="tmpfs" ino=1843 scontext=u:r:toolbox:s0 tcontext=u:object_r:overlay_prop:s0 tclass=file permissive=1
01-07 03:59:20.758     0  1213 I SELinux : SELinux: Loaded service_contexts from:
01-07 03:59:20.759     0  1213 I SELinux :     /plat_service_contexts
01-07 03:59:20.759     0  1213 I SELinux :     /nonplat_service_contexts
01-07 03:59:20.770  1215  1215 I SELinux : SELinux: Loaded service_contexts from:
01-07 03:59:20.771  1215  1215 I SELinux :     /vndservice_contexts
01-07 03:59:20.795   999   999 I keystore: type=1400 audit(0.0:749): avc: denied { read write } for name="qseecom" dev="tmpfs" ino=1977 scontext=u:r:keystore:s0 tcontext=u:object_r:device:s0 tclass=chr_file permissive=1
01-07 03:59:20.795   999   999 I keystore: type=1400 audit(0.0:750): avc: denied { open } for path="/dev/qseecom" dev="tmpfs" ino=1977 scontext=u:r:keystore:s0 tcontext=u:object_r:device:s0 tclass=chr_file permissive=1
01-07 03:59:20.795   999   999 I keystore: type=1400 audit(0.0:751): avc: denied { ioctl } for path="/dev/qseecom" dev="tmpfs" ino=1977 ioctlcmd=970a scontext=u:r:keystore:s0 tcontext=u:object_r:device:s0 tclass=chr_file permissive=1
01-07 03:59:20.796   999   999 I android.hardware.keymaster@3.0-impl: Fetching keymaster device name default
01-07 03:59:20.797   999   999 I vndksupport: sphal namespace is not configured for this process. Loading /vendor/lib64/hw/keystore.msm8992.so from the current namespace instead.
01-07 03:59:20.797   999   999 I android.hardware.keymaster@3.0-impl: Found keymaster1 module Keymaster QTI HAL, version 100
01-07 03:59:20.798   999   999 E keymaster1_device: Keymaster loaded/ queried from Qseecomd
01-07 03:59:20.798   999   999 D QSEECOMAPI: : QSEECom_get_handle sb_length = 0xa000
01-07 03:59:20.798   999   999 D QSEECOMAPI: : App is not loaded in QSEE
01-07 03:59:20.841   999   999 D QSEECOMAPI: : Loaded image: APP id = 4
01-07 03:59:20.844   999   999 E keymaster1_device: TA API Major Verion: 1
01-07 03:59:20.844   999   999 E keymaster1_device: TA API Minor Verion: 0
01-07 03:59:20.844   999   999 E keymaster1_device: TA Major Verion: 1
01-07 03:59:20.844   999   999 E keymaster1_device: TA Minor Verion: 10
01-07 03:59:20.844   999   999 E keymaster1_device: set_version_req->flags: 1
01-07 03:59:20.845   999   999 D android.hardware.keymaster@3.0-impl: Wrapping keymaster1 module Keymaster QTI HAL with SofKeymasterDevice
--------- beginning of system
01-07 03:59:20.923  1222  1222 I vold    : Vold 3.0 (the awakening) firing up
01-07 03:59:20.923  1222  1222 V vold    : Detected support for: exfat ext4 f2fs ntfs vfat
01-07 03:59:20.926  1222  1222 I vold    : [libfs_mgr]fs_mgr_read_fstab_dt(): failed to read fstab from dt
01-07 03:59:21.023  1055  1055 I time_daemon: type=1400 audit(0.0:752): avc: denied { ioctl } for path="socket:[19940]" dev="sockfs" ino=19940 ioctlcmd=c302 scontext=u:r:init:s0 tcontext=u:r:init:s0 tclass=socket permissive=1
01-07 03:59:21.028   992  1055 E QMI_FW  : QMUXD: WARNING qmi_qmux_if_pwr_up_init failed! rc=-1
01-07 03:59:21.029   992  1055 I chatty  : uid=1000(system) /system/bin/time_daemon identical 2 lines
01-07 03:59:21.029   992  1055 E QMI_FW  : QMUXD: WARNING qmi_qmux_if_pwr_up_init failed! rc=-1
01-07 03:59:21.029   992  1055 E QC-time-services: Daemon:genoff_modem_qmi_service_request: qmi_client_get_service_list returned -2num_services 0
01-07 03:59:21.047   997   997 I gatekeeperd: type=1400 audit(0.0:753): avc: denied { read write } for name="qseecom" dev="tmpfs" ino=1977 scontext=u:r:gatekeeperd:s0 tcontext=u:object_r:device:s0 tclass=chr_file permissive=1
01-07 03:59:21.051   997   997 I gatekeeperd: type=1400 audit(0.0:754): avc: denied { open } for path="/dev/qseecom" dev="tmpfs" ino=1977 scontext=u:r:gatekeeperd:s0 tcontext=u:object_r:device:s0 tclass=chr_file permissive=1
01-07 03:59:21.051   997   997 I gatekeeperd: type=1400 audit(0.0:755): avc: denied { ioctl } for path="/dev/qseecom" dev="tmpfs" ino=1977 ioctlcmd=970a scontext=u:r:gatekeeperd:s0 tcontext=u:object_r:device:s0 tclass=chr_file permissive=1
01-07 03:59:21.051   997   997 I vndksupport: sphal namespace is not configured for this process. Loading /vendor/lib64/hw/gatekeeper.msm8992.so from the current namespace instead.
01-07 03:59:21.051   997   997 D gatekeeper_device: HwKmOpen called
01-07 03:59:21.052   997   997 E gatekeeper_device: Gatekeeper (Keymaster TA) loaded/ queried from Qseecomd
01-07 03:59:21.052   997   997 D QSEECOMAPI: : QSEECom_get_handle sb_length = 0xa000
01-07 03:59:21.052   997   997 D QSEECOMAPI: : App is already loaded QSEE and app id = 4
01-07 03:59:21.144  1001  1001 I mediaserver: ServiceManager: 0xef5974a0
01-07 03:59:21.327  1008  1008 I /vendor/bin/hw/android.hardware.media.omx@1.0-service: Non-Treble OMX service created.
01-07 03:59:21.346  1003  1003 I mediametrics: ServiceManager: 0x7912232680
01-07 03:59:21.346  1003  1003 D MediaAnalyticsService: MediaAnalyticsService created
01-07 03:59:21.346  1003  1003 D MediaAnalyticsService: MediaAnalyticsService::newSummarizerSet
01-07 03:59:21.875  1248  1248 I init    : type=1400 audit(0.0:756): avc: denied { execute_no_trans } for path="/system/bin/rfs_access" dev="mmcblk0p47" ino=366 scontext=u:r:init:s0 tcontext=u:object_r:system_file:s0 tclass=file permissive=1
01-07 03:59:21.884  1240  1240 I ServiceManagement: Removing namespace from process name android.hardware.configstore@1.0-service to configstore@1.0.
01-07 03:59:21.886  1239  1239 I ServiceManagement: Removing namespace from process name android.hidl.allocator@1.0-service to allocator@1.0-s.
01-07 03:59:21.916  1245  1245 I ServiceManagement: Removing namespace from process name android.hardware.usb@1.0-service to usb@1.0-service.
01-07 03:59:21.920  1214  1214 W /system/bin/hwservicemanager: getTransportFromManifest: Cannot find entry android.hardware.thermal@1.0::IThermal in either framework or device manifest, using default transport.
01-07 03:59:21.922  1248  1248 I rfs_access: All clients successfully initialized.
01-07 03:59:21.922  1248  1248 I rfs_access: Capset success!
01-07 03:59:21.922  1248  1248 I rfs_access: All Data dirs exist or were created successfully.
01-07 03:59:21.931  1244  1244 I ServiceManagement: Removing namespace from process name android.hardware.thermal@1.0-service to thermal@1.0-ser.
01-07 03:59:21.936  1248  1248 I rfs_access: Initialized RFS server
01-07 03:59:21.937  1245  1245 I android.hardware.usb@1.0-service: USB HAL Ready.
01-07 03:59:21.940  1244  1244 I android.hardware.thermal@1.0-service: Registration complete for android.hardware.thermal@1.0::IThermal/default.
01-07 03:59:21.942  1243  1243 E android.hardware.nfc@1.0-impl: hw_get_module nfc_nci failed: -2
01-07 03:59:21.942  1242  1242 I ServiceManagement: Removing namespace from process name android.hardware.health@1.0-service to health@1.0-serv.
01-07 03:59:21.942  1243  1243 E android.hardware.nfc@1.0-impl: Passthrough failed to load legacy HAL.
01-07 03:59:21.943  1243  1243 E android.hardware.nfc@1.0-service: Could not get passthrough implementation for android.hardware.nfc@1.0::INfc/default.
01-07 03:59:21.944  1242  1242 I android.hardware.health@1.0-service: Registration complete for android.hardware.health@1.0::IHealth/default.
01-07 03:59:21.955  1249  1249 D QSEECOMD: : qseecom listener services process entry PPID = 1
01-07 03:59:21.955  1249  1249 E QSEECOMD: : Listener: index = 0, hierarchy = 0
01-07 03:59:21.956  1249  1249 D QSEECOMD: : Init dlopen(librpmb.so, RTLD_NOW) succeeds
01-07 03:59:21.956  1249  1249 D QSEECOMD: : Init::Init dlsym(g_FSHandle rpmb_init_service) succeeds
01-07 03:59:21.955  1249  1249 I qseecomd: type=1400 audit(0.0:769): avc: denied { write } for name="mmcblk0rpmb" dev="tmpfs" ino=11665 scontext=u:r:init:s0 tcontext=u:object_r:block_device:s0 tclass=blk_file permissive=1
01-07 03:59:21.955  1249  1249 D QSEECOMD: : qseecom listener services process entry PPID = 1
01-07 03:59:21.955  1249  1249 E QSEECOMD: : Listener: index = 0, hierarchy = 0
01-07 03:59:21.956  1249  1249 D QSEECOMD: : Init dlopen(librpmb.so, RTLD_NOW) succeeds
01-07 03:59:21.956  1249  1249 D QSEECOMD: : Init::Init dlsym(g_FSHandle rpmb_init_service) succeeds
01-07 03:59:21.957  1249  1249 I rpmb_emmc: RPMB Mult = 16384, Rel_sec_cnt = 1
01-07 03:59:21.957  1249  1249 E DrmLibRpmb: rpmb_init succeeded! with ret = 0
01-07 03:59:21.957  1249  1249 D QSEECOMD: : Init rpmb_init_service ret = 0
01-07 03:59:21.957  1249  1249 D QSEECOMD: : RPMB system services: init (Listener ID = 8192)
01-07 03:59:21.957  1249  1249 E QSEECOMD: : Listener: index = 1, hierarchy = 0
01-07 03:59:21.957  1249  1249 D QSEECOMD: : Init dlopen(libssd.so, RTLD_NOW) succeeds
01-07 03:59:21.957  1249  1249 D QSEECOMD: : Init::Init dlsym(g_FSHandle ssd_init_service) succeeds
01-07 03:59:21.957  1249  1249 E SSD     : ssd_init_service succeeded!
01-07 03:59:21.957  1249  1249 D QSEECOMD: : Init ssd_init_service ret = 0
01-07 03:59:21.957  1249  1249 D QSEECOMD: : SSD system services: init (Listener ID = 12288)
01-07 03:59:21.957  1249  1249 E QSEECOMD: : Listener: index = 2, hierarchy = 0
01-07 03:59:21.959  1251  1251 E PerMgrProxy: Starting pm-proxy service
01-07 03:59:21.959  1251  1251 I libmdmdetect: ESOC framework not supported
01-07 03:59:21.959  1251  1251 I libmdmdetect: Found internal modem: modem
01-07 03:59:21.959  1251  1251 I PerMgrProxy: Found internal modem
01-07 03:59:21.967  1258  1258 I qseecomd: type=1400 audit(0.0:771): avc: denied { read write } for name="qseecom" dev="tmpfs" ino=1977 scontext=u:r:init:s0 tcontext=u:object_r:device:s0 tclass=chr_file permissive=1
01-07 03:59:21.968  1241  1241 I android.hardware.graphics.allocator@2.0-service: Registration complete for android.hardware.graphics.allocator@2.0::IAllocator/default.
01-07 03:59:21.968  1258  1258 D QSEECOMD: : qseecom listener service threads starting!!! 
01-07 03:59:21.968  1258  1258 D QSEECOMD: : Total listener services to start = 7
01-07 03:59:21.968  1258  1258 E QSEECOMD: : Listener: index = 0, hierarchy = 1
01-07 03:59:21.968  1258  1258 D QSEECOMD: : Init dlopen(librpmb.so, RTLD_NOW) succeeds
01-07 03:59:21.968  1258  1258 D QSEECOMD: : Init::Init dlsym(g_FSHandle rpmb_start) succeeds
01-07 03:59:21.968  1258  1258 D QSEECOMAPI: : QSEECom_register_listener 8192 sb_length = 0x5000
01-07 03:59:21.971  1258  1258 D QSEECOMD: : Init rpmb_start ret = 0
01-07 03:59:21.971  1258  1258 D QSEECOMD: : RPMB system services: Started (Listener ID = 8192)
01-07 03:59:21.971  1258  1258 E QSEECOMD: : Listener: index = 1, hierarchy = 1
01-07 03:59:21.971  1258  1258 D QSEECOMD: : Init dlopen(libssd.so, RTLD_NOW) succeeds
01-07 03:59:21.971  1258  1258 D QSEECOMD: : Init::Init dlsym(g_FSHandle ssd_start) succeeds
01-07 03:59:21.971  1258  1258 D QSEECOMAPI: : QSEECom_register_listener 12288 sb_length = 0x5000
01-07 03:59:21.975  1250  1250 I libmdmdetect: ESOC framework not supported
01-07 03:59:21.975  1258  1258 D QSEECOMD: : Init ssd_start ret = 0
01-07 03:59:21.975  1258  1258 D QSEECOMD: : SSD system services: Started (Listener ID = 12288)
01-07 03:59:21.975  1258  1258 E QSEECOMD: : Listener: index = 2, hierarchy = 1
01-07 03:59:21.975  1250  1250 I libmdmdetect: Found internal modem: modem
01-07 03:59:21.976  1213  1213 E SELinux : avc:  denied  { add } for service=vendor.qcom.PeripheralManager pid=1250 uid=1000 scontext=u:r:init:s0 tcontext=u:object_r:default_android_service:s0 tclass=service_manager
01-07 03:59:21.977  1250  1250 I PerMgrSrv: Peripheral Mananager service start
01-07 03:59:21.977  1250  1250 I PerMgrSrv: power-off timeout 500,ms; event-ack timeout 200,ms; debug-mode false
01-07 03:59:21.977  1250  1250 I PerMgrSrv: Statistics for : modem
01-07 03:59:21.977  1250  1250 I PerMgrSrv: modem: Current State : is off-line
01-07 03:59:21.977  1250  1250 I PerMgrSrv: modem: Voter/Listener count : 0/0
01-07 03:59:21.977  1250  1250 I PerMgrSrv: modem: Power on count : 0
01-07 03:59:21.977  1250  1250 I PerMgrSrv: modem: Power off count: 0
01-07 03:59:21.977  1250  1250 I PerMgrSrv: modem: Client list:
01-07 03:59:21.979  1250  1262 I PerMgrSrv: QMI service start
01-07 03:59:21.983  1258  1258 E QSEECOMD: : Init dlopen(libsecureui.so, RLTD_NOW) is failed....
01-07 03:59:21.983  1258  1258 E QSEECOMD: : Listener: index = 3, hierarchy = 1
01-07 03:59:21.984  1258  1258 D QSEECOMD: : Init dlopen(libdrmtime.so, RTLD_NOW) succeeds
01-07 03:59:21.984  1258  1258 D QSEECOMD: : Init::Init dlsym(g_FSHandle atime_start) succeeds
01-07 03:59:21.984  1258  1258 D DrmLibTime: QSEE Time Listener: atime_start
01-07 03:59:21.984  1258  1258 D QSEECOMAPI: : QSEECom_register_listener 11 sb_length = 0x5000
01-07 03:59:21.985  1258  1258 D DrmLibTime: registering fs service to QSEECom is done!
01-07 03:59:21.985  1258  1258 D DrmLibTime: begin to create a thread!
01-07 03:59:21.985  1258  1258 D DrmLibTime: Creating a pthread in atime_start is done! return 0
01-07 03:59:21.985  1258  1258 D QSEECOMD: : Init atime_start ret = 0
01-07 03:59:21.985  1258  1258 D QSEECOMD: : time services: Started (Listener ID = 11)
01-07 03:59:21.985  1258  1258 E QSEECOMD: : Listener: index = 4, hierarchy = 1
01-07 03:59:21.985  1258  1258 D QSEECOMD: : Init dlopen(libdrmfs.so, RTLD_NOW) succeeds
01-07 03:59:21.985  1258  1258 D QSEECOMD: : Init::Init dlsym(g_FSHandle fs_start) succeeds
01-07 03:59:21.985  1258  1258 D QSEECOMAPI: : QSEECom_register_listener 10 sb_length = 0x5000
01-07 03:59:21.987  1258  1265 D DrmLibTime: QSEE Time Listener: dispatch
01-07 03:59:21.987  1258  1258 D QSEECOMD: : Init fs_start ret = 0
01-07 03:59:21.987  1258  1265 D DrmLibTime: before calling ioctl to read the next time_cmd
01-07 03:59:21.987  1258  1258 D QSEECOMD: : file system services: Started (Listener ID = 10)
01-07 03:59:21.987  1258  1258 E QSEECOMD: : Listener: index = 5, hierarchy = 1
01-07 03:59:21.987  1258  1258 E QSEECOMD: : Init dlopen(libmdtp.so, RLTD_NOW) is failed....
01-07 03:59:21.987  1258  1258 E QSEECOMD: : Listener: index = 6, hierarchy = 1
01-07 03:59:21.987  1258  1258 D QSEECOMD: : Init dlopen(libdrmfs.so, RTLD_NOW) succeeds
01-07 03:59:21.987  1258  1258 D QSEECOMD: : Init::Init dlsym(g_FSHandle gpfs_start) succeeds
01-07 03:59:21.987  1258  1258 D QSEECOMAPI: : QSEECom_register_listener 28672 sb_length = 0x7e000
01-07 03:59:21.989  1258  1258 D QSEECOMD: : Init gpfs_start ret = 0
01-07 03:59:21.989  1258  1258 D QSEECOMD: : gpfile system services: Started (Listener ID = 28672)
01-07 03:59:21.996  1258  1258 D QSEECOMAPI: : QSEECom_get_handle sb_length = 0x400
01-07 03:59:21.996  1258  1258 D QSEECOMAPI: : App is not loaded in QSEE
01-07 03:59:21.997  1258  1258 E QSEECOMAPI: : Error::Error while trying to allocate data
01-07 03:59:21.997  1258  1258 E QSEECOMAPI: : Error::ION_memalloc failed
01-07 03:59:21.997  1258  1258 E QSEECOMAPI: : Error::Loading image failed with ret = -12
01-07 03:59:21.997  1258  1258 E QSEECOMD: : Loading keymaste app failied
01-07 03:59:21.997  1258  1258 D QSEECOMAPI: : QSEECom_get_handle sb_length = 0x400
01-07 03:59:21.997  1258  1258 D QSEECOMAPI: : App is not loaded in QSEE
01-07 03:59:22.003  1258  1258 E QSEECOMAPI: : Error::Load image request failed ret = -1, errno = 22
01-07 03:59:22.003  1258  1258 E QSEECOMAPI: : Error::Loading image failed with ret = -1
01-07 03:59:22.003  1258  1258 E QSEECOMD: : Loading keymaster app failied
01-07 03:59:22.003  1258  1258 D QSEECOMAPI: : QSEECom_get_handle sb_length = 0x400
01-07 03:59:22.003  1258  1258 D QSEECOMAPI: : App is already loaded QSEE and app id = 4
01-07 03:59:22.004  1258  1258 D QSEECOMD: :  Keymaster/ kmota loaded
01-07 03:59:22.016  1258  1258 D QSEECOMD: : QSEECOM DAEMON RUNNING 
01-07 03:59:22.030  1268  1268 I wificond: wificond is starting up...
01-07 03:59:22.045  1252  1252 I /system/bin/surfaceflinger: android::hardware::configstore::V1_0::ISurfaceFlingerConfigs::maxFrameBufferAcquiredBuffers retrieved: 3
01-07 03:59:22.046  1252  1252 I /system/bin/surfaceflinger: android::hardware::configstore::V1_0::ISurfaceFlingerConfigs::startGraphicsAllocatorService retrieved: 1
01-07 03:59:22.054  1214  1214 E SELinux : avc:  denied  { add } for interface=android.hardware.graphics.allocator::IAllocator pid=1252 scontext=u:r:surfaceflinger:s0 tcontext=u:object_r:hal_graphics_allocator_hwservice:s0 tclass=hwservice_manager
01-07 03:59:22.056  1252  1252 I SurfaceFlinger: Registration complete for android.hardware.graphics.allocator@2.0::IAllocator/default.
01-07 03:59:22.057  1252  1252 I SurfaceFlinger: SurfaceFlinger is starting
01-07 03:59:22.059  1252  1252 I /system/bin/surfaceflinger: android::hardware::configstore::V1_0::ISurfaceFlingerConfigs::vsyncEventPhaseOffsetNs retrieved: 1000000 (default)
01-07 03:59:22.060  1252  1252 I /system/bin/surfaceflinger: android::hardware::configstore::V1_0::ISurfaceFlingerConfigs::vsyncSfEventPhaseOffsetNs retrieved: 1000000 (default)
01-07 03:59:22.062  1252  1252 I /system/bin/surfaceflinger: android::hardware::configstore::V1_0::ISurfaceFlingerConfigs::maxVirtualDisplaySize retrieved: 0 (default)
01-07 03:59:22.064  1252  1252 I /system/bin/surfaceflinger: android::hardware::configstore::V1_0::ISurfaceFlingerConfigs::hasSyncFramework retrieved: 1
01-07 03:59:22.073  1252  1252 I /system/bin/surfaceflinger: android::hardware::configstore::V1_0::ISurfaceFlingerConfigs::useContextPriority retrieved: 0 (default)
01-07 03:59:22.074  1252  1252 I /system/bin/surfaceflinger: android::hardware::configstore::V1_0::ISurfaceFlingerConfigs::presentTimeOffsetFromVSyncNs retrieved: 0
01-07 03:59:22.076  1252  1252 I /system/bin/surfaceflinger: android::hardware::configstore::V1_0::ISurfaceFlingerConfigs::useHwcForRGBtoYUV retrieved: 0
01-07 03:59:22.076  1252  1252 I /system/bin/surfaceflinger: android::hardware::configstore::V1_0::ISurfaceFlingerConfigs::maxFrameBufferAcquiredBuffers retrieved: 3
01-07 03:59:22.076  1252  1252 I SurfaceFlinger: Enabling HWC virtual displays
01-07 03:59:22.076  1252  1252 I SurfaceFlinger: Disabling Triple Buffering
01-07 03:59:22.076  1252  1252 I SurfaceFlinger: SurfaceFlinger's main thread ready to run. Initializing graphics H/W...
01-07 03:59:22.076  1252  1252 I vndksupport: sphal namespace is not configured for this process. Loading /vendor/lib64/egl/libEGL_adreno.so from the current namespace instead.
01-07 03:59:22.078  1252  1252 D libEGL  : loaded /vendor/lib64/egl/libEGL_adreno.so
01-07 03:59:22.090  1252  1252 I vndksupport: sphal namespace is not configured for this process. Loading /vendor/lib64/egl/libGLESv1_CM_adreno.so from the current namespace instead.
01-07 03:59:22.091  1252  1252 D libEGL  : loaded /vendor/lib64/egl/libGLESv1_CM_adreno.so
01-07 03:59:22.112  1252  1252 I vndksupport: sphal namespace is not configured for this process. Loading /vendor/lib64/egl/libGLESv2_adreno.so from the current namespace instead.
01-07 03:59:22.112  1252  1252 D libEGL  : loaded /vendor/lib64/egl/libGLESv2_adreno.so
01-07 03:59:22.133  1252  1252 I Adreno  : QUALCOMM build                   : d3015e9, I25dc76dc3f
01-07 03:59:22.133  1252  1252 I Adreno  : Build Date                       : 01/26/17
01-07 03:59:22.133  1252  1252 I Adreno  : OpenGL ES Shader Compiler Version: XE031.09.00.03
01-07 03:59:22.133  1252  1252 I Adreno  : Local Branch                     : 
01-07 03:59:22.133  1252  1252 I Adreno  : Remote Branch                    : refs/tags/AU_LINUX_ANDROID_LA.BF64.1.2.3_RB1.07.00.00.258.011
01-07 03:59:22.133  1252  1252 I Adreno  : Remote Branch                    : NONE
01-07 03:59:22.133  1252  1252 I Adreno  : Reconstruct Branch               : NOTHING
01-07 03:59:22.207  1284  1284 E ANDR-PERF-MPCTL: Unable to create control service (stage=1, rc=0)
01-07 03:59:22.207  1284  1284 W libc    : invalid pthread_t (0) passed to libc
01-07 03:59:22.226  1278  1278 I Netd    : Netd 1.0 starting
01-07 03:59:22.226  1278  1278 D TetherController: Setting IP forward enable = 0
01-07 03:59:22.371  1252  1252 I qdutils : PartialUpdate status: Disabled
01-07 03:59:22.371  1252  1252 I qdutils : Left Align: 0
01-07 03:59:22.371  1252  1252 I qdutils : Width Align: 0
01-07 03:59:22.371  1252  1252 I qdutils : Top Align: 0
01-07 03:59:22.371  1252  1252 I qdutils : Height Align: 0
01-07 03:59:22.371  1252  1252 I qdutils : Min ROI Width: 0
01-07 03:59:22.371  1252  1252 I qdutils : Min ROI Height: 0
01-07 03:59:22.371  1252  1252 I qdutils : Needs ROI Merge: 0
01-07 03:59:22.371  1252  1252 I qdutils : Dynamic Fps: Disabled
01-07 03:59:22.371  1252  1252 I qdutils : Min Panel fps: 0
01-07 03:59:22.371  1252  1252 I qdutils : Max Panel fps: 0
01-07 03:59:22.371  1252  1252 D qdutils : getHDMINode: HDMI is at fb1
01-07 03:59:22.377  1252  1252 W qdcopybit: open_copybit i = 0 surface_id=-1026555902
01-07 03:59:22.377  1252  1252 W qdcopybit: open_copybit i = 1 surface_id=-1026555901
01-07 03:59:22.377  1252  1252 W qdcopybit: open_copybit i = 2 surface_id=-1026555900
01-07 03:59:22.377  1252  1252 W qdcopybit: open_copybit i = 3 surface_id=-1026555899
01-07 03:59:22.377  1252  1252 W qdcopybit: open_copybit i = 4 surface_id=-1026555898
01-07 03:59:22.377  1252  1252 W qdcopybit: open_copybit i = 5 surface_id=-1026555897
01-07 03:59:22.377  1252  1252 W qdcopybit: open_copybit i = 6 surface_id=-1026555896
01-07 03:59:22.377  1252  1252 W qdcopybit: open_copybit i = 7 surface_id=-1026555895
01-07 03:59:22.377  1252  1252 W qdcopybit: open_copybit i = 8 surface_id=-1026555894
01-07 03:59:22.377  1252  1252 W qdcopybit: open_copybit i = 9 surface_id=-1026555893
01-07 03:59:22.377  1252  1252 W qdcopybit: open_copybit i = 10 surface_id=-1026555892
01-07 03:59:22.377  1252  1252 W qdcopybit: open_copybit i = 11 surface_id=-1026555891
01-07 03:59:22.377  1252  1252 W qdcopybit: open_copybit i = 12 surface_id=-1026555890
01-07 03:59:22.378  1252  1252 W qdcopybit: open_copybit i = 13 surface_id=-1026555889
01-07 03:59:22.378  1252  1252 W qdcopybit: open_copybit i = 14 surface_id=-1026555888
01-07 03:59:22.378  1252  1252 W qdcopybit: open_copybit i = 15 surface_id=-1026555887
01-07 03:59:22.378  1252  1252 W qdcopybit: open_copybit i = 16 surface_id=-1026555886
01-07 03:59:22.378  1252  1252 W qdcopybit: open_copybit i = 17 surface_id=-1026555885
01-07 03:59:22.378  1252  1252 W qdcopybit: open_copybit i = 18 surface_id=-1026555884
01-07 03:59:22.378  1252  1252 W qdcopybit: open_copybit i = 19 surface_id=-1026555883
01-07 03:59:22.378  1252  1252 W qdcopybit: open_copybit i = 20 surface_id=-1026555882
01-07 03:59:22.378  1252  1252 W qdcopybit: open_copybit i = 21 surface_id=-1026555881
01-07 03:59:22.378  1252  1252 W qdcopybit: open_copybit i = 22 surface_id=-1026555880
01-07 03:59:22.378  1252  1252 W qdcopybit: open_copybit i = 23 surface_id=-1026555879
01-07 03:59:22.378  1252  1252 W qdcopybit: open_copybit i = 24 surface_id=-1026555878
01-07 03:59:22.378  1252  1252 W qdcopybit: open_copybit i = 25 surface_id=-1026555877
01-07 03:59:22.378  1252  1252 W qdcopybit: open_copybit i = 26 surface_id=-1026555876
01-07 03:59:22.378  1252  1252 W qdcopybit: open_copybit i = 27 surface_id=-1026555875
01-07 03:59:22.378  1252  1252 W qdcopybit: open_copybit i = 28 surface_id=-1026555874
01-07 03:59:22.378  1252  1252 W qdcopybit: open_copybit i = 29 surface_id=-1026555873
01-07 03:59:22.378  1252  1252 W qdcopybit: open_copybit i = 30 surface_id=-1026555872
01-07 03:59:22.378  1252  1252 W qdcopybit: open_copybit i = 31 surface_id=-1026555871
01-07 03:59:22.378  1252  1252 W qdcopybit: open_copybit: 2 Plane YUV i=0 surface_id=-1026555869
01-07 03:59:22.378  1252  1252 W qdcopybit: open_copybit: 2 Plane YUV i=1 surface_id=-1026555868
01-07 03:59:22.378  1252  1252 W qdcopybit: open_copybit: 2 Plane YUV i=2 surface_id=-1026555867
01-07 03:59:22.378  1252  1252 W qdcopybit: open_copybit: 2 Plane YUV i=3 surface_id=-1026555866
01-07 03:59:22.378  1252  1252 W qdcopybit: open_copybit: 3 Plane YUV i=0 surface_id=-1026555864
01-07 03:59:22.381  1252  1252 I qdhwcomposer: Successfully Loaded perf hint API's
01-07 03:59:22.381  1252  1252 I qdhwcomposer: PerfHintWindow = 50
01-07 03:59:22.381  1252  1252 I qdhwcomposer: Initializing Qualcomm Hardware Composer
01-07 03:59:22.381  1252  1252 I qdhwcomposer: MDP version: 500
01-07 03:59:22.381  1252  1252 I SurfaceFlinger: Using composer version 1.5
01-07 03:59:22.381  1252  1252 I qdhwcomposer: hwc_registerProcs
01-07 03:59:22.381  1252  1252 I qdhwcomposer: Initializing UEVENT Thread
01-07 03:59:22.381  1252  1252 I qdhwcomposer: Initializing VSYNC Thread
01-07 03:59:22.381  1252  1252 D qdhwcomposer: hwc_getDisplayAttributes disp = 0, width = 1440
01-07 03:59:22.381  1252  1252 D qdhwcomposer: hwc_getDisplayAttributes disp = 0, height = 2560
01-07 03:59:22.381  1252  1252 W qdhwcomposer: hwc_getDisplayConfigs display (1) is not connected anymore
01-07 03:59:22.382  1252  1252 I SurfaceFlinger: EGL information:
01-07 03:59:22.384  1252  1252 I SurfaceFlinger: vendor    : Android
01-07 03:59:22.384  1252  1252 I SurfaceFlinger: version   : 1.4 Android META-EGL
01-07 03:59:22.384  1252  1252 I SurfaceFlinger: extensions: EGL_KHR_get_all_proc_addresses EGL_ANDROID_presentation_time EGL_KHR_swap_buffers_with_damage EGL_ANDROID_get_native_client_buffer EGL_ANDROID_front_buffer_auto_refresh EGL_ANDROID_get_frame_timestamps EGL_KHR_image EGL_KHR_image_base EGL_KHR_lock_surface EGL_KHR_gl_colorspace EGL_KHR_gl_texture_2D_image EGL_KHR_gl_texture_3D_image EGL_KHR_gl_texture_cubemap_image EGL_KHR_gl_renderbuffer_image EGL_KHR_reusable_sync EGL_KHR_fence_sync EGL_KHR_create_context EGL_KHR_surfaceless_context EGL_EXT_create_context_robustness EGL_ANDROID_image_native_buffer EGL_KHR_wait_sync EGL_ANDROID_recordable EGL_KHR_partial_update EGL_KHR_create_context_no_error EGL_KHR_mutable_render_buffer EGL_EXT_yuv_surface EGL_IMG_context_priority 
01-07 03:59:22.384  1252  1252 I SurfaceFlinger: Client API: OpenGL_ES
01-07 03:59:22.384  1252  1252 I SurfaceFlinger: EGLSurface: 8-8-8-8, config=0x7edc3c9bc0
01-07 03:59:22.387  1252  1252 I SurfaceFlinger: OpenGL ES informations:
01-07 03:59:22.387  1252  1252 I SurfaceFlinger: vendor    : Qualcomm
01-07 03:59:22.387  1252  1252 I SurfaceFlinger: renderer  : Adreno (TM) 418
01-07 03:59:22.387  1252  1252 I SurfaceFlinger: version   : OpenGL ES 3.2 V@145.0 (GIT@I25dc76dc3f)
01-07 03:59:22.387  1252  1252 I SurfaceFlinger: extensions: GL_OES_EGL_image GL_OES_EGL_image_external GL_OES_EGL_sync GL_OES_vertex_half_float GL_OES_framebuffer_object GL_OES_rgb8_rgba8 GL_OES_compressed_ETC1_RGB8_texture GL_AMD_compressed_ATC_texture GL_KHR_texture_compression_astc_ldr GL_OES_texture_npot GL_EXT_texture_filter_anisotropic GL_EXT_texture_format_BGRA8888 GL_OES_texture_3D GL_EXT_color_buffer_float GL_EXT_color_buffer_half_float GL_QCOM_alpha_test GL_OES_depth24 GL_OES_packed_depth_stencil GL_OES_depth_texture GL_OES_depth_texture_cube_map GL_EXT_sRGB GL_OES_texture_float GL_OES_texture_float_linear GL_OES_texture_half_float GL_OES_texture_half_float_linear GL_EXT_texture_type_2_10_10_10_REV GL_EXT_texture_sRGB_decode GL_OES_element_index_uint GL_EXT_copy_image GL_EXT_geometry_shader GL_EXT_tessellation_shader GL_OES_texture_stencil8 GL_EXT_shader_io_blocks GL_OES_shader_image_atomic GL_OES_sample_variables GL_EXT_texture_border_clamp GL_EXT_multisampled_render_to_texture GL_OES_shader_multisample_interpolation GL_EXT_texture_cube_map_arr
01-07 03:59:22.387  1252  1252 I SurfaceFlinger: GL_MAX_TEXTURE_SIZE = 16384
01-07 03:59:22.387  1252  1252 I SurfaceFlinger: GL_MAX_VIEWPORT_DIMS = 16384
01-07 03:59:22.388  1252  1294 I qdhwcomposer: vsync_loop: Reading event 0 for dpy 0 from /sys/class/graphics/fb0/vsync_event
01-07 03:59:22.389  1252  1294 I qdhwcomposer: vsync_loop: Reading event 1 for dpy 0 from /sys/class/graphics/fb0/show_blank_event
01-07 03:59:22.389  1252  1294 I qdhwcomposer: vsync_loop: Reading event 2 for dpy 0 from /sys/class/graphics/fb0/msm_fb_thermal_level
01-07 03:59:22.389  1252  1294 I qdhwcomposer: vsync_loop: Reading event 0 for dpy 1 from /sys/class/graphics/fb1/vsync_event
01-07 03:59:22.389  1252  1294 I qdhwcomposer: vsync_loop: Reading event 1 for dpy 1 from /sys/class/graphics/fb1/show_blank_event
01-07 03:59:22.389  1252  1294 I qdhwcomposer: vsync_loop: Reading event 2 for dpy 1 from /sys/class/graphics/fb1/msm_fb_thermal_level
01-07 03:59:22.389  1252  1294 I qdhwcomposer: vsync_loop: Reading event 0 for dpy 2 from /sys/class/graphics/fb1/vsync_event
01-07 03:59:22.389  1252  1294 I qdhwcomposer: vsync_loop: Reading event 1 for dpy 2 from /sys/class/graphics/fb1/show_blank_event
01-07 03:59:22.389  1252  1294 I qdhwcomposer: vsync_loop: Reading event 2 for dpy 2 from /sys/class/graphics/fb1/msm_fb_thermal_level
01-07 03:59:22.501  1275  1275 I FastMixerState: sMaxFastTracks = 8
01-07 03:59:22.509  1275  1275 I audioserver: ServiceManager: 0xe77174a0
01-07 03:59:22.509  1275  1275 W BatteryNotifier: batterystats service unavailable!
01-07 03:59:22.536  1275  1275 I AudioFlinger: Using default 3000 mSec as standby time.
01-07 03:59:22.538  1275  1275 E APM::Serializer: deserialize: Could not parse /odm/etc/audio_policy_configuration.xml document.
01-07 03:59:22.538  1275  1275 E APM::Serializer: deserialize: Could not parse /vendor/etc/audio_policy_configuration.xml document.
01-07 03:59:22.560  1275  1275 I vndksupport: sphal namespace is not configured for this process. Loading /vendor/lib/hw/audio.primary.default.so from the current namespace instead.
01-07 03:59:22.561  1275  1275 W DeviceHAL: Device 0xe7773000 get_master_volume: Function not implemented
01-07 03:59:22.561  1275  1275 W DeviceHAL: Device 0xe7773000 get_master_mute: Function not implemented
01-07 03:59:22.561  1275  1275 W DeviceHAL: Device 0xe7773000 set_master_volume: Function not implemented
01-07 03:59:22.561  1275  1275 W DeviceHAL: Device 0xe7773000 set_master_mute: Function not implemented
01-07 03:59:22.561  1275  1275 I AudioFlinger: loadHwModule() Loaded primary audio interface, handle 10
01-07 03:59:22.561  1275  1275 I AudioFlinger: openOutput() this 0xe773d000, module 10 Device 2, SamplingRate 48000, Format 0x000001, Channels 3, flags 2
01-07 03:59:22.562  1275  1275 I AudioFlinger: HAL output buffer size 1024 frames, normal sink buffer size 1024 frames
01-07 03:59:22.573  1275  1275 W EffectsFactory: checkLibraryPath() corrected library path /system/lib/soundfx/libbundlewrapper.so to /vendor/lib/soundfx/libbundlewrapper.so
01-07 03:59:22.574  1275  1275 W EffectsFactory: checkLibraryPath() corrected library path /system/lib/soundfx/libreverbwrapper.so to /vendor/lib/soundfx/libreverbwrapper.so
01-07 03:59:22.577  1275  1275 W EffectsFactory: checkLibraryPath() corrected library path /system/lib/soundfx/libvisualizer.so to /vendor/lib/soundfx/libvisualizer.so
01-07 03:59:22.578  1275  1275 W EffectsFactory: loadLibrary() could not find library /system/lib/soundfx/libqcomvisualizer.so
01-07 03:59:22.578  1275  1275 W EffectsFactory: checkLibraryPath() corrected library path /system/lib/soundfx/libdownmix.so to /vendor/lib/soundfx/libdownmix.so
01-07 03:59:22.578  1275  1275 W EffectsFactory: checkLibraryPath() corrected library path /system/lib/soundfx/libldnhncr.so to /vendor/lib/soundfx/libldnhncr.so
01-07 03:59:22.579  1275  1275 W EffectsFactory: checkLibraryPath() corrected library path /system/lib/soundfx/libeffectproxy.so to /vendor/lib/soundfx/libeffectproxy.so
01-07 03:59:22.579  1275  1275 W EffectsFactory: loadLibrary() could not find library /system/lib/soundfx/libqcompostprocbundle.so
01-07 03:59:22.580  1275  1275 W EffectsFactory: loadLibrary() could not find library /system/lib/soundfx/libqcomvoiceprocessing.so
01-07 03:59:22.580  1275  1275 W EffectsFactory: addSubEffect() could not get library offload_bundle
01-07 03:59:22.580  1275  1275 W EffectsFactory: loadEffect() could not add subEffect 
01-07 03:59:22.580  1275  1275 W EffectsFactory: addSubEffect() could not get library offload_bundle
01-07 03:59:22.580  1275  1275 W EffectsFactory: loadEffect() could not add subEffect 
01-07 03:59:22.580  1275  1275 W EffectsFactory: addSubEffect() could not get library offload_bundle
01-07 03:59:22.580  1275  1275 W EffectsFactory: loadEffect() could not add subEffect 
01-07 03:59:22.580  1275  1275 W EffectsFactory: addSubEffect() could not get library offload_bundle
01-07 03:59:22.580  1275  1275 W EffectsFactory: loadEffect() could not add subEffect 
01-07 03:59:22.580  1275  1275 W EffectsFactory: addSubEffect() could not get library offload_bundle
01-07 03:59:22.580  1275  1275 W EffectsFactory: loadEffect() could not add subEffect 
01-07 03:59:22.580  1275  1275 W EffectsFactory: addSubEffect() could not get library offload_bundle
01-07 03:59:22.580  1275  1275 W EffectsFactory: loadEffect() could not add subEffect 
01-07 03:59:22.587  1275  1275 W EffectsFactory: addSubEffect() could not get library offload_bundle
01-07 03:59:22.587  1275  1275 W EffectsFactory: loadEffect() could not add subEffect 
01-07 03:59:22.588  1275  1275 W EffectsFactory: addSubEffect() could not get library visualizer_hw
01-07 03:59:22.588  1275  1275 W EffectsFactory: loadEffect() could not add subEffect 
01-07 03:59:22.588  1275  1275 W EffectsFactory: loadEffect() could not get library offload_bundle
01-07 03:59:22.588  1275  1275 W EffectsFactory: loadEffect() could not get library audio_pre_processing
01-07 03:59:22.588  1275  1275 W EffectsFactory: loadEffect() could not get library audio_pre_processing
01-07 03:59:22.588  1275  1275 I BufferProvider: found effect "Multichannel Downmix To Stereo" from The Android Open Source Project
01-07 03:59:22.589  1275  1275 I AudioFlinger: Using module 10 as the primary audio interface
01-07 03:59:22.589  1275  1275 W AudioFlinger: moveEffects() bad srcOutput 0
01-07 03:59:22.596  1275  1317 I AudioFlinger: AudioFlinger's thread 0xe6a83440 tid=1317 ready to run
01-07 03:59:22.596  1275  1317 W AudioFlinger: no wake lock to update, system not ready yet
01-07 03:59:22.598  1275  1308 W DeviceHAL: Device 0xe7773000 set_voice_volume: Function not implemented
01-07 03:59:22.599  1275  1317 W AudioFlinger: no wake lock to update, system not ready yet
01-07 03:59:22.599  1275  1275 W APM_AudioPolicyManager: Output profile contains no device on module primary
01-07 03:59:22.600  1275  1275 I AudioFlinger: openOutput() this 0xe773d000, module 10 Device 2, SamplingRate 48000, Format 0x000001, Channels 3, flags 8
01-07 03:59:22.600  1275  1275 I AudioFlinger: HAL output buffer size 1024 frames, normal sink buffer size 1024 frames
01-07 03:59:22.612  1275  1319 I AudioFlinger: AudioFlinger's thread 0xe64036c0 tid=1319 ready to run
01-07 03:59:22.612  1275  1319 W AudioFlinger: no wake lock to update, system not ready yet
01-07 03:59:22.613  1275  1319 W AudioFlinger: no wake lock to update, system not ready yet
01-07 03:59:22.615  1275  1275 I AudioFlinger: openOutput() this 0xe773d000, module 10 Device 2, SamplingRate 48000, Format 0x000001, Channels 3, flags 4
01-07 03:59:22.615  1275  1275 I AudioFlinger: HAL output buffer size 1024 frames, normal sink buffer size 1024 frames
01-07 03:59:22.624  1275  1322 I AudioFlinger: AudioFlinger's thread 0xe61830c0 tid=1322 ready to run
01-07 03:59:22.624  1275  1322 W AudioFlinger: no wake lock to update, system not ready yet
01-07 03:59:22.626  1275  1322 W AudioFlinger: no wake lock to update, system not ready yet
01-07 03:59:22.626  1275  1275 W APM_AudioPolicyManager: Output profile contains no device on module primary
01-07 03:59:22.626  1275  1275 W APM_AudioPolicyManager: Output profile contains no device on module primary
01-07 03:59:22.626  1275  1275 I AudioFlinger: openOutput() this 0xe773d000, module 10 Device 10000, SamplingRate 48000, Format 0x000001, Channels 3, flags 0
01-07 03:59:22.627  1275  1275 I AudioFlinger: HAL output buffer size 1024 frames, normal sink buffer size 1024 frames
01-07 03:59:22.636  1275  1324 I AudioFlinger: AudioFlinger's thread 0xe5f03180 tid=1324 ready to run
01-07 03:59:22.636  1275  1324 W AudioFlinger: no wake lock to update, system not ready yet
01-07 03:59:22.637  1275  1324 W AudioFlinger: no wake lock to update, system not ready yet
01-07 03:59:22.637  1275  1275 W APM_AudioPolicyManager: Output profile contains no device on module primary
01-07 03:59:22.637  1275  1275 W APM_AudioPolicyManager: Output profile contains no device on module primary
01-07 03:59:22.647  1275  1326 I AudioFlinger: AudioFlinger's thread 0xe5c83bc0 tid=1326 ready to run
01-07 03:59:22.648  1275  1329 I AudioFlinger: AudioFlinger's thread 0xe5a03500 tid=1329 ready to run
01-07 03:59:22.658  1275  1275 I bt_a2dp_hw: adev_open:  adev_open in A2dp_hw module
01-07 03:59:22.658  1275  1275 I AudioFlinger: loadHwModule() Loaded a2dp audio interface, handle 18
01-07 03:59:22.658  1275  1275 I vndksupport: sphal namespace is not configured for this process. Loading /vendor/lib/hw/audio.usb.default.so from the current namespace instead.
01-07 03:59:22.660  1276  1276 I cameraserver: ServiceManager: 0xf08974e0
01-07 03:59:22.660  1275  1275 I AudioFlinger: loadHwModule() Loaded usb audio interface, handle 26
01-07 03:59:22.660  1276  1276 I CameraService: CameraService started (pid=1276)
01-07 03:59:22.660  1276  1276 I CameraService: CameraService process starting
01-07 03:59:22.660  1276  1276 W BatteryNotifier: batterystats service unavailable!
01-07 03:59:22.660  1276  1276 W BatteryNotifier: batterystats service unavailable!
01-07 03:59:22.661  1275  1275 I vndksupport: sphal namespace is not configured for this process. Loading /vendor/lib/hw/audio.r_submix.default.so from the current namespace instead.
01-07 03:59:22.662  1275  1275 I r_submix: adev_open(name=audio_hw_if)
01-07 03:59:22.662  1275  1275 I r_submix: adev_init_check()
01-07 03:59:22.662  1275  1275 W DeviceHAL: Device 0xe5f54140 set_master_mute: Function not implemented
01-07 03:59:22.662  1275  1275 I AudioFlinger: loadHwModule() Loaded r_submix audio interface, handle 34
01-07 03:59:22.662  1275  1275 D r_submix: adev_open_input_stream(addr=0)
01-07 03:59:22.662  1275  1275 D r_submix: submix_audio_device_create_pipe_l(addr=0, idx=9)
01-07 03:59:22.662  1275  1275 D r_submix:   now using address 0 for route 9
01-07 03:59:22.663  1275  1334 I AudioFlinger: AudioFlinger's thread 0xe5a03280 tid=1334 ready to run
01-07 03:59:22.665  1275  1275 I RadioService: RadioService
01-07 03:59:22.665  1275  1275 I RadioService: onFirstRef
01-07 03:59:22.668  1275  1334 D r_submix: adev_close_input_stream()
01-07 03:59:22.668  1275  1334 D r_submix: submix_audio_device_release_pipe_l(idx=9) addr=0
01-07 03:59:22.668  1275  1334 D r_submix: submix_audio_device_destroy_pipe_l(): pipe destroyed
01-07 03:59:22.668  1275  1275 I BroadcastRadio: onFirstRef mClassId 0
01-07 03:59:22.669  1275  1275 I BroadcastRadio: onFirstRef RADIO_HARDWARE_MODULE_ID radio fm
01-07 03:59:22.669  1275  1275 E BroadcastRadio: couldn't load radio module radio.fm (No such file or directory)
01-07 03:59:22.669  1275  1275 E RadioService: could not read implementation properties
01-07 03:59:22.672  1275  1275 E SoundTriggerHalImpl: couldn't load sound trigger module sound_trigger.primary (No such file or directory)
01-07 03:59:22.673  1275  1275 I SoundTriggerHalHidl: getProperties res implementor 
01-07 03:59:22.673  1275  1275 I SoundTriggerHalHidl: getProperties ret -19
01-07 03:59:22.673  1275  1275 E SoundTriggerHwService: could not read implementation properties
01-07 03:59:22.687  1276  1276 I vndksupport: sphal namespace is not configured for this process. Loading /vendor/lib/hw/camera.msm8992.so from the current namespace instead.
01-07 03:59:22.695  1271  1271 D AndroidRuntime: >>>>>> START com.android.internal.os.ZygoteInit uid 0 <<<<<<
01-07 03:59:22.698  1279  1279 I mediaserver: ServiceManager: 0xe8e17540
01-07 03:59:22.699  1279  1279 W BatteryNotifier: batterystats service unavailable!
01-07 03:59:22.702  1271  1271 I zygote64: option[0]=-Xzygote
01-07 03:59:22.702  1271  1271 I zygote64: option[1]=-Xstacktracefile:/data/anr/traces.txt
01-07 03:59:22.702  1271  1271 I zygote64: option[2]=exit
01-07 03:59:22.702  1271  1271 I zygote64: option[3]=vfprintf
01-07 03:59:22.702  1271  1271 I zygote64: option[4]=sensitiveThread
01-07 03:59:22.702  1271  1271 I zygote64: option[5]=-verbose:gc
01-07 03:59:22.702  1271  1271 I zygote64: option[6]=-Xms8m
01-07 03:59:22.702  1271  1271 I zygote64: option[7]=-Xmx768m
01-07 03:59:22.702  1271  1271 I zygote64: option[8]=-XX:HeapGrowthLimit=288m
01-07 03:59:22.702  1271  1271 I zygote64: option[9]=-XX:HeapMinFree=512k
01-07 03:59:22.702  1271  1271 I zygote64: option[10]=-XX:HeapMaxFree=8m
01-07 03:59:22.702  1271  1271 I zygote64: option[11]=-XX:HeapTargetUtilization=0.75
01-07 03:59:22.702  1271  1271 I zygote64: option[12]=-Xusejit:true
01-07 03:59:22.702  1271  1271 I zygote64: option[13]=-Xjitsaveprofilinginfo
01-07 03:59:22.702  1271  1271 I zygote64: option[14]=-agentlib:jdwp=transport=dt_android_adb,suspend=n,server=y
01-07 03:59:22.702  1271  1271 I zygote64: option[15]=-Xlockprofthreshold:500
01-07 03:59:22.702  1271  1271 I zygote64: option[16]=-Ximage-compiler-option
01-07 03:59:22.702  1271  1271 I zygote64: option[17]=--runtime-arg
01-07 03:59:22.702  1271  1271 I zygote64: option[18]=-Ximage-compiler-option
01-07 03:59:22.702  1271  1271 I zygote64: option[19]=-Xms64m
01-07 03:59:22.702  1271  1271 I zygote64: option[20]=-Ximage-compiler-option
01-07 03:59:22.702  1271  1271 I zygote64: option[21]=--runtime-arg
01-07 03:59:22.702  1271  1271 I zygote64: option[22]=-Ximage-compiler-option
01-07 03:59:22.702  1271  1271 I zygote64: option[23]=-Xmx64m
01-07 03:59:22.702  1271  1271 I zygote64: option[24]=-Ximage-compiler-option
01-07 03:59:22.702  1271  1271 I zygote64: option[25]=--image-classes=/system/etc/preloaded-classes
01-07 03:59:22.702  1271  1271 I zygote64: option[26]=-Ximage-compiler-option
01-07 03:59:22.702  1271  1271 I zygote64: option[27]=--compiled-classes=/system/etc/compiled-classes
01-07 03:59:22.703  1271  1271 I zygote64: option[28]=-Xcompiler-option
01-07 03:59:22.703  1271  1271 I zygote64: option[29]=--runtime-arg
01-07 03:59:22.703  1271  1271 I zygote64: option[30]=-Xcompiler-option
01-07 03:59:22.703  1271  1271 I zygote64: option[31]=-Xms64m
01-07 03:59:22.703  1271  1271 I zygote64: option[32]=-Xcompiler-option
01-07 03:59:22.703  1271  1271 I zygote64: option[33]=--runtime-arg
01-07 03:59:22.703  1271  1271 I zygote64: option[34]=-Xcompiler-option
01-07 03:59:22.703  1271  1271 I zygote64: option[35]=-Xmx512m
01-07 03:59:22.703  1271  1271 I zygote64: option[36]=-Xcompiler-option
01-07 03:59:22.703  1271  1271 I zygote64: option[37]=-j2
01-07 03:59:22.703  1271  1271 I zygote64: option[38]=-Ximage-compiler-option
01-07 03:59:22.703  1271  1271 I zygote64: option[39]=-j4
01-07 03:59:22.703  1271  1271 I zygote64: option[40]=-Ximage-compiler-option
01-07 03:59:22.703  1271  1271 I zygote64: option[41]=--instruction-set-variant=generic
01-07 03:59:22.703  1271  1271 I zygote64: option[42]=-Xcompiler-option
01-07 03:59:22.703  1271  1271 I zygote64: option[43]=--instruction-set-variant=generic
01-07 03:59:22.703  1271  1271 I zygote64: option[44]=-Ximage-compiler-option
01-07 03:59:22.703  1271  1271 I zygote64: option[45]=--instruction-set-features=default
01-07 03:59:22.703  1271  1271 I zygote64: option[46]=-Xcompiler-option
01-07 03:59:22.703  1271  1271 I zygote64: option[47]=--instruction-set-features=default
01-07 03:59:22.703  1271  1271 I zygote64: option[48]=-Duser.locale=en-US
01-07 03:59:22.703  1271  1271 I zygote64: option[49]=--cpu-abilist=arm64-v8a
01-07 03:59:22.703  1271  1271 I zygote64: option[50]=-Xfingerprint:lge/p1_global_com/p1:8.0/NRD90U/171931902b165:user/release-keys
01-07 03:59:22.710  1278  1278 I Netd    : Creating child chains: 470.0ms
01-07 03:59:22.711  1278  1278 I Netd    : Setting up OEM hooks: 0.2ms
01-07 03:59:22.720  1278  1278 I Netd    : Setting up FirewallController hooks: 9.1ms
01-07 03:59:22.725  1278  1278 I Netd    : Setting up NatController hooks: 5.0ms
01-07 03:59:22.728  1278  1278 I Netd    : Setting up BandwidthController hooks: 2.9ms
01-07 03:59:22.728  1278  1278 I Netd    : Setting up IdletimerController hooks: 0.1ms
01-07 03:59:22.734  1278  1278 I Netd    : Disabling bandwidth control: 6.7ms
01-07 03:59:22.736  1278  1278 E Netd    : Error adding route 0.0.0.0/0 -> (null) dummy0 to table 1002: File exists
01-07 03:59:22.736  1278  1278 I Netd    : Initializing RouteController: 1.8ms
01-07 03:59:22.737  1278  1278 D MDnsDS  : MDnsSdListener::Hander starting up
01-07 03:59:22.738  1278  1278 I Netd    : Registering NetdNativeService: 1.2ms
01-07 03:59:22.739  1278  1278 I Netd    : Starting CommandListener: 0.2ms
01-07 03:59:22.739  1252  1252 D SurfaceFlinger: shader cache generated - 24 shaders in 324.027466 ms
01-07 03:59:22.741  1278  1347 D MDnsDS  : MDnsSdListener starting to monitor
01-07 03:59:22.741  1278  1278 I Netd    : Registering NetdHwService: 2.7ms
01-07 03:59:22.741  1278  1278 I Netd    : Netd started in 515ms
01-07 03:59:22.741  1278  1347 D MDnsDS  : Going to poll with pollCount 1
01-07 03:59:22.741  1252  1252 D SurfaceFlinger: Set power mode=2, type=0 flinger=0x7edc26d000
01-07 03:59:22.741  1252  1252 D qdhwcomposer: hwc_setPowerMode: Setting mode 2 on display: 0
01-07 03:59:22.742  1252  1294 I qdhwcomposer: handle_blank_event: dpy:0 panel power state: 1
01-07 03:59:22.742  1252  1252 E qdhdmi  : writeHPDOption: file write failed 'hpd'
01-07 03:59:22.742  1252  1252 D qdhwcomposer: hwc_setPowerMode: Done setting mode 2 on display 0
01-07 03:59:22.773  1252  1252 D qdutils : DEBUG_CALC_FPS: 0
01-07 03:59:22.773  1252  1252 D qdutils : period: 10
01-07 03:59:22.773  1252  1252 D qdutils : ignorethresh_us: 500000
01-07 03:59:22.858  1271  1271 I SamplingProfilerIntegration: Profiling disabled.
01-07 03:59:22.858  1271  1271 D Zygote  : begin preload
01-07 03:59:22.858  1271  1271 I Zygote  : Installing ICU cache reference pinning...
01-07 03:59:22.858  1271  1271 I Zygote  : Preloading ICU data...
01-07 03:59:22.867  1271  1271 D Zygote64Timing: BeginIcuCachePinning took to complete: 10ms
01-07 03:59:22.868  1271  1271 I Zygote  : Preloading classes...
01-07 03:59:22.959  1251  1251 I pm-proxy: type=1400 audit(0.0:823): avc: denied { call } for scontext=u:r:init:s0 tcontext=u:r:servicemanager:s0 tclass=binder permissive=1
01-07 03:59:22.961  1213  1213 E SELinux : avc:  denied  { find } for service=vendor.qcom.PeripheralManager pid=1251 uid=1000 scontext=u:r:init:s0 tcontext=u:object_r:default_android_service:s0 tclass=service_manager
01-07 03:59:22.962  1250  1263 D PerMgrSrv: modem state: is off-line, add client PM-PROXY-THREAD
01-07 03:59:22.962  1250  1263 D PerMgrSrv: PM-PROXY-THREAD registered
01-07 03:59:22.963  1251  1251 D PerMgrLib: PM-PROXY-THREAD successfully registered for modem
01-07 03:59:22.963  1251  1251 I PerMgrProxy: pm-proxy-thread Voting for internal modem
01-07 03:59:22.963  1251  1251 D PerMgrLib: PM-PROXY-THREAD voting for modem
01-07 03:59:22.963  1250  1264 D PerMgrSrv: PM-PROXY-THREAD voting for modem
01-07 03:59:22.963  1250  1264 D PerMgrSrv: modem new state: going on-line
01-07 03:59:22.963  1250  1264 D PerMgrSrv: modem num voters is 1
01-07 03:59:23.029   992  1055 E QMI_FW  : QMUXD: WARNING qmi_qmux_if_pwr_up_init failed! rc=-1
01-07 03:59:23.030   992  1055 I chatty  : uid=1000(system) /system/bin/time_daemon identical 2 lines
01-07 03:59:23.030   992  1055 E QMI_FW  : QMUXD: WARNING qmi_qmux_if_pwr_up_init failed! rc=-1
01-07 03:59:23.030   992  1055 E QC-time-services: Daemon:genoff_modem_qmi_service_request: qmi_client_get_service_list returned -2num_services 0
01-07 03:59:23.057  1271  1271 E ActivityRecognitionHardware: activity_recognition HAL is deprecated. class_init is effectively a no-op
01-07 03:59:23.070  1271  1271 I zygote64: Thread[1,tid=1271,Native,Thread*=0x7a418bea00,peer=0x77441ca8,"main"] recursive attempt to load library "/system/lib64/libmedia_jni.so"
01-07 03:59:23.070  1271  1271 D MtpDeviceJNI: register_android_mtp_MtpDevice
