08-25 17:58:12.351  6906 18315 I mm-camera: port dir 2 stream info ide 10002 type 1 dim 1920 x 1080 port 0xe950f7c0
08-25 17:58:12.352  6906 18315 I mm-camera: port 0xe950f7c0 ide 10002 type 1 dim 1920 1080
08-25 17:58:12.352  6906 18315 I mm-camera-isp2: i 0 hw_stream 1
08-25 17:58:12.353  6906 18315 I mm-camera-isp2: ide 10002 type 1 hw stream 0
08-25 17:58:12.354  6906 18315 I mm-camera: port dir 1 stream info ide 10002 type 1 dim 1920 x 1080 port 0xe950f820
08-25 17:58:12.354  6906 18315 E mm-camera: int_link = 0xe9515ea0
08-25 17:58:12.354  6906 18315 I mm-camera: pproc_port_add_modules_to_stream:433, linking mods tmod and afs
08-25 17:58:12.355  6906 18315 I mm-camera: pproc_port_add_modules_to_stream:433, linking mods afs and cpp
08-25 17:58:12.355  6906 18315 E mm-camera: module_afs_acquire_port:582] Port already reserved
08-25 17:58:12.356  6906 18315 E mm-camera: module_afs_port_check_caps_reserve:1452] Error acquiring port
08-25 17:58:12.356  6906 18315 I mm-camera: pproc_port_add_modules_to_stream:433, linking mods cpp and ezt
08-25 17:58:12.357  6906 18315 E mm-camera: pproc_port_add_modules_to_stream:454] X rc: 1
08-25 17:58:12.357  6906 18315 I mm-camera: port dir 1 stream info ide 10002 type 1 dim 1920 x 1080 port 0xe950f820
08-25 17:58:12.358  6906 18315 I mm-camera: port dir 1 stream info ide 10002 type 1 dim 1920 x 1080 port 0xe950f880
08-25 17:58:12.358  6906 18315 I mm-camera: port dir 1 stream info ide 10002 type 1 dim 1920 x 1080 port 0xe950f8e0
08-25 17:58:12.358  6906 18315 I mm-camera: port dir 1 stream info ide 10002 type 1 dim 1920 x 1080 port 0xe950f940
08-25 17:58:12.359  6906 18315 I mm-camera: port dir 1 stream info ide 10002 type 1 dim 1920 x 1080 port 0xe950f9a0
08-25 17:58:12.359  6906 18315 D mm-camera: mct: mct_pipeline_process_set: Linking successful for stream 0x10002 stream type=1
08-25 17:58:12.360  6906 18315 D mm-camera: mct: mct_pipeline_process_set:command=8000004
08-25 17:58:12.362  6906 18315 D mm-camera: mct: mct_pipeline_process_set:command=800000a
08-25 17:58:12.363  6906 18315 D mm-camera: mct: mct_pipeline_process_set: Adding new stream: id [03]
08-25 17:58:12.365  6906 18315 D mm-camera: mct: mct_pipeline_process_set:command=8000012
08-25 17:58:12.365  6906 18315 D mm-camera: mct: mct_stream_start_link: Start linking Callback stream 0x10003
08-25 17:58:12.366  6906 18315 I mm-camera: module_iface_set_mod_func: set module type = 8, identity 10003
08-25 17:58:12.366  6906 18315 I mm-camera: port dir 2 stream info ide 10003 type 5 dim 5312 x 2988 port 0xe950f7c0
08-25 17:58:12.366  6906 18315 I mm-camera: port 0xe950f7c0 ide 10003 type 5 dim 5312 2988
08-25 17:58:12.367  6906 18315 I mm-camera-isp2: i 1 hw_stream 1
08-25 17:58:12.367  6906 18315 I mm-camera-isp2: ide 10003 type 5 hw stream 1
08-25 17:58:12.368  6906 18315 I mm-camera: port dir 1 stream info ide 10003 type 5 dim 5312 x 2988 port 0xe950f820
08-25 17:58:12.368  6906 18315 I mm-camera: port dir 1 stream info ide 10003 type 5 dim 5312 x 2988 port 0xe950f880
08-25 17:58:12.369  6906 18315 E mm-camera: int_link = 0xe9515f60
08-25 17:58:12.369  6906 18315 I mm-camera: pproc_port_add_modules_to_stream:433, linking mods tmod and afs
08-25 17:58:12.370  6906 18315 I mm-camera: pproc_port_add_modules_to_stream:433, linking mods afs and cpp
08-25 17:58:12.370  6906 18315 E mm-camera: module_afs_acquire_port:582] Port already reserved
08-25 17:58:12.371  6906 18315 E mm-camera: module_afs_port_check_caps_reserve:1452] Error acquiring port
08-25 17:58:12.371  6906 18315 E mm-camera: module_afs_acquire_port:582] Port already reserved
08-25 17:58:12.371  6906 18315 E mm-camera: module_afs_port_check_caps_reserve:1452] Error acquiring port
08-25 17:58:12.372  6906 18315 I mm-camera: pproc_port_add_modules_to_stream:433, linking mods cpp and ezt
08-25 17:58:12.372  6906 18315 E mm-camera: pproc_port_add_modules_to_stream:454] X rc: 1
08-25 17:58:12.373  6906 18315 I mm-camera: port dir 1 stream info ide 10003 type 5 dim 5312 x 2988 port 0xe950f820
08-25 17:58:12.373  6906 18315 I mm-camera: port dir 1 stream info ide 10003 type 5 dim 5312 x 2988 port 0xe950f880
08-25 17:58:12.373  6906 18315 I mm-camera: port dir 1 stream info ide 10003 type 5 dim 5312 x 2988 port 0xe950f8e0
08-25 17:58:12.374  6906 18315 I mm-camera: port dir 1 stream info ide 10003 type 5 dim 5312 x 2988 port 0xe950f940
08-25 17:58:12.374  6906 18315 I mm-camera: port dir 1 stream info ide 10003 type 5 dim 5312 x 2988 port 0xe950f9a0
08-25 17:58:12.375  6906 18315 D mm-camera: mct: mct_pipeline_process_set: Linking successful for stream 0x10003 stream type=5
08-25 17:58:12.375  6906 18315 D mm-camera: mct: mct_pipeline_process_set:command=8000004
08-25 17:58:12.377  6906 18315 D mm-camera: mct: mct_pipeline_process_set:command=800000a
08-25 17:58:12.377  6906 18315 D mm-camera: mct: mct_pipeline_process_set: Adding new stream: id [04]
08-25 17:58:12.379  6906 18315 D mm-camera: mct: mct_pipeline_process_set:command=8000012
08-25 17:58:12.380  6906 18315 D mm-camera: mct: mct_stream_start_link: Starting Analysis stream linking
08-25 17:58:12.380  6906 18315 I mm-camera: module_iface_set_mod_func: set module type = 8, identity 10004
08-25 17:58:12.381  6906 18315 I mm-camera: port dir 2 stream info ide 10004 type 11 dim 640 x 480 port 0xe950f7c0
08-25 17:58:12.381  6906 18315 I mm-camera: port 0xe950f7c0 ide 10004 type 11 dim 640 480
08-25 17:58:12.381  6906 18315 I mm-camera-isp2: i 0 hw_stream 1
08-25 17:58:12.382  6906 18315 I mm-camera-isp2: ide 10004 type 11 hw stream 0
08-25 17:58:12.383  6906 18315 I mm-camera: port dir 1 stream info ide 10004 type 11 dim 640 x 480 port 0xe950f820
08-25 17:58:12.383  6906 18315 E mm-camera: int_link = 0xe9515ea0
08-25 17:58:12.384  6906 18315 E mm-camera: pproc_port_add_modules_to_stream:454] X rc: 1
08-25 17:58:12.384  6906 18315 D mm-camera: mct: mct_pipeline_process_set: Linking successful for stream 0x10004 stream type=11
08-25 17:58:12.385  6906 18315 D mm-camera: mct: mct_pipeline_process_set:command=8000004
08-25 17:58:12.418  6906 18315 D mm-camera: mct: mct_pipeline_process_set:command=8000008
08-25 17:58:12.419  6906 18315 D mm-camera: mct: mct_pipeline_process_set: STREAM-ON on stream 0x10004 stream type=11
08-25 17:58:12.419  6906 18315 E mm-camera-sensor: sensor_pick_fill_expected_data:410ex_w:5312, ex_h:2988,ex_mode:1, ex_fps:30.000000, ex_clk:0, ex_ar: 177
08-25 17:58:12.420  6906 18315 E mm-camera-sensor: sensor_pick_resolution:722 res_idx: 0
08-25 17:58:12.431  6906 18315 E mm-camera: sensor_set_resolution:2067send sesor mode command to sensor , res : 0
08-25 17:58:12.431  6906 18315 E mm-camera: sensor_get_resolution_info:3340full 5312 2988 out 5312 2988 offset 0 0 scale 1
08-25 17:58:12.432  6906 18315 E mm-camera-isp2: scaler44_check_hw_limit:561 Entry 1 y_cfg->hOut 5312 y_cfg->vOut 2988
08-25 17:58:12.433  6906 18315 E mm-camera: af_port_handle_sensor_update:2659  Depth_Err: actuator sensitivity: 0.000000 is invalid
08-25 17:58:12.433  6906 18308 E mm-camera-CORE: awb_set_parameters: param->u.camsensor_position=0
08-25 17:58:12.434  6906 18308 E mm-camera-CORE: aec_set_crop:333  aec_set_crop: Aec_Error: VFE crop info received is null
08-25 17:58:12.434  6906 18315 I mm-camera-isp2: isp version 44 af_kernel_size 2
08-25 17:58:12.435  6906 18315 E mm-camera: sensor_get_resolution_info:3340full 5312 2988 out 5312 2988 offset 0 0 scale 1
08-25 17:58:12.435  6906 18315 E mm-camera-sensor: af_actuator_set_params:359E
08-25 17:58:12.436  6906 18315 E mm-camera-sensor: sensor_sdk_util_get_kernel_i2c_data_type:40Invalid addr_type = 0
08-25 17:58:12.436  6906 18315 E mm-camera-sensor: sensor_sdk_util_get_kernel_i2c_addr_type:26Invalid addr_type = 0
08-25 17:58:12.438  6906 18308 E mm-camera-CORE: aec_set_parse_chromatix: Andy_Test sensor flag 5
08-25 17:58:12.439  6906 18308 E mm-camera-CORE: awb_set_parse_chromatix: Andy_Test sensor flag 5
08-25 17:58:12.440  6906 18315 I mm-camera-eztune: vendor/qcom/proprietary/mm-camera/mm-camera2/server-tuning/tuning/eztune_interface.cpp(340): "Create Server : 0xe5204400"
08-25 17:58:12.441  6906 18348 I mm-camera-eztune: vendor/qcom/proprietary/mm-camera/mm-camera2/server-tuning/tuning/eztune_interface.cpp(47): "Server: Waiting on new connection...\n"
08-25 17:58:12.442  6906 18315 I mm-camera-eztune: vendor/qcom/proprietary/mm-camera/mm-camera2/server-tuning/tuning/eztune_interface.cpp(340): "Create Server : 0xe5204480"
08-25 17:58:12.442  6906 18315 E mm-camera: af_port_send_af_checksum_to_module_sensor
08-25 17:58:12.443  6906 18349 I mm-camera-eztune: vendor/qcom/proprietary/mm-camera/mm-camera2/server-tuning/tuning/eztune_interface.cpp(47): "Server: Waiting on new connection...\n"
08-25 17:58:12.443  6906 18315 E mm-camera-sensor: port_sensor_handle_upstream_module_event:1588MCT_EVENT_MODULE_AF_CHECKSUM_EVENT, af_checksum_ok 1
08-25 17:58:12.444  6906 18309 E mm-camera: af_config_lgaf_cal_e2p_cal_to_fit_90degree, actuator type=5, pos_diff_zero_to_nine = 0
08-25 17:58:12.444  6906 18315 E mm-camera-isp2: mesh_rolloff44_set_parm_tintless:3577 <tintless_dbg> 0
08-25 17:58:12.445  6906 18309 E mm-camera: af_config_lgaf_cal_e2p_cal_to_fit_90degree, 90 degree starting_dac = 350, infinity_dac = 0, macro_dac = 350
08-25 17:58:12.446  6906 18315 E mm-camera-isp2: mesh_rolloff44_request_stats_type:3839 1 0
08-25 17:58:12.446  6906 18309 E mm-camera: [ACCEL_SENSOR_USE_AF_DEBUG] af_set_init_data: accel [#not#] enable
08-25 17:58:12.447  6906 18309 E mm-camera: af_set_init_data: property_get: persist.camera.af.data 335
08-25 17:58:12.447  6906 18315 I mm-camera-isp2: enable_stats_mask d98
08-25 17:58:12.447  6906 18315 I mm-camera-isp2: dual_dbg stream type 1, AXI_SRC = 1 (ENC 0/ View 1/Camif 2/Ideal 3/Rdi 456)
08-25 17:58:12.448  6906 18315 E mm-camera-isp2: scaler44_handle_isp_private_event:1599 failed: invalid private event 16
08-25 17:58:12.448  6906 18315 I mm-camera-isp2: dual_dbg stream type 11, AXI_SRC = 1 (ENC 0/ View 1/Camif 2/Ideal 3/Rdi 456)
08-25 17:58:12.450  6906 18315 E mm-camera-isp2: scaler44_handle_isp_private_event:1599 failed: invalid private event 16
08-25 17:58:12.451  6906 18315 I mm-camera-isp2: dual_dbg stream type 5, AXI_SRC = 0 (ENC 0/ View 1/Camif 2/Ideal 3/Rdi 456)
08-25 17:58:12.451  6906 18315 E mm-camera-isp2: scaler44_handle_isp_private_event:1599 failed: invalid private event 16
08-25 17:58:12.452  6906 18309 E mm-camera: af_util_cur_pos_after_lens_move: After move: FV: 0 CurPosition: 350
08-25 17:58:12.453  6906 18315 E mm-camera: iface_util_io_cfg: 6428is_split 0
08-25 17:58:12.455  6906 18315 I mm-camera-isp2: isp version 44 af_kernel_size 2
08-25 17:58:12.457  6906 18315 E mm-camera-isp2: scaler44_handle_isp_private_event:1599 failed: invalid private event 17
08-25 17:58:12.457  6906 18315 E mm-camera-isp2: scaler44_handle_isp_private_event:1599 failed: invalid private event 17
08-25 17:58:12.458  6906 18315 E mm-camera-isp2: bpc44_run_abcc_algo:212 No defective pixels set by sensor event
08-25 17:58:12.458  6906 18315 E mm-camera-isp2: isp_sub_module_port_process_downstream_ctrl_event:946 failed: mct event 1 int_event 0
08-25 17:58:12.460  6906 18315 E mm-camera: af_port_restart_proxy_value
08-25 17:58:12.460  6906 18315 E mm-camera-sensor: sensor_proxy_thread_restart:231enter
08-25 17:58:12.461  6906 18315 E mm-camera-sensor: port_sensor_handle_upstream_module_event:1569PROXY_THREAD_RESTART OK
08-25 17:58:12.461  6906 18315 E mm-camera-sensor:
08-25 17:58:12.461  6906 18315 E mm-camera-sensor: proxy_thread_start:274p_thread, enter
08-25 17:58:12.462  6906 18315 E mm-camera-sensor: proxy_thread_start:281p_thread,end
08-25 17:58:12.462  6906 18315 E mm-camera-img: faceproc_comp_get_param:299] Error
08-25 17:58:12.462  6906 18315 E mm-camera: module_faceproc_client_use_int_bufs:792] rc -4
08-25 17:58:12.464  6906 18315 F libc    : Fatal signal 11 (SIGSEGV), code 1 (SEGV_MAPERR), fault addr 0x24 in tid 18315 (mm-qcamera-daem), pid 6906 (mm-qcamera-daem)
08-25 17:58:12.520 18355 18355 I crash_dump32: obtaining output fd from tombstoned, type: kDebuggerdTombstone
08-25 17:58:12.521   755   755 I /system/bin/tombstoned: received crash request for pid 18315
08-25 17:58:12.522 18355 18355 I crash_dump32: performing dump of process 6906 (target tid = 18315)
08-25 17:58:12.540 18355 18355 F DEBUG   : *** *** *** *** *** *** *** *** *** *** *** *** *** *** *** ***
08-25 17:58:12.541 18355 18355 F DEBUG   : LineageOS Version: '17.1-20200825-UNOFFICIAL-h815'
08-25 17:58:12.541 18355 18355 F DEBUG   : Build fingerprint: 'lge/p1_global_com/p1:6.0/MRA58K/152940055675e:user/release-keys'
08-25 17:58:12.542 18355 18355 F DEBUG   : Revision: '0'
08-25 17:58:12.543 18355 18355 F DEBUG   : ABI: 'arm'
08-25 17:58:12.544 18355 18355 F DEBUG   : Timestamp: 2020-08-25 17:58:12+0300
08-25 17:58:12.544 18355 18355 F DEBUG   : pid: 6906, tid: 18315, name: mm-qcamera-daem  >>> /vendor/bin/mm-qcamera-daemon <<<
08-25 17:58:12.545 18355 18355 F DEBUG   : uid: 1006
08-25 17:58:12.546 18355 18355 F DEBUG   : signal 11 (SIGSEGV), code 1 (SEGV_MAPERR), fault addr 0x24
08-25 17:58:12.546 18355 18355 F DEBUG   : Cause: null pointer dereference
08-25 17:58:12.547 18355 18355 F DEBUG   :     r0  dddfb3c0  r1  00008204  r2  00000000  r3  00000060
08-25 17:58:12.547 18355 18355 F DEBUG   :     r4  dddfbe38  r5  00000001  r6  e94c61a0  r7  00000001
08-25 17:58:12.547 18355 18355 F DEBUG   :     r8  00000000  r9  e94ba000  r10 00000002  r11 dddfb3c0
08-25 17:58:12.548 18355 18355 F DEBUG   :     ip  00000000  sp  dddfb360  lr  e661201b  pc  e661202c
08-25 17:58:12.551 18355 18355 F DEBUG   :
08-25 17:58:12.551 18355 18355 F DEBUG   : backtrace:
08-25 17:58:12.552 18355 18355 F DEBUG   :       #00 pc 0000902c  /system/vendor/lib/libmmcamera2_isp_modules.so (isp_handler_control_streamon+1376) (BuildId: a4f781ac8558c8bc0c8b11d45bd8d7f1)
08-25 17:58:12.552 18355 18355 F DEBUG   :       #01 pc 00007891  /system/vendor/lib/libmmcamera2_isp_modules.so (BuildId: a4f781ac8558c8bc0c8b11d45bd8d7f1)
08-25 17:58:12.553 18355 18355 F DEBUG   :       #02 pc 000147b7  /system/vendor/lib/libmmcamera2_iface_modules.so (BuildId: 46cf1de9414f7522c7008dde4314f6f1)
08-25 17:58:12.553 18355 18355 F DEBUG   :       #03 pc 00006457  /system/vendor/lib/liboemcamera.so (mct_list_traverse+32) (BuildId: ef8fcf0aaf9e471d92a6a3c21e51daa1)
08-25 17:58:12.554 18355 18355 F DEBUG   :       #04 pc 00006877  /system/vendor/lib/libmmcamera2_iface_modules.so (BuildId: 46cf1de9414f7522c7008dde4314f6f1)
08-25 17:58:12.555 18355 18355 F DEBUG   :       #05 pc 0000772f  /system/vendor/lib/libmmcamera2_iface_modules.so (iface_streamon_to_thread+138) (BuildId: 46cf1de9414f7522c7008dde4314f6f1)
08-25 17:58:12.555 18355 18355 F DEBUG   :       #06 pc 00014d2d  /system/vendor/lib/libmmcamera2_iface_modules.so (BuildId: 46cf1de9414f7522c7008dde4314f6f1)
08-25 17:58:12.556 18355 18355 F DEBUG   :       #07 pc 0001699d  /system/vendor/lib/libmmcamera2_sensor_modules.so (BuildId: 9225e43c70a075f82a5b7e4a371321f7)
08-25 17:58:12.556 18355 18355 F DEBUG   :       #08 pc 00006457  /system/vendor/lib/liboemcamera.so (mct_list_traverse+32) (BuildId: ef8fcf0aaf9e471d92a6a3c21e51daa1)
08-25 17:58:12.557 18355 18355 F DEBUG   :       #09 pc 0000de0d  /system/vendor/lib/libmmcamera2_sensor_modules.so (module_sensor_stream_on+4508) (BuildId: 9225e43c70a075f82a5b7e4a371321f7)
08-25 17:58:12.557 18355 18355 F DEBUG   :       #10 pc 00016f15  /system/vendor/lib/libmmcamera2_sensor_modules.so (port_sensor_handle_stream_on+24) (BuildId: 9225e43c70a075f82a5b7e4a371321f7)
08-25 17:58:12.558 18355 18355 F DEBUG   :       #11 pc 00010f45  /system/vendor/lib/libmmcamera2_sensor_modules.so (BuildId: 9225e43c70a075f82a5b7e4a371321f7)
08-25 17:58:12.558 18355 18355 F DEBUG   :       #12 pc 00010aad  /system/vendor/lib/liboemcamera.so (BuildId: ef8fcf0aaf9e471d92a6a3c21e51daa1)
08-25 17:58:12.559 18355 18355 F DEBUG   :       #13 pc 0000c071  /system/vendor/lib/liboemcamera.so (BuildId: ef8fcf0aaf9e471d92a6a3c21e51daa1)
08-25 17:58:12.559 18355 18355 F DEBUG   :       #14 pc 00009e21  /system/vendor/lib/liboemcamera.so (BuildId: ef8fcf0aaf9e471d92a6a3c21e51daa1)
08-25 17:58:12.559 18355 18355 F DEBUG   :       #15 pc 0000532d  /system/vendor/lib/liboemcamera.so (BuildId: ef8fcf0aaf9e471d92a6a3c21e51daa1)
08-25 17:58:12.560 18355 18355 F DEBUG   :       #16 pc 000a6b83  /apex/com.android.runtime/lib/bionic/libc.so (__pthread_start(void*)+20) (BuildId: be2954ec495707bc280c21e0cf2919f2)
08-25 17:58:12.560 18355 18355 F DEBUG   :       #17 pc 00060723  /apex/com.android.runtime/lib/bionic/libc.so (__start_thread+30) (BuildId: be2954ec495707bc280c21e0cf2919f2)
08-25 17:58:12.654   971  1393 E LocSvc_eng: E/Calling gnss_sv_status_cb
08-25 17:58:12.656   971  1393 I GnssHAL_GnssInterface: updateWakelock: GNSS HAL Wakelock acquired due to gps: 1, fused: 0
08-25 17:58:12.658   971  1393 I GnssHAL_GnssInterface: updateWakelock: GNSS HAL Wakelock released
08-25 17:58:12.659   971  1393 I GnssHAL_GnssInterface: updateWakelock: GNSS HAL Wakelock acquired due to gps: 1, fused: 0
08-25 17:58:12.660   971  1393 I GnssHAL_GnssInterface: updateWakelock: GNSS HAL Wakelock released
08-25 17:58:12.879   971  1293 W NativeCrashListener: Couldn't find ProcessRecord for pid 6906
08-25 17:58:12.880 18355 18355 E crash_dump32: AM data write failed: Broken pipe
08-25 17:58:12.882   755   755 E /system/bin/tombstoned: Tombstone written to: /data/tombstones/tombstone_46
08-25 17:58:12.895   971  1042 I BootReceiver: Copying /data/tombstones/tombstone_46 to DropBox (SYSTEM_TOMBSTONE)
08-25 17:58:12.899   971  1042 I DropBoxManagerService: add tag=SYSTEM_TOMBSTONE isTagEnabled=true flags=0x2
08-25 17:58:13.653   971  1393 E LocSvc_eng: E/Calling gnss_sv_status_cb
08-25 17:58:13.654   971  1393 I GnssHAL_GnssInterface: updateWakelock: GNSS HAL Wakelock acquired due to gps: 1, fused: 0
08-25 17:58:13.655   971  1393 I GnssHAL_GnssInterface: updateWakelock: GNSS HAL Wakelock released
08-25 17:58:13.656   971  1393 I GnssHAL_GnssInterface: updateWakelock: GNSS HAL Wakelock acquired due to gps: 1, fused: 0
08-25 17:58:13.657   971  1393 I GnssHAL_GnssInterface: updateWakelock: GNSS HAL Wakelock released
08-25 17:58:13.721 18365 18365 I mm-camera: server_process_module_init:59, int mods
08-25 17:58:13.722 18365 18365 E mm-camera-sensor: eebin_read:387failed!
08-25 17:58:13.723 18365 18365 E mm-camera-sensor: eebin_read:387failed!
08-25 17:58:13.723 18365 18365 E mm-camera-sensor: sensor_init_probe:475failed: to oribe eeprom bin sensors
08-25 17:58:13.724 18365 18365 E mm-camera-sensor: add_external_sensor:109NO external sensor lib: no external path
08-25 17:58:13.725 18365 18365 E mm-camera-sensor: sensor_probe:270failed: to load
08-25 17:58:13.726 18365 18365 E mm-camera-sensor: sensor_util_match_sensor_lib_name:1965s_bundle sensor_lib_name imx234 sensor_name t4ka3
08-25 17:58:13.726 18365 18365 E mm-camera: module_sensor_find_other_subdev:7773subdev_name /dev/v4l-subdev0 subdev id 0
08-25 17:58:13.727 18365 18365 E mm-camera: module_sensor_find_other_subdev:7773subdev_name /dev/v4l-subdev1 subdev id 1
08-25 17:58:13.727 18365 18365 E mm-camera: module_sensor_find_other_subdev:7773subdev_name /dev/v4l-subdev2 subdev id 2
08-25 17:58:13.728 18365 18365 E mm-camera: module_sensor_find_other_subdev:7773subdev_name /dev/v4l-subdev3 subdev id 0
08-25 17:58:13.728 18365 18365 E mm-camera: module_sensor_find_other_subdev:7773subdev_name /dev/v4l-subdev4 subdev id 1
08-25 17:58:13.729 18365 18365 E mm-camera: module_sensor_find_other_subdev:7773subdev_name /dev/v4l-subdev5 subdev id 2
08-25 17:58:13.729 18365 18365 E mm-camera: module_sensor_find_other_subdev:7773subdev_name /dev/v4l-subdev6 subdev id 3
08-25 17:58:13.730 18365 18365 E mm-camera: module_sensor_find_other_subdev:7773subdev_name /dev/v4l-subdev7 subdev id 1
08-25 17:58:13.730 18365 18365 E mm-camera: module_sensor_find_other_subdev:7773subdev_name /dev/v4l-subdev8 subdev id 0
08-25 17:58:13.730 18365 18365 E mm-camera: module_sensor_find_other_subdev:7799SUB_MODULE_LED_FLASH subdev_name /dev/v4l-subdev8 subdev_id 0
08-25 17:58:13.731 18365 18365 E mm-camera: module_sensor_find_other_subdev:7773subdev_name /dev/v4l-subdev9 subdev id 0
08-25 17:58:13.731 18365 18365 E mm-camera: module_sensor_find_other_subdev:7773subdev_name /dev/v4l-subdev10 subdev id 2
08-25 17:58:13.732 18365 18365 E mm-camera: module_sensor_find_other_subdev:7773subdev_name /dev/v4l-subdev11 subdev id 0
08-25 17:58:13.733 18365 18365 E mm-camera: module_sensor_find_other_subdev:7773subdev_name /dev/v4l-subdev12 subdev id 998
08-25 17:58:13.734 18365 18365 E mm-camera: module_sensor_find_other_subdev:7773subdev_name /dev/v4l-subdev13 subdev id 997
08-25 17:58:13.761 18365 18365 E mm-camera-isp2: module_chroma_enhan40_init:90 name chroma_enhan40
08-25 17:58:13.764 18365 18365 E mm-camera-isp2: module_color_correct40_init:104 name color_correct40
08-25 17:58:13.766 18365 18365 E mm-camera-isp2: module_luma_adaptation40_init:87 name luma_adaptation40
08-25 17:58:13.781 18365 18365 E mm-camera-isp2: module_chroma_enhan40_init:90 name chroma_enhan40
08-25 17:58:13.782 18365 18365 E mm-camera-isp2: module_color_correct40_init:104 name color_correct40
08-25 17:58:13.783 18365 18365 E mm-camera-isp2: module_luma_adaptation40_init:87 name luma_adaptation40
08-25 17:58:13.785 18365 18365 E mm-camera-isp2: isp_resource_gen_hws_caps:3631 i 0 isp id 0
08-25 17:58:13.786 18365 18365 E mm-camera-isp2: isp_resource_gen_hws_caps:3631 i 1 isp id 1
08-25 17:58:13.786 18365 18365 E mm-camera-isp2: module_isp_init:565 module 0xed38e1a0
08-25 17:58:13.842 18365 18365 E mm-camera: vpe_module_init:26 name=vpe
08-25 17:58:13.844 18365 18365 E mm-camera: vpe_hardware_find_subdev:719: entity.name=video0 entity.revision=0
08-25 17:58:13.844 18365 18365 E mm-camera: vpe_hardware_find_subdev:719: entity.name=msm_cci entity.revision=0
08-25 17:58:13.845 18365 18365 E mm-camera: vpe_hardware_find_subdev:719: entity.name=v4l-subdev0 entity.revision=0
08-25 17:58:13.845 18365 18365 E mm-camera: vpe_hardware_find_subdev:719: entity.name=v4l-subdev1 entity.revision=0
08-25 17:58:13.846 18365 18365 E mm-camera: vpe_hardware_find_subdev:719: entity.name=v4l-subdev2 entity.revision=0
08-25 17:58:13.846 18365 18365 E mm-camera: vpe_hardware_find_subdev:719: entity.name=v4l-subdev3 entity.revision=0
08-25 17:58:13.847 18365 18365 E mm-camera: vpe_hardware_find_subdev:719: entity.name=v4l-subdev4 entity.revision=0
08-25 17:58:13.847 18365 18365 E mm-camera: vpe_hardware_find_subdev:719: entity.name=v4l-subdev5 entity.revision=0
08-25 17:58:13.848 18365 18365 E mm-camera: vpe_hardware_find_subdev:719: entity.name=v4l-subdev6 entity.revision=0
08-25 17:58:13.848 18365 18365 E mm-camera: vpe_hardware_find_subdev:719: entity.name=v4l-subdev7 entity.revision=0
08-25 17:58:13.850 18365 18365 E mm-camera: vpe_hardware_find_subdev:719: entity.name=v4l-subdev8 entity.revision=0
08-25 17:58:13.851 18365 18365 E mm-camera: vpe_hardware_find_subdev:719: entity.name=v4l-subdev9 entity.revision=0
08-25 17:58:13.852 18365 18365 E mm-camera: vpe_hardware_find_subdev:719: entity.name=v4l-subdev10 entity.revision=0
08-25 17:58:13.853 18365 18365 E mm-camera: vpe_hardware_find_subdev:719: entity.name=v4l-subdev11 entity.revision=0
08-25 17:58:13.854 18365 18365 E mm-camera: vpe_hardware_find_subdev:719: entity.name=v4l-subdev12 entity.revision=0
08-25 17:58:13.855 18365 18365 E mm-camera: vpe_hardware_find_subdev:719: entity.name=v4l-subdev13 entity.revision=0
08-25 17:58:13.856 18365 18365 E mm-camera: vpe_hardware_find_subdev:719: entity.name=v4l-subdev14 entity.revision=0
08-25 17:58:13.856 18365 18365 E mm-camera: vpe_hardware_find_subdev:719: entity.name=v4l-subdev15 entity.revision=0
08-25 17:58:13.857 18365 18365 E mm-camera: vpe_hardware_find_subdev:719: entity.name=v4l-subdev16 entity.revision=0
08-25 17:58:13.858 18365 18365 E mm-camera: vpe_hardware_find_subdev:719: entity.name=v4l-subdev17 entity.revision=17
08-25 17:58:13.859 18365 18365 E mm-camera: vpe_hardware_find_subdev:719: entity.name=v4l-subdev18 entity.revision=0
08-25 17:58:13.860 18365 18365 E mm-camera: vpe_hardware_find_subdev:719: entity.name=v4l-subdev19 entity.revision=0
08-25 17:58:13.861 18365 18365 E mm-camera: vpe_hardware_find_subdev:719: entity.name=v4l-subdev20 entity.revision=0
08-25 17:58:13.861 18365 18365 E mm-camera: vpe_hardware_find_subdev:719: entity.name=v4l-subdev21 entity.revision=0
08-25 17:58:13.862 18365 18365 E mm-camera: vpe_hardware_find_subdev:714: done enumerating media entities
08-25 17:58:13.863 18365 18365 E mm-camera: vpe_hardware_find_subdev:719: entity.name=video1 entity.revision=0
08-25 17:58:13.864 18365 18365 E mm-camera: vpe_hardware_find_subdev:714: done enumerating media entities
08-25 17:58:13.865 18365 18365 E mm-camera: vpe_hardware_find_subdev:719: entity.name=video2 entity.revision=0
08-25 17:58:13.866 18365 18365 E mm-camera: vpe_hardware_find_subdev:714: done enumerating media entities
08-25 17:58:13.867 18365 18365 E mm-camera: vpe_hardware_find_subdev:686: no more media devices
08-25 17:58:13.867 18365 18365 E mm-camera: vpe_hardware_find_subdev:731: no vpe device found.
08-25 17:58:13.868 18365 18365 E mm-camera: vpe_hardware_create:31: error: cannot find vpe subdev
08-25 17:58:13.869 18365 18365 E mm-camera: vpe_module_create_vpe_ctrl:141, failed, cannnot create vpe hardware instance
08-25 17:58:13.870 18365 18365 E mm-camera: vpe_module_init:34 failed
08-25 17:58:13.871 18365 18365 E mm-camera-vpu: vpu_module_init:54, INFO name=vpu
08-25 17:58:13.872 18365 18365 E mm-camera-pp: [INFO] base_module_init:142, name=tmod
08-25 17:58:13.875 18365 18365 E mm-camera-pp: [INFO] base_module_init:142, name=ezt
08-25 17:58:13.940 18365 18365 I mm-camera: < INFO> 420: void init(): memleak lib init.
08-25 17:58:13.940 18365 18365 I mm-camera: < INFO> 439: void init(): memleak tracer not attached
08-25 17:58:13.956 18365 18365 E mm-camera-img: frameproc_comp_load_fn_ptrs:880] Warning linking img_algo_frame_ind
08-25 17:58:13.957 18365 18365 E mm-camera-img: frameproc_comp_load_fn_ptrs:887] Warning linking img_algo_meta_ind
08-25 17:58:13.957 18365 18365 E mm-camera-img: frameproc_comp_load_fn_ptrs:894] Warning linking img_algo_set_frame_ops
08-25 17:58:13.958 18365 18365 E mm-camera: module_cac_init:1961] CAC disabled rc 0
08-25 17:58:13.958 18365 18365 E mm-camera: pproc_module_init:2812 num_sub_mods:6
08-25 17:58:13.959 18365 18365 E mm-camera-img: Can not discover face-detect device
08-25 17:58:13.960 18365 18365 E mm-camera-img: Can not find device name
08-25 17:58:13.960 18365 18365 E mm-camera-img: faceproc_dsp_comp_load:1225] E
08-25 17:58:13.960 18365 18365 E mm-camera: module_faceproc_init:2392] HW or DSP FD not available switch to SW
08-25 17:58:13.965 18365 18365 E mm-camera-img: hdr_comp_reload_lib:1315] Error linking hdrSingleFrameCore
08-25 17:58:13.966 18365 18365 E hdr     : module_hdr_lib_query_mod:181] Supported scenemode cnt 1
08-25 17:58:13.977 18365 18365 E mm-camera-img: frameproc_comp_load_fn_ptrs:880] Warning linking img_algo_frame_ind
08-25 17:58:13.978 18365 18365 E mm-camera-img: frameproc_comp_load_fn_ptrs:887] Warning linking img_algo_meta_ind
08-25 17:58:13.978 18365 18365 E mm-camera-img: img_dsp_dlopen:127] NOT FOUND llvd
08-25 17:58:13.984 18365 18365 E mm-camera-img: frameproc_comp_load_fn_ptrs:880] Warning linking img_algo_frame_ind
08-25 17:58:13.984 18365 18365 E mm-camera-img: frameproc_comp_load_fn_ptrs:887] Warning linking img_algo_meta_ind
08-25 17:58:13.985 18365 18365 E mm-camera-img: img_dsp_dlopen:127] NOT FOUND llvd
08-25 17:58:13.996 18365 18365 E mm-camera-img: frameproc_comp_load_fn_ptrs:887] Warning linking img_algo_meta_ind
08-25 17:58:13.997 18365 18365 E mm-camera-img: img_dsp_dlopen:127] NOT FOUND llvd
08-25 17:58:13.998 18365 18365 E mm-camera-img: frameproc_comp_load_fn_ptrs:887] Warning linking img_algo_meta_ind
08-25 17:58:13.998 18365 18365 E mm-camera-img: img_dsp_dlopen:127] NOT FOUND llvd
08-25 17:58:14.004 18365 18365 E mm-camera-img: frameproc_comp_load_fn_ptrs:880] Warning linking img_algo_frame_ind
08-25 17:58:14.005 18365 18365 E mm-camera-img: frameproc_comp_load_fn_ptrs:887] Warning linking img_algo_meta_ind
08-25 17:58:14.006 18365 18365 E mm-camera-img: img_dsp_dlopen:127] NOT FOUND llvd
08-25 17:58:14.008 18365 18365 E mm-camera-img: frameproc_comp_load_fn_ptrs:887] Warning linking img_algo_meta_ind
08-25 17:58:14.008 18365 18365 E mm-camera-img: img_dsp_dlopen:127] NOT FOUND llvd
