08-04 17:30:24.117  6358  6358 E mm-camera: Interleaved flag is 0, identity 65551 port type 0
08-04 17:30:24.117  6358  6358 I mm-camera: pproc_port_add_modules_to_stream:433, linking mods cpp and afs
08-04 17:30:24.118  6358  6358 I mm-camera: pproc_port_add_modules_to_stream:433, linking mods afs and llvd
08-04 17:30:24.119  6358  6358 I mm-camera: pproc_port_add_modules_to_stream:433, linking mods llvd and ezt
08-04 17:30:24.119  6358  7026 E mm-camera: ois_thread:239done : ois initialization
08-04 17:30:24.119  6358  6358 E mm-camera: pproc_port_add_modules_to_stream:454] X rc: 1
08-04 17:30:24.120  6358  6358 I mm-camera: port dir 1 stream info ide 1000f type 10 dim 0 x 0 port 0xeebb6820
08-04 17:30:24.120  6358  6358 I mm-camera: port dir 1 stream info ide 1000f type 10 dim 0 x 0 port 0xeebb6880
08-04 17:30:24.121  6358  6358 I mm-camera: port dir 1 stream info ide 1000f type 10 dim 0 x 0 port 0xeebb68e0
08-04 17:30:24.121  6358  6358 I mm-camera: port dir 1 stream info ide 1000f type 10 dim 0 x 0 port 0xeebb6940
08-04 17:30:24.121  6358  6358 I mm-camera: port dir 1 stream info ide 1000f type 10 dim 0 x 0 port 0xeebb69a0
08-04 17:30:24.126  6358  6358 D mm-camera: mct: mct_pipeline_process_set: Linking successful for stream 0x1000f stream type=10
08-04 17:30:24.139  6955  6993 I CAM_Profiler: [393.273ms] GUARD: CaptureModule.openCameraAndStartPreview() - [392.141ms] mOneCameraOpener.open()
08-04 17:30:24.139  6955  6993 I CAM_Profiler: [393.273ms] GUARD: CaptureModule.openCameraAndStartPreview() - STOP
08-04 17:30:24.141  6955  6986 I CAM_OneCamCreator: Camera support level: LIMITED_YUV
08-04 17:30:24.156  6955  6986 I CAM_OneCamCreator: Picture Size Configuration: PictureSizeCalculator.Configuration{native size=5312x2988, crop=Rect(0, 0 - 5312, 2988)}
08-04 17:30:24.174  6955  6986 D CAM_CaptureModule: onCameraOpened: com.android.camera.one.v2.initialization.GenericOneCameraImpl@8672abc
08-04 17:30:24.176  6955  6986 D CAM_CaptureModule: starting preview ...
08-04 17:30:24.178   947  1920 E LocSvc_ApiV02: I/<--- void globalEventCb(locClientHandleType, uint32_t, const locClientEventIndUnionType, void *) line 107 QMI_LOC_EVENT_POSITION_REPORT_IND_V02
08-04 17:30:24.189  5277  6350 W CameraDeviceClient: createSurfaceFromGbp: Camera 0 with consumer usage flag: 256: Forcing asynchronous mode for stream
08-04 17:30:24.190   947  1920 E LocSvc_ApiV02: I/<--- void globalEventCb(locClientHandleType, uint32_t, const locClientEventIndUnionType, void *) line 107 QMI_LOC_EVENT_ENGINE_STATE_IND_V02
08-04 17:30:24.190  5277  6350 W CameraDeviceClient: createSurfaceFromGbp: Camera 0: Overriding format 0x1 to IMPLEMENTATION_DEFINED
08-04 17:30:24.191   947  1464 E LocSvc_eng: I/<=== status_cb line 2229 GPS_STATUS_ENGINE_ON
08-04 17:30:24.192   947  1464 E LocSvc_eng: I/<=== status_cb line 2229 GPS_STATUS_SESSION_BEGIN
08-04 17:30:24.194  6955  6955 W CAM_IndicatorIconCtrlr: Trying to sync a pano indicator that is not initialized.
08-04 17:30:24.195  5277  6351 I QCamera3HWI: int qcamera::QCamera3HardwareInterface::configureStreams(camera3_stream_configuration_t*): Limited maxViewfinderSize to 2047x1536
08-04 17:30:24.195  5277  6351 I QCamera3HWI: int qcamera::QCamera3HardwareInterface::configureStreams(camera3_stream_configuration_t*): stream[0] type = 0, format = 35, width = 5312, height = 2988
08-04 17:30:24.196  5277  6351 I QCamera3HWI: int qcamera::QCamera3HardwareInterface::configureStreams(camera3_stream_configuration_t*): stream[1] type = 0, format = 34, width = 1920, height = 1080
08-04 17:30:24.200  6358  7050 D mm-camera: mct: mct_pipeline_process_set:command=800000a
08-04 17:30:24.201  6358  7050 D mm-camera: mct: mct_pipeline_process_set: Adding new stream: id [01]
08-04 17:30:24.203  6358  7050 D mm-camera: mct: mct_pipeline_process_set:command=8000012
08-04 17:30:24.204  6358  7050 D mm-camera: mct: mct_stream_start_link: Link Metadata stream 0x10001: do nothing 
08-04 17:30:24.205  6358  7050 D mm-camera: mct: mct_pipeline_process_set: Linking successful for stream 0x10001 stream type=7
08-04 17:30:24.205  5277  6351 E mm-camera-intf: mm_stream_get_v4l2_fmt: Unknown fmt=100
08-04 17:30:24.206  6358  7050 D mm-camera: mct: mct_pipeline_process_set:command=8000004
08-04 17:30:24.206  5277  6351 E Camera3-Device: configureStreams: Stream 0: DataSpace override not allowed for format 0x23
08-04 17:30:24.212  5277  6351 D Camera3-Device: Set real time priority for request queue thread (tid 7055)
08-04 17:30:24.224  6955  6986 V CAM_SettingsManager: listeners: [com.android.camera.CameraActivity@5ea19db, com.android.camera.app.CameraAppUI@8fe7085, com.android.camera.ButtonManager@c95cea6, com.android.camera.widget.IndicatorIconController@ca9b494, com.android.camera.settings.SettingObserver$Listener@ed7ff6d]
08-04 17:30:24.225  6955  6986 V CAM_SettingsManager: listeners: [com.android.camera.CameraActivity@5ea19db, com.android.camera.app.CameraAppUI@8fe7085, com.android.camera.ButtonManager@c95cea6, com.android.camera.widget.IndicatorIconController@ca9b494, com.android.camera.settings.SettingObserver$Listener@ed7ff6d, com.android.camera.settings.SettingObserver$Listener@7156c33]
08-04 17:30:24.231  6955  7062 D CAM_CommandExecutor: Executing command: com.android.camera.one.v2.commands.PreviewCommand@5282eab START
08-04 17:30:24.232  6955  6955 D CAM_CaptureModule: Ready for capture.
08-04 17:30:24.233  6955  6955 V CAM_CameraAppUI: onPreviewStarted
08-04 17:30:24.240  6955  7062 D CAM_CommandExecutor: Executing command: com.android.camera.one.v2.commands.PreviewCommand@5282eab END
08-04 17:30:24.241   364   364 I hwservicemanager: getTransport: Cannot find entry android.hardware.graphics.allocator@3.0::IAllocator/default in either framework or device manifest.
08-04 17:30:24.243  6955  6973 W Gralloc3: allocator 3.x is not supported
08-04 17:30:24.245  6955  6973 I Gralloc2: Adding additional valid usage bits: 0x2202400
08-04 17:30:24.251  5277  7055 W Gralloc3: mapper 3.x is not supported
08-04 17:30:24.264  6358  7050 E mm-camera: sensor_set_frame_rate:1176max fps 30.000000 min fps 2.000000,fixed_frame_rate=0 
08-04 17:30:24.265  6358  7050 E mm-camera: iface_util_set_hfr: can't find hw stream, only save hfr mode
08-04 17:30:24.265  6358  7050 E mm-camera-sensor: sensor_pick_fill_expected_data:410ex_w:5312, ex_h:2988,ex_mode:1, ex_fps:30.000000, ex_clk:0, ex_ar: 177
08-04 17:30:24.266  6358  7050 E mm-camera-sensor: sensor_pick_resolution:722 res_idx: 0
08-04 17:30:24.266  6358  7050 I mm-camera: Stream type 5 Resolution: 5312x2988 pp_mask: 0x68e
08-04 17:30:24.267  6358  7050 I mm-camera: Stream type 1 Resolution: 1920x1080 pp_mask: 0x68e
08-04 17:30:24.267  6358  7050 I mm-camera: Stream type 11 Resolution: 640x480 pp_mask: 0x1
08-04 17:30:24.269  6358  7050 I mm-camera-isp2: INFO: ISP resource acquired: session 1 num_isp 1
08-04 17:30:24.269  6358  7050 I mm-camera-isp2: INFO: ISP resource acquired: hw_id 0
08-04 17:30:24.270  6358  7050 I mm-camera: isp_util_map_streams_to_hw_hal3: controllable_out_needed=1
08-04 17:30:24.270  6358  7050 I mm-camera: stream_port_map num streams 3
08-04 17:30:24.270  6358  7050 I mm-camera: INFO: type 5 resolution 5312x2988 hw_stream 1 need_native_buff 0 controllable_output 0 shared_output 0
08-04 17:30:24.271  6358  7050 I mm-camera: INFO: type 1 resolution 1920x1080 hw_stream 0 need_native_buff 1 controllable_output 0 shared_output 0
08-04 17:30:24.271  6358  7050 I mm-camera: INFO: type 11 resolution 640x480 hw_stream 0 need_native_buff 1 controllable_output 0 shared_output 0
08-04 17:30:24.271  6358  7050 I mm-camera-isp2: ide 1000f type 10 hw stream 0
08-04 17:30:24.272  6358  7050 I mm-camera-isp2: ide 1000f type 10 hw stream 1
08-04 17:30:24.274  6358  7050 E mm-camera: sensor_set_max_dimension:3751raw w 5312 h 2988
08-04 17:30:24.275  6358  7050 E mm-camera-sensor: sensor_pick_fill_expected_data:410ex_w:5312, ex_h:2988,ex_mode:1, ex_fps:30.000000, ex_clk:0, ex_ar: 177
08-04 17:30:24.276  6358  7050 E mm-camera-sensor: sensor_pick_resolution:722 res_idx: 0
08-04 17:30:24.276  6358  7050 E mm-camera: sensor_get_raw_dimension:3813pick res 0
08-04 17:30:24.276  6358  7050 E mm-camera: sensor_get_raw_dimension:3828raw w 5312 h 2988
08-04 17:30:24.278  5277  7055 I QCamera3HWI: int32_t qcamera::QCamera3HardwareInterface::getSensorOutputSize(cam_dimension_t&): sensor output dimension = 5312 x 2988
08-04 17:30:24.278  5277  7055 I QCamera3CropRegionMapper: void qcamera::QCamera3CropRegionMapper::update(uint32_t, uint32_t, uint32_t, uint32_t): active_array: 5312 x 2988, sensor size 5312 x 2988
08-04 17:30:24.279  6358  7050 D mm-camera: mct: mct_pipeline_process_set:command=800000a
08-04 17:30:24.280  6358  7050 D mm-camera: mct: mct_pipeline_process_set: Adding new stream: id [02]
08-04 17:30:24.281  6358  7050 D mm-camera: mct: mct_pipeline_process_set:command=8000012
08-04 17:30:24.281  6358  7050 D mm-camera: mct: mct_stream_start_link: Start linking preview stream 0x10002
08-04 17:30:24.282  6358  7050 D mm-camera: mct: mct_stream_start_link: non secure stream linking 
08-04 17:30:24.283  6358  7050 I mm-camera: module_iface_set_mod_func: set module type = 8, identity 10002
08-04 17:30:24.283  6358  7050 I mm-camera: port dir 2 stream info ide 10002 type 1 dim 1920 x 1080 port 0xeebb67c0
08-04 17:30:24.283  6358  7050 I mm-camera: port 0xeebb67c0 ide 10002 type 1 dim 1920 1080
08-04 17:30:24.284  6358  7050 I mm-camera-isp2: i 0 hw_stream 1
08-04 17:30:24.284  6358  7050 I mm-camera-isp2: ide 10002 type 1 hw stream 0
08-04 17:30:24.285  6358  7050 I mm-camera: port dir 1 stream info ide 10002 type 1 dim 1920 x 1080 port 0xeebb6820
08-04 17:30:24.285  6358  7050 E mm-camera: int_link = 0xeebbcea0
08-04 17:30:24.286  6358  7050 I mm-camera: pproc_port_add_modules_to_stream:433, linking mods tmod and afs
08-04 17:30:24.286  6358  7050 I mm-camera: pproc_port_add_modules_to_stream:433, linking mods afs and cpp
08-04 17:30:24.286  6358  7050 E mm-camera: module_afs_acquire_port:582] Port already reserved
08-04 17:30:24.287  6358  7050 E mm-camera: module_afs_port_check_caps_reserve:1452] Error acquiring port
08-04 17:30:24.287  6358  7050 I mm-camera: pproc_port_add_modules_to_stream:433, linking mods cpp and ezt
08-04 17:30:24.288  6358  7050 E mm-camera: pproc_port_add_modules_to_stream:454] X rc: 1
08-04 17:30:24.288  6358  7050 I mm-camera: port dir 1 stream info ide 10002 type 1 dim 1920 x 1080 port 0xeebb6820
08-04 17:30:24.288  6358  7050 I mm-camera: port dir 1 stream info ide 10002 type 1 dim 1920 x 1080 port 0xeebb6880
08-04 17:30:24.289  6358  7050 I mm-camera: port dir 1 stream info ide 10002 type 1 dim 1920 x 1080 port 0xeebb68e0
08-04 17:30:24.289  6358  7050 I mm-camera: port dir 1 stream info ide 10002 type 1 dim 1920 x 1080 port 0xeebb6940
08-04 17:30:24.289  6358  7050 I mm-camera: port dir 1 stream info ide 10002 type 1 dim 1920 x 1080 port 0xeebb69a0
08-04 17:30:24.290  6358  7050 D mm-camera: mct: mct_pipeline_process_set: Linking successful for stream 0x10002 stream type=1
08-04 17:30:24.291  6358  7050 D mm-camera: mct: mct_pipeline_process_set:command=8000004
08-04 17:30:24.292  6358  7050 D mm-camera: mct: mct_pipeline_process_set:command=800000a
08-04 17:30:24.293  6358  7050 D mm-camera: mct: mct_pipeline_process_set: Adding new stream: id [03]
08-04 17:30:24.295  6358  7050 D mm-camera: mct: mct_pipeline_process_set:command=8000012
08-04 17:30:24.295  6358  7050 D mm-camera: mct: mct_stream_start_link: Start linking Callback stream 0x10003
08-04 17:30:24.296  6358  7050 I mm-camera: module_iface_set_mod_func: set module type = 8, identity 10003
08-04 17:30:24.296  6358  7050 I mm-camera: port dir 2 stream info ide 10003 type 5 dim 5312 x 2988 port 0xeebb67c0
08-04 17:30:24.297  6358  7050 I mm-camera: port 0xeebb67c0 ide 10003 type 5 dim 5312 2988
08-04 17:30:24.297  6358  7050 I mm-camera-isp2: i 1 hw_stream 1
08-04 17:30:24.298  6358  7050 I mm-camera-isp2: ide 10003 type 5 hw stream 1
08-04 17:30:24.299  6358  7050 I mm-camera: port dir 1 stream info ide 10003 type 5 dim 5312 x 2988 port 0xeebb6820
08-04 17:30:24.299  6358  7050 I mm-camera: port dir 1 stream info ide 10003 type 5 dim 5312 x 2988 port 0xeebb6880
08-04 17:30:24.300  6358  7050 E mm-camera: int_link = 0xeebbcf60
08-04 17:30:24.300  6358  7050 I mm-camera: pproc_port_add_modules_to_stream:433, linking mods tmod and afs
08-04 17:30:24.301  6358  7050 I mm-camera: pproc_port_add_modules_to_stream:433, linking mods afs and cpp
08-04 17:30:24.301  6358  7050 E mm-camera: module_afs_acquire_port:582] Port already reserved
08-04 17:30:24.302  6358  7050 E mm-camera: module_afs_port_check_caps_reserve:1452] Error acquiring port
08-04 17:30:24.302  6358  7050 E mm-camera: module_afs_acquire_port:582] Port already reserved
08-04 17:30:24.302  6358  7050 E mm-camera: module_afs_port_check_caps_reserve:1452] Error acquiring port
08-04 17:30:24.303  6358  7050 I mm-camera: pproc_port_add_modules_to_stream:433, linking mods cpp and ezt
08-04 17:30:24.303  6358  7050 E mm-camera: pproc_port_add_modules_to_stream:454] X rc: 1
08-04 17:30:24.304  6358  7050 I mm-camera: port dir 1 stream info ide 10003 type 5 dim 5312 x 2988 port 0xeebb6820
08-04 17:30:24.304  6358  7050 I mm-camera: port dir 1 stream info ide 10003 type 5 dim 5312 x 2988 port 0xeebb6880
08-04 17:30:24.304  6358  7050 I mm-camera: port dir 1 stream info ide 10003 type 5 dim 5312 x 2988 port 0xeebb68e0
08-04 17:30:24.305  6358  7050 I mm-camera: port dir 1 stream info ide 10003 type 5 dim 5312 x 2988 port 0xeebb6940
08-04 17:30:24.305  6358  7050 I mm-camera: port dir 1 stream info ide 10003 type 5 dim 5312 x 2988 port 0xeebb69a0
08-04 17:30:24.306  6358  7050 D mm-camera: mct: mct_pipeline_process_set: Linking successful for stream 0x10003 stream type=5
08-04 17:30:24.306  6358  7050 D mm-camera: mct: mct_pipeline_process_set:command=8000004
08-04 17:30:24.308  6358  7050 D mm-camera: mct: mct_pipeline_process_set:command=800000a
08-04 17:30:24.308  6358  7050 D mm-camera: mct: mct_pipeline_process_set: Adding new stream: id [04]
08-04 17:30:24.310  6358  7050 D mm-camera: mct: mct_pipeline_process_set:command=8000012
08-04 17:30:24.310  6358  7050 D mm-camera: mct: mct_stream_start_link: Starting Analysis stream linking
08-04 17:30:24.310  6358  7050 I mm-camera: module_iface_set_mod_func: set module type = 8, identity 10004
08-04 17:30:24.311  6358  7050 I mm-camera: port dir 2 stream info ide 10004 type 11 dim 640 x 480 port 0xeebb67c0
08-04 17:30:24.311  6358  7050 I mm-camera: port 0xeebb67c0 ide 10004 type 11 dim 640 480
08-04 17:30:24.312  6358  7050 I mm-camera-isp2: i 0 hw_stream 1
08-04 17:30:24.312  6358  7050 I mm-camera-isp2: ide 10004 type 11 hw stream 0
08-04 17:30:24.313  6358  7050 I mm-camera: port dir 1 stream info ide 10004 type 11 dim 640 x 480 port 0xeebb6820
08-04 17:30:24.314  6358  7050 E mm-camera: int_link = 0xeebbcea0
08-04 17:30:24.314  6358  7050 E mm-camera: pproc_port_add_modules_to_stream:454] X rc: 1
08-04 17:30:24.315  6358  7050 D mm-camera: mct: mct_pipeline_process_set: Linking successful for stream 0x10004 stream type=11
08-04 17:30:24.315  6358  7050 D mm-camera: mct: mct_pipeline_process_set:command=8000004
08-04 17:30:24.328  6358  7050 D mm-camera: mct: mct_pipeline_process_set:command=8000008
08-04 17:30:24.328  6358  7050 D mm-camera: mct: mct_pipeline_process_set: STREAM-ON on stream 0x10001 stream type=7
08-04 17:30:24.329  6358  7050 D mm-camera: mct: mct_pipeline_process_set: STREAM-ON success for stream 0x10001, stream type=7
08-04 17:30:24.339  6358  7050 D mm-camera: mct: mct_pipeline_process_set:command=8000008
08-04 17:30:24.340  6358  7050 D mm-camera: mct: mct_pipeline_process_set: STREAM-ON on stream 0x10004 stream type=11
08-04 17:30:24.340  6358  7050 E mm-camera-sensor: sensor_pick_fill_expected_data:410ex_w:5312, ex_h:2988,ex_mode:1, ex_fps:30.000000, ex_clk:0, ex_ar: 177
08-04 17:30:24.341  6358  7050 E mm-camera-sensor: sensor_pick_resolution:722 res_idx: 0
08-04 17:30:24.349  6358  7050 E mm-camera: sensor_set_resolution:2067send sesor mode command to sensor , res : 0
08-04 17:30:24.349  6358  7050 E mm-camera: sensor_get_resolution_info:3340full 5312 2988 out 5312 2988 offset 0 0 scale 1
08-04 17:30:24.350  6358  7050 E mm-camera-isp2: scaler44_check_hw_limit:561 Entry 1 y_cfg->hOut 5312 y_cfg->vOut 2988
08-04 17:30:24.350  6358  7050 E mm-camera: af_port_handle_sensor_update:2659  Depth_Err: actuator sensitivity: 0.000000 is invalid
08-04 17:30:24.350  6358  7043 E mm-camera-CORE: awb_set_parameters: param->u.camsensor_position=0 
08-04 17:30:24.352  6358  7043 E mm-camera-CORE: aec_set_crop:333  aec_set_crop: Aec_Error: VFE crop info received is null
08-04 17:30:24.352  6358  7050 I mm-camera-isp2: isp version 44 af_kernel_size 2
08-04 17:30:24.352  6358  7050 E mm-camera: sensor_get_resolution_info:3340full 5312 2988 out 5312 2988 offset 0 0 scale 1
08-04 17:30:24.353  6358  7050 E mm-camera-sensor: af_actuator_set_params:359E
08-04 17:30:24.353  6358  7050 E mm-camera-sensor: sensor_sdk_util_get_kernel_i2c_data_type:40Invalid addr_type = 0
08-04 17:30:24.354  6358  7050 E mm-camera-sensor: sensor_sdk_util_get_kernel_i2c_addr_type:26Invalid addr_type = 0
08-04 17:30:24.356  6358  7043 E mm-camera-CORE: aec_set_parse_chromatix: Andy_Test sensor flag 5
08-04 17:30:24.356  6358  7043 E mm-camera-CORE: awb_set_parse_chromatix: Andy_Test sensor flag 5
08-04 17:30:24.357  6358  7050 I mm-camera-eztune: vendor/qcom/proprietary/mm-camera/mm-camera2/server-tuning/tuning/eztune_interface.cpp(340): "Create Server : 0xe58ac100"
08-04 17:30:24.359  6358  7072 I mm-camera-eztune: vendor/qcom/proprietary/mm-camera/mm-camera2/server-tuning/tuning/eztune_interface.cpp(47): "Server: Waiting on new connection...\n"
08-04 17:30:24.359  6358  7050 I mm-camera-eztune: vendor/qcom/proprietary/mm-camera/mm-camera2/server-tuning/tuning/eztune_interface.cpp(340): "Create Server : 0xe58ac180"
08-04 17:30:24.360  6358  7073 I mm-camera-eztune: vendor/qcom/proprietary/mm-camera/mm-camera2/server-tuning/tuning/eztune_interface.cpp(47): "Server: Waiting on new connection...\n"
08-04 17:30:24.360  6358  7050 E mm-camera: af_port_send_af_checksum_to_module_sensor
08-04 17:30:24.361  6358  7050 E mm-camera-sensor: port_sensor_handle_upstream_module_event:1588MCT_EVENT_MODULE_AF_CHECKSUM_EVENT, af_checksum_ok 1
08-04 17:30:24.362  6358  7044 E mm-camera: af_config_lgaf_cal_e2p_cal_to_fit_90degree, actuator type=5, pos_diff_zero_to_nine = 0
08-04 17:30:24.362  6358  7050 E mm-camera-isp2: mesh_rolloff44_set_parm_tintless:3577 <tintless_dbg> 0
08-04 17:30:24.363  6358  7044 E mm-camera: af_config_lgaf_cal_e2p_cal_to_fit_90degree, 90 degree starting_dac = 350, infinity_dac = 0, macro_dac = 350
08-04 17:30:24.363  6358  7050 E mm-camera-isp2: mesh_rolloff44_request_stats_type:3839 1 0
08-04 17:30:24.363  6358  7044 E mm-camera: [ACCEL_SENSOR_USE_AF_DEBUG] af_set_init_data: accel [#not#] enable
08-04 17:30:24.363  6358  7050 I mm-camera-isp2: enable_stats_mask d98
08-04 17:30:24.364  6358  7050 I mm-camera-isp2: dual_dbg stream type 1, AXI_SRC = 1 (ENC 0/ View 1/Camif 2/Ideal 3/Rdi 456)
08-04 17:30:24.365  6358  7050 E mm-camera-isp2: scaler44_handle_isp_private_event:1599 failed: invalid private event 16
08-04 17:30:24.366  6358  7050 I mm-camera-isp2: dual_dbg stream type 11, AXI_SRC = 1 (ENC 0/ View 1/Camif 2/Ideal 3/Rdi 456)
08-04 17:30:24.366  6358  7044 E mm-camera: af_set_init_data: property_get: persist.camera.af.data 335
08-04 17:30:24.367  6358  7050 E mm-camera-isp2: scaler44_handle_isp_private_event:1599 failed: invalid private event 16
08-04 17:30:24.367  6358  7050 I mm-camera-isp2: dual_dbg stream type 5, AXI_SRC = 0 (ENC 0/ View 1/Camif 2/Ideal 3/Rdi 456)
08-04 17:30:24.368  6358  7050 E mm-camera-isp2: scaler44_handle_isp_private_event:1599 failed: invalid private event 16
08-04 17:30:24.370  6358  7050 E mm-camera: iface_util_io_cfg: 6428is_split 0
08-04 17:30:24.370  6358  7044 E mm-camera: af_util_cur_pos_after_lens_move: After move: FV: 0 CurPosition: 350
08-04 17:30:24.372  6358  7050 I mm-camera-isp2: isp version 44 af_kernel_size 2
08-04 17:30:24.373  6358  7050 E mm-camera-isp2: scaler44_handle_isp_private_event:1599 failed: invalid private event 17
08-04 17:30:24.374  6358  7050 E mm-camera-isp2: scaler44_handle_isp_private_event:1599 failed: invalid private event 17
08-04 17:30:24.374  6358  7050 E mm-camera-isp2: bpc44_run_abcc_algo:212 No defective pixels set by sensor event
08-04 17:30:24.375  6358  7050 E mm-camera-isp2: isp_sub_module_port_process_downstream_ctrl_event:946 failed: mct event 1 int_event 0
08-04 17:30:24.376  6358  7050 E mm-camera: af_port_restart_proxy_value
08-04 17:30:24.377  6358  7050 E mm-camera-sensor: sensor_proxy_thread_restart:231enter
08-04 17:30:24.377  6358  7050 E mm-camera-sensor: port_sensor_handle_upstream_module_event:1569PROXY_THREAD_RESTART OK
08-04 17:30:24.377  6358  7050 E mm-camera-sensor: 
08-04 17:30:24.378  6358  7050 E mm-camera-sensor: proxy_thread_start:274p_thread, enter
08-04 17:30:24.378  6358  7050 E mm-camera-sensor: proxy_thread_start:281p_thread,end
08-04 17:30:24.379  6358  7050 E mm-camera-img: faceproc_comp_get_param:299] Error
08-04 17:30:24.379  6358  7050 E mm-camera: module_faceproc_client_use_int_bufs:792] rc -4
08-04 17:30:24.383  6358  7050 F libc    : Fatal signal 11 (SIGSEGV), code 1 (SEGV_MAPERR), fault addr 0x24 in tid 7050 (mm-qcamera-daem), pid 6358 (mm-qcamera-daem)
08-04 17:30:24.440  7079  7079 I crash_dump32: obtaining output fd from tombstoned, type: kDebuggerdTombstone
08-04 17:30:24.441   744   744 I /system/bin/tombstoned: received crash request for pid 7050
08-04 17:30:24.443  7079  7079 I crash_dump32: performing dump of process 6358 (target tid = 7050)
08-04 17:30:24.461  7079  7079 F DEBUG   : *** *** *** *** *** *** *** *** *** *** *** *** *** *** *** ***
08-04 17:30:24.461  7079  7079 F DEBUG   : LineageOS Version: '17.1-20200804-UNOFFICIAL-h815'
08-04 17:30:24.462  7079  7079 F DEBUG   : Build fingerprint: 'lge/p1_global_com/p1:6.0/MRA58K/152940055675e:user/release-keys'
08-04 17:30:24.462  7079  7079 F DEBUG   : Revision: '0'
08-04 17:30:24.463  7079  7079 F DEBUG   : ABI: 'arm'
08-04 17:30:24.465  7079  7079 F DEBUG   : Timestamp: 2020-08-04 17:30:24+0300
08-04 17:30:24.465  7079  7079 F DEBUG   : pid: 6358, tid: 7050, name: mm-qcamera-daem  >>> /vendor/bin/mm-qcamera-daemon <<<
08-04 17:30:24.466  7079  7079 F DEBUG   : uid: 1006
08-04 17:30:24.466  7079  7079 F DEBUG   : signal 11 (SIGSEGV), code 1 (SEGV_MAPERR), fault addr 0x24
08-04 17:30:24.467  7079  7079 F DEBUG   : Cause: null pointer dereference
08-04 17:30:24.467  7079  7079 F DEBUG   :     r0  e3b023c0  r1  00008204  r2  00000000  r3  00000060
08-04 17:30:24.468  7079  7079 F DEBUG   :     r4  e3b02e38  r5  00000001  r6  eeb6d1a0  r7  00000001
08-04 17:30:24.468  7079  7079 F DEBUG   :     r8  00000000  r9  eeb61000  r10 00000002  r11 e3b023c0
08-04 17:30:24.468  7079  7079 F DEBUG   :     ip  00000000  sp  e3b02360  lr  eab1001b  pc  eab1002c
08-04 17:30:24.473  7079  7079 F DEBUG   : 
08-04 17:30:24.473  7079  7079 F DEBUG   : backtrace:
08-04 17:30:24.473  7079  7079 F DEBUG   :       #00 pc 0000902c  /system/vendor/lib/libmmcamera2_isp_modules.so (isp_handler_control_streamon+1376) (BuildId: a4f781ac8558c8bc0c8b11d45bd8d7f1)
08-04 17:30:24.474  7079  7079 F DEBUG   :       #01 pc 00007891  /system/vendor/lib/libmmcamera2_isp_modules.so (BuildId: a4f781ac8558c8bc0c8b11d45bd8d7f1)
08-04 17:30:24.474  7079  7079 F DEBUG   :       #02 pc 000147b7  /system/vendor/lib/libmmcamera2_iface_modules.so (BuildId: 46cf1de9414f7522c7008dde4314f6f1)
08-04 17:30:24.475  7079  7079 F DEBUG   :       #03 pc 00006457  /system/vendor/lib/liboemcamera.so (mct_list_traverse+32) (BuildId: ef8fcf0aaf9e471d92a6a3c21e51daa1)
08-04 17:30:24.475  7079  7079 F DEBUG   :       #04 pc 00006877  /system/vendor/lib/libmmcamera2_iface_modules.so (BuildId: 46cf1de9414f7522c7008dde4314f6f1)
08-04 17:30:24.476  7079  7079 F DEBUG   :       #05 pc 0000772f  /system/vendor/lib/libmmcamera2_iface_modules.so (iface_streamon_to_thread+138) (BuildId: 46cf1de9414f7522c7008dde4314f6f1)
08-04 17:30:24.476  7079  7079 F DEBUG   :       #06 pc 00014d2d  /system/vendor/lib/libmmcamera2_iface_modules.so (BuildId: 46cf1de9414f7522c7008dde4314f6f1)
08-04 17:30:24.477  7079  7079 F DEBUG   :       #07 pc 0001699d  /system/vendor/lib/libmmcamera2_sensor_modules.so (BuildId: 9225e43c70a075f82a5b7e4a371321f7)
08-04 17:30:24.478  7079  7079 F DEBUG   :       #08 pc 00006457  /system/vendor/lib/liboemcamera.so (mct_list_traverse+32) (BuildId: ef8fcf0aaf9e471d92a6a3c21e51daa1)
08-04 17:30:24.478  7079  7079 F DEBUG   :       #09 pc 0000de0d  /system/vendor/lib/libmmcamera2_sensor_modules.so (module_sensor_stream_on+4508) (BuildId: 9225e43c70a075f82a5b7e4a371321f7)
08-04 17:30:24.479  7079  7079 F DEBUG   :       #10 pc 00016f15  /system/vendor/lib/libmmcamera2_sensor_modules.so (port_sensor_handle_stream_on+24) (BuildId: 9225e43c70a075f82a5b7e4a371321f7)
08-04 17:30:24.479  7079  7079 F DEBUG   :       #11 pc 00010f45  /system/vendor/lib/libmmcamera2_sensor_modules.so (BuildId: 9225e43c70a075f82a5b7e4a371321f7)
08-04 17:30:24.480  7079  7079 F DEBUG   :       #12 pc 00010aad  /system/vendor/lib/liboemcamera.so (BuildId: ef8fcf0aaf9e471d92a6a3c21e51daa1)
08-04 17:30:24.480  7079  7079 F DEBUG   :       #13 pc 0000c071  /system/vendor/lib/liboemcamera.so (BuildId: ef8fcf0aaf9e471d92a6a3c21e51daa1)
08-04 17:30:24.481  7079  7079 F DEBUG   :       #14 pc 00009e21  /system/vendor/lib/liboemcamera.so (BuildId: ef8fcf0aaf9e471d92a6a3c21e51daa1)
08-04 17:30:24.481  7079  7079 F DEBUG   :       #15 pc 0000532d  /system/vendor/lib/liboemcamera.so (BuildId: ef8fcf0aaf9e471d92a6a3c21e51daa1)
08-04 17:30:24.482  7079  7079 F DEBUG   :       #16 pc 000a6b83  /apex/com.android.runtime/lib/bionic/libc.so (__pthread_start(void*)+20) (BuildId: be2954ec495707bc280c21e0cf2919f2)
08-04 17:30:24.482  7079  7079 F DEBUG   :       #17 pc 00060723  /apex/com.android.runtime/lib/bionic/libc.so (__start_thread+30) (BuildId: be2954ec495707bc280c21e0cf2919f2)
08-04 17:30:24.755   947  1349 W NativeCrashListener: Couldn't find ProcessRecord for pid 6358
08-04 17:30:24.757   744   744 E /system/bin/tombstoned: Tombstone written to: /data/tombstones/tombstone_07
08-04 17:30:24.767   947  1063 I BootReceiver: Copying /data/tombstones/tombstone_07 to DropBox (SYSTEM_TOMBSTONE)
08-04 17:30:24.769   947  1063 I DropBoxManagerService: add tag=SYSTEM_TOMBSTONE isTagEnabled=true flags=0x2
08-04 17:30:24.827     1     1 W libc    : Unable to set property "ro.init.updatable_crashing_process_name" to "qcamerasvr": error code: 0xb
08-04 17:30:24.827     1     1 W libc    : Unable to set property "ro.init.updatable_crashing" to "1": error code: 0xb
08-04 17:30:25.174   947  1920 E LocSvc_ApiV02: I/<--- void globalEventCb(locClientHandleType, uint32_t, const locClientEventIndUnionType, void *) line 107 QMI_LOC_EVENT_POSITION_REPORT_IND_V02
08-04 17:30:25.473  7090  7090 I mm-camera: server_process_module_init:59, int mods
08-04 17:30:25.474  7090  7090 E mm-camera-sensor: eebin_read:387failed!
08-04 17:30:25.475  7090  7090 E mm-camera-sensor: eebin_read:387failed!
08-04 17:30:25.475  7090  7090 E mm-camera-sensor: sensor_init_probe:475failed: to oribe eeprom bin sensors
08-04 17:30:25.476  7090  7090 E mm-camera-sensor: add_external_sensor:109NO external sensor lib: no external path
08-04 17:30:25.478  7090  7090 E mm-camera-sensor: sensor_probe:270failed: to load 
08-04 17:30:25.478  7090  7090 E mm-camera-sensor: sensor_util_match_sensor_lib_name:1965s_bundle sensor_lib_name imx234 sensor_name t4ka3
08-04 17:30:25.479  7090  7090 E mm-camera: module_sensor_find_other_subdev:7773subdev_name /dev/v4l-subdev0 subdev id 0
08-04 17:30:25.479  7090  7090 E mm-camera: module_sensor_find_other_subdev:7773subdev_name /dev/v4l-subdev1 subdev id 1
08-04 17:30:25.480  7090  7090 E mm-camera: module_sensor_find_other_subdev:7773subdev_name /dev/v4l-subdev2 subdev id 2
08-04 17:30:25.480  7090  7090 E mm-camera: module_sensor_find_other_subdev:7773subdev_name /dev/v4l-subdev3 subdev id 0
08-04 17:30:25.481  7090  7090 E mm-camera: module_sensor_find_other_subdev:7773subdev_name /dev/v4l-subdev4 subdev id 1
08-04 17:30:25.481  7090  7090 E mm-camera: module_sensor_find_other_subdev:7773subdev_name /dev/v4l-subdev5 subdev id 2
08-04 17:30:25.482  7090  7090 E mm-camera: module_sensor_find_other_subdev:7773subdev_name /dev/v4l-subdev6 subdev id 3
08-04 17:30:25.482  7090  7090 E mm-camera: module_sensor_find_other_subdev:7773subdev_name /dev/v4l-subdev7 subdev id 1
08-04 17:30:25.483  7090  7090 E mm-camera: module_sensor_find_other_subdev:7773subdev_name /dev/v4l-subdev8 subdev id 0
08-04 17:30:25.483  7090  7090 E mm-camera: module_sensor_find_other_subdev:7799SUB_MODULE_LED_FLASH subdev_name /dev/v4l-subdev8 subdev_id 0
08-04 17:30:25.483  7090  7090 E mm-camera: module_sensor_find_other_subdev:7773subdev_name /dev/v4l-subdev9 subdev id 0
08-04 17:30:25.484  7090  7090 E mm-camera: module_sensor_find_other_subdev:7773subdev_name /dev/v4l-subdev10 subdev id 2
08-04 17:30:25.485  7090  7090 E mm-camera: module_sensor_find_other_subdev:7773subdev_name /dev/v4l-subdev11 subdev id 0
08-04 17:30:25.486  7090  7090 E mm-camera: module_sensor_find_other_subdev:7773subdev_name /dev/v4l-subdev12 subdev id 998
08-04 17:30:25.486  7090  7090 E mm-camera: module_sensor_find_other_subdev:7773subdev_name /dev/v4l-subdev13 subdev id 997
08-04 17:30:25.513  7090  7090 E mm-camera-isp2: module_chroma_enhan40_init:90 name chroma_enhan40
08-04 17:30:25.516  7090  7090 E mm-camera-isp2: module_color_correct40_init:104 name color_correct40
08-04 17:30:25.518  7090  7090 E mm-camera-isp2: module_luma_adaptation40_init:87 name luma_adaptation40
08-04 17:30:25.533  7090  7090 E mm-camera-isp2: module_chroma_enhan40_init:90 name chroma_enhan40
08-04 17:30:25.535  7090  7090 E mm-camera-isp2: module_color_correct40_init:104 name color_correct40
08-04 17:30:25.535  7090  7090 E mm-camera-isp2: module_luma_adaptation40_init:87 name luma_adaptation40
08-04 17:30:25.538  7090  7090 E mm-camera-isp2: isp_resource_gen_hws_caps:3631 i 0 isp id 0
08-04 17:30:25.538  7090  7090 E mm-camera-isp2: isp_resource_gen_hws_caps:3631 i 1 isp id 1
08-04 17:30:25.539  7090  7090 E mm-camera-isp2: module_isp_init:565 module 0xf55c91a0
08-04 17:30:25.593  7090  7090 E mm-camera: vpe_module_init:26 name=vpe
08-04 17:30:25.594  7090  7090 E mm-camera: vpe_hardware_find_subdev:719: entity.name=video0 entity.revision=0
08-04 17:30:25.594  7090  7090 E mm-camera: vpe_hardware_find_subdev:719: entity.name=msm_cci entity.revision=0
08-04 17:30:25.595  7090  7090 E mm-camera: vpe_hardware_find_subdev:719: entity.name=v4l-subdev0 entity.revision=0
08-04 17:30:25.595  7090  7090 E mm-camera: vpe_hardware_find_subdev:719: entity.name=v4l-subdev1 entity.revision=0
08-04 17:30:25.596  7090  7090 E mm-camera: vpe_hardware_find_subdev:719: entity.name=v4l-subdev2 entity.revision=0
08-04 17:30:25.596  7090  7090 E mm-camera: vpe_hardware_find_subdev:719: entity.name=v4l-subdev3 entity.revision=0
08-04 17:30:25.597  7090  7090 E mm-camera: vpe_hardware_find_subdev:719: entity.name=v4l-subdev4 entity.revision=0
08-04 17:30:25.598  7090  7090 E mm-camera: vpe_hardware_find_subdev:719: entity.name=v4l-subdev5 entity.revision=0
08-04 17:30:25.598  7090  7090 E mm-camera: vpe_hardware_find_subdev:719: entity.name=v4l-subdev6 entity.revision=0
08-04 17:30:25.599  7090  7090 E mm-camera: vpe_hardware_find_subdev:719: entity.name=v4l-subdev7 entity.revision=0
08-04 17:30:25.599  7090  7090 E mm-camera: vpe_hardware_find_subdev:719: entity.name=v4l-subdev8 entity.revision=0
08-04 17:30:25.600  7090  7090 E mm-camera: vpe_hardware_find_subdev:719: entity.name=v4l-subdev9 entity.revision=0
08-04 17:30:25.600  7090  7090 E mm-camera: vpe_hardware_find_subdev:719: entity.name=v4l-subdev10 entity.revision=0
08-04 17:30:25.601  7090  7090 E mm-camera: vpe_hardware_find_subdev:719: entity.name=v4l-subdev11 entity.revision=0
08-04 17:30:25.601  7090  7090 E mm-camera: vpe_hardware_find_subdev:719: entity.name=v4l-subdev12 entity.revision=0
08-04 17:30:25.602  7090  7090 E mm-camera: vpe_hardware_find_subdev:719: entity.name=v4l-subdev13 entity.revision=0
08-04 17:30:25.602  7090  7090 E mm-camera: vpe_hardware_find_subdev:719: entity.name=v4l-subdev14 entity.revision=0
08-04 17:30:25.603  7090  7090 E mm-camera: vpe_hardware_find_subdev:719: entity.name=v4l-subdev15 entity.revision=0
08-04 17:30:25.603  7090  7090 E mm-camera: vpe_hardware_find_subdev:719: entity.name=v4l-subdev16 entity.revision=0
08-04 17:30:25.604  7090  7090 E mm-camera: vpe_hardware_find_subdev:719: entity.name=v4l-subdev17 entity.revision=17
08-04 17:30:25.604  7090  7090 E mm-camera: vpe_hardware_find_subdev:719: entity.name=v4l-subdev18 entity.revision=0
08-04 17:30:25.605  7090  7090 E mm-camera: vpe_hardware_find_subdev:719: entity.name=v4l-subdev19 entity.revision=0
08-04 17:30:25.606  7090  7090 E mm-camera: vpe_hardware_find_subdev:719: entity.name=v4l-subdev20 entity.revision=0
08-04 17:30:25.606  7090  7090 E mm-camera: vpe_hardware_find_subdev:719: entity.name=v4l-subdev21 entity.revision=0
08-04 17:30:25.607  7090  7090 E mm-camera: vpe_hardware_find_subdev:714: done enumerating media entities
08-04 17:30:25.608  7090  7090 E mm-camera: vpe_hardware_find_subdev:719: entity.name=video1 entity.revision=0
08-04 17:30:25.609  7090  7090 E mm-camera: vpe_hardware_find_subdev:714: done enumerating media entities
08-04 17:30:25.609  7090  7090 E mm-camera: vpe_hardware_find_subdev:719: entity.name=video2 entity.revision=0
08-04 17:30:25.610  7090  7090 E mm-camera: vpe_hardware_find_subdev:714: done enumerating media entities
08-04 17:30:25.611  7090  7090 E mm-camera: vpe_hardware_find_subdev:686: no more media devices
08-04 17:30:25.611  7090  7090 E mm-camera: vpe_hardware_find_subdev:731: no vpe device found.
08-04 17:30:25.612  7090  7090 E mm-camera: vpe_hardware_create:31: error: cannot find vpe subdev
08-04 17:30:25.612  7090  7090 E mm-camera: vpe_module_create_vpe_ctrl:141, failed, cannnot create vpe hardware instance
08-04 17:30:25.613  7090  7090 E mm-camera: vpe_module_init:34 failed
08-04 17:30:25.614  7090  7090 E mm-camera-vpu: vpu_module_init:54, INFO name=vpu
08-04 17:30:25.615  7090  7090 E mm-camera-pp: [INFO] base_module_init:142, name=tmod
08-04 17:30:25.617  7090  7090 E mm-camera-pp: [INFO] base_module_init:142, name=ezt
08-04 17:30:25.684  7090  7090 I mm-camera: < INFO> 420: void init(): memleak lib init.
08-04 17:30:25.685  7090  7090 I mm-camera: < INFO> 439: void init(): memleak tracer not attached
08-04 17:30:25.702  7090  7090 E mm-camera-img: frameproc_comp_load_fn_ptrs:880] Warning linking img_algo_frame_ind
08-04 17:30:25.703  7090  7090 E mm-camera-img: frameproc_comp_load_fn_ptrs:887] Warning linking img_algo_meta_ind
08-04 17:30:25.704  7090  7090 E mm-camera-img: frameproc_comp_load_fn_ptrs:894] Warning linking img_algo_set_frame_ops
08-04 17:30:25.704  7090  7090 E mm-camera: module_cac_init:1961] CAC disabled rc 0
08-04 17:30:25.705  7090  7090 E mm-camera: pproc_module_init:2812 num_sub_mods:6
08-04 17:30:25.706  7090  7090 E mm-camera-img: Can not discover face-detect device
08-04 17:30:25.707  7090  7090 E mm-camera-img: Can not find device name
08-04 17:30:25.707  7090  7090 E mm-camera-img: faceproc_dsp_comp_load:1225] E 
08-04 17:30:25.708  7090  7090 E mm-camera: module_faceproc_init:2392] HW or DSP FD not available switch to SW
08-04 17:30:25.714  7090  7090 E mm-camera-img: hdr_comp_reload_lib:1315] Error linking hdrSingleFrameCore
08-04 17:30:25.715  7090  7090 E hdr     : module_hdr_lib_query_mod:181] Supported scenemode cnt 1
08-04 17:30:25.731  7090  7090 E mm-camera-img: frameproc_comp_load_fn_ptrs:880] Warning linking img_algo_frame_ind
08-04 17:30:25.732  7090  7090 E mm-camera-img: frameproc_comp_load_fn_ptrs:887] Warning linking img_algo_meta_ind
08-04 17:30:25.732  7090  7090 E mm-camera-img: img_dsp_dlopen:127] NOT FOUND llvd 
08-04 17:30:25.741  7090  7090 E mm-camera-img: frameproc_comp_load_fn_ptrs:880] Warning linking img_algo_frame_ind
08-04 17:30:25.741  7090  7090 E mm-camera-img: frameproc_comp_load_fn_ptrs:887] Warning linking img_algo_meta_ind
08-04 17:30:25.742  7090  7090 E mm-camera-img: img_dsp_dlopen:127] NOT FOUND llvd 
08-04 17:30:25.760  7090  7090 E mm-camera-img: frameproc_comp_load_fn_ptrs:887] Warning linking img_algo_meta_ind
08-04 17:30:25.760  7090  7090 E mm-camera-img: img_dsp_dlopen:127] NOT FOUND llvd 
08-04 17:30:25.762  7090  7090 E mm-camera-img: frameproc_comp_load_fn_ptrs:887] Warning linking img_algo_meta_ind
08-04 17:30:25.762  7090  7090 E mm-camera-img: img_dsp_dlopen:127] NOT FOUND llvd 
08-04 17:30:25.771  7090  7090 E mm-camera-img: frameproc_comp_load_fn_ptrs:880] Warning linking img_algo_frame_ind
08-04 17:30:25.772  7090  7090 E mm-camera-img: frameproc_comp_load_fn_ptrs:887] Warning linking img_algo_meta_ind
08-04 17:30:25.773  7090  7090 E mm-camera-img: img_dsp_dlopen:127] NOT FOUND llvd 
08-04 17:30:25.776  7090  7090 E mm-camera-img: frameproc_comp_load_fn_ptrs:887] Warning linking img_algo_meta_ind
08-04 17:30:25.776  7090  7090 E mm-camera-img: img_dsp_dlopen:127] NOT FOUND llvd 
08-04 17:30:26.175   947  1920 E LocSvc_ApiV02: I/<--- void globalEventCb(locClientHandleType, uint32_t, const locClientEventIndUnionType, void *) line 107 QMI_LOC_EVENT_POSITION_REPORT_IND_V02
08-04 17:30:26.373   947   979 I system_server: Background young concurrent copying GC freed 96831(5227KB) AllocSpace objects, 68(5252KB) LOS objects, 51% free, 10MB/20MB, paused 405us total 112.340ms
08-04 17:30:27.175   947  1920 E LocSvc_ApiV02: I/<--- void globalEventCb(locClientHandleType, uint32_t, const locClientEventIndUnionType, void *) line 107 QMI_LOC_EVENT_POSITION_REPORT_IND_V02
08-04 17:30:27.271   497   497 I MSM-irqbalance: Decided to move IRQ65 from CPU2 to CPU0
08-04 17:30:28.175   947  1920 E LocSvc_ApiV02: I/<--- void globalEventCb(locClientHandleType, uint32_t, const locClientEventIndUnionType, void *) line 107 QMI_LOC_EVENT_POSITION_REPORT_IND_V02
