08-04 17:30:22.843  6955  6955 I android.camera: The ClassLoaderContext is a special shared library.
08-04 17:30:22.849   517  1589 W ServiceManager: Permission failure: android.permission.ACCESS_SURFACE_FLINGER from uid=10099 pid=1671
08-04 17:30:22.850   517  1589 D PermissionCache: checking android.permission.ACCESS_SURFACE_FLINGER for uid=10099 => denied (1209 us)
08-04 17:30:22.864  6955  6955 V CAM_Profiler: [  0.000ms][ui] GUARD: CameraApp onCreate() - START
08-04 17:30:22.866  6955  6955 V CAM_Profiler: [  0.000ms][ui] GUARD: FirstRunDetector getTimeOfFirstRun - START
08-04 17:30:22.869  6955  6955 V CAM_Profiler: [  2.882ms][ui] GUARD: FirstRunDetector getTimeOfFirstRun - [ 2.882ms] PreferenceManager.getDefaultSharedPreferences
08-04 17:30:22.874  6955  6955 V CAM_Profiler: [  5.488ms][ui] GUARD: FirstRunDetector getTimeOfFirstRun - [ 2.606ms] preferences.getLong
08-04 17:30:22.874  6955  6955 V CAM_Profiler: [  8.786ms][ui] GUARD: FirstRunDetector getTimeOfFirstRun - STOP
08-04 17:30:22.876  6955  6955 V CAM_Profiler: [ 13.014ms][ui] GUARD: CameraApp onCreate() - [13.014ms] initializeTimeOfFirstRun
08-04 17:30:22.877  6955  6955 V CAM_Profiler: [ 14.114ms][ui] GUARD: CameraApp onCreate() - [ 1.100ms] UsageStatistics.initialize
08-04 17:30:22.879  6955  6955 V CAM_Profiler: [ 16.525ms][ui] GUARD: CameraApp onCreate() - [ 2.411ms] clearNotifications
08-04 17:30:22.880  6955  6955 I CAM_Profiler: [ 16.525ms][ui] GUARD: CameraApp onCreate() - STOP
08-04 17:30:22.910  6955  6955 V CAM_QuickActivity: START onCreate: Activity = com.android.camera.CameraActivity@5ea19db
08-04 17:30:22.911  6955  6955 V CAM_Profiler: [  0.000ms][ui] GUARD: CameraActivity.onCreateTasks - START
08-04 17:30:22.914  6955  6955 D CAM_LocationManager: Using LegacyLocationProvider
08-04 17:30:22.959   517   517 E RenderEngine: GL error 0x0501
08-04 17:30:22.975   517   517 E RenderEngine: GL error 0x0501
08-04 17:30:23.036  6955  6955 D CAM_MemoryManagerImpl: Max native memory: 537 MB
08-04 17:30:23.044  6955  6955 I CAM_OneCamFtrCnfgCrtr: CaptureModule? true
08-04 17:30:23.068  6955  6955 I CAM_Profiler: [156.926ms][ui] GUARD: CameraActivity.onCreateTasks - [16.612ms] Glide.setup
08-04 17:30:23.073  6955  6955 D CAM_Camera2OneCamMgr: Getting First BACK Camera
08-04 17:30:23.075  6955  6955 I CameraManagerGlobal: Connecting to camera service
08-04 17:30:23.082  5277  6351 W ServiceManager: Permission failure: android.permission.CAMERA_OPEN_CLOSE_LISTENER from uid=10102 pid=6955
08-04 17:30:23.089  6955  6955 D CAM_Camera2OneCamMgr: Getting First FRONT Camera
08-04 17:30:23.100  6955  6955 I CAM_Profiler: [188.109ms][ui] GUARD: CameraActivity.onCreateTasks - [31.184ms] OneCameraManager.get
08-04 17:30:23.113  6955  6955 V CAM_SettingsManager: listeners: [com.android.camera.CameraActivity@5ea19db]
08-04 17:30:23.131  6955  6955 V CAM_Profiler: [219.265ms][ui] GUARD: CameraActivity.onCreateTasks - [14.307ms] computePictureSizes
08-04 17:30:23.182   474  1263 D audio_hw_primary: out_standby: enter: stream (0xe6a4f000) usecase(1: low-latency-playback)
08-04 17:30:23.191  6955  6955 W CAM_Log : Tag RoundedThumbnailView is 1 chars longer than limit.
08-04 17:30:23.242   474  1263 D audio_hw_primary: disable_audio_route: reset and update mixer path: low-latency-playback speaker
08-04 17:30:23.244   474  1263 D hardware_info: hw_info_append_hw_type : device_name = speaker
08-04 17:30:23.245   474  1263 D audio_hw_primary: disable_snd_device: snd_device(2: speaker)
08-04 17:30:23.284  1329  1329 D ImageWallpaper: wallpaper visibility changes to: false
08-04 17:30:23.291   517   517 E Layer   : [Surface(name=AppWindowToken{75594e3 token=Token{2f2c512 ActivityRecord{4461f74 u0 com.android.launcher3/.lineage.LineageLauncher t2}}})/@0xaf271e3 - animation-leash#0] No local sync point found
08-04 17:30:23.292   517   517 I chatty  : uid=1000(system) /system/bin/surfaceflinger identical 1 line
08-04 17:30:23.292   517   517 E Layer   : [Surface(name=AppWindowToken{75594e3 token=Token{2f2c512 ActivityRecord{4461f74 u0 com.android.launcher3/.lineage.LineageLauncher t2}}})/@0xaf271e3 - animation-leash#0] No local sync point found
08-04 17:30:23.293   517   517 E Layer   : [Surface(name=AppWindowToken{35c8e65 token=Token{3af8b5c ActivityRecord{32315cf u0 com.android.camera2/com.android.camera.CameraLauncher t3}}})/@0xcb9f9db - animation-leash#0] No local sync point found
08-04 17:30:23.293   517   517 I chatty  : uid=1000(system) /system/bin/surfaceflinger identical 1 line
08-04 17:30:23.293   517   517 E Layer   : [Surface(name=AppWindowToken{35c8e65 token=Token{3af8b5c ActivityRecord{32315cf u0 com.android.camera2/com.android.camera.CameraLauncher t3}}})/@0xcb9f9db - animation-leash#0] No local sync point found
08-04 17:30:23.308   517   517 E Layer   : [Surface(name=AppWindowToken{75594e3 token=Token{2f2c512 ActivityRecord{4461f74 u0 com.android.launcher3/.lineage.LineageLauncher t2}}})/@0xaf271e3 - animation-leash#0] No local sync point found
08-04 17:30:23.308   517   517 E Layer   : [Surface(name=AppWindowToken{35c8e65 token=Token{3af8b5c ActivityRecord{32315cf u0 com.android.camera2/com.android.camera.CameraLauncher t3}}})/@0xcb9f9db - animation-leash#0] No local sync point found
08-04 17:30:23.413  6955  6955 I CAM_Profiler: [501.830ms][ui] GUARD: CameraActivity.onCreateTasks - [277.091ms] setContentView()
08-04 17:30:23.442  6955  6955 I CAM_Profiler: [530.216ms][ui] GUARD: CameraActivity.onCreateTasks - [28.386ms] Configure Camera UI
08-04 17:30:23.457  6955  6955 V CAM_CameraController: Closing camera
08-04 17:30:23.459  6955  6981 W CAM2PORT_AndCamAgntImp: Releasing camera without any camera opened.
08-04 17:30:23.459  6955  6955 V CAM_ModulesInfo: EnableCaptureModule = true
08-04 17:30:23.462  6955  6955 V CAM_Profiler: [  0.000ms][ui] GUARD: new CaptureModule - START
08-04 17:30:23.467  6955  6955 V CAM_Profiler: [  4.703ms][ui] GUARD: new CaptureModule - STOP
08-04 17:30:23.467  6955  6955 V CAM_SettingsManager: listeners: [com.android.camera.CameraActivity@5ea19db, com.android.camera.app.CameraAppUI@8fe7085]
08-04 17:30:23.485  6955  6955 V CAM_SettingsManager: listeners: [com.android.camera.CameraActivity@5ea19db, com.android.camera.app.CameraAppUI@8fe7085, com.android.camera.ButtonManager@c95cea6]
08-04 17:30:23.486  6955  6955 V CAM_SettingsManager: listeners: [com.android.camera.CameraActivity@5ea19db, com.android.camera.app.CameraAppUI@8fe7085, com.android.camera.ButtonManager@c95cea6, com.android.camera.widget.IndicatorIconController@ca9b494]
08-04 17:30:23.487  6955  6955 I CAM_Profiler: [575.319ms][ui] GUARD: CameraActivity.onCreateTasks - [19.254ms] Init Current Module UI
08-04 17:30:23.488  6955  6955 V CAM_Profiler: [  0.000ms][ui] GUARD: CaptureModule.init - START
08-04 17:30:23.488  6955  6955 D CAM_CaptureModule: init UseAutotransformUiLayout = false
08-04 17:30:23.489  6955  6955 D CAM_Camera2OneCamMgr: Getting First BACK Camera
08-04 17:30:23.492  6955  6955 D CAM_Camera2OneCamMgr: Getting First FRONT Camera
08-04 17:30:23.519  6955  6955 I CAM_Profiler: [ 31.370ms][ui] GUARD: CaptureModule.init - STOP
08-04 17:30:23.520  6955  6955 I CAM_Profiler: [608.789ms][ui] GUARD: CameraActivity.onCreateTasks - [33.469ms] Init CurrentModule
08-04 17:30:23.544  6955  6955 I CAM_Profiler: [632.017ms][ui] GUARD: CameraActivity.onCreateTasks - STOP
08-04 17:30:23.544  6955  6955 V CAM_QuickActivity: END onCreate: Activity = com.android.camera.CameraActivity@5ea19db
08-04 17:30:23.556  6955  6955 V CAM_QuickActivity: START onStart: Activity = com.android.camera.CameraActivity@5ea19db
08-04 17:30:23.565  6955  6955 V CAM_QuickActivity: END onStart: Activity = com.android.camera.CameraActivity@5ea19db
08-04 17:30:23.568  6955  6955 V CAM_QuickActivity: START onResume: Activity = com.android.camera.CameraActivity@5ea19db
08-04 17:30:23.569  6955  6955 V CAM_QuickActivity: onResume(): isKeyguardLocked() = false
08-04 17:30:23.570  6955  6955 V CAM_QuickActivity: onResume --> onResumeTasks()
08-04 17:30:23.572  6955  6955 V CAM_Profiler: [  0.000ms][ui] GUARD: CameraActivity.resume - START
08-04 17:30:23.573  6955  6955 V CAM_CameraActivity: Build info: lineage_h815-userdebug 10 QQ3A.200705.002 eng.kessar.20200804.122306 test-keys
08-04 17:30:23.584  6955  6955 V CAM_Profiler: [  0.000ms][ui] GUARD: CaptureModule.resume - START
08-04 17:30:23.585  6955  6994 D CAM_Storage: External storage state=mounted
08-04 17:30:23.585  6955  6955 V CAM_Profiler: [  1.569ms][ui] GUARD: CaptureModule.resume - [ 0.034ms] getRemoteShutterListener.onModuleReady
08-04 17:30:23.582  6955  6990 V CAM_CameraDataAdapter: retrieved photo metadata, number of items: 0
08-04 17:30:23.587  6955  6990 V CAM_CameraDataAdapter: retrieved video metadata, number of items: 0
08-04 17:30:23.588  6955  6990 V CAM_CameraDataAdapter: sorting video/photo metadata
08-04 17:30:23.588  6955  6990 V CAM_CameraDataAdapter: sorted video/photo metadata
08-04 17:30:23.598  6955  6992 D CCodec  : allocate(c2.android.vorbis.decoder)
08-04 17:30:23.598  6955  6991 D CCodec  : allocate(c2.android.vorbis.decoder)
08-04 17:30:23.605  6955  6991 I Codec2Client: Available Codec2 services: "software"
08-04 17:30:23.606  6955  6991 I Codec2Client: Creating a Codec2 client to service "software"
08-04 17:30:23.606   947  1664 D sensors_hal_SMGR: batch:sensor(android.sensor.magnetic_field) sample_rate=5.000000Hz report_rate_f=0.000000Hz curr sample rate:0.000000 cur rpt rate:0 max:100.000000 min:1.000000
08-04 17:30:23.606   947  1664 D sensors_hal_SMGR: enable:sensor(android.sensor.magnetic_field) handle 10, freq=5.000000 report_rate=0 batched=0
08-04 17:30:23.607   947  1664 D sensors_hal_SMGR: SMGRPrepareAddMsg sample_rate 5.000000 report_rate 327680 subhz_sample_rate_ms 0 sample_rate_hz 5
08-04 17:30:23.607   947  1664 D sensors_hal_SMGR: SMGRPrepareAddMsg:sensor android.sensor.magnetic_field 
08-04 17:30:23.609  6955  6991 I Codec2Client: Client to Codec2 service "software" created
08-04 17:30:23.609   947  1126 D sensors_hal: flushSendCmplt: handle=0
08-04 17:30:23.610   947  1196 D sensors_hal_Ctx: poll:polldata:1, sensor:0, type:0, x:0.000000 y:0.000000 z:9566168065947904877949085148172517376.000000
08-04 17:30:23.611   705  1793 V C2Store : in init
08-04 17:30:23.611   947  1664 D sensors_hal_SMGR: SMGRReportAdd: Received Response: 0
08-04 17:30:23.611   705  1793 V C2Store : loading dll
08-04 17:30:23.613  6955  6955 V CAM_Profiler: [ 29.145ms][ui] GUARD: CaptureModule.resume - [ 8.808ms] mHeadingSensor.activate()
08-04 17:30:23.614  6955  6955 I CAM_Profiler: [ 29.145ms][ui] GUARD: CaptureModule.resume - STOP
08-04 17:30:23.615  6955  6955 I CAM_Profiler: [ 42.186ms][ui] GUARD: CameraActivity.resume - [30.985ms] mCurrentModule.resume
08-04 17:30:23.616  6955  6992 I CCodec  : Created component [c2.android.vorbis.decoder]
08-04 17:30:23.616  6955  6991 I CCodec  : Created component [c2.android.vorbis.decoder]
08-04 17:30:23.617  6955  6955 V CAM_Profiler: [ 44.337ms][ui] GUARD: CameraActivity.resume - [ 0.040ms] mPanoramaViewHelper.onResume()
08-04 17:30:23.617  6955  6992 D CCodecConfig: read media type: audio/vorbis
08-04 17:30:23.618  6955  6955 V CAM_LcyLocProvider: starting location updates
08-04 17:30:23.618  6955  6991 D CCodecConfig: read media type: audio/vorbis
08-04 17:30:23.621   947  1126 V sensors_hal_Mag: processReportInd:sensor android.sensor.magnetic_field 
08-04 17:30:23.622   947  1126 V sensors_hal_Mag: processReportInd: Cal Mag Filter, 0, 1, 2.163696, -4.426575, -44.973755, 2.163696, -4.426575, -44.973755, 2.163696, -4.426575, -44.973755
08-04 17:30:23.622  6955  6955 D CAM_LcyLocProvider: provider does not exist provider doesn't exist: network
08-04 17:30:23.622   947  1196 D sensors_hal_Ctx: poll:polldata:1, sensor:10, type:2, x:2.163696 y:-4.426575 z:-44.973755
08-04 17:30:23.622  6955  6992 D ReflectedParamUpdater: extent() != 1 for single value type: algo.buffers.max-count.values
08-04 17:30:23.623  6955  6991 D ReflectedParamUpdater: extent() != 1 for single value type: algo.buffers.max-count.values
08-04 17:30:23.624  6955  6991 D ReflectedParamUpdater: extent() != 1 for single value type: output.subscribed-indices.values
08-04 17:30:23.625  6955  6991 D ReflectedParamUpdater: extent() != 1 for single value type: input.buffers.allocator-ids.values
08-04 17:30:23.625  6955  6955 D CAM_LcyLocProvider: startReceivingLocationUpdates
08-04 17:30:23.626  6955  6955 I CAM_Profiler: [ 53.387ms][ui] GUARD: CameraActivity.resume - STOP
08-04 17:30:23.626  6955  6991 D ReflectedParamUpdater: extent() != 1 for single value type: output.buffers.allocator-ids.values
08-04 17:30:23.627  6955  6991 D ReflectedParamUpdater: extent() != 1 for single value type: algo.buffers.allocator-ids.values
08-04 17:30:23.627  6955  6991 D ReflectedParamUpdater: extent() != 1 for single value type: output.buffers.pool-ids.values
08-04 17:30:23.627  6955  6992 D ReflectedParamUpdater: extent() != 1 for single value type: output.subscribed-indices.values
08-04 17:30:23.628   947  1048 E LocSvc_eng: I/===> loc_eng_set_position_mode line 2089 
08-04 17:30:23.628   947  1048 E LocSvc_eng: I/===> loc_eng_start line 1970 
08-04 17:30:23.629   947  1464 E LocSvc_api_v02: I/---> locClientSendReq line 2059 QMI_LOC_REG_EVENTS_REQ_V02
08-04 17:30:23.629  6955  6992 D ReflectedParamUpdater: extent() != 1 for single value type: input.buffers.allocator-ids.values
08-04 17:30:23.629  6955  6991 D ReflectedParamUpdater: extent() != 1 for single value type: algo.buffers.pool-ids.values
08-04 17:30:23.630  6955  6992 D ReflectedParamUpdater: extent() != 1 for single value type: output.buffers.allocator-ids.values
08-04 17:30:23.631  6955  6992 D ReflectedParamUpdater: extent() != 1 for single value type: algo.buffers.allocator-ids.values
08-04 17:30:23.632  6955  6992 D ReflectedParamUpdater: extent() != 1 for single value type: output.buffers.pool-ids.values
08-04 17:30:23.633  6955  6992 D ReflectedParamUpdater: extent() != 1 for single value type: algo.buffers.pool-ids.values
08-04 17:30:23.633  6955  6991 I CCodecConfig: query failed after returning 7 values (BAD_INDEX)
08-04 17:30:23.634  6955  6955 V CAM_QuickActivity: END onResume: Activity = com.android.camera.CameraActivity@5ea19db
08-04 17:30:23.634  6955  6991 D CCodecConfig: c2 config diff is Dict {
08-04 17:30:23.634  6955  6991 D CCodecConfig:   c2::u32 coded.bitrate.value = 64000
08-04 17:30:23.634  6955  6991 D CCodecConfig:   c2::u32 input.buffers.max-size.value = 32768
08-04 17:30:23.634  6955  6991 D CCodecConfig:   c2::u32 input.delay.value = 0
08-04 17:30:23.634  6955  6991 D CCodecConfig:   string input.media-type.value = "audio/vorbis"
08-04 17:30:23.634  6955  6991 D CCodecConfig:   string output.media-type.value = "audio/raw"
08-04 17:30:23.634  6955  6991 D CCodecConfig:   c2::u32 raw.channel-count.value = 1
08-04 17:30:23.634  6955  6991 D CCodecConfig:   c2::u32 raw.sample-rate.value = 48000
08-04 17:30:23.634  6955  6991 D CCodecConfig: }
08-04 17:30:23.635  6955  6992 I CCodecConfig: query failed after returning 7 values (BAD_INDEX)
08-04 17:30:23.635  6955  6991 D CCodecConfig: no c2 equivalents for durationUs
08-04 17:30:23.635  6955  6992 D CCodecConfig: c2 config diff is Dict {
08-04 17:30:23.635  6955  6992 D CCodecConfig:   c2::u32 coded.bitrate.value = 64000
08-04 17:30:23.635  6955  6992 D CCodecConfig:   c2::u32 input.buffers.max-size.value = 32768
08-04 17:30:23.635  6955  6992 D CCodecConfig:   c2::u32 input.delay.value = 0
08-04 17:30:23.635  6955  6992 D CCodecConfig:   string input.media-type.value = "audio/vorbis"
08-04 17:30:23.635  6955  6992 D CCodecConfig:   string output.media-type.value = "audio/raw"
08-04 17:30:23.635  6955  6992 D CCodecConfig:   c2::u32 raw.channel-count.value = 1
08-04 17:30:23.635  6955  6992 D CCodecConfig:   c2::u32 raw.sample-rate.value = 48000
08-04 17:30:23.635  6955  6992 D CCodecConfig: }
08-04 17:30:23.636  6955  6991 D CCodecConfig: no c2 equivalents for csd-1
08-04 17:30:23.636  6955  6991 D CCodecConfig: no c2 equivalents for track-id
08-04 17:30:23.637  6955  6991 D CCodecConfig: no c2 equivalents for channel-mask
08-04 17:30:23.637  6955  6992 D CCodecConfig: no c2 equivalents for durationUs
08-04 17:30:23.637  6955  6992 D CCodecConfig: no c2 equivalents for csd-1
08-04 17:30:23.638  6955  6992 D CCodecConfig: no c2 equivalents for track-id
08-04 17:30:23.638  6955  6991 D CCodecConfig: c2 config diff is   c2::u32 raw.channel-count.value = 2
08-04 17:30:23.638  6955  6992 D CCodecConfig: no c2 equivalents for channel-mask
08-04 17:30:23.639  6955  6991 W Codec2Client: query -- param skipped: index = 1107298332.
08-04 17:30:23.640  6955  6992 D CCodecConfig: c2 config diff is   c2::u32 raw.channel-count.value = 2
08-04 17:30:23.640  6955  6992 D CCodecConfig:   c2::u32 raw.sample-rate.value = 44100
08-04 17:30:23.640  6955  6991 D CCodec  : setup formats input: AMessage(what = 0x00000000) = {
08-04 17:30:23.640  6955  6991 D CCodec  :   int32_t channel-count = 2
08-04 17:30:23.640  6955  6991 D CCodec  :   int32_t max-input-size = 32768
08-04 17:30:23.640  6955  6991 D CCodec  :   string mime = "audio/vorbis"
08-04 17:30:23.640  6955  6991 D CCodec  :   int32_t sample-rate = 48000
08-04 17:30:23.640  6955  6991 D CCodec  : } and output: AMessage(what = 0x00000000) = {
08-04 17:30:23.640  6955  6991 D CCodec  :   int32_t channel-count = 2
08-04 17:30:23.640  6955  6991 D CCodec  :   string mime = "audio/raw"
08-04 17:30:23.640  6955  6991 D CCodec  :   int32_t sample-rate = 48000
08-04 17:30:23.640  6955  6991 D CCodec  :   int32_t channel-mask = 3
08-04 17:30:23.640  6955  6991 D CCodec  : }
08-04 17:30:23.641  6955  6992 W Codec2Client: query -- param skipped: index = 1107298332.
08-04 17:30:23.641  6955  6992 D CCodec  : setup formats input: AMessage(what = 0x00000000) = {
08-04 17:30:23.641  6955  6992 D CCodec  :   int32_t channel-count = 2
08-04 17:30:23.641  6955  6992 D CCodec  :   int32_t max-input-size = 32768
08-04 17:30:23.641  6955  6992 D CCodec  :   string mime = "audio/vorbis"
08-04 17:30:23.641  6955  6992 D CCodec  :   int32_t sample-rate = 44100
08-04 17:30:23.641  6955  6992 D CCodec  : } and output: AMessage(what = 0x00000000) = {
08-04 17:30:23.641  6955  6992 D CCodec  :   int32_t channel-count = 2
08-04 17:30:23.641  6955  6992 D CCodec  :   string mime = "audio/raw"
08-04 17:30:23.641  6955  6992 D CCodec  :   int32_t sample-rate = 44100
08-04 17:30:23.641  6955  6992 D CCodec  :   int32_t channel-mask = 3
08-04 17:30:23.641  6955  6992 D CCodec  : }
08-04 17:30:23.642  6955  6991 W Codec2Client: query -- param skipped: index = 1342179345.
08-04 17:30:23.643  6955  6991 W Codec2Client: query -- param skipped: index = 2415921170.
08-04 17:30:23.643   947  1464 E LocSvc_api_v02: I/---> locClientSendReq line 2059 QMI_LOC_SET_OPERATION_MODE_REQ_V02
08-04 17:30:23.645  6955  6992 W Codec2Client: query -- param skipped: index = 1342179345.
08-04 17:30:23.645  6955  6992 W Codec2Client: query -- param skipped: index = 2415921170.
08-04 17:30:23.647  6955  6991 D CCodecBufferChannel: [c2.android.vorbis.decoder#824] Created input block pool with allocatorID 16 => poolID 17 - OK (0)
08-04 17:30:23.648  6955  6992 D CCodecBufferChannel: [c2.android.vorbis.decoder#918] Created input block pool with allocatorID 16 => poolID 18 - OK (0)
08-04 17:30:23.650   947  1920 E LocSvc_ApiV02: I/<--- void globalRespCb(locClientHandleType, uint32_t, const locClientRespIndUnionType, uint32_t, void *) line 133 QMI_LOC_SET_OPERATION_MODE_REQ_V02
08-04 17:30:23.650   947  1464 E LocSvc_api_v02: I/---> locClientSendReq line 2059 QMI_LOC_START_REQ_V02
08-04 17:30:23.650  1329  1815 D BufferPoolAccessor: bufferpool2 0x6f984b2820 : 0(0 size) total buffers - 0(0 size) used buffers - 3/9 (recycle/alloc) - 6/36 (fetch/transfer)
08-04 17:30:23.651   947  1267 D BufferPoolAccessor: bufferpool2 0x6f07dfc420 : 0(0 size) total buffers - 0(0 size) used buffers - 2/9 (recycle/alloc) - 9/18 (fetch/transfer)
08-04 17:30:23.651  1329  1815 D BufferPoolAccessor: Destruction - bufferpool2 0x6f984b2820 cached: 0/0M, 0/0% in use; allocs: 9, 33% recycled; transfers: 36, 83% unfetced
08-04 17:30:23.652   947  1267 D BufferPoolAccessor: Destruction - bufferpool2 0x6f07dfc420 cached: 0/0M, 0/0% in use; allocs: 9, 22% recycled; transfers: 18, 50% unfetced
08-04 17:30:23.652  1329  1815 D BufferPoolAccessor: bufferpool2 0x6f824a5e20 : 0(0 size) total buffers - 0(0 size) used buffers - 2/9 (recycle/alloc) - 7/38 (fetch/transfer)
08-04 17:30:23.652   947  1267 D BufferPoolAccessor: bufferpool2 0x6f07dfc620 : 0(0 size) total buffers - 0(0 size) used buffers - 2/9 (recycle/alloc) - 9/20 (fetch/transfer)
08-04 17:30:23.652  1329  1815 D BufferPoolAccessor: Destruction - bufferpool2 0x6f824a5e20 cached: 0/0M, 0/0% in use; allocs: 9, 22% recycled; transfers: 38, 82% unfetced
08-04 17:30:23.653   947  1267 D BufferPoolAccessor: Destruction - bufferpool2 0x6f07dfc620 cached: 0/0M, 0/0% in use; allocs: 9, 22% recycled; transfers: 20, 55% unfetced
08-04 17:30:23.653  1329  1815 D BufferPoolAccessor: bufferpool2 0x6f984de020 : 0(0 size) total buffers - 0(0 size) used buffers - 2/9 (recycle/alloc) - 7/18 (fetch/transfer)
08-04 17:30:23.653   947  1266 D BufferPoolAccessor: bufferpool2 0x6f06084220 : 0(0 size) total buffers - 0(0 size) used buffers - 2/9 (recycle/alloc) - 7/20 (fetch/transfer)
08-04 17:30:23.653   947  1818 D BufferPoolAccessor: bufferpool2 0x6f1f95c020 : 0(0 size) total buffers - 0(0 size) used buffers - 2/9 (recycle/alloc) - 7/34 (fetch/transfer)
08-04 17:30:23.654  6955  6991 I CCodecBufferChannel: [c2.android.vorbis.decoder#824] Created output block pool with allocatorID 16 => poolID 26 - OK
08-04 17:30:23.654  6955  6955 V CAM_FocusController: configurePreviewDimensions(RectF(0.0, 0.0, 0.0, 0.0))
08-04 17:30:23.654  1329  1815 D BufferPoolAccessor: Destruction - bufferpool2 0x6f984de020 cached: 0/0M, 0/0% in use; allocs: 9, 22% recycled; transfers: 18, 61% unfetced
08-04 17:30:23.655  6955  6955 V CAM_CameraActivity: ignoring storage callback after activity pause
08-04 17:30:23.656  6955  6991 D CCodecBufferChannel: [c2.android.vorbis.decoder#824] Configured output block pool ids 26 => OK
08-04 17:30:23.656   947  1266 D BufferPoolAccessor: Destruction - bufferpool2 0x6f06084220 cached: 0/0M, 0/0% in use; allocs: 9, 22% recycled; transfers: 20, 65% unfetced
08-04 17:30:23.657  6955  6991 E ion     : ioctl c0044901 failed with code -1: Invalid argument
08-04 17:30:23.657   947  1266 D BufferPoolAccessor: bufferpool2 0x6f97000e20 : 0(0 size) total buffers - 0(0 size) used buffers - 3/9 (recycle/alloc) - 6/34 (fetch/transfer)
08-04 17:30:23.657  6955  6993 D CAM_MemoryQuery: timestamp=217087, availMem=1904, totalMem=2819, totalPSS=20, lastTrimLevel=0, largeMemoryClass=768, nativePSS=10, dalvikPSS=2, otherPSS=7,threshold=216, lowMemory=false
08-04 17:30:23.658   947  1266 D BufferPoolAccessor: Destruction - bufferpool2 0x6f97000e20 cached: 0/0M, 0/0% in use; allocs: 9, 33% recycled; transfers: 34, 82% unfetced
08-04 17:30:23.658  6955  6992 I CCodecBufferChannel: [c2.android.vorbis.decoder#918] Created output block pool with allocatorID 16 => poolID 27 - OK
08-04 17:30:23.659  6955  6992 D CCodecBufferChannel: [c2.android.vorbis.decoder#918] Configured output block pool ids 27 => OK
08-04 17:30:23.661   705  6999 D SimpleC2Component: Using output block pool with poolID 26 => got 26 - 0
08-04 17:30:23.662   947  1818 D BufferPoolAccessor: Destruction - bufferpool2 0x6f1f95c020 cached: 0/0M, 0/0% in use; allocs: 9, 22% recycled; transfers: 34, 79% unfetced
08-04 17:30:23.665   947  1267 D BufferPoolAccessor: bufferpool2 0x6f06084020 : 0(0 size) total buffers - 0(0 size) used buffers - 2/9 (recycle/alloc) - 7/34 (fetch/transfer)
08-04 17:30:23.666   705  6998 D SimpleC2Component: Using output block pool with poolID 27 => got 27 - 0
08-04 17:30:23.669   947  1267 D BufferPoolAccessor: Destruction - bufferpool2 0x6f06084020 cached: 0/0M, 0/0% in use; allocs: 9, 22% recycled; transfers: 34, 79% unfetced
08-04 17:30:23.695  6955  6976 I Adreno  : QUALCOMM build                   : d3015e9, I25dc76dc3f
08-04 17:30:23.695  6955  6976 I Adreno  : Build Date                       : 01/26/17
08-04 17:30:23.695  6955  6976 I Adreno  : OpenGL ES Shader Compiler Version: XE031.09.00.03
08-04 17:30:23.695  6955  6976 I Adreno  : Local Branch                     : 
08-04 17:30:23.695  6955  6976 I Adreno  : Remote Branch                    : refs/tags/AU_LINUX_ANDROID_LA.BF64.1.2.3_RB1.07.00.00.258.011
08-04 17:30:23.695  6955  6976 I Adreno  : Remote Branch                    : NONE
08-04 17:30:23.695  6955  6976 I Adreno  : Reconstruct Branch               : NOTHING
08-04 17:30:23.697  6955  6955 V CAM_TexViewHelper: onLayoutChange
08-04 17:30:23.699  6955  6955 V CAM_TexViewHelper: updateTransform
08-04 17:30:23.700  6955  6955 V CAM_TexViewHelper: setAspectRatio: 0.0
08-04 17:30:23.701  6955  6955 D CAM_CaptureModule: updatePreviewTransform: 1440 x 2392
08-04 17:30:23.708  6955  6955 V CAM_TexViewHelper: setAspectRatio: NaN
08-04 17:30:23.709  6955  6955 V CAM_TexViewHelper: aspect ratio changed from: 0.0
08-04 17:30:23.732  6955  6955 V CAM_TexViewHelper: updateTransform
08-04 17:30:23.733  6955  6955 V CAM_CameraAppUI: SurfaceTexture is available
08-04 17:30:23.734  6955  6955 D CAM_CaptureModule: onSurfaceTextureAvailable
08-04 17:30:23.734  6955  6955 D CAM_CaptureModule: updatePreviewTransform: 1440 x 2392
08-04 17:30:23.738  6955  6955 V CAM_TexViewHelper: setAspectRatio: NaN
08-04 17:30:23.738  6955  6955 V CAM_TexViewHelper: aspect ratio changed from: NaN
08-04 17:30:23.740   947  1126 V sensors_hal_Mag: processReportInd:sensor android.sensor.magnetic_field 
08-04 17:30:23.740  6955  6955 I CAM_FocusRingView: Computing center via view bounds.
08-04 17:30:23.740   947  1126 V sensors_hal_Mag: processReportInd: Cal Mag Filter, 0, 1, 3.607178, -4.426575, -45.668030, 3.607178, -4.426575, -45.668030, 3.607178, -4.426575, -45.668030
08-04 17:30:23.740  6955  6993 V CAM_Profiler: [  0.000ms] GUARD: CaptureModule.closeCamera() - START
08-04 17:30:23.741   947  1196 D sensors_hal_Ctx: poll:polldata:1, sensor:10, type:2, x:3.607178 y:-4.426575 z:-45.668030
08-04 17:30:23.742  6955  6993 V CAM_Profiler: [  1.707ms] GUARD: CaptureModule.closeCamera() - [ 1.707ms] mCameraOpenCloseLock.acquire()
08-04 17:30:23.743  6955  6993 V CAM_Profiler: [  2.665ms] GUARD: CaptureModule.closeCamera() - STOP
08-04 17:30:23.745  6955  6993 V CAM_Profiler: [  0.000ms] GUARD: CaptureModule.openCameraAndStartPreview() - START
08-04 17:30:23.746  6955  6993 V CAM_Profiler: [  1.132ms] GUARD: CaptureModule.openCameraAndStartPreview() - [ 1.132ms] Acquired mCameraOpenCloseLock
08-04 17:30:23.752  6955  6976 W Gralloc3: mapper 3.x is not supported
08-04 17:30:23.759  6955  6993 I CAM_OneCamera1Opnr: Opening Camera: CameraId{Api2='0',Api1:0}
08-04 17:30:23.760  6955  6993 V CAM_ActvCamDevTrckr: Tracking active camera: null
08-04 17:30:23.763   947  1196 D sensors_hal_Ctx: poll:polldata:1, sensor:0, type:1, x:-3.069992 y:5.303986 z:7.587555
08-04 17:30:23.771  5277  5277 I CameraService: CameraService::connect call (PID -1 "com.android.camera2", camera ID 0) for HAL version default and Camera API version 2
08-04 17:30:23.775  5277  5277 I Camera2ClientBase: Camera 0: Opened. Client: com.android.camera2 (PID 6955, UID 10102)
08-04 17:30:23.775  5277  5277 I CameraDeviceClient: CameraDeviceClient 0: Opened
08-04 17:30:23.782   947  1196 D sensors_hal_Ctx: poll:polldata:1, sensor:0, type:1, x:-3.125488 y:5.369446 z:7.704163
08-04 17:30:23.786   474   474 D audio_hw_primary: adev_set_parameters: enter: cameraFacing=back
08-04 17:30:23.790   474   474 D audio_hw_extn: audio_extn_set_anc_parameters: anc_enabled:0
08-04 17:30:23.791   474   474 E soundtrigger: audio_extn_sound_trigger_set_parameters: str_params NULL
08-04 17:30:23.796  6358  6358 D mm-camera: mct: mct_controller_new: Creating new mct_controller with session-id 1
08-04 17:30:23.799   705   705 V C2Store : in ~ComponentModule
08-04 17:30:23.800   705   705 V C2Store : unloading dll
08-04 17:30:23.802  6358  7004 D mm-camera: mct: mct_pipeline_start_session_thread: E sensor
08-04 17:30:23.810  6358  7005 D mm-camera: mct: mct_pipeline_start_session_thread: E iface
08-04 17:30:23.815  6955  7006 D CCodec  : allocate(c2.android.vorbis.decoder)
08-04 17:30:23.818   705  1786 V C2Store : in init
08-04 17:30:23.819   705  1786 V C2Store : loading dll
08-04 17:30:23.823  6955  7006 I CCodec  : Created component [c2.android.vorbis.decoder]
08-04 17:30:23.824  6955  7006 D CCodecConfig: read media type: audio/vorbis
08-04 17:30:23.830  6955  7006 D ReflectedParamUpdater: extent() != 1 for single value type: algo.buffers.max-count.values
08-04 17:30:23.831  6955  7006 D ReflectedParamUpdater: extent() != 1 for single value type: output.subscribed-indices.values
08-04 17:30:23.832  6955  7006 D ReflectedParamUpdater: extent() != 1 for single value type: input.buffers.allocator-ids.values
08-04 17:30:23.833  6955  7006 D ReflectedParamUpdater: extent() != 1 for single value type: output.buffers.allocator-ids.values
08-04 17:30:23.834  6955  7006 D ReflectedParamUpdater: extent() != 1 for single value type: algo.buffers.allocator-ids.values
08-04 17:30:23.836  6955  7006 D ReflectedParamUpdater: extent() != 1 for single value type: output.buffers.pool-ids.values
08-04 17:30:23.836   947  1056 I ActivityTaskManager: Displayed com.android.camera2/com.android.camera.CameraLauncher: +1s155ms
08-04 17:30:23.838  6358  7005 D mm-camera: mct: mct_pipeline_start_session_thread: X isp
08-04 17:30:23.840  6358  7007 D mm-camera: mct: mct_pipeline_start_session_thread: E isp
08-04 17:30:23.840  6358  7007 E mm-camera-isp2: isp_module_start_session:174 session id 1
08-04 17:30:23.840  6955  7006 D ReflectedParamUpdater: extent() != 1 for single value type: algo.buffers.pool-ids.values
08-04 17:30:23.841   947  1196 D sensors_hal_Ctx: poll:polldata:1, sensor:0, type:1, x:-3.160416 y:5.409241 z:7.650543
08-04 17:30:23.844  6955  7006 I CCodecConfig: query failed after returning 7 values (BAD_INDEX)
08-04 17:30:23.846  6955  7006 D CCodecConfig: c2 config diff is Dict {
08-04 17:30:23.846  6955  7006 D CCodecConfig:   c2::u32 coded.bitrate.value = 64000
08-04 17:30:23.846  6955  7006 D CCodecConfig:   c2::u32 input.buffers.max-size.value = 32768
08-04 17:30:23.846  6955  7006 D CCodecConfig:   c2::u32 input.delay.value = 0
08-04 17:30:23.846  6955  7006 D CCodecConfig:   string input.media-type.value = "audio/vorbis"
08-04 17:30:23.846  6955  7006 D CCodecConfig:   string output.media-type.value = "audio/raw"
08-04 17:30:23.846  6955  7006 D CCodecConfig:   c2::u32 raw.channel-count.value = 1
08-04 17:30:23.846  6955  7006 D CCodecConfig:   c2::u32 raw.sample-rate.value = 48000
08-04 17:30:23.846  6955  7006 D CCodecConfig: }
08-04 17:30:23.847  6358  7004 E mm-camera: module_sensor_init_session:1245eeprom_name = imx234_eeprom
08-04 17:30:23.847  6955  7006 D CCodecConfig: no c2 equivalents for durationUs
08-04 17:30:23.848  6955  7006 D CCodecConfig: no c2 equivalents for csd-1
08-04 17:30:23.848  6955  7006 D CCodecConfig: no c2 equivalents for track-id
08-04 17:30:23.849  6955  7006 D CCodecConfig: no c2 equivalents for channel-mask
08-04 17:30:23.850  6955  7006 D CCodecConfig: c2 config diff is   c2::u32 raw.channel-count.value = 2
08-04 17:30:23.850  6955  7006 D CCodecConfig:   c2::u32 raw.sample-rate.value = 44100
08-04 17:30:23.851  6358  7010 D mm-camera: mct: mct_pipeline_start_session_thread: E stats
08-04 17:30:23.853  6955  7006 W Codec2Client: query -- param skipped: index = 1107298332.
08-04 17:30:23.854  6955  7006 D CCodec  : setup formats input: AMessage(what = 0x00000000) = {
08-04 17:30:23.854  6955  7006 D CCodec  :   int32_t channel-count = 2
08-04 17:30:23.854  6955  7006 D CCodec  :   int32_t max-input-size = 32768
08-04 17:30:23.854  6955  7006 D CCodec  :   string mime = "audio/vorbis"
08-04 17:30:23.854  6955  7006 D CCodec  :   int32_t sample-rate = 44100
08-04 17:30:23.854  6955  7006 D CCodec  : } and output: AMessage(what = 0x00000000) = {
08-04 17:30:23.854  6955  7006 D CCodec  :   int32_t channel-count = 2
08-04 17:30:23.854  6955  7006 D CCodec  :   string mime = "audio/raw"
08-04 17:30:23.854  6955  7006 D CCodec  :   int32_t sample-rate = 44100
08-04 17:30:23.854  6955  7006 D CCodec  :   int32_t channel-mask = 3
08-04 17:30:23.854  6955  7006 D CCodec  : }
08-04 17:30:23.856  6955  7006 W Codec2Client: query -- param skipped: index = 1342179345.
08-04 17:30:23.857  6955  7006 W Codec2Client: query -- param skipped: index = 2415921170.
08-04 17:30:23.857  6358  7012 D mm-camera: mct: mct_pipeline_start_session_thread: E pproc
08-04 17:30:23.858  6955  6955 V CAM_CameraDataAdapter: new photos query return num items: 0
08-04 17:30:23.859  6358  7010 E mm-camera: tcc_init: TCC ver.150418a
08-04 17:30:23.859  6955  7006 D CCodecBufferChannel: [c2.android.vorbis.decoder#782] Created input block pool with allocatorID 16 => poolID 19 - OK (0)
08-04 17:30:23.860  6358  7010 E mm-camera: q3a_port_init aecawb data: 0xeeae5f28 hal_version 3
08-04 17:30:23.863  6358  7010 I libsensor1: sensor1_init_once: Setting log level to 5
08-04 17:30:23.863  6358  7014 D mm-camera: mct: mct_pipeline_start_session_thread: E imglib
08-04 17:30:23.863  6955  7006 I CCodecBufferChannel: [c2.android.vorbis.decoder#782] Created output block pool with allocatorID 16 => poolID 28 - OK
08-04 17:30:23.864  6955  7006 D CCodecBufferChannel: [c2.android.vorbis.decoder#782] Configured output block pool ids 28 => OK
08-04 17:30:23.867   705  7008 D SimpleC2Component: Using output block pool with poolID 28 => got 28 - 0
08-04 17:30:23.868  6358  7014 E mm-camera: module_faceproc_start_session:1844] session cnt 1
08-04 17:30:23.869  6358  7007 D mm-camera: mct: mct_pipeline_start_session_thread: X imglib
08-04 17:30:23.880  6955  6955 V CAM_FocusController: configurePreviewDimensions(RectF(NaN, NaN, NaN, NaN))
08-04 17:30:23.881  6955  6955 I CAM_FocusRingView: Computing center via view bounds.
08-04 17:30:23.882  6358  7010 E mm-camera: sensor_laser_init:144  HW module: id: sensors name: STMicroelectronics VL53L0 sensor module
08-04 17:30:23.882  6955  6955 V CAM_FocusController: configurePreviewDimensions(RectF(NaN, NaN, NaN, NaN))
08-04 17:30:23.882  6358  7010 E Sensors : openInput
08-04 17:30:23.883  6955  6955 I CAM_FocusRingView: Computing center via view bounds.
08-04 17:30:23.884  6955  6955 V CAM_FocusController: configurePreviewDimensions(RectF(NaN, NaN, NaN, NaN))
08-04 17:30:23.884  6358  7010 E Sensors : devname: /dev/input/event4
08-04 17:30:23.885  6955  6955 I CAM_FocusRingView: Computing center via view bounds.
08-04 17:30:23.888  6358  7014 D mm-camera: mct: mct_pipeline_start_session_thread: X imglib
08-04 17:30:23.899  6358  7004 E mm-camera: module_sensor_init_session:1277flash subdev id = 0
08-04 17:30:23.901   947  1196 D sensors_hal_Ctx: poll:polldata:1, sensor:0, type:1, x:-3.092712 y:5.431320 z:7.554382
08-04 17:30:23.903  6358  7004 E mm-camera-sensor: sensor_sdk_util_get_kernel_i2c_addr_type:26Invalid addr_type = 0
08-04 17:30:23.904  6358  7004 E mm-camera-sensor: sensor_sdk_util_get_kernel_i2c_data_type:40Invalid addr_type = 0
08-04 17:30:23.907  6358  7010 E Sensors : devname: /dev/input/event3
08-04 17:30:23.908  6358  7004 E mm-camera-sensor: actuator_load_lib:491name=lc898122_claf, mode=camera
08-04 17:30:23.915  6358  7004 E mm-camera-sensor: actuator_load_lib:491name=lc898122_claf, mode=camcorder
08-04 17:30:23.918  6358  7004 E mm-camera-sensor: eeprom_do_af_calibration:197turn on Cal af(1)
08-04 17:30:23.919  6358  7004 E mm-camera-sdk: eeprom_autofocus_calibration_claf:173 KSY Kernel original macro hall : 17800, inf hall : -3300, macro_mecha 21000, vcm_type 65
08-04 17:30:23.920  6358  7004 E mm-camera-sdk: eeprom_autofocus_calibration_claf:178 KSY AF_algorithm convert macro hall : 350, inf hall : 0, total_rangetomacro : 0, offset_value_pplus_mtm : 0
08-04 17:30:23.920  6358  7004 E mm-camera: ois_init:305start: ois_init
08-04 17:30:23.922  6358  7010 E Sensors : devname: /dev/input/event0
08-04 17:30:23.924  6358  7004 E mm-camera: ois_init:372done: ois_init
08-04 17:30:23.925  6358  7004 E mm-camera-sensor: proxy_init:71name = LD_AF
08-04 17:30:23.925  6358  7026 E mm-camera: ois_thread:201ois thread is running
08-04 17:30:23.926  6358  7004 E mm-camera-sensor: sensor_proxy_on:151enter
08-04 17:30:23.941  6358  7012 E mm-camera-pp: [INFO] base_module_start_session:91, E, session=1
08-04 17:30:23.941   947  1126 V sensors_hal_Mag: processReportInd:sensor android.sensor.magnetic_field 
08-04 17:30:23.941  6358  7012 E mm-camera-pp: [INFO] base_module_start_session:91, E, session=1
08-04 17:30:23.942   947  1126 V sensors_hal_Mag: processReportInd: Cal Mag Filter, 0, 1, 4.328918, -3.713989, -48.442078, 4.328918, -3.713989, -48.442078, 4.328918, -3.713989, -48.442078
08-04 17:30:23.942  6358  7012 D mm-camera: mct: mct_pipeline_start_session_thread: X imglib
08-04 17:30:23.943   947  1196 D sensors_hal_Ctx: poll:polldata:1, sensor:10, type:2, x:4.328918 y:-3.713989 z:-48.442078
08-04 17:30:23.946  6358  7010 E Sensors : devname: /dev/input/event1
08-04 17:30:23.962  6358  7010 E Sensors : devname: /dev/input/mice
08-04 17:30:23.966  6358  7004 E mm-camera-sensor: sensor_proxy_thread_on:198enter
08-04 17:30:23.967  6358  7004 E mm-camera: module_sensor_init_session:1412tcs_sensor init Enter **
08-04 17:30:23.968   705   705 V C2Store : in ~ComponentModule
08-04 17:30:23.968   705   705 V C2Store : unloading dll
08-04 17:30:23.977  6955  7034 D CCodec  : allocate(c2.android.vorbis.decoder)
08-04 17:30:23.978   705   823 V C2Store : in init
08-04 17:30:23.978  6358  7010 E Sensors : devname: /dev/input/event2
08-04 17:30:23.978   705   823 V C2Store : loading dll
08-04 17:30:23.981   947  1196 D sensors_hal_Ctx: poll:polldata:1, sensor:0, type:1, x:-3.062592 y:5.410660 z:7.828186
08-04 17:30:23.985  6955  7034 I CCodec  : Created component [c2.android.vorbis.decoder]
08-04 17:30:23.986  6955  7034 D CCodecConfig: read media type: audio/vorbis
08-04 17:30:23.988  6955  7034 D ReflectedParamUpdater: extent() != 1 for single value type: algo.buffers.max-count.values
08-04 17:30:23.989  6955  7034 D ReflectedParamUpdater: extent() != 1 for single value type: output.subscribed-indices.values
08-04 17:30:23.990  6955  7034 D ReflectedParamUpdater: extent() != 1 for single value type: input.buffers.allocator-ids.values
08-04 17:30:23.990  6955  7034 D ReflectedParamUpdater: extent() != 1 for single value type: output.buffers.allocator-ids.values
08-04 17:30:23.991  6955  7034 D ReflectedParamUpdater: extent() != 1 for single value type: algo.buffers.allocator-ids.values
08-04 17:30:23.992  6955  7034 D ReflectedParamUpdater: extent() != 1 for single value type: output.buffers.pool-ids.values
08-04 17:30:23.992  6955  7034 D ReflectedParamUpdater: extent() != 1 for single value type: algo.buffers.pool-ids.values
08-04 17:30:23.993  6358  7004 E mm-camera-sensor: tcs_thread_create:291tcs_thread, thread_id 0
08-04 17:30:23.993  6358  7004 E mm-camera: module_sensor_start_session:1684SUCCESS
08-04 17:30:23.994  6358  7004 D mm-camera: mct: mct_pipeline_start_session_thread: X imglib
08-04 17:30:23.995  6955  7034 I CCodecConfig: query failed after returning 7 values (BAD_INDEX)
08-04 17:30:23.995  6358  7010 E Sensors : couldn't find 'STM VL53L0 proximity sensor' input device
08-04 17:30:23.998  6955  7034 D CCodecConfig: c2 config diff is Dict {
08-04 17:30:23.998  6955  7034 D CCodecConfig:   c2::u32 coded.bitrate.value = 64000
08-04 17:30:23.998  6955  7034 D CCodecConfig:   c2::u32 input.buffers.max-size.value = 32768
08-04 17:30:23.998  6955  7034 D CCodecConfig:   c2::u32 input.delay.value = 0
08-04 17:30:23.998  6955  7034 D CCodecConfig:   string input.media-type.value = "audio/vorbis"
08-04 17:30:23.998  6955  7034 D CCodecConfig:   string output.media-type.value = "audio/raw"
08-04 17:30:23.998  6955  7034 D CCodecConfig:   c2::u32 raw.channel-count.value = 1
08-04 17:30:23.998  6955  7034 D CCodecConfig:   c2::u32 raw.sample-rate.value = 48000
08-04 17:30:23.998  6955  7034 D CCodecConfig: }
08-04 17:30:23.999  6358  7010 E Sensors : ProximitySensor::ProximitySensor gets called!
08-04 17:30:23.999  6358  7010 E Sensors : ProximitySensor: input_name:, input_sysfs_path:/sys/class/input/input
08-04 17:30:24.000  6358  7010 E Sensors : ProximitySensor::enable function called for stmvl53L0!
08-04 17:30:24.000  6955  7034 D CCodecConfig: no c2 equivalents for durationUs
08-04 17:30:24.001  6955  7034 D CCodecConfig: no c2 equivalents for csd-1
08-04 17:30:24.001  6358  7010 E Sensors : ProximitySensor::enable filename:/sys/class/input/input/enable_ps_sensor
08-04 17:30:24.001  6955  7034 D CCodecConfig: no c2 equivalents for track-id
08-04 17:30:24.002  6955  7034 D CCodecConfig: no c2 equivalents for channel-mask
08-04 17:30:24.003  6955  7034 D CCodecConfig: c2 config diff is   c2::u32 raw.channel-count.value = 2
08-04 17:30:24.003  6955  7034 D CCodecConfig:   c2::u32 raw.sample-rate.value = 44100
08-04 17:30:24.004  6358  7010 E Sensors : ProximitySensor::enable: Failed to open file descriptor for enabling VL53L0
08-04 17:30:24.004  6358  7010 E Sensors : ProximitySensor::enable: Attempted to open file /sys/class/input/input/enable_ps_sensor. Error: -1
08-04 17:30:24.004  6955  7034 W Codec2Client: query -- param skipped: index = 1107298332.
08-04 17:30:24.005  6358  7010 E Sensors : open_sensors gets called!
08-04 17:30:24.005  6955  7034 D CCodec  : setup formats input: AMessage(what = 0x00000000) = {
08-04 17:30:24.005  6955  7034 D CCodec  :   int32_t channel-count = 2
08-04 17:30:24.005  6955  7034 D CCodec  :   int32_t max-input-size = 32768
08-04 17:30:24.005  6955  7034 D CCodec  :   string mime = "audio/vorbis"
08-04 17:30:24.005  6955  7034 D CCodec  :   int32_t sample-rate = 44100
08-04 17:30:24.005  6955  7034 D CCodec  : } and output: AMessage(what = 0x00000000) = {
08-04 17:30:24.005  6955  7034 D CCodec  :   int32_t channel-count = 2
08-04 17:30:24.005  6955  7034 D CCodec  :   string mime = "audio/raw"
08-04 17:30:24.005  6955  7034 D CCodec  :   int32_t sample-rate = 44100
08-04 17:30:24.005  6955  7034 D CCodec  :   int32_t channel-mask = 3
08-04 17:30:24.005  6955  7034 D CCodec  : }
08-04 17:30:24.005  6358  7010 E Sensors : is_tof_sensor_available() called
08-04 17:30:24.006  6358  7010 E Sensors : devname: /dev/input/event4
08-04 17:30:24.007  6955  7034 W Codec2Client: query -- param skipped: index = 1342179345.
08-04 17:30:24.007  6955  7034 W Codec2Client: query -- param skipped: index = 2415921170.
08-04 17:30:24.009  6955  7034 D CCodecBufferChannel: [c2.android.vorbis.decoder#974] Created input block pool with allocatorID 16 => poolID 20 - OK (0)
08-04 17:30:24.009  6358  7010 E Sensors : devname: /dev/input/event3
08-04 17:30:24.011  6955  7034 I CCodecBufferChannel: [c2.android.vorbis.decoder#974] Created output block pool with allocatorID 16 => poolID 29 - OK
08-04 17:30:24.012  6955  7034 D CCodecBufferChannel: [c2.android.vorbis.decoder#974] Configured output block pool ids 29 => OK
08-04 17:30:24.015   705  7035 D SimpleC2Component: Using output block pool with poolID 29 => got 29 - 0
08-04 17:30:24.017  6358  7010 E Sensors : devname: /dev/input/event0
08-04 17:30:24.026  6358  7010 E Sensors : devname: /dev/input/event1
08-04 17:30:24.040   947  1196 D sensors_hal_Ctx: poll:polldata:1, sensor:0, type:1, x:-2.869354 y:5.486084 z:7.560471
08-04 17:30:24.046  6358  7010 E Sensors : devname: /dev/input/mice
08-04 17:30:24.065  6358  7010 E Sensors : devname: /dev/input/event2
08-04 17:30:24.073  6358  7010 E Sensors : No Tof sensor found!!!
08-04 17:30:24.074  6358  7010 E mm-camera: sensor_laser_init:164  0 sensor supported
08-04 17:30:24.074  6358  7010 E mm-camera: gyro_port_init:1404  Failure initializing laser sensor. Error: 4
08-04 17:30:24.075  6358  7010 I CAMERA_SENSOR: start_accel_sensor
08-04 17:30:24.075  6358  7010 E mm-camera: start_accel_sensor: sensor1_open E
08-04 17:30:24.076   947  1126 D sensors_hal_SMGR: processBufferingInd:report(on_change_sensor) eventtype 0
08-04 17:30:24.077   705   705 V C2Store : in ~ComponentModule
08-04 17:30:24.077   705   705 V C2Store : unloading dll
08-04 17:30:24.078  6358  7010 E mm-camera: start_accel_sensor: sensor1_open X, res = 0
08-04 17:30:24.081  6358  7040 I CAMERA_SENSOR: accel_data_cb received RESP - SNS_SMGR_REPORT_RESP_V01
08-04 17:30:24.082  6358  6358 E mm-camera: sensor_get_cur_chromatix_name:2577Error: Load default preview chroamtix
08-04 17:30:24.082  6358  6358 E mm-camera-sensor: chromatix_load_library_ex : chromatix = libchromatix_imx234_snapshot.so , lib name = /system/vendor/lib/libchromatix_imx234_snapshot.so
08-04 17:30:24.084  6358  7010 D mm-camera: mct: mct_pipeline_start_session_thread: X imglib
08-04 17:30:24.086  6358  6358 E mm-camera-sensor: vendor/qcom/proprietary/mm-camera/mm-camera2/media-controller/modules/sensors/chromatix/0304/chromatix_imx234/snapshot/chromatix_imx234_snapshot.c : start chromatix process 
08-04 17:30:24.087  6358  6358 E mm-camera-sensor: vendor/qcom/proprietary/mm-camera/mm-camera2/media-controller/modules/sensors/chromatix/0304/chromatix_imx234/snapshot/chromatix_imx234_snapshot.c : fd_chromatix=-1 
08-04 17:30:24.088  6358  6358 E mm-camera-sensor: vendor/qcom/proprietary/mm-camera/mm-camera2/media-controller/modules/sensors/chromatix/0304/chromatix_imx234/snapshot/chromatix_imx234_snapshot.c: chromatix : Use default params
08-04 17:30:24.088  6358  6358 I mm-camera-sensor: chromatix ptr vendor/qcom/proprietary/mm-camera/mm-camera2/media-controller/modules/sensors/chromatix/0304/chromatix_imx234/snapshot/chromatix_imx234_snapshot.c, 0xe5f48008
08-04 17:30:24.089  6358  6358 E mm-camera-sensor: chromatix_load_library_ex : chromatix = libchromatix_imx234_snapshot.so , lib name = /system/vendor/lib/libchromatix_imx234_snapshot.so
08-04 17:30:24.090  6358  6358 E mm-camera-sensor: chromatix_load_library_ex : chromatix = libchromatix_imx234_common.so , lib name = /system/vendor/lib/libchromatix_imx234_common.so
08-04 17:30:24.093  6358  6358 E mm-camera-sensor: vendor/qcom/proprietary/mm-camera/mm-camera2/media-controller/modules/sensors/chromatix/0304/chromatix_imx234/common/chromatix_imx234_common.c : start chromatix process 
08-04 17:30:24.093  6358  6358 E mm-camera-sensor: vendor/qcom/proprietary/mm-camera/mm-camera2/media-controller/modules/sensors/chromatix/0304/chromatix_imx234/common/chromatix_imx234_common.c : fd_chromatix=-1 
08-04 17:30:24.093  6358  6358 E mm-camera-sensor: vendor/qcom/proprietary/mm-camera/mm-camera2/media-controller/modules/sensors/chromatix/0304/chromatix_imx234/common/chromatix_imx234_common.c: chromatix : Use default params
08-04 17:30:24.094  6358  6358 I mm-camera-sensor: chromatix ptr vendor/qcom/proprietary/mm-camera/mm-camera2/media-controller/modules/sensors/chromatix/0304/chromatix_imx234/common/chromatix_imx234_common.c, 0xe5c44008
08-04 17:30:24.095  6358  6358 E mm-camera-sensor: chromatix_load_library_ex : chromatix = libchromatix_imx234_cpp_snapshot.so , lib name = /system/vendor/lib/libchromatix_imx234_cpp_snapshot.so
08-04 17:30:24.098  6358  6358 E mm-camera-sensor: chromatix_load_library_ex : chromatix = libchromatix_imx234_cpp_snapshot.so , lib name = /system/vendor/lib/libchromatix_imx234_cpp_snapshot.so
08-04 17:30:24.099  6358  6358 E mm-camera-sensor: chromatix_load_library_ex : chromatix = libchromatix_imx234_cpp_flash_snapshot.so , lib name = /system/vendor/lib/libchromatix_imx234_cpp_flash_snapshot.so
08-04 17:30:24.100   947  1196 D sensors_hal_Ctx: poll:polldata:1, sensor:0, type:1, x:-2.756439 y:5.465469 z:7.637405
08-04 17:30:24.102  6358  6358 E mm-camera-sensor: chromatix ptr 0xe42b3004
08-04 17:30:24.102  6358  6358 E mm-camera-sensor: chromatix_load_library_ex : chromatix = libchromatix_imx234_cpp_video.so , lib name = /system/vendor/lib/libchromatix_imx234_cpp_video.so
08-04 17:30:24.106  6358  6358 E mm-camera-sensor: chromatix_load_library_ex : chromatix = libchromatix_imx234_postproc.so , lib name = /system/vendor/lib/libchromatix_imx234_postproc.so
08-04 17:30:24.108  6358  6358 E mm-camera: module_faceproc_query_mod:1996] Caps ROI 5 scene_mode_cnt 1 HW analysis supported 0
08-04 17:30:24.108  6358  6358 E hdr     : module_hdr_lib_query_mod:181] Supported scenemode cnt 2
08-04 17:30:24.109  6358  6358 D mm-camera: mct: mct_pipeline_process_set:command=800000a
08-04 17:30:24.109  6358  6358 D mm-camera: mct: mct_pipeline_process_set: Adding new stream: id [0f]
08-04 17:30:24.110  6358  6358 D mm-camera: mct: mct_pipeline_process_set:command=8000012
08-04 17:30:24.110  6358  6358 D mm-camera: mct: mct_stream_start_link: Start linking Session-stream 0x1000f
08-04 17:30:24.110  6358  6358 I mm-camera: module_iface_set_mod_func: set module type = 8, identity 1000f
08-04 17:30:24.111  6358  6358 I mm-camera: port dir 2 stream info ide 1000f type 10 dim 0 x 0 port 0xeebb67c0
08-04 17:30:24.111  6358  6358 I mm-camera: port 0xeebb67c0 ide 1000f type 10 dim 0 0
08-04 17:30:24.112  6358  6358 I mm-camera: port dir 1 stream info ide 1000f type 10 dim 0 x 0 port 0xeebb6820
08-04 17:30:24.112  6358  6358 I mm-camera: port dir 1 stream info ide 1000f type 10 dim 0 x 0 port 0xeebb6880
08-04 17:30:24.113  6358  6358 I mm-camera: port dir 1 stream info ide 1000f type 10 dim 0 x 0 port 0xeebb68e0
08-04 17:30:24.113  6358  6358 I mm-camera: port dir 1 stream info ide 1000f type 10 dim 0 x 0 port 0xeebb6940
08-04 17:30:24.114  6358  6358 E mm-camera: int_link = 0xeebbcde0
08-04 17:30:24.114  6358  6358 I mm-camera: pproc_port_add_modules_to_stream:433, linking mods tmod and c2d
08-04 17:30:24.116  6358  6358 I mm-camera: pproc_port_add_modules_to_stream:433, linking mods c2d and cpp
