----------------------------------- Running service cameraserver -------------------------------------

08-25 17:54:28.819 17537 17537 I cameraserver: ServiceManager: 0xf55d31a0
08-25 17:54:28.820 17537 17537 I CameraService: CameraService started (pid=17537)
08-25 17:54:28.821 17537 17537 I CameraService: CameraService process starting
08-25 17:54:28.850 17537 17537 I ExtCamUtils@3.4: loadFromCfg: load external camera config succeed!
08-25 17:54:28.850 17537 17537 I ExtCamUtils@3.4: loadFromCfg: device 0 will be ignored by external camera provider
08-25 17:54:28.851 17537 17537 I ExtCamUtils@3.4: loadFromCfg: device 1 will be ignored by external camera provider
08-25 17:54:28.851 17537 17537 I ExtCamUtils@3.4: loadFromCfg: device 2 will be ignored by external camera provider
08-25 17:54:28.851 17537 17537 I ExtCamUtils@3.4: loadFromCfg: device 3 will be ignored by external camera provider
08-25 17:54:28.852 17537 17537 I ExtCamUtils@3.4: loadFromCfg: device 32 will be ignored by external camera provider
08-25 17:54:28.852 17537 17537 I ExtCamUtils@3.4: loadFromCfg: device 33 will be ignored by external camera provider
08-25 17:54:28.853 17537 17537 I ExtCamUtils@3.4: loadFromCfg: no external camera device config specified
08-25 17:54:28.863 17537 17537 I CameraProviderManager: Connecting to new camera provider: external/0, isRemote? 0
08-25 17:54:28.863 17537 17537 I CameraProviderManager: Camera provider external/0 ready with 0 camera devices
08-25 17:54:28.871 17537 17548 I CamPrvdr@2.4-external: threadLoop start monitoring new V4L2 devices
08-25 17:54:29.248 17537 17537 D mm-camera-intf: index = 0 flag = 1 mount_angle = 90 facing = 0
08-25 17:54:29.249 17537 17537 D mm-camera-intf: index = 1 flag = 103 mount_angle = 270 facing = 1
08-25 17:54:29.253  6906  6906 D mm-camera: mct: mct_controller_new: Creating new mct_controller with session-id 1
08-25 17:54:29.255  6906 17554 D mm-camera: mct: mct_pipeline_start_session_thread: E sensor
08-25 17:54:29.256  6906 17555 D mm-camera: mct: mct_pipeline_start_session_thread: E iface
08-25 17:54:29.258  6906 17556 D mm-camera: mct: mct_pipeline_start_session_thread: E isp
08-25 17:54:29.258  6906 17556 E mm-camera-isp2: isp_module_start_session:174 session id 1
08-25 17:54:29.258  6906 17555 D mm-camera: mct: mct_pipeline_start_session_thread: X isp
08-25 17:54:29.259  6906 17558 D mm-camera: mct: mct_pipeline_start_session_thread: E stats
08-25 17:54:29.261  6906 17559 D mm-camera: mct: mct_pipeline_start_session_thread: E pproc
08-25 17:54:29.261  6906 17558 E mm-camera: tcc_init: TCC ver.150418a
08-25 17:54:29.264  6906 17560 D mm-camera: mct: mct_pipeline_start_session_thread: E imglib
08-25 17:54:29.266  6906 17560 E mm-camera: module_faceproc_start_session:1844] session cnt 1
08-25 17:54:29.268  6906 17556 D mm-camera: mct: mct_pipeline_start_session_thread: X imglib
08-25 17:54:29.270  6906 17560 D mm-camera: mct: mct_pipeline_start_session_thread: X imglib
08-25 17:54:29.273  6906 17554 E mm-camera: module_sensor_init_session:1245eeprom_name = imx234_eeprom
08-25 17:54:29.274  6906 17558 E mm-camera: sensor_laser_init:144  HW module: id: sensors name: STMicroelectronics VL53L0 sensor module
08-25 17:54:29.275  6906 17558 E Sensors : openInput
08-25 17:54:29.275  6906 17558 E Sensors : devname: /dev/input/event4
08-25 17:54:29.277  6906 17558 E Sensors : devname: /dev/input/event3
08-25 17:54:29.285  6906 17558 E Sensors : devname: /dev/input/event0
08-25 17:54:29.289  6906 17558 E Sensors : devname: /dev/input/mice
08-25 17:54:29.305  6906 17558 E Sensors : devname: /dev/input/event2
08-25 17:54:29.306  6906 17558 E Sensors : devname: /dev/input/event1
08-25 17:54:29.307  6906 17558 E Sensors : couldn't find 'STM VL53L0 proximity sensor' input device
08-25 17:54:29.308  6906 17558 E Sensors : ProximitySensor::ProximitySensor gets called!
08-25 17:54:29.308  6906 17558 E Sensors : ProximitySensor: input_name:, input_sysfs_path:/sys/class/input/input
08-25 17:54:29.309  6906 17558 E Sensors : ProximitySensor::enable function called for stmvl53L0!
08-25 17:54:29.309  6906 17558 E Sensors : ProximitySensor::enable filename:/sys/class/input/input/enable_ps_sensor
08-25 17:54:29.310  6906 17558 E Sensors : ProximitySensor::enable: Failed to open file descriptor for enabling VL53L0
08-25 17:54:29.310  6906 17558 E Sensors : ProximitySensor::enable: Attempted to open file /sys/class/input/input/enable_ps_sensor. Error: -1
08-25 17:54:29.310  6906 17558 E Sensors : open_sensors gets called!
08-25 17:54:29.311  6906 17558 E Sensors : is_tof_sensor_available() called
08-25 17:54:29.311  6906 17558 E Sensors : devname: /dev/input/event4
08-25 17:54:29.314  6906 17558 E Sensors : devname: /dev/input/event3
08-25 17:54:29.318  6906 17559 E mm-camera-pp: [INFO] base_module_start_session:91, E, session=1
08-25 17:54:29.319  6906 17559 E mm-camera-pp: [INFO] base_module_start_session:91, E, session=1
08-25 17:54:29.320  6906 17554 E mm-camera: module_sensor_init_session:1277flash subdev id = 0
08-25 17:54:29.320  6906 17559 D mm-camera: mct: mct_pipeline_start_session_thread: X imglib
08-25 17:54:29.321  6906 17558 E Sensors : devname: /dev/input/event0
08-25 17:54:29.322  6906 17554 E mm-camera-sensor: sensor_sdk_util_get_kernel_i2c_addr_type:26Invalid addr_type = 0
08-25 17:54:29.322  6906 17554 E mm-camera-sensor: sensor_sdk_util_get_kernel_i2c_data_type:40Invalid addr_type = 0
08-25 17:54:29.323  6906 17554 E mm-camera-sensor: actuator_load_lib:491name=lc898122_claf, mode=camera
08-25 17:54:29.325  6906 17554 E mm-camera-sensor: actuator_load_lib:491name=lc898122_claf, mode=camcorder
08-25 17:54:29.327  6906 17554 E mm-camera-sensor: eeprom_do_af_calibration:197turn on Cal af(1)
08-25 17:54:29.328  6906 17554 E mm-camera-sdk: eeprom_autofocus_calibration_claf:173 KSY Kernel original macro hall : 17800, inf hall : -3300, macro_mecha 21000, vcm_type 65
08-25 17:54:29.328  6906 17554 E mm-camera-sdk: eeprom_autofocus_calibration_claf:178 KSY AF_algorithm convert macro hall : 350, inf hall : 0, total_rangetomacro : 0, offset_value_pplus_mtm : 0
08-25 17:54:29.329  6906 17554 E mm-camera: ois_init:305start: ois_init
08-25 17:54:29.331  6906 17554 E mm-camera: ois_init:372done: ois_init
08-25 17:54:29.331  6906 17578 E mm-camera: ois_thread:201ois thread is running
08-25 17:54:29.332  6906 17554 E mm-camera-sensor: proxy_init:71name = LD_AF
08-25 17:54:29.333  6906 17554 E mm-camera-sensor: sensor_proxy_on:151enter
08-25 17:54:29.333  6906 17558 E Sensors : devname: /dev/input/mice
08-25 17:54:29.349  6906 17558 E Sensors : devname: /dev/input/event2
08-25 17:54:29.361  6906 17558 E Sensors : devname: /dev/input/event1
08-25 17:54:29.365  6906 17558 E Sensors : No Tof sensor found!!!
08-25 17:54:29.366  6906 17558 E mm-camera: sensor_laser_init:164  0 sensor supported
08-25 17:54:29.367  6906 17558 E mm-camera: gyro_port_init:1404  Failure initializing laser sensor. Error: 4
08-25 17:54:29.367  6906 17558 I CAMERA_SENSOR: start_accel_sensor
08-25 17:54:29.368  6906 17558 E mm-camera: start_accel_sensor: sensor1_open E
08-25 17:54:29.371  6906 17558 E mm-camera: start_accel_sensor: sensor1_open X, res = 0
08-25 17:54:29.375  6906 17579 I CAMERA_SENSOR: accel_data_cb received RESP - SNS_SMGR_REPORT_RESP_V01
08-25 17:54:29.376  6906 17558 D mm-camera: mct: mct_pipeline_start_session_thread: X imglib
08-25 17:54:29.434  6906 17554 E mm-camera-sensor: sensor_proxy_thread_on:198enter
08-25 17:54:29.437  6906 17554 E mm-camera: module_sensor_init_session:1412tcs_sensor init Enter **
08-25 17:54:29.468  6906 17554 E mm-camera-sensor: tcs_thread_create:291tcs_thread, thread_id 0
08-25 17:54:29.473  6906 17554 E mm-camera: module_sensor_start_session:1684SUCCESS
08-25 17:54:29.474  6906 17554 D mm-camera: mct: mct_pipeline_start_session_thread: X imglib
08-25 17:54:29.474  6906  6906 E mm-camera: sensor_get_cur_chromatix_name:2577Error: Load default preview chroamtix
08-25 17:54:29.476  6906  6906 E mm-camera-sensor: chromatix_load_library_ex : chromatix = libchromatix_imx234_snapshot_open.so , lib name = /system/vendor/lib/libchromatix_imx234_snapshot_open.so
08-25 17:54:29.478  6906  6906 E mm-camera-sensor: chromatix_load_library_ex : chromatix = libchromatix_imx234_snapshot_open.so , lib name = /system/vendor/lib/libchromatix_imx234_snapshot_open.so
08-25 17:54:29.480  6906  6906 E mm-camera-sensor: chromatix_load_library_ex : chromatix = libchromatix_imx234_common_open.so , lib name = /system/vendor/lib/libchromatix_imx234_common_open.so
08-25 17:54:29.482  6906  6906 E mm-camera-sensor: chromatix_load_library_ex : chromatix = libchromatix_imx234_cpp_snapshot_open.so , lib name = /system/vendor/lib/libchromatix_imx234_cpp_snapshot_open.so
08-25 17:54:29.484  6906  6906 E mm-camera-sensor: chromatix_load_library_ex : chromatix = libchromatix_imx234_cpp_snapshot_open.so , lib name = /system/vendor/lib/libchromatix_imx234_cpp_snapshot_open.so
08-25 17:54:29.486  6906  6906 E mm-camera-sensor: chromatix_load_library_ex : chromatix = libchromatix_imx234_cpp_flash_snapshot_open.so , lib name = /system/vendor/lib/libchromatix_imx234_cpp_flash_snapshot_open.so
08-25 17:54:29.487  6906  6906 E mm-camera-sensor: chromatix_load_library_ex : chromatix = libchromatix_imx234_cpp_video_open.so , lib name = /system/vendor/lib/libchromatix_imx234_cpp_video_open.so
08-25 17:54:29.489  6906  6906 E mm-camera-sensor: chromatix_load_library_ex : chromatix = libchromatix_imx234_postproc_open.so , lib name = /system/vendor/lib/libchromatix_imx234_postproc_open.so
08-25 17:54:29.492  6906  6906 E mm-camera: module_faceproc_query_mod:1996] Caps ROI 5 scene_mode_cnt 1 HW analysis supported 0
08-25 17:54:29.493  6906  6906 E hdr     : module_hdr_lib_query_mod:181] Supported scenemode cnt 2
08-25 17:54:29.495  6906  6906 D mm-camera: mct: mct_pipeline_process_set:command=800000a
08-25 17:54:29.496  6906  6906 D mm-camera: mct: mct_pipeline_process_set: Adding new stream: id [0f]
08-25 17:54:29.497  6906  6906 D mm-camera: mct: mct_pipeline_process_set:command=8000012
08-25 17:54:29.498  6906  6906 D mm-camera: mct: mct_stream_start_link: Start linking Session-stream 0x1000f
08-25 17:54:29.499  6906  6906 I mm-camera: module_iface_set_mod_func: set module type = 8, identity 1000f
08-25 17:54:29.501  6906  6906 I mm-camera: port dir 2 stream info ide 1000f type 10 dim 0 x 0 port 0xe950f7c0
08-25 17:54:29.502  6906  6906 I mm-camera: port 0xe950f7c0 ide 1000f type 10 dim 0 0
08-25 17:54:29.504  6906  6906 I mm-camera: port dir 1 stream info ide 1000f type 10 dim 0 x 0 port 0xe950f820
08-25 17:54:29.505  6906  6906 I mm-camera: port dir 1 stream info ide 1000f type 10 dim 0 x 0 port 0xe950f880
08-25 17:54:29.506  6906  6906 I mm-camera: port dir 1 stream info ide 1000f type 10 dim 0 x 0 port 0xe950f8e0
08-25 17:54:29.507  6906  6906 I mm-camera: port dir 1 stream info ide 1000f type 10 dim 0 x 0 port 0xe950f940
08-25 17:54:29.508  6906  6906 E mm-camera: int_link = 0xe9515de0
08-25 17:54:29.510  6906  6906 I mm-camera: pproc_port_add_modules_to_stream:433, linking mods tmod and c2d
08-25 17:54:29.515  6906  6906 I mm-camera: pproc_port_add_modules_to_stream:433, linking mods c2d and cpp
08-25 17:54:29.516  6906  6906 E mm-camera: Interleaved flag is 0, identity 65551 port type 0
08-25 17:54:29.516  6906  6906 I mm-camera: pproc_port_add_modules_to_stream:433, linking mods cpp and afs
08-25 17:54:29.517  6906  6906 I mm-camera: pproc_port_add_modules_to_stream:433, linking mods afs and llvd
08-25 17:54:29.519  6906  6906 I mm-camera: pproc_port_add_modules_to_stream:433, linking mods llvd and ezt
08-25 17:54:29.520  6906  6906 E mm-camera: pproc_port_add_modules_to_stream:454] X rc: 1
08-25 17:54:29.520  6906  6906 I mm-camera: port dir 1 stream info ide 1000f type 10 dim 0 x 0 port 0xe950f820
08-25 17:54:29.521  6906  6906 I mm-camera: port dir 1 stream info ide 1000f type 10 dim 0 x 0 port 0xe950f880
08-25 17:54:29.522  6906  6906 I mm-camera: port dir 1 stream info ide 1000f type 10 dim 0 x 0 port 0xe950f8e0
08-25 17:54:29.522  6906  6906 I mm-camera: port dir 1 stream info ide 1000f type 10 dim 0 x 0 port 0xe950f940
08-25 17:54:29.523  6906  6906 I mm-camera: port dir 1 stream info ide 1000f type 10 dim 0 x 0 port 0xe950f9a0
08-25 17:54:29.531  6906  6906 D mm-camera: mct: mct_pipeline_process_set: Linking successful for stream 0x1000f stream type=10
08-25 17:54:29.535  6906 17594 E mm-camera: mct: mct_pipeline_populate_query_cap_buffer: 3A VERSION:: 4.1.0.r2
08-25 17:54:29.536  6906 17594 D mm-camera: mct: Cam 0: FPS range selection complete. Publishing 6 ranges.
08-25 17:54:29.538  6906 17594 D mm-camera: mct: mct_pipeline_process_set:command=800000b
08-25 17:54:29.538  6906 17578 E mm-camera: ois_thread:239done : ois initialization
08-25 17:54:29.539  6906 17594 E mm-camera: mct: mct_pipeline_process_set:2966: Couldn't find stream id: 0
08-25 17:54:29.540  6906  6906 D mm-camera: mct: mct_controller_destroy: Initiating destroy sequence
08-25 17:54:29.541  6906 17595 D mm-camera: mct: mct_bus_handler_thread_run: Force Exit
08-25 17:54:29.541 17537 17537 D QCamera3HWI: int qcamera::lookupFwkName(const mapType*, size_t, halType) [with halType = cam_effect_mode_type; mapType = qcamera::QCamera3HardwareInterface::QCameraMap<camera_metadata_enum_android_control_effect_mode, cam_effect_mode_type>; size_t = unsigned int]: Cannot find matching framework type
08-25 17:54:29.542  6906  6906 D mm-camera: mct: mct_controller_destroy: bus_handler thread closed
08-25 17:54:29.542 17537 17537 D QCamera3HWI: int qcamera::lookupFwkName(const mapType*, size_t, halType) [with halType = cam_effect_mode_type; mapType = qcamera::QCamera3HardwareInterface::QCameraMap<camera_metadata_enum_android_control_effect_mode, cam_effect_mode_type>; size_t = unsigned int]: Cannot find matching framework type
08-25 17:54:29.543  6906  6906 D mm-camera: mct: mct_pipeline_stop_session - E
08-25 17:54:29.543 17537 17537 D QCamera3HWI: int qcamera::lookupFwkName(const mapType*, size_t, halType) [with halType = cam_effect_mode_type; mapType = qcamera::QCamera3HardwareInterface::QCameraMap<camera_metadata_enum_android_control_effect_mode, cam_effect_mode_type>; size_t = unsigned int]: Cannot find matching framework type
08-25 17:54:29.544  6906  6906 D mm-camera: mct: mct_pipeline_process_set:command=800000b
08-25 17:54:29.544 17537 17537 D QCamera3HWI: int qcamera::lookupFwkName(const mapType*, size_t, halType) [with halType = cam_scene_mode_type; mapType = qcamera::QCamera3HardwareInterface::QCameraMap<camera_metadata_enum_android_control_scene_mode, cam_scene_mode_type>; size_t = unsigned int]: Cannot find matching framework type
08-25 17:54:29.545  6906  6906 D mm-camera: mct: mct_pipeline_process_set: Issuing DEL_STREAM on stream 0x1000f and stream type=10
08-25 17:54:29.545 17537 17537 D QCamera3HWI: int qcamera::lookupFwkName(const mapType*, size_t, halType) [with halType = cam_scene_mode_type; mapType = qcamera::QCamera3HardwareInterface::QCameraMap<camera_metadata_enum_android_control_scene_mode, cam_scene_mode_type>; size_t = unsigned int]: Cannot find matching framework type
08-25 17:54:29.546  6906  6906 E mm-camera: port_iface_ext_unlink_func: E, identity = 0x1000f, port = 0xe94c5ba0, direction = 2
08-25 17:54:29.546 17537 17537 D QCamera3HWI: int qcamera::lookupFwkName(const mapType*, size_t, halType) [with halType = cam_scene_mode_type; mapType = qcamera::QCamera3HardwareInterface::QCameraMap<camera_metadata_enum_android_control_scene_mode, cam_scene_mode_type>; size_t = unsigned int]: Cannot find matching framework type
08-25 17:54:29.547  6906  6906 E mm-camera: port_iface_check_caps_unreserve_func:  E, identity = 0x1000f, port = 0xe94c5ba0, direction = 2
08-25 17:54:29.548 17537 17537 D QCamera3HWI: int qcamera::lookupFwkName(const mapType*, size_t, halType) [with halType = cam_scene_mode_type; mapType = qcamera::QCamera3HardwareInterface::QCameraMap<camera_metadata_enum_android_control_scene_mode, cam_scene_mode_type>; size_t = unsigned int]: Cannot find matching framework type
08-25 17:54:29.549  6906  6906 E mm-camera: iface_unreserve_sink_port: stream_id f mode 0
08-25 17:54:29.550 17537 17537 D QCamera3HWI: int qcamera::lookupFwkName(const mapType*, size_t, halType) [with halType = cam_scene_mode_type; mapType = qcamera::QCamera3HardwareInterface::QCameraMap<camera_metadata_enum_android_control_scene_mode, cam_scene_mode_type>; size_t = unsigned int]: Cannot find matching framework type
08-25 17:54:29.550  6906  6906 E mm-camera: port_iface_ext_unlink_func: E, identity = 0x1000f, port = 0xe94c5ea0, direction = 1
08-25 17:54:29.551 17537 17537 D QCamera3HWI: int qcamera::lookupFwkName(const mapType*, size_t, halType) [with halType = cam_focus_mode_type; mapType = qcamera::QCamera3HardwareInterface::QCameraMap<camera_metadata_enum_android_control_af_mode, cam_focus_mode_type>; size_t = unsigned int]: Cannot find matching framework type
08-25 17:54:29.552  6906  6906 E mm-camera: iface_ext_unlink_src_port: mct stream already removed from hw stream
08-25 17:54:29.552 17537 17537 D QCamera3HWI: int qcamera::lookupFwkName(const mapType*, size_t, halType) [with halType = cam_focus_mode_type; mapType = qcamera::QCamera3HardwareInterface::QCameraMap<camera_metadata_enum_android_control_af_mode, cam_focus_mode_type>; size_t = unsigned int]: Cannot find matching framework type
08-25 17:54:29.553  6906  6906 E mm-camera: port_iface_check_caps_unreserve_func:  E, identity = 0x1000f, port = 0xe94c5ea0, direction = 1
08-25 17:54:29.553 17537 17537 D QCamera3HWI: int qcamera::lookupFwkName(const mapType*, size_t, halType) [with halType = cam_wb_mode_type; mapType = qcamera::QCamera3HardwareInterface::QCameraMap<camera_metadata_enum_android_control_awb_mode, cam_wb_mode_type>; size_t = unsigned int]: Cannot find matching framework type
08-25 17:54:29.554  6906  6906 E mm-camera: isp_port_check_caps_unreserve:826 ide 1000f port 0xe950f7c0
08-25 17:54:29.555 17537 17537 E Camera2-Metadata: Update metadata entry: Unknown tag -2147352575
08-25 17:54:29.556 17537 17537 E Camera2-Metadata: Update metadata entry: Unknown tag -2147352576
08-25 17:54:29.557  6906  6906 E mm-camera: module_afs_port_check_caps_unreserve:1524]
08-25 17:54:29.558  6906  6906 E mm-camera: module_afs_port_check_caps_unreserve:1532] destroy client
08-25 17:54:29.558  6906  6906 E mm-camera: module_imgbase_port_release_client_llvd:1553]
08-25 17:54:29.559  6906  6906 E mm-camera: q3a_thread_af_stop:1019  q3a_thread_af_stop:1019 MSG_STOP_THREAD
08-25 17:54:29.563  6906  6906 E mm-camera: stats_port_delete_reserved_stream:2602  stats_port_delete_reserved_stream:2602: going to NULL peer
08-25 17:54:29.564  6906  6906 D mm-camera: mct: mct_pipeline_process_set: Stream 0x1000f and stream type=10, successfully deleted
08-25 17:54:29.566  6906 17601 D mm-camera: mct: mct_pipeline_stop_session_thread: Stop module name: iface - E
08-25 17:54:29.568  6906 17601 D mm-camera: mct: mct_pipeline_stop_session_thread: Stop module name: iface - X
08-25 17:54:29.568  6906 17600 D mm-camera: mct: mct_pipeline_stop_session_thread: Stop module name: sensor - E
08-25 17:54:29.569  6906 17600 E mm-camera: module_sensor_deinit_session:1545trying to delete thread
08-25 17:54:29.569  6906 17602 D mm-camera: mct: mct_pipeline_stop_session_thread: Stop module name: isp - E
08-25 17:54:29.569  6906 17603 D mm-camera: mct: mct_pipeline_stop_session_thread: Stop module name: stats - E
08-25 17:54:29.569  6906 17600 E mm-camera-sensor: proxy_thread_delete:259p_thread,trying to delete thread
08-25 17:54:29.570  6906 17602 E mm-camera-isp2: isp_module_stop_session:358 session id 1
08-25 17:54:29.570  6906 17600 E mm-camera-sensor: send_thread_exit_msg:219p_thread, exit_thread 0
08-25 17:54:29.571  6906 17600 E mm-camera-sensor: send_thread_exit_msg:223p_thread, exit_thread 1
08-25 17:54:29.571  6906 17604 D mm-camera: mct: mct_pipeline_stop_session_thread: Stop module name: pproc - E
08-25 17:54:29.572  6906  6906 D mm-camera: mct: mct_pipeline_stop_session: left modules: 5
08-25 17:54:29.572  6906 17605 D mm-camera: mct: mct_pipeline_stop_session_thread: Stop module name: imglib - E
08-25 17:54:29.572  6906 17602 D mm-camera: mct: mct_pipeline_stop_session_thread: Stop module name: isp - X
08-25 17:54:29.574  6906 17600 E mm-camera: module_sensor_deinit_session:1547proxy_thread_deleted!
08-25 17:54:29.574  6906  6906 D mm-camera: mct: mct_pipeline_stop_session: left modules: 4
08-25 17:54:29.575  6906 17600 E mm-camera: module_sensor_deinit_session:1551try to stop proxy kernel workqueue!
08-25 17:54:29.576  6906 17604 E mm-camera-pp: [INFO] base_module_stop_session:98, E, session=1
08-25 17:54:29.576  6906 17605 E mm-camera: module_faceproc_stop_session:1885] session cnt 1
08-25 17:54:29.576  6906 17603 E mm-camera: gyro_port_deinit:1446  gyro_port_deinit: Error in android Deinit
08-25 17:54:29.577  6906 17604 E mm-camera-pp: [INFO] base_module_stop_session:98, E, session=1
08-25 17:54:29.577  6906 17600 E mm-camera-sensor: sensor_proxy_thread_off:215enter
08-25 17:54:29.577  6906 17603 I CAMERA_SENSOR: stop_accel_sensor
08-25 17:54:29.578  6906 17605 D mm-camera: mct: mct_pipeline_stop_session_thread: Stop module name: imglib - X
08-25 17:54:29.579  6906 17604 D mm-camera: mct: mct_pipeline_stop_session_thread: Stop module name: pproc - X
08-25 17:54:29.579  6906  6906 D mm-camera: mct: mct_pipeline_stop_session: left modules: 3
08-25 17:54:29.580  6906  6906 D mm-camera: mct: mct_pipeline_stop_session: left modules: 2
08-25 17:54:29.618  6906 17579 I CAMERA_SENSOR: accel_data_cb received RESP - SNS_SMGR_CANCEL_RESP_V01
08-25 17:54:29.619  6906 17603 D mm-camera: mct: mct_pipeline_stop_session_thread: Stop module name: stats - X
08-25 17:54:29.621  6906  6906 D mm-camera: mct: mct_pipeline_stop_session: left modules: 1
08-25 17:54:29.634  6906 17600 E mm-camera: module_sensor_deinit_session:1567trying to delete thread
08-25 17:54:29.635  6906 17600 E mm-camera-sensor: tcs_thread_delete:303tcs_thread, trying to delete thread
08-25 17:54:29.636  6906 17600 E mm-camera: module_sensor_deinit_session:1569tcs_thread_deleted!
08-25 17:54:29.636  6906 17600 E mm-camera: module_sensor_deinit_session:1571try to stop tcs kernel workqueue!
08-25 17:54:29.650  6906 17600 E mm-camera-sensor: proxy_power_down:47enter
08-25 17:54:29.684  6906 17600 E mm-camera: sensor_close:4609ctrl->isStreaming make false
08-25 17:54:29.688  6906 17600 D mm-camera: mct: mct_pipeline_stop_session_thread: Stop module name: sensor - X
08-25 17:54:29.691  6906  6906 D mm-camera: mct: mct_pipeline_stop_session: left modules: 0
08-25 17:54:29.693  6906  6906 D mm-camera: mct: mct_pipeline_stop_session - X
08-25 17:54:29.694  6906  6906 D mm-camera: mct: mct_pipeline_destroy E: session:1
08-25 17:54:29.696  6906  6906 D mm-camera: mct: mct_pipeline_destroy X: Pipeline destroyed successfully
08-25 17:54:29.698  6906  6906 D mm-camera: mct: mct_controller_destroy: X Successfully closed mct_controller
08-25 17:54:29.701  6906  6906 D mm-camera: mct: mct_controller_new: Creating new mct_controller with session-id 2
08-25 17:54:29.703  6906 17607 D mm-camera: mct: mct_pipeline_start_session_thread: E sensor
08-25 17:54:29.705  6906 17608 D mm-camera: mct: mct_pipeline_start_session_thread: E iface
08-25 17:54:29.709  6906 17609 D mm-camera: mct: mct_pipeline_start_session_thread: E isp
08-25 17:54:29.710  6906 17608 D mm-camera: mct: mct_pipeline_start_session_thread: X isp
08-25 17:54:29.711  6906 17609 E mm-camera-isp2: isp_module_start_session:174 session id 2
08-25 17:54:29.713  6906 17611 D mm-camera: mct: mct_pipeline_start_session_thread: E stats
08-25 17:54:29.716  6906 17612 D mm-camera: mct: mct_pipeline_start_session_thread: E pproc
08-25 17:54:29.717  6906 17611 E mm-camera: tcc_init: TCC ver.150418a
08-25 17:54:29.722  6906 17613 D mm-camera: mct: mct_pipeline_start_session_thread: E imglib
08-25 17:54:29.724  6906 17613 E mm-camera: module_faceproc_start_session:1844] session cnt 1
08-25 17:54:29.732  6906 17613 D mm-camera: mct: mct_pipeline_start_session_thread: X imglib
08-25 17:54:29.735  6906 17609 D mm-camera: mct: mct_pipeline_start_session_thread: X imglib
08-25 17:54:29.739  6906 17607 E mm-camera: module_sensor_init_session:1245eeprom_name = t4ka3_eeprom
08-25 17:54:29.741  6906 17611 E mm-camera: sensor_laser_init:144  HW module: id: sensors name: STMicroelectronics VL53L0 sensor module
08-25 17:54:29.742  6906 17611 E Sensors : openInput
08-25 17:54:29.743  6906 17611 E Sensors : devname: /dev/input/event4
08-25 17:54:29.756  6906 17611 E Sensors : devname: /dev/input/event3
08-25 17:54:29.765  6906 17611 E Sensors : devname: /dev/input/event0
08-25 17:54:29.776  6906 17607 E mm-camera: module_sensor_init_session:1277flash subdev id = -1
08-25 17:54:29.777  6906 17607 E mm-camera: module_sensor_start_session:1684SUCCESS
08-25 17:54:29.778  6906 17607 D mm-camera: mct: mct_pipeline_start_session_thread: X imglib
08-25 17:54:29.781  6906 17611 E Sensors : devname: /dev/input/mice
08-25 17:54:29.791  6906 17612 E mm-camera-pp: [INFO] base_module_start_session:91, E, session=2
08-25 17:54:29.793  6906 17612 E mm-camera-pp: [INFO] base_module_start_session:91, E, session=2
08-25 17:54:29.793  6906 17611 E Sensors : devname: /dev/input/event2
08-25 17:54:29.794  6906 17612 D mm-camera: mct: mct_pipeline_start_session_thread: X imglib
08-25 17:54:29.816   971  2371 I CameraManagerGlobal: Connecting to camera service
08-25 17:54:29.819   971  2371 E CameraManagerGlobal: Camera service is unavailable
08-25 17:54:29.821  6906 17611 E Sensors : devname: /dev/input/event1
08-25 17:54:29.825  6906 17611 E Sensors : couldn't find 'STM VL53L0 proximity sensor' input device
08-25 17:54:29.827  6906 17611 E Sensors : ProximitySensor::ProximitySensor gets called!
08-25 17:54:29.828  6906 17611 E Sensors : ProximitySensor: input_name:, input_sysfs_path:/sys/class/input/input
08-25 17:54:29.829  6906 17611 E Sensors : ProximitySensor::enable function called for stmvl53L0!
08-25 17:54:29.832  6906 17611 E Sensors : ProximitySensor::enable filename:/sys/class/input/input/enable_ps_sensor
08-25 17:54:29.833  6906 17611 E Sensors : ProximitySensor::enable: Failed to open file descriptor for enabling VL53L0
08-25 17:54:29.835  6906 17611 E Sensors : ProximitySensor::enable: Attempted to open file /sys/class/input/input/enable_ps_sensor. Error: -1
08-25 17:54:29.837  6906 17611 E Sensors : open_sensors gets called!
08-25 17:54:29.840  6906 17611 E Sensors : is_tof_sensor_available() called
08-25 17:54:29.841  6906 17611 E Sensors : devname: /dev/input/event4
08-25 17:54:29.861  6906 17611 E Sensors : devname: /dev/input/event3
08-25 17:54:29.877  6906 17611 E Sensors : devname: /dev/input/event0
08-25 17:54:29.890  6906 17611 E Sensors : devname: /dev/input/mice
08-25 17:54:29.894  6906 17611 E Sensors : devname: /dev/input/event2
08-25 17:54:29.897  6906 17611 E Sensors : devname: /dev/input/event1
08-25 17:54:29.901  6906 17611 E Sensors : No Tof sensor found!!!
08-25 17:54:29.903  6906 17611 E mm-camera: sensor_laser_init:164  0 sensor supported
08-25 17:54:29.906  6906 17611 E mm-camera: gyro_port_init:1404  Failure initializing laser sensor. Error: 4
08-25 17:54:29.907  6906 17611 I CAMERA_SENSOR: start_accel_sensor
08-25 17:54:29.909  6906 17611 E mm-camera: start_accel_sensor: sensor1_open E
08-25 17:54:29.914  6906 17611 E mm-camera: start_accel_sensor: sensor1_open X, res = 0
08-25 17:54:29.917  6906 17611 I CAMERA_SENSOR: [start_accel_sensor] Error while waiting for response message 22
08-25 17:54:29.919  6906 17611 D mm-camera: mct: mct_pipeline_start_session_thread: X imglib
08-25 17:54:29.920  6906  6906 E mm-camera: module_sensor_query_mod:7021led flash is not supported for this sensor.
08-25 17:54:29.921  6906 17632 I CAMERA_SENSOR: accel_data_cb received RESP - SNS_SMGR_REPORT_RESP_V01
08-25 17:54:29.923  6906  6906 E mm-camera: sensor_get_cur_chromatix_name:2577Error: Load default preview chroamtix
08-25 17:54:29.926  6906  6906 E mm-camera-sensor: chromatix_load_library_ex : chromatix = libchromatix_t4ka3_snapshot_open.so , lib name = /system/vendor/lib/libchromatix_t4ka3_snapshot_open.so
08-25 17:54:29.927  6906  6906 E mm-camera-sensor: chromatix_load_library_ex : chromatix = libchromatix_t4ka3_snapshot_open.so , lib name = /system/vendor/lib/libchromatix_t4ka3_snapshot_open.so
08-25 17:54:29.931  6906  6906 E mm-camera-sensor: chromatix_load_library_ex : chromatix = libchromatix_t4ka3_common_open.so , lib name = /system/vendor/lib/libchromatix_t4ka3_common_open.so
08-25 17:54:29.933  6906  6906 E mm-camera-sensor: chromatix_load_library_ex : chromatix = libchromatix_t4ka3_cpp_snapshot_open.so , lib name = /system/vendor/lib/libchromatix_t4ka3_cpp_snapshot_open.so
08-25 17:54:29.935  6906  6906 E mm-camera-sensor: chromatix_load_library_ex : chromatix = libchromatix_t4ka3_cpp_snapshot_open.so , lib name = /system/vendor/lib/libchromatix_t4ka3_cpp_snapshot_open.so
08-25 17:54:29.937  6906  6906 E mm-camera-sensor: chromatix_load_library_ex : chromatix = libchromatix_t4ka3_cpp_video_open.so , lib name = /system/vendor/lib/libchromatix_t4ka3_cpp_video_open.so
08-25 17:54:29.939  6906  6906 E mm-camera-sensor: chromatix_load_library_ex : chromatix = libchromatix_t4ka3_postproc_open.so , lib name = /system/vendor/lib/libchromatix_t4ka3_postproc_open.so
08-25 17:54:29.943  6906  6906 E mm-camera: module_faceproc_query_mod:1996] Caps ROI 5 scene_mode_cnt 1 HW analysis supported 0
08-25 17:54:29.944  6906  6906 E hdr     : module_hdr_lib_query_mod:181] Supported scenemode cnt 2
08-25 17:54:29.946  6906  6906 D mm-camera: mct: mct_pipeline_process_set:command=800000a
08-25 17:54:29.947  6906  6906 D mm-camera: mct: mct_pipeline_process_set: Adding new stream: id [0f]
08-25 17:54:29.948  6906  6906 D mm-camera: mct: mct_pipeline_process_set:command=8000012
08-25 17:54:29.950  6906  6906 D mm-camera: mct: mct_stream_start_link: Start linking Session-stream 0x2000f
08-25 17:54:29.951  6906  6906 I mm-camera: module_iface_set_mod_func: set module type = 8, identity 2000f
08-25 17:54:29.953  6906  6906 E mm-camera-sensor: port_sensor_caps_reserve:86session id doesn't match
08-25 17:54:29.955  6906  6906 I mm-camera: port dir 2 stream info ide 2000f type 10 dim 0 x 0 port 0xe950f7c0
08-25 17:54:29.956  6906  6906 I mm-camera: port 0xe950f7c0 ide 2000f type 10 dim 0 0
08-25 17:54:29.957  6906  6906 I mm-camera: port dir 1 stream info ide 2000f type 10 dim 0 x 0 port 0xe950f820
08-25 17:54:29.959  6906  6906 I mm-camera: port dir 1 stream info ide 2000f type 10 dim 0 x 0 port 0xe950f880
08-25 17:54:29.960  6906  6906 I mm-camera: port dir 1 stream info ide 2000f type 10 dim 0 x 0 port 0xe950f8e0
08-25 17:54:29.961  6906  6906 I mm-camera: port dir 1 stream info ide 2000f type 10 dim 0 x 0 port 0xe950f940
08-25 17:54:29.962  6906  6906 E mm-camera: int_link = 0xe9515de0
08-25 17:54:29.964  6906  6906 I mm-camera: pproc_port_add_modules_to_stream:433, linking mods tmod and c2d
08-25 17:54:29.970  6906  6906 I mm-camera: pproc_port_add_modules_to_stream:433, linking mods c2d and cpp
08-25 17:54:29.971  6906  6906 E mm-camera: Interleaved flag is 0, identity 131087 port type 0
08-25 17:54:29.973  6906  6906 I mm-camera: pproc_port_add_modules_to_stream:433, linking mods cpp and afs
08-25 17:54:29.974  6906  6906 I mm-camera: pproc_port_add_modules_to_stream:433, linking mods afs and llvd
08-25 17:54:29.976  6906  6906 I mm-camera: pproc_port_add_modules_to_stream:433, linking mods llvd and ezt
08-25 17:54:29.978  6906  6906 E mm-camera: pproc_port_add_modules_to_stream:454] X rc: 1
08-25 17:54:29.979  6906  6906 I mm-camera: port dir 1 stream info ide 2000f type 10 dim 0 x 0 port 0xe950f820
08-25 17:54:29.981  6906  6906 I mm-camera: port dir 1 stream info ide 2000f type 10 dim 0 x 0 port 0xe950f880
08-25 17:54:29.982  6906  6906 I mm-camera: port dir 1 stream info ide 2000f type 10 dim 0 x 0 port 0xe950f8e0
08-25 17:54:29.983  6906  6906 I mm-camera: port dir 1 stream info ide 2000f type 10 dim 0 x 0 port 0xe950f940
08-25 17:54:29.984  6906  6906 I mm-camera: port dir 1 stream info ide 2000f type 10 dim 0 x 0 port 0xe950f9a0
08-25 17:54:29.994  6906  6906 D mm-camera: mct: mct_pipeline_process_set: Linking successful for stream 0x2000f stream type=10
08-25 17:54:29.999  6906 17641 E mm-camera: mct: mct_pipeline_populate_query_cap_buffer: 3A VERSION:: 4.1.0.r2
08-25 17:54:30.001  6906 17641 D mm-camera: mct: Cam 1: FPS range selection complete. Publishing 4 ranges.
08-25 17:54:30.005  6906 17641 D mm-camera: mct: mct_pipeline_process_set:command=800000b
08-25 17:54:30.007  6906 17641 E mm-camera: mct: mct_pipeline_process_set:2966: Couldn't find stream id: 0
08-25 17:54:30.008  6906  6906 D mm-camera: mct: mct_controller_destroy: Initiating destroy sequence
08-25 17:54:30.009 17537 17537 D QCamera3HWI: int qcamera::lookupFwkName(const mapType*, size_t, halType) [with halType = cam_effect_mode_type; mapType = qcamera::QCamera3HardwareInterface::QCameraMap<camera_metadata_enum_android_control_effect_mode, cam_effect_mode_type>; size_t = unsigned int]: Cannot find matching framework type
08-25 17:54:30.010  6906 17642 D mm-camera: mct: mct_bus_handler_thread_run: Force Exit
08-25 17:54:30.010 17537 17537 D QCamera3HWI: int qcamera::lookupFwkName(const mapType*, size_t, halType) [with halType = cam_effect_mode_type; mapType = qcamera::QCamera3HardwareInterface::QCameraMap<camera_metadata_enum_android_control_effect_mode, cam_effect_mode_type>; size_t = unsigned int]: Cannot find matching framework type
08-25 17:54:30.011  6906  6906 D mm-camera: mct: mct_controller_destroy: bus_handler thread closed
08-25 17:54:30.012 17537 17537 D QCamera3HWI: int qcamera::lookupFwkName(const mapType*, size_t, halType) [with halType = cam_effect_mode_type; mapType = qcamera::QCamera3HardwareInterface::QCameraMap<camera_metadata_enum_android_control_effect_mode, cam_effect_mode_type>; size_t = unsigned int]: Cannot find matching framework type
08-25 17:54:30.013  6906  6906 D mm-camera: mct: mct_pipeline_stop_session - E
08-25 17:54:30.014 17537 17537 D QCamera3HWI: int qcamera::lookupFwkName(const mapType*, size_t, halType) [with halType = cam_scene_mode_type; mapType = qcamera::QCamera3HardwareInterface::QCameraMap<camera_metadata_enum_android_control_scene_mode, cam_scene_mode_type>; size_t = unsigned int]: Cannot find matching framework type
08-25 17:54:30.015  6906  6906 D mm-camera: mct: mct_pipeline_process_set:command=800000b
08-25 17:54:30.015 17537 17537 D QCamera3HWI: int qcamera::lookupFwkName(const mapType*, size_t, halType) [with halType = cam_scene_mode_type; mapType = qcamera::QCamera3HardwareInterface::QCameraMap<camera_metadata_enum_android_control_scene_mode, cam_scene_mode_type>; size_t = unsigned int]: Cannot find matching framework type
08-25 17:54:30.017  6906  6906 D mm-camera: mct: mct_pipeline_process_set: Issuing DEL_STREAM on stream 0x2000f and stream type=10
08-25 17:54:30.017 17537 17537 D QCamera3HWI: int qcamera::lookupFwkName(const mapType*, size_t, halType) [with halType = cam_scene_mode_type; mapType = qcamera::QCamera3HardwareInterface::QCameraMap<camera_metadata_enum_android_control_scene_mode, cam_scene_mode_type>; size_t = unsigned int]: Cannot find matching framework type
08-25 17:54:30.018  6906  6906 E mm-camera: port_iface_ext_unlink_func: E, identity = 0x2000f, port = 0xe94c5ba0, direction = 2
08-25 17:54:30.019 17537 17537 D QCamera3HWI: int qcamera::lookupFwkName(const mapType*, size_t, halType) [with halType = cam_scene_mode_type; mapType = qcamera::QCamera3HardwareInterface::QCameraMap<camera_metadata_enum_android_control_scene_mode, cam_scene_mode_type>; size_t = unsigned int]: Cannot find matching framework type
08-25 17:54:30.020  6906  6906 E mm-camera: port_iface_check_caps_unreserve_func:  E, identity = 0x2000f, port = 0xe94c5ba0, direction = 2
08-25 17:54:30.021 17537 17537 D QCamera3HWI: int qcamera::lookupFwkName(const mapType*, size_t, halType) [with halType = cam_scene_mode_type; mapType = qcamera::QCamera3HardwareInterface::QCameraMap<camera_metadata_enum_android_control_scene_mode, cam_scene_mode_type>; size_t = unsigned int]: Cannot find matching framework type
08-25 17:54:30.022  6906  6906 E mm-camera: iface_unreserve_sink_port: stream_id f mode 0
08-25 17:54:30.023 17537 17537 D QCamera3HWI: int qcamera::lookupFwkName(const mapType*, size_t, halType) [with halType = cam_wb_mode_type; mapType = qcamera::QCamera3HardwareInterface::QCameraMap<camera_metadata_enum_android_control_awb_mode, cam_wb_mode_type>; size_t = unsigned int]: Cannot find matching framework type
08-25 17:54:30.024  6906  6906 E mm-camera: port_iface_ext_unlink_func: E, identity = 0x2000f, port = 0xe94c5ea0, direction = 1
08-25 17:54:30.025 17537 17537 E Camera2-Metadata: Update metadata entry: Unknown tag -2147352575
08-25 17:54:30.025  6906  6906 E mm-camera: iface_ext_unlink_src_port: mct stream already removed from hw stream
08-25 17:54:30.027 17537 17537 E Camera2-Metadata: Update metadata entry: Unknown tag -2147352576
08-25 17:54:30.027  6906  6906 E mm-camera: port_iface_check_caps_unreserve_func:  E, identity = 0x2000f, port = 0xe94c5ea0, direction = 1
08-25 17:54:30.028  6906  6906 E mm-camera: isp_port_check_caps_unreserve:826 ide 2000f port 0xe950f7c0
08-25 17:54:30.029 17537 17537 E LGCamera2HWI: void qcamera::n2pmInit() : Failed to load libn2pm.so
08-25 17:54:30.034  6906  6906 E mm-camera: module_afs_port_check_caps_unreserve:1524]
08-25 17:54:30.034  6906  6906 E mm-camera: module_afs_port_check_caps_unreserve:1532] destroy client
08-25 17:54:30.035  6906  6906 E mm-camera: module_imgbase_port_release_client_llvd:1553]
08-25 17:54:30.037  6906  6906 E mm-camera: q3a_thread_af_stop:1019  q3a_thread_af_stop:1019 MSG_STOP_THREAD
08-25 17:54:30.042  6906  6906 E mm-camera: stats_port_delete_reserved_stream:2602  stats_port_delete_reserved_stream:2602: going to NULL peer
08-25 17:54:30.044 17537 17537 I CamPrvdr@2.4-legacy: Loaded "QCamera Module" camera module
08-25 17:54:30.044  6906  6906 D mm-camera: mct: mct_pipeline_process_set: Stream 0x2000f and stream type=10, successfully deleted
08-25 17:54:30.046 17537 17537 I QCamera2Factory: :static int qcamera::QCamera2Factory::openLegacy(int32_t, uint32_t, hw_device_t**) openLegacy halVersion: 256
08-25 17:54:30.046  6906 17647 D mm-camera: mct: mct_pipeline_stop_session_thread: Stop module name: sensor - E
08-25 17:54:30.047  6906 17648 D mm-camera: mct: mct_pipeline_stop_session_thread: Stop module name: iface - E
08-25 17:54:30.048  6906 17650 D mm-camera: mct: mct_pipeline_stop_session_thread: Stop module name: isp - E
08-25 17:54:30.048  6906 17651 D mm-camera: mct: mct_pipeline_stop_session_thread: Stop module name: stats - E
08-25 17:54:30.049  6906 17648 D mm-camera: mct: mct_pipeline_stop_session_thread: Stop module name: iface - X
08-25 17:54:30.049  6906 17650 E mm-camera-isp2: isp_module_stop_session:358 session id 2
08-25 17:54:30.049  6906 17652 D mm-camera: mct: mct_pipeline_stop_session_thread: Stop module name: pproc - E
08-25 17:54:30.050  6906  6906 D mm-camera: mct: mct_pipeline_stop_session: left modules: 5
08-25 17:54:30.051  6906 17653 D mm-camera: mct: mct_pipeline_stop_session_thread: Stop module name: imglib - E
08-25 17:54:30.052  6906 17653 E mm-camera: module_faceproc_stop_session:1885] session cnt 1
08-25 17:54:30.052  6906 17651 E mm-camera: gyro_port_deinit:1446  gyro_port_deinit: Error in android Deinit
08-25 17:54:30.053 17537 17654 D QCamera2HWI: static void* qcamera::QCamera2HardwareInterface::defferedWorkRoutine(void*): start data proc
08-25 17:54:30.053  6906 17651 I CAMERA_SENSOR: stop_accel_sensor
08-25 17:54:30.054  6906 17651 D mm-camera: mct: mct_pipeline_stop_session_thread: Stop module name: stats - X
08-25 17:54:30.055  6906  6906 D mm-camera: mct: mct_pipeline_stop_session: left modules: 4
08-25 17:54:30.056  6906 17653 D mm-camera: mct: mct_pipeline_stop_session_thread: Stop module name: imglib - X
08-25 17:54:30.059  6906  6906 D mm-camera: mct: mct_pipeline_stop_session: left modules: 3
08-25 17:54:30.059  6906 17650 D mm-camera: mct: mct_pipeline_stop_session_thread: Stop module name: isp - X
08-25 17:54:30.060  6906 17652 E mm-camera-pp: [INFO] base_module_stop_session:98, E, session=2
08-25 17:54:30.061  6906 17647 E mm-camera: sensor_close:4609ctrl->isStreaming make false
08-25 17:54:30.061  6906  6906 D mm-camera: mct: mct_pipeline_stop_session: left modules: 2
08-25 17:54:30.061  6906 17652 E mm-camera-pp: [INFO] base_module_stop_session:98, E, session=2
08-25 17:54:30.063  6906 17647 D mm-camera: mct: mct_pipeline_stop_session_thread: Stop module name: sensor - X
08-25 17:54:30.064  6906 17652 D mm-camera: mct: mct_pipeline_stop_session_thread: Stop module name: pproc - X
08-25 17:54:30.064  6906  6906 D mm-camera: mct: mct_pipeline_stop_session: left modules: 1
08-25 17:54:30.064 17537 17537 I QCamera2HWI: [KPI Perf] int qcamera::QCamera2HardwareInterface::openCamera(hw_device_t**): E PROFILE_OPEN_CAMERA camera id 0
08-25 17:54:30.065  6906  6906 D mm-camera: mct: mct_pipeline_stop_session: left modules: 0
08-25 17:54:30.066  6906  6906 D mm-camera: mct: mct_pipeline_stop_session - X
08-25 17:54:30.067  6906  6906 D mm-camera: mct: mct_pipeline_destroy E: session:2
08-25 17:54:30.068  6906  6906 D mm-camera: mct: mct_pipeline_destroy X: Pipeline destroyed successfully
08-25 17:54:30.068  6906  6906 D mm-camera: mct: mct_controller_destroy: X Successfully closed mct_controller
08-25 17:54:30.071  6906  6906 D mm-camera: mct: mct_controller_new: Creating new mct_controller with session-id 1
08-25 17:54:30.072  6906 17656 D mm-camera: mct: mct_pipeline_start_session_thread: E sensor
08-25 17:54:30.073  6906 17657 D mm-camera: mct: mct_pipeline_start_session_thread: E iface
08-25 17:54:30.075  6906 17658 D mm-camera: mct: mct_pipeline_start_session_thread: E isp
08-25 17:54:30.075  6906 17657 D mm-camera: mct: mct_pipeline_start_session_thread: X isp
08-25 17:54:30.076  6906 17658 E mm-camera-isp2: isp_module_start_session:174 session id 1
08-25 17:54:30.076  6906 17660 D mm-camera: mct: mct_pipeline_start_session_thread: E stats
08-25 17:54:30.079  6906 17661 D mm-camera: mct: mct_pipeline_start_session_thread: E pproc
08-25 17:54:30.079  6906 17660 E mm-camera: tcc_init: TCC ver.150418a
08-25 17:54:30.082  6906 17662 D mm-camera: mct: mct_pipeline_start_session_thread: E imglib
08-25 17:54:30.083  6906 17662 E mm-camera: module_faceproc_start_session:1844] session cnt 1
08-25 17:54:30.086  6906 17658 D mm-camera: mct: mct_pipeline_start_session_thread: X imglib
08-25 17:54:30.087  6906 17662 D mm-camera: mct: mct_pipeline_start_session_thread: X imglib
08-25 17:54:30.090  6906 17660 E mm-camera: sensor_laser_init:144  HW module: id: sensors name: STMicroelectronics VL53L0 sensor module
08-25 17:54:30.091  6906 17660 E Sensors : openInput
08-25 17:54:30.091  6906 17660 E Sensors : devname: /dev/input/event4
08-25 17:54:30.091  6906 17656 E mm-camera: module_sensor_init_session:1245eeprom_name = imx234_eeprom
08-25 17:54:30.097  6906 17660 E Sensors : devname: /dev/input/event3
08-25 17:54:30.117  6906 17660 E Sensors : devname: /dev/input/event0
08-25 17:54:30.129  6906 17660 E Sensors : devname: /dev/input/mice
08-25 17:54:30.133  6906 17660 E Sensors : devname: /dev/input/event2
08-25 17:54:30.135  6906 17661 E mm-camera-pp: [INFO] base_module_start_session:91, E, session=1
08-25 17:54:30.136  6906 17661 E mm-camera-pp: [INFO] base_module_start_session:91, E, session=1
08-25 17:54:30.137  6906 17661 D mm-camera: mct: mct_pipeline_start_session_thread: X imglib
08-25 17:54:30.138  6906 17656 E mm-camera: module_sensor_init_session:1277flash subdev id = 0
08-25 17:54:30.140  6906 17656 E mm-camera-sensor: sensor_sdk_util_get_kernel_i2c_addr_type:26Invalid addr_type = 0
08-25 17:54:30.141  6906 17656 E mm-camera-sensor: sensor_sdk_util_get_kernel_i2c_data_type:40Invalid addr_type = 0
08-25 17:54:30.142  6906 17656 E mm-camera-sensor: actuator_load_lib:491name=lc898122_claf, mode=camera
08-25 17:54:30.145  6906 17656 E mm-camera-sensor: actuator_load_lib:491name=lc898122_claf, mode=camcorder
08-25 17:54:30.147  6906 17656 E mm-camera-sensor: eeprom_do_af_calibration:197turn on Cal af(1)
08-25 17:54:30.147  6906 17656 E mm-camera-sdk: eeprom_autofocus_calibration_claf:173 KSY Kernel original macro hall : 17800, inf hall : -3300, macro_mecha 21000, vcm_type 65
08-25 17:54:30.148  6906 17656 E mm-camera-sdk: eeprom_autofocus_calibration_claf:178 KSY AF_algorithm convert macro hall : 350, inf hall : 0, total_rangetomacro : 0, offset_value_pplus_mtm : 0
08-25 17:54:30.149  6906 17656 E mm-camera: ois_init:305start: ois_init
08-25 17:54:30.154  6906 17656 E mm-camera: ois_init:372done: ois_init
08-25 17:54:30.154  6906 17680 E mm-camera: ois_thread:201ois thread is running
08-25 17:54:30.154  6906 17660 E Sensors : devname: /dev/input/event1
08-25 17:54:30.155  6906 17656 E mm-camera-sensor: proxy_init:71name = LD_AF
08-25 17:54:30.156  6906 17656 E mm-camera-sensor: sensor_proxy_on:151enter
08-25 17:54:30.161  6906 17660 E Sensors : couldn't find 'STM VL53L0 proximity sensor' input device
08-25 17:54:30.162  6906 17660 E Sensors : ProximitySensor::ProximitySensor gets called!
08-25 17:54:30.163  6906 17660 E Sensors : ProximitySensor: input_name:, input_sysfs_path:/sys/class/input/input
08-25 17:54:30.164  6906 17660 E Sensors : ProximitySensor::enable function called for stmvl53L0!
08-25 17:54:30.166  6906 17660 E Sensors : ProximitySensor::enable filename:/sys/class/input/input/enable_ps_sensor
08-25 17:54:30.166  6906 17660 E Sensors : ProximitySensor::enable: Failed to open file descriptor for enabling VL53L0
08-25 17:54:30.167  6906 17660 E Sensors : ProximitySensor::enable: Attempted to open file /sys/class/input/input/enable_ps_sensor. Error: -1
08-25 17:54:30.168  6906 17660 E Sensors : open_sensors gets called!
08-25 17:54:30.169  6906 17660 E Sensors : is_tof_sensor_available() called
08-25 17:54:30.170  6906 17660 E Sensors : devname: /dev/input/event4
08-25 17:54:30.177  6906 17660 E Sensors : devname: /dev/input/event3
08-25 17:54:30.179  6906 17660 E Sensors : devname: /dev/input/event0
08-25 17:54:30.189  6906 17660 E Sensors : devname: /dev/input/mice
08-25 17:54:30.201  6906 17660 E Sensors : devname: /dev/input/event2
08-25 17:54:30.213  6906 17660 E Sensors : devname: /dev/input/event1
08-25 17:54:30.218  6906 17656 E mm-camera-sensor: sensor_proxy_thread_on:198enter
08-25 17:54:30.220  6906 17660 E Sensors : No Tof sensor found!!!
08-25 17:54:30.221  6906 17656 E mm-camera: module_sensor_init_session:1412tcs_sensor init Enter **
08-25 17:54:30.222  6906 17660 E mm-camera: sensor_laser_init:164  0 sensor supported
08-25 17:54:30.223  6906 17660 E mm-camera: gyro_port_init:1404  Failure initializing laser sensor. Error: 4
08-25 17:54:30.226  6906 17660 I CAMERA_SENSOR: start_accel_sensor
08-25 17:54:30.227  6906 17660 E mm-camera: start_accel_sensor: sensor1_open E
08-25 17:54:30.229  6906 17660 E mm-camera: start_accel_sensor: sensor1_open X, res = 0
08-25 17:54:30.234  6906 17683 I CAMERA_SENSOR: accel_data_cb received RESP - SNS_SMGR_REPORT_RESP_V01
08-25 17:54:30.236  6906 17660 D mm-camera: mct: mct_pipeline_start_session_thread: X imglib
08-25 17:54:30.261  6906 17656 E mm-camera-sensor: tcs_thread_create:291tcs_thread, thread_id 0
08-25 17:54:30.263  6906 17656 E mm-camera: module_sensor_start_session:1684SUCCESS
08-25 17:54:30.263  6906 17656 D mm-camera: mct: mct_pipeline_start_session_thread: X imglib
08-25 17:54:30.264  6906  6906 E mm-camera: sensor_get_cur_chromatix_name:2577Error: Load default preview chroamtix
08-25 17:54:30.265  6906  6906 E mm-camera-sensor: chromatix_load_library_ex : chromatix = libchromatix_imx234_snapshot_open.so , lib name = /system/vendor/lib/libchromatix_imx234_snapshot_open.so
08-25 17:54:30.266  6906  6906 E mm-camera-sensor: chromatix_load_library_ex : chromatix = libchromatix_imx234_snapshot_open.so , lib name = /system/vendor/lib/libchromatix_imx234_snapshot_open.so
08-25 17:54:30.267  6906  6906 E mm-camera-sensor: chromatix_load_library_ex : chromatix = libchromatix_imx234_common_open.so , lib name = /system/vendor/lib/libchromatix_imx234_common_open.so
08-25 17:54:30.268  6906  6906 E mm-camera-sensor: chromatix_load_library_ex : chromatix = libchromatix_imx234_cpp_snapshot_open.so , lib name = /system/vendor/lib/libchromatix_imx234_cpp_snapshot_open.so
08-25 17:54:30.269  6906  6906 E mm-camera-sensor: chromatix_load_library_ex : chromatix = libchromatix_imx234_cpp_snapshot_open.so , lib name = /system/vendor/lib/libchromatix_imx234_cpp_snapshot_open.so
08-25 17:54:30.270  6906  6906 E mm-camera-sensor: chromatix_load_library_ex : chromatix = libchromatix_imx234_cpp_flash_snapshot_open.so , lib name = /system/vendor/lib/libchromatix_imx234_cpp_flash_snapshot_open.so
08-25 17:54:30.271  6906  6906 E mm-camera-sensor: chromatix_load_library_ex : chromatix = libchromatix_imx234_cpp_video_open.so , lib name = /system/vendor/lib/libchromatix_imx234_cpp_video_open.so
08-25 17:54:30.271  6906  6906 E mm-camera-sensor: chromatix_load_library_ex : chromatix = libchromatix_imx234_postproc_open.so , lib name = /system/vendor/lib/libchromatix_imx234_postproc_open.so
08-25 17:54:30.273  6906  6906 E mm-camera: module_faceproc_query_mod:1996] Caps ROI 5 scene_mode_cnt 1 HW analysis supported 0
08-25 17:54:30.274  6906  6906 E hdr     : module_hdr_lib_query_mod:181] Supported scenemode cnt 2
08-25 17:54:30.275  6906  6906 D mm-camera: mct: mct_pipeline_process_set:command=800000a
08-25 17:54:30.276  6906  6906 D mm-camera: mct: mct_pipeline_process_set: Adding new stream: id [0f]
08-25 17:54:30.277  6906  6906 D mm-camera: mct: mct_pipeline_process_set:command=8000012
08-25 17:54:30.277  6906  6906 D mm-camera: mct: mct_stream_start_link: Start linking Session-stream 0x1000f
