08-25 17:54:40.966  6906 17772 E Sensors : devname: /dev/input/mice
08-25 17:54:40.968  6906 17768 E mm-camera-sensor: sensor_proxy_thread_on:198enter
08-25 17:54:40.970  6906 17768 E mm-camera: module_sensor_init_session:1412tcs_sensor init Enter **
08-25 17:54:40.973  6906 17772 E Sensors : devname: /dev/input/event2
08-25 17:54:40.975  6906 17772 E Sensors : devname: /dev/input/event1
08-25 17:54:40.975  6906 17772 E Sensors : No Tof sensor found!!!
08-25 17:54:40.976  6906 17772 E mm-camera: sensor_laser_init:164  0 sensor supported
08-25 17:54:40.977  6906 17772 E mm-camera: gyro_port_init:1404  Failure initializing laser sensor. Error: 4
08-25 17:54:40.978  6906 17772 I CAMERA_SENSOR: start_accel_sensor
08-25 17:54:40.978  6906 17772 E mm-camera: start_accel_sensor: sensor1_open E
08-25 17:54:40.979  6906 17772 E mm-camera: start_accel_sensor: sensor1_open X, res = 0
08-25 17:54:40.980  6906 17772 I CAMERA_SENSOR: [start_accel_sensor] Error while waiting for response message 22
08-25 17:54:40.981  6906 17772 D mm-camera: mct: mct_pipeline_start_session_thread: X imglib
08-25 17:54:40.982  6906 17795 I CAMERA_SENSOR: accel_data_cb received RESP - SNS_SMGR_REPORT_RESP_V01
08-25 17:54:41.079  6906 17768 E mm-camera-sensor: tcs_thread_create:291tcs_thread, thread_id 0
08-25 17:54:41.081  6906 17768 E mm-camera: module_sensor_start_session:1684SUCCESS
08-25 17:54:41.082  6906 17768 D mm-camera: mct: mct_pipeline_start_session_thread: X imglib
08-25 17:54:41.082  6906  6906 E mm-camera: sensor_get_cur_chromatix_name:2577Error: Load default preview chroamtix
08-25 17:54:41.083  6906  6906 E mm-camera-sensor: chromatix_load_library_ex : chromatix = libchromatix_imx234_snapshot_open.so , lib name = /system/vendor/lib/libchromatix_imx234_snapshot_open.so
08-25 17:54:41.085  6906  6906 E mm-camera-sensor: chromatix_load_library_ex : chromatix = libchromatix_imx234_snapshot_open.so , lib name = /system/vendor/lib/libchromatix_imx234_snapshot_open.so
08-25 17:54:41.086  6906  6906 E mm-camera-sensor: chromatix_load_library_ex : chromatix = libchromatix_imx234_common_open.so , lib name = /system/vendor/lib/libchromatix_imx234_common_open.so
08-25 17:54:41.088  6906  6906 E mm-camera-sensor: chromatix_load_library_ex : chromatix = libchromatix_imx234_cpp_snapshot_open.so , lib name = /system/vendor/lib/libchromatix_imx234_cpp_snapshot_open.so
08-25 17:54:41.089  6906 17792 E mm-camera: ois_thread:239done : ois initialization
08-25 17:54:41.089  6906  6906 E mm-camera-sensor: chromatix_load_library_ex : chromatix = libchromatix_imx234_cpp_snapshot_open.so , lib name = /system/vendor/lib/libchromatix_imx234_cpp_snapshot_open.so
08-25 17:54:41.091  6906  6906 E mm-camera-sensor: chromatix_load_library_ex : chromatix = libchromatix_imx234_cpp_flash_snapshot_open.so , lib name = /system/vendor/lib/libchromatix_imx234_cpp_flash_snapshot_open.so
08-25 17:54:41.092  6906  6906 E mm-camera-sensor: chromatix_load_library_ex : chromatix = libchromatix_imx234_cpp_video_open.so , lib name = /system/vendor/lib/libchromatix_imx234_cpp_video_open.so
08-25 17:54:41.093  6906  6906 E mm-camera-sensor: chromatix_load_library_ex : chromatix = libchromatix_imx234_postproc_open.so , lib name = /system/vendor/lib/libchromatix_imx234_postproc_open.so
08-25 17:54:41.095  6906  6906 E mm-camera: module_faceproc_query_mod:1996] Caps ROI 5 scene_mode_cnt 1 HW analysis supported 0
08-25 17:54:41.095  6906  6906 E hdr     : module_hdr_lib_query_mod:181] Supported scenemode cnt 2
08-25 17:54:41.096  6906  6906 D mm-camera: mct: mct_pipeline_process_set:command=800000a
08-25 17:54:41.097  6906  6906 D mm-camera: mct: mct_pipeline_process_set: Adding new stream: id [0f]
08-25 17:54:41.098  6906  6906 D mm-camera: mct: mct_pipeline_process_set:command=8000012
08-25 17:54:41.098  6906  6906 D mm-camera: mct: mct_stream_start_link: Start linking Session-stream 0x1000f
08-25 17:54:41.099  6906  6906 I mm-camera: module_iface_set_mod_func: set module type = 8, identity 1000f
08-25 17:54:41.100  6906  6906 I mm-camera: port dir 2 stream info ide 1000f type 10 dim 0 x 0 port 0xe950f7c0
08-25 17:54:41.101  6906  6906 I mm-camera: port 0xe950f7c0 ide 1000f type 10 dim 0 0
08-25 17:54:41.102  6906  6906 I mm-camera: port dir 1 stream info ide 1000f type 10 dim 0 x 0 port 0xe950f820
08-25 17:54:41.102  6906  6906 I mm-camera: port dir 1 stream info ide 1000f type 10 dim 0 x 0 port 0xe950f880
08-25 17:54:41.103  6906  6906 I mm-camera: port dir 1 stream info ide 1000f type 10 dim 0 x 0 port 0xe950f8e0
08-25 17:54:41.104  6906  6906 I mm-camera: port dir 1 stream info ide 1000f type 10 dim 0 x 0 port 0xe950f940
08-25 17:54:41.105  6906  6906 E mm-camera: int_link = 0xe9515de0
08-25 17:54:41.105  6906  6906 I mm-camera: pproc_port_add_modules_to_stream:433, linking mods tmod and c2d
08-25 17:54:41.109  6906  6906 I mm-camera: pproc_port_add_modules_to_stream:433, linking mods c2d and cpp
08-25 17:54:41.110  6906  6906 E mm-camera: Interleaved flag is 0, identity 65551 port type 0
08-25 17:54:41.111  6906  6906 I mm-camera: pproc_port_add_modules_to_stream:433, linking mods cpp and afs
08-25 17:54:41.112  6906  6906 I mm-camera: pproc_port_add_modules_to_stream:433, linking mods afs and llvd
08-25 17:54:41.113  6906  6906 I mm-camera: pproc_port_add_modules_to_stream:433, linking mods llvd and ezt
08-25 17:54:41.114  6906  6906 E mm-camera: pproc_port_add_modules_to_stream:454] X rc: 1
08-25 17:54:41.115  6906  6906 I mm-camera: port dir 1 stream info ide 1000f type 10 dim 0 x 0 port 0xe950f820
08-25 17:54:41.115  6906  6906 I mm-camera: port dir 1 stream info ide 1000f type 10 dim 0 x 0 port 0xe950f880
08-25 17:54:41.116  6906  6906 I mm-camera: port dir 1 stream info ide 1000f type 10 dim 0 x 0 port 0xe950f8e0
08-25 17:54:41.117  6906  6906 I mm-camera: port dir 1 stream info ide 1000f type 10 dim 0 x 0 port 0xe950f940
08-25 17:54:41.118  6906  6906 I mm-camera: port dir 1 stream info ide 1000f type 10 dim 0 x 0 port 0xe950f9a0
08-25 17:54:41.126  6906  6906 D mm-camera: mct: mct_pipeline_process_set: Linking successful for stream 0x1000f stream type=10
08-25 17:54:41.156 17537 17537 D mm-jpeg-intf: Max picture size 5312 x 2988, WorkBufSize = 23967744
08-25 17:54:41.164 17537 17537 I qomx_image_core: OMX_Init:95] Complete 3
08-25 17:54:41.166 17537 17537 E QCameraHWI_Mem: void qcamera::QCameraMemory::traceLogAllocStart(size_t, int, const char*):HeapMemsize 659104
08-25 17:54:41.167 17537 17537 E QCameraHWI_Mem: void qcamera::QCameraMemory::traceLogAllocStart(size_t, int, const char*):Memsize 659104
08-25 17:54:41.168 17537 17537 E QCameraHWI_Mem: void qcamera::QCameraMemory::traceLogAllocEnd(size_t) 659104
08-25 17:54:41.168 17537 17537 E QCameraHWI_Mem: void qcamera::QCameraMemory::traceLogAllocEnd(size_t) 659104
08-25 17:54:41.170 17537 17537 D QCameraParameters: int32_t qcamera::QCameraParameters::initDefaultParameters(): supported preview sizes: 2560x1440,1920x1440,2048x1536,2048x1080,1920x1080,1776x1080,1440x1080,1280x960,1280x720,960x720,864x480,880x720,848x480,800x480,768x432,720x480,640x640,640x480,640x360,576x432,480x320,384x288,352x288,320x240,240x160,176x144
08-25 17:54:41.170 17537 17537 D QCameraParameters: int32_t qcamera::QCameraParameters::initDefaultParameters(): supported video sizes: 1920x1080,1280x960,1280x720,864x480,848x480,800x480,720x480,640x480,640x360,480x320,352x288,320x240,176x144,144x176
08-25 17:54:41.171 17537 17537 D QCameraParameters: int32_t qcamera::QCameraParameters::initDefaultParameters(): supported pic sizes: 5312x2988,3984x2988,3840x2160,3264x2448,3264x1836,2560x1920,2592x1944,2688x1512,2048x1536,1920x1080,1600x1200,1536x864,1280x960,1280x768,1280x720,1024x768,880x720,800x600,864x480,800x480,720x480,640x480,640x360,352x288,320x240,176x144
08-25 17:54:41.172 17537 17537 D QCameraParameters: int32_t qcamera::QCameraParameters::setPreviewFpsRange(int, int, int, int): Setting preview fps range 2000,30000
08-25 17:54:41.173 17537 17537 D QCameraParameters: int32_t qcamera::QCameraParameters::setPreviewFpsRange(int, int, int, int): Updated: minFps = 2000, maxFps = 30000 , vid minFps = 2000, vid maxFps = 30000
08-25 17:54:41.173 17537 17537 D QCamera2HWI: int qcamera::QCamera2HardwareInterface::calcThermalLevel(qcamera::qcamera_thermal_level_enum_t, int, int, cam_fps_range_t&, msm_vfe_frame_skip_pattern&): level: 0, preview minfps 2000.000000, preview maxfpS 30000.000000, video minfps 2000.000000, video maxfpS 30000.000000
08-25 17:54:41.174 17537 17537 D QCamera2HWI: int qcamera::QCamera2HardwareInterface::calcThermalLevel(qcamera::qcamera_thermal_level_enum_t, int, int, cam_fps_range_t&, msm_vfe_frame_skip_pattern&): Thermal level 0, FPS [2.00,30.00, 2.00,30.00], frameskip 0
08-25 17:54:41.175 17537 17537 D QCameraParameters: int32_t qcamera::QCameraParameters::setPreviewFpsRange(int, int, int, int): Thermal adjusted Preview fps range 2.00,30.00, 2.00, 30.00
08-25 17:54:41.176 17537 17537 D QCameraParameters: int32_t qcamera::QCameraParameters::initDefaultParameters(): supported fps rates: 2,3,4,5,6,7,8,9,10,11,12,13,14,15,16,17,18,19,20,21,22,23,24,25,26,27,28,29,30
08-25 17:54:41.176 17537 17537 D QCameraParameters: int32_t qcamera::QCameraParameters::setFocusMode(const char*): Setting focus mode auto
08-25 17:54:41.178 17537 17537 D QCameraParameters: initDefaultParameters: setting KEY_FOCUS_DISTANCES as 0.100000,0.150000,0.170000
08-25 17:54:41.179 17537 17537 D QCameraParameters: int32_t qcamera::QCameraParameters::setAutoExposure(const char*): Setting auto exposure center-weighted
08-25 17:54:41.180 17537 17537 D QCameraParameters: int32_t qcamera::QCameraParameters::setAntibanding(const char*): Setting AntiBanding value auto
08-25 17:54:41.180 17537 17537 D QCameraParameters: int32_t qcamera::QCameraParameters::setFlash(const char*): Setting Flash value off
08-25 17:54:41.181 17537 17537 D QCameraParameters: int32_t qcamera::QCameraParameters::setISOValue(const char*): Setting ISO value auto
08-25 17:54:41.182 17537 17537 D QCameraParameters: int32_t qcamera::QCameraParameters::initDefaultParameters(), Exposure time min 0.034133 ms, max 29377.348000 ms
08-25 17:54:41.182 17537 17537 D QCameraParameters: int32_t qcamera::QCameraParameters::initDefaultParameters(), ISO min 50, max 800
08-25 17:54:41.184 17537 17537 D QCameraParameters: int32_t qcamera::QCameraParameters::setZoom(int): zoom level: 0
08-25 17:54:41.185 17537 17537 I QCameraParameters: int32_t qcamera::QCameraParameters::initDefaultParameters(): setting Exposure Bracketing value of 0,10,-9
08-25 17:54:41.185 17537 17537 D QCameraParameters: int32_t qcamera::QCameraParameters::setAEBracket(const char*), EXP_BRACKETING_OFF
08-25 17:54:41.186 17537 17537 D QCameraParameters: int32_t qcamera::QCameraParameters::setAFBracket(const char*): afBracketStr =af-bracket-off
08-25 17:54:41.186 17537 17537 D QCameraParameters: int32_t qcamera::QCameraParameters::setReFocus(const char*): reFocusStr =re-focus-off
08-25 17:54:41.187 17537 17537 D QCameraParameters: int32_t qcamera::QCameraParameters::setChromaFlash(const char*): chromaFlashStr =chroma-flash-off
08-25 17:54:41.187 17537 17537 D QCameraParameters: int32_t qcamera::QCameraParameters::setOptiZoom(const char*): optiZoomStr =opti-zoom-off
08-25 17:54:41.188 17537 17537 D QCameraParameters: int32_t qcamera::QCameraParameters::setSeeMore(const char*): seeMoreStr =off
08-25 17:54:41.189 17537 17537 D QCameraParameters: int32_t qcamera::QCameraParameters::setToneMapMode(uint32_t, bool): tone map mode 1
08-25 17:54:41.189 17537 17537 D QCameraParameters: int32_t qcamera::QCameraParameters::setStillMore(const char*): stillMoreStr =still-more-off
08-25 17:54:41.190 17537 17537 D QCameraParameters: int32_t qcamera::QCameraParameters::setAecLock(const char*): Setting AECLock value false
08-25 17:54:41.190 17537 17537 D QCameraParameters: int32_t qcamera::QCameraParameters::setAwbLock(const char*): Setting AWBLock value false
08-25 17:54:41.191 17537 17537 D QCameraParameters: int32_t qcamera::QCameraParameters::initDefaultParameters(): totalram = -1338056704, freeram = 833941504
08-25 17:54:41.192 17537 17537 D QCameraParameters: void qcamera::QCameraParameters::setOfflineRAW(): Offline Raw  0
08-25 17:54:41.192 17537 17537 E LGCameraParameters: void qcamera::QCameraParameters::initDefaultParametersEx(): multi_window_af_supported = 1
08-25 17:54:41.193 17537 17537 E LGCameraParameters: createMultiWindowString: (-280,-280,0,0,1),(-140,-420,140,-140,1),(0,-280,280,0,1),(-420,-140,-140,140,1),(-140,-140,140,140,1),(140,-140,420,140,1),(-280,0,0,280,1),(-140,140,140,420,1),(0,0,280,280,1),(-220,-220,220,220,1)
08-25 17:54:41.194 17537 17537 E LGCameraParameters: createMultiWindowString: (720,720,1000,1000,1),(860,580,1140,860,1),(1000,720,1280,1000,1),(580,860,860,1140,1),(860,860,1140,1140,1),(1140,860,1420,1140,1),(720,1000,1000,1420,1),(860,1140,1140,1420,1),(1000,1000,1280,1280,1)
08-25 17:54:41.195 17537 17537 D LGCameraParameters: int32_t qcamera::QCameraParameters::setLG_ISOcontrol(const char*): Setting ISO value auto
08-25 17:54:41.196 17537 17537 E LGCameraParameters: int32_t qcamera::QCameraParameters::setBeautyLevel(int) : [ARC_BEAUTY] beautylevel = 0
08-25 17:54:41.197  6906 17807 E mm-camera: sensor_set_frame_rate:1176max fps 30.000000 min fps 2.000000,fixed_frame_rate=0
08-25 17:54:41.198  6906 17807 E mm-camera: iface_util_set_hfr: can't find hw stream, only save hfr mode
08-25 17:54:41.200 17537 17537 D QCameraParameters: int32_t qcamera::QCameraParameters::setNumOfSnapshot(): nBurstNum = 1, nExpnum = 1
08-25 17:54:41.202 17537 17537 I Thermal-Lib: Thermal-Lib-Client: Registraion successful for camera with handle:1
08-25 17:54:41.203 17537 17537 I Thermal-Lib: Thermal-Lib-Client: Registraion successful for camcorder with handle:2
08-25 17:54:41.203 17537 17537 I QCamera2HWI: [KPI Perf] int qcamera::QCamera2HardwareInterface::openCamera(hw_device_t**): X PROFILE_OPEN_CAMERA camera id 0, rc: 0
08-25 17:54:41.204 17537 17537 E QCamera2HWI: int qcamera::QCamera2HardwareInterface::openCamera(hw_device_t**):[PREVIEW_COUNT] preview_count(1)
08-25 17:54:41.214 17537 17537 I CamDev@1.0-impl: Closing camera 0
08-25 17:54:41.215 17537 17537 I QCamera2HWI: [KPI Perf] static int qcamera::QCamera2HardwareInterface::close_camera_device(hw_device_t*): E
08-25 17:54:41.215 17537 17760 D QCamera2HWI: static void* qcamera::QCamera2HardwareInterface::defferedWorkRoutine(void*): stop data proc
08-25 17:54:41.217 17537 17537 I QCamera2HWI: [KPI Perf] int qcamera::QCamera2HardwareInterface::closeCamera(): E PROFILE_CLOSE_CAMERA camera id 0
08-25 17:54:41.217 17537 17537 D QCameraParameters: bool qcamera::QCameraParameters::setStreamConfigure(bool, bool, bool): Done Resetting stream config!!
08-25 17:54:41.221 17537 17537 I qomx_image_core: OMX_Deinit:119] Complete
08-25 17:54:41.231 17537 17537 I Thermal-Lib: Thermal-Lib-Client: Unregisteration is successfull for handle:1
08-25 17:54:41.877   971  2371 I CameraManagerGlobal: Connecting to camera service
08-25 17:54:41.882   971  2371 E CameraManagerGlobal: Camera service is unavailable
08-25 17:54:42.732   497   497 I MSM-irqbalance: Decided to move IRQ83 from CPU2 to CPU1
08-25 17:54:42.884   971  2371 I CameraManagerGlobal: Connecting to camera service
08-25 17:54:42.886   971  2371 E CameraManagerGlobal: Camera service is unavailable
08-25 17:54:43.888   971  2371 I CameraManagerGlobal: Connecting to camera service
08-25 17:54:43.892   971  2371 E CameraManagerGlobal: Camera service is unavailable
08-25 17:54:44.894   971  2371 I CameraManagerGlobal: Connecting to camera service
08-25 17:54:44.899   971  2371 E CameraManagerGlobal: Camera service is unavailable
08-25 17:54:45.902   971  2371 I CameraManagerGlobal: Connecting to camera service
08-25 17:54:45.907   971  2371 E CameraManagerGlobal: Camera service is unavailable
08-25 17:54:46.203 17537 17537 I Thermal-Lib: Thermal-Lib-Client: Unregisteration is successfull for handle:2
08-25 17:54:46.208  6906 17807 D mm-camera: mct: mct_pipeline_process_set:command=800000b
08-25 17:54:46.210  6906 17807 E mm-camera: mct: mct_pipeline_process_set:2966: Couldn't find stream id: 0
08-25 17:54:46.212  6906  6906 D mm-camera: mct: mct_controller_destroy: Initiating destroy sequence
08-25 17:54:46.213 17537 17537 I QCamera2HWI: [KPI Perf] int qcamera::QCamera2HardwareInterface::closeCamera(): X PROFILE_CLOSE_CAMERA camera id 0, rc: 0
08-25 17:54:46.215 17537 17537 E QCamera2HWI: int qcamera::QCamera2HardwareInterface::closeCamera():[PREVIEW_COUNT] preview_count(0)
08-25 17:54:46.215  6906 17808 D mm-camera: mct: mct_bus_handler_thread_run: Force Exit
08-25 17:54:46.219  6906  6906 D mm-camera: mct: mct_controller_destroy: bus_handler thread closed
08-25 17:54:46.220  6906  6906 D mm-camera: mct: mct_pipeline_stop_session - E
08-25 17:54:46.222  6906  6906 D mm-camera: mct: mct_pipeline_process_set:command=800000b
08-25 17:54:46.227  6906  6906 D mm-camera: mct: mct_pipeline_process_set: Issuing DEL_STREAM on stream 0x1000f and stream type=10
08-25 17:54:46.230  6906  6906 E mm-camera: port_iface_ext_unlink_func: E, identity = 0x1000f, port = 0xe94c5ba0, direction = 2
08-25 17:54:46.232  6906  6906 E mm-camera: port_iface_check_caps_unreserve_func:  E, identity = 0x1000f, port = 0xe94c5ba0, direction = 2
08-25 17:54:46.233  6906  6906 E mm-camera: iface_unreserve_sink_port: stream_id f mode 0
08-25 17:54:46.234 17537 17537 E QCamera2HWI: int qcamera::QCamera2HardwareInterface::closeCamera():[PREVIEW_COUNT][LOAD] preview_count(0) // MultiView(0)
08-25 17:54:46.235  6906  6906 E mm-camera: port_iface_ext_unlink_func: E, identity = 0x1000f, port = 0xe94c5ea0, direction = 1
08-25 17:54:46.237  6906  6906 E mm-camera: iface_ext_unlink_src_port: mct stream already removed from hw stream
08-25 17:54:46.237 17537 17537 I QCamera2HWI: [KPI Perf] static int qcamera::QCamera2HardwareInterface::close_camera_device(hw_device_t*): X
08-25 17:54:46.239  6906  6906 E mm-camera: port_iface_check_caps_unreserve_func:  E, identity = 0x1000f, port = 0xe94c5ea0, direction = 1
08-25 17:54:46.239 17537 17537 I CameraProviderManager: Enumerating new camera device: device@3.3/legacy/0
08-25 17:54:46.241  6906  6906 E mm-camera: isp_port_check_caps_unreserve:826 ide 1000f port 0xe950f7c0
08-25 17:54:46.245 17537 17537 E CameraProviderManager: DeviceInfo3: Converted ICameraDevice instance to nullptr
08-25 17:54:46.246 17537 17537 I CameraProviderManager: Enumerating new camera device: device@1.0/legacy/1
08-25 17:54:46.248  6906  6906 E mm-camera: module_afs_port_check_caps_unreserve:1524]
08-25 17:54:46.250  6906  6906 E mm-camera: module_afs_port_check_caps_unreserve:1532] destroy client
08-25 17:54:46.252  6906  6906 E mm-camera: module_imgbase_port_release_client_llvd:1553]
08-25 17:54:46.254  6906  6906 E mm-camera: q3a_thread_af_stop:1019  q3a_thread_af_stop:1019 MSG_STOP_THREAD
08-25 17:54:46.258 17537 17537 I CamDev@1.0-impl: Opening camera 1
08-25 17:54:46.259 17537 17537 I QCamera2Factory: :static int qcamera::QCamera2Factory::openLegacy(int32_t, uint32_t, hw_device_t**) openLegacy halVersion: 256
08-25 17:54:46.259  6906  6906 E mm-camera: stats_port_delete_reserved_stream:2602  stats_port_delete_reserved_stream:2602: going to NULL peer
08-25 17:54:46.261  6906  6906 D mm-camera: mct: mct_pipeline_process_set: Stream 0x1000f and stream type=10, successfully deleted
08-25 17:54:46.262  6906 17819 D mm-camera: mct: mct_pipeline_stop_session_thread: Stop module name: sensor - E
08-25 17:54:46.263  6906 17819 E mm-camera: module_sensor_deinit_session:1545trying to delete thread
08-25 17:54:46.264  6906 17820 D mm-camera: mct: mct_pipeline_stop_session_thread: Stop module name: iface - E
08-25 17:54:46.264  6906 17819 E mm-camera-sensor: proxy_thread_delete:259p_thread,trying to delete thread
08-25 17:54:46.265 17537 17821 D QCamera2HWI: static void* qcamera::QCamera2HardwareInterface::defferedWorkRoutine(void*): start data proc
08-25 17:54:46.265  6906 17822 D mm-camera: mct: mct_pipeline_stop_session_thread: Stop module name: isp - E
08-25 17:54:46.266  6906 17823 D mm-camera: mct: mct_pipeline_stop_session_thread: Stop module name: stats - E
08-25 17:54:46.266  6906 17824 D mm-camera: mct: mct_pipeline_stop_session_thread: Stop module name: pproc - E
08-25 17:54:46.267  6906 17819 E mm-camera-sensor: send_thread_exit_msg:219p_thread, exit_thread 0
08-25 17:54:46.267  6906 17820 D mm-camera: mct: mct_pipeline_stop_session_thread: Stop module name: iface - X
08-25 17:54:46.268  6906 17822 E mm-camera-isp2: isp_module_stop_session:358 session id 1
08-25 17:54:46.269  6906 17825 D mm-camera: mct: mct_pipeline_stop_session_thread: Stop module name: imglib - E
08-25 17:54:46.271  6906  6906 D mm-camera: mct: mct_pipeline_stop_session: left modules: 5
08-25 17:54:46.271  6906 17822 D mm-camera: mct: mct_pipeline_stop_session_thread: Stop module name: isp - X
08-25 17:54:46.272  6906  6906 D mm-camera: mct: mct_pipeline_stop_session: left modules: 4
08-25 17:54:46.272 17537 17537 I QCamera2HWI: [KPI Perf] int qcamera::QCamera2HardwareInterface::openCamera(hw_device_t**): E PROFILE_OPEN_CAMERA camera id 1
08-25 17:54:46.274  6906 17819 E mm-camera-sensor: send_thread_exit_msg:223p_thread, exit_thread 1
08-25 17:54:46.275  6906 17825 E mm-camera: module_faceproc_stop_session:1885] session cnt 1
08-25 17:54:46.276  6906 17824 E mm-camera-pp: [INFO] base_module_stop_session:98, E, session=1
08-25 17:54:46.276  6906 17819 E mm-camera: module_sensor_deinit_session:1547proxy_thread_deleted!
08-25 17:54:46.277  6906 17823 E mm-camera: gyro_port_deinit:1446  gyro_port_deinit: Error in android Deinit
08-25 17:54:46.277  6906 17824 E mm-camera-pp: [INFO] base_module_stop_session:98, E, session=1
08-25 17:54:46.278  6906 17819 E mm-camera: module_sensor_deinit_session:1551try to stop proxy kernel workqueue!
08-25 17:54:46.279  6906 17823 I CAMERA_SENSOR: stop_accel_sensor
08-25 17:54:46.280  6906 17824 D mm-camera: mct: mct_pipeline_stop_session_thread: Stop module name: pproc - X
08-25 17:54:46.280  6906 17819 E mm-camera-sensor: sensor_proxy_thread_off:215enter
08-25 17:54:46.280  6906 17823 D mm-camera: mct: mct_pipeline_stop_session_thread: Stop module name: stats - X
08-25 17:54:46.281  6906  6906 D mm-camera: mct: mct_pipeline_stop_session: left modules: 3
08-25 17:54:46.282  6906 17825 D mm-camera: mct: mct_pipeline_stop_session_thread: Stop module name: imglib - X
08-25 17:54:46.282  6906  6906 D mm-camera: mct: mct_pipeline_stop_session: left modules: 2
08-25 17:54:46.284  6906  6906 D mm-camera: mct: mct_pipeline_stop_session: left modules: 1
08-25 17:54:46.322  6906 17819 E mm-camera: module_sensor_deinit_session:1567trying to delete thread
08-25 17:54:46.322  6906 17819 E mm-camera-sensor: tcs_thread_delete:303tcs_thread, trying to delete thread
08-25 17:54:46.323  6906 17819 E mm-camera: module_sensor_deinit_session:1569tcs_thread_deleted!
08-25 17:54:46.324  6906 17819 E mm-camera: module_sensor_deinit_session:1571try to stop tcs kernel workqueue!
08-25 17:54:46.330  6906 17819 E mm-camera-sensor: proxy_power_down:47enter
08-25 17:54:46.361  6906 17819 E mm-camera: sensor_close:4609ctrl->isStreaming make false
08-25 17:54:46.364  6906 17819 D mm-camera: mct: mct_pipeline_stop_session_thread: Stop module name: sensor - X
08-25 17:54:46.365  6906  6906 D mm-camera: mct: mct_pipeline_stop_session: left modules: 0
08-25 17:54:46.365  6906  6906 D mm-camera: mct: mct_pipeline_stop_session - X
08-25 17:54:46.366  6906  6906 D mm-camera: mct: mct_pipeline_destroy E: session:1
08-25 17:54:46.368  6906  6906 D mm-camera: mct: mct_pipeline_destroy X: Pipeline destroyed successfully
08-25 17:54:46.369  6906  6906 D mm-camera: mct: mct_controller_destroy: X Successfully closed mct_controller
08-25 17:54:46.372  6906  6906 D mm-camera: mct: mct_controller_new: Creating new mct_controller with session-id 2
08-25 17:54:46.373  6906 17827 D mm-camera: mct: mct_pipeline_start_session_thread: E sensor
08-25 17:54:46.375  6906 17828 D mm-camera: mct: mct_pipeline_start_session_thread: E iface
08-25 17:54:46.380  6906 17829 D mm-camera: mct: mct_pipeline_start_session_thread: E isp
08-25 17:54:46.380  6906 17828 D mm-camera: mct: mct_pipeline_start_session_thread: X isp
08-25 17:54:46.385  6906 17829 E mm-camera-isp2: isp_module_start_session:174 session id 2
08-25 17:54:46.386  6906 17831 D mm-camera: mct: mct_pipeline_start_session_thread: E stats
08-25 17:54:46.389  6906 17831 E mm-camera: tcc_init: TCC ver.150418a
08-25 17:54:46.390  6906 17832 D mm-camera: mct: mct_pipeline_start_session_thread: E pproc
08-25 17:54:46.394  6906 17833 D mm-camera: mct: mct_pipeline_start_session_thread: E imglib
08-25 17:54:46.397  6906 17833 E mm-camera: module_faceproc_start_session:1844] session cnt 1
08-25 17:54:46.404  6906 17833 D mm-camera: mct: mct_pipeline_start_session_thread: X imglib
08-25 17:54:46.409  6906 17829 D mm-camera: mct: mct_pipeline_start_session_thread: X imglib
08-25 17:54:46.413  6906 17831 E mm-camera: sensor_laser_init:144  HW module: id: sensors name: STMicroelectronics VL53L0 sensor module
08-25 17:54:46.413  6906 17827 E mm-camera: module_sensor_init_session:1245eeprom_name = t4ka3_eeprom
08-25 17:54:46.415  6906 17831 E Sensors : openInput
08-25 17:54:46.416  6906 17831 E Sensors : devname: /dev/input/event4
08-25 17:54:46.422  6906 17831 E Sensors : devname: /dev/input/event3
08-25 17:54:46.433  6906 17831 E Sensors : devname: /dev/input/event0
08-25 17:54:46.437  6906 17831 E Sensors : devname: /dev/input/mice
08-25 17:54:46.445  6906 17831 E Sensors : devname: /dev/input/event2
08-25 17:54:46.447  6906 17827 E mm-camera: module_sensor_init_session:1277flash subdev id = -1
08-25 17:54:46.448  6906 17827 E mm-camera: module_sensor_start_session:1684SUCCESS
08-25 17:54:46.449  6906 17827 D mm-camera: mct: mct_pipeline_start_session_thread: X imglib
08-25 17:54:46.450  6906 17831 E Sensors : devname: /dev/input/event1
08-25 17:54:46.452  6906 17832 E mm-camera-pp: [INFO] base_module_start_session:91, E, session=2
08-25 17:54:46.453  6906 17832 E mm-camera-pp: [INFO] base_module_start_session:91, E, session=2
08-25 17:54:46.454  6906 17832 D mm-camera: mct: mct_pipeline_start_session_thread: X imglib
08-25 17:54:46.466  6906 17831 E Sensors : couldn't find 'STM VL53L0 proximity sensor' input device
08-25 17:54:46.467  6906 17831 E Sensors : ProximitySensor::ProximitySensor gets called!
08-25 17:54:46.468  6906 17831 E Sensors : ProximitySensor: input_name:, input_sysfs_path:/sys/class/input/input
08-25 17:54:46.468  6906 17831 E Sensors : ProximitySensor::enable function called for stmvl53L0!
08-25 17:54:46.469  6906 17831 E Sensors : ProximitySensor::enable filename:/sys/class/input/input/enable_ps_sensor
08-25 17:54:46.470  6906 17831 E Sensors : ProximitySensor::enable: Failed to open file descriptor for enabling VL53L0
08-25 17:54:46.470  6906 17831 E Sensors : ProximitySensor::enable: Attempted to open file /sys/class/input/input/enable_ps_sensor. Error: -1
08-25 17:54:46.471  6906 17831 E Sensors : open_sensors gets called!
08-25 17:54:46.472  6906 17831 E Sensors : is_tof_sensor_available() called
08-25 17:54:46.473  6906 17831 E Sensors : devname: /dev/input/event4
08-25 17:54:46.485  6906 17831 E Sensors : devname: /dev/input/event3
08-25 17:54:46.493  6906 17831 E Sensors : devname: /dev/input/event0
08-25 17:54:46.501  6906 17831 E Sensors : devname: /dev/input/mice
08-25 17:54:46.509  6906 17831 E Sensors : devname: /dev/input/event2
08-25 17:54:46.518  6906 17831 E Sensors : devname: /dev/input/event1
08-25 17:54:46.525  6906 17831 E Sensors : No Tof sensor found!!!
08-25 17:54:46.526  6906 17831 E mm-camera: sensor_laser_init:164  0 sensor supported
08-25 17:54:46.528  6906 17831 E mm-camera: gyro_port_init:1404  Failure initializing laser sensor. Error: 4
08-25 17:54:46.528  6906 17831 I CAMERA_SENSOR: start_accel_sensor
08-25 17:54:46.529  6906 17831 E mm-camera: start_accel_sensor: sensor1_open E
08-25 17:54:46.532  6906 17831 E mm-camera: start_accel_sensor: sensor1_open X, res = 0
08-25 17:54:46.535  6906 17852 I CAMERA_SENSOR: accel_data_cb received RESP - SNS_SMGR_REPORT_RESP_V01
08-25 17:54:46.536  6906 17831 D mm-camera: mct: mct_pipeline_start_session_thread: X imglib
08-25 17:54:46.536  6906  6906 E mm-camera: module_sensor_query_mod:7021led flash is not supported for this sensor.
08-25 17:54:46.538  6906  6906 E mm-camera: sensor_get_cur_chromatix_name:2577Error: Load default preview chroamtix
08-25 17:54:46.538  6906  6906 E mm-camera-sensor: chromatix_load_library_ex : chromatix = libchromatix_t4ka3_snapshot_open.so , lib name = /system/vendor/lib/libchromatix_t4ka3_snapshot_open.so
08-25 17:54:46.539  6906  6906 E mm-camera-sensor: chromatix_load_library_ex : chromatix = libchromatix_t4ka3_snapshot_open.so , lib name = /system/vendor/lib/libchromatix_t4ka3_snapshot_open.so
08-25 17:54:46.540  6906  6906 E mm-camera-sensor: chromatix_load_library_ex : chromatix = libchromatix_t4ka3_common_open.so , lib name = /system/vendor/lib/libchromatix_t4ka3_common_open.so
08-25 17:54:46.541  6906  6906 E mm-camera-sensor: chromatix_load_library_ex : chromatix = libchromatix_t4ka3_cpp_snapshot_open.so , lib name = /system/vendor/lib/libchromatix_t4ka3_cpp_snapshot_open.so
08-25 17:54:46.542  6906  6906 E mm-camera-sensor: chromatix_load_library_ex : chromatix = libchromatix_t4ka3_cpp_snapshot_open.so , lib name = /system/vendor/lib/libchromatix_t4ka3_cpp_snapshot_open.so
08-25 17:54:46.543  6906  6906 E mm-camera-sensor: chromatix_load_library_ex : chromatix = libchromatix_t4ka3_cpp_video_open.so , lib name = /system/vendor/lib/libchromatix_t4ka3_cpp_video_open.so
08-25 17:54:46.544  6906  6906 E mm-camera-sensor: chromatix_load_library_ex : chromatix = libchromatix_t4ka3_postproc_open.so , lib name = /system/vendor/lib/libchromatix_t4ka3_postproc_open.so
08-25 17:54:46.546  6906  6906 E mm-camera: module_faceproc_query_mod:1996] Caps ROI 5 scene_mode_cnt 1 HW analysis supported 0
08-25 17:54:46.546  6906  6906 E hdr     : module_hdr_lib_query_mod:181] Supported scenemode cnt 2
08-25 17:54:46.547  6906  6906 D mm-camera: mct: mct_pipeline_process_set:command=800000a
08-25 17:54:46.548  6906  6906 D mm-camera: mct: mct_pipeline_process_set: Adding new stream: id [0f]
08-25 17:54:46.548  6906  6906 D mm-camera: mct: mct_pipeline_process_set:command=8000012
08-25 17:54:46.549  6906  6906 D mm-camera: mct: mct_stream_start_link: Start linking Session-stream 0x2000f
08-25 17:54:46.549  6906  6906 I mm-camera: module_iface_set_mod_func: set module type = 8, identity 2000f
08-25 17:54:46.550  6906  6906 E mm-camera-sensor: port_sensor_caps_reserve:86session id doesn't match
08-25 17:54:46.551  6906  6906 I mm-camera: port dir 2 stream info ide 2000f type 10 dim 0 x 0 port 0xe950f7c0
08-25 17:54:46.551  6906  6906 I mm-camera: port 0xe950f7c0 ide 2000f type 10 dim 0 0
08-25 17:54:46.552  6906  6906 I mm-camera: port dir 1 stream info ide 2000f type 10 dim 0 x 0 port 0xe950f820
08-25 17:54:46.553  6906  6906 I mm-camera: port dir 1 stream info ide 2000f type 10 dim 0 x 0 port 0xe950f880
08-25 17:54:46.553  6906  6906 I mm-camera: port dir 1 stream info ide 2000f type 10 dim 0 x 0 port 0xe950f8e0
08-25 17:54:46.554  6906  6906 I mm-camera: port dir 1 stream info ide 2000f type 10 dim 0 x 0 port 0xe950f940
08-25 17:54:46.555  6906  6906 E mm-camera: int_link = 0xe9515de0
08-25 17:54:46.555  6906  6906 I mm-camera: pproc_port_add_modules_to_stream:433, linking mods tmod and c2d
08-25 17:54:46.559  6906  6906 I mm-camera: pproc_port_add_modules_to_stream:433, linking mods c2d and cpp
08-25 17:54:46.560  6906  6906 E mm-camera: Interleaved flag is 0, identity 131087 port type 0
08-25 17:54:46.560  6906  6906 I mm-camera: pproc_port_add_modules_to_stream:433, linking mods cpp and afs
08-25 17:54:46.561  6906  6906 I mm-camera: pproc_port_add_modules_to_stream:433, linking mods afs and llvd
08-25 17:54:46.562  6906  6906 I mm-camera: pproc_port_add_modules_to_stream:433, linking mods llvd and ezt
08-25 17:54:46.562  6906  6906 E mm-camera: pproc_port_add_modules_to_stream:454] X rc: 1
08-25 17:54:46.563  6906  6906 I mm-camera: port dir 1 stream info ide 2000f type 10 dim 0 x 0 port 0xe950f820
08-25 17:54:46.564  6906  6906 I mm-camera: port dir 1 stream info ide 2000f type 10 dim 0 x 0 port 0xe950f880
08-25 17:54:46.564  6906  6906 I mm-camera: port dir 1 stream info ide 2000f type 10 dim 0 x 0 port 0xe950f8e0
08-25 17:54:46.565  6906  6906 I mm-camera: port dir 1 stream info ide 2000f type 10 dim 0 x 0 port 0xe950f940
08-25 17:54:46.566  6906  6906 I mm-camera: port dir 1 stream info ide 2000f type 10 dim 0 x 0 port 0xe950f9a0
08-25 17:54:46.573  6906  6906 D mm-camera: mct: mct_pipeline_process_set: Linking successful for stream 0x2000f stream type=10
08-25 17:54:46.600 17537 17537 D mm-jpeg-intf: Max picture size 3264 x 2448, WorkBufSize = 12220416
08-25 17:54:46.605 17537 17537 I qomx_image_core: OMX_Init:95] Complete 3
08-25 17:54:46.606 17537 17537 E QCameraHWI_Mem: void qcamera::QCameraMemory::traceLogAllocStart(size_t, int, const char*):HeapMemsize 659104
08-25 17:54:46.607 17537 17537 E QCameraHWI_Mem: void qcamera::QCameraMemory::traceLogAllocStart(size_t, int, const char*):Memsize 659104
08-25 17:54:46.608 17537 17537 E QCameraHWI_Mem: void qcamera::QCameraMemory::traceLogAllocEnd(size_t) 659104
08-25 17:54:46.608 17537 17537 E QCameraHWI_Mem: void qcamera::QCameraMemory::traceLogAllocEnd(size_t) 659104
08-25 17:54:46.609 17537 17537 D QCameraParameters: int32_t qcamera::QCameraParameters::initDefaultParameters(): supported preview sizes: 2560x1440,1920x1440,2048x1536,2048x1080,1920x1080,1776x1080,1440x1080,1280x960,1280x720,960x720,864x480,880x720,848x480,800x480,768x432,720x480,640x640,640x480,640x360,576x432,480x320,384x288,352x288,320x240,240x160,176x144
08-25 17:54:46.610 17537 17537 D QCameraParameters: int32_t qcamera::QCameraParameters::initDefaultParameters(): supported video sizes: 1920x1080,1280x960,1280x720,864x480,848x480,800x480,720x480,640x480,640x360,480x320,352x288,320x240,176x144,144x176
08-25 17:54:46.611 17537 17537 D QCameraParameters: int32_t qcamera::QCameraParameters::initDefaultParameters(): supported pic sizes: 3264x2448,3264x1836,2560x1920,2592x1944,2688x1512,2048x1536,1920x1080,1600x1200,1536x864,1280x960,1280x768,1280x720,1024x768,880x720,800x600,864x480,800x480,720x480,640x480,640x360,352x288,320x240,176x144
08-25 17:54:46.611 17537 17537 D QCameraParameters: int32_t qcamera::QCameraParameters::setPreviewFpsRange(int, int, int, int): Setting preview fps range 2000,30000
08-25 17:54:46.612 17537 17537 D QCameraParameters: int32_t qcamera::QCameraParameters::setPreviewFpsRange(int, int, int, int): Updated: minFps = 2000, maxFps = 30000 , vid minFps = 2000, vid maxFps = 30000
08-25 17:54:46.613 17537 17537 D QCamera2HWI: int qcamera::QCamera2HardwareInterface::calcThermalLevel(qcamera::qcamera_thermal_level_enum_t, int, int, cam_fps_range_t&, msm_vfe_frame_skip_pattern&): level: 0, preview minfps 2000.000000, preview maxfpS 30000.000000, video minfps 2000.000000, video maxfpS 30000.000000
08-25 17:54:46.613 17537 17537 D QCamera2HWI: int qcamera::QCamera2HardwareInterface::calcThermalLevel(qcamera::qcamera_thermal_level_enum_t, int, int, cam_fps_range_t&, msm_vfe_frame_skip_pattern&): Thermal level 0, FPS [2.00,30.00, 2.00,30.00], frameskip 0
08-25 17:54:46.614 17537 17537 D QCameraParameters: int32_t qcamera::QCameraParameters::setPreviewFpsRange(int, int, int, int): Thermal adjusted Preview fps range 2.00,30.00, 2.00, 30.00
08-25 17:54:46.614 17537 17537 D QCameraParameters: int32_t qcamera::QCameraParameters::initDefaultParameters(): supported fps rates: 2,3,4,5,6,7,8,9,10,11,12,13,14,15,16,17,18,19,20,21,22,23,24,25,26,27,28,29,30
08-25 17:54:46.615 17537 17537 D QCameraParameters: int32_t qcamera::QCameraParameters::setFocusMode(const char*): Setting focus mode fixed
08-25 17:54:46.616 17537 17537 D QCameraParameters: initDefaultParameters: setting KEY_FOCUS_DISTANCES as 0.100000,0.150000,0.170000
08-25 17:54:46.616 17537 17537 D QCameraParameters: int32_t qcamera::QCameraParameters::setAutoExposure(const char*): Setting auto exposure center-weighted
08-25 17:54:46.617 17537 17537 D QCameraParameters: int32_t qcamera::QCameraParameters::setAntibanding(const char*): Setting AntiBanding value auto
08-25 17:54:46.618 17537 17537 D QCameraParameters: int32_t qcamera::QCameraParameters::setFlash(const char*): Setting Flash value off
08-25 17:54:46.618 17537 17537 D QCameraParameters: int32_t qcamera::QCameraParameters::setISOValue(const char*): Setting ISO value auto
08-25 17:54:46.619 17537 17537 D QCameraParameters: int32_t qcamera::QCameraParameters::initDefaultParameters(), Exposure time min 0.013272 ms, max 869.661901 ms
08-25 17:54:46.620 17537 17537 D QCameraParameters: int32_t qcamera::QCameraParameters::initDefaultParameters(), ISO min 100, max 3000
08-25 17:54:46.621 17537 17537 D QCameraParameters: int32_t qcamera::QCameraParameters::setZoom(int): zoom level: 0
08-25 17:54:46.622 17537 17537 I QCameraParameters: int32_t qcamera::QCameraParameters::initDefaultParameters(): setting Exposure Bracketing value of 0,10,-9
08-25 17:54:46.622 17537 17537 D QCameraParameters: int32_t qcamera::QCameraParameters::setAEBracket(const char*), EXP_BRACKETING_OFF
08-25 17:54:46.623 17537 17537 D QCameraParameters: int32_t qcamera::QCameraParameters::setChromaFlash(const char*): chromaFlashStr =chroma-flash-off
08-25 17:54:46.623 17537 17537 D QCameraParameters: int32_t qcamera::QCameraParameters::setOptiZoom(const char*): optiZoomStr =opti-zoom-off
08-25 17:54:46.624 17537 17537 D QCameraParameters: int32_t qcamera::QCameraParameters::setSeeMore(const char*): seeMoreStr =off
08-25 17:54:46.625 17537 17537 D QCameraParameters: int32_t qcamera::QCameraParameters::setToneMapMode(uint32_t, bool): tone map mode 1
08-25 17:54:46.625 17537 17537 D QCameraParameters: int32_t qcamera::QCameraParameters::setStillMore(const char*): stillMoreStr =still-more-off
08-25 17:54:46.626 17537 17537 D QCameraParameters: int32_t qcamera::QCameraParameters::setAecLock(const char*): Setting AECLock value false
08-25 17:54:46.627 17537 17537 D QCameraParameters: int32_t qcamera::QCameraParameters::setAwbLock(const char*): Setting AWBLock value false
08-25 17:54:46.627 17537 17537 D QCameraParameters: int32_t qcamera::QCameraParameters::initDefaultParameters(): totalram = -1338056704, freeram = 834043904
08-25 17:54:46.628 17537 17537 D QCameraParameters: void qcamera::QCameraParameters::setOfflineRAW(): Offline Raw  0
08-25 17:54:46.628 17537 17537 E LGCameraParameters: void qcamera::QCameraParameters::initDefaultParametersEx(): multi_window_af_supported = 1
08-25 17:54:46.629 17537 17537 E LGCameraParameters: createMultiWindowString: (-280,-280,0,0,1),(-140,-420,140,-140,1),(0,-280,280,0,1),(-420,-140,-140,140,1),(-140,-140,140,140,1),(140,-140,420,140,1),(-280,0,0,280,1),(-140,140,140,420,1),(0,0,280,280,1),(-220,-220,220,220,1)
08-25 17:54:46.630 17537 17537 E LGCameraParameters: createMultiWindowString: (720,720,1000,1000,1),(860,580,1140,860,1),(1000,720,1280,1000,1),(580,860,860,1140,1),(860,860,1140,1140,1),(1140,860,1420,1140,1),(720,1000,1000,1420,1),(860,1140,1140,1420,1),(1000,1000,1280,1280,1)
08-25 17:54:46.631 17537 17537 D LGCameraParameters: int32_t qcamera::QCameraParameters::setLG_ISOcontrol(const char*): Setting ISO value auto
08-25 17:54:46.631 17537 17537 E LGCameraParameters: int32_t qcamera::QCameraParameters::setBeautyLevel(int) : [ARC_BEAUTY] beautylevel = 0
08-25 17:54:46.634  6906 17861 E mm-camera: iface_util_set_hfr: can't find hw stream, only save hfr mode
08-25 17:54:46.635 17537 17537 D QCameraParameters: int32_t qcamera::QCameraParameters::setNumOfSnapshot(): nBurstNum = 1, nExpnum = 1
08-25 17:54:46.637 17537 17537 I Thermal-Lib: Thermal-Lib-Client: Registraion successful for camera with handle:1
08-25 17:54:46.638 17537 17537 I Thermal-Lib: Thermal-Lib-Client: Registraion successful for camcorder with handle:2
08-25 17:54:46.638 17537 17537 I QCamera2HWI: [KPI Perf] int qcamera::QCamera2HardwareInterface::openCamera(hw_device_t**): X PROFILE_OPEN_CAMERA camera id 1, rc: 0
08-25 17:54:46.639 17537 17537 E QCamera2HWI: int qcamera::QCamera2HardwareInterface::openCamera(hw_device_t**):[PREVIEW_COUNT] preview_count(1)
08-25 17:54:46.650 17537 17537 I CamDev@1.0-impl: Closing camera 1
08-25 17:54:46.651 17537 17537 I QCamera2HWI: [KPI Perf] static int qcamera::QCamera2HardwareInterface::close_camera_device(hw_device_t*): E
08-25 17:54:46.651 17537 17821 D QCamera2HWI: static void* qcamera::QCamera2HardwareInterface::defferedWorkRoutine(void*): stop data proc
08-25 17:54:46.653 17537 17537 I QCamera2HWI: [KPI Perf] int qcamera::QCamera2HardwareInterface::closeCamera(): E PROFILE_CLOSE_CAMERA camera id 1
08-25 17:54:46.653 17537 17537 D QCameraParameters: bool qcamera::QCameraParameters::setStreamConfigure(bool, bool, bool): Done Resetting stream config!!
08-25 17:54:46.657 17537 17537 I qomx_image_core: OMX_Deinit:119] Complete
08-25 17:54:46.665 17537 17537 I Thermal-Lib: Thermal-Lib-Client: Unregisteration is successfull for handle:1
08-25 17:54:46.909   971  2371 I CameraManagerGlobal: Connecting to camera service
08-25 17:54:46.911   971  2371 E CameraManagerGlobal: Camera service is unavailable
08-25 17:54:47.809   497   497 I MSM-irqbalance: Decided to move IRQ81 from CPU3 to CPU1
08-25 17:54:47.914   971  2371 I CameraManagerGlobal: Connecting to camera service
08-25 17:54:47.916   971  2371 E CameraManagerGlobal: Camera service is unavailable
08-25 17:54:48.919   971  2371 I CameraManagerGlobal: Connecting to camera service
08-25 17:54:48.921   971  2371 E CameraManagerGlobal: Camera service is unavailable
08-25 17:54:49.924   971  2371 I CameraManagerGlobal: Connecting to camera service
08-25 17:54:49.926   971  2371 E CameraManagerGlobal: Camera service is unavailable
08-25 17:54:50.928   971  2371 I CameraManagerGlobal: Connecting to camera service
08-25 17:54:50.932   971  2371 E CameraManagerGlobal: Camera service is unavailable
08-25 17:54:51.638 17537 17537 I Thermal-Lib: Thermal-Lib-Client: Unregisteration is successfull for handle:2
08-25 17:54:51.643  6906 17861 D mm-camera: mct: mct_pipeline_process_set:command=800000b
08-25 17:54:51.645  6906 17861 E mm-camera: mct: mct_pipeline_process_set:2966: Couldn't find stream id: 0
08-25 17:54:51.649  6906  6906 D mm-camera: mct: mct_controller_destroy: Initiating destroy sequence
08-25 17:54:51.651 17537 17537 I QCamera2HWI: [KPI Perf] int qcamera::QCamera2HardwareInterface::closeCamera(): X PROFILE_CLOSE_CAMERA camera id 1, rc: 0
08-25 17:54:51.652  6906 17862 D mm-camera: mct: mct_bus_handler_thread_run: Force Exit
08-25 17:54:51.652 17537 17537 E QCamera2HWI: int qcamera::QCamera2HardwareInterface::closeCamera():[PREVIEW_COUNT] preview_count(0)
08-25 17:54:51.655  6906  6906 D mm-camera: mct: mct_controller_destroy: bus_handler thread closed
08-25 17:54:51.656  6906  6906 D mm-camera: mct: mct_pipeline_stop_session - E
08-25 17:54:51.658  6906  6906 D mm-camera: mct: mct_pipeline_process_set:command=800000b
08-25 17:54:51.659  6906  6906 D mm-camera: mct: mct_pipeline_process_set: Issuing DEL_STREAM on stream 0x2000f and stream type=10
08-25 17:54:51.660  6906  6906 E mm-camera: port_iface_ext_unlink_func: E, identity = 0x2000f, port = 0xe94c5ba0, direction = 2
08-25 17:54:51.662  6906  6906 E mm-camera: port_iface_check_caps_unreserve_func:  E, identity = 0x2000f, port = 0xe94c5ba0, direction = 2
08-25 17:54:51.663  6906  6906 E mm-camera: iface_unreserve_sink_port: stream_id f mode 0
08-25 17:54:51.665  6906  6906 E mm-camera: port_iface_ext_unlink_func: E, identity = 0x2000f, port = 0xe94c5ea0, direction = 1
08-25 17:54:51.666  6906  6906 E mm-camera: iface_ext_unlink_src_port: mct stream already removed from hw stream
08-25 17:54:51.668  6906  6906 E mm-camera: port_iface_check_caps_unreserve_func:  E, identity = 0x2000f, port = 0xe94c5ea0, direction = 1
08-25 17:54:51.669  6906  6906 E mm-camera: isp_port_check_caps_unreserve:826 ide 2000f port 0xe950f7c0
08-25 17:54:51.676 17537 17537 E QCamera2HWI: int qcamera::QCamera2HardwareInterface::closeCamera():[PREVIEW_COUNT][LOAD] preview_count(0) // MultiView(0)
08-25 17:54:51.677  6906  6906 E mm-camera: module_afs_port_check_caps_unreserve:1524]
08-25 17:54:51.678 17537 17537 I QCamera2HWI: [KPI Perf] static int qcamera::QCamera2HardwareInterface::close_camera_device(hw_device_t*): X
08-25 17:54:51.680  6906  6906 E mm-camera: module_afs_port_check_caps_unreserve:1532] destroy client
08-25 17:54:51.681 17537 17537 I CameraProviderManager: Enumerating new camera device: device@3.3/legacy/1
08-25 17:54:51.682  6906  6906 E mm-camera: module_imgbase_port_release_client_llvd:1553]
08-25 17:54:51.684 17537 17537 E CameraProviderManager: DeviceInfo3: Converted ICameraDevice instance to nullptr
08-25 17:54:51.685  6906  6906 E mm-camera: q3a_thread_af_stop:1019  q3a_thread_af_stop:1019 MSG_STOP_THREAD
08-25 17:54:51.688 17537 17537 I CameraProviderManager: Camera provider legacy/0 ready with 4 camera devices
08-25 17:54:51.691 17537 17540 W CameraProviderManager: addProviderLocked: Camera provider HAL with name 'external/0' already registered
08-25 17:54:51.692 17537 17537 I CameraService: onDeviceStatusChanged: Status changed for cameraId=1, newStatus=1
08-25 17:54:51.692 17537 17540 I CameraService: onDeviceStatusChanged: Status changed for cameraId=1, newStatus=1
08-25 17:54:51.693 17537 17537 I CameraService: onDeviceStatusChanged: Unknown camera ID 1, a new camera is added
08-25 17:54:51.693 17537 17540 I CameraService: onDeviceStatusChanged: Unknown camera ID 1, a new camera is added
08-25 17:54:51.694  6906  6906 E mm-camera: stats_port_delete_reserved_stream:2602  stats_port_delete_reserved_stream:2602: going to NULL peer
08-25 17:54:51.695  6906  6906 D mm-camera: mct: mct_pipeline_process_set: Stream 0x2000f and stream type=10, successfully deleted
08-25 17:54:51.696 17537 17540 I CameraService: onDeviceStatusChanged: Status changed for cameraId=0, newStatus=1
08-25 17:54:51.697 17537 17540 I CameraService: onDeviceStatusChanged: Unknown camera ID 0, a new camera is added
08-25 17:54:51.698 17537 17540 W CameraProviderManager: addProviderLocked: Camera provider HAL with name 'legacy/0' already registered
08-25 17:54:51.697  6906 17884 D mm-camera: mct: mct_pipeline_stop_session_thread: Stop module name: sensor - E
08-25 17:54:51.698  6906 17885 D mm-camera: mct: mct_pipeline_stop_session_thread: Stop module name: iface - E
08-25 17:54:51.699  6906 17886 D mm-camera: mct: mct_pipeline_stop_session_thread: Stop module name: isp - E
08-25 17:54:51.699  6906 17887 D mm-camera: mct: mct_pipeline_stop_session_thread: Stop module name: stats - E
08-25 17:54:51.700  6906 17886 E mm-camera-isp2: isp_module_stop_session:358 session id 2
08-25 17:54:51.701  6906 17888 D mm-camera: mct: mct_pipeline_stop_session_thread: Stop module name: pproc - E
08-25 17:54:51.706  6906 17885 D mm-camera: mct: mct_pipeline_stop_session_thread: Stop module name: iface - X
08-25 17:54:51.707  6906 17889 D mm-camera: mct: mct_pipeline_stop_session_thread: Stop module name: imglib - E
08-25 17:54:51.708  6906  6906 D mm-camera: mct: mct_pipeline_stop_session: left modules: 5
08-25 17:54:51.709  6906 17886 D mm-camera: mct: mct_pipeline_stop_session_thread: Stop module name: isp - X
08-25 17:54:51.710  6906 17889 E mm-camera: module_faceproc_stop_session:1885] session cnt 1
08-25 17:54:51.712  6906  6906 D mm-camera: mct: mct_pipeline_stop_session: left modules: 4
08-25 17:54:51.714 17537 17537 I ServiceManagement: Registered android.frameworks.cameraservice.service@2.0::ICameraService/default (start delay of 23234ms)
08-25 17:54:51.714  6906 17887 E mm-camera: gyro_port_deinit:1446  gyro_port_deinit: Error in android Deinit
08-25 17:54:51.715  6906 17887 I CAMERA_SENSOR: stop_accel_sensor
08-25 17:54:51.717 17537 17537 I CameraService: CameraService pinged cameraservice proxy
08-25 17:54:51.717   971  1804 W CameraService_proxy: Could not notify cameraserver, camera service not available.
08-25 17:54:51.718  6906 17888 E mm-camera-pp: [INFO] base_module_stop_session:98, E, session=2
08-25 17:54:51.718   971  1804 I CameraService_proxy: Could not notify camera service of user switch, retrying...
08-25 17:54:51.719 17537 17537 I cameraserver: ServiceManager: 0xf55d31a0 done instantiate
08-25 17:54:51.719  6906 17888 E mm-camera-pp: [INFO] base_module_stop_session:98, E, session=2
08-25 17:54:51.720  6906 17852 I CAMERA_SENSOR: accel_data_cb received RESP - SNS_SMGR_CANCEL_RESP_V01
08-25 17:54:51.721  6906 17888 D mm-camera: mct: mct_pipeline_stop_session_thread: Stop module name: pproc - X
08-25 17:54:51.721  6906 17884 E mm-camera: sensor_close:4609ctrl->isStreaming make false
08-25 17:54:51.722  6906 17887 D mm-camera: mct: mct_pipeline_stop_session_thread: Stop module name: stats - X
08-25 17:54:51.722  6906  6906 D mm-camera: mct: mct_pipeline_stop_session: left modules: 3
08-25 17:54:51.723  6906 17884 D mm-camera: mct: mct_pipeline_stop_session_thread: Stop module name: sensor - X
08-25 17:54:51.723  6906  6906 D mm-camera: mct: mct_pipeline_stop_session: left modules: 2
08-25 17:54:51.724  6906  6906 D mm-camera: mct: mct_pipeline_stop_session: left modules: 1
08-25 17:54:51.724  6906 17889 D mm-camera: mct: mct_pipeline_stop_session_thread: Stop module name: imglib - X
08-25 17:54:51.725  6906  6906 D mm-camera: mct: mct_pipeline_stop_session: left modules: 0
08-25 17:54:51.725  6906  6906 D mm-camera: mct: mct_pipeline_stop_session - X
08-25 17:54:51.726  6906  6906 D mm-camera: mct: mct_pipeline_destroy E: session:2
08-25 17:54:51.727  6906  6906 D mm-camera: mct: mct_pipeline_destroy X: Pipeline destroyed successfully
08-25 17:54:51.727  6906  6906 D mm-camera: mct: mct_controller_destroy: X Successfully closed mct_controller
