08-25 17:54:51.936   971  2371 I CameraManagerGlobal: Connecting to camera service


------------------------------------ When opening camera app ---------------------------------------------------


08-25 17:57:38.467   723   723 I chatty  : uid=1010(wifi) /system/bin/wificond identical 1 line
08-25 17:57:38.473   723   723 W wificond: Failed to get NL80211_ATTR_EXT_FEATURES
08-25 17:58:09.359   971  1389 I ActivityTaskManager: START u0 {act=android.media.action.STILL_IMAGE_CAMERA flg=0x14000000 cmp=com.android.camera2/com.android.camera.CameraActivity} from uid 10103
08-25 17:58:09.412   484   484 E QTI PowerHAL: Failed to acquire lock.
08-25 17:58:09.413   484   484 E QTI PowerHAL: Failed to perform launch boost
08-25 17:58:09.439   971  1803 D sensors_hal_SMGR: batch:sensor(android.sensor.accelerometer) sample_rate=14.999925Hz report_rate_f=10.000000Hz curr sample rate:14.999925 cur rpt rate:655360 max:200.000000 min:1.000000
08-25 17:58:09.440   971   971 V SettingsProvider: Notifying for 0: content://settings/secure/reminder_exp_learning_time_elapsed
08-25 17:58:09.446   971  1031 E system_server: Invalid ID 0x00000000.
08-25 17:58:09.465   451   451 D Zygote  : Forked child process 18099
08-25 17:58:09.471 18099 18099 I Zygote  : seccomp disabled by setenforce 0
08-25 17:58:09.472 18099 18099 I main    : type=1400 audit(0.0:225): avc: denied { write } for name="tasks" dev="tmpfs" ino=12708 scontext=u:r:zygote:s0 tcontext=u:object_r:device:s0 tclass=file permissive=1
08-25 17:58:09.472 18099 18099 I main    : type=1400 audit(0.0:226): avc: denied { open } for path="/dev/stune/top-app/tasks" dev="tmpfs" ino=12708 scontext=u:r:zygote:s0 tcontext=u:object_r:device:s0 tclass=file permissive=1
08-25 17:58:09.477   971  1037 I ActivityManager: Start proc 18099:com.android.camera2/u0a102 for pre-top-activity {com.android.camera2/com.android.camera.CameraActivity}
08-25 17:58:09.497   971  1158 D sensors_hal_Ctx: poll:polldata:1, sensor:0, type:1, x:-1.296677 y:6.461792 z:7.527618
08-25 17:58:09.556 18099 18099 D ApplicationLoaders: Returning zygote-cached class loader: /system/framework/android.hidl.base-V1.0-java.jar
08-25 17:58:09.557 18099 18099 D ApplicationLoaders: Returning zygote-cached class loader: /system/framework/android.hidl.manager-V1.0-java.jar
08-25 17:58:09.557 18099 18099 D ApplicationLoaders: Returning zygote-cached class loader: /system/framework/android.hidl.base-V1.0-java.jar
08-25 17:58:09.562 18099 18099 I android.camera: The ClassLoaderContext is a special shared library.
08-25 17:58:09.574 18099 18099 I android.camera: The ClassLoaderContext is a special shared library.
08-25 17:58:09.576   971  1158 D sensors_hal_Ctx: poll:polldata:1, sensor:0, type:1, x:-1.103424 y:6.282303 z:7.400269
08-25 17:58:09.586  1274  1274 D ImageWallpaper: wallpaper visibility changes to: true
08-25 17:58:09.599 18099 18099 V CAM_Profiler: [  0,000ms][ui] GUARD: CameraApp onCreate() - START
08-25 17:58:09.600 18099 18099 V CAM_Profiler: [  0,000ms][ui] GUARD: FirstRunDetector getTimeOfFirstRun - START
08-25 17:58:09.604 18099 18099 V CAM_Profiler: [  3,768ms][ui] GUARD: FirstRunDetector getTimeOfFirstRun - [ 3,768ms] PreferenceManager.getDefaultSharedPreferences
08-25 17:58:09.607 18099 18099 V CAM_Profiler: [  6,765ms][ui] GUARD: FirstRunDetector getTimeOfFirstRun - [ 2,997ms] preferences.getLong
08-25 17:58:09.608 18099 18099 V CAM_Profiler: [  7,706ms][ui] GUARD: FirstRunDetector getTimeOfFirstRun - STOP
08-25 17:58:09.608 18099 18099 V CAM_Profiler: [ 13,326ms][ui] GUARD: CameraApp onCreate() - [13,326ms] initializeTimeOfFirstRun
08-25 17:58:09.610 18099 18099 V CAM_Profiler: [ 14,856ms][ui] GUARD: CameraApp onCreate() - [ 1,530ms] UsageStatistics.initialize
08-25 17:58:09.612 18099 18099 V CAM_Profiler: [ 16,977ms][ui] GUARD: CameraApp onCreate() - [ 2,121ms] clearNotifications
08-25 17:58:09.613 18099 18099 I CAM_Profiler: [ 16,977ms][ui] GUARD: CameraApp onCreate() - STOP
08-25 17:58:09.619   971  1158 D sensors_hal_Ctx: poll:polldata:1, sensor:0, type:1, x:-1.481903 y:6.422592 z:7.381317
08-25 17:58:09.651 18099 18099 V CAM_QuickActivity: START onCreate: Activity = com.android.camera.CameraActivity@e99fbb3
08-25 17:58:09.652  1549  1570 W droid.launcher: Reducing the number of considered missed Gc histogram windows from 262 to 100
08-25 17:58:09.652 18099 18099 V CAM_Profiler: [  0,000ms][ui] GUARD: CameraActivity.onCreateTasks - START
08-25 17:58:09.657 18099 18099 D CAM_LocationManager: Using LegacyLocationProvider
08-25 17:58:09.695 18099 18099 D CAM_MemoryManagerImpl: Max native memory: 537 MB
08-25 17:58:09.695   971  1158 D sensors_hal_Ctx: poll:polldata:1, sensor:0, type:1, x:-1.667969 y:6.460022 z:7.311523
08-25 17:58:09.700 18099 18099 I CAM_OneCamFtrCnfgCrtr: CaptureModule? true
08-25 17:58:09.723 18099 18099 I CAM_Profiler: [ 71,073ms][ui] GUARD: CameraActivity.onCreateTasks - [15,937ms] Glide.setup
08-25 17:58:09.728 18099 18099 D CAM_Camera2OneCamMgr: Getting First BACK Camera
08-25 17:58:09.730 18099 18099 I CameraManagerGlobal: Connecting to camera service
08-25 17:58:09.734 17537 17537 W ServiceManager: Permission failure: android.permission.CAMERA_OPEN_CLOSE_LISTENER from uid=10102 pid=18099
08-25 17:58:09.740 18099 18099 D CAM_Camera2OneCamMgr: Getting First FRONT Camera
08-25 17:58:09.750 18099 18099 I CAM_Profiler: [ 97,602ms][ui] GUARD: CameraActivity.onCreateTasks - [26,529ms] OneCameraManager.get
08-25 17:58:09.756  1274  1287 I ndroid.systemu: NativeAlloc concurrent copying GC freed 133846(5370KB) AllocSpace objects, 17(340KB) LOS objects, 49% free, 7209KB/14MB, paused 90us total 144.908ms
08-25 17:58:09.756  1274  1287 W ndroid.systemu: Reducing the number of considered missed Gc histogram windows from 261 to 100
08-25 17:58:09.758  1274  1288 W JavaBinder: BinderProxy is being destroyed but the application did not call unlinkToDeath to unlink all of its death recipients beforehand.  Releasing leaked death recipient: com.android.systemui.qs.external.TileLifecycleManager
08-25 17:58:09.761  1274  1288 I chatty  : uid=10105(com.android.systemui) ReferenceQueueD identical 1 line
08-25 17:58:09.762  1274  1288 W JavaBinder: BinderProxy is being destroyed but the application did not call unlinkToDeath to unlink all of its death recipients beforehand.  Releasing leaked death recipient: com.android.systemui.qs.external.TileLifecycleManager
08-25 17:58:09.767 18099 18099 V CAM_SettingsManager: listeners: [com.android.camera.CameraActivity@e99fbb3]
08-25 17:58:09.775   971  1158 D sensors_hal_Ctx: poll:polldata:1, sensor:0, type:1, x:-1.362534 y:6.288101 z:7.437286
08-25 17:58:09.776 17537 17537 I CameraService: CameraService::connect call (PID -1 "com.android.camera2", camera ID 0) for HAL version default and Camera API version 1
08-25 17:58:09.779 17537 17537 I Camera2ClientBase: Camera 0: Opened. Client: com.android.camera2 (PID 18099, UID 10102)
08-25 17:58:09.784 17537 17537 I CameraService: onTorchStatusChangedLocked: Torch status changed for cameraId=0, newStatus=0
08-25 17:58:09.787   473   473 D audio_hw_primary: adev_set_parameters: enter: cameraFacing=back
08-25 17:58:09.787   473   473 D audio_hw_extn: audio_extn_set_anc_parameters: anc_enabled:0
08-25 17:58:09.788   473   473 E soundtrigger: audio_extn_sound_trigger_set_parameters: str_params NULL
08-25 17:58:09.796  6906  6906 D mm-camera: mct: mct_controller_new: Creating new mct_controller with session-id 1
08-25 17:58:09.797  6906 18130 D mm-camera: mct: mct_pipeline_start_session_thread: E sensor
08-25 17:58:09.799  6906 18131 D mm-camera: mct: mct_pipeline_start_session_thread: E iface
08-25 17:58:09.800  6906 18132 D mm-camera: mct: mct_pipeline_start_session_thread: E isp
08-25 17:58:09.800  6906 18132 E mm-camera-isp2: isp_module_start_session:174 session id 1
08-25 17:58:09.800  6906 18131 D mm-camera: mct: mct_pipeline_start_session_thread: X stats
08-25 17:58:09.801  6906 18134 D mm-camera: mct: mct_pipeline_start_session_thread: E stats
08-25 17:58:09.803  6906 18135 D mm-camera: mct: mct_pipeline_start_session_thread: E pproc
08-25 17:58:09.804  6906 18136 D mm-camera: mct: mct_pipeline_start_session_thread: E imglib
08-25 17:58:09.805  6906 18136 E mm-camera: module_faceproc_start_session:1844] session cnt 1
08-25 17:58:09.806  6906 18132 D mm-camera: mct: mct_pipeline_start_session_thread: X imglib
08-25 17:58:09.809  6906 18136 D mm-camera: mct: mct_pipeline_start_session_thread: X imglib
08-25 17:58:09.811  6906 18134 E mm-camera: tcc_init: TCC ver.150418a
08-25 17:58:09.812  6906 18134 E mm-camera: q3a_port_init aecawb data: 0xe943ef50 hal_version 3
08-25 17:58:09.814  6906 18130 E mm-camera: module_sensor_init_session:1245eeprom_name = imx234_eeprom
08-25 17:58:09.816   971  1158 D sensors_hal_Ctx: poll:polldata:1, sensor:0, type:1, x:-1.029816 y:6.329407 z:7.577698
08-25 17:58:09.818  6906 18134 E mm-camera: sensor_laser_init:144  HW module: id: sensors name: STMicroelectronics VL53L0 sensor module
08-25 17:58:09.819  6906 18134 E Sensors : openInput
08-25 17:58:09.820  6906 18134 E Sensors : devname: /dev/input/event4
08-25 17:58:09.827  6906 18134 E Sensors : devname: /dev/input/event3
08-25 17:58:09.833  6906 18134 E Sensors : devname: /dev/input/event0
08-25 17:58:09.837  6906 18134 E Sensors : devname: /dev/input/mice
08-25 17:58:09.841  6906 18134 E Sensors : devname: /dev/input/event2
08-25 17:58:09.842  6906 18134 E Sensors : devname: /dev/input/event1
08-25 17:58:09.854  6906 18134 E Sensors : couldn't find 'STM VL53L0 proximity sensor' input device
08-25 17:58:09.854  6906 18134 E Sensors : ProximitySensor::ProximitySensor gets called!
08-25 17:58:09.854  6906 18134 E Sensors : ProximitySensor: input_name:, input_sysfs_path:/sys/class/input/input
08-25 17:58:09.855  6906 18134 E Sensors : ProximitySensor::enable function called for stmvl53L0!
08-25 17:58:09.855  6906 18134 E Sensors : ProximitySensor::enable filename:/sys/class/input/input/enable_ps_sensor
08-25 17:58:09.856  6906 18134 E Sensors : ProximitySensor::enable: Failed to open file descriptor for enabling VL53L0
08-25 17:58:09.856  6906 18134 E Sensors : ProximitySensor::enable: Attempted to open file /sys/class/input/input/enable_ps_sensor. Error: -1
08-25 17:58:09.856  6906 18134 E Sensors : open_sensors gets called!
08-25 17:58:09.857  6906 18134 E Sensors : is_tof_sensor_available() called
08-25 17:58:09.858  6906 18134 E Sensors : devname: /dev/input/event4
08-25 17:58:09.859  6906 18135 E mm-camera-pp: [INFO] base_module_start_session:91, E, session=1
08-25 17:58:09.860  6906 18135 E mm-camera-pp: [INFO] base_module_start_session:91, E, session=1
08-25 17:58:09.860  6906 18135 D mm-camera: mct: mct_pipeline_start_session_thread: X imglib
08-25 17:58:09.862  6906 18134 E Sensors : devname: /dev/input/event3
08-25 17:58:09.863  6906 18130 E mm-camera: module_sensor_init_session:1277flash subdev id = 0
08-25 17:58:09.869  6906 18130 E mm-camera-sensor: sensor_sdk_util_get_kernel_i2c_addr_type:26Invalid addr_type = 0
08-25 17:58:09.869  6906 18130 E mm-camera-sensor: sensor_sdk_util_get_kernel_i2c_data_type:40Invalid addr_type = 0
08-25 17:58:09.870  6906 18130 E mm-camera-sensor: actuator_load_lib:491name=lc898122_claf, mode=camera
08-25 17:58:09.872  6906 18130 E mm-camera-sensor: actuator_load_lib:491name=lc898122_claf, mode=camcorder
08-25 17:58:09.873  6906 18130 E mm-camera-sensor: eeprom_do_af_calibration:197turn on Cal af(1)
08-25 17:58:09.873  6906 18134 E Sensors : devname: /dev/input/event0
08-25 17:58:09.874  6906 18130 E mm-camera-sdk: eeprom_autofocus_calibration_claf:173 KSY Kernel original macro hall : 17800, inf hall : -3300, macro_mecha 21000, vcm_type 65
08-25 17:58:09.874  6906 18130 E mm-camera-sdk: eeprom_autofocus_calibration_claf:178 KSY AF_algorithm convert macro hall : 350, inf hall : 0, total_rangetomacro : 0, offset_value_pplus_mtm : 0
08-25 17:58:09.875  6906 18130 E mm-camera: ois_init:305start: ois_init
08-25 17:58:09.876  6906 18153 E mm-camera: ois_thread:201ois thread is running
08-25 17:58:09.876  6906 18130 E mm-camera: ois_init:372done: ois_init
08-25 17:58:09.876  6906 18130 E mm-camera-sensor: proxy_init:71name = LD_AF
08-25 17:58:09.877  6906 18130 E mm-camera-sensor: sensor_proxy_on:151enter
08-25 17:58:09.880  6906 18134 E Sensors : devname: /dev/input/mice
08-25 17:58:09.886  6906 18134 E Sensors : devname: /dev/input/event2
08-25 17:58:09.893  6906 18134 E Sensors : devname: /dev/input/event1
08-25 17:58:09.895   971  1158 D sensors_hal_Ctx: poll:polldata:1, sensor:0, type:1, x:-1.100418 y:6.399811 z:7.532394
08-25 17:58:09.897  6906 18134 E Sensors : No Tof sensor found!!!
08-25 17:58:09.900  6906 18130 E mm-camera-sensor: sensor_proxy_thread_on:198enter
08-25 17:58:09.903  6906 18134 E mm-camera: sensor_laser_init:164  0 sensor supported
08-25 17:58:09.904  6906 18134 E mm-camera: gyro_port_init:1404  Failure initializing laser sensor. Error: 4
08-25 17:58:09.904  6906 18134 I CAMERA_SENSOR: start_accel_sensor
08-25 17:58:09.905  6906 18130 E mm-camera: module_sensor_init_session:1412tcs_sensor init Enter **
08-25 17:58:09.905  6906 18134 E mm-camera: start_accel_sensor: sensor1_open E
08-25 17:58:09.907  6906 18134 E mm-camera: start_accel_sensor: sensor1_open X, res = 0
08-25 17:58:09.908  6906 18134 I CAMERA_SENSOR: [start_accel_sensor] Error while waiting for response message 22
08-25 17:58:09.908  6906 18130 E mm-camera-sensor: tcs_thread_create:291tcs_thread, thread_id 0
08-25 17:58:09.909  6906 18134 D mm-camera: mct: mct_pipeline_start_session_thread: X imglib
08-25 17:58:09.909  6906 18130 E mm-camera: module_sensor_start_session:1684SUCCESS
08-25 17:58:09.910  6906 18130 D mm-camera: mct: mct_pipeline_start_session_thread: X imglib
08-25 17:58:09.910  6906  6906 E mm-camera: sensor_get_cur_chromatix_name:2577Error: Load default preview chroamtix
08-25 17:58:09.911  6906  6906 E mm-camera-sensor: chromatix_load_library_ex : chromatix = libchromatix_imx234_snapshot.so , lib name = /system/vendor/lib/libchromatix_imx234_snapshot.so
08-25 17:58:09.911  6906 18156 I CAMERA_SENSOR: accel_data_cb received RESP - SNS_SMGR_REPORT_RESP_V01
08-25 17:58:09.915  6906  6906 E mm-camera-sensor: vendor/qcom/proprietary/mm-camera/mm-camera2/media-controller/modules/sensors/chromatix/0304/chromatix_imx234/snapshot/chromatix_imx234_snapshot.c : start chromatix process
08-25 17:58:09.916  6906  6906 E mm-camera-sensor: vendor/qcom/proprietary/mm-camera/mm-camera2/media-controller/modules/sensors/chromatix/0304/chromatix_imx234/snapshot/chromatix_imx234_snapshot.c : fd_chromatix=-1
08-25 17:58:09.916  6906  6906 E mm-camera-sensor: vendor/qcom/proprietary/mm-camera/mm-camera2/media-controller/modules/sensors/chromatix/0304/chromatix_imx234/snapshot/chromatix_imx234_snapshot.c: chromatix : Use default params
08-25 17:58:09.917  6906  6906 I mm-camera-sensor: chromatix ptr vendor/qcom/proprietary/mm-camera/mm-camera2/media-controller/modules/sensors/chromatix/0304/chromatix_imx234/snapshot/chromatix_imx234_snapshot.c, 0xe070a008
08-25 17:58:09.918  6906  6906 E mm-camera-sensor: chromatix_load_library_ex : chromatix = libchromatix_imx234_snapshot.so , lib name = /system/vendor/lib/libchromatix_imx234_snapshot.so
08-25 17:58:09.919  6906  6906 E mm-camera-sensor: chromatix_load_library_ex : chromatix = libchromatix_imx234_common.so , lib name = /system/vendor/lib/libchromatix_imx234_common.so
08-25 17:58:09.924  6906  6906 E mm-camera-sensor: vendor/qcom/proprietary/mm-camera/mm-camera2/media-controller/modules/sensors/chromatix/0304/chromatix_imx234/common/chromatix_imx234_common.c : start chromatix process
08-25 17:58:09.924  6906  6906 E mm-camera-sensor: vendor/qcom/proprietary/mm-camera/mm-camera2/media-controller/modules/sensors/chromatix/0304/chromatix_imx234/common/chromatix_imx234_common.c : fd_chromatix=-1
08-25 17:58:09.925  6906  6906 E mm-camera-sensor: vendor/qcom/proprietary/mm-camera/mm-camera2/media-controller/modules/sensors/chromatix/0304/chromatix_imx234/common/chromatix_imx234_common.c: chromatix : Use default params
08-25 17:58:09.925  6906  6906 I mm-camera-sensor: chromatix ptr vendor/qcom/proprietary/mm-camera/mm-camera2/media-controller/modules/sensors/chromatix/0304/chromatix_imx234/common/chromatix_imx234_common.c, 0xe06d1008
08-25 17:58:09.926  6906  6906 E mm-camera-sensor: chromatix_load_library_ex : chromatix = libchromatix_imx234_cpp_snapshot.so , lib name = /system/vendor/lib/libchromatix_imx234_cpp_snapshot.so
08-25 17:58:09.929  6906  6906 E mm-camera-sensor: chromatix_load_library_ex : chromatix = libchromatix_imx234_cpp_snapshot.so , lib name = /system/vendor/lib/libchromatix_imx234_cpp_snapshot.so
08-25 17:58:09.931  6906  6906 E mm-camera-sensor: chromatix_load_library_ex : chromatix = libchromatix_imx234_cpp_flash_snapshot.so , lib name = /system/vendor/lib/libchromatix_imx234_cpp_flash_snapshot.so
08-25 17:58:09.935  6906  6906 E mm-camera-sensor: chromatix ptr 0xe066a004
08-25 17:58:09.937  6906  6906 E mm-camera-sensor: chromatix_load_library_ex : chromatix = libchromatix_imx234_cpp_video.so , lib name = /system/vendor/lib/libchromatix_imx234_cpp_video.so
08-25 17:58:09.940  6906  6906 E mm-camera-sensor: chromatix_load_library_ex : chromatix = libchromatix_imx234_postproc.so , lib name = /system/vendor/lib/libchromatix_imx234_postproc.so
08-25 17:58:09.943  6906  6906 E mm-camera: module_faceproc_query_mod:1996] Caps ROI 5 scene_mode_cnt 1 HW analysis supported 0
08-25 17:58:09.943  6906  6906 E hdr     : module_hdr_lib_query_mod:181] Supported scenemode cnt 2
08-25 17:58:09.944  6906  6906 D mm-camera: mct: mct_pipeline_process_set:command=800000a
08-25 17:58:09.944  6906  6906 D mm-camera: mct: mct_pipeline_process_set: Adding new stream: id [0f]
08-25 17:58:09.945  6906  6906 D mm-camera: mct: mct_pipeline_process_set:command=8000012
08-25 17:58:09.945  6906  6906 D mm-camera: mct: mct_stream_start_link: Start linking Session-stream 0x1000f
08-25 17:58:09.946  6906  6906 I mm-camera: module_iface_set_mod_func: set module type = 8, identity 1000f
08-25 17:58:09.946  6906  6906 I mm-camera: port dir 2 stream info ide 1000f type 10 dim 0 x 0 port 0xe950f7c0
08-25 17:58:09.946  6906  6906 I mm-camera: port 0xe950f7c0 ide 1000f type 10 dim 0 0
08-25 17:58:09.947  6906  6906 I mm-camera: port dir 1 stream info ide 1000f type 10 dim 0 x 0 port 0xe950f820
08-25 17:58:09.947  6906  6906 I mm-camera: port dir 1 stream info ide 1000f type 10 dim 0 x 0 port 0xe950f880
08-25 17:58:09.948  6906  6906 I mm-camera: port dir 1 stream info ide 1000f type 10 dim 0 x 0 port 0xe950f8e0
08-25 17:58:09.948  6906  6906 I mm-camera: port dir 1 stream info ide 1000f type 10 dim 0 x 0 port 0xe950f940
08-25 17:58:09.950  6906  6906 E mm-camera: int_link = 0xe9515de0
08-25 17:58:09.951  6906  6906 I mm-camera: pproc_port_add_modules_to_stream:433, linking mods tmod and c2d
08-25 17:58:09.962  6906  6906 I mm-camera: pproc_port_add_modules_to_stream:433, linking mods c2d and cpp
08-25 17:58:09.962  6906  6906 E mm-camera: Interleaved flag is 0, identity 65551 port type 0
08-25 17:58:09.962  6906  6906 I mm-camera: pproc_port_add_modules_to_stream:433, linking mods cpp and afs
08-25 17:58:09.963  6906  6906 I mm-camera: pproc_port_add_modules_to_stream:433, linking mods afs and llvd
08-25 17:58:09.963  6906  6906 I mm-camera: pproc_port_add_modules_to_stream:433, linking mods llvd and ezt
08-25 17:58:09.964  6906  6906 E mm-camera: pproc_port_add_modules_to_stream:454] X rc: 1
08-25 17:58:09.964  6906  6906 I mm-camera: port dir 1 stream info ide 1000f type 10 dim 0 x 0 port 0xe950f820
08-25 17:58:09.965  6906  6906 I mm-camera: port dir 1 stream info ide 1000f type 10 dim 0 x 0 port 0xe950f880
08-25 17:58:09.965  6906  6906 I mm-camera: port dir 1 stream info ide 1000f type 10 dim 0 x 0 port 0xe950f8e0
08-25 17:58:09.966  6906  6906 I mm-camera: port dir 1 stream info ide 1000f type 10 dim 0 x 0 port 0xe950f940
08-25 17:58:09.966  6906  6906 I mm-camera: port dir 1 stream info ide 1000f type 10 dim 0 x 0 port 0xe950f9a0
08-25 17:58:09.973  6906  6906 D mm-camera: mct: mct_pipeline_process_set: Linking successful for stream 0x1000f stream type=10
08-25 17:58:09.987 17537 17537 W Camera2-Parameters: initialize: Camera 0: Unknown preview format: 24
08-25 17:58:09.988 17537 17537 W Camera2-Parameters: initialize: Camera 0: Unknown preview format: 25
08-25 17:58:09.989 17537 17537 E Camera2-Parameters: Error finding static metadata entry 'android.distortionCorrection.availableModes' (1b0001)
08-25 17:58:09.990 17537 17537 I Camera2-Parameters: Camera 0: Disabling ZSL mode
08-25 17:58:09.991 17537 17537 I Camera2-Parameters: initialize: allowZslMode: 0 slowJpegMode 1
08-25 17:58:10.093 17537 17537 I Camera3-Device: disconnectImpl: E
08-25 17:58:10.099  6906 18169 D mm-camera: mct: mct_pipeline_process_set:command=800000b
08-25 17:58:10.102  6906 18169 E mm-camera: mct: mct_pipeline_process_set:2966: Couldn't find stream id: 0
08-25 17:58:10.104  6906  6906 D mm-camera: mct: mct_controller_destroy: Initiating destroy sequence
08-25 17:58:10.105  6906 18170 D mm-camera: mct: mct_bus_handler_thread_run: Force Exit
08-25 17:58:10.106 17537 17537 I Camera3-Device: disconnectImpl: X
08-25 17:58:10.107  6906  6906 D mm-camera: mct: mct_controller_destroy: bus_handler thread closed
08-25 17:58:10.108  6906  6906 D mm-camera: mct: mct_pipeline_stop_session - E
08-25 17:58:10.110  6906  6906 D mm-camera: mct: mct_pipeline_process_set:command=800000b
08-25 17:58:10.110  6906  6906 D mm-camera: mct: mct_pipeline_process_set: Issuing DEL_STREAM on stream 0x1000f and stream type=10
08-25 17:58:10.111  6906 18153 E mm-camera: ois_thread:239done : ois initialization
08-25 17:58:10.111  6906  6906 E mm-camera: port_iface_ext_unlink_func: E, identity = 0x1000f, port = 0xe94c5ba0, direction = 2
08-25 17:58:10.114  6906  6906 E mm-camera: port_iface_check_caps_unreserve_func:  E, identity = 0x1000f, port = 0xe94c5ba0, direction = 2
08-25 17:58:10.114 17537 17537 I CameraService: onTorchStatusChangedLocked: Torch status changed for cameraId=0, newStatus=1
08-25 17:58:10.119  6906  6906 E mm-camera: iface_unreserve_sink_port: stream_id f mode 0
08-25 17:58:10.120  6906  6906 E mm-camera: port_iface_ext_unlink_func: E, identity = 0x1000f, port = 0xe94c5ea0, direction = 1
08-25 17:58:10.121 17537 17537 I CameraService: disconnect: Disconnected client for camera 0 for PID 18099
08-25 17:58:10.121  6906  6906 E mm-camera: iface_ext_unlink_src_port: mct stream already removed from hw stream
08-25 17:58:10.123  6906  6906 E mm-camera: port_iface_check_caps_unreserve_func:  E, identity = 0x1000f, port = 0xe94c5ea0, direction = 1
08-25 17:58:10.123 17537 18126 I Camera2Client: Camera 0: Closed
08-25 17:58:10.124  6906  6906 E mm-camera: isp_port_check_caps_unreserve:826 ide 1000f port 0xe950f7c0
08-25 17:58:10.125 17537 18126 I Camera3-Device: disconnectImpl: E
08-25 17:58:10.129 17537 18126 I Camera2ClientBase: Closed Camera 0. Client was: com.android.camera2 (PID 18099, UID 10102)
08-25 17:58:10.130 17537 18126 I Camera3-Device: disconnectImpl: E
08-25 17:58:10.135  6906  6906 E mm-camera: module_afs_port_check_caps_unreserve:1524]
08-25 17:58:10.136  6906  6906 E mm-camera: module_afs_port_check_caps_unreserve:1532] destroy client
08-25 17:58:10.137  6906  6906 E mm-camera: module_imgbase_port_release_client_llvd:1553]
08-25 17:58:10.138  6906  6906 E mm-camera: q3a_thread_af_stop:1019  q3a_thread_af_stop:1019 MSG_STOP_THREAD
08-25 17:58:10.139 17537 18125 I CameraService: CameraService::connect call (PID -1 "com.android.camera2", camera ID 1) for HAL version default and Camera API version 1
08-25 17:58:10.140 17537 18125 I Camera2ClientBase: Camera 1: Opened. Client: com.android.camera2 (PID 18099, UID 10102)
08-25 17:58:10.143  6906  6906 E mm-camera: stats_port_delete_reserved_stream:2602  stats_port_delete_reserved_stream:2602: going to NULL peer
08-25 17:58:10.143  6906  6906 D mm-camera: mct: mct_pipeline_process_set: Stream 0x1000f and stream type=10, successfully deleted
08-25 17:58:10.150  6906 18183 D mm-camera: mct: mct_pipeline_stop_session_thread: Stop module name: sensor - E
08-25 17:58:10.152  6906 18183 E mm-camera: module_sensor_deinit_session:1545trying to delete thread
08-25 17:58:10.152  6906 18184 D mm-camera: mct: mct_pipeline_stop_session_thread: Stop module name: iface - E
08-25 17:58:10.153  6906 18185 D mm-camera: mct: mct_pipeline_stop_session_thread: Stop module name: isp - E
08-25 17:58:10.154   473   473 D audio_hw_primary: adev_set_parameters: enter: cameraFacing=front
08-25 17:58:10.154  6906 18186 D mm-camera: mct: mct_pipeline_stop_session_thread: Stop module name: stats - E
08-25 17:58:10.155  6906 18183 E mm-camera-sensor: proxy_thread_delete:259p_thread,trying to delete thread
08-25 17:58:10.156  6906 18185 E mm-camera-isp2: isp_module_stop_session:358 session id 1
08-25 17:58:10.156  6906 18183 E mm-camera-sensor: send_thread_exit_msg:219p_thread, exit_thread 0
08-25 17:58:10.157  6906 18183 E mm-camera-sensor: send_thread_exit_msg:223p_thread, exit_thread 1
08-25 17:58:10.157   473   473 D audio_hw_extn: audio_extn_set_anc_parameters: anc_enabled:0
08-25 17:58:10.158  6906 18187 D mm-camera: mct: mct_pipeline_stop_session_thread: Stop module name: pproc - E
08-25 17:58:10.158  6906 18183 E mm-camera: module_sensor_deinit_session:1547proxy_thread_deleted!
08-25 17:58:10.159  1274  1274 D ImageWallpaper: wallpaper visibility changes to: false
08-25 17:58:10.159  6906 18183 E mm-camera: module_sensor_deinit_session:1551try to stop proxy kernel workqueue!
08-25 17:58:10.159   473   473 E soundtrigger: audio_extn_sound_trigger_set_parameters: str_params NULL
08-25 17:58:10.160  6906 18183 E mm-camera-sensor: sensor_proxy_thread_off:215enter
08-25 17:58:10.162  6906 18188 D mm-camera: mct: mct_pipeline_stop_session_thread: Stop module name: imglib - E
08-25 17:58:10.163  6906 18184 D mm-camera: mct: mct_pipeline_stop_session_thread: Stop module name: iface - X
08-25 17:58:10.164  6906  6906 D mm-camera: mct: mct_pipeline_stop_session: left modules: 5
08-25 17:58:10.165  6906 18185 D mm-camera: mct: mct_pipeline_stop_session_thread: Stop module name: isp - X
08-25 17:58:10.169  6906  6906 D mm-camera: mct: mct_pipeline_stop_session: left modules: 4
08-25 17:58:10.171  6906 18188 E mm-camera: module_faceproc_stop_session:1885] session cnt 1
08-25 17:58:10.173  6906 18186 E mm-camera: gyro_port_deinit:1446  gyro_port_deinit: Error in android Deinit
08-25 17:58:10.173  6906 18186 I CAMERA_SENSOR: stop_accel_sensor
08-25 17:58:10.176  6906 18186 D mm-camera: mct: mct_pipeline_stop_session_thread: Stop module name: stats - X
08-25 17:58:10.177  6906  6906 D mm-camera: mct: mct_pipeline_stop_session: left modules: 3
08-25 17:58:10.177  6906 18188 D mm-camera: mct: mct_pipeline_stop_session_thread: Stop module name: imglib - X
08-25 17:58:10.177  6906 18187 E mm-camera-pp: [INFO] base_module_stop_session:98, E, session=1
08-25 17:58:10.178  6906  6906 D mm-camera: mct: mct_pipeline_stop_session: left modules: 2
08-25 17:58:10.179  6906 18187 E mm-camera-pp: [INFO] base_module_stop_session:98, E, session=1
08-25 17:58:10.180  6906 18187 D mm-camera: mct: mct_pipeline_stop_session_thread: Stop module name: pproc - X
08-25 17:58:10.181  6906  6906 D mm-camera: mct: mct_pipeline_stop_session: left modules: 1
08-25 17:58:10.190  6906 18183 E mm-camera: module_sensor_deinit_session:1567trying to delete thread
08-25 17:58:10.191  6906 18183 E mm-camera-sensor: tcs_thread_delete:303tcs_thread, trying to delete thread
08-25 17:58:10.192  6906 18183 E mm-camera: module_sensor_deinit_session:1569tcs_thread_deleted!
08-25 17:58:10.192  6906 18183 E mm-camera: module_sensor_deinit_session:1571try to stop tcs kernel workqueue!
08-25 17:58:10.194  6906 18183 E mm-camera-sensor: proxy_power_down:47enter
08-25 17:58:10.225  6906 18183 E mm-camera: sensor_close:4609ctrl->isStreaming make false
08-25 17:58:10.226  6906 18183 D mm-camera: mct: mct_pipeline_stop_session_thread: Stop module name: sensor - X
08-25 17:58:10.226  6906  6906 D mm-camera: mct: mct_pipeline_stop_session: left modules: 0
08-25 17:58:10.227  6906  6906 D mm-camera: mct: mct_pipeline_stop_session - X
08-25 17:58:10.227  6906  6906 D mm-camera: mct: mct_pipeline_destroy E: session:1
08-25 17:58:10.228  6906  6906 D mm-camera: mct: mct_pipeline_destroy X: Pipeline destroyed successfully
08-25 17:58:10.228  6906  6906 D mm-camera: mct: mct_controller_destroy: X Successfully closed mct_controller
08-25 17:58:10.230  6906  6906 D mm-camera: mct: mct_controller_new: Creating new mct_controller with session-id 2
08-25 17:58:10.230  6906 18190 D mm-camera: mct: mct_pipeline_start_session_thread: E sensor
08-25 17:58:10.231  6906 18191 D mm-camera: mct: mct_pipeline_start_session_thread: E iface
08-25 17:58:10.233  6906 18191 D mm-camera: mct: mct_pipeline_start_session_thread: X isp
08-25 17:58:10.233  6906 18192 D mm-camera: mct: mct_pipeline_start_session_thread: E isp
08-25 17:58:10.234  6906 18192 E mm-camera-isp2: isp_module_start_session:174 session id 2
08-25 17:58:10.234  6906 18194 D mm-camera: mct: mct_pipeline_start_session_thread: E stats
08-25 17:58:10.237  6906 18195 D mm-camera: mct: mct_pipeline_start_session_thread: E pproc
08-25 17:58:10.238  6906 18192 D mm-camera: mct: mct_pipeline_start_session_thread: X imglib
08-25 17:58:10.240  6906 18199 D mm-camera: mct: mct_pipeline_start_session_thread: E imglib
08-25 17:58:10.240  6906 18199 E mm-camera: module_faceproc_start_session:1844] session cnt 1
08-25 17:58:10.241  6906 18194 E mm-camera: tcc_init: TCC ver.150418a
08-25 17:58:10.244  6906 18199 D mm-camera: mct: mct_pipeline_start_session_thread: X imglib
08-25 17:58:10.244  6906 18194 E mm-camera: q3a_port_init aecawb data: 0xe332f028 hal_version 3
08-25 17:58:10.248  6906 18190 E mm-camera: module_sensor_init_session:1245eeprom_name = t4ka3_eeprom
08-25 17:58:10.250  6906 18194 E mm-camera: sensor_laser_init:144  HW module: id: sensors name: STMicroelectronics VL53L0 sensor module
08-25 17:58:10.251  6906 18194 E Sensors : openInput
08-25 17:58:10.251  6906 18194 E Sensors : devname: /dev/input/event4
08-25 17:58:10.262  6906 18194 E Sensors : devname: /dev/input/event3
08-25 17:58:10.277  6906 18194 E Sensors : devname: /dev/input/event0
08-25 17:58:10.279  6906 18190 E mm-camera: module_sensor_init_session:1277flash subdev id = -1
08-25 17:58:10.280  6906 18190 E mm-camera: module_sensor_start_session:1684SUCCESS
08-25 17:58:10.280  6906 18190 D mm-camera: mct: mct_pipeline_start_session_thread: X imglib
08-25 17:58:10.292  6906 18195 E mm-camera-pp: [INFO] base_module_start_session:91, E, session=2
08-25 17:58:10.292  6906 18195 E mm-camera-pp: [INFO] base_module_start_session:91, E, session=2
08-25 17:58:10.293  6906 18195 D mm-camera: mct: mct_pipeline_start_session_thread: X imglib
08-25 17:58:10.293  6906 18194 E Sensors : devname: /dev/input/mice
08-25 17:58:10.309  6906 18194 E Sensors : devname: /dev/input/event2
08-25 17:58:10.317  6906 18194 E Sensors : devname: /dev/input/event1
08-25 17:58:10.325  6906 18194 E Sensors : couldn't find 'STM VL53L0 proximity sensor' input device
08-25 17:58:10.326  6906 18194 E Sensors : ProximitySensor::ProximitySensor gets called!
08-25 17:58:10.326  6906 18194 E Sensors : ProximitySensor: input_name:, input_sysfs_path:/sys/class/input/input
08-25 17:58:10.326  6906 18194 E Sensors : ProximitySensor::enable function called for stmvl53L0!
08-25 17:58:10.327  6906 18194 E Sensors : ProximitySensor::enable filename:/sys/class/input/input/enable_ps_sensor
08-25 17:58:10.327  6906 18194 E Sensors : ProximitySensor::enable: Failed to open file descriptor for enabling VL53L0
08-25 17:58:10.327  6906 18194 E Sensors : ProximitySensor::enable: Attempted to open file /sys/class/input/input/enable_ps_sensor. Error: -1
08-25 17:58:10.328  6906 18194 E Sensors : open_sensors gets called!
08-25 17:58:10.328  6906 18194 E Sensors : is_tof_sensor_available() called
08-25 17:58:10.329  6906 18194 E Sensors : devname: /dev/input/event4
08-25 17:58:10.346  6906 18194 E Sensors : devname: /dev/input/event3
08-25 17:58:10.353  6906 18194 E Sensors : devname: /dev/input/event0
08-25 17:58:10.361  6906 18194 E Sensors : devname: /dev/input/mice
08-25 17:58:10.369  6906 18194 E Sensors : devname: /dev/input/event2
08-25 17:58:10.377  6906 18194 E Sensors : devname: /dev/input/event1
08-25 17:58:10.385  6906 18194 E Sensors : No Tof sensor found!!!
08-25 17:58:10.386  6906 18194 E mm-camera: sensor_laser_init:164  0 sensor supported
08-25 17:58:10.387  6906 18194 E mm-camera: gyro_port_init:1404  Failure initializing laser sensor. Error: 4
08-25 17:58:10.387  6906 18194 I CAMERA_SENSOR: start_accel_sensor
08-25 17:58:10.388  6906 18194 E mm-camera: start_accel_sensor: sensor1_open E
08-25 17:58:10.389  6906 18194 E mm-camera: start_accel_sensor: sensor1_open X, res = 0
08-25 17:58:10.393  6906 18214 I CAMERA_SENSOR: accel_data_cb received RESP - SNS_SMGR_REPORT_RESP_V01
08-25 17:58:10.394  6906 18194 D mm-camera: mct: mct_pipeline_start_session_thread: X imglib
08-25 17:58:10.394  6906  6906 E mm-camera: module_sensor_query_mod:7021led flash is not supported for this sensor.
08-25 17:58:10.394  6906  6906 E mm-camera: sensor_get_cur_chromatix_name:2577Error: Load default preview chroamtix
08-25 17:58:10.395  6906  6906 E mm-camera-sensor: chromatix_load_library_ex : chromatix = libchromatix_t4ka3_snapshot.so , lib name = /system/vendor/lib/libchromatix_t4ka3_snapshot.so
08-25 17:58:10.399  6906  6906 E mm-camera-sensor: chromatix_load_library_ex : chromatix = libchromatix_t4ka3_snapshot.so , lib name = /system/vendor/lib/libchromatix_t4ka3_snapshot.so
08-25 17:58:10.400  6906  6906 E mm-camera-sensor: chromatix_load_library_ex : chromatix = libchromatix_t4ka3_common.so , lib name = /system/vendor/lib/libchromatix_t4ka3_common.so
08-25 17:58:10.404  6906  6906 E mm-camera-sensor: chromatix_load_library_ex : chromatix = libchromatix_t4ka3_cpp_snapshot.so , lib name = /system/vendor/lib/libchromatix_t4ka3_cpp_snapshot.so
08-25 17:58:10.408  6906  6906 E mm-camera-sensor: chromatix_load_library_ex : chromatix = libchromatix_t4ka3_cpp_snapshot.so , lib name = /system/vendor/lib/libchromatix_t4ka3_cpp_snapshot.so
08-25 17:58:10.408  6906  6906 E mm-camera-sensor: chromatix_load_library_ex : chromatix = libchromatix_t4ka3_cpp_video.so , lib name = /system/vendor/lib/libchromatix_t4ka3_cpp_video.so
08-25 17:58:10.412  6906  6906 E mm-camera-sensor: chromatix_load_library_ex : chromatix = libchromatix_t4ka3_postproc.so , lib name = /system/vendor/lib/libchromatix_t4ka3_postproc.so
08-25 17:58:10.417  6906  6906 E mm-camera: module_faceproc_query_mod:1996] Caps ROI 5 scene_mode_cnt 1 HW analysis supported 0
08-25 17:58:10.417  6906  6906 E hdr     : module_hdr_lib_query_mod:181] Supported scenemode cnt 2
08-25 17:58:10.418  6906  6906 D mm-camera: mct: mct_pipeline_process_set:command=800000a
08-25 17:58:10.418  6906  6906 D mm-camera: mct: mct_pipeline_process_set: Adding new stream: id [0f]
08-25 17:58:10.418  6906  6906 D mm-camera: mct: mct_pipeline_process_set:command=8000012
08-25 17:58:10.419  6906  6906 D mm-camera: mct: mct_stream_start_link: Start linking Session-stream 0x2000f
08-25 17:58:10.419  6906  6906 I mm-camera: module_iface_set_mod_func: set module type = 8, identity 2000f
08-25 17:58:10.420  6906  6906 E mm-camera-sensor: port_sensor_caps_reserve:86session id doesn't match
08-25 17:58:10.420  6906  6906 I mm-camera: port dir 2 stream info ide 2000f type 10 dim 0 x 0 port 0xe950f7c0
08-25 17:58:10.421  6906  6906 I mm-camera: port 0xe950f7c0 ide 2000f type 10 dim 0 0
08-25 17:58:10.421  6906  6906 I mm-camera: port dir 1 stream info ide 2000f type 10 dim 0 x 0 port 0xe950f820
08-25 17:58:10.422  6906  6906 I mm-camera: port dir 1 stream info ide 2000f type 10 dim 0 x 0 port 0xe950f880
08-25 17:58:10.422  6906  6906 I mm-camera: port dir 1 stream info ide 2000f type 10 dim 0 x 0 port 0xe950f8e0
08-25 17:58:10.423  6906  6906 I mm-camera: port dir 1 stream info ide 2000f type 10 dim 0 x 0 port 0xe950f940
08-25 17:58:10.423  6906  6906 E mm-camera: int_link = 0xe9515de0
08-25 17:58:10.424  6906  6906 I mm-camera: pproc_port_add_modules_to_stream:433, linking mods tmod and c2d
08-25 17:58:10.426  6906  6906 I mm-camera: pproc_port_add_modules_to_stream:433, linking mods c2d and cpp
08-25 17:58:10.427  6906  6906 E mm-camera: Interleaved flag is 0, identity 131087 port type 0
08-25 17:58:10.427  6906  6906 I mm-camera: pproc_port_add_modules_to_stream:433, linking mods cpp and afs
08-25 17:58:10.427  6906  6906 I mm-camera: pproc_port_add_modules_to_stream:433, linking mods afs and llvd
08-25 17:58:10.428  6906  6906 I mm-camera: pproc_port_add_modules_to_stream:433, linking mods llvd and ezt
08-25 17:58:10.428  6906  6906 E mm-camera: pproc_port_add_modules_to_stream:454] X rc: 1
08-25 17:58:10.429  6906  6906 I mm-camera: port dir 1 stream info ide 2000f type 10 dim 0 x 0 port 0xe950f820
08-25 17:58:10.429  6906  6906 I mm-camera: port dir 1 stream info ide 2000f type 10 dim 0 x 0 port 0xe950f880
08-25 17:58:10.430  6906  6906 I mm-camera: port dir 1 stream info ide 2000f type 10 dim 0 x 0 port 0xe950f8e0
08-25 17:58:10.430  6906  6906 I mm-camera: port dir 1 stream info ide 2000f type 10 dim 0 x 0 port 0xe950f940
08-25 17:58:10.431  6906  6906 I mm-camera: port dir 1 stream info ide 2000f type 10 dim 0 x 0 port 0xe950f9a0
08-25 17:58:10.437  6906  6906 D mm-camera: mct: mct_pipeline_process_set: Linking successful for stream 0x2000f stream type=10
08-25 17:58:10.443 17537 18125 W Camera2-Parameters: initialize: Camera 1: Unknown preview format: 24
08-25 17:58:10.443 17537 18125 W Camera2-Parameters: initialize: Camera 1: Unknown preview format: 25
08-25 17:58:10.445 17537 18125 E Camera2-Parameters: Error finding static metadata entry 'android.distortionCorrection.availableModes' (1b0001)
08-25 17:58:10.445 17537 18125 I Camera2-Parameters: initialize: allowZslMode: 0 slowJpegMode 0
08-25 17:58:10.524   971  1158 D sensors_hal_Ctx: poll:polldata:2, sensor:0, type:1, x:-1.278046 y:6.226562 z:7.574707
08-25 17:58:10.547 17537 18126 I Camera3-Device: disconnectImpl: E
08-25 17:58:10.549  6906 18224 D mm-camera: mct: mct_pipeline_process_set:command=800000b
08-25 17:58:10.550  6906 18224 E mm-camera: mct: mct_pipeline_process_set:2966: Couldn't find stream id: 0
08-25 17:58:10.551  6906  6906 D mm-camera: mct: mct_controller_destroy: Initiating destroy sequence
08-25 17:58:10.551 17537 18126 I Camera3-Device: disconnectImpl: X
08-25 17:58:10.552  6906 18225 D mm-camera: mct: mct_bus_handler_thread_run: Force Exit
08-25 17:58:10.553  6906  6906 D mm-camera: mct: mct_controller_destroy: bus_handler thread closed
08-25 17:58:10.553  6906  6906 D mm-camera: mct: mct_pipeline_stop_session - E
08-25 17:58:10.553  6906  6906 D mm-camera: mct: mct_pipeline_process_set:command=800000b
08-25 17:58:10.554  6906  6906 D mm-camera: mct: mct_pipeline_process_set: Issuing DEL_STREAM on stream 0x2000f and stream type=10
08-25 17:58:10.554  6906  6906 E mm-camera: port_iface_ext_unlink_func: E, identity = 0x2000f, port = 0xe94c5ba0, direction = 2
08-25 17:58:10.555  6906  6906 E mm-camera: port_iface_check_caps_unreserve_func:  E, identity = 0x2000f, port = 0xe94c5ba0, direction = 2
08-25 17:58:10.555  6906  6906 E mm-camera: iface_unreserve_sink_port: stream_id f mode 0
08-25 17:58:10.555  6906  6906 E mm-camera: port_iface_ext_unlink_func: E, identity = 0x2000f, port = 0xe94c5ea0, direction = 1
08-25 17:58:10.556  6906  6906 E mm-camera: iface_ext_unlink_src_port: mct stream already removed from hw stream
08-25 17:58:10.556  6906  6906 E mm-camera: port_iface_check_caps_unreserve_func:  E, identity = 0x2000f, port = 0xe94c5ea0, direction = 1
08-25 17:58:10.556  6906  6906 E mm-camera: isp_port_check_caps_unreserve:826 ide 2000f port 0xe950f7c0
08-25 17:58:10.557 17537 18126 I CameraService: disconnect: Disconnected client for camera 1 for PID 18099
08-25 17:58:10.558 17537 17891 I Camera2Client: Camera 1: Closed
08-25 17:58:10.558 17537 17891 I Camera3-Device: disconnectImpl: E
08-25 17:58:10.559 17537 17891 I Camera2ClientBase: Closed Camera 1. Client was: com.android.camera2 (PID 18099, UID 10102)
08-25 17:58:10.559  6906  6906 E mm-camera: module_afs_port_check_caps_unreserve:1524]
08-25 17:58:10.559 17537 17891 I Camera3-Device: disconnectImpl: E
08-25 17:58:10.559  6906  6906 E mm-camera: module_afs_port_check_caps_unreserve:1532] destroy client
08-25 17:58:10.561  6906  6906 E mm-camera: module_imgbase_port_release_client_llvd:1553]
08-25 17:58:10.561 18099 18099 I CAM_Profiler: [908,834ms][ui] GUARD: CameraActivity.onCreateTasks - [791,042ms] computePictureSizes
08-25 17:58:10.562  6906  6906 E mm-camera: q3a_thread_af_stop:1019  q3a_thread_af_stop:1019 MSG_STOP_THREAD
08-25 17:58:10.566  6906  6906 E mm-camera: stats_port_delete_reserved_stream:2602  stats_port_delete_reserved_stream:2602: going to NULL peer
08-25 17:58:10.566  6906  6906 D mm-camera: mct: mct_pipeline_process_set: Stream 0x2000f and stream type=10, successfully deleted
08-25 17:58:10.568  6906 18237 D mm-camera: mct: mct_pipeline_stop_session_thread: Stop module name: sensor - E
08-25 17:58:10.569  6906 18238 D mm-camera: mct: mct_pipeline_stop_session_thread: Stop module name: iface - E
08-25 17:58:10.570  6906 18239 D mm-camera: mct: mct_pipeline_stop_session_thread: Stop module name: isp - E
08-25 17:58:10.570  6906 18238 D mm-camera: mct: mct_pipeline_stop_session_thread: Stop module name: iface - X
08-25 17:58:10.571  6906 18240 D mm-camera: mct: mct_pipeline_stop_session_thread: Stop module name: stats - E
08-25 17:58:10.572  6906 18239 E mm-camera-isp2: isp_module_stop_session:358 session id 2
08-25 17:58:10.573  6906 18241 D mm-camera: mct: mct_pipeline_stop_session_thread: Stop module name: pproc - E
08-25 17:58:10.576  6906 18239 D mm-camera: mct: mct_pipeline_stop_session_thread: Stop module name: isp - X
08-25 17:58:10.576  6906  6906 D mm-camera: mct: mct_pipeline_stop_session: left modules: 5
08-25 17:58:10.576  6906  6906 D mm-camera: mct: mct_pipeline_stop_session: left modules: 4
08-25 17:58:10.577  6906 18242 D mm-camera: mct: mct_pipeline_stop_session_thread: Stop module name: imglib - E
08-25 17:58:10.578  6906 18242 E mm-camera: module_faceproc_stop_session:1885] session cnt 1
08-25 17:58:10.578  6906 18240 E mm-camera: gyro_port_deinit:1446  gyro_port_deinit: Error in android Deinit
08-25 17:58:10.579  6906 18240 I CAMERA_SENSOR: stop_accel_sensor
08-25 17:58:10.581  6906 18241 E mm-camera-pp: [INFO] base_module_stop_session:98, E, session=2
08-25 17:58:10.581  6906 18214 I CAMERA_SENSOR: accel_data_cb received RESP - SNS_SMGR_CANCEL_RESP_V01
08-25 17:58:10.582  6906 18240 D mm-camera: mct: mct_pipeline_stop_session_thread: Stop module name: stats - X
08-25 17:58:10.582  6906 18241 E mm-camera-pp: [INFO] base_module_stop_session:98, E, session=2
08-25 17:58:10.583  6906 18241 D mm-camera: mct: mct_pipeline_stop_session_thread: Stop module name: pproc - X
08-25 17:58:10.583  6906  6906 D mm-camera: mct: mct_pipeline_stop_session: left modules: 3
08-25 17:58:10.584  6906 18237 E mm-camera: sensor_close:4609ctrl->isStreaming make false
08-25 17:58:10.584  6906  6906 D mm-camera: mct: mct_pipeline_stop_session: left modules: 2
08-25 17:58:10.586  6906 18242 D mm-camera: mct: mct_pipeline_stop_session_thread: Stop module name: imglib - X
08-25 17:58:10.586  6906 18237 D mm-camera: mct: mct_pipeline_stop_session_thread: Stop module name: sensor - X
08-25 17:58:10.586  6906  6906 D mm-camera: mct: mct_pipeline_stop_session: left modules: 1
08-25 17:58:10.587  6906  6906 D mm-camera: mct: mct_pipeline_stop_session: left modules: 0
08-25 17:58:10.587  6906  6906 D mm-camera: mct: mct_pipeline_stop_session - X
08-25 17:58:10.587  6906  6906 D mm-camera: mct: mct_pipeline_destroy E: session:2
08-25 17:58:10.588  6906  6906 D mm-camera: mct: mct_pipeline_destroy X: Pipeline destroyed successfully
08-25 17:58:10.588  6906  6906 D mm-camera: mct: mct_controller_destroy: X Successfully closed mct_controller
08-25 17:58:10.610 18099 18099 W CAM_Log : Tag RoundedThumbnailView is 1 chars longer than limit.
08-25 17:58:10.615   971  1158 D sensors_hal_Ctx: poll:polldata:1, sensor:0, type:1, x:-0.982346 y:6.237366 z:7.681488
08-25 17:58:10.819 18099 18099 I CAM_Profiler: [1165,857ms][ui] GUARD: CameraActivity.onCreateTasks - [253,893ms] setContentView()
08-25 17:58:10.850 18099 18099 I CAM_Profiler: [1197,775ms][ui] GUARD: CameraActivity.onCreateTasks - [31,918ms] Configure Camera UI
08-25 17:58:10.866 18099 18099 V CAM_CameraController: Closing camera
08-25 17:58:10.868 18099 18127 W CAM2PORT_AndCamAgntImp: Releasing camera without any camera opened.
08-25 17:58:10.869 18099 18099 V CAM_ModulesInfo: EnableCaptureModule = true
08-25 17:58:10.873 18099 18099 V CAM_Profiler: [  0,000ms][ui] GUARD: new CaptureModule - START
08-25 17:58:10.878 18099 18099 V CAM_Profiler: [  4,725ms][ui] GUARD: new CaptureModule - STOP
08-25 17:58:10.878 18099 18099 V CAM_SettingsManager: listeners: [com.android.camera.CameraActivity@e99fbb3, com.android.camera.app.CameraAppUI@6f90ee3]
08-25 17:58:10.897 18099 18099 V CAM_SettingsManager: listeners: [com.android.camera.CameraActivity@e99fbb3, com.android.camera.app.CameraAppUI@6f90ee3, com.android.camera.ButtonManager@f5fb0c]
08-25 17:58:10.898 18099 18099 V CAM_SettingsManager: listeners: [com.android.camera.CameraActivity@e99fbb3, com.android.camera.app.CameraAppUI@6f90ee3, com.android.camera.ButtonManager@f5fb0c, com.android.camera.widget.IndicatorIconController@75d466a]
08-25 17:58:10.899 18099 18099 I CAM_Profiler: [1247,017ms][ui] GUARD: CameraActivity.onCreateTasks - [20,623ms] Init Current Module UI
08-25 17:58:10.900 18099 18099 V CAM_Profiler: [  0,000ms][ui] GUARD: CaptureModule.init - START
08-25 17:58:10.900 18099 18099 D CAM_CaptureModule: init UseAutotransformUiLayout = false
08-25 17:58:10.902 18099 18099 D CAM_Camera2OneCamMgr: Getting First BACK Camera
08-25 17:58:10.906 18099 18099 D CAM_Camera2OneCamMgr: Getting First FRONT Camera
08-25 17:58:10.937 18099 18099 I CAM_Profiler: [ 37,114ms][ui] GUARD: CaptureModule.init - STOP
08-25 17:58:10.938 18099 18099 I CAM_Profiler: [1286,207ms][ui] GUARD: CameraActivity.onCreateTasks - [39,190ms] Init CurrentModule
08-25 17:58:10.962 18099 18099 I CAM_Profiler: [1310,156ms][ui] GUARD: CameraActivity.onCreateTasks - STOP
08-25 17:58:10.963 18099 18099 V CAM_QuickActivity: END onCreate: Activity = com.android.camera.CameraActivity@e99fbb3
08-25 17:58:10.994 18099 18099 V CAM_QuickActivity: START onStart: Activity = com.android.camera.CameraActivity@e99fbb3
08-25 17:58:11.097 18099 18099 V CAM_QuickActivity: END onStart: Activity = com.android.camera.CameraActivity@e99fbb3
08-25 17:58:11.104 18099 18099 V CAM_QuickActivity: START onResume: Activity = com.android.camera.CameraActivity@e99fbb3
08-25 17:58:11.112 18099 18099 V CAM_QuickActivity: onResume(): isKeyguardLocked() = false
08-25 17:58:11.114 18099 18099 V CAM_QuickActivity: onResume --> onResumeTasks()
08-25 17:58:11.123 18099 18099 V CAM_Profiler: [  0,000ms][ui] GUARD: CameraActivity.resume - START
08-25 17:58:11.124 18099 18099 V CAM_CameraActivity: Build info: lineage_h815-userdebug 10 QQ3A.200805.001 eng.kessar.20200825.080600 test-keys
08-25 17:58:11.138 18099 18254 D CAM_Storage: External storage state=mounted
08-25 17:58:11.141 18099 18251 V CAM_CameraDataAdapter: retrieved photo metadata, number of items: 3
08-25 17:58:11.142 18099 18251 V CAM_CameraDataAdapter: retrieved video metadata, number of items: 0
08-25 17:58:11.143 18099 18251 V CAM_CameraDataAdapter: sorting video/photo metadata
08-25 17:58:11.145 18099 18251 V CAM_CameraDataAdapter: sorted video/photo metadata
08-25 17:58:11.150 18099 18099 V CAM_Profiler: [  0,000ms][ui] GUARD: CaptureModule.resume - START
08-25 17:58:11.154 18099 18099 V CAM_Profiler: [  3,982ms][ui] GUARD: CaptureModule.resume - [ 0,077ms] getRemoteShutterListener.onModuleReady
08-25 17:58:11.186   971  1803 D sensors_hal_SMGR: batch:sensor(android.sensor.magnetic_field) sample_rate=5.000000Hz report_rate_f=0.000000Hz curr sample rate:0.000000 cur rpt rate:0 max:100.000000 min:1.000000
08-25 17:58:11.186   971  1803 D sensors_hal_SMGR: enable:sensor(android.sensor.magnetic_field) handle 10, freq=5.000000 report_rate=0 batched=0
08-25 17:58:11.187   971  1803 D sensors_hal_SMGR: SMGRPrepareAddMsg sample_rate 5.000000 report_rate 327680 subhz_sample_rate_ms 0 sample_rate_hz 5
08-25 17:58:11.188   971  1803 D sensors_hal_SMGR: SMGRPrepareAddMsg:sensor android.sensor.magnetic_field
08-25 17:58:11.189   971  1088 D sensors_hal: flushSendCmplt: handle=0
08-25 17:58:11.189   971  1158 D sensors_hal_Ctx: poll:polldata:1, sensor:0, type:0, x:0.000000 y:0.000000 z:29926.031250
08-25 17:58:11.192   971  1803 D sensors_hal_SMGR: SMGRReportAdd: Received Response: 0
08-25 17:58:11.195 18099 18099 V CAM_Profiler: [ 44,887ms][ui] GUARD: CaptureModule.resume - [10,742ms] mHeadingSensor.activate()
08-25 17:58:11.196 18099 18099 I CAM_Profiler: [ 44,887ms][ui] GUARD: CaptureModule.resume - STOP
08-25 17:58:11.199 18099 18099 I CAM_Profiler: [ 74,757ms][ui] GUARD: CameraActivity.resume - [47,027ms] mCurrentModule.resume
08-25 17:58:11.212 18099 18099 V CAM_Profiler: [ 88,600ms][ui] GUARD: CameraActivity.resume - [ 0,787ms] mPanoramaViewHelper.onResume()
08-25 17:58:11.213 18099 18099 V CAM_LcyLocProvider: starting location updates
08-25 17:58:11.214   971  1158 D sensors_hal_Ctx: poll:polldata:1, sensor:0, type:1, x:-0.919693 y:6.296326 z:7.513550
08-25 17:58:11.239 18099 18099 D CAM_LcyLocProvider: provider does not exist provider doesn't exist: network
08-25 17:58:11.245 18099 18099 D CAM_LcyLocProvider: startReceivingLocationUpdates
08-25 17:58:11.247 18099 18099 I CAM_Profiler: [123,785ms][ui] GUARD: CameraActivity.resume - STOP
