--------- beginning of main
01-07 03:53:16.380   393   393 W auditd  : type=2000 audit(0.0:1): initialized
01-07 03:53:17.639   393   393 I auditd  : type=1403 audit(0.0:2): policy loaded auid=4294967295 ses=4294967295
01-07 03:53:18.279     1     1 I init    : type=1400 audit(0.0:3): avc: denied { create } for name="sdcard" scontext=u:r:init:s0 tcontext=u:object_r:tmpfs:s0 tclass=lnk_file permissive=1
01-07 03:53:18.459   349   349 W fsck.f2fs: type=1400 audit(0.0:4): avc: granted { getattr } for path="/vendor" dev="rootfs" ino=8858 scontext=u:r:fsck:s0 tcontext=u:object_r:rootfs:s0 tclass=lnk_file
01-07 03:53:18.487   349   349 I fsck.f2fs: type=1400 audit(0.0:5): avc: denied { read } for name="mmcblk0p50" dev="tmpfs" ino=11148 scontext=u:r:fsck:s0 tcontext=u:object_r:block_device:s0 tclass=blk_file permissive=1
01-07 03:53:18.491   349   349 I fsck.f2fs: type=1400 audit(0.0:6): avc: denied { open } for path="/dev/block/mmcblk0p50" dev="tmpfs" ino=11148 scontext=u:r:fsck:s0 tcontext=u:object_r:block_device:s0 tclass=blk_file permissive=1
01-07 03:53:19.036     0   396 I SELinux : SELinux: Loaded service_contexts from:
01-07 03:53:19.038     0   396 I SELinux :     /vndservice_contexts
01-07 03:53:19.046     0   394 I SELinux : SELinux: Loaded service_contexts from:
01-07 03:53:19.047     0   394 I SELinux :     /plat_service_contexts
01-07 03:53:19.047     0   394 I SELinux :     /nonplat_service_contexts
--------- beginning of system
01-07 03:53:19.188   402   402 I vold    : Vold 3.0 (the awakening) firing up
01-07 03:53:19.189   402   402 V vold    : Detected support for: exfat ext4 f2fs ntfs vfat
01-07 03:53:19.192   402   402 I vold    : [libfs_mgr]fs_mgr_read_fstab_dt(): failed to read fstab from dt
01-07 03:53:19.197   402   408 D vold    : e4crypt_init_user0
01-07 03:53:19.197   402   408 D vold    : e4crypt_prepare_user_storage for volume null, user 0, serial 0, flags 1
01-07 03:53:19.197   402   408 D vold    : Preparing: /data/system/users/0
01-07 03:53:19.197   402   408 D vold    : Preparing: /data/misc/profiles/cur/0
01-07 03:53:19.197   402   408 D vold    : Preparing: /data/system_de/0
01-07 03:53:19.198   402   408 D vold    : Preparing: /data/misc_de/0
01-07 03:53:19.198   402   408 D vold    : Preparing: /data/user_de/0
01-07 03:53:19.198   402   408 D vold    : e4crypt_unlock_user_key 0 serial=0 token_present=0
01-07 03:53:19.198   402   408 E vold    : Failed to chmod /data/system_ce/0: No such file or directory
01-07 03:53:19.198   402   408 E vold    : Failed to chmod /data/misc_ce/0: No such file or directory
01-07 03:53:19.396   409   409 I /system/bin/tzdatacheck: timezone distro dir /data/misc/zoneinfo/current does not exist. No action required.
01-07 03:53:19.407   410   410 I init    : type=1400 audit(0.0:46): avc: denied { execute_no_trans } for path="/system/bin/sh" dev="mmcblk0p47" ino=392 scontext=u:r:init:s0 tcontext=u:object_r:shell_exec:s0 tclass=file permissive=1
01-07 03:53:19.419   411   411 W netd    : type=1400 audit(0.0:47): avc: granted { getattr } for path="/vendor" dev="rootfs" ino=8858 scontext=u:r:netd:s0 tcontext=u:object_r:rootfs:s0 tclass=lnk_file
01-07 03:53:19.419   415   415 I ueventd : type=1400 audit(0.0:48): avc: denied { search } for name="/" dev="mmcblk0p1" ino=1 scontext=u:r:ueventd:s0 tcontext=u:object_r:firmware_file:s0 tclass=dir permissive=1
01-07 03:53:19.419   415   415 I ueventd : type=1400 audit(0.0:49): avc: denied { read } for name="adsp.mdt" dev="mmcblk0p1" ino=4 scontext=u:r:ueventd:s0 tcontext=u:object_r:firmware_file:s0 tclass=file permissive=1
01-07 03:53:19.419   415   415 I ueventd : type=1400 audit(0.0:50): avc: denied { open } for path="/firmware/image/adsp.mdt" dev="mmcblk0p1" ino=4 scontext=u:r:ueventd:s0 tcontext=u:object_r:firmware_file:s0 tclass=file permissive=1
01-07 03:53:19.419   415   415 I ueventd : type=1400 audit(0.0:51): avc: denied { getattr } for path="/firmware/image/adsp.mdt" dev="mmcblk0p1" ino=4 scontext=u:r:ueventd:s0 tcontext=u:object_r:firmware_file:s0 tclass=file permissive=1
01-07 03:53:19.708   411   411 I Netd    : Netd 1.0 starting
01-07 03:53:19.708   411   411 D TetherController: Setting IP forward enable = 0
01-07 03:53:19.743   419   419 W iptables-restor: type=1400 audit(0.0:52): avc: granted { getattr } for path="/vendor" dev="rootfs" ino=8858 scontext=u:r:netd:s0 tcontext=u:object_r:rootfs:s0 tclass=lnk_file
01-07 03:53:19.855   422   422 W ip6tables-resto: type=1400 audit(0.0:53): avc: granted { getattr } for path="/vendor" dev="rootfs" ino=8858 scontext=u:r:netd:s0 tcontext=u:object_r:rootfs:s0 tclass=lnk_file
01-07 03:53:19.871   423   423 W iptables: type=1400 audit(0.0:54): avc: granted { getattr } for path="/vendor" dev="rootfs" ino=8858 scontext=u:r:netd:s0 tcontext=u:object_r:rootfs:s0 tclass=lnk_file
01-07 03:53:19.883   424   424 W ip6tables: type=1400 audit(0.0:55): avc: granted { getattr } for path="/vendor" dev="rootfs" ino=8858 scontext=u:r:netd:s0 tcontext=u:object_r:rootfs:s0 tclass=lnk_file
01-07 03:53:19.895   425   425 W iptables: type=1400 audit(0.0:56): avc: granted { getattr } for path="/vendor" dev="rootfs" ino=8858 scontext=u:r:netd:s0 tcontext=u:object_r:rootfs:s0 tclass=lnk_file
01-07 03:53:19.907   428   428 W ip6tables: type=1400 audit(0.0:57): avc: granted { getattr } for path="/vendor" dev="rootfs" ino=8858 scontext=u:r:netd:s0 tcontext=u:object_r:rootfs:s0 tclass=lnk_file
01-07 03:53:19.919   429   429 W iptables: type=1400 audit(0.0:58): avc: granted { getattr } for path="/vendor" dev="rootfs" ino=8858 scontext=u:r:netd:s0 tcontext=u:object_r:rootfs:s0 tclass=lnk_file
01-07 03:53:19.931   430   430 W ip6tables: type=1400 audit(0.0:59): avc: granted { getattr } for path="/vendor" dev="rootfs" ino=8858 scontext=u:r:netd:s0 tcontext=u:object_r:rootfs:s0 tclass=lnk_file
01-07 03:53:19.943   433   433 W iptables: type=1400 audit(0.0:60): avc: granted { getattr } for path="/vendor" dev="rootfs" ino=8858 scontext=u:r:netd:s0 tcontext=u:object_r:rootfs:s0 tclass=lnk_file
01-07 03:53:19.955   435   435 W ip6tables: type=1400 audit(0.0:61): avc: granted { getattr } for path="/vendor" dev="rootfs" ino=8858 scontext=u:r:netd:s0 tcontext=u:object_r:rootfs:s0 tclass=lnk_file
01-07 03:53:19.971   436   436 W iptables: type=1400 audit(0.0:62): avc: granted { getattr } for path="/vendor" dev="rootfs" ino=8858 scontext=u:r:netd:s0 tcontext=u:object_r:rootfs:s0 tclass=lnk_file
01-07 03:53:19.983   439   439 W ip6tables: type=1400 audit(0.0:63): avc: granted { getattr } for path="/vendor" dev="rootfs" ino=8858 scontext=u:r:netd:s0 tcontext=u:object_r:rootfs:s0 tclass=lnk_file
01-07 03:53:19.995   440   440 W iptables: type=1400 audit(0.0:64): avc: granted { getattr } for path="/vendor" dev="rootfs" ino=8858 scontext=u:r:netd:s0 tcontext=u:object_r:rootfs:s0 tclass=lnk_file
01-07 03:53:20.000   539   539 I sensors.qcom: type=1400 audit(0.0:163): avc: denied { bind } for scontext=u:r:init:s0 tcontext=u:r:init:s0 tclass=socket permissive=1
01-07 03:53:20.000   492   492 I rmt_storage: type=1400 audit(0.0:164): avc: denied { read } for scontext=u:r:init:s0 tcontext=u:r:init:s0 tclass=socket permissive=1
01-07 03:53:20.000   542   542 E QC-time-services: Daemon:genoff_boot_tod_init: Unable to set TOD at boot up
01-07 03:53:20.000   542   542 E QC-time-services: Daemon: Unable to set TOD at boot up
01-07 03:53:20.007   443   443 W ip6tables: type=1400 audit(0.0:65): avc: granted { getattr } for path="/vendor" dev="rootfs" ino=8858 scontext=u:r:netd:s0 tcontext=u:object_r:rootfs:s0 tclass=lnk_file
01-07 03:53:20.019   444   444 W iptables: type=1400 audit(0.0:66): avc: granted { getattr } for path="/vendor" dev="rootfs" ino=8858 scontext=u:r:netd:s0 tcontext=u:object_r:rootfs:s0 tclass=lnk_file
01-07 03:53:20.023   556   556 W qseecomd: type=1400 audit(0.0:165): avc: granted { read } for name="ion" dev="tmpfs" ino=1878 scontext=u:r:init:s0 tcontext=u:object_r:ion_device:s0 tclass=chr_file
01-07 03:53:20.023   556   556 W qseecomd: type=1400 audit(0.0:166): avc: granted { read open } for path="/dev/ion" dev="tmpfs" ino=1878 scontext=u:r:init:s0 tcontext=u:object_r:ion_device:s0 tclass=chr_file
01-07 03:53:20.027   556   556 D QSEECOMD: : Init dlopen(libdrmtime.so, RTLD_NOW) succeeds
01-07 03:53:20.027   556   556 D QSEECOMD: : Init::Init dlsym(g_FSHandle atime_start) succeeds
01-07 03:53:20.027   556   556 D DrmLibTime: QSEE Time Listener: atime_start
01-07 03:53:20.027   556   556 D QSEECOMAPI: : QSEECom_register_listener 11 sb_length = 0x5000
01-07 03:53:20.035   445   445 W ip6tables: type=1400 audit(0.0:67): avc: granted { getattr } for path="/vendor" dev="rootfs" ino=8858 scontext=u:r:netd:s0 tcontext=u:object_r:rootfs:s0 tclass=lnk_file
01-07 03:53:20.040   542   617 D QC-time-services: Daemon: Time-services: All initializations done
01-07 03:53:20.040   542   617 E QC-time-services: Daemon: Time-services: Waiting to acceptconnection
01-07 03:53:20.043   542   615 D QC-time-services: Daemon:genoff_modem_qmi_service_request: Initiallizing QMI 
01-07 03:53:20.043   542   615 E Diag_Lib:  Diag_LSM_Init: Failed to open handle to diag driver, error = 2
01-07 03:53:20.044   542   615 E QMI_FW  : QMUXD: WARNING qmi_qmux_if_pwr_up_init failed! rc=-1
01-07 03:53:20.045   542   615 I chatty  : uid=1000(system) /system/bin/time_daemon identical 6 lines
01-07 03:53:20.045   542   615 E QMI_FW  : QMUXD: WARNING qmi_qmux_if_pwr_up_init failed! rc=-1
01-07 03:53:20.045   542   615 E QC-time-services: Daemon:genoff_modem_qmi_service_request: qmi_client_get_service_list returned -2num_services 0
01-07 03:53:20.049   411   411 I Netd    : Creating child chains: 338.0ms
01-07 03:53:20.049   411   411 I Netd    : Setting up OEM hooks: 0.2ms
01-07 03:53:20.051   556   556 W qseecomd: type=1400 audit(0.0:167): avc: granted { read } for name="ion" dev="tmpfs" ino=1878 scontext=u:r:init:s0 tcontext=u:object_r:ion_device:s0 tclass=chr_file
01-07 03:53:20.051   556   556 W qseecomd: type=1400 audit(0.0:168): avc: granted { read open } for path="/dev/ion" dev="tmpfs" ino=1878 scontext=u:r:init:s0 tcontext=u:object_r:ion_device:s0 tclass=chr_file
01-07 03:53:20.055   556   556 W qseecomd: type=1400 audit(0.0:169): avc: granted { read } for name="ion" dev="tmpfs" ino=1878 scontext=u:r:init:s0 tcontext=u:object_r:ion_device:s0 tclass=chr_file
01-07 03:53:20.055   556   556 W qseecomd: type=1400 audit(0.0:170): avc: granted { read open } for path="/dev/ion" dev="tmpfs" ino=1878 scontext=u:r:init:s0 tcontext=u:object_r:ion_device:s0 tclass=chr_file
01-07 03:53:20.055   411   411 I Netd    : Setting up FirewallController hooks: 5.8ms
01-07 03:53:20.056   556   556 D DrmLibTime: registering fs service to QSEECom is done!
01-07 03:53:20.056   556   556 D DrmLibTime: begin to create a thread!
01-07 03:53:20.056   556   556 D DrmLibTime: Creating a pthread in atime_start is done! return 0
01-07 03:53:20.056   556   556 D QSEECOMD: : Init atime_start ret = 0
01-07 03:53:20.056   556   556 D QSEECOMD: : time services: Started (Listener ID = 11)
01-07 03:53:20.056   556   556 E QSEECOMD: : Listener: index = 4, hierarchy = 1
01-07 03:53:20.056   556   621 D DrmLibTime: QSEE Time Listener: dispatch
01-07 03:53:20.056   556   621 D DrmLibTime: before calling ioctl to read the next time_cmd
01-07 03:53:20.056   556   556 D QSEECOMD: : Init dlopen(libdrmfs.so, RTLD_NOW) succeeds
01-07 03:53:20.056   556   556 D QSEECOMD: : Init::Init dlsym(g_FSHandle fs_start) succeeds
01-07 03:53:20.056   556   556 D QSEECOMAPI: : QSEECom_register_listener 10 sb_length = 0x5000
01-07 03:53:20.059   411   411 I Netd    : Setting up NatController hooks: 3.7ms
01-07 03:53:20.059   556   556 D QSEECOMD: : Init fs_start ret = 0
01-07 03:53:20.059   556   556 D QSEECOMD: : file system services: Started (Listener ID = 10)
01-07 03:53:20.059   556   556 E QSEECOMD: : Listener: index = 5, hierarchy = 1
01-07 03:53:20.059   556   556 E QSEECOMD: : Init dlopen(libmdtp.so, RLTD_NOW) is failed....
01-07 03:53:20.059   556   556 E QSEECOMD: : Listener: index = 6, hierarchy = 1
01-07 03:53:20.059   556   556 D QSEECOMD: : Init dlopen(libdrmfs.so, RTLD_NOW) succeeds
01-07 03:53:20.059   556   556 D QSEECOMD: : Init::Init dlsym(g_FSHandle gpfs_start) succeeds
01-07 03:53:20.059   556   556 D QSEECOMAPI: : QSEECom_register_listener 28672 sb_length = 0x7e000
01-07 03:53:20.061   411   411 I Netd    : Setting up BandwidthController hooks: 2.4ms
01-07 03:53:20.061   411   411 I Netd    : Setting up IdletimerController hooks: 0.1ms
01-07 03:53:20.061   556   556 D QSEECOMD: : Init gpfs_start ret = 0
01-07 03:53:20.061   556   556 D QSEECOMD: : gpfile system services: Started (Listener ID = 28672)
01-07 03:53:20.063   556   556 W qseecomd: type=1400 audit(0.0:171): avc: granted { read } for name="ion" dev="tmpfs" ino=1878 scontext=u:r:init:s0 tcontext=u:object_r:ion_device:s0 tclass=chr_file
01-07 03:53:20.063   556   556 W qseecomd: type=1400 audit(0.0:172): avc: granted { read open } for path="/dev/ion" dev="tmpfs" ino=1878 scontext=u:r:init:s0 tcontext=u:object_r:ion_device:s0 tclass=chr_file
01-07 03:53:20.067   411   411 I Netd    : Disabling bandwidth control: 5.2ms
01-07 03:53:20.067   556   556 D QSEECOMAPI: : QSEECom_get_handle sb_length = 0x400
01-07 03:53:20.067   556   556 D QSEECOMAPI: : App is not loaded in QSEE
01-07 03:53:20.068   556   556 E QSEECOMAPI: : Error::Error while trying to allocate data
01-07 03:53:20.068   556   556 E QSEECOMAPI: : Error::ION_memalloc failed
01-07 03:53:20.068   556   556 E QSEECOMAPI: : Error::Loading image failed with ret = -12
01-07 03:53:20.068   556   556 E QSEECOMD: : Loading keymaste app failied
01-07 03:53:20.068   556   556 D QSEECOMAPI: : QSEECom_get_handle sb_length = 0x400
01-07 03:53:20.068   556   556 D QSEECOMAPI: : App is not loaded in QSEE
01-07 03:53:20.069   411   411 I Netd    : Initializing RouteController: 2.1ms
01-07 03:53:20.070   411   411 D MDnsDS  : MDnsSdListener::Hander starting up
01-07 03:53:20.070   411   452 D MDnsDS  : MDnsSdListener starting to monitor
01-07 03:53:20.070   411   452 D MDnsDS  : Going to poll with pollCount 1
01-07 03:53:20.072   411   411 I Netd    : Registering NetdNativeService: 2.4ms
01-07 03:53:20.072   411   411 I Netd    : Starting CommandListener: 0.2ms
01-07 03:53:20.075   411   411 I Netd    : Registering NetdHwService: 2.8ms
01-07 03:53:20.075   411   411 I Netd    : Netd started in 367ms
01-07 03:53:20.083   556   556 W qseecomd: type=1400 audit(0.0:173): avc: granted { read } for name="ion" dev="tmpfs" ino=1878 scontext=u:r:init:s0 tcontext=u:object_r:ion_device:s0 tclass=chr_file
01-07 03:53:20.114   545   545 I gatekeeperd: Starting gatekeeperd...
01-07 03:53:20.123   531   531 I Netd    : Netd 1.0 starting
01-07 03:53:20.123   531   531 D TetherController: Setting IP forward enable = 0
01-07 03:53:20.235   474   474 I init    : type=1400 audit(0.0:68): avc: denied { execute_no_trans } for path="/system/bin/rfs_access" dev="mmcblk0p47" ino=366 scontext=u:r:init:s0 tcontext=u:object_r:system_file:s0 tclass=file permissive=1
01-07 03:53:20.259   475   475 I init    : type=1400 audit(0.0:69): avc: denied { execute_no_trans } for path="/system/bin/sh" dev="mmcblk0p47" ino=392 scontext=u:r:init:s0 tcontext=u:object_r:shell_exec:s0 tclass=file permissive=1
01-07 03:53:20.284   539   627 E Sensors : mag_cal.c(1609):mag_cal_sam_init: Unknown UUID(1) cb8db385-b92b-a4a7
01-07 03:53:20.314   480   480 I lowmemorykiller: Using in-kernel low memory killer interface
01-07 03:53:20.423   492   492 I init    : type=1400 audit(0.0:70): avc: denied { execute_no_trans } for path="/system/bin/rmt_storage" dev="mmcblk0p47" ino=370 scontext=u:r:init:s0 tcontext=u:object_r:system_file:s0 tclass=file permissive=1
01-07 03:53:20.455   502   502 I ueventd : type=1400 audit(0.0:71): avc: denied { search } for name="/" dev="mmcblk0p1" ino=1 scontext=u:r:ueventd:s0 tcontext=u:object_r:firmware_file:s0 tclass=dir permissive=1
01-07 03:53:20.455     1     1 I init    : type=1400 audit(0.0:72): avc: denied { read write } for name="ttyHSL0" dev="tmpfs" ino=1857 scontext=u:r:init:s0 tcontext=u:object_r:device:s0 tclass=chr_file permissive=1
01-07 03:53:20.455     1     1 I init    : type=1400 audit(0.0:73): avc: denied { open } for path="/dev/ttyHSL0" dev="tmpfs" ino=1857 scontext=u:r:init:s0 tcontext=u:object_r:device:s0 tclass=chr_file permissive=1
01-07 03:53:20.459   502   502 I ueventd : type=1400 audit(0.0:74): avc: denied { read } for name="cpe.b12" dev="mmcblk0p1" ino=22 scontext=u:r:ueventd:s0 tcontext=u:object_r:firmware_file:s0 tclass=file permissive=1
01-07 03:53:20.459   502   502 I ueventd : type=1400 audit(0.0:75): avc: denied { open } for path="/firmware/image/cpe.b12" dev="mmcblk0p1" ino=22 scontext=u:r:ueventd:s0 tcontext=u:object_r:firmware_file:s0 tclass=file permissive=1
01-07 03:53:20.459   502   502 I ueventd : type=1400 audit(0.0:76): avc: denied { getattr } for path="/firmware/image/cpe.b12" dev="mmcblk0p1" ino=22 scontext=u:r:ueventd:s0 tcontext=u:object_r:firmware_file:s0 tclass=file permissive=1
01-07 03:53:20.459   492   492 W rmt_storage: type=1400 audit(0.0:77): avc: granted { read } for name="uio0" dev="tmpfs" ino=1853 scontext=u:r:init:s0 tcontext=u:object_r:uio_device:s0 tclass=chr_file
01-07 03:53:20.459   492   492 W rmt_storage: type=1400 audit(0.0:78): avc: granted { read open } for path="/dev/uio0" dev="tmpfs" ino=1853 scontext=u:r:init:s0 tcontext=u:object_r:uio_device:s0 tclass=chr_file
01-07 03:53:20.459   492   492 W rmt_storage: type=1400 audit(0.0:79): avc: granted { read } for path="/dev/uio0" dev="tmpfs" ino=1853 scontext=u:r:init:s0 tcontext=u:object_r:uio_device:s0 tclass=chr_file
01-07 03:53:20.463   492   492 I rmt_storage: type=1400 audit(0.0:80): avc: denied { write } for name="mmcblk0p24" dev="tmpfs" ino=11044 scontext=u:r:init:s0 tcontext=u:object_r:block_device:s0 tclass=blk_file permissive=1
01-07 03:53:20.465   492   492 I rmt_storage: Shared memory initialised successfully.
01-07 03:53:20.467   492   492 I rmt_storage: type=1400 audit(0.0:81): avc: denied { create } for scontext=u:r:init:s0 tcontext=u:r:init:s0 tclass=socket permissive=1
01-07 03:53:20.467   492   492 I rmt_storage: type=1400 audit(0.0:82): avc: denied { ioctl } for path="socket:[13873]" dev="sockfs" ino=13873 ioctlcmd=c304 scontext=u:r:init:s0 tcontext=u:r:init:s0 tclass=socket permissive=1
01-07 03:53:20.467   492   492 I rmt_storage: type=1400 audit(0.0:83): avc: denied { bind } for scontext=u:r:init:s0 tcontext=u:r:init:s0 tclass=socket permissive=1
01-07 03:53:20.467   492   492 I rmt_storage: type=1400 audit(0.0:84): avc: denied { read } for scontext=u:r:init:s0 tcontext=u:r:init:s0 tclass=socket permissive=1
01-07 03:53:20.468   492   492 I rmt_storage: Registering modemst1: 0x4a /boot/modem_fs1
01-07 03:53:20.468   492   492 I rmt_storage: Registering modemst2: 0x4b /boot/modem_fs2
01-07 03:53:20.468   492   492 I rmt_storage: Registering fsc: 0xff /boot/modem_fsc
01-07 03:53:20.468   492   492 I rmt_storage: Registering fsg: 0x58 /boot/modem_fsg
01-07 03:53:20.468   492   492 I rmt_storage: 4 GPT partitions found
01-07 03:53:20.468   492   492 I rmt_storage: Capset success!
01-07 03:53:20.469   500   500 I SELinux : SELinux: Loaded service_contexts from:
01-07 03:53:20.470   500   500 I SELinux :     /vndservice_contexts
01-07 03:53:20.480   494   494 I rfs_access: All clients successfully initialized.
01-07 03:53:20.480   494   494 I rfs_access: Capset success!
01-07 03:53:20.480   494   494 I rfs_access: All Data dirs exist or were created successfully.
01-07 03:53:20.482   494   494 I rfs_access: Initialized RFS server
01-07 03:53:20.483   498   498 I SELinux : SELinux: Loaded service_contexts from:
01-07 03:53:20.485   498   498 I SELinux :     /plat_service_contexts
01-07 03:53:20.485   498   498 I SELinux :     /nonplat_service_contexts
01-07 03:53:20.503   490   490 I wificond: wificond is starting up...
01-07 03:53:20.539   510   510 I irsc_util: Starting irsc tool
01-07 03:53:20.608   496   496 D QSEECOMD: : qseecom listener services process entry PPID = 1
01-07 03:53:20.608   496   496 E QSEECOMD: : Listener: index = 0, hierarchy = 0
01-07 03:53:20.610   512   512 E ANDR-PERF-MPCTL: Unable to create control service (stage=1, rc=0)
01-07 03:53:20.610   512   512 W libc    : invalid pthread_t (0) passed to libc
01-07 03:53:20.630   497   497 I libmdmdetect: ESOC framework not supported
01-07 03:53:20.630   497   497 I libmdmdetect: Found internal modem: modem
01-07 03:53:20.631   510   510 I irsc_util: Num of entries:285
01-07 03:53:20.632   510   510 I irsc_util: Ending irsc tool
01-07 03:53:20.637   505   505 E PerMgrProxy: Starting pm-proxy service
01-07 03:53:20.637   505   505 I libmdmdetect: ESOC framework not supported
01-07 03:53:20.637   505   505 I libmdmdetect: Found internal modem: modem
01-07 03:53:20.637   505   505 I PerMgrProxy: Found internal modem
01-07 03:53:20.674   498   498 E SELinux : avc:  denied  { add } for service=vendor.qcom.PeripheralManager pid=497 uid=1000 scontext=u:r:init:s0 tcontext=u:object_r:default_android_service:s0 tclass=service_manager
01-07 03:53:20.677   508   508 E Diag_Lib:  Diag_LSM_Init: Failed to open handle to diag driver, error = 2
01-07 03:53:20.679   508   508 E Diag_Lib: qpLogDiagInit <== result : 0
01-07 03:53:20.679   508   508 E Diag_Lib: QMID : gIsQXDMDisabled 0, gIsADBDisabled 1, gIsDebugDisabled 0, gIsIMSLogsDisabled 0
01-07 03:53:20.679   508   508 E Diag_Lib:  Diag_LSM_Init: Failed to open handle to diag driver, error = 2
01-07 03:53:20.679   508   508 E Diag_Lib: qpLogDiagInit <== result : 0
01-07 03:53:20.679   508   508 E Diag_Lib: QMID : gIsQXDMDisabled 0, gIsADBDisabled 1, gIsDebugDisabled 0, gIsIMSLogsDisabled 0
01-07 03:53:20.679   508   508 E Diag_Lib: [IMS_QMID] |imsqmiserver.c | 538 | QMID#$$#0#QMI DAEMON STARTED
01-07 03:53:20.679   508   508 E Diag_Lib:  Diag_LSM_Init: Failed to open handle to diag driver, error = 2
01-07 03:53:20.679   508   508 E Diag_Lib: qpLogDiagInit <== result : 0
01-07 03:53:20.679   508   508 E Diag_Lib: QMID : gIsQXDMDisabled 0, gIsADBDisabled 1, gIsDebugDisabled 0, gIsIMSLogsDisabled 0
01-07 03:53:20.679   508   508 E Diag_Lib:  Diag_LSM_Init: Failed to open handle to diag driver, error = 2
01-07 03:53:20.679   508   508 E Diag_Lib: qpLogDiagInit <== result : 0
01-07 03:53:20.679   508   508 E Diag_Lib: QMID : gIsQXDMDisabled 0, gIsADBDisabled 1, gIsDebugDisabled 0, gIsIMSLogsDisabled 0
01-07 03:53:20.679   508   508 E Diag_Lib:  Diag_LSM_Init: Failed to open handle to diag driver, error = 2
01-07 03:53:20.679   508   508 E Diag_Lib: qpLogDiagInit <== result : 0
01-07 03:53:20.679   508   508 E Diag_Lib: QMID : gIsQXDMDisabled 0, gIsADBDisabled 1, gIsDebugDisabled 0, gIsIMSLogsDisabled 0
01-07 03:53:20.679   508   508 E Diag_Lib:  Diag_LSM_Init: Failed to open handle to diag driver, error = 2
01-07 03:53:20.679   508   508 E Diag_Lib: qpLogDiagInit <== result : 0
01-07 03:53:20.679   508   508 E Diag_Lib: QMID : gIsQXDMDisabled 0, gIsADBDisabled 1, gIsDebugDisabled 0, gIsIMSLogsDisabled 0
01-07 03:53:20.679   508   508 E Diag_Lib:  Diag_LSM_Init: Failed to open handle to diag driver, error = 2
01-07 03:53:20.679   508   508 E Diag_Lib: qpLogDiagInit <== result : 0
01-07 03:53:20.679   508   508 E Diag_Lib: QMID : gIsQXDMDisabled 0, gIsADBDisabled 1, gIsDebugDisabled 0, gIsIMSLogsDisabled 0
01-07 03:53:20.698   497   497 I PerMgrSrv: Peripheral Mananager service start
01-07 03:53:20.698   497   497 I PerMgrSrv: power-off timeout 500,ms; event-ack timeout 200,ms; debug-mode false
01-07 03:53:20.698   497   497 I PerMgrSrv: Statistics for : modem
01-07 03:53:20.698   497   497 I PerMgrSrv: modem: Current State : is off-line
01-07 03:53:20.698   497   497 I PerMgrSrv: modem: Voter/Listener count : 0/0
01-07 03:53:20.698   497   497 I PerMgrSrv: modem: Power on count : 0
01-07 03:53:20.698   497   497 I PerMgrSrv: modem: Power off count: 0
01-07 03:53:20.698   497   497 I PerMgrSrv: modem: Client list:
01-07 03:53:20.698   498   498 E SELinux : avc:  denied  { find } for service=vendor.qcom.PeripheralManager pid=505 uid=1000 scontext=u:r:init:s0 tcontext=u:object_r:default_android_service:s0 tclass=service_manager
01-07 03:53:20.712   496   496 D QSEECOMD: : Init dlopen(librpmb.so, RTLD_NOW) succeeds
01-07 03:53:20.712   496   496 D QSEECOMD: : Init::Init dlsym(g_FSHandle rpmb_init_service) succeeds
01-07 03:53:20.713   496   496 I rpmb_emmc: RPMB Mult = 16384, Rel_sec_cnt = 1
01-07 03:53:20.713   496   496 E DrmLibRpmb: rpmb_init succeeded! with ret = 0
01-07 03:53:20.713   496   496 D QSEECOMD: : Init rpmb_init_service ret = 0
01-07 03:53:20.713   496   496 D QSEECOMD: : RPMB system services: init (Listener ID = 8192)
01-07 03:53:20.713   496   496 E QSEECOMD: : Listener: index = 1, hierarchy = 0
01-07 03:53:20.723   496   496 D QSEECOMD: : Init dlopen(libssd.so, RTLD_NOW) succeeds
01-07 03:53:20.723   496   496 D QSEECOMD: : Init::Init dlsym(g_FSHandle ssd_init_service) succeeds
01-07 03:53:20.723   496   496 E SSD     : ssd_init_service succeeded!
01-07 03:53:20.723   496   496 D QSEECOMD: : Init ssd_init_service ret = 0
01-07 03:53:20.723   496   496 D QSEECOMD: : SSD system services: init (Listener ID = 12288)
01-07 03:53:20.723   496   496 E QSEECOMD: : Listener: index = 2, hierarchy = 0
01-07 03:53:20.729   517   517 D ImsWmsProxy: ImsWmsProxy :: IMS WMS Proxy is started
01-07 03:53:20.729   517   517 D ImsWmsProxy: ImsWmsProxy :: local socket (4)
01-07 03:53:20.729   517   517 D ImsWmsProxy: ImsWmsProxy :: IMS WMS Proxy is ready
01-07 03:53:20.734   497   540 I PerMgrSrv: QMI service start
01-07 03:53:20.741   497   541 D PerMgrSrv: modem state: is off-line, add client PM-PROXY-THREAD
01-07 03:53:20.741   497   541 D PerMgrSrv: PM-PROXY-THREAD registered
01-07 03:53:20.742   505   505 D PerMgrLib: PM-PROXY-THREAD successfully registered for modem
01-07 03:53:20.742   505   505 I PerMgrProxy: pm-proxy-thread Voting for internal modem
01-07 03:53:20.742   505   505 D PerMgrLib: PM-PROXY-THREAD voting for modem
01-07 03:53:20.757   497   541 D PerMgrSrv: PM-PROXY-THREAD voting for modem
01-07 03:53:20.757   497   541 D PerMgrSrv: modem new state: going on-line
01-07 03:53:20.757   497   541 D PerMgrSrv: modem num voters is 1
01-07 03:53:20.787   516   516 E Energy-Aware: Voltage plan not received for cpu4
01-07 03:53:20.787   516   516 E Energy-Aware: Failed to transfer voltage values for cpu4 err:-1
01-07 03:53:20.787   516   516 E Energy-Aware: Voltage plan not received for cpu5
01-07 03:53:20.787   516   516 E Energy-Aware: Failed to transfer voltage values for cpu5 err:-1
01-07 03:53:20.797   517   517 E Diag_Lib:  Diag_LSM_Init: Failed to open handle to diag driver, error = 2
01-07 03:53:20.808   496   496 E QSEECOMD: : Init dlopen(libsecureui.so, RLTD_NOW) is failed....
01-07 03:53:20.809   496   496 D QSEECOMD: : SEC_UI_INIT failed, shall not start secure ui listener
01-07 03:53:20.809   496   496 E QSEECOMD: : Listener: index = 5, hierarchy = 0
01-07 03:53:20.809   496   496 E QSEECOMD: : Init dlopen(libmdtp.so, RLTD_NOW) is failed....
01-07 03:53:20.809   496   496 D QSEECOMD: : ERROR: MDTP_INIT failed, shall not start MDTP listener
01-07 03:53:20.821   513   513 I ThermalEngine: Thermal daemon started
01-07 03:53:20.825   513   513 I ThermalEngine: Using target config file '/system/etc/thermal-engine-8992.conf'
01-07 03:53:20.877   496   496 D QSEECOMD: : Parent qseecom daemon process paused!! 
01-07 03:53:20.898   511   511 E Diag_Lib:  Diag_LSM_Init: Failed to open handle to diag driver, error = 2
01-07 03:53:20.908   556   556 D QSEECOMD: : qseecom listener service threads starting!!! 
01-07 03:53:20.908   556   556 D QSEECOMD: : Total listener services to start = 7
01-07 03:53:20.908   556   556 E QSEECOMD: : Listener: index = 0, hierarchy = 1
01-07 03:53:20.909   556   556 D QSEECOMD: : Init dlopen(librpmb.so, RTLD_NOW) succeeds
01-07 03:53:20.909   556   556 D QSEECOMD: : Init::Init dlsym(g_FSHandle rpmb_start) succeeds
01-07 03:53:20.909   556   556 D QSEECOMAPI: : QSEECom_register_listener 8192 sb_length = 0x5000
01-07 03:53:20.912   523   523 I installd: installd firing up
01-07 03:53:20.938   556   556 D QSEECOMD: : Init rpmb_start ret = 0
01-07 03:53:20.938   556   556 D QSEECOMD: : RPMB system services: Started (Listener ID = 8192)
01-07 03:53:20.938   556   556 E QSEECOMD: : Listener: index = 1, hierarchy = 1
01-07 03:53:20.938   556   556 D QSEECOMD: : Init dlopen(libssd.so, RTLD_NOW) succeeds
01-07 03:53:20.938   556   556 D QSEECOMD: : Init::Init dlsym(g_FSHandle ssd_start) succeeds
01-07 03:53:20.938   556   556 D QSEECOMAPI: : QSEECom_register_listener 12288 sb_length = 0x5000
01-07 03:53:20.946   556   556 D QSEECOMD: : Init ssd_start ret = 0
01-07 03:53:20.946   556   556 D QSEECOMD: : SSD system services: Started (Listener ID = 12288)
01-07 03:53:20.946   556   556 E QSEECOMD: : Listener: index = 2, hierarchy = 1
01-07 03:53:20.958   553   553 I /system/bin/tombstoned: tombstoned successfully initialized
01-07 03:53:21.007   542   542 D QC-time-services: Daemon:genoff_pre_init::Base = 0
01-07 03:53:21.008   542   542 D QC-time-services: Daemon:ats_rtc_init: Time read from RTC -- year = 115, month = 0,day = 7
01-07 03:53:21.008   542   542 D QC-time-services: Daemon:Value read from RTC seconds = 1420602800000
01-07 03:53:21.008   542   542 D QC-time-services: Daemon:genoff_init_config: ATS_RTC initialized with rc: 0
01-07 03:53:21.008   542   542 D QC-time-services: Daemon:genoff_pre_init::Base = 1
01-07 03:53:21.008   542   542 D QC-time-services: Daemon: Storage Name: ats_1 
01-07 03:53:21.008   542   542 D QC-time-services: Daemon:Opening File: /data/time/ats_1
01-07 03:53:21.008   542   542 D QC-time-services: Daemon:time_persistent_memory_opr:Genoff Read operation 
01-07 03:53:21.008   542   542 D QC-time-services: Daemon:Unable to open filefor read
01-07 03:53:21.008   542   542 D QC-time-services: Daemon:genoff_post_init:Error in accessing storage
01-07 03:53:21.008   542   542 D QC-time-services: Daemon:genoff_pre_init::Base = 2
01-07 03:53:21.008   542   542 D QC-time-services: Daemon: Storage Name: ats_2 
01-07 03:53:21.008   542   542 D QC-time-services: Daemon:Opening File: /data/time/ats_2
01-07 03:53:21.008   542   542 D QC-time-services: Daemon:time_persistent_memory_opr:Genoff Read operation 
01-07 03:53:21.008   542   542 D QC-time-services: Daemon:Unable to open filefor read
01-07 03:53:21.008   542   542 D QC-time-services: Daemon:genoff_post_init:Error in accessing storage
01-07 03:53:21.008   542   542 D QC-time-services: Daemon:genoff_pre_init::Base = 3
01-07 03:53:21.008   542   542 D QC-time-services: Daemon: Storage Name: ats_3 
01-07 03:53:21.008   542   542 D QC-time-services: Daemon:Opening File: /data/time/ats_3
01-07 03:53:21.008   542   542 D QC-time-services: Daemon:time_persistent_memory_opr:Genoff Read operation 
01-07 03:53:21.008   542   542 D QC-time-services: Daemon:Unable to open filefor read
01-07 03:53:21.008   542   542 D QC-time-services: Daemon:genoff_post_init:Error in accessing storage
01-07 03:53:21.008   542   542 D QC-time-services: Daemon:genoff_pre_init::Base = 4
01-07 03:53:21.008   542   542 D QC-time-services: Daemon: Storage Name: ats_4 
01-07 03:53:21.008   542   542 D QC-time-services: Daemon:Opening File: /data/time/ats_4
01-07 03:53:21.008   542   542 D QC-time-services: Daemon:time_persistent_memory_opr:Genoff Read operation 
01-07 03:53:21.008   542   542 D QC-time-services: Daemon:Unable to open filefor read
01-07 03:53:21.008   542   542 D QC-time-services: Daemon:genoff_post_init:Error in accessing storage
01-07 03:53:21.008   542   542 D QC-time-services: Daemon:genoff_pre_init::Base = 5
01-07 03:53:21.008   542   542 D QC-time-services: Daemon: Storage Name: ats_5 
01-07 03:53:21.008   542   542 D QC-time-services: Daemon:Opening File: /data/time/ats_5
01-07 03:53:21.008   542   542 D QC-time-services: Daemon:time_persistent_memory_opr:Genoff Read operation 
01-07 03:53:21.008   542   542 D QC-time-services: Daemon:Unable to open filefor read
01-07 03:53:21.008   542   542 D QC-time-services: Daemon:genoff_post_init:Error in accessing storage
01-07 03:53:21.008   542   542 D QC-time-services: Daemon:genoff_pre_init::Base = 6
01-07 03:53:21.008   542   542 D QC-time-services: Daemon: Storage Name: ats_6 
01-07 03:53:21.008   542   542 D QC-time-services: Daemon:Opening File: /data/time/ats_6
01-07 03:53:21.008   542   542 D QC-time-services: Daemon:time_persistent_memory_opr:Genoff Read operation 
01-07 03:53:21.008   542   542 D QC-time-services: Daemon:Unable to open filefor read
01-07 03:53:21.008   542   542 D QC-time-services: Daemon:genoff_post_init:Error in accessing storage
01-07 03:53:21.008   542   542 D QC-time-services: Daemon:genoff_pre_init::Base = 7
01-07 03:53:21.008   542   542 D QC-time-services: Daemon: Storage Name: ats_7 
01-07 03:53:21.008   542   542 D QC-time-services: Daemon:Opening File: /data/time/ats_7
01-07 03:53:21.008   542   542 D QC-time-services: Daemon:time_persistent_memory_opr:Genoff Read operation 
01-07 03:53:21.008   542   542 D QC-time-services: Daemon:Unable to open filefor read
01-07 03:53:21.008   542   542 D QC-time-services: Daemon:genoff_post_init:Error in accessing storage
01-07 03:53:21.008   542   542 D QC-time-services: Daemon:genoff_pre_init::Base = 8
01-07 03:53:21.008   542   542 D QC-time-services: Daemon: Storage Name: ats_8 
01-07 03:53:21.008   542   542 D QC-time-services: Daemon:Opening File: /data/time/ats_8
01-07 03:53:21.008   542   542 D QC-time-services: Daemon:time_persistent_memory_opr:Genoff Read operation 
01-07 03:53:21.008   542   542 D QC-time-services: Daemon:Unable to open filefor read
01-07 03:53:21.008   542   542 D QC-time-services: Daemon:genoff_post_init:Error in accessing storage
01-07 03:53:21.008   542   542 D QC-time-services: Daemon:genoff_pre_init::Base = 9
01-07 03:53:21.009   542   542 D QC-time-services: Daemon: Storage Name: ats_9 
01-07 03:53:21.009   542   542 D QC-time-services: Daemon:Opening File: /data/time/ats_9
01-07 03:53:21.009   542   542 D QC-time-services: Daemon:time_persistent_memory_opr:Genoff Read operation 
01-07 03:53:21.009   542   542 D QC-time-services: Daemon:Unable to open filefor read
01-07 03:53:21.009   542   542 D QC-time-services: Daemon:genoff_post_init:Error in accessing storage
01-07 03:53:21.009   542   542 D QC-time-services: Daemon:genoff_pre_init::Base = 10
01-07 03:53:21.009   542   542 D QC-time-services: Daemon: Storage Name: ats_10 
01-07 03:53:21.009   542   542 D QC-time-services: Daemon:Opening File: /data/time/ats_10
01-07 03:53:21.009   542   542 D QC-time-services: Daemon:time_persistent_memory_opr:Genoff Read operation 
01-07 03:53:21.009   542   542 D QC-time-services: Daemon:Unable to open filefor read
01-07 03:53:21.009   542   542 D QC-time-services: Daemon:genoff_post_init:Error in accessing storage
01-07 03:53:21.009   542   542 D QC-time-services: Daemon:genoff_pre_init::Base = 11
01-07 03:53:21.009   542   542 D QC-time-services: Daemon: Storage Name: ats_11 
01-07 03:53:21.009   542   542 D QC-time-services: Daemon:Opening File: /data/time/ats_11
01-07 03:53:21.009   542   542 D QC-time-services: Daemon:time_persistent_memory_opr:Genoff Read operation 
01-07 03:53:21.009   542   542 D QC-time-services: Daemon:Unable to open filefor read
01-07 03:53:21.009   542   542 D QC-time-services: Daemon:genoff_post_init:Error in accessing storage
01-07 03:53:21.009   542   542 D QC-time-services: Daemon:genoff_pre_init::Base = 12
01-07 03:53:21.009   542   542 D QC-time-services: Daemon: Storage Name: ats_12 
01-07 03:53:21.009   542   542 D QC-time-services: Daemon:Opening File: /data/time/ats_12
01-07 03:53:21.009   542   542 D QC-time-services: Daemon:time_persistent_memory_opr:Genoff Read operation 
01-07 03:53:21.009   542   542 D QC-time-services: Daemon:Unable to open filefor read
01-07 03:53:21.009   542   542 D QC-time-services: Daemon:genoff_post_init:Error in accessing storage
01-07 03:53:21.009   542   542 D QC-time-services: Daemon:genoff_pre_init::Base = 13
01-07 03:53:21.009   542   542 D QC-time-services: Daemon: Storage Name: ats_13 
01-07 03:53:21.009   542   542 D QC-time-services: Daemon:Opening File: /data/time/ats_13
01-07 03:53:21.009   542   542 D QC-time-services: Daemon:time_persistent_memory_opr:Genoff Read operation 
01-07 03:53:21.009   542   542 D QC-time-services: Daemon:Unable to open filefor read
01-07 03:53:21.009   542   542 D QC-time-services: Daemon:genoff_post_init:Error in accessing storage
01-07 03:53:21.009   542   542 D QC-time-services: Daemon:genoff_pre_init::Base = 14
01-07 03:53:21.009   542   542 D QC-time-services: Daemon: Storage Name: ats_14 
01-07 03:53:21.009   542   542 D QC-time-services: Daemon:Opening File: /data/time/ats_14
01-07 03:53:21.009   542   542 D QC-time-services: Daemon:time_persistent_memory_opr:Genoff Read operation 
01-07 03:53:21.010   513   513 E ThermalEngine: Daemon : persist.sys.thermald_miti_off = 
01-07 03:53:21.010   513   513 E ThermalEngine: Daemon : ro.lge.panel_type = 0
01-07 03:53:21.010   513   513 I ThermalEngine: devices_manager_init: Init
01-07 03:53:21.011   566   566 I thermal-engine: type=1400 audit(0.0:154): avc: denied { create } for scontext=u:r:init:s0 tcontext=u:r:init:s0 tclass=socket permissive=1
01-07 03:53:21.011   566   566 I thermal-engine: type=1400 audit(0.0:155): avc: denied { ioctl } for path="socket:[14282]" dev="sockfs" ino=14282 ioctlcmd=c304 scontext=u:r:init:s0 tcontext=u:r:init:s0 tclass=socket permissive=1
01-07 03:53:21.011   513   513 I ThermalEngine: Number of gpus :1
01-07 03:53:21.011   513   513 I Thermal-IOCTL: KTM IOCTL interface "/dev/msm_thermal_query" opened
01-07 03:53:21.011   513   513 E ThermalEngine: update_cpu_topology: Cluster Info[0]. Cluster Id: 0 cpu_bits:0xf sync:1
01-07 03:53:21.011   513   513 E ThermalEngine: update_cpu_topology: Cluster Info[1]. Cluster Id: 1 cpu_bits:0x30 sync:1
01-07 03:53:21.011   508   508 E Diag_Lib:  Diag_LSM_Init: Failed to open handle to diag driver, error = 2
01-07 03:53:21.011   508   508 E Diag_Lib: qpLogDiagInit <== result : 0
01-07 03:53:21.011   508   508 E Diag_Lib: QMID : gIsQXDMDisabled 0, gIsADBDisabled 1, gIsDebugDisabled 0, gIsIMSLogsDisabled 0
01-07 03:53:21.011   508   508 E Diag_Lib:  Diag_LSM_Init: Failed to open handle to diag driver, error = 2
01-07 03:53:21.011   508   508 E Diag_Lib: qpLogDiagInit <== result : 0
01-07 03:53:21.011   508   508 E Diag_Lib: QMID : gIsQXDMDisabled 0, gIsADBDisabled 1, gIsDebugDisabled 0, gIsIMSLogsDisabled 0
01-07 03:53:21.011   508   508 E Diag_Lib:  Diag_LSM_Init: Failed to open handle to diag driver, error = 2
01-07 03:53:21.011   508   508 E Diag_Lib: qpLogDiagInit <== result : 0
01-07 03:53:21.011   508   508 E Diag_Lib: QMID : gIsQXDMDisabled 0, gIsADBDisabled 1, gIsDebugDisabled 0, gIsIMSLogsDisabled 0
01-07 03:53:21.011   513   513 I ThermalEngine: vdd_rstr_init: Init KTM VDD RSTR enabled: 0
01-07 03:53:21.011   513   513 I ThermalEngine: sensors_manager_init: Init
01-07 03:53:21.014   513   566 E Diag_Lib:  Diag_LSM_Init: Failed to open handle to diag driver, error = 2
01-07 03:53:21.023   539   539 I sensors.qcom: type=1400 audit(0.0:156): avc: denied { block_suspend } for capability=36 scontext=u:r:init:s0 tcontext=u:r:init:s0 tclass=capability2 permissive=1
01-07 03:53:21.026   539   539 E Sensors : sns_debug_set_dbg_str_mask: Setting log level to 5
01-07 03:53:21.026   539   539 E Diag_Lib:  Diag_LSM_Init: Failed to open handle to diag driver, error = 2
01-07 03:53:21.034   513   513 I ThermalEngine: Loading config file for virtual sensor
01-07 03:53:21.034   513   513 I ThermalEngine: Loading configuration file /system/etc/thermal-engine-8992.conf
01-07 03:53:21.035   513   513 I thermal-engine: type=1400 audit(0.0:157): avc: denied { unlink } for name="thermal-send-client" dev="tmpfs" ino=13914 scontext=u:r:init:s0 tcontext=u:object_r:socket_device:s0 tclass=sock_file permissive=1
01-07 03:53:21.035   513   513 I ThermalEngine: Parsing section global
01-07 03:53:21.035   513   513 I ThermalEngine: Found field 'sampling'
01-07 03:53:21.035   513   513 I ThermalEngine: Found field 'c_mode'
01-07 03:53:21.035   513   513 I ThermalEngine: Found field 'lcd_adjust_thresh'
01-07 03:53:21.035   513   513 I ThermalEngine: Found field 'lcd_adjust_max_level'
01-07 03:53:21.036   513   513 E ThermalEngine: virtual_sensors_init: Error getting virtual sensors set
01-07 03:53:21.036   513   513 I ThermalEngine: Loading configuration file /system/etc/thermal-engine-8992.conf
01-07 03:53:21.036   513   513 I ThermalEngine: Parsing section global
01-07 03:53:21.036   513   513 I ThermalEngine: Found field 'sampling'
01-07 03:53:21.036   513   513 I ThermalEngine: Found field 'c_mode'
01-07 03:53:21.036   513   513 I ThermalEngine: Found field 'lcd_adjust_thresh'
01-07 03:53:21.036   513   513 I ThermalEngine: Found field 'lcd_adjust_max_level'
01-07 03:53:21.036   513   513 I ThermalEngine: Created section 'LITTLE_CLUSTER_management'
01-07 03:53:21.036   513   513 I ThermalEngine: Algo Type 'monitor'
01-07 03:53:21.036   513   513 I ThermalEngine: Parsing section LITTLE_CLUSTER_management
01-07 03:53:21.036   513   513 I ThermalEngine: Found field 'sensor'
01-07 03:53:21.036   513   513 I ThermalEngine: Found field 'sampling'
01-07 03:53:21.036   513   513 I ThermalEngine: Found field 'thresholds'
01-07 03:53:21.036   513   513 I ThermalEngine: Found field 'thresholds_clr'
01-07 03:53:21.036   513   513 I ThermalEngine: Found field 'actions'
01-07 03:53:21.036   513   513 I ThermalEngine: Found field 'action_info'
01-07 03:53:21.036   513   513 E ThermalEngine: get_max_action_info: can't read CLUSTER0_MAX max val
01-07 03:53:21.036   513   513 E ThermalEngine: parse_action_info: Found CLUSTER0_MAX: 1248000
01-07 03:53:21.037   513   513 I ThermalEngine: Found field 'action_type'
01-07 03:53:21.037   513   513 I ThermalEngine: Created section 'SS-BIG_CLUSTER_management'
01-07 03:53:21.037   513   513 I ThermalEngine: Algo Type 'monitor'
01-07 03:53:21.037   513   513 I ThermalEngine: Parsing section SS-BIG_CLUSTER_management
01-07 03:53:21.037   513   513 I ThermalEngine: Found field 'sampling'
01-07 03:53:21.037   513   513 I ThermalEngine: Found field 'sensor'
01-07 03:53:21.037   513   513 I ThermalEngine: Found field 'thresholds'
01-07 03:53:21.037   513   513 I ThermalEngine: Found field 'thresholds_clr'
01-07 03:53:21.037   513   513 I ThermalEngine: Found field 'actions'
01-07 03:53:21.037   513   513 I ThermalEngine: Found field 'action_info'
01-07 03:53:21.037   513   513 E ThermalEngine: get_max_action_info: can't read CLUSTER1_MAX max val
01-07 03:53:21.037   513   513 E ThermalEngine: parse_action_info: Found CLUSTER1_MAX: 1248000
01-07 03:53:21.037   513   513 I ThermalEngine: Found field 'action_type'
01-07 03:53:21.037   513   513 I ThermalEngine: Created section 'SS-GPU_management'
01-07 03:53:21.037   513   513 I ThermalEngine: Algo Type 'monitor'
01-07 03:53:21.037   513   513 I ThermalEngine: Parsing section SS-GPU_management
01-07 03:53:21.037   513   513 I ThermalEngine: Found field 'sensor'
01-07 03:53:21.037   513   513 I ThermalEngine: Found field 'sampling'
01-07 03:53:21.037   513   513 I ThermalEngine: Found field 'thresholds'
01-07 03:53:21.037   513   513 I ThermalEngine: Found field 'thresholds_clr'
01-07 03:53:21.037   513   513 I ThermalEngine: Found field 'actions'
01-07 03:53:21.037   513   513 I ThermalEngine: Found field 'action_info'
01-07 03:53:21.037   513   513 E ThermalEngine: get_max_action_info: can't read GPU_MAX max val
01-07 03:53:21.037   513   513 E ThermalEngine: parse_action_info: Found GPU_MAX: 600000000
01-07 03:53:21.037   513   513 I ThermalEngine: Found field 'action_type'
01-07 03:53:21.037   513   513 I ThermalEngine: Created section 'LCD_management'
01-07 03:53:21.037   513   513 I ThermalEngine: Algo Type 'monitor'
01-07 03:53:21.037   513   513 I ThermalEngine: Parsing section LCD_management
01-07 03:53:21.037   513   513 I ThermalEngine: Found field 'sensor'
01-07 03:53:21.037   513   513 I ThermalEngine: Found field 'sampling'
01-07 03:53:21.037   513   513 I ThermalEngine: Found field 'thresholds'
01-07 03:53:21.037   513   513 I ThermalEngine: Found field 'thresholds_clr'
01-07 03:53:21.037   513   513 I ThermalEngine: Found field 'actions'
01-07 03:53:21.037   513   513 I ThermalEngine: Found field 'action_info'
01-07 03:53:21.037   513   513 I ThermalEngine: Found field 'action_type'
01-07 03:53:21.037   513   513 I ThermalEngine: Created section 'battery_monitor'
01-07 03:53:21.037   513   513 I ThermalEngine: Algo Type 'monitor'
01-07 03:53:21.037   513   513 I ThermalEngine: Parsing section battery_monitor
01-07 03:53:21.037   513   513 I ThermalEngine: Found field 'sensor'
01-07 03:53:21.038   513   513 I ThermalEngine: Found field 'sampling'
01-07 03:53:21.038   513   513 I ThermalEngine: Found field 'thresholds'
01-07 03:53:21.038   513   513 I ThermalEngine: Found field 'thresholds_clr'
01-07 03:53:21.038   513   513 I ThermalEngine: Found field 'actions'
01-07 03:53:21.038   513   513 I ThermalEngine: Found field 'action_info'
01-07 03:53:21.038   513   513 I ThermalEngine: Created section 'qc20_battery_monitor'
01-07 03:53:21.038   513   513 I ThermalEngine: Algo Type 'monitor'
01-07 03:53:21.038   513   513 I ThermalEngine: Parsing section qc20_battery_monitor
01-07 03:53:21.038   513   513 I ThermalEngine: Found field 'sensor'
01-07 03:53:21.038   513   513 I ThermalEngine: Found field 'sampling'
01-07 03:53:21.038   513   513 I ThermalEngine: Found field 'thresholds'
01-07 03:53:21.038   513   513 I ThermalEngine: Found field 'thresholds_clr'
01-07 03:53:21.038   513   513 I ThermalEngine: Found field 'actions'
01-07 03:53:21.038   513   513 I ThermalEngine: Found field 'action_info'
01-07 03:53:21.038   513   513 I ThermalEngine: Created section 'wlchg_monitor'
01-07 03:53:21.038   513   513 I ThermalEngine: Algo Type 'monitor'
01-07 03:53:21.038   513   513 I ThermalEngine: Parsing section wlchg_monitor
01-07 03:53:21.038   513   513 I ThermalEngine: Found field 'sensor'
01-07 03:53:21.038   513   513 I ThermalEngine: Found field 'sampling'
01-07 03:53:21.038   513   513 I ThermalEngine: Found field 'thresholds'
01-07 03:53:21.038   513   513 I ThermalEngine: Found field 'thresholds_clr'
01-07 03:53:21.038   513   513 I ThermalEngine: Found field 'actions'
01-07 03:53:21.038   513   513 I ThermalEngine: Found field 'action_info'
01-07 03:53:21.038   513   513 I ThermalEngine: Created section 'SS-GPU12_JUNCTION'
01-07 03:53:21.038   513   513 I ThermalEngine: Algo Type 'ss'
01-07 03:53:21.038   513   513 I ThermalEngine: Parsing section SS-GPU12_JUNCTION
01-07 03:53:21.038   513   513 I ThermalEngine: Found field 'sampling'
01-07 03:53:21.038   513   513 I ThermalEngine: Found field 'sensor'
01-07 03:53:21.038   513   513 I ThermalEngine: Found field 'device'
01-07 03:53:21.038   513   513 I ThermalEngine: Found field 'set_point'
01-07 03:53:21.038   513   513 I ThermalEngine: Found field 'set_point_clr'
01-07 03:53:21.038   513   513 I ThermalEngine: Found field 'action_type'
01-07 03:53:21.038   513   513 I ThermalEngine: Created section 'SS-GPU11_JUNCTION'
01-07 03:53:21.038   513   513 I ThermalEngine: Algo Type 'ss'
01-07 03:53:21.038   513   513 I ThermalEngine: Parsing section SS-GPU11_JUNCTION
01-07 03:53:21.038   513   513 I ThermalEngine: Found field 'sampling'
01-07 03:53:21.038   513   513 I ThermalEngine: Found field 'sensor'
01-07 03:53:21.038   513   513 I ThermalEngine: Found field 'device'
01-07 03:53:21.038   513   513 I ThermalEngine: Found field 'set_point'
01-07 03:53:21.038   513   513 I ThermalEngine: Found field 'set_point_clr'
01-07 03:53:21.038   513   513 I ThermalEngine: Found field 'action_type'
01-07 03:53:21.038   513   513 I ThermalEngine: Created section 'SS-CPU0_JUNCTION'
01-07 03:53:21.038   513   513 I ThermalEngine: Algo Type 'ss'
01-07 03:53:21.038   513   513 I ThermalEngine: Parsing section SS-CPU0_JUNCTION
01-07 03:53:21.038   513   513 I ThermalEngine: Found field 'sampling'
01-07 03:53:21.038   513   513 I ThermalEngine: Found field 'sensor'
01-07 03:53:21.038   513   513 I ThermalEngine: Found field 'device'
01-07 03:53:21.038   513   513 I ThermalEngine: Found field 'set_point'
01-07 03:53:21.038   513   513 I ThermalEngine: Found field 'set_point_clr'
01-07 03:53:21.038   513   513 I ThermalEngine: Found field 'action_type'
01-07 03:53:21.038   513   513 I ThermalEngine: Created section 'SS-CPU2_JUNCTION'
01-07 03:53:21.039   513   513 I ThermalEngine: Algo Type 'ss'
01-07 03:53:21.039   513   513 I ThermalEngine: Parsing section SS-CPU2_JUNCTION
01-07 03:53:21.039   513   513 I ThermalEngine: Found field 'sampling'
01-07 03:53:21.039   513   513 I ThermalEngine: Found field 'sensor'
01-07 03:53:21.039   513   513 I ThermalEngine: Found field 'device'
01-07 03:53:21.039   513   513 I ThermalEngine: Found field 'set_point'
01-07 03:53:21.039   513   513 I ThermalEngine: Found field 'set_point_clr'
01-07 03:53:21.039   513   513 I ThermalEngine: Found field 'action_type'
01-07 03:53:21.039   556   556 E QSEECOMD: : Init dlopen(libsecureui.so, RLTD_NOW) is failed....
01-07 03:53:21.039   513   513 I ThermalEngine: Created section 'SS-CPU3_JUNCTION'
01-07 03:53:21.039   513   513 I ThermalEngine: Algo Type 'ss'
01-07 03:53:21.039   556   556 E QSEECOMD: : Listener: index = 3, hierarchy = 1
01-07 03:53:21.039   513   513 I ThermalEngine: Parsing section SS-CPU3_JUNCTION
01-07 03:53:21.039   513   513 I ThermalEngine: Found field 'sampling'
01-07 03:53:21.039   513   513 I ThermalEngine: Found field 'sensor'
01-07 03:53:21.039   513   513 I ThermalEngine: Found field 'device'
01-07 03:53:21.039   513   513 I ThermalEngine: Found field 'set_point'
