01-07 03:53:21.036   513   513 I ThermalEngine: Loading configuration file /system/etc/thermal-engine-8992.conf
01-07 03:53:21.036   513   513 I ThermalEngine: Parsing section global
01-07 03:53:21.036   513   513 I ThermalEngine: Found field 'sampling'
01-07 03:53:21.036   513   513 I ThermalEngine: Found field 'c_mode'
01-07 03:53:21.036   513   513 I ThermalEngine: Found field 'lcd_adjust_thresh'
01-07 03:53:21.036   513   513 I ThermalEngine: Found field 'lcd_adjust_max_level'
01-07 03:53:21.036   513   513 I ThermalEngine: Created section 'LITTLE_CLUSTER_management'
01-07 03:53:21.036   513   513 I ThermalEngine: Algo Type 'monitor'
01-07 03:53:21.036   513   513 I ThermalEngine: Parsing section LITTLE_CLUSTER_management
01-07 03:53:21.036   513   513 I ThermalEngine: Found field 'sensor'
01-07 03:53:21.036   513   513 I ThermalEngine: Found field 'sampling'
01-07 03:53:21.036   513   513 I ThermalEngine: Found field 'thresholds'
01-07 03:53:21.036   513   513 I ThermalEngine: Found field 'thresholds_clr'
01-07 03:53:21.036   513   513 I ThermalEngine: Found field 'actions'
01-07 03:53:21.036   513   513 I ThermalEngine: Found field 'action_info'
01-07 03:53:21.036   513   513 E ThermalEngine: get_max_action_info: can't read CLUSTER0_MAX max val
01-07 03:53:21.036   513   513 E ThermalEngine: parse_action_info: Found CLUSTER0_MAX: 1248000
01-07 03:53:21.037   513   513 I ThermalEngine: Found field 'action_type'
01-07 03:53:21.037   513   513 I ThermalEngine: Created section 'SS-BIG_CLUSTER_management'
01-07 03:53:21.037   513   513 I ThermalEngine: Algo Type 'monitor'
01-07 03:53:21.037   513   513 I ThermalEngine: Parsing section SS-BIG_CLUSTER_management
01-07 03:53:21.037   513   513 I ThermalEngine: Found field 'sampling'
01-07 03:53:21.037   513   513 I ThermalEngine: Found field 'sensor'
01-07 03:53:21.037   513   513 I ThermalEngine: Found field 'thresholds'
01-07 03:53:21.037   513   513 I ThermalEngine: Found field 'thresholds_clr'
01-07 03:53:21.037   513   513 I ThermalEngine: Found field 'actions'
01-07 03:53:21.037   513   513 I ThermalEngine: Found field 'action_info'
01-07 03:53:21.037   513   513 E ThermalEngine: get_max_action_info: can't read CLUSTER1_MAX max val
01-07 03:53:21.037   513   513 E ThermalEngine: parse_action_info: Found CLUSTER1_MAX: 1248000
01-07 03:53:21.037   513   513 I ThermalEngine: Found field 'action_type'
01-07 03:53:21.037   513   513 I ThermalEngine: Created section 'SS-GPU_management'
01-07 03:53:21.037   513   513 I ThermalEngine: Algo Type 'monitor'
01-07 03:53:21.037   513   513 I ThermalEngine: Parsing section SS-GPU_management
01-07 03:53:21.037   513   513 I ThermalEngine: Found field 'sensor'
01-07 03:53:21.037   513   513 I ThermalEngine: Found field 'sampling'
01-07 03:53:21.037   513   513 I ThermalEngine: Found field 'thresholds'
01-07 03:53:21.037   513   513 I ThermalEngine: Found field 'thresholds_clr'
01-07 03:53:21.037   513   513 I ThermalEngine: Found field 'actions'
01-07 03:53:21.037   513   513 I ThermalEngine: Found field 'action_info'
01-07 03:53:21.037   513   513 E ThermalEngine: get_max_action_info: can't read GPU_MAX max val
01-07 03:53:21.037   513   513 E ThermalEngine: parse_action_info: Found GPU_MAX: 600000000
01-07 03:53:21.037   513   513 I ThermalEngine: Found field 'action_type'
01-07 03:53:21.037   513   513 I ThermalEngine: Created section 'LCD_management'
01-07 03:53:21.037   513   513 I ThermalEngine: Algo Type 'monitor'
01-07 03:53:21.037   513   513 I ThermalEngine: Parsing section LCD_management
01-07 03:53:21.037   513   513 I ThermalEngine: Found field 'sensor'
01-07 03:53:21.037   513   513 I ThermalEngine: Found field 'sampling'
01-07 03:53:21.037   513   513 I ThermalEngine: Found field 'thresholds'
01-07 03:53:21.037   513   513 I ThermalEngine: Found field 'thresholds_clr'
01-07 03:53:21.037   513   513 I ThermalEngine: Found field 'actions'
01-07 03:53:21.037   513   513 I ThermalEngine: Found field 'action_info'
01-07 03:53:21.037   513   513 I ThermalEngine: Found field 'action_type'
01-07 03:53:21.037   513   513 I ThermalEngine: Created section 'battery_monitor'
01-07 03:53:21.037   513   513 I ThermalEngine: Algo Type 'monitor'
01-07 03:53:21.037   513   513 I ThermalEngine: Parsing section battery_monitor
01-07 03:53:21.037   513   513 I ThermalEngine: Found field 'sensor'
01-07 03:53:21.038   513   513 I ThermalEngine: Found field 'sampling'
01-07 03:53:21.038   513   513 I ThermalEngine: Found field 'thresholds'
01-07 03:53:21.038   513   513 I ThermalEngine: Found field 'thresholds_clr'
01-07 03:53:21.038   513   513 I ThermalEngine: Found field 'actions'
01-07 03:53:21.038   513   513 I ThermalEngine: Found field 'action_info'
01-07 03:53:21.038   513   513 I ThermalEngine: Created section 'qc20_battery_monitor'
01-07 03:53:21.038   513   513 I ThermalEngine: Algo Type 'monitor'
01-07 03:53:21.038   513   513 I ThermalEngine: Parsing section qc20_battery_monitor
01-07 03:53:21.038   513   513 I ThermalEngine: Found field 'sensor'
01-07 03:53:21.038   513   513 I ThermalEngine: Found field 'sampling'
01-07 03:53:21.038   513   513 I ThermalEngine: Found field 'thresholds'
01-07 03:53:21.038   513   513 I ThermalEngine: Found field 'thresholds_clr'
01-07 03:53:21.038   513   513 I ThermalEngine: Found field 'actions'
01-07 03:53:21.038   513   513 I ThermalEngine: Found field 'action_info'
01-07 03:53:21.038   513   513 I ThermalEngine: Created section 'wlchg_monitor'
01-07 03:53:21.038   513   513 I ThermalEngine: Algo Type 'monitor'
01-07 03:53:21.038   513   513 I ThermalEngine: Parsing section wlchg_monitor
01-07 03:53:21.038   513   513 I ThermalEngine: Found field 'sensor'
01-07 03:53:21.038   513   513 I ThermalEngine: Found field 'sampling'
01-07 03:53:21.038   513   513 I ThermalEngine: Found field 'thresholds'
01-07 03:53:21.038   513   513 I ThermalEngine: Found field 'thresholds_clr'
01-07 03:53:21.038   513   513 I ThermalEngine: Found field 'actions'
01-07 03:53:21.038   513   513 I ThermalEngine: Found field 'action_info'
01-07 03:53:21.038   513   513 I ThermalEngine: Created section 'SS-GPU12_JUNCTION'
01-07 03:53:21.038   513   513 I ThermalEngine: Algo Type 'ss'
01-07 03:53:21.038   513   513 I ThermalEngine: Parsing section SS-GPU12_JUNCTION
01-07 03:53:21.038   513   513 I ThermalEngine: Found field 'sampling'
01-07 03:53:21.038   513   513 I ThermalEngine: Found field 'sensor'
01-07 03:53:21.038   513   513 I ThermalEngine: Found field 'device'
01-07 03:53:21.038   513   513 I ThermalEngine: Found field 'set_point'
01-07 03:53:21.038   513   513 I ThermalEngine: Found field 'set_point_clr'
01-07 03:53:21.038   513   513 I ThermalEngine: Found field 'action_type'
01-07 03:53:21.038   513   513 I ThermalEngine: Created section 'SS-GPU11_JUNCTION'
01-07 03:53:21.038   513   513 I ThermalEngine: Algo Type 'ss'
01-07 03:53:21.038   513   513 I ThermalEngine: Parsing section SS-GPU11_JUNCTION
01-07 03:53:21.038   513   513 I ThermalEngine: Found field 'sampling'
01-07 03:53:21.038   513   513 I ThermalEngine: Found field 'sensor'
01-07 03:53:21.038   513   513 I ThermalEngine: Found field 'device'
01-07 03:53:21.038   513   513 I ThermalEngine: Found field 'set_point'
01-07 03:53:21.038   513   513 I ThermalEngine: Found field 'set_point_clr'
01-07 03:53:21.038   513   513 I ThermalEngine: Found field 'action_type'
01-07 03:53:21.038   513   513 I ThermalEngine: Created section 'SS-CPU0_JUNCTION'
01-07 03:53:21.038   513   513 I ThermalEngine: Algo Type 'ss'
01-07 03:53:21.038   513   513 I ThermalEngine: Parsing section SS-CPU0_JUNCTION
01-07 03:53:21.038   513   513 I ThermalEngine: Found field 'sampling'
01-07 03:53:21.038   513   513 I ThermalEngine: Found field 'sensor'
01-07 03:53:21.038   513   513 I ThermalEngine: Found field 'device'
01-07 03:53:21.038   513   513 I ThermalEngine: Found field 'set_point'
01-07 03:53:21.038   513   513 I ThermalEngine: Found field 'set_point_clr'
01-07 03:53:21.038   513   513 I ThermalEngine: Found field 'action_type'
01-07 03:53:21.038   513   513 I ThermalEngine: Created section 'SS-CPU2_JUNCTION'
01-07 03:53:21.039   513   513 I ThermalEngine: Algo Type 'ss'
01-07 03:53:21.039   513   513 I ThermalEngine: Parsing section SS-CPU2_JUNCTION
01-07 03:53:21.039   513   513 I ThermalEngine: Found field 'sampling'
01-07 03:53:21.039   513   513 I ThermalEngine: Found field 'sensor'
01-07 03:53:21.039   513   513 I ThermalEngine: Found field 'device'
01-07 03:53:21.039   513   513 I ThermalEngine: Found field 'set_point'
01-07 03:53:21.039   513   513 I ThermalEngine: Found field 'set_point_clr'
01-07 03:53:21.039   513   513 I ThermalEngine: Found field 'action_type'
01-07 03:53:21.039   556   556 E QSEECOMD: : Init dlopen(libsecureui.so, RLTD_NOW) is failed....
01-07 03:53:21.039   513   513 I ThermalEngine: Created section 'SS-CPU3_JUNCTION'
01-07 03:53:21.039   513   513 I ThermalEngine: Algo Type 'ss'
01-07 03:53:21.039   556   556 E QSEECOMD: : Listener: index = 3, hierarchy = 1
01-07 03:53:21.039   513   513 I ThermalEngine: Parsing section SS-CPU3_JUNCTION
01-07 03:53:21.039   513   513 I ThermalEngine: Found field 'sampling'
01-07 03:53:21.039   513   513 I ThermalEngine: Found field 'sensor'
01-07 03:53:21.039   513   513 I ThermalEngine: Found field 'device'
01-07 03:53:21.039   513   513 I ThermalEngine: Found field 'set_point'
01-07 03:53:21.039   513   513 I ThermalEngine: Found field 'set_point_clr'
01-07 03:53:21.039   513   513 I ThermalEngine: Found field 'action_type'
01-07 03:53:21.039   513   513 I ThermalEngine: Created section 'SS-CPU4'
01-07 03:53:21.039   513   513 I ThermalEngine: Algo Type 'ss'
01-07 03:53:21.039   513   513 I ThermalEngine: Parsing section SS-CPU4
01-07 03:53:21.039   513   513 I ThermalEngine: Found field 'sampling'
01-07 03:53:21.039   513   513 I ThermalEngine: Found field 'sensor'
01-07 03:53:21.039   513   513 I ThermalEngine: Found field 'device'
01-07 03:53:21.039   513   513 I ThermalEngine: Found field 'device_max_limit'
01-07 03:53:21.039   513   513 I ThermalEngine: Found field 'set_point'
01-07 03:53:21.039   513   513 I ThermalEngine: Found field 'set_point_clr'
01-07 03:53:21.039   513   513 I ThermalEngine: Found field 'action_type'
01-07 03:53:21.039   513   513 I ThermalEngine: Created section 'SS-CPU5'
01-07 03:53:21.039   513   513 I ThermalEngine: Algo Type 'ss'
01-07 03:53:21.039   513   513 I ThermalEngine: Parsing section SS-CPU5
01-07 03:53:21.039   513   513 I ThermalEngine: Found field 'sampling'
01-07 03:53:21.039   513   513 I ThermalEngine: Found field 'sensor'
01-07 03:53:21.039   513   513 I ThermalEngine: Found field 'device'
01-07 03:53:21.039   513   513 I ThermalEngine: Found field 'device_max_limit'
01-07 03:53:21.039   513   513 I ThermalEngine: Found field 'set_point'
01-07 03:53:21.039   513   513 I ThermalEngine: Found field 'set_point_clr'
01-07 03:53:21.039   513   513 I ThermalEngine: Found field 'action_type'
01-07 03:53:21.039   513   513 I ThermalEngine: Created section 'CPU4_HOTPLUG_MONITOR'
01-07 03:53:21.039   513   513 I ThermalEngine: Algo Type 'monitor'
01-07 03:53:21.039   513   513 I ThermalEngine: Parsing section CPU4_HOTPLUG_MONITOR
01-07 03:53:21.039   513   513 I ThermalEngine: Found field 'sampling'
01-07 03:53:21.039   513   513 I ThermalEngine: Found field 'sensor'
01-07 03:53:21.039   513   513 I ThermalEngine: Found field 'thresholds'
01-07 03:53:21.039   513   513 I ThermalEngine: Found field 'thresholds_clr'
01-07 03:53:21.039   513   513 I ThermalEngine: Found field 'actions'
01-07 03:53:21.039   513   513 I ThermalEngine: Found field 'action_info'
01-07 03:53:21.039   513   513 I ThermalEngine: Created section 'CPU5_HOTPLUG_MONITOR'
01-07 03:53:21.039   513   513 I ThermalEngine: Algo Type 'monitor'
01-07 03:53:21.039   513   513 I ThermalEngine: Parsing section CPU5_HOTPLUG_MONITOR
01-07 03:53:21.039   513   513 I ThermalEngine: Found field 'sampling'
01-07 03:53:21.039   513   513 I ThermalEngine: Found field 'sensor'
01-07 03:53:21.039   513   513 I ThermalEngine: Found field 'thresholds'
01-07 03:53:21.039   513   513 I ThermalEngine: Found field 'thresholds_clr'
01-07 03:53:21.039   513   513 I ThermalEngine: Found field 'actions'
01-07 03:53:21.040   513   513 I ThermalEngine: Found field 'action_info'
01-07 03:53:21.040   513   513 I ThermalEngine: pid_algo_init: No PID's to be configured.
01-07 03:53:21.040   513   513 I ThermalEngine: [CPU5_HOTPLUG_MONITOR]
01-07 03:53:21.040   513   513 I ThermalEngine: algo_type monitor
01-07 03:53:21.040   513   513 I ThermalEngine: sampling 1000
01-07 03:53:21.040   513   513 I ThermalEngine: sensor xo_therm
01-07 03:53:21.040   513   513 I ThermalEngine: thresholds 57000
01-07 03:53:21.040   513   513 I ThermalEngine: thresholds_clr 54000
01-07 03:53:21.040   513   513 I ThermalEngine: actions hotplug_5
01-07 03:53:21.040   513   513 I ThermalEngine: action_info 1
01-07 03:53:21.040   513   513 I ThermalEngine: [CPU4_HOTPLUG_MONITOR]
01-07 03:53:21.040   513   513 I ThermalEngine: algo_type monitor
01-07 03:53:21.040   513   513 I ThermalEngine: sampling 1000
01-07 03:53:21.040   513   513 I ThermalEngine: sensor xo_therm
01-07 03:53:21.040   513   513 I ThermalEngine: thresholds 59000
01-07 03:53:21.040   513   513 I ThermalEngine: thresholds_clr 56000
01-07 03:53:21.040   513   513 I ThermalEngine: actions hotplug_4
01-07 03:53:21.040   513   513 I ThermalEngine: action_info 1
01-07 03:53:21.040   513   513 I ThermalEngine: [wlchg_monitor]
01-07 03:53:21.040   513   513 I ThermalEngine: algo_type monitor
01-07 03:53:21.040   513   513 I ThermalEngine: sampling 10000
01-07 03:53:21.040   513   513 I ThermalEngine: sensor xo_therm
01-07 03:53:21.040   513   513 I ThermalEngine: thresholds 42000 48000 53000
01-07 03:53:21.040   513   513 I ThermalEngine: thresholds_clr 40000 45000 50000
01-07 03:53:21.040   513   513 I ThermalEngine: actions wlchg wlchg wlchg
01-07 03:53:21.040   513   513 I ThermalEngine: action_info 900 700 500
01-07 03:53:21.040   513   513 I ThermalEngine: [qc20_battery_monitor]
01-07 03:53:21.040   513   513 I ThermalEngine: algo_type monitor
01-07 03:53:21.040   513   513 I ThermalEngine: sampling 10000
01-07 03:53:21.040   513   513 I ThermalEngine: sensor xo_batt
01-07 03:53:21.040   513   513 I ThermalEngine: thresholds 48000 56000 58000
01-07 03:53:21.040   513   513 I ThermalEngine: thresholds_clr 46000 55000 57000
01-07 03:53:21.040   513   513 I ThermalEngine: actions battery_quick battery_quick battery_quick
01-07 03:53:21.040   513   513 I ThermalEngine: action_info 3000 600 300
01-07 03:53:21.040   513   513 I ThermalEngine: [battery_monitor]
01-07 03:53:21.040   513   513 I ThermalEngine: algo_type monitor
01-07 03:53:21.040   513   513 I ThermalEngine: sampling 10000
01-07 03:53:21.040   513   513 I ThermalEngine: sensor xo_batt
01-07 03:53:21.040   513   513 I ThermalEngine: thresholds 48000 56000 58000
01-07 03:53:21.041   513   513 I ThermalEngine: thresholds_clr 46000 55000 57000
01-07 03:53:21.041   513   513 I ThermalEngine: actions battery battery battery
01-07 03:53:21.041   513   513 I ThermalEngine: action_info 3000 600 300
01-07 03:53:21.041   513   513 I ThermalEngine: [LCD_management]
01-07 03:53:21.041   513   513 I ThermalEngine: algo_type monitor
01-07 03:53:21.041   513   513 I ThermalEngine: sampling 10000
01-07 03:53:21.041   513   513 I ThermalEngine: sensor xo_therm
01-07 03:53:21.041   513   513 I ThermalEngine: thresholds 44000 47000 50000 53000
01-07 03:53:21.041   513   513 I ThermalEngine: thresholds_clr 42000 45000 48000 51000
01-07 03:53:21.041   513   513 I ThermalEngine: actions lcd lcd lcd lcd
01-07 03:53:21.041   513   513 I ThermalEngine: action_info 255 232 208 183
01-07 03:53:21.041   513   513 I ThermalEngine: override 25000
01-07 03:53:21.041   513   513 I ThermalEngine: [SS-GPU_management]
01-07 03:53:21.041   513   513 I ThermalEngine: algo_type monitor
01-07 03:53:21.041   513   513 I ThermalEngine: sampling 10000
01-07 03:53:21.041   513   513 I ThermalEngine: sensor xo_therm
01-07 03:53:21.041   513   513 I ThermalEngine: thresholds 46000 48000 50000 53000 55000
01-07 03:53:21.041   513   513 I ThermalEngine: thresholds_clr 44500 46500 48500 51500 53500
01-07 03:53:21.041   513   513 I ThermalEngine: actions gpu gpu gpu gpu gpu
01-07 03:53:21.041   513   513 I ThermalEngine: action_info 600000000 490000000 450000000 367000000 300000000
01-07 03:53:21.041   513   513 I ThermalEngine: [SS-BIG_CLUSTER_management]
01-07 03:53:21.041   513   513 I ThermalEngine: algo_type monitor
01-07 03:53:21.041   513   513 I ThermalEngine: sampling 10000
01-07 03:53:21.041   513   513 I ThermalEngine: sensor xo_therm
01-07 03:53:21.041   513   513 I ThermalEngine: thresholds 43000 45000 48000 53000
01-07 03:53:21.041   513   513 I ThermalEngine: thresholds_clr 41000 43000 45000 48000
01-07 03:53:21.041   513   513 I ThermalEngine: actions cluster1 cluster1 cluster1 cluster1
01-07 03:53:21.041   513   513 I ThermalEngine: action_info 1248000 1440000 1248000 960000
01-07 03:53:21.041   513   513 I ThermalEngine: [LITTLE_CLUSTER_management]
01-07 03:53:21.041   513   513 I ThermalEngine: algo_type monitor
01-07 03:53:21.041   513   513 I ThermalEngine: sampling 10000
01-07 03:53:21.041   513   513 I ThermalEngine: sensor xo_therm
01-07 03:53:21.041   513   513 I ThermalEngine: thresholds 50000 53000 60000
01-07 03:53:21.041   513   513 I ThermalEngine: thresholds_clr 48000 51000 58000
01-07 03:53:21.041   513   513 I ThermalEngine: actions cluster0 cluster0 cluster0
01-07 03:53:21.041   513   513 I ThermalEngine: action_info 1248000 1248000 960000
01-07 03:53:21.041   513   513 I ThermalEngine: override 25000
01-07 03:53:21.041   513   513 I ThermalEngine: [VDD_RSTR_MONITOR-TSENS14]
01-07 03:53:21.041   513   513 I ThermalEngine: #algo_type monitor
01-07 03:53:21.041   513   513 I ThermalEngine: sampling 1000
01-07 03:53:21.041   513   513 I ThermalEngine: sensor tsens_tz_sensor14
01-07 03:53:21.041   513   513 I ThermalEngine: thresholds 5000
01-07 03:53:21.041   513   513 I ThermalEngine: thresholds_clr 10000
01-07 03:53:21.041   513   513 I ThermalEngine: actions vdd_restriction
01-07 03:53:21.041   513   513 I ThermalEngine: action_info 1
01-07 03:53:21.041   513   513 I ThermalEngine: descending
01-07 03:53:21.041   513   513 I ThermalEngine: [VDD_RSTR_MONITOR-TSENS13]
01-07 03:53:21.041   513   513 I ThermalEngine: #algo_type monitor
01-07 03:53:21.041   513   513 I ThermalEngine: sampling 1000
01-07 03:53:21.041   513   513 I ThermalEngine: sensor tsens_tz_sensor13
01-07 03:53:21.041   513   513 I ThermalEngine: thresholds 5000
01-07 03:53:21.041   513   513 I ThermalEngine: thresholds_clr 10000
01-07 03:53:21.041   513   513 I ThermalEngine: actions vdd_restriction
01-07 03:53:21.041   513   513 I ThermalEngine: action_info 1
01-07 03:53:21.042   513   513 I ThermalEngine: descending
01-07 03:53:21.042   513   513 I ThermalEngine: [VDD_RSTR_MONITOR-TSENS12]
01-07 03:53:21.042   513   513 I ThermalEngine: #algo_type monitor
01-07 03:53:21.042   513   513 I ThermalEngine: sampling 1000
01-07 03:53:21.042   513   513 I ThermalEngine: sensor tsens_tz_sensor12
01-07 03:53:21.042   513   513 I ThermalEngine: thresholds 5000
01-07 03:53:21.042   513   513 I ThermalEngine: thresholds_clr 10000
01-07 03:53:21.042   513   513 I ThermalEngine: actions vdd_restriction
01-07 03:53:21.042   513   513 I ThermalEngine: action_info 1
01-07 03:53:21.042   513   513 I ThermalEngine: descending
01-07 03:53:21.042   513   513 I ThermalEngine: [VDD_RSTR_MONITOR-TSENS11]
01-07 03:53:21.042   513   513 I ThermalEngine: #algo_type monitor
01-07 03:53:21.042   513   513 I ThermalEngine: sampling 1000
01-07 03:53:21.042   513   513 I ThermalEngine: sensor tsens_tz_sensor11
01-07 03:53:21.042   513   513 I ThermalEngine: thresholds 5000
01-07 03:53:21.042   513   513 I ThermalEngine: thresholds_clr 10000
01-07 03:53:21.042   513   513 I ThermalEngine: actions vdd_restriction
01-07 03:53:21.042   513   513 I ThermalEngine: action_info 1
01-07 03:53:21.042   513   513 I ThermalEngine: descending
01-07 03:53:21.047   542   542 W time_daemon: type=1400 audit(0.0:158): avc: granted { read } for name="rtc0" dev="tmpfs" ino=11184 scontext=u:r:init:s0 tcontext=u:object_r:rtc_device:s0 tclass=chr_file
01-07 03:53:21.047   542   542 W time_daemon: type=1400 audit(0.0:159): avc: granted { read open } for path="/dev/rtc0" dev="tmpfs" ino=11184 scontext=u:r:init:s0 tcontext=u:object_r:rtc_device:s0 tclass=chr_file
01-07 03:53:21.047   542   542 W time_daemon: type=1400 audit(0.0:160): avc: granted { read } for name="rtc0" dev="tmpfs" ino=11184 scontext=u:r:init:s0 tcontext=u:object_r:rtc_device:s0 tclass=chr_file
01-07 03:53:21.047   542   542 W time_daemon: type=1400 audit(0.0:161): avc: granted { read open } for path="/dev/rtc0" dev="tmpfs" ino=11184 scontext=u:r:init:s0 tcontext=u:object_r:rtc_device:s0 tclass=chr_file
01-07 03:53:21.047   542   542 I time_daemon: type=1400 audit(0.0:162): avc: denied { write } for name="alarm" dev="tmpfs" ino=1893 scontext=u:r:init:s0 tcontext=u:object_r:alarm_device:s0 tclass=chr_file permissive=1
01-07 03:53:21.049   542   542 D QC-time-services: Daemon:Unable to open filefor read
01-07 03:53:21.049   542   542 D QC-time-services: Daemon:genoff_post_init:Error in accessing storage
01-07 03:53:21.049   542   542 D QC-time-services: Daemon:genoff_init_config: Other bases initilized, exiting genoff_init
01-07 03:53:21.049   542   542 D QC-time-services: Daemon:rtc_get: Time read from RTC -- MM/DD/YY HH:MM:SS0/7/115 3:53:20
01-07 03:53:21.050   542   542 D QC-time-services: Daemon:genoff_opr: Base = 1, val = 0, operation = 1
01-07 03:53:21.050   542   542 D QC-time-services: Daemon: genoff get for 1
01-07 03:53:21.050   542   542 D QC-time-services: Daemon:rtc_get: Time read from RTC -- MM/DD/YY HH:MM:SS0/7/115 3:53:20
01-07 03:53:21.050   542   542 D QC-time-services: Daemon:Value read from RTC seconds = 1420602800000
01-07 03:53:21.050   542   542 D QC-time-services: Daemon:Value read from generic offset = 0
01-07 03:53:21.050   542   542 D QC-time-services: Daemon:Final Time = 1420602800000
01-07 03:53:21.050   542   542 D QC-time-services: Daemon:genoff_boot_tod_init: Setting system time to sec =1420602800, nsec =0
01-07 03:53:20.530   767   767 W dex2oat : Using default instruction set features for ARM CPU variant (default) using conservative defaults
01-07 03:53:20.531   767   767 W dex2oat : Skipping non-existent dex file '/system/framework/telephony-ext.jar'
01-07 03:53:20.531   770   770 W dex2oat : Skipping non-existent dex file '/system/framework/telephony-ext.jar'
01-07 03:53:20.531   767   767 I dex2oat : /system/bin/dex2oat --image=/data/dalvik-cache/arm/system@framework@boot.art --dex-file=/system/framework/core-oj.jar --dex-file=/system/framework/core-libart.jar --dex-file=/system/framework/conscrypt.jar --dex-file=/system/framework/okhttp.jar --dex-file=/system/framework/legacy-test.jar --dex-file=/system/framework/bouncycastle.jar --dex-file=/system/framework/ext.jar --dex-file=/system/framework/framework.jar --dex-file=/system/framework/telephony-common.jar --dex-file=/system/framework/voip-common.jar --dex-file=/system/framework/ims-common.jar --dex-file=/system/framework/apache-xml.jar --dex-file=/system/framework/org.apache.http.legacy.boot.jar --dex-file=/system/framework/android.hidl.base-V1.0-java.jar --dex-file=/system/framework/android.hidl.manager-V1.0-java.jar --dex-file=/system/framework/telephony-ext.jar --oat-file=/data/dalvik-cache/arm/system@framework@boot.oat --instruction-set=arm --instruction-set-features=div,atomic_ldrd_strd,-armv8a --base=0x705e4000 --runtime-arg -Xms64m --runtime-ar
01-07 03:53:20.531   770   770 I dex2oat : /system/bin/dex2oat --image=/data/dalvik-cache/arm64/system@framework@boot.art --dex-file=/system/framework/core-oj.jar --dex-file=/system/framework/core-libart.jar --dex-file=/system/framework/conscrypt.jar --dex-file=/system/framework/okhttp.jar --dex-file=/system/framework/legacy-test.jar --dex-file=/system/framework/bouncycastle.jar --dex-file=/system/framework/ext.jar --dex-file=/system/framework/framework.jar --dex-file=/system/framework/telephony-common.jar --dex-file=/system/framework/voip-common.jar --dex-file=/system/framework/ims-common.jar --dex-file=/system/framework/apache-xml.jar --dex-file=/system/framework/org.apache.http.legacy.boot.jar --dex-file=/system/framework/android.hidl.base-V1.0-java.jar --dex-file=/system/framework/android.hidl.manager-V1.0-java.jar --dex-file=/system/framework/telephony-ext.jar --oat-file=/data/dalvik-cache/arm64/system@framework@boot.oat --instruction-set=arm64 --instruction-set-features=a53 --base=0x6ff31000 --runtime-arg -Xms64m --runtime-arg -Xmx64m --image-c
01-07 03:53:20.605   767   767 I dex2oat : setting boot class path to /system/framework/core-oj.jar:/system/framework/core-libart.jar:/system/framework/conscrypt.jar:/system/framework/okhttp.jar:/system/framework/legacy-test.jar:/system/framework/bouncycastle.jar:/system/framework/ext.jar:/system/framework/framework.jar:/system/framework/telephony-common.jar:/system/framework/voip-common.jar:/system/framework/ims-common.jar:/system/framework/apache-xml.jar:/system/framework/org.apache.http.legacy.boot.jar:/system/framework/android.hidl.base-V1.0-java.jar:/system/framework/android.hidl.manager-V1.0-java.jar
01-07 03:53:20.605   770   770 I dex2oat : setting boot class path to /system/framework/core-oj.jar:/system/framework/core-libart.jar:/system/framework/conscrypt.jar:/system/framework/okhttp.jar:/system/framework/legacy-test.jar:/system/framework/bouncycastle.jar:/system/framework/ext.jar:/system/framework/framework.jar:/system/framework/telephony-common.jar:/system/framework/voip-common.jar:/system/framework/ims-common.jar:/system/framework/apache-xml.jar:/system/framework/org.apache.http.legacy.boot.jar:/system/framework/android.hidl.base-V1.0-java.jar:/system/framework/android.hidl.manager-V1.0-java.jar
01-07 03:53:20.702   533   787 I /system/bin/storaged: storaged: Start
01-07 03:53:20.731   529   529 I mediametrics: ServiceManager: 0x7d75632680
01-07 03:53:20.731   529   529 D MediaAnalyticsService: MediaAnalyticsService created
01-07 03:53:20.731   529   529 D MediaAnalyticsService: MediaAnalyticsService::newSummarizerSet
01-07 03:53:20.785   784   784 E Diag_Lib:  Diag_LSM_Init: Failed to open handle to diag driver, error = 2
01-07 03:53:20.786   784   784 I chatty  : uid=1001(radio) /system/bin/qmuxd identical 1 line
01-07 03:53:20.828   784   784 E Diag_Lib:  Diag_LSM_Init: Failed to open handle to diag driver, error = 2
01-07 03:53:20.865   534   534 I /vendor/bin/hw/android.hardware.media.omx@1.0-service: mediacodecservice starting
01-07 03:53:20.912   534   534 W /vendor/bin/hw/android.hardware.media.omx@1.0-service: Could not read additional policy file '/vendor/etc/seccomp_policy/mediacodec.policy'
01-07 03:53:20.912   534   534 W /vendor/bin/hw/android.hardware.media.omx@1.0-service: libminijail[534]: allowing syscall: clock_gettime
01-07 03:53:20.912   534   534 W /vendor/bin/hw/android.hardware.media.omx@1.0-service: libminijail[534]: allowing syscall: connect
01-07 03:53:20.912   534   534 W /vendor/bin/hw/android.hardware.media.omx@1.0-service: libminijail[534]: allowing syscall: fcntl64
01-07 03:53:20.913   534   534 W /vendor/bin/hw/android.hardware.media.omx@1.0-service: libminijail[534]: allowing syscall: socket
01-07 03:53:20.913   534   534 W /vendor/bin/hw/android.hardware.media.omx@1.0-service: libminijail[534]: allowing syscall: writev
01-07 03:53:20.913   534   534 W /vendor/bin/hw/android.hardware.media.omx@1.0-service: libminijail[534]: logging seccomp filter failures
01-07 03:53:20.915   534   534 I /vendor/bin/hw/android.hardware.media.omx@1.0-service: Non-Treble OMX service created.
01-07 03:53:20.933   528   528 V MediaUtils: physMem: 2948435968
01-07 03:53:20.933   528   528 V MediaUtils: requested limit: 589687180
01-07 03:53:20.933   528   528 V MediaUtils: actual limit: 589687180
01-07 03:53:20.933   528   528 V MediaUtils: original limits: -1/-1
01-07 03:53:20.933   528   528 V MediaUtils: new limits: 589687180/-1
01-07 03:53:20.933   528   528 I vndksupport: sphal namespace is not configured for this process. Loading libutils.so from the current namespace instead.
01-07 03:53:20.942   528   528 W /system/bin/mediaextractor: Could not read additional policy file '/vendor/etc/seccomp_policy/mediaextractor.policy'
01-07 03:53:20.942   528   528 W /system/bin/mediaextractor: libminijail[528]: allowing syscall: connect
01-07 03:53:20.942   528   528 W /system/bin/mediaextractor: libminijail[528]: allowing syscall: fcntl
01-07 03:53:20.942   528   528 W /system/bin/mediaextractor: libminijail[528]: allowing syscall: sendto
01-07 03:53:20.942   528   528 W /system/bin/mediaextractor: libminijail[528]: allowing syscall: socket
01-07 03:53:20.942   528   528 W /system/bin/mediaextractor: libminijail[528]: allowing syscall: writev
01-07 03:53:20.942   528   528 W /system/bin/mediaextractor: libminijail[528]: compile_file: nonexistent syscall '_llseek'
01-07 03:53:20.948   528   528 W /system/bin/mediaextractor: libminijail[528]: logging seccomp filter failures
01-07 03:53:20.953   531   531 I Netd    : Creating child chains: 827.7ms
01-07 03:53:20.953   531   531 I Netd    : Setting up OEM hooks: 0.2ms
01-07 03:53:20.962   531   531 I Netd    : Setting up FirewallController hooks: 8.6ms
01-07 03:53:20.963   530   530 I mediaserver: ServiceManager: 0xf3a17540
01-07 03:53:20.973   531   531 I Netd    : Setting up NatController hooks: 11.0ms
01-07 03:53:20.976   531   531 I Netd    : Setting up BandwidthController hooks: 3.5ms
01-07 03:53:20.976   531   531 I Netd    : Setting up IdletimerController hooks: 0.1ms
01-07 03:53:20.987   531   531 I Netd    : Disabling bandwidth control: 10.9ms
01-07 03:53:20.989   799   799 E Diag_Lib:  Diag_LSM_Init: Failed to open handle to diag driver, error = 2
01-07 03:53:20.989   531   531 E Netd    : Error adding route 0.0.0.0/0 -> (null) dummy0 to table 1002: File exists
01-07 03:53:20.989   531   531 I Netd    : Initializing RouteController: 1.7ms
01-07 03:53:20.992   531   531 D MDnsDS  : MDnsSdListener::Hander starting up
01-07 03:53:20.994   531   531 I Netd    : Registering NetdNativeService: 1.1ms
01-07 03:53:20.994   531   531 I Netd    : Starting CommandListener: 0.2ms
01-07 03:53:20.999   531   812 D MDnsDS  : MDnsSdListener starting to monitor
01-07 03:53:20.999   531   812 D MDnsDS  : Going to poll with pollCount 1
01-07 03:53:21.007   530   530 W BatteryNotifier: batterystats service unavailable!
01-07 03:53:21.019   520   520 I FastMixerState: sMaxFastTracks = 8
01-07 03:53:21.020   520   520 I audioserver: ServiceManager: 0xed1174a0
01-07 03:53:21.020   520   520 W BatteryNotifier: batterystats service unavailable!
01-07 03:53:21.036   522   522 I cameraserver: ServiceManager: 0xf27974e0
01-07 03:53:21.036   522   522 I CameraService: CameraService started (pid=522)
01-07 03:53:21.036   522   522 I CameraService: CameraService process starting
01-07 03:53:21.037   522   522 W BatteryNotifier: batterystats service unavailable!
01-07 03:53:21.037   522   522 W BatteryNotifier: batterystats service unavailable!
01-07 03:53:21.055   820   820 I ueventd : type=1400 audit(0.0:203): avc: denied { search } for name="/" dev="mmcblk0p1" ino=1 scontext=u:r:ueventd:s0 tcontext=u:object_r:firmware_file:s0 tclass=dir permissive=1
01-07 03:53:21.055   820   820 I ueventd : type=1400 audit(0.0:204): avc: denied { read } for name="modem.b06" dev="mmcblk0p1" ino=44 scontext=u:r:ueventd:s0 tcontext=u:object_r:firmware_file:s0 tclass=file permissive=1
01-07 03:53:21.055   820   820 I ueventd : type=1400 audit(0.0:205): avc: denied { open } for path="/firmware/image/modem.b06" dev="mmcblk0p1" ino=44 scontext=u:r:ueventd:s0 tcontext=u:object_r:firmware_file:s0 tclass=file permissive=1
01-07 03:53:21.055   820   820 I ueventd : type=1400 audit(0.0:206): avc: denied { getattr } for path="/firmware/image/modem.b06" dev="mmcblk0p1" ino=44 scontext=u:r:ueventd:s0 tcontext=u:object_r:firmware_file:s0 tclass=file permissive=1
01-07 03:53:21.122   545   545 W /system/bin/gatekeeperd: Waited for hwservicemanager.ready for a second, waiting another...
01-07 03:53:21.145   556   556 E QSEECOMAPI: : Error::Load image request failed ret = -1, errno = 22
01-07 03:53:21.139   556   556 I qseecomd: type=1400 audit(0.0:207): avc: denied { ioctl } for path="/dev/ion" dev="tmpfs" ino=1878 ioctlcmd=4901 scontext=u:r:init:s0 tcontext=u:object_r:ion_device:s0 tclass=chr_file permissive=1
01-07 03:53:21.145   556   556 E QSEECOMAPI: : Error::Loading image failed with ret = -1
01-07 03:53:21.145   556   556 E QSEECOMD: : Loading keymaster app failied
01-07 03:53:21.146   556   556 D QSEECOMAPI: : QSEECom_get_handle sb_length = 0x400
01-07 03:53:21.146   556   556 D QSEECOMAPI: : App is not loaded in QSEE
01-07 03:53:21.155   556   556 W qseecomd: type=1400 audit(0.0:208): avc: granted { read } for name="ion" dev="tmpfs" ino=1878 scontext=u:r:init:s0 tcontext=u:object_r:ion_device:s0 tclass=chr_file
01-07 03:53:21.155   556   556 W qseecomd: type=1400 audit(0.0:209): avc: granted { read open } for path="/dev/ion" dev="tmpfs" ino=1878 scontext=u:r:init:s0 tcontext=u:object_r:ion_device:s0 tclass=chr_file
01-07 03:53:21.227   525   525 W /system/bin/keystore: Waited for hwservicemanager.ready for a second, waiting another...
01-07 03:53:21.245   556   556 D QSEECOMAPI: : Loaded image: APP id = 3
01-07 03:53:21.239   556   556 W qseecomd: type=1400 audit(0.0:210): avc: granted { read } for name="ion" dev="tmpfs" ino=1878 scontext=u:r:init:s0 tcontext=u:object_r:ion_device:s0 tclass=chr_file
01-07 03:53:21.239   556   556 W qseecomd: type=1400 audit(0.0:211): avc: granted { read open } for path="/dev/ion" dev="tmpfs" ino=1878 scontext=u:r:init:s0 tcontext=u:object_r:ion_device:s0 tclass=chr_file
01-07 03:53:21.245   556   556 D QSEECOMAPI: : Loaded image: APP id = 3
01-07 03:53:21.279   556   556 D QSEECOMD: :  Keymaster/ kmota loaded
01-07 03:53:21.282   556   556 D QSEECOMD: : QSEECOM DAEMON RUNNING 
01-07 03:53:21.381   499   499 W /system/bin/surfaceflinger: Waited for hwservicemanager.ready for a second, waiting another...
01-07 03:53:21.451   838   838 I recovery: Installing new recovery image: failed
01-07 03:53:21.507   495   495 W /system/bin/healthd: Waited for hwservicemanager.ready for a second, waiting another...
01-07 03:53:21.996   531   531 W /system/bin/netd: Waited for hwservicemanager.ready for a second, waiting another...
01-07 03:53:22.020   520   520 W /system/bin/audioserver: Waited for hwservicemanager.ready for a second, waiting another...
01-07 03:53:22.037   522   522 W /system/bin/cameraserver: Waited for hwservicemanager.ready for a second, waiting another...
01-07 03:53:22.039   615   615 I time_daemon: type=1400 audit(0.0:213): avc: denied { ioctl } for path="socket:[14980]" dev="sockfs" ino=14980 ioctlcmd=c302 scontext=u:r:init:s0 tcontext=u:r:init:s0 tclass=socket permissive=1
01-07 03:53:22.045   542   615 E QMI_FW  : QMUXD: WARNING qmi_qmux_if_pwr_up_init failed! rc=-1
01-07 03:53:22.046   542   615 I chatty  : uid=1000(system) /system/bin/time_daemon identical 2 lines
01-07 03:53:22.046   542   615 E QMI_FW  : QMUXD: WARNING qmi_qmux_if_pwr_up_init failed! rc=-1
01-07 03:53:22.046   542   615 E QC-time-services: Daemon:genoff_modem_qmi_service_request: qmi_client_get_service_list returned -2num_services 0
01-07 03:53:22.122   545   545 W /system/bin/gatekeeperd: Waited for hwservicemanager.ready for a second, waiting another...
01-07 03:53:22.228   525   525 W /system/bin/keystore: Waited for hwservicemanager.ready for a second, waiting another...
read: unexpected EOF!
