--------- beginning of main
01-07 03:53:17.639   849   849 I auditd  : type=1403 audit(0.0:2): policy loaded auid=4294967295 ses=4294967295
01-07 03:53:18.279     1     1 I init    : type=1400 audit(0.0:3): avc: denied { create } for name="sdcard" scontext=u:r:init:s0 tcontext=u:object_r:tmpfs:s0 tclass=lnk_file permissive=1
01-07 03:53:18.459   349   349 W fsck.f2fs: type=1400 audit(0.0:4): avc: granted { getattr } for path="/vendor" dev="rootfs" ino=8858 scontext=u:r:fsck:s0 tcontext=u:object_r:rootfs:s0 tclass=lnk_file
01-07 03:53:18.487   349   349 I fsck.f2fs: type=1400 audit(0.0:5): avc: denied { read } for name="mmcblk0p50" dev="tmpfs" ino=11148 scontext=u:r:fsck:s0 tcontext=u:object_r:block_device:s0 tclass=blk_file permissive=1
01-07 03:53:18.491   349   349 I fsck.f2fs: type=1400 audit(0.0:6): avc: denied { open } for path="/dev/block/mmcblk0p50" dev="tmpfs" ino=11148 scontext=u:r:fsck:s0 tcontext=u:object_r:block_device:s0 tclass=blk_file permissive=1
01-07 03:53:19.407   410   410 I init    : type=1400 audit(0.0:46): avc: denied { execute_no_trans } for path="/system/bin/sh" dev="mmcblk0p47" ino=392 scontext=u:r:init:s0 tcontext=u:object_r:shell_exec:s0 tclass=file permissive=1
01-07 03:53:19.407   410   410 I init    : type=1400 audit(0.0:46): avc: denied { execute_no_trans } for path="/system/bin/sh" dev="mmcblk0p47" ino=392 scontext=u:r:init:s0 tcontext=u:object_r:shell_exec:s0 tclass=file permissive=1
01-07 03:53:19.419   411   411 W netd    : type=1400 audit(0.0:47): avc: granted { getattr } for path="/vendor" dev="rootfs" ino=8858 scontext=u:r:netd:s0 tcontext=u:object_r:rootfs:s0 tclass=lnk_file
01-07 03:53:19.419   411   411 W netd    : type=1400 audit(0.0:47): avc: granted { getattr } for path="/vendor" dev="rootfs" ino=8858 scontext=u:r:netd:s0 tcontext=u:object_r:rootfs:s0 tclass=lnk_file
01-07 03:53:19.419   415   415 I ueventd : type=1400 audit(0.0:48): avc: denied { search } for name="/" dev="mmcblk0p1" ino=1 scontext=u:r:ueventd:s0 tcontext=u:object_r:firmware_file:s0 tclass=dir permissive=1
01-07 03:53:19.419   415   415 I ueventd : type=1400 audit(0.0:48): avc: denied { search } for name="/" dev="mmcblk0p1" ino=1 scontext=u:r:ueventd:s0 tcontext=u:object_r:firmware_file:s0 tclass=dir permissive=1
01-07 03:53:19.419   415   415 I ueventd : type=1400 audit(0.0:49): avc: denied { read } for name="adsp.mdt" dev="mmcblk0p1" ino=4 scontext=u:r:ueventd:s0 tcontext=u:object_r:firmware_file:s0 tclass=file permissive=1
01-07 03:53:19.419   415   415 I ueventd : type=1400 audit(0.0:49): avc: denied { read } for name="adsp.mdt" dev="mmcblk0p1" ino=4 scontext=u:r:ueventd:s0 tcontext=u:object_r:firmware_file:s0 tclass=file permissive=1
01-07 03:53:19.419   415   415 I ueventd : type=1400 audit(0.0:50): avc: denied { open } for path="/firmware/image/adsp.mdt" dev="mmcblk0p1" ino=4 scontext=u:r:ueventd:s0 tcontext=u:object_r:firmware_file:s0 tclass=file permissive=1
01-07 03:53:19.419   415   415 I ueventd : type=1400 audit(0.0:50): avc: denied { open } for path="/firmware/image/adsp.mdt" dev="mmcblk0p1" ino=4 scontext=u:r:ueventd:s0 tcontext=u:object_r:firmware_file:s0 tclass=file permissive=1
01-07 03:53:19.419   415   415 I ueventd : type=1400 audit(0.0:51): avc: denied { getattr } for path="/firmware/image/adsp.mdt" dev="mmcblk0p1" ino=4 scontext=u:r:ueventd:s0 tcontext=u:object_r:firmware_file:s0 tclass=file permissive=1
01-07 03:53:19.419   415   415 I ueventd : type=1400 audit(0.0:51): avc: denied { getattr } for path="/firmware/image/adsp.mdt" dev="mmcblk0p1" ino=4 scontext=u:r:ueventd:s0 tcontext=u:object_r:firmware_file:s0 tclass=file permissive=1
01-07 03:53:19.743   419   419 W iptables-restor: type=1400 audit(0.0:52): avc: granted { getattr } for path="/vendor" dev="rootfs" ino=8858 scontext=u:r:netd:s0 tcontext=u:object_r:rootfs:s0 tclass=lnk_file
01-07 03:53:19.743   419   419 W iptables-restor: type=1400 audit(0.0:52): avc: granted { getattr } for path="/vendor" dev="rootfs" ino=8858 scontext=u:r:netd:s0 tcontext=u:object_r:rootfs:s0 tclass=lnk_file
01-07 03:53:19.855   422   422 W ip6tables-resto: type=1400 audit(0.0:53): avc: granted { getattr } for path="/vendor" dev="rootfs" ino=8858 scontext=u:r:netd:s0 tcontext=u:object_r:rootfs:s0 tclass=lnk_file
01-07 03:53:19.855   422   422 W ip6tables-resto: type=1400 audit(0.0:53): avc: granted { getattr } for path="/vendor" dev="rootfs" ino=8858 scontext=u:r:netd:s0 tcontext=u:object_r:rootfs:s0 tclass=lnk_file
01-07 03:53:19.871   423   423 W iptables: type=1400 audit(0.0:54): avc: granted { getattr } for path="/vendor" dev="rootfs" ino=8858 scontext=u:r:netd:s0 tcontext=u:object_r:rootfs:s0 tclass=lnk_file
01-07 03:53:19.871   423   423 W iptables: type=1400 audit(0.0:54): avc: granted { getattr } for path="/vendor" dev="rootfs" ino=8858 scontext=u:r:netd:s0 tcontext=u:object_r:rootfs:s0 tclass=lnk_file
01-07 03:53:19.883   424   424 W ip6tables: type=1400 audit(0.0:55): avc: granted { getattr } for path="/vendor" dev="rootfs" ino=8858 scontext=u:r:netd:s0 tcontext=u:object_r:rootfs:s0 tclass=lnk_file
01-07 03:53:19.883   424   424 W ip6tables: type=1400 audit(0.0:55): avc: granted { getattr } for path="/vendor" dev="rootfs" ino=8858 scontext=u:r:netd:s0 tcontext=u:object_r:rootfs:s0 tclass=lnk_file
01-07 03:53:19.895   425   425 W iptables: type=1400 audit(0.0:56): avc: granted { getattr } for path="/vendor" dev="rootfs" ino=8858 scontext=u:r:netd:s0 tcontext=u:object_r:rootfs:s0 tclass=lnk_file
01-07 03:53:19.895   425   425 W iptables: type=1400 audit(0.0:56): avc: granted { getattr } for path="/vendor" dev="rootfs" ino=8858 scontext=u:r:netd:s0 tcontext=u:object_r:rootfs:s0 tclass=lnk_file
01-07 03:53:19.907   428   428 W ip6tables: type=1400 audit(0.0:57): avc: granted { getattr } for path="/vendor" dev="rootfs" ino=8858 scontext=u:r:netd:s0 tcontext=u:object_r:rootfs:s0 tclass=lnk_file
01-07 03:53:19.907   428   428 W ip6tables: type=1400 audit(0.0:57): avc: granted { getattr } for path="/vendor" dev="rootfs" ino=8858 scontext=u:r:netd:s0 tcontext=u:object_r:rootfs:s0 tclass=lnk_file
01-07 03:53:19.919   429   429 W iptables: type=1400 audit(0.0:58): avc: granted { getattr } for path="/vendor" dev="rootfs" ino=8858 scontext=u:r:netd:s0 tcontext=u:object_r:rootfs:s0 tclass=lnk_file
01-07 03:53:19.919   429   429 W iptables: type=1400 audit(0.0:58): avc: granted { getattr } for path="/vendor" dev="rootfs" ino=8858 scontext=u:r:netd:s0 tcontext=u:object_r:rootfs:s0 tclass=lnk_file
01-07 03:53:19.931   430   430 W ip6tables: type=1400 audit(0.0:59): avc: granted { getattr } for path="/vendor" dev="rootfs" ino=8858 scontext=u:r:netd:s0 tcontext=u:object_r:rootfs:s0 tclass=lnk_file
01-07 03:53:19.931   430   430 W ip6tables: type=1400 audit(0.0:59): avc: granted { getattr } for path="/vendor" dev="rootfs" ino=8858 scontext=u:r:netd:s0 tcontext=u:object_r:rootfs:s0 tclass=lnk_file
01-07 03:53:19.943   433   433 W iptables: type=1400 audit(0.0:60): avc: granted { getattr } for path="/vendor" dev="rootfs" ino=8858 scontext=u:r:netd:s0 tcontext=u:object_r:rootfs:s0 tclass=lnk_file
01-07 03:53:19.943   433   433 W iptables: type=1400 audit(0.0:60): avc: granted { getattr } for path="/vendor" dev="rootfs" ino=8858 scontext=u:r:netd:s0 tcontext=u:object_r:rootfs:s0 tclass=lnk_file
01-07 03:53:19.955   435   435 W ip6tables: type=1400 audit(0.0:61): avc: granted { getattr } for path="/vendor" dev="rootfs" ino=8858 scontext=u:r:netd:s0 tcontext=u:object_r:rootfs:s0 tclass=lnk_file
01-07 03:53:19.955   435   435 W ip6tables: type=1400 audit(0.0:61): avc: granted { getattr } for path="/vendor" dev="rootfs" ino=8858 scontext=u:r:netd:s0 tcontext=u:object_r:rootfs:s0 tclass=lnk_file
01-07 03:53:19.971   436   436 W iptables: type=1400 audit(0.0:62): avc: granted { getattr } for path="/vendor" dev="rootfs" ino=8858 scontext=u:r:netd:s0 tcontext=u:object_r:rootfs:s0 tclass=lnk_file
01-07 03:53:19.971   436   436 W iptables: type=1400 audit(0.0:62): avc: granted { getattr } for path="/vendor" dev="rootfs" ino=8858 scontext=u:r:netd:s0 tcontext=u:object_r:rootfs:s0 tclass=lnk_file
01-07 03:53:19.983   439   439 W ip6tables: type=1400 audit(0.0:63): avc: granted { getattr } for path="/vendor" dev="rootfs" ino=8858 scontext=u:r:netd:s0 tcontext=u:object_r:rootfs:s0 tclass=lnk_file
01-07 03:53:19.983   439   439 W ip6tables: type=1400 audit(0.0:63): avc: granted { getattr } for path="/vendor" dev="rootfs" ino=8858 scontext=u:r:netd:s0 tcontext=u:object_r:rootfs:s0 tclass=lnk_file
01-07 03:53:19.995   440   440 W iptables: type=1400 audit(0.0:64): avc: granted { getattr } for path="/vendor" dev="rootfs" ino=8858 scontext=u:r:netd:s0 tcontext=u:object_r:rootfs:s0 tclass=lnk_file
01-07 03:53:19.995   440   440 W iptables: type=1400 audit(0.0:64): avc: granted { getattr } for path="/vendor" dev="rootfs" ino=8858 scontext=u:r:netd:s0 tcontext=u:object_r:rootfs:s0 tclass=lnk_file
01-07 03:53:20.000   539   539 I sensors.qcom: type=1400 audit(0.0:163): avc: denied { bind } for scontext=u:r:init:s0 tcontext=u:r:init:s0 tclass=socket permissive=1
01-07 03:53:20.000   539   539 I sensors.qcom: type=1400 audit(0.0:163): avc: denied { bind } for scontext=u:r:init:s0 tcontext=u:r:init:s0 tclass=socket permissive=1
01-07 03:53:20.000   492   492 I rmt_storage: type=1400 audit(0.0:164): avc: denied { read } for scontext=u:r:init:s0 tcontext=u:r:init:s0 tclass=socket permissive=1
01-07 03:53:20.000   492   492 I rmt_storage: type=1400 audit(0.0:164): avc: denied { read } for scontext=u:r:init:s0 tcontext=u:r:init:s0 tclass=socket permissive=1
01-07 03:53:20.007   443   443 W ip6tables: type=1400 audit(0.0:65): avc: granted { getattr } for path="/vendor" dev="rootfs" ino=8858 scontext=u:r:netd:s0 tcontext=u:object_r:rootfs:s0 tclass=lnk_file
01-07 03:53:20.007   443   443 W ip6tables: type=1400 audit(0.0:65): avc: granted { getattr } for path="/vendor" dev="rootfs" ino=8858 scontext=u:r:netd:s0 tcontext=u:object_r:rootfs:s0 tclass=lnk_file
01-07 03:53:20.019   444   444 W iptables: type=1400 audit(0.0:66): avc: granted { getattr } for path="/vendor" dev="rootfs" ino=8858 scontext=u:r:netd:s0 tcontext=u:object_r:rootfs:s0 tclass=lnk_file
01-07 03:53:20.019   444   444 W iptables: type=1400 audit(0.0:66): avc: granted { getattr } for path="/vendor" dev="rootfs" ino=8858 scontext=u:r:netd:s0 tcontext=u:object_r:rootfs:s0 tclass=lnk_file
01-07 03:53:20.023   556   556 W qseecomd: type=1400 audit(0.0:165): avc: granted { read } for name="ion" dev="tmpfs" ino=1878 scontext=u:r:init:s0 tcontext=u:object_r:ion_device:s0 tclass=chr_file
01-07 03:53:20.023   556   556 W qseecomd: type=1400 audit(0.0:165): avc: granted { read } for name="ion" dev="tmpfs" ino=1878 scontext=u:r:init:s0 tcontext=u:object_r:ion_device:s0 tclass=chr_file
01-07 03:53:20.023   556   556 W qseecomd: type=1400 audit(0.0:166): avc: granted { read open } for path="/dev/ion" dev="tmpfs" ino=1878 scontext=u:r:init:s0 tcontext=u:object_r:ion_device:s0 tclass=chr_file
01-07 03:53:20.023   556   556 W qseecomd: type=1400 audit(0.0:166): avc: granted { read open } for path="/dev/ion" dev="tmpfs" ino=1878 scontext=u:r:init:s0 tcontext=u:object_r:ion_device:s0 tclass=chr_file
01-07 03:53:20.035   445   445 W ip6tables: type=1400 audit(0.0:67): avc: granted { getattr } for path="/vendor" dev="rootfs" ino=8858 scontext=u:r:netd:s0 tcontext=u:object_r:rootfs:s0 tclass=lnk_file
01-07 03:53:20.035   445   445 W ip6tables: type=1400 audit(0.0:67): avc: granted { getattr } for path="/vendor" dev="rootfs" ino=8858 scontext=u:r:netd:s0 tcontext=u:object_r:rootfs:s0 tclass=lnk_file
01-07 03:53:20.051   556   556 W qseecomd: type=1400 audit(0.0:167): avc: granted { read } for name="ion" dev="tmpfs" ino=1878 scontext=u:r:init:s0 tcontext=u:object_r:ion_device:s0 tclass=chr_file
01-07 03:53:20.051   556   556 W qseecomd: type=1400 audit(0.0:167): avc: granted { read } for name="ion" dev="tmpfs" ino=1878 scontext=u:r:init:s0 tcontext=u:object_r:ion_device:s0 tclass=chr_file
01-07 03:53:20.051   556   556 W qseecomd: type=1400 audit(0.0:168): avc: granted { read open } for path="/dev/ion" dev="tmpfs" ino=1878 scontext=u:r:init:s0 tcontext=u:object_r:ion_device:s0 tclass=chr_file
01-07 03:53:20.051   556   556 W qseecomd: type=1400 audit(0.0:168): avc: granted { read open } for path="/dev/ion" dev="tmpfs" ino=1878 scontext=u:r:init:s0 tcontext=u:object_r:ion_device:s0 tclass=chr_file
01-07 03:53:20.055   556   556 W qseecomd: type=1400 audit(0.0:169): avc: granted { read } for name="ion" dev="tmpfs" ino=1878 scontext=u:r:init:s0 tcontext=u:object_r:ion_device:s0 tclass=chr_file
01-07 03:53:20.055   556   556 W qseecomd: type=1400 audit(0.0:169): avc: granted { read } for name="ion" dev="tmpfs" ino=1878 scontext=u:r:init:s0 tcontext=u:object_r:ion_device:s0 tclass=chr_file
01-07 03:53:20.055   556   556 W qseecomd: type=1400 audit(0.0:170): avc: granted { read open } for path="/dev/ion" dev="tmpfs" ino=1878 scontext=u:r:init:s0 tcontext=u:object_r:ion_device:s0 tclass=chr_file
01-07 03:53:20.055   556   556 W qseecomd: type=1400 audit(0.0:170): avc: granted { read open } for path="/dev/ion" dev="tmpfs" ino=1878 scontext=u:r:init:s0 tcontext=u:object_r:ion_device:s0 tclass=chr_file
01-07 03:53:20.063   556   556 W qseecomd: type=1400 audit(0.0:171): avc: granted { read } for name="ion" dev="tmpfs" ino=1878 scontext=u:r:init:s0 tcontext=u:object_r:ion_device:s0 tclass=chr_file
01-07 03:53:20.063   556   556 W qseecomd: type=1400 audit(0.0:171): avc: granted { read } for name="ion" dev="tmpfs" ino=1878 scontext=u:r:init:s0 tcontext=u:object_r:ion_device:s0 tclass=chr_file
01-07 03:53:20.063   556   556 W qseecomd: type=1400 audit(0.0:172): avc: granted { read open } for path="/dev/ion" dev="tmpfs" ino=1878 scontext=u:r:init:s0 tcontext=u:object_r:ion_device:s0 tclass=chr_file
01-07 03:53:20.063   556   556 W qseecomd: type=1400 audit(0.0:172): avc: granted { read open } for path="/dev/ion" dev="tmpfs" ino=1878 scontext=u:r:init:s0 tcontext=u:object_r:ion_device:s0 tclass=chr_file
01-07 03:53:20.083   556   556 W qseecomd: type=1400 audit(0.0:173): avc: granted { read } for name="ion" dev="tmpfs" ino=1878 scontext=u:r:init:s0 tcontext=u:object_r:ion_device:s0 tclass=chr_file
01-07 03:53:20.083   556   556 W qseecomd: type=1400 audit(0.0:173): avc: granted { read } for name="ion" dev="tmpfs" ino=1878 scontext=u:r:init:s0 tcontext=u:object_r:ion_device:s0 tclass=chr_file
01-07 03:53:20.235   474   474 I init    : type=1400 audit(0.0:68): avc: denied { execute_no_trans } for path="/system/bin/rfs_access" dev="mmcblk0p47" ino=366 scontext=u:r:init:s0 tcontext=u:object_r:system_file:s0 tclass=file permissive=1
01-07 03:53:20.235   474   474 I init    : type=1400 audit(0.0:68): avc: denied { execute_no_trans } for path="/system/bin/rfs_access" dev="mmcblk0p47" ino=366 scontext=u:r:init:s0 tcontext=u:object_r:system_file:s0 tclass=file permissive=1
01-07 03:53:20.259   475   475 I init    : type=1400 audit(0.0:69): avc: denied { execute_no_trans } for path="/system/bin/sh" dev="mmcblk0p47" ino=392 scontext=u:r:init:s0 tcontext=u:object_r:shell_exec:s0 tclass=file permissive=1
01-07 03:53:20.259   475   475 I init    : type=1400 audit(0.0:69): avc: denied { execute_no_trans } for path="/system/bin/sh" dev="mmcblk0p47" ino=392 scontext=u:r:init:s0 tcontext=u:object_r:shell_exec:s0 tclass=file permissive=1
01-07 03:53:20.423   492   492 I init    : type=1400 audit(0.0:70): avc: denied { execute_no_trans } for path="/system/bin/rmt_storage" dev="mmcblk0p47" ino=370 scontext=u:r:init:s0 tcontext=u:object_r:system_file:s0 tclass=file permissive=1
01-07 03:53:20.423   492   492 I init    : type=1400 audit(0.0:70): avc: denied { execute_no_trans } for path="/system/bin/rmt_storage" dev="mmcblk0p47" ino=370 scontext=u:r:init:s0 tcontext=u:object_r:system_file:s0 tclass=file permissive=1
01-07 03:53:20.455   502   502 I ueventd : type=1400 audit(0.0:71): avc: denied { search } for name="/" dev="mmcblk0p1" ino=1 scontext=u:r:ueventd:s0 tcontext=u:object_r:firmware_file:s0 tclass=dir permissive=1
01-07 03:53:20.455   502   502 I ueventd : type=1400 audit(0.0:71): avc: denied { search } for name="/" dev="mmcblk0p1" ino=1 scontext=u:r:ueventd:s0 tcontext=u:object_r:firmware_file:s0 tclass=dir permissive=1
01-07 03:53:20.455     1     1 I init    : type=1400 audit(0.0:72): avc: denied { read write } for name="ttyHSL0" dev="tmpfs" ino=1857 scontext=u:r:init:s0 tcontext=u:object_r:device:s0 tclass=chr_file permissive=1
01-07 03:53:20.455     1     1 I init    : type=1400 audit(0.0:72): avc: denied { read write } for name="ttyHSL0" dev="tmpfs" ino=1857 scontext=u:r:init:s0 tcontext=u:object_r:device:s0 tclass=chr_file permissive=1
01-07 03:53:20.455     1     1 I init    : type=1400 audit(0.0:73): avc: denied { open } for path="/dev/ttyHSL0" dev="tmpfs" ino=1857 scontext=u:r:init:s0 tcontext=u:object_r:device:s0 tclass=chr_file permissive=1
01-07 03:53:20.455     1     1 I init    : type=1400 audit(0.0:73): avc: denied { open } for path="/dev/ttyHSL0" dev="tmpfs" ino=1857 scontext=u:r:init:s0 tcontext=u:object_r:device:s0 tclass=chr_file permissive=1
01-07 03:53:20.459   502   502 I ueventd : type=1400 audit(0.0:74): avc: denied { read } for name="cpe.b12" dev="mmcblk0p1" ino=22 scontext=u:r:ueventd:s0 tcontext=u:object_r:firmware_file:s0 tclass=file permissive=1
01-07 03:53:20.459   502   502 I ueventd : type=1400 audit(0.0:74): avc: denied { read } for name="cpe.b12" dev="mmcblk0p1" ino=22 scontext=u:r:ueventd:s0 tcontext=u:object_r:firmware_file:s0 tclass=file permissive=1
01-07 03:53:20.459   502   502 I ueventd : type=1400 audit(0.0:75): avc: denied { open } for path="/firmware/image/cpe.b12" dev="mmcblk0p1" ino=22 scontext=u:r:ueventd:s0 tcontext=u:object_r:firmware_file:s0 tclass=file permissive=1
01-07 03:53:20.459   502   502 I ueventd : type=1400 audit(0.0:75): avc: denied { open } for path="/firmware/image/cpe.b12" dev="mmcblk0p1" ino=22 scontext=u:r:ueventd:s0 tcontext=u:object_r:firmware_file:s0 tclass=file permissive=1
01-07 03:53:20.459   502   502 I ueventd : type=1400 audit(0.0:76): avc: denied { getattr } for path="/firmware/image/cpe.b12" dev="mmcblk0p1" ino=22 scontext=u:r:ueventd:s0 tcontext=u:object_r:firmware_file:s0 tclass=file permissive=1
01-07 03:53:20.459   502   502 I ueventd : type=1400 audit(0.0:76): avc: denied { getattr } for path="/firmware/image/cpe.b12" dev="mmcblk0p1" ino=22 scontext=u:r:ueventd:s0 tcontext=u:object_r:firmware_file:s0 tclass=file permissive=1
01-07 03:53:20.459   492   492 W rmt_storage: type=1400 audit(0.0:77): avc: granted { read } for name="uio0" dev="tmpfs" ino=1853 scontext=u:r:init:s0 tcontext=u:object_r:uio_device:s0 tclass=chr_file
01-07 03:53:20.459   492   492 W rmt_storage: type=1400 audit(0.0:77): avc: granted { read } for name="uio0" dev="tmpfs" ino=1853 scontext=u:r:init:s0 tcontext=u:object_r:uio_device:s0 tclass=chr_file
01-07 03:53:20.459   492   492 W rmt_storage: type=1400 audit(0.0:78): avc: granted { read open } for path="/dev/uio0" dev="tmpfs" ino=1853 scontext=u:r:init:s0 tcontext=u:object_r:uio_device:s0 tclass=chr_file
01-07 03:53:20.459   492   492 W rmt_storage: type=1400 audit(0.0:78): avc: granted { read open } for path="/dev/uio0" dev="tmpfs" ino=1853 scontext=u:r:init:s0 tcontext=u:object_r:uio_device:s0 tclass=chr_file
01-07 03:53:20.459   492   492 W rmt_storage: type=1400 audit(0.0:79): avc: granted { read } for path="/dev/uio0" dev="tmpfs" ino=1853 scontext=u:r:init:s0 tcontext=u:object_r:uio_device:s0 tclass=chr_file
01-07 03:53:20.459   492   492 W rmt_storage: type=1400 audit(0.0:79): avc: granted { read } for path="/dev/uio0" dev="tmpfs" ino=1853 scontext=u:r:init:s0 tcontext=u:object_r:uio_device:s0 tclass=chr_file
01-07 03:53:20.463   492   492 I rmt_storage: type=1400 audit(0.0:80): avc: denied { write } for name="mmcblk0p24" dev="tmpfs" ino=11044 scontext=u:r:init:s0 tcontext=u:object_r:block_device:s0 tclass=blk_file permissive=1
01-07 03:53:20.463   492   492 I rmt_storage: type=1400 audit(0.0:80): avc: denied { write } for name="mmcblk0p24" dev="tmpfs" ino=11044 scontext=u:r:init:s0 tcontext=u:object_r:block_device:s0 tclass=blk_file permissive=1
01-07 03:53:20.467   492   492 I rmt_storage: type=1400 audit(0.0:81): avc: denied { create } for scontext=u:r:init:s0 tcontext=u:r:init:s0 tclass=socket permissive=1
01-07 03:53:20.467   492   492 I rmt_storage: type=1400 audit(0.0:81): avc: denied { create } for scontext=u:r:init:s0 tcontext=u:r:init:s0 tclass=socket permissive=1
01-07 03:53:20.467   492   492 I rmt_storage: type=1400 audit(0.0:82): avc: denied { ioctl } for path="socket:[13873]" dev="sockfs" ino=13873 ioctlcmd=c304 scontext=u:r:init:s0 tcontext=u:r:init:s0 tclass=socket permissive=1
01-07 03:53:20.467   492   492 I rmt_storage: type=1400 audit(0.0:82): avc: denied { ioctl } for path="socket:[13873]" dev="sockfs" ino=13873 ioctlcmd=c304 scontext=u:r:init:s0 tcontext=u:r:init:s0 tclass=socket permissive=1
01-07 03:53:20.467   492   492 I rmt_storage: type=1400 audit(0.0:83): avc: denied { bind } for scontext=u:r:init:s0 tcontext=u:r:init:s0 tclass=socket permissive=1
01-07 03:53:20.467   492   492 I rmt_storage: type=1400 audit(0.0:83): avc: denied { bind } for scontext=u:r:init:s0 tcontext=u:r:init:s0 tclass=socket permissive=1
01-07 03:53:20.467   492   492 I rmt_storage: type=1400 audit(0.0:84): avc: denied { read } for scontext=u:r:init:s0 tcontext=u:r:init:s0 tclass=socket permissive=1
01-07 03:53:20.467   492   492 I rmt_storage: type=1400 audit(0.0:84): avc: denied { read } for scontext=u:r:init:s0 tcontext=u:r:init:s0 tclass=socket permissive=1
01-07 03:53:21.011   566   566 I thermal-engine: type=1400 audit(0.0:154): avc: denied { create } for scontext=u:r:init:s0 tcontext=u:r:init:s0 tclass=socket permissive=1
01-07 03:53:21.011   566   566 I thermal-engine: type=1400 audit(0.0:154): avc: denied { create } for scontext=u:r:init:s0 tcontext=u:r:init:s0 tclass=socket permissive=1
01-07 03:53:21.011   566   566 I thermal-engine: type=1400 audit(0.0:155): avc: denied { ioctl } for path="socket:[14282]" dev="sockfs" ino=14282 ioctlcmd=c304 scontext=u:r:init:s0 tcontext=u:r:init:s0 tclass=socket permissive=1
01-07 03:53:21.011   566   566 I thermal-engine: type=1400 audit(0.0:155): avc: denied { ioctl } for path="socket:[14282]" dev="sockfs" ino=14282 ioctlcmd=c304 scontext=u:r:init:s0 tcontext=u:r:init:s0 tclass=socket permissive=1
01-07 03:53:21.023   539   539 I sensors.qcom: type=1400 audit(0.0:156): avc: denied { block_suspend } for capability=36 scontext=u:r:init:s0 tcontext=u:r:init:s0 tclass=capability2 permissive=1
01-07 03:53:21.023   539   539 I sensors.qcom: type=1400 audit(0.0:156): avc: denied { block_suspend } for capability=36 scontext=u:r:init:s0 tcontext=u:r:init:s0 tclass=capability2 permissive=1
01-07 03:53:21.035   513   513 I thermal-engine: type=1400 audit(0.0:157): avc: denied { unlink } for name="thermal-send-client" dev="tmpfs" ino=13914 scontext=u:r:init:s0 tcontext=u:object_r:socket_device:s0 tclass=sock_file permissive=1
01-07 03:53:21.035   513   513 I thermal-engine: type=1400 audit(0.0:157): avc: denied { unlink } for name="thermal-send-client" dev="tmpfs" ino=13914 scontext=u:r:init:s0 tcontext=u:object_r:socket_device:s0 tclass=sock_file permissive=1
01-07 03:53:21.047   542   542 W time_daemon: type=1400 audit(0.0:158): avc: granted { read } for name="rtc0" dev="tmpfs" ino=11184 scontext=u:r:init:s0 tcontext=u:object_r:rtc_device:s0 tclass=chr_file
01-07 03:53:21.047   542   542 W time_daemon: type=1400 audit(0.0:158): avc: granted { read } for name="rtc0" dev="tmpfs" ino=11184 scontext=u:r:init:s0 tcontext=u:object_r:rtc_device:s0 tclass=chr_file
01-07 03:53:21.047   542   542 W time_daemon: type=1400 audit(0.0:159): avc: granted { read open } for path="/dev/rtc0" dev="tmpfs" ino=11184 scontext=u:r:init:s0 tcontext=u:object_r:rtc_device:s0 tclass=chr_file
01-07 03:53:21.047   542   542 W time_daemon: type=1400 audit(0.0:159): avc: granted { read open } for path="/dev/rtc0" dev="tmpfs" ino=11184 scontext=u:r:init:s0 tcontext=u:object_r:rtc_device:s0 tclass=chr_file
01-07 03:53:21.047   542   542 W time_daemon: type=1400 audit(0.0:160): avc: granted { read } for name="rtc0" dev="tmpfs" ino=11184 scontext=u:r:init:s0 tcontext=u:object_r:rtc_device:s0 tclass=chr_file
01-07 03:53:21.047   542   542 W time_daemon: type=1400 audit(0.0:160): avc: granted { read } for name="rtc0" dev="tmpfs" ino=11184 scontext=u:r:init:s0 tcontext=u:object_r:rtc_device:s0 tclass=chr_file
01-07 03:53:21.047   542   542 W time_daemon: type=1400 audit(0.0:161): avc: granted { read open } for path="/dev/rtc0" dev="tmpfs" ino=11184 scontext=u:r:init:s0 tcontext=u:object_r:rtc_device:s0 tclass=chr_file
01-07 03:53:21.047   542   542 W time_daemon: type=1400 audit(0.0:161): avc: granted { read open } for path="/dev/rtc0" dev="tmpfs" ino=11184 scontext=u:r:init:s0 tcontext=u:object_r:rtc_device:s0 tclass=chr_file
01-07 03:53:21.047   542   542 I time_daemon: type=1400 audit(0.0:162): avc: denied { write } for name="alarm" dev="tmpfs" ino=1893 scontext=u:r:init:s0 tcontext=u:object_r:alarm_device:s0 tclass=chr_file permissive=1
01-07 03:53:21.047   542   542 I time_daemon: type=1400 audit(0.0:162): avc: denied { write } for name="alarm" dev="tmpfs" ino=1893 scontext=u:r:init:s0 tcontext=u:object_r:alarm_device:s0 tclass=chr_file permissive=1
01-07 03:53:21.055   820   820 I ueventd : type=1400 audit(0.0:203): avc: denied { search } for name="/" dev="mmcblk0p1" ino=1 scontext=u:r:ueventd:s0 tcontext=u:object_r:firmware_file:s0 tclass=dir permissive=1
01-07 03:53:21.055   820   820 I ueventd : type=1400 audit(0.0:203): avc: denied { search } for name="/" dev="mmcblk0p1" ino=1 scontext=u:r:ueventd:s0 tcontext=u:object_r:firmware_file:s0 tclass=dir permissive=1
01-07 03:53:21.055   820   820 I ueventd : type=1400 audit(0.0:204): avc: denied { read } for name="modem.b06" dev="mmcblk0p1" ino=44 scontext=u:r:ueventd:s0 tcontext=u:object_r:firmware_file:s0 tclass=file permissive=1
01-07 03:53:21.055   820   820 I ueventd : type=1400 audit(0.0:204): avc: denied { read } for name="modem.b06" dev="mmcblk0p1" ino=44 scontext=u:r:ueventd:s0 tcontext=u:object_r:firmware_file:s0 tclass=file permissive=1
01-07 03:53:21.055   820   820 I ueventd : type=1400 audit(0.0:205): avc: denied { open } for path="/firmware/image/modem.b06" dev="mmcblk0p1" ino=44 scontext=u:r:ueventd:s0 tcontext=u:object_r:firmware_file:s0 tclass=file permissive=1
01-07 03:53:21.055   820   820 I ueventd : type=1400 audit(0.0:205): avc: denied { open } for path="/firmware/image/modem.b06" dev="mmcblk0p1" ino=44 scontext=u:r:ueventd:s0 tcontext=u:object_r:firmware_file:s0 tclass=file permissive=1
01-07 03:53:21.055   820   820 I ueventd : type=1400 audit(0.0:206): avc: denied { getattr } for path="/firmware/image/modem.b06" dev="mmcblk0p1" ino=44 scontext=u:r:ueventd:s0 tcontext=u:object_r:firmware_file:s0 tclass=file permissive=1
01-07 03:53:21.055   820   820 I ueventd : type=1400 audit(0.0:206): avc: denied { getattr } for path="/firmware/image/modem.b06" dev="mmcblk0p1" ino=44 scontext=u:r:ueventd:s0 tcontext=u:object_r:firmware_file:s0 tclass=file permissive=1
01-07 03:53:21.139   556   556 I qseecomd: type=1400 audit(0.0:207): avc: denied { ioctl } for path="/dev/ion" dev="tmpfs" ino=1878 ioctlcmd=4901 scontext=u:r:init:s0 tcontext=u:object_r:ion_device:s0 tclass=chr_file permissive=1
01-07 03:53:21.139   556   556 I qseecomd: type=1400 audit(0.0:207): avc: denied { ioctl } for path="/dev/ion" dev="tmpfs" ino=1878 ioctlcmd=4901 scontext=u:r:init:s0 tcontext=u:object_r:ion_device:s0 tclass=chr_file permissive=1
01-07 03:53:21.155   556   556 W qseecomd: type=1400 audit(0.0:208): avc: granted { read } for name="ion" dev="tmpfs" ino=1878 scontext=u:r:init:s0 tcontext=u:object_r:ion_device:s0 tclass=chr_file
01-07 03:53:21.155   556   556 W qseecomd: type=1400 audit(0.0:208): avc: granted { read } for name="ion" dev="tmpfs" ino=1878 scontext=u:r:init:s0 tcontext=u:object_r:ion_device:s0 tclass=chr_file
01-07 03:53:21.155   556   556 W qseecomd: type=1400 audit(0.0:209): avc: granted { read open } for path="/dev/ion" dev="tmpfs" ino=1878 scontext=u:r:init:s0 tcontext=u:object_r:ion_device:s0 tclass=chr_file
01-07 03:53:21.155   556   556 W qseecomd: type=1400 audit(0.0:209): avc: granted { read open } for path="/dev/ion" dev="tmpfs" ino=1878 scontext=u:r:init:s0 tcontext=u:object_r:ion_device:s0 tclass=chr_file
01-07 03:53:21.239   556   556 W qseecomd: type=1400 audit(0.0:210): avc: granted { read } for name="ion" dev="tmpfs" ino=1878 scontext=u:r:init:s0 tcontext=u:object_r:ion_device:s0 tclass=chr_file
01-07 03:53:21.239   556   556 W qseecomd: type=1400 audit(0.0:210): avc: granted { read } for name="ion" dev="tmpfs" ino=1878 scontext=u:r:init:s0 tcontext=u:object_r:ion_device:s0 tclass=chr_file
01-07 03:53:21.239   556   556 W qseecomd: type=1400 audit(0.0:211): avc: granted { read open } for path="/dev/ion" dev="tmpfs" ino=1878 scontext=u:r:init:s0 tcontext=u:object_r:ion_device:s0 tclass=chr_file
01-07 03:53:21.239   556   556 W qseecomd: type=1400 audit(0.0:211): avc: granted { read open } for path="/dev/ion" dev="tmpfs" ino=1878 scontext=u:r:init:s0 tcontext=u:object_r:ion_device:s0 tclass=chr_file
01-07 03:53:21.275   556   556 I qseecomd: type=1400 audit(0.0:212): avc: denied { write } for name="property_service" dev="tmpfs" ino=1841 scontext=u:r:init:s0 tcontext=u:object_r:property_socket:s0 tclass=sock_file permissive=1
01-07 03:53:21.275   556   556 I qseecomd: type=1400 audit(0.0:212): avc: denied { write } for name="property_service" dev="tmpfs" ino=1841 scontext=u:r:init:s0 tcontext=u:object_r:property_socket:s0 tclass=sock_file permissive=1
01-07 03:53:22.039   615   615 I time_daemon: type=1400 audit(0.0:213): avc: denied { ioctl } for path="socket:[14980]" dev="sockfs" ino=14980 ioctlcmd=c302 scontext=u:r:init:s0 tcontext=u:r:init:s0 tclass=socket permissive=1
01-07 03:53:22.996     0   531 W /system/bin/netd: Waited for hwservicemanager.ready for a second, waiting another...
01-07 03:53:23.020     0   520 W /system/bin/audioserver: Waited for hwservicemanager.ready for a second, waiting another...
01-07 03:53:23.043   615   615 I time_daemon: type=1400 audit(0.0:218): avc: denied { create } for scontext=u:r:init:s0 tcontext=u:r:init:s0 tclass=socket permissive=1
01-07 03:53:23.046   542   615 E QMI_FW  : QMUXD: WARNING qmi_qmux_if_pwr_up_init failed! rc=-1
01-07 03:53:23.047   542   615 I chatty  : uid=1000(system) /system/bin/time_daemon identical 2 lines
01-07 03:53:23.047   542   615 E QMI_FW  : QMUXD: WARNING qmi_qmux_if_pwr_up_init failed! rc=-1
01-07 03:53:23.047   542   615 E QC-time-services: Daemon:genoff_modem_qmi_service_request: qmi_client_get_service_list returned 0num_services 1
01-07 03:53:23.047   542   615 E QMI_FW  : QMUXD: WARNING qmi_qmux_if_pwr_up_init failed! rc=-1
01-07 03:53:23.049   542   615 I chatty  : uid=1000(system) /system/bin/time_daemon identical 10 lines
01-07 03:53:23.049   542   615 E QMI_FW  : QMUXD: WARNING qmi_qmux_if_pwr_up_init failed! rc=-1
01-07 03:53:23.050   542   615 D QC-time-services: Daemon:genoff_modem_qmi_service_request: Initial transaction successfull
01-07 03:53:23.080   531   531 I Netd    : Registering NetdHwService: 2085.3ms
01-07 03:53:23.080   531   531 I Netd    : Netd started in 2956ms
--------- beginning of system
01-07 03:53:23.139   859   859 I vold    : Vold 3.0 (the awakening) firing up
01-07 03:53:23.139   859   859 V vold    : Detected support for: exfat ext4 f2fs ntfs vfat
01-07 03:53:23.143   859   859 I vold    : [libfs_mgr]fs_mgr_read_fstab_dt(): failed to read fstab from dt
01-07 03:53:23.143   520   520 I AudioFlinger: Using default 3000 mSec as standby time.
01-07 03:53:23.145   520   520 E APM::Serializer: deserialize: Could not parse /odm/etc/audio_policy_configuration.xml document.
01-07 03:53:23.145   520   520 E APM::Serializer: deserialize: Could not parse /vendor/etc/audio_policy_configuration.xml document.
01-07 03:53:23.165   520   520 I vndksupport: sphal namespace is not configured for this process. Loading /vendor/lib/hw/audio.primary.default.so from the current namespace instead.
01-07 03:53:23.168   520   520 W DeviceHAL: Device 0xed13f000 get_master_volume: Function not implemented
01-07 03:53:23.168   520   520 W DeviceHAL: Device 0xed13f000 get_master_mute: Function not implemented
01-07 03:53:23.168   520   520 W DeviceHAL: Device 0xed13f000 set_master_volume: Function not implemented
01-07 03:53:23.168   520   520 W DeviceHAL: Device 0xed13f000 set_master_mute: Function not implemented
01-07 03:53:23.168   520   520 I AudioFlinger: loadHwModule() Loaded primary audio interface, handle 10
01-07 03:53:23.168   520   520 I AudioFlinger: openOutput() this 0xed13d000, module 10 Device 2, SamplingRate 48000, Format 0x000001, Channels 3, flags 2
01-07 03:53:23.169   520   520 I AudioFlinger: HAL output buffer size 1024 frames, normal sink buffer size 1024 frames
01-07 03:53:23.174   520   520 W EffectsFactory: checkLibraryPath() corrected library path /system/lib/soundfx/libbundlewrapper.so to /vendor/lib/soundfx/libbundlewrapper.so
01-07 03:53:23.176   520   520 W EffectsFactory: checkLibraryPath() corrected library path /system/lib/soundfx/libreverbwrapper.so to /vendor/lib/soundfx/libreverbwrapper.so
01-07 03:53:23.189   520   520 W EffectsFactory: checkLibraryPath() corrected library path /system/lib/soundfx/libvisualizer.so to /vendor/lib/soundfx/libvisualizer.so
01-07 03:53:23.191   520   520 W EffectsFactory: loadLibrary() could not find library /system/lib/soundfx/libqcomvisualizer.so
01-07 03:53:23.191   520   520 W EffectsFactory: checkLibraryPath() corrected library path /system/lib/soundfx/libdownmix.so to /vendor/lib/soundfx/libdownmix.so
01-07 03:53:23.193   520   520 W EffectsFactory: checkLibraryPath() corrected library path /system/lib/soundfx/libldnhncr.so to /vendor/lib/soundfx/libldnhncr.so
01-07 03:53:23.200   520   520 W EffectsFactory: checkLibraryPath() corrected library path /system/lib/soundfx/libeffectproxy.so to /vendor/lib/soundfx/libeffectproxy.so
01-07 03:53:23.206   520   520 W EffectsFactory: loadLibrary() could not find library /system/lib/soundfx/libqcompostprocbundle.so
01-07 03:53:23.206   520   520 W EffectsFactory: loadLibrary() could not find library /system/lib/soundfx/libqcomvoiceprocessing.so
01-07 03:53:23.207   520   520 W EffectsFactory: addSubEffect() could not get library offload_bundle
01-07 03:53:23.207   520   520 W EffectsFactory: loadEffect() could not add subEffect 
01-07 03:53:23.208   520   520 W EffectsFactory: addSubEffect() could not get library offload_bundle
01-07 03:53:23.208   520   520 W EffectsFactory: loadEffect() could not add subEffect 
01-07 03:53:23.209   520   520 W EffectsFactory: addSubEffect() could not get library offload_bundle
01-07 03:53:23.210   520   520 W EffectsFactory: loadEffect() could not add subEffect 
01-07 03:53:23.210   520   520 W EffectsFactory: addSubEffect() could not get library offload_bundle
01-07 03:53:23.210   520   520 W EffectsFactory: loadEffect() could not add subEffect 
01-07 03:53:23.210   520   520 W EffectsFactory: addSubEffect() could not get library offload_bundle
01-07 03:53:23.210   520   520 W EffectsFactory: loadEffect() could not add subEffect 
01-07 03:53:23.210   520   520 W EffectsFactory: addSubEffect() could not get library offload_bundle
01-07 03:53:23.210   520   520 W EffectsFactory: loadEffect() could not add subEffect 
01-07 03:53:23.210   520   520 W EffectsFactory: addSubEffect() could not get library offload_bundle
01-07 03:53:23.210   520   520 W EffectsFactory: loadEffect() could not add subEffect 
01-07 03:53:23.210   520   520 W EffectsFactory: addSubEffect() could not get library visualizer_hw
01-07 03:53:23.210   520   520 W EffectsFactory: loadEffect() could not add subEffect 
01-07 03:53:23.210   520   520 W EffectsFactory: loadEffect() could not get library offload_bundle
01-07 03:53:23.210   520   520 W EffectsFactory: loadEffect() could not get library audio_pre_processing
01-07 03:53:23.210   520   520 W EffectsFactory: loadEffect() could not get library audio_pre_processing
01-07 03:53:23.210   520   520 I BufferProvider: found effect "Multichannel Downmix To Stereo" from The Android Open Source Project
01-07 03:53:23.211   520   520 I AudioFlinger: Using module 10 as the primary audio interface
01-07 03:53:23.212   520   520 W AudioFlinger: moveEffects() bad srcOutput 0
01-07 03:53:23.213   520   876 I AudioFlinger: AudioFlinger's thread 0xec483540 tid=876 ready to run
01-07 03:53:23.213   520   876 W AudioFlinger: no wake lock to update, system not ready yet
01-07 03:53:23.214   520   866 W DeviceHAL: Device 0xed13f000 set_voice_volume: Function not implemented
01-07 03:53:23.215   520   520 W APM_AudioPolicyManager: Output profile contains no device on module primary
01-07 03:53:23.215   520   520 I AudioFlinger: openOutput() this 0xed13d000, module 10 Device 2, SamplingRate 48000, Format 0x000001, Channels 3, flags 8
01-07 03:53:23.215   520   520 I AudioFlinger: HAL output buffer size 1024 frames, normal sink buffer size 1024 frames
01-07 03:53:23.216   520   876 W AudioFlinger: no wake lock to update, system not ready yet
01-07 03:53:23.216   520   878 I AudioFlinger: AudioFlinger's thread 0xebe032c0 tid=878 ready to run
01-07 03:53:23.216   520   878 W AudioFlinger: no wake lock to update, system not ready yet
01-07 03:53:23.217   520   520 I AudioFlinger: openOutput() this 0xed13d000, module 10 Device 2, SamplingRate 48000, Format 0x000001, Channels 3, flags 4
01-07 03:53:23.218   520   520 I AudioFlinger: HAL output buffer size 1024 frames, normal sink buffer size 1024 frames
01-07 03:53:23.218   520   878 W AudioFlinger: no wake lock to update, system not ready yet
01-07 03:53:23.218   520   880 I AudioFlinger: AudioFlinger's thread 0xebb83640 tid=880 ready to run
01-07 03:53:23.219   520   880 W AudioFlinger: no wake lock to update, system not ready yet
01-07 03:53:23.220   520   520 W APM_AudioPolicyManager: Output profile contains no device on module primary
01-07 03:53:23.220   520   520 W APM_AudioPolicyManager: Output profile contains no device on module primary
01-07 03:53:23.220   520   520 I AudioFlinger: openOutput() this 0xed13d000, module 10 Device 10000, SamplingRate 48000, Format 0x000001, Channels 3, flags 0
01-07 03:53:23.220   520   520 I AudioFlinger: HAL output buffer size 1024 frames, normal sink buffer size 1024 frames
01-07 03:53:23.221   520   880 W AudioFlinger: no wake lock to update, system not ready yet
01-07 03:53:23.221   520   882 I AudioFlinger: AudioFlinger's thread 0xeb903300 tid=882 ready to run
01-07 03:53:23.221   520   882 W AudioFlinger: no wake lock to update, system not ready yet
01-07 03:53:23.222   520   520 W APM_AudioPolicyManager: Output profile contains no device on module primary
01-07 03:53:23.222   520   520 W APM_AudioPolicyManager: Output profile contains no device on module primary
01-07 03:53:23.223   520   882 W AudioFlinger: no wake lock to update, system not ready yet
01-07 03:53:23.224   520   884 I AudioFlinger: AudioFlinger's thread 0xeb683fc0 tid=884 ready to run
01-07 03:53:23.225   520   886 I AudioFlinger: AudioFlinger's thread 0xeb403640 tid=886 ready to run
01-07 03:53:23.248   520   520 I bt_a2dp_hw: adev_open:  adev_open in A2dp_hw module
01-07 03:53:23.248   520   520 I AudioFlinger: loadHwModule() Loaded a2dp audio interface, handle 18
01-07 03:53:23.249   520   520 I vndksupport: sphal namespace is not configured for this process. Loading /vendor/lib/hw/audio.usb.default.so from the current namespace instead.
01-07 03:53:23.255   520   520 I AudioFlinger: loadHwModule() Loaded usb audio interface, handle 26
01-07 03:53:23.256   520   520 I vndksupport: sphal namespace is not configured for this process. Loading /vendor/lib/hw/audio.r_submix.default.so from the current namespace instead.
01-07 03:53:23.258   520   520 I r_submix: adev_open(name=audio_hw_if)
01-07 03:53:23.259   520   520 I r_submix: adev_init_check()
01-07 03:53:23.259   520   520 W DeviceHAL: Device 0xeb954e00 set_master_mute: Function not implemented
01-07 03:53:23.259   520   520 I AudioFlinger: loadHwModule() Loaded r_submix audio interface, handle 34
01-07 03:53:23.259   520   520 D r_submix: adev_open_input_stream(addr=0)
01-07 03:53:23.259   520   520 D r_submix: submix_audio_device_create_pipe_l(addr=0, idx=9)
01-07 03:53:23.259   520   520 D r_submix:   now using address 0 for route 9
01-07 03:53:23.270   520   890 I AudioFlinger: AudioFlinger's thread 0xeb403200 tid=890 ready to run
01-07 03:53:23.270   520   520 D r_submix: adev_close_input_stream()
01-07 03:53:23.270   520   520 D r_submix: submix_audio_device_release_pipe_l(idx=9) addr=0
01-07 03:53:23.270   520   520 D r_submix: submix_audio_device_destroy_pipe_l(): pipe destroyed
01-07 03:53:23.271   520   520 I RadioService: RadioService
01-07 03:53:23.271   520   520 I RadioService: onFirstRef
01-07 03:53:23.277   520   520 I BroadcastRadio: onFirstRef mClassId 0
01-07 03:53:23.277   520   520 I BroadcastRadio: onFirstRef RADIO_HARDWARE_MODULE_ID radio fm
01-07 03:53:23.277   520   520 E BroadcastRadio: couldn't load radio module radio.fm (No such file or directory)
01-07 03:53:23.277   520   520 E RadioService: could not read implementation properties
01-07 03:53:23.282   520   520 E SoundTriggerHalImpl: couldn't load sound trigger module sound_trigger.primary (No such file or directory)
01-07 03:53:23.282   520   520 I SoundTriggerHalHidl: getProperties res implementor 
01-07 03:53:23.283   520   520 I SoundTriggerHalHidl: getProperties ret -19
01-07 03:53:23.283   520   520 E SoundTriggerHwService: could not read implementation properties
01-07 03:53:23.307   545   545 I gatekeeperd: type=1400 audit(0.0:219): avc: denied { read write } for name="qseecom" dev="tmpfs" ino=1939 scontext=u:r:gatekeeperd:s0 tcontext=u:object_r:device:s0 tclass=chr_file permissive=1
01-07 03:53:23.307   545   545 I gatekeeperd: type=1400 audit(0.0:220): avc: denied { open } for path="/dev/qseecom" dev="tmpfs" ino=1939 scontext=u:r:gatekeeperd:s0 tcontext=u:object_r:device:s0 tclass=chr_file permissive=1
01-07 03:53:23.307   545   545 I gatekeeperd: type=1400 audit(0.0:221): avc: denied { ioctl } for path="/dev/qseecom" dev="tmpfs" ino=1939 ioctlcmd=970a scontext=u:r:gatekeeperd:s0 tcontext=u:object_r:device:s0 tclass=chr_file permissive=1
01-07 03:53:23.309   545   545 I vndksupport: sphal namespace is not configured for this process. Loading /vendor/lib64/hw/gatekeeper.msm8992.so from the current namespace instead.
01-07 03:53:23.311   525   525 I android.hardware.keymaster@3.0-impl: Fetching keymaster device name default
01-07 03:53:23.311   545   545 D gatekeeper_device: HwKmOpen called
01-07 03:53:23.311   525   525 I vndksupport: sphal namespace is not configured for this process. Loading /vendor/lib64/hw/keystore.msm8992.so from the current namespace instead.
01-07 03:53:23.312   545   545 E gatekeeper_device: Gatekeeper (Keymaster TA) loaded/ queried from Qseecomd
01-07 03:53:23.312   545   545 D QSEECOMAPI: : QSEECom_get_handle sb_length = 0xa000
01-07 03:53:23.312   545   545 D QSEECOMAPI: : App is already loaded QSEE and app id = 3
01-07 03:53:23.321   545   545 I gatekeeperd: cold boot: clearing state
01-07 03:53:23.355   557   557 I qseecomd: type=1400 audit(0.0:222): avc: denied { ioctl } for path="/dev/qseecom" dev="tmpfs" ino=1939 ioctlcmd=9706 scontext=u:r:init:s0 tcontext=u:object_r:device:s0 tclass=chr_file permissive=1
01-07 03:53:23.379   525   525 I keystore: type=1400 audit(0.0:223): avc: denied { read write } for name="qseecom" dev="tmpfs" ino=1939 scontext=u:r:keystore:s0 tcontext=u:object_r:device:s0 tclass=chr_file permissive=1
01-07 03:53:23.379   525   525 I keystore: type=1400 audit(0.0:224): avc: denied { open } for path="/dev/qseecom" dev="tmpfs" ino=1939 scontext=u:r:keystore:s0 tcontext=u:object_r:device:s0 tclass=chr_file permissive=1
01-07 03:53:23.379   525   525 I keystore: type=1400 audit(0.0:225): avc: denied { ioctl } for path="/dev/qseecom" dev="tmpfs" ino=1939 ioctlcmd=970a scontext=u:r:keystore:s0 tcontext=u:object_r:device:s0 tclass=chr_file permissive=1
01-07 03:53:23.384   525   525 I android.hardware.keymaster@3.0-impl: Found keymaster1 module Keymaster QTI HAL, version 100
01-07 03:53:23.386   525   525 E keymaster1_device: Keymaster loaded/ queried from Qseecomd
01-07 03:53:23.386   525   525 D QSEECOMAPI: : QSEECom_get_handle sb_length = 0xa000
01-07 03:53:23.386   525   525 D QSEECOMAPI: : App is already loaded QSEE and app id = 3
01-07 03:53:23.387   522   522 I vndksupport: sphal namespace is not configured for this process. Loading /vendor/lib/hw/camera.msm8992.so from the current namespace instead.
01-07 03:53:23.388   525   525 E keymaster1_device: TA API Major Verion: 1
01-07 03:53:23.388   525   525 E keymaster1_device: TA API Minor Verion: 0
01-07 03:53:23.388   525   525 E keymaster1_device: TA Major Verion: 1
01-07 03:53:23.388   525   525 E keymaster1_device: TA Minor Verion: 10
01-07 03:53:23.388   525   525 E keymaster1_device: set_version_req->flags: 1
01-07 03:53:23.389   525   525 D android.hardware.keymaster@3.0-impl: Wrapping keymaster1 module Keymaster QTI HAL with SofKeymasterDevice
01-07 03:53:24.082   499   499 W /system/bin/surfaceflinger: Waited one second for android.hardware.configstore@1.0::ISurfaceFlingerConfigs/default. Waiting another...
01-07 03:53:24.082   495   495 W /system/bin/healthd: Waited one second for android.hardware.health@1.0::IHealth/default. Waiting another...
01-07 03:53:24.628   906   906 I ServiceManagement: Removing namespace from process name android.hidl.allocator@1.0-service to allocator@1.0-s.
01-07 03:53:24.655   914   914 I init    : type=1400 audit(0.0:226): avc: denied { execute_no_trans } for path="/system/vendor/bin/perfd" dev="mmcblk0p47" ino=2269 scontext=u:r:init:s0 tcontext=u:object_r:vendor_file:s0 tclass=file permissive=1
01-07 03:53:24.725   914   914 E ANDR-PERF-MPCTL: Unable to create control service (stage=1, rc=0)
01-07 03:53:24.725   914   914 W libc    : invalid pthread_t (0) passed to libc
01-07 03:53:24.766   770   770 W dex2oat : Skipping class android.hidl.base.V1_0.DebugInfo$Architecture from /system/framework/android.hidl.base-V1.0-java.jar previously found in /system/framework/telephony-common.jar
01-07 03:53:24.767   770   902 W dex2oat : Skipping class android.hidl.base.V1_0.DebugInfo from /system/framework/android.hidl.base-V1.0-java.jar previously found in /system/framework/telephony-common.jar
01-07 03:53:24.767   770   902 W dex2oat : Skipping class android.hidl.base.V1_0.IBase$Stub from /system/framework/android.hidl.base-V1.0-java.jar previously found in /system/framework/telephony-common.jar
01-07 03:53:24.767   770   904 W dex2oat : Skipping class android.hidl.base.V1_0.IBase from /system/framework/android.hidl.base-V1.0-java.jar previously found in /system/framework/telephony-common.jar
01-07 03:53:24.767   770   770 W dex2oat : Skipping class android.hidl.base.V1_0.IBase$Proxy from /system/framework/android.hidl.base-V1.0-java.jar previously found in /system/framework/telephony-common.jar
01-07 03:53:24.789   767   767 W dex2oat : Skipping class android.hidl.base.V1_0.DebugInfo$Architecture from /system/framework/android.hidl.base-V1.0-java.jar previously found in /system/framework/telephony-common.jar
01-07 03:53:24.790   767   903 W dex2oat : Skipping class android.hidl.base.V1_0.IBase from /system/framework/android.hidl.base-V1.0-java.jar previously found in /system/framework/telephony-common.jar
01-07 03:53:24.790   767   905 W dex2oat : Skipping class android.hidl.base.V1_0.DebugInfo from /system/framework/android.hidl.base-V1.0-java.jar previously found in /system/framework/telephony-common.jar
01-07 03:53:24.790   767   900 W dex2oat : Skipping class android.hidl.base.V1_0.IBase$Proxy from /system/framework/android.hidl.base-V1.0-java.jar previously found in /system/framework/telephony-common.jar
01-07 03:53:24.790   767   767 W dex2oat : Skipping class android.hidl.base.V1_0.IBase$Stub from /system/framework/android.hidl.base-V1.0-java.jar previously found in /system/framework/telephony-common.jar
01-07 03:53:24.858   511   511 E Diag_Lib:  Diag_LSM_Init: Failed to open handle to diag driver, error = 2
01-07 03:53:24.942   511   511 E Diag_Lib:  Diag_LSM_Init: Failed to open handle to diag driver, error = 2
01-07 03:53:24.995   513   610 E ThermalEngine: [GPU_MON] ACTION: GPU - [GPU_MON] Setting GPU[0] to 600000000
01-07 03:53:24.999   513   609 E ThermalEngine: [BMHB_GOV] read failed VS_TEMP
01-07 03:53:25.099   495   495 W /system/bin/healthd: Waited one second for android.hardware.health@1.0::IHealth/default. Waiting another...
01-07 03:53:25.099   499   499 W /system/bin/surfaceflinger: Waited one second for android.hardware.configstore@1.0::ISurfaceFlingerConfigs/default. Waiting another...
01-07 03:53:25.140   907   907 I ServiceManagement: Removing namespace from process name android.hardware.configstore@1.0-service to configstore@1.0.
01-07 03:53:25.210   499   499 I /system/bin/surfaceflinger: android::hardware::configstore::V1_0::ISurfaceFlingerConfigs::maxFrameBufferAcquiredBuffers retrieved: 3
01-07 03:53:25.235   499   499 I /system/bin/surfaceflinger: android::hardware::configstore::V1_0::ISurfaceFlingerConfigs::startGraphicsAllocatorService retrieved: 1
01-07 03:53:25.251   850   850 E SELinux : avc:  denied  { add } for interface=android.hardware.graphics.allocator::IAllocator pid=499 scontext=u:r:surfaceflinger:s0 tcontext=u:object_r:hal_graphics_allocator_hwservice:s0 tclass=hwservice_manager
01-07 03:53:25.302   499   499 I SurfaceFlinger: Registration complete for android.hardware.graphics.allocator@2.0::IAllocator/default.
