01-05 12:32:07.302   515   515 D QC-time-services: Daemon:genoff_init_config: Other bases initilized, exiting genoff_init
01-05 12:32:07.302   515   515 D QC-time-services: Daemon:rtc_get: Time read from RTC -- MM/DD/YY HH:MM:SS0/5/115 12:32:6
01-05 12:32:07.302   515   515 D QC-time-services: Daemon:genoff_opr: Base = 1, val = 0, operation = 1
01-05 12:32:07.302   515   515 D QC-time-services: Daemon: genoff get for 1
01-05 12:32:07.302   515   515 D QC-time-services: Daemon:rtc_get: Time read from RTC -- MM/DD/YY HH:MM:SS0/5/115 12:32:6
01-05 12:32:07.302   515   515 D QC-time-services: Daemon:Value read from RTC seconds = 1420461126000
01-05 12:32:07.302   515   515 D QC-time-services: Daemon:Value read from generic offset = 0
01-05 12:32:07.302   515   515 D QC-time-services: Daemon:Final Time = 1420461126000
01-05 12:32:07.302   515   515 D QC-time-services: Daemon:genoff_boot_tod_init: Setting system time to sec =1420461126, nsec =0
01-05 12:32:06.245   489   489 E Diag_Lib:  Diag_LSM_Init: Failed to open handle to diag driver, error = 2
01-05 12:32:06.262   525   525 I Netd    : Netd 1.0 starting
01-05 12:32:06.262   525   525 D TetherController: Setting IP forward enable = 0
01-05 12:32:06.362   514   598 E Sensors : mag_cal.c(1609):mag_cal_sam_init: Unknown UUID(1) cb8db385-b92b-a4a7
01-05 12:32:06.362   514   598 E Sensors : mag_cal.c(1614):mag_cal_sam_init: Unknown UUID(2) 67e7-81216a1bd0f0
01-05 12:32:06.362   514   598 E Sensors : sns_sam.c(4463):Failed to register algorithm service 16 with SAM
01-05 12:32:06.440   587   587 E Diag_Lib:  Diag_LSM_Init: Failed to open handle to diag driver, error = 2
01-05 12:32:06.441   587   587 E Diag_Lib: qpLogDiagInit <== result : 0
01-05 12:32:06.441   587   587 E Diag_Lib: DATAD : gIsQXDMDisabled 0, gIsADBDisabled 1, gIsDebugDisabled 0, gIsIMSLogsDisabled 0
01-05 12:32:06.441   587   587 E Diag_Lib:  Diag_LSM_Init: Failed to open handle to diag driver, error = 2
01-05 12:32:06.441   587   587 E Diag_Lib: qpLogDiagInit <== result : 0
01-05 12:32:06.441   587   587 E Diag_Lib: DATAD : gIsQXDMDisabled 0, gIsADBDisabled 1, gIsDebugDisabled 0, gIsIMSLogsDisabled 0
01-05 12:32:06.441   587   587 E Diag_Lib: [IMS_DataD] imsdatad.c | 5236 | | 587 |DATAD#$$#0#DATAD STARTED
01-05 12:32:06.441   587   587 E Diag_Lib:  Diag_LSM_Init: Failed to open handle to diag driver, error = 2
01-05 12:32:06.441   587   587 E Diag_Lib: qpLogDiagInit <== result : 0
01-05 12:32:06.441   587   587 E Diag_Lib: DATAD : gIsQXDMDisabled 0, gIsADBDisabled 1, gIsDebugDisabled 0, gIsIMSLogsDisabled 0
01-05 12:32:06.441   587   587 E Diag_Lib:  Diag_LSM_Init: Failed to open handle to diag driver, error = 2
01-05 12:32:06.441   587   587 E Diag_Lib: qpLogDiagInit <== result : 0
01-05 12:32:06.441   587   587 E Diag_Lib: DATAD : gIsQXDMDisabled 0, gIsADBDisabled 1, gIsDebugDisabled 0, gIsIMSLogsDisabled 0
01-05 12:32:06.441   587   587 E Diag_Lib:  Diag_LSM_Init: Failed to open handle to diag driver, error = 2
01-05 12:32:06.441   587   587 E Diag_Lib: qpLogDiagInit <== result : 0
01-05 12:32:06.441   587   587 E Diag_Lib: DATAD : gIsQXDMDisabled 0, gIsADBDisabled 1, gIsDebugDisabled 0, gIsIMSLogsDisabled 0
01-05 12:32:06.441   587   587 E Diag_Lib:  Diag_LSM_Init: Failed to open handle to diag driver, error = 2
01-05 12:32:06.441   587   587 E Diag_Lib: qpLogDiagInit <== result : 0
01-05 12:32:06.441   587   587 E Diag_Lib: DATAD : gIsQXDMDisabled 0, gIsADBDisabled 1, gIsDebugDisabled 0, gIsIMSLogsDisabled 0
01-05 12:32:06.463   587   587 E Diag_Lib:  Diag_LSM_Init: Failed to open handle to diag driver, error = 2
01-05 12:32:06.463   587   587 E Diag_Lib: qpLogDiagInit <== result : 0
01-05 12:32:06.463   587   587 E Diag_Lib: DATAD : gIsQXDMDisabled 0, gIsADBDisabled 1, gIsDebugDisabled 0, gIsIMSLogsDisabled 0
01-05 12:32:06.463   587   587 E Diag_Lib:  Diag_LSM_Init: Failed to open handle to diag driver, error = 2
01-05 12:32:06.463   587   587 E Diag_Lib: qpLogDiagInit <== result : 0
01-05 12:32:06.463   587   587 E Diag_Lib: DATAD : gIsQXDMDisabled 0, gIsADBDisabled 1, gIsDebugDisabled 0, gIsIMSLogsDisabled 0
01-05 12:32:06.463   587   587 E Diag_Lib:  Diag_LSM_Init: Failed to open handle to diag driver, error = 2
01-05 12:32:06.463   587   587 E Diag_Lib: qpLogDiagInit <== result : 0
01-05 12:32:06.463   587   587 E Diag_Lib: DATAD : gIsQXDMDisabled 0, gIsADBDisabled 1, gIsDebugDisabled 0, gIsIMSLogsDisabled 0
01-05 12:32:06.463   587   587 E Diag_Lib:  Diag_LSM_Init: Failed to open handle to diag driver, error = 2
01-05 12:32:06.463   587   587 E Diag_Lib: qpLogDiagInit <== result : 0
01-05 12:32:06.464   587   587 E Diag_Lib: DATAD : gIsQXDMDisabled 0, gIsADBDisabled 1, gIsDebugDisabled 0, gIsIMSLogsDisabled 0
01-05 12:32:06.464   587   587 E Diag_Lib:  Diag_LSM_Init: Failed to open handle to diag driver, error = 2
01-05 12:32:06.464   587   587 E Diag_Lib: qpLogDiagInit <== result : 0
01-05 12:32:06.464   587   587 E Diag_Lib: DATAD : gIsQXDMDisabled 0, gIsADBDisabled 1, gIsDebugDisabled 0, gIsIMSLogsDisabled 0
01-05 12:32:06.464   587   587 E Diag_Lib:  Diag_LSM_Init: Failed to open handle to diag driver, error = 2
01-05 12:32:06.464   587   587 E Diag_Lib: qpLogDiagInit <== result : 0
01-05 12:32:06.464   587   587 E Diag_Lib: DATAD : gIsQXDMDisabled 0, gIsADBDisabled 1, gIsDebugDisabled 0, gIsIMSLogsDisabled 0
01-05 12:32:06.464   587   587 E Diag_Lib:  Diag_LSM_Init: Failed to open handle to diag driver, error = 2
01-05 12:32:06.464   587   587 E Diag_Lib: qpLogDiagInit <== result : 0
01-05 12:32:06.464   587   587 E Diag_Lib: DATAD : gIsQXDMDisabled 0, gIsADBDisabled 1, gIsDebugDisabled 0, gIsIMSLogsDisabled 0
01-05 12:32:06.464   587   587 E Diag_Lib:  Diag_LSM_Init: Failed to open handle to diag driver, error = 2
01-05 12:32:06.464   587   587 E Diag_Lib: qpLogDiagInit <== result : 0
01-05 12:32:06.464   587   587 E Diag_Lib: DATAD : gIsQXDMDisabled 0, gIsADBDisabled 1, gIsDebugDisabled 0, gIsIMSLogsDisabled 0
01-05 12:32:06.464   587   587 E Diag_Lib:  Diag_LSM_Init: Failed to open handle to diag driver, error = 2
01-05 12:32:06.464   587   587 E Diag_Lib: qpLogDiagInit <== result : 0
01-05 12:32:06.464   587   587 E Diag_Lib: DATAD : gIsQXDMDisabled 0, gIsADBDisabled 1, gIsDebugDisabled 0, gIsIMSLogsDisabled 0
01-05 12:32:06.464   587   587 E Diag_Lib:  Diag_LSM_Init: Failed to open handle to diag driver, error = 2
01-05 12:32:06.464   587   587 E Diag_Lib: qpLogDiagInit <== result : 0
01-05 12:32:06.464   587   587 E Diag_Lib: DATAD : gIsQXDMDisabled 0, gIsADBDisabled 1, gIsDebugDisabled 0, gIsIMSLogsDisabled 0
01-05 12:32:06.464   587   587 E Diag_Lib:  Diag_LSM_Init: Failed to open handle to diag driver, error = 2
01-05 12:32:06.531   734   734 W ip6tables: type=1400 audit(0.0:132): avc: granted { getattr } for path="/vendor" dev="rootfs" ino=8787 scontext=u:r:netd:s0 tcontext=u:object_r:rootfs:s0 tclass=lnk_file
01-05 12:32:06.535   514   514 I sensors.qcom: type=1400 audit(0.0:133): avc: denied { getattr } for path="/dev/socket/sensor_ctl_socket" dev="tmpfs" ino=15587 scontext=u:r:init:s0 tcontext=u:object_r:socket_device:s0 tclass=sock_file permissive=1
01-05 12:32:06.563   738   738 W iptables: type=1400 audit(0.0:134): avc: granted { getattr } for path="/vendor" dev="rootfs" ino=8787 scontext=u:r:netd:s0 tcontext=u:object_r:rootfs:s0 tclass=lnk_file
01-05 12:32:06.579   739   739 W ip6tables: type=1400 audit(0.0:135): avc: granted { getattr } for path="/vendor" dev="rootfs" ino=8787 scontext=u:r:netd:s0 tcontext=u:object_r:rootfs:s0 tclass=lnk_file
01-05 12:32:06.611   514   514 I sensors.qcom: type=1400 audit(0.0:136): avc: denied { write } for name="sensor_ctl_socket" dev="tmpfs" ino=15587 scontext=u:r:init:s0 tcontext=u:object_r:socket_device:s0 tclass=sock_file permissive=1
01-05 12:32:06.464   587   587 E Diag_Lib: qpLogDiagInit <== result : 0
01-05 12:32:06.464   587   587 E Diag_Lib: DATAD : gIsQXDMDisabled 0, gIsADBDisabled 1, gIsDebugDisabled 0, gIsIMSLogsDisabled 0
01-05 12:32:06.472   501   501 V MediaUtils: physMem: 2948435968
01-05 12:32:06.472   501   501 V MediaUtils: requested limit: 589687180
01-05 12:32:06.472   501   501 V MediaUtils: actual limit: 589687180
01-05 12:32:06.472   501   501 V MediaUtils: original limits: -1/-1
01-05 12:32:06.472   501   501 V MediaUtils: new limits: 589687180/-1
01-05 12:32:06.472   501   501 I vndksupport: sphal namespace is not configured for this process. Loading libutils.so from the current namespace instead.
01-05 12:32:06.487   501   501 W /system/bin/mediaextractor: Could not read additional policy file '/vendor/etc/seccomp_policy/mediaextractor.policy'
01-05 12:32:06.487   501   501 W /system/bin/mediaextractor: libminijail[501]: allowing syscall: connect
01-05 12:32:06.487   501   501 W /system/bin/mediaextractor: libminijail[501]: allowing syscall: fcntl
01-05 12:32:06.487   501   501 W /system/bin/mediaextractor: libminijail[501]: allowing syscall: sendto
01-05 12:32:06.487   501   501 W /system/bin/mediaextractor: libminijail[501]: allowing syscall: socket
01-05 12:32:06.487   501   501 W /system/bin/mediaextractor: libminijail[501]: allowing syscall: writev
01-05 12:32:06.488   501   501 W /system/bin/mediaextractor: libminijail[501]: compile_file: nonexistent syscall '_llseek'
01-05 12:32:06.488   501   501 W /system/bin/mediaextractor: libminijail[501]: logging seccomp filter failures
01-05 12:32:06.538   519   519 D AndroidRuntime: >>>>>> START com.android.internal.os.ZygoteInit uid 0 <<<<<<
01-05 12:32:06.541   514   737 E Sensors : sns_debug_main.c(544):Debug Config File missing in EFS!
01-05 12:32:06.565   519   519 I zygote64: option[0]=-Xzygote
01-05 12:32:06.565   519   519 I zygote64: option[1]=-Xstacktracefile:/data/anr/traces.txt
01-05 12:32:06.565   519   519 I zygote64: option[2]=exit
01-05 12:32:06.565   519   519 I zygote64: option[3]=vfprintf
01-05 12:32:06.565   519   519 I zygote64: option[4]=sensitiveThread
01-05 12:32:06.565   519   519 I zygote64: option[5]=-verbose:gc
01-05 12:32:06.565   519   519 I zygote64: option[6]=-Xms8m
01-05 12:32:06.565   519   519 I zygote64: option[7]=-Xmx768m
01-05 12:32:06.565   519   519 I zygote64: option[8]=-XX:HeapGrowthLimit=288m
01-05 12:32:06.565   519   519 I zygote64: option[9]=-XX:HeapMinFree=512k
01-05 12:32:06.565   519   519 I zygote64: option[10]=-XX:HeapMaxFree=8m
01-05 12:32:06.565   519   519 I zygote64: option[11]=-XX:HeapTargetUtilization=0.75
01-05 12:32:06.565   519   519 I zygote64: option[12]=-Xusejit:true
01-05 12:32:06.565   519   519 I zygote64: option[13]=-Xjitsaveprofilinginfo
01-05 12:32:06.565   519   519 I zygote64: option[14]=-agentlib:jdwp=transport=dt_android_adb,suspend=n,server=y
01-05 12:32:06.565   519   519 I zygote64: option[15]=-Xlockprofthreshold:500
01-05 12:32:06.565   519   519 I zygote64: option[16]=-Ximage-compiler-option
01-05 12:32:06.565   519   519 I zygote64: option[17]=--runtime-arg
01-05 12:32:06.565   519   519 I zygote64: option[18]=-Ximage-compiler-option
01-05 12:32:06.565   519   519 I zygote64: option[19]=-Xms64m
01-05 12:32:06.565   519   519 I zygote64: option[20]=-Ximage-compiler-option
01-05 12:32:06.565   519   519 I zygote64: option[21]=--runtime-arg
01-05 12:32:06.565   519   519 I zygote64: option[22]=-Ximage-compiler-option
01-05 12:32:06.565   519   519 I zygote64: option[23]=-Xmx64m
01-05 12:32:06.565   519   519 I zygote64: option[24]=-Ximage-compiler-option
01-05 12:32:06.565   519   519 I zygote64: option[25]=--image-classes=/system/etc/preloaded-classes
01-05 12:32:06.565   519   519 I zygote64: option[26]=-Ximage-compiler-option
01-05 12:32:06.565   519   519 I zygote64: option[27]=--compiled-classes=/system/etc/compiled-classes
01-05 12:32:06.565   519   519 I zygote64: option[28]=-Xcompiler-option
01-05 12:32:06.565   519   519 I zygote64: option[29]=--runtime-arg
01-05 12:32:06.565   519   519 I zygote64: option[30]=-Xcompiler-option
01-05 12:32:06.565   519   519 I zygote64: option[31]=-Xms64m
01-05 12:32:06.565   519   519 I zygote64: option[32]=-Xcompiler-option
01-05 12:32:06.565   519   519 I zygote64: option[33]=--runtime-arg
01-05 12:32:06.565   519   519 I zygote64: option[34]=-Xcompiler-option
01-05 12:32:06.565   519   519 I zygote64: option[35]=-Xmx512m
01-05 12:32:06.565   519   519 I zygote64: option[36]=-Xcompiler-option
01-05 12:32:06.565   519   519 I zygote64: option[37]=-j2
01-05 12:32:06.565   519   519 I zygote64: option[38]=-Ximage-compiler-option
01-05 12:32:06.566   519   519 I zygote64: option[39]=-j4
01-05 12:32:06.566   519   519 I zygote64: option[40]=-Ximage-compiler-option
01-05 12:32:06.566   519   519 I zygote64: option[41]=--instruction-set-variant=generic
01-05 12:32:06.566   519   519 I zygote64: option[42]=-Xcompiler-option
01-05 12:32:06.566   519   519 I zygote64: option[43]=--instruction-set-variant=generic
01-05 12:32:06.566   519   519 I zygote64: option[44]=-Ximage-compiler-option
01-05 12:32:06.566   519   519 I zygote64: option[45]=--instruction-set-features=default
01-05 12:32:06.566   519   519 I zygote64: option[46]=-Xcompiler-option
01-05 12:32:06.566   519   519 I zygote64: option[47]=--instruction-set-features=default
01-05 12:32:06.566   519   519 I zygote64: option[48]=-Duser.locale=en-US
01-05 12:32:06.566   519   519 I zygote64: option[49]=--cpu-abilist=arm64-v8a
01-05 12:32:06.566   519   519 I zygote64: option[50]=-Xfingerprint:lge/p1_global_com/p1:8.0/NRD90U/171931902b165:user/release-keys
01-05 12:32:06.594   508   508 I /vendor/bin/hw/android.hardware.media.omx@1.0-service: mediacodecservice starting
01-05 12:32:06.623   508   508 W /vendor/bin/hw/android.hardware.media.omx@1.0-service: Could not read additional policy file '/vendor/etc/seccomp_policy/mediacodec.policy'
01-05 12:32:06.624   508   508 W /vendor/bin/hw/android.hardware.media.omx@1.0-service: libminijail[508]: allowing syscall: clock_gettime
01-05 12:32:06.624   508   508 W /vendor/bin/hw/android.hardware.media.omx@1.0-service: libminijail[508]: allowing syscall: connect
01-05 12:32:06.624   508   508 W /vendor/bin/hw/android.hardware.media.omx@1.0-service: libminijail[508]: allowing syscall: fcntl64
01-05 12:32:06.624   508   508 W /vendor/bin/hw/android.hardware.media.omx@1.0-service: libminijail[508]: allowing syscall: socket
01-05 12:32:06.624   508   508 W /vendor/bin/hw/android.hardware.media.omx@1.0-service: libminijail[508]: allowing syscall: writev
01-05 12:32:06.625   508   508 W /vendor/bin/hw/android.hardware.media.omx@1.0-service: libminijail[508]: logging seccomp filter failures
01-05 12:32:06.656   520   520 D AndroidRuntime: >>>>>> START com.android.internal.os.ZygoteInit uid 0 <<<<<<
01-05 12:32:06.623   742   742 I sensors.qcom: type=1400 audit(0.0:137): avc: denied { create } for scontext=u:r:init:s0 tcontext=u:r:init:s0 tclass=socket permissive=1
01-05 12:32:06.623   742   742 I sensors.qcom: type=1400 audit(0.0:138): avc: denied { ioctl } for path="socket:[15615]" dev="sockfs" ino=15615 ioctlcmd=c304 scontext=u:r:init:s0 tcontext=u:r:init:s0 tclass=socket permissive=1
01-05 12:32:06.623   741   741 W iptables: type=1400 audit(0.0:139): avc: granted { getattr } for path="/vendor" dev="rootfs" ino=8787 scontext=u:r:netd:s0 tcontext=u:object_r:rootfs:s0 tclass=lnk_file
01-05 12:32:06.659   746   746 I start   : type=1400 audit(0.0:140): avc: denied { write } for name="property_service" dev="tmpfs" ino=1825 scontext=u:r:toolbox:s0 tcontext=u:object_r:property_socket:s0 tclass=sock_file permissive=1
01-05 12:32:06.659   746   746 I start   : type=1400 audit(0.0:141): avc: denied { connectto } for path="/dev/socket/property_service" scontext=u:r:toolbox:s0 tcontext=u:r:init:s0 tclass=unix_stream_socket permissive=1
01-05 12:32:06.682   520   520 I zygote  : option[0]=-Xzygote
01-05 12:32:06.682   520   520 I zygote  : option[1]=-Xstacktracefile:/data/anr/traces.txt
01-05 12:32:06.682   520   520 I zygote  : option[2]=exit
01-05 12:32:06.682   520   520 I zygote  : option[3]=vfprintf
01-05 12:32:06.682   520   520 I zygote  : option[4]=sensitiveThread
01-05 12:32:06.682   520   520 I zygote  : option[5]=-verbose:gc
01-05 12:32:06.682   520   520 I zygote  : option[6]=-Xms8m
01-05 12:32:06.682   520   520 I zygote  : option[7]=-Xmx768m
01-05 12:32:06.682   520   520 I zygote  : option[8]=-XX:HeapGrowthLimit=288m
01-05 12:32:06.682   520   520 I zygote  : option[9]=-XX:HeapMinFree=512k
01-05 12:32:06.682   520   520 I zygote  : option[10]=-XX:HeapMaxFree=8m
01-05 12:32:06.682   520   520 I zygote  : option[11]=-XX:HeapTargetUtilization=0.75
01-05 12:32:06.682   520   520 I zygote  : option[12]=-Xusejit:true
01-05 12:32:06.682   520   520 I zygote  : option[13]=-Xjitsaveprofilinginfo
01-05 12:32:06.682   520   520 I zygote  : option[14]=-agentlib:jdwp=transport=dt_android_adb,suspend=n,server=y
01-05 12:32:06.682   520   520 I zygote  : option[15]=-Xlockprofthreshold:500
01-05 12:32:06.682   520   520 I zygote  : option[16]=-Ximage-compiler-option
01-05 12:32:06.682   520   520 I zygote  : option[17]=--runtime-arg
01-05 12:32:06.682   520   520 I zygote  : option[18]=-Ximage-compiler-option
01-05 12:32:06.682   520   520 I zygote  : option[19]=-Xms64m
01-05 12:32:06.682   520   520 I zygote  : option[20]=-Ximage-compiler-option
01-05 12:32:06.682   520   520 I zygote  : option[21]=--runtime-arg
01-05 12:32:06.682   520   520 I zygote  : option[22]=-Ximage-compiler-option
01-05 12:32:06.682   520   520 I zygote  : option[23]=-Xmx64m
01-05 12:32:06.682   520   520 I zygote  : option[24]=-Ximage-compiler-option
01-05 12:32:06.682   520   520 I zygote  : option[25]=--image-classes=/system/etc/preloaded-classes
01-05 12:32:06.682   520   520 I zygote  : option[26]=-Ximage-compiler-option
01-05 12:32:06.682   520   520 I zygote  : option[27]=--compiled-classes=/system/etc/compiled-classes
01-05 12:32:06.682   520   520 I zygote  : option[28]=-Xcompiler-option
01-05 12:32:06.683   520   520 I zygote  : option[29]=--runtime-arg
01-05 12:32:06.683   520   520 I zygote  : option[30]=-Xcompiler-option
01-05 12:32:06.683   520   520 I zygote  : option[31]=-Xms64m
01-05 12:32:06.683   520   520 I zygote  : option[32]=-Xcompiler-option
01-05 12:32:06.683   520   520 I zygote  : option[33]=--runtime-arg
01-05 12:32:06.683   520   520 I zygote  : option[34]=-Xcompiler-option
01-05 12:32:06.683   520   520 I zygote  : option[35]=-Xmx512m
01-05 12:32:06.683   520   520 I zygote  : option[36]=-Xcompiler-option
01-05 12:32:06.683   520   520 I zygote  : option[37]=-j2
01-05 12:32:06.683   520   520 I zygote  : option[38]=-Ximage-compiler-option
01-05 12:32:06.683   520   520 I zygote  : option[39]=-j4
01-05 12:32:06.683   520   520 I zygote  : option[40]=-Ximage-compiler-option
01-05 12:32:06.683   520   520 I zygote  : option[41]=--instruction-set-variant=cortex-a53.a57
01-05 12:32:06.683   520   520 I zygote  : option[42]=-Xcompiler-option
01-05 12:32:06.683   520   520 I zygote  : option[43]=--instruction-set-variant=cortex-a53.a57
01-05 12:32:06.683   520   520 I zygote  : option[44]=-Ximage-compiler-option
01-05 12:32:06.683   520   520 I zygote  : option[45]=--instruction-set-features=default
01-05 12:32:06.683   520   520 I zygote  : option[46]=-Xcompiler-option
01-05 12:32:06.683   520   520 I zygote  : option[47]=--instruction-set-features=default
01-05 12:32:06.683   520   520 I zygote  : option[48]=-Duser.locale=en-US
01-05 12:32:06.683   520   520 I zygote  : option[49]=--cpu-abilist=armeabi-v7a,armeabi
01-05 12:32:06.683   520   520 I zygote  : option[50]=-Xfingerprint:lge/p1_global_com/p1:8.0/NRD90U/171931902b165:user/release-keys
01-05 12:32:06.679   747   747 W ip6tables: type=1400 audit(0.0:142): avc: granted { getattr } for path="/vendor" dev="rootfs" ino=8787 scontext=u:r:netd:s0 tcontext=u:object_r:rootfs:s0 tclass=lnk_file
01-05 12:32:06.695   750   750 W iptables: type=1400 audit(0.0:143): avc: granted { getattr } for path="/vendor" dev="rootfs" ino=8787 scontext=u:r:netd:s0 tcontext=u:object_r:rootfs:s0 tclass=lnk_file
01-05 12:32:06.723   752   752 W ip6tables: type=1400 audit(0.0:144): avc: granted { getattr } for path="/vendor" dev="rootfs" ino=8787 scontext=u:r:netd:s0 tcontext=u:object_r:rootfs:s0 tclass=lnk_file
01-05 12:32:06.759   754   754 W iptables: type=1400 audit(0.0:145): avc: granted { getattr } for path="/vendor" dev="rootfs" ino=8787 scontext=u:r:netd:s0 tcontext=u:object_r:rootfs:s0 tclass=lnk_file
01-05 12:32:06.763   753   753 I start   : type=1400 audit(0.0:146): avc: denied { connectto } for path="/dev/socket/property_service" scontext=u:r:toolbox:s0 tcontext=u:r:init:s0 tclass=unix_stream_socket permissive=1
01-05 12:32:06.837   748   748 E Diag_Lib:  Diag_LSM_Init: Failed to open handle to diag driver, error = 2
01-05 12:32:06.838   748   748 I chatty  : uid=1001(radio) /system/bin/qmuxd identical 1 line
01-05 12:32:06.848   748   748 E Diag_Lib:  Diag_LSM_Init: Failed to open handle to diag driver, error = 2
01-05 12:32:06.876   755   755 E Diag_Lib:  Diag_LSM_Init: Failed to open handle to diag driver, error = 2
01-05 12:32:06.900   525   525 I Netd    : Creating child chains: 615.3ms
01-05 12:32:06.900   525   525 I Netd    : Setting up OEM hooks: 0.2ms
01-05 12:32:06.903   506   763 I /system/bin/storaged: storaged: Start
01-05 12:32:06.910   525   525 I Netd    : Setting up FirewallController hooks: 10.6ms
01-05 12:32:06.920   525   525 I Netd    : Setting up NatController hooks: 10.0ms
01-05 12:32:06.924   525   525 I Netd    : Setting up BandwidthController hooks: 3.3ms
01-05 12:32:06.924   525   525 I Netd    : Setting up IdletimerController hooks: 0.1ms
01-05 12:32:06.926   521   521 I FastMixerState: sMaxFastTracks = 8
01-05 12:32:06.930   525   525 I Netd    : Disabling bandwidth control: 6.2ms
01-05 12:32:06.931   525   525 E Netd    : Error adding route 0.0.0.0/0 -> (null) dummy0 to table 1002: File exists
01-05 12:32:06.932   525   525 I Netd    : Initializing RouteController: 1.8ms
01-05 12:32:06.934   525   525 D MDnsDS  : MDnsSdListener::Hander starting up
01-05 12:32:06.934   525   769 D MDnsDS  : MDnsSdListener starting to monitor
01-05 12:32:06.934   525   769 D MDnsDS  : Going to poll with pollCount 1
01-05 12:32:07.067   499   499 W /system/bin/keystore: Waited for hwservicemanager.ready for a second, waiting another...
01-05 12:32:07.768   520   520 I SamplingProfilerIntegration: Profiling disabled.
01-05 12:32:07.779   520   520 I zygote  : Explicit concurrent copying GC freed 180(10KB) AllocSpace objects, 0(0B) LOS objects, 98% free, 21KB/1557KB, paused 128us total 9.006ms
01-05 12:32:07.784   520   520 I zygote  : Explicit concurrent copying GC freed 9(32KB) AllocSpace objects, 0(0B) LOS objects, 98% free, 21KB/1557KB, paused 69us total 5.148ms
01-05 12:32:07.812   519   519 I SamplingProfilerIntegration: Profiling disabled.
01-05 12:32:07.813   519   519 D Zygote  : begin preload
01-05 12:32:07.813   519   519 I Zygote  : Installing ICU cache reference pinning...
01-05 12:32:07.813   519   519 I Zygote  : Preloading ICU data...
01-05 12:32:07.862   519   519 D Zygote64Timing: BeginIcuCachePinning took to complete: 49ms
01-05 12:32:07.863   519   519 I Zygote  : Preloading classes...
01-05 12:32:07.915   520   520 D Zygote32Timing: PostZygoteInitGC took to complete: 147ms
01-05 12:32:07.916   520   520 D Zygote32Timing: ZygoteInit took to complete: 151ms
01-05 12:32:07.917   520   520 I         : seccomp disabled by setenforce 0
01-05 12:32:07.917   520   520 I Zygote  : Accepting command socket connections
01-05 12:32:08.011   515   535 E QMI_FW  : QMUXD: WARNING qmi_qmux_if_pwr_up_init failed! rc=-1
01-05 12:32:08.012   515   535 I chatty  : uid=1000(system) /system/bin/time_daemon identical 2 lines
01-05 12:32:08.012   515   535 E QMI_FW  : QMUXD: WARNING qmi_qmux_if_pwr_up_init failed! rc=-1
01-05 12:32:08.012   515   535 E QC-time-services: Daemon:genoff_modem_qmi_service_request: qmi_client_get_service_list returned -2num_services 0
01-05 12:32:08.067   499   499 W /system/bin/keystore: Waited for hwservicemanager.ready for a second, waiting another...
01-05 12:32:08.203   782   782 I recovery: Installing new recovery image: failed
01-05 12:32:08.255   519   519 E ActivityRecognitionHardware: activity_recognition HAL is deprecated. class_init is effectively a no-op
01-05 12:32:08.286   519   519 I zygote64: Thread[1,tid=519,Native,Thread*=0x7742cbea00,peer=0x772c1ca8,"main"] recursive attempt to load library "/system/lib64/libmedia_jni.so"
01-05 12:32:08.287   519   519 D MtpDeviceJNI: register_android_mtp_MtpDevice
01-05 12:32:08.287   519   519 I zygote64: Thread[1,tid=519,Native,Thread*=0x7742cbea00,peer=0x772c1ca8,"main"] recursive attempt to load library "/system/lib64/libmedia_jni.so"
01-05 12:32:08.288   519   519 I zygote64: Thread[1,tid=519,Native,Thread*=0x7742cbea00,peer=0x772c1ca8,"main"] recursive attempt to load library "/system/lib64/libmedia_jni.so"
01-05 12:32:08.327   519   519 W main    : type=1400 audit(0.0:164): avc: granted { read } for name="cmdline" dev="proc" ino=4026535438 scontext=u:r:zygote:s0 tcontext=u:object_r:proc:s0 tclass=file
01-05 12:32:08.327   519   519 W main    : type=1400 audit(0.0:165): avc: granted { read open } for path="/proc/cmdline" dev="proc" ino=4026535438 scontext=u:r:zygote:s0 tcontext=u:object_r:proc:s0 tclass=file
read: unexpected EOF!
