01-07 03:53:21.039   513   513 I ThermalEngine: Found field 'set_point_clr'
01-07 03:53:21.039   513   513 I ThermalEngine: Found field 'action_type'
01-07 03:53:21.039   513   513 I ThermalEngine: Created section 'SS-CPU4'
01-07 03:53:21.039   513   513 I ThermalEngine: Algo Type 'ss'
01-07 03:53:21.039   513   513 I ThermalEngine: Parsing section SS-CPU4
01-07 03:53:21.039   513   513 I ThermalEngine: Found field 'sampling'
01-07 03:53:21.039   513   513 I ThermalEngine: Found field 'sensor'
01-07 03:53:21.039   513   513 I ThermalEngine: Found field 'device'
01-07 03:53:21.039   513   513 I ThermalEngine: Found field 'device_max_limit'
01-07 03:53:21.039   513   513 I ThermalEngine: Found field 'set_point'
01-07 03:53:21.039   513   513 I ThermalEngine: Found field 'set_point_clr'
01-07 03:53:21.039   513   513 I ThermalEngine: Found field 'action_type'
01-07 03:53:21.039   513   513 I ThermalEngine: Created section 'SS-CPU5'
01-07 03:53:21.039   513   513 I ThermalEngine: Algo Type 'ss'
01-07 03:53:21.039   513   513 I ThermalEngine: Parsing section SS-CPU5
01-07 03:53:21.039   513   513 I ThermalEngine: Found field 'sampling'
01-07 03:53:21.039   513   513 I ThermalEngine: Found field 'sensor'
01-07 03:53:21.039   513   513 I ThermalEngine: Found field 'device'
01-07 03:53:21.039   513   513 I ThermalEngine: Found field 'device_max_limit'
01-07 03:53:21.039   513   513 I ThermalEngine: Found field 'set_point'
01-07 03:53:21.039   513   513 I ThermalEngine: Found field 'set_point_clr'
01-07 03:53:21.039   513   513 I ThermalEngine: Found field 'action_type'
01-07 03:53:21.039   513   513 I ThermalEngine: Created section 'CPU4_HOTPLUG_MONITOR'
01-07 03:53:21.039   513   513 I ThermalEngine: Algo Type 'monitor'
01-07 03:53:21.039   513   513 I ThermalEngine: Parsing section CPU4_HOTPLUG_MONITOR
01-07 03:53:21.039   513   513 I ThermalEngine: Found field 'sampling'
01-07 03:53:21.039   513   513 I ThermalEngine: Found field 'sensor'
01-07 03:53:21.039   513   513 I ThermalEngine: Found field 'thresholds'
01-07 03:53:21.039   513   513 I ThermalEngine: Found field 'thresholds_clr'
01-07 03:53:21.039   513   513 I ThermalEngine: Found field 'actions'
01-07 03:53:21.039   513   513 I ThermalEngine: Found field 'action_info'
01-07 03:53:21.039   513   513 I ThermalEngine: Created section 'CPU5_HOTPLUG_MONITOR'
01-07 03:53:21.039   513   513 I ThermalEngine: Algo Type 'monitor'
01-07 03:53:21.039   513   513 I ThermalEngine: Parsing section CPU5_HOTPLUG_MONITOR
01-07 03:53:21.039   513   513 I ThermalEngine: Found field 'sampling'
01-07 03:53:21.039   513   513 I ThermalEngine: Found field 'sensor'
01-07 03:53:21.039   513   513 I ThermalEngine: Found field 'thresholds'
01-07 03:53:21.039   513   513 I ThermalEngine: Found field 'thresholds_clr'
01-07 03:53:21.039   513   513 I ThermalEngine: Found field 'actions'
01-07 03:53:21.040   513   513 I ThermalEngine: Found field 'action_info'
01-07 03:53:21.040   513   513 I ThermalEngine: pid_algo_init: No PID's to be configured.
01-07 03:53:21.040   513   513 I ThermalEngine: [CPU5_HOTPLUG_MONITOR]
01-07 03:53:21.040   513   513 I ThermalEngine: algo_type monitor
01-07 03:53:21.040   513   513 I ThermalEngine: sampling 1000
01-07 03:53:21.040   513   513 I ThermalEngine: sensor xo_therm
01-07 03:53:21.040   513   513 I ThermalEngine: thresholds 57000
01-07 03:53:21.040   513   513 I ThermalEngine: thresholds_clr 54000
01-07 03:53:21.040   513   513 I ThermalEngine: actions hotplug_5
01-07 03:53:21.040   513   513 I ThermalEngine: action_info 1
01-07 03:53:21.040   513   513 I ThermalEngine: [CPU4_HOTPLUG_MONITOR]
01-07 03:53:21.040   513   513 I ThermalEngine: algo_type monitor
01-07 03:53:21.040   513   513 I ThermalEngine: sampling 1000
01-07 03:53:21.040   513   513 I ThermalEngine: sensor xo_therm
01-07 03:53:21.040   513   513 I ThermalEngine: thresholds 59000
01-07 03:53:21.040   513   513 I ThermalEngine: thresholds_clr 56000
01-07 03:53:21.040   513   513 I ThermalEngine: actions hotplug_4
01-07 03:53:21.040   513   513 I ThermalEngine: action_info 1
01-07 03:53:21.040   513   513 I ThermalEngine: [wlchg_monitor]
01-07 03:53:21.040   513   513 I ThermalEngine: algo_type monitor
01-07 03:53:21.040   513   513 I ThermalEngine: sampling 10000
01-07 03:53:21.040   513   513 I ThermalEngine: sensor xo_therm
01-07 03:53:21.040   513   513 I ThermalEngine: thresholds 42000 48000 53000
01-07 03:53:21.040   513   513 I ThermalEngine: thresholds_clr 40000 45000 50000
01-07 03:53:21.040   513   513 I ThermalEngine: actions wlchg wlchg wlchg
01-07 03:53:21.040   513   513 I ThermalEngine: action_info 900 700 500
01-07 03:53:21.040   513   513 I ThermalEngine: [qc20_battery_monitor]
01-07 03:53:21.040   513   513 I ThermalEngine: algo_type monitor
01-07 03:53:21.040   513   513 I ThermalEngine: sampling 10000
01-07 03:53:21.040   513   513 I ThermalEngine: sensor xo_batt
01-07 03:53:21.040   513   513 I ThermalEngine: thresholds 48000 56000 58000
01-07 03:53:21.040   513   513 I ThermalEngine: thresholds_clr 46000 55000 57000
01-07 03:53:21.040   513   513 I ThermalEngine: actions battery_quick battery_quick battery_quick
01-07 03:53:21.040   513   513 I ThermalEngine: action_info 3000 600 300
01-07 03:53:21.040   513   513 I ThermalEngine: [battery_monitor]
01-07 03:53:21.040   513   513 I ThermalEngine: algo_type monitor
01-07 03:53:21.040   513   513 I ThermalEngine: sampling 10000
01-07 03:53:21.040   513   513 I ThermalEngine: sensor xo_batt
01-07 03:53:21.040   513   513 I ThermalEngine: thresholds 48000 56000 58000
01-07 03:53:21.041   513   513 I ThermalEngine: thresholds_clr 46000 55000 57000
01-07 03:53:21.041   513   513 I ThermalEngine: actions battery battery battery
01-07 03:53:21.041   513   513 I ThermalEngine: action_info 3000 600 300
01-07 03:53:21.041   513   513 I ThermalEngine: [LCD_management]
01-07 03:53:21.041   513   513 I ThermalEngine: algo_type monitor
01-07 03:53:21.041   513   513 I ThermalEngine: sampling 10000
01-07 03:53:21.041   513   513 I ThermalEngine: sensor xo_therm
01-07 03:53:21.041   513   513 I ThermalEngine: thresholds 44000 47000 50000 53000
01-07 03:53:21.041   513   513 I ThermalEngine: thresholds_clr 42000 45000 48000 51000
01-07 03:53:21.041   513   513 I ThermalEngine: actions lcd lcd lcd lcd
01-07 03:53:21.041   513   513 I ThermalEngine: action_info 255 232 208 183
01-07 03:53:21.041   513   513 I ThermalEngine: override 25000
01-07 03:53:21.041   513   513 I ThermalEngine: [SS-GPU_management]
01-07 03:53:21.041   513   513 I ThermalEngine: algo_type monitor
01-07 03:53:21.041   513   513 I ThermalEngine: sampling 10000
01-07 03:53:21.041   513   513 I ThermalEngine: sensor xo_therm
01-07 03:53:21.041   513   513 I ThermalEngine: thresholds 46000 48000 50000 53000 55000
01-07 03:53:21.041   513   513 I ThermalEngine: thresholds_clr 44500 46500 48500 51500 53500
01-07 03:53:21.041   513   513 I ThermalEngine: actions gpu gpu gpu gpu gpu
01-07 03:53:21.041   513   513 I ThermalEngine: action_info 600000000 490000000 450000000 367000000 300000000
01-07 03:53:21.041   513   513 I ThermalEngine: [SS-BIG_CLUSTER_management]
01-07 03:53:21.041   513   513 I ThermalEngine: algo_type monitor
01-07 03:53:21.041   513   513 I ThermalEngine: sampling 10000
01-07 03:53:21.041   513   513 I ThermalEngine: sensor xo_therm
01-07 03:53:21.041   513   513 I ThermalEngine: thresholds 43000 45000 48000 53000
01-07 03:53:21.041   513   513 I ThermalEngine: thresholds_clr 41000 43000 45000 48000
01-07 03:53:21.041   513   513 I ThermalEngine: actions cluster1 cluster1 cluster1 cluster1
01-07 03:53:21.041   513   513 I ThermalEngine: action_info 1248000 1440000 1248000 960000
01-07 03:53:21.041   513   513 I ThermalEngine: [LITTLE_CLUSTER_management]
01-07 03:53:21.041   513   513 I ThermalEngine: algo_type monitor
01-07 03:53:21.041   513   513 I ThermalEngine: sampling 10000
01-07 03:53:21.041   513   513 I ThermalEngine: sensor xo_therm
01-07 03:53:21.041   513   513 I ThermalEngine: thresholds 50000 53000 60000
01-07 03:53:21.041   513   513 I ThermalEngine: thresholds_clr 48000 51000 58000
01-07 03:53:21.041   513   513 I ThermalEngine: actions cluster0 cluster0 cluster0
01-07 03:53:21.041   513   513 I ThermalEngine: action_info 1248000 1248000 960000
01-07 03:53:21.041   513   513 I ThermalEngine: override 25000
01-07 03:53:21.041   513   513 I ThermalEngine: [VDD_RSTR_MONITOR-TSENS14]
01-07 03:53:21.041   513   513 I ThermalEngine: #algo_type monitor
01-07 03:53:21.041   513   513 I ThermalEngine: sampling 1000
01-07 03:53:21.041   513   513 I ThermalEngine: sensor tsens_tz_sensor14
01-07 03:53:21.041   513   513 I ThermalEngine: thresholds 5000
01-07 03:53:21.041   513   513 I ThermalEngine: thresholds_clr 10000
01-07 03:53:21.041   513   513 I ThermalEngine: actions vdd_restriction
01-07 03:53:21.041   513   513 I ThermalEngine: action_info 1
01-07 03:53:21.041   513   513 I ThermalEngine: descending
01-07 03:53:21.041   513   513 I ThermalEngine: [VDD_RSTR_MONITOR-TSENS13]
01-07 03:53:21.041   513   513 I ThermalEngine: #algo_type monitor
01-07 03:53:21.041   513   513 I ThermalEngine: sampling 1000
01-07 03:53:21.041   513   513 I ThermalEngine: sensor tsens_tz_sensor13
01-07 03:53:21.041   513   513 I ThermalEngine: thresholds 5000
01-07 03:53:21.041   513   513 I ThermalEngine: thresholds_clr 10000
01-07 03:53:21.041   513   513 I ThermalEngine: actions vdd_restriction
01-07 03:53:21.041   513   513 I ThermalEngine: action_info 1
01-07 03:53:21.042   513   513 I ThermalEngine: descending
01-07 03:53:21.042   513   513 I ThermalEngine: [VDD_RSTR_MONITOR-TSENS12]
01-07 03:53:21.042   513   513 I ThermalEngine: #algo_type monitor
01-07 03:53:21.042   513   513 I ThermalEngine: sampling 1000
01-07 03:53:21.042   513   513 I ThermalEngine: sensor tsens_tz_sensor12
01-07 03:53:21.042   513   513 I ThermalEngine: thresholds 5000
01-07 03:53:21.042   513   513 I ThermalEngine: thresholds_clr 10000
01-07 03:53:21.042   513   513 I ThermalEngine: actions vdd_restriction
01-07 03:53:21.042   513   513 I ThermalEngine: action_info 1
01-07 03:53:21.042   513   513 I ThermalEngine: descending
01-07 03:53:21.042   513   513 I ThermalEngine: [VDD_RSTR_MONITOR-TSENS11]
01-07 03:53:21.042   513   513 I ThermalEngine: #algo_type monitor
01-07 03:53:21.042   513   513 I ThermalEngine: sampling 1000
01-07 03:53:21.042   513   513 I ThermalEngine: sensor tsens_tz_sensor11
01-07 03:53:21.042   513   513 I ThermalEngine: thresholds 5000
01-07 03:53:21.042   513   513 I ThermalEngine: thresholds_clr 10000
01-07 03:53:21.042   513   513 I ThermalEngine: actions vdd_restriction
01-07 03:53:21.042   513   513 I ThermalEngine: action_info 1
01-07 03:53:21.042   513   513 I ThermalEngine: descending
01-07 03:53:21.047   542   542 W time_daemon: type=1400 audit(0.0:158): avc: granted { read } for name="rtc0" dev="tmpfs" ino=11184 scontext=u:r:init:s0 tcontext=u:object_r:rtc_device:s0 tclass=chr_file
01-07 03:53:21.047   542   542 W time_daemon: type=1400 audit(0.0:159): avc: granted { read open } for path="/dev/rtc0" dev="tmpfs" ino=11184 scontext=u:r:init:s0 tcontext=u:object_r:rtc_device:s0 tclass=chr_file
01-07 03:53:21.047   542   542 W time_daemon: type=1400 audit(0.0:160): avc: granted { read } for name="rtc0" dev="tmpfs" ino=11184 scontext=u:r:init:s0 tcontext=u:object_r:rtc_device:s0 tclass=chr_file
01-07 03:53:21.047   542   542 W time_daemon: type=1400 audit(0.0:161): avc: granted { read open } for path="/dev/rtc0" dev="tmpfs" ino=11184 scontext=u:r:init:s0 tcontext=u:object_r:rtc_device:s0 tclass=chr_file
01-07 03:53:21.047   542   542 I time_daemon: type=1400 audit(0.0:162): avc: denied { write } for name="alarm" dev="tmpfs" ino=1893 scontext=u:r:init:s0 tcontext=u:object_r:alarm_device:s0 tclass=chr_file permissive=1
01-07 03:53:21.049   542   542 D QC-time-services: Daemon:Unable to open filefor read
01-07 03:53:21.049   542   542 D QC-time-services: Daemon:genoff_post_init:Error in accessing storage
01-07 03:53:21.049   542   542 D QC-time-services: Daemon:genoff_init_config: Other bases initilized, exiting genoff_init
01-07 03:53:21.049   542   542 D QC-time-services: Daemon:rtc_get: Time read from RTC -- MM/DD/YY HH:MM:SS0/7/115 3:53:20
01-07 03:53:21.050   542   542 D QC-time-services: Daemon:genoff_opr: Base = 1, val = 0, operation = 1
01-07 03:53:21.050   542   542 D QC-time-services: Daemon: genoff get for 1
01-07 03:53:21.050   542   542 D QC-time-services: Daemon:rtc_get: Time read from RTC -- MM/DD/YY HH:MM:SS0/7/115 3:53:20
01-07 03:53:21.050   542   542 D QC-time-services: Daemon:Value read from RTC seconds = 1420602800000
01-07 03:53:21.050   542   542 D QC-time-services: Daemon:Value read from generic offset = 0
01-07 03:53:21.050   542   542 D QC-time-services: Daemon:Final Time = 1420602800000
01-07 03:53:21.050   542   542 D QC-time-services: Daemon:genoff_boot_tod_init: Setting system time to sec =1420602800, nsec =0
01-07 03:53:20.284   539   627 E Sensors : mag_cal.c(1614):mag_cal_sam_init: Unknown UUID(2) 67e7-81216a1bd0f0
01-07 03:53:20.284   539   627 E Sensors : sns_sam.c(4463):Failed to register algorithm service 16 with SAM
01-07 03:53:20.290   526   526 I mediaserver: ServiceManager: 0xf24174a0
01-07 03:53:20.322   518   518 D AndroidRuntime: >>>>>> START com.android.internal.os.ZygoteInit uid 0 <<<<<<
01-07 03:53:20.349   519   519 D AndroidRuntime: >>>>>> START com.android.internal.os.ZygoteInit uid 0 <<<<<<
01-07 03:53:20.352   567   567 E Diag_Lib:  Diag_LSM_Init: Failed to open handle to diag driver, error = 2
01-07 03:53:20.352   567   567 E Diag_Lib: qpLogDiagInit <== result : 0
01-07 03:53:20.352   567   567 E Diag_Lib: DATAD : gIsQXDMDisabled 0, gIsADBDisabled 1, gIsDebugDisabled 0, gIsIMSLogsDisabled 0
01-07 03:53:20.352   567   567 E Diag_Lib:  Diag_LSM_Init: Failed to open handle to diag driver, error = 2
01-07 03:53:20.352   567   567 E Diag_Lib: qpLogDiagInit <== result : 0
01-07 03:53:20.352   567   567 E Diag_Lib: DATAD : gIsQXDMDisabled 0, gIsADBDisabled 1, gIsDebugDisabled 0, gIsIMSLogsDisabled 0
01-07 03:53:20.352   567   567 E Diag_Lib: [IMS_DataD] imsdatad.c | 5236 | | 567 |DATAD#$$#0#DATAD STARTED
01-07 03:53:20.352   567   567 E Diag_Lib:  Diag_LSM_Init: Failed to open handle to diag driver, error = 2
01-07 03:53:20.352   567   567 E Diag_Lib: qpLogDiagInit <== result : 0
01-07 03:53:20.352   567   567 E Diag_Lib: DATAD : gIsQXDMDisabled 0, gIsADBDisabled 1, gIsDebugDisabled 0, gIsIMSLogsDisabled 0
01-07 03:53:20.352   567   567 E Diag_Lib:  Diag_LSM_Init: Failed to open handle to diag driver, error = 2
01-07 03:53:20.352   567   567 E Diag_Lib: qpLogDiagInit <== result : 0
01-07 03:53:20.352   567   567 E Diag_Lib: DATAD : gIsQXDMDisabled 0, gIsADBDisabled 1, gIsDebugDisabled 0, gIsIMSLogsDisabled 0
01-07 03:53:20.352   567   567 E Diag_Lib:  Diag_LSM_Init: Failed to open handle to diag driver, error = 2
01-07 03:53:20.352   567   567 E Diag_Lib: qpLogDiagInit <== result : 0
01-07 03:53:20.352   567   567 E Diag_Lib: DATAD : gIsQXDMDisabled 0, gIsADBDisabled 1, gIsDebugDisabled 0, gIsIMSLogsDisabled 0
01-07 03:53:20.352   567   567 E Diag_Lib:  Diag_LSM_Init: Failed to open handle to diag driver, error = 2
01-07 03:53:20.352   567   567 E Diag_Lib: qpLogDiagInit <== result : 0
01-07 03:53:20.352   567   567 E Diag_Lib: DATAD : gIsQXDMDisabled 0, gIsADBDisabled 1, gIsDebugDisabled 0, gIsIMSLogsDisabled 0
01-07 03:53:20.354   567   567 E Diag_Lib:  Diag_LSM_Init: Failed to open handle to diag driver, error = 2
01-07 03:53:20.354   567   567 E Diag_Lib: qpLogDiagInit <== result : 0
01-07 03:53:20.354   567   567 E Diag_Lib: DATAD : gIsQXDMDisabled 0, gIsADBDisabled 1, gIsDebugDisabled 0, gIsIMSLogsDisabled 0
01-07 03:53:20.354   567   567 E Diag_Lib:  Diag_LSM_Init: Failed to open handle to diag driver, error = 2
01-07 03:53:20.354   567   567 E Diag_Lib: qpLogDiagInit <== result : 0
01-07 03:53:20.354   567   567 E Diag_Lib: DATAD : gIsQXDMDisabled 0, gIsADBDisabled 1, gIsDebugDisabled 0, gIsIMSLogsDisabled 0
01-07 03:53:20.354   567   567 E Diag_Lib:  Diag_LSM_Init: Failed to open handle to diag driver, error = 2
01-07 03:53:20.354   567   567 E Diag_Lib: qpLogDiagInit <== result : 0
01-07 03:53:20.354   567   567 E Diag_Lib: DATAD : gIsQXDMDisabled 0, gIsADBDisabled 1, gIsDebugDisabled 0, gIsIMSLogsDisabled 0
01-07 03:53:20.354   567   567 E Diag_Lib:  Diag_LSM_Init: Failed to open handle to diag driver, error = 2
01-07 03:53:20.354   567   567 E Diag_Lib: qpLogDiagInit <== result : 0
01-07 03:53:20.354   567   567 E Diag_Lib: DATAD : gIsQXDMDisabled 0, gIsADBDisabled 1, gIsDebugDisabled 0, gIsIMSLogsDisabled 0
01-07 03:53:20.354   567   567 E Diag_Lib:  Diag_LSM_Init: Failed to open handle to diag driver, error = 2
01-07 03:53:20.354   567   567 E Diag_Lib: qpLogDiagInit <== result : 0
01-07 03:53:20.354   567   567 E Diag_Lib: DATAD : gIsQXDMDisabled 0, gIsADBDisabled 1, gIsDebugDisabled 0, gIsIMSLogsDisabled 0
01-07 03:53:20.354   567   567 E Diag_Lib:  Diag_LSM_Init: Failed to open handle to diag driver, error = 2
01-07 03:53:20.354   567   567 E Diag_Lib: qpLogDiagInit <== result : 0
01-07 03:53:20.354   567   567 E Diag_Lib: DATAD : gIsQXDMDisabled 0, gIsADBDisabled 1, gIsDebugDisabled 0, gIsIMSLogsDisabled 0
01-07 03:53:20.354   567   567 E Diag_Lib:  Diag_LSM_Init: Failed to open handle to diag driver, error = 2
01-07 03:53:20.354   567   567 E Diag_Lib: qpLogDiagInit <== result : 0
01-07 03:53:20.354   567   567 E Diag_Lib: DATAD : gIsQXDMDisabled 0, gIsADBDisabled 1, gIsDebugDisabled 0, gIsIMSLogsDisabled 0
01-07 03:53:20.355   567   567 E Diag_Lib:  Diag_LSM_Init: Failed to open handle to diag driver, error = 2
01-07 03:53:20.355   567   567 E Diag_Lib: qpLogDiagInit <== result : 0
01-07 03:53:20.355   567   567 E Diag_Lib: DATAD : gIsQXDMDisabled 0, gIsADBDisabled 1, gIsDebugDisabled 0, gIsIMSLogsDisabled 0
01-07 03:53:20.355   567   567 E Diag_Lib:  Diag_LSM_Init: Failed to open handle to diag driver, error = 2
01-07 03:53:20.355   567   567 E Diag_Lib: qpLogDiagInit <== result : 0
01-07 03:53:20.355   567   567 E Diag_Lib: DATAD : gIsQXDMDisabled 0, gIsADBDisabled 1, gIsDebugDisabled 0, gIsIMSLogsDisabled 0
01-07 03:53:20.355   567   567 E Diag_Lib:  Diag_LSM_Init: Failed to open handle to diag driver, error = 2
01-07 03:53:20.355   567   567 E Diag_Lib: qpLogDiagInit <== result : 0
01-07 03:53:20.355   567   567 E Diag_Lib: DATAD : gIsQXDMDisabled 0, gIsADBDisabled 1, gIsDebugDisabled 0, gIsIMSLogsDisabled 0
01-07 03:53:20.355   567   567 E Diag_Lib:  Diag_LSM_Init: Failed to open handle to diag driver, error = 2
01-07 03:53:20.355   567   567 E Diag_Lib: qpLogDiagInit <== result : 0
01-07 03:53:20.355   567   567 E Diag_Lib: DATAD : gIsQXDMDisabled 0, gIsADBDisabled 1, gIsDebugDisabled 0, gIsIMSLogsDisabled 0
01-07 03:53:20.372   519   519 I zygote  : option[0]=-Xzygote
01-07 03:53:20.372   519   519 I zygote  : option[1]=-Xstacktracefile:/data/anr/traces.txt
01-07 03:53:20.372   519   519 I zygote  : option[2]=exit
01-07 03:53:20.372   519   519 I zygote  : option[3]=vfprintf
01-07 03:53:20.372   519   519 I zygote  : option[4]=sensitiveThread
01-07 03:53:20.372   519   519 I zygote  : option[5]=-verbose:gc
01-07 03:53:20.373   519   519 I zygote  : option[6]=-Xms8m
01-07 03:53:20.373   519   519 I zygote  : option[7]=-Xmx768m
01-07 03:53:20.373   519   519 I zygote  : option[8]=-XX:HeapGrowthLimit=288m
01-07 03:53:20.373   519   519 I zygote  : option[9]=-XX:HeapMinFree=512k
01-07 03:53:20.373   519   519 I zygote  : option[10]=-XX:HeapMaxFree=8m
01-07 03:53:20.373   519   519 I zygote  : option[11]=-XX:HeapTargetUtilization=0.75
01-07 03:53:20.373   519   519 I zygote  : option[12]=-Xusejit:true
01-07 03:53:20.373   519   519 I zygote  : option[13]=-Xjitsaveprofilinginfo
01-07 03:53:20.373   519   519 I zygote  : option[14]=-agentlib:jdwp=transport=dt_android_adb,suspend=n,server=y
01-07 03:53:20.373   519   519 I zygote  : option[15]=-Xlockprofthreshold:500
01-07 03:53:20.373   519   519 I zygote  : option[16]=-Ximage-compiler-option
01-07 03:53:20.373   519   519 I zygote  : option[17]=--runtime-arg
01-07 03:53:20.373   519   519 I zygote  : option[18]=-Ximage-compiler-option
01-07 03:53:20.373   519   519 I zygote  : option[19]=-Xms64m
01-07 03:53:20.373   519   519 I zygote  : option[20]=-Ximage-compiler-option
01-07 03:53:20.373   519   519 I zygote  : option[21]=--runtime-arg
01-07 03:53:20.373   519   519 I zygote  : option[22]=-Ximage-compiler-option
01-07 03:53:20.373   519   519 I zygote  : option[23]=-Xmx64m
01-07 03:53:20.373   519   519 I zygote  : option[24]=-Ximage-compiler-option
01-07 03:53:20.373   519   519 I zygote  : option[25]=--image-classes=/system/etc/preloaded-classes
01-07 03:53:20.373   519   519 I zygote  : option[26]=-Ximage-compiler-option
01-07 03:53:20.373   519   519 I zygote  : option[27]=--compiled-classes=/system/etc/compiled-classes
01-07 03:53:20.373   519   519 I zygote  : option[28]=-Xcompiler-option
01-07 03:53:20.373   519   519 I zygote  : option[29]=--runtime-arg
01-07 03:53:20.373   519   519 I zygote  : option[30]=-Xcompiler-option
01-07 03:53:20.373   519   519 I zygote  : option[31]=-Xms64m
01-07 03:53:20.373   519   519 I zygote  : option[32]=-Xcompiler-option
01-07 03:53:20.373   519   519 I zygote  : option[33]=--runtime-arg
01-07 03:53:20.373   519   519 I zygote  : option[34]=-Xcompiler-option
01-07 03:53:20.373   519   519 I zygote  : option[35]=-Xmx512m
01-07 03:53:20.373   519   519 I zygote  : option[36]=-Xcompiler-option
01-07 03:53:20.373   519   519 I zygote  : option[37]=-j2
01-07 03:53:20.373   519   519 I zygote  : option[38]=-Ximage-compiler-option
01-07 03:53:20.373   519   519 I zygote  : option[39]=-j4
01-07 03:53:20.373   519   519 I zygote  : option[40]=-Ximage-compiler-option
01-07 03:53:20.373   519   519 I zygote  : option[41]=--instruction-set-variant=cortex-a53.a57
01-07 03:53:20.373   519   519 I zygote  : option[42]=-Xcompiler-option
01-07 03:53:20.373   519   519 I zygote  : option[43]=--instruction-set-variant=cortex-a53.a57
01-07 03:53:20.373   519   519 I zygote  : option[44]=-Ximage-compiler-option
01-07 03:53:20.373   519   519 I zygote  : option[45]=--instruction-set-features=default
01-07 03:53:20.373   519   519 I zygote  : option[46]=-Xcompiler-option
01-07 03:53:20.373   519   519 I zygote  : option[47]=--instruction-set-features=default
01-07 03:53:20.373   519   519 I zygote  : option[48]=-Duser.locale=en-US
01-07 03:53:20.373   519   519 I zygote  : option[49]=--cpu-abilist=armeabi-v7a,armeabi
01-07 03:53:20.373   519   519 I zygote  : option[50]=-Xfingerprint:lge/p1_global_com/p1:8.0/NRD90U/171931902b165:user/release-keys
01-07 03:53:20.408   519   519 I zygote  : Pruning dalvik-cache since we are generating an image and will need to recompile
01-07 03:53:20.408   519   519 I zygote  : Using an offset of 0x5e4000 from default art base address of 0x70000000
01-07 03:53:20.408   519   519 I zygote  : GenerateImage: /system/bin/dex2oat --image=/data/dalvik-cache/arm/system@framework@boot.art --dex-file=/system/framework/core-oj.jar --dex-file=/system/framework/core-libart.jar --dex-file=/system/framework/conscrypt.jar --dex-file=/system/framework/okhttp.jar --dex-file=/system/framework/legacy-test.jar --dex-file=/system/framework/bouncycastle.jar --dex-file=/system/framework/ext.jar --dex-file=/system/framework/framework.jar --dex-file=/system/framework/telephony-common.jar --dex-file=/system/framework/voip-common.jar --dex-file=/system/framework/ims-common.jar --dex-file=/system/framework/apache-xml.jar --dex-file=/system/framework/org.apache.http.legacy.boot.jar --dex-file=/system/framework/android.hidl.base-V1.0-java.jar --dex-file=/system/framework/android.hidl.manager-V1.0-java.jar --dex-file=/system/framework/telephony-ext.jar --oat-file=/data/dalvik-cache/arm/system@framework@boot.oat --instruction-set=arm --instruction-set-features=div,atomic_ldrd_strd,-armv8a --base=0x705e4000 --runtime-arg -Xms6
01-07 03:53:20.409   539   766 E Sensors : sns_debug_main.c(544):Debug Config File missing in EFS!
01-07 03:53:20.436   518   518 I zygote64: option[0]=-Xzygote
01-07 03:53:20.436   518   518 I zygote64: option[1]=-Xstacktracefile:/data/anr/traces.txt
01-07 03:53:20.436   518   518 I zygote64: option[2]=exit
01-07 03:53:20.436   518   518 I zygote64: option[3]=vfprintf
01-07 03:53:20.436   518   518 I zygote64: option[4]=sensitiveThread
01-07 03:53:20.436   518   518 I zygote64: option[5]=-verbose:gc
01-07 03:53:20.436   518   518 I zygote64: option[6]=-Xms8m
01-07 03:53:20.436   518   518 I zygote64: option[7]=-Xmx768m
01-07 03:53:20.436   518   518 I zygote64: option[8]=-XX:HeapGrowthLimit=288m
01-07 03:53:20.436   518   518 I zygote64: option[9]=-XX:HeapMinFree=512k
01-07 03:53:20.436   518   518 I zygote64: option[10]=-XX:HeapMaxFree=8m
01-07 03:53:20.436   518   518 I zygote64: option[11]=-XX:HeapTargetUtilization=0.75
01-07 03:53:20.436   518   518 I zygote64: option[12]=-Xusejit:true
01-07 03:53:20.436   518   518 I zygote64: option[13]=-Xjitsaveprofilinginfo
01-07 03:53:20.436   518   518 I zygote64: option[14]=-agentlib:jdwp=transport=dt_android_adb,suspend=n,server=y
01-07 03:53:20.436   518   518 I zygote64: option[15]=-Xlockprofthreshold:500
01-07 03:53:20.436   518   518 I zygote64: option[16]=-Ximage-compiler-option
01-07 03:53:20.436   518   518 I zygote64: option[17]=--runtime-arg
01-07 03:53:20.436   518   518 I zygote64: option[18]=-Ximage-compiler-option
01-07 03:53:20.436   518   518 I zygote64: option[19]=-Xms64m
01-07 03:53:20.436   518   518 I zygote64: option[20]=-Ximage-compiler-option
01-07 03:53:20.436   518   518 I zygote64: option[21]=--runtime-arg
01-07 03:53:20.436   518   518 I zygote64: option[22]=-Ximage-compiler-option
01-07 03:53:20.436   518   518 I zygote64: option[23]=-Xmx64m
01-07 03:53:20.436   518   518 I zygote64: option[24]=-Ximage-compiler-option
01-07 03:53:20.436   518   518 I zygote64: option[25]=--image-classes=/system/etc/preloaded-classes
01-07 03:53:20.436   518   518 I zygote64: option[26]=-Ximage-compiler-option
01-07 03:53:20.436   518   518 I zygote64: option[27]=--compiled-classes=/system/etc/compiled-classes
01-07 03:53:20.436   518   518 I zygote64: option[28]=-Xcompiler-option
01-07 03:53:20.436   518   518 I zygote64: option[29]=--runtime-arg
01-07 03:53:20.436   518   518 I zygote64: option[30]=-Xcompiler-option
01-07 03:53:20.436   518   518 I zygote64: option[31]=-Xms64m
01-07 03:53:20.436   518   518 I zygote64: option[32]=-Xcompiler-option
01-07 03:53:20.437   518   518 I zygote64: option[33]=--runtime-arg
01-07 03:53:20.437   518   518 I zygote64: option[34]=-Xcompiler-option
01-07 03:53:20.437   518   518 I zygote64: option[35]=-Xmx512m
01-07 03:53:20.437   518   518 I zygote64: option[36]=-Xcompiler-option
01-07 03:53:20.437   518   518 I zygote64: option[37]=-j2
01-07 03:53:20.437   518   518 I zygote64: option[38]=-Ximage-compiler-option
01-07 03:53:20.437   518   518 I zygote64: option[39]=-j4
01-07 03:53:20.437   518   518 I zygote64: option[40]=-Ximage-compiler-option
01-07 03:53:20.437   518   518 I zygote64: option[41]=--instruction-set-variant=generic
01-07 03:53:20.437   518   518 I zygote64: option[42]=-Xcompiler-option
01-07 03:53:20.437   518   518 I zygote64: option[43]=--instruction-set-variant=generic
01-07 03:53:20.437   518   518 I zygote64: option[44]=-Ximage-compiler-option
01-07 03:53:20.437   518   518 I zygote64: option[45]=--instruction-set-features=default
01-07 03:53:20.437   518   518 I zygote64: option[46]=-Xcompiler-option
01-07 03:53:20.437   518   518 I zygote64: option[47]=--instruction-set-features=default
01-07 03:53:20.437   518   518 I zygote64: option[48]=-Duser.locale=en-US
01-07 03:53:20.437   518   518 I zygote64: option[49]=--cpu-abilist=arm64-v8a
01-07 03:53:20.437   518   518 I zygote64: option[50]=-Xfingerprint:lge/p1_global_com/p1:8.0/NRD90U/171931902b165:user/release-keys
01-07 03:53:20.458   518   518 I zygote64: Pruning dalvik-cache since we are generating an image and will need to recompile
01-07 03:53:20.458   518   518 I zygote64: Using an offset of 0xfff31000 from default art base address of 0x70000000
01-07 03:53:20.458   518   518 I zygote64: GenerateImage: /system/bin/dex2oat --image=/data/dalvik-cache/arm64/system@framework@boot.art --dex-file=/system/framework/core-oj.jar --dex-file=/system/framework/core-libart.jar --dex-file=/system/framework/conscrypt.jar --dex-file=/system/framework/okhttp.jar --dex-file=/system/framework/legacy-test.jar --dex-file=/system/framework/bouncycastle.jar --dex-file=/system/framework/ext.jar --dex-file=/system/framework/framework.jar --dex-file=/system/framework/telephony-common.jar --dex-file=/system/framework/voip-common.jar --dex-file=/system/framework/ims-common.jar --dex-file=/system/framework/apache-xml.jar --dex-file=/system/framework/org.apache.http.legacy.boot.jar --dex-file=/system/framework/android.hidl.base-V1.0-java.jar --dex-file=/system/framework/android.hidl.manager-V1.0-java.jar --dex-file=/system/framework/telephony-ext.jar --oat-file=/data/dalvik-cache/arm64/system@framework@boot.oat --instruction-set=arm64 --instruction-set-features=a53 --base=0x6ff31000 --runtime-arg -Xms64m --runtime-arg -X
01-07 03:53:20.507   495   495 W /system/bin/healthd: Waited for hwservicemanager.ready for a second, waiting another...
01-07 03:53:20.539   510   510 I irsc_util: Starting irsc tool
01-07 03:53:20.608   496   496 D QSEECOMD: : qseecom listener services process entry PPID = 1
01-07 03:53:20.608   496   496 E QSEECOMD: : Listener: index = 0, hierarchy = 0
01-07 03:53:20.610   512   512 E ANDR-PERF-MPCTL: Unable to create control service (stage=1, rc=0)
01-07 03:53:20.610   512   512 W libc    : invalid pthread_t (0) passed to libc
01-07 03:53:20.630   497   497 I libmdmdetect: ESOC framework not supported
01-07 03:53:20.630   497   497 I libmdmdetect: Found internal modem: modem
01-07 03:53:20.631   510   510 I irsc_util: Num of entries:285
01-07 03:53:20.632   510   510 I irsc_util: Ending irsc tool
01-07 03:53:20.637   505   505 E PerMgrProxy: Starting pm-proxy service
01-07 03:53:20.637   505   505 I libmdmdetect: ESOC framework not supported
01-07 03:53:20.637   505   505 I libmdmdetect: Found internal modem: modem
01-07 03:53:20.637   505   505 I PerMgrProxy: Found internal modem
01-07 03:53:20.674   498   498 E SELinux : avc:  denied  { add } for service=vendor.qcom.PeripheralManager pid=497 uid=1000 scontext=u:r:init:s0 tcontext=u:object_r:default_android_service:s0 tclass=service_manager
01-07 03:53:20.677   508   508 E Diag_Lib:  Diag_LSM_Init: Failed to open handle to diag driver, error = 2
01-07 03:53:20.679   508   508 E Diag_Lib: qpLogDiagInit <== result : 0
01-07 03:53:20.679   508   508 E Diag_Lib: QMID : gIsQXDMDisabled 0, gIsADBDisabled 1, gIsDebugDisabled 0, gIsIMSLogsDisabled 0
01-07 03:53:20.679   508   508 E Diag_Lib:  Diag_LSM_Init: Failed to open handle to diag driver, error = 2
01-07 03:53:20.679   508   508 E Diag_Lib: qpLogDiagInit <== result : 0
01-07 03:53:20.679   508   508 E Diag_Lib: QMID : gIsQXDMDisabled 0, gIsADBDisabled 1, gIsDebugDisabled 0, gIsIMSLogsDisabled 0
01-07 03:53:20.679   508   508 E Diag_Lib: [IMS_QMID] |imsqmiserver.c | 538 | QMID#$$#0#QMI DAEMON STARTED
01-07 03:53:20.679   508   508 E Diag_Lib:  Diag_LSM_Init: Failed to open handle to diag driver, error = 2
01-07 03:53:20.679   508   508 E Diag_Lib: qpLogDiagInit <== result : 0
01-07 03:53:20.679   508   508 E Diag_Lib: QMID : gIsQXDMDisabled 0, gIsADBDisabled 1, gIsDebugDisabled 0, gIsIMSLogsDisabled 0
01-07 03:53:20.679   508   508 E Diag_Lib:  Diag_LSM_Init: Failed to open handle to diag driver, error = 2
01-07 03:53:20.679   508   508 E Diag_Lib: qpLogDiagInit <== result : 0
01-07 03:53:20.679   508   508 E Diag_Lib: QMID : gIsQXDMDisabled 0, gIsADBDisabled 1, gIsDebugDisabled 0, gIsIMSLogsDisabled 0
01-07 03:53:20.679   508   508 E Diag_Lib:  Diag_LSM_Init: Failed to open handle to diag driver, error = 2
01-07 03:53:20.679   508   508 E Diag_Lib: qpLogDiagInit <== result : 0
01-07 03:53:20.679   508   508 E Diag_Lib: QMID : gIsQXDMDisabled 0, gIsADBDisabled 1, gIsDebugDisabled 0, gIsIMSLogsDisabled 0
01-07 03:53:20.679   508   508 E Diag_Lib:  Diag_LSM_Init: Failed to open handle to diag driver, error = 2
01-07 03:53:20.679   508   508 E Diag_Lib: qpLogDiagInit <== result : 0
01-07 03:53:20.679   508   508 E Diag_Lib: QMID : gIsQXDMDisabled 0, gIsADBDisabled 1, gIsDebugDisabled 0, gIsIMSLogsDisabled 0
01-07 03:53:20.679   508   508 E Diag_Lib:  Diag_LSM_Init: Failed to open handle to diag driver, error = 2
01-07 03:53:20.679   508   508 E Diag_Lib: qpLogDiagInit <== result : 0
01-07 03:53:20.679   508   508 E Diag_Lib: QMID : gIsQXDMDisabled 0, gIsADBDisabled 1, gIsDebugDisabled 0, gIsIMSLogsDisabled 0
01-07 03:53:20.698   497   497 I PerMgrSrv: Peripheral Mananager service start
01-07 03:53:20.698   497   497 I PerMgrSrv: power-off timeout 500,ms; event-ack timeout 200,ms; debug-mode false
01-07 03:53:20.698   497   497 I PerMgrSrv: Statistics for : modem
01-07 03:53:20.698   497   497 I PerMgrSrv: modem: Current State : is off-line
01-07 03:53:20.698   497   497 I PerMgrSrv: modem: Voter/Listener count : 0/0
01-07 03:53:20.698   497   497 I PerMgrSrv: modem: Power on count : 0
01-07 03:53:20.698   497   497 I PerMgrSrv: modem: Power off count: 0
01-07 03:53:20.698   497   497 I PerMgrSrv: modem: Client list:
01-07 03:53:20.698   498   498 E SELinux : avc:  denied  { find } for service=vendor.qcom.PeripheralManager pid=505 uid=1000 scontext=u:r:init:s0 tcontext=u:object_r:default_android_service:s0 tclass=service_manager
01-07 03:53:20.712   496   496 D QSEECOMD: : Init dlopen(librpmb.so, RTLD_NOW) succeeds
01-07 03:53:20.712   496   496 D QSEECOMD: : Init::Init dlsym(g_FSHandle rpmb_init_service) succeeds
01-07 03:53:20.713   496   496 I rpmb_emmc: RPMB Mult = 16384, Rel_sec_cnt = 1
01-07 03:53:20.713   496   496 E DrmLibRpmb: rpmb_init succeeded! with ret = 0
01-07 03:53:20.713   496   496 D QSEECOMD: : Init rpmb_init_service ret = 0
01-07 03:53:20.713   496   496 D QSEECOMD: : RPMB system services: init (Listener ID = 8192)
01-07 03:53:20.713   496   496 E QSEECOMD: : Listener: index = 1, hierarchy = 0
01-07 03:53:20.723   496   496 D QSEECOMD: : Init dlopen(libssd.so, RTLD_NOW) succeeds
01-07 03:53:20.723   496   496 D QSEECOMD: : Init::Init dlsym(g_FSHandle ssd_init_service) succeeds
01-07 03:53:20.723   496   496 E SSD     : ssd_init_service succeeded!
01-07 03:53:20.723   496   496 D QSEECOMD: : Init ssd_init_service ret = 0
01-07 03:53:20.723   496   496 D QSEECOMD: : SSD system services: init (Listener ID = 12288)
01-07 03:53:20.723   496   496 E QSEECOMD: : Listener: index = 2, hierarchy = 0
01-07 03:53:20.729   517   517 D ImsWmsProxy: ImsWmsProxy :: IMS WMS Proxy is started
01-07 03:53:20.729   517   517 D ImsWmsProxy: ImsWmsProxy :: local socket (4)
01-07 03:53:20.729   517   517 D ImsWmsProxy: ImsWmsProxy :: IMS WMS Proxy is ready
01-07 03:53:20.734   497   540 I PerMgrSrv: QMI service start
01-07 03:53:20.741   497   541 D PerMgrSrv: modem state: is off-line, add client PM-PROXY-THREAD
01-07 03:53:20.741   497   541 D PerMgrSrv: PM-PROXY-THREAD registered
01-07 03:53:20.742   505   505 D PerMgrLib: PM-PROXY-THREAD successfully registered for modem
01-07 03:53:20.742   505   505 I PerMgrProxy: pm-proxy-thread Voting for internal modem
01-07 03:53:20.742   505   505 D PerMgrLib: PM-PROXY-THREAD voting for modem
01-07 03:53:20.757   497   541 D PerMgrSrv: PM-PROXY-THREAD voting for modem
01-07 03:53:20.757   497   541 D PerMgrSrv: modem new state: going on-line
01-07 03:53:20.757   497   541 D PerMgrSrv: modem num voters is 1
01-07 03:53:20.787   516   516 E Energy-Aware: Voltage plan not received for cpu4
01-07 03:53:20.787   516   516 E Energy-Aware: Failed to transfer voltage values for cpu4 err:-1
01-07 03:53:20.787   516   516 E Energy-Aware: Voltage plan not received for cpu5
01-07 03:53:20.787   516   516 E Energy-Aware: Failed to transfer voltage values for cpu5 err:-1
01-07 03:53:20.797   517   517 E Diag_Lib:  Diag_LSM_Init: Failed to open handle to diag driver, error = 2
01-07 03:53:20.808   496   496 E QSEECOMD: : Init dlopen(libsecureui.so, RLTD_NOW) is failed....
01-07 03:53:20.809   496   496 D QSEECOMD: : SEC_UI_INIT failed, shall not start secure ui listener
01-07 03:53:20.809   496   496 E QSEECOMD: : Listener: index = 5, hierarchy = 0
01-07 03:53:20.809   496   496 E QSEECOMD: : Init dlopen(libmdtp.so, RLTD_NOW) is failed....
01-07 03:53:20.809   496   496 D QSEECOMD: : ERROR: MDTP_INIT failed, shall not start MDTP listener
01-07 03:53:20.821   513   513 I ThermalEngine: Thermal daemon started
01-07 03:53:20.825   513   513 I ThermalEngine: Using target config file '/system/etc/thermal-engine-8992.conf'
01-07 03:53:20.877   496   496 D QSEECOMD: : Parent qseecom daemon process paused!! 
01-07 03:53:20.898   511   511 E Diag_Lib:  Diag_LSM_Init: Failed to open handle to diag driver, error = 2
01-07 03:53:20.908   556   556 D QSEECOMD: : qseecom listener service threads starting!!! 
01-07 03:53:20.908   556   556 D QSEECOMD: : Total listener services to start = 7
01-07 03:53:20.908   556   556 E QSEECOMD: : Listener: index = 0, hierarchy = 1
01-07 03:53:20.909   556   556 D QSEECOMD: : Init dlopen(librpmb.so, RTLD_NOW) succeeds
01-07 03:53:20.909   556   556 D QSEECOMD: : Init::Init dlsym(g_FSHandle rpmb_start) succeeds
01-07 03:53:20.909   556   556 D QSEECOMAPI: : QSEECom_register_listener 8192 sb_length = 0x5000
01-07 03:53:20.912   523   523 I installd: installd firing up
01-07 03:53:20.938   556   556 D QSEECOMD: : Init rpmb_start ret = 0
01-07 03:53:20.938   556   556 D QSEECOMD: : RPMB system services: Started (Listener ID = 8192)
01-07 03:53:20.938   556   556 E QSEECOMD: : Listener: index = 1, hierarchy = 1
01-07 03:53:20.938   556   556 D QSEECOMD: : Init dlopen(libssd.so, RTLD_NOW) succeeds
01-07 03:53:20.938   556   556 D QSEECOMD: : Init::Init dlsym(g_FSHandle ssd_start) succeeds
01-07 03:53:20.938   556   556 D QSEECOMAPI: : QSEECom_register_listener 12288 sb_length = 0x5000
01-07 03:53:20.946   556   556 D QSEECOMD: : Init ssd_start ret = 0
01-07 03:53:20.946   556   556 D QSEECOMD: : SSD system services: Started (Listener ID = 12288)
01-07 03:53:20.946   556   556 E QSEECOMD: : Listener: index = 2, hierarchy = 1
01-07 03:53:20.958   553   553 I /system/bin/tombstoned: tombstoned successfully initialized
01-07 03:53:21.007   542   542 D QC-time-services: Daemon:genoff_pre_init::Base = 0
01-07 03:53:21.008   542   542 D QC-time-services: Daemon:ats_rtc_init: Time read from RTC -- year = 115, month = 0,day = 7
01-07 03:53:21.008   542   542 D QC-time-services: Daemon:Value read from RTC seconds = 1420602800000
01-07 03:53:21.008   542   542 D QC-time-services: Daemon:genoff_init_config: ATS_RTC initialized with rc: 0
01-07 03:53:21.008   542   542 D QC-time-services: Daemon:genoff_pre_init::Base = 1
01-07 03:53:21.008   542   542 D QC-time-services: Daemon: Storage Name: ats_1 
01-07 03:53:21.008   542   542 D QC-time-services: Daemon:Opening File: /data/time/ats_1
01-07 03:53:21.008   542   542 D QC-time-services: Daemon:time_persistent_memory_opr:Genoff Read operation 
01-07 03:53:21.008   542   542 D QC-time-services: Daemon:Unable to open filefor read
01-07 03:53:21.008   542   542 D QC-time-services: Daemon:genoff_post_init:Error in accessing storage
01-07 03:53:21.008   542   542 D QC-time-services: Daemon:genoff_pre_init::Base = 2
01-07 03:53:21.008   542   542 D QC-time-services: Daemon: Storage Name: ats_2 
01-07 03:53:21.008   542   542 D QC-time-services: Daemon:Opening File: /data/time/ats_2
01-07 03:53:21.008   542   542 D QC-time-services: Daemon:time_persistent_memory_opr:Genoff Read operation 
01-07 03:53:21.008   542   542 D QC-time-services: Daemon:Unable to open filefor read
01-07 03:53:21.008   542   542 D QC-time-services: Daemon:genoff_post_init:Error in accessing storage
01-07 03:53:21.008   542   542 D QC-time-services: Daemon:genoff_pre_init::Base = 3
01-07 03:53:21.008   542   542 D QC-time-services: Daemon: Storage Name: ats_3 
01-07 03:53:21.008   542   542 D QC-time-services: Daemon:Opening File: /data/time/ats_3
01-07 03:53:21.008   542   542 D QC-time-services: Daemon:time_persistent_memory_opr:Genoff Read operation 
01-07 03:53:21.008   542   542 D QC-time-services: Daemon:Unable to open filefor read
01-07 03:53:21.008   542   542 D QC-time-services: Daemon:genoff_post_init:Error in accessing storage
01-07 03:53:21.008   542   542 D QC-time-services: Daemon:genoff_pre_init::Base = 4
01-07 03:53:21.008   542   542 D QC-time-services: Daemon: Storage Name: ats_4 
01-07 03:53:21.008   542   542 D QC-time-services: Daemon:Opening File: /data/time/ats_4
01-07 03:53:21.008   542   542 D QC-time-services: Daemon:time_persistent_memory_opr:Genoff Read operation 
01-07 03:53:21.008   542   542 D QC-time-services: Daemon:Unable to open filefor read
01-07 03:53:21.008   542   542 D QC-time-services: Daemon:genoff_post_init:Error in accessing storage
01-07 03:53:21.008   542   542 D QC-time-services: Daemon:genoff_pre_init::Base = 5
01-07 03:53:21.008   542   542 D QC-time-services: Daemon: Storage Name: ats_5 
01-07 03:53:21.008   542   542 D QC-time-services: Daemon:Opening File: /data/time/ats_5
01-07 03:53:21.008   542   542 D QC-time-services: Daemon:time_persistent_memory_opr:Genoff Read operation 
01-07 03:53:21.008   542   542 D QC-time-services: Daemon:Unable to open filefor read
01-07 03:53:21.008   542   542 D QC-time-services: Daemon:genoff_post_init:Error in accessing storage
01-07 03:53:21.008   542   542 D QC-time-services: Daemon:genoff_pre_init::Base = 6
01-07 03:53:21.008   542   542 D QC-time-services: Daemon: Storage Name: ats_6 
01-07 03:53:21.008   542   542 D QC-time-services: Daemon:Opening File: /data/time/ats_6
01-07 03:53:21.008   542   542 D QC-time-services: Daemon:time_persistent_memory_opr:Genoff Read operation 
01-07 03:53:21.008   542   542 D QC-time-services: Daemon:Unable to open filefor read
01-07 03:53:21.008   542   542 D QC-time-services: Daemon:genoff_post_init:Error in accessing storage
01-07 03:53:21.008   542   542 D QC-time-services: Daemon:genoff_pre_init::Base = 7
01-07 03:53:21.008   542   542 D QC-time-services: Daemon: Storage Name: ats_7 
01-07 03:53:21.008   542   542 D QC-time-services: Daemon:Opening File: /data/time/ats_7
01-07 03:53:21.008   542   542 D QC-time-services: Daemon:time_persistent_memory_opr:Genoff Read operation 
01-07 03:53:21.008   542   542 D QC-time-services: Daemon:Unable to open filefor read
01-07 03:53:21.008   542   542 D QC-time-services: Daemon:genoff_post_init:Error in accessing storage
01-07 03:53:21.008   542   542 D QC-time-services: Daemon:genoff_pre_init::Base = 8
01-07 03:53:21.008   542   542 D QC-time-services: Daemon: Storage Name: ats_8 
01-07 03:53:21.008   542   542 D QC-time-services: Daemon:Opening File: /data/time/ats_8
01-07 03:53:21.008   542   542 D QC-time-services: Daemon:time_persistent_memory_opr:Genoff Read operation 
01-07 03:53:21.008   542   542 D QC-time-services: Daemon:Unable to open filefor read
01-07 03:53:21.008   542   542 D QC-time-services: Daemon:genoff_post_init:Error in accessing storage
01-07 03:53:21.008   542   542 D QC-time-services: Daemon:genoff_pre_init::Base = 9
01-07 03:53:21.009   542   542 D QC-time-services: Daemon: Storage Name: ats_9 
01-07 03:53:21.009   542   542 D QC-time-services: Daemon:Opening File: /data/time/ats_9
01-07 03:53:21.009   542   542 D QC-time-services: Daemon:time_persistent_memory_opr:Genoff Read operation 
01-07 03:53:21.009   542   542 D QC-time-services: Daemon:Unable to open filefor read
01-07 03:53:21.009   542   542 D QC-time-services: Daemon:genoff_post_init:Error in accessing storage
01-07 03:53:21.009   542   542 D QC-time-services: Daemon:genoff_pre_init::Base = 10
01-07 03:53:21.009   542   542 D QC-time-services: Daemon: Storage Name: ats_10 
01-07 03:53:21.009   542   542 D QC-time-services: Daemon:Opening File: /data/time/ats_10
01-07 03:53:21.009   542   542 D QC-time-services: Daemon:time_persistent_memory_opr:Genoff Read operation 
01-07 03:53:21.009   542   542 D QC-time-services: Daemon:Unable to open filefor read
01-07 03:53:21.009   542   542 D QC-time-services: Daemon:genoff_post_init:Error in accessing storage
01-07 03:53:21.009   542   542 D QC-time-services: Daemon:genoff_pre_init::Base = 11
01-07 03:53:21.009   542   542 D QC-time-services: Daemon: Storage Name: ats_11 
01-07 03:53:21.009   542   542 D QC-time-services: Daemon:Opening File: /data/time/ats_11
01-07 03:53:21.009   542   542 D QC-time-services: Daemon:time_persistent_memory_opr:Genoff Read operation 
01-07 03:53:21.009   542   542 D QC-time-services: Daemon:Unable to open filefor read
01-07 03:53:21.009   542   542 D QC-time-services: Daemon:genoff_post_init:Error in accessing storage
01-07 03:53:21.009   542   542 D QC-time-services: Daemon:genoff_pre_init::Base = 12
01-07 03:53:21.009   542   542 D QC-time-services: Daemon: Storage Name: ats_12 
01-07 03:53:21.009   542   542 D QC-time-services: Daemon:Opening File: /data/time/ats_12
01-07 03:53:21.009   542   542 D QC-time-services: Daemon:time_persistent_memory_opr:Genoff Read operation 
01-07 03:53:21.009   542   542 D QC-time-services: Daemon:Unable to open filefor read
01-07 03:53:21.009   542   542 D QC-time-services: Daemon:genoff_post_init:Error in accessing storage
01-07 03:53:21.009   542   542 D QC-time-services: Daemon:genoff_pre_init::Base = 13
01-07 03:53:21.009   542   542 D QC-time-services: Daemon: Storage Name: ats_13 
01-07 03:53:21.009   542   542 D QC-time-services: Daemon:Opening File: /data/time/ats_13
01-07 03:53:21.009   542   542 D QC-time-services: Daemon:time_persistent_memory_opr:Genoff Read operation 
01-07 03:53:21.009   542   542 D QC-time-services: Daemon:Unable to open filefor read
01-07 03:53:21.009   542   542 D QC-time-services: Daemon:genoff_post_init:Error in accessing storage
01-07 03:53:21.009   542   542 D QC-time-services: Daemon:genoff_pre_init::Base = 14
01-07 03:53:21.009   542   542 D QC-time-services: Daemon: Storage Name: ats_14 
01-07 03:53:21.009   542   542 D QC-time-services: Daemon:Opening File: /data/time/ats_14
01-07 03:53:21.009   542   542 D QC-time-services: Daemon:time_persistent_memory_opr:Genoff Read operation 
01-07 03:53:21.010   513   513 E ThermalEngine: Daemon : persist.sys.thermald_miti_off = 
01-07 03:53:21.010   513   513 E ThermalEngine: Daemon : ro.lge.panel_type = 0
01-07 03:53:21.010   513   513 I ThermalEngine: devices_manager_init: Init
01-07 03:53:21.011   566   566 I thermal-engine: type=1400 audit(0.0:154): avc: denied { create } for scontext=u:r:init:s0 tcontext=u:r:init:s0 tclass=socket permissive=1
01-07 03:53:21.011   566   566 I thermal-engine: type=1400 audit(0.0:155): avc: denied { ioctl } for path="socket:[14282]" dev="sockfs" ino=14282 ioctlcmd=c304 scontext=u:r:init:s0 tcontext=u:r:init:s0 tclass=socket permissive=1
01-07 03:53:21.011   513   513 I ThermalEngine: Number of gpus :1
01-07 03:53:21.011   513   513 I Thermal-IOCTL: KTM IOCTL interface "/dev/msm_thermal_query" opened
01-07 03:53:21.011   513   513 E ThermalEngine: update_cpu_topology: Cluster Info[0]. Cluster Id: 0 cpu_bits:0xf sync:1
01-07 03:53:21.011   513   513 E ThermalEngine: update_cpu_topology: Cluster Info[1]. Cluster Id: 1 cpu_bits:0x30 sync:1
01-07 03:53:21.011   508   508 E Diag_Lib:  Diag_LSM_Init: Failed to open handle to diag driver, error = 2
01-07 03:53:21.011   508   508 E Diag_Lib: qpLogDiagInit <== result : 0
01-07 03:53:21.011   508   508 E Diag_Lib: QMID : gIsQXDMDisabled 0, gIsADBDisabled 1, gIsDebugDisabled 0, gIsIMSLogsDisabled 0
01-07 03:53:21.011   508   508 E Diag_Lib:  Diag_LSM_Init: Failed to open handle to diag driver, error = 2
01-07 03:53:21.011   508   508 E Diag_Lib: qpLogDiagInit <== result : 0
01-07 03:53:21.011   508   508 E Diag_Lib: QMID : gIsQXDMDisabled 0, gIsADBDisabled 1, gIsDebugDisabled 0, gIsIMSLogsDisabled 0
01-07 03:53:21.011   508   508 E Diag_Lib:  Diag_LSM_Init: Failed to open handle to diag driver, error = 2
01-07 03:53:21.011   508   508 E Diag_Lib: qpLogDiagInit <== result : 0
01-07 03:53:21.011   508   508 E Diag_Lib: QMID : gIsQXDMDisabled 0, gIsADBDisabled 1, gIsDebugDisabled 0, gIsIMSLogsDisabled 0
01-07 03:53:21.011   513   513 I ThermalEngine: vdd_rstr_init: Init KTM VDD RSTR enabled: 0
01-07 03:53:21.011   513   513 I ThermalEngine: sensors_manager_init: Init
01-07 03:53:21.014   513   566 E Diag_Lib:  Diag_LSM_Init: Failed to open handle to diag driver, error = 2
01-07 03:53:21.023   539   539 I sensors.qcom: type=1400 audit(0.0:156): avc: denied { block_suspend } for capability=36 scontext=u:r:init:s0 tcontext=u:r:init:s0 tclass=capability2 permissive=1
01-07 03:53:21.026   539   539 E Sensors : sns_debug_set_dbg_str_mask: Setting log level to 5
01-07 03:53:21.026   539   539 E Diag_Lib:  Diag_LSM_Init: Failed to open handle to diag driver, error = 2
01-07 03:53:21.034   513   513 I ThermalEngine: Loading config file for virtual sensor
01-07 03:53:21.034   513   513 I ThermalEngine: Loading configuration file /system/etc/thermal-engine-8992.conf
01-07 03:53:21.035   513   513 I thermal-engine: type=1400 audit(0.0:157): avc: denied { unlink } for name="thermal-send-client" dev="tmpfs" ino=13914 scontext=u:r:init:s0 tcontext=u:object_r:socket_device:s0 tclass=sock_file permissive=1
01-07 03:53:21.035   513   513 I ThermalEngine: Parsing section global
01-07 03:53:21.035   513   513 I ThermalEngine: Found field 'sampling'
01-07 03:53:21.035   513   513 I ThermalEngine: Found field 'c_mode'
01-07 03:53:21.035   513   513 I ThermalEngine: Found field 'lcd_adjust_thresh'
01-07 03:53:21.035   513   513 I ThermalEngine: Found field 'lcd_adjust_max_level'
01-07 03:53:21.036   513   513 E ThermalEngine: virtual_sensors_init: Error getting virtual sensors set
