--------- beginning of main
01-05 11:36:51.627   842   842 I auditd  : type=1403 audit(0.0:2): policy loaded auid=4294967295 ses=4294967295
01-05 11:36:52.783     1     1 I init    : type=1400 audit(0.0:3): avc: denied { module_request } for kmod="fs-cpuset" scontext=u:r:init:s0 tcontext=u:r:kernel:s0 tclass=system permissive=1
01-05 11:36:52.967   343   343 W fsck.f2fs: type=1400 audit(0.0:4): avc: granted { getattr } for path="/vendor" dev="rootfs" ino=8787 scontext=u:r:fsck:s0 tcontext=u:object_r:rootfs:s0 tclass=lnk_file
01-05 11:36:53.003   344   344 W fsck.f2fs: type=1400 audit(0.0:5): avc: granted { getattr } for path="/vendor" dev="rootfs" ino=8787 scontext=u:r:fsck:s0 tcontext=u:object_r:rootfs:s0 tclass=lnk_file
01-05 11:36:54.007   404   404 I init    : type=1400 audit(0.0:46): avc: denied { execute_no_trans } for path="/system/bin/sh" dev="mmcblk0p47" ino=392 scontext=u:r:init:s0 tcontext=u:object_r:shell_exec:s0 tclass=file permissive=1
01-05 11:36:54.007   404   404 I init    : type=1400 audit(0.0:46): avc: denied { execute_no_trans } for path="/system/bin/sh" dev="mmcblk0p47" ino=392 scontext=u:r:init:s0 tcontext=u:object_r:shell_exec:s0 tclass=file permissive=1
01-05 11:36:54.019   405   405 W netd    : type=1400 audit(0.0:47): avc: granted { getattr } for path="/vendor" dev="rootfs" ino=8787 scontext=u:r:netd:s0 tcontext=u:object_r:rootfs:s0 tclass=lnk_file
01-05 11:36:54.019   405   405 W netd    : type=1400 audit(0.0:47): avc: granted { getattr } for path="/vendor" dev="rootfs" ino=8787 scontext=u:r:netd:s0 tcontext=u:object_r:rootfs:s0 tclass=lnk_file
01-05 11:36:54.431   413   413 W iptables-restor: type=1400 audit(0.0:48): avc: granted { getattr } for path="/vendor" dev="rootfs" ino=8787 scontext=u:r:netd:s0 tcontext=u:object_r:rootfs:s0 tclass=lnk_file
01-05 11:36:54.431   413   413 W iptables-restor: type=1400 audit(0.0:48): avc: granted { getattr } for path="/vendor" dev="rootfs" ino=8787 scontext=u:r:netd:s0 tcontext=u:object_r:rootfs:s0 tclass=lnk_file
01-05 11:36:54.495   415   415 W ip6tables-resto: type=1400 audit(0.0:49): avc: granted { getattr } for path="/vendor" dev="rootfs" ino=8787 scontext=u:r:netd:s0 tcontext=u:object_r:rootfs:s0 tclass=lnk_file
01-05 11:36:54.495   415   415 W ip6tables-resto: type=1400 audit(0.0:49): avc: granted { getattr } for path="/vendor" dev="rootfs" ino=8787 scontext=u:r:netd:s0 tcontext=u:object_r:rootfs:s0 tclass=lnk_file
01-05 11:36:54.511   416   416 W iptables: type=1400 audit(0.0:50): avc: granted { getattr } for path="/vendor" dev="rootfs" ino=8787 scontext=u:r:netd:s0 tcontext=u:object_r:rootfs:s0 tclass=lnk_file
01-05 11:36:54.511   416   416 W iptables: type=1400 audit(0.0:50): avc: granted { getattr } for path="/vendor" dev="rootfs" ino=8787 scontext=u:r:netd:s0 tcontext=u:object_r:rootfs:s0 tclass=lnk_file
01-05 11:36:54.523   417   417 W ip6tables: type=1400 audit(0.0:51): avc: granted { getattr } for path="/vendor" dev="rootfs" ino=8787 scontext=u:r:netd:s0 tcontext=u:object_r:rootfs:s0 tclass=lnk_file
01-05 11:36:54.523   417   417 W ip6tables: type=1400 audit(0.0:51): avc: granted { getattr } for path="/vendor" dev="rootfs" ino=8787 scontext=u:r:netd:s0 tcontext=u:object_r:rootfs:s0 tclass=lnk_file
01-05 11:36:54.535   418   418 W iptables: type=1400 audit(0.0:52): avc: granted { getattr } for path="/vendor" dev="rootfs" ino=8787 scontext=u:r:netd:s0 tcontext=u:object_r:rootfs:s0 tclass=lnk_file
01-05 11:36:54.535   418   418 W iptables: type=1400 audit(0.0:52): avc: granted { getattr } for path="/vendor" dev="rootfs" ino=8787 scontext=u:r:netd:s0 tcontext=u:object_r:rootfs:s0 tclass=lnk_file
01-05 11:36:54.547   421   421 W ip6tables: type=1400 audit(0.0:53): avc: granted { getattr } for path="/vendor" dev="rootfs" ino=8787 scontext=u:r:netd:s0 tcontext=u:object_r:rootfs:s0 tclass=lnk_file
01-05 11:36:54.547   421   421 W ip6tables: type=1400 audit(0.0:53): avc: granted { getattr } for path="/vendor" dev="rootfs" ino=8787 scontext=u:r:netd:s0 tcontext=u:object_r:rootfs:s0 tclass=lnk_file
01-05 11:36:54.559   422   422 W iptables: type=1400 audit(0.0:54): avc: granted { getattr } for path="/vendor" dev="rootfs" ino=8787 scontext=u:r:netd:s0 tcontext=u:object_r:rootfs:s0 tclass=lnk_file
01-05 11:36:54.559   422   422 W iptables: type=1400 audit(0.0:54): avc: granted { getattr } for path="/vendor" dev="rootfs" ino=8787 scontext=u:r:netd:s0 tcontext=u:object_r:rootfs:s0 tclass=lnk_file
01-05 11:36:54.571   424   424 W ip6tables: type=1400 audit(0.0:55): avc: granted { getattr } for path="/vendor" dev="rootfs" ino=8787 scontext=u:r:netd:s0 tcontext=u:object_r:rootfs:s0 tclass=lnk_file
01-05 11:36:54.571   424   424 W ip6tables: type=1400 audit(0.0:55): avc: granted { getattr } for path="/vendor" dev="rootfs" ino=8787 scontext=u:r:netd:s0 tcontext=u:object_r:rootfs:s0 tclass=lnk_file
01-05 11:36:54.587   425   425 W iptables: type=1400 audit(0.0:56): avc: granted { getattr } for path="/vendor" dev="rootfs" ino=8787 scontext=u:r:netd:s0 tcontext=u:object_r:rootfs:s0 tclass=lnk_file
01-05 11:36:54.587   425   425 W iptables: type=1400 audit(0.0:56): avc: granted { getattr } for path="/vendor" dev="rootfs" ino=8787 scontext=u:r:netd:s0 tcontext=u:object_r:rootfs:s0 tclass=lnk_file
01-05 11:36:54.595   428   428 W ip6tables: type=1400 audit(0.0:57): avc: granted { getattr } for path="/vendor" dev="rootfs" ino=8787 scontext=u:r:netd:s0 tcontext=u:object_r:rootfs:s0 tclass=lnk_file
01-05 11:36:54.595   428   428 W ip6tables: type=1400 audit(0.0:57): avc: granted { getattr } for path="/vendor" dev="rootfs" ino=8787 scontext=u:r:netd:s0 tcontext=u:object_r:rootfs:s0 tclass=lnk_file
01-05 11:36:54.611   429   429 W iptables: type=1400 audit(0.0:58): avc: granted { getattr } for path="/vendor" dev="rootfs" ino=8787 scontext=u:r:netd:s0 tcontext=u:object_r:rootfs:s0 tclass=lnk_file
01-05 11:36:54.611   429   429 W iptables: type=1400 audit(0.0:58): avc: granted { getattr } for path="/vendor" dev="rootfs" ino=8787 scontext=u:r:netd:s0 tcontext=u:object_r:rootfs:s0 tclass=lnk_file
01-05 11:36:54.627   433   433 W ip6tables: type=1400 audit(0.0:59): avc: granted { getattr } for path="/vendor" dev="rootfs" ino=8787 scontext=u:r:netd:s0 tcontext=u:object_r:rootfs:s0 tclass=lnk_file
01-05 11:36:54.627   433   433 W ip6tables: type=1400 audit(0.0:59): avc: granted { getattr } for path="/vendor" dev="rootfs" ino=8787 scontext=u:r:netd:s0 tcontext=u:object_r:rootfs:s0 tclass=lnk_file
01-05 11:36:54.639   434   434 W iptables: type=1400 audit(0.0:60): avc: granted { getattr } for path="/vendor" dev="rootfs" ino=8787 scontext=u:r:netd:s0 tcontext=u:object_r:rootfs:s0 tclass=lnk_file
01-05 11:36:54.639   434   434 W iptables: type=1400 audit(0.0:60): avc: granted { getattr } for path="/vendor" dev="rootfs" ino=8787 scontext=u:r:netd:s0 tcontext=u:object_r:rootfs:s0 tclass=lnk_file
01-05 11:36:54.651   436   436 W ip6tables: type=1400 audit(0.0:61): avc: granted { getattr } for path="/vendor" dev="rootfs" ino=8787 scontext=u:r:netd:s0 tcontext=u:object_r:rootfs:s0 tclass=lnk_file
01-05 11:36:54.651   436   436 W ip6tables: type=1400 audit(0.0:61): avc: granted { getattr } for path="/vendor" dev="rootfs" ino=8787 scontext=u:r:netd:s0 tcontext=u:object_r:rootfs:s0 tclass=lnk_file
01-05 11:36:54.663   438   438 W iptables: type=1400 audit(0.0:62): avc: granted { getattr } for path="/vendor" dev="rootfs" ino=8787 scontext=u:r:netd:s0 tcontext=u:object_r:rootfs:s0 tclass=lnk_file
01-05 11:36:54.663   438   438 W iptables: type=1400 audit(0.0:62): avc: granted { getattr } for path="/vendor" dev="rootfs" ino=8787 scontext=u:r:netd:s0 tcontext=u:object_r:rootfs:s0 tclass=lnk_file
01-05 11:36:54.675   440   440 W ip6tables: type=1400 audit(0.0:63): avc: granted { getattr } for path="/vendor" dev="rootfs" ino=8787 scontext=u:r:netd:s0 tcontext=u:object_r:rootfs:s0 tclass=lnk_file
01-05 11:36:54.675   440   440 W ip6tables: type=1400 audit(0.0:63): avc: granted { getattr } for path="/vendor" dev="rootfs" ino=8787 scontext=u:r:netd:s0 tcontext=u:object_r:rootfs:s0 tclass=lnk_file
01-05 11:36:54.851   329   329 I kworker/u12:4: type=1400 audit(0.0:64): avc: denied { search } for name="ipc_logging" dev="debugfs" ino=2066 scontext=u:r:kernel:s0 tcontext=u:object_r:debugfs_ipc:s0 tclass=dir permissive=1
01-05 11:36:54.851   329   329 I kworker/u12:4: type=1400 audit(0.0:64): avc: denied { search } for name="ipc_logging" dev="debugfs" ino=2066 scontext=u:r:kernel:s0 tcontext=u:object_r:debugfs_ipc:s0 tclass=dir permissive=1
01-05 11:36:54.879   465   465 I init    : type=1400 audit(0.0:65): avc: denied { execute_no_trans } for path="/system/bin/qseecomd" dev="mmcblk0p47" ino=356 scontext=u:r:init:s0 tcontext=u:object_r:system_file:s0 tclass=file permissive=1
01-05 11:36:54.879   465   465 I init    : type=1400 audit(0.0:65): avc: denied { execute_no_trans } for path="/system/bin/qseecomd" dev="mmcblk0p47" ino=356 scontext=u:r:init:s0 tcontext=u:object_r:system_file:s0 tclass=file permissive=1
01-05 11:36:55.051   481   481 I rmt_storage: type=1400 audit(0.0:66): avc: denied { write } for name="rmts" dev="debugfs" ino=9291 scontext=u:r:rmt:s0 tcontext=u:object_r:debugfs:s0 tclass=file permissive=1
01-05 11:36:55.051   481   481 I rmt_storage: type=1400 audit(0.0:66): avc: denied { write } for name="rmts" dev="debugfs" ino=9291 scontext=u:r:rmt:s0 tcontext=u:object_r:debugfs:s0 tclass=file permissive=1
01-05 11:36:55.055   481   481 I rmt_storage: type=1400 audit(0.0:67): avc: denied { open } for path="/sys/kernel/debug/rmt_storage/rmts" dev="debugfs" ino=9291 scontext=u:r:rmt:s0 tcontext=u:object_r:debugfs:s0 tclass=file permissive=1
01-05 11:36:55.055   481   481 I rmt_storage: type=1400 audit(0.0:67): avc: denied { open } for path="/sys/kernel/debug/rmt_storage/rmts" dev="debugfs" ino=9291 scontext=u:r:rmt:s0 tcontext=u:object_r:debugfs:s0 tclass=file permissive=1
01-05 11:36:55.063   482   482 I rfs_access: type=1400 audit(0.0:68): avc: denied { write } for name="rfsa" dev="debugfs" ino=9290 scontext=u:r:init:s0 tcontext=u:object_r:debugfs:s0 tclass=file permissive=1
01-05 11:36:55.063   482   482 I rfs_access: type=1400 audit(0.0:68): avc: denied { write } for name="rfsa" dev="debugfs" ino=9290 scontext=u:r:init:s0 tcontext=u:object_r:debugfs:s0 tclass=file permissive=1
01-05 11:36:55.063   482   482 I rfs_access: type=1400 audit(0.0:69): avc: denied { write } for name="uio1" dev="tmpfs" ino=10363 scontext=u:r:init:s0 tcontext=u:object_r:uio_device:s0 tclass=chr_file permissive=1
01-05 11:36:55.063   482   482 I rfs_access: type=1400 audit(0.0:69): avc: denied { write } for name="uio1" dev="tmpfs" ino=10363 scontext=u:r:init:s0 tcontext=u:object_r:uio_device:s0 tclass=chr_file permissive=1
01-05 11:36:55.063   482   482 W rfs_access: type=1400 audit(0.0:70): avc: granted { read open } for path="/dev/uio1" dev="tmpfs" ino=10363 scontext=u:r:init:s0 tcontext=u:object_r:uio_device:s0 tclass=chr_file
01-05 11:36:55.063   482   482 W rfs_access: type=1400 audit(0.0:70): avc: granted { read open } for path="/dev/uio1" dev="tmpfs" ino=10363 scontext=u:r:init:s0 tcontext=u:object_r:uio_device:s0 tclass=chr_file
01-05 11:36:55.063   482   482 W rfs_access: type=1400 audit(0.0:71): avc: granted { read } for path="/dev/uio1" dev="tmpfs" ino=10363 scontext=u:r:init:s0 tcontext=u:object_r:uio_device:s0 tclass=chr_file
01-05 11:36:55.063   482   482 W rfs_access: type=1400 audit(0.0:71): avc: granted { read } for path="/dev/uio1" dev="tmpfs" ino=10363 scontext=u:r:init:s0 tcontext=u:object_r:uio_device:s0 tclass=chr_file
01-05 11:36:55.063   482   482 W rfs_access: type=1400 audit(0.0:72): avc: granted { read } for name="uio2" dev="tmpfs" ino=9747 scontext=u:r:init:s0 tcontext=u:object_r:uio_device:s0 tclass=chr_file
01-05 11:36:55.063   482   482 W rfs_access: type=1400 audit(0.0:72): avc: granted { read } for name="uio2" dev="tmpfs" ino=9747 scontext=u:r:init:s0 tcontext=u:object_r:uio_device:s0 tclass=chr_file
01-05 11:36:55.063   482   482 W rfs_access: type=1400 audit(0.0:73): avc: granted { read open } for path="/dev/uio2" dev="tmpfs" ino=9747 scontext=u:r:init:s0 tcontext=u:object_r:uio_device:s0 tclass=chr_file
01-05 11:36:55.063   482   482 W rfs_access: type=1400 audit(0.0:73): avc: granted { read open } for path="/dev/uio2" dev="tmpfs" ino=9747 scontext=u:r:init:s0 tcontext=u:object_r:uio_device:s0 tclass=chr_file
01-05 11:36:55.063   482   482 W rfs_access: type=1400 audit(0.0:74): avc: granted { read } for path="/dev/uio2" dev="tmpfs" ino=9747 scontext=u:r:init:s0 tcontext=u:object_r:uio_device:s0 tclass=chr_file
01-05 11:36:55.063   482   482 W rfs_access: type=1400 audit(0.0:74): avc: granted { read } for path="/dev/uio2" dev="tmpfs" ino=9747 scontext=u:r:init:s0 tcontext=u:object_r:uio_device:s0 tclass=chr_file
01-05 11:36:55.063   482   482 W rfs_access: type=1400 audit(0.0:75): avc: granted { read } for name="uio3" dev="tmpfs" ino=10004 scontext=u:r:init:s0 tcontext=u:object_r:uio_device:s0 tclass=chr_file
01-05 11:36:55.063   482   482 W rfs_access: type=1400 audit(0.0:75): avc: granted { read } for name="uio3" dev="tmpfs" ino=10004 scontext=u:r:init:s0 tcontext=u:object_r:uio_device:s0 tclass=chr_file
01-05 11:36:55.063   482   482 W rfs_access: type=1400 audit(0.0:76): avc: granted { read open } for path="/dev/uio3" dev="tmpfs" ino=10004 scontext=u:r:init:s0 tcontext=u:object_r:uio_device:s0 tclass=chr_file
01-05 11:36:55.063   482   482 W rfs_access: type=1400 audit(0.0:76): avc: granted { read open } for path="/dev/uio3" dev="tmpfs" ino=10004 scontext=u:r:init:s0 tcontext=u:object_r:uio_device:s0 tclass=chr_file
01-05 11:36:55.063   482   482 W rfs_access: type=1400 audit(0.0:77): avc: granted { read } for path="/dev/uio3" dev="tmpfs" ino=10004 scontext=u:r:init:s0 tcontext=u:object_r:uio_device:s0 tclass=chr_file
01-05 11:36:55.063   482   482 W rfs_access: type=1400 audit(0.0:77): avc: granted { read } for path="/dev/uio3" dev="tmpfs" ino=10004 scontext=u:r:init:s0 tcontext=u:object_r:uio_device:s0 tclass=chr_file
01-05 11:36:55.071     1     1 I init    : type=1400 audit(0.0:78): avc: denied { read write } for name="ttyHSL0" dev="tmpfs" ino=10364 scontext=u:r:init:s0 tcontext=u:object_r:device:s0 tclass=chr_file permissive=1
01-05 11:36:55.071     1     1 I init    : type=1400 audit(0.0:78): avc: denied { read write } for name="ttyHSL0" dev="tmpfs" ino=10364 scontext=u:r:init:s0 tcontext=u:object_r:device:s0 tclass=chr_file permissive=1
01-05 11:36:55.071     1     1 I init    : type=1400 audit(0.0:79): avc: denied { open } for path="/dev/ttyHSL0" dev="tmpfs" ino=10364 scontext=u:r:init:s0 tcontext=u:object_r:device:s0 tclass=chr_file permissive=1
01-05 11:36:55.071     1     1 I init    : type=1400 audit(0.0:79): avc: denied { open } for path="/dev/ttyHSL0" dev="tmpfs" ino=10364 scontext=u:r:init:s0 tcontext=u:object_r:device:s0 tclass=chr_file permissive=1
01-05 11:36:55.087   482   482 I rfs_access: type=1400 audit(0.0:80): avc: denied { create } for scontext=u:r:init:s0 tcontext=u:r:init:s0 tclass=socket permissive=1
01-05 11:36:55.087   482   482 I rfs_access: type=1400 audit(0.0:80): avc: denied { create } for scontext=u:r:init:s0 tcontext=u:r:init:s0 tclass=socket permissive=1
01-05 11:36:55.087   482   482 I rfs_access: type=1400 audit(0.0:81): avc: denied { ioctl } for path="socket:[11172]" dev="sockfs" ino=11172 ioctlcmd=c304 scontext=u:r:init:s0 tcontext=u:r:init:s0 tclass=socket permissive=1
01-05 11:36:55.087   482   482 I rfs_access: type=1400 audit(0.0:81): avc: denied { ioctl } for path="socket:[11172]" dev="sockfs" ino=11172 ioctlcmd=c304 scontext=u:r:init:s0 tcontext=u:r:init:s0 tclass=socket permissive=1
01-05 11:36:55.087   482   482 I rfs_access: type=1400 audit(0.0:82): avc: denied { bind } for scontext=u:r:init:s0 tcontext=u:r:init:s0 tclass=socket permissive=1
01-05 11:36:55.087   482   482 I rfs_access: type=1400 audit(0.0:82): avc: denied { bind } for scontext=u:r:init:s0 tcontext=u:r:init:s0 tclass=socket permissive=1
01-05 11:36:55.087   498   498 I init    : type=1400 audit(0.0:83): avc: denied { execute_no_trans } for path="/system/bin/sh" dev="mmcblk0p47" ino=392 scontext=u:r:init:s0 tcontext=u:object_r:shell_exec:s0 tclass=file permissive=1
01-05 11:36:55.087   498   498 I init    : type=1400 audit(0.0:83): avc: denied { execute_no_trans } for path="/system/bin/sh" dev="mmcblk0p47" ino=392 scontext=u:r:init:s0 tcontext=u:object_r:shell_exec:s0 tclass=file permissive=1
01-05 11:36:55.087   493   493 I init    : type=1400 audit(0.0:84): avc: denied { ioctl } for path="/dev/ttyHSL0" dev="tmpfs" ino=10364 ioctlcmd=540e scontext=u:r:init:s0 tcontext=u:object_r:device:s0 tclass=chr_file permissive=1
01-05 11:36:55.087   493   493 I init    : type=1400 audit(0.0:84): avc: denied { ioctl } for path="/dev/ttyHSL0" dev="tmpfs" ino=10364 ioctlcmd=540e scontext=u:r:init:s0 tcontext=u:object_r:device:s0 tclass=chr_file permissive=1
01-05 11:36:55.315   619   619 W ip6tables: type=1400 audit(0.0:172): avc: granted { getattr } for path="/vendor" dev="rootfs" ino=8787 scontext=u:r:netd:s0 tcontext=u:object_r:rootfs:s0 tclass=lnk_file
01-05 11:36:55.315   619   619 W ip6tables: type=1400 audit(0.0:172): avc: granted { getattr } for path="/vendor" dev="rootfs" ino=8787 scontext=u:r:netd:s0 tcontext=u:object_r:rootfs:s0 tclass=lnk_file
01-05 11:36:55.323   574   574 I sensors.qcom: type=1400 audit(0.0:173): avc: denied { read } for scontext=u:r:init:s0 tcontext=u:r:init:s0 tclass=socket permissive=1
01-05 11:36:55.323   574   574 I sensors.qcom: type=1400 audit(0.0:173): avc: denied { read } for scontext=u:r:init:s0 tcontext=u:r:init:s0 tclass=socket permissive=1
01-05 11:36:55.323   521   521 I sensors.qcom: type=1400 audit(0.0:174): avc: denied { create } for scontext=u:r:init:s0 tcontext=u:r:init:s0 tclass=socket permissive=1
01-05 11:36:55.323   521   521 I sensors.qcom: type=1400 audit(0.0:174): avc: denied { create } for scontext=u:r:init:s0 tcontext=u:r:init:s0 tclass=socket permissive=1
01-05 11:36:55.323   521   521 I sensors.qcom: type=1400 audit(0.0:175): avc: denied { ioctl } for path="socket:[16023]" dev="sockfs" ino=16023 ioctlcmd=c304 scontext=u:r:init:s0 tcontext=u:r:init:s0 tclass=socket permissive=1
01-05 11:36:55.323   521   521 I sensors.qcom: type=1400 audit(0.0:175): avc: denied { ioctl } for path="socket:[16023]" dev="sockfs" ino=16023 ioctlcmd=c304 scontext=u:r:init:s0 tcontext=u:r:init:s0 tclass=socket permissive=1
01-05 11:36:55.323   521   521 I sensors.qcom: type=1400 audit(0.0:176): avc: denied { bind } for scontext=u:r:init:s0 tcontext=u:r:init:s0 tclass=socket permissive=1
01-05 11:36:55.323   521   521 I sensors.qcom: type=1400 audit(0.0:176): avc: denied { bind } for scontext=u:r:init:s0 tcontext=u:r:init:s0 tclass=socket permissive=1
01-05 11:36:55.323   574   574 I sensors.qcom: type=1400 audit(0.0:177): avc: denied { write } for scontext=u:r:init:s0 tcontext=u:r:init:s0 tclass=socket permissive=1
01-05 11:36:55.323   574   574 I sensors.qcom: type=1400 audit(0.0:177): avc: denied { write } for scontext=u:r:init:s0 tcontext=u:r:init:s0 tclass=socket permissive=1
01-05 11:36:55.323   521   521 I sensors.qcom: type=1400 audit(0.0:178): avc: denied { read } for name="sensors" dev="tmpfs" ino=10371 scontext=u:r:init:s0 tcontext=u:object_r:device:s0 tclass=chr_file permissive=1
01-05 11:36:55.323   521   521 I sensors.qcom: type=1400 audit(0.0:178): avc: denied { read } for name="sensors" dev="tmpfs" ino=10371 scontext=u:r:init:s0 tcontext=u:object_r:device:s0 tclass=chr_file permissive=1
01-05 11:36:55.323   521   521 I sensors.qcom: type=1400 audit(0.0:179): avc: denied { ioctl } for path="/dev/sensors" dev="tmpfs" ino=10371 ioctlcmd=6403 scontext=u:r:init:s0 tcontext=u:object_r:device:s0 tclass=chr_file permissive=1
01-05 11:36:55.323   521   521 I sensors.qcom: type=1400 audit(0.0:179): avc: denied { ioctl } for path="/dev/sensors" dev="tmpfs" ino=10371 ioctlcmd=6403 scontext=u:r:init:s0 tcontext=u:object_r:device:s0 tclass=chr_file permissive=1
01-05 11:36:55.375   620   620 I mkdir   : type=1400 audit(0.0:180): avc: denied { create } for name="modem_config" scontext=u:r:toolbox:s0 tcontext=u:object_r:radio_data_file:s0 tclass=dir permissive=1
01-05 11:36:55.375   620   620 I mkdir   : type=1400 audit(0.0:180): avc: denied { create } for name="modem_config" scontext=u:r:toolbox:s0 tcontext=u:object_r:radio_data_file:s0 tclass=dir permissive=1
01-05 11:36:55.383   625   625 W iptables: type=1400 audit(0.0:181): avc: granted { getattr } for path="/vendor" dev="rootfs" ino=8787 scontext=u:r:netd:s0 tcontext=u:object_r:rootfs:s0 tclass=lnk_file
01-05 11:36:55.383   625   625 W iptables: type=1400 audit(0.0:181): avc: granted { getattr } for path="/vendor" dev="rootfs" ino=8787 scontext=u:r:netd:s0 tcontext=u:object_r:rootfs:s0 tclass=lnk_file
01-05 11:36:55.419   628   628 W ip6tables: type=1400 audit(0.0:182): avc: granted { getattr } for path="/vendor" dev="rootfs" ino=8787 scontext=u:r:netd:s0 tcontext=u:object_r:rootfs:s0 tclass=lnk_file
01-05 11:36:55.419   628   628 W ip6tables: type=1400 audit(0.0:182): avc: granted { getattr } for path="/vendor" dev="rootfs" ino=8787 scontext=u:r:netd:s0 tcontext=u:object_r:rootfs:s0 tclass=lnk_file
01-05 11:36:55.443   627   627 I chmod   : type=1400 audit(0.0:183): avc: denied { getattr } for path="/data/misc/radio/modem_config" dev="mmcblk0p50" ino=874883 scontext=u:r:toolbox:s0 tcontext=u:object_r:radio_data_file:s0 tclass=dir permissive=1
01-05 11:36:55.443   627   627 I chmod   : type=1400 audit(0.0:183): avc: denied { getattr } for path="/data/misc/radio/modem_config" dev="mmcblk0p50" ino=874883 scontext=u:r:toolbox:s0 tcontext=u:object_r:radio_data_file:s0 tclass=dir permissive=1
01-05 11:36:55.443   627   627 I chmod   : type=1400 audit(0.0:184): avc: denied { setattr } for name="modem_config" dev="mmcblk0p50" ino=874883 scontext=u:r:toolbox:s0 tcontext=u:object_r:radio_data_file:s0 tclass=dir permissive=1
01-05 11:36:55.443   627   627 I chmod   : type=1400 audit(0.0:184): avc: denied { setattr } for name="modem_config" dev="mmcblk0p50" ino=874883 scontext=u:r:toolbox:s0 tcontext=u:object_r:radio_data_file:s0 tclass=dir permissive=1
01-05 11:36:55.483   521   521 I sensors.qcom: type=1400 audit(0.0:185): avc: denied { append } for name="error_log" dev="mmcblk0p23" ino=30 scontext=u:r:init:s0 tcontext=u:object_r:persist_file:s0 tclass=file permissive=1
01-05 11:36:55.483   521   521 I sensors.qcom: type=1400 audit(0.0:185): avc: denied { append } for name="error_log" dev="mmcblk0p23" ino=30 scontext=u:r:init:s0 tcontext=u:object_r:persist_file:s0 tclass=file permissive=1
01-05 11:36:55.483   521   521 I sensors.qcom: type=1400 audit(0.0:186): avc: denied { append } for path="/persist/sensors/error_log" dev="mmcblk0p23" ino=30 scontext=u:r:init:s0 tcontext=u:object_r:persist_file:s0 tclass=file permissive=1
01-05 11:36:55.483   521   521 I sensors.qcom: type=1400 audit(0.0:186): avc: denied { append } for path="/persist/sensors/error_log" dev="mmcblk0p23" ino=30 scontext=u:r:init:s0 tcontext=u:object_r:persist_file:s0 tclass=file permissive=1
01-05 11:36:55.487   632   632 W iptables: type=1400 audit(0.0:187): avc: granted { getattr } for path="/vendor" dev="rootfs" ino=8787 scontext=u:r:netd:s0 tcontext=u:object_r:rootfs:s0 tclass=lnk_file
01-05 11:36:55.487   632   632 W iptables: type=1400 audit(0.0:187): avc: granted { getattr } for path="/vendor" dev="rootfs" ino=8787 scontext=u:r:netd:s0 tcontext=u:object_r:rootfs:s0 tclass=lnk_file
01-05 11:36:55.555   732   732 W ip6tables: type=1400 audit(0.0:188): avc: granted { getattr } for path="/vendor" dev="rootfs" ino=8787 scontext=u:r:netd:s0 tcontext=u:object_r:rootfs:s0 tclass=lnk_file
01-05 11:36:55.555   732   732 W ip6tables: type=1400 audit(0.0:188): avc: granted { getattr } for path="/vendor" dev="rootfs" ino=8787 scontext=u:r:netd:s0 tcontext=u:object_r:rootfs:s0 tclass=lnk_file
01-05 11:36:55.563   630   630 I cp      : type=1400 audit(0.0:189): avc: denied { dac_override } for capability=1 scontext=u:r:toolbox:s0 tcontext=u:r:toolbox:s0 tclass=capability permissive=1
01-05 11:36:55.563   630   630 I cp      : type=1400 audit(0.0:189): avc: denied { dac_override } for capability=1 scontext=u:r:toolbox:s0 tcontext=u:r:toolbox:s0 tclass=capability permissive=1
01-05 11:36:55.599   521   521 I sensors.qcom: type=1400 audit(0.0:190): avc: denied { getattr } for path="/dev/socket/sensor_ctl_socket" dev="tmpfs" ino=16188 scontext=u:r:init:s0 tcontext=u:object_r:socket_device:s0 tclass=sock_file permissive=1
01-05 11:36:55.599   521   521 I sensors.qcom: type=1400 audit(0.0:190): avc: denied { getattr } for path="/dev/socket/sensor_ctl_socket" dev="tmpfs" ino=16188 scontext=u:r:init:s0 tcontext=u:object_r:socket_device:s0 tclass=sock_file permissive=1
01-05 11:36:55.603   521   521 I sensors.qcom: type=1400 audit(0.0:191): avc: denied { write } for name="sensor_ctl_socket" dev="tmpfs" ino=16188 scontext=u:r:init:s0 tcontext=u:object_r:socket_device:s0 tclass=sock_file permissive=1
01-05 11:36:55.603   521   521 I sensors.qcom: type=1400 audit(0.0:191): avc: denied { write } for name="sensor_ctl_socket" dev="tmpfs" ino=16188 scontext=u:r:init:s0 tcontext=u:object_r:socket_device:s0 tclass=sock_file permissive=1
01-05 11:36:56.331   804   804 I init    : type=1400 audit(0.0:216): avc: denied { execute_no_trans } for path="/system/vendor/bin/qti" dev="mmcblk0p47" ino=2264 scontext=u:r:init:s0 tcontext=u:object_r:vendor_file:s0 tclass=file permissive=1
01-05 11:36:56.331   804   804 I init    : type=1400 audit(0.0:216): avc: denied { execute_no_trans } for path="/system/vendor/bin/qti" dev="mmcblk0p47" ino=2264 scontext=u:r:init:s0 tcontext=u:object_r:vendor_file:s0 tclass=file permissive=1
01-05 11:36:56.383   804   804 I qti     : type=1400 audit(0.0:217): avc: denied { write } for name="smem_log" dev="tmpfs" ino=10426 scontext=u:r:init:s0 tcontext=u:object_r:smem_log_device:s0 tclass=chr_file permissive=1
01-05 11:36:56.383   804   804 I qti     : type=1400 audit(0.0:217): avc: denied { write } for name="smem_log" dev="tmpfs" ino=10426 scontext=u:r:init:s0 tcontext=u:object_r:smem_log_device:s0 tclass=chr_file permissive=1
01-05 11:36:56.383   804   804 W qti     : type=1400 audit(0.0:218): avc: granted { read open } for path="/dev/smem_log" dev="tmpfs" ino=10426 scontext=u:r:init:s0 tcontext=u:object_r:smem_log_device:s0 tclass=chr_file
01-05 11:36:56.383   804   804 W qti     : type=1400 audit(0.0:218): avc: granted { read open } for path="/dev/smem_log" dev="tmpfs" ino=10426 scontext=u:r:init:s0 tcontext=u:object_r:smem_log_device:s0 tclass=chr_file
01-05 11:36:56.383   804   804 I qti     : type=1400 audit(0.0:219): avc: denied { ioctl } for path="/dev/smem_log" dev="tmpfs" ino=10426 ioctlcmd=3001 scontext=u:r:init:s0 tcontext=u:object_r:smem_log_device:s0 tclass=chr_file permissive=1
01-05 11:36:56.383   804   804 I qti     : type=1400 audit(0.0:219): avc: denied { ioctl } for path="/dev/smem_log" dev="tmpfs" ino=10426 ioctlcmd=3001 scontext=u:r:init:s0 tcontext=u:object_r:smem_log_device:s0 tclass=chr_file permissive=1
01-05 11:36:56.383   804   804 I qti     : type=1400 audit(0.0:220): avc: denied { write } for name="rmnet_ctrl" dev="tmpfs" ino=10397 scontext=u:r:init:s0 tcontext=u:object_r:rmnet_device:s0 tclass=chr_file permissive=1
01-05 11:36:56.383   804   804 I qti     : type=1400 audit(0.0:220): avc: denied { write } for name="rmnet_ctrl" dev="tmpfs" ino=10397 scontext=u:r:init:s0 tcontext=u:object_r:rmnet_device:s0 tclass=chr_file permissive=1
01-05 11:36:56.383   804   804 W qti     : type=1400 audit(0.0:221): avc: granted { read open } for path="/dev/rmnet_ctrl" dev="tmpfs" ino=10397 scontext=u:r:init:s0 tcontext=u:object_r:rmnet_device:s0 tclass=chr_file
01-05 11:36:56.383   804   804 W qti     : type=1400 audit(0.0:221): avc: granted { read open } for path="/dev/rmnet_ctrl" dev="tmpfs" ino=10397 scontext=u:r:init:s0 tcontext=u:object_r:rmnet_device:s0 tclass=chr_file
01-05 11:36:56.507   530   530 I qseecomd: type=1400 audit(0.0:222): avc: denied { ioctl } for path="/dev/ion" dev="tmpfs" ino=10385 ioctlcmd=4901 scontext=u:r:init:s0 tcontext=u:object_r:ion_device:s0 tclass=chr_file permissive=1
01-05 11:36:56.507   530   530 I qseecomd: type=1400 audit(0.0:222): avc: denied { ioctl } for path="/dev/ion" dev="tmpfs" ino=10385 ioctlcmd=4901 scontext=u:r:init:s0 tcontext=u:object_r:ion_device:s0 tclass=chr_file permissive=1
01-05 11:36:56.507   530   530 I qseecomd: type=1400 audit(0.0:223): avc: denied { write } for name="qseecom" dev="tmpfs" ino=10445 scontext=u:r:init:s0 tcontext=u:object_r:tee_device:s0 tclass=chr_file permissive=1
01-05 11:36:56.507   530   530 I qseecomd: type=1400 audit(0.0:223): avc: denied { write } for name="qseecom" dev="tmpfs" ino=10445 scontext=u:r:init:s0 tcontext=u:object_r:tee_device:s0 tclass=chr_file permissive=1
01-05 11:36:56.507   530   530 W qseecomd: type=1400 audit(0.0:224): avc: granted { read open } for path="/dev/qseecom" dev="tmpfs" ino=10445 scontext=u:r:init:s0 tcontext=u:object_r:tee_device:s0 tclass=chr_file
01-05 11:36:56.507   530   530 W qseecomd: type=1400 audit(0.0:224): avc: granted { read open } for path="/dev/qseecom" dev="tmpfs" ino=10445 scontext=u:r:init:s0 tcontext=u:object_r:tee_device:s0 tclass=chr_file
01-05 11:36:56.507   530   530 I qseecomd: type=1400 audit(0.0:225): avc: denied { ioctl } for path="/dev/qseecom" dev="tmpfs" ino=10445 ioctlcmd=970a scontext=u:r:init:s0 tcontext=u:object_r:tee_device:s0 tclass=chr_file permissive=1
01-05 11:36:56.507   530   530 I qseecomd: type=1400 audit(0.0:225): avc: denied { ioctl } for path="/dev/qseecom" dev="tmpfs" ino=10445 ioctlcmd=970a scontext=u:r:init:s0 tcontext=u:object_r:tee_device:s0 tclass=chr_file permissive=1
01-05 11:36:56.511   530   530 W qseecomd: type=1400 audit(0.0:226): avc: granted { read } for name="ion" dev="tmpfs" ino=10385 scontext=u:r:init:s0 tcontext=u:object_r:ion_device:s0 tclass=chr_file
01-05 11:36:56.511   530   530 W qseecomd: type=1400 audit(0.0:226): avc: granted { read } for name="ion" dev="tmpfs" ino=10385 scontext=u:r:init:s0 tcontext=u:object_r:ion_device:s0 tclass=chr_file
01-05 11:36:56.511   530   530 W qseecomd: type=1400 audit(0.0:227): avc: granted { read open } for path="/dev/ion" dev="tmpfs" ino=10385 scontext=u:r:init:s0 tcontext=u:object_r:ion_device:s0 tclass=chr_file
01-05 11:36:56.511   530   530 W qseecomd: type=1400 audit(0.0:227): avc: granted { read open } for path="/dev/ion" dev="tmpfs" ino=10385 scontext=u:r:init:s0 tcontext=u:object_r:ion_device:s0 tclass=chr_file
01-05 11:36:56.575   530   530 W qseecomd: type=1400 audit(0.0:228): avc: granted { read } for name="ion" dev="tmpfs" ino=10385 scontext=u:r:init:s0 tcontext=u:object_r:ion_device:s0 tclass=chr_file
01-05 11:36:56.575   530   530 W qseecomd: type=1400 audit(0.0:228): avc: granted { read } for name="ion" dev="tmpfs" ino=10385 scontext=u:r:init:s0 tcontext=u:object_r:ion_device:s0 tclass=chr_file
01-05 11:36:56.575   530   530 W qseecomd: type=1400 audit(0.0:229): avc: granted { read open } for path="/dev/ion" dev="tmpfs" ino=10385 scontext=u:r:init:s0 tcontext=u:object_r:ion_device:s0 tclass=chr_file
01-05 11:36:56.575   530   530 W qseecomd: type=1400 audit(0.0:229): avc: granted { read open } for path="/dev/ion" dev="tmpfs" ino=10385 scontext=u:r:init:s0 tcontext=u:object_r:ion_device:s0 tclass=chr_file
01-05 11:36:56.583   530   530 I qseecomd: type=1400 audit(0.0:230): avc: denied { write } for name="property_service" dev="tmpfs" ino=1843 scontext=u:r:init:s0 tcontext=u:object_r:property_socket:s0 tclass=sock_file permissive=1
01-05 11:36:56.583   530   530 I qseecomd: type=1400 audit(0.0:230): avc: denied { write } for name="property_service" dev="tmpfs" ino=1843 scontext=u:r:init:s0 tcontext=u:object_r:property_socket:s0 tclass=sock_file permissive=1
01-05 11:36:56.583   536   536 I energy-awarenes: type=1400 audit(0.0:231): avc: denied { read } for scontext=u:r:init:s0 tcontext=u:r:init:s0 tclass=netlink_kobject_uevent_socket permissive=1
01-05 11:36:57.968     0   837 I rmt_storage: rmt_storage_client_thread: /boot/modem_fs1: clnt_h=0x6: req_h=0x6 msg_id=3: Bytes read = 512
01-05 11:36:57.969     0   837 I rmt_storage: rmt_storage_client_thread: /boot/modem_fs1: clnt_h=0x6: req_h=0x6 msg_id=3: Send response: res=0 err=0
01-05 11:36:57.969     0   837 I rmt_storage: rmt_storage_client_thread: /boot/modem_fs1: clnt_h=0x6 About to block rmt_storage client thread (th_id: 540260431088) wakelock released: 1, error no: 2
01-05 11:36:57.969     0   837 I rmt_storage: 
01-05 11:36:57.969     0   481 I rmt_storage: rmt_storage_disconnect_cb: clnt_h=0x6 conn_h=0x7dca22c230
01-05 11:36:57.970     0   481 I rmt_storage: rmt_storage_connect_cb: clnt_h=0x7 conn_h=0x7dca22c230
01-05 11:36:57.970     0   481 I rmt_storage: rmt_storage_rw_iovec_cb: /boot/modem_fs2: clnt_h=0x7: req_h=0x7 msg_id=3: R/W request received
01-05 11:36:57.970     0   481 I rmt_storage: wakelock acquired: 1, error no: 42
01-05 11:36:57.970     0   838 I rmt_storage: rmt_storage_client_thread: /boot/modem_fs2: clnt_h=0x7 Unblock worker thread (th_id: 540259394800)
01-05 11:36:57.970     0   838 I rmt_storage: rmt_storage_client_thread: /boot/modem_fs2: clnt_h=0x7: req_h=0x7 msg_id=3: Bytes read = 512
01-05 11:36:57.970     0   838 I rmt_storage: rmt_storage_client_thread: /boot/modem_fs2: clnt_h=0x7: req_h=0x7 msg_id=3: Send response: res=0 err=0
01-05 11:36:57.971     0   838 I rmt_storage: rmt_storage_client_thread: /boot/modem_fs2: clnt_h=0x7 About to block rmt_storage client thread (th_id: 540259394800) wakelock released: 1, error no: 2
01-05 11:36:57.971     0   838 I rmt_storage: 
01-05 11:36:57.971     0   481 I rmt_storage: rmt_storage_disconnect_cb: clnt_h=0x7 conn_h=0x7dca22c230
01-05 11:36:57.972     0   481 I rmt_storage: rmt_storage_connect_cb: clnt_h=0x8 conn_h=0x7dca22c230
01-05 11:36:57.972     0   481 I rmt_storage: rmt_storage_rw_iovec_cb: /boot/modem_fs1: clnt_h=0x8: req_h=0x8 msg_id=3: R/W request received
01-05 11:36:57.972     0   481 I rmt_storage: wakelock acquired: 1, error no: 42
01-05 11:36:57.972     0   837 I rmt_storage: rmt_storage_client_thread: /boot/modem_fs1: clnt_h=0x8 Unblock worker thread (th_id: 540260431088)
01-05 11:36:58.022   843   843 E hwservicemanager: BINDER_SET_INHERIT_FIFO_PRIO failed with error -1
01-05 11:36:58.028   517   517 I Netd    : Registering NetdHwService: 1907.4ms
01-05 11:36:58.028   517   517 I Netd    : Netd started in 3201ms
01-05 11:36:58.116   481   837 I rmt_storage: rmt_storage_client_thread: /boot/modem_fs1: clnt_h=0x8: req_h=0x8 msg_id=3: Bytes read = 1571840
01-05 11:36:58.116   481   837 I rmt_storage: rmt_storage_client_thread: /boot/modem_fs1: clnt_h=0x8: req_h=0x8 msg_id=3: Send response: res=0 err=0
01-05 11:36:58.116   481   481 I rmt_storage: rmt_storage_disconnect_cb: clnt_h=0x8 conn_h=0x7dca22c230
01-05 11:36:58.117   481   837 I rmt_storage: rmt_storage_client_thread: /boot/modem_fs1: clnt_h=0x8 About to block rmt_storage client thread (th_id: 540260431088) wakelock released: 1, error no: 2
01-05 11:36:58.117   481   837 I rmt_storage: 
01-05 11:36:58.128   510   510 I vndksupport: sphal namespace is not configured for this process. Loading /vendor/lib/hw/camera.msm8992.so from the current namespace instead.
--------- beginning of system
01-05 11:36:58.151   851   851 I vold    : Vold 3.0 (the awakening) firing up
01-05 11:36:58.151   851   851 V vold    : Detected support for: exfat ext4 f2fs ntfs vfat
01-05 11:36:58.155   851   851 I vold    : [libfs_mgr]fs_mgr_read_fstab_dt(): failed to read fstab from dt
01-05 11:36:58.195   522   549 E QMI_FW  : QMUXD: WARNING qmi_qmux_if_pwr_up_init failed! rc=-1
01-05 11:36:58.196   522   549 I chatty  : uid=1000(system) /system/bin/time_daemon identical 2 lines
01-05 11:36:58.196   522   549 E QMI_FW  : QMUXD: WARNING qmi_qmux_if_pwr_up_init failed! rc=-1
01-05 11:36:58.196   522   549 E QC-time-services: Daemon:genoff_modem_qmi_service_request: qmi_client_get_service_list returned 0num_services 1
01-05 11:36:58.196   522   549 E QMI_FW  : QMUXD: WARNING qmi_qmux_if_pwr_up_init failed! rc=-1
01-05 11:36:58.199   522   549 I chatty  : uid=1000(system) /system/bin/time_daemon identical 10 lines
01-05 11:36:58.199   522   549 E QMI_FW  : QMUXD: WARNING qmi_qmux_if_pwr_up_init failed! rc=-1
01-05 11:36:58.200   522   549 D QC-time-services: Daemon:genoff_modem_qmi_service_request: Initial transaction successfull
01-05 11:36:58.243   524   524 I gatekeeperd: type=1400 audit(0.0:234): avc: denied { read } for name="u:object_r:qseecomtee_prop:s0" dev="tmpfs" ino=1789 scontext=u:r:gatekeeperd:s0 tcontext=u:object_r:qseecomtee_prop:s0 tclass=file permissive=1
01-05 11:36:58.243   524   524 I gatekeeperd: type=1400 audit(0.0:235): avc: denied { open } for path="/dev/__properties__/u:object_r:qseecomtee_prop:s0" dev="tmpfs" ino=1789 scontext=u:r:gatekeeperd:s0 tcontext=u:object_r:qseecomtee_prop:s0 tclass=file permissive=1
01-05 11:36:58.243   524   524 I gatekeeperd: type=1400 audit(0.0:236): avc: denied { getattr } for path="/dev/__properties__/u:object_r:qseecomtee_prop:s0" dev="tmpfs" ino=1789 scontext=u:r:gatekeeperd:s0 tcontext=u:object_r:qseecomtee_prop:s0 tclass=file permissive=1
01-05 11:36:58.246   512   512 I android.hardware.keymaster@3.0-impl: Fetching keymaster device name default
01-05 11:36:58.248   524   524 I vndksupport: sphal namespace is not configured for this process. Loading /vendor/lib64/hw/gatekeeper.msm8992.so from the current namespace instead.
01-05 11:36:58.248   512   512 I vndksupport: sphal namespace is not configured for this process. Loading /vendor/lib64/hw/keystore.msm8992.so from the current namespace instead.
01-05 11:36:58.249   524   524 D gatekeeper_device: HwKmOpen called
01-05 11:36:58.250   524   524 E gatekeeper_device: Gatekeeper (Keymaster TA) loaded/ queried from Qseecomd
01-05 11:36:58.250   524   524 D QSEECOMAPI: : QSEECom_get_handle sb_length = 0xa000
01-05 11:36:58.250   524   524 D QSEECOMAPI: : App is already loaded QSEE and app id = 3
01-05 11:36:58.251   512   512 I android.hardware.keymaster@3.0-impl: Found keymaster1 module Keymaster QTI HAL, version 100
01-05 11:36:58.252   512   512 E keymaster1_device: Keymaster loaded/ queried from Qseecomd
01-05 11:36:58.252   512   512 D QSEECOMAPI: : QSEECom_get_handle sb_length = 0xa000
01-05 11:36:58.252   512   512 D QSEECOMAPI: : App is already loaded QSEE and app id = 3
01-05 11:36:58.256   512   512 E keymaster1_device: TA API Major Verion: 1
01-05 11:36:58.256   512   512 E keymaster1_device: TA API Minor Verion: 0
01-05 11:36:58.256   512   512 E keymaster1_device: TA Major Verion: 1
01-05 11:36:58.256   512   512 E keymaster1_device: TA Minor Verion: 10
01-05 11:36:58.256   512   512 E keymaster1_device: set_version_req->flags: 1
01-05 11:36:58.256   512   512 D android.hardware.keymaster@3.0-impl: Wrapping keymaster1 module Keymaster QTI HAL with SofKeymasterDevice
01-05 11:36:58.382   524   524 I gatekeeperd: cold boot: clearing state
01-05 11:36:58.442   509   509 I AudioFlinger: Using default 3000 mSec as standby time.
01-05 11:36:58.444   509   509 E APM::Serializer: deserialize: Could not parse /odm/etc/audio_policy_configuration.xml document.
01-05 11:36:58.444   509   509 E APM::Serializer: deserialize: Could not parse /vendor/etc/audio_policy_configuration.xml document.
01-05 11:36:58.510   509   509 I vndksupport: sphal namespace is not configured for this process. Loading /vendor/lib/hw/audio.primary.default.so from the current namespace instead.
01-05 11:36:58.513   509   509 W DeviceHAL: Device 0xf0ebf000 get_master_volume: Function not implemented
01-05 11:36:58.513   509   509 W DeviceHAL: Device 0xf0ebf000 get_master_mute: Function not implemented
01-05 11:36:58.513   509   509 W DeviceHAL: Device 0xf0ebf000 set_master_volume: Function not implemented
01-05 11:36:58.513   509   509 W DeviceHAL: Device 0xf0ebf000 set_master_mute: Function not implemented
01-05 11:36:58.513   509   509 I AudioFlinger: loadHwModule() Loaded primary audio interface, handle 10
01-05 11:36:58.513   509   509 I AudioFlinger: openOutput() this 0xf0ebd000, module 10 Device 2, SamplingRate 48000, Format 0x000001, Channels 3, flags 2
01-05 11:36:58.513   509   509 I AudioFlinger: HAL output buffer size 1024 frames, normal sink buffer size 1024 frames
01-05 11:36:58.517   509   509 W EffectsFactory: checkLibraryPath() corrected library path /system/lib/soundfx/libbundlewrapper.so to /vendor/lib/soundfx/libbundlewrapper.so
01-05 11:36:58.519   509   509 W EffectsFactory: checkLibraryPath() corrected library path /system/lib/soundfx/libreverbwrapper.so to /vendor/lib/soundfx/libreverbwrapper.so
01-05 11:36:58.526   509   509 W EffectsFactory: checkLibraryPath() corrected library path /system/lib/soundfx/libvisualizer.so to /vendor/lib/soundfx/libvisualizer.so
01-05 11:36:58.528   509   509 W EffectsFactory: loadLibrary() could not find library /system/lib/soundfx/libqcomvisualizer.so
01-05 11:36:58.528   509   509 W EffectsFactory: checkLibraryPath() corrected library path /system/lib/soundfx/libdownmix.so to /vendor/lib/soundfx/libdownmix.so
01-05 11:36:58.529   509   509 W EffectsFactory: checkLibraryPath() corrected library path /system/lib/soundfx/libldnhncr.so to /vendor/lib/soundfx/libldnhncr.so
01-05 11:36:58.531   509   509 W EffectsFactory: checkLibraryPath() corrected library path /system/lib/soundfx/libeffectproxy.so to /vendor/lib/soundfx/libeffectproxy.so
01-05 11:36:58.541   509   509 W EffectsFactory: loadLibrary() could not find library /system/lib/soundfx/libqcompostprocbundle.so
01-05 11:36:58.541   509   509 W EffectsFactory: loadLibrary() could not find library /system/lib/soundfx/libqcomvoiceprocessing.so
01-05 11:36:58.541   509   509 W EffectsFactory: addSubEffect() could not get library offload_bundle
01-05 11:36:58.541   509   509 W EffectsFactory: loadEffect() could not add subEffect 
01-05 11:36:58.541   509   509 W EffectsFactory: addSubEffect() could not get library offload_bundle
01-05 11:36:58.542   509   509 W EffectsFactory: loadEffect() could not add subEffect 
01-05 11:36:58.542   509   509 W EffectsFactory: addSubEffect() could not get library offload_bundle
01-05 11:36:58.542   509   509 W EffectsFactory: loadEffect() could not add subEffect 
01-05 11:36:58.542   509   509 W EffectsFactory: addSubEffect() could not get library offload_bundle
01-05 11:36:58.542   509   509 W EffectsFactory: loadEffect() could not add subEffect 
01-05 11:36:58.542   509   509 W EffectsFactory: addSubEffect() could not get library offload_bundle
01-05 11:36:58.542   509   509 W EffectsFactory: loadEffect() could not add subEffect 
01-05 11:36:58.542   509   509 W EffectsFactory: addSubEffect() could not get library offload_bundle
01-05 11:36:58.542   509   509 W EffectsFactory: loadEffect() could not add subEffect 
01-05 11:36:58.542   509   509 W EffectsFactory: addSubEffect() could not get library offload_bundle
01-05 11:36:58.542   509   509 W EffectsFactory: loadEffect() could not add subEffect 
01-05 11:36:58.542   509   509 W EffectsFactory: addSubEffect() could not get library visualizer_hw
01-05 11:36:58.542   509   509 W EffectsFactory: loadEffect() could not add subEffect 
01-05 11:36:58.542   509   509 W EffectsFactory: loadEffect() could not get library offload_bundle
01-05 11:36:58.542   509   509 W EffectsFactory: loadEffect() could not get library audio_pre_processing
01-05 11:36:58.542   509   509 W EffectsFactory: loadEffect() could not get library audio_pre_processing
01-05 11:36:58.542   509   509 I BufferProvider: found effect "Multichannel Downmix To Stereo" from The Android Open Source Project
01-05 11:36:58.543   509   509 I AudioFlinger: Using module 10 as the primary audio interface
01-05 11:36:58.543   509   509 W AudioFlinger: moveEffects() bad srcOutput 0
01-05 11:36:58.544   509   876 I AudioFlinger: AudioFlinger's thread 0xf0083b80 tid=876 ready to run
01-05 11:36:58.544   509   876 W AudioFlinger: no wake lock to update, system not ready yet
01-05 11:36:58.545   509   869 W DeviceHAL: Device 0xf0ebf000 set_voice_volume: Function not implemented
01-05 11:36:58.545   509   509 W APM_AudioPolicyManager: Output profile contains no device on module primary
01-05 11:36:58.546   509   509 I AudioFlinger: openOutput() this 0xf0ebd000, module 10 Device 2, SamplingRate 48000, Format 0x000001, Channels 3, flags 8
01-05 11:36:58.546   509   509 I AudioFlinger: HAL output buffer size 1024 frames, normal sink buffer size 1024 frames
01-05 11:36:58.547   509   876 W AudioFlinger: no wake lock to update, system not ready yet
01-05 11:36:58.547   509   878 I AudioFlinger: AudioFlinger's thread 0xefb83540 tid=878 ready to run
01-05 11:36:58.547   509   878 W AudioFlinger: no wake lock to update, system not ready yet
01-05 11:36:58.548   509   509 I AudioFlinger: openOutput() this 0xf0ebd000, module 10 Device 2, SamplingRate 48000, Format 0x000001, Channels 3, flags 4
01-05 11:36:58.549   509   509 I AudioFlinger: HAL output buffer size 1024 frames, normal sink buffer size 1024 frames
01-05 11:36:58.549   509   878 W AudioFlinger: no wake lock to update, system not ready yet
01-05 11:36:58.549   509   880 I AudioFlinger: AudioFlinger's thread 0xef903280 tid=880 ready to run
01-05 11:36:58.549   509   880 W AudioFlinger: no wake lock to update, system not ready yet
01-05 11:36:58.551   509   509 W APM_AudioPolicyManager: Output profile contains no device on module primary
01-05 11:36:58.551   509   509 W APM_AudioPolicyManager: Output profile contains no device on module primary
01-05 11:36:58.551   509   509 I AudioFlinger: openOutput() this 0xf0ebd000, module 10 Device 10000, SamplingRate 48000, Format 0x000001, Channels 3, flags 0
01-05 11:36:58.551   509   509 I AudioFlinger: HAL output buffer size 1024 frames, normal sink buffer size 1024 frames
01-05 11:36:58.552   509   880 W AudioFlinger: no wake lock to update, system not ready yet
01-05 11:36:58.552   509   882 I AudioFlinger: AudioFlinger's thread 0xef683580 tid=882 ready to run
01-05 11:36:58.552   509   882 W AudioFlinger: no wake lock to update, system not ready yet
01-05 11:36:58.553   509   509 W APM_AudioPolicyManager: Output profile contains no device on module primary
01-05 11:36:58.553   509   509 W APM_AudioPolicyManager: Output profile contains no device on module primary
01-05 11:36:58.554   509   882 W AudioFlinger: no wake lock to update, system not ready yet
01-05 11:36:58.554   509   884 I AudioFlinger: AudioFlinger's thread 0xef403bc0 tid=884 ready to run
01-05 11:36:58.555   509   886 I AudioFlinger: AudioFlinger's thread 0xef183e00 tid=886 ready to run
01-05 11:36:58.574   509   509 I bt_a2dp_hw: adev_open:  adev_open in A2dp_hw module
01-05 11:36:58.574   509   509 I AudioFlinger: loadHwModule() Loaded a2dp audio interface, handle 18
01-05 11:36:58.574   509   509 I vndksupport: sphal namespace is not configured for this process. Loading /vendor/lib/hw/audio.usb.default.so from the current namespace instead.
01-05 11:36:58.580   509   509 I AudioFlinger: loadHwModule() Loaded usb audio interface, handle 26
01-05 11:36:58.580   509   509 I vndksupport: sphal namespace is not configured for this process. Loading /vendor/lib/hw/audio.r_submix.default.so from the current namespace instead.
01-05 11:36:58.582   509   509 I r_submix: adev_open(name=audio_hw_if)
01-05 11:36:58.582   509   509 I r_submix: adev_init_check()
01-05 11:36:58.582   509   509 W DeviceHAL: Device 0xef6d4b00 set_master_mute: Function not implemented
01-05 11:36:58.582   509   509 I AudioFlinger: loadHwModule() Loaded r_submix audio interface, handle 34
01-05 11:36:58.582   509   509 D r_submix: adev_open_input_stream(addr=0)
01-05 11:36:58.582   509   509 D r_submix: submix_audio_device_create_pipe_l(addr=0, idx=9)
01-05 11:36:58.582   509   509 D r_submix:   now using address 0 for route 9
01-05 11:36:58.589   509   890 I AudioFlinger: AudioFlinger's thread 0xef183980 tid=890 ready to run
01-05 11:36:58.590   509   890 D r_submix: adev_close_input_stream()
01-05 11:36:58.590   509   890 D r_submix: submix_audio_device_release_pipe_l(idx=9) addr=0
01-05 11:36:58.590   509   890 D r_submix: submix_audio_device_destroy_pipe_l(): pipe destroyed
01-05 11:36:58.591   509   509 I RadioService: RadioService
01-05 11:36:58.591   509   509 I RadioService: onFirstRef
01-05 11:36:58.597   509   509 I BroadcastRadio: onFirstRef mClassId 0
01-05 11:36:58.597   509   509 I BroadcastRadio: onFirstRef RADIO_HARDWARE_MODULE_ID radio fm
01-05 11:36:58.597   509   509 E BroadcastRadio: couldn't load radio module radio.fm (No such file or directory)
01-05 11:36:58.597   509   509 E RadioService: could not read implementation properties
01-05 11:36:58.603   509   509 E SoundTriggerHalImpl: couldn't load sound trigger module sound_trigger.primary (No such file or directory)
01-05 11:36:58.603   509   509 I SoundTriggerHalHidl: getProperties res implementor 
01-05 11:36:58.603   509   509 I SoundTriggerHalHidl: getProperties ret -19
01-05 11:36:58.603   509   509 E SoundTriggerHwService: could not read implementation properties
01-05 11:36:59.096   483   483 W /system/bin/healthd: Waited one second for android.hardware.health@1.0::IHealth/default. Waiting another...
01-05 11:36:59.096   488   488 W /system/bin/surfaceflinger: Waited one second for android.hardware.configstore@1.0::ISurfaceFlingerConfigs/default. Waiting another...
01-05 11:36:59.690   757   899 W dex2oat : Skipping class android.hidl.base.V1_0.IBase from /system/framework/android.hidl.base-V1.0-java.jar previously found in /system/framework/telephony-common.jar
01-05 11:36:59.690   757   899 W dex2oat : Skipping class android.hidl.base.V1_0.IBase$Stub from /system/framework/android.hidl.base-V1.0-java.jar previously found in /system/framework/telephony-common.jar
