[pid 12114] close(21</system/etc/motorola/qcril.db-journal>)                                                            = 0
[pid 12105] <... openat resumed> )                                                                                      = 12</sys/devices/soc.0/f9200000.ssusb/power_supply/usb/online>
[pid 12114] unlinkat(AT_FDCWD, "/system/etc/motorola/qcril.db-journal", 0 <unfinished ...>
[pid 12105] read(12</sys/devices/soc.0/f9200000.ssusb/power_supply/usb/online>, "1\n", 20)                              = 2
[pid 12114] <... unlinkat resumed> )                                                                                    = 0
[pid 12105] close(12</sys/devices/soc.0/f9200000.ssusb/power_supply/usb/online> <unfinished ...>
[pid 12114] fcntl(20</system/etc/motorola/qcril.db>, F_SETLK, {type=F_RDLCK, whence=SEEK_SET, start=1073741826, len=510} <unfinished ...>
[pid 12105] <... close resumed> )                                                                                       = 0
[pid 12114] <... fcntl resumed> )                                                                                       = 0
[pid 12105] socket(PF_LOCAL, SOCK_STREAM|SOCK_CLOEXEC, 0 <unfinished ...>
[pid 12114] fcntl(20</system/etc/motorola/qcril.db>, F_SETLK, {type=F_UNLCK, whence=SEEK_SET, start=1073741824, len=2} <unfinished ...>
[pid 12105] <... socket resumed> )                                                                                      = 12
[pid 12114] <... fcntl resumed> )                                                                                       = 0
[pid 12105] connect(12<socket:[80124]>, {sa_family=AF_LOCAL, sun_path="/dev/socket/property_service"}, 31 <unfinished ...>
[pid 12114] fcntl(20</system/etc/motorola/qcril.db>, F_SETLK, {type=F_UNLCK, whence=SEEK_SET, start=0, len=0} <unfinished ...>
[pid 12105] <... connect resumed> )                                                                                     = 0
[pid 12114] <... fcntl resumed> )                                                                                       = 0
[pid 12105] writev(12<socket:[80124]>, [{"\1\0\2\0", 4}, {"\22\0\0\0", 4}, {"ril.radio.ctbk_val", 18}, {"\31\0\0\0", 4}, {"0,0,0,0,0,0,0,0,0,1,1,0,0", 25}], 5 <unfinished ...>
[pid 12114] fcntl(20</system/etc/motorola/qcril.db>, F_SETLK, {type=F_RDLCK, whence=SEEK_SET, start=1073741824, len=1} <unfinished ...>
[pid 12105] <... writev resumed> )                                                                                      = 55
[pid 12114] <... fcntl resumed> )                                                                                       = 0
[pid 12105] recvfrom(12<socket:[80124]>,  <unfinished ...>
[pid 12114] fcntl(20</system/etc/motorola/qcril.db>, F_SETLK, {type=F_RDLCK, whence=SEEK_SET, start=1073741826, len=510} <unfinished ...>
[pid 12105] <... recvfrom resumed> "\0\0\0\0", 4, MSG_WAITALL, NULL, NULL)                                              = 4
[pid 12114] <... fcntl resumed> )                                                                                       = 0
[pid 12105] close(12<socket:[80124]> <unfinished ...>
[pid 12114] fcntl(20</system/etc/motorola/qcril.db>, F_SETLK, {type=F_UNLCK, whence=SEEK_SET, start=1073741824, len=1} <unfinished ...>
[pid 12105] <... close resumed> )                                                                                       = 0
[pid 12114] <... fcntl resumed> )                                                                                       = 0
[pid 12105] openat(AT_FDCWD, "/sys/class/power_supply/wireless/online", O_RDONLY <unfinished ...>
[pid 12114] newfstatat(AT_FDCWD, "/system/etc/motorola/qcril.db-journal",  <unfinished ...>
[pid 12105] <... openat resumed> )                                                                                      = 12</sys/devices/soc.0/lge,unified_wlc.83/power_supply/wireless/online>
[pid 12114] <... newfstatat resumed> 0x7ff9802358, 0)                                                                   = -1 ENOENT (No such file or directory)
[pid 12105] read(12</sys/devices/soc.0/lge,unified_wlc.83/power_supply/wireless/online>,  <unfinished ...>
[pid 12114] fstat(20</system/etc/motorola/qcril.db>,  <unfinished ...>
[pid 12105] <... read resumed> "0\n", 20)                                                                               = 2
[pid 12114] <... fstat resumed> {st_mode=S_IFREG|0644, st_size=26624, ...})                                             = 0
[pid 12105] close(12</sys/devices/soc.0/lge,unified_wlc.83/power_supply/wireless/online> <unfinished ...>
[pid 12114] pread64(20</system/etc/motorola/qcril.db>,  <unfinished ...>
[pid 12105] <... close resumed> )                                                                                       = 0
[pid 12114] <... pread64 resumed> "\0\0\0\236\0\0\0\32\0\0\0\0\0\0\0\0", 16, 24)                                        = 16
[pid 12105] socket(PF_LOCAL, SOCK_STREAM|SOCK_CLOEXEC, 0 <unfinished ...>
[pid 12114] fstat(20</system/etc/motorola/qcril.db>,  <unfinished ...>
[pid 12105] <... socket resumed> )                                                                                      = 12
[pid 12114] <... fstat resumed> {st_mode=S_IFREG|0644, st_size=26624, ...})                                             = 0
[pid 12105] connect(12<socket:[80957]>, {sa_family=AF_LOCAL, sun_path="/dev/socket/property_service"}, 31 <unfinished ...>
[pid 12114] newfstatat(AT_FDCWD, "/system/etc/motorola/qcril.db-wal",  <unfinished ...>
[pid 12105] <... connect resumed> )                                                                                     = 0
[pid 12114] <... newfstatat resumed> 0x7ff9802358, 0)                                                                   = -1 ENOENT (No such file or directory)
[pid 12105] writev(12<socket:[80957]>, [{"\1\0\2\0", 4}, {"\22\0\0\0", 4}, {"ril.radio.ctbk_val", 18}, {"\31\0\0\0", 4}, {"1,0,0,0,0,0,0,0,0,1,1,0,0", 25}], 5 <unfinished ...>
[pid 12114] fstat(20</system/etc/motorola/qcril.db>,  <unfinished ...>
[pid 12105] <... writev resumed> )                                                                                      = 55
[pid 12105] recvfrom(12<socket:[80957]>, "\0\0\0\0", 4, MSG_WAITALL, NULL, NULL)                                        = 4
[pid 12105] close(12<socket:[80957]>)                                                                                   = 0
[pid 12114] <... fstat resumed> {st_mode=S_IFREG|0644, st_size=26624, ...})                                             = 0
[pid 12105] socket(PF_LOCAL, SOCK_STREAM|SOCK_CLOEXEC, 0)                                                               = 12
[pid 12114] fcntl(20</system/etc/motorola/qcril.db>, F_SETLK, {type=F_UNLCK, whence=SEEK_SET, start=0, len=0} <unfinished ...>
[pid 12105] connect(12<socket:[80125]>, {sa_family=AF_LOCAL, sun_path="/dev/socket/property_service"}, 31 <unfinished ...>
[pid 12114] <... fcntl resumed> )                                                                                       = 0
[pid 12105] <... connect resumed> )                                                                                     = 0
[pid 12114] fcntl(20</system/etc/motorola/qcril.db>, F_SETLK, {type=F_RDLCK, whence=SEEK_SET, start=1073741824, len=1} <unfinished ...>
[pid 12105] writev(12<socket:[80125]>, [{"\1\0\2\0", 4}, {"\22\0\0\0", 4}, {"ril.radio.ctbk_val", 18}, {"\31\0\0\0", 4}, {"1,0,0,0,0,0,0,0,0,1,1,0,0", 25}], 5 <unfinished ...>
[pid 12114] <... fcntl resumed> )                                                                                       = 0
[pid 12105] <... writev resumed> )                                                                                      = 55
[pid 12105] recvfrom(12<socket:[80125]>, "\0\0\0\0", 4, MSG_WAITALL, NULL, NULL)                                        = 4
[pid 12105] close(12<socket:[80125]> <unfinished ...>
[pid 12114] fcntl(20</system/etc/motorola/qcril.db>, F_SETLK, {type=F_RDLCK, whence=SEEK_SET, start=1073741826, len=510}) = 0
[pid 12105] <... close resumed> )                                                                                       = 0
[pid 12114] fcntl(20</system/etc/motorola/qcril.db>, F_SETLK, {type=F_UNLCK, whence=SEEK_SET, start=1073741824, len=1}) = 0
[pid 12114] newfstatat(AT_FDCWD, "/system/etc/motorola/qcril.db-journal", 0x7ff9802538, 0)                              = -1 ENOENT (No such file or directory)
[pid 12105] mmap(NULL, 1036288, PROT_READ|PROT_WRITE, MAP_PRIVATE|MAP_ANONYMOUS|MAP_NORESERVE, -1, 0 <unfinished ...>
[pid 12114] fstat(20</system/etc/motorola/qcril.db>,  <unfinished ...>
[pid 12105] <... mmap resumed> )                                                                                        = 0x7c40103000
[pid 12114] <... fstat resumed> {st_mode=S_IFREG|0644, st_size=26624, ...})                                             = 0
[pid 12105] mprotect(0x7c40103000, 4096, PROT_NONE <unfinished ...>
[pid 12114] pread64(20</system/etc/motorola/qcril.db>,  <unfinished ...>
[pid 12105] <... mprotect resumed> )                                                                                    = 0
[pid 12114] <... pread64 resumed> "\0\0\0\236\0\0\0\32\0\0\0\0\0\0\0\0", 16, 24)                                        = 16
[pid 12105] prctl(0x53564d41 /* PR_??? */, 0, 0x7c40103000, 0x1000, 0x7cc4508255 <unfinished ...>
[pid 12114] fstat(20</system/etc/motorola/qcril.db>,  <unfinished ...>
[pid 12105] <... prctl resumed> )                                                                                       = 0
[pid 12114] <... fstat resumed> {st_mode=S_IFREG|0644, st_size=26624, ...})                                             = 0
[pid 12105] mmap(NULL, 20480, PROT_NONE, MAP_PRIVATE|MAP_ANONYMOUS, -1, 0 <unfinished ...>
[pid 12114] newfstatat(AT_FDCWD, "/system/etc/motorola/qcril.db-wal",  <unfinished ...>
[pid 12105] <... mmap resumed> )                                                                                        = 0x7cc4ab5000
[pid 12114] <... newfstatat resumed> 0x7ff9802538, 0)                                                                   = -1 ENOENT (No such file or directory)
[pid 12105] prctl(0x53564d41 /* PR_??? */, 0, 0x7cc4ab5000, 0x5000, 0x7cc45080e4 <unfinished ...>
[pid 12114] fstat(20</system/etc/motorola/qcril.db>,  <unfinished ...>
[pid 12105] <... prctl resumed> )                                                                                       = 0
[pid 12114] <... fstat resumed> {st_mode=S_IFREG|0644, st_size=26624, ...})                                             = 0
[pid 12105] mprotect(0x7cc4ab6000, 12288, PROT_READ|PROT_WRITE <unfinished ...>
[pid 12114] fcntl(20</system/etc/motorola/qcril.db>, F_SETLK, {type=F_UNLCK, whence=SEEK_SET, start=0, len=0} <unfinished ...>
[pid 12105] <... mprotect resumed> )                                                                                    = 0
[pid 12114] <... fcntl resumed> )                                                                                       = 0
[pid 12105] prctl(0x53564d41 /* PR_??? */, 0, 0x7cc4ab6000, 0x3000, 0x7cc4508126)                                       = 0
[pid 12114] fcntl(20</system/etc/motorola/qcril.db>, F_SETLK, {type=F_RDLCK, whence=SEEK_SET, start=1073741824, len=1} <unfinished ...>
[pid 12105] clone( <unfinished ...>
[pid 12114] <... fcntl resumed> )                                                                                       = 0
Process 15170 attached
[pid 12114] fcntl(20</system/etc/motorola/qcril.db>, F_SETLK, {type=F_RDLCK, whence=SEEK_SET, start=1073741826, len=510} <unfinished ...>
[pid 15170] futex(0x7c401ff570, FUTEX_WAIT_BITSET_PRIVATE, 2, NULL, ffffffff <unfinished ...>
[pid 12114] <... fcntl resumed> )                                                                                       = 0
[pid 12114] fcntl(20</system/etc/motorola/qcril.db>, F_SETLK, {type=F_UNLCK, whence=SEEK_SET, start=1073741824, len=1} <unfinished ...>
[pid 12105] <... clone resumed> child_stack=0x7c401ff4e0, flags=CLONE_VM|CLONE_FS|CLONE_FILES|CLONE_SIGHAND|CLONE_THREAD|CLONE_SYSVSEM|CLONE_SETTLS|CLONE_PARENT_SETTID|CLONE_CHILD_CLEARTID, parent_tidptr=0x7c401ff500, tls=0x7c401ff588, child_tidptr=0x7c401ff500) = 15170
[pid 12114] <... fcntl resumed> )                                                                                       = 0
[pid 12105] futex(0x7c401ff570, FUTEX_WAKE_PRIVATE, 1 <unfinished ...>
[pid 15170] <... futex resumed> )                                                                                       = 0
[pid 12114] newfstatat(AT_FDCWD, "/system/etc/motorola/qcril.db-journal",  <unfinished ...>
[pid 15170] mmap(NULL, 20480, PROT_READ|PROT_WRITE, MAP_PRIVATE|MAP_ANONYMOUS, -1, 0 <unfinished ...>
[pid 12114] <... newfstatat resumed> 0x7ff9802358, 0)                                                                   = -1 ENOENT (No such file or directory)
[pid 15170] <... mmap resumed> )                                                                                        = 0x7cc4ab0000
[pid 15170] mprotect(0x7cc4ab0000, 4096, PROT_NONE <unfinished ...>
[pid 12114] fstat(20</system/etc/motorola/qcril.db>,  <unfinished ...>
[pid 15170] <... mprotect resumed> )                                                                                    = 0
[pid 12114] <... fstat resumed> {st_mode=S_IFREG|0644, st_size=26624, ...})                                             = 0
[pid 15170] sigaltstack({ss_sp=0x7cc4ab1000, ss_flags=0, ss_size=16384} <unfinished ...>
[pid 12114] pread64(20</system/etc/motorola/qcril.db>,  <unfinished ...>
[pid 15170] <... sigaltstack resumed> , NULL)                                                                           = 0
[pid 12114] <... pread64 resumed> "\0\0\0\236\0\0\0\32\0\0\0\0\0\0\0\0", 16, 24)                                        = 16
[pid 15170] prctl(0x53564d41 /* PR_??? */, 0, 0x7cc4ab1000, 0x4000, 0x7cc4508131 <unfinished ...>
[pid 12114] fstat(20</system/etc/motorola/qcril.db>,  <unfinished ...>
[pid 15170] <... prctl resumed> )                                                                                       = 0
[pid 12114] <... fstat resumed> {st_mode=S_IFREG|0644, st_size=26624, ...})                                             = 0
[pid 15170] prctl(0x53564d41 /* PR_??? */, 0, 0x7cc4ab0000, 0x1000, 0x7cc4508145 <unfinished ...>
[pid 12114] newfstatat(AT_FDCWD, "/system/etc/motorola/qcril.db-wal",  <unfinished ...>
[pid 15170] <... prctl resumed> )                                                                                       = 0
[pid 12114] <... newfstatat resumed> 0x7ff9802358, 0)                                                                   = -1 ENOENT (No such file or directory)
[pid 15170] futex(0x7cc1665028, FUTEX_WAIT_BITSET_PRIVATE, 2, NULL, ffffffff <unfinished ...>
[pid 12114] fstat(20</system/etc/motorola/qcril.db>, {st_mode=S_IFREG|0644, st_size=26624, ...})                        = 0
[pid 12114] fcntl(20</system/etc/motorola/qcril.db>, F_SETLK, {type=F_UNLCK, whence=SEEK_SET, start=0, len=0} <unfinished ...>
[pid 12105] <... futex resumed> )                                                                                       = 1
[pid 12114] <... fcntl resumed> )                                                                                       = 0
[pid 12105] futex(0x7cc1665028, FUTEX_WAKE_PRIVATE, 1)                                                                  = 1
[pid 15170] <... futex resumed> )                                                                                       = 0
[pid 12105] futex(0x7cc1665150, FUTEX_WAIT_BITSET_PRIVATE, 0, NULL, ffffffff <unfinished ...>
[pid 15170] pipe2([12, 17], 0)                                                                                          = 0
[pid 15170] fcntl(12<pipe:[80959]>, F_SETFL, O_RDONLY|O_NONBLOCK <unfinished ...>
[pid 12114] fcntl(20</system/etc/motorola/qcril.db>, F_SETLK, {type=F_RDLCK, whence=SEEK_SET, start=1073741824, len=1} <unfinished ...>
[pid 15170] <... fcntl resumed> )                                                                                       = 0
[pid 12114] <... fcntl resumed> )                                                                                       = 0
[pid 15170] futex(0x7cc1665150, FUTEX_WAKE_PRIVATE, 2147483647 <unfinished ...>
[pid 12114] fcntl(20</system/etc/motorola/qcril.db>, F_SETLK, {type=F_RDLCK, whence=SEEK_SET, start=1073741826, len=510} <unfinished ...>
[pid 15170] <... futex resumed> )                                                                                       = 1
[pid 12114] <... fcntl resumed> )                                                                                       = 0
[pid 15170] futex(0x7cc1665028, FUTEX_WAKE_PRIVATE, 1 <unfinished ...>
[pid 12114] fcntl(20</system/etc/motorola/qcril.db>, F_SETLK, {type=F_UNLCK, whence=SEEK_SET, start=1073741824, len=1} <unfinished ...>
[pid 15170] <... futex resumed> )                                                                                       = 0
[pid 12114] <... fcntl resumed> )                                                                                       = 0
[pid 15170] futex(0x7cc1665150, FUTEX_WAIT_BITSET_PRIVATE, 4, NULL, ffffffff <unfinished ...>
[pid 12105] <... futex resumed> )                                                                                       = 0
[pid 12114] newfstatat(AT_FDCWD, "/system/etc/motorola/qcril.db-journal",  <unfinished ...>
[pid 12105] fcntl(-1, F_SETFL, O_RDONLY|O_NONBLOCK <unfinished ...>
[pid 12114] <... newfstatat resumed> 0x7ff9802358, 0)                                                                   = -1 ENOENT (No such file or directory)
[pid 12105] <... fcntl resumed> )                                                                                       = -1 EBADF (Bad file descriptor)
[pid 12114] fstat(20</system/etc/motorola/qcril.db>,  <unfinished ...>
[pid 12105] write(6<pipe:[70908]>, " ", 1 <unfinished ...>
[pid 12114] <... fstat resumed> {st_mode=S_IFREG|0644, st_size=26624, ...})                                             = 0
[pid 12110] <... pselect6 resumed> )                                                                                    = 1 (in [5])
[pid 12114] pread64(20</system/etc/motorola/qcril.db>,  <unfinished ...>
[pid 12110] read(5<pipe:[70908]>,  <unfinished ...>
[pid 12114] <... pread64 resumed> "\0\0\0\236\0\0\0\32\0\0\0\0\0\0\0\0", 16, 24)                                        = 16
[pid 12110] <... read resumed> " ", 16)                                                                                 = 1
[pid 12114] fstat(20</system/etc/motorola/qcril.db>,  <unfinished ...>
[pid 12110] read(5<pipe:[70908]>,  <unfinished ...>
[pid 12114] <... fstat resumed> {st_mode=S_IFREG|0644, st_size=26624, ...})                                             = 0
[pid 12110] <... read resumed> 0x7c40c87308, 16)                                                                        = -1 EAGAIN (Try again)
[pid 12114] newfstatat(AT_FDCWD, "/system/etc/motorola/qcril.db-wal",  <unfinished ...>
[pid 12105] <... write resumed> )                                                                                       = 1
[pid 12114] <... newfstatat resumed> 0x7ff9802358, 0)                                                                   = -1 ENOENT (No such file or directory)
[pid 12110] pselect6(6, [5<pipe:[70908]>], NULL, NULL, {0, 998798000}, 0 <unfinished ...>
[pid 12105] newfstatat(AT_FDCWD, "/system/etc/motorola/qcril.db",  <unfinished ...>
[pid 12114] fstat(20</system/etc/motorola/qcril.db>,  <unfinished ...>
[pid 12105] <... newfstatat resumed> {st_mode=S_IFREG|0644, st_size=26624, ...}, AT_SYMLINK_NOFOLLOW)                   = 0
[pid 12114] <... fstat resumed> {st_mode=S_IFREG|0644, st_size=26624, ...})                                             = 0
[pid 12105] newfstatat(AT_FDCWD, "/system/etc/motorola/qcril.db",  <unfinished ...>
[pid 12114] fcntl(20</system/etc/motorola/qcril.db>, F_SETLK, {type=F_WRLCK, whence=SEEK_SET, start=1073741825, len=1}) = 0
[pid 12105] <... newfstatat resumed> {st_mode=S_IFREG|0644, st_size=26624, ...}, 0)                                     = 0
[pid 12114] newfstatat(AT_FDCWD, "/system/etc/motorola/qcril.db",  <unfinished ...>
[pid 12105] openat(AT_FDCWD, "/system/etc/motorola/qcril.db", O_RDWR|O_CREAT|O_LARGEFILE|O_CLOEXEC, 0600 <unfinished ...>
[pid 12114] <... newfstatat resumed> {st_mode=S_IFREG|0644, st_size=26624, ...}, 0)                                     = 0
[pid 12105] <... openat resumed> )                                                                                      = 18</system/etc/motorola/qcril.db>
[pid 12114] newfstatat(AT_FDCWD, "/system/etc/motorola/qcril.db",  <unfinished ...>
[pid 12105] fstat(18</system/etc/motorola/qcril.db>,  <unfinished ...>
[pid 12114] <... newfstatat resumed> {st_mode=S_IFREG|0644, st_size=26624, ...}, 0)                                     = 0
[pid 12105] <... fstat resumed> {st_mode=S_IFREG|0644, st_size=26624, ...})                                             = 0
[pid 12114] openat(AT_FDCWD, "/system/etc/motorola/qcril.db-journal", O_RDWR|O_CREAT|O_LARGEFILE|O_CLOEXEC, 0644 <unfinished ...>
[pid 12105] fstat(18</system/etc/motorola/qcril.db>,  <unfinished ...>
[pid 12114] <... openat resumed> )                                                                                      = 21</system/etc/motorola/qcril.db-journal>
[pid 12105] <... fstat resumed> {st_mode=S_IFREG|0644, st_size=26624, ...})                                             = 0
[pid 12114] fstat(21</system/etc/motorola/qcril.db-journal>,  <unfinished ...>
[pid 12105] newfstatat(AT_FDCWD, "/system/etc/motorola/qcril.db",  <unfinished ...>
[pid 12114] <... fstat resumed> {st_mode=S_IFREG|0600, st_size=0, ...})                                                 = 0
[pid 12105] <... newfstatat resumed> {st_mode=S_IFREG|0644, st_size=26624, ...}, 0)                                     = 0
[pid 12114] fchmod(21</system/etc/motorola/qcril.db-journal>, 0644 <unfinished ...>
[pid 12105] ioctl(18</system/etc/motorola/qcril.db>, _IOC(_IOC_READ, 0xf5, 0x0c, 0x04) <unfinished ...>
[pid 12114] <... fchmod resumed> )                                                                                      = 0
[pid 12114] geteuid( <unfinished ...>
[pid 12105] <... ioctl resumed> , 0x7ff98028a4)                                                                         = -1 ENOTTY (Not a typewriter)
[pid 12114] <... geteuid resumed> )                                                                                     = 0
[pid 12105] pread64(18</system/etc/motorola/qcril.db>,  <unfinished ...>
[pid 12114] fchown(21</system/etc/motorola/qcril.db-journal>, 0, 0 <unfinished ...>
[pid 12105] <... pread64 resumed> "SQLite format 3\0\4\0\1\1\0@  \0\0\0\236\0\0\0\32\0\0\0\0\0\0\0\0\0\0\0\v\0\0\0\4\0\0\0\0\0\0\0\26\0\0\0\1\0\0\0\0\0\0\0\0\0\0\0\0\0\0\0\0\0\0\0\0\0\0\0\0\0\0\0\0\0\0\0\0\0\0\0\236\0.\20\374", 100, 0) = 100
[pid 12114] <... fchown resumed> )                                                                                      = 0
[pid 12114] pwrite64(21</system/etc/motorola/qcril.db-journal>, "\0\0\0\0\0\0\0\0\0\0\0\0\230\223P\341\0\0\0\32\0\0\2\0\0\0\4\0\0\0\0\0\0\0\0\0\0\0\0\0\0\0\0\0\0\0\0\0\0\0\0\0\0\0\0\0\0\0\0\0\0\0\0\0\0\0\0\0\0\0\0\0\0\0\0\0\0\0\0\0\0\0\0\0\0\0\0\0\0\0\0\0\0\0\0\0\0\0\0\0\0\0\0\0\0\0\0\0\0\0\0\0\0\0\0\0\0\0\0\0\0\0\0\0\0\0\0\0\0\0\0\0\0\0\0\0\0\0\0\0\0\0\0\0\0\0\0\0\0\0\0\0\0\0\0\0\0\0\0\0\0\0\0\0\0\0\0\0\0\0\0\0\0\0\0\0\0\0\0\0\0\0\0\0\0\0\0\0\0\0\0\0\0\0\0\0\0\0\0\0\0\0\0\0\0\0\0\0\0\0\0\0\0\0\0\0\0\0\0\0\0\0\0\0\0\0\0\0\0\0\0\0\0\0\0\0\0\0\0\0\0\0\0\0\0\0\0\0\0\0\0\0\0\0\0\0\0\0\0\0\0\0\0\0\0\0\0\0\0\0\0\0\0\0\0\0\0\0\0\0\0\0\0\0\0\0\0\0\0\0\0\0\0\0\0\0\0\0\0\0\0\0\0\0\0\0\0\0\0\0\0\0\0\0\0\0\0\0\0\0\0\0\0\0\0\0\0\0\0\0\0\0\0\0\0\0\0\0\0\0\0\0\0\0\0\0\0\0\0\0\0\0\0\0\0\0\0\0\0\0\0\0\0\0\0\0\0\0\0\0\0\0\0\0\0\0\0\0\0\0\0\0\0\0\0\0\0\0\0\0\0\0\0\0\0\0\0\0\0\0\0\0\0\0\0\0\0\0\0\0\0\0\0\0\0\0\0\0\0\0\0\0\0\0\0\0\0\0\0\0\0\0\0\0\0\0\0\0\0\0\0\0\0\0\0\0\0\0\0\0\0\0\0\0\0\0\0\0\0\0\0\0\0\0\0\0\0\0\0\0\0\0\0\0\0\0\0\0\0\0\0\0\0\0\0\0\0\0\0\0\0"..., 512, 0) = 512
[pid 12105] fcntl(18</system/etc/motorola/qcril.db>, F_SETLK, {type=F_RDLCK, whence=SEEK_SET, start=1073741824, len=1} <unfinished ...>
[pid 12114] pwrite64(21</system/etc/motorola/qcril.db-journal>, "\0\0\0\1", 4, 512 <unfinished ...>
[pid 12105] <... fcntl resumed> )                                                                                       = 0
[pid 12114] <... pwrite64 resumed> )                                                                                    = 4
[pid 12105] fcntl(18</system/etc/motorola/qcril.db>, F_SETLK, {type=F_RDLCK, whence=SEEK_SET, start=1073741826, len=510} <unfinished ...>
[pid 12114] pwrite64(21</system/etc/motorola/qcril.db-journal>, "SQLite format 3\0\4\0\1\1\0@  \0\0\0\236\0\0\0\32\0\0\0\0\0\0\0\0\0\0\0\v\0\0\0\4\0\0\0\0\0\0\0\26\0\0\0\1\0\0\0\0\0\0\0\0\0\0\0\0\0\0\0\0\0\0\0\0\0\0\0\0\0\0\0\0\0\0\0\0\0\0\0\236\0.\20\374\5\0\0\0\3\3\361\0\0\0\0\32\3\373\3\366\3\361\1+\0\0\0\0\0\0\0\0\0\0\0\0\0\0\0\0\0\0\0\0\0\0\0\0\0\0\0\0\0\0\0\0\0\0\0\0\0\0\0\0\0\0\0\0\0\0\0\0\0\0\0\0\0\0\0\0\0\0\0\0\0\0\0\0\0\0\0\0\0\0\0\0\0\0\0\0\0\0\0\0\0\0\0\0\0\0\0\0\0\0\0\0\0\0\0\0\0\0\0\0\0\0\0\0\0\0\0\0\0\0\0\0\0\0\0\0\0\0\0\0\0\0\0\0\0\0\0\0\0\0\0\0\0\0\0\0\0\0\0\0\0\0\0\0\0\0\0\0\0\0\0\0\0\0\0\0\0\0\0\0\0\0\0\0\0\0\0\0\0\0\0\0\0\0\0\0\0\0\0i\6\6\27}W\1\0indexsqlite_autoindex_qcril_emergency_source_hard_mcc_table_1qcril_emergency_source_hard_mcc_table\10\201P\3\7\27QQ\1\202\vtableqcril_emergency_source_voice_tableqcril_emergency_source_voice_table\5C"..., 1024, 516 <unfinished ...>
[pid 12105] <... fcntl resumed> )                                                                                       = 0
[pid 12105] fcntl(18</system/etc/motorola/qcril.db>, F_SETLK, {type=F_UNLCK, whence=SEEK_SET, start=1073741824, len=1} <unfinished ...>
[pid 12114] <... pwrite64 resumed> )                                                                                    = 1024
[pid 12105] <... fcntl resumed> )                                                                                       = 0
[pid 12114] pwrite64(21</system/etc/motorola/qcril.db-journal>, "\230\223Q\255", 4, 1540 <unfinished ...>
[pid 12105] newfstatat(AT_FDCWD, "/system/etc/motorola/qcril.db-journal",  <unfinished ...>
[pid 12114] <... pwrite64 resumed> )                                                                                    = 4
[pid 12105] <... newfstatat resumed> {st_mode=S_IFREG|0644, st_size=1544, ...}, 0)                                      = 0
[pid 12114] pwrite64(21</system/etc/motorola/qcril.db-journal>, "\0\0\0\2", 4, 1544 <unfinished ...>
[pid 12105] fcntl(18</system/etc/motorola/qcril.db>, F_GETLK <unfinished ...>
[pid 12114] <... pwrite64 resumed> )                                                                                    = 4
[pid 12105] <... fcntl resumed> , {type=F_WRLCK, whence=SEEK_SET, start=1073741825, len=1, pid=12114})                  = 0
[pid 12114] pwrite64(21</system/etc/motorola/qcril.db-journal>, "\1\0\0\0\0\1\0\0\0\0\1\0\0\0\0\1\0\0\0\0\1\0\0\0\0\1\0\0\0\0\1\0\0\0\0\1\0\0\0\0\1\0\0\0\0\1\0\0\0\0\1\0\0\0\0\1\0\0\0\0\1\0\0\0\0\1\0\0\0\0\1\0\0\0\0\1\0\0\0\0\1\0\0\0\0\1\0\0\0\0\1\0\0\0\0\1\0\0\0\0\5\0\0\0\1\5\0\0\0\1\5\0\0\0\1\5\0\0\0\1\0\0\0\0\0\0\0\0\0\0\0\0\0\0\0\0\0\0\0\0\0\0\0\0\0\0\0\0\0\0\0\0\0\0\0\0\0\0\0\0\0\0\0\0\0\0\0\0\0\0\0\0\0\0\0\0\0\0\0\0\0\0\0\0\0\0\0\0\0\0\0\0\0\0\0\0\0\0\0\0\0\0\0\0\0\0\0\0\0\0\0\0\0\0\0\0\0\0\0\0\0\0\0\0\0\0\0\0\0\0\0\0\0\0\0\0\0\0\0\0\0\0\0\0\0\0\0\0\0\0\0\0\0\0\0\0\0\0\0\0\0\0\0\0\0\0\0\0\0\0\0\0\0\0\0\0\0\0\0\0\0\0\0\0\0\0\0\0\0\0\0\0\0\0\0\0\0\0\0\0\0\0\0\0\0\0\0\0\0\0\0\0\0\0\0\0\0\0\0\0\0\0\0\0\0\0\0\0\0\0\0\0\0\0\0\0\0\0\0\0\0\0\0\0\0\0\0\0\0\0\0\0\0\0\0\0\0\0\0\0\0\0\0\0\0\0\0\0\0\0\0\0\0\0\0\0\0\0\0\0\0\0\0\0\0\0\0\0\0\0\0\0\0\0\0\0\0\0\0\0\0\0\0\0\0\0\0\0\0\0\0\0\0\0\0\0\0\0\0\0\0\0\0\0\0\0\0\0\0\0\0\0\0\0\0\0\0\0\0\0\0\0\0\0\0\0\0\0\0\0\0\0\0\0\0\0\0\0\0\0\0\0\0\0\0\0\0\0\0\0\0\0\0\0\0\0\0\0\0\0\0\0\0\0\0\0\0\0\0\0\0"..., 1024, 1548 <unfinished ...>
[pid 12105] fstat(18</system/etc/motorola/qcril.db>,  <unfinished ...>
[pid 12114] <... pwrite64 resumed> )                                                                                    = 1024
[pid 12105] <... fstat resumed> {st_mode=S_IFREG|0644, st_size=26624, ...})                                             = 0
[pid 12114] pwrite64(21</system/etc/motorola/qcril.db-journal>, "\230\223P\341", 4, 2572 <unfinished ...>
[pid 12105] newfstatat(AT_FDCWD, "/system/etc/motorola/qcril.db-wal",  <unfinished ...>
[pid 12114] <... pwrite64 resumed> )                                                                                    = 4
[pid 12105] <... newfstatat resumed> 0x7ff9800df8, 0)                                                                   = -1 ENOENT (No such file or directory)
[pid 12114] pread64(20</system/etc/motorola/qcril.db>,  <unfinished ...>
[pid 12105] fstat(18</system/etc/motorola/qcril.db>,  <unfinished ...>
[pid 12114] <... pread64 resumed> "\r\0\0\0\6\0S\0\0S\1 \1\201\2T\2\271\3\225\0O\0\0\0\0\0\0\0\0\0\0\0\0\0\0\0\0\0\0\0\0\0\0\0\0\0\0\0\0\0\0\0\0\0\0\0\0\0\0\0\0\0\0\0\0\0\0\0\0\0\0\0\0\0\0\0\0\0\0\7\5\7\201J\1\7\27MM\1\202\7tableqcril_emergency_source_mcc_tableqcril_emergency_source_mcc_table\3CREATE TABLE qcril_emergency_source_mcc_table(MCC TEXT, NUMBER TEXT, IMS_ADDRESS TEXT, SERVICE TEXT, PRIMARY KEY(MCC,NUMBER))_\2\6\27sM\1\0indexsqlite_autoindex_qcril_emergency_source_mcc_table_1qcril_emergency_source_mcc_table\4\201P\3\7\27QQ\1\202\vtableqcril_emergency_source_voice_tableqcril_emergency_source_voice_table\5CREATE TABLE qcril_eme"..., 1024, 22528) = 1024
[pid 12114] pwrite64(21</system/etc/motorola/qcril.db-journal>, "\0\0\0\27", 4, 2576 <unfinished ...>
[pid 12105] <... fstat resumed> {st_mode=S_IFREG|0644, st_size=26624, ...})                                             = 0
[pid 12114] <... pwrite64 resumed> )                                                                                    = 4
[pid 12105] pread64(18</system/etc/motorola/qcril.db>,  <unfinished ...>
[pid 12114] pwrite64(21</system/etc/motorola/qcril.db-journal>, "\r\0\0\0\6\0S\0\0S\1 \1\201\2T\2\271\3\225\0O\0\0\0\0\0\0\0\0\0\0\0\0\0\0\0\0\0\0\0\0\0\0\0\0\0\0\0\0\0\0\0\0\0\0\0\0\0\0\0\0\0\0\0\0\0\0\0\0\0\0\0\0\0\0\0\0\0\0\7\5\7\201J\1\7\27MM\1\202\7tableqcril_emergency_source_mcc_tableqcril_emergency_source_mcc_table\3CREATE TABLE qcril_emergency_source_mcc_table(MCC TEXT, NUMBER TEXT, IMS_ADDRESS TEXT, SERVICE TEXT, PRIMARY KEY(MCC,NUMBER))_\2\6\27sM\1\0indexsqlite_autoindex_qcril_emergency_source_mcc_table_1qcril_emergency_source_mcc_table\4\201P\3\7\27QQ\1\202\vtableqcril_emergency_source_voice_tableqcril_emergency_source_voice_table\5CREATE TABLE qcril_eme"..., 1024, 2580 <unfinished ...>
[pid 12105] <... pread64 resumed> "SQLite format 3\0\4\0\1\1\0@  \0\0\0\236\0\0\0\32\0\0\0\0\0\0\0\0\0\0\0\v\0\0\0\4\0\0\0\0\0\0\0\26\0\0\0\1\0\0\0\0\0\0\0\0\0\0\0\0\0\0\0\0\0\0\0\0\0\0\0\0\0\0\0\0\0\0\0\0\0\0\0\236\0.\20\374\5\0\0\0\3\3\361\0\0\0\0\32\3\373\3\366\3\361\1+\0\0\0\0\0\0\0\0\0\0\0\0\0\0\0\0\0\0\0\0\0\0\0\0\0\0\0\0\0\0\0\0\0\0\0\0\0\0\0\0\0\0\0\0\0\0\0\0\0\0\0\0\0\0\0\0\0\0\0\0\0\0\0\0\0\0\0\0\0\0\0\0\0\0\0\0\0\0\0\0\0\0\0\0\0\0\0\0\0\0\0\0\0\0\0\0\0\0\0\0\0\0\0\0\0\0\0\0\0\0\0\0\0\0\0\0\0\0\0\0\0\0\0\0\0\0\0\0\0\0\0\0\0\0\0\0\0\0\0\0\0\0\0\0\0\0\0\0\0\0\0\0\0\0\0\0\0\0\0\0\0\0\0\0\0\0\0\0\0\0\0\0\0\0\0\0\0\0\0i\6\6\27}W\1\0indexsqlite_autoindex_qcril_emergency_source_hard_mcc_table_1qcril_emergency_source_hard_mcc_table\10\201P\3\7\27QQ\1\202\vtableqcril_emergency_source_voice_tableqcril_emergency_source_voice_table\5C"..., 1024, 0) = 1024
[pid 12114] <... pwrite64 resumed> )                                                                                    = 1024
[pid 12114] pwrite64(21</system/etc/motorola/qcril.db-journal>, "\230\223R{", 4, 3604 <unfinished ...>
[pid 12105] pread64(18</system/etc/motorola/qcril.db>,  <unfinished ...>
[pid 12114] <... pwrite64 resumed> )                                                                                    = 4
[pid 12105] <... pread64 resumed> "\r\0\0\0\6\0S\0\0S\1 \1\201\2T\2\271\3\225\0O\0\0\0\0\0\0\0\0\0\0\0\0\0\0\0\0\0\0\0\0\0\0\0\0\0\0\0\0\0\0\0\0\0\0\0\0\0\0\0\0\0\0\0\0\0\0\0\0\0\0\0\0\0\0\0\0\0\0\7\5\7\201J\1\7\27MM\1\202\7tableqcril_emergency_source_mcc_tableqcril_emergency_source_mcc_table\3CREATE TABLE qcril_emergency_source_mcc_table(MCC TEXT, NUMBER TEXT, IMS_ADDRESS TEXT, SERVICE TEXT, PRIMARY KEY(MCC,NUMBER))_\2\6\27sM\1\0indexsqlite_autoindex_qcril_emergency_source_mcc_table_1qcril_emergency_source_mcc_table\4\201P\3\7\27QQ\1\202\vtableqcril_emergency_source_voice_tableqcril_emergency_source_voice_table\5CREATE TABLE qcril_eme"..., 1024, 22528) = 1024
[pid 12114] pwrite64(21</system/etc/motorola/qcril.db-journal>, "\0\0\0\32", 4, 3608)                                   = 4
[pid 12114] pwrite64(21</system/etc/motorola/qcril.db-journal>, "\r\0\0\0\3\2(\0\3\227\2\236\2(\0\0\0\0\0\0\0\0\0\0\0\0\0\0\0\0\0\0\0\0\0\0\0\0\0\0\0\0\0\0\0\0\0\0\0\0\0\0\0\0\0\0\0\0\0\0\0\0\0\0\0\0\0\0\0\0\0\0\0\0\0\0\0\0\0\0\0\0\0\0\0\0\0\0\0\0\0\0\0\0\0\0\0\0\0\0\0\0\0\0\0\0\0\0\0\0\0\0\0\0\0\0\0\0\0\0\0\0\0\0\0\0\0\0\0\0\0\0\0\0\0\0\0\0\0\0\0\0\0\0\0\0\0\0\0\0\0\0\0\0\0\0\0\0\0\0\0\0\0\0\0\0\0\0\0\0\0\0\0\0\0\0\0\0\0\0\0\0\0\0\0\0\0\0\0\0\0\0\0\0\0\0\0\0\0\0\0\0\0\0\0\0\0\0\0\0\0\0\0\0\0\0\0\0\0\0\0\0\0\0\0\0\0\0\0\0\0\0\0\0\0\0\0\0\0\0\0\0\0\0\0\0\0\0\0\0\0\0\0\0\0\0\0\0\0\0\0\0\0\0\0\0\0\0\0\0\0\0\0\0\0\0\0\0\0\0\0\0\0\0\0\0\0\0\0\0\0\0\0\0\0\0\0\0\0\0\0\0\0\0\0\0\0\0\0\0\0\0\0\0\0\0\0\0\0\0\0\0\0\0\0\0\0\0\0\0\0\0\0\0\0\0\0\0\0\0\0\0\0\0\0\0\0\0\0\0\0\0\0\0\0\0\0\0\0\0\0\0\0\0\0\0\0\0\0\0\0\0\0\0\0\0\0\0\0\0\0\0\0\0\0\0\0\0\0\0\0\0\0\0\0\0\0\0\0\0\0\0\0\0\0\0\0\0\0\0\0\0\0\0\0\0\0\0\0\0\0\0\0\0\0\0\0\0\0\0\0\0\0\0\0\0\0\0\0\0\0\0\0\0\0\0\0\0\0\0\0\0\0\0\0\0\0\0\0\0\0\0\0\0\0\0\0\0\0\0\0\0\0\0\0\0\0\0\0\0\0\0\0\0\0\0\0\0\0\0\0"..., 1024, 3612 <unfinished ...>
[pid 12105] pread64(18</system/etc/motorola/qcril.db>, "\r\3\227\0\5\0N\4\1%\1\357\2N\3(\0N\3\227\3\223\0\0\0\0\0\0\0\0\0\0\0\0\0\0\0\0\0\0\0\0\0\0\0\0\0\0\0\0\0\0\0\0\0\0\0\0\0\0\0\0\0\0\0\0\0\0\0\0\0\201W\t\7\27WW\201T\v\7\27UU\1\202\vtableqcril_emergency_source_escv_nw_tableqcril_emergency_source_escv_nw_table\rCREATE TABLE qcril_emergency_source_escv_nw_table(MCC TEXT, MNC TEXT, NUMBER TEXT, ESCV INTEGER, PRIMARY KEY(MCC,NUMBER, ESCV))\201G\7\7\27KK\1\202\5tableqcril_emergency_source_nw_tableqcril_emergency_source_nw_table\tCREATE TABLE qcril_emergency_source_nw_table(MCC TEXT, NUMBER TEXT, IMS_ADDRESS TEXT, SERVICE TEXT, PRIMARY KEY(MCC,NUMB"..., 1024, 23552) = 1024
[pid 12105] pread64(18</system/etc/motorola/qcril.db>, "\r\2\r\0\6\0\277\0\0\277\2\217\2\25\1(\1\276\3\31\0I\0I\0\0\0\0\0\0\0\0\0\0\0\0\0\0\0\0\0\0\0\0\0\0\0\0\0\0\0\0\0\0\0\0\0\0\0\0\0\0\0\0\0\0\0\0\0\0\0\0\0\0\0\0\0\0\0\0\0\0\0\0\0\0\0\0\0\0\0\0\0\0\0\0\0\0\0\0\0\0\0\0\0\0\0\0\0\0\0\0\0\0\0\0\0\0\0\0\0\0\0\0\0\0\0\0\0\0\0\0\0\0\0\0\0\0\0\0\0\0\0\0\0\0\0\0\0\0\0\0\0\0\0\0\0\0\0\0\0\0\0\0\0\0\0\0\0\0\0\0\0\0\0\0\0\0\0\0\0\0\0\0\0\0\0\0\0\0\0g\f\6\27{U\1\0indexsqlite_autoindex_qcril_emergency_source_escv_nw_table_1qcril_emergency_source_escv_nw_table\16\201\23\17\7\27;;\1\201=tableqcril_manual_prov_tableqcril_manual_prov_table\21CREATE TABLE qcril_manual_prov_table (ICCID TEXT, USER_PREF INTEGER, PRIMARY KEY(ICCID))M\20\6\27a;\1\0indexsqlite_autoindex_qcril_manual_pr"..., 1024, 24576) = 1024
[pid 12114] <... pwrite64 resumed> )                                                                                    = 1024
[pid 12114] pwrite64(21</system/etc/motorola/qcril.db-journal>, "\230\223Q\253", 4, 4636 <unfinished ...>
[pid 12105] pread64(18</system/etc/motorola/qcril.db>,  <unfinished ...>
[pid 12114] <... pwrite64 resumed> )                                                                                    = 4
[pid 12105] <... pread64 resumed> "\r\0\0\0\3\2(\0\3\227\2\236\2(\0\0\0\0\0\0\0\0\0\0\0\0\0\0\0\0\0\0\0\0\0\0\0\0\0\0\0\0\0\0\0\0\0\0\0\0\0\0\0\0\0\0\0\0\0\0\0\0\0\0\0\0\0\0\0\0\0\0\0\0\0\0\0\0\0\0\0\0\0\0\0\0\0\0\0\0\0\0\0\0\0\0\0\0\0\0\0\0\0\0\0\0\0\0\0\0\0\0\0\0\0\0\0\0\0\0\0\0\0\0\0\0\0\0\0\0\0\0\0\0\0\0\0\0\0\0\0\0\0\0\0\0\0\0\0\0\0\0\0\0\0\0\0\0\0\0\0\0\0\0\0\0\0\0\0\0\0\0\0\0\0\0\0\0\0\0\0\0\0\0\0\0\0\0\0\0\0\0\0\0\0\0\0\0\0\0\0\0\0\0\0\0\0\0\0\0\0\0\0\0\0\0\0\0\0\0\0\0\0\0\0\0\0\0\0\0\0\0\0\0\0\0\0\0\0\0\0\0\0\0\0\0\0\0\0\0\0\0\0\0\0\0\0\0\0\0\0\0\0\0\0\0\0\0\0\0\0\0\0\0\0\0\0\0\0\0\0\0\0\0\0\0\0\0\0\0\0\0\0\0\0\0\0\0\0\0\0\0\0\0\0\0\0\0\0\0\0\0\0\0\0\0\0\0\0\0\0\0\0\0\0\0\0\0\0\0\0\0\0\0\0\0\0\0\0\0\0\0\0\0\0\0\0\0\0\0\0\0\0\0\0\0\0\0\0\0\0\0\0\0\0\0\0\0\0\0\0\0\0\0\0\0\0\0\0\0\0\0\0\0\0\0\0\0\0\0\0\0\0\0\0\0\0\0\0\0\0\0\0\0\0\0\0\0\0\0\0\0\0\0\0\0\0\0\0\0\0\0\0\0\0\0\0\0\0\0\0\0\0\0\0\0\0\0\0\0\0\0\0\0\0\0\0\0\0\0\0\0\0\0\0\0\0\0\0\0\0\0\0\0\0\0\0\0\0\0\0\0\0\0\0\0\0\0\0\0\0\0\0\0\0\0\0\0\0\0\0"..., 1024, 25600) = 1024
[pid 12114] pread64(20</system/etc/motorola/qcril.db>, "\r\3\227\0\5\0N\4\1%\1\357\2N\3(\0N\3\227\3\223\0\0\0\0\0\0\0\0\0\0\0\0\0\0\0\0\0\0\0\0\0\0\0\0\0\0\0\0\0\0\0\0\0\0\0\0\0\0\0\0\0\0\0\0\0\0\0\0\0\201W\t\7\27WW\201T\v\7\27UU\1\202\vtableqcril_emergency_source_escv_nw_tableqcril_emergency_source_escv_nw_table\rCREATE TABLE qcril_emergency_source_escv_nw_table(MCC TEXT, MNC TEXT, NUMBER TEXT, ESCV INTEGER, PRIMARY KEY(MCC,NUMBER, ESCV))\201G\7\7\27KK\1\202\5tableqcril_emergency_source_nw_tableqcril_emergency_source_nw_table\tCREATE TABLE qcril_emergency_source_nw_table(MCC TEXT, NUMBER TEXT, IMS_ADDRESS TEXT, SERVICE TEXT, PRIMARY KEY(MCC,NUMB"..., 1024, 23552) = 1024
[pid 12114] pwrite64(21</system/etc/motorola/qcril.db-journal>, "\0\0\0\30", 4, 4640)                                   = 4
[pid 12114] pwrite64(21</system/etc/motorola/qcril.db-journal>, "\r\3\227\0\5\0N\4\1%\1\357\2N\3(\0N\3\227\3\223\0\0\0\0\0\0\0\0\0\0\0\0\0\0\0\0\0\0\0\0\0\0\0\0\0\0\0\0\0\0\0\0\0\0\0\0\0\0\0\0\0\0\0\0\0\0\0\0\0\201W\t\7\27WW\201T\v\7\27UU\1\202\vtableqcril_emergency_source_escv_nw_tableqcril_emergency_source_escv_nw_table\rCREATE TABLE qcril_emergency_source_escv_nw_table(MCC TEXT, MNC TEXT, NUMBER TEXT, ESCV INTEGER, PRIMARY KEY(MCC,NUMBER, ESCV))\201G\7\7\27KK\1\202\5tableqcril_emergency_source_nw_tableqcril_emergency_source_nw_table\tCREATE TABLE qcril_emergency_source_nw_table(MCC TEXT, NUMBER TEXT, IMS_ADDRESS TEXT, SERVICE TEXT, PRIMARY KEY(MCC,NUMB"..., 1024, 4644 <unfinished ...>
[pid 12105] fcntl(18</system/etc/motorola/qcril.db>, F_SETLK, {type=F_UNLCK, whence=SEEK_SET, start=0, len=0} <unfinished ...>
[pid 12114] <... pwrite64 resumed> )                                                                                    = 1024
[pid 12105] <... fcntl resumed> )                                                                                       = 0
[pid 12114] pwrite64(21</system/etc/motorola/qcril.db-journal>, "\230\223R\24", 4, 5668)                                = 4
[pid 12105] fcntl(18</system/etc/motorola/qcril.db>, F_SETLK, {type=F_RDLCK, whence=SEEK_SET, start=1073741824, len=1}) = 0
[pid 12105] fcntl(18</system/etc/motorola/qcril.db>, F_SETLK, {type=F_RDLCK, whence=SEEK_SET, start=1073741826, len=510} <unfinished ...>
[pid 12114] fcntl(20</system/etc/motorola/qcril.db>, F_SETLK, {type=F_WRLCK, whence=SEEK_SET, start=1073741824, len=1}) = -1 EAGAIN (Try again)
[pid 12105] <... fcntl resumed> )                                                                                       = 0
[pid 12114] nanosleep({0, 500000000},  <unfinished ...>
[pid 12105] fcntl(18</system/etc/motorola/qcril.db>, F_SETLK, {type=F_UNLCK, whence=SEEK_SET, start=1073741824, len=1}) = 0
[pid 12105] newfstatat(AT_FDCWD, "/system/etc/motorola/qcril.db-journal", {st_mode=S_IFREG|0644, st_size=5672, ...}, 0) = 0
[pid 12105] fcntl(18</system/etc/motorola/qcril.db>, F_GETLK, {type=F_WRLCK, whence=SEEK_SET, start=1073741825, len=1, pid=12114}) = 0
[pid 12105] fstat(18</system/etc/motorola/qcril.db>, {st_mode=S_IFREG|0644, st_size=26624, ...})                        = 0
[pid 12105] pread64(18</system/etc/motorola/qcril.db>, "\0\0\0\236\0\0\0\32\0\0\0\0\0\0\0\0", 16, 24)                   = 16
[pid 12105] fstat(18</system/etc/motorola/qcril.db>, {st_mode=S_IFREG|0644, st_size=26624, ...})                        = 0
[pid 12105] newfstatat(AT_FDCWD, "/system/etc/motorola/qcril.db-wal", 0x7ff9802088, 0)                                  = -1 ENOENT (No such file or directory)
[pid 12105] fstat(18</system/etc/motorola/qcril.db>, {st_mode=S_IFREG|0644, st_size=26624, ...})                        = 0
[pid 12105] pread64(18</system/etc/motorola/qcril.db>, "\r\0\0\0\1\3\357\0\3\357\1 \1\201\2T\2\271\3\225\0O\0\0\0\0\0\0\0\0\0\0\0\0\0\0\0\0\0\0\0\0\0\0\0\0\0\0\0\0\0\0\0\0\0\0\0\0\0\0\0\0\0\0\0\0\0\0\0\0\0\0\0\0\0\0\0\0\0\0\7\5\7\201J\1\7\27MM\1\202\7tableqcril_emergency_source_mcc_tableqcril_emergency_source_mcc_table\3CREATE TABLE qcril_emergency_source_mcc_table(MCC TEXT, NUMBER TEXT, IMS_ADDRESS TEXT, SERVICE TEXT, PRIMARY KEY(MCC,NUMBER))_\2\6\27sM\1\0indexsqlite_autoindex_qcril_emergency_source_mcc_table_1qcril_emergency_source_mcc_table\4\201P\3\7\27QQ\1\202\vtableqcril_emergency_source_voice_tableqcril_emergency_source_voice_table\5CREATE TABLE qcril_eme"..., 1024, 15360) = 1024
[pid 12105] fcntl(18</system/etc/motorola/qcril.db>, F_SETLK, {type=F_UNLCK, whence=SEEK_SET, start=0, len=0})          = 0
[pid 12105] fcntl(18</system/etc/motorola/qcril.db>, F_SETLK, {type=F_RDLCK, whence=SEEK_SET, start=1073741824, len=1}) = 0
[pid 12105] fcntl(18</system/etc/motorola/qcril.db>, F_SETLK, {type=F_RDLCK, whence=SEEK_SET, start=1073741826, len=510}) = 0
[pid 12105] fcntl(18</system/etc/motorola/qcril.db>, F_SETLK, {type=F_UNLCK, whence=SEEK_SET, start=1073741824, len=1}) = 0
[pid 12105] newfstatat(AT_FDCWD, "/system/etc/motorola/qcril.db-journal", {st_mode=S_IFREG|0644, st_size=5672, ...}, 0) = 0
[pid 12105] fcntl(18</system/etc/motorola/qcril.db>, F_GETLK, {type=F_WRLCK, whence=SEEK_SET, start=1073741825, len=1, pid=12114}) = 0
[pid 12105] fstat(18</system/etc/motorola/qcril.db>, {st_mode=S_IFREG|0644, st_size=26624, ...})                        = 0
[pid 12105] pread64(18</system/etc/motorola/qcril.db>, "\0\0\0\236\0\0\0\32\0\0\0\0\0\0\0\0", 16, 24)                   = 16
[pid 12105] fstat(18</system/etc/motorola/qcril.db>, {st_mode=S_IFREG|0644, st_size=26624, ...})                        = 0
[pid 12105] newfstatat(AT_FDCWD, "/system/etc/motorola/qcril.db-wal", 0x7ff9802358, 0)                                  = -1 ENOENT (No such file or directory)
[pid 12105] fstat(18</system/etc/motorola/qcril.db>, {st_mode=S_IFREG|0644, st_size=26624, ...})                        = 0
[pid 12105] fcntl(18</system/etc/motorola/qcril.db>, F_SETLK, {type=F_UNLCK, whence=SEEK_SET, start=0, len=0})          = 0
[pid 12105] fcntl(18</system/etc/motorola/qcril.db>, F_SETLK, {type=F_RDLCK, whence=SEEK_SET, start=1073741824, len=1}) = 0
[pid 12105] fcntl(18</system/etc/motorola/qcril.db>, F_SETLK, {type=F_RDLCK, whence=SEEK_SET, start=1073741826, len=510}) = 0
[pid 12105] fcntl(18</system/etc/motorola/qcril.db>, F_SETLK, {type=F_UNLCK, whence=SEEK_SET, start=1073741824, len=1}) = 0
[pid 12105] newfstatat(AT_FDCWD, "/system/etc/motorola/qcril.db-journal", {st_mode=S_IFREG|0644, st_size=5672, ...}, 0) = 0
[pid 12105] fcntl(18</system/etc/motorola/qcril.db>, F_GETLK, {type=F_WRLCK, whence=SEEK_SET, start=1073741825, len=1, pid=12114}) = 0
[pid 12105] fstat(18</system/etc/motorola/qcril.db>, {st_mode=S_IFREG|0644, st_size=26624, ...})                        = 0
[pid 12105] pread64(18</system/etc/motorola/qcril.db>, "\0\0\0\236\0\0\0\32\0\0\0\0\0\0\0\0", 16, 24)                   = 16
[pid 12105] fstat(18</system/etc/motorola/qcril.db>, {st_mode=S_IFREG|0644, st_size=26624, ...})                        = 0
[pid 12105] newfstatat(AT_FDCWD, "/system/etc/motorola/qcril.db-wal", 0x7ff9802358, 0)                                  = -1 ENOENT (No such file or directory)
[pid 12105] fstat(18</system/etc/motorola/qcril.db>, {st_mode=S_IFREG|0644, st_size=26624, ...})                        = 0
[pid 12105] fcntl(18</system/etc/motorola/qcril.db>, F_SETLK, {type=F_UNLCK, whence=SEEK_SET, start=0, len=0})          = 0
[pid 12105] fcntl(18</system/etc/motorola/qcril.db>, F_SETLK, {type=F_RDLCK, whence=SEEK_SET, start=1073741824, len=1}) = 0
[pid 12105] fcntl(18</system/etc/motorola/qcril.db>, F_SETLK, {type=F_RDLCK, whence=SEEK_SET, start=1073741826, len=510}) = 0
[pid 12105] fcntl(18</system/etc/motorola/qcril.db>, F_SETLK, {type=F_UNLCK, whence=SEEK_SET, start=1073741824, len=1}) = 0
[pid 12105] newfstatat(AT_FDCWD, "/system/etc/motorola/qcril.db-journal", {st_mode=S_IFREG|0644, st_size=5672, ...}, 0) = 0
[pid 12105] fcntl(18</system/etc/motorola/qcril.db>, F_GETLK, {type=F_WRLCK, whence=SEEK_SET, start=1073741825, len=1, pid=12114}) = 0
[pid 12105] fstat(18</system/etc/motorola/qcril.db>, {st_mode=S_IFREG|0644, st_size=26624, ...})                        = 0
[pid 12105] pread64(18</system/etc/motorola/qcril.db>, "\0\0\0\236\0\0\0\32\0\0\0\0\0\0\0\0", 16, 24)                   = 16
[pid 12105] fstat(18</system/etc/motorola/qcril.db>, {st_mode=S_IFREG|0644, st_size=26624, ...})                        = 0
[pid 12105] newfstatat(AT_FDCWD, "/system/etc/motorola/qcril.db-wal", 0x7ff9802358, 0)                                  = -1 ENOENT (No such file or directory)
[pid 12105] fstat(18</system/etc/motorola/qcril.db>, {st_mode=S_IFREG|0644, st_size=26624, ...})                        = 0
[pid 12105] fcntl(18</system/etc/motorola/qcril.db>, F_SETLK, {type=F_UNLCK, whence=SEEK_SET, start=0, len=0})          = 0
[pid 12105] fcntl(18</system/etc/motorola/qcril.db>, F_SETLK, {type=F_RDLCK, whence=SEEK_SET, start=1073741824, len=1}) = 0
[pid 12105] fcntl(18</system/etc/motorola/qcril.db>, F_SETLK, {type=F_RDLCK, whence=SEEK_SET, start=1073741826, len=510}) = 0
[pid 12105] fcntl(18</system/etc/motorola/qcril.db>, F_SETLK, {type=F_UNLCK, whence=SEEK_SET, start=1073741824, len=1}) = 0
[pid 12105] newfstatat(AT_FDCWD, "/system/etc/motorola/qcril.db-journal", {st_mode=S_IFREG|0644, st_size=5672, ...}, 0) = 0
[pid 12105] fcntl(18</system/etc/motorola/qcril.db>, F_GETLK, {type=F_WRLCK, whence=SEEK_SET, start=1073741825, len=1, pid=12114}) = 0
[pid 12105] fstat(18</system/etc/motorola/qcril.db>, {st_mode=S_IFREG|0644, st_size=26624, ...})                        = 0
[pid 12105] pread64(18</system/etc/motorola/qcril.db>, "\0\0\0\236\0\0\0\32\0\0\0\0\0\0\0\0", 16, 24)                   = 16
[pid 12105] fstat(18</system/etc/motorola/qcril.db>, {st_mode=S_IFREG|0644, st_size=26624, ...})                        = 0
[pid 12105] newfstatat(AT_FDCWD, "/system/etc/motorola/qcril.db-wal", 0x7ff9802358, 0)                                  = -1 ENOENT (No such file or directory)
[pid 12105] fstat(18</system/etc/motorola/qcril.db>, {st_mode=S_IFREG|0644, st_size=26624, ...})                        = 0
[pid 12105] fcntl(18</system/etc/motorola/qcril.db>, F_SETLK, {type=F_UNLCK, whence=SEEK_SET, start=0, len=0})          = 0
[pid 12105] fcntl(18</system/etc/motorola/qcril.db>, F_SETLK, {type=F_RDLCK, whence=SEEK_SET, start=1073741824, len=1}) = 0
[pid 12105] fcntl(18</system/etc/motorola/qcril.db>, F_SETLK, {type=F_RDLCK, whence=SEEK_SET, start=1073741826, len=510}) = 0
[pid 12105] fcntl(18</system/etc/motorola/qcril.db>, F_SETLK, {type=F_UNLCK, whence=SEEK_SET, start=1073741824, len=1}) = 0
[pid 12105] newfstatat(AT_FDCWD, "/system/etc/motorola/qcril.db-journal", {st_mode=S_IFREG|0644, st_size=5672, ...}, 0) = 0
[pid 12105] fcntl(18</system/etc/motorola/qcril.db>, F_GETLK, {type=F_WRLCK, whence=SEEK_SET, start=1073741825, len=1, pid=12114}) = 0
[pid 12105] fstat(18</system/etc/motorola/qcril.db>, {st_mode=S_IFREG|0644, st_size=26624, ...})                        = 0
[pid 12105] pread64(18</system/etc/motorola/qcril.db>, "\0\0\0\236\0\0\0\32\0\0\0\0\0\0\0\0", 16, 24)                   = 16
[pid 12105] fstat(18</system/etc/motorola/qcril.db>, {st_mode=S_IFREG|0644, st_size=26624, ...})                        = 0
[pid 12105] newfstatat(AT_FDCWD, "/system/etc/motorola/qcril.db-wal", 0x7ff9802358, 0)                                  = -1 ENOENT (No such file or directory)
[pid 12105] fstat(18</system/etc/motorola/qcril.db>, {st_mode=S_IFREG|0644, st_size=26624, ...})                        = 0
[pid 12105] fcntl(18</system/etc/motorola/qcril.db>, F_SETLK, {type=F_UNLCK, whence=SEEK_SET, start=0, len=0})          = 0
[pid 12105] fcntl(18</system/etc/motorola/qcril.db>, F_SETLK, {type=F_RDLCK, whence=SEEK_SET, start=1073741824, len=1}) = 0
[pid 12105] fcntl(18</system/etc/motorola/qcril.db>, F_SETLK, {type=F_RDLCK, whence=SEEK_SET, start=1073741826, len=510}) = 0
[pid 12105] fcntl(18</system/etc/motorola/qcril.db>, F_SETLK, {type=F_UNLCK, whence=SEEK_SET, start=1073741824, len=1}) = 0
[pid 12105] newfstatat(AT_FDCWD, "/system/etc/motorola/qcril.db-journal", {st_mode=S_IFREG|0644, st_size=5672, ...}, 0) = 0
[pid 12105] fcntl(18</system/etc/motorola/qcril.db>, F_GETLK, {type=F_WRLCK, whence=SEEK_SET, start=1073741825, len=1, pid=12114}) = 0
[pid 12105] fstat(18</system/etc/motorola/qcril.db>, {st_mode=S_IFREG|0644, st_size=26624, ...})                        = 0
[pid 12105] pread64(18</system/etc/motorola/qcril.db>, "\0\0\0\236\0\0\0\32\0\0\0\0\0\0\0\0", 16, 24)                   = 16
[pid 12105] fstat(18</system/etc/motorola/qcril.db>, {st_mode=S_IFREG|0644, st_size=26624, ...})                        = 0
[pid 12105] newfstatat(AT_FDCWD, "/system/etc/motorola/qcril.db-wal", 0x7ff9802358, 0)                                  = -1 ENOENT (No such file or directory)
[pid 12105] fstat(18</system/etc/motorola/qcril.db>, {st_mode=S_IFREG|0644, st_size=26624, ...})                        = 0
