02-28 07:22:48.198 31908  3543 D FULProcessingThread: comparison time (ms): 29
02-28 07:22:48.198 31908  3543 D FULProcessingThread: Unlock state: UNLOCK_STATE_NO_FACE
02-28 07:22:48.245 31908  3543 D FULProcessingThread: comparison time (ms): 25
02-28 07:22:48.246 31908  3543 D FULProcessingThread: Unlock state: UNLOCK_STATE_NO_FACE
02-28 07:22:48.309 31908  3543 D FULProcessingThread: comparison time (ms): 25
02-28 07:22:48.309 31908  3543 D FULProcessingThread: Unlock state: UNLOCK_STATE_NO_FACE
02-28 07:22:48.372 31908  3543 D FULProcessingThread: comparison time (ms): 27
02-28 07:22:48.373 31908  3543 D FULProcessingThread: Unlock state: UNLOCK_STATE_NO_FACE
02-28 07:22:48.412  4745  3627 I chatty  : uid=10029(com.android.systemui) expire 3 lines
02-28 07:22:48.420 31908  3543 D FULProcessingThread: comparison time (ms): 25
02-28 07:22:48.421 31908  3543 D FULProcessingThread: Unlock state: UNLOCK_STATE_NO_FACE
02-28 07:22:48.484 31908  3543 D FULProcessingThread: comparison time (ms): 22
02-28 07:22:48.484 31908  3543 D FULProcessingThread: Unlock state: UNLOCK_STATE_NO_FACE
02-28 07:22:48.550 31908  3543 D FULProcessingThread: comparison time (ms): 35
02-28 07:22:48.550 31908  3543 D FULProcessingThread: Unlock state: UNLOCK_STATE_NO_FACE
02-28 07:22:48.607 31908  3543 D FULProcessingThread: comparison time (ms): 23
02-28 07:22:48.607 31908  3543 D FULProcessingThread: Unlock state: UNLOCK_STATE_NO_FACE
02-28 07:22:48.658 31908  3543 D FULProcessingThread: comparison time (ms): 23
02-28 07:22:48.658 31908  3543 D FULProcessingThread: Unlock state: UNLOCK_STATE_NO_FACE
02-28 07:22:48.718 31908  3543 D FULProcessingThread: comparison time (ms): 25
02-28 07:22:48.718 31908  3543 D FULProcessingThread: Unlock state: UNLOCK_STATE_NO_FACE
02-28 07:22:48.781 31908  3543 D FULProcessingThread: comparison time (ms): 27
02-28 07:22:48.782 31908  3543 D FULProcessingThread: Unlock state: UNLOCK_STATE_NO_FACE
02-28 07:22:48.842 31908  3543 D FULProcessingThread: comparison time (ms): 25
02-28 07:22:48.843 31908  3543 D FULProcessingThread: Unlock state: UNLOCK_STATE_NO_FACE
02-28 07:22:48.894 31908  3543 D FULProcessingThread: comparison time (ms): 28
02-28 07:22:48.894 31908  3543 D FULProcessingThread: Unlock state: UNLOCK_STATE_NO_FACE
02-28 07:22:48.973 31908  3543 D FULProcessingThread: comparison time (ms): 39
02-28 07:22:48.973 31908  3543 D FULProcessingThread: Unlock state: UNLOCK_STATE_NO_FACE
02-28 07:22:49.010 31908  3543 D FULProcessingThread: comparison time (ms): 25
02-28 07:22:49.010 31908  3543 D FULProcessingThread: Unlock state: UNLOCK_STATE_NO_FACE
02-28 07:22:49.068 31908  3543 D FULProcessingThread: comparison time (ms): 24
02-28 07:22:49.069 31908  3543 D FULProcessingThread: Unlock state: UNLOCK_STATE_NO_FACE
02-28 07:22:49.120 31908 31908 D FULFaceLockEventLog: --------------------------------------------------
02-28 07:22:49.120 31908 31908 D FULFaceLockEventLog: Wrote log event: 
02-28 07:22:49.120 31908 31908 D FULFaceLockEventLog:  - status: STATUS_DETECTION_TIMEOUT
02-28 07:22:49.120 31908 31908 D FULFaceLockEventLog:  - frame size: 320x240
02-28 07:22:49.120 31908 31908 D FULFaceLockEventLog:  - timing:
02-28 07:22:49.120 31908 31908 D FULFaceLockEventLog:    - camera startup time (ms): 1087
02-28 07:22:49.120 31908 31908 D FULFaceLockEventLog:    - initialization time (ms): 25
02-28 07:22:49.120 31908 31908 D FULFaceLockEventLog:    - time to ready (ms): 1097
02-28 07:22:49.120 31908 31908 D FULFaceLockEventLog:    - detection time (ms): 12
02-28 07:22:49.120 31908 31908 D FULFaceLockEventLog:    - recognition time (ms): 0
02-28 07:22:49.120 31908 31908 D FULFaceLockEventLog:    - end-to-end time (ms): 3153
02-28 07:22:49.120 31908 31908 D FULFaceLockEventLog:  - average pixel intensity: 117
02-28 07:22:49.120 31908 31908 D FULFaceLockEventLog:  - num black frames: 0
02-28 07:22:49.123 31908 31908 D FULFaceLockEventLog:  - num frames processed: 36
02-28 07:22:49.123 31908 31908 D FULFaceLockEventLog:  - highest detection confidence: 0.0
02-28 07:22:49.123 31908 31908 D FULFaceLockEventLog:  - highest recognition confidence: 0.0
02-28 07:22:49.123 31908 31908 D FULFaceLockEventLog:  - detection confidence at recognition: 0.0
02-28 07:22:49.123 31908 31908 D FULFaceLockEventLog:  - best frame num faces: 0
02-28 07:22:49.123 31908 31908 D FULFaceLockEventLog:  - gallery statistics:
02-28 07:22:49.123 31908 31908 D FULFaceLockEventLog:    - num additional enrollments: 1
02-28 07:22:49.124 31908 31908 D FULFaceLockEventLog:    - self-similarity mean: 0.9153224
02-28 07:22:49.124 31908 31908 D FULFaceLockEventLog:    - self-similarity variance: 7.481447E-4
02-28 07:22:49.124 31908 31908 D FULFaceLockEventLog: --------------------------------------------------
02-28 07:22:49.139  6032 10782 E mm-camera-intf: mm_camera_poll_thread_del_poll_fd: invalid handler 145152 (0)
02-28 07:22:49.238   519  3564 I chatty  : uid=1006(camera) mm-qcamera-daem expire 5 lines
02-28 07:22:49.266   519  3613 I chatty  : uid=1006(camera) mm-qcamera-daem expire 12 lines
02-28 07:22:49.313  6032 10782 W Camera2Client: notifyError: Received recoverable error 5 from HAL - ignoring, requestId 10000001
02-28 07:22:49.313  6032 10782 W Camera3-OutputStream: A frame is dropped for stream 0
02-28 07:22:49.315  6032 10782 W Camera2Client: notifyError: Received recoverable error 5 from HAL - ignoring, requestId 10000001
02-28 07:22:49.315  6032 10782 W Camera3-OutputStream: A frame is dropped for stream 0
02-28 07:22:49.316  6032 10782 W Camera2Client: notifyError: Received recoverable error 3 from HAL - ignoring, requestId 10000001
02-28 07:22:49.316  6032 10782 W Camera3-OutputStream: A frame is dropped for stream 2
02-28 07:22:49.316  6032 10782 W Camera3-OutputStream: A frame is dropped for stream 0
02-28 07:22:49.317  6032 10782 W Camera2Client: notifyError: Received recoverable error 3 from HAL - ignoring, requestId 10000001
02-28 07:22:49.318  6032 10782 W Camera3-OutputStream: A frame is dropped for stream 2
02-28 07:22:49.318  6032 10782 W Camera3-OutputStream: A frame is dropped for stream 0
02-28 07:22:49.469   519  3637 I chatty  : uid=1006(camera) mm-qcamera-daem expire 5 lines
02-28 07:22:49.591  6032  6032 E QCamera3Channel: virtual int32_t qcamera::QCamera3Channel::stop(): Attempt to stop inactive channel
02-28 07:22:49.593  6032  6032 E mm-camera-intf: mm_camera_poll_thread_del_poll_fd: invalid handler 145152 (0)
02-28 07:22:49.723  6032  6032 E QCamera3Channel: virtual int32_t qcamera::QCamera3Channel::stop(): Attempt to stop inactive channel
02-28 07:22:49.763   519  3638 I chatty  : uid=1006(camera) mm-qcamera-daem expire 12 lines
02-28 07:22:49.923   519  3647 I chatty  : uid=1006(camera) mm-qcamera-daem expire 5 lines
02-28 07:22:50.059  6032  6032 I CameraLatencyHistogram: Stream 0 dequeueBuffer latency histogram (41) samples:
02-28 07:22:50.060  6032  6032 I CameraLatencyHistogram:         5     10     15     20     25     30     35     40     45    inf (max ms)
02-28 07:22:50.060  6032  6032 I CameraLatencyHistogram:      95.12   4.88   0.00   0.00   0.00   0.00   0.00   0.00   0.00   0.00 (%)
02-28 07:22:50.061  6032  6032 I CameraLatencyHistogram: Stream 2 dequeueBuffer latency histogram (41) samples:
02-28 07:22:50.062  6032  6032 I CameraLatencyHistogram:         5     10     15     20     25     30     35     40     45    inf (max ms)
02-28 07:22:50.062  6032  6032 I CameraLatencyHistogram:      100.00   0.00   0.00   0.00   0.00   0.00   0.00   0.00   0.00   0.00 (%)
02-28 07:22:50.062  6032  6032 I Camera3-Device: disconnect: E
02-28 07:22:50.063  6032  6032 I CameraLatencyHistogram: ProcessCaptureRequest latency histogram (41) samples:
02-28 07:22:50.065  6032  6032 I CameraLatencyHistogram:        40     80    120    160    200    240    280    320    360    inf (max ms)
02-28 07:22:50.065  6032  6032 I CameraLatencyHistogram:      7.32   85.37   2.44   2.44   0.00   0.00   2.44   0.00   0.00   0.00 (%)
02-28 07:22:50.066  6032  6032 E QCamera3Channel: virtual int32_t qcamera::QCamera3Channel::stop(): Attempt to stop inactive channel
02-28 07:22:50.067  6032  6032 E mm-camera-intf: mm_camera_poll_thread_del_poll_fd: invalid handler 145152 (0)
02-28 07:22:50.167  6032  6032 E QCamera3Channel: virtual int32_t qcamera::QCamera3Channel::stop(): Attempt to stop inactive channel
02-28 07:22:50.217   519  3648 I chatty  : uid=1006(camera) mm-qcamera-daem expire 12 lines
02-28 07:22:50.256  6032  6032 E QCamera3Channel: virtual qcamera::QCamera3Channel::~QCamera3Channel(): deleting channel 144386
02-28 07:22:50.256  6032  6032 E QCamera3Channel: virtual int32_t qcamera::QCamera3PicChannel::stop(): Attempt to stop inactive channel
02-28 07:22:50.258  6032  6032 I qomx_image_core: OMX_Deinit:119] Complete
02-28 07:22:50.280  6032  6032 E QCamera3Channel: virtual qcamera::QCamera3Channel::~QCamera3Channel(): deleting channel 144899
02-28 07:22:50.285  6032  6032 E QCamera3Channel: virtual qcamera::QCamera3Channel::~QCamera3Channel(): deleting channel 143873
02-28 07:22:50.290  6032  6032 E QCamera3Channel: virtual qcamera::QCamera3Channel::~QCamera3Channel(): deleting channel 145412
02-28 07:22:50.310  6032  6032 E QCamera3Channel: virtual qcamera::QCamera3Channel::~QCamera3Channel(): deleting channel 143360
02-28 07:22:50.324  6032  6032 I Camera3-Device: disconnect: X
02-28 07:22:50.324  6032  6032 I Camera3-Device: disconnect: E
02-28 07:22:50.330  6032  6032 I CameraService: onTorchStatusChangedLocked: Torch status changed for cameraId=0, newStatus=1
02-28 07:22:50.330  6032  6032 I CameraService: disconnect: Disconnected client for camera 1 for PID 31908
02-28 07:22:50.331  6032  8459 I Camera2Client: Camera 1: Closed
02-28 07:22:50.336  6032  8459 I Camera2ClientBase: Closed Camera 1. Client was: com.android.facelock (PID 31908, UID 10022)
02-28 07:22:50.336   514  4861 D NuPlayerDriver: reset(0xe5e44380) at state 4
02-28 07:22:50.337   514  4861 D NuPlayerDriver: notifyListener_l(0xe5e44380), (8, 0, 0, -1), loop setting(0, 0)
02-28 07:22:50.338   514  3545 D NuPlayerDriver: notifyResetComplete(0xe5e44380)
02-28 07:22:50.340   514   593 D NuPlayerDriver: reset(0xe7727310) at state 4
02-28 07:22:50.341   514   593 D NuPlayerDriver: notifyListener_l(0xe7727310), (8, 0, 0, -1), loop setting(0, 0)
02-28 07:22:50.341   514  3549 D NuPlayerDriver: notifyResetComplete(0xe7727310)
02-28 07:22:50.342   519  3653 I chatty  : uid=1006(camera) mm-qcamera-daem expire 3 lines
02-28 07:22:50.345   514  4861 D NuPlayerDriver: reset(0xe5e440e0) at state 4
02-28 07:22:50.345   514  4861 D NuPlayerDriver: notifyListener_l(0xe5e440e0), (8, 0, 0, -1), loop setting(0, 0)
02-28 07:22:50.346   514  3551 D NuPlayerDriver: notifyResetComplete(0xe5e440e0)
02-28 07:22:50.346   519  3656 I chatty  : uid=1006(camera) mm-qcamera-daem expire 2 lines
02-28 07:22:50.355   519  3657 I chatty  : uid=1006(camera) mm-qcamera-daem expire 3 lines
02-28 07:22:50.357   519  3658 I chatty  : uid=1006(camera) mm-qcamera-daem expire 4 lines
02-28 07:22:50.362   519  3659 I chatty  : uid=1006(camera) mm-qcamera-daem expire 4 lines
02-28 07:22:50.370   519  3660 I chatty  : uid=1006(camera) mm-qcamera-daem expire 3 lines
02-28 07:22:50.996  6115  2890 E ctxmgr  : [AppIntervalImpl]closeInterval: ongoing
02-28 07:22:51.602  4745  3662 I chatty  : uid=10029(com.android.systemui) expire 7 lines
02-28 07:22:54.424  4745  3667 I chatty  : uid=10029(com.android.systemui) expire 1 line
02-28 07:22:57.431  4745  3668 I chatty  : uid=10029(com.android.systemui) expire 1 line
02-28 07:23:00.003   897   897 I ActivityManager: Killing 28282:android.process.media/u0a8 (adj 906): empty for 1802s
02-28 07:23:00.004   897   966 W system_server: kill(-28282, 9) failed: No such process
02-28 07:23:00.038   897  1087 D sensors_hal_SMGR: processBufferingInd:report(on_change_sensor) eventtype 0
02-28 07:23:00.048   897   966 W system_server: kill(-28282, 9) failed: No such process
02-28 07:23:00.069   897   897 I PowerManagerService: Nap time (uid 1000)...
02-28 07:23:00.069   897   975 I PowerManagerService: Going to sleep due to screen timeout (uid 1000)...
02-28 07:23:00.070   897   975 I PowerManagerService: Sleeping (uid 1000)...
02-28 07:23:00.074  4725  4725 I GoogleInputMethod: onFinishInputView() : Dummy InputConnection bound
02-28 07:23:00.075  4725  4725 I PhenotypeExpConfig: refreshConfiguration() : Force = false : UpdateAvailable = false : Age = 32 minutes : MaxAge = 720 minutes
02-28 07:23:00.077  4725  4725 I GoogleInputMethod: onFinishInput() : Dummy InputConnection bound
02-28 07:23:00.077  4725  4725 I GoogleInputMethod: onStartInput() : Dummy InputConnection bound
02-28 07:23:00.078  4725  4725 I GoogleInputMethod: onStartInputView() : Dummy InputConnection bound
02-28 07:23:00.092   897   966 W system_server: kill(-28282, 9) failed: No such process
02-28 07:23:00.093   897   966 I system_server: Successfully killed process cgroup uid 10008 pid 28282 in 88ms
02-28 07:23:00.100  4725  4725 W Environment: com.bitstrips.imoji is not installed
02-28 07:23:00.100  4725  4725 W VoiceImeTranscriptor: UIME feature enabled: true
02-28 07:23:00.101  4725  4725 I VoiceImeExtension: Voice Extension onStartInputView() Mic status = [MicIconAvailable]
02-28 07:23:00.101  4725  4725 I FederatedC2QExtension: Already registered manifest.
02-28 07:23:00.101  4725  4725 I FederatedC2QExtension: model for el/ranking_20180108 is not yet available
02-28 07:23:00.101  4725  4725 I FederatedC2QExtension: requesting model 'federated_conv2query_triggering_el_ranking_20180108'
02-28 07:23:00.101  4725  4725 I FederatedC2QExtension: no valid model for inferencing found, switching to baseline.
02-28 07:23:00.103  4725  6436 I Superpacks: Syncing federatedc2q
02-28 07:23:00.104  4725  4725 W VoiceImeTranscriptor: UIME feature enabled: true
02-28 07:23:00.107  4725  6436 I Superpacks: Requesting packs for federatedc2q with slices: []
02-28 07:23:00.111  4725  4725 I EmojiDataExtension: onActivate() : Locale = el
02-28 07:23:00.111  4725  6436 I Superpacks: Sync for 'federatedc2q' succeeded, result: {old=[], new=[], last batch=true}
02-28 07:23:00.111  4725  4725 I EmojiSuperpacksFeature: Emoji superpacks enabled
02-28 07:23:00.111  4725  4725 I GifEntryExtension: onActivate()
02-28 07:23:00.111  4725  4725 I DevFeatureConfig: Gif candidate disabled by Phenotype
02-28 07:23:00.112  4725  6436 I Superpacks: Opening packs for federatedc2q
02-28 07:23:00.114  4725  6436 I FederatedC2QExtension: Got no packs for locale: el
02-28 07:23:00.434  4745  3670 I chatty  : uid=10029(com.android.systemui) expire 1 line
02-28 07:23:00.589   897   975 I DisplayPowerController: Blocking screen off
02-28 07:23:00.590   897   975 I DisplayPowerController: Unblocked screen off after 0 ms
02-28 07:23:00.607   897   975 D sensors_hal_SMGR: enable:sensor(android.sensor.light) Deactivating sensor handle=1
02-28 07:23:00.611   897   975 D sensors_hal_SMGR: SMGRReportDelete: Rcvd success response from request
02-28 07:23:00.613   897   973 I DisplayManagerService: Display device changed state: " ", OFF
02-28 07:23:00.623   897  1425 I InputReader: Reconfiguring input devices.  changes=0x00000004
02-28 07:23:00.623   488   488 D SurfaceFlinger: Set power mode=0, type=0 flinger=0x7f28c5f000
02-28 07:23:00.624   488   488 D qdhwcomposer: hwc_setPowerMode: Setting mode 0 on display: 0
02-28 07:23:00.644  4745  4745 I chatty  : uid=10029(com.android.systemui) expire 10 lines
02-28 07:23:00.875   488   784 I qdhwcomposer: handle_blank_event: dpy:0 panel power state: 0
02-28 07:23:00.900   488   488 D qdhwcomposer: hwc_setPowerMode: Done setting mode 0 on display 0
02-28 07:23:00.901   897  4692 D SurfaceControl: Excessive delay in setPowerMode()
02-28 07:23:00.901   897  4692 I QCOM PowerHAL: Got set_interactive hint
02-28 07:23:00.923   506  8642 I chatty  : uid=1041(audioserver) Binder:506_4 expire 1 line
02-28 07:23:00.935  4725  4725 I GoogleInputMethod: onReceive() : Action = android.intent.action.SCREEN_OFF
02-28 07:23:01.027  6150  6150 D BrcmNfcJni: nfcManager_doSetScreenState: state = 2 discovry_param = 1
02-28 07:23:03.134   506  3526 I chatty  : uid=1041(audioserver) /system/bin/audioserver expire 5 lines
02-28 07:23:05.518  4745  3193 I chatty  : uid=10029(com.android.systemui) Thread-3924 expire 11 lines
02-28 07:23:10.890   480   480 E WifiHAL : Failed to register debug response; result = -95
02-28 07:23:10.891   897  1741 E WifiVendorHal: getSupportedFeatureSet(l.891) failed {.code = ERROR_UNKNOWN, .description = errno: -95 (Unknown error -95)}
02-28 07:23:10.892   480   480 E WifiHAL : Failed to register debug response; result = -95
02-28 07:23:10.905   897   967 E BatteryExternalStatsWorker: no controller energy info supplied for wifi
02-28 07:23:10.906   897   967 E BatteryExternalStatsWorker: no controller energy info supplied for bluetooth
02-28 07:23:10.943   897   967 E BatteryExternalStatsWorker: modem info is invalid: ModemActivityInfo{ mTimestamp=0 mSleepTimeMs=0 mIdleTimeMs=0 mTxTimeMs[]=[0, 0, 0, 0, 0] mRxTimeMs=0 mEnergyUsed=0}
02-28 07:23:11.146  9345  9345 I .android.chrome: type=1400 audit(0.0:661): avc: denied { read } for name="vmstat" dev="proc" ino=4026535432 scontext=u:r:untrusted_app:s0:c512,c768 tcontext=u:object_r:proc:s0 tclass=file permissive=1
02-28 07:23:11.146  9345  9345 I .android.chrome: type=1400 audit(0.0:662): avc: denied { open } for path="/proc/vmstat" dev="proc" ino=4026535432 scontext=u:r:untrusted_app:s0:c512,c768 tcontext=u:object_r:proc:s0 tclass=file permissive=1
02-28 07:23:11.146  9345  9345 I .android.chrome: type=1400 audit(0.0:663): avc: denied { getattr } for path="/proc/vmstat" dev="proc" ino=4026535432 scontext=u:r:untrusted_app:s0:c512,c768 tcontext=u:object_r:proc:s0 tclass=file permissive=1
02-28 07:23:13.211   506 10288 I chatty  : uid=1041(audioserver) Binder:506_6 expire 1 line
02-28 07:23:13.214   506  3693 I chatty  : uid=1041(audioserver) /system/bin/audioserver expire 4 lines
02-28 07:23:13.232  4745  3694 I chatty  : uid=10029(com.android.systemui) expire 2 lines
02-28 07:23:13.233   506  3695 I chatty  : uid=1041(audioserver) /system/bin/audioserver expire 31 lines
02-28 07:23:13.766   897  1091 D sensors_hal_Time: time_service_sensor1_cb: msg_type 2
02-28 07:23:13.766   897  1091 D sensors_hal_Time: time_service_sensor1_cb: Sn 24, msg Id 3, txn Id 0
02-28 07:23:13.766   897  1091 D sensors_hal_Time: tsOffsetIs: Apps: 51149194914625; DSPS: 1676025462; Offset : 956940322 (diff 7187 @5)
02-28 07:23:16.194   897  6253 I ActivityManager: Killing 32065:com.google.android.gm/u0a82 (adj 906): empty for 1808s
02-28 07:23:16.196   897   966 W system_server: kill(-32065, 9) failed: No such process
02-28 07:23:16.242   897   966 W system_server: kill(-32065, 9) failed: No such process
02-28 07:23:16.242   897   966 I system_server: Successfully killed process cgroup uid 10082 pid 32065 in 46ms
02-28 07:23:19.253  4745  3698 I chatty  : uid=10029(com.android.systemui) expire 1 line
02-28 07:23:20.409  4745  3697 I chatty  : uid=10029(com.android.systemui) expire 7 lines
02-28 07:23:22.275  4745  3700 I chatty  : uid=10029(com.android.systemui) expire 1 line
02-28 07:23:25.289  4745  3702 I chatty  : uid=10029(com.android.systemui) expire 1 line
02-28 07:23:28.293  4745  3703 I chatty  : uid=10029(com.android.systemui) expire 1 line
02-28 07:23:31.303  4745  3704 I chatty  : uid=10029(com.android.systemui) expire 1 line
02-28 07:23:31.934   506  3693 I chatty  : uid=1041(audioserver) /system/bin/audioserver expire 5 lines
02-28 07:23:33.769   897  1091 D sensors_hal_Time: time_service_sensor1_cb: msg_type 2
02-28 07:23:33.770   897  1091 D sensors_hal_Time: time_service_sensor1_cb: Sn 24, msg Id 3, txn Id 0
02-28 07:23:33.770   897  1091 D sensors_hal_Time: tsOffsetIs: Apps: 51169198218576; DSPS: 1676680930; Offset : 956948427 (diff 8229 @5)
02-28 07:23:36.765   897  1425 I PowerManagerService: Waking up from sleep (uid=1000 reason=android.policy:KEY)...
02-28 07:23:36.768   897   975 I DisplayPowerController: Blocking screen on until initial contents have been drawn.
02-28 07:23:36.769   897   975 D sensors_hal_SMGR: batch:sensor(android.sensor.light) sample_rate=5.000000Hz report_rate_f=0.000000Hz curr sample rate:5.000000 cur rpt rate:0 max:5.000000 min:5.000000
02-28 07:23:36.769   897   975 D sensors_hal_SMGR: enable:sensor(android.sensor.light) handle 1, freq=5.000000 report_rate=0 batched=0
02-28 07:23:36.769   897   975 D sensors_hal_SMGR: SMGRPrepareAddMsg sample_rate 5.000000 report_rate 327680 subhz_sample_rate_ms 0 sample_rate_hz 5
02-28 07:23:36.769   897   975 D sensors_hal_SMGR: SMGRPrepareAddMsg:sensor android.sensor.light 
02-28 07:23:36.774   897   975 D sensors_hal_SMGR: SMGRReportAdd: Received Response: 0
02-28 07:23:36.775   897  4692 I QCOM PowerHAL: Got set_interactive hint
02-28 07:23:36.777   488   488 D SurfaceFlinger: Set power mode=2, type=0 flinger=0x7f28c5f000
02-28 07:23:36.777  4725  4725 I GoogleInputMethod: onFinishInputView() : Dummy InputConnection bound
02-28 07:23:36.777   488   488 D qdhwcomposer: hwc_setPowerMode: Setting mode 2 on display: 0
02-28 07:23:36.777   506 21543 I chatty  : uid=1041(audioserver) Binder:506_A expire 1 line
02-28 07:23:36.777  4725  4725 I PhenotypeExpConfig: refreshConfiguration() : Force = false : UpdateAvailable = false : Age = 32 minutes : MaxAge = 720 minutes
02-28 07:23:36.778   897   973 I DisplayManagerService: Display device changed state: " ", ON
02-28 07:23:36.779  4725  4725 I GoogleInputMethod: onFinishInput() : Dummy InputConnection bound
02-28 07:23:36.780  4725  4725 I GoogleInputMethod: onStartInput() : Dummy InputConnection bound
02-28 07:23:36.783  4725  4725 I GoogleInputMethod: onStartInputView() : Dummy InputConnection bound
02-28 07:23:36.790  4725  4725 W Environment: com.bitstrips.imoji is not installed
02-28 07:23:36.790  4725  4725 W VoiceImeTranscriptor: UIME feature enabled: true
02-28 07:23:36.790  4725  4725 I VoiceImeExtension: Voice Extension onStartInputView() Mic status = [MicIconAvailable]
02-28 07:23:36.791  4725  4725 I FederatedC2QExtension: Already registered manifest.
02-28 07:23:36.791  4725  4725 I FederatedC2QExtension: model for el/ranking_20180108 is not yet available
02-28 07:23:36.791   897  1425 I InputReader: Reconfiguring input devices.  changes=0x00000004
02-28 07:23:36.791  4725  4725 I FederatedC2QExtension: requesting model 'federated_conv2query_triggering_el_ranking_20180108'
02-28 07:23:36.791  4725  4725 I FederatedC2QExtension: no valid model for inferencing found, switching to baseline.
02-28 07:23:36.793  4725  6436 I Superpacks: Syncing federatedc2q
02-28 07:23:36.795  4725  4725 W VoiceImeTranscriptor: UIME feature enabled: true
02-28 07:23:36.805  4725  6436 I Superpacks: Requesting packs for federatedc2q with slices: []
02-28 07:23:36.806  4725  4725 I EmojiDataExtension: onActivate() : Locale = el
02-28 07:23:36.806  4725  4725 I EmojiSuperpacksFeature: Emoji superpacks enabled
02-28 07:23:36.806  4725  4725 I GifEntryExtension: onActivate()
02-28 07:23:36.807  4725  4725 I DevFeatureConfig: Gif candidate disabled by Phenotype
02-28 07:23:36.808  4725  6436 I Superpacks: Sync for 'federatedc2q' succeeded, result: {old=[], new=[], last batch=true}
02-28 07:23:36.808  4725  4725 I Delight5Facilitator: Cancelling personalized data flush runnable
02-28 07:23:36.812  4725  6436 I Superpacks: Opening packs for federatedc2q
02-28 07:23:36.814  4725  6436 I FederatedC2QExtension: Got no packs for locale: el
02-28 07:23:36.849   897   975 I DisplayPowerController: Unblocked screen on after 81 ms
02-28 07:23:36.929  6150  6150 D BrcmNfcJni: nfcManager_doSetScreenState: state = 4 discovry_param = 1
02-28 07:23:36.989  6032  8459 I CameraService: CameraService::connect call (PID -1 "com.android.facelock", camera ID 1) for HAL version default and Camera API version 1
02-28 07:23:36.990  6032  8459 I CameraService: onTorchStatusChangedLocked: Torch status changed for cameraId=0, newStatus=0
02-28 07:23:36.992   514  5099 D NuPlayerDriver: NuPlayerDriver(0xe5e447e0) created, clientPid(6032)
02-28 07:23:37.009   420   424 D DrmLibTime: got the req here! ret=0
02-28 07:23:37.010   420   424 D DrmLibTime: command id, time_cmd_id = 770
02-28 07:23:37.010   420   424 D DrmLibTime: time_getutcsec starts!
02-28 07:23:37.010   420   424 D DrmLibTime: QSEE Time Listener: time_getutcsec
02-28 07:23:37.010   420   424 D DrmLibTime: QSEE Time Listener: get_utc_seconds
02-28 07:23:37.010   420   424 D DrmLibTime: QSEE Time Listener: time_get_modem_time
02-28 07:23:37.010   420   424 D DrmLibTime: QSEE Time Listener: Checking if ATS_MODEM is set or not.
02-28 07:23:37.010   420   424 D QC-time-services: Lib:time_genoff_operation: pargs->base = 13
02-28 07:23:37.010   420   424 D QC-time-services: Lib:time_genoff_operation: pargs->operation = 2
02-28 07:23:37.010   420   424 D QC-time-services: Lib:time_genoff_operation: pargs->ts_val = 0
02-28 07:23:37.010   420   424 D QC-time-services: Lib:time_genoff_operation: Send to server  passed!!
02-28 07:23:37.011   520   571 D QC-time-services: Daemon: Connection accepted:time_genoff
02-28 07:23:37.011   520  3749 D QC-time-services: Daemon:Received base = 13, unit = 1, operation = 2,value = 0
02-28 07:23:37.011   520  3749 D QC-time-services: Daemon:genoff_opr: Base = 13, val = 0, operation = 2
02-28 07:23:37.011   520  3749 D QC-time-services: offset is: 1 for base: 13
02-28 07:23:37.011   420   424 E QC-time-services: Receive Passed == base = 13, unit = 1, operation = 2, result = 0
02-28 07:23:37.011   420   424 D DrmLibTime: QSEE Time Listener: ATS_MODEM is set. Try to retrieve it.
02-28 07:23:37.013   520   571 E QC-time-services: Daemon: Time-services: Waiting to acceptconnection
02-28 07:23:37.013   520   571 D QC-time-services: Daemon: Connection accepted:time_genoff
02-28 07:23:37.013   520  3750 D QC-time-services: Daemon:Received base = 13, unit = 1, operation = 1,value = 0
02-28 07:23:37.013   520  3750 D QC-time-services: Daemon:genoff_opr: Base = 13, val = 0, operation = 1
02-28 07:23:37.014   520  3750 D QC-time-services: Daemon: genoff get for 13
02-28 07:23:37.014   520  3750 D QC-time-services: Daemon:rtc_get: Time read from RTC -- MM/DD/YY HH:MM:SS0/1/115 16:8:30
02-28 07:23:37.014   520  3750 D QC-time-services: Daemon:Value read from RTC seconds = 1420128510000
02-28 07:23:37.014   520  3750 D QC-time-services: Daemon:Value read from generic offset = 99666906000
02-28 07:23:37.014   520  3750 D QC-time-services: Daemon:Final Time = 1519795416000
02-28 07:23:37.014   420   424 D DrmLibTime: QSEE Time Listener: Time GenOff - seconds: 1519795416
02-28 07:23:37.014   420   424 D DrmLibTime: time_getutcsec returns 0, sec = 1519795416; nsec = 0
02-28 07:23:37.014   420   424 D DrmLibTime: time_getutcsec finished! 
02-28 07:23:37.014   420   424 D DrmLibTime: iotcl_continue_command finished! and return 0 
02-28 07:23:37.014   420   424 D DrmLibTime: before calling ioctl to read the next time_cmd
02-28 07:23:37.015   520   571 E QC-time-services: Daemon: Time-services: Waiting to acceptconnection
02-28 07:23:37.019   514  3747 D NuPlayerDriver: notifyListener_l(0xe5e447e0), (1, 0, 0, -1), loop setting(0, 0)
02-28 07:23:37.020   514  4861 D NuPlayerDriver: NuPlayerDriver(0xe5e440e0) created, clientPid(6032)
02-28 07:23:37.041   514  3751 D NuPlayerDriver: notifyListener_l(0xe5e440e0), (1, 0, 0, -1), loop setting(0, 0)
02-28 07:23:37.043   514   593 D NuPlayerDriver: NuPlayerDriver(0xe5e44af0) created, clientPid(6032)
02-28 07:23:37.062   514  3753 D NuPlayerDriver: notifyListener_l(0xe5e44af0), (1, 0, 0, -1), loop setting(0, 0)
02-28 07:23:37.064  6032  8459 I Camera2ClientBase: Camera 1: Opened. Client: com.android.facelock (PID 31908, UID 10022)
02-28 07:23:37.072  6032  8459 D vndksupport: Loading /odm/lib/hw/power.msm8992.so from current namespace instead of sphal namespace.
02-28 07:23:37.075   519   519 I chatty  : uid=1006(camera) mm-qcamera-daem expire 57 lines
02-28 07:23:37.079   519  3756 I chatty  : uid=1006(camera) mm-qcamera-daem expire 5 lines
02-28 07:23:37.080   519  3757 I chatty  : uid=1006(camera) mm-qcamera-daem expire 2 lines
02-28 07:23:37.081   519  3758 I chatty  : uid=1006(camera) mm-qcamera-daem expire 4 lines
02-28 07:23:37.083   488   784 I qdhwcomposer: handle_blank_event: dpy:0 panel power state: 1
02-28 07:23:37.084   488   488 D qdhwcomposer: hwc_setPowerMode: Done setting mode 2 on display 0
02-28 07:23:37.085   897  4692 D SurfaceControl: Excessive delay in setPowerMode()
02-28 07:23:37.086   897   975 W PowerManagerService: Screen on took 322 ms
02-28 07:23:37.088   519  3760 I chatty  : uid=1006(camera) mm-qcamera-daem expire 33 lines
02-28 07:23:37.089   519  3762 I chatty  : uid=1006(camera) mm-qcamera-daem expire 4 lines
02-28 07:23:37.103   519  3763 I chatty  : uid=1006(camera) mm-qcamera-daem expire 3 lines
02-28 07:23:37.547   519  3779 I chatty  : uid=1006(camera) mm-qcamera-daem expire 1 line
02-28 07:23:37.586  6032  8459 W Camera2-Parameters: initialize: Camera 1: Unknown preview format: 24
02-28 07:23:37.586  6032  8459 W Camera2-Parameters: initialize: Camera 1: Unknown preview format: 25
02-28 07:23:37.589  6032  8459 I Camera2-Parameters: initialize: allowZslMode: 0 slowJpegMode 0
02-28 07:23:37.608 31908  3801 D FULPreview: Selected fps range: 2000->30000
02-28 07:23:37.617  6032 10782 I QCamera3HWI: int qcamera::QCamera3HardwareInterface::configureStreams(camera3_stream_configuration_t*): Limited maxViewfinderSize to 2047x1536
02-28 07:23:37.617  6032 10782 I QCamera3HWI: int qcamera::QCamera3HardwareInterface::configureStreams(camera3_stream_configuration_t*): stream[0] type = 0, format = 34, width = 320, height = 240
02-28 07:23:37.618  6032 10782 I QCamera3HWI: int qcamera::QCamera3HardwareInterface::configureStreams(camera3_stream_configuration_t*): stream[1] type = 0, format = 33, width = 320, height = 240
02-28 07:23:37.618  6032 10782 I QCamera3HWI: int qcamera::QCamera3HardwareInterface::configureStreams(camera3_stream_configuration_t*): stream[2] type = 0, format = 35, width = 320, height = 240
02-28 07:23:37.619   519  3789 I chatty  : uid=1006(camera) mm-qcamera-daem expire 318 lines
02-28 07:23:37.622  6032 10782 E mm-camera-intf: mm_stream_get_v4l2_fmt: Unknown fmt=100
02-28 07:23:37.655  6032 10782 D mm-jpeg-intf: Max picture size 3264 x 2448, WorkBufSize = 12220416
02-28 07:23:37.662  6032 10782 I qomx_image_core: OMX_Init:95] Complete 3
02-28 07:23:37.663  6032 10782 E Camera3-Device: configureStreams: Stream 1: DataSpace override not allowed for format 0x21
02-28 07:23:37.663  6032 10782 E Camera3-Device: configureStreams: Stream 2: DataSpace override not allowed for format 0x23
02-28 07:23:37.667  6032 10782 D Camera3-Device: Set real time priority for request queue thread (tid 3795)
02-28 07:23:37.686  6032  3795 I QCamera3HWI: int32_t qcamera::QCamera3HardwareInterface::getSensorOutputSize(cam_dimension_t&): sensor output dimension = 3264 x 2448
02-28 07:23:37.686  6032  3795 I QCamera3CropRegionMapper: void qcamera::QCamera3CropRegionMapper::update(uint32_t, uint32_t, uint32_t, uint32_t): active_array: 3264 x 2448, sensor size 3264 x 2448
02-28 07:23:37.786   519  3782 I chatty  : uid=1006(camera) mm-qcamera-daem expire 21 lines
02-28 07:23:37.837   519  3759 I chatty  : uid=1006(camera) mm-qcamera-daem expire 38 lines
02-28 07:23:37.840   519  3819 I chatty  : uid=1006(camera) mm-qcamera-daem expire 1 line
02-28 07:23:37.864   519  3813 I chatty  : uid=1006(camera) mm-qcamera-daem expire 10 lines
02-28 07:23:37.866   519  3764 I chatty  : uid=1006(camera) mm-qcamera-daem expire 8 lines
02-28 07:23:37.867   519  3761 I chatty  : uid=1006(camera) mm-qcamera-daem expire 14 lines
02-28 07:23:37.945   519  3825 I chatty  : uid=1006(camera) mm-qcamera-daem expire 1 line
02-28 07:23:37.965   519  3790 I chatty  : uid=1006(camera) mm-qcamera-daem expire 6 lines
02-28 07:23:37.967   519  3778 I chatty  : uid=1006(camera) mm-qcamera-daem expire 1 line
02-28 07:23:38.262 31908 31908 D FULTrustedFaceService: Before camera open to first non-black frame elapsed time (ms): 1274
02-28 07:23:38.286 31908  3745 D FULProcessingThread: comparison time (ms): 23
02-28 07:23:38.286 31908  3745 D FULProcessingThread: Unlock state: UNLOCK_STATE_NO_FACE
02-28 07:23:38.343 31908  3745 D FULProcessingThread: comparison time (ms): 24
02-28 07:23:38.343 31908  3745 D FULProcessingThread: Unlock state: UNLOCK_STATE_NO_FACE
02-28 07:23:38.397 31908  3745 D FULProcessingThread: comparison time (ms): 22
02-28 07:23:38.397 31908  3745 D FULProcessingThread: Unlock state: UNLOCK_STATE_NO_FACE
02-28 07:23:38.458 31908  3745 D FULProcessingThread: comparison time (ms): 24
02-28 07:23:38.458 31908  3745 D FULProcessingThread: Unlock state: UNLOCK_STATE_NO_FACE
02-28 07:23:38.518  4745  3193 I chatty  : uid=10029(com.android.systemui) Thread-3924 expire 2 lines
02-28 07:23:38.521 31908  3745 D FULProcessingThread: comparison time (ms): 26
02-28 07:23:38.521 31908  3745 D FULProcessingThread: Unlock state: UNLOCK_STATE_NO_FACE
02-28 07:23:38.593 31908  3745 D FULProcessingThread: comparison time (ms): 25
02-28 07:23:38.593 31908  3745 D FULProcessingThread: Unlock state: UNLOCK_STATE_NO_FACE
02-28 07:23:38.656 31908  3745 D FULProcessingThread: comparison time (ms): 25
02-28 07:23:38.656 31908  3745 D FULProcessingThread: Unlock state: UNLOCK_STATE_NO_FACE
02-28 07:23:38.732 31908  3745 D FULProcessingThread: comparison time (ms): 24
02-28 07:23:38.732 31908  3745 D FULProcessingThread: Unlock state: UNLOCK_STATE_NO_FACE
02-28 07:23:38.829 31908  3745 D FULProcessingThread: comparison time (ms): 27
02-28 07:23:38.830 31908  3745 D FULProcessingThread: Unlock state: UNLOCK_STATE_NO_FACE
02-28 07:23:38.924 31908  3745 D FULProcessingThread: comparison time (ms): 46
02-28 07:23:38.925 31908  3745 D FULProcessingThread: Unlock state: UNLOCK_STATE_NO_FACE
02-28 07:23:38.998 31908  3745 D FULProcessingThread: comparison time (ms): 26
02-28 07:23:38.998 31908  3745 D FULProcessingThread: Unlock state: UNLOCK_STATE_NO_FACE
02-28 07:23:39.091 31908  3745 D FULProcessingThread: comparison time (ms): 32
02-28 07:23:39.091 31908  3745 D FULProcessingThread: Unlock state: UNLOCK_STATE_NO_FACE
02-28 07:23:39.149 31908  3745 D FULProcessingThread: comparison time (ms): 24
02-28 07:23:39.149 31908  3745 D FULProcessingThread: Unlock state: UNLOCK_STATE_NO_FACE
02-28 07:23:39.250 31908  3745 D FULProcessingThread: comparison time (ms): 29
02-28 07:23:39.250 31908  3745 D FULProcessingThread: Unlock state: UNLOCK_STATE_NO_FACE
02-28 07:23:39.335 31908  3745 D FULProcessingThread: comparison time (ms): 40
02-28 07:23:39.335 31908  3745 D FULProcessingThread: Unlock state: UNLOCK_STATE_NO_FACE
02-28 07:23:39.418 31908  3745 D FULProcessingThread: comparison time (ms): 32
02-28 07:23:39.418 31908  3745 D FULProcessingThread: Unlock state: UNLOCK_STATE_NO_FACE
02-28 07:23:39.494 31908  3745 D FULProcessingThread: comparison time (ms): 32
02-28 07:23:39.494 31908  3745 D FULProcessingThread: Unlock state: UNLOCK_STATE_NO_FACE
02-28 07:23:39.596 31908  3745 D FULProcessingThread: comparison time (ms): 38
02-28 07:23:39.597 31908  3745 D FULProcessingThread: Unlock state: UNLOCK_STATE_NO_FACE
02-28 07:23:39.675 31908  3745 D FULProcessingThread: comparison time (ms): 35
02-28 07:23:39.675 31908  3745 D FULProcessingThread: Unlock state: UNLOCK_STATE_NO_FACE
02-28 07:23:39.756 31908  3745 D FULProcessingThread: comparison time (ms): 36
02-28 07:23:39.757 31908  3745 D FULProcessingThread: Unlock state: UNLOCK_STATE_NO_FACE
02-28 07:23:39.844 31908  3745 D FULProcessingThread: comparison time (ms): 37
02-28 07:23:39.845 31908  3745 D FULProcessingThread: Unlock state: UNLOCK_STATE_NO_FACE
02-28 07:23:39.919 31908  3745 D FULProcessingThread: comparison time (ms): 37
02-28 07:23:39.920 31908  3745 D FULProcessingThread: Unlock state: UNLOCK_STATE_NO_FACE
02-28 07:23:40.010 31908  3745 D FULProcessingThread: comparison time (ms): 37
02-28 07:23:40.011 31908  3745 D FULProcessingThread: Unlock state: UNLOCK_STATE_NO_FACE
02-28 07:23:40.091 31908  3745 D FULProcessingThread: comparison time (ms): 37
02-28 07:23:40.092 31908  3745 D FULProcessingThread: Unlock state: UNLOCK_STATE_NO_FACE
02-28 07:23:40.168 31908  3745 D FULProcessingThread: comparison time (ms): 40
02-28 07:23:40.168 31908  3745 D FULProcessingThread: Unlock state: UNLOCK_STATE_NO_FACE
02-28 07:23:40.294 31908  3745 D FULProcessingThread: comparison time (ms): 67
02-28 07:23:40.294 31908  3745 D FULProcessingThread: Unlock state: UNLOCK_STATE_NO_FACE
02-28 07:23:40.332 31908 31908 D FULFaceLockEventLog: --------------------------------------------------
02-28 07:23:40.332 31908 31908 D FULFaceLockEventLog: Wrote log event: 
02-28 07:23:40.332 31908 31908 D FULFaceLockEventLog:  - status: STATUS_DETECTION_TIMEOUT
02-28 07:23:40.332 31908 31908 D FULFaceLockEventLog:  - frame size: 320x240
02-28 07:23:40.332 31908 31908 D FULFaceLockEventLog:  - timing:
02-28 07:23:40.332 31908 31908 D FULFaceLockEventLog:    - camera startup time (ms): 1107
02-28 07:23:40.332 31908 31908 D FULFaceLockEventLog:    - initialization time (ms): 34
02-28 07:23:40.332 31908 31908 D FULFaceLockEventLog:    - time to ready (ms): 1288
02-28 07:23:40.332 31908 31908 D FULFaceLockEventLog:    - detection time (ms): 48
02-28 07:23:40.332 31908 31908 D FULFaceLockEventLog:    - recognition time (ms): 0
02-28 07:23:40.332 31908 31908 D FULFaceLockEventLog:    - end-to-end time (ms): 3350
02-28 07:23:40.332 31908 31908 D FULFaceLockEventLog:  - average pixel intensity: 127
02-28 07:23:40.332 31908 31908 D FULFaceLockEventLog:  - num black frames: 3
02-28 07:23:40.332 31908 31908 D FULFaceLockEventLog:  - num frames processed: 26
02-28 07:23:40.332 31908 31908 D FULFaceLockEventLog:  - highest detection confidence: 0.0
02-28 07:23:40.333 31908 31908 D FULFaceLockEventLog:  - highest recognition confidence: 0.0
02-28 07:23:40.333 31908 31908 D FULFaceLockEventLog:  - detection confidence at recognition: 0.0
02-28 07:23:40.333 31908 31908 D FULFaceLockEventLog:  - best frame num faces: 0
02-28 07:23:40.333 31908 31908 D FULFaceLockEventLog:  - gallery statistics:
02-28 07:23:40.333 31908 31908 D FULFaceLockEventLog:    - num additional enrollments: 1
02-28 07:23:40.333 31908 31908 D FULFaceLockEventLog:    - self-similarity mean: 0.9153224
02-28 07:23:40.333 31908 31908 D FULFaceLockEventLog:    - self-similarity variance: 7.481447E-4
02-28 07:23:40.333 31908 31908 D FULFaceLockEventLog: --------------------------------------------------
02-28 07:23:40.342  6032  6032 E mm-camera-intf: mm_camera_poll_thread_del_poll_fd: invalid handler 147968 (0)
02-28 07:23:40.533   519  3814 I chatty  : uid=1006(camera) mm-qcamera-daem expire 12 lines
02-28 07:23:40.582  6032  6032 W Camera2Client: notifyError: Received recoverable error 5 from HAL - ignoring, requestId 10000001
02-28 07:23:40.583  6032  6032 W Camera3-OutputStream: A frame is dropped for stream 0
02-28 07:23:40.584  6032  6032 W Camera2Client: notifyError: Received recoverable error 3 from HAL - ignoring, requestId 10000001
02-28 07:23:40.585  6032  6032 W Camera3-OutputStream: A frame is dropped for stream 2
02-28 07:23:40.585  6032  6032 W Camera3-OutputStream: A frame is dropped for stream 0
02-28 07:23:40.586  6032  6032 W Camera2Client: notifyError: Received recoverable error 3 from HAL - ignoring, requestId 10000001
02-28 07:23:40.586  6032  6032 W Camera3-OutputStream: A frame is dropped for stream 2
02-28 07:23:40.586  6032  6032 W Camera3-OutputStream: A frame is dropped for stream 0
02-28 07:23:40.804   519  3833 I chatty  : uid=1006(camera) mm-qcamera-daem expire 5 lines
02-28 07:23:40.977  6032  8459 E QCamera3Channel: virtual int32_t qcamera::QCamera3Channel::stop(): Attempt to stop inactive channel
02-28 07:23:40.978  6032  8459 E mm-camera-intf: mm_camera_poll_thread_del_poll_fd: invalid handler 147968 (0)
02-28 07:23:41.156  6032  8459 E QCamera3Channel: virtual int32_t qcamera::QCamera3Channel::stop(): Attempt to stop inactive channel
02-28 07:23:41.161   519  3768 I chatty  : uid=1006(camera) mm-qcamera-daem expire 3 lines
02-28 07:23:41.215   519  3834 I chatty  : uid=1006(camera) mm-qcamera-daem expire 12 lines
02-28 07:23:41.447   519  3844 I chatty  : uid=1006(camera) mm-qcamera-daem expire 12 lines
02-28 07:23:41.717  6032  8459 I CameraLatencyHistogram: Stream 0 dequeueBuffer latency histogram (34) samples:
02-28 07:23:41.717  6032  8459 I CameraLatencyHistogram:         5     10     15     20     25     30     35     40     45    inf (max ms)
02-28 07:23:41.718  6032  8459 I CameraLatencyHistogram:      100.00   0.00   0.00   0.00   0.00   0.00   0.00   0.00   0.00   0.00 (%)
02-28 07:23:41.719  6032  8459 I CameraLatencyHistogram: Stream 2 dequeueBuffer latency histogram (34) samples:
02-28 07:23:41.719  6032  8459 I CameraLatencyHistogram:         5     10     15     20     25     30     35     40     45    inf (max ms)
02-28 07:23:41.719  6032  8459 I CameraLatencyHistogram:      100.00   0.00   0.00   0.00   0.00   0.00   0.00   0.00   0.00   0.00 (%)
02-28 07:23:41.720  6032  8459 I Camera3-Device: disconnect: E
02-28 07:23:41.721  6032  8459 I CameraLatencyHistogram: ProcessCaptureRequest latency histogram (34) samples:
02-28 07:23:41.721  6032  8459 I CameraLatencyHistogram:        40     80    120    160    200    240    280    320    360    inf (max ms)
02-28 07:23:41.721  6032  8459 I CameraLatencyHistogram:      8.82   41.18   44.12   0.00   2.94   0.00   0.00   2.94   0.00   0.00 (%)
02-28 07:23:41.722  6032  8459 E QCamera3Channel: virtual int32_t qcamera::QCamera3Channel::stop(): Attempt to stop inactive channel
02-28 07:23:41.723  6032  8459 E mm-camera-intf: mm_camera_poll_thread_del_poll_fd: invalid handler 147968 (0)
02-28 07:23:41.877  6032  8459 E QCamera3Channel: virtual int32_t qcamera::QCamera3Channel::stop(): Attempt to stop inactive channel
02-28 07:23:41.909   519  3845 I chatty  : uid=1006(camera) mm-qcamera-daem expire 12 lines
02-28 07:23:41.938  6032  8459 E QCamera3Channel: virtual qcamera::QCamera3Channel::~QCamera3Channel(): deleting channel 147202
02-28 07:23:41.939  6032  8459 E QCamera3Channel: virtual int32_t qcamera::QCamera3PicChannel::stop(): Attempt to stop inactive channel
02-28 07:23:41.941  6032  8459 I qomx_image_core: OMX_Deinit:119] Complete
02-28 07:23:41.967  6032  8459 E QCamera3Channel: virtual qcamera::QCamera3Channel::~QCamera3Channel(): deleting channel 147715
02-28 07:23:41.974  6032  8459 E QCamera3Channel: virtual qcamera::QCamera3Channel::~QCamera3Channel(): deleting channel 146689
02-28 07:23:41.980  6032  8459 E QCamera3Channel: virtual qcamera::QCamera3Channel::~QCamera3Channel(): deleting channel 148228
02-28 07:23:42.000  6115   669 E ctxmgr  : [AppIntervalImpl]closeInterval: ongoing
02-28 07:23:42.006   506   506 I chatty  : uid=1041(audioserver) /system/bin/audioserver expire 1 line
02-28 07:23:42.010   506  3852 I chatty  : uid=1041(audioserver) /system/bin/audioserver expire 4 lines
02-28 07:23:42.026  6032  8459 E QCamera3Channel: virtual qcamera::QCamera3Channel::~QCamera3Channel(): deleting channel 146176
02-28 07:23:42.034  4745  3854 I chatty  : uid=10029(com.android.systemui) expire 1 line
02-28 07:23:42.036   506  3853 I chatty  : uid=1041(audioserver) /system/bin/audioserver expire 31 lines
02-28 07:23:42.048  6032  8459 I Camera3-Device: disconnect: X
02-28 07:23:42.048  6032  8459 I Camera3-Device: disconnect: E
02-28 07:23:42.059  6032  8459 I CameraService: onTorchStatusChangedLocked: Torch status changed for cameraId=0, newStatus=1
02-28 07:23:42.059  6032  8459 I CameraService: disconnect: Disconnected client for camera 1 for PID 31908
02-28 07:23:42.060  6032  6032 I Camera2Client: Camera 1: Closed
02-28 07:23:42.061  6032  6032 I Camera2ClientBase: Closed Camera 1. Client was: com.android.facelock (PID 31908, UID 10022)
02-28 07:23:42.062   514  4861 D NuPlayerDriver: reset(0xe5e447e0) at state 4
02-28 07:23:42.062   514  4861 D NuPlayerDriver: notifyListener_l(0xe5e447e0), (8, 0, 0, -1), loop setting(0, 0)
02-28 07:23:42.062   514  3747 D NuPlayerDriver: notifyResetComplete(0xe5e447e0)
02-28 07:23:42.074   514  5099 D NuPlayerDriver: reset(0xe5e440e0) at state 4
02-28 07:23:42.074   514  5099 D NuPlayerDriver: notifyListener_l(0xe5e440e0), (8, 0, 0, -1), loop setting(0, 0)
02-28 07:23:42.074   514  3751 D NuPlayerDriver: notifyResetComplete(0xe5e440e0)
02-28 07:23:42.076   519  3855 I chatty  : uid=1006(camera) mm-qcamera-daem expire 3 lines
02-28 07:23:42.077   519  3856 I chatty  : uid=1006(camera) mm-qcamera-daem expire 2 lines
02-28 07:23:42.079   519  3859 I chatty  : uid=1006(camera) mm-qcamera-daem expire 3 lines
02-28 07:23:42.086   514  4861 D NuPlayerDriver: reset(0xe5e44af0) at state 4
02-28 07:23:42.086   514  4861 D NuPlayerDriver: notifyListener_l(0xe5e44af0), (8, 0, 0, -1), loop setting(0, 0)
02-28 07:23:42.086   514  3753 D NuPlayerDriver: notifyResetComplete(0xe5e44af0)
02-28 07:23:42.090   519  3860 I chatty  : uid=1006(camera) mm-qcamera-daem expire 4 lines
02-28 07:23:42.094   519  3861 I chatty  : uid=1006(camera) mm-qcamera-daem expire 4 lines
02-28 07:23:42.098   519  3862 I chatty  : uid=1006(camera) mm-qcamera-daem expire 3 lines
02-28 07:23:42.127   519  3779 I chatty  : uid=1006(camera) mm-qcamera-daem expire 1 line
02-28 07:23:43.483   897   967 E BatteryExternalStatsWorker: modem info is invalid: ModemActivityInfo{ mTimestamp=0 mSleepTimeMs=0 mIdleTimeMs=0 mTxTimeMs[]=[0, 0, 0, 0, 0] mRxTimeMs=0 mEnergyUsed=0}
02-28 07:23:44.518  4745  3193 I chatty  : uid=10029(com.android.systemui) Thread-3924 expire 7 lines
02-28 07:23:45.097   480   480 E WifiHAL : Failed to register debug response; result = -95
02-28 07:23:45.098   897  1741 E WifiVendorHal: getSupportedFeatureSet(l.891) failed {.code = ERROR_UNKNOWN, .description = errno: -95 (Unknown error -95)}
02-28 07:23:45.099   480   480 E WifiHAL : Failed to register debug response; result = -95
02-28 07:23:45.107   897   967 E BatteryExternalStatsWorker: no controller energy info supplied for wifi
02-28 07:23:45.107   897   967 E BatteryExternalStatsWorker: no controller energy info supplied for bluetooth
02-28 07:23:45.139   897   967 E BatteryExternalStatsWorker: modem info is invalid: ModemActivityInfo{ mTimestamp=0 mSleepTimeMs=0 mIdleTimeMs=0 mTxTimeMs[]=[0, 0, 0, 0, 0] mRxTimeMs=0 mEnergyUsed=0}
02-28 07:23:46.659  4745  3869 I chatty  : uid=10029(com.android.systemui) expire 4 lines
02-28 07:23:47.115   897  1087 D sensors_hal_SMGR: processBufferingInd:report(on_change_sensor) eventtype 0
02-28 07:23:48.061  4745  3877 I chatty  : uid=10029(com.android.systemui) expire 1 line
02-28 07:23:51.080  4745  3878 I chatty  : uid=10029(com.android.systemui) expire 1 line
02-28 07:23:54.095  4745  3881 I chatty  : uid=10029(com.android.systemui) expire 1 line
02-28 07:23:57.101  4745  3883 I chatty  : uid=10029(com.android.systemui) expire 1 line
02-28 07:23:57.895  4745  3869 D AmbientPlayRecognition: Reporting result
02-28 07:23:57.895  4745  3869 D AmbientPlayRecognition: Interrupting recorder thread
02-28 07:23:57.895  4745  3869 D AmbientPlayRecognition: Stopping recorder
02-28 07:23:57.896  4745  3854 D AmbientPlayRecognition: Broke out of recording loop, mResultGiven=true
02-28 07:23:57.915   506  3852 I chatty  : uid=1041(audioserver) /system/bin/audioserver expire 5 lines
02-28 07:23:59.518  4745  3193 E AmbientPlayRecognition: 0 bytes recorded!?
02-28 07:24:00.118   897  1087 D sensors_hal_SMGR: processBufferingInd:report(on_change_sensor) eventtype 0
02-28 07:24:02.518  4745  3193 E AmbientPlayRecognition: 0 bytes recorded!?
02-28 07:24:05.518  4745  3193 E AmbientPlayRecognition: 0 bytes recorded!?
02-28 07:24:08.002  4745  4745 V StatusBar: Will start listening again in 10 seconds
02-28 07:24:08.005   506 21543 I chatty  : uid=1041(audioserver) Binder:506_A expire 1 line
02-28 07:24:08.008   506  3891 I chatty  : uid=1041(audioserver) /system/bin/audioserver expire 4 lines
02-28 07:24:08.027  4745  3892 D AmbientPlayRecognition: Started reading recorder...
02-28 07:24:08.027   506  3893 I chatty  : uid=1041(audioserver) /system/bin/audioserver expire 31 lines
02-28 07:24:08.518  4745  3193 E AmbientPlayRecognition: 0 bytes recorded!?
02-28 07:24:11.518  4745  3193 E AmbientPlayRecognition: 0 bytes recorded!?
02-28 07:24:12.304  4745  3895 D AmbientPlayRecognition: Preparing to send audio data: 91648 bytes
02-28 07:24:12.304  4745  3895 D AmbientPlayRecognition: Sending mic data, 91648 bytes...
02-28 07:24:13.131   897  1087 D sensors_hal_SMGR: processBufferingInd:report(on_change_sensor) eventtype 0
02-28 07:24:14.050  4745  3905 D AmbientPlayRecognition: Not sending, data already sending
02-28 07:24:14.518  4745  3193 E AmbientPlayRecognition: 0 bytes recorded!?
02-28 07:24:17.073  4745  3907 D AmbientPlayRecognition: Not sending, data already sending
02-28 07:24:17.518  4745  3193 E AmbientPlayRecognition: 0 bytes recorded!?
02-28 07:24:20.087  4745  3909 D AmbientPlayRecognition: Not sending, data already sending
02-28 07:24:20.518  4745  3193 E AmbientPlayRecognition: 0 bytes recorded!?
02-28 07:24:22.743  4745  3895 D AmbientPlayRecognition: No match (Maybe we could not hear the track?)
02-28 07:24:23.518  4745  3193 E AmbientPlayRecognition: 0 bytes recorded!?
02-28 07:24:23.885  4745  3911 D AmbientPlayRecognition: Preparing to send audio data: 347136 bytes
02-28 07:24:23.885  4745  3911 D AmbientPlayRecognition: Sending mic data, 347136 bytes...
02-28 07:24:26.099  4745  3914 D AmbientPlayRecognition: Not sending, data already sending
02-28 07:24:26.518  4745  3193 E AmbientPlayRecognition: 0 bytes recorded!?
02-28 07:24:26.978   897  1087 D sensors_hal_SMGR: processBufferingInd:report(on_change_sensor) eventtype 0
02-28 07:24:27.027  4745  4745 D AmbientPlayRecognition: Interrupting recorder thread
