02-28 07:27:23.652  4469  4487 I cr_LibraryLoader: Using linker: org.chromium.base.library_loader.ModernLinker
02-28 07:27:23.654  4469  4487 I chromium: [INFO:library_loader_hooks.cc(36)] Chromium logging enabled: level = 0, default verbosity = 0
02-28 07:27:23.654  4469  4487 I cr_LibraryLoader: Expected native library version number "64.0.3282.137", actual native library version number "64.0.3282.137"
02-28 07:27:23.675   897 22770 I WifiService: isScanAlwaysAvailable uid=10088
02-28 07:27:23.793  7580  7591 I zygote64: Background concurrent copying GC freed 66524(3MB) AllocSpace objects, 56(1232KB) LOS objects, 50% free, 22MB/45MB, paused 342us total 387.267ms
02-28 07:27:23.798  7580  7589 E ReloadingLock: Finalizing LOCKED Token[shortcuts 2018-02-28 07:27:21.195]
02-28 07:27:23.856  7580  7580 W GsaWebView: Ignoring load event for old query.
02-28 07:27:23.979  7580  3554 E DoodleDataUtils: Doodle: bad search_url: 
02-28 07:27:23.995  4745  4510 I chatty  : uid=10029(com.android.systemui) expire 2 lines
02-28 07:27:24.237  7580  7580 W GsaWebView: Ignoring load event for old query.
02-28 07:27:25.050  7580  7580 I BgTaskExecutorImpl: Starting EXCLUSIVE background task request_schedule_reset_without_restart.
02-28 07:27:25.083  6115  6135 I GeofencerStateMachine: removeGeofences: removeRequest=RemoveGeofencingRequest[REMOVE_BY_PENDING_INTENT pendingIntent=PendingIntent[creatorPackage=com.google.android.googlequicksearchbox], packageName=null]
02-28 07:27:25.090  7580  4465 E GeofenceHelper: Failed: remove geofences by PendingIntent
02-28 07:27:25.140  7580  4465 I TrainingQuestionManager: updateFromServerResponse: no new training mode data and no pending answered questions to clear
02-28 07:27:25.186  7580  7580 I zygote64: Deoptimizing void com.google.android.apps.gsa.staticplugins.nowcards.b.am.bGK() due to JIT inline cache
02-28 07:27:25.223  7580  4447 I zygote64: Deoptimizing int com.google.aq.ds.a(java.lang.Object, byte[], int, int, int, com.google.aq.j) due to JIT inline cache
02-28 07:27:25.298  6115  6389 I GeofencerStateMachine: removeGeofences: removeRequest=RemoveGeofencingRequest[REMOVE_BY_IDS Ids=[154cecbb-ae2e-493e-bf3f-88a7e667e742], packageName=com.google.android.gms]
02-28 07:27:25.336  6115  6389 I GeofencerStateMachine: addGeofences: geofencingRequest=GeofencingRequest[geofences=[Geofence[CIRCLE id:cdeb26ae-474e-4630-bb38-9eaea4d3494a transitions:3 37.977987, 23.639713 10000m, resp=300s, dwell=-1ms, @-1]], initialTrigger=5, tag=] intent=PendingIntent{96430d6: android.os.BinderProxy@20e2f57}
02-28 07:27:26.713  6115  4450 W ctxmgr  : [WorkManager]Long workInfo: pkg=com.google.android.gms, lbl=FenceEvaluationOperation, start=2018-02-28 07:27:25.348+0200, stop=2018-02-28 07:27:26.711+0200, durtn=1363ms
02-28 07:27:26.840  4745  4513 I chatty  : uid=10029(com.android.systemui) expire 1 line
02-28 07:27:29.518  4745  3193 I chatty  : uid=10029(com.android.systemui) Thread-3924 expire 2 lines
02-28 07:27:29.847  4745  4515 I chatty  : uid=10029(com.android.systemui) expire 1 line
02-28 07:27:30.306   897  1087 D sensors_hal_SMGR: processBufferingInd:report(on_change_sensor) eventtype 0
02-28 07:27:32.857  4745  4517 I chatty  : uid=10029(com.android.systemui) expire 1 line
02-28 07:27:33.768  4745  4745 I chatty  : uid=10029(com.android.systemui) expire 2 lines
02-28 07:27:33.769  4745  4215 I chatty  : uid=10029(com.android.systemui) expire 1 line
02-28 07:27:33.770  4745  4518 I chatty  : uid=10029(com.android.systemui) expire 1 line
02-28 07:27:33.787   506  4214 D audio_hw_primary: in_standby: enter: stream (0xe30d4840) usecase(16: audio-record)
02-28 07:27:33.841   506  4214 D audio_hw_primary: disable_audio_route: reset and update mixer path: audio-record
02-28 07:27:33.843   506  4214 D hardware_info: hw_info_append_hw_type : device_name = camcorder-mic
02-28 07:27:33.843   506  4214 D audio_hw_primary: disable_snd_device: snd_device(62: camcorder-mic)
02-28 07:27:33.857   506  4214 D audio_hw_primary: in_set_parameters: enter: kvpairs=routing=0
02-28 07:27:34.154  6393  4521 I Authzen : [DeviceStateSyncManager] The server is in sync with current state. Nothing to do
02-28 07:27:35.518  4745  3193 I chatty  : uid=10029(com.android.systemui) Thread-3924 expire 1 line
02-28 07:27:35.867  4745  4510 I chatty  : uid=10029(com.android.systemui) expire 4 lines
02-28 07:27:38.518  4745  3193 I chatty  : uid=10029(com.android.systemui) Thread-3924 expire 3 lines
02-28 07:27:43.328   897  1087 D sensors_hal_SMGR: processBufferingInd:report(on_change_sensor) eventtype 0
02-28 07:27:44.437   897  6218 I ActivityManager: START u0 {flg=0x10804000 cmp=com.android.systemui/.recents.RecentsActivity} from uid 10029
02-28 07:27:44.498   897   971 D AutofillManagerService: Close system dialogs
02-28 07:27:44.569  4725  4725 I GoogleInputMethod: onFinishInput() : Dummy InputConnection bound
02-28 07:27:44.570  4725  4725 I GoogleInputMethod: onStartInput() : Dummy InputConnection bound
02-28 07:27:44.722  7580  7580 I zygote64: Deoptimizing int com.google.aq.ds.hashCode(java.lang.Object) due to JIT inline cache
02-28 07:27:44.744  7580  7580 W BaseCardViewAdapter: Invalid Entry provided to getCardIndexForEntry(): a_c_c: NOOP
02-28 07:27:44.744  7580  7580 W BaseCardViewAdapter: a_c_e: false
02-28 07:27:44.744  7580  7580 W BaseCardViewAdapter: a_c_g: PROD
02-28 07:27:44.744  7580  7580 W BaseCardViewAdapter: a_cs: -1
02-28 07:27:44.744  7580  7580 W BaseCardViewAdapter: a_cu: false
02-28 07:27:44.744  7580  7580 W BaseCardViewAdapter: a_cv: false
02-28 07:27:44.744  7580  7580 W BaseCardViewAdapter: a_cw: # com.google.u.c.gr@3051bf
02-28 07:27:44.744  7580  7580 W BaseCardViewAdapter: a_cx: 1519795643933
02-28 07:27:44.744  7580  7580 W BaseCardViewAdapter: a_cy: 0
02-28 07:27:44.744  7580  7580 W BaseCardViewAdapter: a_cz: # com.google.u.c.gu@c63131f
02-28 07:27:44.744  7580  7580 W BaseCardViewAdapter: 2: 2
02-28 07:27:44.744  7580  7580 W BaseCardViewAdapter: a_d_y <
02-28 07:27:44.744  7580  7580 W BaseCardViewAdapter:   aw_a: # com.google.u.c.kl@275d49
02-28 07:27:44.744  7580  7580 W BaseCardViewAdapter:   aw_d: false
02-28 07:27:44.744  7580  7580 W BaseCardViewAdapter:   aw_e: 0
02-28 07:27:44.744  7580  7580 W BaseCardViewAdapter:   aw_f: false
02-28 07:27:44.744  7580  7580 W BaseCardViewAdapter:   a_s_w: 0
02-28 07:27:44.744  7580  7580 W BaseCardViewAdapter:   b_el: 0
02-28 07:27:44.744  7580  7580 W BaseCardViewAdapter:   j_f_k: 0
02-28 07:27:44.744  7580  7580 W BaseCardViewAdapter:   r_bg <
02-28 07:27:44.744  7580  7580 W BaseCardViewAdapter:     a_i_y <
02-28 07:27:44.744  7580  7580 W BaseCardViewAdapter:       a_i_v: 0
02-28 07:27:44.744  7580  7580 W BaseCardViewAdapter:       a_i_w: 0
02-28 07:27:44.744  7580  7580 W BaseCardViewAdapter:       a_s_w: 0
02-28 07:27:44.744  7580  7580 W BaseCardViewAdapter:       b_el: 0
02-28 07:27:44.744  7580  7580 W BaseCardViewAdapter:       wu_t: 0
02-28 07:27:44.744  7580  7580 W BaseCardViewAdapter:     >
02-28 07:27:44.744  7580  7580 W BaseCardViewAdapter:     a_i_y <
02-28 07:27:44.744  7580  7580 W BaseCardViewAdapter:       a_i_v: 0
02-28 07:27:44.744  7580  7580 W BaseCardViewAdapter:       a_i_w: 0
02-28 07:27:44.744  7580  7580 W BaseCardViewAdapter:       a_s_w: 0
02-28 07:27:44.744  7580  7580 W BaseCardViewAdapter:       b_el: 0
02-28 07:27:44.744  7580  7580 W BaseCardViewAdapter:       wu_t: 0
02-28 07:27:44.744  7580  7580 W BaseCardViewAdapter:     >
02-28 07:27:44.744  7580  7580 W BaseCardViewAdapter:     a_i_z: 1
02-28 07:27:44.744  7580  7580 W BaseCardViewAdapter:     a_ja: " \u00b7 "
02-28 07:27:44.744  7580  7580 W BaseCardViewAdapter:     a_jb: false
02-28 07:27:44.744  7580  7580 W BaseCardViewAdapter:     a_jc: false
02-28 07:27:44.744  7580  7580 W BaseCardViewAdapter:     a_jd: false
02-28 07:27:44.744  7580  7580 W BaseCardViewAdapter:     a_s_w: 15
02-28 07:27:44.744  7580  7580 W BaseCardViewAdapter:     b_el: 16
02-28 07:27:44.744  7580  7580 W BaseCardViewAdapter:     k_lv: 0
02-28 07:27:44.744  7580  7580 W BaseCardViewAdapter:     u_me: 0
02-28 07:27:44.744  7580  7580 W BaseCardViewAdapter:   >
02-28 07:27:44.744  7580  7580 W BaseCardViewAdapter: >
02-28 07:27:44.744  7580  7580 W BaseCardViewAdapter: a_e_b: true
02-28 07:27:44.744  7580  7580 W BaseCardViewAdapter: a_e_c: false
02-28 07:27:44.744  7580  7580 W BaseCardViewAdapter: a_e_d: # com.google.u.c.il@5a9b23d1
02-28 07:27:44.744  7580  7580 W BaseCardViewAdapter: a_e_m: false
02-28 07:27:44.744  7580  7580 W BaseCardViewAdapter: a_e_n: true
02-28 07:27:44.744  7580  7580 W BaseCardViewAdapter: a_e_p: UNSPECIFIED_COLLECTION_COMPONENT
02-28 07:27:44.744  7580  7580 W BaseCardViewAdapter: a_ec: UNKNOWN
02-28 07:27:44.744  7580  7580 W BaseCardViewAdapter: a_ed: DEFAULT
02-28 07:27:44.744  7580  7580 W BaseCardViewAdapter: a_ee <
02-28 07:27:44.744  7580  7580 W BaseCardViewAdapter:   k_s_z <
02-28 07:27:44.744  7580  7580 W BaseCardViewAdapter:     a_n_q: -6898800363484584548
02-28 07:27:44.744  7580  7580 W BaseCardViewAdapter:     a_n_w: 0
02-28 07:27:44.744  7580  7580 W BaseCardViewAdapter:     a_n_x: 0
02-28 07:27:44.744  7580  7580 W BaseCardViewAdapter:     a_s_w: 17
02-28 07:27:44.744  7580  7580 W BaseCardViewAdapter:     r_d_f: "\305I\340Tk\355F\322"
02-28 07:27:44.744  7580  7580 W BaseCardViewAdapter:   >
02-28 07:27:44.744  7580  7580 W BaseCardViewAdapter: >
02-28 07:27:44.744  7580  7580 W BaseCardViewAdapter: a_ee <
02-28 07:27:44.744  7580  7580 W BaseCardViewAdapter:   k_s_z <
02-28 07:27:44.744  7580  7580 W BaseCardViewAdapter:     a_n_q: -7410702624191420903
02-28 07:27:44.744  7580  7580 W BaseCardViewAdapter:     a_n_w: 0
02-28 07:27:44.744  7580  7580 W BaseCardViewAdapter:     a_n_x: 0
02-28 07:27:44.744  7580  7580 W BaseCardViewAdapter:     a_s_w: 17
02-28 07:27:44.744  7580  7580 W BaseCardViewAdapter:     r_d_f: "\341N\337;_\2519?"
02-28 07:27:44.744  7580  7580 W BaseCardViewAdapter:   >
02-28 07:27:44.744  7580  7580 W BaseCardViewAdapter: >
02-28 07:27:44.744  7580  7580 W BaseCardViewAdapter: a_ee <
02-28 07:27:44.744  7580  7580 W BaseCardViewAdapter:   k_s_z <
02-28 07:27:44.744  7580  7580 W BaseCardViewAdapter:     a_n_q: -6637665357523513659
02-28 07:27:44.744  7580  7580 W BaseCardViewAdapter:     a_n_w: 0
02-28 07:27:44.744  7580  7580 W BaseCardViewAdapter:     a_n_x: 0
02-28 07:27:44.744  7580  7580 W BaseCardViewAdapter:     a_s_w: 17
02-28 07:27:44.744  7580  7580 W BaseCardViewAdapter:     r_d_f: "Q\323\337\012\314\3302d"
02-28 07:27:44.744  7580  7580 W BaseCardViewAdapter:   >
02-28 07:27:44.744  7580  7580 W BaseCardViewAdapter: >
02-28 07:27:44.744  7580  7580 W BaseCardViewAdapter: a_ef <
02-28 07:27:44.744  7580  7580 W BaseCardViewAdapter:   at_p: ""
02-28 07:27:44.744  7580  7580 W BaseCardViewAdapter:   at_y: true
02-28 07:27:44.744  7580  7580 W BaseCardViewAdapter:   aw_a: # com.google.u.c.kl@4f14d9b
02-28 07:27:44.744  7580  7580 W BaseCardViewAdapter:   awz: false
02-28 07:27:44.744  7580  7580 W BaseCardViewAdapter:   a_s_w: 3
02-28 07:27:44.744  7580  7580 W BaseCardViewAdapter:   b_jb: "\u0391\u03c0\u03cc\u03ba\u03c1\u03c5\u03c8\u03b7 \u03b1\u03c5\u03c4\u03ae\u03c2 \u03c4\u03b7\u03c2 \u03b9\u03c3\u03c4\u03bf\u03c1\u03af\u03b1\u03c2"
02-28 07:27:44.744  7580  7580 W BaseCardViewAdapter: >
02-28 07:27:44.744  7580  7580 W BaseCardViewAdapter: a_ef <
02-28 07:27:44.744  7580  7580 W BaseCardViewAdapter:   at_p: ""
02-28 07:27:44.744  7580  7580 W BaseCardViewAdapter:   at_y: false
02-28 07:27:44.744  7580  7580 W BaseCardViewAdapter:   aw_a: # com.google.u.c.kl@177b22d9
02-28 07:27:44.744  7580  7580 W BaseCardViewAdapter:   awx <
02-28 07:27:44.744  7580  7580 W BaseCardViewAdapter:     a_n_q: -7410702624191420903
02-28 07:27:44.744  7580  7580 W BaseCardViewAdapter:     a_n_w: 0
02-28 07:27:44.744  7580  7580 W BaseCardViewAdapter:     a_n_x: 0
02-28 07:27:44.744  7580  7580 W BaseCardViewAdapter:     azg <
02-28 07:27:44.744  7580  7580 W BaseCardViewAdapter:       a_oh: 0
02-28 07:27:44.744  7580  7580 W BaseCardViewAdapter:       a_s_w: 2
02-28 07:27:44.744  7580  7580 W BaseCardViewAdapter:       r_bd: false
02-28 07:27:44.744  7580  7580 W BaseCardViewAdapter:       r_be: 1
02-28 07:27:44.744  7580  7580 W BaseCardViewAdapter:     >
02-28 07:27:44.744  7580  7580 W BaseCardViewAdapter:     a_s_w: 17
02-28 07:27:44.744  7580  7580 W BaseCardViewAdapter:     r_d_f: "\341N\337;_\2519?"
02-28 07:27:44.744  7580  7580 W BaseCardViewAdapter:   >
02-28 07:27:44.744  7580  7580 W BaseCardViewAdapter:   awz: false
02-28 07:27:44.744  7580  7580 W BaseCardViewAdapter:   a_s_w: 1
02-28 07:27:44.744  7580  7580 W BaseCardViewAdapter:   b_jb: "\u0391\u03bb\u03bb\u03b1\u03b3\u03ae \u03bc\u03bf\u03bd\u03ac\u03b4\u03c9\u03bd \u03bc\u03ad\u03c4\u03c1\u03b7\u03c3\u03b7\u03c2 \u03b8\u03b5\u03c1\u03bc\u03bf\u03ba\u03c1\u03b1\u03c3\u03af\u03b1\u03c2 \u03c3\u03b5 F"
02-28 07:27:44.744  7580  7580 W BaseCardViewAdapter:   v_j_p: # com.google.u.c.rb@543cfbc1
02-28 07:27:44.744  7580  7580 W BaseCardViewAdapter: >
02-28 07:27:44.744  7580  7580 W BaseCardViewAdapter: a_ef <
02-28 07:27:44.744  7580  7580 W BaseCardViewAdapter:   at_p: ""
02-28 07:27:44.744  7580  7580 W BaseCardViewAdapter:   at_y: false
02-28 07:27:44.744  7580  7580 W BaseCardViewAdapter:   aw_a: # com.google.u.c.kl@45d3b7f4
02-28 07:27:44.744  7580  7580 W BaseCardViewAdapter:   awx <
02-28 07:27:44.744  7580  7580 W BaseCardViewAdapter:     a_n_q: -6637665357523513659
02-28 07:27:44.744  7580  7580 W BaseCardViewAdapter:     a_n_w: 0
02-28 07:27:44.744  7580  7580 W BaseCardViewAdapter:     a_n_x: 0
02-28 07:27:44.744  7580  7580 W BaseCardViewAdapter:     azg <
02-28 07:27:44.744  7580  7580 W BaseCardViewAdapter:       a_oh: 0
02-28 07:27:44.744  7580  7580 W BaseCardViewAdapter:       a_s_w: 1
02-28 07:27:44.744  7580  7580 W BaseCardViewAdapter:       r_bd: false
02-28 07:27:44.744  7580  7580 W BaseCardViewAdapter:       r_be: 0
02-28 07:27:44.744  7580  7580 W BaseCardViewAdapter:     >
02-28 07:27:44.744  7580  7580 W BaseCardViewAdapter:     a_s_w: 17
02-28 07:27:44.744  7580  7580 W BaseCardViewAdapter:     r_d_f: "Q\323\337\012\314\3302d"
02-28 07:27:44.744  7580  7580 W BaseCardViewAdapter:   >
02-28 07:27:44.744  7580  7580 W BaseCardViewAdapter:   awz: false
02-28 07:27:44.744  7580  7580 W BaseCardViewAdapter:   a_s_w: 1
02-28 07:27:44.744  7580  7580 W BaseCardViewAdapter:   b_jb: "\u039d\u03b1 \u03bc\u03b7\u03bd \u03b5\u03bc\u03c6\u03b1\u03bd\u03af\u03b6\u03bf\u03bd\u03c4\u03b1\u03b9 \u03c0\u03bf\u03c4\u03ad \u03b5\u03bd\u03b7\u03bc\u03b5\u03c1\u03ce\u03c3\u03b5\u03b9\u03c2 \u03b3\u03b9\u03b1 \u03c4\u03bf\u03bd \u03ba\u03b1\u03b9\u03c1\u03cc"
02-28 07:27:44.744  7580  7580 W BaseCardViewAdapter: >
02-28 07:27:44.744  7580  7580 W BaseCardViewAdapter: a_ef <
02-28 07:27:44.744  7580  7580 W BaseCardViewAdapter:   at_p: ""
02-28 07:27:44.744  7580  7580 W BaseCardViewAdapter:   at_y: false
02-28 07:27:44.744  7580  7580 W BaseCardViewAdapter:   aw_a: # com.google.u.c.kl@4f18a293
02-28 07:27:44.744  7580  7580 W BaseCardViewAdapter:   awy <
02-28 07:27:44.744  7580  7580 W BaseCardViewAdapter:     aw_r: OPEN_INTEREST_PICKER
02-28 07:27:44.744  7580  7580 W BaseCardViewAdapter:     axn: UNKNOWN_ACTION_ICON
02-28 07:27:44.744  7580  7580 W BaseCardViewAdapter:     a_s_w: 2
02-28 07:27:44.744  7580  7580 W BaseCardViewAdapter:     a_ve: 10
02-28 07:27:44.744  7580  7580 W BaseCardViewAdapter:     o_bh: ""
02-28 07:27:44.744  7580  7580 W BaseCardViewAdapter:     r_dm: ""
02-28 07:27:44.744  7580  7580 W BaseCardViewAdapter:   >
02-28 07:27:44.744  7580  7580 W BaseCardViewAdapter:   awz: false
02-28 07:27:44.744  7580  7580 W BaseCardViewAdapter:   a_s_w: 1
02-28 07:27:44.744  7580  7580 W BaseCardViewAdapter:   b_jb: "\u03a0\u03c1\u03bf\u03c3\u03b1\u03c1\u03bc\u03bf\u03b3\u03ae \u03ba\u03b1\u03b9\u03c1\u03bf\u03cd"
02-28 07:27:44.744  7580  7580 W BaseCardViewAdapter: >
02-28 07:27:44.744  7580  7580 W BaseCardViewAdapter: a_ef <
02-28 07:27:44.744  7580  7580 W BaseCardViewAdapter:   at_p: ""
02-28 07:27:44.744  7580  7580 W BaseCardViewAdapter:   at_y: false
02-28 07:27:44.744  7580  7580 W BaseCardViewAdapter:   aw_a: # com.google.u.c.kl@3c8ecd55
02-28 07:27:44.744  7580  7580 W BaseCardViewAdapter:   awy <
02-28 07:27:44.744  7580  7580 W BaseCardViewAdapter:     aw_r: CARD_FEEDBACK
02-28 07:27:44.744  7580  7580 W BaseCardViewAdapter:     axn: UNKNOWN_ACTION_ICON
02-28 07:27:44.744  7580  7580 W BaseCardViewAdapter:     a_s_w: 2
02-28 07:27:44.744  7580  7580 W BaseCardViewAdapter:     a_ve: 3
02-28 07:27:44.744  7580  7580 W BaseCardViewAdapter:     o_bh: ""
02-28 07:27:44.744  7580  7580 W BaseCardViewAdapter:     r_dm: "now-feedback:/"
02-28 07:27:44.744  7580  7580 W BaseCardViewAdapter:   >
02-28 07:27:44.744  7580  7580 W BaseCardViewAdapter:   awz: false
02-28 07:27:44.744  7580  7580 W BaseCardViewAdapter:   a_s_w: 1
02-28 07:27:44.744  7580  7580 W BaseCardViewAdapter:   b_jb: "\u0391\u03c0\u03bf\u03c3\u03c4\u03bf\u03bb\u03ae \u03c3\u03c7\u03bf\u03bb\u03af\u03c9\u03bd"
02-28 07:27:44.744  7580  7580 W BaseCardViewAdapter: >
02-28 07:27:44.744  7580  7580 W BaseCardViewAdapter: a_eg: false
02-28 07:27:44.744  7580  7580 W BaseCardViewAdapter: a_ej <
02-28 07:27:44.744  7580  7580 W BaseCardViewAdapter:   at_n: DISMISS
02-28 07:27:44.744  7580  7580 W BaseCardViewAdapter:   at_o: ""
02-28 07:27:44.744  7580  7580 W BaseCardViewAdapter:   at_p: ""
02-28 07:27:44.744  7580  7580 W BaseCardViewAdapter:   at_q: true
02-28 07:27:44.744  7580  7580 W BaseCardViewAdapter:   at_r: false
02-28 07:27:44.744  7580  7580 W BaseCardViewAdapter:   at_s: false
02-28 07:27:44.744  7580  7580 W BaseCardViewAdapter:   at_t: "\242\006\004\020\340\250\001"
02-28 07:27:44.744  7580  7580 W BaseCardViewAdapter:   at_w: false
02-28 07:27:44.744  7580  7580 W BaseCardViewAdapter:   at_y: false
02-28 07:27:44.744  7580  7580 W BaseCardViewAdapter:   at_z: 0
02-28 07:27:44.744  7580  7580 W BaseCardViewAdapter:   a_s_w: 73
02-28 07:27:44.744  7580  7580 W BaseCardViewAdapter:   b_wv: ""
02-28 07:27:44.744  7580  7580 W BaseCardViewAdapter: >
02-28 07:27:44.744  7580  7580 W BaseCardViewAdapter: a_ej <
02-28 07:27:44.744  7580  7580 W BaseCardViewAdapter:   at_n: WEATHER_CHANGE_UNITS
02-28 07:27:44.744  7580  7580 W BaseCardViewAdapter:   at_o: ""
02-28 07:27:44.744  7580  7580 W BaseCardViewAdapter:   at_p: ""
02-28 07:27:44.744  7580  7580 W BaseCardViewAdapter:   at_q: true
02-28 07:27:44.744  7580  7580 W BaseCardViewAdapter:   at_r: false
02-28 07:27:44.744  7580  7580 W BaseCardViewAdapter:   at_s: false
02-28 07:27:44.744  7580  7580 W BaseCardViewAdapter:   at_t: ""
02-28 07:27:44.744  7580  7580 W BaseCardViewAdapter:   at_w: false
02-28 07:27:44.744  7580  7580 W BaseCardViewAdapter:   at_y: false
02-28 07:27:44.744  7580  7580 W BaseCardViewAdapter:   at_z: 0
02-28 07:27:44.744  7580  7580 W BaseCardViewAdapter:   a_s_w: 9
02-28 07:27:44.744  7580  7580 W BaseCardViewAdapter:   b_wv: ""
02-28 07:27:44.744  7580  7580 W BaseCardViewAdapter: >
02-28 07:27:44.744  7580  7580 W BaseCardViewAdapter: a_ej <
02-28 07:27:44.744  7580  7580 W BaseCardViewAdapter:   at_n: CARD_FEEDBACK
02-28 07:27:44.744  7580  7580 W BaseCardViewAdapter:   at_o: ""
02-28 07:27:44.744  7580  7580 W BaseCardViewAdapter:   at_p: ""
02-28 07:27:44.744  7580  7580 W BaseCardViewAdapter:   at_q: true
02-28 07:27:44.744  7580  7580 W BaseCardViewAdapter:   at_r: false
02-28 07:27:44.744  7580  7580 W BaseCardViewAdapter:   at_s: false
02-28 07:27:44.744  7580  7580 W BaseCardViewAdapter:   at_t: ""
02-28 07:27:44.744  7580  7580 W BaseCardViewAdapter:   at_w: false
02-28 07:27:44.744  7580  7580 W BaseCardViewAdapter:   at_y: false
02-28 07:27:44.744  7580  7580 W BaseCardViewAdapter:   at_z: 0
02-28 07:27:44.744  7580  7580 W BaseCardViewAdapter:   a_s_w: 9
02-28 07:27:44.744  7580  7580 W BaseCardViewAdapter:   b_wv: ""
02-28 07:27:44.744  7580  7580 W BaseCardViewAdapter: >
02-28 07:27:44.744  7580  7580 W BaseCardViewAdapter: a_ej <
02-28 07:27:44.744  7580  7580 W BaseCardViewAdapter:   at_n: WEATHER_ATTRIBUTION_URL
02-28 07:27:44.744  7580  7580 W BaseCardViewAdapter:   at_o: ""
02-28 07:27:44.744  7580  7580 W BaseCardViewAdapter:   at_p: ""
02-28 07:27:44.744  7580  7580 W BaseCardViewAdapter:   at_q: true
02-28 07:27:44.744  7580  7580 W BaseCardViewAdapter:   at_r: false
02-28 07:27:44.744  7580  7580 W BaseCardViewAdapter:   at_s: false
02-28 07:27:44.744  7580  7580 W BaseCardViewAdapter:   at_t: ""
02-28 07:27:44.744  7580  7580 W BaseCardViewAdapter:   at_w: false
02-28 07:27:44.744  7580  7580 W BaseCardViewAdapter:   at_y: false
02-28 07:27:44.744  7580  7580 W BaseCardViewAdapter:   at_z: 0
02-28 07:27:44.744  7580  7580 W BaseCardViewAdapter:   a_s_w: 9
02-28 07:27:44.744  7580  7580 W BaseCardViewAdapter:   b_wv: ""
02-28 07:27:44.744  7580  7580 W BaseCardViewAdapter: >
02-28 07:27:44.744  7580  7580 W BaseCardViewAdapter: a_ej <
02-28 07:27:44.744  7580  7580 W BaseCardViewAdapter:   at_n: CARD_VISIBLE
02-28 07:27:44.744  7580  7580 W BaseCardViewAdapter:   at_o: ""
02-28 07:27:44.744  7580  7580 W BaseCardViewAdapter:   at_p: ""
02-28 07:27:44.744  7580  7580 W BaseCardViewAdapter:   at_q: true
02-28 07:27:44.744  7580  7580 W BaseCardViewAdapter:   at_r: false
02-28 07:27:44.744  7580  7580 W BaseCardViewAdapter:   at_s: false
02-28 07:27:44.744  7580  7580 W BaseCardViewAdapter:   at_t: "\242
02-28 07:27:44.766  7580  3554 I PBSessionCacheImpl: Deleted sessionId[26403477023035] from persistence.
02-28 07:27:44.787  7580  7580 W SearchService: Abort, client detached.
02-28 07:27:45.804   491   491 I rmt_storage: rmt_storage_connect_cb: clnt_h=0x39 conn_h=0x76c4a2b3a0
02-28 07:27:45.805   491   491 I rmt_storage: rmt_storage_rw_iovec_cb: /boot/modem_fs1: clnt_h=0x3: req_h=0x39 msg_id=3: R/W request received
02-28 07:27:45.805   491   491 I rmt_storage: wakelock acquired: 1, error no: 42
02-28 07:27:45.805   491   887 I rmt_storage: rmt_storage_client_thread: /boot/modem_fs1: clnt_h=0x3 Unblock worker thread (th_id: 510103327984)
02-28 07:27:45.867   491   887 I rmt_storage: rmt_storage_client_thread: /boot/modem_fs1: clnt_h=0x3: req_h=0x39 msg_id=3: Bytes written = 1572864
02-28 07:27:45.867   491   887 I rmt_storage: rmt_storage_client_thread: /boot/modem_fs1: clnt_h=0x3: req_h=0x39 msg_id=3: Send response: res=0 err=0
02-28 07:27:45.867   491   887 I rmt_storage: rmt_storage_client_thread: /boot/modem_fs1: clnt_h=0x3 About to block rmt_storage client thread (th_id: 510103327984) wakelock released: 1, error no: 0
02-28 07:27:45.867   491   887 I rmt_storage: 
02-28 07:27:45.870   491   491 I rmt_storage: rmt_storage_disconnect_cb: clnt_h=0x39 conn_h=0x76c4a2b3a0
02-28 07:27:45.873  4745  4745 I chatty  : uid=10029(com.android.systemui) expire 1 line
02-28 07:27:45.874   506 21542 D audio_hw_primary: adev_open_input_stream: enter: sample_rate(11025) channel_mask(0x10) devices(0x80000080)        stream_handle(0xe30d5bc0) io_handle(5046) source(5)
02-28 07:27:45.876   506  4546 I AudioFlinger: AudioFlinger's thread 0xe3083580 tid=4546 ready to run
02-28 07:27:45.876   506  4546 D audio_hw_primary: in_standby: enter: stream (0xe30d5bc0) usecase(16: audio-record)
02-28 07:27:45.878   506  4546 D audio_hw_primary: in_standby: enter: stream (0xe30d5bc0) usecase(16: audio-record)
02-28 07:27:45.887   506  4546 D audio_hw_primary: in_set_parameters: enter: kvpairs=input_source=5;routing=-2147483520
02-28 07:27:45.891  4745  4548 I chatty  : uid=10029(com.android.systemui) expire 1 line
02-28 07:27:45.892   506  4547 D audio_hw_primary: start_input_stream: enter: stream(0xe30d5bc0)usecase(16: audio-record)
02-28 07:27:45.893   506  4547 E audio_hw_extn: audio_extn_perf_lock_acquire: Failed to acquire perf lock, err: -1
02-28 07:27:45.893   506  4547 D audio_hw_primary: select_devices: out_snd_device(0: ) in_snd_device(62: camcorder-mic)
02-28 07:27:45.893   506  4547 D hardware_info: hw_info_append_hw_type : device_name = camcorder-mic
02-28 07:27:45.893   506  4547 D audio_hw_primary: enable_snd_device: snd_device(62: camcorder-mic)
02-28 07:27:45.893   506  4547 D audio_route: Apply path: camcorder-mic
02-28 07:27:45.907   506  4547 D ACDB-LOADER: ACDB -> send_audio_cal, acdb_id = 4, path =  1
02-28 07:27:45.908   506  4547 D ACDB-LOADER: ACDB -> send_asm_topology
02-28 07:27:45.908   506  4547 D ACDB-LOADER: ACDB -> ACDB_CMD_GET_AUDPROC_STREAM_TOPOLOGY_ID
02-28 07:27:45.908   506  4547 D ACDB-LOADER: ACDB -> send_adm_topology
02-28 07:27:45.908   506  4547 D ACDB-LOADER: ACDB -> ACDB_CMD_GET_AUDPROC_COMMON_TOPOLOGY_ID
02-28 07:27:45.908   506  4547 D ACDB-LOADER: ACDB -> send_audtable
02-28 07:27:45.908   506  4547 D ACDB-LOADER: ACDB -> ACDB_CMD_GET_AUDPROC_COMMON_TABLE
02-28 07:27:45.908   506  4547 D ACDB-LOADER: ACDB -> AUDIO_SET_AUDPROC_CAL
02-28 07:27:45.908   506  4547 D ACDB-LOADER: ACDB -> send_audvoltable
02-28 07:27:45.908   506  4547 D ACDB-LOADER: ACDB -> ACDB_CMD_GET_AUDPROC_GAIN_DEP_STEP_TABLE
02-28 07:27:45.908   506  4547 D         : Failed to fetch the lookup information of the device 00000004 
02-28 07:27:45.908   506  4547 E ACDB-LOADER: Error: ACDB AudProc vol returned = -19
02-28 07:27:45.908   506  4547 D ACDB-LOADER: ACDB -> AUDIO_SET_AUDPROC_VOL_CAL
02-28 07:27:45.908   506  4547 D ACDB-LOADER: ACDB -> send_afe_cal
02-28 07:27:45.908   506  4547 D ACDB-LOADER: ACDB -> ACDB_CMD_GET_AFE_COMMON_TABLE
02-28 07:27:45.908   506  4547 D         : Failed to fetch the lookup information of the device 00000004 
02-28 07:27:45.909   506  4547 E ACDB-LOADER: Error: ACDB AFE returned = -19
02-28 07:27:45.909   506  4547 D ACDB-LOADER: ACDB -> AUDIO_SET_AFE_CAL
02-28 07:27:45.909   506  4547 D ACDB-LOADER: ACDB -> send_hw_delay : acdb_id = 4 path = 1
02-28 07:27:45.909   506  4547 D ACDB-LOADER: ACDB -> ACDB_AVSYNC_INFO: ACDB_CMD_GET_DEVICE_PROPERTY
02-28 07:27:45.909   506  4547 D audio_hw_primary: enable_audio_route: apply mixer and update path: audio-record
02-28 07:27:45.909   506  4547 D audio_route: Apply path: audio-record
02-28 07:27:45.911   506  4547 D audio_hw_primary: select_devices: done
02-28 07:27:45.988   506  4547 E audio_hw_extn: audio_extn_perf_lock_release: Perf lock release error 
02-28 07:27:45.988   506  4547 D audio_hw_primary: start_input_stream: exit
02-28 07:27:46.246   897   971 D AutofillManagerService: Close system dialogs
02-28 07:27:46.256   897 22770 I ActivityManager: Killing 31837:com.android.settings/1000 (adj 906): empty for 1920s
02-28 07:27:46.258   897   966 W system_server: kill(-31837, 9) failed: No such process
02-28 07:27:46.263   897 22770 I ActivityManager: Killing 1387:com.viber.voip/u0a76 (adj 900): remove task
02-28 07:27:46.273   897  6183 I ActivityManager: START u0 {act=android.intent.action.MAIN cat=[android.intent.category.HOME] flg=0x10200000 cmp=com.android.launcher3/co.aoscp.lunalauncher.LunaLauncherActivity} from uid 10029
02-28 07:27:46.300   897   966 I chatty  : uid=1000(system) ActivityManager identical 2 lines
02-28 07:27:46.346   897   966 W system_server: kill(-31837, 9) failed: No such process
02-28 07:27:46.346   897   966 I system_server: Successfully killed process cgroup uid 1000 pid 31837 in 88ms
02-28 07:27:46.347   897   966 W system_server: kill(-1387, 9) failed: No such process
02-28 07:27:46.354  6233  6233 I droid.launcher3: type=1400 audit(0.0:670): avc: denied { write } for name="seempdw" dev="tmpfs" ino=36974 scontext=u:r:system_app:s0 tcontext=u:object_r:socket_device:s0 tclass=file permissive=1
02-28 07:27:46.376   488   488 D SurfaceFlinger: duplicate layer name: changing com.android.launcher3/co.aoscp.lunalauncher.LunaLauncherActivity to com.android.launcher3/co.aoscp.lunalauncher.LunaLauncherActivity#1
02-28 07:27:46.392   897   966 W system_server: kill(-1387, 9) failed: No such process
02-28 07:27:46.411   897  4909 I WindowManager: WIN DEATH: Window{2661cd4 u0 com.viber.voip/com.viber.voip.messages.ui.ConversationActivity}
02-28 07:27:46.428   897   973 W ActivityManager: setHasOverlayUi called on unknown pid: 1387
02-28 07:27:46.478   897   966 W system_server: kill(-1387, 9) failed: No such process
02-28 07:27:46.479   897   966 I system_server: Successfully killed process cgroup uid 10076 pid 1387 in 131ms
02-28 07:27:46.479  7580  7580 W SessionLifecycleManager: Handover failed. Creating new session controller.
02-28 07:27:46.494  4725  4725 I GoogleInputMethod: onFinishInput() : Dummy InputConnection bound
02-28 07:27:46.495  4725  4725 I GoogleInputMethod: onStartInput() : Dummy InputConnection bound
02-28 07:27:46.498  4745  9685 I chatty  : uid=10029(com.android.systemui) android.bg expire 1 line
02-28 07:27:46.501   506   506 D audio_hw_primary: adev_close_input_stream: enter:stream_handle(0xe30d4840)
02-28 07:27:46.501   506   506 D audio_hw_primary: in_standby: enter: stream (0xe30d4840) usecase(16: audio-record)
02-28 07:27:46.597  7580  7580 I BgTaskExecutorImpl: Starting EXCLUSIVE background task update_searchnow_bootstrap_data.
02-28 07:27:46.617  7580  4444 I UpdateSNBDTask: Updating bootstrap data
02-28 07:27:46.974  6233  9159 W OpenGLRenderer: Incorrectly called buildLayer on View: ShortcutAndWidgetContainer, destroying layer...
02-28 07:27:46.975  6233  9159 W OpenGLRenderer: Incorrectly called buildLayer on View: ShortcutAndWidgetContainer, destroying layer...
02-28 07:27:47.518  4745  3193 E AmbientPlayRecognition: 0 bytes recorded!?
02-28 07:27:50.518  4745  3193 E AmbientPlayRecognition: 0 bytes recorded!?
02-28 07:27:51.419  4745  4550 D AmbientPlayRecognition: Preparing to send audio data: 119296 bytes
02-28 07:27:51.419  4745  4550 D AmbientPlayRecognition: Sending mic data, 119296 bytes...
02-28 07:27:51.598  7580  4444 I EventLogSendingHelper: Sending log events.
02-28 07:27:51.618  7580  4445 I EventLogSendingHelper: Sending log events.
02-28 07:27:51.910  4745  4565 D AmbientPlayRecognition: Not sending, data already sending
02-28 07:27:52.858  7580  7580 I earchbox:search: type=1400 audit(0.0:671): avc: denied { read } for name="vmstat" dev="proc" ino=4026535432 scontext=u:r:untrusted_app:s0:c512,c768 tcontext=u:object_r:proc:s0 tclass=file permissive=1
02-28 07:27:52.858  7580  7580 I earchbox:search: type=1400 audit(0.0:672): avc: denied { open } for path="/proc/vmstat" dev="proc" ino=4026535432 scontext=u:r:untrusted_app:s0:c512,c768 tcontext=u:object_r:proc:s0 tclass=file permissive=1
02-28 07:27:52.858  7580  7580 I earchbox:search: type=1400 audit(0.0:673): avc: denied { getattr } for path="/proc/vmstat" dev="proc" ino=4026535432 scontext=u:r:untrusted_app:s0:c512,c768 tcontext=u:object_r:proc:s0 tclass=file permissive=1
02-28 07:27:53.518  4745  3193 E AmbientPlayRecognition: 0 bytes recorded!?
02-28 07:27:54.930  4745  4569 D AmbientPlayRecognition: Not sending, data already sending
02-28 07:27:56.519  4745  3193 E AmbientPlayRecognition: 0 bytes recorded!?
02-28 07:27:56.560   897  1087 D sensors_hal_SMGR: processBufferingInd:report(on_change_sensor) eventtype 0
02-28 07:27:56.598  7580  4444 I EventLogSendingHelper: Sending log events.
02-28 07:27:56.601  7580  4442 I EventLogSendingHelper: Sending log events.
02-28 07:27:57.946  4745  4571 D AmbientPlayRecognition: Not sending, data already sending
02-28 07:27:59.518  4745  3193 E AmbientPlayRecognition: 0 bytes recorded!?
02-28 07:28:00.950  4745  4572 D AmbientPlayRecognition: Not sending, data already sending
02-28 07:28:02.518  4745  3193 E AmbientPlayRecognition: 0 bytes recorded!?
02-28 07:28:02.701  4745  4550 E AmbientPlayRecognition: Error while sending audio data
02-28 07:28:02.701  4745  4550 E AmbientPlayRecognition: java.net.SocketTimeoutException: timeout
02-28 07:28:02.701  4745  4550 E AmbientPlayRecognition: 	at com.android.okhttp.okio.Okio$3.newTimeoutException(Okio.java:212)
02-28 07:28:02.701  4745  4550 E AmbientPlayRecognition: 	at com.android.okhttp.okio.AsyncTimeout.exit(AsyncTimeout.java:261)
02-28 07:28:02.701  4745  4550 E AmbientPlayRecognition: 	at com.android.okhttp.okio.AsyncTimeout$2.read(AsyncTimeout.java:215)
02-28 07:28:02.701  4745  4550 E AmbientPlayRecognition: 	at com.android.okhttp.okio.RealBufferedSource.indexOf(RealBufferedSource.java:306)
02-28 07:28:02.701  4745  4550 E AmbientPlayRecognition: 	at com.android.okhttp.okio.RealBufferedSource.indexOf(RealBufferedSource.java:300)
02-28 07:28:02.701  4745  4550 E AmbientPlayRecognition: 	at com.android.okhttp.okio.RealBufferedSource.readUtf8LineStrict(RealBufferedSource.java:196)
02-28 07:28:02.701  4745  4550 E AmbientPlayRecognition: 	at com.android.okhttp.internal.http.Http1xStream.readResponse(Http1xStream.java:186)
02-28 07:28:02.701  4745  4550 E AmbientPlayRecognition: 	at com.android.okhttp.internal.http.Http1xStream.readResponseHeaders(Http1xStream.java:127)
02-28 07:28:02.701  4745  4550 E AmbientPlayRecognition: 	at com.android.okhttp.internal.http.HttpEngine.readNetworkResponse(HttpEngine.java:737)
02-28 07:28:02.701  4745  4550 E AmbientPlayRecognition: 	at com.android.okhttp.internal.http.HttpEngine.readResponse(HttpEngine.java:609)
02-28 07:28:02.701  4745  4550 E AmbientPlayRecognition: 	at com.android.okhttp.internal.huc.HttpURLConnectionImpl.execute(HttpURLConnectionImpl.java:471)
02-28 07:28:02.701  4745  4550 E AmbientPlayRecognition: 	at com.android.okhttp.internal.huc.HttpURLConnectionImpl.getResponse(HttpURLConnectionImpl.java:407)
02-28 07:28:02.701  4745  4550 E AmbientPlayRecognition: 	at com.android.okhttp.internal.huc.HttpURLConnectionImpl.getInputStream(HttpURLConnectionImpl.java:244)
02-28 07:28:02.701  4745  4550 E AmbientPlayRecognition: 	at com.android.systemui.ambientmusic.aoscp.AmbientPlayRecognition$RecorderThread.sendAudioData(AmbientPlayRecognition.java:165)
02-28 07:28:02.701  4745  4550 E AmbientPlayRecognition: 	at com.android.systemui.ambientmusic.aoscp.AmbientPlayRecognition$RecorderThread.-wrap0(Unknown Source:0)
02-28 07:28:02.701  4745  4550 E AmbientPlayRecognition: 	at com.android.systemui.ambientmusic.aoscp.AmbientPlayRecognition$RecorderThread$1.run(AmbientPlayRecognition.java:137)
02-28 07:28:02.701  4745  4550 E AmbientPlayRecognition: Caused by: java.net.SocketException: Socket closed
02-28 07:28:02.701  4745  4550 E AmbientPlayRecognition: 	at java.net.SocketInputStream.read(SocketInputStream.java:203)
02-28 07:28:02.701  4745  4550 E AmbientPlayRecognition: 	at java.net.SocketInputStream.read(SocketInputStream.java:139)
02-28 07:28:02.701  4745  4550 E AmbientPlayRecognition: 	at com.android.okhttp.okio.Okio$2.read(Okio.java:136)
02-28 07:28:02.701  4745  4550 E AmbientPlayRecognition: 	at com.android.okhttp.okio.AsyncTimeout$2.read(AsyncTimeout.java:211)
02-28 07:28:02.701  4745  4550 E AmbientPlayRecognition: 	... 13 more
02-28 07:28:02.701  4745  4550 W AmbientPlayRecognition: Regular expression didn't match!
02-28 07:28:02.702  4745  4550 D AmbientPlayRecognition: Reporting result
02-28 07:28:02.702  4745  4550 D AmbientPlayRecognition: Interrupting recorder thread
02-28 07:28:02.702  4745  4550 D AmbientPlayRecognition: Stopping recorder
02-28 07:28:02.702  4745  4548 D AmbientPlayRecognition: Broke out of recording loop, mResultGiven=true
02-28 07:28:02.715   506  4546 D audio_hw_primary: in_standby: enter: stream (0xe30d5bc0) usecase(16: audio-record)
02-28 07:28:02.767   506  4546 D audio_hw_primary: disable_audio_route: reset and update mixer path: audio-record
02-28 07:28:02.769   506  4546 D hardware_info: hw_info_append_hw_type : device_name = camcorder-mic
02-28 07:28:02.769   506  4546 D audio_hw_primary: disable_snd_device: snd_device(62: camcorder-mic)
02-28 07:28:02.782   506  4546 D audio_hw_primary: in_set_parameters: enter: kvpairs=routing=0
02-28 07:28:05.518  4745  3193 E AmbientPlayRecognition: 0 bytes recorded!?
02-28 07:28:08.518  4745  3193 E AmbientPlayRecognition: 0 bytes recorded!?
02-28 07:28:10.852   897  1087 D sensors_hal_SMGR: processBufferingInd:report(on_change_sensor) eventtype 0
02-28 07:28:11.518  4745  3193 E AmbientPlayRecognition: 0 bytes recorded!?
02-28 07:28:12.791  4745  4745 V StatusBar: Will start listening again in 10 seconds
02-28 07:28:12.794   506  8859 D audio_hw_primary: adev_open_input_stream: enter: sample_rate(11025) channel_mask(0x10) devices(0x80000080)        stream_handle(0xe30d6c40) io_handle(5054) source(5)
02-28 07:28:12.797   506  4579 I AudioFlinger: AudioFlinger's thread 0xe2503240 tid=4579 ready to run
02-28 07:28:12.797   506  4579 D audio_hw_primary: in_standby: enter: stream (0xe30d6c40) usecase(16: audio-record)
02-28 07:28:12.801   506  4579 D audio_hw_primary: in_standby: enter: stream (0xe30d6c40) usecase(16: audio-record)
02-28 07:28:12.811   506  4579 D audio_hw_primary: in_set_parameters: enter: kvpairs=input_source=5;routing=-2147483520
02-28 07:28:12.816  4745  4581 D AmbientPlayRecognition: Started reading recorder...
02-28 07:28:12.818   506  4580 D audio_hw_primary: start_input_stream: enter: stream(0xe30d6c40)usecase(16: audio-record)
02-28 07:28:12.819   506  4580 E audio_hw_extn: audio_extn_perf_lock_acquire: Failed to acquire perf lock, err: -1
02-28 07:28:12.819   506  4580 D audio_hw_primary: select_devices: out_snd_device(0: ) in_snd_device(62: camcorder-mic)
02-28 07:28:12.819   506  4580 D hardware_info: hw_info_append_hw_type : device_name = camcorder-mic
02-28 07:28:12.819   506  4580 D audio_hw_primary: enable_snd_device: snd_device(62: camcorder-mic)
02-28 07:28:12.820   506  4580 D audio_route: Apply path: camcorder-mic
02-28 07:28:12.832   506  4580 D ACDB-LOADER: ACDB -> send_audio_cal, acdb_id = 4, path =  1
02-28 07:28:12.832   506  4580 D ACDB-LOADER: ACDB -> send_asm_topology
02-28 07:28:12.832   506  4580 D ACDB-LOADER: ACDB -> ACDB_CMD_GET_AUDPROC_STREAM_TOPOLOGY_ID
02-28 07:28:12.832   506  4580 D ACDB-LOADER: ACDB -> send_adm_topology
02-28 07:28:12.832   506  4580 D ACDB-LOADER: ACDB -> ACDB_CMD_GET_AUDPROC_COMMON_TOPOLOGY_ID
02-28 07:28:12.832   506  4580 D ACDB-LOADER: ACDB -> send_audtable
02-28 07:28:12.832   506  4580 D ACDB-LOADER: ACDB -> ACDB_CMD_GET_AUDPROC_COMMON_TABLE
02-28 07:28:12.833   506  4580 D ACDB-LOADER: ACDB -> AUDIO_SET_AUDPROC_CAL
02-28 07:28:12.833   506  4580 D ACDB-LOADER: ACDB -> send_audvoltable
02-28 07:28:12.833   506  4580 D ACDB-LOADER: ACDB -> ACDB_CMD_GET_AUDPROC_GAIN_DEP_STEP_TABLE
02-28 07:28:12.833   506  4580 D         : Failed to fetch the lookup information of the device 00000004 
02-28 07:28:12.833   506  4580 E ACDB-LOADER: Error: ACDB AudProc vol returned = -19
02-28 07:28:12.833   506  4580 D ACDB-LOADER: ACDB -> AUDIO_SET_AUDPROC_VOL_CAL
02-28 07:28:12.833   506  4580 D ACDB-LOADER: ACDB -> send_afe_cal
02-28 07:28:12.833   506  4580 D ACDB-LOADER: ACDB -> ACDB_CMD_GET_AFE_COMMON_TABLE
02-28 07:28:12.833   506  4580 D         : Failed to fetch the lookup information of the device 00000004 
02-28 07:28:12.833   506  4580 E ACDB-LOADER: Error: ACDB AFE returned = -19
02-28 07:28:12.833   506  4580 D ACDB-LOADER: ACDB -> AUDIO_SET_AFE_CAL
02-28 07:28:12.833   506  4580 D ACDB-LOADER: ACDB -> send_hw_delay : acdb_id = 4 path = 1
02-28 07:28:12.833   506  4580 D ACDB-LOADER: ACDB -> ACDB_AVSYNC_INFO: ACDB_CMD_GET_DEVICE_PROPERTY
02-28 07:28:12.833   506  4580 D audio_hw_primary: enable_audio_route: apply mixer and update path: audio-record
02-28 07:28:12.834   506  4580 D audio_route: Apply path: audio-record
02-28 07:28:12.835   506  4580 D audio_hw_primary: select_devices: done
02-28 07:28:12.917   506  4580 E audio_hw_extn: audio_extn_perf_lock_release: Perf lock release error 
02-28 07:28:12.917   506  4580 D audio_hw_primary: start_input_stream: exit
02-28 07:28:14.518  4745  3193 E AmbientPlayRecognition: 0 bytes recorded!?
02-28 07:28:14.900   897   967 E BatteryExternalStatsWorker: modem info is invalid: ModemActivityInfo{ mTimestamp=0 mSleepTimeMs=0 mIdleTimeMs=0 mTxTimeMs[]=[0, 0, 0, 0, 0] mRxTimeMs=0 mEnergyUsed=0}
02-28 07:28:15.914  4745  4588 D AmbientPlayRecognition: Preparing to send audio data: 65536 bytes
02-28 07:28:15.914  4745  4588 D AmbientPlayRecognition: Sending mic data, 65536 bytes...
02-28 07:28:17.518  4745  3193 E AmbientPlayRecognition: 0 bytes recorded!?
02-28 07:28:17.947  4745  4588 D AmbientPlayRecognition: No match (Maybe we could not hear the track?)
02-28 07:28:19.508  4745  4593 D AmbientPlayRecognition: Preparing to send audio data: 144896 bytes
02-28 07:28:19.509  4745  4593 D AmbientPlayRecognition: Sending mic data, 144896 bytes...
02-28 07:28:20.518  4745  3193 E AmbientPlayRecognition: 0 bytes recorded!?
02-28 07:28:21.859  4745  4597 D AmbientPlayRecognition: Not sending, data already sending
02-28 07:28:23.518  4745  3193 E AmbientPlayRecognition: 0 bytes recorded!?
02-28 07:28:24.074   897  1087 D sensors_hal_SMGR: processBufferingInd:report(on_change_sensor) eventtype 0
02-28 07:28:24.874  4745  4599 D AmbientPlayRecognition: Not sending, data already sending
02-28 07:28:26.518  4745  3193 E AmbientPlayRecognition: 0 bytes recorded!?
02-28 07:28:27.879  4745  4600 D AmbientPlayRecognition: Not sending, data already sending
02-28 07:28:29.518  4745  3193 E AmbientPlayRecognition: 0 bytes recorded!?
02-28 07:28:30.890  4745  4603 D AmbientPlayRecognition: Not sending, data already sending
02-28 07:28:30.992  4745  4593 E AmbientPlayRecognition: Error while sending audio data
02-28 07:28:30.992  4745  4593 E AmbientPlayRecognition: java.net.SocketTimeoutException: timeout
02-28 07:28:30.992  4745  4593 E AmbientPlayRecognition: 	at com.android.okhttp.okio.Okio$3.newTimeoutException(Okio.java:212)
02-28 07:28:30.992  4745  4593 E AmbientPlayRecognition: 	at com.android.okhttp.okio.AsyncTimeout.exit(AsyncTimeout.java:261)
02-28 07:28:30.992  4745  4593 E AmbientPlayRecognition: 	at com.android.okhttp.okio.AsyncTimeout$2.read(AsyncTimeout.java:215)
02-28 07:28:30.992  4745  4593 E AmbientPlayRecognition: 	at com.android.okhttp.okio.RealBufferedSource.indexOf(RealBufferedSource.java:306)
02-28 07:28:30.992  4745  4593 E AmbientPlayRecognition: 	at com.android.okhttp.okio.RealBufferedSource.indexOf(RealBufferedSource.java:300)
02-28 07:28:30.992  4745  4593 E AmbientPlayRecognition: 	at com.android.okhttp.okio.RealBufferedSource.readUtf8LineStrict(RealBufferedSource.java:196)
02-28 07:28:30.992  4745  4593 E AmbientPlayRecognition: 	at com.android.okhttp.internal.http.Http1xStream.readResponse(Http1xStream.java:186)
02-28 07:28:30.992  4745  4593 E AmbientPlayRecognition: 	at com.android.okhttp.internal.http.Http1xStream.readResponseHeaders(Http1xStream.java:127)
02-28 07:28:30.992  4745  4593 E AmbientPlayRecognition: 	at com.android.okhttp.internal.http.HttpEngine.readNetworkResponse(HttpEngine.java:737)
02-28 07:28:30.992  4745  4593 E AmbientPlayRecognition: 	at com.android.okhttp.internal.http.HttpEngine.readResponse(HttpEngine.java:609)
02-28 07:28:30.992  4745  4593 E AmbientPlayRecognition: 	at com.android.okhttp.internal.huc.HttpURLConnectionImpl.execute(HttpURLConnectionImpl.java:471)
02-28 07:28:30.992  4745  4593 E AmbientPlayRecognition: 	at com.android.okhttp.internal.huc.HttpURLConnectionImpl.getResponse(HttpURLConnectionImpl.java:407)
02-28 07:28:30.992  4745  4593 E AmbientPlayRecognition: 	at com.android.okhttp.internal.huc.HttpURLConnectionImpl.getInputStream(HttpURLConnectionImpl.java:244)
02-28 07:28:30.992  4745  4593 E AmbientPlayRecognition: 	at com.android.systemui.ambientmusic.aoscp.AmbientPlayRecognition$RecorderThread.sendAudioData(AmbientPlayRecognition.java:165)
02-28 07:28:30.992  4745  4593 E AmbientPlayRecognition: 	at com.android.systemui.ambientmusic.aoscp.AmbientPlayRecognition$RecorderThread.-wrap0(Unknown Source:0)
02-28 07:28:30.992  4745  4593 E AmbientPlayRecognition: 	at com.android.systemui.ambientmusic.aoscp.AmbientPlayRecognition$RecorderThread$1.run(AmbientPlayRecognition.java:137)
02-28 07:28:30.992  4745  4593 E AmbientPlayRecognition: Caused by: java.net.SocketException: Socket closed
02-28 07:28:30.992  4745  4593 E AmbientPlayRecognition: 	at java.net.SocketInputStream.read(SocketInputStream.java:203)
02-28 07:28:30.992  4745  4593 E AmbientPlayRecognition: 	at java.net.SocketInputStream.read(SocketInputStream.java:139)
02-28 07:28:30.992  4745  4593 E AmbientPlayRecognition: 	at com.android.okhttp.okio.Okio$2.read(Okio.java:136)
02-28 07:28:30.992  4745  4593 E AmbientPlayRecognition: 	at com.android.okhttp.okio.AsyncTimeout$2.read(AsyncTimeout.java:211)
02-28 07:28:30.992  4745  4593 E AmbientPlayRecognition: 	... 13 more
02-28 07:28:30.993  4745  4593 W AmbientPlayRecognition: Regular expression didn't match!
02-28 07:28:30.993  4745  4593 D AmbientPlayRecognition: Reporting result
02-28 07:28:30.993  4745  4593 D AmbientPlayRecognition: Interrupting recorder thread
02-28 07:28:30.993  4745  4593 D AmbientPlayRecognition: Stopping recorder
02-28 07:28:30.995  4745  4581 D AmbientPlayRecognition: Broke out of recording loop, mResultGiven=true
02-28 07:28:31.009   506  4579 D audio_hw_primary: in_standby: enter: stream (0xe30d6c40) usecase(16: audio-record)
02-28 07:28:31.066   506  4579 D audio_hw_primary: disable_audio_route: reset and update mixer path: audio-record
02-28 07:28:31.067   506  4579 D hardware_info: hw_info_append_hw_type : device_name = camcorder-mic
02-28 07:28:31.068   506  4579 D audio_hw_primary: disable_snd_device: snd_device(62: camcorder-mic)
02-28 07:28:31.078   506  4579 D audio_hw_primary: in_set_parameters: enter: kvpairs=routing=0
02-28 07:28:31.142  6115 23452 E WakeLock: release without a matched acquire!
02-28 07:28:32.518  4745  3193 E AmbientPlayRecognition: 0 bytes recorded!?
02-28 07:28:35.518  4745  3193 E AmbientPlayRecognition: 0 bytes recorded!?
02-28 07:28:37.316   897  1087 D sensors_hal_SMGR: processBufferingInd:report(on_change_sensor) eventtype 0
02-28 07:28:38.518  4745  3193 E AmbientPlayRecognition: 0 bytes recorded!?
02-28 07:28:41.089  4745  4745 V StatusBar: Will start listening again in 10 seconds
02-28 07:28:41.092   506 21541 D audio_hw_primary: adev_open_input_stream: enter: sample_rate(11025) channel_mask(0x10) devices(0x80000080)        stream_handle(0xe30d4b40) io_handle(5062) source(5)
02-28 07:28:41.096   506  4610 I AudioFlinger: AudioFlinger's thread 0xe1603900 tid=4610 ready to run
02-28 07:28:41.097   506  4610 D audio_hw_primary: in_standby: enter: stream (0xe30d4b40) usecase(16: audio-record)
02-28 07:28:41.100   506  4610 D audio_hw_primary: in_standby: enter: stream (0xe30d4b40) usecase(16: audio-record)
02-28 07:28:41.111   506  4610 D audio_hw_primary: in_set_parameters: enter: kvpairs=input_source=5;routing=-2147483520
02-28 07:28:41.118  4745  4611 D AmbientPlayRecognition: Started reading recorder...
02-28 07:28:41.121   506  4612 D audio_hw_primary: start_input_stream: enter: stream(0xe30d4b40)usecase(16: audio-record)
02-28 07:28:41.122   506  4612 E audio_hw_extn: audio_extn_perf_lock_acquire: Failed to acquire perf lock, err: -1
02-28 07:28:41.122   506  4612 D audio_hw_primary: select_devices: out_snd_device(0: ) in_snd_device(62: camcorder-mic)
02-28 07:28:41.122   506  4612 D hardware_info: hw_info_append_hw_type : device_name = camcorder-mic
02-28 07:28:41.123   506  4612 D audio_hw_primary: enable_snd_device: snd_device(62: camcorder-mic)
02-28 07:28:41.123   506  4612 D audio_route: Apply path: camcorder-mic
02-28 07:28:41.137   506  4612 D ACDB-LOADER: ACDB -> send_audio_cal, acdb_id = 4, path =  1
02-28 07:28:41.137   506  4612 D ACDB-LOADER: ACDB -> send_asm_topology
02-28 07:28:41.137   506  4612 D ACDB-LOADER: ACDB -> ACDB_CMD_GET_AUDPROC_STREAM_TOPOLOGY_ID
02-28 07:28:41.137   506  4612 D ACDB-LOADER: ACDB -> send_adm_topology
02-28 07:28:41.137   506  4612 D ACDB-LOADER: ACDB -> ACDB_CMD_GET_AUDPROC_COMMON_TOPOLOGY_ID
02-28 07:28:41.137   506  4612 D ACDB-LOADER: ACDB -> send_audtable
02-28 07:28:41.137   506  4612 D ACDB-LOADER: ACDB -> ACDB_CMD_GET_AUDPROC_COMMON_TABLE
02-28 07:28:41.137   506  4612 D ACDB-LOADER: ACDB -> AUDIO_SET_AUDPROC_CAL
02-28 07:28:41.137   506  4612 D ACDB-LOADER: ACDB -> send_audvoltable
02-28 07:28:41.137   506  4612 D ACDB-LOADER: ACDB -> ACDB_CMD_GET_AUDPROC_GAIN_DEP_STEP_TABLE
02-28 07:28:41.137   506  4612 D         : Failed to fetch the lookup information of the device 00000004 
02-28 07:28:41.138   506  4612 E ACDB-LOADER: Error: ACDB AudProc vol returned = -19
02-28 07:28:41.138   506  4612 D ACDB-LOADER: ACDB -> AUDIO_SET_AUDPROC_VOL_CAL
02-28 07:28:41.138   506  4612 D ACDB-LOADER: ACDB -> send_afe_cal
02-28 07:28:41.138   506  4612 D ACDB-LOADER: ACDB -> ACDB_CMD_GET_AFE_COMMON_TABLE
02-28 07:28:41.138   506  4612 D         : Failed to fetch the lookup information of the device 00000004 
02-28 07:28:41.138   506  4612 E ACDB-LOADER: Error: ACDB AFE returned = -19
02-28 07:28:41.138   506  4612 D ACDB-LOADER: ACDB -> AUDIO_SET_AFE_CAL
02-28 07:28:41.138   506  4612 D ACDB-LOADER: ACDB -> send_hw_delay : acdb_id = 4 path = 1
02-28 07:28:41.138   506  4612 D ACDB-LOADER: ACDB -> ACDB_AVSYNC_INFO: ACDB_CMD_GET_DEVICE_PROPERTY
02-28 07:28:41.138   506  4612 D audio_hw_primary: enable_audio_route: apply mixer and update path: audio-record
02-28 07:28:41.138   506  4612 D audio_route: Apply path: audio-record
02-28 07:28:41.140   506  4612 D audio_hw_primary: select_devices: done
02-28 07:28:41.221   506  4612 E audio_hw_extn: audio_extn_perf_lock_release: Perf lock release error 
02-28 07:28:41.221   506  4612 D audio_hw_primary: start_input_stream: exit
02-28 07:28:41.518  4745  3193 E AmbientPlayRecognition: 0 bytes recorded!?
02-28 07:28:42.806   897   967 E BatteryExternalStatsWorker: modem info is invalid: ModemActivityInfo{ mTimestamp=0 mSleepTimeMs=0 mIdleTimeMs=0 mTxTimeMs[]=[0, 0, 0, 0, 0] mRxTimeMs=0 mEnergyUsed=0}
02-28 07:28:44.519  4745  3193 E AmbientPlayRecognition: 0 bytes recorded!?
02-28 07:28:45.676   897   975 I PowerManagerService: Nap time (uid 1000)...
02-28 07:28:45.677   897   975 I PowerManagerService: Going to sleep due to screen timeout (uid 1000)...
