02-28 07:27:13.304  6032  6032 D vndksupport: Loading /odm/lib/hw/power.msm8992.so from current namespace instead of sphal namespace.
02-28 07:27:13.305   897 17290 I PowerManagerService: Going to sleep by application request (uid 10029)...
02-28 07:27:13.306   897   975 I PowerManagerService: Sleeping (uid 1000)...
02-28 07:27:13.309   519   519 I chatty  : uid=1006(camera) mm-qcamera-daem expire 29 lines
02-28 07:27:13.311   519  4104 I chatty  : uid=1006(camera) mm-qcamera-daem expire 5 lines
02-28 07:27:13.317   519  4105 I chatty  : uid=1006(camera) mm-qcamera-daem expire 2 lines
02-28 07:27:13.319   519  4106 I chatty  : uid=1006(camera) mm-qcamera-daem expire 4 lines
02-28 07:27:13.328   519  4107 I chatty  : uid=1006(camera) mm-qcamera-daem expire 33 lines
02-28 07:27:13.330  4725  4725 I GoogleInputMethod: onFinishInputView() : Dummy InputConnection bound
02-28 07:27:13.332  4725  4725 I PhenotypeExpConfig: refreshConfiguration() : Force = false : UpdateAvailable = false : Age = 36 minutes : MaxAge = 720 minutes
02-28 07:27:13.334  4725  4725 I GoogleInputMethod: onFinishInput() : Dummy InputConnection bound
02-28 07:27:13.334  4725  4725 I GoogleInputMethod: onStartInput() : Dummy InputConnection bound
02-28 07:27:13.335  4725  4725 I GoogleInputMethod: onStartInputView() : Dummy InputConnection bound
02-28 07:27:13.341   519  4109 I chatty  : uid=1006(camera) mm-qcamera-daem expire 4 lines
02-28 07:27:13.345  4725  4725 W Environment: com.bitstrips.imoji is not installed
02-28 07:27:13.345  4725  4725 W VoiceImeTranscriptor: UIME feature enabled: true
02-28 07:27:13.346  4725  4725 I VoiceImeExtension: Voice Extension onStartInputView() Mic status = [MicIconAvailable]
02-28 07:27:13.346  4725  4725 I FederatedC2QExtension: Already registered manifest.
02-28 07:27:13.346  4725  4725 I FederatedC2QExtension: model for el/ranking_20180108 is not yet available
02-28 07:27:13.346  4725  4725 I FederatedC2QExtension: requesting model 'federated_conv2query_triggering_el_ranking_20180108'
02-28 07:27:13.346  4725  4725 I FederatedC2QExtension: no valid model for inferencing found, switching to baseline.
02-28 07:27:13.351  4725  4725 W VoiceImeTranscriptor: UIME feature enabled: true
02-28 07:27:13.354  4725  6436 I Superpacks: Syncing federatedc2q
02-28 07:27:13.361   519  4110 I chatty  : uid=1006(camera) mm-qcamera-daem expire 3 lines
02-28 07:27:13.362  4725  4725 I EmojiDataExtension: onActivate() : Locale = el
02-28 07:27:13.362  4725  4725 I EmojiSuperpacksFeature: Emoji superpacks enabled
02-28 07:27:13.362  4725  4725 I GifEntryExtension: onActivate()
02-28 07:27:13.362  4725  4725 I DevFeatureConfig: Gif candidate disabled by Phenotype
02-28 07:27:13.363  4725  6436 I Superpacks: Requesting packs for federatedc2q with slices: []
02-28 07:27:13.376  4725  6436 I Superpacks: Sync for 'federatedc2q' succeeded, result: {old=[], new=[], last batch=true}
02-28 07:27:13.377  4725  6436 I Superpacks: Opening packs for federatedc2q
02-28 07:27:13.379  4725  6436 I FederatedC2QExtension: Got no packs for locale: el
02-28 07:27:13.708  6115   669 E ctxmgr  : [AppIntervalImpl]closeInterval: ongoing
02-28 07:27:13.828   519  4141 I chatty  : uid=1006(camera) mm-qcamera-daem expire 1 line
02-28 07:27:13.843   897   975 I DisplayPowerController: Blocking screen off
02-28 07:27:13.844   897   975 I DisplayPowerController: Unblocked screen off after 1 ms
02-28 07:27:13.851   897   975 D sensors_hal_SMGR: enable:sensor(android.sensor.light) Deactivating sensor handle=1
02-28 07:27:13.857   897   975 D sensors_hal_SMGR: SMGRReportDelete: Rcvd success response from request
02-28 07:27:13.858   897   973 I DisplayManagerService: Display device changed state: " ", OFF
02-28 07:27:13.870   488   488 D SurfaceFlinger: Set power mode=0, type=0 flinger=0x7f28c5f000
02-28 07:27:13.871   488   488 D qdhwcomposer: hwc_setPowerMode: Setting mode 0 on display: 0
02-28 07:27:13.872   897  1425 I InputReader: Reconfiguring input devices.  changes=0x00000004
02-28 07:27:13.890  6032  6032 W Camera2-Parameters: initialize: Camera 1: Unknown preview format: 24
02-28 07:27:13.890  6032  6032 W Camera2-Parameters: initialize: Camera 1: Unknown preview format: 25
02-28 07:27:13.895  6032  6032 I Camera2-Parameters: initialize: allowZslMode: 0 slowJpegMode 0
02-28 07:27:13.909 31908  4175 D FULPreview: Selected fps range: 2000->30000
02-28 07:27:13.916  6032 10782 I QCamera3HWI: int qcamera::QCamera3HardwareInterface::configureStreams(camera3_stream_configuration_t*): Limited maxViewfinderSize to 2047x1536
02-28 07:27:13.916  6032 10782 I QCamera3HWI: int qcamera::QCamera3HardwareInterface::configureStreams(camera3_stream_configuration_t*): stream[0] type = 0, format = 34, width = 320, height = 240
02-28 07:27:13.916  6032 10782 I QCamera3HWI: int qcamera::QCamera3HardwareInterface::configureStreams(camera3_stream_configuration_t*): stream[1] type = 0, format = 33, width = 320, height = 240
02-28 07:27:13.916  6032 10782 I QCamera3HWI: int qcamera::QCamera3HardwareInterface::configureStreams(camera3_stream_configuration_t*): stream[2] type = 0, format = 35, width = 320, height = 240
02-28 07:27:13.917   519  4154 I chatty  : uid=1006(camera) mm-qcamera-daem expire 230 lines
02-28 07:27:13.919  6032 10782 E mm-camera-intf: mm_stream_get_v4l2_fmt: Unknown fmt=100
02-28 07:27:13.944  6032 10782 D mm-jpeg-intf: Max picture size 3264 x 2448, WorkBufSize = 12220416
02-28 07:27:13.949  6032 10782 I qomx_image_core: OMX_Init:95] Complete 3
02-28 07:27:13.950  6032 10782 E Camera3-Device: configureStreams: Stream 1: DataSpace override not allowed for format 0x21
02-28 07:27:13.950  6032 10782 E Camera3-Device: configureStreams: Stream 2: DataSpace override not allowed for format 0x23
02-28 07:27:13.953  6032 10782 D Camera3-Device: Set real time priority for request queue thread (tid 4164)
02-28 07:27:13.965  6032  4164 I QCamera3HWI: int32_t qcamera::QCamera3HardwareInterface::getSensorOutputSize(cam_dimension_t&): sensor output dimension = 3264 x 2448
02-28 07:27:13.965  6032  4164 I QCamera3CropRegionMapper: void qcamera::QCamera3CropRegionMapper::update(uint32_t, uint32_t, uint32_t, uint32_t): active_array: 3264 x 2448, sensor size 3264 x 2448
02-28 07:27:14.042   519  4144 I chatty  : uid=1006(camera) mm-qcamera-daem expire 17 lines
02-28 07:27:14.086   519  4108 I chatty  : uid=1006(camera) mm-qcamera-daem expire 28 lines
02-28 07:27:14.089   519  4193 I chatty  : uid=1006(camera) mm-qcamera-daem expire 1 line
02-28 07:27:14.112   519  4187 I chatty  : uid=1006(camera) mm-qcamera-daem expire 13 lines
02-28 07:27:14.114   519  4119 I chatty  : uid=1006(camera) mm-qcamera-daem expire 6 lines
02-28 07:27:14.115   519  4118 I chatty  : uid=1006(camera) mm-qcamera-daem expire 11 lines
02-28 07:27:14.122   488   784 I qdhwcomposer: handle_blank_event: dpy:0 panel power state: 0
02-28 07:27:14.135   488   488 D qdhwcomposer: hwc_setPowerMode: Done setting mode 0 on display 0
02-28 07:27:14.135   897  4692 D SurfaceControl: Excessive delay in setPowerMode()
02-28 07:27:14.136   897  4692 I QCOM PowerHAL: Got set_interactive hint
02-28 07:27:14.146   506 21542 D audio_hw_primary: adev_set_parameters: enter: screen_state=off
02-28 07:27:14.161  4725  4725 I GoogleInputMethod: onReceive() : Action = android.intent.action.SCREEN_OFF
02-28 07:27:14.196   519  4199 I chatty  : uid=1006(camera) mm-qcamera-daem expire 1 line
02-28 07:27:14.213   519  4156 I chatty  : uid=1006(camera) mm-qcamera-daem expire 5 lines
02-28 07:27:14.221   519  4126 I chatty  : uid=1006(camera) mm-qcamera-daem expire 1 line
02-28 07:27:14.228  6150  6150 D BrcmNfcJni: nfcManager_doSetScreenState: state = 2 discovry_param = 1
02-28 07:27:14.254  6233  6233 I droid.launcher3: type=1400 audit(0.0:668): avc: denied { write } for name="seempdw" dev="tmpfs" ino=36974 scontext=u:r:system_app:s0 tcontext=u:object_r:socket_device:s0 tclass=file permissive=1
02-28 07:27:14.288 31908 31908 D FULFaceLockEventLog: --------------------------------------------------
02-28 07:27:14.288 31908 31908 D FULFaceLockEventLog: Wrote log event: 
02-28 07:27:14.291 31908 31908 D FULFaceLockEventLog:  - status: STATUS_TERMINATED
02-28 07:27:14.291 31908 31908 D FULFaceLockEventLog:  - frame size: 0x0
02-28 07:27:14.291 31908 31908 D FULFaceLockEventLog:  - timing:
02-28 07:27:14.291 31908 31908 D FULFaceLockEventLog:    - camera startup time (ms): 0
02-28 07:27:14.291 31908 31908 D FULFaceLockEventLog:    - initialization time (ms): 31
02-28 07:27:14.291 31908 31908 D FULFaceLockEventLog:    - time to ready (ms): 0
02-28 07:27:14.291 31908 31908 D FULFaceLockEventLog:    - detection time (ms): 0
02-28 07:27:14.291 31908 31908 D FULFaceLockEventLog:    - recognition time (ms): 0
02-28 07:27:14.291 31908 31908 D FULFaceLockEventLog:    - end-to-end time (ms): 1088
02-28 07:27:14.291 31908 31908 D FULFaceLockEventLog:  - average pixel intensity: 0
02-28 07:27:14.292 31908 31908 D FULFaceLockEventLog:  - num black frames: 0
02-28 07:27:14.292 31908 31908 D FULFaceLockEventLog:  - num frames processed: 0
02-28 07:27:14.292 31908 31908 D FULFaceLockEventLog:  - highest detection confidence: 0.0
02-28 07:27:14.292 31908 31908 D FULFaceLockEventLog:  - highest recognition confidence: 0.0
02-28 07:27:14.292 31908 31908 D FULFaceLockEventLog:  - detection confidence at recognition: 0.0
02-28 07:27:14.292 31908 31908 D FULFaceLockEventLog:  - best frame num faces: 0
02-28 07:27:14.292 31908 31908 D FULFaceLockEventLog:  - gallery statistics:
02-28 07:27:14.292 31908 31908 D FULFaceLockEventLog:    - num additional enrollments: 1
02-28 07:27:14.292 31908 31908 D FULFaceLockEventLog:    - self-similarity mean: 0.9153224
02-28 07:27:14.292 31908 31908 D FULFaceLockEventLog:    - self-similarity variance: 7.481447E-4
02-28 07:27:14.292 31908 31908 D FULFaceLockEventLog: --------------------------------------------------
02-28 07:27:14.309  6032  8459 E mm-camera-intf: mm_camera_poll_thread_del_poll_fd: invalid handler 150784 (0)
02-28 07:27:14.403   519  4120 I chatty  : uid=1006(camera) mm-qcamera-daem expire 2 lines
02-28 07:27:14.419   519  4188 I chatty  : uid=1006(camera) mm-qcamera-daem expire 12 lines
02-28 07:27:14.440  6032  8459 W Camera2Client: notifyError: Received recoverable error 5 from HAL - ignoring, requestId 10000001
02-28 07:27:14.440  6032  8459 W Camera3-OutputStream: A frame is dropped for stream 0
02-28 07:27:14.440  6032  8459 W Camera2Client: notifyError: Received recoverable error 5 from HAL - ignoring, requestId 10000001
02-28 07:27:14.441  6032  8459 W Camera2Client: notifyError: Received recoverable error 5 from HAL - ignoring, requestId 10000001
02-28 07:27:14.441  6032  8459 W Camera3-OutputStream: A frame is dropped for stream 2
02-28 07:27:14.441  6032  8459 W Camera3-OutputStream: A frame is dropped for stream 0
02-28 07:27:14.441  6032  8459 W Camera2Client: notifyError: Received recoverable error 3 from HAL - ignoring, requestId 10000001
02-28 07:27:14.441  6032  8459 W Camera3-OutputStream: A frame is dropped for stream 2
02-28 07:27:14.441  6032  8459 W Camera3-OutputStream: A frame is dropped for stream 0
02-28 07:27:14.442  6032  8459 W Camera2Client: notifyError: Received recoverable error 3 from HAL - ignoring, requestId 10000001
02-28 07:27:14.442  6032  8459 W Camera3-OutputStream: A frame is dropped for stream 2
02-28 07:27:14.442  6032  8459 W Camera3-OutputStream: A frame is dropped for stream 0
02-28 07:27:14.518  4745  3193 I chatty  : uid=10029(com.android.systemui) Thread-3924 expire 1 line
02-28 07:27:14.571   519  4206 I chatty  : uid=1006(camera) mm-qcamera-daem expire 5 lines
02-28 07:27:14.690  6032 10782 E QCamera3Channel: virtual int32_t qcamera::QCamera3Channel::stop(): Attempt to stop inactive channel
02-28 07:27:14.692  6032 10782 E mm-camera-intf: mm_camera_poll_thread_del_poll_fd: invalid handler 150784 (0)
02-28 07:27:14.740  4745  4745 I chatty  : uid=10029(com.android.systemui) expire 2 lines
02-28 07:27:14.742   506 21974 D audio_hw_primary: adev_open_input_stream: enter: sample_rate(11025) channel_mask(0x10) devices(0x80000080)        stream_handle(0xe30d4840) io_handle(5038) source(5)
02-28 07:27:14.744   506  4214 I AudioFlinger: AudioFlinger's thread 0xe0e24580 tid=4214 ready to run
02-28 07:27:14.745   506  4214 D audio_hw_primary: in_standby: enter: stream (0xe30d4840) usecase(16: audio-record)
02-28 07:27:14.747   506  4214 D audio_hw_primary: in_standby: enter: stream (0xe30d4840) usecase(16: audio-record)
02-28 07:27:14.760   506  4214 D audio_hw_primary: in_set_parameters: enter: kvpairs=input_source=5;routing=-2147483520
02-28 07:27:14.763  4745  4215 I chatty  : uid=10029(com.android.systemui) expire 1 line
02-28 07:27:14.765   506  4216 D audio_hw_primary: start_input_stream: enter: stream(0xe30d4840)usecase(16: audio-record)
02-28 07:27:14.766   506  4216 E audio_hw_extn: audio_extn_perf_lock_acquire: Failed to acquire perf lock, err: -1
02-28 07:27:14.766   506  4216 D audio_hw_primary: select_devices: out_snd_device(0: ) in_snd_device(62: camcorder-mic)
02-28 07:27:14.766   506  4216 D hardware_info: hw_info_append_hw_type : device_name = camcorder-mic
02-28 07:27:14.766   506  4216 D audio_hw_primary: enable_snd_device: snd_device(62: camcorder-mic)
02-28 07:27:14.766   506  4216 D audio_route: Apply path: camcorder-mic
02-28 07:27:14.774   506  4216 D ACDB-LOADER: ACDB -> send_audio_cal, acdb_id = 4, path =  1
02-28 07:27:14.774   506  4216 D ACDB-LOADER: ACDB -> send_asm_topology
02-28 07:27:14.774   506  4216 D ACDB-LOADER: ACDB -> ACDB_CMD_GET_AUDPROC_STREAM_TOPOLOGY_ID
02-28 07:27:14.774   506  4216 D ACDB-LOADER: ACDB -> send_adm_topology
02-28 07:27:14.774   506  4216 D ACDB-LOADER: ACDB -> ACDB_CMD_GET_AUDPROC_COMMON_TOPOLOGY_ID
02-28 07:27:14.774   506  4216 D ACDB-LOADER: ACDB -> send_audtable
02-28 07:27:14.774   506  4216 D ACDB-LOADER: ACDB -> ACDB_CMD_GET_AUDPROC_COMMON_TABLE
02-28 07:27:14.774   506  4216 D ACDB-LOADER: ACDB -> AUDIO_SET_AUDPROC_CAL
02-28 07:27:14.774   506  4216 D ACDB-LOADER: ACDB -> send_audvoltable
02-28 07:27:14.775   506  4216 D ACDB-LOADER: ACDB -> ACDB_CMD_GET_AUDPROC_GAIN_DEP_STEP_TABLE
02-28 07:27:14.775   506  4216 D         : Failed to fetch the lookup information of the device 00000004 
02-28 07:27:14.775   506  4216 E ACDB-LOADER: Error: ACDB AudProc vol returned = -19
02-28 07:27:14.775   506  4216 D ACDB-LOADER: ACDB -> AUDIO_SET_AUDPROC_VOL_CAL
02-28 07:27:14.775   506  4216 D ACDB-LOADER: ACDB -> send_afe_cal
02-28 07:27:14.775   506  4216 D ACDB-LOADER: ACDB -> ACDB_CMD_GET_AFE_COMMON_TABLE
02-28 07:27:14.775   506  4216 D         : Failed to fetch the lookup information of the device 00000004 
02-28 07:27:14.775   506  4216 E ACDB-LOADER: Error: ACDB AFE returned = -19
02-28 07:27:14.775   506  4216 D ACDB-LOADER: ACDB -> AUDIO_SET_AFE_CAL
02-28 07:27:14.775   506  4216 D ACDB-LOADER: ACDB -> send_hw_delay : acdb_id = 4 path = 1
02-28 07:27:14.775   506  4216 D ACDB-LOADER: ACDB -> ACDB_AVSYNC_INFO: ACDB_CMD_GET_DEVICE_PROPERTY
02-28 07:27:14.775   506  4216 D audio_hw_primary: enable_audio_route: apply mixer and update path: audio-record
02-28 07:27:14.775   506  4216 D audio_route: Apply path: audio-record
02-28 07:27:14.776   506  4216 D audio_hw_primary: select_devices: done
02-28 07:27:14.814  6032 10782 E QCamera3Channel: virtual int32_t qcamera::QCamera3Channel::stop(): Attempt to stop inactive channel
02-28 07:27:14.841   519  4207 I chatty  : uid=1006(camera) mm-qcamera-daem expire 12 lines
02-28 07:27:14.846   506  4216 E audio_hw_extn: audio_extn_perf_lock_release: Perf lock release error 
02-28 07:27:14.847   506  4216 D audio_hw_primary: start_input_stream: exit
02-28 07:27:14.901   519  4144 I chatty  : uid=1006(camera) mm-qcamera-daem expire 4 lines
02-28 07:27:14.902   519  4154 I chatty  : uid=1006(camera) mm-qcamera-daem expire 88 lines
02-28 07:27:14.986   519  4221 I chatty  : uid=1006(camera) mm-qcamera-daem expire 6 lines
02-28 07:27:14.991   519  4119 I chatty  : uid=1006(camera) mm-qcamera-daem expire 2 lines
02-28 07:27:15.103   519  4108 I chatty  : uid=1006(camera) mm-qcamera-daem expire 10 lines
02-28 07:27:15.203  6032 10782 I CameraLatencyHistogram: Stream 0 dequeueBuffer latency histogram (4) samples:
02-28 07:27:15.203  6032 10782 I CameraLatencyHistogram:         5     10     15     20     25     30     35     40     45    inf (max ms)
02-28 07:27:15.203  6032 10782 I CameraLatencyHistogram:      100.00   0.00   0.00   0.00   0.00   0.00   0.00   0.00   0.00   0.00 (%)
02-28 07:27:15.205  6032 10782 I CameraLatencyHistogram: Stream 2 dequeueBuffer latency histogram (4) samples:
02-28 07:27:15.205  6032 10782 I CameraLatencyHistogram:         5     10     15     20     25     30     35     40     45    inf (max ms)
02-28 07:27:15.205  6032 10782 I CameraLatencyHistogram:      100.00   0.00   0.00   0.00   0.00   0.00   0.00   0.00   0.00   0.00 (%)
02-28 07:27:15.206  6032 10782 I Camera3-Device: disconnect: E
02-28 07:27:15.207  6032 10782 I CameraLatencyHistogram: ProcessCaptureRequest latency histogram (4) samples:
02-28 07:27:15.207  6032 10782 I CameraLatencyHistogram:        40     80    120    160    200    240    280    320    360    inf (max ms)
02-28 07:27:15.207  6032 10782 I CameraLatencyHistogram:      25.00   25.00   25.00   0.00   0.00   0.00   25.00   0.00   0.00   0.00 (%)
02-28 07:27:15.208  6032 10782 E QCamera3Channel: virtual int32_t qcamera::QCamera3Channel::stop(): Attempt to stop inactive channel
02-28 07:27:15.209  6032 10782 E mm-camera-intf: mm_camera_poll_thread_del_poll_fd: invalid handler 150784 (0)
02-28 07:27:15.225   519  4118 I chatty  : uid=1006(camera) mm-qcamera-daem expire 7 lines
02-28 07:27:15.296  6032 10782 E QCamera3Channel: virtual int32_t qcamera::QCamera3Channel::stop(): Attempt to stop inactive channel
02-28 07:27:15.302   519  4120 I chatty  : uid=1006(camera) mm-qcamera-daem expire 2 lines
02-28 07:27:15.335   519  4223 I chatty  : uid=1006(camera) mm-qcamera-daem expire 12 lines
02-28 07:27:15.357  6032 10782 E QCamera3Channel: virtual qcamera::QCamera3Channel::~QCamera3Channel(): deleting channel 150018
02-28 07:27:15.357  6032 10782 E QCamera3Channel: virtual int32_t qcamera::QCamera3PicChannel::stop(): Attempt to stop inactive channel
02-28 07:27:15.359  6032 10782 I qomx_image_core: OMX_Deinit:119] Complete
02-28 07:27:15.378  6032 10782 E QCamera3Channel: virtual qcamera::QCamera3Channel::~QCamera3Channel(): deleting channel 150531
02-28 07:27:15.382  6032 10782 E QCamera3Channel: virtual qcamera::QCamera3Channel::~QCamera3Channel(): deleting channel 149505
02-28 07:27:15.387  6032 10782 E QCamera3Channel: virtual qcamera::QCamera3Channel::~QCamera3Channel(): deleting channel 151044
02-28 07:27:15.405  6032 10782 E QCamera3Channel: virtual qcamera::QCamera3Channel::~QCamera3Channel(): deleting channel 148992
02-28 07:27:15.412   519   519 I chatty  : uid=1006(camera) mm-qcamera-daem expire 57 lines
02-28 07:27:15.413  6032 10782 I Camera3-Device: disconnect: X
02-28 07:27:15.414  6032 10782 I Camera3-Device: disconnect: E
02-28 07:27:15.415   519  4156 I chatty  : uid=1006(camera) mm-qcamera-daem expire 1 line
02-28 07:27:15.419  6032 10782 I CameraService: onTorchStatusChangedLocked: Torch status changed for cameraId=0, newStatus=1
02-28 07:27:15.420  6032 10782 I CameraService: disconnect: Disconnected client for camera 1 for PID 31908
02-28 07:27:15.422  6032  8459 I Camera2Client: Camera 1: Closed
02-28 07:27:15.424  6032  8459 I Camera2ClientBase: Closed Camera 1. Client was: com.android.facelock (PID 31908, UID 10022)
02-28 07:27:15.425   514  5099 D NuPlayerDriver: reset(0xe5e440e0) at state 4
02-28 07:27:15.426   514  5099 D NuPlayerDriver: notifyListener_l(0xe5e440e0), (8, 0, 0, -1), loop setting(0, 0)
02-28 07:27:15.426   514  4094 D NuPlayerDriver: notifyResetComplete(0xe5e440e0)
02-28 07:27:15.430   514   514 D NuPlayerDriver: reset(0xe5e448c0) at state 4
02-28 07:27:15.430   514   514 D NuPlayerDriver: notifyListener_l(0xe5e448c0), (8, 0, 0, -1), loop setting(0, 0)
02-28 07:27:15.431   514  4098 D NuPlayerDriver: notifyResetComplete(0xe5e448c0)
02-28 07:27:15.433   514   514 D NuPlayerDriver: reset(0xe5e44af0) at state 4
02-28 07:27:15.433   514   514 D NuPlayerDriver: notifyListener_l(0xe5e44af0), (8, 0, 0, -1), loop setting(0, 0)
02-28 07:27:15.435   514  4100 D NuPlayerDriver: notifyResetComplete(0xe5e44af0)
02-28 07:27:15.438   519  4228 I chatty  : uid=1006(camera) mm-qcamera-daem expire 3 lines
02-28 07:27:15.443   519  4231 I chatty  : uid=1006(camera) mm-qcamera-daem expire 2 lines
02-28 07:27:15.444   519  4232 I chatty  : uid=1006(camera) mm-qcamera-daem expire 3 lines
02-28 07:27:15.446   519  4233 I chatty  : uid=1006(camera) mm-qcamera-daem expire 4 lines
02-28 07:27:15.452   519  4234 I chatty  : uid=1006(camera) mm-qcamera-daem expire 4 lines
02-28 07:27:15.457   519  4235 I chatty  : uid=1006(camera) mm-qcamera-daem expire 3 lines
02-28 07:27:15.467   519  4141 I chatty  : uid=1006(camera) mm-qcamera-daem expire 1 line
02-28 07:27:15.613  6115  6128 I zygote64: Background concurrent copying GC freed 134853(5MB) AllocSpace objects, 14(728KB) LOS objects, 50% free, 9MB/19MB, paused 163us total 181.163ms
02-28 07:27:15.775   897  1425 I PowerManagerService: Waking up from sleep (uid=1000 reason=android.policy:KEY)...
02-28 07:27:15.776   897   975 I DisplayPowerController: Blocking screen on until initial contents have been drawn.
02-28 07:27:15.778   897   975 D sensors_hal_SMGR: batch:sensor(android.sensor.light) sample_rate=5.000000Hz report_rate_f=0.000000Hz curr sample rate:5.000000 cur rpt rate:0 max:5.000000 min:5.000000
02-28 07:27:15.778   897   975 D sensors_hal_SMGR: enable:sensor(android.sensor.light) handle 1, freq=5.000000 report_rate=0 batched=0
02-28 07:27:15.778   897   975 D sensors_hal_SMGR: SMGRPrepareAddMsg sample_rate 5.000000 report_rate 327680 subhz_sample_rate_ms 0 sample_rate_hz 5
02-28 07:27:15.778   897   975 D sensors_hal_SMGR: SMGRPrepareAddMsg:sensor android.sensor.light 
02-28 07:27:15.785   897   975 D sensors_hal_SMGR: SMGRReportAdd: Received Response: 0
02-28 07:27:15.788   897  4692 I QCOM PowerHAL: Got set_interactive hint
02-28 07:27:15.789   506   596 D audio_hw_primary: adev_set_parameters: enter: screen_state=on
02-28 07:27:15.789   488   488 D SurfaceFlinger: Set power mode=2, type=0 flinger=0x7f28c5f000
02-28 07:27:15.789   488   488 D qdhwcomposer: hwc_setPowerMode: Setting mode 2 on display: 0
02-28 07:27:15.790   897   973 I DisplayManagerService: Display device changed state: " ", ON
02-28 07:27:15.802  4725  4725 I GoogleInputMethod: onFinishInputView() : Dummy InputConnection bound
02-28 07:27:15.802  4725  4725 I PhenotypeExpConfig: refreshConfiguration() : Force = false : UpdateAvailable = false : Age = 36 minutes : MaxAge = 720 minutes
02-28 07:27:15.805   897  1425 I InputReader: Reconfiguring input devices.  changes=0x00000004
02-28 07:27:15.806  4725  4725 I GoogleInputMethod: onFinishInput() : Dummy InputConnection bound
02-28 07:27:15.806  4725  4725 I GoogleInputMethod: onStartInput() : Dummy InputConnection bound
02-28 07:27:15.807  4725  4725 I GoogleInputMethod: onStartInputView() : Dummy InputConnection bound
02-28 07:27:15.822  4725  4725 W Environment: com.bitstrips.imoji is not installed
02-28 07:27:15.822  4725  4725 W VoiceImeTranscriptor: UIME feature enabled: true
02-28 07:27:15.822  4725  4725 I VoiceImeExtension: Voice Extension onStartInputView() Mic status = [MicIconAvailable]
02-28 07:27:15.822  4725  4725 I FederatedC2QExtension: Already registered manifest.
02-28 07:27:15.823  4725  4725 I FederatedC2QExtension: model for el/ranking_20180108 is not yet available
02-28 07:27:15.823  4725  4725 I FederatedC2QExtension: requesting model 'federated_conv2query_triggering_el_ranking_20180108'
02-28 07:27:15.823  4725  4725 I FederatedC2QExtension: no valid model for inferencing found, switching to baseline.
02-28 07:27:15.827  4725  4725 W VoiceImeTranscriptor: UIME feature enabled: true
02-28 07:27:15.832  4725  4725 I EmojiDataExtension: onActivate() : Locale = el
02-28 07:27:15.832  4725  4725 I EmojiSuperpacksFeature: Emoji superpacks enabled
02-28 07:27:15.832  4725  4725 I GifEntryExtension: onActivate()
02-28 07:27:15.832  4725  4725 I DevFeatureConfig: Gif candidate disabled by Phenotype
02-28 07:27:15.833  4745  4745 I chatty  : uid=10029(com.android.systemui) expire 4 lines
02-28 07:27:15.834  4725  4725 I Delight5Facilitator: Cancelling personalized data flush runnable
02-28 07:27:15.836  4725  6436 I Superpacks: Syncing federatedc2q
02-28 07:27:15.838  4725  6436 I Superpacks: Requesting packs for federatedc2q with slices: []
02-28 07:27:15.838  4725  6436 I Superpacks: Sync for 'federatedc2q' succeeded, result: {old=[], new=[], last batch=true}
02-28 07:27:15.843  4725  6436 I Superpacks: Opening packs for federatedc2q
02-28 07:27:15.844  4725  6436 I FederatedC2QExtension: Got no packs for locale: el
02-28 07:27:15.871   897   975 I DisplayPowerController: Unblocked screen on after 94 ms
02-28 07:27:15.874  6150  6150 D BrcmNfcJni: nfcManager_doSetScreenState: state = 4 discovry_param = 1
02-28 07:27:15.958  6032 11019 I CameraService: CameraService::connect call (PID -1 "com.android.facelock", camera ID 1) for HAL version default and Camera API version 1
02-28 07:27:15.960  6032 11019 I CameraService: onTorchStatusChangedLocked: Torch status changed for cameraId=0, newStatus=0
02-28 07:27:15.964   514   593 D NuPlayerDriver: NuPlayerDriver(0xe5e44000) created, clientPid(6032)
02-28 07:27:15.979   420   424 D DrmLibTime: got the req here! ret=0
02-28 07:27:15.979   420   424 D DrmLibTime: command id, time_cmd_id = 770
02-28 07:27:15.979   420   424 D DrmLibTime: time_getutcsec starts!
02-28 07:27:15.979   420   424 D DrmLibTime: QSEE Time Listener: time_getutcsec
02-28 07:27:15.979   420   424 D DrmLibTime: QSEE Time Listener: get_utc_seconds
02-28 07:27:15.979   420   424 D DrmLibTime: QSEE Time Listener: time_get_modem_time
02-28 07:27:15.979   420   424 D DrmLibTime: QSEE Time Listener: Checking if ATS_MODEM is set or not.
02-28 07:27:15.979   420   424 D QC-time-services: Lib:time_genoff_operation: pargs->base = 13
02-28 07:27:15.979   420   424 D QC-time-services: Lib:time_genoff_operation: pargs->operation = 2
02-28 07:27:15.979   420   424 D QC-time-services: Lib:time_genoff_operation: pargs->ts_val = 0
02-28 07:27:15.980   420   424 D QC-time-services: Lib:time_genoff_operation: Send to server  passed!!
02-28 07:27:15.980   520   571 D QC-time-services: Daemon: Connection accepted:time_genoff
02-28 07:27:15.981   520  4288 D QC-time-services: Daemon:Received base = 13, unit = 1, operation = 2,value = 0
02-28 07:27:15.981   520  4288 D QC-time-services: Daemon:genoff_opr: Base = 13, val = 0, operation = 2
02-28 07:27:15.981   520  4288 D QC-time-services: offset is: 1 for base: 13
02-28 07:27:15.981   420   424 E QC-time-services: Receive Passed == base = 13, unit = 1, operation = 2, result = 0
02-28 07:27:15.981   420   424 D DrmLibTime: QSEE Time Listener: ATS_MODEM is set. Try to retrieve it.
02-28 07:27:15.981   520   571 E QC-time-services: Daemon: Time-services: Waiting to acceptconnection
02-28 07:27:15.981   520   571 D QC-time-services: Daemon: Connection accepted:time_genoff
02-28 07:27:15.982   520  4289 D QC-time-services: Daemon:Received base = 13, unit = 1, operation = 1,value = 0
02-28 07:27:15.982   520  4289 D QC-time-services: Daemon:genoff_opr: Base = 13, val = 0, operation = 1
02-28 07:27:15.982   520  4289 D QC-time-services: Daemon: genoff get for 13
02-28 07:27:15.982   520  4289 D QC-time-services: Daemon:rtc_get: Time read from RTC -- MM/DD/YY HH:MM:SS0/1/115 16:12:9
02-28 07:27:15.982   520  4289 D QC-time-services: Daemon:Value read from RTC seconds = 1420128729000
02-28 07:27:15.982   520  4289 D QC-time-services: Daemon:Value read from generic offset = 99666906000
02-28 07:27:15.982   520  4289 D QC-time-services: Daemon:Final Time = 1519795635000
02-28 07:27:15.982   420   424 D DrmLibTime: QSEE Time Listener: Time GenOff - seconds: 1519795635
02-28 07:27:15.982   420   424 D DrmLibTime: time_getutcsec returns 0, sec = 1519795635; nsec = 0
02-28 07:27:15.982   420   424 D DrmLibTime: time_getutcsec finished! 
02-28 07:27:15.982   420   424 D DrmLibTime: iotcl_continue_command finished! and return 0 
02-28 07:27:15.982   420   424 D DrmLibTime: before calling ioctl to read the next time_cmd
02-28 07:27:15.982   520   571 E QC-time-services: Daemon: Time-services: Waiting to acceptconnection
02-28 07:27:15.986   514  4286 D NuPlayerDriver: notifyListener_l(0xe5e44000), (1, 0, 0, -1), loop setting(0, 0)
02-28 07:27:15.997   514  5099 D NuPlayerDriver: NuPlayerDriver(0xe5e440e0) created, clientPid(6032)
02-28 07:27:16.016   514  4290 D NuPlayerDriver: notifyListener_l(0xe5e440e0), (1, 0, 0, -1), loop setting(0, 0)
02-28 07:27:16.018   514  4861 D NuPlayerDriver: NuPlayerDriver(0xe5e447e0) created, clientPid(6032)
02-28 07:27:16.039   514  4292 D NuPlayerDriver: notifyListener_l(0xe5e447e0), (1, 0, 0, -1), loop setting(0, 0)
02-28 07:27:16.040  6032 11019 I Camera2ClientBase: Camera 1: Opened. Client: com.android.facelock (PID 31908, UID 10022)
02-28 07:27:16.050  6032 11019 D vndksupport: Loading /odm/lib/hw/power.msm8992.so from current namespace instead of sphal namespace.
02-28 07:27:16.052   519  4295 I chatty  : uid=1006(camera) mm-qcamera-daem expire 5 lines
02-28 07:27:16.053   519  4296 I chatty  : uid=1006(camera) mm-qcamera-daem expire 2 lines
02-28 07:27:16.055   519  4298 I chatty  : uid=1006(camera) mm-qcamera-daem expire 4 lines
02-28 07:27:16.057   519  4299 I chatty  : uid=1006(camera) mm-qcamera-daem expire 33 lines
02-28 07:27:16.061   519  4300 I chatty  : uid=1006(camera) mm-qcamera-daem expire 4 lines
02-28 07:27:16.063   519  4301 I chatty  : uid=1006(camera) mm-qcamera-daem expire 3 lines
02-28 07:27:16.153   488   784 I qdhwcomposer: handle_blank_event: dpy:0 panel power state: 1
02-28 07:27:16.154   488   488 D qdhwcomposer: hwc_setPowerMode: Done setting mode 2 on display 0
02-28 07:27:16.155   897  4692 D SurfaceControl: Excessive delay in setPowerMode()
02-28 07:27:16.159   897   975 W PowerManagerService: Screen on took 385 ms
02-28 07:27:16.525   519  4320 I chatty  : uid=1006(camera) mm-qcamera-daem expire 1 line
02-28 07:27:16.582  6032 11019 W Camera2-Parameters: initialize: Camera 1: Unknown preview format: 24
02-28 07:27:16.582  6032 11019 W Camera2-Parameters: initialize: Camera 1: Unknown preview format: 25
02-28 07:27:16.588  6032 11019 I Camera2-Parameters: initialize: allowZslMode: 0 slowJpegMode 0
02-28 07:27:16.607 31908  4342 D FULPreview: Selected fps range: 2000->30000
02-28 07:27:16.616  6032  8459 I QCamera3HWI: int qcamera::QCamera3HardwareInterface::configureStreams(camera3_stream_configuration_t*): Limited maxViewfinderSize to 2047x1536
02-28 07:27:16.617  6032  8459 I QCamera3HWI: int qcamera::QCamera3HardwareInterface::configureStreams(camera3_stream_configuration_t*): stream[0] type = 0, format = 34, width = 320, height = 240
02-28 07:27:16.617  6032  8459 I QCamera3HWI: int qcamera::QCamera3HardwareInterface::configureStreams(camera3_stream_configuration_t*): stream[1] type = 0, format = 33, width = 320, height = 240
02-28 07:27:16.617  6032  8459 I QCamera3HWI: int qcamera::QCamera3HardwareInterface::configureStreams(camera3_stream_configuration_t*): stream[2] type = 0, format = 35, width = 320, height = 240
02-28 07:27:16.622   519  4330 I chatty  : uid=1006(camera) mm-qcamera-daem expire 115 lines
02-28 07:27:16.625  6032  8459 E mm-camera-intf: mm_stream_get_v4l2_fmt: Unknown fmt=100
02-28 07:27:16.660  6032  8459 D mm-jpeg-intf: Max picture size 3264 x 2448, WorkBufSize = 12220416
02-28 07:27:16.666  6032  8459 I qomx_image_core: OMX_Init:95] Complete 3
02-28 07:27:16.667  6032  8459 E Camera3-Device: configureStreams: Stream 1: DataSpace override not allowed for format 0x21
02-28 07:27:16.667  6032  8459 E Camera3-Device: configureStreams: Stream 2: DataSpace override not allowed for format 0x23
02-28 07:27:16.674  6032  8459 D Camera3-Device: Set real time priority for request queue thread (tid 4336)
02-28 07:27:16.689  6032  4336 I QCamera3HWI: int32_t qcamera::QCamera3HardwareInterface::getSensorOutputSize(cam_dimension_t&): sensor output dimension = 3264 x 2448
02-28 07:27:16.689  6032  4336 I QCamera3CropRegionMapper: void qcamera::QCamera3CropRegionMapper::update(uint32_t, uint32_t, uint32_t, uint32_t): active_array: 3264 x 2448, sensor size 3264 x 2448
02-28 07:27:16.805   519  4323 I chatty  : uid=1006(camera) mm-qcamera-daem expire 3 lines
02-28 07:27:16.813   519  4323 E mm-camera-CORE: aec_set_crop:333  aec_set_crop: Aec_Error: VFE crop info received is null
02-28 07:27:16.817   519  4330 E mm-camera: iface_util_io_cfg: 6428is_split 0
02-28 07:27:16.822   519  4330 E mm-camera-isp2: scaler44_handle_isp_private_event:1599 failed: invalid private event 17
02-28 07:27:16.822   519  4330 E mm-camera-isp2: scaler44_handle_isp_private_event:1599 failed: invalid private event 17
02-28 07:27:16.823   519  4330 E mm-camera-isp2: bpc44_run_abcc_algo:212 No defective pixels set by sensor event
02-28 07:27:16.823   519  4330 E mm-camera-isp2: isp_sub_module_port_process_downstream_ctrl_event:946 failed: mct event 1 int_event 0
02-28 07:27:16.829   519  4330 E mm-camera-img: faceproc_comp_get_param:299] Error
02-28 07:27:16.830   519  4330 E mm-camera: module_faceproc_client_use_int_bufs:792] rc -4
02-28 07:27:16.834   519  4330 E mm-camera-isp2: bg_stats44_trigger_update:388 bg_rgn_width 51 bg_rgn_height 51
02-28 07:27:16.834   519  4330 E mm-camera-isp2: be_stats44_trigger_update:449 failed Denomitor is zero hnum 0 vnum 0
02-28 07:27:16.835   519  4330 E mm-camera-isp2: scaler44_handle_isp_private_event:1599 failed: invalid private event 17
02-28 07:27:16.835   519  4330 E mm-camera-isp2: scaler44_handle_isp_private_event:1599 failed: invalid private event 17
02-28 07:27:16.855   519  4330 E mm-camera: sensor_set_start_stream:1354set preview tune for LGE Camera app, isVT = 0
02-28 07:27:16.855   519  4330 D mm-camera: mct: start_sof_check_thread: Starting SOF timeout thread, timeout 5000000000
02-28 07:27:16.857   519  4330 D mm-camera: mct: mct_pipeline_process_set: STREAM-ON success for stream 0x20005, stream type=11
02-28 07:27:16.861   519  4330 D mm-camera: mct: mct_pipeline_process_set:command=8000008
02-28 07:27:16.861   519  4330 D mm-camera: mct: mct_pipeline_process_set: STREAM-ON on stream 0x20003 stream type=1
02-28 07:27:16.861   519  4330 E mm-camera: iface_sink_port_stream_config: port state = 3, skip set stream config
02-28 07:27:16.862   519  4330 E mm-camera-isp2: scaler44_handle_isp_private_event:1599 failed: invalid private event 17
02-28 07:27:16.862   519  4297 E mm-camera: iface_util_update_streamon_id:skip, hw stream state = 3, hw stream id = 10002, mct streamon id = 5
02-28 07:27:16.862   519  4330 E mm-camera-isp2: scaler44_handle_isp_private_event:1599 failed: invalid private event 17
02-28 07:27:16.862   519  4297 E mm-camera: iface_util_add_user_stream_to_hw_stream: hw stream already streaming. hw stream id 10002, is_share_hw_stream?0
02-28 07:27:16.865   519  4360 I mm-camera-eztune: vendor/qcom/proprietary/mm-camera/mm-camera2/server-tuning/tuning/eztune_process.cpp(445): "EZTune: ResumeTuningSession applying 0 items"
02-28 07:27:16.867   519  4330 D mm-camera: mct: mct_pipeline_process_set: STREAM-ON success for stream 0x20003, stream type=1
02-28 07:27:16.872   519  4330 D mm-camera: mct: mct_pipeline_process_set:command=8000008
02-28 07:27:16.872   519  4330 D mm-camera: mct: mct_pipeline_process_set: STREAM-ON on stream 0x20004 stream type=3
02-28 07:27:16.872   519  4330 E mm-camera: iface_sink_port_stream_config: port state = 3, skip set stream config
02-28 07:27:16.873   519  4330 E mm-camera-isp2: scaler44_handle_isp_private_event:1599 failed: invalid private event 17
02-28 07:27:16.873   519  4330 E mm-camera-isp2: scaler44_handle_isp_private_event:1599 failed: invalid private event 17
02-28 07:27:16.886   519  4354 E mm-camera: iface_util_broadcast_sof_msg_to_modules: E, session_d 2, stream_id 4 sof_cnt 1
02-28 07:27:16.887   519  4323 E mm-camera-CORE: aec_process_pack_stats_config:7328  aec_process_pack_stats_config invalid inputs to translate dimensions for  fov 2 camif 
02-28 07:27:16.890   519  4302 E mm-camera-isp2: be_stats44_stats_config_validate:623 Invalid BG from 3A h_num = 0, v_num = 0
02-28 07:27:16.890   519  4302 E mm-camera-isp2: 
02-28 07:27:16.890   519  4302 E mm-camera-isp2: bhist_stats44_stats_config_validate:363 Invalid BG from 3A h_num = 0, v_num = 0
02-28 07:27:16.890   519  4302 E mm-camera-isp2: 
02-28 07:27:16.890   519  4304 E mm-camera-isp2: scaler44_handle_isp_private_event:1599 failed: invalid private event 17
02-28 07:27:16.890   519  4304 E mm-camera-isp2: scaler44_handle_isp_private_event:1599 failed: invalid private event 17
02-28 07:27:16.891   519  4302 E mm-camera-isp2: bg_stats44_trigger_update:388 bg_rgn_width 51 bg_rgn_height 51
02-28 07:27:16.919   519  4354 E mm-camera: iface_util_broadcast_sof_msg_to_modules: E, session_d 2, stream_id 4 sof_cnt 2
02-28 07:27:16.953   519  4297 E mm-camera: iface_ispif_get_cfg_params_from_hw_streams: interface 0 already active
02-28 07:27:16.953   519  4330 D mm-camera: mct: mct_pipeline_process_set: STREAM-ON success for stream 0x20004, stream type=3
02-28 07:27:16.956   519  4330 D mm-camera: mct: mct_pipeline_process_set:command=8000008
02-28 07:27:16.956   519  4330 D mm-camera: mct: mct_pipeline_process_set: STREAM-ON on stream 0x20002 stream type=5
02-28 07:27:16.956   519  4330 E mm-camera: iface_sink_port_stream_config: port state = 3, skip set stream config
02-28 07:27:16.957   519  4354 E mm-camera: iface_util_broadcast_sof_msg_to_modules: E, session_d 2, stream_id 4 sof_cnt 3
02-28 07:27:16.957   519  4297 E mm-camera: iface_util_update_streamon_id:skip, hw stream state = 3, hw stream id = 10002, mct streamon id = 5
02-28 07:27:16.957   519  4297 E mm-camera: iface_util_add_user_stream_to_hw_stream: hw stream already streaming. hw stream id 10002, is_share_hw_stream?0
02-28 07:27:16.958   519  4330 E mm-camera-isp2: scaler44_handle_isp_private_event:1599 failed: invalid private event 17
02-28 07:27:16.958   519  4330 E mm-camera-isp2: scaler44_handle_isp_private_event:1599 failed: invalid private event 17
02-28 07:27:16.963   519  4366 I mm-camera-eztune: vendor/qcom/proprietary/mm-camera/mm-camera2/server-tuning/tuning/eztune_process.cpp(445): "EZTune: ResumeTuningSession applying 0 items"
02-28 07:27:16.968   519  4330 D mm-camera: mct: mct_pipeline_process_set: STREAM-ON success for stream 0x20002, stream type=5
02-28 07:27:16.985   519  4354 E mm-camera: iface_util_broadcast_sof_msg_to_modules: E, session_d 2, stream_id 4 sof_cnt 4
02-28 07:27:16.989   519  4331 E mm-camera: iface_set_super_param:2360 store q_idx 0
02-28 07:27:16.990   519  4331 E mm-camera: module_sensor_set_parm_led_mode:130failed NULL pointer detected led_module_params->func_tbl.process
02-28 07:27:16.990   519  4331 E mm-camera: module_sensor_event_control_set_parm:4965failed: module_sensor_set_parm_led_mode
02-28 07:27:16.990   519  4318 E mm-camera-sensor: sensor_process_thread_message:103sensor_process_thread_message: task took 0 ms
02-28 07:27:16.994   519  4302 E mm-camera-isp2: be_stats44_stats_config_validate:623 Invalid BG from 3A h_num = 0, v_num = 0
02-28 07:27:16.994   519  4302 E mm-camera-isp2: 
02-28 07:27:16.994   519  4302 E mm-camera-isp2: bhist_stats44_stats_config_validate:363 Invalid BG from 3A h_num = 0, v_num = 0
02-28 07:27:16.994   519  4302 E mm-camera-isp2: 
02-28 07:27:16.994   519  4302 E mm-camera-isp2: bg_stats44_trigger_update:388 bg_rgn_width 51 bg_rgn_height 51
02-28 07:27:16.994   519  4302 E mm-camera-isp2: be_stats44_trigger_update:419 Be stats ROI width > sensor height 2448
02-28 07:27:17.021  1387  1406 W Notification: Use of stream types is deprecated for operations other than volume control
02-28 07:27:17.021  1387  1406 W Notification: See the documentation of setSound() for what to use instead with android.media.AudioAttributes to qualify your playback use case
02-28 07:27:17.022   519  4354 E mm-camera: iface_util_broadcast_sof_msg_to_modules: E, session_d 2, stream_id 4 sof_cnt 5
02-28 07:27:17.023   519  4331 E mm-camera: iface_util_set_hfr: can't find hw stream, only save hfr mode
02-28 07:27:17.028   897  6253 W VibratorService: Failed to perform effect (2), insufficient HAL version
02-28 07:27:17.028   897  6253 E VibratorService: Failed to perform haptic effect: effect=2, strength=1, error=3178024844).
02-28 07:27:17.029   519  4304 E mm-camera-isp2: scaler44_handle_isp_private_event:1599 failed: invalid private event 17
02-28 07:27:17.030   519  4304 E mm-camera-isp2: scaler44_handle_isp_private_event:1599 failed: invalid private event 17
02-28 07:27:17.037   897   897 D ZenLog  : intercepted: 0|com.viber.voip|-100|message|10076,alarmsOnly
02-28 07:27:17.052   519  4354 E mm-camera: iface_util_broadcast_sof_msg_to_modules: E, session_d 2, stream_id 4 sof_cnt 6
02-28 07:27:17.072   897  1087 D sensors_hal_SMGR: processBufferingInd:report(on_change_sensor) eventtype 0
02-28 07:27:17.072   897  1155 D sensors_hal_Ctx: poll:polldata:1, sensor:1, type:5, x:1.000000 y:0.000000 z:0.000000
02-28 07:27:17.102   519  4354 E mm-camera: iface_util_broadcast_sof_msg_to_modules: E, session_d 2, stream_id 4 sof_cnt 7
02-28 07:27:17.108   519  4331 E mm-camera: mct: mct_stream_fill_metadata_v3:2780 Unsupported message type 80
02-28 07:27:17.153   519  4354 E mm-camera: iface_util_broadcast_sof_msg_to_modules: E, session_d 2, stream_id 4 sof_cnt 8
02-28 07:27:17.211   519  4354 E mm-camera: iface_util_broadcast_sof_msg_to_modules: E, session_d 2, stream_id 4 sof_cnt 9
02-28 07:27:17.269   519  4354 E mm-camera: iface_util_broadcast_sof_msg_to_modules: E, session_d 2, stream_id 4 sof_cnt 10
02-28 07:27:17.283 31908 31908 D FULTrustedFaceService: Before camera open to first non-black frame elapsed time (ms): 1325
02-28 07:27:17.334 31908  4284 D FULFaceLockUtil: Using threshold of 0.75
02-28 07:27:17.518  4745  3193 I chatty  : uid=10029(com.android.systemui) Thread-3924 expire 1 line
02-28 07:27:17.536 31908  4284 D FULProcessingThread: comparison time (ms): 251
02-28 07:27:17.536 31908  4284 D FULProcessingThread: Unlock state: UNLOCK_STATE_MAYBE
02-28 07:27:17.627 31908  4284 D FULFaceLockUtil: Using threshold of 0.75
02-28 07:27:17.829 31908  4284 D FULProcessingThread: comparison time (ms): 252
02-28 07:27:17.829 31908  4284 D FULProcessingThread: Unlock state: UNLOCK_STATE_MAYBE
02-28 07:27:17.971 31908  4284 D FULFaceLockUtil: Using threshold of 0.75
02-28 07:27:18.221 31908  4284 D FULProcessingThread: comparison time (ms): 348
02-28 07:27:18.221 31908  4284 D FULProcessingThread: Unlock state: UNLOCK_STATE_MAYBE
02-28 07:27:18.321 31908  4284 D FULFaceLockUtil: Using threshold of 0.75
02-28 07:27:18.475 31908  4284 D FULProcessingThread: comparison time (ms): 189
02-28 07:27:18.476 31908  4284 D FULProcessingThread: Unlock state: UNLOCK_STATE_ALLOW
02-28 07:27:18.485 31908 31908 D FULFaceLockEventLog: --------------------------------------------------
02-28 07:27:18.486 31908 31908 D FULFaceLockEventLog: Wrote log event: 
02-28 07:27:18.486 31908 31908 D FULFaceLockEventLog:  - status: STATUS_SUCCESSFUL_UNLOCK
02-28 07:27:18.486 31908 31908 D FULFaceLockEventLog:  - frame size: 320x240
02-28 07:27:18.486 31908 31908 D FULFaceLockEventLog:  - timing:
02-28 07:27:18.486 31908 31908 D FULFaceLockEventLog:    - camera startup time (ms): 1160
02-28 07:27:18.486 31908 31908 D FULFaceLockEventLog:    - initialization time (ms): 35
02-28 07:27:18.486 31908 31908 D FULFaceLockEventLog:    - time to ready (ms): 1337
02-28 07:27:18.486 31908 31908 D FULFaceLockEventLog:    - detection time (ms): 29
02-28 07:27:18.486 31908 31908 D FULFaceLockEventLog:    - recognition time (ms): 155
02-28 07:27:18.486 31908 31908 D FULFaceLockEventLog:    - end-to-end time (ms): 2536
02-28 07:27:18.486 31908 31908 D FULFaceLockEventLog:  - average pixel intensity: 127
02-28 07:27:18.486 31908 31908 D FULFaceLockEventLog:  - num black frames: 3
02-28 07:27:18.486 31908 31908 D FULFaceLockEventLog:  - num frames processed: 4
02-28 07:27:18.486 31908 31908 D FULFaceLockEventLog:  - highest detection confidence: 0.3326118
02-28 07:27:18.486 31908 31908 D FULFaceLockEventLog:  - highest recognition confidence: 0.7650024
02-28 07:27:18.486 31908 31908 D FULFaceLockEventLog:  - detection confidence at recognition: 0.3326118
02-28 07:27:18.486 31908 31908 D FULFaceLockEventLog:  - best frame num faces: 1
02-28 07:27:18.486 31908 31908 D FULFaceLockEventLog:  - best face meta data:
02-28 07:27:18.486 31908 31908 D FULFaceLockEventLog:    - eye distance (pixels): 41.176456
02-28 07:27:18.486 31908 31908 D FULFaceLockEventLog:    - pan angle (degrees): 8.550848
02-28 07:27:18.486 31908 31908 D FULFaceLockEventLog:    - tilt angle (degrees): 15.474277
02-28 07:27:18.487 31908 31908 D FULFaceLockEventLog:    - roll angle (degrees): -3.6171129
02-28 07:27:18.487 31908 31908 D FULFaceLockEventLog:    - bounding box: (71,181) -> (206,319)
02-28 07:27:18.487 31908 31908 D FULFaceLockEventLog:  - gallery statistics:
02-28 07:27:18.487 31908 31908 D FULFaceLockEventLog:    - num additional enrollments: 1
02-28 07:27:18.487 31908 31908 D FULFaceLockEventLog:    - self-similarity mean: 0.9153224
02-28 07:27:18.487 31908 31908 D FULFaceLockEventLog:    - self-similarity variance: 7.481447E-4
02-28 07:27:18.487 31908 31908 D FULFaceLockEventLog: --------------------------------------------------
02-28 07:27:18.490   519  4330 D mm-camera: mct: mct_pipeline_process_set:command=8000009
02-28 07:27:18.491   519  4330 D mm-camera: mct: mct_pipeline_process_set: STREAM-OFF on stream 0x20003 stream type=1
02-28 07:27:18.491   519  4330 E mm-camera: cpp_module_handle_streamoff_event:3514] iden:0x20003, linked_params:0xe37f3800
02-28 07:27:18.491   519  4330 E mm-camera: cpp_hardware_process_streamoff:731] skip_iden:0x20002, duplicate_stream_status:0xe3df90a4
02-28 07:27:18.493   519  4297 E mm-camera: iface_util_update_streamon_id: left stream on count 2, skip hw streamoff
02-28 07:27:18.493   519  4297 E mm-camera: iface_streamoff: all bundled stream streamoff, clear hal bundled mask
02-28 07:27:18.501   519  4330 D mm-camera: mct: mct_pipeline_process_set: STREAM-OFF success for stream 0x20003, stream type=1
02-28 07:27:18.509  6032  6032 E mm-camera-intf: mm_camera_poll_thread_del_poll_fd: invalid handler 153600 (0)
02-28 07:27:18.513   519  4330 D mm-camera: mct: mct_pipeline_process_set:command=8000009
02-28 07:27:18.513   519  4330 D mm-camera: mct: mct_pipeline_process_set: STREAM-OFF on stream 0x20004 stream type=3
02-28 07:27:18.515  6115  6115 I TrustAgent: [GoogleTrustAgentChimeraService] Trust state changed, trusted: true reason: Successfully authenticated using one time trustlet. Face is trusted.
02-28 07:27:18.526   519  4323 E mm-camera-CORE: AEC_SET_PARAM_RESET_STREAM_INFO: op_mode chanage(AEC_OPERATION_MODE_PREVIEW)
02-28 07:27:18.526   519  4323 E mm-camera-CORE: AEC_SET_PARAM_RESET_STREAM_INFO: op_mode chanage(AEC_OPERATION_MODE_PREVIEW)
02-28 07:27:18.526   519  4323 E mm-camera-CORE: aec_process_pack_stats_config:7328  aec_process_pack_stats_config invalid inputs to translate dimensions for  fov 2 camif 
02-28 07:27:18.605   519  4297 E mm-camera: iface_ispif_get_cfg_params_from_hw_streams: interace 0 active count = 1, skip stop ispif 
02-28 07:27:18.605   519  4297 E mm-camera: iface_streamoff: session_id = 2, active_streams = 1
02-28 07:27:18.605   519  4297 E mm-camera: iface_streamoff: all bundled stream streamoff, clear hal bundled mask
02-28 07:27:18.606   519  4330 D mm-camera: mct: mct_pipeline_process_set: STREAM-OFF success for stream 0x20004, stream type=3
02-28 07:27:18.606   519  4302 E mm-camera-isp2: be_stats44_stats_config_validate:623 Invalid BG from 3A h_num = 0, v_num = 0
02-28 07:27:18.606   519  4302 E mm-camera-isp2: 
02-28 07:27:18.606   519  4302 E mm-camera-isp2: bhist_stats44_stats_config_validate:363 Invalid BG from 3A h_num = 0, v_num = 0
02-28 07:27:18.606   519  4302 E mm-camera-isp2: 
02-28 07:27:18.606   519  4302 E mm-camera-isp2: bg_stats44_trigger_update:388 bg_rgn_width 51 bg_rgn_height 51
02-28 07:27:18.606   519  4302 E mm-camera-isp2: be_stats44_trigger_update:419 Be stats ROI width > sensor height 2448
02-28 07:27:18.614   519  4330 D mm-camera: mct: mct_pipeline_process_set:command=8000009
02-28 07:27:18.614   519  4330 D mm-camera: mct: mct_pipeline_process_set: STREAM-OFF on stream 0x20002 stream type=5
02-28 07:27:18.615   519  4330 E mm-camera: cpp_module_handle_streamoff_event:3514] iden:0x20002, linked_params:0xe37f7000
02-28 07:27:18.615   519  4330 E mm-camera: cpp_hardware_process_streamoff:731] skip_iden:0x20003, duplicate_stream_status:0x0
02-28 07:27:18.616   519  4297 E mm-camera: iface_util_update_streamon_id: left stream on count 1, skip hw streamoff
02-28 07:27:18.616   519  4297 E mm-camera: iface_streamoff: all bundled stream streamoff, clear hal bundled mask
02-28 07:27:18.617   519  4330 D mm-camera: mct: mct_pipeline_process_set: STREAM-OFF success for stream 0x20002, stream type=5
02-28 07:27:18.619   519  4330 D mm-camera: mct: mct_pipeline_process_set:command=8000009
02-28 07:27:18.620   519  4330 D mm-camera: mct: mct_pipeline_process_set: STREAM-OFF on stream 0x20005 stream type=11
02-28 07:27:18.622   519  4323 E mm-camera-CORE: AEC_SET_PARAM_RESET_STREAM_INFO: op_mode chanage(AEC_OPERATION_MODE_PREVIEW)
02-28 07:27:18.623   519  4323 E mm-camera-CORE: AEC_SET_PARAM_RESET_STREAM_INFO: op_mode chanage(AEC_OPERATION_MODE_PREVIEW)
02-28 07:27:18.623   519  4330 E mm-camera: module_faceproc_port_event_func:878] FD_STREAMOFF 0 20005
