02-28 07:28:45.679   897   975 I PowerManagerService: Sleeping (uid 1000)...
02-28 07:28:45.684  4725  4725 I GoogleInputMethod: onFinishInput() : Dummy InputConnection bound
02-28 07:28:45.685  4725  4725 I GoogleInputMethod: onStartInput() : Dummy InputConnection bound
02-28 07:28:45.724  4745  4620 D AmbientPlayRecognition: Preparing to send audio data: 98816 bytes
02-28 07:28:45.724  4745  4620 D AmbientPlayRecognition: Sending mic data, 98816 bytes...
02-28 07:28:46.290   897   975 I DisplayPowerController: Blocking screen off
02-28 07:28:46.291   897   975 I DisplayPowerController: Unblocked screen off after 1 ms
02-28 07:28:46.306   897   975 D sensors_hal_SMGR: enable:sensor(android.sensor.light) Deactivating sensor handle=1
02-28 07:28:46.312   897   975 D sensors_hal_SMGR: SMGRReportDelete: Rcvd success response from request
02-28 07:28:46.317   897   973 I DisplayManagerService: Display device changed state: " ", OFF
02-28 07:28:46.325   488   488 D SurfaceFlinger: Set power mode=0, type=0 flinger=0x7f28c5f000
02-28 07:28:46.331   897  1425 I InputReader: Reconfiguring input devices.  changes=0x00000004
02-28 07:28:46.334   488   488 D qdhwcomposer: hwc_setPowerMode: Setting mode 0 on display: 0
02-28 07:28:46.440  7580  4447 I PBSessionCacheImpl: Deleted sessionId[26403477023058] from persistence.
02-28 07:28:46.473  7580  7580 W SearchService: Abort, client detached.
02-28 07:28:46.524   487   487 E lowmemorykiller: Error writing /proc/4469/oom_score_adj; errno=22
02-28 07:28:46.526   897  6183 I ActivityManager: Killing 4469:com.android.chrome:sandboxed_process0/u0a88i8 (adj 0): isolated not needed
02-28 07:28:46.527   897   966 W system_server: Failed to open process cgroup uid 99008 pid 4469: No such file or directory
02-28 07:28:46.527   897   966 E system_server: Error encountered killing process cgroup uid 99008 pid 4469: No such file or directory
02-28 07:28:46.528  7580  9265 W cr_ChildProcLH: Removing empty ChildConnectionAllocator for package name = com.android.chrome,
02-28 07:28:46.553   488   784 I qdhwcomposer: handle_blank_event: dpy:0 panel power state: 0
02-28 07:28:46.562   897   967 D KernelUidCpuTimeReader: Removing uids 99008-99008
02-28 07:28:46.568   488   488 D qdhwcomposer: hwc_setPowerMode: Done setting mode 0 on display 0
02-28 07:28:46.569   897  4692 D SurfaceControl: Excessive delay in setPowerMode()
02-28 07:28:46.569   897  4692 I QCOM PowerHAL: Got set_interactive hint
02-28 07:28:46.580   506 21542 D audio_hw_primary: adev_set_parameters: enter: screen_state=off
02-28 07:28:46.588  4725  4725 I GoogleInputMethod: onReceive() : Action = android.intent.action.SCREEN_OFF
02-28 07:28:46.637  6150  6150 D BrcmNfcJni: nfcManager_doSetScreenState: state = 1 discovry_param = 1
02-28 07:28:46.641  6115 31485 I Places  : ?: PlacesBleScanner stop()
02-28 07:28:46.644  6115  6115 I BeaconBle: Scan canceled successfully.
02-28 07:28:46.657  6115 31485 I PlaceInferenceEngine: [anon] Changed inference mode: 0
02-28 07:28:46.700  6115  6115 I GeofencerStateMachine: sendNewLocationAvailability: availability=LocationAvailability[isLocationAvailable: true]
02-28 07:28:47.124  4745  4643 D AmbientPlayRecognition: Not sending, data already sending
02-28 07:28:47.518  4745  3193 E AmbientPlayRecognition: 0 bytes recorded!?
02-28 07:28:49.795  6393  7158 I CastDatabase: Saving the database
02-28 07:28:49.810  6393  7158 I SQLiteCastStore: [CastNetworkInfo] saved: 0, skipped: 0, [CastDeviceInfo]: saved 0, skipped 0, Paired Guest Mode DeviceInfo] saved: 0, skipped: 0. [ProbedNetworks]: save 0, skipped: 0
02-28 07:28:50.124  4745  4644 D AmbientPlayRecognition: Not sending, data already sending
02-28 07:28:50.518  4745  3193 E AmbientPlayRecognition: 0 bytes recorded!?
02-28 07:28:51.724  7580  7589 E ReloadingLock: Finalizing LOCKED Token[shortcuts 2018-02-28 07:27:46.592]
02-28 07:28:53.139  4745  4645 D AmbientPlayRecognition: Not sending, data already sending
02-28 07:28:53.519  4745  3193 E AmbientPlayRecognition: 0 bytes recorded!?
02-28 07:28:53.813   897  1091 D sensors_hal_Time: time_service_sensor1_cb: msg_type 2
02-28 07:28:53.813   897  1091 D sensors_hal_Time: time_service_sensor1_cb: Sn 24, msg Id 3, txn Id 0
02-28 07:28:53.813   897  1091 D sensors_hal_Time: tsOffsetIs: Apps: 51489242531214; DSPS: 1687168142; Offset : 956949724 (diff 7343 @5)
02-28 07:28:56.145  4745  4647 D AmbientPlayRecognition: Not sending, data already sending
02-28 07:28:56.518  4745  3193 E AmbientPlayRecognition: 0 bytes recorded!?
02-28 07:28:57.099  4745  4620 E AmbientPlayRecognition: Error while sending audio data
02-28 07:28:57.099  4745  4620 E AmbientPlayRecognition: java.net.SocketTimeoutException: timeout
02-28 07:28:57.099  4745  4620 E AmbientPlayRecognition: 	at com.android.okhttp.okio.Okio$3.newTimeoutException(Okio.java:212)
02-28 07:28:57.099  4745  4620 E AmbientPlayRecognition: 	at com.android.okhttp.okio.AsyncTimeout.exit(AsyncTimeout.java:261)
02-28 07:28:57.099  4745  4620 E AmbientPlayRecognition: 	at com.android.okhttp.okio.AsyncTimeout$2.read(AsyncTimeout.java:215)
02-28 07:28:57.099  4745  4620 E AmbientPlayRecognition: 	at com.android.okhttp.okio.RealBufferedSource.indexOf(RealBufferedSource.java:306)
02-28 07:28:57.099  4745  4620 E AmbientPlayRecognition: 	at com.android.okhttp.okio.RealBufferedSource.indexOf(RealBufferedSource.java:300)
02-28 07:28:57.099  4745  4620 E AmbientPlayRecognition: 	at com.android.okhttp.okio.RealBufferedSource.readUtf8LineStrict(RealBufferedSource.java:196)
02-28 07:28:57.099  4745  4620 E AmbientPlayRecognition: 	at com.android.okhttp.internal.http.Http1xStream.readResponse(Http1xStream.java:186)
02-28 07:28:57.099  4745  4620 E AmbientPlayRecognition: 	at com.android.okhttp.internal.http.Http1xStream.readResponseHeaders(Http1xStream.java:127)
02-28 07:28:57.099  4745  4620 E AmbientPlayRecognition: 	at com.android.okhttp.internal.http.HttpEngine.readNetworkResponse(HttpEngine.java:737)
02-28 07:28:57.099  4745  4620 E AmbientPlayRecognition: 	at com.android.okhttp.internal.http.HttpEngine.readResponse(HttpEngine.java:609)
02-28 07:28:57.099  4745  4620 E AmbientPlayRecognition: 	at com.android.okhttp.internal.huc.HttpURLConnectionImpl.execute(HttpURLConnectionImpl.java:471)
02-28 07:28:57.099  4745  4620 E AmbientPlayRecognition: 	at com.android.okhttp.internal.huc.HttpURLConnectionImpl.getResponse(HttpURLConnectionImpl.java:407)
02-28 07:28:57.099  4745  4620 E AmbientPlayRecognition: 	at com.android.okhttp.internal.huc.HttpURLConnectionImpl.getInputStream(HttpURLConnectionImpl.java:244)
02-28 07:28:57.099  4745  4620 E AmbientPlayRecognition: 	at com.android.systemui.ambientmusic.aoscp.AmbientPlayRecognition$RecorderThread.sendAudioData(AmbientPlayRecognition.java:165)
02-28 07:28:57.099  4745  4620 E AmbientPlayRecognition: 	at com.android.systemui.ambientmusic.aoscp.AmbientPlayRecognition$RecorderThread.-wrap0(Unknown Source:0)
02-28 07:28:57.099  4745  4620 E AmbientPlayRecognition: 	at com.android.systemui.ambientmusic.aoscp.AmbientPlayRecognition$RecorderThread$1.run(AmbientPlayRecognition.java:137)
02-28 07:28:57.099  4745  4620 E AmbientPlayRecognition: Caused by: java.net.SocketException: Socket closed
02-28 07:28:57.099  4745  4620 E AmbientPlayRecognition: 	at java.net.SocketInputStream.read(SocketInputStream.java:203)
02-28 07:28:57.099  4745  4620 E AmbientPlayRecognition: 	at java.net.SocketInputStream.read(SocketInputStream.java:139)
02-28 07:28:57.099  4745  4620 E AmbientPlayRecognition: 	at com.android.okhttp.okio.Okio$2.read(Okio.java:136)
02-28 07:28:57.099  4745  4620 E AmbientPlayRecognition: 	at com.android.okhttp.okio.AsyncTimeout$2.read(AsyncTimeout.java:211)
02-28 07:28:57.099  4745  4620 E AmbientPlayRecognition: 	... 13 more
02-28 07:28:57.100  4745  4620 W AmbientPlayRecognition: Regular expression didn't match!
02-28 07:28:57.100  4745  4620 D AmbientPlayRecognition: Reporting result
02-28 07:28:57.100  4745  4620 D AmbientPlayRecognition: Interrupting recorder thread
02-28 07:28:57.100  4745  4620 D AmbientPlayRecognition: Stopping recorder
02-28 07:28:57.102  4745  4611 D AmbientPlayRecognition: Broke out of recording loop, mResultGiven=true
02-28 07:28:57.119   506  4610 D audio_hw_primary: in_standby: enter: stream (0xe30d4b40) usecase(16: audio-record)
02-28 07:28:57.170   506  4610 D audio_hw_primary: disable_audio_route: reset and update mixer path: audio-record
02-28 07:28:57.172   506  4610 D hardware_info: hw_info_append_hw_type : device_name = camcorder-mic
02-28 07:28:57.172   506  4610 D audio_hw_primary: disable_snd_device: snd_device(62: camcorder-mic)
02-28 07:28:57.185   506  4610 D audio_hw_primary: in_set_parameters: enter: kvpairs=routing=0
02-28 07:28:59.518  4745  3193 E AmbientPlayRecognition: 0 bytes recorded!?
02-28 07:29:00.974  4745  4745 D StatusBar: disable<e i a s b h r c s q >
02-28 07:29:00.985  4745  4745 D StatusBar: disable<e i a s b h r c s q >
02-28 07:29:01.066  4745  4745 D StatusBar: disable<e i a s b H!R!c s q >
02-28 07:29:02.518  4745  3193 E AmbientPlayRecognition: 0 bytes recorded!?
02-28 07:29:05.518  4745  3193 E AmbientPlayRecognition: 0 bytes recorded!?
02-28 07:29:07.195  4745  4745 V StatusBar: Will start listening again in 10 seconds
02-28 07:29:07.198   506 21974 D audio_hw_primary: adev_open_input_stream: enter: sample_rate(11025) channel_mask(0x10) devices(0x80000080)        stream_handle(0xe30d5680) io_handle(5070) source(5)
02-28 07:29:07.202   506  4651 I AudioFlinger: AudioFlinger's thread 0xe3021680 tid=4651 ready to run
02-28 07:29:07.202   506  4651 D audio_hw_primary: in_standby: enter: stream (0xe30d5680) usecase(16: audio-record)
02-28 07:29:07.207   506  4651 D audio_hw_primary: in_standby: enter: stream (0xe30d5680) usecase(16: audio-record)
02-28 07:29:07.215   506  4651 D audio_hw_primary: in_set_parameters: enter: kvpairs=input_source=5;routing=-2147483520
02-28 07:29:07.221  4745  4653 D AmbientPlayRecognition: Started reading recorder...
02-28 07:29:07.222   506  4652 D audio_hw_primary: start_input_stream: enter: stream(0xe30d5680)usecase(16: audio-record)
02-28 07:29:07.222   506  4652 E audio_hw_extn: audio_extn_perf_lock_acquire: Failed to acquire perf lock, err: -1
02-28 07:29:07.223   506  4652 D audio_hw_primary: select_devices: out_snd_device(0: ) in_snd_device(62: camcorder-mic)
02-28 07:29:07.223   506  4652 D hardware_info: hw_info_append_hw_type : device_name = camcorder-mic
02-28 07:29:07.223   506  4652 D audio_hw_primary: enable_snd_device: snd_device(62: camcorder-mic)
02-28 07:29:07.223   506  4652 D audio_route: Apply path: camcorder-mic
02-28 07:29:07.235   506  4652 D ACDB-LOADER: ACDB -> send_audio_cal, acdb_id = 4, path =  1
02-28 07:29:07.235   506  4652 D ACDB-LOADER: ACDB -> send_asm_topology
02-28 07:29:07.235   506  4652 D ACDB-LOADER: ACDB -> ACDB_CMD_GET_AUDPROC_STREAM_TOPOLOGY_ID
02-28 07:29:07.235   506  4652 D ACDB-LOADER: ACDB -> send_adm_topology
02-28 07:29:07.235   506  4652 D ACDB-LOADER: ACDB -> ACDB_CMD_GET_AUDPROC_COMMON_TOPOLOGY_ID
02-28 07:29:07.235   506  4652 D ACDB-LOADER: ACDB -> send_audtable
02-28 07:29:07.236   506  4652 D ACDB-LOADER: ACDB -> ACDB_CMD_GET_AUDPROC_COMMON_TABLE
02-28 07:29:07.236   506  4652 D ACDB-LOADER: ACDB -> AUDIO_SET_AUDPROC_CAL
02-28 07:29:07.236   506  4652 D ACDB-LOADER: ACDB -> send_audvoltable
02-28 07:29:07.236   506  4652 D ACDB-LOADER: ACDB -> ACDB_CMD_GET_AUDPROC_GAIN_DEP_STEP_TABLE
02-28 07:29:07.236   506  4652 D         : Failed to fetch the lookup information of the device 00000004 
02-28 07:29:07.236   506  4652 E ACDB-LOADER: Error: ACDB AudProc vol returned = -19
02-28 07:29:07.236   506  4652 D ACDB-LOADER: ACDB -> AUDIO_SET_AUDPROC_VOL_CAL
02-28 07:29:07.236   506  4652 D ACDB-LOADER: ACDB -> send_afe_cal
02-28 07:29:07.236   506  4652 D ACDB-LOADER: ACDB -> ACDB_CMD_GET_AFE_COMMON_TABLE
02-28 07:29:07.236   506  4652 D         : Failed to fetch the lookup information of the device 00000004 
02-28 07:29:07.236   506  4652 E ACDB-LOADER: Error: ACDB AFE returned = -19
02-28 07:29:07.236   506  4652 D ACDB-LOADER: ACDB -> AUDIO_SET_AFE_CAL
02-28 07:29:07.237   506  4652 D ACDB-LOADER: ACDB -> send_hw_delay : acdb_id = 4 path = 1
02-28 07:29:07.237   506  4652 D ACDB-LOADER: ACDB -> ACDB_AVSYNC_INFO: ACDB_CMD_GET_DEVICE_PROPERTY
02-28 07:29:07.237   506  4652 D audio_hw_primary: enable_audio_route: apply mixer and update path: audio-record
02-28 07:29:07.237   506  4652 D audio_route: Apply path: audio-record
02-28 07:29:07.238   506  4652 D audio_hw_primary: select_devices: done
02-28 07:29:07.321   506  4652 E audio_hw_extn: audio_extn_perf_lock_release: Perf lock release error 
02-28 07:29:07.321   506  4652 D audio_hw_primary: start_input_stream: exit
02-28 07:29:08.518  4745  3193 E AmbientPlayRecognition: 0 bytes recorded!?
02-28 07:29:09.687   897   967 E BatteryExternalStatsWorker: modem info is invalid: ModemActivityInfo{ mTimestamp=0 mSleepTimeMs=0 mIdleTimeMs=0 mTxTimeMs[]=[0, 0, 0, 0, 0] mRxTimeMs=0 mEnergyUsed=0}
02-28 07:29:11.006  4745  4656 D AmbientPlayRecognition: Preparing to send audio data: 80896 bytes
02-28 07:29:11.006  4745  4656 D AmbientPlayRecognition: Sending mic data, 80896 bytes...
02-28 07:29:11.518  4745  3193 E AmbientPlayRecognition: 0 bytes recorded!?
02-28 07:29:12.937  4745  4656 D AmbientPlayRecognition: No match (Maybe we could not hear the track?)
02-28 07:29:13.816   897  1091 D sensors_hal_Time: time_service_sensor1_cb: msg_type 2
02-28 07:29:13.816   897  1091 D sensors_hal_Time: time_service_sensor1_cb: Sn 24, msg Id 3, txn Id 0
02-28 07:29:13.816   897  1091 D sensors_hal_Time: tsOffsetIs: Apps: 51509245242769; DSPS: 1687823591; Offset : 956944590 (diff 5885 @5)
02-28 07:29:14.277  4745  4660 D AmbientPlayRecognition: Preparing to send audio data: 153088 bytes
02-28 07:29:14.278  4745  4660 D AmbientPlayRecognition: Sending mic data, 153088 bytes...
02-28 07:29:14.518  4745  3193 E AmbientPlayRecognition: 0 bytes recorded!?
02-28 07:29:16.263  4745  4663 D AmbientPlayRecognition: Not sending, data already sending
02-28 07:29:16.560  7580  4445 W GmsLocationProvider: Error removing location updates: 16
02-28 07:29:17.518  4745  3193 E AmbientPlayRecognition: 0 bytes recorded!?
02-28 07:29:18.526 31908 32020 I ClearcutLoggerApiImpl: disconnect managed GoogleApiClient
02-28 07:29:19.277  4745  4665 D AmbientPlayRecognition: Not sending, data already sending
02-28 07:29:19.382   897 17290 I ActivityManager: Start proc 4666:com.viber.voip/u0a76 for service com.viber.voip/com.firebase.jobdispatcher.GooglePlayReceiver
02-28 07:29:19.430  6115  6128 I zygote64: Background concurrent copying GC freed 144944(6MB) AllocSpace objects, 42(2MB) LOS objects, 50% free, 10MB/20MB, paused 240us total 120.127ms
02-28 07:29:19.480  4666  4666 I MultiDex: VM with version 2.1.0 has multidex support
02-28 07:29:19.480  4666  4666 I MultiDex: Installing application
02-28 07:29:19.480  4666  4666 I MultiDex: VM has multidex support, MultiDex support library is disabled.
02-28 07:29:19.482   897   918 I zygote64: Background concurrent copying GC freed 48287(3MB) AllocSpace objects, 15(636KB) LOS objects, 42% free, 14MB/25MB, paused 467us total 227.720ms
02-28 07:29:19.522  4666  4666 D FirebaseApp: com.google.firebase.auth.FirebaseAuth is not linked. Skipping initialization.
02-28 07:29:19.528  4666  4666 D FirebaseApp: com.google.firebase.crash.FirebaseCrash is not linked. Skipping initialization.
02-28 07:29:19.537  4666  4666 I FA      : App measurement is starting up, version: 11020
02-28 07:29:19.537  4666  4666 I FA      : To enable debug logging run: adb shell setprop log.tag.FA VERBOSE
02-28 07:29:19.551  4666  4666 I FA      : To enable faster debug mode event logging run:
02-28 07:29:19.551  4666  4666 I FA      :   adb shell setprop debug.firebase.analytics.app com.viber.voip
02-28 07:29:19.560  4666  4666 I FirebaseInitProvider: FirebaseApp initialization successful
02-28 07:29:19.669  4666  4690 D AndroidHttp: JNI_OnLoad
02-28 07:29:19.669  4666  4690 D AndroidHttp: AndroidHttp::init
02-28 07:29:19.837  4666  4666 W ResourceType: No package identifier when getting value for resource number 0x00000000
02-28 07:29:19.902  4666  4699 W IcuSqliteAndroidBinder: probing icu got u_foldCase_58 and uregex_open_58
02-28 07:29:19.907  4666  4717 W IcuSqliteAndroidBinder: icuSqliteAndroidBinder::init()
02-28 07:29:20.518  4745  3193 E AmbientPlayRecognition: 0 bytes recorded!?
02-28 07:29:20.698  4745  4660 D AmbientPlayRecognition: No match (Maybe we could not hear the track?)
02-28 07:29:23.518  4745  3193 E AmbientPlayRecognition: 0 bytes recorded!?
02-28 07:29:24.464  4666  4688 I zygote  : Waiting for a blocking GC ProfileSaver
02-28 07:29:24.523  4666  4688 I zygote  : WaitForGcToComplete blocked ProfileSaver on HeapTrim for 58.821ms
02-28 07:29:24.787  4745  4718 D AmbientPlayRecognition: Preparing to send audio data: 384512 bytes
02-28 07:29:24.788  4745  4718 D AmbientPlayRecognition: Sending mic data, 384512 bytes...
02-28 07:29:25.293  4745  4721 D AmbientPlayRecognition: Not sending, data already sending
02-28 07:29:26.240  4745  4745 D AmbientPlayRecognition: Interrupting recorder thread
02-28 07:29:26.240  4745  4745 D AmbientPlayRecognition: Stopping recorder
02-28 07:29:26.241  4745  4653 D AmbientPlayRecognition: Broke out of recording loop, mResultGiven=false
02-28 07:29:26.243  4745  4722 D AmbientPlayRecognition: Not sending, data already sending
02-28 07:29:26.263   506  4651 D audio_hw_primary: in_standby: enter: stream (0xe30d5680) usecase(16: audio-record)
02-28 07:29:26.319   506  4651 D audio_hw_primary: disable_audio_route: reset and update mixer path: audio-record
02-28 07:29:26.321   506  4651 D hardware_info: hw_info_append_hw_type : device_name = camcorder-mic
02-28 07:29:26.321   506  4651 D audio_hw_primary: disable_snd_device: snd_device(62: camcorder-mic)
02-28 07:29:26.333   506  4651 D audio_hw_primary: in_set_parameters: enter: kvpairs=routing=0
02-28 07:29:26.518  4745  3193 E AmbientPlayRecognition: 0 bytes recorded!?
02-28 07:29:29.518  4745  3193 I chatty  : uid=10029(com.android.systemui) Thread-3924 identical 1 line
02-28 07:29:32.518  4745  3193 E AmbientPlayRecognition: 0 bytes recorded!?
02-28 07:29:33.818   897  1091 D sensors_hal_Time: time_service_sensor1_cb: msg_type 2
02-28 07:29:33.819   897  1091 D sensors_hal_Time: time_service_sensor1_cb: Sn 24, msg Id 3, txn Id 0
02-28 07:29:33.819   897  1091 D sensors_hal_Time: tsOffsetIs: Apps: 51529247811042; DSPS: 1688479035; Offset : 956949437 (diff 6094 @5)
02-28 07:29:35.518  4745  3193 E AmbientPlayRecognition: 0 bytes recorded!?
02-28 07:29:38.097  4745  4718 E AmbientPlayRecognition: Error while sending audio data
02-28 07:29:38.097  4745  4718 E AmbientPlayRecognition: java.net.SocketTimeoutException: timeout
02-28 07:29:38.097  4745  4718 E AmbientPlayRecognition: 	at com.android.okhttp.okio.Okio$3.newTimeoutException(Okio.java:212)
02-28 07:29:38.097  4745  4718 E AmbientPlayRecognition: 	at com.android.okhttp.okio.AsyncTimeout.exit(AsyncTimeout.java:261)
02-28 07:29:38.097  4745  4718 E AmbientPlayRecognition: 	at com.android.okhttp.okio.AsyncTimeout$2.read(AsyncTimeout.java:215)
02-28 07:29:38.097  4745  4718 E AmbientPlayRecognition: 	at com.android.okhttp.okio.RealBufferedSource.indexOf(RealBufferedSource.java:306)
02-28 07:29:38.097  4745  4718 E AmbientPlayRecognition: 	at com.android.okhttp.okio.RealBufferedSource.indexOf(RealBufferedSource.java:300)
02-28 07:29:38.097  4745  4718 E AmbientPlayRecognition: 	at com.android.okhttp.okio.RealBufferedSource.readUtf8LineStrict(RealBufferedSource.java:196)
02-28 07:29:38.097  4745  4718 E AmbientPlayRecognition: 	at com.android.okhttp.internal.http.Http1xStream.readResponse(Http1xStream.java:186)
02-28 07:29:38.097  4745  4718 E AmbientPlayRecognition: 	at com.android.okhttp.internal.http.Http1xStream.readResponseHeaders(Http1xStream.java:127)
02-28 07:29:38.097  4745  4718 E AmbientPlayRecognition: 	at com.android.okhttp.internal.http.HttpEngine.readNetworkResponse(HttpEngine.java:737)
02-28 07:29:38.097  4745  4718 E AmbientPlayRecognition: 	at com.android.okhttp.internal.http.HttpEngine.readResponse(HttpEngine.java:609)
02-28 07:29:38.097  4745  4718 E AmbientPlayRecognition: 	at com.android.okhttp.internal.huc.HttpURLConnectionImpl.execute(HttpURLConnectionImpl.java:471)
02-28 07:29:38.097  4745  4718 E AmbientPlayRecognition: 	at com.android.okhttp.internal.huc.HttpURLConnectionImpl.getResponse(HttpURLConnectionImpl.java:407)
02-28 07:29:38.097  4745  4718 E AmbientPlayRecognition: 	at com.android.okhttp.internal.huc.HttpURLConnectionImpl.getInputStream(HttpURLConnectionImpl.java:244)
02-28 07:29:38.097  4745  4718 E AmbientPlayRecognition: 	at com.android.systemui.ambientmusic.aoscp.AmbientPlayRecognition$RecorderThread.sendAudioData(AmbientPlayRecognition.java:165)
02-28 07:29:38.097  4745  4718 E AmbientPlayRecognition: 	at com.android.systemui.ambientmusic.aoscp.AmbientPlayRecognition$RecorderThread.-wrap0(Unknown Source:0)
02-28 07:29:38.097  4745  4718 E AmbientPlayRecognition: 	at com.android.systemui.ambientmusic.aoscp.AmbientPlayRecognition$RecorderThread$1.run(AmbientPlayRecognition.java:137)
02-28 07:29:38.097  4745  4718 E AmbientPlayRecognition: Caused by: java.net.SocketException: Socket closed
02-28 07:29:38.097  4745  4718 E AmbientPlayRecognition: 	at java.net.SocketInputStream.read(SocketInputStream.java:203)
02-28 07:29:38.097  4745  4718 E AmbientPlayRecognition: 	at java.net.SocketInputStream.read(SocketInputStream.java:139)
02-28 07:29:38.097  4745  4718 E AmbientPlayRecognition: 	at com.android.okhttp.okio.Okio$2.read(Okio.java:136)
02-28 07:29:38.097  4745  4718 E AmbientPlayRecognition: 	at com.android.okhttp.okio.AsyncTimeout$2.read(AsyncTimeout.java:211)
02-28 07:29:38.097  4745  4718 E AmbientPlayRecognition: 	... 13 more
02-28 07:29:38.098  4745  4718 W AmbientPlayRecognition: Regular expression didn't match!
02-28 07:29:38.098  4745  4718 D AmbientPlayRecognition: Reporting onNoMatch
02-28 07:29:38.098  4745  4718 D AmbientPlayRecognition: Reporting result
02-28 07:29:38.518  4745  3193 E AmbientPlayRecognition: 0 bytes recorded!?
02-28 07:29:41.518  4745  3193 I chatty  : uid=10029(com.android.systemui) Thread-3924 identical 1 line
02-28 07:29:44.518  4745  3193 E AmbientPlayRecognition: 0 bytes recorded!?
02-28 07:29:46.589  4725  8082 I Delight5Facilitator: Running personalized data flush runnable
02-28 07:29:47.518  4745  3193 E AmbientPlayRecognition: 0 bytes recorded!?
02-28 07:29:48.109  4745  4745 V StatusBar: Will start listening again in 10 seconds
02-28 07:29:48.111   506  8633 D audio_hw_primary: adev_open_input_stream: enter: sample_rate(11025) channel_mask(0x10) devices(0x80000080)        stream_handle(0xe2aaf800) io_handle(5078) source(5)
02-28 07:29:48.114   506  4728 I AudioFlinger: AudioFlinger's thread 0xe2603ac0 tid=4728 ready to run
02-28 07:29:48.114   506  4728 D audio_hw_primary: in_standby: enter: stream (0xe2aaf800) usecase(16: audio-record)
02-28 07:29:48.117   506  4728 D audio_hw_primary: in_standby: enter: stream (0xe2aaf800) usecase(16: audio-record)
02-28 07:29:48.125   506  4728 D audio_hw_primary: in_set_parameters: enter: kvpairs=input_source=5;routing=-2147483520
02-28 07:29:48.129  4745  4729 D AmbientPlayRecognition: Started reading recorder...
02-28 07:29:48.131   506  4741 D audio_hw_primary: start_input_stream: enter: stream(0xe2aaf800)usecase(16: audio-record)
02-28 07:29:48.131   506  4741 E audio_hw_extn: audio_extn_perf_lock_acquire: Failed to acquire perf lock, err: -1
02-28 07:29:48.131   506  4741 D audio_hw_primary: select_devices: out_snd_device(0: ) in_snd_device(62: camcorder-mic)
02-28 07:29:48.132   506  4741 D hardware_info: hw_info_append_hw_type : device_name = camcorder-mic
02-28 07:29:48.132   506  4741 D audio_hw_primary: enable_snd_device: snd_device(62: camcorder-mic)
02-28 07:29:48.132   506  4741 D audio_route: Apply path: camcorder-mic
02-28 07:29:48.145   506  4741 D ACDB-LOADER: ACDB -> send_audio_cal, acdb_id = 4, path =  1
02-28 07:29:48.145   506  4741 D ACDB-LOADER: ACDB -> send_asm_topology
02-28 07:29:48.145   506  4741 D ACDB-LOADER: ACDB -> ACDB_CMD_GET_AUDPROC_STREAM_TOPOLOGY_ID
02-28 07:29:48.145   506  4741 D ACDB-LOADER: ACDB -> send_adm_topology
02-28 07:29:48.145   506  4741 D ACDB-LOADER: ACDB -> ACDB_CMD_GET_AUDPROC_COMMON_TOPOLOGY_ID
02-28 07:29:48.145   506  4741 D ACDB-LOADER: ACDB -> send_audtable
02-28 07:29:48.146   506  4741 D ACDB-LOADER: ACDB -> ACDB_CMD_GET_AUDPROC_COMMON_TABLE
02-28 07:29:48.146   506  4741 D ACDB-LOADER: ACDB -> AUDIO_SET_AUDPROC_CAL
02-28 07:29:48.146   506  4741 D ACDB-LOADER: ACDB -> send_audvoltable
02-28 07:29:48.146   506  4741 D ACDB-LOADER: ACDB -> ACDB_CMD_GET_AUDPROC_GAIN_DEP_STEP_TABLE
02-28 07:29:48.146   506  4741 D         : Failed to fetch the lookup information of the device 00000004 
02-28 07:29:48.146   506  4741 E ACDB-LOADER: Error: ACDB AudProc vol returned = -19
02-28 07:29:48.146   506  4741 D ACDB-LOADER: ACDB -> AUDIO_SET_AUDPROC_VOL_CAL
02-28 07:29:48.146   506  4741 D ACDB-LOADER: ACDB -> send_afe_cal
02-28 07:29:48.146   506  4741 D ACDB-LOADER: ACDB -> ACDB_CMD_GET_AFE_COMMON_TABLE
02-28 07:29:48.146   506  4741 D         : Failed to fetch the lookup information of the device 00000004 
02-28 07:29:48.146   506  4741 E ACDB-LOADER: Error: ACDB AFE returned = -19
02-28 07:29:48.146   506  4741 D ACDB-LOADER: ACDB -> AUDIO_SET_AFE_CAL
02-28 07:29:48.146   506  4741 D ACDB-LOADER: ACDB -> send_hw_delay : acdb_id = 4 path = 1
02-28 07:29:48.146   506  4741 D ACDB-LOADER: ACDB -> ACDB_AVSYNC_INFO: ACDB_CMD_GET_DEVICE_PROPERTY
02-28 07:29:48.147   506  4741 D audio_hw_primary: enable_audio_route: apply mixer and update path: audio-record
02-28 07:29:48.147   506  4741 D audio_route: Apply path: audio-record
02-28 07:29:48.148   506  4741 D audio_hw_primary: select_devices: done
02-28 07:29:48.231   506  4741 E audio_hw_extn: audio_extn_perf_lock_release: Perf lock release error 
02-28 07:29:48.231   506  4741 D audio_hw_primary: start_input_stream: exit
02-28 07:29:48.503   897   967 E BatteryExternalStatsWorker: modem info is invalid: ModemActivityInfo{ mTimestamp=0 mSleepTimeMs=0 mIdleTimeMs=0 mTxTimeMs[]=[0, 0, 0, 0, 0] mRxTimeMs=0 mEnergyUsed=0}
02-28 07:29:49.177   897   963 I UsageStatsService: User[0] Flushing usage stats to disk
02-28 07:29:50.518  4745  3193 E AmbientPlayRecognition: 0 bytes recorded!?
02-28 07:29:52.862  7580  7580 I earchbox:search: type=1400 audit(0.0:674): avc: denied { read } for name="vmstat" dev="proc" ino=4026535432 scontext=u:r:untrusted_app:s0:c512,c768 tcontext=u:object_r:proc:s0 tclass=file permissive=1
02-28 07:29:52.862  7580  7580 I earchbox:search: type=1400 audit(0.0:675): avc: denied { open } for path="/proc/vmstat" dev="proc" ino=4026535432 scontext=u:r:untrusted_app:s0:c512,c768 tcontext=u:object_r:proc:s0 tclass=file permissive=1
02-28 07:29:52.862  7580  7580 I earchbox:search: type=1400 audit(0.0:676): avc: denied { getattr } for path="/proc/vmstat" dev="proc" ino=4026535432 scontext=u:r:untrusted_app:s0:c512,c768 tcontext=u:object_r:proc:s0 tclass=file permissive=1
02-28 07:29:53.402  4745  4747 D AmbientPlayRecognition: Preparing to send audio data: 113664 bytes
02-28 07:29:53.403  4745  4747 D AmbientPlayRecognition: Sending mic data, 113664 bytes...
02-28 07:29:53.518  4745  3193 E AmbientPlayRecognition: 0 bytes recorded!?
02-28 07:29:53.821   897  1091 D sensors_hal_Time: time_service_sensor1_cb: msg_type 2
02-28 07:29:53.821   897  1091 D sensors_hal_Time: time_service_sensor1_cb: Sn 24, msg Id 3, txn Id 0
02-28 07:29:53.821   897  1091 D sensors_hal_Time: tsOffsetIs: Apps: 51549249908118; DSPS: 1689134464; Offset : 956941139 (diff 6771 @5)
02-28 07:29:54.095   897  1654 D RecurrenceRule: Resolving using anchor 2018-02-28T07:29:54.095+02:00[Europe/Athens]
02-28 07:29:54.108   897  1654 D RecurrenceRule: Resolving using anchor 2018-02-28T07:29:54.107+02:00[Europe/Athens]
02-28 07:29:54.120   897  1654 D RecurrenceRule: Cycle 13 from 2018-02-27T00:00+02:00[Europe/Athens] to 2018-03-27T00:00+03:00[Europe/Athens]
02-28 07:29:54.121   897  1654 D NetworkStats: Resolving plan for NetworkTemplate: matchRule=MOBILE_ALL, subscriberId=202010..., matchSubscriberIds=[202010...]
02-28 07:29:54.126   897  1654 D NetworkStats: Found active matching subId 1
02-28 07:29:54.142   897  1654 D NetworkStats: Resolved to plan null
02-28 07:29:54.153  4745  4762 D AmbientPlayRecognition: Not sending, data already sending
02-28 07:29:56.518  4745  3193 E AmbientPlayRecognition: 0 bytes recorded!?
02-28 07:29:57.174  4745  4763 D AmbientPlayRecognition: Not sending, data already sending
02-28 07:29:59.518  4745  3193 E AmbientPlayRecognition: 0 bytes recorded!?
02-28 07:30:00.188  4745  4764 D AmbientPlayRecognition: Not sending, data already sending
02-28 07:30:02.518  4745  3193 E AmbientPlayRecognition: 0 bytes recorded!?
02-28 07:30:03.192  4745  4765 D AmbientPlayRecognition: Not sending, data already sending
02-28 07:30:04.432  4745  4747 D AmbientPlayRecognition: No match (Maybe we could not hear the track?)
02-28 07:30:05.518  4745  3193 E AmbientPlayRecognition: 0 bytes recorded!?
02-28 07:30:07.148  4745  4745 D AmbientPlayRecognition: Interrupting recorder thread
02-28 07:30:07.149  4745  4745 D AmbientPlayRecognition: Stopping recorder
02-28 07:30:07.149  4745  4729 D AmbientPlayRecognition: Broke out of recording loop, mResultGiven=false
02-28 07:30:07.153  4745  4768 D AmbientPlayRecognition: Not sending, data already sending
02-28 07:30:07.155  4745  4767 D AmbientPlayRecognition: Preparing to send audio data: 416640 bytes
02-28 07:30:07.155  4745  4767 D AmbientPlayRecognition: Sending mic data, 416640 bytes...
02-28 07:30:07.172   506  4728 D audio_hw_primary: in_standby: enter: stream (0xe2aaf800) usecase(16: audio-record)
02-28 07:30:07.223   506  4728 D audio_hw_primary: disable_audio_route: reset and update mixer path: audio-record
02-28 07:30:07.225   506  4728 D hardware_info: hw_info_append_hw_type : device_name = camcorder-mic
02-28 07:30:07.225   506  4728 D audio_hw_primary: disable_snd_device: snd_device(62: camcorder-mic)
02-28 07:30:07.234   506  4728 D audio_hw_primary: in_set_parameters: enter: kvpairs=routing=0
02-28 07:30:08.518  4745  3193 E AmbientPlayRecognition: 0 bytes recorded!?
02-28 07:30:11.518  4745  3193 E AmbientPlayRecognition: 0 bytes recorded!?
02-28 07:30:13.823   897  1091 D sensors_hal_Time: time_service_sensor1_cb: msg_type 2
02-28 07:30:13.824   897  1091 D sensors_hal_Time: time_service_sensor1_cb: Sn 24, msg Id 3, txn Id 0
02-28 07:30:13.824   897  1091 D sensors_hal_Time: tsOffsetIs: Apps: 51569252863788; DSPS: 1689789920; Offset : 956966861 (diff 6146 @5)
02-28 07:30:14.518  4745  3193 E AmbientPlayRecognition: 0 bytes recorded!?
02-28 07:30:17.518  4745  3193 I chatty  : uid=10029(com.android.systemui) Thread-3924 identical 1 line
02-28 07:30:20.518  4745  3193 E AmbientPlayRecognition: 0 bytes recorded!?
02-28 07:30:20.927  4745  4767 E AmbientPlayRecognition: Error while sending audio data
02-28 07:30:20.927  4745  4767 E AmbientPlayRecognition: java.net.SocketTimeoutException: Read timed out
02-28 07:30:20.927  4745  4767 E AmbientPlayRecognition: 	at java.net.SocketInputStream.socketRead0(Native Method)
02-28 07:30:20.927  4745  4767 E AmbientPlayRecognition: 	at java.net.SocketInputStream.socketRead(SocketInputStream.java:114)
02-28 07:30:20.927  4745  4767 E AmbientPlayRecognition: 	at java.net.SocketInputStream.read(SocketInputStream.java:170)
02-28 07:30:20.927  4745  4767 E AmbientPlayRecognition: 	at java.net.SocketInputStream.read(SocketInputStream.java:139)
02-28 07:30:20.927  4745  4767 E AmbientPlayRecognition: 	at com.android.okhttp.okio.Okio$2.read(Okio.java:136)
02-28 07:30:20.927  4745  4767 E AmbientPlayRecognition: 	at com.android.okhttp.okio.AsyncTimeout$2.read(AsyncTimeout.java:211)
02-28 07:30:20.927  4745  4767 E AmbientPlayRecognition: 	at com.android.okhttp.okio.RealBufferedSource.indexOf(RealBufferedSource.java:306)
02-28 07:30:20.927  4745  4767 E AmbientPlayRecognition: 	at com.android.okhttp.okio.RealBufferedSource.indexOf(RealBufferedSource.java:300)
02-28 07:30:20.927  4745  4767 E AmbientPlayRecognition: 	at com.android.okhttp.okio.RealBufferedSource.readUtf8LineStrict(RealBufferedSource.java:196)
02-28 07:30:20.927  4745  4767 E AmbientPlayRecognition: 	at com.android.okhttp.internal.http.Http1xStream.readResponse(Http1xStream.java:186)
02-28 07:30:20.927  4745  4767 E AmbientPlayRecognition: 	at com.android.okhttp.internal.http.Http1xStream.readResponseHeaders(Http1xStream.java:127)
02-28 07:30:20.927  4745  4767 E AmbientPlayRecognition: 	at com.android.okhttp.internal.http.HttpEngine.readNetworkResponse(HttpEngine.java:737)
02-28 07:30:20.927  4745  4767 E AmbientPlayRecognition: 	at com.android.okhttp.internal.http.HttpEngine.readResponse(HttpEngine.java:609)
02-28 07:30:20.927  4745  4767 E AmbientPlayRecognition: 	at com.android.okhttp.internal.huc.HttpURLConnectionImpl.execute(HttpURLConnectionImpl.java:471)
02-28 07:30:20.927  4745  4767 E AmbientPlayRecognition: 	at com.android.okhttp.internal.huc.HttpURLConnectionImpl.getResponse(HttpURLConnectionImpl.java:407)
02-28 07:30:20.927  4745  4767 E AmbientPlayRecognition: 	at com.android.okhttp.internal.huc.HttpURLConnectionImpl.getInputStream(HttpURLConnectionImpl.java:244)
02-28 07:30:20.927  4745  4767 E AmbientPlayRecognition: 	at com.android.systemui.ambientmusic.aoscp.AmbientPlayRecognition$RecorderThread.sendAudioData(AmbientPlayRecognition.java:165)
02-28 07:30:20.927  4745  4767 E AmbientPlayRecognition: 	at com.android.systemui.ambientmusic.aoscp.AmbientPlayRecognition$RecorderThread.-wrap0(Unknown Source:0)
02-28 07:30:20.927  4745  4767 E AmbientPlayRecognition: 	at com.android.systemui.ambientmusic.aoscp.AmbientPlayRecognition$RecorderThread$1.run(AmbientPlayRecognition.java:137)
02-28 07:30:20.928  4745  4767 W AmbientPlayRecognition: Regular expression didn't match!
02-28 07:30:20.928  4745  4767 D AmbientPlayRecognition: Reporting onNoMatch
02-28 07:30:20.929  4745  4767 D AmbientPlayRecognition: Reporting result
02-28 07:30:23.518  4745  3193 E AmbientPlayRecognition: 0 bytes recorded!?
02-28 07:30:26.518  4745  3193 I chatty  : uid=10029(com.android.systemui) Thread-3924 identical 1 line
02-28 07:30:29.518  4745  3193 E AmbientPlayRecognition: 0 bytes recorded!?
02-28 07:30:30.939  4745  4745 V StatusBar: Will start listening again in 10 seconds
02-28 07:30:30.941   506  8642 D audio_hw_primary: adev_open_input_stream: enter: sample_rate(11025) channel_mask(0x10) devices(0x80000080)        stream_handle(0xe30d43c0) io_handle(5086) source(5)
02-28 07:30:30.944   506  4774 I AudioFlinger: AudioFlinger's thread 0xe12835c0 tid=4774 ready to run
02-28 07:30:30.944   506  4774 D audio_hw_primary: in_standby: enter: stream (0xe30d43c0) usecase(16: audio-record)
02-28 07:30:30.948   506  4774 D audio_hw_primary: in_standby: enter: stream (0xe30d43c0) usecase(16: audio-record)
02-28 07:30:30.960   506  4774 D audio_hw_primary: in_set_parameters: enter: kvpairs=input_source=5;routing=-2147483520
02-28 07:30:30.965  4745  4775 D AmbientPlayRecognition: Started reading recorder...
02-28 07:30:30.967   506  4776 D audio_hw_primary: start_input_stream: enter: stream(0xe30d43c0)usecase(16: audio-record)
02-28 07:30:30.968   506  4776 E audio_hw_extn: audio_extn_perf_lock_acquire: Failed to acquire perf lock, err: -1
02-28 07:30:30.968   506  4776 D audio_hw_primary: select_devices: out_snd_device(0: ) in_snd_device(62: camcorder-mic)
02-28 07:30:30.968   506  4776 D hardware_info: hw_info_append_hw_type : device_name = camcorder-mic
02-28 07:30:30.968   506  4776 D audio_hw_primary: enable_snd_device: snd_device(62: camcorder-mic)
02-28 07:30:30.968   506  4776 D audio_route: Apply path: camcorder-mic
02-28 07:30:30.981   506  4776 D ACDB-LOADER: ACDB -> send_audio_cal, acdb_id = 4, path =  1
02-28 07:30:30.981   506  4776 D ACDB-LOADER: ACDB -> send_asm_topology
02-28 07:30:30.981   506  4776 D ACDB-LOADER: ACDB -> ACDB_CMD_GET_AUDPROC_STREAM_TOPOLOGY_ID
02-28 07:30:30.982   506  4776 D ACDB-LOADER: ACDB -> send_adm_topology
02-28 07:30:30.982   506  4776 D ACDB-LOADER: ACDB -> ACDB_CMD_GET_AUDPROC_COMMON_TOPOLOGY_ID
02-28 07:30:30.982   506  4776 D ACDB-LOADER: ACDB -> send_audtable
02-28 07:30:30.982   506  4776 D ACDB-LOADER: ACDB -> ACDB_CMD_GET_AUDPROC_COMMON_TABLE
02-28 07:30:30.982   506  4776 D ACDB-LOADER: ACDB -> AUDIO_SET_AUDPROC_CAL
02-28 07:30:30.982   506  4776 D ACDB-LOADER: ACDB -> send_audvoltable
02-28 07:30:30.982   506  4776 D ACDB-LOADER: ACDB -> ACDB_CMD_GET_AUDPROC_GAIN_DEP_STEP_TABLE
02-28 07:30:30.982   506  4776 D         : Failed to fetch the lookup information of the device 00000004 
02-28 07:30:30.982   506  4776 E ACDB-LOADER: Error: ACDB AudProc vol returned = -19
02-28 07:30:30.982   506  4776 D ACDB-LOADER: ACDB -> AUDIO_SET_AUDPROC_VOL_CAL
02-28 07:30:30.982   506  4776 D ACDB-LOADER: ACDB -> send_afe_cal
02-28 07:30:30.982   506  4776 D ACDB-LOADER: ACDB -> ACDB_CMD_GET_AFE_COMMON_TABLE
02-28 07:30:30.982   506  4776 D         : Failed to fetch the lookup information of the device 00000004 
02-28 07:30:30.982   506  4776 E ACDB-LOADER: Error: ACDB AFE returned = -19
02-28 07:30:30.983   506  4776 D ACDB-LOADER: ACDB -> AUDIO_SET_AFE_CAL
02-28 07:30:30.983   506  4776 D ACDB-LOADER: ACDB -> send_hw_delay : acdb_id = 4 path = 1
02-28 07:30:30.983   506  4776 D ACDB-LOADER: ACDB -> ACDB_AVSYNC_INFO: ACDB_CMD_GET_DEVICE_PROPERTY
02-28 07:30:30.983   506  4776 D audio_hw_primary: enable_audio_route: apply mixer and update path: audio-record
02-28 07:30:30.983   506  4776 D audio_route: Apply path: audio-record
02-28 07:30:30.984   506  4776 D audio_hw_primary: select_devices: done
02-28 07:30:31.055   897   967 E BatteryExternalStatsWorker: modem info is invalid: ModemActivityInfo{ mTimestamp=0 mSleepTimeMs=0 mIdleTimeMs=0 mTxTimeMs[]=[0, 0, 0, 0, 0] mRxTimeMs=0 mEnergyUsed=0}
02-28 07:30:31.077   506  4776 E audio_hw_extn: audio_extn_perf_lock_release: Perf lock release error 
02-28 07:30:31.078   506  4776 D audio_hw_primary: start_input_stream: exit
02-28 07:30:32.518  4745  3193 E AmbientPlayRecognition: 0 bytes recorded!?
02-28 07:30:33.827   897  1091 D sensors_hal_Time: time_service_sensor1_cb: msg_type 2
02-28 07:30:33.827   897  1091 D sensors_hal_Time: time_service_sensor1_cb: Sn 24, msg Id 3, txn Id 0
02-28 07:30:33.827   897  1091 D sensors_hal_Time: tsOffsetIs: Apps: 51589255893520; DSPS: 1690445380; Offset : 956944549 (diff 6198 @5)
02-28 07:30:35.518  4745  3193 E AmbientPlayRecognition: 0 bytes recorded!?
02-28 07:30:36.980  4745  4782 D AmbientPlayRecognition: Not sending, data already sending
02-28 07:30:38.518  4745  3193 E AmbientPlayRecognition: 0 bytes recorded!?
02-28 07:30:40.000  4745  4783 D AmbientPlayRecognition: Not sending, data already sending
02-28 07:30:41.518  4745  3193 E AmbientPlayRecognition: 0 bytes recorded!?
02-28 07:30:43.015  4745  4784 D AmbientPlayRecognition: Not sending, data already sending
02-28 07:30:44.519  4745  3193 E AmbientPlayRecognition: 0 bytes recorded!?
02-28 07:30:46.018  4745  4787 D AmbientPlayRecognition: Not sending, data already sending
02-28 07:30:46.038  4745  4781 D AmbientPlayRecognition: Preparing to send audio data: 329728 bytes
02-28 07:30:46.038  4745  4781 D AmbientPlayRecognition: Sending mic data, 329728 bytes...
02-28 07:30:47.518  4745  3193 E AmbientPlayRecognition: 0 bytes recorded!?
02-28 07:30:49.028  4745  4796 D AmbientPlayRecognition: Not sending, data already sending
02-28 07:30:49.983  4745  4745 D AmbientPlayRecognition: Interrupting recorder thread
02-28 07:30:49.983  4745  4745 D AmbientPlayRecognition: Stopping recorder
02-28 07:30:49.983  4745  4775 D AmbientPlayRecognition: Broke out of recording loop, mResultGiven=false
02-28 07:30:49.985  4745  4798 D AmbientPlayRecognition: Not sending, data already sending
02-28 07:30:49.998   506  4774 D audio_hw_primary: in_standby: enter: stream (0xe30d43c0) usecase(16: audio-record)
02-28 07:30:50.049   506  4774 D audio_hw_primary: disable_audio_route: reset and update mixer path: audio-record
02-28 07:30:50.050   506  4774 D hardware_info: hw_info_append_hw_type : device_name = camcorder-mic
02-28 07:30:50.050   506  4774 D audio_hw_primary: disable_snd_device: snd_device(62: camcorder-mic)
02-28 07:30:50.060   506  4774 D audio_hw_primary: in_set_parameters: enter: kvpairs=routing=0
02-28 07:30:50.518  4745  3193 E AmbientPlayRecognition: 0 bytes recorded!?
02-28 07:30:53.518  4745  3193 E AmbientPlayRecognition: 0 bytes recorded!?
02-28 07:30:53.828   897  1091 D sensors_hal_Time: time_service_sensor1_cb: msg_type 2
02-28 07:30:53.829   897  1091 D sensors_hal_Time: time_service_sensor1_cb: Sn 24, msg Id 3, txn Id 0
02-28 07:30:53.829   897  1091 D sensors_hal_Time: tsOffsetIs: Apps: 51609258003877; DSPS: 1691100809; Offset : 956948959 (diff 4791 @5)
02-28 07:30:54.959  6115  6128 I zygote64: Background concurrent copying GC freed 96974(10MB) AllocSpace objects, 0(0B) LOS objects, 50% free, 10MB/20MB, paused 95us total 202.825ms
02-28 07:30:56.518  4745  3193 E AmbientPlayRecognition: 0 bytes recorded!?
02-28 07:30:58.311  4745  4781 D AmbientPlayRecognition: No match (Maybe we could not hear the track?)
02-28 07:30:58.312  4745  4781 D AmbientPlayRecognition: Reporting onNoMatch
02-28 07:30:59.518  4745  3193 E AmbientPlayRecognition: 0 bytes recorded!?
02-28 07:31:02.518  4745  3193 I chatty  : uid=10029(com.android.systemui) Thread-3924 identical 1 line
02-28 07:31:05.518  4745  3193 E AmbientPlayRecognition: 0 bytes recorded!?
02-28 07:31:08.322  4745  4745 V StatusBar: Will start listening again in 10 seconds
02-28 07:31:08.325   506   595 D audio_hw_primary: adev_open_input_stream: enter: sample_rate(11025) channel_mask(0x10) devices(0x80000080)        stream_handle(0xe5e19d80) io_handle(5094) source(5)
02-28 07:31:08.331   506  4809 I AudioFlinger: AudioFlinger's thread 0xe0e24340 tid=4809 ready to run
02-28 07:31:08.331   506  4809 D audio_hw_primary: in_standby: enter: stream (0xe5e19d80) usecase(16: audio-record)
02-28 07:31:08.335   506  4809 D audio_hw_primary: in_standby: enter: stream (0xe5e19d80) usecase(16: audio-record)
02-28 07:31:08.343   506  4809 D audio_hw_primary: in_set_parameters: enter: kvpairs=input_source=5;routing=-2147483520
02-28 07:31:08.348  4745  4810 D AmbientPlayRecognition: Started reading recorder...
02-28 07:31:08.348   506  4811 D audio_hw_primary: start_input_stream: enter: stream(0xe5e19d80)usecase(16: audio-record)
02-28 07:31:08.349   506  4811 E audio_hw_extn: audio_extn_perf_lock_acquire: Failed to acquire perf lock, err: -1
02-28 07:31:08.349   506  4811 D audio_hw_primary: select_devices: out_snd_device(0: ) in_snd_device(62: camcorder-mic)
02-28 07:31:08.349   506  4811 D hardware_info: hw_info_append_hw_type : device_name = camcorder-mic
02-28 07:31:08.350   506  4811 D audio_hw_primary: enable_snd_device: snd_device(62: camcorder-mic)
02-28 07:31:08.350   506  4811 D audio_route: Apply path: camcorder-mic
02-28 07:31:08.362   506  4811 D ACDB-LOADER: ACDB -> send_audio_cal, acdb_id = 4, path =  1
02-28 07:31:08.363   506  4811 D ACDB-LOADER: ACDB -> send_asm_topology
02-28 07:31:08.363   506  4811 D ACDB-LOADER: ACDB -> ACDB_CMD_GET_AUDPROC_STREAM_TOPOLOGY_ID
02-28 07:31:08.363   506  4811 D ACDB-LOADER: ACDB -> send_adm_topology
02-28 07:31:08.363   506  4811 D ACDB-LOADER: ACDB -> ACDB_CMD_GET_AUDPROC_COMMON_TOPOLOGY_ID
02-28 07:31:08.363   506  4811 D ACDB-LOADER: ACDB -> send_audtable
02-28 07:31:08.363   506  4811 D ACDB-LOADER: ACDB -> ACDB_CMD_GET_AUDPROC_COMMON_TABLE
02-28 07:31:08.363   506  4811 D ACDB-LOADER: ACDB -> AUDIO_SET_AUDPROC_CAL
02-28 07:31:08.363   506  4811 D ACDB-LOADER: ACDB -> send_audvoltable
02-28 07:31:08.363   506  4811 D ACDB-LOADER: ACDB -> ACDB_CMD_GET_AUDPROC_GAIN_DEP_STEP_TABLE
02-28 07:31:08.363   506  4811 D         : Failed to fetch the lookup information of the device 00000004 
02-28 07:31:08.363   506  4811 E ACDB-LOADER: Error: ACDB AudProc vol returned = -19
02-28 07:31:08.364   506  4811 D ACDB-LOADER: ACDB -> AUDIO_SET_AUDPROC_VOL_CAL
02-28 07:31:08.364   506  4811 D ACDB-LOADER: ACDB -> send_afe_cal
02-28 07:31:08.364   506  4811 D ACDB-LOADER: ACDB -> ACDB_CMD_GET_AFE_COMMON_TABLE
02-28 07:31:08.364   506  4811 D         : Failed to fetch the lookup information of the device 00000004 
02-28 07:31:08.364   506  4811 E ACDB-LOADER: Error: ACDB AFE returned = -19
02-28 07:31:08.364   506  4811 D ACDB-LOADER: ACDB -> AUDIO_SET_AFE_CAL
02-28 07:31:08.364   506  4811 D ACDB-LOADER: ACDB -> send_hw_delay : acdb_id = 4 path = 1
02-28 07:31:08.364   506  4811 D ACDB-LOADER: ACDB -> ACDB_AVSYNC_INFO: ACDB_CMD_GET_DEVICE_PROPERTY
02-28 07:31:08.364   506  4811 D audio_hw_primary: enable_audio_route: apply mixer and update path: audio-record
02-28 07:31:08.364   506  4811 D audio_route: Apply path: audio-record
02-28 07:31:08.366   506  4811 D audio_hw_primary: select_devices: done
02-28 07:31:08.449   506  4811 E audio_hw_extn: audio_extn_perf_lock_release: Perf lock release error 
02-28 07:31:08.449   506  4811 D audio_hw_primary: start_input_stream: exit
02-28 07:31:08.518  4745  3193 E AmbientPlayRecognition: 0 bytes recorded!?
02-28 07:31:11.518  4745  3193 E AmbientPlayRecognition: 0 bytes recorded!?
02-28 07:31:12.273  4745  4814 D AmbientPlayRecognition: Preparing to send audio data: 83968 bytes
02-28 07:31:12.274  4745  4814 D AmbientPlayRecognition: Sending mic data, 83968 bytes...
02-28 07:31:13.831   897  1091 D sensors_hal_Time: time_service_sensor1_cb: msg_type 2
02-28 07:31:13.831   897  1091 D sensors_hal_Time: time_service_sensor1_cb: Sn 24, msg Id 3, txn Id 0
02-28 07:31:13.831   897  1091 D sensors_hal_Time: tsOffsetIs: Apps: 51629260509650; DSPS: 1691756251; Offset : 956952994 (diff 5990 @5)
02-28 07:31:14.369  4745  4819 D AmbientPlayRecognition: Not sending, data already sending
02-28 07:31:14.518  4745  3193 E AmbientPlayRecognition: 0 bytes recorded!?
02-28 07:31:14.723  4745  4814 D AmbientPlayRecognition: No match (Maybe we could not hear the track?)
02-28 07:31:17.518  4745  3193 E AmbientPlayRecognition: 0 bytes recorded!?
02-28 07:31:19.714  4745  4820 D AmbientPlayRecognition: Preparing to send audio data: 247808 bytes
02-28 07:31:19.715  4745  4820 D AmbientPlayRecognition: Sending mic data, 247808 bytes...
02-28 07:31:20.384  4745  4822 D AmbientPlayRecognition: Not sending, data already sending
02-28 07:31:20.518  4745  3193 E AmbientPlayRecognition: 0 bytes recorded!?
02-28 07:31:23.390  4745  4823 D AmbientPlayRecognition: Not sending, data already sending
02-28 07:31:23.518  4745  3193 E AmbientPlayRecognition: 0 bytes recorded!?
02-28 07:31:26.399  4745  4826 D AmbientPlayRecognition: Not sending, data already sending
02-28 07:31:26.518  4745  3193 E AmbientPlayRecognition: 0 bytes recorded!?
02-28 07:31:27.367  4745  4745 D AmbientPlayRecognition: Interrupting recorder thread
02-28 07:31:27.367  4745  4745 D AmbientPlayRecognition: Stopping recorder
02-28 07:31:27.369  4745  4810 D AmbientPlayRecognition: Broke out of recording loop, mResultGiven=false
02-28 07:31:27.371  4745  4827 D AmbientPlayRecognition: Not sending, data already sending
02-28 07:31:27.389   506  4809 D audio_hw_primary: in_standby: enter: stream (0xe5e19d80) usecase(16: audio-record)
02-28 07:31:27.443   506  4809 D audio_hw_primary: disable_audio_route: reset and update mixer path: audio-record
02-28 07:31:27.445   506  4809 D hardware_info: hw_info_append_hw_type : device_name = camcorder-mic
02-28 07:31:27.445   506  4809 D audio_hw_primary: disable_snd_device: snd_device(62: camcorder-mic)
02-28 07:31:27.457   506  4809 D audio_hw_primary: in_set_parameters: enter: kvpairs=routing=0
02-28 07:31:29.518  4745  3193 E AmbientPlayRecognition: 0 bytes recorded!?
02-28 07:31:31.523  4745  4820 D AmbientPlayRecognition: No match (Maybe we could not hear the track?)
02-28 07:31:31.523  4745  4820 D AmbientPlayRecognition: Reporting onNoMatch
02-28 07:31:32.518  4745  3193 E AmbientPlayRecognition: 0 bytes recorded!?
02-28 07:31:33.834   897  1091 D sensors_hal_Time: time_service_sensor1_cb: msg_type 2
02-28 07:31:33.834   897  1091 D sensors_hal_Time: time_service_sensor1_cb: Sn 24, msg Id 3, txn Id 0
02-28 07:31:33.834   897  1091 D sensors_hal_Time: tsOffsetIs: Apps: 51649263205788; DSPS: 1692411699; Offset : 956963611 (diff 6771 @5)
02-28 07:31:35.518  4745  3193 E AmbientPlayRecognition: 0 bytes recorded!?
02-28 07:31:38.518  4745  3193 I chatty  : uid=10029(com.android.systemui) Thread-3924 identical 1 line
02-28 07:31:41.518  4745  3193 E AmbientPlayRecognition: 0 bytes recorded!?
02-28 07:31:41.536  4745  4745 V StatusBar: Will start listening again in 10 seconds
02-28 07:31:41.541   506  8642 D audio_hw_primary: adev_open_input_stream: enter: sample_rate(11025) channel_mask(0x10) devices(0x80000080)        stream_handle(0xe5e1a080) io_handle(5102) source(5)
02-28 07:31:41.545   506  4832 I AudioFlinger: AudioFlinger's thread 0xe1c8ae80 tid=4832 ready to run
02-28 07:31:41.545   506  4832 D audio_hw_primary: in_standby: enter: stream (0xe5e1a080) usecase(16: audio-record)
02-28 07:31:41.547   506  4832 D audio_hw_primary: in_standby: enter: stream (0xe5e1a080) usecase(16: audio-record)
02-28 07:31:41.559   506  4832 D audio_hw_primary: in_set_parameters: enter: kvpairs=input_source=5;routing=-2147483520
02-28 07:31:41.563  4745  4834 D AmbientPlayRecognition: Started reading recorder...
02-28 07:31:41.565   506  4833 D audio_hw_primary: start_input_stream: enter: stream(0xe5e1a080)usecase(16: audio-record)
02-28 07:31:41.566   506  4833 E audio_hw_extn: audio_extn_perf_lock_acquire: Failed to acquire perf lock, err: -1
